18:48:13.935 [info] PromEx is starting a standalone metrics server on port 4021 over http
18:48:14.122 [warning] PromEx.LifecycleAnnotator failed to create start annotation in Grafana: "connection refused"
18:48:14.123 [error] PromEx.DashboardUploader (#PID<0.355.0>) failed to retrieve the dashboard folderId from Grafana (http://localhost:3000) because: {:error, "connection refused"}
18:48:14.154 [info] PatternServer: Loading initial patterns...
18:48:14.154 [info] The function passed as a handler with ID "Elixir.RsolvApi.Security.PatternTelemetry-pattern-fetch" is a local function.
This means that it is either an anonymous function or a capture of a function without a module specified. That may cause a performance penalty when calling that handler. For more details see the note in `telemetry:attach/4` documentation.

https://hexdocs.pm/telemetry/telemetry.html#attach/4
18:48:14.169 [info] The function passed as a handler with ID "Elixir.RsolvApi.Security.PatternTelemetry-pattern-cache-hit" is a local function.
This means that it is either an anonymous function or a capture of a function without a module specified. That may cause a performance penalty when calling that handler. For more details see the note in `telemetry:attach/4` documentation.

https://hexdocs.pm/telemetry/telemetry.html#attach/4
18:48:14.169 [info] The function passed as a handler with ID "Elixir.RsolvApi.Security.PatternTelemetry-pattern-cache-miss" is a local function.
This means that it is either an anonymous function or a capture of a function without a module specified. That may cause a performance penalty when calling that handler. For more details see the note in `telemetry:attach/4` documentation.

https://hexdocs.pm/telemetry/telemetry.html#attach/4
18:48:14.169 [info] The function passed as a handler with ID "Elixir.RsolvApi.Security.PatternTelemetry-pattern-compile" is a local function.
This means that it is either an anonymous function or a capture of a function without a module specified. That may cause a performance penalty when calling that handler. For more details see the note in `telemetry:attach/4` documentation.

https://hexdocs.pm/telemetry/telemetry.html#attach/4
18:48:14.169 [info] The function passed as a handler with ID "Elixir.RsolvApi.Security.PatternTelemetry-pattern-match" is a local function.
This means that it is either an anonymous function or a capture of a function without a module specified. That may cause a performance penalty when calling that handler. For more details see the note in `telemetry:attach/4` documentation.

https://hexdocs.pm/telemetry/telemetry.html#attach/4
18:48:14.169 [info] The function passed as a handler with ID "Elixir.RsolvApi.Security.PatternTelemetry-ai-review" is a local function.
This means that it is either an anonymous function or a capture of a function without a module specified. That may cause a performance penalty when calling that handler. For more details see the note in `telemetry:attach/4` documentation.

https://hexdocs.pm/telemetry/telemetry.html#attach/4
18:48:14.210 [info] Running RSOLVWeb.Endpoint with cowboy 2.13.0 at 0.0.0.0:4000 (http)
18:48:14.212 [info] Access RSOLVWeb.Endpoint at https://localhost
Running ExUnit with seed: 331648, max_cases: 64
Excluding tags: [:integration]

.....................................................................................................................................................................................................................................................................................................................................................................................18:48:17.453 [warning] Suspicious pattern detected: ~r/__import__/
...............................................................................................................................................................................................................................18:48:18.511 [info] AUDIT_EVENT: input_validation_failed
....18:48:18.511 [warning] Suspicious pattern detected: ~r/\beval\s*\(/
18:48:18.511 [info] AUDIT_EVENT: input_validation_failed
18:48:18.511 [warning] Suspicious pattern detected: ~r/\.\.[\/\\]/
18:48:18.511 [info] AUDIT_EVENT: input_validation_failed
.....................................................................................................18:48:19.683 [info] AUDIT_EVENT: rate_limit_exceeded
.18:48:19.683 [info] AUDIT_EVENT: rate_limit_exceeded
.18:48:19.684 [warning] Suspicious pattern detected: ~r/\beval\s*\(/
.18:48:19.684 [info] AUDIT_EVENT: input_validation_failed
.18:48:19.757 [warning] Suspicious pattern detected: ~r/`.*`/
.18:48:19.757 [info] AUDIT_EVENT: input_validation_failed
.18:48:19.757 [warning] Suspicious pattern detected: ~r/(\{|\[){50,}/
.18:48:19.757 [info] AUDIT_EVENT: input_validation_failed
.18:48:19.757 [warning] Suspicious pattern detected: ~r/\bshell_exec/
.18:48:19.757 [info] AUDIT_EVENT: input_validation_failed
.18:48:19.757 [warning] Suspicious pattern detected: ~r/instance_eval/
18:48:19.757 [info] AUDIT_EVENT: input_validation_failed
...................................................................................................................................................................................................................................................................................................
🔍 Testing Enhanced Pattern Format...

Pattern ID: js-eval-user-input
✅ Pattern has ast_enhancement/0 function

📋 AST Enhancement Data:
.........................................18:48:22.142 [error] Integrity check failed: expected 9d9d56051b7344b869e54a8ecebf1b39f21fe2449222bbdd135e9a608b216738, got f29bc64a9d3732b4b9035125fdb3285f5b6455778edca72414671e0ca3b2e0de
...................................................................................................................................................................18:48:22.395 [info] Cleaning up 1 expired sessions
......................................%{
  min_confidence: 0.8,
  ast_rules: %{
    node_type: "CallExpression",
    argument_analysis: %{
      first_arg_contains_user_input: true,
      is_string_type: true,
      not_static_string: true
    },
    callee: %{
      name: "eval",
      alternatives: ["Function", "setTimeout", "setInterval"]
    }
  },
  confidence_rules: %{
    base: 0.5,
    adjustments: %{
      "any_user_input_to_eval" => 0.3,
      "direct_req_body_to_eval" => 0.5,
      "in_build_tool" => -0.9,
      "json_parse_pattern" => -0.7,
      "static_math_expression" => -0.9,
      "url_params_to_eval" => 0.4,
      "uses_vm2_sandbox" => -0.8,
      "webpack_generated" => -1.0
    }
  },
  context_rules: %{
    exclude_paths: [~r/test/, ~r/spec/, ~r/__tests__/, ~r/build/, ~r/dist/],
    exclude_if_sandboxed: true,
    exclude_if_generated_code: true,
    exclude_if_json_parse_only: true,
    exclude_if_math_only: true,
    high_risk_sources: ["req.body", "req.query", "localStorage",
     "location.search"]
  }
}

🔄 Testing JSON serialization...
.....................................................................................................................................................................................................................................................................................18:48:24.598 [info] Cleaning up 2 expired sessions
...............18:48:24.751 [debug] QUERY OK source="fix_attempts" db=937.9ms queue=822.2ms
INSERT INTO "fix_attempts" ("status","metadata","currency","repo_name","github_org","issue_number","pr_number","billing_status","platform","requires_manual_approval","inserted_at","updated_at") VALUES ($1,$2,$3,$4,$5,$6,$7,$8,$9,$10,$11,$12) RETURNING "id" ["pending", %{}, "USD", "test-repo", "test-org", 10, 42, "not_billed", "github", true, ~N[2025-07-03 00:48:21], ~N[2025-07-03 00:48:21]]
.....................................................................................................................................................................................**********.....................18:48:25.712 [info] Routing GitHub event: "pull_request"
......................................................❌ JSON encoding failed: %UndefinedFunctionError{module: RSOLVApi.Security.Patterns.JSONSerializer, function: :encode!, arity: 1, reason: nil, message: nil}
.........................................................................................18:48:26.550 [info] Handling pull_request event with action: "closed"
18:48:26.563 request_id=GE6XVysDayWweRoAAE0B [info] GET /api/v1/patterns
18:48:26.563 request_id=GE6XVyqRe-HEvbQAADwG [info] POST /api/v1/vulnerabilities/validate
18:48:26.563 request_id=GE6XVyqBlYJsaZ4AAEyB [info] POST /api/v1/vulnerabilities/validate
.................................18:48:26.853 [debug] Parser response received
...........18:48:26.994 [debug] Parser response received
.......................................................................................................................18:48:27.937 [debug] Parser response received
.18:48:27.976 [debug] Parser response received
.........................................................18:48:28.186 [debug] Parser response received
...........................................................................................................................................................................................................................................................................................18:48:29.564 [debug] QUERY OK source="fix_attempts" db=975.1ms queue=0.6ms
SELECT f0."id", f0."github_org", f0."repo_name", f0."issue_number", f0."pr_number", f0."status", f0."merged_at", f0."billing_status", f0."requires_manual_approval", f0."approved_by", f0."approved_at", f0."approval_notes", f0."platform", f0."customer_id", f0."api_key_used", f0."pr_title", f0."pr_url", f0."issue_title", f0."issue_url", f0."commit_sha", f0."merged_by", f0."metadata", f0."amount", f0."currency", f0."billed_at", f0."refunded_at", f0."inserted_at", f0."updated_at" FROM "fix_attempts" AS f0 WHERE (((f0."github_org" = $1) AND (f0."repo_name" = $2)) AND (f0."pr_number" = $3)) ["test-org", "test-repo", 42]
.18:48:29.688 [debug] Pattern cache hit
.18:48:29.688 [debug] Pattern fetch completed
......18:48:29.699 [info] PatternAdapter loading patterns for python: found 12 patterns
.18:48:29.700 [debug] Pattern cache hit
.18:48:29.700 [debug] Pattern fetch completed
.18:48:29.703 [info] PatternAdapter loading patterns for javascript: found 30 patterns
...............................................................................................................................18:48:30.316 [debug] QUERY OK source="fix_attempts" db=3.2ms queue=4.5ms
UPDATE "fix_attempts" SET "status" = $1, "merged_at" = $2, "updated_at" = $3 WHERE "id" = $4 ["merged", ~U[2025-07-03 00:48:29.564452Z], ~N[2025-07-03 00:48:29], 1377]
..18:48:30.317 [info] Routing GitHub event: "issues"
.18:48:30.318 [debug] Signature verification - received: sha256=d7459b1abbcaacb815fba09fa22178f9728c2c341401ace578b4599509ef6659
18:48:30.318 [debug] Signature verification - expected: sha256=d7459b1abbcaacb815fba09fa22178f9728c2c341401ace578b4599509ef6659
.....18:48:30.321 [info] Routing GitHub event: "unknown_event"
.18:48:30.321 [debug] Signature verification - received: sha256=invalid
.18:48:30.322 [debug] Signature verification - expected: sha256=d7459b1abbcaacb815fba09fa22178f9728c2c341401ace578b4599509ef6659
......................................18:48:30.596 [debug] Pattern cache hit
18:48:30.596 [debug] Pattern fetch completed
.18:48:30.597 [info] PatternAdapter loading patterns for python: found 12 patterns
.18:48:30.597 [debug] Pattern cache hit
18:48:30.597 [debug] Pattern fetch completed
18:48:30.597 [info] PatternAdapter loading patterns for ruby: found 20 patterns
18:48:30.597 [debug] Pattern cache hit
18:48:30.597 [debug] Pattern fetch completed
18:48:30.597 [info] PatternAdapter loading patterns for javascript: found 30 patterns
18:48:30.597 [debug] Pattern cache miss
..........................................................................................................18:48:30.912 [debug] Pattern cache miss
...................................................................................................................................................................................................................18:48:31.225 request_id=GE6XVysDayWweRoAAE0B [debug] Processing with RSOLVWeb.Api.V1.PatternController.index/2
  Parameters: %{"format" => "enhanced", "language" => "php"}
  Pipelines: [:api]
18:48:31.225 request_id=GE6XVyqRe-HEvbQAADwG [debug] Processing with RSOLVWeb.Api.V1.VulnerabilityValidationController.validate/2
  Parameters: %{"files" => %{"test.js" => "// eval(userInput)\nconsole.log('safe');"}, "vulnerabilities" => [%{"code" => "// eval(userInput)", "filePath" => "test.js", "id" => "test-vuln", "line" => 1, "patternId" => "eval-injection", "severity" => "critical"}]}
  Pipelines: [:api]
18:48:31.225 request_id=GE6XVyqBlYJsaZ4AAEyB [debug] Processing with RSOLVWeb.Api.V1.VulnerabilityValidationController.validate/2
  Parameters: %{}
  Pipelines: [:api]
18:48:31.253 request_id=GE6XVysDayWweRoAAE0B [info] Pattern API called with params: %{"format" => "enhanced", "language" => "php"}
18:48:31.253 request_id=GE6XVysDayWweRoAAE0B [info] Language: php, Format: enhanced
18:48:31.260 request_id=GE6XVyqBlYJsaZ4AAEyB [info] Sent 401 in 4708ms
18:48:31.263 request_id=GE6XVyqRe-HEvbQAADwG [info] Sent 200 in 4711ms
18:48:31.263 request_id=GE6XVysDayWweRoAAE0B [info] Has API key: true
18:48:31.263 request_id=GE6XVysDayWweRoAAE0B [info] Getting enhanced patterns for php
18:48:31.264 request_id=GE6XVysDayWweRoAAE0B [info] Retrieved 25 patterns
18:48:31.264 request_id=GE6XVysDayWweRoAAE0B [debug] Formatting pattern: "php-sql-injection-concat"
18:48:31.264 request_id=GE6XVysDayWweRoAAE0B [debug] Formatted pattern keys: ["astRules", "confidenceRules", "contextRules", "cweId", "description", "examples", "frameworks", "id", "languages", "minConfidence", "name", "owaspCategory", "recommendation", "regex", "regexPatterns", "severity", "supportsAst", "type"]
18:48:31.264 request_id=GE6XVysDayWweRoAAE0B [debug] Formatting pattern: "php-sql-injection-interpolation"
18:48:31.264 request_id=GE6XVysDayWweRoAAE0B [debug] Formatted pattern keys: ["astRules", "confidenceRules", "contextRules", "cweId", "description", "examples", "frameworks", "id", "languages", "minConfidence", "name", "owaspCategory", "recommendation", "regex", "regexPatterns", "severity", "supportsAst", "type"]
18:48:31.264 request_id=GE6XVysDayWweRoAAE0B [debug] Formatting pattern: "php-command-injection"
18:48:31.264 request_id=GE6XVysDayWweRoAAE0B [debug] Formatted pattern keys: ["astRules", "confidenceRules", "contextRules", "cweId", "description", "examples", "frameworks", "id", "languages", "minConfidence", "name", "owaspCategory", "recommendation", "regex", "regexPatterns", "severity", "supportsAst", "type"]
18:48:31.264 request_id=GE6XVysDayWweRoAAE0B [debug] Formatting pattern: "php-xss-echo"
18:48:31.264 request_id=GE6XVysDayWweRoAAE0B [debug] Formatted pattern keys: ["astRules", "confidenceRules", "contextRules", "cweId", "description", "examples", "frameworks", "id", "languages", "minConfidence", "name", "owaspCategory", "recommendation", "regex", "regexPatterns", "severity", "supportsAst", "type"]
18:48:31.264 request_id=GE6XVysDayWweRoAAE0B [debug] Formatting pattern: "php-xss-print"
18:48:31.264 request_id=GE6XVysDayWweRoAAE0B [debug] Formatted pattern keys: ["astRules", "confidenceRules", "contextRules", "cweId", "description", "examples", "frameworks", "id", "languages", "minConfidence", "name", "owaspCategory", "recommendation", "regex", "regexPatterns", "severity", "supportsAst", "type"]
18:48:31.264 request_id=GE6XVysDayWweRoAAE0B [debug] Formatting pattern: "php-file-inclusion"
18:48:31.264 request_id=GE6XVysDayWweRoAAE0B [debug] Formatted pattern keys: ["astRules", "confidenceRules", "contextRules", "cweId", "description", "examples", "frameworks", "id", "languages", "minConfidence", "name", "owaspCategory", "recommendation", "regex", "regexPatterns", "severity", "supportsAst", "type"]
18:48:31.264 request_id=GE6XVysDayWweRoAAE0B [debug] Formatting pattern: "php-file-upload-no-validation"
18:48:31.265 request_id=GE6XVysDayWweRoAAE0B [debug] Formatted pattern keys: ["astRules", "confidenceRules", "contextRules", "cweId", "description", "examples", "frameworks", "id", "languages", "minConfidence", "name", "owaspCategory", "recommendation", "regex", "regexPatterns", "severity", "supportsAst", "type"]
18:48:31.265 request_id=GE6XVysDayWweRoAAE0B [debug] Formatting pattern: "php-weak-password-hash"
18:48:31.265 request_id=GE6XVysDayWweRoAAE0B [debug] Formatted pattern keys: ["astRules", "confidenceRules", "contextRules", "cweId", "description", "examples", "frameworks", "id", "languages", "minConfidence", "name", "owaspCategory", "recommendation", "regex", "regexPatterns", "severity", "supportsAst", "type"]
18:48:31.265 request_id=GE6XVysDayWweRoAAE0B [debug] Formatting pattern: "php-hardcoded-credentials"
18:48:31.265 request_id=GE6XVysDayWweRoAAE0B [debug] Formatted pattern keys: ["astRules", "confidenceRules", "contextRules", "cweId", "description", "examples", "frameworks", "id", "languages", "minConfidence", "name", "owaspCategory", "recommendation", "regex", "regexPatterns", "severity", "supportsAst", "type"]
18:48:31.265 request_id=GE6XVysDayWweRoAAE0B [debug] Formatting pattern: "php-insecure-random"
18:48:31.265 request_id=GE6XVysDayWweRoAAE0B [debug] Formatted pattern keys: ["astRules", "confidenceRules", "contextRules", "cweId", "description", "examples", "frameworks", "id", "languages", "minConfidence", "name", "owaspCategory", "recommendation", "regex", "regexPatterns", "severity", "supportsAst", "type"]
18:48:31.265 request_id=GE6XVysDayWweRoAAE0B [debug] Formatting pattern: "php-unsafe-deserialization"
18:48:31.265 request_id=GE6XVysDayWweRoAAE0B [debug] Formatted pattern keys: ["astRules", "confidenceRules", "contextRules", "cweId", "description", "examples", "frameworks", "id", "languages", "minConfidence", "name", "owaspCategory", "recommendation", "regex", "regexPatterns", "severity", "supportsAst", "type"]
18:48:31.265 request_id=GE6XVysDayWweRoAAE0B [debug] Formatting pattern: "php-xxe-vulnerability"
18:48:31.265 request_id=GE6XVysDayWweRoAAE0B [debug] Formatted pattern keys: ["astRules", "confidenceRules", "contextRules", "cweId", "description", "examples", "frameworks", "id", "languages", "minConfidence", "name", "owaspCategory", "recommendation", "regex", "regexPatterns", "severity", "supportsAst", "type"]
18:48:31.265 request_id=GE6XVysDayWweRoAAE0B [debug] Formatting pattern: "php-path-traversal"
18:48:31.265 request_id=GE6XVysDayWweRoAAE0B [debug] Formatted pattern keys: ["astRules", "confidenceRules", "contextRules", "cweId", "description", "examples", "frameworks", "id", "languages", "minConfidence", "name", "owaspCategory", "recommendation", "regex", "regexPatterns", "severity", "supportsAst", "type"]
18:48:31.265 request_id=GE6XVysDayWweRoAAE0B [debug] Formatting pattern: "php-ssrf-vulnerability"
18:48:31.265 request_id=GE6XVysDayWweRoAAE0B [debug] Formatted pattern keys: ["astRules", "confidenceRules", "contextRules", "cweId", "description", "examples", "frameworks", "id", "languages", "minConfidence", "name", "owaspCategory", "recommendation", "regex", "regexPatterns", "severity", "supportsAst", "type"]
18:48:31.265 request_id=GE6XVysDayWweRoAAE0B [debug] Formatting pattern: "php-session-fixation"
18:48:31.265 request_id=GE6XVysDayWweRoAAE0B [debug] Formatted pattern keys: ["astRules", "confidenceRules", "contextRules", "cweId", "description", "examples", "frameworks", "id", "languages", "minConfidence", "name", "owaspCategory", "recommendation", "regex", "regexPatterns", "severity", "supportsAst", "type"]
18:48:31.265 request_id=GE6XVysDayWweRoAAE0B [debug] Formatting pattern: "php-weak-crypto"
18:48:31.265 request_id=GE6XVysDayWweRoAAE0B [debug] Formatted pattern keys: ["astRules", "confidenceRules", "contextRules", "cweId", "description", "examples", "frameworks", "id", "languages", "minConfidence", "name", "owaspCategory", "recommendation", "regex", "regexPatterns", "severity", "supportsAst", "type"]
18:48:31.265 request_id=GE6XVysDayWweRoAAE0B [debug] Formatting pattern: "php-ldap-injection"
18:48:31.265 request_id=GE6XVysDayWweRoAAE0B [debug] Formatted pattern keys: ["astRules", "confidenceRules", "contextRules", "cweId", "description", "examples", "frameworks", "id", "languages", "minConfidence", "name", "owaspCategory", "recommendation", "regex", "regexPatterns", "severity", "supportsAst", "type"]
18:48:31.265 request_id=GE6XVysDayWweRoAAE0B [debug] Formatting pattern: "php-xpath-injection"
18:48:31.265 request_id=GE6XVysDayWweRoAAE0B [debug] Formatted pattern keys: ["astRules", "confidenceRules", "contextRules", "cweId", "description", "examples", "frameworks", "id", "languages", "minConfidence", "name", "owaspCategory", "recommendation", "regex", "regexPatterns", "severity", "supportsAst", "type"]
18:48:31.265 request_id=GE6XVysDayWweRoAAE0B [debug] Formatting pattern: "php-eval-usage"
18:48:31.265 request_id=GE6XVysDayWweRoAAE0B [debug] Formatted pattern keys: ["astRules", "confidenceRules", "contextRules", "cweId", "description", "examples", "frameworks", "id", "languages", "minConfidence", "name", "owaspCategory", "recommendation", "regex", "regexPatterns", "severity", "supportsAst", "type"]
18:48:31.265 request_id=GE6XVysDayWweRoAAE0B [debug] Formatting pattern: "php-extract-usage"
18:48:31.265 request_id=GE6XVysDayWweRoAAE0B [debug] Formatted pattern keys: ["astRules", "confidenceRules", "contextRules", "cweId", "description", "examples", "frameworks", "id", "languages", "minConfidence", "name", "owaspCategory", "recommendation", "regex", "regexPatterns", "severity", "supportsAst", "type"]
18:48:31.265 request_id=GE6XVysDayWweRoAAE0B [debug] Formatting pattern: "php-register-globals"
18:48:31.265 request_id=GE6XVysDayWweRoAAE0B [debug] Formatted pattern keys: ["astRules", "confidenceRules", "contextRules", "cweId", "description", "examples", "frameworks", "id", "languages", "minConfidence", "name", "owaspCategory", "recommendation", "regex", "regexPatterns", "severity", "supportsAst", "type"]
18:48:31.265 request_id=GE6XVysDayWweRoAAE0B [debug] Formatting pattern: "php-open-redirect"
18:48:31.265 request_id=GE6XVysDayWweRoAAE0B [debug] Formatted pattern keys: ["astRules", "confidenceRules", "contextRules", "cweId", "description", "examples", "frameworks", "id", "languages", "minConfidence", "name", "owaspCategory", "recommendation", "regex", "regexPatterns", "severity", "supportsAst", "type"]
18:48:31.265 request_id=GE6XVysDayWweRoAAE0B [debug] Formatting pattern: "php-missing-csrf-token"
18:48:31.265 request_id=GE6XVysDayWweRoAAE0B [debug] Formatted pattern keys: ["astRules", "confidenceRules", "contextRules", "cweId", "description", "examples", "frameworks", "id", "languages", "minConfidence", "name", "owaspCategory", "recommendation", "regex", "regexPatterns", "severity", "supportsAst", "type"]
18:48:31.265 request_id=GE6XVysDayWweRoAAE0B [debug] Formatting pattern: "php-debug-mode-enabled"
18:48:31.265 request_id=GE6XVysDayWweRoAAE0B [debug] Formatted pattern keys: ["astRules", "confidenceRules", "contextRules", "cweId", "description", "examples", "frameworks", "id", "languages", "minConfidence", "name", "owaspCategory", "recommendation", "regex", "regexPatterns", "severity", "supportsAst", "type"]
18:48:31.265 request_id=GE6XVysDayWweRoAAE0B [debug] Formatting pattern: "php-error-display"
18:48:31.265 request_id=GE6XVysDayWweRoAAE0B [debug] Formatted pattern keys: ["astRules", "confidenceRules", "contextRules", "cweId", "description", "examples", "frameworks", "id", "languages", "minConfidence", "name", "owaspCategory", "recommendation", "regex", "regexPatterns", "severity", "supportsAst", "type"]
18:48:31.274 request_id=GE6XVysDayWweRoAAE0B [info] Sent 200 in 4722ms
.18:48:31.279 request_id=GE6XWHWfEBHEvbQAADuF [info] POST /api/v1/vulnerabilities/validate
.18:48:31.280 request_id=GE6XWHWfEBHEvbQAADuF [debug] Processing with RSOLVWeb.Api.V1.VulnerabilityValidationController.validate/2
  Parameters: %{"files" => %{"test.js" => "const x = 5; // eval(userInput); // TODO: fix this"}, "vulnerabilities" => [%{"code" => "eval(userInput); // TODO: fix this", "filePath" => "test.js", "id" => "test-vuln", "line" => 1, "patternId" => "eval-injection", "severity" => "critical"}]}
  Pipelines: [:api]
.18:48:31.280 request_id=GE6XWHWfEBHEvbQAADuF [info] Sent 200 in 301µs
.18:48:31.280 request_id=GE6XWHWlt-DEvbQAAFgD [info] POST /api/v1/vulnerabilities/validate
.18:48:31.280 request_id=GE6XWHWlt-DEvbQAAFgD [debug] Processing with RSOLVWeb.Api.V1.VulnerabilityValidationController.validate/2
  Parameters: %{"files" => %{"test.js" => "// This is safe\neval(userInput);\n// Another comment"}, "vulnerabilities" => [%{"code" => "eval(userInput)", "filePath" => "test.js", "id" => "test-vuln", "line" => 2, "patternId" => "eval-injection", "severity" => "critical"}]}
  Pipelines: [:api]
.18:48:31.280 request_id=GE6XWHWlt-DEvbQAAFgD [info] Sent 200 in 206µs
18:48:31.281 request_id=GE6XWHWyBHEfxa8AAFiD [info] POST /api/v1/vulnerabilities/validate
18:48:31.281 request_id=GE6XWHWy6pidLq4AAC-C [info] POST /api/v1/vulnerabilities/validate
.18:48:31.281 request_id=GE6XWHWyBHEfxa8AAFiD [debug] Processing with RSOLVWeb.Api.V1.VulnerabilityValidationController.validate/2
  Parameters: %{"files" => %{"app/routes/contributions.js" => "const express = require('express');\nconst router = express.Router();\n\nrouter.post('/calculate', (req, res) => {\n  // Line 32: Unsafe eval with user input\n  const preTax = eval(req.body.preTax);\n  const afterTax = preTax * 0.9;\n  res.json({ afterTax });\n});\n\nmodule.exports = router;\n"}, "vulnerabilities" => [%{"code" => "const preTax = eval(req.body.preTax);", "filePath" => "app/routes/contributions.js", "id" => "vuln-123", "line" => 32, "patternId" => "js-eval-injection", "severity" => "critical"}]}
  Pipelines: [:api]
18:48:31.281 request_id=GE6XWHWy6pidLq4AAC-C [debug] Processing with RSOLVWeb.Api.V1.VulnerabilityValidationController.validate/2
  Parameters: %{"files" => %{"test.js" => "function broken() { eval("}, "vulnerabilities" => [%{"code" => "eval(", "filePath" => "test.js", "id" => "test-vuln", "line" => 1, "patternId" => "eval-injection", "severity" => "critical"}]}
  Pipelines: [:api]
18:48:31.281 request_id=GE6XWHWy6pidLq4AAC-C [info] Sent 200 in 196µs
.18:48:31.281 request_id=GE6XWHWyBHEfxa8AAFiD [info] Sent 200 in 267µs
18:48:31.281 request_id=GE6XWHW3JKCdLq4AADAC [info] POST /api/v1/vulnerabilities/validate
.18:48:31.281 request_id=GE6XWHW3JKCdLq4AADAC [debug] Processing with RSOLVWeb.Api.V1.VulnerabilityValidationController.validate/2
  Parameters: %{"files" => %{"test.js" => "eval(user\\nInput);"}, "vulnerabilities" => [%{"code" => "eval(user\\nInput)", "filePath" => "test.js", "id" => "test-vuln", "line" => 1, "patternId" => "eval-injection", "severity" => "critical"}]}
  Pipelines: [:api]
.18:48:31.281 request_id=GE6XWHW3JKCdLq4AADAC [info] Sent 200 in 185µs
18:48:31.281 request_id=GE6XWHW67pKdLq4AADCC [info] POST /api/v1/vulnerabilities/validate
18:48:31.281 request_id=GE6XWHW67pKdLq4AADCC [debug] Processing with RSOLVWeb.Api.V1.VulnerabilityValidationController.validate/2
  Parameters: %{"files" => %{"test.js" => "const rocket = eval('🚀');"}, "vulnerabilities" => [%{"code" => "eval('🚀')", "filePath" => "test.js", "id" => "test-vuln", "line" => 1, "patternId" => "eval-injection", "severity" => "critical"}]}
  Pipelines: [:api]
......18:48:31.281 request_id=GE6XWHW67pKdLq4AADCC [info] Sent 200 in 110µs
18:48:31.282 request_id=GE6XWHXAhu7mtgMAADEC [info] POST /api/v1/vulnerabilities/validate
18:48:31.282 request_id=GE6XWHXAhu7mtgMAADEC [debug] Processing with RSOLVWeb.Api.V1.VulnerabilityValidationController.validate/2
  Parameters: %{"files" => %{}, "vulnerabilities" => [%{"code" => "eval(x)", "filePath" => "missing.js", "id" => "vuln-789", "line" => 10, "patternId" => "js-eval-injection", "severity" => "critical"}]}
  Pipelines: [:api]
18:48:31.282 request_id=GE6XWHXAhu7mtgMAADEC [info] Sent 200 in 100µs
18:48:31.282 request_id=GE6XWHXE-rBR9GAAADGC [info] POST /api/v1/vulnerabilities/validate
18:48:31.282 request_id=GE6XWHXE-rBR9GAAADGC [debug] Processing with RSOLVWeb.Api.V1.VulnerabilityValidationController.validate/2
  Parameters: %{"files" => %{"test.js" => "/*\n eval(userInput)\n*/\nconsole.log('safe');"}, "vulnerabilities" => [%{"code" => "eval(userInput)", "filePath" => "test.js", "id" => "test-vuln", "line" => 2, "patternId" => "eval-injection", "severity" => "critical"}]}
  Pipelines: [:api]
18:48:31.282 request_id=GE6XWHXE-rBR9GAAADGC [info] Sent 200 in 149µs
18:48:31.282 request_id=GE6XWHXIe2dR9GAAADIC [info] POST /api/v1/vulnerabilities/validate
18:48:31.282 request_id=GE6XWHXIe2dR9GAAADIC [debug] Processing with RSOLVWeb.Api.V1.VulnerabilityValidationController.validate/2
  Parameters: %{"files" => %{"test.js" => "/**\n * This is bad:\n * eval(userInput)\n */"}, "vulnerabilities" => [%{"code" => "* eval(userInput)", "filePath" => "test.js", "id" => "test-vuln", "line" => 3, "patternId" => "eval-injection", "severity" => "critical"}]}
  Pipelines: [:api]
18:48:31.282 request_id=GE6XWHXIe2dR9GAAADIC [info] Sent 200 in 117µs
18:48:31.282 request_id=GE6XWHXMJW5-p0oAAHAB [info] POST /api/v1/vulnerabilities/validate
18:48:31.283 request_id=GE6XWHXMJW5-p0oAAHAB [debug] Processing with RSOLVWeb.Api.V1.VulnerabilityValidationController.validate/2
  Parameters: %{"files" => %{"app/utils/safe.js" => "const safeCalculate = (expression) => {\n  // Don't use eval() - it's dangerous\n  // Instead use a safe math parser\n  return mathParser.evaluate(expression);\n};\n"}, "vulnerabilities" => [%{"code" => "// Don't use eval() - it's dangerous", "filePath" => "app/utils/safe.js", "id" => "vuln-456", "line" => 2, "patternId" => "js-eval-injection", "severity" => "critical"}]}
  Pipelines: [:api]
18:48:31.283 request_id=GE6XWHXMJW5-p0oAAHAB [info] Sent 200 in 160µs
18:48:31.283 request_id=GE6XWHXPuehpcLMAADKC [info] POST /api/v1/vulnerabilities/validate
18:48:31.283 request_id=GE6XWHXPuehpcLMAADKC [debug] Processing with RSOLVWeb.Api.V1.VulnerabilityValidationController.validate/2
  Parameters: %{"files" => %{"test.js" => "message = 'exec() is bad'"}, "vulnerabilities" => [%{"code" => "message = 'exec() is bad'", "filePath" => "test.js", "id" => "test-vuln", "line" => 1, "patternId" => "eval-injection", "severity" => "critical"}]}
  Pipelines: [:api]
18:48:31.283 request_id=GE6XWHXPuehpcLMAADKC [info] Sent 200 in 149µs
18:48:31.283 request_id=GE6XWHXTNkhpcLMAADMC [info] POST /api/v1/vulnerabilities/validate
18:48:31.283 request_id=GE6XWHXTNkhpcLMAADMC [debug] Processing with RSOLVWeb.Api.V1.VulnerabilityValidationController.validate/2
  Parameters: %{"files" => %{"test.js" => "doc = '''exec(user_input)'''"}, "vulnerabilities" => [%{"code" => "doc = '''exec(user_input)'''", "filePath" => "test.js", "id" => "test-vuln", "line" => 1, "patternId" => "eval-injection", "severity" => "critical"}]}
  Pipelines: [:api]
18:48:31.283 request_id=GE6XWHXTNkhpcLMAADMC [info] Sent 200 in 102µs
18:48:31.283 request_id=GE6XWHXYtV30OpsAADOC [info] POST /api/v1/vulnerabilities/validate
18:48:31.283 request_id=GE6XWHXYtV30OpsAADOC [debug] Processing with RSOLVWeb.Api.V1.VulnerabilityValidationController.validate/2
  Parameters: %{"files" => %{"file1.js" => "function process(userInput) { return eval(userInput); }", "file2.js" => "const safe = 'eval is bad'; // This is just a string"}, "vulnerabilities" => [%{"code" => "eval(userInput)", "filePath" => "file1.js", "id" => "vuln-1", "line" => 1, "patternId" => "js-eval-injection", "severity" => "critical"}, %{"code" => "const safe = 'eval is bad'", "filePath" => "file2.js", "id" => "vuln-2", "line" => 1, "patternId" => "js-eval-injection", "severity" => "critical"}]}
  Pipelines: [:api]
18:48:31.283 request_id=GE6XWHXaRZ_R7LgAAHCB [info] POST /api/v1/vulnerabilities/validate
18:48:31.283 request_id=GE6XWHXaRZ_R7LgAAHCB [debug] Processing with RSOLVWeb.Api.V1.VulnerabilityValidationController.validate/2
  Parameters: %{"files" => %{"test.js" => "def execute\n  result = eval(params[:code])\n  render json: { result: result }\nend\n"}, "vulnerabilities" => [%{"code" => "eval(params[:code])", "filePath" => "test.js", "id" => "test-vuln", "line" => 3, "patternId" => "eval-injection", "severity" => "critical"}]}
  Pipelines: [:api]
18:48:31.284 request_id=GE6XWHXaRZ_R7LgAAHCB [info] Sent 200 in 145µs
18:48:31.284 request_id=GE6XWHXf4sUAwNAAADQH [info] GET /api/v1/patterns
18:48:31.284 request_id=GE6XWHXf4sUAwNAAADQH [debug] Processing with RSOLVWeb.Api.V1.PatternController.index/2
  Parameters: %{"format" => "enhanced", "language" => "php"}
  Pipelines: [:api]
18:48:31.284 request_id=GE6XWHXf4sUAwNAAADQH [info] Pattern API called with params: %{"format" => "enhanced", "language" => "php"}
18:48:31.284 request_id=GE6XWHXf4sUAwNAAADQH [info] Language: php, Format: enhanced
18:48:31.284 request_id=GE6XWHXf4sUAwNAAADQH [info] Has API key: false
18:48:31.284 request_id=GE6XWHXf4sUAwNAAADQH [info] Getting demo patterns for php
18:48:31.284 request_id=GE6XWHXkfZe0i48AAFkD [info] POST /api/v1/vulnerabilities/validate
18:48:31.284 request_id=GE6XWHXkfZe0i48AAFkD [debug] Processing with RSOLVWeb.Api.V1.VulnerabilityValidationController.validate/2
  Parameters: %{"files" => %{"test.js" => "const warning = 'Never use eval()';"}, "vulnerabilities" => [%{"code" => "const warning = 'Never use eval()'", "filePath" => "test.js", "id" => "test-vuln", "line" => 1, "patternId" => "eval-injection", "severity" => "critical"}]}
  Pipelines: [:api]
18:48:31.284 request_id=GE6XWHXkfZe0i48AAFkD [info] Sent 200 in 184µs
18:48:31.284 request_id=GE6XWHXo1hO0i48AADwF [info] POST /api/v1/vulnerabilities/validate
18:48:31.284 request_id=GE6XWHXo1hO0i48AADwF [debug] Processing with RSOLVWeb.Api.V1.VulnerabilityValidationController.validate/2
  Parameters: %{"files" => %{"test.js" => "const msg = \"eval() is dangerous\";"}, "vulnerabilities" => [%{"code" => "const msg = \"eval() is dangerous\"", "filePath" => "test.js", "id" => "test-vuln", "line" => 1, "patternId" => "eval-injection", "severity" => "critical"}]}
  Pipelines: [:api]
18:48:31.285 request_id=GE6XWHXo1hO0i48AADwF [info] Sent 200 in 177µs
18:48:31.285 request_id=GE6XWHXs9h20i48AADyF [info] POST /api/v1/vulnerabilities/validate
18:48:31.285 request_id=GE6XWHXs9h20i48AADyF [debug] Processing with RSOLVWeb.Api.V1.VulnerabilityValidationController.validate/2
  Parameters: %{"files" => %{"test.js" => "const template = `Don't use eval()`;"}, "vulnerabilities" => [%{"code" => "const template = `Don't use eval()`", "filePath" => "test.js", "id" => "test-vuln", "line" => 1, "patternId" => "eval-injection", "severity" => "critical"}]}
  Pipelines: [:api]
18:48:31.285 request_id=GE6XWHXs9h20i48AADyF [info] Sent 200 in 163µs
18:48:31.285 request_id=GE6XWHXw2sG0i48AAD0F [info] POST /api/v1/vulnerabilities/validate
18:48:31.285 request_id=GE6XWHXw2sG0i48AAD0F [debug] Processing with RSOLVWeb.Api.V1.VulnerabilityValidationController.validate/2
  Parameters: %{"files" => %{"test.js" => "const result = eval(userInput);"}, "vulnerabilities" => [%{"code" => "eval(userInput)", "filePath" => "test.js", "id" => "test-vuln", "line" => 1, "patternId" => "eval-injection", "severity" => "critical"}]}
  Pipelines: [:api]
18:48:31.285 request_id=GE6XWHXw2sG0i48AAD0F [info] Sent 200 in 174µs
18:48:31.285 request_id=GE6XWHX41t16MfsAAFmD [info] POST /api/v1/vulnerabilities/validate
18:48:31.285 request_id=GE6XWHX41t16MfsAAFmD [debug] Processing with RSOLVWeb.Api.V1.VulnerabilityValidationController.validate/2
  Parameters: %{"files" => %{"test.js" => "# exec(user_input)\nprint('safe')"}, "vulnerabilities" => [%{"code" => "# exec(user_input)", "filePath" => "test.js", "id" => "test-vuln", "line" => 1, "patternId" => "eval-injection", "severity" => "critical"}]}
  Pipelines: [:api]
18:48:31.286 request_id=GE6XWHX41t16MfsAAFmD [info] Sent 200 in 172µs
18:48:31.286 request_id=GE6XWHX9Cs96MfsAAD2F [info] POST /api/v1/vulnerabilities/validate
18:48:31.286 request_id=GE6XWHX9Cs96MfsAAD2F [debug] Processing with RSOLVWeb.Api.V1.VulnerabilityValidationController.validate/2
  Parameters: %{"files" => %{"test.js" => "\"\"\"\nDangerous:\nexec(user_input)\n\"\"\"\nprint('safe')"}, "vulnerabilities" => [%{"code" => "exec(user_input)", "filePath" => "test.js", "id" => "test-vuln", "line" => 3, "patternId" => "eval-injection", "severity" => "critical"}]}
  Pipelines: [:api]
18:48:31.286 request_id=GE6XWHX9Cs96MfsAAD2F [info] Sent 200 in 167µs
18:48:31.286 request_id=GE6XWHYEdBH7QhQAAD4F [info] POST /api/v1/vulnerabilities/validate
18:48:31.286 request_id=GE6XWHYEdBH7QhQAAD4F [debug] Processing with RSOLVWeb.Api.V1.VulnerabilityValidationController.validate/2
  Parameters: %{"files" => %{"test.js" => "<?php\nif (isset($_POST['code'])) {\n    $result = eval($_POST['code']);\n    echo $result;\n}\n?>\n"}, "vulnerabilities" => [%{"code" => "eval($_POST['code'])", "filePath" => "test.js", "id" => "test-vuln", "line" => 5, "patternId" => "eval-injection", "severity" => "critical"}]}
  Pipelines: [:api]
18:48:31.286 request_id=GE6XWHYEdBH7QhQAAD4F [info] Sent 200 in 192µs
18:48:31.283 request_id=GE6XWHXYtV30OpsAADOC [info] Sent 200 in 181µs
18:48:31.288 request_id=GE6XWHYfipsHVGcAAHEB [info] POST /api/v1/vulnerabilities/validate
18:48:31.288 request_id=GE6XWHYfipsHVGcAAHEB [debug] Processing with RSOLVWeb.Api.V1.VulnerabilityValidationController.validate/2
  Parameters: %{"files" => %{"test.js" => "# eval(user_input)\nputs 'safe'"}, "vulnerabilities" => [%{"code" => "# eval(user_input)", "filePath" => "test.js", "id" => "test-vuln", "line" => 1, "patternId" => "eval-injection", "severity" => "critical"}]}
  Pipelines: [:api]
18:48:31.288 request_id=GE6XWHYfipsHVGcAAHEB [info] Sent 200 in 229µs
18:48:31.288 request_id=GE6XWHYkIAUHVGcAAHGB [info] POST /api/v1/vulnerabilities/validate
18:48:31.288 request_id=GE6XWHYkIAUHVGcAAHGB [debug] Processing with RSOLVWeb.Api.V1.VulnerabilityValidationController.validate/2
  Parameters: %{"files" => %{"test.js" => "=begin\nDon't do this:\neval(user_input)\n=end\nputs 'safe'"}, "vulnerabilities" => [%{"code" => "eval(user_input)", "filePath" => "test.js", "id" => "test-vuln", "line" => 3, "patternId" => "eval-injection", "severity" => "critical"}]}
  Pipelines: [:api]
18:48:31.288 request_id=GE6XWHYkIAUHVGcAAHGB [info] Sent 200 in 91µs
18:48:31.289 request_id=GE6XWHYqMlcyyroAAE2E [info] POST /api/v1/vulnerabilities/validate
18:48:31.289 request_id=GE6XWHYqMlcyyroAAE2E [debug] Processing with RSOLVWeb.Api.V1.VulnerabilityValidationController.validate/2
  Parameters: %{"files" => %{"test.js" => "app.post('/calc', (req, res) => {\n  const result = eval(req.body.expression);\n  res.json({result});\n});\n"}, "vulnerabilities" => [%{"code" => "eval(req.body.expression)", "filePath" => "test.js", "id" => "test-vuln", "line" => 5, "patternId" => "eval-injection", "severity" => "critical"}]}
  Pipelines: [:api]
18:48:31.289 request_id=GE6XWHYqMlcyyroAAE2E [info] Sent 200 in 146µs
18:48:31.289 request_id=GE6XWHYtmrkyyroAAE4E [info] POST /api/v1/vulnerabilities/validate
18:48:31.289 request_id=GE6XWHYtmrkyyroAAE4E [debug] Processing with RSOLVWeb.Api.V1.VulnerabilityValidationController.validate/2
  Parameters: %{"files" => %{"test.js" => "const userExpression = req.query.expr;\n// Process user input\nconst result = eval(userExpression);\n"}, "vulnerabilities" => [%{"code" => "eval(userExpression)", "filePath" => "test.js", "id" => "test-vuln", "line" => 3, "patternId" => "eval-injection", "severity" => "critical"}]}
  Pipelines: [:api]
18:48:31.289 request_id=GE6XWHYtmrkyyroAAE4E [info] Sent 200 in 107µs
18:48:31.289 request_id=GE6XWHYv84cyyroAAE6E [info] POST /api/v1/vulnerabilities/validate
18:48:31.289 request_id=GE6XWHYv84cyyroAAE6E [debug] Processing with RSOLVWeb.Api.V1.VulnerabilityValidationController.validate/2
  Parameters: %{"files" => %{"test.js" => "const four = eval('2 + 2');"}, "vulnerabilities" => [%{"code" => "eval('2 + 2')", "filePath" => "test.js", "id" => "test-vuln", "line" => 1, "patternId" => "eval-injection", "severity" => "critical"}]}
  Pipelines: [:api]
.18:48:31.289 request_id=GE6XWHYv84cyyroAAE6E [info] Sent 200 in 109µs
18:48:31.293 request_id=GE6XWHZmbal0quoAAD6F [info] POST /api/v1/vulnerabilities/validate
18:48:31.298 request_id=GE6XWHXf4sUAwNAAADQH [info] Retrieved 3 patterns
18:48:31.299 request_id=GE6XWHXf4sUAwNAAADQH [debug] Formatting pattern: "php-sql-injection-concat"
18:48:31.299 request_id=GE6XWHXf4sUAwNAAADQH [debug] Formatted pattern keys: ["cweId", "description", "examples", "frameworks", "id", "languages", "name", "owaspCategory", "recommendation", "regex", "regexPatterns", "severity", "supportsAst", "type"]
18:48:31.299 request_id=GE6XWHXf4sUAwNAAADQH [debug] Formatting pattern: "php-xss-echo"
18:48:31.299 request_id=GE6XWHXf4sUAwNAAADQH [debug] Formatted pattern keys: ["cweId", "description", "examples", "frameworks", "id", "languages", "name", "owaspCategory", "recommendation", "regex", "regexPatterns", "severity", "supportsAst", "type"]
18:48:31.299 request_id=GE6XWHXf4sUAwNAAADQH [debug] Formatting pattern: "php-file-inclusion"
18:48:31.299 request_id=GE6XWHXf4sUAwNAAADQH [debug] Formatted pattern keys: ["cweId", "description", "examples", "frameworks", "id", "languages", "name", "owaspCategory", "recommendation", "regex", "regexPatterns", "severity", "supportsAst", "type"]
18:48:31.299 request_id=GE6XWHXf4sUAwNAAADQH [info] Sent 200 in 15ms
18:48:31.300 request_id=GE6XWHbXxhQDgGsAAD8F [info] GET /api/v1/patterns
.18:48:31.300 request_id=GE6XWHbXxhQDgGsAAD8F [debug] Processing with RSOLVWeb.Api.V1.PatternController.index/2
  Parameters: %{"format" => "enhanced", "language" => "php"}
  Pipelines: [:api]
18:48:31.300 request_id=GE6XWHZmbal0quoAAD6F [debug] Processing with RSOLVWeb.Api.V1.VulnerabilityValidationController.validate/2
  Parameters: %{"files" => %{"file54.js" => "// eval(x)", "file56.js" => "// eval(x)", "file78.js" => "// eval(x)", "file43.js" => "eval(x);", "file9.js" => "eval(x);", "file19.js" => "eval(x);", "file96.js" => "// eval(x)", "file74.js" => "// eval(x)", "file47.js" => "eval(x);", "file30.js" => "// eval(x)", "file27.js" => "eval(x);", "file21.js" => "eval(x);", "file53.js" => "eval(x);", "file68.js" => "// eval(x)", "file61.js" => "eval(x);", "file10.js" => "// eval(x)", "file88.js" => "// eval(x)", "file33.js" => "eval(x);", "file26.js" => "// eval(x)", "file91.js" => "eval(x);", "file98.js" => "// eval(x)", "file92.js" => "// eval(x)", "file29.js" => "eval(x);", "file6.js" => "// eval(x)", "file93.js" => "eval(x);", "file76.js" => "// eval(x)", "file41.js" => "eval(x);", "file84.js" => "// eval(x)", "file50.js" => "// eval(x)", "file34.js" => "// eval(x)", "file72.js" => "// eval(x)", "file52.js" => "// eval(x)", "file15.js" => "eval(x);", "file45.js" => "eval(x);", "file86.js" => "// eval(x)", "file11.js" => "eval(x);", "file2.js" => "// eval(x)", "file48.js" => "// eval(x)", "file62.js" => "// eval(x)", "file70.js" => "// eval(x)", "file95.js" => "eval(x);", "file75.js" => "eval(x);", "file63.js" => "eval(x);", "file67.js" => "eval(x);", "file32.js" => "// eval(x)", "file18.js" => "// eval(x)", "file37.js" => "eval(x);", "file38.js" => "// eval(x)", "file89.js" => "eval(x);", ...}, "vulnerabilities" => [%{"code" => "eval(x)", "filePath" => "file1.js", "id" => "vuln-1", "line" => 1, "patternId" => "js-eval-injection", "severity" => "critical"}, %{"code" => "// eval(x)", "filePath" => "file2.js", "id" => "vuln-2", "line" => 1, "patternId" => "js-eval-injection", "severity" => "critical"}, %{"code" => "eval(x)", "filePath" => "file3.js", "id" => "vuln-3", "line" => 1, "patternId" => "js-eval-injection", "severity" => "critical"}, %{"code" => "// eval(x)", "filePath" => "file4.js", "id" => "vuln-4", "line" => 1, "patternId" => "js-eval-injection", "severity" => "critical"}, %{"code" => "eval(x)", "filePath" => "file5.js", "id" => "vuln-5", "line" => 1, "patternId" => "js-eval-injection", "severity" => "critical"}, %{"code" => "// eval(x)", "filePath" => "file6.js", "id" => "vuln-6", "line" => 1, "patternId" => "js-eval-injection", "severity" => "critical"}, %{"code" => "eval(x)", "filePath" => "file7.js", "id" => "vuln-7", "line" => 1, "patternId" => "js-eval-injection", "severity" => "critical"}, %{"code" => "// eval(x)", "filePath" => "file8.js", "id" => "vuln-8", "line" => 1, "patternId" => "js-eval-injection", "severity" => "critical"}, %{"code" => "eval(x)", "filePath" => "file9.js", "id" => "vuln-9", "line" => 1, "patternId" => "js-eval-injection", "severity" => "critical"}, %{"code" => "// eval(x)", "filePath" => "file10.js", "id" => "vuln-10", "line" => 1, "patternId" => "js-eval-injection", "severity" => "critical"}, %{"code" => "eval(x)", "filePath" => "file11.js", "id" => "vuln-11", "line" => 1, "patternId" => "js-eval-injection", "severity" => "critical"}, %{"code" => "// eval(x)", "filePath" => "file12.js", "id" => "vuln-12", "line" => 1, "patternId" => "js-eval-injection", "severity" => "critical"}, %{"code" => "eval(x)", "filePath" => "file13.js", "id" => "vuln-13", "line" => 1, "patternId" => "js-eval-injection", "severity" => "critical"}, %{"code" => "// eval(x)", "filePath" => "file14.js", "id" => "vuln-14", "line" => 1, "patternId" => "js-eval-injection", "severity" => "critical"}, %{"code" => "eval(x)", "filePath" => "file15.js", "id" => "vuln-15", "line" => 1, "patternId" => "js-eval-injection", "severity" => "critical"}, %{"code" => "// eval(x)", "filePath" => "file16.js", "id" => "vuln-16", "line" => 1, "patternId" => "js-eval-injection", "severity" => "critical"}, %{"code" => "eval(x)", "filePath" => "file17.js", "id" => "vuln-17", "line" => 1, "patternId" => "js-eval-injection", "severity" => "critical"}, %{"code" => "// eval(x)", "filePath" => "file18.js", "id" => "vuln-18", "line" => 1, "patternId" => "js-eval-injection", "severity" => "critical"}, %{"code" => "eval(x)", "filePath" => "file19.js", "id" => "vuln-19", "line" => 1, "patternId" => "js-eval-injection", "severity" => "critical"}, %{"code" => "// eval(x)", "filePath" => "file20.js", "id" => "vuln-20", "line" => 1, "patternId" => "js-eval-injection", "severity" => "critical"}, %{"code" => "eval(x)", "filePath" => "file21.js", "id" => "vuln-21", "line" => 1, "patternId" => "js-eval-injection", "severity" => "critical"}, %{"code" => "// eval(x)", "filePath" => "file22.js", "id" => "vuln-22", "line" => 1, "patternId" => "js-eval-injection", "severity" => "critical"}, %{"code" => "eval(x)", "filePath" => "file23.js", "id" => "vuln-23", "line" => 1, "patternId" => "js-eval-injection", "severity" => "critical"}, %{"code" => "// eval(x)", "filePath" => "file24.js", "id" => "vuln-24", "line" => 1, "patternId" => "js-eval-injection", "severity" => "critical"}, %{"code" => "eval(x)", "filePath" => "file25.js", "id" => "vuln-25", "line" => 1, "patternId" => "js-eval-injection", "severity" => "critical"}, %{"code" => "// eval(x)", "filePath" => "file26.js", "id" => "vuln-26", "line" => 1, "patternId" => "js-eval-injection", "severity" => "critical"}, %{"code" => "eval(x)", "filePath" => "file27.js", "id" => "vuln-27", "line" => 1, "patternId" => "js-eval-injection", "severity" => "critical"}, %{"code" => "// eval(x)", "filePath" => "file28.js", "id" => "vuln-28", "line" => 1, "patternId" => "js-eval-injection", "severity" => "critical"}, %{"code" => "eval(x)", "filePath" => "file29.js", "id" => "vuln-29", "line" => 1, "patternId" => "js-eval-injection", "severity" => "critical"}, %{"code" => "// eval(x)", "filePath" => "file30.js", "id" => "vuln-30", "line" => 1, "patternId" => "js-eval-injection", "severity" => "critical"}, %{"code" => "eval(x)", "filePath" => "file31.js", "id" => "vuln-31", "line" => 1, "patternId" => "js-eval-injection", "severity" => "critical"}, %{"code" => "// eval(x)", "filePath" => "file32.js", "id" => "vuln-32", "line" => 1, "patternId" => "js-eval-injection", "severity" => "critical"}, %{"code" => "eval(x)", "filePath" => "file33.js", "id" => "vuln-33", "line" => 1, "patternId" => "js-eval-injection", "severity" => "critical"}, %{"code" => "// eval(x)", "filePath" => "file34.js", "id" => "vuln-34", "line" => 1, "patternId" => "js-eval-injection", "severity" => "critical"}, %{"code" => "eval(x)", "filePath" => "file35.js", "id" => "vuln-35", "line" => 1, "patternId" => "js-eval-injection", "severity" => "critical"}, %{"code" => "// eval(x)", "filePath" => "file36.js", "id" => "vuln-36", "line" => 1, "patternId" => "js-eval-injection", "severity" => "critical"}, %{"code" => "eval(x)", "filePath" => "file37.js", "id" => "vuln-37", "line" => 1, "patternId" => "js-eval-injection", "severity" => "critical"}, %{"code" => "// eval(x)", "filePath" => "file38.js", "id" => "vuln-38", "line" => 1, "patternId" => "js-eval-injection", "severity" => "critical"}, %{"code" => "eval(x)", "filePath" => "file39.js", "id" => "vuln-39", "line" => 1, "patternId" => "js-eval-injection", "severity" => "critical"}, %{"code" => "// eval(x)", "filePath" => "file40.js", "id" => "vuln-40", "line" => 1, "patternId" => "js-eval-injection", "severity" => "critical"}, %{"code" => "eval(x)", "filePath" => "file41.js", "id" => "vuln-41", "line" => 1, "patternId" => "js-eval-injection", "severity" => "critical"}, %{"code" => "// eval(x)", "filePath" => "file42.js", "id" => "vuln-42", "line" => 1, "patternId" => "js-eval-injection", "severity" => "critical"}, %{"code" => "eval(x)", "filePath" => "file43.js", "id" => "vuln-43", "line" => 1, "patternId" => "js-eval-injection", ...}, %{"code" => "// eval(x)", "filePath" => "file44.js", "id" => "vuln-44", "line" => 1, ...}, %{"code" => "eval(x)", "filePath" => "file45.js", "id" => "vuln-45", ...}, %{"code" => "// eval(x)", "filePath" => "file46.js", ...}, %{"code" => "eval(x)", ...}, %{...}, ...]}
  Pipelines: [:api]
18:48:31.300 request_id=GE6XWHbXxhQDgGsAAD8F [info] Pattern API called with params: %{"format" => "enhanced", "language" => "php"}
18:48:31.300 request_id=GE6XWHbXxhQDgGsAAD8F [info] Language: php, Format: enhanced
18:48:31.300 request_id=GE6XWHbXxhQDgGsAAD8F [info] Has API key: false
18:48:31.300 request_id=GE6XWHbXxhQDgGsAAD8F [info] Getting demo patterns for php
18:48:31.300 request_id=GE6XWHbXxhQDgGsAAD8F [info] Retrieved 3 patterns
18:48:31.300 request_id=GE6XWHbXxhQDgGsAAD8F [debug] Formatting pattern: "php-sql-injection-concat"
18:48:31.300 request_id=GE6XWHbXxhQDgGsAAD8F [debug] Formatted pattern keys: ["cweId", "description", "examples", "frameworks", "id", "languages", "name", "owaspCategory", "recommendation", "regex", "regexPatterns", "severity", "supportsAst", "type"]
18:48:31.300 request_id=GE6XWHbXxhQDgGsAAD8F [debug] Formatting pattern: "php-xss-echo"
18:48:31.300 request_id=GE6XWHbXxhQDgGsAAD8F [debug] Formatted pattern keys: ["cweId", "description", "examples", "frameworks", "id", "languages", "name", "owaspCategory", "recommendation", "regex", "regexPatterns", "severity", "supportsAst", "type"]
18:48:31.300 request_id=GE6XWHbXxhQDgGsAAD8F [debug] Formatting pattern: "php-file-inclusion"
18:48:31.300 request_id=GE6XWHbXxhQDgGsAAD8F [debug] Formatted pattern keys: ["cweId", "description", "examples", "frameworks", "id", "languages", "name", "owaspCategory", "recommendation", "regex", "regexPatterns", "severity", "supportsAst", "type"]
18:48:31.300 request_id=GE6XWHbXxhQDgGsAAD8F [info] Sent 200 in 312µs
18:48:31.303 request_id=GE6XWHZmbal0quoAAD6F [info] Sent 200 in 10ms
.18:48:31.305 [info] PatternServer: Loaded 170 unique patterns
18:48:31.305 [info] Patterns by language: %{"common" => 1, "django" => 19, "elixir" => 28, "java" => 17, "javascript" => 30, "php" => 25, "python" => 12, "rails" => 18, "ruby" => 20}
.18:48:31.305 [debug] PatternServer: Loading patterns for php
18:48:31.305 [debug] PatternServer: Loading patterns for cobol
18:48:31.305 [debug] Pattern fetch completed
.18:48:31.305 [info] PatternAdapter loading patterns for php: found 25 patterns
18:48:31.305 [debug] Pattern cache hit
.18:48:31.305 [debug] Pattern fetch completed
.18:48:31.305 [info] PatternAdapter loading patterns for cobol: found 0 patterns
.18:48:31.305 [debug] Pattern fetch completed
.18:48:31.305 [info] PatternAdapter loading patterns for java: found 17 patterns
.18:48:31.306 [debug] Pattern cache miss
18:48:31.306 [debug] PatternServer: Loading patterns for go
18:48:31.306 [debug] Pattern fetch completed
18:48:31.306 [info] PatternAdapter loading patterns for go: found 0 patterns
18:48:31.306 request_id=GE6XWHcv-ZeIPcAAADSH [info] POST /api/v1/vulnerabilities/validate
18:48:31.306 request_id=GE6XWHcv-ZeIPcAAADSH [debug] Processing with RSOLVWeb.Api.V1.VulnerabilityValidationController.validate/2
  Parameters: %{"files" => %{"test.js" => "console.log('Line 1');\nconsole.log('Line 2');\nconsole.log('Line 3');\nconsole.log('Line 4');\nconsole.log('Line 5');\nconsole.log('Line 6');\nconsole.log('Line 7');\nconsole.log('Line 8');\nconsole.log('Line 9');\nconsole.log('Line 10');\nconsole.log('Line 11');\nconsole.log('Line 12');\nconsole.log('Line 13');\nconsole.log('Line 14');\nconsole.log('Line 15');\nconsole.log('Line 16');\nconsole.log('Line 17');\nconsole.log('Line 18');\nconsole.log('Line 19');\nconsole.log('Line 20');\nconsole.log('Line 21');\nconsole.log('Line 22');\nconsole.log('Line 23');\nconsole.log('Line 24');\nconsole.log('Line 25');\nconsole.log('Line 26');\nconsole.log('Line 27');\nconsole.log('Line 28');\nconsole.log('Line 29');\nconsole.log('Line 30');\nconsole.log('Line 31');\nconsole.log('Line 32');\nconsole.log('Line 33');\nconsole.log('Line 34');\nconsole.log('Line 35');\nconsole.log('Line 36');\nconsole.log('Line 37');\nconsole.log('Line 38');\nconsole.log('Line 39');\nconsole.log('Line 40');\nconsole.log('Line 41');\nconsole.log('Line 42');\nconsole.log('Line 43');\nconsole.log('Line 44');\nconsole.log('Line 45');\nconsole.log('Line 46');\nconsole.log('Line 47');\nconsole.log('Line 48');\nconsole.log('Line 49');\nconsole.log('Line 50');\nconsole.log('Line 51');\nconsole.log('Line 52');\nconsole.log('Line 53');\nconsole.log('Line 54');\nconsole.log('Line 55');\nconsole.log('Line 56');\nconsole.log('Line 57');\nconsole.log('Line 58');\nconsole.log('Line 59');\nconsole.log('Line 60');\nconsole.log('Line 61');\nconsole.log('Line 62');\nconsole.log('Line 63');\nconsole.log('Line 64');\nconsole.log('Line 65');\nconsole.log('Line 66');\nconsole.log('Line 67');\nconsole.log('Line 68');\nconsole.log('Line 69');\nconsole.log('Line 70');\nconsole.log('Line 71');\nconsole.log('Line 72');\nconsole.log('Line 73');\nconsole.log('Line 74');\nconsole.log('Line 75');\nconsole.log('Line 76');\nconsole.log('Line 77');\nconsole.log('Line 78');\nconsole.log('Line 79');\nconsole.log('Line 80');\nconsole.log('Line 81');\nconsole.log('Line 82');\nconsole.log('Line 83');\nconsole.log('Line 84');\nconsole.log('Line 85');\nconsole.log('Line 86');\nconsole.log('Line 87');\nconsole.log('Line 88');\nconsole.log('Line 89');\nconsole.log('Line 90');\nconsole.log('Line 91');\nconsole.log('Line 92');\nconsole.log('Line 93');\nconsole.log('Line 94');\nconsole.log('Line 95');\nconsole.log('Line 96');\nconsole.log('Line 97');\nconsole.log('Line 98');\nconsole.log('Line 99');\nconsole.log('Line 100');\nconsole.log('Line 101');\nconsole.log('Line 102');\nconsole.log('Line 103');\nconsole.log('Line 104');\nconsole.log('Line 105');\nconsole.log('Line 106');\nconsole.log('Line 107');\nconsole.log('Line 108');\nconsole.log('Line 109');\nconsole.log('Line 110');\nconsole.log('Line 111');\nconsole.log('Line 112');\nconsole.log('Line 113');\nconsole.log('Line 114');\nconsole.log('Line 115');\nconsole.log('Line 116');\nconsole.log('Line 117');\nconsole.log('Line 118');\nconsole.log('Line 119');\nconsole.log('Line 120');\nconsole.log('Line 121');\nconsole.log('Line 122');\nconsole.log('Line 123');\nconsole.log('Line 124');\nconsole.log('Line 125');\nconsole.log('Line 126');\nconsole.log('Line 127');\nconsole.log('Line 128');\nconsole.log('Line 129');\nconsole.log('Line 130');\nconsole.log('Line 131');\nconsole.log('Line 132');\nconsole.log('Line 133');\nconsole.log('Line 134');\nconsole.log('Line 135');\nconsole.log('Line 136');\nconsole.log('Line 137');\nconsole.log('Line 138');\nconsole.log('Line 139');\nconsole.log('Line 140');\nconsole.log('Line 141');\nconsole.log('Line 142');\nconsole.log('Line 143');\nconsole.log('Line 144');\nconsole.log('Line 145');\nconsole.log('Line 146');\nconsole.log('Line 147');\nconsole.log('Line 148');\nconsole.log('Line 149');\nconsole.log('Line 150');\nconsole.log('Line 151');\nconsole.log('Line 152');\nconsole.log('Line 153');\nconsole.log('Line 154');\nconsole.log('Line 155');\nconsole.log('Line 156');\nconsole.log('Line 157');\nconsole.log('Line 158');\nconsole.log('Line 159');\nconsole.log('Line 160');\nconsole.log('Line 161');\nconsole.log('Line 162');\nconsole.log('Line 163');\nconsole.log('Line 164');\nconsole.log('Line 165');\nconsole.log('Line 166');\nconsole.log('Line 167');\nconsole.log('Line 168');\ncons" <> ...}, "vulnerabilities" => [%{"code" => "eval(userInput)", "filePath" => "test.js", "id" => "test-vuln", "line" => 10001, "patternId" => "eval-injection", "severity" => "critical"}]}
  Pipelines: [:api]
18:48:31.311 request_id=GE6XWHcv-ZeIPcAAADSH [info] Sent 200 in 5ms
.18:48:31.312 request_id=GE6XWHePUKdsLVgAAEqG [info] POST /api/v1/vulnerabilities/validate
18:48:31.312 request_id=GE6XWHePUKdsLVgAAEqG [debug] Processing with RSOLVWeb.Api.V1.VulnerabilityValidationController.validate/2
  Parameters: %{"files" => %{"test.js" => "@app.route('/execute', methods=['POST'])\ndef execute():\n    code = request.form['code']\n    exec(code)\n    return 'OK'\n"}, "vulnerabilities" => [%{"code" => "exec(request.form['code'])", "filePath" => "test.js", "id" => "test-vuln", "line" => 4, "patternId" => "eval-injection", "severity" => "critical"}]}
  Pipelines: [:api]
.18:48:31.312 request_id=GE6XWHePUKdsLVgAAEqG [info] Sent 200 in 239µs
.......................................................................................................................................................................................................................................................................................................................................................................18:48:32.936 [debug] Pattern cache hit
.18:48:32.936 [debug] Pattern fetch completed
.18:48:32.936 [debug] Pattern cache hit
.18:48:32.936 [debug] Pattern fetch completed
18:48:32.936 [debug] Pattern cache hit
18:48:32.936 [debug] Pattern fetch completed
18:48:32.936 [info] The function passed as a handler with ID "test-handler" is a local function.
This means that it is either an anonymous function or a capture of a function without a module specified. That may cause a performance penalty when calling that handler. For more details see the note in `telemetry:attach/4` documentation.

https://hexdocs.pm/telemetry/telemetry.html#attach/4
18:48:32.936 [debug] Pattern cache hit
18:48:32.936 [debug] Pattern fetch completed
18:48:32.938 [debug] Pattern cache hit
18:48:32.938 [debug] Pattern fetch completed
.18:48:32.939 [debug] Pattern cache hit
18:48:32.939 [debug] Pattern fetch completed
18:48:32.939 [debug] Pattern cache hit
.18:48:32.939 [debug] Pattern fetch completed
18:48:32.939 [debug] Pattern cache hit
18:48:32.939 [debug] Pattern fetch completed
18:48:32.939 [debug] Pattern cache hit
18:48:32.939 [debug] Pattern fetch completed
18:48:32.939 [debug] Pattern cache hit
18:48:32.939 [debug] Pattern fetch completed
18:48:32.939 [info] PatternServer: Reloading all patterns...
18:48:32.939 [info] PatternServer: Loaded 170 unique patterns
18:48:32.939 [info] Patterns by language: %{"common" => 1, "django" => 19, "elixir" => 28, "java" => 17, "javascript" => 30, "php" => 25, "python" => 12, "rails" => 18, "ruby" => 20}
18:48:33.040 [debug] Pattern cache hit
18:48:33.040 [debug] Pattern fetch completed
.18:48:33.043 [debug] Pattern cache hit
18:48:33.043 [debug] Pattern cache hit
18:48:33.043 [debug] Pattern cache hit
18:48:33.043 [debug] Pattern cache hit
18:48:33.043 [debug] Pattern cache hit
18:48:33.043 [debug] Pattern cache hit
18:48:33.043 [debug] Pattern cache hit
18:48:33.043 [debug] Pattern cache hit
18:48:33.043 [debug] Pattern cache hit
18:48:33.043 [debug] Pattern cache hit
18:48:33.043 [debug] Pattern cache hit
18:48:33.043 [debug] Pattern cache hit
18:48:33.043 [debug] Pattern cache hit
18:48:33.044 [debug] Pattern cache hit
18:48:33.044 [debug] Pattern cache hit
18:48:33.043 [debug] Pattern cache hit
18:48:33.044 [debug] Pattern cache hit
18:48:33.044 [debug] Pattern cache hit
18:48:33.044 [debug] Pattern cache hit
18:48:33.044 [debug] Pattern cache hit
18:48:33.044 [debug] Pattern cache hit
18:48:33.044 [debug] Pattern cache hit
18:48:33.044 [debug] Pattern cache hit
18:48:33.044 [debug] Pattern cache hit
18:48:33.044 [debug] Pattern cache hit
18:48:33.044 [debug] Pattern cache hit
18:48:33.044 [debug] Pattern cache hit
18:48:33.044 [debug] Pattern cache hit
18:48:33.044 [debug] Pattern fetch completed
18:48:33.044 [debug] Pattern cache hit
18:48:33.044 [debug] Pattern fetch completed
18:48:33.043 [debug] Pattern fetch completed
18:48:33.044 [debug] Pattern fetch completed
18:48:33.044 [debug] Pattern fetch completed
18:48:33.044 [debug] Pattern fetch completed
18:48:33.044 [debug] Pattern fetch completed
18:48:33.044 [debug] Pattern cache hit
18:48:33.044 [debug] Pattern fetch completed
18:48:33.044 [debug] Pattern fetch completed
18:48:33.044 [debug] Pattern fetch completed
18:48:33.043 [debug] Pattern cache hit
18:48:33.044 [debug] Pattern cache hit
18:48:33.043 [debug] Pattern cache hit
18:48:33.044 [debug] Pattern fetch completed
18:48:33.043 [debug] Pattern cache hit
18:48:33.044 [debug] Pattern fetch completed
18:48:33.043 [debug] Pattern cache hit
18:48:33.044 [debug] Pattern fetch completed
18:48:33.043 [debug] Pattern cache hit
18:48:33.044 [debug] Pattern fetch completed
18:48:33.043 [debug] Pattern cache hit
18:48:33.044 [debug] Pattern fetch completed
18:48:33.043 [debug] Pattern cache hit
18:48:33.044 [debug] Pattern cache hit
18:48:33.043 [debug] Pattern cache hit
18:48:33.044 [debug] Pattern cache hit
18:48:33.044 [debug] Pattern cache hit
18:48:33.043 [debug] Pattern cache hit
18:48:33.044 [debug] Pattern fetch completed
18:48:33.043 [debug] Pattern cache hit
18:48:33.043 [debug] Pattern cache hit
18:48:33.043 [debug] Pattern cache hit
18:48:33.043 [debug] Pattern cache hit
18:48:33.044 [debug] Pattern fetch completed
18:48:33.043 [debug] Pattern cache hit
18:48:33.043 [debug] Pattern cache hit
18:48:33.043 [debug] Pattern cache hit
18:48:33.043 [debug] Pattern cache hit
18:48:33.044 [debug] Pattern cache hit
18:48:33.043 [debug] Pattern cache hit
18:48:33.044 [debug] Pattern cache hit
18:48:33.044 [debug] Pattern cache hit
18:48:33.044 [debug] Pattern cache hit
18:48:33.043 [debug] Pattern cache hit
18:48:33.044 [debug] Pattern cache hit
18:48:33.044 [debug] Pattern fetch completed
18:48:33.043 [debug] Pattern cache hit
18:48:33.044 [debug] Pattern fetch completed
18:48:33.043 [debug] Pattern cache hit
18:48:33.043 [debug] Pattern cache hit
18:48:33.043 [debug] Pattern cache hit
18:48:33.044 [debug] Pattern cache hit
18:48:33.044 [debug] Pattern fetch completed
18:48:33.044 [debug] Pattern cache hit
18:48:33.044 [debug] Pattern cache hit
18:48:33.044 [debug] Pattern cache hit
18:48:33.044 [debug] Pattern cache hit
18:48:33.044 [debug] Pattern cache hit
18:48:33.044 [debug] Pattern cache hit
18:48:33.044 [debug] Pattern cache hit
18:48:33.044 [debug] Pattern cache hit
18:48:33.044 [debug] Pattern cache hit
18:48:33.044 [debug] Pattern cache hit
18:48:33.044 [debug] Pattern fetch completed
18:48:33.044 [debug] Pattern fetch completed
18:48:33.044 [debug] Pattern cache hit
18:48:33.044 [debug] Pattern fetch completed
18:48:33.044 [debug] Pattern fetch completed
18:48:33.044 [debug] Pattern fetch completed
18:48:33.044 [debug] Pattern fetch completed
18:48:33.044 [debug] Pattern cache hit
18:48:33.044 [debug] Pattern cache hit
18:48:33.044 [debug] Pattern fetch completed
18:48:33.044 [debug] Pattern fetch completed
18:48:33.045 [debug] Pattern fetch completed
18:48:33.044 [debug] Pattern fetch completed
18:48:33.044 [debug] Pattern fetch completed
18:48:33.044 [debug] Pattern fetch completed
18:48:33.045 [debug] Pattern fetch completed
18:48:33.044 [debug] Pattern fetch completed
18:48:33.045 [debug] Pattern fetch completed
18:48:33.044 [debug] Pattern cache hit
18:48:33.044 [debug] Pattern fetch completed
18:48:33.044 [debug] Pattern fetch completed
18:48:33.044 [debug] Pattern fetch completed
18:48:33.044 [debug] Pattern cache hit
18:48:33.044 [debug] Pattern cache hit
18:48:33.044 [debug] Pattern cache hit
18:48:33.044 [debug] Pattern cache hit
18:48:33.044 [debug] Pattern cache hit
18:48:33.044 [debug] Pattern fetch completed
18:48:33.045 [debug] Pattern fetch completed
18:48:33.044 [debug] Pattern fetch completed
18:48:33.043 [debug] Pattern cache hit
18:48:33.045 [debug] Pattern fetch completed
18:48:33.043 [debug] Pattern cache hit
18:48:33.045 [debug] Pattern fetch completed
18:48:33.043 [debug] Pattern cache hit
18:48:33.044 [debug] Pattern fetch completed
18:48:33.043 [debug] Pattern cache hit
18:48:33.045 [debug] Pattern fetch completed
18:48:33.043 [debug] Pattern cache hit
18:48:33.044 [debug] Pattern cache hit
18:48:33.045 [debug] Pattern fetch completed
18:48:33.044 [debug] Pattern cache hit
18:48:33.045 [debug] Pattern fetch completed
18:48:33.044 [debug] Pattern cache hit
18:48:33.044 [debug] Pattern cache hit
18:48:33.044 [debug] Pattern cache hit
18:48:33.045 [debug] Pattern fetch completed
18:48:33.044 [debug] Pattern cache hit
18:48:33.045 [debug] Pattern fetch completed
18:48:33.045 [debug] Pattern fetch completed
18:48:33.045 [debug] Pattern fetch completed
18:48:33.045 [debug] Pattern fetch completed
18:48:33.045 [debug] Pattern fetch completed
18:48:33.044 [debug] Pattern cache hit
18:48:33.045 [debug] Pattern fetch completed
18:48:33.045 [debug] Pattern fetch completed
18:48:33.045 [debug] Pattern fetch completed
18:48:33.045 [debug] Pattern fetch completed
18:48:33.045 [debug] Pattern fetch completed
18:48:33.045 [debug] Pattern fetch completed
18:48:33.045 [debug] Pattern fetch completed
18:48:33.045 [debug] Pattern fetch completed
18:48:33.045 [debug] Pattern fetch completed
18:48:33.045 [debug] Pattern fetch completed
18:48:33.044 [debug] Pattern fetch completed
18:48:33.045 [debug] Pattern fetch completed
18:48:33.045 [debug] Pattern fetch completed
18:48:33.045 [debug] Pattern fetch completed
18:48:33.045 [debug] Pattern fetch completed
18:48:33.045 [debug] Pattern fetch completed
18:48:33.045 [debug] Pattern fetch completed
18:48:33.045 [debug] Pattern fetch completed
18:48:33.045 [debug] Pattern fetch completed
18:48:33.045 [debug] Pattern fetch completed
18:48:33.045 [debug] Pattern fetch completed
18:48:33.045 [debug] Pattern fetch completed
18:48:33.045 [debug] Pattern fetch completed
18:48:33.044 [debug] Pattern cache hit
18:48:33.044 [debug] Pattern cache hit
18:48:33.044 [debug] Pattern cache hit
18:48:33.045 [debug] Pattern fetch completed
18:48:33.044 [debug] Pattern cache hit
18:48:33.045 [debug] Pattern fetch completed
18:48:33.045 [debug] Pattern fetch completed
18:48:33.045 [debug] Pattern fetch completed
18:48:33.045 [debug] Pattern fetch completed
18:48:33.045 [debug] Pattern fetch completed
18:48:33.045 [debug] Pattern fetch completed
18:48:33.045 [debug] Pattern fetch completed
18:48:33.045 [debug] Pattern fetch completed
18:48:33.045 [debug] Pattern fetch completed
18:48:33.045 [debug] Pattern fetch completed
18:48:33.045 [debug] Pattern fetch completed
18:48:33.045 [debug] Pattern fetch completed
18:48:33.045 [debug] Pattern fetch completed
18:48:33.045 [debug] Pattern fetch completed
18:48:33.045 [debug] Pattern fetch completed
18:48:33.045 [debug] Pattern fetch completed
18:48:33.045 [debug] Pattern fetch completed
18:48:33.045 [debug] Pattern fetch completed
18:48:33.044 [debug] Pattern fetch completed
18:48:33.044 [debug] Pattern fetch completed
18:48:33.044 [debug] Pattern cache hit
18:48:33.046 [debug] Pattern fetch completed
18:48:33.045 [debug] Pattern fetch completed
.18:48:33.051 [debug] Pattern cache hit
18:48:33.069 [debug] Pattern fetch completed
18:48:33.230 [debug] Parser response received
18:48:33.231 [debug] Pattern cache hit
18:48:33.231 [debug] Pattern fetch completed
18:48:33.231 [info] PatternAdapter loading patterns for javascript: found 30 patterns
18:48:33.231 [info] AnalysisService: Loaded 30 patterns for javascript
18:48:33.234 [info] AnalysisService: Found 18 matches
18:48:33.236 [debug] Match confidence: 0.7331249999999999, min_confidence: 0.7, match: %{type: "js-sql-injection-concat", context: %{node_type: "BinaryExpression", depth: 6, parent_type: "VariableDeclarator", in_function: "getUserData"}, location: %{depth: 6, end_column: 58, end_line: 2, start_line: 2, start_column: 16}, severity: "high", pattern_id: "js-sql-injection-concat", pattern_name: "SQL Injection via String Concatenation", recommendation: "Review this code for potential security issues", confidence: 0.85, pattern_type: :sql_injection}
18:48:33.236 [debug] Match confidence: 0.5145, min_confidence: 0.7, match: %{type: "js-xss-document-write", context: %{node_type: "CallExpression", depth: 5, parent_type: "ReturnStatement", in_function: "getUserData"}, location: %{depth: 5, end_column: 26, end_line: 3, start_line: 3, start_column: 9}, severity: "high", pattern_id: "js-xss-document-write", pattern_name: "Cross-Site Scripting (XSS) via document.write", recommendation: "Review this code for potential security issues", confidence: 0.85, pattern_type: :xss}
18:48:33.236 [debug] Match confidence: 0.5145, min_confidence: 0.7, match: %{type: "js-xss-jquery-html", context: %{node_type: "CallExpression", depth: 5, parent_type: "ReturnStatement", in_function: "getUserData"}, location: %{depth: 5, end_column: 26, end_line: 3, start_line: 3, start_column: 9}, severity: "high", pattern_id: "js-xss-jquery-html", pattern_name: "XSS via jQuery html()", recommendation: "Review this code for potential security issues", confidence: 0.85, pattern_type: :xss}
18:48:33.236 [debug] Match confidence: 0.5005, min_confidence: 0.7, match: %{type: "js-path-traversal-join", context: %{node_type: "CallExpression", depth: 5, parent_type: "ReturnStatement", in_function: "getUserData"}, location: %{depth: 5, end_column: 26, end_line: 3, start_line: 3, start_column: 9}, severity: "medium", pattern_id: "js-path-traversal-join", pattern_name: "Path Traversal via path.join", recommendation: "Review this code for potential security issues", confidence: 0.7, pattern_type: :path_traversal}
18:48:33.236 [debug] Match confidence: 0.5005, min_confidence: 0.7, match: %{type: "js-path-traversal-concat", context: %{node_type: "BinaryExpression", depth: 6, parent_type: "VariableDeclarator", in_function: "getUserData"}, location: %{depth: 6, end_column: 58, end_line: 2, start_line: 2, start_column: 16}, severity: "medium", pattern_id: "js-path-traversal-concat", pattern_name: "Path Traversal via String Concatenation", recommendation: "Review this code for potential security issues", confidence: 0.7, pattern_type: :path_traversal}
18:48:33.236 [debug] Match confidence: 0.5005, min_confidence: 0.7, match: %{type: "js-weak-crypto-md5", context: %{node_type: "CallExpression", depth: 5, parent_type: "ReturnStatement", in_function: "getUserData"}, location: %{depth: 5, end_column: 26, end_line: 3, start_line: 3, start_column: 9}, severity: "medium", pattern_id: "js-weak-crypto-md5", pattern_name: "Weak Cryptography - MD5", recommendation: "Review this code for potential security issues", confidence: 0.7, pattern_type: :weak_crypto}
18:48:33.236 [debug] Match confidence: 0.5005, min_confidence: 0.7, match: %{type: "js-weak-crypto-sha1", context: %{node_type: "CallExpression", depth: 5, parent_type: "ReturnStatement", in_function: "getUserData"}, location: %{depth: 5, end_column: 26, end_line: 3, start_line: 3, start_column: 9}, severity: "medium", pattern_id: "js-weak-crypto-sha1", pattern_name: "Weak Cryptography - SHA1", recommendation: "Review this code for potential security issues", confidence: 0.7, pattern_type: :weak_crypto}
18:48:33.236 [debug] Match confidence: 0.616, min_confidence: 0.7, match: %{type: "js-hardcoded-secret-password", context: %{node_type: "VariableDeclarator", depth: 5, parent_type: "VariableDeclaration", in_function: "getUserData"}, location: %{depth: 5, end_column: 58, end_line: 2, start_line: 2, start_column: 8}, severity: "high", pattern_id: "js-hardcoded-secret-password", pattern_name: "Hardcoded Password", recommendation: "Review this code for potential security issues", confidence: 0.9, pattern_type: :hardcoded_secret}
18:48:33.236 [debug] Match confidence: 0.616, min_confidence: 0.7, match: %{type: "js-hardcoded-secret-api-key", context: %{node_type: "VariableDeclarator", depth: 5, parent_type: "VariableDeclaration", in_function: "getUserData"}, location: %{depth: 5, end_column: 58, end_line: 2, start_line: 2, start_column: 8}, severity: "high", pattern_id: "js-hardcoded-secret-api-key", pattern_name: "Hardcoded API Key", recommendation: "Review this code for potential security issues", confidence: 0.9, pattern_type: :hardcoded_secret}
18:48:33.236 [debug] Match confidence: 0.5005, min_confidence: 0.7, match: %{type: "js-open-redirect", context: %{node_type: "CallExpression", depth: 5, parent_type: "ReturnStatement", in_function: "getUserData"}, location: %{depth: 5, end_column: 26, end_line: 3, start_line: 3, start_column: 9}, severity: "medium", pattern_id: "js-open-redirect", pattern_name: "Open Redirect Vulnerability", recommendation: "Review this code for potential security issues", confidence: 0.7, pattern_type: :open_redirect}
18:48:33.238 [debug] Match confidence: 0.5005, min_confidence: 0.7, match: %{type: "js-insecure-random", context: %{node_type: "CallExpression", depth: 5, parent_type: "ReturnStatement", in_function: "getUserData"}, location: %{depth: 5, end_column: 26, end_line: 3, start_line: 3, start_column: 9}, severity: "medium", pattern_id: "js-insecure-random", pattern_name: "Insecure Random Number Generation", recommendation: "Review this code for potential security issues", confidence: 0.7, pattern_type: :insecure_random}
18:48:33.238 [debug] Match confidence: 0.38675, min_confidence: 0.7, match: %{type: "js-nosql-injection", context: %{node_type: "CallExpression", depth: 5, parent_type: "ReturnStatement", in_function: "getUserData"}, location: %{depth: 5, end_column: 26, end_line: 3, start_line: 3, start_column: 9}, severity: "high", pattern_id: "js-nosql-injection", pattern_name: "NoSQL Injection", recommendation: "Review this code for potential security issues", confidence: 0.85, pattern_type: :nosql_injection}
18:48:33.238 [debug] Match confidence: 0.38675, min_confidence: 0.7, match: %{type: "js-ldap-injection", context: %{node_type: "CallExpression", depth: 5, parent_type: "ReturnStatement", in_function: "getUserData"}, location: %{depth: 5, end_column: 26, end_line: 3, start_line: 3, start_column: 9}, severity: "high", pattern_id: "js-ldap-injection", pattern_name: "LDAP Injection", recommendation: "Review this code for potential security issues", confidence: 0.85, pattern_type: :ldap_injection}
18:48:33.238 [debug] Match confidence: 0.38675, min_confidence: 0.7, match: %{type: "js-xpath-injection", context: %{node_type: "CallExpression", depth: 5, parent_type: "ReturnStatement", in_function: "getUserData"}, location: %{depth: 5, end_column: 26, end_line: 3, start_line: 3, start_column: 9}, severity: "high", pattern_id: "js-xpath-injection", pattern_name: "XPath Injection", recommendation: "Review this code for potential security issues", confidence: 0.85, pattern_type: :xpath_injection}
18:48:33.238 [debug] Match confidence: 0.5005, min_confidence: 0.7, match: %{type: "js-ssrf", context: %{node_type: "CallExpression", depth: 5, parent_type: "ReturnStatement", in_function: "getUserData"}, location: %{depth: 5, end_column: 26, end_line: 3, start_line: 3, start_column: 9}, severity: "medium", pattern_id: "js-ssrf", pattern_name: "Server-Side Request Forgery (SSRF)", recommendation: "Review this code for potential security issues", confidence: 0.7, pattern_type: :ssrf}
18:48:33.238 [debug] Match confidence: 0.5005, min_confidence: 0.7, match: %{type: "js-insecure-deserialization", context: %{node_type: "CallExpression", depth: 5, parent_type: "ReturnStatement", in_function: "getUserData"}, location: %{depth: 5, end_column: 26, end_line: 3, start_line: 3, start_column: 9}, severity: "medium", pattern_id: "js-insecure-deserialization", pattern_name: "Insecure Deserialization", recommendation: "Review this code for potential security issues", confidence: 0.7, pattern_type: :deserialization}
18:48:33.238 [debug] Match confidence: 0.5005, min_confidence: 0.7, match: %{type: "js-jwt-none-algorithm", context: %{node_type: "CallExpression", depth: 5, parent_type: "ReturnStatement", in_function: "getUserData"}, location: %{depth: 5, end_column: 26, end_line: 3, start_line: 3, start_column: 9}, severity: "medium", pattern_id: "js-jwt-none-algorithm", pattern_name: "JWT None Algorithm Vulnerability", recommendation: "Review this code for potential security issues", confidence: 0.7, pattern_type: :authentication}
18:48:33.238 [debug] Match confidence: 0.5005, min_confidence: 0.7, match: %{type: "js-debug-console-log", context: %{node_type: "CallExpression", depth: 5, parent_type: "ReturnStatement", in_function: "getUserData"}, location: %{depth: 5, end_column: 26, end_line: 3, start_line: 3, start_column: 9}, severity: "medium", pattern_id: "js-debug-console-log", pattern_name: "Sensitive Data in Console Logs", recommendation: "Review this code for potential security issues", confidence: 0.7, pattern_type: :information_disclosure}
.18:48:33.503 [debug] Parser response received
.18:48:33.546 [debug] Parser response received
18:48:33.547 [debug] Pattern cache hit
.18:48:33.547 [debug] Pattern fetch completed
18:48:33.547 [info] PatternAdapter loading patterns for python: found 12 patterns
18:48:33.547 [info] AnalysisService: Loaded 12 patterns for python
18:48:33.547 [info] AnalysisService: Found 6 matches
18:48:33.547 [debug] Match confidence: 0.7331249999999999, min_confidence: 0.7, match: %{type: "python-sql-injection-concat", context: %{node_type: "BinOp", depth: 3, parent_type: "Assign", in_function: "get_user"}, location: %{depth: 3, end_column: 0, end_line: 1, start_line: 1, start_column: 0}, severity: "high", pattern_id: "python-sql-injection-concat", pattern_name: "SQL Injection via String Concatenation", recommendation: "Review this code for potential security issues", confidence: 0.85, pattern_type: :sql_injection}
18:48:33.547 [debug] Match confidence: 0.7819999999999999, min_confidence: 0.7, match: %{type: "python-command-injection-os-system", context: %{node_type: "Call", depth: 3, parent_type: "Return", in_function: "get_user"}, location: %{depth: 3, end_column: 0, end_line: 1, start_line: 1, start_column: 0}, severity: "high", pattern_id: "python-command-injection-os-system", pattern_name: "Command Injection via os.system", recommendation: "Review this code for potential security issues", confidence: 0.85, pattern_type: :command_injection}
18:48:33.548 [debug] Match confidence: 0.7819999999999999, min_confidence: 0.7, match: %{type: "python-command-injection-subprocess-shell", context: %{node_type: "Call", depth: 3, parent_type: "Return", in_function: "get_user"}, location: %{depth: 3, end_column: 0, end_line: 1, start_line: 1, start_column: 0}, severity: "high", pattern_id: "python-command-injection-subprocess-shell", pattern_name: "Command Injection via subprocess with shell=True", recommendation: "Review this code for potential security issues", confidence: 0.85, pattern_type: :command_injection}
18:48:33.548 [debug] Match confidence: 0.5005, min_confidence: 0.7, match: %{type: "python-unsafe-pickle", context: %{node_type: "Call", depth: 3, parent_type: "Return", in_function: "get_user"}, location: %{depth: 3, end_column: 0, end_line: 1, start_line: 1, start_column: 0}, severity: "medium", pattern_id: "python-unsafe-pickle", pattern_name: "Insecure Deserialization via pickle", recommendation: "Review this code for potential security issues", confidence: 0.7, pattern_type: :deserialization}
18:48:33.548 [debug] Match confidence: 0.8308749999999999, min_confidence: 0.7, match: %{type: "python-unsafe-eval", context: %{node_type: "Call", depth: 3, parent_type: "Return", in_function: "get_user"}, location: %{depth: 3, end_column: 0, end_line: 1, start_line: 1, start_column: 0}, severity: "critical", pattern_id: "python-unsafe-eval", pattern_name: "Code Injection via eval()", recommendation: "Review this code for potential security issues", confidence: 0.95, pattern_type: :rce}
18:48:33.548 [debug] Match confidence: 0.5005, min_confidence: 0.7, match: %{type: "python-path-traversal-open", context: %{node_type: "Call", depth: 3, parent_type: "Return", in_function: "get_user"}, location: %{depth: 3, end_column: 0, end_line: 1, start_line: 1, start_column: 0}, severity: "medium", pattern_id: "python-path-traversal-open", pattern_name: "Path Traversal via open()", recommendation: "Review this code for potential security issues", confidence: 0.7, pattern_type: :path_traversal}
18:48:33.708 [debug] Parser response received
.18:48:33.930 [debug] Parser response received
.18:48:33.930 [info] AnalysisService: Loaded 30 patterns for javascript
18:48:33.932 [info] AnalysisService: Found 17 matches
18:48:33.932 [debug] Match confidence: 0.5145, min_confidence: 0.7, match: %{type: "js-xss-document-write", context: %{node_type: "CallExpression", depth: 3, parent_type: "ExpressionStatement"}, location: %{depth: 3, end_column: 33, end_line: 3, start_line: 3, start_column: 0}, severity: "high", pattern_id: "js-xss-document-write", pattern_name: "Cross-Site Scripting (XSS) via document.write", recommendation: "Review this code for potential security issues", confidence: 0.85, pattern_type: :xss}
18:48:33.933 [debug] Match confidence: 0.5145, min_confidence: 0.7, match: %{type: "js-xss-jquery-html", context: %{node_type: "CallExpression", depth: 3, parent_type: "ExpressionStatement"}, location: %{depth: 3, end_column: 33, end_line: 3, start_line: 3, start_column: 0}, severity: "high", pattern_id: "js-xss-jquery-html", pattern_name: "XSS via jQuery html()", recommendation: "Review this code for potential security issues", confidence: 0.85, pattern_type: :xss}
18:48:33.933 [debug] Match confidence: 0.5005, min_confidence: 0.7, match: %{type: "js-path-traversal-join", context: %{node_type: "CallExpression", depth: 3, parent_type: "ExpressionStatement"}, location: %{depth: 3, end_column: 33, end_line: 3, start_line: 3, start_column: 0}, severity: "medium", pattern_id: "js-path-traversal-join", pattern_name: "Path Traversal via path.join", recommendation: "Review this code for potential security issues", confidence: 0.7, pattern_type: :path_traversal}
18:48:33.933 [debug] Match confidence: 0.5005, min_confidence: 0.7, match: %{type: "js-path-traversal-concat", context: %{node_type: "BinaryExpression", depth: 4, parent_type: "CallExpression", argument_position: 0}, location: %{depth: 4, end_column: 32, end_line: 3, start_line: 3, start_column: 12}, severity: "medium", pattern_id: "js-path-traversal-concat", pattern_name: "Path Traversal via String Concatenation", recommendation: "Review this code for potential security issues", confidence: 0.7, pattern_type: :path_traversal}
18:48:33.933 [debug] Match confidence: 0.5005, min_confidence: 0.7, match: %{type: "js-weak-crypto-md5", context: %{node_type: "CallExpression", depth: 3, parent_type: "ExpressionStatement"}, location: %{depth: 3, end_column: 33, end_line: 3, start_line: 3, start_column: 0}, severity: "medium", pattern_id: "js-weak-crypto-md5", pattern_name: "Weak Cryptography - MD5", recommendation: "Review this code for potential security issues", confidence: 0.7, pattern_type: :weak_crypto}
18:48:33.933 [debug] Match confidence: 0.5005, min_confidence: 0.7, match: %{type: "js-weak-crypto-sha1", context: %{node_type: "CallExpression", depth: 3, parent_type: "ExpressionStatement"}, location: %{depth: 3, end_column: 33, end_line: 3, start_line: 3, start_column: 0}, severity: "medium", pattern_id: "js-weak-crypto-sha1", pattern_name: "Weak Cryptography - SHA1", recommendation: "Review this code for potential security issues", confidence: 0.7, pattern_type: :weak_crypto}
18:48:33.933 [debug] Match confidence: 0.616, min_confidence: 0.7, match: %{type: "js-hardcoded-secret-password", context: %{node_type: "VariableDeclarator", depth: 3, parent_type: "VariableDeclaration"}, location: %{depth: 3, end_column: 58, end_line: 2, start_line: 2, start_column: 6}, severity: "high", pattern_id: "js-hardcoded-secret-password", pattern_name: "Hardcoded Password", recommendation: "Review this code for potential security issues", confidence: 0.9, pattern_type: :hardcoded_secret}
18:48:33.933 [debug] Match confidence: 0.616, min_confidence: 0.7, match: %{type: "js-hardcoded-secret-api-key", context: %{node_type: "VariableDeclarator", depth: 3, parent_type: "VariableDeclaration"}, location: %{depth: 3, end_column: 58, end_line: 2, start_line: 2, start_column: 6}, severity: "high", pattern_id: "js-hardcoded-secret-api-key", pattern_name: "Hardcoded API Key", recommendation: "Review this code for potential security issues", confidence: 0.9, pattern_type: :hardcoded_secret}
18:48:33.933 [debug] Match confidence: 0.5005, min_confidence: 0.7, match: %{type: "js-open-redirect", context: %{node_type: "CallExpression", depth: 3, parent_type: "ExpressionStatement"}, location: %{depth: 3, end_column: 33, end_line: 3, start_line: 3, start_column: 0}, severity: "medium", pattern_id: "js-open-redirect", pattern_name: "Open Redirect Vulnerability", recommendation: "Review this code for potential security issues", confidence: 0.7, pattern_type: :open_redirect}
18:48:33.933 [debug] Match confidence: 0.5005, min_confidence: 0.7, match: %{type: "js-insecure-random", context: %{node_type: "CallExpression", depth: 3, parent_type: "ExpressionStatement"}, location: %{depth: 3, end_column: 33, end_line: 3, start_line: 3, start_column: 0}, severity: "medium", pattern_id: "js-insecure-random", pattern_name: "Insecure Random Number Generation", recommendation: "Review this code for potential security issues", confidence: 0.7, pattern_type: :insecure_random}
18:48:33.933 [debug] Match confidence: 0.38675, min_confidence: 0.7, match: %{type: "js-nosql-injection", context: %{node_type: "CallExpression", depth: 3, parent_type: "ExpressionStatement"}, location: %{depth: 3, end_column: 33, end_line: 3, start_line: 3, start_column: 0}, severity: "high", pattern_id: "js-nosql-injection", pattern_name: "NoSQL Injection", recommendation: "Review this code for potential security issues", confidence: 0.85, pattern_type: :nosql_injection}
18:48:33.933 [debug] Match confidence: 0.38675, min_confidence: 0.7, match: %{type: "js-ldap-injection", context: %{node_type: "CallExpression", depth: 3, parent_type: "ExpressionStatement"}, location: %{depth: 3, end_column: 33, end_line: 3, start_line: 3, start_column: 0}, severity: "high", pattern_id: "js-ldap-injection", pattern_name: "LDAP Injection", recommendation: "Review this code for potential security issues", confidence: 0.85, pattern_type: :ldap_injection}
18:48:33.933 [debug] Match confidence: 0.38675, min_confidence: 0.7, match: %{type: "js-xpath-injection", context: %{node_type: "CallExpression", depth: 3, parent_type: "ExpressionStatement"}, location: %{depth: 3, end_column: 33, end_line: 3, start_line: 3, start_column: 0}, severity: "high", pattern_id: "js-xpath-injection", pattern_name: "XPath Injection", recommendation: "Review this code for potential security issues", confidence: 0.85, pattern_type: :xpath_injection}
18:48:33.933 [debug] Match confidence: 0.5005, min_confidence: 0.7, match: %{type: "js-ssrf", context: %{node_type: "CallExpression", depth: 3, parent_type: "ExpressionStatement"}, location: %{depth: 3, end_column: 33, end_line: 3, start_line: 3, start_column: 0}, severity: "medium", pattern_id: "js-ssrf", pattern_name: "Server-Side Request Forgery (SSRF)", recommendation: "Review this code for potential security issues", confidence: 0.7, pattern_type: :ssrf}
18:48:33.933 [debug] Match confidence: 0.5005, min_confidence: 0.7, match: %{type: "js-insecure-deserialization", context: %{node_type: "CallExpression", depth: 3, parent_type: "ExpressionStatement"}, location: %{depth: 3, end_column: 33, end_line: 3, start_line: 3, start_column: 0}, severity: "medium", pattern_id: "js-insecure-deserialization", pattern_name: "Insecure Deserialization", recommendation: "Review this code for potential security issues", confidence: 0.7, pattern_type: :deserialization}
18:48:33.933 [debug] Match confidence: 0.5005, min_confidence: 0.7, match: %{type: "js-jwt-none-algorithm", context: %{node_type: "CallExpression", depth: 3, parent_type: "ExpressionStatement"}, location: %{depth: 3, end_column: 33, end_line: 3, start_line: 3, start_column: 0}, severity: "medium", pattern_id: "js-jwt-none-algorithm", pattern_name: "JWT None Algorithm Vulnerability", recommendation: "Review this code for potential security issues", confidence: 0.7, pattern_type: :authentication}
18:48:33.933 [debug] Match confidence: 0.5005, min_confidence: 0.7, match: %{type: "js-debug-console-log", context: %{node_type: "CallExpression", depth: 3, parent_type: "ExpressionStatement"}, location: %{depth: 3, end_column: 33, end_line: 3, start_line: 3, start_column: 0}, severity: "medium", pattern_id: "js-debug-console-log", pattern_name: "Sensitive Data in Console Logs", recommendation: "Review this code for potential security issues", confidence: 0.7, pattern_type: :information_disclosure}
18:48:34.064 [debug] Parser response received
18:48:34.065 [info] AnalysisService: Loaded 30 patterns for javascript
18:48:34.066 [info] AnalysisService: Found 15 matches
18:48:34.066 [debug] Match confidence: 0.5145, min_confidence: 0.7, match: %{type: "js-xss-document-write", context: %{node_type: "CallExpression", depth: 5, parent_type: "ExpressionStatement", in_function: "processUserInput"}, location: %{depth: 5, end_column: 13, end_line: 3, start_line: 3, start_column: 2}, severity: "high", pattern_id: "js-xss-document-write", pattern_name: "Cross-Site Scripting (XSS) via document.write", recommendation: "Review this code for potential security issues", confidence: 0.85, pattern_type: :xss}
18:48:34.066 [debug] Match confidence: 0.5145, min_confidence: 0.7, match: %{type: "js-xss-jquery-html", context: %{node_type: "CallExpression", depth: 5, parent_type: "ExpressionStatement", in_function: "processUserInput"}, location: %{depth: 5, end_column: 13, end_line: 3, start_line: 3, start_column: 2}, severity: "high", pattern_id: "js-xss-jquery-html", pattern_name: "XSS via jQuery html()", recommendation: "Review this code for potential security issues", confidence: 0.85, pattern_type: :xss}
18:48:34.066 [debug] Match confidence: 0.5005, min_confidence: 0.7, match: %{type: "js-path-traversal-join", context: %{node_type: "CallExpression", depth: 5, parent_type: "ExpressionStatement", in_function: "processUserInput"}, location: %{depth: 5, end_column: 13, end_line: 3, start_line: 3, start_column: 2}, severity: "medium", pattern_id: "js-path-traversal-join", pattern_name: "Path Traversal via path.join", recommendation: "Review this code for potential security issues", confidence: 0.7, pattern_type: :path_traversal}
18:48:34.066 [debug] Match confidence: 0.5005, min_confidence: 0.7, match: %{type: "js-weak-crypto-md5", context: %{node_type: "CallExpression", depth: 5, parent_type: "ExpressionStatement", in_function: "processUserInput"}, location: %{depth: 5, end_column: 13, end_line: 3, start_line: 3, start_column: 2}, severity: "medium", pattern_id: "js-weak-crypto-md5", pattern_name: "Weak Cryptography - MD5", recommendation: "Review this code for potential security issues", confidence: 0.7, pattern_type: :weak_crypto}
18:48:34.066 [debug] Match confidence: 0.5005, min_confidence: 0.7, match: %{type: "js-weak-crypto-sha1", context: %{node_type: "CallExpression", depth: 5, parent_type: "ExpressionStatement", in_function: "processUserInput"}, location: %{depth: 5, end_column: 13, end_line: 3, start_line: 3, start_column: 2}, severity: "medium", pattern_id: "js-weak-crypto-sha1", pattern_name: "Weak Cryptography - SHA1", recommendation: "Review this code for potential security issues", confidence: 0.7, pattern_type: :weak_crypto}
18:48:34.066 [debug] Match confidence: 0.8308749999999999, min_confidence: 0.7, match: %{type: "js-eval-user-input", context: %{node_type: "CallExpression", depth: 5, parent_type: "ExpressionStatement", in_function: "processUserInput"}, location: %{depth: 5, end_column: 13, end_line: 3, start_line: 3, start_column: 2}, severity: "critical", pattern_id: "js-eval-user-input", pattern_name: "Dangerous eval() with User Input", recommendation: "Review this code for potential security issues", confidence: 0.95, pattern_type: :rce}
.18:48:34.066 [debug] Match confidence: 0.5005, min_confidence: 0.7, match: %{type: "js-open-redirect", context: %{node_type: "CallExpression", depth: 5, parent_type: "ExpressionStatement", in_function: "processUserInput"}, location: %{depth: 5, end_column: 13, end_line: 3, start_line: 3, start_column: 2}, severity: "medium", pattern_id: "js-open-redirect", pattern_name: "Open Redirect Vulnerability", recommendation: "Review this code for potential security issues", confidence: 0.7, pattern_type: :open_redirect}
18:48:34.066 [debug] Match confidence: 0.5005, min_confidence: 0.7, match: %{type: "js-insecure-random", context: %{node_type: "CallExpression", depth: 5, parent_type: "ExpressionStatement", in_function: "processUserInput"}, location: %{depth: 5, end_column: 13, end_line: 3, start_line: 3, start_column: 2}, severity: "medium", pattern_id: "js-insecure-random", pattern_name: "Insecure Random Number Generation", recommendation: "Review this code for potential security issues", confidence: 0.7, pattern_type: :insecure_random}
18:48:34.066 [debug] Match confidence: 0.38675, min_confidence: 0.7, match: %{type: "js-nosql-injection", context: %{node_type: "CallExpression", depth: 5, parent_type: "ExpressionStatement", in_function: "processUserInput"}, location: %{depth: 5, end_column: 13, end_line: 3, start_line: 3, start_column: 2}, severity: "high", pattern_id: "js-nosql-injection", pattern_name: "NoSQL Injection", recommendation: "Review this code for potential security issues", confidence: 0.85, pattern_type: :nosql_injection}
18:48:34.067 [debug] Match confidence: 0.38675, min_confidence: 0.7, match: %{type: "js-ldap-injection", context: %{node_type: "CallExpression", depth: 5, parent_type: "ExpressionStatement", in_function: "processUserInput"}, location: %{depth: 5, end_column: 13, end_line: 3, start_line: 3, start_column: 2}, severity: "high", pattern_id: "js-ldap-injection", pattern_name: "LDAP Injection", recommendation: "Review this code for potential security issues", confidence: 0.85, pattern_type: :ldap_injection}
18:48:34.067 [debug] Match confidence: 0.38675, min_confidence: 0.7, match: %{type: "js-xpath-injection", context: %{node_type: "CallExpression", depth: 5, parent_type: "ExpressionStatement", in_function: "processUserInput"}, location: %{depth: 5, end_column: 13, end_line: 3, start_line: 3, start_column: 2}, severity: "high", pattern_id: "js-xpath-injection", pattern_name: "XPath Injection", recommendation: "Review this code for potential security issues", confidence: 0.85, pattern_type: :xpath_injection}
18:48:34.067 [debug] Match confidence: 0.5005, min_confidence: 0.7, match: %{type: "js-ssrf", context: %{node_type: "CallExpression", depth: 5, parent_type: "ExpressionStatement", in_function: "processUserInput"}, location: %{depth: 5, end_column: 13, end_line: 3, start_line: 3, start_column: 2}, severity: "medium", pattern_id: "js-ssrf", pattern_name: "Server-Side Request Forgery (SSRF)", recommendation: "Review this code for potential security issues", confidence: 0.7, pattern_type: :ssrf}
18:48:34.067 [debug] Match confidence: 0.5005, min_confidence: 0.7, match: %{type: "js-insecure-deserialization", context: %{node_type: "CallExpression", depth: 5, parent_type: "ExpressionStatement", in_function: "processUserInput"}, location: %{depth: 5, end_column: 13, end_line: 3, start_line: 3, start_column: 2}, severity: "medium", pattern_id: "js-insecure-deserialization", pattern_name: "Insecure Deserialization", recommendation: "Review this code for potential security issues", confidence: 0.7, pattern_type: :deserialization}
18:48:34.067 [debug] Match confidence: 0.5005, min_confidence: 0.7, match: %{type: "js-jwt-none-algorithm", context: %{node_type: "CallExpression", depth: 5, parent_type: "ExpressionStatement", in_function: "processUserInput"}, location: %{depth: 5, end_column: 13, end_line: 3, start_line: 3, start_column: 2}, severity: "medium", pattern_id: "js-jwt-none-algorithm", pattern_name: "JWT None Algorithm Vulnerability", recommendation: "Review this code for potential security issues", confidence: 0.7, pattern_type: :authentication}
18:48:34.070 [debug] Match confidence: 0.5005, min_confidence: 0.7, match: %{type: "js-debug-console-log", context: %{node_type: "CallExpression", depth: 5, parent_type: "ExpressionStatement", in_function: "processUserInput"}, location: %{depth: 5, end_column: 13, end_line: 3, start_line: 3, start_column: 2}, severity: "medium", pattern_id: "js-debug-console-log", pattern_name: "Sensitive Data in Console Logs", recommendation: "Review this code for potential security issues", confidence: 0.7, pattern_type: :information_disclosure}
18:48:34.188 [debug] Parser response received
18:48:34.188 [info] AnalysisService: Loaded 30 patterns for javascript
18:48:34.191 [info] AnalysisService: Found 16 matches
18:48:34.191 [debug] Match confidence: 0.5145, min_confidence: 0.7, match: %{type: "js-xss-document-write", context: %{node_type: "CallExpression", depth: 6, parent_type: "VariableDeclarator", in_function: "process1"}, location: %{depth: 6, end_column: 37, end_line: 3, start_line: 3, start_column: 17}, severity: "high", pattern_id: "js-xss-document-write", pattern_name: "Cross-Site Scripting (XSS) via document.write", recommendation: "Review this code for potential security issues", confidence: 0.85, pattern_type: :xss}
18:48:34.191 [debug] Match confidence: 0.5145, min_confidence: 0.7, match: %{type: "js-xss-jquery-html", context: %{node_type: "CallExpression", depth: 6, parent_type: "VariableDeclarator", in_function: "process1"}, location: %{depth: 6, end_column: 37, end_line: 3, start_line: 3, start_column: 17}, severity: "high", pattern_id: "js-xss-jquery-html", pattern_name: "XSS via jQuery html()", recommendation: "Review this code for potential security issues", confidence: 0.85, pattern_type: :xss}
18:48:34.191 [debug] Match confidence: 0.5005, min_confidence: 0.7, match: %{type: "js-path-traversal-join", context: %{node_type: "CallExpression", depth: 6, parent_type: "VariableDeclarator", in_function: "process1"}, location: %{depth: 6, end_column: 37, end_line: 3, start_line: 3, start_column: 17}, severity: "medium", pattern_id: "js-path-traversal-join", pattern_name: "Path Traversal via path.join", recommendation: "Review this code for potential security issues", confidence: 0.7, pattern_type: :path_traversal}
18:48:34.191 [debug] Match confidence: 0.5005, min_confidence: 0.7, match: %{type: "js-weak-crypto-md5", context: %{node_type: "CallExpression", depth: 6, parent_type: "VariableDeclarator", in_function: "process1"}, location: %{depth: 6, end_column: 37, end_line: 3, start_line: 3, start_column: 17}, severity: "medium", pattern_id: "js-weak-crypto-md5", pattern_name: "Weak Cryptography - MD5", recommendation: "Review this code for potential security issues", confidence: 0.7, pattern_type: :weak_crypto}
18:48:34.191 [debug] Match confidence: 0.5005, min_confidence: 0.7, match: %{type: "js-weak-crypto-sha1", context: %{node_type: "CallExpression", depth: 6, parent_type: "VariableDeclarator", in_function: "process1"}, location: %{depth: 6, end_column: 37, end_line: 3, start_line: 3, start_column: 17}, severity: "medium", pattern_id: "js-weak-crypto-sha1", pattern_name: "Weak Cryptography - SHA1", recommendation: "Review this code for potential security issues", confidence: 0.7, pattern_type: :weak_crypto}
18:48:34.191 [debug] Match confidence: 0.616, min_confidence: 0.7, match: %{type: "js-hardcoded-secret-password", context: %{node_type: "VariableDeclarator", depth: 5, parent_type: "VariableDeclaration", in_function: "process1"}, location: %{depth: 5, end_column: 37, end_line: 3, start_line: 3, start_column: 8}, severity: "high", pattern_id: "js-hardcoded-secret-password", pattern_name: "Hardcoded Password", recommendation: "Review this code for potential security issues", confidence: 0.9, pattern_type: :hardcoded_secret}
18:48:34.191 [debug] Match confidence: 0.616, min_confidence: 0.7, match: %{type: "js-hardcoded-secret-api-key", context: %{node_type: "VariableDeclarator", depth: 5, parent_type: "VariableDeclaration", in_function: "process1"}, location: %{depth: 5, end_column: 37, end_line: 3, start_line: 3, start_column: 8}, severity: "high", pattern_id: "js-hardcoded-secret-api-key", pattern_name: "Hardcoded API Key", recommendation: "Review this code for potential security issues", confidence: 0.9, pattern_type: :hardcoded_secret}
18:48:34.191 [debug] Match confidence: 0.5005, min_confidence: 0.7, match: %{type: "js-open-redirect", context: %{node_type: "CallExpression", depth: 6, parent_type: "VariableDeclarator", in_function: "process1"}, location: %{depth: 6, end_column: 37, end_line: 3, start_line: 3, start_column: 17}, severity: "medium", pattern_id: "js-open-redirect", pattern_name: "Open Redirect Vulnerability", recommendation: "Review this code for potential security issues", confidence: 0.7, pattern_type: :open_redirect}
18:48:34.191 [debug] Match confidence: 0.5005, min_confidence: 0.7, match: %{type: "js-insecure-random", context: %{node_type: "CallExpression", depth: 6, parent_type: "VariableDeclarator", in_function: "process1"}, location: %{depth: 6, end_column: 37, end_line: 3, start_line: 3, start_column: 17}, severity: "medium", pattern_id: "js-insecure-random", pattern_name: "Insecure Random Number Generation", recommendation: "Review this code for potential security issues", confidence: 0.7, pattern_type: :insecure_random}
18:48:34.191 [debug] Match confidence: 0.38675, min_confidence: 0.7, match: %{type: "js-nosql-injection", context: %{node_type: "CallExpression", depth: 6, parent_type: "VariableDeclarator", in_function: "process1"}, location: %{depth: 6, end_column: 37, end_line: 3, start_line: 3, start_column: 17}, severity: "high", pattern_id: "js-nosql-injection", pattern_name: "NoSQL Injection", recommendation: "Review this code for potential security issues", confidence: 0.85, pattern_type: :nosql_injection}
18:48:34.191 [debug] Match confidence: 0.38675, min_confidence: 0.7, match: %{type: "js-ldap-injection", context: %{node_type: "CallExpression", depth: 6, parent_type: "VariableDeclarator", in_function: "process1"}, location: %{depth: 6, end_column: 37, end_line: 3, start_line: 3, start_column: 17}, severity: "high", pattern_id: "js-ldap-injection", pattern_name: "LDAP Injection", recommendation: "Review this code for potential security issues", confidence: 0.85, pattern_type: :ldap_injection}
18:48:34.191 [debug] Match confidence: 0.38675, min_confidence: 0.7, match: %{type: "js-xpath-injection", context: %{node_type: "CallExpression", depth: 6, parent_type: "VariableDeclarator", in_function: "process1"}, location: %{depth: 6, end_column: 37, end_line: 3, start_line: 3, start_column: 17}, severity: "high", pattern_id: "js-xpath-injection", pattern_name: "XPath Injection", recommendation: "Review this code for potential security issues", confidence: 0.85, pattern_type: :xpath_injection}
18:48:34.191 [debug] Match confidence: 0.5005, min_confidence: 0.7, match: %{type: "js-ssrf", context: %{node_type: "CallExpression", depth: 6, parent_type: "VariableDeclarator", in_function: "process1"}, location: %{depth: 6, end_column: 37, end_line: 3, start_line: 3, start_column: 17}, severity: "medium", pattern_id: "js-ssrf", pattern_name: "Server-Side Request Forgery (SSRF)", recommendation: "Review this code for potential security issues", confidence: 0.7, pattern_type: :ssrf}
18:48:34.191 [debug] Match confidence: 0.5005, min_confidence: 0.7, match: %{type: "js-insecure-deserialization", context: %{node_type: "CallExpression", depth: 6, parent_type: "VariableDeclarator", in_function: "process1"}, location: %{depth: 6, end_column: 37, end_line: 3, start_line: 3, start_column: 17}, severity: "medium", pattern_id: "js-insecure-deserialization", pattern_name: "Insecure Deserialization", recommendation: "Review this code for potential security issues", confidence: 0.7, pattern_type: :deserialization}
18:48:34.191 [debug] Match confidence: 0.5005, min_confidence: 0.7, match: %{type: "js-jwt-none-algorithm", context: %{node_type: "CallExpression", depth: 6, parent_type: "VariableDeclarator", in_function: "process1"}, location: %{depth: 6, end_column: 37, end_line: 3, start_line: 3, start_column: 17}, severity: "medium", pattern_id: "js-jwt-none-algorithm", pattern_name: "JWT None Algorithm Vulnerability", recommendation: "Review this code for potential security issues", confidence: 0.7, pattern_type: :authentication}
18:48:34.192 [debug] Match confidence: 0.5005, min_confidence: 0.7, match: %{type: "js-debug-console-log", context: %{node_type: "CallExpression", depth: 6, parent_type: "VariableDeclarator", in_function: "process1"}, location: %{depth: 6, end_column: 37, end_line: 3, start_line: 3, start_column: 17}, severity: "medium", pattern_id: "js-debug-console-log", pattern_name: "Sensitive Data in Console Logs", recommendation: "Review this code for potential security issues", confidence: 0.7, pattern_type: :information_disclosure}
18:48:34.332 [debug] Parser response received
18:48:34.332 [info] AnalysisService: Loaded 30 patterns for javascript
18:48:34.335 [info] AnalysisService: Found 16 matches
18:48:34.335 [debug] Match confidence: 0.5145, min_confidence: 0.7, match: %{type: "js-xss-document-write", context: %{node_type: "CallExpression", depth: 6, parent_type: "VariableDeclarator", in_function: "process2"}, location: %{depth: 6, end_column: 37, end_line: 3, start_line: 3, start_column: 17}, severity: "high", pattern_id: "js-xss-document-write", pattern_name: "Cross-Site Scripting (XSS) via document.write", recommendation: "Review this code for potential security issues", confidence: 0.85, pattern_type: :xss}
18:48:34.335 [debug] Match confidence: 0.5145, min_confidence: 0.7, match: %{type: "js-xss-jquery-html", context: %{node_type: "CallExpression", depth: 6, parent_type: "VariableDeclarator", in_function: "process2"}, location: %{depth: 6, end_column: 37, end_line: 3, start_line: 3, start_column: 17}, severity: "high", pattern_id: "js-xss-jquery-html", pattern_name: "XSS via jQuery html()", recommendation: "Review this code for potential security issues", confidence: 0.85, pattern_type: :xss}
18:48:34.335 [debug] Match confidence: 0.5005, min_confidence: 0.7, match: %{type: "js-path-traversal-join", context: %{node_type: "CallExpression", depth: 6, parent_type: "VariableDeclarator", in_function: "process2"}, location: %{depth: 6, end_column: 37, end_line: 3, start_line: 3, start_column: 17}, severity: "medium", pattern_id: "js-path-traversal-join", pattern_name: "Path Traversal via path.join", recommendation: "Review this code for potential security issues", confidence: 0.7, pattern_type: :path_traversal}
18:48:34.335 [debug] Match confidence: 0.5005, min_confidence: 0.7, match: %{type: "js-weak-crypto-md5", context: %{node_type: "CallExpression", depth: 6, parent_type: "VariableDeclarator", in_function: "process2"}, location: %{depth: 6, end_column: 37, end_line: 3, start_line: 3, start_column: 17}, severity: "medium", pattern_id: "js-weak-crypto-md5", pattern_name: "Weak Cryptography - MD5", recommendation: "Review this code for potential security issues", confidence: 0.7, pattern_type: :weak_crypto}
18:48:34.335 [debug] Match confidence: 0.5005, min_confidence: 0.7, match: %{type: "js-weak-crypto-sha1", context: %{node_type: "CallExpression", depth: 6, parent_type: "VariableDeclarator", in_function: "process2"}, location: %{depth: 6, end_column: 37, end_line: 3, start_line: 3, start_column: 17}, severity: "medium", pattern_id: "js-weak-crypto-sha1", pattern_name: "Weak Cryptography - SHA1", recommendation: "Review this code for potential security issues", confidence: 0.7, pattern_type: :weak_crypto}
18:48:34.335 [debug] Match confidence: 0.616, min_confidence: 0.7, match: %{type: "js-hardcoded-secret-password", context: %{node_type: "VariableDeclarator", depth: 5, parent_type: "VariableDeclaration", in_function: "process2"}, location: %{depth: 5, end_column: 37, end_line: 3, start_line: 3, start_column: 8}, severity: "high", pattern_id: "js-hardcoded-secret-password", pattern_name: "Hardcoded Password", recommendation: "Review this code for potential security issues", confidence: 0.9, pattern_type: :hardcoded_secret}
18:48:34.335 [debug] Match confidence: 0.616, min_confidence: 0.7, match: %{type: "js-hardcoded-secret-api-key", context: %{node_type: "VariableDeclarator", depth: 5, parent_type: "VariableDeclaration", in_function: "process2"}, location: %{depth: 5, end_column: 37, end_line: 3, start_line: 3, start_column: 8}, severity: "high", pattern_id: "js-hardcoded-secret-api-key", pattern_name: "Hardcoded API Key", recommendation: "Review this code for potential security issues", confidence: 0.9, pattern_type: :hardcoded_secret}
18:48:34.335 [debug] Match confidence: 0.5005, min_confidence: 0.7, match: %{type: "js-open-redirect", context: %{node_type: "CallExpression", depth: 6, parent_type: "VariableDeclarator", in_function: "process2"}, location: %{depth: 6, end_column: 37, end_line: 3, start_line: 3, start_column: 17}, severity: "medium", pattern_id: "js-open-redirect", pattern_name: "Open Redirect Vulnerability", recommendation: "Review this code for potential security issues", confidence: 0.7, pattern_type: :open_redirect}
18:48:34.335 [debug] Match confidence: 0.5005, min_confidence: 0.7, match: %{type: "js-insecure-random", context: %{node_type: "CallExpression", depth: 6, parent_type: "VariableDeclarator", in_function: "process2"}, location: %{depth: 6, end_column: 37, end_line: 3, start_line: 3, start_column: 17}, severity: "medium", pattern_id: "js-insecure-random", pattern_name: "Insecure Random Number Generation", recommendation: "Review this code for potential security issues", confidence: 0.7, pattern_type: :insecure_random}
18:48:34.335 [debug] Match confidence: 0.38675, min_confidence: 0.7, match: %{type: "js-nosql-injection", context: %{node_type: "CallExpression", depth: 6, parent_type: "VariableDeclarator", in_function: "process2"}, location: %{depth: 6, end_column: 37, end_line: 3, start_line: 3, start_column: 17}, severity: "high", pattern_id: "js-nosql-injection", pattern_name: "NoSQL Injection", recommendation: "Review this code for potential security issues", confidence: 0.85, pattern_type: :nosql_injection}
18:48:34.335 [debug] Match confidence: 0.38675, min_confidence: 0.7, match: %{type: "js-ldap-injection", context: %{node_type: "CallExpression", depth: 6, parent_type: "VariableDeclarator", in_function: "process2"}, location: %{depth: 6, end_column: 37, end_line: 3, start_line: 3, start_column: 17}, severity: "high", pattern_id: "js-ldap-injection", pattern_name: "LDAP Injection", recommendation: "Review this code for potential security issues", confidence: 0.85, pattern_type: :ldap_injection}
18:48:34.335 [debug] Match confidence: 0.38675, min_confidence: 0.7, match: %{type: "js-xpath-injection", context: %{node_type: "CallExpression", depth: 6, parent_type: "VariableDeclarator", in_function: "process2"}, location: %{depth: 6, end_column: 37, end_line: 3, start_line: 3, start_column: 17}, severity: "high", pattern_id: "js-xpath-injection", pattern_name: "XPath Injection", recommendation: "Review this code for potential security issues", confidence: 0.85, pattern_type: :xpath_injection}
18:48:34.335 [debug] Match confidence: 0.5005, min_confidence: 0.7, match: %{type: "js-ssrf", context: %{node_type: "CallExpression", depth: 6, parent_type: "VariableDeclarator", in_function: "process2"}, location: %{depth: 6, end_column: 37, end_line: 3, start_line: 3, start_column: 17}, severity: "medium", pattern_id: "js-ssrf", pattern_name: "Server-Side Request Forgery (SSRF)", recommendation: "Review this code for potential security issues", confidence: 0.7, pattern_type: :ssrf}
18:48:34.335 [debug] Match confidence: 0.5005, min_confidence: 0.7, match: %{type: "js-insecure-deserialization", context: %{node_type: "CallExpression", depth: 6, parent_type: "VariableDeclarator", in_function: "process2"}, location: %{depth: 6, end_column: 37, end_line: 3, start_line: 3, start_column: 17}, severity: "medium", pattern_id: "js-insecure-deserialization", pattern_name: "Insecure Deserialization", recommendation: "Review this code for potential security issues", confidence: 0.7, pattern_type: :deserialization}
18:48:34.335 [debug] Match confidence: 0.5005, min_confidence: 0.7, match: %{type: "js-jwt-none-algorithm", context: %{node_type: "CallExpression", depth: 6, parent_type: "VariableDeclarator", in_function: "process2"}, location: %{depth: 6, end_column: 37, end_line: 3, start_line: 3, start_column: 17}, severity: "medium", pattern_id: "js-jwt-none-algorithm", pattern_name: "JWT None Algorithm Vulnerability", recommendation: "Review this code for potential security issues", confidence: 0.7, pattern_type: :authentication}
18:48:34.336 [debug] Match confidence: 0.5005, min_confidence: 0.7, match: %{type: "js-debug-console-log", context: %{node_type: "CallExpression", depth: 6, parent_type: "VariableDeclarator", in_function: "process2"}, location: %{depth: 6, end_column: 37, end_line: 3, start_line: 3, start_column: 17}, severity: "medium", pattern_id: "js-debug-console-log", pattern_name: "Sensitive Data in Console Logs", recommendation: "Review this code for potential security issues", confidence: 0.7, pattern_type: :information_disclosure}
18:48:34.481 [debug] Parser response received
18:48:34.484 [info] AnalysisService: Loaded 30 patterns for javascript
18:48:34.491 [info] AnalysisService: Found 16 matches
18:48:34.491 [debug] Match confidence: 0.5145, min_confidence: 0.7, match: %{type: "js-xss-document-write", context: %{node_type: "CallExpression", depth: 6, parent_type: "VariableDeclarator", in_function: "process3"}, location: %{depth: 6, end_column: 37, end_line: 3, start_line: 3, start_column: 17}, severity: "high", pattern_id: "js-xss-document-write", pattern_name: "Cross-Site Scripting (XSS) via document.write", recommendation: "Review this code for potential security issues", confidence: 0.85, pattern_type: :xss}
18:48:34.491 [debug] Match confidence: 0.5145, min_confidence: 0.7, match: %{type: "js-xss-jquery-html", context: %{node_type: "CallExpression", depth: 6, parent_type: "VariableDeclarator", in_function: "process3"}, location: %{depth: 6, end_column: 37, end_line: 3, start_line: 3, start_column: 17}, severity: "high", pattern_id: "js-xss-jquery-html", pattern_name: "XSS via jQuery html()", recommendation: "Review this code for potential security issues", confidence: 0.85, pattern_type: :xss}
18:48:34.492 [debug] Match confidence: 0.5005, min_confidence: 0.7, match: %{type: "js-path-traversal-join", context: %{node_type: "CallExpression", depth: 6, parent_type: "VariableDeclarator", in_function: "process3"}, location: %{depth: 6, end_column: 37, end_line: 3, start_line: 3, start_column: 17}, severity: "medium", pattern_id: "js-path-traversal-join", pattern_name: "Path Traversal via path.join", recommendation: "Review this code for potential security issues", confidence: 0.7, pattern_type: :path_traversal}
18:48:34.492 [debug] Match confidence: 0.5005, min_confidence: 0.7, match: %{type: "js-weak-crypto-md5", context: %{node_type: "CallExpression", depth: 6, parent_type: "VariableDeclarator", in_function: "process3"}, location: %{depth: 6, end_column: 37, end_line: 3, start_line: 3, start_column: 17}, severity: "medium", pattern_id: "js-weak-crypto-md5", pattern_name: "Weak Cryptography - MD5", recommendation: "Review this code for potential security issues", confidence: 0.7, pattern_type: :weak_crypto}
18:48:34.492 [debug] Match confidence: 0.5005, min_confidence: 0.7, match: %{type: "js-weak-crypto-sha1", context: %{node_type: "CallExpression", depth: 6, parent_type: "VariableDeclarator", in_function: "process3"}, location: %{depth: 6, end_column: 37, end_line: 3, start_line: 3, start_column: 17}, severity: "medium", pattern_id: "js-weak-crypto-sha1", pattern_name: "Weak Cryptography - SHA1", recommendation: "Review this code for potential security issues", confidence: 0.7, pattern_type: :weak_crypto}
18:48:34.492 [debug] Match confidence: 0.616, min_confidence: 0.7, match: %{type: "js-hardcoded-secret-password", context: %{node_type: "VariableDeclarator", depth: 5, parent_type: "VariableDeclaration", in_function: "process3"}, location: %{depth: 5, end_column: 37, end_line: 3, start_line: 3, start_column: 8}, severity: "high", pattern_id: "js-hardcoded-secret-password", pattern_name: "Hardcoded Password", recommendation: "Review this code for potential security issues", confidence: 0.9, pattern_type: :hardcoded_secret}
18:48:34.492 [debug] Match confidence: 0.616, min_confidence: 0.7, match: %{type: "js-hardcoded-secret-api-key", context: %{node_type: "VariableDeclarator", depth: 5, parent_type: "VariableDeclaration", in_function: "process3"}, location: %{depth: 5, end_column: 37, end_line: 3, start_line: 3, start_column: 8}, severity: "high", pattern_id: "js-hardcoded-secret-api-key", pattern_name: "Hardcoded API Key", recommendation: "Review this code for potential security issues", confidence: 0.9, pattern_type: :hardcoded_secret}
18:48:34.492 [debug] Match confidence: 0.5005, min_confidence: 0.7, match: %{type: "js-open-redirect", context: %{node_type: "CallExpression", depth: 6, parent_type: "VariableDeclarator", in_function: "process3"}, location: %{depth: 6, end_column: 37, end_line: 3, start_line: 3, start_column: 17}, severity: "medium", pattern_id: "js-open-redirect", pattern_name: "Open Redirect Vulnerability", recommendation: "Review this code for potential security issues", confidence: 0.7, pattern_type: :open_redirect}
18:48:34.492 [debug] Match confidence: 0.5005, min_confidence: 0.7, match: %{type: "js-insecure-random", context: %{node_type: "CallExpression", depth: 6, parent_type: "VariableDeclarator", in_function: "process3"}, location: %{depth: 6, end_column: 37, end_line: 3, start_line: 3, start_column: 17}, severity: "medium", pattern_id: "js-insecure-random", pattern_name: "Insecure Random Number Generation", recommendation: "Review this code for potential security issues", confidence: 0.7, pattern_type: :insecure_random}
18:48:34.492 [debug] Match confidence: 0.38675, min_confidence: 0.7, match: %{type: "js-nosql-injection", context: %{node_type: "CallExpression", depth: 6, parent_type: "VariableDeclarator", in_function: "process3"}, location: %{depth: 6, end_column: 37, end_line: 3, start_line: 3, start_column: 17}, severity: "high", pattern_id: "js-nosql-injection", pattern_name: "NoSQL Injection", recommendation: "Review this code for potential security issues", confidence: 0.85, pattern_type: :nosql_injection}
18:48:34.492 [debug] Match confidence: 0.38675, min_confidence: 0.7, match: %{type: "js-ldap-injection", context: %{node_type: "CallExpression", depth: 6, parent_type: "VariableDeclarator", in_function: "process3"}, location: %{depth: 6, end_column: 37, end_line: 3, start_line: 3, start_column: 17}, severity: "high", pattern_id: "js-ldap-injection", pattern_name: "LDAP Injection", recommendation: "Review this code for potential security issues", confidence: 0.85, pattern_type: :ldap_injection}
18:48:34.492 [debug] Match confidence: 0.38675, min_confidence: 0.7, match: %{type: "js-xpath-injection", context: %{node_type: "CallExpression", depth: 6, parent_type: "VariableDeclarator", in_function: "process3"}, location: %{depth: 6, end_column: 37, end_line: 3, start_line: 3, start_column: 17}, severity: "high", pattern_id: "js-xpath-injection", pattern_name: "XPath Injection", recommendation: "Review this code for potential security issues", confidence: 0.85, pattern_type: :xpath_injection}
18:48:34.492 [debug] Match confidence: 0.5005, min_confidence: 0.7, match: %{type: "js-ssrf", context: %{node_type: "CallExpression", depth: 6, parent_type: "VariableDeclarator", in_function: "process3"}, location: %{depth: 6, end_column: 37, end_line: 3, start_line: 3, start_column: 17}, severity: "medium", pattern_id: "js-ssrf", pattern_name: "Server-Side Request Forgery (SSRF)", recommendation: "Review this code for potential security issues", confidence: 0.7, pattern_type: :ssrf}
18:48:34.492 [debug] Match confidence: 0.5005, min_confidence: 0.7, match: %{type: "js-insecure-deserialization", context: %{node_type: "CallExpression", depth: 6, parent_type: "VariableDeclarator", in_function: "process3"}, location: %{depth: 6, end_column: 37, end_line: 3, start_line: 3, start_column: 17}, severity: "medium", pattern_id: "js-insecure-deserialization", pattern_name: "Insecure Deserialization", recommendation: "Review this code for potential security issues", confidence: 0.7, pattern_type: :deserialization}
18:48:34.492 [debug] Match confidence: 0.5005, min_confidence: 0.7, match: %{type: "js-jwt-none-algorithm", context: %{node_type: "CallExpression", depth: 6, parent_type: "VariableDeclarator", in_function: "process3"}, location: %{depth: 6, end_column: 37, end_line: 3, start_line: 3, start_column: 17}, severity: "medium", pattern_id: "js-jwt-none-algorithm", pattern_name: "JWT None Algorithm Vulnerability", recommendation: "Review this code for potential security issues", confidence: 0.7, pattern_type: :authentication}
18:48:34.492 [debug] Match confidence: 0.5005, min_confidence: 0.7, match: %{type: "js-debug-console-log", context: %{node_type: "CallExpression", depth: 6, parent_type: "VariableDeclarator", in_function: "process3"}, location: %{depth: 6, end_column: 37, end_line: 3, start_line: 3, start_column: 17}, severity: "medium", pattern_id: "js-debug-console-log", pattern_name: "Sensitive Data in Console Logs", recommendation: "Review this code for potential security issues", confidence: 0.7, pattern_type: :information_disclosure}
18:48:34.635 [debug] Parser response received
18:48:34.635 [info] AnalysisService: Loaded 30 patterns for javascript
18:48:34.640 [info] AnalysisService: Found 16 matches
18:48:34.640 [debug] Match confidence: 0.5145, min_confidence: 0.7, match: %{type: "js-xss-document-write", context: %{node_type: "CallExpression", depth: 6, parent_type: "VariableDeclarator", in_function: "process4"}, location: %{depth: 6, end_column: 37, end_line: 3, start_line: 3, start_column: 17}, severity: "high", pattern_id: "js-xss-document-write", pattern_name: "Cross-Site Scripting (XSS) via document.write", recommendation: "Review this code for potential security issues", confidence: 0.85, pattern_type: :xss}
18:48:34.640 [debug] Match confidence: 0.5145, min_confidence: 0.7, match: %{type: "js-xss-jquery-html", context: %{node_type: "CallExpression", depth: 6, parent_type: "VariableDeclarator", in_function: "process4"}, location: %{depth: 6, end_column: 37, end_line: 3, start_line: 3, start_column: 17}, severity: "high", pattern_id: "js-xss-jquery-html", pattern_name: "XSS via jQuery html()", recommendation: "Review this code for potential security issues", confidence: 0.85, pattern_type: :xss}
18:48:34.640 [debug] Match confidence: 0.5005, min_confidence: 0.7, match: %{type: "js-path-traversal-join", context: %{node_type: "CallExpression", depth: 6, parent_type: "VariableDeclarator", in_function: "process4"}, location: %{depth: 6, end_column: 37, end_line: 3, start_line: 3, start_column: 17}, severity: "medium", pattern_id: "js-path-traversal-join", pattern_name: "Path Traversal via path.join", recommendation: "Review this code for potential security issues", confidence: 0.7, pattern_type: :path_traversal}
18:48:34.640 [debug] Match confidence: 0.5005, min_confidence: 0.7, match: %{type: "js-weak-crypto-md5", context: %{node_type: "CallExpression", depth: 6, parent_type: "VariableDeclarator", in_function: "process4"}, location: %{depth: 6, end_column: 37, end_line: 3, start_line: 3, start_column: 17}, severity: "medium", pattern_id: "js-weak-crypto-md5", pattern_name: "Weak Cryptography - MD5", recommendation: "Review this code for potential security issues", confidence: 0.7, pattern_type: :weak_crypto}
18:48:34.640 [debug] Match confidence: 0.5005, min_confidence: 0.7, match: %{type: "js-weak-crypto-sha1", context: %{node_type: "CallExpression", depth: 6, parent_type: "VariableDeclarator", in_function: "process4"}, location: %{depth: 6, end_column: 37, end_line: 3, start_line: 3, start_column: 17}, severity: "medium", pattern_id: "js-weak-crypto-sha1", pattern_name: "Weak Cryptography - SHA1", recommendation: "Review this code for potential security issues", confidence: 0.7, pattern_type: :weak_crypto}
18:48:34.640 [debug] Match confidence: 0.616, min_confidence: 0.7, match: %{type: "js-hardcoded-secret-password", context: %{node_type: "VariableDeclarator", depth: 5, parent_type: "VariableDeclaration", in_function: "process4"}, location: %{depth: 5, end_column: 37, end_line: 3, start_line: 3, start_column: 8}, severity: "high", pattern_id: "js-hardcoded-secret-password", pattern_name: "Hardcoded Password", recommendation: "Review this code for potential security issues", confidence: 0.9, pattern_type: :hardcoded_secret}
18:48:34.640 [debug] Match confidence: 0.616, min_confidence: 0.7, match: %{type: "js-hardcoded-secret-api-key", context: %{node_type: "VariableDeclarator", depth: 5, parent_type: "VariableDeclaration", in_function: "process4"}, location: %{depth: 5, end_column: 37, end_line: 3, start_line: 3, start_column: 8}, severity: "high", pattern_id: "js-hardcoded-secret-api-key", pattern_name: "Hardcoded API Key", recommendation: "Review this code for potential security issues", confidence: 0.9, pattern_type: :hardcoded_secret}
18:48:34.640 [debug] Match confidence: 0.5005, min_confidence: 0.7, match: %{type: "js-open-redirect", context: %{node_type: "CallExpression", depth: 6, parent_type: "VariableDeclarator", in_function: "process4"}, location: %{depth: 6, end_column: 37, end_line: 3, start_line: 3, start_column: 17}, severity: "medium", pattern_id: "js-open-redirect", pattern_name: "Open Redirect Vulnerability", recommendation: "Review this code for potential security issues", confidence: 0.7, pattern_type: :open_redirect}
18:48:34.640 [debug] Match confidence: 0.5005, min_confidence: 0.7, match: %{type: "js-insecure-random", context: %{node_type: "CallExpression", depth: 6, parent_type: "VariableDeclarator", in_function: "process4"}, location: %{depth: 6, end_column: 37, end_line: 3, start_line: 3, start_column: 17}, severity: "medium", pattern_id: "js-insecure-random", pattern_name: "Insecure Random Number Generation", recommendation: "Review this code for potential security issues", confidence: 0.7, pattern_type: :insecure_random}
18:48:34.640 [debug] Match confidence: 0.38675, min_confidence: 0.7, match: %{type: "js-nosql-injection", context: %{node_type: "CallExpression", depth: 6, parent_type: "VariableDeclarator", in_function: "process4"}, location: %{depth: 6, end_column: 37, end_line: 3, start_line: 3, start_column: 17}, severity: "high", pattern_id: "js-nosql-injection", pattern_name: "NoSQL Injection", recommendation: "Review this code for potential security issues", confidence: 0.85, pattern_type: :nosql_injection}
18:48:34.640 [debug] Match confidence: 0.38675, min_confidence: 0.7, match: %{type: "js-ldap-injection", context: %{node_type: "CallExpression", depth: 6, parent_type: "VariableDeclarator", in_function: "process4"}, location: %{depth: 6, end_column: 37, end_line: 3, start_line: 3, start_column: 17}, severity: "high", pattern_id: "js-ldap-injection", pattern_name: "LDAP Injection", recommendation: "Review this code for potential security issues", confidence: 0.85, pattern_type: :ldap_injection}
18:48:34.640 [debug] Match confidence: 0.38675, min_confidence: 0.7, match: %{type: "js-xpath-injection", context: %{node_type: "CallExpression", depth: 6, parent_type: "VariableDeclarator", in_function: "process4"}, location: %{depth: 6, end_column: 37, end_line: 3, start_line: 3, start_column: 17}, severity: "high", pattern_id: "js-xpath-injection", pattern_name: "XPath Injection", recommendation: "Review this code for potential security issues", confidence: 0.85, pattern_type: :xpath_injection}
18:48:34.640 [debug] Match confidence: 0.5005, min_confidence: 0.7, match: %{type: "js-ssrf", context: %{node_type: "CallExpression", depth: 6, parent_type: "VariableDeclarator", in_function: "process4"}, location: %{depth: 6, end_column: 37, end_line: 3, start_line: 3, start_column: 17}, severity: "medium", pattern_id: "js-ssrf", pattern_name: "Server-Side Request Forgery (SSRF)", recommendation: "Review this code for potential security issues", confidence: 0.7, pattern_type: :ssrf}
18:48:34.640 [debug] Match confidence: 0.5005, min_confidence: 0.7, match: %{type: "js-insecure-deserialization", context: %{node_type: "CallExpression", depth: 6, parent_type: "VariableDeclarator", in_function: "process4"}, location: %{depth: 6, end_column: 37, end_line: 3, start_line: 3, start_column: 17}, severity: "medium", pattern_id: "js-insecure-deserialization", pattern_name: "Insecure Deserialization", recommendation: "Review this code for potential security issues", confidence: 0.7, pattern_type: :deserialization}
18:48:34.640 [debug] Match confidence: 0.5005, min_confidence: 0.7, match: %{type: "js-jwt-none-algorithm", context: %{node_type: "CallExpression", depth: 6, parent_type: "VariableDeclarator", in_function: "process4"}, location: %{depth: 6, end_column: 37, end_line: 3, start_line: 3, start_column: 17}, severity: "medium", pattern_id: "js-jwt-none-algorithm", pattern_name: "JWT None Algorithm Vulnerability", recommendation: "Review this code for potential security issues", confidence: 0.7, pattern_type: :authentication}
18:48:34.640 [debug] Match confidence: 0.5005, min_confidence: 0.7, match: %{type: "js-debug-console-log", context: %{node_type: "CallExpression", depth: 6, parent_type: "VariableDeclarator", in_function: "process4"}, location: %{depth: 6, end_column: 37, end_line: 3, start_line: 3, start_column: 17}, severity: "medium", pattern_id: "js-debug-console-log", pattern_name: "Sensitive Data in Console Logs", recommendation: "Review this code for potential security issues", confidence: 0.7, pattern_type: :information_disclosure}
18:48:34.759 [debug] Parser response received
18:48:34.760 [info] AnalysisService: Loaded 30 patterns for javascript
18:48:34.762 [info] AnalysisService: Found 16 matches
18:48:34.763 [debug] Match confidence: 0.5145, min_confidence: 0.7, match: %{type: "js-xss-document-write", context: %{node_type: "CallExpression", depth: 6, parent_type: "VariableDeclarator", in_function: "process5"}, location: %{depth: 6, end_column: 37, end_line: 3, start_line: 3, start_column: 17}, severity: "high", pattern_id: "js-xss-document-write", pattern_name: "Cross-Site Scripting (XSS) via document.write", recommendation: "Review this code for potential security issues", confidence: 0.85, pattern_type: :xss}
18:48:34.763 [debug] Match confidence: 0.5145, min_confidence: 0.7, match: %{type: "js-xss-jquery-html", context: %{node_type: "CallExpression", depth: 6, parent_type: "VariableDeclarator", in_function: "process5"}, location: %{depth: 6, end_column: 37, end_line: 3, start_line: 3, start_column: 17}, severity: "high", pattern_id: "js-xss-jquery-html", pattern_name: "XSS via jQuery html()", recommendation: "Review this code for potential security issues", confidence: 0.85, pattern_type: :xss}
18:48:34.763 [debug] Match confidence: 0.5005, min_confidence: 0.7, match: %{type: "js-path-traversal-join", context: %{node_type: "CallExpression", depth: 6, parent_type: "VariableDeclarator", in_function: "process5"}, location: %{depth: 6, end_column: 37, end_line: 3, start_line: 3, start_column: 17}, severity: "medium", pattern_id: "js-path-traversal-join", pattern_name: "Path Traversal via path.join", recommendation: "Review this code for potential security issues", confidence: 0.7, pattern_type: :path_traversal}
18:48:34.763 [debug] Match confidence: 0.5005, min_confidence: 0.7, match: %{type: "js-weak-crypto-md5", context: %{node_type: "CallExpression", depth: 6, parent_type: "VariableDeclarator", in_function: "process5"}, location: %{depth: 6, end_column: 37, end_line: 3, start_line: 3, start_column: 17}, severity: "medium", pattern_id: "js-weak-crypto-md5", pattern_name: "Weak Cryptography - MD5", recommendation: "Review this code for potential security issues", confidence: 0.7, pattern_type: :weak_crypto}
18:48:34.763 [debug] Match confidence: 0.5005, min_confidence: 0.7, match: %{type: "js-weak-crypto-sha1", context: %{node_type: "CallExpression", depth: 6, parent_type: "VariableDeclarator", in_function: "process5"}, location: %{depth: 6, end_column: 37, end_line: 3, start_line: 3, start_column: 17}, severity: "medium", pattern_id: "js-weak-crypto-sha1", pattern_name: "Weak Cryptography - SHA1", recommendation: "Review this code for potential security issues", confidence: 0.7, pattern_type: :weak_crypto}
18:48:34.765 [debug] Match confidence: 0.616, min_confidence: 0.7, match: %{type: "js-hardcoded-secret-password", context: %{node_type: "VariableDeclarator", depth: 5, parent_type: "VariableDeclaration", in_function: "process5"}, location: %{depth: 5, end_column: 37, end_line: 3, start_line: 3, start_column: 8}, severity: "high", pattern_id: "js-hardcoded-secret-password", pattern_name: "Hardcoded Password", recommendation: "Review this code for potential security issues", confidence: 0.9, pattern_type: :hardcoded_secret}
18:48:34.765 [debug] Match confidence: 0.616, min_confidence: 0.7, match: %{type: "js-hardcoded-secret-api-key", context: %{node_type: "VariableDeclarator", depth: 5, parent_type: "VariableDeclaration", in_function: "process5"}, location: %{depth: 5, end_column: 37, end_line: 3, start_line: 3, start_column: 8}, severity: "high", pattern_id: "js-hardcoded-secret-api-key", pattern_name: "Hardcoded API Key", recommendation: "Review this code for potential security issues", confidence: 0.9, pattern_type: :hardcoded_secret}
18:48:34.765 [debug] Match confidence: 0.5005, min_confidence: 0.7, match: %{type: "js-open-redirect", context: %{node_type: "CallExpression", depth: 6, parent_type: "VariableDeclarator", in_function: "process5"}, location: %{depth: 6, end_column: 37, end_line: 3, start_line: 3, start_column: 17}, severity: "medium", pattern_id: "js-open-redirect", pattern_name: "Open Redirect Vulnerability", recommendation: "Review this code for potential security issues", confidence: 0.7, pattern_type: :open_redirect}
18:48:34.765 [debug] Match confidence: 0.5005, min_confidence: 0.7, match: %{type: "js-insecure-random", context: %{node_type: "CallExpression", depth: 6, parent_type: "VariableDeclarator", in_function: "process5"}, location: %{depth: 6, end_column: 37, end_line: 3, start_line: 3, start_column: 17}, severity: "medium", pattern_id: "js-insecure-random", pattern_name: "Insecure Random Number Generation", recommendation: "Review this code for potential security issues", confidence: 0.7, pattern_type: :insecure_random}
18:48:34.765 [debug] Match confidence: 0.38675, min_confidence: 0.7, match: %{type: "js-nosql-injection", context: %{node_type: "CallExpression", depth: 6, parent_type: "VariableDeclarator", in_function: "process5"}, location: %{depth: 6, end_column: 37, end_line: 3, start_line: 3, start_column: 17}, severity: "high", pattern_id: "js-nosql-injection", pattern_name: "NoSQL Injection", recommendation: "Review this code for potential security issues", confidence: 0.85, pattern_type: :nosql_injection}
18:48:34.765 [debug] Match confidence: 0.38675, min_confidence: 0.7, match: %{type: "js-ldap-injection", context: %{node_type: "CallExpression", depth: 6, parent_type: "VariableDeclarator", in_function: "process5"}, location: %{depth: 6, end_column: 37, end_line: 3, start_line: 3, start_column: 17}, severity: "high", pattern_id: "js-ldap-injection", pattern_name: "LDAP Injection", recommendation: "Review this code for potential security issues", confidence: 0.85, pattern_type: :ldap_injection}
18:48:34.765 [debug] Match confidence: 0.38675, min_confidence: 0.7, match: %{type: "js-xpath-injection", context: %{node_type: "CallExpression", depth: 6, parent_type: "VariableDeclarator", in_function: "process5"}, location: %{depth: 6, end_column: 37, end_line: 3, start_line: 3, start_column: 17}, severity: "high", pattern_id: "js-xpath-injection", pattern_name: "XPath Injection", recommendation: "Review this code for potential security issues", confidence: 0.85, pattern_type: :xpath_injection}
18:48:34.765 [debug] Match confidence: 0.5005, min_confidence: 0.7, match: %{type: "js-ssrf", context: %{node_type: "CallExpression", depth: 6, parent_type: "VariableDeclarator", in_function: "process5"}, location: %{depth: 6, end_column: 37, end_line: 3, start_line: 3, start_column: 17}, severity: "medium", pattern_id: "js-ssrf", pattern_name: "Server-Side Request Forgery (SSRF)", recommendation: "Review this code for potential security issues", confidence: 0.7, pattern_type: :ssrf}
18:48:34.765 [debug] Match confidence: 0.5005, min_confidence: 0.7, match: %{type: "js-insecure-deserialization", context: %{node_type: "CallExpression", depth: 6, parent_type: "VariableDeclarator", in_function: "process5"}, location: %{depth: 6, end_column: 37, end_line: 3, start_line: 3, start_column: 17}, severity: "medium", pattern_id: "js-insecure-deserialization", pattern_name: "Insecure Deserialization", recommendation: "Review this code for potential security issues", confidence: 0.7, pattern_type: :deserialization}
18:48:34.765 [debug] Match confidence: 0.5005, min_confidence: 0.7, match: %{type: "js-jwt-none-algorithm", context: %{node_type: "CallExpression", depth: 6, parent_type: "VariableDeclarator", in_function: "process5"}, location: %{depth: 6, end_column: 37, end_line: 3, start_line: 3, start_column: 17}, severity: "medium", pattern_id: "js-jwt-none-algorithm", pattern_name: "JWT None Algorithm Vulnerability", recommendation: "Review this code for potential security issues", confidence: 0.7, pattern_type: :authentication}
18:48:34.765 [debug] Match confidence: 0.5005, min_confidence: 0.7, match: %{type: "js-debug-console-log", context: %{node_type: "CallExpression", depth: 6, parent_type: "VariableDeclarator", in_function: "process5"}, location: %{depth: 6, end_column: 37, end_line: 3, start_line: 3, start_column: 17}, severity: "medium", pattern_id: "js-debug-console-log", pattern_name: "Sensitive Data in Console Logs", recommendation: "Review this code for potential security issues", confidence: 0.7, pattern_type: :information_disclosure}
18:48:34.897 [debug] Parser response received
18:48:34.897 [info] AnalysisService: Loaded 30 patterns for javascript
18:48:34.900 [info] AnalysisService: Found 16 matches
18:48:34.904 [debug] Match confidence: 0.5145, min_confidence: 0.7, match: %{type: "js-xss-document-write", context: %{node_type: "CallExpression", depth: 6, parent_type: "VariableDeclarator", in_function: "process6"}, location: %{depth: 6, end_column: 37, end_line: 3, start_line: 3, start_column: 17}, severity: "high", pattern_id: "js-xss-document-write", pattern_name: "Cross-Site Scripting (XSS) via document.write", recommendation: "Review this code for potential security issues", confidence: 0.85, pattern_type: :xss}
18:48:34.904 [debug] Match confidence: 0.5145, min_confidence: 0.7, match: %{type: "js-xss-jquery-html", context: %{node_type: "CallExpression", depth: 6, parent_type: "VariableDeclarator", in_function: "process6"}, location: %{depth: 6, end_column: 37, end_line: 3, start_line: 3, start_column: 17}, severity: "high", pattern_id: "js-xss-jquery-html", pattern_name: "XSS via jQuery html()", recommendation: "Review this code for potential security issues", confidence: 0.85, pattern_type: :xss}
18:48:34.904 [debug] Match confidence: 0.5005, min_confidence: 0.7, match: %{type: "js-path-traversal-join", context: %{node_type: "CallExpression", depth: 6, parent_type: "VariableDeclarator", in_function: "process6"}, location: %{depth: 6, end_column: 37, end_line: 3, start_line: 3, start_column: 17}, severity: "medium", pattern_id: "js-path-traversal-join", pattern_name: "Path Traversal via path.join", recommendation: "Review this code for potential security issues", confidence: 0.7, pattern_type: :path_traversal}
18:48:34.904 [debug] Match confidence: 0.5005, min_confidence: 0.7, match: %{type: "js-weak-crypto-md5", context: %{node_type: "CallExpression", depth: 6, parent_type: "VariableDeclarator", in_function: "process6"}, location: %{depth: 6, end_column: 37, end_line: 3, start_line: 3, start_column: 17}, severity: "medium", pattern_id: "js-weak-crypto-md5", pattern_name: "Weak Cryptography - MD5", recommendation: "Review this code for potential security issues", confidence: 0.7, pattern_type: :weak_crypto}
18:48:34.904 [debug] Match confidence: 0.5005, min_confidence: 0.7, match: %{type: "js-weak-crypto-sha1", context: %{node_type: "CallExpression", depth: 6, parent_type: "VariableDeclarator", in_function: "process6"}, location: %{depth: 6, end_column: 37, end_line: 3, start_line: 3, start_column: 17}, severity: "medium", pattern_id: "js-weak-crypto-sha1", pattern_name: "Weak Cryptography - SHA1", recommendation: "Review this code for potential security issues", confidence: 0.7, pattern_type: :weak_crypto}
18:48:34.904 [debug] Match confidence: 0.616, min_confidence: 0.7, match: %{type: "js-hardcoded-secret-password", context: %{node_type: "VariableDeclarator", depth: 5, parent_type: "VariableDeclaration", in_function: "process6"}, location: %{depth: 5, end_column: 37, end_line: 3, start_line: 3, start_column: 8}, severity: "high", pattern_id: "js-hardcoded-secret-password", pattern_name: "Hardcoded Password", recommendation: "Review this code for potential security issues", confidence: 0.9, pattern_type: :hardcoded_secret}
18:48:34.905 [debug] Match confidence: 0.616, min_confidence: 0.7, match: %{type: "js-hardcoded-secret-api-key", context: %{node_type: "VariableDeclarator", depth: 5, parent_type: "VariableDeclaration", in_function: "process6"}, location: %{depth: 5, end_column: 37, end_line: 3, start_line: 3, start_column: 8}, severity: "high", pattern_id: "js-hardcoded-secret-api-key", pattern_name: "Hardcoded API Key", recommendation: "Review this code for potential security issues", confidence: 0.9, pattern_type: :hardcoded_secret}
18:48:34.905 [debug] Match confidence: 0.5005, min_confidence: 0.7, match: %{type: "js-open-redirect", context: %{node_type: "CallExpression", depth: 6, parent_type: "VariableDeclarator", in_function: "process6"}, location: %{depth: 6, end_column: 37, end_line: 3, start_line: 3, start_column: 17}, severity: "medium", pattern_id: "js-open-redirect", pattern_name: "Open Redirect Vulnerability", recommendation: "Review this code for potential security issues", confidence: 0.7, pattern_type: :open_redirect}
18:48:34.905 [debug] Match confidence: 0.5005, min_confidence: 0.7, match: %{type: "js-insecure-random", context: %{node_type: "CallExpression", depth: 6, parent_type: "VariableDeclarator", in_function: "process6"}, location: %{depth: 6, end_column: 37, end_line: 3, start_line: 3, start_column: 17}, severity: "medium", pattern_id: "js-insecure-random", pattern_name: "Insecure Random Number Generation", recommendation: "Review this code for potential security issues", confidence: 0.7, pattern_type: :insecure_random}
18:48:34.905 [debug] Match confidence: 0.38675, min_confidence: 0.7, match: %{type: "js-nosql-injection", context: %{node_type: "CallExpression", depth: 6, parent_type: "VariableDeclarator", in_function: "process6"}, location: %{depth: 6, end_column: 37, end_line: 3, start_line: 3, start_column: 17}, severity: "high", pattern_id: "js-nosql-injection", pattern_name: "NoSQL Injection", recommendation: "Review this code for potential security issues", confidence: 0.85, pattern_type: :nosql_injection}
18:48:34.905 [debug] Match confidence: 0.38675, min_confidence: 0.7, match: %{type: "js-ldap-injection", context: %{node_type: "CallExpression", depth: 6, parent_type: "VariableDeclarator", in_function: "process6"}, location: %{depth: 6, end_column: 37, end_line: 3, start_line: 3, start_column: 17}, severity: "high", pattern_id: "js-ldap-injection", pattern_name: "LDAP Injection", recommendation: "Review this code for potential security issues", confidence: 0.85, pattern_type: :ldap_injection}
18:48:34.905 [debug] Match confidence: 0.38675, min_confidence: 0.7, match: %{type: "js-xpath-injection", context: %{node_type: "CallExpression", depth: 6, parent_type: "VariableDeclarator", in_function: "process6"}, location: %{depth: 6, end_column: 37, end_line: 3, start_line: 3, start_column: 17}, severity: "high", pattern_id: "js-xpath-injection", pattern_name: "XPath Injection", recommendation: "Review this code for potential security issues", confidence: 0.85, pattern_type: :xpath_injection}
18:48:34.905 [debug] Match confidence: 0.5005, min_confidence: 0.7, match: %{type: "js-ssrf", context: %{node_type: "CallExpression", depth: 6, parent_type: "VariableDeclarator", in_function: "process6"}, location: %{depth: 6, end_column: 37, end_line: 3, start_line: 3, start_column: 17}, severity: "medium", pattern_id: "js-ssrf", pattern_name: "Server-Side Request Forgery (SSRF)", recommendation: "Review this code for potential security issues", confidence: 0.7, pattern_type: :ssrf}
18:48:34.905 [debug] Match confidence: 0.5005, min_confidence: 0.7, match: %{type: "js-insecure-deserialization", context: %{node_type: "CallExpression", depth: 6, parent_type: "VariableDeclarator", in_function: "process6"}, location: %{depth: 6, end_column: 37, end_line: 3, start_line: 3, start_column: 17}, severity: "medium", pattern_id: "js-insecure-deserialization", pattern_name: "Insecure Deserialization", recommendation: "Review this code for potential security issues", confidence: 0.7, pattern_type: :deserialization}
18:48:34.905 [debug] Match confidence: 0.5005, min_confidence: 0.7, match: %{type: "js-jwt-none-algorithm", context: %{node_type: "CallExpression", depth: 6, parent_type: "VariableDeclarator", in_function: "process6"}, location: %{depth: 6, end_column: 37, end_line: 3, start_line: 3, start_column: 17}, severity: "medium", pattern_id: "js-jwt-none-algorithm", pattern_name: "JWT None Algorithm Vulnerability", recommendation: "Review this code for potential security issues", confidence: 0.7, pattern_type: :authentication}
18:48:34.905 [debug] Match confidence: 0.5005, min_confidence: 0.7, match: %{type: "js-debug-console-log", context: %{node_type: "CallExpression", depth: 6, parent_type: "VariableDeclarator", in_function: "process6"}, location: %{depth: 6, end_column: 37, end_line: 3, start_line: 3, start_column: 17}, severity: "medium", pattern_id: "js-debug-console-log", pattern_name: "Sensitive Data in Console Logs", recommendation: "Review this code for potential security issues", confidence: 0.7, pattern_type: :information_disclosure}
18:48:35.074 [debug] Parser response received
18:48:35.074 [info] AnalysisService: Loaded 30 patterns for javascript
18:48:35.077 [info] AnalysisService: Found 16 matches
18:48:35.077 [debug] Match confidence: 0.5145, min_confidence: 0.7, match: %{type: "js-xss-document-write", context: %{node_type: "CallExpression", depth: 6, parent_type: "VariableDeclarator", in_function: "process7"}, location: %{depth: 6, end_column: 37, end_line: 3, start_line: 3, start_column: 17}, severity: "high", pattern_id: "js-xss-document-write", pattern_name: "Cross-Site Scripting (XSS) via document.write", recommendation: "Review this code for potential security issues", confidence: 0.85, pattern_type: :xss}
18:48:35.077 [debug] Match confidence: 0.5145, min_confidence: 0.7, match: %{type: "js-xss-jquery-html", context: %{node_type: "CallExpression", depth: 6, parent_type: "VariableDeclarator", in_function: "process7"}, location: %{depth: 6, end_column: 37, end_line: 3, start_line: 3, start_column: 17}, severity: "high", pattern_id: "js-xss-jquery-html", pattern_name: "XSS via jQuery html()", recommendation: "Review this code for potential security issues", confidence: 0.85, pattern_type: :xss}
18:48:35.077 [debug] Match confidence: 0.5005, min_confidence: 0.7, match: %{type: "js-path-traversal-join", context: %{node_type: "CallExpression", depth: 6, parent_type: "VariableDeclarator", in_function: "process7"}, location: %{depth: 6, end_column: 37, end_line: 3, start_line: 3, start_column: 17}, severity: "medium", pattern_id: "js-path-traversal-join", pattern_name: "Path Traversal via path.join", recommendation: "Review this code for potential security issues", confidence: 0.7, pattern_type: :path_traversal}
18:48:35.077 [debug] Match confidence: 0.5005, min_confidence: 0.7, match: %{type: "js-weak-crypto-md5", context: %{node_type: "CallExpression", depth: 6, parent_type: "VariableDeclarator", in_function: "process7"}, location: %{depth: 6, end_column: 37, end_line: 3, start_line: 3, start_column: 17}, severity: "medium", pattern_id: "js-weak-crypto-md5", pattern_name: "Weak Cryptography - MD5", recommendation: "Review this code for potential security issues", confidence: 0.7, pattern_type: :weak_crypto}
18:48:35.077 [debug] Match confidence: 0.5005, min_confidence: 0.7, match: %{type: "js-weak-crypto-sha1", context: %{node_type: "CallExpression", depth: 6, parent_type: "VariableDeclarator", in_function: "process7"}, location: %{depth: 6, end_column: 37, end_line: 3, start_line: 3, start_column: 17}, severity: "medium", pattern_id: "js-weak-crypto-sha1", pattern_name: "Weak Cryptography - SHA1", recommendation: "Review this code for potential security issues", confidence: 0.7, pattern_type: :weak_crypto}
18:48:35.078 [debug] Match confidence: 0.616, min_confidence: 0.7, match: %{type: "js-hardcoded-secret-password", context: %{node_type: "VariableDeclarator", depth: 5, parent_type: "VariableDeclaration", in_function: "process7"}, location: %{depth: 5, end_column: 37, end_line: 3, start_line: 3, start_column: 8}, severity: "high", pattern_id: "js-hardcoded-secret-password", pattern_name: "Hardcoded Password", recommendation: "Review this code for potential security issues", confidence: 0.9, pattern_type: :hardcoded_secret}
18:48:35.078 [debug] Match confidence: 0.616, min_confidence: 0.7, match: %{type: "js-hardcoded-secret-api-key", context: %{node_type: "VariableDeclarator", depth: 5, parent_type: "VariableDeclaration", in_function: "process7"}, location: %{depth: 5, end_column: 37, end_line: 3, start_line: 3, start_column: 8}, severity: "high", pattern_id: "js-hardcoded-secret-api-key", pattern_name: "Hardcoded API Key", recommendation: "Review this code for potential security issues", confidence: 0.9, pattern_type: :hardcoded_secret}
18:48:35.078 [debug] Match confidence: 0.5005, min_confidence: 0.7, match: %{type: "js-open-redirect", context: %{node_type: "CallExpression", depth: 6, parent_type: "VariableDeclarator", in_function: "process7"}, location: %{depth: 6, end_column: 37, end_line: 3, start_line: 3, start_column: 17}, severity: "medium", pattern_id: "js-open-redirect", pattern_name: "Open Redirect Vulnerability", recommendation: "Review this code for potential security issues", confidence: 0.7, pattern_type: :open_redirect}
18:48:35.078 [debug] Match confidence: 0.5005, min_confidence: 0.7, match: %{type: "js-insecure-random", context: %{node_type: "CallExpression", depth: 6, parent_type: "VariableDeclarator", in_function: "process7"}, location: %{depth: 6, end_column: 37, end_line: 3, start_line: 3, start_column: 17}, severity: "medium", pattern_id: "js-insecure-random", pattern_name: "Insecure Random Number Generation", recommendation: "Review this code for potential security issues", confidence: 0.7, pattern_type: :insecure_random}
18:48:35.078 [debug] Match confidence: 0.38675, min_confidence: 0.7, match: %{type: "js-nosql-injection", context: %{node_type: "CallExpression", depth: 6, parent_type: "VariableDeclarator", in_function: "process7"}, location: %{depth: 6, end_column: 37, end_line: 3, start_line: 3, start_column: 17}, severity: "high", pattern_id: "js-nosql-injection", pattern_name: "NoSQL Injection", recommendation: "Review this code for potential security issues", confidence: 0.85, pattern_type: :nosql_injection}
18:48:35.078 [debug] Match confidence: 0.38675, min_confidence: 0.7, match: %{type: "js-ldap-injection", context: %{node_type: "CallExpression", depth: 6, parent_type: "VariableDeclarator", in_function: "process7"}, location: %{depth: 6, end_column: 37, end_line: 3, start_line: 3, start_column: 17}, severity: "high", pattern_id: "js-ldap-injection", pattern_name: "LDAP Injection", recommendation: "Review this code for potential security issues", confidence: 0.85, pattern_type: :ldap_injection}
18:48:35.080 [debug] Match confidence: 0.38675, min_confidence: 0.7, match: %{type: "js-xpath-injection", context: %{node_type: "CallExpression", depth: 6, parent_type: "VariableDeclarator", in_function: "process7"}, location: %{depth: 6, end_column: 37, end_line: 3, start_line: 3, start_column: 17}, severity: "high", pattern_id: "js-xpath-injection", pattern_name: "XPath Injection", recommendation: "Review this code for potential security issues", confidence: 0.85, pattern_type: :xpath_injection}
18:48:35.080 [debug] Match confidence: 0.5005, min_confidence: 0.7, match: %{type: "js-ssrf", context: %{node_type: "CallExpression", depth: 6, parent_type: "VariableDeclarator", in_function: "process7"}, location: %{depth: 6, end_column: 37, end_line: 3, start_line: 3, start_column: 17}, severity: "medium", pattern_id: "js-ssrf", pattern_name: "Server-Side Request Forgery (SSRF)", recommendation: "Review this code for potential security issues", confidence: 0.7, pattern_type: :ssrf}
18:48:35.080 [debug] Match confidence: 0.5005, min_confidence: 0.7, match: %{type: "js-insecure-deserialization", context: %{node_type: "CallExpression", depth: 6, parent_type: "VariableDeclarator", in_function: "process7"}, location: %{depth: 6, end_column: 37, end_line: 3, start_line: 3, start_column: 17}, severity: "medium", pattern_id: "js-insecure-deserialization", pattern_name: "Insecure Deserialization", recommendation: "Review this code for potential security issues", confidence: 0.7, pattern_type: :deserialization}
18:48:35.080 [debug] Match confidence: 0.5005, min_confidence: 0.7, match: %{type: "js-jwt-none-algorithm", context: %{node_type: "CallExpression", depth: 6, parent_type: "VariableDeclarator", in_function: "process7"}, location: %{depth: 6, end_column: 37, end_line: 3, start_line: 3, start_column: 17}, severity: "medium", pattern_id: "js-jwt-none-algorithm", pattern_name: "JWT None Algorithm Vulnerability", recommendation: "Review this code for potential security issues", confidence: 0.7, pattern_type: :authentication}
18:48:35.080 [debug] Match confidence: 0.5005, min_confidence: 0.7, match: %{type: "js-debug-console-log", context: %{node_type: "CallExpression", depth: 6, parent_type: "VariableDeclarator", in_function: "process7"}, location: %{depth: 6, end_column: 37, end_line: 3, start_line: 3, start_column: 17}, severity: "medium", pattern_id: "js-debug-console-log", pattern_name: "Sensitive Data in Console Logs", recommendation: "Review this code for potential security issues", confidence: 0.7, pattern_type: :information_disclosure}
18:48:35.290 [debug] Parser response received
18:48:35.291 [info] AnalysisService: Loaded 30 patterns for javascript
18:48:35.294 [info] AnalysisService: Found 16 matches
18:48:35.294 [debug] Match confidence: 0.5145, min_confidence: 0.7, match: %{type: "js-xss-document-write", context: %{node_type: "CallExpression", depth: 6, parent_type: "VariableDeclarator", in_function: "process8"}, location: %{depth: 6, end_column: 37, end_line: 3, start_line: 3, start_column: 17}, severity: "high", pattern_id: "js-xss-document-write", pattern_name: "Cross-Site Scripting (XSS) via document.write", recommendation: "Review this code for potential security issues", confidence: 0.85, pattern_type: :xss}
18:48:35.294 [debug] Match confidence: 0.5145, min_confidence: 0.7, match: %{type: "js-xss-jquery-html", context: %{node_type: "CallExpression", depth: 6, parent_type: "VariableDeclarator", in_function: "process8"}, location: %{depth: 6, end_column: 37, end_line: 3, start_line: 3, start_column: 17}, severity: "high", pattern_id: "js-xss-jquery-html", pattern_name: "XSS via jQuery html()", recommendation: "Review this code for potential security issues", confidence: 0.85, pattern_type: :xss}
18:48:35.294 [debug] Match confidence: 0.5005, min_confidence: 0.7, match: %{type: "js-path-traversal-join", context: %{node_type: "CallExpression", depth: 6, parent_type: "VariableDeclarator", in_function: "process8"}, location: %{depth: 6, end_column: 37, end_line: 3, start_line: 3, start_column: 17}, severity: "medium", pattern_id: "js-path-traversal-join", pattern_name: "Path Traversal via path.join", recommendation: "Review this code for potential security issues", confidence: 0.7, pattern_type: :path_traversal}
18:48:35.294 [debug] Match confidence: 0.5005, min_confidence: 0.7, match: %{type: "js-weak-crypto-md5", context: %{node_type: "CallExpression", depth: 6, parent_type: "VariableDeclarator", in_function: "process8"}, location: %{depth: 6, end_column: 37, end_line: 3, start_line: 3, start_column: 17}, severity: "medium", pattern_id: "js-weak-crypto-md5", pattern_name: "Weak Cryptography - MD5", recommendation: "Review this code for potential security issues", confidence: 0.7, pattern_type: :weak_crypto}
18:48:35.294 [debug] Match confidence: 0.5005, min_confidence: 0.7, match: %{type: "js-weak-crypto-sha1", context: %{node_type: "CallExpression", depth: 6, parent_type: "VariableDeclarator", in_function: "process8"}, location: %{depth: 6, end_column: 37, end_line: 3, start_line: 3, start_column: 17}, severity: "medium", pattern_id: "js-weak-crypto-sha1", pattern_name: "Weak Cryptography - SHA1", recommendation: "Review this code for potential security issues", confidence: 0.7, pattern_type: :weak_crypto}
18:48:35.297 [debug] Match confidence: 0.616, min_confidence: 0.7, match: %{type: "js-hardcoded-secret-password", context: %{node_type: "VariableDeclarator", depth: 5, parent_type: "VariableDeclaration", in_function: "process8"}, location: %{depth: 5, end_column: 37, end_line: 3, start_line: 3, start_column: 8}, severity: "high", pattern_id: "js-hardcoded-secret-password", pattern_name: "Hardcoded Password", recommendation: "Review this code for potential security issues", confidence: 0.9, pattern_type: :hardcoded_secret}
18:48:35.297 [debug] Match confidence: 0.616, min_confidence: 0.7, match: %{type: "js-hardcoded-secret-api-key", context: %{node_type: "VariableDeclarator", depth: 5, parent_type: "VariableDeclaration", in_function: "process8"}, location: %{depth: 5, end_column: 37, end_line: 3, start_line: 3, start_column: 8}, severity: "high", pattern_id: "js-hardcoded-secret-api-key", pattern_name: "Hardcoded API Key", recommendation: "Review this code for potential security issues", confidence: 0.9, pattern_type: :hardcoded_secret}
18:48:35.297 [debug] Match confidence: 0.5005, min_confidence: 0.7, match: %{type: "js-open-redirect", context: %{node_type: "CallExpression", depth: 6, parent_type: "VariableDeclarator", in_function: "process8"}, location: %{depth: 6, end_column: 37, end_line: 3, start_line: 3, start_column: 17}, severity: "medium", pattern_id: "js-open-redirect", pattern_name: "Open Redirect Vulnerability", recommendation: "Review this code for potential security issues", confidence: 0.7, pattern_type: :open_redirect}
18:48:35.297 [debug] Match confidence: 0.5005, min_confidence: 0.7, match: %{type: "js-insecure-random", context: %{node_type: "CallExpression", depth: 6, parent_type: "VariableDeclarator", in_function: "process8"}, location: %{depth: 6, end_column: 37, end_line: 3, start_line: 3, start_column: 17}, severity: "medium", pattern_id: "js-insecure-random", pattern_name: "Insecure Random Number Generation", recommendation: "Review this code for potential security issues", confidence: 0.7, pattern_type: :insecure_random}
18:48:35.297 [debug] Match confidence: 0.38675, min_confidence: 0.7, match: %{type: "js-nosql-injection", context: %{node_type: "CallExpression", depth: 6, parent_type: "VariableDeclarator", in_function: "process8"}, location: %{depth: 6, end_column: 37, end_line: 3, start_line: 3, start_column: 17}, severity: "high", pattern_id: "js-nosql-injection", pattern_name: "NoSQL Injection", recommendation: "Review this code for potential security issues", confidence: 0.85, pattern_type: :nosql_injection}
18:48:35.297 [debug] Match confidence: 0.38675, min_confidence: 0.7, match: %{type: "js-ldap-injection", context: %{node_type: "CallExpression", depth: 6, parent_type: "VariableDeclarator", in_function: "process8"}, location: %{depth: 6, end_column: 37, end_line: 3, start_line: 3, start_column: 17}, severity: "high", pattern_id: "js-ldap-injection", pattern_name: "LDAP Injection", recommendation: "Review this code for potential security issues", confidence: 0.85, pattern_type: :ldap_injection}
18:48:35.297 [debug] Match confidence: 0.38675, min_confidence: 0.7, match: %{type: "js-xpath-injection", context: %{node_type: "CallExpression", depth: 6, parent_type: "VariableDeclarator", in_function: "process8"}, location: %{depth: 6, end_column: 37, end_line: 3, start_line: 3, start_column: 17}, severity: "high", pattern_id: "js-xpath-injection", pattern_name: "XPath Injection", recommendation: "Review this code for potential security issues", confidence: 0.85, pattern_type: :xpath_injection}
18:48:35.297 [debug] Match confidence: 0.5005, min_confidence: 0.7, match: %{type: "js-ssrf", context: %{node_type: "CallExpression", depth: 6, parent_type: "VariableDeclarator", in_function: "process8"}, location: %{depth: 6, end_column: 37, end_line: 3, start_line: 3, start_column: 17}, severity: "medium", pattern_id: "js-ssrf", pattern_name: "Server-Side Request Forgery (SSRF)", recommendation: "Review this code for potential security issues", confidence: 0.7, pattern_type: :ssrf}
18:48:35.297 [debug] Match confidence: 0.5005, min_confidence: 0.7, match: %{type: "js-insecure-deserialization", context: %{node_type: "CallExpression", depth: 6, parent_type: "VariableDeclarator", in_function: "process8"}, location: %{depth: 6, end_column: 37, end_line: 3, start_line: 3, start_column: 17}, severity: "medium", pattern_id: "js-insecure-deserialization", pattern_name: "Insecure Deserialization", recommendation: "Review this code for potential security issues", confidence: 0.7, pattern_type: :deserialization}
18:48:35.297 [debug] Match confidence: 0.5005, min_confidence: 0.7, match: %{type: "js-jwt-none-algorithm", context: %{node_type: "CallExpression", depth: 6, parent_type: "VariableDeclarator", in_function: "process8"}, location: %{depth: 6, end_column: 37, end_line: 3, start_line: 3, start_column: 17}, severity: "medium", pattern_id: "js-jwt-none-algorithm", pattern_name: "JWT None Algorithm Vulnerability", recommendation: "Review this code for potential security issues", confidence: 0.7, pattern_type: :authentication}
18:48:35.297 [debug] Match confidence: 0.5005, min_confidence: 0.7, match: %{type: "js-debug-console-log", context: %{node_type: "CallExpression", depth: 6, parent_type: "VariableDeclarator", in_function: "process8"}, location: %{depth: 6, end_column: 37, end_line: 3, start_line: 3, start_column: 17}, severity: "medium", pattern_id: "js-debug-console-log", pattern_name: "Sensitive Data in Console Logs", recommendation: "Review this code for potential security issues", confidence: 0.7, pattern_type: :information_disclosure}
18:48:35.428 [debug] Parser response received
18:48:35.428 [info] AnalysisService: Loaded 30 patterns for javascript
18:48:35.435 [info] AnalysisService: Found 16 matches
18:48:35.435 [debug] Match confidence: 0.5145, min_confidence: 0.7, match: %{type: "js-xss-document-write", context: %{node_type: "CallExpression", depth: 6, parent_type: "VariableDeclarator", in_function: "process9"}, location: %{depth: 6, end_column: 37, end_line: 3, start_line: 3, start_column: 17}, severity: "high", pattern_id: "js-xss-document-write", pattern_name: "Cross-Site Scripting (XSS) via document.write", recommendation: "Review this code for potential security issues", confidence: 0.85, pattern_type: :xss}
18:48:35.435 [debug] Match confidence: 0.5145, min_confidence: 0.7, match: %{type: "js-xss-jquery-html", context: %{node_type: "CallExpression", depth: 6, parent_type: "VariableDeclarator", in_function: "process9"}, location: %{depth: 6, end_column: 37, end_line: 3, start_line: 3, start_column: 17}, severity: "high", pattern_id: "js-xss-jquery-html", pattern_name: "XSS via jQuery html()", recommendation: "Review this code for potential security issues", confidence: 0.85, pattern_type: :xss}
18:48:35.435 [debug] Match confidence: 0.5005, min_confidence: 0.7, match: %{type: "js-path-traversal-join", context: %{node_type: "CallExpression", depth: 6, parent_type: "VariableDeclarator", in_function: "process9"}, location: %{depth: 6, end_column: 37, end_line: 3, start_line: 3, start_column: 17}, severity: "medium", pattern_id: "js-path-traversal-join", pattern_name: "Path Traversal via path.join", recommendation: "Review this code for potential security issues", confidence: 0.7, pattern_type: :path_traversal}
18:48:35.435 [debug] Match confidence: 0.5005, min_confidence: 0.7, match: %{type: "js-weak-crypto-md5", context: %{node_type: "CallExpression", depth: 6, parent_type: "VariableDeclarator", in_function: "process9"}, location: %{depth: 6, end_column: 37, end_line: 3, start_line: 3, start_column: 17}, severity: "medium", pattern_id: "js-weak-crypto-md5", pattern_name: "Weak Cryptography - MD5", recommendation: "Review this code for potential security issues", confidence: 0.7, pattern_type: :weak_crypto}
18:48:35.435 [debug] Match confidence: 0.5005, min_confidence: 0.7, match: %{type: "js-weak-crypto-sha1", context: %{node_type: "CallExpression", depth: 6, parent_type: "VariableDeclarator", in_function: "process9"}, location: %{depth: 6, end_column: 37, end_line: 3, start_line: 3, start_column: 17}, severity: "medium", pattern_id: "js-weak-crypto-sha1", pattern_name: "Weak Cryptography - SHA1", recommendation: "Review this code for potential security issues", confidence: 0.7, pattern_type: :weak_crypto}
18:48:35.435 [debug] Match confidence: 0.616, min_confidence: 0.7, match: %{type: "js-hardcoded-secret-password", context: %{node_type: "VariableDeclarator", depth: 5, parent_type: "VariableDeclaration", in_function: "process9"}, location: %{depth: 5, end_column: 37, end_line: 3, start_line: 3, start_column: 8}, severity: "high", pattern_id: "js-hardcoded-secret-password", pattern_name: "Hardcoded Password", recommendation: "Review this code for potential security issues", confidence: 0.9, pattern_type: :hardcoded_secret}
18:48:35.435 [debug] Match confidence: 0.616, min_confidence: 0.7, match: %{type: "js-hardcoded-secret-api-key", context: %{node_type: "VariableDeclarator", depth: 5, parent_type: "VariableDeclaration", in_function: "process9"}, location: %{depth: 5, end_column: 37, end_line: 3, start_line: 3, start_column: 8}, severity: "high", pattern_id: "js-hardcoded-secret-api-key", pattern_name: "Hardcoded API Key", recommendation: "Review this code for potential security issues", confidence: 0.9, pattern_type: :hardcoded_secret}
18:48:35.435 [debug] Match confidence: 0.5005, min_confidence: 0.7, match: %{type: "js-open-redirect", context: %{node_type: "CallExpression", depth: 6, parent_type: "VariableDeclarator", in_function: "process9"}, location: %{depth: 6, end_column: 37, end_line: 3, start_line: 3, start_column: 17}, severity: "medium", pattern_id: "js-open-redirect", pattern_name: "Open Redirect Vulnerability", recommendation: "Review this code for potential security issues", confidence: 0.7, pattern_type: :open_redirect}
18:48:35.435 [debug] Match confidence: 0.5005, min_confidence: 0.7, match: %{type: "js-insecure-random", context: %{node_type: "CallExpression", depth: 6, parent_type: "VariableDeclarator", in_function: "process9"}, location: %{depth: 6, end_column: 37, end_line: 3, start_line: 3, start_column: 17}, severity: "medium", pattern_id: "js-insecure-random", pattern_name: "Insecure Random Number Generation", recommendation: "Review this code for potential security issues", confidence: 0.7, pattern_type: :insecure_random}
18:48:35.435 [debug] Match confidence: 0.38675, min_confidence: 0.7, match: %{type: "js-nosql-injection", context: %{node_type: "CallExpression", depth: 6, parent_type: "VariableDeclarator", in_function: "process9"}, location: %{depth: 6, end_column: 37, end_line: 3, start_line: 3, start_column: 17}, severity: "high", pattern_id: "js-nosql-injection", pattern_name: "NoSQL Injection", recommendation: "Review this code for potential security issues", confidence: 0.85, pattern_type: :nosql_injection}
18:48:35.435 [debug] Match confidence: 0.38675, min_confidence: 0.7, match: %{type: "js-ldap-injection", context: %{node_type: "CallExpression", depth: 6, parent_type: "VariableDeclarator", in_function: "process9"}, location: %{depth: 6, end_column: 37, end_line: 3, start_line: 3, start_column: 17}, severity: "high", pattern_id: "js-ldap-injection", pattern_name: "LDAP Injection", recommendation: "Review this code for potential security issues", confidence: 0.85, pattern_type: :ldap_injection}
18:48:35.437 [debug] Match confidence: 0.38675, min_confidence: 0.7, match: %{type: "js-xpath-injection", context: %{node_type: "CallExpression", depth: 6, parent_type: "VariableDeclarator", in_function: "process9"}, location: %{depth: 6, end_column: 37, end_line: 3, start_line: 3, start_column: 17}, severity: "high", pattern_id: "js-xpath-injection", pattern_name: "XPath Injection", recommendation: "Review this code for potential security issues", confidence: 0.85, pattern_type: :xpath_injection}
18:48:35.438 [debug] Match confidence: 0.5005, min_confidence: 0.7, match: %{type: "js-ssrf", context: %{node_type: "CallExpression", depth: 6, parent_type: "VariableDeclarator", in_function: "process9"}, location: %{depth: 6, end_column: 37, end_line: 3, start_line: 3, start_column: 17}, severity: "medium", pattern_id: "js-ssrf", pattern_name: "Server-Side Request Forgery (SSRF)", recommendation: "Review this code for potential security issues", confidence: 0.7, pattern_type: :ssrf}
18:48:35.439 [debug] Match confidence: 0.5005, min_confidence: 0.7, match: %{type: "js-insecure-deserialization", context: %{node_type: "CallExpression", depth: 6, parent_type: "VariableDeclarator", in_function: "process9"}, location: %{depth: 6, end_column: 37, end_line: 3, start_line: 3, start_column: 17}, severity: "medium", pattern_id: "js-insecure-deserialization", pattern_name: "Insecure Deserialization", recommendation: "Review this code for potential security issues", confidence: 0.7, pattern_type: :deserialization}
18:48:35.440 [debug] Match confidence: 0.5005, min_confidence: 0.7, match: %{type: "js-jwt-none-algorithm", context: %{node_type: "CallExpression", depth: 6, parent_type: "VariableDeclarator", in_function: "process9"}, location: %{depth: 6, end_column: 37, end_line: 3, start_line: 3, start_column: 17}, severity: "medium", pattern_id: "js-jwt-none-algorithm", pattern_name: "JWT None Algorithm Vulnerability", recommendation: "Review this code for potential security issues", confidence: 0.7, pattern_type: :authentication}
18:48:35.441 [debug] Match confidence: 0.5005, min_confidence: 0.7, match: %{type: "js-debug-console-log", context: %{node_type: "CallExpression", depth: 6, parent_type: "VariableDeclarator", in_function: "process9"}, location: %{depth: 6, end_column: 37, end_line: 3, start_line: 3, start_column: 17}, severity: "medium", pattern_id: "js-debug-console-log", pattern_name: "Sensitive Data in Console Logs", recommendation: "Review this code for potential security issues", confidence: 0.7, pattern_type: :information_disclosure}
18:48:35.589 [debug] Parser response received
18:48:35.590 [info] AnalysisService: Loaded 30 patterns for javascript
18:48:35.596 [info] AnalysisService: Found 16 matches
18:48:35.597 [debug] Match confidence: 0.5145, min_confidence: 0.7, match: %{type: "js-xss-document-write", context: %{node_type: "CallExpression", depth: 6, parent_type: "VariableDeclarator", in_function: "process10"}, location: %{depth: 6, end_column: 37, end_line: 3, start_line: 3, start_column: 17}, severity: "high", pattern_id: "js-xss-document-write", pattern_name: "Cross-Site Scripting (XSS) via document.write", recommendation: "Review this code for potential security issues", confidence: 0.85, pattern_type: :xss}
18:48:35.598 [debug] Match confidence: 0.5145, min_confidence: 0.7, match: %{type: "js-xss-jquery-html", context: %{node_type: "CallExpression", depth: 6, parent_type: "VariableDeclarator", in_function: "process10"}, location: %{depth: 6, end_column: 37, end_line: 3, start_line: 3, start_column: 17}, severity: "high", pattern_id: "js-xss-jquery-html", pattern_name: "XSS via jQuery html()", recommendation: "Review this code for potential security issues", confidence: 0.85, pattern_type: :xss}
18:48:35.598 [debug] Match confidence: 0.5005, min_confidence: 0.7, match: %{type: "js-path-traversal-join", context: %{node_type: "CallExpression", depth: 6, parent_type: "VariableDeclarator", in_function: "process10"}, location: %{depth: 6, end_column: 37, end_line: 3, start_line: 3, start_column: 17}, severity: "medium", pattern_id: "js-path-traversal-join", pattern_name: "Path Traversal via path.join", recommendation: "Review this code for potential security issues", confidence: 0.7, pattern_type: :path_traversal}
18:48:35.599 [debug] Match confidence: 0.5005, min_confidence: 0.7, match: %{type: "js-weak-crypto-md5", context: %{node_type: "CallExpression", depth: 6, parent_type: "VariableDeclarator", in_function: "process10"}, location: %{depth: 6, end_column: 37, end_line: 3, start_line: 3, start_column: 17}, severity: "medium", pattern_id: "js-weak-crypto-md5", pattern_name: "Weak Cryptography - MD5", recommendation: "Review this code for potential security issues", confidence: 0.7, pattern_type: :weak_crypto}
18:48:35.600 [debug] Match confidence: 0.5005, min_confidence: 0.7, match: %{type: "js-weak-crypto-sha1", context: %{node_type: "CallExpression", depth: 6, parent_type: "VariableDeclarator", in_function: "process10"}, location: %{depth: 6, end_column: 37, end_line: 3, start_line: 3, start_column: 17}, severity: "medium", pattern_id: "js-weak-crypto-sha1", pattern_name: "Weak Cryptography - SHA1", recommendation: "Review this code for potential security issues", confidence: 0.7, pattern_type: :weak_crypto}
18:48:35.601 [debug] Match confidence: 0.616, min_confidence: 0.7, match: %{type: "js-hardcoded-secret-password", context: %{node_type: "VariableDeclarator", depth: 5, parent_type: "VariableDeclaration", in_function: "process10"}, location: %{depth: 5, end_column: 37, end_line: 3, start_line: 3, start_column: 8}, severity: "high", pattern_id: "js-hardcoded-secret-password", pattern_name: "Hardcoded Password", recommendation: "Review this code for potential security issues", confidence: 0.9, pattern_type: :hardcoded_secret}
18:48:35.602 [debug] Match confidence: 0.616, min_confidence: 0.7, match: %{type: "js-hardcoded-secret-api-key", context: %{node_type: "VariableDeclarator", depth: 5, parent_type: "VariableDeclaration", in_function: "process10"}, location: %{depth: 5, end_column: 37, end_line: 3, start_line: 3, start_column: 8}, severity: "high", pattern_id: "js-hardcoded-secret-api-key", pattern_name: "Hardcoded API Key", recommendation: "Review this code for potential security issues", confidence: 0.9, pattern_type: :hardcoded_secret}
18:48:35.602 [debug] Match confidence: 0.5005, min_confidence: 0.7, match: %{type: "js-open-redirect", context: %{node_type: "CallExpression", depth: 6, parent_type: "VariableDeclarator", in_function: "process10"}, location: %{depth: 6, end_column: 37, end_line: 3, start_line: 3, start_column: 17}, severity: "medium", pattern_id: "js-open-redirect", pattern_name: "Open Redirect Vulnerability", recommendation: "Review this code for potential security issues", confidence: 0.7, pattern_type: :open_redirect}
18:48:35.603 [debug] Match confidence: 0.5005, min_confidence: 0.7, match: %{type: "js-insecure-random", context: %{node_type: "CallExpression", depth: 6, parent_type: "VariableDeclarator", in_function: "process10"}, location: %{depth: 6, end_column: 37, end_line: 3, start_line: 3, start_column: 17}, severity: "medium", pattern_id: "js-insecure-random", pattern_name: "Insecure Random Number Generation", recommendation: "Review this code for potential security issues", confidence: 0.7, pattern_type: :insecure_random}
18:48:35.604 [debug] Match confidence: 0.38675, min_confidence: 0.7, match: %{type: "js-nosql-injection", context: %{node_type: "CallExpression", depth: 6, parent_type: "VariableDeclarator", in_function: "process10"}, location: %{depth: 6, end_column: 37, end_line: 3, start_line: 3, start_column: 17}, severity: "high", pattern_id: "js-nosql-injection", pattern_name: "NoSQL Injection", recommendation: "Review this code for potential security issues", confidence: 0.85, pattern_type: :nosql_injection}
18:48:35.605 [debug] Match confidence: 0.38675, min_confidence: 0.7, match: %{type: "js-ldap-injection", context: %{node_type: "CallExpression", depth: 6, parent_type: "VariableDeclarator", in_function: "process10"}, location: %{depth: 6, end_column: 37, end_line: 3, start_line: 3, start_column: 17}, severity: "high", pattern_id: "js-ldap-injection", pattern_name: "LDAP Injection", recommendation: "Review this code for potential security issues", confidence: 0.85, pattern_type: :ldap_injection}
18:48:35.605 [debug] Match confidence: 0.38675, min_confidence: 0.7, match: %{type: "js-xpath-injection", context: %{node_type: "CallExpression", depth: 6, parent_type: "VariableDeclarator", in_function: "process10"}, location: %{depth: 6, end_column: 37, end_line: 3, start_line: 3, start_column: 17}, severity: "high", pattern_id: "js-xpath-injection", pattern_name: "XPath Injection", recommendation: "Review this code for potential security issues", confidence: 0.85, pattern_type: :xpath_injection}
18:48:35.605 [debug] Match confidence: 0.5005, min_confidence: 0.7, match: %{type: "js-ssrf", context: %{node_type: "CallExpression", depth: 6, parent_type: "VariableDeclarator", in_function: "process10"}, location: %{depth: 6, end_column: 37, end_line: 3, start_line: 3, start_column: 17}, severity: "medium", pattern_id: "js-ssrf", pattern_name: "Server-Side Request Forgery (SSRF)", recommendation: "Review this code for potential security issues", confidence: 0.7, pattern_type: :ssrf}
18:48:35.605 [debug] Match confidence: 0.5005, min_confidence: 0.7, match: %{type: "js-insecure-deserialization", context: %{node_type: "CallExpression", depth: 6, parent_type: "VariableDeclarator", in_function: "process10"}, location: %{depth: 6, end_column: 37, end_line: 3, start_line: 3, start_column: 17}, severity: "medium", pattern_id: "js-insecure-deserialization", pattern_name: "Insecure Deserialization", recommendation: "Review this code for potential security issues", confidence: 0.7, pattern_type: :deserialization}
18:48:35.605 [debug] Match confidence: 0.5005, min_confidence: 0.7, match: %{type: "js-jwt-none-algorithm", context: %{node_type: "CallExpression", depth: 6, parent_type: "VariableDeclarator", in_function: "process10"}, location: %{depth: 6, end_column: 37, end_line: 3, start_line: 3, start_column: 17}, severity: "medium", pattern_id: "js-jwt-none-algorithm", pattern_name: "JWT None Algorithm Vulnerability", recommendation: "Review this code for potential security issues", confidence: 0.7, pattern_type: :authentication}
18:48:35.605 [debug] Match confidence: 0.5005, min_confidence: 0.7, match: %{type: "js-debug-console-log", context: %{node_type: "CallExpression", depth: 6, parent_type: "VariableDeclarator", in_function: "process10"}, location: %{depth: 6, end_column: 37, end_line: 3, start_line: 3, start_column: 17}, severity: "medium", pattern_id: "js-debug-console-log", pattern_name: "Sensitive Data in Console Logs", recommendation: "Review this code for potential security issues", confidence: 0.7, pattern_type: :information_disclosure}
.18:48:35.607 request_id=GE6XWXeKKS3v4LcAABAQ [info] POST /api/v1/credentials/exchange
18:48:35.607 request_id=GE6XWXeKKS3v4LcAABAQ [debug] Processing with RSOLVWeb.CredentialController.exchange/2
  Parameters: %{"api_key" => "rsolv_test_abc123", "providers" => ["anthropic"], "ttl_minutes" => 60}
  Pipelines: [:api]
18:48:35.618 request_id=GE6XWXeKKS3v4LcAABAQ [info] [CredentialController] Starting exchange with params: %{"api_key" => "rsolv_test_abc123", "providers" => ["anthropic"], "ttl_minutes" => 60}
18:48:35.618 request_id=GE6XWXeKKS3v4LcAABAQ [info] [CredentialController] Authenticating API key: rsolv_test_abc123
18:48:35.618 request_id=GE6XWXeKKS3v4LcAABAQ [info] [CredentialController] Found customer: Test Customer (ID: test_customer_1)
18:48:35.618 request_id=GE6XWXeKKS3v4LcAABAQ [info] [CredentialController] About to call generate_credentials
18:48:35.618 request_id=GE6XWXeKKS3v4LcAABAQ [info] Starting credential generation for customer test_customer_1, providers: ["anthropic"]
18:48:35.618 request_id=GE6XWXeKKS3v4LcAABAQ [info] Generating credential for provider: anthropic
18:48:35.627 request_id=GE6XWXeKKS3v4LcAABAQ [info] [Credentials] Starting create_temporary_credential for customer test_customer_1, provider anthropic
18:48:35.627 request_id=GE6XWXeKKS3v4LcAABAQ [info] [Credentials] Getting provider key for anthropic
18:48:35.627 request_id=GE6XWXeKKS3v4LcAABAQ [info] [Credentials] Got provider key for anthropic
18:48:35.629 request_id=GE6XWXeKKS3v4LcAABAQ [info] Created temporary credential for customer test_customer_1, provider anthropic
18:48:35.629 request_id=GE6XWXeKKS3v4LcAABAQ [info] Successfully generated 1 credentials
18:48:35.629 request_id=GE6XWXeKKS3v4LcAABAQ [info] [CredentialController] generate_credentials succeeded
18:48:35.640 request_id=GE6XWXeKKS3v4LcAABAQ [info] Sent 200 in 33ms
.18:48:35.642 request_id=GE6XWXmfshCuOqIAADUH [info] POST /api/v1/credentials/exchange
18:48:35.642 request_id=GE6XWXmfshCuOqIAADUH [debug] Processing with RSOLVWeb.CredentialController.exchange/2
  Parameters: %{"api_key" => "invalid_key_12345", "providers" => ["anthropic"], "ttl_minutes" => 60}
  Pipelines: [:api]
18:48:35.642 request_id=GE6XWXmfshCuOqIAADUH [info] [CredentialController] Starting exchange with params: %{"api_key" => "invalid_key_12345", "providers" => ["anthropic"], "ttl_minutes" => 60}
18:48:35.642 request_id=GE6XWXmfshCuOqIAADUH [info] [CredentialController] Authenticating API key: invalid_key_12345
18:48:35.643 request_id=GE6XWXmfshCuOqIAADUH [info] [Accounts] Checking database for API key: invalid_key_12345
18:48:35.645 request_id=GE6XWXmfshCuOqIAADUH [debug] QUERY OK source="customers" db=0.7ms queue=1.2ms
SELECT c0."id", c0."name", c0."email", c0."api_key", c0."monthly_limit", c0."current_usage", c0."active", c0."subscription_status" = 'trial', c0."inserted_at" FROM "customers" AS c0 WHERE ((c0."api_key" = $1) AND (c0."active" = TRUE)) ["invalid_key_12345"]
18:48:35.645 request_id=GE6XWXmfshCuOqIAADUH [info] [Accounts] No customer found in database for API key
.18:48:35.645 request_id=GE6XWXmfshCuOqIAADUH [error] [CredentialController] No customer found for API key: invalid_key_12345
18:48:35.645 request_id=GE6XWXmfshCuOqIAADUH [info] Sent 401 in 3ms
18:48:35.645 request_id=GE6XWXnX1CF3Tl0AADYH [info] POST /api/v1/credentials/exchange
.18:48:35.645 request_id=GE6XWXnX1CF3Tl0AADYH [debug] Processing with RSOLVWeb.CredentialController.exchange/2
  Parameters: %{"api_key" => "rsolv_test_abc123"}
  Pipelines: [:api]
*18:48:35.645 request_id=GE6XWXnX1CF3Tl0AADYH [info] [CredentialController] Starting exchange with params: %{"api_key" => "rsolv_test_abc123"}
*18:48:35.645 request_id=GE6XWXnX1CF3Tl0AADYH [info] [CredentialController] Authenticating API key: rsolv_test_abc123
18:48:35.645 request_id=GE6XWXnX1CF3Tl0AADYH [info] [CredentialController] Found customer: Test Customer (ID: test_customer_1)
18:48:35.645 request_id=GE6XWXnX1CF3Tl0AADYH [info] Sent 400 in 144µs
.18:48:36.225 [debug] QUERY OK db=1.2ms queue=0.5ms
SELECT version 
FROM schema_migrations 
ORDER BY version DESC 
LIMIT 5
 []
..18:48:36.227 [debug] QUERY OK db=1.2ms queue=0.6ms
SELECT COUNT(*) FROM information_schema.tables WHERE table_schema = 'public' []
18:48:36.228 request_id=GE6XWZyQr6B77i0AABCQ [info] GET /api/v1/patterns/js-sql-injection-concat/metadata
18:48:36.228 request_id=GE6XWZyQr6B77i0AABCQ [debug] Processing with RSOLVWeb.PatternController.metadata/2
  Parameters: %{"id" => "js-sql-injection-concat"}
  Pipelines: [:api]
18:48:36.239 request_id=GE6XWZyQr6B77i0AABCQ [info] Sent 200 in 10ms
18:48:36.240 request_id=GE6XWZ1Fjg577i0AAAWP [info] GET /api/v1/patterns/js-sql-injection-interpolation/metadata
18:48:36.240 request_id=GE6XWZ1Fjg577i0AAAWP [debug] Processing with RSOLVWeb.PatternController.metadata/2
  Parameters: %{"id" => "js-sql-injection-interpolation"}
  Pipelines: [:api]
18:48:36.240 request_id=GE6XWZ1Fjg577i0AAAWP [info] Sent 200 in 149µs
18:48:36.240 request_id=GE6XWZ1JQt577i0AAAYP [info] GET /api/v1/patterns/js-xss-innerhtml/metadata
18:48:36.240 request_id=GE6XWZ1JQt577i0AAAYP [debug] Processing with RSOLVWeb.PatternController.metadata/2
  Parameters: %{"id" => "js-xss-innerhtml"}
  Pipelines: [:api]
18:48:36.240 request_id=GE6XWZ1JQt577i0AAAYP [info] Sent 200 in 89µs
18:48:36.240 request_id=GE6XWZ1LrMt77i0AAAaP [info] GET /api/v1/patterns/js-xss-document-write/metadata
18:48:36.240 request_id=GE6XWZ1LrMt77i0AAAaP [debug] Processing with RSOLVWeb.PatternController.metadata/2
  Parameters: %{"id" => "js-xss-document-write"}
  Pipelines: [:api]
18:48:36.240 request_id=GE6XWZ1LrMt77i0AAAaP [info] Sent 200 in 82µs
18:48:36.240 request_id=GE6XWZ1OEVB77i0AAAcP [info] GET /api/v1/patterns/js-command-injection-exec/metadata
18:48:36.240 request_id=GE6XWZ1OEVB77i0AAAcP [debug] Processing with RSOLVWeb.PatternController.metadata/2
  Parameters: %{"id" => "js-command-injection-exec"}
  Pipelines: [:api]
18:48:36.240 request_id=GE6XWZ1OEVB77i0AAAcP [info] Sent 200 in 85µs
.18:48:36.241 request_id=GE6XWZ1hRPUb5WEAABEQ [info] GET /api/v1/patterns/non-existent-pattern/metadata
18:48:36.242 request_id=GE6XWZ1hRPUb5WEAABEQ [debug] Processing with RSOLVWeb.PatternController.metadata/2
  Parameters: %{"id" => "non-existent-pattern"}
  Pipelines: [:api]
.18:48:36.242 request_id=GE6XWZ1hRPUb5WEAABEQ [info] Sent 404 in 115µs
18:48:36.242 request_id=GE6XWZ1oppRKPK0AAFIF [info] GET /api/v1/patterns/nonexistent-pattern/metadata
.18:48:36.242 request_id=GE6XWZ1oppRKPK0AAFIF [debug] Processing with RSOLVWeb.PatternController.metadata/2
  Parameters: %{"id" => "nonexistent-pattern"}
  Pipelines: [:api]
18:48:36.242 request_id=GE6XWZ1oppRKPK0AAFIF [info] Sent 404 in 121µs
18:48:36.242 request_id=GE6XWZ1ufmy7axcAAFKF [info] GET /api/v1/patterns/js-command-injection-exec/metadata
18:48:36.242 request_id=GE6XWZ1ufmy7axcAAFKF [debug] Processing with RSOLVWeb.PatternController.metadata/2
  Parameters: %{"id" => "js-command-injection-exec"}
  Pipelines: [:api]
18:48:36.242 request_id=GE6XWZ1ufmy7axcAAFKF [info] Sent 200 in 118µs
.18:48:36.243 request_id=GE6XWZ14tX4vlNYAAFMF [info] GET /api/v1/patterns
18:48:36.243 request_id=GE6XWZ14tX4vlNYAAFMF [debug] Processing with RSOLVWeb.Api.V1.PatternController.index/2
  Parameters: %{"format" => "enhanced", "language" => "javascript"}
  Pipelines: [:api]
18:48:36.243 request_id=GE6XWZ14tX4vlNYAAFMF [info] Pattern API called with params: %{"format" => "enhanced", "language" => "javascript"}
18:48:36.243 request_id=GE6XWZ14tX4vlNYAAFMF [info] Language: javascript, Format: enhanced
18:48:36.243 request_id=GE6XWZ14tX4vlNYAAFMF [info] Has API key: true
18:48:36.243 request_id=GE6XWZ14tX4vlNYAAFMF [info] Getting enhanced patterns for javascript
18:48:36.244 request_id=GE6XWZ14tX4vlNYAAFMF [info] Retrieved 30 patterns
18:48:36.244 request_id=GE6XWZ14tX4vlNYAAFMF [debug] Formatting pattern: "js-sql-injection-concat"
18:48:36.244 request_id=GE6XWZ14tX4vlNYAAFMF [debug] Formatted pattern keys: ["astRules", "confidenceRules", "contextRules", "cweId", "description", "examples", "frameworks", "id", "languages", "minConfidence", "name", "owaspCategory", "recommendation", "regex", "regexPatterns", "severity", "supportsAst", "type"]
18:48:36.244 request_id=GE6XWZ14tX4vlNYAAFMF [debug] Formatting pattern: "js-sql-injection-interpolation"
18:48:36.244 request_id=GE6XWZ14tX4vlNYAAFMF [debug] Formatted pattern keys: ["astRules", "confidenceRules", "contextRules", "cweId", "description", "examples", "frameworks", "id", "languages", "minConfidence", "name", "owaspCategory", "recommendation", "regex", "regexPatterns", "severity", "supportsAst", "type"]
18:48:36.244 request_id=GE6XWZ14tX4vlNYAAFMF [debug] Formatting pattern: "js-xss-innerhtml"
18:48:36.244 request_id=GE6XWZ14tX4vlNYAAFMF [debug] Formatted pattern keys: ["astRules", "confidenceRules", "contextRules", "cweId", "description", "examples", "frameworks", "id", "languages", "minConfidence", "name", "owaspCategory", "recommendation", "regex", "regexPatterns", "severity", "supportsAst", "type"]
18:48:36.244 request_id=GE6XWZ14tX4vlNYAAFMF [debug] Formatting pattern: "js-xss-document-write"
18:48:36.244 request_id=GE6XWZ14tX4vlNYAAFMF [debug] Formatted pattern keys: ["astRules", "confidenceRules", "contextRules", "cweId", "description", "examples", "frameworks", "id", "languages", "minConfidence", "name", "owaspCategory", "recommendation", "regex", "regexPatterns", "severity", "supportsAst", "type"]
18:48:36.244 request_id=GE6XWZ14tX4vlNYAAFMF [debug] Formatting pattern: "js-xss-jquery-html"
18:48:36.244 request_id=GE6XWZ14tX4vlNYAAFMF [debug] Formatted pattern keys: ["astRules", "confidenceRules", "contextRules", "cweId", "description", "examples", "frameworks", "id", "languages", "minConfidence", "name", "owaspCategory", "recommendation", "regex", "regexPatterns", "severity", "supportsAst", "type"]
18:48:36.244 request_id=GE6XWZ14tX4vlNYAAFMF [debug] Formatting pattern: "js-xss-react-dangerously"
18:48:36.244 request_id=GE6XWZ14tX4vlNYAAFMF [debug] Formatted pattern keys: ["astRules", "confidenceRules", "contextRules", "cweId", "description", "examples", "frameworks", "id", "languages", "minConfidence", "name", "owaspCategory", "recommendation", "regex", "regexPatterns", "severity", "supportsAst", "type"]
18:48:36.244 request_id=GE6XWZ14tX4vlNYAAFMF [debug] Formatting pattern: "js-xss-dom-manipulation"
18:48:36.244 request_id=GE6XWZ14tX4vlNYAAFMF [debug] Formatted pattern keys: ["astRules", "confidenceRules", "contextRules", "cweId", "description", "examples", "frameworks", "id", "languages", "minConfidence", "name", "owaspCategory", "recommendation", "regex", "regexPatterns", "severity", "supportsAst", "type"]
18:48:36.244 request_id=GE6XWZ14tX4vlNYAAFMF [debug] Formatting pattern: "js-command-injection-exec"
18:48:36.244 request_id=GE6XWZ14tX4vlNYAAFMF [debug] Formatted pattern keys: ["astRules", "confidenceRules", "contextRules", "cweId", "description", "examples", "frameworks", "id", "languages", "minConfidence", "name", "owaspCategory", "recommendation", "regex", "regexPatterns", "severity", "supportsAst", "type"]
18:48:36.244 request_id=GE6XWZ14tX4vlNYAAFMF [debug] Formatting pattern: "js-command-injection-spawn"
18:48:36.244 request_id=GE6XWZ14tX4vlNYAAFMF [debug] Formatted pattern keys: ["astRules", "confidenceRules", "contextRules", "cweId", "description", "examples", "frameworks", "id", "languages", "minConfidence", "name", "owaspCategory", "recommendation", "regex", "regexPatterns", "severity", "supportsAst", "type"]
18:48:36.244 request_id=GE6XWZ14tX4vlNYAAFMF [debug] Formatting pattern: "js-path-traversal-join"
18:48:36.244 request_id=GE6XWZ14tX4vlNYAAFMF [debug] Formatted pattern keys: ["astRules", "confidenceRules", "contextRules", "cweId", "description", "examples", "frameworks", "id", "languages", "minConfidence", "name", "owaspCategory", "recommendation", "regex", "regexPatterns", "severity", "supportsAst", "type"]
18:48:36.244 request_id=GE6XWZ14tX4vlNYAAFMF [debug] Formatting pattern: "js-path-traversal-concat"
18:48:36.244 request_id=GE6XWZ14tX4vlNYAAFMF [debug] Formatted pattern keys: ["astRules", "confidenceRules", "contextRules", "cweId", "description", "examples", "frameworks", "id", "languages", "minConfidence", "name", "owaspCategory", "recommendation", "regex", "regexPatterns", "severity", "supportsAst", "type"]
18:48:36.244 request_id=GE6XWZ14tX4vlNYAAFMF [debug] Formatting pattern: "js-weak-crypto-md5"
18:48:36.244 request_id=GE6XWZ14tX4vlNYAAFMF [debug] Formatted pattern keys: ["astRules", "confidenceRules", "contextRules", "cweId", "description", "examples", "frameworks", "id", "languages", "minConfidence", "name", "owaspCategory", "recommendation", "regex", "regexPatterns", "severity", "supportsAst", "type"]
18:48:36.244 request_id=GE6XWZ14tX4vlNYAAFMF [debug] Formatting pattern: "js-weak-crypto-sha1"
18:48:36.244 request_id=GE6XWZ14tX4vlNYAAFMF [debug] Formatted pattern keys: ["astRules", "confidenceRules", "contextRules", "cweId", "description", "examples", "frameworks", "id", "languages", "minConfidence", "name", "owaspCategory", "recommendation", "regex", "regexPatterns", "severity", "supportsAst", "type"]
18:48:36.246 request_id=GE6XWZ14tX4vlNYAAFMF [debug] Formatting pattern: "js-hardcoded-secret-password"
18:48:36.247 request_id=GE6XWZ14tX4vlNYAAFMF [debug] Formatted pattern keys: ["astRules", "confidenceRules", "contextRules", "cweId", "description", "examples", "frameworks", "id", "languages", "minConfidence", "name", "owaspCategory", "recommendation", "regex", "regexPatterns", "severity", "supportsAst", "type"]
18:48:36.247 request_id=GE6XWZ14tX4vlNYAAFMF [debug] Formatting pattern: "js-hardcoded-secret-api-key"
18:48:36.247 request_id=GE6XWZ14tX4vlNYAAFMF [debug] Formatted pattern keys: ["astRules", "confidenceRules", "contextRules", "cweId", "description", "examples", "frameworks", "id", "languages", "minConfidence", "name", "owaspCategory", "recommendation", "regex", "regexPatterns", "severity", "supportsAst", "type"]
18:48:36.247 request_id=GE6XWZ14tX4vlNYAAFMF [debug] Formatting pattern: "js-eval-user-input"
18:48:36.247 request_id=GE6XWZ14tX4vlNYAAFMF [debug] Formatted pattern keys: ["astRules", "confidenceRules", "contextRules", "cweId", "description", "examples", "frameworks", "id", "languages", "minConfidence", "name", "owaspCategory", "recommendation", "regex", "regexPatterns", "severity", "supportsAst", "type"]
18:48:36.247 request_id=GE6XWZ14tX4vlNYAAFMF [debug] Formatting pattern: "js-unsafe-regex"
18:48:36.247 request_id=GE6XWZ14tX4vlNYAAFMF [debug] Formatted pattern keys: ["astRules", "confidenceRules", "contextRules", "cweId", "description", "examples", "frameworks", "id", "languages", "minConfidence", "name", "owaspCategory", "recommendation", "regex", "regexPatterns", "severity", "supportsAst", "type"]
18:48:36.247 request_id=GE6XWZ14tX4vlNYAAFMF [debug] Formatting pattern: "js-open-redirect"
18:48:36.247 request_id=GE6XWZ14tX4vlNYAAFMF [debug] Formatted pattern keys: ["astRules", "confidenceRules", "contextRules", "cweId", "description", "examples", "frameworks", "id", "languages", "minConfidence", "name", "owaspCategory", "recommendation", "regex", "regexPatterns", "severity", "supportsAst", "type"]
18:48:36.247 request_id=GE6XWZ14tX4vlNYAAFMF [debug] Formatting pattern: "js-xxe-external-entities"
18:48:36.247 request_id=GE6XWZ14tX4vlNYAAFMF [debug] Formatted pattern keys: ["astRules", "confidenceRules", "contextRules", "cweId", "description", "examples", "frameworks", "id", "languages", "minConfidence", "name", "owaspCategory", "recommendation", "regex", "regexPatterns", "severity", "supportsAst", "type"]
18:48:36.247 request_id=GE6XWZ14tX4vlNYAAFMF [debug] Formatting pattern: "js-prototype-pollution"
18:48:36.247 request_id=GE6XWZ14tX4vlNYAAFMF [debug] Formatted pattern keys: ["astRules", "confidenceRules", "contextRules", "cweId", "description", "examples", "frameworks", "id", "languages", "minConfidence", "name", "owaspCategory", "recommendation", "regex", "regexPatterns", "severity", "supportsAst", "type"]
18:48:36.247 request_id=GE6XWZ14tX4vlNYAAFMF [debug] Formatting pattern: "js-insecure-random"
18:48:36.247 request_id=GE6XWZ14tX4vlNYAAFMF [debug] Formatted pattern keys: ["astRules", "confidenceRules", "contextRules", "cweId", "description", "examples", "frameworks", "id", "languages", "minConfidence", "name", "owaspCategory", "recommendation", "regex", "regexPatterns", "severity", "supportsAst", "type"]
18:48:36.247 request_id=GE6XWZ14tX4vlNYAAFMF [debug] Formatting pattern: "js-timing-attack"
18:48:36.247 request_id=GE6XWZ14tX4vlNYAAFMF [debug] Formatted pattern keys: ["astRules", "confidenceRules", "contextRules", "cweId", "description", "examples", "frameworks", "id", "languages", "minConfidence", "name", "owaspCategory", "recommendation", "regex", "regexPatterns", "severity", "supportsAst", "type"]
18:48:36.247 request_id=GE6XWZ14tX4vlNYAAFMF [debug] Formatting pattern: "js-nosql-injection"
18:48:36.247 request_id=GE6XWZ14tX4vlNYAAFMF [debug] Formatted pattern keys: ["astRules", "confidenceRules", "contextRules", "cweId", "description", "examples", "frameworks", "id", "languages", "minConfidence", "name", "owaspCategory", "recommendation", "regex", "regexPatterns", "severity", "supportsAst", "type"]
18:48:36.247 request_id=GE6XWZ14tX4vlNYAAFMF [debug] Formatting pattern: "js-ldap-injection"
18:48:36.247 request_id=GE6XWZ14tX4vlNYAAFMF [debug] Formatted pattern keys: ["astRules", "confidenceRules", "contextRules", "cweId", "description", "examples", "frameworks", "id", "languages", "minConfidence", "name", "owaspCategory", "recommendation", "regex", "regexPatterns", "severity", "supportsAst", "type"]
18:48:36.247 request_id=GE6XWZ14tX4vlNYAAFMF [debug] Formatting pattern: "js-xpath-injection"
18:48:36.247 request_id=GE6XWZ14tX4vlNYAAFMF [debug] Formatted pattern keys: ["astRules", "confidenceRules", "contextRules", "cweId", "description", "examples", "frameworks", "id", "languages", "minConfidence", "name", "owaspCategory", "recommendation", "regex", "regexPatterns", "severity", "supportsAst", "type"]
18:48:36.247 request_id=GE6XWZ14tX4vlNYAAFMF [debug] Formatting pattern: "js-ssrf"
18:48:36.247 request_id=GE6XWZ14tX4vlNYAAFMF [debug] Formatted pattern keys: ["astRules", "confidenceRules", "contextRules", "cweId", "description", "examples", "frameworks", "id", "languages", "minConfidence", "name", "owaspCategory", "recommendation", "regex", "regexPatterns", "severity", "supportsAst", "type"]
18:48:36.247 request_id=GE6XWZ14tX4vlNYAAFMF [debug] Formatting pattern: "js-insecure-deserialization"
18:48:36.247 request_id=GE6XWZ14tX4vlNYAAFMF [debug] Formatted pattern keys: ["astRules", "confidenceRules", "contextRules", "cweId", "description", "examples", "frameworks", "id", "languages", "minConfidence", "name", "owaspCategory", "recommendation", "regex", "regexPatterns", "severity", "supportsAst", "type"]
18:48:36.247 request_id=GE6XWZ14tX4vlNYAAFMF [debug] Formatting pattern: "js-missing-csrf"
18:48:36.247 request_id=GE6XWZ14tX4vlNYAAFMF [debug] Formatted pattern keys: ["astRules", "confidenceRules", "contextRules", "cweId", "description", "examples", "frameworks", "id", "languages", "minConfidence", "name", "owaspCategory", "recommendation", "regex", "regexPatterns", "severity", "supportsAst", "type"]
18:48:36.247 request_id=GE6XWZ14tX4vlNYAAFMF [debug] Formatting pattern: "js-jwt-none-algorithm"
18:48:36.247 request_id=GE6XWZ14tX4vlNYAAFMF [debug] Formatted pattern keys: ["astRules", "confidenceRules", "contextRules", "cweId", "description", "examples", "frameworks", "id", "languages", "minConfidence", "name", "owaspCategory", "recommendation", "regex", "regexPatterns", "severity", "supportsAst", "type"]
18:48:36.247 request_id=GE6XWZ14tX4vlNYAAFMF [debug] Formatting pattern: "js-debug-console-log"
18:48:36.247 request_id=GE6XWZ14tX4vlNYAAFMF [debug] Formatted pattern keys: ["astRules", "confidenceRules", "contextRules", "cweId", "description", "examples", "frameworks", "id", "languages", "minConfidence", "name", "owaspCategory", "recommendation", "regex", "regexPatterns", "severity", "supportsAst", "type"]
18:48:36.248 request_id=GE6XWZ14tX4vlNYAAFMF [info] Sent 200 in 5ms
.18:48:36.249 request_id=GE6XWZ3Y6Ij73iQAAFOF [info] GET /api/v1/patterns
18:48:36.249 request_id=GE6XWZ3Y6Ij73iQAAFOF [debug] Processing with RSOLVWeb.Api.V1.PatternController.index/2
  Parameters: %{"format" => "standard", "language" => "javascript"}
  Pipelines: [:api]
18:48:36.249 request_id=GE6XWZ3Y6Ij73iQAAFOF [info] Pattern API called with params: %{"format" => "standard", "language" => "javascript"}
18:48:36.249 request_id=GE6XWZ3Y6Ij73iQAAFOF [info] Language: javascript, Format: standard
18:48:36.249 request_id=GE6XWZ3Y6Ij73iQAAFOF [info] Has API key: true
18:48:36.249 request_id=GE6XWZ3Y6Ij73iQAAFOF [info] Getting enhanced patterns for javascript
18:48:36.250 request_id=GE6XWZ3Y6Ij73iQAAFOF [info] Retrieved 30 patterns
18:48:36.250 request_id=GE6XWZ3Y6Ij73iQAAFOF [debug] Formatting pattern: "js-sql-injection-concat"
18:48:36.250 request_id=GE6XWZ3Y6Ij73iQAAFOF [debug] Formatted pattern keys: ["cweId", "description", "examples", "frameworks", "id", "languages", "name", "owaspCategory", "recommendation", "regex", "regexPatterns", "severity", "supportsAst", "type"]
18:48:36.250 request_id=GE6XWZ3Y6Ij73iQAAFOF [debug] Formatting pattern: "js-sql-injection-interpolation"
18:48:36.250 request_id=GE6XWZ3Y6Ij73iQAAFOF [debug] Formatted pattern keys: ["cweId", "description", "examples", "frameworks", "id", "languages", "name", "owaspCategory", "recommendation", "regex", "regexPatterns", "severity", "supportsAst", "type"]
18:48:36.250 request_id=GE6XWZ3Y6Ij73iQAAFOF [debug] Formatting pattern: "js-xss-innerhtml"
18:48:36.250 request_id=GE6XWZ3Y6Ij73iQAAFOF [debug] Formatted pattern keys: ["cweId", "description", "examples", "frameworks", "id", "languages", "name", "owaspCategory", "recommendation", "regex", "regexPatterns", "severity", "supportsAst", "type"]
18:48:36.250 request_id=GE6XWZ3Y6Ij73iQAAFOF [debug] Formatting pattern: "js-xss-document-write"
18:48:36.250 request_id=GE6XWZ3Y6Ij73iQAAFOF [debug] Formatted pattern keys: ["cweId", "description", "examples", "frameworks", "id", "languages", "name", "owaspCategory", "recommendation", "regex", "regexPatterns", "severity", "supportsAst", "type"]
18:48:36.250 request_id=GE6XWZ3Y6Ij73iQAAFOF [debug] Formatting pattern: "js-xss-jquery-html"
18:48:36.250 request_id=GE6XWZ3Y6Ij73iQAAFOF [debug] Formatted pattern keys: ["cweId", "description", "examples", "frameworks", "id", "languages", "name", "owaspCategory", "recommendation", "regex", "regexPatterns", "severity", "supportsAst", "type"]
18:48:36.250 request_id=GE6XWZ3Y6Ij73iQAAFOF [debug] Formatting pattern: "js-xss-react-dangerously"
18:48:36.250 request_id=GE6XWZ3Y6Ij73iQAAFOF [debug] Formatted pattern keys: ["cweId", "description", "examples", "frameworks", "id", "languages", "name", "owaspCategory", "recommendation", "regex", "regexPatterns", "severity", "supportsAst", "type"]
18:48:36.250 request_id=GE6XWZ3Y6Ij73iQAAFOF [debug] Formatting pattern: "js-xss-dom-manipulation"
18:48:36.250 request_id=GE6XWZ3Y6Ij73iQAAFOF [debug] Formatted pattern keys: ["cweId", "description", "examples", "frameworks", "id", "languages", "name", "owaspCategory", "recommendation", "regex", "regexPatterns", "severity", "supportsAst", "type"]
18:48:36.250 request_id=GE6XWZ3Y6Ij73iQAAFOF [debug] Formatting pattern: "js-command-injection-exec"
18:48:36.250 request_id=GE6XWZ3Y6Ij73iQAAFOF [debug] Formatted pattern keys: ["cweId", "description", "examples", "frameworks", "id", "languages", "name", "owaspCategory", "recommendation", "regex", "regexPatterns", "severity", "supportsAst", "type"]
18:48:36.250 request_id=GE6XWZ3Y6Ij73iQAAFOF [debug] Formatting pattern: "js-command-injection-spawn"
18:48:36.250 request_id=GE6XWZ3Y6Ij73iQAAFOF [debug] Formatted pattern keys: ["cweId", "description", "examples", "frameworks", "id", "languages", "name", "owaspCategory", "recommendation", "regex", "regexPatterns", "severity", "supportsAst", "type"]
18:48:36.250 request_id=GE6XWZ3Y6Ij73iQAAFOF [debug] Formatting pattern: "js-path-traversal-join"
18:48:36.250 request_id=GE6XWZ3Y6Ij73iQAAFOF [debug] Formatted pattern keys: ["cweId", "description", "examples", "frameworks", "id", "languages", "name", "owaspCategory", "recommendation", "regex", "regexPatterns", "severity", "supportsAst", "type"]
18:48:36.250 request_id=GE6XWZ3Y6Ij73iQAAFOF [debug] Formatting pattern: "js-path-traversal-concat"
18:48:36.250 request_id=GE6XWZ3Y6Ij73iQAAFOF [debug] Formatted pattern keys: ["cweId", "description", "examples", "frameworks", "id", "languages", "name", "owaspCategory", "recommendation", "regex", "regexPatterns", "severity", "supportsAst", "type"]
18:48:36.250 request_id=GE6XWZ3Y6Ij73iQAAFOF [debug] Formatting pattern: "js-weak-crypto-md5"
18:48:36.250 request_id=GE6XWZ3Y6Ij73iQAAFOF [debug] Formatted pattern keys: ["cweId", "description", "examples", "frameworks", "id", "languages", "name", "owaspCategory", "recommendation", "regex", "regexPatterns", "severity", "supportsAst", "type"]
.18:48:36.250 request_id=GE6XWZ3Y6Ij73iQAAFOF [debug] Formatting pattern: "js-weak-crypto-sha1"
18:48:36.250 request_id=GE6XWZ3Y6Ij73iQAAFOF [debug] Formatted pattern keys: ["cweId", "description", "examples", "frameworks", "id", "languages", "name", "owaspCategory", "recommendation", "regex", "regexPatterns", "severity", "supportsAst", "type"]
.18:48:36.250 request_id=GE6XWZ3Y6Ij73iQAAFOF [debug] Formatting pattern: "js-hardcoded-secret-password"
18:48:36.250 request_id=GE6XWZ3Y6Ij73iQAAFOF [debug] Formatted pattern keys: ["cweId", "description", "examples", "frameworks", "id", "languages", "name", "owaspCategory", "recommendation", "regex", "regexPatterns", "severity", "supportsAst", "type"]
18:48:36.250 request_id=GE6XWZ3Y6Ij73iQAAFOF [debug] Formatting pattern: "js-hardcoded-secret-api-key"
18:48:36.250 request_id=GE6XWZ3Y6Ij73iQAAFOF [debug] Formatted pattern keys: ["cweId", "description", "examples", "frameworks", "id", "languages", "name", "owaspCategory", "recommendation", "regex", "regexPatterns", "severity", "supportsAst", "type"]
18:48:36.250 request_id=GE6XWZ3Y6Ij73iQAAFOF [debug] Formatting pattern: "js-eval-user-input"
18:48:36.250 request_id=GE6XWZ3Y6Ij73iQAAFOF [debug] Formatted pattern keys: ["cweId", "description", "examples", "frameworks", "id", "languages", "name", "owaspCategory", "recommendation", "regex", "regexPatterns", "severity", "supportsAst", "type"]
18:48:36.250 request_id=GE6XWZ3Y6Ij73iQAAFOF [debug] Formatting pattern: "js-unsafe-regex"
18:48:36.250 request_id=GE6XWZ3Y6Ij73iQAAFOF [debug] Formatted pattern keys: ["cweId", "description", "examples", "frameworks", "id", "languages", "name", "owaspCategory", "recommendation", "regex", "regexPatterns", "severity", "supportsAst", "type"]
18:48:36.250 request_id=GE6XWZ3Y6Ij73iQAAFOF [debug] Formatting pattern: "js-open-redirect"
18:48:36.250 request_id=GE6XWZ3Y6Ij73iQAAFOF [debug] Formatted pattern keys: ["cweId", "description", "examples", "frameworks", "id", "languages", "name", "owaspCategory", "recommendation", "regex", "regexPatterns", "severity", "supportsAst", "type"]
18:48:36.250 request_id=GE6XWZ3Y6Ij73iQAAFOF [debug] Formatting pattern: "js-xxe-external-entities"
18:48:36.250 request_id=GE6XWZ3Y6Ij73iQAAFOF [debug] Formatted pattern keys: ["cweId", "description", "examples", "frameworks", "id", "languages", "name", "owaspCategory", "recommendation", "regex", "regexPatterns", "severity", "supportsAst", "type"]
18:48:36.250 request_id=GE6XWZ3Y6Ij73iQAAFOF [debug] Formatting pattern: "js-prototype-pollution"
18:48:36.250 request_id=GE6XWZ3Y6Ij73iQAAFOF [debug] Formatted pattern keys: ["cweId", "description", "examples", "frameworks", "id", "languages", "name", "owaspCategory", "recommendation", "regex", "regexPatterns", "severity", "supportsAst", "type"]
.18:48:36.250 request_id=GE6XWZ3Y6Ij73iQAAFOF [debug] Formatting pattern: "js-insecure-random"
18:48:36.250 request_id=GE6XWZ3Y6Ij73iQAAFOF [debug] Formatted pattern keys: ["cweId", "description", "examples", "frameworks", "id", "languages", "name", "owaspCategory", "recommendation", "regex", "regexPatterns", "severity", "supportsAst", "type"]
18:48:36.250 request_id=GE6XWZ3Y6Ij73iQAAFOF [debug] Formatting pattern: "js-timing-attack"
18:48:36.250 request_id=GE6XWZ3Y6Ij73iQAAFOF [debug] Formatted pattern keys: ["cweId", "description", "examples", "frameworks", "id", "languages", "name", "owaspCategory", "recommendation", "regex", "regexPatterns", "severity", "supportsAst", "type"]
18:48:36.250 request_id=GE6XWZ3Y6Ij73iQAAFOF [debug] Formatting pattern: "js-nosql-injection"
18:48:36.250 request_id=GE6XWZ3Y6Ij73iQAAFOF [debug] Formatted pattern keys: ["cweId", "description", "examples", "frameworks", "id", "languages", "name", "owaspCategory", "recommendation", "regex", "regexPatterns", "severity", "supportsAst", "type"]
18:48:36.250 request_id=GE6XWZ3Y6Ij73iQAAFOF [debug] Formatting pattern: "js-ldap-injection"
18:48:36.250 request_id=GE6XWZ3Y6Ij73iQAAFOF [debug] Formatted pattern keys: ["cweId", "description", "examples", "frameworks", "id", "languages", "name", "owaspCategory", "recommendation", "regex", "regexPatterns", "severity", "supportsAst", "type"]
18:48:36.250 request_id=GE6XWZ3Y6Ij73iQAAFOF [debug] Formatting pattern: "js-xpath-injection"
18:48:36.250 request_id=GE6XWZ3Y6Ij73iQAAFOF [debug] Formatted pattern keys: ["cweId", "description", "examples", "frameworks", "id", "languages", "name", "owaspCategory", "recommendation", "regex", "regexPatterns", "severity", "supportsAst", "type"]
18:48:36.250 request_id=GE6XWZ3Y6Ij73iQAAFOF [debug] Formatting pattern: "js-ssrf"
18:48:36.250 request_id=GE6XWZ3Y6Ij73iQAAFOF [debug] Formatted pattern keys: ["cweId", "description", "examples", "frameworks", "id", "languages", "name", "owaspCategory", "recommendation", "regex", "regexPatterns", "severity", "supportsAst", "type"]
18:48:36.250 request_id=GE6XWZ3Y6Ij73iQAAFOF [debug] Formatting pattern: "js-insecure-deserialization"
18:48:36.250 request_id=GE6XWZ3Y6Ij73iQAAFOF [debug] Formatted pattern keys: ["cweId", "description", "examples", "frameworks", "id", "languages", "name", "owaspCategory", "recommendation", "regex", "regexPatterns", "severity", "supportsAst", "type"]
18:48:36.250 request_id=GE6XWZ3Y6Ij73iQAAFOF [debug] Formatting pattern: "js-missing-csrf"
18:48:36.250 request_id=GE6XWZ3Y6Ij73iQAAFOF [debug] Formatted pattern keys: ["cweId", "description", "examples", "frameworks", "id", "languages", "name", "owaspCategory", "recommendation", "regex", "regexPatterns", "severity", "supportsAst", "type"]
18:48:36.250 request_id=GE6XWZ3Y6Ij73iQAAFOF [debug] Formatting pattern: "js-jwt-none-algorithm"
18:48:36.250 request_id=GE6XWZ3Y6Ij73iQAAFOF [debug] Formatted pattern keys: ["cweId", "description", "examples", "frameworks", "id", "languages", "name", "owaspCategory", "recommendation", "regex", "regexPatterns", "severity", "supportsAst", "type"]
18:48:36.250 request_id=GE6XWZ3Y6Ij73iQAAFOF [debug] Formatting pattern: "js-debug-console-log"
18:48:36.250 request_id=GE6XWZ3Y6Ij73iQAAFOF [debug] Formatted pattern keys: ["cweId", "description", "examples", "frameworks", "id", "languages", "name", "owaspCategory", "recommendation", "regex", "regexPatterns", "severity", "supportsAst", "type"]
18:48:36.251 request_id=GE6XWZ3Y6Ij73iQAAFOF [info] Sent 200 in 1ms
18:48:36.252 request_id=GE6XWZ38lOm1jmYAAFQF [info] GET /api/v1/patterns
18:48:36.252 request_id=GE6XWZ38lOm1jmYAAFQF [debug] Processing with RSOLVWeb.Api.V1.PatternController.index/2
  Parameters: %{"format" => "enhanced", "language" => "javascript"}
  Pipelines: [:api]
18:48:36.252 request_id=GE6XWZ38lOm1jmYAAFQF [info] Pattern API called with params: %{"format" => "enhanced", "language" => "javascript"}
18:48:36.252 request_id=GE6XWZ38lOm1jmYAAFQF [info] Language: javascript, Format: enhanced
18:48:36.252 request_id=GE6XWZ38lOm1jmYAAFQF [info] Has API key: true
18:48:36.252 request_id=GE6XWZ38lOm1jmYAAFQF [info] Getting enhanced patterns for javascript
18:48:36.252 request_id=GE6XWZ38lOm1jmYAAFQF [info] Retrieved 30 patterns
18:48:36.252 request_id=GE6XWZ38lOm1jmYAAFQF [debug] Formatting pattern: "js-sql-injection-concat"
18:48:36.252 request_id=GE6XWZ38lOm1jmYAAFQF [debug] Formatted pattern keys: ["astRules", "confidenceRules", "contextRules", "cweId", "description", "examples", "frameworks", "id", "languages", "minConfidence", "name", "owaspCategory", "recommendation", "regex", "regexPatterns", "severity", "supportsAst", "type"]
18:48:36.252 request_id=GE6XWZ38lOm1jmYAAFQF [debug] Formatting pattern: "js-sql-injection-interpolation"
18:48:36.252 request_id=GE6XWZ38lOm1jmYAAFQF [debug] Formatted pattern keys: ["astRules", "confidenceRules", "contextRules", "cweId", "description", "examples", "frameworks", "id", "languages", "minConfidence", "name", "owaspCategory", "recommendation", "regex", "regexPatterns", "severity", "supportsAst", "type"]
18:48:36.252 request_id=GE6XWZ38lOm1jmYAAFQF [debug] Formatting pattern: "js-xss-innerhtml"
18:48:36.252 request_id=GE6XWZ38lOm1jmYAAFQF [debug] Formatted pattern keys: ["astRules", "confidenceRules", "contextRules", "cweId", "description", "examples", "frameworks", "id", "languages", "minConfidence", "name", "owaspCategory", "recommendation", "regex", "regexPatterns", "severity", "supportsAst", "type"]
18:48:36.252 request_id=GE6XWZ38lOm1jmYAAFQF [debug] Formatting pattern: "js-xss-document-write"
18:48:36.252 request_id=GE6XWZ38lOm1jmYAAFQF [debug] Formatted pattern keys: ["astRules", "confidenceRules", "contextRules", "cweId", "description", "examples", "frameworks", "id", "languages", "minConfidence", "name", "owaspCategory", "recommendation", "regex", "regexPatterns", "severity", "supportsAst", "type"]
18:48:36.252 request_id=GE6XWZ38lOm1jmYAAFQF [debug] Formatting pattern: "js-xss-jquery-html"
18:48:36.252 request_id=GE6XWZ38lOm1jmYAAFQF [debug] Formatted pattern keys: ["astRules", "confidenceRules", "contextRules", "cweId", "description", "examples", "frameworks", "id", "languages", "minConfidence", "name", "owaspCategory", "recommendation", "regex", "regexPatterns", "severity", "supportsAst", "type"]
18:48:36.252 request_id=GE6XWZ38lOm1jmYAAFQF [debug] Formatting pattern: "js-xss-react-dangerously"
18:48:36.252 request_id=GE6XWZ38lOm1jmYAAFQF [debug] Formatted pattern keys: ["astRules", "confidenceRules", "contextRules", "cweId", "description", "examples", "frameworks", "id", "languages", "minConfidence", "name", "owaspCategory", "recommendation", "regex", "regexPatterns", "severity", "supportsAst", "type"]
18:48:36.252 request_id=GE6XWZ38lOm1jmYAAFQF [debug] Formatting pattern: "js-xss-dom-manipulation"
18:48:36.252 request_id=GE6XWZ38lOm1jmYAAFQF [debug] Formatted pattern keys: ["astRules", "confidenceRules", "contextRules", "cweId", "description", "examples", "frameworks", "id", "languages", "minConfidence", "name", "owaspCategory", "recommendation", "regex", "regexPatterns", "severity", "supportsAst", "type"]
18:48:36.252 request_id=GE6XWZ38lOm1jmYAAFQF [debug] Formatting pattern: "js-command-injection-exec"
18:48:36.253 request_id=GE6XWZ38lOm1jmYAAFQF [debug] Formatted pattern keys: ["astRules", "confidenceRules", "contextRules", "cweId", "description", "examples", "frameworks", "id", "languages", "minConfidence", "name", "owaspCategory", "recommendation", "regex", "regexPatterns", "severity", "supportsAst", "type"]
18:48:36.253 request_id=GE6XWZ38lOm1jmYAAFQF [debug] Formatting pattern: "js-command-injection-spawn"
18:48:36.253 request_id=GE6XWZ38lOm1jmYAAFQF [debug] Formatted pattern keys: ["astRules", "confidenceRules", "contextRules", "cweId", "description", "examples", "frameworks", "id", "languages", "minConfidence", "name", "owaspCategory", "recommendation", "regex", "regexPatterns", "severity", "supportsAst", "type"]
18:48:36.253 request_id=GE6XWZ38lOm1jmYAAFQF [debug] Formatting pattern: "js-path-traversal-join"
18:48:36.253 request_id=GE6XWZ38lOm1jmYAAFQF [debug] Formatted pattern keys: ["astRules", "confidenceRules", "contextRules", "cweId", "description", "examples", "frameworks", "id", "languages", "minConfidence", "name", "owaspCategory", "recommendation", "regex", "regexPatterns", "severity", "supportsAst", "type"]
18:48:36.253 request_id=GE6XWZ38lOm1jmYAAFQF [debug] Formatting pattern: "js-path-traversal-concat"
18:48:36.253 request_id=GE6XWZ38lOm1jmYAAFQF [debug] Formatted pattern keys: ["astRules", "confidenceRules", "contextRules", "cweId", "description", "examples", "frameworks", "id", "languages", "minConfidence", "name", "owaspCategory", "recommendation", "regex", "regexPatterns", "severity", "supportsAst", "type"]
18:48:36.253 request_id=GE6XWZ38lOm1jmYAAFQF [debug] Formatting pattern: "js-weak-crypto-md5"
18:48:36.253 request_id=GE6XWZ38lOm1jmYAAFQF [debug] Formatted pattern keys: ["astRules", "confidenceRules", "contextRules", "cweId", "description", "examples", "frameworks", "id", "languages", "minConfidence", "name", "owaspCategory", "recommendation", "regex", "regexPatterns", "severity", "supportsAst", "type"]
18:48:36.253 request_id=GE6XWZ38lOm1jmYAAFQF [debug] Formatting pattern: "js-weak-crypto-sha1"
18:48:36.253 request_id=GE6XWZ38lOm1jmYAAFQF [debug] Formatted pattern keys: ["astRules", "confidenceRules", "contextRules", "cweId", "description", "examples", "frameworks", "id", "languages", "minConfidence", "name", "owaspCategory", "recommendation", "regex", "regexPatterns", "severity", "supportsAst", "type"]
18:48:36.253 request_id=GE6XWZ38lOm1jmYAAFQF [debug] Formatting pattern: "js-hardcoded-secret-password"
18:48:36.253 request_id=GE6XWZ38lOm1jmYAAFQF [debug] Formatted pattern keys: ["astRules", "confidenceRules", "contextRules", "cweId", "description", "examples", "frameworks", "id", "languages", "minConfidence", "name", "owaspCategory", "recommendation", "regex", "regexPatterns", "severity", "supportsAst", "type"]
18:48:36.253 request_id=GE6XWZ38lOm1jmYAAFQF [debug] Formatting pattern: "js-hardcoded-secret-api-key"
18:48:36.253 request_id=GE6XWZ38lOm1jmYAAFQF [debug] Formatted pattern keys: ["astRules", "confidenceRules", "contextRules", "cweId", "description", "examples", "frameworks", "id", "languages", "minConfidence", "name", "owaspCategory", "recommendation", "regex", "regexPatterns", "severity", "supportsAst", "type"]
18:48:36.253 request_id=GE6XWZ38lOm1jmYAAFQF [debug] Formatting pattern: "js-eval-user-input"
18:48:36.253 request_id=GE6XWZ38lOm1jmYAAFQF [debug] Formatted pattern keys: ["astRules", "confidenceRules", "contextRules", "cweId", "description", "examples", "frameworks", "id", "languages", "minConfidence", "name", "owaspCategory", "recommendation", "regex", "regexPatterns", "severity", "supportsAst", "type"]
18:48:36.253 request_id=GE6XWZ38lOm1jmYAAFQF [debug] Formatting pattern: "js-unsafe-regex"
18:48:36.253 request_id=GE6XWZ38lOm1jmYAAFQF [debug] Formatted pattern keys: ["astRules", "confidenceRules", "contextRules", "cweId", "description", "examples", "frameworks", "id", "languages", "minConfidence", "name", "owaspCategory", "recommendation", "regex", "regexPatterns", "severity", "supportsAst", "type"]
18:48:36.253 request_id=GE6XWZ38lOm1jmYAAFQF [debug] Formatting pattern: "js-open-redirect"
18:48:36.253 request_id=GE6XWZ38lOm1jmYAAFQF [debug] Formatted pattern keys: ["astRules", "confidenceRules", "contextRules", "cweId", "description", "examples", "frameworks", "id", "languages", "minConfidence", "name", "owaspCategory", "recommendation", "regex", "regexPatterns", "severity", "supportsAst", "type"]
18:48:36.253 request_id=GE6XWZ38lOm1jmYAAFQF [debug] Formatting pattern: "js-xxe-external-entities"
18:48:36.253 request_id=GE6XWZ38lOm1jmYAAFQF [debug] Formatted pattern keys: ["astRules", "confidenceRules", "contextRules", "cweId", "description", "examples", "frameworks", "id", "languages", "minConfidence", "name", "owaspCategory", "recommendation", "regex", "regexPatterns", "severity", "supportsAst", "type"]
18:48:36.253 request_id=GE6XWZ38lOm1jmYAAFQF [debug] Formatting pattern: "js-prototype-pollution"
18:48:36.253 request_id=GE6XWZ38lOm1jmYAAFQF [debug] Formatted pattern keys: ["astRules", "confidenceRules", "contextRules", "cweId", "description", "examples", "frameworks", "id", "languages", "minConfidence", "name", "owaspCategory", "recommendation", "regex", "regexPatterns", "severity", "supportsAst", "type"]
18:48:36.253 request_id=GE6XWZ38lOm1jmYAAFQF [debug] Formatting pattern: "js-insecure-random"
18:48:36.253 request_id=GE6XWZ38lOm1jmYAAFQF [debug] Formatted pattern keys: ["astRules", "confidenceRules", "contextRules", "cweId", "description", "examples", "frameworks", "id", "languages", "minConfidence", "name", "owaspCategory", "recommendation", "regex", "regexPatterns", "severity", "supportsAst", "type"]
18:48:36.253 request_id=GE6XWZ38lOm1jmYAAFQF [debug] Formatting pattern: "js-timing-attack"
18:48:36.253 request_id=GE6XWZ38lOm1jmYAAFQF [debug] Formatted pattern keys: ["astRules", "confidenceRules", "contextRules", "cweId", "description", "examples", "frameworks", "id", "languages", "minConfidence", "name", "owaspCategory", "recommendation", "regex", "regexPatterns", "severity", "supportsAst", "type"]
18:48:36.253 request_id=GE6XWZ38lOm1jmYAAFQF [debug] Formatting pattern: "js-nosql-injection"
18:48:36.253 request_id=GE6XWZ38lOm1jmYAAFQF [debug] Formatted pattern keys: ["astRules", "confidenceRules", "contextRules", "cweId", "description", "examples", "frameworks", "id", "languages", "minConfidence", "name", "owaspCategory", "recommendation", "regex", "regexPatterns", "severity", "supportsAst", "type"]
18:48:36.253 request_id=GE6XWZ38lOm1jmYAAFQF [debug] Formatting pattern: "js-ldap-injection"
18:48:36.253 request_id=GE6XWZ38lOm1jmYAAFQF [debug] Formatted pattern keys: ["astRules", "confidenceRules", "contextRules", "cweId", "description", "examples", "frameworks", "id", "languages", "minConfidence", "name", "owaspCategory", "recommendation", "regex", "regexPatterns", "severity", "supportsAst", "type"]
18:48:36.253 request_id=GE6XWZ38lOm1jmYAAFQF [debug] Formatting pattern: "js-xpath-injection"
18:48:36.253 request_id=GE6XWZ38lOm1jmYAAFQF [debug] Formatted pattern keys: ["astRules", "confidenceRules", "contextRules", "cweId", "description", "examples", "frameworks", "id", "languages", "minConfidence", "name", "owaspCategory", "recommendation", "regex", "regexPatterns", "severity", "supportsAst", "type"]
18:48:36.253 request_id=GE6XWZ38lOm1jmYAAFQF [debug] Formatting pattern: "js-ssrf"
18:48:36.253 request_id=GE6XWZ38lOm1jmYAAFQF [debug] Formatted pattern keys: ["astRules", "confidenceRules", "contextRules", "cweId", "description", "examples", "frameworks", "id", "languages", "minConfidence", "name", "owaspCategory", "recommendation", "regex", "regexPatterns", "severity", "supportsAst", "type"]
18:48:36.253 request_id=GE6XWZ38lOm1jmYAAFQF [debug] Formatting pattern: "js-insecure-deserialization"
18:48:36.253 request_id=GE6XWZ38lOm1jmYAAFQF [debug] Formatted pattern keys: ["astRules", "confidenceRules", "contextRules", "cweId", "description", "examples", "frameworks", "id", "languages", "minConfidence", "name", "owaspCategory", "recommendation", "regex", "regexPatterns", "severity", "supportsAst", "type"]
18:48:36.253 request_id=GE6XWZ38lOm1jmYAAFQF [debug] Formatting pattern: "js-missing-csrf"
18:48:36.253 request_id=GE6XWZ38lOm1jmYAAFQF [debug] Formatted pattern keys: ["astRules", "confidenceRules", "contextRules", "cweId", "description", "examples", "frameworks", "id", "languages", "minConfidence", "name", "owaspCategory", "recommendation", "regex", "regexPatterns", "severity", "supportsAst", "type"]
18:48:36.253 request_id=GE6XWZ38lOm1jmYAAFQF [debug] Formatting pattern: "js-jwt-none-algorithm"
18:48:36.253 request_id=GE6XWZ38lOm1jmYAAFQF [debug] Formatted pattern keys: ["astRules", "confidenceRules", "contextRules", "cweId", "description", "examples", "frameworks", "id", "languages", "minConfidence", "name", "owaspCategory", "recommendation", "regex", "regexPatterns", "severity", "supportsAst", "type"]
18:48:36.253 request_id=GE6XWZ38lOm1jmYAAFQF [debug] Formatting pattern: "js-debug-console-log"
18:48:36.253 request_id=GE6XWZ38lOm1jmYAAFQF [debug] Formatted pattern keys: ["astRules", "confidenceRules", "contextRules", "cweId", "description", "examples", "frameworks", "id", "languages", "minConfidence", "name", "owaspCategory", "recommendation", "regex", "regexPatterns", "severity", "supportsAst", "type"]
18:48:36.254 request_id=GE6XWZ38lOm1jmYAAFQF [info] Sent 200 in 2ms
18:48:36.255 request_id=GE6XWZ4tDcEfEwYAAFSF [info] GET /api/v1/patterns
18:48:36.255 request_id=GE6XWZ4tDcEfEwYAAFSF [debug] Processing with RSOLVWeb.Api.V1.PatternController.index/2
  Parameters: %{"format" => "enhanced", "language" => "javascript"}
  Pipelines: [:api]
18:48:36.255 request_id=GE6XWZ4tDcEfEwYAAFSF [info] Pattern API called with params: %{"format" => "enhanced", "language" => "javascript"}
18:48:36.255 request_id=GE6XWZ4tDcEfEwYAAFSF [info] Language: javascript, Format: enhanced
18:48:36.255 request_id=GE6XWZ4tDcEfEwYAAFSF [info] Has API key: false
18:48:36.255 request_id=GE6XWZ4tDcEfEwYAAFSF [info] Getting demo patterns for javascript
18:48:36.255 request_id=GE6XWZ4tDcEfEwYAAFSF [info] Retrieved 5 patterns
18:48:36.255 request_id=GE6XWZ4tDcEfEwYAAFSF [debug] Formatting pattern: "js-sql-injection-concat"
18:48:36.255 request_id=GE6XWZ4tDcEfEwYAAFSF [debug] Formatted pattern keys: ["cweId", "description", "examples", "frameworks", "id", "languages", "name", "owaspCategory", "recommendation", "regex", "regexPatterns", "severity", "supportsAst", "type"]
18:48:36.255 request_id=GE6XWZ4tDcEfEwYAAFSF [debug] Formatting pattern: "js-xss-innerhtml"
18:48:36.255 request_id=GE6XWZ4tDcEfEwYAAFSF [debug] Formatted pattern keys: ["cweId", "description", "examples", "frameworks", "id", "languages", "name", "owaspCategory", "recommendation", "regex", "regexPatterns", "severity", "supportsAst", "type"]
18:48:36.255 request_id=GE6XWZ4tDcEfEwYAAFSF [debug] Formatting pattern: "js-command-injection-exec"
18:48:36.255 request_id=GE6XWZ4tDcEfEwYAAFSF [debug] Formatted pattern keys: ["cweId", "description", "examples", "frameworks", "id", "languages", "name", "owaspCategory", "recommendation", "regex", "regexPatterns", "severity", "supportsAst", "type"]
18:48:36.255 request_id=GE6XWZ4tDcEfEwYAAFSF [debug] Formatting pattern: "js-weak-crypto-md5"
18:48:36.255 request_id=GE6XWZ4tDcEfEwYAAFSF [debug] Formatted pattern keys: ["cweId", "description", "examples", "frameworks", "id", "languages", "name", "owaspCategory", "recommendation", "regex", "regexPatterns", "severity", "supportsAst", "type"]
18:48:36.255 request_id=GE6XWZ4tDcEfEwYAAFSF [debug] Formatting pattern: "js-hardcoded-secret-api-key"
18:48:36.255 request_id=GE6XWZ4tDcEfEwYAAFSF [debug] Formatted pattern keys: ["cweId", "description", "examples", "frameworks", "id", "languages", "name", "owaspCategory", "recommendation", "regex", "regexPatterns", "severity", "supportsAst", "type"]
18:48:36.255 request_id=GE6XWZ4tDcEfEwYAAFSF [info] Sent 200 in 379µs
18:48:36.256 request_id=GE6XWZ5FXSPVfPIAAAAW [info] GET /api/v1/patterns
18:48:36.262 request_id=GE6XWZ5FXSPVfPIAAAAW [debug] Processing with RSOLVWeb.Api.V1.PatternController.index/2
  Parameters: %{"format" => "enhanced", "language" => "javascript"}
  Pipelines: [:api]
18:48:36.262 request_id=GE6XWZ5FXSPVfPIAAAAW [info] Pattern API called with params: %{"format" => "enhanced", "language" => "javascript"}
18:48:36.262 request_id=GE6XWZ5FXSPVfPIAAAAW [info] Language: javascript, Format: enhanced
18:48:36.262 request_id=GE6XWZ5FXSPVfPIAAAAW [info] Has API key: true
18:48:36.262 request_id=GE6XWZ5FXSPVfPIAAAAW [info] Getting enhanced patterns for javascript
18:48:36.263 request_id=GE6XWZ5FXSPVfPIAAAAW [info] Retrieved 30 patterns
18:48:36.263 request_id=GE6XWZ5FXSPVfPIAAAAW [debug] Formatting pattern: "js-sql-injection-concat"
18:48:36.263 request_id=GE6XWZ5FXSPVfPIAAAAW [debug] Formatted pattern keys: ["astRules", "confidenceRules", "contextRules", "cweId", "description", "examples", "frameworks", "id", "languages", "minConfidence", "name", "owaspCategory", "recommendation", "regex", "regexPatterns", "severity", "supportsAst", "type"]
18:48:36.263 request_id=GE6XWZ5FXSPVfPIAAAAW [debug] Formatting pattern: "js-sql-injection-interpolation"
18:48:36.263 request_id=GE6XWZ5FXSPVfPIAAAAW [debug] Formatted pattern keys: ["astRules", "confidenceRules", "contextRules", "cweId", "description", "examples", "frameworks", "id", "languages", "minConfidence", "name", "owaspCategory", "recommendation", "regex", "regexPatterns", "severity", "supportsAst", "type"]
18:48:36.263 request_id=GE6XWZ5FXSPVfPIAAAAW [debug] Formatting pattern: "js-xss-innerhtml"
18:48:36.263 request_id=GE6XWZ5FXSPVfPIAAAAW [debug] Formatted pattern keys: ["astRules", "confidenceRules", "contextRules", "cweId", "description", "examples", "frameworks", "id", "languages", "minConfidence", "name", "owaspCategory", "recommendation", "regex", "regexPatterns", "severity", "supportsAst", "type"]
18:48:36.263 request_id=GE6XWZ5FXSPVfPIAAAAW [debug] Formatting pattern: "js-xss-document-write"
18:48:36.263 request_id=GE6XWZ5FXSPVfPIAAAAW [debug] Formatted pattern keys: ["astRules", "confidenceRules", "contextRules", "cweId", "description", "examples", "frameworks", "id", "languages", "minConfidence", "name", "owaspCategory", "recommendation", "regex", "regexPatterns", "severity", "supportsAst", "type"]
18:48:36.263 request_id=GE6XWZ5FXSPVfPIAAAAW [debug] Formatting pattern: "js-xss-jquery-html"
18:48:36.263 request_id=GE6XWZ5FXSPVfPIAAAAW [debug] Formatted pattern keys: ["astRules", "confidenceRules", "contextRules", "cweId", "description", "examples", "frameworks", "id", "languages", "minConfidence", "name", "owaspCategory", "recommendation", "regex", "regexPatterns", "severity", "supportsAst", "type"]
18:48:36.263 request_id=GE6XWZ5FXSPVfPIAAAAW [debug] Formatting pattern: "js-xss-react-dangerously"
18:48:36.263 request_id=GE6XWZ5FXSPVfPIAAAAW [debug] Formatted pattern keys: ["astRules", "confidenceRules", "contextRules", "cweId", "description", "examples", "frameworks", "id", "languages", "minConfidence", "name", "owaspCategory", "recommendation", "regex", "regexPatterns", "severity", "supportsAst", "type"]
18:48:36.263 request_id=GE6XWZ5FXSPVfPIAAAAW [debug] Formatting pattern: "js-xss-dom-manipulation"
18:48:36.263 request_id=GE6XWZ5FXSPVfPIAAAAW [debug] Formatted pattern keys: ["astRules", "confidenceRules", "contextRules", "cweId", "description", "examples", "frameworks", "id", "languages", "minConfidence", "name", "owaspCategory", "recommendation", "regex", "regexPatterns", "severity", "supportsAst", "type"]
18:48:36.263 request_id=GE6XWZ5FXSPVfPIAAAAW [debug] Formatting pattern: "js-command-injection-exec"
18:48:36.263 request_id=GE6XWZ5FXSPVfPIAAAAW [debug] Formatted pattern keys: ["astRules", "confidenceRules", "contextRules", "cweId", "description", "examples", "frameworks", "id", "languages", "minConfidence", "name", "owaspCategory", "recommendation", "regex", "regexPatterns", "severity", "supportsAst", "type"]
18:48:36.263 request_id=GE6XWZ5FXSPVfPIAAAAW [debug] Formatting pattern: "js-command-injection-spawn"
18:48:36.263 request_id=GE6XWZ5FXSPVfPIAAAAW [debug] Formatted pattern keys: ["astRules", "confidenceRules", "contextRules", "cweId", "description", "examples", "frameworks", "id", "languages", "minConfidence", "name", "owaspCategory", "recommendation", "regex", "regexPatterns", "severity", "supportsAst", "type"]
18:48:36.263 request_id=GE6XWZ5FXSPVfPIAAAAW [debug] Formatting pattern: "js-path-traversal-join"
18:48:36.263 request_id=GE6XWZ5FXSPVfPIAAAAW [debug] Formatted pattern keys: ["astRules", "confidenceRules", "contextRules", "cweId", "description", "examples", "frameworks", "id", "languages", "minConfidence", "name", "owaspCategory", "recommendation", "regex", "regexPatterns", "severity", "supportsAst", "type"]
18:48:36.263 request_id=GE6XWZ5FXSPVfPIAAAAW [debug] Formatting pattern: "js-path-traversal-concat"
18:48:36.263 request_id=GE6XWZ5FXSPVfPIAAAAW [debug] Formatted pattern keys: ["astRules", "confidenceRules", "contextRules", "cweId", "description", "examples", "frameworks", "id", "languages", "minConfidence", "name", "owaspCategory", "recommendation", "regex", "regexPatterns", "severity", "supportsAst", "type"]
18:48:36.263 request_id=GE6XWZ5FXSPVfPIAAAAW [debug] Formatting pattern: "js-weak-crypto-md5"
18:48:36.263 request_id=GE6XWZ5FXSPVfPIAAAAW [debug] Formatted pattern keys: ["astRules", "confidenceRules", "contextRules", "cweId", "description", "examples", "frameworks", "id", "languages", "minConfidence", "name", "owaspCategory", "recommendation", "regex", "regexPatterns", "severity", "supportsAst", "type"]
18:48:36.263 request_id=GE6XWZ5FXSPVfPIAAAAW [debug] Formatting pattern: "js-weak-crypto-sha1"
18:48:36.263 request_id=GE6XWZ5FXSPVfPIAAAAW [debug] Formatted pattern keys: ["astRules", "confidenceRules", "contextRules", "cweId", "description", "examples", "frameworks", "id", "languages", "minConfidence", "name", "owaspCategory", "recommendation", "regex", "regexPatterns", "severity", "supportsAst", "type"]
18:48:36.263 request_id=GE6XWZ5FXSPVfPIAAAAW [debug] Formatting pattern: "js-hardcoded-secret-password"
18:48:36.263 request_id=GE6XWZ5FXSPVfPIAAAAW [debug] Formatted pattern keys: ["astRules", "confidenceRules", "contextRules", "cweId", "description", "examples", "frameworks", "id", "languages", "minConfidence", "name", "owaspCategory", "recommendation", "regex", "regexPatterns", "severity", "supportsAst", "type"]
18:48:36.263 request_id=GE6XWZ5FXSPVfPIAAAAW [debug] Formatting pattern: "js-hardcoded-secret-api-key"
18:48:36.263 request_id=GE6XWZ5FXSPVfPIAAAAW [debug] Formatted pattern keys: ["astRules", "confidenceRules", "contextRules", "cweId", "description", "examples", "frameworks", "id", "languages", "minConfidence", "name", "owaspCategory", "recommendation", "regex", "regexPatterns", "severity", "supportsAst", "type"]
18:48:36.263 request_id=GE6XWZ5FXSPVfPIAAAAW [debug] Formatting pattern: "js-eval-user-input"
18:48:36.263 request_id=GE6XWZ5FXSPVfPIAAAAW [debug] Formatted pattern keys: ["astRules", "confidenceRules", "contextRules", "cweId", "description", "examples", "frameworks", "id", "languages", "minConfidence", "name", "owaspCategory", "recommendation", "regex", "regexPatterns", "severity", "supportsAst", "type"]
18:48:36.263 request_id=GE6XWZ5FXSPVfPIAAAAW [debug] Formatting pattern: "js-unsafe-regex"
18:48:36.263 request_id=GE6XWZ5FXSPVfPIAAAAW [debug] Formatted pattern keys: ["astRules", "confidenceRules", "contextRules", "cweId", "description", "examples", "frameworks", "id", "languages", "minConfidence", "name", "owaspCategory", "recommendation", "regex", "regexPatterns", "severity", "supportsAst", "type"]
18:48:36.263 request_id=GE6XWZ5FXSPVfPIAAAAW [debug] Formatting pattern: "js-open-redirect"
18:48:36.263 request_id=GE6XWZ5FXSPVfPIAAAAW [debug] Formatted pattern keys: ["astRules", "confidenceRules", "contextRules", "cweId", "description", "examples", "frameworks", "id", "languages", "minConfidence", "name", "owaspCategory", "recommendation", "regex", "regexPatterns", "severity", "supportsAst", "type"]
18:48:36.263 request_id=GE6XWZ5FXSPVfPIAAAAW [debug] Formatting pattern: "js-xxe-external-entities"
18:48:36.263 request_id=GE6XWZ5FXSPVfPIAAAAW [debug] Formatted pattern keys: ["astRules", "confidenceRules", "contextRules", "cweId", "description", "examples", "frameworks", "id", "languages", "minConfidence", "name", "owaspCategory", "recommendation", "regex", "regexPatterns", "severity", "supportsAst", "type"]
18:48:36.263 request_id=GE6XWZ5FXSPVfPIAAAAW [debug] Formatting pattern: "js-prototype-pollution"
18:48:36.263 request_id=GE6XWZ5FXSPVfPIAAAAW [debug] Formatted pattern keys: ["astRules", "confidenceRules", "contextRules", "cweId", "description", "examples", "frameworks", "id", "languages", "minConfidence", "name", "owaspCategory", "recommendation", "regex", "regexPatterns", "severity", "supportsAst", "type"]
18:48:36.263 request_id=GE6XWZ5FXSPVfPIAAAAW [debug] Formatting pattern: "js-insecure-random"
18:48:36.263 request_id=GE6XWZ5FXSPVfPIAAAAW [debug] Formatted pattern keys: ["astRules", "confidenceRules", "contextRules", "cweId", "description", "examples", "frameworks", "id", "languages", "minConfidence", "name", "owaspCategory", "recommendation", "regex", "regexPatterns", "severity", "supportsAst", "type"]
18:48:36.263 request_id=GE6XWZ5FXSPVfPIAAAAW [debug] Formatting pattern: "js-timing-attack"
18:48:36.263 request_id=GE6XWZ5FXSPVfPIAAAAW [debug] Formatted pattern keys: ["astRules", "confidenceRules", "contextRules", "cweId", "description", "examples", "frameworks", "id", "languages", "minConfidence", "name", "owaspCategory", "recommendation", "regex", "regexPatterns", "severity", "supportsAst", "type"]
18:48:36.263 request_id=GE6XWZ5FXSPVfPIAAAAW [debug] Formatting pattern: "js-nosql-injection"
18:48:36.263 request_id=GE6XWZ5FXSPVfPIAAAAW [debug] Formatted pattern keys: ["astRules", "confidenceRules", "contextRules", "cweId", "description", "examples", "frameworks", "id", "languages", "minConfidence", "name", "owaspCategory", "recommendation", "regex", "regexPatterns", "severity", "supportsAst", "type"]
18:48:36.263 request_id=GE6XWZ5FXSPVfPIAAAAW [debug] Formatting pattern: "js-ldap-injection"
18:48:36.263 request_id=GE6XWZ5FXSPVfPIAAAAW [debug] Formatted pattern keys: ["astRules", "confidenceRules", "contextRules", "cweId", "description", "examples", "frameworks", "id", "languages", "minConfidence", "name", "owaspCategory", "recommendation", "regex", "regexPatterns", "severity", "supportsAst", "type"]
18:48:36.263 request_id=GE6XWZ5FXSPVfPIAAAAW [debug] Formatting pattern: "js-xpath-injection"
18:48:36.263 request_id=GE6XWZ5FXSPVfPIAAAAW [debug] Formatted pattern keys: ["astRules", "confidenceRules", "contextRules", "cweId", "description", "examples", "frameworks", "id", "languages", "minConfidence", "name", "owaspCategory", "recommendation", "regex", "regexPatterns", "severity", "supportsAst", "type"]
18:48:36.263 request_id=GE6XWZ5FXSPVfPIAAAAW [debug] Formatting pattern: "js-ssrf"
18:48:36.263 request_id=GE6XWZ5FXSPVfPIAAAAW [debug] Formatted pattern keys: ["astRules", "confidenceRules", "contextRules", "cweId", "description", "examples", "frameworks", "id", "languages", "minConfidence", "name", "owaspCategory", "recommendation", "regex", "regexPatterns", "severity", "supportsAst", "type"]
18:48:36.263 request_id=GE6XWZ5FXSPVfPIAAAAW [debug] Formatting pattern: "js-insecure-deserialization"
18:48:36.264 request_id=GE6XWZ5FXSPVfPIAAAAW [debug] Formatted pattern keys: ["astRules", "confidenceRules", "contextRules", "cweId", "description", "examples", "frameworks", "id", "languages", "minConfidence", "name", "owaspCategory", "recommendation", "regex", "regexPatterns", "severity", "supportsAst", "type"]
18:48:36.264 request_id=GE6XWZ5FXSPVfPIAAAAW [debug] Formatting pattern: "js-missing-csrf"
18:48:36.264 request_id=GE6XWZ5FXSPVfPIAAAAW [debug] Formatted pattern keys: ["astRules", "confidenceRules", "contextRules", "cweId", "description", "examples", "frameworks", "id", "languages", "minConfidence", "name", "owaspCategory", "recommendation", "regex", "regexPatterns", "severity", "supportsAst", "type"]
18:48:36.264 request_id=GE6XWZ5FXSPVfPIAAAAW [debug] Formatting pattern: "js-jwt-none-algorithm"
18:48:36.266 request_id=GE6XWZ5FXSPVfPIAAAAW [debug] Formatted pattern keys: ["astRules", "confidenceRules", "contextRules", "cweId", "description", "examples", "frameworks", "id", "languages", "minConfidence", "name", "owaspCategory", "recommendation", "regex", "regexPatterns", "severity", "supportsAst", "type"]
.18:48:36.266 request_id=GE6XWZ5FXSPVfPIAAAAW [debug] Formatting pattern: "js-debug-console-log"
18:48:36.266 request_id=GE6XWZ5FXSPVfPIAAAAW [debug] Formatted pattern keys: ["astRules", "confidenceRules", "contextRules", "cweId", "description", "examples", "frameworks", "id", "languages", "minConfidence", "name", "owaspCategory", "recommendation", "regex", "regexPatterns", "severity", "supportsAst", "type"]
18:48:36.267 request_id=GE6XWZ5FXSPVfPIAAAAW [info] Sent 200 in 10ms
18:48:36.269 [info] [Accounts] Checking database for API key: rsolv_internal_a08e4f8ffb58ba44b2cb4d3b30f28e99
18:48:36.269 [debug] QUERY OK source="customers" db=0.5ms
SELECT c0."id", c0."name", c0."email", c0."api_key", c0."monthly_limit", c0."current_usage", c0."active", c0."subscription_status" = 'trial', c0."inserted_at" FROM "customers" AS c0 WHERE ((c0."api_key" = $1) AND (c0."active" = TRUE)) ["rsolv_internal_a08e4f8ffb58ba44b2cb4d3b30f28e99"]
18:48:36.269 [info] [Accounts] No customer found in database for API key
18:48:36.269 [info] [Accounts] Checking database for API key: rsolv_internal_1cbadb7c6436697f3cf0411576abe323
18:48:36.270 [debug] QUERY OK source="customers" db=0.1ms
SELECT c0."id", c0."name", c0."email", c0."api_key", c0."monthly_limit", c0."current_usage", c0."active", c0."subscription_status" = 'trial', c0."inserted_at" FROM "customers" AS c0 WHERE ((c0."api_key" = $1) AND (c0."active" = TRUE)) ["rsolv_internal_1cbadb7c6436697f3cf0411576abe323"]
18:48:36.270 [info] [Accounts] No customer found in database for API key
18:48:36.270 [info] [Accounts] Checking database for API key: rsolv_prod_demo_key
18:48:36.270 [debug] QUERY OK source="customers" db=0.1ms
SELECT c0."id", c0."name", c0."email", c0."api_key", c0."monthly_limit", c0."current_usage", c0."active", c0."subscription_status" = 'trial', c0."inserted_at" FROM "customers" AS c0 WHERE ((c0."api_key" = $1) AND (c0."active" = TRUE)) ["rsolv_prod_demo_key"]
.18:48:36.270 [info] [Accounts] No customer found in database for API key
.18:48:36.270 [info] [Accounts] Checking database for API key: rsolv_master_key_984c92f8c96d95167a2cf9bc8de288bb
18:48:36.270 [debug] QUERY OK source="customers" db=0.2ms
SELECT c0."id", c0."name", c0."email", c0."api_key", c0."monthly_limit", c0."current_usage", c0."active", c0."subscription_status" = 'trial', c0."inserted_at" FROM "customers" AS c0 WHERE ((c0."api_key" = $1) AND (c0."active" = TRUE)) ["rsolv_master_key_984c92f8c96d95167a2cf9bc8de288bb"]
18:48:36.270 [info] [Accounts] No customer found in database for API key
18:48:36.271 [info] [Accounts] Checking database for API key: random_key_xyz
18:48:36.273 [debug] QUERY OK source="customers" db=1.2ms
SELECT c0."id", c0."name", c0."email", c0."api_key", c0."monthly_limit", c0."current_usage", c0."active", c0."subscription_status" = 'trial', c0."inserted_at" FROM "customers" AS c0 WHERE ((c0."api_key" = $1) AND (c0."active" = TRUE)) ["random_key_xyz"]
18:48:36.273 [info] [Accounts] No customer found in database for API key
18:48:36.273 [info] [Accounts] Checking database for API key: 
18:48:36.275 [debug] QUERY OK source="customers" db=2.5ms
SELECT c0."id", c0."name", c0."email", c0."api_key", c0."monthly_limit", c0."current_usage", c0."active", c0."subscription_status" = 'trial', c0."inserted_at" FROM "customers" AS c0 WHERE ((c0."api_key" = $1) AND (c0."active" = TRUE)) [""]
18:48:36.276 [info] [Accounts] No customer found in database for API key
..18:48:36.278 request_id=GE6XWZ-N-hwWhh8AAFUF [info] POST /webhook/github
18:48:36.278 request_id=GE6XWZ-N-hwWhh8AAFUF [debug] Processing with RSOLVWeb.WebhookController.github/2
  Parameters: %{"action" => "opened", "pull_request" => %{"base" => %{"repo" => %{"name" => "test-repo", "owner" => %{"login" => "test-org"}}}, "body" => "Fixes #456\n\nGenerated by RSOLV", "head" => %{"ref" => "rsolv/fix-sql-injection"}, "html_url" => "https://github.com/test-org/test-repo/pull/123", "labels" => [%{"name" => "rsolv:automated"}], "number" => 123, "title" => "[RSOLV] Fix SQL injection vulnerability", "user" => %{"login" => "rsolv-bot"}}}
  Pipelines: [:webhook]
18:48:36.286 request_id=GE6XWZ-N-hwWhh8AAFUF [debug] CaptureRawBody: Successfully read body: "--plug_conn_test--"
18:48:36.293 request_id=GE6XWZ-N-hwWhh8AAFUF [debug] Raw body in controller: "--plug_conn_test--"
18:48:36.293 request_id=GE6XWZ-N-hwWhh8AAFUF [info] Routing GitHub event: "pull_request"
18:48:36.293 request_id=GE6XWZ-N-hwWhh8AAFUF [info] Handling pull_request event with action: "opened"
18:48:36.293 request_id=GE6XWZ-N-hwWhh8AAFUF [info] Evaluating PR: [RSOLV] Fix SQL injection vulnerability
18:48:36.293 request_id=GE6XWZ-N-hwWhh8AAFUF [debug] RSOLV PR identification:
- Has label: true
- Has branch prefix: true
- Has title prefix: true
- Has body pattern: true

18:48:36.293 request_id=GE6XWZ-N-hwWhh8AAFUF [info] Identified as RSOLV PR, tracking...
18:48:36.296 request_id=GE6XWZ-N-hwWhh8AAFUF [debug] QUERY OK source="fix_attempts" db=3.2ms
SELECT f0."id", f0."github_org", f0."repo_name", f0."issue_number", f0."pr_number", f0."status", f0."merged_at", f0."billing_status", f0."requires_manual_approval", f0."approved_by", f0."approved_at", f0."approval_notes", f0."platform", f0."customer_id", f0."api_key_used", f0."pr_title", f0."pr_url", f0."issue_title", f0."issue_url", f0."commit_sha", f0."merged_by", f0."metadata", f0."amount", f0."currency", f0."billed_at", f0."refunded_at", f0."inserted_at", f0."updated_at" FROM "fix_attempts" AS f0 WHERE (((f0."github_org" = $1) AND (f0."repo_name" = $2)) AND (f0."pr_number" = $3)) ["test-org", "test-repo", 123]
18:48:36.297 request_id=GE6XWZ-N-hwWhh8AAFUF [debug] QUERY OK source="fix_attempts" db=0.3ms queue=0.4ms
INSERT INTO "fix_attempts" ("status","metadata","currency","repo_name","github_org","issue_number","pr_number","billing_status","platform","pr_title","pr_url","requires_manual_approval","inserted_at","updated_at") VALUES ($1,$2,$3,$4,$5,$6,$7,$8,$9,$10,$11,$12,$13,$14) RETURNING "id" ["pending", %{labels: ["rsolv:automated"], branch: "rsolv/fix-sql-injection", created_by: "rsolv-bot", issue_references: [%{type: :number, value: 456}]}, "USD", "test-repo", "test-org", 456, 123, "not_billed", "github", "[RSOLV] Fix SQL injection vulnerability", "https://github.com/test-org/test-repo/pull/123", true, ~N[2025-07-03 00:48:36], ~N[2025-07-03 00:48:36]]
18:48:36.297 request_id=GE6XWZ-N-hwWhh8AAFUF [info] Webhook processed successfully: :pr_opened
18:48:36.297 request_id=GE6XWZ-N-hwWhh8AAFUF [info] Sent 200 in 19ms
18:48:36.298 request_id=GE6XWZ-N-hwWhh8AAFUF [debug] QUERY OK source="fix_attempts" db=0.1ms queue=0.1ms
SELECT f0."id", f0."github_org", f0."repo_name", f0."issue_number", f0."pr_number", f0."status", f0."merged_at", f0."billing_status", f0."requires_manual_approval", f0."approved_by", f0."approved_at", f0."approval_notes", f0."platform", f0."customer_id", f0."api_key_used", f0."pr_title", f0."pr_url", f0."issue_title", f0."issue_url", f0."commit_sha", f0."merged_by", f0."metadata", f0."amount", f0."currency", f0."billed_at", f0."refunded_at", f0."inserted_at", f0."updated_at" FROM "fix_attempts" AS f0 WHERE ((f0."pr_number" = $1) AND (f0."github_org" = $2)) [123, "test-org"]
.18:48:36.299 [debug] QUERY OK source="fix_attempts" db=0.4ms queue=0.3ms
INSERT INTO "fix_attempts" ("status","metadata","currency","repo_name","github_org","pr_number","billing_status","platform","requires_manual_approval","inserted_at","updated_at") VALUES ($1,$2,$3,$4,$5,$6,$7,$8,$9,$10,$11) RETURNING "id" ["pending", %{}, "USD", "test-repo", "test-org", 124, "not_billed", "github", true, ~N[2025-07-03 00:48:36], ~N[2025-07-03 00:48:36]]
18:48:36.299 request_id=GE6XWaDP_brk77MAAACW [info] POST /webhook/github
18:48:36.299 request_id=GE6XWaDP_brk77MAAACW [debug] Processing with RSOLVWeb.WebhookController.github/2
  Parameters: %{"action" => "closed", "pull_request" => %{"base" => %{"repo" => %{"name" => "test-repo", "owner" => %{"login" => "test-org"}}}, "merge_commit_sha" => "abc123", "merged" => true, "merged_at" => "2025-06-03T10:00:00Z", "merged_by" => %{"login" => "test-user"}, "number" => 124}}
  Pipelines: [:webhook]
18:48:36.299 request_id=GE6XWaDP_brk77MAAACW [debug] CaptureRawBody: Successfully read body: "--plug_conn_test--"
18:48:36.299 request_id=GE6XWaDP_brk77MAAACW [debug] Raw body in controller: "--plug_conn_test--"
18:48:36.299 request_id=GE6XWaDP_brk77MAAACW [info] Routing GitHub event: "pull_request"
18:48:36.299 request_id=GE6XWaDP_brk77MAAACW [info] Handling pull_request event with action: "closed"
18:48:36.300 request_id=GE6XWaDP_brk77MAAACW [debug] QUERY OK source="fix_attempts" db=0.5ms
SELECT f0."id", f0."github_org", f0."repo_name", f0."issue_number", f0."pr_number", f0."status", f0."merged_at", f0."billing_status", f0."requires_manual_approval", f0."approved_by", f0."approved_at", f0."approval_notes", f0."platform", f0."customer_id", f0."api_key_used", f0."pr_title", f0."pr_url", f0."issue_title", f0."issue_url", f0."commit_sha", f0."merged_by", f0."metadata", f0."amount", f0."currency", f0."billed_at", f0."refunded_at", f0."inserted_at", f0."updated_at" FROM "fix_attempts" AS f0 WHERE (((f0."github_org" = $1) AND (f0."repo_name" = $2)) AND (f0."pr_number" = $3)) ["test-org", "test-repo", 124]
18:48:36.300 request_id=GE6XWaDP_brk77MAAACW [debug] QUERY OK source="fix_attempts" db=0.1ms queue=0.1ms
UPDATE "fix_attempts" SET "status" = $1, "commit_sha" = $2, "merged_at" = $3, "merged_by" = $4, "updated_at" = $5 WHERE "id" = $6 ["merged", "abc123", ~U[2025-06-03 10:00:00.000000Z], "test-user", ~N[2025-07-03 00:48:36], 1379]
18:48:36.300 request_id=GE6XWaDP_brk77MAAACW [info] Webhook processed successfully: :merged
18:48:36.300 request_id=GE6XWaDP_brk77MAAACW [info] Sent 200 in 1ms
18:48:36.301 request_id=GE6XWaDP_brk77MAAACW [debug] QUERY OK source="fix_attempts" db=0.1ms queue=0.1ms
SELECT f0."id", f0."github_org", f0."repo_name", f0."issue_number", f0."pr_number", f0."status", f0."merged_at", f0."billing_status", f0."requires_manual_approval", f0."approved_by", f0."approved_at", f0."approval_notes", f0."platform", f0."customer_id", f0."api_key_used", f0."pr_title", f0."pr_url", f0."issue_title", f0."issue_url", f0."commit_sha", f0."merged_by", f0."metadata", f0."amount", f0."currency", f0."billed_at", f0."refunded_at", f0."inserted_at", f0."updated_at" FROM "fix_attempts" AS f0 WHERE (f0."pr_number" = $1) [124]
.18:48:36.301 request_id=GE6XWaDv0Phf0uIAAAEW [info] POST /webhook/github
18:48:36.301 request_id=GE6XWaDv0Phf0uIAAAEW [debug] Processing with RSOLVWeb.WebhookController.github/2
  Parameters: %{"action" => "opened"}
  Pipelines: [:webhook]
18:48:36.301 request_id=GE6XWaDv0Phf0uIAAAEW [debug] CaptureRawBody: Successfully read body: "--plug_conn_test--"
18:48:36.301 request_id=GE6XWaDv0Phf0uIAAAEW [debug] Raw body in controller: "--plug_conn_test--"
18:48:36.301 request_id=GE6XWaDv0Phf0uIAAAEW [debug] Signature verification - received: sha256=invalid
18:48:36.301 request_id=GE6XWaDv0Phf0uIAAAEW [debug] Signature verification - expected: sha256=087a723efad75303893c476556013aaabe2097f8ab79d5759c118169f2d8d7f8
18:48:36.301 request_id=GE6XWaDv0Phf0uIAAAEW [info] Sent 401 in 134µs
.18:48:36.302 request_id=GE6XWaD6WOnIyJIAAAGW [info] POST /webhook/github
.18:48:36.302 request_id=GE6XWaD6WOnIyJIAAAGW [debug] Processing with RSOLVWeb.WebhookController.github/2
  Parameters: %{}
  Pipelines: [:webhook]
18:48:36.302 request_id=GE6XWaD6WOnIyJIAAAGW [debug] CaptureRawBody: Successfully read body: "--plug_conn_test--"
18:48:36.302 request_id=GE6XWaD6WOnIyJIAAAGW [info] Sent 401 in 73µs
18:48:36.371 [debug] Parser warmed: python/6f90d0c24861f6ea7f15651182d26043
18:48:36.373 [debug] Parser warmed: python/bdfe8cece67fddd7320aa5d7fc5c148e
18:48:36.377 [debug] Parser warmed: python/6f6664dbef301f15ccc1c92f1686c866
18:48:36.475 [debug] Parser warmed: javascript/cf08bc875bbe5e9d337b3a7f379ec6ad
18:48:36.525 [debug] Parser warmed: javascript/82c44d7f476dda87e8e518ebe3bfc63f
18:48:36.566 [debug] Parser warmed: javascript/f8617022627030a9e3a4d8dc10627229
.18:48:36.867 [debug] Parser warmed: python/aea3d6380d5fdfbc7f2e755c6f0f0df2
18:48:36.883 [debug] Parser warmed: python/1100703708385d4f05654e1cb50e1c15
18:48:36.888 [debug] Parser warmed: python/3508121d2249b439064aa5b6bee5a369
18:48:36.973 [debug] Parser warmed: javascript/322346d1e36cab04d10cb4996d14ae10
18:48:36.980 [debug] Parser warmed: javascript/bc081fe5f5f51ea833b12fff97138083
18:48:37.048 [debug] Parser warmed: javascript/0261a4b3408a3d72c58cff8de13d3699
.18:48:37.316 [debug] Parser warmed: javascript/fa4d0809eddbe8163b87cad1f1e4f184
18:48:37.318 [debug] Parser warmed: javascript/263e057961d0a5054d2a2597a0dfc583
.18:48:37.517 [debug] Parser warmed: javascript/cd417e299e62e2a118074a7d41138896
18:48:37.604 [debug] Parser warmed: javascript/f0cf6b323f1113ea85176a27e1c3b6be
.18:48:37.851 [debug] Parser warmed: javascript/e717dfe7a4cf2720bf2ac06e69d098cf
18:48:37.873 [debug] Parser warmed: javascript/ba86aa15593caec0796b7cd65537b8b8
..18:48:38.144 [debug] Parser warmed: javascript/693d659009f81cea3acd97c8ed9674cd
18:48:38.144 [debug] Parser warmed: javascript/e773ce9ae6bfc05f5cf05a8f6e947e5a
18:48:38.197 [debug] Parser warmed: javascript/b0cca8caaca206bb81f122fd6ba89c78
18:48:38.227 [debug] Parser warmed: javascript/06842253cb32bb31723cb36b5b055958
18:48:38.230 [debug] Parser warmed: javascript/bfcda179a02865e4c7de1d1173450a0b
18:48:38.711 [info] Scaling down javascript pool
.18:48:38.952 [debug] Parser warmed: javascript/576420c5be1759c56b58ac639fd025ba
18:48:38.977 [debug] Parser warmed: javascript/0ab6dc3c978376a1e4e7c0827be7f851
.18:48:39.261 [debug] Parser warmed: javascript/a0a0845c809156f17c1ab4b9cec12c5a
18:48:39.312 [debug] Parser warmed: javascript/598b5218f2fab8b256f73cbb5e224077
18:48:39.447 [warning] Parser crashed: javascript/598b5218f2fab8b256f73cbb5e224077
.18:48:39.663 [debug] Parser warmed: javascript/37b9279654b8b87cd3f829be91230d35
18:48:39.747 [debug] Parser warmed: javascript/b185bcb597d549e79c528be474c4723f
18:48:39.856 [info] Scaling up javascript pool
.18:48:39.991 [debug] Parser warmed: python/052b31465d0878db2f5f6ddc88e8fe4d
18:48:39.999 [debug] Parser warmed: python/6d2ca44959452a566cf9d63761fc7d3c
18:48:40.017 [debug] Parser warmed: python/03bedd421ba6dcb1332c286625ddd748
18:48:40.087 [debug] Parser warmed: javascript/d34ad9bd30da7fd531e0f2b06daaa738
18:48:40.103 [debug] Parser warmed: javascript/cd4366856f7aca0480fd8a1c09a53021
18:48:40.110 [debug] Parser warmed: javascript/2650e56f8c69cdc02b93d87971c81279
..............18:48:40.264 request_id=GE6XWo0cRg2IZsUAAAIW [info] POST /api/v1/ast/analyze
.18:48:40.264 request_id=GE6XWo0cRg2IZsUAAAIW [debug] Processing with RSOLVWeb.Api.V1.ASTController.analyze/2
  Parameters: %{}
  Pipelines: [:api]
...18:48:40.282 request_id=GE6XWo0cRg2IZsUAAAIW [info] Sent 401 in 18ms
.18:48:40.287 request_id=GE6XWo6G9RWpcHUAAFaF [info] POST /api/v1/ast/analyze
.18:48:40.288 request_id=GE6XWo6G9RWpcHUAAFaF [debug] Processing with RSOLVWeb.Api.V1.ASTController.analyze/2
  Parameters: %{"files" => [%{"encryptedContent" => "QCYgNA7apDp1E6Tn", "encryption" => %{"algorithm" => "aes-256-gcm", "authTag" => "kvrX+5l/XSHcG6m/CIjbDQ==", "iv" => "1JPf4SMfxVc7ekOoF242Dw=="}, "metadata" => %{"contentHash" => "3F41CBB303012F33212C92326B27F6CC604FD414E20315CB10F2BE7F1F6BB83C", "language" => "javascript", "size" => 12}, "path" => "file1.js"}, %{"encryptedContent" => "9gHWoljNpqZd/g1T", "encryption" => %{"algorithm" => "aes-256-gcm", "authTag" => "AKmcBhyoaEJcLhfWz+s/2g==", "iv" => "a517g7rTDVSGWehTYhMzmQ=="}, "metadata" => %{"contentHash" => "37A6BD6AB3DC44CBFF494010B42F1C7A5C350D9DF5BF7ACE6990BB874967F4C1", "language" => "javascript", "size" => 12}, "path" => "file2.js"}, %{"encryptedContent" => "NV8gvHu/1fS6UOo+", "encryption" => %{"algorithm" => "aes-256-gcm", "authTag" => "EjNru/cixjh81gL9HpnZPg==", "iv" => "+VaUl3RM1ksMytBDnwQgMw=="}, "metadata" => %{"contentHash" => "F850C7FE3A73622D2B6F6CDFB7E9A11F87FF64606132B5345D8058751515CCD4", "language" => "javascript", "size" => 12}, "path" => "file3.js"}, %{"encryptedContent" => "I5SjZdevqBWqOxH1", "encryption" => %{"algorithm" => "aes-256-gcm", "authTag" => "wvwhSnO91ba+7HPV28TfjQ==", "iv" => "Cf9xPnqH/r80I1bo6uiHiA=="}, "metadata" => %{"contentHash" => "3BA369F0AE8D49633DAAA83796D38592C015096990D550B663201D06440668E3", "language" => "javascript", "size" => 12}, "path" => "file4.js"}, %{"encryptedContent" => "2woZaHnP9ZuxOFk6", "encryption" => %{"algorithm" => "aes-256-gcm", "authTag" => "lGAQOAE5LxprzFfFZWmi4A==", "iv" => "4ftn9ZHRNbGr2NM0/d+NnA=="}, "metadata" => %{"contentHash" => "4C8496DD315AC5FA2CA45B720DC7EDC6F9FBF6AA010DE380BD3DBDBFA4CFF4F4", "language" => "javascript", "size" => 12}, "path" => "file5.js"}, %{"encryptedContent" => "lVKuZ4nMtliKEW9v", "encryption" => %{"algorithm" => "aes-256-gcm", "authTag" => "MihtsYpGaW1sIvXiH5NlWQ==", "iv" => "gRa4/r+/IoVFzth8lzwJeQ=="}, "metadata" => %{"contentHash" => "F85ECCD766AD4ECB4A23283C27184F68989D43BED69300F7B952991F6D5E1DB6", "language" => "javascript", "size" => 12}, "path" => "file6.js"}, %{"encryptedContent" => "U7BHseMYGMh86dRb", "encryption" => %{"algorithm" => "aes-256-gcm", "authTag" => "U6uA71bMf1qw8R0y7wFuwg==", "iv" => "UTrjtq/JDXiyKrP328HUGg=="}, "metadata" => %{"contentHash" => "7306BF2EFF951B9E88CDD20E32DE061BCFBBAE7500646467567DAD16E7556F70", "language" => "javascript", "size" => 12}, "path" => "file7.js"}, %{"encryptedContent" => "N3AAd2dMjvFxcM3v", "encryption" => %{"algorithm" => "aes-256-gcm", "authTag" => "TZxtKrMJL6gSFW6mPfpCbg==", "iv" => "7sTSHAA2nDXNqrmJaEKGQw=="}, "metadata" => %{"contentHash" => "B41B46CFA4A663DFB897D46A4D8A588E7DADBE69B4E520E6FC093A9E7174DCB6", "language" => "javascript", "size" => 12}, "path" => "file8.js"}, %{"encryptedContent" => "3Q/HFHXDmkSQQ6XA", "encryption" => %{"algorithm" => "aes-256-gcm", "authTag" => "6whWb95+piZDB88T+oDkPw==", "iv" => "dGFRw8AHIWeroa+X9vTC/g=="}, "metadata" => %{"contentHash" => "0DCDE3584FEC1AC095F492F3736D6C6CD80AE35F6D2C14599B09BAE39C61B796", "language" => "javascript", "size" => 12}, "path" => "file9.js"}, %{"encryptedContent" => "xHJrxSkQDTtxyHOW7A==", "encryption" => %{"algorithm" => "aes-256-gcm", "authTag" => "Ao9G/5B/oEk4BBQEpEELRQ==", "iv" => "jpoILJGRRx15E4lixjRY1Q=="}, "metadata" => %{"contentHash" => "447A05B6324789CFF819D8E175D24DB61D8F878145504ADC9F5BD6437C430A56", "language" => "javascript", "size" => 13}, "path" => "file10.js"}, %{"encryptedContent" => "ugUcw0tzzPQlqhkY3Q==", "encryption" => %{"algorithm" => "aes-256-gcm", "authTag" => "5jrRw7xX4imruqocolPvKQ==", "iv" => "fB3ASD4Wc8GbUh7nMCTDqg=="}, "metadata" => %{"contentHash" => "3C5CF53539AE35CE74056A05C450EF9D15931AD7305DF289E7032A5927CCAA62", "language" => "javascript", "size" => 13}, "path" => "file11.js"}], "options" => %{}, "sessionId" => "36cd8977d0b18e0942adfd6c5000ecf9"}
  Pipelines: [:api]
18:48:40.288 request_id=GE6XWo6G9RWpcHUAAFaF [info] Sent 400 in 439µs
18:48:40.289 request_id=GE6XWo6hH6u8DqcAADaH [info] POST /api/v1/ast/analyze
18:48:40.289 request_id=GE6XWo6hH6u8DqcAADaH [debug] Processing with RSOLVWeb.Api.V1.ASTController.analyze/2
  Parameters: %{}
  Pipelines: [:api]
18:48:40.289 request_id=GE6XWo6hH6u8DqcAADaH [info] [Accounts] Checking database for API key: invalid-key
..18:48:40.292 request_id=GE6XWo6hH6u8DqcAADaH [debug] QUERY OK source="customers" db=2.3ms
SELECT c0."id", c0."name", c0."email", c0."api_key", c0."monthly_limit", c0."current_usage", c0."active", c0."subscription_status" = 'trial', c0."inserted_at" FROM "customers" AS c0 WHERE ((c0."api_key" = $1) AND (c0."active" = TRUE)) ["invalid-key"]
18:48:40.292 request_id=GE6XWo6hH6u8DqcAADaH [info] [Accounts] No customer found in database for API key
18:48:40.292 request_id=GE6XWo6hH6u8DqcAADaH [info] Sent 401 in 2ms
18:48:40.293 request_id=GE6XWo7gcAdWwHAAADcH [info] POST /api/v1/ast/analyze
18:48:40.293 request_id=GE6XWo7gcAdWwHAAADcH [debug] Processing with RSOLVWeb.Api.V1.ASTController.analyze/2
  Parameters: %{"files" => [%{"encryptedContent" => "5XPwKBWDqsfBz+4e", "encryption" => %{"algorithm" => "aes-256-gcm", "authTag" => "H6IDXdahet0d3v8uULVNDw==", "iv" => "u+J1ZfH0o3+MFlwGjLuF/w=="}, "metadata" => %{"contentHash" => "3F41CBB303012F33212C92326B27F6CC604FD414E20315CB10F2BE7F1F6BB83C", "language" => "javascript", "size" => 11534336}, "path" => "large.js"}], "options" => %{}, "sessionId" => "765f6fae10957b376a3d742472f2865e"}
  Pipelines: [:api]
18:48:40.293 request_id=GE6XWo7gcAdWwHAAADcH [info] Sent 400 in 172µs
18:48:40.294 request_id=GE6XWo7qk9NPjbQAADeH [info] POST /api/v1/ast/analyze
18:48:40.294 request_id=GE6XWo7qk9NPjbQAADeH [debug] Processing with RSOLVWeb.Api.V1.ASTController.analyze/2
  Parameters: %{"files" => [%{"encryptedContent" => "8ilkRbsRxrzykDQn", "encryption" => %{"algorithm" => "aes-256-gcm", "authTag" => "anRBmIGMrYxI97UZBNwmnQ==", "iv" => "fX59mGTFs/aagEDV7Ky2wQ=="}, "metadata" => %{"contentHash" => "3F41CBB303012F33212C92326B27F6CC604FD414E20315CB10F2BE7F1F6BB83C", "language" => "javascript", "size" => 12}, "path" => "safe.js"}, %{"encryptedContent" => "wzOxQ/51lxTHjdtK/CurmRr7WeBN/MmvW+AGKdut3PNiTcLhW+15Gu9rjVIOulMbrnNQ4m1uG0/vIH9azkzgHh5UDg==", "encryption" => %{"algorithm" => "aes-256-gcm", "authTag" => "eniNoPTj5vkKxjbPCTyY8A==", "iv" => "otiyszsx5iCeywDa7i3O9w=="}, "metadata" => %{"contentHash" => "8D89CE9D817ED3D9408AEE7D33AF407B18BBFA277CE3706DD3D7ECC64D8C8564", "language" => "python", "size" => 67}, "path" => "unsafe.py"}], "options" => %{"includeSecurityPatterns" => true, "patternFormat" => "enhanced"}, "sessionId" => "a1b4e1435ff4486ae4c52e63dbffe987"}
  Pipelines: [:api]
18:48:40.424 [debug] Parser response received
18:48:40.424 [info] AnalysisService: Loaded 30 patterns for javascript
18:48:40.425 [info] AnalysisService: Found 2 matches
18:48:40.425 [debug] Match confidence: 0.616, min_confidence: 0.7, match: %{type: "js-hardcoded-secret-password", context: %{node_type: "VariableDeclarator", depth: 3, parent_type: "VariableDeclaration"}, location: %{depth: 3, end_column: 11, end_line: 1, start_line: 1, start_column: 6}, severity: "high", pattern_id: "js-hardcoded-secret-password", pattern_name: "Hardcoded Password", recommendation: "Review this code for potential security issues", confidence: 0.9, pattern_type: :hardcoded_secret}
18:48:40.425 [debug] Match confidence: 0.616, min_confidence: 0.7, match: %{type: "js-hardcoded-secret-api-key", context: %{node_type: "VariableDeclarator", depth: 3, parent_type: "VariableDeclaration"}, location: %{depth: 3, end_column: 11, end_line: 1, start_line: 1, start_column: 6}, severity: "high", pattern_id: "js-hardcoded-secret-api-key", pattern_name: "Hardcoded API Key", recommendation: "Review this code for potential security issues", confidence: 0.9, pattern_type: :hardcoded_secret}
18:48:40.450 [debug] Parser response received
18:48:40.451 [info] AnalysisService: Loaded 12 patterns for python
18:48:40.452 [info] AnalysisService: Found 5 matches
18:48:40.452 [debug] Match confidence: 0.7819999999999999, min_confidence: 0.7, match: %{type: "python-command-injection-os-system", context: %{node_type: "Call", depth: 3, parent_type: "Expr", in_function: "run"}, location: %{depth: 3, end_column: 0, end_line: 1, start_line: 1, start_column: 0}, severity: "high", pattern_id: "python-command-injection-os-system", pattern_name: "Command Injection via os.system", recommendation: "Review this code for potential security issues", confidence: 0.85, pattern_type: :command_injection}
18:48:40.452 [debug] Match confidence: 0.7819999999999999, min_confidence: 0.7, match: %{type: "python-command-injection-subprocess-shell", context: %{node_type: "Call", depth: 3, parent_type: "Expr", in_function: "run"}, location: %{depth: 3, end_column: 0, end_line: 1, start_line: 1, start_column: 0}, severity: "high", pattern_id: "python-command-injection-subprocess-shell", pattern_name: "Command Injection via subprocess with shell=True", recommendation: "Review this code for potential security issues", confidence: 0.85, pattern_type: :command_injection}
18:48:40.452 [debug] Match confidence: 0.5005, min_confidence: 0.7, match: %{type: "python-unsafe-pickle", context: %{node_type: "Call", depth: 3, parent_type: "Expr", in_function: "run"}, location: %{depth: 3, end_column: 0, end_line: 1, start_line: 1, start_column: 0}, severity: "medium", pattern_id: "python-unsafe-pickle", pattern_name: "Insecure Deserialization via pickle", recommendation: "Review this code for potential security issues", confidence: 0.7, pattern_type: :deserialization}
18:48:40.452 [debug] Match confidence: 0.8308749999999999, min_confidence: 0.7, match: %{type: "python-unsafe-eval", context: %{node_type: "Call", depth: 3, parent_type: "Expr", in_function: "run"}, location: %{depth: 3, end_column: 0, end_line: 1, start_line: 1, start_column: 0}, severity: "critical", pattern_id: "python-unsafe-eval", pattern_name: "Code Injection via eval()", recommendation: "Review this code for potential security issues", confidence: 0.95, pattern_type: :rce}
18:48:40.452 [debug] Match confidence: 0.5005, min_confidence: 0.7, match: %{type: "python-path-traversal-open", context: %{node_type: "Call", depth: 3, parent_type: "Expr", in_function: "run"}, location: %{depth: 3, end_column: 0, end_line: 1, start_line: 1, start_column: 0}, severity: "medium", pattern_id: "python-path-traversal-open", pattern_name: "Path Traversal via open()", recommendation: "Review this code for potential security issues", confidence: 0.7, pattern_type: :path_traversal}
.18:48:40.475 request_id=GE6XWo7qk9NPjbQAADeH [info] Sent 200 in 180ms
18:48:40.476 request_id=GE6XWpnALo1EcIoAABGQ [info] POST /api/v1/ast/analyze
.18:48:40.476 request_id=GE6XWpnALo1EcIoAABGQ [debug] Processing with RSOLVWeb.Api.V1.ASTController.analyze/2
  Parameters: %{}
  Pipelines: [:api]
18:48:40.476 request_id=GE6XWpnALo1EcIoAABGQ [info] Sent 400 in 132µs
18:48:40.476 request_id=GE6XWpnI-cdo0w4AAHIB [info] POST /api/v1/ast/analyze
18:48:40.476 request_id=GE6XWpnI-cdo0w4AAHIB [debug] Processing with RSOLVWeb.Api.V1.ASTController.analyze/2
  Parameters: %{"files" => [%{"encryptedContent" => "5UIQyV+3A6z5lxAViZ4xxEG4E6fUCY6cercOOQyrbRQOMBD+ZdWX9FyPSodo6YS93Vvs7t2mPmvhbEPnu3SjquJEBYy/ZZSi206/YFjgVnHQeO2zG6sJLLv85xSI2SYdQRnw", "encryption" => %{"algorithm" => "aes-256-gcm", "authTag" => "UwuA9fCmN2+5O4ov+7soDg==", "iv" => "wu3pOlk+TcEb+Llwc0Q+qw=="}, "metadata" => %{"contentHash" => "7F8C7930566FBB3CF69691AFFF749DAF0A4CCD25CBD3A01A01D907D57F5BEB52", "language" => "javascript", "size" => 99}, "path" => "test.js"}], "options" => %{"includeSecurityPatterns" => true, "patternFormat" => "enhanced"}, "requestId" => "test-request-123", "sessionId" => "bdf2c0b9495b6045c3d7bab04d3eb283"}
  Pipelines: [:api]
18:48:40.641 [debug] Parser response received
18:48:40.644 [info] AnalysisService: Loaded 30 patterns for javascript
18:48:40.646 [info] AnalysisService: Found 18 matches
18:48:40.646 [debug] Match confidence: 0.21993749999999998, min_confidence: 0.7, match: %{type: "js-sql-injection-concat", context: %{node_type: "BinaryExpression", depth: 6, parent_type: "VariableDeclarator", in_function: "test"}, location: %{depth: 6, end_column: 58, end_line: 2, start_line: 2, start_column: 16}, severity: "high", pattern_id: "js-sql-injection-concat", pattern_name: "SQL Injection via String Concatenation", recommendation: "Review this code for potential security issues", confidence: 0.85, pattern_type: :sql_injection}
18:48:40.646 [debug] Match confidence: 0.15435, min_confidence: 0.7, match: %{type: "js-xss-document-write", context: %{node_type: "CallExpression", depth: 5, parent_type: "ExpressionStatement", in_function: "test"}, location: %{depth: 5, end_column: 17, end_line: 3, start_line: 3, start_column: 2}, severity: "high", pattern_id: "js-xss-document-write", pattern_name: "Cross-Site Scripting (XSS) via document.write", recommendation: "Review this code for potential security issues", confidence: 0.85, pattern_type: :xss}
.18:48:40.646 [debug] Match confidence: 0.15435, min_confidence: 0.7, match: %{type: "js-xss-jquery-html", context: %{node_type: "CallExpression", depth: 5, parent_type: "ExpressionStatement", in_function: "test"}, location: %{depth: 5, end_column: 17, end_line: 3, start_line: 3, start_column: 2}, severity: "high", pattern_id: "js-xss-jquery-html", pattern_name: "XSS via jQuery html()", recommendation: "Review this code for potential security issues", confidence: 0.85, pattern_type: :xss}
18:48:40.646 [debug] Match confidence: 0.15014999999999998, min_confidence: 0.7, match: %{type: "js-path-traversal-join", context: %{node_type: "CallExpression", depth: 5, parent_type: "ExpressionStatement", in_function: "test"}, location: %{depth: 5, end_column: 17, end_line: 3, start_line: 3, start_column: 2}, severity: "medium", pattern_id: "js-path-traversal-join", pattern_name: "Path Traversal via path.join", recommendation: "Review this code for potential security issues", confidence: 0.7, pattern_type: :path_traversal}
18:48:40.646 [debug] Match confidence: 0.15014999999999998, min_confidence: 0.7, match: %{type: "js-path-traversal-concat", context: %{node_type: "BinaryExpression", depth: 6, parent_type: "VariableDeclarator", in_function: "test"}, location: %{depth: 6, end_column: 58, end_line: 2, start_line: 2, start_column: 16}, severity: "medium", pattern_id: "js-path-traversal-concat", pattern_name: "Path Traversal via String Concatenation", recommendation: "Review this code for potential security issues", confidence: 0.7, pattern_type: :path_traversal}
18:48:40.646 [debug] Match confidence: 0.15014999999999998, min_confidence: 0.7, match: %{type: "js-weak-crypto-md5", context: %{node_type: "CallExpression", depth: 5, parent_type: "ExpressionStatement", in_function: "test"}, location: %{depth: 5, end_column: 17, end_line: 3, start_line: 3, start_column: 2}, severity: "medium", pattern_id: "js-weak-crypto-md5", pattern_name: "Weak Cryptography - MD5", recommendation: "Review this code for potential security issues", confidence: 0.7, pattern_type: :weak_crypto}
18:48:40.646 [debug] Match confidence: 0.15014999999999998, min_confidence: 0.7, match: %{type: "js-weak-crypto-sha1", context: %{node_type: "CallExpression", depth: 5, parent_type: "ExpressionStatement", in_function: "test"}, location: %{depth: 5, end_column: 17, end_line: 3, start_line: 3, start_column: 2}, severity: "medium", pattern_id: "js-weak-crypto-sha1", pattern_name: "Weak Cryptography - SHA1", recommendation: "Review this code for potential security issues", confidence: 0.7, pattern_type: :weak_crypto}
18:48:40.647 [debug] Match confidence: 0.1848, min_confidence: 0.7, match: %{type: "js-hardcoded-secret-password", context: %{node_type: "VariableDeclarator", depth: 5, parent_type: "VariableDeclaration", in_function: "test"}, location: %{depth: 5, end_column: 58, end_line: 2, start_line: 2, start_column: 8}, severity: "high", pattern_id: "js-hardcoded-secret-password", pattern_name: "Hardcoded Password", recommendation: "Review this code for potential security issues", confidence: 0.9, pattern_type: :hardcoded_secret}
18:48:40.647 [debug] Match confidence: 0.1848, min_confidence: 0.7, match: %{type: "js-hardcoded-secret-api-key", context: %{node_type: "VariableDeclarator", depth: 5, parent_type: "VariableDeclaration", in_function: "test"}, location: %{depth: 5, end_column: 58, end_line: 2, start_line: 2, start_column: 8}, severity: "high", pattern_id: "js-hardcoded-secret-api-key", pattern_name: "Hardcoded API Key", recommendation: "Review this code for potential security issues", confidence: 0.9, pattern_type: :hardcoded_secret}
18:48:40.647 [debug] Match confidence: 0.15014999999999998, min_confidence: 0.7, match: %{type: "js-open-redirect", context: %{node_type: "CallExpression", depth: 5, parent_type: "ExpressionStatement", in_function: "test"}, location: %{depth: 5, end_column: 17, end_line: 3, start_line: 3, start_column: 2}, severity: "medium", pattern_id: "js-open-redirect", pattern_name: "Open Redirect Vulnerability", recommendation: "Review this code for potential security issues", confidence: 0.7, pattern_type: :open_redirect}
.18:48:40.647 [debug] Match confidence: 0.15014999999999998, min_confidence: 0.7, match: %{type: "js-insecure-random", context: %{node_type: "CallExpression", depth: 5, parent_type: "ExpressionStatement", in_function: "test"}, location: %{depth: 5, end_column: 17, end_line: 3, start_line: 3, start_column: 2}, severity: "medium", pattern_id: "js-insecure-random", pattern_name: "Insecure Random Number Generation", recommendation: "Review this code for potential security issues", confidence: 0.7, pattern_type: :insecure_random}
.18:48:40.647 [debug] Match confidence: 0.11602499999999999, min_confidence: 0.7, match: %{type: "js-nosql-injection", context: %{node_type: "CallExpression", depth: 5, parent_type: "ExpressionStatement", in_function: "test"}, location: %{depth: 5, end_column: 17, end_line: 3, start_line: 3, start_column: 2}, severity: "high", pattern_id: "js-nosql-injection", pattern_name: "NoSQL Injection", recommendation: "Review this code for potential security issues", confidence: 0.85, pattern_type: :nosql_injection}
.18:48:40.647 [debug] Match confidence: 0.11602499999999999, min_confidence: 0.7, match: %{type: "js-ldap-injection", context: %{node_type: "CallExpression", depth: 5, parent_type: "ExpressionStatement", in_function: "test"}, location: %{depth: 5, end_column: 17, end_line: 3, start_line: 3, start_column: 2}, severity: "high", pattern_id: "js-ldap-injection", pattern_name: "LDAP Injection", recommendation: "Review this code for potential security issues", confidence: 0.85, pattern_type: :ldap_injection}
.18:48:40.647 [debug] Match confidence: 0.11602499999999999, min_confidence: 0.7, match: %{type: "js-xpath-injection", context: %{node_type: "CallExpression", depth: 5, parent_type: "ExpressionStatement", in_function: "test"}, location: %{depth: 5, end_column: 17, end_line: 3, start_line: 3, start_column: 2}, severity: "high", pattern_id: "js-xpath-injection", pattern_name: "XPath Injection", recommendation: "Review this code for potential security issues", confidence: 0.85, pattern_type: :xpath_injection}
.18:48:40.647 [debug] Match confidence: 0.15014999999999998, min_confidence: 0.7, match: %{type: "js-ssrf", context: %{node_type: "CallExpression", depth: 5, parent_type: "ExpressionStatement", in_function: "test"}, location: %{depth: 5, end_column: 17, end_line: 3, start_line: 3, start_column: 2}, severity: "medium", pattern_id: "js-ssrf", pattern_name: "Server-Side Request Forgery (SSRF)", recommendation: "Review this code for potential security issues", confidence: 0.7, pattern_type: :ssrf}
.18:48:40.647 [debug] Match confidence: 0.15014999999999998, min_confidence: 0.7, match: %{type: "js-insecure-deserialization", context: %{node_type: "CallExpression", depth: 5, parent_type: "ExpressionStatement", in_function: "test"}, location: %{depth: 5, end_column: 17, end_line: 3, start_line: 3, start_column: 2}, severity: "medium", pattern_id: "js-insecure-deserialization", pattern_name: "Insecure Deserialization", recommendation: "Review this code for potential security issues", confidence: 0.7, pattern_type: :deserialization}
18:48:40.647 [debug] Match confidence: 0.15014999999999998, min_confidence: 0.7, match: %{type: "js-jwt-none-algorithm", context: %{node_type: "CallExpression", depth: 5, parent_type: "ExpressionStatement", in_function: "test"}, location: %{depth: 5, end_column: 17, end_line: 3, start_line: 3, start_column: 2}, severity: "medium", pattern_id: "js-jwt-none-algorithm", pattern_name: "JWT None Algorithm Vulnerability", recommendation: "Review this code for potential security issues", confidence: 0.7, pattern_type: :authentication}
.18:48:40.647 [debug] Match confidence: 0.15014999999999998, min_confidence: 0.7, match: %{type: "js-debug-console-log", context: %{node_type: "CallExpression", depth: 5, parent_type: "ExpressionStatement", in_function: "test"}, location: %{depth: 5, end_column: 17, end_line: 3, start_line: 3, start_column: 2}, severity: "medium", pattern_id: "js-debug-console-log", pattern_name: "Sensitive Data in Console Logs", recommendation: "Review this code for potential security issues", confidence: 0.7, pattern_type: :information_disclosure}
.18:48:40.647 request_id=GE6XWpnI-cdo0w4AAHIB [info] Sent 200 in 171ms
18:48:40.648 request_id=GE6XWqQNBy8GrUAAADgH [info] POST /api/v1/ast/analyze
.

RFC-031 Encryption Performance Benchmark
18:48:40.649 request_id=GE6XWqQNBy8GrUAAADgH [debug] Processing with RSOLVWeb.Api.V1.ASTController.analyze/2
  Parameters: %{"files" => [%{"encryptedContent" => "hakGOH0C4+Y782t7", "encryption" => %{"algorithm" => "aes-256-gcm", "authTag" => "6y4C6rFlhKSn01K9aLPqmQ==", "iv" => "hqANHPDkwaHkGA4he4f4hg=="}, "metadata" => %{"contentHash" => "3F41CBB303012F33212C92326B27F6CC604FD414E20315CB10F2BE7F1F6BB83C", "language" => "javascript", "size" => 12}, "path" => "test.js"}], "options" => %{}, "sessionId" => "71490394ecf18b420c25a818f2bbcf17"}
  Pipelines: [:api]
==================================================
18:48:40.650 request_id=GE6XWqQNBy8GrUAAADgH [warning] Rate limit exceeded for customer test_customer_1, action: ast_analysis, count: 100

Encryption/Decryption Performance:
18:48:40.650 request_id=GE6XWqQNBy8GrUAAADgH [info] Sent 429 in 1ms
Size		Encrypt		Decrypt		Throughput
18:48:40.651 request_id=GE6XWqQ2LY4M-DgAABIQ [info] GET /api/v1/patterns/js-sql-injection-concat/metadata
--------------------------------------------------
18:48:40.651 request_id=GE6XWqQ2LY4M-DgAABIQ [debug] Processing with RSOLVWeb.PatternController.metadata/2
  Parameters: %{"id" => "js-sql-injection-concat"}
  Pipelines: [:api]
1KB		0.01ms		0.0ms		97.7 MB/s
18:48:40.651 request_id=GE6XWqQ2LY4M-DgAABIQ [info] Sent 200 in 134µs
10KB		0.0ms		0.0ms		3255.2 MB/s
18:48:40.653 request_id=GE6XWqRaki7IySEAAHKB [info] GET /api/v1/patterns/non-existent-pattern/metadata
100KB		0.02ms		0.02ms		4245.9 MB/s
18:48:40.654 request_id=GE6XWqRaki7IySEAAHKB [debug] Processing with RSOLVWeb.PatternController.metadata/2
  Parameters: %{"id" => "non-existent-pattern"}
  Pipelines: [:api]
1MB		2.35ms		2.0ms		426.1 MB/s
18:48:40.654 request_id=GE6XWqRaki7IySEAAHKB [info] Sent 404 in 92µs
5MB		2.12ms		1.73ms		2361.8 MB/s
18:48:40.654 request_id=GE6XWqRkOpi4H9MAABKQ [info] GET /api/v1/patterns/javascript

File Transmission Performance:
18:48:40.654 request_id=GE6XWqRkOpi4H9MAABKQ [debug] Processing with RSOLVWeb.Api.V1.PatternController.by_language/2
  Parameters: %{"include_metadata" => "true", "language" => "javascript"}
  Pipelines: [:api]
Size		Prepare		Receive
18:48:40.654 request_id=GE6XWqRkOpi4H9MAABKQ [info] Pattern API called with params: %{"include_metadata" => "true", "language" => "javascript"}
--------------------------------------------------
18:48:40.654 request_id=GE6XWqRkOpi4H9MAABKQ [info] Language: javascript, Format: standard
18:48:40.654 request_id=GE6XWqRkOpi4H9MAABKQ [info] Has API key: false
18:48:40.654 request_id=GE6XWqRkOpi4H9MAABKQ [info] Getting demo patterns for javascript
1KB		0.03ms		0.02ms
18:48:40.654 request_id=GE6XWqRkOpi4H9MAABKQ [info] Retrieved 5 patterns
18:48:40.654 request_id=GE6XWqRkOpi4H9MAABKQ [debug] Formatting pattern: "js-sql-injection-concat"
10KB		0.05ms		0.11ms
18:48:40.654 request_id=GE6XWqRkOpi4H9MAABKQ [debug] Formatted pattern keys: ["cweId", "description", "examples", "frameworks", "id", "languages", "name", "owaspCategory", "recommendation", "regex", "regexPatterns", "severity", "supportsAst", "type"]
18:48:40.654 request_id=GE6XWqRkOpi4H9MAABKQ [debug] Formatting pattern: "js-xss-innerhtml"
18:48:40.654 request_id=GE6XWqRkOpi4H9MAABKQ [debug] Formatted pattern keys: ["cweId", "description", "examples", "frameworks", "id", "languages", "name", "owaspCategory", "recommendation", "regex", "regexPatterns", "severity", "supportsAst", "type"]
18:48:40.654 request_id=GE6XWqRkOpi4H9MAABKQ [debug] Formatting pattern: "js-command-injection-exec"
18:48:40.654 request_id=GE6XWqRkOpi4H9MAABKQ [debug] Formatted pattern keys: ["cweId", "description", "examples", "frameworks", "id", "languages", "name", "owaspCategory", "recommendation", "regex", "regexPatterns", "severity", "supportsAst", "type"]
18:48:40.654 request_id=GE6XWqRkOpi4H9MAABKQ [debug] Formatting pattern: "js-weak-crypto-md5"
18:48:40.654 request_id=GE6XWqRkOpi4H9MAABKQ [debug] Formatted pattern keys: ["cweId", "description", "examples", "frameworks", "id", "languages", "name", "owaspCategory", "recommendation", "regex", "regexPatterns", "severity", "supportsAst", "type"]
18:48:40.654 request_id=GE6XWqRkOpi4H9MAABKQ [debug] Formatting pattern: "js-hardcoded-secret-api-key"
18:48:40.654 request_id=GE6XWqRkOpi4H9MAABKQ [debug] Formatted pattern keys: ["cweId", "description", "examples", "frameworks", "id", "languages", "name", "owaspCategory", "recommendation", "regex", "regexPatterns", "severity", "supportsAst", "type"]
18:48:40.655 request_id=GE6XWqRkOpi4H9MAABKQ [info] Sent 200 in 555µs
18:48:40.655 request_id=GE6XWqR1pO18FhUAADiH [info] GET /api/v1/patterns/js-xss-dom/metadata
18:48:40.655 request_id=GE6XWqR1pO18FhUAADiH [debug] Processing with RSOLVWeb.PatternController.metadata/2
  Parameters: %{"id" => "js-xss-dom"}
  Pipelines: [:api]
18:48:40.655 request_id=GE6XWqR1pO18FhUAADiH [info] Sent 404 in 104µs
18:48:40.656 request_id=GE6XWqSG1RGlap0AAHMB [info] GET /api/v1/patterns/javascript
18:48:40.656 request_id=GE6XWqSG1RGlap0AAHMB [debug] Processing with RSOLVWeb.Api.V1.PatternController.by_language/2
  Parameters: %{"language" => "javascript"}
  Pipelines: [:api]
18:48:40.656 request_id=GE6XWqSG1RGlap0AAHMB [info] Pattern API called with params: %{"language" => "javascript"}
18:48:40.656 request_id=GE6XWqSG1RGlap0AAHMB [info] Language: javascript, Format: standard
18:48:40.656 request_id=GE6XWqSG1RGlap0AAHMB [info] Has API key: false
18:48:40.656 request_id=GE6XWqSG1RGlap0AAHMB [info] Getting demo patterns for javascript
18:48:40.656 request_id=GE6XWqSG1RGlap0AAHMB [info] Retrieved 5 patterns
18:48:40.656 request_id=GE6XWqSG1RGlap0AAHMB [debug] Formatting pattern: "js-sql-injection-concat"
100KB		0.57ms		0.83ms
18:48:40.657 request_id=GE6XWqSG1RGlap0AAHMB [debug] Formatted pattern keys: ["cweId", "description", "examples", "frameworks", "id", "languages", "name", "owaspCategory", "recommendation", "regex", "regexPatterns", "severity", "supportsAst", "type"]

Concurrent Operations (50 x 10KB):
18:48:40.657 request_id=GE6XWqSG1RGlap0AAHMB [debug] Formatting pattern: "js-xss-innerhtml"
--------------------------------------------------
18:48:40.657 request_id=GE6XWqSG1RGlap0AAHMB [debug] Formatted pattern keys: ["cweId", "description", "examples", "frameworks", "id", "languages", "name", "owaspCategory", "recommendation", "regex", "regexPatterns", "severity", "supportsAst", "type"]
18:48:40.657 request_id=GE6XWqSG1RGlap0AAHMB [debug] Formatting pattern: "js-command-injection-exec"
18:48:40.657 request_id=GE6XWqSG1RGlap0AAHMB [debug] Formatted pattern keys: ["cweId", "description", "examples", "frameworks", "id", "languages", "name", "owaspCategory", "recommendation", "regex", "regexPatterns", "severity", "supportsAst", "type"]
18:48:40.657 request_id=GE6XWqSG1RGlap0AAHMB [debug] Formatting pattern: "js-weak-crypto-md5"
18:48:40.657 request_id=GE6XWqSG1RGlap0AAHMB [debug] Formatted pattern keys: ["cweId", "description", "examples", "frameworks", "id", "languages", "name", "owaspCategory", "recommendation", "regex", "regexPatterns", "severity", "supportsAst", "type"]
18:48:40.657 request_id=GE6XWqSG1RGlap0AAHMB [debug] Formatting pattern: "js-hardcoded-secret-api-key"
18:48:40.657 request_id=GE6XWqSG1RGlap0AAHMB [debug] Formatted pattern keys: ["cweId", "description", "examples", "frameworks", "id", "languages", "name", "owaspCategory", "recommendation", "regex", "regexPatterns", "severity", "supportsAst", "type"]
18:48:40.657 request_id=GE6XWqSG1RGlap0AAHMB [info] Sent 200 in 334µs
18:48:40.657 request_id=GE6XWqSVMZDbXLQAAEsG [info] GET /api/v1/patterns
18:48:40.657 request_id=GE6XWqSVMZDbXLQAAEsG [debug] Processing with RSOLVWeb.Api.V1.PatternController.index/2
  Parameters: %{"format" => "enhanced", "language" => "javascript"}
  Pipelines: [:api]
18:48:40.657 request_id=GE6XWqSVMZDbXLQAAEsG [info] Pattern API called with params: %{"format" => "enhanced", "language" => "javascript"}
18:48:40.657 request_id=GE6XWqSVMZDbXLQAAEsG [info] Language: javascript, Format: enhanced
Sequential: 0.61ms (0.01ms per op)
18:48:40.657 request_id=GE6XWqSVMZDbXLQAAEsG [info] Has API key: false
Concurrent: 3.22ms (0.06ms per op)
18:48:40.657 request_id=GE6XWqSVMZDbXLQAAEsG [info] Getting demo patterns for javascript
Speedup: 0.19x
18:48:40.657 request_id=GE6XWqSVMZDbXLQAAEsG [info] Retrieved 5 patterns

Benchmark complete!

18:48:40.657 request_id=GE6XWqSVMZDbXLQAAEsG [debug] Formatting pattern: "js-sql-injection-concat"
18:48:40.657 request_id=GE6XWqSVMZDbXLQAAEsG [debug] Formatted pattern keys: ["cweId", "description", "examples", "frameworks", "id", "languages", "name", "owaspCategory", "recommendation", "regex", "regexPatterns", "severity", "supportsAst", "type"]
.18:48:40.657 request_id=GE6XWqSVMZDbXLQAAEsG [debug] Formatting pattern: "js-xss-innerhtml"
.18:48:40.657 request_id=GE6XWqSVMZDbXLQAAEsG [debug] Formatted pattern keys: ["cweId", "description", "examples", "frameworks", "id", "languages", "name", "owaspCategory", "recommendation", "regex", "regexPatterns", "severity", "supportsAst", "type"]
.18:48:40.657 request_id=GE6XWqSVMZDbXLQAAEsG [debug] Formatting pattern: "js-command-injection-exec"
.18:48:40.658 request_id=GE6XWqSVMZDbXLQAAEsG [debug] Formatted pattern keys: ["cweId", "description", "examples", "frameworks", "id", "languages", "name", "owaspCategory", "recommendation", "regex", "regexPatterns", "severity", "supportsAst", "type"]
.18:48:40.658 request_id=GE6XWqSVMZDbXLQAAEsG [debug] Formatting pattern: "js-weak-crypto-md5"
.18:48:40.658 request_id=GE6XWqSVMZDbXLQAAEsG [debug] Formatted pattern keys: ["cweId", "description", "examples", "frameworks", "id", "languages", "name", "owaspCategory", "recommendation", "regex", "regexPatterns", "severity", "supportsAst", "type"]
.18:48:40.658 request_id=GE6XWqSVMZDbXLQAAEsG [debug] Formatting pattern: "js-hardcoded-secret-api-key"
18:48:40.658 request_id=GE6XWqSVMZDbXLQAAEsG [debug] Formatted pattern keys: ["cweId", "description", "examples", "frameworks", "id", "languages", "name", "owaspCategory", "recommendation", "regex", "regexPatterns", "severity", "supportsAst", "type"]
18:48:40.658 request_id=GE6XWqSVMZDbXLQAAEsG [info] Sent 200 in 339µs
18:48:40.658 request_id=GE6XWqSfg3KtlcIAADkH [info] GET /api/v1/patterns
.18:48:40.658 request_id=GE6XWqSfg3KtlcIAADkH [debug] Processing with RSOLVWeb.Api.V1.PatternController.index/2
  Parameters: %{"format" => "standard", "language" => "javascript"}
  Pipelines: [:api]
.18:48:40.658 request_id=GE6XWqSfg3KtlcIAADkH [info] Pattern API called with params: %{"format" => "standard", "language" => "javascript"}
.18:48:40.658 request_id=GE6XWqSfg3KtlcIAADkH [info] Language: javascript, Format: standard
.18:48:40.658 request_id=GE6XWqSfg3KtlcIAADkH [info] Has API key: false
.18:48:40.658 request_id=GE6XWqSfg3KtlcIAADkH [info] Getting demo patterns for javascript
.18:48:40.658 request_id=GE6XWqSfg3KtlcIAADkH [info] Retrieved 5 patterns
.18:48:40.658 request_id=GE6XWqSfg3KtlcIAADkH [debug] Formatting pattern: "js-sql-injection-concat"
..............18:48:40.658 request_id=GE6XWqSfg3KtlcIAADkH [debug] Formatted pattern keys: ["cweId", "description", "examples", "frameworks", "id", "languages", "name", "owaspCategory", "recommendation", "regex", "regexPatterns", "severity", "supportsAst", "type"]
.18:48:40.658 request_id=GE6XWqSfg3KtlcIAADkH [debug] Formatting pattern: "js-xss-innerhtml"
.18:48:40.658 request_id=GE6XWqSfg3KtlcIAADkH [debug] Formatted pattern keys: ["cweId", "description", "examples", "frameworks", "id", "languages", "name", "owaspCategory", "recommendation", "regex", "regexPatterns", "severity", "supportsAst", "type"]
.18:48:40.658 request_id=GE6XWqSfg3KtlcIAADkH [debug] Formatting pattern: "js-command-injection-exec"
.18:48:40.658 request_id=GE6XWqSfg3KtlcIAADkH [debug] Formatted pattern keys: ["cweId", "description", "examples", "frameworks", "id", "languages", "name", "owaspCategory", "recommendation", "regex", "regexPatterns", "severity", "supportsAst", "type"]
.18:48:40.658 request_id=GE6XWqSfg3KtlcIAADkH [debug] Formatting pattern: "js-weak-crypto-md5"
.18:48:40.658 request_id=GE6XWqSfg3KtlcIAADkH [debug] Formatted pattern keys: ["cweId", "description", "examples", "frameworks", "id", "languages", "name", "owaspCategory", "recommendation", "regex", "regexPatterns", "severity", "supportsAst", "type"]
.18:48:40.658 request_id=GE6XWqSfg3KtlcIAADkH [debug] Formatting pattern: "js-hardcoded-secret-api-key"
.18:48:40.658 request_id=GE6XWqSfg3KtlcIAADkH [debug] Formatted pattern keys: ["cweId", "description", "examples", "frameworks", "id", "languages", "name", "owaspCategory", "recommendation", "regex", "regexPatterns", "severity", "supportsAst", "type"]
.18:48:40.658 request_id=GE6XWqSfg3KtlcIAADkH [info] Sent 200 in 356µs
..........................18:48:40.691 [warning] Suspicious pattern detected: ~r/__import__/
.18:48:40.691 [info] AUDIT_EVENT: input_validation_failed
18:48:40.702 [info] AUDIT_EVENT: rate_limit_exceeded
.18:48:40.713 [warning] Suspicious pattern detected: ~r/\beval\s*\(/
18:48:40.713 [info] AUDIT_EVENT: input_validation_failed
.18:48:40.713 [warning] Suspicious pattern detected: ~r/__import__/
18:48:40.713 [info] AUDIT_EVENT: input_validation_failed
18:48:40.724 [info] AUDIT_EVENT: session_created
18:48:40.724 [info] AUDIT_EVENT: malicious_input_detected
.....................18:48:40.871 [debug] Parser warmed: javascript/5ffe37051933d5b28c5c53cd6974e697
18:48:40.876 [debug] Parser warmed: javascript/30d31d8760978fe027cf6b2bd6cbabcd
18:48:40.915 [debug] Parser warmed: javascript/e8882c37ce48c058ad20d5744a0ba145
18:48:40.946 [debug] Parser response received
18:48:40.946 [info] AnalysisService: Loaded 30 patterns for javascript
18:48:40.947 [info] AnalysisService: Found 2 matches
18:48:40.948 [debug] Match confidence: 0.1848, min_confidence: 0.7, match: %{type: "js-hardcoded-secret-password", context: %{node_type: "VariableDeclarator", depth: 5, parent_type: "VariableDeclaration", in_function: "secretFunction"}, location: %{depth: 5, end_column: 45, end_line: 2, start_line: 2, start_column: 8}, severity: "high", pattern_id: "js-hardcoded-secret-password", pattern_name: "Hardcoded Password", recommendation: "Review this code for potential security issues", confidence: 0.9, pattern_type: :hardcoded_secret}
18:48:40.948 [debug] Match confidence: 0.1848, min_confidence: 0.7, match: %{type: "js-hardcoded-secret-api-key", context: %{node_type: "VariableDeclarator", depth: 5, parent_type: "VariableDeclaration", in_function: "secretFunction"}, location: %{depth: 5, end_column: 45, end_line: 2, start_line: 2, start_column: 8}, severity: "high", pattern_id: "js-hardcoded-secret-api-key", pattern_name: "Hardcoded API Key", recommendation: "Review this code for potential security issues", confidence: 0.9, pattern_type: :hardcoded_secret}
.18:48:41.083 [debug] Parser warmed: javascript/ae7707db21157aee890203eaf26f6c3f
18:48:41.130 [debug] Parser warmed: javascript/1cbc28dca4f8f31a842955c8df57e6b1
18:48:41.155 [debug] Parser response received
18:48:41.156 [info] AnalysisService: Loaded 30 patterns for javascript
18:48:41.157 [info] AnalysisService: Found 2 matches
18:48:41.157 [debug] Match confidence: 0.616, min_confidence: 0.7, match: %{type: "js-hardcoded-secret-password", context: %{node_type: "VariableDeclarator", depth: 3, parent_type: "VariableDeclaration"}, location: %{depth: 3, end_column: 37, end_line: 1, start_line: 1, start_column: 6}, severity: "high", pattern_id: "js-hardcoded-secret-password", pattern_name: "Hardcoded Password", recommendation: "Review this code for potential security issues", confidence: 0.9, pattern_type: :hardcoded_secret}
18:48:41.157 [debug] Match confidence: 0.616, min_confidence: 0.7, match: %{type: "js-hardcoded-secret-api-key", context: %{node_type: "VariableDeclarator", depth: 3, parent_type: "VariableDeclaration"}, location: %{depth: 3, end_column: 37, end_line: 1, start_line: 1, start_column: 6}, severity: "high", pattern_id: "js-hardcoded-secret-api-key", pattern_name: "Hardcoded API Key", recommendation: "Review this code for potential security issues", confidence: 0.9, pattern_type: :hardcoded_secret}
18:48:41.159 [debug] Parser warmed: javascript/aa71d40228e40a97aab13f73d468be4e
18:48:41.267 [debug] Parser response received
18:48:41.267 [info] AnalysisService: Loaded 30 patterns for javascript
18:48:41.268 [info] AnalysisService: Found 2 matches
18:48:41.268 [debug] Match confidence: 0.616, min_confidence: 0.7, match: %{type: "js-hardcoded-secret-password", context: %{node_type: "VariableDeclarator", depth: 3, parent_type: "VariableDeclaration"}, location: %{depth: 3, end_column: 37, end_line: 1, start_line: 1, start_column: 6}, severity: "high", pattern_id: "js-hardcoded-secret-password", pattern_name: "Hardcoded Password", recommendation: "Review this code for potential security issues", confidence: 0.9, pattern_type: :hardcoded_secret}
18:48:41.268 [debug] Match confidence: 0.616, min_confidence: 0.7, match: %{type: "js-hardcoded-secret-api-key", context: %{node_type: "VariableDeclarator", depth: 3, parent_type: "VariableDeclaration"}, location: %{depth: 3, end_column: 37, end_line: 1, start_line: 1, start_column: 6}, severity: "high", pattern_id: "js-hardcoded-secret-api-key", pattern_name: "Hardcoded API Key", recommendation: "Review this code for potential security issues", confidence: 0.9, pattern_type: :hardcoded_secret}
18:48:41.387 [debug] Parser response received
18:48:41.387 [info] AnalysisService: Loaded 30 patterns for javascript
18:48:41.388 [info] AnalysisService: Found 2 matches
18:48:41.388 [debug] Match confidence: 0.616, min_confidence: 0.7, match: %{type: "js-hardcoded-secret-password", context: %{node_type: "VariableDeclarator", depth: 3, parent_type: "VariableDeclaration"}, location: %{depth: 3, end_column: 37, end_line: 1, start_line: 1, start_column: 6}, severity: "high", pattern_id: "js-hardcoded-secret-password", pattern_name: "Hardcoded Password", recommendation: "Review this code for potential security issues", confidence: 0.9, pattern_type: :hardcoded_secret}
18:48:41.388 [debug] Match confidence: 0.616, min_confidence: 0.7, match: %{type: "js-hardcoded-secret-api-key", context: %{node_type: "VariableDeclarator", depth: 3, parent_type: "VariableDeclaration"}, location: %{depth: 3, end_column: 37, end_line: 1, start_line: 1, start_column: 6}, severity: "high", pattern_id: "js-hardcoded-secret-api-key", pattern_name: "Hardcoded API Key", recommendation: "Review this code for potential security issues", confidence: 0.9, pattern_type: :hardcoded_secret}
.18:48:41.525 [debug] Parser response received
18:48:41.529 [info] AnalysisService: Loaded 30 patterns for javascript
18:48:41.530 [info] AnalysisService: Found 2 matches
18:48:41.530 [debug] Match confidence: 0.1848, min_confidence: 0.7, match: %{type: "js-hardcoded-secret-password", context: %{node_type: "VariableDeclarator", depth: 3, parent_type: "VariableDeclaration"}, location: %{depth: 3, end_column: 37, end_line: 1, start_line: 1, start_column: 6}, severity: "high", pattern_id: "js-hardcoded-secret-password", pattern_name: "Hardcoded Password", recommendation: "Review this code for potential security issues", confidence: 0.9, pattern_type: :hardcoded_secret}
18:48:41.530 [debug] Match confidence: 0.1848, min_confidence: 0.7, match: %{type: "js-hardcoded-secret-api-key", context: %{node_type: "VariableDeclarator", depth: 3, parent_type: "VariableDeclaration"}, location: %{depth: 3, end_column: 37, end_line: 1, start_line: 1, start_column: 6}, severity: "high", pattern_id: "js-hardcoded-secret-api-key", pattern_name: "Hardcoded API Key", recommendation: "Review this code for potential security issues", confidence: 0.9, pattern_type: :hardcoded_secret}
.18:48:41.745 [debug] Parser warmed: javascript/0ef3c9fc67cbf660861bacfed17a5261
18:48:41.752 [debug] Parser warmed: javascript/00cf383d6d23f65755586733e1b9e3b8
18:48:41.806 [debug] Parser response received
18:48:41.806 [info] AnalysisService: Loaded 30 patterns for javascript
18:48:41.810 [info] AnalysisService: Found 14 matches
18:48:41.810 [debug] Match confidence: 0.15435, min_confidence: 0.7, match: %{type: "js-xss-document-write", context: %{node_type: "CallExpression", depth: 5, parent_type: "ReturnStatement", in_function: "processPayment"}, location: %{depth: 5, end_column: 27, end_line: 3, start_line: 3, start_column: 9}, severity: "high", pattern_id: "js-xss-document-write", pattern_name: "Cross-Site Scripting (XSS) via document.write", recommendation: "Review this code for potential security issues", confidence: 0.85, pattern_type: :xss}
18:48:41.810 [debug] Match confidence: 0.15435, min_confidence: 0.7, match: %{type: "js-xss-jquery-html", context: %{node_type: "CallExpression", depth: 5, parent_type: "ReturnStatement", in_function: "processPayment"}, location: %{depth: 5, end_column: 27, end_line: 3, start_line: 3, start_column: 9}, severity: "high", pattern_id: "js-xss-jquery-html", pattern_name: "XSS via jQuery html()", recommendation: "Review this code for potential security issues", confidence: 0.85, pattern_type: :xss}
18:48:41.810 [debug] Match confidence: 0.15014999999999998, min_confidence: 0.7, match: %{type: "js-path-traversal-join", context: %{node_type: "CallExpression", depth: 5, parent_type: "ReturnStatement", in_function: "processPayment"}, location: %{depth: 5, end_column: 27, end_line: 3, start_line: 3, start_column: 9}, severity: "medium", pattern_id: "js-path-traversal-join", pattern_name: "Path Traversal via path.join", recommendation: "Review this code for potential security issues", confidence: 0.7, pattern_type: :path_traversal}
18:48:41.810 [debug] Match confidence: 0.15014999999999998, min_confidence: 0.7, match: %{type: "js-weak-crypto-md5", context: %{node_type: "CallExpression", depth: 5, parent_type: "ReturnStatement", in_function: "processPayment"}, location: %{depth: 5, end_column: 27, end_line: 3, start_line: 3, start_column: 9}, severity: "medium", pattern_id: "js-weak-crypto-md5", pattern_name: "Weak Cryptography - MD5", recommendation: "Review this code for potential security issues", confidence: 0.7, pattern_type: :weak_crypto}
18:48:41.810 [debug] Match confidence: 0.15014999999999998, min_confidence: 0.7, match: %{type: "js-weak-crypto-sha1", context: %{node_type: "CallExpression", depth: 5, parent_type: "ReturnStatement", in_function: "processPayment"}, location: %{depth: 5, end_column: 27, end_line: 3, start_line: 3, start_column: 9}, severity: "medium", pattern_id: "js-weak-crypto-sha1", pattern_name: "Weak Cryptography - SHA1", recommendation: "Review this code for potential security issues", confidence: 0.7, pattern_type: :weak_crypto}
18:48:41.810 [debug] Match confidence: 0.15014999999999998, min_confidence: 0.7, match: %{type: "js-open-redirect", context: %{node_type: "CallExpression", depth: 5, parent_type: "ReturnStatement", in_function: "processPayment"}, location: %{depth: 5, end_column: 27, end_line: 3, start_line: 3, start_column: 9}, severity: "medium", pattern_id: "js-open-redirect", pattern_name: "Open Redirect Vulnerability", recommendation: "Review this code for potential security issues", confidence: 0.7, pattern_type: :open_redirect}
18:48:41.810 [debug] Match confidence: 0.15014999999999998, min_confidence: 0.7, match: %{type: "js-insecure-random", context: %{node_type: "CallExpression", depth: 5, parent_type: "ReturnStatement", in_function: "processPayment"}, location: %{depth: 5, end_column: 27, end_line: 3, start_line: 3, start_column: 9}, severity: "medium", pattern_id: "js-insecure-random", pattern_name: "Insecure Random Number Generation", recommendation: "Review this code for potential security issues", confidence: 0.7, pattern_type: :insecure_random}
18:48:41.810 [debug] Match confidence: 0.11602499999999999, min_confidence: 0.7, match: %{type: "js-nosql-injection", context: %{node_type: "CallExpression", depth: 5, parent_type: "ReturnStatement", in_function: "processPayment"}, location: %{depth: 5, end_column: 27, end_line: 3, start_line: 3, start_column: 9}, severity: "high", pattern_id: "js-nosql-injection", pattern_name: "NoSQL Injection", recommendation: "Review this code for potential security issues", confidence: 0.85, pattern_type: :nosql_injection}
18:48:41.810 [debug] Match confidence: 0.11602499999999999, min_confidence: 0.7, match: %{type: "js-ldap-injection", context: %{node_type: "CallExpression", depth: 5, parent_type: "ReturnStatement", in_function: "processPayment"}, location: %{depth: 5, end_column: 27, end_line: 3, start_line: 3, start_column: 9}, severity: "high", pattern_id: "js-ldap-injection", pattern_name: "LDAP Injection", recommendation: "Review this code for potential security issues", confidence: 0.85, pattern_type: :ldap_injection}
18:48:41.810 [debug] Match confidence: 0.11602499999999999, min_confidence: 0.7, match: %{type: "js-xpath-injection", context: %{node_type: "CallExpression", depth: 5, parent_type: "ReturnStatement", in_function: "processPayment"}, location: %{depth: 5, end_column: 27, end_line: 3, start_line: 3, start_column: 9}, severity: "high", pattern_id: "js-xpath-injection", pattern_name: "XPath Injection", recommendation: "Review this code for potential security issues", confidence: 0.85, pattern_type: :xpath_injection}
18:48:41.810 [debug] Match confidence: 0.15014999999999998, min_confidence: 0.7, match: %{type: "js-ssrf", context: %{node_type: "CallExpression", depth: 5, parent_type: "ReturnStatement", in_function: "processPayment"}, location: %{depth: 5, end_column: 27, end_line: 3, start_line: 3, start_column: 9}, severity: "medium", pattern_id: "js-ssrf", pattern_name: "Server-Side Request Forgery (SSRF)", recommendation: "Review this code for potential security issues", confidence: 0.7, pattern_type: :ssrf}
18:48:41.810 [debug] Match confidence: 0.15014999999999998, min_confidence: 0.7, match: %{type: "js-insecure-deserialization", context: %{node_type: "CallExpression", depth: 5, parent_type: "ReturnStatement", in_function: "processPayment"}, location: %{depth: 5, end_column: 27, end_line: 3, start_line: 3, start_column: 9}, severity: "medium", pattern_id: "js-insecure-deserialization", pattern_name: "Insecure Deserialization", recommendation: "Review this code for potential security issues", confidence: 0.7, pattern_type: :deserialization}
18:48:41.810 [debug] Match confidence: 0.15014999999999998, min_confidence: 0.7, match: %{type: "js-jwt-none-algorithm", context: %{node_type: "CallExpression", depth: 5, parent_type: "ReturnStatement", in_function: "processPayment"}, location: %{depth: 5, end_column: 27, end_line: 3, start_line: 3, start_column: 9}, severity: "medium", pattern_id: "js-jwt-none-algorithm", pattern_name: "JWT None Algorithm Vulnerability", recommendation: "Review this code for potential security issues", confidence: 0.7, pattern_type: :authentication}
18:48:41.810 [debug] Match confidence: 0.15014999999999998, min_confidence: 0.7, match: %{type: "js-debug-console-log", context: %{node_type: "CallExpression", depth: 5, parent_type: "ReturnStatement", in_function: "processPayment"}, location: %{depth: 5, end_column: 27, end_line: 3, start_line: 3, start_column: 9}, severity: "medium", pattern_id: "js-debug-console-log", pattern_name: "Sensitive Data in Console Logs", recommendation: "Review this code for potential security issues", confidence: 0.7, pattern_type: :information_disclosure}
.18:48:41.925 [debug] Parser warmed: javascript/f80940081e2ca8d7ae9f38833e0f4636
18:48:42.021 [debug] Parser warmed: javascript/e26add433b40df48c299fa02afd10d8f
18:48:42.026 [debug] Parser warmed: javascript/d3f475c6fed778b76b99a0b92c967d58
18:48:42.031 [debug] Parser response received
18:48:42.031 [info] AnalysisService: Loaded 30 patterns for javascript
18:48:42.033 [info] AnalysisService: Found 2 matches
18:48:42.033 [debug] Match confidence: 0.1848, min_confidence: 0.7, match: %{type: "js-hardcoded-secret-password", context: %{node_type: "VariableDeclarator", depth: 3, parent_type: "VariableDeclaration"}, location: %{depth: 3, end_column: 44, end_line: 1, start_line: 1, start_column: 6}, severity: "high", pattern_id: "js-hardcoded-secret-password", pattern_name: "Hardcoded Password", recommendation: "Review this code for potential security issues", confidence: 0.9, pattern_type: :hardcoded_secret}
18:48:42.033 [debug] Match confidence: 0.1848, min_confidence: 0.7, match: %{type: "js-hardcoded-secret-api-key", context: %{node_type: "VariableDeclarator", depth: 3, parent_type: "VariableDeclaration"}, location: %{depth: 3, end_column: 44, end_line: 1, start_line: 1, start_column: 6}, severity: "high", pattern_id: "js-hardcoded-secret-api-key", pattern_name: "Hardcoded API Key", recommendation: "Review this code for potential security issues", confidence: 0.9, pattern_type: :hardcoded_secret}
.18:48:42.187 [debug] Parser warmed: javascript/4cf39a570590da7dc8e9a16507c62ddc
18:48:42.189 [debug] Parser warmed: javascript/fb9632be60a3187494df2faba4e8b8a4
18:48:42.209 [debug] Parser warmed: javascript/2ae87e7ce15a8ea788e97f4f9e0c96dc
18:48:42.297 [debug] Parser response received
18:48:42.297 [info] AnalysisService: Loaded 30 patterns for javascript
18:48:42.298 [info] AnalysisService: Found 2 matches
18:48:42.298 [debug] Match confidence: 0.1848, min_confidence: 0.7, match: %{type: "js-hardcoded-secret-password", context: %{node_type: "VariableDeclarator", depth: 3, parent_type: "VariableDeclaration"}, location: %{depth: 3, end_column: 18, end_line: 1, start_line: 1, start_column: 6}, severity: "high", pattern_id: "js-hardcoded-secret-password", pattern_name: "Hardcoded Password", recommendation: "Review this code for potential security issues", confidence: 0.9, pattern_type: :hardcoded_secret}
18:48:42.298 [debug] Match confidence: 0.1848, min_confidence: 0.7, match: %{type: "js-hardcoded-secret-api-key", context: %{node_type: "VariableDeclarator", depth: 3, parent_type: "VariableDeclaration"}, location: %{depth: 3, end_column: 18, end_line: 1, start_line: 1, start_column: 6}, severity: "high", pattern_id: "js-hardcoded-secret-api-key", pattern_name: "Hardcoded API Key", recommendation: "Review this code for potential security issues", confidence: 0.9, pattern_type: :hardcoded_secret}
18:48:42.314 [info] AUDIT_EVENT: code_retention_cleanup
.18:48:42.463 [debug] Parser warmed: javascript/45fc654a4aef02453787b10f525d394a
18:48:42.472 [debug] Parser warmed: javascript/311345335d341d0d1f281141e42e46a9
18:48:42.507 [debug] Parser warmed: javascript/4d2cc585ccf9ed0078ba57d5c3f71aba
18:48:42.531 [debug] Parser warmed: javascript/69435ab3ea0f2b3cef7cbff3a796a90e
18:48:42.936 [debug] Parser response received
18:48:42.936 [info] AnalysisService: Loaded 30 patterns for javascript
18:48:42.937 [info] AnalysisService: Found 15 matches
18:48:42.937 [debug] Match confidence: 0.15435, min_confidence: 0.7, match: %{type: "js-xss-document-write", context: %{node_type: "CallExpression", depth: 3, parent_type: "ExpressionStatement"}, location: %{depth: 3, end_column: 15, end_line: 1, start_line: 1, start_column: 0}, severity: "high", pattern_id: "js-xss-document-write", pattern_name: "Cross-Site Scripting (XSS) via document.write", recommendation: "Review this code for potential security issues", confidence: 0.85, pattern_type: :xss}
18:48:42.937 [debug] Match confidence: 0.15435, min_confidence: 0.7, match: %{type: "js-xss-jquery-html", context: %{node_type: "CallExpression", depth: 3, parent_type: "ExpressionStatement"}, location: %{depth: 3, end_column: 15, end_line: 1, start_line: 1, start_column: 0}, severity: "high", pattern_id: "js-xss-jquery-html", pattern_name: "XSS via jQuery html()", recommendation: "Review this code for potential security issues", confidence: 0.85, pattern_type: :xss}
18:48:42.937 [debug] Match confidence: 0.15014999999999998, min_confidence: 0.7, match: %{type: "js-path-traversal-join", context: %{node_type: "CallExpression", depth: 3, parent_type: "ExpressionStatement"}, location: %{depth: 3, end_column: 15, end_line: 1, start_line: 1, start_column: 0}, severity: "medium", pattern_id: "js-path-traversal-join", pattern_name: "Path Traversal via path.join", recommendation: "Review this code for potential security issues", confidence: 0.7, pattern_type: :path_traversal}
18:48:42.937 [debug] Match confidence: 0.15014999999999998, min_confidence: 0.7, match: %{type: "js-weak-crypto-md5", context: %{node_type: "CallExpression", depth: 3, parent_type: "ExpressionStatement"}, location: %{depth: 3, end_column: 15, end_line: 1, start_line: 1, start_column: 0}, severity: "medium", pattern_id: "js-weak-crypto-md5", pattern_name: "Weak Cryptography - MD5", recommendation: "Review this code for potential security issues", confidence: 0.7, pattern_type: :weak_crypto}
18:48:42.937 [debug] Match confidence: 0.15014999999999998, min_confidence: 0.7, match: %{type: "js-weak-crypto-sha1", context: %{node_type: "CallExpression", depth: 3, parent_type: "ExpressionStatement"}, location: %{depth: 3, end_column: 15, end_line: 1, start_line: 1, start_column: 0}, severity: "medium", pattern_id: "js-weak-crypto-sha1", pattern_name: "Weak Cryptography - SHA1", recommendation: "Review this code for potential security issues", confidence: 0.7, pattern_type: :weak_crypto}
18:48:42.937 [debug] Match confidence: 0.24926249999999997, min_confidence: 0.7, match: %{type: "js-eval-user-input", context: %{node_type: "CallExpression", depth: 3, parent_type: "ExpressionStatement"}, location: %{depth: 3, end_column: 15, end_line: 1, start_line: 1, start_column: 0}, severity: "critical", pattern_id: "js-eval-user-input", pattern_name: "Dangerous eval() with User Input", recommendation: "Review this code for potential security issues", confidence: 0.95, pattern_type: :rce}
18:48:42.937 [debug] Match confidence: 0.15014999999999998, min_confidence: 0.7, match: %{type: "js-open-redirect", context: %{node_type: "CallExpression", depth: 3, parent_type: "ExpressionStatement"}, location: %{depth: 3, end_column: 15, end_line: 1, start_line: 1, start_column: 0}, severity: "medium", pattern_id: "js-open-redirect", pattern_name: "Open Redirect Vulnerability", recommendation: "Review this code for potential security issues", confidence: 0.7, pattern_type: :open_redirect}
18:48:42.937 [debug] Match confidence: 0.15014999999999998, min_confidence: 0.7, match: %{type: "js-insecure-random", context: %{node_type: "CallExpression", depth: 3, parent_type: "ExpressionStatement"}, location: %{depth: 3, end_column: 15, end_line: 1, start_line: 1, start_column: 0}, severity: "medium", pattern_id: "js-insecure-random", pattern_name: "Insecure Random Number Generation", recommendation: "Review this code for potential security issues", confidence: 0.7, pattern_type: :insecure_random}
18:48:42.937 [debug] Match confidence: 0.11602499999999999, min_confidence: 0.7, match: %{type: "js-nosql-injection", context: %{node_type: "CallExpression", depth: 3, parent_type: "ExpressionStatement"}, location: %{depth: 3, end_column: 15, end_line: 1, start_line: 1, start_column: 0}, severity: "high", pattern_id: "js-nosql-injection", pattern_name: "NoSQL Injection", recommendation: "Review this code for potential security issues", confidence: 0.85, pattern_type: :nosql_injection}
18:48:42.937 [debug] Match confidence: 0.11602499999999999, min_confidence: 0.7, match: %{type: "js-ldap-injection", context: %{node_type: "CallExpression", depth: 3, parent_type: "ExpressionStatement"}, location: %{depth: 3, end_column: 15, end_line: 1, start_line: 1, start_column: 0}, severity: "high", pattern_id: "js-ldap-injection", pattern_name: "LDAP Injection", recommendation: "Review this code for potential security issues", confidence: 0.85, pattern_type: :ldap_injection}
.18:48:42.937 [debug] Match confidence: 0.11602499999999999, min_confidence: 0.7, match: %{type: "js-xpath-injection", context: %{node_type: "CallExpression", depth: 3, parent_type: "ExpressionStatement"}, location: %{depth: 3, end_column: 15, end_line: 1, start_line: 1, start_column: 0}, severity: "high", pattern_id: "js-xpath-injection", pattern_name: "XPath Injection", recommendation: "Review this code for potential security issues", confidence: 0.85, pattern_type: :xpath_injection}
18:48:42.937 [debug] Match confidence: 0.15014999999999998, min_confidence: 0.7, match: %{type: "js-ssrf", context: %{node_type: "CallExpression", depth: 3, parent_type: "ExpressionStatement"}, location: %{depth: 3, end_column: 15, end_line: 1, start_line: 1, start_column: 0}, severity: "medium", pattern_id: "js-ssrf", pattern_name: "Server-Side Request Forgery (SSRF)", recommendation: "Review this code for potential security issues", confidence: 0.7, pattern_type: :ssrf}
18:48:42.937 [debug] Match confidence: 0.15014999999999998, min_confidence: 0.7, match: %{type: "js-insecure-deserialization", context: %{node_type: "CallExpression", depth: 3, parent_type: "ExpressionStatement"}, location: %{depth: 3, end_column: 15, end_line: 1, start_line: 1, start_column: 0}, severity: "medium", pattern_id: "js-insecure-deserialization", pattern_name: "Insecure Deserialization", recommendation: "Review this code for potential security issues", confidence: 0.7, pattern_type: :deserialization}
18:48:42.937 [debug] Match confidence: 0.15014999999999998, min_confidence: 0.7, match: %{type: "js-jwt-none-algorithm", context: %{node_type: "CallExpression", depth: 3, parent_type: "ExpressionStatement"}, location: %{depth: 3, end_column: 15, end_line: 1, start_line: 1, start_column: 0}, severity: "medium", pattern_id: "js-jwt-none-algorithm", pattern_name: "JWT None Algorithm Vulnerability", recommendation: "Review this code for potential security issues", confidence: 0.7, pattern_type: :authentication}
18:48:42.937 [debug] Match confidence: 0.15014999999999998, min_confidence: 0.7, match: %{type: "js-debug-console-log", context: %{node_type: "CallExpression", depth: 3, parent_type: "ExpressionStatement"}, location: %{depth: 3, end_column: 15, end_line: 1, start_line: 1, start_column: 0}, severity: "medium", pattern_id: "js-debug-console-log", pattern_name: "Sensitive Data in Console Logs", recommendation: "Review this code for potential security issues", confidence: 0.7, pattern_type: :information_disclosure}
18:48:43.125 [debug] Parser warmed: javascript/3875224e30357563582a4028233d5a5e
18:48:43.160 [debug] Parser warmed: javascript/0a663628caf93ff6be7913004d1bd585
18:48:43.163 [debug] Parser response received
18:48:43.163 [info] AnalysisService: Loaded 30 patterns for javascript
18:48:43.164 [info] AnalysisService: Found 2 matches
18:48:43.164 [debug] Match confidence: 0.1848, min_confidence: 0.7, match: %{type: "js-hardcoded-secret-password", context: %{node_type: "VariableDeclarator", depth: 3, parent_type: "VariableDeclaration"}, location: %{depth: 3, end_column: 37, end_line: 1, start_line: 1, start_column: 6}, severity: "high", pattern_id: "js-hardcoded-secret-password", pattern_name: "Hardcoded Password", recommendation: "Review this code for potential security issues", confidence: 0.9, pattern_type: :hardcoded_secret}
18:48:43.164 [debug] Match confidence: 0.1848, min_confidence: 0.7, match: %{type: "js-hardcoded-secret-api-key", context: %{node_type: "VariableDeclarator", depth: 3, parent_type: "VariableDeclaration"}, location: %{depth: 3, end_column: 37, end_line: 1, start_line: 1, start_column: 6}, severity: "high", pattern_id: "js-hardcoded-secret-api-key", pattern_name: "Hardcoded API Key", recommendation: "Review this code for potential security issues", confidence: 0.9, pattern_type: :hardcoded_secret}
.18:48:43.332 [debug] Parser warmed: javascript/cd65c726b15eda7575bc56a6823421ee
18:48:43.384 [debug] Parser warmed: javascript/e93cdb9ca690286922ba9c531c07f519
18:48:43.421 [debug] Parser warmed: javascript/17e1e2e88241d14b3ba2ca9d97a20d99
18:48:43.433 [debug] Parser response received
18:48:43.434 [info] AnalysisService: Loaded 30 patterns for javascript
18:48:43.435 [info] AnalysisService: Found 2 matches
18:48:43.435 [debug] Match confidence: 0.1848, min_confidence: 0.7, match: %{type: "js-hardcoded-secret-password", context: %{node_type: "VariableDeclarator", depth: 3, parent_type: "VariableDeclaration"}, location: %{depth: 3, end_column: 48, end_line: 1, start_line: 1, start_column: 6}, severity: "high", pattern_id: "js-hardcoded-secret-password", pattern_name: "Hardcoded Password", recommendation: "Review this code for potential security issues", confidence: 0.9, pattern_type: :hardcoded_secret}
18:48:43.435 [debug] Match confidence: 0.1848, min_confidence: 0.7, match: %{type: "js-hardcoded-secret-api-key", context: %{node_type: "VariableDeclarator", depth: 3, parent_type: "VariableDeclaration"}, location: %{depth: 3, end_column: 48, end_line: 1, start_line: 1, start_column: 6}, severity: "high", pattern_id: "js-hardcoded-secret-api-key", pattern_name: "Hardcoded API Key", recommendation: "Review this code for potential security issues", confidence: 0.9, pattern_type: :hardcoded_secret}
18:48:43.444 [info] AUDIT_EVENT: code_retention_cleanup
.18:48:43.701 [debug] Parser warmed: javascript/82b7d40cd699e61a0efdef56d6b24303
18:48:43.714 [debug] Parser warmed: javascript/bb23ec863378accf9ba4467d59b5b847
18:48:43.738 [debug] Parser warmed: javascript/fd05b712c4ccebd90104b39e3a1c2ab4
18:48:43.764 [debug] Parser warmed: javascript/f189e0edff08c7253a64ff21c122b9e0
18:48:43.790 [debug] Parser response received
18:48:43.791 [info] AnalysisService: Loaded 30 patterns for javascript
18:48:43.791 [info] AnalysisService: Found 0 matches
18:48:43.807 [info] AUDIT_EVENT: code_retention_report
...18:48:43.824 request_id=GE6XW2FWftvuSboAAHOB [info] GET /api/v1/patterns
.18:48:43.824 request_id=GE6XW2FWftvuSboAAHOB [debug] Processing with RSOLVWeb.Api.V1.PatternController.index/2
  Parameters: %{"format" => "enhanced", "language" => "elixir"}
  Pipelines: [:api]
.18:48:43.824 request_id=GE6XW2FWftvuSboAAHOB [info] Pattern API called with params: %{"format" => "enhanced", "language" => "elixir"}
.18:48:43.824 request_id=GE6XW2FWftvuSboAAHOB [info] Language: elixir, Format: enhanced
.18:48:43.824 request_id=GE6XW2FWftvuSboAAHOB [info] Has API key: false
18:48:43.824 request_id=GE6XW2FWftvuSboAAHOB [info] Getting demo patterns for elixir
18:48:43.824 request_id=GE6XW2FWftvuSboAAHOB [info] Retrieved 1 patterns
18:48:43.824 request_id=GE6XW2FWftvuSboAAHOB [debug] Formatting pattern: "elixir-sql-injection-interpolation"
*18:48:43.824 request_id=GE6XW2FWftvuSboAAHOB [debug] Formatted pattern keys: ["cweId", "description", "examples", "frameworks", "id", "languages", "name", "owaspCategory", "recommendation", "regex", "regexPatterns", "severity", "supportsAst", "type"]
*18:48:43.824 request_id=GE6XW2FWftvuSboAAHOB [info] Sent 200 in 330µs
18:48:43.825 request_id=GE6XW2FjVsHit3MAAHQB [info] GET /api/v1/patterns
18:48:43.825 request_id=GE6XW2FjVsHit3MAAHQB [debug] Processing with RSOLVWeb.Api.V1.PatternController.index/2
  Parameters: %{"format" => "enhanced", "language" => "elixir"}
  Pipelines: [:api]
18:48:43.825 request_id=GE6XW2FjVsHit3MAAHQB [info] Pattern API called with params: %{"format" => "enhanced", "language" => "elixir"}
18:48:43.825 request_id=GE6XW2FjVsHit3MAAHQB [info] Language: elixir, Format: enhanced
18:48:43.825 request_id=GE6XW2FjVsHit3MAAHQB [info] Has API key: false
18:48:43.825 request_id=GE6XW2FjVsHit3MAAHQB [info] Getting demo patterns for elixir
18:48:43.825 request_id=GE6XW2FjVsHit3MAAHQB [info] Retrieved 1 patterns
18:48:43.825 request_id=GE6XW2FjVsHit3MAAHQB [debug] Formatting pattern: "elixir-sql-injection-interpolation"
18:48:43.825 request_id=GE6XW2FjVsHit3MAAHQB [debug] Formatted pattern keys: ["cweId", "description", "examples", "frameworks", "id", "languages", "name", "owaspCategory", "recommendation", "regex", "regexPatterns", "severity", "supportsAst", "type"]
18:48:43.825 request_id=GE6XW2FjVsHit3MAAHQB [info] Sent 200 in 314µs
18:48:43.855 [debug] Parser response received
18:48:43.856 [info] Cleaning up 0 expired sessions
.18:48:43.899 [debug] Parser response received
18:48:43.901 [debug] Parser response received
.18:48:43.902 [info] Cleaning up 0 expired sessions
18:48:43.961 [debug] Parser response received
18:48:43.966 [debug] Parser response received
.18:48:43.966 [info] Cleaning up 0 expired sessions
18:48:43.992 [debug] Parser response received
python parsing took 25762μs
18:48:44.242 [debug] Parser response received
javascript parsing took 249684μs
18:48:44.243 [info] Cleaning up 0 expired sessions
.18:48:44.492 [debug] Parser response received
18:48:44.493 [info] Cleaning up 0 expired sessions
.18:48:44.626 [debug] Parser response received
18:48:44.626 [info] Cleaning up 0 expired sessions
.18:48:44.753 [debug] Parser response received
18:48:44.776 [debug] Parser response received
18:48:44.779 [debug] Parser response received
18:48:44.779 [debug] Parser response received
18:48:44.780 [debug] Parser response received
18:48:44.780 [debug] Parser response received
18:48:44.781 [debug] Parser response received
18:48:44.781 [debug] Parser response received
18:48:44.782 [debug] Parser response received
Average parsing time with concurrency: 149402.7μs
18:48:44.782 [debug] Parser response received
.18:48:44.783 [info] Cleaning up 0 expired sessions
18:48:44.820 [debug] Parser response received
18:48:44.821 [debug] Parser response received
18:48:45.036 [debug] Parser response received
18:48:45.037 [info] Cleaning up 0 expired sessions
.18:48:46.250 [debug] Parser response received
.18:48:46.250 [info] Cleaning up 0 expired sessions
18:48:46.443 [debug] Parser response received
.18:48:46.444 [info] Cleaning up 0 expired sessions
18:48:46.480 [debug] Parser response received
.18:48:46.480 [info] Cleaning up 0 expired sessions
18:48:46.722 [debug] Parser response received
18:48:46.723 [info] Cleaning up 0 expired sessions
.18:48:46.751 [debug] Parser response received
18:48:46.751 [info] Cleaning up 0 expired sessions
.18:48:46.778 [debug] Parser response received
.18:48:46.778 [info] Cleaning up 0 expired sessions
18:48:46.821 [debug] Parser response received
.18:48:46.821 [info] Cleaning up 0 expired sessions
18:48:46.853 [debug] Parser response received
18:48:46.854 [debug] Parser response received
18:48:46.854 [info] Cleaning up 0 expired sessions
.18:48:48.032 [debug] Parser response received
.18:48:48.032 [info] Cleaning up 0 expired sessions
...........18:48:48.033 request_id=GE6XXFw8C74pBecAAHSB [info] GET /api/v1/patterns/js-xss-document-write/metadata
.18:48:48.034 request_id=GE6XXFw8C74pBecAAHSB [debug] Processing with RSOLVWeb.PatternController.metadata/2
  Parameters: %{"id" => "js-xss-document-write"}
  Pipelines: [:api]
.18:48:48.034 request_id=GE6XXFw8C74pBecAAHSB [info] Sent 200 in 246µs
.......18:48:48.062 [debug] Parser response received
Raw Python AST: %{
  "body" => [
    %{
      "_col_offset" => 0,
      "_end_col_offset" => 51,
      "_end_lineno" => 1,
      "_lineno" => 1,
      "targets" => [
        %{
          "_col_offset" => 0,
          "_end_col_offset" => 5,
          "_end_lineno" => 1,
          "_lineno" => 1,
          "ctx" => %{"type" => "Store"},
          "id" => "query",
          "type" => "Name"
        }
      ],
      "type" => "Assign",
      "type_comment" => nil,
      "value" => %{
        "_col_offset" => 8,
        "_end_col_offset" => 51,
        "_end_lineno" => 1,
        "_lineno" => 1,
        "left" => %{
          "_col_offset" => 8,
          "_end_col_offset" => 41,
          "_end_lineno" => 1,
          "_lineno" => 1,
          "kind" => nil,
          "type" => "Constant",
          "value" => "SELECT * FROM users WHERE id = "
        },
        "op" => %{"type" => "Add"},
        "right" => %{
          "_col_offset" => 44,
          "_end_col_offset" => 51,
          "_end_lineno" => 1,
          "_lineno" => 1,
          "ctx" => %{"type" => "Load"},
          "id" => "user_id",
          "type" => "Name"
        },
        "type" => "BinOp"
      }
    }
  ],
  "type" => "Module",
  "type_ignores" => []
}
Python AST Operator Structure: %{"type" => "Add"}
.18:48:48.240 [debug] Parser response received
Raw JavaScript AST: %{
  "_end" => 57,
  "_loc" => %{
    "end" => %{"column" => 57, "line" => 1},
    "start" => %{"column" => 0, "line" => 1}
  },
  "_start" => 0,
  "comments" => [],
  "errors" => [],
  "program" => %{
    "_end" => 57,
    "_loc" => %{
      "end" => %{"column" => 57, "line" => 1},
      "start" => %{"column" => 0, "line" => 1}
    },
    "_start" => 0,
    "body" => [
      %{
        "_end" => 57,
        "_loc" => %{
          "end" => %{"column" => 57, "line" => 1},
          "start" => %{"column" => 0, "line" => 1}
        },
        "_start" => 0,
        "declarations" => [
          %{
            "_end" => 56,
            "_loc" => %{
              "end" => %{"column" => 56, "line" => 1},
              "start" => %{"column" => 6, "line" => 1}
            },
            "_start" => 6,
            "id" => %{
              "_end" => 11,
              "_loc" => %{
                "end" => %{"column" => 11, "line" => 1},
                "start" => %{"column" => 6, "line" => 1}
              },
              "_start" => 6,
              "name" => "query",
              "type" => "Identifier"
            },
            "init" => %{
              "_end" => 56,
              "_loc" => %{
                "end" => %{"column" => 56, "line" => 1},
                "start" => %{"column" => 14, "line" => 1}
              },
              "_start" => 14,
              "left" => %{
                "_end" => 47,
                "_loc" => %{
                  "end" => %{"column" => 47, "line" => 1},
                  "start" => %{"column" => 14, "line" => 1}
                },
                "_start" => 14,
                "extra" => %{
                  "raw" => "\"SELECT * FROM users WHERE id = \"",
                  "rawValue" => "SELECT * FROM users WHERE id = "
                },
                "type" => "StringLiteral",
                "value" => "SELECT * FROM users WHERE id = "
              },
              "operator" => "+",
              "right" => %{
                "_end" => 56,
                "_loc" => %{
                  "end" => %{"column" => 56, "line" => 1},
                  "start" => %{"column" => 50, "line" => 1}
                },
                "_start" => 50,
                "name" => "userId",
                "type" => "Identifier"
              },
              "type" => "BinaryExpression"
            },
            "type" => "VariableDeclarator"
          }
        ],
        "kind" => "const",
        "type" => "VariableDeclaration"
      }
    ],
    "directives" => [],
    "extra" => %{"topLevelAwait" => false},
    "interpreter" => nil,
    "sourceType" => "module",
    "type" => "Program"
  },
  "type" => "File"
}
JavaScript AST Operator: "+"
.18:48:48.248 [debug] Pattern cache hit
Number of Python patterns loaded: 12
18:48:48.248 [debug] Pattern fetch completed
Loaded SQL Injection Pattern: %RsolvApi.Security.Pattern{
  id: "python-sql-injection-concat",
  name: "SQL Injection via String Concatenation",
  description: "Using string concatenation (+) in SQL queries can lead to SQL injection",
  type: :sql_injection,
  severity: :high,
  languages: ["python"],
  frameworks: nil,
  regex: ~r/\n        # Direct execute with string concatenation\n        \.execute\s*\([^)]*["'].*\+|\n        # String concatenation used in execute call\n        ["'].*\+.*["'].*\.execute|\n        # SQL variable assignment with concatenation  \n        (query|sql|cmd|statement)\s*=\s*.*["'].*\+|\n        # SQL concatenation in parentheses\n        \(["'].*\+.*["']\)\n      /ix,
  cwe_id: "CWE-89",
  owasp_category: "A03:2021",
  recommendation: "Use parameterized queries: cursor.execute('SELECT * FROM users WHERE id = %s', (user_id,))",
  test_cases: %{
    safe: ["cursor.execute(\"SELECT * FROM users WHERE id = %s\", (user_id,))",
     "db.execute(\"DELETE FROM posts WHERE author = ?\", [username])",
     "message = \"Hello \" + username + \"!\"",
     "url = base_url + \"/api/users/\" + user_id"],
    vulnerable: ["cursor.execute(\"SELECT * FROM users WHERE id = \" + user_id)",
     "db.execute(\"DELETE FROM posts WHERE author = '\" + username + \"'\")",
     "conn.execute(\"UPDATE users SET status = '\" + status + \"' WHERE id = \" + str(id))",
     "query = \"SELECT * FROM users WHERE id = \" + user_id; cursor.execute(query)"]
  },
  file_targeting: nil
}
.Pattern Matching Result: [
  %{
    type: "python-sql-injection-concat",
    context: %{node_type: "BinOp", depth: 2, parent_type: "Assign"},
    location: %{
      depth: 2,
      end_column: 0,
      end_line: 1,
      start_line: 1,
      start_column: 0
    },
    severity: "high",
    pattern_id: "python-sql-injection-concat",
    pattern_name: "SQL Injection via String Concatenation",
    recommendation: "Review this code for potential security issues",
    confidence: 0.85,
    pattern_type: :sql_injection
  }
]
.SQL Injection Pattern: %RsolvApi.Security.Pattern{
  id: "python-sql-injection-concat",
  name: "SQL Injection via String Concatenation",
  description: "Using string concatenation (+) in SQL queries can lead to SQL injection",
  type: :sql_injection,
  severity: :high,
  languages: ["python"],
  frameworks: nil,
  regex: ~r/\n        # Direct execute with string concatenation\n        \.execute\s*\([^)]*["'].*\+|\n        # String concatenation used in execute call\n        ["'].*\+.*["'].*\.execute|\n        # SQL variable assignment with concatenation  \n        (query|sql|cmd|statement)\s*=\s*.*["'].*\+|\n        # SQL concatenation in parentheses\n        \(["'].*\+.*["']\)\n      /ix,
  cwe_id: "CWE-89",
  owasp_category: "A03:2021",
  recommendation: "Use parameterized queries: cursor.execute('SELECT * FROM users WHERE id = %s', (user_id,))",
  test_cases: %{
    safe: ["cursor.execute(\"SELECT * FROM users WHERE id = %s\", (user_id,))",
     "db.execute(\"DELETE FROM posts WHERE author = ?\", [username])",
     "message = \"Hello \" + username + \"!\"",
     "url = base_url + \"/api/users/\" + user_id"],
    vulnerable: ["cursor.execute(\"SELECT * FROM users WHERE id = \" + user_id)",
     "db.execute(\"DELETE FROM posts WHERE author = '\" + username + \"'\")",
     "conn.execute(\"UPDATE users SET status = '\" + status + \"' WHERE id = \" + str(id))",
     "query = \"SELECT * FROM users WHERE id = \" + user_id; cursor.execute(query)"]
  },
  file_targeting: nil
}
AST Enhancement: %{
  min_confidence: 0.7,
  ast_rules: %{
    node_type: "BinOp",
    op: "Add",
    sql_context: %{contains_sql_pattern: true, left_or_right_is_string: true}
  },
  confidence_rules: %{
    base: 0.4,
    adjustments: %{
      "has_parameterized_query_nearby" => -0.3,
      "has_sql_keywords" => 0.3,
      "has_user_input" => 0.2,
      "in_database_method_call" => 0.3,
      "in_test_code" => -1.0,
      "is_file_path" => -0.4,
      "is_logging_statement" => -0.5,
      "is_url_construction" => -0.4,
      "uses_plus_operator" => 0.1
    }
  },
  context_rules: %{
    exclude_paths: [~r/test/, ~r/spec/, ~r/__tests__/, ~r/migrations/],
    exclude_if_parameterized: true,
    safe_patterns: ["logging", "print", "format", "message", "url", "path",
     "filename"],
    check_variable_assignment: true,
    database_methods: ["execute", "executemany", "executescript"],
    sql_keywords: ["SELECT", "INSERT", "UPDATE", "DELETE", "FROM", "WHERE",
     "JOIN", "UNION"]
  }
}
Expected AST Rules: %{
  node_type: "BinOp",
  op: "Add",
  sql_context: %{contains_sql_pattern: true, left_or_right_is_string: true}
}
Pattern Expected Op: "Add"
.Pattern Requirements: %{
  min_confidence: 0.7,
  confidence_rules: %{
    base: 0.4,
    adjustments: %{
      "has_parameterized_query_nearby" => -0.3,
      "has_sql_keywords" => 0.3,
      "has_user_input" => 0.2,
      "in_database_method_call" => 0.3,
      "in_test_code" => -1.0,
      "is_file_path" => -0.4,
      "is_logging_statement" => -0.5,
      "is_url_construction" => -0.4,
      "uses_plus_operator" => 0.1
    }
  },
  context_rules: %{
    exclude_paths: [~r/test/, ~r/spec/, ~r/__tests__/, ~r/migrations/],
    exclude_if_parameterized: true,
    safe_patterns: ["logging", "print", "format", "message", "url", "path",
     "filename"],
    check_variable_assignment: true,
    database_methods: ["execute", "executemany", "executescript"],
    sql_keywords: ["SELECT", "INSERT", "UPDATE", "DELETE", "FROM", "WHERE",
     "JOIN", "UNION"]
  }
}
.18:48:48.359 [debug] Parser response received
18:48:48.359 [info] AnalysisService: Loaded 12 patterns for python
18:48:48.359 [info] AnalysisService: Found 1 matches
18:48:48.359 [debug] Match confidence: 0.7331249999999999, min_confidence: 0.7, match: %{type: "python-sql-injection-concat", context: %{node_type: "BinOp", depth: 2, parent_type: "Assign"}, location: %{depth: 2, end_column: 0, end_line: 1, start_line: 1, start_column: 0}, severity: "high", pattern_id: "python-sql-injection-concat", pattern_name: "SQL Injection via String Concatenation", recommendation: "Review this code for potential security issues", confidence: 0.85, pattern_type: :sql_injection}
End-to-End Analysis Result: [
  %RsolvApi.AST.AnalysisService.Finding{
    patternId: "python-sql-injection-concat",
    patternName: "SQL Injection via String Concatenation",
    type: "python-sql-injection-concat",
    severity: "high",
    location: %{endColumn: 0, endLine: 1, startColumn: 0, startLine: 1},
    encryptedSnippet: nil,
    confidence: 0.7331249999999999,
    context: %{
      framework: nil,
      hasValidation: false,
      inTestFile: false,
      nodeType: "BinOp",
      parentNodeType: "Assign",
      usesOrm: false,
      usesSecurePattern: false
    },
    recommendation: "Review this code for potential security issues",
    references: %{}
  }
]
...................................18:48:48.537 [debug] Parser response received
18:48:48.538 [info] AnalysisService: Loaded 30 patterns for javascript
18:48:48.541 [info] AnalysisService: Found 18 matches
18:48:48.542 [debug] Match confidence: 0.7331249999999999, min_confidence: 0.7, match: %{type: "js-sql-injection-concat", context: %{node_type: "BinaryExpression", depth: 6, parent_type: "VariableDeclarator", in_function: "handleRequest"}, location: %{depth: 6, end_column: 61, end_line: 3, start_line: 3, start_column: 16}, severity: "high", pattern_id: "js-sql-injection-concat", pattern_name: "SQL Injection via String Concatenation", recommendation: "Review this code for potential security issues", confidence: 0.85, pattern_type: :sql_injection}
18:48:48.543 [debug] Match confidence: 0.5145, min_confidence: 0.7, match: %{type: "js-xss-document-write", context: %{node_type: "CallExpression", depth: 5, parent_type: "ExpressionStatement", in_function: "handleRequest"}, location: %{depth: 5, end_column: 17, end_line: 4, start_line: 4, start_column: 2}, severity: "high", pattern_id: "js-xss-document-write", pattern_name: "Cross-Site Scripting (XSS) via document.write", recommendation: "Review this code for potential security issues", confidence: 0.85, pattern_type: :xss}
18:48:48.544 [debug] Match confidence: 0.5145, min_confidence: 0.7, match: %{type: "js-xss-jquery-html", context: %{node_type: "CallExpression", depth: 5, parent_type: "ExpressionStatement", in_function: "handleRequest"}, location: %{depth: 5, end_column: 17, end_line: 4, start_line: 4, start_column: 2}, severity: "high", pattern_id: "js-xss-jquery-html", pattern_name: "XSS via jQuery html()", recommendation: "Review this code for potential security issues", confidence: 0.85, pattern_type: :xss}
18:48:48.544 [debug] Match confidence: 0.5005, min_confidence: 0.7, match: %{type: "js-path-traversal-join", context: %{node_type: "CallExpression", depth: 5, parent_type: "ExpressionStatement", in_function: "handleRequest"}, location: %{depth: 5, end_column: 17, end_line: 4, start_line: 4, start_column: 2}, severity: "medium", pattern_id: "js-path-traversal-join", pattern_name: "Path Traversal via path.join", recommendation: "Review this code for potential security issues", confidence: 0.7, pattern_type: :path_traversal}
18:48:48.545 [debug] Match confidence: 0.5005, min_confidence: 0.7, match: %{type: "js-path-traversal-concat", context: %{node_type: "BinaryExpression", depth: 6, parent_type: "VariableDeclarator", in_function: "handleRequest"}, location: %{depth: 6, end_column: 61, end_line: 3, start_line: 3, start_column: 16}, severity: "medium", pattern_id: "js-path-traversal-concat", pattern_name: "Path Traversal via String Concatenation", recommendation: "Review this code for potential security issues", confidence: 0.7, pattern_type: :path_traversal}
18:48:48.545 [debug] Match confidence: 0.5005, min_confidence: 0.7, match: %{type: "js-weak-crypto-md5", context: %{node_type: "CallExpression", depth: 5, parent_type: "ExpressionStatement", in_function: "handleRequest"}, location: %{depth: 5, end_column: 17, end_line: 4, start_line: 4, start_column: 2}, severity: "medium", pattern_id: "js-weak-crypto-md5", pattern_name: "Weak Cryptography - MD5", recommendation: "Review this code for potential security issues", confidence: 0.7, pattern_type: :weak_crypto}
18:48:48.546 [debug] Match confidence: 0.5005, min_confidence: 0.7, match: %{type: "js-weak-crypto-sha1", context: %{node_type: "CallExpression", depth: 5, parent_type: "ExpressionStatement", in_function: "handleRequest"}, location: %{depth: 5, end_column: 17, end_line: 4, start_line: 4, start_column: 2}, severity: "medium", pattern_id: "js-weak-crypto-sha1", pattern_name: "Weak Cryptography - SHA1", recommendation: "Review this code for potential security issues", confidence: 0.7, pattern_type: :weak_crypto}
18:48:48.547 [debug] Match confidence: 0.616, min_confidence: 0.7, match: %{type: "js-hardcoded-secret-password", context: %{node_type: "VariableDeclarator", depth: 5, parent_type: "VariableDeclaration", in_function: "handleRequest"}, location: %{depth: 5, end_column: 61, end_line: 3, start_line: 3, start_column: 8}, severity: "high", pattern_id: "js-hardcoded-secret-password", pattern_name: "Hardcoded Password", recommendation: "Review this code for potential security issues", confidence: 0.9, pattern_type: :hardcoded_secret}
18:48:48.548 [debug] Match confidence: 0.616, min_confidence: 0.7, match: %{type: "js-hardcoded-secret-api-key", context: %{node_type: "VariableDeclarator", depth: 5, parent_type: "VariableDeclaration", in_function: "handleRequest"}, location: %{depth: 5, end_column: 61, end_line: 3, start_line: 3, start_column: 8}, severity: "high", pattern_id: "js-hardcoded-secret-api-key", pattern_name: "Hardcoded API Key", recommendation: "Review this code for potential security issues", confidence: 0.9, pattern_type: :hardcoded_secret}
18:48:48.549 [debug] Match confidence: 0.5005, min_confidence: 0.7, match: %{type: "js-open-redirect", context: %{node_type: "CallExpression", depth: 5, parent_type: "ExpressionStatement", in_function: "handleRequest"}, location: %{depth: 5, end_column: 17, end_line: 4, start_line: 4, start_column: 2}, severity: "medium", pattern_id: "js-open-redirect", pattern_name: "Open Redirect Vulnerability", recommendation: "Review this code for potential security issues", confidence: 0.7, pattern_type: :open_redirect}
18:48:48.550 [debug] Match confidence: 0.5005, min_confidence: 0.7, match: %{type: "js-insecure-random", context: %{node_type: "CallExpression", depth: 5, parent_type: "ExpressionStatement", in_function: "handleRequest"}, location: %{depth: 5, end_column: 17, end_line: 4, start_line: 4, start_column: 2}, severity: "medium", pattern_id: "js-insecure-random", pattern_name: "Insecure Random Number Generation", recommendation: "Review this code for potential security issues", confidence: 0.7, pattern_type: :insecure_random}
18:48:48.551 [debug] Match confidence: 0.38675, min_confidence: 0.7, match: %{type: "js-nosql-injection", context: %{node_type: "CallExpression", depth: 5, parent_type: "ExpressionStatement", in_function: "handleRequest"}, location: %{depth: 5, end_column: 17, end_line: 4, start_line: 4, start_column: 2}, severity: "high", pattern_id: "js-nosql-injection", pattern_name: "NoSQL Injection", recommendation: "Review this code for potential security issues", confidence: 0.85, pattern_type: :nosql_injection}
18:48:48.552 [debug] Match confidence: 0.38675, min_confidence: 0.7, match: %{type: "js-ldap-injection", context: %{node_type: "CallExpression", depth: 5, parent_type: "ExpressionStatement", in_function: "handleRequest"}, location: %{depth: 5, end_column: 17, end_line: 4, start_line: 4, start_column: 2}, severity: "high", pattern_id: "js-ldap-injection", pattern_name: "LDAP Injection", recommendation: "Review this code for potential security issues", confidence: 0.85, pattern_type: :ldap_injection}
18:48:48.552 [debug] Match confidence: 0.38675, min_confidence: 0.7, match: %{type: "js-xpath-injection", context: %{node_type: "CallExpression", depth: 5, parent_type: "ExpressionStatement", in_function: "handleRequest"}, location: %{depth: 5, end_column: 17, end_line: 4, start_line: 4, start_column: 2}, severity: "high", pattern_id: "js-xpath-injection", pattern_name: "XPath Injection", recommendation: "Review this code for potential security issues", confidence: 0.85, pattern_type: :xpath_injection}
.18:48:48.552 [debug] Match confidence: 0.5005, min_confidence: 0.7, match: %{type: "js-ssrf", context: %{node_type: "CallExpression", depth: 5, parent_type: "ExpressionStatement", in_function: "handleRequest"}, location: %{depth: 5, end_column: 17, end_line: 4, start_line: 4, start_column: 2}, severity: "medium", pattern_id: "js-ssrf", pattern_name: "Server-Side Request Forgery (SSRF)", recommendation: "Review this code for potential security issues", confidence: 0.7, pattern_type: :ssrf}
18:48:48.552 [debug] Match confidence: 0.5005, min_confidence: 0.7, match: %{type: "js-insecure-deserialization", context: %{node_type: "CallExpression", depth: 5, parent_type: "ExpressionStatement", in_function: "handleRequest"}, location: %{depth: 5, end_column: 17, end_line: 4, start_line: 4, start_column: 2}, severity: "medium", pattern_id: "js-insecure-deserialization", pattern_name: "Insecure Deserialization", recommendation: "Review this code for potential security issues", confidence: 0.7, pattern_type: :deserialization}
18:48:48.552 [debug] Match confidence: 0.5005, min_confidence: 0.7, match: %{type: "js-jwt-none-algorithm", context: %{node_type: "CallExpression", depth: 5, parent_type: "ExpressionStatement", in_function: "handleRequest"}, location: %{depth: 5, end_column: 17, end_line: 4, start_line: 4, start_column: 2}, severity: "medium", pattern_id: "js-jwt-none-algorithm", pattern_name: "JWT None Algorithm Vulnerability", recommendation: "Review this code for potential security issues", confidence: 0.7, pattern_type: :authentication}
18:48:48.552 [debug] Match confidence: 0.5005, min_confidence: 0.7, match: %{type: "js-debug-console-log", context: %{node_type: "CallExpression", depth: 5, parent_type: "ExpressionStatement", in_function: "handleRequest"}, location: %{depth: 5, end_column: 17, end_line: 4, start_line: 4, start_column: 2}, severity: "medium", pattern_id: "js-debug-console-log", pattern_name: "Sensitive Data in Console Logs", recommendation: "Review this code for potential security issues", confidence: 0.7, pattern_type: :information_disclosure}
18:48:48.728 [debug] Parser response received
18:48:48.728 [info] AnalysisService: Loaded 30 patterns for javascript
18:48:48.731 [info] AnalysisService: Found 18 matches
18:48:48.731 [debug] Match confidence: 0.7331249999999999, min_confidence: 0.7, match: %{type: "js-sql-injection-concat", context: %{node_type: "BinaryExpression", depth: 6, parent_type: "VariableDeclarator", in_function: "getUserData"}, location: %{depth: 6, end_column: 58, end_line: 3, start_line: 3, start_column: 16}, severity: "high", pattern_id: "js-sql-injection-concat", pattern_name: "SQL Injection via String Concatenation", recommendation: "Review this code for potential security issues", confidence: 0.85, pattern_type: :sql_injection}
18:48:48.731 [debug] Match confidence: 0.5145, min_confidence: 0.7, match: %{type: "js-xss-document-write", context: %{node_type: "CallExpression", depth: 5, parent_type: "ReturnStatement", in_function: "getUserData"}, location: %{depth: 5, end_column: 24, end_line: 4, start_line: 4, start_column: 9}, severity: "high", pattern_id: "js-xss-document-write", pattern_name: "Cross-Site Scripting (XSS) via document.write", recommendation: "Review this code for potential security issues", confidence: 0.85, pattern_type: :xss}
18:48:48.731 [debug] Match confidence: 0.5145, min_confidence: 0.7, match: %{type: "js-xss-jquery-html", context: %{node_type: "CallExpression", depth: 5, parent_type: "ReturnStatement", in_function: "getUserData"}, location: %{depth: 5, end_column: 24, end_line: 4, start_line: 4, start_column: 9}, severity: "high", pattern_id: "js-xss-jquery-html", pattern_name: "XSS via jQuery html()", recommendation: "Review this code for potential security issues", confidence: 0.85, pattern_type: :xss}
18:48:48.732 [debug] Match confidence: 0.5005, min_confidence: 0.7, match: %{type: "js-path-traversal-join", context: %{node_type: "CallExpression", depth: 5, parent_type: "ReturnStatement", in_function: "getUserData"}, location: %{depth: 5, end_column: 24, end_line: 4, start_line: 4, start_column: 9}, severity: "medium", pattern_id: "js-path-traversal-join", pattern_name: "Path Traversal via path.join", recommendation: "Review this code for potential security issues", confidence: 0.7, pattern_type: :path_traversal}
18:48:48.732 [debug] Match confidence: 0.5005, min_confidence: 0.7, match: %{type: "js-path-traversal-concat", context: %{node_type: "BinaryExpression", depth: 6, parent_type: "VariableDeclarator", in_function: "getUserData"}, location: %{depth: 6, end_column: 58, end_line: 3, start_line: 3, start_column: 16}, severity: "medium", pattern_id: "js-path-traversal-concat", pattern_name: "Path Traversal via String Concatenation", recommendation: "Review this code for potential security issues", confidence: 0.7, pattern_type: :path_traversal}
18:48:48.732 [debug] Match confidence: 0.5005, min_confidence: 0.7, match: %{type: "js-weak-crypto-md5", context: %{node_type: "CallExpression", depth: 5, parent_type: "ReturnStatement", in_function: "getUserData"}, location: %{depth: 5, end_column: 24, end_line: 4, start_line: 4, start_column: 9}, severity: "medium", pattern_id: "js-weak-crypto-md5", pattern_name: "Weak Cryptography - MD5", recommendation: "Review this code for potential security issues", confidence: 0.7, pattern_type: :weak_crypto}
18:48:48.732 [debug] Match confidence: 0.5005, min_confidence: 0.7, match: %{type: "js-weak-crypto-sha1", context: %{node_type: "CallExpression", depth: 5, parent_type: "ReturnStatement", in_function: "getUserData"}, location: %{depth: 5, end_column: 24, end_line: 4, start_line: 4, start_column: 9}, severity: "medium", pattern_id: "js-weak-crypto-sha1", pattern_name: "Weak Cryptography - SHA1", recommendation: "Review this code for potential security issues", confidence: 0.7, pattern_type: :weak_crypto}
18:48:48.732 [debug] Match confidence: 0.616, min_confidence: 0.7, match: %{type: "js-hardcoded-secret-password", context: %{node_type: "VariableDeclarator", depth: 5, parent_type: "VariableDeclaration", in_function: "getUserData"}, location: %{depth: 5, end_column: 58, end_line: 3, start_line: 3, start_column: 8}, severity: "high", pattern_id: "js-hardcoded-secret-password", pattern_name: "Hardcoded Password", recommendation: "Review this code for potential security issues", confidence: 0.9, pattern_type: :hardcoded_secret}
18:48:48.732 [debug] Match confidence: 0.616, min_confidence: 0.7, match: %{type: "js-hardcoded-secret-api-key", context: %{node_type: "VariableDeclarator", depth: 5, parent_type: "VariableDeclaration", in_function: "getUserData"}, location: %{depth: 5, end_column: 58, end_line: 3, start_line: 3, start_column: 8}, severity: "high", pattern_id: "js-hardcoded-secret-api-key", pattern_name: "Hardcoded API Key", recommendation: "Review this code for potential security issues", confidence: 0.9, pattern_type: :hardcoded_secret}
18:48:48.735 [debug] Match confidence: 0.5005, min_confidence: 0.7, match: %{type: "js-open-redirect", context: %{node_type: "CallExpression", depth: 5, parent_type: "ReturnStatement", in_function: "getUserData"}, location: %{depth: 5, end_column: 24, end_line: 4, start_line: 4, start_column: 9}, severity: "medium", pattern_id: "js-open-redirect", pattern_name: "Open Redirect Vulnerability", recommendation: "Review this code for potential security issues", confidence: 0.7, pattern_type: :open_redirect}
18:48:48.735 [debug] Match confidence: 0.5005, min_confidence: 0.7, match: %{type: "js-insecure-random", context: %{node_type: "CallExpression", depth: 5, parent_type: "ReturnStatement", in_function: "getUserData"}, location: %{depth: 5, end_column: 24, end_line: 4, start_line: 4, start_column: 9}, severity: "medium", pattern_id: "js-insecure-random", pattern_name: "Insecure Random Number Generation", recommendation: "Review this code for potential security issues", confidence: 0.7, pattern_type: :insecure_random}
18:48:48.735 [debug] Match confidence: 0.38675, min_confidence: 0.7, match: %{type: "js-nosql-injection", context: %{node_type: "CallExpression", depth: 5, parent_type: "ReturnStatement", in_function: "getUserData"}, location: %{depth: 5, end_column: 24, end_line: 4, start_line: 4, start_column: 9}, severity: "high", pattern_id: "js-nosql-injection", pattern_name: "NoSQL Injection", recommendation: "Review this code for potential security issues", confidence: 0.85, pattern_type: :nosql_injection}
18:48:48.735 [debug] Match confidence: 0.38675, min_confidence: 0.7, match: %{type: "js-ldap-injection", context: %{node_type: "CallExpression", depth: 5, parent_type: "ReturnStatement", in_function: "getUserData"}, location: %{depth: 5, end_column: 24, end_line: 4, start_line: 4, start_column: 9}, severity: "high", pattern_id: "js-ldap-injection", pattern_name: "LDAP Injection", recommendation: "Review this code for potential security issues", confidence: 0.85, pattern_type: :ldap_injection}
18:48:48.735 [debug] Match confidence: 0.38675, min_confidence: 0.7, match: %{type: "js-xpath-injection", context: %{node_type: "CallExpression", depth: 5, parent_type: "ReturnStatement", in_function: "getUserData"}, location: %{depth: 5, end_column: 24, end_line: 4, start_line: 4, start_column: 9}, severity: "high", pattern_id: "js-xpath-injection", pattern_name: "XPath Injection", recommendation: "Review this code for potential security issues", confidence: 0.85, pattern_type: :xpath_injection}
18:48:48.735 [debug] Match confidence: 0.5005, min_confidence: 0.7, match: %{type: "js-ssrf", context: %{node_type: "CallExpression", depth: 5, parent_type: "ReturnStatement", in_function: "getUserData"}, location: %{depth: 5, end_column: 24, end_line: 4, start_line: 4, start_column: 9}, severity: "medium", pattern_id: "js-ssrf", pattern_name: "Server-Side Request Forgery (SSRF)", recommendation: "Review this code for potential security issues", confidence: 0.7, pattern_type: :ssrf}
18:48:48.735 [debug] Match confidence: 0.5005, min_confidence: 0.7, match: %{type: "js-insecure-deserialization", context: %{node_type: "CallExpression", depth: 5, parent_type: "ReturnStatement", in_function: "getUserData"}, location: %{depth: 5, end_column: 24, end_line: 4, start_line: 4, start_column: 9}, severity: "medium", pattern_id: "js-insecure-deserialization", pattern_name: "Insecure Deserialization", recommendation: "Review this code for potential security issues", confidence: 0.7, pattern_type: :deserialization}
18:48:48.735 [debug] Match confidence: 0.5005, min_confidence: 0.7, match: %{type: "js-jwt-none-algorithm", context: %{node_type: "CallExpression", depth: 5, parent_type: "ReturnStatement", in_function: "getUserData"}, location: %{depth: 5, end_column: 24, end_line: 4, start_line: 4, start_column: 9}, severity: "medium", pattern_id: "js-jwt-none-algorithm", pattern_name: "JWT None Algorithm Vulnerability", recommendation: "Review this code for potential security issues", confidence: 0.7, pattern_type: :authentication}
18:48:48.735 [debug] Match confidence: 0.5005, min_confidence: 0.7, match: %{type: "js-debug-console-log", context: %{node_type: "CallExpression", depth: 5, parent_type: "ReturnStatement", in_function: "getUserData"}, location: %{depth: 5, end_column: 24, end_line: 4, start_line: 4, start_column: 9}, severity: "medium", pattern_id: "js-debug-console-log", pattern_name: "Sensitive Data in Console Logs", recommendation: "Review this code for potential security issues", confidence: 0.7, pattern_type: :information_disclosure}
.18:48:48.840 [debug] Parser response received
.18:48:48.840 [info] AnalysisService: Loaded 12 patterns for python
18:48:48.841 [info] AnalysisService: Found 5 matches
18:48:48.841 [debug] Match confidence: 0.7819999999999999, min_confidence: 0.7, match: %{type: "python-command-injection-os-system", context: %{node_type: "Call", depth: 3, parent_type: "Expr", in_function: "run_command"}, location: %{depth: 3, end_column: 0, end_line: 1, start_line: 1, start_column: 0}, severity: "high", pattern_id: "python-command-injection-os-system", pattern_name: "Command Injection via os.system", recommendation: "Review this code for potential security issues", confidence: 0.85, pattern_type: :command_injection}
18:48:48.841 [debug] Match confidence: 0.7819999999999999, min_confidence: 0.7, match: %{type: "python-command-injection-subprocess-shell", context: %{node_type: "Call", depth: 3, parent_type: "Expr", in_function: "run_command"}, location: %{depth: 3, end_column: 0, end_line: 1, start_line: 1, start_column: 0}, severity: "high", pattern_id: "python-command-injection-subprocess-shell", pattern_name: "Command Injection via subprocess with shell=True", recommendation: "Review this code for potential security issues", confidence: 0.85, pattern_type: :command_injection}
18:48:48.841 [debug] Match confidence: 0.5005, min_confidence: 0.7, match: %{type: "python-unsafe-pickle", context: %{node_type: "Call", depth: 3, parent_type: "Expr", in_function: "run_command"}, location: %{depth: 3, end_column: 0, end_line: 1, start_line: 1, start_column: 0}, severity: "medium", pattern_id: "python-unsafe-pickle", pattern_name: "Insecure Deserialization via pickle", recommendation: "Review this code for potential security issues", confidence: 0.7, pattern_type: :deserialization}
18:48:48.841 [debug] Match confidence: 0.8308749999999999, min_confidence: 0.7, match: %{type: "python-unsafe-eval", context: %{node_type: "Call", depth: 3, parent_type: "Expr", in_function: "run_command"}, location: %{depth: 3, end_column: 0, end_line: 1, start_line: 1, start_column: 0}, severity: "critical", pattern_id: "python-unsafe-eval", pattern_name: "Code Injection via eval()", recommendation: "Review this code for potential security issues", confidence: 0.95, pattern_type: :rce}
18:48:48.841 [debug] Match confidence: 0.5005, min_confidence: 0.7, match: %{type: "python-path-traversal-open", context: %{node_type: "Call", depth: 3, parent_type: "Expr", in_function: "run_command"}, location: %{depth: 3, end_column: 0, end_line: 1, start_line: 1, start_column: 0}, severity: "medium", pattern_id: "python-path-traversal-open", pattern_name: "Path Traversal via open()", recommendation: "Review this code for potential security issues", confidence: 0.7, pattern_type: :path_traversal}
18:48:48.955 [debug] Parser response received
18:48:49.057 [debug] Parser response received
..18:48:49.280 [debug] Parser response received
18:48:49.280 [info] AnalysisService: Loaded 30 patterns for javascript
18:48:49.282 [info] AnalysisService: Found 1 matches
.18:48:49.285 [debug] Match confidence: 0.5005, min_confidence: 0.7, match: %{type: "js-path-traversal-concat", context: %{node_type: "BinaryExpression", depth: 5, parent_type: "ReturnStatement", in_function: "add"}, location: %{depth: 5, end_column: 14, end_line: 2, start_line: 2, start_column: 9}, severity: "medium", pattern_id: "js-path-traversal-concat", pattern_name: "Path Traversal via String Concatenation", recommendation: "Review this code for potential security issues", confidence: 0.7, pattern_type: :path_traversal}
18:48:49.452 [debug] Parser response received
.18:48:49.452 [info] AnalysisService: Loaded 30 patterns for javascript
.18:48:49.453 [info] AnalysisService: Found 2 matches
18:48:49.453 [debug] Match confidence: 0.616, min_confidence: 0.7, match: %{type: "js-hardcoded-secret-password", context: %{node_type: "VariableDeclarator", depth: 3, parent_type: "VariableDeclaration"}, location: %{depth: 3, end_column: 11, end_line: 1, start_line: 1, start_column: 6}, severity: "high", pattern_id: "js-hardcoded-secret-password", pattern_name: "Hardcoded Password", recommendation: "Review this code for potential security issues", confidence: 0.9, pattern_type: :hardcoded_secret}
18:48:49.453 [debug] Match confidence: 0.616, min_confidence: 0.7, match: %{type: "js-hardcoded-secret-api-key", context: %{node_type: "VariableDeclarator", depth: 3, parent_type: "VariableDeclaration"}, location: %{depth: 3, end_column: 11, end_line: 1, start_line: 1, start_column: 6}, severity: "high", pattern_id: "js-hardcoded-secret-api-key", pattern_name: "Hardcoded API Key", recommendation: "Review this code for potential security issues", confidence: 0.9, pattern_type: :hardcoded_secret}
18:48:49.453 [info] AnalysisService: Loaded 30 patterns for javascript
18:48:49.454 [info] AnalysisService: Found 2 matches
18:48:49.454 [debug] Match confidence: 0.616, min_confidence: 0.7, match: %{type: "js-hardcoded-secret-password", context: %{node_type: "VariableDeclarator", depth: 3, parent_type: "VariableDeclaration"}, location: %{depth: 3, end_column: 11, end_line: 1, start_line: 1, start_column: 6}, severity: "high", pattern_id: "js-hardcoded-secret-password", pattern_name: "Hardcoded Password", recommendation: "Review this code for potential security issues", confidence: 0.9, pattern_type: :hardcoded_secret}
18:48:49.454 [debug] Match confidence: 0.616, min_confidence: 0.7, match: %{type: "js-hardcoded-secret-api-key", context: %{node_type: "VariableDeclarator", depth: 3, parent_type: "VariableDeclaration"}, location: %{depth: 3, end_column: 11, end_line: 1, start_line: 1, start_column: 6}, severity: "high", pattern_id: "js-hardcoded-secret-api-key", pattern_name: "Hardcoded API Key", recommendation: "Review this code for potential security issues", confidence: 0.9, pattern_type: :hardcoded_secret}
18:48:49.639 [debug] Parser response received
18:48:49.763 [debug] Parser response received
.18:48:49.897 [debug] Parser response received
.18:48:49.898 [info] AnalysisService: Loaded 30 patterns for javascript
18:48:49.899 [info] AnalysisService: Found 2 matches
18:48:49.899 [debug] Match confidence: 0.1848, min_confidence: 0.7, match: %{type: "js-hardcoded-secret-password", context: %{node_type: "VariableDeclarator", depth: 3, parent_type: "VariableDeclaration"}, location: %{depth: 3, end_column: 11, end_line: 1, start_line: 1, start_column: 6}, severity: "high", pattern_id: "js-hardcoded-secret-password", pattern_name: "Hardcoded Password", recommendation: "Review this code for potential security issues", confidence: 0.9, pattern_type: :hardcoded_secret}
18:48:49.899 [debug] Match confidence: 0.1848, min_confidence: 0.7, match: %{type: "js-hardcoded-secret-api-key", context: %{node_type: "VariableDeclarator", depth: 3, parent_type: "VariableDeclaration"}, location: %{depth: 3, end_column: 11, end_line: 1, start_line: 1, start_column: 6}, severity: "high", pattern_id: "js-hardcoded-secret-api-key", pattern_name: "Hardcoded API Key", recommendation: "Review this code for potential security issues", confidence: 0.9, pattern_type: :hardcoded_secret}
18:48:50.015 [debug] Parser response received
18:48:50.016 [info] AnalysisService: Loaded 30 patterns for javascript
18:48:50.018 [info] AnalysisService: Found 14 matches
18:48:50.018 [debug] Match confidence: 0.5145, min_confidence: 0.7, match: %{type: "js-xss-document-write", context: %{node_type: "CallExpression", depth: 5, parent_type: "ReturnStatement", in_function: "getUserData"}, location: %{depth: 5, end_column: 63, end_line: 3, start_line: 3, start_column: 9}, severity: "high", pattern_id: "js-xss-document-write", pattern_name: "Cross-Site Scripting (XSS) via document.write", recommendation: "Review this code for potential security issues", confidence: 0.85, pattern_type: :xss}
18:48:50.018 [debug] Match confidence: 0.5145, min_confidence: 0.7, match: %{type: "js-xss-jquery-html", context: %{node_type: "CallExpression", depth: 5, parent_type: "ReturnStatement", in_function: "getUserData"}, location: %{depth: 5, end_column: 63, end_line: 3, start_line: 3, start_column: 9}, severity: "high", pattern_id: "js-xss-jquery-html", pattern_name: "XSS via jQuery html()", recommendation: "Review this code for potential security issues", confidence: 0.85, pattern_type: :xss}
18:48:50.018 [debug] Match confidence: 0.5005, min_confidence: 0.7, match: %{type: "js-path-traversal-join", context: %{node_type: "CallExpression", depth: 5, parent_type: "ReturnStatement", in_function: "getUserData"}, location: %{depth: 5, end_column: 63, end_line: 3, start_line: 3, start_column: 9}, severity: "medium", pattern_id: "js-path-traversal-join", pattern_name: "Path Traversal via path.join", recommendation: "Review this code for potential security issues", confidence: 0.7, pattern_type: :path_traversal}
18:48:50.018 [debug] Match confidence: 0.5005, min_confidence: 0.7, match: %{type: "js-weak-crypto-md5", context: %{node_type: "CallExpression", depth: 5, parent_type: "ReturnStatement", in_function: "getUserData"}, location: %{depth: 5, end_column: 63, end_line: 3, start_line: 3, start_column: 9}, severity: "medium", pattern_id: "js-weak-crypto-md5", pattern_name: "Weak Cryptography - MD5", recommendation: "Review this code for potential security issues", confidence: 0.7, pattern_type: :weak_crypto}
18:48:50.018 [debug] Match confidence: 0.5005, min_confidence: 0.7, match: %{type: "js-weak-crypto-sha1", context: %{node_type: "CallExpression", depth: 5, parent_type: "ReturnStatement", in_function: "getUserData"}, location: %{depth: 5, end_column: 63, end_line: 3, start_line: 3, start_column: 9}, severity: "medium", pattern_id: "js-weak-crypto-sha1", pattern_name: "Weak Cryptography - SHA1", recommendation: "Review this code for potential security issues", confidence: 0.7, pattern_type: :weak_crypto}
18:48:50.018 [debug] Match confidence: 0.5005, min_confidence: 0.7, match: %{type: "js-open-redirect", context: %{node_type: "CallExpression", depth: 5, parent_type: "ReturnStatement", in_function: "getUserData"}, location: %{depth: 5, end_column: 63, end_line: 3, start_line: 3, start_column: 9}, severity: "medium", pattern_id: "js-open-redirect", pattern_name: "Open Redirect Vulnerability", recommendation: "Review this code for potential security issues", confidence: 0.7, pattern_type: :open_redirect}
.18:48:50.018 [debug] Match confidence: 0.5005, min_confidence: 0.7, match: %{type: "js-insecure-random", context: %{node_type: "CallExpression", depth: 5, parent_type: "ReturnStatement", in_function: "getUserData"}, location: %{depth: 5, end_column: 63, end_line: 3, start_line: 3, start_column: 9}, severity: "medium", pattern_id: "js-insecure-random", pattern_name: "Insecure Random Number Generation", recommendation: "Review this code for potential security issues", confidence: 0.7, pattern_type: :insecure_random}
.18:48:50.018 [debug] Match confidence: 0.38675, min_confidence: 0.7, match: %{type: "js-nosql-injection", context: %{node_type: "CallExpression", depth: 5, parent_type: "ReturnStatement", in_function: "getUserData"}, location: %{depth: 5, end_column: 63, end_line: 3, start_line: 3, start_column: 9}, severity: "high", pattern_id: "js-nosql-injection", pattern_name: "NoSQL Injection", recommendation: "Review this code for potential security issues", confidence: 0.85, pattern_type: :nosql_injection}
.18:48:50.018 [debug] Match confidence: 0.38675, min_confidence: 0.7, match: %{type: "js-ldap-injection", context: %{node_type: "CallExpression", depth: 5, parent_type: "ReturnStatement", in_function: "getUserData"}, location: %{depth: 5, end_column: 63, end_line: 3, start_line: 3, start_column: 9}, severity: "high", pattern_id: "js-ldap-injection", pattern_name: "LDAP Injection", recommendation: "Review this code for potential security issues", confidence: 0.85, pattern_type: :ldap_injection}
.18:48:50.018 [debug] Match confidence: 0.38675, min_confidence: 0.7, match: %{type: "js-xpath-injection", context: %{node_type: "CallExpression", depth: 5, parent_type: "ReturnStatement", in_function: "getUserData"}, location: %{depth: 5, end_column: 63, end_line: 3, start_line: 3, start_column: 9}, severity: "high", pattern_id: "js-xpath-injection", pattern_name: "XPath Injection", recommendation: "Review this code for potential security issues", confidence: 0.85, pattern_type: :xpath_injection}
.18:48:50.020 [debug] Match confidence: 0.5005, min_confidence: 0.7, match: %{type: "js-ssrf", context: %{node_type: "CallExpression", depth: 5, parent_type: "ReturnStatement", in_function: "getUserData"}, location: %{depth: 5, end_column: 63, end_line: 3, start_line: 3, start_column: 9}, severity: "medium", pattern_id: "js-ssrf", pattern_name: "Server-Side Request Forgery (SSRF)", recommendation: "Review this code for potential security issues", confidence: 0.7, pattern_type: :ssrf}
.18:48:50.020 [debug] Match confidence: 0.5005, min_confidence: 0.7, match: %{type: "js-insecure-deserialization", context: %{node_type: "CallExpression", depth: 5, parent_type: "ReturnStatement", in_function: "getUserData"}, location: %{depth: 5, end_column: 63, end_line: 3, start_line: 3, start_column: 9}, severity: "medium", pattern_id: "js-insecure-deserialization", pattern_name: "Insecure Deserialization", recommendation: "Review this code for potential security issues", confidence: 0.7, pattern_type: :deserialization}
.18:48:50.020 [debug] Match confidence: 0.5005, min_confidence: 0.7, match: %{type: "js-jwt-none-algorithm", context: %{node_type: "CallExpression", depth: 5, parent_type: "ReturnStatement", in_function: "getUserData"}, location: %{depth: 5, end_column: 63, end_line: 3, start_line: 3, start_column: 9}, severity: "medium", pattern_id: "js-jwt-none-algorithm", pattern_name: "JWT None Algorithm Vulnerability", recommendation: "Review this code for potential security issues", confidence: 0.7, pattern_type: :authentication}
.18:48:50.020 [debug] Match confidence: 0.5005, min_confidence: 0.7, match: %{type: "js-debug-console-log", context: %{node_type: "CallExpression", depth: 5, parent_type: "ReturnStatement", in_function: "getUserData"}, location: %{depth: 5, end_column: 63, end_line: 3, start_line: 3, start_column: 9}, severity: "medium", pattern_id: "js-debug-console-log", pattern_name: "Sensitive Data in Console Logs", recommendation: "Review this code for potential security issues", confidence: 0.7, pattern_type: :information_disclosure}
.18:48:50.021 request_id=GE6XXNKv1PbNoPoAAHUB [info] POST /api/v1/fix-attempts
.18:48:50.021 request_id=GE6XXNKv1PbNoPoAAHUB [debug] Processing with RSOLVWeb.FixAttemptController.create/2
  Parameters: %{"api_key_used" => "rsolv_test_key_123", "github_org" => "test-org", "issue_number" => 123, "issue_title" => "Security vulnerability in login", "issue_url" => "https://github.com/test-org/test-repo/issues/123", "metadata" => %{"branch" => "rsolv/123-fix-auth", "created_by" => "rsolv-action", "labels" => ["rsolv:automated", "security"]}, "pr_number" => 456, "pr_title" => "[RSOLV] Fix authentication vulnerability", "pr_url" => "https://github.com/test-org/test-repo/pull/456", "repo_name" => "test-repo"}
  Pipelines: [:api]
..........18:48:50.029 request_id=GE6XXNKv1PbNoPoAAHUB [info] Recording fix attempt for PR 456 from test-org/test-repo
18:48:50.033 request_id=GE6XXNKv1PbNoPoAAHUB [debug] QUERY OK source="fix_attempts" db=4.2ms
SELECT f0."id", f0."github_org", f0."repo_name", f0."issue_number", f0."pr_number", f0."status", f0."merged_at", f0."billing_status", f0."requires_manual_approval", f0."approved_by", f0."approved_at", f0."approval_notes", f0."platform", f0."customer_id", f0."api_key_used", f0."pr_title", f0."pr_url", f0."issue_title", f0."issue_url", f0."commit_sha", f0."merged_by", f0."metadata", f0."amount", f0."currency", f0."billed_at", f0."refunded_at", f0."inserted_at", f0."updated_at" FROM "fix_attempts" AS f0 WHERE (((f0."github_org" = $1) AND (f0."repo_name" = $2)) AND (f0."pr_number" = $3)) ["test-org", "test-repo", 456]
18:48:50.034 request_id=GE6XXNKv1PbNoPoAAHUB [debug] QUERY OK source="fix_attempts" db=0.2ms queue=0.5ms
INSERT INTO "fix_attempts" ("status","metadata","currency","repo_name","github_org","issue_number","pr_number","api_key_used","billing_status","issue_title","issue_url","platform","pr_title","pr_url","requires_manual_approval","inserted_at","updated_at") VALUES ($1,$2,$3,$4,$5,$6,$7,$8,$9,$10,$11,$12,$13,$14,$15,$16,$17) RETURNING "id" ["pending", %{"branch" => "rsolv/123-fix-auth", "created_by" => "rsolv-action", "labels" => ["rsolv:automated", "security"]}, "USD", "test-repo", "test-org", 123, 456, "rsolv_test_key_123", "not_billed", "Security vulnerability in login", "https://github.com/test-org/test-repo/issues/123", "github", "[RSOLV] Fix authentication vulnerability", "https://github.com/test-org/test-repo/pull/456", true, ~N[2025-07-03 00:48:50], ~N[2025-07-03 00:48:50]]
18:48:50.034 request_id=GE6XXNKv1PbNoPoAAHUB [info] Fix attempt recorded successfully: 1380
18:48:50.034 request_id=GE6XXNKv1PbNoPoAAHUB [info] Sent 201 in 13ms
18:48:50.035 request_id=GE6XXNKv1PbNoPoAAHUB [debug] QUERY OK source="fix_attempts" db=0.1ms queue=0.3ms
SELECT f0."id", f0."github_org", f0."repo_name", f0."issue_number", f0."pr_number", f0."status", f0."merged_at", f0."billing_status", f0."requires_manual_approval", f0."approved_by", f0."approved_at", f0."approval_notes", f0."platform", f0."customer_id", f0."api_key_used", f0."pr_title", f0."pr_url", f0."issue_title", f0."issue_url", f0."commit_sha", f0."merged_by", f0."metadata", f0."amount", f0."currency", f0."billed_at", f0."refunded_at", f0."inserted_at", f0."updated_at" FROM "fix_attempts" AS f0 WHERE (f0."id" = $1) [1380]
.18:48:50.036 request_id=GE6XXNOS0MNi7vgAABMQ [info] POST /api/v1/fix-attempts
18:48:50.036 request_id=GE6XXNOS0MNi7vgAABMQ [debug] Processing with RSOLVWeb.FixAttemptController.create/2
  Parameters: %{"api_key_used" => "rsolv_test_key_123", "github_org" => "test-org", "metadata" => %{"branch" => "rsolv/perf-improvements", "created_by" => "rsolv-action", "labels" => ["rsolv:automated", "performance"]}, "pr_number" => 789, "pr_title" => "[RSOLV] Performance improvements", "pr_url" => "https://github.com/test-org/test-repo/pull/789", "repo_name" => "test-repo"}
  Pipelines: [:api]
18:48:50.036 request_id=GE6XXNOS0MNi7vgAABMQ [info] Recording fix attempt for PR 789 from test-org/test-repo
18:48:50.038 request_id=GE6XXNOS0MNi7vgAABMQ [debug] QUERY OK source="fix_attempts" db=2.3ms
SELECT f0."id", f0."github_org", f0."repo_name", f0."issue_number", f0."pr_number", f0."status", f0."merged_at", f0."billing_status", f0."requires_manual_approval", f0."approved_by", f0."approved_at", f0."approval_notes", f0."platform", f0."customer_id", f0."api_key_used", f0."pr_title", f0."pr_url", f0."issue_title", f0."issue_url", f0."commit_sha", f0."merged_by", f0."metadata", f0."amount", f0."currency", f0."billed_at", f0."refunded_at", f0."inserted_at", f0."updated_at" FROM "fix_attempts" AS f0 WHERE (((f0."github_org" = $1) AND (f0."repo_name" = $2)) AND (f0."pr_number" = $3)) ["test-org", "test-repo", 789]
18:48:50.039 request_id=GE6XXNOS0MNi7vgAABMQ [debug] QUERY OK source="fix_attempts" db=0.4ms queue=0.4ms
INSERT INTO "fix_attempts" ("status","metadata","currency","repo_name","github_org","pr_number","api_key_used","billing_status","platform","pr_title","pr_url","requires_manual_approval","inserted_at","updated_at") VALUES ($1,$2,$3,$4,$5,$6,$7,$8,$9,$10,$11,$12,$13,$14) RETURNING "id" ["pending", %{"branch" => "rsolv/perf-improvements", "created_by" => "rsolv-action", "labels" => ["rsolv:automated", "performance"]}, "USD", "test-repo", "test-org", 789, "rsolv_test_key_123", "not_billed", "github", "[RSOLV] Performance improvements", "https://github.com/test-org/test-repo/pull/789", true, ~N[2025-07-03 00:48:50], ~N[2025-07-03 00:48:50]]
18:48:50.039 request_id=GE6XXNOS0MNi7vgAABMQ [info] Fix attempt recorded successfully: 1381
18:48:50.039 request_id=GE6XXNOS0MNi7vgAABMQ [info] Sent 201 in 3ms
18:48:50.040 request_id=GE6XXNOS0MNi7vgAABMQ [debug] QUERY OK source="fix_attempts" db=0.8ms
SELECT f0."id", f0."github_org", f0."repo_name", f0."issue_number", f0."pr_number", f0."status", f0."merged_at", f0."billing_status", f0."requires_manual_approval", f0."approved_by", f0."approved_at", f0."approval_notes", f0."platform", f0."customer_id", f0."api_key_used", f0."pr_title", f0."pr_url", f0."issue_title", f0."issue_url", f0."commit_sha", f0."merged_by", f0."metadata", f0."amount", f0."currency", f0."billed_at", f0."refunded_at", f0."inserted_at", f0."updated_at" FROM "fix_attempts" AS f0 WHERE (f0."id" = $1) [1381]
.18:48:50.041 request_id=GE6XXNPfSUmTvHsAAFcF [info] POST /api/v1/fix-attempts
18:48:50.041 request_id=GE6XXNPfSUmTvHsAAFcF [debug] Processing with RSOLVWeb.FixAttemptController.create/2
  Parameters: %{"github_org" => "test-org"}
  Pipelines: [:api]
18:48:50.041 request_id=GE6XXNPfSUmTvHsAAFcF [info] Recording fix attempt for PR  from test-org/
18:48:50.041 request_id=GE6XXNPfSUmTvHsAAFcF [error] Failed to create fix attempt: [repo_name: {"can't be blank", [validation: :required]}, pr_number: {"can't be blank", [validation: :required]}]
18:48:50.041 request_id=GE6XXNPfSUmTvHsAAFcF [info] Sent 422 in 150µs
.18:48:50.042 request_id=GE6XXNP03Pn6_RkAAFeF [info] POST /api/v1/fix-attempts
18:48:50.042 request_id=GE6XXNP03Pn6_RkAAFeF [debug] Processing with RSOLVWeb.FixAttemptController.create/2
  Parameters: %{"github_org" => "test-org", "pr_number" => 456, "repo_name" => "test-repo", "status" => "pending"}
  Pipelines: [:api]
18:48:50.042 request_id=GE6XXNP03Pn6_RkAAFeF [info] Recording fix attempt for PR 456 from test-org/test-repo
18:48:50.044 request_id=GE6XXNP03Pn6_RkAAFeF [debug] QUERY OK source="fix_attempts" db=2.0ms
SELECT f0."id", f0."github_org", f0."repo_name", f0."issue_number", f0."pr_number", f0."status", f0."merged_at", f0."billing_status", f0."requires_manual_approval", f0."approved_by", f0."approved_at", f0."approval_notes", f0."platform", f0."customer_id", f0."api_key_used", f0."pr_title", f0."pr_url", f0."issue_title", f0."issue_url", f0."commit_sha", f0."merged_by", f0."metadata", f0."amount", f0."currency", f0."billed_at", f0."refunded_at", f0."inserted_at", f0."updated_at" FROM "fix_attempts" AS f0 WHERE (((f0."github_org" = $1) AND (f0."repo_name" = $2)) AND (f0."pr_number" = $3)) ["test-org", "test-repo", 456]
18:48:50.045 request_id=GE6XXNP03Pn6_RkAAFeF [debug] QUERY OK source="fix_attempts" db=0.2ms queue=0.1ms
INSERT INTO "fix_attempts" ("status","metadata","currency","repo_name","github_org","pr_number","billing_status","platform","requires_manual_approval","inserted_at","updated_at") VALUES ($1,$2,$3,$4,$5,$6,$7,$8,$9,$10,$11) RETURNING "id" ["pending", %{}, "USD", "test-repo", "test-org", 456, "not_billed", "github", true, ~N[2025-07-03 00:48:50], ~N[2025-07-03 00:48:50]]
18:48:50.045 request_id=GE6XXNP03Pn6_RkAAFeF [info] Fix attempt recorded successfully: 1382
18:48:50.045 request_id=GE6XXNP03Pn6_RkAAFeF [info] Sent 201 in 2ms
18:48:50.045 request_id=GE6XXNQgbgL6_RkAAE8E [info] POST /api/v1/fix-attempts
18:48:50.045 request_id=GE6XXNQgbgL6_RkAAE8E [debug] Processing with RSOLVWeb.FixAttemptController.create/2
  Parameters: %{"github_org" => "test-org", "pr_number" => 456, "repo_name" => "test-repo", "status" => "pending"}
  Pipelines: [:api]
18:48:50.045 request_id=GE6XXNQgbgL6_RkAAE8E [info] Recording fix attempt for PR 456 from test-org/test-repo
18:48:50.045 request_id=GE6XXNQgbgL6_RkAAE8E [debug] QUERY OK source="fix_attempts" db=0.1ms
SELECT f0."id", f0."github_org", f0."repo_name", f0."issue_number", f0."pr_number", f0."status", f0."merged_at", f0."billing_status", f0."requires_manual_approval", f0."approved_by", f0."approved_at", f0."approval_notes", f0."platform", f0."customer_id", f0."api_key_used", f0."pr_title", f0."pr_url", f0."issue_title", f0."issue_url", f0."commit_sha", f0."merged_by", f0."metadata", f0."amount", f0."currency", f0."billed_at", f0."refunded_at", f0."inserted_at", f0."updated_at" FROM "fix_attempts" AS f0 WHERE (((f0."github_org" = $1) AND (f0."repo_name" = $2)) AND (f0."pr_number" = $3)) ["test-org", "test-repo", 456]
18:48:50.045 request_id=GE6XXNQgbgL6_RkAAE8E [warning] Fix attempt already exists for PR 456
18:48:50.045 request_id=GE6XXNQgbgL6_RkAAE8E [info] Sent 409 in 333µs
..18:48:50.218 [debug] Parser response received
18:48:50.218 [info] AnalysisService: Loaded 30 patterns for javascript
18:48:50.222 [info] AnalysisService: Found 0 matches
18:48:50.346 [debug] Parser response received
18:48:50.346 [info] AnalysisService: Loaded 30 patterns for javascript
18:48:50.347 [info] AnalysisService: Found 0 matches
18:48:50.347 [info] AnalysisService: Loaded 30 patterns for javascript
18:48:50.348 [info] AnalysisService: Found 0 matches
18:48:50.348 [info] AnalysisService: Loaded 30 patterns for javascript
...18:48:50.350 [info] AnalysisService: Found 0 matches
18:48:50.518 [debug] Parser response received
18:48:50.518 [info] AnalysisService: Loaded 30 patterns for javascript
18:48:50.519 [info] AnalysisService: Found 2 matches
18:48:50.519 [debug] Match confidence: 0.616, min_confidence: 0.7, match: %{type: "js-hardcoded-secret-password", context: %{node_type: "VariableDeclarator", depth: 3, parent_type: "VariableDeclaration"}, location: %{depth: 3, end_column: 15, end_line: 1, start_line: 1, start_column: 4}, severity: "high", pattern_id: "js-hardcoded-secret-password", pattern_name: "Hardcoded Password", recommendation: "Review this code for potential security issues", confidence: 0.9, pattern_type: :hardcoded_secret}
18:48:50.520 [debug] Match confidence: 0.616, min_confidence: 0.7, match: %{type: "js-hardcoded-secret-api-key", context: %{node_type: "VariableDeclarator", depth: 3, parent_type: "VariableDeclaration"}, location: %{depth: 3, end_column: 15, end_line: 1, start_line: 1, start_column: 4}, severity: "high", pattern_id: "js-hardcoded-secret-api-key", pattern_name: "Hardcoded API Key", recommendation: "Review this code for potential security issues", confidence: 0.9, pattern_type: :hardcoded_secret}
18:48:50.631 [debug] Parser response received
18:48:50.631 [info] AnalysisService: Loaded 30 patterns for javascript
18:48:50.632 [info] AnalysisService: Found 2 matches
18:48:50.632 [debug] Match confidence: 0.616, min_confidence: 0.7, match: %{type: "js-hardcoded-secret-password", context: %{node_type: "VariableDeclarator", depth: 3, parent_type: "VariableDeclaration"}, location: %{depth: 3, end_column: 15, end_line: 1, start_line: 1, start_column: 4}, severity: "high", pattern_id: "js-hardcoded-secret-password", pattern_name: "Hardcoded Password", recommendation: "Review this code for potential security issues", confidence: 0.9, pattern_type: :hardcoded_secret}
18:48:50.632 [debug] Match confidence: 0.616, min_confidence: 0.7, match: %{type: "js-hardcoded-secret-api-key", context: %{node_type: "VariableDeclarator", depth: 3, parent_type: "VariableDeclaration"}, location: %{depth: 3, end_column: 15, end_line: 1, start_line: 1, start_column: 4}, severity: "high", pattern_id: "js-hardcoded-secret-api-key", pattern_name: "Hardcoded API Key", recommendation: "Review this code for potential security issues", confidence: 0.9, pattern_type: :hardcoded_secret}
18:48:50.816 [debug] Parser response received
18:48:50.817 [info] AnalysisService: Loaded 30 patterns for javascript
18:48:50.817 [info] AnalysisService: Found 2 matches
18:48:50.817 [debug] Match confidence: 0.616, min_confidence: 0.7, match: %{type: "js-hardcoded-secret-password", context: %{node_type: "VariableDeclarator", depth: 3, parent_type: "VariableDeclaration"}, location: %{depth: 3, end_column: 15, end_line: 1, start_line: 1, start_column: 4}, severity: "high", pattern_id: "js-hardcoded-secret-password", pattern_name: "Hardcoded Password", recommendation: "Review this code for potential security issues", confidence: 0.9, pattern_type: :hardcoded_secret}
18:48:50.817 [debug] Match confidence: 0.616, min_confidence: 0.7, match: %{type: "js-hardcoded-secret-api-key", context: %{node_type: "VariableDeclarator", depth: 3, parent_type: "VariableDeclaration"}, location: %{depth: 3, end_column: 15, end_line: 1, start_line: 1, start_column: 4}, severity: "high", pattern_id: "js-hardcoded-secret-api-key", pattern_name: "Hardcoded API Key", recommendation: "Review this code for potential security issues", confidence: 0.9, pattern_type: :hardcoded_secret}
18:48:50.963 [debug] Parser response received
18:48:50.963 [info] AnalysisService: Loaded 30 patterns for javascript
18:48:50.964 [info] AnalysisService: Found 2 matches
18:48:50.964 [debug] Match confidence: 0.616, min_confidence: 0.7, match: %{type: "js-hardcoded-secret-password", context: %{node_type: "VariableDeclarator", depth: 3, parent_type: "VariableDeclaration"}, location: %{depth: 3, end_column: 15, end_line: 1, start_line: 1, start_column: 4}, severity: "high", pattern_id: "js-hardcoded-secret-password", pattern_name: "Hardcoded Password", recommendation: "Review this code for potential security issues", confidence: 0.9, pattern_type: :hardcoded_secret}
18:48:50.964 [debug] Match confidence: 0.616, min_confidence: 0.7, match: %{type: "js-hardcoded-secret-api-key", context: %{node_type: "VariableDeclarator", depth: 3, parent_type: "VariableDeclaration"}, location: %{depth: 3, end_column: 15, end_line: 1, start_line: 1, start_column: 4}, severity: "high", pattern_id: "js-hardcoded-secret-api-key", pattern_name: "Hardcoded API Key", recommendation: "Review this code for potential security issues", confidence: 0.9, pattern_type: :hardcoded_secret}
18:48:51.094 [debug] Parser response received
18:48:51.094 [info] AnalysisService: Loaded 30 patterns for javascript
18:48:51.099 [info] AnalysisService: Found 2 matches
18:48:51.099 [debug] Match confidence: 0.616, min_confidence: 0.7, match: %{type: "js-hardcoded-secret-password", context: %{node_type: "VariableDeclarator", depth: 3, parent_type: "VariableDeclaration"}, location: %{depth: 3, end_column: 15, end_line: 1, start_line: 1, start_column: 4}, severity: "high", pattern_id: "js-hardcoded-secret-password", pattern_name: "Hardcoded Password", recommendation: "Review this code for potential security issues", confidence: 0.9, pattern_type: :hardcoded_secret}
18:48:51.099 [debug] Match confidence: 0.616, min_confidence: 0.7, match: %{type: "js-hardcoded-secret-api-key", context: %{node_type: "VariableDeclarator", depth: 3, parent_type: "VariableDeclaration"}, location: %{depth: 3, end_column: 15, end_line: 1, start_line: 1, start_column: 4}, severity: "high", pattern_id: "js-hardcoded-secret-api-key", pattern_name: "Hardcoded API Key", recommendation: "Review this code for potential security issues", confidence: 0.9, pattern_type: :hardcoded_secret}
18:48:51.209 [debug] Parser response received
18:48:51.209 [info] AnalysisService: Loaded 30 patterns for javascript
18:48:51.210 [info] AnalysisService: Found 2 matches
18:48:51.210 [debug] Match confidence: 0.616, min_confidence: 0.7, match: %{type: "js-hardcoded-secret-password", context: %{node_type: "VariableDeclarator", depth: 3, parent_type: "VariableDeclaration"}, location: %{depth: 3, end_column: 15, end_line: 1, start_line: 1, start_column: 4}, severity: "high", pattern_id: "js-hardcoded-secret-password", pattern_name: "Hardcoded Password", recommendation: "Review this code for potential security issues", confidence: 0.9, pattern_type: :hardcoded_secret}
18:48:51.210 [debug] Match confidence: 0.616, min_confidence: 0.7, match: %{type: "js-hardcoded-secret-api-key", context: %{node_type: "VariableDeclarator", depth: 3, parent_type: "VariableDeclaration"}, location: %{depth: 3, end_column: 15, end_line: 1, start_line: 1, start_column: 4}, severity: "high", pattern_id: "js-hardcoded-secret-api-key", pattern_name: "Hardcoded API Key", recommendation: "Review this code for potential security issues", confidence: 0.9, pattern_type: :hardcoded_secret}
18:48:51.325 [debug] Parser response received
18:48:51.325 [info] AnalysisService: Loaded 30 patterns for javascript
18:48:51.326 [info] AnalysisService: Found 2 matches
18:48:51.326 [debug] Match confidence: 0.616, min_confidence: 0.7, match: %{type: "js-hardcoded-secret-password", context: %{node_type: "VariableDeclarator", depth: 3, parent_type: "VariableDeclaration"}, location: %{depth: 3, end_column: 15, end_line: 1, start_line: 1, start_column: 4}, severity: "high", pattern_id: "js-hardcoded-secret-password", pattern_name: "Hardcoded Password", recommendation: "Review this code for potential security issues", confidence: 0.9, pattern_type: :hardcoded_secret}
18:48:51.326 [debug] Match confidence: 0.616, min_confidence: 0.7, match: %{type: "js-hardcoded-secret-api-key", context: %{node_type: "VariableDeclarator", depth: 3, parent_type: "VariableDeclaration"}, location: %{depth: 3, end_column: 15, end_line: 1, start_line: 1, start_column: 4}, severity: "high", pattern_id: "js-hardcoded-secret-api-key", pattern_name: "Hardcoded API Key", recommendation: "Review this code for potential security issues", confidence: 0.9, pattern_type: :hardcoded_secret}
18:48:51.434 [debug] Parser response received
18:48:51.434 [info] AnalysisService: Loaded 30 patterns for javascript
18:48:51.435 [info] AnalysisService: Found 2 matches
18:48:51.435 [debug] Match confidence: 0.616, min_confidence: 0.7, match: %{type: "js-hardcoded-secret-password", context: %{node_type: "VariableDeclarator", depth: 3, parent_type: "VariableDeclaration"}, location: %{depth: 3, end_column: 15, end_line: 1, start_line: 1, start_column: 4}, severity: "high", pattern_id: "js-hardcoded-secret-password", pattern_name: "Hardcoded Password", recommendation: "Review this code for potential security issues", confidence: 0.9, pattern_type: :hardcoded_secret}
18:48:51.435 [debug] Match confidence: 0.616, min_confidence: 0.7, match: %{type: "js-hardcoded-secret-api-key", context: %{node_type: "VariableDeclarator", depth: 3, parent_type: "VariableDeclaration"}, location: %{depth: 3, end_column: 15, end_line: 1, start_line: 1, start_column: 4}, severity: "high", pattern_id: "js-hardcoded-secret-api-key", pattern_name: "Hardcoded API Key", recommendation: "Review this code for potential security issues", confidence: 0.9, pattern_type: :hardcoded_secret}
18:48:51.556 [debug] Parser response received
18:48:51.557 [info] AnalysisService: Loaded 30 patterns for javascript
18:48:51.558 [info] AnalysisService: Found 2 matches
18:48:51.558 [debug] Match confidence: 0.616, min_confidence: 0.7, match: %{type: "js-hardcoded-secret-password", context: %{node_type: "VariableDeclarator", depth: 3, parent_type: "VariableDeclaration"}, location: %{depth: 3, end_column: 15, end_line: 1, start_line: 1, start_column: 4}, severity: "high", pattern_id: "js-hardcoded-secret-password", pattern_name: "Hardcoded Password", recommendation: "Review this code for potential security issues", confidence: 0.9, pattern_type: :hardcoded_secret}
18:48:51.558 [debug] Match confidence: 0.616, min_confidence: 0.7, match: %{type: "js-hardcoded-secret-api-key", context: %{node_type: "VariableDeclarator", depth: 3, parent_type: "VariableDeclaration"}, location: %{depth: 3, end_column: 15, end_line: 1, start_line: 1, start_column: 4}, severity: "high", pattern_id: "js-hardcoded-secret-api-key", pattern_name: "Hardcoded API Key", recommendation: "Review this code for potential security issues", confidence: 0.9, pattern_type: :hardcoded_secret}
18:48:51.686 [debug] Parser response received
18:48:51.686 [info] AnalysisService: Loaded 30 patterns for javascript
18:48:51.687 [info] AnalysisService: Found 2 matches
18:48:51.687 [debug] Match confidence: 0.616, min_confidence: 0.7, match: %{type: "js-hardcoded-secret-password", context: %{node_type: "VariableDeclarator", depth: 3, parent_type: "VariableDeclaration"}, location: %{depth: 3, end_column: 17, end_line: 1, start_line: 1, start_column: 4}, severity: "high", pattern_id: "js-hardcoded-secret-password", pattern_name: "Hardcoded Password", recommendation: "Review this code for potential security issues", confidence: 0.9, pattern_type: :hardcoded_secret}
18:48:51.687 [debug] Match confidence: 0.616, min_confidence: 0.7, match: %{type: "js-hardcoded-secret-api-key", context: %{node_type: "VariableDeclarator", depth: 3, parent_type: "VariableDeclaration"}, location: %{depth: 3, end_column: 17, end_line: 1, start_line: 1, start_column: 4}, severity: "high", pattern_id: "js-hardcoded-secret-api-key", pattern_name: "Hardcoded API Key", recommendation: "Review this code for potential security issues", confidence: 0.9, pattern_type: :hardcoded_secret}
18:48:51.816 [debug] Parser response received
18:48:51.816 [info] AnalysisService: Loaded 30 patterns for javascript
18:48:51.817 [info] AnalysisService: Found 2 matches
18:48:51.817 [debug] Match confidence: 0.616, min_confidence: 0.7, match: %{type: "js-hardcoded-secret-password", context: %{node_type: "VariableDeclarator", depth: 3, parent_type: "VariableDeclaration"}, location: %{depth: 3, end_column: 17, end_line: 1, start_line: 1, start_column: 4}, severity: "high", pattern_id: "js-hardcoded-secret-password", pattern_name: "Hardcoded Password", recommendation: "Review this code for potential security issues", confidence: 0.9, pattern_type: :hardcoded_secret}
18:48:51.817 [debug] Match confidence: 0.616, min_confidence: 0.7, match: %{type: "js-hardcoded-secret-api-key", context: %{node_type: "VariableDeclarator", depth: 3, parent_type: "VariableDeclaration"}, location: %{depth: 3, end_column: 17, end_line: 1, start_line: 1, start_column: 4}, severity: "high", pattern_id: "js-hardcoded-secret-api-key", pattern_name: "Hardcoded API Key", recommendation: "Review this code for potential security issues", confidence: 0.9, pattern_type: :hardcoded_secret}
18:48:51.969 [debug] Parser response received
18:48:51.969 [info] AnalysisService: Loaded 30 patterns for javascript
18:48:51.970 [info] AnalysisService: Found 2 matches
18:48:51.970 [debug] Match confidence: 0.616, min_confidence: 0.7, match: %{type: "js-hardcoded-secret-password", context: %{node_type: "VariableDeclarator", depth: 3, parent_type: "VariableDeclaration"}, location: %{depth: 3, end_column: 17, end_line: 1, start_line: 1, start_column: 4}, severity: "high", pattern_id: "js-hardcoded-secret-password", pattern_name: "Hardcoded Password", recommendation: "Review this code for potential security issues", confidence: 0.9, pattern_type: :hardcoded_secret}
18:48:51.970 [debug] Match confidence: 0.616, min_confidence: 0.7, match: %{type: "js-hardcoded-secret-api-key", context: %{node_type: "VariableDeclarator", depth: 3, parent_type: "VariableDeclaration"}, location: %{depth: 3, end_column: 17, end_line: 1, start_line: 1, start_column: 4}, severity: "high", pattern_id: "js-hardcoded-secret-api-key", pattern_name: "Hardcoded API Key", recommendation: "Review this code for potential security issues", confidence: 0.9, pattern_type: :hardcoded_secret}
18:48:52.156 [debug] Parser response received
18:48:52.156 [info] AnalysisService: Loaded 30 patterns for javascript
18:48:52.157 [info] AnalysisService: Found 2 matches
18:48:52.157 [debug] Match confidence: 0.616, min_confidence: 0.7, match: %{type: "js-hardcoded-secret-password", context: %{node_type: "VariableDeclarator", depth: 3, parent_type: "VariableDeclaration"}, location: %{depth: 3, end_column: 17, end_line: 1, start_line: 1, start_column: 4}, severity: "high", pattern_id: "js-hardcoded-secret-password", pattern_name: "Hardcoded Password", recommendation: "Review this code for potential security issues", confidence: 0.9, pattern_type: :hardcoded_secret}
18:48:52.157 [debug] Match confidence: 0.616, min_confidence: 0.7, match: %{type: "js-hardcoded-secret-api-key", context: %{node_type: "VariableDeclarator", depth: 3, parent_type: "VariableDeclaration"}, location: %{depth: 3, end_column: 17, end_line: 1, start_line: 1, start_column: 4}, severity: "high", pattern_id: "js-hardcoded-secret-api-key", pattern_name: "Hardcoded API Key", recommendation: "Review this code for potential security issues", confidence: 0.9, pattern_type: :hardcoded_secret}
18:48:52.282 [debug] Parser response received
18:48:52.283 [info] AnalysisService: Loaded 30 patterns for javascript
18:48:52.284 [info] AnalysisService: Found 2 matches
18:48:52.284 [debug] Match confidence: 0.616, min_confidence: 0.7, match: %{type: "js-hardcoded-secret-password", context: %{node_type: "VariableDeclarator", depth: 3, parent_type: "VariableDeclaration"}, location: %{depth: 3, end_column: 17, end_line: 1, start_line: 1, start_column: 4}, severity: "high", pattern_id: "js-hardcoded-secret-password", pattern_name: "Hardcoded Password", recommendation: "Review this code for potential security issues", confidence: 0.9, pattern_type: :hardcoded_secret}
18:48:52.284 [debug] Match confidence: 0.616, min_confidence: 0.7, match: %{type: "js-hardcoded-secret-api-key", context: %{node_type: "VariableDeclarator", depth: 3, parent_type: "VariableDeclaration"}, location: %{depth: 3, end_column: 17, end_line: 1, start_line: 1, start_column: 4}, severity: "high", pattern_id: "js-hardcoded-secret-api-key", pattern_name: "Hardcoded API Key", recommendation: "Review this code for potential security issues", confidence: 0.9, pattern_type: :hardcoded_secret}
18:48:52.463 [debug] Parser response received
18:48:52.463 [info] AnalysisService: Loaded 30 patterns for javascript
18:48:52.464 [info] AnalysisService: Found 2 matches
18:48:52.464 [debug] Match confidence: 0.616, min_confidence: 0.7, match: %{type: "js-hardcoded-secret-password", context: %{node_type: "VariableDeclarator", depth: 3, parent_type: "VariableDeclaration"}, location: %{depth: 3, end_column: 17, end_line: 1, start_line: 1, start_column: 4}, severity: "high", pattern_id: "js-hardcoded-secret-password", pattern_name: "Hardcoded Password", recommendation: "Review this code for potential security issues", confidence: 0.9, pattern_type: :hardcoded_secret}
18:48:52.464 [debug] Match confidence: 0.616, min_confidence: 0.7, match: %{type: "js-hardcoded-secret-api-key", context: %{node_type: "VariableDeclarator", depth: 3, parent_type: "VariableDeclaration"}, location: %{depth: 3, end_column: 17, end_line: 1, start_line: 1, start_column: 4}, severity: "high", pattern_id: "js-hardcoded-secret-api-key", pattern_name: "Hardcoded API Key", recommendation: "Review this code for potential security issues", confidence: 0.9, pattern_type: :hardcoded_secret}
18:48:52.601 [debug] Parser response received
18:48:52.601 [info] AnalysisService: Loaded 30 patterns for javascript
18:48:52.602 [info] AnalysisService: Found 2 matches
18:48:52.602 [debug] Match confidence: 0.616, min_confidence: 0.7, match: %{type: "js-hardcoded-secret-password", context: %{node_type: "VariableDeclarator", depth: 3, parent_type: "VariableDeclaration"}, location: %{depth: 3, end_column: 17, end_line: 1, start_line: 1, start_column: 4}, severity: "high", pattern_id: "js-hardcoded-secret-password", pattern_name: "Hardcoded Password", recommendation: "Review this code for potential security issues", confidence: 0.9, pattern_type: :hardcoded_secret}
18:48:52.602 [debug] Match confidence: 0.616, min_confidence: 0.7, match: %{type: "js-hardcoded-secret-api-key", context: %{node_type: "VariableDeclarator", depth: 3, parent_type: "VariableDeclaration"}, location: %{depth: 3, end_column: 17, end_line: 1, start_line: 1, start_column: 4}, severity: "high", pattern_id: "js-hardcoded-secret-api-key", pattern_name: "Hardcoded API Key", recommendation: "Review this code for potential security issues", confidence: 0.9, pattern_type: :hardcoded_secret}
18:48:52.743 [debug] Parser response received
18:48:52.743 [info] AnalysisService: Loaded 30 patterns for javascript
18:48:52.744 [info] AnalysisService: Found 2 matches
18:48:52.745 [debug] Match confidence: 0.616, min_confidence: 0.7, match: %{type: "js-hardcoded-secret-password", context: %{node_type: "VariableDeclarator", depth: 3, parent_type: "VariableDeclaration"}, location: %{depth: 3, end_column: 17, end_line: 1, start_line: 1, start_column: 4}, severity: "high", pattern_id: "js-hardcoded-secret-password", pattern_name: "Hardcoded Password", recommendation: "Review this code for potential security issues", confidence: 0.9, pattern_type: :hardcoded_secret}
18:48:52.745 [debug] Match confidence: 0.616, min_confidence: 0.7, match: %{type: "js-hardcoded-secret-api-key", context: %{node_type: "VariableDeclarator", depth: 3, parent_type: "VariableDeclaration"}, location: %{depth: 3, end_column: 17, end_line: 1, start_line: 1, start_column: 4}, severity: "high", pattern_id: "js-hardcoded-secret-api-key", pattern_name: "Hardcoded API Key", recommendation: "Review this code for potential security issues", confidence: 0.9, pattern_type: :hardcoded_secret}
18:48:53.386 [debug] Parser response received
18:48:53.386 [info] AnalysisService: Loaded 30 patterns for javascript
18:48:53.387 [info] AnalysisService: Found 2 matches
18:48:53.387 [debug] Match confidence: 0.616, min_confidence: 0.7, match: %{type: "js-hardcoded-secret-password", context: %{node_type: "VariableDeclarator", depth: 3, parent_type: "VariableDeclaration"}, location: %{depth: 3, end_column: 17, end_line: 1, start_line: 1, start_column: 4}, severity: "high", pattern_id: "js-hardcoded-secret-password", pattern_name: "Hardcoded Password", recommendation: "Review this code for potential security issues", confidence: 0.9, pattern_type: :hardcoded_secret}
18:48:53.387 [debug] Match confidence: 0.616, min_confidence: 0.7, match: %{type: "js-hardcoded-secret-api-key", context: %{node_type: "VariableDeclarator", depth: 3, parent_type: "VariableDeclaration"}, location: %{depth: 3, end_column: 17, end_line: 1, start_line: 1, start_column: 4}, severity: "high", pattern_id: "js-hardcoded-secret-api-key", pattern_name: "Hardcoded API Key", recommendation: "Review this code for potential security issues", confidence: 0.9, pattern_type: :hardcoded_secret}
18:48:53.965 [debug] Parser response received
18:48:53.965 [info] AnalysisService: Loaded 30 patterns for javascript
18:48:53.967 [info] AnalysisService: Found 2 matches
18:48:53.967 [debug] Match confidence: 0.616, min_confidence: 0.7, match: %{type: "js-hardcoded-secret-password", context: %{node_type: "VariableDeclarator", depth: 3, parent_type: "VariableDeclaration"}, location: %{depth: 3, end_column: 17, end_line: 1, start_line: 1, start_column: 4}, severity: "high", pattern_id: "js-hardcoded-secret-password", pattern_name: "Hardcoded Password", recommendation: "Review this code for potential security issues", confidence: 0.9, pattern_type: :hardcoded_secret}
18:48:53.967 [debug] Match confidence: 0.616, min_confidence: 0.7, match: %{type: "js-hardcoded-secret-api-key", context: %{node_type: "VariableDeclarator", depth: 3, parent_type: "VariableDeclaration"}, location: %{depth: 3, end_column: 17, end_line: 1, start_line: 1, start_column: 4}, severity: "high", pattern_id: "js-hardcoded-secret-api-key", pattern_name: "Hardcoded API Key", recommendation: "Review this code for potential security issues", confidence: 0.9, pattern_type: :hardcoded_secret}
18:48:54.732 [debug] Parser response received
18:48:54.732 [info] AnalysisService: Loaded 30 patterns for javascript
18:48:54.733 [info] AnalysisService: Found 2 matches
18:48:54.733 [debug] Match confidence: 0.616, min_confidence: 0.7, match: %{type: "js-hardcoded-secret-password", context: %{node_type: "VariableDeclarator", depth: 3, parent_type: "VariableDeclaration"}, location: %{depth: 3, end_column: 17, end_line: 1, start_line: 1, start_column: 4}, severity: "high", pattern_id: "js-hardcoded-secret-password", pattern_name: "Hardcoded Password", recommendation: "Review this code for potential security issues", confidence: 0.9, pattern_type: :hardcoded_secret}
18:48:54.733 [debug] Match confidence: 0.616, min_confidence: 0.7, match: %{type: "js-hardcoded-secret-api-key", context: %{node_type: "VariableDeclarator", depth: 3, parent_type: "VariableDeclaration"}, location: %{depth: 3, end_column: 17, end_line: 1, start_line: 1, start_column: 4}, severity: "high", pattern_id: "js-hardcoded-secret-api-key", pattern_name: "Hardcoded API Key", recommendation: "Review this code for potential security issues", confidence: 0.9, pattern_type: :hardcoded_secret}
.18:48:54.923 [debug] Parser response received
18:48:54.923 [info] AnalysisService: Loaded 30 patterns for javascript
18:48:54.928 [info] AnalysisService: Found 16 matches
18:48:54.928 [debug] Match confidence: 0.84525, min_confidence: 0.7, match: %{type: "js-xss-innerhtml", context: %{node_type: "AssignmentExpression", depth: 3, parent_type: "ExpressionStatement"}, location: %{depth: 3, end_column: 55, end_line: 1, start_line: 1, start_column: 0}, severity: "high", pattern_id: "js-xss-innerhtml", pattern_name: "Cross-Site Scripting (XSS) via innerHTML", recommendation: "Review this code for potential security issues", confidence: 0.85, pattern_type: :xss}
18:48:54.928 [debug] Match confidence: 0.5145, min_confidence: 0.7, match: %{type: "js-xss-document-write", context: %{node_type: "CallExpression", depth: 5, parent_type: "MemberExpression"}, location: %{depth: 5, end_column: 33, end_line: 1, start_line: 1, start_column: 0}, severity: "high", pattern_id: "js-xss-document-write", pattern_name: "Cross-Site Scripting (XSS) via document.write", recommendation: "Review this code for potential security issues", confidence: 0.85, pattern_type: :xss}
18:48:54.928 [debug] Match confidence: 0.5145, min_confidence: 0.7, match: %{type: "js-xss-jquery-html", context: %{node_type: "CallExpression", depth: 5, parent_type: "MemberExpression"}, location: %{depth: 5, end_column: 33, end_line: 1, start_line: 1, start_column: 0}, severity: "high", pattern_id: "js-xss-jquery-html", pattern_name: "XSS via jQuery html()", recommendation: "Review this code for potential security issues", confidence: 0.85, pattern_type: :xss}
18:48:54.928 [debug] Match confidence: 0.5005, min_confidence: 0.7, match: %{type: "js-path-traversal-join", context: %{node_type: "CallExpression", depth: 5, parent_type: "MemberExpression"}, location: %{depth: 5, end_column: 33, end_line: 1, start_line: 1, start_column: 0}, severity: "medium", pattern_id: "js-path-traversal-join", pattern_name: "Path Traversal via path.join", recommendation: "Review this code for potential security issues", confidence: 0.7, pattern_type: :path_traversal}
18:48:54.928 [debug] Match confidence: 0.5005, min_confidence: 0.7, match: %{type: "js-weak-crypto-md5", context: %{node_type: "CallExpression", depth: 5, parent_type: "MemberExpression"}, location: %{depth: 5, end_column: 33, end_line: 1, start_line: 1, start_column: 0}, severity: "medium", pattern_id: "js-weak-crypto-md5", pattern_name: "Weak Cryptography - MD5", recommendation: "Review this code for potential security issues", confidence: 0.7, pattern_type: :weak_crypto}
18:48:54.928 [debug] Match confidence: 0.5005, min_confidence: 0.7, match: %{type: "js-weak-crypto-sha1", context: %{node_type: "CallExpression", depth: 5, parent_type: "MemberExpression"}, location: %{depth: 5, end_column: 33, end_line: 1, start_line: 1, start_column: 0}, severity: "medium", pattern_id: "js-weak-crypto-sha1", pattern_name: "Weak Cryptography - SHA1", recommendation: "Review this code for potential security issues", confidence: 0.7, pattern_type: :weak_crypto}
18:48:54.928 [debug] Match confidence: 0.5005, min_confidence: 0.7, match: %{type: "js-open-redirect", context: %{node_type: "CallExpression", depth: 5, parent_type: "MemberExpression"}, location: %{depth: 5, end_column: 33, end_line: 1, start_line: 1, start_column: 0}, severity: "medium", pattern_id: "js-open-redirect", pattern_name: "Open Redirect Vulnerability", recommendation: "Review this code for potential security issues", confidence: 0.7, pattern_type: :open_redirect}
18:48:54.928 [debug] Match confidence: 0.5005, min_confidence: 0.7, match: %{type: "js-prototype-pollution", context: %{node_type: "AssignmentExpression", depth: 3, parent_type: "ExpressionStatement"}, location: %{depth: 3, end_column: 55, end_line: 1, start_line: 1, start_column: 0}, severity: "medium", pattern_id: "js-prototype-pollution", pattern_name: "Prototype Pollution", recommendation: "Review this code for potential security issues", confidence: 0.7, pattern_type: :deserialization}
18:48:54.928 [debug] Match confidence: 0.5005, min_confidence: 0.7, match: %{type: "js-insecure-random", context: %{node_type: "CallExpression", depth: 5, parent_type: "MemberExpression"}, location: %{depth: 5, end_column: 33, end_line: 1, start_line: 1, start_column: 0}, severity: "medium", pattern_id: "js-insecure-random", pattern_name: "Insecure Random Number Generation", recommendation: "Review this code for potential security issues", confidence: 0.7, pattern_type: :insecure_random}
18:48:54.929 [debug] Match confidence: 0.38675, min_confidence: 0.7, match: %{type: "js-nosql-injection", context: %{node_type: "CallExpression", depth: 5, parent_type: "MemberExpression"}, location: %{depth: 5, end_column: 33, end_line: 1, start_line: 1, start_column: 0}, severity: "high", pattern_id: "js-nosql-injection", pattern_name: "NoSQL Injection", recommendation: "Review this code for potential security issues", confidence: 0.85, pattern_type: :nosql_injection}
18:48:54.929 [debug] Match confidence: 0.38675, min_confidence: 0.7, match: %{type: "js-ldap-injection", context: %{node_type: "CallExpression", depth: 5, parent_type: "MemberExpression"}, location: %{depth: 5, end_column: 33, end_line: 1, start_line: 1, start_column: 0}, severity: "high", pattern_id: "js-ldap-injection", pattern_name: "LDAP Injection", recommendation: "Review this code for potential security issues", confidence: 0.85, pattern_type: :ldap_injection}
18:48:54.929 [debug] Match confidence: 0.38675, min_confidence: 0.7, match: %{type: "js-xpath-injection", context: %{node_type: "CallExpression", depth: 5, parent_type: "MemberExpression"}, location: %{depth: 5, end_column: 33, end_line: 1, start_line: 1, start_column: 0}, severity: "high", pattern_id: "js-xpath-injection", pattern_name: "XPath Injection", recommendation: "Review this code for potential security issues", confidence: 0.85, pattern_type: :xpath_injection}
18:48:54.929 [debug] Match confidence: 0.5005, min_confidence: 0.7, match: %{type: "js-ssrf", context: %{node_type: "CallExpression", depth: 5, parent_type: "MemberExpression"}, location: %{depth: 5, end_column: 33, end_line: 1, start_line: 1, start_column: 0}, severity: "medium", pattern_id: "js-ssrf", pattern_name: "Server-Side Request Forgery (SSRF)", recommendation: "Review this code for potential security issues", confidence: 0.7, pattern_type: :ssrf}
18:48:54.929 [debug] Match confidence: 0.5005, min_confidence: 0.7, match: %{type: "js-insecure-deserialization", context: %{node_type: "CallExpression", depth: 5, parent_type: "MemberExpression"}, location: %{depth: 5, end_column: 33, end_line: 1, start_line: 1, start_column: 0}, severity: "medium", pattern_id: "js-insecure-deserialization", pattern_name: "Insecure Deserialization", recommendation: "Review this code for potential security issues", confidence: 0.7, pattern_type: :deserialization}
18:48:54.929 [debug] Match confidence: 0.5005, min_confidence: 0.7, match: %{type: "js-jwt-none-algorithm", context: %{node_type: "CallExpression", depth: 5, parent_type: "MemberExpression"}, location: %{depth: 5, end_column: 33, end_line: 1, start_line: 1, start_column: 0}, severity: "medium", pattern_id: "js-jwt-none-algorithm", pattern_name: "JWT None Algorithm Vulnerability", recommendation: "Review this code for potential security issues", confidence: 0.7, pattern_type: :authentication}
18:48:54.929 [debug] Match confidence: 0.5005, min_confidence: 0.7, match: %{type: "js-debug-console-log", context: %{node_type: "CallExpression", depth: 5, parent_type: "MemberExpression"}, location: %{depth: 5, end_column: 33, end_line: 1, start_line: 1, start_column: 0}, severity: "medium", pattern_id: "js-debug-console-log", pattern_name: "Sensitive Data in Console Logs", recommendation: "Review this code for potential security issues", confidence: 0.7, pattern_type: :information_disclosure}
18:48:54.972 [debug] Parser response received
18:48:54.972 [info] AnalysisService: Loaded 12 patterns for python
18:48:54.972 [info] AnalysisService: Found 1 matches
18:48:54.972 [debug] Match confidence: 0.4462499999999999, min_confidence: 0.7, match: %{type: "python-sql-injection-fstring", context: %{node_type: "JoinedStr", depth: 2, parent_type: "Assign"}, location: %{depth: 2, end_column: 0, end_line: 1, start_line: 1, start_column: 0}, severity: "high", pattern_id: "python-sql-injection-fstring", pattern_name: "SQL Injection via F-String Formatting", recommendation: "Review this code for potential security issues", confidence: 0.85, pattern_type: :sql_injection}
..18:48:55.132 [debug] Parser response received
18:48:55.133 [info] AnalysisService: Loaded 30 patterns for javascript
18:48:55.181 [info] AnalysisService: Found 200 matches
18:48:55.181 [debug] Match confidence: 0.1848, min_confidence: 0.7, match: %{type: "js-hardcoded-secret-password", context: %{node_type: "VariableDeclarator", depth: 3, parent_type: "VariableDeclaration"}, location: %{depth: 3, end_column: 15, end_line: 1, start_line: 1, start_column: 4}, severity: "high", pattern_id: "js-hardcoded-secret-password", pattern_name: "Hardcoded Password", recommendation: "Review this code for potential security issues", confidence: 0.9, pattern_type: :hardcoded_secret}
18:48:55.181 [debug] Match confidence: 0.1848, min_confidence: 0.7, match: %{type: "js-hardcoded-secret-password", context: %{node_type: "VariableDeclarator", depth: 3, parent_type: "VariableDeclaration"}, location: %{depth: 3, end_column: 32, end_line: 1, start_line: 1, start_column: 21}, severity: "high", pattern_id: "js-hardcoded-secret-password", pattern_name: "Hardcoded Password", recommendation: "Review this code for potential security issues", confidence: 0.9, pattern_type: :hardcoded_secret}
18:48:55.181 [debug] Match confidence: 0.1848, min_confidence: 0.7, match: %{type: "js-hardcoded-secret-password", context: %{node_type: "VariableDeclarator", depth: 3, parent_type: "VariableDeclaration"}, location: %{depth: 3, end_column: 49, end_line: 1, start_line: 1, start_column: 38}, severity: "high", pattern_id: "js-hardcoded-secret-password", pattern_name: "Hardcoded Password", recommendation: "Review this code for potential security issues", confidence: 0.9, pattern_type: :hardcoded_secret}
18:48:55.181 [debug] Match confidence: 0.1848, min_confidence: 0.7, match: %{type: "js-hardcoded-secret-password", context: %{node_type: "VariableDeclarator", depth: 3, parent_type: "VariableDeclaration"}, location: %{depth: 3, end_column: 66, end_line: 1, start_line: 1, start_column: 55}, severity: "high", pattern_id: "js-hardcoded-secret-password", pattern_name: "Hardcoded Password", recommendation: "Review this code for potential security issues", confidence: 0.9, pattern_type: :hardcoded_secret}
18:48:55.182 [debug] Match confidence: 0.1848, min_confidence: 0.7, match: %{type: "js-hardcoded-secret-password", context: %{node_type: "VariableDeclarator", depth: 3, parent_type: "VariableDeclaration"}, location: %{depth: 3, end_column: 83, end_line: 1, start_line: 1, start_column: 72}, severity: "high", pattern_id: "js-hardcoded-secret-password", pattern_name: "Hardcoded Password", recommendation: "Review this code for potential security issues", confidence: 0.9, pattern_type: :hardcoded_secret}
18:48:55.182 [debug] Match confidence: 0.1848, min_confidence: 0.7, match: %{type: "js-hardcoded-secret-password", context: %{node_type: "VariableDeclarator", depth: 3, parent_type: "VariableDeclaration"}, location: %{depth: 3, end_column: 100, end_line: 1, start_line: 1, start_column: 89}, severity: "high", pattern_id: "js-hardcoded-secret-password", pattern_name: "Hardcoded Password", recommendation: "Review this code for potential security issues", confidence: 0.9, pattern_type: :hardcoded_secret}
18:48:55.182 [debug] Match confidence: 0.1848, min_confidence: 0.7, match: %{type: "js-hardcoded-secret-password", context: %{node_type: "VariableDeclarator", depth: 3, parent_type: "VariableDeclaration"}, location: %{depth: 3, end_column: 117, end_line: 1, start_line: 1, start_column: 106}, severity: "high", pattern_id: "js-hardcoded-secret-password", pattern_name: "Hardcoded Password", recommendation: "Review this code for potential security issues", confidence: 0.9, pattern_type: :hardcoded_secret}
18:48:55.182 [debug] Match confidence: 0.1848, min_confidence: 0.7, match: %{type: "js-hardcoded-secret-password", context: %{node_type: "VariableDeclarator", depth: 3, parent_type: "VariableDeclaration"}, location: %{depth: 3, end_column: 134, end_line: 1, start_line: 1, start_column: 123}, severity: "high", pattern_id: "js-hardcoded-secret-password", pattern_name: "Hardcoded Password", recommendation: "Review this code for potential security issues", confidence: 0.9, pattern_type: :hardcoded_secret}
18:48:55.182 [debug] Match confidence: 0.1848, min_confidence: 0.7, match: %{type: "js-hardcoded-secret-password", context: %{node_type: "VariableDeclarator", depth: 3, parent_type: "VariableDeclaration"}, location: %{depth: 3, end_column: 151, end_line: 1, start_line: 1, start_column: 140}, severity: "high", pattern_id: "js-hardcoded-secret-password", pattern_name: "Hardcoded Password", recommendation: "Review this code for potential security issues", confidence: 0.9, pattern_type: :hardcoded_secret}
18:48:55.182 [debug] Match confidence: 0.1848, min_confidence: 0.7, match: %{type: "js-hardcoded-secret-password", context: %{node_type: "VariableDeclarator", depth: 3, parent_type: "VariableDeclaration"}, location: %{depth: 3, end_column: 168, end_line: 1, start_line: 1, start_column: 157}, severity: "high", pattern_id: "js-hardcoded-secret-password", pattern_name: "Hardcoded Password", recommendation: "Review this code for potential security issues", confidence: 0.9, pattern_type: :hardcoded_secret}
18:48:55.182 [debug] Match confidence: 0.1848, min_confidence: 0.7, match: %{type: "js-hardcoded-secret-password", context: %{node_type: "VariableDeclarator", depth: 3, parent_type: "VariableDeclaration"}, location: %{depth: 3, end_column: 185, end_line: 1, start_line: 1, start_column: 174}, severity: "high", pattern_id: "js-hardcoded-secret-password", pattern_name: "Hardcoded Password", recommendation: "Review this code for potential security issues", confidence: 0.9, pattern_type: :hardcoded_secret}
18:48:55.182 [debug] Match confidence: 0.1848, min_confidence: 0.7, match: %{type: "js-hardcoded-secret-password", context: %{node_type: "VariableDeclarator", depth: 3, parent_type: "VariableDeclaration"}, location: %{depth: 3, end_column: 202, end_line: 1, start_line: 1, start_column: 191}, severity: "high", pattern_id: "js-hardcoded-secret-password", pattern_name: "Hardcoded Password", recommendation: "Review this code for potential security issues", confidence: 0.9, pattern_type: :hardcoded_secret}
18:48:55.182 [debug] Match confidence: 0.1848, min_confidence: 0.7, match: %{type: "js-hardcoded-secret-password", context: %{node_type: "VariableDeclarator", depth: 3, parent_type: "VariableDeclaration"}, location: %{depth: 3, end_column: 219, end_line: 1, start_line: 1, start_column: 208}, severity: "high", pattern_id: "js-hardcoded-secret-password", pattern_name: "Hardcoded Password", recommendation: "Review this code for potential security issues", confidence: 0.9, pattern_type: :hardcoded_secret}
18:48:55.182 [debug] Match confidence: 0.1848, min_confidence: 0.7, match: %{type: "js-hardcoded-secret-password", context: %{node_type: "VariableDeclarator", depth: 3, parent_type: "VariableDeclaration"}, location: %{depth: 3, end_column: 236, end_line: 1, start_line: 1, start_column: 225}, severity: "high", pattern_id: "js-hardcoded-secret-password", pattern_name: "Hardcoded Password", recommendation: "Review this code for potential security issues", confidence: 0.9, pattern_type: :hardcoded_secret}
18:48:55.182 [debug] Match confidence: 0.1848, min_confidence: 0.7, match: %{type: "js-hardcoded-secret-password", context: %{node_type: "VariableDeclarator", depth: 3, parent_type: "VariableDeclaration"}, location: %{depth: 3, end_column: 253, end_line: 1, start_line: 1, start_column: 242}, severity: "high", pattern_id: "js-hardcoded-secret-password", pattern_name: "Hardcoded Password", recommendation: "Review this code for potential security issues", confidence: 0.9, pattern_type: :hardcoded_secret}
18:48:55.182 [debug] Match confidence: 0.1848, min_confidence: 0.7, match: %{type: "js-hardcoded-secret-password", context: %{node_type: "VariableDeclarator", depth: 3, parent_type: "VariableDeclaration"}, location: %{depth: 3, end_column: 270, end_line: 1, start_line: 1, start_column: 259}, severity: "high", pattern_id: "js-hardcoded-secret-password", pattern_name: "Hardcoded Password", recommendation: "Review this code for potential security issues", confidence: 0.9, pattern_type: :hardcoded_secret}
18:48:55.182 [debug] Match confidence: 0.1848, min_confidence: 0.7, match: %{type: "js-hardcoded-secret-password", context: %{node_type: "VariableDeclarator", depth: 3, parent_type: "VariableDeclaration"}, location: %{depth: 3, end_column: 287, end_line: 1, start_line: 1, start_column: 276}, severity: "high", pattern_id: "js-hardcoded-secret-password", pattern_name: "Hardcoded Password", recommendation: "Review this code for potential security issues", confidence: 0.9, pattern_type: :hardcoded_secret}
18:48:55.182 [debug] Match confidence: 0.1848, min_confidence: 0.7, match: %{type: "js-hardcoded-secret-password", context: %{node_type: "VariableDeclarator", depth: 3, parent_type: "VariableDeclaration"}, location: %{depth: 3, end_column: 304, end_line: 1, start_line: 1, start_column: 293}, severity: "high", pattern_id: "js-hardcoded-secret-password", pattern_name: "Hardcoded Password", recommendation: "Review this code for potential security issues", confidence: 0.9, pattern_type: :hardcoded_secret}
18:48:55.182 [debug] Match confidence: 0.1848, min_confidence: 0.7, match: %{type: "js-hardcoded-secret-password", context: %{node_type: "VariableDeclarator", depth: 3, parent_type: "VariableDeclaration"}, location: %{depth: 3, end_column: 321, end_line: 1, start_line: 1, start_column: 310}, severity: "high", pattern_id: "js-hardcoded-secret-password", pattern_name: "Hardcoded Password", recommendation: "Review this code for potential security issues", confidence: 0.9, pattern_type: :hardcoded_secret}
18:48:55.182 [debug] Match confidence: 0.1848, min_confidence: 0.7, match: %{type: "js-hardcoded-secret-password", context: %{node_type: "VariableDeclarator", depth: 3, parent_type: "VariableDeclaration"}, location: %{depth: 3, end_column: 338, end_line: 1, start_line: 1, start_column: 327}, severity: "high", pattern_id: "js-hardcoded-secret-password", pattern_name: "Hardcoded Password", recommendation: "Review this code for potential security issues", confidence: 0.9, pattern_type: :hardcoded_secret}
18:48:55.182 [debug] Match confidence: 0.1848, min_confidence: 0.7, match: %{type: "js-hardcoded-secret-password", context: %{node_type: "VariableDeclarator", depth: 3, parent_type: "VariableDeclaration"}, location: %{depth: 3, end_column: 355, end_line: 1, start_line: 1, start_column: 344}, severity: "high", pattern_id: "js-hardcoded-secret-password", pattern_name: "Hardcoded Password", recommendation: "Review this code for potential security issues", confidence: 0.9, pattern_type: :hardcoded_secret}
18:48:55.182 [debug] Match confidence: 0.1848, min_confidence: 0.7, match: %{type: "js-hardcoded-secret-password", context: %{node_type: "VariableDeclarator", depth: 3, parent_type: "VariableDeclaration"}, location: %{depth: 3, end_column: 372, end_line: 1, start_line: 1, start_column: 361}, severity: "high", pattern_id: "js-hardcoded-secret-password", pattern_name: "Hardcoded Password", recommendation: "Review this code for potential security issues", confidence: 0.9, pattern_type: :hardcoded_secret}
18:48:55.182 [debug] Match confidence: 0.1848, min_confidence: 0.7, match: %{type: "js-hardcoded-secret-password", context: %{node_type: "VariableDeclarator", depth: 3, parent_type: "VariableDeclaration"}, location: %{depth: 3, end_column: 389, end_line: 1, start_line: 1, start_column: 378}, severity: "high", pattern_id: "js-hardcoded-secret-password", pattern_name: "Hardcoded Password", recommendation: "Review this code for potential security issues", confidence: 0.9, pattern_type: :hardcoded_secret}
18:48:55.182 [debug] Match confidence: 0.1848, min_confidence: 0.7, match: %{type: "js-hardcoded-secret-password", context: %{node_type: "VariableDeclarator", depth: 3, parent_type: "VariableDeclaration"}, location: %{depth: 3, end_column: 406, end_line: 1, start_line: 1, start_column: 395}, severity: "high", pattern_id: "js-hardcoded-secret-password", pattern_name: "Hardcoded Password", recommendation: "Review this code for potential security issues", confidence: 0.9, pattern_type: :hardcoded_secret}
18:48:55.182 [debug] Match confidence: 0.1848, min_confidence: 0.7, match: %{type: "js-hardcoded-secret-password", context: %{node_type: "VariableDeclarator", depth: 3, parent_type: "VariableDeclaration"}, location: %{depth: 3, end_column: 423, end_line: 1, start_line: 1, start_column: 412}, severity: "high", pattern_id: "js-hardcoded-secret-password", pattern_name: "Hardcoded Password", recommendation: "Review this code for potential security issues", confidence: 0.9, pattern_type: :hardcoded_secret}
18:48:55.182 [debug] Match confidence: 0.1848, min_confidence: 0.7, match: %{type: "js-hardcoded-secret-password", context: %{node_type: "VariableDeclarator", depth: 3, parent_type: "VariableDeclaration"}, location: %{depth: 3, end_column: 440, end_line: 1, start_line: 1, start_column: 429}, severity: "high", pattern_id: "js-hardcoded-secret-password", pattern_name: "Hardcoded Password", recommendation: "Review this code for potential security issues", confidence: 0.9, pattern_type: :hardcoded_secret}
18:48:55.182 [debug] Match confidence: 0.1848, min_confidence: 0.7, match: %{type: "js-hardcoded-secret-password", context: %{node_type: "VariableDeclarator", depth: 3, parent_type: "VariableDeclaration"}, location: %{depth: 3, end_column: 457, end_line: 1, start_line: 1, start_column: 446}, severity: "high", pattern_id: "js-hardcoded-secret-password", pattern_name: "Hardcoded Password", recommendation: "Review this code for potential security issues", confidence: 0.9, pattern_type: :hardcoded_secret}
18:48:55.182 [debug] Match confidence: 0.1848, min_confidence: 0.7, match: %{type: "js-hardcoded-secret-password", context: %{node_type: "VariableDeclarator", depth: 3, parent_type: "VariableDeclaration"}, location: %{depth: 3, end_column: 474, end_line: 1, start_line: 1, start_column: 463}, severity: "high", pattern_id: "js-hardcoded-secret-password", pattern_name: "Hardcoded Password", recommendation: "Review this code for potential security issues", confidence: 0.9, pattern_type: :hardcoded_secret}
18:48:55.182 [debug] Match confidence: 0.1848, min_confidence: 0.7, match: %{type: "js-hardcoded-secret-password", context: %{node_type: "VariableDeclarator", depth: 3, parent_type: "VariableDeclaration"}, location: %{depth: 3, end_column: 491, end_line: 1, start_line: 1, start_column: 480}, severity: "high", pattern_id: "js-hardcoded-secret-password", pattern_name: "Hardcoded Password", recommendation: "Review this code for potential security issues", confidence: 0.9, pattern_type: :hardcoded_secret}
18:48:55.182 [debug] Match confidence: 0.1848, min_confidence: 0.7, match: %{type: "js-hardcoded-secret-password", context: %{node_type: "VariableDeclarator", depth: 3, parent_type: "VariableDeclaration"}, location: %{depth: 3, end_column: 508, end_line: 1, start_line: 1, start_column: 497}, severity: "high", pattern_id: "js-hardcoded-secret-password", pattern_name: "Hardcoded Password", recommendation: "Review this code for potential security issues", confidence: 0.9, pattern_type: :hardcoded_secret}
18:48:55.182 [debug] Match confidence: 0.1848, min_confidence: 0.7, match: %{type: "js-hardcoded-secret-password", context: %{node_type: "VariableDeclarator", depth: 3, parent_type: "VariableDeclaration"}, location: %{depth: 3, end_column: 525, end_line: 1, start_line: 1, start_column: 514}, severity: "high", pattern_id: "js-hardcoded-secret-password", pattern_name: "Hardcoded Password", recommendation: "Review this code for potential security issues", confidence: 0.9, pattern_type: :hardcoded_secret}
18:48:55.183 [debug] Match confidence: 0.1848, min_confidence: 0.7, match: %{type: "js-hardcoded-secret-password", context: %{node_type: "VariableDeclarator", depth: 3, parent_type: "VariableDeclaration"}, location: %{depth: 3, end_column: 542, end_line: 1, start_line: 1, start_column: 531}, severity: "high", pattern_id: "js-hardcoded-secret-password", pattern_name: "Hardcoded Password", recommendation: "Review this code for potential security issues", confidence: 0.9, pattern_type: :hardcoded_secret}
18:48:55.183 [debug] Match confidence: 0.1848, min_confidence: 0.7, match: %{type: "js-hardcoded-secret-password", context: %{node_type: "VariableDeclarator", depth: 3, parent_type: "VariableDeclaration"}, location: %{depth: 3, end_column: 559, end_line: 1, start_line: 1, start_column: 548}, severity: "high", pattern_id: "js-hardcoded-secret-password", pattern_name: "Hardcoded Password", recommendation: "Review this code for potential security issues", confidence: 0.9, pattern_type: :hardcoded_secret}
18:48:55.183 [debug] Match confidence: 0.1848, min_confidence: 0.7, match: %{type: "js-hardcoded-secret-password", context: %{node_type: "VariableDeclarator", depth: 3, parent_type: "VariableDeclaration"}, location: %{depth: 3, end_column: 576, end_line: 1, start_line: 1, start_column: 565}, severity: "high", pattern_id: "js-hardcoded-secret-password", pattern_name: "Hardcoded Password", recommendation: "Review this code for potential security issues", confidence: 0.9, pattern_type: :hardcoded_secret}
18:48:55.183 [debug] Match confidence: 0.1848, min_confidence: 0.7, match: %{type: "js-hardcoded-secret-password", context: %{node_type: "VariableDeclarator", depth: 3, parent_type: "VariableDeclaration"}, location: %{depth: 3, end_column: 593, end_line: 1, start_line: 1, start_column: 582}, severity: "high", pattern_id: "js-hardcoded-secret-password", pattern_name: "Hardcoded Password", recommendation: "Review this code for potential security issues", confidence: 0.9, pattern_type: :hardcoded_secret}
18:48:55.183 [debug] Match confidence: 0.1848, min_confidence: 0.7, match: %{type: "js-hardcoded-secret-password", context: %{node_type: "VariableDeclarator", depth: 3, parent_type: "VariableDeclaration"}, location: %{depth: 3, end_column: 610, end_line: 1, start_line: 1, start_column: 599}, severity: "high", pattern_id: "js-hardcoded-secret-password", pattern_name: "Hardcoded Password", recommendation: "Review this code for potential security issues", confidence: 0.9, pattern_type: :hardcoded_secret}
18:48:55.183 [debug] Match confidence: 0.1848, min_confidence: 0.7, match: %{type: "js-hardcoded-secret-password", context: %{node_type: "VariableDeclarator", depth: 3, parent_type: "VariableDeclaration"}, location: %{depth: 3, end_column: 627, end_line: 1, start_line: 1, start_column: 616}, severity: "high", pattern_id: "js-hardcoded-secret-password", pattern_name: "Hardcoded Password", recommendation: "Review this code for potential security issues", confidence: 0.9, pattern_type: :hardcoded_secret}
18:48:55.183 [debug] Match confidence: 0.1848, min_confidence: 0.7, match: %{type: "js-hardcoded-secret-password", context: %{node_type: "VariableDeclarator", depth: 3, parent_type: "VariableDeclaration"}, location: %{depth: 3, end_column: 644, end_line: 1, start_line: 1, start_column: 633}, severity: "high", pattern_id: "js-hardcoded-secret-password", pattern_name: "Hardcoded Password", recommendation: "Review this code for potential security issues", confidence: 0.9, pattern_type: :hardcoded_secret}
18:48:55.183 [debug] Match confidence: 0.1848, min_confidence: 0.7, match: %{type: "js-hardcoded-secret-password", context: %{node_type: "VariableDeclarator", depth: 3, parent_type: "VariableDeclaration"}, location: %{depth: 3, end_column: 661, end_line: 1, start_line: 1, start_column: 650}, severity: "high", pattern_id: "js-hardcoded-secret-password", pattern_name: "Hardcoded Password", recommendation: "Review this code for potential security issues", confidence: 0.9, pattern_type: :hardcoded_secret}
18:48:55.183 [debug] Match confidence: 0.1848, min_confidence: 0.7, match: %{type: "js-hardcoded-secret-password", context: %{node_type: "VariableDeclarator", depth: 3, parent_type: "VariableDeclaration"}, location: %{depth: 3, end_column: 678, end_line: 1, start_line: 1, start_column: 667}, severity: "high", pattern_id: "js-hardcoded-secret-password", pattern_name: "Hardcoded Password", recommendation: "Review this code for potential security issues", confidence: 0.9, pattern_type: :hardcoded_secret}
18:48:55.183 [debug] Match confidence: 0.1848, min_confidence: 0.7, match: %{type: "js-hardcoded-secret-password", context: %{node_type: "VariableDeclarator", depth: 3, parent_type: "VariableDeclaration"}, location: %{depth: 3, end_column: 695, end_line: 1, start_line: 1, start_column: 684}, severity: "high", pattern_id: "js-hardcoded-secret-password", pattern_name: "Hardcoded Password", recommendation: "Review this code for potential security issues", confidence: 0.9, pattern_type: :hardcoded_secret}
18:48:55.183 [debug] Match confidence: 0.1848, min_confidence: 0.7, match: %{type: "js-hardcoded-secret-password", context: %{node_type: "VariableDeclarator", depth: 3, parent_type: "VariableDeclaration"}, location: %{depth: 3, end_column: 712, end_line: 1, start_line: 1, start_column: 701}, severity: "high", pattern_id: "js-hardcoded-secret-password", pattern_name: "Hardcoded Password", recommendation: "Review this code for potential security issues", confidence: 0.9, pattern_type: :hardcoded_secret}
18:48:55.183 [debug] Match confidence: 0.1848, min_confidence: 0.7, match: %{type: "js-hardcoded-secret-password", context: %{node_type: "VariableDeclarator", depth: 3, parent_type: "VariableDeclaration"}, location: %{depth: 3, end_column: 729, end_line: 1, start_line: 1, start_column: 718}, severity: "high", pattern_id: "js-hardcoded-secret-password", pattern_name: "Hardcoded Password", recommendation: "Review this code for potential security issues", confidence: 0.9, pattern_type: :hardcoded_secret}
18:48:55.183 [debug] Match confidence: 0.1848, min_confidence: 0.7, match: %{type: "js-hardcoded-secret-password", context: %{node_type: "VariableDeclarator", depth: 3, parent_type: "VariableDeclaration"}, location: %{depth: 3, end_column: 746, end_line: 1, start_line: 1, start_column: 735}, severity: "high", pattern_id: "js-hardcoded-secret-password", pattern_name: "Hardcoded Password", recommendation: "Review this code for potential security issues", confidence: 0.9, pattern_type: :hardcoded_secret}
18:48:55.183 [debug] Match confidence: 0.1848, min_confidence: 0.7, match: %{type: "js-hardcoded-secret-password", context: %{node_type: "VariableDeclarator", depth: 3, parent_type: "VariableDeclaration"}, location: %{depth: 3, end_column: 763, end_line: 1, start_line: 1, start_column: 752}, severity: "high", pattern_id: "js-hardcoded-secret-password", pattern_name: "Hardcoded Password", recommendation: "Review this code for potential security issues", confidence: 0.9, pattern_type: :hardcoded_secret}
18:48:55.183 [debug] Match confidence: 0.1848, min_confidence: 0.7, match: %{type: "js-hardcoded-secret-password", context: %{node_type: "VariableDeclarator", depth: 3, parent_type: "VariableDeclaration"}, location: %{depth: 3, end_column: 780, end_line: 1, start_line: 1, start_column: 769}, severity: "high", pattern_id: "js-hardcoded-secret-password", pattern_name: "Hardcoded Password", recommendation: "Review this code for potential security issues", confidence: 0.9, pattern_type: :hardcoded_secret}
18:48:55.183 [debug] Match confidence: 0.1848, min_confidence: 0.7, match: %{type: "js-hardcoded-secret-password", context: %{node_type: "VariableDeclarator", depth: 3, parent_type: "VariableDeclaration"}, location: %{depth: 3, end_column: 797, end_line: 1, start_line: 1, start_column: 786}, severity: "high", pattern_id: "js-hardcoded-secret-password", pattern_name: "Hardcoded Password", recommendation: "Review this code for potential security issues", confidence: 0.9, pattern_type: :hardcoded_secret}
18:48:55.183 [debug] Match confidence: 0.1848, min_confidence: 0.7, match: %{type: "js-hardcoded-secret-password", context: %{node_type: "VariableDeclarator", depth: 3, parent_type: "VariableDeclaration"}, location: %{depth: 3, end_column: 814, end_line: 1, start_line: 1, start_column: 803}, severity: "high", pattern_id: "js-hardcoded-secret-password", pattern_name: "Hardcoded Password", recommendation: "Review this code for potential security issues", confidence: 0.9, pattern_type: :hardcoded_secret}
18:48:55.183 [debug] Match confidence: 0.1848, min_confidence: 0.7, match: %{type: "js-hardcoded-secret-password", context: %{node_type: "VariableDeclarator", depth: 3, parent_type: "VariableDeclaration"}, location: %{depth: 3, end_column: 831, end_line: 1, start_line: 1, start_column: 820}, severity: "high", pattern_id: "js-hardcoded-secret-password", pattern_name: "Hardcoded Password", recommendation: "Review this code for potential security issues", confidence: 0.9, pattern_type: :hardcoded_secret}
18:48:55.183 [debug] Match confidence: 0.1848, min_confidence: 0.7, match: %{type: "js-hardcoded-secret-password", context: %{node_type: "VariableDeclarator", depth: 3, parent_type: "VariableDeclaration"}, location: %{depth: 3, end_column: 848, end_line: 1, start_line: 1, start_column: 837}, severity: "high", pattern_id: "js-hardcoded-secret-password", pattern_name: "Hardcoded Password", recommendation: "Review this code for potential security issues", confidence: 0.9, pattern_type: :hardcoded_secret}
18:48:55.183 [debug] Match confidence: 0.1848, min_confidence: 0.7, match: %{type: "js-hardcoded-secret-password", context: %{node_type: "VariableDeclarator", depth: 3, parent_type: "VariableDeclaration"}, location: %{depth: 3, end_column: 865, end_line: 1, start_line: 1, start_column: 854}, severity: "high", pattern_id: "js-hardcoded-secret-password", pattern_name: "Hardcoded Password", recommendation: "Review this code for potential security issues", confidence: 0.9, pattern_type: :hardcoded_secret}
18:48:55.183 [debug] Match confidence: 0.1848, min_confidence: 0.7, match: %{type: "js-hardcoded-secret-password", context: %{node_type: "VariableDeclarator", depth: 3, parent_type: "VariableDeclaration"}, location: %{depth: 3, end_column: 882, end_line: 1, start_line: 1, start_column: 871}, severity: "high", pattern_id: "js-hardcoded-secret-password", pattern_name: "Hardcoded Password", recommendation: "Review this code for potential security issues", confidence: 0.9, pattern_type: :hardcoded_secret}
18:48:55.183 [debug] Match confidence: 0.1848, min_confidence: 0.7, match: %{type: "js-hardcoded-secret-password", context: %{node_type: "VariableDeclarator", depth: 3, parent_type: "VariableDeclaration"}, location: %{depth: 3, end_column: 899, end_line: 1, start_line: 1, start_column: 888}, severity: "high", pattern_id: "js-hardcoded-secret-password", pattern_name: "Hardcoded Password", recommendation: "Review this code for potential security issues", confidence: 0.9, pattern_type: :hardcoded_secret}
18:48:55.183 [debug] Match confidence: 0.1848, min_confidence: 0.7, match: %{type: "js-hardcoded-secret-password", context: %{node_type: "VariableDeclarator", depth: 3, parent_type: "VariableDeclaration"}, location: %{depth: 3, end_column: 916, end_line: 1, start_line: 1, start_column: 905}, severity: "high", pattern_id: "js-hardcoded-secret-password", pattern_name: "Hardcoded Password", recommendation: "Review this code for potential security issues", confidence: 0.9, pattern_type: :hardcoded_secret}
18:48:55.183 [debug] Match confidence: 0.1848, min_confidence: 0.7, match: %{type: "js-hardcoded-secret-password", context: %{node_type: "VariableDeclarator", depth: 3, parent_type: "VariableDeclaration"}, location: %{depth: 3, end_column: 933, end_line: 1, start_line: 1, start_column: 922}, severity: "high", pattern_id: "js-hardcoded-secret-password", pattern_name: "Hardcoded Password", recommendation: "Review this code for potential security issues", confidence: 0.9, pattern_type: :hardcoded_secret}
18:48:55.183 [debug] Match confidence: 0.1848, min_confidence: 0.7, match: %{type: "js-hardcoded-secret-password", context: %{node_type: "VariableDeclarator", depth: 3, parent_type: "VariableDeclaration"}, location: %{depth: 3, end_column: 950, end_line: 1, start_line: 1, start_column: 939}, severity: "high", pattern_id: "js-hardcoded-secret-password", pattern_name: "Hardcoded Password", recommendation: "Review this code for potential security issues", confidence: 0.9, pattern_type: :hardcoded_secret}
18:48:55.183 [debug] Match confidence: 0.1848, min_confidence: 0.7, match: %{type: "js-hardcoded-secret-password", context: %{node_type: "VariableDeclarator", depth: 3, parent_type: "VariableDeclaration"}, location: %{depth: 3, end_column: 967, end_line: 1, start_line: 1, start_column: 956}, severity: "high", pattern_id: "js-hardcoded-secret-password", pattern_name: "Hardcoded Password", recommendation: "Review this code for potential security issues", confidence: 0.9, pattern_type: :hardcoded_secret}
18:48:55.183 [debug] Match confidence: 0.1848, min_confidence: 0.7, match: %{type: "js-hardcoded-secret-password", context: %{node_type: "VariableDeclarator", depth: 3, parent_type: "VariableDeclaration"}, location: %{depth: 3, end_column: 984, end_line: 1, start_line: 1, start_column: 973}, severity: "high", pattern_id: "js-hardcoded-secret-password", pattern_name: "Hardcoded Password", recommendation: "Review this code for potential security issues", confidence: 0.9, pattern_type: :hardcoded_secret}
18:48:55.183 [debug] Match confidence: 0.1848, min_confidence: 0.7, match: %{type: "js-hardcoded-secret-password", context: %{node_type: "VariableDeclarator", depth: 3, parent_type: "VariableDeclaration"}, location: %{depth: 3, end_column: 1001, end_line: 1, start_line: 1, start_column: 990}, severity: "high", pattern_id: "js-hardcoded-secret-password", pattern_name: "Hardcoded Password", recommendation: "Review this code for potential security issues", confidence: 0.9, pattern_type: :hardcoded_secret}
18:48:55.183 [debug] Match confidence: 0.1848, min_confidence: 0.7, match: %{type: "js-hardcoded-secret-password", context: %{node_type: "VariableDeclarator", depth: 3, parent_type: "VariableDeclaration"}, location: %{depth: 3, end_column: 1018, end_line: 1, start_line: 1, start_column: 1007}, severity: "high", pattern_id: "js-hardcoded-secret-password", pattern_name: "Hardcoded Password", recommendation: "Review this code for potential security issues", confidence: 0.9, pattern_type: :hardcoded_secret}
18:48:55.183 [debug] Match confidence: 0.1848, min_confidence: 0.7, match: %{type: "js-hardcoded-secret-password", context: %{node_type: "VariableDeclarator", depth: 3, parent_type: "VariableDeclaration"}, location: %{depth: 3, end_column: 1035, end_line: 1, start_line: 1, start_column: 1024}, severity: "high", pattern_id: "js-hardcoded-secret-password", pattern_name: "Hardcoded Password", recommendation: "Review this code for potential security issues", confidence: 0.9, pattern_type: :hardcoded_secret}
18:48:55.183 [debug] Match confidence: 0.1848, min_confidence: 0.7, match: %{type: "js-hardcoded-secret-password", context: %{node_type: "VariableDeclarator", depth: 3, parent_type: "VariableDeclaration"}, location: %{depth: 3, end_column: 1052, end_line: 1, start_line: 1, start_column: 1041}, severity: "high", pattern_id: "js-hardcoded-secret-password", pattern_name: "Hardcoded Password", recommendation: "Review this code for potential security issues", confidence: 0.9, pattern_type: :hardcoded_secret}
18:48:55.184 [debug] Match confidence: 0.1848, min_confidence: 0.7, match: %{type: "js-hardcoded-secret-password", context: %{node_type: "VariableDeclarator", depth: 3, parent_type: "VariableDeclaration"}, location: %{depth: 3, end_column: 1069, end_line: 1, start_line: 1, start_column: 1058}, severity: "high", pattern_id: "js-hardcoded-secret-password", pattern_name: "Hardcoded Password", recommendation: "Review this code for potential security issues", confidence: 0.9, pattern_type: :hardcoded_secret}
18:48:55.184 [debug] Match confidence: 0.1848, min_confidence: 0.7, match: %{type: "js-hardcoded-secret-password", context: %{node_type: "VariableDeclarator", depth: 3, parent_type: "VariableDeclaration"}, location: %{depth: 3, end_column: 1086, end_line: 1, start_line: 1, start_column: 1075}, severity: "high", pattern_id: "js-hardcoded-secret-password", pattern_name: "Hardcoded Password", recommendation: "Review this code for potential security issues", confidence: 0.9, pattern_type: :hardcoded_secret}
18:48:55.184 [debug] Match confidence: 0.1848, min_confidence: 0.7, match: %{type: "js-hardcoded-secret-password", context: %{node_type: "VariableDeclarator", depth: 3, parent_type: "VariableDeclaration"}, location: %{depth: 3, end_column: 1103, end_line: 1, start_line: 1, start_column: 1092}, severity: "high", pattern_id: "js-hardcoded-secret-password", pattern_name: "Hardcoded Password", recommendation: "Review this code for potential security issues", confidence: 0.9, pattern_type: :hardcoded_secret}
18:48:55.184 [debug] Match confidence: 0.1848, min_confidence: 0.7, match: %{type: "js-hardcoded-secret-password", context: %{node_type: "VariableDeclarator", depth: 3, parent_type: "VariableDeclaration"}, location: %{depth: 3, end_column: 1120, end_line: 1, start_line: 1, start_column: 1109}, severity: "high", pattern_id: "js-hardcoded-secret-password", pattern_name: "Hardcoded Password", recommendation: "Review this code for potential security issues", confidence: 0.9, pattern_type: :hardcoded_secret}
18:48:55.184 [debug] Match confidence: 0.1848, min_confidence: 0.7, match: %{type: "js-hardcoded-secret-password", context: %{node_type: "VariableDeclarator", depth: 3, parent_type: "VariableDeclaration"}, location: %{depth: 3, end_column: 1137, end_line: 1, start_line: 1, start_column: 1126}, severity: "high", pattern_id: "js-hardcoded-secret-password", pattern_name: "Hardcoded Password", recommendation: "Review this code for potential security issues", confidence: 0.9, pattern_type: :hardcoded_secret}
18:48:55.184 [debug] Match confidence: 0.1848, min_confidence: 0.7, match: %{type: "js-hardcoded-secret-password", context: %{node_type: "VariableDeclarator", depth: 3, parent_type: "VariableDeclaration"}, location: %{depth: 3, end_column: 1154, end_line: 1, start_line: 1, start_column: 1143}, severity: "high", pattern_id: "js-hardcoded-secret-password", pattern_name: "Hardcoded Password", recommendation: "Review this code for potential security issues", confidence: 0.9, pattern_type: :hardcoded_secret}
18:48:55.184 [debug] Match confidence: 0.1848, min_confidence: 0.7, match: %{type: "js-hardcoded-secret-password", context: %{node_type: "VariableDeclarator", depth: 3, parent_type: "VariableDeclaration"}, location: %{depth: 3, end_column: 1171, end_line: 1, start_line: 1, start_column: 1160}, severity: "high", pattern_id: "js-hardcoded-secret-password", pattern_name: "Hardcoded Password", recommendation: "Review this code for potential security issues", confidence: 0.9, pattern_type: :hardcoded_secret}
18:48:55.184 [debug] Match confidence: 0.1848, min_confidence: 0.7, match: %{type: "js-hardcoded-secret-password", context: %{node_type: "VariableDeclarator", depth: 3, parent_type: "VariableDeclaration"}, location: %{depth: 3, end_column: 1188, end_line: 1, start_line: 1, start_column: 1177}, severity: "high", pattern_id: "js-hardcoded-secret-password", pattern_name: "Hardcoded Password", recommendation: "Review this code for potential security issues", confidence: 0.9, pattern_type: :hardcoded_secret}
18:48:55.184 [debug] Match confidence: 0.1848, min_confidence: 0.7, match: %{type: "js-hardcoded-secret-password", context: %{node_type: "VariableDeclarator", depth: 3, parent_type: "VariableDeclaration"}, location: %{depth: 3, end_column: 1205, end_line: 1, start_line: 1, start_column: 1194}, severity: "high", pattern_id: "js-hardcoded-secret-password", pattern_name: "Hardcoded Password", recommendation: "Review this code for potential security issues", confidence: 0.9, pattern_type: :hardcoded_secret}
18:48:55.184 [debug] Match confidence: 0.1848, min_confidence: 0.7, match: %{type: "js-hardcoded-secret-password", context: %{node_type: "VariableDeclarator", depth: 3, parent_type: "VariableDeclaration"}, location: %{depth: 3, end_column: 1222, end_line: 1, start_line: 1, start_column: 1211}, severity: "high", pattern_id: "js-hardcoded-secret-password", pattern_name: "Hardcoded Password", recommendation: "Review this code for potential security issues", confidence: 0.9, pattern_type: :hardcoded_secret}
18:48:55.184 [debug] Match confidence: 0.1848, min_confidence: 0.7, match: %{type: "js-hardcoded-secret-password", context: %{node_type: "VariableDeclarator", depth: 3, parent_type: "VariableDeclaration"}, location: %{depth: 3, end_column: 1239, end_line: 1, start_line: 1, start_column: 1228}, severity: "high", pattern_id: "js-hardcoded-secret-password", pattern_name: "Hardcoded Password", recommendation: "Review this code for potential security issues", confidence: 0.9, pattern_type: :hardcoded_secret}
18:48:55.184 [debug] Match confidence: 0.1848, min_confidence: 0.7, match: %{type: "js-hardcoded-secret-password", context: %{node_type: "VariableDeclarator", depth: 3, parent_type: "VariableDeclaration"}, location: %{depth: 3, end_column: 1256, end_line: 1, start_line: 1, start_column: 1245}, severity: "high", pattern_id: "js-hardcoded-secret-password", pattern_name: "Hardcoded Password", recommendation: "Review this code for potential security issues", confidence: 0.9, pattern_type: :hardcoded_secret}
18:48:55.184 [debug] Match confidence: 0.1848, min_confidence: 0.7, match: %{type: "js-hardcoded-secret-password", context: %{node_type: "VariableDeclarator", depth: 3, parent_type: "VariableDeclaration"}, location: %{depth: 3, end_column: 1273, end_line: 1, start_line: 1, start_column: 1262}, severity: "high", pattern_id: "js-hardcoded-secret-password", pattern_name: "Hardcoded Password", recommendation: "Review this code for potential security issues", confidence: 0.9, pattern_type: :hardcoded_secret}
18:48:55.184 [debug] Match confidence: 0.1848, min_confidence: 0.7, match: %{type: "js-hardcoded-secret-password", context: %{node_type: "VariableDeclarator", depth: 3, parent_type: "VariableDeclaration"}, location: %{depth: 3, end_column: 1290, end_line: 1, start_line: 1, start_column: 1279}, severity: "high", pattern_id: "js-hardcoded-secret-password", pattern_name: "Hardcoded Password", recommendation: "Review this code for potential security issues", confidence: 0.9, pattern_type: :hardcoded_secret}
18:48:55.184 [debug] Match confidence: 0.1848, min_confidence: 0.7, match: %{type: "js-hardcoded-secret-password", context: %{node_type: "VariableDeclarator", depth: 3, parent_type: "VariableDeclaration"}, location: %{depth: 3, end_column: 1307, end_line: 1, start_line: 1, start_column: 1296}, severity: "high", pattern_id: "js-hardcoded-secret-password", pattern_name: "Hardcoded Password", recommendation: "Review this code for potential security issues", confidence: 0.9, pattern_type: :hardcoded_secret}
18:48:55.184 [debug] Match confidence: 0.1848, min_confidence: 0.7, match: %{type: "js-hardcoded-secret-password", context: %{node_type: "VariableDeclarator", depth: 3, parent_type: "VariableDeclaration"}, location: %{depth: 3, end_column: 1324, end_line: 1, start_line: 1, start_column: 1313}, severity: "high", pattern_id: "js-hardcoded-secret-password", pattern_name: "Hardcoded Password", recommendation: "Review this code for potential security issues", confidence: 0.9, pattern_type: :hardcoded_secret}
18:48:55.184 [debug] Match confidence: 0.1848, min_confidence: 0.7, match: %{type: "js-hardcoded-secret-password", context: %{node_type: "VariableDeclarator", depth: 3, parent_type: "VariableDeclaration"}, location: %{depth: 3, end_column: 1341, end_line: 1, start_line: 1, start_column: 1330}, severity: "high", pattern_id: "js-hardcoded-secret-password", pattern_name: "Hardcoded Password", recommendation: "Review this code for potential security issues", confidence: 0.9, pattern_type: :hardcoded_secret}
18:48:55.184 [debug] Match confidence: 0.1848, min_confidence: 0.7, match: %{type: "js-hardcoded-secret-password", context: %{node_type: "VariableDeclarator", depth: 3, parent_type: "VariableDeclaration"}, location: %{depth: 3, end_column: 1358, end_line: 1, start_line: 1, start_column: 1347}, severity: "high", pattern_id: "js-hardcoded-secret-password", pattern_name: "Hardcoded Password", recommendation: "Review this code for potential security issues", confidence: 0.9, pattern_type: :hardcoded_secret}
18:48:55.184 [debug] Match confidence: 0.1848, min_confidence: 0.7, match: %{type: "js-hardcoded-secret-password", context: %{node_type: "VariableDeclarator", depth: 3, parent_type: "VariableDeclaration"}, location: %{depth: 3, end_column: 1375, end_line: 1, start_line: 1, start_column: 1364}, severity: "high", pattern_id: "js-hardcoded-secret-password", pattern_name: "Hardcoded Password", recommendation: "Review this code for potential security issues", confidence: 0.9, pattern_type: :hardcoded_secret}
18:48:55.184 [debug] Match confidence: 0.1848, min_confidence: 0.7, match: %{type: "js-hardcoded-secret-password", context: %{node_type: "VariableDeclarator", depth: 3, parent_type: "VariableDeclaration"}, location: %{depth: 3, end_column: 1392, end_line: 1, start_line: 1, start_column: 1381}, severity: "high", pattern_id: "js-hardcoded-secret-password", pattern_name: "Hardcoded Password", recommendation: "Review this code for potential security issues", confidence: 0.9, pattern_type: :hardcoded_secret}
18:48:55.184 [debug] Match confidence: 0.1848, min_confidence: 0.7, match: %{type: "js-hardcoded-secret-password", context: %{node_type: "VariableDeclarator", depth: 3, parent_type: "VariableDeclaration"}, location: %{depth: 3, end_column: 1409, end_line: 1, start_line: 1, start_column: 1398}, severity: "high", pattern_id: "js-hardcoded-secret-password", pattern_name: "Hardcoded Password", recommendation: "Review this code for potential security issues", confidence: 0.9, pattern_type: :hardcoded_secret}
18:48:55.184 [debug] Match confidence: 0.1848, min_confidence: 0.7, match: %{type: "js-hardcoded-secret-password", context: %{node_type: "VariableDeclarator", depth: 3, parent_type: "VariableDeclaration"}, location: %{depth: 3, end_column: 1426, end_line: 1, start_line: 1, start_column: 1415}, severity: "high", pattern_id: "js-hardcoded-secret-password", pattern_name: "Hardcoded Password", recommendation: "Review this code for potential security issues", confidence: 0.9, pattern_type: :hardcoded_secret}
18:48:55.184 [debug] Match confidence: 0.1848, min_confidence: 0.7, match: %{type: "js-hardcoded-secret-password", context: %{node_type: "VariableDeclarator", depth: 3, parent_type: "VariableDeclaration"}, location: %{depth: 3, end_column: 1443, end_line: 1, start_line: 1, start_column: 1432}, severity: "high", pattern_id: "js-hardcoded-secret-password", pattern_name: "Hardcoded Password", recommendation: "Review this code for potential security issues", confidence: 0.9, pattern_type: :hardcoded_secret}
18:48:55.184 [debug] Match confidence: 0.1848, min_confidence: 0.7, match: %{type: "js-hardcoded-secret-password", context: %{node_type: "VariableDeclarator", depth: 3, parent_type: "VariableDeclaration"}, location: %{depth: 3, end_column: 1460, end_line: 1, start_line: 1, start_column: 1449}, severity: "high", pattern_id: "js-hardcoded-secret-password", pattern_name: "Hardcoded Password", recommendation: "Review this code for potential security issues", confidence: 0.9, pattern_type: :hardcoded_secret}
18:48:55.184 [debug] Match confidence: 0.1848, min_confidence: 0.7, match: %{type: "js-hardcoded-secret-password", context: %{node_type: "VariableDeclarator", depth: 3, parent_type: "VariableDeclaration"}, location: %{depth: 3, end_column: 1477, end_line: 1, start_line: 1, start_column: 1466}, severity: "high", pattern_id: "js-hardcoded-secret-password", pattern_name: "Hardcoded Password", recommendation: "Review this code for potential security issues", confidence: 0.9, pattern_type: :hardcoded_secret}
18:48:55.184 [debug] Match confidence: 0.1848, min_confidence: 0.7, match: %{type: "js-hardcoded-secret-password", context: %{node_type: "VariableDeclarator", depth: 3, parent_type: "VariableDeclaration"}, location: %{depth: 3, end_column: 1494, end_line: 1, start_line: 1, start_column: 1483}, severity: "high", pattern_id: "js-hardcoded-secret-password", pattern_name: "Hardcoded Password", recommendation: "Review this code for potential security issues", confidence: 0.9, pattern_type: :hardcoded_secret}
18:48:55.184 [debug] Match confidence: 0.1848, min_confidence: 0.7, match: %{type: "js-hardcoded-secret-password", context: %{node_type: "VariableDeclarator", depth: 3, parent_type: "VariableDeclaration"}, location: %{depth: 3, end_column: 1511, end_line: 1, start_line: 1, start_column: 1500}, severity: "high", pattern_id: "js-hardcoded-secret-password", pattern_name: "Hardcoded Password", recommendation: "Review this code for potential security issues", confidence: 0.9, pattern_type: :hardcoded_secret}
18:48:55.184 [debug] Match confidence: 0.1848, min_confidence: 0.7, match: %{type: "js-hardcoded-secret-password", context: %{node_type: "VariableDeclarator", depth: 3, parent_type: "VariableDeclaration"}, location: %{depth: 3, end_column: 1528, end_line: 1, start_line: 1, start_column: 1517}, severity: "high", pattern_id: "js-hardcoded-secret-password", pattern_name: "Hardcoded Password", recommendation: "Review this code for potential security issues", confidence: 0.9, pattern_type: :hardcoded_secret}
18:48:55.185 [debug] Match confidence: 0.1848, min_confidence: 0.7, match: %{type: "js-hardcoded-secret-password", context: %{node_type: "VariableDeclarator", depth: 3, parent_type: "VariableDeclaration"}, location: %{depth: 3, end_column: 1545, end_line: 1, start_line: 1, start_column: 1534}, severity: "high", pattern_id: "js-hardcoded-secret-password", pattern_name: "Hardcoded Password", recommendation: "Review this code for potential security issues", confidence: 0.9, pattern_type: :hardcoded_secret}
18:48:55.185 [debug] Match confidence: 0.1848, min_confidence: 0.7, match: %{type: "js-hardcoded-secret-password", context: %{node_type: "VariableDeclarator", depth: 3, parent_type: "VariableDeclaration"}, location: %{depth: 3, end_column: 1562, end_line: 1, start_line: 1, start_column: 1551}, severity: "high", pattern_id: "js-hardcoded-secret-password", pattern_name: "Hardcoded Password", recommendation: "Review this code for potential security issues", confidence: 0.9, pattern_type: :hardcoded_secret}
18:48:55.185 [debug] Match confidence: 0.1848, min_confidence: 0.7, match: %{type: "js-hardcoded-secret-password", context: %{node_type: "VariableDeclarator", depth: 3, parent_type: "VariableDeclaration"}, location: %{depth: 3, end_column: 1579, end_line: 1, start_line: 1, start_column: 1568}, severity: "high", pattern_id: "js-hardcoded-secret-password", pattern_name: "Hardcoded Password", recommendation: "Review this code for potential security issues", confidence: 0.9, pattern_type: :hardcoded_secret}
18:48:55.185 [debug] Match confidence: 0.1848, min_confidence: 0.7, match: %{type: "js-hardcoded-secret-password", context: %{node_type: "VariableDeclarator", depth: 3, parent_type: "VariableDeclaration"}, location: %{depth: 3, end_column: 1596, end_line: 1, start_line: 1, start_column: 1585}, severity: "high", pattern_id: "js-hardcoded-secret-password", pattern_name: "Hardcoded Password", recommendation: "Review this code for potential security issues", confidence: 0.9, pattern_type: :hardcoded_secret}
18:48:55.185 [debug] Match confidence: 0.1848, min_confidence: 0.7, match: %{type: "js-hardcoded-secret-password", context: %{node_type: "VariableDeclarator", depth: 3, parent_type: "VariableDeclaration"}, location: %{depth: 3, end_column: 1613, end_line: 1, start_line: 1, start_column: 1602}, severity: "high", pattern_id: "js-hardcoded-secret-password", pattern_name: "Hardcoded Password", recommendation: "Review this code for potential security issues", confidence: 0.9, pattern_type: :hardcoded_secret}
18:48:55.185 [debug] Match confidence: 0.1848, min_confidence: 0.7, match: %{type: "js-hardcoded-secret-password", context: %{node_type: "VariableDeclarator", depth: 3, parent_type: "VariableDeclaration"}, location: %{depth: 3, end_column: 1630, end_line: 1, start_line: 1, start_column: 1619}, severity: "high", pattern_id: "js-hardcoded-secret-password", pattern_name: "Hardcoded Password", recommendation: "Review this code for potential security issues", confidence: 0.9, pattern_type: :hardcoded_secret}
18:48:55.186 [debug] Match confidence: 0.1848, min_confidence: 0.7, match: %{type: "js-hardcoded-secret-password", context: %{node_type: "VariableDeclarator", depth: 3, parent_type: "VariableDeclaration"}, location: %{depth: 3, end_column: 1647, end_line: 1, start_line: 1, start_column: 1636}, severity: "high", pattern_id: "js-hardcoded-secret-password", pattern_name: "Hardcoded Password", recommendation: "Review this code for potential security issues", confidence: 0.9, pattern_type: :hardcoded_secret}
18:48:55.186 [debug] Match confidence: 0.1848, min_confidence: 0.7, match: %{type: "js-hardcoded-secret-password", context: %{node_type: "VariableDeclarator", depth: 3, parent_type: "VariableDeclaration"}, location: %{depth: 3, end_column: 1664, end_line: 1, start_line: 1, start_column: 1653}, severity: "high", pattern_id: "js-hardcoded-secret-password", pattern_name: "Hardcoded Password", recommendation: "Review this code for potential security issues", confidence: 0.9, pattern_type: :hardcoded_secret}
18:48:55.186 [debug] Match confidence: 0.1848, min_confidence: 0.7, match: %{type: "js-hardcoded-secret-password", context: %{node_type: "VariableDeclarator", depth: 3, parent_type: "VariableDeclaration"}, location: %{depth: 3, end_column: 1681, end_line: 1, start_line: 1, start_column: 1670}, severity: "high", pattern_id: "js-hardcoded-secret-password", pattern_name: "Hardcoded Password", recommendation: "Review this code for potential security issues", confidence: 0.9, pattern_type: :hardcoded_secret}
18:48:55.188 [debug] Match confidence: 0.1848, min_confidence: 0.7, match: %{type: "js-hardcoded-secret-password", context: %{node_type: "VariableDeclarator", depth: 3, parent_type: "VariableDeclaration"}, location: %{depth: 3, end_column: 1698, end_line: 1, start_line: 1, start_column: 1687}, severity: "high", pattern_id: "js-hardcoded-secret-password", pattern_name: "Hardcoded Password", recommendation: "Review this code for potential security issues", confidence: 0.9, pattern_type: :hardcoded_secret}
18:48:55.194 [debug] Match confidence: 0.1848, min_confidence: 0.7, match: %{type: "js-hardcoded-secret-api-key", context: %{node_type: "VariableDeclarator", depth: 3, parent_type: "VariableDeclaration"}, location: %{depth: 3, end_column: 15, end_line: 1, start_line: 1, start_column: 4}, severity: "high", pattern_id: "js-hardcoded-secret-api-key", pattern_name: "Hardcoded API Key", recommendation: "Review this code for potential security issues", confidence: 0.9, pattern_type: :hardcoded_secret}
18:48:55.194 [debug] Match confidence: 0.1848, min_confidence: 0.7, match: %{type: "js-hardcoded-secret-api-key", context: %{node_type: "VariableDeclarator", depth: 3, parent_type: "VariableDeclaration"}, location: %{depth: 3, end_column: 32, end_line: 1, start_line: 1, start_column: 21}, severity: "high", pattern_id: "js-hardcoded-secret-api-key", pattern_name: "Hardcoded API Key", recommendation: "Review this code for potential security issues", confidence: 0.9, pattern_type: :hardcoded_secret}
18:48:55.194 [debug] Match confidence: 0.1848, min_confidence: 0.7, match: %{type: "js-hardcoded-secret-api-key", context: %{node_type: "VariableDeclarator", depth: 3, parent_type: "VariableDeclaration"}, location: %{depth: 3, end_column: 49, end_line: 1, start_line: 1, start_column: 38}, severity: "high", pattern_id: "js-hardcoded-secret-api-key", pattern_name: "Hardcoded API Key", recommendation: "Review this code for potential security issues", confidence: 0.9, pattern_type: :hardcoded_secret}
18:48:55.194 [debug] Match confidence: 0.1848, min_confidence: 0.7, match: %{type: "js-hardcoded-secret-api-key", context: %{node_type: "VariableDeclarator", depth: 3, parent_type: "VariableDeclaration"}, location: %{depth: 3, end_column: 66, end_line: 1, start_line: 1, start_column: 55}, severity: "high", pattern_id: "js-hardcoded-secret-api-key", pattern_name: "Hardcoded API Key", recommendation: "Review this code for potential security issues", confidence: 0.9, pattern_type: :hardcoded_secret}
18:48:55.194 [debug] Match confidence: 0.1848, min_confidence: 0.7, match: %{type: "js-hardcoded-secret-api-key", context: %{node_type: "VariableDeclarator", depth: 3, parent_type: "VariableDeclaration"}, location: %{depth: 3, end_column: 83, end_line: 1, start_line: 1, start_column: 72}, severity: "high", pattern_id: "js-hardcoded-secret-api-key", pattern_name: "Hardcoded API Key", recommendation: "Review this code for potential security issues", confidence: 0.9, pattern_type: :hardcoded_secret}
18:48:55.194 [debug] Match confidence: 0.1848, min_confidence: 0.7, match: %{type: "js-hardcoded-secret-api-key", context: %{node_type: "VariableDeclarator", depth: 3, parent_type: "VariableDeclaration"}, location: %{depth: 3, end_column: 100, end_line: 1, start_line: 1, start_column: 89}, severity: "high", pattern_id: "js-hardcoded-secret-api-key", pattern_name: "Hardcoded API Key", recommendation: "Review this code for potential security issues", confidence: 0.9, pattern_type: :hardcoded_secret}
18:48:55.194 [debug] Match confidence: 0.1848, min_confidence: 0.7, match: %{type: "js-hardcoded-secret-api-key", context: %{node_type: "VariableDeclarator", depth: 3, parent_type: "VariableDeclaration"}, location: %{depth: 3, end_column: 117, end_line: 1, start_line: 1, start_column: 106}, severity: "high", pattern_id: "js-hardcoded-secret-api-key", pattern_name: "Hardcoded API Key", recommendation: "Review this code for potential security issues", confidence: 0.9, pattern_type: :hardcoded_secret}
18:48:55.195 [debug] Match confidence: 0.1848, min_confidence: 0.7, match: %{type: "js-hardcoded-secret-api-key", context: %{node_type: "VariableDeclarator", depth: 3, parent_type: "VariableDeclaration"}, location: %{depth: 3, end_column: 134, end_line: 1, start_line: 1, start_column: 123}, severity: "high", pattern_id: "js-hardcoded-secret-api-key", pattern_name: "Hardcoded API Key", recommendation: "Review this code for potential security issues", confidence: 0.9, pattern_type: :hardcoded_secret}
18:48:55.195 [debug] Match confidence: 0.1848, min_confidence: 0.7, match: %{type: "js-hardcoded-secret-api-key", context: %{node_type: "VariableDeclarator", depth: 3, parent_type: "VariableDeclaration"}, location: %{depth: 3, end_column: 151, end_line: 1, start_line: 1, start_column: 140}, severity: "high", pattern_id: "js-hardcoded-secret-api-key", pattern_name: "Hardcoded API Key", recommendation: "Review this code for potential security issues", confidence: 0.9, pattern_type: :hardcoded_secret}
18:48:55.195 [debug] Match confidence: 0.1848, min_confidence: 0.7, match: %{type: "js-hardcoded-secret-api-key", context: %{node_type: "VariableDeclarator", depth: 3, parent_type: "VariableDeclaration"}, location: %{depth: 3, end_column: 168, end_line: 1, start_line: 1, start_column: 157}, severity: "high", pattern_id: "js-hardcoded-secret-api-key", pattern_name: "Hardcoded API Key", recommendation: "Review this code for potential security issues", confidence: 0.9, pattern_type: :hardcoded_secret}
18:48:55.195 [debug] Match confidence: 0.1848, min_confidence: 0.7, match: %{type: "js-hardcoded-secret-api-key", context: %{node_type: "VariableDeclarator", depth: 3, parent_type: "VariableDeclaration"}, location: %{depth: 3, end_column: 185, end_line: 1, start_line: 1, start_column: 174}, severity: "high", pattern_id: "js-hardcoded-secret-api-key", pattern_name: "Hardcoded API Key", recommendation: "Review this code for potential security issues", confidence: 0.9, pattern_type: :hardcoded_secret}
18:48:55.195 [debug] Match confidence: 0.1848, min_confidence: 0.7, match: %{type: "js-hardcoded-secret-api-key", context: %{node_type: "VariableDeclarator", depth: 3, parent_type: "VariableDeclaration"}, location: %{depth: 3, end_column: 202, end_line: 1, start_line: 1, start_column: 191}, severity: "high", pattern_id: "js-hardcoded-secret-api-key", pattern_name: "Hardcoded API Key", recommendation: "Review this code for potential security issues", confidence: 0.9, pattern_type: :hardcoded_secret}
18:48:55.195 [debug] Match confidence: 0.1848, min_confidence: 0.7, match: %{type: "js-hardcoded-secret-api-key", context: %{node_type: "VariableDeclarator", depth: 3, parent_type: "VariableDeclaration"}, location: %{depth: 3, end_column: 219, end_line: 1, start_line: 1, start_column: 208}, severity: "high", pattern_id: "js-hardcoded-secret-api-key", pattern_name: "Hardcoded API Key", recommendation: "Review this code for potential security issues", confidence: 0.9, pattern_type: :hardcoded_secret}
18:48:55.195 [debug] Match confidence: 0.1848, min_confidence: 0.7, match: %{type: "js-hardcoded-secret-api-key", context: %{node_type: "VariableDeclarator", depth: 3, parent_type: "VariableDeclaration"}, location: %{depth: 3, end_column: 236, end_line: 1, start_line: 1, start_column: 225}, severity: "high", pattern_id: "js-hardcoded-secret-api-key", pattern_name: "Hardcoded API Key", recommendation: "Review this code for potential security issues", confidence: 0.9, pattern_type: :hardcoded_secret}
18:48:55.195 [debug] Match confidence: 0.1848, min_confidence: 0.7, match: %{type: "js-hardcoded-secret-api-key", context: %{node_type: "VariableDeclarator", depth: 3, parent_type: "VariableDeclaration"}, location: %{depth: 3, end_column: 253, end_line: 1, start_line: 1, start_column: 242}, severity: "high", pattern_id: "js-hardcoded-secret-api-key", pattern_name: "Hardcoded API Key", recommendation: "Review this code for potential security issues", confidence: 0.9, pattern_type: :hardcoded_secret}
18:48:55.195 [debug] Match confidence: 0.1848, min_confidence: 0.7, match: %{type: "js-hardcoded-secret-api-key", context: %{node_type: "VariableDeclarator", depth: 3, parent_type: "VariableDeclaration"}, location: %{depth: 3, end_column: 270, end_line: 1, start_line: 1, start_column: 259}, severity: "high", pattern_id: "js-hardcoded-secret-api-key", pattern_name: "Hardcoded API Key", recommendation: "Review this code for potential security issues", confidence: 0.9, pattern_type: :hardcoded_secret}
18:48:55.195 [debug] Match confidence: 0.1848, min_confidence: 0.7, match: %{type: "js-hardcoded-secret-api-key", context: %{node_type: "VariableDeclarator", depth: 3, parent_type: "VariableDeclaration"}, location: %{depth: 3, end_column: 287, end_line: 1, start_line: 1, start_column: 276}, severity: "high", pattern_id: "js-hardcoded-secret-api-key", pattern_name: "Hardcoded API Key", recommendation: "Review this code for potential security issues", confidence: 0.9, pattern_type: :hardcoded_secret}
18:48:55.195 [debug] Match confidence: 0.1848, min_confidence: 0.7, match: %{type: "js-hardcoded-secret-api-key", context: %{node_type: "VariableDeclarator", depth: 3, parent_type: "VariableDeclaration"}, location: %{depth: 3, end_column: 304, end_line: 1, start_line: 1, start_column: 293}, severity: "high", pattern_id: "js-hardcoded-secret-api-key", pattern_name: "Hardcoded API Key", recommendation: "Review this code for potential security issues", confidence: 0.9, pattern_type: :hardcoded_secret}
18:48:55.195 [debug] Match confidence: 0.1848, min_confidence: 0.7, match: %{type: "js-hardcoded-secret-api-key", context: %{node_type: "VariableDeclarator", depth: 3, parent_type: "VariableDeclaration"}, location: %{depth: 3, end_column: 321, end_line: 1, start_line: 1, start_column: 310}, severity: "high", pattern_id: "js-hardcoded-secret-api-key", pattern_name: "Hardcoded API Key", recommendation: "Review this code for potential security issues", confidence: 0.9, pattern_type: :hardcoded_secret}
18:48:55.195 [debug] Match confidence: 0.1848, min_confidence: 0.7, match: %{type: "js-hardcoded-secret-api-key", context: %{node_type: "VariableDeclarator", depth: 3, parent_type: "VariableDeclaration"}, location: %{depth: 3, end_column: 338, end_line: 1, start_line: 1, start_column: 327}, severity: "high", pattern_id: "js-hardcoded-secret-api-key", pattern_name: "Hardcoded API Key", recommendation: "Review this code for potential security issues", confidence: 0.9, pattern_type: :hardcoded_secret}
18:48:55.195 [debug] Match confidence: 0.1848, min_confidence: 0.7, match: %{type: "js-hardcoded-secret-api-key", context: %{node_type: "VariableDeclarator", depth: 3, parent_type: "VariableDeclaration"}, location: %{depth: 3, end_column: 355, end_line: 1, start_line: 1, start_column: 344}, severity: "high", pattern_id: "js-hardcoded-secret-api-key", pattern_name: "Hardcoded API Key", recommendation: "Review this code for potential security issues", confidence: 0.9, pattern_type: :hardcoded_secret}
18:48:55.195 [debug] Match confidence: 0.1848, min_confidence: 0.7, match: %{type: "js-hardcoded-secret-api-key", context: %{node_type: "VariableDeclarator", depth: 3, parent_type: "VariableDeclaration"}, location: %{depth: 3, end_column: 372, end_line: 1, start_line: 1, start_column: 361}, severity: "high", pattern_id: "js-hardcoded-secret-api-key", pattern_name: "Hardcoded API Key", recommendation: "Review this code for potential security issues", confidence: 0.9, pattern_type: :hardcoded_secret}
18:48:55.195 [debug] Match confidence: 0.1848, min_confidence: 0.7, match: %{type: "js-hardcoded-secret-api-key", context: %{node_type: "VariableDeclarator", depth: 3, parent_type: "VariableDeclaration"}, location: %{depth: 3, end_column: 389, end_line: 1, start_line: 1, start_column: 378}, severity: "high", pattern_id: "js-hardcoded-secret-api-key", pattern_name: "Hardcoded API Key", recommendation: "Review this code for potential security issues", confidence: 0.9, pattern_type: :hardcoded_secret}
18:48:55.195 [debug] Match confidence: 0.1848, min_confidence: 0.7, match: %{type: "js-hardcoded-secret-api-key", context: %{node_type: "VariableDeclarator", depth: 3, parent_type: "VariableDeclaration"}, location: %{depth: 3, end_column: 406, end_line: 1, start_line: 1, start_column: 395}, severity: "high", pattern_id: "js-hardcoded-secret-api-key", pattern_name: "Hardcoded API Key", recommendation: "Review this code for potential security issues", confidence: 0.9, pattern_type: :hardcoded_secret}
18:48:55.195 [debug] Match confidence: 0.1848, min_confidence: 0.7, match: %{type: "js-hardcoded-secret-api-key", context: %{node_type: "VariableDeclarator", depth: 3, parent_type: "VariableDeclaration"}, location: %{depth: 3, end_column: 423, end_line: 1, start_line: 1, start_column: 412}, severity: "high", pattern_id: "js-hardcoded-secret-api-key", pattern_name: "Hardcoded API Key", recommendation: "Review this code for potential security issues", confidence: 0.9, pattern_type: :hardcoded_secret}
18:48:55.195 [debug] Match confidence: 0.1848, min_confidence: 0.7, match: %{type: "js-hardcoded-secret-api-key", context: %{node_type: "VariableDeclarator", depth: 3, parent_type: "VariableDeclaration"}, location: %{depth: 3, end_column: 440, end_line: 1, start_line: 1, start_column: 429}, severity: "high", pattern_id: "js-hardcoded-secret-api-key", pattern_name: "Hardcoded API Key", recommendation: "Review this code for potential security issues", confidence: 0.9, pattern_type: :hardcoded_secret}
18:48:55.195 [debug] Match confidence: 0.1848, min_confidence: 0.7, match: %{type: "js-hardcoded-secret-api-key", context: %{node_type: "VariableDeclarator", depth: 3, parent_type: "VariableDeclaration"}, location: %{depth: 3, end_column: 457, end_line: 1, start_line: 1, start_column: 446}, severity: "high", pattern_id: "js-hardcoded-secret-api-key", pattern_name: "Hardcoded API Key", recommendation: "Review this code for potential security issues", confidence: 0.9, pattern_type: :hardcoded_secret}
18:48:55.195 [debug] Match confidence: 0.1848, min_confidence: 0.7, match: %{type: "js-hardcoded-secret-api-key", context: %{node_type: "VariableDeclarator", depth: 3, parent_type: "VariableDeclaration"}, location: %{depth: 3, end_column: 474, end_line: 1, start_line: 1, start_column: 463}, severity: "high", pattern_id: "js-hardcoded-secret-api-key", pattern_name: "Hardcoded API Key", recommendation: "Review this code for potential security issues", confidence: 0.9, pattern_type: :hardcoded_secret}
18:48:55.195 [debug] Match confidence: 0.1848, min_confidence: 0.7, match: %{type: "js-hardcoded-secret-api-key", context: %{node_type: "VariableDeclarator", depth: 3, parent_type: "VariableDeclaration"}, location: %{depth: 3, end_column: 491, end_line: 1, start_line: 1, start_column: 480}, severity: "high", pattern_id: "js-hardcoded-secret-api-key", pattern_name: "Hardcoded API Key", recommendation: "Review this code for potential security issues", confidence: 0.9, pattern_type: :hardcoded_secret}
18:48:55.195 [debug] Match confidence: 0.1848, min_confidence: 0.7, match: %{type: "js-hardcoded-secret-api-key", context: %{node_type: "VariableDeclarator", depth: 3, parent_type: "VariableDeclaration"}, location: %{depth: 3, end_column: 508, end_line: 1, start_line: 1, start_column: 497}, severity: "high", pattern_id: "js-hardcoded-secret-api-key", pattern_name: "Hardcoded API Key", recommendation: "Review this code for potential security issues", confidence: 0.9, pattern_type: :hardcoded_secret}
18:48:55.195 [debug] Match confidence: 0.1848, min_confidence: 0.7, match: %{type: "js-hardcoded-secret-api-key", context: %{node_type: "VariableDeclarator", depth: 3, parent_type: "VariableDeclaration"}, location: %{depth: 3, end_column: 525, end_line: 1, start_line: 1, start_column: 514}, severity: "high", pattern_id: "js-hardcoded-secret-api-key", pattern_name: "Hardcoded API Key", recommendation: "Review this code for potential security issues", confidence: 0.9, pattern_type: :hardcoded_secret}
18:48:55.195 [debug] Match confidence: 0.1848, min_confidence: 0.7, match: %{type: "js-hardcoded-secret-api-key", context: %{node_type: "VariableDeclarator", depth: 3, parent_type: "VariableDeclaration"}, location: %{depth: 3, end_column: 542, end_line: 1, start_line: 1, start_column: 531}, severity: "high", pattern_id: "js-hardcoded-secret-api-key", pattern_name: "Hardcoded API Key", recommendation: "Review this code for potential security issues", confidence: 0.9, pattern_type: :hardcoded_secret}
18:48:55.196 [debug] Match confidence: 0.1848, min_confidence: 0.7, match: %{type: "js-hardcoded-secret-api-key", context: %{node_type: "VariableDeclarator", depth: 3, parent_type: "VariableDeclaration"}, location: %{depth: 3, end_column: 559, end_line: 1, start_line: 1, start_column: 548}, severity: "high", pattern_id: "js-hardcoded-secret-api-key", pattern_name: "Hardcoded API Key", recommendation: "Review this code for potential security issues", confidence: 0.9, pattern_type: :hardcoded_secret}
18:48:55.196 [debug] Match confidence: 0.1848, min_confidence: 0.7, match: %{type: "js-hardcoded-secret-api-key", context: %{node_type: "VariableDeclarator", depth: 3, parent_type: "VariableDeclaration"}, location: %{depth: 3, end_column: 576, end_line: 1, start_line: 1, start_column: 565}, severity: "high", pattern_id: "js-hardcoded-secret-api-key", pattern_name: "Hardcoded API Key", recommendation: "Review this code for potential security issues", confidence: 0.9, pattern_type: :hardcoded_secret}
18:48:55.196 [debug] Match confidence: 0.1848, min_confidence: 0.7, match: %{type: "js-hardcoded-secret-api-key", context: %{node_type: "VariableDeclarator", depth: 3, parent_type: "VariableDeclaration"}, location: %{depth: 3, end_column: 593, end_line: 1, start_line: 1, start_column: 582}, severity: "high", pattern_id: "js-hardcoded-secret-api-key", pattern_name: "Hardcoded API Key", recommendation: "Review this code for potential security issues", confidence: 0.9, pattern_type: :hardcoded_secret}
18:48:55.196 [debug] Match confidence: 0.1848, min_confidence: 0.7, match: %{type: "js-hardcoded-secret-api-key", context: %{node_type: "VariableDeclarator", depth: 3, parent_type: "VariableDeclaration"}, location: %{depth: 3, end_column: 610, end_line: 1, start_line: 1, start_column: 599}, severity: "high", pattern_id: "js-hardcoded-secret-api-key", pattern_name: "Hardcoded API Key", recommendation: "Review this code for potential security issues", confidence: 0.9, pattern_type: :hardcoded_secret}
18:48:55.196 [debug] Match confidence: 0.1848, min_confidence: 0.7, match: %{type: "js-hardcoded-secret-api-key", context: %{node_type: "VariableDeclarator", depth: 3, parent_type: "VariableDeclaration"}, location: %{depth: 3, end_column: 627, end_line: 1, start_line: 1, start_column: 616}, severity: "high", pattern_id: "js-hardcoded-secret-api-key", pattern_name: "Hardcoded API Key", recommendation: "Review this code for potential security issues", confidence: 0.9, pattern_type: :hardcoded_secret}
18:48:55.196 [debug] Match confidence: 0.1848, min_confidence: 0.7, match: %{type: "js-hardcoded-secret-api-key", context: %{node_type: "VariableDeclarator", depth: 3, parent_type: "VariableDeclaration"}, location: %{depth: 3, end_column: 644, end_line: 1, start_line: 1, start_column: 633}, severity: "high", pattern_id: "js-hardcoded-secret-api-key", pattern_name: "Hardcoded API Key", recommendation: "Review this code for potential security issues", confidence: 0.9, pattern_type: :hardcoded_secret}
18:48:55.196 [debug] Match confidence: 0.1848, min_confidence: 0.7, match: %{type: "js-hardcoded-secret-api-key", context: %{node_type: "VariableDeclarator", depth: 3, parent_type: "VariableDeclaration"}, location: %{depth: 3, end_column: 661, end_line: 1, start_line: 1, start_column: 650}, severity: "high", pattern_id: "js-hardcoded-secret-api-key", pattern_name: "Hardcoded API Key", recommendation: "Review this code for potential security issues", confidence: 0.9, pattern_type: :hardcoded_secret}
18:48:55.196 [debug] Match confidence: 0.1848, min_confidence: 0.7, match: %{type: "js-hardcoded-secret-api-key", context: %{node_type: "VariableDeclarator", depth: 3, parent_type: "VariableDeclaration"}, location: %{depth: 3, end_column: 678, end_line: 1, start_line: 1, start_column: 667}, severity: "high", pattern_id: "js-hardcoded-secret-api-key", pattern_name: "Hardcoded API Key", recommendation: "Review this code for potential security issues", confidence: 0.9, pattern_type: :hardcoded_secret}
18:48:55.196 [debug] Match confidence: 0.1848, min_confidence: 0.7, match: %{type: "js-hardcoded-secret-api-key", context: %{node_type: "VariableDeclarator", depth: 3, parent_type: "VariableDeclaration"}, location: %{depth: 3, end_column: 695, end_line: 1, start_line: 1, start_column: 684}, severity: "high", pattern_id: "js-hardcoded-secret-api-key", pattern_name: "Hardcoded API Key", recommendation: "Review this code for potential security issues", confidence: 0.9, pattern_type: :hardcoded_secret}
18:48:55.196 [debug] Match confidence: 0.1848, min_confidence: 0.7, match: %{type: "js-hardcoded-secret-api-key", context: %{node_type: "VariableDeclarator", depth: 3, parent_type: "VariableDeclaration"}, location: %{depth: 3, end_column: 712, end_line: 1, start_line: 1, start_column: 701}, severity: "high", pattern_id: "js-hardcoded-secret-api-key", pattern_name: "Hardcoded API Key", recommendation: "Review this code for potential security issues", confidence: 0.9, pattern_type: :hardcoded_secret}
18:48:55.196 [debug] Match confidence: 0.1848, min_confidence: 0.7, match: %{type: "js-hardcoded-secret-api-key", context: %{node_type: "VariableDeclarator", depth: 3, parent_type: "VariableDeclaration"}, location: %{depth: 3, end_column: 729, end_line: 1, start_line: 1, start_column: 718}, severity: "high", pattern_id: "js-hardcoded-secret-api-key", pattern_name: "Hardcoded API Key", recommendation: "Review this code for potential security issues", confidence: 0.9, pattern_type: :hardcoded_secret}
18:48:55.196 [debug] Match confidence: 0.1848, min_confidence: 0.7, match: %{type: "js-hardcoded-secret-api-key", context: %{node_type: "VariableDeclarator", depth: 3, parent_type: "VariableDeclaration"}, location: %{depth: 3, end_column: 746, end_line: 1, start_line: 1, start_column: 735}, severity: "high", pattern_id: "js-hardcoded-secret-api-key", pattern_name: "Hardcoded API Key", recommendation: "Review this code for potential security issues", confidence: 0.9, pattern_type: :hardcoded_secret}
18:48:55.196 [debug] Match confidence: 0.1848, min_confidence: 0.7, match: %{type: "js-hardcoded-secret-api-key", context: %{node_type: "VariableDeclarator", depth: 3, parent_type: "VariableDeclaration"}, location: %{depth: 3, end_column: 763, end_line: 1, start_line: 1, start_column: 752}, severity: "high", pattern_id: "js-hardcoded-secret-api-key", pattern_name: "Hardcoded API Key", recommendation: "Review this code for potential security issues", confidence: 0.9, pattern_type: :hardcoded_secret}
18:48:55.196 [debug] Match confidence: 0.1848, min_confidence: 0.7, match: %{type: "js-hardcoded-secret-api-key", context: %{node_type: "VariableDeclarator", depth: 3, parent_type: "VariableDeclaration"}, location: %{depth: 3, end_column: 780, end_line: 1, start_line: 1, start_column: 769}, severity: "high", pattern_id: "js-hardcoded-secret-api-key", pattern_name: "Hardcoded API Key", recommendation: "Review this code for potential security issues", confidence: 0.9, pattern_type: :hardcoded_secret}
18:48:55.196 [debug] Match confidence: 0.1848, min_confidence: 0.7, match: %{type: "js-hardcoded-secret-api-key", context: %{node_type: "VariableDeclarator", depth: 3, parent_type: "VariableDeclaration"}, location: %{depth: 3, end_column: 797, end_line: 1, start_line: 1, start_column: 786}, severity: "high", pattern_id: "js-hardcoded-secret-api-key", pattern_name: "Hardcoded API Key", recommendation: "Review this code for potential security issues", confidence: 0.9, pattern_type: :hardcoded_secret}
18:48:55.196 [debug] Match confidence: 0.1848, min_confidence: 0.7, match: %{type: "js-hardcoded-secret-api-key", context: %{node_type: "VariableDeclarator", depth: 3, parent_type: "VariableDeclaration"}, location: %{depth: 3, end_column: 814, end_line: 1, start_line: 1, start_column: 803}, severity: "high", pattern_id: "js-hardcoded-secret-api-key", pattern_name: "Hardcoded API Key", recommendation: "Review this code for potential security issues", confidence: 0.9, pattern_type: :hardcoded_secret}
18:48:55.196 [debug] Match confidence: 0.1848, min_confidence: 0.7, match: %{type: "js-hardcoded-secret-api-key", context: %{node_type: "VariableDeclarator", depth: 3, parent_type: "VariableDeclaration"}, location: %{depth: 3, end_column: 831, end_line: 1, start_line: 1, start_column: 820}, severity: "high", pattern_id: "js-hardcoded-secret-api-key", pattern_name: "Hardcoded API Key", recommendation: "Review this code for potential security issues", confidence: 0.9, pattern_type: :hardcoded_secret}
18:48:55.196 [debug] Match confidence: 0.1848, min_confidence: 0.7, match: %{type: "js-hardcoded-secret-api-key", context: %{node_type: "VariableDeclarator", depth: 3, parent_type: "VariableDeclaration"}, location: %{depth: 3, end_column: 848, end_line: 1, start_line: 1, start_column: 837}, severity: "high", pattern_id: "js-hardcoded-secret-api-key", pattern_name: "Hardcoded API Key", recommendation: "Review this code for potential security issues", confidence: 0.9, pattern_type: :hardcoded_secret}
18:48:55.196 [debug] Match confidence: 0.1848, min_confidence: 0.7, match: %{type: "js-hardcoded-secret-api-key", context: %{node_type: "VariableDeclarator", depth: 3, parent_type: "VariableDeclaration"}, location: %{depth: 3, end_column: 865, end_line: 1, start_line: 1, start_column: 854}, severity: "high", pattern_id: "js-hardcoded-secret-api-key", pattern_name: "Hardcoded API Key", recommendation: "Review this code for potential security issues", confidence: 0.9, pattern_type: :hardcoded_secret}
18:48:55.196 [debug] Match confidence: 0.1848, min_confidence: 0.7, match: %{type: "js-hardcoded-secret-api-key", context: %{node_type: "VariableDeclarator", depth: 3, parent_type: "VariableDeclaration"}, location: %{depth: 3, end_column: 882, end_line: 1, start_line: 1, start_column: 871}, severity: "high", pattern_id: "js-hardcoded-secret-api-key", pattern_name: "Hardcoded API Key", recommendation: "Review this code for potential security issues", confidence: 0.9, pattern_type: :hardcoded_secret}
18:48:55.197 [debug] Match confidence: 0.1848, min_confidence: 0.7, match: %{type: "js-hardcoded-secret-api-key", context: %{node_type: "VariableDeclarator", depth: 3, parent_type: "VariableDeclaration"}, location: %{depth: 3, end_column: 899, end_line: 1, start_line: 1, start_column: 888}, severity: "high", pattern_id: "js-hardcoded-secret-api-key", pattern_name: "Hardcoded API Key", recommendation: "Review this code for potential security issues", confidence: 0.9, pattern_type: :hardcoded_secret}
18:48:55.197 [debug] Match confidence: 0.1848, min_confidence: 0.7, match: %{type: "js-hardcoded-secret-api-key", context: %{node_type: "VariableDeclarator", depth: 3, parent_type: "VariableDeclaration"}, location: %{depth: 3, end_column: 916, end_line: 1, start_line: 1, start_column: 905}, severity: "high", pattern_id: "js-hardcoded-secret-api-key", pattern_name: "Hardcoded API Key", recommendation: "Review this code for potential security issues", confidence: 0.9, pattern_type: :hardcoded_secret}
18:48:55.197 [debug] Match confidence: 0.1848, min_confidence: 0.7, match: %{type: "js-hardcoded-secret-api-key", context: %{node_type: "VariableDeclarator", depth: 3, parent_type: "VariableDeclaration"}, location: %{depth: 3, end_column: 933, end_line: 1, start_line: 1, start_column: 922}, severity: "high", pattern_id: "js-hardcoded-secret-api-key", pattern_name: "Hardcoded API Key", recommendation: "Review this code for potential security issues", confidence: 0.9, pattern_type: :hardcoded_secret}
18:48:55.197 [debug] Match confidence: 0.1848, min_confidence: 0.7, match: %{type: "js-hardcoded-secret-api-key", context: %{node_type: "VariableDeclarator", depth: 3, parent_type: "VariableDeclaration"}, location: %{depth: 3, end_column: 950, end_line: 1, start_line: 1, start_column: 939}, severity: "high", pattern_id: "js-hardcoded-secret-api-key", pattern_name: "Hardcoded API Key", recommendation: "Review this code for potential security issues", confidence: 0.9, pattern_type: :hardcoded_secret}
18:48:55.198 [debug] Match confidence: 0.1848, min_confidence: 0.7, match: %{type: "js-hardcoded-secret-api-key", context: %{node_type: "VariableDeclarator", depth: 3, parent_type: "VariableDeclaration"}, location: %{depth: 3, end_column: 967, end_line: 1, start_line: 1, start_column: 956}, severity: "high", pattern_id: "js-hardcoded-secret-api-key", pattern_name: "Hardcoded API Key", recommendation: "Review this code for potential security issues", confidence: 0.9, pattern_type: :hardcoded_secret}
18:48:55.198 [debug] Match confidence: 0.1848, min_confidence: 0.7, match: %{type: "js-hardcoded-secret-api-key", context: %{node_type: "VariableDeclarator", depth: 3, parent_type: "VariableDeclaration"}, location: %{depth: 3, end_column: 984, end_line: 1, start_line: 1, start_column: 973}, severity: "high", pattern_id: "js-hardcoded-secret-api-key", pattern_name: "Hardcoded API Key", recommendation: "Review this code for potential security issues", confidence: 0.9, pattern_type: :hardcoded_secret}
18:48:55.198 [debug] Match confidence: 0.1848, min_confidence: 0.7, match: %{type: "js-hardcoded-secret-api-key", context: %{node_type: "VariableDeclarator", depth: 3, parent_type: "VariableDeclaration"}, location: %{depth: 3, end_column: 1001, end_line: 1, start_line: 1, start_column: 990}, severity: "high", pattern_id: "js-hardcoded-secret-api-key", pattern_name: "Hardcoded API Key", recommendation: "Review this code for potential security issues", confidence: 0.9, pattern_type: :hardcoded_secret}
18:48:55.198 [debug] Match confidence: 0.1848, min_confidence: 0.7, match: %{type: "js-hardcoded-secret-api-key", context: %{node_type: "VariableDeclarator", depth: 3, parent_type: "VariableDeclaration"}, location: %{depth: 3, end_column: 1018, end_line: 1, start_line: 1, start_column: 1007}, severity: "high", pattern_id: "js-hardcoded-secret-api-key", pattern_name: "Hardcoded API Key", recommendation: "Review this code for potential security issues", confidence: 0.9, pattern_type: :hardcoded_secret}
18:48:55.198 [debug] Match confidence: 0.1848, min_confidence: 0.7, match: %{type: "js-hardcoded-secret-api-key", context: %{node_type: "VariableDeclarator", depth: 3, parent_type: "VariableDeclaration"}, location: %{depth: 3, end_column: 1035, end_line: 1, start_line: 1, start_column: 1024}, severity: "high", pattern_id: "js-hardcoded-secret-api-key", pattern_name: "Hardcoded API Key", recommendation: "Review this code for potential security issues", confidence: 0.9, pattern_type: :hardcoded_secret}
18:48:55.198 [debug] Match confidence: 0.1848, min_confidence: 0.7, match: %{type: "js-hardcoded-secret-api-key", context: %{node_type: "VariableDeclarator", depth: 3, parent_type: "VariableDeclaration"}, location: %{depth: 3, end_column: 1052, end_line: 1, start_line: 1, start_column: 1041}, severity: "high", pattern_id: "js-hardcoded-secret-api-key", pattern_name: "Hardcoded API Key", recommendation: "Review this code for potential security issues", confidence: 0.9, pattern_type: :hardcoded_secret}
18:48:55.198 [debug] Match confidence: 0.1848, min_confidence: 0.7, match: %{type: "js-hardcoded-secret-api-key", context: %{node_type: "VariableDeclarator", depth: 3, parent_type: "VariableDeclaration"}, location: %{depth: 3, end_column: 1069, end_line: 1, start_line: 1, start_column: 1058}, severity: "high", pattern_id: "js-hardcoded-secret-api-key", pattern_name: "Hardcoded API Key", recommendation: "Review this code for potential security issues", confidence: 0.9, pattern_type: :hardcoded_secret}
18:48:55.198 [debug] Match confidence: 0.1848, min_confidence: 0.7, match: %{type: "js-hardcoded-secret-api-key", context: %{node_type: "VariableDeclarator", depth: 3, parent_type: "VariableDeclaration"}, location: %{depth: 3, end_column: 1086, end_line: 1, start_line: 1, start_column: 1075}, severity: "high", pattern_id: "js-hardcoded-secret-api-key", pattern_name: "Hardcoded API Key", recommendation: "Review this code for potential security issues", confidence: 0.9, pattern_type: :hardcoded_secret}
18:48:55.198 [debug] Match confidence: 0.1848, min_confidence: 0.7, match: %{type: "js-hardcoded-secret-api-key", context: %{node_type: "VariableDeclarator", depth: 3, parent_type: "VariableDeclaration"}, location: %{depth: 3, end_column: 1103, end_line: 1, start_line: 1, start_column: 1092}, severity: "high", pattern_id: "js-hardcoded-secret-api-key", pattern_name: "Hardcoded API Key", recommendation: "Review this code for potential security issues", confidence: 0.9, pattern_type: :hardcoded_secret}
18:48:55.198 [debug] Match confidence: 0.1848, min_confidence: 0.7, match: %{type: "js-hardcoded-secret-api-key", context: %{node_type: "VariableDeclarator", depth: 3, parent_type: "VariableDeclaration"}, location: %{depth: 3, end_column: 1120, end_line: 1, start_line: 1, start_column: 1109}, severity: "high", pattern_id: "js-hardcoded-secret-api-key", pattern_name: "Hardcoded API Key", recommendation: "Review this code for potential security issues", confidence: 0.9, pattern_type: :hardcoded_secret}
18:48:55.198 [debug] Match confidence: 0.1848, min_confidence: 0.7, match: %{type: "js-hardcoded-secret-api-key", context: %{node_type: "VariableDeclarator", depth: 3, parent_type: "VariableDeclaration"}, location: %{depth: 3, end_column: 1137, end_line: 1, start_line: 1, start_column: 1126}, severity: "high", pattern_id: "js-hardcoded-secret-api-key", pattern_name: "Hardcoded API Key", recommendation: "Review this code for potential security issues", confidence: 0.9, pattern_type: :hardcoded_secret}
18:48:55.198 [debug] Match confidence: 0.1848, min_confidence: 0.7, match: %{type: "js-hardcoded-secret-api-key", context: %{node_type: "VariableDeclarator", depth: 3, parent_type: "VariableDeclaration"}, location: %{depth: 3, end_column: 1154, end_line: 1, start_line: 1, start_column: 1143}, severity: "high", pattern_id: "js-hardcoded-secret-api-key", pattern_name: "Hardcoded API Key", recommendation: "Review this code for potential security issues", confidence: 0.9, pattern_type: :hardcoded_secret}
18:48:55.198 [debug] Match confidence: 0.1848, min_confidence: 0.7, match: %{type: "js-hardcoded-secret-api-key", context: %{node_type: "VariableDeclarator", depth: 3, parent_type: "VariableDeclaration"}, location: %{depth: 3, end_column: 1171, end_line: 1, start_line: 1, start_column: 1160}, severity: "high", pattern_id: "js-hardcoded-secret-api-key", pattern_name: "Hardcoded API Key", recommendation: "Review this code for potential security issues", confidence: 0.9, pattern_type: :hardcoded_secret}
18:48:55.198 [debug] Match confidence: 0.1848, min_confidence: 0.7, match: %{type: "js-hardcoded-secret-api-key", context: %{node_type: "VariableDeclarator", depth: 3, parent_type: "VariableDeclaration"}, location: %{depth: 3, end_column: 1188, end_line: 1, start_line: 1, start_column: 1177}, severity: "high", pattern_id: "js-hardcoded-secret-api-key", pattern_name: "Hardcoded API Key", recommendation: "Review this code for potential security issues", confidence: 0.9, pattern_type: :hardcoded_secret}
18:48:55.198 [debug] Match confidence: 0.1848, min_confidence: 0.7, match: %{type: "js-hardcoded-secret-api-key", context: %{node_type: "VariableDeclarator", depth: 3, parent_type: "VariableDeclaration"}, location: %{depth: 3, end_column: 1205, end_line: 1, start_line: 1, start_column: 1194}, severity: "high", pattern_id: "js-hardcoded-secret-api-key", pattern_name: "Hardcoded API Key", recommendation: "Review this code for potential security issues", confidence: 0.9, pattern_type: :hardcoded_secret}
18:48:55.198 [debug] Match confidence: 0.1848, min_confidence: 0.7, match: %{type: "js-hardcoded-secret-api-key", context: %{node_type: "VariableDeclarator", depth: 3, parent_type: "VariableDeclaration"}, location: %{depth: 3, end_column: 1222, end_line: 1, start_line: 1, start_column: 1211}, severity: "high", pattern_id: "js-hardcoded-secret-api-key", pattern_name: "Hardcoded API Key", recommendation: "Review this code for potential security issues", confidence: 0.9, pattern_type: :hardcoded_secret}
18:48:55.198 [debug] Match confidence: 0.1848, min_confidence: 0.7, match: %{type: "js-hardcoded-secret-api-key", context: %{node_type: "VariableDeclarator", depth: 3, parent_type: "VariableDeclaration"}, location: %{depth: 3, end_column: 1239, end_line: 1, start_line: 1, start_column: 1228}, severity: "high", pattern_id: "js-hardcoded-secret-api-key", pattern_name: "Hardcoded API Key", recommendation: "Review this code for potential security issues", confidence: 0.9, pattern_type: :hardcoded_secret}
18:48:55.198 [debug] Match confidence: 0.1848, min_confidence: 0.7, match: %{type: "js-hardcoded-secret-api-key", context: %{node_type: "VariableDeclarator", depth: 3, parent_type: "VariableDeclaration"}, location: %{depth: 3, end_column: 1256, end_line: 1, start_line: 1, start_column: 1245}, severity: "high", pattern_id: "js-hardcoded-secret-api-key", pattern_name: "Hardcoded API Key", recommendation: "Review this code for potential security issues", confidence: 0.9, pattern_type: :hardcoded_secret}
18:48:55.198 [debug] Match confidence: 0.1848, min_confidence: 0.7, match: %{type: "js-hardcoded-secret-api-key", context: %{node_type: "VariableDeclarator", depth: 3, parent_type: "VariableDeclaration"}, location: %{depth: 3, end_column: 1273, end_line: 1, start_line: 1, start_column: 1262}, severity: "high", pattern_id: "js-hardcoded-secret-api-key", pattern_name: "Hardcoded API Key", recommendation: "Review this code for potential security issues", confidence: 0.9, pattern_type: :hardcoded_secret}
18:48:55.198 [debug] Match confidence: 0.1848, min_confidence: 0.7, match: %{type: "js-hardcoded-secret-api-key", context: %{node_type: "VariableDeclarator", depth: 3, parent_type: "VariableDeclaration"}, location: %{depth: 3, end_column: 1290, end_line: 1, start_line: 1, start_column: 1279}, severity: "high", pattern_id: "js-hardcoded-secret-api-key", pattern_name: "Hardcoded API Key", recommendation: "Review this code for potential security issues", confidence: 0.9, pattern_type: :hardcoded_secret}
18:48:55.198 [debug] Match confidence: 0.1848, min_confidence: 0.7, match: %{type: "js-hardcoded-secret-api-key", context: %{node_type: "VariableDeclarator", depth: 3, parent_type: "VariableDeclaration"}, location: %{depth: 3, end_column: 1307, end_line: 1, start_line: 1, start_column: 1296}, severity: "high", pattern_id: "js-hardcoded-secret-api-key", pattern_name: "Hardcoded API Key", recommendation: "Review this code for potential security issues", confidence: 0.9, pattern_type: :hardcoded_secret}
18:48:55.198 [debug] Match confidence: 0.1848, min_confidence: 0.7, match: %{type: "js-hardcoded-secret-api-key", context: %{node_type: "VariableDeclarator", depth: 3, parent_type: "VariableDeclaration"}, location: %{depth: 3, end_column: 1324, end_line: 1, start_line: 1, start_column: 1313}, severity: "high", pattern_id: "js-hardcoded-secret-api-key", pattern_name: "Hardcoded API Key", recommendation: "Review this code for potential security issues", confidence: 0.9, pattern_type: :hardcoded_secret}
18:48:55.198 [debug] Match confidence: 0.1848, min_confidence: 0.7, match: %{type: "js-hardcoded-secret-api-key", context: %{node_type: "VariableDeclarator", depth: 3, parent_type: "VariableDeclaration"}, location: %{depth: 3, end_column: 1341, end_line: 1, start_line: 1, start_column: 1330}, severity: "high", pattern_id: "js-hardcoded-secret-api-key", pattern_name: "Hardcoded API Key", recommendation: "Review this code for potential security issues", confidence: 0.9, pattern_type: :hardcoded_secret}
18:48:55.198 [debug] Match confidence: 0.1848, min_confidence: 0.7, match: %{type: "js-hardcoded-secret-api-key", context: %{node_type: "VariableDeclarator", depth: 3, parent_type: "VariableDeclaration"}, location: %{depth: 3, end_column: 1358, end_line: 1, start_line: 1, start_column: 1347}, severity: "high", pattern_id: "js-hardcoded-secret-api-key", pattern_name: "Hardcoded API Key", recommendation: "Review this code for potential security issues", confidence: 0.9, pattern_type: :hardcoded_secret}
18:48:55.198 [debug] Match confidence: 0.1848, min_confidence: 0.7, match: %{type: "js-hardcoded-secret-api-key", context: %{node_type: "VariableDeclarator", depth: 3, parent_type: "VariableDeclaration"}, location: %{depth: 3, end_column: 1375, end_line: 1, start_line: 1, start_column: 1364}, severity: "high", pattern_id: "js-hardcoded-secret-api-key", pattern_name: "Hardcoded API Key", recommendation: "Review this code for potential security issues", confidence: 0.9, pattern_type: :hardcoded_secret}
18:48:55.198 [debug] Match confidence: 0.1848, min_confidence: 0.7, match: %{type: "js-hardcoded-secret-api-key", context: %{node_type: "VariableDeclarator", depth: 3, parent_type: "VariableDeclaration"}, location: %{depth: 3, end_column: 1392, end_line: 1, start_line: 1, start_column: 1381}, severity: "high", pattern_id: "js-hardcoded-secret-api-key", pattern_name: "Hardcoded API Key", recommendation: "Review this code for potential security issues", confidence: 0.9, pattern_type: :hardcoded_secret}
18:48:55.198 [debug] Match confidence: 0.1848, min_confidence: 0.7, match: %{type: "js-hardcoded-secret-api-key", context: %{node_type: "VariableDeclarator", depth: 3, parent_type: "VariableDeclaration"}, location: %{depth: 3, end_column: 1409, end_line: 1, start_line: 1, start_column: 1398}, severity: "high", pattern_id: "js-hardcoded-secret-api-key", pattern_name: "Hardcoded API Key", recommendation: "Review this code for potential security issues", confidence: 0.9, pattern_type: :hardcoded_secret}
18:48:55.198 [debug] Match confidence: 0.1848, min_confidence: 0.7, match: %{type: "js-hardcoded-secret-api-key", context: %{node_type: "VariableDeclarator", depth: 3, parent_type: "VariableDeclaration"}, location: %{depth: 3, end_column: 1426, end_line: 1, start_line: 1, start_column: 1415}, severity: "high", pattern_id: "js-hardcoded-secret-api-key", pattern_name: "Hardcoded API Key", recommendation: "Review this code for potential security issues", confidence: 0.9, pattern_type: :hardcoded_secret}
18:48:55.198 [debug] Match confidence: 0.1848, min_confidence: 0.7, match: %{type: "js-hardcoded-secret-api-key", context: %{node_type: "VariableDeclarator", depth: 3, parent_type: "VariableDeclaration"}, location: %{depth: 3, end_column: 1443, end_line: 1, start_line: 1, start_column: 1432}, severity: "high", pattern_id: "js-hardcoded-secret-api-key", pattern_name: "Hardcoded API Key", recommendation: "Review this code for potential security issues", confidence: 0.9, pattern_type: :hardcoded_secret}
18:48:55.198 [debug] Match confidence: 0.1848, min_confidence: 0.7, match: %{type: "js-hardcoded-secret-api-key", context: %{node_type: "VariableDeclarator", depth: 3, parent_type: "VariableDeclaration"}, location: %{depth: 3, end_column: 1460, end_line: 1, start_line: 1, start_column: 1449}, severity: "high", pattern_id: "js-hardcoded-secret-api-key", pattern_name: "Hardcoded API Key", recommendation: "Review this code for potential security issues", confidence: 0.9, pattern_type: :hardcoded_secret}
18:48:55.199 [debug] Match confidence: 0.1848, min_confidence: 0.7, match: %{type: "js-hardcoded-secret-api-key", context: %{node_type: "VariableDeclarator", depth: 3, parent_type: "VariableDeclaration"}, location: %{depth: 3, end_column: 1477, end_line: 1, start_line: 1, start_column: 1466}, severity: "high", pattern_id: "js-hardcoded-secret-api-key", pattern_name: "Hardcoded API Key", recommendation: "Review this code for potential security issues", confidence: 0.9, pattern_type: :hardcoded_secret}
18:48:55.199 [debug] Match confidence: 0.1848, min_confidence: 0.7, match: %{type: "js-hardcoded-secret-api-key", context: %{node_type: "VariableDeclarator", depth: 3, parent_type: "VariableDeclaration"}, location: %{depth: 3, end_column: 1494, end_line: 1, start_line: 1, start_column: 1483}, severity: "high", pattern_id: "js-hardcoded-secret-api-key", pattern_name: "Hardcoded API Key", recommendation: "Review this code for potential security issues", confidence: 0.9, pattern_type: :hardcoded_secret}
18:48:55.199 [debug] Match confidence: 0.1848, min_confidence: 0.7, match: %{type: "js-hardcoded-secret-api-key", context: %{node_type: "VariableDeclarator", depth: 3, parent_type: "VariableDeclaration"}, location: %{depth: 3, end_column: 1511, end_line: 1, start_line: 1, start_column: 1500}, severity: "high", pattern_id: "js-hardcoded-secret-api-key", pattern_name: "Hardcoded API Key", recommendation: "Review this code for potential security issues", confidence: 0.9, pattern_type: :hardcoded_secret}
18:48:55.199 [debug] Match confidence: 0.1848, min_confidence: 0.7, match: %{type: "js-hardcoded-secret-api-key", context: %{node_type: "VariableDeclarator", depth: 3, parent_type: "VariableDeclaration"}, location: %{depth: 3, end_column: 1528, end_line: 1, start_line: 1, start_column: 1517}, severity: "high", pattern_id: "js-hardcoded-secret-api-key", pattern_name: "Hardcoded API Key", recommendation: "Review this code for potential security issues", confidence: 0.9, pattern_type: :hardcoded_secret}
18:48:55.199 [debug] Match confidence: 0.1848, min_confidence: 0.7, match: %{type: "js-hardcoded-secret-api-key", context: %{node_type: "VariableDeclarator", depth: 3, parent_type: "VariableDeclaration"}, location: %{depth: 3, end_column: 1545, end_line: 1, start_line: 1, start_column: 1534}, severity: "high", pattern_id: "js-hardcoded-secret-api-key", pattern_name: "Hardcoded API Key", recommendation: "Review this code for potential security issues", confidence: 0.9, pattern_type: :hardcoded_secret}
18:48:55.199 [debug] Match confidence: 0.1848, min_confidence: 0.7, match: %{type: "js-hardcoded-secret-api-key", context: %{node_type: "VariableDeclarator", depth: 3, parent_type: "VariableDeclaration"}, location: %{depth: 3, end_column: 1562, end_line: 1, start_line: 1, start_column: 1551}, severity: "high", pattern_id: "js-hardcoded-secret-api-key", pattern_name: "Hardcoded API Key", recommendation: "Review this code for potential security issues", confidence: 0.9, pattern_type: :hardcoded_secret}
18:48:55.199 [debug] Match confidence: 0.1848, min_confidence: 0.7, match: %{type: "js-hardcoded-secret-api-key", context: %{node_type: "VariableDeclarator", depth: 3, parent_type: "VariableDeclaration"}, location: %{depth: 3, end_column: 1579, end_line: 1, start_line: 1, start_column: 1568}, severity: "high", pattern_id: "js-hardcoded-secret-api-key", pattern_name: "Hardcoded API Key", recommendation: "Review this code for potential security issues", confidence: 0.9, pattern_type: :hardcoded_secret}
18:48:55.199 [debug] Match confidence: 0.1848, min_confidence: 0.7, match: %{type: "js-hardcoded-secret-api-key", context: %{node_type: "VariableDeclarator", depth: 3, parent_type: "VariableDeclaration"}, location: %{depth: 3, end_column: 1596, end_line: 1, start_line: 1, start_column: 1585}, severity: "high", pattern_id: "js-hardcoded-secret-api-key", pattern_name: "Hardcoded API Key", recommendation: "Review this code for potential security issues", confidence: 0.9, pattern_type: :hardcoded_secret}
18:48:55.200 [debug] Match confidence: 0.1848, min_confidence: 0.7, match: %{type: "js-hardcoded-secret-api-key", context: %{node_type: "VariableDeclarator", depth: 3, parent_type: "VariableDeclaration"}, location: %{depth: 3, end_column: 1613, end_line: 1, start_line: 1, start_column: 1602}, severity: "high", pattern_id: "js-hardcoded-secret-api-key", pattern_name: "Hardcoded API Key", recommendation: "Review this code for potential security issues", confidence: 0.9, pattern_type: :hardcoded_secret}
18:48:55.200 [debug] Match confidence: 0.1848, min_confidence: 0.7, match: %{type: "js-hardcoded-secret-api-key", context: %{node_type: "VariableDeclarator", depth: 3, parent_type: "VariableDeclaration"}, location: %{depth: 3, end_column: 1630, end_line: 1, start_line: 1, start_column: 1619}, severity: "high", pattern_id: "js-hardcoded-secret-api-key", pattern_name: "Hardcoded API Key", recommendation: "Review this code for potential security issues", confidence: 0.9, pattern_type: :hardcoded_secret}
18:48:55.200 [debug] Match confidence: 0.1848, min_confidence: 0.7, match: %{type: "js-hardcoded-secret-api-key", context: %{node_type: "VariableDeclarator", depth: 3, parent_type: "VariableDeclaration"}, location: %{depth: 3, end_column: 1647, end_line: 1, start_line: 1, start_column: 1636}, severity: "high", pattern_id: "js-hardcoded-secret-api-key", pattern_name: "Hardcoded API Key", recommendation: "Review this code for potential security issues", confidence: 0.9, pattern_type: :hardcoded_secret}
18:48:55.200 [debug] Match confidence: 0.1848, min_confidence: 0.7, match: %{type: "js-hardcoded-secret-api-key", context: %{node_type: "VariableDeclarator", depth: 3, parent_type: "VariableDeclaration"}, location: %{depth: 3, end_column: 1664, end_line: 1, start_line: 1, start_column: 1653}, severity: "high", pattern_id: "js-hardcoded-secret-api-key", pattern_name: "Hardcoded API Key", recommendation: "Review this code for potential security issues", confidence: 0.9, pattern_type: :hardcoded_secret}
18:48:55.200 [debug] Match confidence: 0.1848, min_confidence: 0.7, match: %{type: "js-hardcoded-secret-api-key", context: %{node_type: "VariableDeclarator", depth: 3, parent_type: "VariableDeclaration"}, location: %{depth: 3, end_column: 1681, end_line: 1, start_line: 1, start_column: 1670}, severity: "high", pattern_id: "js-hardcoded-secret-api-key", pattern_name: "Hardcoded API Key", recommendation: "Review this code for potential security issues", confidence: 0.9, pattern_type: :hardcoded_secret}
18:48:55.200 [debug] Match confidence: 0.1848, min_confidence: 0.7, match: %{type: "js-hardcoded-secret-api-key", context: %{node_type: "VariableDeclarator", depth: 3, parent_type: "VariableDeclaration"}, location: %{depth: 3, end_column: 1698, end_line: 1, start_line: 1, start_column: 1687}, severity: "high", pattern_id: "js-hardcoded-secret-api-key", pattern_name: "Hardcoded API Key", recommendation: "Review this code for potential security issues", confidence: 0.9, pattern_type: :hardcoded_secret}
18:48:55.371 [debug] Parser response received
18:48:55.372 [info] AnalysisService: Loaded 30 patterns for javascript
18:48:55.409 [info] AnalysisService: Found 200 matches
18:48:55.410 [debug] Match confidence: 0.1848, min_confidence: 0.7, match: %{type: "js-hardcoded-secret-password", context: %{node_type: "VariableDeclarator", depth: 3, parent_type: "VariableDeclaration"}, location: %{depth: 3, end_column: 15, end_line: 1, start_line: 1, start_column: 4}, severity: "high", pattern_id: "js-hardcoded-secret-password", pattern_name: "Hardcoded Password", recommendation: "Review this code for potential security issues", confidence: 0.9, pattern_type: :hardcoded_secret}
18:48:55.410 [debug] Match confidence: 0.1848, min_confidence: 0.7, match: %{type: "js-hardcoded-secret-password", context: %{node_type: "VariableDeclarator", depth: 3, parent_type: "VariableDeclaration"}, location: %{depth: 3, end_column: 32, end_line: 1, start_line: 1, start_column: 21}, severity: "high", pattern_id: "js-hardcoded-secret-password", pattern_name: "Hardcoded Password", recommendation: "Review this code for potential security issues", confidence: 0.9, pattern_type: :hardcoded_secret}
18:48:55.410 [debug] Match confidence: 0.1848, min_confidence: 0.7, match: %{type: "js-hardcoded-secret-password", context: %{node_type: "VariableDeclarator", depth: 3, parent_type: "VariableDeclaration"}, location: %{depth: 3, end_column: 49, end_line: 1, start_line: 1, start_column: 38}, severity: "high", pattern_id: "js-hardcoded-secret-password", pattern_name: "Hardcoded Password", recommendation: "Review this code for potential security issues", confidence: 0.9, pattern_type: :hardcoded_secret}
18:48:55.410 [debug] Match confidence: 0.1848, min_confidence: 0.7, match: %{type: "js-hardcoded-secret-password", context: %{node_type: "VariableDeclarator", depth: 3, parent_type: "VariableDeclaration"}, location: %{depth: 3, end_column: 66, end_line: 1, start_line: 1, start_column: 55}, severity: "high", pattern_id: "js-hardcoded-secret-password", pattern_name: "Hardcoded Password", recommendation: "Review this code for potential security issues", confidence: 0.9, pattern_type: :hardcoded_secret}
18:48:55.410 [debug] Match confidence: 0.1848, min_confidence: 0.7, match: %{type: "js-hardcoded-secret-password", context: %{node_type: "VariableDeclarator", depth: 3, parent_type: "VariableDeclaration"}, location: %{depth: 3, end_column: 83, end_line: 1, start_line: 1, start_column: 72}, severity: "high", pattern_id: "js-hardcoded-secret-password", pattern_name: "Hardcoded Password", recommendation: "Review this code for potential security issues", confidence: 0.9, pattern_type: :hardcoded_secret}
18:48:55.410 [debug] Match confidence: 0.1848, min_confidence: 0.7, match: %{type: "js-hardcoded-secret-password", context: %{node_type: "VariableDeclarator", depth: 3, parent_type: "VariableDeclaration"}, location: %{depth: 3, end_column: 100, end_line: 1, start_line: 1, start_column: 89}, severity: "high", pattern_id: "js-hardcoded-secret-password", pattern_name: "Hardcoded Password", recommendation: "Review this code for potential security issues", confidence: 0.9, pattern_type: :hardcoded_secret}
18:48:55.410 [debug] Match confidence: 0.1848, min_confidence: 0.7, match: %{type: "js-hardcoded-secret-password", context: %{node_type: "VariableDeclarator", depth: 3, parent_type: "VariableDeclaration"}, location: %{depth: 3, end_column: 117, end_line: 1, start_line: 1, start_column: 106}, severity: "high", pattern_id: "js-hardcoded-secret-password", pattern_name: "Hardcoded Password", recommendation: "Review this code for potential security issues", confidence: 0.9, pattern_type: :hardcoded_secret}
18:48:55.410 [debug] Match confidence: 0.1848, min_confidence: 0.7, match: %{type: "js-hardcoded-secret-password", context: %{node_type: "VariableDeclarator", depth: 3, parent_type: "VariableDeclaration"}, location: %{depth: 3, end_column: 134, end_line: 1, start_line: 1, start_column: 123}, severity: "high", pattern_id: "js-hardcoded-secret-password", pattern_name: "Hardcoded Password", recommendation: "Review this code for potential security issues", confidence: 0.9, pattern_type: :hardcoded_secret}
18:48:55.410 [debug] Match confidence: 0.1848, min_confidence: 0.7, match: %{type: "js-hardcoded-secret-password", context: %{node_type: "VariableDeclarator", depth: 3, parent_type: "VariableDeclaration"}, location: %{depth: 3, end_column: 151, end_line: 1, start_line: 1, start_column: 140}, severity: "high", pattern_id: "js-hardcoded-secret-password", pattern_name: "Hardcoded Password", recommendation: "Review this code for potential security issues", confidence: 0.9, pattern_type: :hardcoded_secret}
18:48:55.410 [debug] Match confidence: 0.1848, min_confidence: 0.7, match: %{type: "js-hardcoded-secret-password", context: %{node_type: "VariableDeclarator", depth: 3, parent_type: "VariableDeclaration"}, location: %{depth: 3, end_column: 168, end_line: 1, start_line: 1, start_column: 157}, severity: "high", pattern_id: "js-hardcoded-secret-password", pattern_name: "Hardcoded Password", recommendation: "Review this code for potential security issues", confidence: 0.9, pattern_type: :hardcoded_secret}
18:48:55.410 [debug] Match confidence: 0.1848, min_confidence: 0.7, match: %{type: "js-hardcoded-secret-password", context: %{node_type: "VariableDeclarator", depth: 3, parent_type: "VariableDeclaration"}, location: %{depth: 3, end_column: 185, end_line: 1, start_line: 1, start_column: 174}, severity: "high", pattern_id: "js-hardcoded-secret-password", pattern_name: "Hardcoded Password", recommendation: "Review this code for potential security issues", confidence: 0.9, pattern_type: :hardcoded_secret}
18:48:55.410 [debug] Match confidence: 0.1848, min_confidence: 0.7, match: %{type: "js-hardcoded-secret-password", context: %{node_type: "VariableDeclarator", depth: 3, parent_type: "VariableDeclaration"}, location: %{depth: 3, end_column: 202, end_line: 1, start_line: 1, start_column: 191}, severity: "high", pattern_id: "js-hardcoded-secret-password", pattern_name: "Hardcoded Password", recommendation: "Review this code for potential security issues", confidence: 0.9, pattern_type: :hardcoded_secret}
18:48:55.410 [debug] Match confidence: 0.1848, min_confidence: 0.7, match: %{type: "js-hardcoded-secret-password", context: %{node_type: "VariableDeclarator", depth: 3, parent_type: "VariableDeclaration"}, location: %{depth: 3, end_column: 219, end_line: 1, start_line: 1, start_column: 208}, severity: "high", pattern_id: "js-hardcoded-secret-password", pattern_name: "Hardcoded Password", recommendation: "Review this code for potential security issues", confidence: 0.9, pattern_type: :hardcoded_secret}
18:48:55.410 [debug] Match confidence: 0.1848, min_confidence: 0.7, match: %{type: "js-hardcoded-secret-password", context: %{node_type: "VariableDeclarator", depth: 3, parent_type: "VariableDeclaration"}, location: %{depth: 3, end_column: 236, end_line: 1, start_line: 1, start_column: 225}, severity: "high", pattern_id: "js-hardcoded-secret-password", pattern_name: "Hardcoded Password", recommendation: "Review this code for potential security issues", confidence: 0.9, pattern_type: :hardcoded_secret}
18:48:55.410 [debug] Match confidence: 0.1848, min_confidence: 0.7, match: %{type: "js-hardcoded-secret-password", context: %{node_type: "VariableDeclarator", depth: 3, parent_type: "VariableDeclaration"}, location: %{depth: 3, end_column: 253, end_line: 1, start_line: 1, start_column: 242}, severity: "high", pattern_id: "js-hardcoded-secret-password", pattern_name: "Hardcoded Password", recommendation: "Review this code for potential security issues", confidence: 0.9, pattern_type: :hardcoded_secret}
18:48:55.410 [debug] Match confidence: 0.1848, min_confidence: 0.7, match: %{type: "js-hardcoded-secret-password", context: %{node_type: "VariableDeclarator", depth: 3, parent_type: "VariableDeclaration"}, location: %{depth: 3, end_column: 270, end_line: 1, start_line: 1, start_column: 259}, severity: "high", pattern_id: "js-hardcoded-secret-password", pattern_name: "Hardcoded Password", recommendation: "Review this code for potential security issues", confidence: 0.9, pattern_type: :hardcoded_secret}
18:48:55.410 [debug] Match confidence: 0.1848, min_confidence: 0.7, match: %{type: "js-hardcoded-secret-password", context: %{node_type: "VariableDeclarator", depth: 3, parent_type: "VariableDeclaration"}, location: %{depth: 3, end_column: 287, end_line: 1, start_line: 1, start_column: 276}, severity: "high", pattern_id: "js-hardcoded-secret-password", pattern_name: "Hardcoded Password", recommendation: "Review this code for potential security issues", confidence: 0.9, pattern_type: :hardcoded_secret}
18:48:55.410 [debug] Match confidence: 0.1848, min_confidence: 0.7, match: %{type: "js-hardcoded-secret-password", context: %{node_type: "VariableDeclarator", depth: 3, parent_type: "VariableDeclaration"}, location: %{depth: 3, end_column: 304, end_line: 1, start_line: 1, start_column: 293}, severity: "high", pattern_id: "js-hardcoded-secret-password", pattern_name: "Hardcoded Password", recommendation: "Review this code for potential security issues", confidence: 0.9, pattern_type: :hardcoded_secret}
18:48:55.410 [debug] Match confidence: 0.1848, min_confidence: 0.7, match: %{type: "js-hardcoded-secret-password", context: %{node_type: "VariableDeclarator", depth: 3, parent_type: "VariableDeclaration"}, location: %{depth: 3, end_column: 321, end_line: 1, start_line: 1, start_column: 310}, severity: "high", pattern_id: "js-hardcoded-secret-password", pattern_name: "Hardcoded Password", recommendation: "Review this code for potential security issues", confidence: 0.9, pattern_type: :hardcoded_secret}
18:48:55.410 [debug] Match confidence: 0.1848, min_confidence: 0.7, match: %{type: "js-hardcoded-secret-password", context: %{node_type: "VariableDeclarator", depth: 3, parent_type: "VariableDeclaration"}, location: %{depth: 3, end_column: 338, end_line: 1, start_line: 1, start_column: 327}, severity: "high", pattern_id: "js-hardcoded-secret-password", pattern_name: "Hardcoded Password", recommendation: "Review this code for potential security issues", confidence: 0.9, pattern_type: :hardcoded_secret}
18:48:55.410 [debug] Match confidence: 0.1848, min_confidence: 0.7, match: %{type: "js-hardcoded-secret-password", context: %{node_type: "VariableDeclarator", depth: 3, parent_type: "VariableDeclaration"}, location: %{depth: 3, end_column: 355, end_line: 1, start_line: 1, start_column: 344}, severity: "high", pattern_id: "js-hardcoded-secret-password", pattern_name: "Hardcoded Password", recommendation: "Review this code for potential security issues", confidence: 0.9, pattern_type: :hardcoded_secret}
18:48:55.410 [debug] Match confidence: 0.1848, min_confidence: 0.7, match: %{type: "js-hardcoded-secret-password", context: %{node_type: "VariableDeclarator", depth: 3, parent_type: "VariableDeclaration"}, location: %{depth: 3, end_column: 372, end_line: 1, start_line: 1, start_column: 361}, severity: "high", pattern_id: "js-hardcoded-secret-password", pattern_name: "Hardcoded Password", recommendation: "Review this code for potential security issues", confidence: 0.9, pattern_type: :hardcoded_secret}
18:48:55.410 [debug] Match confidence: 0.1848, min_confidence: 0.7, match: %{type: "js-hardcoded-secret-password", context: %{node_type: "VariableDeclarator", depth: 3, parent_type: "VariableDeclaration"}, location: %{depth: 3, end_column: 389, end_line: 1, start_line: 1, start_column: 378}, severity: "high", pattern_id: "js-hardcoded-secret-password", pattern_name: "Hardcoded Password", recommendation: "Review this code for potential security issues", confidence: 0.9, pattern_type: :hardcoded_secret}
18:48:55.410 [debug] Match confidence: 0.1848, min_confidence: 0.7, match: %{type: "js-hardcoded-secret-password", context: %{node_type: "VariableDeclarator", depth: 3, parent_type: "VariableDeclaration"}, location: %{depth: 3, end_column: 406, end_line: 1, start_line: 1, start_column: 395}, severity: "high", pattern_id: "js-hardcoded-secret-password", pattern_name: "Hardcoded Password", recommendation: "Review this code for potential security issues", confidence: 0.9, pattern_type: :hardcoded_secret}
18:48:55.410 [debug] Match confidence: 0.1848, min_confidence: 0.7, match: %{type: "js-hardcoded-secret-password", context: %{node_type: "VariableDeclarator", depth: 3, parent_type: "VariableDeclaration"}, location: %{depth: 3, end_column: 423, end_line: 1, start_line: 1, start_column: 412}, severity: "high", pattern_id: "js-hardcoded-secret-password", pattern_name: "Hardcoded Password", recommendation: "Review this code for potential security issues", confidence: 0.9, pattern_type: :hardcoded_secret}
18:48:55.410 [debug] Match confidence: 0.1848, min_confidence: 0.7, match: %{type: "js-hardcoded-secret-password", context: %{node_type: "VariableDeclarator", depth: 3, parent_type: "VariableDeclaration"}, location: %{depth: 3, end_column: 440, end_line: 1, start_line: 1, start_column: 429}, severity: "high", pattern_id: "js-hardcoded-secret-password", pattern_name: "Hardcoded Password", recommendation: "Review this code for potential security issues", confidence: 0.9, pattern_type: :hardcoded_secret}
18:48:55.410 [debug] Match confidence: 0.1848, min_confidence: 0.7, match: %{type: "js-hardcoded-secret-password", context: %{node_type: "VariableDeclarator", depth: 3, parent_type: "VariableDeclaration"}, location: %{depth: 3, end_column: 457, end_line: 1, start_line: 1, start_column: 446}, severity: "high", pattern_id: "js-hardcoded-secret-password", pattern_name: "Hardcoded Password", recommendation: "Review this code for potential security issues", confidence: 0.9, pattern_type: :hardcoded_secret}
18:48:55.410 [debug] Match confidence: 0.1848, min_confidence: 0.7, match: %{type: "js-hardcoded-secret-password", context: %{node_type: "VariableDeclarator", depth: 3, parent_type: "VariableDeclaration"}, location: %{depth: 3, end_column: 474, end_line: 1, start_line: 1, start_column: 463}, severity: "high", pattern_id: "js-hardcoded-secret-password", pattern_name: "Hardcoded Password", recommendation: "Review this code for potential security issues", confidence: 0.9, pattern_type: :hardcoded_secret}
18:48:55.410 [debug] Match confidence: 0.1848, min_confidence: 0.7, match: %{type: "js-hardcoded-secret-password", context: %{node_type: "VariableDeclarator", depth: 3, parent_type: "VariableDeclaration"}, location: %{depth: 3, end_column: 491, end_line: 1, start_line: 1, start_column: 480}, severity: "high", pattern_id: "js-hardcoded-secret-password", pattern_name: "Hardcoded Password", recommendation: "Review this code for potential security issues", confidence: 0.9, pattern_type: :hardcoded_secret}
18:48:55.411 [debug] Match confidence: 0.1848, min_confidence: 0.7, match: %{type: "js-hardcoded-secret-password", context: %{node_type: "VariableDeclarator", depth: 3, parent_type: "VariableDeclaration"}, location: %{depth: 3, end_column: 508, end_line: 1, start_line: 1, start_column: 497}, severity: "high", pattern_id: "js-hardcoded-secret-password", pattern_name: "Hardcoded Password", recommendation: "Review this code for potential security issues", confidence: 0.9, pattern_type: :hardcoded_secret}
18:48:55.411 [debug] Match confidence: 0.1848, min_confidence: 0.7, match: %{type: "js-hardcoded-secret-password", context: %{node_type: "VariableDeclarator", depth: 3, parent_type: "VariableDeclaration"}, location: %{depth: 3, end_column: 525, end_line: 1, start_line: 1, start_column: 514}, severity: "high", pattern_id: "js-hardcoded-secret-password", pattern_name: "Hardcoded Password", recommendation: "Review this code for potential security issues", confidence: 0.9, pattern_type: :hardcoded_secret}
18:48:55.411 [debug] Match confidence: 0.1848, min_confidence: 0.7, match: %{type: "js-hardcoded-secret-password", context: %{node_type: "VariableDeclarator", depth: 3, parent_type: "VariableDeclaration"}, location: %{depth: 3, end_column: 542, end_line: 1, start_line: 1, start_column: 531}, severity: "high", pattern_id: "js-hardcoded-secret-password", pattern_name: "Hardcoded Password", recommendation: "Review this code for potential security issues", confidence: 0.9, pattern_type: :hardcoded_secret}
18:48:55.411 [debug] Match confidence: 0.1848, min_confidence: 0.7, match: %{type: "js-hardcoded-secret-password", context: %{node_type: "VariableDeclarator", depth: 3, parent_type: "VariableDeclaration"}, location: %{depth: 3, end_column: 559, end_line: 1, start_line: 1, start_column: 548}, severity: "high", pattern_id: "js-hardcoded-secret-password", pattern_name: "Hardcoded Password", recommendation: "Review this code for potential security issues", confidence: 0.9, pattern_type: :hardcoded_secret}
18:48:55.411 [debug] Match confidence: 0.1848, min_confidence: 0.7, match: %{type: "js-hardcoded-secret-password", context: %{node_type: "VariableDeclarator", depth: 3, parent_type: "VariableDeclaration"}, location: %{depth: 3, end_column: 576, end_line: 1, start_line: 1, start_column: 565}, severity: "high", pattern_id: "js-hardcoded-secret-password", pattern_name: "Hardcoded Password", recommendation: "Review this code for potential security issues", confidence: 0.9, pattern_type: :hardcoded_secret}
18:48:55.411 [debug] Match confidence: 0.1848, min_confidence: 0.7, match: %{type: "js-hardcoded-secret-password", context: %{node_type: "VariableDeclarator", depth: 3, parent_type: "VariableDeclaration"}, location: %{depth: 3, end_column: 593, end_line: 1, start_line: 1, start_column: 582}, severity: "high", pattern_id: "js-hardcoded-secret-password", pattern_name: "Hardcoded Password", recommendation: "Review this code for potential security issues", confidence: 0.9, pattern_type: :hardcoded_secret}
18:48:55.411 [debug] Match confidence: 0.1848, min_confidence: 0.7, match: %{type: "js-hardcoded-secret-password", context: %{node_type: "VariableDeclarator", depth: 3, parent_type: "VariableDeclaration"}, location: %{depth: 3, end_column: 610, end_line: 1, start_line: 1, start_column: 599}, severity: "high", pattern_id: "js-hardcoded-secret-password", pattern_name: "Hardcoded Password", recommendation: "Review this code for potential security issues", confidence: 0.9, pattern_type: :hardcoded_secret}
18:48:55.411 [debug] Match confidence: 0.1848, min_confidence: 0.7, match: %{type: "js-hardcoded-secret-password", context: %{node_type: "VariableDeclarator", depth: 3, parent_type: "VariableDeclaration"}, location: %{depth: 3, end_column: 627, end_line: 1, start_line: 1, start_column: 616}, severity: "high", pattern_id: "js-hardcoded-secret-password", pattern_name: "Hardcoded Password", recommendation: "Review this code for potential security issues", confidence: 0.9, pattern_type: :hardcoded_secret}
18:48:55.411 [debug] Match confidence: 0.1848, min_confidence: 0.7, match: %{type: "js-hardcoded-secret-password", context: %{node_type: "VariableDeclarator", depth: 3, parent_type: "VariableDeclaration"}, location: %{depth: 3, end_column: 644, end_line: 1, start_line: 1, start_column: 633}, severity: "high", pattern_id: "js-hardcoded-secret-password", pattern_name: "Hardcoded Password", recommendation: "Review this code for potential security issues", confidence: 0.9, pattern_type: :hardcoded_secret}
18:48:55.411 [debug] Match confidence: 0.1848, min_confidence: 0.7, match: %{type: "js-hardcoded-secret-password", context: %{node_type: "VariableDeclarator", depth: 3, parent_type: "VariableDeclaration"}, location: %{depth: 3, end_column: 661, end_line: 1, start_line: 1, start_column: 650}, severity: "high", pattern_id: "js-hardcoded-secret-password", pattern_name: "Hardcoded Password", recommendation: "Review this code for potential security issues", confidence: 0.9, pattern_type: :hardcoded_secret}
18:48:55.411 [debug] Match confidence: 0.1848, min_confidence: 0.7, match: %{type: "js-hardcoded-secret-password", context: %{node_type: "VariableDeclarator", depth: 3, parent_type: "VariableDeclaration"}, location: %{depth: 3, end_column: 678, end_line: 1, start_line: 1, start_column: 667}, severity: "high", pattern_id: "js-hardcoded-secret-password", pattern_name: "Hardcoded Password", recommendation: "Review this code for potential security issues", confidence: 0.9, pattern_type: :hardcoded_secret}
18:48:55.411 [debug] Match confidence: 0.1848, min_confidence: 0.7, match: %{type: "js-hardcoded-secret-password", context: %{node_type: "VariableDeclarator", depth: 3, parent_type: "VariableDeclaration"}, location: %{depth: 3, end_column: 695, end_line: 1, start_line: 1, start_column: 684}, severity: "high", pattern_id: "js-hardcoded-secret-password", pattern_name: "Hardcoded Password", recommendation: "Review this code for potential security issues", confidence: 0.9, pattern_type: :hardcoded_secret}
18:48:55.411 [debug] Match confidence: 0.1848, min_confidence: 0.7, match: %{type: "js-hardcoded-secret-password", context: %{node_type: "VariableDeclarator", depth: 3, parent_type: "VariableDeclaration"}, location: %{depth: 3, end_column: 712, end_line: 1, start_line: 1, start_column: 701}, severity: "high", pattern_id: "js-hardcoded-secret-password", pattern_name: "Hardcoded Password", recommendation: "Review this code for potential security issues", confidence: 0.9, pattern_type: :hardcoded_secret}
18:48:55.411 [debug] Match confidence: 0.1848, min_confidence: 0.7, match: %{type: "js-hardcoded-secret-password", context: %{node_type: "VariableDeclarator", depth: 3, parent_type: "VariableDeclaration"}, location: %{depth: 3, end_column: 729, end_line: 1, start_line: 1, start_column: 718}, severity: "high", pattern_id: "js-hardcoded-secret-password", pattern_name: "Hardcoded Password", recommendation: "Review this code for potential security issues", confidence: 0.9, pattern_type: :hardcoded_secret}
18:48:55.411 [debug] Match confidence: 0.1848, min_confidence: 0.7, match: %{type: "js-hardcoded-secret-password", context: %{node_type: "VariableDeclarator", depth: 3, parent_type: "VariableDeclaration"}, location: %{depth: 3, end_column: 746, end_line: 1, start_line: 1, start_column: 735}, severity: "high", pattern_id: "js-hardcoded-secret-password", pattern_name: "Hardcoded Password", recommendation: "Review this code for potential security issues", confidence: 0.9, pattern_type: :hardcoded_secret}
18:48:55.411 [debug] Match confidence: 0.1848, min_confidence: 0.7, match: %{type: "js-hardcoded-secret-password", context: %{node_type: "VariableDeclarator", depth: 3, parent_type: "VariableDeclaration"}, location: %{depth: 3, end_column: 763, end_line: 1, start_line: 1, start_column: 752}, severity: "high", pattern_id: "js-hardcoded-secret-password", pattern_name: "Hardcoded Password", recommendation: "Review this code for potential security issues", confidence: 0.9, pattern_type: :hardcoded_secret}
18:48:55.411 [debug] Match confidence: 0.1848, min_confidence: 0.7, match: %{type: "js-hardcoded-secret-password", context: %{node_type: "VariableDeclarator", depth: 3, parent_type: "VariableDeclaration"}, location: %{depth: 3, end_column: 780, end_line: 1, start_line: 1, start_column: 769}, severity: "high", pattern_id: "js-hardcoded-secret-password", pattern_name: "Hardcoded Password", recommendation: "Review this code for potential security issues", confidence: 0.9, pattern_type: :hardcoded_secret}
18:48:55.411 [debug] Match confidence: 0.1848, min_confidence: 0.7, match: %{type: "js-hardcoded-secret-password", context: %{node_type: "VariableDeclarator", depth: 3, parent_type: "VariableDeclaration"}, location: %{depth: 3, end_column: 797, end_line: 1, start_line: 1, start_column: 786}, severity: "high", pattern_id: "js-hardcoded-secret-password", pattern_name: "Hardcoded Password", recommendation: "Review this code for potential security issues", confidence: 0.9, pattern_type: :hardcoded_secret}
18:48:55.411 [debug] Match confidence: 0.1848, min_confidence: 0.7, match: %{type: "js-hardcoded-secret-password", context: %{node_type: "VariableDeclarator", depth: 3, parent_type: "VariableDeclaration"}, location: %{depth: 3, end_column: 814, end_line: 1, start_line: 1, start_column: 803}, severity: "high", pattern_id: "js-hardcoded-secret-password", pattern_name: "Hardcoded Password", recommendation: "Review this code for potential security issues", confidence: 0.9, pattern_type: :hardcoded_secret}
18:48:55.411 [debug] Match confidence: 0.1848, min_confidence: 0.7, match: %{type: "js-hardcoded-secret-password", context: %{node_type: "VariableDeclarator", depth: 3, parent_type: "VariableDeclaration"}, location: %{depth: 3, end_column: 831, end_line: 1, start_line: 1, start_column: 820}, severity: "high", pattern_id: "js-hardcoded-secret-password", pattern_name: "Hardcoded Password", recommendation: "Review this code for potential security issues", confidence: 0.9, pattern_type: :hardcoded_secret}
18:48:55.411 [debug] Match confidence: 0.1848, min_confidence: 0.7, match: %{type: "js-hardcoded-secret-password", context: %{node_type: "VariableDeclarator", depth: 3, parent_type: "VariableDeclaration"}, location: %{depth: 3, end_column: 848, end_line: 1, start_line: 1, start_column: 837}, severity: "high", pattern_id: "js-hardcoded-secret-password", pattern_name: "Hardcoded Password", recommendation: "Review this code for potential security issues", confidence: 0.9, pattern_type: :hardcoded_secret}
18:48:55.411 [debug] Match confidence: 0.1848, min_confidence: 0.7, match: %{type: "js-hardcoded-secret-password", context: %{node_type: "VariableDeclarator", depth: 3, parent_type: "VariableDeclaration"}, location: %{depth: 3, end_column: 865, end_line: 1, start_line: 1, start_column: 854}, severity: "high", pattern_id: "js-hardcoded-secret-password", pattern_name: "Hardcoded Password", recommendation: "Review this code for potential security issues", confidence: 0.9, pattern_type: :hardcoded_secret}
18:48:55.411 [debug] Match confidence: 0.1848, min_confidence: 0.7, match: %{type: "js-hardcoded-secret-password", context: %{node_type: "VariableDeclarator", depth: 3, parent_type: "VariableDeclaration"}, location: %{depth: 3, end_column: 882, end_line: 1, start_line: 1, start_column: 871}, severity: "high", pattern_id: "js-hardcoded-secret-password", pattern_name: "Hardcoded Password", recommendation: "Review this code for potential security issues", confidence: 0.9, pattern_type: :hardcoded_secret}
18:48:55.411 [debug] Match confidence: 0.1848, min_confidence: 0.7, match: %{type: "js-hardcoded-secret-password", context: %{node_type: "VariableDeclarator", depth: 3, parent_type: "VariableDeclaration"}, location: %{depth: 3, end_column: 899, end_line: 1, start_line: 1, start_column: 888}, severity: "high", pattern_id: "js-hardcoded-secret-password", pattern_name: "Hardcoded Password", recommendation: "Review this code for potential security issues", confidence: 0.9, pattern_type: :hardcoded_secret}
18:48:55.411 [debug] Match confidence: 0.1848, min_confidence: 0.7, match: %{type: "js-hardcoded-secret-password", context: %{node_type: "VariableDeclarator", depth: 3, parent_type: "VariableDeclaration"}, location: %{depth: 3, end_column: 916, end_line: 1, start_line: 1, start_column: 905}, severity: "high", pattern_id: "js-hardcoded-secret-password", pattern_name: "Hardcoded Password", recommendation: "Review this code for potential security issues", confidence: 0.9, pattern_type: :hardcoded_secret}
18:48:55.411 [debug] Match confidence: 0.1848, min_confidence: 0.7, match: %{type: "js-hardcoded-secret-password", context: %{node_type: "VariableDeclarator", depth: 3, parent_type: "VariableDeclaration"}, location: %{depth: 3, end_column: 933, end_line: 1, start_line: 1, start_column: 922}, severity: "high", pattern_id: "js-hardcoded-secret-password", pattern_name: "Hardcoded Password", recommendation: "Review this code for potential security issues", confidence: 0.9, pattern_type: :hardcoded_secret}
18:48:55.411 [debug] Match confidence: 0.1848, min_confidence: 0.7, match: %{type: "js-hardcoded-secret-password", context: %{node_type: "VariableDeclarator", depth: 3, parent_type: "VariableDeclaration"}, location: %{depth: 3, end_column: 950, end_line: 1, start_line: 1, start_column: 939}, severity: "high", pattern_id: "js-hardcoded-secret-password", pattern_name: "Hardcoded Password", recommendation: "Review this code for potential security issues", confidence: 0.9, pattern_type: :hardcoded_secret}
18:48:55.411 [debug] Match confidence: 0.1848, min_confidence: 0.7, match: %{type: "js-hardcoded-secret-password", context: %{node_type: "VariableDeclarator", depth: 3, parent_type: "VariableDeclaration"}, location: %{depth: 3, end_column: 967, end_line: 1, start_line: 1, start_column: 956}, severity: "high", pattern_id: "js-hardcoded-secret-password", pattern_name: "Hardcoded Password", recommendation: "Review this code for potential security issues", confidence: 0.9, pattern_type: :hardcoded_secret}
18:48:55.411 [debug] Match confidence: 0.1848, min_confidence: 0.7, match: %{type: "js-hardcoded-secret-password", context: %{node_type: "VariableDeclarator", depth: 3, parent_type: "VariableDeclaration"}, location: %{depth: 3, end_column: 984, end_line: 1, start_line: 1, start_column: 973}, severity: "high", pattern_id: "js-hardcoded-secret-password", pattern_name: "Hardcoded Password", recommendation: "Review this code for potential security issues", confidence: 0.9, pattern_type: :hardcoded_secret}
18:48:55.411 [debug] Match confidence: 0.1848, min_confidence: 0.7, match: %{type: "js-hardcoded-secret-password", context: %{node_type: "VariableDeclarator", depth: 3, parent_type: "VariableDeclaration"}, location: %{depth: 3, end_column: 1001, end_line: 1, start_line: 1, start_column: 990}, severity: "high", pattern_id: "js-hardcoded-secret-password", pattern_name: "Hardcoded Password", recommendation: "Review this code for potential security issues", confidence: 0.9, pattern_type: :hardcoded_secret}
18:48:55.411 [debug] Match confidence: 0.1848, min_confidence: 0.7, match: %{type: "js-hardcoded-secret-password", context: %{node_type: "VariableDeclarator", depth: 3, parent_type: "VariableDeclaration"}, location: %{depth: 3, end_column: 1018, end_line: 1, start_line: 1, start_column: 1007}, severity: "high", pattern_id: "js-hardcoded-secret-password", pattern_name: "Hardcoded Password", recommendation: "Review this code for potential security issues", confidence: 0.9, pattern_type: :hardcoded_secret}
18:48:55.411 [debug] Match confidence: 0.1848, min_confidence: 0.7, match: %{type: "js-hardcoded-secret-password", context: %{node_type: "VariableDeclarator", depth: 3, parent_type: "VariableDeclaration"}, location: %{depth: 3, end_column: 1035, end_line: 1, start_line: 1, start_column: 1024}, severity: "high", pattern_id: "js-hardcoded-secret-password", pattern_name: "Hardcoded Password", recommendation: "Review this code for potential security issues", confidence: 0.9, pattern_type: :hardcoded_secret}
18:48:55.411 [debug] Match confidence: 0.1848, min_confidence: 0.7, match: %{type: "js-hardcoded-secret-password", context: %{node_type: "VariableDeclarator", depth: 3, parent_type: "VariableDeclaration"}, location: %{depth: 3, end_column: 1052, end_line: 1, start_line: 1, start_column: 1041}, severity: "high", pattern_id: "js-hardcoded-secret-password", pattern_name: "Hardcoded Password", recommendation: "Review this code for potential security issues", confidence: 0.9, pattern_type: :hardcoded_secret}
18:48:55.411 [debug] Match confidence: 0.1848, min_confidence: 0.7, match: %{type: "js-hardcoded-secret-password", context: %{node_type: "VariableDeclarator", depth: 3, parent_type: "VariableDeclaration"}, location: %{depth: 3, end_column: 1069, end_line: 1, start_line: 1, start_column: 1058}, severity: "high", pattern_id: "js-hardcoded-secret-password", pattern_name: "Hardcoded Password", recommendation: "Review this code for potential security issues", confidence: 0.9, pattern_type: :hardcoded_secret}
18:48:55.412 [debug] Match confidence: 0.1848, min_confidence: 0.7, match: %{type: "js-hardcoded-secret-password", context: %{node_type: "VariableDeclarator", depth: 3, parent_type: "VariableDeclaration"}, location: %{depth: 3, end_column: 1086, end_line: 1, start_line: 1, start_column: 1075}, severity: "high", pattern_id: "js-hardcoded-secret-password", pattern_name: "Hardcoded Password", recommendation: "Review this code for potential security issues", confidence: 0.9, pattern_type: :hardcoded_secret}
18:48:55.412 [debug] Match confidence: 0.1848, min_confidence: 0.7, match: %{type: "js-hardcoded-secret-password", context: %{node_type: "VariableDeclarator", depth: 3, parent_type: "VariableDeclaration"}, location: %{depth: 3, end_column: 1103, end_line: 1, start_line: 1, start_column: 1092}, severity: "high", pattern_id: "js-hardcoded-secret-password", pattern_name: "Hardcoded Password", recommendation: "Review this code for potential security issues", confidence: 0.9, pattern_type: :hardcoded_secret}
18:48:55.412 [debug] Match confidence: 0.1848, min_confidence: 0.7, match: %{type: "js-hardcoded-secret-password", context: %{node_type: "VariableDeclarator", depth: 3, parent_type: "VariableDeclaration"}, location: %{depth: 3, end_column: 1120, end_line: 1, start_line: 1, start_column: 1109}, severity: "high", pattern_id: "js-hardcoded-secret-password", pattern_name: "Hardcoded Password", recommendation: "Review this code for potential security issues", confidence: 0.9, pattern_type: :hardcoded_secret}
18:48:55.412 [debug] Match confidence: 0.1848, min_confidence: 0.7, match: %{type: "js-hardcoded-secret-password", context: %{node_type: "VariableDeclarator", depth: 3, parent_type: "VariableDeclaration"}, location: %{depth: 3, end_column: 1137, end_line: 1, start_line: 1, start_column: 1126}, severity: "high", pattern_id: "js-hardcoded-secret-password", pattern_name: "Hardcoded Password", recommendation: "Review this code for potential security issues", confidence: 0.9, pattern_type: :hardcoded_secret}
18:48:55.412 [debug] Match confidence: 0.1848, min_confidence: 0.7, match: %{type: "js-hardcoded-secret-password", context: %{node_type: "VariableDeclarator", depth: 3, parent_type: "VariableDeclaration"}, location: %{depth: 3, end_column: 1154, end_line: 1, start_line: 1, start_column: 1143}, severity: "high", pattern_id: "js-hardcoded-secret-password", pattern_name: "Hardcoded Password", recommendation: "Review this code for potential security issues", confidence: 0.9, pattern_type: :hardcoded_secret}
18:48:55.412 [debug] Match confidence: 0.1848, min_confidence: 0.7, match: %{type: "js-hardcoded-secret-password", context: %{node_type: "VariableDeclarator", depth: 3, parent_type: "VariableDeclaration"}, location: %{depth: 3, end_column: 1171, end_line: 1, start_line: 1, start_column: 1160}, severity: "high", pattern_id: "js-hardcoded-secret-password", pattern_name: "Hardcoded Password", recommendation: "Review this code for potential security issues", confidence: 0.9, pattern_type: :hardcoded_secret}
18:48:55.412 [debug] Match confidence: 0.1848, min_confidence: 0.7, match: %{type: "js-hardcoded-secret-password", context: %{node_type: "VariableDeclarator", depth: 3, parent_type: "VariableDeclaration"}, location: %{depth: 3, end_column: 1188, end_line: 1, start_line: 1, start_column: 1177}, severity: "high", pattern_id: "js-hardcoded-secret-password", pattern_name: "Hardcoded Password", recommendation: "Review this code for potential security issues", confidence: 0.9, pattern_type: :hardcoded_secret}
18:48:55.412 [debug] Match confidence: 0.1848, min_confidence: 0.7, match: %{type: "js-hardcoded-secret-password", context: %{node_type: "VariableDeclarator", depth: 3, parent_type: "VariableDeclaration"}, location: %{depth: 3, end_column: 1205, end_line: 1, start_line: 1, start_column: 1194}, severity: "high", pattern_id: "js-hardcoded-secret-password", pattern_name: "Hardcoded Password", recommendation: "Review this code for potential security issues", confidence: 0.9, pattern_type: :hardcoded_secret}
18:48:55.412 [debug] Match confidence: 0.1848, min_confidence: 0.7, match: %{type: "js-hardcoded-secret-password", context: %{node_type: "VariableDeclarator", depth: 3, parent_type: "VariableDeclaration"}, location: %{depth: 3, end_column: 1222, end_line: 1, start_line: 1, start_column: 1211}, severity: "high", pattern_id: "js-hardcoded-secret-password", pattern_name: "Hardcoded Password", recommendation: "Review this code for potential security issues", confidence: 0.9, pattern_type: :hardcoded_secret}
18:48:55.412 [debug] Match confidence: 0.1848, min_confidence: 0.7, match: %{type: "js-hardcoded-secret-password", context: %{node_type: "VariableDeclarator", depth: 3, parent_type: "VariableDeclaration"}, location: %{depth: 3, end_column: 1239, end_line: 1, start_line: 1, start_column: 1228}, severity: "high", pattern_id: "js-hardcoded-secret-password", pattern_name: "Hardcoded Password", recommendation: "Review this code for potential security issues", confidence: 0.9, pattern_type: :hardcoded_secret}
18:48:55.412 [debug] Match confidence: 0.1848, min_confidence: 0.7, match: %{type: "js-hardcoded-secret-password", context: %{node_type: "VariableDeclarator", depth: 3, parent_type: "VariableDeclaration"}, location: %{depth: 3, end_column: 1256, end_line: 1, start_line: 1, start_column: 1245}, severity: "high", pattern_id: "js-hardcoded-secret-password", pattern_name: "Hardcoded Password", recommendation: "Review this code for potential security issues", confidence: 0.9, pattern_type: :hardcoded_secret}
18:48:55.412 [debug] Match confidence: 0.1848, min_confidence: 0.7, match: %{type: "js-hardcoded-secret-password", context: %{node_type: "VariableDeclarator", depth: 3, parent_type: "VariableDeclaration"}, location: %{depth: 3, end_column: 1273, end_line: 1, start_line: 1, start_column: 1262}, severity: "high", pattern_id: "js-hardcoded-secret-password", pattern_name: "Hardcoded Password", recommendation: "Review this code for potential security issues", confidence: 0.9, pattern_type: :hardcoded_secret}
18:48:55.412 [debug] Match confidence: 0.1848, min_confidence: 0.7, match: %{type: "js-hardcoded-secret-password", context: %{node_type: "VariableDeclarator", depth: 3, parent_type: "VariableDeclaration"}, location: %{depth: 3, end_column: 1290, end_line: 1, start_line: 1, start_column: 1279}, severity: "high", pattern_id: "js-hardcoded-secret-password", pattern_name: "Hardcoded Password", recommendation: "Review this code for potential security issues", confidence: 0.9, pattern_type: :hardcoded_secret}
18:48:55.412 [debug] Match confidence: 0.1848, min_confidence: 0.7, match: %{type: "js-hardcoded-secret-password", context: %{node_type: "VariableDeclarator", depth: 3, parent_type: "VariableDeclaration"}, location: %{depth: 3, end_column: 1307, end_line: 1, start_line: 1, start_column: 1296}, severity: "high", pattern_id: "js-hardcoded-secret-password", pattern_name: "Hardcoded Password", recommendation: "Review this code for potential security issues", confidence: 0.9, pattern_type: :hardcoded_secret}
18:48:55.412 [debug] Match confidence: 0.1848, min_confidence: 0.7, match: %{type: "js-hardcoded-secret-password", context: %{node_type: "VariableDeclarator", depth: 3, parent_type: "VariableDeclaration"}, location: %{depth: 3, end_column: 1324, end_line: 1, start_line: 1, start_column: 1313}, severity: "high", pattern_id: "js-hardcoded-secret-password", pattern_name: "Hardcoded Password", recommendation: "Review this code for potential security issues", confidence: 0.9, pattern_type: :hardcoded_secret}
18:48:55.412 [debug] Match confidence: 0.1848, min_confidence: 0.7, match: %{type: "js-hardcoded-secret-password", context: %{node_type: "VariableDeclarator", depth: 3, parent_type: "VariableDeclaration"}, location: %{depth: 3, end_column: 1341, end_line: 1, start_line: 1, start_column: 1330}, severity: "high", pattern_id: "js-hardcoded-secret-password", pattern_name: "Hardcoded Password", recommendation: "Review this code for potential security issues", confidence: 0.9, pattern_type: :hardcoded_secret}
18:48:55.412 [debug] Match confidence: 0.1848, min_confidence: 0.7, match: %{type: "js-hardcoded-secret-password", context: %{node_type: "VariableDeclarator", depth: 3, parent_type: "VariableDeclaration"}, location: %{depth: 3, end_column: 1358, end_line: 1, start_line: 1, start_column: 1347}, severity: "high", pattern_id: "js-hardcoded-secret-password", pattern_name: "Hardcoded Password", recommendation: "Review this code for potential security issues", confidence: 0.9, pattern_type: :hardcoded_secret}
18:48:55.412 [debug] Match confidence: 0.1848, min_confidence: 0.7, match: %{type: "js-hardcoded-secret-password", context: %{node_type: "VariableDeclarator", depth: 3, parent_type: "VariableDeclaration"}, location: %{depth: 3, end_column: 1375, end_line: 1, start_line: 1, start_column: 1364}, severity: "high", pattern_id: "js-hardcoded-secret-password", pattern_name: "Hardcoded Password", recommendation: "Review this code for potential security issues", confidence: 0.9, pattern_type: :hardcoded_secret}
18:48:55.412 [debug] Match confidence: 0.1848, min_confidence: 0.7, match: %{type: "js-hardcoded-secret-password", context: %{node_type: "VariableDeclarator", depth: 3, parent_type: "VariableDeclaration"}, location: %{depth: 3, end_column: 1392, end_line: 1, start_line: 1, start_column: 1381}, severity: "high", pattern_id: "js-hardcoded-secret-password", pattern_name: "Hardcoded Password", recommendation: "Review this code for potential security issues", confidence: 0.9, pattern_type: :hardcoded_secret}
18:48:55.412 [debug] Match confidence: 0.1848, min_confidence: 0.7, match: %{type: "js-hardcoded-secret-password", context: %{node_type: "VariableDeclarator", depth: 3, parent_type: "VariableDeclaration"}, location: %{depth: 3, end_column: 1409, end_line: 1, start_line: 1, start_column: 1398}, severity: "high", pattern_id: "js-hardcoded-secret-password", pattern_name: "Hardcoded Password", recommendation: "Review this code for potential security issues", confidence: 0.9, pattern_type: :hardcoded_secret}
18:48:55.412 [debug] Match confidence: 0.1848, min_confidence: 0.7, match: %{type: "js-hardcoded-secret-password", context: %{node_type: "VariableDeclarator", depth: 3, parent_type: "VariableDeclaration"}, location: %{depth: 3, end_column: 1426, end_line: 1, start_line: 1, start_column: 1415}, severity: "high", pattern_id: "js-hardcoded-secret-password", pattern_name: "Hardcoded Password", recommendation: "Review this code for potential security issues", confidence: 0.9, pattern_type: :hardcoded_secret}
18:48:55.412 [debug] Match confidence: 0.1848, min_confidence: 0.7, match: %{type: "js-hardcoded-secret-password", context: %{node_type: "VariableDeclarator", depth: 3, parent_type: "VariableDeclaration"}, location: %{depth: 3, end_column: 1443, end_line: 1, start_line: 1, start_column: 1432}, severity: "high", pattern_id: "js-hardcoded-secret-password", pattern_name: "Hardcoded Password", recommendation: "Review this code for potential security issues", confidence: 0.9, pattern_type: :hardcoded_secret}
18:48:55.412 [debug] Match confidence: 0.1848, min_confidence: 0.7, match: %{type: "js-hardcoded-secret-password", context: %{node_type: "VariableDeclarator", depth: 3, parent_type: "VariableDeclaration"}, location: %{depth: 3, end_column: 1460, end_line: 1, start_line: 1, start_column: 1449}, severity: "high", pattern_id: "js-hardcoded-secret-password", pattern_name: "Hardcoded Password", recommendation: "Review this code for potential security issues", confidence: 0.9, pattern_type: :hardcoded_secret}
18:48:55.412 [debug] Match confidence: 0.1848, min_confidence: 0.7, match: %{type: "js-hardcoded-secret-password", context: %{node_type: "VariableDeclarator", depth: 3, parent_type: "VariableDeclaration"}, location: %{depth: 3, end_column: 1477, end_line: 1, start_line: 1, start_column: 1466}, severity: "high", pattern_id: "js-hardcoded-secret-password", pattern_name: "Hardcoded Password", recommendation: "Review this code for potential security issues", confidence: 0.9, pattern_type: :hardcoded_secret}
18:48:55.412 [debug] Match confidence: 0.1848, min_confidence: 0.7, match: %{type: "js-hardcoded-secret-password", context: %{node_type: "VariableDeclarator", depth: 3, parent_type: "VariableDeclaration"}, location: %{depth: 3, end_column: 1494, end_line: 1, start_line: 1, start_column: 1483}, severity: "high", pattern_id: "js-hardcoded-secret-password", pattern_name: "Hardcoded Password", recommendation: "Review this code for potential security issues", confidence: 0.9, pattern_type: :hardcoded_secret}
18:48:55.412 [debug] Match confidence: 0.1848, min_confidence: 0.7, match: %{type: "js-hardcoded-secret-password", context: %{node_type: "VariableDeclarator", depth: 3, parent_type: "VariableDeclaration"}, location: %{depth: 3, end_column: 1511, end_line: 1, start_line: 1, start_column: 1500}, severity: "high", pattern_id: "js-hardcoded-secret-password", pattern_name: "Hardcoded Password", recommendation: "Review this code for potential security issues", confidence: 0.9, pattern_type: :hardcoded_secret}
18:48:55.412 [debug] Match confidence: 0.1848, min_confidence: 0.7, match: %{type: "js-hardcoded-secret-password", context: %{node_type: "VariableDeclarator", depth: 3, parent_type: "VariableDeclaration"}, location: %{depth: 3, end_column: 1528, end_line: 1, start_line: 1, start_column: 1517}, severity: "high", pattern_id: "js-hardcoded-secret-password", pattern_name: "Hardcoded Password", recommendation: "Review this code for potential security issues", confidence: 0.9, pattern_type: :hardcoded_secret}
18:48:55.412 [debug] Match confidence: 0.1848, min_confidence: 0.7, match: %{type: "js-hardcoded-secret-password", context: %{node_type: "VariableDeclarator", depth: 3, parent_type: "VariableDeclaration"}, location: %{depth: 3, end_column: 1545, end_line: 1, start_line: 1, start_column: 1534}, severity: "high", pattern_id: "js-hardcoded-secret-password", pattern_name: "Hardcoded Password", recommendation: "Review this code for potential security issues", confidence: 0.9, pattern_type: :hardcoded_secret}
18:48:55.412 [debug] Match confidence: 0.1848, min_confidence: 0.7, match: %{type: "js-hardcoded-secret-password", context: %{node_type: "VariableDeclarator", depth: 3, parent_type: "VariableDeclaration"}, location: %{depth: 3, end_column: 1562, end_line: 1, start_line: 1, start_column: 1551}, severity: "high", pattern_id: "js-hardcoded-secret-password", pattern_name: "Hardcoded Password", recommendation: "Review this code for potential security issues", confidence: 0.9, pattern_type: :hardcoded_secret}
18:48:55.412 [debug] Match confidence: 0.1848, min_confidence: 0.7, match: %{type: "js-hardcoded-secret-password", context: %{node_type: "VariableDeclarator", depth: 3, parent_type: "VariableDeclaration"}, location: %{depth: 3, end_column: 1579, end_line: 1, start_line: 1, start_column: 1568}, severity: "high", pattern_id: "js-hardcoded-secret-password", pattern_name: "Hardcoded Password", recommendation: "Review this code for potential security issues", confidence: 0.9, pattern_type: :hardcoded_secret}
18:48:55.412 [debug] Match confidence: 0.1848, min_confidence: 0.7, match: %{type: "js-hardcoded-secret-password", context: %{node_type: "VariableDeclarator", depth: 3, parent_type: "VariableDeclaration"}, location: %{depth: 3, end_column: 1596, end_line: 1, start_line: 1, start_column: 1585}, severity: "high", pattern_id: "js-hardcoded-secret-password", pattern_name: "Hardcoded Password", recommendation: "Review this code for potential security issues", confidence: 0.9, pattern_type: :hardcoded_secret}
18:48:55.412 [debug] Match confidence: 0.1848, min_confidence: 0.7, match: %{type: "js-hardcoded-secret-password", context: %{node_type: "VariableDeclarator", depth: 3, parent_type: "VariableDeclaration"}, location: %{depth: 3, end_column: 1613, end_line: 1, start_line: 1, start_column: 1602}, severity: "high", pattern_id: "js-hardcoded-secret-password", pattern_name: "Hardcoded Password", recommendation: "Review this code for potential security issues", confidence: 0.9, pattern_type: :hardcoded_secret}
18:48:55.412 [debug] Match confidence: 0.1848, min_confidence: 0.7, match: %{type: "js-hardcoded-secret-password", context: %{node_type: "VariableDeclarator", depth: 3, parent_type: "VariableDeclaration"}, location: %{depth: 3, end_column: 1630, end_line: 1, start_line: 1, start_column: 1619}, severity: "high", pattern_id: "js-hardcoded-secret-password", pattern_name: "Hardcoded Password", recommendation: "Review this code for potential security issues", confidence: 0.9, pattern_type: :hardcoded_secret}
18:48:55.413 [debug] Match confidence: 0.1848, min_confidence: 0.7, match: %{type: "js-hardcoded-secret-password", context: %{node_type: "VariableDeclarator", depth: 3, parent_type: "VariableDeclaration"}, location: %{depth: 3, end_column: 1647, end_line: 1, start_line: 1, start_column: 1636}, severity: "high", pattern_id: "js-hardcoded-secret-password", pattern_name: "Hardcoded Password", recommendation: "Review this code for potential security issues", confidence: 0.9, pattern_type: :hardcoded_secret}
18:48:55.413 [debug] Match confidence: 0.1848, min_confidence: 0.7, match: %{type: "js-hardcoded-secret-password", context: %{node_type: "VariableDeclarator", depth: 3, parent_type: "VariableDeclaration"}, location: %{depth: 3, end_column: 1664, end_line: 1, start_line: 1, start_column: 1653}, severity: "high", pattern_id: "js-hardcoded-secret-password", pattern_name: "Hardcoded Password", recommendation: "Review this code for potential security issues", confidence: 0.9, pattern_type: :hardcoded_secret}
18:48:55.413 [debug] Match confidence: 0.1848, min_confidence: 0.7, match: %{type: "js-hardcoded-secret-password", context: %{node_type: "VariableDeclarator", depth: 3, parent_type: "VariableDeclaration"}, location: %{depth: 3, end_column: 1681, end_line: 1, start_line: 1, start_column: 1670}, severity: "high", pattern_id: "js-hardcoded-secret-password", pattern_name: "Hardcoded Password", recommendation: "Review this code for potential security issues", confidence: 0.9, pattern_type: :hardcoded_secret}
18:48:55.413 [debug] Match confidence: 0.1848, min_confidence: 0.7, match: %{type: "js-hardcoded-secret-password", context: %{node_type: "VariableDeclarator", depth: 3, parent_type: "VariableDeclaration"}, location: %{depth: 3, end_column: 1698, end_line: 1, start_line: 1, start_column: 1687}, severity: "high", pattern_id: "js-hardcoded-secret-password", pattern_name: "Hardcoded Password", recommendation: "Review this code for potential security issues", confidence: 0.9, pattern_type: :hardcoded_secret}
18:48:55.413 [debug] Match confidence: 0.1848, min_confidence: 0.7, match: %{type: "js-hardcoded-secret-api-key", context: %{node_type: "VariableDeclarator", depth: 3, parent_type: "VariableDeclaration"}, location: %{depth: 3, end_column: 15, end_line: 1, start_line: 1, start_column: 4}, severity: "high", pattern_id: "js-hardcoded-secret-api-key", pattern_name: "Hardcoded API Key", recommendation: "Review this code for potential security issues", confidence: 0.9, pattern_type: :hardcoded_secret}
18:48:55.413 [debug] Match confidence: 0.1848, min_confidence: 0.7, match: %{type: "js-hardcoded-secret-api-key", context: %{node_type: "VariableDeclarator", depth: 3, parent_type: "VariableDeclaration"}, location: %{depth: 3, end_column: 32, end_line: 1, start_line: 1, start_column: 21}, severity: "high", pattern_id: "js-hardcoded-secret-api-key", pattern_name: "Hardcoded API Key", recommendation: "Review this code for potential security issues", confidence: 0.9, pattern_type: :hardcoded_secret}
18:48:55.413 [debug] Match confidence: 0.1848, min_confidence: 0.7, match: %{type: "js-hardcoded-secret-api-key", context: %{node_type: "VariableDeclarator", depth: 3, parent_type: "VariableDeclaration"}, location: %{depth: 3, end_column: 49, end_line: 1, start_line: 1, start_column: 38}, severity: "high", pattern_id: "js-hardcoded-secret-api-key", pattern_name: "Hardcoded API Key", recommendation: "Review this code for potential security issues", confidence: 0.9, pattern_type: :hardcoded_secret}
18:48:55.413 [debug] Match confidence: 0.1848, min_confidence: 0.7, match: %{type: "js-hardcoded-secret-api-key", context: %{node_type: "VariableDeclarator", depth: 3, parent_type: "VariableDeclaration"}, location: %{depth: 3, end_column: 66, end_line: 1, start_line: 1, start_column: 55}, severity: "high", pattern_id: "js-hardcoded-secret-api-key", pattern_name: "Hardcoded API Key", recommendation: "Review this code for potential security issues", confidence: 0.9, pattern_type: :hardcoded_secret}
18:48:55.413 [debug] Match confidence: 0.1848, min_confidence: 0.7, match: %{type: "js-hardcoded-secret-api-key", context: %{node_type: "VariableDeclarator", depth: 3, parent_type: "VariableDeclaration"}, location: %{depth: 3, end_column: 83, end_line: 1, start_line: 1, start_column: 72}, severity: "high", pattern_id: "js-hardcoded-secret-api-key", pattern_name: "Hardcoded API Key", recommendation: "Review this code for potential security issues", confidence: 0.9, pattern_type: :hardcoded_secret}
18:48:55.413 [debug] Match confidence: 0.1848, min_confidence: 0.7, match: %{type: "js-hardcoded-secret-api-key", context: %{node_type: "VariableDeclarator", depth: 3, parent_type: "VariableDeclaration"}, location: %{depth: 3, end_column: 100, end_line: 1, start_line: 1, start_column: 89}, severity: "high", pattern_id: "js-hardcoded-secret-api-key", pattern_name: "Hardcoded API Key", recommendation: "Review this code for potential security issues", confidence: 0.9, pattern_type: :hardcoded_secret}
18:48:55.413 [debug] Match confidence: 0.1848, min_confidence: 0.7, match: %{type: "js-hardcoded-secret-api-key", context: %{node_type: "VariableDeclarator", depth: 3, parent_type: "VariableDeclaration"}, location: %{depth: 3, end_column: 117, end_line: 1, start_line: 1, start_column: 106}, severity: "high", pattern_id: "js-hardcoded-secret-api-key", pattern_name: "Hardcoded API Key", recommendation: "Review this code for potential security issues", confidence: 0.9, pattern_type: :hardcoded_secret}
18:48:55.413 [debug] Match confidence: 0.1848, min_confidence: 0.7, match: %{type: "js-hardcoded-secret-api-key", context: %{node_type: "VariableDeclarator", depth: 3, parent_type: "VariableDeclaration"}, location: %{depth: 3, end_column: 134, end_line: 1, start_line: 1, start_column: 123}, severity: "high", pattern_id: "js-hardcoded-secret-api-key", pattern_name: "Hardcoded API Key", recommendation: "Review this code for potential security issues", confidence: 0.9, pattern_type: :hardcoded_secret}
18:48:55.413 [debug] Match confidence: 0.1848, min_confidence: 0.7, match: %{type: "js-hardcoded-secret-api-key", context: %{node_type: "VariableDeclarator", depth: 3, parent_type: "VariableDeclaration"}, location: %{depth: 3, end_column: 151, end_line: 1, start_line: 1, start_column: 140}, severity: "high", pattern_id: "js-hardcoded-secret-api-key", pattern_name: "Hardcoded API Key", recommendation: "Review this code for potential security issues", confidence: 0.9, pattern_type: :hardcoded_secret}
18:48:55.413 [debug] Match confidence: 0.1848, min_confidence: 0.7, match: %{type: "js-hardcoded-secret-api-key", context: %{node_type: "VariableDeclarator", depth: 3, parent_type: "VariableDeclaration"}, location: %{depth: 3, end_column: 168, end_line: 1, start_line: 1, start_column: 157}, severity: "high", pattern_id: "js-hardcoded-secret-api-key", pattern_name: "Hardcoded API Key", recommendation: "Review this code for potential security issues", confidence: 0.9, pattern_type: :hardcoded_secret}
18:48:55.413 [debug] Match confidence: 0.1848, min_confidence: 0.7, match: %{type: "js-hardcoded-secret-api-key", context: %{node_type: "VariableDeclarator", depth: 3, parent_type: "VariableDeclaration"}, location: %{depth: 3, end_column: 185, end_line: 1, start_line: 1, start_column: 174}, severity: "high", pattern_id: "js-hardcoded-secret-api-key", pattern_name: "Hardcoded API Key", recommendation: "Review this code for potential security issues", confidence: 0.9, pattern_type: :hardcoded_secret}
18:48:55.413 [debug] Match confidence: 0.1848, min_confidence: 0.7, match: %{type: "js-hardcoded-secret-api-key", context: %{node_type: "VariableDeclarator", depth: 3, parent_type: "VariableDeclaration"}, location: %{depth: 3, end_column: 202, end_line: 1, start_line: 1, start_column: 191}, severity: "high", pattern_id: "js-hardcoded-secret-api-key", pattern_name: "Hardcoded API Key", recommendation: "Review this code for potential security issues", confidence: 0.9, pattern_type: :hardcoded_secret}
18:48:55.413 [debug] Match confidence: 0.1848, min_confidence: 0.7, match: %{type: "js-hardcoded-secret-api-key", context: %{node_type: "VariableDeclarator", depth: 3, parent_type: "VariableDeclaration"}, location: %{depth: 3, end_column: 219, end_line: 1, start_line: 1, start_column: 208}, severity: "high", pattern_id: "js-hardcoded-secret-api-key", pattern_name: "Hardcoded API Key", recommendation: "Review this code for potential security issues", confidence: 0.9, pattern_type: :hardcoded_secret}
18:48:55.413 [debug] Match confidence: 0.1848, min_confidence: 0.7, match: %{type: "js-hardcoded-secret-api-key", context: %{node_type: "VariableDeclarator", depth: 3, parent_type: "VariableDeclaration"}, location: %{depth: 3, end_column: 236, end_line: 1, start_line: 1, start_column: 225}, severity: "high", pattern_id: "js-hardcoded-secret-api-key", pattern_name: "Hardcoded API Key", recommendation: "Review this code for potential security issues", confidence: 0.9, pattern_type: :hardcoded_secret}
18:48:55.413 [debug] Match confidence: 0.1848, min_confidence: 0.7, match: %{type: "js-hardcoded-secret-api-key", context: %{node_type: "VariableDeclarator", depth: 3, parent_type: "VariableDeclaration"}, location: %{depth: 3, end_column: 253, end_line: 1, start_line: 1, start_column: 242}, severity: "high", pattern_id: "js-hardcoded-secret-api-key", pattern_name: "Hardcoded API Key", recommendation: "Review this code for potential security issues", confidence: 0.9, pattern_type: :hardcoded_secret}
18:48:55.413 [debug] Match confidence: 0.1848, min_confidence: 0.7, match: %{type: "js-hardcoded-secret-api-key", context: %{node_type: "VariableDeclarator", depth: 3, parent_type: "VariableDeclaration"}, location: %{depth: 3, end_column: 270, end_line: 1, start_line: 1, start_column: 259}, severity: "high", pattern_id: "js-hardcoded-secret-api-key", pattern_name: "Hardcoded API Key", recommendation: "Review this code for potential security issues", confidence: 0.9, pattern_type: :hardcoded_secret}
18:48:55.413 [debug] Match confidence: 0.1848, min_confidence: 0.7, match: %{type: "js-hardcoded-secret-api-key", context: %{node_type: "VariableDeclarator", depth: 3, parent_type: "VariableDeclaration"}, location: %{depth: 3, end_column: 287, end_line: 1, start_line: 1, start_column: 276}, severity: "high", pattern_id: "js-hardcoded-secret-api-key", pattern_name: "Hardcoded API Key", recommendation: "Review this code for potential security issues", confidence: 0.9, pattern_type: :hardcoded_secret}
18:48:55.413 [debug] Match confidence: 0.1848, min_confidence: 0.7, match: %{type: "js-hardcoded-secret-api-key", context: %{node_type: "VariableDeclarator", depth: 3, parent_type: "VariableDeclaration"}, location: %{depth: 3, end_column: 304, end_line: 1, start_line: 1, start_column: 293}, severity: "high", pattern_id: "js-hardcoded-secret-api-key", pattern_name: "Hardcoded API Key", recommendation: "Review this code for potential security issues", confidence: 0.9, pattern_type: :hardcoded_secret}
18:48:55.413 [debug] Match confidence: 0.1848, min_confidence: 0.7, match: %{type: "js-hardcoded-secret-api-key", context: %{node_type: "VariableDeclarator", depth: 3, parent_type: "VariableDeclaration"}, location: %{depth: 3, end_column: 321, end_line: 1, start_line: 1, start_column: 310}, severity: "high", pattern_id: "js-hardcoded-secret-api-key", pattern_name: "Hardcoded API Key", recommendation: "Review this code for potential security issues", confidence: 0.9, pattern_type: :hardcoded_secret}
18:48:55.413 [debug] Match confidence: 0.1848, min_confidence: 0.7, match: %{type: "js-hardcoded-secret-api-key", context: %{node_type: "VariableDeclarator", depth: 3, parent_type: "VariableDeclaration"}, location: %{depth: 3, end_column: 338, end_line: 1, start_line: 1, start_column: 327}, severity: "high", pattern_id: "js-hardcoded-secret-api-key", pattern_name: "Hardcoded API Key", recommendation: "Review this code for potential security issues", confidence: 0.9, pattern_type: :hardcoded_secret}
18:48:55.413 [debug] Match confidence: 0.1848, min_confidence: 0.7, match: %{type: "js-hardcoded-secret-api-key", context: %{node_type: "VariableDeclarator", depth: 3, parent_type: "VariableDeclaration"}, location: %{depth: 3, end_column: 355, end_line: 1, start_line: 1, start_column: 344}, severity: "high", pattern_id: "js-hardcoded-secret-api-key", pattern_name: "Hardcoded API Key", recommendation: "Review this code for potential security issues", confidence: 0.9, pattern_type: :hardcoded_secret}
18:48:55.413 [debug] Match confidence: 0.1848, min_confidence: 0.7, match: %{type: "js-hardcoded-secret-api-key", context: %{node_type: "VariableDeclarator", depth: 3, parent_type: "VariableDeclaration"}, location: %{depth: 3, end_column: 372, end_line: 1, start_line: 1, start_column: 361}, severity: "high", pattern_id: "js-hardcoded-secret-api-key", pattern_name: "Hardcoded API Key", recommendation: "Review this code for potential security issues", confidence: 0.9, pattern_type: :hardcoded_secret}
18:48:55.413 [debug] Match confidence: 0.1848, min_confidence: 0.7, match: %{type: "js-hardcoded-secret-api-key", context: %{node_type: "VariableDeclarator", depth: 3, parent_type: "VariableDeclaration"}, location: %{depth: 3, end_column: 389, end_line: 1, start_line: 1, start_column: 378}, severity: "high", pattern_id: "js-hardcoded-secret-api-key", pattern_name: "Hardcoded API Key", recommendation: "Review this code for potential security issues", confidence: 0.9, pattern_type: :hardcoded_secret}
18:48:55.413 [debug] Match confidence: 0.1848, min_confidence: 0.7, match: %{type: "js-hardcoded-secret-api-key", context: %{node_type: "VariableDeclarator", depth: 3, parent_type: "VariableDeclaration"}, location: %{depth: 3, end_column: 406, end_line: 1, start_line: 1, start_column: 395}, severity: "high", pattern_id: "js-hardcoded-secret-api-key", pattern_name: "Hardcoded API Key", recommendation: "Review this code for potential security issues", confidence: 0.9, pattern_type: :hardcoded_secret}
18:48:55.413 [debug] Match confidence: 0.1848, min_confidence: 0.7, match: %{type: "js-hardcoded-secret-api-key", context: %{node_type: "VariableDeclarator", depth: 3, parent_type: "VariableDeclaration"}, location: %{depth: 3, end_column: 423, end_line: 1, start_line: 1, start_column: 412}, severity: "high", pattern_id: "js-hardcoded-secret-api-key", pattern_name: "Hardcoded API Key", recommendation: "Review this code for potential security issues", confidence: 0.9, pattern_type: :hardcoded_secret}
18:48:55.413 [debug] Match confidence: 0.1848, min_confidence: 0.7, match: %{type: "js-hardcoded-secret-api-key", context: %{node_type: "VariableDeclarator", depth: 3, parent_type: "VariableDeclaration"}, location: %{depth: 3, end_column: 440, end_line: 1, start_line: 1, start_column: 429}, severity: "high", pattern_id: "js-hardcoded-secret-api-key", pattern_name: "Hardcoded API Key", recommendation: "Review this code for potential security issues", confidence: 0.9, pattern_type: :hardcoded_secret}
18:48:55.413 [debug] Match confidence: 0.1848, min_confidence: 0.7, match: %{type: "js-hardcoded-secret-api-key", context: %{node_type: "VariableDeclarator", depth: 3, parent_type: "VariableDeclaration"}, location: %{depth: 3, end_column: 457, end_line: 1, start_line: 1, start_column: 446}, severity: "high", pattern_id: "js-hardcoded-secret-api-key", pattern_name: "Hardcoded API Key", recommendation: "Review this code for potential security issues", confidence: 0.9, pattern_type: :hardcoded_secret}
18:48:55.413 [debug] Match confidence: 0.1848, min_confidence: 0.7, match: %{type: "js-hardcoded-secret-api-key", context: %{node_type: "VariableDeclarator", depth: 3, parent_type: "VariableDeclaration"}, location: %{depth: 3, end_column: 474, end_line: 1, start_line: 1, start_column: 463}, severity: "high", pattern_id: "js-hardcoded-secret-api-key", pattern_name: "Hardcoded API Key", recommendation: "Review this code for potential security issues", confidence: 0.9, pattern_type: :hardcoded_secret}
18:48:55.414 [debug] Match confidence: 0.1848, min_confidence: 0.7, match: %{type: "js-hardcoded-secret-api-key", context: %{node_type: "VariableDeclarator", depth: 3, parent_type: "VariableDeclaration"}, location: %{depth: 3, end_column: 491, end_line: 1, start_line: 1, start_column: 480}, severity: "high", pattern_id: "js-hardcoded-secret-api-key", pattern_name: "Hardcoded API Key", recommendation: "Review this code for potential security issues", confidence: 0.9, pattern_type: :hardcoded_secret}
18:48:55.414 [debug] Match confidence: 0.1848, min_confidence: 0.7, match: %{type: "js-hardcoded-secret-api-key", context: %{node_type: "VariableDeclarator", depth: 3, parent_type: "VariableDeclaration"}, location: %{depth: 3, end_column: 508, end_line: 1, start_line: 1, start_column: 497}, severity: "high", pattern_id: "js-hardcoded-secret-api-key", pattern_name: "Hardcoded API Key", recommendation: "Review this code for potential security issues", confidence: 0.9, pattern_type: :hardcoded_secret}
18:48:55.414 [debug] Match confidence: 0.1848, min_confidence: 0.7, match: %{type: "js-hardcoded-secret-api-key", context: %{node_type: "VariableDeclarator", depth: 3, parent_type: "VariableDeclaration"}, location: %{depth: 3, end_column: 525, end_line: 1, start_line: 1, start_column: 514}, severity: "high", pattern_id: "js-hardcoded-secret-api-key", pattern_name: "Hardcoded API Key", recommendation: "Review this code for potential security issues", confidence: 0.9, pattern_type: :hardcoded_secret}
18:48:55.414 [debug] Match confidence: 0.1848, min_confidence: 0.7, match: %{type: "js-hardcoded-secret-api-key", context: %{node_type: "VariableDeclarator", depth: 3, parent_type: "VariableDeclaration"}, location: %{depth: 3, end_column: 542, end_line: 1, start_line: 1, start_column: 531}, severity: "high", pattern_id: "js-hardcoded-secret-api-key", pattern_name: "Hardcoded API Key", recommendation: "Review this code for potential security issues", confidence: 0.9, pattern_type: :hardcoded_secret}
18:48:55.414 [debug] Match confidence: 0.1848, min_confidence: 0.7, match: %{type: "js-hardcoded-secret-api-key", context: %{node_type: "VariableDeclarator", depth: 3, parent_type: "VariableDeclaration"}, location: %{depth: 3, end_column: 559, end_line: 1, start_line: 1, start_column: 548}, severity: "high", pattern_id: "js-hardcoded-secret-api-key", pattern_name: "Hardcoded API Key", recommendation: "Review this code for potential security issues", confidence: 0.9, pattern_type: :hardcoded_secret}
18:48:55.414 [debug] Match confidence: 0.1848, min_confidence: 0.7, match: %{type: "js-hardcoded-secret-api-key", context: %{node_type: "VariableDeclarator", depth: 3, parent_type: "VariableDeclaration"}, location: %{depth: 3, end_column: 576, end_line: 1, start_line: 1, start_column: 565}, severity: "high", pattern_id: "js-hardcoded-secret-api-key", pattern_name: "Hardcoded API Key", recommendation: "Review this code for potential security issues", confidence: 0.9, pattern_type: :hardcoded_secret}
18:48:55.414 [debug] Match confidence: 0.1848, min_confidence: 0.7, match: %{type: "js-hardcoded-secret-api-key", context: %{node_type: "VariableDeclarator", depth: 3, parent_type: "VariableDeclaration"}, location: %{depth: 3, end_column: 593, end_line: 1, start_line: 1, start_column: 582}, severity: "high", pattern_id: "js-hardcoded-secret-api-key", pattern_name: "Hardcoded API Key", recommendation: "Review this code for potential security issues", confidence: 0.9, pattern_type: :hardcoded_secret}
18:48:55.414 [debug] Match confidence: 0.1848, min_confidence: 0.7, match: %{type: "js-hardcoded-secret-api-key", context: %{node_type: "VariableDeclarator", depth: 3, parent_type: "VariableDeclaration"}, location: %{depth: 3, end_column: 610, end_line: 1, start_line: 1, start_column: 599}, severity: "high", pattern_id: "js-hardcoded-secret-api-key", pattern_name: "Hardcoded API Key", recommendation: "Review this code for potential security issues", confidence: 0.9, pattern_type: :hardcoded_secret}
18:48:55.414 [debug] Match confidence: 0.1848, min_confidence: 0.7, match: %{type: "js-hardcoded-secret-api-key", context: %{node_type: "VariableDeclarator", depth: 3, parent_type: "VariableDeclaration"}, location: %{depth: 3, end_column: 627, end_line: 1, start_line: 1, start_column: 616}, severity: "high", pattern_id: "js-hardcoded-secret-api-key", pattern_name: "Hardcoded API Key", recommendation: "Review this code for potential security issues", confidence: 0.9, pattern_type: :hardcoded_secret}
18:48:55.414 [debug] Match confidence: 0.1848, min_confidence: 0.7, match: %{type: "js-hardcoded-secret-api-key", context: %{node_type: "VariableDeclarator", depth: 3, parent_type: "VariableDeclaration"}, location: %{depth: 3, end_column: 644, end_line: 1, start_line: 1, start_column: 633}, severity: "high", pattern_id: "js-hardcoded-secret-api-key", pattern_name: "Hardcoded API Key", recommendation: "Review this code for potential security issues", confidence: 0.9, pattern_type: :hardcoded_secret}
18:48:55.414 [debug] Match confidence: 0.1848, min_confidence: 0.7, match: %{type: "js-hardcoded-secret-api-key", context: %{node_type: "VariableDeclarator", depth: 3, parent_type: "VariableDeclaration"}, location: %{depth: 3, end_column: 661, end_line: 1, start_line: 1, start_column: 650}, severity: "high", pattern_id: "js-hardcoded-secret-api-key", pattern_name: "Hardcoded API Key", recommendation: "Review this code for potential security issues", confidence: 0.9, pattern_type: :hardcoded_secret}
18:48:55.414 [debug] Match confidence: 0.1848, min_confidence: 0.7, match: %{type: "js-hardcoded-secret-api-key", context: %{node_type: "VariableDeclarator", depth: 3, parent_type: "VariableDeclaration"}, location: %{depth: 3, end_column: 678, end_line: 1, start_line: 1, start_column: 667}, severity: "high", pattern_id: "js-hardcoded-secret-api-key", pattern_name: "Hardcoded API Key", recommendation: "Review this code for potential security issues", confidence: 0.9, pattern_type: :hardcoded_secret}
18:48:55.414 [debug] Match confidence: 0.1848, min_confidence: 0.7, match: %{type: "js-hardcoded-secret-api-key", context: %{node_type: "VariableDeclarator", depth: 3, parent_type: "VariableDeclaration"}, location: %{depth: 3, end_column: 695, end_line: 1, start_line: 1, start_column: 684}, severity: "high", pattern_id: "js-hardcoded-secret-api-key", pattern_name: "Hardcoded API Key", recommendation: "Review this code for potential security issues", confidence: 0.9, pattern_type: :hardcoded_secret}
18:48:55.414 [debug] Match confidence: 0.1848, min_confidence: 0.7, match: %{type: "js-hardcoded-secret-api-key", context: %{node_type: "VariableDeclarator", depth: 3, parent_type: "VariableDeclaration"}, location: %{depth: 3, end_column: 712, end_line: 1, start_line: 1, start_column: 701}, severity: "high", pattern_id: "js-hardcoded-secret-api-key", pattern_name: "Hardcoded API Key", recommendation: "Review this code for potential security issues", confidence: 0.9, pattern_type: :hardcoded_secret}
18:48:55.414 [debug] Match confidence: 0.1848, min_confidence: 0.7, match: %{type: "js-hardcoded-secret-api-key", context: %{node_type: "VariableDeclarator", depth: 3, parent_type: "VariableDeclaration"}, location: %{depth: 3, end_column: 729, end_line: 1, start_line: 1, start_column: 718}, severity: "high", pattern_id: "js-hardcoded-secret-api-key", pattern_name: "Hardcoded API Key", recommendation: "Review this code for potential security issues", confidence: 0.9, pattern_type: :hardcoded_secret}
18:48:55.414 [debug] Match confidence: 0.1848, min_confidence: 0.7, match: %{type: "js-hardcoded-secret-api-key", context: %{node_type: "VariableDeclarator", depth: 3, parent_type: "VariableDeclaration"}, location: %{depth: 3, end_column: 746, end_line: 1, start_line: 1, start_column: 735}, severity: "high", pattern_id: "js-hardcoded-secret-api-key", pattern_name: "Hardcoded API Key", recommendation: "Review this code for potential security issues", confidence: 0.9, pattern_type: :hardcoded_secret}
18:48:55.414 [debug] Match confidence: 0.1848, min_confidence: 0.7, match: %{type: "js-hardcoded-secret-api-key", context: %{node_type: "VariableDeclarator", depth: 3, parent_type: "VariableDeclaration"}, location: %{depth: 3, end_column: 763, end_line: 1, start_line: 1, start_column: 752}, severity: "high", pattern_id: "js-hardcoded-secret-api-key", pattern_name: "Hardcoded API Key", recommendation: "Review this code for potential security issues", confidence: 0.9, pattern_type: :hardcoded_secret}
18:48:55.414 [debug] Match confidence: 0.1848, min_confidence: 0.7, match: %{type: "js-hardcoded-secret-api-key", context: %{node_type: "VariableDeclarator", depth: 3, parent_type: "VariableDeclaration"}, location: %{depth: 3, end_column: 780, end_line: 1, start_line: 1, start_column: 769}, severity: "high", pattern_id: "js-hardcoded-secret-api-key", pattern_name: "Hardcoded API Key", recommendation: "Review this code for potential security issues", confidence: 0.9, pattern_type: :hardcoded_secret}
18:48:55.414 [debug] Match confidence: 0.1848, min_confidence: 0.7, match: %{type: "js-hardcoded-secret-api-key", context: %{node_type: "VariableDeclarator", depth: 3, parent_type: "VariableDeclaration"}, location: %{depth: 3, end_column: 797, end_line: 1, start_line: 1, start_column: 786}, severity: "high", pattern_id: "js-hardcoded-secret-api-key", pattern_name: "Hardcoded API Key", recommendation: "Review this code for potential security issues", confidence: 0.9, pattern_type: :hardcoded_secret}
18:48:55.414 [debug] Match confidence: 0.1848, min_confidence: 0.7, match: %{type: "js-hardcoded-secret-api-key", context: %{node_type: "VariableDeclarator", depth: 3, parent_type: "VariableDeclaration"}, location: %{depth: 3, end_column: 814, end_line: 1, start_line: 1, start_column: 803}, severity: "high", pattern_id: "js-hardcoded-secret-api-key", pattern_name: "Hardcoded API Key", recommendation: "Review this code for potential security issues", confidence: 0.9, pattern_type: :hardcoded_secret}
18:48:55.414 [debug] Match confidence: 0.1848, min_confidence: 0.7, match: %{type: "js-hardcoded-secret-api-key", context: %{node_type: "VariableDeclarator", depth: 3, parent_type: "VariableDeclaration"}, location: %{depth: 3, end_column: 831, end_line: 1, start_line: 1, start_column: 820}, severity: "high", pattern_id: "js-hardcoded-secret-api-key", pattern_name: "Hardcoded API Key", recommendation: "Review this code for potential security issues", confidence: 0.9, pattern_type: :hardcoded_secret}
18:48:55.414 [debug] Match confidence: 0.1848, min_confidence: 0.7, match: %{type: "js-hardcoded-secret-api-key", context: %{node_type: "VariableDeclarator", depth: 3, parent_type: "VariableDeclaration"}, location: %{depth: 3, end_column: 848, end_line: 1, start_line: 1, start_column: 837}, severity: "high", pattern_id: "js-hardcoded-secret-api-key", pattern_name: "Hardcoded API Key", recommendation: "Review this code for potential security issues", confidence: 0.9, pattern_type: :hardcoded_secret}
18:48:55.414 [debug] Match confidence: 0.1848, min_confidence: 0.7, match: %{type: "js-hardcoded-secret-api-key", context: %{node_type: "VariableDeclarator", depth: 3, parent_type: "VariableDeclaration"}, location: %{depth: 3, end_column: 865, end_line: 1, start_line: 1, start_column: 854}, severity: "high", pattern_id: "js-hardcoded-secret-api-key", pattern_name: "Hardcoded API Key", recommendation: "Review this code for potential security issues", confidence: 0.9, pattern_type: :hardcoded_secret}
18:48:55.414 [debug] Match confidence: 0.1848, min_confidence: 0.7, match: %{type: "js-hardcoded-secret-api-key", context: %{node_type: "VariableDeclarator", depth: 3, parent_type: "VariableDeclaration"}, location: %{depth: 3, end_column: 882, end_line: 1, start_line: 1, start_column: 871}, severity: "high", pattern_id: "js-hardcoded-secret-api-key", pattern_name: "Hardcoded API Key", recommendation: "Review this code for potential security issues", confidence: 0.9, pattern_type: :hardcoded_secret}
18:48:55.414 [debug] Match confidence: 0.1848, min_confidence: 0.7, match: %{type: "js-hardcoded-secret-api-key", context: %{node_type: "VariableDeclarator", depth: 3, parent_type: "VariableDeclaration"}, location: %{depth: 3, end_column: 899, end_line: 1, start_line: 1, start_column: 888}, severity: "high", pattern_id: "js-hardcoded-secret-api-key", pattern_name: "Hardcoded API Key", recommendation: "Review this code for potential security issues", confidence: 0.9, pattern_type: :hardcoded_secret}
18:48:55.414 [debug] Match confidence: 0.1848, min_confidence: 0.7, match: %{type: "js-hardcoded-secret-api-key", context: %{node_type: "VariableDeclarator", depth: 3, parent_type: "VariableDeclaration"}, location: %{depth: 3, end_column: 916, end_line: 1, start_line: 1, start_column: 905}, severity: "high", pattern_id: "js-hardcoded-secret-api-key", pattern_name: "Hardcoded API Key", recommendation: "Review this code for potential security issues", confidence: 0.9, pattern_type: :hardcoded_secret}
18:48:55.414 [debug] Match confidence: 0.1848, min_confidence: 0.7, match: %{type: "js-hardcoded-secret-api-key", context: %{node_type: "VariableDeclarator", depth: 3, parent_type: "VariableDeclaration"}, location: %{depth: 3, end_column: 933, end_line: 1, start_line: 1, start_column: 922}, severity: "high", pattern_id: "js-hardcoded-secret-api-key", pattern_name: "Hardcoded API Key", recommendation: "Review this code for potential security issues", confidence: 0.9, pattern_type: :hardcoded_secret}
18:48:55.414 [debug] Match confidence: 0.1848, min_confidence: 0.7, match: %{type: "js-hardcoded-secret-api-key", context: %{node_type: "VariableDeclarator", depth: 3, parent_type: "VariableDeclaration"}, location: %{depth: 3, end_column: 950, end_line: 1, start_line: 1, start_column: 939}, severity: "high", pattern_id: "js-hardcoded-secret-api-key", pattern_name: "Hardcoded API Key", recommendation: "Review this code for potential security issues", confidence: 0.9, pattern_type: :hardcoded_secret}
18:48:55.414 [debug] Match confidence: 0.1848, min_confidence: 0.7, match: %{type: "js-hardcoded-secret-api-key", context: %{node_type: "VariableDeclarator", depth: 3, parent_type: "VariableDeclaration"}, location: %{depth: 3, end_column: 967, end_line: 1, start_line: 1, start_column: 956}, severity: "high", pattern_id: "js-hardcoded-secret-api-key", pattern_name: "Hardcoded API Key", recommendation: "Review this code for potential security issues", confidence: 0.9, pattern_type: :hardcoded_secret}
18:48:55.414 [debug] Match confidence: 0.1848, min_confidence: 0.7, match: %{type: "js-hardcoded-secret-api-key", context: %{node_type: "VariableDeclarator", depth: 3, parent_type: "VariableDeclaration"}, location: %{depth: 3, end_column: 984, end_line: 1, start_line: 1, start_column: 973}, severity: "high", pattern_id: "js-hardcoded-secret-api-key", pattern_name: "Hardcoded API Key", recommendation: "Review this code for potential security issues", confidence: 0.9, pattern_type: :hardcoded_secret}
18:48:55.414 [debug] Match confidence: 0.1848, min_confidence: 0.7, match: %{type: "js-hardcoded-secret-api-key", context: %{node_type: "VariableDeclarator", depth: 3, parent_type: "VariableDeclaration"}, location: %{depth: 3, end_column: 1001, end_line: 1, start_line: 1, start_column: 990}, severity: "high", pattern_id: "js-hardcoded-secret-api-key", pattern_name: "Hardcoded API Key", recommendation: "Review this code for potential security issues", confidence: 0.9, pattern_type: :hardcoded_secret}
18:48:55.414 [debug] Match confidence: 0.1848, min_confidence: 0.7, match: %{type: "js-hardcoded-secret-api-key", context: %{node_type: "VariableDeclarator", depth: 3, parent_type: "VariableDeclaration"}, location: %{depth: 3, end_column: 1018, end_line: 1, start_line: 1, start_column: 1007}, severity: "high", pattern_id: "js-hardcoded-secret-api-key", pattern_name: "Hardcoded API Key", recommendation: "Review this code for potential security issues", confidence: 0.9, pattern_type: :hardcoded_secret}
18:48:55.414 [debug] Match confidence: 0.1848, min_confidence: 0.7, match: %{type: "js-hardcoded-secret-api-key", context: %{node_type: "VariableDeclarator", depth: 3, parent_type: "VariableDeclaration"}, location: %{depth: 3, end_column: 1035, end_line: 1, start_line: 1, start_column: 1024}, severity: "high", pattern_id: "js-hardcoded-secret-api-key", pattern_name: "Hardcoded API Key", recommendation: "Review this code for potential security issues", confidence: 0.9, pattern_type: :hardcoded_secret}
18:48:55.415 [debug] Match confidence: 0.1848, min_confidence: 0.7, match: %{type: "js-hardcoded-secret-api-key", context: %{node_type: "VariableDeclarator", depth: 3, parent_type: "VariableDeclaration"}, location: %{depth: 3, end_column: 1052, end_line: 1, start_line: 1, start_column: 1041}, severity: "high", pattern_id: "js-hardcoded-secret-api-key", pattern_name: "Hardcoded API Key", recommendation: "Review this code for potential security issues", confidence: 0.9, pattern_type: :hardcoded_secret}
18:48:55.415 [debug] Match confidence: 0.1848, min_confidence: 0.7, match: %{type: "js-hardcoded-secret-api-key", context: %{node_type: "VariableDeclarator", depth: 3, parent_type: "VariableDeclaration"}, location: %{depth: 3, end_column: 1069, end_line: 1, start_line: 1, start_column: 1058}, severity: "high", pattern_id: "js-hardcoded-secret-api-key", pattern_name: "Hardcoded API Key", recommendation: "Review this code for potential security issues", confidence: 0.9, pattern_type: :hardcoded_secret}
18:48:55.415 [debug] Match confidence: 0.1848, min_confidence: 0.7, match: %{type: "js-hardcoded-secret-api-key", context: %{node_type: "VariableDeclarator", depth: 3, parent_type: "VariableDeclaration"}, location: %{depth: 3, end_column: 1086, end_line: 1, start_line: 1, start_column: 1075}, severity: "high", pattern_id: "js-hardcoded-secret-api-key", pattern_name: "Hardcoded API Key", recommendation: "Review this code for potential security issues", confidence: 0.9, pattern_type: :hardcoded_secret}
18:48:55.415 [debug] Match confidence: 0.1848, min_confidence: 0.7, match: %{type: "js-hardcoded-secret-api-key", context: %{node_type: "VariableDeclarator", depth: 3, parent_type: "VariableDeclaration"}, location: %{depth: 3, end_column: 1103, end_line: 1, start_line: 1, start_column: 1092}, severity: "high", pattern_id: "js-hardcoded-secret-api-key", pattern_name: "Hardcoded API Key", recommendation: "Review this code for potential security issues", confidence: 0.9, pattern_type: :hardcoded_secret}
18:48:55.415 [debug] Match confidence: 0.1848, min_confidence: 0.7, match: %{type: "js-hardcoded-secret-api-key", context: %{node_type: "VariableDeclarator", depth: 3, parent_type: "VariableDeclaration"}, location: %{depth: 3, end_column: 1120, end_line: 1, start_line: 1, start_column: 1109}, severity: "high", pattern_id: "js-hardcoded-secret-api-key", pattern_name: "Hardcoded API Key", recommendation: "Review this code for potential security issues", confidence: 0.9, pattern_type: :hardcoded_secret}
18:48:55.415 [debug] Match confidence: 0.1848, min_confidence: 0.7, match: %{type: "js-hardcoded-secret-api-key", context: %{node_type: "VariableDeclarator", depth: 3, parent_type: "VariableDeclaration"}, location: %{depth: 3, end_column: 1137, end_line: 1, start_line: 1, start_column: 1126}, severity: "high", pattern_id: "js-hardcoded-secret-api-key", pattern_name: "Hardcoded API Key", recommendation: "Review this code for potential security issues", confidence: 0.9, pattern_type: :hardcoded_secret}
18:48:55.415 [debug] Match confidence: 0.1848, min_confidence: 0.7, match: %{type: "js-hardcoded-secret-api-key", context: %{node_type: "VariableDeclarator", depth: 3, parent_type: "VariableDeclaration"}, location: %{depth: 3, end_column: 1154, end_line: 1, start_line: 1, start_column: 1143}, severity: "high", pattern_id: "js-hardcoded-secret-api-key", pattern_name: "Hardcoded API Key", recommendation: "Review this code for potential security issues", confidence: 0.9, pattern_type: :hardcoded_secret}
18:48:55.415 [debug] Match confidence: 0.1848, min_confidence: 0.7, match: %{type: "js-hardcoded-secret-api-key", context: %{node_type: "VariableDeclarator", depth: 3, parent_type: "VariableDeclaration"}, location: %{depth: 3, end_column: 1171, end_line: 1, start_line: 1, start_column: 1160}, severity: "high", pattern_id: "js-hardcoded-secret-api-key", pattern_name: "Hardcoded API Key", recommendation: "Review this code for potential security issues", confidence: 0.9, pattern_type: :hardcoded_secret}
18:48:55.415 [debug] Match confidence: 0.1848, min_confidence: 0.7, match: %{type: "js-hardcoded-secret-api-key", context: %{node_type: "VariableDeclarator", depth: 3, parent_type: "VariableDeclaration"}, location: %{depth: 3, end_column: 1188, end_line: 1, start_line: 1, start_column: 1177}, severity: "high", pattern_id: "js-hardcoded-secret-api-key", pattern_name: "Hardcoded API Key", recommendation: "Review this code for potential security issues", confidence: 0.9, pattern_type: :hardcoded_secret}
18:48:55.415 [debug] Match confidence: 0.1848, min_confidence: 0.7, match: %{type: "js-hardcoded-secret-api-key", context: %{node_type: "VariableDeclarator", depth: 3, parent_type: "VariableDeclaration"}, location: %{depth: 3, end_column: 1205, end_line: 1, start_line: 1, start_column: 1194}, severity: "high", pattern_id: "js-hardcoded-secret-api-key", pattern_name: "Hardcoded API Key", recommendation: "Review this code for potential security issues", confidence: 0.9, pattern_type: :hardcoded_secret}
18:48:55.415 [debug] Match confidence: 0.1848, min_confidence: 0.7, match: %{type: "js-hardcoded-secret-api-key", context: %{node_type: "VariableDeclarator", depth: 3, parent_type: "VariableDeclaration"}, location: %{depth: 3, end_column: 1222, end_line: 1, start_line: 1, start_column: 1211}, severity: "high", pattern_id: "js-hardcoded-secret-api-key", pattern_name: "Hardcoded API Key", recommendation: "Review this code for potential security issues", confidence: 0.9, pattern_type: :hardcoded_secret}
18:48:55.415 [debug] Match confidence: 0.1848, min_confidence: 0.7, match: %{type: "js-hardcoded-secret-api-key", context: %{node_type: "VariableDeclarator", depth: 3, parent_type: "VariableDeclaration"}, location: %{depth: 3, end_column: 1239, end_line: 1, start_line: 1, start_column: 1228}, severity: "high", pattern_id: "js-hardcoded-secret-api-key", pattern_name: "Hardcoded API Key", recommendation: "Review this code for potential security issues", confidence: 0.9, pattern_type: :hardcoded_secret}
18:48:55.415 [debug] Match confidence: 0.1848, min_confidence: 0.7, match: %{type: "js-hardcoded-secret-api-key", context: %{node_type: "VariableDeclarator", depth: 3, parent_type: "VariableDeclaration"}, location: %{depth: 3, end_column: 1256, end_line: 1, start_line: 1, start_column: 1245}, severity: "high", pattern_id: "js-hardcoded-secret-api-key", pattern_name: "Hardcoded API Key", recommendation: "Review this code for potential security issues", confidence: 0.9, pattern_type: :hardcoded_secret}
18:48:55.415 [debug] Match confidence: 0.1848, min_confidence: 0.7, match: %{type: "js-hardcoded-secret-api-key", context: %{node_type: "VariableDeclarator", depth: 3, parent_type: "VariableDeclaration"}, location: %{depth: 3, end_column: 1273, end_line: 1, start_line: 1, start_column: 1262}, severity: "high", pattern_id: "js-hardcoded-secret-api-key", pattern_name: "Hardcoded API Key", recommendation: "Review this code for potential security issues", confidence: 0.9, pattern_type: :hardcoded_secret}
18:48:55.415 [debug] Match confidence: 0.1848, min_confidence: 0.7, match: %{type: "js-hardcoded-secret-api-key", context: %{node_type: "VariableDeclarator", depth: 3, parent_type: "VariableDeclaration"}, location: %{depth: 3, end_column: 1290, end_line: 1, start_line: 1, start_column: 1279}, severity: "high", pattern_id: "js-hardcoded-secret-api-key", pattern_name: "Hardcoded API Key", recommendation: "Review this code for potential security issues", confidence: 0.9, pattern_type: :hardcoded_secret}
18:48:55.415 [debug] Match confidence: 0.1848, min_confidence: 0.7, match: %{type: "js-hardcoded-secret-api-key", context: %{node_type: "VariableDeclarator", depth: 3, parent_type: "VariableDeclaration"}, location: %{depth: 3, end_column: 1307, end_line: 1, start_line: 1, start_column: 1296}, severity: "high", pattern_id: "js-hardcoded-secret-api-key", pattern_name: "Hardcoded API Key", recommendation: "Review this code for potential security issues", confidence: 0.9, pattern_type: :hardcoded_secret}
18:48:55.415 [debug] Match confidence: 0.1848, min_confidence: 0.7, match: %{type: "js-hardcoded-secret-api-key", context: %{node_type: "VariableDeclarator", depth: 3, parent_type: "VariableDeclaration"}, location: %{depth: 3, end_column: 1324, end_line: 1, start_line: 1, start_column: 1313}, severity: "high", pattern_id: "js-hardcoded-secret-api-key", pattern_name: "Hardcoded API Key", recommendation: "Review this code for potential security issues", confidence: 0.9, pattern_type: :hardcoded_secret}
18:48:55.415 [debug] Match confidence: 0.1848, min_confidence: 0.7, match: %{type: "js-hardcoded-secret-api-key", context: %{node_type: "VariableDeclarator", depth: 3, parent_type: "VariableDeclaration"}, location: %{depth: 3, end_column: 1341, end_line: 1, start_line: 1, start_column: 1330}, severity: "high", pattern_id: "js-hardcoded-secret-api-key", pattern_name: "Hardcoded API Key", recommendation: "Review this code for potential security issues", confidence: 0.9, pattern_type: :hardcoded_secret}
18:48:55.415 [debug] Match confidence: 0.1848, min_confidence: 0.7, match: %{type: "js-hardcoded-secret-api-key", context: %{node_type: "VariableDeclarator", depth: 3, parent_type: "VariableDeclaration"}, location: %{depth: 3, end_column: 1358, end_line: 1, start_line: 1, start_column: 1347}, severity: "high", pattern_id: "js-hardcoded-secret-api-key", pattern_name: "Hardcoded API Key", recommendation: "Review this code for potential security issues", confidence: 0.9, pattern_type: :hardcoded_secret}
18:48:55.415 [debug] Match confidence: 0.1848, min_confidence: 0.7, match: %{type: "js-hardcoded-secret-api-key", context: %{node_type: "VariableDeclarator", depth: 3, parent_type: "VariableDeclaration"}, location: %{depth: 3, end_column: 1375, end_line: 1, start_line: 1, start_column: 1364}, severity: "high", pattern_id: "js-hardcoded-secret-api-key", pattern_name: "Hardcoded API Key", recommendation: "Review this code for potential security issues", confidence: 0.9, pattern_type: :hardcoded_secret}
18:48:55.415 [debug] Match confidence: 0.1848, min_confidence: 0.7, match: %{type: "js-hardcoded-secret-api-key", context: %{node_type: "VariableDeclarator", depth: 3, parent_type: "VariableDeclaration"}, location: %{depth: 3, end_column: 1392, end_line: 1, start_line: 1, start_column: 1381}, severity: "high", pattern_id: "js-hardcoded-secret-api-key", pattern_name: "Hardcoded API Key", recommendation: "Review this code for potential security issues", confidence: 0.9, pattern_type: :hardcoded_secret}
18:48:55.415 [debug] Match confidence: 0.1848, min_confidence: 0.7, match: %{type: "js-hardcoded-secret-api-key", context: %{node_type: "VariableDeclarator", depth: 3, parent_type: "VariableDeclaration"}, location: %{depth: 3, end_column: 1409, end_line: 1, start_line: 1, start_column: 1398}, severity: "high", pattern_id: "js-hardcoded-secret-api-key", pattern_name: "Hardcoded API Key", recommendation: "Review this code for potential security issues", confidence: 0.9, pattern_type: :hardcoded_secret}
18:48:55.415 [debug] Match confidence: 0.1848, min_confidence: 0.7, match: %{type: "js-hardcoded-secret-api-key", context: %{node_type: "VariableDeclarator", depth: 3, parent_type: "VariableDeclaration"}, location: %{depth: 3, end_column: 1426, end_line: 1, start_line: 1, start_column: 1415}, severity: "high", pattern_id: "js-hardcoded-secret-api-key", pattern_name: "Hardcoded API Key", recommendation: "Review this code for potential security issues", confidence: 0.9, pattern_type: :hardcoded_secret}
18:48:55.415 [debug] Match confidence: 0.1848, min_confidence: 0.7, match: %{type: "js-hardcoded-secret-api-key", context: %{node_type: "VariableDeclarator", depth: 3, parent_type: "VariableDeclaration"}, location: %{depth: 3, end_column: 1443, end_line: 1, start_line: 1, start_column: 1432}, severity: "high", pattern_id: "js-hardcoded-secret-api-key", pattern_name: "Hardcoded API Key", recommendation: "Review this code for potential security issues", confidence: 0.9, pattern_type: :hardcoded_secret}
18:48:55.415 [debug] Match confidence: 0.1848, min_confidence: 0.7, match: %{type: "js-hardcoded-secret-api-key", context: %{node_type: "VariableDeclarator", depth: 3, parent_type: "VariableDeclaration"}, location: %{depth: 3, end_column: 1460, end_line: 1, start_line: 1, start_column: 1449}, severity: "high", pattern_id: "js-hardcoded-secret-api-key", pattern_name: "Hardcoded API Key", recommendation: "Review this code for potential security issues", confidence: 0.9, pattern_type: :hardcoded_secret}
18:48:55.415 [debug] Match confidence: 0.1848, min_confidence: 0.7, match: %{type: "js-hardcoded-secret-api-key", context: %{node_type: "VariableDeclarator", depth: 3, parent_type: "VariableDeclaration"}, location: %{depth: 3, end_column: 1477, end_line: 1, start_line: 1, start_column: 1466}, severity: "high", pattern_id: "js-hardcoded-secret-api-key", pattern_name: "Hardcoded API Key", recommendation: "Review this code for potential security issues", confidence: 0.9, pattern_type: :hardcoded_secret}
18:48:55.415 [debug] Match confidence: 0.1848, min_confidence: 0.7, match: %{type: "js-hardcoded-secret-api-key", context: %{node_type: "VariableDeclarator", depth: 3, parent_type: "VariableDeclaration"}, location: %{depth: 3, end_column: 1494, end_line: 1, start_line: 1, start_column: 1483}, severity: "high", pattern_id: "js-hardcoded-secret-api-key", pattern_name: "Hardcoded API Key", recommendation: "Review this code for potential security issues", confidence: 0.9, pattern_type: :hardcoded_secret}
18:48:55.415 [debug] Match confidence: 0.1848, min_confidence: 0.7, match: %{type: "js-hardcoded-secret-api-key", context: %{node_type: "VariableDeclarator", depth: 3, parent_type: "VariableDeclaration"}, location: %{depth: 3, end_column: 1511, end_line: 1, start_line: 1, start_column: 1500}, severity: "high", pattern_id: "js-hardcoded-secret-api-key", pattern_name: "Hardcoded API Key", recommendation: "Review this code for potential security issues", confidence: 0.9, pattern_type: :hardcoded_secret}
18:48:55.415 [debug] Match confidence: 0.1848, min_confidence: 0.7, match: %{type: "js-hardcoded-secret-api-key", context: %{node_type: "VariableDeclarator", depth: 3, parent_type: "VariableDeclaration"}, location: %{depth: 3, end_column: 1528, end_line: 1, start_line: 1, start_column: 1517}, severity: "high", pattern_id: "js-hardcoded-secret-api-key", pattern_name: "Hardcoded API Key", recommendation: "Review this code for potential security issues", confidence: 0.9, pattern_type: :hardcoded_secret}
18:48:55.415 [debug] Match confidence: 0.1848, min_confidence: 0.7, match: %{type: "js-hardcoded-secret-api-key", context: %{node_type: "VariableDeclarator", depth: 3, parent_type: "VariableDeclaration"}, location: %{depth: 3, end_column: 1545, end_line: 1, start_line: 1, start_column: 1534}, severity: "high", pattern_id: "js-hardcoded-secret-api-key", pattern_name: "Hardcoded API Key", recommendation: "Review this code for potential security issues", confidence: 0.9, pattern_type: :hardcoded_secret}
18:48:55.415 [debug] Match confidence: 0.1848, min_confidence: 0.7, match: %{type: "js-hardcoded-secret-api-key", context: %{node_type: "VariableDeclarator", depth: 3, parent_type: "VariableDeclaration"}, location: %{depth: 3, end_column: 1562, end_line: 1, start_line: 1, start_column: 1551}, severity: "high", pattern_id: "js-hardcoded-secret-api-key", pattern_name: "Hardcoded API Key", recommendation: "Review this code for potential security issues", confidence: 0.9, pattern_type: :hardcoded_secret}
18:48:55.416 [debug] Match confidence: 0.1848, min_confidence: 0.7, match: %{type: "js-hardcoded-secret-api-key", context: %{node_type: "VariableDeclarator", depth: 3, parent_type: "VariableDeclaration"}, location: %{depth: 3, end_column: 1579, end_line: 1, start_line: 1, start_column: 1568}, severity: "high", pattern_id: "js-hardcoded-secret-api-key", pattern_name: "Hardcoded API Key", recommendation: "Review this code for potential security issues", confidence: 0.9, pattern_type: :hardcoded_secret}
18:48:55.416 [debug] Match confidence: 0.1848, min_confidence: 0.7, match: %{type: "js-hardcoded-secret-api-key", context: %{node_type: "VariableDeclarator", depth: 3, parent_type: "VariableDeclaration"}, location: %{depth: 3, end_column: 1596, end_line: 1, start_line: 1, start_column: 1585}, severity: "high", pattern_id: "js-hardcoded-secret-api-key", pattern_name: "Hardcoded API Key", recommendation: "Review this code for potential security issues", confidence: 0.9, pattern_type: :hardcoded_secret}
18:48:55.416 [debug] Match confidence: 0.1848, min_confidence: 0.7, match: %{type: "js-hardcoded-secret-api-key", context: %{node_type: "VariableDeclarator", depth: 3, parent_type: "VariableDeclaration"}, location: %{depth: 3, end_column: 1613, end_line: 1, start_line: 1, start_column: 1602}, severity: "high", pattern_id: "js-hardcoded-secret-api-key", pattern_name: "Hardcoded API Key", recommendation: "Review this code for potential security issues", confidence: 0.9, pattern_type: :hardcoded_secret}
18:48:55.416 [debug] Match confidence: 0.1848, min_confidence: 0.7, match: %{type: "js-hardcoded-secret-api-key", context: %{node_type: "VariableDeclarator", depth: 3, parent_type: "VariableDeclaration"}, location: %{depth: 3, end_column: 1630, end_line: 1, start_line: 1, start_column: 1619}, severity: "high", pattern_id: "js-hardcoded-secret-api-key", pattern_name: "Hardcoded API Key", recommendation: "Review this code for potential security issues", confidence: 0.9, pattern_type: :hardcoded_secret}
18:48:55.416 [debug] Match confidence: 0.1848, min_confidence: 0.7, match: %{type: "js-hardcoded-secret-api-key", context: %{node_type: "VariableDeclarator", depth: 3, parent_type: "VariableDeclaration"}, location: %{depth: 3, end_column: 1647, end_line: 1, start_line: 1, start_column: 1636}, severity: "high", pattern_id: "js-hardcoded-secret-api-key", pattern_name: "Hardcoded API Key", recommendation: "Review this code for potential security issues", confidence: 0.9, pattern_type: :hardcoded_secret}
18:48:55.416 [debug] Match confidence: 0.1848, min_confidence: 0.7, match: %{type: "js-hardcoded-secret-api-key", context: %{node_type: "VariableDeclarator", depth: 3, parent_type: "VariableDeclaration"}, location: %{depth: 3, end_column: 1664, end_line: 1, start_line: 1, start_column: 1653}, severity: "high", pattern_id: "js-hardcoded-secret-api-key", pattern_name: "Hardcoded API Key", recommendation: "Review this code for potential security issues", confidence: 0.9, pattern_type: :hardcoded_secret}
18:48:55.416 [debug] Match confidence: 0.1848, min_confidence: 0.7, match: %{type: "js-hardcoded-secret-api-key", context: %{node_type: "VariableDeclarator", depth: 3, parent_type: "VariableDeclaration"}, location: %{depth: 3, end_column: 1681, end_line: 1, start_line: 1, start_column: 1670}, severity: "high", pattern_id: "js-hardcoded-secret-api-key", pattern_name: "Hardcoded API Key", recommendation: "Review this code for potential security issues", confidence: 0.9, pattern_type: :hardcoded_secret}
18:48:55.416 [debug] Match confidence: 0.1848, min_confidence: 0.7, match: %{type: "js-hardcoded-secret-api-key", context: %{node_type: "VariableDeclarator", depth: 3, parent_type: "VariableDeclaration"}, location: %{depth: 3, end_column: 1698, end_line: 1, start_line: 1, start_column: 1687}, severity: "high", pattern_id: "js-hardcoded-secret-api-key", pattern_name: "Hardcoded API Key", recommendation: "Review this code for potential security issues", confidence: 0.9, pattern_type: :hardcoded_secret}
18:48:56.987 [debug] Parser response received
18:48:56.987 [info] AnalysisService: Loaded 30 patterns for javascript
18:48:57.032 [info] AnalysisService: Found 200 matches
18:48:57.033 [debug] Match confidence: 0.1848, min_confidence: 0.7, match: %{type: "js-hardcoded-secret-password", context: %{node_type: "VariableDeclarator", depth: 3, parent_type: "VariableDeclaration"}, location: %{depth: 3, end_column: 15, end_line: 1, start_line: 1, start_column: 4}, severity: "high", pattern_id: "js-hardcoded-secret-password", pattern_name: "Hardcoded Password", recommendation: "Review this code for potential security issues", confidence: 0.9, pattern_type: :hardcoded_secret}
18:48:57.034 [debug] Match confidence: 0.1848, min_confidence: 0.7, match: %{type: "js-hardcoded-secret-password", context: %{node_type: "VariableDeclarator", depth: 3, parent_type: "VariableDeclaration"}, location: %{depth: 3, end_column: 32, end_line: 1, start_line: 1, start_column: 21}, severity: "high", pattern_id: "js-hardcoded-secret-password", pattern_name: "Hardcoded Password", recommendation: "Review this code for potential security issues", confidence: 0.9, pattern_type: :hardcoded_secret}
18:48:57.034 [debug] Match confidence: 0.1848, min_confidence: 0.7, match: %{type: "js-hardcoded-secret-password", context: %{node_type: "VariableDeclarator", depth: 3, parent_type: "VariableDeclaration"}, location: %{depth: 3, end_column: 49, end_line: 1, start_line: 1, start_column: 38}, severity: "high", pattern_id: "js-hardcoded-secret-password", pattern_name: "Hardcoded Password", recommendation: "Review this code for potential security issues", confidence: 0.9, pattern_type: :hardcoded_secret}
18:48:57.034 [debug] Match confidence: 0.1848, min_confidence: 0.7, match: %{type: "js-hardcoded-secret-password", context: %{node_type: "VariableDeclarator", depth: 3, parent_type: "VariableDeclaration"}, location: %{depth: 3, end_column: 66, end_line: 1, start_line: 1, start_column: 55}, severity: "high", pattern_id: "js-hardcoded-secret-password", pattern_name: "Hardcoded Password", recommendation: "Review this code for potential security issues", confidence: 0.9, pattern_type: :hardcoded_secret}
18:48:57.034 [debug] Match confidence: 0.1848, min_confidence: 0.7, match: %{type: "js-hardcoded-secret-password", context: %{node_type: "VariableDeclarator", depth: 3, parent_type: "VariableDeclaration"}, location: %{depth: 3, end_column: 83, end_line: 1, start_line: 1, start_column: 72}, severity: "high", pattern_id: "js-hardcoded-secret-password", pattern_name: "Hardcoded Password", recommendation: "Review this code for potential security issues", confidence: 0.9, pattern_type: :hardcoded_secret}
18:48:57.034 [debug] Match confidence: 0.1848, min_confidence: 0.7, match: %{type: "js-hardcoded-secret-password", context: %{node_type: "VariableDeclarator", depth: 3, parent_type: "VariableDeclaration"}, location: %{depth: 3, end_column: 100, end_line: 1, start_line: 1, start_column: 89}, severity: "high", pattern_id: "js-hardcoded-secret-password", pattern_name: "Hardcoded Password", recommendation: "Review this code for potential security issues", confidence: 0.9, pattern_type: :hardcoded_secret}
18:48:57.034 [debug] Match confidence: 0.1848, min_confidence: 0.7, match: %{type: "js-hardcoded-secret-password", context: %{node_type: "VariableDeclarator", depth: 3, parent_type: "VariableDeclaration"}, location: %{depth: 3, end_column: 117, end_line: 1, start_line: 1, start_column: 106}, severity: "high", pattern_id: "js-hardcoded-secret-password", pattern_name: "Hardcoded Password", recommendation: "Review this code for potential security issues", confidence: 0.9, pattern_type: :hardcoded_secret}
18:48:57.034 [debug] Match confidence: 0.1848, min_confidence: 0.7, match: %{type: "js-hardcoded-secret-password", context: %{node_type: "VariableDeclarator", depth: 3, parent_type: "VariableDeclaration"}, location: %{depth: 3, end_column: 134, end_line: 1, start_line: 1, start_column: 123}, severity: "high", pattern_id: "js-hardcoded-secret-password", pattern_name: "Hardcoded Password", recommendation: "Review this code for potential security issues", confidence: 0.9, pattern_type: :hardcoded_secret}
18:48:57.034 [debug] Match confidence: 0.1848, min_confidence: 0.7, match: %{type: "js-hardcoded-secret-password", context: %{node_type: "VariableDeclarator", depth: 3, parent_type: "VariableDeclaration"}, location: %{depth: 3, end_column: 151, end_line: 1, start_line: 1, start_column: 140}, severity: "high", pattern_id: "js-hardcoded-secret-password", pattern_name: "Hardcoded Password", recommendation: "Review this code for potential security issues", confidence: 0.9, pattern_type: :hardcoded_secret}
18:48:57.034 [debug] Match confidence: 0.1848, min_confidence: 0.7, match: %{type: "js-hardcoded-secret-password", context: %{node_type: "VariableDeclarator", depth: 3, parent_type: "VariableDeclaration"}, location: %{depth: 3, end_column: 168, end_line: 1, start_line: 1, start_column: 157}, severity: "high", pattern_id: "js-hardcoded-secret-password", pattern_name: "Hardcoded Password", recommendation: "Review this code for potential security issues", confidence: 0.9, pattern_type: :hardcoded_secret}
18:48:57.034 [debug] Match confidence: 0.1848, min_confidence: 0.7, match: %{type: "js-hardcoded-secret-password", context: %{node_type: "VariableDeclarator", depth: 3, parent_type: "VariableDeclaration"}, location: %{depth: 3, end_column: 185, end_line: 1, start_line: 1, start_column: 174}, severity: "high", pattern_id: "js-hardcoded-secret-password", pattern_name: "Hardcoded Password", recommendation: "Review this code for potential security issues", confidence: 0.9, pattern_type: :hardcoded_secret}
18:48:57.034 [debug] Match confidence: 0.1848, min_confidence: 0.7, match: %{type: "js-hardcoded-secret-password", context: %{node_type: "VariableDeclarator", depth: 3, parent_type: "VariableDeclaration"}, location: %{depth: 3, end_column: 202, end_line: 1, start_line: 1, start_column: 191}, severity: "high", pattern_id: "js-hardcoded-secret-password", pattern_name: "Hardcoded Password", recommendation: "Review this code for potential security issues", confidence: 0.9, pattern_type: :hardcoded_secret}
18:48:57.034 [debug] Match confidence: 0.1848, min_confidence: 0.7, match: %{type: "js-hardcoded-secret-password", context: %{node_type: "VariableDeclarator", depth: 3, parent_type: "VariableDeclaration"}, location: %{depth: 3, end_column: 219, end_line: 1, start_line: 1, start_column: 208}, severity: "high", pattern_id: "js-hardcoded-secret-password", pattern_name: "Hardcoded Password", recommendation: "Review this code for potential security issues", confidence: 0.9, pattern_type: :hardcoded_secret}
18:48:57.035 [debug] Match confidence: 0.1848, min_confidence: 0.7, match: %{type: "js-hardcoded-secret-password", context: %{node_type: "VariableDeclarator", depth: 3, parent_type: "VariableDeclaration"}, location: %{depth: 3, end_column: 236, end_line: 1, start_line: 1, start_column: 225}, severity: "high", pattern_id: "js-hardcoded-secret-password", pattern_name: "Hardcoded Password", recommendation: "Review this code for potential security issues", confidence: 0.9, pattern_type: :hardcoded_secret}
18:48:57.035 [debug] Match confidence: 0.1848, min_confidence: 0.7, match: %{type: "js-hardcoded-secret-password", context: %{node_type: "VariableDeclarator", depth: 3, parent_type: "VariableDeclaration"}, location: %{depth: 3, end_column: 253, end_line: 1, start_line: 1, start_column: 242}, severity: "high", pattern_id: "js-hardcoded-secret-password", pattern_name: "Hardcoded Password", recommendation: "Review this code for potential security issues", confidence: 0.9, pattern_type: :hardcoded_secret}
18:48:57.035 [debug] Match confidence: 0.1848, min_confidence: 0.7, match: %{type: "js-hardcoded-secret-password", context: %{node_type: "VariableDeclarator", depth: 3, parent_type: "VariableDeclaration"}, location: %{depth: 3, end_column: 270, end_line: 1, start_line: 1, start_column: 259}, severity: "high", pattern_id: "js-hardcoded-secret-password", pattern_name: "Hardcoded Password", recommendation: "Review this code for potential security issues", confidence: 0.9, pattern_type: :hardcoded_secret}
18:48:57.035 [debug] Match confidence: 0.1848, min_confidence: 0.7, match: %{type: "js-hardcoded-secret-password", context: %{node_type: "VariableDeclarator", depth: 3, parent_type: "VariableDeclaration"}, location: %{depth: 3, end_column: 287, end_line: 1, start_line: 1, start_column: 276}, severity: "high", pattern_id: "js-hardcoded-secret-password", pattern_name: "Hardcoded Password", recommendation: "Review this code for potential security issues", confidence: 0.9, pattern_type: :hardcoded_secret}
18:48:57.035 [debug] Match confidence: 0.1848, min_confidence: 0.7, match: %{type: "js-hardcoded-secret-password", context: %{node_type: "VariableDeclarator", depth: 3, parent_type: "VariableDeclaration"}, location: %{depth: 3, end_column: 304, end_line: 1, start_line: 1, start_column: 293}, severity: "high", pattern_id: "js-hardcoded-secret-password", pattern_name: "Hardcoded Password", recommendation: "Review this code for potential security issues", confidence: 0.9, pattern_type: :hardcoded_secret}
18:48:57.035 [debug] Match confidence: 0.1848, min_confidence: 0.7, match: %{type: "js-hardcoded-secret-password", context: %{node_type: "VariableDeclarator", depth: 3, parent_type: "VariableDeclaration"}, location: %{depth: 3, end_column: 321, end_line: 1, start_line: 1, start_column: 310}, severity: "high", pattern_id: "js-hardcoded-secret-password", pattern_name: "Hardcoded Password", recommendation: "Review this code for potential security issues", confidence: 0.9, pattern_type: :hardcoded_secret}
18:48:57.035 [debug] Match confidence: 0.1848, min_confidence: 0.7, match: %{type: "js-hardcoded-secret-password", context: %{node_type: "VariableDeclarator", depth: 3, parent_type: "VariableDeclaration"}, location: %{depth: 3, end_column: 338, end_line: 1, start_line: 1, start_column: 327}, severity: "high", pattern_id: "js-hardcoded-secret-password", pattern_name: "Hardcoded Password", recommendation: "Review this code for potential security issues", confidence: 0.9, pattern_type: :hardcoded_secret}
18:48:57.035 [debug] Match confidence: 0.1848, min_confidence: 0.7, match: %{type: "js-hardcoded-secret-password", context: %{node_type: "VariableDeclarator", depth: 3, parent_type: "VariableDeclaration"}, location: %{depth: 3, end_column: 355, end_line: 1, start_line: 1, start_column: 344}, severity: "high", pattern_id: "js-hardcoded-secret-password", pattern_name: "Hardcoded Password", recommendation: "Review this code for potential security issues", confidence: 0.9, pattern_type: :hardcoded_secret}
18:48:57.035 [debug] Match confidence: 0.1848, min_confidence: 0.7, match: %{type: "js-hardcoded-secret-password", context: %{node_type: "VariableDeclarator", depth: 3, parent_type: "VariableDeclaration"}, location: %{depth: 3, end_column: 372, end_line: 1, start_line: 1, start_column: 361}, severity: "high", pattern_id: "js-hardcoded-secret-password", pattern_name: "Hardcoded Password", recommendation: "Review this code for potential security issues", confidence: 0.9, pattern_type: :hardcoded_secret}
18:48:57.035 [debug] Match confidence: 0.1848, min_confidence: 0.7, match: %{type: "js-hardcoded-secret-password", context: %{node_type: "VariableDeclarator", depth: 3, parent_type: "VariableDeclaration"}, location: %{depth: 3, end_column: 389, end_line: 1, start_line: 1, start_column: 378}, severity: "high", pattern_id: "js-hardcoded-secret-password", pattern_name: "Hardcoded Password", recommendation: "Review this code for potential security issues", confidence: 0.9, pattern_type: :hardcoded_secret}
18:48:57.035 [debug] Match confidence: 0.1848, min_confidence: 0.7, match: %{type: "js-hardcoded-secret-password", context: %{node_type: "VariableDeclarator", depth: 3, parent_type: "VariableDeclaration"}, location: %{depth: 3, end_column: 406, end_line: 1, start_line: 1, start_column: 395}, severity: "high", pattern_id: "js-hardcoded-secret-password", pattern_name: "Hardcoded Password", recommendation: "Review this code for potential security issues", confidence: 0.9, pattern_type: :hardcoded_secret}
18:48:57.036 [debug] Match confidence: 0.1848, min_confidence: 0.7, match: %{type: "js-hardcoded-secret-password", context: %{node_type: "VariableDeclarator", depth: 3, parent_type: "VariableDeclaration"}, location: %{depth: 3, end_column: 423, end_line: 1, start_line: 1, start_column: 412}, severity: "high", pattern_id: "js-hardcoded-secret-password", pattern_name: "Hardcoded Password", recommendation: "Review this code for potential security issues", confidence: 0.9, pattern_type: :hardcoded_secret}
18:48:57.036 [debug] Match confidence: 0.1848, min_confidence: 0.7, match: %{type: "js-hardcoded-secret-password", context: %{node_type: "VariableDeclarator", depth: 3, parent_type: "VariableDeclaration"}, location: %{depth: 3, end_column: 440, end_line: 1, start_line: 1, start_column: 429}, severity: "high", pattern_id: "js-hardcoded-secret-password", pattern_name: "Hardcoded Password", recommendation: "Review this code for potential security issues", confidence: 0.9, pattern_type: :hardcoded_secret}
18:48:57.036 [debug] Match confidence: 0.1848, min_confidence: 0.7, match: %{type: "js-hardcoded-secret-password", context: %{node_type: "VariableDeclarator", depth: 3, parent_type: "VariableDeclaration"}, location: %{depth: 3, end_column: 457, end_line: 1, start_line: 1, start_column: 446}, severity: "high", pattern_id: "js-hardcoded-secret-password", pattern_name: "Hardcoded Password", recommendation: "Review this code for potential security issues", confidence: 0.9, pattern_type: :hardcoded_secret}
18:48:57.036 [debug] Match confidence: 0.1848, min_confidence: 0.7, match: %{type: "js-hardcoded-secret-password", context: %{node_type: "VariableDeclarator", depth: 3, parent_type: "VariableDeclaration"}, location: %{depth: 3, end_column: 474, end_line: 1, start_line: 1, start_column: 463}, severity: "high", pattern_id: "js-hardcoded-secret-password", pattern_name: "Hardcoded Password", recommendation: "Review this code for potential security issues", confidence: 0.9, pattern_type: :hardcoded_secret}
18:48:57.036 [debug] Match confidence: 0.1848, min_confidence: 0.7, match: %{type: "js-hardcoded-secret-password", context: %{node_type: "VariableDeclarator", depth: 3, parent_type: "VariableDeclaration"}, location: %{depth: 3, end_column: 491, end_line: 1, start_line: 1, start_column: 480}, severity: "high", pattern_id: "js-hardcoded-secret-password", pattern_name: "Hardcoded Password", recommendation: "Review this code for potential security issues", confidence: 0.9, pattern_type: :hardcoded_secret}
18:48:57.036 [debug] Match confidence: 0.1848, min_confidence: 0.7, match: %{type: "js-hardcoded-secret-password", context: %{node_type: "VariableDeclarator", depth: 3, parent_type: "VariableDeclaration"}, location: %{depth: 3, end_column: 508, end_line: 1, start_line: 1, start_column: 497}, severity: "high", pattern_id: "js-hardcoded-secret-password", pattern_name: "Hardcoded Password", recommendation: "Review this code for potential security issues", confidence: 0.9, pattern_type: :hardcoded_secret}
18:48:57.036 [debug] Match confidence: 0.1848, min_confidence: 0.7, match: %{type: "js-hardcoded-secret-password", context: %{node_type: "VariableDeclarator", depth: 3, parent_type: "VariableDeclaration"}, location: %{depth: 3, end_column: 525, end_line: 1, start_line: 1, start_column: 514}, severity: "high", pattern_id: "js-hardcoded-secret-password", pattern_name: "Hardcoded Password", recommendation: "Review this code for potential security issues", confidence: 0.9, pattern_type: :hardcoded_secret}
18:48:57.036 [debug] Match confidence: 0.1848, min_confidence: 0.7, match: %{type: "js-hardcoded-secret-password", context: %{node_type: "VariableDeclarator", depth: 3, parent_type: "VariableDeclaration"}, location: %{depth: 3, end_column: 542, end_line: 1, start_line: 1, start_column: 531}, severity: "high", pattern_id: "js-hardcoded-secret-password", pattern_name: "Hardcoded Password", recommendation: "Review this code for potential security issues", confidence: 0.9, pattern_type: :hardcoded_secret}
18:48:57.036 [debug] Match confidence: 0.1848, min_confidence: 0.7, match: %{type: "js-hardcoded-secret-password", context: %{node_type: "VariableDeclarator", depth: 3, parent_type: "VariableDeclaration"}, location: %{depth: 3, end_column: 559, end_line: 1, start_line: 1, start_column: 548}, severity: "high", pattern_id: "js-hardcoded-secret-password", pattern_name: "Hardcoded Password", recommendation: "Review this code for potential security issues", confidence: 0.9, pattern_type: :hardcoded_secret}
18:48:57.036 [debug] Match confidence: 0.1848, min_confidence: 0.7, match: %{type: "js-hardcoded-secret-password", context: %{node_type: "VariableDeclarator", depth: 3, parent_type: "VariableDeclaration"}, location: %{depth: 3, end_column: 576, end_line: 1, start_line: 1, start_column: 565}, severity: "high", pattern_id: "js-hardcoded-secret-password", pattern_name: "Hardcoded Password", recommendation: "Review this code for potential security issues", confidence: 0.9, pattern_type: :hardcoded_secret}
18:48:57.036 [debug] Match confidence: 0.1848, min_confidence: 0.7, match: %{type: "js-hardcoded-secret-password", context: %{node_type: "VariableDeclarator", depth: 3, parent_type: "VariableDeclaration"}, location: %{depth: 3, end_column: 593, end_line: 1, start_line: 1, start_column: 582}, severity: "high", pattern_id: "js-hardcoded-secret-password", pattern_name: "Hardcoded Password", recommendation: "Review this code for potential security issues", confidence: 0.9, pattern_type: :hardcoded_secret}
18:48:57.036 [debug] Match confidence: 0.1848, min_confidence: 0.7, match: %{type: "js-hardcoded-secret-password", context: %{node_type: "VariableDeclarator", depth: 3, parent_type: "VariableDeclaration"}, location: %{depth: 3, end_column: 610, end_line: 1, start_line: 1, start_column: 599}, severity: "high", pattern_id: "js-hardcoded-secret-password", pattern_name: "Hardcoded Password", recommendation: "Review this code for potential security issues", confidence: 0.9, pattern_type: :hardcoded_secret}
18:48:57.036 [debug] Match confidence: 0.1848, min_confidence: 0.7, match: %{type: "js-hardcoded-secret-password", context: %{node_type: "VariableDeclarator", depth: 3, parent_type: "VariableDeclaration"}, location: %{depth: 3, end_column: 627, end_line: 1, start_line: 1, start_column: 616}, severity: "high", pattern_id: "js-hardcoded-secret-password", pattern_name: "Hardcoded Password", recommendation: "Review this code for potential security issues", confidence: 0.9, pattern_type: :hardcoded_secret}
18:48:57.036 [debug] Match confidence: 0.1848, min_confidence: 0.7, match: %{type: "js-hardcoded-secret-password", context: %{node_type: "VariableDeclarator", depth: 3, parent_type: "VariableDeclaration"}, location: %{depth: 3, end_column: 644, end_line: 1, start_line: 1, start_column: 633}, severity: "high", pattern_id: "js-hardcoded-secret-password", pattern_name: "Hardcoded Password", recommendation: "Review this code for potential security issues", confidence: 0.9, pattern_type: :hardcoded_secret}
18:48:57.036 [debug] Match confidence: 0.1848, min_confidence: 0.7, match: %{type: "js-hardcoded-secret-password", context: %{node_type: "VariableDeclarator", depth: 3, parent_type: "VariableDeclaration"}, location: %{depth: 3, end_column: 661, end_line: 1, start_line: 1, start_column: 650}, severity: "high", pattern_id: "js-hardcoded-secret-password", pattern_name: "Hardcoded Password", recommendation: "Review this code for potential security issues", confidence: 0.9, pattern_type: :hardcoded_secret}
18:48:57.036 [debug] Match confidence: 0.1848, min_confidence: 0.7, match: %{type: "js-hardcoded-secret-password", context: %{node_type: "VariableDeclarator", depth: 3, parent_type: "VariableDeclaration"}, location: %{depth: 3, end_column: 678, end_line: 1, start_line: 1, start_column: 667}, severity: "high", pattern_id: "js-hardcoded-secret-password", pattern_name: "Hardcoded Password", recommendation: "Review this code for potential security issues", confidence: 0.9, pattern_type: :hardcoded_secret}
18:48:57.036 [debug] Match confidence: 0.1848, min_confidence: 0.7, match: %{type: "js-hardcoded-secret-password", context: %{node_type: "VariableDeclarator", depth: 3, parent_type: "VariableDeclaration"}, location: %{depth: 3, end_column: 695, end_line: 1, start_line: 1, start_column: 684}, severity: "high", pattern_id: "js-hardcoded-secret-password", pattern_name: "Hardcoded Password", recommendation: "Review this code for potential security issues", confidence: 0.9, pattern_type: :hardcoded_secret}
18:48:57.036 [debug] Match confidence: 0.1848, min_confidence: 0.7, match: %{type: "js-hardcoded-secret-password", context: %{node_type: "VariableDeclarator", depth: 3, parent_type: "VariableDeclaration"}, location: %{depth: 3, end_column: 712, end_line: 1, start_line: 1, start_column: 701}, severity: "high", pattern_id: "js-hardcoded-secret-password", pattern_name: "Hardcoded Password", recommendation: "Review this code for potential security issues", confidence: 0.9, pattern_type: :hardcoded_secret}
18:48:57.036 [debug] Match confidence: 0.1848, min_confidence: 0.7, match: %{type: "js-hardcoded-secret-password", context: %{node_type: "VariableDeclarator", depth: 3, parent_type: "VariableDeclaration"}, location: %{depth: 3, end_column: 729, end_line: 1, start_line: 1, start_column: 718}, severity: "high", pattern_id: "js-hardcoded-secret-password", pattern_name: "Hardcoded Password", recommendation: "Review this code for potential security issues", confidence: 0.9, pattern_type: :hardcoded_secret}
18:48:57.036 [debug] Match confidence: 0.1848, min_confidence: 0.7, match: %{type: "js-hardcoded-secret-password", context: %{node_type: "VariableDeclarator", depth: 3, parent_type: "VariableDeclaration"}, location: %{depth: 3, end_column: 746, end_line: 1, start_line: 1, start_column: 735}, severity: "high", pattern_id: "js-hardcoded-secret-password", pattern_name: "Hardcoded Password", recommendation: "Review this code for potential security issues", confidence: 0.9, pattern_type: :hardcoded_secret}
18:48:57.036 [debug] Match confidence: 0.1848, min_confidence: 0.7, match: %{type: "js-hardcoded-secret-password", context: %{node_type: "VariableDeclarator", depth: 3, parent_type: "VariableDeclaration"}, location: %{depth: 3, end_column: 763, end_line: 1, start_line: 1, start_column: 752}, severity: "high", pattern_id: "js-hardcoded-secret-password", pattern_name: "Hardcoded Password", recommendation: "Review this code for potential security issues", confidence: 0.9, pattern_type: :hardcoded_secret}
18:48:57.036 [debug] Match confidence: 0.1848, min_confidence: 0.7, match: %{type: "js-hardcoded-secret-password", context: %{node_type: "VariableDeclarator", depth: 3, parent_type: "VariableDeclaration"}, location: %{depth: 3, end_column: 780, end_line: 1, start_line: 1, start_column: 769}, severity: "high", pattern_id: "js-hardcoded-secret-password", pattern_name: "Hardcoded Password", recommendation: "Review this code for potential security issues", confidence: 0.9, pattern_type: :hardcoded_secret}
18:48:57.039 [debug] Match confidence: 0.1848, min_confidence: 0.7, match: %{type: "js-hardcoded-secret-password", context: %{node_type: "VariableDeclarator", depth: 3, parent_type: "VariableDeclaration"}, location: %{depth: 3, end_column: 797, end_line: 1, start_line: 1, start_column: 786}, severity: "high", pattern_id: "js-hardcoded-secret-password", pattern_name: "Hardcoded Password", recommendation: "Review this code for potential security issues", confidence: 0.9, pattern_type: :hardcoded_secret}
18:48:57.039 [debug] Match confidence: 0.1848, min_confidence: 0.7, match: %{type: "js-hardcoded-secret-password", context: %{node_type: "VariableDeclarator", depth: 3, parent_type: "VariableDeclaration"}, location: %{depth: 3, end_column: 814, end_line: 1, start_line: 1, start_column: 803}, severity: "high", pattern_id: "js-hardcoded-secret-password", pattern_name: "Hardcoded Password", recommendation: "Review this code for potential security issues", confidence: 0.9, pattern_type: :hardcoded_secret}
18:48:57.039 [debug] Match confidence: 0.1848, min_confidence: 0.7, match: %{type: "js-hardcoded-secret-password", context: %{node_type: "VariableDeclarator", depth: 3, parent_type: "VariableDeclaration"}, location: %{depth: 3, end_column: 831, end_line: 1, start_line: 1, start_column: 820}, severity: "high", pattern_id: "js-hardcoded-secret-password", pattern_name: "Hardcoded Password", recommendation: "Review this code for potential security issues", confidence: 0.9, pattern_type: :hardcoded_secret}
18:48:57.045 [debug] Match confidence: 0.1848, min_confidence: 0.7, match: %{type: "js-hardcoded-secret-password", context: %{node_type: "VariableDeclarator", depth: 3, parent_type: "VariableDeclaration"}, location: %{depth: 3, end_column: 848, end_line: 1, start_line: 1, start_column: 837}, severity: "high", pattern_id: "js-hardcoded-secret-password", pattern_name: "Hardcoded Password", recommendation: "Review this code for potential security issues", confidence: 0.9, pattern_type: :hardcoded_secret}
18:48:57.045 [debug] Match confidence: 0.1848, min_confidence: 0.7, match: %{type: "js-hardcoded-secret-password", context: %{node_type: "VariableDeclarator", depth: 3, parent_type: "VariableDeclaration"}, location: %{depth: 3, end_column: 865, end_line: 1, start_line: 1, start_column: 854}, severity: "high", pattern_id: "js-hardcoded-secret-password", pattern_name: "Hardcoded Password", recommendation: "Review this code for potential security issues", confidence: 0.9, pattern_type: :hardcoded_secret}
18:48:57.045 [debug] Match confidence: 0.1848, min_confidence: 0.7, match: %{type: "js-hardcoded-secret-password", context: %{node_type: "VariableDeclarator", depth: 3, parent_type: "VariableDeclaration"}, location: %{depth: 3, end_column: 882, end_line: 1, start_line: 1, start_column: 871}, severity: "high", pattern_id: "js-hardcoded-secret-password", pattern_name: "Hardcoded Password", recommendation: "Review this code for potential security issues", confidence: 0.9, pattern_type: :hardcoded_secret}
18:48:57.045 [debug] Match confidence: 0.1848, min_confidence: 0.7, match: %{type: "js-hardcoded-secret-password", context: %{node_type: "VariableDeclarator", depth: 3, parent_type: "VariableDeclaration"}, location: %{depth: 3, end_column: 899, end_line: 1, start_line: 1, start_column: 888}, severity: "high", pattern_id: "js-hardcoded-secret-password", pattern_name: "Hardcoded Password", recommendation: "Review this code for potential security issues", confidence: 0.9, pattern_type: :hardcoded_secret}
18:48:57.045 [debug] Match confidence: 0.1848, min_confidence: 0.7, match: %{type: "js-hardcoded-secret-password", context: %{node_type: "VariableDeclarator", depth: 3, parent_type: "VariableDeclaration"}, location: %{depth: 3, end_column: 916, end_line: 1, start_line: 1, start_column: 905}, severity: "high", pattern_id: "js-hardcoded-secret-password", pattern_name: "Hardcoded Password", recommendation: "Review this code for potential security issues", confidence: 0.9, pattern_type: :hardcoded_secret}
18:48:57.045 [debug] Match confidence: 0.1848, min_confidence: 0.7, match: %{type: "js-hardcoded-secret-password", context: %{node_type: "VariableDeclarator", depth: 3, parent_type: "VariableDeclaration"}, location: %{depth: 3, end_column: 933, end_line: 1, start_line: 1, start_column: 922}, severity: "high", pattern_id: "js-hardcoded-secret-password", pattern_name: "Hardcoded Password", recommendation: "Review this code for potential security issues", confidence: 0.9, pattern_type: :hardcoded_secret}
18:48:57.045 [debug] Match confidence: 0.1848, min_confidence: 0.7, match: %{type: "js-hardcoded-secret-password", context: %{node_type: "VariableDeclarator", depth: 3, parent_type: "VariableDeclaration"}, location: %{depth: 3, end_column: 950, end_line: 1, start_line: 1, start_column: 939}, severity: "high", pattern_id: "js-hardcoded-secret-password", pattern_name: "Hardcoded Password", recommendation: "Review this code for potential security issues", confidence: 0.9, pattern_type: :hardcoded_secret}
18:48:57.045 [debug] Match confidence: 0.1848, min_confidence: 0.7, match: %{type: "js-hardcoded-secret-password", context: %{node_type: "VariableDeclarator", depth: 3, parent_type: "VariableDeclaration"}, location: %{depth: 3, end_column: 967, end_line: 1, start_line: 1, start_column: 956}, severity: "high", pattern_id: "js-hardcoded-secret-password", pattern_name: "Hardcoded Password", recommendation: "Review this code for potential security issues", confidence: 0.9, pattern_type: :hardcoded_secret}
18:48:57.045 [debug] Match confidence: 0.1848, min_confidence: 0.7, match: %{type: "js-hardcoded-secret-password", context: %{node_type: "VariableDeclarator", depth: 3, parent_type: "VariableDeclaration"}, location: %{depth: 3, end_column: 984, end_line: 1, start_line: 1, start_column: 973}, severity: "high", pattern_id: "js-hardcoded-secret-password", pattern_name: "Hardcoded Password", recommendation: "Review this code for potential security issues", confidence: 0.9, pattern_type: :hardcoded_secret}
18:48:57.045 [debug] Match confidence: 0.1848, min_confidence: 0.7, match: %{type: "js-hardcoded-secret-password", context: %{node_type: "VariableDeclarator", depth: 3, parent_type: "VariableDeclaration"}, location: %{depth: 3, end_column: 1001, end_line: 1, start_line: 1, start_column: 990}, severity: "high", pattern_id: "js-hardcoded-secret-password", pattern_name: "Hardcoded Password", recommendation: "Review this code for potential security issues", confidence: 0.9, pattern_type: :hardcoded_secret}
18:48:57.045 [debug] Match confidence: 0.1848, min_confidence: 0.7, match: %{type: "js-hardcoded-secret-password", context: %{node_type: "VariableDeclarator", depth: 3, parent_type: "VariableDeclaration"}, location: %{depth: 3, end_column: 1018, end_line: 1, start_line: 1, start_column: 1007}, severity: "high", pattern_id: "js-hardcoded-secret-password", pattern_name: "Hardcoded Password", recommendation: "Review this code for potential security issues", confidence: 0.9, pattern_type: :hardcoded_secret}
18:48:57.045 [debug] Match confidence: 0.1848, min_confidence: 0.7, match: %{type: "js-hardcoded-secret-password", context: %{node_type: "VariableDeclarator", depth: 3, parent_type: "VariableDeclaration"}, location: %{depth: 3, end_column: 1035, end_line: 1, start_line: 1, start_column: 1024}, severity: "high", pattern_id: "js-hardcoded-secret-password", pattern_name: "Hardcoded Password", recommendation: "Review this code for potential security issues", confidence: 0.9, pattern_type: :hardcoded_secret}
18:48:57.045 [debug] Match confidence: 0.1848, min_confidence: 0.7, match: %{type: "js-hardcoded-secret-password", context: %{node_type: "VariableDeclarator", depth: 3, parent_type: "VariableDeclaration"}, location: %{depth: 3, end_column: 1052, end_line: 1, start_line: 1, start_column: 1041}, severity: "high", pattern_id: "js-hardcoded-secret-password", pattern_name: "Hardcoded Password", recommendation: "Review this code for potential security issues", confidence: 0.9, pattern_type: :hardcoded_secret}
18:48:57.045 [debug] Match confidence: 0.1848, min_confidence: 0.7, match: %{type: "js-hardcoded-secret-password", context: %{node_type: "VariableDeclarator", depth: 3, parent_type: "VariableDeclaration"}, location: %{depth: 3, end_column: 1069, end_line: 1, start_line: 1, start_column: 1058}, severity: "high", pattern_id: "js-hardcoded-secret-password", pattern_name: "Hardcoded Password", recommendation: "Review this code for potential security issues", confidence: 0.9, pattern_type: :hardcoded_secret}
18:48:57.045 [debug] Match confidence: 0.1848, min_confidence: 0.7, match: %{type: "js-hardcoded-secret-password", context: %{node_type: "VariableDeclarator", depth: 3, parent_type: "VariableDeclaration"}, location: %{depth: 3, end_column: 1086, end_line: 1, start_line: 1, start_column: 1075}, severity: "high", pattern_id: "js-hardcoded-secret-password", pattern_name: "Hardcoded Password", recommendation: "Review this code for potential security issues", confidence: 0.9, pattern_type: :hardcoded_secret}
18:48:57.045 [debug] Match confidence: 0.1848, min_confidence: 0.7, match: %{type: "js-hardcoded-secret-password", context: %{node_type: "VariableDeclarator", depth: 3, parent_type: "VariableDeclaration"}, location: %{depth: 3, end_column: 1103, end_line: 1, start_line: 1, start_column: 1092}, severity: "high", pattern_id: "js-hardcoded-secret-password", pattern_name: "Hardcoded Password", recommendation: "Review this code for potential security issues", confidence: 0.9, pattern_type: :hardcoded_secret}
18:48:57.045 [debug] Match confidence: 0.1848, min_confidence: 0.7, match: %{type: "js-hardcoded-secret-password", context: %{node_type: "VariableDeclarator", depth: 3, parent_type: "VariableDeclaration"}, location: %{depth: 3, end_column: 1120, end_line: 1, start_line: 1, start_column: 1109}, severity: "high", pattern_id: "js-hardcoded-secret-password", pattern_name: "Hardcoded Password", recommendation: "Review this code for potential security issues", confidence: 0.9, pattern_type: :hardcoded_secret}
18:48:57.045 [debug] Match confidence: 0.1848, min_confidence: 0.7, match: %{type: "js-hardcoded-secret-password", context: %{node_type: "VariableDeclarator", depth: 3, parent_type: "VariableDeclaration"}, location: %{depth: 3, end_column: 1137, end_line: 1, start_line: 1, start_column: 1126}, severity: "high", pattern_id: "js-hardcoded-secret-password", pattern_name: "Hardcoded Password", recommendation: "Review this code for potential security issues", confidence: 0.9, pattern_type: :hardcoded_secret}
18:48:57.045 [debug] Match confidence: 0.1848, min_confidence: 0.7, match: %{type: "js-hardcoded-secret-password", context: %{node_type: "VariableDeclarator", depth: 3, parent_type: "VariableDeclaration"}, location: %{depth: 3, end_column: 1154, end_line: 1, start_line: 1, start_column: 1143}, severity: "high", pattern_id: "js-hardcoded-secret-password", pattern_name: "Hardcoded Password", recommendation: "Review this code for potential security issues", confidence: 0.9, pattern_type: :hardcoded_secret}
18:48:57.045 [debug] Match confidence: 0.1848, min_confidence: 0.7, match: %{type: "js-hardcoded-secret-password", context: %{node_type: "VariableDeclarator", depth: 3, parent_type: "VariableDeclaration"}, location: %{depth: 3, end_column: 1171, end_line: 1, start_line: 1, start_column: 1160}, severity: "high", pattern_id: "js-hardcoded-secret-password", pattern_name: "Hardcoded Password", recommendation: "Review this code for potential security issues", confidence: 0.9, pattern_type: :hardcoded_secret}
18:48:57.046 [debug] Match confidence: 0.1848, min_confidence: 0.7, match: %{type: "js-hardcoded-secret-password", context: %{node_type: "VariableDeclarator", depth: 3, parent_type: "VariableDeclaration"}, location: %{depth: 3, end_column: 1188, end_line: 1, start_line: 1, start_column: 1177}, severity: "high", pattern_id: "js-hardcoded-secret-password", pattern_name: "Hardcoded Password", recommendation: "Review this code for potential security issues", confidence: 0.9, pattern_type: :hardcoded_secret}
18:48:57.046 [debug] Match confidence: 0.1848, min_confidence: 0.7, match: %{type: "js-hardcoded-secret-password", context: %{node_type: "VariableDeclarator", depth: 3, parent_type: "VariableDeclaration"}, location: %{depth: 3, end_column: 1205, end_line: 1, start_line: 1, start_column: 1194}, severity: "high", pattern_id: "js-hardcoded-secret-password", pattern_name: "Hardcoded Password", recommendation: "Review this code for potential security issues", confidence: 0.9, pattern_type: :hardcoded_secret}
18:48:57.046 [debug] Match confidence: 0.1848, min_confidence: 0.7, match: %{type: "js-hardcoded-secret-password", context: %{node_type: "VariableDeclarator", depth: 3, parent_type: "VariableDeclaration"}, location: %{depth: 3, end_column: 1222, end_line: 1, start_line: 1, start_column: 1211}, severity: "high", pattern_id: "js-hardcoded-secret-password", pattern_name: "Hardcoded Password", recommendation: "Review this code for potential security issues", confidence: 0.9, pattern_type: :hardcoded_secret}
18:48:57.046 [debug] Match confidence: 0.1848, min_confidence: 0.7, match: %{type: "js-hardcoded-secret-password", context: %{node_type: "VariableDeclarator", depth: 3, parent_type: "VariableDeclaration"}, location: %{depth: 3, end_column: 1239, end_line: 1, start_line: 1, start_column: 1228}, severity: "high", pattern_id: "js-hardcoded-secret-password", pattern_name: "Hardcoded Password", recommendation: "Review this code for potential security issues", confidence: 0.9, pattern_type: :hardcoded_secret}
18:48:57.046 [debug] Match confidence: 0.1848, min_confidence: 0.7, match: %{type: "js-hardcoded-secret-password", context: %{node_type: "VariableDeclarator", depth: 3, parent_type: "VariableDeclaration"}, location: %{depth: 3, end_column: 1256, end_line: 1, start_line: 1, start_column: 1245}, severity: "high", pattern_id: "js-hardcoded-secret-password", pattern_name: "Hardcoded Password", recommendation: "Review this code for potential security issues", confidence: 0.9, pattern_type: :hardcoded_secret}
18:48:57.046 [debug] Match confidence: 0.1848, min_confidence: 0.7, match: %{type: "js-hardcoded-secret-password", context: %{node_type: "VariableDeclarator", depth: 3, parent_type: "VariableDeclaration"}, location: %{depth: 3, end_column: 1273, end_line: 1, start_line: 1, start_column: 1262}, severity: "high", pattern_id: "js-hardcoded-secret-password", pattern_name: "Hardcoded Password", recommendation: "Review this code for potential security issues", confidence: 0.9, pattern_type: :hardcoded_secret}
18:48:57.046 [debug] Match confidence: 0.1848, min_confidence: 0.7, match: %{type: "js-hardcoded-secret-password", context: %{node_type: "VariableDeclarator", depth: 3, parent_type: "VariableDeclaration"}, location: %{depth: 3, end_column: 1290, end_line: 1, start_line: 1, start_column: 1279}, severity: "high", pattern_id: "js-hardcoded-secret-password", pattern_name: "Hardcoded Password", recommendation: "Review this code for potential security issues", confidence: 0.9, pattern_type: :hardcoded_secret}
18:48:57.046 [debug] Match confidence: 0.1848, min_confidence: 0.7, match: %{type: "js-hardcoded-secret-password", context: %{node_type: "VariableDeclarator", depth: 3, parent_type: "VariableDeclaration"}, location: %{depth: 3, end_column: 1307, end_line: 1, start_line: 1, start_column: 1296}, severity: "high", pattern_id: "js-hardcoded-secret-password", pattern_name: "Hardcoded Password", recommendation: "Review this code for potential security issues", confidence: 0.9, pattern_type: :hardcoded_secret}
18:48:57.046 [debug] Match confidence: 0.1848, min_confidence: 0.7, match: %{type: "js-hardcoded-secret-password", context: %{node_type: "VariableDeclarator", depth: 3, parent_type: "VariableDeclaration"}, location: %{depth: 3, end_column: 1324, end_line: 1, start_line: 1, start_column: 1313}, severity: "high", pattern_id: "js-hardcoded-secret-password", pattern_name: "Hardcoded Password", recommendation: "Review this code for potential security issues", confidence: 0.9, pattern_type: :hardcoded_secret}
18:48:57.046 [debug] Match confidence: 0.1848, min_confidence: 0.7, match: %{type: "js-hardcoded-secret-password", context: %{node_type: "VariableDeclarator", depth: 3, parent_type: "VariableDeclaration"}, location: %{depth: 3, end_column: 1341, end_line: 1, start_line: 1, start_column: 1330}, severity: "high", pattern_id: "js-hardcoded-secret-password", pattern_name: "Hardcoded Password", recommendation: "Review this code for potential security issues", confidence: 0.9, pattern_type: :hardcoded_secret}
18:48:57.046 [debug] Match confidence: 0.1848, min_confidence: 0.7, match: %{type: "js-hardcoded-secret-password", context: %{node_type: "VariableDeclarator", depth: 3, parent_type: "VariableDeclaration"}, location: %{depth: 3, end_column: 1358, end_line: 1, start_line: 1, start_column: 1347}, severity: "high", pattern_id: "js-hardcoded-secret-password", pattern_name: "Hardcoded Password", recommendation: "Review this code for potential security issues", confidence: 0.9, pattern_type: :hardcoded_secret}
18:48:57.046 [debug] Match confidence: 0.1848, min_confidence: 0.7, match: %{type: "js-hardcoded-secret-password", context: %{node_type: "VariableDeclarator", depth: 3, parent_type: "VariableDeclaration"}, location: %{depth: 3, end_column: 1375, end_line: 1, start_line: 1, start_column: 1364}, severity: "high", pattern_id: "js-hardcoded-secret-password", pattern_name: "Hardcoded Password", recommendation: "Review this code for potential security issues", confidence: 0.9, pattern_type: :hardcoded_secret}
18:48:57.046 [debug] Match confidence: 0.1848, min_confidence: 0.7, match: %{type: "js-hardcoded-secret-password", context: %{node_type: "VariableDeclarator", depth: 3, parent_type: "VariableDeclaration"}, location: %{depth: 3, end_column: 1392, end_line: 1, start_line: 1, start_column: 1381}, severity: "high", pattern_id: "js-hardcoded-secret-password", pattern_name: "Hardcoded Password", recommendation: "Review this code for potential security issues", confidence: 0.9, pattern_type: :hardcoded_secret}
18:48:57.046 [debug] Match confidence: 0.1848, min_confidence: 0.7, match: %{type: "js-hardcoded-secret-password", context: %{node_type: "VariableDeclarator", depth: 3, parent_type: "VariableDeclaration"}, location: %{depth: 3, end_column: 1409, end_line: 1, start_line: 1, start_column: 1398}, severity: "high", pattern_id: "js-hardcoded-secret-password", pattern_name: "Hardcoded Password", recommendation: "Review this code for potential security issues", confidence: 0.9, pattern_type: :hardcoded_secret}
18:48:57.046 [debug] Match confidence: 0.1848, min_confidence: 0.7, match: %{type: "js-hardcoded-secret-password", context: %{node_type: "VariableDeclarator", depth: 3, parent_type: "VariableDeclaration"}, location: %{depth: 3, end_column: 1426, end_line: 1, start_line: 1, start_column: 1415}, severity: "high", pattern_id: "js-hardcoded-secret-password", pattern_name: "Hardcoded Password", recommendation: "Review this code for potential security issues", confidence: 0.9, pattern_type: :hardcoded_secret}
18:48:57.046 [debug] Match confidence: 0.1848, min_confidence: 0.7, match: %{type: "js-hardcoded-secret-password", context: %{node_type: "VariableDeclarator", depth: 3, parent_type: "VariableDeclaration"}, location: %{depth: 3, end_column: 1443, end_line: 1, start_line: 1, start_column: 1432}, severity: "high", pattern_id: "js-hardcoded-secret-password", pattern_name: "Hardcoded Password", recommendation: "Review this code for potential security issues", confidence: 0.9, pattern_type: :hardcoded_secret}
18:48:57.046 [debug] Match confidence: 0.1848, min_confidence: 0.7, match: %{type: "js-hardcoded-secret-password", context: %{node_type: "VariableDeclarator", depth: 3, parent_type: "VariableDeclaration"}, location: %{depth: 3, end_column: 1460, end_line: 1, start_line: 1, start_column: 1449}, severity: "high", pattern_id: "js-hardcoded-secret-password", pattern_name: "Hardcoded Password", recommendation: "Review this code for potential security issues", confidence: 0.9, pattern_type: :hardcoded_secret}
18:48:57.046 [debug] Match confidence: 0.1848, min_confidence: 0.7, match: %{type: "js-hardcoded-secret-password", context: %{node_type: "VariableDeclarator", depth: 3, parent_type: "VariableDeclaration"}, location: %{depth: 3, end_column: 1477, end_line: 1, start_line: 1, start_column: 1466}, severity: "high", pattern_id: "js-hardcoded-secret-password", pattern_name: "Hardcoded Password", recommendation: "Review this code for potential security issues", confidence: 0.9, pattern_type: :hardcoded_secret}
18:48:57.046 [debug] Match confidence: 0.1848, min_confidence: 0.7, match: %{type: "js-hardcoded-secret-password", context: %{node_type: "VariableDeclarator", depth: 3, parent_type: "VariableDeclaration"}, location: %{depth: 3, end_column: 1494, end_line: 1, start_line: 1, start_column: 1483}, severity: "high", pattern_id: "js-hardcoded-secret-password", pattern_name: "Hardcoded Password", recommendation: "Review this code for potential security issues", confidence: 0.9, pattern_type: :hardcoded_secret}
18:48:57.046 [debug] Match confidence: 0.1848, min_confidence: 0.7, match: %{type: "js-hardcoded-secret-password", context: %{node_type: "VariableDeclarator", depth: 3, parent_type: "VariableDeclaration"}, location: %{depth: 3, end_column: 1511, end_line: 1, start_line: 1, start_column: 1500}, severity: "high", pattern_id: "js-hardcoded-secret-password", pattern_name: "Hardcoded Password", recommendation: "Review this code for potential security issues", confidence: 0.9, pattern_type: :hardcoded_secret}
18:48:57.046 [debug] Match confidence: 0.1848, min_confidence: 0.7, match: %{type: "js-hardcoded-secret-password", context: %{node_type: "VariableDeclarator", depth: 3, parent_type: "VariableDeclaration"}, location: %{depth: 3, end_column: 1528, end_line: 1, start_line: 1, start_column: 1517}, severity: "high", pattern_id: "js-hardcoded-secret-password", pattern_name: "Hardcoded Password", recommendation: "Review this code for potential security issues", confidence: 0.9, pattern_type: :hardcoded_secret}
18:48:57.046 [debug] Match confidence: 0.1848, min_confidence: 0.7, match: %{type: "js-hardcoded-secret-password", context: %{node_type: "VariableDeclarator", depth: 3, parent_type: "VariableDeclaration"}, location: %{depth: 3, end_column: 1545, end_line: 1, start_line: 1, start_column: 1534}, severity: "high", pattern_id: "js-hardcoded-secret-password", pattern_name: "Hardcoded Password", recommendation: "Review this code for potential security issues", confidence: 0.9, pattern_type: :hardcoded_secret}
18:48:57.046 [debug] Match confidence: 0.1848, min_confidence: 0.7, match: %{type: "js-hardcoded-secret-password", context: %{node_type: "VariableDeclarator", depth: 3, parent_type: "VariableDeclaration"}, location: %{depth: 3, end_column: 1562, end_line: 1, start_line: 1, start_column: 1551}, severity: "high", pattern_id: "js-hardcoded-secret-password", pattern_name: "Hardcoded Password", recommendation: "Review this code for potential security issues", confidence: 0.9, pattern_type: :hardcoded_secret}
18:48:57.046 [debug] Match confidence: 0.1848, min_confidence: 0.7, match: %{type: "js-hardcoded-secret-password", context: %{node_type: "VariableDeclarator", depth: 3, parent_type: "VariableDeclaration"}, location: %{depth: 3, end_column: 1579, end_line: 1, start_line: 1, start_column: 1568}, severity: "high", pattern_id: "js-hardcoded-secret-password", pattern_name: "Hardcoded Password", recommendation: "Review this code for potential security issues", confidence: 0.9, pattern_type: :hardcoded_secret}
18:48:57.046 [debug] Match confidence: 0.1848, min_confidence: 0.7, match: %{type: "js-hardcoded-secret-password", context: %{node_type: "VariableDeclarator", depth: 3, parent_type: "VariableDeclaration"}, location: %{depth: 3, end_column: 1596, end_line: 1, start_line: 1, start_column: 1585}, severity: "high", pattern_id: "js-hardcoded-secret-password", pattern_name: "Hardcoded Password", recommendation: "Review this code for potential security issues", confidence: 0.9, pattern_type: :hardcoded_secret}
18:48:57.047 [debug] Match confidence: 0.1848, min_confidence: 0.7, match: %{type: "js-hardcoded-secret-password", context: %{node_type: "VariableDeclarator", depth: 3, parent_type: "VariableDeclaration"}, location: %{depth: 3, end_column: 1613, end_line: 1, start_line: 1, start_column: 1602}, severity: "high", pattern_id: "js-hardcoded-secret-password", pattern_name: "Hardcoded Password", recommendation: "Review this code for potential security issues", confidence: 0.9, pattern_type: :hardcoded_secret}
18:48:57.047 [debug] Match confidence: 0.1848, min_confidence: 0.7, match: %{type: "js-hardcoded-secret-password", context: %{node_type: "VariableDeclarator", depth: 3, parent_type: "VariableDeclaration"}, location: %{depth: 3, end_column: 1630, end_line: 1, start_line: 1, start_column: 1619}, severity: "high", pattern_id: "js-hardcoded-secret-password", pattern_name: "Hardcoded Password", recommendation: "Review this code for potential security issues", confidence: 0.9, pattern_type: :hardcoded_secret}
18:48:57.047 [debug] Match confidence: 0.1848, min_confidence: 0.7, match: %{type: "js-hardcoded-secret-password", context: %{node_type: "VariableDeclarator", depth: 3, parent_type: "VariableDeclaration"}, location: %{depth: 3, end_column: 1647, end_line: 1, start_line: 1, start_column: 1636}, severity: "high", pattern_id: "js-hardcoded-secret-password", pattern_name: "Hardcoded Password", recommendation: "Review this code for potential security issues", confidence: 0.9, pattern_type: :hardcoded_secret}
18:48:57.047 [debug] Match confidence: 0.1848, min_confidence: 0.7, match: %{type: "js-hardcoded-secret-password", context: %{node_type: "VariableDeclarator", depth: 3, parent_type: "VariableDeclaration"}, location: %{depth: 3, end_column: 1664, end_line: 1, start_line: 1, start_column: 1653}, severity: "high", pattern_id: "js-hardcoded-secret-password", pattern_name: "Hardcoded Password", recommendation: "Review this code for potential security issues", confidence: 0.9, pattern_type: :hardcoded_secret}
18:48:57.047 [debug] Match confidence: 0.1848, min_confidence: 0.7, match: %{type: "js-hardcoded-secret-password", context: %{node_type: "VariableDeclarator", depth: 3, parent_type: "VariableDeclaration"}, location: %{depth: 3, end_column: 1681, end_line: 1, start_line: 1, start_column: 1670}, severity: "high", pattern_id: "js-hardcoded-secret-password", pattern_name: "Hardcoded Password", recommendation: "Review this code for potential security issues", confidence: 0.9, pattern_type: :hardcoded_secret}
18:48:57.047 [debug] Match confidence: 0.1848, min_confidence: 0.7, match: %{type: "js-hardcoded-secret-password", context: %{node_type: "VariableDeclarator", depth: 3, parent_type: "VariableDeclaration"}, location: %{depth: 3, end_column: 1698, end_line: 1, start_line: 1, start_column: 1687}, severity: "high", pattern_id: "js-hardcoded-secret-password", pattern_name: "Hardcoded Password", recommendation: "Review this code for potential security issues", confidence: 0.9, pattern_type: :hardcoded_secret}
18:48:57.047 [debug] Match confidence: 0.1848, min_confidence: 0.7, match: %{type: "js-hardcoded-secret-api-key", context: %{node_type: "VariableDeclarator", depth: 3, parent_type: "VariableDeclaration"}, location: %{depth: 3, end_column: 15, end_line: 1, start_line: 1, start_column: 4}, severity: "high", pattern_id: "js-hardcoded-secret-api-key", pattern_name: "Hardcoded API Key", recommendation: "Review this code for potential security issues", confidence: 0.9, pattern_type: :hardcoded_secret}
18:48:57.047 [debug] Match confidence: 0.1848, min_confidence: 0.7, match: %{type: "js-hardcoded-secret-api-key", context: %{node_type: "VariableDeclarator", depth: 3, parent_type: "VariableDeclaration"}, location: %{depth: 3, end_column: 32, end_line: 1, start_line: 1, start_column: 21}, severity: "high", pattern_id: "js-hardcoded-secret-api-key", pattern_name: "Hardcoded API Key", recommendation: "Review this code for potential security issues", confidence: 0.9, pattern_type: :hardcoded_secret}
18:48:57.047 [debug] Match confidence: 0.1848, min_confidence: 0.7, match: %{type: "js-hardcoded-secret-api-key", context: %{node_type: "VariableDeclarator", depth: 3, parent_type: "VariableDeclaration"}, location: %{depth: 3, end_column: 49, end_line: 1, start_line: 1, start_column: 38}, severity: "high", pattern_id: "js-hardcoded-secret-api-key", pattern_name: "Hardcoded API Key", recommendation: "Review this code for potential security issues", confidence: 0.9, pattern_type: :hardcoded_secret}
18:48:57.047 [debug] Match confidence: 0.1848, min_confidence: 0.7, match: %{type: "js-hardcoded-secret-api-key", context: %{node_type: "VariableDeclarator", depth: 3, parent_type: "VariableDeclaration"}, location: %{depth: 3, end_column: 66, end_line: 1, start_line: 1, start_column: 55}, severity: "high", pattern_id: "js-hardcoded-secret-api-key", pattern_name: "Hardcoded API Key", recommendation: "Review this code for potential security issues", confidence: 0.9, pattern_type: :hardcoded_secret}
18:48:57.047 [debug] Match confidence: 0.1848, min_confidence: 0.7, match: %{type: "js-hardcoded-secret-api-key", context: %{node_type: "VariableDeclarator", depth: 3, parent_type: "VariableDeclaration"}, location: %{depth: 3, end_column: 83, end_line: 1, start_line: 1, start_column: 72}, severity: "high", pattern_id: "js-hardcoded-secret-api-key", pattern_name: "Hardcoded API Key", recommendation: "Review this code for potential security issues", confidence: 0.9, pattern_type: :hardcoded_secret}
18:48:57.047 [debug] Match confidence: 0.1848, min_confidence: 0.7, match: %{type: "js-hardcoded-secret-api-key", context: %{node_type: "VariableDeclarator", depth: 3, parent_type: "VariableDeclaration"}, location: %{depth: 3, end_column: 100, end_line: 1, start_line: 1, start_column: 89}, severity: "high", pattern_id: "js-hardcoded-secret-api-key", pattern_name: "Hardcoded API Key", recommendation: "Review this code for potential security issues", confidence: 0.9, pattern_type: :hardcoded_secret}
18:48:57.047 [debug] Match confidence: 0.1848, min_confidence: 0.7, match: %{type: "js-hardcoded-secret-api-key", context: %{node_type: "VariableDeclarator", depth: 3, parent_type: "VariableDeclaration"}, location: %{depth: 3, end_column: 117, end_line: 1, start_line: 1, start_column: 106}, severity: "high", pattern_id: "js-hardcoded-secret-api-key", pattern_name: "Hardcoded API Key", recommendation: "Review this code for potential security issues", confidence: 0.9, pattern_type: :hardcoded_secret}
18:48:57.047 [debug] Match confidence: 0.1848, min_confidence: 0.7, match: %{type: "js-hardcoded-secret-api-key", context: %{node_type: "VariableDeclarator", depth: 3, parent_type: "VariableDeclaration"}, location: %{depth: 3, end_column: 134, end_line: 1, start_line: 1, start_column: 123}, severity: "high", pattern_id: "js-hardcoded-secret-api-key", pattern_name: "Hardcoded API Key", recommendation: "Review this code for potential security issues", confidence: 0.9, pattern_type: :hardcoded_secret}
18:48:57.047 [debug] Match confidence: 0.1848, min_confidence: 0.7, match: %{type: "js-hardcoded-secret-api-key", context: %{node_type: "VariableDeclarator", depth: 3, parent_type: "VariableDeclaration"}, location: %{depth: 3, end_column: 151, end_line: 1, start_line: 1, start_column: 140}, severity: "high", pattern_id: "js-hardcoded-secret-api-key", pattern_name: "Hardcoded API Key", recommendation: "Review this code for potential security issues", confidence: 0.9, pattern_type: :hardcoded_secret}
18:48:57.047 [debug] Match confidence: 0.1848, min_confidence: 0.7, match: %{type: "js-hardcoded-secret-api-key", context: %{node_type: "VariableDeclarator", depth: 3, parent_type: "VariableDeclaration"}, location: %{depth: 3, end_column: 168, end_line: 1, start_line: 1, start_column: 157}, severity: "high", pattern_id: "js-hardcoded-secret-api-key", pattern_name: "Hardcoded API Key", recommendation: "Review this code for potential security issues", confidence: 0.9, pattern_type: :hardcoded_secret}
18:48:57.047 [debug] Match confidence: 0.1848, min_confidence: 0.7, match: %{type: "js-hardcoded-secret-api-key", context: %{node_type: "VariableDeclarator", depth: 3, parent_type: "VariableDeclaration"}, location: %{depth: 3, end_column: 185, end_line: 1, start_line: 1, start_column: 174}, severity: "high", pattern_id: "js-hardcoded-secret-api-key", pattern_name: "Hardcoded API Key", recommendation: "Review this code for potential security issues", confidence: 0.9, pattern_type: :hardcoded_secret}
18:48:57.047 [debug] Match confidence: 0.1848, min_confidence: 0.7, match: %{type: "js-hardcoded-secret-api-key", context: %{node_type: "VariableDeclarator", depth: 3, parent_type: "VariableDeclaration"}, location: %{depth: 3, end_column: 202, end_line: 1, start_line: 1, start_column: 191}, severity: "high", pattern_id: "js-hardcoded-secret-api-key", pattern_name: "Hardcoded API Key", recommendation: "Review this code for potential security issues", confidence: 0.9, pattern_type: :hardcoded_secret}
18:48:57.047 [debug] Match confidence: 0.1848, min_confidence: 0.7, match: %{type: "js-hardcoded-secret-api-key", context: %{node_type: "VariableDeclarator", depth: 3, parent_type: "VariableDeclaration"}, location: %{depth: 3, end_column: 219, end_line: 1, start_line: 1, start_column: 208}, severity: "high", pattern_id: "js-hardcoded-secret-api-key", pattern_name: "Hardcoded API Key", recommendation: "Review this code for potential security issues", confidence: 0.9, pattern_type: :hardcoded_secret}
18:48:57.047 [debug] Match confidence: 0.1848, min_confidence: 0.7, match: %{type: "js-hardcoded-secret-api-key", context: %{node_type: "VariableDeclarator", depth: 3, parent_type: "VariableDeclaration"}, location: %{depth: 3, end_column: 236, end_line: 1, start_line: 1, start_column: 225}, severity: "high", pattern_id: "js-hardcoded-secret-api-key", pattern_name: "Hardcoded API Key", recommendation: "Review this code for potential security issues", confidence: 0.9, pattern_type: :hardcoded_secret}
18:48:57.047 [debug] Match confidence: 0.1848, min_confidence: 0.7, match: %{type: "js-hardcoded-secret-api-key", context: %{node_type: "VariableDeclarator", depth: 3, parent_type: "VariableDeclaration"}, location: %{depth: 3, end_column: 253, end_line: 1, start_line: 1, start_column: 242}, severity: "high", pattern_id: "js-hardcoded-secret-api-key", pattern_name: "Hardcoded API Key", recommendation: "Review this code for potential security issues", confidence: 0.9, pattern_type: :hardcoded_secret}
18:48:57.047 [debug] Match confidence: 0.1848, min_confidence: 0.7, match: %{type: "js-hardcoded-secret-api-key", context: %{node_type: "VariableDeclarator", depth: 3, parent_type: "VariableDeclaration"}, location: %{depth: 3, end_column: 270, end_line: 1, start_line: 1, start_column: 259}, severity: "high", pattern_id: "js-hardcoded-secret-api-key", pattern_name: "Hardcoded API Key", recommendation: "Review this code for potential security issues", confidence: 0.9, pattern_type: :hardcoded_secret}
18:48:57.047 [debug] Match confidence: 0.1848, min_confidence: 0.7, match: %{type: "js-hardcoded-secret-api-key", context: %{node_type: "VariableDeclarator", depth: 3, parent_type: "VariableDeclaration"}, location: %{depth: 3, end_column: 287, end_line: 1, start_line: 1, start_column: 276}, severity: "high", pattern_id: "js-hardcoded-secret-api-key", pattern_name: "Hardcoded API Key", recommendation: "Review this code for potential security issues", confidence: 0.9, pattern_type: :hardcoded_secret}
18:48:57.047 [debug] Match confidence: 0.1848, min_confidence: 0.7, match: %{type: "js-hardcoded-secret-api-key", context: %{node_type: "VariableDeclarator", depth: 3, parent_type: "VariableDeclaration"}, location: %{depth: 3, end_column: 304, end_line: 1, start_line: 1, start_column: 293}, severity: "high", pattern_id: "js-hardcoded-secret-api-key", pattern_name: "Hardcoded API Key", recommendation: "Review this code for potential security issues", confidence: 0.9, pattern_type: :hardcoded_secret}
18:48:57.047 [debug] Match confidence: 0.1848, min_confidence: 0.7, match: %{type: "js-hardcoded-secret-api-key", context: %{node_type: "VariableDeclarator", depth: 3, parent_type: "VariableDeclaration"}, location: %{depth: 3, end_column: 321, end_line: 1, start_line: 1, start_column: 310}, severity: "high", pattern_id: "js-hardcoded-secret-api-key", pattern_name: "Hardcoded API Key", recommendation: "Review this code for potential security issues", confidence: 0.9, pattern_type: :hardcoded_secret}
18:48:57.047 [debug] Match confidence: 0.1848, min_confidence: 0.7, match: %{type: "js-hardcoded-secret-api-key", context: %{node_type: "VariableDeclarator", depth: 3, parent_type: "VariableDeclaration"}, location: %{depth: 3, end_column: 338, end_line: 1, start_line: 1, start_column: 327}, severity: "high", pattern_id: "js-hardcoded-secret-api-key", pattern_name: "Hardcoded API Key", recommendation: "Review this code for potential security issues", confidence: 0.9, pattern_type: :hardcoded_secret}
18:48:57.047 [debug] Match confidence: 0.1848, min_confidence: 0.7, match: %{type: "js-hardcoded-secret-api-key", context: %{node_type: "VariableDeclarator", depth: 3, parent_type: "VariableDeclaration"}, location: %{depth: 3, end_column: 355, end_line: 1, start_line: 1, start_column: 344}, severity: "high", pattern_id: "js-hardcoded-secret-api-key", pattern_name: "Hardcoded API Key", recommendation: "Review this code for potential security issues", confidence: 0.9, pattern_type: :hardcoded_secret}
18:48:57.047 [debug] Match confidence: 0.1848, min_confidence: 0.7, match: %{type: "js-hardcoded-secret-api-key", context: %{node_type: "VariableDeclarator", depth: 3, parent_type: "VariableDeclaration"}, location: %{depth: 3, end_column: 372, end_line: 1, start_line: 1, start_column: 361}, severity: "high", pattern_id: "js-hardcoded-secret-api-key", pattern_name: "Hardcoded API Key", recommendation: "Review this code for potential security issues", confidence: 0.9, pattern_type: :hardcoded_secret}
18:48:57.047 [debug] Match confidence: 0.1848, min_confidence: 0.7, match: %{type: "js-hardcoded-secret-api-key", context: %{node_type: "VariableDeclarator", depth: 3, parent_type: "VariableDeclaration"}, location: %{depth: 3, end_column: 389, end_line: 1, start_line: 1, start_column: 378}, severity: "high", pattern_id: "js-hardcoded-secret-api-key", pattern_name: "Hardcoded API Key", recommendation: "Review this code for potential security issues", confidence: 0.9, pattern_type: :hardcoded_secret}
18:48:57.047 [debug] Match confidence: 0.1848, min_confidence: 0.7, match: %{type: "js-hardcoded-secret-api-key", context: %{node_type: "VariableDeclarator", depth: 3, parent_type: "VariableDeclaration"}, location: %{depth: 3, end_column: 406, end_line: 1, start_line: 1, start_column: 395}, severity: "high", pattern_id: "js-hardcoded-secret-api-key", pattern_name: "Hardcoded API Key", recommendation: "Review this code for potential security issues", confidence: 0.9, pattern_type: :hardcoded_secret}
18:48:57.047 [debug] Match confidence: 0.1848, min_confidence: 0.7, match: %{type: "js-hardcoded-secret-api-key", context: %{node_type: "VariableDeclarator", depth: 3, parent_type: "VariableDeclaration"}, location: %{depth: 3, end_column: 423, end_line: 1, start_line: 1, start_column: 412}, severity: "high", pattern_id: "js-hardcoded-secret-api-key", pattern_name: "Hardcoded API Key", recommendation: "Review this code for potential security issues", confidence: 0.9, pattern_type: :hardcoded_secret}
18:48:57.048 [debug] Match confidence: 0.1848, min_confidence: 0.7, match: %{type: "js-hardcoded-secret-api-key", context: %{node_type: "VariableDeclarator", depth: 3, parent_type: "VariableDeclaration"}, location: %{depth: 3, end_column: 440, end_line: 1, start_line: 1, start_column: 429}, severity: "high", pattern_id: "js-hardcoded-secret-api-key", pattern_name: "Hardcoded API Key", recommendation: "Review this code for potential security issues", confidence: 0.9, pattern_type: :hardcoded_secret}
18:48:57.048 [debug] Match confidence: 0.1848, min_confidence: 0.7, match: %{type: "js-hardcoded-secret-api-key", context: %{node_type: "VariableDeclarator", depth: 3, parent_type: "VariableDeclaration"}, location: %{depth: 3, end_column: 457, end_line: 1, start_line: 1, start_column: 446}, severity: "high", pattern_id: "js-hardcoded-secret-api-key", pattern_name: "Hardcoded API Key", recommendation: "Review this code for potential security issues", confidence: 0.9, pattern_type: :hardcoded_secret}
18:48:57.048 [debug] Match confidence: 0.1848, min_confidence: 0.7, match: %{type: "js-hardcoded-secret-api-key", context: %{node_type: "VariableDeclarator", depth: 3, parent_type: "VariableDeclaration"}, location: %{depth: 3, end_column: 474, end_line: 1, start_line: 1, start_column: 463}, severity: "high", pattern_id: "js-hardcoded-secret-api-key", pattern_name: "Hardcoded API Key", recommendation: "Review this code for potential security issues", confidence: 0.9, pattern_type: :hardcoded_secret}
18:48:57.048 [debug] Match confidence: 0.1848, min_confidence: 0.7, match: %{type: "js-hardcoded-secret-api-key", context: %{node_type: "VariableDeclarator", depth: 3, parent_type: "VariableDeclaration"}, location: %{depth: 3, end_column: 491, end_line: 1, start_line: 1, start_column: 480}, severity: "high", pattern_id: "js-hardcoded-secret-api-key", pattern_name: "Hardcoded API Key", recommendation: "Review this code for potential security issues", confidence: 0.9, pattern_type: :hardcoded_secret}
18:48:57.048 [debug] Match confidence: 0.1848, min_confidence: 0.7, match: %{type: "js-hardcoded-secret-api-key", context: %{node_type: "VariableDeclarator", depth: 3, parent_type: "VariableDeclaration"}, location: %{depth: 3, end_column: 508, end_line: 1, start_line: 1, start_column: 497}, severity: "high", pattern_id: "js-hardcoded-secret-api-key", pattern_name: "Hardcoded API Key", recommendation: "Review this code for potential security issues", confidence: 0.9, pattern_type: :hardcoded_secret}
18:48:57.048 [debug] Match confidence: 0.1848, min_confidence: 0.7, match: %{type: "js-hardcoded-secret-api-key", context: %{node_type: "VariableDeclarator", depth: 3, parent_type: "VariableDeclaration"}, location: %{depth: 3, end_column: 525, end_line: 1, start_line: 1, start_column: 514}, severity: "high", pattern_id: "js-hardcoded-secret-api-key", pattern_name: "Hardcoded API Key", recommendation: "Review this code for potential security issues", confidence: 0.9, pattern_type: :hardcoded_secret}
18:48:57.048 [debug] Match confidence: 0.1848, min_confidence: 0.7, match: %{type: "js-hardcoded-secret-api-key", context: %{node_type: "VariableDeclarator", depth: 3, parent_type: "VariableDeclaration"}, location: %{depth: 3, end_column: 542, end_line: 1, start_line: 1, start_column: 531}, severity: "high", pattern_id: "js-hardcoded-secret-api-key", pattern_name: "Hardcoded API Key", recommendation: "Review this code for potential security issues", confidence: 0.9, pattern_type: :hardcoded_secret}
18:48:57.048 [debug] Match confidence: 0.1848, min_confidence: 0.7, match: %{type: "js-hardcoded-secret-api-key", context: %{node_type: "VariableDeclarator", depth: 3, parent_type: "VariableDeclaration"}, location: %{depth: 3, end_column: 559, end_line: 1, start_line: 1, start_column: 548}, severity: "high", pattern_id: "js-hardcoded-secret-api-key", pattern_name: "Hardcoded API Key", recommendation: "Review this code for potential security issues", confidence: 0.9, pattern_type: :hardcoded_secret}
18:48:57.048 [debug] Match confidence: 0.1848, min_confidence: 0.7, match: %{type: "js-hardcoded-secret-api-key", context: %{node_type: "VariableDeclarator", depth: 3, parent_type: "VariableDeclaration"}, location: %{depth: 3, end_column: 576, end_line: 1, start_line: 1, start_column: 565}, severity: "high", pattern_id: "js-hardcoded-secret-api-key", pattern_name: "Hardcoded API Key", recommendation: "Review this code for potential security issues", confidence: 0.9, pattern_type: :hardcoded_secret}
18:48:57.048 [debug] Match confidence: 0.1848, min_confidence: 0.7, match: %{type: "js-hardcoded-secret-api-key", context: %{node_type: "VariableDeclarator", depth: 3, parent_type: "VariableDeclaration"}, location: %{depth: 3, end_column: 593, end_line: 1, start_line: 1, start_column: 582}, severity: "high", pattern_id: "js-hardcoded-secret-api-key", pattern_name: "Hardcoded API Key", recommendation: "Review this code for potential security issues", confidence: 0.9, pattern_type: :hardcoded_secret}
18:48:57.048 [debug] Match confidence: 0.1848, min_confidence: 0.7, match: %{type: "js-hardcoded-secret-api-key", context: %{node_type: "VariableDeclarator", depth: 3, parent_type: "VariableDeclaration"}, location: %{depth: 3, end_column: 610, end_line: 1, start_line: 1, start_column: 599}, severity: "high", pattern_id: "js-hardcoded-secret-api-key", pattern_name: "Hardcoded API Key", recommendation: "Review this code for potential security issues", confidence: 0.9, pattern_type: :hardcoded_secret}
18:48:57.048 [debug] Match confidence: 0.1848, min_confidence: 0.7, match: %{type: "js-hardcoded-secret-api-key", context: %{node_type: "VariableDeclarator", depth: 3, parent_type: "VariableDeclaration"}, location: %{depth: 3, end_column: 627, end_line: 1, start_line: 1, start_column: 616}, severity: "high", pattern_id: "js-hardcoded-secret-api-key", pattern_name: "Hardcoded API Key", recommendation: "Review this code for potential security issues", confidence: 0.9, pattern_type: :hardcoded_secret}
18:48:57.048 [debug] Match confidence: 0.1848, min_confidence: 0.7, match: %{type: "js-hardcoded-secret-api-key", context: %{node_type: "VariableDeclarator", depth: 3, parent_type: "VariableDeclaration"}, location: %{depth: 3, end_column: 644, end_line: 1, start_line: 1, start_column: 633}, severity: "high", pattern_id: "js-hardcoded-secret-api-key", pattern_name: "Hardcoded API Key", recommendation: "Review this code for potential security issues", confidence: 0.9, pattern_type: :hardcoded_secret}
18:48:57.048 [debug] Match confidence: 0.1848, min_confidence: 0.7, match: %{type: "js-hardcoded-secret-api-key", context: %{node_type: "VariableDeclarator", depth: 3, parent_type: "VariableDeclaration"}, location: %{depth: 3, end_column: 661, end_line: 1, start_line: 1, start_column: 650}, severity: "high", pattern_id: "js-hardcoded-secret-api-key", pattern_name: "Hardcoded API Key", recommendation: "Review this code for potential security issues", confidence: 0.9, pattern_type: :hardcoded_secret}
18:48:57.048 [debug] Match confidence: 0.1848, min_confidence: 0.7, match: %{type: "js-hardcoded-secret-api-key", context: %{node_type: "VariableDeclarator", depth: 3, parent_type: "VariableDeclaration"}, location: %{depth: 3, end_column: 678, end_line: 1, start_line: 1, start_column: 667}, severity: "high", pattern_id: "js-hardcoded-secret-api-key", pattern_name: "Hardcoded API Key", recommendation: "Review this code for potential security issues", confidence: 0.9, pattern_type: :hardcoded_secret}
18:48:57.048 [debug] Match confidence: 0.1848, min_confidence: 0.7, match: %{type: "js-hardcoded-secret-api-key", context: %{node_type: "VariableDeclarator", depth: 3, parent_type: "VariableDeclaration"}, location: %{depth: 3, end_column: 695, end_line: 1, start_line: 1, start_column: 684}, severity: "high", pattern_id: "js-hardcoded-secret-api-key", pattern_name: "Hardcoded API Key", recommendation: "Review this code for potential security issues", confidence: 0.9, pattern_type: :hardcoded_secret}
18:48:57.048 [debug] Match confidence: 0.1848, min_confidence: 0.7, match: %{type: "js-hardcoded-secret-api-key", context: %{node_type: "VariableDeclarator", depth: 3, parent_type: "VariableDeclaration"}, location: %{depth: 3, end_column: 712, end_line: 1, start_line: 1, start_column: 701}, severity: "high", pattern_id: "js-hardcoded-secret-api-key", pattern_name: "Hardcoded API Key", recommendation: "Review this code for potential security issues", confidence: 0.9, pattern_type: :hardcoded_secret}
18:48:57.048 [debug] Match confidence: 0.1848, min_confidence: 0.7, match: %{type: "js-hardcoded-secret-api-key", context: %{node_type: "VariableDeclarator", depth: 3, parent_type: "VariableDeclaration"}, location: %{depth: 3, end_column: 729, end_line: 1, start_line: 1, start_column: 718}, severity: "high", pattern_id: "js-hardcoded-secret-api-key", pattern_name: "Hardcoded API Key", recommendation: "Review this code for potential security issues", confidence: 0.9, pattern_type: :hardcoded_secret}
18:48:57.048 [debug] Match confidence: 0.1848, min_confidence: 0.7, match: %{type: "js-hardcoded-secret-api-key", context: %{node_type: "VariableDeclarator", depth: 3, parent_type: "VariableDeclaration"}, location: %{depth: 3, end_column: 746, end_line: 1, start_line: 1, start_column: 735}, severity: "high", pattern_id: "js-hardcoded-secret-api-key", pattern_name: "Hardcoded API Key", recommendation: "Review this code for potential security issues", confidence: 0.9, pattern_type: :hardcoded_secret}
18:48:57.048 [debug] Match confidence: 0.1848, min_confidence: 0.7, match: %{type: "js-hardcoded-secret-api-key", context: %{node_type: "VariableDeclarator", depth: 3, parent_type: "VariableDeclaration"}, location: %{depth: 3, end_column: 763, end_line: 1, start_line: 1, start_column: 752}, severity: "high", pattern_id: "js-hardcoded-secret-api-key", pattern_name: "Hardcoded API Key", recommendation: "Review this code for potential security issues", confidence: 0.9, pattern_type: :hardcoded_secret}
18:48:57.048 [debug] Match confidence: 0.1848, min_confidence: 0.7, match: %{type: "js-hardcoded-secret-api-key", context: %{node_type: "VariableDeclarator", depth: 3, parent_type: "VariableDeclaration"}, location: %{depth: 3, end_column: 780, end_line: 1, start_line: 1, start_column: 769}, severity: "high", pattern_id: "js-hardcoded-secret-api-key", pattern_name: "Hardcoded API Key", recommendation: "Review this code for potential security issues", confidence: 0.9, pattern_type: :hardcoded_secret}
18:48:57.048 [debug] Match confidence: 0.1848, min_confidence: 0.7, match: %{type: "js-hardcoded-secret-api-key", context: %{node_type: "VariableDeclarator", depth: 3, parent_type: "VariableDeclaration"}, location: %{depth: 3, end_column: 797, end_line: 1, start_line: 1, start_column: 786}, severity: "high", pattern_id: "js-hardcoded-secret-api-key", pattern_name: "Hardcoded API Key", recommendation: "Review this code for potential security issues", confidence: 0.9, pattern_type: :hardcoded_secret}
18:48:57.048 [debug] Match confidence: 0.1848, min_confidence: 0.7, match: %{type: "js-hardcoded-secret-api-key", context: %{node_type: "VariableDeclarator", depth: 3, parent_type: "VariableDeclaration"}, location: %{depth: 3, end_column: 814, end_line: 1, start_line: 1, start_column: 803}, severity: "high", pattern_id: "js-hardcoded-secret-api-key", pattern_name: "Hardcoded API Key", recommendation: "Review this code for potential security issues", confidence: 0.9, pattern_type: :hardcoded_secret}
18:48:57.048 [debug] Match confidence: 0.1848, min_confidence: 0.7, match: %{type: "js-hardcoded-secret-api-key", context: %{node_type: "VariableDeclarator", depth: 3, parent_type: "VariableDeclaration"}, location: %{depth: 3, end_column: 831, end_line: 1, start_line: 1, start_column: 820}, severity: "high", pattern_id: "js-hardcoded-secret-api-key", pattern_name: "Hardcoded API Key", recommendation: "Review this code for potential security issues", confidence: 0.9, pattern_type: :hardcoded_secret}
18:48:57.048 [debug] Match confidence: 0.1848, min_confidence: 0.7, match: %{type: "js-hardcoded-secret-api-key", context: %{node_type: "VariableDeclarator", depth: 3, parent_type: "VariableDeclaration"}, location: %{depth: 3, end_column: 848, end_line: 1, start_line: 1, start_column: 837}, severity: "high", pattern_id: "js-hardcoded-secret-api-key", pattern_name: "Hardcoded API Key", recommendation: "Review this code for potential security issues", confidence: 0.9, pattern_type: :hardcoded_secret}
18:48:57.048 [debug] Match confidence: 0.1848, min_confidence: 0.7, match: %{type: "js-hardcoded-secret-api-key", context: %{node_type: "VariableDeclarator", depth: 3, parent_type: "VariableDeclaration"}, location: %{depth: 3, end_column: 865, end_line: 1, start_line: 1, start_column: 854}, severity: "high", pattern_id: "js-hardcoded-secret-api-key", pattern_name: "Hardcoded API Key", recommendation: "Review this code for potential security issues", confidence: 0.9, pattern_type: :hardcoded_secret}
18:48:57.048 [debug] Match confidence: 0.1848, min_confidence: 0.7, match: %{type: "js-hardcoded-secret-api-key", context: %{node_type: "VariableDeclarator", depth: 3, parent_type: "VariableDeclaration"}, location: %{depth: 3, end_column: 882, end_line: 1, start_line: 1, start_column: 871}, severity: "high", pattern_id: "js-hardcoded-secret-api-key", pattern_name: "Hardcoded API Key", recommendation: "Review this code for potential security issues", confidence: 0.9, pattern_type: :hardcoded_secret}
18:48:57.048 [debug] Match confidence: 0.1848, min_confidence: 0.7, match: %{type: "js-hardcoded-secret-api-key", context: %{node_type: "VariableDeclarator", depth: 3, parent_type: "VariableDeclaration"}, location: %{depth: 3, end_column: 899, end_line: 1, start_line: 1, start_column: 888}, severity: "high", pattern_id: "js-hardcoded-secret-api-key", pattern_name: "Hardcoded API Key", recommendation: "Review this code for potential security issues", confidence: 0.9, pattern_type: :hardcoded_secret}
18:48:57.048 [debug] Match confidence: 0.1848, min_confidence: 0.7, match: %{type: "js-hardcoded-secret-api-key", context: %{node_type: "VariableDeclarator", depth: 3, parent_type: "VariableDeclaration"}, location: %{depth: 3, end_column: 916, end_line: 1, start_line: 1, start_column: 905}, severity: "high", pattern_id: "js-hardcoded-secret-api-key", pattern_name: "Hardcoded API Key", recommendation: "Review this code for potential security issues", confidence: 0.9, pattern_type: :hardcoded_secret}
18:48:57.048 [debug] Match confidence: 0.1848, min_confidence: 0.7, match: %{type: "js-hardcoded-secret-api-key", context: %{node_type: "VariableDeclarator", depth: 3, parent_type: "VariableDeclaration"}, location: %{depth: 3, end_column: 933, end_line: 1, start_line: 1, start_column: 922}, severity: "high", pattern_id: "js-hardcoded-secret-api-key", pattern_name: "Hardcoded API Key", recommendation: "Review this code for potential security issues", confidence: 0.9, pattern_type: :hardcoded_secret}
18:48:57.048 [debug] Match confidence: 0.1848, min_confidence: 0.7, match: %{type: "js-hardcoded-secret-api-key", context: %{node_type: "VariableDeclarator", depth: 3, parent_type: "VariableDeclaration"}, location: %{depth: 3, end_column: 950, end_line: 1, start_line: 1, start_column: 939}, severity: "high", pattern_id: "js-hardcoded-secret-api-key", pattern_name: "Hardcoded API Key", recommendation: "Review this code for potential security issues", confidence: 0.9, pattern_type: :hardcoded_secret}
18:48:57.048 [debug] Match confidence: 0.1848, min_confidence: 0.7, match: %{type: "js-hardcoded-secret-api-key", context: %{node_type: "VariableDeclarator", depth: 3, parent_type: "VariableDeclaration"}, location: %{depth: 3, end_column: 967, end_line: 1, start_line: 1, start_column: 956}, severity: "high", pattern_id: "js-hardcoded-secret-api-key", pattern_name: "Hardcoded API Key", recommendation: "Review this code for potential security issues", confidence: 0.9, pattern_type: :hardcoded_secret}
18:48:57.049 [debug] Match confidence: 0.1848, min_confidence: 0.7, match: %{type: "js-hardcoded-secret-api-key", context: %{node_type: "VariableDeclarator", depth: 3, parent_type: "VariableDeclaration"}, location: %{depth: 3, end_column: 984, end_line: 1, start_line: 1, start_column: 973}, severity: "high", pattern_id: "js-hardcoded-secret-api-key", pattern_name: "Hardcoded API Key", recommendation: "Review this code for potential security issues", confidence: 0.9, pattern_type: :hardcoded_secret}
18:48:57.049 [debug] Match confidence: 0.1848, min_confidence: 0.7, match: %{type: "js-hardcoded-secret-api-key", context: %{node_type: "VariableDeclarator", depth: 3, parent_type: "VariableDeclaration"}, location: %{depth: 3, end_column: 1001, end_line: 1, start_line: 1, start_column: 990}, severity: "high", pattern_id: "js-hardcoded-secret-api-key", pattern_name: "Hardcoded API Key", recommendation: "Review this code for potential security issues", confidence: 0.9, pattern_type: :hardcoded_secret}
18:48:57.049 [debug] Match confidence: 0.1848, min_confidence: 0.7, match: %{type: "js-hardcoded-secret-api-key", context: %{node_type: "VariableDeclarator", depth: 3, parent_type: "VariableDeclaration"}, location: %{depth: 3, end_column: 1018, end_line: 1, start_line: 1, start_column: 1007}, severity: "high", pattern_id: "js-hardcoded-secret-api-key", pattern_name: "Hardcoded API Key", recommendation: "Review this code for potential security issues", confidence: 0.9, pattern_type: :hardcoded_secret}
18:48:57.049 [debug] Match confidence: 0.1848, min_confidence: 0.7, match: %{type: "js-hardcoded-secret-api-key", context: %{node_type: "VariableDeclarator", depth: 3, parent_type: "VariableDeclaration"}, location: %{depth: 3, end_column: 1035, end_line: 1, start_line: 1, start_column: 1024}, severity: "high", pattern_id: "js-hardcoded-secret-api-key", pattern_name: "Hardcoded API Key", recommendation: "Review this code for potential security issues", confidence: 0.9, pattern_type: :hardcoded_secret}
18:48:57.049 [debug] Match confidence: 0.1848, min_confidence: 0.7, match: %{type: "js-hardcoded-secret-api-key", context: %{node_type: "VariableDeclarator", depth: 3, parent_type: "VariableDeclaration"}, location: %{depth: 3, end_column: 1052, end_line: 1, start_line: 1, start_column: 1041}, severity: "high", pattern_id: "js-hardcoded-secret-api-key", pattern_name: "Hardcoded API Key", recommendation: "Review this code for potential security issues", confidence: 0.9, pattern_type: :hardcoded_secret}
18:48:57.049 [debug] Match confidence: 0.1848, min_confidence: 0.7, match: %{type: "js-hardcoded-secret-api-key", context: %{node_type: "VariableDeclarator", depth: 3, parent_type: "VariableDeclaration"}, location: %{depth: 3, end_column: 1069, end_line: 1, start_line: 1, start_column: 1058}, severity: "high", pattern_id: "js-hardcoded-secret-api-key", pattern_name: "Hardcoded API Key", recommendation: "Review this code for potential security issues", confidence: 0.9, pattern_type: :hardcoded_secret}
18:48:57.049 [debug] Match confidence: 0.1848, min_confidence: 0.7, match: %{type: "js-hardcoded-secret-api-key", context: %{node_type: "VariableDeclarator", depth: 3, parent_type: "VariableDeclaration"}, location: %{depth: 3, end_column: 1086, end_line: 1, start_line: 1, start_column: 1075}, severity: "high", pattern_id: "js-hardcoded-secret-api-key", pattern_name: "Hardcoded API Key", recommendation: "Review this code for potential security issues", confidence: 0.9, pattern_type: :hardcoded_secret}
18:48:57.049 [debug] Match confidence: 0.1848, min_confidence: 0.7, match: %{type: "js-hardcoded-secret-api-key", context: %{node_type: "VariableDeclarator", depth: 3, parent_type: "VariableDeclaration"}, location: %{depth: 3, end_column: 1103, end_line: 1, start_line: 1, start_column: 1092}, severity: "high", pattern_id: "js-hardcoded-secret-api-key", pattern_name: "Hardcoded API Key", recommendation: "Review this code for potential security issues", confidence: 0.9, pattern_type: :hardcoded_secret}
18:48:57.049 [debug] Match confidence: 0.1848, min_confidence: 0.7, match: %{type: "js-hardcoded-secret-api-key", context: %{node_type: "VariableDeclarator", depth: 3, parent_type: "VariableDeclaration"}, location: %{depth: 3, end_column: 1120, end_line: 1, start_line: 1, start_column: 1109}, severity: "high", pattern_id: "js-hardcoded-secret-api-key", pattern_name: "Hardcoded API Key", recommendation: "Review this code for potential security issues", confidence: 0.9, pattern_type: :hardcoded_secret}
18:48:57.049 [debug] Match confidence: 0.1848, min_confidence: 0.7, match: %{type: "js-hardcoded-secret-api-key", context: %{node_type: "VariableDeclarator", depth: 3, parent_type: "VariableDeclaration"}, location: %{depth: 3, end_column: 1137, end_line: 1, start_line: 1, start_column: 1126}, severity: "high", pattern_id: "js-hardcoded-secret-api-key", pattern_name: "Hardcoded API Key", recommendation: "Review this code for potential security issues", confidence: 0.9, pattern_type: :hardcoded_secret}
18:48:57.049 [debug] Match confidence: 0.1848, min_confidence: 0.7, match: %{type: "js-hardcoded-secret-api-key", context: %{node_type: "VariableDeclarator", depth: 3, parent_type: "VariableDeclaration"}, location: %{depth: 3, end_column: 1154, end_line: 1, start_line: 1, start_column: 1143}, severity: "high", pattern_id: "js-hardcoded-secret-api-key", pattern_name: "Hardcoded API Key", recommendation: "Review this code for potential security issues", confidence: 0.9, pattern_type: :hardcoded_secret}
18:48:57.049 [debug] Match confidence: 0.1848, min_confidence: 0.7, match: %{type: "js-hardcoded-secret-api-key", context: %{node_type: "VariableDeclarator", depth: 3, parent_type: "VariableDeclaration"}, location: %{depth: 3, end_column: 1171, end_line: 1, start_line: 1, start_column: 1160}, severity: "high", pattern_id: "js-hardcoded-secret-api-key", pattern_name: "Hardcoded API Key", recommendation: "Review this code for potential security issues", confidence: 0.9, pattern_type: :hardcoded_secret}
18:48:57.049 [debug] Match confidence: 0.1848, min_confidence: 0.7, match: %{type: "js-hardcoded-secret-api-key", context: %{node_type: "VariableDeclarator", depth: 3, parent_type: "VariableDeclaration"}, location: %{depth: 3, end_column: 1188, end_line: 1, start_line: 1, start_column: 1177}, severity: "high", pattern_id: "js-hardcoded-secret-api-key", pattern_name: "Hardcoded API Key", recommendation: "Review this code for potential security issues", confidence: 0.9, pattern_type: :hardcoded_secret}
18:48:57.049 [debug] Match confidence: 0.1848, min_confidence: 0.7, match: %{type: "js-hardcoded-secret-api-key", context: %{node_type: "VariableDeclarator", depth: 3, parent_type: "VariableDeclaration"}, location: %{depth: 3, end_column: 1205, end_line: 1, start_line: 1, start_column: 1194}, severity: "high", pattern_id: "js-hardcoded-secret-api-key", pattern_name: "Hardcoded API Key", recommendation: "Review this code for potential security issues", confidence: 0.9, pattern_type: :hardcoded_secret}
18:48:57.049 [debug] Match confidence: 0.1848, min_confidence: 0.7, match: %{type: "js-hardcoded-secret-api-key", context: %{node_type: "VariableDeclarator", depth: 3, parent_type: "VariableDeclaration"}, location: %{depth: 3, end_column: 1222, end_line: 1, start_line: 1, start_column: 1211}, severity: "high", pattern_id: "js-hardcoded-secret-api-key", pattern_name: "Hardcoded API Key", recommendation: "Review this code for potential security issues", confidence: 0.9, pattern_type: :hardcoded_secret}
18:48:57.049 [debug] Match confidence: 0.1848, min_confidence: 0.7, match: %{type: "js-hardcoded-secret-api-key", context: %{node_type: "VariableDeclarator", depth: 3, parent_type: "VariableDeclaration"}, location: %{depth: 3, end_column: 1239, end_line: 1, start_line: 1, start_column: 1228}, severity: "high", pattern_id: "js-hardcoded-secret-api-key", pattern_name: "Hardcoded API Key", recommendation: "Review this code for potential security issues", confidence: 0.9, pattern_type: :hardcoded_secret}
18:48:57.049 [debug] Match confidence: 0.1848, min_confidence: 0.7, match: %{type: "js-hardcoded-secret-api-key", context: %{node_type: "VariableDeclarator", depth: 3, parent_type: "VariableDeclaration"}, location: %{depth: 3, end_column: 1256, end_line: 1, start_line: 1, start_column: 1245}, severity: "high", pattern_id: "js-hardcoded-secret-api-key", pattern_name: "Hardcoded API Key", recommendation: "Review this code for potential security issues", confidence: 0.9, pattern_type: :hardcoded_secret}
18:48:57.049 [debug] Match confidence: 0.1848, min_confidence: 0.7, match: %{type: "js-hardcoded-secret-api-key", context: %{node_type: "VariableDeclarator", depth: 3, parent_type: "VariableDeclaration"}, location: %{depth: 3, end_column: 1273, end_line: 1, start_line: 1, start_column: 1262}, severity: "high", pattern_id: "js-hardcoded-secret-api-key", pattern_name: "Hardcoded API Key", recommendation: "Review this code for potential security issues", confidence: 0.9, pattern_type: :hardcoded_secret}
18:48:57.049 [debug] Match confidence: 0.1848, min_confidence: 0.7, match: %{type: "js-hardcoded-secret-api-key", context: %{node_type: "VariableDeclarator", depth: 3, parent_type: "VariableDeclaration"}, location: %{depth: 3, end_column: 1290, end_line: 1, start_line: 1, start_column: 1279}, severity: "high", pattern_id: "js-hardcoded-secret-api-key", pattern_name: "Hardcoded API Key", recommendation: "Review this code for potential security issues", confidence: 0.9, pattern_type: :hardcoded_secret}
18:48:57.049 [debug] Match confidence: 0.1848, min_confidence: 0.7, match: %{type: "js-hardcoded-secret-api-key", context: %{node_type: "VariableDeclarator", depth: 3, parent_type: "VariableDeclaration"}, location: %{depth: 3, end_column: 1307, end_line: 1, start_line: 1, start_column: 1296}, severity: "high", pattern_id: "js-hardcoded-secret-api-key", pattern_name: "Hardcoded API Key", recommendation: "Review this code for potential security issues", confidence: 0.9, pattern_type: :hardcoded_secret}
18:48:57.049 [debug] Match confidence: 0.1848, min_confidence: 0.7, match: %{type: "js-hardcoded-secret-api-key", context: %{node_type: "VariableDeclarator", depth: 3, parent_type: "VariableDeclaration"}, location: %{depth: 3, end_column: 1324, end_line: 1, start_line: 1, start_column: 1313}, severity: "high", pattern_id: "js-hardcoded-secret-api-key", pattern_name: "Hardcoded API Key", recommendation: "Review this code for potential security issues", confidence: 0.9, pattern_type: :hardcoded_secret}
18:48:57.049 [debug] Match confidence: 0.1848, min_confidence: 0.7, match: %{type: "js-hardcoded-secret-api-key", context: %{node_type: "VariableDeclarator", depth: 3, parent_type: "VariableDeclaration"}, location: %{depth: 3, end_column: 1341, end_line: 1, start_line: 1, start_column: 1330}, severity: "high", pattern_id: "js-hardcoded-secret-api-key", pattern_name: "Hardcoded API Key", recommendation: "Review this code for potential security issues", confidence: 0.9, pattern_type: :hardcoded_secret}
18:48:57.049 [debug] Match confidence: 0.1848, min_confidence: 0.7, match: %{type: "js-hardcoded-secret-api-key", context: %{node_type: "VariableDeclarator", depth: 3, parent_type: "VariableDeclaration"}, location: %{depth: 3, end_column: 1358, end_line: 1, start_line: 1, start_column: 1347}, severity: "high", pattern_id: "js-hardcoded-secret-api-key", pattern_name: "Hardcoded API Key", recommendation: "Review this code for potential security issues", confidence: 0.9, pattern_type: :hardcoded_secret}
18:48:57.049 [debug] Match confidence: 0.1848, min_confidence: 0.7, match: %{type: "js-hardcoded-secret-api-key", context: %{node_type: "VariableDeclarator", depth: 3, parent_type: "VariableDeclaration"}, location: %{depth: 3, end_column: 1375, end_line: 1, start_line: 1, start_column: 1364}, severity: "high", pattern_id: "js-hardcoded-secret-api-key", pattern_name: "Hardcoded API Key", recommendation: "Review this code for potential security issues", confidence: 0.9, pattern_type: :hardcoded_secret}
18:48:57.049 [debug] Match confidence: 0.1848, min_confidence: 0.7, match: %{type: "js-hardcoded-secret-api-key", context: %{node_type: "VariableDeclarator", depth: 3, parent_type: "VariableDeclaration"}, location: %{depth: 3, end_column: 1392, end_line: 1, start_line: 1, start_column: 1381}, severity: "high", pattern_id: "js-hardcoded-secret-api-key", pattern_name: "Hardcoded API Key", recommendation: "Review this code for potential security issues", confidence: 0.9, pattern_type: :hardcoded_secret}
18:48:57.049 [debug] Match confidence: 0.1848, min_confidence: 0.7, match: %{type: "js-hardcoded-secret-api-key", context: %{node_type: "VariableDeclarator", depth: 3, parent_type: "VariableDeclaration"}, location: %{depth: 3, end_column: 1409, end_line: 1, start_line: 1, start_column: 1398}, severity: "high", pattern_id: "js-hardcoded-secret-api-key", pattern_name: "Hardcoded API Key", recommendation: "Review this code for potential security issues", confidence: 0.9, pattern_type: :hardcoded_secret}
18:48:57.049 [debug] Match confidence: 0.1848, min_confidence: 0.7, match: %{type: "js-hardcoded-secret-api-key", context: %{node_type: "VariableDeclarator", depth: 3, parent_type: "VariableDeclaration"}, location: %{depth: 3, end_column: 1426, end_line: 1, start_line: 1, start_column: 1415}, severity: "high", pattern_id: "js-hardcoded-secret-api-key", pattern_name: "Hardcoded API Key", recommendation: "Review this code for potential security issues", confidence: 0.9, pattern_type: :hardcoded_secret}
18:48:57.049 [debug] Match confidence: 0.1848, min_confidence: 0.7, match: %{type: "js-hardcoded-secret-api-key", context: %{node_type: "VariableDeclarator", depth: 3, parent_type: "VariableDeclaration"}, location: %{depth: 3, end_column: 1443, end_line: 1, start_line: 1, start_column: 1432}, severity: "high", pattern_id: "js-hardcoded-secret-api-key", pattern_name: "Hardcoded API Key", recommendation: "Review this code for potential security issues", confidence: 0.9, pattern_type: :hardcoded_secret}
18:48:57.049 [debug] Match confidence: 0.1848, min_confidence: 0.7, match: %{type: "js-hardcoded-secret-api-key", context: %{node_type: "VariableDeclarator", depth: 3, parent_type: "VariableDeclaration"}, location: %{depth: 3, end_column: 1460, end_line: 1, start_line: 1, start_column: 1449}, severity: "high", pattern_id: "js-hardcoded-secret-api-key", pattern_name: "Hardcoded API Key", recommendation: "Review this code for potential security issues", confidence: 0.9, pattern_type: :hardcoded_secret}
18:48:57.049 [debug] Match confidence: 0.1848, min_confidence: 0.7, match: %{type: "js-hardcoded-secret-api-key", context: %{node_type: "VariableDeclarator", depth: 3, parent_type: "VariableDeclaration"}, location: %{depth: 3, end_column: 1477, end_line: 1, start_line: 1, start_column: 1466}, severity: "high", pattern_id: "js-hardcoded-secret-api-key", pattern_name: "Hardcoded API Key", recommendation: "Review this code for potential security issues", confidence: 0.9, pattern_type: :hardcoded_secret}
18:48:57.049 [debug] Match confidence: 0.1848, min_confidence: 0.7, match: %{type: "js-hardcoded-secret-api-key", context: %{node_type: "VariableDeclarator", depth: 3, parent_type: "VariableDeclaration"}, location: %{depth: 3, end_column: 1494, end_line: 1, start_line: 1, start_column: 1483}, severity: "high", pattern_id: "js-hardcoded-secret-api-key", pattern_name: "Hardcoded API Key", recommendation: "Review this code for potential security issues", confidence: 0.9, pattern_type: :hardcoded_secret}
18:48:57.049 [debug] Match confidence: 0.1848, min_confidence: 0.7, match: %{type: "js-hardcoded-secret-api-key", context: %{node_type: "VariableDeclarator", depth: 3, parent_type: "VariableDeclaration"}, location: %{depth: 3, end_column: 1511, end_line: 1, start_line: 1, start_column: 1500}, severity: "high", pattern_id: "js-hardcoded-secret-api-key", pattern_name: "Hardcoded API Key", recommendation: "Review this code for potential security issues", confidence: 0.9, pattern_type: :hardcoded_secret}
18:48:57.050 [debug] Match confidence: 0.1848, min_confidence: 0.7, match: %{type: "js-hardcoded-secret-api-key", context: %{node_type: "VariableDeclarator", depth: 3, parent_type: "VariableDeclaration"}, location: %{depth: 3, end_column: 1528, end_line: 1, start_line: 1, start_column: 1517}, severity: "high", pattern_id: "js-hardcoded-secret-api-key", pattern_name: "Hardcoded API Key", recommendation: "Review this code for potential security issues", confidence: 0.9, pattern_type: :hardcoded_secret}
18:48:57.050 [debug] Match confidence: 0.1848, min_confidence: 0.7, match: %{type: "js-hardcoded-secret-api-key", context: %{node_type: "VariableDeclarator", depth: 3, parent_type: "VariableDeclaration"}, location: %{depth: 3, end_column: 1545, end_line: 1, start_line: 1, start_column: 1534}, severity: "high", pattern_id: "js-hardcoded-secret-api-key", pattern_name: "Hardcoded API Key", recommendation: "Review this code for potential security issues", confidence: 0.9, pattern_type: :hardcoded_secret}
18:48:57.050 [debug] Match confidence: 0.1848, min_confidence: 0.7, match: %{type: "js-hardcoded-secret-api-key", context: %{node_type: "VariableDeclarator", depth: 3, parent_type: "VariableDeclaration"}, location: %{depth: 3, end_column: 1562, end_line: 1, start_line: 1, start_column: 1551}, severity: "high", pattern_id: "js-hardcoded-secret-api-key", pattern_name: "Hardcoded API Key", recommendation: "Review this code for potential security issues", confidence: 0.9, pattern_type: :hardcoded_secret}
18:48:57.050 [debug] Match confidence: 0.1848, min_confidence: 0.7, match: %{type: "js-hardcoded-secret-api-key", context: %{node_type: "VariableDeclarator", depth: 3, parent_type: "VariableDeclaration"}, location: %{depth: 3, end_column: 1579, end_line: 1, start_line: 1, start_column: 1568}, severity: "high", pattern_id: "js-hardcoded-secret-api-key", pattern_name: "Hardcoded API Key", recommendation: "Review this code for potential security issues", confidence: 0.9, pattern_type: :hardcoded_secret}
18:48:57.050 [debug] Match confidence: 0.1848, min_confidence: 0.7, match: %{type: "js-hardcoded-secret-api-key", context: %{node_type: "VariableDeclarator", depth: 3, parent_type: "VariableDeclaration"}, location: %{depth: 3, end_column: 1596, end_line: 1, start_line: 1, start_column: 1585}, severity: "high", pattern_id: "js-hardcoded-secret-api-key", pattern_name: "Hardcoded API Key", recommendation: "Review this code for potential security issues", confidence: 0.9, pattern_type: :hardcoded_secret}
18:48:57.050 [debug] Match confidence: 0.1848, min_confidence: 0.7, match: %{type: "js-hardcoded-secret-api-key", context: %{node_type: "VariableDeclarator", depth: 3, parent_type: "VariableDeclaration"}, location: %{depth: 3, end_column: 1613, end_line: 1, start_line: 1, start_column: 1602}, severity: "high", pattern_id: "js-hardcoded-secret-api-key", pattern_name: "Hardcoded API Key", recommendation: "Review this code for potential security issues", confidence: 0.9, pattern_type: :hardcoded_secret}
18:48:57.050 [debug] Match confidence: 0.1848, min_confidence: 0.7, match: %{type: "js-hardcoded-secret-api-key", context: %{node_type: "VariableDeclarator", depth: 3, parent_type: "VariableDeclaration"}, location: %{depth: 3, end_column: 1630, end_line: 1, start_line: 1, start_column: 1619}, severity: "high", pattern_id: "js-hardcoded-secret-api-key", pattern_name: "Hardcoded API Key", recommendation: "Review this code for potential security issues", confidence: 0.9, pattern_type: :hardcoded_secret}
18:48:57.050 [debug] Match confidence: 0.1848, min_confidence: 0.7, match: %{type: "js-hardcoded-secret-api-key", context: %{node_type: "VariableDeclarator", depth: 3, parent_type: "VariableDeclaration"}, location: %{depth: 3, end_column: 1647, end_line: 1, start_line: 1, start_column: 1636}, severity: "high", pattern_id: "js-hardcoded-secret-api-key", pattern_name: "Hardcoded API Key", recommendation: "Review this code for potential security issues", confidence: 0.9, pattern_type: :hardcoded_secret}
18:48:57.050 [debug] Match confidence: 0.1848, min_confidence: 0.7, match: %{type: "js-hardcoded-secret-api-key", context: %{node_type: "VariableDeclarator", depth: 3, parent_type: "VariableDeclaration"}, location: %{depth: 3, end_column: 1664, end_line: 1, start_line: 1, start_column: 1653}, severity: "high", pattern_id: "js-hardcoded-secret-api-key", pattern_name: "Hardcoded API Key", recommendation: "Review this code for potential security issues", confidence: 0.9, pattern_type: :hardcoded_secret}
18:48:57.050 [debug] Match confidence: 0.1848, min_confidence: 0.7, match: %{type: "js-hardcoded-secret-api-key", context: %{node_type: "VariableDeclarator", depth: 3, parent_type: "VariableDeclaration"}, location: %{depth: 3, end_column: 1681, end_line: 1, start_line: 1, start_column: 1670}, severity: "high", pattern_id: "js-hardcoded-secret-api-key", pattern_name: "Hardcoded API Key", recommendation: "Review this code for potential security issues", confidence: 0.9, pattern_type: :hardcoded_secret}
18:48:57.050 [debug] Match confidence: 0.1848, min_confidence: 0.7, match: %{type: "js-hardcoded-secret-api-key", context: %{node_type: "VariableDeclarator", depth: 3, parent_type: "VariableDeclaration"}, location: %{depth: 3, end_column: 1698, end_line: 1, start_line: 1, start_column: 1687}, severity: "high", pattern_id: "js-hardcoded-secret-api-key", pattern_name: "Hardcoded API Key", recommendation: "Review this code for potential security issues", confidence: 0.9, pattern_type: :hardcoded_secret}
18:48:57.211 [debug] Parser response received
18:48:57.212 [info] AnalysisService: Loaded 30 patterns for javascript
18:48:57.250 [info] AnalysisService: Found 200 matches
18:48:57.251 [debug] Match confidence: 0.1848, min_confidence: 0.7, match: %{type: "js-hardcoded-secret-password", context: %{node_type: "VariableDeclarator", depth: 3, parent_type: "VariableDeclaration"}, location: %{depth: 3, end_column: 15, end_line: 1, start_line: 1, start_column: 4}, severity: "high", pattern_id: "js-hardcoded-secret-password", pattern_name: "Hardcoded Password", recommendation: "Review this code for potential security issues", confidence: 0.9, pattern_type: :hardcoded_secret}
18:48:57.252 [debug] Match confidence: 0.1848, min_confidence: 0.7, match: %{type: "js-hardcoded-secret-password", context: %{node_type: "VariableDeclarator", depth: 3, parent_type: "VariableDeclaration"}, location: %{depth: 3, end_column: 32, end_line: 1, start_line: 1, start_column: 21}, severity: "high", pattern_id: "js-hardcoded-secret-password", pattern_name: "Hardcoded Password", recommendation: "Review this code for potential security issues", confidence: 0.9, pattern_type: :hardcoded_secret}
18:48:57.253 [debug] Match confidence: 0.1848, min_confidence: 0.7, match: %{type: "js-hardcoded-secret-password", context: %{node_type: "VariableDeclarator", depth: 3, parent_type: "VariableDeclaration"}, location: %{depth: 3, end_column: 49, end_line: 1, start_line: 1, start_column: 38}, severity: "high", pattern_id: "js-hardcoded-secret-password", pattern_name: "Hardcoded Password", recommendation: "Review this code for potential security issues", confidence: 0.9, pattern_type: :hardcoded_secret}
18:48:57.254 [debug] Match confidence: 0.1848, min_confidence: 0.7, match: %{type: "js-hardcoded-secret-password", context: %{node_type: "VariableDeclarator", depth: 3, parent_type: "VariableDeclaration"}, location: %{depth: 3, end_column: 66, end_line: 1, start_line: 1, start_column: 55}, severity: "high", pattern_id: "js-hardcoded-secret-password", pattern_name: "Hardcoded Password", recommendation: "Review this code for potential security issues", confidence: 0.9, pattern_type: :hardcoded_secret}
18:48:57.255 [debug] Match confidence: 0.1848, min_confidence: 0.7, match: %{type: "js-hardcoded-secret-password", context: %{node_type: "VariableDeclarator", depth: 3, parent_type: "VariableDeclaration"}, location: %{depth: 3, end_column: 83, end_line: 1, start_line: 1, start_column: 72}, severity: "high", pattern_id: "js-hardcoded-secret-password", pattern_name: "Hardcoded Password", recommendation: "Review this code for potential security issues", confidence: 0.9, pattern_type: :hardcoded_secret}
18:48:57.255 [debug] Match confidence: 0.1848, min_confidence: 0.7, match: %{type: "js-hardcoded-secret-password", context: %{node_type: "VariableDeclarator", depth: 3, parent_type: "VariableDeclaration"}, location: %{depth: 3, end_column: 100, end_line: 1, start_line: 1, start_column: 89}, severity: "high", pattern_id: "js-hardcoded-secret-password", pattern_name: "Hardcoded Password", recommendation: "Review this code for potential security issues", confidence: 0.9, pattern_type: :hardcoded_secret}
18:48:57.255 [debug] Match confidence: 0.1848, min_confidence: 0.7, match: %{type: "js-hardcoded-secret-password", context: %{node_type: "VariableDeclarator", depth: 3, parent_type: "VariableDeclaration"}, location: %{depth: 3, end_column: 117, end_line: 1, start_line: 1, start_column: 106}, severity: "high", pattern_id: "js-hardcoded-secret-password", pattern_name: "Hardcoded Password", recommendation: "Review this code for potential security issues", confidence: 0.9, pattern_type: :hardcoded_secret}
18:48:57.255 [debug] Match confidence: 0.1848, min_confidence: 0.7, match: %{type: "js-hardcoded-secret-password", context: %{node_type: "VariableDeclarator", depth: 3, parent_type: "VariableDeclaration"}, location: %{depth: 3, end_column: 134, end_line: 1, start_line: 1, start_column: 123}, severity: "high", pattern_id: "js-hardcoded-secret-password", pattern_name: "Hardcoded Password", recommendation: "Review this code for potential security issues", confidence: 0.9, pattern_type: :hardcoded_secret}
18:48:57.255 [debug] Match confidence: 0.1848, min_confidence: 0.7, match: %{type: "js-hardcoded-secret-password", context: %{node_type: "VariableDeclarator", depth: 3, parent_type: "VariableDeclaration"}, location: %{depth: 3, end_column: 151, end_line: 1, start_line: 1, start_column: 140}, severity: "high", pattern_id: "js-hardcoded-secret-password", pattern_name: "Hardcoded Password", recommendation: "Review this code for potential security issues", confidence: 0.9, pattern_type: :hardcoded_secret}
18:48:57.255 [debug] Match confidence: 0.1848, min_confidence: 0.7, match: %{type: "js-hardcoded-secret-password", context: %{node_type: "VariableDeclarator", depth: 3, parent_type: "VariableDeclaration"}, location: %{depth: 3, end_column: 168, end_line: 1, start_line: 1, start_column: 157}, severity: "high", pattern_id: "js-hardcoded-secret-password", pattern_name: "Hardcoded Password", recommendation: "Review this code for potential security issues", confidence: 0.9, pattern_type: :hardcoded_secret}
18:48:57.255 [debug] Match confidence: 0.1848, min_confidence: 0.7, match: %{type: "js-hardcoded-secret-password", context: %{node_type: "VariableDeclarator", depth: 3, parent_type: "VariableDeclaration"}, location: %{depth: 3, end_column: 185, end_line: 1, start_line: 1, start_column: 174}, severity: "high", pattern_id: "js-hardcoded-secret-password", pattern_name: "Hardcoded Password", recommendation: "Review this code for potential security issues", confidence: 0.9, pattern_type: :hardcoded_secret}
18:48:57.255 [debug] Match confidence: 0.1848, min_confidence: 0.7, match: %{type: "js-hardcoded-secret-password", context: %{node_type: "VariableDeclarator", depth: 3, parent_type: "VariableDeclaration"}, location: %{depth: 3, end_column: 202, end_line: 1, start_line: 1, start_column: 191}, severity: "high", pattern_id: "js-hardcoded-secret-password", pattern_name: "Hardcoded Password", recommendation: "Review this code for potential security issues", confidence: 0.9, pattern_type: :hardcoded_secret}
18:48:57.255 [debug] Match confidence: 0.1848, min_confidence: 0.7, match: %{type: "js-hardcoded-secret-password", context: %{node_type: "VariableDeclarator", depth: 3, parent_type: "VariableDeclaration"}, location: %{depth: 3, end_column: 219, end_line: 1, start_line: 1, start_column: 208}, severity: "high", pattern_id: "js-hardcoded-secret-password", pattern_name: "Hardcoded Password", recommendation: "Review this code for potential security issues", confidence: 0.9, pattern_type: :hardcoded_secret}
18:48:57.255 [debug] Match confidence: 0.1848, min_confidence: 0.7, match: %{type: "js-hardcoded-secret-password", context: %{node_type: "VariableDeclarator", depth: 3, parent_type: "VariableDeclaration"}, location: %{depth: 3, end_column: 236, end_line: 1, start_line: 1, start_column: 225}, severity: "high", pattern_id: "js-hardcoded-secret-password", pattern_name: "Hardcoded Password", recommendation: "Review this code for potential security issues", confidence: 0.9, pattern_type: :hardcoded_secret}
18:48:57.255 [debug] Match confidence: 0.1848, min_confidence: 0.7, match: %{type: "js-hardcoded-secret-password", context: %{node_type: "VariableDeclarator", depth: 3, parent_type: "VariableDeclaration"}, location: %{depth: 3, end_column: 253, end_line: 1, start_line: 1, start_column: 242}, severity: "high", pattern_id: "js-hardcoded-secret-password", pattern_name: "Hardcoded Password", recommendation: "Review this code for potential security issues", confidence: 0.9, pattern_type: :hardcoded_secret}
18:48:57.255 [debug] Match confidence: 0.1848, min_confidence: 0.7, match: %{type: "js-hardcoded-secret-password", context: %{node_type: "VariableDeclarator", depth: 3, parent_type: "VariableDeclaration"}, location: %{depth: 3, end_column: 270, end_line: 1, start_line: 1, start_column: 259}, severity: "high", pattern_id: "js-hardcoded-secret-password", pattern_name: "Hardcoded Password", recommendation: "Review this code for potential security issues", confidence: 0.9, pattern_type: :hardcoded_secret}
18:48:57.255 [debug] Match confidence: 0.1848, min_confidence: 0.7, match: %{type: "js-hardcoded-secret-password", context: %{node_type: "VariableDeclarator", depth: 3, parent_type: "VariableDeclaration"}, location: %{depth: 3, end_column: 287, end_line: 1, start_line: 1, start_column: 276}, severity: "high", pattern_id: "js-hardcoded-secret-password", pattern_name: "Hardcoded Password", recommendation: "Review this code for potential security issues", confidence: 0.9, pattern_type: :hardcoded_secret}
18:48:57.256 [debug] Match confidence: 0.1848, min_confidence: 0.7, match: %{type: "js-hardcoded-secret-password", context: %{node_type: "VariableDeclarator", depth: 3, parent_type: "VariableDeclaration"}, location: %{depth: 3, end_column: 304, end_line: 1, start_line: 1, start_column: 293}, severity: "high", pattern_id: "js-hardcoded-secret-password", pattern_name: "Hardcoded Password", recommendation: "Review this code for potential security issues", confidence: 0.9, pattern_type: :hardcoded_secret}
18:48:57.256 [debug] Match confidence: 0.1848, min_confidence: 0.7, match: %{type: "js-hardcoded-secret-password", context: %{node_type: "VariableDeclarator", depth: 3, parent_type: "VariableDeclaration"}, location: %{depth: 3, end_column: 321, end_line: 1, start_line: 1, start_column: 310}, severity: "high", pattern_id: "js-hardcoded-secret-password", pattern_name: "Hardcoded Password", recommendation: "Review this code for potential security issues", confidence: 0.9, pattern_type: :hardcoded_secret}
18:48:57.256 [debug] Match confidence: 0.1848, min_confidence: 0.7, match: %{type: "js-hardcoded-secret-password", context: %{node_type: "VariableDeclarator", depth: 3, parent_type: "VariableDeclaration"}, location: %{depth: 3, end_column: 338, end_line: 1, start_line: 1, start_column: 327}, severity: "high", pattern_id: "js-hardcoded-secret-password", pattern_name: "Hardcoded Password", recommendation: "Review this code for potential security issues", confidence: 0.9, pattern_type: :hardcoded_secret}
18:48:57.256 [debug] Match confidence: 0.1848, min_confidence: 0.7, match: %{type: "js-hardcoded-secret-password", context: %{node_type: "VariableDeclarator", depth: 3, parent_type: "VariableDeclaration"}, location: %{depth: 3, end_column: 355, end_line: 1, start_line: 1, start_column: 344}, severity: "high", pattern_id: "js-hardcoded-secret-password", pattern_name: "Hardcoded Password", recommendation: "Review this code for potential security issues", confidence: 0.9, pattern_type: :hardcoded_secret}
18:48:57.256 [debug] Match confidence: 0.1848, min_confidence: 0.7, match: %{type: "js-hardcoded-secret-password", context: %{node_type: "VariableDeclarator", depth: 3, parent_type: "VariableDeclaration"}, location: %{depth: 3, end_column: 372, end_line: 1, start_line: 1, start_column: 361}, severity: "high", pattern_id: "js-hardcoded-secret-password", pattern_name: "Hardcoded Password", recommendation: "Review this code for potential security issues", confidence: 0.9, pattern_type: :hardcoded_secret}
18:48:57.256 [debug] Match confidence: 0.1848, min_confidence: 0.7, match: %{type: "js-hardcoded-secret-password", context: %{node_type: "VariableDeclarator", depth: 3, parent_type: "VariableDeclaration"}, location: %{depth: 3, end_column: 389, end_line: 1, start_line: 1, start_column: 378}, severity: "high", pattern_id: "js-hardcoded-secret-password", pattern_name: "Hardcoded Password", recommendation: "Review this code for potential security issues", confidence: 0.9, pattern_type: :hardcoded_secret}
18:48:57.256 [debug] Match confidence: 0.1848, min_confidence: 0.7, match: %{type: "js-hardcoded-secret-password", context: %{node_type: "VariableDeclarator", depth: 3, parent_type: "VariableDeclaration"}, location: %{depth: 3, end_column: 406, end_line: 1, start_line: 1, start_column: 395}, severity: "high", pattern_id: "js-hardcoded-secret-password", pattern_name: "Hardcoded Password", recommendation: "Review this code for potential security issues", confidence: 0.9, pattern_type: :hardcoded_secret}
18:48:57.256 [debug] Match confidence: 0.1848, min_confidence: 0.7, match: %{type: "js-hardcoded-secret-password", context: %{node_type: "VariableDeclarator", depth: 3, parent_type: "VariableDeclaration"}, location: %{depth: 3, end_column: 423, end_line: 1, start_line: 1, start_column: 412}, severity: "high", pattern_id: "js-hardcoded-secret-password", pattern_name: "Hardcoded Password", recommendation: "Review this code for potential security issues", confidence: 0.9, pattern_type: :hardcoded_secret}
18:48:57.256 [debug] Match confidence: 0.1848, min_confidence: 0.7, match: %{type: "js-hardcoded-secret-password", context: %{node_type: "VariableDeclarator", depth: 3, parent_type: "VariableDeclaration"}, location: %{depth: 3, end_column: 440, end_line: 1, start_line: 1, start_column: 429}, severity: "high", pattern_id: "js-hardcoded-secret-password", pattern_name: "Hardcoded Password", recommendation: "Review this code for potential security issues", confidence: 0.9, pattern_type: :hardcoded_secret}
18:48:57.256 [debug] Match confidence: 0.1848, min_confidence: 0.7, match: %{type: "js-hardcoded-secret-password", context: %{node_type: "VariableDeclarator", depth: 3, parent_type: "VariableDeclaration"}, location: %{depth: 3, end_column: 457, end_line: 1, start_line: 1, start_column: 446}, severity: "high", pattern_id: "js-hardcoded-secret-password", pattern_name: "Hardcoded Password", recommendation: "Review this code for potential security issues", confidence: 0.9, pattern_type: :hardcoded_secret}
18:48:57.256 [debug] Match confidence: 0.1848, min_confidence: 0.7, match: %{type: "js-hardcoded-secret-password", context: %{node_type: "VariableDeclarator", depth: 3, parent_type: "VariableDeclaration"}, location: %{depth: 3, end_column: 474, end_line: 1, start_line: 1, start_column: 463}, severity: "high", pattern_id: "js-hardcoded-secret-password", pattern_name: "Hardcoded Password", recommendation: "Review this code for potential security issues", confidence: 0.9, pattern_type: :hardcoded_secret}
18:48:57.257 [debug] Match confidence: 0.1848, min_confidence: 0.7, match: %{type: "js-hardcoded-secret-password", context: %{node_type: "VariableDeclarator", depth: 3, parent_type: "VariableDeclaration"}, location: %{depth: 3, end_column: 491, end_line: 1, start_line: 1, start_column: 480}, severity: "high", pattern_id: "js-hardcoded-secret-password", pattern_name: "Hardcoded Password", recommendation: "Review this code for potential security issues", confidence: 0.9, pattern_type: :hardcoded_secret}
18:48:57.257 [debug] Match confidence: 0.1848, min_confidence: 0.7, match: %{type: "js-hardcoded-secret-password", context: %{node_type: "VariableDeclarator", depth: 3, parent_type: "VariableDeclaration"}, location: %{depth: 3, end_column: 508, end_line: 1, start_line: 1, start_column: 497}, severity: "high", pattern_id: "js-hardcoded-secret-password", pattern_name: "Hardcoded Password", recommendation: "Review this code for potential security issues", confidence: 0.9, pattern_type: :hardcoded_secret}
18:48:57.257 [debug] Match confidence: 0.1848, min_confidence: 0.7, match: %{type: "js-hardcoded-secret-password", context: %{node_type: "VariableDeclarator", depth: 3, parent_type: "VariableDeclaration"}, location: %{depth: 3, end_column: 525, end_line: 1, start_line: 1, start_column: 514}, severity: "high", pattern_id: "js-hardcoded-secret-password", pattern_name: "Hardcoded Password", recommendation: "Review this code for potential security issues", confidence: 0.9, pattern_type: :hardcoded_secret}
18:48:57.257 [debug] Match confidence: 0.1848, min_confidence: 0.7, match: %{type: "js-hardcoded-secret-password", context: %{node_type: "VariableDeclarator", depth: 3, parent_type: "VariableDeclaration"}, location: %{depth: 3, end_column: 542, end_line: 1, start_line: 1, start_column: 531}, severity: "high", pattern_id: "js-hardcoded-secret-password", pattern_name: "Hardcoded Password", recommendation: "Review this code for potential security issues", confidence: 0.9, pattern_type: :hardcoded_secret}
18:48:57.257 [debug] Match confidence: 0.1848, min_confidence: 0.7, match: %{type: "js-hardcoded-secret-password", context: %{node_type: "VariableDeclarator", depth: 3, parent_type: "VariableDeclaration"}, location: %{depth: 3, end_column: 559, end_line: 1, start_line: 1, start_column: 548}, severity: "high", pattern_id: "js-hardcoded-secret-password", pattern_name: "Hardcoded Password", recommendation: "Review this code for potential security issues", confidence: 0.9, pattern_type: :hardcoded_secret}
18:48:57.257 [debug] Match confidence: 0.1848, min_confidence: 0.7, match: %{type: "js-hardcoded-secret-password", context: %{node_type: "VariableDeclarator", depth: 3, parent_type: "VariableDeclaration"}, location: %{depth: 3, end_column: 576, end_line: 1, start_line: 1, start_column: 565}, severity: "high", pattern_id: "js-hardcoded-secret-password", pattern_name: "Hardcoded Password", recommendation: "Review this code for potential security issues", confidence: 0.9, pattern_type: :hardcoded_secret}
18:48:57.257 [debug] Match confidence: 0.1848, min_confidence: 0.7, match: %{type: "js-hardcoded-secret-password", context: %{node_type: "VariableDeclarator", depth: 3, parent_type: "VariableDeclaration"}, location: %{depth: 3, end_column: 593, end_line: 1, start_line: 1, start_column: 582}, severity: "high", pattern_id: "js-hardcoded-secret-password", pattern_name: "Hardcoded Password", recommendation: "Review this code for potential security issues", confidence: 0.9, pattern_type: :hardcoded_secret}
18:48:57.257 [debug] Match confidence: 0.1848, min_confidence: 0.7, match: %{type: "js-hardcoded-secret-password", context: %{node_type: "VariableDeclarator", depth: 3, parent_type: "VariableDeclaration"}, location: %{depth: 3, end_column: 610, end_line: 1, start_line: 1, start_column: 599}, severity: "high", pattern_id: "js-hardcoded-secret-password", pattern_name: "Hardcoded Password", recommendation: "Review this code for potential security issues", confidence: 0.9, pattern_type: :hardcoded_secret}
18:48:57.257 [debug] Match confidence: 0.1848, min_confidence: 0.7, match: %{type: "js-hardcoded-secret-password", context: %{node_type: "VariableDeclarator", depth: 3, parent_type: "VariableDeclaration"}, location: %{depth: 3, end_column: 627, end_line: 1, start_line: 1, start_column: 616}, severity: "high", pattern_id: "js-hardcoded-secret-password", pattern_name: "Hardcoded Password", recommendation: "Review this code for potential security issues", confidence: 0.9, pattern_type: :hardcoded_secret}
18:48:57.257 [debug] Match confidence: 0.1848, min_confidence: 0.7, match: %{type: "js-hardcoded-secret-password", context: %{node_type: "VariableDeclarator", depth: 3, parent_type: "VariableDeclaration"}, location: %{depth: 3, end_column: 644, end_line: 1, start_line: 1, start_column: 633}, severity: "high", pattern_id: "js-hardcoded-secret-password", pattern_name: "Hardcoded Password", recommendation: "Review this code for potential security issues", confidence: 0.9, pattern_type: :hardcoded_secret}
18:48:57.257 [debug] Match confidence: 0.1848, min_confidence: 0.7, match: %{type: "js-hardcoded-secret-password", context: %{node_type: "VariableDeclarator", depth: 3, parent_type: "VariableDeclaration"}, location: %{depth: 3, end_column: 661, end_line: 1, start_line: 1, start_column: 650}, severity: "high", pattern_id: "js-hardcoded-secret-password", pattern_name: "Hardcoded Password", recommendation: "Review this code for potential security issues", confidence: 0.9, pattern_type: :hardcoded_secret}
18:48:57.257 [debug] Match confidence: 0.1848, min_confidence: 0.7, match: %{type: "js-hardcoded-secret-password", context: %{node_type: "VariableDeclarator", depth: 3, parent_type: "VariableDeclaration"}, location: %{depth: 3, end_column: 678, end_line: 1, start_line: 1, start_column: 667}, severity: "high", pattern_id: "js-hardcoded-secret-password", pattern_name: "Hardcoded Password", recommendation: "Review this code for potential security issues", confidence: 0.9, pattern_type: :hardcoded_secret}
18:48:57.257 [debug] Match confidence: 0.1848, min_confidence: 0.7, match: %{type: "js-hardcoded-secret-password", context: %{node_type: "VariableDeclarator", depth: 3, parent_type: "VariableDeclaration"}, location: %{depth: 3, end_column: 695, end_line: 1, start_line: 1, start_column: 684}, severity: "high", pattern_id: "js-hardcoded-secret-password", pattern_name: "Hardcoded Password", recommendation: "Review this code for potential security issues", confidence: 0.9, pattern_type: :hardcoded_secret}
18:48:57.257 [debug] Match confidence: 0.1848, min_confidence: 0.7, match: %{type: "js-hardcoded-secret-password", context: %{node_type: "VariableDeclarator", depth: 3, parent_type: "VariableDeclaration"}, location: %{depth: 3, end_column: 712, end_line: 1, start_line: 1, start_column: 701}, severity: "high", pattern_id: "js-hardcoded-secret-password", pattern_name: "Hardcoded Password", recommendation: "Review this code for potential security issues", confidence: 0.9, pattern_type: :hardcoded_secret}
18:48:57.257 [debug] Match confidence: 0.1848, min_confidence: 0.7, match: %{type: "js-hardcoded-secret-password", context: %{node_type: "VariableDeclarator", depth: 3, parent_type: "VariableDeclaration"}, location: %{depth: 3, end_column: 729, end_line: 1, start_line: 1, start_column: 718}, severity: "high", pattern_id: "js-hardcoded-secret-password", pattern_name: "Hardcoded Password", recommendation: "Review this code for potential security issues", confidence: 0.9, pattern_type: :hardcoded_secret}
18:48:57.257 [debug] Match confidence: 0.1848, min_confidence: 0.7, match: %{type: "js-hardcoded-secret-password", context: %{node_type: "VariableDeclarator", depth: 3, parent_type: "VariableDeclaration"}, location: %{depth: 3, end_column: 746, end_line: 1, start_line: 1, start_column: 735}, severity: "high", pattern_id: "js-hardcoded-secret-password", pattern_name: "Hardcoded Password", recommendation: "Review this code for potential security issues", confidence: 0.9, pattern_type: :hardcoded_secret}
18:48:57.257 [debug] Match confidence: 0.1848, min_confidence: 0.7, match: %{type: "js-hardcoded-secret-password", context: %{node_type: "VariableDeclarator", depth: 3, parent_type: "VariableDeclaration"}, location: %{depth: 3, end_column: 763, end_line: 1, start_line: 1, start_column: 752}, severity: "high", pattern_id: "js-hardcoded-secret-password", pattern_name: "Hardcoded Password", recommendation: "Review this code for potential security issues", confidence: 0.9, pattern_type: :hardcoded_secret}
18:48:57.257 [debug] Match confidence: 0.1848, min_confidence: 0.7, match: %{type: "js-hardcoded-secret-password", context: %{node_type: "VariableDeclarator", depth: 3, parent_type: "VariableDeclaration"}, location: %{depth: 3, end_column: 780, end_line: 1, start_line: 1, start_column: 769}, severity: "high", pattern_id: "js-hardcoded-secret-password", pattern_name: "Hardcoded Password", recommendation: "Review this code for potential security issues", confidence: 0.9, pattern_type: :hardcoded_secret}
18:48:57.257 [debug] Match confidence: 0.1848, min_confidence: 0.7, match: %{type: "js-hardcoded-secret-password", context: %{node_type: "VariableDeclarator", depth: 3, parent_type: "VariableDeclaration"}, location: %{depth: 3, end_column: 797, end_line: 1, start_line: 1, start_column: 786}, severity: "high", pattern_id: "js-hardcoded-secret-password", pattern_name: "Hardcoded Password", recommendation: "Review this code for potential security issues", confidence: 0.9, pattern_type: :hardcoded_secret}
18:48:57.257 [debug] Match confidence: 0.1848, min_confidence: 0.7, match: %{type: "js-hardcoded-secret-password", context: %{node_type: "VariableDeclarator", depth: 3, parent_type: "VariableDeclaration"}, location: %{depth: 3, end_column: 814, end_line: 1, start_line: 1, start_column: 803}, severity: "high", pattern_id: "js-hardcoded-secret-password", pattern_name: "Hardcoded Password", recommendation: "Review this code for potential security issues", confidence: 0.9, pattern_type: :hardcoded_secret}
18:48:57.257 [debug] Match confidence: 0.1848, min_confidence: 0.7, match: %{type: "js-hardcoded-secret-password", context: %{node_type: "VariableDeclarator", depth: 3, parent_type: "VariableDeclaration"}, location: %{depth: 3, end_column: 831, end_line: 1, start_line: 1, start_column: 820}, severity: "high", pattern_id: "js-hardcoded-secret-password", pattern_name: "Hardcoded Password", recommendation: "Review this code for potential security issues", confidence: 0.9, pattern_type: :hardcoded_secret}
18:48:57.257 [debug] Match confidence: 0.1848, min_confidence: 0.7, match: %{type: "js-hardcoded-secret-password", context: %{node_type: "VariableDeclarator", depth: 3, parent_type: "VariableDeclaration"}, location: %{depth: 3, end_column: 848, end_line: 1, start_line: 1, start_column: 837}, severity: "high", pattern_id: "js-hardcoded-secret-password", pattern_name: "Hardcoded Password", recommendation: "Review this code for potential security issues", confidence: 0.9, pattern_type: :hardcoded_secret}
18:48:57.257 [debug] Match confidence: 0.1848, min_confidence: 0.7, match: %{type: "js-hardcoded-secret-password", context: %{node_type: "VariableDeclarator", depth: 3, parent_type: "VariableDeclaration"}, location: %{depth: 3, end_column: 865, end_line: 1, start_line: 1, start_column: 854}, severity: "high", pattern_id: "js-hardcoded-secret-password", pattern_name: "Hardcoded Password", recommendation: "Review this code for potential security issues", confidence: 0.9, pattern_type: :hardcoded_secret}
18:48:57.257 [debug] Match confidence: 0.1848, min_confidence: 0.7, match: %{type: "js-hardcoded-secret-password", context: %{node_type: "VariableDeclarator", depth: 3, parent_type: "VariableDeclaration"}, location: %{depth: 3, end_column: 882, end_line: 1, start_line: 1, start_column: 871}, severity: "high", pattern_id: "js-hardcoded-secret-password", pattern_name: "Hardcoded Password", recommendation: "Review this code for potential security issues", confidence: 0.9, pattern_type: :hardcoded_secret}
18:48:57.257 [debug] Match confidence: 0.1848, min_confidence: 0.7, match: %{type: "js-hardcoded-secret-password", context: %{node_type: "VariableDeclarator", depth: 3, parent_type: "VariableDeclaration"}, location: %{depth: 3, end_column: 899, end_line: 1, start_line: 1, start_column: 888}, severity: "high", pattern_id: "js-hardcoded-secret-password", pattern_name: "Hardcoded Password", recommendation: "Review this code for potential security issues", confidence: 0.9, pattern_type: :hardcoded_secret}
18:48:57.257 [debug] Match confidence: 0.1848, min_confidence: 0.7, match: %{type: "js-hardcoded-secret-password", context: %{node_type: "VariableDeclarator", depth: 3, parent_type: "VariableDeclaration"}, location: %{depth: 3, end_column: 916, end_line: 1, start_line: 1, start_column: 905}, severity: "high", pattern_id: "js-hardcoded-secret-password", pattern_name: "Hardcoded Password", recommendation: "Review this code for potential security issues", confidence: 0.9, pattern_type: :hardcoded_secret}
18:48:57.257 [debug] Match confidence: 0.1848, min_confidence: 0.7, match: %{type: "js-hardcoded-secret-password", context: %{node_type: "VariableDeclarator", depth: 3, parent_type: "VariableDeclaration"}, location: %{depth: 3, end_column: 933, end_line: 1, start_line: 1, start_column: 922}, severity: "high", pattern_id: "js-hardcoded-secret-password", pattern_name: "Hardcoded Password", recommendation: "Review this code for potential security issues", confidence: 0.9, pattern_type: :hardcoded_secret}
18:48:57.257 [debug] Match confidence: 0.1848, min_confidence: 0.7, match: %{type: "js-hardcoded-secret-password", context: %{node_type: "VariableDeclarator", depth: 3, parent_type: "VariableDeclaration"}, location: %{depth: 3, end_column: 950, end_line: 1, start_line: 1, start_column: 939}, severity: "high", pattern_id: "js-hardcoded-secret-password", pattern_name: "Hardcoded Password", recommendation: "Review this code for potential security issues", confidence: 0.9, pattern_type: :hardcoded_secret}
18:48:57.257 [debug] Match confidence: 0.1848, min_confidence: 0.7, match: %{type: "js-hardcoded-secret-password", context: %{node_type: "VariableDeclarator", depth: 3, parent_type: "VariableDeclaration"}, location: %{depth: 3, end_column: 967, end_line: 1, start_line: 1, start_column: 956}, severity: "high", pattern_id: "js-hardcoded-secret-password", pattern_name: "Hardcoded Password", recommendation: "Review this code for potential security issues", confidence: 0.9, pattern_type: :hardcoded_secret}
18:48:57.258 [debug] Match confidence: 0.1848, min_confidence: 0.7, match: %{type: "js-hardcoded-secret-password", context: %{node_type: "VariableDeclarator", depth: 3, parent_type: "VariableDeclaration"}, location: %{depth: 3, end_column: 984, end_line: 1, start_line: 1, start_column: 973}, severity: "high", pattern_id: "js-hardcoded-secret-password", pattern_name: "Hardcoded Password", recommendation: "Review this code for potential security issues", confidence: 0.9, pattern_type: :hardcoded_secret}
18:48:57.258 [debug] Match confidence: 0.1848, min_confidence: 0.7, match: %{type: "js-hardcoded-secret-password", context: %{node_type: "VariableDeclarator", depth: 3, parent_type: "VariableDeclaration"}, location: %{depth: 3, end_column: 1001, end_line: 1, start_line: 1, start_column: 990}, severity: "high", pattern_id: "js-hardcoded-secret-password", pattern_name: "Hardcoded Password", recommendation: "Review this code for potential security issues", confidence: 0.9, pattern_type: :hardcoded_secret}
18:48:57.258 [debug] Match confidence: 0.1848, min_confidence: 0.7, match: %{type: "js-hardcoded-secret-password", context: %{node_type: "VariableDeclarator", depth: 3, parent_type: "VariableDeclaration"}, location: %{depth: 3, end_column: 1018, end_line: 1, start_line: 1, start_column: 1007}, severity: "high", pattern_id: "js-hardcoded-secret-password", pattern_name: "Hardcoded Password", recommendation: "Review this code for potential security issues", confidence: 0.9, pattern_type: :hardcoded_secret}
18:48:57.258 [debug] Match confidence: 0.1848, min_confidence: 0.7, match: %{type: "js-hardcoded-secret-password", context: %{node_type: "VariableDeclarator", depth: 3, parent_type: "VariableDeclaration"}, location: %{depth: 3, end_column: 1035, end_line: 1, start_line: 1, start_column: 1024}, severity: "high", pattern_id: "js-hardcoded-secret-password", pattern_name: "Hardcoded Password", recommendation: "Review this code for potential security issues", confidence: 0.9, pattern_type: :hardcoded_secret}
18:48:57.258 [debug] Match confidence: 0.1848, min_confidence: 0.7, match: %{type: "js-hardcoded-secret-password", context: %{node_type: "VariableDeclarator", depth: 3, parent_type: "VariableDeclaration"}, location: %{depth: 3, end_column: 1052, end_line: 1, start_line: 1, start_column: 1041}, severity: "high", pattern_id: "js-hardcoded-secret-password", pattern_name: "Hardcoded Password", recommendation: "Review this code for potential security issues", confidence: 0.9, pattern_type: :hardcoded_secret}
18:48:57.258 [debug] Match confidence: 0.1848, min_confidence: 0.7, match: %{type: "js-hardcoded-secret-password", context: %{node_type: "VariableDeclarator", depth: 3, parent_type: "VariableDeclaration"}, location: %{depth: 3, end_column: 1069, end_line: 1, start_line: 1, start_column: 1058}, severity: "high", pattern_id: "js-hardcoded-secret-password", pattern_name: "Hardcoded Password", recommendation: "Review this code for potential security issues", confidence: 0.9, pattern_type: :hardcoded_secret}
18:48:57.258 [debug] Match confidence: 0.1848, min_confidence: 0.7, match: %{type: "js-hardcoded-secret-password", context: %{node_type: "VariableDeclarator", depth: 3, parent_type: "VariableDeclaration"}, location: %{depth: 3, end_column: 1086, end_line: 1, start_line: 1, start_column: 1075}, severity: "high", pattern_id: "js-hardcoded-secret-password", pattern_name: "Hardcoded Password", recommendation: "Review this code for potential security issues", confidence: 0.9, pattern_type: :hardcoded_secret}
18:48:57.258 [debug] Match confidence: 0.1848, min_confidence: 0.7, match: %{type: "js-hardcoded-secret-password", context: %{node_type: "VariableDeclarator", depth: 3, parent_type: "VariableDeclaration"}, location: %{depth: 3, end_column: 1103, end_line: 1, start_line: 1, start_column: 1092}, severity: "high", pattern_id: "js-hardcoded-secret-password", pattern_name: "Hardcoded Password", recommendation: "Review this code for potential security issues", confidence: 0.9, pattern_type: :hardcoded_secret}
18:48:57.258 [debug] Match confidence: 0.1848, min_confidence: 0.7, match: %{type: "js-hardcoded-secret-password", context: %{node_type: "VariableDeclarator", depth: 3, parent_type: "VariableDeclaration"}, location: %{depth: 3, end_column: 1120, end_line: 1, start_line: 1, start_column: 1109}, severity: "high", pattern_id: "js-hardcoded-secret-password", pattern_name: "Hardcoded Password", recommendation: "Review this code for potential security issues", confidence: 0.9, pattern_type: :hardcoded_secret}
18:48:57.258 [debug] Match confidence: 0.1848, min_confidence: 0.7, match: %{type: "js-hardcoded-secret-password", context: %{node_type: "VariableDeclarator", depth: 3, parent_type: "VariableDeclaration"}, location: %{depth: 3, end_column: 1137, end_line: 1, start_line: 1, start_column: 1126}, severity: "high", pattern_id: "js-hardcoded-secret-password", pattern_name: "Hardcoded Password", recommendation: "Review this code for potential security issues", confidence: 0.9, pattern_type: :hardcoded_secret}
18:48:57.258 [debug] Match confidence: 0.1848, min_confidence: 0.7, match: %{type: "js-hardcoded-secret-password", context: %{node_type: "VariableDeclarator", depth: 3, parent_type: "VariableDeclaration"}, location: %{depth: 3, end_column: 1154, end_line: 1, start_line: 1, start_column: 1143}, severity: "high", pattern_id: "js-hardcoded-secret-password", pattern_name: "Hardcoded Password", recommendation: "Review this code for potential security issues", confidence: 0.9, pattern_type: :hardcoded_secret}
18:48:57.258 [debug] Match confidence: 0.1848, min_confidence: 0.7, match: %{type: "js-hardcoded-secret-password", context: %{node_type: "VariableDeclarator", depth: 3, parent_type: "VariableDeclaration"}, location: %{depth: 3, end_column: 1171, end_line: 1, start_line: 1, start_column: 1160}, severity: "high", pattern_id: "js-hardcoded-secret-password", pattern_name: "Hardcoded Password", recommendation: "Review this code for potential security issues", confidence: 0.9, pattern_type: :hardcoded_secret}
18:48:57.258 [debug] Match confidence: 0.1848, min_confidence: 0.7, match: %{type: "js-hardcoded-secret-password", context: %{node_type: "VariableDeclarator", depth: 3, parent_type: "VariableDeclaration"}, location: %{depth: 3, end_column: 1188, end_line: 1, start_line: 1, start_column: 1177}, severity: "high", pattern_id: "js-hardcoded-secret-password", pattern_name: "Hardcoded Password", recommendation: "Review this code for potential security issues", confidence: 0.9, pattern_type: :hardcoded_secret}
18:48:57.258 [debug] Match confidence: 0.1848, min_confidence: 0.7, match: %{type: "js-hardcoded-secret-password", context: %{node_type: "VariableDeclarator", depth: 3, parent_type: "VariableDeclaration"}, location: %{depth: 3, end_column: 1205, end_line: 1, start_line: 1, start_column: 1194}, severity: "high", pattern_id: "js-hardcoded-secret-password", pattern_name: "Hardcoded Password", recommendation: "Review this code for potential security issues", confidence: 0.9, pattern_type: :hardcoded_secret}
18:48:57.258 [debug] Match confidence: 0.1848, min_confidence: 0.7, match: %{type: "js-hardcoded-secret-password", context: %{node_type: "VariableDeclarator", depth: 3, parent_type: "VariableDeclaration"}, location: %{depth: 3, end_column: 1222, end_line: 1, start_line: 1, start_column: 1211}, severity: "high", pattern_id: "js-hardcoded-secret-password", pattern_name: "Hardcoded Password", recommendation: "Review this code for potential security issues", confidence: 0.9, pattern_type: :hardcoded_secret}
18:48:57.258 [debug] Match confidence: 0.1848, min_confidence: 0.7, match: %{type: "js-hardcoded-secret-password", context: %{node_type: "VariableDeclarator", depth: 3, parent_type: "VariableDeclaration"}, location: %{depth: 3, end_column: 1239, end_line: 1, start_line: 1, start_column: 1228}, severity: "high", pattern_id: "js-hardcoded-secret-password", pattern_name: "Hardcoded Password", recommendation: "Review this code for potential security issues", confidence: 0.9, pattern_type: :hardcoded_secret}
18:48:57.258 [debug] Match confidence: 0.1848, min_confidence: 0.7, match: %{type: "js-hardcoded-secret-password", context: %{node_type: "VariableDeclarator", depth: 3, parent_type: "VariableDeclaration"}, location: %{depth: 3, end_column: 1256, end_line: 1, start_line: 1, start_column: 1245}, severity: "high", pattern_id: "js-hardcoded-secret-password", pattern_name: "Hardcoded Password", recommendation: "Review this code for potential security issues", confidence: 0.9, pattern_type: :hardcoded_secret}
18:48:57.258 [debug] Match confidence: 0.1848, min_confidence: 0.7, match: %{type: "js-hardcoded-secret-password", context: %{node_type: "VariableDeclarator", depth: 3, parent_type: "VariableDeclaration"}, location: %{depth: 3, end_column: 1273, end_line: 1, start_line: 1, start_column: 1262}, severity: "high", pattern_id: "js-hardcoded-secret-password", pattern_name: "Hardcoded Password", recommendation: "Review this code for potential security issues", confidence: 0.9, pattern_type: :hardcoded_secret}
18:48:57.258 [debug] Match confidence: 0.1848, min_confidence: 0.7, match: %{type: "js-hardcoded-secret-password", context: %{node_type: "VariableDeclarator", depth: 3, parent_type: "VariableDeclaration"}, location: %{depth: 3, end_column: 1290, end_line: 1, start_line: 1, start_column: 1279}, severity: "high", pattern_id: "js-hardcoded-secret-password", pattern_name: "Hardcoded Password", recommendation: "Review this code for potential security issues", confidence: 0.9, pattern_type: :hardcoded_secret}
18:48:57.258 [debug] Match confidence: 0.1848, min_confidence: 0.7, match: %{type: "js-hardcoded-secret-password", context: %{node_type: "VariableDeclarator", depth: 3, parent_type: "VariableDeclaration"}, location: %{depth: 3, end_column: 1307, end_line: 1, start_line: 1, start_column: 1296}, severity: "high", pattern_id: "js-hardcoded-secret-password", pattern_name: "Hardcoded Password", recommendation: "Review this code for potential security issues", confidence: 0.9, pattern_type: :hardcoded_secret}
18:48:57.258 [debug] Match confidence: 0.1848, min_confidence: 0.7, match: %{type: "js-hardcoded-secret-password", context: %{node_type: "VariableDeclarator", depth: 3, parent_type: "VariableDeclaration"}, location: %{depth: 3, end_column: 1324, end_line: 1, start_line: 1, start_column: 1313}, severity: "high", pattern_id: "js-hardcoded-secret-password", pattern_name: "Hardcoded Password", recommendation: "Review this code for potential security issues", confidence: 0.9, pattern_type: :hardcoded_secret}
18:48:57.258 [debug] Match confidence: 0.1848, min_confidence: 0.7, match: %{type: "js-hardcoded-secret-password", context: %{node_type: "VariableDeclarator", depth: 3, parent_type: "VariableDeclaration"}, location: %{depth: 3, end_column: 1341, end_line: 1, start_line: 1, start_column: 1330}, severity: "high", pattern_id: "js-hardcoded-secret-password", pattern_name: "Hardcoded Password", recommendation: "Review this code for potential security issues", confidence: 0.9, pattern_type: :hardcoded_secret}
18:48:57.258 [debug] Match confidence: 0.1848, min_confidence: 0.7, match: %{type: "js-hardcoded-secret-password", context: %{node_type: "VariableDeclarator", depth: 3, parent_type: "VariableDeclaration"}, location: %{depth: 3, end_column: 1358, end_line: 1, start_line: 1, start_column: 1347}, severity: "high", pattern_id: "js-hardcoded-secret-password", pattern_name: "Hardcoded Password", recommendation: "Review this code for potential security issues", confidence: 0.9, pattern_type: :hardcoded_secret}
18:48:57.258 [debug] Match confidence: 0.1848, min_confidence: 0.7, match: %{type: "js-hardcoded-secret-password", context: %{node_type: "VariableDeclarator", depth: 3, parent_type: "VariableDeclaration"}, location: %{depth: 3, end_column: 1375, end_line: 1, start_line: 1, start_column: 1364}, severity: "high", pattern_id: "js-hardcoded-secret-password", pattern_name: "Hardcoded Password", recommendation: "Review this code for potential security issues", confidence: 0.9, pattern_type: :hardcoded_secret}
18:48:57.258 [debug] Match confidence: 0.1848, min_confidence: 0.7, match: %{type: "js-hardcoded-secret-password", context: %{node_type: "VariableDeclarator", depth: 3, parent_type: "VariableDeclaration"}, location: %{depth: 3, end_column: 1392, end_line: 1, start_line: 1, start_column: 1381}, severity: "high", pattern_id: "js-hardcoded-secret-password", pattern_name: "Hardcoded Password", recommendation: "Review this code for potential security issues", confidence: 0.9, pattern_type: :hardcoded_secret}
18:48:57.258 [debug] Match confidence: 0.1848, min_confidence: 0.7, match: %{type: "js-hardcoded-secret-password", context: %{node_type: "VariableDeclarator", depth: 3, parent_type: "VariableDeclaration"}, location: %{depth: 3, end_column: 1409, end_line: 1, start_line: 1, start_column: 1398}, severity: "high", pattern_id: "js-hardcoded-secret-password", pattern_name: "Hardcoded Password", recommendation: "Review this code for potential security issues", confidence: 0.9, pattern_type: :hardcoded_secret}
18:48:57.258 [debug] Match confidence: 0.1848, min_confidence: 0.7, match: %{type: "js-hardcoded-secret-password", context: %{node_type: "VariableDeclarator", depth: 3, parent_type: "VariableDeclaration"}, location: %{depth: 3, end_column: 1426, end_line: 1, start_line: 1, start_column: 1415}, severity: "high", pattern_id: "js-hardcoded-secret-password", pattern_name: "Hardcoded Password", recommendation: "Review this code for potential security issues", confidence: 0.9, pattern_type: :hardcoded_secret}
18:48:57.258 [debug] Match confidence: 0.1848, min_confidence: 0.7, match: %{type: "js-hardcoded-secret-password", context: %{node_type: "VariableDeclarator", depth: 3, parent_type: "VariableDeclaration"}, location: %{depth: 3, end_column: 1443, end_line: 1, start_line: 1, start_column: 1432}, severity: "high", pattern_id: "js-hardcoded-secret-password", pattern_name: "Hardcoded Password", recommendation: "Review this code for potential security issues", confidence: 0.9, pattern_type: :hardcoded_secret}
18:48:57.258 [debug] Match confidence: 0.1848, min_confidence: 0.7, match: %{type: "js-hardcoded-secret-password", context: %{node_type: "VariableDeclarator", depth: 3, parent_type: "VariableDeclaration"}, location: %{depth: 3, end_column: 1460, end_line: 1, start_line: 1, start_column: 1449}, severity: "high", pattern_id: "js-hardcoded-secret-password", pattern_name: "Hardcoded Password", recommendation: "Review this code for potential security issues", confidence: 0.9, pattern_type: :hardcoded_secret}
18:48:57.258 [debug] Match confidence: 0.1848, min_confidence: 0.7, match: %{type: "js-hardcoded-secret-password", context: %{node_type: "VariableDeclarator", depth: 3, parent_type: "VariableDeclaration"}, location: %{depth: 3, end_column: 1477, end_line: 1, start_line: 1, start_column: 1466}, severity: "high", pattern_id: "js-hardcoded-secret-password", pattern_name: "Hardcoded Password", recommendation: "Review this code for potential security issues", confidence: 0.9, pattern_type: :hardcoded_secret}
18:48:57.258 [debug] Match confidence: 0.1848, min_confidence: 0.7, match: %{type: "js-hardcoded-secret-password", context: %{node_type: "VariableDeclarator", depth: 3, parent_type: "VariableDeclaration"}, location: %{depth: 3, end_column: 1494, end_line: 1, start_line: 1, start_column: 1483}, severity: "high", pattern_id: "js-hardcoded-secret-password", pattern_name: "Hardcoded Password", recommendation: "Review this code for potential security issues", confidence: 0.9, pattern_type: :hardcoded_secret}
18:48:57.258 [debug] Match confidence: 0.1848, min_confidence: 0.7, match: %{type: "js-hardcoded-secret-password", context: %{node_type: "VariableDeclarator", depth: 3, parent_type: "VariableDeclaration"}, location: %{depth: 3, end_column: 1511, end_line: 1, start_line: 1, start_column: 1500}, severity: "high", pattern_id: "js-hardcoded-secret-password", pattern_name: "Hardcoded Password", recommendation: "Review this code for potential security issues", confidence: 0.9, pattern_type: :hardcoded_secret}
18:48:57.259 [debug] Match confidence: 0.1848, min_confidence: 0.7, match: %{type: "js-hardcoded-secret-password", context: %{node_type: "VariableDeclarator", depth: 3, parent_type: "VariableDeclaration"}, location: %{depth: 3, end_column: 1528, end_line: 1, start_line: 1, start_column: 1517}, severity: "high", pattern_id: "js-hardcoded-secret-password", pattern_name: "Hardcoded Password", recommendation: "Review this code for potential security issues", confidence: 0.9, pattern_type: :hardcoded_secret}
18:48:57.259 [debug] Match confidence: 0.1848, min_confidence: 0.7, match: %{type: "js-hardcoded-secret-password", context: %{node_type: "VariableDeclarator", depth: 3, parent_type: "VariableDeclaration"}, location: %{depth: 3, end_column: 1545, end_line: 1, start_line: 1, start_column: 1534}, severity: "high", pattern_id: "js-hardcoded-secret-password", pattern_name: "Hardcoded Password", recommendation: "Review this code for potential security issues", confidence: 0.9, pattern_type: :hardcoded_secret}
18:48:57.259 [debug] Match confidence: 0.1848, min_confidence: 0.7, match: %{type: "js-hardcoded-secret-password", context: %{node_type: "VariableDeclarator", depth: 3, parent_type: "VariableDeclaration"}, location: %{depth: 3, end_column: 1562, end_line: 1, start_line: 1, start_column: 1551}, severity: "high", pattern_id: "js-hardcoded-secret-password", pattern_name: "Hardcoded Password", recommendation: "Review this code for potential security issues", confidence: 0.9, pattern_type: :hardcoded_secret}
18:48:57.259 [debug] Match confidence: 0.1848, min_confidence: 0.7, match: %{type: "js-hardcoded-secret-password", context: %{node_type: "VariableDeclarator", depth: 3, parent_type: "VariableDeclaration"}, location: %{depth: 3, end_column: 1579, end_line: 1, start_line: 1, start_column: 1568}, severity: "high", pattern_id: "js-hardcoded-secret-password", pattern_name: "Hardcoded Password", recommendation: "Review this code for potential security issues", confidence: 0.9, pattern_type: :hardcoded_secret}
18:48:57.259 [debug] Match confidence: 0.1848, min_confidence: 0.7, match: %{type: "js-hardcoded-secret-password", context: %{node_type: "VariableDeclarator", depth: 3, parent_type: "VariableDeclaration"}, location: %{depth: 3, end_column: 1596, end_line: 1, start_line: 1, start_column: 1585}, severity: "high", pattern_id: "js-hardcoded-secret-password", pattern_name: "Hardcoded Password", recommendation: "Review this code for potential security issues", confidence: 0.9, pattern_type: :hardcoded_secret}
18:48:57.259 [debug] Match confidence: 0.1848, min_confidence: 0.7, match: %{type: "js-hardcoded-secret-password", context: %{node_type: "VariableDeclarator", depth: 3, parent_type: "VariableDeclaration"}, location: %{depth: 3, end_column: 1613, end_line: 1, start_line: 1, start_column: 1602}, severity: "high", pattern_id: "js-hardcoded-secret-password", pattern_name: "Hardcoded Password", recommendation: "Review this code for potential security issues", confidence: 0.9, pattern_type: :hardcoded_secret}
18:48:57.259 [debug] Match confidence: 0.1848, min_confidence: 0.7, match: %{type: "js-hardcoded-secret-password", context: %{node_type: "VariableDeclarator", depth: 3, parent_type: "VariableDeclaration"}, location: %{depth: 3, end_column: 1630, end_line: 1, start_line: 1, start_column: 1619}, severity: "high", pattern_id: "js-hardcoded-secret-password", pattern_name: "Hardcoded Password", recommendation: "Review this code for potential security issues", confidence: 0.9, pattern_type: :hardcoded_secret}
18:48:57.259 [debug] Match confidence: 0.1848, min_confidence: 0.7, match: %{type: "js-hardcoded-secret-password", context: %{node_type: "VariableDeclarator", depth: 3, parent_type: "VariableDeclaration"}, location: %{depth: 3, end_column: 1647, end_line: 1, start_line: 1, start_column: 1636}, severity: "high", pattern_id: "js-hardcoded-secret-password", pattern_name: "Hardcoded Password", recommendation: "Review this code for potential security issues", confidence: 0.9, pattern_type: :hardcoded_secret}
18:48:57.259 [debug] Match confidence: 0.1848, min_confidence: 0.7, match: %{type: "js-hardcoded-secret-password", context: %{node_type: "VariableDeclarator", depth: 3, parent_type: "VariableDeclaration"}, location: %{depth: 3, end_column: 1664, end_line: 1, start_line: 1, start_column: 1653}, severity: "high", pattern_id: "js-hardcoded-secret-password", pattern_name: "Hardcoded Password", recommendation: "Review this code for potential security issues", confidence: 0.9, pattern_type: :hardcoded_secret}
18:48:57.259 [debug] Match confidence: 0.1848, min_confidence: 0.7, match: %{type: "js-hardcoded-secret-password", context: %{node_type: "VariableDeclarator", depth: 3, parent_type: "VariableDeclaration"}, location: %{depth: 3, end_column: 1681, end_line: 1, start_line: 1, start_column: 1670}, severity: "high", pattern_id: "js-hardcoded-secret-password", pattern_name: "Hardcoded Password", recommendation: "Review this code for potential security issues", confidence: 0.9, pattern_type: :hardcoded_secret}
18:48:57.259 [debug] Match confidence: 0.1848, min_confidence: 0.7, match: %{type: "js-hardcoded-secret-password", context: %{node_type: "VariableDeclarator", depth: 3, parent_type: "VariableDeclaration"}, location: %{depth: 3, end_column: 1698, end_line: 1, start_line: 1, start_column: 1687}, severity: "high", pattern_id: "js-hardcoded-secret-password", pattern_name: "Hardcoded Password", recommendation: "Review this code for potential security issues", confidence: 0.9, pattern_type: :hardcoded_secret}
18:48:57.259 [debug] Match confidence: 0.1848, min_confidence: 0.7, match: %{type: "js-hardcoded-secret-api-key", context: %{node_type: "VariableDeclarator", depth: 3, parent_type: "VariableDeclaration"}, location: %{depth: 3, end_column: 15, end_line: 1, start_line: 1, start_column: 4}, severity: "high", pattern_id: "js-hardcoded-secret-api-key", pattern_name: "Hardcoded API Key", recommendation: "Review this code for potential security issues", confidence: 0.9, pattern_type: :hardcoded_secret}
18:48:57.259 [debug] Match confidence: 0.1848, min_confidence: 0.7, match: %{type: "js-hardcoded-secret-api-key", context: %{node_type: "VariableDeclarator", depth: 3, parent_type: "VariableDeclaration"}, location: %{depth: 3, end_column: 32, end_line: 1, start_line: 1, start_column: 21}, severity: "high", pattern_id: "js-hardcoded-secret-api-key", pattern_name: "Hardcoded API Key", recommendation: "Review this code for potential security issues", confidence: 0.9, pattern_type: :hardcoded_secret}
18:48:57.259 [debug] Match confidence: 0.1848, min_confidence: 0.7, match: %{type: "js-hardcoded-secret-api-key", context: %{node_type: "VariableDeclarator", depth: 3, parent_type: "VariableDeclaration"}, location: %{depth: 3, end_column: 49, end_line: 1, start_line: 1, start_column: 38}, severity: "high", pattern_id: "js-hardcoded-secret-api-key", pattern_name: "Hardcoded API Key", recommendation: "Review this code for potential security issues", confidence: 0.9, pattern_type: :hardcoded_secret}
18:48:57.259 [debug] Match confidence: 0.1848, min_confidence: 0.7, match: %{type: "js-hardcoded-secret-api-key", context: %{node_type: "VariableDeclarator", depth: 3, parent_type: "VariableDeclaration"}, location: %{depth: 3, end_column: 66, end_line: 1, start_line: 1, start_column: 55}, severity: "high", pattern_id: "js-hardcoded-secret-api-key", pattern_name: "Hardcoded API Key", recommendation: "Review this code for potential security issues", confidence: 0.9, pattern_type: :hardcoded_secret}
18:48:57.259 [debug] Match confidence: 0.1848, min_confidence: 0.7, match: %{type: "js-hardcoded-secret-api-key", context: %{node_type: "VariableDeclarator", depth: 3, parent_type: "VariableDeclaration"}, location: %{depth: 3, end_column: 83, end_line: 1, start_line: 1, start_column: 72}, severity: "high", pattern_id: "js-hardcoded-secret-api-key", pattern_name: "Hardcoded API Key", recommendation: "Review this code for potential security issues", confidence: 0.9, pattern_type: :hardcoded_secret}
18:48:57.259 [debug] Match confidence: 0.1848, min_confidence: 0.7, match: %{type: "js-hardcoded-secret-api-key", context: %{node_type: "VariableDeclarator", depth: 3, parent_type: "VariableDeclaration"}, location: %{depth: 3, end_column: 100, end_line: 1, start_line: 1, start_column: 89}, severity: "high", pattern_id: "js-hardcoded-secret-api-key", pattern_name: "Hardcoded API Key", recommendation: "Review this code for potential security issues", confidence: 0.9, pattern_type: :hardcoded_secret}
18:48:57.259 [debug] Match confidence: 0.1848, min_confidence: 0.7, match: %{type: "js-hardcoded-secret-api-key", context: %{node_type: "VariableDeclarator", depth: 3, parent_type: "VariableDeclaration"}, location: %{depth: 3, end_column: 117, end_line: 1, start_line: 1, start_column: 106}, severity: "high", pattern_id: "js-hardcoded-secret-api-key", pattern_name: "Hardcoded API Key", recommendation: "Review this code for potential security issues", confidence: 0.9, pattern_type: :hardcoded_secret}
18:48:57.259 [debug] Match confidence: 0.1848, min_confidence: 0.7, match: %{type: "js-hardcoded-secret-api-key", context: %{node_type: "VariableDeclarator", depth: 3, parent_type: "VariableDeclaration"}, location: %{depth: 3, end_column: 134, end_line: 1, start_line: 1, start_column: 123}, severity: "high", pattern_id: "js-hardcoded-secret-api-key", pattern_name: "Hardcoded API Key", recommendation: "Review this code for potential security issues", confidence: 0.9, pattern_type: :hardcoded_secret}
18:48:57.259 [debug] Match confidence: 0.1848, min_confidence: 0.7, match: %{type: "js-hardcoded-secret-api-key", context: %{node_type: "VariableDeclarator", depth: 3, parent_type: "VariableDeclaration"}, location: %{depth: 3, end_column: 151, end_line: 1, start_line: 1, start_column: 140}, severity: "high", pattern_id: "js-hardcoded-secret-api-key", pattern_name: "Hardcoded API Key", recommendation: "Review this code for potential security issues", confidence: 0.9, pattern_type: :hardcoded_secret}
18:48:57.259 [debug] Match confidence: 0.1848, min_confidence: 0.7, match: %{type: "js-hardcoded-secret-api-key", context: %{node_type: "VariableDeclarator", depth: 3, parent_type: "VariableDeclaration"}, location: %{depth: 3, end_column: 168, end_line: 1, start_line: 1, start_column: 157}, severity: "high", pattern_id: "js-hardcoded-secret-api-key", pattern_name: "Hardcoded API Key", recommendation: "Review this code for potential security issues", confidence: 0.9, pattern_type: :hardcoded_secret}
18:48:57.259 [debug] Match confidence: 0.1848, min_confidence: 0.7, match: %{type: "js-hardcoded-secret-api-key", context: %{node_type: "VariableDeclarator", depth: 3, parent_type: "VariableDeclaration"}, location: %{depth: 3, end_column: 185, end_line: 1, start_line: 1, start_column: 174}, severity: "high", pattern_id: "js-hardcoded-secret-api-key", pattern_name: "Hardcoded API Key", recommendation: "Review this code for potential security issues", confidence: 0.9, pattern_type: :hardcoded_secret}
18:48:57.259 [debug] Match confidence: 0.1848, min_confidence: 0.7, match: %{type: "js-hardcoded-secret-api-key", context: %{node_type: "VariableDeclarator", depth: 3, parent_type: "VariableDeclaration"}, location: %{depth: 3, end_column: 202, end_line: 1, start_line: 1, start_column: 191}, severity: "high", pattern_id: "js-hardcoded-secret-api-key", pattern_name: "Hardcoded API Key", recommendation: "Review this code for potential security issues", confidence: 0.9, pattern_type: :hardcoded_secret}
18:48:57.259 [debug] Match confidence: 0.1848, min_confidence: 0.7, match: %{type: "js-hardcoded-secret-api-key", context: %{node_type: "VariableDeclarator", depth: 3, parent_type: "VariableDeclaration"}, location: %{depth: 3, end_column: 219, end_line: 1, start_line: 1, start_column: 208}, severity: "high", pattern_id: "js-hardcoded-secret-api-key", pattern_name: "Hardcoded API Key", recommendation: "Review this code for potential security issues", confidence: 0.9, pattern_type: :hardcoded_secret}
18:48:57.259 [debug] Match confidence: 0.1848, min_confidence: 0.7, match: %{type: "js-hardcoded-secret-api-key", context: %{node_type: "VariableDeclarator", depth: 3, parent_type: "VariableDeclaration"}, location: %{depth: 3, end_column: 236, end_line: 1, start_line: 1, start_column: 225}, severity: "high", pattern_id: "js-hardcoded-secret-api-key", pattern_name: "Hardcoded API Key", recommendation: "Review this code for potential security issues", confidence: 0.9, pattern_type: :hardcoded_secret}
18:48:57.259 [debug] Match confidence: 0.1848, min_confidence: 0.7, match: %{type: "js-hardcoded-secret-api-key", context: %{node_type: "VariableDeclarator", depth: 3, parent_type: "VariableDeclaration"}, location: %{depth: 3, end_column: 253, end_line: 1, start_line: 1, start_column: 242}, severity: "high", pattern_id: "js-hardcoded-secret-api-key", pattern_name: "Hardcoded API Key", recommendation: "Review this code for potential security issues", confidence: 0.9, pattern_type: :hardcoded_secret}
18:48:57.259 [debug] Match confidence: 0.1848, min_confidence: 0.7, match: %{type: "js-hardcoded-secret-api-key", context: %{node_type: "VariableDeclarator", depth: 3, parent_type: "VariableDeclaration"}, location: %{depth: 3, end_column: 270, end_line: 1, start_line: 1, start_column: 259}, severity: "high", pattern_id: "js-hardcoded-secret-api-key", pattern_name: "Hardcoded API Key", recommendation: "Review this code for potential security issues", confidence: 0.9, pattern_type: :hardcoded_secret}
18:48:57.259 [debug] Match confidence: 0.1848, min_confidence: 0.7, match: %{type: "js-hardcoded-secret-api-key", context: %{node_type: "VariableDeclarator", depth: 3, parent_type: "VariableDeclaration"}, location: %{depth: 3, end_column: 287, end_line: 1, start_line: 1, start_column: 276}, severity: "high", pattern_id: "js-hardcoded-secret-api-key", pattern_name: "Hardcoded API Key", recommendation: "Review this code for potential security issues", confidence: 0.9, pattern_type: :hardcoded_secret}
18:48:57.259 [debug] Match confidence: 0.1848, min_confidence: 0.7, match: %{type: "js-hardcoded-secret-api-key", context: %{node_type: "VariableDeclarator", depth: 3, parent_type: "VariableDeclaration"}, location: %{depth: 3, end_column: 304, end_line: 1, start_line: 1, start_column: 293}, severity: "high", pattern_id: "js-hardcoded-secret-api-key", pattern_name: "Hardcoded API Key", recommendation: "Review this code for potential security issues", confidence: 0.9, pattern_type: :hardcoded_secret}
18:48:57.259 [debug] Match confidence: 0.1848, min_confidence: 0.7, match: %{type: "js-hardcoded-secret-api-key", context: %{node_type: "VariableDeclarator", depth: 3, parent_type: "VariableDeclaration"}, location: %{depth: 3, end_column: 321, end_line: 1, start_line: 1, start_column: 310}, severity: "high", pattern_id: "js-hardcoded-secret-api-key", pattern_name: "Hardcoded API Key", recommendation: "Review this code for potential security issues", confidence: 0.9, pattern_type: :hardcoded_secret}
18:48:57.259 [debug] Match confidence: 0.1848, min_confidence: 0.7, match: %{type: "js-hardcoded-secret-api-key", context: %{node_type: "VariableDeclarator", depth: 3, parent_type: "VariableDeclaration"}, location: %{depth: 3, end_column: 338, end_line: 1, start_line: 1, start_column: 327}, severity: "high", pattern_id: "js-hardcoded-secret-api-key", pattern_name: "Hardcoded API Key", recommendation: "Review this code for potential security issues", confidence: 0.9, pattern_type: :hardcoded_secret}
18:48:57.259 [debug] Match confidence: 0.1848, min_confidence: 0.7, match: %{type: "js-hardcoded-secret-api-key", context: %{node_type: "VariableDeclarator", depth: 3, parent_type: "VariableDeclaration"}, location: %{depth: 3, end_column: 355, end_line: 1, start_line: 1, start_column: 344}, severity: "high", pattern_id: "js-hardcoded-secret-api-key", pattern_name: "Hardcoded API Key", recommendation: "Review this code for potential security issues", confidence: 0.9, pattern_type: :hardcoded_secret}
18:48:57.260 [debug] Match confidence: 0.1848, min_confidence: 0.7, match: %{type: "js-hardcoded-secret-api-key", context: %{node_type: "VariableDeclarator", depth: 3, parent_type: "VariableDeclaration"}, location: %{depth: 3, end_column: 372, end_line: 1, start_line: 1, start_column: 361}, severity: "high", pattern_id: "js-hardcoded-secret-api-key", pattern_name: "Hardcoded API Key", recommendation: "Review this code for potential security issues", confidence: 0.9, pattern_type: :hardcoded_secret}
18:48:57.260 [debug] Match confidence: 0.1848, min_confidence: 0.7, match: %{type: "js-hardcoded-secret-api-key", context: %{node_type: "VariableDeclarator", depth: 3, parent_type: "VariableDeclaration"}, location: %{depth: 3, end_column: 389, end_line: 1, start_line: 1, start_column: 378}, severity: "high", pattern_id: "js-hardcoded-secret-api-key", pattern_name: "Hardcoded API Key", recommendation: "Review this code for potential security issues", confidence: 0.9, pattern_type: :hardcoded_secret}
18:48:57.260 [debug] Match confidence: 0.1848, min_confidence: 0.7, match: %{type: "js-hardcoded-secret-api-key", context: %{node_type: "VariableDeclarator", depth: 3, parent_type: "VariableDeclaration"}, location: %{depth: 3, end_column: 406, end_line: 1, start_line: 1, start_column: 395}, severity: "high", pattern_id: "js-hardcoded-secret-api-key", pattern_name: "Hardcoded API Key", recommendation: "Review this code for potential security issues", confidence: 0.9, pattern_type: :hardcoded_secret}
18:48:57.260 [debug] Match confidence: 0.1848, min_confidence: 0.7, match: %{type: "js-hardcoded-secret-api-key", context: %{node_type: "VariableDeclarator", depth: 3, parent_type: "VariableDeclaration"}, location: %{depth: 3, end_column: 423, end_line: 1, start_line: 1, start_column: 412}, severity: "high", pattern_id: "js-hardcoded-secret-api-key", pattern_name: "Hardcoded API Key", recommendation: "Review this code for potential security issues", confidence: 0.9, pattern_type: :hardcoded_secret}
18:48:57.260 [debug] Match confidence: 0.1848, min_confidence: 0.7, match: %{type: "js-hardcoded-secret-api-key", context: %{node_type: "VariableDeclarator", depth: 3, parent_type: "VariableDeclaration"}, location: %{depth: 3, end_column: 440, end_line: 1, start_line: 1, start_column: 429}, severity: "high", pattern_id: "js-hardcoded-secret-api-key", pattern_name: "Hardcoded API Key", recommendation: "Review this code for potential security issues", confidence: 0.9, pattern_type: :hardcoded_secret}
18:48:57.260 [debug] Match confidence: 0.1848, min_confidence: 0.7, match: %{type: "js-hardcoded-secret-api-key", context: %{node_type: "VariableDeclarator", depth: 3, parent_type: "VariableDeclaration"}, location: %{depth: 3, end_column: 457, end_line: 1, start_line: 1, start_column: 446}, severity: "high", pattern_id: "js-hardcoded-secret-api-key", pattern_name: "Hardcoded API Key", recommendation: "Review this code for potential security issues", confidence: 0.9, pattern_type: :hardcoded_secret}
18:48:57.260 [debug] Match confidence: 0.1848, min_confidence: 0.7, match: %{type: "js-hardcoded-secret-api-key", context: %{node_type: "VariableDeclarator", depth: 3, parent_type: "VariableDeclaration"}, location: %{depth: 3, end_column: 474, end_line: 1, start_line: 1, start_column: 463}, severity: "high", pattern_id: "js-hardcoded-secret-api-key", pattern_name: "Hardcoded API Key", recommendation: "Review this code for potential security issues", confidence: 0.9, pattern_type: :hardcoded_secret}
18:48:57.260 [debug] Match confidence: 0.1848, min_confidence: 0.7, match: %{type: "js-hardcoded-secret-api-key", context: %{node_type: "VariableDeclarator", depth: 3, parent_type: "VariableDeclaration"}, location: %{depth: 3, end_column: 491, end_line: 1, start_line: 1, start_column: 480}, severity: "high", pattern_id: "js-hardcoded-secret-api-key", pattern_name: "Hardcoded API Key", recommendation: "Review this code for potential security issues", confidence: 0.9, pattern_type: :hardcoded_secret}
18:48:57.260 [debug] Match confidence: 0.1848, min_confidence: 0.7, match: %{type: "js-hardcoded-secret-api-key", context: %{node_type: "VariableDeclarator", depth: 3, parent_type: "VariableDeclaration"}, location: %{depth: 3, end_column: 508, end_line: 1, start_line: 1, start_column: 497}, severity: "high", pattern_id: "js-hardcoded-secret-api-key", pattern_name: "Hardcoded API Key", recommendation: "Review this code for potential security issues", confidence: 0.9, pattern_type: :hardcoded_secret}
18:48:57.260 [debug] Match confidence: 0.1848, min_confidence: 0.7, match: %{type: "js-hardcoded-secret-api-key", context: %{node_type: "VariableDeclarator", depth: 3, parent_type: "VariableDeclaration"}, location: %{depth: 3, end_column: 525, end_line: 1, start_line: 1, start_column: 514}, severity: "high", pattern_id: "js-hardcoded-secret-api-key", pattern_name: "Hardcoded API Key", recommendation: "Review this code for potential security issues", confidence: 0.9, pattern_type: :hardcoded_secret}
18:48:57.262 [debug] Match confidence: 0.1848, min_confidence: 0.7, match: %{type: "js-hardcoded-secret-api-key", context: %{node_type: "VariableDeclarator", depth: 3, parent_type: "VariableDeclaration"}, location: %{depth: 3, end_column: 542, end_line: 1, start_line: 1, start_column: 531}, severity: "high", pattern_id: "js-hardcoded-secret-api-key", pattern_name: "Hardcoded API Key", recommendation: "Review this code for potential security issues", confidence: 0.9, pattern_type: :hardcoded_secret}
18:48:57.262 [debug] Match confidence: 0.1848, min_confidence: 0.7, match: %{type: "js-hardcoded-secret-api-key", context: %{node_type: "VariableDeclarator", depth: 3, parent_type: "VariableDeclaration"}, location: %{depth: 3, end_column: 559, end_line: 1, start_line: 1, start_column: 548}, severity: "high", pattern_id: "js-hardcoded-secret-api-key", pattern_name: "Hardcoded API Key", recommendation: "Review this code for potential security issues", confidence: 0.9, pattern_type: :hardcoded_secret}
18:48:57.263 [debug] Match confidence: 0.1848, min_confidence: 0.7, match: %{type: "js-hardcoded-secret-api-key", context: %{node_type: "VariableDeclarator", depth: 3, parent_type: "VariableDeclaration"}, location: %{depth: 3, end_column: 576, end_line: 1, start_line: 1, start_column: 565}, severity: "high", pattern_id: "js-hardcoded-secret-api-key", pattern_name: "Hardcoded API Key", recommendation: "Review this code for potential security issues", confidence: 0.9, pattern_type: :hardcoded_secret}
18:48:57.263 [debug] Match confidence: 0.1848, min_confidence: 0.7, match: %{type: "js-hardcoded-secret-api-key", context: %{node_type: "VariableDeclarator", depth: 3, parent_type: "VariableDeclaration"}, location: %{depth: 3, end_column: 593, end_line: 1, start_line: 1, start_column: 582}, severity: "high", pattern_id: "js-hardcoded-secret-api-key", pattern_name: "Hardcoded API Key", recommendation: "Review this code for potential security issues", confidence: 0.9, pattern_type: :hardcoded_secret}
18:48:57.263 [debug] Match confidence: 0.1848, min_confidence: 0.7, match: %{type: "js-hardcoded-secret-api-key", context: %{node_type: "VariableDeclarator", depth: 3, parent_type: "VariableDeclaration"}, location: %{depth: 3, end_column: 610, end_line: 1, start_line: 1, start_column: 599}, severity: "high", pattern_id: "js-hardcoded-secret-api-key", pattern_name: "Hardcoded API Key", recommendation: "Review this code for potential security issues", confidence: 0.9, pattern_type: :hardcoded_secret}
18:48:57.263 [debug] Match confidence: 0.1848, min_confidence: 0.7, match: %{type: "js-hardcoded-secret-api-key", context: %{node_type: "VariableDeclarator", depth: 3, parent_type: "VariableDeclaration"}, location: %{depth: 3, end_column: 627, end_line: 1, start_line: 1, start_column: 616}, severity: "high", pattern_id: "js-hardcoded-secret-api-key", pattern_name: "Hardcoded API Key", recommendation: "Review this code for potential security issues", confidence: 0.9, pattern_type: :hardcoded_secret}
18:48:57.263 [debug] Match confidence: 0.1848, min_confidence: 0.7, match: %{type: "js-hardcoded-secret-api-key", context: %{node_type: "VariableDeclarator", depth: 3, parent_type: "VariableDeclaration"}, location: %{depth: 3, end_column: 644, end_line: 1, start_line: 1, start_column: 633}, severity: "high", pattern_id: "js-hardcoded-secret-api-key", pattern_name: "Hardcoded API Key", recommendation: "Review this code for potential security issues", confidence: 0.9, pattern_type: :hardcoded_secret}
18:48:57.263 [debug] Match confidence: 0.1848, min_confidence: 0.7, match: %{type: "js-hardcoded-secret-api-key", context: %{node_type: "VariableDeclarator", depth: 3, parent_type: "VariableDeclaration"}, location: %{depth: 3, end_column: 661, end_line: 1, start_line: 1, start_column: 650}, severity: "high", pattern_id: "js-hardcoded-secret-api-key", pattern_name: "Hardcoded API Key", recommendation: "Review this code for potential security issues", confidence: 0.9, pattern_type: :hardcoded_secret}
18:48:57.263 [debug] Match confidence: 0.1848, min_confidence: 0.7, match: %{type: "js-hardcoded-secret-api-key", context: %{node_type: "VariableDeclarator", depth: 3, parent_type: "VariableDeclaration"}, location: %{depth: 3, end_column: 678, end_line: 1, start_line: 1, start_column: 667}, severity: "high", pattern_id: "js-hardcoded-secret-api-key", pattern_name: "Hardcoded API Key", recommendation: "Review this code for potential security issues", confidence: 0.9, pattern_type: :hardcoded_secret}
18:48:57.263 [debug] Match confidence: 0.1848, min_confidence: 0.7, match: %{type: "js-hardcoded-secret-api-key", context: %{node_type: "VariableDeclarator", depth: 3, parent_type: "VariableDeclaration"}, location: %{depth: 3, end_column: 695, end_line: 1, start_line: 1, start_column: 684}, severity: "high", pattern_id: "js-hardcoded-secret-api-key", pattern_name: "Hardcoded API Key", recommendation: "Review this code for potential security issues", confidence: 0.9, pattern_type: :hardcoded_secret}
18:48:57.263 [debug] Match confidence: 0.1848, min_confidence: 0.7, match: %{type: "js-hardcoded-secret-api-key", context: %{node_type: "VariableDeclarator", depth: 3, parent_type: "VariableDeclaration"}, location: %{depth: 3, end_column: 712, end_line: 1, start_line: 1, start_column: 701}, severity: "high", pattern_id: "js-hardcoded-secret-api-key", pattern_name: "Hardcoded API Key", recommendation: "Review this code for potential security issues", confidence: 0.9, pattern_type: :hardcoded_secret}
18:48:57.263 [debug] Match confidence: 0.1848, min_confidence: 0.7, match: %{type: "js-hardcoded-secret-api-key", context: %{node_type: "VariableDeclarator", depth: 3, parent_type: "VariableDeclaration"}, location: %{depth: 3, end_column: 729, end_line: 1, start_line: 1, start_column: 718}, severity: "high", pattern_id: "js-hardcoded-secret-api-key", pattern_name: "Hardcoded API Key", recommendation: "Review this code for potential security issues", confidence: 0.9, pattern_type: :hardcoded_secret}
18:48:57.263 [debug] Match confidence: 0.1848, min_confidence: 0.7, match: %{type: "js-hardcoded-secret-api-key", context: %{node_type: "VariableDeclarator", depth: 3, parent_type: "VariableDeclaration"}, location: %{depth: 3, end_column: 746, end_line: 1, start_line: 1, start_column: 735}, severity: "high", pattern_id: "js-hardcoded-secret-api-key", pattern_name: "Hardcoded API Key", recommendation: "Review this code for potential security issues", confidence: 0.9, pattern_type: :hardcoded_secret}
18:48:57.263 [debug] Match confidence: 0.1848, min_confidence: 0.7, match: %{type: "js-hardcoded-secret-api-key", context: %{node_type: "VariableDeclarator", depth: 3, parent_type: "VariableDeclaration"}, location: %{depth: 3, end_column: 763, end_line: 1, start_line: 1, start_column: 752}, severity: "high", pattern_id: "js-hardcoded-secret-api-key", pattern_name: "Hardcoded API Key", recommendation: "Review this code for potential security issues", confidence: 0.9, pattern_type: :hardcoded_secret}
18:48:57.263 [debug] Match confidence: 0.1848, min_confidence: 0.7, match: %{type: "js-hardcoded-secret-api-key", context: %{node_type: "VariableDeclarator", depth: 3, parent_type: "VariableDeclaration"}, location: %{depth: 3, end_column: 780, end_line: 1, start_line: 1, start_column: 769}, severity: "high", pattern_id: "js-hardcoded-secret-api-key", pattern_name: "Hardcoded API Key", recommendation: "Review this code for potential security issues", confidence: 0.9, pattern_type: :hardcoded_secret}
18:48:57.263 [debug] Match confidence: 0.1848, min_confidence: 0.7, match: %{type: "js-hardcoded-secret-api-key", context: %{node_type: "VariableDeclarator", depth: 3, parent_type: "VariableDeclaration"}, location: %{depth: 3, end_column: 797, end_line: 1, start_line: 1, start_column: 786}, severity: "high", pattern_id: "js-hardcoded-secret-api-key", pattern_name: "Hardcoded API Key", recommendation: "Review this code for potential security issues", confidence: 0.9, pattern_type: :hardcoded_secret}
18:48:57.263 [debug] Match confidence: 0.1848, min_confidence: 0.7, match: %{type: "js-hardcoded-secret-api-key", context: %{node_type: "VariableDeclarator", depth: 3, parent_type: "VariableDeclaration"}, location: %{depth: 3, end_column: 814, end_line: 1, start_line: 1, start_column: 803}, severity: "high", pattern_id: "js-hardcoded-secret-api-key", pattern_name: "Hardcoded API Key", recommendation: "Review this code for potential security issues", confidence: 0.9, pattern_type: :hardcoded_secret}
18:48:57.263 [debug] Match confidence: 0.1848, min_confidence: 0.7, match: %{type: "js-hardcoded-secret-api-key", context: %{node_type: "VariableDeclarator", depth: 3, parent_type: "VariableDeclaration"}, location: %{depth: 3, end_column: 831, end_line: 1, start_line: 1, start_column: 820}, severity: "high", pattern_id: "js-hardcoded-secret-api-key", pattern_name: "Hardcoded API Key", recommendation: "Review this code for potential security issues", confidence: 0.9, pattern_type: :hardcoded_secret}
18:48:57.263 [debug] Match confidence: 0.1848, min_confidence: 0.7, match: %{type: "js-hardcoded-secret-api-key", context: %{node_type: "VariableDeclarator", depth: 3, parent_type: "VariableDeclaration"}, location: %{depth: 3, end_column: 848, end_line: 1, start_line: 1, start_column: 837}, severity: "high", pattern_id: "js-hardcoded-secret-api-key", pattern_name: "Hardcoded API Key", recommendation: "Review this code for potential security issues", confidence: 0.9, pattern_type: :hardcoded_secret}
18:48:57.263 [debug] Match confidence: 0.1848, min_confidence: 0.7, match: %{type: "js-hardcoded-secret-api-key", context: %{node_type: "VariableDeclarator", depth: 3, parent_type: "VariableDeclaration"}, location: %{depth: 3, end_column: 865, end_line: 1, start_line: 1, start_column: 854}, severity: "high", pattern_id: "js-hardcoded-secret-api-key", pattern_name: "Hardcoded API Key", recommendation: "Review this code for potential security issues", confidence: 0.9, pattern_type: :hardcoded_secret}
18:48:57.263 [debug] Match confidence: 0.1848, min_confidence: 0.7, match: %{type: "js-hardcoded-secret-api-key", context: %{node_type: "VariableDeclarator", depth: 3, parent_type: "VariableDeclaration"}, location: %{depth: 3, end_column: 882, end_line: 1, start_line: 1, start_column: 871}, severity: "high", pattern_id: "js-hardcoded-secret-api-key", pattern_name: "Hardcoded API Key", recommendation: "Review this code for potential security issues", confidence: 0.9, pattern_type: :hardcoded_secret}
18:48:57.263 [debug] Match confidence: 0.1848, min_confidence: 0.7, match: %{type: "js-hardcoded-secret-api-key", context: %{node_type: "VariableDeclarator", depth: 3, parent_type: "VariableDeclaration"}, location: %{depth: 3, end_column: 899, end_line: 1, start_line: 1, start_column: 888}, severity: "high", pattern_id: "js-hardcoded-secret-api-key", pattern_name: "Hardcoded API Key", recommendation: "Review this code for potential security issues", confidence: 0.9, pattern_type: :hardcoded_secret}
18:48:57.263 [debug] Match confidence: 0.1848, min_confidence: 0.7, match: %{type: "js-hardcoded-secret-api-key", context: %{node_type: "VariableDeclarator", depth: 3, parent_type: "VariableDeclaration"}, location: %{depth: 3, end_column: 916, end_line: 1, start_line: 1, start_column: 905}, severity: "high", pattern_id: "js-hardcoded-secret-api-key", pattern_name: "Hardcoded API Key", recommendation: "Review this code for potential security issues", confidence: 0.9, pattern_type: :hardcoded_secret}
18:48:57.264 [debug] Match confidence: 0.1848, min_confidence: 0.7, match: %{type: "js-hardcoded-secret-api-key", context: %{node_type: "VariableDeclarator", depth: 3, parent_type: "VariableDeclaration"}, location: %{depth: 3, end_column: 933, end_line: 1, start_line: 1, start_column: 922}, severity: "high", pattern_id: "js-hardcoded-secret-api-key", pattern_name: "Hardcoded API Key", recommendation: "Review this code for potential security issues", confidence: 0.9, pattern_type: :hardcoded_secret}
18:48:57.264 [debug] Match confidence: 0.1848, min_confidence: 0.7, match: %{type: "js-hardcoded-secret-api-key", context: %{node_type: "VariableDeclarator", depth: 3, parent_type: "VariableDeclaration"}, location: %{depth: 3, end_column: 950, end_line: 1, start_line: 1, start_column: 939}, severity: "high", pattern_id: "js-hardcoded-secret-api-key", pattern_name: "Hardcoded API Key", recommendation: "Review this code for potential security issues", confidence: 0.9, pattern_type: :hardcoded_secret}
18:48:57.264 [debug] Match confidence: 0.1848, min_confidence: 0.7, match: %{type: "js-hardcoded-secret-api-key", context: %{node_type: "VariableDeclarator", depth: 3, parent_type: "VariableDeclaration"}, location: %{depth: 3, end_column: 967, end_line: 1, start_line: 1, start_column: 956}, severity: "high", pattern_id: "js-hardcoded-secret-api-key", pattern_name: "Hardcoded API Key", recommendation: "Review this code for potential security issues", confidence: 0.9, pattern_type: :hardcoded_secret}
18:48:57.264 [debug] Match confidence: 0.1848, min_confidence: 0.7, match: %{type: "js-hardcoded-secret-api-key", context: %{node_type: "VariableDeclarator", depth: 3, parent_type: "VariableDeclaration"}, location: %{depth: 3, end_column: 984, end_line: 1, start_line: 1, start_column: 973}, severity: "high", pattern_id: "js-hardcoded-secret-api-key", pattern_name: "Hardcoded API Key", recommendation: "Review this code for potential security issues", confidence: 0.9, pattern_type: :hardcoded_secret}
18:48:57.264 [debug] Match confidence: 0.1848, min_confidence: 0.7, match: %{type: "js-hardcoded-secret-api-key", context: %{node_type: "VariableDeclarator", depth: 3, parent_type: "VariableDeclaration"}, location: %{depth: 3, end_column: 1001, end_line: 1, start_line: 1, start_column: 990}, severity: "high", pattern_id: "js-hardcoded-secret-api-key", pattern_name: "Hardcoded API Key", recommendation: "Review this code for potential security issues", confidence: 0.9, pattern_type: :hardcoded_secret}
18:48:57.264 [debug] Match confidence: 0.1848, min_confidence: 0.7, match: %{type: "js-hardcoded-secret-api-key", context: %{node_type: "VariableDeclarator", depth: 3, parent_type: "VariableDeclaration"}, location: %{depth: 3, end_column: 1018, end_line: 1, start_line: 1, start_column: 1007}, severity: "high", pattern_id: "js-hardcoded-secret-api-key", pattern_name: "Hardcoded API Key", recommendation: "Review this code for potential security issues", confidence: 0.9, pattern_type: :hardcoded_secret}
18:48:57.264 [debug] Match confidence: 0.1848, min_confidence: 0.7, match: %{type: "js-hardcoded-secret-api-key", context: %{node_type: "VariableDeclarator", depth: 3, parent_type: "VariableDeclaration"}, location: %{depth: 3, end_column: 1035, end_line: 1, start_line: 1, start_column: 1024}, severity: "high", pattern_id: "js-hardcoded-secret-api-key", pattern_name: "Hardcoded API Key", recommendation: "Review this code for potential security issues", confidence: 0.9, pattern_type: :hardcoded_secret}
18:48:57.264 [debug] Match confidence: 0.1848, min_confidence: 0.7, match: %{type: "js-hardcoded-secret-api-key", context: %{node_type: "VariableDeclarator", depth: 3, parent_type: "VariableDeclaration"}, location: %{depth: 3, end_column: 1052, end_line: 1, start_line: 1, start_column: 1041}, severity: "high", pattern_id: "js-hardcoded-secret-api-key", pattern_name: "Hardcoded API Key", recommendation: "Review this code for potential security issues", confidence: 0.9, pattern_type: :hardcoded_secret}
18:48:57.268 [debug] Match confidence: 0.1848, min_confidence: 0.7, match: %{type: "js-hardcoded-secret-api-key", context: %{node_type: "VariableDeclarator", depth: 3, parent_type: "VariableDeclaration"}, location: %{depth: 3, end_column: 1069, end_line: 1, start_line: 1, start_column: 1058}, severity: "high", pattern_id: "js-hardcoded-secret-api-key", pattern_name: "Hardcoded API Key", recommendation: "Review this code for potential security issues", confidence: 0.9, pattern_type: :hardcoded_secret}
18:48:57.268 [debug] Match confidence: 0.1848, min_confidence: 0.7, match: %{type: "js-hardcoded-secret-api-key", context: %{node_type: "VariableDeclarator", depth: 3, parent_type: "VariableDeclaration"}, location: %{depth: 3, end_column: 1086, end_line: 1, start_line: 1, start_column: 1075}, severity: "high", pattern_id: "js-hardcoded-secret-api-key", pattern_name: "Hardcoded API Key", recommendation: "Review this code for potential security issues", confidence: 0.9, pattern_type: :hardcoded_secret}
18:48:57.268 [debug] Match confidence: 0.1848, min_confidence: 0.7, match: %{type: "js-hardcoded-secret-api-key", context: %{node_type: "VariableDeclarator", depth: 3, parent_type: "VariableDeclaration"}, location: %{depth: 3, end_column: 1103, end_line: 1, start_line: 1, start_column: 1092}, severity: "high", pattern_id: "js-hardcoded-secret-api-key", pattern_name: "Hardcoded API Key", recommendation: "Review this code for potential security issues", confidence: 0.9, pattern_type: :hardcoded_secret}
18:48:57.268 [debug] Match confidence: 0.1848, min_confidence: 0.7, match: %{type: "js-hardcoded-secret-api-key", context: %{node_type: "VariableDeclarator", depth: 3, parent_type: "VariableDeclaration"}, location: %{depth: 3, end_column: 1120, end_line: 1, start_line: 1, start_column: 1109}, severity: "high", pattern_id: "js-hardcoded-secret-api-key", pattern_name: "Hardcoded API Key", recommendation: "Review this code for potential security issues", confidence: 0.9, pattern_type: :hardcoded_secret}
18:48:57.268 [debug] Match confidence: 0.1848, min_confidence: 0.7, match: %{type: "js-hardcoded-secret-api-key", context: %{node_type: "VariableDeclarator", depth: 3, parent_type: "VariableDeclaration"}, location: %{depth: 3, end_column: 1137, end_line: 1, start_line: 1, start_column: 1126}, severity: "high", pattern_id: "js-hardcoded-secret-api-key", pattern_name: "Hardcoded API Key", recommendation: "Review this code for potential security issues", confidence: 0.9, pattern_type: :hardcoded_secret}
18:48:57.268 [debug] Match confidence: 0.1848, min_confidence: 0.7, match: %{type: "js-hardcoded-secret-api-key", context: %{node_type: "VariableDeclarator", depth: 3, parent_type: "VariableDeclaration"}, location: %{depth: 3, end_column: 1154, end_line: 1, start_line: 1, start_column: 1143}, severity: "high", pattern_id: "js-hardcoded-secret-api-key", pattern_name: "Hardcoded API Key", recommendation: "Review this code for potential security issues", confidence: 0.9, pattern_type: :hardcoded_secret}
18:48:57.268 [debug] Match confidence: 0.1848, min_confidence: 0.7, match: %{type: "js-hardcoded-secret-api-key", context: %{node_type: "VariableDeclarator", depth: 3, parent_type: "VariableDeclaration"}, location: %{depth: 3, end_column: 1171, end_line: 1, start_line: 1, start_column: 1160}, severity: "high", pattern_id: "js-hardcoded-secret-api-key", pattern_name: "Hardcoded API Key", recommendation: "Review this code for potential security issues", confidence: 0.9, pattern_type: :hardcoded_secret}
18:48:57.268 [debug] Match confidence: 0.1848, min_confidence: 0.7, match: %{type: "js-hardcoded-secret-api-key", context: %{node_type: "VariableDeclarator", depth: 3, parent_type: "VariableDeclaration"}, location: %{depth: 3, end_column: 1188, end_line: 1, start_line: 1, start_column: 1177}, severity: "high", pattern_id: "js-hardcoded-secret-api-key", pattern_name: "Hardcoded API Key", recommendation: "Review this code for potential security issues", confidence: 0.9, pattern_type: :hardcoded_secret}
18:48:57.268 [debug] Match confidence: 0.1848, min_confidence: 0.7, match: %{type: "js-hardcoded-secret-api-key", context: %{node_type: "VariableDeclarator", depth: 3, parent_type: "VariableDeclaration"}, location: %{depth: 3, end_column: 1205, end_line: 1, start_line: 1, start_column: 1194}, severity: "high", pattern_id: "js-hardcoded-secret-api-key", pattern_name: "Hardcoded API Key", recommendation: "Review this code for potential security issues", confidence: 0.9, pattern_type: :hardcoded_secret}
18:48:57.268 [debug] Match confidence: 0.1848, min_confidence: 0.7, match: %{type: "js-hardcoded-secret-api-key", context: %{node_type: "VariableDeclarator", depth: 3, parent_type: "VariableDeclaration"}, location: %{depth: 3, end_column: 1222, end_line: 1, start_line: 1, start_column: 1211}, severity: "high", pattern_id: "js-hardcoded-secret-api-key", pattern_name: "Hardcoded API Key", recommendation: "Review this code for potential security issues", confidence: 0.9, pattern_type: :hardcoded_secret}
18:48:57.268 [debug] Match confidence: 0.1848, min_confidence: 0.7, match: %{type: "js-hardcoded-secret-api-key", context: %{node_type: "VariableDeclarator", depth: 3, parent_type: "VariableDeclaration"}, location: %{depth: 3, end_column: 1239, end_line: 1, start_line: 1, start_column: 1228}, severity: "high", pattern_id: "js-hardcoded-secret-api-key", pattern_name: "Hardcoded API Key", recommendation: "Review this code for potential security issues", confidence: 0.9, pattern_type: :hardcoded_secret}
18:48:57.268 [debug] Match confidence: 0.1848, min_confidence: 0.7, match: %{type: "js-hardcoded-secret-api-key", context: %{node_type: "VariableDeclarator", depth: 3, parent_type: "VariableDeclaration"}, location: %{depth: 3, end_column: 1256, end_line: 1, start_line: 1, start_column: 1245}, severity: "high", pattern_id: "js-hardcoded-secret-api-key", pattern_name: "Hardcoded API Key", recommendation: "Review this code for potential security issues", confidence: 0.9, pattern_type: :hardcoded_secret}
18:48:57.268 [debug] Match confidence: 0.1848, min_confidence: 0.7, match: %{type: "js-hardcoded-secret-api-key", context: %{node_type: "VariableDeclarator", depth: 3, parent_type: "VariableDeclaration"}, location: %{depth: 3, end_column: 1273, end_line: 1, start_line: 1, start_column: 1262}, severity: "high", pattern_id: "js-hardcoded-secret-api-key", pattern_name: "Hardcoded API Key", recommendation: "Review this code for potential security issues", confidence: 0.9, pattern_type: :hardcoded_secret}
18:48:57.268 [debug] Match confidence: 0.1848, min_confidence: 0.7, match: %{type: "js-hardcoded-secret-api-key", context: %{node_type: "VariableDeclarator", depth: 3, parent_type: "VariableDeclaration"}, location: %{depth: 3, end_column: 1290, end_line: 1, start_line: 1, start_column: 1279}, severity: "high", pattern_id: "js-hardcoded-secret-api-key", pattern_name: "Hardcoded API Key", recommendation: "Review this code for potential security issues", confidence: 0.9, pattern_type: :hardcoded_secret}
18:48:57.268 [debug] Match confidence: 0.1848, min_confidence: 0.7, match: %{type: "js-hardcoded-secret-api-key", context: %{node_type: "VariableDeclarator", depth: 3, parent_type: "VariableDeclaration"}, location: %{depth: 3, end_column: 1307, end_line: 1, start_line: 1, start_column: 1296}, severity: "high", pattern_id: "js-hardcoded-secret-api-key", pattern_name: "Hardcoded API Key", recommendation: "Review this code for potential security issues", confidence: 0.9, pattern_type: :hardcoded_secret}
18:48:57.268 [debug] Match confidence: 0.1848, min_confidence: 0.7, match: %{type: "js-hardcoded-secret-api-key", context: %{node_type: "VariableDeclarator", depth: 3, parent_type: "VariableDeclaration"}, location: %{depth: 3, end_column: 1324, end_line: 1, start_line: 1, start_column: 1313}, severity: "high", pattern_id: "js-hardcoded-secret-api-key", pattern_name: "Hardcoded API Key", recommendation: "Review this code for potential security issues", confidence: 0.9, pattern_type: :hardcoded_secret}
18:48:57.268 [debug] Match confidence: 0.1848, min_confidence: 0.7, match: %{type: "js-hardcoded-secret-api-key", context: %{node_type: "VariableDeclarator", depth: 3, parent_type: "VariableDeclaration"}, location: %{depth: 3, end_column: 1341, end_line: 1, start_line: 1, start_column: 1330}, severity: "high", pattern_id: "js-hardcoded-secret-api-key", pattern_name: "Hardcoded API Key", recommendation: "Review this code for potential security issues", confidence: 0.9, pattern_type: :hardcoded_secret}
18:48:57.268 [debug] Match confidence: 0.1848, min_confidence: 0.7, match: %{type: "js-hardcoded-secret-api-key", context: %{node_type: "VariableDeclarator", depth: 3, parent_type: "VariableDeclaration"}, location: %{depth: 3, end_column: 1358, end_line: 1, start_line: 1, start_column: 1347}, severity: "high", pattern_id: "js-hardcoded-secret-api-key", pattern_name: "Hardcoded API Key", recommendation: "Review this code for potential security issues", confidence: 0.9, pattern_type: :hardcoded_secret}
18:48:57.268 [debug] Match confidence: 0.1848, min_confidence: 0.7, match: %{type: "js-hardcoded-secret-api-key", context: %{node_type: "VariableDeclarator", depth: 3, parent_type: "VariableDeclaration"}, location: %{depth: 3, end_column: 1375, end_line: 1, start_line: 1, start_column: 1364}, severity: "high", pattern_id: "js-hardcoded-secret-api-key", pattern_name: "Hardcoded API Key", recommendation: "Review this code for potential security issues", confidence: 0.9, pattern_type: :hardcoded_secret}
18:48:57.268 [debug] Match confidence: 0.1848, min_confidence: 0.7, match: %{type: "js-hardcoded-secret-api-key", context: %{node_type: "VariableDeclarator", depth: 3, parent_type: "VariableDeclaration"}, location: %{depth: 3, end_column: 1392, end_line: 1, start_line: 1, start_column: 1381}, severity: "high", pattern_id: "js-hardcoded-secret-api-key", pattern_name: "Hardcoded API Key", recommendation: "Review this code for potential security issues", confidence: 0.9, pattern_type: :hardcoded_secret}
18:48:57.268 [debug] Match confidence: 0.1848, min_confidence: 0.7, match: %{type: "js-hardcoded-secret-api-key", context: %{node_type: "VariableDeclarator", depth: 3, parent_type: "VariableDeclaration"}, location: %{depth: 3, end_column: 1409, end_line: 1, start_line: 1, start_column: 1398}, severity: "high", pattern_id: "js-hardcoded-secret-api-key", pattern_name: "Hardcoded API Key", recommendation: "Review this code for potential security issues", confidence: 0.9, pattern_type: :hardcoded_secret}
18:48:57.268 [debug] Match confidence: 0.1848, min_confidence: 0.7, match: %{type: "js-hardcoded-secret-api-key", context: %{node_type: "VariableDeclarator", depth: 3, parent_type: "VariableDeclaration"}, location: %{depth: 3, end_column: 1426, end_line: 1, start_line: 1, start_column: 1415}, severity: "high", pattern_id: "js-hardcoded-secret-api-key", pattern_name: "Hardcoded API Key", recommendation: "Review this code for potential security issues", confidence: 0.9, pattern_type: :hardcoded_secret}
18:48:57.268 [debug] Match confidence: 0.1848, min_confidence: 0.7, match: %{type: "js-hardcoded-secret-api-key", context: %{node_type: "VariableDeclarator", depth: 3, parent_type: "VariableDeclaration"}, location: %{depth: 3, end_column: 1443, end_line: 1, start_line: 1, start_column: 1432}, severity: "high", pattern_id: "js-hardcoded-secret-api-key", pattern_name: "Hardcoded API Key", recommendation: "Review this code for potential security issues", confidence: 0.9, pattern_type: :hardcoded_secret}
18:48:57.269 [debug] Match confidence: 0.1848, min_confidence: 0.7, match: %{type: "js-hardcoded-secret-api-key", context: %{node_type: "VariableDeclarator", depth: 3, parent_type: "VariableDeclaration"}, location: %{depth: 3, end_column: 1460, end_line: 1, start_line: 1, start_column: 1449}, severity: "high", pattern_id: "js-hardcoded-secret-api-key", pattern_name: "Hardcoded API Key", recommendation: "Review this code for potential security issues", confidence: 0.9, pattern_type: :hardcoded_secret}
18:48:57.269 [debug] Match confidence: 0.1848, min_confidence: 0.7, match: %{type: "js-hardcoded-secret-api-key", context: %{node_type: "VariableDeclarator", depth: 3, parent_type: "VariableDeclaration"}, location: %{depth: 3, end_column: 1477, end_line: 1, start_line: 1, start_column: 1466}, severity: "high", pattern_id: "js-hardcoded-secret-api-key", pattern_name: "Hardcoded API Key", recommendation: "Review this code for potential security issues", confidence: 0.9, pattern_type: :hardcoded_secret}
18:48:57.269 [debug] Match confidence: 0.1848, min_confidence: 0.7, match: %{type: "js-hardcoded-secret-api-key", context: %{node_type: "VariableDeclarator", depth: 3, parent_type: "VariableDeclaration"}, location: %{depth: 3, end_column: 1494, end_line: 1, start_line: 1, start_column: 1483}, severity: "high", pattern_id: "js-hardcoded-secret-api-key", pattern_name: "Hardcoded API Key", recommendation: "Review this code for potential security issues", confidence: 0.9, pattern_type: :hardcoded_secret}
18:48:57.269 [debug] Match confidence: 0.1848, min_confidence: 0.7, match: %{type: "js-hardcoded-secret-api-key", context: %{node_type: "VariableDeclarator", depth: 3, parent_type: "VariableDeclaration"}, location: %{depth: 3, end_column: 1511, end_line: 1, start_line: 1, start_column: 1500}, severity: "high", pattern_id: "js-hardcoded-secret-api-key", pattern_name: "Hardcoded API Key", recommendation: "Review this code for potential security issues", confidence: 0.9, pattern_type: :hardcoded_secret}
18:48:57.269 [debug] Match confidence: 0.1848, min_confidence: 0.7, match: %{type: "js-hardcoded-secret-api-key", context: %{node_type: "VariableDeclarator", depth: 3, parent_type: "VariableDeclaration"}, location: %{depth: 3, end_column: 1528, end_line: 1, start_line: 1, start_column: 1517}, severity: "high", pattern_id: "js-hardcoded-secret-api-key", pattern_name: "Hardcoded API Key", recommendation: "Review this code for potential security issues", confidence: 0.9, pattern_type: :hardcoded_secret}
18:48:57.269 [debug] Match confidence: 0.1848, min_confidence: 0.7, match: %{type: "js-hardcoded-secret-api-key", context: %{node_type: "VariableDeclarator", depth: 3, parent_type: "VariableDeclaration"}, location: %{depth: 3, end_column: 1545, end_line: 1, start_line: 1, start_column: 1534}, severity: "high", pattern_id: "js-hardcoded-secret-api-key", pattern_name: "Hardcoded API Key", recommendation: "Review this code for potential security issues", confidence: 0.9, pattern_type: :hardcoded_secret}
18:48:57.269 [debug] Match confidence: 0.1848, min_confidence: 0.7, match: %{type: "js-hardcoded-secret-api-key", context: %{node_type: "VariableDeclarator", depth: 3, parent_type: "VariableDeclaration"}, location: %{depth: 3, end_column: 1562, end_line: 1, start_line: 1, start_column: 1551}, severity: "high", pattern_id: "js-hardcoded-secret-api-key", pattern_name: "Hardcoded API Key", recommendation: "Review this code for potential security issues", confidence: 0.9, pattern_type: :hardcoded_secret}
18:48:57.269 [debug] Match confidence: 0.1848, min_confidence: 0.7, match: %{type: "js-hardcoded-secret-api-key", context: %{node_type: "VariableDeclarator", depth: 3, parent_type: "VariableDeclaration"}, location: %{depth: 3, end_column: 1579, end_line: 1, start_line: 1, start_column: 1568}, severity: "high", pattern_id: "js-hardcoded-secret-api-key", pattern_name: "Hardcoded API Key", recommendation: "Review this code for potential security issues", confidence: 0.9, pattern_type: :hardcoded_secret}
18:48:57.269 [debug] Match confidence: 0.1848, min_confidence: 0.7, match: %{type: "js-hardcoded-secret-api-key", context: %{node_type: "VariableDeclarator", depth: 3, parent_type: "VariableDeclaration"}, location: %{depth: 3, end_column: 1596, end_line: 1, start_line: 1, start_column: 1585}, severity: "high", pattern_id: "js-hardcoded-secret-api-key", pattern_name: "Hardcoded API Key", recommendation: "Review this code for potential security issues", confidence: 0.9, pattern_type: :hardcoded_secret}
18:48:57.269 [debug] Match confidence: 0.1848, min_confidence: 0.7, match: %{type: "js-hardcoded-secret-api-key", context: %{node_type: "VariableDeclarator", depth: 3, parent_type: "VariableDeclaration"}, location: %{depth: 3, end_column: 1613, end_line: 1, start_line: 1, start_column: 1602}, severity: "high", pattern_id: "js-hardcoded-secret-api-key", pattern_name: "Hardcoded API Key", recommendation: "Review this code for potential security issues", confidence: 0.9, pattern_type: :hardcoded_secret}
18:48:57.269 [debug] Match confidence: 0.1848, min_confidence: 0.7, match: %{type: "js-hardcoded-secret-api-key", context: %{node_type: "VariableDeclarator", depth: 3, parent_type: "VariableDeclaration"}, location: %{depth: 3, end_column: 1630, end_line: 1, start_line: 1, start_column: 1619}, severity: "high", pattern_id: "js-hardcoded-secret-api-key", pattern_name: "Hardcoded API Key", recommendation: "Review this code for potential security issues", confidence: 0.9, pattern_type: :hardcoded_secret}
18:48:57.269 [debug] Match confidence: 0.1848, min_confidence: 0.7, match: %{type: "js-hardcoded-secret-api-key", context: %{node_type: "VariableDeclarator", depth: 3, parent_type: "VariableDeclaration"}, location: %{depth: 3, end_column: 1647, end_line: 1, start_line: 1, start_column: 1636}, severity: "high", pattern_id: "js-hardcoded-secret-api-key", pattern_name: "Hardcoded API Key", recommendation: "Review this code for potential security issues", confidence: 0.9, pattern_type: :hardcoded_secret}
18:48:57.269 [debug] Match confidence: 0.1848, min_confidence: 0.7, match: %{type: "js-hardcoded-secret-api-key", context: %{node_type: "VariableDeclarator", depth: 3, parent_type: "VariableDeclaration"}, location: %{depth: 3, end_column: 1664, end_line: 1, start_line: 1, start_column: 1653}, severity: "high", pattern_id: "js-hardcoded-secret-api-key", pattern_name: "Hardcoded API Key", recommendation: "Review this code for potential security issues", confidence: 0.9, pattern_type: :hardcoded_secret}
18:48:57.269 [debug] Match confidence: 0.1848, min_confidence: 0.7, match: %{type: "js-hardcoded-secret-api-key", context: %{node_type: "VariableDeclarator", depth: 3, parent_type: "VariableDeclaration"}, location: %{depth: 3, end_column: 1681, end_line: 1, start_line: 1, start_column: 1670}, severity: "high", pattern_id: "js-hardcoded-secret-api-key", pattern_name: "Hardcoded API Key", recommendation: "Review this code for potential security issues", confidence: 0.9, pattern_type: :hardcoded_secret}
18:48:57.269 [debug] Match confidence: 0.1848, min_confidence: 0.7, match: %{type: "js-hardcoded-secret-api-key", context: %{node_type: "VariableDeclarator", depth: 3, parent_type: "VariableDeclaration"}, location: %{depth: 3, end_column: 1698, end_line: 1, start_line: 1, start_column: 1687}, severity: "high", pattern_id: "js-hardcoded-secret-api-key", pattern_name: "Hardcoded API Key", recommendation: "Review this code for potential security issues", confidence: 0.9, pattern_type: :hardcoded_secret}
18:48:57.434 [debug] Parser response received
18:48:57.434 [info] AnalysisService: Loaded 30 patterns for javascript
18:48:57.476 [info] AnalysisService: Found 200 matches
18:48:57.477 [debug] Match confidence: 0.1848, min_confidence: 0.7, match: %{type: "js-hardcoded-secret-password", context: %{node_type: "VariableDeclarator", depth: 3, parent_type: "VariableDeclaration"}, location: %{depth: 3, end_column: 15, end_line: 1, start_line: 1, start_column: 4}, severity: "high", pattern_id: "js-hardcoded-secret-password", pattern_name: "Hardcoded Password", recommendation: "Review this code for potential security issues", confidence: 0.9, pattern_type: :hardcoded_secret}
18:48:57.477 [debug] Match confidence: 0.1848, min_confidence: 0.7, match: %{type: "js-hardcoded-secret-password", context: %{node_type: "VariableDeclarator", depth: 3, parent_type: "VariableDeclaration"}, location: %{depth: 3, end_column: 32, end_line: 1, start_line: 1, start_column: 21}, severity: "high", pattern_id: "js-hardcoded-secret-password", pattern_name: "Hardcoded Password", recommendation: "Review this code for potential security issues", confidence: 0.9, pattern_type: :hardcoded_secret}
18:48:57.477 [debug] Match confidence: 0.1848, min_confidence: 0.7, match: %{type: "js-hardcoded-secret-password", context: %{node_type: "VariableDeclarator", depth: 3, parent_type: "VariableDeclaration"}, location: %{depth: 3, end_column: 49, end_line: 1, start_line: 1, start_column: 38}, severity: "high", pattern_id: "js-hardcoded-secret-password", pattern_name: "Hardcoded Password", recommendation: "Review this code for potential security issues", confidence: 0.9, pattern_type: :hardcoded_secret}
18:48:57.478 [debug] Match confidence: 0.1848, min_confidence: 0.7, match: %{type: "js-hardcoded-secret-password", context: %{node_type: "VariableDeclarator", depth: 3, parent_type: "VariableDeclaration"}, location: %{depth: 3, end_column: 66, end_line: 1, start_line: 1, start_column: 55}, severity: "high", pattern_id: "js-hardcoded-secret-password", pattern_name: "Hardcoded Password", recommendation: "Review this code for potential security issues", confidence: 0.9, pattern_type: :hardcoded_secret}
18:48:57.478 [debug] Match confidence: 0.1848, min_confidence: 0.7, match: %{type: "js-hardcoded-secret-password", context: %{node_type: "VariableDeclarator", depth: 3, parent_type: "VariableDeclaration"}, location: %{depth: 3, end_column: 83, end_line: 1, start_line: 1, start_column: 72}, severity: "high", pattern_id: "js-hardcoded-secret-password", pattern_name: "Hardcoded Password", recommendation: "Review this code for potential security issues", confidence: 0.9, pattern_type: :hardcoded_secret}
18:48:57.478 [debug] Match confidence: 0.1848, min_confidence: 0.7, match: %{type: "js-hardcoded-secret-password", context: %{node_type: "VariableDeclarator", depth: 3, parent_type: "VariableDeclaration"}, location: %{depth: 3, end_column: 100, end_line: 1, start_line: 1, start_column: 89}, severity: "high", pattern_id: "js-hardcoded-secret-password", pattern_name: "Hardcoded Password", recommendation: "Review this code for potential security issues", confidence: 0.9, pattern_type: :hardcoded_secret}
18:48:57.478 [debug] Match confidence: 0.1848, min_confidence: 0.7, match: %{type: "js-hardcoded-secret-password", context: %{node_type: "VariableDeclarator", depth: 3, parent_type: "VariableDeclaration"}, location: %{depth: 3, end_column: 117, end_line: 1, start_line: 1, start_column: 106}, severity: "high", pattern_id: "js-hardcoded-secret-password", pattern_name: "Hardcoded Password", recommendation: "Review this code for potential security issues", confidence: 0.9, pattern_type: :hardcoded_secret}
18:48:57.478 [debug] Match confidence: 0.1848, min_confidence: 0.7, match: %{type: "js-hardcoded-secret-password", context: %{node_type: "VariableDeclarator", depth: 3, parent_type: "VariableDeclaration"}, location: %{depth: 3, end_column: 134, end_line: 1, start_line: 1, start_column: 123}, severity: "high", pattern_id: "js-hardcoded-secret-password", pattern_name: "Hardcoded Password", recommendation: "Review this code for potential security issues", confidence: 0.9, pattern_type: :hardcoded_secret}
18:48:57.478 [debug] Match confidence: 0.1848, min_confidence: 0.7, match: %{type: "js-hardcoded-secret-password", context: %{node_type: "VariableDeclarator", depth: 3, parent_type: "VariableDeclaration"}, location: %{depth: 3, end_column: 151, end_line: 1, start_line: 1, start_column: 140}, severity: "high", pattern_id: "js-hardcoded-secret-password", pattern_name: "Hardcoded Password", recommendation: "Review this code for potential security issues", confidence: 0.9, pattern_type: :hardcoded_secret}
18:48:57.478 [debug] Match confidence: 0.1848, min_confidence: 0.7, match: %{type: "js-hardcoded-secret-password", context: %{node_type: "VariableDeclarator", depth: 3, parent_type: "VariableDeclaration"}, location: %{depth: 3, end_column: 168, end_line: 1, start_line: 1, start_column: 157}, severity: "high", pattern_id: "js-hardcoded-secret-password", pattern_name: "Hardcoded Password", recommendation: "Review this code for potential security issues", confidence: 0.9, pattern_type: :hardcoded_secret}
18:48:57.478 [debug] Match confidence: 0.1848, min_confidence: 0.7, match: %{type: "js-hardcoded-secret-password", context: %{node_type: "VariableDeclarator", depth: 3, parent_type: "VariableDeclaration"}, location: %{depth: 3, end_column: 185, end_line: 1, start_line: 1, start_column: 174}, severity: "high", pattern_id: "js-hardcoded-secret-password", pattern_name: "Hardcoded Password", recommendation: "Review this code for potential security issues", confidence: 0.9, pattern_type: :hardcoded_secret}
18:48:57.478 [debug] Match confidence: 0.1848, min_confidence: 0.7, match: %{type: "js-hardcoded-secret-password", context: %{node_type: "VariableDeclarator", depth: 3, parent_type: "VariableDeclaration"}, location: %{depth: 3, end_column: 202, end_line: 1, start_line: 1, start_column: 191}, severity: "high", pattern_id: "js-hardcoded-secret-password", pattern_name: "Hardcoded Password", recommendation: "Review this code for potential security issues", confidence: 0.9, pattern_type: :hardcoded_secret}
18:48:57.478 [debug] Match confidence: 0.1848, min_confidence: 0.7, match: %{type: "js-hardcoded-secret-password", context: %{node_type: "VariableDeclarator", depth: 3, parent_type: "VariableDeclaration"}, location: %{depth: 3, end_column: 219, end_line: 1, start_line: 1, start_column: 208}, severity: "high", pattern_id: "js-hardcoded-secret-password", pattern_name: "Hardcoded Password", recommendation: "Review this code for potential security issues", confidence: 0.9, pattern_type: :hardcoded_secret}
18:48:57.478 [debug] Match confidence: 0.1848, min_confidence: 0.7, match: %{type: "js-hardcoded-secret-password", context: %{node_type: "VariableDeclarator", depth: 3, parent_type: "VariableDeclaration"}, location: %{depth: 3, end_column: 236, end_line: 1, start_line: 1, start_column: 225}, severity: "high", pattern_id: "js-hardcoded-secret-password", pattern_name: "Hardcoded Password", recommendation: "Review this code for potential security issues", confidence: 0.9, pattern_type: :hardcoded_secret}
18:48:57.478 [debug] Match confidence: 0.1848, min_confidence: 0.7, match: %{type: "js-hardcoded-secret-password", context: %{node_type: "VariableDeclarator", depth: 3, parent_type: "VariableDeclaration"}, location: %{depth: 3, end_column: 253, end_line: 1, start_line: 1, start_column: 242}, severity: "high", pattern_id: "js-hardcoded-secret-password", pattern_name: "Hardcoded Password", recommendation: "Review this code for potential security issues", confidence: 0.9, pattern_type: :hardcoded_secret}
18:48:57.478 [debug] Match confidence: 0.1848, min_confidence: 0.7, match: %{type: "js-hardcoded-secret-password", context: %{node_type: "VariableDeclarator", depth: 3, parent_type: "VariableDeclaration"}, location: %{depth: 3, end_column: 270, end_line: 1, start_line: 1, start_column: 259}, severity: "high", pattern_id: "js-hardcoded-secret-password", pattern_name: "Hardcoded Password", recommendation: "Review this code for potential security issues", confidence: 0.9, pattern_type: :hardcoded_secret}
18:48:57.478 [debug] Match confidence: 0.1848, min_confidence: 0.7, match: %{type: "js-hardcoded-secret-password", context: %{node_type: "VariableDeclarator", depth: 3, parent_type: "VariableDeclaration"}, location: %{depth: 3, end_column: 287, end_line: 1, start_line: 1, start_column: 276}, severity: "high", pattern_id: "js-hardcoded-secret-password", pattern_name: "Hardcoded Password", recommendation: "Review this code for potential security issues", confidence: 0.9, pattern_type: :hardcoded_secret}
18:48:57.478 [debug] Match confidence: 0.1848, min_confidence: 0.7, match: %{type: "js-hardcoded-secret-password", context: %{node_type: "VariableDeclarator", depth: 3, parent_type: "VariableDeclaration"}, location: %{depth: 3, end_column: 304, end_line: 1, start_line: 1, start_column: 293}, severity: "high", pattern_id: "js-hardcoded-secret-password", pattern_name: "Hardcoded Password", recommendation: "Review this code for potential security issues", confidence: 0.9, pattern_type: :hardcoded_secret}
18:48:57.478 [debug] Match confidence: 0.1848, min_confidence: 0.7, match: %{type: "js-hardcoded-secret-password", context: %{node_type: "VariableDeclarator", depth: 3, parent_type: "VariableDeclaration"}, location: %{depth: 3, end_column: 321, end_line: 1, start_line: 1, start_column: 310}, severity: "high", pattern_id: "js-hardcoded-secret-password", pattern_name: "Hardcoded Password", recommendation: "Review this code for potential security issues", confidence: 0.9, pattern_type: :hardcoded_secret}
18:48:57.478 [debug] Match confidence: 0.1848, min_confidence: 0.7, match: %{type: "js-hardcoded-secret-password", context: %{node_type: "VariableDeclarator", depth: 3, parent_type: "VariableDeclaration"}, location: %{depth: 3, end_column: 338, end_line: 1, start_line: 1, start_column: 327}, severity: "high", pattern_id: "js-hardcoded-secret-password", pattern_name: "Hardcoded Password", recommendation: "Review this code for potential security issues", confidence: 0.9, pattern_type: :hardcoded_secret}
18:48:57.478 [debug] Match confidence: 0.1848, min_confidence: 0.7, match: %{type: "js-hardcoded-secret-password", context: %{node_type: "VariableDeclarator", depth: 3, parent_type: "VariableDeclaration"}, location: %{depth: 3, end_column: 355, end_line: 1, start_line: 1, start_column: 344}, severity: "high", pattern_id: "js-hardcoded-secret-password", pattern_name: "Hardcoded Password", recommendation: "Review this code for potential security issues", confidence: 0.9, pattern_type: :hardcoded_secret}
18:48:57.478 [debug] Match confidence: 0.1848, min_confidence: 0.7, match: %{type: "js-hardcoded-secret-password", context: %{node_type: "VariableDeclarator", depth: 3, parent_type: "VariableDeclaration"}, location: %{depth: 3, end_column: 372, end_line: 1, start_line: 1, start_column: 361}, severity: "high", pattern_id: "js-hardcoded-secret-password", pattern_name: "Hardcoded Password", recommendation: "Review this code for potential security issues", confidence: 0.9, pattern_type: :hardcoded_secret}
18:48:57.478 [debug] Match confidence: 0.1848, min_confidence: 0.7, match: %{type: "js-hardcoded-secret-password", context: %{node_type: "VariableDeclarator", depth: 3, parent_type: "VariableDeclaration"}, location: %{depth: 3, end_column: 389, end_line: 1, start_line: 1, start_column: 378}, severity: "high", pattern_id: "js-hardcoded-secret-password", pattern_name: "Hardcoded Password", recommendation: "Review this code for potential security issues", confidence: 0.9, pattern_type: :hardcoded_secret}
18:48:57.478 [debug] Match confidence: 0.1848, min_confidence: 0.7, match: %{type: "js-hardcoded-secret-password", context: %{node_type: "VariableDeclarator", depth: 3, parent_type: "VariableDeclaration"}, location: %{depth: 3, end_column: 406, end_line: 1, start_line: 1, start_column: 395}, severity: "high", pattern_id: "js-hardcoded-secret-password", pattern_name: "Hardcoded Password", recommendation: "Review this code for potential security issues", confidence: 0.9, pattern_type: :hardcoded_secret}
18:48:57.478 [debug] Match confidence: 0.1848, min_confidence: 0.7, match: %{type: "js-hardcoded-secret-password", context: %{node_type: "VariableDeclarator", depth: 3, parent_type: "VariableDeclaration"}, location: %{depth: 3, end_column: 423, end_line: 1, start_line: 1, start_column: 412}, severity: "high", pattern_id: "js-hardcoded-secret-password", pattern_name: "Hardcoded Password", recommendation: "Review this code for potential security issues", confidence: 0.9, pattern_type: :hardcoded_secret}
18:48:57.479 [debug] Match confidence: 0.1848, min_confidence: 0.7, match: %{type: "js-hardcoded-secret-password", context: %{node_type: "VariableDeclarator", depth: 3, parent_type: "VariableDeclaration"}, location: %{depth: 3, end_column: 440, end_line: 1, start_line: 1, start_column: 429}, severity: "high", pattern_id: "js-hardcoded-secret-password", pattern_name: "Hardcoded Password", recommendation: "Review this code for potential security issues", confidence: 0.9, pattern_type: :hardcoded_secret}
18:48:57.479 [debug] Match confidence: 0.1848, min_confidence: 0.7, match: %{type: "js-hardcoded-secret-password", context: %{node_type: "VariableDeclarator", depth: 3, parent_type: "VariableDeclaration"}, location: %{depth: 3, end_column: 457, end_line: 1, start_line: 1, start_column: 446}, severity: "high", pattern_id: "js-hardcoded-secret-password", pattern_name: "Hardcoded Password", recommendation: "Review this code for potential security issues", confidence: 0.9, pattern_type: :hardcoded_secret}
18:48:57.479 [debug] Match confidence: 0.1848, min_confidence: 0.7, match: %{type: "js-hardcoded-secret-password", context: %{node_type: "VariableDeclarator", depth: 3, parent_type: "VariableDeclaration"}, location: %{depth: 3, end_column: 474, end_line: 1, start_line: 1, start_column: 463}, severity: "high", pattern_id: "js-hardcoded-secret-password", pattern_name: "Hardcoded Password", recommendation: "Review this code for potential security issues", confidence: 0.9, pattern_type: :hardcoded_secret}
18:48:57.479 [debug] Match confidence: 0.1848, min_confidence: 0.7, match: %{type: "js-hardcoded-secret-password", context: %{node_type: "VariableDeclarator", depth: 3, parent_type: "VariableDeclaration"}, location: %{depth: 3, end_column: 491, end_line: 1, start_line: 1, start_column: 480}, severity: "high", pattern_id: "js-hardcoded-secret-password", pattern_name: "Hardcoded Password", recommendation: "Review this code for potential security issues", confidence: 0.9, pattern_type: :hardcoded_secret}
18:48:57.479 [debug] Match confidence: 0.1848, min_confidence: 0.7, match: %{type: "js-hardcoded-secret-password", context: %{node_type: "VariableDeclarator", depth: 3, parent_type: "VariableDeclaration"}, location: %{depth: 3, end_column: 508, end_line: 1, start_line: 1, start_column: 497}, severity: "high", pattern_id: "js-hardcoded-secret-password", pattern_name: "Hardcoded Password", recommendation: "Review this code for potential security issues", confidence: 0.9, pattern_type: :hardcoded_secret}
18:48:57.479 [debug] Match confidence: 0.1848, min_confidence: 0.7, match: %{type: "js-hardcoded-secret-password", context: %{node_type: "VariableDeclarator", depth: 3, parent_type: "VariableDeclaration"}, location: %{depth: 3, end_column: 525, end_line: 1, start_line: 1, start_column: 514}, severity: "high", pattern_id: "js-hardcoded-secret-password", pattern_name: "Hardcoded Password", recommendation: "Review this code for potential security issues", confidence: 0.9, pattern_type: :hardcoded_secret}
18:48:57.479 [debug] Match confidence: 0.1848, min_confidence: 0.7, match: %{type: "js-hardcoded-secret-password", context: %{node_type: "VariableDeclarator", depth: 3, parent_type: "VariableDeclaration"}, location: %{depth: 3, end_column: 542, end_line: 1, start_line: 1, start_column: 531}, severity: "high", pattern_id: "js-hardcoded-secret-password", pattern_name: "Hardcoded Password", recommendation: "Review this code for potential security issues", confidence: 0.9, pattern_type: :hardcoded_secret}
18:48:57.479 [debug] Match confidence: 0.1848, min_confidence: 0.7, match: %{type: "js-hardcoded-secret-password", context: %{node_type: "VariableDeclarator", depth: 3, parent_type: "VariableDeclaration"}, location: %{depth: 3, end_column: 559, end_line: 1, start_line: 1, start_column: 548}, severity: "high", pattern_id: "js-hardcoded-secret-password", pattern_name: "Hardcoded Password", recommendation: "Review this code for potential security issues", confidence: 0.9, pattern_type: :hardcoded_secret}
18:48:57.479 [debug] Match confidence: 0.1848, min_confidence: 0.7, match: %{type: "js-hardcoded-secret-password", context: %{node_type: "VariableDeclarator", depth: 3, parent_type: "VariableDeclaration"}, location: %{depth: 3, end_column: 576, end_line: 1, start_line: 1, start_column: 565}, severity: "high", pattern_id: "js-hardcoded-secret-password", pattern_name: "Hardcoded Password", recommendation: "Review this code for potential security issues", confidence: 0.9, pattern_type: :hardcoded_secret}
18:48:57.479 [debug] Match confidence: 0.1848, min_confidence: 0.7, match: %{type: "js-hardcoded-secret-password", context: %{node_type: "VariableDeclarator", depth: 3, parent_type: "VariableDeclaration"}, location: %{depth: 3, end_column: 593, end_line: 1, start_line: 1, start_column: 582}, severity: "high", pattern_id: "js-hardcoded-secret-password", pattern_name: "Hardcoded Password", recommendation: "Review this code for potential security issues", confidence: 0.9, pattern_type: :hardcoded_secret}
18:48:57.479 [debug] Match confidence: 0.1848, min_confidence: 0.7, match: %{type: "js-hardcoded-secret-password", context: %{node_type: "VariableDeclarator", depth: 3, parent_type: "VariableDeclaration"}, location: %{depth: 3, end_column: 610, end_line: 1, start_line: 1, start_column: 599}, severity: "high", pattern_id: "js-hardcoded-secret-password", pattern_name: "Hardcoded Password", recommendation: "Review this code for potential security issues", confidence: 0.9, pattern_type: :hardcoded_secret}
18:48:57.479 [debug] Match confidence: 0.1848, min_confidence: 0.7, match: %{type: "js-hardcoded-secret-password", context: %{node_type: "VariableDeclarator", depth: 3, parent_type: "VariableDeclaration"}, location: %{depth: 3, end_column: 627, end_line: 1, start_line: 1, start_column: 616}, severity: "high", pattern_id: "js-hardcoded-secret-password", pattern_name: "Hardcoded Password", recommendation: "Review this code for potential security issues", confidence: 0.9, pattern_type: :hardcoded_secret}
18:48:57.479 [debug] Match confidence: 0.1848, min_confidence: 0.7, match: %{type: "js-hardcoded-secret-password", context: %{node_type: "VariableDeclarator", depth: 3, parent_type: "VariableDeclaration"}, location: %{depth: 3, end_column: 644, end_line: 1, start_line: 1, start_column: 633}, severity: "high", pattern_id: "js-hardcoded-secret-password", pattern_name: "Hardcoded Password", recommendation: "Review this code for potential security issues", confidence: 0.9, pattern_type: :hardcoded_secret}
18:48:57.479 [debug] Match confidence: 0.1848, min_confidence: 0.7, match: %{type: "js-hardcoded-secret-password", context: %{node_type: "VariableDeclarator", depth: 3, parent_type: "VariableDeclaration"}, location: %{depth: 3, end_column: 661, end_line: 1, start_line: 1, start_column: 650}, severity: "high", pattern_id: "js-hardcoded-secret-password", pattern_name: "Hardcoded Password", recommendation: "Review this code for potential security issues", confidence: 0.9, pattern_type: :hardcoded_secret}
18:48:57.479 [debug] Match confidence: 0.1848, min_confidence: 0.7, match: %{type: "js-hardcoded-secret-password", context: %{node_type: "VariableDeclarator", depth: 3, parent_type: "VariableDeclaration"}, location: %{depth: 3, end_column: 678, end_line: 1, start_line: 1, start_column: 667}, severity: "high", pattern_id: "js-hardcoded-secret-password", pattern_name: "Hardcoded Password", recommendation: "Review this code for potential security issues", confidence: 0.9, pattern_type: :hardcoded_secret}
18:48:57.479 [debug] Match confidence: 0.1848, min_confidence: 0.7, match: %{type: "js-hardcoded-secret-password", context: %{node_type: "VariableDeclarator", depth: 3, parent_type: "VariableDeclaration"}, location: %{depth: 3, end_column: 695, end_line: 1, start_line: 1, start_column: 684}, severity: "high", pattern_id: "js-hardcoded-secret-password", pattern_name: "Hardcoded Password", recommendation: "Review this code for potential security issues", confidence: 0.9, pattern_type: :hardcoded_secret}
18:48:57.479 [debug] Match confidence: 0.1848, min_confidence: 0.7, match: %{type: "js-hardcoded-secret-password", context: %{node_type: "VariableDeclarator", depth: 3, parent_type: "VariableDeclaration"}, location: %{depth: 3, end_column: 712, end_line: 1, start_line: 1, start_column: 701}, severity: "high", pattern_id: "js-hardcoded-secret-password", pattern_name: "Hardcoded Password", recommendation: "Review this code for potential security issues", confidence: 0.9, pattern_type: :hardcoded_secret}
18:48:57.479 [debug] Match confidence: 0.1848, min_confidence: 0.7, match: %{type: "js-hardcoded-secret-password", context: %{node_type: "VariableDeclarator", depth: 3, parent_type: "VariableDeclaration"}, location: %{depth: 3, end_column: 729, end_line: 1, start_line: 1, start_column: 718}, severity: "high", pattern_id: "js-hardcoded-secret-password", pattern_name: "Hardcoded Password", recommendation: "Review this code for potential security issues", confidence: 0.9, pattern_type: :hardcoded_secret}
18:48:57.479 [debug] Match confidence: 0.1848, min_confidence: 0.7, match: %{type: "js-hardcoded-secret-password", context: %{node_type: "VariableDeclarator", depth: 3, parent_type: "VariableDeclaration"}, location: %{depth: 3, end_column: 746, end_line: 1, start_line: 1, start_column: 735}, severity: "high", pattern_id: "js-hardcoded-secret-password", pattern_name: "Hardcoded Password", recommendation: "Review this code for potential security issues", confidence: 0.9, pattern_type: :hardcoded_secret}
18:48:57.479 [debug] Match confidence: 0.1848, min_confidence: 0.7, match: %{type: "js-hardcoded-secret-password", context: %{node_type: "VariableDeclarator", depth: 3, parent_type: "VariableDeclaration"}, location: %{depth: 3, end_column: 763, end_line: 1, start_line: 1, start_column: 752}, severity: "high", pattern_id: "js-hardcoded-secret-password", pattern_name: "Hardcoded Password", recommendation: "Review this code for potential security issues", confidence: 0.9, pattern_type: :hardcoded_secret}
18:48:57.479 [debug] Match confidence: 0.1848, min_confidence: 0.7, match: %{type: "js-hardcoded-secret-password", context: %{node_type: "VariableDeclarator", depth: 3, parent_type: "VariableDeclaration"}, location: %{depth: 3, end_column: 780, end_line: 1, start_line: 1, start_column: 769}, severity: "high", pattern_id: "js-hardcoded-secret-password", pattern_name: "Hardcoded Password", recommendation: "Review this code for potential security issues", confidence: 0.9, pattern_type: :hardcoded_secret}
18:48:57.479 [debug] Match confidence: 0.1848, min_confidence: 0.7, match: %{type: "js-hardcoded-secret-password", context: %{node_type: "VariableDeclarator", depth: 3, parent_type: "VariableDeclaration"}, location: %{depth: 3, end_column: 797, end_line: 1, start_line: 1, start_column: 786}, severity: "high", pattern_id: "js-hardcoded-secret-password", pattern_name: "Hardcoded Password", recommendation: "Review this code for potential security issues", confidence: 0.9, pattern_type: :hardcoded_secret}
18:48:57.479 [debug] Match confidence: 0.1848, min_confidence: 0.7, match: %{type: "js-hardcoded-secret-password", context: %{node_type: "VariableDeclarator", depth: 3, parent_type: "VariableDeclaration"}, location: %{depth: 3, end_column: 814, end_line: 1, start_line: 1, start_column: 803}, severity: "high", pattern_id: "js-hardcoded-secret-password", pattern_name: "Hardcoded Password", recommendation: "Review this code for potential security issues", confidence: 0.9, pattern_type: :hardcoded_secret}
18:48:57.479 [debug] Match confidence: 0.1848, min_confidence: 0.7, match: %{type: "js-hardcoded-secret-password", context: %{node_type: "VariableDeclarator", depth: 3, parent_type: "VariableDeclaration"}, location: %{depth: 3, end_column: 831, end_line: 1, start_line: 1, start_column: 820}, severity: "high", pattern_id: "js-hardcoded-secret-password", pattern_name: "Hardcoded Password", recommendation: "Review this code for potential security issues", confidence: 0.9, pattern_type: :hardcoded_secret}
18:48:57.479 [debug] Match confidence: 0.1848, min_confidence: 0.7, match: %{type: "js-hardcoded-secret-password", context: %{node_type: "VariableDeclarator", depth: 3, parent_type: "VariableDeclaration"}, location: %{depth: 3, end_column: 848, end_line: 1, start_line: 1, start_column: 837}, severity: "high", pattern_id: "js-hardcoded-secret-password", pattern_name: "Hardcoded Password", recommendation: "Review this code for potential security issues", confidence: 0.9, pattern_type: :hardcoded_secret}
18:48:57.479 [debug] Match confidence: 0.1848, min_confidence: 0.7, match: %{type: "js-hardcoded-secret-password", context: %{node_type: "VariableDeclarator", depth: 3, parent_type: "VariableDeclaration"}, location: %{depth: 3, end_column: 865, end_line: 1, start_line: 1, start_column: 854}, severity: "high", pattern_id: "js-hardcoded-secret-password", pattern_name: "Hardcoded Password", recommendation: "Review this code for potential security issues", confidence: 0.9, pattern_type: :hardcoded_secret}
18:48:57.479 [debug] Match confidence: 0.1848, min_confidence: 0.7, match: %{type: "js-hardcoded-secret-password", context: %{node_type: "VariableDeclarator", depth: 3, parent_type: "VariableDeclaration"}, location: %{depth: 3, end_column: 882, end_line: 1, start_line: 1, start_column: 871}, severity: "high", pattern_id: "js-hardcoded-secret-password", pattern_name: "Hardcoded Password", recommendation: "Review this code for potential security issues", confidence: 0.9, pattern_type: :hardcoded_secret}
18:48:57.479 [debug] Match confidence: 0.1848, min_confidence: 0.7, match: %{type: "js-hardcoded-secret-password", context: %{node_type: "VariableDeclarator", depth: 3, parent_type: "VariableDeclaration"}, location: %{depth: 3, end_column: 899, end_line: 1, start_line: 1, start_column: 888}, severity: "high", pattern_id: "js-hardcoded-secret-password", pattern_name: "Hardcoded Password", recommendation: "Review this code for potential security issues", confidence: 0.9, pattern_type: :hardcoded_secret}
18:48:57.479 [debug] Match confidence: 0.1848, min_confidence: 0.7, match: %{type: "js-hardcoded-secret-password", context: %{node_type: "VariableDeclarator", depth: 3, parent_type: "VariableDeclaration"}, location: %{depth: 3, end_column: 916, end_line: 1, start_line: 1, start_column: 905}, severity: "high", pattern_id: "js-hardcoded-secret-password", pattern_name: "Hardcoded Password", recommendation: "Review this code for potential security issues", confidence: 0.9, pattern_type: :hardcoded_secret}
18:48:57.479 [debug] Match confidence: 0.1848, min_confidence: 0.7, match: %{type: "js-hardcoded-secret-password", context: %{node_type: "VariableDeclarator", depth: 3, parent_type: "VariableDeclaration"}, location: %{depth: 3, end_column: 933, end_line: 1, start_line: 1, start_column: 922}, severity: "high", pattern_id: "js-hardcoded-secret-password", pattern_name: "Hardcoded Password", recommendation: "Review this code for potential security issues", confidence: 0.9, pattern_type: :hardcoded_secret}
18:48:57.479 [debug] Match confidence: 0.1848, min_confidence: 0.7, match: %{type: "js-hardcoded-secret-password", context: %{node_type: "VariableDeclarator", depth: 3, parent_type: "VariableDeclaration"}, location: %{depth: 3, end_column: 950, end_line: 1, start_line: 1, start_column: 939}, severity: "high", pattern_id: "js-hardcoded-secret-password", pattern_name: "Hardcoded Password", recommendation: "Review this code for potential security issues", confidence: 0.9, pattern_type: :hardcoded_secret}
18:48:57.479 [debug] Match confidence: 0.1848, min_confidence: 0.7, match: %{type: "js-hardcoded-secret-password", context: %{node_type: "VariableDeclarator", depth: 3, parent_type: "VariableDeclaration"}, location: %{depth: 3, end_column: 967, end_line: 1, start_line: 1, start_column: 956}, severity: "high", pattern_id: "js-hardcoded-secret-password", pattern_name: "Hardcoded Password", recommendation: "Review this code for potential security issues", confidence: 0.9, pattern_type: :hardcoded_secret}
18:48:57.479 [debug] Match confidence: 0.1848, min_confidence: 0.7, match: %{type: "js-hardcoded-secret-password", context: %{node_type: "VariableDeclarator", depth: 3, parent_type: "VariableDeclaration"}, location: %{depth: 3, end_column: 984, end_line: 1, start_line: 1, start_column: 973}, severity: "high", pattern_id: "js-hardcoded-secret-password", pattern_name: "Hardcoded Password", recommendation: "Review this code for potential security issues", confidence: 0.9, pattern_type: :hardcoded_secret}
18:48:57.480 [debug] Match confidence: 0.1848, min_confidence: 0.7, match: %{type: "js-hardcoded-secret-password", context: %{node_type: "VariableDeclarator", depth: 3, parent_type: "VariableDeclaration"}, location: %{depth: 3, end_column: 1001, end_line: 1, start_line: 1, start_column: 990}, severity: "high", pattern_id: "js-hardcoded-secret-password", pattern_name: "Hardcoded Password", recommendation: "Review this code for potential security issues", confidence: 0.9, pattern_type: :hardcoded_secret}
18:48:57.480 [debug] Match confidence: 0.1848, min_confidence: 0.7, match: %{type: "js-hardcoded-secret-password", context: %{node_type: "VariableDeclarator", depth: 3, parent_type: "VariableDeclaration"}, location: %{depth: 3, end_column: 1018, end_line: 1, start_line: 1, start_column: 1007}, severity: "high", pattern_id: "js-hardcoded-secret-password", pattern_name: "Hardcoded Password", recommendation: "Review this code for potential security issues", confidence: 0.9, pattern_type: :hardcoded_secret}
18:48:57.480 [debug] Match confidence: 0.1848, min_confidence: 0.7, match: %{type: "js-hardcoded-secret-password", context: %{node_type: "VariableDeclarator", depth: 3, parent_type: "VariableDeclaration"}, location: %{depth: 3, end_column: 1035, end_line: 1, start_line: 1, start_column: 1024}, severity: "high", pattern_id: "js-hardcoded-secret-password", pattern_name: "Hardcoded Password", recommendation: "Review this code for potential security issues", confidence: 0.9, pattern_type: :hardcoded_secret}
18:48:57.480 [debug] Match confidence: 0.1848, min_confidence: 0.7, match: %{type: "js-hardcoded-secret-password", context: %{node_type: "VariableDeclarator", depth: 3, parent_type: "VariableDeclaration"}, location: %{depth: 3, end_column: 1052, end_line: 1, start_line: 1, start_column: 1041}, severity: "high", pattern_id: "js-hardcoded-secret-password", pattern_name: "Hardcoded Password", recommendation: "Review this code for potential security issues", confidence: 0.9, pattern_type: :hardcoded_secret}
18:48:57.480 [debug] Match confidence: 0.1848, min_confidence: 0.7, match: %{type: "js-hardcoded-secret-password", context: %{node_type: "VariableDeclarator", depth: 3, parent_type: "VariableDeclaration"}, location: %{depth: 3, end_column: 1069, end_line: 1, start_line: 1, start_column: 1058}, severity: "high", pattern_id: "js-hardcoded-secret-password", pattern_name: "Hardcoded Password", recommendation: "Review this code for potential security issues", confidence: 0.9, pattern_type: :hardcoded_secret}
18:48:57.480 [debug] Match confidence: 0.1848, min_confidence: 0.7, match: %{type: "js-hardcoded-secret-password", context: %{node_type: "VariableDeclarator", depth: 3, parent_type: "VariableDeclaration"}, location: %{depth: 3, end_column: 1086, end_line: 1, start_line: 1, start_column: 1075}, severity: "high", pattern_id: "js-hardcoded-secret-password", pattern_name: "Hardcoded Password", recommendation: "Review this code for potential security issues", confidence: 0.9, pattern_type: :hardcoded_secret}
18:48:57.480 [debug] Match confidence: 0.1848, min_confidence: 0.7, match: %{type: "js-hardcoded-secret-password", context: %{node_type: "VariableDeclarator", depth: 3, parent_type: "VariableDeclaration"}, location: %{depth: 3, end_column: 1103, end_line: 1, start_line: 1, start_column: 1092}, severity: "high", pattern_id: "js-hardcoded-secret-password", pattern_name: "Hardcoded Password", recommendation: "Review this code for potential security issues", confidence: 0.9, pattern_type: :hardcoded_secret}
18:48:57.480 [debug] Match confidence: 0.1848, min_confidence: 0.7, match: %{type: "js-hardcoded-secret-password", context: %{node_type: "VariableDeclarator", depth: 3, parent_type: "VariableDeclaration"}, location: %{depth: 3, end_column: 1120, end_line: 1, start_line: 1, start_column: 1109}, severity: "high", pattern_id: "js-hardcoded-secret-password", pattern_name: "Hardcoded Password", recommendation: "Review this code for potential security issues", confidence: 0.9, pattern_type: :hardcoded_secret}
18:48:57.480 [debug] Match confidence: 0.1848, min_confidence: 0.7, match: %{type: "js-hardcoded-secret-password", context: %{node_type: "VariableDeclarator", depth: 3, parent_type: "VariableDeclaration"}, location: %{depth: 3, end_column: 1137, end_line: 1, start_line: 1, start_column: 1126}, severity: "high", pattern_id: "js-hardcoded-secret-password", pattern_name: "Hardcoded Password", recommendation: "Review this code for potential security issues", confidence: 0.9, pattern_type: :hardcoded_secret}
18:48:57.480 [debug] Match confidence: 0.1848, min_confidence: 0.7, match: %{type: "js-hardcoded-secret-password", context: %{node_type: "VariableDeclarator", depth: 3, parent_type: "VariableDeclaration"}, location: %{depth: 3, end_column: 1154, end_line: 1, start_line: 1, start_column: 1143}, severity: "high", pattern_id: "js-hardcoded-secret-password", pattern_name: "Hardcoded Password", recommendation: "Review this code for potential security issues", confidence: 0.9, pattern_type: :hardcoded_secret}
18:48:57.480 [debug] Match confidence: 0.1848, min_confidence: 0.7, match: %{type: "js-hardcoded-secret-password", context: %{node_type: "VariableDeclarator", depth: 3, parent_type: "VariableDeclaration"}, location: %{depth: 3, end_column: 1171, end_line: 1, start_line: 1, start_column: 1160}, severity: "high", pattern_id: "js-hardcoded-secret-password", pattern_name: "Hardcoded Password", recommendation: "Review this code for potential security issues", confidence: 0.9, pattern_type: :hardcoded_secret}
18:48:57.480 [debug] Match confidence: 0.1848, min_confidence: 0.7, match: %{type: "js-hardcoded-secret-password", context: %{node_type: "VariableDeclarator", depth: 3, parent_type: "VariableDeclaration"}, location: %{depth: 3, end_column: 1188, end_line: 1, start_line: 1, start_column: 1177}, severity: "high", pattern_id: "js-hardcoded-secret-password", pattern_name: "Hardcoded Password", recommendation: "Review this code for potential security issues", confidence: 0.9, pattern_type: :hardcoded_secret}
18:48:57.480 [debug] Match confidence: 0.1848, min_confidence: 0.7, match: %{type: "js-hardcoded-secret-password", context: %{node_type: "VariableDeclarator", depth: 3, parent_type: "VariableDeclaration"}, location: %{depth: 3, end_column: 1205, end_line: 1, start_line: 1, start_column: 1194}, severity: "high", pattern_id: "js-hardcoded-secret-password", pattern_name: "Hardcoded Password", recommendation: "Review this code for potential security issues", confidence: 0.9, pattern_type: :hardcoded_secret}
18:48:57.480 [debug] Match confidence: 0.1848, min_confidence: 0.7, match: %{type: "js-hardcoded-secret-password", context: %{node_type: "VariableDeclarator", depth: 3, parent_type: "VariableDeclaration"}, location: %{depth: 3, end_column: 1222, end_line: 1, start_line: 1, start_column: 1211}, severity: "high", pattern_id: "js-hardcoded-secret-password", pattern_name: "Hardcoded Password", recommendation: "Review this code for potential security issues", confidence: 0.9, pattern_type: :hardcoded_secret}
18:48:57.480 [debug] Match confidence: 0.1848, min_confidence: 0.7, match: %{type: "js-hardcoded-secret-password", context: %{node_type: "VariableDeclarator", depth: 3, parent_type: "VariableDeclaration"}, location: %{depth: 3, end_column: 1239, end_line: 1, start_line: 1, start_column: 1228}, severity: "high", pattern_id: "js-hardcoded-secret-password", pattern_name: "Hardcoded Password", recommendation: "Review this code for potential security issues", confidence: 0.9, pattern_type: :hardcoded_secret}
18:48:57.480 [debug] Match confidence: 0.1848, min_confidence: 0.7, match: %{type: "js-hardcoded-secret-password", context: %{node_type: "VariableDeclarator", depth: 3, parent_type: "VariableDeclaration"}, location: %{depth: 3, end_column: 1256, end_line: 1, start_line: 1, start_column: 1245}, severity: "high", pattern_id: "js-hardcoded-secret-password", pattern_name: "Hardcoded Password", recommendation: "Review this code for potential security issues", confidence: 0.9, pattern_type: :hardcoded_secret}
18:48:57.480 [debug] Match confidence: 0.1848, min_confidence: 0.7, match: %{type: "js-hardcoded-secret-password", context: %{node_type: "VariableDeclarator", depth: 3, parent_type: "VariableDeclaration"}, location: %{depth: 3, end_column: 1273, end_line: 1, start_line: 1, start_column: 1262}, severity: "high", pattern_id: "js-hardcoded-secret-password", pattern_name: "Hardcoded Password", recommendation: "Review this code for potential security issues", confidence: 0.9, pattern_type: :hardcoded_secret}
18:48:57.480 [debug] Match confidence: 0.1848, min_confidence: 0.7, match: %{type: "js-hardcoded-secret-password", context: %{node_type: "VariableDeclarator", depth: 3, parent_type: "VariableDeclaration"}, location: %{depth: 3, end_column: 1290, end_line: 1, start_line: 1, start_column: 1279}, severity: "high", pattern_id: "js-hardcoded-secret-password", pattern_name: "Hardcoded Password", recommendation: "Review this code for potential security issues", confidence: 0.9, pattern_type: :hardcoded_secret}
18:48:57.480 [debug] Match confidence: 0.1848, min_confidence: 0.7, match: %{type: "js-hardcoded-secret-password", context: %{node_type: "VariableDeclarator", depth: 3, parent_type: "VariableDeclaration"}, location: %{depth: 3, end_column: 1307, end_line: 1, start_line: 1, start_column: 1296}, severity: "high", pattern_id: "js-hardcoded-secret-password", pattern_name: "Hardcoded Password", recommendation: "Review this code for potential security issues", confidence: 0.9, pattern_type: :hardcoded_secret}
18:48:57.480 [debug] Match confidence: 0.1848, min_confidence: 0.7, match: %{type: "js-hardcoded-secret-password", context: %{node_type: "VariableDeclarator", depth: 3, parent_type: "VariableDeclaration"}, location: %{depth: 3, end_column: 1324, end_line: 1, start_line: 1, start_column: 1313}, severity: "high", pattern_id: "js-hardcoded-secret-password", pattern_name: "Hardcoded Password", recommendation: "Review this code for potential security issues", confidence: 0.9, pattern_type: :hardcoded_secret}
18:48:57.480 [debug] Match confidence: 0.1848, min_confidence: 0.7, match: %{type: "js-hardcoded-secret-password", context: %{node_type: "VariableDeclarator", depth: 3, parent_type: "VariableDeclaration"}, location: %{depth: 3, end_column: 1341, end_line: 1, start_line: 1, start_column: 1330}, severity: "high", pattern_id: "js-hardcoded-secret-password", pattern_name: "Hardcoded Password", recommendation: "Review this code for potential security issues", confidence: 0.9, pattern_type: :hardcoded_secret}
18:48:57.480 [debug] Match confidence: 0.1848, min_confidence: 0.7, match: %{type: "js-hardcoded-secret-password", context: %{node_type: "VariableDeclarator", depth: 3, parent_type: "VariableDeclaration"}, location: %{depth: 3, end_column: 1358, end_line: 1, start_line: 1, start_column: 1347}, severity: "high", pattern_id: "js-hardcoded-secret-password", pattern_name: "Hardcoded Password", recommendation: "Review this code for potential security issues", confidence: 0.9, pattern_type: :hardcoded_secret}
18:48:57.480 [debug] Match confidence: 0.1848, min_confidence: 0.7, match: %{type: "js-hardcoded-secret-password", context: %{node_type: "VariableDeclarator", depth: 3, parent_type: "VariableDeclaration"}, location: %{depth: 3, end_column: 1375, end_line: 1, start_line: 1, start_column: 1364}, severity: "high", pattern_id: "js-hardcoded-secret-password", pattern_name: "Hardcoded Password", recommendation: "Review this code for potential security issues", confidence: 0.9, pattern_type: :hardcoded_secret}
18:48:57.480 [debug] Match confidence: 0.1848, min_confidence: 0.7, match: %{type: "js-hardcoded-secret-password", context: %{node_type: "VariableDeclarator", depth: 3, parent_type: "VariableDeclaration"}, location: %{depth: 3, end_column: 1392, end_line: 1, start_line: 1, start_column: 1381}, severity: "high", pattern_id: "js-hardcoded-secret-password", pattern_name: "Hardcoded Password", recommendation: "Review this code for potential security issues", confidence: 0.9, pattern_type: :hardcoded_secret}
18:48:57.480 [debug] Match confidence: 0.1848, min_confidence: 0.7, match: %{type: "js-hardcoded-secret-password", context: %{node_type: "VariableDeclarator", depth: 3, parent_type: "VariableDeclaration"}, location: %{depth: 3, end_column: 1409, end_line: 1, start_line: 1, start_column: 1398}, severity: "high", pattern_id: "js-hardcoded-secret-password", pattern_name: "Hardcoded Password", recommendation: "Review this code for potential security issues", confidence: 0.9, pattern_type: :hardcoded_secret}
18:48:57.480 [debug] Match confidence: 0.1848, min_confidence: 0.7, match: %{type: "js-hardcoded-secret-password", context: %{node_type: "VariableDeclarator", depth: 3, parent_type: "VariableDeclaration"}, location: %{depth: 3, end_column: 1426, end_line: 1, start_line: 1, start_column: 1415}, severity: "high", pattern_id: "js-hardcoded-secret-password", pattern_name: "Hardcoded Password", recommendation: "Review this code for potential security issues", confidence: 0.9, pattern_type: :hardcoded_secret}
18:48:57.480 [debug] Match confidence: 0.1848, min_confidence: 0.7, match: %{type: "js-hardcoded-secret-password", context: %{node_type: "VariableDeclarator", depth: 3, parent_type: "VariableDeclaration"}, location: %{depth: 3, end_column: 1443, end_line: 1, start_line: 1, start_column: 1432}, severity: "high", pattern_id: "js-hardcoded-secret-password", pattern_name: "Hardcoded Password", recommendation: "Review this code for potential security issues", confidence: 0.9, pattern_type: :hardcoded_secret}
18:48:57.480 [debug] Match confidence: 0.1848, min_confidence: 0.7, match: %{type: "js-hardcoded-secret-password", context: %{node_type: "VariableDeclarator", depth: 3, parent_type: "VariableDeclaration"}, location: %{depth: 3, end_column: 1460, end_line: 1, start_line: 1, start_column: 1449}, severity: "high", pattern_id: "js-hardcoded-secret-password", pattern_name: "Hardcoded Password", recommendation: "Review this code for potential security issues", confidence: 0.9, pattern_type: :hardcoded_secret}
18:48:57.480 [debug] Match confidence: 0.1848, min_confidence: 0.7, match: %{type: "js-hardcoded-secret-password", context: %{node_type: "VariableDeclarator", depth: 3, parent_type: "VariableDeclaration"}, location: %{depth: 3, end_column: 1477, end_line: 1, start_line: 1, start_column: 1466}, severity: "high", pattern_id: "js-hardcoded-secret-password", pattern_name: "Hardcoded Password", recommendation: "Review this code for potential security issues", confidence: 0.9, pattern_type: :hardcoded_secret}
18:48:57.480 [debug] Match confidence: 0.1848, min_confidence: 0.7, match: %{type: "js-hardcoded-secret-password", context: %{node_type: "VariableDeclarator", depth: 3, parent_type: "VariableDeclaration"}, location: %{depth: 3, end_column: 1494, end_line: 1, start_line: 1, start_column: 1483}, severity: "high", pattern_id: "js-hardcoded-secret-password", pattern_name: "Hardcoded Password", recommendation: "Review this code for potential security issues", confidence: 0.9, pattern_type: :hardcoded_secret}
18:48:57.480 [debug] Match confidence: 0.1848, min_confidence: 0.7, match: %{type: "js-hardcoded-secret-password", context: %{node_type: "VariableDeclarator", depth: 3, parent_type: "VariableDeclaration"}, location: %{depth: 3, end_column: 1511, end_line: 1, start_line: 1, start_column: 1500}, severity: "high", pattern_id: "js-hardcoded-secret-password", pattern_name: "Hardcoded Password", recommendation: "Review this code for potential security issues", confidence: 0.9, pattern_type: :hardcoded_secret}
18:48:57.480 [debug] Match confidence: 0.1848, min_confidence: 0.7, match: %{type: "js-hardcoded-secret-password", context: %{node_type: "VariableDeclarator", depth: 3, parent_type: "VariableDeclaration"}, location: %{depth: 3, end_column: 1528, end_line: 1, start_line: 1, start_column: 1517}, severity: "high", pattern_id: "js-hardcoded-secret-password", pattern_name: "Hardcoded Password", recommendation: "Review this code for potential security issues", confidence: 0.9, pattern_type: :hardcoded_secret}
18:48:57.480 [debug] Match confidence: 0.1848, min_confidence: 0.7, match: %{type: "js-hardcoded-secret-password", context: %{node_type: "VariableDeclarator", depth: 3, parent_type: "VariableDeclaration"}, location: %{depth: 3, end_column: 1545, end_line: 1, start_line: 1, start_column: 1534}, severity: "high", pattern_id: "js-hardcoded-secret-password", pattern_name: "Hardcoded Password", recommendation: "Review this code for potential security issues", confidence: 0.9, pattern_type: :hardcoded_secret}
18:48:57.481 [debug] Match confidence: 0.1848, min_confidence: 0.7, match: %{type: "js-hardcoded-secret-password", context: %{node_type: "VariableDeclarator", depth: 3, parent_type: "VariableDeclaration"}, location: %{depth: 3, end_column: 1562, end_line: 1, start_line: 1, start_column: 1551}, severity: "high", pattern_id: "js-hardcoded-secret-password", pattern_name: "Hardcoded Password", recommendation: "Review this code for potential security issues", confidence: 0.9, pattern_type: :hardcoded_secret}
18:48:57.481 [debug] Match confidence: 0.1848, min_confidence: 0.7, match: %{type: "js-hardcoded-secret-password", context: %{node_type: "VariableDeclarator", depth: 3, parent_type: "VariableDeclaration"}, location: %{depth: 3, end_column: 1579, end_line: 1, start_line: 1, start_column: 1568}, severity: "high", pattern_id: "js-hardcoded-secret-password", pattern_name: "Hardcoded Password", recommendation: "Review this code for potential security issues", confidence: 0.9, pattern_type: :hardcoded_secret}
18:48:57.481 [debug] Match confidence: 0.1848, min_confidence: 0.7, match: %{type: "js-hardcoded-secret-password", context: %{node_type: "VariableDeclarator", depth: 3, parent_type: "VariableDeclaration"}, location: %{depth: 3, end_column: 1596, end_line: 1, start_line: 1, start_column: 1585}, severity: "high", pattern_id: "js-hardcoded-secret-password", pattern_name: "Hardcoded Password", recommendation: "Review this code for potential security issues", confidence: 0.9, pattern_type: :hardcoded_secret}
18:48:57.481 [debug] Match confidence: 0.1848, min_confidence: 0.7, match: %{type: "js-hardcoded-secret-password", context: %{node_type: "VariableDeclarator", depth: 3, parent_type: "VariableDeclaration"}, location: %{depth: 3, end_column: 1613, end_line: 1, start_line: 1, start_column: 1602}, severity: "high", pattern_id: "js-hardcoded-secret-password", pattern_name: "Hardcoded Password", recommendation: "Review this code for potential security issues", confidence: 0.9, pattern_type: :hardcoded_secret}
18:48:57.481 [debug] Match confidence: 0.1848, min_confidence: 0.7, match: %{type: "js-hardcoded-secret-password", context: %{node_type: "VariableDeclarator", depth: 3, parent_type: "VariableDeclaration"}, location: %{depth: 3, end_column: 1630, end_line: 1, start_line: 1, start_column: 1619}, severity: "high", pattern_id: "js-hardcoded-secret-password", pattern_name: "Hardcoded Password", recommendation: "Review this code for potential security issues", confidence: 0.9, pattern_type: :hardcoded_secret}
18:48:57.481 [debug] Match confidence: 0.1848, min_confidence: 0.7, match: %{type: "js-hardcoded-secret-password", context: %{node_type: "VariableDeclarator", depth: 3, parent_type: "VariableDeclaration"}, location: %{depth: 3, end_column: 1647, end_line: 1, start_line: 1, start_column: 1636}, severity: "high", pattern_id: "js-hardcoded-secret-password", pattern_name: "Hardcoded Password", recommendation: "Review this code for potential security issues", confidence: 0.9, pattern_type: :hardcoded_secret}
18:48:57.481 [debug] Match confidence: 0.1848, min_confidence: 0.7, match: %{type: "js-hardcoded-secret-password", context: %{node_type: "VariableDeclarator", depth: 3, parent_type: "VariableDeclaration"}, location: %{depth: 3, end_column: 1664, end_line: 1, start_line: 1, start_column: 1653}, severity: "high", pattern_id: "js-hardcoded-secret-password", pattern_name: "Hardcoded Password", recommendation: "Review this code for potential security issues", confidence: 0.9, pattern_type: :hardcoded_secret}
18:48:57.481 [debug] Match confidence: 0.1848, min_confidence: 0.7, match: %{type: "js-hardcoded-secret-password", context: %{node_type: "VariableDeclarator", depth: 3, parent_type: "VariableDeclaration"}, location: %{depth: 3, end_column: 1681, end_line: 1, start_line: 1, start_column: 1670}, severity: "high", pattern_id: "js-hardcoded-secret-password", pattern_name: "Hardcoded Password", recommendation: "Review this code for potential security issues", confidence: 0.9, pattern_type: :hardcoded_secret}
18:48:57.481 [debug] Match confidence: 0.1848, min_confidence: 0.7, match: %{type: "js-hardcoded-secret-password", context: %{node_type: "VariableDeclarator", depth: 3, parent_type: "VariableDeclaration"}, location: %{depth: 3, end_column: 1698, end_line: 1, start_line: 1, start_column: 1687}, severity: "high", pattern_id: "js-hardcoded-secret-password", pattern_name: "Hardcoded Password", recommendation: "Review this code for potential security issues", confidence: 0.9, pattern_type: :hardcoded_secret}
18:48:57.481 [debug] Match confidence: 0.1848, min_confidence: 0.7, match: %{type: "js-hardcoded-secret-api-key", context: %{node_type: "VariableDeclarator", depth: 3, parent_type: "VariableDeclaration"}, location: %{depth: 3, end_column: 15, end_line: 1, start_line: 1, start_column: 4}, severity: "high", pattern_id: "js-hardcoded-secret-api-key", pattern_name: "Hardcoded API Key", recommendation: "Review this code for potential security issues", confidence: 0.9, pattern_type: :hardcoded_secret}
18:48:57.481 [debug] Match confidence: 0.1848, min_confidence: 0.7, match: %{type: "js-hardcoded-secret-api-key", context: %{node_type: "VariableDeclarator", depth: 3, parent_type: "VariableDeclaration"}, location: %{depth: 3, end_column: 32, end_line: 1, start_line: 1, start_column: 21}, severity: "high", pattern_id: "js-hardcoded-secret-api-key", pattern_name: "Hardcoded API Key", recommendation: "Review this code for potential security issues", confidence: 0.9, pattern_type: :hardcoded_secret}
18:48:57.481 [debug] Match confidence: 0.1848, min_confidence: 0.7, match: %{type: "js-hardcoded-secret-api-key", context: %{node_type: "VariableDeclarator", depth: 3, parent_type: "VariableDeclaration"}, location: %{depth: 3, end_column: 49, end_line: 1, start_line: 1, start_column: 38}, severity: "high", pattern_id: "js-hardcoded-secret-api-key", pattern_name: "Hardcoded API Key", recommendation: "Review this code for potential security issues", confidence: 0.9, pattern_type: :hardcoded_secret}
18:48:57.481 [debug] Match confidence: 0.1848, min_confidence: 0.7, match: %{type: "js-hardcoded-secret-api-key", context: %{node_type: "VariableDeclarator", depth: 3, parent_type: "VariableDeclaration"}, location: %{depth: 3, end_column: 66, end_line: 1, start_line: 1, start_column: 55}, severity: "high", pattern_id: "js-hardcoded-secret-api-key", pattern_name: "Hardcoded API Key", recommendation: "Review this code for potential security issues", confidence: 0.9, pattern_type: :hardcoded_secret}
18:48:57.481 [debug] Match confidence: 0.1848, min_confidence: 0.7, match: %{type: "js-hardcoded-secret-api-key", context: %{node_type: "VariableDeclarator", depth: 3, parent_type: "VariableDeclaration"}, location: %{depth: 3, end_column: 83, end_line: 1, start_line: 1, start_column: 72}, severity: "high", pattern_id: "js-hardcoded-secret-api-key", pattern_name: "Hardcoded API Key", recommendation: "Review this code for potential security issues", confidence: 0.9, pattern_type: :hardcoded_secret}
18:48:57.481 [debug] Match confidence: 0.1848, min_confidence: 0.7, match: %{type: "js-hardcoded-secret-api-key", context: %{node_type: "VariableDeclarator", depth: 3, parent_type: "VariableDeclaration"}, location: %{depth: 3, end_column: 100, end_line: 1, start_line: 1, start_column: 89}, severity: "high", pattern_id: "js-hardcoded-secret-api-key", pattern_name: "Hardcoded API Key", recommendation: "Review this code for potential security issues", confidence: 0.9, pattern_type: :hardcoded_secret}
18:48:57.481 [debug] Match confidence: 0.1848, min_confidence: 0.7, match: %{type: "js-hardcoded-secret-api-key", context: %{node_type: "VariableDeclarator", depth: 3, parent_type: "VariableDeclaration"}, location: %{depth: 3, end_column: 117, end_line: 1, start_line: 1, start_column: 106}, severity: "high", pattern_id: "js-hardcoded-secret-api-key", pattern_name: "Hardcoded API Key", recommendation: "Review this code for potential security issues", confidence: 0.9, pattern_type: :hardcoded_secret}
18:48:57.481 [debug] Match confidence: 0.1848, min_confidence: 0.7, match: %{type: "js-hardcoded-secret-api-key", context: %{node_type: "VariableDeclarator", depth: 3, parent_type: "VariableDeclaration"}, location: %{depth: 3, end_column: 134, end_line: 1, start_line: 1, start_column: 123}, severity: "high", pattern_id: "js-hardcoded-secret-api-key", pattern_name: "Hardcoded API Key", recommendation: "Review this code for potential security issues", confidence: 0.9, pattern_type: :hardcoded_secret}
18:48:57.481 [debug] Match confidence: 0.1848, min_confidence: 0.7, match: %{type: "js-hardcoded-secret-api-key", context: %{node_type: "VariableDeclarator", depth: 3, parent_type: "VariableDeclaration"}, location: %{depth: 3, end_column: 151, end_line: 1, start_line: 1, start_column: 140}, severity: "high", pattern_id: "js-hardcoded-secret-api-key", pattern_name: "Hardcoded API Key", recommendation: "Review this code for potential security issues", confidence: 0.9, pattern_type: :hardcoded_secret}
18:48:57.481 [debug] Match confidence: 0.1848, min_confidence: 0.7, match: %{type: "js-hardcoded-secret-api-key", context: %{node_type: "VariableDeclarator", depth: 3, parent_type: "VariableDeclaration"}, location: %{depth: 3, end_column: 168, end_line: 1, start_line: 1, start_column: 157}, severity: "high", pattern_id: "js-hardcoded-secret-api-key", pattern_name: "Hardcoded API Key", recommendation: "Review this code for potential security issues", confidence: 0.9, pattern_type: :hardcoded_secret}
18:48:57.481 [debug] Match confidence: 0.1848, min_confidence: 0.7, match: %{type: "js-hardcoded-secret-api-key", context: %{node_type: "VariableDeclarator", depth: 3, parent_type: "VariableDeclaration"}, location: %{depth: 3, end_column: 185, end_line: 1, start_line: 1, start_column: 174}, severity: "high", pattern_id: "js-hardcoded-secret-api-key", pattern_name: "Hardcoded API Key", recommendation: "Review this code for potential security issues", confidence: 0.9, pattern_type: :hardcoded_secret}
18:48:57.481 [debug] Match confidence: 0.1848, min_confidence: 0.7, match: %{type: "js-hardcoded-secret-api-key", context: %{node_type: "VariableDeclarator", depth: 3, parent_type: "VariableDeclaration"}, location: %{depth: 3, end_column: 202, end_line: 1, start_line: 1, start_column: 191}, severity: "high", pattern_id: "js-hardcoded-secret-api-key", pattern_name: "Hardcoded API Key", recommendation: "Review this code for potential security issues", confidence: 0.9, pattern_type: :hardcoded_secret}
18:48:57.481 [debug] Match confidence: 0.1848, min_confidence: 0.7, match: %{type: "js-hardcoded-secret-api-key", context: %{node_type: "VariableDeclarator", depth: 3, parent_type: "VariableDeclaration"}, location: %{depth: 3, end_column: 219, end_line: 1, start_line: 1, start_column: 208}, severity: "high", pattern_id: "js-hardcoded-secret-api-key", pattern_name: "Hardcoded API Key", recommendation: "Review this code for potential security issues", confidence: 0.9, pattern_type: :hardcoded_secret}
18:48:57.481 [debug] Match confidence: 0.1848, min_confidence: 0.7, match: %{type: "js-hardcoded-secret-api-key", context: %{node_type: "VariableDeclarator", depth: 3, parent_type: "VariableDeclaration"}, location: %{depth: 3, end_column: 236, end_line: 1, start_line: 1, start_column: 225}, severity: "high", pattern_id: "js-hardcoded-secret-api-key", pattern_name: "Hardcoded API Key", recommendation: "Review this code for potential security issues", confidence: 0.9, pattern_type: :hardcoded_secret}
18:48:57.481 [debug] Match confidence: 0.1848, min_confidence: 0.7, match: %{type: "js-hardcoded-secret-api-key", context: %{node_type: "VariableDeclarator", depth: 3, parent_type: "VariableDeclaration"}, location: %{depth: 3, end_column: 253, end_line: 1, start_line: 1, start_column: 242}, severity: "high", pattern_id: "js-hardcoded-secret-api-key", pattern_name: "Hardcoded API Key", recommendation: "Review this code for potential security issues", confidence: 0.9, pattern_type: :hardcoded_secret}
18:48:57.481 [debug] Match confidence: 0.1848, min_confidence: 0.7, match: %{type: "js-hardcoded-secret-api-key", context: %{node_type: "VariableDeclarator", depth: 3, parent_type: "VariableDeclaration"}, location: %{depth: 3, end_column: 270, end_line: 1, start_line: 1, start_column: 259}, severity: "high", pattern_id: "js-hardcoded-secret-api-key", pattern_name: "Hardcoded API Key", recommendation: "Review this code for potential security issues", confidence: 0.9, pattern_type: :hardcoded_secret}
18:48:57.481 [debug] Match confidence: 0.1848, min_confidence: 0.7, match: %{type: "js-hardcoded-secret-api-key", context: %{node_type: "VariableDeclarator", depth: 3, parent_type: "VariableDeclaration"}, location: %{depth: 3, end_column: 287, end_line: 1, start_line: 1, start_column: 276}, severity: "high", pattern_id: "js-hardcoded-secret-api-key", pattern_name: "Hardcoded API Key", recommendation: "Review this code for potential security issues", confidence: 0.9, pattern_type: :hardcoded_secret}
18:48:57.481 [debug] Match confidence: 0.1848, min_confidence: 0.7, match: %{type: "js-hardcoded-secret-api-key", context: %{node_type: "VariableDeclarator", depth: 3, parent_type: "VariableDeclaration"}, location: %{depth: 3, end_column: 304, end_line: 1, start_line: 1, start_column: 293}, severity: "high", pattern_id: "js-hardcoded-secret-api-key", pattern_name: "Hardcoded API Key", recommendation: "Review this code for potential security issues", confidence: 0.9, pattern_type: :hardcoded_secret}
18:48:57.481 [debug] Match confidence: 0.1848, min_confidence: 0.7, match: %{type: "js-hardcoded-secret-api-key", context: %{node_type: "VariableDeclarator", depth: 3, parent_type: "VariableDeclaration"}, location: %{depth: 3, end_column: 321, end_line: 1, start_line: 1, start_column: 310}, severity: "high", pattern_id: "js-hardcoded-secret-api-key", pattern_name: "Hardcoded API Key", recommendation: "Review this code for potential security issues", confidence: 0.9, pattern_type: :hardcoded_secret}
18:48:57.481 [debug] Match confidence: 0.1848, min_confidence: 0.7, match: %{type: "js-hardcoded-secret-api-key", context: %{node_type: "VariableDeclarator", depth: 3, parent_type: "VariableDeclaration"}, location: %{depth: 3, end_column: 338, end_line: 1, start_line: 1, start_column: 327}, severity: "high", pattern_id: "js-hardcoded-secret-api-key", pattern_name: "Hardcoded API Key", recommendation: "Review this code for potential security issues", confidence: 0.9, pattern_type: :hardcoded_secret}
18:48:57.481 [debug] Match confidence: 0.1848, min_confidence: 0.7, match: %{type: "js-hardcoded-secret-api-key", context: %{node_type: "VariableDeclarator", depth: 3, parent_type: "VariableDeclaration"}, location: %{depth: 3, end_column: 355, end_line: 1, start_line: 1, start_column: 344}, severity: "high", pattern_id: "js-hardcoded-secret-api-key", pattern_name: "Hardcoded API Key", recommendation: "Review this code for potential security issues", confidence: 0.9, pattern_type: :hardcoded_secret}
18:48:57.482 [debug] Match confidence: 0.1848, min_confidence: 0.7, match: %{type: "js-hardcoded-secret-api-key", context: %{node_type: "VariableDeclarator", depth: 3, parent_type: "VariableDeclaration"}, location: %{depth: 3, end_column: 372, end_line: 1, start_line: 1, start_column: 361}, severity: "high", pattern_id: "js-hardcoded-secret-api-key", pattern_name: "Hardcoded API Key", recommendation: "Review this code for potential security issues", confidence: 0.9, pattern_type: :hardcoded_secret}
18:48:57.482 [debug] Match confidence: 0.1848, min_confidence: 0.7, match: %{type: "js-hardcoded-secret-api-key", context: %{node_type: "VariableDeclarator", depth: 3, parent_type: "VariableDeclaration"}, location: %{depth: 3, end_column: 389, end_line: 1, start_line: 1, start_column: 378}, severity: "high", pattern_id: "js-hardcoded-secret-api-key", pattern_name: "Hardcoded API Key", recommendation: "Review this code for potential security issues", confidence: 0.9, pattern_type: :hardcoded_secret}
18:48:57.482 [debug] Match confidence: 0.1848, min_confidence: 0.7, match: %{type: "js-hardcoded-secret-api-key", context: %{node_type: "VariableDeclarator", depth: 3, parent_type: "VariableDeclaration"}, location: %{depth: 3, end_column: 406, end_line: 1, start_line: 1, start_column: 395}, severity: "high", pattern_id: "js-hardcoded-secret-api-key", pattern_name: "Hardcoded API Key", recommendation: "Review this code for potential security issues", confidence: 0.9, pattern_type: :hardcoded_secret}
18:48:57.482 [debug] Match confidence: 0.1848, min_confidence: 0.7, match: %{type: "js-hardcoded-secret-api-key", context: %{node_type: "VariableDeclarator", depth: 3, parent_type: "VariableDeclaration"}, location: %{depth: 3, end_column: 423, end_line: 1, start_line: 1, start_column: 412}, severity: "high", pattern_id: "js-hardcoded-secret-api-key", pattern_name: "Hardcoded API Key", recommendation: "Review this code for potential security issues", confidence: 0.9, pattern_type: :hardcoded_secret}
18:48:57.482 [debug] Match confidence: 0.1848, min_confidence: 0.7, match: %{type: "js-hardcoded-secret-api-key", context: %{node_type: "VariableDeclarator", depth: 3, parent_type: "VariableDeclaration"}, location: %{depth: 3, end_column: 440, end_line: 1, start_line: 1, start_column: 429}, severity: "high", pattern_id: "js-hardcoded-secret-api-key", pattern_name: "Hardcoded API Key", recommendation: "Review this code for potential security issues", confidence: 0.9, pattern_type: :hardcoded_secret}
18:48:57.482 [debug] Match confidence: 0.1848, min_confidence: 0.7, match: %{type: "js-hardcoded-secret-api-key", context: %{node_type: "VariableDeclarator", depth: 3, parent_type: "VariableDeclaration"}, location: %{depth: 3, end_column: 457, end_line: 1, start_line: 1, start_column: 446}, severity: "high", pattern_id: "js-hardcoded-secret-api-key", pattern_name: "Hardcoded API Key", recommendation: "Review this code for potential security issues", confidence: 0.9, pattern_type: :hardcoded_secret}
18:48:57.482 [debug] Match confidence: 0.1848, min_confidence: 0.7, match: %{type: "js-hardcoded-secret-api-key", context: %{node_type: "VariableDeclarator", depth: 3, parent_type: "VariableDeclaration"}, location: %{depth: 3, end_column: 474, end_line: 1, start_line: 1, start_column: 463}, severity: "high", pattern_id: "js-hardcoded-secret-api-key", pattern_name: "Hardcoded API Key", recommendation: "Review this code for potential security issues", confidence: 0.9, pattern_type: :hardcoded_secret}
18:48:57.484 [debug] Match confidence: 0.1848, min_confidence: 0.7, match: %{type: "js-hardcoded-secret-api-key", context: %{node_type: "VariableDeclarator", depth: 3, parent_type: "VariableDeclaration"}, location: %{depth: 3, end_column: 491, end_line: 1, start_line: 1, start_column: 480}, severity: "high", pattern_id: "js-hardcoded-secret-api-key", pattern_name: "Hardcoded API Key", recommendation: "Review this code for potential security issues", confidence: 0.9, pattern_type: :hardcoded_secret}
18:48:57.484 [debug] Match confidence: 0.1848, min_confidence: 0.7, match: %{type: "js-hardcoded-secret-api-key", context: %{node_type: "VariableDeclarator", depth: 3, parent_type: "VariableDeclaration"}, location: %{depth: 3, end_column: 508, end_line: 1, start_line: 1, start_column: 497}, severity: "high", pattern_id: "js-hardcoded-secret-api-key", pattern_name: "Hardcoded API Key", recommendation: "Review this code for potential security issues", confidence: 0.9, pattern_type: :hardcoded_secret}
18:48:57.484 [debug] Match confidence: 0.1848, min_confidence: 0.7, match: %{type: "js-hardcoded-secret-api-key", context: %{node_type: "VariableDeclarator", depth: 3, parent_type: "VariableDeclaration"}, location: %{depth: 3, end_column: 525, end_line: 1, start_line: 1, start_column: 514}, severity: "high", pattern_id: "js-hardcoded-secret-api-key", pattern_name: "Hardcoded API Key", recommendation: "Review this code for potential security issues", confidence: 0.9, pattern_type: :hardcoded_secret}
18:48:57.484 [debug] Match confidence: 0.1848, min_confidence: 0.7, match: %{type: "js-hardcoded-secret-api-key", context: %{node_type: "VariableDeclarator", depth: 3, parent_type: "VariableDeclaration"}, location: %{depth: 3, end_column: 542, end_line: 1, start_line: 1, start_column: 531}, severity: "high", pattern_id: "js-hardcoded-secret-api-key", pattern_name: "Hardcoded API Key", recommendation: "Review this code for potential security issues", confidence: 0.9, pattern_type: :hardcoded_secret}
18:48:57.484 [debug] Match confidence: 0.1848, min_confidence: 0.7, match: %{type: "js-hardcoded-secret-api-key", context: %{node_type: "VariableDeclarator", depth: 3, parent_type: "VariableDeclaration"}, location: %{depth: 3, end_column: 559, end_line: 1, start_line: 1, start_column: 548}, severity: "high", pattern_id: "js-hardcoded-secret-api-key", pattern_name: "Hardcoded API Key", recommendation: "Review this code for potential security issues", confidence: 0.9, pattern_type: :hardcoded_secret}
18:48:57.490 [debug] Match confidence: 0.1848, min_confidence: 0.7, match: %{type: "js-hardcoded-secret-api-key", context: %{node_type: "VariableDeclarator", depth: 3, parent_type: "VariableDeclaration"}, location: %{depth: 3, end_column: 576, end_line: 1, start_line: 1, start_column: 565}, severity: "high", pattern_id: "js-hardcoded-secret-api-key", pattern_name: "Hardcoded API Key", recommendation: "Review this code for potential security issues", confidence: 0.9, pattern_type: :hardcoded_secret}
18:48:57.490 [debug] Match confidence: 0.1848, min_confidence: 0.7, match: %{type: "js-hardcoded-secret-api-key", context: %{node_type: "VariableDeclarator", depth: 3, parent_type: "VariableDeclaration"}, location: %{depth: 3, end_column: 593, end_line: 1, start_line: 1, start_column: 582}, severity: "high", pattern_id: "js-hardcoded-secret-api-key", pattern_name: "Hardcoded API Key", recommendation: "Review this code for potential security issues", confidence: 0.9, pattern_type: :hardcoded_secret}
18:48:57.490 [debug] Match confidence: 0.1848, min_confidence: 0.7, match: %{type: "js-hardcoded-secret-api-key", context: %{node_type: "VariableDeclarator", depth: 3, parent_type: "VariableDeclaration"}, location: %{depth: 3, end_column: 610, end_line: 1, start_line: 1, start_column: 599}, severity: "high", pattern_id: "js-hardcoded-secret-api-key", pattern_name: "Hardcoded API Key", recommendation: "Review this code for potential security issues", confidence: 0.9, pattern_type: :hardcoded_secret}
18:48:57.490 [debug] Match confidence: 0.1848, min_confidence: 0.7, match: %{type: "js-hardcoded-secret-api-key", context: %{node_type: "VariableDeclarator", depth: 3, parent_type: "VariableDeclaration"}, location: %{depth: 3, end_column: 627, end_line: 1, start_line: 1, start_column: 616}, severity: "high", pattern_id: "js-hardcoded-secret-api-key", pattern_name: "Hardcoded API Key", recommendation: "Review this code for potential security issues", confidence: 0.9, pattern_type: :hardcoded_secret}
18:48:57.490 [debug] Match confidence: 0.1848, min_confidence: 0.7, match: %{type: "js-hardcoded-secret-api-key", context: %{node_type: "VariableDeclarator", depth: 3, parent_type: "VariableDeclaration"}, location: %{depth: 3, end_column: 644, end_line: 1, start_line: 1, start_column: 633}, severity: "high", pattern_id: "js-hardcoded-secret-api-key", pattern_name: "Hardcoded API Key", recommendation: "Review this code for potential security issues", confidence: 0.9, pattern_type: :hardcoded_secret}
18:48:57.490 [debug] Match confidence: 0.1848, min_confidence: 0.7, match: %{type: "js-hardcoded-secret-api-key", context: %{node_type: "VariableDeclarator", depth: 3, parent_type: "VariableDeclaration"}, location: %{depth: 3, end_column: 661, end_line: 1, start_line: 1, start_column: 650}, severity: "high", pattern_id: "js-hardcoded-secret-api-key", pattern_name: "Hardcoded API Key", recommendation: "Review this code for potential security issues", confidence: 0.9, pattern_type: :hardcoded_secret}
18:48:57.490 [debug] Match confidence: 0.1848, min_confidence: 0.7, match: %{type: "js-hardcoded-secret-api-key", context: %{node_type: "VariableDeclarator", depth: 3, parent_type: "VariableDeclaration"}, location: %{depth: 3, end_column: 678, end_line: 1, start_line: 1, start_column: 667}, severity: "high", pattern_id: "js-hardcoded-secret-api-key", pattern_name: "Hardcoded API Key", recommendation: "Review this code for potential security issues", confidence: 0.9, pattern_type: :hardcoded_secret}
18:48:57.490 [debug] Match confidence: 0.1848, min_confidence: 0.7, match: %{type: "js-hardcoded-secret-api-key", context: %{node_type: "VariableDeclarator", depth: 3, parent_type: "VariableDeclaration"}, location: %{depth: 3, end_column: 695, end_line: 1, start_line: 1, start_column: 684}, severity: "high", pattern_id: "js-hardcoded-secret-api-key", pattern_name: "Hardcoded API Key", recommendation: "Review this code for potential security issues", confidence: 0.9, pattern_type: :hardcoded_secret}
18:48:57.490 [debug] Match confidence: 0.1848, min_confidence: 0.7, match: %{type: "js-hardcoded-secret-api-key", context: %{node_type: "VariableDeclarator", depth: 3, parent_type: "VariableDeclaration"}, location: %{depth: 3, end_column: 712, end_line: 1, start_line: 1, start_column: 701}, severity: "high", pattern_id: "js-hardcoded-secret-api-key", pattern_name: "Hardcoded API Key", recommendation: "Review this code for potential security issues", confidence: 0.9, pattern_type: :hardcoded_secret}
18:48:57.490 [debug] Match confidence: 0.1848, min_confidence: 0.7, match: %{type: "js-hardcoded-secret-api-key", context: %{node_type: "VariableDeclarator", depth: 3, parent_type: "VariableDeclaration"}, location: %{depth: 3, end_column: 729, end_line: 1, start_line: 1, start_column: 718}, severity: "high", pattern_id: "js-hardcoded-secret-api-key", pattern_name: "Hardcoded API Key", recommendation: "Review this code for potential security issues", confidence: 0.9, pattern_type: :hardcoded_secret}
18:48:57.490 [debug] Match confidence: 0.1848, min_confidence: 0.7, match: %{type: "js-hardcoded-secret-api-key", context: %{node_type: "VariableDeclarator", depth: 3, parent_type: "VariableDeclaration"}, location: %{depth: 3, end_column: 746, end_line: 1, start_line: 1, start_column: 735}, severity: "high", pattern_id: "js-hardcoded-secret-api-key", pattern_name: "Hardcoded API Key", recommendation: "Review this code for potential security issues", confidence: 0.9, pattern_type: :hardcoded_secret}
18:48:57.490 [debug] Match confidence: 0.1848, min_confidence: 0.7, match: %{type: "js-hardcoded-secret-api-key", context: %{node_type: "VariableDeclarator", depth: 3, parent_type: "VariableDeclaration"}, location: %{depth: 3, end_column: 763, end_line: 1, start_line: 1, start_column: 752}, severity: "high", pattern_id: "js-hardcoded-secret-api-key", pattern_name: "Hardcoded API Key", recommendation: "Review this code for potential security issues", confidence: 0.9, pattern_type: :hardcoded_secret}
18:48:57.490 [debug] Match confidence: 0.1848, min_confidence: 0.7, match: %{type: "js-hardcoded-secret-api-key", context: %{node_type: "VariableDeclarator", depth: 3, parent_type: "VariableDeclaration"}, location: %{depth: 3, end_column: 780, end_line: 1, start_line: 1, start_column: 769}, severity: "high", pattern_id: "js-hardcoded-secret-api-key", pattern_name: "Hardcoded API Key", recommendation: "Review this code for potential security issues", confidence: 0.9, pattern_type: :hardcoded_secret}
18:48:57.490 [debug] Match confidence: 0.1848, min_confidence: 0.7, match: %{type: "js-hardcoded-secret-api-key", context: %{node_type: "VariableDeclarator", depth: 3, parent_type: "VariableDeclaration"}, location: %{depth: 3, end_column: 797, end_line: 1, start_line: 1, start_column: 786}, severity: "high", pattern_id: "js-hardcoded-secret-api-key", pattern_name: "Hardcoded API Key", recommendation: "Review this code for potential security issues", confidence: 0.9, pattern_type: :hardcoded_secret}
18:48:57.490 [debug] Match confidence: 0.1848, min_confidence: 0.7, match: %{type: "js-hardcoded-secret-api-key", context: %{node_type: "VariableDeclarator", depth: 3, parent_type: "VariableDeclaration"}, location: %{depth: 3, end_column: 814, end_line: 1, start_line: 1, start_column: 803}, severity: "high", pattern_id: "js-hardcoded-secret-api-key", pattern_name: "Hardcoded API Key", recommendation: "Review this code for potential security issues", confidence: 0.9, pattern_type: :hardcoded_secret}
18:48:57.490 [debug] Match confidence: 0.1848, min_confidence: 0.7, match: %{type: "js-hardcoded-secret-api-key", context: %{node_type: "VariableDeclarator", depth: 3, parent_type: "VariableDeclaration"}, location: %{depth: 3, end_column: 831, end_line: 1, start_line: 1, start_column: 820}, severity: "high", pattern_id: "js-hardcoded-secret-api-key", pattern_name: "Hardcoded API Key", recommendation: "Review this code for potential security issues", confidence: 0.9, pattern_type: :hardcoded_secret}
18:48:57.490 [debug] Match confidence: 0.1848, min_confidence: 0.7, match: %{type: "js-hardcoded-secret-api-key", context: %{node_type: "VariableDeclarator", depth: 3, parent_type: "VariableDeclaration"}, location: %{depth: 3, end_column: 848, end_line: 1, start_line: 1, start_column: 837}, severity: "high", pattern_id: "js-hardcoded-secret-api-key", pattern_name: "Hardcoded API Key", recommendation: "Review this code for potential security issues", confidence: 0.9, pattern_type: :hardcoded_secret}
18:48:57.490 [debug] Match confidence: 0.1848, min_confidence: 0.7, match: %{type: "js-hardcoded-secret-api-key", context: %{node_type: "VariableDeclarator", depth: 3, parent_type: "VariableDeclaration"}, location: %{depth: 3, end_column: 865, end_line: 1, start_line: 1, start_column: 854}, severity: "high", pattern_id: "js-hardcoded-secret-api-key", pattern_name: "Hardcoded API Key", recommendation: "Review this code for potential security issues", confidence: 0.9, pattern_type: :hardcoded_secret}
18:48:57.490 [debug] Match confidence: 0.1848, min_confidence: 0.7, match: %{type: "js-hardcoded-secret-api-key", context: %{node_type: "VariableDeclarator", depth: 3, parent_type: "VariableDeclaration"}, location: %{depth: 3, end_column: 882, end_line: 1, start_line: 1, start_column: 871}, severity: "high", pattern_id: "js-hardcoded-secret-api-key", pattern_name: "Hardcoded API Key", recommendation: "Review this code for potential security issues", confidence: 0.9, pattern_type: :hardcoded_secret}
18:48:57.490 [debug] Match confidence: 0.1848, min_confidence: 0.7, match: %{type: "js-hardcoded-secret-api-key", context: %{node_type: "VariableDeclarator", depth: 3, parent_type: "VariableDeclaration"}, location: %{depth: 3, end_column: 899, end_line: 1, start_line: 1, start_column: 888}, severity: "high", pattern_id: "js-hardcoded-secret-api-key", pattern_name: "Hardcoded API Key", recommendation: "Review this code for potential security issues", confidence: 0.9, pattern_type: :hardcoded_secret}
18:48:57.490 [debug] Match confidence: 0.1848, min_confidence: 0.7, match: %{type: "js-hardcoded-secret-api-key", context: %{node_type: "VariableDeclarator", depth: 3, parent_type: "VariableDeclaration"}, location: %{depth: 3, end_column: 916, end_line: 1, start_line: 1, start_column: 905}, severity: "high", pattern_id: "js-hardcoded-secret-api-key", pattern_name: "Hardcoded API Key", recommendation: "Review this code for potential security issues", confidence: 0.9, pattern_type: :hardcoded_secret}
18:48:57.490 [debug] Match confidence: 0.1848, min_confidence: 0.7, match: %{type: "js-hardcoded-secret-api-key", context: %{node_type: "VariableDeclarator", depth: 3, parent_type: "VariableDeclaration"}, location: %{depth: 3, end_column: 933, end_line: 1, start_line: 1, start_column: 922}, severity: "high", pattern_id: "js-hardcoded-secret-api-key", pattern_name: "Hardcoded API Key", recommendation: "Review this code for potential security issues", confidence: 0.9, pattern_type: :hardcoded_secret}
18:48:57.490 [debug] Match confidence: 0.1848, min_confidence: 0.7, match: %{type: "js-hardcoded-secret-api-key", context: %{node_type: "VariableDeclarator", depth: 3, parent_type: "VariableDeclaration"}, location: %{depth: 3, end_column: 950, end_line: 1, start_line: 1, start_column: 939}, severity: "high", pattern_id: "js-hardcoded-secret-api-key", pattern_name: "Hardcoded API Key", recommendation: "Review this code for potential security issues", confidence: 0.9, pattern_type: :hardcoded_secret}
18:48:57.490 [debug] Match confidence: 0.1848, min_confidence: 0.7, match: %{type: "js-hardcoded-secret-api-key", context: %{node_type: "VariableDeclarator", depth: 3, parent_type: "VariableDeclaration"}, location: %{depth: 3, end_column: 967, end_line: 1, start_line: 1, start_column: 956}, severity: "high", pattern_id: "js-hardcoded-secret-api-key", pattern_name: "Hardcoded API Key", recommendation: "Review this code for potential security issues", confidence: 0.9, pattern_type: :hardcoded_secret}
18:48:57.490 [debug] Match confidence: 0.1848, min_confidence: 0.7, match: %{type: "js-hardcoded-secret-api-key", context: %{node_type: "VariableDeclarator", depth: 3, parent_type: "VariableDeclaration"}, location: %{depth: 3, end_column: 984, end_line: 1, start_line: 1, start_column: 973}, severity: "high", pattern_id: "js-hardcoded-secret-api-key", pattern_name: "Hardcoded API Key", recommendation: "Review this code for potential security issues", confidence: 0.9, pattern_type: :hardcoded_secret}
18:48:57.490 [debug] Match confidence: 0.1848, min_confidence: 0.7, match: %{type: "js-hardcoded-secret-api-key", context: %{node_type: "VariableDeclarator", depth: 3, parent_type: "VariableDeclaration"}, location: %{depth: 3, end_column: 1001, end_line: 1, start_line: 1, start_column: 990}, severity: "high", pattern_id: "js-hardcoded-secret-api-key", pattern_name: "Hardcoded API Key", recommendation: "Review this code for potential security issues", confidence: 0.9, pattern_type: :hardcoded_secret}
18:48:57.490 [debug] Match confidence: 0.1848, min_confidence: 0.7, match: %{type: "js-hardcoded-secret-api-key", context: %{node_type: "VariableDeclarator", depth: 3, parent_type: "VariableDeclaration"}, location: %{depth: 3, end_column: 1018, end_line: 1, start_line: 1, start_column: 1007}, severity: "high", pattern_id: "js-hardcoded-secret-api-key", pattern_name: "Hardcoded API Key", recommendation: "Review this code for potential security issues", confidence: 0.9, pattern_type: :hardcoded_secret}
18:48:57.491 [debug] Match confidence: 0.1848, min_confidence: 0.7, match: %{type: "js-hardcoded-secret-api-key", context: %{node_type: "VariableDeclarator", depth: 3, parent_type: "VariableDeclaration"}, location: %{depth: 3, end_column: 1035, end_line: 1, start_line: 1, start_column: 1024}, severity: "high", pattern_id: "js-hardcoded-secret-api-key", pattern_name: "Hardcoded API Key", recommendation: "Review this code for potential security issues", confidence: 0.9, pattern_type: :hardcoded_secret}
18:48:57.491 [debug] Match confidence: 0.1848, min_confidence: 0.7, match: %{type: "js-hardcoded-secret-api-key", context: %{node_type: "VariableDeclarator", depth: 3, parent_type: "VariableDeclaration"}, location: %{depth: 3, end_column: 1052, end_line: 1, start_line: 1, start_column: 1041}, severity: "high", pattern_id: "js-hardcoded-secret-api-key", pattern_name: "Hardcoded API Key", recommendation: "Review this code for potential security issues", confidence: 0.9, pattern_type: :hardcoded_secret}
18:48:57.491 [debug] Match confidence: 0.1848, min_confidence: 0.7, match: %{type: "js-hardcoded-secret-api-key", context: %{node_type: "VariableDeclarator", depth: 3, parent_type: "VariableDeclaration"}, location: %{depth: 3, end_column: 1069, end_line: 1, start_line: 1, start_column: 1058}, severity: "high", pattern_id: "js-hardcoded-secret-api-key", pattern_name: "Hardcoded API Key", recommendation: "Review this code for potential security issues", confidence: 0.9, pattern_type: :hardcoded_secret}
18:48:57.491 [debug] Match confidence: 0.1848, min_confidence: 0.7, match: %{type: "js-hardcoded-secret-api-key", context: %{node_type: "VariableDeclarator", depth: 3, parent_type: "VariableDeclaration"}, location: %{depth: 3, end_column: 1086, end_line: 1, start_line: 1, start_column: 1075}, severity: "high", pattern_id: "js-hardcoded-secret-api-key", pattern_name: "Hardcoded API Key", recommendation: "Review this code for potential security issues", confidence: 0.9, pattern_type: :hardcoded_secret}
18:48:57.491 [debug] Match confidence: 0.1848, min_confidence: 0.7, match: %{type: "js-hardcoded-secret-api-key", context: %{node_type: "VariableDeclarator", depth: 3, parent_type: "VariableDeclaration"}, location: %{depth: 3, end_column: 1103, end_line: 1, start_line: 1, start_column: 1092}, severity: "high", pattern_id: "js-hardcoded-secret-api-key", pattern_name: "Hardcoded API Key", recommendation: "Review this code for potential security issues", confidence: 0.9, pattern_type: :hardcoded_secret}
18:48:57.491 [debug] Match confidence: 0.1848, min_confidence: 0.7, match: %{type: "js-hardcoded-secret-api-key", context: %{node_type: "VariableDeclarator", depth: 3, parent_type: "VariableDeclaration"}, location: %{depth: 3, end_column: 1120, end_line: 1, start_line: 1, start_column: 1109}, severity: "high", pattern_id: "js-hardcoded-secret-api-key", pattern_name: "Hardcoded API Key", recommendation: "Review this code for potential security issues", confidence: 0.9, pattern_type: :hardcoded_secret}
18:48:57.491 [debug] Match confidence: 0.1848, min_confidence: 0.7, match: %{type: "js-hardcoded-secret-api-key", context: %{node_type: "VariableDeclarator", depth: 3, parent_type: "VariableDeclaration"}, location: %{depth: 3, end_column: 1137, end_line: 1, start_line: 1, start_column: 1126}, severity: "high", pattern_id: "js-hardcoded-secret-api-key", pattern_name: "Hardcoded API Key", recommendation: "Review this code for potential security issues", confidence: 0.9, pattern_type: :hardcoded_secret}
18:48:57.491 [debug] Match confidence: 0.1848, min_confidence: 0.7, match: %{type: "js-hardcoded-secret-api-key", context: %{node_type: "VariableDeclarator", depth: 3, parent_type: "VariableDeclaration"}, location: %{depth: 3, end_column: 1154, end_line: 1, start_line: 1, start_column: 1143}, severity: "high", pattern_id: "js-hardcoded-secret-api-key", pattern_name: "Hardcoded API Key", recommendation: "Review this code for potential security issues", confidence: 0.9, pattern_type: :hardcoded_secret}
18:48:57.491 [debug] Match confidence: 0.1848, min_confidence: 0.7, match: %{type: "js-hardcoded-secret-api-key", context: %{node_type: "VariableDeclarator", depth: 3, parent_type: "VariableDeclaration"}, location: %{depth: 3, end_column: 1171, end_line: 1, start_line: 1, start_column: 1160}, severity: "high", pattern_id: "js-hardcoded-secret-api-key", pattern_name: "Hardcoded API Key", recommendation: "Review this code for potential security issues", confidence: 0.9, pattern_type: :hardcoded_secret}
18:48:57.491 [debug] Match confidence: 0.1848, min_confidence: 0.7, match: %{type: "js-hardcoded-secret-api-key", context: %{node_type: "VariableDeclarator", depth: 3, parent_type: "VariableDeclaration"}, location: %{depth: 3, end_column: 1188, end_line: 1, start_line: 1, start_column: 1177}, severity: "high", pattern_id: "js-hardcoded-secret-api-key", pattern_name: "Hardcoded API Key", recommendation: "Review this code for potential security issues", confidence: 0.9, pattern_type: :hardcoded_secret}
18:48:57.491 [debug] Match confidence: 0.1848, min_confidence: 0.7, match: %{type: "js-hardcoded-secret-api-key", context: %{node_type: "VariableDeclarator", depth: 3, parent_type: "VariableDeclaration"}, location: %{depth: 3, end_column: 1205, end_line: 1, start_line: 1, start_column: 1194}, severity: "high", pattern_id: "js-hardcoded-secret-api-key", pattern_name: "Hardcoded API Key", recommendation: "Review this code for potential security issues", confidence: 0.9, pattern_type: :hardcoded_secret}
18:48:57.491 [debug] Match confidence: 0.1848, min_confidence: 0.7, match: %{type: "js-hardcoded-secret-api-key", context: %{node_type: "VariableDeclarator", depth: 3, parent_type: "VariableDeclaration"}, location: %{depth: 3, end_column: 1222, end_line: 1, start_line: 1, start_column: 1211}, severity: "high", pattern_id: "js-hardcoded-secret-api-key", pattern_name: "Hardcoded API Key", recommendation: "Review this code for potential security issues", confidence: 0.9, pattern_type: :hardcoded_secret}
18:48:57.491 [debug] Match confidence: 0.1848, min_confidence: 0.7, match: %{type: "js-hardcoded-secret-api-key", context: %{node_type: "VariableDeclarator", depth: 3, parent_type: "VariableDeclaration"}, location: %{depth: 3, end_column: 1239, end_line: 1, start_line: 1, start_column: 1228}, severity: "high", pattern_id: "js-hardcoded-secret-api-key", pattern_name: "Hardcoded API Key", recommendation: "Review this code for potential security issues", confidence: 0.9, pattern_type: :hardcoded_secret}
18:48:57.491 [debug] Match confidence: 0.1848, min_confidence: 0.7, match: %{type: "js-hardcoded-secret-api-key", context: %{node_type: "VariableDeclarator", depth: 3, parent_type: "VariableDeclaration"}, location: %{depth: 3, end_column: 1256, end_line: 1, start_line: 1, start_column: 1245}, severity: "high", pattern_id: "js-hardcoded-secret-api-key", pattern_name: "Hardcoded API Key", recommendation: "Review this code for potential security issues", confidence: 0.9, pattern_type: :hardcoded_secret}
18:48:57.491 [debug] Match confidence: 0.1848, min_confidence: 0.7, match: %{type: "js-hardcoded-secret-api-key", context: %{node_type: "VariableDeclarator", depth: 3, parent_type: "VariableDeclaration"}, location: %{depth: 3, end_column: 1273, end_line: 1, start_line: 1, start_column: 1262}, severity: "high", pattern_id: "js-hardcoded-secret-api-key", pattern_name: "Hardcoded API Key", recommendation: "Review this code for potential security issues", confidence: 0.9, pattern_type: :hardcoded_secret}
18:48:57.491 [debug] Match confidence: 0.1848, min_confidence: 0.7, match: %{type: "js-hardcoded-secret-api-key", context: %{node_type: "VariableDeclarator", depth: 3, parent_type: "VariableDeclaration"}, location: %{depth: 3, end_column: 1290, end_line: 1, start_line: 1, start_column: 1279}, severity: "high", pattern_id: "js-hardcoded-secret-api-key", pattern_name: "Hardcoded API Key", recommendation: "Review this code for potential security issues", confidence: 0.9, pattern_type: :hardcoded_secret}
18:48:57.491 [debug] Match confidence: 0.1848, min_confidence: 0.7, match: %{type: "js-hardcoded-secret-api-key", context: %{node_type: "VariableDeclarator", depth: 3, parent_type: "VariableDeclaration"}, location: %{depth: 3, end_column: 1307, end_line: 1, start_line: 1, start_column: 1296}, severity: "high", pattern_id: "js-hardcoded-secret-api-key", pattern_name: "Hardcoded API Key", recommendation: "Review this code for potential security issues", confidence: 0.9, pattern_type: :hardcoded_secret}
18:48:57.491 [debug] Match confidence: 0.1848, min_confidence: 0.7, match: %{type: "js-hardcoded-secret-api-key", context: %{node_type: "VariableDeclarator", depth: 3, parent_type: "VariableDeclaration"}, location: %{depth: 3, end_column: 1324, end_line: 1, start_line: 1, start_column: 1313}, severity: "high", pattern_id: "js-hardcoded-secret-api-key", pattern_name: "Hardcoded API Key", recommendation: "Review this code for potential security issues", confidence: 0.9, pattern_type: :hardcoded_secret}
18:48:57.491 [debug] Match confidence: 0.1848, min_confidence: 0.7, match: %{type: "js-hardcoded-secret-api-key", context: %{node_type: "VariableDeclarator", depth: 3, parent_type: "VariableDeclaration"}, location: %{depth: 3, end_column: 1341, end_line: 1, start_line: 1, start_column: 1330}, severity: "high", pattern_id: "js-hardcoded-secret-api-key", pattern_name: "Hardcoded API Key", recommendation: "Review this code for potential security issues", confidence: 0.9, pattern_type: :hardcoded_secret}
18:48:57.491 [debug] Match confidence: 0.1848, min_confidence: 0.7, match: %{type: "js-hardcoded-secret-api-key", context: %{node_type: "VariableDeclarator", depth: 3, parent_type: "VariableDeclaration"}, location: %{depth: 3, end_column: 1358, end_line: 1, start_line: 1, start_column: 1347}, severity: "high", pattern_id: "js-hardcoded-secret-api-key", pattern_name: "Hardcoded API Key", recommendation: "Review this code for potential security issues", confidence: 0.9, pattern_type: :hardcoded_secret}
18:48:57.491 [debug] Match confidence: 0.1848, min_confidence: 0.7, match: %{type: "js-hardcoded-secret-api-key", context: %{node_type: "VariableDeclarator", depth: 3, parent_type: "VariableDeclaration"}, location: %{depth: 3, end_column: 1375, end_line: 1, start_line: 1, start_column: 1364}, severity: "high", pattern_id: "js-hardcoded-secret-api-key", pattern_name: "Hardcoded API Key", recommendation: "Review this code for potential security issues", confidence: 0.9, pattern_type: :hardcoded_secret}
18:48:57.491 [debug] Match confidence: 0.1848, min_confidence: 0.7, match: %{type: "js-hardcoded-secret-api-key", context: %{node_type: "VariableDeclarator", depth: 3, parent_type: "VariableDeclaration"}, location: %{depth: 3, end_column: 1392, end_line: 1, start_line: 1, start_column: 1381}, severity: "high", pattern_id: "js-hardcoded-secret-api-key", pattern_name: "Hardcoded API Key", recommendation: "Review this code for potential security issues", confidence: 0.9, pattern_type: :hardcoded_secret}
18:48:57.491 [debug] Match confidence: 0.1848, min_confidence: 0.7, match: %{type: "js-hardcoded-secret-api-key", context: %{node_type: "VariableDeclarator", depth: 3, parent_type: "VariableDeclaration"}, location: %{depth: 3, end_column: 1409, end_line: 1, start_line: 1, start_column: 1398}, severity: "high", pattern_id: "js-hardcoded-secret-api-key", pattern_name: "Hardcoded API Key", recommendation: "Review this code for potential security issues", confidence: 0.9, pattern_type: :hardcoded_secret}
18:48:57.491 [debug] Match confidence: 0.1848, min_confidence: 0.7, match: %{type: "js-hardcoded-secret-api-key", context: %{node_type: "VariableDeclarator", depth: 3, parent_type: "VariableDeclaration"}, location: %{depth: 3, end_column: 1426, end_line: 1, start_line: 1, start_column: 1415}, severity: "high", pattern_id: "js-hardcoded-secret-api-key", pattern_name: "Hardcoded API Key", recommendation: "Review this code for potential security issues", confidence: 0.9, pattern_type: :hardcoded_secret}
18:48:57.491 [debug] Match confidence: 0.1848, min_confidence: 0.7, match: %{type: "js-hardcoded-secret-api-key", context: %{node_type: "VariableDeclarator", depth: 3, parent_type: "VariableDeclaration"}, location: %{depth: 3, end_column: 1443, end_line: 1, start_line: 1, start_column: 1432}, severity: "high", pattern_id: "js-hardcoded-secret-api-key", pattern_name: "Hardcoded API Key", recommendation: "Review this code for potential security issues", confidence: 0.9, pattern_type: :hardcoded_secret}
18:48:57.491 [debug] Match confidence: 0.1848, min_confidence: 0.7, match: %{type: "js-hardcoded-secret-api-key", context: %{node_type: "VariableDeclarator", depth: 3, parent_type: "VariableDeclaration"}, location: %{depth: 3, end_column: 1460, end_line: 1, start_line: 1, start_column: 1449}, severity: "high", pattern_id: "js-hardcoded-secret-api-key", pattern_name: "Hardcoded API Key", recommendation: "Review this code for potential security issues", confidence: 0.9, pattern_type: :hardcoded_secret}
18:48:57.491 [debug] Match confidence: 0.1848, min_confidence: 0.7, match: %{type: "js-hardcoded-secret-api-key", context: %{node_type: "VariableDeclarator", depth: 3, parent_type: "VariableDeclaration"}, location: %{depth: 3, end_column: 1477, end_line: 1, start_line: 1, start_column: 1466}, severity: "high", pattern_id: "js-hardcoded-secret-api-key", pattern_name: "Hardcoded API Key", recommendation: "Review this code for potential security issues", confidence: 0.9, pattern_type: :hardcoded_secret}
18:48:57.492 [debug] Match confidence: 0.1848, min_confidence: 0.7, match: %{type: "js-hardcoded-secret-api-key", context: %{node_type: "VariableDeclarator", depth: 3, parent_type: "VariableDeclaration"}, location: %{depth: 3, end_column: 1494, end_line: 1, start_line: 1, start_column: 1483}, severity: "high", pattern_id: "js-hardcoded-secret-api-key", pattern_name: "Hardcoded API Key", recommendation: "Review this code for potential security issues", confidence: 0.9, pattern_type: :hardcoded_secret}
18:48:57.492 [debug] Match confidence: 0.1848, min_confidence: 0.7, match: %{type: "js-hardcoded-secret-api-key", context: %{node_type: "VariableDeclarator", depth: 3, parent_type: "VariableDeclaration"}, location: %{depth: 3, end_column: 1511, end_line: 1, start_line: 1, start_column: 1500}, severity: "high", pattern_id: "js-hardcoded-secret-api-key", pattern_name: "Hardcoded API Key", recommendation: "Review this code for potential security issues", confidence: 0.9, pattern_type: :hardcoded_secret}
18:48:57.492 [debug] Match confidence: 0.1848, min_confidence: 0.7, match: %{type: "js-hardcoded-secret-api-key", context: %{node_type: "VariableDeclarator", depth: 3, parent_type: "VariableDeclaration"}, location: %{depth: 3, end_column: 1528, end_line: 1, start_line: 1, start_column: 1517}, severity: "high", pattern_id: "js-hardcoded-secret-api-key", pattern_name: "Hardcoded API Key", recommendation: "Review this code for potential security issues", confidence: 0.9, pattern_type: :hardcoded_secret}
18:48:57.492 [debug] Match confidence: 0.1848, min_confidence: 0.7, match: %{type: "js-hardcoded-secret-api-key", context: %{node_type: "VariableDeclarator", depth: 3, parent_type: "VariableDeclaration"}, location: %{depth: 3, end_column: 1545, end_line: 1, start_line: 1, start_column: 1534}, severity: "high", pattern_id: "js-hardcoded-secret-api-key", pattern_name: "Hardcoded API Key", recommendation: "Review this code for potential security issues", confidence: 0.9, pattern_type: :hardcoded_secret}
18:48:57.492 [debug] Match confidence: 0.1848, min_confidence: 0.7, match: %{type: "js-hardcoded-secret-api-key", context: %{node_type: "VariableDeclarator", depth: 3, parent_type: "VariableDeclaration"}, location: %{depth: 3, end_column: 1562, end_line: 1, start_line: 1, start_column: 1551}, severity: "high", pattern_id: "js-hardcoded-secret-api-key", pattern_name: "Hardcoded API Key", recommendation: "Review this code for potential security issues", confidence: 0.9, pattern_type: :hardcoded_secret}
18:48:57.492 [debug] Match confidence: 0.1848, min_confidence: 0.7, match: %{type: "js-hardcoded-secret-api-key", context: %{node_type: "VariableDeclarator", depth: 3, parent_type: "VariableDeclaration"}, location: %{depth: 3, end_column: 1579, end_line: 1, start_line: 1, start_column: 1568}, severity: "high", pattern_id: "js-hardcoded-secret-api-key", pattern_name: "Hardcoded API Key", recommendation: "Review this code for potential security issues", confidence: 0.9, pattern_type: :hardcoded_secret}
18:48:57.492 [debug] Match confidence: 0.1848, min_confidence: 0.7, match: %{type: "js-hardcoded-secret-api-key", context: %{node_type: "VariableDeclarator", depth: 3, parent_type: "VariableDeclaration"}, location: %{depth: 3, end_column: 1596, end_line: 1, start_line: 1, start_column: 1585}, severity: "high", pattern_id: "js-hardcoded-secret-api-key", pattern_name: "Hardcoded API Key", recommendation: "Review this code for potential security issues", confidence: 0.9, pattern_type: :hardcoded_secret}
18:48:57.492 [debug] Match confidence: 0.1848, min_confidence: 0.7, match: %{type: "js-hardcoded-secret-api-key", context: %{node_type: "VariableDeclarator", depth: 3, parent_type: "VariableDeclaration"}, location: %{depth: 3, end_column: 1613, end_line: 1, start_line: 1, start_column: 1602}, severity: "high", pattern_id: "js-hardcoded-secret-api-key", pattern_name: "Hardcoded API Key", recommendation: "Review this code for potential security issues", confidence: 0.9, pattern_type: :hardcoded_secret}
18:48:57.492 [debug] Match confidence: 0.1848, min_confidence: 0.7, match: %{type: "js-hardcoded-secret-api-key", context: %{node_type: "VariableDeclarator", depth: 3, parent_type: "VariableDeclaration"}, location: %{depth: 3, end_column: 1630, end_line: 1, start_line: 1, start_column: 1619}, severity: "high", pattern_id: "js-hardcoded-secret-api-key", pattern_name: "Hardcoded API Key", recommendation: "Review this code for potential security issues", confidence: 0.9, pattern_type: :hardcoded_secret}
18:48:57.493 [debug] Match confidence: 0.1848, min_confidence: 0.7, match: %{type: "js-hardcoded-secret-api-key", context: %{node_type: "VariableDeclarator", depth: 3, parent_type: "VariableDeclaration"}, location: %{depth: 3, end_column: 1647, end_line: 1, start_line: 1, start_column: 1636}, severity: "high", pattern_id: "js-hardcoded-secret-api-key", pattern_name: "Hardcoded API Key", recommendation: "Review this code for potential security issues", confidence: 0.9, pattern_type: :hardcoded_secret}
18:48:57.494 [debug] Match confidence: 0.1848, min_confidence: 0.7, match: %{type: "js-hardcoded-secret-api-key", context: %{node_type: "VariableDeclarator", depth: 3, parent_type: "VariableDeclaration"}, location: %{depth: 3, end_column: 1664, end_line: 1, start_line: 1, start_column: 1653}, severity: "high", pattern_id: "js-hardcoded-secret-api-key", pattern_name: "Hardcoded API Key", recommendation: "Review this code for potential security issues", confidence: 0.9, pattern_type: :hardcoded_secret}
18:48:57.494 [debug] Match confidence: 0.1848, min_confidence: 0.7, match: %{type: "js-hardcoded-secret-api-key", context: %{node_type: "VariableDeclarator", depth: 3, parent_type: "VariableDeclaration"}, location: %{depth: 3, end_column: 1681, end_line: 1, start_line: 1, start_column: 1670}, severity: "high", pattern_id: "js-hardcoded-secret-api-key", pattern_name: "Hardcoded API Key", recommendation: "Review this code for potential security issues", confidence: 0.9, pattern_type: :hardcoded_secret}
18:48:57.494 [debug] Match confidence: 0.1848, min_confidence: 0.7, match: %{type: "js-hardcoded-secret-api-key", context: %{node_type: "VariableDeclarator", depth: 3, parent_type: "VariableDeclaration"}, location: %{depth: 3, end_column: 1698, end_line: 1, start_line: 1, start_column: 1687}, severity: "high", pattern_id: "js-hardcoded-secret-api-key", pattern_name: "Hardcoded API Key", recommendation: "Review this code for potential security issues", confidence: 0.9, pattern_type: :hardcoded_secret}
18:48:57.637 [debug] Parser response received
18:48:57.638 [info] AnalysisService: Loaded 30 patterns for javascript
18:48:57.679 [info] AnalysisService: Found 200 matches
18:48:57.679 [debug] Match confidence: 0.1848, min_confidence: 0.7, match: %{type: "js-hardcoded-secret-password", context: %{node_type: "VariableDeclarator", depth: 3, parent_type: "VariableDeclaration"}, location: %{depth: 3, end_column: 15, end_line: 1, start_line: 1, start_column: 4}, severity: "high", pattern_id: "js-hardcoded-secret-password", pattern_name: "Hardcoded Password", recommendation: "Review this code for potential security issues", confidence: 0.9, pattern_type: :hardcoded_secret}
18:48:57.679 [debug] Match confidence: 0.1848, min_confidence: 0.7, match: %{type: "js-hardcoded-secret-password", context: %{node_type: "VariableDeclarator", depth: 3, parent_type: "VariableDeclaration"}, location: %{depth: 3, end_column: 32, end_line: 1, start_line: 1, start_column: 21}, severity: "high", pattern_id: "js-hardcoded-secret-password", pattern_name: "Hardcoded Password", recommendation: "Review this code for potential security issues", confidence: 0.9, pattern_type: :hardcoded_secret}
18:48:57.679 [debug] Match confidence: 0.1848, min_confidence: 0.7, match: %{type: "js-hardcoded-secret-password", context: %{node_type: "VariableDeclarator", depth: 3, parent_type: "VariableDeclaration"}, location: %{depth: 3, end_column: 49, end_line: 1, start_line: 1, start_column: 38}, severity: "high", pattern_id: "js-hardcoded-secret-password", pattern_name: "Hardcoded Password", recommendation: "Review this code for potential security issues", confidence: 0.9, pattern_type: :hardcoded_secret}
18:48:57.679 [debug] Match confidence: 0.1848, min_confidence: 0.7, match: %{type: "js-hardcoded-secret-password", context: %{node_type: "VariableDeclarator", depth: 3, parent_type: "VariableDeclaration"}, location: %{depth: 3, end_column: 66, end_line: 1, start_line: 1, start_column: 55}, severity: "high", pattern_id: "js-hardcoded-secret-password", pattern_name: "Hardcoded Password", recommendation: "Review this code for potential security issues", confidence: 0.9, pattern_type: :hardcoded_secret}
18:48:57.679 [debug] Match confidence: 0.1848, min_confidence: 0.7, match: %{type: "js-hardcoded-secret-password", context: %{node_type: "VariableDeclarator", depth: 3, parent_type: "VariableDeclaration"}, location: %{depth: 3, end_column: 83, end_line: 1, start_line: 1, start_column: 72}, severity: "high", pattern_id: "js-hardcoded-secret-password", pattern_name: "Hardcoded Password", recommendation: "Review this code for potential security issues", confidence: 0.9, pattern_type: :hardcoded_secret}
18:48:57.679 [debug] Match confidence: 0.1848, min_confidence: 0.7, match: %{type: "js-hardcoded-secret-password", context: %{node_type: "VariableDeclarator", depth: 3, parent_type: "VariableDeclaration"}, location: %{depth: 3, end_column: 100, end_line: 1, start_line: 1, start_column: 89}, severity: "high", pattern_id: "js-hardcoded-secret-password", pattern_name: "Hardcoded Password", recommendation: "Review this code for potential security issues", confidence: 0.9, pattern_type: :hardcoded_secret}
18:48:57.679 [debug] Match confidence: 0.1848, min_confidence: 0.7, match: %{type: "js-hardcoded-secret-password", context: %{node_type: "VariableDeclarator", depth: 3, parent_type: "VariableDeclaration"}, location: %{depth: 3, end_column: 117, end_line: 1, start_line: 1, start_column: 106}, severity: "high", pattern_id: "js-hardcoded-secret-password", pattern_name: "Hardcoded Password", recommendation: "Review this code for potential security issues", confidence: 0.9, pattern_type: :hardcoded_secret}
18:48:57.679 [debug] Match confidence: 0.1848, min_confidence: 0.7, match: %{type: "js-hardcoded-secret-password", context: %{node_type: "VariableDeclarator", depth: 3, parent_type: "VariableDeclaration"}, location: %{depth: 3, end_column: 134, end_line: 1, start_line: 1, start_column: 123}, severity: "high", pattern_id: "js-hardcoded-secret-password", pattern_name: "Hardcoded Password", recommendation: "Review this code for potential security issues", confidence: 0.9, pattern_type: :hardcoded_secret}
18:48:57.679 [debug] Match confidence: 0.1848, min_confidence: 0.7, match: %{type: "js-hardcoded-secret-password", context: %{node_type: "VariableDeclarator", depth: 3, parent_type: "VariableDeclaration"}, location: %{depth: 3, end_column: 151, end_line: 1, start_line: 1, start_column: 140}, severity: "high", pattern_id: "js-hardcoded-secret-password", pattern_name: "Hardcoded Password", recommendation: "Review this code for potential security issues", confidence: 0.9, pattern_type: :hardcoded_secret}
18:48:57.679 [debug] Match confidence: 0.1848, min_confidence: 0.7, match: %{type: "js-hardcoded-secret-password", context: %{node_type: "VariableDeclarator", depth: 3, parent_type: "VariableDeclaration"}, location: %{depth: 3, end_column: 168, end_line: 1, start_line: 1, start_column: 157}, severity: "high", pattern_id: "js-hardcoded-secret-password", pattern_name: "Hardcoded Password", recommendation: "Review this code for potential security issues", confidence: 0.9, pattern_type: :hardcoded_secret}
18:48:57.679 [debug] Match confidence: 0.1848, min_confidence: 0.7, match: %{type: "js-hardcoded-secret-password", context: %{node_type: "VariableDeclarator", depth: 3, parent_type: "VariableDeclaration"}, location: %{depth: 3, end_column: 185, end_line: 1, start_line: 1, start_column: 174}, severity: "high", pattern_id: "js-hardcoded-secret-password", pattern_name: "Hardcoded Password", recommendation: "Review this code for potential security issues", confidence: 0.9, pattern_type: :hardcoded_secret}
18:48:57.679 [debug] Match confidence: 0.1848, min_confidence: 0.7, match: %{type: "js-hardcoded-secret-password", context: %{node_type: "VariableDeclarator", depth: 3, parent_type: "VariableDeclaration"}, location: %{depth: 3, end_column: 202, end_line: 1, start_line: 1, start_column: 191}, severity: "high", pattern_id: "js-hardcoded-secret-password", pattern_name: "Hardcoded Password", recommendation: "Review this code for potential security issues", confidence: 0.9, pattern_type: :hardcoded_secret}
18:48:57.681 [debug] Match confidence: 0.1848, min_confidence: 0.7, match: %{type: "js-hardcoded-secret-password", context: %{node_type: "VariableDeclarator", depth: 3, parent_type: "VariableDeclaration"}, location: %{depth: 3, end_column: 219, end_line: 1, start_line: 1, start_column: 208}, severity: "high", pattern_id: "js-hardcoded-secret-password", pattern_name: "Hardcoded Password", recommendation: "Review this code for potential security issues", confidence: 0.9, pattern_type: :hardcoded_secret}
18:48:57.681 [debug] Match confidence: 0.1848, min_confidence: 0.7, match: %{type: "js-hardcoded-secret-password", context: %{node_type: "VariableDeclarator", depth: 3, parent_type: "VariableDeclaration"}, location: %{depth: 3, end_column: 236, end_line: 1, start_line: 1, start_column: 225}, severity: "high", pattern_id: "js-hardcoded-secret-password", pattern_name: "Hardcoded Password", recommendation: "Review this code for potential security issues", confidence: 0.9, pattern_type: :hardcoded_secret}
18:48:57.681 [debug] Match confidence: 0.1848, min_confidence: 0.7, match: %{type: "js-hardcoded-secret-password", context: %{node_type: "VariableDeclarator", depth: 3, parent_type: "VariableDeclaration"}, location: %{depth: 3, end_column: 253, end_line: 1, start_line: 1, start_column: 242}, severity: "high", pattern_id: "js-hardcoded-secret-password", pattern_name: "Hardcoded Password", recommendation: "Review this code for potential security issues", confidence: 0.9, pattern_type: :hardcoded_secret}
18:48:57.682 [debug] Match confidence: 0.1848, min_confidence: 0.7, match: %{type: "js-hardcoded-secret-password", context: %{node_type: "VariableDeclarator", depth: 3, parent_type: "VariableDeclaration"}, location: %{depth: 3, end_column: 270, end_line: 1, start_line: 1, start_column: 259}, severity: "high", pattern_id: "js-hardcoded-secret-password", pattern_name: "Hardcoded Password", recommendation: "Review this code for potential security issues", confidence: 0.9, pattern_type: :hardcoded_secret}
18:48:57.682 [debug] Match confidence: 0.1848, min_confidence: 0.7, match: %{type: "js-hardcoded-secret-password", context: %{node_type: "VariableDeclarator", depth: 3, parent_type: "VariableDeclaration"}, location: %{depth: 3, end_column: 287, end_line: 1, start_line: 1, start_column: 276}, severity: "high", pattern_id: "js-hardcoded-secret-password", pattern_name: "Hardcoded Password", recommendation: "Review this code for potential security issues", confidence: 0.9, pattern_type: :hardcoded_secret}
18:48:57.682 [debug] Match confidence: 0.1848, min_confidence: 0.7, match: %{type: "js-hardcoded-secret-password", context: %{node_type: "VariableDeclarator", depth: 3, parent_type: "VariableDeclaration"}, location: %{depth: 3, end_column: 304, end_line: 1, start_line: 1, start_column: 293}, severity: "high", pattern_id: "js-hardcoded-secret-password", pattern_name: "Hardcoded Password", recommendation: "Review this code for potential security issues", confidence: 0.9, pattern_type: :hardcoded_secret}
18:48:57.683 [debug] Match confidence: 0.1848, min_confidence: 0.7, match: %{type: "js-hardcoded-secret-password", context: %{node_type: "VariableDeclarator", depth: 3, parent_type: "VariableDeclaration"}, location: %{depth: 3, end_column: 321, end_line: 1, start_line: 1, start_column: 310}, severity: "high", pattern_id: "js-hardcoded-secret-password", pattern_name: "Hardcoded Password", recommendation: "Review this code for potential security issues", confidence: 0.9, pattern_type: :hardcoded_secret}
18:48:57.683 [debug] Match confidence: 0.1848, min_confidence: 0.7, match: %{type: "js-hardcoded-secret-password", context: %{node_type: "VariableDeclarator", depth: 3, parent_type: "VariableDeclaration"}, location: %{depth: 3, end_column: 338, end_line: 1, start_line: 1, start_column: 327}, severity: "high", pattern_id: "js-hardcoded-secret-password", pattern_name: "Hardcoded Password", recommendation: "Review this code for potential security issues", confidence: 0.9, pattern_type: :hardcoded_secret}
18:48:57.683 [debug] Match confidence: 0.1848, min_confidence: 0.7, match: %{type: "js-hardcoded-secret-password", context: %{node_type: "VariableDeclarator", depth: 3, parent_type: "VariableDeclaration"}, location: %{depth: 3, end_column: 355, end_line: 1, start_line: 1, start_column: 344}, severity: "high", pattern_id: "js-hardcoded-secret-password", pattern_name: "Hardcoded Password", recommendation: "Review this code for potential security issues", confidence: 0.9, pattern_type: :hardcoded_secret}
18:48:57.684 [debug] Match confidence: 0.1848, min_confidence: 0.7, match: %{type: "js-hardcoded-secret-password", context: %{node_type: "VariableDeclarator", depth: 3, parent_type: "VariableDeclaration"}, location: %{depth: 3, end_column: 372, end_line: 1, start_line: 1, start_column: 361}, severity: "high", pattern_id: "js-hardcoded-secret-password", pattern_name: "Hardcoded Password", recommendation: "Review this code for potential security issues", confidence: 0.9, pattern_type: :hardcoded_secret}
18:48:57.684 [debug] Match confidence: 0.1848, min_confidence: 0.7, match: %{type: "js-hardcoded-secret-password", context: %{node_type: "VariableDeclarator", depth: 3, parent_type: "VariableDeclaration"}, location: %{depth: 3, end_column: 389, end_line: 1, start_line: 1, start_column: 378}, severity: "high", pattern_id: "js-hardcoded-secret-password", pattern_name: "Hardcoded Password", recommendation: "Review this code for potential security issues", confidence: 0.9, pattern_type: :hardcoded_secret}
18:48:57.684 [debug] Match confidence: 0.1848, min_confidence: 0.7, match: %{type: "js-hardcoded-secret-password", context: %{node_type: "VariableDeclarator", depth: 3, parent_type: "VariableDeclaration"}, location: %{depth: 3, end_column: 406, end_line: 1, start_line: 1, start_column: 395}, severity: "high", pattern_id: "js-hardcoded-secret-password", pattern_name: "Hardcoded Password", recommendation: "Review this code for potential security issues", confidence: 0.9, pattern_type: :hardcoded_secret}
18:48:57.685 [debug] Match confidence: 0.1848, min_confidence: 0.7, match: %{type: "js-hardcoded-secret-password", context: %{node_type: "VariableDeclarator", depth: 3, parent_type: "VariableDeclaration"}, location: %{depth: 3, end_column: 423, end_line: 1, start_line: 1, start_column: 412}, severity: "high", pattern_id: "js-hardcoded-secret-password", pattern_name: "Hardcoded Password", recommendation: "Review this code for potential security issues", confidence: 0.9, pattern_type: :hardcoded_secret}
18:48:57.685 [debug] Match confidence: 0.1848, min_confidence: 0.7, match: %{type: "js-hardcoded-secret-password", context: %{node_type: "VariableDeclarator", depth: 3, parent_type: "VariableDeclaration"}, location: %{depth: 3, end_column: 440, end_line: 1, start_line: 1, start_column: 429}, severity: "high", pattern_id: "js-hardcoded-secret-password", pattern_name: "Hardcoded Password", recommendation: "Review this code for potential security issues", confidence: 0.9, pattern_type: :hardcoded_secret}
18:48:57.685 [debug] Match confidence: 0.1848, min_confidence: 0.7, match: %{type: "js-hardcoded-secret-password", context: %{node_type: "VariableDeclarator", depth: 3, parent_type: "VariableDeclaration"}, location: %{depth: 3, end_column: 457, end_line: 1, start_line: 1, start_column: 446}, severity: "high", pattern_id: "js-hardcoded-secret-password", pattern_name: "Hardcoded Password", recommendation: "Review this code for potential security issues", confidence: 0.9, pattern_type: :hardcoded_secret}
18:48:57.685 [debug] Match confidence: 0.1848, min_confidence: 0.7, match: %{type: "js-hardcoded-secret-password", context: %{node_type: "VariableDeclarator", depth: 3, parent_type: "VariableDeclaration"}, location: %{depth: 3, end_column: 474, end_line: 1, start_line: 1, start_column: 463}, severity: "high", pattern_id: "js-hardcoded-secret-password", pattern_name: "Hardcoded Password", recommendation: "Review this code for potential security issues", confidence: 0.9, pattern_type: :hardcoded_secret}
18:48:57.685 [debug] Match confidence: 0.1848, min_confidence: 0.7, match: %{type: "js-hardcoded-secret-password", context: %{node_type: "VariableDeclarator", depth: 3, parent_type: "VariableDeclaration"}, location: %{depth: 3, end_column: 491, end_line: 1, start_line: 1, start_column: 480}, severity: "high", pattern_id: "js-hardcoded-secret-password", pattern_name: "Hardcoded Password", recommendation: "Review this code for potential security issues", confidence: 0.9, pattern_type: :hardcoded_secret}
18:48:57.685 [debug] Match confidence: 0.1848, min_confidence: 0.7, match: %{type: "js-hardcoded-secret-password", context: %{node_type: "VariableDeclarator", depth: 3, parent_type: "VariableDeclaration"}, location: %{depth: 3, end_column: 508, end_line: 1, start_line: 1, start_column: 497}, severity: "high", pattern_id: "js-hardcoded-secret-password", pattern_name: "Hardcoded Password", recommendation: "Review this code for potential security issues", confidence: 0.9, pattern_type: :hardcoded_secret}
18:48:57.685 [debug] Match confidence: 0.1848, min_confidence: 0.7, match: %{type: "js-hardcoded-secret-password", context: %{node_type: "VariableDeclarator", depth: 3, parent_type: "VariableDeclaration"}, location: %{depth: 3, end_column: 525, end_line: 1, start_line: 1, start_column: 514}, severity: "high", pattern_id: "js-hardcoded-secret-password", pattern_name: "Hardcoded Password", recommendation: "Review this code for potential security issues", confidence: 0.9, pattern_type: :hardcoded_secret}
18:48:57.685 [debug] Match confidence: 0.1848, min_confidence: 0.7, match: %{type: "js-hardcoded-secret-password", context: %{node_type: "VariableDeclarator", depth: 3, parent_type: "VariableDeclaration"}, location: %{depth: 3, end_column: 542, end_line: 1, start_line: 1, start_column: 531}, severity: "high", pattern_id: "js-hardcoded-secret-password", pattern_name: "Hardcoded Password", recommendation: "Review this code for potential security issues", confidence: 0.9, pattern_type: :hardcoded_secret}
18:48:57.685 [debug] Match confidence: 0.1848, min_confidence: 0.7, match: %{type: "js-hardcoded-secret-password", context: %{node_type: "VariableDeclarator", depth: 3, parent_type: "VariableDeclaration"}, location: %{depth: 3, end_column: 559, end_line: 1, start_line: 1, start_column: 548}, severity: "high", pattern_id: "js-hardcoded-secret-password", pattern_name: "Hardcoded Password", recommendation: "Review this code for potential security issues", confidence: 0.9, pattern_type: :hardcoded_secret}
18:48:57.685 [debug] Match confidence: 0.1848, min_confidence: 0.7, match: %{type: "js-hardcoded-secret-password", context: %{node_type: "VariableDeclarator", depth: 3, parent_type: "VariableDeclaration"}, location: %{depth: 3, end_column: 576, end_line: 1, start_line: 1, start_column: 565}, severity: "high", pattern_id: "js-hardcoded-secret-password", pattern_name: "Hardcoded Password", recommendation: "Review this code for potential security issues", confidence: 0.9, pattern_type: :hardcoded_secret}
18:48:57.685 [debug] Match confidence: 0.1848, min_confidence: 0.7, match: %{type: "js-hardcoded-secret-password", context: %{node_type: "VariableDeclarator", depth: 3, parent_type: "VariableDeclaration"}, location: %{depth: 3, end_column: 593, end_line: 1, start_line: 1, start_column: 582}, severity: "high", pattern_id: "js-hardcoded-secret-password", pattern_name: "Hardcoded Password", recommendation: "Review this code for potential security issues", confidence: 0.9, pattern_type: :hardcoded_secret}
18:48:57.685 [debug] Match confidence: 0.1848, min_confidence: 0.7, match: %{type: "js-hardcoded-secret-password", context: %{node_type: "VariableDeclarator", depth: 3, parent_type: "VariableDeclaration"}, location: %{depth: 3, end_column: 610, end_line: 1, start_line: 1, start_column: 599}, severity: "high", pattern_id: "js-hardcoded-secret-password", pattern_name: "Hardcoded Password", recommendation: "Review this code for potential security issues", confidence: 0.9, pattern_type: :hardcoded_secret}
18:48:57.686 [debug] Match confidence: 0.1848, min_confidence: 0.7, match: %{type: "js-hardcoded-secret-password", context: %{node_type: "VariableDeclarator", depth: 3, parent_type: "VariableDeclaration"}, location: %{depth: 3, end_column: 627, end_line: 1, start_line: 1, start_column: 616}, severity: "high", pattern_id: "js-hardcoded-secret-password", pattern_name: "Hardcoded Password", recommendation: "Review this code for potential security issues", confidence: 0.9, pattern_type: :hardcoded_secret}
18:48:57.686 [debug] Match confidence: 0.1848, min_confidence: 0.7, match: %{type: "js-hardcoded-secret-password", context: %{node_type: "VariableDeclarator", depth: 3, parent_type: "VariableDeclaration"}, location: %{depth: 3, end_column: 644, end_line: 1, start_line: 1, start_column: 633}, severity: "high", pattern_id: "js-hardcoded-secret-password", pattern_name: "Hardcoded Password", recommendation: "Review this code for potential security issues", confidence: 0.9, pattern_type: :hardcoded_secret}
18:48:57.686 [debug] Match confidence: 0.1848, min_confidence: 0.7, match: %{type: "js-hardcoded-secret-password", context: %{node_type: "VariableDeclarator", depth: 3, parent_type: "VariableDeclaration"}, location: %{depth: 3, end_column: 661, end_line: 1, start_line: 1, start_column: 650}, severity: "high", pattern_id: "js-hardcoded-secret-password", pattern_name: "Hardcoded Password", recommendation: "Review this code for potential security issues", confidence: 0.9, pattern_type: :hardcoded_secret}
18:48:57.686 [debug] Match confidence: 0.1848, min_confidence: 0.7, match: %{type: "js-hardcoded-secret-password", context: %{node_type: "VariableDeclarator", depth: 3, parent_type: "VariableDeclaration"}, location: %{depth: 3, end_column: 678, end_line: 1, start_line: 1, start_column: 667}, severity: "high", pattern_id: "js-hardcoded-secret-password", pattern_name: "Hardcoded Password", recommendation: "Review this code for potential security issues", confidence: 0.9, pattern_type: :hardcoded_secret}
18:48:57.687 [debug] Match confidence: 0.1848, min_confidence: 0.7, match: %{type: "js-hardcoded-secret-password", context: %{node_type: "VariableDeclarator", depth: 3, parent_type: "VariableDeclaration"}, location: %{depth: 3, end_column: 695, end_line: 1, start_line: 1, start_column: 684}, severity: "high", pattern_id: "js-hardcoded-secret-password", pattern_name: "Hardcoded Password", recommendation: "Review this code for potential security issues", confidence: 0.9, pattern_type: :hardcoded_secret}
18:48:57.687 [debug] Match confidence: 0.1848, min_confidence: 0.7, match: %{type: "js-hardcoded-secret-password", context: %{node_type: "VariableDeclarator", depth: 3, parent_type: "VariableDeclaration"}, location: %{depth: 3, end_column: 712, end_line: 1, start_line: 1, start_column: 701}, severity: "high", pattern_id: "js-hardcoded-secret-password", pattern_name: "Hardcoded Password", recommendation: "Review this code for potential security issues", confidence: 0.9, pattern_type: :hardcoded_secret}
18:48:57.687 [debug] Match confidence: 0.1848, min_confidence: 0.7, match: %{type: "js-hardcoded-secret-password", context: %{node_type: "VariableDeclarator", depth: 3, parent_type: "VariableDeclaration"}, location: %{depth: 3, end_column: 729, end_line: 1, start_line: 1, start_column: 718}, severity: "high", pattern_id: "js-hardcoded-secret-password", pattern_name: "Hardcoded Password", recommendation: "Review this code for potential security issues", confidence: 0.9, pattern_type: :hardcoded_secret}
18:48:57.687 [debug] Match confidence: 0.1848, min_confidence: 0.7, match: %{type: "js-hardcoded-secret-password", context: %{node_type: "VariableDeclarator", depth: 3, parent_type: "VariableDeclaration"}, location: %{depth: 3, end_column: 746, end_line: 1, start_line: 1, start_column: 735}, severity: "high", pattern_id: "js-hardcoded-secret-password", pattern_name: "Hardcoded Password", recommendation: "Review this code for potential security issues", confidence: 0.9, pattern_type: :hardcoded_secret}
18:48:57.687 [debug] Match confidence: 0.1848, min_confidence: 0.7, match: %{type: "js-hardcoded-secret-password", context: %{node_type: "VariableDeclarator", depth: 3, parent_type: "VariableDeclaration"}, location: %{depth: 3, end_column: 763, end_line: 1, start_line: 1, start_column: 752}, severity: "high", pattern_id: "js-hardcoded-secret-password", pattern_name: "Hardcoded Password", recommendation: "Review this code for potential security issues", confidence: 0.9, pattern_type: :hardcoded_secret}
18:48:57.687 [debug] Match confidence: 0.1848, min_confidence: 0.7, match: %{type: "js-hardcoded-secret-password", context: %{node_type: "VariableDeclarator", depth: 3, parent_type: "VariableDeclaration"}, location: %{depth: 3, end_column: 780, end_line: 1, start_line: 1, start_column: 769}, severity: "high", pattern_id: "js-hardcoded-secret-password", pattern_name: "Hardcoded Password", recommendation: "Review this code for potential security issues", confidence: 0.9, pattern_type: :hardcoded_secret}
18:48:57.687 [debug] Match confidence: 0.1848, min_confidence: 0.7, match: %{type: "js-hardcoded-secret-password", context: %{node_type: "VariableDeclarator", depth: 3, parent_type: "VariableDeclaration"}, location: %{depth: 3, end_column: 797, end_line: 1, start_line: 1, start_column: 786}, severity: "high", pattern_id: "js-hardcoded-secret-password", pattern_name: "Hardcoded Password", recommendation: "Review this code for potential security issues", confidence: 0.9, pattern_type: :hardcoded_secret}
18:48:57.687 [debug] Match confidence: 0.1848, min_confidence: 0.7, match: %{type: "js-hardcoded-secret-password", context: %{node_type: "VariableDeclarator", depth: 3, parent_type: "VariableDeclaration"}, location: %{depth: 3, end_column: 814, end_line: 1, start_line: 1, start_column: 803}, severity: "high", pattern_id: "js-hardcoded-secret-password", pattern_name: "Hardcoded Password", recommendation: "Review this code for potential security issues", confidence: 0.9, pattern_type: :hardcoded_secret}
18:48:57.687 [debug] Match confidence: 0.1848, min_confidence: 0.7, match: %{type: "js-hardcoded-secret-password", context: %{node_type: "VariableDeclarator", depth: 3, parent_type: "VariableDeclaration"}, location: %{depth: 3, end_column: 831, end_line: 1, start_line: 1, start_column: 820}, severity: "high", pattern_id: "js-hardcoded-secret-password", pattern_name: "Hardcoded Password", recommendation: "Review this code for potential security issues", confidence: 0.9, pattern_type: :hardcoded_secret}
18:48:57.687 [debug] Match confidence: 0.1848, min_confidence: 0.7, match: %{type: "js-hardcoded-secret-password", context: %{node_type: "VariableDeclarator", depth: 3, parent_type: "VariableDeclaration"}, location: %{depth: 3, end_column: 848, end_line: 1, start_line: 1, start_column: 837}, severity: "high", pattern_id: "js-hardcoded-secret-password", pattern_name: "Hardcoded Password", recommendation: "Review this code for potential security issues", confidence: 0.9, pattern_type: :hardcoded_secret}
18:48:57.687 [debug] Match confidence: 0.1848, min_confidence: 0.7, match: %{type: "js-hardcoded-secret-password", context: %{node_type: "VariableDeclarator", depth: 3, parent_type: "VariableDeclaration"}, location: %{depth: 3, end_column: 865, end_line: 1, start_line: 1, start_column: 854}, severity: "high", pattern_id: "js-hardcoded-secret-password", pattern_name: "Hardcoded Password", recommendation: "Review this code for potential security issues", confidence: 0.9, pattern_type: :hardcoded_secret}
18:48:57.687 [debug] Match confidence: 0.1848, min_confidence: 0.7, match: %{type: "js-hardcoded-secret-password", context: %{node_type: "VariableDeclarator", depth: 3, parent_type: "VariableDeclaration"}, location: %{depth: 3, end_column: 882, end_line: 1, start_line: 1, start_column: 871}, severity: "high", pattern_id: "js-hardcoded-secret-password", pattern_name: "Hardcoded Password", recommendation: "Review this code for potential security issues", confidence: 0.9, pattern_type: :hardcoded_secret}
18:48:57.687 [debug] Match confidence: 0.1848, min_confidence: 0.7, match: %{type: "js-hardcoded-secret-password", context: %{node_type: "VariableDeclarator", depth: 3, parent_type: "VariableDeclaration"}, location: %{depth: 3, end_column: 899, end_line: 1, start_line: 1, start_column: 888}, severity: "high", pattern_id: "js-hardcoded-secret-password", pattern_name: "Hardcoded Password", recommendation: "Review this code for potential security issues", confidence: 0.9, pattern_type: :hardcoded_secret}
18:48:57.687 [debug] Match confidence: 0.1848, min_confidence: 0.7, match: %{type: "js-hardcoded-secret-password", context: %{node_type: "VariableDeclarator", depth: 3, parent_type: "VariableDeclaration"}, location: %{depth: 3, end_column: 916, end_line: 1, start_line: 1, start_column: 905}, severity: "high", pattern_id: "js-hardcoded-secret-password", pattern_name: "Hardcoded Password", recommendation: "Review this code for potential security issues", confidence: 0.9, pattern_type: :hardcoded_secret}
18:48:57.687 [debug] Match confidence: 0.1848, min_confidence: 0.7, match: %{type: "js-hardcoded-secret-password", context: %{node_type: "VariableDeclarator", depth: 3, parent_type: "VariableDeclaration"}, location: %{depth: 3, end_column: 933, end_line: 1, start_line: 1, start_column: 922}, severity: "high", pattern_id: "js-hardcoded-secret-password", pattern_name: "Hardcoded Password", recommendation: "Review this code for potential security issues", confidence: 0.9, pattern_type: :hardcoded_secret}
18:48:57.687 [debug] Match confidence: 0.1848, min_confidence: 0.7, match: %{type: "js-hardcoded-secret-password", context: %{node_type: "VariableDeclarator", depth: 3, parent_type: "VariableDeclaration"}, location: %{depth: 3, end_column: 950, end_line: 1, start_line: 1, start_column: 939}, severity: "high", pattern_id: "js-hardcoded-secret-password", pattern_name: "Hardcoded Password", recommendation: "Review this code for potential security issues", confidence: 0.9, pattern_type: :hardcoded_secret}
18:48:57.687 [debug] Match confidence: 0.1848, min_confidence: 0.7, match: %{type: "js-hardcoded-secret-password", context: %{node_type: "VariableDeclarator", depth: 3, parent_type: "VariableDeclaration"}, location: %{depth: 3, end_column: 967, end_line: 1, start_line: 1, start_column: 956}, severity: "high", pattern_id: "js-hardcoded-secret-password", pattern_name: "Hardcoded Password", recommendation: "Review this code for potential security issues", confidence: 0.9, pattern_type: :hardcoded_secret}
18:48:57.687 [debug] Match confidence: 0.1848, min_confidence: 0.7, match: %{type: "js-hardcoded-secret-password", context: %{node_type: "VariableDeclarator", depth: 3, parent_type: "VariableDeclaration"}, location: %{depth: 3, end_column: 984, end_line: 1, start_line: 1, start_column: 973}, severity: "high", pattern_id: "js-hardcoded-secret-password", pattern_name: "Hardcoded Password", recommendation: "Review this code for potential security issues", confidence: 0.9, pattern_type: :hardcoded_secret}
18:48:57.687 [debug] Match confidence: 0.1848, min_confidence: 0.7, match: %{type: "js-hardcoded-secret-password", context: %{node_type: "VariableDeclarator", depth: 3, parent_type: "VariableDeclaration"}, location: %{depth: 3, end_column: 1001, end_line: 1, start_line: 1, start_column: 990}, severity: "high", pattern_id: "js-hardcoded-secret-password", pattern_name: "Hardcoded Password", recommendation: "Review this code for potential security issues", confidence: 0.9, pattern_type: :hardcoded_secret}
18:48:57.687 [debug] Match confidence: 0.1848, min_confidence: 0.7, match: %{type: "js-hardcoded-secret-password", context: %{node_type: "VariableDeclarator", depth: 3, parent_type: "VariableDeclaration"}, location: %{depth: 3, end_column: 1018, end_line: 1, start_line: 1, start_column: 1007}, severity: "high", pattern_id: "js-hardcoded-secret-password", pattern_name: "Hardcoded Password", recommendation: "Review this code for potential security issues", confidence: 0.9, pattern_type: :hardcoded_secret}
18:48:57.687 [debug] Match confidence: 0.1848, min_confidence: 0.7, match: %{type: "js-hardcoded-secret-password", context: %{node_type: "VariableDeclarator", depth: 3, parent_type: "VariableDeclaration"}, location: %{depth: 3, end_column: 1035, end_line: 1, start_line: 1, start_column: 1024}, severity: "high", pattern_id: "js-hardcoded-secret-password", pattern_name: "Hardcoded Password", recommendation: "Review this code for potential security issues", confidence: 0.9, pattern_type: :hardcoded_secret}
18:48:57.687 [debug] Match confidence: 0.1848, min_confidence: 0.7, match: %{type: "js-hardcoded-secret-password", context: %{node_type: "VariableDeclarator", depth: 3, parent_type: "VariableDeclaration"}, location: %{depth: 3, end_column: 1052, end_line: 1, start_line: 1, start_column: 1041}, severity: "high", pattern_id: "js-hardcoded-secret-password", pattern_name: "Hardcoded Password", recommendation: "Review this code for potential security issues", confidence: 0.9, pattern_type: :hardcoded_secret}
18:48:57.687 [debug] Match confidence: 0.1848, min_confidence: 0.7, match: %{type: "js-hardcoded-secret-password", context: %{node_type: "VariableDeclarator", depth: 3, parent_type: "VariableDeclaration"}, location: %{depth: 3, end_column: 1069, end_line: 1, start_line: 1, start_column: 1058}, severity: "high", pattern_id: "js-hardcoded-secret-password", pattern_name: "Hardcoded Password", recommendation: "Review this code for potential security issues", confidence: 0.9, pattern_type: :hardcoded_secret}
18:48:57.687 [debug] Match confidence: 0.1848, min_confidence: 0.7, match: %{type: "js-hardcoded-secret-password", context: %{node_type: "VariableDeclarator", depth: 3, parent_type: "VariableDeclaration"}, location: %{depth: 3, end_column: 1086, end_line: 1, start_line: 1, start_column: 1075}, severity: "high", pattern_id: "js-hardcoded-secret-password", pattern_name: "Hardcoded Password", recommendation: "Review this code for potential security issues", confidence: 0.9, pattern_type: :hardcoded_secret}
18:48:57.687 [debug] Match confidence: 0.1848, min_confidence: 0.7, match: %{type: "js-hardcoded-secret-password", context: %{node_type: "VariableDeclarator", depth: 3, parent_type: "VariableDeclaration"}, location: %{depth: 3, end_column: 1103, end_line: 1, start_line: 1, start_column: 1092}, severity: "high", pattern_id: "js-hardcoded-secret-password", pattern_name: "Hardcoded Password", recommendation: "Review this code for potential security issues", confidence: 0.9, pattern_type: :hardcoded_secret}
18:48:57.687 [debug] Match confidence: 0.1848, min_confidence: 0.7, match: %{type: "js-hardcoded-secret-password", context: %{node_type: "VariableDeclarator", depth: 3, parent_type: "VariableDeclaration"}, location: %{depth: 3, end_column: 1120, end_line: 1, start_line: 1, start_column: 1109}, severity: "high", pattern_id: "js-hardcoded-secret-password", pattern_name: "Hardcoded Password", recommendation: "Review this code for potential security issues", confidence: 0.9, pattern_type: :hardcoded_secret}
18:48:57.688 [debug] Match confidence: 0.1848, min_confidence: 0.7, match: %{type: "js-hardcoded-secret-password", context: %{node_type: "VariableDeclarator", depth: 3, parent_type: "VariableDeclaration"}, location: %{depth: 3, end_column: 1137, end_line: 1, start_line: 1, start_column: 1126}, severity: "high", pattern_id: "js-hardcoded-secret-password", pattern_name: "Hardcoded Password", recommendation: "Review this code for potential security issues", confidence: 0.9, pattern_type: :hardcoded_secret}
18:48:57.688 [debug] Match confidence: 0.1848, min_confidence: 0.7, match: %{type: "js-hardcoded-secret-password", context: %{node_type: "VariableDeclarator", depth: 3, parent_type: "VariableDeclaration"}, location: %{depth: 3, end_column: 1154, end_line: 1, start_line: 1, start_column: 1143}, severity: "high", pattern_id: "js-hardcoded-secret-password", pattern_name: "Hardcoded Password", recommendation: "Review this code for potential security issues", confidence: 0.9, pattern_type: :hardcoded_secret}
18:48:57.688 [debug] Match confidence: 0.1848, min_confidence: 0.7, match: %{type: "js-hardcoded-secret-password", context: %{node_type: "VariableDeclarator", depth: 3, parent_type: "VariableDeclaration"}, location: %{depth: 3, end_column: 1171, end_line: 1, start_line: 1, start_column: 1160}, severity: "high", pattern_id: "js-hardcoded-secret-password", pattern_name: "Hardcoded Password", recommendation: "Review this code for potential security issues", confidence: 0.9, pattern_type: :hardcoded_secret}
18:48:57.688 [debug] Match confidence: 0.1848, min_confidence: 0.7, match: %{type: "js-hardcoded-secret-password", context: %{node_type: "VariableDeclarator", depth: 3, parent_type: "VariableDeclaration"}, location: %{depth: 3, end_column: 1188, end_line: 1, start_line: 1, start_column: 1177}, severity: "high", pattern_id: "js-hardcoded-secret-password", pattern_name: "Hardcoded Password", recommendation: "Review this code for potential security issues", confidence: 0.9, pattern_type: :hardcoded_secret}
18:48:57.688 [debug] Match confidence: 0.1848, min_confidence: 0.7, match: %{type: "js-hardcoded-secret-password", context: %{node_type: "VariableDeclarator", depth: 3, parent_type: "VariableDeclaration"}, location: %{depth: 3, end_column: 1205, end_line: 1, start_line: 1, start_column: 1194}, severity: "high", pattern_id: "js-hardcoded-secret-password", pattern_name: "Hardcoded Password", recommendation: "Review this code for potential security issues", confidence: 0.9, pattern_type: :hardcoded_secret}
18:48:57.688 [debug] Match confidence: 0.1848, min_confidence: 0.7, match: %{type: "js-hardcoded-secret-password", context: %{node_type: "VariableDeclarator", depth: 3, parent_type: "VariableDeclaration"}, location: %{depth: 3, end_column: 1222, end_line: 1, start_line: 1, start_column: 1211}, severity: "high", pattern_id: "js-hardcoded-secret-password", pattern_name: "Hardcoded Password", recommendation: "Review this code for potential security issues", confidence: 0.9, pattern_type: :hardcoded_secret}
18:48:57.688 [debug] Match confidence: 0.1848, min_confidence: 0.7, match: %{type: "js-hardcoded-secret-password", context: %{node_type: "VariableDeclarator", depth: 3, parent_type: "VariableDeclaration"}, location: %{depth: 3, end_column: 1239, end_line: 1, start_line: 1, start_column: 1228}, severity: "high", pattern_id: "js-hardcoded-secret-password", pattern_name: "Hardcoded Password", recommendation: "Review this code for potential security issues", confidence: 0.9, pattern_type: :hardcoded_secret}
18:48:57.688 [debug] Match confidence: 0.1848, min_confidence: 0.7, match: %{type: "js-hardcoded-secret-password", context: %{node_type: "VariableDeclarator", depth: 3, parent_type: "VariableDeclaration"}, location: %{depth: 3, end_column: 1256, end_line: 1, start_line: 1, start_column: 1245}, severity: "high", pattern_id: "js-hardcoded-secret-password", pattern_name: "Hardcoded Password", recommendation: "Review this code for potential security issues", confidence: 0.9, pattern_type: :hardcoded_secret}
18:48:57.688 [debug] Match confidence: 0.1848, min_confidence: 0.7, match: %{type: "js-hardcoded-secret-password", context: %{node_type: "VariableDeclarator", depth: 3, parent_type: "VariableDeclaration"}, location: %{depth: 3, end_column: 1273, end_line: 1, start_line: 1, start_column: 1262}, severity: "high", pattern_id: "js-hardcoded-secret-password", pattern_name: "Hardcoded Password", recommendation: "Review this code for potential security issues", confidence: 0.9, pattern_type: :hardcoded_secret}
18:48:57.688 [debug] Match confidence: 0.1848, min_confidence: 0.7, match: %{type: "js-hardcoded-secret-password", context: %{node_type: "VariableDeclarator", depth: 3, parent_type: "VariableDeclaration"}, location: %{depth: 3, end_column: 1290, end_line: 1, start_line: 1, start_column: 1279}, severity: "high", pattern_id: "js-hardcoded-secret-password", pattern_name: "Hardcoded Password", recommendation: "Review this code for potential security issues", confidence: 0.9, pattern_type: :hardcoded_secret}
18:48:57.688 [debug] Match confidence: 0.1848, min_confidence: 0.7, match: %{type: "js-hardcoded-secret-password", context: %{node_type: "VariableDeclarator", depth: 3, parent_type: "VariableDeclaration"}, location: %{depth: 3, end_column: 1307, end_line: 1, start_line: 1, start_column: 1296}, severity: "high", pattern_id: "js-hardcoded-secret-password", pattern_name: "Hardcoded Password", recommendation: "Review this code for potential security issues", confidence: 0.9, pattern_type: :hardcoded_secret}
18:48:57.688 [debug] Match confidence: 0.1848, min_confidence: 0.7, match: %{type: "js-hardcoded-secret-password", context: %{node_type: "VariableDeclarator", depth: 3, parent_type: "VariableDeclaration"}, location: %{depth: 3, end_column: 1324, end_line: 1, start_line: 1, start_column: 1313}, severity: "high", pattern_id: "js-hardcoded-secret-password", pattern_name: "Hardcoded Password", recommendation: "Review this code for potential security issues", confidence: 0.9, pattern_type: :hardcoded_secret}
18:48:57.688 [debug] Match confidence: 0.1848, min_confidence: 0.7, match: %{type: "js-hardcoded-secret-password", context: %{node_type: "VariableDeclarator", depth: 3, parent_type: "VariableDeclaration"}, location: %{depth: 3, end_column: 1341, end_line: 1, start_line: 1, start_column: 1330}, severity: "high", pattern_id: "js-hardcoded-secret-password", pattern_name: "Hardcoded Password", recommendation: "Review this code for potential security issues", confidence: 0.9, pattern_type: :hardcoded_secret}
18:48:57.688 [debug] Match confidence: 0.1848, min_confidence: 0.7, match: %{type: "js-hardcoded-secret-password", context: %{node_type: "VariableDeclarator", depth: 3, parent_type: "VariableDeclaration"}, location: %{depth: 3, end_column: 1358, end_line: 1, start_line: 1, start_column: 1347}, severity: "high", pattern_id: "js-hardcoded-secret-password", pattern_name: "Hardcoded Password", recommendation: "Review this code for potential security issues", confidence: 0.9, pattern_type: :hardcoded_secret}
18:48:57.688 [debug] Match confidence: 0.1848, min_confidence: 0.7, match: %{type: "js-hardcoded-secret-password", context: %{node_type: "VariableDeclarator", depth: 3, parent_type: "VariableDeclaration"}, location: %{depth: 3, end_column: 1375, end_line: 1, start_line: 1, start_column: 1364}, severity: "high", pattern_id: "js-hardcoded-secret-password", pattern_name: "Hardcoded Password", recommendation: "Review this code for potential security issues", confidence: 0.9, pattern_type: :hardcoded_secret}
18:48:57.688 [debug] Match confidence: 0.1848, min_confidence: 0.7, match: %{type: "js-hardcoded-secret-password", context: %{node_type: "VariableDeclarator", depth: 3, parent_type: "VariableDeclaration"}, location: %{depth: 3, end_column: 1392, end_line: 1, start_line: 1, start_column: 1381}, severity: "high", pattern_id: "js-hardcoded-secret-password", pattern_name: "Hardcoded Password", recommendation: "Review this code for potential security issues", confidence: 0.9, pattern_type: :hardcoded_secret}
18:48:57.688 [debug] Match confidence: 0.1848, min_confidence: 0.7, match: %{type: "js-hardcoded-secret-password", context: %{node_type: "VariableDeclarator", depth: 3, parent_type: "VariableDeclaration"}, location: %{depth: 3, end_column: 1409, end_line: 1, start_line: 1, start_column: 1398}, severity: "high", pattern_id: "js-hardcoded-secret-password", pattern_name: "Hardcoded Password", recommendation: "Review this code for potential security issues", confidence: 0.9, pattern_type: :hardcoded_secret}
18:48:57.688 [debug] Match confidence: 0.1848, min_confidence: 0.7, match: %{type: "js-hardcoded-secret-password", context: %{node_type: "VariableDeclarator", depth: 3, parent_type: "VariableDeclaration"}, location: %{depth: 3, end_column: 1426, end_line: 1, start_line: 1, start_column: 1415}, severity: "high", pattern_id: "js-hardcoded-secret-password", pattern_name: "Hardcoded Password", recommendation: "Review this code for potential security issues", confidence: 0.9, pattern_type: :hardcoded_secret}
18:48:57.688 [debug] Match confidence: 0.1848, min_confidence: 0.7, match: %{type: "js-hardcoded-secret-password", context: %{node_type: "VariableDeclarator", depth: 3, parent_type: "VariableDeclaration"}, location: %{depth: 3, end_column: 1443, end_line: 1, start_line: 1, start_column: 1432}, severity: "high", pattern_id: "js-hardcoded-secret-password", pattern_name: "Hardcoded Password", recommendation: "Review this code for potential security issues", confidence: 0.9, pattern_type: :hardcoded_secret}
18:48:57.688 [debug] Match confidence: 0.1848, min_confidence: 0.7, match: %{type: "js-hardcoded-secret-password", context: %{node_type: "VariableDeclarator", depth: 3, parent_type: "VariableDeclaration"}, location: %{depth: 3, end_column: 1460, end_line: 1, start_line: 1, start_column: 1449}, severity: "high", pattern_id: "js-hardcoded-secret-password", pattern_name: "Hardcoded Password", recommendation: "Review this code for potential security issues", confidence: 0.9, pattern_type: :hardcoded_secret}
18:48:57.688 [debug] Match confidence: 0.1848, min_confidence: 0.7, match: %{type: "js-hardcoded-secret-password", context: %{node_type: "VariableDeclarator", depth: 3, parent_type: "VariableDeclaration"}, location: %{depth: 3, end_column: 1477, end_line: 1, start_line: 1, start_column: 1466}, severity: "high", pattern_id: "js-hardcoded-secret-password", pattern_name: "Hardcoded Password", recommendation: "Review this code for potential security issues", confidence: 0.9, pattern_type: :hardcoded_secret}
18:48:57.688 [debug] Match confidence: 0.1848, min_confidence: 0.7, match: %{type: "js-hardcoded-secret-password", context: %{node_type: "VariableDeclarator", depth: 3, parent_type: "VariableDeclaration"}, location: %{depth: 3, end_column: 1494, end_line: 1, start_line: 1, start_column: 1483}, severity: "high", pattern_id: "js-hardcoded-secret-password", pattern_name: "Hardcoded Password", recommendation: "Review this code for potential security issues", confidence: 0.9, pattern_type: :hardcoded_secret}
18:48:57.688 [debug] Match confidence: 0.1848, min_confidence: 0.7, match: %{type: "js-hardcoded-secret-password", context: %{node_type: "VariableDeclarator", depth: 3, parent_type: "VariableDeclaration"}, location: %{depth: 3, end_column: 1511, end_line: 1, start_line: 1, start_column: 1500}, severity: "high", pattern_id: "js-hardcoded-secret-password", pattern_name: "Hardcoded Password", recommendation: "Review this code for potential security issues", confidence: 0.9, pattern_type: :hardcoded_secret}
18:48:57.688 [debug] Match confidence: 0.1848, min_confidence: 0.7, match: %{type: "js-hardcoded-secret-password", context: %{node_type: "VariableDeclarator", depth: 3, parent_type: "VariableDeclaration"}, location: %{depth: 3, end_column: 1528, end_line: 1, start_line: 1, start_column: 1517}, severity: "high", pattern_id: "js-hardcoded-secret-password", pattern_name: "Hardcoded Password", recommendation: "Review this code for potential security issues", confidence: 0.9, pattern_type: :hardcoded_secret}
18:48:57.688 [debug] Match confidence: 0.1848, min_confidence: 0.7, match: %{type: "js-hardcoded-secret-password", context: %{node_type: "VariableDeclarator", depth: 3, parent_type: "VariableDeclaration"}, location: %{depth: 3, end_column: 1545, end_line: 1, start_line: 1, start_column: 1534}, severity: "high", pattern_id: "js-hardcoded-secret-password", pattern_name: "Hardcoded Password", recommendation: "Review this code for potential security issues", confidence: 0.9, pattern_type: :hardcoded_secret}
18:48:57.688 [debug] Match confidence: 0.1848, min_confidence: 0.7, match: %{type: "js-hardcoded-secret-password", context: %{node_type: "VariableDeclarator", depth: 3, parent_type: "VariableDeclaration"}, location: %{depth: 3, end_column: 1562, end_line: 1, start_line: 1, start_column: 1551}, severity: "high", pattern_id: "js-hardcoded-secret-password", pattern_name: "Hardcoded Password", recommendation: "Review this code for potential security issues", confidence: 0.9, pattern_type: :hardcoded_secret}
18:48:57.688 [debug] Match confidence: 0.1848, min_confidence: 0.7, match: %{type: "js-hardcoded-secret-password", context: %{node_type: "VariableDeclarator", depth: 3, parent_type: "VariableDeclaration"}, location: %{depth: 3, end_column: 1579, end_line: 1, start_line: 1, start_column: 1568}, severity: "high", pattern_id: "js-hardcoded-secret-password", pattern_name: "Hardcoded Password", recommendation: "Review this code for potential security issues", confidence: 0.9, pattern_type: :hardcoded_secret}
18:48:57.688 [debug] Match confidence: 0.1848, min_confidence: 0.7, match: %{type: "js-hardcoded-secret-password", context: %{node_type: "VariableDeclarator", depth: 3, parent_type: "VariableDeclaration"}, location: %{depth: 3, end_column: 1596, end_line: 1, start_line: 1, start_column: 1585}, severity: "high", pattern_id: "js-hardcoded-secret-password", pattern_name: "Hardcoded Password", recommendation: "Review this code for potential security issues", confidence: 0.9, pattern_type: :hardcoded_secret}
18:48:57.688 [debug] Match confidence: 0.1848, min_confidence: 0.7, match: %{type: "js-hardcoded-secret-password", context: %{node_type: "VariableDeclarator", depth: 3, parent_type: "VariableDeclaration"}, location: %{depth: 3, end_column: 1613, end_line: 1, start_line: 1, start_column: 1602}, severity: "high", pattern_id: "js-hardcoded-secret-password", pattern_name: "Hardcoded Password", recommendation: "Review this code for potential security issues", confidence: 0.9, pattern_type: :hardcoded_secret}
18:48:57.688 [debug] Match confidence: 0.1848, min_confidence: 0.7, match: %{type: "js-hardcoded-secret-password", context: %{node_type: "VariableDeclarator", depth: 3, parent_type: "VariableDeclaration"}, location: %{depth: 3, end_column: 1630, end_line: 1, start_line: 1, start_column: 1619}, severity: "high", pattern_id: "js-hardcoded-secret-password", pattern_name: "Hardcoded Password", recommendation: "Review this code for potential security issues", confidence: 0.9, pattern_type: :hardcoded_secret}
18:48:57.688 [debug] Match confidence: 0.1848, min_confidence: 0.7, match: %{type: "js-hardcoded-secret-password", context: %{node_type: "VariableDeclarator", depth: 3, parent_type: "VariableDeclaration"}, location: %{depth: 3, end_column: 1647, end_line: 1, start_line: 1, start_column: 1636}, severity: "high", pattern_id: "js-hardcoded-secret-password", pattern_name: "Hardcoded Password", recommendation: "Review this code for potential security issues", confidence: 0.9, pattern_type: :hardcoded_secret}
18:48:57.688 [debug] Match confidence: 0.1848, min_confidence: 0.7, match: %{type: "js-hardcoded-secret-password", context: %{node_type: "VariableDeclarator", depth: 3, parent_type: "VariableDeclaration"}, location: %{depth: 3, end_column: 1664, end_line: 1, start_line: 1, start_column: 1653}, severity: "high", pattern_id: "js-hardcoded-secret-password", pattern_name: "Hardcoded Password", recommendation: "Review this code for potential security issues", confidence: 0.9, pattern_type: :hardcoded_secret}
18:48:57.689 [debug] Match confidence: 0.1848, min_confidence: 0.7, match: %{type: "js-hardcoded-secret-password", context: %{node_type: "VariableDeclarator", depth: 3, parent_type: "VariableDeclaration"}, location: %{depth: 3, end_column: 1681, end_line: 1, start_line: 1, start_column: 1670}, severity: "high", pattern_id: "js-hardcoded-secret-password", pattern_name: "Hardcoded Password", recommendation: "Review this code for potential security issues", confidence: 0.9, pattern_type: :hardcoded_secret}
18:48:57.689 [debug] Match confidence: 0.1848, min_confidence: 0.7, match: %{type: "js-hardcoded-secret-password", context: %{node_type: "VariableDeclarator", depth: 3, parent_type: "VariableDeclaration"}, location: %{depth: 3, end_column: 1698, end_line: 1, start_line: 1, start_column: 1687}, severity: "high", pattern_id: "js-hardcoded-secret-password", pattern_name: "Hardcoded Password", recommendation: "Review this code for potential security issues", confidence: 0.9, pattern_type: :hardcoded_secret}
18:48:57.689 [debug] Match confidence: 0.1848, min_confidence: 0.7, match: %{type: "js-hardcoded-secret-api-key", context: %{node_type: "VariableDeclarator", depth: 3, parent_type: "VariableDeclaration"}, location: %{depth: 3, end_column: 15, end_line: 1, start_line: 1, start_column: 4}, severity: "high", pattern_id: "js-hardcoded-secret-api-key", pattern_name: "Hardcoded API Key", recommendation: "Review this code for potential security issues", confidence: 0.9, pattern_type: :hardcoded_secret}
18:48:57.689 [debug] Match confidence: 0.1848, min_confidence: 0.7, match: %{type: "js-hardcoded-secret-api-key", context: %{node_type: "VariableDeclarator", depth: 3, parent_type: "VariableDeclaration"}, location: %{depth: 3, end_column: 32, end_line: 1, start_line: 1, start_column: 21}, severity: "high", pattern_id: "js-hardcoded-secret-api-key", pattern_name: "Hardcoded API Key", recommendation: "Review this code for potential security issues", confidence: 0.9, pattern_type: :hardcoded_secret}
18:48:57.689 [debug] Match confidence: 0.1848, min_confidence: 0.7, match: %{type: "js-hardcoded-secret-api-key", context: %{node_type: "VariableDeclarator", depth: 3, parent_type: "VariableDeclaration"}, location: %{depth: 3, end_column: 49, end_line: 1, start_line: 1, start_column: 38}, severity: "high", pattern_id: "js-hardcoded-secret-api-key", pattern_name: "Hardcoded API Key", recommendation: "Review this code for potential security issues", confidence: 0.9, pattern_type: :hardcoded_secret}
18:48:57.689 [debug] Match confidence: 0.1848, min_confidence: 0.7, match: %{type: "js-hardcoded-secret-api-key", context: %{node_type: "VariableDeclarator", depth: 3, parent_type: "VariableDeclaration"}, location: %{depth: 3, end_column: 66, end_line: 1, start_line: 1, start_column: 55}, severity: "high", pattern_id: "js-hardcoded-secret-api-key", pattern_name: "Hardcoded API Key", recommendation: "Review this code for potential security issues", confidence: 0.9, pattern_type: :hardcoded_secret}
18:48:57.689 [debug] Match confidence: 0.1848, min_confidence: 0.7, match: %{type: "js-hardcoded-secret-api-key", context: %{node_type: "VariableDeclarator", depth: 3, parent_type: "VariableDeclaration"}, location: %{depth: 3, end_column: 83, end_line: 1, start_line: 1, start_column: 72}, severity: "high", pattern_id: "js-hardcoded-secret-api-key", pattern_name: "Hardcoded API Key", recommendation: "Review this code for potential security issues", confidence: 0.9, pattern_type: :hardcoded_secret}
18:48:57.689 [debug] Match confidence: 0.1848, min_confidence: 0.7, match: %{type: "js-hardcoded-secret-api-key", context: %{node_type: "VariableDeclarator", depth: 3, parent_type: "VariableDeclaration"}, location: %{depth: 3, end_column: 100, end_line: 1, start_line: 1, start_column: 89}, severity: "high", pattern_id: "js-hardcoded-secret-api-key", pattern_name: "Hardcoded API Key", recommendation: "Review this code for potential security issues", confidence: 0.9, pattern_type: :hardcoded_secret}
18:48:57.689 [debug] Match confidence: 0.1848, min_confidence: 0.7, match: %{type: "js-hardcoded-secret-api-key", context: %{node_type: "VariableDeclarator", depth: 3, parent_type: "VariableDeclaration"}, location: %{depth: 3, end_column: 117, end_line: 1, start_line: 1, start_column: 106}, severity: "high", pattern_id: "js-hardcoded-secret-api-key", pattern_name: "Hardcoded API Key", recommendation: "Review this code for potential security issues", confidence: 0.9, pattern_type: :hardcoded_secret}
18:48:57.689 [debug] Match confidence: 0.1848, min_confidence: 0.7, match: %{type: "js-hardcoded-secret-api-key", context: %{node_type: "VariableDeclarator", depth: 3, parent_type: "VariableDeclaration"}, location: %{depth: 3, end_column: 134, end_line: 1, start_line: 1, start_column: 123}, severity: "high", pattern_id: "js-hardcoded-secret-api-key", pattern_name: "Hardcoded API Key", recommendation: "Review this code for potential security issues", confidence: 0.9, pattern_type: :hardcoded_secret}
18:48:57.689 [debug] Match confidence: 0.1848, min_confidence: 0.7, match: %{type: "js-hardcoded-secret-api-key", context: %{node_type: "VariableDeclarator", depth: 3, parent_type: "VariableDeclaration"}, location: %{depth: 3, end_column: 151, end_line: 1, start_line: 1, start_column: 140}, severity: "high", pattern_id: "js-hardcoded-secret-api-key", pattern_name: "Hardcoded API Key", recommendation: "Review this code for potential security issues", confidence: 0.9, pattern_type: :hardcoded_secret}
18:48:57.689 [debug] Match confidence: 0.1848, min_confidence: 0.7, match: %{type: "js-hardcoded-secret-api-key", context: %{node_type: "VariableDeclarator", depth: 3, parent_type: "VariableDeclaration"}, location: %{depth: 3, end_column: 168, end_line: 1, start_line: 1, start_column: 157}, severity: "high", pattern_id: "js-hardcoded-secret-api-key", pattern_name: "Hardcoded API Key", recommendation: "Review this code for potential security issues", confidence: 0.9, pattern_type: :hardcoded_secret}
18:48:57.689 [debug] Match confidence: 0.1848, min_confidence: 0.7, match: %{type: "js-hardcoded-secret-api-key", context: %{node_type: "VariableDeclarator", depth: 3, parent_type: "VariableDeclaration"}, location: %{depth: 3, end_column: 185, end_line: 1, start_line: 1, start_column: 174}, severity: "high", pattern_id: "js-hardcoded-secret-api-key", pattern_name: "Hardcoded API Key", recommendation: "Review this code for potential security issues", confidence: 0.9, pattern_type: :hardcoded_secret}
18:48:57.689 [debug] Match confidence: 0.1848, min_confidence: 0.7, match: %{type: "js-hardcoded-secret-api-key", context: %{node_type: "VariableDeclarator", depth: 3, parent_type: "VariableDeclaration"}, location: %{depth: 3, end_column: 202, end_line: 1, start_line: 1, start_column: 191}, severity: "high", pattern_id: "js-hardcoded-secret-api-key", pattern_name: "Hardcoded API Key", recommendation: "Review this code for potential security issues", confidence: 0.9, pattern_type: :hardcoded_secret}
18:48:57.689 [debug] Match confidence: 0.1848, min_confidence: 0.7, match: %{type: "js-hardcoded-secret-api-key", context: %{node_type: "VariableDeclarator", depth: 3, parent_type: "VariableDeclaration"}, location: %{depth: 3, end_column: 219, end_line: 1, start_line: 1, start_column: 208}, severity: "high", pattern_id: "js-hardcoded-secret-api-key", pattern_name: "Hardcoded API Key", recommendation: "Review this code for potential security issues", confidence: 0.9, pattern_type: :hardcoded_secret}
18:48:57.689 [debug] Match confidence: 0.1848, min_confidence: 0.7, match: %{type: "js-hardcoded-secret-api-key", context: %{node_type: "VariableDeclarator", depth: 3, parent_type: "VariableDeclaration"}, location: %{depth: 3, end_column: 236, end_line: 1, start_line: 1, start_column: 225}, severity: "high", pattern_id: "js-hardcoded-secret-api-key", pattern_name: "Hardcoded API Key", recommendation: "Review this code for potential security issues", confidence: 0.9, pattern_type: :hardcoded_secret}
18:48:57.689 [debug] Match confidence: 0.1848, min_confidence: 0.7, match: %{type: "js-hardcoded-secret-api-key", context: %{node_type: "VariableDeclarator", depth: 3, parent_type: "VariableDeclaration"}, location: %{depth: 3, end_column: 253, end_line: 1, start_line: 1, start_column: 242}, severity: "high", pattern_id: "js-hardcoded-secret-api-key", pattern_name: "Hardcoded API Key", recommendation: "Review this code for potential security issues", confidence: 0.9, pattern_type: :hardcoded_secret}
18:48:57.689 [debug] Match confidence: 0.1848, min_confidence: 0.7, match: %{type: "js-hardcoded-secret-api-key", context: %{node_type: "VariableDeclarator", depth: 3, parent_type: "VariableDeclaration"}, location: %{depth: 3, end_column: 270, end_line: 1, start_line: 1, start_column: 259}, severity: "high", pattern_id: "js-hardcoded-secret-api-key", pattern_name: "Hardcoded API Key", recommendation: "Review this code for potential security issues", confidence: 0.9, pattern_type: :hardcoded_secret}
18:48:57.689 [debug] Match confidence: 0.1848, min_confidence: 0.7, match: %{type: "js-hardcoded-secret-api-key", context: %{node_type: "VariableDeclarator", depth: 3, parent_type: "VariableDeclaration"}, location: %{depth: 3, end_column: 287, end_line: 1, start_line: 1, start_column: 276}, severity: "high", pattern_id: "js-hardcoded-secret-api-key", pattern_name: "Hardcoded API Key", recommendation: "Review this code for potential security issues", confidence: 0.9, pattern_type: :hardcoded_secret}
18:48:57.689 [debug] Match confidence: 0.1848, min_confidence: 0.7, match: %{type: "js-hardcoded-secret-api-key", context: %{node_type: "VariableDeclarator", depth: 3, parent_type: "VariableDeclaration"}, location: %{depth: 3, end_column: 304, end_line: 1, start_line: 1, start_column: 293}, severity: "high", pattern_id: "js-hardcoded-secret-api-key", pattern_name: "Hardcoded API Key", recommendation: "Review this code for potential security issues", confidence: 0.9, pattern_type: :hardcoded_secret}
18:48:57.689 [debug] Match confidence: 0.1848, min_confidence: 0.7, match: %{type: "js-hardcoded-secret-api-key", context: %{node_type: "VariableDeclarator", depth: 3, parent_type: "VariableDeclaration"}, location: %{depth: 3, end_column: 321, end_line: 1, start_line: 1, start_column: 310}, severity: "high", pattern_id: "js-hardcoded-secret-api-key", pattern_name: "Hardcoded API Key", recommendation: "Review this code for potential security issues", confidence: 0.9, pattern_type: :hardcoded_secret}
18:48:57.689 [debug] Match confidence: 0.1848, min_confidence: 0.7, match: %{type: "js-hardcoded-secret-api-key", context: %{node_type: "VariableDeclarator", depth: 3, parent_type: "VariableDeclaration"}, location: %{depth: 3, end_column: 338, end_line: 1, start_line: 1, start_column: 327}, severity: "high", pattern_id: "js-hardcoded-secret-api-key", pattern_name: "Hardcoded API Key", recommendation: "Review this code for potential security issues", confidence: 0.9, pattern_type: :hardcoded_secret}
18:48:57.689 [debug] Match confidence: 0.1848, min_confidence: 0.7, match: %{type: "js-hardcoded-secret-api-key", context: %{node_type: "VariableDeclarator", depth: 3, parent_type: "VariableDeclaration"}, location: %{depth: 3, end_column: 355, end_line: 1, start_line: 1, start_column: 344}, severity: "high", pattern_id: "js-hardcoded-secret-api-key", pattern_name: "Hardcoded API Key", recommendation: "Review this code for potential security issues", confidence: 0.9, pattern_type: :hardcoded_secret}
18:48:57.689 [debug] Match confidence: 0.1848, min_confidence: 0.7, match: %{type: "js-hardcoded-secret-api-key", context: %{node_type: "VariableDeclarator", depth: 3, parent_type: "VariableDeclaration"}, location: %{depth: 3, end_column: 372, end_line: 1, start_line: 1, start_column: 361}, severity: "high", pattern_id: "js-hardcoded-secret-api-key", pattern_name: "Hardcoded API Key", recommendation: "Review this code for potential security issues", confidence: 0.9, pattern_type: :hardcoded_secret}
18:48:57.689 [debug] Match confidence: 0.1848, min_confidence: 0.7, match: %{type: "js-hardcoded-secret-api-key", context: %{node_type: "VariableDeclarator", depth: 3, parent_type: "VariableDeclaration"}, location: %{depth: 3, end_column: 389, end_line: 1, start_line: 1, start_column: 378}, severity: "high", pattern_id: "js-hardcoded-secret-api-key", pattern_name: "Hardcoded API Key", recommendation: "Review this code for potential security issues", confidence: 0.9, pattern_type: :hardcoded_secret}
18:48:57.689 [debug] Match confidence: 0.1848, min_confidence: 0.7, match: %{type: "js-hardcoded-secret-api-key", context: %{node_type: "VariableDeclarator", depth: 3, parent_type: "VariableDeclaration"}, location: %{depth: 3, end_column: 406, end_line: 1, start_line: 1, start_column: 395}, severity: "high", pattern_id: "js-hardcoded-secret-api-key", pattern_name: "Hardcoded API Key", recommendation: "Review this code for potential security issues", confidence: 0.9, pattern_type: :hardcoded_secret}
18:48:57.689 [debug] Match confidence: 0.1848, min_confidence: 0.7, match: %{type: "js-hardcoded-secret-api-key", context: %{node_type: "VariableDeclarator", depth: 3, parent_type: "VariableDeclaration"}, location: %{depth: 3, end_column: 423, end_line: 1, start_line: 1, start_column: 412}, severity: "high", pattern_id: "js-hardcoded-secret-api-key", pattern_name: "Hardcoded API Key", recommendation: "Review this code for potential security issues", confidence: 0.9, pattern_type: :hardcoded_secret}
18:48:57.689 [debug] Match confidence: 0.1848, min_confidence: 0.7, match: %{type: "js-hardcoded-secret-api-key", context: %{node_type: "VariableDeclarator", depth: 3, parent_type: "VariableDeclaration"}, location: %{depth: 3, end_column: 440, end_line: 1, start_line: 1, start_column: 429}, severity: "high", pattern_id: "js-hardcoded-secret-api-key", pattern_name: "Hardcoded API Key", recommendation: "Review this code for potential security issues", confidence: 0.9, pattern_type: :hardcoded_secret}
18:48:57.689 [debug] Match confidence: 0.1848, min_confidence: 0.7, match: %{type: "js-hardcoded-secret-api-key", context: %{node_type: "VariableDeclarator", depth: 3, parent_type: "VariableDeclaration"}, location: %{depth: 3, end_column: 457, end_line: 1, start_line: 1, start_column: 446}, severity: "high", pattern_id: "js-hardcoded-secret-api-key", pattern_name: "Hardcoded API Key", recommendation: "Review this code for potential security issues", confidence: 0.9, pattern_type: :hardcoded_secret}
18:48:57.689 [debug] Match confidence: 0.1848, min_confidence: 0.7, match: %{type: "js-hardcoded-secret-api-key", context: %{node_type: "VariableDeclarator", depth: 3, parent_type: "VariableDeclaration"}, location: %{depth: 3, end_column: 474, end_line: 1, start_line: 1, start_column: 463}, severity: "high", pattern_id: "js-hardcoded-secret-api-key", pattern_name: "Hardcoded API Key", recommendation: "Review this code for potential security issues", confidence: 0.9, pattern_type: :hardcoded_secret}
18:48:57.689 [debug] Match confidence: 0.1848, min_confidence: 0.7, match: %{type: "js-hardcoded-secret-api-key", context: %{node_type: "VariableDeclarator", depth: 3, parent_type: "VariableDeclaration"}, location: %{depth: 3, end_column: 491, end_line: 1, start_line: 1, start_column: 480}, severity: "high", pattern_id: "js-hardcoded-secret-api-key", pattern_name: "Hardcoded API Key", recommendation: "Review this code for potential security issues", confidence: 0.9, pattern_type: :hardcoded_secret}
18:48:57.689 [debug] Match confidence: 0.1848, min_confidence: 0.7, match: %{type: "js-hardcoded-secret-api-key", context: %{node_type: "VariableDeclarator", depth: 3, parent_type: "VariableDeclaration"}, location: %{depth: 3, end_column: 508, end_line: 1, start_line: 1, start_column: 497}, severity: "high", pattern_id: "js-hardcoded-secret-api-key", pattern_name: "Hardcoded API Key", recommendation: "Review this code for potential security issues", confidence: 0.9, pattern_type: :hardcoded_secret}
18:48:57.689 [debug] Match confidence: 0.1848, min_confidence: 0.7, match: %{type: "js-hardcoded-secret-api-key", context: %{node_type: "VariableDeclarator", depth: 3, parent_type: "VariableDeclaration"}, location: %{depth: 3, end_column: 525, end_line: 1, start_line: 1, start_column: 514}, severity: "high", pattern_id: "js-hardcoded-secret-api-key", pattern_name: "Hardcoded API Key", recommendation: "Review this code for potential security issues", confidence: 0.9, pattern_type: :hardcoded_secret}
18:48:57.690 [debug] Match confidence: 0.1848, min_confidence: 0.7, match: %{type: "js-hardcoded-secret-api-key", context: %{node_type: "VariableDeclarator", depth: 3, parent_type: "VariableDeclaration"}, location: %{depth: 3, end_column: 542, end_line: 1, start_line: 1, start_column: 531}, severity: "high", pattern_id: "js-hardcoded-secret-api-key", pattern_name: "Hardcoded API Key", recommendation: "Review this code for potential security issues", confidence: 0.9, pattern_type: :hardcoded_secret}
18:48:57.690 [debug] Match confidence: 0.1848, min_confidence: 0.7, match: %{type: "js-hardcoded-secret-api-key", context: %{node_type: "VariableDeclarator", depth: 3, parent_type: "VariableDeclaration"}, location: %{depth: 3, end_column: 559, end_line: 1, start_line: 1, start_column: 548}, severity: "high", pattern_id: "js-hardcoded-secret-api-key", pattern_name: "Hardcoded API Key", recommendation: "Review this code for potential security issues", confidence: 0.9, pattern_type: :hardcoded_secret}
18:48:57.690 [debug] Match confidence: 0.1848, min_confidence: 0.7, match: %{type: "js-hardcoded-secret-api-key", context: %{node_type: "VariableDeclarator", depth: 3, parent_type: "VariableDeclaration"}, location: %{depth: 3, end_column: 576, end_line: 1, start_line: 1, start_column: 565}, severity: "high", pattern_id: "js-hardcoded-secret-api-key", pattern_name: "Hardcoded API Key", recommendation: "Review this code for potential security issues", confidence: 0.9, pattern_type: :hardcoded_secret}
18:48:57.690 [debug] Match confidence: 0.1848, min_confidence: 0.7, match: %{type: "js-hardcoded-secret-api-key", context: %{node_type: "VariableDeclarator", depth: 3, parent_type: "VariableDeclaration"}, location: %{depth: 3, end_column: 593, end_line: 1, start_line: 1, start_column: 582}, severity: "high", pattern_id: "js-hardcoded-secret-api-key", pattern_name: "Hardcoded API Key", recommendation: "Review this code for potential security issues", confidence: 0.9, pattern_type: :hardcoded_secret}
18:48:57.690 [debug] Match confidence: 0.1848, min_confidence: 0.7, match: %{type: "js-hardcoded-secret-api-key", context: %{node_type: "VariableDeclarator", depth: 3, parent_type: "VariableDeclaration"}, location: %{depth: 3, end_column: 610, end_line: 1, start_line: 1, start_column: 599}, severity: "high", pattern_id: "js-hardcoded-secret-api-key", pattern_name: "Hardcoded API Key", recommendation: "Review this code for potential security issues", confidence: 0.9, pattern_type: :hardcoded_secret}
18:48:57.690 [debug] Match confidence: 0.1848, min_confidence: 0.7, match: %{type: "js-hardcoded-secret-api-key", context: %{node_type: "VariableDeclarator", depth: 3, parent_type: "VariableDeclaration"}, location: %{depth: 3, end_column: 627, end_line: 1, start_line: 1, start_column: 616}, severity: "high", pattern_id: "js-hardcoded-secret-api-key", pattern_name: "Hardcoded API Key", recommendation: "Review this code for potential security issues", confidence: 0.9, pattern_type: :hardcoded_secret}
18:48:57.690 [debug] Match confidence: 0.1848, min_confidence: 0.7, match: %{type: "js-hardcoded-secret-api-key", context: %{node_type: "VariableDeclarator", depth: 3, parent_type: "VariableDeclaration"}, location: %{depth: 3, end_column: 644, end_line: 1, start_line: 1, start_column: 633}, severity: "high", pattern_id: "js-hardcoded-secret-api-key", pattern_name: "Hardcoded API Key", recommendation: "Review this code for potential security issues", confidence: 0.9, pattern_type: :hardcoded_secret}
18:48:57.690 [debug] Match confidence: 0.1848, min_confidence: 0.7, match: %{type: "js-hardcoded-secret-api-key", context: %{node_type: "VariableDeclarator", depth: 3, parent_type: "VariableDeclaration"}, location: %{depth: 3, end_column: 661, end_line: 1, start_line: 1, start_column: 650}, severity: "high", pattern_id: "js-hardcoded-secret-api-key", pattern_name: "Hardcoded API Key", recommendation: "Review this code for potential security issues", confidence: 0.9, pattern_type: :hardcoded_secret}
18:48:57.690 [debug] Match confidence: 0.1848, min_confidence: 0.7, match: %{type: "js-hardcoded-secret-api-key", context: %{node_type: "VariableDeclarator", depth: 3, parent_type: "VariableDeclaration"}, location: %{depth: 3, end_column: 678, end_line: 1, start_line: 1, start_column: 667}, severity: "high", pattern_id: "js-hardcoded-secret-api-key", pattern_name: "Hardcoded API Key", recommendation: "Review this code for potential security issues", confidence: 0.9, pattern_type: :hardcoded_secret}
18:48:57.690 [debug] Match confidence: 0.1848, min_confidence: 0.7, match: %{type: "js-hardcoded-secret-api-key", context: %{node_type: "VariableDeclarator", depth: 3, parent_type: "VariableDeclaration"}, location: %{depth: 3, end_column: 695, end_line: 1, start_line: 1, start_column: 684}, severity: "high", pattern_id: "js-hardcoded-secret-api-key", pattern_name: "Hardcoded API Key", recommendation: "Review this code for potential security issues", confidence: 0.9, pattern_type: :hardcoded_secret}
18:48:57.690 [debug] Match confidence: 0.1848, min_confidence: 0.7, match: %{type: "js-hardcoded-secret-api-key", context: %{node_type: "VariableDeclarator", depth: 3, parent_type: "VariableDeclaration"}, location: %{depth: 3, end_column: 712, end_line: 1, start_line: 1, start_column: 701}, severity: "high", pattern_id: "js-hardcoded-secret-api-key", pattern_name: "Hardcoded API Key", recommendation: "Review this code for potential security issues", confidence: 0.9, pattern_type: :hardcoded_secret}
18:48:57.690 [debug] Match confidence: 0.1848, min_confidence: 0.7, match: %{type: "js-hardcoded-secret-api-key", context: %{node_type: "VariableDeclarator", depth: 3, parent_type: "VariableDeclaration"}, location: %{depth: 3, end_column: 729, end_line: 1, start_line: 1, start_column: 718}, severity: "high", pattern_id: "js-hardcoded-secret-api-key", pattern_name: "Hardcoded API Key", recommendation: "Review this code for potential security issues", confidence: 0.9, pattern_type: :hardcoded_secret}
18:48:57.690 [debug] Match confidence: 0.1848, min_confidence: 0.7, match: %{type: "js-hardcoded-secret-api-key", context: %{node_type: "VariableDeclarator", depth: 3, parent_type: "VariableDeclaration"}, location: %{depth: 3, end_column: 746, end_line: 1, start_line: 1, start_column: 735}, severity: "high", pattern_id: "js-hardcoded-secret-api-key", pattern_name: "Hardcoded API Key", recommendation: "Review this code for potential security issues", confidence: 0.9, pattern_type: :hardcoded_secret}
18:48:57.690 [debug] Match confidence: 0.1848, min_confidence: 0.7, match: %{type: "js-hardcoded-secret-api-key", context: %{node_type: "VariableDeclarator", depth: 3, parent_type: "VariableDeclaration"}, location: %{depth: 3, end_column: 763, end_line: 1, start_line: 1, start_column: 752}, severity: "high", pattern_id: "js-hardcoded-secret-api-key", pattern_name: "Hardcoded API Key", recommendation: "Review this code for potential security issues", confidence: 0.9, pattern_type: :hardcoded_secret}
18:48:57.690 [debug] Match confidence: 0.1848, min_confidence: 0.7, match: %{type: "js-hardcoded-secret-api-key", context: %{node_type: "VariableDeclarator", depth: 3, parent_type: "VariableDeclaration"}, location: %{depth: 3, end_column: 780, end_line: 1, start_line: 1, start_column: 769}, severity: "high", pattern_id: "js-hardcoded-secret-api-key", pattern_name: "Hardcoded API Key", recommendation: "Review this code for potential security issues", confidence: 0.9, pattern_type: :hardcoded_secret}
18:48:57.690 [debug] Match confidence: 0.1848, min_confidence: 0.7, match: %{type: "js-hardcoded-secret-api-key", context: %{node_type: "VariableDeclarator", depth: 3, parent_type: "VariableDeclaration"}, location: %{depth: 3, end_column: 797, end_line: 1, start_line: 1, start_column: 786}, severity: "high", pattern_id: "js-hardcoded-secret-api-key", pattern_name: "Hardcoded API Key", recommendation: "Review this code for potential security issues", confidence: 0.9, pattern_type: :hardcoded_secret}
18:48:57.690 [debug] Match confidence: 0.1848, min_confidence: 0.7, match: %{type: "js-hardcoded-secret-api-key", context: %{node_type: "VariableDeclarator", depth: 3, parent_type: "VariableDeclaration"}, location: %{depth: 3, end_column: 814, end_line: 1, start_line: 1, start_column: 803}, severity: "high", pattern_id: "js-hardcoded-secret-api-key", pattern_name: "Hardcoded API Key", recommendation: "Review this code for potential security issues", confidence: 0.9, pattern_type: :hardcoded_secret}
18:48:57.690 [debug] Match confidence: 0.1848, min_confidence: 0.7, match: %{type: "js-hardcoded-secret-api-key", context: %{node_type: "VariableDeclarator", depth: 3, parent_type: "VariableDeclaration"}, location: %{depth: 3, end_column: 831, end_line: 1, start_line: 1, start_column: 820}, severity: "high", pattern_id: "js-hardcoded-secret-api-key", pattern_name: "Hardcoded API Key", recommendation: "Review this code for potential security issues", confidence: 0.9, pattern_type: :hardcoded_secret}
18:48:57.690 [debug] Match confidence: 0.1848, min_confidence: 0.7, match: %{type: "js-hardcoded-secret-api-key", context: %{node_type: "VariableDeclarator", depth: 3, parent_type: "VariableDeclaration"}, location: %{depth: 3, end_column: 848, end_line: 1, start_line: 1, start_column: 837}, severity: "high", pattern_id: "js-hardcoded-secret-api-key", pattern_name: "Hardcoded API Key", recommendation: "Review this code for potential security issues", confidence: 0.9, pattern_type: :hardcoded_secret}
18:48:57.690 [debug] Match confidence: 0.1848, min_confidence: 0.7, match: %{type: "js-hardcoded-secret-api-key", context: %{node_type: "VariableDeclarator", depth: 3, parent_type: "VariableDeclaration"}, location: %{depth: 3, end_column: 865, end_line: 1, start_line: 1, start_column: 854}, severity: "high", pattern_id: "js-hardcoded-secret-api-key", pattern_name: "Hardcoded API Key", recommendation: "Review this code for potential security issues", confidence: 0.9, pattern_type: :hardcoded_secret}
18:48:57.690 [debug] Match confidence: 0.1848, min_confidence: 0.7, match: %{type: "js-hardcoded-secret-api-key", context: %{node_type: "VariableDeclarator", depth: 3, parent_type: "VariableDeclaration"}, location: %{depth: 3, end_column: 882, end_line: 1, start_line: 1, start_column: 871}, severity: "high", pattern_id: "js-hardcoded-secret-api-key", pattern_name: "Hardcoded API Key", recommendation: "Review this code for potential security issues", confidence: 0.9, pattern_type: :hardcoded_secret}
18:48:57.690 [debug] Match confidence: 0.1848, min_confidence: 0.7, match: %{type: "js-hardcoded-secret-api-key", context: %{node_type: "VariableDeclarator", depth: 3, parent_type: "VariableDeclaration"}, location: %{depth: 3, end_column: 899, end_line: 1, start_line: 1, start_column: 888}, severity: "high", pattern_id: "js-hardcoded-secret-api-key", pattern_name: "Hardcoded API Key", recommendation: "Review this code for potential security issues", confidence: 0.9, pattern_type: :hardcoded_secret}
18:48:57.690 [debug] Match confidence: 0.1848, min_confidence: 0.7, match: %{type: "js-hardcoded-secret-api-key", context: %{node_type: "VariableDeclarator", depth: 3, parent_type: "VariableDeclaration"}, location: %{depth: 3, end_column: 916, end_line: 1, start_line: 1, start_column: 905}, severity: "high", pattern_id: "js-hardcoded-secret-api-key", pattern_name: "Hardcoded API Key", recommendation: "Review this code for potential security issues", confidence: 0.9, pattern_type: :hardcoded_secret}
18:48:57.690 [debug] Match confidence: 0.1848, min_confidence: 0.7, match: %{type: "js-hardcoded-secret-api-key", context: %{node_type: "VariableDeclarator", depth: 3, parent_type: "VariableDeclaration"}, location: %{depth: 3, end_column: 933, end_line: 1, start_line: 1, start_column: 922}, severity: "high", pattern_id: "js-hardcoded-secret-api-key", pattern_name: "Hardcoded API Key", recommendation: "Review this code for potential security issues", confidence: 0.9, pattern_type: :hardcoded_secret}
18:48:57.690 [debug] Match confidence: 0.1848, min_confidence: 0.7, match: %{type: "js-hardcoded-secret-api-key", context: %{node_type: "VariableDeclarator", depth: 3, parent_type: "VariableDeclaration"}, location: %{depth: 3, end_column: 950, end_line: 1, start_line: 1, start_column: 939}, severity: "high", pattern_id: "js-hardcoded-secret-api-key", pattern_name: "Hardcoded API Key", recommendation: "Review this code for potential security issues", confidence: 0.9, pattern_type: :hardcoded_secret}
18:48:57.690 [debug] Match confidence: 0.1848, min_confidence: 0.7, match: %{type: "js-hardcoded-secret-api-key", context: %{node_type: "VariableDeclarator", depth: 3, parent_type: "VariableDeclaration"}, location: %{depth: 3, end_column: 967, end_line: 1, start_line: 1, start_column: 956}, severity: "high", pattern_id: "js-hardcoded-secret-api-key", pattern_name: "Hardcoded API Key", recommendation: "Review this code for potential security issues", confidence: 0.9, pattern_type: :hardcoded_secret}
18:48:57.690 [debug] Match confidence: 0.1848, min_confidence: 0.7, match: %{type: "js-hardcoded-secret-api-key", context: %{node_type: "VariableDeclarator", depth: 3, parent_type: "VariableDeclaration"}, location: %{depth: 3, end_column: 984, end_line: 1, start_line: 1, start_column: 973}, severity: "high", pattern_id: "js-hardcoded-secret-api-key", pattern_name: "Hardcoded API Key", recommendation: "Review this code for potential security issues", confidence: 0.9, pattern_type: :hardcoded_secret}
18:48:57.690 [debug] Match confidence: 0.1848, min_confidence: 0.7, match: %{type: "js-hardcoded-secret-api-key", context: %{node_type: "VariableDeclarator", depth: 3, parent_type: "VariableDeclaration"}, location: %{depth: 3, end_column: 1001, end_line: 1, start_line: 1, start_column: 990}, severity: "high", pattern_id: "js-hardcoded-secret-api-key", pattern_name: "Hardcoded API Key", recommendation: "Review this code for potential security issues", confidence: 0.9, pattern_type: :hardcoded_secret}
18:48:57.690 [debug] Match confidence: 0.1848, min_confidence: 0.7, match: %{type: "js-hardcoded-secret-api-key", context: %{node_type: "VariableDeclarator", depth: 3, parent_type: "VariableDeclaration"}, location: %{depth: 3, end_column: 1018, end_line: 1, start_line: 1, start_column: 1007}, severity: "high", pattern_id: "js-hardcoded-secret-api-key", pattern_name: "Hardcoded API Key", recommendation: "Review this code for potential security issues", confidence: 0.9, pattern_type: :hardcoded_secret}
18:48:57.690 [debug] Match confidence: 0.1848, min_confidence: 0.7, match: %{type: "js-hardcoded-secret-api-key", context: %{node_type: "VariableDeclarator", depth: 3, parent_type: "VariableDeclaration"}, location: %{depth: 3, end_column: 1035, end_line: 1, start_line: 1, start_column: 1024}, severity: "high", pattern_id: "js-hardcoded-secret-api-key", pattern_name: "Hardcoded API Key", recommendation: "Review this code for potential security issues", confidence: 0.9, pattern_type: :hardcoded_secret}
18:48:57.691 [debug] Match confidence: 0.1848, min_confidence: 0.7, match: %{type: "js-hardcoded-secret-api-key", context: %{node_type: "VariableDeclarator", depth: 3, parent_type: "VariableDeclaration"}, location: %{depth: 3, end_column: 1052, end_line: 1, start_line: 1, start_column: 1041}, severity: "high", pattern_id: "js-hardcoded-secret-api-key", pattern_name: "Hardcoded API Key", recommendation: "Review this code for potential security issues", confidence: 0.9, pattern_type: :hardcoded_secret}
18:48:57.691 [debug] Match confidence: 0.1848, min_confidence: 0.7, match: %{type: "js-hardcoded-secret-api-key", context: %{node_type: "VariableDeclarator", depth: 3, parent_type: "VariableDeclaration"}, location: %{depth: 3, end_column: 1069, end_line: 1, start_line: 1, start_column: 1058}, severity: "high", pattern_id: "js-hardcoded-secret-api-key", pattern_name: "Hardcoded API Key", recommendation: "Review this code for potential security issues", confidence: 0.9, pattern_type: :hardcoded_secret}
18:48:57.691 [debug] Match confidence: 0.1848, min_confidence: 0.7, match: %{type: "js-hardcoded-secret-api-key", context: %{node_type: "VariableDeclarator", depth: 3, parent_type: "VariableDeclaration"}, location: %{depth: 3, end_column: 1086, end_line: 1, start_line: 1, start_column: 1075}, severity: "high", pattern_id: "js-hardcoded-secret-api-key", pattern_name: "Hardcoded API Key", recommendation: "Review this code for potential security issues", confidence: 0.9, pattern_type: :hardcoded_secret}
18:48:57.691 [debug] Match confidence: 0.1848, min_confidence: 0.7, match: %{type: "js-hardcoded-secret-api-key", context: %{node_type: "VariableDeclarator", depth: 3, parent_type: "VariableDeclaration"}, location: %{depth: 3, end_column: 1103, end_line: 1, start_line: 1, start_column: 1092}, severity: "high", pattern_id: "js-hardcoded-secret-api-key", pattern_name: "Hardcoded API Key", recommendation: "Review this code for potential security issues", confidence: 0.9, pattern_type: :hardcoded_secret}
18:48:57.691 [debug] Match confidence: 0.1848, min_confidence: 0.7, match: %{type: "js-hardcoded-secret-api-key", context: %{node_type: "VariableDeclarator", depth: 3, parent_type: "VariableDeclaration"}, location: %{depth: 3, end_column: 1120, end_line: 1, start_line: 1, start_column: 1109}, severity: "high", pattern_id: "js-hardcoded-secret-api-key", pattern_name: "Hardcoded API Key", recommendation: "Review this code for potential security issues", confidence: 0.9, pattern_type: :hardcoded_secret}
18:48:57.691 [debug] Match confidence: 0.1848, min_confidence: 0.7, match: %{type: "js-hardcoded-secret-api-key", context: %{node_type: "VariableDeclarator", depth: 3, parent_type: "VariableDeclaration"}, location: %{depth: 3, end_column: 1137, end_line: 1, start_line: 1, start_column: 1126}, severity: "high", pattern_id: "js-hardcoded-secret-api-key", pattern_name: "Hardcoded API Key", recommendation: "Review this code for potential security issues", confidence: 0.9, pattern_type: :hardcoded_secret}
18:48:57.691 [debug] Match confidence: 0.1848, min_confidence: 0.7, match: %{type: "js-hardcoded-secret-api-key", context: %{node_type: "VariableDeclarator", depth: 3, parent_type: "VariableDeclaration"}, location: %{depth: 3, end_column: 1154, end_line: 1, start_line: 1, start_column: 1143}, severity: "high", pattern_id: "js-hardcoded-secret-api-key", pattern_name: "Hardcoded API Key", recommendation: "Review this code for potential security issues", confidence: 0.9, pattern_type: :hardcoded_secret}
18:48:57.691 [debug] Match confidence: 0.1848, min_confidence: 0.7, match: %{type: "js-hardcoded-secret-api-key", context: %{node_type: "VariableDeclarator", depth: 3, parent_type: "VariableDeclaration"}, location: %{depth: 3, end_column: 1171, end_line: 1, start_line: 1, start_column: 1160}, severity: "high", pattern_id: "js-hardcoded-secret-api-key", pattern_name: "Hardcoded API Key", recommendation: "Review this code for potential security issues", confidence: 0.9, pattern_type: :hardcoded_secret}
18:48:57.691 [debug] Match confidence: 0.1848, min_confidence: 0.7, match: %{type: "js-hardcoded-secret-api-key", context: %{node_type: "VariableDeclarator", depth: 3, parent_type: "VariableDeclaration"}, location: %{depth: 3, end_column: 1188, end_line: 1, start_line: 1, start_column: 1177}, severity: "high", pattern_id: "js-hardcoded-secret-api-key", pattern_name: "Hardcoded API Key", recommendation: "Review this code for potential security issues", confidence: 0.9, pattern_type: :hardcoded_secret}
18:48:57.691 [debug] Match confidence: 0.1848, min_confidence: 0.7, match: %{type: "js-hardcoded-secret-api-key", context: %{node_type: "VariableDeclarator", depth: 3, parent_type: "VariableDeclaration"}, location: %{depth: 3, end_column: 1205, end_line: 1, start_line: 1, start_column: 1194}, severity: "high", pattern_id: "js-hardcoded-secret-api-key", pattern_name: "Hardcoded API Key", recommendation: "Review this code for potential security issues", confidence: 0.9, pattern_type: :hardcoded_secret}
18:48:57.691 [debug] Match confidence: 0.1848, min_confidence: 0.7, match: %{type: "js-hardcoded-secret-api-key", context: %{node_type: "VariableDeclarator", depth: 3, parent_type: "VariableDeclaration"}, location: %{depth: 3, end_column: 1222, end_line: 1, start_line: 1, start_column: 1211}, severity: "high", pattern_id: "js-hardcoded-secret-api-key", pattern_name: "Hardcoded API Key", recommendation: "Review this code for potential security issues", confidence: 0.9, pattern_type: :hardcoded_secret}
18:48:57.691 [debug] Match confidence: 0.1848, min_confidence: 0.7, match: %{type: "js-hardcoded-secret-api-key", context: %{node_type: "VariableDeclarator", depth: 3, parent_type: "VariableDeclaration"}, location: %{depth: 3, end_column: 1239, end_line: 1, start_line: 1, start_column: 1228}, severity: "high", pattern_id: "js-hardcoded-secret-api-key", pattern_name: "Hardcoded API Key", recommendation: "Review this code for potential security issues", confidence: 0.9, pattern_type: :hardcoded_secret}
18:48:57.691 [debug] Match confidence: 0.1848, min_confidence: 0.7, match: %{type: "js-hardcoded-secret-api-key", context: %{node_type: "VariableDeclarator", depth: 3, parent_type: "VariableDeclaration"}, location: %{depth: 3, end_column: 1256, end_line: 1, start_line: 1, start_column: 1245}, severity: "high", pattern_id: "js-hardcoded-secret-api-key", pattern_name: "Hardcoded API Key", recommendation: "Review this code for potential security issues", confidence: 0.9, pattern_type: :hardcoded_secret}
18:48:57.691 [debug] Match confidence: 0.1848, min_confidence: 0.7, match: %{type: "js-hardcoded-secret-api-key", context: %{node_type: "VariableDeclarator", depth: 3, parent_type: "VariableDeclaration"}, location: %{depth: 3, end_column: 1273, end_line: 1, start_line: 1, start_column: 1262}, severity: "high", pattern_id: "js-hardcoded-secret-api-key", pattern_name: "Hardcoded API Key", recommendation: "Review this code for potential security issues", confidence: 0.9, pattern_type: :hardcoded_secret}
18:48:57.691 [debug] Match confidence: 0.1848, min_confidence: 0.7, match: %{type: "js-hardcoded-secret-api-key", context: %{node_type: "VariableDeclarator", depth: 3, parent_type: "VariableDeclaration"}, location: %{depth: 3, end_column: 1290, end_line: 1, start_line: 1, start_column: 1279}, severity: "high", pattern_id: "js-hardcoded-secret-api-key", pattern_name: "Hardcoded API Key", recommendation: "Review this code for potential security issues", confidence: 0.9, pattern_type: :hardcoded_secret}
18:48:57.691 [debug] Match confidence: 0.1848, min_confidence: 0.7, match: %{type: "js-hardcoded-secret-api-key", context: %{node_type: "VariableDeclarator", depth: 3, parent_type: "VariableDeclaration"}, location: %{depth: 3, end_column: 1307, end_line: 1, start_line: 1, start_column: 1296}, severity: "high", pattern_id: "js-hardcoded-secret-api-key", pattern_name: "Hardcoded API Key", recommendation: "Review this code for potential security issues", confidence: 0.9, pattern_type: :hardcoded_secret}
18:48:57.691 [debug] Match confidence: 0.1848, min_confidence: 0.7, match: %{type: "js-hardcoded-secret-api-key", context: %{node_type: "VariableDeclarator", depth: 3, parent_type: "VariableDeclaration"}, location: %{depth: 3, end_column: 1324, end_line: 1, start_line: 1, start_column: 1313}, severity: "high", pattern_id: "js-hardcoded-secret-api-key", pattern_name: "Hardcoded API Key", recommendation: "Review this code for potential security issues", confidence: 0.9, pattern_type: :hardcoded_secret}
18:48:57.691 [debug] Match confidence: 0.1848, min_confidence: 0.7, match: %{type: "js-hardcoded-secret-api-key", context: %{node_type: "VariableDeclarator", depth: 3, parent_type: "VariableDeclaration"}, location: %{depth: 3, end_column: 1341, end_line: 1, start_line: 1, start_column: 1330}, severity: "high", pattern_id: "js-hardcoded-secret-api-key", pattern_name: "Hardcoded API Key", recommendation: "Review this code for potential security issues", confidence: 0.9, pattern_type: :hardcoded_secret}
18:48:57.691 [debug] Match confidence: 0.1848, min_confidence: 0.7, match: %{type: "js-hardcoded-secret-api-key", context: %{node_type: "VariableDeclarator", depth: 3, parent_type: "VariableDeclaration"}, location: %{depth: 3, end_column: 1358, end_line: 1, start_line: 1, start_column: 1347}, severity: "high", pattern_id: "js-hardcoded-secret-api-key", pattern_name: "Hardcoded API Key", recommendation: "Review this code for potential security issues", confidence: 0.9, pattern_type: :hardcoded_secret}
18:48:57.691 [debug] Match confidence: 0.1848, min_confidence: 0.7, match: %{type: "js-hardcoded-secret-api-key", context: %{node_type: "VariableDeclarator", depth: 3, parent_type: "VariableDeclaration"}, location: %{depth: 3, end_column: 1375, end_line: 1, start_line: 1, start_column: 1364}, severity: "high", pattern_id: "js-hardcoded-secret-api-key", pattern_name: "Hardcoded API Key", recommendation: "Review this code for potential security issues", confidence: 0.9, pattern_type: :hardcoded_secret}
18:48:57.691 [debug] Match confidence: 0.1848, min_confidence: 0.7, match: %{type: "js-hardcoded-secret-api-key", context: %{node_type: "VariableDeclarator", depth: 3, parent_type: "VariableDeclaration"}, location: %{depth: 3, end_column: 1392, end_line: 1, start_line: 1, start_column: 1381}, severity: "high", pattern_id: "js-hardcoded-secret-api-key", pattern_name: "Hardcoded API Key", recommendation: "Review this code for potential security issues", confidence: 0.9, pattern_type: :hardcoded_secret}
18:48:57.691 [debug] Match confidence: 0.1848, min_confidence: 0.7, match: %{type: "js-hardcoded-secret-api-key", context: %{node_type: "VariableDeclarator", depth: 3, parent_type: "VariableDeclaration"}, location: %{depth: 3, end_column: 1409, end_line: 1, start_line: 1, start_column: 1398}, severity: "high", pattern_id: "js-hardcoded-secret-api-key", pattern_name: "Hardcoded API Key", recommendation: "Review this code for potential security issues", confidence: 0.9, pattern_type: :hardcoded_secret}
18:48:57.691 [debug] Match confidence: 0.1848, min_confidence: 0.7, match: %{type: "js-hardcoded-secret-api-key", context: %{node_type: "VariableDeclarator", depth: 3, parent_type: "VariableDeclaration"}, location: %{depth: 3, end_column: 1426, end_line: 1, start_line: 1, start_column: 1415}, severity: "high", pattern_id: "js-hardcoded-secret-api-key", pattern_name: "Hardcoded API Key", recommendation: "Review this code for potential security issues", confidence: 0.9, pattern_type: :hardcoded_secret}
18:48:57.691 [debug] Match confidence: 0.1848, min_confidence: 0.7, match: %{type: "js-hardcoded-secret-api-key", context: %{node_type: "VariableDeclarator", depth: 3, parent_type: "VariableDeclaration"}, location: %{depth: 3, end_column: 1443, end_line: 1, start_line: 1, start_column: 1432}, severity: "high", pattern_id: "js-hardcoded-secret-api-key", pattern_name: "Hardcoded API Key", recommendation: "Review this code for potential security issues", confidence: 0.9, pattern_type: :hardcoded_secret}
18:48:57.691 [debug] Match confidence: 0.1848, min_confidence: 0.7, match: %{type: "js-hardcoded-secret-api-key", context: %{node_type: "VariableDeclarator", depth: 3, parent_type: "VariableDeclaration"}, location: %{depth: 3, end_column: 1460, end_line: 1, start_line: 1, start_column: 1449}, severity: "high", pattern_id: "js-hardcoded-secret-api-key", pattern_name: "Hardcoded API Key", recommendation: "Review this code for potential security issues", confidence: 0.9, pattern_type: :hardcoded_secret}
18:48:57.691 [debug] Match confidence: 0.1848, min_confidence: 0.7, match: %{type: "js-hardcoded-secret-api-key", context: %{node_type: "VariableDeclarator", depth: 3, parent_type: "VariableDeclaration"}, location: %{depth: 3, end_column: 1477, end_line: 1, start_line: 1, start_column: 1466}, severity: "high", pattern_id: "js-hardcoded-secret-api-key", pattern_name: "Hardcoded API Key", recommendation: "Review this code for potential security issues", confidence: 0.9, pattern_type: :hardcoded_secret}
18:48:57.691 [debug] Match confidence: 0.1848, min_confidence: 0.7, match: %{type: "js-hardcoded-secret-api-key", context: %{node_type: "VariableDeclarator", depth: 3, parent_type: "VariableDeclaration"}, location: %{depth: 3, end_column: 1494, end_line: 1, start_line: 1, start_column: 1483}, severity: "high", pattern_id: "js-hardcoded-secret-api-key", pattern_name: "Hardcoded API Key", recommendation: "Review this code for potential security issues", confidence: 0.9, pattern_type: :hardcoded_secret}
18:48:57.691 [debug] Match confidence: 0.1848, min_confidence: 0.7, match: %{type: "js-hardcoded-secret-api-key", context: %{node_type: "VariableDeclarator", depth: 3, parent_type: "VariableDeclaration"}, location: %{depth: 3, end_column: 1511, end_line: 1, start_line: 1, start_column: 1500}, severity: "high", pattern_id: "js-hardcoded-secret-api-key", pattern_name: "Hardcoded API Key", recommendation: "Review this code for potential security issues", confidence: 0.9, pattern_type: :hardcoded_secret}
18:48:57.691 [debug] Match confidence: 0.1848, min_confidence: 0.7, match: %{type: "js-hardcoded-secret-api-key", context: %{node_type: "VariableDeclarator", depth: 3, parent_type: "VariableDeclaration"}, location: %{depth: 3, end_column: 1528, end_line: 1, start_line: 1, start_column: 1517}, severity: "high", pattern_id: "js-hardcoded-secret-api-key", pattern_name: "Hardcoded API Key", recommendation: "Review this code for potential security issues", confidence: 0.9, pattern_type: :hardcoded_secret}
18:48:57.691 [debug] Match confidence: 0.1848, min_confidence: 0.7, match: %{type: "js-hardcoded-secret-api-key", context: %{node_type: "VariableDeclarator", depth: 3, parent_type: "VariableDeclaration"}, location: %{depth: 3, end_column: 1545, end_line: 1, start_line: 1, start_column: 1534}, severity: "high", pattern_id: "js-hardcoded-secret-api-key", pattern_name: "Hardcoded API Key", recommendation: "Review this code for potential security issues", confidence: 0.9, pattern_type: :hardcoded_secret}
18:48:57.691 [debug] Match confidence: 0.1848, min_confidence: 0.7, match: %{type: "js-hardcoded-secret-api-key", context: %{node_type: "VariableDeclarator", depth: 3, parent_type: "VariableDeclaration"}, location: %{depth: 3, end_column: 1562, end_line: 1, start_line: 1, start_column: 1551}, severity: "high", pattern_id: "js-hardcoded-secret-api-key", pattern_name: "Hardcoded API Key", recommendation: "Review this code for potential security issues", confidence: 0.9, pattern_type: :hardcoded_secret}
18:48:57.691 [debug] Match confidence: 0.1848, min_confidence: 0.7, match: %{type: "js-hardcoded-secret-api-key", context: %{node_type: "VariableDeclarator", depth: 3, parent_type: "VariableDeclaration"}, location: %{depth: 3, end_column: 1579, end_line: 1, start_line: 1, start_column: 1568}, severity: "high", pattern_id: "js-hardcoded-secret-api-key", pattern_name: "Hardcoded API Key", recommendation: "Review this code for potential security issues", confidence: 0.9, pattern_type: :hardcoded_secret}
18:48:57.692 [debug] Match confidence: 0.1848, min_confidence: 0.7, match: %{type: "js-hardcoded-secret-api-key", context: %{node_type: "VariableDeclarator", depth: 3, parent_type: "VariableDeclaration"}, location: %{depth: 3, end_column: 1596, end_line: 1, start_line: 1, start_column: 1585}, severity: "high", pattern_id: "js-hardcoded-secret-api-key", pattern_name: "Hardcoded API Key", recommendation: "Review this code for potential security issues", confidence: 0.9, pattern_type: :hardcoded_secret}
18:48:57.692 [debug] Match confidence: 0.1848, min_confidence: 0.7, match: %{type: "js-hardcoded-secret-api-key", context: %{node_type: "VariableDeclarator", depth: 3, parent_type: "VariableDeclaration"}, location: %{depth: 3, end_column: 1613, end_line: 1, start_line: 1, start_column: 1602}, severity: "high", pattern_id: "js-hardcoded-secret-api-key", pattern_name: "Hardcoded API Key", recommendation: "Review this code for potential security issues", confidence: 0.9, pattern_type: :hardcoded_secret}
18:48:57.692 [debug] Match confidence: 0.1848, min_confidence: 0.7, match: %{type: "js-hardcoded-secret-api-key", context: %{node_type: "VariableDeclarator", depth: 3, parent_type: "VariableDeclaration"}, location: %{depth: 3, end_column: 1630, end_line: 1, start_line: 1, start_column: 1619}, severity: "high", pattern_id: "js-hardcoded-secret-api-key", pattern_name: "Hardcoded API Key", recommendation: "Review this code for potential security issues", confidence: 0.9, pattern_type: :hardcoded_secret}
18:48:57.692 [debug] Match confidence: 0.1848, min_confidence: 0.7, match: %{type: "js-hardcoded-secret-api-key", context: %{node_type: "VariableDeclarator", depth: 3, parent_type: "VariableDeclaration"}, location: %{depth: 3, end_column: 1647, end_line: 1, start_line: 1, start_column: 1636}, severity: "high", pattern_id: "js-hardcoded-secret-api-key", pattern_name: "Hardcoded API Key", recommendation: "Review this code for potential security issues", confidence: 0.9, pattern_type: :hardcoded_secret}
18:48:57.692 [debug] Match confidence: 0.1848, min_confidence: 0.7, match: %{type: "js-hardcoded-secret-api-key", context: %{node_type: "VariableDeclarator", depth: 3, parent_type: "VariableDeclaration"}, location: %{depth: 3, end_column: 1664, end_line: 1, start_line: 1, start_column: 1653}, severity: "high", pattern_id: "js-hardcoded-secret-api-key", pattern_name: "Hardcoded API Key", recommendation: "Review this code for potential security issues", confidence: 0.9, pattern_type: :hardcoded_secret}
18:48:57.692 [debug] Match confidence: 0.1848, min_confidence: 0.7, match: %{type: "js-hardcoded-secret-api-key", context: %{node_type: "VariableDeclarator", depth: 3, parent_type: "VariableDeclaration"}, location: %{depth: 3, end_column: 1681, end_line: 1, start_line: 1, start_column: 1670}, severity: "high", pattern_id: "js-hardcoded-secret-api-key", pattern_name: "Hardcoded API Key", recommendation: "Review this code for potential security issues", confidence: 0.9, pattern_type: :hardcoded_secret}
18:48:57.692 [debug] Match confidence: 0.1848, min_confidence: 0.7, match: %{type: "js-hardcoded-secret-api-key", context: %{node_type: "VariableDeclarator", depth: 3, parent_type: "VariableDeclaration"}, location: %{depth: 3, end_column: 1698, end_line: 1, start_line: 1, start_column: 1687}, severity: "high", pattern_id: "js-hardcoded-secret-api-key", pattern_name: "Hardcoded API Key", recommendation: "Review this code for potential security issues", confidence: 0.9, pattern_type: :hardcoded_secret}
18:48:57.839 [debug] Parser response received
18:48:57.840 [info] AnalysisService: Loaded 30 patterns for javascript
18:48:57.913 [info] AnalysisService: Found 200 matches
18:48:57.914 [debug] Match confidence: 0.1848, min_confidence: 0.7, match: %{type: "js-hardcoded-secret-password", context: %{node_type: "VariableDeclarator", depth: 3, parent_type: "VariableDeclaration"}, location: %{depth: 3, end_column: 15, end_line: 1, start_line: 1, start_column: 4}, severity: "high", pattern_id: "js-hardcoded-secret-password", pattern_name: "Hardcoded Password", recommendation: "Review this code for potential security issues", confidence: 0.9, pattern_type: :hardcoded_secret}
18:48:57.915 [debug] Match confidence: 0.1848, min_confidence: 0.7, match: %{type: "js-hardcoded-secret-password", context: %{node_type: "VariableDeclarator", depth: 3, parent_type: "VariableDeclaration"}, location: %{depth: 3, end_column: 32, end_line: 1, start_line: 1, start_column: 21}, severity: "high", pattern_id: "js-hardcoded-secret-password", pattern_name: "Hardcoded Password", recommendation: "Review this code for potential security issues", confidence: 0.9, pattern_type: :hardcoded_secret}
18:48:57.916 [debug] Match confidence: 0.1848, min_confidence: 0.7, match: %{type: "js-hardcoded-secret-password", context: %{node_type: "VariableDeclarator", depth: 3, parent_type: "VariableDeclaration"}, location: %{depth: 3, end_column: 49, end_line: 1, start_line: 1, start_column: 38}, severity: "high", pattern_id: "js-hardcoded-secret-password", pattern_name: "Hardcoded Password", recommendation: "Review this code for potential security issues", confidence: 0.9, pattern_type: :hardcoded_secret}
18:48:57.917 [debug] Match confidence: 0.1848, min_confidence: 0.7, match: %{type: "js-hardcoded-secret-password", context: %{node_type: "VariableDeclarator", depth: 3, parent_type: "VariableDeclaration"}, location: %{depth: 3, end_column: 66, end_line: 1, start_line: 1, start_column: 55}, severity: "high", pattern_id: "js-hardcoded-secret-password", pattern_name: "Hardcoded Password", recommendation: "Review this code for potential security issues", confidence: 0.9, pattern_type: :hardcoded_secret}
18:48:57.918 [debug] Match confidence: 0.1848, min_confidence: 0.7, match: %{type: "js-hardcoded-secret-password", context: %{node_type: "VariableDeclarator", depth: 3, parent_type: "VariableDeclaration"}, location: %{depth: 3, end_column: 83, end_line: 1, start_line: 1, start_column: 72}, severity: "high", pattern_id: "js-hardcoded-secret-password", pattern_name: "Hardcoded Password", recommendation: "Review this code for potential security issues", confidence: 0.9, pattern_type: :hardcoded_secret}
18:48:57.919 [debug] Match confidence: 0.1848, min_confidence: 0.7, match: %{type: "js-hardcoded-secret-password", context: %{node_type: "VariableDeclarator", depth: 3, parent_type: "VariableDeclaration"}, location: %{depth: 3, end_column: 100, end_line: 1, start_line: 1, start_column: 89}, severity: "high", pattern_id: "js-hardcoded-secret-password", pattern_name: "Hardcoded Password", recommendation: "Review this code for potential security issues", confidence: 0.9, pattern_type: :hardcoded_secret}
18:48:57.920 [debug] Match confidence: 0.1848, min_confidence: 0.7, match: %{type: "js-hardcoded-secret-password", context: %{node_type: "VariableDeclarator", depth: 3, parent_type: "VariableDeclaration"}, location: %{depth: 3, end_column: 117, end_line: 1, start_line: 1, start_column: 106}, severity: "high", pattern_id: "js-hardcoded-secret-password", pattern_name: "Hardcoded Password", recommendation: "Review this code for potential security issues", confidence: 0.9, pattern_type: :hardcoded_secret}
18:48:57.921 [debug] Match confidence: 0.1848, min_confidence: 0.7, match: %{type: "js-hardcoded-secret-password", context: %{node_type: "VariableDeclarator", depth: 3, parent_type: "VariableDeclaration"}, location: %{depth: 3, end_column: 134, end_line: 1, start_line: 1, start_column: 123}, severity: "high", pattern_id: "js-hardcoded-secret-password", pattern_name: "Hardcoded Password", recommendation: "Review this code for potential security issues", confidence: 0.9, pattern_type: :hardcoded_secret}
18:48:57.921 [debug] Match confidence: 0.1848, min_confidence: 0.7, match: %{type: "js-hardcoded-secret-password", context: %{node_type: "VariableDeclarator", depth: 3, parent_type: "VariableDeclaration"}, location: %{depth: 3, end_column: 151, end_line: 1, start_line: 1, start_column: 140}, severity: "high", pattern_id: "js-hardcoded-secret-password", pattern_name: "Hardcoded Password", recommendation: "Review this code for potential security issues", confidence: 0.9, pattern_type: :hardcoded_secret}
18:48:57.921 [debug] Match confidence: 0.1848, min_confidence: 0.7, match: %{type: "js-hardcoded-secret-password", context: %{node_type: "VariableDeclarator", depth: 3, parent_type: "VariableDeclaration"}, location: %{depth: 3, end_column: 168, end_line: 1, start_line: 1, start_column: 157}, severity: "high", pattern_id: "js-hardcoded-secret-password", pattern_name: "Hardcoded Password", recommendation: "Review this code for potential security issues", confidence: 0.9, pattern_type: :hardcoded_secret}
18:48:57.921 [debug] Match confidence: 0.1848, min_confidence: 0.7, match: %{type: "js-hardcoded-secret-password", context: %{node_type: "VariableDeclarator", depth: 3, parent_type: "VariableDeclaration"}, location: %{depth: 3, end_column: 185, end_line: 1, start_line: 1, start_column: 174}, severity: "high", pattern_id: "js-hardcoded-secret-password", pattern_name: "Hardcoded Password", recommendation: "Review this code for potential security issues", confidence: 0.9, pattern_type: :hardcoded_secret}
18:48:57.921 [debug] Match confidence: 0.1848, min_confidence: 0.7, match: %{type: "js-hardcoded-secret-password", context: %{node_type: "VariableDeclarator", depth: 3, parent_type: "VariableDeclaration"}, location: %{depth: 3, end_column: 202, end_line: 1, start_line: 1, start_column: 191}, severity: "high", pattern_id: "js-hardcoded-secret-password", pattern_name: "Hardcoded Password", recommendation: "Review this code for potential security issues", confidence: 0.9, pattern_type: :hardcoded_secret}
18:48:57.921 [debug] Match confidence: 0.1848, min_confidence: 0.7, match: %{type: "js-hardcoded-secret-password", context: %{node_type: "VariableDeclarator", depth: 3, parent_type: "VariableDeclaration"}, location: %{depth: 3, end_column: 219, end_line: 1, start_line: 1, start_column: 208}, severity: "high", pattern_id: "js-hardcoded-secret-password", pattern_name: "Hardcoded Password", recommendation: "Review this code for potential security issues", confidence: 0.9, pattern_type: :hardcoded_secret}
18:48:57.921 [debug] Match confidence: 0.1848, min_confidence: 0.7, match: %{type: "js-hardcoded-secret-password", context: %{node_type: "VariableDeclarator", depth: 3, parent_type: "VariableDeclaration"}, location: %{depth: 3, end_column: 236, end_line: 1, start_line: 1, start_column: 225}, severity: "high", pattern_id: "js-hardcoded-secret-password", pattern_name: "Hardcoded Password", recommendation: "Review this code for potential security issues", confidence: 0.9, pattern_type: :hardcoded_secret}
18:48:57.921 [debug] Match confidence: 0.1848, min_confidence: 0.7, match: %{type: "js-hardcoded-secret-password", context: %{node_type: "VariableDeclarator", depth: 3, parent_type: "VariableDeclaration"}, location: %{depth: 3, end_column: 253, end_line: 1, start_line: 1, start_column: 242}, severity: "high", pattern_id: "js-hardcoded-secret-password", pattern_name: "Hardcoded Password", recommendation: "Review this code for potential security issues", confidence: 0.9, pattern_type: :hardcoded_secret}
18:48:57.922 [debug] Match confidence: 0.1848, min_confidence: 0.7, match: %{type: "js-hardcoded-secret-password", context: %{node_type: "VariableDeclarator", depth: 3, parent_type: "VariableDeclaration"}, location: %{depth: 3, end_column: 270, end_line: 1, start_line: 1, start_column: 259}, severity: "high", pattern_id: "js-hardcoded-secret-password", pattern_name: "Hardcoded Password", recommendation: "Review this code for potential security issues", confidence: 0.9, pattern_type: :hardcoded_secret}
18:48:57.922 [debug] Match confidence: 0.1848, min_confidence: 0.7, match: %{type: "js-hardcoded-secret-password", context: %{node_type: "VariableDeclarator", depth: 3, parent_type: "VariableDeclaration"}, location: %{depth: 3, end_column: 287, end_line: 1, start_line: 1, start_column: 276}, severity: "high", pattern_id: "js-hardcoded-secret-password", pattern_name: "Hardcoded Password", recommendation: "Review this code for potential security issues", confidence: 0.9, pattern_type: :hardcoded_secret}
18:48:57.922 [debug] Match confidence: 0.1848, min_confidence: 0.7, match: %{type: "js-hardcoded-secret-password", context: %{node_type: "VariableDeclarator", depth: 3, parent_type: "VariableDeclaration"}, location: %{depth: 3, end_column: 304, end_line: 1, start_line: 1, start_column: 293}, severity: "high", pattern_id: "js-hardcoded-secret-password", pattern_name: "Hardcoded Password", recommendation: "Review this code for potential security issues", confidence: 0.9, pattern_type: :hardcoded_secret}
18:48:57.922 [debug] Match confidence: 0.1848, min_confidence: 0.7, match: %{type: "js-hardcoded-secret-password", context: %{node_type: "VariableDeclarator", depth: 3, parent_type: "VariableDeclaration"}, location: %{depth: 3, end_column: 321, end_line: 1, start_line: 1, start_column: 310}, severity: "high", pattern_id: "js-hardcoded-secret-password", pattern_name: "Hardcoded Password", recommendation: "Review this code for potential security issues", confidence: 0.9, pattern_type: :hardcoded_secret}
18:48:57.922 [debug] Match confidence: 0.1848, min_confidence: 0.7, match: %{type: "js-hardcoded-secret-password", context: %{node_type: "VariableDeclarator", depth: 3, parent_type: "VariableDeclaration"}, location: %{depth: 3, end_column: 338, end_line: 1, start_line: 1, start_column: 327}, severity: "high", pattern_id: "js-hardcoded-secret-password", pattern_name: "Hardcoded Password", recommendation: "Review this code for potential security issues", confidence: 0.9, pattern_type: :hardcoded_secret}
18:48:57.922 [debug] Match confidence: 0.1848, min_confidence: 0.7, match: %{type: "js-hardcoded-secret-password", context: %{node_type: "VariableDeclarator", depth: 3, parent_type: "VariableDeclaration"}, location: %{depth: 3, end_column: 355, end_line: 1, start_line: 1, start_column: 344}, severity: "high", pattern_id: "js-hardcoded-secret-password", pattern_name: "Hardcoded Password", recommendation: "Review this code for potential security issues", confidence: 0.9, pattern_type: :hardcoded_secret}
18:48:57.922 [debug] Match confidence: 0.1848, min_confidence: 0.7, match: %{type: "js-hardcoded-secret-password", context: %{node_type: "VariableDeclarator", depth: 3, parent_type: "VariableDeclaration"}, location: %{depth: 3, end_column: 372, end_line: 1, start_line: 1, start_column: 361}, severity: "high", pattern_id: "js-hardcoded-secret-password", pattern_name: "Hardcoded Password", recommendation: "Review this code for potential security issues", confidence: 0.9, pattern_type: :hardcoded_secret}
18:48:57.922 [debug] Match confidence: 0.1848, min_confidence: 0.7, match: %{type: "js-hardcoded-secret-password", context: %{node_type: "VariableDeclarator", depth: 3, parent_type: "VariableDeclaration"}, location: %{depth: 3, end_column: 389, end_line: 1, start_line: 1, start_column: 378}, severity: "high", pattern_id: "js-hardcoded-secret-password", pattern_name: "Hardcoded Password", recommendation: "Review this code for potential security issues", confidence: 0.9, pattern_type: :hardcoded_secret}
18:48:57.922 [debug] Match confidence: 0.1848, min_confidence: 0.7, match: %{type: "js-hardcoded-secret-password", context: %{node_type: "VariableDeclarator", depth: 3, parent_type: "VariableDeclaration"}, location: %{depth: 3, end_column: 406, end_line: 1, start_line: 1, start_column: 395}, severity: "high", pattern_id: "js-hardcoded-secret-password", pattern_name: "Hardcoded Password", recommendation: "Review this code for potential security issues", confidence: 0.9, pattern_type: :hardcoded_secret}
18:48:57.922 [debug] Match confidence: 0.1848, min_confidence: 0.7, match: %{type: "js-hardcoded-secret-password", context: %{node_type: "VariableDeclarator", depth: 3, parent_type: "VariableDeclaration"}, location: %{depth: 3, end_column: 423, end_line: 1, start_line: 1, start_column: 412}, severity: "high", pattern_id: "js-hardcoded-secret-password", pattern_name: "Hardcoded Password", recommendation: "Review this code for potential security issues", confidence: 0.9, pattern_type: :hardcoded_secret}
18:48:57.922 [debug] Match confidence: 0.1848, min_confidence: 0.7, match: %{type: "js-hardcoded-secret-password", context: %{node_type: "VariableDeclarator", depth: 3, parent_type: "VariableDeclaration"}, location: %{depth: 3, end_column: 440, end_line: 1, start_line: 1, start_column: 429}, severity: "high", pattern_id: "js-hardcoded-secret-password", pattern_name: "Hardcoded Password", recommendation: "Review this code for potential security issues", confidence: 0.9, pattern_type: :hardcoded_secret}
18:48:57.922 [debug] Match confidence: 0.1848, min_confidence: 0.7, match: %{type: "js-hardcoded-secret-password", context: %{node_type: "VariableDeclarator", depth: 3, parent_type: "VariableDeclaration"}, location: %{depth: 3, end_column: 457, end_line: 1, start_line: 1, start_column: 446}, severity: "high", pattern_id: "js-hardcoded-secret-password", pattern_name: "Hardcoded Password", recommendation: "Review this code for potential security issues", confidence: 0.9, pattern_type: :hardcoded_secret}
18:48:57.922 [debug] Match confidence: 0.1848, min_confidence: 0.7, match: %{type: "js-hardcoded-secret-password", context: %{node_type: "VariableDeclarator", depth: 3, parent_type: "VariableDeclaration"}, location: %{depth: 3, end_column: 474, end_line: 1, start_line: 1, start_column: 463}, severity: "high", pattern_id: "js-hardcoded-secret-password", pattern_name: "Hardcoded Password", recommendation: "Review this code for potential security issues", confidence: 0.9, pattern_type: :hardcoded_secret}
18:48:57.922 [debug] Match confidence: 0.1848, min_confidence: 0.7, match: %{type: "js-hardcoded-secret-password", context: %{node_type: "VariableDeclarator", depth: 3, parent_type: "VariableDeclaration"}, location: %{depth: 3, end_column: 491, end_line: 1, start_line: 1, start_column: 480}, severity: "high", pattern_id: "js-hardcoded-secret-password", pattern_name: "Hardcoded Password", recommendation: "Review this code for potential security issues", confidence: 0.9, pattern_type: :hardcoded_secret}
18:48:57.922 [debug] Match confidence: 0.1848, min_confidence: 0.7, match: %{type: "js-hardcoded-secret-password", context: %{node_type: "VariableDeclarator", depth: 3, parent_type: "VariableDeclaration"}, location: %{depth: 3, end_column: 508, end_line: 1, start_line: 1, start_column: 497}, severity: "high", pattern_id: "js-hardcoded-secret-password", pattern_name: "Hardcoded Password", recommendation: "Review this code for potential security issues", confidence: 0.9, pattern_type: :hardcoded_secret}
18:48:57.923 [debug] Match confidence: 0.1848, min_confidence: 0.7, match: %{type: "js-hardcoded-secret-password", context: %{node_type: "VariableDeclarator", depth: 3, parent_type: "VariableDeclaration"}, location: %{depth: 3, end_column: 525, end_line: 1, start_line: 1, start_column: 514}, severity: "high", pattern_id: "js-hardcoded-secret-password", pattern_name: "Hardcoded Password", recommendation: "Review this code for potential security issues", confidence: 0.9, pattern_type: :hardcoded_secret}
18:48:57.923 [debug] Match confidence: 0.1848, min_confidence: 0.7, match: %{type: "js-hardcoded-secret-password", context: %{node_type: "VariableDeclarator", depth: 3, parent_type: "VariableDeclaration"}, location: %{depth: 3, end_column: 542, end_line: 1, start_line: 1, start_column: 531}, severity: "high", pattern_id: "js-hardcoded-secret-password", pattern_name: "Hardcoded Password", recommendation: "Review this code for potential security issues", confidence: 0.9, pattern_type: :hardcoded_secret}
18:48:57.923 [debug] Match confidence: 0.1848, min_confidence: 0.7, match: %{type: "js-hardcoded-secret-password", context: %{node_type: "VariableDeclarator", depth: 3, parent_type: "VariableDeclaration"}, location: %{depth: 3, end_column: 559, end_line: 1, start_line: 1, start_column: 548}, severity: "high", pattern_id: "js-hardcoded-secret-password", pattern_name: "Hardcoded Password", recommendation: "Review this code for potential security issues", confidence: 0.9, pattern_type: :hardcoded_secret}
18:48:57.923 [debug] Match confidence: 0.1848, min_confidence: 0.7, match: %{type: "js-hardcoded-secret-password", context: %{node_type: "VariableDeclarator", depth: 3, parent_type: "VariableDeclaration"}, location: %{depth: 3, end_column: 576, end_line: 1, start_line: 1, start_column: 565}, severity: "high", pattern_id: "js-hardcoded-secret-password", pattern_name: "Hardcoded Password", recommendation: "Review this code for potential security issues", confidence: 0.9, pattern_type: :hardcoded_secret}
18:48:57.923 [debug] Match confidence: 0.1848, min_confidence: 0.7, match: %{type: "js-hardcoded-secret-password", context: %{node_type: "VariableDeclarator", depth: 3, parent_type: "VariableDeclaration"}, location: %{depth: 3, end_column: 593, end_line: 1, start_line: 1, start_column: 582}, severity: "high", pattern_id: "js-hardcoded-secret-password", pattern_name: "Hardcoded Password", recommendation: "Review this code for potential security issues", confidence: 0.9, pattern_type: :hardcoded_secret}
18:48:57.923 [debug] Match confidence: 0.1848, min_confidence: 0.7, match: %{type: "js-hardcoded-secret-password", context: %{node_type: "VariableDeclarator", depth: 3, parent_type: "VariableDeclaration"}, location: %{depth: 3, end_column: 610, end_line: 1, start_line: 1, start_column: 599}, severity: "high", pattern_id: "js-hardcoded-secret-password", pattern_name: "Hardcoded Password", recommendation: "Review this code for potential security issues", confidence: 0.9, pattern_type: :hardcoded_secret}
18:48:57.923 [debug] Match confidence: 0.1848, min_confidence: 0.7, match: %{type: "js-hardcoded-secret-password", context: %{node_type: "VariableDeclarator", depth: 3, parent_type: "VariableDeclaration"}, location: %{depth: 3, end_column: 627, end_line: 1, start_line: 1, start_column: 616}, severity: "high", pattern_id: "js-hardcoded-secret-password", pattern_name: "Hardcoded Password", recommendation: "Review this code for potential security issues", confidence: 0.9, pattern_type: :hardcoded_secret}
18:48:57.923 [debug] Match confidence: 0.1848, min_confidence: 0.7, match: %{type: "js-hardcoded-secret-password", context: %{node_type: "VariableDeclarator", depth: 3, parent_type: "VariableDeclaration"}, location: %{depth: 3, end_column: 644, end_line: 1, start_line: 1, start_column: 633}, severity: "high", pattern_id: "js-hardcoded-secret-password", pattern_name: "Hardcoded Password", recommendation: "Review this code for potential security issues", confidence: 0.9, pattern_type: :hardcoded_secret}
18:48:57.923 [debug] Match confidence: 0.1848, min_confidence: 0.7, match: %{type: "js-hardcoded-secret-password", context: %{node_type: "VariableDeclarator", depth: 3, parent_type: "VariableDeclaration"}, location: %{depth: 3, end_column: 661, end_line: 1, start_line: 1, start_column: 650}, severity: "high", pattern_id: "js-hardcoded-secret-password", pattern_name: "Hardcoded Password", recommendation: "Review this code for potential security issues", confidence: 0.9, pattern_type: :hardcoded_secret}
18:48:57.923 [debug] Match confidence: 0.1848, min_confidence: 0.7, match: %{type: "js-hardcoded-secret-password", context: %{node_type: "VariableDeclarator", depth: 3, parent_type: "VariableDeclaration"}, location: %{depth: 3, end_column: 678, end_line: 1, start_line: 1, start_column: 667}, severity: "high", pattern_id: "js-hardcoded-secret-password", pattern_name: "Hardcoded Password", recommendation: "Review this code for potential security issues", confidence: 0.9, pattern_type: :hardcoded_secret}
18:48:57.923 [debug] Match confidence: 0.1848, min_confidence: 0.7, match: %{type: "js-hardcoded-secret-password", context: %{node_type: "VariableDeclarator", depth: 3, parent_type: "VariableDeclaration"}, location: %{depth: 3, end_column: 695, end_line: 1, start_line: 1, start_column: 684}, severity: "high", pattern_id: "js-hardcoded-secret-password", pattern_name: "Hardcoded Password", recommendation: "Review this code for potential security issues", confidence: 0.9, pattern_type: :hardcoded_secret}
18:48:57.923 [debug] Match confidence: 0.1848, min_confidence: 0.7, match: %{type: "js-hardcoded-secret-password", context: %{node_type: "VariableDeclarator", depth: 3, parent_type: "VariableDeclaration"}, location: %{depth: 3, end_column: 712, end_line: 1, start_line: 1, start_column: 701}, severity: "high", pattern_id: "js-hardcoded-secret-password", pattern_name: "Hardcoded Password", recommendation: "Review this code for potential security issues", confidence: 0.9, pattern_type: :hardcoded_secret}
18:48:57.923 [debug] Match confidence: 0.1848, min_confidence: 0.7, match: %{type: "js-hardcoded-secret-password", context: %{node_type: "VariableDeclarator", depth: 3, parent_type: "VariableDeclaration"}, location: %{depth: 3, end_column: 729, end_line: 1, start_line: 1, start_column: 718}, severity: "high", pattern_id: "js-hardcoded-secret-password", pattern_name: "Hardcoded Password", recommendation: "Review this code for potential security issues", confidence: 0.9, pattern_type: :hardcoded_secret}
18:48:57.923 [debug] Match confidence: 0.1848, min_confidence: 0.7, match: %{type: "js-hardcoded-secret-password", context: %{node_type: "VariableDeclarator", depth: 3, parent_type: "VariableDeclaration"}, location: %{depth: 3, end_column: 746, end_line: 1, start_line: 1, start_column: 735}, severity: "high", pattern_id: "js-hardcoded-secret-password", pattern_name: "Hardcoded Password", recommendation: "Review this code for potential security issues", confidence: 0.9, pattern_type: :hardcoded_secret}
18:48:57.923 [debug] Match confidence: 0.1848, min_confidence: 0.7, match: %{type: "js-hardcoded-secret-password", context: %{node_type: "VariableDeclarator", depth: 3, parent_type: "VariableDeclaration"}, location: %{depth: 3, end_column: 763, end_line: 1, start_line: 1, start_column: 752}, severity: "high", pattern_id: "js-hardcoded-secret-password", pattern_name: "Hardcoded Password", recommendation: "Review this code for potential security issues", confidence: 0.9, pattern_type: :hardcoded_secret}
18:48:57.923 [debug] Match confidence: 0.1848, min_confidence: 0.7, match: %{type: "js-hardcoded-secret-password", context: %{node_type: "VariableDeclarator", depth: 3, parent_type: "VariableDeclaration"}, location: %{depth: 3, end_column: 780, end_line: 1, start_line: 1, start_column: 769}, severity: "high", pattern_id: "js-hardcoded-secret-password", pattern_name: "Hardcoded Password", recommendation: "Review this code for potential security issues", confidence: 0.9, pattern_type: :hardcoded_secret}
18:48:57.923 [debug] Match confidence: 0.1848, min_confidence: 0.7, match: %{type: "js-hardcoded-secret-password", context: %{node_type: "VariableDeclarator", depth: 3, parent_type: "VariableDeclaration"}, location: %{depth: 3, end_column: 797, end_line: 1, start_line: 1, start_column: 786}, severity: "high", pattern_id: "js-hardcoded-secret-password", pattern_name: "Hardcoded Password", recommendation: "Review this code for potential security issues", confidence: 0.9, pattern_type: :hardcoded_secret}
18:48:57.923 [debug] Match confidence: 0.1848, min_confidence: 0.7, match: %{type: "js-hardcoded-secret-password", context: %{node_type: "VariableDeclarator", depth: 3, parent_type: "VariableDeclaration"}, location: %{depth: 3, end_column: 814, end_line: 1, start_line: 1, start_column: 803}, severity: "high", pattern_id: "js-hardcoded-secret-password", pattern_name: "Hardcoded Password", recommendation: "Review this code for potential security issues", confidence: 0.9, pattern_type: :hardcoded_secret}
18:48:57.923 [debug] Match confidence: 0.1848, min_confidence: 0.7, match: %{type: "js-hardcoded-secret-password", context: %{node_type: "VariableDeclarator", depth: 3, parent_type: "VariableDeclaration"}, location: %{depth: 3, end_column: 831, end_line: 1, start_line: 1, start_column: 820}, severity: "high", pattern_id: "js-hardcoded-secret-password", pattern_name: "Hardcoded Password", recommendation: "Review this code for potential security issues", confidence: 0.9, pattern_type: :hardcoded_secret}
18:48:57.923 [debug] Match confidence: 0.1848, min_confidence: 0.7, match: %{type: "js-hardcoded-secret-password", context: %{node_type: "VariableDeclarator", depth: 3, parent_type: "VariableDeclaration"}, location: %{depth: 3, end_column: 848, end_line: 1, start_line: 1, start_column: 837}, severity: "high", pattern_id: "js-hardcoded-secret-password", pattern_name: "Hardcoded Password", recommendation: "Review this code for potential security issues", confidence: 0.9, pattern_type: :hardcoded_secret}
18:48:57.923 [debug] Match confidence: 0.1848, min_confidence: 0.7, match: %{type: "js-hardcoded-secret-password", context: %{node_type: "VariableDeclarator", depth: 3, parent_type: "VariableDeclaration"}, location: %{depth: 3, end_column: 865, end_line: 1, start_line: 1, start_column: 854}, severity: "high", pattern_id: "js-hardcoded-secret-password", pattern_name: "Hardcoded Password", recommendation: "Review this code for potential security issues", confidence: 0.9, pattern_type: :hardcoded_secret}
18:48:57.923 [debug] Match confidence: 0.1848, min_confidence: 0.7, match: %{type: "js-hardcoded-secret-password", context: %{node_type: "VariableDeclarator", depth: 3, parent_type: "VariableDeclaration"}, location: %{depth: 3, end_column: 882, end_line: 1, start_line: 1, start_column: 871}, severity: "high", pattern_id: "js-hardcoded-secret-password", pattern_name: "Hardcoded Password", recommendation: "Review this code for potential security issues", confidence: 0.9, pattern_type: :hardcoded_secret}
18:48:57.923 [debug] Match confidence: 0.1848, min_confidence: 0.7, match: %{type: "js-hardcoded-secret-password", context: %{node_type: "VariableDeclarator", depth: 3, parent_type: "VariableDeclaration"}, location: %{depth: 3, end_column: 899, end_line: 1, start_line: 1, start_column: 888}, severity: "high", pattern_id: "js-hardcoded-secret-password", pattern_name: "Hardcoded Password", recommendation: "Review this code for potential security issues", confidence: 0.9, pattern_type: :hardcoded_secret}
18:48:57.923 [debug] Match confidence: 0.1848, min_confidence: 0.7, match: %{type: "js-hardcoded-secret-password", context: %{node_type: "VariableDeclarator", depth: 3, parent_type: "VariableDeclaration"}, location: %{depth: 3, end_column: 916, end_line: 1, start_line: 1, start_column: 905}, severity: "high", pattern_id: "js-hardcoded-secret-password", pattern_name: "Hardcoded Password", recommendation: "Review this code for potential security issues", confidence: 0.9, pattern_type: :hardcoded_secret}
18:48:57.923 [debug] Match confidence: 0.1848, min_confidence: 0.7, match: %{type: "js-hardcoded-secret-password", context: %{node_type: "VariableDeclarator", depth: 3, parent_type: "VariableDeclaration"}, location: %{depth: 3, end_column: 933, end_line: 1, start_line: 1, start_column: 922}, severity: "high", pattern_id: "js-hardcoded-secret-password", pattern_name: "Hardcoded Password", recommendation: "Review this code for potential security issues", confidence: 0.9, pattern_type: :hardcoded_secret}
18:48:57.923 [debug] Match confidence: 0.1848, min_confidence: 0.7, match: %{type: "js-hardcoded-secret-password", context: %{node_type: "VariableDeclarator", depth: 3, parent_type: "VariableDeclaration"}, location: %{depth: 3, end_column: 950, end_line: 1, start_line: 1, start_column: 939}, severity: "high", pattern_id: "js-hardcoded-secret-password", pattern_name: "Hardcoded Password", recommendation: "Review this code for potential security issues", confidence: 0.9, pattern_type: :hardcoded_secret}
18:48:57.924 [debug] Match confidence: 0.1848, min_confidence: 0.7, match: %{type: "js-hardcoded-secret-password", context: %{node_type: "VariableDeclarator", depth: 3, parent_type: "VariableDeclaration"}, location: %{depth: 3, end_column: 967, end_line: 1, start_line: 1, start_column: 956}, severity: "high", pattern_id: "js-hardcoded-secret-password", pattern_name: "Hardcoded Password", recommendation: "Review this code for potential security issues", confidence: 0.9, pattern_type: :hardcoded_secret}
18:48:57.924 [debug] Match confidence: 0.1848, min_confidence: 0.7, match: %{type: "js-hardcoded-secret-password", context: %{node_type: "VariableDeclarator", depth: 3, parent_type: "VariableDeclaration"}, location: %{depth: 3, end_column: 984, end_line: 1, start_line: 1, start_column: 973}, severity: "high", pattern_id: "js-hardcoded-secret-password", pattern_name: "Hardcoded Password", recommendation: "Review this code for potential security issues", confidence: 0.9, pattern_type: :hardcoded_secret}
18:48:57.924 [debug] Match confidence: 0.1848, min_confidence: 0.7, match: %{type: "js-hardcoded-secret-password", context: %{node_type: "VariableDeclarator", depth: 3, parent_type: "VariableDeclaration"}, location: %{depth: 3, end_column: 1001, end_line: 1, start_line: 1, start_column: 990}, severity: "high", pattern_id: "js-hardcoded-secret-password", pattern_name: "Hardcoded Password", recommendation: "Review this code for potential security issues", confidence: 0.9, pattern_type: :hardcoded_secret}
18:48:57.924 [debug] Match confidence: 0.1848, min_confidence: 0.7, match: %{type: "js-hardcoded-secret-password", context: %{node_type: "VariableDeclarator", depth: 3, parent_type: "VariableDeclaration"}, location: %{depth: 3, end_column: 1018, end_line: 1, start_line: 1, start_column: 1007}, severity: "high", pattern_id: "js-hardcoded-secret-password", pattern_name: "Hardcoded Password", recommendation: "Review this code for potential security issues", confidence: 0.9, pattern_type: :hardcoded_secret}
18:48:57.924 [debug] Match confidence: 0.1848, min_confidence: 0.7, match: %{type: "js-hardcoded-secret-password", context: %{node_type: "VariableDeclarator", depth: 3, parent_type: "VariableDeclaration"}, location: %{depth: 3, end_column: 1035, end_line: 1, start_line: 1, start_column: 1024}, severity: "high", pattern_id: "js-hardcoded-secret-password", pattern_name: "Hardcoded Password", recommendation: "Review this code for potential security issues", confidence: 0.9, pattern_type: :hardcoded_secret}
18:48:57.924 [debug] Match confidence: 0.1848, min_confidence: 0.7, match: %{type: "js-hardcoded-secret-password", context: %{node_type: "VariableDeclarator", depth: 3, parent_type: "VariableDeclaration"}, location: %{depth: 3, end_column: 1052, end_line: 1, start_line: 1, start_column: 1041}, severity: "high", pattern_id: "js-hardcoded-secret-password", pattern_name: "Hardcoded Password", recommendation: "Review this code for potential security issues", confidence: 0.9, pattern_type: :hardcoded_secret}
18:48:57.924 [debug] Match confidence: 0.1848, min_confidence: 0.7, match: %{type: "js-hardcoded-secret-password", context: %{node_type: "VariableDeclarator", depth: 3, parent_type: "VariableDeclaration"}, location: %{depth: 3, end_column: 1069, end_line: 1, start_line: 1, start_column: 1058}, severity: "high", pattern_id: "js-hardcoded-secret-password", pattern_name: "Hardcoded Password", recommendation: "Review this code for potential security issues", confidence: 0.9, pattern_type: :hardcoded_secret}
18:48:57.924 [debug] Match confidence: 0.1848, min_confidence: 0.7, match: %{type: "js-hardcoded-secret-password", context: %{node_type: "VariableDeclarator", depth: 3, parent_type: "VariableDeclaration"}, location: %{depth: 3, end_column: 1086, end_line: 1, start_line: 1, start_column: 1075}, severity: "high", pattern_id: "js-hardcoded-secret-password", pattern_name: "Hardcoded Password", recommendation: "Review this code for potential security issues", confidence: 0.9, pattern_type: :hardcoded_secret}
18:48:57.924 [debug] Match confidence: 0.1848, min_confidence: 0.7, match: %{type: "js-hardcoded-secret-password", context: %{node_type: "VariableDeclarator", depth: 3, parent_type: "VariableDeclaration"}, location: %{depth: 3, end_column: 1103, end_line: 1, start_line: 1, start_column: 1092}, severity: "high", pattern_id: "js-hardcoded-secret-password", pattern_name: "Hardcoded Password", recommendation: "Review this code for potential security issues", confidence: 0.9, pattern_type: :hardcoded_secret}
18:48:57.924 [debug] Match confidence: 0.1848, min_confidence: 0.7, match: %{type: "js-hardcoded-secret-password", context: %{node_type: "VariableDeclarator", depth: 3, parent_type: "VariableDeclaration"}, location: %{depth: 3, end_column: 1120, end_line: 1, start_line: 1, start_column: 1109}, severity: "high", pattern_id: "js-hardcoded-secret-password", pattern_name: "Hardcoded Password", recommendation: "Review this code for potential security issues", confidence: 0.9, pattern_type: :hardcoded_secret}
18:48:57.924 [debug] Match confidence: 0.1848, min_confidence: 0.7, match: %{type: "js-hardcoded-secret-password", context: %{node_type: "VariableDeclarator", depth: 3, parent_type: "VariableDeclaration"}, location: %{depth: 3, end_column: 1137, end_line: 1, start_line: 1, start_column: 1126}, severity: "high", pattern_id: "js-hardcoded-secret-password", pattern_name: "Hardcoded Password", recommendation: "Review this code for potential security issues", confidence: 0.9, pattern_type: :hardcoded_secret}
18:48:57.924 [debug] Match confidence: 0.1848, min_confidence: 0.7, match: %{type: "js-hardcoded-secret-password", context: %{node_type: "VariableDeclarator", depth: 3, parent_type: "VariableDeclaration"}, location: %{depth: 3, end_column: 1154, end_line: 1, start_line: 1, start_column: 1143}, severity: "high", pattern_id: "js-hardcoded-secret-password", pattern_name: "Hardcoded Password", recommendation: "Review this code for potential security issues", confidence: 0.9, pattern_type: :hardcoded_secret}
18:48:57.924 [debug] Match confidence: 0.1848, min_confidence: 0.7, match: %{type: "js-hardcoded-secret-password", context: %{node_type: "VariableDeclarator", depth: 3, parent_type: "VariableDeclaration"}, location: %{depth: 3, end_column: 1171, end_line: 1, start_line: 1, start_column: 1160}, severity: "high", pattern_id: "js-hardcoded-secret-password", pattern_name: "Hardcoded Password", recommendation: "Review this code for potential security issues", confidence: 0.9, pattern_type: :hardcoded_secret}
18:48:57.924 [debug] Match confidence: 0.1848, min_confidence: 0.7, match: %{type: "js-hardcoded-secret-password", context: %{node_type: "VariableDeclarator", depth: 3, parent_type: "VariableDeclaration"}, location: %{depth: 3, end_column: 1188, end_line: 1, start_line: 1, start_column: 1177}, severity: "high", pattern_id: "js-hardcoded-secret-password", pattern_name: "Hardcoded Password", recommendation: "Review this code for potential security issues", confidence: 0.9, pattern_type: :hardcoded_secret}
18:48:57.924 [debug] Match confidence: 0.1848, min_confidence: 0.7, match: %{type: "js-hardcoded-secret-password", context: %{node_type: "VariableDeclarator", depth: 3, parent_type: "VariableDeclaration"}, location: %{depth: 3, end_column: 1205, end_line: 1, start_line: 1, start_column: 1194}, severity: "high", pattern_id: "js-hardcoded-secret-password", pattern_name: "Hardcoded Password", recommendation: "Review this code for potential security issues", confidence: 0.9, pattern_type: :hardcoded_secret}
18:48:57.924 [debug] Match confidence: 0.1848, min_confidence: 0.7, match: %{type: "js-hardcoded-secret-password", context: %{node_type: "VariableDeclarator", depth: 3, parent_type: "VariableDeclaration"}, location: %{depth: 3, end_column: 1222, end_line: 1, start_line: 1, start_column: 1211}, severity: "high", pattern_id: "js-hardcoded-secret-password", pattern_name: "Hardcoded Password", recommendation: "Review this code for potential security issues", confidence: 0.9, pattern_type: :hardcoded_secret}
18:48:57.924 [debug] Match confidence: 0.1848, min_confidence: 0.7, match: %{type: "js-hardcoded-secret-password", context: %{node_type: "VariableDeclarator", depth: 3, parent_type: "VariableDeclaration"}, location: %{depth: 3, end_column: 1239, end_line: 1, start_line: 1, start_column: 1228}, severity: "high", pattern_id: "js-hardcoded-secret-password", pattern_name: "Hardcoded Password", recommendation: "Review this code for potential security issues", confidence: 0.9, pattern_type: :hardcoded_secret}
18:48:57.924 [debug] Match confidence: 0.1848, min_confidence: 0.7, match: %{type: "js-hardcoded-secret-password", context: %{node_type: "VariableDeclarator", depth: 3, parent_type: "VariableDeclaration"}, location: %{depth: 3, end_column: 1256, end_line: 1, start_line: 1, start_column: 1245}, severity: "high", pattern_id: "js-hardcoded-secret-password", pattern_name: "Hardcoded Password", recommendation: "Review this code for potential security issues", confidence: 0.9, pattern_type: :hardcoded_secret}
18:48:57.924 [debug] Match confidence: 0.1848, min_confidence: 0.7, match: %{type: "js-hardcoded-secret-password", context: %{node_type: "VariableDeclarator", depth: 3, parent_type: "VariableDeclaration"}, location: %{depth: 3, end_column: 1273, end_line: 1, start_line: 1, start_column: 1262}, severity: "high", pattern_id: "js-hardcoded-secret-password", pattern_name: "Hardcoded Password", recommendation: "Review this code for potential security issues", confidence: 0.9, pattern_type: :hardcoded_secret}
18:48:57.924 [debug] Match confidence: 0.1848, min_confidence: 0.7, match: %{type: "js-hardcoded-secret-password", context: %{node_type: "VariableDeclarator", depth: 3, parent_type: "VariableDeclaration"}, location: %{depth: 3, end_column: 1290, end_line: 1, start_line: 1, start_column: 1279}, severity: "high", pattern_id: "js-hardcoded-secret-password", pattern_name: "Hardcoded Password", recommendation: "Review this code for potential security issues", confidence: 0.9, pattern_type: :hardcoded_secret}
18:48:57.924 [debug] Match confidence: 0.1848, min_confidence: 0.7, match: %{type: "js-hardcoded-secret-password", context: %{node_type: "VariableDeclarator", depth: 3, parent_type: "VariableDeclaration"}, location: %{depth: 3, end_column: 1307, end_line: 1, start_line: 1, start_column: 1296}, severity: "high", pattern_id: "js-hardcoded-secret-password", pattern_name: "Hardcoded Password", recommendation: "Review this code for potential security issues", confidence: 0.9, pattern_type: :hardcoded_secret}
18:48:57.924 [debug] Match confidence: 0.1848, min_confidence: 0.7, match: %{type: "js-hardcoded-secret-password", context: %{node_type: "VariableDeclarator", depth: 3, parent_type: "VariableDeclaration"}, location: %{depth: 3, end_column: 1324, end_line: 1, start_line: 1, start_column: 1313}, severity: "high", pattern_id: "js-hardcoded-secret-password", pattern_name: "Hardcoded Password", recommendation: "Review this code for potential security issues", confidence: 0.9, pattern_type: :hardcoded_secret}
18:48:57.924 [debug] Match confidence: 0.1848, min_confidence: 0.7, match: %{type: "js-hardcoded-secret-password", context: %{node_type: "VariableDeclarator", depth: 3, parent_type: "VariableDeclaration"}, location: %{depth: 3, end_column: 1341, end_line: 1, start_line: 1, start_column: 1330}, severity: "high", pattern_id: "js-hardcoded-secret-password", pattern_name: "Hardcoded Password", recommendation: "Review this code for potential security issues", confidence: 0.9, pattern_type: :hardcoded_secret}
18:48:57.924 [debug] Match confidence: 0.1848, min_confidence: 0.7, match: %{type: "js-hardcoded-secret-password", context: %{node_type: "VariableDeclarator", depth: 3, parent_type: "VariableDeclaration"}, location: %{depth: 3, end_column: 1358, end_line: 1, start_line: 1, start_column: 1347}, severity: "high", pattern_id: "js-hardcoded-secret-password", pattern_name: "Hardcoded Password", recommendation: "Review this code for potential security issues", confidence: 0.9, pattern_type: :hardcoded_secret}
18:48:57.924 [debug] Match confidence: 0.1848, min_confidence: 0.7, match: %{type: "js-hardcoded-secret-password", context: %{node_type: "VariableDeclarator", depth: 3, parent_type: "VariableDeclaration"}, location: %{depth: 3, end_column: 1375, end_line: 1, start_line: 1, start_column: 1364}, severity: "high", pattern_id: "js-hardcoded-secret-password", pattern_name: "Hardcoded Password", recommendation: "Review this code for potential security issues", confidence: 0.9, pattern_type: :hardcoded_secret}
18:48:57.925 [debug] Match confidence: 0.1848, min_confidence: 0.7, match: %{type: "js-hardcoded-secret-password", context: %{node_type: "VariableDeclarator", depth: 3, parent_type: "VariableDeclaration"}, location: %{depth: 3, end_column: 1392, end_line: 1, start_line: 1, start_column: 1381}, severity: "high", pattern_id: "js-hardcoded-secret-password", pattern_name: "Hardcoded Password", recommendation: "Review this code for potential security issues", confidence: 0.9, pattern_type: :hardcoded_secret}
18:48:57.925 [debug] Match confidence: 0.1848, min_confidence: 0.7, match: %{type: "js-hardcoded-secret-password", context: %{node_type: "VariableDeclarator", depth: 3, parent_type: "VariableDeclaration"}, location: %{depth: 3, end_column: 1409, end_line: 1, start_line: 1, start_column: 1398}, severity: "high", pattern_id: "js-hardcoded-secret-password", pattern_name: "Hardcoded Password", recommendation: "Review this code for potential security issues", confidence: 0.9, pattern_type: :hardcoded_secret}
18:48:57.925 [debug] Match confidence: 0.1848, min_confidence: 0.7, match: %{type: "js-hardcoded-secret-password", context: %{node_type: "VariableDeclarator", depth: 3, parent_type: "VariableDeclaration"}, location: %{depth: 3, end_column: 1426, end_line: 1, start_line: 1, start_column: 1415}, severity: "high", pattern_id: "js-hardcoded-secret-password", pattern_name: "Hardcoded Password", recommendation: "Review this code for potential security issues", confidence: 0.9, pattern_type: :hardcoded_secret}
18:48:57.925 [debug] Match confidence: 0.1848, min_confidence: 0.7, match: %{type: "js-hardcoded-secret-password", context: %{node_type: "VariableDeclarator", depth: 3, parent_type: "VariableDeclaration"}, location: %{depth: 3, end_column: 1443, end_line: 1, start_line: 1, start_column: 1432}, severity: "high", pattern_id: "js-hardcoded-secret-password", pattern_name: "Hardcoded Password", recommendation: "Review this code for potential security issues", confidence: 0.9, pattern_type: :hardcoded_secret}
18:48:57.925 [debug] Match confidence: 0.1848, min_confidence: 0.7, match: %{type: "js-hardcoded-secret-password", context: %{node_type: "VariableDeclarator", depth: 3, parent_type: "VariableDeclaration"}, location: %{depth: 3, end_column: 1460, end_line: 1, start_line: 1, start_column: 1449}, severity: "high", pattern_id: "js-hardcoded-secret-password", pattern_name: "Hardcoded Password", recommendation: "Review this code for potential security issues", confidence: 0.9, pattern_type: :hardcoded_secret}
18:48:57.925 [debug] Match confidence: 0.1848, min_confidence: 0.7, match: %{type: "js-hardcoded-secret-password", context: %{node_type: "VariableDeclarator", depth: 3, parent_type: "VariableDeclaration"}, location: %{depth: 3, end_column: 1477, end_line: 1, start_line: 1, start_column: 1466}, severity: "high", pattern_id: "js-hardcoded-secret-password", pattern_name: "Hardcoded Password", recommendation: "Review this code for potential security issues", confidence: 0.9, pattern_type: :hardcoded_secret}
18:48:57.925 [debug] Match confidence: 0.1848, min_confidence: 0.7, match: %{type: "js-hardcoded-secret-password", context: %{node_type: "VariableDeclarator", depth: 3, parent_type: "VariableDeclaration"}, location: %{depth: 3, end_column: 1494, end_line: 1, start_line: 1, start_column: 1483}, severity: "high", pattern_id: "js-hardcoded-secret-password", pattern_name: "Hardcoded Password", recommendation: "Review this code for potential security issues", confidence: 0.9, pattern_type: :hardcoded_secret}
18:48:57.925 [debug] Match confidence: 0.1848, min_confidence: 0.7, match: %{type: "js-hardcoded-secret-password", context: %{node_type: "VariableDeclarator", depth: 3, parent_type: "VariableDeclaration"}, location: %{depth: 3, end_column: 1511, end_line: 1, start_line: 1, start_column: 1500}, severity: "high", pattern_id: "js-hardcoded-secret-password", pattern_name: "Hardcoded Password", recommendation: "Review this code for potential security issues", confidence: 0.9, pattern_type: :hardcoded_secret}
18:48:57.925 [debug] Match confidence: 0.1848, min_confidence: 0.7, match: %{type: "js-hardcoded-secret-password", context: %{node_type: "VariableDeclarator", depth: 3, parent_type: "VariableDeclaration"}, location: %{depth: 3, end_column: 1528, end_line: 1, start_line: 1, start_column: 1517}, severity: "high", pattern_id: "js-hardcoded-secret-password", pattern_name: "Hardcoded Password", recommendation: "Review this code for potential security issues", confidence: 0.9, pattern_type: :hardcoded_secret}
18:48:57.925 [debug] Match confidence: 0.1848, min_confidence: 0.7, match: %{type: "js-hardcoded-secret-password", context: %{node_type: "VariableDeclarator", depth: 3, parent_type: "VariableDeclaration"}, location: %{depth: 3, end_column: 1545, end_line: 1, start_line: 1, start_column: 1534}, severity: "high", pattern_id: "js-hardcoded-secret-password", pattern_name: "Hardcoded Password", recommendation: "Review this code for potential security issues", confidence: 0.9, pattern_type: :hardcoded_secret}
18:48:57.925 [debug] Match confidence: 0.1848, min_confidence: 0.7, match: %{type: "js-hardcoded-secret-password", context: %{node_type: "VariableDeclarator", depth: 3, parent_type: "VariableDeclaration"}, location: %{depth: 3, end_column: 1562, end_line: 1, start_line: 1, start_column: 1551}, severity: "high", pattern_id: "js-hardcoded-secret-password", pattern_name: "Hardcoded Password", recommendation: "Review this code for potential security issues", confidence: 0.9, pattern_type: :hardcoded_secret}
18:48:57.925 [debug] Match confidence: 0.1848, min_confidence: 0.7, match: %{type: "js-hardcoded-secret-password", context: %{node_type: "VariableDeclarator", depth: 3, parent_type: "VariableDeclaration"}, location: %{depth: 3, end_column: 1579, end_line: 1, start_line: 1, start_column: 1568}, severity: "high", pattern_id: "js-hardcoded-secret-password", pattern_name: "Hardcoded Password", recommendation: "Review this code for potential security issues", confidence: 0.9, pattern_type: :hardcoded_secret}
18:48:57.925 [debug] Match confidence: 0.1848, min_confidence: 0.7, match: %{type: "js-hardcoded-secret-password", context: %{node_type: "VariableDeclarator", depth: 3, parent_type: "VariableDeclaration"}, location: %{depth: 3, end_column: 1596, end_line: 1, start_line: 1, start_column: 1585}, severity: "high", pattern_id: "js-hardcoded-secret-password", pattern_name: "Hardcoded Password", recommendation: "Review this code for potential security issues", confidence: 0.9, pattern_type: :hardcoded_secret}
18:48:57.925 [debug] Match confidence: 0.1848, min_confidence: 0.7, match: %{type: "js-hardcoded-secret-password", context: %{node_type: "VariableDeclarator", depth: 3, parent_type: "VariableDeclaration"}, location: %{depth: 3, end_column: 1613, end_line: 1, start_line: 1, start_column: 1602}, severity: "high", pattern_id: "js-hardcoded-secret-password", pattern_name: "Hardcoded Password", recommendation: "Review this code for potential security issues", confidence: 0.9, pattern_type: :hardcoded_secret}
18:48:57.925 [debug] Match confidence: 0.1848, min_confidence: 0.7, match: %{type: "js-hardcoded-secret-password", context: %{node_type: "VariableDeclarator", depth: 3, parent_type: "VariableDeclaration"}, location: %{depth: 3, end_column: 1630, end_line: 1, start_line: 1, start_column: 1619}, severity: "high", pattern_id: "js-hardcoded-secret-password", pattern_name: "Hardcoded Password", recommendation: "Review this code for potential security issues", confidence: 0.9, pattern_type: :hardcoded_secret}
18:48:57.925 [debug] Match confidence: 0.1848, min_confidence: 0.7, match: %{type: "js-hardcoded-secret-password", context: %{node_type: "VariableDeclarator", depth: 3, parent_type: "VariableDeclaration"}, location: %{depth: 3, end_column: 1647, end_line: 1, start_line: 1, start_column: 1636}, severity: "high", pattern_id: "js-hardcoded-secret-password", pattern_name: "Hardcoded Password", recommendation: "Review this code for potential security issues", confidence: 0.9, pattern_type: :hardcoded_secret}
18:48:57.925 [debug] Match confidence: 0.1848, min_confidence: 0.7, match: %{type: "js-hardcoded-secret-password", context: %{node_type: "VariableDeclarator", depth: 3, parent_type: "VariableDeclaration"}, location: %{depth: 3, end_column: 1664, end_line: 1, start_line: 1, start_column: 1653}, severity: "high", pattern_id: "js-hardcoded-secret-password", pattern_name: "Hardcoded Password", recommendation: "Review this code for potential security issues", confidence: 0.9, pattern_type: :hardcoded_secret}
18:48:57.925 [debug] Match confidence: 0.1848, min_confidence: 0.7, match: %{type: "js-hardcoded-secret-password", context: %{node_type: "VariableDeclarator", depth: 3, parent_type: "VariableDeclaration"}, location: %{depth: 3, end_column: 1681, end_line: 1, start_line: 1, start_column: 1670}, severity: "high", pattern_id: "js-hardcoded-secret-password", pattern_name: "Hardcoded Password", recommendation: "Review this code for potential security issues", confidence: 0.9, pattern_type: :hardcoded_secret}
18:48:57.925 [debug] Match confidence: 0.1848, min_confidence: 0.7, match: %{type: "js-hardcoded-secret-password", context: %{node_type: "VariableDeclarator", depth: 3, parent_type: "VariableDeclaration"}, location: %{depth: 3, end_column: 1698, end_line: 1, start_line: 1, start_column: 1687}, severity: "high", pattern_id: "js-hardcoded-secret-password", pattern_name: "Hardcoded Password", recommendation: "Review this code for potential security issues", confidence: 0.9, pattern_type: :hardcoded_secret}
18:48:57.925 [debug] Match confidence: 0.1848, min_confidence: 0.7, match: %{type: "js-hardcoded-secret-api-key", context: %{node_type: "VariableDeclarator", depth: 3, parent_type: "VariableDeclaration"}, location: %{depth: 3, end_column: 15, end_line: 1, start_line: 1, start_column: 4}, severity: "high", pattern_id: "js-hardcoded-secret-api-key", pattern_name: "Hardcoded API Key", recommendation: "Review this code for potential security issues", confidence: 0.9, pattern_type: :hardcoded_secret}
18:48:57.925 [debug] Match confidence: 0.1848, min_confidence: 0.7, match: %{type: "js-hardcoded-secret-api-key", context: %{node_type: "VariableDeclarator", depth: 3, parent_type: "VariableDeclaration"}, location: %{depth: 3, end_column: 32, end_line: 1, start_line: 1, start_column: 21}, severity: "high", pattern_id: "js-hardcoded-secret-api-key", pattern_name: "Hardcoded API Key", recommendation: "Review this code for potential security issues", confidence: 0.9, pattern_type: :hardcoded_secret}
18:48:57.925 [debug] Match confidence: 0.1848, min_confidence: 0.7, match: %{type: "js-hardcoded-secret-api-key", context: %{node_type: "VariableDeclarator", depth: 3, parent_type: "VariableDeclaration"}, location: %{depth: 3, end_column: 49, end_line: 1, start_line: 1, start_column: 38}, severity: "high", pattern_id: "js-hardcoded-secret-api-key", pattern_name: "Hardcoded API Key", recommendation: "Review this code for potential security issues", confidence: 0.9, pattern_type: :hardcoded_secret}
18:48:57.925 [debug] Match confidence: 0.1848, min_confidence: 0.7, match: %{type: "js-hardcoded-secret-api-key", context: %{node_type: "VariableDeclarator", depth: 3, parent_type: "VariableDeclaration"}, location: %{depth: 3, end_column: 66, end_line: 1, start_line: 1, start_column: 55}, severity: "high", pattern_id: "js-hardcoded-secret-api-key", pattern_name: "Hardcoded API Key", recommendation: "Review this code for potential security issues", confidence: 0.9, pattern_type: :hardcoded_secret}
18:48:57.925 [debug] Match confidence: 0.1848, min_confidence: 0.7, match: %{type: "js-hardcoded-secret-api-key", context: %{node_type: "VariableDeclarator", depth: 3, parent_type: "VariableDeclaration"}, location: %{depth: 3, end_column: 83, end_line: 1, start_line: 1, start_column: 72}, severity: "high", pattern_id: "js-hardcoded-secret-api-key", pattern_name: "Hardcoded API Key", recommendation: "Review this code for potential security issues", confidence: 0.9, pattern_type: :hardcoded_secret}
18:48:57.925 [debug] Match confidence: 0.1848, min_confidence: 0.7, match: %{type: "js-hardcoded-secret-api-key", context: %{node_type: "VariableDeclarator", depth: 3, parent_type: "VariableDeclaration"}, location: %{depth: 3, end_column: 100, end_line: 1, start_line: 1, start_column: 89}, severity: "high", pattern_id: "js-hardcoded-secret-api-key", pattern_name: "Hardcoded API Key", recommendation: "Review this code for potential security issues", confidence: 0.9, pattern_type: :hardcoded_secret}
18:48:57.925 [debug] Match confidence: 0.1848, min_confidence: 0.7, match: %{type: "js-hardcoded-secret-api-key", context: %{node_type: "VariableDeclarator", depth: 3, parent_type: "VariableDeclaration"}, location: %{depth: 3, end_column: 117, end_line: 1, start_line: 1, start_column: 106}, severity: "high", pattern_id: "js-hardcoded-secret-api-key", pattern_name: "Hardcoded API Key", recommendation: "Review this code for potential security issues", confidence: 0.9, pattern_type: :hardcoded_secret}
18:48:57.925 [debug] Match confidence: 0.1848, min_confidence: 0.7, match: %{type: "js-hardcoded-secret-api-key", context: %{node_type: "VariableDeclarator", depth: 3, parent_type: "VariableDeclaration"}, location: %{depth: 3, end_column: 134, end_line: 1, start_line: 1, start_column: 123}, severity: "high", pattern_id: "js-hardcoded-secret-api-key", pattern_name: "Hardcoded API Key", recommendation: "Review this code for potential security issues", confidence: 0.9, pattern_type: :hardcoded_secret}
18:48:57.925 [debug] Match confidence: 0.1848, min_confidence: 0.7, match: %{type: "js-hardcoded-secret-api-key", context: %{node_type: "VariableDeclarator", depth: 3, parent_type: "VariableDeclaration"}, location: %{depth: 3, end_column: 151, end_line: 1, start_line: 1, start_column: 140}, severity: "high", pattern_id: "js-hardcoded-secret-api-key", pattern_name: "Hardcoded API Key", recommendation: "Review this code for potential security issues", confidence: 0.9, pattern_type: :hardcoded_secret}
18:48:57.925 [debug] Match confidence: 0.1848, min_confidence: 0.7, match: %{type: "js-hardcoded-secret-api-key", context: %{node_type: "VariableDeclarator", depth: 3, parent_type: "VariableDeclaration"}, location: %{depth: 3, end_column: 168, end_line: 1, start_line: 1, start_column: 157}, severity: "high", pattern_id: "js-hardcoded-secret-api-key", pattern_name: "Hardcoded API Key", recommendation: "Review this code for potential security issues", confidence: 0.9, pattern_type: :hardcoded_secret}
18:48:57.925 [debug] Match confidence: 0.1848, min_confidence: 0.7, match: %{type: "js-hardcoded-secret-api-key", context: %{node_type: "VariableDeclarator", depth: 3, parent_type: "VariableDeclaration"}, location: %{depth: 3, end_column: 185, end_line: 1, start_line: 1, start_column: 174}, severity: "high", pattern_id: "js-hardcoded-secret-api-key", pattern_name: "Hardcoded API Key", recommendation: "Review this code for potential security issues", confidence: 0.9, pattern_type: :hardcoded_secret}
18:48:57.925 [debug] Match confidence: 0.1848, min_confidence: 0.7, match: %{type: "js-hardcoded-secret-api-key", context: %{node_type: "VariableDeclarator", depth: 3, parent_type: "VariableDeclaration"}, location: %{depth: 3, end_column: 202, end_line: 1, start_line: 1, start_column: 191}, severity: "high", pattern_id: "js-hardcoded-secret-api-key", pattern_name: "Hardcoded API Key", recommendation: "Review this code for potential security issues", confidence: 0.9, pattern_type: :hardcoded_secret}
18:48:57.926 [debug] Match confidence: 0.1848, min_confidence: 0.7, match: %{type: "js-hardcoded-secret-api-key", context: %{node_type: "VariableDeclarator", depth: 3, parent_type: "VariableDeclaration"}, location: %{depth: 3, end_column: 219, end_line: 1, start_line: 1, start_column: 208}, severity: "high", pattern_id: "js-hardcoded-secret-api-key", pattern_name: "Hardcoded API Key", recommendation: "Review this code for potential security issues", confidence: 0.9, pattern_type: :hardcoded_secret}
18:48:57.926 [debug] Match confidence: 0.1848, min_confidence: 0.7, match: %{type: "js-hardcoded-secret-api-key", context: %{node_type: "VariableDeclarator", depth: 3, parent_type: "VariableDeclaration"}, location: %{depth: 3, end_column: 236, end_line: 1, start_line: 1, start_column: 225}, severity: "high", pattern_id: "js-hardcoded-secret-api-key", pattern_name: "Hardcoded API Key", recommendation: "Review this code for potential security issues", confidence: 0.9, pattern_type: :hardcoded_secret}
18:48:57.926 [debug] Match confidence: 0.1848, min_confidence: 0.7, match: %{type: "js-hardcoded-secret-api-key", context: %{node_type: "VariableDeclarator", depth: 3, parent_type: "VariableDeclaration"}, location: %{depth: 3, end_column: 253, end_line: 1, start_line: 1, start_column: 242}, severity: "high", pattern_id: "js-hardcoded-secret-api-key", pattern_name: "Hardcoded API Key", recommendation: "Review this code for potential security issues", confidence: 0.9, pattern_type: :hardcoded_secret}
18:48:57.926 [debug] Match confidence: 0.1848, min_confidence: 0.7, match: %{type: "js-hardcoded-secret-api-key", context: %{node_type: "VariableDeclarator", depth: 3, parent_type: "VariableDeclaration"}, location: %{depth: 3, end_column: 270, end_line: 1, start_line: 1, start_column: 259}, severity: "high", pattern_id: "js-hardcoded-secret-api-key", pattern_name: "Hardcoded API Key", recommendation: "Review this code for potential security issues", confidence: 0.9, pattern_type: :hardcoded_secret}
18:48:57.926 [debug] Match confidence: 0.1848, min_confidence: 0.7, match: %{type: "js-hardcoded-secret-api-key", context: %{node_type: "VariableDeclarator", depth: 3, parent_type: "VariableDeclaration"}, location: %{depth: 3, end_column: 287, end_line: 1, start_line: 1, start_column: 276}, severity: "high", pattern_id: "js-hardcoded-secret-api-key", pattern_name: "Hardcoded API Key", recommendation: "Review this code for potential security issues", confidence: 0.9, pattern_type: :hardcoded_secret}
18:48:57.926 [debug] Match confidence: 0.1848, min_confidence: 0.7, match: %{type: "js-hardcoded-secret-api-key", context: %{node_type: "VariableDeclarator", depth: 3, parent_type: "VariableDeclaration"}, location: %{depth: 3, end_column: 304, end_line: 1, start_line: 1, start_column: 293}, severity: "high", pattern_id: "js-hardcoded-secret-api-key", pattern_name: "Hardcoded API Key", recommendation: "Review this code for potential security issues", confidence: 0.9, pattern_type: :hardcoded_secret}
18:48:57.926 [debug] Match confidence: 0.1848, min_confidence: 0.7, match: %{type: "js-hardcoded-secret-api-key", context: %{node_type: "VariableDeclarator", depth: 3, parent_type: "VariableDeclaration"}, location: %{depth: 3, end_column: 321, end_line: 1, start_line: 1, start_column: 310}, severity: "high", pattern_id: "js-hardcoded-secret-api-key", pattern_name: "Hardcoded API Key", recommendation: "Review this code for potential security issues", confidence: 0.9, pattern_type: :hardcoded_secret}
18:48:57.926 [debug] Match confidence: 0.1848, min_confidence: 0.7, match: %{type: "js-hardcoded-secret-api-key", context: %{node_type: "VariableDeclarator", depth: 3, parent_type: "VariableDeclaration"}, location: %{depth: 3, end_column: 338, end_line: 1, start_line: 1, start_column: 327}, severity: "high", pattern_id: "js-hardcoded-secret-api-key", pattern_name: "Hardcoded API Key", recommendation: "Review this code for potential security issues", confidence: 0.9, pattern_type: :hardcoded_secret}
18:48:57.926 [debug] Match confidence: 0.1848, min_confidence: 0.7, match: %{type: "js-hardcoded-secret-api-key", context: %{node_type: "VariableDeclarator", depth: 3, parent_type: "VariableDeclaration"}, location: %{depth: 3, end_column: 355, end_line: 1, start_line: 1, start_column: 344}, severity: "high", pattern_id: "js-hardcoded-secret-api-key", pattern_name: "Hardcoded API Key", recommendation: "Review this code for potential security issues", confidence: 0.9, pattern_type: :hardcoded_secret}
18:48:57.926 [debug] Match confidence: 0.1848, min_confidence: 0.7, match: %{type: "js-hardcoded-secret-api-key", context: %{node_type: "VariableDeclarator", depth: 3, parent_type: "VariableDeclaration"}, location: %{depth: 3, end_column: 372, end_line: 1, start_line: 1, start_column: 361}, severity: "high", pattern_id: "js-hardcoded-secret-api-key", pattern_name: "Hardcoded API Key", recommendation: "Review this code for potential security issues", confidence: 0.9, pattern_type: :hardcoded_secret}
18:48:57.929 [debug] Match confidence: 0.1848, min_confidence: 0.7, match: %{type: "js-hardcoded-secret-api-key", context: %{node_type: "VariableDeclarator", depth: 3, parent_type: "VariableDeclaration"}, location: %{depth: 3, end_column: 389, end_line: 1, start_line: 1, start_column: 378}, severity: "high", pattern_id: "js-hardcoded-secret-api-key", pattern_name: "Hardcoded API Key", recommendation: "Review this code for potential security issues", confidence: 0.9, pattern_type: :hardcoded_secret}
18:48:57.929 [debug] Match confidence: 0.1848, min_confidence: 0.7, match: %{type: "js-hardcoded-secret-api-key", context: %{node_type: "VariableDeclarator", depth: 3, parent_type: "VariableDeclaration"}, location: %{depth: 3, end_column: 406, end_line: 1, start_line: 1, start_column: 395}, severity: "high", pattern_id: "js-hardcoded-secret-api-key", pattern_name: "Hardcoded API Key", recommendation: "Review this code for potential security issues", confidence: 0.9, pattern_type: :hardcoded_secret}
18:48:57.929 [debug] Match confidence: 0.1848, min_confidence: 0.7, match: %{type: "js-hardcoded-secret-api-key", context: %{node_type: "VariableDeclarator", depth: 3, parent_type: "VariableDeclaration"}, location: %{depth: 3, end_column: 423, end_line: 1, start_line: 1, start_column: 412}, severity: "high", pattern_id: "js-hardcoded-secret-api-key", pattern_name: "Hardcoded API Key", recommendation: "Review this code for potential security issues", confidence: 0.9, pattern_type: :hardcoded_secret}
18:48:57.929 [debug] Match confidence: 0.1848, min_confidence: 0.7, match: %{type: "js-hardcoded-secret-api-key", context: %{node_type: "VariableDeclarator", depth: 3, parent_type: "VariableDeclaration"}, location: %{depth: 3, end_column: 440, end_line: 1, start_line: 1, start_column: 429}, severity: "high", pattern_id: "js-hardcoded-secret-api-key", pattern_name: "Hardcoded API Key", recommendation: "Review this code for potential security issues", confidence: 0.9, pattern_type: :hardcoded_secret}
18:48:57.929 [debug] Match confidence: 0.1848, min_confidence: 0.7, match: %{type: "js-hardcoded-secret-api-key", context: %{node_type: "VariableDeclarator", depth: 3, parent_type: "VariableDeclaration"}, location: %{depth: 3, end_column: 457, end_line: 1, start_line: 1, start_column: 446}, severity: "high", pattern_id: "js-hardcoded-secret-api-key", pattern_name: "Hardcoded API Key", recommendation: "Review this code for potential security issues", confidence: 0.9, pattern_type: :hardcoded_secret}
18:48:57.929 [debug] Match confidence: 0.1848, min_confidence: 0.7, match: %{type: "js-hardcoded-secret-api-key", context: %{node_type: "VariableDeclarator", depth: 3, parent_type: "VariableDeclaration"}, location: %{depth: 3, end_column: 474, end_line: 1, start_line: 1, start_column: 463}, severity: "high", pattern_id: "js-hardcoded-secret-api-key", pattern_name: "Hardcoded API Key", recommendation: "Review this code for potential security issues", confidence: 0.9, pattern_type: :hardcoded_secret}
18:48:57.929 [debug] Match confidence: 0.1848, min_confidence: 0.7, match: %{type: "js-hardcoded-secret-api-key", context: %{node_type: "VariableDeclarator", depth: 3, parent_type: "VariableDeclaration"}, location: %{depth: 3, end_column: 491, end_line: 1, start_line: 1, start_column: 480}, severity: "high", pattern_id: "js-hardcoded-secret-api-key", pattern_name: "Hardcoded API Key", recommendation: "Review this code for potential security issues", confidence: 0.9, pattern_type: :hardcoded_secret}
18:48:57.929 [debug] Match confidence: 0.1848, min_confidence: 0.7, match: %{type: "js-hardcoded-secret-api-key", context: %{node_type: "VariableDeclarator", depth: 3, parent_type: "VariableDeclaration"}, location: %{depth: 3, end_column: 508, end_line: 1, start_line: 1, start_column: 497}, severity: "high", pattern_id: "js-hardcoded-secret-api-key", pattern_name: "Hardcoded API Key", recommendation: "Review this code for potential security issues", confidence: 0.9, pattern_type: :hardcoded_secret}
18:48:57.929 [debug] Match confidence: 0.1848, min_confidence: 0.7, match: %{type: "js-hardcoded-secret-api-key", context: %{node_type: "VariableDeclarator", depth: 3, parent_type: "VariableDeclaration"}, location: %{depth: 3, end_column: 525, end_line: 1, start_line: 1, start_column: 514}, severity: "high", pattern_id: "js-hardcoded-secret-api-key", pattern_name: "Hardcoded API Key", recommendation: "Review this code for potential security issues", confidence: 0.9, pattern_type: :hardcoded_secret}
18:48:57.929 [debug] Match confidence: 0.1848, min_confidence: 0.7, match: %{type: "js-hardcoded-secret-api-key", context: %{node_type: "VariableDeclarator", depth: 3, parent_type: "VariableDeclaration"}, location: %{depth: 3, end_column: 542, end_line: 1, start_line: 1, start_column: 531}, severity: "high", pattern_id: "js-hardcoded-secret-api-key", pattern_name: "Hardcoded API Key", recommendation: "Review this code for potential security issues", confidence: 0.9, pattern_type: :hardcoded_secret}
18:48:57.929 [debug] Match confidence: 0.1848, min_confidence: 0.7, match: %{type: "js-hardcoded-secret-api-key", context: %{node_type: "VariableDeclarator", depth: 3, parent_type: "VariableDeclaration"}, location: %{depth: 3, end_column: 559, end_line: 1, start_line: 1, start_column: 548}, severity: "high", pattern_id: "js-hardcoded-secret-api-key", pattern_name: "Hardcoded API Key", recommendation: "Review this code for potential security issues", confidence: 0.9, pattern_type: :hardcoded_secret}
18:48:57.929 [debug] Match confidence: 0.1848, min_confidence: 0.7, match: %{type: "js-hardcoded-secret-api-key", context: %{node_type: "VariableDeclarator", depth: 3, parent_type: "VariableDeclaration"}, location: %{depth: 3, end_column: 576, end_line: 1, start_line: 1, start_column: 565}, severity: "high", pattern_id: "js-hardcoded-secret-api-key", pattern_name: "Hardcoded API Key", recommendation: "Review this code for potential security issues", confidence: 0.9, pattern_type: :hardcoded_secret}
18:48:57.929 [debug] Match confidence: 0.1848, min_confidence: 0.7, match: %{type: "js-hardcoded-secret-api-key", context: %{node_type: "VariableDeclarator", depth: 3, parent_type: "VariableDeclaration"}, location: %{depth: 3, end_column: 593, end_line: 1, start_line: 1, start_column: 582}, severity: "high", pattern_id: "js-hardcoded-secret-api-key", pattern_name: "Hardcoded API Key", recommendation: "Review this code for potential security issues", confidence: 0.9, pattern_type: :hardcoded_secret}
18:48:57.929 [debug] Match confidence: 0.1848, min_confidence: 0.7, match: %{type: "js-hardcoded-secret-api-key", context: %{node_type: "VariableDeclarator", depth: 3, parent_type: "VariableDeclaration"}, location: %{depth: 3, end_column: 610, end_line: 1, start_line: 1, start_column: 599}, severity: "high", pattern_id: "js-hardcoded-secret-api-key", pattern_name: "Hardcoded API Key", recommendation: "Review this code for potential security issues", confidence: 0.9, pattern_type: :hardcoded_secret}
18:48:57.929 [debug] Match confidence: 0.1848, min_confidence: 0.7, match: %{type: "js-hardcoded-secret-api-key", context: %{node_type: "VariableDeclarator", depth: 3, parent_type: "VariableDeclaration"}, location: %{depth: 3, end_column: 627, end_line: 1, start_line: 1, start_column: 616}, severity: "high", pattern_id: "js-hardcoded-secret-api-key", pattern_name: "Hardcoded API Key", recommendation: "Review this code for potential security issues", confidence: 0.9, pattern_type: :hardcoded_secret}
18:48:57.929 [debug] Match confidence: 0.1848, min_confidence: 0.7, match: %{type: "js-hardcoded-secret-api-key", context: %{node_type: "VariableDeclarator", depth: 3, parent_type: "VariableDeclaration"}, location: %{depth: 3, end_column: 644, end_line: 1, start_line: 1, start_column: 633}, severity: "high", pattern_id: "js-hardcoded-secret-api-key", pattern_name: "Hardcoded API Key", recommendation: "Review this code for potential security issues", confidence: 0.9, pattern_type: :hardcoded_secret}
18:48:57.929 [debug] Match confidence: 0.1848, min_confidence: 0.7, match: %{type: "js-hardcoded-secret-api-key", context: %{node_type: "VariableDeclarator", depth: 3, parent_type: "VariableDeclaration"}, location: %{depth: 3, end_column: 661, end_line: 1, start_line: 1, start_column: 650}, severity: "high", pattern_id: "js-hardcoded-secret-api-key", pattern_name: "Hardcoded API Key", recommendation: "Review this code for potential security issues", confidence: 0.9, pattern_type: :hardcoded_secret}
18:48:57.930 [debug] Match confidence: 0.1848, min_confidence: 0.7, match: %{type: "js-hardcoded-secret-api-key", context: %{node_type: "VariableDeclarator", depth: 3, parent_type: "VariableDeclaration"}, location: %{depth: 3, end_column: 678, end_line: 1, start_line: 1, start_column: 667}, severity: "high", pattern_id: "js-hardcoded-secret-api-key", pattern_name: "Hardcoded API Key", recommendation: "Review this code for potential security issues", confidence: 0.9, pattern_type: :hardcoded_secret}
18:48:57.930 [debug] Match confidence: 0.1848, min_confidence: 0.7, match: %{type: "js-hardcoded-secret-api-key", context: %{node_type: "VariableDeclarator", depth: 3, parent_type: "VariableDeclaration"}, location: %{depth: 3, end_column: 695, end_line: 1, start_line: 1, start_column: 684}, severity: "high", pattern_id: "js-hardcoded-secret-api-key", pattern_name: "Hardcoded API Key", recommendation: "Review this code for potential security issues", confidence: 0.9, pattern_type: :hardcoded_secret}
18:48:57.930 [debug] Match confidence: 0.1848, min_confidence: 0.7, match: %{type: "js-hardcoded-secret-api-key", context: %{node_type: "VariableDeclarator", depth: 3, parent_type: "VariableDeclaration"}, location: %{depth: 3, end_column: 712, end_line: 1, start_line: 1, start_column: 701}, severity: "high", pattern_id: "js-hardcoded-secret-api-key", pattern_name: "Hardcoded API Key", recommendation: "Review this code for potential security issues", confidence: 0.9, pattern_type: :hardcoded_secret}
18:48:57.930 [debug] Match confidence: 0.1848, min_confidence: 0.7, match: %{type: "js-hardcoded-secret-api-key", context: %{node_type: "VariableDeclarator", depth: 3, parent_type: "VariableDeclaration"}, location: %{depth: 3, end_column: 729, end_line: 1, start_line: 1, start_column: 718}, severity: "high", pattern_id: "js-hardcoded-secret-api-key", pattern_name: "Hardcoded API Key", recommendation: "Review this code for potential security issues", confidence: 0.9, pattern_type: :hardcoded_secret}
18:48:57.930 [debug] Match confidence: 0.1848, min_confidence: 0.7, match: %{type: "js-hardcoded-secret-api-key", context: %{node_type: "VariableDeclarator", depth: 3, parent_type: "VariableDeclaration"}, location: %{depth: 3, end_column: 746, end_line: 1, start_line: 1, start_column: 735}, severity: "high", pattern_id: "js-hardcoded-secret-api-key", pattern_name: "Hardcoded API Key", recommendation: "Review this code for potential security issues", confidence: 0.9, pattern_type: :hardcoded_secret}
18:48:57.930 [debug] Match confidence: 0.1848, min_confidence: 0.7, match: %{type: "js-hardcoded-secret-api-key", context: %{node_type: "VariableDeclarator", depth: 3, parent_type: "VariableDeclaration"}, location: %{depth: 3, end_column: 763, end_line: 1, start_line: 1, start_column: 752}, severity: "high", pattern_id: "js-hardcoded-secret-api-key", pattern_name: "Hardcoded API Key", recommendation: "Review this code for potential security issues", confidence: 0.9, pattern_type: :hardcoded_secret}
18:48:57.930 [debug] Match confidence: 0.1848, min_confidence: 0.7, match: %{type: "js-hardcoded-secret-api-key", context: %{node_type: "VariableDeclarator", depth: 3, parent_type: "VariableDeclaration"}, location: %{depth: 3, end_column: 780, end_line: 1, start_line: 1, start_column: 769}, severity: "high", pattern_id: "js-hardcoded-secret-api-key", pattern_name: "Hardcoded API Key", recommendation: "Review this code for potential security issues", confidence: 0.9, pattern_type: :hardcoded_secret}
18:48:57.930 [debug] Match confidence: 0.1848, min_confidence: 0.7, match: %{type: "js-hardcoded-secret-api-key", context: %{node_type: "VariableDeclarator", depth: 3, parent_type: "VariableDeclaration"}, location: %{depth: 3, end_column: 797, end_line: 1, start_line: 1, start_column: 786}, severity: "high", pattern_id: "js-hardcoded-secret-api-key", pattern_name: "Hardcoded API Key", recommendation: "Review this code for potential security issues", confidence: 0.9, pattern_type: :hardcoded_secret}
18:48:57.930 [debug] Match confidence: 0.1848, min_confidence: 0.7, match: %{type: "js-hardcoded-secret-api-key", context: %{node_type: "VariableDeclarator", depth: 3, parent_type: "VariableDeclaration"}, location: %{depth: 3, end_column: 814, end_line: 1, start_line: 1, start_column: 803}, severity: "high", pattern_id: "js-hardcoded-secret-api-key", pattern_name: "Hardcoded API Key", recommendation: "Review this code for potential security issues", confidence: 0.9, pattern_type: :hardcoded_secret}
18:48:57.930 [debug] Match confidence: 0.1848, min_confidence: 0.7, match: %{type: "js-hardcoded-secret-api-key", context: %{node_type: "VariableDeclarator", depth: 3, parent_type: "VariableDeclaration"}, location: %{depth: 3, end_column: 831, end_line: 1, start_line: 1, start_column: 820}, severity: "high", pattern_id: "js-hardcoded-secret-api-key", pattern_name: "Hardcoded API Key", recommendation: "Review this code for potential security issues", confidence: 0.9, pattern_type: :hardcoded_secret}
18:48:57.930 [debug] Match confidence: 0.1848, min_confidence: 0.7, match: %{type: "js-hardcoded-secret-api-key", context: %{node_type: "VariableDeclarator", depth: 3, parent_type: "VariableDeclaration"}, location: %{depth: 3, end_column: 848, end_line: 1, start_line: 1, start_column: 837}, severity: "high", pattern_id: "js-hardcoded-secret-api-key", pattern_name: "Hardcoded API Key", recommendation: "Review this code for potential security issues", confidence: 0.9, pattern_type: :hardcoded_secret}
18:48:57.930 [debug] Match confidence: 0.1848, min_confidence: 0.7, match: %{type: "js-hardcoded-secret-api-key", context: %{node_type: "VariableDeclarator", depth: 3, parent_type: "VariableDeclaration"}, location: %{depth: 3, end_column: 865, end_line: 1, start_line: 1, start_column: 854}, severity: "high", pattern_id: "js-hardcoded-secret-api-key", pattern_name: "Hardcoded API Key", recommendation: "Review this code for potential security issues", confidence: 0.9, pattern_type: :hardcoded_secret}
18:48:57.930 [debug] Match confidence: 0.1848, min_confidence: 0.7, match: %{type: "js-hardcoded-secret-api-key", context: %{node_type: "VariableDeclarator", depth: 3, parent_type: "VariableDeclaration"}, location: %{depth: 3, end_column: 882, end_line: 1, start_line: 1, start_column: 871}, severity: "high", pattern_id: "js-hardcoded-secret-api-key", pattern_name: "Hardcoded API Key", recommendation: "Review this code for potential security issues", confidence: 0.9, pattern_type: :hardcoded_secret}
18:48:57.930 [debug] Match confidence: 0.1848, min_confidence: 0.7, match: %{type: "js-hardcoded-secret-api-key", context: %{node_type: "VariableDeclarator", depth: 3, parent_type: "VariableDeclaration"}, location: %{depth: 3, end_column: 899, end_line: 1, start_line: 1, start_column: 888}, severity: "high", pattern_id: "js-hardcoded-secret-api-key", pattern_name: "Hardcoded API Key", recommendation: "Review this code for potential security issues", confidence: 0.9, pattern_type: :hardcoded_secret}
18:48:57.930 [debug] Match confidence: 0.1848, min_confidence: 0.7, match: %{type: "js-hardcoded-secret-api-key", context: %{node_type: "VariableDeclarator", depth: 3, parent_type: "VariableDeclaration"}, location: %{depth: 3, end_column: 916, end_line: 1, start_line: 1, start_column: 905}, severity: "high", pattern_id: "js-hardcoded-secret-api-key", pattern_name: "Hardcoded API Key", recommendation: "Review this code for potential security issues", confidence: 0.9, pattern_type: :hardcoded_secret}
18:48:57.930 [debug] Match confidence: 0.1848, min_confidence: 0.7, match: %{type: "js-hardcoded-secret-api-key", context: %{node_type: "VariableDeclarator", depth: 3, parent_type: "VariableDeclaration"}, location: %{depth: 3, end_column: 933, end_line: 1, start_line: 1, start_column: 922}, severity: "high", pattern_id: "js-hardcoded-secret-api-key", pattern_name: "Hardcoded API Key", recommendation: "Review this code for potential security issues", confidence: 0.9, pattern_type: :hardcoded_secret}
18:48:57.930 [debug] Match confidence: 0.1848, min_confidence: 0.7, match: %{type: "js-hardcoded-secret-api-key", context: %{node_type: "VariableDeclarator", depth: 3, parent_type: "VariableDeclaration"}, location: %{depth: 3, end_column: 950, end_line: 1, start_line: 1, start_column: 939}, severity: "high", pattern_id: "js-hardcoded-secret-api-key", pattern_name: "Hardcoded API Key", recommendation: "Review this code for potential security issues", confidence: 0.9, pattern_type: :hardcoded_secret}
18:48:57.930 [debug] Match confidence: 0.1848, min_confidence: 0.7, match: %{type: "js-hardcoded-secret-api-key", context: %{node_type: "VariableDeclarator", depth: 3, parent_type: "VariableDeclaration"}, location: %{depth: 3, end_column: 967, end_line: 1, start_line: 1, start_column: 956}, severity: "high", pattern_id: "js-hardcoded-secret-api-key", pattern_name: "Hardcoded API Key", recommendation: "Review this code for potential security issues", confidence: 0.9, pattern_type: :hardcoded_secret}
18:48:57.930 [debug] Match confidence: 0.1848, min_confidence: 0.7, match: %{type: "js-hardcoded-secret-api-key", context: %{node_type: "VariableDeclarator", depth: 3, parent_type: "VariableDeclaration"}, location: %{depth: 3, end_column: 984, end_line: 1, start_line: 1, start_column: 973}, severity: "high", pattern_id: "js-hardcoded-secret-api-key", pattern_name: "Hardcoded API Key", recommendation: "Review this code for potential security issues", confidence: 0.9, pattern_type: :hardcoded_secret}
18:48:57.930 [debug] Match confidence: 0.1848, min_confidence: 0.7, match: %{type: "js-hardcoded-secret-api-key", context: %{node_type: "VariableDeclarator", depth: 3, parent_type: "VariableDeclaration"}, location: %{depth: 3, end_column: 1001, end_line: 1, start_line: 1, start_column: 990}, severity: "high", pattern_id: "js-hardcoded-secret-api-key", pattern_name: "Hardcoded API Key", recommendation: "Review this code for potential security issues", confidence: 0.9, pattern_type: :hardcoded_secret}
18:48:57.933 [debug] Match confidence: 0.1848, min_confidence: 0.7, match: %{type: "js-hardcoded-secret-api-key", context: %{node_type: "VariableDeclarator", depth: 3, parent_type: "VariableDeclaration"}, location: %{depth: 3, end_column: 1018, end_line: 1, start_line: 1, start_column: 1007}, severity: "high", pattern_id: "js-hardcoded-secret-api-key", pattern_name: "Hardcoded API Key", recommendation: "Review this code for potential security issues", confidence: 0.9, pattern_type: :hardcoded_secret}
18:48:57.933 [debug] Match confidence: 0.1848, min_confidence: 0.7, match: %{type: "js-hardcoded-secret-api-key", context: %{node_type: "VariableDeclarator", depth: 3, parent_type: "VariableDeclaration"}, location: %{depth: 3, end_column: 1035, end_line: 1, start_line: 1, start_column: 1024}, severity: "high", pattern_id: "js-hardcoded-secret-api-key", pattern_name: "Hardcoded API Key", recommendation: "Review this code for potential security issues", confidence: 0.9, pattern_type: :hardcoded_secret}
18:48:57.933 [debug] Match confidence: 0.1848, min_confidence: 0.7, match: %{type: "js-hardcoded-secret-api-key", context: %{node_type: "VariableDeclarator", depth: 3, parent_type: "VariableDeclaration"}, location: %{depth: 3, end_column: 1052, end_line: 1, start_line: 1, start_column: 1041}, severity: "high", pattern_id: "js-hardcoded-secret-api-key", pattern_name: "Hardcoded API Key", recommendation: "Review this code for potential security issues", confidence: 0.9, pattern_type: :hardcoded_secret}
18:48:57.933 [debug] Match confidence: 0.1848, min_confidence: 0.7, match: %{type: "js-hardcoded-secret-api-key", context: %{node_type: "VariableDeclarator", depth: 3, parent_type: "VariableDeclaration"}, location: %{depth: 3, end_column: 1069, end_line: 1, start_line: 1, start_column: 1058}, severity: "high", pattern_id: "js-hardcoded-secret-api-key", pattern_name: "Hardcoded API Key", recommendation: "Review this code for potential security issues", confidence: 0.9, pattern_type: :hardcoded_secret}
18:48:57.933 [debug] Match confidence: 0.1848, min_confidence: 0.7, match: %{type: "js-hardcoded-secret-api-key", context: %{node_type: "VariableDeclarator", depth: 3, parent_type: "VariableDeclaration"}, location: %{depth: 3, end_column: 1086, end_line: 1, start_line: 1, start_column: 1075}, severity: "high", pattern_id: "js-hardcoded-secret-api-key", pattern_name: "Hardcoded API Key", recommendation: "Review this code for potential security issues", confidence: 0.9, pattern_type: :hardcoded_secret}
18:48:57.933 [debug] Match confidence: 0.1848, min_confidence: 0.7, match: %{type: "js-hardcoded-secret-api-key", context: %{node_type: "VariableDeclarator", depth: 3, parent_type: "VariableDeclaration"}, location: %{depth: 3, end_column: 1103, end_line: 1, start_line: 1, start_column: 1092}, severity: "high", pattern_id: "js-hardcoded-secret-api-key", pattern_name: "Hardcoded API Key", recommendation: "Review this code for potential security issues", confidence: 0.9, pattern_type: :hardcoded_secret}
18:48:57.933 [debug] Match confidence: 0.1848, min_confidence: 0.7, match: %{type: "js-hardcoded-secret-api-key", context: %{node_type: "VariableDeclarator", depth: 3, parent_type: "VariableDeclaration"}, location: %{depth: 3, end_column: 1120, end_line: 1, start_line: 1, start_column: 1109}, severity: "high", pattern_id: "js-hardcoded-secret-api-key", pattern_name: "Hardcoded API Key", recommendation: "Review this code for potential security issues", confidence: 0.9, pattern_type: :hardcoded_secret}
18:48:57.933 [debug] Match confidence: 0.1848, min_confidence: 0.7, match: %{type: "js-hardcoded-secret-api-key", context: %{node_type: "VariableDeclarator", depth: 3, parent_type: "VariableDeclaration"}, location: %{depth: 3, end_column: 1137, end_line: 1, start_line: 1, start_column: 1126}, severity: "high", pattern_id: "js-hardcoded-secret-api-key", pattern_name: "Hardcoded API Key", recommendation: "Review this code for potential security issues", confidence: 0.9, pattern_type: :hardcoded_secret}
18:48:57.933 [debug] Match confidence: 0.1848, min_confidence: 0.7, match: %{type: "js-hardcoded-secret-api-key", context: %{node_type: "VariableDeclarator", depth: 3, parent_type: "VariableDeclaration"}, location: %{depth: 3, end_column: 1154, end_line: 1, start_line: 1, start_column: 1143}, severity: "high", pattern_id: "js-hardcoded-secret-api-key", pattern_name: "Hardcoded API Key", recommendation: "Review this code for potential security issues", confidence: 0.9, pattern_type: :hardcoded_secret}
18:48:57.933 [debug] Match confidence: 0.1848, min_confidence: 0.7, match: %{type: "js-hardcoded-secret-api-key", context: %{node_type: "VariableDeclarator", depth: 3, parent_type: "VariableDeclaration"}, location: %{depth: 3, end_column: 1171, end_line: 1, start_line: 1, start_column: 1160}, severity: "high", pattern_id: "js-hardcoded-secret-api-key", pattern_name: "Hardcoded API Key", recommendation: "Review this code for potential security issues", confidence: 0.9, pattern_type: :hardcoded_secret}
18:48:57.933 [debug] Match confidence: 0.1848, min_confidence: 0.7, match: %{type: "js-hardcoded-secret-api-key", context: %{node_type: "VariableDeclarator", depth: 3, parent_type: "VariableDeclaration"}, location: %{depth: 3, end_column: 1188, end_line: 1, start_line: 1, start_column: 1177}, severity: "high", pattern_id: "js-hardcoded-secret-api-key", pattern_name: "Hardcoded API Key", recommendation: "Review this code for potential security issues", confidence: 0.9, pattern_type: :hardcoded_secret}
18:48:57.933 [debug] Match confidence: 0.1848, min_confidence: 0.7, match: %{type: "js-hardcoded-secret-api-key", context: %{node_type: "VariableDeclarator", depth: 3, parent_type: "VariableDeclaration"}, location: %{depth: 3, end_column: 1205, end_line: 1, start_line: 1, start_column: 1194}, severity: "high", pattern_id: "js-hardcoded-secret-api-key", pattern_name: "Hardcoded API Key", recommendation: "Review this code for potential security issues", confidence: 0.9, pattern_type: :hardcoded_secret}
18:48:57.934 [debug] Match confidence: 0.1848, min_confidence: 0.7, match: %{type: "js-hardcoded-secret-api-key", context: %{node_type: "VariableDeclarator", depth: 3, parent_type: "VariableDeclaration"}, location: %{depth: 3, end_column: 1222, end_line: 1, start_line: 1, start_column: 1211}, severity: "high", pattern_id: "js-hardcoded-secret-api-key", pattern_name: "Hardcoded API Key", recommendation: "Review this code for potential security issues", confidence: 0.9, pattern_type: :hardcoded_secret}
18:48:57.934 [debug] Match confidence: 0.1848, min_confidence: 0.7, match: %{type: "js-hardcoded-secret-api-key", context: %{node_type: "VariableDeclarator", depth: 3, parent_type: "VariableDeclaration"}, location: %{depth: 3, end_column: 1239, end_line: 1, start_line: 1, start_column: 1228}, severity: "high", pattern_id: "js-hardcoded-secret-api-key", pattern_name: "Hardcoded API Key", recommendation: "Review this code for potential security issues", confidence: 0.9, pattern_type: :hardcoded_secret}
18:48:57.934 [debug] Match confidence: 0.1848, min_confidence: 0.7, match: %{type: "js-hardcoded-secret-api-key", context: %{node_type: "VariableDeclarator", depth: 3, parent_type: "VariableDeclaration"}, location: %{depth: 3, end_column: 1256, end_line: 1, start_line: 1, start_column: 1245}, severity: "high", pattern_id: "js-hardcoded-secret-api-key", pattern_name: "Hardcoded API Key", recommendation: "Review this code for potential security issues", confidence: 0.9, pattern_type: :hardcoded_secret}
18:48:57.934 [debug] Match confidence: 0.1848, min_confidence: 0.7, match: %{type: "js-hardcoded-secret-api-key", context: %{node_type: "VariableDeclarator", depth: 3, parent_type: "VariableDeclaration"}, location: %{depth: 3, end_column: 1273, end_line: 1, start_line: 1, start_column: 1262}, severity: "high", pattern_id: "js-hardcoded-secret-api-key", pattern_name: "Hardcoded API Key", recommendation: "Review this code for potential security issues", confidence: 0.9, pattern_type: :hardcoded_secret}
18:48:57.934 [debug] Match confidence: 0.1848, min_confidence: 0.7, match: %{type: "js-hardcoded-secret-api-key", context: %{node_type: "VariableDeclarator", depth: 3, parent_type: "VariableDeclaration"}, location: %{depth: 3, end_column: 1290, end_line: 1, start_line: 1, start_column: 1279}, severity: "high", pattern_id: "js-hardcoded-secret-api-key", pattern_name: "Hardcoded API Key", recommendation: "Review this code for potential security issues", confidence: 0.9, pattern_type: :hardcoded_secret}
18:48:57.934 [debug] Match confidence: 0.1848, min_confidence: 0.7, match: %{type: "js-hardcoded-secret-api-key", context: %{node_type: "VariableDeclarator", depth: 3, parent_type: "VariableDeclaration"}, location: %{depth: 3, end_column: 1307, end_line: 1, start_line: 1, start_column: 1296}, severity: "high", pattern_id: "js-hardcoded-secret-api-key", pattern_name: "Hardcoded API Key", recommendation: "Review this code for potential security issues", confidence: 0.9, pattern_type: :hardcoded_secret}
18:48:57.934 [debug] Match confidence: 0.1848, min_confidence: 0.7, match: %{type: "js-hardcoded-secret-api-key", context: %{node_type: "VariableDeclarator", depth: 3, parent_type: "VariableDeclaration"}, location: %{depth: 3, end_column: 1324, end_line: 1, start_line: 1, start_column: 1313}, severity: "high", pattern_id: "js-hardcoded-secret-api-key", pattern_name: "Hardcoded API Key", recommendation: "Review this code for potential security issues", confidence: 0.9, pattern_type: :hardcoded_secret}
18:48:57.934 [debug] Match confidence: 0.1848, min_confidence: 0.7, match: %{type: "js-hardcoded-secret-api-key", context: %{node_type: "VariableDeclarator", depth: 3, parent_type: "VariableDeclaration"}, location: %{depth: 3, end_column: 1341, end_line: 1, start_line: 1, start_column: 1330}, severity: "high", pattern_id: "js-hardcoded-secret-api-key", pattern_name: "Hardcoded API Key", recommendation: "Review this code for potential security issues", confidence: 0.9, pattern_type: :hardcoded_secret}
18:48:57.934 [debug] Match confidence: 0.1848, min_confidence: 0.7, match: %{type: "js-hardcoded-secret-api-key", context: %{node_type: "VariableDeclarator", depth: 3, parent_type: "VariableDeclaration"}, location: %{depth: 3, end_column: 1358, end_line: 1, start_line: 1, start_column: 1347}, severity: "high", pattern_id: "js-hardcoded-secret-api-key", pattern_name: "Hardcoded API Key", recommendation: "Review this code for potential security issues", confidence: 0.9, pattern_type: :hardcoded_secret}
18:48:57.934 [debug] Match confidence: 0.1848, min_confidence: 0.7, match: %{type: "js-hardcoded-secret-api-key", context: %{node_type: "VariableDeclarator", depth: 3, parent_type: "VariableDeclaration"}, location: %{depth: 3, end_column: 1375, end_line: 1, start_line: 1, start_column: 1364}, severity: "high", pattern_id: "js-hardcoded-secret-api-key", pattern_name: "Hardcoded API Key", recommendation: "Review this code for potential security issues", confidence: 0.9, pattern_type: :hardcoded_secret}
18:48:57.934 [debug] Match confidence: 0.1848, min_confidence: 0.7, match: %{type: "js-hardcoded-secret-api-key", context: %{node_type: "VariableDeclarator", depth: 3, parent_type: "VariableDeclaration"}, location: %{depth: 3, end_column: 1392, end_line: 1, start_line: 1, start_column: 1381}, severity: "high", pattern_id: "js-hardcoded-secret-api-key", pattern_name: "Hardcoded API Key", recommendation: "Review this code for potential security issues", confidence: 0.9, pattern_type: :hardcoded_secret}
18:48:57.934 [debug] Match confidence: 0.1848, min_confidence: 0.7, match: %{type: "js-hardcoded-secret-api-key", context: %{node_type: "VariableDeclarator", depth: 3, parent_type: "VariableDeclaration"}, location: %{depth: 3, end_column: 1409, end_line: 1, start_line: 1, start_column: 1398}, severity: "high", pattern_id: "js-hardcoded-secret-api-key", pattern_name: "Hardcoded API Key", recommendation: "Review this code for potential security issues", confidence: 0.9, pattern_type: :hardcoded_secret}
18:48:57.934 [debug] Match confidence: 0.1848, min_confidence: 0.7, match: %{type: "js-hardcoded-secret-api-key", context: %{node_type: "VariableDeclarator", depth: 3, parent_type: "VariableDeclaration"}, location: %{depth: 3, end_column: 1426, end_line: 1, start_line: 1, start_column: 1415}, severity: "high", pattern_id: "js-hardcoded-secret-api-key", pattern_name: "Hardcoded API Key", recommendation: "Review this code for potential security issues", confidence: 0.9, pattern_type: :hardcoded_secret}
18:48:57.934 [debug] Match confidence: 0.1848, min_confidence: 0.7, match: %{type: "js-hardcoded-secret-api-key", context: %{node_type: "VariableDeclarator", depth: 3, parent_type: "VariableDeclaration"}, location: %{depth: 3, end_column: 1443, end_line: 1, start_line: 1, start_column: 1432}, severity: "high", pattern_id: "js-hardcoded-secret-api-key", pattern_name: "Hardcoded API Key", recommendation: "Review this code for potential security issues", confidence: 0.9, pattern_type: :hardcoded_secret}
18:48:57.934 [debug] Match confidence: 0.1848, min_confidence: 0.7, match: %{type: "js-hardcoded-secret-api-key", context: %{node_type: "VariableDeclarator", depth: 3, parent_type: "VariableDeclaration"}, location: %{depth: 3, end_column: 1460, end_line: 1, start_line: 1, start_column: 1449}, severity: "high", pattern_id: "js-hardcoded-secret-api-key", pattern_name: "Hardcoded API Key", recommendation: "Review this code for potential security issues", confidence: 0.9, pattern_type: :hardcoded_secret}
18:48:57.935 [debug] Match confidence: 0.1848, min_confidence: 0.7, match: %{type: "js-hardcoded-secret-api-key", context: %{node_type: "VariableDeclarator", depth: 3, parent_type: "VariableDeclaration"}, location: %{depth: 3, end_column: 1477, end_line: 1, start_line: 1, start_column: 1466}, severity: "high", pattern_id: "js-hardcoded-secret-api-key", pattern_name: "Hardcoded API Key", recommendation: "Review this code for potential security issues", confidence: 0.9, pattern_type: :hardcoded_secret}
18:48:57.935 [debug] Match confidence: 0.1848, min_confidence: 0.7, match: %{type: "js-hardcoded-secret-api-key", context: %{node_type: "VariableDeclarator", depth: 3, parent_type: "VariableDeclaration"}, location: %{depth: 3, end_column: 1494, end_line: 1, start_line: 1, start_column: 1483}, severity: "high", pattern_id: "js-hardcoded-secret-api-key", pattern_name: "Hardcoded API Key", recommendation: "Review this code for potential security issues", confidence: 0.9, pattern_type: :hardcoded_secret}
18:48:57.935 [debug] Match confidence: 0.1848, min_confidence: 0.7, match: %{type: "js-hardcoded-secret-api-key", context: %{node_type: "VariableDeclarator", depth: 3, parent_type: "VariableDeclaration"}, location: %{depth: 3, end_column: 1511, end_line: 1, start_line: 1, start_column: 1500}, severity: "high", pattern_id: "js-hardcoded-secret-api-key", pattern_name: "Hardcoded API Key", recommendation: "Review this code for potential security issues", confidence: 0.9, pattern_type: :hardcoded_secret}
18:48:57.935 [debug] Match confidence: 0.1848, min_confidence: 0.7, match: %{type: "js-hardcoded-secret-api-key", context: %{node_type: "VariableDeclarator", depth: 3, parent_type: "VariableDeclaration"}, location: %{depth: 3, end_column: 1528, end_line: 1, start_line: 1, start_column: 1517}, severity: "high", pattern_id: "js-hardcoded-secret-api-key", pattern_name: "Hardcoded API Key", recommendation: "Review this code for potential security issues", confidence: 0.9, pattern_type: :hardcoded_secret}
18:48:57.935 [debug] Match confidence: 0.1848, min_confidence: 0.7, match: %{type: "js-hardcoded-secret-api-key", context: %{node_type: "VariableDeclarator", depth: 3, parent_type: "VariableDeclaration"}, location: %{depth: 3, end_column: 1545, end_line: 1, start_line: 1, start_column: 1534}, severity: "high", pattern_id: "js-hardcoded-secret-api-key", pattern_name: "Hardcoded API Key", recommendation: "Review this code for potential security issues", confidence: 0.9, pattern_type: :hardcoded_secret}
18:48:57.935 [debug] Match confidence: 0.1848, min_confidence: 0.7, match: %{type: "js-hardcoded-secret-api-key", context: %{node_type: "VariableDeclarator", depth: 3, parent_type: "VariableDeclaration"}, location: %{depth: 3, end_column: 1562, end_line: 1, start_line: 1, start_column: 1551}, severity: "high", pattern_id: "js-hardcoded-secret-api-key", pattern_name: "Hardcoded API Key", recommendation: "Review this code for potential security issues", confidence: 0.9, pattern_type: :hardcoded_secret}
18:48:57.935 [debug] Match confidence: 0.1848, min_confidence: 0.7, match: %{type: "js-hardcoded-secret-api-key", context: %{node_type: "VariableDeclarator", depth: 3, parent_type: "VariableDeclaration"}, location: %{depth: 3, end_column: 1579, end_line: 1, start_line: 1, start_column: 1568}, severity: "high", pattern_id: "js-hardcoded-secret-api-key", pattern_name: "Hardcoded API Key", recommendation: "Review this code for potential security issues", confidence: 0.9, pattern_type: :hardcoded_secret}
18:48:57.935 [debug] Match confidence: 0.1848, min_confidence: 0.7, match: %{type: "js-hardcoded-secret-api-key", context: %{node_type: "VariableDeclarator", depth: 3, parent_type: "VariableDeclaration"}, location: %{depth: 3, end_column: 1596, end_line: 1, start_line: 1, start_column: 1585}, severity: "high", pattern_id: "js-hardcoded-secret-api-key", pattern_name: "Hardcoded API Key", recommendation: "Review this code for potential security issues", confidence: 0.9, pattern_type: :hardcoded_secret}
18:48:57.935 [debug] Match confidence: 0.1848, min_confidence: 0.7, match: %{type: "js-hardcoded-secret-api-key", context: %{node_type: "VariableDeclarator", depth: 3, parent_type: "VariableDeclaration"}, location: %{depth: 3, end_column: 1613, end_line: 1, start_line: 1, start_column: 1602}, severity: "high", pattern_id: "js-hardcoded-secret-api-key", pattern_name: "Hardcoded API Key", recommendation: "Review this code for potential security issues", confidence: 0.9, pattern_type: :hardcoded_secret}
18:48:57.935 [debug] Match confidence: 0.1848, min_confidence: 0.7, match: %{type: "js-hardcoded-secret-api-key", context: %{node_type: "VariableDeclarator", depth: 3, parent_type: "VariableDeclaration"}, location: %{depth: 3, end_column: 1630, end_line: 1, start_line: 1, start_column: 1619}, severity: "high", pattern_id: "js-hardcoded-secret-api-key", pattern_name: "Hardcoded API Key", recommendation: "Review this code for potential security issues", confidence: 0.9, pattern_type: :hardcoded_secret}
18:48:57.935 [debug] Match confidence: 0.1848, min_confidence: 0.7, match: %{type: "js-hardcoded-secret-api-key", context: %{node_type: "VariableDeclarator", depth: 3, parent_type: "VariableDeclaration"}, location: %{depth: 3, end_column: 1647, end_line: 1, start_line: 1, start_column: 1636}, severity: "high", pattern_id: "js-hardcoded-secret-api-key", pattern_name: "Hardcoded API Key", recommendation: "Review this code for potential security issues", confidence: 0.9, pattern_type: :hardcoded_secret}
18:48:57.935 [debug] Match confidence: 0.1848, min_confidence: 0.7, match: %{type: "js-hardcoded-secret-api-key", context: %{node_type: "VariableDeclarator", depth: 3, parent_type: "VariableDeclaration"}, location: %{depth: 3, end_column: 1664, end_line: 1, start_line: 1, start_column: 1653}, severity: "high", pattern_id: "js-hardcoded-secret-api-key", pattern_name: "Hardcoded API Key", recommendation: "Review this code for potential security issues", confidence: 0.9, pattern_type: :hardcoded_secret}
18:48:57.935 [debug] Match confidence: 0.1848, min_confidence: 0.7, match: %{type: "js-hardcoded-secret-api-key", context: %{node_type: "VariableDeclarator", depth: 3, parent_type: "VariableDeclaration"}, location: %{depth: 3, end_column: 1681, end_line: 1, start_line: 1, start_column: 1670}, severity: "high", pattern_id: "js-hardcoded-secret-api-key", pattern_name: "Hardcoded API Key", recommendation: "Review this code for potential security issues", confidence: 0.9, pattern_type: :hardcoded_secret}
18:48:57.935 [debug] Match confidence: 0.1848, min_confidence: 0.7, match: %{type: "js-hardcoded-secret-api-key", context: %{node_type: "VariableDeclarator", depth: 3, parent_type: "VariableDeclaration"}, location: %{depth: 3, end_column: 1698, end_line: 1, start_line: 1, start_column: 1687}, severity: "high", pattern_id: "js-hardcoded-secret-api-key", pattern_name: "Hardcoded API Key", recommendation: "Review this code for potential security issues", confidence: 0.9, pattern_type: :hardcoded_secret}
18:48:58.067 [debug] Parser response received
18:48:58.067 [info] AnalysisService: Loaded 30 patterns for javascript
18:48:58.127 [info] AnalysisService: Found 200 matches
18:48:58.127 [debug] Match confidence: 0.1848, min_confidence: 0.7, match: %{type: "js-hardcoded-secret-password", context: %{node_type: "VariableDeclarator", depth: 3, parent_type: "VariableDeclaration"}, location: %{depth: 3, end_column: 15, end_line: 1, start_line: 1, start_column: 4}, severity: "high", pattern_id: "js-hardcoded-secret-password", pattern_name: "Hardcoded Password", recommendation: "Review this code for potential security issues", confidence: 0.9, pattern_type: :hardcoded_secret}
18:48:58.127 [debug] Match confidence: 0.1848, min_confidence: 0.7, match: %{type: "js-hardcoded-secret-password", context: %{node_type: "VariableDeclarator", depth: 3, parent_type: "VariableDeclaration"}, location: %{depth: 3, end_column: 32, end_line: 1, start_line: 1, start_column: 21}, severity: "high", pattern_id: "js-hardcoded-secret-password", pattern_name: "Hardcoded Password", recommendation: "Review this code for potential security issues", confidence: 0.9, pattern_type: :hardcoded_secret}
18:48:58.127 [debug] Match confidence: 0.1848, min_confidence: 0.7, match: %{type: "js-hardcoded-secret-password", context: %{node_type: "VariableDeclarator", depth: 3, parent_type: "VariableDeclaration"}, location: %{depth: 3, end_column: 49, end_line: 1, start_line: 1, start_column: 38}, severity: "high", pattern_id: "js-hardcoded-secret-password", pattern_name: "Hardcoded Password", recommendation: "Review this code for potential security issues", confidence: 0.9, pattern_type: :hardcoded_secret}
18:48:58.127 [debug] Match confidence: 0.1848, min_confidence: 0.7, match: %{type: "js-hardcoded-secret-password", context: %{node_type: "VariableDeclarator", depth: 3, parent_type: "VariableDeclaration"}, location: %{depth: 3, end_column: 66, end_line: 1, start_line: 1, start_column: 55}, severity: "high", pattern_id: "js-hardcoded-secret-password", pattern_name: "Hardcoded Password", recommendation: "Review this code for potential security issues", confidence: 0.9, pattern_type: :hardcoded_secret}
18:48:58.127 [debug] Match confidence: 0.1848, min_confidence: 0.7, match: %{type: "js-hardcoded-secret-password", context: %{node_type: "VariableDeclarator", depth: 3, parent_type: "VariableDeclaration"}, location: %{depth: 3, end_column: 83, end_line: 1, start_line: 1, start_column: 72}, severity: "high", pattern_id: "js-hardcoded-secret-password", pattern_name: "Hardcoded Password", recommendation: "Review this code for potential security issues", confidence: 0.9, pattern_type: :hardcoded_secret}
18:48:58.127 [debug] Match confidence: 0.1848, min_confidence: 0.7, match: %{type: "js-hardcoded-secret-password", context: %{node_type: "VariableDeclarator", depth: 3, parent_type: "VariableDeclaration"}, location: %{depth: 3, end_column: 100, end_line: 1, start_line: 1, start_column: 89}, severity: "high", pattern_id: "js-hardcoded-secret-password", pattern_name: "Hardcoded Password", recommendation: "Review this code for potential security issues", confidence: 0.9, pattern_type: :hardcoded_secret}
18:48:58.127 [debug] Match confidence: 0.1848, min_confidence: 0.7, match: %{type: "js-hardcoded-secret-password", context: %{node_type: "VariableDeclarator", depth: 3, parent_type: "VariableDeclaration"}, location: %{depth: 3, end_column: 117, end_line: 1, start_line: 1, start_column: 106}, severity: "high", pattern_id: "js-hardcoded-secret-password", pattern_name: "Hardcoded Password", recommendation: "Review this code for potential security issues", confidence: 0.9, pattern_type: :hardcoded_secret}
18:48:58.127 [debug] Match confidence: 0.1848, min_confidence: 0.7, match: %{type: "js-hardcoded-secret-password", context: %{node_type: "VariableDeclarator", depth: 3, parent_type: "VariableDeclaration"}, location: %{depth: 3, end_column: 134, end_line: 1, start_line: 1, start_column: 123}, severity: "high", pattern_id: "js-hardcoded-secret-password", pattern_name: "Hardcoded Password", recommendation: "Review this code for potential security issues", confidence: 0.9, pattern_type: :hardcoded_secret}
18:48:58.127 [debug] Match confidence: 0.1848, min_confidence: 0.7, match: %{type: "js-hardcoded-secret-password", context: %{node_type: "VariableDeclarator", depth: 3, parent_type: "VariableDeclaration"}, location: %{depth: 3, end_column: 151, end_line: 1, start_line: 1, start_column: 140}, severity: "high", pattern_id: "js-hardcoded-secret-password", pattern_name: "Hardcoded Password", recommendation: "Review this code for potential security issues", confidence: 0.9, pattern_type: :hardcoded_secret}
18:48:58.127 [debug] Match confidence: 0.1848, min_confidence: 0.7, match: %{type: "js-hardcoded-secret-password", context: %{node_type: "VariableDeclarator", depth: 3, parent_type: "VariableDeclaration"}, location: %{depth: 3, end_column: 168, end_line: 1, start_line: 1, start_column: 157}, severity: "high", pattern_id: "js-hardcoded-secret-password", pattern_name: "Hardcoded Password", recommendation: "Review this code for potential security issues", confidence: 0.9, pattern_type: :hardcoded_secret}
18:48:58.127 [debug] Match confidence: 0.1848, min_confidence: 0.7, match: %{type: "js-hardcoded-secret-password", context: %{node_type: "VariableDeclarator", depth: 3, parent_type: "VariableDeclaration"}, location: %{depth: 3, end_column: 185, end_line: 1, start_line: 1, start_column: 174}, severity: "high", pattern_id: "js-hardcoded-secret-password", pattern_name: "Hardcoded Password", recommendation: "Review this code for potential security issues", confidence: 0.9, pattern_type: :hardcoded_secret}
18:48:58.127 [debug] Match confidence: 0.1848, min_confidence: 0.7, match: %{type: "js-hardcoded-secret-password", context: %{node_type: "VariableDeclarator", depth: 3, parent_type: "VariableDeclaration"}, location: %{depth: 3, end_column: 202, end_line: 1, start_line: 1, start_column: 191}, severity: "high", pattern_id: "js-hardcoded-secret-password", pattern_name: "Hardcoded Password", recommendation: "Review this code for potential security issues", confidence: 0.9, pattern_type: :hardcoded_secret}
18:48:58.127 [debug] Match confidence: 0.1848, min_confidence: 0.7, match: %{type: "js-hardcoded-secret-password", context: %{node_type: "VariableDeclarator", depth: 3, parent_type: "VariableDeclaration"}, location: %{depth: 3, end_column: 219, end_line: 1, start_line: 1, start_column: 208}, severity: "high", pattern_id: "js-hardcoded-secret-password", pattern_name: "Hardcoded Password", recommendation: "Review this code for potential security issues", confidence: 0.9, pattern_type: :hardcoded_secret}
18:48:58.127 [debug] Match confidence: 0.1848, min_confidence: 0.7, match: %{type: "js-hardcoded-secret-password", context: %{node_type: "VariableDeclarator", depth: 3, parent_type: "VariableDeclaration"}, location: %{depth: 3, end_column: 236, end_line: 1, start_line: 1, start_column: 225}, severity: "high", pattern_id: "js-hardcoded-secret-password", pattern_name: "Hardcoded Password", recommendation: "Review this code for potential security issues", confidence: 0.9, pattern_type: :hardcoded_secret}
18:48:58.127 [debug] Match confidence: 0.1848, min_confidence: 0.7, match: %{type: "js-hardcoded-secret-password", context: %{node_type: "VariableDeclarator", depth: 3, parent_type: "VariableDeclaration"}, location: %{depth: 3, end_column: 253, end_line: 1, start_line: 1, start_column: 242}, severity: "high", pattern_id: "js-hardcoded-secret-password", pattern_name: "Hardcoded Password", recommendation: "Review this code for potential security issues", confidence: 0.9, pattern_type: :hardcoded_secret}
18:48:58.127 [debug] Match confidence: 0.1848, min_confidence: 0.7, match: %{type: "js-hardcoded-secret-password", context: %{node_type: "VariableDeclarator", depth: 3, parent_type: "VariableDeclaration"}, location: %{depth: 3, end_column: 270, end_line: 1, start_line: 1, start_column: 259}, severity: "high", pattern_id: "js-hardcoded-secret-password", pattern_name: "Hardcoded Password", recommendation: "Review this code for potential security issues", confidence: 0.9, pattern_type: :hardcoded_secret}
18:48:58.127 [debug] Match confidence: 0.1848, min_confidence: 0.7, match: %{type: "js-hardcoded-secret-password", context: %{node_type: "VariableDeclarator", depth: 3, parent_type: "VariableDeclaration"}, location: %{depth: 3, end_column: 287, end_line: 1, start_line: 1, start_column: 276}, severity: "high", pattern_id: "js-hardcoded-secret-password", pattern_name: "Hardcoded Password", recommendation: "Review this code for potential security issues", confidence: 0.9, pattern_type: :hardcoded_secret}
18:48:58.127 [debug] Match confidence: 0.1848, min_confidence: 0.7, match: %{type: "js-hardcoded-secret-password", context: %{node_type: "VariableDeclarator", depth: 3, parent_type: "VariableDeclaration"}, location: %{depth: 3, end_column: 304, end_line: 1, start_line: 1, start_column: 293}, severity: "high", pattern_id: "js-hardcoded-secret-password", pattern_name: "Hardcoded Password", recommendation: "Review this code for potential security issues", confidence: 0.9, pattern_type: :hardcoded_secret}
18:48:58.127 [debug] Match confidence: 0.1848, min_confidence: 0.7, match: %{type: "js-hardcoded-secret-password", context: %{node_type: "VariableDeclarator", depth: 3, parent_type: "VariableDeclaration"}, location: %{depth: 3, end_column: 321, end_line: 1, start_line: 1, start_column: 310}, severity: "high", pattern_id: "js-hardcoded-secret-password", pattern_name: "Hardcoded Password", recommendation: "Review this code for potential security issues", confidence: 0.9, pattern_type: :hardcoded_secret}
18:48:58.127 [debug] Match confidence: 0.1848, min_confidence: 0.7, match: %{type: "js-hardcoded-secret-password", context: %{node_type: "VariableDeclarator", depth: 3, parent_type: "VariableDeclaration"}, location: %{depth: 3, end_column: 338, end_line: 1, start_line: 1, start_column: 327}, severity: "high", pattern_id: "js-hardcoded-secret-password", pattern_name: "Hardcoded Password", recommendation: "Review this code for potential security issues", confidence: 0.9, pattern_type: :hardcoded_secret}
18:48:58.127 [debug] Match confidence: 0.1848, min_confidence: 0.7, match: %{type: "js-hardcoded-secret-password", context: %{node_type: "VariableDeclarator", depth: 3, parent_type: "VariableDeclaration"}, location: %{depth: 3, end_column: 355, end_line: 1, start_line: 1, start_column: 344}, severity: "high", pattern_id: "js-hardcoded-secret-password", pattern_name: "Hardcoded Password", recommendation: "Review this code for potential security issues", confidence: 0.9, pattern_type: :hardcoded_secret}
18:48:58.128 [debug] Match confidence: 0.1848, min_confidence: 0.7, match: %{type: "js-hardcoded-secret-password", context: %{node_type: "VariableDeclarator", depth: 3, parent_type: "VariableDeclaration"}, location: %{depth: 3, end_column: 372, end_line: 1, start_line: 1, start_column: 361}, severity: "high", pattern_id: "js-hardcoded-secret-password", pattern_name: "Hardcoded Password", recommendation: "Review this code for potential security issues", confidence: 0.9, pattern_type: :hardcoded_secret}
18:48:58.128 [debug] Match confidence: 0.1848, min_confidence: 0.7, match: %{type: "js-hardcoded-secret-password", context: %{node_type: "VariableDeclarator", depth: 3, parent_type: "VariableDeclaration"}, location: %{depth: 3, end_column: 389, end_line: 1, start_line: 1, start_column: 378}, severity: "high", pattern_id: "js-hardcoded-secret-password", pattern_name: "Hardcoded Password", recommendation: "Review this code for potential security issues", confidence: 0.9, pattern_type: :hardcoded_secret}
18:48:58.128 [debug] Match confidence: 0.1848, min_confidence: 0.7, match: %{type: "js-hardcoded-secret-password", context: %{node_type: "VariableDeclarator", depth: 3, parent_type: "VariableDeclaration"}, location: %{depth: 3, end_column: 406, end_line: 1, start_line: 1, start_column: 395}, severity: "high", pattern_id: "js-hardcoded-secret-password", pattern_name: "Hardcoded Password", recommendation: "Review this code for potential security issues", confidence: 0.9, pattern_type: :hardcoded_secret}
18:48:58.128 [debug] Match confidence: 0.1848, min_confidence: 0.7, match: %{type: "js-hardcoded-secret-password", context: %{node_type: "VariableDeclarator", depth: 3, parent_type: "VariableDeclaration"}, location: %{depth: 3, end_column: 423, end_line: 1, start_line: 1, start_column: 412}, severity: "high", pattern_id: "js-hardcoded-secret-password", pattern_name: "Hardcoded Password", recommendation: "Review this code for potential security issues", confidence: 0.9, pattern_type: :hardcoded_secret}
18:48:58.128 [debug] Match confidence: 0.1848, min_confidence: 0.7, match: %{type: "js-hardcoded-secret-password", context: %{node_type: "VariableDeclarator", depth: 3, parent_type: "VariableDeclaration"}, location: %{depth: 3, end_column: 440, end_line: 1, start_line: 1, start_column: 429}, severity: "high", pattern_id: "js-hardcoded-secret-password", pattern_name: "Hardcoded Password", recommendation: "Review this code for potential security issues", confidence: 0.9, pattern_type: :hardcoded_secret}
18:48:58.128 [debug] Match confidence: 0.1848, min_confidence: 0.7, match: %{type: "js-hardcoded-secret-password", context: %{node_type: "VariableDeclarator", depth: 3, parent_type: "VariableDeclaration"}, location: %{depth: 3, end_column: 457, end_line: 1, start_line: 1, start_column: 446}, severity: "high", pattern_id: "js-hardcoded-secret-password", pattern_name: "Hardcoded Password", recommendation: "Review this code for potential security issues", confidence: 0.9, pattern_type: :hardcoded_secret}
18:48:58.128 [debug] Match confidence: 0.1848, min_confidence: 0.7, match: %{type: "js-hardcoded-secret-password", context: %{node_type: "VariableDeclarator", depth: 3, parent_type: "VariableDeclaration"}, location: %{depth: 3, end_column: 474, end_line: 1, start_line: 1, start_column: 463}, severity: "high", pattern_id: "js-hardcoded-secret-password", pattern_name: "Hardcoded Password", recommendation: "Review this code for potential security issues", confidence: 0.9, pattern_type: :hardcoded_secret}
18:48:58.128 [debug] Match confidence: 0.1848, min_confidence: 0.7, match: %{type: "js-hardcoded-secret-password", context: %{node_type: "VariableDeclarator", depth: 3, parent_type: "VariableDeclaration"}, location: %{depth: 3, end_column: 491, end_line: 1, start_line: 1, start_column: 480}, severity: "high", pattern_id: "js-hardcoded-secret-password", pattern_name: "Hardcoded Password", recommendation: "Review this code for potential security issues", confidence: 0.9, pattern_type: :hardcoded_secret}
18:48:58.128 [debug] Match confidence: 0.1848, min_confidence: 0.7, match: %{type: "js-hardcoded-secret-password", context: %{node_type: "VariableDeclarator", depth: 3, parent_type: "VariableDeclaration"}, location: %{depth: 3, end_column: 508, end_line: 1, start_line: 1, start_column: 497}, severity: "high", pattern_id: "js-hardcoded-secret-password", pattern_name: "Hardcoded Password", recommendation: "Review this code for potential security issues", confidence: 0.9, pattern_type: :hardcoded_secret}
18:48:58.128 [debug] Match confidence: 0.1848, min_confidence: 0.7, match: %{type: "js-hardcoded-secret-password", context: %{node_type: "VariableDeclarator", depth: 3, parent_type: "VariableDeclaration"}, location: %{depth: 3, end_column: 525, end_line: 1, start_line: 1, start_column: 514}, severity: "high", pattern_id: "js-hardcoded-secret-password", pattern_name: "Hardcoded Password", recommendation: "Review this code for potential security issues", confidence: 0.9, pattern_type: :hardcoded_secret}
18:48:58.128 [debug] Match confidence: 0.1848, min_confidence: 0.7, match: %{type: "js-hardcoded-secret-password", context: %{node_type: "VariableDeclarator", depth: 3, parent_type: "VariableDeclaration"}, location: %{depth: 3, end_column: 542, end_line: 1, start_line: 1, start_column: 531}, severity: "high", pattern_id: "js-hardcoded-secret-password", pattern_name: "Hardcoded Password", recommendation: "Review this code for potential security issues", confidence: 0.9, pattern_type: :hardcoded_secret}
18:48:58.128 [debug] Match confidence: 0.1848, min_confidence: 0.7, match: %{type: "js-hardcoded-secret-password", context: %{node_type: "VariableDeclarator", depth: 3, parent_type: "VariableDeclaration"}, location: %{depth: 3, end_column: 559, end_line: 1, start_line: 1, start_column: 548}, severity: "high", pattern_id: "js-hardcoded-secret-password", pattern_name: "Hardcoded Password", recommendation: "Review this code for potential security issues", confidence: 0.9, pattern_type: :hardcoded_secret}
18:48:58.128 [debug] Match confidence: 0.1848, min_confidence: 0.7, match: %{type: "js-hardcoded-secret-password", context: %{node_type: "VariableDeclarator", depth: 3, parent_type: "VariableDeclaration"}, location: %{depth: 3, end_column: 576, end_line: 1, start_line: 1, start_column: 565}, severity: "high", pattern_id: "js-hardcoded-secret-password", pattern_name: "Hardcoded Password", recommendation: "Review this code for potential security issues", confidence: 0.9, pattern_type: :hardcoded_secret}
18:48:58.128 [debug] Match confidence: 0.1848, min_confidence: 0.7, match: %{type: "js-hardcoded-secret-password", context: %{node_type: "VariableDeclarator", depth: 3, parent_type: "VariableDeclaration"}, location: %{depth: 3, end_column: 593, end_line: 1, start_line: 1, start_column: 582}, severity: "high", pattern_id: "js-hardcoded-secret-password", pattern_name: "Hardcoded Password", recommendation: "Review this code for potential security issues", confidence: 0.9, pattern_type: :hardcoded_secret}
18:48:58.128 [debug] Match confidence: 0.1848, min_confidence: 0.7, match: %{type: "js-hardcoded-secret-password", context: %{node_type: "VariableDeclarator", depth: 3, parent_type: "VariableDeclaration"}, location: %{depth: 3, end_column: 610, end_line: 1, start_line: 1, start_column: 599}, severity: "high", pattern_id: "js-hardcoded-secret-password", pattern_name: "Hardcoded Password", recommendation: "Review this code for potential security issues", confidence: 0.9, pattern_type: :hardcoded_secret}
18:48:58.128 [debug] Match confidence: 0.1848, min_confidence: 0.7, match: %{type: "js-hardcoded-secret-password", context: %{node_type: "VariableDeclarator", depth: 3, parent_type: "VariableDeclaration"}, location: %{depth: 3, end_column: 627, end_line: 1, start_line: 1, start_column: 616}, severity: "high", pattern_id: "js-hardcoded-secret-password", pattern_name: "Hardcoded Password", recommendation: "Review this code for potential security issues", confidence: 0.9, pattern_type: :hardcoded_secret}
18:48:58.128 [debug] Match confidence: 0.1848, min_confidence: 0.7, match: %{type: "js-hardcoded-secret-password", context: %{node_type: "VariableDeclarator", depth: 3, parent_type: "VariableDeclaration"}, location: %{depth: 3, end_column: 644, end_line: 1, start_line: 1, start_column: 633}, severity: "high", pattern_id: "js-hardcoded-secret-password", pattern_name: "Hardcoded Password", recommendation: "Review this code for potential security issues", confidence: 0.9, pattern_type: :hardcoded_secret}
18:48:58.128 [debug] Match confidence: 0.1848, min_confidence: 0.7, match: %{type: "js-hardcoded-secret-password", context: %{node_type: "VariableDeclarator", depth: 3, parent_type: "VariableDeclaration"}, location: %{depth: 3, end_column: 661, end_line: 1, start_line: 1, start_column: 650}, severity: "high", pattern_id: "js-hardcoded-secret-password", pattern_name: "Hardcoded Password", recommendation: "Review this code for potential security issues", confidence: 0.9, pattern_type: :hardcoded_secret}
18:48:58.128 [debug] Match confidence: 0.1848, min_confidence: 0.7, match: %{type: "js-hardcoded-secret-password", context: %{node_type: "VariableDeclarator", depth: 3, parent_type: "VariableDeclaration"}, location: %{depth: 3, end_column: 678, end_line: 1, start_line: 1, start_column: 667}, severity: "high", pattern_id: "js-hardcoded-secret-password", pattern_name: "Hardcoded Password", recommendation: "Review this code for potential security issues", confidence: 0.9, pattern_type: :hardcoded_secret}
18:48:58.128 [debug] Match confidence: 0.1848, min_confidence: 0.7, match: %{type: "js-hardcoded-secret-password", context: %{node_type: "VariableDeclarator", depth: 3, parent_type: "VariableDeclaration"}, location: %{depth: 3, end_column: 695, end_line: 1, start_line: 1, start_column: 684}, severity: "high", pattern_id: "js-hardcoded-secret-password", pattern_name: "Hardcoded Password", recommendation: "Review this code for potential security issues", confidence: 0.9, pattern_type: :hardcoded_secret}
18:48:58.128 [debug] Match confidence: 0.1848, min_confidence: 0.7, match: %{type: "js-hardcoded-secret-password", context: %{node_type: "VariableDeclarator", depth: 3, parent_type: "VariableDeclaration"}, location: %{depth: 3, end_column: 712, end_line: 1, start_line: 1, start_column: 701}, severity: "high", pattern_id: "js-hardcoded-secret-password", pattern_name: "Hardcoded Password", recommendation: "Review this code for potential security issues", confidence: 0.9, pattern_type: :hardcoded_secret}
18:48:58.128 [debug] Match confidence: 0.1848, min_confidence: 0.7, match: %{type: "js-hardcoded-secret-password", context: %{node_type: "VariableDeclarator", depth: 3, parent_type: "VariableDeclaration"}, location: %{depth: 3, end_column: 729, end_line: 1, start_line: 1, start_column: 718}, severity: "high", pattern_id: "js-hardcoded-secret-password", pattern_name: "Hardcoded Password", recommendation: "Review this code for potential security issues", confidence: 0.9, pattern_type: :hardcoded_secret}
18:48:58.129 [debug] Match confidence: 0.1848, min_confidence: 0.7, match: %{type: "js-hardcoded-secret-password", context: %{node_type: "VariableDeclarator", depth: 3, parent_type: "VariableDeclaration"}, location: %{depth: 3, end_column: 746, end_line: 1, start_line: 1, start_column: 735}, severity: "high", pattern_id: "js-hardcoded-secret-password", pattern_name: "Hardcoded Password", recommendation: "Review this code for potential security issues", confidence: 0.9, pattern_type: :hardcoded_secret}
18:48:58.129 [debug] Match confidence: 0.1848, min_confidence: 0.7, match: %{type: "js-hardcoded-secret-password", context: %{node_type: "VariableDeclarator", depth: 3, parent_type: "VariableDeclaration"}, location: %{depth: 3, end_column: 763, end_line: 1, start_line: 1, start_column: 752}, severity: "high", pattern_id: "js-hardcoded-secret-password", pattern_name: "Hardcoded Password", recommendation: "Review this code for potential security issues", confidence: 0.9, pattern_type: :hardcoded_secret}
18:48:58.129 [debug] Match confidence: 0.1848, min_confidence: 0.7, match: %{type: "js-hardcoded-secret-password", context: %{node_type: "VariableDeclarator", depth: 3, parent_type: "VariableDeclaration"}, location: %{depth: 3, end_column: 780, end_line: 1, start_line: 1, start_column: 769}, severity: "high", pattern_id: "js-hardcoded-secret-password", pattern_name: "Hardcoded Password", recommendation: "Review this code for potential security issues", confidence: 0.9, pattern_type: :hardcoded_secret}
18:48:58.129 [debug] Match confidence: 0.1848, min_confidence: 0.7, match: %{type: "js-hardcoded-secret-password", context: %{node_type: "VariableDeclarator", depth: 3, parent_type: "VariableDeclaration"}, location: %{depth: 3, end_column: 797, end_line: 1, start_line: 1, start_column: 786}, severity: "high", pattern_id: "js-hardcoded-secret-password", pattern_name: "Hardcoded Password", recommendation: "Review this code for potential security issues", confidence: 0.9, pattern_type: :hardcoded_secret}
18:48:58.129 [debug] Match confidence: 0.1848, min_confidence: 0.7, match: %{type: "js-hardcoded-secret-password", context: %{node_type: "VariableDeclarator", depth: 3, parent_type: "VariableDeclaration"}, location: %{depth: 3, end_column: 814, end_line: 1, start_line: 1, start_column: 803}, severity: "high", pattern_id: "js-hardcoded-secret-password", pattern_name: "Hardcoded Password", recommendation: "Review this code for potential security issues", confidence: 0.9, pattern_type: :hardcoded_secret}
18:48:58.129 [debug] Match confidence: 0.1848, min_confidence: 0.7, match: %{type: "js-hardcoded-secret-password", context: %{node_type: "VariableDeclarator", depth: 3, parent_type: "VariableDeclaration"}, location: %{depth: 3, end_column: 831, end_line: 1, start_line: 1, start_column: 820}, severity: "high", pattern_id: "js-hardcoded-secret-password", pattern_name: "Hardcoded Password", recommendation: "Review this code for potential security issues", confidence: 0.9, pattern_type: :hardcoded_secret}
18:48:58.129 [debug] Match confidence: 0.1848, min_confidence: 0.7, match: %{type: "js-hardcoded-secret-password", context: %{node_type: "VariableDeclarator", depth: 3, parent_type: "VariableDeclaration"}, location: %{depth: 3, end_column: 848, end_line: 1, start_line: 1, start_column: 837}, severity: "high", pattern_id: "js-hardcoded-secret-password", pattern_name: "Hardcoded Password", recommendation: "Review this code for potential security issues", confidence: 0.9, pattern_type: :hardcoded_secret}
18:48:58.129 [debug] Match confidence: 0.1848, min_confidence: 0.7, match: %{type: "js-hardcoded-secret-password", context: %{node_type: "VariableDeclarator", depth: 3, parent_type: "VariableDeclaration"}, location: %{depth: 3, end_column: 865, end_line: 1, start_line: 1, start_column: 854}, severity: "high", pattern_id: "js-hardcoded-secret-password", pattern_name: "Hardcoded Password", recommendation: "Review this code for potential security issues", confidence: 0.9, pattern_type: :hardcoded_secret}
18:48:58.129 [debug] Match confidence: 0.1848, min_confidence: 0.7, match: %{type: "js-hardcoded-secret-password", context: %{node_type: "VariableDeclarator", depth: 3, parent_type: "VariableDeclaration"}, location: %{depth: 3, end_column: 882, end_line: 1, start_line: 1, start_column: 871}, severity: "high", pattern_id: "js-hardcoded-secret-password", pattern_name: "Hardcoded Password", recommendation: "Review this code for potential security issues", confidence: 0.9, pattern_type: :hardcoded_secret}
18:48:58.129 [debug] Match confidence: 0.1848, min_confidence: 0.7, match: %{type: "js-hardcoded-secret-password", context: %{node_type: "VariableDeclarator", depth: 3, parent_type: "VariableDeclaration"}, location: %{depth: 3, end_column: 899, end_line: 1, start_line: 1, start_column: 888}, severity: "high", pattern_id: "js-hardcoded-secret-password", pattern_name: "Hardcoded Password", recommendation: "Review this code for potential security issues", confidence: 0.9, pattern_type: :hardcoded_secret}
18:48:58.129 [debug] Match confidence: 0.1848, min_confidence: 0.7, match: %{type: "js-hardcoded-secret-password", context: %{node_type: "VariableDeclarator", depth: 3, parent_type: "VariableDeclaration"}, location: %{depth: 3, end_column: 916, end_line: 1, start_line: 1, start_column: 905}, severity: "high", pattern_id: "js-hardcoded-secret-password", pattern_name: "Hardcoded Password", recommendation: "Review this code for potential security issues", confidence: 0.9, pattern_type: :hardcoded_secret}
18:48:58.129 [debug] Match confidence: 0.1848, min_confidence: 0.7, match: %{type: "js-hardcoded-secret-password", context: %{node_type: "VariableDeclarator", depth: 3, parent_type: "VariableDeclaration"}, location: %{depth: 3, end_column: 933, end_line: 1, start_line: 1, start_column: 922}, severity: "high", pattern_id: "js-hardcoded-secret-password", pattern_name: "Hardcoded Password", recommendation: "Review this code for potential security issues", confidence: 0.9, pattern_type: :hardcoded_secret}
18:48:58.129 [debug] Match confidence: 0.1848, min_confidence: 0.7, match: %{type: "js-hardcoded-secret-password", context: %{node_type: "VariableDeclarator", depth: 3, parent_type: "VariableDeclaration"}, location: %{depth: 3, end_column: 950, end_line: 1, start_line: 1, start_column: 939}, severity: "high", pattern_id: "js-hardcoded-secret-password", pattern_name: "Hardcoded Password", recommendation: "Review this code for potential security issues", confidence: 0.9, pattern_type: :hardcoded_secret}
18:48:58.129 [debug] Match confidence: 0.1848, min_confidence: 0.7, match: %{type: "js-hardcoded-secret-password", context: %{node_type: "VariableDeclarator", depth: 3, parent_type: "VariableDeclaration"}, location: %{depth: 3, end_column: 967, end_line: 1, start_line: 1, start_column: 956}, severity: "high", pattern_id: "js-hardcoded-secret-password", pattern_name: "Hardcoded Password", recommendation: "Review this code for potential security issues", confidence: 0.9, pattern_type: :hardcoded_secret}
18:48:58.129 [debug] Match confidence: 0.1848, min_confidence: 0.7, match: %{type: "js-hardcoded-secret-password", context: %{node_type: "VariableDeclarator", depth: 3, parent_type: "VariableDeclaration"}, location: %{depth: 3, end_column: 984, end_line: 1, start_line: 1, start_column: 973}, severity: "high", pattern_id: "js-hardcoded-secret-password", pattern_name: "Hardcoded Password", recommendation: "Review this code for potential security issues", confidence: 0.9, pattern_type: :hardcoded_secret}
18:48:58.129 [debug] Match confidence: 0.1848, min_confidence: 0.7, match: %{type: "js-hardcoded-secret-password", context: %{node_type: "VariableDeclarator", depth: 3, parent_type: "VariableDeclaration"}, location: %{depth: 3, end_column: 1001, end_line: 1, start_line: 1, start_column: 990}, severity: "high", pattern_id: "js-hardcoded-secret-password", pattern_name: "Hardcoded Password", recommendation: "Review this code for potential security issues", confidence: 0.9, pattern_type: :hardcoded_secret}
18:48:58.129 [debug] Match confidence: 0.1848, min_confidence: 0.7, match: %{type: "js-hardcoded-secret-password", context: %{node_type: "VariableDeclarator", depth: 3, parent_type: "VariableDeclaration"}, location: %{depth: 3, end_column: 1018, end_line: 1, start_line: 1, start_column: 1007}, severity: "high", pattern_id: "js-hardcoded-secret-password", pattern_name: "Hardcoded Password", recommendation: "Review this code for potential security issues", confidence: 0.9, pattern_type: :hardcoded_secret}
18:48:58.129 [debug] Match confidence: 0.1848, min_confidence: 0.7, match: %{type: "js-hardcoded-secret-password", context: %{node_type: "VariableDeclarator", depth: 3, parent_type: "VariableDeclaration"}, location: %{depth: 3, end_column: 1035, end_line: 1, start_line: 1, start_column: 1024}, severity: "high", pattern_id: "js-hardcoded-secret-password", pattern_name: "Hardcoded Password", recommendation: "Review this code for potential security issues", confidence: 0.9, pattern_type: :hardcoded_secret}
18:48:58.129 [debug] Match confidence: 0.1848, min_confidence: 0.7, match: %{type: "js-hardcoded-secret-password", context: %{node_type: "VariableDeclarator", depth: 3, parent_type: "VariableDeclaration"}, location: %{depth: 3, end_column: 1052, end_line: 1, start_line: 1, start_column: 1041}, severity: "high", pattern_id: "js-hardcoded-secret-password", pattern_name: "Hardcoded Password", recommendation: "Review this code for potential security issues", confidence: 0.9, pattern_type: :hardcoded_secret}
18:48:58.129 [debug] Match confidence: 0.1848, min_confidence: 0.7, match: %{type: "js-hardcoded-secret-password", context: %{node_type: "VariableDeclarator", depth: 3, parent_type: "VariableDeclaration"}, location: %{depth: 3, end_column: 1069, end_line: 1, start_line: 1, start_column: 1058}, severity: "high", pattern_id: "js-hardcoded-secret-password", pattern_name: "Hardcoded Password", recommendation: "Review this code for potential security issues", confidence: 0.9, pattern_type: :hardcoded_secret}
18:48:58.129 [debug] Match confidence: 0.1848, min_confidence: 0.7, match: %{type: "js-hardcoded-secret-password", context: %{node_type: "VariableDeclarator", depth: 3, parent_type: "VariableDeclaration"}, location: %{depth: 3, end_column: 1086, end_line: 1, start_line: 1, start_column: 1075}, severity: "high", pattern_id: "js-hardcoded-secret-password", pattern_name: "Hardcoded Password", recommendation: "Review this code for potential security issues", confidence: 0.9, pattern_type: :hardcoded_secret}
18:48:58.129 [debug] Match confidence: 0.1848, min_confidence: 0.7, match: %{type: "js-hardcoded-secret-password", context: %{node_type: "VariableDeclarator", depth: 3, parent_type: "VariableDeclaration"}, location: %{depth: 3, end_column: 1103, end_line: 1, start_line: 1, start_column: 1092}, severity: "high", pattern_id: "js-hardcoded-secret-password", pattern_name: "Hardcoded Password", recommendation: "Review this code for potential security issues", confidence: 0.9, pattern_type: :hardcoded_secret}
18:48:58.130 [debug] Match confidence: 0.1848, min_confidence: 0.7, match: %{type: "js-hardcoded-secret-password", context: %{node_type: "VariableDeclarator", depth: 3, parent_type: "VariableDeclaration"}, location: %{depth: 3, end_column: 1120, end_line: 1, start_line: 1, start_column: 1109}, severity: "high", pattern_id: "js-hardcoded-secret-password", pattern_name: "Hardcoded Password", recommendation: "Review this code for potential security issues", confidence: 0.9, pattern_type: :hardcoded_secret}
18:48:58.130 [debug] Match confidence: 0.1848, min_confidence: 0.7, match: %{type: "js-hardcoded-secret-password", context: %{node_type: "VariableDeclarator", depth: 3, parent_type: "VariableDeclaration"}, location: %{depth: 3, end_column: 1137, end_line: 1, start_line: 1, start_column: 1126}, severity: "high", pattern_id: "js-hardcoded-secret-password", pattern_name: "Hardcoded Password", recommendation: "Review this code for potential security issues", confidence: 0.9, pattern_type: :hardcoded_secret}
18:48:58.130 [debug] Match confidence: 0.1848, min_confidence: 0.7, match: %{type: "js-hardcoded-secret-password", context: %{node_type: "VariableDeclarator", depth: 3, parent_type: "VariableDeclaration"}, location: %{depth: 3, end_column: 1154, end_line: 1, start_line: 1, start_column: 1143}, severity: "high", pattern_id: "js-hardcoded-secret-password", pattern_name: "Hardcoded Password", recommendation: "Review this code for potential security issues", confidence: 0.9, pattern_type: :hardcoded_secret}
18:48:58.130 [debug] Match confidence: 0.1848, min_confidence: 0.7, match: %{type: "js-hardcoded-secret-password", context: %{node_type: "VariableDeclarator", depth: 3, parent_type: "VariableDeclaration"}, location: %{depth: 3, end_column: 1171, end_line: 1, start_line: 1, start_column: 1160}, severity: "high", pattern_id: "js-hardcoded-secret-password", pattern_name: "Hardcoded Password", recommendation: "Review this code for potential security issues", confidence: 0.9, pattern_type: :hardcoded_secret}
18:48:58.130 [debug] Match confidence: 0.1848, min_confidence: 0.7, match: %{type: "js-hardcoded-secret-password", context: %{node_type: "VariableDeclarator", depth: 3, parent_type: "VariableDeclaration"}, location: %{depth: 3, end_column: 1188, end_line: 1, start_line: 1, start_column: 1177}, severity: "high", pattern_id: "js-hardcoded-secret-password", pattern_name: "Hardcoded Password", recommendation: "Review this code for potential security issues", confidence: 0.9, pattern_type: :hardcoded_secret}
18:48:58.130 [debug] Match confidence: 0.1848, min_confidence: 0.7, match: %{type: "js-hardcoded-secret-password", context: %{node_type: "VariableDeclarator", depth: 3, parent_type: "VariableDeclaration"}, location: %{depth: 3, end_column: 1205, end_line: 1, start_line: 1, start_column: 1194}, severity: "high", pattern_id: "js-hardcoded-secret-password", pattern_name: "Hardcoded Password", recommendation: "Review this code for potential security issues", confidence: 0.9, pattern_type: :hardcoded_secret}
18:48:58.130 [debug] Match confidence: 0.1848, min_confidence: 0.7, match: %{type: "js-hardcoded-secret-password", context: %{node_type: "VariableDeclarator", depth: 3, parent_type: "VariableDeclaration"}, location: %{depth: 3, end_column: 1222, end_line: 1, start_line: 1, start_column: 1211}, severity: "high", pattern_id: "js-hardcoded-secret-password", pattern_name: "Hardcoded Password", recommendation: "Review this code for potential security issues", confidence: 0.9, pattern_type: :hardcoded_secret}
18:48:58.130 [debug] Match confidence: 0.1848, min_confidence: 0.7, match: %{type: "js-hardcoded-secret-password", context: %{node_type: "VariableDeclarator", depth: 3, parent_type: "VariableDeclaration"}, location: %{depth: 3, end_column: 1239, end_line: 1, start_line: 1, start_column: 1228}, severity: "high", pattern_id: "js-hardcoded-secret-password", pattern_name: "Hardcoded Password", recommendation: "Review this code for potential security issues", confidence: 0.9, pattern_type: :hardcoded_secret}
18:48:58.130 [debug] Match confidence: 0.1848, min_confidence: 0.7, match: %{type: "js-hardcoded-secret-password", context: %{node_type: "VariableDeclarator", depth: 3, parent_type: "VariableDeclaration"}, location: %{depth: 3, end_column: 1256, end_line: 1, start_line: 1, start_column: 1245}, severity: "high", pattern_id: "js-hardcoded-secret-password", pattern_name: "Hardcoded Password", recommendation: "Review this code for potential security issues", confidence: 0.9, pattern_type: :hardcoded_secret}
18:48:58.130 [debug] Match confidence: 0.1848, min_confidence: 0.7, match: %{type: "js-hardcoded-secret-password", context: %{node_type: "VariableDeclarator", depth: 3, parent_type: "VariableDeclaration"}, location: %{depth: 3, end_column: 1273, end_line: 1, start_line: 1, start_column: 1262}, severity: "high", pattern_id: "js-hardcoded-secret-password", pattern_name: "Hardcoded Password", recommendation: "Review this code for potential security issues", confidence: 0.9, pattern_type: :hardcoded_secret}
18:48:58.130 [debug] Match confidence: 0.1848, min_confidence: 0.7, match: %{type: "js-hardcoded-secret-password", context: %{node_type: "VariableDeclarator", depth: 3, parent_type: "VariableDeclaration"}, location: %{depth: 3, end_column: 1290, end_line: 1, start_line: 1, start_column: 1279}, severity: "high", pattern_id: "js-hardcoded-secret-password", pattern_name: "Hardcoded Password", recommendation: "Review this code for potential security issues", confidence: 0.9, pattern_type: :hardcoded_secret}
18:48:58.130 [debug] Match confidence: 0.1848, min_confidence: 0.7, match: %{type: "js-hardcoded-secret-password", context: %{node_type: "VariableDeclarator", depth: 3, parent_type: "VariableDeclaration"}, location: %{depth: 3, end_column: 1307, end_line: 1, start_line: 1, start_column: 1296}, severity: "high", pattern_id: "js-hardcoded-secret-password", pattern_name: "Hardcoded Password", recommendation: "Review this code for potential security issues", confidence: 0.9, pattern_type: :hardcoded_secret}
18:48:58.130 [debug] Match confidence: 0.1848, min_confidence: 0.7, match: %{type: "js-hardcoded-secret-password", context: %{node_type: "VariableDeclarator", depth: 3, parent_type: "VariableDeclaration"}, location: %{depth: 3, end_column: 1324, end_line: 1, start_line: 1, start_column: 1313}, severity: "high", pattern_id: "js-hardcoded-secret-password", pattern_name: "Hardcoded Password", recommendation: "Review this code for potential security issues", confidence: 0.9, pattern_type: :hardcoded_secret}
18:48:58.130 [debug] Match confidence: 0.1848, min_confidence: 0.7, match: %{type: "js-hardcoded-secret-password", context: %{node_type: "VariableDeclarator", depth: 3, parent_type: "VariableDeclaration"}, location: %{depth: 3, end_column: 1341, end_line: 1, start_line: 1, start_column: 1330}, severity: "high", pattern_id: "js-hardcoded-secret-password", pattern_name: "Hardcoded Password", recommendation: "Review this code for potential security issues", confidence: 0.9, pattern_type: :hardcoded_secret}
18:48:58.130 [debug] Match confidence: 0.1848, min_confidence: 0.7, match: %{type: "js-hardcoded-secret-password", context: %{node_type: "VariableDeclarator", depth: 3, parent_type: "VariableDeclaration"}, location: %{depth: 3, end_column: 1358, end_line: 1, start_line: 1, start_column: 1347}, severity: "high", pattern_id: "js-hardcoded-secret-password", pattern_name: "Hardcoded Password", recommendation: "Review this code for potential security issues", confidence: 0.9, pattern_type: :hardcoded_secret}
18:48:58.130 [debug] Match confidence: 0.1848, min_confidence: 0.7, match: %{type: "js-hardcoded-secret-password", context: %{node_type: "VariableDeclarator", depth: 3, parent_type: "VariableDeclaration"}, location: %{depth: 3, end_column: 1375, end_line: 1, start_line: 1, start_column: 1364}, severity: "high", pattern_id: "js-hardcoded-secret-password", pattern_name: "Hardcoded Password", recommendation: "Review this code for potential security issues", confidence: 0.9, pattern_type: :hardcoded_secret}
18:48:58.130 [debug] Match confidence: 0.1848, min_confidence: 0.7, match: %{type: "js-hardcoded-secret-password", context: %{node_type: "VariableDeclarator", depth: 3, parent_type: "VariableDeclaration"}, location: %{depth: 3, end_column: 1392, end_line: 1, start_line: 1, start_column: 1381}, severity: "high", pattern_id: "js-hardcoded-secret-password", pattern_name: "Hardcoded Password", recommendation: "Review this code for potential security issues", confidence: 0.9, pattern_type: :hardcoded_secret}
18:48:58.130 [debug] Match confidence: 0.1848, min_confidence: 0.7, match: %{type: "js-hardcoded-secret-password", context: %{node_type: "VariableDeclarator", depth: 3, parent_type: "VariableDeclaration"}, location: %{depth: 3, end_column: 1409, end_line: 1, start_line: 1, start_column: 1398}, severity: "high", pattern_id: "js-hardcoded-secret-password", pattern_name: "Hardcoded Password", recommendation: "Review this code for potential security issues", confidence: 0.9, pattern_type: :hardcoded_secret}
18:48:58.130 [debug] Match confidence: 0.1848, min_confidence: 0.7, match: %{type: "js-hardcoded-secret-password", context: %{node_type: "VariableDeclarator", depth: 3, parent_type: "VariableDeclaration"}, location: %{depth: 3, end_column: 1426, end_line: 1, start_line: 1, start_column: 1415}, severity: "high", pattern_id: "js-hardcoded-secret-password", pattern_name: "Hardcoded Password", recommendation: "Review this code for potential security issues", confidence: 0.9, pattern_type: :hardcoded_secret}
18:48:58.130 [debug] Match confidence: 0.1848, min_confidence: 0.7, match: %{type: "js-hardcoded-secret-password", context: %{node_type: "VariableDeclarator", depth: 3, parent_type: "VariableDeclaration"}, location: %{depth: 3, end_column: 1443, end_line: 1, start_line: 1, start_column: 1432}, severity: "high", pattern_id: "js-hardcoded-secret-password", pattern_name: "Hardcoded Password", recommendation: "Review this code for potential security issues", confidence: 0.9, pattern_type: :hardcoded_secret}
18:48:58.130 [debug] Match confidence: 0.1848, min_confidence: 0.7, match: %{type: "js-hardcoded-secret-password", context: %{node_type: "VariableDeclarator", depth: 3, parent_type: "VariableDeclaration"}, location: %{depth: 3, end_column: 1460, end_line: 1, start_line: 1, start_column: 1449}, severity: "high", pattern_id: "js-hardcoded-secret-password", pattern_name: "Hardcoded Password", recommendation: "Review this code for potential security issues", confidence: 0.9, pattern_type: :hardcoded_secret}
18:48:58.131 [debug] Match confidence: 0.1848, min_confidence: 0.7, match: %{type: "js-hardcoded-secret-password", context: %{node_type: "VariableDeclarator", depth: 3, parent_type: "VariableDeclaration"}, location: %{depth: 3, end_column: 1477, end_line: 1, start_line: 1, start_column: 1466}, severity: "high", pattern_id: "js-hardcoded-secret-password", pattern_name: "Hardcoded Password", recommendation: "Review this code for potential security issues", confidence: 0.9, pattern_type: :hardcoded_secret}
18:48:58.131 [debug] Match confidence: 0.1848, min_confidence: 0.7, match: %{type: "js-hardcoded-secret-password", context: %{node_type: "VariableDeclarator", depth: 3, parent_type: "VariableDeclaration"}, location: %{depth: 3, end_column: 1494, end_line: 1, start_line: 1, start_column: 1483}, severity: "high", pattern_id: "js-hardcoded-secret-password", pattern_name: "Hardcoded Password", recommendation: "Review this code for potential security issues", confidence: 0.9, pattern_type: :hardcoded_secret}
18:48:58.131 [debug] Match confidence: 0.1848, min_confidence: 0.7, match: %{type: "js-hardcoded-secret-password", context: %{node_type: "VariableDeclarator", depth: 3, parent_type: "VariableDeclaration"}, location: %{depth: 3, end_column: 1511, end_line: 1, start_line: 1, start_column: 1500}, severity: "high", pattern_id: "js-hardcoded-secret-password", pattern_name: "Hardcoded Password", recommendation: "Review this code for potential security issues", confidence: 0.9, pattern_type: :hardcoded_secret}
18:48:58.131 [debug] Match confidence: 0.1848, min_confidence: 0.7, match: %{type: "js-hardcoded-secret-password", context: %{node_type: "VariableDeclarator", depth: 3, parent_type: "VariableDeclaration"}, location: %{depth: 3, end_column: 1528, end_line: 1, start_line: 1, start_column: 1517}, severity: "high", pattern_id: "js-hardcoded-secret-password", pattern_name: "Hardcoded Password", recommendation: "Review this code for potential security issues", confidence: 0.9, pattern_type: :hardcoded_secret}
18:48:58.131 [debug] Match confidence: 0.1848, min_confidence: 0.7, match: %{type: "js-hardcoded-secret-password", context: %{node_type: "VariableDeclarator", depth: 3, parent_type: "VariableDeclaration"}, location: %{depth: 3, end_column: 1545, end_line: 1, start_line: 1, start_column: 1534}, severity: "high", pattern_id: "js-hardcoded-secret-password", pattern_name: "Hardcoded Password", recommendation: "Review this code for potential security issues", confidence: 0.9, pattern_type: :hardcoded_secret}
18:48:58.131 [debug] Match confidence: 0.1848, min_confidence: 0.7, match: %{type: "js-hardcoded-secret-password", context: %{node_type: "VariableDeclarator", depth: 3, parent_type: "VariableDeclaration"}, location: %{depth: 3, end_column: 1562, end_line: 1, start_line: 1, start_column: 1551}, severity: "high", pattern_id: "js-hardcoded-secret-password", pattern_name: "Hardcoded Password", recommendation: "Review this code for potential security issues", confidence: 0.9, pattern_type: :hardcoded_secret}
18:48:58.131 [debug] Match confidence: 0.1848, min_confidence: 0.7, match: %{type: "js-hardcoded-secret-password", context: %{node_type: "VariableDeclarator", depth: 3, parent_type: "VariableDeclaration"}, location: %{depth: 3, end_column: 1579, end_line: 1, start_line: 1, start_column: 1568}, severity: "high", pattern_id: "js-hardcoded-secret-password", pattern_name: "Hardcoded Password", recommendation: "Review this code for potential security issues", confidence: 0.9, pattern_type: :hardcoded_secret}
18:48:58.131 [debug] Match confidence: 0.1848, min_confidence: 0.7, match: %{type: "js-hardcoded-secret-password", context: %{node_type: "VariableDeclarator", depth: 3, parent_type: "VariableDeclaration"}, location: %{depth: 3, end_column: 1596, end_line: 1, start_line: 1, start_column: 1585}, severity: "high", pattern_id: "js-hardcoded-secret-password", pattern_name: "Hardcoded Password", recommendation: "Review this code for potential security issues", confidence: 0.9, pattern_type: :hardcoded_secret}
18:48:58.131 [debug] Match confidence: 0.1848, min_confidence: 0.7, match: %{type: "js-hardcoded-secret-password", context: %{node_type: "VariableDeclarator", depth: 3, parent_type: "VariableDeclaration"}, location: %{depth: 3, end_column: 1613, end_line: 1, start_line: 1, start_column: 1602}, severity: "high", pattern_id: "js-hardcoded-secret-password", pattern_name: "Hardcoded Password", recommendation: "Review this code for potential security issues", confidence: 0.9, pattern_type: :hardcoded_secret}
18:48:58.131 [debug] Match confidence: 0.1848, min_confidence: 0.7, match: %{type: "js-hardcoded-secret-password", context: %{node_type: "VariableDeclarator", depth: 3, parent_type: "VariableDeclaration"}, location: %{depth: 3, end_column: 1630, end_line: 1, start_line: 1, start_column: 1619}, severity: "high", pattern_id: "js-hardcoded-secret-password", pattern_name: "Hardcoded Password", recommendation: "Review this code for potential security issues", confidence: 0.9, pattern_type: :hardcoded_secret}
18:48:58.131 [debug] Match confidence: 0.1848, min_confidence: 0.7, match: %{type: "js-hardcoded-secret-password", context: %{node_type: "VariableDeclarator", depth: 3, parent_type: "VariableDeclaration"}, location: %{depth: 3, end_column: 1647, end_line: 1, start_line: 1, start_column: 1636}, severity: "high", pattern_id: "js-hardcoded-secret-password", pattern_name: "Hardcoded Password", recommendation: "Review this code for potential security issues", confidence: 0.9, pattern_type: :hardcoded_secret}
18:48:58.131 [debug] Match confidence: 0.1848, min_confidence: 0.7, match: %{type: "js-hardcoded-secret-password", context: %{node_type: "VariableDeclarator", depth: 3, parent_type: "VariableDeclaration"}, location: %{depth: 3, end_column: 1664, end_line: 1, start_line: 1, start_column: 1653}, severity: "high", pattern_id: "js-hardcoded-secret-password", pattern_name: "Hardcoded Password", recommendation: "Review this code for potential security issues", confidence: 0.9, pattern_type: :hardcoded_secret}
18:48:58.131 [debug] Match confidence: 0.1848, min_confidence: 0.7, match: %{type: "js-hardcoded-secret-password", context: %{node_type: "VariableDeclarator", depth: 3, parent_type: "VariableDeclaration"}, location: %{depth: 3, end_column: 1681, end_line: 1, start_line: 1, start_column: 1670}, severity: "high", pattern_id: "js-hardcoded-secret-password", pattern_name: "Hardcoded Password", recommendation: "Review this code for potential security issues", confidence: 0.9, pattern_type: :hardcoded_secret}
18:48:58.131 [debug] Match confidence: 0.1848, min_confidence: 0.7, match: %{type: "js-hardcoded-secret-password", context: %{node_type: "VariableDeclarator", depth: 3, parent_type: "VariableDeclaration"}, location: %{depth: 3, end_column: 1698, end_line: 1, start_line: 1, start_column: 1687}, severity: "high", pattern_id: "js-hardcoded-secret-password", pattern_name: "Hardcoded Password", recommendation: "Review this code for potential security issues", confidence: 0.9, pattern_type: :hardcoded_secret}
18:48:58.131 [debug] Match confidence: 0.1848, min_confidence: 0.7, match: %{type: "js-hardcoded-secret-api-key", context: %{node_type: "VariableDeclarator", depth: 3, parent_type: "VariableDeclaration"}, location: %{depth: 3, end_column: 15, end_line: 1, start_line: 1, start_column: 4}, severity: "high", pattern_id: "js-hardcoded-secret-api-key", pattern_name: "Hardcoded API Key", recommendation: "Review this code for potential security issues", confidence: 0.9, pattern_type: :hardcoded_secret}
18:48:58.131 [debug] Match confidence: 0.1848, min_confidence: 0.7, match: %{type: "js-hardcoded-secret-api-key", context: %{node_type: "VariableDeclarator", depth: 3, parent_type: "VariableDeclaration"}, location: %{depth: 3, end_column: 32, end_line: 1, start_line: 1, start_column: 21}, severity: "high", pattern_id: "js-hardcoded-secret-api-key", pattern_name: "Hardcoded API Key", recommendation: "Review this code for potential security issues", confidence: 0.9, pattern_type: :hardcoded_secret}
18:48:58.131 [debug] Match confidence: 0.1848, min_confidence: 0.7, match: %{type: "js-hardcoded-secret-api-key", context: %{node_type: "VariableDeclarator", depth: 3, parent_type: "VariableDeclaration"}, location: %{depth: 3, end_column: 49, end_line: 1, start_line: 1, start_column: 38}, severity: "high", pattern_id: "js-hardcoded-secret-api-key", pattern_name: "Hardcoded API Key", recommendation: "Review this code for potential security issues", confidence: 0.9, pattern_type: :hardcoded_secret}
18:48:58.131 [debug] Match confidence: 0.1848, min_confidence: 0.7, match: %{type: "js-hardcoded-secret-api-key", context: %{node_type: "VariableDeclarator", depth: 3, parent_type: "VariableDeclaration"}, location: %{depth: 3, end_column: 66, end_line: 1, start_line: 1, start_column: 55}, severity: "high", pattern_id: "js-hardcoded-secret-api-key", pattern_name: "Hardcoded API Key", recommendation: "Review this code for potential security issues", confidence: 0.9, pattern_type: :hardcoded_secret}
18:48:58.131 [debug] Match confidence: 0.1848, min_confidence: 0.7, match: %{type: "js-hardcoded-secret-api-key", context: %{node_type: "VariableDeclarator", depth: 3, parent_type: "VariableDeclaration"}, location: %{depth: 3, end_column: 83, end_line: 1, start_line: 1, start_column: 72}, severity: "high", pattern_id: "js-hardcoded-secret-api-key", pattern_name: "Hardcoded API Key", recommendation: "Review this code for potential security issues", confidence: 0.9, pattern_type: :hardcoded_secret}
18:48:58.131 [debug] Match confidence: 0.1848, min_confidence: 0.7, match: %{type: "js-hardcoded-secret-api-key", context: %{node_type: "VariableDeclarator", depth: 3, parent_type: "VariableDeclaration"}, location: %{depth: 3, end_column: 100, end_line: 1, start_line: 1, start_column: 89}, severity: "high", pattern_id: "js-hardcoded-secret-api-key", pattern_name: "Hardcoded API Key", recommendation: "Review this code for potential security issues", confidence: 0.9, pattern_type: :hardcoded_secret}
18:48:58.131 [debug] Match confidence: 0.1848, min_confidence: 0.7, match: %{type: "js-hardcoded-secret-api-key", context: %{node_type: "VariableDeclarator", depth: 3, parent_type: "VariableDeclaration"}, location: %{depth: 3, end_column: 117, end_line: 1, start_line: 1, start_column: 106}, severity: "high", pattern_id: "js-hardcoded-secret-api-key", pattern_name: "Hardcoded API Key", recommendation: "Review this code for potential security issues", confidence: 0.9, pattern_type: :hardcoded_secret}
18:48:58.131 [debug] Match confidence: 0.1848, min_confidence: 0.7, match: %{type: "js-hardcoded-secret-api-key", context: %{node_type: "VariableDeclarator", depth: 3, parent_type: "VariableDeclaration"}, location: %{depth: 3, end_column: 134, end_line: 1, start_line: 1, start_column: 123}, severity: "high", pattern_id: "js-hardcoded-secret-api-key", pattern_name: "Hardcoded API Key", recommendation: "Review this code for potential security issues", confidence: 0.9, pattern_type: :hardcoded_secret}
18:48:58.131 [debug] Match confidence: 0.1848, min_confidence: 0.7, match: %{type: "js-hardcoded-secret-api-key", context: %{node_type: "VariableDeclarator", depth: 3, parent_type: "VariableDeclaration"}, location: %{depth: 3, end_column: 151, end_line: 1, start_line: 1, start_column: 140}, severity: "high", pattern_id: "js-hardcoded-secret-api-key", pattern_name: "Hardcoded API Key", recommendation: "Review this code for potential security issues", confidence: 0.9, pattern_type: :hardcoded_secret}
18:48:58.131 [debug] Match confidence: 0.1848, min_confidence: 0.7, match: %{type: "js-hardcoded-secret-api-key", context: %{node_type: "VariableDeclarator", depth: 3, parent_type: "VariableDeclaration"}, location: %{depth: 3, end_column: 168, end_line: 1, start_line: 1, start_column: 157}, severity: "high", pattern_id: "js-hardcoded-secret-api-key", pattern_name: "Hardcoded API Key", recommendation: "Review this code for potential security issues", confidence: 0.9, pattern_type: :hardcoded_secret}
18:48:58.131 [debug] Match confidence: 0.1848, min_confidence: 0.7, match: %{type: "js-hardcoded-secret-api-key", context: %{node_type: "VariableDeclarator", depth: 3, parent_type: "VariableDeclaration"}, location: %{depth: 3, end_column: 185, end_line: 1, start_line: 1, start_column: 174}, severity: "high", pattern_id: "js-hardcoded-secret-api-key", pattern_name: "Hardcoded API Key", recommendation: "Review this code for potential security issues", confidence: 0.9, pattern_type: :hardcoded_secret}
18:48:58.132 [debug] Match confidence: 0.1848, min_confidence: 0.7, match: %{type: "js-hardcoded-secret-api-key", context: %{node_type: "VariableDeclarator", depth: 3, parent_type: "VariableDeclaration"}, location: %{depth: 3, end_column: 202, end_line: 1, start_line: 1, start_column: 191}, severity: "high", pattern_id: "js-hardcoded-secret-api-key", pattern_name: "Hardcoded API Key", recommendation: "Review this code for potential security issues", confidence: 0.9, pattern_type: :hardcoded_secret}
18:48:58.132 [debug] Match confidence: 0.1848, min_confidence: 0.7, match: %{type: "js-hardcoded-secret-api-key", context: %{node_type: "VariableDeclarator", depth: 3, parent_type: "VariableDeclaration"}, location: %{depth: 3, end_column: 219, end_line: 1, start_line: 1, start_column: 208}, severity: "high", pattern_id: "js-hardcoded-secret-api-key", pattern_name: "Hardcoded API Key", recommendation: "Review this code for potential security issues", confidence: 0.9, pattern_type: :hardcoded_secret}
18:48:58.132 [debug] Match confidence: 0.1848, min_confidence: 0.7, match: %{type: "js-hardcoded-secret-api-key", context: %{node_type: "VariableDeclarator", depth: 3, parent_type: "VariableDeclaration"}, location: %{depth: 3, end_column: 236, end_line: 1, start_line: 1, start_column: 225}, severity: "high", pattern_id: "js-hardcoded-secret-api-key", pattern_name: "Hardcoded API Key", recommendation: "Review this code for potential security issues", confidence: 0.9, pattern_type: :hardcoded_secret}
18:48:58.132 [debug] Match confidence: 0.1848, min_confidence: 0.7, match: %{type: "js-hardcoded-secret-api-key", context: %{node_type: "VariableDeclarator", depth: 3, parent_type: "VariableDeclaration"}, location: %{depth: 3, end_column: 253, end_line: 1, start_line: 1, start_column: 242}, severity: "high", pattern_id: "js-hardcoded-secret-api-key", pattern_name: "Hardcoded API Key", recommendation: "Review this code for potential security issues", confidence: 0.9, pattern_type: :hardcoded_secret}
18:48:58.132 [debug] Match confidence: 0.1848, min_confidence: 0.7, match: %{type: "js-hardcoded-secret-api-key", context: %{node_type: "VariableDeclarator", depth: 3, parent_type: "VariableDeclaration"}, location: %{depth: 3, end_column: 270, end_line: 1, start_line: 1, start_column: 259}, severity: "high", pattern_id: "js-hardcoded-secret-api-key", pattern_name: "Hardcoded API Key", recommendation: "Review this code for potential security issues", confidence: 0.9, pattern_type: :hardcoded_secret}
18:48:58.132 [debug] Match confidence: 0.1848, min_confidence: 0.7, match: %{type: "js-hardcoded-secret-api-key", context: %{node_type: "VariableDeclarator", depth: 3, parent_type: "VariableDeclaration"}, location: %{depth: 3, end_column: 287, end_line: 1, start_line: 1, start_column: 276}, severity: "high", pattern_id: "js-hardcoded-secret-api-key", pattern_name: "Hardcoded API Key", recommendation: "Review this code for potential security issues", confidence: 0.9, pattern_type: :hardcoded_secret}
18:48:58.132 [debug] Match confidence: 0.1848, min_confidence: 0.7, match: %{type: "js-hardcoded-secret-api-key", context: %{node_type: "VariableDeclarator", depth: 3, parent_type: "VariableDeclaration"}, location: %{depth: 3, end_column: 304, end_line: 1, start_line: 1, start_column: 293}, severity: "high", pattern_id: "js-hardcoded-secret-api-key", pattern_name: "Hardcoded API Key", recommendation: "Review this code for potential security issues", confidence: 0.9, pattern_type: :hardcoded_secret}
18:48:58.132 [debug] Match confidence: 0.1848, min_confidence: 0.7, match: %{type: "js-hardcoded-secret-api-key", context: %{node_type: "VariableDeclarator", depth: 3, parent_type: "VariableDeclaration"}, location: %{depth: 3, end_column: 321, end_line: 1, start_line: 1, start_column: 310}, severity: "high", pattern_id: "js-hardcoded-secret-api-key", pattern_name: "Hardcoded API Key", recommendation: "Review this code for potential security issues", confidence: 0.9, pattern_type: :hardcoded_secret}
18:48:58.132 [debug] Match confidence: 0.1848, min_confidence: 0.7, match: %{type: "js-hardcoded-secret-api-key", context: %{node_type: "VariableDeclarator", depth: 3, parent_type: "VariableDeclaration"}, location: %{depth: 3, end_column: 338, end_line: 1, start_line: 1, start_column: 327}, severity: "high", pattern_id: "js-hardcoded-secret-api-key", pattern_name: "Hardcoded API Key", recommendation: "Review this code for potential security issues", confidence: 0.9, pattern_type: :hardcoded_secret}
18:48:58.132 [debug] Match confidence: 0.1848, min_confidence: 0.7, match: %{type: "js-hardcoded-secret-api-key", context: %{node_type: "VariableDeclarator", depth: 3, parent_type: "VariableDeclaration"}, location: %{depth: 3, end_column: 355, end_line: 1, start_line: 1, start_column: 344}, severity: "high", pattern_id: "js-hardcoded-secret-api-key", pattern_name: "Hardcoded API Key", recommendation: "Review this code for potential security issues", confidence: 0.9, pattern_type: :hardcoded_secret}
18:48:58.136 [debug] Match confidence: 0.1848, min_confidence: 0.7, match: %{type: "js-hardcoded-secret-api-key", context: %{node_type: "VariableDeclarator", depth: 3, parent_type: "VariableDeclaration"}, location: %{depth: 3, end_column: 372, end_line: 1, start_line: 1, start_column: 361}, severity: "high", pattern_id: "js-hardcoded-secret-api-key", pattern_name: "Hardcoded API Key", recommendation: "Review this code for potential security issues", confidence: 0.9, pattern_type: :hardcoded_secret}
18:48:58.136 [debug] Match confidence: 0.1848, min_confidence: 0.7, match: %{type: "js-hardcoded-secret-api-key", context: %{node_type: "VariableDeclarator", depth: 3, parent_type: "VariableDeclaration"}, location: %{depth: 3, end_column: 389, end_line: 1, start_line: 1, start_column: 378}, severity: "high", pattern_id: "js-hardcoded-secret-api-key", pattern_name: "Hardcoded API Key", recommendation: "Review this code for potential security issues", confidence: 0.9, pattern_type: :hardcoded_secret}
18:48:58.136 [debug] Match confidence: 0.1848, min_confidence: 0.7, match: %{type: "js-hardcoded-secret-api-key", context: %{node_type: "VariableDeclarator", depth: 3, parent_type: "VariableDeclaration"}, location: %{depth: 3, end_column: 406, end_line: 1, start_line: 1, start_column: 395}, severity: "high", pattern_id: "js-hardcoded-secret-api-key", pattern_name: "Hardcoded API Key", recommendation: "Review this code for potential security issues", confidence: 0.9, pattern_type: :hardcoded_secret}
18:48:58.143 [debug] Match confidence: 0.1848, min_confidence: 0.7, match: %{type: "js-hardcoded-secret-api-key", context: %{node_type: "VariableDeclarator", depth: 3, parent_type: "VariableDeclaration"}, location: %{depth: 3, end_column: 423, end_line: 1, start_line: 1, start_column: 412}, severity: "high", pattern_id: "js-hardcoded-secret-api-key", pattern_name: "Hardcoded API Key", recommendation: "Review this code for potential security issues", confidence: 0.9, pattern_type: :hardcoded_secret}
18:48:58.143 [debug] Match confidence: 0.1848, min_confidence: 0.7, match: %{type: "js-hardcoded-secret-api-key", context: %{node_type: "VariableDeclarator", depth: 3, parent_type: "VariableDeclaration"}, location: %{depth: 3, end_column: 440, end_line: 1, start_line: 1, start_column: 429}, severity: "high", pattern_id: "js-hardcoded-secret-api-key", pattern_name: "Hardcoded API Key", recommendation: "Review this code for potential security issues", confidence: 0.9, pattern_type: :hardcoded_secret}
18:48:58.143 [debug] Match confidence: 0.1848, min_confidence: 0.7, match: %{type: "js-hardcoded-secret-api-key", context: %{node_type: "VariableDeclarator", depth: 3, parent_type: "VariableDeclaration"}, location: %{depth: 3, end_column: 457, end_line: 1, start_line: 1, start_column: 446}, severity: "high", pattern_id: "js-hardcoded-secret-api-key", pattern_name: "Hardcoded API Key", recommendation: "Review this code for potential security issues", confidence: 0.9, pattern_type: :hardcoded_secret}
18:48:58.143 [debug] Match confidence: 0.1848, min_confidence: 0.7, match: %{type: "js-hardcoded-secret-api-key", context: %{node_type: "VariableDeclarator", depth: 3, parent_type: "VariableDeclaration"}, location: %{depth: 3, end_column: 474, end_line: 1, start_line: 1, start_column: 463}, severity: "high", pattern_id: "js-hardcoded-secret-api-key", pattern_name: "Hardcoded API Key", recommendation: "Review this code for potential security issues", confidence: 0.9, pattern_type: :hardcoded_secret}
18:48:58.143 [debug] Match confidence: 0.1848, min_confidence: 0.7, match: %{type: "js-hardcoded-secret-api-key", context: %{node_type: "VariableDeclarator", depth: 3, parent_type: "VariableDeclaration"}, location: %{depth: 3, end_column: 491, end_line: 1, start_line: 1, start_column: 480}, severity: "high", pattern_id: "js-hardcoded-secret-api-key", pattern_name: "Hardcoded API Key", recommendation: "Review this code for potential security issues", confidence: 0.9, pattern_type: :hardcoded_secret}
18:48:58.143 [debug] Match confidence: 0.1848, min_confidence: 0.7, match: %{type: "js-hardcoded-secret-api-key", context: %{node_type: "VariableDeclarator", depth: 3, parent_type: "VariableDeclaration"}, location: %{depth: 3, end_column: 508, end_line: 1, start_line: 1, start_column: 497}, severity: "high", pattern_id: "js-hardcoded-secret-api-key", pattern_name: "Hardcoded API Key", recommendation: "Review this code for potential security issues", confidence: 0.9, pattern_type: :hardcoded_secret}
18:48:58.143 [debug] Match confidence: 0.1848, min_confidence: 0.7, match: %{type: "js-hardcoded-secret-api-key", context: %{node_type: "VariableDeclarator", depth: 3, parent_type: "VariableDeclaration"}, location: %{depth: 3, end_column: 525, end_line: 1, start_line: 1, start_column: 514}, severity: "high", pattern_id: "js-hardcoded-secret-api-key", pattern_name: "Hardcoded API Key", recommendation: "Review this code for potential security issues", confidence: 0.9, pattern_type: :hardcoded_secret}
18:48:58.143 [debug] Match confidence: 0.1848, min_confidence: 0.7, match: %{type: "js-hardcoded-secret-api-key", context: %{node_type: "VariableDeclarator", depth: 3, parent_type: "VariableDeclaration"}, location: %{depth: 3, end_column: 542, end_line: 1, start_line: 1, start_column: 531}, severity: "high", pattern_id: "js-hardcoded-secret-api-key", pattern_name: "Hardcoded API Key", recommendation: "Review this code for potential security issues", confidence: 0.9, pattern_type: :hardcoded_secret}
18:48:58.143 [debug] Match confidence: 0.1848, min_confidence: 0.7, match: %{type: "js-hardcoded-secret-api-key", context: %{node_type: "VariableDeclarator", depth: 3, parent_type: "VariableDeclaration"}, location: %{depth: 3, end_column: 559, end_line: 1, start_line: 1, start_column: 548}, severity: "high", pattern_id: "js-hardcoded-secret-api-key", pattern_name: "Hardcoded API Key", recommendation: "Review this code for potential security issues", confidence: 0.9, pattern_type: :hardcoded_secret}
18:48:58.143 [debug] Match confidence: 0.1848, min_confidence: 0.7, match: %{type: "js-hardcoded-secret-api-key", context: %{node_type: "VariableDeclarator", depth: 3, parent_type: "VariableDeclaration"}, location: %{depth: 3, end_column: 576, end_line: 1, start_line: 1, start_column: 565}, severity: "high", pattern_id: "js-hardcoded-secret-api-key", pattern_name: "Hardcoded API Key", recommendation: "Review this code for potential security issues", confidence: 0.9, pattern_type: :hardcoded_secret}
18:48:58.143 [debug] Match confidence: 0.1848, min_confidence: 0.7, match: %{type: "js-hardcoded-secret-api-key", context: %{node_type: "VariableDeclarator", depth: 3, parent_type: "VariableDeclaration"}, location: %{depth: 3, end_column: 593, end_line: 1, start_line: 1, start_column: 582}, severity: "high", pattern_id: "js-hardcoded-secret-api-key", pattern_name: "Hardcoded API Key", recommendation: "Review this code for potential security issues", confidence: 0.9, pattern_type: :hardcoded_secret}
18:48:58.143 [debug] Match confidence: 0.1848, min_confidence: 0.7, match: %{type: "js-hardcoded-secret-api-key", context: %{node_type: "VariableDeclarator", depth: 3, parent_type: "VariableDeclaration"}, location: %{depth: 3, end_column: 610, end_line: 1, start_line: 1, start_column: 599}, severity: "high", pattern_id: "js-hardcoded-secret-api-key", pattern_name: "Hardcoded API Key", recommendation: "Review this code for potential security issues", confidence: 0.9, pattern_type: :hardcoded_secret}
18:48:58.143 [debug] Match confidence: 0.1848, min_confidence: 0.7, match: %{type: "js-hardcoded-secret-api-key", context: %{node_type: "VariableDeclarator", depth: 3, parent_type: "VariableDeclaration"}, location: %{depth: 3, end_column: 627, end_line: 1, start_line: 1, start_column: 616}, severity: "high", pattern_id: "js-hardcoded-secret-api-key", pattern_name: "Hardcoded API Key", recommendation: "Review this code for potential security issues", confidence: 0.9, pattern_type: :hardcoded_secret}
18:48:58.143 [debug] Match confidence: 0.1848, min_confidence: 0.7, match: %{type: "js-hardcoded-secret-api-key", context: %{node_type: "VariableDeclarator", depth: 3, parent_type: "VariableDeclaration"}, location: %{depth: 3, end_column: 644, end_line: 1, start_line: 1, start_column: 633}, severity: "high", pattern_id: "js-hardcoded-secret-api-key", pattern_name: "Hardcoded API Key", recommendation: "Review this code for potential security issues", confidence: 0.9, pattern_type: :hardcoded_secret}
18:48:58.143 [debug] Match confidence: 0.1848, min_confidence: 0.7, match: %{type: "js-hardcoded-secret-api-key", context: %{node_type: "VariableDeclarator", depth: 3, parent_type: "VariableDeclaration"}, location: %{depth: 3, end_column: 661, end_line: 1, start_line: 1, start_column: 650}, severity: "high", pattern_id: "js-hardcoded-secret-api-key", pattern_name: "Hardcoded API Key", recommendation: "Review this code for potential security issues", confidence: 0.9, pattern_type: :hardcoded_secret}
18:48:58.143 [debug] Match confidence: 0.1848, min_confidence: 0.7, match: %{type: "js-hardcoded-secret-api-key", context: %{node_type: "VariableDeclarator", depth: 3, parent_type: "VariableDeclaration"}, location: %{depth: 3, end_column: 678, end_line: 1, start_line: 1, start_column: 667}, severity: "high", pattern_id: "js-hardcoded-secret-api-key", pattern_name: "Hardcoded API Key", recommendation: "Review this code for potential security issues", confidence: 0.9, pattern_type: :hardcoded_secret}
18:48:58.143 [debug] Match confidence: 0.1848, min_confidence: 0.7, match: %{type: "js-hardcoded-secret-api-key", context: %{node_type: "VariableDeclarator", depth: 3, parent_type: "VariableDeclaration"}, location: %{depth: 3, end_column: 695, end_line: 1, start_line: 1, start_column: 684}, severity: "high", pattern_id: "js-hardcoded-secret-api-key", pattern_name: "Hardcoded API Key", recommendation: "Review this code for potential security issues", confidence: 0.9, pattern_type: :hardcoded_secret}
18:48:58.143 [debug] Match confidence: 0.1848, min_confidence: 0.7, match: %{type: "js-hardcoded-secret-api-key", context: %{node_type: "VariableDeclarator", depth: 3, parent_type: "VariableDeclaration"}, location: %{depth: 3, end_column: 712, end_line: 1, start_line: 1, start_column: 701}, severity: "high", pattern_id: "js-hardcoded-secret-api-key", pattern_name: "Hardcoded API Key", recommendation: "Review this code for potential security issues", confidence: 0.9, pattern_type: :hardcoded_secret}
18:48:58.143 [debug] Match confidence: 0.1848, min_confidence: 0.7, match: %{type: "js-hardcoded-secret-api-key", context: %{node_type: "VariableDeclarator", depth: 3, parent_type: "VariableDeclaration"}, location: %{depth: 3, end_column: 729, end_line: 1, start_line: 1, start_column: 718}, severity: "high", pattern_id: "js-hardcoded-secret-api-key", pattern_name: "Hardcoded API Key", recommendation: "Review this code for potential security issues", confidence: 0.9, pattern_type: :hardcoded_secret}
18:48:58.143 [debug] Match confidence: 0.1848, min_confidence: 0.7, match: %{type: "js-hardcoded-secret-api-key", context: %{node_type: "VariableDeclarator", depth: 3, parent_type: "VariableDeclaration"}, location: %{depth: 3, end_column: 746, end_line: 1, start_line: 1, start_column: 735}, severity: "high", pattern_id: "js-hardcoded-secret-api-key", pattern_name: "Hardcoded API Key", recommendation: "Review this code for potential security issues", confidence: 0.9, pattern_type: :hardcoded_secret}
18:48:58.143 [debug] Match confidence: 0.1848, min_confidence: 0.7, match: %{type: "js-hardcoded-secret-api-key", context: %{node_type: "VariableDeclarator", depth: 3, parent_type: "VariableDeclaration"}, location: %{depth: 3, end_column: 763, end_line: 1, start_line: 1, start_column: 752}, severity: "high", pattern_id: "js-hardcoded-secret-api-key", pattern_name: "Hardcoded API Key", recommendation: "Review this code for potential security issues", confidence: 0.9, pattern_type: :hardcoded_secret}
18:48:58.143 [debug] Match confidence: 0.1848, min_confidence: 0.7, match: %{type: "js-hardcoded-secret-api-key", context: %{node_type: "VariableDeclarator", depth: 3, parent_type: "VariableDeclaration"}, location: %{depth: 3, end_column: 780, end_line: 1, start_line: 1, start_column: 769}, severity: "high", pattern_id: "js-hardcoded-secret-api-key", pattern_name: "Hardcoded API Key", recommendation: "Review this code for potential security issues", confidence: 0.9, pattern_type: :hardcoded_secret}
18:48:58.143 [debug] Match confidence: 0.1848, min_confidence: 0.7, match: %{type: "js-hardcoded-secret-api-key", context: %{node_type: "VariableDeclarator", depth: 3, parent_type: "VariableDeclaration"}, location: %{depth: 3, end_column: 797, end_line: 1, start_line: 1, start_column: 786}, severity: "high", pattern_id: "js-hardcoded-secret-api-key", pattern_name: "Hardcoded API Key", recommendation: "Review this code for potential security issues", confidence: 0.9, pattern_type: :hardcoded_secret}
18:48:58.143 [debug] Match confidence: 0.1848, min_confidence: 0.7, match: %{type: "js-hardcoded-secret-api-key", context: %{node_type: "VariableDeclarator", depth: 3, parent_type: "VariableDeclaration"}, location: %{depth: 3, end_column: 814, end_line: 1, start_line: 1, start_column: 803}, severity: "high", pattern_id: "js-hardcoded-secret-api-key", pattern_name: "Hardcoded API Key", recommendation: "Review this code for potential security issues", confidence: 0.9, pattern_type: :hardcoded_secret}
18:48:58.143 [debug] Match confidence: 0.1848, min_confidence: 0.7, match: %{type: "js-hardcoded-secret-api-key", context: %{node_type: "VariableDeclarator", depth: 3, parent_type: "VariableDeclaration"}, location: %{depth: 3, end_column: 831, end_line: 1, start_line: 1, start_column: 820}, severity: "high", pattern_id: "js-hardcoded-secret-api-key", pattern_name: "Hardcoded API Key", recommendation: "Review this code for potential security issues", confidence: 0.9, pattern_type: :hardcoded_secret}
18:48:58.144 [debug] Match confidence: 0.1848, min_confidence: 0.7, match: %{type: "js-hardcoded-secret-api-key", context: %{node_type: "VariableDeclarator", depth: 3, parent_type: "VariableDeclaration"}, location: %{depth: 3, end_column: 848, end_line: 1, start_line: 1, start_column: 837}, severity: "high", pattern_id: "js-hardcoded-secret-api-key", pattern_name: "Hardcoded API Key", recommendation: "Review this code for potential security issues", confidence: 0.9, pattern_type: :hardcoded_secret}
18:48:58.144 [debug] Match confidence: 0.1848, min_confidence: 0.7, match: %{type: "js-hardcoded-secret-api-key", context: %{node_type: "VariableDeclarator", depth: 3, parent_type: "VariableDeclaration"}, location: %{depth: 3, end_column: 865, end_line: 1, start_line: 1, start_column: 854}, severity: "high", pattern_id: "js-hardcoded-secret-api-key", pattern_name: "Hardcoded API Key", recommendation: "Review this code for potential security issues", confidence: 0.9, pattern_type: :hardcoded_secret}
18:48:58.144 [debug] Match confidence: 0.1848, min_confidence: 0.7, match: %{type: "js-hardcoded-secret-api-key", context: %{node_type: "VariableDeclarator", depth: 3, parent_type: "VariableDeclaration"}, location: %{depth: 3, end_column: 882, end_line: 1, start_line: 1, start_column: 871}, severity: "high", pattern_id: "js-hardcoded-secret-api-key", pattern_name: "Hardcoded API Key", recommendation: "Review this code for potential security issues", confidence: 0.9, pattern_type: :hardcoded_secret}
18:48:58.144 [debug] Match confidence: 0.1848, min_confidence: 0.7, match: %{type: "js-hardcoded-secret-api-key", context: %{node_type: "VariableDeclarator", depth: 3, parent_type: "VariableDeclaration"}, location: %{depth: 3, end_column: 899, end_line: 1, start_line: 1, start_column: 888}, severity: "high", pattern_id: "js-hardcoded-secret-api-key", pattern_name: "Hardcoded API Key", recommendation: "Review this code for potential security issues", confidence: 0.9, pattern_type: :hardcoded_secret}
18:48:58.144 [debug] Match confidence: 0.1848, min_confidence: 0.7, match: %{type: "js-hardcoded-secret-api-key", context: %{node_type: "VariableDeclarator", depth: 3, parent_type: "VariableDeclaration"}, location: %{depth: 3, end_column: 916, end_line: 1, start_line: 1, start_column: 905}, severity: "high", pattern_id: "js-hardcoded-secret-api-key", pattern_name: "Hardcoded API Key", recommendation: "Review this code for potential security issues", confidence: 0.9, pattern_type: :hardcoded_secret}
18:48:58.144 [debug] Match confidence: 0.1848, min_confidence: 0.7, match: %{type: "js-hardcoded-secret-api-key", context: %{node_type: "VariableDeclarator", depth: 3, parent_type: "VariableDeclaration"}, location: %{depth: 3, end_column: 933, end_line: 1, start_line: 1, start_column: 922}, severity: "high", pattern_id: "js-hardcoded-secret-api-key", pattern_name: "Hardcoded API Key", recommendation: "Review this code for potential security issues", confidence: 0.9, pattern_type: :hardcoded_secret}
18:48:58.144 [debug] Match confidence: 0.1848, min_confidence: 0.7, match: %{type: "js-hardcoded-secret-api-key", context: %{node_type: "VariableDeclarator", depth: 3, parent_type: "VariableDeclaration"}, location: %{depth: 3, end_column: 950, end_line: 1, start_line: 1, start_column: 939}, severity: "high", pattern_id: "js-hardcoded-secret-api-key", pattern_name: "Hardcoded API Key", recommendation: "Review this code for potential security issues", confidence: 0.9, pattern_type: :hardcoded_secret}
18:48:58.144 [debug] Match confidence: 0.1848, min_confidence: 0.7, match: %{type: "js-hardcoded-secret-api-key", context: %{node_type: "VariableDeclarator", depth: 3, parent_type: "VariableDeclaration"}, location: %{depth: 3, end_column: 967, end_line: 1, start_line: 1, start_column: 956}, severity: "high", pattern_id: "js-hardcoded-secret-api-key", pattern_name: "Hardcoded API Key", recommendation: "Review this code for potential security issues", confidence: 0.9, pattern_type: :hardcoded_secret}
18:48:58.144 [debug] Match confidence: 0.1848, min_confidence: 0.7, match: %{type: "js-hardcoded-secret-api-key", context: %{node_type: "VariableDeclarator", depth: 3, parent_type: "VariableDeclaration"}, location: %{depth: 3, end_column: 984, end_line: 1, start_line: 1, start_column: 973}, severity: "high", pattern_id: "js-hardcoded-secret-api-key", pattern_name: "Hardcoded API Key", recommendation: "Review this code for potential security issues", confidence: 0.9, pattern_type: :hardcoded_secret}
18:48:58.144 [debug] Match confidence: 0.1848, min_confidence: 0.7, match: %{type: "js-hardcoded-secret-api-key", context: %{node_type: "VariableDeclarator", depth: 3, parent_type: "VariableDeclaration"}, location: %{depth: 3, end_column: 1001, end_line: 1, start_line: 1, start_column: 990}, severity: "high", pattern_id: "js-hardcoded-secret-api-key", pattern_name: "Hardcoded API Key", recommendation: "Review this code for potential security issues", confidence: 0.9, pattern_type: :hardcoded_secret}
18:48:58.144 [debug] Match confidence: 0.1848, min_confidence: 0.7, match: %{type: "js-hardcoded-secret-api-key", context: %{node_type: "VariableDeclarator", depth: 3, parent_type: "VariableDeclaration"}, location: %{depth: 3, end_column: 1018, end_line: 1, start_line: 1, start_column: 1007}, severity: "high", pattern_id: "js-hardcoded-secret-api-key", pattern_name: "Hardcoded API Key", recommendation: "Review this code for potential security issues", confidence: 0.9, pattern_type: :hardcoded_secret}
18:48:58.144 [debug] Match confidence: 0.1848, min_confidence: 0.7, match: %{type: "js-hardcoded-secret-api-key", context: %{node_type: "VariableDeclarator", depth: 3, parent_type: "VariableDeclaration"}, location: %{depth: 3, end_column: 1035, end_line: 1, start_line: 1, start_column: 1024}, severity: "high", pattern_id: "js-hardcoded-secret-api-key", pattern_name: "Hardcoded API Key", recommendation: "Review this code for potential security issues", confidence: 0.9, pattern_type: :hardcoded_secret}
18:48:58.144 [debug] Match confidence: 0.1848, min_confidence: 0.7, match: %{type: "js-hardcoded-secret-api-key", context: %{node_type: "VariableDeclarator", depth: 3, parent_type: "VariableDeclaration"}, location: %{depth: 3, end_column: 1052, end_line: 1, start_line: 1, start_column: 1041}, severity: "high", pattern_id: "js-hardcoded-secret-api-key", pattern_name: "Hardcoded API Key", recommendation: "Review this code for potential security issues", confidence: 0.9, pattern_type: :hardcoded_secret}
18:48:58.144 [debug] Match confidence: 0.1848, min_confidence: 0.7, match: %{type: "js-hardcoded-secret-api-key", context: %{node_type: "VariableDeclarator", depth: 3, parent_type: "VariableDeclaration"}, location: %{depth: 3, end_column: 1069, end_line: 1, start_line: 1, start_column: 1058}, severity: "high", pattern_id: "js-hardcoded-secret-api-key", pattern_name: "Hardcoded API Key", recommendation: "Review this code for potential security issues", confidence: 0.9, pattern_type: :hardcoded_secret}
18:48:58.144 [debug] Match confidence: 0.1848, min_confidence: 0.7, match: %{type: "js-hardcoded-secret-api-key", context: %{node_type: "VariableDeclarator", depth: 3, parent_type: "VariableDeclaration"}, location: %{depth: 3, end_column: 1086, end_line: 1, start_line: 1, start_column: 1075}, severity: "high", pattern_id: "js-hardcoded-secret-api-key", pattern_name: "Hardcoded API Key", recommendation: "Review this code for potential security issues", confidence: 0.9, pattern_type: :hardcoded_secret}
18:48:58.144 [debug] Match confidence: 0.1848, min_confidence: 0.7, match: %{type: "js-hardcoded-secret-api-key", context: %{node_type: "VariableDeclarator", depth: 3, parent_type: "VariableDeclaration"}, location: %{depth: 3, end_column: 1103, end_line: 1, start_line: 1, start_column: 1092}, severity: "high", pattern_id: "js-hardcoded-secret-api-key", pattern_name: "Hardcoded API Key", recommendation: "Review this code for potential security issues", confidence: 0.9, pattern_type: :hardcoded_secret}
18:48:58.144 [debug] Match confidence: 0.1848, min_confidence: 0.7, match: %{type: "js-hardcoded-secret-api-key", context: %{node_type: "VariableDeclarator", depth: 3, parent_type: "VariableDeclaration"}, location: %{depth: 3, end_column: 1120, end_line: 1, start_line: 1, start_column: 1109}, severity: "high", pattern_id: "js-hardcoded-secret-api-key", pattern_name: "Hardcoded API Key", recommendation: "Review this code for potential security issues", confidence: 0.9, pattern_type: :hardcoded_secret}
18:48:58.144 [debug] Match confidence: 0.1848, min_confidence: 0.7, match: %{type: "js-hardcoded-secret-api-key", context: %{node_type: "VariableDeclarator", depth: 3, parent_type: "VariableDeclaration"}, location: %{depth: 3, end_column: 1137, end_line: 1, start_line: 1, start_column: 1126}, severity: "high", pattern_id: "js-hardcoded-secret-api-key", pattern_name: "Hardcoded API Key", recommendation: "Review this code for potential security issues", confidence: 0.9, pattern_type: :hardcoded_secret}
18:48:58.144 [debug] Match confidence: 0.1848, min_confidence: 0.7, match: %{type: "js-hardcoded-secret-api-key", context: %{node_type: "VariableDeclarator", depth: 3, parent_type: "VariableDeclaration"}, location: %{depth: 3, end_column: 1154, end_line: 1, start_line: 1, start_column: 1143}, severity: "high", pattern_id: "js-hardcoded-secret-api-key", pattern_name: "Hardcoded API Key", recommendation: "Review this code for potential security issues", confidence: 0.9, pattern_type: :hardcoded_secret}
18:48:58.144 [debug] Match confidence: 0.1848, min_confidence: 0.7, match: %{type: "js-hardcoded-secret-api-key", context: %{node_type: "VariableDeclarator", depth: 3, parent_type: "VariableDeclaration"}, location: %{depth: 3, end_column: 1171, end_line: 1, start_line: 1, start_column: 1160}, severity: "high", pattern_id: "js-hardcoded-secret-api-key", pattern_name: "Hardcoded API Key", recommendation: "Review this code for potential security issues", confidence: 0.9, pattern_type: :hardcoded_secret}
18:48:58.144 [debug] Match confidence: 0.1848, min_confidence: 0.7, match: %{type: "js-hardcoded-secret-api-key", context: %{node_type: "VariableDeclarator", depth: 3, parent_type: "VariableDeclaration"}, location: %{depth: 3, end_column: 1188, end_line: 1, start_line: 1, start_column: 1177}, severity: "high", pattern_id: "js-hardcoded-secret-api-key", pattern_name: "Hardcoded API Key", recommendation: "Review this code for potential security issues", confidence: 0.9, pattern_type: :hardcoded_secret}
18:48:58.144 [debug] Match confidence: 0.1848, min_confidence: 0.7, match: %{type: "js-hardcoded-secret-api-key", context: %{node_type: "VariableDeclarator", depth: 3, parent_type: "VariableDeclaration"}, location: %{depth: 3, end_column: 1205, end_line: 1, start_line: 1, start_column: 1194}, severity: "high", pattern_id: "js-hardcoded-secret-api-key", pattern_name: "Hardcoded API Key", recommendation: "Review this code for potential security issues", confidence: 0.9, pattern_type: :hardcoded_secret}
18:48:58.144 [debug] Match confidence: 0.1848, min_confidence: 0.7, match: %{type: "js-hardcoded-secret-api-key", context: %{node_type: "VariableDeclarator", depth: 3, parent_type: "VariableDeclaration"}, location: %{depth: 3, end_column: 1222, end_line: 1, start_line: 1, start_column: 1211}, severity: "high", pattern_id: "js-hardcoded-secret-api-key", pattern_name: "Hardcoded API Key", recommendation: "Review this code for potential security issues", confidence: 0.9, pattern_type: :hardcoded_secret}
18:48:58.144 [debug] Match confidence: 0.1848, min_confidence: 0.7, match: %{type: "js-hardcoded-secret-api-key", context: %{node_type: "VariableDeclarator", depth: 3, parent_type: "VariableDeclaration"}, location: %{depth: 3, end_column: 1239, end_line: 1, start_line: 1, start_column: 1228}, severity: "high", pattern_id: "js-hardcoded-secret-api-key", pattern_name: "Hardcoded API Key", recommendation: "Review this code for potential security issues", confidence: 0.9, pattern_type: :hardcoded_secret}
18:48:58.144 [debug] Match confidence: 0.1848, min_confidence: 0.7, match: %{type: "js-hardcoded-secret-api-key", context: %{node_type: "VariableDeclarator", depth: 3, parent_type: "VariableDeclaration"}, location: %{depth: 3, end_column: 1256, end_line: 1, start_line: 1, start_column: 1245}, severity: "high", pattern_id: "js-hardcoded-secret-api-key", pattern_name: "Hardcoded API Key", recommendation: "Review this code for potential security issues", confidence: 0.9, pattern_type: :hardcoded_secret}
18:48:58.144 [debug] Match confidence: 0.1848, min_confidence: 0.7, match: %{type: "js-hardcoded-secret-api-key", context: %{node_type: "VariableDeclarator", depth: 3, parent_type: "VariableDeclaration"}, location: %{depth: 3, end_column: 1273, end_line: 1, start_line: 1, start_column: 1262}, severity: "high", pattern_id: "js-hardcoded-secret-api-key", pattern_name: "Hardcoded API Key", recommendation: "Review this code for potential security issues", confidence: 0.9, pattern_type: :hardcoded_secret}
18:48:58.144 [debug] Match confidence: 0.1848, min_confidence: 0.7, match: %{type: "js-hardcoded-secret-api-key", context: %{node_type: "VariableDeclarator", depth: 3, parent_type: "VariableDeclaration"}, location: %{depth: 3, end_column: 1290, end_line: 1, start_line: 1, start_column: 1279}, severity: "high", pattern_id: "js-hardcoded-secret-api-key", pattern_name: "Hardcoded API Key", recommendation: "Review this code for potential security issues", confidence: 0.9, pattern_type: :hardcoded_secret}
18:48:58.144 [debug] Match confidence: 0.1848, min_confidence: 0.7, match: %{type: "js-hardcoded-secret-api-key", context: %{node_type: "VariableDeclarator", depth: 3, parent_type: "VariableDeclaration"}, location: %{depth: 3, end_column: 1307, end_line: 1, start_line: 1, start_column: 1296}, severity: "high", pattern_id: "js-hardcoded-secret-api-key", pattern_name: "Hardcoded API Key", recommendation: "Review this code for potential security issues", confidence: 0.9, pattern_type: :hardcoded_secret}
18:48:58.144 [debug] Match confidence: 0.1848, min_confidence: 0.7, match: %{type: "js-hardcoded-secret-api-key", context: %{node_type: "VariableDeclarator", depth: 3, parent_type: "VariableDeclaration"}, location: %{depth: 3, end_column: 1324, end_line: 1, start_line: 1, start_column: 1313}, severity: "high", pattern_id: "js-hardcoded-secret-api-key", pattern_name: "Hardcoded API Key", recommendation: "Review this code for potential security issues", confidence: 0.9, pattern_type: :hardcoded_secret}
18:48:58.144 [debug] Match confidence: 0.1848, min_confidence: 0.7, match: %{type: "js-hardcoded-secret-api-key", context: %{node_type: "VariableDeclarator", depth: 3, parent_type: "VariableDeclaration"}, location: %{depth: 3, end_column: 1341, end_line: 1, start_line: 1, start_column: 1330}, severity: "high", pattern_id: "js-hardcoded-secret-api-key", pattern_name: "Hardcoded API Key", recommendation: "Review this code for potential security issues", confidence: 0.9, pattern_type: :hardcoded_secret}
18:48:58.144 [debug] Match confidence: 0.1848, min_confidence: 0.7, match: %{type: "js-hardcoded-secret-api-key", context: %{node_type: "VariableDeclarator", depth: 3, parent_type: "VariableDeclaration"}, location: %{depth: 3, end_column: 1358, end_line: 1, start_line: 1, start_column: 1347}, severity: "high", pattern_id: "js-hardcoded-secret-api-key", pattern_name: "Hardcoded API Key", recommendation: "Review this code for potential security issues", confidence: 0.9, pattern_type: :hardcoded_secret}
18:48:58.144 [debug] Match confidence: 0.1848, min_confidence: 0.7, match: %{type: "js-hardcoded-secret-api-key", context: %{node_type: "VariableDeclarator", depth: 3, parent_type: "VariableDeclaration"}, location: %{depth: 3, end_column: 1375, end_line: 1, start_line: 1, start_column: 1364}, severity: "high", pattern_id: "js-hardcoded-secret-api-key", pattern_name: "Hardcoded API Key", recommendation: "Review this code for potential security issues", confidence: 0.9, pattern_type: :hardcoded_secret}
18:48:58.145 [debug] Match confidence: 0.1848, min_confidence: 0.7, match: %{type: "js-hardcoded-secret-api-key", context: %{node_type: "VariableDeclarator", depth: 3, parent_type: "VariableDeclaration"}, location: %{depth: 3, end_column: 1392, end_line: 1, start_line: 1, start_column: 1381}, severity: "high", pattern_id: "js-hardcoded-secret-api-key", pattern_name: "Hardcoded API Key", recommendation: "Review this code for potential security issues", confidence: 0.9, pattern_type: :hardcoded_secret}
18:48:58.145 [debug] Match confidence: 0.1848, min_confidence: 0.7, match: %{type: "js-hardcoded-secret-api-key", context: %{node_type: "VariableDeclarator", depth: 3, parent_type: "VariableDeclaration"}, location: %{depth: 3, end_column: 1409, end_line: 1, start_line: 1, start_column: 1398}, severity: "high", pattern_id: "js-hardcoded-secret-api-key", pattern_name: "Hardcoded API Key", recommendation: "Review this code for potential security issues", confidence: 0.9, pattern_type: :hardcoded_secret}
18:48:58.145 [debug] Match confidence: 0.1848, min_confidence: 0.7, match: %{type: "js-hardcoded-secret-api-key", context: %{node_type: "VariableDeclarator", depth: 3, parent_type: "VariableDeclaration"}, location: %{depth: 3, end_column: 1426, end_line: 1, start_line: 1, start_column: 1415}, severity: "high", pattern_id: "js-hardcoded-secret-api-key", pattern_name: "Hardcoded API Key", recommendation: "Review this code for potential security issues", confidence: 0.9, pattern_type: :hardcoded_secret}
18:48:58.145 [debug] Match confidence: 0.1848, min_confidence: 0.7, match: %{type: "js-hardcoded-secret-api-key", context: %{node_type: "VariableDeclarator", depth: 3, parent_type: "VariableDeclaration"}, location: %{depth: 3, end_column: 1443, end_line: 1, start_line: 1, start_column: 1432}, severity: "high", pattern_id: "js-hardcoded-secret-api-key", pattern_name: "Hardcoded API Key", recommendation: "Review this code for potential security issues", confidence: 0.9, pattern_type: :hardcoded_secret}
18:48:58.145 [debug] Match confidence: 0.1848, min_confidence: 0.7, match: %{type: "js-hardcoded-secret-api-key", context: %{node_type: "VariableDeclarator", depth: 3, parent_type: "VariableDeclaration"}, location: %{depth: 3, end_column: 1460, end_line: 1, start_line: 1, start_column: 1449}, severity: "high", pattern_id: "js-hardcoded-secret-api-key", pattern_name: "Hardcoded API Key", recommendation: "Review this code for potential security issues", confidence: 0.9, pattern_type: :hardcoded_secret}
18:48:58.145 [debug] Match confidence: 0.1848, min_confidence: 0.7, match: %{type: "js-hardcoded-secret-api-key", context: %{node_type: "VariableDeclarator", depth: 3, parent_type: "VariableDeclaration"}, location: %{depth: 3, end_column: 1477, end_line: 1, start_line: 1, start_column: 1466}, severity: "high", pattern_id: "js-hardcoded-secret-api-key", pattern_name: "Hardcoded API Key", recommendation: "Review this code for potential security issues", confidence: 0.9, pattern_type: :hardcoded_secret}
18:48:58.145 [debug] Match confidence: 0.1848, min_confidence: 0.7, match: %{type: "js-hardcoded-secret-api-key", context: %{node_type: "VariableDeclarator", depth: 3, parent_type: "VariableDeclaration"}, location: %{depth: 3, end_column: 1494, end_line: 1, start_line: 1, start_column: 1483}, severity: "high", pattern_id: "js-hardcoded-secret-api-key", pattern_name: "Hardcoded API Key", recommendation: "Review this code for potential security issues", confidence: 0.9, pattern_type: :hardcoded_secret}
18:48:58.145 [debug] Match confidence: 0.1848, min_confidence: 0.7, match: %{type: "js-hardcoded-secret-api-key", context: %{node_type: "VariableDeclarator", depth: 3, parent_type: "VariableDeclaration"}, location: %{depth: 3, end_column: 1511, end_line: 1, start_line: 1, start_column: 1500}, severity: "high", pattern_id: "js-hardcoded-secret-api-key", pattern_name: "Hardcoded API Key", recommendation: "Review this code for potential security issues", confidence: 0.9, pattern_type: :hardcoded_secret}
18:48:58.145 [debug] Match confidence: 0.1848, min_confidence: 0.7, match: %{type: "js-hardcoded-secret-api-key", context: %{node_type: "VariableDeclarator", depth: 3, parent_type: "VariableDeclaration"}, location: %{depth: 3, end_column: 1528, end_line: 1, start_line: 1, start_column: 1517}, severity: "high", pattern_id: "js-hardcoded-secret-api-key", pattern_name: "Hardcoded API Key", recommendation: "Review this code for potential security issues", confidence: 0.9, pattern_type: :hardcoded_secret}
18:48:58.145 [debug] Match confidence: 0.1848, min_confidence: 0.7, match: %{type: "js-hardcoded-secret-api-key", context: %{node_type: "VariableDeclarator", depth: 3, parent_type: "VariableDeclaration"}, location: %{depth: 3, end_column: 1545, end_line: 1, start_line: 1, start_column: 1534}, severity: "high", pattern_id: "js-hardcoded-secret-api-key", pattern_name: "Hardcoded API Key", recommendation: "Review this code for potential security issues", confidence: 0.9, pattern_type: :hardcoded_secret}
18:48:58.145 [debug] Match confidence: 0.1848, min_confidence: 0.7, match: %{type: "js-hardcoded-secret-api-key", context: %{node_type: "VariableDeclarator", depth: 3, parent_type: "VariableDeclaration"}, location: %{depth: 3, end_column: 1562, end_line: 1, start_line: 1, start_column: 1551}, severity: "high", pattern_id: "js-hardcoded-secret-api-key", pattern_name: "Hardcoded API Key", recommendation: "Review this code for potential security issues", confidence: 0.9, pattern_type: :hardcoded_secret}
18:48:58.145 [debug] Match confidence: 0.1848, min_confidence: 0.7, match: %{type: "js-hardcoded-secret-api-key", context: %{node_type: "VariableDeclarator", depth: 3, parent_type: "VariableDeclaration"}, location: %{depth: 3, end_column: 1579, end_line: 1, start_line: 1, start_column: 1568}, severity: "high", pattern_id: "js-hardcoded-secret-api-key", pattern_name: "Hardcoded API Key", recommendation: "Review this code for potential security issues", confidence: 0.9, pattern_type: :hardcoded_secret}
18:48:58.145 [debug] Match confidence: 0.1848, min_confidence: 0.7, match: %{type: "js-hardcoded-secret-api-key", context: %{node_type: "VariableDeclarator", depth: 3, parent_type: "VariableDeclaration"}, location: %{depth: 3, end_column: 1596, end_line: 1, start_line: 1, start_column: 1585}, severity: "high", pattern_id: "js-hardcoded-secret-api-key", pattern_name: "Hardcoded API Key", recommendation: "Review this code for potential security issues", confidence: 0.9, pattern_type: :hardcoded_secret}
18:48:58.145 [debug] Match confidence: 0.1848, min_confidence: 0.7, match: %{type: "js-hardcoded-secret-api-key", context: %{node_type: "VariableDeclarator", depth: 3, parent_type: "VariableDeclaration"}, location: %{depth: 3, end_column: 1613, end_line: 1, start_line: 1, start_column: 1602}, severity: "high", pattern_id: "js-hardcoded-secret-api-key", pattern_name: "Hardcoded API Key", recommendation: "Review this code for potential security issues", confidence: 0.9, pattern_type: :hardcoded_secret}
18:48:58.145 [debug] Match confidence: 0.1848, min_confidence: 0.7, match: %{type: "js-hardcoded-secret-api-key", context: %{node_type: "VariableDeclarator", depth: 3, parent_type: "VariableDeclaration"}, location: %{depth: 3, end_column: 1630, end_line: 1, start_line: 1, start_column: 1619}, severity: "high", pattern_id: "js-hardcoded-secret-api-key", pattern_name: "Hardcoded API Key", recommendation: "Review this code for potential security issues", confidence: 0.9, pattern_type: :hardcoded_secret}
18:48:58.145 [debug] Match confidence: 0.1848, min_confidence: 0.7, match: %{type: "js-hardcoded-secret-api-key", context: %{node_type: "VariableDeclarator", depth: 3, parent_type: "VariableDeclaration"}, location: %{depth: 3, end_column: 1647, end_line: 1, start_line: 1, start_column: 1636}, severity: "high", pattern_id: "js-hardcoded-secret-api-key", pattern_name: "Hardcoded API Key", recommendation: "Review this code for potential security issues", confidence: 0.9, pattern_type: :hardcoded_secret}
18:48:58.145 [debug] Match confidence: 0.1848, min_confidence: 0.7, match: %{type: "js-hardcoded-secret-api-key", context: %{node_type: "VariableDeclarator", depth: 3, parent_type: "VariableDeclaration"}, location: %{depth: 3, end_column: 1664, end_line: 1, start_line: 1, start_column: 1653}, severity: "high", pattern_id: "js-hardcoded-secret-api-key", pattern_name: "Hardcoded API Key", recommendation: "Review this code for potential security issues", confidence: 0.9, pattern_type: :hardcoded_secret}
18:48:58.145 [debug] Match confidence: 0.1848, min_confidence: 0.7, match: %{type: "js-hardcoded-secret-api-key", context: %{node_type: "VariableDeclarator", depth: 3, parent_type: "VariableDeclaration"}, location: %{depth: 3, end_column: 1681, end_line: 1, start_line: 1, start_column: 1670}, severity: "high", pattern_id: "js-hardcoded-secret-api-key", pattern_name: "Hardcoded API Key", recommendation: "Review this code for potential security issues", confidence: 0.9, pattern_type: :hardcoded_secret}
18:48:58.145 [debug] Match confidence: 0.1848, min_confidence: 0.7, match: %{type: "js-hardcoded-secret-api-key", context: %{node_type: "VariableDeclarator", depth: 3, parent_type: "VariableDeclaration"}, location: %{depth: 3, end_column: 1698, end_line: 1, start_line: 1, start_column: 1687}, severity: "high", pattern_id: "js-hardcoded-secret-api-key", pattern_name: "Hardcoded API Key", recommendation: "Review this code for potential security issues", confidence: 0.9, pattern_type: :hardcoded_secret}
18:48:58.271 [debug] Parser response received
18:48:58.272 [info] AnalysisService: Loaded 30 patterns for javascript
18:48:58.356 [info] AnalysisService: Found 200 matches
18:48:58.356 [debug] Match confidence: 0.1848, min_confidence: 0.7, match: %{type: "js-hardcoded-secret-password", context: %{node_type: "VariableDeclarator", depth: 3, parent_type: "VariableDeclaration"}, location: %{depth: 3, end_column: 15, end_line: 1, start_line: 1, start_column: 4}, severity: "high", pattern_id: "js-hardcoded-secret-password", pattern_name: "Hardcoded Password", recommendation: "Review this code for potential security issues", confidence: 0.9, pattern_type: :hardcoded_secret}
18:48:58.357 [debug] Match confidence: 0.1848, min_confidence: 0.7, match: %{type: "js-hardcoded-secret-password", context: %{node_type: "VariableDeclarator", depth: 3, parent_type: "VariableDeclaration"}, location: %{depth: 3, end_column: 32, end_line: 1, start_line: 1, start_column: 21}, severity: "high", pattern_id: "js-hardcoded-secret-password", pattern_name: "Hardcoded Password", recommendation: "Review this code for potential security issues", confidence: 0.9, pattern_type: :hardcoded_secret}
18:48:58.357 [debug] Match confidence: 0.1848, min_confidence: 0.7, match: %{type: "js-hardcoded-secret-password", context: %{node_type: "VariableDeclarator", depth: 3, parent_type: "VariableDeclaration"}, location: %{depth: 3, end_column: 49, end_line: 1, start_line: 1, start_column: 38}, severity: "high", pattern_id: "js-hardcoded-secret-password", pattern_name: "Hardcoded Password", recommendation: "Review this code for potential security issues", confidence: 0.9, pattern_type: :hardcoded_secret}
18:48:58.357 [debug] Match confidence: 0.1848, min_confidence: 0.7, match: %{type: "js-hardcoded-secret-password", context: %{node_type: "VariableDeclarator", depth: 3, parent_type: "VariableDeclaration"}, location: %{depth: 3, end_column: 66, end_line: 1, start_line: 1, start_column: 55}, severity: "high", pattern_id: "js-hardcoded-secret-password", pattern_name: "Hardcoded Password", recommendation: "Review this code for potential security issues", confidence: 0.9, pattern_type: :hardcoded_secret}
18:48:58.357 [debug] Match confidence: 0.1848, min_confidence: 0.7, match: %{type: "js-hardcoded-secret-password", context: %{node_type: "VariableDeclarator", depth: 3, parent_type: "VariableDeclaration"}, location: %{depth: 3, end_column: 83, end_line: 1, start_line: 1, start_column: 72}, severity: "high", pattern_id: "js-hardcoded-secret-password", pattern_name: "Hardcoded Password", recommendation: "Review this code for potential security issues", confidence: 0.9, pattern_type: :hardcoded_secret}
18:48:58.357 [debug] Match confidence: 0.1848, min_confidence: 0.7, match: %{type: "js-hardcoded-secret-password", context: %{node_type: "VariableDeclarator", depth: 3, parent_type: "VariableDeclaration"}, location: %{depth: 3, end_column: 100, end_line: 1, start_line: 1, start_column: 89}, severity: "high", pattern_id: "js-hardcoded-secret-password", pattern_name: "Hardcoded Password", recommendation: "Review this code for potential security issues", confidence: 0.9, pattern_type: :hardcoded_secret}
18:48:58.357 [debug] Match confidence: 0.1848, min_confidence: 0.7, match: %{type: "js-hardcoded-secret-password", context: %{node_type: "VariableDeclarator", depth: 3, parent_type: "VariableDeclaration"}, location: %{depth: 3, end_column: 117, end_line: 1, start_line: 1, start_column: 106}, severity: "high", pattern_id: "js-hardcoded-secret-password", pattern_name: "Hardcoded Password", recommendation: "Review this code for potential security issues", confidence: 0.9, pattern_type: :hardcoded_secret}
18:48:58.357 [debug] Match confidence: 0.1848, min_confidence: 0.7, match: %{type: "js-hardcoded-secret-password", context: %{node_type: "VariableDeclarator", depth: 3, parent_type: "VariableDeclaration"}, location: %{depth: 3, end_column: 134, end_line: 1, start_line: 1, start_column: 123}, severity: "high", pattern_id: "js-hardcoded-secret-password", pattern_name: "Hardcoded Password", recommendation: "Review this code for potential security issues", confidence: 0.9, pattern_type: :hardcoded_secret}
18:48:58.357 [debug] Match confidence: 0.1848, min_confidence: 0.7, match: %{type: "js-hardcoded-secret-password", context: %{node_type: "VariableDeclarator", depth: 3, parent_type: "VariableDeclaration"}, location: %{depth: 3, end_column: 151, end_line: 1, start_line: 1, start_column: 140}, severity: "high", pattern_id: "js-hardcoded-secret-password", pattern_name: "Hardcoded Password", recommendation: "Review this code for potential security issues", confidence: 0.9, pattern_type: :hardcoded_secret}
18:48:58.357 [debug] Match confidence: 0.1848, min_confidence: 0.7, match: %{type: "js-hardcoded-secret-password", context: %{node_type: "VariableDeclarator", depth: 3, parent_type: "VariableDeclaration"}, location: %{depth: 3, end_column: 168, end_line: 1, start_line: 1, start_column: 157}, severity: "high", pattern_id: "js-hardcoded-secret-password", pattern_name: "Hardcoded Password", recommendation: "Review this code for potential security issues", confidence: 0.9, pattern_type: :hardcoded_secret}
18:48:58.357 [debug] Match confidence: 0.1848, min_confidence: 0.7, match: %{type: "js-hardcoded-secret-password", context: %{node_type: "VariableDeclarator", depth: 3, parent_type: "VariableDeclaration"}, location: %{depth: 3, end_column: 185, end_line: 1, start_line: 1, start_column: 174}, severity: "high", pattern_id: "js-hardcoded-secret-password", pattern_name: "Hardcoded Password", recommendation: "Review this code for potential security issues", confidence: 0.9, pattern_type: :hardcoded_secret}
18:48:58.357 [debug] Match confidence: 0.1848, min_confidence: 0.7, match: %{type: "js-hardcoded-secret-password", context: %{node_type: "VariableDeclarator", depth: 3, parent_type: "VariableDeclaration"}, location: %{depth: 3, end_column: 202, end_line: 1, start_line: 1, start_column: 191}, severity: "high", pattern_id: "js-hardcoded-secret-password", pattern_name: "Hardcoded Password", recommendation: "Review this code for potential security issues", confidence: 0.9, pattern_type: :hardcoded_secret}
18:48:58.357 [debug] Match confidence: 0.1848, min_confidence: 0.7, match: %{type: "js-hardcoded-secret-password", context: %{node_type: "VariableDeclarator", depth: 3, parent_type: "VariableDeclaration"}, location: %{depth: 3, end_column: 219, end_line: 1, start_line: 1, start_column: 208}, severity: "high", pattern_id: "js-hardcoded-secret-password", pattern_name: "Hardcoded Password", recommendation: "Review this code for potential security issues", confidence: 0.9, pattern_type: :hardcoded_secret}
18:48:58.358 [debug] Match confidence: 0.1848, min_confidence: 0.7, match: %{type: "js-hardcoded-secret-password", context: %{node_type: "VariableDeclarator", depth: 3, parent_type: "VariableDeclaration"}, location: %{depth: 3, end_column: 236, end_line: 1, start_line: 1, start_column: 225}, severity: "high", pattern_id: "js-hardcoded-secret-password", pattern_name: "Hardcoded Password", recommendation: "Review this code for potential security issues", confidence: 0.9, pattern_type: :hardcoded_secret}
18:48:58.359 [debug] Match confidence: 0.1848, min_confidence: 0.7, match: %{type: "js-hardcoded-secret-password", context: %{node_type: "VariableDeclarator", depth: 3, parent_type: "VariableDeclaration"}, location: %{depth: 3, end_column: 253, end_line: 1, start_line: 1, start_column: 242}, severity: "high", pattern_id: "js-hardcoded-secret-password", pattern_name: "Hardcoded Password", recommendation: "Review this code for potential security issues", confidence: 0.9, pattern_type: :hardcoded_secret}
18:48:58.359 [debug] Match confidence: 0.1848, min_confidence: 0.7, match: %{type: "js-hardcoded-secret-password", context: %{node_type: "VariableDeclarator", depth: 3, parent_type: "VariableDeclaration"}, location: %{depth: 3, end_column: 270, end_line: 1, start_line: 1, start_column: 259}, severity: "high", pattern_id: "js-hardcoded-secret-password", pattern_name: "Hardcoded Password", recommendation: "Review this code for potential security issues", confidence: 0.9, pattern_type: :hardcoded_secret}
18:48:58.359 [debug] Match confidence: 0.1848, min_confidence: 0.7, match: %{type: "js-hardcoded-secret-password", context: %{node_type: "VariableDeclarator", depth: 3, parent_type: "VariableDeclaration"}, location: %{depth: 3, end_column: 287, end_line: 1, start_line: 1, start_column: 276}, severity: "high", pattern_id: "js-hardcoded-secret-password", pattern_name: "Hardcoded Password", recommendation: "Review this code for potential security issues", confidence: 0.9, pattern_type: :hardcoded_secret}
18:48:58.359 [debug] Match confidence: 0.1848, min_confidence: 0.7, match: %{type: "js-hardcoded-secret-password", context: %{node_type: "VariableDeclarator", depth: 3, parent_type: "VariableDeclaration"}, location: %{depth: 3, end_column: 304, end_line: 1, start_line: 1, start_column: 293}, severity: "high", pattern_id: "js-hardcoded-secret-password", pattern_name: "Hardcoded Password", recommendation: "Review this code for potential security issues", confidence: 0.9, pattern_type: :hardcoded_secret}
18:48:58.359 [debug] Match confidence: 0.1848, min_confidence: 0.7, match: %{type: "js-hardcoded-secret-password", context: %{node_type: "VariableDeclarator", depth: 3, parent_type: "VariableDeclaration"}, location: %{depth: 3, end_column: 321, end_line: 1, start_line: 1, start_column: 310}, severity: "high", pattern_id: "js-hardcoded-secret-password", pattern_name: "Hardcoded Password", recommendation: "Review this code for potential security issues", confidence: 0.9, pattern_type: :hardcoded_secret}
18:48:58.359 [debug] Match confidence: 0.1848, min_confidence: 0.7, match: %{type: "js-hardcoded-secret-password", context: %{node_type: "VariableDeclarator", depth: 3, parent_type: "VariableDeclaration"}, location: %{depth: 3, end_column: 338, end_line: 1, start_line: 1, start_column: 327}, severity: "high", pattern_id: "js-hardcoded-secret-password", pattern_name: "Hardcoded Password", recommendation: "Review this code for potential security issues", confidence: 0.9, pattern_type: :hardcoded_secret}
18:48:58.359 [debug] Match confidence: 0.1848, min_confidence: 0.7, match: %{type: "js-hardcoded-secret-password", context: %{node_type: "VariableDeclarator", depth: 3, parent_type: "VariableDeclaration"}, location: %{depth: 3, end_column: 355, end_line: 1, start_line: 1, start_column: 344}, severity: "high", pattern_id: "js-hardcoded-secret-password", pattern_name: "Hardcoded Password", recommendation: "Review this code for potential security issues", confidence: 0.9, pattern_type: :hardcoded_secret}
18:48:58.360 [debug] Match confidence: 0.1848, min_confidence: 0.7, match: %{type: "js-hardcoded-secret-password", context: %{node_type: "VariableDeclarator", depth: 3, parent_type: "VariableDeclaration"}, location: %{depth: 3, end_column: 372, end_line: 1, start_line: 1, start_column: 361}, severity: "high", pattern_id: "js-hardcoded-secret-password", pattern_name: "Hardcoded Password", recommendation: "Review this code for potential security issues", confidence: 0.9, pattern_type: :hardcoded_secret}
18:48:58.360 [debug] Match confidence: 0.1848, min_confidence: 0.7, match: %{type: "js-hardcoded-secret-password", context: %{node_type: "VariableDeclarator", depth: 3, parent_type: "VariableDeclaration"}, location: %{depth: 3, end_column: 389, end_line: 1, start_line: 1, start_column: 378}, severity: "high", pattern_id: "js-hardcoded-secret-password", pattern_name: "Hardcoded Password", recommendation: "Review this code for potential security issues", confidence: 0.9, pattern_type: :hardcoded_secret}
18:48:58.360 [debug] Match confidence: 0.1848, min_confidence: 0.7, match: %{type: "js-hardcoded-secret-password", context: %{node_type: "VariableDeclarator", depth: 3, parent_type: "VariableDeclaration"}, location: %{depth: 3, end_column: 406, end_line: 1, start_line: 1, start_column: 395}, severity: "high", pattern_id: "js-hardcoded-secret-password", pattern_name: "Hardcoded Password", recommendation: "Review this code for potential security issues", confidence: 0.9, pattern_type: :hardcoded_secret}
18:48:58.360 [debug] Match confidence: 0.1848, min_confidence: 0.7, match: %{type: "js-hardcoded-secret-password", context: %{node_type: "VariableDeclarator", depth: 3, parent_type: "VariableDeclaration"}, location: %{depth: 3, end_column: 423, end_line: 1, start_line: 1, start_column: 412}, severity: "high", pattern_id: "js-hardcoded-secret-password", pattern_name: "Hardcoded Password", recommendation: "Review this code for potential security issues", confidence: 0.9, pattern_type: :hardcoded_secret}
18:48:58.360 [debug] Match confidence: 0.1848, min_confidence: 0.7, match: %{type: "js-hardcoded-secret-password", context: %{node_type: "VariableDeclarator", depth: 3, parent_type: "VariableDeclaration"}, location: %{depth: 3, end_column: 440, end_line: 1, start_line: 1, start_column: 429}, severity: "high", pattern_id: "js-hardcoded-secret-password", pattern_name: "Hardcoded Password", recommendation: "Review this code for potential security issues", confidence: 0.9, pattern_type: :hardcoded_secret}
18:48:58.363 [debug] Match confidence: 0.1848, min_confidence: 0.7, match: %{type: "js-hardcoded-secret-password", context: %{node_type: "VariableDeclarator", depth: 3, parent_type: "VariableDeclaration"}, location: %{depth: 3, end_column: 457, end_line: 1, start_line: 1, start_column: 446}, severity: "high", pattern_id: "js-hardcoded-secret-password", pattern_name: "Hardcoded Password", recommendation: "Review this code for potential security issues", confidence: 0.9, pattern_type: :hardcoded_secret}
18:48:58.363 [debug] Match confidence: 0.1848, min_confidence: 0.7, match: %{type: "js-hardcoded-secret-password", context: %{node_type: "VariableDeclarator", depth: 3, parent_type: "VariableDeclaration"}, location: %{depth: 3, end_column: 474, end_line: 1, start_line: 1, start_column: 463}, severity: "high", pattern_id: "js-hardcoded-secret-password", pattern_name: "Hardcoded Password", recommendation: "Review this code for potential security issues", confidence: 0.9, pattern_type: :hardcoded_secret}
18:48:58.363 [debug] Match confidence: 0.1848, min_confidence: 0.7, match: %{type: "js-hardcoded-secret-password", context: %{node_type: "VariableDeclarator", depth: 3, parent_type: "VariableDeclaration"}, location: %{depth: 3, end_column: 491, end_line: 1, start_line: 1, start_column: 480}, severity: "high", pattern_id: "js-hardcoded-secret-password", pattern_name: "Hardcoded Password", recommendation: "Review this code for potential security issues", confidence: 0.9, pattern_type: :hardcoded_secret}
18:48:58.363 [debug] Match confidence: 0.1848, min_confidence: 0.7, match: %{type: "js-hardcoded-secret-password", context: %{node_type: "VariableDeclarator", depth: 3, parent_type: "VariableDeclaration"}, location: %{depth: 3, end_column: 508, end_line: 1, start_line: 1, start_column: 497}, severity: "high", pattern_id: "js-hardcoded-secret-password", pattern_name: "Hardcoded Password", recommendation: "Review this code for potential security issues", confidence: 0.9, pattern_type: :hardcoded_secret}
18:48:58.363 [debug] Match confidence: 0.1848, min_confidence: 0.7, match: %{type: "js-hardcoded-secret-password", context: %{node_type: "VariableDeclarator", depth: 3, parent_type: "VariableDeclaration"}, location: %{depth: 3, end_column: 525, end_line: 1, start_line: 1, start_column: 514}, severity: "high", pattern_id: "js-hardcoded-secret-password", pattern_name: "Hardcoded Password", recommendation: "Review this code for potential security issues", confidence: 0.9, pattern_type: :hardcoded_secret}
18:48:58.363 [debug] Match confidence: 0.1848, min_confidence: 0.7, match: %{type: "js-hardcoded-secret-password", context: %{node_type: "VariableDeclarator", depth: 3, parent_type: "VariableDeclaration"}, location: %{depth: 3, end_column: 542, end_line: 1, start_line: 1, start_column: 531}, severity: "high", pattern_id: "js-hardcoded-secret-password", pattern_name: "Hardcoded Password", recommendation: "Review this code for potential security issues", confidence: 0.9, pattern_type: :hardcoded_secret}
18:48:58.363 [debug] Match confidence: 0.1848, min_confidence: 0.7, match: %{type: "js-hardcoded-secret-password", context: %{node_type: "VariableDeclarator", depth: 3, parent_type: "VariableDeclaration"}, location: %{depth: 3, end_column: 559, end_line: 1, start_line: 1, start_column: 548}, severity: "high", pattern_id: "js-hardcoded-secret-password", pattern_name: "Hardcoded Password", recommendation: "Review this code for potential security issues", confidence: 0.9, pattern_type: :hardcoded_secret}
18:48:58.363 [debug] Match confidence: 0.1848, min_confidence: 0.7, match: %{type: "js-hardcoded-secret-password", context: %{node_type: "VariableDeclarator", depth: 3, parent_type: "VariableDeclaration"}, location: %{depth: 3, end_column: 576, end_line: 1, start_line: 1, start_column: 565}, severity: "high", pattern_id: "js-hardcoded-secret-password", pattern_name: "Hardcoded Password", recommendation: "Review this code for potential security issues", confidence: 0.9, pattern_type: :hardcoded_secret}
18:48:58.363 [debug] Match confidence: 0.1848, min_confidence: 0.7, match: %{type: "js-hardcoded-secret-password", context: %{node_type: "VariableDeclarator", depth: 3, parent_type: "VariableDeclaration"}, location: %{depth: 3, end_column: 593, end_line: 1, start_line: 1, start_column: 582}, severity: "high", pattern_id: "js-hardcoded-secret-password", pattern_name: "Hardcoded Password", recommendation: "Review this code for potential security issues", confidence: 0.9, pattern_type: :hardcoded_secret}
18:48:58.363 [debug] Match confidence: 0.1848, min_confidence: 0.7, match: %{type: "js-hardcoded-secret-password", context: %{node_type: "VariableDeclarator", depth: 3, parent_type: "VariableDeclaration"}, location: %{depth: 3, end_column: 610, end_line: 1, start_line: 1, start_column: 599}, severity: "high", pattern_id: "js-hardcoded-secret-password", pattern_name: "Hardcoded Password", recommendation: "Review this code for potential security issues", confidence: 0.9, pattern_type: :hardcoded_secret}
18:48:58.364 [debug] Match confidence: 0.1848, min_confidence: 0.7, match: %{type: "js-hardcoded-secret-password", context: %{node_type: "VariableDeclarator", depth: 3, parent_type: "VariableDeclaration"}, location: %{depth: 3, end_column: 627, end_line: 1, start_line: 1, start_column: 616}, severity: "high", pattern_id: "js-hardcoded-secret-password", pattern_name: "Hardcoded Password", recommendation: "Review this code for potential security issues", confidence: 0.9, pattern_type: :hardcoded_secret}
18:48:58.364 [debug] Match confidence: 0.1848, min_confidence: 0.7, match: %{type: "js-hardcoded-secret-password", context: %{node_type: "VariableDeclarator", depth: 3, parent_type: "VariableDeclaration"}, location: %{depth: 3, end_column: 644, end_line: 1, start_line: 1, start_column: 633}, severity: "high", pattern_id: "js-hardcoded-secret-password", pattern_name: "Hardcoded Password", recommendation: "Review this code for potential security issues", confidence: 0.9, pattern_type: :hardcoded_secret}
18:48:58.364 [debug] Match confidence: 0.1848, min_confidence: 0.7, match: %{type: "js-hardcoded-secret-password", context: %{node_type: "VariableDeclarator", depth: 3, parent_type: "VariableDeclaration"}, location: %{depth: 3, end_column: 661, end_line: 1, start_line: 1, start_column: 650}, severity: "high", pattern_id: "js-hardcoded-secret-password", pattern_name: "Hardcoded Password", recommendation: "Review this code for potential security issues", confidence: 0.9, pattern_type: :hardcoded_secret}
18:48:58.364 [debug] Match confidence: 0.1848, min_confidence: 0.7, match: %{type: "js-hardcoded-secret-password", context: %{node_type: "VariableDeclarator", depth: 3, parent_type: "VariableDeclaration"}, location: %{depth: 3, end_column: 678, end_line: 1, start_line: 1, start_column: 667}, severity: "high", pattern_id: "js-hardcoded-secret-password", pattern_name: "Hardcoded Password", recommendation: "Review this code for potential security issues", confidence: 0.9, pattern_type: :hardcoded_secret}
18:48:58.364 [debug] Match confidence: 0.1848, min_confidence: 0.7, match: %{type: "js-hardcoded-secret-password", context: %{node_type: "VariableDeclarator", depth: 3, parent_type: "VariableDeclaration"}, location: %{depth: 3, end_column: 695, end_line: 1, start_line: 1, start_column: 684}, severity: "high", pattern_id: "js-hardcoded-secret-password", pattern_name: "Hardcoded Password", recommendation: "Review this code for potential security issues", confidence: 0.9, pattern_type: :hardcoded_secret}
18:48:58.364 [debug] Match confidence: 0.1848, min_confidence: 0.7, match: %{type: "js-hardcoded-secret-password", context: %{node_type: "VariableDeclarator", depth: 3, parent_type: "VariableDeclaration"}, location: %{depth: 3, end_column: 712, end_line: 1, start_line: 1, start_column: 701}, severity: "high", pattern_id: "js-hardcoded-secret-password", pattern_name: "Hardcoded Password", recommendation: "Review this code for potential security issues", confidence: 0.9, pattern_type: :hardcoded_secret}
18:48:58.364 [debug] Match confidence: 0.1848, min_confidence: 0.7, match: %{type: "js-hardcoded-secret-password", context: %{node_type: "VariableDeclarator", depth: 3, parent_type: "VariableDeclaration"}, location: %{depth: 3, end_column: 729, end_line: 1, start_line: 1, start_column: 718}, severity: "high", pattern_id: "js-hardcoded-secret-password", pattern_name: "Hardcoded Password", recommendation: "Review this code for potential security issues", confidence: 0.9, pattern_type: :hardcoded_secret}
18:48:58.364 [debug] Match confidence: 0.1848, min_confidence: 0.7, match: %{type: "js-hardcoded-secret-password", context: %{node_type: "VariableDeclarator", depth: 3, parent_type: "VariableDeclaration"}, location: %{depth: 3, end_column: 746, end_line: 1, start_line: 1, start_column: 735}, severity: "high", pattern_id: "js-hardcoded-secret-password", pattern_name: "Hardcoded Password", recommendation: "Review this code for potential security issues", confidence: 0.9, pattern_type: :hardcoded_secret}
18:48:58.364 [debug] Match confidence: 0.1848, min_confidence: 0.7, match: %{type: "js-hardcoded-secret-password", context: %{node_type: "VariableDeclarator", depth: 3, parent_type: "VariableDeclaration"}, location: %{depth: 3, end_column: 763, end_line: 1, start_line: 1, start_column: 752}, severity: "high", pattern_id: "js-hardcoded-secret-password", pattern_name: "Hardcoded Password", recommendation: "Review this code for potential security issues", confidence: 0.9, pattern_type: :hardcoded_secret}
18:48:58.364 [debug] Match confidence: 0.1848, min_confidence: 0.7, match: %{type: "js-hardcoded-secret-password", context: %{node_type: "VariableDeclarator", depth: 3, parent_type: "VariableDeclaration"}, location: %{depth: 3, end_column: 780, end_line: 1, start_line: 1, start_column: 769}, severity: "high", pattern_id: "js-hardcoded-secret-password", pattern_name: "Hardcoded Password", recommendation: "Review this code for potential security issues", confidence: 0.9, pattern_type: :hardcoded_secret}
18:48:58.364 [debug] Match confidence: 0.1848, min_confidence: 0.7, match: %{type: "js-hardcoded-secret-password", context: %{node_type: "VariableDeclarator", depth: 3, parent_type: "VariableDeclaration"}, location: %{depth: 3, end_column: 797, end_line: 1, start_line: 1, start_column: 786}, severity: "high", pattern_id: "js-hardcoded-secret-password", pattern_name: "Hardcoded Password", recommendation: "Review this code for potential security issues", confidence: 0.9, pattern_type: :hardcoded_secret}
18:48:58.364 [debug] Match confidence: 0.1848, min_confidence: 0.7, match: %{type: "js-hardcoded-secret-password", context: %{node_type: "VariableDeclarator", depth: 3, parent_type: "VariableDeclaration"}, location: %{depth: 3, end_column: 814, end_line: 1, start_line: 1, start_column: 803}, severity: "high", pattern_id: "js-hardcoded-secret-password", pattern_name: "Hardcoded Password", recommendation: "Review this code for potential security issues", confidence: 0.9, pattern_type: :hardcoded_secret}
18:48:58.364 [debug] Match confidence: 0.1848, min_confidence: 0.7, match: %{type: "js-hardcoded-secret-password", context: %{node_type: "VariableDeclarator", depth: 3, parent_type: "VariableDeclaration"}, location: %{depth: 3, end_column: 831, end_line: 1, start_line: 1, start_column: 820}, severity: "high", pattern_id: "js-hardcoded-secret-password", pattern_name: "Hardcoded Password", recommendation: "Review this code for potential security issues", confidence: 0.9, pattern_type: :hardcoded_secret}
18:48:58.364 [debug] Match confidence: 0.1848, min_confidence: 0.7, match: %{type: "js-hardcoded-secret-password", context: %{node_type: "VariableDeclarator", depth: 3, parent_type: "VariableDeclaration"}, location: %{depth: 3, end_column: 848, end_line: 1, start_line: 1, start_column: 837}, severity: "high", pattern_id: "js-hardcoded-secret-password", pattern_name: "Hardcoded Password", recommendation: "Review this code for potential security issues", confidence: 0.9, pattern_type: :hardcoded_secret}
18:48:58.364 [debug] Match confidence: 0.1848, min_confidence: 0.7, match: %{type: "js-hardcoded-secret-password", context: %{node_type: "VariableDeclarator", depth: 3, parent_type: "VariableDeclaration"}, location: %{depth: 3, end_column: 865, end_line: 1, start_line: 1, start_column: 854}, severity: "high", pattern_id: "js-hardcoded-secret-password", pattern_name: "Hardcoded Password", recommendation: "Review this code for potential security issues", confidence: 0.9, pattern_type: :hardcoded_secret}
18:48:58.364 [debug] Match confidence: 0.1848, min_confidence: 0.7, match: %{type: "js-hardcoded-secret-password", context: %{node_type: "VariableDeclarator", depth: 3, parent_type: "VariableDeclaration"}, location: %{depth: 3, end_column: 882, end_line: 1, start_line: 1, start_column: 871}, severity: "high", pattern_id: "js-hardcoded-secret-password", pattern_name: "Hardcoded Password", recommendation: "Review this code for potential security issues", confidence: 0.9, pattern_type: :hardcoded_secret}
18:48:58.365 [debug] Match confidence: 0.1848, min_confidence: 0.7, match: %{type: "js-hardcoded-secret-password", context: %{node_type: "VariableDeclarator", depth: 3, parent_type: "VariableDeclaration"}, location: %{depth: 3, end_column: 899, end_line: 1, start_line: 1, start_column: 888}, severity: "high", pattern_id: "js-hardcoded-secret-password", pattern_name: "Hardcoded Password", recommendation: "Review this code for potential security issues", confidence: 0.9, pattern_type: :hardcoded_secret}
18:48:58.365 [debug] Match confidence: 0.1848, min_confidence: 0.7, match: %{type: "js-hardcoded-secret-password", context: %{node_type: "VariableDeclarator", depth: 3, parent_type: "VariableDeclaration"}, location: %{depth: 3, end_column: 916, end_line: 1, start_line: 1, start_column: 905}, severity: "high", pattern_id: "js-hardcoded-secret-password", pattern_name: "Hardcoded Password", recommendation: "Review this code for potential security issues", confidence: 0.9, pattern_type: :hardcoded_secret}
18:48:58.365 [debug] Match confidence: 0.1848, min_confidence: 0.7, match: %{type: "js-hardcoded-secret-password", context: %{node_type: "VariableDeclarator", depth: 3, parent_type: "VariableDeclaration"}, location: %{depth: 3, end_column: 933, end_line: 1, start_line: 1, start_column: 922}, severity: "high", pattern_id: "js-hardcoded-secret-password", pattern_name: "Hardcoded Password", recommendation: "Review this code for potential security issues", confidence: 0.9, pattern_type: :hardcoded_secret}
18:48:58.365 [debug] Match confidence: 0.1848, min_confidence: 0.7, match: %{type: "js-hardcoded-secret-password", context: %{node_type: "VariableDeclarator", depth: 3, parent_type: "VariableDeclaration"}, location: %{depth: 3, end_column: 950, end_line: 1, start_line: 1, start_column: 939}, severity: "high", pattern_id: "js-hardcoded-secret-password", pattern_name: "Hardcoded Password", recommendation: "Review this code for potential security issues", confidence: 0.9, pattern_type: :hardcoded_secret}
18:48:58.365 [debug] Match confidence: 0.1848, min_confidence: 0.7, match: %{type: "js-hardcoded-secret-password", context: %{node_type: "VariableDeclarator", depth: 3, parent_type: "VariableDeclaration"}, location: %{depth: 3, end_column: 967, end_line: 1, start_line: 1, start_column: 956}, severity: "high", pattern_id: "js-hardcoded-secret-password", pattern_name: "Hardcoded Password", recommendation: "Review this code for potential security issues", confidence: 0.9, pattern_type: :hardcoded_secret}
18:48:58.365 [debug] Match confidence: 0.1848, min_confidence: 0.7, match: %{type: "js-hardcoded-secret-password", context: %{node_type: "VariableDeclarator", depth: 3, parent_type: "VariableDeclaration"}, location: %{depth: 3, end_column: 984, end_line: 1, start_line: 1, start_column: 973}, severity: "high", pattern_id: "js-hardcoded-secret-password", pattern_name: "Hardcoded Password", recommendation: "Review this code for potential security issues", confidence: 0.9, pattern_type: :hardcoded_secret}
18:48:58.365 [debug] Match confidence: 0.1848, min_confidence: 0.7, match: %{type: "js-hardcoded-secret-password", context: %{node_type: "VariableDeclarator", depth: 3, parent_type: "VariableDeclaration"}, location: %{depth: 3, end_column: 1001, end_line: 1, start_line: 1, start_column: 990}, severity: "high", pattern_id: "js-hardcoded-secret-password", pattern_name: "Hardcoded Password", recommendation: "Review this code for potential security issues", confidence: 0.9, pattern_type: :hardcoded_secret}
18:48:58.365 [debug] Match confidence: 0.1848, min_confidence: 0.7, match: %{type: "js-hardcoded-secret-password", context: %{node_type: "VariableDeclarator", depth: 3, parent_type: "VariableDeclaration"}, location: %{depth: 3, end_column: 1018, end_line: 1, start_line: 1, start_column: 1007}, severity: "high", pattern_id: "js-hardcoded-secret-password", pattern_name: "Hardcoded Password", recommendation: "Review this code for potential security issues", confidence: 0.9, pattern_type: :hardcoded_secret}
18:48:58.365 [debug] Match confidence: 0.1848, min_confidence: 0.7, match: %{type: "js-hardcoded-secret-password", context: %{node_type: "VariableDeclarator", depth: 3, parent_type: "VariableDeclaration"}, location: %{depth: 3, end_column: 1035, end_line: 1, start_line: 1, start_column: 1024}, severity: "high", pattern_id: "js-hardcoded-secret-password", pattern_name: "Hardcoded Password", recommendation: "Review this code for potential security issues", confidence: 0.9, pattern_type: :hardcoded_secret}
18:48:58.365 [debug] Match confidence: 0.1848, min_confidence: 0.7, match: %{type: "js-hardcoded-secret-password", context: %{node_type: "VariableDeclarator", depth: 3, parent_type: "VariableDeclaration"}, location: %{depth: 3, end_column: 1052, end_line: 1, start_line: 1, start_column: 1041}, severity: "high", pattern_id: "js-hardcoded-secret-password", pattern_name: "Hardcoded Password", recommendation: "Review this code for potential security issues", confidence: 0.9, pattern_type: :hardcoded_secret}
18:48:58.365 [debug] Match confidence: 0.1848, min_confidence: 0.7, match: %{type: "js-hardcoded-secret-password", context: %{node_type: "VariableDeclarator", depth: 3, parent_type: "VariableDeclaration"}, location: %{depth: 3, end_column: 1069, end_line: 1, start_line: 1, start_column: 1058}, severity: "high", pattern_id: "js-hardcoded-secret-password", pattern_name: "Hardcoded Password", recommendation: "Review this code for potential security issues", confidence: 0.9, pattern_type: :hardcoded_secret}
18:48:58.365 [debug] Match confidence: 0.1848, min_confidence: 0.7, match: %{type: "js-hardcoded-secret-password", context: %{node_type: "VariableDeclarator", depth: 3, parent_type: "VariableDeclaration"}, location: %{depth: 3, end_column: 1086, end_line: 1, start_line: 1, start_column: 1075}, severity: "high", pattern_id: "js-hardcoded-secret-password", pattern_name: "Hardcoded Password", recommendation: "Review this code for potential security issues", confidence: 0.9, pattern_type: :hardcoded_secret}
18:48:58.365 [debug] Match confidence: 0.1848, min_confidence: 0.7, match: %{type: "js-hardcoded-secret-password", context: %{node_type: "VariableDeclarator", depth: 3, parent_type: "VariableDeclaration"}, location: %{depth: 3, end_column: 1103, end_line: 1, start_line: 1, start_column: 1092}, severity: "high", pattern_id: "js-hardcoded-secret-password", pattern_name: "Hardcoded Password", recommendation: "Review this code for potential security issues", confidence: 0.9, pattern_type: :hardcoded_secret}
18:48:58.365 [debug] Match confidence: 0.1848, min_confidence: 0.7, match: %{type: "js-hardcoded-secret-password", context: %{node_type: "VariableDeclarator", depth: 3, parent_type: "VariableDeclaration"}, location: %{depth: 3, end_column: 1120, end_line: 1, start_line: 1, start_column: 1109}, severity: "high", pattern_id: "js-hardcoded-secret-password", pattern_name: "Hardcoded Password", recommendation: "Review this code for potential security issues", confidence: 0.9, pattern_type: :hardcoded_secret}
18:48:58.365 [debug] Match confidence: 0.1848, min_confidence: 0.7, match: %{type: "js-hardcoded-secret-password", context: %{node_type: "VariableDeclarator", depth: 3, parent_type: "VariableDeclaration"}, location: %{depth: 3, end_column: 1137, end_line: 1, start_line: 1, start_column: 1126}, severity: "high", pattern_id: "js-hardcoded-secret-password", pattern_name: "Hardcoded Password", recommendation: "Review this code for potential security issues", confidence: 0.9, pattern_type: :hardcoded_secret}
18:48:58.365 [debug] Match confidence: 0.1848, min_confidence: 0.7, match: %{type: "js-hardcoded-secret-password", context: %{node_type: "VariableDeclarator", depth: 3, parent_type: "VariableDeclaration"}, location: %{depth: 3, end_column: 1154, end_line: 1, start_line: 1, start_column: 1143}, severity: "high", pattern_id: "js-hardcoded-secret-password", pattern_name: "Hardcoded Password", recommendation: "Review this code for potential security issues", confidence: 0.9, pattern_type: :hardcoded_secret}
18:48:58.365 [debug] Match confidence: 0.1848, min_confidence: 0.7, match: %{type: "js-hardcoded-secret-password", context: %{node_type: "VariableDeclarator", depth: 3, parent_type: "VariableDeclaration"}, location: %{depth: 3, end_column: 1171, end_line: 1, start_line: 1, start_column: 1160}, severity: "high", pattern_id: "js-hardcoded-secret-password", pattern_name: "Hardcoded Password", recommendation: "Review this code for potential security issues", confidence: 0.9, pattern_type: :hardcoded_secret}
18:48:58.365 [debug] Match confidence: 0.1848, min_confidence: 0.7, match: %{type: "js-hardcoded-secret-password", context: %{node_type: "VariableDeclarator", depth: 3, parent_type: "VariableDeclaration"}, location: %{depth: 3, end_column: 1188, end_line: 1, start_line: 1, start_column: 1177}, severity: "high", pattern_id: "js-hardcoded-secret-password", pattern_name: "Hardcoded Password", recommendation: "Review this code for potential security issues", confidence: 0.9, pattern_type: :hardcoded_secret}
18:48:58.365 [debug] Match confidence: 0.1848, min_confidence: 0.7, match: %{type: "js-hardcoded-secret-password", context: %{node_type: "VariableDeclarator", depth: 3, parent_type: "VariableDeclaration"}, location: %{depth: 3, end_column: 1205, end_line: 1, start_line: 1, start_column: 1194}, severity: "high", pattern_id: "js-hardcoded-secret-password", pattern_name: "Hardcoded Password", recommendation: "Review this code for potential security issues", confidence: 0.9, pattern_type: :hardcoded_secret}
18:48:58.366 [debug] Match confidence: 0.1848, min_confidence: 0.7, match: %{type: "js-hardcoded-secret-password", context: %{node_type: "VariableDeclarator", depth: 3, parent_type: "VariableDeclaration"}, location: %{depth: 3, end_column: 1222, end_line: 1, start_line: 1, start_column: 1211}, severity: "high", pattern_id: "js-hardcoded-secret-password", pattern_name: "Hardcoded Password", recommendation: "Review this code for potential security issues", confidence: 0.9, pattern_type: :hardcoded_secret}
18:48:58.366 [debug] Match confidence: 0.1848, min_confidence: 0.7, match: %{type: "js-hardcoded-secret-password", context: %{node_type: "VariableDeclarator", depth: 3, parent_type: "VariableDeclaration"}, location: %{depth: 3, end_column: 1239, end_line: 1, start_line: 1, start_column: 1228}, severity: "high", pattern_id: "js-hardcoded-secret-password", pattern_name: "Hardcoded Password", recommendation: "Review this code for potential security issues", confidence: 0.9, pattern_type: :hardcoded_secret}
18:48:58.366 [debug] Match confidence: 0.1848, min_confidence: 0.7, match: %{type: "js-hardcoded-secret-password", context: %{node_type: "VariableDeclarator", depth: 3, parent_type: "VariableDeclaration"}, location: %{depth: 3, end_column: 1256, end_line: 1, start_line: 1, start_column: 1245}, severity: "high", pattern_id: "js-hardcoded-secret-password", pattern_name: "Hardcoded Password", recommendation: "Review this code for potential security issues", confidence: 0.9, pattern_type: :hardcoded_secret}
18:48:58.366 [debug] Match confidence: 0.1848, min_confidence: 0.7, match: %{type: "js-hardcoded-secret-password", context: %{node_type: "VariableDeclarator", depth: 3, parent_type: "VariableDeclaration"}, location: %{depth: 3, end_column: 1273, end_line: 1, start_line: 1, start_column: 1262}, severity: "high", pattern_id: "js-hardcoded-secret-password", pattern_name: "Hardcoded Password", recommendation: "Review this code for potential security issues", confidence: 0.9, pattern_type: :hardcoded_secret}
18:48:58.366 [debug] Match confidence: 0.1848, min_confidence: 0.7, match: %{type: "js-hardcoded-secret-password", context: %{node_type: "VariableDeclarator", depth: 3, parent_type: "VariableDeclaration"}, location: %{depth: 3, end_column: 1290, end_line: 1, start_line: 1, start_column: 1279}, severity: "high", pattern_id: "js-hardcoded-secret-password", pattern_name: "Hardcoded Password", recommendation: "Review this code for potential security issues", confidence: 0.9, pattern_type: :hardcoded_secret}
18:48:58.370 [debug] Match confidence: 0.1848, min_confidence: 0.7, match: %{type: "js-hardcoded-secret-password", context: %{node_type: "VariableDeclarator", depth: 3, parent_type: "VariableDeclaration"}, location: %{depth: 3, end_column: 1307, end_line: 1, start_line: 1, start_column: 1296}, severity: "high", pattern_id: "js-hardcoded-secret-password", pattern_name: "Hardcoded Password", recommendation: "Review this code for potential security issues", confidence: 0.9, pattern_type: :hardcoded_secret}
18:48:58.370 [debug] Match confidence: 0.1848, min_confidence: 0.7, match: %{type: "js-hardcoded-secret-password", context: %{node_type: "VariableDeclarator", depth: 3, parent_type: "VariableDeclaration"}, location: %{depth: 3, end_column: 1324, end_line: 1, start_line: 1, start_column: 1313}, severity: "high", pattern_id: "js-hardcoded-secret-password", pattern_name: "Hardcoded Password", recommendation: "Review this code for potential security issues", confidence: 0.9, pattern_type: :hardcoded_secret}
18:48:58.370 [debug] Match confidence: 0.1848, min_confidence: 0.7, match: %{type: "js-hardcoded-secret-password", context: %{node_type: "VariableDeclarator", depth: 3, parent_type: "VariableDeclaration"}, location: %{depth: 3, end_column: 1341, end_line: 1, start_line: 1, start_column: 1330}, severity: "high", pattern_id: "js-hardcoded-secret-password", pattern_name: "Hardcoded Password", recommendation: "Review this code for potential security issues", confidence: 0.9, pattern_type: :hardcoded_secret}
18:48:58.370 [debug] Match confidence: 0.1848, min_confidence: 0.7, match: %{type: "js-hardcoded-secret-password", context: %{node_type: "VariableDeclarator", depth: 3, parent_type: "VariableDeclaration"}, location: %{depth: 3, end_column: 1358, end_line: 1, start_line: 1, start_column: 1347}, severity: "high", pattern_id: "js-hardcoded-secret-password", pattern_name: "Hardcoded Password", recommendation: "Review this code for potential security issues", confidence: 0.9, pattern_type: :hardcoded_secret}
18:48:58.370 [debug] Match confidence: 0.1848, min_confidence: 0.7, match: %{type: "js-hardcoded-secret-password", context: %{node_type: "VariableDeclarator", depth: 3, parent_type: "VariableDeclaration"}, location: %{depth: 3, end_column: 1375, end_line: 1, start_line: 1, start_column: 1364}, severity: "high", pattern_id: "js-hardcoded-secret-password", pattern_name: "Hardcoded Password", recommendation: "Review this code for potential security issues", confidence: 0.9, pattern_type: :hardcoded_secret}
18:48:58.370 [debug] Match confidence: 0.1848, min_confidence: 0.7, match: %{type: "js-hardcoded-secret-password", context: %{node_type: "VariableDeclarator", depth: 3, parent_type: "VariableDeclaration"}, location: %{depth: 3, end_column: 1392, end_line: 1, start_line: 1, start_column: 1381}, severity: "high", pattern_id: "js-hardcoded-secret-password", pattern_name: "Hardcoded Password", recommendation: "Review this code for potential security issues", confidence: 0.9, pattern_type: :hardcoded_secret}
18:48:58.370 [debug] Match confidence: 0.1848, min_confidence: 0.7, match: %{type: "js-hardcoded-secret-password", context: %{node_type: "VariableDeclarator", depth: 3, parent_type: "VariableDeclaration"}, location: %{depth: 3, end_column: 1409, end_line: 1, start_line: 1, start_column: 1398}, severity: "high", pattern_id: "js-hardcoded-secret-password", pattern_name: "Hardcoded Password", recommendation: "Review this code for potential security issues", confidence: 0.9, pattern_type: :hardcoded_secret}
18:48:58.370 [debug] Match confidence: 0.1848, min_confidence: 0.7, match: %{type: "js-hardcoded-secret-password", context: %{node_type: "VariableDeclarator", depth: 3, parent_type: "VariableDeclaration"}, location: %{depth: 3, end_column: 1426, end_line: 1, start_line: 1, start_column: 1415}, severity: "high", pattern_id: "js-hardcoded-secret-password", pattern_name: "Hardcoded Password", recommendation: "Review this code for potential security issues", confidence: 0.9, pattern_type: :hardcoded_secret}
18:48:58.370 [debug] Match confidence: 0.1848, min_confidence: 0.7, match: %{type: "js-hardcoded-secret-password", context: %{node_type: "VariableDeclarator", depth: 3, parent_type: "VariableDeclaration"}, location: %{depth: 3, end_column: 1443, end_line: 1, start_line: 1, start_column: 1432}, severity: "high", pattern_id: "js-hardcoded-secret-password", pattern_name: "Hardcoded Password", recommendation: "Review this code for potential security issues", confidence: 0.9, pattern_type: :hardcoded_secret}
18:48:58.371 [debug] Match confidence: 0.1848, min_confidence: 0.7, match: %{type: "js-hardcoded-secret-password", context: %{node_type: "VariableDeclarator", depth: 3, parent_type: "VariableDeclaration"}, location: %{depth: 3, end_column: 1460, end_line: 1, start_line: 1, start_column: 1449}, severity: "high", pattern_id: "js-hardcoded-secret-password", pattern_name: "Hardcoded Password", recommendation: "Review this code for potential security issues", confidence: 0.9, pattern_type: :hardcoded_secret}
18:48:58.371 [debug] Match confidence: 0.1848, min_confidence: 0.7, match: %{type: "js-hardcoded-secret-password", context: %{node_type: "VariableDeclarator", depth: 3, parent_type: "VariableDeclaration"}, location: %{depth: 3, end_column: 1477, end_line: 1, start_line: 1, start_column: 1466}, severity: "high", pattern_id: "js-hardcoded-secret-password", pattern_name: "Hardcoded Password", recommendation: "Review this code for potential security issues", confidence: 0.9, pattern_type: :hardcoded_secret}
18:48:58.371 [debug] Match confidence: 0.1848, min_confidence: 0.7, match: %{type: "js-hardcoded-secret-password", context: %{node_type: "VariableDeclarator", depth: 3, parent_type: "VariableDeclaration"}, location: %{depth: 3, end_column: 1494, end_line: 1, start_line: 1, start_column: 1483}, severity: "high", pattern_id: "js-hardcoded-secret-password", pattern_name: "Hardcoded Password", recommendation: "Review this code for potential security issues", confidence: 0.9, pattern_type: :hardcoded_secret}
18:48:58.371 [debug] Match confidence: 0.1848, min_confidence: 0.7, match: %{type: "js-hardcoded-secret-password", context: %{node_type: "VariableDeclarator", depth: 3, parent_type: "VariableDeclaration"}, location: %{depth: 3, end_column: 1511, end_line: 1, start_line: 1, start_column: 1500}, severity: "high", pattern_id: "js-hardcoded-secret-password", pattern_name: "Hardcoded Password", recommendation: "Review this code for potential security issues", confidence: 0.9, pattern_type: :hardcoded_secret}
18:48:58.371 [debug] Match confidence: 0.1848, min_confidence: 0.7, match: %{type: "js-hardcoded-secret-password", context: %{node_type: "VariableDeclarator", depth: 3, parent_type: "VariableDeclaration"}, location: %{depth: 3, end_column: 1528, end_line: 1, start_line: 1, start_column: 1517}, severity: "high", pattern_id: "js-hardcoded-secret-password", pattern_name: "Hardcoded Password", recommendation: "Review this code for potential security issues", confidence: 0.9, pattern_type: :hardcoded_secret}
18:48:58.371 [debug] Match confidence: 0.1848, min_confidence: 0.7, match: %{type: "js-hardcoded-secret-password", context: %{node_type: "VariableDeclarator", depth: 3, parent_type: "VariableDeclaration"}, location: %{depth: 3, end_column: 1545, end_line: 1, start_line: 1, start_column: 1534}, severity: "high", pattern_id: "js-hardcoded-secret-password", pattern_name: "Hardcoded Password", recommendation: "Review this code for potential security issues", confidence: 0.9, pattern_type: :hardcoded_secret}
18:48:58.371 [debug] Match confidence: 0.1848, min_confidence: 0.7, match: %{type: "js-hardcoded-secret-password", context: %{node_type: "VariableDeclarator", depth: 3, parent_type: "VariableDeclaration"}, location: %{depth: 3, end_column: 1562, end_line: 1, start_line: 1, start_column: 1551}, severity: "high", pattern_id: "js-hardcoded-secret-password", pattern_name: "Hardcoded Password", recommendation: "Review this code for potential security issues", confidence: 0.9, pattern_type: :hardcoded_secret}
18:48:58.371 [debug] Match confidence: 0.1848, min_confidence: 0.7, match: %{type: "js-hardcoded-secret-password", context: %{node_type: "VariableDeclarator", depth: 3, parent_type: "VariableDeclaration"}, location: %{depth: 3, end_column: 1579, end_line: 1, start_line: 1, start_column: 1568}, severity: "high", pattern_id: "js-hardcoded-secret-password", pattern_name: "Hardcoded Password", recommendation: "Review this code for potential security issues", confidence: 0.9, pattern_type: :hardcoded_secret}
18:48:58.371 [debug] Match confidence: 0.1848, min_confidence: 0.7, match: %{type: "js-hardcoded-secret-password", context: %{node_type: "VariableDeclarator", depth: 3, parent_type: "VariableDeclaration"}, location: %{depth: 3, end_column: 1596, end_line: 1, start_line: 1, start_column: 1585}, severity: "high", pattern_id: "js-hardcoded-secret-password", pattern_name: "Hardcoded Password", recommendation: "Review this code for potential security issues", confidence: 0.9, pattern_type: :hardcoded_secret}
18:48:58.372 [debug] Match confidence: 0.1848, min_confidence: 0.7, match: %{type: "js-hardcoded-secret-password", context: %{node_type: "VariableDeclarator", depth: 3, parent_type: "VariableDeclaration"}, location: %{depth: 3, end_column: 1613, end_line: 1, start_line: 1, start_column: 1602}, severity: "high", pattern_id: "js-hardcoded-secret-password", pattern_name: "Hardcoded Password", recommendation: "Review this code for potential security issues", confidence: 0.9, pattern_type: :hardcoded_secret}
18:48:58.372 [debug] Match confidence: 0.1848, min_confidence: 0.7, match: %{type: "js-hardcoded-secret-password", context: %{node_type: "VariableDeclarator", depth: 3, parent_type: "VariableDeclaration"}, location: %{depth: 3, end_column: 1630, end_line: 1, start_line: 1, start_column: 1619}, severity: "high", pattern_id: "js-hardcoded-secret-password", pattern_name: "Hardcoded Password", recommendation: "Review this code for potential security issues", confidence: 0.9, pattern_type: :hardcoded_secret}
18:48:58.372 [debug] Match confidence: 0.1848, min_confidence: 0.7, match: %{type: "js-hardcoded-secret-password", context: %{node_type: "VariableDeclarator", depth: 3, parent_type: "VariableDeclaration"}, location: %{depth: 3, end_column: 1647, end_line: 1, start_line: 1, start_column: 1636}, severity: "high", pattern_id: "js-hardcoded-secret-password", pattern_name: "Hardcoded Password", recommendation: "Review this code for potential security issues", confidence: 0.9, pattern_type: :hardcoded_secret}
18:48:58.372 [debug] Match confidence: 0.1848, min_confidence: 0.7, match: %{type: "js-hardcoded-secret-password", context: %{node_type: "VariableDeclarator", depth: 3, parent_type: "VariableDeclaration"}, location: %{depth: 3, end_column: 1664, end_line: 1, start_line: 1, start_column: 1653}, severity: "high", pattern_id: "js-hardcoded-secret-password", pattern_name: "Hardcoded Password", recommendation: "Review this code for potential security issues", confidence: 0.9, pattern_type: :hardcoded_secret}
18:48:58.372 [debug] Match confidence: 0.1848, min_confidence: 0.7, match: %{type: "js-hardcoded-secret-password", context: %{node_type: "VariableDeclarator", depth: 3, parent_type: "VariableDeclaration"}, location: %{depth: 3, end_column: 1681, end_line: 1, start_line: 1, start_column: 1670}, severity: "high", pattern_id: "js-hardcoded-secret-password", pattern_name: "Hardcoded Password", recommendation: "Review this code for potential security issues", confidence: 0.9, pattern_type: :hardcoded_secret}
18:48:58.372 [debug] Match confidence: 0.1848, min_confidence: 0.7, match: %{type: "js-hardcoded-secret-password", context: %{node_type: "VariableDeclarator", depth: 3, parent_type: "VariableDeclaration"}, location: %{depth: 3, end_column: 1698, end_line: 1, start_line: 1, start_column: 1687}, severity: "high", pattern_id: "js-hardcoded-secret-password", pattern_name: "Hardcoded Password", recommendation: "Review this code for potential security issues", confidence: 0.9, pattern_type: :hardcoded_secret}
18:48:58.372 [debug] Match confidence: 0.1848, min_confidence: 0.7, match: %{type: "js-hardcoded-secret-api-key", context: %{node_type: "VariableDeclarator", depth: 3, parent_type: "VariableDeclaration"}, location: %{depth: 3, end_column: 15, end_line: 1, start_line: 1, start_column: 4}, severity: "high", pattern_id: "js-hardcoded-secret-api-key", pattern_name: "Hardcoded API Key", recommendation: "Review this code for potential security issues", confidence: 0.9, pattern_type: :hardcoded_secret}
18:48:58.372 [debug] Match confidence: 0.1848, min_confidence: 0.7, match: %{type: "js-hardcoded-secret-api-key", context: %{node_type: "VariableDeclarator", depth: 3, parent_type: "VariableDeclaration"}, location: %{depth: 3, end_column: 32, end_line: 1, start_line: 1, start_column: 21}, severity: "high", pattern_id: "js-hardcoded-secret-api-key", pattern_name: "Hardcoded API Key", recommendation: "Review this code for potential security issues", confidence: 0.9, pattern_type: :hardcoded_secret}
18:48:58.372 [debug] Match confidence: 0.1848, min_confidence: 0.7, match: %{type: "js-hardcoded-secret-api-key", context: %{node_type: "VariableDeclarator", depth: 3, parent_type: "VariableDeclaration"}, location: %{depth: 3, end_column: 49, end_line: 1, start_line: 1, start_column: 38}, severity: "high", pattern_id: "js-hardcoded-secret-api-key", pattern_name: "Hardcoded API Key", recommendation: "Review this code for potential security issues", confidence: 0.9, pattern_type: :hardcoded_secret}
18:48:58.372 [debug] Match confidence: 0.1848, min_confidence: 0.7, match: %{type: "js-hardcoded-secret-api-key", context: %{node_type: "VariableDeclarator", depth: 3, parent_type: "VariableDeclaration"}, location: %{depth: 3, end_column: 66, end_line: 1, start_line: 1, start_column: 55}, severity: "high", pattern_id: "js-hardcoded-secret-api-key", pattern_name: "Hardcoded API Key", recommendation: "Review this code for potential security issues", confidence: 0.9, pattern_type: :hardcoded_secret}
18:48:58.372 [debug] Match confidence: 0.1848, min_confidence: 0.7, match: %{type: "js-hardcoded-secret-api-key", context: %{node_type: "VariableDeclarator", depth: 3, parent_type: "VariableDeclaration"}, location: %{depth: 3, end_column: 83, end_line: 1, start_line: 1, start_column: 72}, severity: "high", pattern_id: "js-hardcoded-secret-api-key", pattern_name: "Hardcoded API Key", recommendation: "Review this code for potential security issues", confidence: 0.9, pattern_type: :hardcoded_secret}
18:48:58.372 [debug] Match confidence: 0.1848, min_confidence: 0.7, match: %{type: "js-hardcoded-secret-api-key", context: %{node_type: "VariableDeclarator", depth: 3, parent_type: "VariableDeclaration"}, location: %{depth: 3, end_column: 100, end_line: 1, start_line: 1, start_column: 89}, severity: "high", pattern_id: "js-hardcoded-secret-api-key", pattern_name: "Hardcoded API Key", recommendation: "Review this code for potential security issues", confidence: 0.9, pattern_type: :hardcoded_secret}
18:48:58.372 [debug] Match confidence: 0.1848, min_confidence: 0.7, match: %{type: "js-hardcoded-secret-api-key", context: %{node_type: "VariableDeclarator", depth: 3, parent_type: "VariableDeclaration"}, location: %{depth: 3, end_column: 117, end_line: 1, start_line: 1, start_column: 106}, severity: "high", pattern_id: "js-hardcoded-secret-api-key", pattern_name: "Hardcoded API Key", recommendation: "Review this code for potential security issues", confidence: 0.9, pattern_type: :hardcoded_secret}
18:48:58.372 [debug] Match confidence: 0.1848, min_confidence: 0.7, match: %{type: "js-hardcoded-secret-api-key", context: %{node_type: "VariableDeclarator", depth: 3, parent_type: "VariableDeclaration"}, location: %{depth: 3, end_column: 134, end_line: 1, start_line: 1, start_column: 123}, severity: "high", pattern_id: "js-hardcoded-secret-api-key", pattern_name: "Hardcoded API Key", recommendation: "Review this code for potential security issues", confidence: 0.9, pattern_type: :hardcoded_secret}
18:48:58.372 [debug] Match confidence: 0.1848, min_confidence: 0.7, match: %{type: "js-hardcoded-secret-api-key", context: %{node_type: "VariableDeclarator", depth: 3, parent_type: "VariableDeclaration"}, location: %{depth: 3, end_column: 151, end_line: 1, start_line: 1, start_column: 140}, severity: "high", pattern_id: "js-hardcoded-secret-api-key", pattern_name: "Hardcoded API Key", recommendation: "Review this code for potential security issues", confidence: 0.9, pattern_type: :hardcoded_secret}
18:48:58.372 [debug] Match confidence: 0.1848, min_confidence: 0.7, match: %{type: "js-hardcoded-secret-api-key", context: %{node_type: "VariableDeclarator", depth: 3, parent_type: "VariableDeclaration"}, location: %{depth: 3, end_column: 168, end_line: 1, start_line: 1, start_column: 157}, severity: "high", pattern_id: "js-hardcoded-secret-api-key", pattern_name: "Hardcoded API Key", recommendation: "Review this code for potential security issues", confidence: 0.9, pattern_type: :hardcoded_secret}
18:48:58.372 [debug] Match confidence: 0.1848, min_confidence: 0.7, match: %{type: "js-hardcoded-secret-api-key", context: %{node_type: "VariableDeclarator", depth: 3, parent_type: "VariableDeclaration"}, location: %{depth: 3, end_column: 185, end_line: 1, start_line: 1, start_column: 174}, severity: "high", pattern_id: "js-hardcoded-secret-api-key", pattern_name: "Hardcoded API Key", recommendation: "Review this code for potential security issues", confidence: 0.9, pattern_type: :hardcoded_secret}
18:48:58.372 [debug] Match confidence: 0.1848, min_confidence: 0.7, match: %{type: "js-hardcoded-secret-api-key", context: %{node_type: "VariableDeclarator", depth: 3, parent_type: "VariableDeclaration"}, location: %{depth: 3, end_column: 202, end_line: 1, start_line: 1, start_column: 191}, severity: "high", pattern_id: "js-hardcoded-secret-api-key", pattern_name: "Hardcoded API Key", recommendation: "Review this code for potential security issues", confidence: 0.9, pattern_type: :hardcoded_secret}
18:48:58.372 [debug] Match confidence: 0.1848, min_confidence: 0.7, match: %{type: "js-hardcoded-secret-api-key", context: %{node_type: "VariableDeclarator", depth: 3, parent_type: "VariableDeclaration"}, location: %{depth: 3, end_column: 219, end_line: 1, start_line: 1, start_column: 208}, severity: "high", pattern_id: "js-hardcoded-secret-api-key", pattern_name: "Hardcoded API Key", recommendation: "Review this code for potential security issues", confidence: 0.9, pattern_type: :hardcoded_secret}
18:48:58.372 [debug] Match confidence: 0.1848, min_confidence: 0.7, match: %{type: "js-hardcoded-secret-api-key", context: %{node_type: "VariableDeclarator", depth: 3, parent_type: "VariableDeclaration"}, location: %{depth: 3, end_column: 236, end_line: 1, start_line: 1, start_column: 225}, severity: "high", pattern_id: "js-hardcoded-secret-api-key", pattern_name: "Hardcoded API Key", recommendation: "Review this code for potential security issues", confidence: 0.9, pattern_type: :hardcoded_secret}
18:48:58.372 [debug] Match confidence: 0.1848, min_confidence: 0.7, match: %{type: "js-hardcoded-secret-api-key", context: %{node_type: "VariableDeclarator", depth: 3, parent_type: "VariableDeclaration"}, location: %{depth: 3, end_column: 253, end_line: 1, start_line: 1, start_column: 242}, severity: "high", pattern_id: "js-hardcoded-secret-api-key", pattern_name: "Hardcoded API Key", recommendation: "Review this code for potential security issues", confidence: 0.9, pattern_type: :hardcoded_secret}
18:48:58.372 [debug] Match confidence: 0.1848, min_confidence: 0.7, match: %{type: "js-hardcoded-secret-api-key", context: %{node_type: "VariableDeclarator", depth: 3, parent_type: "VariableDeclaration"}, location: %{depth: 3, end_column: 270, end_line: 1, start_line: 1, start_column: 259}, severity: "high", pattern_id: "js-hardcoded-secret-api-key", pattern_name: "Hardcoded API Key", recommendation: "Review this code for potential security issues", confidence: 0.9, pattern_type: :hardcoded_secret}
18:48:58.372 [debug] Match confidence: 0.1848, min_confidence: 0.7, match: %{type: "js-hardcoded-secret-api-key", context: %{node_type: "VariableDeclarator", depth: 3, parent_type: "VariableDeclaration"}, location: %{depth: 3, end_column: 287, end_line: 1, start_line: 1, start_column: 276}, severity: "high", pattern_id: "js-hardcoded-secret-api-key", pattern_name: "Hardcoded API Key", recommendation: "Review this code for potential security issues", confidence: 0.9, pattern_type: :hardcoded_secret}
18:48:58.372 [debug] Match confidence: 0.1848, min_confidence: 0.7, match: %{type: "js-hardcoded-secret-api-key", context: %{node_type: "VariableDeclarator", depth: 3, parent_type: "VariableDeclaration"}, location: %{depth: 3, end_column: 304, end_line: 1, start_line: 1, start_column: 293}, severity: "high", pattern_id: "js-hardcoded-secret-api-key", pattern_name: "Hardcoded API Key", recommendation: "Review this code for potential security issues", confidence: 0.9, pattern_type: :hardcoded_secret}
18:48:58.373 [debug] Match confidence: 0.1848, min_confidence: 0.7, match: %{type: "js-hardcoded-secret-api-key", context: %{node_type: "VariableDeclarator", depth: 3, parent_type: "VariableDeclaration"}, location: %{depth: 3, end_column: 321, end_line: 1, start_line: 1, start_column: 310}, severity: "high", pattern_id: "js-hardcoded-secret-api-key", pattern_name: "Hardcoded API Key", recommendation: "Review this code for potential security issues", confidence: 0.9, pattern_type: :hardcoded_secret}
18:48:58.373 [debug] Match confidence: 0.1848, min_confidence: 0.7, match: %{type: "js-hardcoded-secret-api-key", context: %{node_type: "VariableDeclarator", depth: 3, parent_type: "VariableDeclaration"}, location: %{depth: 3, end_column: 338, end_line: 1, start_line: 1, start_column: 327}, severity: "high", pattern_id: "js-hardcoded-secret-api-key", pattern_name: "Hardcoded API Key", recommendation: "Review this code for potential security issues", confidence: 0.9, pattern_type: :hardcoded_secret}
18:48:58.373 [debug] Match confidence: 0.1848, min_confidence: 0.7, match: %{type: "js-hardcoded-secret-api-key", context: %{node_type: "VariableDeclarator", depth: 3, parent_type: "VariableDeclaration"}, location: %{depth: 3, end_column: 355, end_line: 1, start_line: 1, start_column: 344}, severity: "high", pattern_id: "js-hardcoded-secret-api-key", pattern_name: "Hardcoded API Key", recommendation: "Review this code for potential security issues", confidence: 0.9, pattern_type: :hardcoded_secret}
18:48:58.373 [debug] Match confidence: 0.1848, min_confidence: 0.7, match: %{type: "js-hardcoded-secret-api-key", context: %{node_type: "VariableDeclarator", depth: 3, parent_type: "VariableDeclaration"}, location: %{depth: 3, end_column: 372, end_line: 1, start_line: 1, start_column: 361}, severity: "high", pattern_id: "js-hardcoded-secret-api-key", pattern_name: "Hardcoded API Key", recommendation: "Review this code for potential security issues", confidence: 0.9, pattern_type: :hardcoded_secret}
18:48:58.373 [debug] Match confidence: 0.1848, min_confidence: 0.7, match: %{type: "js-hardcoded-secret-api-key", context: %{node_type: "VariableDeclarator", depth: 3, parent_type: "VariableDeclaration"}, location: %{depth: 3, end_column: 389, end_line: 1, start_line: 1, start_column: 378}, severity: "high", pattern_id: "js-hardcoded-secret-api-key", pattern_name: "Hardcoded API Key", recommendation: "Review this code for potential security issues", confidence: 0.9, pattern_type: :hardcoded_secret}
18:48:58.373 [debug] Match confidence: 0.1848, min_confidence: 0.7, match: %{type: "js-hardcoded-secret-api-key", context: %{node_type: "VariableDeclarator", depth: 3, parent_type: "VariableDeclaration"}, location: %{depth: 3, end_column: 406, end_line: 1, start_line: 1, start_column: 395}, severity: "high", pattern_id: "js-hardcoded-secret-api-key", pattern_name: "Hardcoded API Key", recommendation: "Review this code for potential security issues", confidence: 0.9, pattern_type: :hardcoded_secret}
18:48:58.373 [debug] Match confidence: 0.1848, min_confidence: 0.7, match: %{type: "js-hardcoded-secret-api-key", context: %{node_type: "VariableDeclarator", depth: 3, parent_type: "VariableDeclaration"}, location: %{depth: 3, end_column: 423, end_line: 1, start_line: 1, start_column: 412}, severity: "high", pattern_id: "js-hardcoded-secret-api-key", pattern_name: "Hardcoded API Key", recommendation: "Review this code for potential security issues", confidence: 0.9, pattern_type: :hardcoded_secret}
18:48:58.373 [debug] Match confidence: 0.1848, min_confidence: 0.7, match: %{type: "js-hardcoded-secret-api-key", context: %{node_type: "VariableDeclarator", depth: 3, parent_type: "VariableDeclaration"}, location: %{depth: 3, end_column: 440, end_line: 1, start_line: 1, start_column: 429}, severity: "high", pattern_id: "js-hardcoded-secret-api-key", pattern_name: "Hardcoded API Key", recommendation: "Review this code for potential security issues", confidence: 0.9, pattern_type: :hardcoded_secret}
18:48:58.373 [debug] Match confidence: 0.1848, min_confidence: 0.7, match: %{type: "js-hardcoded-secret-api-key", context: %{node_type: "VariableDeclarator", depth: 3, parent_type: "VariableDeclaration"}, location: %{depth: 3, end_column: 457, end_line: 1, start_line: 1, start_column: 446}, severity: "high", pattern_id: "js-hardcoded-secret-api-key", pattern_name: "Hardcoded API Key", recommendation: "Review this code for potential security issues", confidence: 0.9, pattern_type: :hardcoded_secret}
18:48:58.373 [debug] Match confidence: 0.1848, min_confidence: 0.7, match: %{type: "js-hardcoded-secret-api-key", context: %{node_type: "VariableDeclarator", depth: 3, parent_type: "VariableDeclaration"}, location: %{depth: 3, end_column: 474, end_line: 1, start_line: 1, start_column: 463}, severity: "high", pattern_id: "js-hardcoded-secret-api-key", pattern_name: "Hardcoded API Key", recommendation: "Review this code for potential security issues", confidence: 0.9, pattern_type: :hardcoded_secret}
18:48:58.373 [debug] Match confidence: 0.1848, min_confidence: 0.7, match: %{type: "js-hardcoded-secret-api-key", context: %{node_type: "VariableDeclarator", depth: 3, parent_type: "VariableDeclaration"}, location: %{depth: 3, end_column: 491, end_line: 1, start_line: 1, start_column: 480}, severity: "high", pattern_id: "js-hardcoded-secret-api-key", pattern_name: "Hardcoded API Key", recommendation: "Review this code for potential security issues", confidence: 0.9, pattern_type: :hardcoded_secret}
18:48:58.373 [debug] Match confidence: 0.1848, min_confidence: 0.7, match: %{type: "js-hardcoded-secret-api-key", context: %{node_type: "VariableDeclarator", depth: 3, parent_type: "VariableDeclaration"}, location: %{depth: 3, end_column: 508, end_line: 1, start_line: 1, start_column: 497}, severity: "high", pattern_id: "js-hardcoded-secret-api-key", pattern_name: "Hardcoded API Key", recommendation: "Review this code for potential security issues", confidence: 0.9, pattern_type: :hardcoded_secret}
18:48:58.374 [debug] Match confidence: 0.1848, min_confidence: 0.7, match: %{type: "js-hardcoded-secret-api-key", context: %{node_type: "VariableDeclarator", depth: 3, parent_type: "VariableDeclaration"}, location: %{depth: 3, end_column: 525, end_line: 1, start_line: 1, start_column: 514}, severity: "high", pattern_id: "js-hardcoded-secret-api-key", pattern_name: "Hardcoded API Key", recommendation: "Review this code for potential security issues", confidence: 0.9, pattern_type: :hardcoded_secret}
18:48:58.374 [debug] Match confidence: 0.1848, min_confidence: 0.7, match: %{type: "js-hardcoded-secret-api-key", context: %{node_type: "VariableDeclarator", depth: 3, parent_type: "VariableDeclaration"}, location: %{depth: 3, end_column: 542, end_line: 1, start_line: 1, start_column: 531}, severity: "high", pattern_id: "js-hardcoded-secret-api-key", pattern_name: "Hardcoded API Key", recommendation: "Review this code for potential security issues", confidence: 0.9, pattern_type: :hardcoded_secret}
18:48:58.374 [debug] Match confidence: 0.1848, min_confidence: 0.7, match: %{type: "js-hardcoded-secret-api-key", context: %{node_type: "VariableDeclarator", depth: 3, parent_type: "VariableDeclaration"}, location: %{depth: 3, end_column: 559, end_line: 1, start_line: 1, start_column: 548}, severity: "high", pattern_id: "js-hardcoded-secret-api-key", pattern_name: "Hardcoded API Key", recommendation: "Review this code for potential security issues", confidence: 0.9, pattern_type: :hardcoded_secret}
18:48:58.374 [debug] Match confidence: 0.1848, min_confidence: 0.7, match: %{type: "js-hardcoded-secret-api-key", context: %{node_type: "VariableDeclarator", depth: 3, parent_type: "VariableDeclaration"}, location: %{depth: 3, end_column: 576, end_line: 1, start_line: 1, start_column: 565}, severity: "high", pattern_id: "js-hardcoded-secret-api-key", pattern_name: "Hardcoded API Key", recommendation: "Review this code for potential security issues", confidence: 0.9, pattern_type: :hardcoded_secret}
18:48:58.374 [debug] Match confidence: 0.1848, min_confidence: 0.7, match: %{type: "js-hardcoded-secret-api-key", context: %{node_type: "VariableDeclarator", depth: 3, parent_type: "VariableDeclaration"}, location: %{depth: 3, end_column: 593, end_line: 1, start_line: 1, start_column: 582}, severity: "high", pattern_id: "js-hardcoded-secret-api-key", pattern_name: "Hardcoded API Key", recommendation: "Review this code for potential security issues", confidence: 0.9, pattern_type: :hardcoded_secret}
18:48:58.374 [debug] Match confidence: 0.1848, min_confidence: 0.7, match: %{type: "js-hardcoded-secret-api-key", context: %{node_type: "VariableDeclarator", depth: 3, parent_type: "VariableDeclaration"}, location: %{depth: 3, end_column: 610, end_line: 1, start_line: 1, start_column: 599}, severity: "high", pattern_id: "js-hardcoded-secret-api-key", pattern_name: "Hardcoded API Key", recommendation: "Review this code for potential security issues", confidence: 0.9, pattern_type: :hardcoded_secret}
18:48:58.374 [debug] Match confidence: 0.1848, min_confidence: 0.7, match: %{type: "js-hardcoded-secret-api-key", context: %{node_type: "VariableDeclarator", depth: 3, parent_type: "VariableDeclaration"}, location: %{depth: 3, end_column: 627, end_line: 1, start_line: 1, start_column: 616}, severity: "high", pattern_id: "js-hardcoded-secret-api-key", pattern_name: "Hardcoded API Key", recommendation: "Review this code for potential security issues", confidence: 0.9, pattern_type: :hardcoded_secret}
18:48:58.374 [debug] Match confidence: 0.1848, min_confidence: 0.7, match: %{type: "js-hardcoded-secret-api-key", context: %{node_type: "VariableDeclarator", depth: 3, parent_type: "VariableDeclaration"}, location: %{depth: 3, end_column: 644, end_line: 1, start_line: 1, start_column: 633}, severity: "high", pattern_id: "js-hardcoded-secret-api-key", pattern_name: "Hardcoded API Key", recommendation: "Review this code for potential security issues", confidence: 0.9, pattern_type: :hardcoded_secret}
18:48:58.374 [debug] Match confidence: 0.1848, min_confidence: 0.7, match: %{type: "js-hardcoded-secret-api-key", context: %{node_type: "VariableDeclarator", depth: 3, parent_type: "VariableDeclaration"}, location: %{depth: 3, end_column: 661, end_line: 1, start_line: 1, start_column: 650}, severity: "high", pattern_id: "js-hardcoded-secret-api-key", pattern_name: "Hardcoded API Key", recommendation: "Review this code for potential security issues", confidence: 0.9, pattern_type: :hardcoded_secret}
18:48:58.374 [debug] Match confidence: 0.1848, min_confidence: 0.7, match: %{type: "js-hardcoded-secret-api-key", context: %{node_type: "VariableDeclarator", depth: 3, parent_type: "VariableDeclaration"}, location: %{depth: 3, end_column: 678, end_line: 1, start_line: 1, start_column: 667}, severity: "high", pattern_id: "js-hardcoded-secret-api-key", pattern_name: "Hardcoded API Key", recommendation: "Review this code for potential security issues", confidence: 0.9, pattern_type: :hardcoded_secret}
18:48:58.375 [debug] Match confidence: 0.1848, min_confidence: 0.7, match: %{type: "js-hardcoded-secret-api-key", context: %{node_type: "VariableDeclarator", depth: 3, parent_type: "VariableDeclaration"}, location: %{depth: 3, end_column: 695, end_line: 1, start_line: 1, start_column: 684}, severity: "high", pattern_id: "js-hardcoded-secret-api-key", pattern_name: "Hardcoded API Key", recommendation: "Review this code for potential security issues", confidence: 0.9, pattern_type: :hardcoded_secret}
18:48:58.375 [debug] Match confidence: 0.1848, min_confidence: 0.7, match: %{type: "js-hardcoded-secret-api-key", context: %{node_type: "VariableDeclarator", depth: 3, parent_type: "VariableDeclaration"}, location: %{depth: 3, end_column: 712, end_line: 1, start_line: 1, start_column: 701}, severity: "high", pattern_id: "js-hardcoded-secret-api-key", pattern_name: "Hardcoded API Key", recommendation: "Review this code for potential security issues", confidence: 0.9, pattern_type: :hardcoded_secret}
18:48:58.375 [debug] Match confidence: 0.1848, min_confidence: 0.7, match: %{type: "js-hardcoded-secret-api-key", context: %{node_type: "VariableDeclarator", depth: 3, parent_type: "VariableDeclaration"}, location: %{depth: 3, end_column: 729, end_line: 1, start_line: 1, start_column: 718}, severity: "high", pattern_id: "js-hardcoded-secret-api-key", pattern_name: "Hardcoded API Key", recommendation: "Review this code for potential security issues", confidence: 0.9, pattern_type: :hardcoded_secret}
18:48:58.375 [debug] Match confidence: 0.1848, min_confidence: 0.7, match: %{type: "js-hardcoded-secret-api-key", context: %{node_type: "VariableDeclarator", depth: 3, parent_type: "VariableDeclaration"}, location: %{depth: 3, end_column: 746, end_line: 1, start_line: 1, start_column: 735}, severity: "high", pattern_id: "js-hardcoded-secret-api-key", pattern_name: "Hardcoded API Key", recommendation: "Review this code for potential security issues", confidence: 0.9, pattern_type: :hardcoded_secret}
18:48:58.375 [debug] Match confidence: 0.1848, min_confidence: 0.7, match: %{type: "js-hardcoded-secret-api-key", context: %{node_type: "VariableDeclarator", depth: 3, parent_type: "VariableDeclaration"}, location: %{depth: 3, end_column: 763, end_line: 1, start_line: 1, start_column: 752}, severity: "high", pattern_id: "js-hardcoded-secret-api-key", pattern_name: "Hardcoded API Key", recommendation: "Review this code for potential security issues", confidence: 0.9, pattern_type: :hardcoded_secret}
18:48:58.375 [debug] Match confidence: 0.1848, min_confidence: 0.7, match: %{type: "js-hardcoded-secret-api-key", context: %{node_type: "VariableDeclarator", depth: 3, parent_type: "VariableDeclaration"}, location: %{depth: 3, end_column: 780, end_line: 1, start_line: 1, start_column: 769}, severity: "high", pattern_id: "js-hardcoded-secret-api-key", pattern_name: "Hardcoded API Key", recommendation: "Review this code for potential security issues", confidence: 0.9, pattern_type: :hardcoded_secret}
18:48:58.375 [debug] Match confidence: 0.1848, min_confidence: 0.7, match: %{type: "js-hardcoded-secret-api-key", context: %{node_type: "VariableDeclarator", depth: 3, parent_type: "VariableDeclaration"}, location: %{depth: 3, end_column: 797, end_line: 1, start_line: 1, start_column: 786}, severity: "high", pattern_id: "js-hardcoded-secret-api-key", pattern_name: "Hardcoded API Key", recommendation: "Review this code for potential security issues", confidence: 0.9, pattern_type: :hardcoded_secret}
18:48:58.375 [debug] Match confidence: 0.1848, min_confidence: 0.7, match: %{type: "js-hardcoded-secret-api-key", context: %{node_type: "VariableDeclarator", depth: 3, parent_type: "VariableDeclaration"}, location: %{depth: 3, end_column: 814, end_line: 1, start_line: 1, start_column: 803}, severity: "high", pattern_id: "js-hardcoded-secret-api-key", pattern_name: "Hardcoded API Key", recommendation: "Review this code for potential security issues", confidence: 0.9, pattern_type: :hardcoded_secret}
18:48:58.375 [debug] Match confidence: 0.1848, min_confidence: 0.7, match: %{type: "js-hardcoded-secret-api-key", context: %{node_type: "VariableDeclarator", depth: 3, parent_type: "VariableDeclaration"}, location: %{depth: 3, end_column: 831, end_line: 1, start_line: 1, start_column: 820}, severity: "high", pattern_id: "js-hardcoded-secret-api-key", pattern_name: "Hardcoded API Key", recommendation: "Review this code for potential security issues", confidence: 0.9, pattern_type: :hardcoded_secret}
18:48:58.375 [debug] Match confidence: 0.1848, min_confidence: 0.7, match: %{type: "js-hardcoded-secret-api-key", context: %{node_type: "VariableDeclarator", depth: 3, parent_type: "VariableDeclaration"}, location: %{depth: 3, end_column: 848, end_line: 1, start_line: 1, start_column: 837}, severity: "high", pattern_id: "js-hardcoded-secret-api-key", pattern_name: "Hardcoded API Key", recommendation: "Review this code for potential security issues", confidence: 0.9, pattern_type: :hardcoded_secret}
18:48:58.375 [debug] Match confidence: 0.1848, min_confidence: 0.7, match: %{type: "js-hardcoded-secret-api-key", context: %{node_type: "VariableDeclarator", depth: 3, parent_type: "VariableDeclaration"}, location: %{depth: 3, end_column: 865, end_line: 1, start_line: 1, start_column: 854}, severity: "high", pattern_id: "js-hardcoded-secret-api-key", pattern_name: "Hardcoded API Key", recommendation: "Review this code for potential security issues", confidence: 0.9, pattern_type: :hardcoded_secret}
18:48:58.375 [debug] Match confidence: 0.1848, min_confidence: 0.7, match: %{type: "js-hardcoded-secret-api-key", context: %{node_type: "VariableDeclarator", depth: 3, parent_type: "VariableDeclaration"}, location: %{depth: 3, end_column: 882, end_line: 1, start_line: 1, start_column: 871}, severity: "high", pattern_id: "js-hardcoded-secret-api-key", pattern_name: "Hardcoded API Key", recommendation: "Review this code for potential security issues", confidence: 0.9, pattern_type: :hardcoded_secret}
18:48:58.375 [debug] Match confidence: 0.1848, min_confidence: 0.7, match: %{type: "js-hardcoded-secret-api-key", context: %{node_type: "VariableDeclarator", depth: 3, parent_type: "VariableDeclaration"}, location: %{depth: 3, end_column: 899, end_line: 1, start_line: 1, start_column: 888}, severity: "high", pattern_id: "js-hardcoded-secret-api-key", pattern_name: "Hardcoded API Key", recommendation: "Review this code for potential security issues", confidence: 0.9, pattern_type: :hardcoded_secret}
18:48:58.375 [debug] Match confidence: 0.1848, min_confidence: 0.7, match: %{type: "js-hardcoded-secret-api-key", context: %{node_type: "VariableDeclarator", depth: 3, parent_type: "VariableDeclaration"}, location: %{depth: 3, end_column: 916, end_line: 1, start_line: 1, start_column: 905}, severity: "high", pattern_id: "js-hardcoded-secret-api-key", pattern_name: "Hardcoded API Key", recommendation: "Review this code for potential security issues", confidence: 0.9, pattern_type: :hardcoded_secret}
18:48:58.375 [debug] Match confidence: 0.1848, min_confidence: 0.7, match: %{type: "js-hardcoded-secret-api-key", context: %{node_type: "VariableDeclarator", depth: 3, parent_type: "VariableDeclaration"}, location: %{depth: 3, end_column: 933, end_line: 1, start_line: 1, start_column: 922}, severity: "high", pattern_id: "js-hardcoded-secret-api-key", pattern_name: "Hardcoded API Key", recommendation: "Review this code for potential security issues", confidence: 0.9, pattern_type: :hardcoded_secret}
18:48:58.375 [debug] Match confidence: 0.1848, min_confidence: 0.7, match: %{type: "js-hardcoded-secret-api-key", context: %{node_type: "VariableDeclarator", depth: 3, parent_type: "VariableDeclaration"}, location: %{depth: 3, end_column: 950, end_line: 1, start_line: 1, start_column: 939}, severity: "high", pattern_id: "js-hardcoded-secret-api-key", pattern_name: "Hardcoded API Key", recommendation: "Review this code for potential security issues", confidence: 0.9, pattern_type: :hardcoded_secret}
18:48:58.375 [debug] Match confidence: 0.1848, min_confidence: 0.7, match: %{type: "js-hardcoded-secret-api-key", context: %{node_type: "VariableDeclarator", depth: 3, parent_type: "VariableDeclaration"}, location: %{depth: 3, end_column: 967, end_line: 1, start_line: 1, start_column: 956}, severity: "high", pattern_id: "js-hardcoded-secret-api-key", pattern_name: "Hardcoded API Key", recommendation: "Review this code for potential security issues", confidence: 0.9, pattern_type: :hardcoded_secret}
18:48:58.375 [debug] Match confidence: 0.1848, min_confidence: 0.7, match: %{type: "js-hardcoded-secret-api-key", context: %{node_type: "VariableDeclarator", depth: 3, parent_type: "VariableDeclaration"}, location: %{depth: 3, end_column: 984, end_line: 1, start_line: 1, start_column: 973}, severity: "high", pattern_id: "js-hardcoded-secret-api-key", pattern_name: "Hardcoded API Key", recommendation: "Review this code for potential security issues", confidence: 0.9, pattern_type: :hardcoded_secret}
18:48:58.375 [debug] Match confidence: 0.1848, min_confidence: 0.7, match: %{type: "js-hardcoded-secret-api-key", context: %{node_type: "VariableDeclarator", depth: 3, parent_type: "VariableDeclaration"}, location: %{depth: 3, end_column: 1001, end_line: 1, start_line: 1, start_column: 990}, severity: "high", pattern_id: "js-hardcoded-secret-api-key", pattern_name: "Hardcoded API Key", recommendation: "Review this code for potential security issues", confidence: 0.9, pattern_type: :hardcoded_secret}
18:48:58.375 [debug] Match confidence: 0.1848, min_confidence: 0.7, match: %{type: "js-hardcoded-secret-api-key", context: %{node_type: "VariableDeclarator", depth: 3, parent_type: "VariableDeclaration"}, location: %{depth: 3, end_column: 1018, end_line: 1, start_line: 1, start_column: 1007}, severity: "high", pattern_id: "js-hardcoded-secret-api-key", pattern_name: "Hardcoded API Key", recommendation: "Review this code for potential security issues", confidence: 0.9, pattern_type: :hardcoded_secret}
18:48:58.376 [debug] Match confidence: 0.1848, min_confidence: 0.7, match: %{type: "js-hardcoded-secret-api-key", context: %{node_type: "VariableDeclarator", depth: 3, parent_type: "VariableDeclaration"}, location: %{depth: 3, end_column: 1035, end_line: 1, start_line: 1, start_column: 1024}, severity: "high", pattern_id: "js-hardcoded-secret-api-key", pattern_name: "Hardcoded API Key", recommendation: "Review this code for potential security issues", confidence: 0.9, pattern_type: :hardcoded_secret}
18:48:58.376 [debug] Match confidence: 0.1848, min_confidence: 0.7, match: %{type: "js-hardcoded-secret-api-key", context: %{node_type: "VariableDeclarator", depth: 3, parent_type: "VariableDeclaration"}, location: %{depth: 3, end_column: 1052, end_line: 1, start_line: 1, start_column: 1041}, severity: "high", pattern_id: "js-hardcoded-secret-api-key", pattern_name: "Hardcoded API Key", recommendation: "Review this code for potential security issues", confidence: 0.9, pattern_type: :hardcoded_secret}
18:48:58.376 [debug] Match confidence: 0.1848, min_confidence: 0.7, match: %{type: "js-hardcoded-secret-api-key", context: %{node_type: "VariableDeclarator", depth: 3, parent_type: "VariableDeclaration"}, location: %{depth: 3, end_column: 1069, end_line: 1, start_line: 1, start_column: 1058}, severity: "high", pattern_id: "js-hardcoded-secret-api-key", pattern_name: "Hardcoded API Key", recommendation: "Review this code for potential security issues", confidence: 0.9, pattern_type: :hardcoded_secret}
18:48:58.376 [debug] Match confidence: 0.1848, min_confidence: 0.7, match: %{type: "js-hardcoded-secret-api-key", context: %{node_type: "VariableDeclarator", depth: 3, parent_type: "VariableDeclaration"}, location: %{depth: 3, end_column: 1086, end_line: 1, start_line: 1, start_column: 1075}, severity: "high", pattern_id: "js-hardcoded-secret-api-key", pattern_name: "Hardcoded API Key", recommendation: "Review this code for potential security issues", confidence: 0.9, pattern_type: :hardcoded_secret}
18:48:58.376 [debug] Match confidence: 0.1848, min_confidence: 0.7, match: %{type: "js-hardcoded-secret-api-key", context: %{node_type: "VariableDeclarator", depth: 3, parent_type: "VariableDeclaration"}, location: %{depth: 3, end_column: 1103, end_line: 1, start_line: 1, start_column: 1092}, severity: "high", pattern_id: "js-hardcoded-secret-api-key", pattern_name: "Hardcoded API Key", recommendation: "Review this code for potential security issues", confidence: 0.9, pattern_type: :hardcoded_secret}
18:48:58.376 [debug] Match confidence: 0.1848, min_confidence: 0.7, match: %{type: "js-hardcoded-secret-api-key", context: %{node_type: "VariableDeclarator", depth: 3, parent_type: "VariableDeclaration"}, location: %{depth: 3, end_column: 1120, end_line: 1, start_line: 1, start_column: 1109}, severity: "high", pattern_id: "js-hardcoded-secret-api-key", pattern_name: "Hardcoded API Key", recommendation: "Review this code for potential security issues", confidence: 0.9, pattern_type: :hardcoded_secret}
18:48:58.376 [debug] Match confidence: 0.1848, min_confidence: 0.7, match: %{type: "js-hardcoded-secret-api-key", context: %{node_type: "VariableDeclarator", depth: 3, parent_type: "VariableDeclaration"}, location: %{depth: 3, end_column: 1137, end_line: 1, start_line: 1, start_column: 1126}, severity: "high", pattern_id: "js-hardcoded-secret-api-key", pattern_name: "Hardcoded API Key", recommendation: "Review this code for potential security issues", confidence: 0.9, pattern_type: :hardcoded_secret}
18:48:58.376 [debug] Match confidence: 0.1848, min_confidence: 0.7, match: %{type: "js-hardcoded-secret-api-key", context: %{node_type: "VariableDeclarator", depth: 3, parent_type: "VariableDeclaration"}, location: %{depth: 3, end_column: 1154, end_line: 1, start_line: 1, start_column: 1143}, severity: "high", pattern_id: "js-hardcoded-secret-api-key", pattern_name: "Hardcoded API Key", recommendation: "Review this code for potential security issues", confidence: 0.9, pattern_type: :hardcoded_secret}
18:48:58.376 [debug] Match confidence: 0.1848, min_confidence: 0.7, match: %{type: "js-hardcoded-secret-api-key", context: %{node_type: "VariableDeclarator", depth: 3, parent_type: "VariableDeclaration"}, location: %{depth: 3, end_column: 1171, end_line: 1, start_line: 1, start_column: 1160}, severity: "high", pattern_id: "js-hardcoded-secret-api-key", pattern_name: "Hardcoded API Key", recommendation: "Review this code for potential security issues", confidence: 0.9, pattern_type: :hardcoded_secret}
18:48:58.376 [debug] Match confidence: 0.1848, min_confidence: 0.7, match: %{type: "js-hardcoded-secret-api-key", context: %{node_type: "VariableDeclarator", depth: 3, parent_type: "VariableDeclaration"}, location: %{depth: 3, end_column: 1188, end_line: 1, start_line: 1, start_column: 1177}, severity: "high", pattern_id: "js-hardcoded-secret-api-key", pattern_name: "Hardcoded API Key", recommendation: "Review this code for potential security issues", confidence: 0.9, pattern_type: :hardcoded_secret}
18:48:58.376 [debug] Match confidence: 0.1848, min_confidence: 0.7, match: %{type: "js-hardcoded-secret-api-key", context: %{node_type: "VariableDeclarator", depth: 3, parent_type: "VariableDeclaration"}, location: %{depth: 3, end_column: 1205, end_line: 1, start_line: 1, start_column: 1194}, severity: "high", pattern_id: "js-hardcoded-secret-api-key", pattern_name: "Hardcoded API Key", recommendation: "Review this code for potential security issues", confidence: 0.9, pattern_type: :hardcoded_secret}
18:48:58.376 [debug] Match confidence: 0.1848, min_confidence: 0.7, match: %{type: "js-hardcoded-secret-api-key", context: %{node_type: "VariableDeclarator", depth: 3, parent_type: "VariableDeclaration"}, location: %{depth: 3, end_column: 1222, end_line: 1, start_line: 1, start_column: 1211}, severity: "high", pattern_id: "js-hardcoded-secret-api-key", pattern_name: "Hardcoded API Key", recommendation: "Review this code for potential security issues", confidence: 0.9, pattern_type: :hardcoded_secret}
18:48:58.376 [debug] Match confidence: 0.1848, min_confidence: 0.7, match: %{type: "js-hardcoded-secret-api-key", context: %{node_type: "VariableDeclarator", depth: 3, parent_type: "VariableDeclaration"}, location: %{depth: 3, end_column: 1239, end_line: 1, start_line: 1, start_column: 1228}, severity: "high", pattern_id: "js-hardcoded-secret-api-key", pattern_name: "Hardcoded API Key", recommendation: "Review this code for potential security issues", confidence: 0.9, pattern_type: :hardcoded_secret}
18:48:58.376 [debug] Match confidence: 0.1848, min_confidence: 0.7, match: %{type: "js-hardcoded-secret-api-key", context: %{node_type: "VariableDeclarator", depth: 3, parent_type: "VariableDeclaration"}, location: %{depth: 3, end_column: 1256, end_line: 1, start_line: 1, start_column: 1245}, severity: "high", pattern_id: "js-hardcoded-secret-api-key", pattern_name: "Hardcoded API Key", recommendation: "Review this code for potential security issues", confidence: 0.9, pattern_type: :hardcoded_secret}
18:48:58.376 [debug] Match confidence: 0.1848, min_confidence: 0.7, match: %{type: "js-hardcoded-secret-api-key", context: %{node_type: "VariableDeclarator", depth: 3, parent_type: "VariableDeclaration"}, location: %{depth: 3, end_column: 1273, end_line: 1, start_line: 1, start_column: 1262}, severity: "high", pattern_id: "js-hardcoded-secret-api-key", pattern_name: "Hardcoded API Key", recommendation: "Review this code for potential security issues", confidence: 0.9, pattern_type: :hardcoded_secret}
18:48:58.376 [debug] Match confidence: 0.1848, min_confidence: 0.7, match: %{type: "js-hardcoded-secret-api-key", context: %{node_type: "VariableDeclarator", depth: 3, parent_type: "VariableDeclaration"}, location: %{depth: 3, end_column: 1290, end_line: 1, start_line: 1, start_column: 1279}, severity: "high", pattern_id: "js-hardcoded-secret-api-key", pattern_name: "Hardcoded API Key", recommendation: "Review this code for potential security issues", confidence: 0.9, pattern_type: :hardcoded_secret}
18:48:58.376 [debug] Match confidence: 0.1848, min_confidence: 0.7, match: %{type: "js-hardcoded-secret-api-key", context: %{node_type: "VariableDeclarator", depth: 3, parent_type: "VariableDeclaration"}, location: %{depth: 3, end_column: 1307, end_line: 1, start_line: 1, start_column: 1296}, severity: "high", pattern_id: "js-hardcoded-secret-api-key", pattern_name: "Hardcoded API Key", recommendation: "Review this code for potential security issues", confidence: 0.9, pattern_type: :hardcoded_secret}
18:48:58.376 [debug] Match confidence: 0.1848, min_confidence: 0.7, match: %{type: "js-hardcoded-secret-api-key", context: %{node_type: "VariableDeclarator", depth: 3, parent_type: "VariableDeclaration"}, location: %{depth: 3, end_column: 1324, end_line: 1, start_line: 1, start_column: 1313}, severity: "high", pattern_id: "js-hardcoded-secret-api-key", pattern_name: "Hardcoded API Key", recommendation: "Review this code for potential security issues", confidence: 0.9, pattern_type: :hardcoded_secret}
18:48:58.376 [debug] Match confidence: 0.1848, min_confidence: 0.7, match: %{type: "js-hardcoded-secret-api-key", context: %{node_type: "VariableDeclarator", depth: 3, parent_type: "VariableDeclaration"}, location: %{depth: 3, end_column: 1341, end_line: 1, start_line: 1, start_column: 1330}, severity: "high", pattern_id: "js-hardcoded-secret-api-key", pattern_name: "Hardcoded API Key", recommendation: "Review this code for potential security issues", confidence: 0.9, pattern_type: :hardcoded_secret}
18:48:58.376 [debug] Match confidence: 0.1848, min_confidence: 0.7, match: %{type: "js-hardcoded-secret-api-key", context: %{node_type: "VariableDeclarator", depth: 3, parent_type: "VariableDeclaration"}, location: %{depth: 3, end_column: 1358, end_line: 1, start_line: 1, start_column: 1347}, severity: "high", pattern_id: "js-hardcoded-secret-api-key", pattern_name: "Hardcoded API Key", recommendation: "Review this code for potential security issues", confidence: 0.9, pattern_type: :hardcoded_secret}
18:48:58.376 [debug] Match confidence: 0.1848, min_confidence: 0.7, match: %{type: "js-hardcoded-secret-api-key", context: %{node_type: "VariableDeclarator", depth: 3, parent_type: "VariableDeclaration"}, location: %{depth: 3, end_column: 1375, end_line: 1, start_line: 1, start_column: 1364}, severity: "high", pattern_id: "js-hardcoded-secret-api-key", pattern_name: "Hardcoded API Key", recommendation: "Review this code for potential security issues", confidence: 0.9, pattern_type: :hardcoded_secret}
18:48:58.376 [debug] Match confidence: 0.1848, min_confidence: 0.7, match: %{type: "js-hardcoded-secret-api-key", context: %{node_type: "VariableDeclarator", depth: 3, parent_type: "VariableDeclaration"}, location: %{depth: 3, end_column: 1392, end_line: 1, start_line: 1, start_column: 1381}, severity: "high", pattern_id: "js-hardcoded-secret-api-key", pattern_name: "Hardcoded API Key", recommendation: "Review this code for potential security issues", confidence: 0.9, pattern_type: :hardcoded_secret}
18:48:58.376 [debug] Match confidence: 0.1848, min_confidence: 0.7, match: %{type: "js-hardcoded-secret-api-key", context: %{node_type: "VariableDeclarator", depth: 3, parent_type: "VariableDeclaration"}, location: %{depth: 3, end_column: 1409, end_line: 1, start_line: 1, start_column: 1398}, severity: "high", pattern_id: "js-hardcoded-secret-api-key", pattern_name: "Hardcoded API Key", recommendation: "Review this code for potential security issues", confidence: 0.9, pattern_type: :hardcoded_secret}
18:48:58.376 [debug] Match confidence: 0.1848, min_confidence: 0.7, match: %{type: "js-hardcoded-secret-api-key", context: %{node_type: "VariableDeclarator", depth: 3, parent_type: "VariableDeclaration"}, location: %{depth: 3, end_column: 1426, end_line: 1, start_line: 1, start_column: 1415}, severity: "high", pattern_id: "js-hardcoded-secret-api-key", pattern_name: "Hardcoded API Key", recommendation: "Review this code for potential security issues", confidence: 0.9, pattern_type: :hardcoded_secret}
18:48:58.376 [debug] Match confidence: 0.1848, min_confidence: 0.7, match: %{type: "js-hardcoded-secret-api-key", context: %{node_type: "VariableDeclarator", depth: 3, parent_type: "VariableDeclaration"}, location: %{depth: 3, end_column: 1443, end_line: 1, start_line: 1, start_column: 1432}, severity: "high", pattern_id: "js-hardcoded-secret-api-key", pattern_name: "Hardcoded API Key", recommendation: "Review this code for potential security issues", confidence: 0.9, pattern_type: :hardcoded_secret}
18:48:58.376 [debug] Match confidence: 0.1848, min_confidence: 0.7, match: %{type: "js-hardcoded-secret-api-key", context: %{node_type: "VariableDeclarator", depth: 3, parent_type: "VariableDeclaration"}, location: %{depth: 3, end_column: 1460, end_line: 1, start_line: 1, start_column: 1449}, severity: "high", pattern_id: "js-hardcoded-secret-api-key", pattern_name: "Hardcoded API Key", recommendation: "Review this code for potential security issues", confidence: 0.9, pattern_type: :hardcoded_secret}
18:48:58.376 [debug] Match confidence: 0.1848, min_confidence: 0.7, match: %{type: "js-hardcoded-secret-api-key", context: %{node_type: "VariableDeclarator", depth: 3, parent_type: "VariableDeclaration"}, location: %{depth: 3, end_column: 1477, end_line: 1, start_line: 1, start_column: 1466}, severity: "high", pattern_id: "js-hardcoded-secret-api-key", pattern_name: "Hardcoded API Key", recommendation: "Review this code for potential security issues", confidence: 0.9, pattern_type: :hardcoded_secret}
18:48:58.376 [debug] Match confidence: 0.1848, min_confidence: 0.7, match: %{type: "js-hardcoded-secret-api-key", context: %{node_type: "VariableDeclarator", depth: 3, parent_type: "VariableDeclaration"}, location: %{depth: 3, end_column: 1494, end_line: 1, start_line: 1, start_column: 1483}, severity: "high", pattern_id: "js-hardcoded-secret-api-key", pattern_name: "Hardcoded API Key", recommendation: "Review this code for potential security issues", confidence: 0.9, pattern_type: :hardcoded_secret}
18:48:58.376 [debug] Match confidence: 0.1848, min_confidence: 0.7, match: %{type: "js-hardcoded-secret-api-key", context: %{node_type: "VariableDeclarator", depth: 3, parent_type: "VariableDeclaration"}, location: %{depth: 3, end_column: 1511, end_line: 1, start_line: 1, start_column: 1500}, severity: "high", pattern_id: "js-hardcoded-secret-api-key", pattern_name: "Hardcoded API Key", recommendation: "Review this code for potential security issues", confidence: 0.9, pattern_type: :hardcoded_secret}
18:48:58.376 [debug] Match confidence: 0.1848, min_confidence: 0.7, match: %{type: "js-hardcoded-secret-api-key", context: %{node_type: "VariableDeclarator", depth: 3, parent_type: "VariableDeclaration"}, location: %{depth: 3, end_column: 1528, end_line: 1, start_line: 1, start_column: 1517}, severity: "high", pattern_id: "js-hardcoded-secret-api-key", pattern_name: "Hardcoded API Key", recommendation: "Review this code for potential security issues", confidence: 0.9, pattern_type: :hardcoded_secret}
18:48:58.376 [debug] Match confidence: 0.1848, min_confidence: 0.7, match: %{type: "js-hardcoded-secret-api-key", context: %{node_type: "VariableDeclarator", depth: 3, parent_type: "VariableDeclaration"}, location: %{depth: 3, end_column: 1545, end_line: 1, start_line: 1, start_column: 1534}, severity: "high", pattern_id: "js-hardcoded-secret-api-key", pattern_name: "Hardcoded API Key", recommendation: "Review this code for potential security issues", confidence: 0.9, pattern_type: :hardcoded_secret}
18:48:58.376 [debug] Match confidence: 0.1848, min_confidence: 0.7, match: %{type: "js-hardcoded-secret-api-key", context: %{node_type: "VariableDeclarator", depth: 3, parent_type: "VariableDeclaration"}, location: %{depth: 3, end_column: 1562, end_line: 1, start_line: 1, start_column: 1551}, severity: "high", pattern_id: "js-hardcoded-secret-api-key", pattern_name: "Hardcoded API Key", recommendation: "Review this code for potential security issues", confidence: 0.9, pattern_type: :hardcoded_secret}
18:48:58.376 [debug] Match confidence: 0.1848, min_confidence: 0.7, match: %{type: "js-hardcoded-secret-api-key", context: %{node_type: "VariableDeclarator", depth: 3, parent_type: "VariableDeclaration"}, location: %{depth: 3, end_column: 1579, end_line: 1, start_line: 1, start_column: 1568}, severity: "high", pattern_id: "js-hardcoded-secret-api-key", pattern_name: "Hardcoded API Key", recommendation: "Review this code for potential security issues", confidence: 0.9, pattern_type: :hardcoded_secret}
18:48:58.377 [debug] Match confidence: 0.1848, min_confidence: 0.7, match: %{type: "js-hardcoded-secret-api-key", context: %{node_type: "VariableDeclarator", depth: 3, parent_type: "VariableDeclaration"}, location: %{depth: 3, end_column: 1596, end_line: 1, start_line: 1, start_column: 1585}, severity: "high", pattern_id: "js-hardcoded-secret-api-key", pattern_name: "Hardcoded API Key", recommendation: "Review this code for potential security issues", confidence: 0.9, pattern_type: :hardcoded_secret}
18:48:58.377 [debug] Match confidence: 0.1848, min_confidence: 0.7, match: %{type: "js-hardcoded-secret-api-key", context: %{node_type: "VariableDeclarator", depth: 3, parent_type: "VariableDeclaration"}, location: %{depth: 3, end_column: 1613, end_line: 1, start_line: 1, start_column: 1602}, severity: "high", pattern_id: "js-hardcoded-secret-api-key", pattern_name: "Hardcoded API Key", recommendation: "Review this code for potential security issues", confidence: 0.9, pattern_type: :hardcoded_secret}
18:48:58.377 [debug] Match confidence: 0.1848, min_confidence: 0.7, match: %{type: "js-hardcoded-secret-api-key", context: %{node_type: "VariableDeclarator", depth: 3, parent_type: "VariableDeclaration"}, location: %{depth: 3, end_column: 1630, end_line: 1, start_line: 1, start_column: 1619}, severity: "high", pattern_id: "js-hardcoded-secret-api-key", pattern_name: "Hardcoded API Key", recommendation: "Review this code for potential security issues", confidence: 0.9, pattern_type: :hardcoded_secret}
18:48:58.377 [debug] Match confidence: 0.1848, min_confidence: 0.7, match: %{type: "js-hardcoded-secret-api-key", context: %{node_type: "VariableDeclarator", depth: 3, parent_type: "VariableDeclaration"}, location: %{depth: 3, end_column: 1647, end_line: 1, start_line: 1, start_column: 1636}, severity: "high", pattern_id: "js-hardcoded-secret-api-key", pattern_name: "Hardcoded API Key", recommendation: "Review this code for potential security issues", confidence: 0.9, pattern_type: :hardcoded_secret}
18:48:58.377 [debug] Match confidence: 0.1848, min_confidence: 0.7, match: %{type: "js-hardcoded-secret-api-key", context: %{node_type: "VariableDeclarator", depth: 3, parent_type: "VariableDeclaration"}, location: %{depth: 3, end_column: 1664, end_line: 1, start_line: 1, start_column: 1653}, severity: "high", pattern_id: "js-hardcoded-secret-api-key", pattern_name: "Hardcoded API Key", recommendation: "Review this code for potential security issues", confidence: 0.9, pattern_type: :hardcoded_secret}
18:48:58.377 [debug] Match confidence: 0.1848, min_confidence: 0.7, match: %{type: "js-hardcoded-secret-api-key", context: %{node_type: "VariableDeclarator", depth: 3, parent_type: "VariableDeclaration"}, location: %{depth: 3, end_column: 1681, end_line: 1, start_line: 1, start_column: 1670}, severity: "high", pattern_id: "js-hardcoded-secret-api-key", pattern_name: "Hardcoded API Key", recommendation: "Review this code for potential security issues", confidence: 0.9, pattern_type: :hardcoded_secret}
18:48:58.377 [debug] Match confidence: 0.1848, min_confidence: 0.7, match: %{type: "js-hardcoded-secret-api-key", context: %{node_type: "VariableDeclarator", depth: 3, parent_type: "VariableDeclaration"}, location: %{depth: 3, end_column: 1698, end_line: 1, start_line: 1, start_column: 1687}, severity: "high", pattern_id: "js-hardcoded-secret-api-key", pattern_name: "Hardcoded API Key", recommendation: "Review this code for potential security issues", confidence: 0.9, pattern_type: :hardcoded_secret}
18:48:58.494 [debug] Parser response received
18:48:58.495 [info] AnalysisService: Loaded 30 patterns for javascript
18:48:58.536 [info] AnalysisService: Found 200 matches
18:48:58.536 [debug] Match confidence: 0.1848, min_confidence: 0.7, match: %{type: "js-hardcoded-secret-password", context: %{node_type: "VariableDeclarator", depth: 3, parent_type: "VariableDeclaration"}, location: %{depth: 3, end_column: 16, end_line: 1, start_line: 1, start_column: 4}, severity: "high", pattern_id: "js-hardcoded-secret-password", pattern_name: "Hardcoded Password", recommendation: "Review this code for potential security issues", confidence: 0.9, pattern_type: :hardcoded_secret}
18:48:58.536 [debug] Match confidence: 0.1848, min_confidence: 0.7, match: %{type: "js-hardcoded-secret-password", context: %{node_type: "VariableDeclarator", depth: 3, parent_type: "VariableDeclaration"}, location: %{depth: 3, end_column: 34, end_line: 1, start_line: 1, start_column: 22}, severity: "high", pattern_id: "js-hardcoded-secret-password", pattern_name: "Hardcoded Password", recommendation: "Review this code for potential security issues", confidence: 0.9, pattern_type: :hardcoded_secret}
18:48:58.536 [debug] Match confidence: 0.1848, min_confidence: 0.7, match: %{type: "js-hardcoded-secret-password", context: %{node_type: "VariableDeclarator", depth: 3, parent_type: "VariableDeclaration"}, location: %{depth: 3, end_column: 52, end_line: 1, start_line: 1, start_column: 40}, severity: "high", pattern_id: "js-hardcoded-secret-password", pattern_name: "Hardcoded Password", recommendation: "Review this code for potential security issues", confidence: 0.9, pattern_type: :hardcoded_secret}
18:48:58.537 [debug] Match confidence: 0.1848, min_confidence: 0.7, match: %{type: "js-hardcoded-secret-password", context: %{node_type: "VariableDeclarator", depth: 3, parent_type: "VariableDeclaration"}, location: %{depth: 3, end_column: 70, end_line: 1, start_line: 1, start_column: 58}, severity: "high", pattern_id: "js-hardcoded-secret-password", pattern_name: "Hardcoded Password", recommendation: "Review this code for potential security issues", confidence: 0.9, pattern_type: :hardcoded_secret}
18:48:58.537 [debug] Match confidence: 0.1848, min_confidence: 0.7, match: %{type: "js-hardcoded-secret-password", context: %{node_type: "VariableDeclarator", depth: 3, parent_type: "VariableDeclaration"}, location: %{depth: 3, end_column: 88, end_line: 1, start_line: 1, start_column: 76}, severity: "high", pattern_id: "js-hardcoded-secret-password", pattern_name: "Hardcoded Password", recommendation: "Review this code for potential security issues", confidence: 0.9, pattern_type: :hardcoded_secret}
18:48:58.537 [debug] Match confidence: 0.1848, min_confidence: 0.7, match: %{type: "js-hardcoded-secret-password", context: %{node_type: "VariableDeclarator", depth: 3, parent_type: "VariableDeclaration"}, location: %{depth: 3, end_column: 106, end_line: 1, start_line: 1, start_column: 94}, severity: "high", pattern_id: "js-hardcoded-secret-password", pattern_name: "Hardcoded Password", recommendation: "Review this code for potential security issues", confidence: 0.9, pattern_type: :hardcoded_secret}
18:48:58.537 [debug] Match confidence: 0.1848, min_confidence: 0.7, match: %{type: "js-hardcoded-secret-password", context: %{node_type: "VariableDeclarator", depth: 3, parent_type: "VariableDeclaration"}, location: %{depth: 3, end_column: 124, end_line: 1, start_line: 1, start_column: 112}, severity: "high", pattern_id: "js-hardcoded-secret-password", pattern_name: "Hardcoded Password", recommendation: "Review this code for potential security issues", confidence: 0.9, pattern_type: :hardcoded_secret}
18:48:58.537 [debug] Match confidence: 0.1848, min_confidence: 0.7, match: %{type: "js-hardcoded-secret-password", context: %{node_type: "VariableDeclarator", depth: 3, parent_type: "VariableDeclaration"}, location: %{depth: 3, end_column: 142, end_line: 1, start_line: 1, start_column: 130}, severity: "high", pattern_id: "js-hardcoded-secret-password", pattern_name: "Hardcoded Password", recommendation: "Review this code for potential security issues", confidence: 0.9, pattern_type: :hardcoded_secret}
18:48:58.537 [debug] Match confidence: 0.1848, min_confidence: 0.7, match: %{type: "js-hardcoded-secret-password", context: %{node_type: "VariableDeclarator", depth: 3, parent_type: "VariableDeclaration"}, location: %{depth: 3, end_column: 160, end_line: 1, start_line: 1, start_column: 148}, severity: "high", pattern_id: "js-hardcoded-secret-password", pattern_name: "Hardcoded Password", recommendation: "Review this code for potential security issues", confidence: 0.9, pattern_type: :hardcoded_secret}
18:48:58.537 [debug] Match confidence: 0.1848, min_confidence: 0.7, match: %{type: "js-hardcoded-secret-password", context: %{node_type: "VariableDeclarator", depth: 3, parent_type: "VariableDeclaration"}, location: %{depth: 3, end_column: 178, end_line: 1, start_line: 1, start_column: 166}, severity: "high", pattern_id: "js-hardcoded-secret-password", pattern_name: "Hardcoded Password", recommendation: "Review this code for potential security issues", confidence: 0.9, pattern_type: :hardcoded_secret}
18:48:58.537 [debug] Match confidence: 0.1848, min_confidence: 0.7, match: %{type: "js-hardcoded-secret-password", context: %{node_type: "VariableDeclarator", depth: 3, parent_type: "VariableDeclaration"}, location: %{depth: 3, end_column: 196, end_line: 1, start_line: 1, start_column: 184}, severity: "high", pattern_id: "js-hardcoded-secret-password", pattern_name: "Hardcoded Password", recommendation: "Review this code for potential security issues", confidence: 0.9, pattern_type: :hardcoded_secret}
18:48:58.537 [debug] Match confidence: 0.1848, min_confidence: 0.7, match: %{type: "js-hardcoded-secret-password", context: %{node_type: "VariableDeclarator", depth: 3, parent_type: "VariableDeclaration"}, location: %{depth: 3, end_column: 214, end_line: 1, start_line: 1, start_column: 202}, severity: "high", pattern_id: "js-hardcoded-secret-password", pattern_name: "Hardcoded Password", recommendation: "Review this code for potential security issues", confidence: 0.9, pattern_type: :hardcoded_secret}
18:48:58.537 [debug] Match confidence: 0.1848, min_confidence: 0.7, match: %{type: "js-hardcoded-secret-password", context: %{node_type: "VariableDeclarator", depth: 3, parent_type: "VariableDeclaration"}, location: %{depth: 3, end_column: 232, end_line: 1, start_line: 1, start_column: 220}, severity: "high", pattern_id: "js-hardcoded-secret-password", pattern_name: "Hardcoded Password", recommendation: "Review this code for potential security issues", confidence: 0.9, pattern_type: :hardcoded_secret}
18:48:58.537 [debug] Match confidence: 0.1848, min_confidence: 0.7, match: %{type: "js-hardcoded-secret-password", context: %{node_type: "VariableDeclarator", depth: 3, parent_type: "VariableDeclaration"}, location: %{depth: 3, end_column: 250, end_line: 1, start_line: 1, start_column: 238}, severity: "high", pattern_id: "js-hardcoded-secret-password", pattern_name: "Hardcoded Password", recommendation: "Review this code for potential security issues", confidence: 0.9, pattern_type: :hardcoded_secret}
18:48:58.537 [debug] Match confidence: 0.1848, min_confidence: 0.7, match: %{type: "js-hardcoded-secret-password", context: %{node_type: "VariableDeclarator", depth: 3, parent_type: "VariableDeclaration"}, location: %{depth: 3, end_column: 268, end_line: 1, start_line: 1, start_column: 256}, severity: "high", pattern_id: "js-hardcoded-secret-password", pattern_name: "Hardcoded Password", recommendation: "Review this code for potential security issues", confidence: 0.9, pattern_type: :hardcoded_secret}
18:48:58.537 [debug] Match confidence: 0.1848, min_confidence: 0.7, match: %{type: "js-hardcoded-secret-password", context: %{node_type: "VariableDeclarator", depth: 3, parent_type: "VariableDeclaration"}, location: %{depth: 3, end_column: 286, end_line: 1, start_line: 1, start_column: 274}, severity: "high", pattern_id: "js-hardcoded-secret-password", pattern_name: "Hardcoded Password", recommendation: "Review this code for potential security issues", confidence: 0.9, pattern_type: :hardcoded_secret}
18:48:58.537 [debug] Match confidence: 0.1848, min_confidence: 0.7, match: %{type: "js-hardcoded-secret-password", context: %{node_type: "VariableDeclarator", depth: 3, parent_type: "VariableDeclaration"}, location: %{depth: 3, end_column: 304, end_line: 1, start_line: 1, start_column: 292}, severity: "high", pattern_id: "js-hardcoded-secret-password", pattern_name: "Hardcoded Password", recommendation: "Review this code for potential security issues", confidence: 0.9, pattern_type: :hardcoded_secret}
18:48:58.537 [debug] Match confidence: 0.1848, min_confidence: 0.7, match: %{type: "js-hardcoded-secret-password", context: %{node_type: "VariableDeclarator", depth: 3, parent_type: "VariableDeclaration"}, location: %{depth: 3, end_column: 322, end_line: 1, start_line: 1, start_column: 310}, severity: "high", pattern_id: "js-hardcoded-secret-password", pattern_name: "Hardcoded Password", recommendation: "Review this code for potential security issues", confidence: 0.9, pattern_type: :hardcoded_secret}
18:48:58.537 [debug] Match confidence: 0.1848, min_confidence: 0.7, match: %{type: "js-hardcoded-secret-password", context: %{node_type: "VariableDeclarator", depth: 3, parent_type: "VariableDeclaration"}, location: %{depth: 3, end_column: 340, end_line: 1, start_line: 1, start_column: 328}, severity: "high", pattern_id: "js-hardcoded-secret-password", pattern_name: "Hardcoded Password", recommendation: "Review this code for potential security issues", confidence: 0.9, pattern_type: :hardcoded_secret}
18:48:58.537 [debug] Match confidence: 0.1848, min_confidence: 0.7, match: %{type: "js-hardcoded-secret-password", context: %{node_type: "VariableDeclarator", depth: 3, parent_type: "VariableDeclaration"}, location: %{depth: 3, end_column: 358, end_line: 1, start_line: 1, start_column: 346}, severity: "high", pattern_id: "js-hardcoded-secret-password", pattern_name: "Hardcoded Password", recommendation: "Review this code for potential security issues", confidence: 0.9, pattern_type: :hardcoded_secret}
18:48:58.537 [debug] Match confidence: 0.1848, min_confidence: 0.7, match: %{type: "js-hardcoded-secret-password", context: %{node_type: "VariableDeclarator", depth: 3, parent_type: "VariableDeclaration"}, location: %{depth: 3, end_column: 376, end_line: 1, start_line: 1, start_column: 364}, severity: "high", pattern_id: "js-hardcoded-secret-password", pattern_name: "Hardcoded Password", recommendation: "Review this code for potential security issues", confidence: 0.9, pattern_type: :hardcoded_secret}
18:48:58.537 [debug] Match confidence: 0.1848, min_confidence: 0.7, match: %{type: "js-hardcoded-secret-password", context: %{node_type: "VariableDeclarator", depth: 3, parent_type: "VariableDeclaration"}, location: %{depth: 3, end_column: 394, end_line: 1, start_line: 1, start_column: 382}, severity: "high", pattern_id: "js-hardcoded-secret-password", pattern_name: "Hardcoded Password", recommendation: "Review this code for potential security issues", confidence: 0.9, pattern_type: :hardcoded_secret}
18:48:58.537 [debug] Match confidence: 0.1848, min_confidence: 0.7, match: %{type: "js-hardcoded-secret-password", context: %{node_type: "VariableDeclarator", depth: 3, parent_type: "VariableDeclaration"}, location: %{depth: 3, end_column: 412, end_line: 1, start_line: 1, start_column: 400}, severity: "high", pattern_id: "js-hardcoded-secret-password", pattern_name: "Hardcoded Password", recommendation: "Review this code for potential security issues", confidence: 0.9, pattern_type: :hardcoded_secret}
18:48:58.537 [debug] Match confidence: 0.1848, min_confidence: 0.7, match: %{type: "js-hardcoded-secret-password", context: %{node_type: "VariableDeclarator", depth: 3, parent_type: "VariableDeclaration"}, location: %{depth: 3, end_column: 430, end_line: 1, start_line: 1, start_column: 418}, severity: "high", pattern_id: "js-hardcoded-secret-password", pattern_name: "Hardcoded Password", recommendation: "Review this code for potential security issues", confidence: 0.9, pattern_type: :hardcoded_secret}
18:48:58.537 [debug] Match confidence: 0.1848, min_confidence: 0.7, match: %{type: "js-hardcoded-secret-password", context: %{node_type: "VariableDeclarator", depth: 3, parent_type: "VariableDeclaration"}, location: %{depth: 3, end_column: 448, end_line: 1, start_line: 1, start_column: 436}, severity: "high", pattern_id: "js-hardcoded-secret-password", pattern_name: "Hardcoded Password", recommendation: "Review this code for potential security issues", confidence: 0.9, pattern_type: :hardcoded_secret}
18:48:58.537 [debug] Match confidence: 0.1848, min_confidence: 0.7, match: %{type: "js-hardcoded-secret-password", context: %{node_type: "VariableDeclarator", depth: 3, parent_type: "VariableDeclaration"}, location: %{depth: 3, end_column: 466, end_line: 1, start_line: 1, start_column: 454}, severity: "high", pattern_id: "js-hardcoded-secret-password", pattern_name: "Hardcoded Password", recommendation: "Review this code for potential security issues", confidence: 0.9, pattern_type: :hardcoded_secret}
18:48:58.537 [debug] Match confidence: 0.1848, min_confidence: 0.7, match: %{type: "js-hardcoded-secret-password", context: %{node_type: "VariableDeclarator", depth: 3, parent_type: "VariableDeclaration"}, location: %{depth: 3, end_column: 484, end_line: 1, start_line: 1, start_column: 472}, severity: "high", pattern_id: "js-hardcoded-secret-password", pattern_name: "Hardcoded Password", recommendation: "Review this code for potential security issues", confidence: 0.9, pattern_type: :hardcoded_secret}
18:48:58.537 [debug] Match confidence: 0.1848, min_confidence: 0.7, match: %{type: "js-hardcoded-secret-password", context: %{node_type: "VariableDeclarator", depth: 3, parent_type: "VariableDeclaration"}, location: %{depth: 3, end_column: 502, end_line: 1, start_line: 1, start_column: 490}, severity: "high", pattern_id: "js-hardcoded-secret-password", pattern_name: "Hardcoded Password", recommendation: "Review this code for potential security issues", confidence: 0.9, pattern_type: :hardcoded_secret}
18:48:58.537 [debug] Match confidence: 0.1848, min_confidence: 0.7, match: %{type: "js-hardcoded-secret-password", context: %{node_type: "VariableDeclarator", depth: 3, parent_type: "VariableDeclaration"}, location: %{depth: 3, end_column: 520, end_line: 1, start_line: 1, start_column: 508}, severity: "high", pattern_id: "js-hardcoded-secret-password", pattern_name: "Hardcoded Password", recommendation: "Review this code for potential security issues", confidence: 0.9, pattern_type: :hardcoded_secret}
18:48:58.537 [debug] Match confidence: 0.1848, min_confidence: 0.7, match: %{type: "js-hardcoded-secret-password", context: %{node_type: "VariableDeclarator", depth: 3, parent_type: "VariableDeclaration"}, location: %{depth: 3, end_column: 538, end_line: 1, start_line: 1, start_column: 526}, severity: "high", pattern_id: "js-hardcoded-secret-password", pattern_name: "Hardcoded Password", recommendation: "Review this code for potential security issues", confidence: 0.9, pattern_type: :hardcoded_secret}
18:48:58.537 [debug] Match confidence: 0.1848, min_confidence: 0.7, match: %{type: "js-hardcoded-secret-password", context: %{node_type: "VariableDeclarator", depth: 3, parent_type: "VariableDeclaration"}, location: %{depth: 3, end_column: 556, end_line: 1, start_line: 1, start_column: 544}, severity: "high", pattern_id: "js-hardcoded-secret-password", pattern_name: "Hardcoded Password", recommendation: "Review this code for potential security issues", confidence: 0.9, pattern_type: :hardcoded_secret}
18:48:58.538 [debug] Match confidence: 0.1848, min_confidence: 0.7, match: %{type: "js-hardcoded-secret-password", context: %{node_type: "VariableDeclarator", depth: 3, parent_type: "VariableDeclaration"}, location: %{depth: 3, end_column: 574, end_line: 1, start_line: 1, start_column: 562}, severity: "high", pattern_id: "js-hardcoded-secret-password", pattern_name: "Hardcoded Password", recommendation: "Review this code for potential security issues", confidence: 0.9, pattern_type: :hardcoded_secret}
18:48:58.538 [debug] Match confidence: 0.1848, min_confidence: 0.7, match: %{type: "js-hardcoded-secret-password", context: %{node_type: "VariableDeclarator", depth: 3, parent_type: "VariableDeclaration"}, location: %{depth: 3, end_column: 592, end_line: 1, start_line: 1, start_column: 580}, severity: "high", pattern_id: "js-hardcoded-secret-password", pattern_name: "Hardcoded Password", recommendation: "Review this code for potential security issues", confidence: 0.9, pattern_type: :hardcoded_secret}
18:48:58.538 [debug] Match confidence: 0.1848, min_confidence: 0.7, match: %{type: "js-hardcoded-secret-password", context: %{node_type: "VariableDeclarator", depth: 3, parent_type: "VariableDeclaration"}, location: %{depth: 3, end_column: 610, end_line: 1, start_line: 1, start_column: 598}, severity: "high", pattern_id: "js-hardcoded-secret-password", pattern_name: "Hardcoded Password", recommendation: "Review this code for potential security issues", confidence: 0.9, pattern_type: :hardcoded_secret}
18:48:58.538 [debug] Match confidence: 0.1848, min_confidence: 0.7, match: %{type: "js-hardcoded-secret-password", context: %{node_type: "VariableDeclarator", depth: 3, parent_type: "VariableDeclaration"}, location: %{depth: 3, end_column: 628, end_line: 1, start_line: 1, start_column: 616}, severity: "high", pattern_id: "js-hardcoded-secret-password", pattern_name: "Hardcoded Password", recommendation: "Review this code for potential security issues", confidence: 0.9, pattern_type: :hardcoded_secret}
18:48:58.538 [debug] Match confidence: 0.1848, min_confidence: 0.7, match: %{type: "js-hardcoded-secret-password", context: %{node_type: "VariableDeclarator", depth: 3, parent_type: "VariableDeclaration"}, location: %{depth: 3, end_column: 646, end_line: 1, start_line: 1, start_column: 634}, severity: "high", pattern_id: "js-hardcoded-secret-password", pattern_name: "Hardcoded Password", recommendation: "Review this code for potential security issues", confidence: 0.9, pattern_type: :hardcoded_secret}
18:48:58.538 [debug] Match confidence: 0.1848, min_confidence: 0.7, match: %{type: "js-hardcoded-secret-password", context: %{node_type: "VariableDeclarator", depth: 3, parent_type: "VariableDeclaration"}, location: %{depth: 3, end_column: 664, end_line: 1, start_line: 1, start_column: 652}, severity: "high", pattern_id: "js-hardcoded-secret-password", pattern_name: "Hardcoded Password", recommendation: "Review this code for potential security issues", confidence: 0.9, pattern_type: :hardcoded_secret}
18:48:58.538 [debug] Match confidence: 0.1848, min_confidence: 0.7, match: %{type: "js-hardcoded-secret-password", context: %{node_type: "VariableDeclarator", depth: 3, parent_type: "VariableDeclaration"}, location: %{depth: 3, end_column: 682, end_line: 1, start_line: 1, start_column: 670}, severity: "high", pattern_id: "js-hardcoded-secret-password", pattern_name: "Hardcoded Password", recommendation: "Review this code for potential security issues", confidence: 0.9, pattern_type: :hardcoded_secret}
18:48:58.538 [debug] Match confidence: 0.1848, min_confidence: 0.7, match: %{type: "js-hardcoded-secret-password", context: %{node_type: "VariableDeclarator", depth: 3, parent_type: "VariableDeclaration"}, location: %{depth: 3, end_column: 700, end_line: 1, start_line: 1, start_column: 688}, severity: "high", pattern_id: "js-hardcoded-secret-password", pattern_name: "Hardcoded Password", recommendation: "Review this code for potential security issues", confidence: 0.9, pattern_type: :hardcoded_secret}
18:48:58.538 [debug] Match confidence: 0.1848, min_confidence: 0.7, match: %{type: "js-hardcoded-secret-password", context: %{node_type: "VariableDeclarator", depth: 3, parent_type: "VariableDeclaration"}, location: %{depth: 3, end_column: 718, end_line: 1, start_line: 1, start_column: 706}, severity: "high", pattern_id: "js-hardcoded-secret-password", pattern_name: "Hardcoded Password", recommendation: "Review this code for potential security issues", confidence: 0.9, pattern_type: :hardcoded_secret}
18:48:58.538 [debug] Match confidence: 0.1848, min_confidence: 0.7, match: %{type: "js-hardcoded-secret-password", context: %{node_type: "VariableDeclarator", depth: 3, parent_type: "VariableDeclaration"}, location: %{depth: 3, end_column: 736, end_line: 1, start_line: 1, start_column: 724}, severity: "high", pattern_id: "js-hardcoded-secret-password", pattern_name: "Hardcoded Password", recommendation: "Review this code for potential security issues", confidence: 0.9, pattern_type: :hardcoded_secret}
18:48:58.538 [debug] Match confidence: 0.1848, min_confidence: 0.7, match: %{type: "js-hardcoded-secret-password", context: %{node_type: "VariableDeclarator", depth: 3, parent_type: "VariableDeclaration"}, location: %{depth: 3, end_column: 754, end_line: 1, start_line: 1, start_column: 742}, severity: "high", pattern_id: "js-hardcoded-secret-password", pattern_name: "Hardcoded Password", recommendation: "Review this code for potential security issues", confidence: 0.9, pattern_type: :hardcoded_secret}
18:48:58.538 [debug] Match confidence: 0.1848, min_confidence: 0.7, match: %{type: "js-hardcoded-secret-password", context: %{node_type: "VariableDeclarator", depth: 3, parent_type: "VariableDeclaration"}, location: %{depth: 3, end_column: 772, end_line: 1, start_line: 1, start_column: 760}, severity: "high", pattern_id: "js-hardcoded-secret-password", pattern_name: "Hardcoded Password", recommendation: "Review this code for potential security issues", confidence: 0.9, pattern_type: :hardcoded_secret}
18:48:58.538 [debug] Match confidence: 0.1848, min_confidence: 0.7, match: %{type: "js-hardcoded-secret-password", context: %{node_type: "VariableDeclarator", depth: 3, parent_type: "VariableDeclaration"}, location: %{depth: 3, end_column: 790, end_line: 1, start_line: 1, start_column: 778}, severity: "high", pattern_id: "js-hardcoded-secret-password", pattern_name: "Hardcoded Password", recommendation: "Review this code for potential security issues", confidence: 0.9, pattern_type: :hardcoded_secret}
18:48:58.538 [debug] Match confidence: 0.1848, min_confidence: 0.7, match: %{type: "js-hardcoded-secret-password", context: %{node_type: "VariableDeclarator", depth: 3, parent_type: "VariableDeclaration"}, location: %{depth: 3, end_column: 808, end_line: 1, start_line: 1, start_column: 796}, severity: "high", pattern_id: "js-hardcoded-secret-password", pattern_name: "Hardcoded Password", recommendation: "Review this code for potential security issues", confidence: 0.9, pattern_type: :hardcoded_secret}
18:48:58.538 [debug] Match confidence: 0.1848, min_confidence: 0.7, match: %{type: "js-hardcoded-secret-password", context: %{node_type: "VariableDeclarator", depth: 3, parent_type: "VariableDeclaration"}, location: %{depth: 3, end_column: 826, end_line: 1, start_line: 1, start_column: 814}, severity: "high", pattern_id: "js-hardcoded-secret-password", pattern_name: "Hardcoded Password", recommendation: "Review this code for potential security issues", confidence: 0.9, pattern_type: :hardcoded_secret}
18:48:58.538 [debug] Match confidence: 0.1848, min_confidence: 0.7, match: %{type: "js-hardcoded-secret-password", context: %{node_type: "VariableDeclarator", depth: 3, parent_type: "VariableDeclaration"}, location: %{depth: 3, end_column: 844, end_line: 1, start_line: 1, start_column: 832}, severity: "high", pattern_id: "js-hardcoded-secret-password", pattern_name: "Hardcoded Password", recommendation: "Review this code for potential security issues", confidence: 0.9, pattern_type: :hardcoded_secret}
18:48:58.538 [debug] Match confidence: 0.1848, min_confidence: 0.7, match: %{type: "js-hardcoded-secret-password", context: %{node_type: "VariableDeclarator", depth: 3, parent_type: "VariableDeclaration"}, location: %{depth: 3, end_column: 862, end_line: 1, start_line: 1, start_column: 850}, severity: "high", pattern_id: "js-hardcoded-secret-password", pattern_name: "Hardcoded Password", recommendation: "Review this code for potential security issues", confidence: 0.9, pattern_type: :hardcoded_secret}
18:48:58.538 [debug] Match confidence: 0.1848, min_confidence: 0.7, match: %{type: "js-hardcoded-secret-password", context: %{node_type: "VariableDeclarator", depth: 3, parent_type: "VariableDeclaration"}, location: %{depth: 3, end_column: 880, end_line: 1, start_line: 1, start_column: 868}, severity: "high", pattern_id: "js-hardcoded-secret-password", pattern_name: "Hardcoded Password", recommendation: "Review this code for potential security issues", confidence: 0.9, pattern_type: :hardcoded_secret}
18:48:58.538 [debug] Match confidence: 0.1848, min_confidence: 0.7, match: %{type: "js-hardcoded-secret-password", context: %{node_type: "VariableDeclarator", depth: 3, parent_type: "VariableDeclaration"}, location: %{depth: 3, end_column: 898, end_line: 1, start_line: 1, start_column: 886}, severity: "high", pattern_id: "js-hardcoded-secret-password", pattern_name: "Hardcoded Password", recommendation: "Review this code for potential security issues", confidence: 0.9, pattern_type: :hardcoded_secret}
18:48:58.538 [debug] Match confidence: 0.1848, min_confidence: 0.7, match: %{type: "js-hardcoded-secret-password", context: %{node_type: "VariableDeclarator", depth: 3, parent_type: "VariableDeclaration"}, location: %{depth: 3, end_column: 916, end_line: 1, start_line: 1, start_column: 904}, severity: "high", pattern_id: "js-hardcoded-secret-password", pattern_name: "Hardcoded Password", recommendation: "Review this code for potential security issues", confidence: 0.9, pattern_type: :hardcoded_secret}
18:48:58.538 [debug] Match confidence: 0.1848, min_confidence: 0.7, match: %{type: "js-hardcoded-secret-password", context: %{node_type: "VariableDeclarator", depth: 3, parent_type: "VariableDeclaration"}, location: %{depth: 3, end_column: 934, end_line: 1, start_line: 1, start_column: 922}, severity: "high", pattern_id: "js-hardcoded-secret-password", pattern_name: "Hardcoded Password", recommendation: "Review this code for potential security issues", confidence: 0.9, pattern_type: :hardcoded_secret}
18:48:58.538 [debug] Match confidence: 0.1848, min_confidence: 0.7, match: %{type: "js-hardcoded-secret-password", context: %{node_type: "VariableDeclarator", depth: 3, parent_type: "VariableDeclaration"}, location: %{depth: 3, end_column: 952, end_line: 1, start_line: 1, start_column: 940}, severity: "high", pattern_id: "js-hardcoded-secret-password", pattern_name: "Hardcoded Password", recommendation: "Review this code for potential security issues", confidence: 0.9, pattern_type: :hardcoded_secret}
18:48:58.538 [debug] Match confidence: 0.1848, min_confidence: 0.7, match: %{type: "js-hardcoded-secret-password", context: %{node_type: "VariableDeclarator", depth: 3, parent_type: "VariableDeclaration"}, location: %{depth: 3, end_column: 970, end_line: 1, start_line: 1, start_column: 958}, severity: "high", pattern_id: "js-hardcoded-secret-password", pattern_name: "Hardcoded Password", recommendation: "Review this code for potential security issues", confidence: 0.9, pattern_type: :hardcoded_secret}
18:48:58.539 [debug] Match confidence: 0.1848, min_confidence: 0.7, match: %{type: "js-hardcoded-secret-password", context: %{node_type: "VariableDeclarator", depth: 3, parent_type: "VariableDeclaration"}, location: %{depth: 3, end_column: 988, end_line: 1, start_line: 1, start_column: 976}, severity: "high", pattern_id: "js-hardcoded-secret-password", pattern_name: "Hardcoded Password", recommendation: "Review this code for potential security issues", confidence: 0.9, pattern_type: :hardcoded_secret}
18:48:58.539 [debug] Match confidence: 0.1848, min_confidence: 0.7, match: %{type: "js-hardcoded-secret-password", context: %{node_type: "VariableDeclarator", depth: 3, parent_type: "VariableDeclaration"}, location: %{depth: 3, end_column: 1006, end_line: 1, start_line: 1, start_column: 994}, severity: "high", pattern_id: "js-hardcoded-secret-password", pattern_name: "Hardcoded Password", recommendation: "Review this code for potential security issues", confidence: 0.9, pattern_type: :hardcoded_secret}
18:48:58.539 [debug] Match confidence: 0.1848, min_confidence: 0.7, match: %{type: "js-hardcoded-secret-password", context: %{node_type: "VariableDeclarator", depth: 3, parent_type: "VariableDeclaration"}, location: %{depth: 3, end_column: 1024, end_line: 1, start_line: 1, start_column: 1012}, severity: "high", pattern_id: "js-hardcoded-secret-password", pattern_name: "Hardcoded Password", recommendation: "Review this code for potential security issues", confidence: 0.9, pattern_type: :hardcoded_secret}
18:48:58.539 [debug] Match confidence: 0.1848, min_confidence: 0.7, match: %{type: "js-hardcoded-secret-password", context: %{node_type: "VariableDeclarator", depth: 3, parent_type: "VariableDeclaration"}, location: %{depth: 3, end_column: 1042, end_line: 1, start_line: 1, start_column: 1030}, severity: "high", pattern_id: "js-hardcoded-secret-password", pattern_name: "Hardcoded Password", recommendation: "Review this code for potential security issues", confidence: 0.9, pattern_type: :hardcoded_secret}
18:48:58.539 [debug] Match confidence: 0.1848, min_confidence: 0.7, match: %{type: "js-hardcoded-secret-password", context: %{node_type: "VariableDeclarator", depth: 3, parent_type: "VariableDeclaration"}, location: %{depth: 3, end_column: 1060, end_line: 1, start_line: 1, start_column: 1048}, severity: "high", pattern_id: "js-hardcoded-secret-password", pattern_name: "Hardcoded Password", recommendation: "Review this code for potential security issues", confidence: 0.9, pattern_type: :hardcoded_secret}
18:48:58.539 [debug] Match confidence: 0.1848, min_confidence: 0.7, match: %{type: "js-hardcoded-secret-password", context: %{node_type: "VariableDeclarator", depth: 3, parent_type: "VariableDeclaration"}, location: %{depth: 3, end_column: 1078, end_line: 1, start_line: 1, start_column: 1066}, severity: "high", pattern_id: "js-hardcoded-secret-password", pattern_name: "Hardcoded Password", recommendation: "Review this code for potential security issues", confidence: 0.9, pattern_type: :hardcoded_secret}
18:48:58.539 [debug] Match confidence: 0.1848, min_confidence: 0.7, match: %{type: "js-hardcoded-secret-password", context: %{node_type: "VariableDeclarator", depth: 3, parent_type: "VariableDeclaration"}, location: %{depth: 3, end_column: 1096, end_line: 1, start_line: 1, start_column: 1084}, severity: "high", pattern_id: "js-hardcoded-secret-password", pattern_name: "Hardcoded Password", recommendation: "Review this code for potential security issues", confidence: 0.9, pattern_type: :hardcoded_secret}
18:48:58.539 [debug] Match confidence: 0.1848, min_confidence: 0.7, match: %{type: "js-hardcoded-secret-password", context: %{node_type: "VariableDeclarator", depth: 3, parent_type: "VariableDeclaration"}, location: %{depth: 3, end_column: 1114, end_line: 1, start_line: 1, start_column: 1102}, severity: "high", pattern_id: "js-hardcoded-secret-password", pattern_name: "Hardcoded Password", recommendation: "Review this code for potential security issues", confidence: 0.9, pattern_type: :hardcoded_secret}
18:48:58.539 [debug] Match confidence: 0.1848, min_confidence: 0.7, match: %{type: "js-hardcoded-secret-password", context: %{node_type: "VariableDeclarator", depth: 3, parent_type: "VariableDeclaration"}, location: %{depth: 3, end_column: 1132, end_line: 1, start_line: 1, start_column: 1120}, severity: "high", pattern_id: "js-hardcoded-secret-password", pattern_name: "Hardcoded Password", recommendation: "Review this code for potential security issues", confidence: 0.9, pattern_type: :hardcoded_secret}
18:48:58.539 [debug] Match confidence: 0.1848, min_confidence: 0.7, match: %{type: "js-hardcoded-secret-password", context: %{node_type: "VariableDeclarator", depth: 3, parent_type: "VariableDeclaration"}, location: %{depth: 3, end_column: 1150, end_line: 1, start_line: 1, start_column: 1138}, severity: "high", pattern_id: "js-hardcoded-secret-password", pattern_name: "Hardcoded Password", recommendation: "Review this code for potential security issues", confidence: 0.9, pattern_type: :hardcoded_secret}
18:48:58.539 [debug] Match confidence: 0.1848, min_confidence: 0.7, match: %{type: "js-hardcoded-secret-password", context: %{node_type: "VariableDeclarator", depth: 3, parent_type: "VariableDeclaration"}, location: %{depth: 3, end_column: 1168, end_line: 1, start_line: 1, start_column: 1156}, severity: "high", pattern_id: "js-hardcoded-secret-password", pattern_name: "Hardcoded Password", recommendation: "Review this code for potential security issues", confidence: 0.9, pattern_type: :hardcoded_secret}
18:48:58.539 [debug] Match confidence: 0.1848, min_confidence: 0.7, match: %{type: "js-hardcoded-secret-password", context: %{node_type: "VariableDeclarator", depth: 3, parent_type: "VariableDeclaration"}, location: %{depth: 3, end_column: 1186, end_line: 1, start_line: 1, start_column: 1174}, severity: "high", pattern_id: "js-hardcoded-secret-password", pattern_name: "Hardcoded Password", recommendation: "Review this code for potential security issues", confidence: 0.9, pattern_type: :hardcoded_secret}
18:48:58.539 [debug] Match confidence: 0.1848, min_confidence: 0.7, match: %{type: "js-hardcoded-secret-password", context: %{node_type: "VariableDeclarator", depth: 3, parent_type: "VariableDeclaration"}, location: %{depth: 3, end_column: 1204, end_line: 1, start_line: 1, start_column: 1192}, severity: "high", pattern_id: "js-hardcoded-secret-password", pattern_name: "Hardcoded Password", recommendation: "Review this code for potential security issues", confidence: 0.9, pattern_type: :hardcoded_secret}
18:48:58.539 [debug] Match confidence: 0.1848, min_confidence: 0.7, match: %{type: "js-hardcoded-secret-password", context: %{node_type: "VariableDeclarator", depth: 3, parent_type: "VariableDeclaration"}, location: %{depth: 3, end_column: 1222, end_line: 1, start_line: 1, start_column: 1210}, severity: "high", pattern_id: "js-hardcoded-secret-password", pattern_name: "Hardcoded Password", recommendation: "Review this code for potential security issues", confidence: 0.9, pattern_type: :hardcoded_secret}
18:48:58.539 [debug] Match confidence: 0.1848, min_confidence: 0.7, match: %{type: "js-hardcoded-secret-password", context: %{node_type: "VariableDeclarator", depth: 3, parent_type: "VariableDeclaration"}, location: %{depth: 3, end_column: 1240, end_line: 1, start_line: 1, start_column: 1228}, severity: "high", pattern_id: "js-hardcoded-secret-password", pattern_name: "Hardcoded Password", recommendation: "Review this code for potential security issues", confidence: 0.9, pattern_type: :hardcoded_secret}
18:48:58.539 [debug] Match confidence: 0.1848, min_confidence: 0.7, match: %{type: "js-hardcoded-secret-password", context: %{node_type: "VariableDeclarator", depth: 3, parent_type: "VariableDeclaration"}, location: %{depth: 3, end_column: 1258, end_line: 1, start_line: 1, start_column: 1246}, severity: "high", pattern_id: "js-hardcoded-secret-password", pattern_name: "Hardcoded Password", recommendation: "Review this code for potential security issues", confidence: 0.9, pattern_type: :hardcoded_secret}
18:48:58.539 [debug] Match confidence: 0.1848, min_confidence: 0.7, match: %{type: "js-hardcoded-secret-password", context: %{node_type: "VariableDeclarator", depth: 3, parent_type: "VariableDeclaration"}, location: %{depth: 3, end_column: 1276, end_line: 1, start_line: 1, start_column: 1264}, severity: "high", pattern_id: "js-hardcoded-secret-password", pattern_name: "Hardcoded Password", recommendation: "Review this code for potential security issues", confidence: 0.9, pattern_type: :hardcoded_secret}
18:48:58.539 [debug] Match confidence: 0.1848, min_confidence: 0.7, match: %{type: "js-hardcoded-secret-password", context: %{node_type: "VariableDeclarator", depth: 3, parent_type: "VariableDeclaration"}, location: %{depth: 3, end_column: 1294, end_line: 1, start_line: 1, start_column: 1282}, severity: "high", pattern_id: "js-hardcoded-secret-password", pattern_name: "Hardcoded Password", recommendation: "Review this code for potential security issues", confidence: 0.9, pattern_type: :hardcoded_secret}
18:48:58.539 [debug] Match confidence: 0.1848, min_confidence: 0.7, match: %{type: "js-hardcoded-secret-password", context: %{node_type: "VariableDeclarator", depth: 3, parent_type: "VariableDeclaration"}, location: %{depth: 3, end_column: 1312, end_line: 1, start_line: 1, start_column: 1300}, severity: "high", pattern_id: "js-hardcoded-secret-password", pattern_name: "Hardcoded Password", recommendation: "Review this code for potential security issues", confidence: 0.9, pattern_type: :hardcoded_secret}
18:48:58.539 [debug] Match confidence: 0.1848, min_confidence: 0.7, match: %{type: "js-hardcoded-secret-password", context: %{node_type: "VariableDeclarator", depth: 3, parent_type: "VariableDeclaration"}, location: %{depth: 3, end_column: 1330, end_line: 1, start_line: 1, start_column: 1318}, severity: "high", pattern_id: "js-hardcoded-secret-password", pattern_name: "Hardcoded Password", recommendation: "Review this code for potential security issues", confidence: 0.9, pattern_type: :hardcoded_secret}
18:48:58.539 [debug] Match confidence: 0.1848, min_confidence: 0.7, match: %{type: "js-hardcoded-secret-password", context: %{node_type: "VariableDeclarator", depth: 3, parent_type: "VariableDeclaration"}, location: %{depth: 3, end_column: 1348, end_line: 1, start_line: 1, start_column: 1336}, severity: "high", pattern_id: "js-hardcoded-secret-password", pattern_name: "Hardcoded Password", recommendation: "Review this code for potential security issues", confidence: 0.9, pattern_type: :hardcoded_secret}
18:48:58.539 [debug] Match confidence: 0.1848, min_confidence: 0.7, match: %{type: "js-hardcoded-secret-password", context: %{node_type: "VariableDeclarator", depth: 3, parent_type: "VariableDeclaration"}, location: %{depth: 3, end_column: 1366, end_line: 1, start_line: 1, start_column: 1354}, severity: "high", pattern_id: "js-hardcoded-secret-password", pattern_name: "Hardcoded Password", recommendation: "Review this code for potential security issues", confidence: 0.9, pattern_type: :hardcoded_secret}
18:48:58.539 [debug] Match confidence: 0.1848, min_confidence: 0.7, match: %{type: "js-hardcoded-secret-password", context: %{node_type: "VariableDeclarator", depth: 3, parent_type: "VariableDeclaration"}, location: %{depth: 3, end_column: 1384, end_line: 1, start_line: 1, start_column: 1372}, severity: "high", pattern_id: "js-hardcoded-secret-password", pattern_name: "Hardcoded Password", recommendation: "Review this code for potential security issues", confidence: 0.9, pattern_type: :hardcoded_secret}
18:48:58.539 [debug] Match confidence: 0.1848, min_confidence: 0.7, match: %{type: "js-hardcoded-secret-password", context: %{node_type: "VariableDeclarator", depth: 3, parent_type: "VariableDeclaration"}, location: %{depth: 3, end_column: 1402, end_line: 1, start_line: 1, start_column: 1390}, severity: "high", pattern_id: "js-hardcoded-secret-password", pattern_name: "Hardcoded Password", recommendation: "Review this code for potential security issues", confidence: 0.9, pattern_type: :hardcoded_secret}
18:48:58.539 [debug] Match confidence: 0.1848, min_confidence: 0.7, match: %{type: "js-hardcoded-secret-password", context: %{node_type: "VariableDeclarator", depth: 3, parent_type: "VariableDeclaration"}, location: %{depth: 3, end_column: 1420, end_line: 1, start_line: 1, start_column: 1408}, severity: "high", pattern_id: "js-hardcoded-secret-password", pattern_name: "Hardcoded Password", recommendation: "Review this code for potential security issues", confidence: 0.9, pattern_type: :hardcoded_secret}
18:48:58.539 [debug] Match confidence: 0.1848, min_confidence: 0.7, match: %{type: "js-hardcoded-secret-password", context: %{node_type: "VariableDeclarator", depth: 3, parent_type: "VariableDeclaration"}, location: %{depth: 3, end_column: 1438, end_line: 1, start_line: 1, start_column: 1426}, severity: "high", pattern_id: "js-hardcoded-secret-password", pattern_name: "Hardcoded Password", recommendation: "Review this code for potential security issues", confidence: 0.9, pattern_type: :hardcoded_secret}
18:48:58.539 [debug] Match confidence: 0.1848, min_confidence: 0.7, match: %{type: "js-hardcoded-secret-password", context: %{node_type: "VariableDeclarator", depth: 3, parent_type: "VariableDeclaration"}, location: %{depth: 3, end_column: 1456, end_line: 1, start_line: 1, start_column: 1444}, severity: "high", pattern_id: "js-hardcoded-secret-password", pattern_name: "Hardcoded Password", recommendation: "Review this code for potential security issues", confidence: 0.9, pattern_type: :hardcoded_secret}
18:48:58.539 [debug] Match confidence: 0.1848, min_confidence: 0.7, match: %{type: "js-hardcoded-secret-password", context: %{node_type: "VariableDeclarator", depth: 3, parent_type: "VariableDeclaration"}, location: %{depth: 3, end_column: 1474, end_line: 1, start_line: 1, start_column: 1462}, severity: "high", pattern_id: "js-hardcoded-secret-password", pattern_name: "Hardcoded Password", recommendation: "Review this code for potential security issues", confidence: 0.9, pattern_type: :hardcoded_secret}
18:48:58.539 [debug] Match confidence: 0.1848, min_confidence: 0.7, match: %{type: "js-hardcoded-secret-password", context: %{node_type: "VariableDeclarator", depth: 3, parent_type: "VariableDeclaration"}, location: %{depth: 3, end_column: 1492, end_line: 1, start_line: 1, start_column: 1480}, severity: "high", pattern_id: "js-hardcoded-secret-password", pattern_name: "Hardcoded Password", recommendation: "Review this code for potential security issues", confidence: 0.9, pattern_type: :hardcoded_secret}
18:48:58.539 [debug] Match confidence: 0.1848, min_confidence: 0.7, match: %{type: "js-hardcoded-secret-password", context: %{node_type: "VariableDeclarator", depth: 3, parent_type: "VariableDeclaration"}, location: %{depth: 3, end_column: 1510, end_line: 1, start_line: 1, start_column: 1498}, severity: "high", pattern_id: "js-hardcoded-secret-password", pattern_name: "Hardcoded Password", recommendation: "Review this code for potential security issues", confidence: 0.9, pattern_type: :hardcoded_secret}
18:48:58.539 [debug] Match confidence: 0.1848, min_confidence: 0.7, match: %{type: "js-hardcoded-secret-password", context: %{node_type: "VariableDeclarator", depth: 3, parent_type: "VariableDeclaration"}, location: %{depth: 3, end_column: 1528, end_line: 1, start_line: 1, start_column: 1516}, severity: "high", pattern_id: "js-hardcoded-secret-password", pattern_name: "Hardcoded Password", recommendation: "Review this code for potential security issues", confidence: 0.9, pattern_type: :hardcoded_secret}
18:48:58.539 [debug] Match confidence: 0.1848, min_confidence: 0.7, match: %{type: "js-hardcoded-secret-password", context: %{node_type: "VariableDeclarator", depth: 3, parent_type: "VariableDeclaration"}, location: %{depth: 3, end_column: 1546, end_line: 1, start_line: 1, start_column: 1534}, severity: "high", pattern_id: "js-hardcoded-secret-password", pattern_name: "Hardcoded Password", recommendation: "Review this code for potential security issues", confidence: 0.9, pattern_type: :hardcoded_secret}
18:48:58.540 [debug] Match confidence: 0.1848, min_confidence: 0.7, match: %{type: "js-hardcoded-secret-password", context: %{node_type: "VariableDeclarator", depth: 3, parent_type: "VariableDeclaration"}, location: %{depth: 3, end_column: 1564, end_line: 1, start_line: 1, start_column: 1552}, severity: "high", pattern_id: "js-hardcoded-secret-password", pattern_name: "Hardcoded Password", recommendation: "Review this code for potential security issues", confidence: 0.9, pattern_type: :hardcoded_secret}
18:48:58.540 [debug] Match confidence: 0.1848, min_confidence: 0.7, match: %{type: "js-hardcoded-secret-password", context: %{node_type: "VariableDeclarator", depth: 3, parent_type: "VariableDeclaration"}, location: %{depth: 3, end_column: 1582, end_line: 1, start_line: 1, start_column: 1570}, severity: "high", pattern_id: "js-hardcoded-secret-password", pattern_name: "Hardcoded Password", recommendation: "Review this code for potential security issues", confidence: 0.9, pattern_type: :hardcoded_secret}
18:48:58.540 [debug] Match confidence: 0.1848, min_confidence: 0.7, match: %{type: "js-hardcoded-secret-password", context: %{node_type: "VariableDeclarator", depth: 3, parent_type: "VariableDeclaration"}, location: %{depth: 3, end_column: 1600, end_line: 1, start_line: 1, start_column: 1588}, severity: "high", pattern_id: "js-hardcoded-secret-password", pattern_name: "Hardcoded Password", recommendation: "Review this code for potential security issues", confidence: 0.9, pattern_type: :hardcoded_secret}
18:48:58.540 [debug] Match confidence: 0.1848, min_confidence: 0.7, match: %{type: "js-hardcoded-secret-password", context: %{node_type: "VariableDeclarator", depth: 3, parent_type: "VariableDeclaration"}, location: %{depth: 3, end_column: 1618, end_line: 1, start_line: 1, start_column: 1606}, severity: "high", pattern_id: "js-hardcoded-secret-password", pattern_name: "Hardcoded Password", recommendation: "Review this code for potential security issues", confidence: 0.9, pattern_type: :hardcoded_secret}
18:48:58.540 [debug] Match confidence: 0.1848, min_confidence: 0.7, match: %{type: "js-hardcoded-secret-password", context: %{node_type: "VariableDeclarator", depth: 3, parent_type: "VariableDeclaration"}, location: %{depth: 3, end_column: 1636, end_line: 1, start_line: 1, start_column: 1624}, severity: "high", pattern_id: "js-hardcoded-secret-password", pattern_name: "Hardcoded Password", recommendation: "Review this code for potential security issues", confidence: 0.9, pattern_type: :hardcoded_secret}
18:48:58.540 [debug] Match confidence: 0.1848, min_confidence: 0.7, match: %{type: "js-hardcoded-secret-password", context: %{node_type: "VariableDeclarator", depth: 3, parent_type: "VariableDeclaration"}, location: %{depth: 3, end_column: 1654, end_line: 1, start_line: 1, start_column: 1642}, severity: "high", pattern_id: "js-hardcoded-secret-password", pattern_name: "Hardcoded Password", recommendation: "Review this code for potential security issues", confidence: 0.9, pattern_type: :hardcoded_secret}
18:48:58.540 [debug] Match confidence: 0.1848, min_confidence: 0.7, match: %{type: "js-hardcoded-secret-password", context: %{node_type: "VariableDeclarator", depth: 3, parent_type: "VariableDeclaration"}, location: %{depth: 3, end_column: 1672, end_line: 1, start_line: 1, start_column: 1660}, severity: "high", pattern_id: "js-hardcoded-secret-password", pattern_name: "Hardcoded Password", recommendation: "Review this code for potential security issues", confidence: 0.9, pattern_type: :hardcoded_secret}
18:48:58.540 [debug] Match confidence: 0.1848, min_confidence: 0.7, match: %{type: "js-hardcoded-secret-password", context: %{node_type: "VariableDeclarator", depth: 3, parent_type: "VariableDeclaration"}, location: %{depth: 3, end_column: 1690, end_line: 1, start_line: 1, start_column: 1678}, severity: "high", pattern_id: "js-hardcoded-secret-password", pattern_name: "Hardcoded Password", recommendation: "Review this code for potential security issues", confidence: 0.9, pattern_type: :hardcoded_secret}
18:48:58.540 [debug] Match confidence: 0.1848, min_confidence: 0.7, match: %{type: "js-hardcoded-secret-password", context: %{node_type: "VariableDeclarator", depth: 3, parent_type: "VariableDeclaration"}, location: %{depth: 3, end_column: 1708, end_line: 1, start_line: 1, start_column: 1696}, severity: "high", pattern_id: "js-hardcoded-secret-password", pattern_name: "Hardcoded Password", recommendation: "Review this code for potential security issues", confidence: 0.9, pattern_type: :hardcoded_secret}
18:48:58.540 [debug] Match confidence: 0.1848, min_confidence: 0.7, match: %{type: "js-hardcoded-secret-password", context: %{node_type: "VariableDeclarator", depth: 3, parent_type: "VariableDeclaration"}, location: %{depth: 3, end_column: 1726, end_line: 1, start_line: 1, start_column: 1714}, severity: "high", pattern_id: "js-hardcoded-secret-password", pattern_name: "Hardcoded Password", recommendation: "Review this code for potential security issues", confidence: 0.9, pattern_type: :hardcoded_secret}
18:48:58.541 [debug] Match confidence: 0.1848, min_confidence: 0.7, match: %{type: "js-hardcoded-secret-password", context: %{node_type: "VariableDeclarator", depth: 3, parent_type: "VariableDeclaration"}, location: %{depth: 3, end_column: 1744, end_line: 1, start_line: 1, start_column: 1732}, severity: "high", pattern_id: "js-hardcoded-secret-password", pattern_name: "Hardcoded Password", recommendation: "Review this code for potential security issues", confidence: 0.9, pattern_type: :hardcoded_secret}
18:48:58.541 [debug] Match confidence: 0.1848, min_confidence: 0.7, match: %{type: "js-hardcoded-secret-password", context: %{node_type: "VariableDeclarator", depth: 3, parent_type: "VariableDeclaration"}, location: %{depth: 3, end_column: 1762, end_line: 1, start_line: 1, start_column: 1750}, severity: "high", pattern_id: "js-hardcoded-secret-password", pattern_name: "Hardcoded Password", recommendation: "Review this code for potential security issues", confidence: 0.9, pattern_type: :hardcoded_secret}
18:48:58.541 [debug] Match confidence: 0.1848, min_confidence: 0.7, match: %{type: "js-hardcoded-secret-password", context: %{node_type: "VariableDeclarator", depth: 3, parent_type: "VariableDeclaration"}, location: %{depth: 3, end_column: 1780, end_line: 1, start_line: 1, start_column: 1768}, severity: "high", pattern_id: "js-hardcoded-secret-password", pattern_name: "Hardcoded Password", recommendation: "Review this code for potential security issues", confidence: 0.9, pattern_type: :hardcoded_secret}
18:48:58.541 [debug] Match confidence: 0.1848, min_confidence: 0.7, match: %{type: "js-hardcoded-secret-password", context: %{node_type: "VariableDeclarator", depth: 3, parent_type: "VariableDeclaration"}, location: %{depth: 3, end_column: 1798, end_line: 1, start_line: 1, start_column: 1786}, severity: "high", pattern_id: "js-hardcoded-secret-password", pattern_name: "Hardcoded Password", recommendation: "Review this code for potential security issues", confidence: 0.9, pattern_type: :hardcoded_secret}
18:48:58.541 [debug] Match confidence: 0.1848, min_confidence: 0.7, match: %{type: "js-hardcoded-secret-api-key", context: %{node_type: "VariableDeclarator", depth: 3, parent_type: "VariableDeclaration"}, location: %{depth: 3, end_column: 16, end_line: 1, start_line: 1, start_column: 4}, severity: "high", pattern_id: "js-hardcoded-secret-api-key", pattern_name: "Hardcoded API Key", recommendation: "Review this code for potential security issues", confidence: 0.9, pattern_type: :hardcoded_secret}
18:48:58.541 [debug] Match confidence: 0.1848, min_confidence: 0.7, match: %{type: "js-hardcoded-secret-api-key", context: %{node_type: "VariableDeclarator", depth: 3, parent_type: "VariableDeclaration"}, location: %{depth: 3, end_column: 34, end_line: 1, start_line: 1, start_column: 22}, severity: "high", pattern_id: "js-hardcoded-secret-api-key", pattern_name: "Hardcoded API Key", recommendation: "Review this code for potential security issues", confidence: 0.9, pattern_type: :hardcoded_secret}
18:48:58.541 [debug] Match confidence: 0.1848, min_confidence: 0.7, match: %{type: "js-hardcoded-secret-api-key", context: %{node_type: "VariableDeclarator", depth: 3, parent_type: "VariableDeclaration"}, location: %{depth: 3, end_column: 52, end_line: 1, start_line: 1, start_column: 40}, severity: "high", pattern_id: "js-hardcoded-secret-api-key", pattern_name: "Hardcoded API Key", recommendation: "Review this code for potential security issues", confidence: 0.9, pattern_type: :hardcoded_secret}
18:48:58.541 [debug] Match confidence: 0.1848, min_confidence: 0.7, match: %{type: "js-hardcoded-secret-api-key", context: %{node_type: "VariableDeclarator", depth: 3, parent_type: "VariableDeclaration"}, location: %{depth: 3, end_column: 70, end_line: 1, start_line: 1, start_column: 58}, severity: "high", pattern_id: "js-hardcoded-secret-api-key", pattern_name: "Hardcoded API Key", recommendation: "Review this code for potential security issues", confidence: 0.9, pattern_type: :hardcoded_secret}
18:48:58.541 [debug] Match confidence: 0.1848, min_confidence: 0.7, match: %{type: "js-hardcoded-secret-api-key", context: %{node_type: "VariableDeclarator", depth: 3, parent_type: "VariableDeclaration"}, location: %{depth: 3, end_column: 88, end_line: 1, start_line: 1, start_column: 76}, severity: "high", pattern_id: "js-hardcoded-secret-api-key", pattern_name: "Hardcoded API Key", recommendation: "Review this code for potential security issues", confidence: 0.9, pattern_type: :hardcoded_secret}
18:48:58.541 [debug] Match confidence: 0.1848, min_confidence: 0.7, match: %{type: "js-hardcoded-secret-api-key", context: %{node_type: "VariableDeclarator", depth: 3, parent_type: "VariableDeclaration"}, location: %{depth: 3, end_column: 106, end_line: 1, start_line: 1, start_column: 94}, severity: "high", pattern_id: "js-hardcoded-secret-api-key", pattern_name: "Hardcoded API Key", recommendation: "Review this code for potential security issues", confidence: 0.9, pattern_type: :hardcoded_secret}
18:48:58.546 [debug] Match confidence: 0.1848, min_confidence: 0.7, match: %{type: "js-hardcoded-secret-api-key", context: %{node_type: "VariableDeclarator", depth: 3, parent_type: "VariableDeclaration"}, location: %{depth: 3, end_column: 124, end_line: 1, start_line: 1, start_column: 112}, severity: "high", pattern_id: "js-hardcoded-secret-api-key", pattern_name: "Hardcoded API Key", recommendation: "Review this code for potential security issues", confidence: 0.9, pattern_type: :hardcoded_secret}
18:48:58.546 [debug] Match confidence: 0.1848, min_confidence: 0.7, match: %{type: "js-hardcoded-secret-api-key", context: %{node_type: "VariableDeclarator", depth: 3, parent_type: "VariableDeclaration"}, location: %{depth: 3, end_column: 142, end_line: 1, start_line: 1, start_column: 130}, severity: "high", pattern_id: "js-hardcoded-secret-api-key", pattern_name: "Hardcoded API Key", recommendation: "Review this code for potential security issues", confidence: 0.9, pattern_type: :hardcoded_secret}
18:48:58.546 [debug] Match confidence: 0.1848, min_confidence: 0.7, match: %{type: "js-hardcoded-secret-api-key", context: %{node_type: "VariableDeclarator", depth: 3, parent_type: "VariableDeclaration"}, location: %{depth: 3, end_column: 160, end_line: 1, start_line: 1, start_column: 148}, severity: "high", pattern_id: "js-hardcoded-secret-api-key", pattern_name: "Hardcoded API Key", recommendation: "Review this code for potential security issues", confidence: 0.9, pattern_type: :hardcoded_secret}
18:48:58.546 [debug] Match confidence: 0.1848, min_confidence: 0.7, match: %{type: "js-hardcoded-secret-api-key", context: %{node_type: "VariableDeclarator", depth: 3, parent_type: "VariableDeclaration"}, location: %{depth: 3, end_column: 178, end_line: 1, start_line: 1, start_column: 166}, severity: "high", pattern_id: "js-hardcoded-secret-api-key", pattern_name: "Hardcoded API Key", recommendation: "Review this code for potential security issues", confidence: 0.9, pattern_type: :hardcoded_secret}
18:48:58.546 [debug] Match confidence: 0.1848, min_confidence: 0.7, match: %{type: "js-hardcoded-secret-api-key", context: %{node_type: "VariableDeclarator", depth: 3, parent_type: "VariableDeclaration"}, location: %{depth: 3, end_column: 196, end_line: 1, start_line: 1, start_column: 184}, severity: "high", pattern_id: "js-hardcoded-secret-api-key", pattern_name: "Hardcoded API Key", recommendation: "Review this code for potential security issues", confidence: 0.9, pattern_type: :hardcoded_secret}
18:48:58.546 [debug] Match confidence: 0.1848, min_confidence: 0.7, match: %{type: "js-hardcoded-secret-api-key", context: %{node_type: "VariableDeclarator", depth: 3, parent_type: "VariableDeclaration"}, location: %{depth: 3, end_column: 214, end_line: 1, start_line: 1, start_column: 202}, severity: "high", pattern_id: "js-hardcoded-secret-api-key", pattern_name: "Hardcoded API Key", recommendation: "Review this code for potential security issues", confidence: 0.9, pattern_type: :hardcoded_secret}
18:48:58.546 [debug] Match confidence: 0.1848, min_confidence: 0.7, match: %{type: "js-hardcoded-secret-api-key", context: %{node_type: "VariableDeclarator", depth: 3, parent_type: "VariableDeclaration"}, location: %{depth: 3, end_column: 232, end_line: 1, start_line: 1, start_column: 220}, severity: "high", pattern_id: "js-hardcoded-secret-api-key", pattern_name: "Hardcoded API Key", recommendation: "Review this code for potential security issues", confidence: 0.9, pattern_type: :hardcoded_secret}
18:48:58.546 [debug] Match confidence: 0.1848, min_confidence: 0.7, match: %{type: "js-hardcoded-secret-api-key", context: %{node_type: "VariableDeclarator", depth: 3, parent_type: "VariableDeclaration"}, location: %{depth: 3, end_column: 250, end_line: 1, start_line: 1, start_column: 238}, severity: "high", pattern_id: "js-hardcoded-secret-api-key", pattern_name: "Hardcoded API Key", recommendation: "Review this code for potential security issues", confidence: 0.9, pattern_type: :hardcoded_secret}
18:48:58.546 [debug] Match confidence: 0.1848, min_confidence: 0.7, match: %{type: "js-hardcoded-secret-api-key", context: %{node_type: "VariableDeclarator", depth: 3, parent_type: "VariableDeclaration"}, location: %{depth: 3, end_column: 268, end_line: 1, start_line: 1, start_column: 256}, severity: "high", pattern_id: "js-hardcoded-secret-api-key", pattern_name: "Hardcoded API Key", recommendation: "Review this code for potential security issues", confidence: 0.9, pattern_type: :hardcoded_secret}
18:48:58.546 [debug] Match confidence: 0.1848, min_confidence: 0.7, match: %{type: "js-hardcoded-secret-api-key", context: %{node_type: "VariableDeclarator", depth: 3, parent_type: "VariableDeclaration"}, location: %{depth: 3, end_column: 286, end_line: 1, start_line: 1, start_column: 274}, severity: "high", pattern_id: "js-hardcoded-secret-api-key", pattern_name: "Hardcoded API Key", recommendation: "Review this code for potential security issues", confidence: 0.9, pattern_type: :hardcoded_secret}
18:48:58.546 [debug] Match confidence: 0.1848, min_confidence: 0.7, match: %{type: "js-hardcoded-secret-api-key", context: %{node_type: "VariableDeclarator", depth: 3, parent_type: "VariableDeclaration"}, location: %{depth: 3, end_column: 304, end_line: 1, start_line: 1, start_column: 292}, severity: "high", pattern_id: "js-hardcoded-secret-api-key", pattern_name: "Hardcoded API Key", recommendation: "Review this code for potential security issues", confidence: 0.9, pattern_type: :hardcoded_secret}
18:48:58.546 [debug] Match confidence: 0.1848, min_confidence: 0.7, match: %{type: "js-hardcoded-secret-api-key", context: %{node_type: "VariableDeclarator", depth: 3, parent_type: "VariableDeclaration"}, location: %{depth: 3, end_column: 322, end_line: 1, start_line: 1, start_column: 310}, severity: "high", pattern_id: "js-hardcoded-secret-api-key", pattern_name: "Hardcoded API Key", recommendation: "Review this code for potential security issues", confidence: 0.9, pattern_type: :hardcoded_secret}
18:48:58.546 [debug] Match confidence: 0.1848, min_confidence: 0.7, match: %{type: "js-hardcoded-secret-api-key", context: %{node_type: "VariableDeclarator", depth: 3, parent_type: "VariableDeclaration"}, location: %{depth: 3, end_column: 340, end_line: 1, start_line: 1, start_column: 328}, severity: "high", pattern_id: "js-hardcoded-secret-api-key", pattern_name: "Hardcoded API Key", recommendation: "Review this code for potential security issues", confidence: 0.9, pattern_type: :hardcoded_secret}
18:48:58.546 [debug] Match confidence: 0.1848, min_confidence: 0.7, match: %{type: "js-hardcoded-secret-api-key", context: %{node_type: "VariableDeclarator", depth: 3, parent_type: "VariableDeclaration"}, location: %{depth: 3, end_column: 358, end_line: 1, start_line: 1, start_column: 346}, severity: "high", pattern_id: "js-hardcoded-secret-api-key", pattern_name: "Hardcoded API Key", recommendation: "Review this code for potential security issues", confidence: 0.9, pattern_type: :hardcoded_secret}
18:48:58.546 [debug] Match confidence: 0.1848, min_confidence: 0.7, match: %{type: "js-hardcoded-secret-api-key", context: %{node_type: "VariableDeclarator", depth: 3, parent_type: "VariableDeclaration"}, location: %{depth: 3, end_column: 376, end_line: 1, start_line: 1, start_column: 364}, severity: "high", pattern_id: "js-hardcoded-secret-api-key", pattern_name: "Hardcoded API Key", recommendation: "Review this code for potential security issues", confidence: 0.9, pattern_type: :hardcoded_secret}
18:48:58.546 [debug] Match confidence: 0.1848, min_confidence: 0.7, match: %{type: "js-hardcoded-secret-api-key", context: %{node_type: "VariableDeclarator", depth: 3, parent_type: "VariableDeclaration"}, location: %{depth: 3, end_column: 394, end_line: 1, start_line: 1, start_column: 382}, severity: "high", pattern_id: "js-hardcoded-secret-api-key", pattern_name: "Hardcoded API Key", recommendation: "Review this code for potential security issues", confidence: 0.9, pattern_type: :hardcoded_secret}
18:48:58.546 [debug] Match confidence: 0.1848, min_confidence: 0.7, match: %{type: "js-hardcoded-secret-api-key", context: %{node_type: "VariableDeclarator", depth: 3, parent_type: "VariableDeclaration"}, location: %{depth: 3, end_column: 412, end_line: 1, start_line: 1, start_column: 400}, severity: "high", pattern_id: "js-hardcoded-secret-api-key", pattern_name: "Hardcoded API Key", recommendation: "Review this code for potential security issues", confidence: 0.9, pattern_type: :hardcoded_secret}
18:48:58.546 [debug] Match confidence: 0.1848, min_confidence: 0.7, match: %{type: "js-hardcoded-secret-api-key", context: %{node_type: "VariableDeclarator", depth: 3, parent_type: "VariableDeclaration"}, location: %{depth: 3, end_column: 430, end_line: 1, start_line: 1, start_column: 418}, severity: "high", pattern_id: "js-hardcoded-secret-api-key", pattern_name: "Hardcoded API Key", recommendation: "Review this code for potential security issues", confidence: 0.9, pattern_type: :hardcoded_secret}
18:48:58.547 [debug] Match confidence: 0.1848, min_confidence: 0.7, match: %{type: "js-hardcoded-secret-api-key", context: %{node_type: "VariableDeclarator", depth: 3, parent_type: "VariableDeclaration"}, location: %{depth: 3, end_column: 448, end_line: 1, start_line: 1, start_column: 436}, severity: "high", pattern_id: "js-hardcoded-secret-api-key", pattern_name: "Hardcoded API Key", recommendation: "Review this code for potential security issues", confidence: 0.9, pattern_type: :hardcoded_secret}
18:48:58.547 [debug] Match confidence: 0.1848, min_confidence: 0.7, match: %{type: "js-hardcoded-secret-api-key", context: %{node_type: "VariableDeclarator", depth: 3, parent_type: "VariableDeclaration"}, location: %{depth: 3, end_column: 466, end_line: 1, start_line: 1, start_column: 454}, severity: "high", pattern_id: "js-hardcoded-secret-api-key", pattern_name: "Hardcoded API Key", recommendation: "Review this code for potential security issues", confidence: 0.9, pattern_type: :hardcoded_secret}
18:48:58.547 [debug] Match confidence: 0.1848, min_confidence: 0.7, match: %{type: "js-hardcoded-secret-api-key", context: %{node_type: "VariableDeclarator", depth: 3, parent_type: "VariableDeclaration"}, location: %{depth: 3, end_column: 484, end_line: 1, start_line: 1, start_column: 472}, severity: "high", pattern_id: "js-hardcoded-secret-api-key", pattern_name: "Hardcoded API Key", recommendation: "Review this code for potential security issues", confidence: 0.9, pattern_type: :hardcoded_secret}
18:48:58.547 [debug] Match confidence: 0.1848, min_confidence: 0.7, match: %{type: "js-hardcoded-secret-api-key", context: %{node_type: "VariableDeclarator", depth: 3, parent_type: "VariableDeclaration"}, location: %{depth: 3, end_column: 502, end_line: 1, start_line: 1, start_column: 490}, severity: "high", pattern_id: "js-hardcoded-secret-api-key", pattern_name: "Hardcoded API Key", recommendation: "Review this code for potential security issues", confidence: 0.9, pattern_type: :hardcoded_secret}
18:48:58.547 [debug] Match confidence: 0.1848, min_confidence: 0.7, match: %{type: "js-hardcoded-secret-api-key", context: %{node_type: "VariableDeclarator", depth: 3, parent_type: "VariableDeclaration"}, location: %{depth: 3, end_column: 520, end_line: 1, start_line: 1, start_column: 508}, severity: "high", pattern_id: "js-hardcoded-secret-api-key", pattern_name: "Hardcoded API Key", recommendation: "Review this code for potential security issues", confidence: 0.9, pattern_type: :hardcoded_secret}
18:48:58.547 [debug] Match confidence: 0.1848, min_confidence: 0.7, match: %{type: "js-hardcoded-secret-api-key", context: %{node_type: "VariableDeclarator", depth: 3, parent_type: "VariableDeclaration"}, location: %{depth: 3, end_column: 538, end_line: 1, start_line: 1, start_column: 526}, severity: "high", pattern_id: "js-hardcoded-secret-api-key", pattern_name: "Hardcoded API Key", recommendation: "Review this code for potential security issues", confidence: 0.9, pattern_type: :hardcoded_secret}
18:48:58.547 [debug] Match confidence: 0.1848, min_confidence: 0.7, match: %{type: "js-hardcoded-secret-api-key", context: %{node_type: "VariableDeclarator", depth: 3, parent_type: "VariableDeclaration"}, location: %{depth: 3, end_column: 556, end_line: 1, start_line: 1, start_column: 544}, severity: "high", pattern_id: "js-hardcoded-secret-api-key", pattern_name: "Hardcoded API Key", recommendation: "Review this code for potential security issues", confidence: 0.9, pattern_type: :hardcoded_secret}
18:48:58.547 [debug] Match confidence: 0.1848, min_confidence: 0.7, match: %{type: "js-hardcoded-secret-api-key", context: %{node_type: "VariableDeclarator", depth: 3, parent_type: "VariableDeclaration"}, location: %{depth: 3, end_column: 574, end_line: 1, start_line: 1, start_column: 562}, severity: "high", pattern_id: "js-hardcoded-secret-api-key", pattern_name: "Hardcoded API Key", recommendation: "Review this code for potential security issues", confidence: 0.9, pattern_type: :hardcoded_secret}
18:48:58.547 [debug] Match confidence: 0.1848, min_confidence: 0.7, match: %{type: "js-hardcoded-secret-api-key", context: %{node_type: "VariableDeclarator", depth: 3, parent_type: "VariableDeclaration"}, location: %{depth: 3, end_column: 592, end_line: 1, start_line: 1, start_column: 580}, severity: "high", pattern_id: "js-hardcoded-secret-api-key", pattern_name: "Hardcoded API Key", recommendation: "Review this code for potential security issues", confidence: 0.9, pattern_type: :hardcoded_secret}
18:48:58.547 [debug] Match confidence: 0.1848, min_confidence: 0.7, match: %{type: "js-hardcoded-secret-api-key", context: %{node_type: "VariableDeclarator", depth: 3, parent_type: "VariableDeclaration"}, location: %{depth: 3, end_column: 610, end_line: 1, start_line: 1, start_column: 598}, severity: "high", pattern_id: "js-hardcoded-secret-api-key", pattern_name: "Hardcoded API Key", recommendation: "Review this code for potential security issues", confidence: 0.9, pattern_type: :hardcoded_secret}
18:48:58.547 [debug] Match confidence: 0.1848, min_confidence: 0.7, match: %{type: "js-hardcoded-secret-api-key", context: %{node_type: "VariableDeclarator", depth: 3, parent_type: "VariableDeclaration"}, location: %{depth: 3, end_column: 628, end_line: 1, start_line: 1, start_column: 616}, severity: "high", pattern_id: "js-hardcoded-secret-api-key", pattern_name: "Hardcoded API Key", recommendation: "Review this code for potential security issues", confidence: 0.9, pattern_type: :hardcoded_secret}
18:48:58.547 [debug] Match confidence: 0.1848, min_confidence: 0.7, match: %{type: "js-hardcoded-secret-api-key", context: %{node_type: "VariableDeclarator", depth: 3, parent_type: "VariableDeclaration"}, location: %{depth: 3, end_column: 646, end_line: 1, start_line: 1, start_column: 634}, severity: "high", pattern_id: "js-hardcoded-secret-api-key", pattern_name: "Hardcoded API Key", recommendation: "Review this code for potential security issues", confidence: 0.9, pattern_type: :hardcoded_secret}
18:48:58.547 [debug] Match confidence: 0.1848, min_confidence: 0.7, match: %{type: "js-hardcoded-secret-api-key", context: %{node_type: "VariableDeclarator", depth: 3, parent_type: "VariableDeclaration"}, location: %{depth: 3, end_column: 664, end_line: 1, start_line: 1, start_column: 652}, severity: "high", pattern_id: "js-hardcoded-secret-api-key", pattern_name: "Hardcoded API Key", recommendation: "Review this code for potential security issues", confidence: 0.9, pattern_type: :hardcoded_secret}
18:48:58.547 [debug] Match confidence: 0.1848, min_confidence: 0.7, match: %{type: "js-hardcoded-secret-api-key", context: %{node_type: "VariableDeclarator", depth: 3, parent_type: "VariableDeclaration"}, location: %{depth: 3, end_column: 682, end_line: 1, start_line: 1, start_column: 670}, severity: "high", pattern_id: "js-hardcoded-secret-api-key", pattern_name: "Hardcoded API Key", recommendation: "Review this code for potential security issues", confidence: 0.9, pattern_type: :hardcoded_secret}
18:48:58.547 [debug] Match confidence: 0.1848, min_confidence: 0.7, match: %{type: "js-hardcoded-secret-api-key", context: %{node_type: "VariableDeclarator", depth: 3, parent_type: "VariableDeclaration"}, location: %{depth: 3, end_column: 700, end_line: 1, start_line: 1, start_column: 688}, severity: "high", pattern_id: "js-hardcoded-secret-api-key", pattern_name: "Hardcoded API Key", recommendation: "Review this code for potential security issues", confidence: 0.9, pattern_type: :hardcoded_secret}
18:48:58.547 [debug] Match confidence: 0.1848, min_confidence: 0.7, match: %{type: "js-hardcoded-secret-api-key", context: %{node_type: "VariableDeclarator", depth: 3, parent_type: "VariableDeclaration"}, location: %{depth: 3, end_column: 718, end_line: 1, start_line: 1, start_column: 706}, severity: "high", pattern_id: "js-hardcoded-secret-api-key", pattern_name: "Hardcoded API Key", recommendation: "Review this code for potential security issues", confidence: 0.9, pattern_type: :hardcoded_secret}
18:48:58.547 [debug] Match confidence: 0.1848, min_confidence: 0.7, match: %{type: "js-hardcoded-secret-api-key", context: %{node_type: "VariableDeclarator", depth: 3, parent_type: "VariableDeclaration"}, location: %{depth: 3, end_column: 736, end_line: 1, start_line: 1, start_column: 724}, severity: "high", pattern_id: "js-hardcoded-secret-api-key", pattern_name: "Hardcoded API Key", recommendation: "Review this code for potential security issues", confidence: 0.9, pattern_type: :hardcoded_secret}
18:48:58.547 [debug] Match confidence: 0.1848, min_confidence: 0.7, match: %{type: "js-hardcoded-secret-api-key", context: %{node_type: "VariableDeclarator", depth: 3, parent_type: "VariableDeclaration"}, location: %{depth: 3, end_column: 754, end_line: 1, start_line: 1, start_column: 742}, severity: "high", pattern_id: "js-hardcoded-secret-api-key", pattern_name: "Hardcoded API Key", recommendation: "Review this code for potential security issues", confidence: 0.9, pattern_type: :hardcoded_secret}
18:48:58.547 [debug] Match confidence: 0.1848, min_confidence: 0.7, match: %{type: "js-hardcoded-secret-api-key", context: %{node_type: "VariableDeclarator", depth: 3, parent_type: "VariableDeclaration"}, location: %{depth: 3, end_column: 772, end_line: 1, start_line: 1, start_column: 760}, severity: "high", pattern_id: "js-hardcoded-secret-api-key", pattern_name: "Hardcoded API Key", recommendation: "Review this code for potential security issues", confidence: 0.9, pattern_type: :hardcoded_secret}
18:48:58.547 [debug] Match confidence: 0.1848, min_confidence: 0.7, match: %{type: "js-hardcoded-secret-api-key", context: %{node_type: "VariableDeclarator", depth: 3, parent_type: "VariableDeclaration"}, location: %{depth: 3, end_column: 790, end_line: 1, start_line: 1, start_column: 778}, severity: "high", pattern_id: "js-hardcoded-secret-api-key", pattern_name: "Hardcoded API Key", recommendation: "Review this code for potential security issues", confidence: 0.9, pattern_type: :hardcoded_secret}
18:48:58.547 [debug] Match confidence: 0.1848, min_confidence: 0.7, match: %{type: "js-hardcoded-secret-api-key", context: %{node_type: "VariableDeclarator", depth: 3, parent_type: "VariableDeclaration"}, location: %{depth: 3, end_column: 808, end_line: 1, start_line: 1, start_column: 796}, severity: "high", pattern_id: "js-hardcoded-secret-api-key", pattern_name: "Hardcoded API Key", recommendation: "Review this code for potential security issues", confidence: 0.9, pattern_type: :hardcoded_secret}
18:48:58.547 [debug] Match confidence: 0.1848, min_confidence: 0.7, match: %{type: "js-hardcoded-secret-api-key", context: %{node_type: "VariableDeclarator", depth: 3, parent_type: "VariableDeclaration"}, location: %{depth: 3, end_column: 826, end_line: 1, start_line: 1, start_column: 814}, severity: "high", pattern_id: "js-hardcoded-secret-api-key", pattern_name: "Hardcoded API Key", recommendation: "Review this code for potential security issues", confidence: 0.9, pattern_type: :hardcoded_secret}
18:48:58.547 [debug] Match confidence: 0.1848, min_confidence: 0.7, match: %{type: "js-hardcoded-secret-api-key", context: %{node_type: "VariableDeclarator", depth: 3, parent_type: "VariableDeclaration"}, location: %{depth: 3, end_column: 844, end_line: 1, start_line: 1, start_column: 832}, severity: "high", pattern_id: "js-hardcoded-secret-api-key", pattern_name: "Hardcoded API Key", recommendation: "Review this code for potential security issues", confidence: 0.9, pattern_type: :hardcoded_secret}
18:48:58.547 [debug] Match confidence: 0.1848, min_confidence: 0.7, match: %{type: "js-hardcoded-secret-api-key", context: %{node_type: "VariableDeclarator", depth: 3, parent_type: "VariableDeclaration"}, location: %{depth: 3, end_column: 862, end_line: 1, start_line: 1, start_column: 850}, severity: "high", pattern_id: "js-hardcoded-secret-api-key", pattern_name: "Hardcoded API Key", recommendation: "Review this code for potential security issues", confidence: 0.9, pattern_type: :hardcoded_secret}
18:48:58.548 [debug] Match confidence: 0.1848, min_confidence: 0.7, match: %{type: "js-hardcoded-secret-api-key", context: %{node_type: "VariableDeclarator", depth: 3, parent_type: "VariableDeclaration"}, location: %{depth: 3, end_column: 880, end_line: 1, start_line: 1, start_column: 868}, severity: "high", pattern_id: "js-hardcoded-secret-api-key", pattern_name: "Hardcoded API Key", recommendation: "Review this code for potential security issues", confidence: 0.9, pattern_type: :hardcoded_secret}
18:48:58.548 [debug] Match confidence: 0.1848, min_confidence: 0.7, match: %{type: "js-hardcoded-secret-api-key", context: %{node_type: "VariableDeclarator", depth: 3, parent_type: "VariableDeclaration"}, location: %{depth: 3, end_column: 898, end_line: 1, start_line: 1, start_column: 886}, severity: "high", pattern_id: "js-hardcoded-secret-api-key", pattern_name: "Hardcoded API Key", recommendation: "Review this code for potential security issues", confidence: 0.9, pattern_type: :hardcoded_secret}
18:48:58.548 [debug] Match confidence: 0.1848, min_confidence: 0.7, match: %{type: "js-hardcoded-secret-api-key", context: %{node_type: "VariableDeclarator", depth: 3, parent_type: "VariableDeclaration"}, location: %{depth: 3, end_column: 916, end_line: 1, start_line: 1, start_column: 904}, severity: "high", pattern_id: "js-hardcoded-secret-api-key", pattern_name: "Hardcoded API Key", recommendation: "Review this code for potential security issues", confidence: 0.9, pattern_type: :hardcoded_secret}
18:48:58.548 [debug] Match confidence: 0.1848, min_confidence: 0.7, match: %{type: "js-hardcoded-secret-api-key", context: %{node_type: "VariableDeclarator", depth: 3, parent_type: "VariableDeclaration"}, location: %{depth: 3, end_column: 934, end_line: 1, start_line: 1, start_column: 922}, severity: "high", pattern_id: "js-hardcoded-secret-api-key", pattern_name: "Hardcoded API Key", recommendation: "Review this code for potential security issues", confidence: 0.9, pattern_type: :hardcoded_secret}
18:48:58.548 [debug] Match confidence: 0.1848, min_confidence: 0.7, match: %{type: "js-hardcoded-secret-api-key", context: %{node_type: "VariableDeclarator", depth: 3, parent_type: "VariableDeclaration"}, location: %{depth: 3, end_column: 952, end_line: 1, start_line: 1, start_column: 940}, severity: "high", pattern_id: "js-hardcoded-secret-api-key", pattern_name: "Hardcoded API Key", recommendation: "Review this code for potential security issues", confidence: 0.9, pattern_type: :hardcoded_secret}
18:48:58.548 [debug] Match confidence: 0.1848, min_confidence: 0.7, match: %{type: "js-hardcoded-secret-api-key", context: %{node_type: "VariableDeclarator", depth: 3, parent_type: "VariableDeclaration"}, location: %{depth: 3, end_column: 970, end_line: 1, start_line: 1, start_column: 958}, severity: "high", pattern_id: "js-hardcoded-secret-api-key", pattern_name: "Hardcoded API Key", recommendation: "Review this code for potential security issues", confidence: 0.9, pattern_type: :hardcoded_secret}
18:48:58.548 [debug] Match confidence: 0.1848, min_confidence: 0.7, match: %{type: "js-hardcoded-secret-api-key", context: %{node_type: "VariableDeclarator", depth: 3, parent_type: "VariableDeclaration"}, location: %{depth: 3, end_column: 988, end_line: 1, start_line: 1, start_column: 976}, severity: "high", pattern_id: "js-hardcoded-secret-api-key", pattern_name: "Hardcoded API Key", recommendation: "Review this code for potential security issues", confidence: 0.9, pattern_type: :hardcoded_secret}
18:48:58.548 [debug] Match confidence: 0.1848, min_confidence: 0.7, match: %{type: "js-hardcoded-secret-api-key", context: %{node_type: "VariableDeclarator", depth: 3, parent_type: "VariableDeclaration"}, location: %{depth: 3, end_column: 1006, end_line: 1, start_line: 1, start_column: 994}, severity: "high", pattern_id: "js-hardcoded-secret-api-key", pattern_name: "Hardcoded API Key", recommendation: "Review this code for potential security issues", confidence: 0.9, pattern_type: :hardcoded_secret}
18:48:58.548 [debug] Match confidence: 0.1848, min_confidence: 0.7, match: %{type: "js-hardcoded-secret-api-key", context: %{node_type: "VariableDeclarator", depth: 3, parent_type: "VariableDeclaration"}, location: %{depth: 3, end_column: 1024, end_line: 1, start_line: 1, start_column: 1012}, severity: "high", pattern_id: "js-hardcoded-secret-api-key", pattern_name: "Hardcoded API Key", recommendation: "Review this code for potential security issues", confidence: 0.9, pattern_type: :hardcoded_secret}
18:48:58.548 [debug] Match confidence: 0.1848, min_confidence: 0.7, match: %{type: "js-hardcoded-secret-api-key", context: %{node_type: "VariableDeclarator", depth: 3, parent_type: "VariableDeclaration"}, location: %{depth: 3, end_column: 1042, end_line: 1, start_line: 1, start_column: 1030}, severity: "high", pattern_id: "js-hardcoded-secret-api-key", pattern_name: "Hardcoded API Key", recommendation: "Review this code for potential security issues", confidence: 0.9, pattern_type: :hardcoded_secret}
18:48:58.548 [debug] Match confidence: 0.1848, min_confidence: 0.7, match: %{type: "js-hardcoded-secret-api-key", context: %{node_type: "VariableDeclarator", depth: 3, parent_type: "VariableDeclaration"}, location: %{depth: 3, end_column: 1060, end_line: 1, start_line: 1, start_column: 1048}, severity: "high", pattern_id: "js-hardcoded-secret-api-key", pattern_name: "Hardcoded API Key", recommendation: "Review this code for potential security issues", confidence: 0.9, pattern_type: :hardcoded_secret}
18:48:58.548 [debug] Match confidence: 0.1848, min_confidence: 0.7, match: %{type: "js-hardcoded-secret-api-key", context: %{node_type: "VariableDeclarator", depth: 3, parent_type: "VariableDeclaration"}, location: %{depth: 3, end_column: 1078, end_line: 1, start_line: 1, start_column: 1066}, severity: "high", pattern_id: "js-hardcoded-secret-api-key", pattern_name: "Hardcoded API Key", recommendation: "Review this code for potential security issues", confidence: 0.9, pattern_type: :hardcoded_secret}
18:48:58.548 [debug] Match confidence: 0.1848, min_confidence: 0.7, match: %{type: "js-hardcoded-secret-api-key", context: %{node_type: "VariableDeclarator", depth: 3, parent_type: "VariableDeclaration"}, location: %{depth: 3, end_column: 1096, end_line: 1, start_line: 1, start_column: 1084}, severity: "high", pattern_id: "js-hardcoded-secret-api-key", pattern_name: "Hardcoded API Key", recommendation: "Review this code for potential security issues", confidence: 0.9, pattern_type: :hardcoded_secret}
18:48:58.548 [debug] Match confidence: 0.1848, min_confidence: 0.7, match: %{type: "js-hardcoded-secret-api-key", context: %{node_type: "VariableDeclarator", depth: 3, parent_type: "VariableDeclaration"}, location: %{depth: 3, end_column: 1114, end_line: 1, start_line: 1, start_column: 1102}, severity: "high", pattern_id: "js-hardcoded-secret-api-key", pattern_name: "Hardcoded API Key", recommendation: "Review this code for potential security issues", confidence: 0.9, pattern_type: :hardcoded_secret}
18:48:58.548 [debug] Match confidence: 0.1848, min_confidence: 0.7, match: %{type: "js-hardcoded-secret-api-key", context: %{node_type: "VariableDeclarator", depth: 3, parent_type: "VariableDeclaration"}, location: %{depth: 3, end_column: 1132, end_line: 1, start_line: 1, start_column: 1120}, severity: "high", pattern_id: "js-hardcoded-secret-api-key", pattern_name: "Hardcoded API Key", recommendation: "Review this code for potential security issues", confidence: 0.9, pattern_type: :hardcoded_secret}
18:48:58.548 [debug] Match confidence: 0.1848, min_confidence: 0.7, match: %{type: "js-hardcoded-secret-api-key", context: %{node_type: "VariableDeclarator", depth: 3, parent_type: "VariableDeclaration"}, location: %{depth: 3, end_column: 1150, end_line: 1, start_line: 1, start_column: 1138}, severity: "high", pattern_id: "js-hardcoded-secret-api-key", pattern_name: "Hardcoded API Key", recommendation: "Review this code for potential security issues", confidence: 0.9, pattern_type: :hardcoded_secret}
18:48:58.548 [debug] Match confidence: 0.1848, min_confidence: 0.7, match: %{type: "js-hardcoded-secret-api-key", context: %{node_type: "VariableDeclarator", depth: 3, parent_type: "VariableDeclaration"}, location: %{depth: 3, end_column: 1168, end_line: 1, start_line: 1, start_column: 1156}, severity: "high", pattern_id: "js-hardcoded-secret-api-key", pattern_name: "Hardcoded API Key", recommendation: "Review this code for potential security issues", confidence: 0.9, pattern_type: :hardcoded_secret}
18:48:58.548 [debug] Match confidence: 0.1848, min_confidence: 0.7, match: %{type: "js-hardcoded-secret-api-key", context: %{node_type: "VariableDeclarator", depth: 3, parent_type: "VariableDeclaration"}, location: %{depth: 3, end_column: 1186, end_line: 1, start_line: 1, start_column: 1174}, severity: "high", pattern_id: "js-hardcoded-secret-api-key", pattern_name: "Hardcoded API Key", recommendation: "Review this code for potential security issues", confidence: 0.9, pattern_type: :hardcoded_secret}
18:48:58.548 [debug] Match confidence: 0.1848, min_confidence: 0.7, match: %{type: "js-hardcoded-secret-api-key", context: %{node_type: "VariableDeclarator", depth: 3, parent_type: "VariableDeclaration"}, location: %{depth: 3, end_column: 1204, end_line: 1, start_line: 1, start_column: 1192}, severity: "high", pattern_id: "js-hardcoded-secret-api-key", pattern_name: "Hardcoded API Key", recommendation: "Review this code for potential security issues", confidence: 0.9, pattern_type: :hardcoded_secret}
18:48:58.548 [debug] Match confidence: 0.1848, min_confidence: 0.7, match: %{type: "js-hardcoded-secret-api-key", context: %{node_type: "VariableDeclarator", depth: 3, parent_type: "VariableDeclaration"}, location: %{depth: 3, end_column: 1222, end_line: 1, start_line: 1, start_column: 1210}, severity: "high", pattern_id: "js-hardcoded-secret-api-key", pattern_name: "Hardcoded API Key", recommendation: "Review this code for potential security issues", confidence: 0.9, pattern_type: :hardcoded_secret}
18:48:58.548 [debug] Match confidence: 0.1848, min_confidence: 0.7, match: %{type: "js-hardcoded-secret-api-key", context: %{node_type: "VariableDeclarator", depth: 3, parent_type: "VariableDeclaration"}, location: %{depth: 3, end_column: 1240, end_line: 1, start_line: 1, start_column: 1228}, severity: "high", pattern_id: "js-hardcoded-secret-api-key", pattern_name: "Hardcoded API Key", recommendation: "Review this code for potential security issues", confidence: 0.9, pattern_type: :hardcoded_secret}
18:48:58.548 [debug] Match confidence: 0.1848, min_confidence: 0.7, match: %{type: "js-hardcoded-secret-api-key", context: %{node_type: "VariableDeclarator", depth: 3, parent_type: "VariableDeclaration"}, location: %{depth: 3, end_column: 1258, end_line: 1, start_line: 1, start_column: 1246}, severity: "high", pattern_id: "js-hardcoded-secret-api-key", pattern_name: "Hardcoded API Key", recommendation: "Review this code for potential security issues", confidence: 0.9, pattern_type: :hardcoded_secret}
18:48:58.549 [debug] Match confidence: 0.1848, min_confidence: 0.7, match: %{type: "js-hardcoded-secret-api-key", context: %{node_type: "VariableDeclarator", depth: 3, parent_type: "VariableDeclaration"}, location: %{depth: 3, end_column: 1276, end_line: 1, start_line: 1, start_column: 1264}, severity: "high", pattern_id: "js-hardcoded-secret-api-key", pattern_name: "Hardcoded API Key", recommendation: "Review this code for potential security issues", confidence: 0.9, pattern_type: :hardcoded_secret}
18:48:58.549 [debug] Match confidence: 0.1848, min_confidence: 0.7, match: %{type: "js-hardcoded-secret-api-key", context: %{node_type: "VariableDeclarator", depth: 3, parent_type: "VariableDeclaration"}, location: %{depth: 3, end_column: 1294, end_line: 1, start_line: 1, start_column: 1282}, severity: "high", pattern_id: "js-hardcoded-secret-api-key", pattern_name: "Hardcoded API Key", recommendation: "Review this code for potential security issues", confidence: 0.9, pattern_type: :hardcoded_secret}
18:48:58.549 [debug] Match confidence: 0.1848, min_confidence: 0.7, match: %{type: "js-hardcoded-secret-api-key", context: %{node_type: "VariableDeclarator", depth: 3, parent_type: "VariableDeclaration"}, location: %{depth: 3, end_column: 1312, end_line: 1, start_line: 1, start_column: 1300}, severity: "high", pattern_id: "js-hardcoded-secret-api-key", pattern_name: "Hardcoded API Key", recommendation: "Review this code for potential security issues", confidence: 0.9, pattern_type: :hardcoded_secret}
18:48:58.549 [debug] Match confidence: 0.1848, min_confidence: 0.7, match: %{type: "js-hardcoded-secret-api-key", context: %{node_type: "VariableDeclarator", depth: 3, parent_type: "VariableDeclaration"}, location: %{depth: 3, end_column: 1330, end_line: 1, start_line: 1, start_column: 1318}, severity: "high", pattern_id: "js-hardcoded-secret-api-key", pattern_name: "Hardcoded API Key", recommendation: "Review this code for potential security issues", confidence: 0.9, pattern_type: :hardcoded_secret}
18:48:58.549 [debug] Match confidence: 0.1848, min_confidence: 0.7, match: %{type: "js-hardcoded-secret-api-key", context: %{node_type: "VariableDeclarator", depth: 3, parent_type: "VariableDeclaration"}, location: %{depth: 3, end_column: 1348, end_line: 1, start_line: 1, start_column: 1336}, severity: "high", pattern_id: "js-hardcoded-secret-api-key", pattern_name: "Hardcoded API Key", recommendation: "Review this code for potential security issues", confidence: 0.9, pattern_type: :hardcoded_secret}
18:48:58.549 [debug] Match confidence: 0.1848, min_confidence: 0.7, match: %{type: "js-hardcoded-secret-api-key", context: %{node_type: "VariableDeclarator", depth: 3, parent_type: "VariableDeclaration"}, location: %{depth: 3, end_column: 1366, end_line: 1, start_line: 1, start_column: 1354}, severity: "high", pattern_id: "js-hardcoded-secret-api-key", pattern_name: "Hardcoded API Key", recommendation: "Review this code for potential security issues", confidence: 0.9, pattern_type: :hardcoded_secret}
18:48:58.549 [debug] Match confidence: 0.1848, min_confidence: 0.7, match: %{type: "js-hardcoded-secret-api-key", context: %{node_type: "VariableDeclarator", depth: 3, parent_type: "VariableDeclaration"}, location: %{depth: 3, end_column: 1384, end_line: 1, start_line: 1, start_column: 1372}, severity: "high", pattern_id: "js-hardcoded-secret-api-key", pattern_name: "Hardcoded API Key", recommendation: "Review this code for potential security issues", confidence: 0.9, pattern_type: :hardcoded_secret}
18:48:58.549 [debug] Match confidence: 0.1848, min_confidence: 0.7, match: %{type: "js-hardcoded-secret-api-key", context: %{node_type: "VariableDeclarator", depth: 3, parent_type: "VariableDeclaration"}, location: %{depth: 3, end_column: 1402, end_line: 1, start_line: 1, start_column: 1390}, severity: "high", pattern_id: "js-hardcoded-secret-api-key", pattern_name: "Hardcoded API Key", recommendation: "Review this code for potential security issues", confidence: 0.9, pattern_type: :hardcoded_secret}
18:48:58.549 [debug] Match confidence: 0.1848, min_confidence: 0.7, match: %{type: "js-hardcoded-secret-api-key", context: %{node_type: "VariableDeclarator", depth: 3, parent_type: "VariableDeclaration"}, location: %{depth: 3, end_column: 1420, end_line: 1, start_line: 1, start_column: 1408}, severity: "high", pattern_id: "js-hardcoded-secret-api-key", pattern_name: "Hardcoded API Key", recommendation: "Review this code for potential security issues", confidence: 0.9, pattern_type: :hardcoded_secret}
18:48:58.549 [debug] Match confidence: 0.1848, min_confidence: 0.7, match: %{type: "js-hardcoded-secret-api-key", context: %{node_type: "VariableDeclarator", depth: 3, parent_type: "VariableDeclaration"}, location: %{depth: 3, end_column: 1438, end_line: 1, start_line: 1, start_column: 1426}, severity: "high", pattern_id: "js-hardcoded-secret-api-key", pattern_name: "Hardcoded API Key", recommendation: "Review this code for potential security issues", confidence: 0.9, pattern_type: :hardcoded_secret}
18:48:58.549 [debug] Match confidence: 0.1848, min_confidence: 0.7, match: %{type: "js-hardcoded-secret-api-key", context: %{node_type: "VariableDeclarator", depth: 3, parent_type: "VariableDeclaration"}, location: %{depth: 3, end_column: 1456, end_line: 1, start_line: 1, start_column: 1444}, severity: "high", pattern_id: "js-hardcoded-secret-api-key", pattern_name: "Hardcoded API Key", recommendation: "Review this code for potential security issues", confidence: 0.9, pattern_type: :hardcoded_secret}
18:48:58.549 [debug] Match confidence: 0.1848, min_confidence: 0.7, match: %{type: "js-hardcoded-secret-api-key", context: %{node_type: "VariableDeclarator", depth: 3, parent_type: "VariableDeclaration"}, location: %{depth: 3, end_column: 1474, end_line: 1, start_line: 1, start_column: 1462}, severity: "high", pattern_id: "js-hardcoded-secret-api-key", pattern_name: "Hardcoded API Key", recommendation: "Review this code for potential security issues", confidence: 0.9, pattern_type: :hardcoded_secret}
18:48:58.549 [debug] Match confidence: 0.1848, min_confidence: 0.7, match: %{type: "js-hardcoded-secret-api-key", context: %{node_type: "VariableDeclarator", depth: 3, parent_type: "VariableDeclaration"}, location: %{depth: 3, end_column: 1492, end_line: 1, start_line: 1, start_column: 1480}, severity: "high", pattern_id: "js-hardcoded-secret-api-key", pattern_name: "Hardcoded API Key", recommendation: "Review this code for potential security issues", confidence: 0.9, pattern_type: :hardcoded_secret}
18:48:58.549 [debug] Match confidence: 0.1848, min_confidence: 0.7, match: %{type: "js-hardcoded-secret-api-key", context: %{node_type: "VariableDeclarator", depth: 3, parent_type: "VariableDeclaration"}, location: %{depth: 3, end_column: 1510, end_line: 1, start_line: 1, start_column: 1498}, severity: "high", pattern_id: "js-hardcoded-secret-api-key", pattern_name: "Hardcoded API Key", recommendation: "Review this code for potential security issues", confidence: 0.9, pattern_type: :hardcoded_secret}
18:48:58.549 [debug] Match confidence: 0.1848, min_confidence: 0.7, match: %{type: "js-hardcoded-secret-api-key", context: %{node_type: "VariableDeclarator", depth: 3, parent_type: "VariableDeclaration"}, location: %{depth: 3, end_column: 1528, end_line: 1, start_line: 1, start_column: 1516}, severity: "high", pattern_id: "js-hardcoded-secret-api-key", pattern_name: "Hardcoded API Key", recommendation: "Review this code for potential security issues", confidence: 0.9, pattern_type: :hardcoded_secret}
18:48:58.549 [debug] Match confidence: 0.1848, min_confidence: 0.7, match: %{type: "js-hardcoded-secret-api-key", context: %{node_type: "VariableDeclarator", depth: 3, parent_type: "VariableDeclaration"}, location: %{depth: 3, end_column: 1546, end_line: 1, start_line: 1, start_column: 1534}, severity: "high", pattern_id: "js-hardcoded-secret-api-key", pattern_name: "Hardcoded API Key", recommendation: "Review this code for potential security issues", confidence: 0.9, pattern_type: :hardcoded_secret}
18:48:58.549 [debug] Match confidence: 0.1848, min_confidence: 0.7, match: %{type: "js-hardcoded-secret-api-key", context: %{node_type: "VariableDeclarator", depth: 3, parent_type: "VariableDeclaration"}, location: %{depth: 3, end_column: 1564, end_line: 1, start_line: 1, start_column: 1552}, severity: "high", pattern_id: "js-hardcoded-secret-api-key", pattern_name: "Hardcoded API Key", recommendation: "Review this code for potential security issues", confidence: 0.9, pattern_type: :hardcoded_secret}
18:48:58.549 [debug] Match confidence: 0.1848, min_confidence: 0.7, match: %{type: "js-hardcoded-secret-api-key", context: %{node_type: "VariableDeclarator", depth: 3, parent_type: "VariableDeclaration"}, location: %{depth: 3, end_column: 1582, end_line: 1, start_line: 1, start_column: 1570}, severity: "high", pattern_id: "js-hardcoded-secret-api-key", pattern_name: "Hardcoded API Key", recommendation: "Review this code for potential security issues", confidence: 0.9, pattern_type: :hardcoded_secret}
18:48:58.549 [debug] Match confidence: 0.1848, min_confidence: 0.7, match: %{type: "js-hardcoded-secret-api-key", context: %{node_type: "VariableDeclarator", depth: 3, parent_type: "VariableDeclaration"}, location: %{depth: 3, end_column: 1600, end_line: 1, start_line: 1, start_column: 1588}, severity: "high", pattern_id: "js-hardcoded-secret-api-key", pattern_name: "Hardcoded API Key", recommendation: "Review this code for potential security issues", confidence: 0.9, pattern_type: :hardcoded_secret}
18:48:58.549 [debug] Match confidence: 0.1848, min_confidence: 0.7, match: %{type: "js-hardcoded-secret-api-key", context: %{node_type: "VariableDeclarator", depth: 3, parent_type: "VariableDeclaration"}, location: %{depth: 3, end_column: 1618, end_line: 1, start_line: 1, start_column: 1606}, severity: "high", pattern_id: "js-hardcoded-secret-api-key", pattern_name: "Hardcoded API Key", recommendation: "Review this code for potential security issues", confidence: 0.9, pattern_type: :hardcoded_secret}
18:48:58.549 [debug] Match confidence: 0.1848, min_confidence: 0.7, match: %{type: "js-hardcoded-secret-api-key", context: %{node_type: "VariableDeclarator", depth: 3, parent_type: "VariableDeclaration"}, location: %{depth: 3, end_column: 1636, end_line: 1, start_line: 1, start_column: 1624}, severity: "high", pattern_id: "js-hardcoded-secret-api-key", pattern_name: "Hardcoded API Key", recommendation: "Review this code for potential security issues", confidence: 0.9, pattern_type: :hardcoded_secret}
18:48:58.550 [debug] Match confidence: 0.1848, min_confidence: 0.7, match: %{type: "js-hardcoded-secret-api-key", context: %{node_type: "VariableDeclarator", depth: 3, parent_type: "VariableDeclaration"}, location: %{depth: 3, end_column: 1654, end_line: 1, start_line: 1, start_column: 1642}, severity: "high", pattern_id: "js-hardcoded-secret-api-key", pattern_name: "Hardcoded API Key", recommendation: "Review this code for potential security issues", confidence: 0.9, pattern_type: :hardcoded_secret}
18:48:58.550 [debug] Match confidence: 0.1848, min_confidence: 0.7, match: %{type: "js-hardcoded-secret-api-key", context: %{node_type: "VariableDeclarator", depth: 3, parent_type: "VariableDeclaration"}, location: %{depth: 3, end_column: 1672, end_line: 1, start_line: 1, start_column: 1660}, severity: "high", pattern_id: "js-hardcoded-secret-api-key", pattern_name: "Hardcoded API Key", recommendation: "Review this code for potential security issues", confidence: 0.9, pattern_type: :hardcoded_secret}
18:48:58.550 [debug] Match confidence: 0.1848, min_confidence: 0.7, match: %{type: "js-hardcoded-secret-api-key", context: %{node_type: "VariableDeclarator", depth: 3, parent_type: "VariableDeclaration"}, location: %{depth: 3, end_column: 1690, end_line: 1, start_line: 1, start_column: 1678}, severity: "high", pattern_id: "js-hardcoded-secret-api-key", pattern_name: "Hardcoded API Key", recommendation: "Review this code for potential security issues", confidence: 0.9, pattern_type: :hardcoded_secret}
18:48:58.550 [debug] Match confidence: 0.1848, min_confidence: 0.7, match: %{type: "js-hardcoded-secret-api-key", context: %{node_type: "VariableDeclarator", depth: 3, parent_type: "VariableDeclaration"}, location: %{depth: 3, end_column: 1708, end_line: 1, start_line: 1, start_column: 1696}, severity: "high", pattern_id: "js-hardcoded-secret-api-key", pattern_name: "Hardcoded API Key", recommendation: "Review this code for potential security issues", confidence: 0.9, pattern_type: :hardcoded_secret}
.18:48:58.550 [debug] Match confidence: 0.1848, min_confidence: 0.7, match: %{type: "js-hardcoded-secret-api-key", context: %{node_type: "VariableDeclarator", depth: 3, parent_type: "VariableDeclaration"}, location: %{depth: 3, end_column: 1726, end_line: 1, start_line: 1, start_column: 1714}, severity: "high", pattern_id: "js-hardcoded-secret-api-key", pattern_name: "Hardcoded API Key", recommendation: "Review this code for potential security issues", confidence: 0.9, pattern_type: :hardcoded_secret}
18:48:58.550 [debug] Match confidence: 0.1848, min_confidence: 0.7, match: %{type: "js-hardcoded-secret-api-key", context: %{node_type: "VariableDeclarator", depth: 3, parent_type: "VariableDeclaration"}, location: %{depth: 3, end_column: 1744, end_line: 1, start_line: 1, start_column: 1732}, severity: "high", pattern_id: "js-hardcoded-secret-api-key", pattern_name: "Hardcoded API Key", recommendation: "Review this code for potential security issues", confidence: 0.9, pattern_type: :hardcoded_secret}
18:48:58.550 [debug] Match confidence: 0.1848, min_confidence: 0.7, match: %{type: "js-hardcoded-secret-api-key", context: %{node_type: "VariableDeclarator", depth: 3, parent_type: "VariableDeclaration"}, location: %{depth: 3, end_column: 1762, end_line: 1, start_line: 1, start_column: 1750}, severity: "high", pattern_id: "js-hardcoded-secret-api-key", pattern_name: "Hardcoded API Key", recommendation: "Review this code for potential security issues", confidence: 0.9, pattern_type: :hardcoded_secret}
18:48:58.550 [debug] Match confidence: 0.1848, min_confidence: 0.7, match: %{type: "js-hardcoded-secret-api-key", context: %{node_type: "VariableDeclarator", depth: 3, parent_type: "VariableDeclaration"}, location: %{depth: 3, end_column: 1780, end_line: 1, start_line: 1, start_column: 1768}, severity: "high", pattern_id: "js-hardcoded-secret-api-key", pattern_name: "Hardcoded API Key", recommendation: "Review this code for potential security issues", confidence: 0.9, pattern_type: :hardcoded_secret}
18:48:58.550 [debug] Match confidence: 0.1848, min_confidence: 0.7, match: %{type: "js-hardcoded-secret-api-key", context: %{node_type: "VariableDeclarator", depth: 3, parent_type: "VariableDeclaration"}, location: %{depth: 3, end_column: 1798, end_line: 1, start_line: 1, start_column: 1786}, severity: "high", pattern_id: "js-hardcoded-secret-api-key", pattern_name: "Hardcoded API Key", recommendation: "Review this code for potential security issues", confidence: 0.9, pattern_type: :hardcoded_secret}
.18:48:58.810 [debug] Parser response received
18:48:58.811 [info] AnalysisService: Loaded 30 patterns for javascript
18:48:58.812 [info] AnalysisService: Found 16 matches
18:48:58.813 [debug] Match confidence: 0.84525, min_confidence: 0.7, match: %{type: "js-xss-innerhtml", context: %{node_type: "AssignmentExpression", depth: 5, parent_type: "ExpressionStatement", in_function: "displayMessage"}, location: %{depth: 5, end_column: 57, end_line: 2, start_line: 2, start_column: 2}, severity: "high", pattern_id: "js-xss-innerhtml", pattern_name: "Cross-Site Scripting (XSS) via innerHTML", recommendation: "Review this code for potential security issues", confidence: 0.85, pattern_type: :xss}
18:48:58.813 [debug] Match confidence: 0.5145, min_confidence: 0.7, match: %{type: "js-xss-document-write", context: %{node_type: "CallExpression", depth: 7, parent_type: "MemberExpression", in_function: "displayMessage"}, location: %{depth: 7, end_column: 35, end_line: 2, start_line: 2, start_column: 2}, severity: "high", pattern_id: "js-xss-document-write", pattern_name: "Cross-Site Scripting (XSS) via document.write", recommendation: "Review this code for potential security issues", confidence: 0.85, pattern_type: :xss}
18:48:58.813 [debug] Match confidence: 0.5145, min_confidence: 0.7, match: %{type: "js-xss-jquery-html", context: %{node_type: "CallExpression", depth: 7, parent_type: "MemberExpression", in_function: "displayMessage"}, location: %{depth: 7, end_column: 35, end_line: 2, start_line: 2, start_column: 2}, severity: "high", pattern_id: "js-xss-jquery-html", pattern_name: "XSS via jQuery html()", recommendation: "Review this code for potential security issues", confidence: 0.85, pattern_type: :xss}
18:48:58.813 [debug] Match confidence: 0.5005, min_confidence: 0.7, match: %{type: "js-path-traversal-join", context: %{node_type: "CallExpression", depth: 7, parent_type: "MemberExpression", in_function: "displayMessage"}, location: %{depth: 7, end_column: 35, end_line: 2, start_line: 2, start_column: 2}, severity: "medium", pattern_id: "js-path-traversal-join", pattern_name: "Path Traversal via path.join", recommendation: "Review this code for potential security issues", confidence: 0.7, pattern_type: :path_traversal}
18:48:58.813 [debug] Match confidence: 0.5005, min_confidence: 0.7, match: %{type: "js-weak-crypto-md5", context: %{node_type: "CallExpression", depth: 7, parent_type: "MemberExpression", in_function: "displayMessage"}, location: %{depth: 7, end_column: 35, end_line: 2, start_line: 2, start_column: 2}, severity: "medium", pattern_id: "js-weak-crypto-md5", pattern_name: "Weak Cryptography - MD5", recommendation: "Review this code for potential security issues", confidence: 0.7, pattern_type: :weak_crypto}
18:48:58.813 [debug] Match confidence: 0.5005, min_confidence: 0.7, match: %{type: "js-weak-crypto-sha1", context: %{node_type: "CallExpression", depth: 7, parent_type: "MemberExpression", in_function: "displayMessage"}, location: %{depth: 7, end_column: 35, end_line: 2, start_line: 2, start_column: 2}, severity: "medium", pattern_id: "js-weak-crypto-sha1", pattern_name: "Weak Cryptography - SHA1", recommendation: "Review this code for potential security issues", confidence: 0.7, pattern_type: :weak_crypto}
18:48:58.813 [debug] Match confidence: 0.5005, min_confidence: 0.7, match: %{type: "js-open-redirect", context: %{node_type: "CallExpression", depth: 7, parent_type: "MemberExpression", in_function: "displayMessage"}, location: %{depth: 7, end_column: 35, end_line: 2, start_line: 2, start_column: 2}, severity: "medium", pattern_id: "js-open-redirect", pattern_name: "Open Redirect Vulnerability", recommendation: "Review this code for potential security issues", confidence: 0.7, pattern_type: :open_redirect}
18:48:58.813 [debug] Match confidence: 0.5005, min_confidence: 0.7, match: %{type: "js-prototype-pollution", context: %{node_type: "AssignmentExpression", depth: 5, parent_type: "ExpressionStatement", in_function: "displayMessage"}, location: %{depth: 5, end_column: 57, end_line: 2, start_line: 2, start_column: 2}, severity: "medium", pattern_id: "js-prototype-pollution", pattern_name: "Prototype Pollution", recommendation: "Review this code for potential security issues", confidence: 0.7, pattern_type: :deserialization}
18:48:58.813 [debug] Match confidence: 0.5005, min_confidence: 0.7, match: %{type: "js-insecure-random", context: %{node_type: "CallExpression", depth: 7, parent_type: "MemberExpression", in_function: "displayMessage"}, location: %{depth: 7, end_column: 35, end_line: 2, start_line: 2, start_column: 2}, severity: "medium", pattern_id: "js-insecure-random", pattern_name: "Insecure Random Number Generation", recommendation: "Review this code for potential security issues", confidence: 0.7, pattern_type: :insecure_random}
18:48:58.813 [debug] Match confidence: 0.38675, min_confidence: 0.7, match: %{type: "js-nosql-injection", context: %{node_type: "CallExpression", depth: 7, parent_type: "MemberExpression", in_function: "displayMessage"}, location: %{depth: 7, end_column: 35, end_line: 2, start_line: 2, start_column: 2}, severity: "high", pattern_id: "js-nosql-injection", pattern_name: "NoSQL Injection", recommendation: "Review this code for potential security issues", confidence: 0.85, pattern_type: :nosql_injection}
18:48:58.813 [debug] Match confidence: 0.38675, min_confidence: 0.7, match: %{type: "js-ldap-injection", context: %{node_type: "CallExpression", depth: 7, parent_type: "MemberExpression", in_function: "displayMessage"}, location: %{depth: 7, end_column: 35, end_line: 2, start_line: 2, start_column: 2}, severity: "high", pattern_id: "js-ldap-injection", pattern_name: "LDAP Injection", recommendation: "Review this code for potential security issues", confidence: 0.85, pattern_type: :ldap_injection}
18:48:58.813 [debug] Match confidence: 0.38675, min_confidence: 0.7, match: %{type: "js-xpath-injection", context: %{node_type: "CallExpression", depth: 7, parent_type: "MemberExpression", in_function: "displayMessage"}, location: %{depth: 7, end_column: 35, end_line: 2, start_line: 2, start_column: 2}, severity: "high", pattern_id: "js-xpath-injection", pattern_name: "XPath Injection", recommendation: "Review this code for potential security issues", confidence: 0.85, pattern_type: :xpath_injection}
18:48:58.813 [debug] Match confidence: 0.5005, min_confidence: 0.7, match: %{type: "js-ssrf", context: %{node_type: "CallExpression", depth: 7, parent_type: "MemberExpression", in_function: "displayMessage"}, location: %{depth: 7, end_column: 35, end_line: 2, start_line: 2, start_column: 2}, severity: "medium", pattern_id: "js-ssrf", pattern_name: "Server-Side Request Forgery (SSRF)", recommendation: "Review this code for potential security issues", confidence: 0.7, pattern_type: :ssrf}
18:48:58.813 [debug] Match confidence: 0.5005, min_confidence: 0.7, match: %{type: "js-insecure-deserialization", context: %{node_type: "CallExpression", depth: 7, parent_type: "MemberExpression", in_function: "displayMessage"}, location: %{depth: 7, end_column: 35, end_line: 2, start_line: 2, start_column: 2}, severity: "medium", pattern_id: "js-insecure-deserialization", pattern_name: "Insecure Deserialization", recommendation: "Review this code for potential security issues", confidence: 0.7, pattern_type: :deserialization}
18:48:58.813 [debug] Match confidence: 0.5005, min_confidence: 0.7, match: %{type: "js-jwt-none-algorithm", context: %{node_type: "CallExpression", depth: 7, parent_type: "MemberExpression", in_function: "displayMessage"}, location: %{depth: 7, end_column: 35, end_line: 2, start_line: 2, start_column: 2}, severity: "medium", pattern_id: "js-jwt-none-algorithm", pattern_name: "JWT None Algorithm Vulnerability", recommendation: "Review this code for potential security issues", confidence: 0.7, pattern_type: :authentication}
18:48:58.813 [debug] Match confidence: 0.5005, min_confidence: 0.7, match: %{type: "js-debug-console-log", context: %{node_type: "CallExpression", depth: 7, parent_type: "MemberExpression", in_function: "displayMessage"}, location: %{depth: 7, end_column: 35, end_line: 2, start_line: 2, start_column: 2}, severity: "medium", pattern_id: "js-debug-console-log", pattern_name: "Sensitive Data in Console Logs", recommendation: "Review this code for potential security issues", confidence: 0.7, pattern_type: :information_disclosure}
18:48:59.017 [debug] Parser response received
.18:48:59.017 [info] AnalysisService: Loaded 30 patterns for javascript
18:48:59.019 [info] AnalysisService: Found 15 matches
18:48:59.019 [debug] Match confidence: 0.5145, min_confidence: 0.7, match: %{type: "js-xss-document-write", context: %{node_type: "CallExpression", depth: 7, parent_type: "MemberExpression", in_function: "displayMessage"}, location: %{depth: 7, end_column: 35, end_line: 2, start_line: 2, start_column: 2}, severity: "high", pattern_id: "js-xss-document-write", pattern_name: "Cross-Site Scripting (XSS) via document.write", recommendation: "Review this code for potential security issues", confidence: 0.85, pattern_type: :xss}
18:48:59.019 [debug] Match confidence: 0.5145, min_confidence: 0.7, match: %{type: "js-xss-jquery-html", context: %{node_type: "CallExpression", depth: 7, parent_type: "MemberExpression", in_function: "displayMessage"}, location: %{depth: 7, end_column: 35, end_line: 2, start_line: 2, start_column: 2}, severity: "high", pattern_id: "js-xss-jquery-html", pattern_name: "XSS via jQuery html()", recommendation: "Review this code for potential security issues", confidence: 0.85, pattern_type: :xss}
18:48:59.019 [debug] Match confidence: 0.5005, min_confidence: 0.7, match: %{type: "js-path-traversal-join", context: %{node_type: "CallExpression", depth: 7, parent_type: "MemberExpression", in_function: "displayMessage"}, location: %{depth: 7, end_column: 35, end_line: 2, start_line: 2, start_column: 2}, severity: "medium", pattern_id: "js-path-traversal-join", pattern_name: "Path Traversal via path.join", recommendation: "Review this code for potential security issues", confidence: 0.7, pattern_type: :path_traversal}
18:48:59.019 [debug] Match confidence: 0.5005, min_confidence: 0.7, match: %{type: "js-weak-crypto-md5", context: %{node_type: "CallExpression", depth: 7, parent_type: "MemberExpression", in_function: "displayMessage"}, location: %{depth: 7, end_column: 35, end_line: 2, start_line: 2, start_column: 2}, severity: "medium", pattern_id: "js-weak-crypto-md5", pattern_name: "Weak Cryptography - MD5", recommendation: "Review this code for potential security issues", confidence: 0.7, pattern_type: :weak_crypto}
18:48:59.019 [debug] Match confidence: 0.5005, min_confidence: 0.7, match: %{type: "js-weak-crypto-sha1", context: %{node_type: "CallExpression", depth: 7, parent_type: "MemberExpression", in_function: "displayMessage"}, location: %{depth: 7, end_column: 35, end_line: 2, start_line: 2, start_column: 2}, severity: "medium", pattern_id: "js-weak-crypto-sha1", pattern_name: "Weak Cryptography - SHA1", recommendation: "Review this code for potential security issues", confidence: 0.7, pattern_type: :weak_crypto}
18:48:59.019 [debug] Match confidence: 0.5005, min_confidence: 0.7, match: %{type: "js-open-redirect", context: %{node_type: "CallExpression", depth: 7, parent_type: "MemberExpression", in_function: "displayMessage"}, location: %{depth: 7, end_column: 35, end_line: 2, start_line: 2, start_column: 2}, severity: "medium", pattern_id: "js-open-redirect", pattern_name: "Open Redirect Vulnerability", recommendation: "Review this code for potential security issues", confidence: 0.7, pattern_type: :open_redirect}
18:48:59.019 [debug] Match confidence: 0.5005, min_confidence: 0.7, match: %{type: "js-prototype-pollution", context: %{node_type: "AssignmentExpression", depth: 5, parent_type: "ExpressionStatement", in_function: "displayMessage"}, location: %{depth: 5, end_column: 59, end_line: 2, start_line: 2, start_column: 2}, severity: "medium", pattern_id: "js-prototype-pollution", pattern_name: "Prototype Pollution", recommendation: "Review this code for potential security issues", confidence: 0.7, pattern_type: :deserialization}
18:48:59.019 [debug] Match confidence: 0.5005, min_confidence: 0.7, match: %{type: "js-insecure-random", context: %{node_type: "CallExpression", depth: 7, parent_type: "MemberExpression", in_function: "displayMessage"}, location: %{depth: 7, end_column: 35, end_line: 2, start_line: 2, start_column: 2}, severity: "medium", pattern_id: "js-insecure-random", pattern_name: "Insecure Random Number Generation", recommendation: "Review this code for potential security issues", confidence: 0.7, pattern_type: :insecure_random}
18:48:59.019 [debug] Match confidence: 0.38675, min_confidence: 0.7, match: %{type: "js-nosql-injection", context: %{node_type: "CallExpression", depth: 7, parent_type: "MemberExpression", in_function: "displayMessage"}, location: %{depth: 7, end_column: 35, end_line: 2, start_line: 2, start_column: 2}, severity: "high", pattern_id: "js-nosql-injection", pattern_name: "NoSQL Injection", recommendation: "Review this code for potential security issues", confidence: 0.85, pattern_type: :nosql_injection}
18:48:59.019 [debug] Match confidence: 0.38675, min_confidence: 0.7, match: %{type: "js-ldap-injection", context: %{node_type: "CallExpression", depth: 7, parent_type: "MemberExpression", in_function: "displayMessage"}, location: %{depth: 7, end_column: 35, end_line: 2, start_line: 2, start_column: 2}, severity: "high", pattern_id: "js-ldap-injection", pattern_name: "LDAP Injection", recommendation: "Review this code for potential security issues", confidence: 0.85, pattern_type: :ldap_injection}
18:48:59.019 [debug] Match confidence: 0.38675, min_confidence: 0.7, match: %{type: "js-xpath-injection", context: %{node_type: "CallExpression", depth: 7, parent_type: "MemberExpression", in_function: "displayMessage"}, location: %{depth: 7, end_column: 35, end_line: 2, start_line: 2, start_column: 2}, severity: "high", pattern_id: "js-xpath-injection", pattern_name: "XPath Injection", recommendation: "Review this code for potential security issues", confidence: 0.85, pattern_type: :xpath_injection}
18:48:59.019 [debug] Match confidence: 0.5005, min_confidence: 0.7, match: %{type: "js-ssrf", context: %{node_type: "CallExpression", depth: 7, parent_type: "MemberExpression", in_function: "displayMessage"}, location: %{depth: 7, end_column: 35, end_line: 2, start_line: 2, start_column: 2}, severity: "medium", pattern_id: "js-ssrf", pattern_name: "Server-Side Request Forgery (SSRF)", recommendation: "Review this code for potential security issues", confidence: 0.7, pattern_type: :ssrf}
18:48:59.019 [debug] Match confidence: 0.5005, min_confidence: 0.7, match: %{type: "js-insecure-deserialization", context: %{node_type: "CallExpression", depth: 7, parent_type: "MemberExpression", in_function: "displayMessage"}, location: %{depth: 7, end_column: 35, end_line: 2, start_line: 2, start_column: 2}, severity: "medium", pattern_id: "js-insecure-deserialization", pattern_name: "Insecure Deserialization", recommendation: "Review this code for potential security issues", confidence: 0.7, pattern_type: :deserialization}
18:48:59.020 [debug] Match confidence: 0.5005, min_confidence: 0.7, match: %{type: "js-jwt-none-algorithm", context: %{node_type: "CallExpression", depth: 7, parent_type: "MemberExpression", in_function: "displayMessage"}, location: %{depth: 7, end_column: 35, end_line: 2, start_line: 2, start_column: 2}, severity: "medium", pattern_id: "js-jwt-none-algorithm", pattern_name: "JWT None Algorithm Vulnerability", recommendation: "Review this code for potential security issues", confidence: 0.7, pattern_type: :authentication}
18:48:59.020 [debug] Match confidence: 0.5005, min_confidence: 0.7, match: %{type: "js-debug-console-log", context: %{node_type: "CallExpression", depth: 7, parent_type: "MemberExpression", in_function: "displayMessage"}, location: %{depth: 7, end_column: 35, end_line: 2, start_line: 2, start_column: 2}, severity: "medium", pattern_id: "js-debug-console-log", pattern_name: "Sensitive Data in Console Logs", recommendation: "Review this code for potential security issues", confidence: 0.7, pattern_type: :information_disclosure}
18:48:59.161 [debug] Parser response received
18:48:59.161 [info] AnalysisService: Loaded 30 patterns for javascript
18:48:59.168 [info] AnalysisService: Found 47 matches
18:48:59.169 [debug] Match confidence: 0.15435, min_confidence: 0.7, match: %{type: "js-xss-document-write", context: %{node_type: "CallExpression", depth: 7, parent_type: "ExpressionStatement", in_function: "complexFunction1"}, location: %{depth: 7, end_column: 32, end_line: 4, start_line: 4, start_column: 4}, severity: "high", pattern_id: "js-xss-document-write", pattern_name: "Cross-Site Scripting (XSS) via document.write", recommendation: "Review this code for potential security issues", confidence: 0.85, pattern_type: :xss}
18:48:59.170 [debug] Match confidence: 0.15435, min_confidence: 0.7, match: %{type: "js-xss-document-write", context: %{node_type: "CallExpression", depth: 9, parent_type: "BinaryExpression", in_function: "complexFunction1"}, location: %{depth: 9, end_column: 27, end_line: 4, start_line: 4, start_column: 14}, severity: "high", pattern_id: "js-xss-document-write", pattern_name: "Cross-Site Scripting (XSS) via document.write", recommendation: "Review this code for potential security issues", confidence: 0.85, pattern_type: :xss}
18:48:59.170 [debug] Match confidence: 0.15435, min_confidence: 0.7, match: %{type: "js-xss-document-write", context: %{node_type: "CallExpression", depth: 5, parent_type: "ReturnStatement", in_function: "complexFunction1"}, location: %{depth: 5, end_column: 40, end_line: 6, start_line: 6, start_column: 9}, severity: "high", pattern_id: "js-xss-document-write", pattern_name: "Cross-Site Scripting (XSS) via document.write", recommendation: "Review this code for potential security issues", confidence: 0.85, pattern_type: :xss}
18:48:59.170 [debug] Match confidence: 0.15435, min_confidence: 0.7, match: %{type: "js-xss-jquery-html", context: %{node_type: "CallExpression", depth: 7, parent_type: "ExpressionStatement", in_function: "complexFunction1"}, location: %{depth: 7, end_column: 32, end_line: 4, start_line: 4, start_column: 4}, severity: "high", pattern_id: "js-xss-jquery-html", pattern_name: "XSS via jQuery html()", recommendation: "Review this code for potential security issues", confidence: 0.85, pattern_type: :xss}
18:48:59.170 [debug] Match confidence: 0.15435, min_confidence: 0.7, match: %{type: "js-xss-jquery-html", context: %{node_type: "CallExpression", depth: 9, parent_type: "BinaryExpression", in_function: "complexFunction1"}, location: %{depth: 9, end_column: 27, end_line: 4, start_line: 4, start_column: 14}, severity: "high", pattern_id: "js-xss-jquery-html", pattern_name: "XSS via jQuery html()", recommendation: "Review this code for potential security issues", confidence: 0.85, pattern_type: :xss}
18:48:59.170 [debug] Match confidence: 0.15435, min_confidence: 0.7, match: %{type: "js-xss-jquery-html", context: %{node_type: "CallExpression", depth: 5, parent_type: "ReturnStatement", in_function: "complexFunction1"}, location: %{depth: 5, end_column: 40, end_line: 6, start_line: 6, start_column: 9}, severity: "high", pattern_id: "js-xss-jquery-html", pattern_name: "XSS via jQuery html()", recommendation: "Review this code for potential security issues", confidence: 0.85, pattern_type: :xss}
18:48:59.170 [debug] Match confidence: 0.15014999999999998, min_confidence: 0.7, match: %{type: "js-path-traversal-join", context: %{node_type: "CallExpression", depth: 7, parent_type: "ExpressionStatement", in_function: "complexFunction1"}, location: %{depth: 7, end_column: 32, end_line: 4, start_line: 4, start_column: 4}, severity: "medium", pattern_id: "js-path-traversal-join", pattern_name: "Path Traversal via path.join", recommendation: "Review this code for potential security issues", confidence: 0.7, pattern_type: :path_traversal}
18:48:59.170 [debug] Match confidence: 0.15014999999999998, min_confidence: 0.7, match: %{type: "js-path-traversal-join", context: %{node_type: "CallExpression", depth: 9, parent_type: "BinaryExpression", in_function: "complexFunction1"}, location: %{depth: 9, end_column: 27, end_line: 4, start_line: 4, start_column: 14}, severity: "medium", pattern_id: "js-path-traversal-join", pattern_name: "Path Traversal via path.join", recommendation: "Review this code for potential security issues", confidence: 0.7, pattern_type: :path_traversal}
18:48:59.170 [debug] Match confidence: 0.15014999999999998, min_confidence: 0.7, match: %{type: "js-path-traversal-join", context: %{node_type: "CallExpression", depth: 5, parent_type: "ReturnStatement", in_function: "complexFunction1"}, location: %{depth: 5, end_column: 40, end_line: 6, start_line: 6, start_column: 9}, severity: "medium", pattern_id: "js-path-traversal-join", pattern_name: "Path Traversal via path.join", recommendation: "Review this code for potential security issues", confidence: 0.7, pattern_type: :path_traversal}
18:48:59.171 [debug] Match confidence: 0.15014999999999998, min_confidence: 0.7, match: %{type: "js-path-traversal-concat", context: %{node_type: "BinaryExpression", depth: 7, parent_type: "ArrowFunctionExpression", in_function: "complexFunction1"}, location: %{depth: 7, end_column: 36, end_line: 6, start_line: 6, start_column: 31}, severity: "medium", pattern_id: "js-path-traversal-concat", pattern_name: "Path Traversal via String Concatenation", recommendation: "Review this code for potential security issues", confidence: 0.7, pattern_type: :path_traversal}
18:48:59.171 [debug] Match confidence: 0.15014999999999998, min_confidence: 0.7, match: %{type: "js-weak-crypto-md5", context: %{node_type: "CallExpression", depth: 7, parent_type: "ExpressionStatement", in_function: "complexFunction1"}, location: %{depth: 7, end_column: 32, end_line: 4, start_line: 4, start_column: 4}, severity: "medium", pattern_id: "js-weak-crypto-md5", pattern_name: "Weak Cryptography - MD5", recommendation: "Review this code for potential security issues", confidence: 0.7, pattern_type: :weak_crypto}
18:48:59.171 [debug] Match confidence: 0.15014999999999998, min_confidence: 0.7, match: %{type: "js-weak-crypto-md5", context: %{node_type: "CallExpression", depth: 9, parent_type: "BinaryExpression", in_function: "complexFunction1"}, location: %{depth: 9, end_column: 27, end_line: 4, start_line: 4, start_column: 14}, severity: "medium", pattern_id: "js-weak-crypto-md5", pattern_name: "Weak Cryptography - MD5", recommendation: "Review this code for potential security issues", confidence: 0.7, pattern_type: :weak_crypto}
18:48:59.171 [debug] Match confidence: 0.15014999999999998, min_confidence: 0.7, match: %{type: "js-weak-crypto-md5", context: %{node_type: "CallExpression", depth: 5, parent_type: "ReturnStatement", in_function: "complexFunction1"}, location: %{depth: 5, end_column: 40, end_line: 6, start_line: 6, start_column: 9}, severity: "medium", pattern_id: "js-weak-crypto-md5", pattern_name: "Weak Cryptography - MD5", recommendation: "Review this code for potential security issues", confidence: 0.7, pattern_type: :weak_crypto}
18:48:59.171 [debug] Match confidence: 0.15014999999999998, min_confidence: 0.7, match: %{type: "js-weak-crypto-sha1", context: %{node_type: "CallExpression", depth: 7, parent_type: "ExpressionStatement", in_function: "complexFunction1"}, location: %{depth: 7, end_column: 32, end_line: 4, start_line: 4, start_column: 4}, severity: "medium", pattern_id: "js-weak-crypto-sha1", pattern_name: "Weak Cryptography - SHA1", recommendation: "Review this code for potential security issues", confidence: 0.7, pattern_type: :weak_crypto}
18:48:59.171 [debug] Match confidence: 0.15014999999999998, min_confidence: 0.7, match: %{type: "js-weak-crypto-sha1", context: %{node_type: "CallExpression", depth: 9, parent_type: "BinaryExpression", in_function: "complexFunction1"}, location: %{depth: 9, end_column: 27, end_line: 4, start_line: 4, start_column: 14}, severity: "medium", pattern_id: "js-weak-crypto-sha1", pattern_name: "Weak Cryptography - SHA1", recommendation: "Review this code for potential security issues", confidence: 0.7, pattern_type: :weak_crypto}
18:48:59.171 [debug] Match confidence: 0.15014999999999998, min_confidence: 0.7, match: %{type: "js-weak-crypto-sha1", context: %{node_type: "CallExpression", depth: 5, parent_type: "ReturnStatement", in_function: "complexFunction1"}, location: %{depth: 5, end_column: 40, end_line: 6, start_line: 6, start_column: 9}, severity: "medium", pattern_id: "js-weak-crypto-sha1", pattern_name: "Weak Cryptography - SHA1", recommendation: "Review this code for potential security issues", confidence: 0.7, pattern_type: :weak_crypto}
18:48:59.172 [debug] Match confidence: 0.1848, min_confidence: 0.7, match: %{type: "js-hardcoded-secret-password", context: %{node_type: "VariableDeclarator", depth: 5, parent_type: "VariableDeclaration", in_function: "complexFunction1"}, location: %{depth: 5, end_column: 15, end_line: 2, start_line: 2, start_column: 6}, severity: "high", pattern_id: "js-hardcoded-secret-password", pattern_name: "Hardcoded Password", recommendation: "Review this code for potential security issues", confidence: 0.9, pattern_type: :hardcoded_secret}
18:48:59.172 [debug] Match confidence: 0.1848, min_confidence: 0.7, match: %{type: "js-hardcoded-secret-password", context: %{node_type: "VariableDeclarator", depth: 6, parent_type: "VariableDeclaration", in_function: "complexFunction1"}, location: %{depth: 6, end_column: 16, end_line: 3, start_line: 3, start_column: 11}, severity: "high", pattern_id: "js-hardcoded-secret-password", pattern_name: "Hardcoded Password", recommendation: "Review this code for potential security issues", confidence: 0.9, pattern_type: :hardcoded_secret}
18:48:59.172 [debug] Match confidence: 0.1848, min_confidence: 0.7, match: %{type: "js-hardcoded-secret-api-key", context: %{node_type: "VariableDeclarator", depth: 5, parent_type: "VariableDeclaration", in_function: "complexFunction1"}, location: %{depth: 5, end_column: 15, end_line: 2, start_line: 2, start_column: 6}, severity: "high", pattern_id: "js-hardcoded-secret-api-key", pattern_name: "Hardcoded API Key", recommendation: "Review this code for potential security issues", confidence: 0.9, pattern_type: :hardcoded_secret}
18:48:59.172 [debug] Match confidence: 0.1848, min_confidence: 0.7, match: %{type: "js-hardcoded-secret-api-key", context: %{node_type: "VariableDeclarator", depth: 6, parent_type: "VariableDeclaration", in_function: "complexFunction1"}, location: %{depth: 6, end_column: 16, end_line: 3, start_line: 3, start_column: 11}, severity: "high", pattern_id: "js-hardcoded-secret-api-key", pattern_name: "Hardcoded API Key", recommendation: "Review this code for potential security issues", confidence: 0.9, pattern_type: :hardcoded_secret}
18:48:59.172 [debug] Match confidence: 0.15014999999999998, min_confidence: 0.7, match: %{type: "js-open-redirect", context: %{node_type: "CallExpression", depth: 7, parent_type: "ExpressionStatement", in_function: "complexFunction1"}, location: %{depth: 7, end_column: 32, end_line: 4, start_line: 4, start_column: 4}, severity: "medium", pattern_id: "js-open-redirect", pattern_name: "Open Redirect Vulnerability", recommendation: "Review this code for potential security issues", confidence: 0.7, pattern_type: :open_redirect}
18:48:59.172 [debug] Match confidence: 0.15014999999999998, min_confidence: 0.7, match: %{type: "js-open-redirect", context: %{node_type: "CallExpression", depth: 9, parent_type: "BinaryExpression", in_function: "complexFunction1"}, location: %{depth: 9, end_column: 27, end_line: 4, start_line: 4, start_column: 14}, severity: "medium", pattern_id: "js-open-redirect", pattern_name: "Open Redirect Vulnerability", recommendation: "Review this code for potential security issues", confidence: 0.7, pattern_type: :open_redirect}
18:48:59.172 [debug] Match confidence: 0.15014999999999998, min_confidence: 0.7, match: %{type: "js-open-redirect", context: %{node_type: "CallExpression", depth: 5, parent_type: "ReturnStatement", in_function: "complexFunction1"}, location: %{depth: 5, end_column: 40, end_line: 6, start_line: 6, start_column: 9}, severity: "medium", pattern_id: "js-open-redirect", pattern_name: "Open Redirect Vulnerability", recommendation: "Review this code for potential security issues", confidence: 0.7, pattern_type: :open_redirect}
18:48:59.172 [debug] Match confidence: 0.15014999999999998, min_confidence: 0.7, match: %{type: "js-insecure-random", context: %{node_type: "CallExpression", depth: 7, parent_type: "ExpressionStatement", in_function: "complexFunction1"}, location: %{depth: 7, end_column: 32, end_line: 4, start_line: 4, start_column: 4}, severity: "medium", pattern_id: "js-insecure-random", pattern_name: "Insecure Random Number Generation", recommendation: "Review this code for potential security issues", confidence: 0.7, pattern_type: :insecure_random}
18:48:59.172 [debug] Match confidence: 0.15014999999999998, min_confidence: 0.7, match: %{type: "js-insecure-random", context: %{node_type: "CallExpression", depth: 9, parent_type: "BinaryExpression", in_function: "complexFunction1"}, location: %{depth: 9, end_column: 27, end_line: 4, start_line: 4, start_column: 14}, severity: "medium", pattern_id: "js-insecure-random", pattern_name: "Insecure Random Number Generation", recommendation: "Review this code for potential security issues", confidence: 0.7, pattern_type: :insecure_random}
18:48:59.172 [debug] Match confidence: 0.15014999999999998, min_confidence: 0.7, match: %{type: "js-insecure-random", context: %{node_type: "CallExpression", depth: 5, parent_type: "ReturnStatement", in_function: "complexFunction1"}, location: %{depth: 5, end_column: 40, end_line: 6, start_line: 6, start_column: 9}, severity: "medium", pattern_id: "js-insecure-random", pattern_name: "Insecure Random Number Generation", recommendation: "Review this code for potential security issues", confidence: 0.7, pattern_type: :insecure_random}
18:48:59.172 [debug] Match confidence: 0.11602499999999999, min_confidence: 0.7, match: %{type: "js-nosql-injection", context: %{node_type: "CallExpression", depth: 7, parent_type: "ExpressionStatement", in_function: "complexFunction1"}, location: %{depth: 7, end_column: 32, end_line: 4, start_line: 4, start_column: 4}, severity: "high", pattern_id: "js-nosql-injection", pattern_name: "NoSQL Injection", recommendation: "Review this code for potential security issues", confidence: 0.85, pattern_type: :nosql_injection}
18:48:59.172 [debug] Match confidence: 0.11602499999999999, min_confidence: 0.7, match: %{type: "js-nosql-injection", context: %{node_type: "CallExpression", depth: 9, parent_type: "BinaryExpression", in_function: "complexFunction1"}, location: %{depth: 9, end_column: 27, end_line: 4, start_line: 4, start_column: 14}, severity: "high", pattern_id: "js-nosql-injection", pattern_name: "NoSQL Injection", recommendation: "Review this code for potential security issues", confidence: 0.85, pattern_type: :nosql_injection}
18:48:59.172 [debug] Match confidence: 0.11602499999999999, min_confidence: 0.7, match: %{type: "js-nosql-injection", context: %{node_type: "CallExpression", depth: 5, parent_type: "ReturnStatement", in_function: "complexFunction1"}, location: %{depth: 5, end_column: 40, end_line: 6, start_line: 6, start_column: 9}, severity: "high", pattern_id: "js-nosql-injection", pattern_name: "NoSQL Injection", recommendation: "Review this code for potential security issues", confidence: 0.85, pattern_type: :nosql_injection}
18:48:59.172 [debug] Match confidence: 0.11602499999999999, min_confidence: 0.7, match: %{type: "js-ldap-injection", context: %{node_type: "CallExpression", depth: 7, parent_type: "ExpressionStatement", in_function: "complexFunction1"}, location: %{depth: 7, end_column: 32, end_line: 4, start_line: 4, start_column: 4}, severity: "high", pattern_id: "js-ldap-injection", pattern_name: "LDAP Injection", recommendation: "Review this code for potential security issues", confidence: 0.85, pattern_type: :ldap_injection}
18:48:59.172 [debug] Match confidence: 0.11602499999999999, min_confidence: 0.7, match: %{type: "js-ldap-injection", context: %{node_type: "CallExpression", depth: 9, parent_type: "BinaryExpression", in_function: "complexFunction1"}, location: %{depth: 9, end_column: 27, end_line: 4, start_line: 4, start_column: 14}, severity: "high", pattern_id: "js-ldap-injection", pattern_name: "LDAP Injection", recommendation: "Review this code for potential security issues", confidence: 0.85, pattern_type: :ldap_injection}
18:48:59.172 [debug] Match confidence: 0.11602499999999999, min_confidence: 0.7, match: %{type: "js-ldap-injection", context: %{node_type: "CallExpression", depth: 5, parent_type: "ReturnStatement", in_function: "complexFunction1"}, location: %{depth: 5, end_column: 40, end_line: 6, start_line: 6, start_column: 9}, severity: "high", pattern_id: "js-ldap-injection", pattern_name: "LDAP Injection", recommendation: "Review this code for potential security issues", confidence: 0.85, pattern_type: :ldap_injection}
18:48:59.172 [debug] Match confidence: 0.11602499999999999, min_confidence: 0.7, match: %{type: "js-xpath-injection", context: %{node_type: "CallExpression", depth: 7, parent_type: "ExpressionStatement", in_function: "complexFunction1"}, location: %{depth: 7, end_column: 32, end_line: 4, start_line: 4, start_column: 4}, severity: "high", pattern_id: "js-xpath-injection", pattern_name: "XPath Injection", recommendation: "Review this code for potential security issues", confidence: 0.85, pattern_type: :xpath_injection}
18:48:59.172 [debug] Match confidence: 0.11602499999999999, min_confidence: 0.7, match: %{type: "js-xpath-injection", context: %{node_type: "CallExpression", depth: 9, parent_type: "BinaryExpression", in_function: "complexFunction1"}, location: %{depth: 9, end_column: 27, end_line: 4, start_line: 4, start_column: 14}, severity: "high", pattern_id: "js-xpath-injection", pattern_name: "XPath Injection", recommendation: "Review this code for potential security issues", confidence: 0.85, pattern_type: :xpath_injection}
18:48:59.172 [debug] Match confidence: 0.11602499999999999, min_confidence: 0.7, match: %{type: "js-xpath-injection", context: %{node_type: "CallExpression", depth: 5, parent_type: "ReturnStatement", in_function: "complexFunction1"}, location: %{depth: 5, end_column: 40, end_line: 6, start_line: 6, start_column: 9}, severity: "high", pattern_id: "js-xpath-injection", pattern_name: "XPath Injection", recommendation: "Review this code for potential security issues", confidence: 0.85, pattern_type: :xpath_injection}
18:48:59.172 [debug] Match confidence: 0.15014999999999998, min_confidence: 0.7, match: %{type: "js-ssrf", context: %{node_type: "CallExpression", depth: 7, parent_type: "ExpressionStatement", in_function: "complexFunction1"}, location: %{depth: 7, end_column: 32, end_line: 4, start_line: 4, start_column: 4}, severity: "medium", pattern_id: "js-ssrf", pattern_name: "Server-Side Request Forgery (SSRF)", recommendation: "Review this code for potential security issues", confidence: 0.7, pattern_type: :ssrf}
18:48:59.172 [debug] Match confidence: 0.15014999999999998, min_confidence: 0.7, match: %{type: "js-ssrf", context: %{node_type: "CallExpression", depth: 9, parent_type: "BinaryExpression", in_function: "complexFunction1"}, location: %{depth: 9, end_column: 27, end_line: 4, start_line: 4, start_column: 14}, severity: "medium", pattern_id: "js-ssrf", pattern_name: "Server-Side Request Forgery (SSRF)", recommendation: "Review this code for potential security issues", confidence: 0.7, pattern_type: :ssrf}
18:48:59.172 [debug] Match confidence: 0.15014999999999998, min_confidence: 0.7, match: %{type: "js-ssrf", context: %{node_type: "CallExpression", depth: 5, parent_type: "ReturnStatement", in_function: "complexFunction1"}, location: %{depth: 5, end_column: 40, end_line: 6, start_line: 6, start_column: 9}, severity: "medium", pattern_id: "js-ssrf", pattern_name: "Server-Side Request Forgery (SSRF)", recommendation: "Review this code for potential security issues", confidence: 0.7, pattern_type: :ssrf}
18:48:59.172 [debug] Match confidence: 0.15014999999999998, min_confidence: 0.7, match: %{type: "js-insecure-deserialization", context: %{node_type: "CallExpression", depth: 7, parent_type: "ExpressionStatement", in_function: "complexFunction1"}, location: %{depth: 7, end_column: 32, end_line: 4, start_line: 4, start_column: 4}, severity: "medium", pattern_id: "js-insecure-deserialization", pattern_name: "Insecure Deserialization", recommendation: "Review this code for potential security issues", confidence: 0.7, pattern_type: :deserialization}
18:48:59.172 [debug] Match confidence: 0.15014999999999998, min_confidence: 0.7, match: %{type: "js-insecure-deserialization", context: %{node_type: "CallExpression", depth: 9, parent_type: "BinaryExpression", in_function: "complexFunction1"}, location: %{depth: 9, end_column: 27, end_line: 4, start_line: 4, start_column: 14}, severity: "medium", pattern_id: "js-insecure-deserialization", pattern_name: "Insecure Deserialization", recommendation: "Review this code for potential security issues", confidence: 0.7, pattern_type: :deserialization}
18:48:59.172 [debug] Match confidence: 0.15014999999999998, min_confidence: 0.7, match: %{type: "js-insecure-deserialization", context: %{node_type: "CallExpression", depth: 5, parent_type: "ReturnStatement", in_function: "complexFunction1"}, location: %{depth: 5, end_column: 40, end_line: 6, start_line: 6, start_column: 9}, severity: "medium", pattern_id: "js-insecure-deserialization", pattern_name: "Insecure Deserialization", recommendation: "Review this code for potential security issues", confidence: 0.7, pattern_type: :deserialization}
18:48:59.172 [debug] Match confidence: 0.15014999999999998, min_confidence: 0.7, match: %{type: "js-jwt-none-algorithm", context: %{node_type: "CallExpression", depth: 7, parent_type: "ExpressionStatement", in_function: "complexFunction1"}, location: %{depth: 7, end_column: 32, end_line: 4, start_line: 4, start_column: 4}, severity: "medium", pattern_id: "js-jwt-none-algorithm", pattern_name: "JWT None Algorithm Vulnerability", recommendation: "Review this code for potential security issues", confidence: 0.7, pattern_type: :authentication}
18:48:59.172 [debug] Match confidence: 0.15014999999999998, min_confidence: 0.7, match: %{type: "js-jwt-none-algorithm", context: %{node_type: "CallExpression", depth: 9, parent_type: "BinaryExpression", in_function: "complexFunction1"}, location: %{depth: 9, end_column: 27, end_line: 4, start_line: 4, start_column: 14}, severity: "medium", pattern_id: "js-jwt-none-algorithm", pattern_name: "JWT None Algorithm Vulnerability", recommendation: "Review this code for potential security issues", confidence: 0.7, pattern_type: :authentication}
18:48:59.172 [debug] Match confidence: 0.15014999999999998, min_confidence: 0.7, match: %{type: "js-jwt-none-algorithm", context: %{node_type: "CallExpression", depth: 5, parent_type: "ReturnStatement", in_function: "complexFunction1"}, location: %{depth: 5, end_column: 40, end_line: 6, start_line: 6, start_column: 9}, severity: "medium", pattern_id: "js-jwt-none-algorithm", pattern_name: "JWT None Algorithm Vulnerability", recommendation: "Review this code for potential security issues", confidence: 0.7, pattern_type: :authentication}
18:48:59.173 [debug] Match confidence: 0.15014999999999998, min_confidence: 0.7, match: %{type: "js-debug-console-log", context: %{node_type: "CallExpression", depth: 7, parent_type: "ExpressionStatement", in_function: "complexFunction1"}, location: %{depth: 7, end_column: 32, end_line: 4, start_line: 4, start_column: 4}, severity: "medium", pattern_id: "js-debug-console-log", pattern_name: "Sensitive Data in Console Logs", recommendation: "Review this code for potential security issues", confidence: 0.7, pattern_type: :information_disclosure}
18:48:59.173 [debug] Match confidence: 0.15014999999999998, min_confidence: 0.7, match: %{type: "js-debug-console-log", context: %{node_type: "CallExpression", depth: 9, parent_type: "BinaryExpression", in_function: "complexFunction1"}, location: %{depth: 9, end_column: 27, end_line: 4, start_line: 4, start_column: 14}, severity: "medium", pattern_id: "js-debug-console-log", pattern_name: "Sensitive Data in Console Logs", recommendation: "Review this code for potential security issues", confidence: 0.7, pattern_type: :information_disclosure}
18:48:59.173 [debug] Match confidence: 0.15014999999999998, min_confidence: 0.7, match: %{type: "js-debug-console-log", context: %{node_type: "CallExpression", depth: 5, parent_type: "ReturnStatement", in_function: "complexFunction1"}, location: %{depth: 5, end_column: 40, end_line: 6, start_line: 6, start_column: 9}, severity: "medium", pattern_id: "js-debug-console-log", pattern_name: "Sensitive Data in Console Logs", recommendation: "Review this code for potential security issues", confidence: 0.7, pattern_type: :information_disclosure}
18:48:59.318 [debug] Parser response received
18:48:59.318 [info] AnalysisService: Loaded 30 patterns for javascript
18:48:59.328 [info] AnalysisService: Found 47 matches
18:48:59.328 [debug] Match confidence: 0.15435, min_confidence: 0.7, match: %{type: "js-xss-document-write", context: %{node_type: "CallExpression", depth: 7, parent_type: "ExpressionStatement", in_function: "complexFunction2"}, location: %{depth: 7, end_column: 32, end_line: 4, start_line: 4, start_column: 4}, severity: "high", pattern_id: "js-xss-document-write", pattern_name: "Cross-Site Scripting (XSS) via document.write", recommendation: "Review this code for potential security issues", confidence: 0.85, pattern_type: :xss}
18:48:59.329 [debug] Match confidence: 0.15435, min_confidence: 0.7, match: %{type: "js-xss-document-write", context: %{node_type: "CallExpression", depth: 9, parent_type: "BinaryExpression", in_function: "complexFunction2"}, location: %{depth: 9, end_column: 27, end_line: 4, start_line: 4, start_column: 14}, severity: "high", pattern_id: "js-xss-document-write", pattern_name: "Cross-Site Scripting (XSS) via document.write", recommendation: "Review this code for potential security issues", confidence: 0.85, pattern_type: :xss}
18:48:59.329 [debug] Match confidence: 0.15435, min_confidence: 0.7, match: %{type: "js-xss-document-write", context: %{node_type: "CallExpression", depth: 5, parent_type: "ReturnStatement", in_function: "complexFunction2"}, location: %{depth: 5, end_column: 40, end_line: 6, start_line: 6, start_column: 9}, severity: "high", pattern_id: "js-xss-document-write", pattern_name: "Cross-Site Scripting (XSS) via document.write", recommendation: "Review this code for potential security issues", confidence: 0.85, pattern_type: :xss}
18:48:59.329 [debug] Match confidence: 0.15435, min_confidence: 0.7, match: %{type: "js-xss-jquery-html", context: %{node_type: "CallExpression", depth: 7, parent_type: "ExpressionStatement", in_function: "complexFunction2"}, location: %{depth: 7, end_column: 32, end_line: 4, start_line: 4, start_column: 4}, severity: "high", pattern_id: "js-xss-jquery-html", pattern_name: "XSS via jQuery html()", recommendation: "Review this code for potential security issues", confidence: 0.85, pattern_type: :xss}
18:48:59.329 [debug] Match confidence: 0.15435, min_confidence: 0.7, match: %{type: "js-xss-jquery-html", context: %{node_type: "CallExpression", depth: 9, parent_type: "BinaryExpression", in_function: "complexFunction2"}, location: %{depth: 9, end_column: 27, end_line: 4, start_line: 4, start_column: 14}, severity: "high", pattern_id: "js-xss-jquery-html", pattern_name: "XSS via jQuery html()", recommendation: "Review this code for potential security issues", confidence: 0.85, pattern_type: :xss}
18:48:59.329 [debug] Match confidence: 0.15435, min_confidence: 0.7, match: %{type: "js-xss-jquery-html", context: %{node_type: "CallExpression", depth: 5, parent_type: "ReturnStatement", in_function: "complexFunction2"}, location: %{depth: 5, end_column: 40, end_line: 6, start_line: 6, start_column: 9}, severity: "high", pattern_id: "js-xss-jquery-html", pattern_name: "XSS via jQuery html()", recommendation: "Review this code for potential security issues", confidence: 0.85, pattern_type: :xss}
18:48:59.329 [debug] Match confidence: 0.15014999999999998, min_confidence: 0.7, match: %{type: "js-path-traversal-join", context: %{node_type: "CallExpression", depth: 7, parent_type: "ExpressionStatement", in_function: "complexFunction2"}, location: %{depth: 7, end_column: 32, end_line: 4, start_line: 4, start_column: 4}, severity: "medium", pattern_id: "js-path-traversal-join", pattern_name: "Path Traversal via path.join", recommendation: "Review this code for potential security issues", confidence: 0.7, pattern_type: :path_traversal}
18:48:59.329 [debug] Match confidence: 0.15014999999999998, min_confidence: 0.7, match: %{type: "js-path-traversal-join", context: %{node_type: "CallExpression", depth: 9, parent_type: "BinaryExpression", in_function: "complexFunction2"}, location: %{depth: 9, end_column: 27, end_line: 4, start_line: 4, start_column: 14}, severity: "medium", pattern_id: "js-path-traversal-join", pattern_name: "Path Traversal via path.join", recommendation: "Review this code for potential security issues", confidence: 0.7, pattern_type: :path_traversal}
18:48:59.329 [debug] Match confidence: 0.15014999999999998, min_confidence: 0.7, match: %{type: "js-path-traversal-join", context: %{node_type: "CallExpression", depth: 5, parent_type: "ReturnStatement", in_function: "complexFunction2"}, location: %{depth: 5, end_column: 40, end_line: 6, start_line: 6, start_column: 9}, severity: "medium", pattern_id: "js-path-traversal-join", pattern_name: "Path Traversal via path.join", recommendation: "Review this code for potential security issues", confidence: 0.7, pattern_type: :path_traversal}
18:48:59.329 [debug] Match confidence: 0.15014999999999998, min_confidence: 0.7, match: %{type: "js-path-traversal-concat", context: %{node_type: "BinaryExpression", depth: 7, parent_type: "ArrowFunctionExpression", in_function: "complexFunction2"}, location: %{depth: 7, end_column: 36, end_line: 6, start_line: 6, start_column: 31}, severity: "medium", pattern_id: "js-path-traversal-concat", pattern_name: "Path Traversal via String Concatenation", recommendation: "Review this code for potential security issues", confidence: 0.7, pattern_type: :path_traversal}
18:48:59.330 [debug] Match confidence: 0.15014999999999998, min_confidence: 0.7, match: %{type: "js-weak-crypto-md5", context: %{node_type: "CallExpression", depth: 7, parent_type: "ExpressionStatement", in_function: "complexFunction2"}, location: %{depth: 7, end_column: 32, end_line: 4, start_line: 4, start_column: 4}, severity: "medium", pattern_id: "js-weak-crypto-md5", pattern_name: "Weak Cryptography - MD5", recommendation: "Review this code for potential security issues", confidence: 0.7, pattern_type: :weak_crypto}
18:48:59.330 [debug] Match confidence: 0.15014999999999998, min_confidence: 0.7, match: %{type: "js-weak-crypto-md5", context: %{node_type: "CallExpression", depth: 9, parent_type: "BinaryExpression", in_function: "complexFunction2"}, location: %{depth: 9, end_column: 27, end_line: 4, start_line: 4, start_column: 14}, severity: "medium", pattern_id: "js-weak-crypto-md5", pattern_name: "Weak Cryptography - MD5", recommendation: "Review this code for potential security issues", confidence: 0.7, pattern_type: :weak_crypto}
18:48:59.330 [debug] Match confidence: 0.15014999999999998, min_confidence: 0.7, match: %{type: "js-weak-crypto-md5", context: %{node_type: "CallExpression", depth: 5, parent_type: "ReturnStatement", in_function: "complexFunction2"}, location: %{depth: 5, end_column: 40, end_line: 6, start_line: 6, start_column: 9}, severity: "medium", pattern_id: "js-weak-crypto-md5", pattern_name: "Weak Cryptography - MD5", recommendation: "Review this code for potential security issues", confidence: 0.7, pattern_type: :weak_crypto}
18:48:59.330 [debug] Match confidence: 0.15014999999999998, min_confidence: 0.7, match: %{type: "js-weak-crypto-sha1", context: %{node_type: "CallExpression", depth: 7, parent_type: "ExpressionStatement", in_function: "complexFunction2"}, location: %{depth: 7, end_column: 32, end_line: 4, start_line: 4, start_column: 4}, severity: "medium", pattern_id: "js-weak-crypto-sha1", pattern_name: "Weak Cryptography - SHA1", recommendation: "Review this code for potential security issues", confidence: 0.7, pattern_type: :weak_crypto}
18:48:59.330 [debug] Match confidence: 0.15014999999999998, min_confidence: 0.7, match: %{type: "js-weak-crypto-sha1", context: %{node_type: "CallExpression", depth: 9, parent_type: "BinaryExpression", in_function: "complexFunction2"}, location: %{depth: 9, end_column: 27, end_line: 4, start_line: 4, start_column: 14}, severity: "medium", pattern_id: "js-weak-crypto-sha1", pattern_name: "Weak Cryptography - SHA1", recommendation: "Review this code for potential security issues", confidence: 0.7, pattern_type: :weak_crypto}
18:48:59.330 [debug] Match confidence: 0.15014999999999998, min_confidence: 0.7, match: %{type: "js-weak-crypto-sha1", context: %{node_type: "CallExpression", depth: 5, parent_type: "ReturnStatement", in_function: "complexFunction2"}, location: %{depth: 5, end_column: 40, end_line: 6, start_line: 6, start_column: 9}, severity: "medium", pattern_id: "js-weak-crypto-sha1", pattern_name: "Weak Cryptography - SHA1", recommendation: "Review this code for potential security issues", confidence: 0.7, pattern_type: :weak_crypto}
18:48:59.330 [debug] Match confidence: 0.1848, min_confidence: 0.7, match: %{type: "js-hardcoded-secret-password", context: %{node_type: "VariableDeclarator", depth: 5, parent_type: "VariableDeclaration", in_function: "complexFunction2"}, location: %{depth: 5, end_column: 15, end_line: 2, start_line: 2, start_column: 6}, severity: "high", pattern_id: "js-hardcoded-secret-password", pattern_name: "Hardcoded Password", recommendation: "Review this code for potential security issues", confidence: 0.9, pattern_type: :hardcoded_secret}
18:48:59.330 [debug] Match confidence: 0.1848, min_confidence: 0.7, match: %{type: "js-hardcoded-secret-password", context: %{node_type: "VariableDeclarator", depth: 6, parent_type: "VariableDeclaration", in_function: "complexFunction2"}, location: %{depth: 6, end_column: 16, end_line: 3, start_line: 3, start_column: 11}, severity: "high", pattern_id: "js-hardcoded-secret-password", pattern_name: "Hardcoded Password", recommendation: "Review this code for potential security issues", confidence: 0.9, pattern_type: :hardcoded_secret}
18:48:59.330 [debug] Match confidence: 0.1848, min_confidence: 0.7, match: %{type: "js-hardcoded-secret-api-key", context: %{node_type: "VariableDeclarator", depth: 5, parent_type: "VariableDeclaration", in_function: "complexFunction2"}, location: %{depth: 5, end_column: 15, end_line: 2, start_line: 2, start_column: 6}, severity: "high", pattern_id: "js-hardcoded-secret-api-key", pattern_name: "Hardcoded API Key", recommendation: "Review this code for potential security issues", confidence: 0.9, pattern_type: :hardcoded_secret}
18:48:59.331 [debug] Match confidence: 0.1848, min_confidence: 0.7, match: %{type: "js-hardcoded-secret-api-key", context: %{node_type: "VariableDeclarator", depth: 6, parent_type: "VariableDeclaration", in_function: "complexFunction2"}, location: %{depth: 6, end_column: 16, end_line: 3, start_line: 3, start_column: 11}, severity: "high", pattern_id: "js-hardcoded-secret-api-key", pattern_name: "Hardcoded API Key", recommendation: "Review this code for potential security issues", confidence: 0.9, pattern_type: :hardcoded_secret}
18:48:59.331 [debug] Match confidence: 0.15014999999999998, min_confidence: 0.7, match: %{type: "js-open-redirect", context: %{node_type: "CallExpression", depth: 7, parent_type: "ExpressionStatement", in_function: "complexFunction2"}, location: %{depth: 7, end_column: 32, end_line: 4, start_line: 4, start_column: 4}, severity: "medium", pattern_id: "js-open-redirect", pattern_name: "Open Redirect Vulnerability", recommendation: "Review this code for potential security issues", confidence: 0.7, pattern_type: :open_redirect}
18:48:59.331 [debug] Match confidence: 0.15014999999999998, min_confidence: 0.7, match: %{type: "js-open-redirect", context: %{node_type: "CallExpression", depth: 9, parent_type: "BinaryExpression", in_function: "complexFunction2"}, location: %{depth: 9, end_column: 27, end_line: 4, start_line: 4, start_column: 14}, severity: "medium", pattern_id: "js-open-redirect", pattern_name: "Open Redirect Vulnerability", recommendation: "Review this code for potential security issues", confidence: 0.7, pattern_type: :open_redirect}
18:48:59.331 [debug] Match confidence: 0.15014999999999998, min_confidence: 0.7, match: %{type: "js-open-redirect", context: %{node_type: "CallExpression", depth: 5, parent_type: "ReturnStatement", in_function: "complexFunction2"}, location: %{depth: 5, end_column: 40, end_line: 6, start_line: 6, start_column: 9}, severity: "medium", pattern_id: "js-open-redirect", pattern_name: "Open Redirect Vulnerability", recommendation: "Review this code for potential security issues", confidence: 0.7, pattern_type: :open_redirect}
18:48:59.331 [debug] Match confidence: 0.15014999999999998, min_confidence: 0.7, match: %{type: "js-insecure-random", context: %{node_type: "CallExpression", depth: 7, parent_type: "ExpressionStatement", in_function: "complexFunction2"}, location: %{depth: 7, end_column: 32, end_line: 4, start_line: 4, start_column: 4}, severity: "medium", pattern_id: "js-insecure-random", pattern_name: "Insecure Random Number Generation", recommendation: "Review this code for potential security issues", confidence: 0.7, pattern_type: :insecure_random}
18:48:59.331 [debug] Match confidence: 0.15014999999999998, min_confidence: 0.7, match: %{type: "js-insecure-random", context: %{node_type: "CallExpression", depth: 9, parent_type: "BinaryExpression", in_function: "complexFunction2"}, location: %{depth: 9, end_column: 27, end_line: 4, start_line: 4, start_column: 14}, severity: "medium", pattern_id: "js-insecure-random", pattern_name: "Insecure Random Number Generation", recommendation: "Review this code for potential security issues", confidence: 0.7, pattern_type: :insecure_random}
18:48:59.331 [debug] Match confidence: 0.15014999999999998, min_confidence: 0.7, match: %{type: "js-insecure-random", context: %{node_type: "CallExpression", depth: 5, parent_type: "ReturnStatement", in_function: "complexFunction2"}, location: %{depth: 5, end_column: 40, end_line: 6, start_line: 6, start_column: 9}, severity: "medium", pattern_id: "js-insecure-random", pattern_name: "Insecure Random Number Generation", recommendation: "Review this code for potential security issues", confidence: 0.7, pattern_type: :insecure_random}
18:48:59.331 [debug] Match confidence: 0.11602499999999999, min_confidence: 0.7, match: %{type: "js-nosql-injection", context: %{node_type: "CallExpression", depth: 7, parent_type: "ExpressionStatement", in_function: "complexFunction2"}, location: %{depth: 7, end_column: 32, end_line: 4, start_line: 4, start_column: 4}, severity: "high", pattern_id: "js-nosql-injection", pattern_name: "NoSQL Injection", recommendation: "Review this code for potential security issues", confidence: 0.85, pattern_type: :nosql_injection}
18:48:59.331 [debug] Match confidence: 0.11602499999999999, min_confidence: 0.7, match: %{type: "js-nosql-injection", context: %{node_type: "CallExpression", depth: 9, parent_type: "BinaryExpression", in_function: "complexFunction2"}, location: %{depth: 9, end_column: 27, end_line: 4, start_line: 4, start_column: 14}, severity: "high", pattern_id: "js-nosql-injection", pattern_name: "NoSQL Injection", recommendation: "Review this code for potential security issues", confidence: 0.85, pattern_type: :nosql_injection}
18:48:59.331 [debug] Match confidence: 0.11602499999999999, min_confidence: 0.7, match: %{type: "js-nosql-injection", context: %{node_type: "CallExpression", depth: 5, parent_type: "ReturnStatement", in_function: "complexFunction2"}, location: %{depth: 5, end_column: 40, end_line: 6, start_line: 6, start_column: 9}, severity: "high", pattern_id: "js-nosql-injection", pattern_name: "NoSQL Injection", recommendation: "Review this code for potential security issues", confidence: 0.85, pattern_type: :nosql_injection}
18:48:59.331 [debug] Match confidence: 0.11602499999999999, min_confidence: 0.7, match: %{type: "js-ldap-injection", context: %{node_type: "CallExpression", depth: 7, parent_type: "ExpressionStatement", in_function: "complexFunction2"}, location: %{depth: 7, end_column: 32, end_line: 4, start_line: 4, start_column: 4}, severity: "high", pattern_id: "js-ldap-injection", pattern_name: "LDAP Injection", recommendation: "Review this code for potential security issues", confidence: 0.85, pattern_type: :ldap_injection}
18:48:59.331 [debug] Match confidence: 0.11602499999999999, min_confidence: 0.7, match: %{type: "js-ldap-injection", context: %{node_type: "CallExpression", depth: 9, parent_type: "BinaryExpression", in_function: "complexFunction2"}, location: %{depth: 9, end_column: 27, end_line: 4, start_line: 4, start_column: 14}, severity: "high", pattern_id: "js-ldap-injection", pattern_name: "LDAP Injection", recommendation: "Review this code for potential security issues", confidence: 0.85, pattern_type: :ldap_injection}
18:48:59.331 [debug] Match confidence: 0.11602499999999999, min_confidence: 0.7, match: %{type: "js-ldap-injection", context: %{node_type: "CallExpression", depth: 5, parent_type: "ReturnStatement", in_function: "complexFunction2"}, location: %{depth: 5, end_column: 40, end_line: 6, start_line: 6, start_column: 9}, severity: "high", pattern_id: "js-ldap-injection", pattern_name: "LDAP Injection", recommendation: "Review this code for potential security issues", confidence: 0.85, pattern_type: :ldap_injection}
18:48:59.331 [debug] Match confidence: 0.11602499999999999, min_confidence: 0.7, match: %{type: "js-xpath-injection", context: %{node_type: "CallExpression", depth: 7, parent_type: "ExpressionStatement", in_function: "complexFunction2"}, location: %{depth: 7, end_column: 32, end_line: 4, start_line: 4, start_column: 4}, severity: "high", pattern_id: "js-xpath-injection", pattern_name: "XPath Injection", recommendation: "Review this code for potential security issues", confidence: 0.85, pattern_type: :xpath_injection}
18:48:59.331 [debug] Match confidence: 0.11602499999999999, min_confidence: 0.7, match: %{type: "js-xpath-injection", context: %{node_type: "CallExpression", depth: 9, parent_type: "BinaryExpression", in_function: "complexFunction2"}, location: %{depth: 9, end_column: 27, end_line: 4, start_line: 4, start_column: 14}, severity: "high", pattern_id: "js-xpath-injection", pattern_name: "XPath Injection", recommendation: "Review this code for potential security issues", confidence: 0.85, pattern_type: :xpath_injection}
18:48:59.331 [debug] Match confidence: 0.11602499999999999, min_confidence: 0.7, match: %{type: "js-xpath-injection", context: %{node_type: "CallExpression", depth: 5, parent_type: "ReturnStatement", in_function: "complexFunction2"}, location: %{depth: 5, end_column: 40, end_line: 6, start_line: 6, start_column: 9}, severity: "high", pattern_id: "js-xpath-injection", pattern_name: "XPath Injection", recommendation: "Review this code for potential security issues", confidence: 0.85, pattern_type: :xpath_injection}
18:48:59.331 [debug] Match confidence: 0.15014999999999998, min_confidence: 0.7, match: %{type: "js-ssrf", context: %{node_type: "CallExpression", depth: 7, parent_type: "ExpressionStatement", in_function: "complexFunction2"}, location: %{depth: 7, end_column: 32, end_line: 4, start_line: 4, start_column: 4}, severity: "medium", pattern_id: "js-ssrf", pattern_name: "Server-Side Request Forgery (SSRF)", recommendation: "Review this code for potential security issues", confidence: 0.7, pattern_type: :ssrf}
18:48:59.331 [debug] Match confidence: 0.15014999999999998, min_confidence: 0.7, match: %{type: "js-ssrf", context: %{node_type: "CallExpression", depth: 9, parent_type: "BinaryExpression", in_function: "complexFunction2"}, location: %{depth: 9, end_column: 27, end_line: 4, start_line: 4, start_column: 14}, severity: "medium", pattern_id: "js-ssrf", pattern_name: "Server-Side Request Forgery (SSRF)", recommendation: "Review this code for potential security issues", confidence: 0.7, pattern_type: :ssrf}
18:48:59.331 [debug] Match confidence: 0.15014999999999998, min_confidence: 0.7, match: %{type: "js-ssrf", context: %{node_type: "CallExpression", depth: 5, parent_type: "ReturnStatement", in_function: "complexFunction2"}, location: %{depth: 5, end_column: 40, end_line: 6, start_line: 6, start_column: 9}, severity: "medium", pattern_id: "js-ssrf", pattern_name: "Server-Side Request Forgery (SSRF)", recommendation: "Review this code for potential security issues", confidence: 0.7, pattern_type: :ssrf}
18:48:59.331 [debug] Match confidence: 0.15014999999999998, min_confidence: 0.7, match: %{type: "js-insecure-deserialization", context: %{node_type: "CallExpression", depth: 7, parent_type: "ExpressionStatement", in_function: "complexFunction2"}, location: %{depth: 7, end_column: 32, end_line: 4, start_line: 4, start_column: 4}, severity: "medium", pattern_id: "js-insecure-deserialization", pattern_name: "Insecure Deserialization", recommendation: "Review this code for potential security issues", confidence: 0.7, pattern_type: :deserialization}
18:48:59.332 [debug] Match confidence: 0.15014999999999998, min_confidence: 0.7, match: %{type: "js-insecure-deserialization", context: %{node_type: "CallExpression", depth: 9, parent_type: "BinaryExpression", in_function: "complexFunction2"}, location: %{depth: 9, end_column: 27, end_line: 4, start_line: 4, start_column: 14}, severity: "medium", pattern_id: "js-insecure-deserialization", pattern_name: "Insecure Deserialization", recommendation: "Review this code for potential security issues", confidence: 0.7, pattern_type: :deserialization}
18:48:59.332 [debug] Match confidence: 0.15014999999999998, min_confidence: 0.7, match: %{type: "js-insecure-deserialization", context: %{node_type: "CallExpression", depth: 5, parent_type: "ReturnStatement", in_function: "complexFunction2"}, location: %{depth: 5, end_column: 40, end_line: 6, start_line: 6, start_column: 9}, severity: "medium", pattern_id: "js-insecure-deserialization", pattern_name: "Insecure Deserialization", recommendation: "Review this code for potential security issues", confidence: 0.7, pattern_type: :deserialization}
18:48:59.332 [debug] Match confidence: 0.15014999999999998, min_confidence: 0.7, match: %{type: "js-jwt-none-algorithm", context: %{node_type: "CallExpression", depth: 7, parent_type: "ExpressionStatement", in_function: "complexFunction2"}, location: %{depth: 7, end_column: 32, end_line: 4, start_line: 4, start_column: 4}, severity: "medium", pattern_id: "js-jwt-none-algorithm", pattern_name: "JWT None Algorithm Vulnerability", recommendation: "Review this code for potential security issues", confidence: 0.7, pattern_type: :authentication}
18:48:59.332 [debug] Match confidence: 0.15014999999999998, min_confidence: 0.7, match: %{type: "js-jwt-none-algorithm", context: %{node_type: "CallExpression", depth: 9, parent_type: "BinaryExpression", in_function: "complexFunction2"}, location: %{depth: 9, end_column: 27, end_line: 4, start_line: 4, start_column: 14}, severity: "medium", pattern_id: "js-jwt-none-algorithm", pattern_name: "JWT None Algorithm Vulnerability", recommendation: "Review this code for potential security issues", confidence: 0.7, pattern_type: :authentication}
18:48:59.332 [debug] Match confidence: 0.15014999999999998, min_confidence: 0.7, match: %{type: "js-jwt-none-algorithm", context: %{node_type: "CallExpression", depth: 5, parent_type: "ReturnStatement", in_function: "complexFunction2"}, location: %{depth: 5, end_column: 40, end_line: 6, start_line: 6, start_column: 9}, severity: "medium", pattern_id: "js-jwt-none-algorithm", pattern_name: "JWT None Algorithm Vulnerability", recommendation: "Review this code for potential security issues", confidence: 0.7, pattern_type: :authentication}
18:48:59.332 [debug] Match confidence: 0.15014999999999998, min_confidence: 0.7, match: %{type: "js-debug-console-log", context: %{node_type: "CallExpression", depth: 7, parent_type: "ExpressionStatement", in_function: "complexFunction2"}, location: %{depth: 7, end_column: 32, end_line: 4, start_line: 4, start_column: 4}, severity: "medium", pattern_id: "js-debug-console-log", pattern_name: "Sensitive Data in Console Logs", recommendation: "Review this code for potential security issues", confidence: 0.7, pattern_type: :information_disclosure}
18:48:59.332 [debug] Match confidence: 0.15014999999999998, min_confidence: 0.7, match: %{type: "js-debug-console-log", context: %{node_type: "CallExpression", depth: 9, parent_type: "BinaryExpression", in_function: "complexFunction2"}, location: %{depth: 9, end_column: 27, end_line: 4, start_line: 4, start_column: 14}, severity: "medium", pattern_id: "js-debug-console-log", pattern_name: "Sensitive Data in Console Logs", recommendation: "Review this code for potential security issues", confidence: 0.7, pattern_type: :information_disclosure}
18:48:59.332 [debug] Match confidence: 0.15014999999999998, min_confidence: 0.7, match: %{type: "js-debug-console-log", context: %{node_type: "CallExpression", depth: 5, parent_type: "ReturnStatement", in_function: "complexFunction2"}, location: %{depth: 5, end_column: 40, end_line: 6, start_line: 6, start_column: 9}, severity: "medium", pattern_id: "js-debug-console-log", pattern_name: "Sensitive Data in Console Logs", recommendation: "Review this code for potential security issues", confidence: 0.7, pattern_type: :information_disclosure}
18:48:59.586 [debug] Parser response received
18:48:59.587 [info] AnalysisService: Loaded 30 patterns for javascript
18:48:59.595 [info] AnalysisService: Found 47 matches
18:48:59.595 [debug] Match confidence: 0.15435, min_confidence: 0.7, match: %{type: "js-xss-document-write", context: %{node_type: "CallExpression", depth: 7, parent_type: "ExpressionStatement", in_function: "complexFunction3"}, location: %{depth: 7, end_column: 32, end_line: 4, start_line: 4, start_column: 4}, severity: "high", pattern_id: "js-xss-document-write", pattern_name: "Cross-Site Scripting (XSS) via document.write", recommendation: "Review this code for potential security issues", confidence: 0.85, pattern_type: :xss}
18:48:59.595 [debug] Match confidence: 0.15435, min_confidence: 0.7, match: %{type: "js-xss-document-write", context: %{node_type: "CallExpression", depth: 9, parent_type: "BinaryExpression", in_function: "complexFunction3"}, location: %{depth: 9, end_column: 27, end_line: 4, start_line: 4, start_column: 14}, severity: "high", pattern_id: "js-xss-document-write", pattern_name: "Cross-Site Scripting (XSS) via document.write", recommendation: "Review this code for potential security issues", confidence: 0.85, pattern_type: :xss}
18:48:59.596 [debug] Match confidence: 0.15435, min_confidence: 0.7, match: %{type: "js-xss-document-write", context: %{node_type: "CallExpression", depth: 5, parent_type: "ReturnStatement", in_function: "complexFunction3"}, location: %{depth: 5, end_column: 40, end_line: 6, start_line: 6, start_column: 9}, severity: "high", pattern_id: "js-xss-document-write", pattern_name: "Cross-Site Scripting (XSS) via document.write", recommendation: "Review this code for potential security issues", confidence: 0.85, pattern_type: :xss}
18:48:59.597 [debug] Match confidence: 0.15435, min_confidence: 0.7, match: %{type: "js-xss-jquery-html", context: %{node_type: "CallExpression", depth: 7, parent_type: "ExpressionStatement", in_function: "complexFunction3"}, location: %{depth: 7, end_column: 32, end_line: 4, start_line: 4, start_column: 4}, severity: "high", pattern_id: "js-xss-jquery-html", pattern_name: "XSS via jQuery html()", recommendation: "Review this code for potential security issues", confidence: 0.85, pattern_type: :xss}
18:48:59.597 [debug] Match confidence: 0.15435, min_confidence: 0.7, match: %{type: "js-xss-jquery-html", context: %{node_type: "CallExpression", depth: 9, parent_type: "BinaryExpression", in_function: "complexFunction3"}, location: %{depth: 9, end_column: 27, end_line: 4, start_line: 4, start_column: 14}, severity: "high", pattern_id: "js-xss-jquery-html", pattern_name: "XSS via jQuery html()", recommendation: "Review this code for potential security issues", confidence: 0.85, pattern_type: :xss}
18:48:59.598 [debug] Match confidence: 0.15435, min_confidence: 0.7, match: %{type: "js-xss-jquery-html", context: %{node_type: "CallExpression", depth: 5, parent_type: "ReturnStatement", in_function: "complexFunction3"}, location: %{depth: 5, end_column: 40, end_line: 6, start_line: 6, start_column: 9}, severity: "high", pattern_id: "js-xss-jquery-html", pattern_name: "XSS via jQuery html()", recommendation: "Review this code for potential security issues", confidence: 0.85, pattern_type: :xss}
18:48:59.598 [debug] Match confidence: 0.15014999999999998, min_confidence: 0.7, match: %{type: "js-path-traversal-join", context: %{node_type: "CallExpression", depth: 7, parent_type: "ExpressionStatement", in_function: "complexFunction3"}, location: %{depth: 7, end_column: 32, end_line: 4, start_line: 4, start_column: 4}, severity: "medium", pattern_id: "js-path-traversal-join", pattern_name: "Path Traversal via path.join", recommendation: "Review this code for potential security issues", confidence: 0.7, pattern_type: :path_traversal}
18:48:59.599 [debug] Match confidence: 0.15014999999999998, min_confidence: 0.7, match: %{type: "js-path-traversal-join", context: %{node_type: "CallExpression", depth: 9, parent_type: "BinaryExpression", in_function: "complexFunction3"}, location: %{depth: 9, end_column: 27, end_line: 4, start_line: 4, start_column: 14}, severity: "medium", pattern_id: "js-path-traversal-join", pattern_name: "Path Traversal via path.join", recommendation: "Review this code for potential security issues", confidence: 0.7, pattern_type: :path_traversal}
18:48:59.599 [debug] Match confidence: 0.15014999999999998, min_confidence: 0.7, match: %{type: "js-path-traversal-join", context: %{node_type: "CallExpression", depth: 5, parent_type: "ReturnStatement", in_function: "complexFunction3"}, location: %{depth: 5, end_column: 40, end_line: 6, start_line: 6, start_column: 9}, severity: "medium", pattern_id: "js-path-traversal-join", pattern_name: "Path Traversal via path.join", recommendation: "Review this code for potential security issues", confidence: 0.7, pattern_type: :path_traversal}
18:48:59.599 [debug] Match confidence: 0.15014999999999998, min_confidence: 0.7, match: %{type: "js-path-traversal-concat", context: %{node_type: "BinaryExpression", depth: 7, parent_type: "ArrowFunctionExpression", in_function: "complexFunction3"}, location: %{depth: 7, end_column: 36, end_line: 6, start_line: 6, start_column: 31}, severity: "medium", pattern_id: "js-path-traversal-concat", pattern_name: "Path Traversal via String Concatenation", recommendation: "Review this code for potential security issues", confidence: 0.7, pattern_type: :path_traversal}
18:48:59.599 [debug] Match confidence: 0.15014999999999998, min_confidence: 0.7, match: %{type: "js-weak-crypto-md5", context: %{node_type: "CallExpression", depth: 7, parent_type: "ExpressionStatement", in_function: "complexFunction3"}, location: %{depth: 7, end_column: 32, end_line: 4, start_line: 4, start_column: 4}, severity: "medium", pattern_id: "js-weak-crypto-md5", pattern_name: "Weak Cryptography - MD5", recommendation: "Review this code for potential security issues", confidence: 0.7, pattern_type: :weak_crypto}
18:48:59.599 [debug] Match confidence: 0.15014999999999998, min_confidence: 0.7, match: %{type: "js-weak-crypto-md5", context: %{node_type: "CallExpression", depth: 9, parent_type: "BinaryExpression", in_function: "complexFunction3"}, location: %{depth: 9, end_column: 27, end_line: 4, start_line: 4, start_column: 14}, severity: "medium", pattern_id: "js-weak-crypto-md5", pattern_name: "Weak Cryptography - MD5", recommendation: "Review this code for potential security issues", confidence: 0.7, pattern_type: :weak_crypto}
18:48:59.599 [debug] Match confidence: 0.15014999999999998, min_confidence: 0.7, match: %{type: "js-weak-crypto-md5", context: %{node_type: "CallExpression", depth: 5, parent_type: "ReturnStatement", in_function: "complexFunction3"}, location: %{depth: 5, end_column: 40, end_line: 6, start_line: 6, start_column: 9}, severity: "medium", pattern_id: "js-weak-crypto-md5", pattern_name: "Weak Cryptography - MD5", recommendation: "Review this code for potential security issues", confidence: 0.7, pattern_type: :weak_crypto}
18:48:59.599 [debug] Match confidence: 0.15014999999999998, min_confidence: 0.7, match: %{type: "js-weak-crypto-sha1", context: %{node_type: "CallExpression", depth: 7, parent_type: "ExpressionStatement", in_function: "complexFunction3"}, location: %{depth: 7, end_column: 32, end_line: 4, start_line: 4, start_column: 4}, severity: "medium", pattern_id: "js-weak-crypto-sha1", pattern_name: "Weak Cryptography - SHA1", recommendation: "Review this code for potential security issues", confidence: 0.7, pattern_type: :weak_crypto}
18:48:59.599 [debug] Match confidence: 0.15014999999999998, min_confidence: 0.7, match: %{type: "js-weak-crypto-sha1", context: %{node_type: "CallExpression", depth: 9, parent_type: "BinaryExpression", in_function: "complexFunction3"}, location: %{depth: 9, end_column: 27, end_line: 4, start_line: 4, start_column: 14}, severity: "medium", pattern_id: "js-weak-crypto-sha1", pattern_name: "Weak Cryptography - SHA1", recommendation: "Review this code for potential security issues", confidence: 0.7, pattern_type: :weak_crypto}
18:48:59.599 [debug] Match confidence: 0.15014999999999998, min_confidence: 0.7, match: %{type: "js-weak-crypto-sha1", context: %{node_type: "CallExpression", depth: 5, parent_type: "ReturnStatement", in_function: "complexFunction3"}, location: %{depth: 5, end_column: 40, end_line: 6, start_line: 6, start_column: 9}, severity: "medium", pattern_id: "js-weak-crypto-sha1", pattern_name: "Weak Cryptography - SHA1", recommendation: "Review this code for potential security issues", confidence: 0.7, pattern_type: :weak_crypto}
18:48:59.599 [debug] Match confidence: 0.1848, min_confidence: 0.7, match: %{type: "js-hardcoded-secret-password", context: %{node_type: "VariableDeclarator", depth: 5, parent_type: "VariableDeclaration", in_function: "complexFunction3"}, location: %{depth: 5, end_column: 15, end_line: 2, start_line: 2, start_column: 6}, severity: "high", pattern_id: "js-hardcoded-secret-password", pattern_name: "Hardcoded Password", recommendation: "Review this code for potential security issues", confidence: 0.9, pattern_type: :hardcoded_secret}
18:48:59.599 [debug] Match confidence: 0.1848, min_confidence: 0.7, match: %{type: "js-hardcoded-secret-password", context: %{node_type: "VariableDeclarator", depth: 6, parent_type: "VariableDeclaration", in_function: "complexFunction3"}, location: %{depth: 6, end_column: 16, end_line: 3, start_line: 3, start_column: 11}, severity: "high", pattern_id: "js-hardcoded-secret-password", pattern_name: "Hardcoded Password", recommendation: "Review this code for potential security issues", confidence: 0.9, pattern_type: :hardcoded_secret}
18:48:59.599 [debug] Match confidence: 0.1848, min_confidence: 0.7, match: %{type: "js-hardcoded-secret-api-key", context: %{node_type: "VariableDeclarator", depth: 5, parent_type: "VariableDeclaration", in_function: "complexFunction3"}, location: %{depth: 5, end_column: 15, end_line: 2, start_line: 2, start_column: 6}, severity: "high", pattern_id: "js-hardcoded-secret-api-key", pattern_name: "Hardcoded API Key", recommendation: "Review this code for potential security issues", confidence: 0.9, pattern_type: :hardcoded_secret}
18:48:59.599 [debug] Match confidence: 0.1848, min_confidence: 0.7, match: %{type: "js-hardcoded-secret-api-key", context: %{node_type: "VariableDeclarator", depth: 6, parent_type: "VariableDeclaration", in_function: "complexFunction3"}, location: %{depth: 6, end_column: 16, end_line: 3, start_line: 3, start_column: 11}, severity: "high", pattern_id: "js-hardcoded-secret-api-key", pattern_name: "Hardcoded API Key", recommendation: "Review this code for potential security issues", confidence: 0.9, pattern_type: :hardcoded_secret}
18:48:59.600 [debug] Match confidence: 0.15014999999999998, min_confidence: 0.7, match: %{type: "js-open-redirect", context: %{node_type: "CallExpression", depth: 7, parent_type: "ExpressionStatement", in_function: "complexFunction3"}, location: %{depth: 7, end_column: 32, end_line: 4, start_line: 4, start_column: 4}, severity: "medium", pattern_id: "js-open-redirect", pattern_name: "Open Redirect Vulnerability", recommendation: "Review this code for potential security issues", confidence: 0.7, pattern_type: :open_redirect}
18:48:59.600 [debug] Match confidence: 0.15014999999999998, min_confidence: 0.7, match: %{type: "js-open-redirect", context: %{node_type: "CallExpression", depth: 9, parent_type: "BinaryExpression", in_function: "complexFunction3"}, location: %{depth: 9, end_column: 27, end_line: 4, start_line: 4, start_column: 14}, severity: "medium", pattern_id: "js-open-redirect", pattern_name: "Open Redirect Vulnerability", recommendation: "Review this code for potential security issues", confidence: 0.7, pattern_type: :open_redirect}
18:48:59.600 [debug] Match confidence: 0.15014999999999998, min_confidence: 0.7, match: %{type: "js-open-redirect", context: %{node_type: "CallExpression", depth: 5, parent_type: "ReturnStatement", in_function: "complexFunction3"}, location: %{depth: 5, end_column: 40, end_line: 6, start_line: 6, start_column: 9}, severity: "medium", pattern_id: "js-open-redirect", pattern_name: "Open Redirect Vulnerability", recommendation: "Review this code for potential security issues", confidence: 0.7, pattern_type: :open_redirect}
18:48:59.600 [debug] Match confidence: 0.15014999999999998, min_confidence: 0.7, match: %{type: "js-insecure-random", context: %{node_type: "CallExpression", depth: 7, parent_type: "ExpressionStatement", in_function: "complexFunction3"}, location: %{depth: 7, end_column: 32, end_line: 4, start_line: 4, start_column: 4}, severity: "medium", pattern_id: "js-insecure-random", pattern_name: "Insecure Random Number Generation", recommendation: "Review this code for potential security issues", confidence: 0.7, pattern_type: :insecure_random}
18:48:59.601 [debug] Match confidence: 0.15014999999999998, min_confidence: 0.7, match: %{type: "js-insecure-random", context: %{node_type: "CallExpression", depth: 9, parent_type: "BinaryExpression", in_function: "complexFunction3"}, location: %{depth: 9, end_column: 27, end_line: 4, start_line: 4, start_column: 14}, severity: "medium", pattern_id: "js-insecure-random", pattern_name: "Insecure Random Number Generation", recommendation: "Review this code for potential security issues", confidence: 0.7, pattern_type: :insecure_random}
18:48:59.601 [debug] Match confidence: 0.15014999999999998, min_confidence: 0.7, match: %{type: "js-insecure-random", context: %{node_type: "CallExpression", depth: 5, parent_type: "ReturnStatement", in_function: "complexFunction3"}, location: %{depth: 5, end_column: 40, end_line: 6, start_line: 6, start_column: 9}, severity: "medium", pattern_id: "js-insecure-random", pattern_name: "Insecure Random Number Generation", recommendation: "Review this code for potential security issues", confidence: 0.7, pattern_type: :insecure_random}
18:48:59.601 [debug] Match confidence: 0.11602499999999999, min_confidence: 0.7, match: %{type: "js-nosql-injection", context: %{node_type: "CallExpression", depth: 7, parent_type: "ExpressionStatement", in_function: "complexFunction3"}, location: %{depth: 7, end_column: 32, end_line: 4, start_line: 4, start_column: 4}, severity: "high", pattern_id: "js-nosql-injection", pattern_name: "NoSQL Injection", recommendation: "Review this code for potential security issues", confidence: 0.85, pattern_type: :nosql_injection}
18:48:59.601 [debug] Match confidence: 0.11602499999999999, min_confidence: 0.7, match: %{type: "js-nosql-injection", context: %{node_type: "CallExpression", depth: 9, parent_type: "BinaryExpression", in_function: "complexFunction3"}, location: %{depth: 9, end_column: 27, end_line: 4, start_line: 4, start_column: 14}, severity: "high", pattern_id: "js-nosql-injection", pattern_name: "NoSQL Injection", recommendation: "Review this code for potential security issues", confidence: 0.85, pattern_type: :nosql_injection}
18:48:59.601 [debug] Match confidence: 0.11602499999999999, min_confidence: 0.7, match: %{type: "js-nosql-injection", context: %{node_type: "CallExpression", depth: 5, parent_type: "ReturnStatement", in_function: "complexFunction3"}, location: %{depth: 5, end_column: 40, end_line: 6, start_line: 6, start_column: 9}, severity: "high", pattern_id: "js-nosql-injection", pattern_name: "NoSQL Injection", recommendation: "Review this code for potential security issues", confidence: 0.85, pattern_type: :nosql_injection}
18:48:59.601 [debug] Match confidence: 0.11602499999999999, min_confidence: 0.7, match: %{type: "js-ldap-injection", context: %{node_type: "CallExpression", depth: 7, parent_type: "ExpressionStatement", in_function: "complexFunction3"}, location: %{depth: 7, end_column: 32, end_line: 4, start_line: 4, start_column: 4}, severity: "high", pattern_id: "js-ldap-injection", pattern_name: "LDAP Injection", recommendation: "Review this code for potential security issues", confidence: 0.85, pattern_type: :ldap_injection}
18:48:59.601 [debug] Match confidence: 0.11602499999999999, min_confidence: 0.7, match: %{type: "js-ldap-injection", context: %{node_type: "CallExpression", depth: 9, parent_type: "BinaryExpression", in_function: "complexFunction3"}, location: %{depth: 9, end_column: 27, end_line: 4, start_line: 4, start_column: 14}, severity: "high", pattern_id: "js-ldap-injection", pattern_name: "LDAP Injection", recommendation: "Review this code for potential security issues", confidence: 0.85, pattern_type: :ldap_injection}
18:48:59.601 [debug] Match confidence: 0.11602499999999999, min_confidence: 0.7, match: %{type: "js-ldap-injection", context: %{node_type: "CallExpression", depth: 5, parent_type: "ReturnStatement", in_function: "complexFunction3"}, location: %{depth: 5, end_column: 40, end_line: 6, start_line: 6, start_column: 9}, severity: "high", pattern_id: "js-ldap-injection", pattern_name: "LDAP Injection", recommendation: "Review this code for potential security issues", confidence: 0.85, pattern_type: :ldap_injection}
18:48:59.601 [debug] Match confidence: 0.11602499999999999, min_confidence: 0.7, match: %{type: "js-xpath-injection", context: %{node_type: "CallExpression", depth: 7, parent_type: "ExpressionStatement", in_function: "complexFunction3"}, location: %{depth: 7, end_column: 32, end_line: 4, start_line: 4, start_column: 4}, severity: "high", pattern_id: "js-xpath-injection", pattern_name: "XPath Injection", recommendation: "Review this code for potential security issues", confidence: 0.85, pattern_type: :xpath_injection}
18:48:59.601 [debug] Match confidence: 0.11602499999999999, min_confidence: 0.7, match: %{type: "js-xpath-injection", context: %{node_type: "CallExpression", depth: 9, parent_type: "BinaryExpression", in_function: "complexFunction3"}, location: %{depth: 9, end_column: 27, end_line: 4, start_line: 4, start_column: 14}, severity: "high", pattern_id: "js-xpath-injection", pattern_name: "XPath Injection", recommendation: "Review this code for potential security issues", confidence: 0.85, pattern_type: :xpath_injection}
18:48:59.601 [debug] Match confidence: 0.11602499999999999, min_confidence: 0.7, match: %{type: "js-xpath-injection", context: %{node_type: "CallExpression", depth: 5, parent_type: "ReturnStatement", in_function: "complexFunction3"}, location: %{depth: 5, end_column: 40, end_line: 6, start_line: 6, start_column: 9}, severity: "high", pattern_id: "js-xpath-injection", pattern_name: "XPath Injection", recommendation: "Review this code for potential security issues", confidence: 0.85, pattern_type: :xpath_injection}
18:48:59.601 [debug] Match confidence: 0.15014999999999998, min_confidence: 0.7, match: %{type: "js-ssrf", context: %{node_type: "CallExpression", depth: 7, parent_type: "ExpressionStatement", in_function: "complexFunction3"}, location: %{depth: 7, end_column: 32, end_line: 4, start_line: 4, start_column: 4}, severity: "medium", pattern_id: "js-ssrf", pattern_name: "Server-Side Request Forgery (SSRF)", recommendation: "Review this code for potential security issues", confidence: 0.7, pattern_type: :ssrf}
18:48:59.601 [debug] Match confidence: 0.15014999999999998, min_confidence: 0.7, match: %{type: "js-ssrf", context: %{node_type: "CallExpression", depth: 9, parent_type: "BinaryExpression", in_function: "complexFunction3"}, location: %{depth: 9, end_column: 27, end_line: 4, start_line: 4, start_column: 14}, severity: "medium", pattern_id: "js-ssrf", pattern_name: "Server-Side Request Forgery (SSRF)", recommendation: "Review this code for potential security issues", confidence: 0.7, pattern_type: :ssrf}
18:48:59.601 [debug] Match confidence: 0.15014999999999998, min_confidence: 0.7, match: %{type: "js-ssrf", context: %{node_type: "CallExpression", depth: 5, parent_type: "ReturnStatement", in_function: "complexFunction3"}, location: %{depth: 5, end_column: 40, end_line: 6, start_line: 6, start_column: 9}, severity: "medium", pattern_id: "js-ssrf", pattern_name: "Server-Side Request Forgery (SSRF)", recommendation: "Review this code for potential security issues", confidence: 0.7, pattern_type: :ssrf}
18:48:59.601 [debug] Match confidence: 0.15014999999999998, min_confidence: 0.7, match: %{type: "js-insecure-deserialization", context: %{node_type: "CallExpression", depth: 7, parent_type: "ExpressionStatement", in_function: "complexFunction3"}, location: %{depth: 7, end_column: 32, end_line: 4, start_line: 4, start_column: 4}, severity: "medium", pattern_id: "js-insecure-deserialization", pattern_name: "Insecure Deserialization", recommendation: "Review this code for potential security issues", confidence: 0.7, pattern_type: :deserialization}
18:48:59.601 [debug] Match confidence: 0.15014999999999998, min_confidence: 0.7, match: %{type: "js-insecure-deserialization", context: %{node_type: "CallExpression", depth: 9, parent_type: "BinaryExpression", in_function: "complexFunction3"}, location: %{depth: 9, end_column: 27, end_line: 4, start_line: 4, start_column: 14}, severity: "medium", pattern_id: "js-insecure-deserialization", pattern_name: "Insecure Deserialization", recommendation: "Review this code for potential security issues", confidence: 0.7, pattern_type: :deserialization}
18:48:59.601 [debug] Match confidence: 0.15014999999999998, min_confidence: 0.7, match: %{type: "js-insecure-deserialization", context: %{node_type: "CallExpression", depth: 5, parent_type: "ReturnStatement", in_function: "complexFunction3"}, location: %{depth: 5, end_column: 40, end_line: 6, start_line: 6, start_column: 9}, severity: "medium", pattern_id: "js-insecure-deserialization", pattern_name: "Insecure Deserialization", recommendation: "Review this code for potential security issues", confidence: 0.7, pattern_type: :deserialization}
18:48:59.601 [debug] Match confidence: 0.15014999999999998, min_confidence: 0.7, match: %{type: "js-jwt-none-algorithm", context: %{node_type: "CallExpression", depth: 7, parent_type: "ExpressionStatement", in_function: "complexFunction3"}, location: %{depth: 7, end_column: 32, end_line: 4, start_line: 4, start_column: 4}, severity: "medium", pattern_id: "js-jwt-none-algorithm", pattern_name: "JWT None Algorithm Vulnerability", recommendation: "Review this code for potential security issues", confidence: 0.7, pattern_type: :authentication}
18:48:59.601 [debug] Match confidence: 0.15014999999999998, min_confidence: 0.7, match: %{type: "js-jwt-none-algorithm", context: %{node_type: "CallExpression", depth: 9, parent_type: "BinaryExpression", in_function: "complexFunction3"}, location: %{depth: 9, end_column: 27, end_line: 4, start_line: 4, start_column: 14}, severity: "medium", pattern_id: "js-jwt-none-algorithm", pattern_name: "JWT None Algorithm Vulnerability", recommendation: "Review this code for potential security issues", confidence: 0.7, pattern_type: :authentication}
18:48:59.601 [debug] Match confidence: 0.15014999999999998, min_confidence: 0.7, match: %{type: "js-jwt-none-algorithm", context: %{node_type: "CallExpression", depth: 5, parent_type: "ReturnStatement", in_function: "complexFunction3"}, location: %{depth: 5, end_column: 40, end_line: 6, start_line: 6, start_column: 9}, severity: "medium", pattern_id: "js-jwt-none-algorithm", pattern_name: "JWT None Algorithm Vulnerability", recommendation: "Review this code for potential security issues", confidence: 0.7, pattern_type: :authentication}
18:48:59.601 [debug] Match confidence: 0.15014999999999998, min_confidence: 0.7, match: %{type: "js-debug-console-log", context: %{node_type: "CallExpression", depth: 7, parent_type: "ExpressionStatement", in_function: "complexFunction3"}, location: %{depth: 7, end_column: 32, end_line: 4, start_line: 4, start_column: 4}, severity: "medium", pattern_id: "js-debug-console-log", pattern_name: "Sensitive Data in Console Logs", recommendation: "Review this code for potential security issues", confidence: 0.7, pattern_type: :information_disclosure}
18:48:59.601 [debug] Match confidence: 0.15014999999999998, min_confidence: 0.7, match: %{type: "js-debug-console-log", context: %{node_type: "CallExpression", depth: 9, parent_type: "BinaryExpression", in_function: "complexFunction3"}, location: %{depth: 9, end_column: 27, end_line: 4, start_line: 4, start_column: 14}, severity: "medium", pattern_id: "js-debug-console-log", pattern_name: "Sensitive Data in Console Logs", recommendation: "Review this code for potential security issues", confidence: 0.7, pattern_type: :information_disclosure}
18:48:59.601 [debug] Match confidence: 0.15014999999999998, min_confidence: 0.7, match: %{type: "js-debug-console-log", context: %{node_type: "CallExpression", depth: 5, parent_type: "ReturnStatement", in_function: "complexFunction3"}, location: %{depth: 5, end_column: 40, end_line: 6, start_line: 6, start_column: 9}, severity: "medium", pattern_id: "js-debug-console-log", pattern_name: "Sensitive Data in Console Logs", recommendation: "Review this code for potential security issues", confidence: 0.7, pattern_type: :information_disclosure}
18:48:59.741 [debug] Parser response received
18:48:59.742 [info] AnalysisService: Loaded 30 patterns for javascript
18:48:59.750 [info] AnalysisService: Found 47 matches
18:48:59.752 [debug] Match confidence: 0.15435, min_confidence: 0.7, match: %{type: "js-xss-document-write", context: %{node_type: "CallExpression", depth: 7, parent_type: "ExpressionStatement", in_function: "complexFunction4"}, location: %{depth: 7, end_column: 32, end_line: 4, start_line: 4, start_column: 4}, severity: "high", pattern_id: "js-xss-document-write", pattern_name: "Cross-Site Scripting (XSS) via document.write", recommendation: "Review this code for potential security issues", confidence: 0.85, pattern_type: :xss}
18:48:59.753 [debug] Match confidence: 0.15435, min_confidence: 0.7, match: %{type: "js-xss-document-write", context: %{node_type: "CallExpression", depth: 9, parent_type: "BinaryExpression", in_function: "complexFunction4"}, location: %{depth: 9, end_column: 27, end_line: 4, start_line: 4, start_column: 14}, severity: "high", pattern_id: "js-xss-document-write", pattern_name: "Cross-Site Scripting (XSS) via document.write", recommendation: "Review this code for potential security issues", confidence: 0.85, pattern_type: :xss}
18:48:59.755 [debug] Match confidence: 0.15435, min_confidence: 0.7, match: %{type: "js-xss-document-write", context: %{node_type: "CallExpression", depth: 5, parent_type: "ReturnStatement", in_function: "complexFunction4"}, location: %{depth: 5, end_column: 40, end_line: 6, start_line: 6, start_column: 9}, severity: "high", pattern_id: "js-xss-document-write", pattern_name: "Cross-Site Scripting (XSS) via document.write", recommendation: "Review this code for potential security issues", confidence: 0.85, pattern_type: :xss}
18:48:59.756 [debug] Match confidence: 0.15435, min_confidence: 0.7, match: %{type: "js-xss-jquery-html", context: %{node_type: "CallExpression", depth: 7, parent_type: "ExpressionStatement", in_function: "complexFunction4"}, location: %{depth: 7, end_column: 32, end_line: 4, start_line: 4, start_column: 4}, severity: "high", pattern_id: "js-xss-jquery-html", pattern_name: "XSS via jQuery html()", recommendation: "Review this code for potential security issues", confidence: 0.85, pattern_type: :xss}
18:48:59.756 [debug] Match confidence: 0.15435, min_confidence: 0.7, match: %{type: "js-xss-jquery-html", context: %{node_type: "CallExpression", depth: 9, parent_type: "BinaryExpression", in_function: "complexFunction4"}, location: %{depth: 9, end_column: 27, end_line: 4, start_line: 4, start_column: 14}, severity: "high", pattern_id: "js-xss-jquery-html", pattern_name: "XSS via jQuery html()", recommendation: "Review this code for potential security issues", confidence: 0.85, pattern_type: :xss}
18:48:59.756 [debug] Match confidence: 0.15435, min_confidence: 0.7, match: %{type: "js-xss-jquery-html", context: %{node_type: "CallExpression", depth: 5, parent_type: "ReturnStatement", in_function: "complexFunction4"}, location: %{depth: 5, end_column: 40, end_line: 6, start_line: 6, start_column: 9}, severity: "high", pattern_id: "js-xss-jquery-html", pattern_name: "XSS via jQuery html()", recommendation: "Review this code for potential security issues", confidence: 0.85, pattern_type: :xss}
18:48:59.756 [debug] Match confidence: 0.15014999999999998, min_confidence: 0.7, match: %{type: "js-path-traversal-join", context: %{node_type: "CallExpression", depth: 7, parent_type: "ExpressionStatement", in_function: "complexFunction4"}, location: %{depth: 7, end_column: 32, end_line: 4, start_line: 4, start_column: 4}, severity: "medium", pattern_id: "js-path-traversal-join", pattern_name: "Path Traversal via path.join", recommendation: "Review this code for potential security issues", confidence: 0.7, pattern_type: :path_traversal}
18:48:59.756 [debug] Match confidence: 0.15014999999999998, min_confidence: 0.7, match: %{type: "js-path-traversal-join", context: %{node_type: "CallExpression", depth: 9, parent_type: "BinaryExpression", in_function: "complexFunction4"}, location: %{depth: 9, end_column: 27, end_line: 4, start_line: 4, start_column: 14}, severity: "medium", pattern_id: "js-path-traversal-join", pattern_name: "Path Traversal via path.join", recommendation: "Review this code for potential security issues", confidence: 0.7, pattern_type: :path_traversal}
18:48:59.757 [debug] Match confidence: 0.15014999999999998, min_confidence: 0.7, match: %{type: "js-path-traversal-join", context: %{node_type: "CallExpression", depth: 5, parent_type: "ReturnStatement", in_function: "complexFunction4"}, location: %{depth: 5, end_column: 40, end_line: 6, start_line: 6, start_column: 9}, severity: "medium", pattern_id: "js-path-traversal-join", pattern_name: "Path Traversal via path.join", recommendation: "Review this code for potential security issues", confidence: 0.7, pattern_type: :path_traversal}
18:48:59.757 [debug] Match confidence: 0.15014999999999998, min_confidence: 0.7, match: %{type: "js-path-traversal-concat", context: %{node_type: "BinaryExpression", depth: 7, parent_type: "ArrowFunctionExpression", in_function: "complexFunction4"}, location: %{depth: 7, end_column: 36, end_line: 6, start_line: 6, start_column: 31}, severity: "medium", pattern_id: "js-path-traversal-concat", pattern_name: "Path Traversal via String Concatenation", recommendation: "Review this code for potential security issues", confidence: 0.7, pattern_type: :path_traversal}
18:48:59.757 [debug] Match confidence: 0.15014999999999998, min_confidence: 0.7, match: %{type: "js-weak-crypto-md5", context: %{node_type: "CallExpression", depth: 7, parent_type: "ExpressionStatement", in_function: "complexFunction4"}, location: %{depth: 7, end_column: 32, end_line: 4, start_line: 4, start_column: 4}, severity: "medium", pattern_id: "js-weak-crypto-md5", pattern_name: "Weak Cryptography - MD5", recommendation: "Review this code for potential security issues", confidence: 0.7, pattern_type: :weak_crypto}
18:48:59.757 [debug] Match confidence: 0.15014999999999998, min_confidence: 0.7, match: %{type: "js-weak-crypto-md5", context: %{node_type: "CallExpression", depth: 9, parent_type: "BinaryExpression", in_function: "complexFunction4"}, location: %{depth: 9, end_column: 27, end_line: 4, start_line: 4, start_column: 14}, severity: "medium", pattern_id: "js-weak-crypto-md5", pattern_name: "Weak Cryptography - MD5", recommendation: "Review this code for potential security issues", confidence: 0.7, pattern_type: :weak_crypto}
18:48:59.757 [debug] Match confidence: 0.15014999999999998, min_confidence: 0.7, match: %{type: "js-weak-crypto-md5", context: %{node_type: "CallExpression", depth: 5, parent_type: "ReturnStatement", in_function: "complexFunction4"}, location: %{depth: 5, end_column: 40, end_line: 6, start_line: 6, start_column: 9}, severity: "medium", pattern_id: "js-weak-crypto-md5", pattern_name: "Weak Cryptography - MD5", recommendation: "Review this code for potential security issues", confidence: 0.7, pattern_type: :weak_crypto}
18:48:59.757 [debug] Match confidence: 0.15014999999999998, min_confidence: 0.7, match: %{type: "js-weak-crypto-sha1", context: %{node_type: "CallExpression", depth: 7, parent_type: "ExpressionStatement", in_function: "complexFunction4"}, location: %{depth: 7, end_column: 32, end_line: 4, start_line: 4, start_column: 4}, severity: "medium", pattern_id: "js-weak-crypto-sha1", pattern_name: "Weak Cryptography - SHA1", recommendation: "Review this code for potential security issues", confidence: 0.7, pattern_type: :weak_crypto}
18:48:59.757 [debug] Match confidence: 0.15014999999999998, min_confidence: 0.7, match: %{type: "js-weak-crypto-sha1", context: %{node_type: "CallExpression", depth: 9, parent_type: "BinaryExpression", in_function: "complexFunction4"}, location: %{depth: 9, end_column: 27, end_line: 4, start_line: 4, start_column: 14}, severity: "medium", pattern_id: "js-weak-crypto-sha1", pattern_name: "Weak Cryptography - SHA1", recommendation: "Review this code for potential security issues", confidence: 0.7, pattern_type: :weak_crypto}
18:48:59.757 [debug] Match confidence: 0.15014999999999998, min_confidence: 0.7, match: %{type: "js-weak-crypto-sha1", context: %{node_type: "CallExpression", depth: 5, parent_type: "ReturnStatement", in_function: "complexFunction4"}, location: %{depth: 5, end_column: 40, end_line: 6, start_line: 6, start_column: 9}, severity: "medium", pattern_id: "js-weak-crypto-sha1", pattern_name: "Weak Cryptography - SHA1", recommendation: "Review this code for potential security issues", confidence: 0.7, pattern_type: :weak_crypto}
18:48:59.757 [debug] Match confidence: 0.1848, min_confidence: 0.7, match: %{type: "js-hardcoded-secret-password", context: %{node_type: "VariableDeclarator", depth: 5, parent_type: "VariableDeclaration", in_function: "complexFunction4"}, location: %{depth: 5, end_column: 15, end_line: 2, start_line: 2, start_column: 6}, severity: "high", pattern_id: "js-hardcoded-secret-password", pattern_name: "Hardcoded Password", recommendation: "Review this code for potential security issues", confidence: 0.9, pattern_type: :hardcoded_secret}
18:48:59.757 [debug] Match confidence: 0.1848, min_confidence: 0.7, match: %{type: "js-hardcoded-secret-password", context: %{node_type: "VariableDeclarator", depth: 6, parent_type: "VariableDeclaration", in_function: "complexFunction4"}, location: %{depth: 6, end_column: 16, end_line: 3, start_line: 3, start_column: 11}, severity: "high", pattern_id: "js-hardcoded-secret-password", pattern_name: "Hardcoded Password", recommendation: "Review this code for potential security issues", confidence: 0.9, pattern_type: :hardcoded_secret}
18:48:59.757 [debug] Match confidence: 0.1848, min_confidence: 0.7, match: %{type: "js-hardcoded-secret-api-key", context: %{node_type: "VariableDeclarator", depth: 5, parent_type: "VariableDeclaration", in_function: "complexFunction4"}, location: %{depth: 5, end_column: 15, end_line: 2, start_line: 2, start_column: 6}, severity: "high", pattern_id: "js-hardcoded-secret-api-key", pattern_name: "Hardcoded API Key", recommendation: "Review this code for potential security issues", confidence: 0.9, pattern_type: :hardcoded_secret}
18:48:59.757 [debug] Match confidence: 0.1848, min_confidence: 0.7, match: %{type: "js-hardcoded-secret-api-key", context: %{node_type: "VariableDeclarator", depth: 6, parent_type: "VariableDeclaration", in_function: "complexFunction4"}, location: %{depth: 6, end_column: 16, end_line: 3, start_line: 3, start_column: 11}, severity: "high", pattern_id: "js-hardcoded-secret-api-key", pattern_name: "Hardcoded API Key", recommendation: "Review this code for potential security issues", confidence: 0.9, pattern_type: :hardcoded_secret}
18:48:59.757 [debug] Match confidence: 0.15014999999999998, min_confidence: 0.7, match: %{type: "js-open-redirect", context: %{node_type: "CallExpression", depth: 7, parent_type: "ExpressionStatement", in_function: "complexFunction4"}, location: %{depth: 7, end_column: 32, end_line: 4, start_line: 4, start_column: 4}, severity: "medium", pattern_id: "js-open-redirect", pattern_name: "Open Redirect Vulnerability", recommendation: "Review this code for potential security issues", confidence: 0.7, pattern_type: :open_redirect}
18:48:59.757 [debug] Match confidence: 0.15014999999999998, min_confidence: 0.7, match: %{type: "js-open-redirect", context: %{node_type: "CallExpression", depth: 9, parent_type: "BinaryExpression", in_function: "complexFunction4"}, location: %{depth: 9, end_column: 27, end_line: 4, start_line: 4, start_column: 14}, severity: "medium", pattern_id: "js-open-redirect", pattern_name: "Open Redirect Vulnerability", recommendation: "Review this code for potential security issues", confidence: 0.7, pattern_type: :open_redirect}
18:48:59.757 [debug] Match confidence: 0.15014999999999998, min_confidence: 0.7, match: %{type: "js-open-redirect", context: %{node_type: "CallExpression", depth: 5, parent_type: "ReturnStatement", in_function: "complexFunction4"}, location: %{depth: 5, end_column: 40, end_line: 6, start_line: 6, start_column: 9}, severity: "medium", pattern_id: "js-open-redirect", pattern_name: "Open Redirect Vulnerability", recommendation: "Review this code for potential security issues", confidence: 0.7, pattern_type: :open_redirect}
18:48:59.758 [debug] Match confidence: 0.15014999999999998, min_confidence: 0.7, match: %{type: "js-insecure-random", context: %{node_type: "CallExpression", depth: 7, parent_type: "ExpressionStatement", in_function: "complexFunction4"}, location: %{depth: 7, end_column: 32, end_line: 4, start_line: 4, start_column: 4}, severity: "medium", pattern_id: "js-insecure-random", pattern_name: "Insecure Random Number Generation", recommendation: "Review this code for potential security issues", confidence: 0.7, pattern_type: :insecure_random}
18:48:59.758 [debug] Match confidence: 0.15014999999999998, min_confidence: 0.7, match: %{type: "js-insecure-random", context: %{node_type: "CallExpression", depth: 9, parent_type: "BinaryExpression", in_function: "complexFunction4"}, location: %{depth: 9, end_column: 27, end_line: 4, start_line: 4, start_column: 14}, severity: "medium", pattern_id: "js-insecure-random", pattern_name: "Insecure Random Number Generation", recommendation: "Review this code for potential security issues", confidence: 0.7, pattern_type: :insecure_random}
18:48:59.758 [debug] Match confidence: 0.15014999999999998, min_confidence: 0.7, match: %{type: "js-insecure-random", context: %{node_type: "CallExpression", depth: 5, parent_type: "ReturnStatement", in_function: "complexFunction4"}, location: %{depth: 5, end_column: 40, end_line: 6, start_line: 6, start_column: 9}, severity: "medium", pattern_id: "js-insecure-random", pattern_name: "Insecure Random Number Generation", recommendation: "Review this code for potential security issues", confidence: 0.7, pattern_type: :insecure_random}
18:48:59.758 [debug] Match confidence: 0.11602499999999999, min_confidence: 0.7, match: %{type: "js-nosql-injection", context: %{node_type: "CallExpression", depth: 7, parent_type: "ExpressionStatement", in_function: "complexFunction4"}, location: %{depth: 7, end_column: 32, end_line: 4, start_line: 4, start_column: 4}, severity: "high", pattern_id: "js-nosql-injection", pattern_name: "NoSQL Injection", recommendation: "Review this code for potential security issues", confidence: 0.85, pattern_type: :nosql_injection}
18:48:59.758 [debug] Match confidence: 0.11602499999999999, min_confidence: 0.7, match: %{type: "js-nosql-injection", context: %{node_type: "CallExpression", depth: 9, parent_type: "BinaryExpression", in_function: "complexFunction4"}, location: %{depth: 9, end_column: 27, end_line: 4, start_line: 4, start_column: 14}, severity: "high", pattern_id: "js-nosql-injection", pattern_name: "NoSQL Injection", recommendation: "Review this code for potential security issues", confidence: 0.85, pattern_type: :nosql_injection}
18:48:59.758 [debug] Match confidence: 0.11602499999999999, min_confidence: 0.7, match: %{type: "js-nosql-injection", context: %{node_type: "CallExpression", depth: 5, parent_type: "ReturnStatement", in_function: "complexFunction4"}, location: %{depth: 5, end_column: 40, end_line: 6, start_line: 6, start_column: 9}, severity: "high", pattern_id: "js-nosql-injection", pattern_name: "NoSQL Injection", recommendation: "Review this code for potential security issues", confidence: 0.85, pattern_type: :nosql_injection}
18:48:59.758 [debug] Match confidence: 0.11602499999999999, min_confidence: 0.7, match: %{type: "js-ldap-injection", context: %{node_type: "CallExpression", depth: 7, parent_type: "ExpressionStatement", in_function: "complexFunction4"}, location: %{depth: 7, end_column: 32, end_line: 4, start_line: 4, start_column: 4}, severity: "high", pattern_id: "js-ldap-injection", pattern_name: "LDAP Injection", recommendation: "Review this code for potential security issues", confidence: 0.85, pattern_type: :ldap_injection}
18:48:59.758 [debug] Match confidence: 0.11602499999999999, min_confidence: 0.7, match: %{type: "js-ldap-injection", context: %{node_type: "CallExpression", depth: 9, parent_type: "BinaryExpression", in_function: "complexFunction4"}, location: %{depth: 9, end_column: 27, end_line: 4, start_line: 4, start_column: 14}, severity: "high", pattern_id: "js-ldap-injection", pattern_name: "LDAP Injection", recommendation: "Review this code for potential security issues", confidence: 0.85, pattern_type: :ldap_injection}
18:48:59.758 [debug] Match confidence: 0.11602499999999999, min_confidence: 0.7, match: %{type: "js-ldap-injection", context: %{node_type: "CallExpression", depth: 5, parent_type: "ReturnStatement", in_function: "complexFunction4"}, location: %{depth: 5, end_column: 40, end_line: 6, start_line: 6, start_column: 9}, severity: "high", pattern_id: "js-ldap-injection", pattern_name: "LDAP Injection", recommendation: "Review this code for potential security issues", confidence: 0.85, pattern_type: :ldap_injection}
18:48:59.758 [debug] Match confidence: 0.11602499999999999, min_confidence: 0.7, match: %{type: "js-xpath-injection", context: %{node_type: "CallExpression", depth: 7, parent_type: "ExpressionStatement", in_function: "complexFunction4"}, location: %{depth: 7, end_column: 32, end_line: 4, start_line: 4, start_column: 4}, severity: "high", pattern_id: "js-xpath-injection", pattern_name: "XPath Injection", recommendation: "Review this code for potential security issues", confidence: 0.85, pattern_type: :xpath_injection}
18:48:59.758 [debug] Match confidence: 0.11602499999999999, min_confidence: 0.7, match: %{type: "js-xpath-injection", context: %{node_type: "CallExpression", depth: 9, parent_type: "BinaryExpression", in_function: "complexFunction4"}, location: %{depth: 9, end_column: 27, end_line: 4, start_line: 4, start_column: 14}, severity: "high", pattern_id: "js-xpath-injection", pattern_name: "XPath Injection", recommendation: "Review this code for potential security issues", confidence: 0.85, pattern_type: :xpath_injection}
18:48:59.758 [debug] Match confidence: 0.11602499999999999, min_confidence: 0.7, match: %{type: "js-xpath-injection", context: %{node_type: "CallExpression", depth: 5, parent_type: "ReturnStatement", in_function: "complexFunction4"}, location: %{depth: 5, end_column: 40, end_line: 6, start_line: 6, start_column: 9}, severity: "high", pattern_id: "js-xpath-injection", pattern_name: "XPath Injection", recommendation: "Review this code for potential security issues", confidence: 0.85, pattern_type: :xpath_injection}
18:48:59.758 [debug] Match confidence: 0.15014999999999998, min_confidence: 0.7, match: %{type: "js-ssrf", context: %{node_type: "CallExpression", depth: 7, parent_type: "ExpressionStatement", in_function: "complexFunction4"}, location: %{depth: 7, end_column: 32, end_line: 4, start_line: 4, start_column: 4}, severity: "medium", pattern_id: "js-ssrf", pattern_name: "Server-Side Request Forgery (SSRF)", recommendation: "Review this code for potential security issues", confidence: 0.7, pattern_type: :ssrf}
18:48:59.758 [debug] Match confidence: 0.15014999999999998, min_confidence: 0.7, match: %{type: "js-ssrf", context: %{node_type: "CallExpression", depth: 9, parent_type: "BinaryExpression", in_function: "complexFunction4"}, location: %{depth: 9, end_column: 27, end_line: 4, start_line: 4, start_column: 14}, severity: "medium", pattern_id: "js-ssrf", pattern_name: "Server-Side Request Forgery (SSRF)", recommendation: "Review this code for potential security issues", confidence: 0.7, pattern_type: :ssrf}
18:48:59.758 [debug] Match confidence: 0.15014999999999998, min_confidence: 0.7, match: %{type: "js-ssrf", context: %{node_type: "CallExpression", depth: 5, parent_type: "ReturnStatement", in_function: "complexFunction4"}, location: %{depth: 5, end_column: 40, end_line: 6, start_line: 6, start_column: 9}, severity: "medium", pattern_id: "js-ssrf", pattern_name: "Server-Side Request Forgery (SSRF)", recommendation: "Review this code for potential security issues", confidence: 0.7, pattern_type: :ssrf}
18:48:59.758 [debug] Match confidence: 0.15014999999999998, min_confidence: 0.7, match: %{type: "js-insecure-deserialization", context: %{node_type: "CallExpression", depth: 7, parent_type: "ExpressionStatement", in_function: "complexFunction4"}, location: %{depth: 7, end_column: 32, end_line: 4, start_line: 4, start_column: 4}, severity: "medium", pattern_id: "js-insecure-deserialization", pattern_name: "Insecure Deserialization", recommendation: "Review this code for potential security issues", confidence: 0.7, pattern_type: :deserialization}
18:48:59.758 [debug] Match confidence: 0.15014999999999998, min_confidence: 0.7, match: %{type: "js-insecure-deserialization", context: %{node_type: "CallExpression", depth: 9, parent_type: "BinaryExpression", in_function: "complexFunction4"}, location: %{depth: 9, end_column: 27, end_line: 4, start_line: 4, start_column: 14}, severity: "medium", pattern_id: "js-insecure-deserialization", pattern_name: "Insecure Deserialization", recommendation: "Review this code for potential security issues", confidence: 0.7, pattern_type: :deserialization}
18:48:59.758 [debug] Match confidence: 0.15014999999999998, min_confidence: 0.7, match: %{type: "js-insecure-deserialization", context: %{node_type: "CallExpression", depth: 5, parent_type: "ReturnStatement", in_function: "complexFunction4"}, location: %{depth: 5, end_column: 40, end_line: 6, start_line: 6, start_column: 9}, severity: "medium", pattern_id: "js-insecure-deserialization", pattern_name: "Insecure Deserialization", recommendation: "Review this code for potential security issues", confidence: 0.7, pattern_type: :deserialization}
18:48:59.758 [debug] Match confidence: 0.15014999999999998, min_confidence: 0.7, match: %{type: "js-jwt-none-algorithm", context: %{node_type: "CallExpression", depth: 7, parent_type: "ExpressionStatement", in_function: "complexFunction4"}, location: %{depth: 7, end_column: 32, end_line: 4, start_line: 4, start_column: 4}, severity: "medium", pattern_id: "js-jwt-none-algorithm", pattern_name: "JWT None Algorithm Vulnerability", recommendation: "Review this code for potential security issues", confidence: 0.7, pattern_type: :authentication}
18:48:59.758 [debug] Match confidence: 0.15014999999999998, min_confidence: 0.7, match: %{type: "js-jwt-none-algorithm", context: %{node_type: "CallExpression", depth: 9, parent_type: "BinaryExpression", in_function: "complexFunction4"}, location: %{depth: 9, end_column: 27, end_line: 4, start_line: 4, start_column: 14}, severity: "medium", pattern_id: "js-jwt-none-algorithm", pattern_name: "JWT None Algorithm Vulnerability", recommendation: "Review this code for potential security issues", confidence: 0.7, pattern_type: :authentication}
18:48:59.758 [debug] Match confidence: 0.15014999999999998, min_confidence: 0.7, match: %{type: "js-jwt-none-algorithm", context: %{node_type: "CallExpression", depth: 5, parent_type: "ReturnStatement", in_function: "complexFunction4"}, location: %{depth: 5, end_column: 40, end_line: 6, start_line: 6, start_column: 9}, severity: "medium", pattern_id: "js-jwt-none-algorithm", pattern_name: "JWT None Algorithm Vulnerability", recommendation: "Review this code for potential security issues", confidence: 0.7, pattern_type: :authentication}
18:48:59.758 [debug] Match confidence: 0.15014999999999998, min_confidence: 0.7, match: %{type: "js-debug-console-log", context: %{node_type: "CallExpression", depth: 7, parent_type: "ExpressionStatement", in_function: "complexFunction4"}, location: %{depth: 7, end_column: 32, end_line: 4, start_line: 4, start_column: 4}, severity: "medium", pattern_id: "js-debug-console-log", pattern_name: "Sensitive Data in Console Logs", recommendation: "Review this code for potential security issues", confidence: 0.7, pattern_type: :information_disclosure}
18:48:59.758 [debug] Match confidence: 0.15014999999999998, min_confidence: 0.7, match: %{type: "js-debug-console-log", context: %{node_type: "CallExpression", depth: 9, parent_type: "BinaryExpression", in_function: "complexFunction4"}, location: %{depth: 9, end_column: 27, end_line: 4, start_line: 4, start_column: 14}, severity: "medium", pattern_id: "js-debug-console-log", pattern_name: "Sensitive Data in Console Logs", recommendation: "Review this code for potential security issues", confidence: 0.7, pattern_type: :information_disclosure}
18:48:59.758 [debug] Match confidence: 0.15014999999999998, min_confidence: 0.7, match: %{type: "js-debug-console-log", context: %{node_type: "CallExpression", depth: 5, parent_type: "ReturnStatement", in_function: "complexFunction4"}, location: %{depth: 5, end_column: 40, end_line: 6, start_line: 6, start_column: 9}, severity: "medium", pattern_id: "js-debug-console-log", pattern_name: "Sensitive Data in Console Logs", recommendation: "Review this code for potential security issues", confidence: 0.7, pattern_type: :information_disclosure}
18:48:59.890 [debug] Parser response received
18:48:59.890 [info] AnalysisService: Loaded 30 patterns for javascript
18:48:59.900 [info] AnalysisService: Found 47 matches
18:48:59.901 [debug] Match confidence: 0.15435, min_confidence: 0.7, match: %{type: "js-xss-document-write", context: %{node_type: "CallExpression", depth: 7, parent_type: "ExpressionStatement", in_function: "complexFunction5"}, location: %{depth: 7, end_column: 32, end_line: 4, start_line: 4, start_column: 4}, severity: "high", pattern_id: "js-xss-document-write", pattern_name: "Cross-Site Scripting (XSS) via document.write", recommendation: "Review this code for potential security issues", confidence: 0.85, pattern_type: :xss}
18:48:59.901 [debug] Match confidence: 0.15435, min_confidence: 0.7, match: %{type: "js-xss-document-write", context: %{node_type: "CallExpression", depth: 9, parent_type: "BinaryExpression", in_function: "complexFunction5"}, location: %{depth: 9, end_column: 27, end_line: 4, start_line: 4, start_column: 14}, severity: "high", pattern_id: "js-xss-document-write", pattern_name: "Cross-Site Scripting (XSS) via document.write", recommendation: "Review this code for potential security issues", confidence: 0.85, pattern_type: :xss}
18:48:59.901 [debug] Match confidence: 0.15435, min_confidence: 0.7, match: %{type: "js-xss-document-write", context: %{node_type: "CallExpression", depth: 5, parent_type: "ReturnStatement", in_function: "complexFunction5"}, location: %{depth: 5, end_column: 40, end_line: 6, start_line: 6, start_column: 9}, severity: "high", pattern_id: "js-xss-document-write", pattern_name: "Cross-Site Scripting (XSS) via document.write", recommendation: "Review this code for potential security issues", confidence: 0.85, pattern_type: :xss}
18:48:59.901 [debug] Match confidence: 0.15435, min_confidence: 0.7, match: %{type: "js-xss-jquery-html", context: %{node_type: "CallExpression", depth: 7, parent_type: "ExpressionStatement", in_function: "complexFunction5"}, location: %{depth: 7, end_column: 32, end_line: 4, start_line: 4, start_column: 4}, severity: "high", pattern_id: "js-xss-jquery-html", pattern_name: "XSS via jQuery html()", recommendation: "Review this code for potential security issues", confidence: 0.85, pattern_type: :xss}
18:48:59.901 [debug] Match confidence: 0.15435, min_confidence: 0.7, match: %{type: "js-xss-jquery-html", context: %{node_type: "CallExpression", depth: 9, parent_type: "BinaryExpression", in_function: "complexFunction5"}, location: %{depth: 9, end_column: 27, end_line: 4, start_line: 4, start_column: 14}, severity: "high", pattern_id: "js-xss-jquery-html", pattern_name: "XSS via jQuery html()", recommendation: "Review this code for potential security issues", confidence: 0.85, pattern_type: :xss}
18:48:59.901 [debug] Match confidence: 0.15435, min_confidence: 0.7, match: %{type: "js-xss-jquery-html", context: %{node_type: "CallExpression", depth: 5, parent_type: "ReturnStatement", in_function: "complexFunction5"}, location: %{depth: 5, end_column: 40, end_line: 6, start_line: 6, start_column: 9}, severity: "high", pattern_id: "js-xss-jquery-html", pattern_name: "XSS via jQuery html()", recommendation: "Review this code for potential security issues", confidence: 0.85, pattern_type: :xss}
18:48:59.901 [debug] Match confidence: 0.15014999999999998, min_confidence: 0.7, match: %{type: "js-path-traversal-join", context: %{node_type: "CallExpression", depth: 7, parent_type: "ExpressionStatement", in_function: "complexFunction5"}, location: %{depth: 7, end_column: 32, end_line: 4, start_line: 4, start_column: 4}, severity: "medium", pattern_id: "js-path-traversal-join", pattern_name: "Path Traversal via path.join", recommendation: "Review this code for potential security issues", confidence: 0.7, pattern_type: :path_traversal}
18:48:59.901 [debug] Match confidence: 0.15014999999999998, min_confidence: 0.7, match: %{type: "js-path-traversal-join", context: %{node_type: "CallExpression", depth: 9, parent_type: "BinaryExpression", in_function: "complexFunction5"}, location: %{depth: 9, end_column: 27, end_line: 4, start_line: 4, start_column: 14}, severity: "medium", pattern_id: "js-path-traversal-join", pattern_name: "Path Traversal via path.join", recommendation: "Review this code for potential security issues", confidence: 0.7, pattern_type: :path_traversal}
18:48:59.901 [debug] Match confidence: 0.15014999999999998, min_confidence: 0.7, match: %{type: "js-path-traversal-join", context: %{node_type: "CallExpression", depth: 5, parent_type: "ReturnStatement", in_function: "complexFunction5"}, location: %{depth: 5, end_column: 40, end_line: 6, start_line: 6, start_column: 9}, severity: "medium", pattern_id: "js-path-traversal-join", pattern_name: "Path Traversal via path.join", recommendation: "Review this code for potential security issues", confidence: 0.7, pattern_type: :path_traversal}
18:48:59.901 [debug] Match confidence: 0.15014999999999998, min_confidence: 0.7, match: %{type: "js-path-traversal-concat", context: %{node_type: "BinaryExpression", depth: 7, parent_type: "ArrowFunctionExpression", in_function: "complexFunction5"}, location: %{depth: 7, end_column: 36, end_line: 6, start_line: 6, start_column: 31}, severity: "medium", pattern_id: "js-path-traversal-concat", pattern_name: "Path Traversal via String Concatenation", recommendation: "Review this code for potential security issues", confidence: 0.7, pattern_type: :path_traversal}
18:48:59.902 [debug] Match confidence: 0.15014999999999998, min_confidence: 0.7, match: %{type: "js-weak-crypto-md5", context: %{node_type: "CallExpression", depth: 7, parent_type: "ExpressionStatement", in_function: "complexFunction5"}, location: %{depth: 7, end_column: 32, end_line: 4, start_line: 4, start_column: 4}, severity: "medium", pattern_id: "js-weak-crypto-md5", pattern_name: "Weak Cryptography - MD5", recommendation: "Review this code for potential security issues", confidence: 0.7, pattern_type: :weak_crypto}
18:48:59.902 [debug] Match confidence: 0.15014999999999998, min_confidence: 0.7, match: %{type: "js-weak-crypto-md5", context: %{node_type: "CallExpression", depth: 9, parent_type: "BinaryExpression", in_function: "complexFunction5"}, location: %{depth: 9, end_column: 27, end_line: 4, start_line: 4, start_column: 14}, severity: "medium", pattern_id: "js-weak-crypto-md5", pattern_name: "Weak Cryptography - MD5", recommendation: "Review this code for potential security issues", confidence: 0.7, pattern_type: :weak_crypto}
18:48:59.903 [debug] Match confidence: 0.15014999999999998, min_confidence: 0.7, match: %{type: "js-weak-crypto-md5", context: %{node_type: "CallExpression", depth: 5, parent_type: "ReturnStatement", in_function: "complexFunction5"}, location: %{depth: 5, end_column: 40, end_line: 6, start_line: 6, start_column: 9}, severity: "medium", pattern_id: "js-weak-crypto-md5", pattern_name: "Weak Cryptography - MD5", recommendation: "Review this code for potential security issues", confidence: 0.7, pattern_type: :weak_crypto}
18:48:59.903 [debug] Match confidence: 0.15014999999999998, min_confidence: 0.7, match: %{type: "js-weak-crypto-sha1", context: %{node_type: "CallExpression", depth: 7, parent_type: "ExpressionStatement", in_function: "complexFunction5"}, location: %{depth: 7, end_column: 32, end_line: 4, start_line: 4, start_column: 4}, severity: "medium", pattern_id: "js-weak-crypto-sha1", pattern_name: "Weak Cryptography - SHA1", recommendation: "Review this code for potential security issues", confidence: 0.7, pattern_type: :weak_crypto}
18:48:59.903 [debug] Match confidence: 0.15014999999999998, min_confidence: 0.7, match: %{type: "js-weak-crypto-sha1", context: %{node_type: "CallExpression", depth: 9, parent_type: "BinaryExpression", in_function: "complexFunction5"}, location: %{depth: 9, end_column: 27, end_line: 4, start_line: 4, start_column: 14}, severity: "medium", pattern_id: "js-weak-crypto-sha1", pattern_name: "Weak Cryptography - SHA1", recommendation: "Review this code for potential security issues", confidence: 0.7, pattern_type: :weak_crypto}
18:48:59.903 [debug] Match confidence: 0.15014999999999998, min_confidence: 0.7, match: %{type: "js-weak-crypto-sha1", context: %{node_type: "CallExpression", depth: 5, parent_type: "ReturnStatement", in_function: "complexFunction5"}, location: %{depth: 5, end_column: 40, end_line: 6, start_line: 6, start_column: 9}, severity: "medium", pattern_id: "js-weak-crypto-sha1", pattern_name: "Weak Cryptography - SHA1", recommendation: "Review this code for potential security issues", confidence: 0.7, pattern_type: :weak_crypto}
18:48:59.903 [debug] Match confidence: 0.1848, min_confidence: 0.7, match: %{type: "js-hardcoded-secret-password", context: %{node_type: "VariableDeclarator", depth: 5, parent_type: "VariableDeclaration", in_function: "complexFunction5"}, location: %{depth: 5, end_column: 15, end_line: 2, start_line: 2, start_column: 6}, severity: "high", pattern_id: "js-hardcoded-secret-password", pattern_name: "Hardcoded Password", recommendation: "Review this code for potential security issues", confidence: 0.9, pattern_type: :hardcoded_secret}
18:48:59.903 [debug] Match confidence: 0.1848, min_confidence: 0.7, match: %{type: "js-hardcoded-secret-password", context: %{node_type: "VariableDeclarator", depth: 6, parent_type: "VariableDeclaration", in_function: "complexFunction5"}, location: %{depth: 6, end_column: 16, end_line: 3, start_line: 3, start_column: 11}, severity: "high", pattern_id: "js-hardcoded-secret-password", pattern_name: "Hardcoded Password", recommendation: "Review this code for potential security issues", confidence: 0.9, pattern_type: :hardcoded_secret}
18:48:59.903 [debug] Match confidence: 0.1848, min_confidence: 0.7, match: %{type: "js-hardcoded-secret-api-key", context: %{node_type: "VariableDeclarator", depth: 5, parent_type: "VariableDeclaration", in_function: "complexFunction5"}, location: %{depth: 5, end_column: 15, end_line: 2, start_line: 2, start_column: 6}, severity: "high", pattern_id: "js-hardcoded-secret-api-key", pattern_name: "Hardcoded API Key", recommendation: "Review this code for potential security issues", confidence: 0.9, pattern_type: :hardcoded_secret}
18:48:59.903 [debug] Match confidence: 0.1848, min_confidence: 0.7, match: %{type: "js-hardcoded-secret-api-key", context: %{node_type: "VariableDeclarator", depth: 6, parent_type: "VariableDeclaration", in_function: "complexFunction5"}, location: %{depth: 6, end_column: 16, end_line: 3, start_line: 3, start_column: 11}, severity: "high", pattern_id: "js-hardcoded-secret-api-key", pattern_name: "Hardcoded API Key", recommendation: "Review this code for potential security issues", confidence: 0.9, pattern_type: :hardcoded_secret}
18:48:59.903 [debug] Match confidence: 0.15014999999999998, min_confidence: 0.7, match: %{type: "js-open-redirect", context: %{node_type: "CallExpression", depth: 7, parent_type: "ExpressionStatement", in_function: "complexFunction5"}, location: %{depth: 7, end_column: 32, end_line: 4, start_line: 4, start_column: 4}, severity: "medium", pattern_id: "js-open-redirect", pattern_name: "Open Redirect Vulnerability", recommendation: "Review this code for potential security issues", confidence: 0.7, pattern_type: :open_redirect}
18:48:59.903 [debug] Match confidence: 0.15014999999999998, min_confidence: 0.7, match: %{type: "js-open-redirect", context: %{node_type: "CallExpression", depth: 9, parent_type: "BinaryExpression", in_function: "complexFunction5"}, location: %{depth: 9, end_column: 27, end_line: 4, start_line: 4, start_column: 14}, severity: "medium", pattern_id: "js-open-redirect", pattern_name: "Open Redirect Vulnerability", recommendation: "Review this code for potential security issues", confidence: 0.7, pattern_type: :open_redirect}
18:48:59.903 [debug] Match confidence: 0.15014999999999998, min_confidence: 0.7, match: %{type: "js-open-redirect", context: %{node_type: "CallExpression", depth: 5, parent_type: "ReturnStatement", in_function: "complexFunction5"}, location: %{depth: 5, end_column: 40, end_line: 6, start_line: 6, start_column: 9}, severity: "medium", pattern_id: "js-open-redirect", pattern_name: "Open Redirect Vulnerability", recommendation: "Review this code for potential security issues", confidence: 0.7, pattern_type: :open_redirect}
18:48:59.903 [debug] Match confidence: 0.15014999999999998, min_confidence: 0.7, match: %{type: "js-insecure-random", context: %{node_type: "CallExpression", depth: 7, parent_type: "ExpressionStatement", in_function: "complexFunction5"}, location: %{depth: 7, end_column: 32, end_line: 4, start_line: 4, start_column: 4}, severity: "medium", pattern_id: "js-insecure-random", pattern_name: "Insecure Random Number Generation", recommendation: "Review this code for potential security issues", confidence: 0.7, pattern_type: :insecure_random}
18:48:59.903 [debug] Match confidence: 0.15014999999999998, min_confidence: 0.7, match: %{type: "js-insecure-random", context: %{node_type: "CallExpression", depth: 9, parent_type: "BinaryExpression", in_function: "complexFunction5"}, location: %{depth: 9, end_column: 27, end_line: 4, start_line: 4, start_column: 14}, severity: "medium", pattern_id: "js-insecure-random", pattern_name: "Insecure Random Number Generation", recommendation: "Review this code for potential security issues", confidence: 0.7, pattern_type: :insecure_random}
18:48:59.903 [debug] Match confidence: 0.15014999999999998, min_confidence: 0.7, match: %{type: "js-insecure-random", context: %{node_type: "CallExpression", depth: 5, parent_type: "ReturnStatement", in_function: "complexFunction5"}, location: %{depth: 5, end_column: 40, end_line: 6, start_line: 6, start_column: 9}, severity: "medium", pattern_id: "js-insecure-random", pattern_name: "Insecure Random Number Generation", recommendation: "Review this code for potential security issues", confidence: 0.7, pattern_type: :insecure_random}
18:48:59.903 [debug] Match confidence: 0.11602499999999999, min_confidence: 0.7, match: %{type: "js-nosql-injection", context: %{node_type: "CallExpression", depth: 7, parent_type: "ExpressionStatement", in_function: "complexFunction5"}, location: %{depth: 7, end_column: 32, end_line: 4, start_line: 4, start_column: 4}, severity: "high", pattern_id: "js-nosql-injection", pattern_name: "NoSQL Injection", recommendation: "Review this code for potential security issues", confidence: 0.85, pattern_type: :nosql_injection}
18:48:59.903 [debug] Match confidence: 0.11602499999999999, min_confidence: 0.7, match: %{type: "js-nosql-injection", context: %{node_type: "CallExpression", depth: 9, parent_type: "BinaryExpression", in_function: "complexFunction5"}, location: %{depth: 9, end_column: 27, end_line: 4, start_line: 4, start_column: 14}, severity: "high", pattern_id: "js-nosql-injection", pattern_name: "NoSQL Injection", recommendation: "Review this code for potential security issues", confidence: 0.85, pattern_type: :nosql_injection}
18:48:59.903 [debug] Match confidence: 0.11602499999999999, min_confidence: 0.7, match: %{type: "js-nosql-injection", context: %{node_type: "CallExpression", depth: 5, parent_type: "ReturnStatement", in_function: "complexFunction5"}, location: %{depth: 5, end_column: 40, end_line: 6, start_line: 6, start_column: 9}, severity: "high", pattern_id: "js-nosql-injection", pattern_name: "NoSQL Injection", recommendation: "Review this code for potential security issues", confidence: 0.85, pattern_type: :nosql_injection}
18:48:59.903 [debug] Match confidence: 0.11602499999999999, min_confidence: 0.7, match: %{type: "js-ldap-injection", context: %{node_type: "CallExpression", depth: 7, parent_type: "ExpressionStatement", in_function: "complexFunction5"}, location: %{depth: 7, end_column: 32, end_line: 4, start_line: 4, start_column: 4}, severity: "high", pattern_id: "js-ldap-injection", pattern_name: "LDAP Injection", recommendation: "Review this code for potential security issues", confidence: 0.85, pattern_type: :ldap_injection}
18:48:59.903 [debug] Match confidence: 0.11602499999999999, min_confidence: 0.7, match: %{type: "js-ldap-injection", context: %{node_type: "CallExpression", depth: 9, parent_type: "BinaryExpression", in_function: "complexFunction5"}, location: %{depth: 9, end_column: 27, end_line: 4, start_line: 4, start_column: 14}, severity: "high", pattern_id: "js-ldap-injection", pattern_name: "LDAP Injection", recommendation: "Review this code for potential security issues", confidence: 0.85, pattern_type: :ldap_injection}
18:48:59.904 [debug] Match confidence: 0.11602499999999999, min_confidence: 0.7, match: %{type: "js-ldap-injection", context: %{node_type: "CallExpression", depth: 5, parent_type: "ReturnStatement", in_function: "complexFunction5"}, location: %{depth: 5, end_column: 40, end_line: 6, start_line: 6, start_column: 9}, severity: "high", pattern_id: "js-ldap-injection", pattern_name: "LDAP Injection", recommendation: "Review this code for potential security issues", confidence: 0.85, pattern_type: :ldap_injection}
18:48:59.904 [debug] Match confidence: 0.11602499999999999, min_confidence: 0.7, match: %{type: "js-xpath-injection", context: %{node_type: "CallExpression", depth: 7, parent_type: "ExpressionStatement", in_function: "complexFunction5"}, location: %{depth: 7, end_column: 32, end_line: 4, start_line: 4, start_column: 4}, severity: "high", pattern_id: "js-xpath-injection", pattern_name: "XPath Injection", recommendation: "Review this code for potential security issues", confidence: 0.85, pattern_type: :xpath_injection}
18:48:59.904 [debug] Match confidence: 0.11602499999999999, min_confidence: 0.7, match: %{type: "js-xpath-injection", context: %{node_type: "CallExpression", depth: 9, parent_type: "BinaryExpression", in_function: "complexFunction5"}, location: %{depth: 9, end_column: 27, end_line: 4, start_line: 4, start_column: 14}, severity: "high", pattern_id: "js-xpath-injection", pattern_name: "XPath Injection", recommendation: "Review this code for potential security issues", confidence: 0.85, pattern_type: :xpath_injection}
18:48:59.904 [debug] Match confidence: 0.11602499999999999, min_confidence: 0.7, match: %{type: "js-xpath-injection", context: %{node_type: "CallExpression", depth: 5, parent_type: "ReturnStatement", in_function: "complexFunction5"}, location: %{depth: 5, end_column: 40, end_line: 6, start_line: 6, start_column: 9}, severity: "high", pattern_id: "js-xpath-injection", pattern_name: "XPath Injection", recommendation: "Review this code for potential security issues", confidence: 0.85, pattern_type: :xpath_injection}
18:48:59.904 [debug] Match confidence: 0.15014999999999998, min_confidence: 0.7, match: %{type: "js-ssrf", context: %{node_type: "CallExpression", depth: 7, parent_type: "ExpressionStatement", in_function: "complexFunction5"}, location: %{depth: 7, end_column: 32, end_line: 4, start_line: 4, start_column: 4}, severity: "medium", pattern_id: "js-ssrf", pattern_name: "Server-Side Request Forgery (SSRF)", recommendation: "Review this code for potential security issues", confidence: 0.7, pattern_type: :ssrf}
18:48:59.904 [debug] Match confidence: 0.15014999999999998, min_confidence: 0.7, match: %{type: "js-ssrf", context: %{node_type: "CallExpression", depth: 9, parent_type: "BinaryExpression", in_function: "complexFunction5"}, location: %{depth: 9, end_column: 27, end_line: 4, start_line: 4, start_column: 14}, severity: "medium", pattern_id: "js-ssrf", pattern_name: "Server-Side Request Forgery (SSRF)", recommendation: "Review this code for potential security issues", confidence: 0.7, pattern_type: :ssrf}
18:48:59.904 [debug] Match confidence: 0.15014999999999998, min_confidence: 0.7, match: %{type: "js-ssrf", context: %{node_type: "CallExpression", depth: 5, parent_type: "ReturnStatement", in_function: "complexFunction5"}, location: %{depth: 5, end_column: 40, end_line: 6, start_line: 6, start_column: 9}, severity: "medium", pattern_id: "js-ssrf", pattern_name: "Server-Side Request Forgery (SSRF)", recommendation: "Review this code for potential security issues", confidence: 0.7, pattern_type: :ssrf}
18:48:59.904 [debug] Match confidence: 0.15014999999999998, min_confidence: 0.7, match: %{type: "js-insecure-deserialization", context: %{node_type: "CallExpression", depth: 7, parent_type: "ExpressionStatement", in_function: "complexFunction5"}, location: %{depth: 7, end_column: 32, end_line: 4, start_line: 4, start_column: 4}, severity: "medium", pattern_id: "js-insecure-deserialization", pattern_name: "Insecure Deserialization", recommendation: "Review this code for potential security issues", confidence: 0.7, pattern_type: :deserialization}
18:48:59.904 [debug] Match confidence: 0.15014999999999998, min_confidence: 0.7, match: %{type: "js-insecure-deserialization", context: %{node_type: "CallExpression", depth: 9, parent_type: "BinaryExpression", in_function: "complexFunction5"}, location: %{depth: 9, end_column: 27, end_line: 4, start_line: 4, start_column: 14}, severity: "medium", pattern_id: "js-insecure-deserialization", pattern_name: "Insecure Deserialization", recommendation: "Review this code for potential security issues", confidence: 0.7, pattern_type: :deserialization}
18:48:59.906 [debug] Match confidence: 0.15014999999999998, min_confidence: 0.7, match: %{type: "js-insecure-deserialization", context: %{node_type: "CallExpression", depth: 5, parent_type: "ReturnStatement", in_function: "complexFunction5"}, location: %{depth: 5, end_column: 40, end_line: 6, start_line: 6, start_column: 9}, severity: "medium", pattern_id: "js-insecure-deserialization", pattern_name: "Insecure Deserialization", recommendation: "Review this code for potential security issues", confidence: 0.7, pattern_type: :deserialization}
18:48:59.906 [debug] Match confidence: 0.15014999999999998, min_confidence: 0.7, match: %{type: "js-jwt-none-algorithm", context: %{node_type: "CallExpression", depth: 7, parent_type: "ExpressionStatement", in_function: "complexFunction5"}, location: %{depth: 7, end_column: 32, end_line: 4, start_line: 4, start_column: 4}, severity: "medium", pattern_id: "js-jwt-none-algorithm", pattern_name: "JWT None Algorithm Vulnerability", recommendation: "Review this code for potential security issues", confidence: 0.7, pattern_type: :authentication}
18:48:59.908 [debug] Match confidence: 0.15014999999999998, min_confidence: 0.7, match: %{type: "js-jwt-none-algorithm", context: %{node_type: "CallExpression", depth: 9, parent_type: "BinaryExpression", in_function: "complexFunction5"}, location: %{depth: 9, end_column: 27, end_line: 4, start_line: 4, start_column: 14}, severity: "medium", pattern_id: "js-jwt-none-algorithm", pattern_name: "JWT None Algorithm Vulnerability", recommendation: "Review this code for potential security issues", confidence: 0.7, pattern_type: :authentication}
18:48:59.908 [debug] Match confidence: 0.15014999999999998, min_confidence: 0.7, match: %{type: "js-jwt-none-algorithm", context: %{node_type: "CallExpression", depth: 5, parent_type: "ReturnStatement", in_function: "complexFunction5"}, location: %{depth: 5, end_column: 40, end_line: 6, start_line: 6, start_column: 9}, severity: "medium", pattern_id: "js-jwt-none-algorithm", pattern_name: "JWT None Algorithm Vulnerability", recommendation: "Review this code for potential security issues", confidence: 0.7, pattern_type: :authentication}
18:48:59.908 [debug] Match confidence: 0.15014999999999998, min_confidence: 0.7, match: %{type: "js-debug-console-log", context: %{node_type: "CallExpression", depth: 7, parent_type: "ExpressionStatement", in_function: "complexFunction5"}, location: %{depth: 7, end_column: 32, end_line: 4, start_line: 4, start_column: 4}, severity: "medium", pattern_id: "js-debug-console-log", pattern_name: "Sensitive Data in Console Logs", recommendation: "Review this code for potential security issues", confidence: 0.7, pattern_type: :information_disclosure}
18:48:59.908 [debug] Match confidence: 0.15014999999999998, min_confidence: 0.7, match: %{type: "js-debug-console-log", context: %{node_type: "CallExpression", depth: 9, parent_type: "BinaryExpression", in_function: "complexFunction5"}, location: %{depth: 9, end_column: 27, end_line: 4, start_line: 4, start_column: 14}, severity: "medium", pattern_id: "js-debug-console-log", pattern_name: "Sensitive Data in Console Logs", recommendation: "Review this code for potential security issues", confidence: 0.7, pattern_type: :information_disclosure}
18:48:59.909 [debug] Match confidence: 0.15014999999999998, min_confidence: 0.7, match: %{type: "js-debug-console-log", context: %{node_type: "CallExpression", depth: 5, parent_type: "ReturnStatement", in_function: "complexFunction5"}, location: %{depth: 5, end_column: 40, end_line: 6, start_line: 6, start_column: 9}, severity: "medium", pattern_id: "js-debug-console-log", pattern_name: "Sensitive Data in Console Logs", recommendation: "Review this code for potential security issues", confidence: 0.7, pattern_type: :information_disclosure}
18:49:00.046 [debug] Parser response received
18:49:00.048 [info] AnalysisService: Loaded 30 patterns for javascript
18:49:00.054 [info] AnalysisService: Found 47 matches
18:49:00.054 [debug] Match confidence: 0.15435, min_confidence: 0.7, match: %{type: "js-xss-document-write", context: %{node_type: "CallExpression", depth: 7, parent_type: "ExpressionStatement", in_function: "complexFunction6"}, location: %{depth: 7, end_column: 32, end_line: 4, start_line: 4, start_column: 4}, severity: "high", pattern_id: "js-xss-document-write", pattern_name: "Cross-Site Scripting (XSS) via document.write", recommendation: "Review this code for potential security issues", confidence: 0.85, pattern_type: :xss}
18:49:00.054 [debug] Match confidence: 0.15435, min_confidence: 0.7, match: %{type: "js-xss-document-write", context: %{node_type: "CallExpression", depth: 9, parent_type: "BinaryExpression", in_function: "complexFunction6"}, location: %{depth: 9, end_column: 27, end_line: 4, start_line: 4, start_column: 14}, severity: "high", pattern_id: "js-xss-document-write", pattern_name: "Cross-Site Scripting (XSS) via document.write", recommendation: "Review this code for potential security issues", confidence: 0.85, pattern_type: :xss}
18:49:00.054 [debug] Match confidence: 0.15435, min_confidence: 0.7, match: %{type: "js-xss-document-write", context: %{node_type: "CallExpression", depth: 5, parent_type: "ReturnStatement", in_function: "complexFunction6"}, location: %{depth: 5, end_column: 40, end_line: 6, start_line: 6, start_column: 9}, severity: "high", pattern_id: "js-xss-document-write", pattern_name: "Cross-Site Scripting (XSS) via document.write", recommendation: "Review this code for potential security issues", confidence: 0.85, pattern_type: :xss}
18:49:00.054 [debug] Match confidence: 0.15435, min_confidence: 0.7, match: %{type: "js-xss-jquery-html", context: %{node_type: "CallExpression", depth: 7, parent_type: "ExpressionStatement", in_function: "complexFunction6"}, location: %{depth: 7, end_column: 32, end_line: 4, start_line: 4, start_column: 4}, severity: "high", pattern_id: "js-xss-jquery-html", pattern_name: "XSS via jQuery html()", recommendation: "Review this code for potential security issues", confidence: 0.85, pattern_type: :xss}
18:49:00.054 [debug] Match confidence: 0.15435, min_confidence: 0.7, match: %{type: "js-xss-jquery-html", context: %{node_type: "CallExpression", depth: 9, parent_type: "BinaryExpression", in_function: "complexFunction6"}, location: %{depth: 9, end_column: 27, end_line: 4, start_line: 4, start_column: 14}, severity: "high", pattern_id: "js-xss-jquery-html", pattern_name: "XSS via jQuery html()", recommendation: "Review this code for potential security issues", confidence: 0.85, pattern_type: :xss}
18:49:00.054 [debug] Match confidence: 0.15435, min_confidence: 0.7, match: %{type: "js-xss-jquery-html", context: %{node_type: "CallExpression", depth: 5, parent_type: "ReturnStatement", in_function: "complexFunction6"}, location: %{depth: 5, end_column: 40, end_line: 6, start_line: 6, start_column: 9}, severity: "high", pattern_id: "js-xss-jquery-html", pattern_name: "XSS via jQuery html()", recommendation: "Review this code for potential security issues", confidence: 0.85, pattern_type: :xss}
18:49:00.054 [debug] Match confidence: 0.15014999999999998, min_confidence: 0.7, match: %{type: "js-path-traversal-join", context: %{node_type: "CallExpression", depth: 7, parent_type: "ExpressionStatement", in_function: "complexFunction6"}, location: %{depth: 7, end_column: 32, end_line: 4, start_line: 4, start_column: 4}, severity: "medium", pattern_id: "js-path-traversal-join", pattern_name: "Path Traversal via path.join", recommendation: "Review this code for potential security issues", confidence: 0.7, pattern_type: :path_traversal}
18:49:00.054 [debug] Match confidence: 0.15014999999999998, min_confidence: 0.7, match: %{type: "js-path-traversal-join", context: %{node_type: "CallExpression", depth: 9, parent_type: "BinaryExpression", in_function: "complexFunction6"}, location: %{depth: 9, end_column: 27, end_line: 4, start_line: 4, start_column: 14}, severity: "medium", pattern_id: "js-path-traversal-join", pattern_name: "Path Traversal via path.join", recommendation: "Review this code for potential security issues", confidence: 0.7, pattern_type: :path_traversal}
18:49:00.054 [debug] Match confidence: 0.15014999999999998, min_confidence: 0.7, match: %{type: "js-path-traversal-join", context: %{node_type: "CallExpression", depth: 5, parent_type: "ReturnStatement", in_function: "complexFunction6"}, location: %{depth: 5, end_column: 40, end_line: 6, start_line: 6, start_column: 9}, severity: "medium", pattern_id: "js-path-traversal-join", pattern_name: "Path Traversal via path.join", recommendation: "Review this code for potential security issues", confidence: 0.7, pattern_type: :path_traversal}
18:49:00.054 [debug] Match confidence: 0.15014999999999998, min_confidence: 0.7, match: %{type: "js-path-traversal-concat", context: %{node_type: "BinaryExpression", depth: 7, parent_type: "ArrowFunctionExpression", in_function: "complexFunction6"}, location: %{depth: 7, end_column: 36, end_line: 6, start_line: 6, start_column: 31}, severity: "medium", pattern_id: "js-path-traversal-concat", pattern_name: "Path Traversal via String Concatenation", recommendation: "Review this code for potential security issues", confidence: 0.7, pattern_type: :path_traversal}
18:49:00.054 [debug] Match confidence: 0.15014999999999998, min_confidence: 0.7, match: %{type: "js-weak-crypto-md5", context: %{node_type: "CallExpression", depth: 7, parent_type: "ExpressionStatement", in_function: "complexFunction6"}, location: %{depth: 7, end_column: 32, end_line: 4, start_line: 4, start_column: 4}, severity: "medium", pattern_id: "js-weak-crypto-md5", pattern_name: "Weak Cryptography - MD5", recommendation: "Review this code for potential security issues", confidence: 0.7, pattern_type: :weak_crypto}
18:49:00.054 [debug] Match confidence: 0.15014999999999998, min_confidence: 0.7, match: %{type: "js-weak-crypto-md5", context: %{node_type: "CallExpression", depth: 9, parent_type: "BinaryExpression", in_function: "complexFunction6"}, location: %{depth: 9, end_column: 27, end_line: 4, start_line: 4, start_column: 14}, severity: "medium", pattern_id: "js-weak-crypto-md5", pattern_name: "Weak Cryptography - MD5", recommendation: "Review this code for potential security issues", confidence: 0.7, pattern_type: :weak_crypto}
18:49:00.054 [debug] Match confidence: 0.15014999999999998, min_confidence: 0.7, match: %{type: "js-weak-crypto-md5", context: %{node_type: "CallExpression", depth: 5, parent_type: "ReturnStatement", in_function: "complexFunction6"}, location: %{depth: 5, end_column: 40, end_line: 6, start_line: 6, start_column: 9}, severity: "medium", pattern_id: "js-weak-crypto-md5", pattern_name: "Weak Cryptography - MD5", recommendation: "Review this code for potential security issues", confidence: 0.7, pattern_type: :weak_crypto}
18:49:00.054 [debug] Match confidence: 0.15014999999999998, min_confidence: 0.7, match: %{type: "js-weak-crypto-sha1", context: %{node_type: "CallExpression", depth: 7, parent_type: "ExpressionStatement", in_function: "complexFunction6"}, location: %{depth: 7, end_column: 32, end_line: 4, start_line: 4, start_column: 4}, severity: "medium", pattern_id: "js-weak-crypto-sha1", pattern_name: "Weak Cryptography - SHA1", recommendation: "Review this code for potential security issues", confidence: 0.7, pattern_type: :weak_crypto}
18:49:00.054 [debug] Match confidence: 0.15014999999999998, min_confidence: 0.7, match: %{type: "js-weak-crypto-sha1", context: %{node_type: "CallExpression", depth: 9, parent_type: "BinaryExpression", in_function: "complexFunction6"}, location: %{depth: 9, end_column: 27, end_line: 4, start_line: 4, start_column: 14}, severity: "medium", pattern_id: "js-weak-crypto-sha1", pattern_name: "Weak Cryptography - SHA1", recommendation: "Review this code for potential security issues", confidence: 0.7, pattern_type: :weak_crypto}
18:49:00.054 [debug] Match confidence: 0.15014999999999998, min_confidence: 0.7, match: %{type: "js-weak-crypto-sha1", context: %{node_type: "CallExpression", depth: 5, parent_type: "ReturnStatement", in_function: "complexFunction6"}, location: %{depth: 5, end_column: 40, end_line: 6, start_line: 6, start_column: 9}, severity: "medium", pattern_id: "js-weak-crypto-sha1", pattern_name: "Weak Cryptography - SHA1", recommendation: "Review this code for potential security issues", confidence: 0.7, pattern_type: :weak_crypto}
18:49:00.054 [debug] Match confidence: 0.1848, min_confidence: 0.7, match: %{type: "js-hardcoded-secret-password", context: %{node_type: "VariableDeclarator", depth: 5, parent_type: "VariableDeclaration", in_function: "complexFunction6"}, location: %{depth: 5, end_column: 15, end_line: 2, start_line: 2, start_column: 6}, severity: "high", pattern_id: "js-hardcoded-secret-password", pattern_name: "Hardcoded Password", recommendation: "Review this code for potential security issues", confidence: 0.9, pattern_type: :hardcoded_secret}
18:49:00.054 [debug] Match confidence: 0.1848, min_confidence: 0.7, match: %{type: "js-hardcoded-secret-password", context: %{node_type: "VariableDeclarator", depth: 6, parent_type: "VariableDeclaration", in_function: "complexFunction6"}, location: %{depth: 6, end_column: 16, end_line: 3, start_line: 3, start_column: 11}, severity: "high", pattern_id: "js-hardcoded-secret-password", pattern_name: "Hardcoded Password", recommendation: "Review this code for potential security issues", confidence: 0.9, pattern_type: :hardcoded_secret}
18:49:00.054 [debug] Match confidence: 0.1848, min_confidence: 0.7, match: %{type: "js-hardcoded-secret-api-key", context: %{node_type: "VariableDeclarator", depth: 5, parent_type: "VariableDeclaration", in_function: "complexFunction6"}, location: %{depth: 5, end_column: 15, end_line: 2, start_line: 2, start_column: 6}, severity: "high", pattern_id: "js-hardcoded-secret-api-key", pattern_name: "Hardcoded API Key", recommendation: "Review this code for potential security issues", confidence: 0.9, pattern_type: :hardcoded_secret}
18:49:00.055 [debug] Match confidence: 0.1848, min_confidence: 0.7, match: %{type: "js-hardcoded-secret-api-key", context: %{node_type: "VariableDeclarator", depth: 6, parent_type: "VariableDeclaration", in_function: "complexFunction6"}, location: %{depth: 6, end_column: 16, end_line: 3, start_line: 3, start_column: 11}, severity: "high", pattern_id: "js-hardcoded-secret-api-key", pattern_name: "Hardcoded API Key", recommendation: "Review this code for potential security issues", confidence: 0.9, pattern_type: :hardcoded_secret}
18:49:00.055 [debug] Match confidence: 0.15014999999999998, min_confidence: 0.7, match: %{type: "js-open-redirect", context: %{node_type: "CallExpression", depth: 7, parent_type: "ExpressionStatement", in_function: "complexFunction6"}, location: %{depth: 7, end_column: 32, end_line: 4, start_line: 4, start_column: 4}, severity: "medium", pattern_id: "js-open-redirect", pattern_name: "Open Redirect Vulnerability", recommendation: "Review this code for potential security issues", confidence: 0.7, pattern_type: :open_redirect}
18:49:00.055 [debug] Match confidence: 0.15014999999999998, min_confidence: 0.7, match: %{type: "js-open-redirect", context: %{node_type: "CallExpression", depth: 9, parent_type: "BinaryExpression", in_function: "complexFunction6"}, location: %{depth: 9, end_column: 27, end_line: 4, start_line: 4, start_column: 14}, severity: "medium", pattern_id: "js-open-redirect", pattern_name: "Open Redirect Vulnerability", recommendation: "Review this code for potential security issues", confidence: 0.7, pattern_type: :open_redirect}
18:49:00.055 [debug] Match confidence: 0.15014999999999998, min_confidence: 0.7, match: %{type: "js-open-redirect", context: %{node_type: "CallExpression", depth: 5, parent_type: "ReturnStatement", in_function: "complexFunction6"}, location: %{depth: 5, end_column: 40, end_line: 6, start_line: 6, start_column: 9}, severity: "medium", pattern_id: "js-open-redirect", pattern_name: "Open Redirect Vulnerability", recommendation: "Review this code for potential security issues", confidence: 0.7, pattern_type: :open_redirect}
18:49:00.055 [debug] Match confidence: 0.15014999999999998, min_confidence: 0.7, match: %{type: "js-insecure-random", context: %{node_type: "CallExpression", depth: 7, parent_type: "ExpressionStatement", in_function: "complexFunction6"}, location: %{depth: 7, end_column: 32, end_line: 4, start_line: 4, start_column: 4}, severity: "medium", pattern_id: "js-insecure-random", pattern_name: "Insecure Random Number Generation", recommendation: "Review this code for potential security issues", confidence: 0.7, pattern_type: :insecure_random}
18:49:00.055 [debug] Match confidence: 0.15014999999999998, min_confidence: 0.7, match: %{type: "js-insecure-random", context: %{node_type: "CallExpression", depth: 9, parent_type: "BinaryExpression", in_function: "complexFunction6"}, location: %{depth: 9, end_column: 27, end_line: 4, start_line: 4, start_column: 14}, severity: "medium", pattern_id: "js-insecure-random", pattern_name: "Insecure Random Number Generation", recommendation: "Review this code for potential security issues", confidence: 0.7, pattern_type: :insecure_random}
18:49:00.055 [debug] Match confidence: 0.15014999999999998, min_confidence: 0.7, match: %{type: "js-insecure-random", context: %{node_type: "CallExpression", depth: 5, parent_type: "ReturnStatement", in_function: "complexFunction6"}, location: %{depth: 5, end_column: 40, end_line: 6, start_line: 6, start_column: 9}, severity: "medium", pattern_id: "js-insecure-random", pattern_name: "Insecure Random Number Generation", recommendation: "Review this code for potential security issues", confidence: 0.7, pattern_type: :insecure_random}
18:49:00.055 [debug] Match confidence: 0.11602499999999999, min_confidence: 0.7, match: %{type: "js-nosql-injection", context: %{node_type: "CallExpression", depth: 7, parent_type: "ExpressionStatement", in_function: "complexFunction6"}, location: %{depth: 7, end_column: 32, end_line: 4, start_line: 4, start_column: 4}, severity: "high", pattern_id: "js-nosql-injection", pattern_name: "NoSQL Injection", recommendation: "Review this code for potential security issues", confidence: 0.85, pattern_type: :nosql_injection}
18:49:00.055 [debug] Match confidence: 0.11602499999999999, min_confidence: 0.7, match: %{type: "js-nosql-injection", context: %{node_type: "CallExpression", depth: 9, parent_type: "BinaryExpression", in_function: "complexFunction6"}, location: %{depth: 9, end_column: 27, end_line: 4, start_line: 4, start_column: 14}, severity: "high", pattern_id: "js-nosql-injection", pattern_name: "NoSQL Injection", recommendation: "Review this code for potential security issues", confidence: 0.85, pattern_type: :nosql_injection}
18:49:00.055 [debug] Match confidence: 0.11602499999999999, min_confidence: 0.7, match: %{type: "js-nosql-injection", context: %{node_type: "CallExpression", depth: 5, parent_type: "ReturnStatement", in_function: "complexFunction6"}, location: %{depth: 5, end_column: 40, end_line: 6, start_line: 6, start_column: 9}, severity: "high", pattern_id: "js-nosql-injection", pattern_name: "NoSQL Injection", recommendation: "Review this code for potential security issues", confidence: 0.85, pattern_type: :nosql_injection}
18:49:00.055 [debug] Match confidence: 0.11602499999999999, min_confidence: 0.7, match: %{type: "js-ldap-injection", context: %{node_type: "CallExpression", depth: 7, parent_type: "ExpressionStatement", in_function: "complexFunction6"}, location: %{depth: 7, end_column: 32, end_line: 4, start_line: 4, start_column: 4}, severity: "high", pattern_id: "js-ldap-injection", pattern_name: "LDAP Injection", recommendation: "Review this code for potential security issues", confidence: 0.85, pattern_type: :ldap_injection}
18:49:00.055 [debug] Match confidence: 0.11602499999999999, min_confidence: 0.7, match: %{type: "js-ldap-injection", context: %{node_type: "CallExpression", depth: 9, parent_type: "BinaryExpression", in_function: "complexFunction6"}, location: %{depth: 9, end_column: 27, end_line: 4, start_line: 4, start_column: 14}, severity: "high", pattern_id: "js-ldap-injection", pattern_name: "LDAP Injection", recommendation: "Review this code for potential security issues", confidence: 0.85, pattern_type: :ldap_injection}
18:49:00.055 [debug] Match confidence: 0.11602499999999999, min_confidence: 0.7, match: %{type: "js-ldap-injection", context: %{node_type: "CallExpression", depth: 5, parent_type: "ReturnStatement", in_function: "complexFunction6"}, location: %{depth: 5, end_column: 40, end_line: 6, start_line: 6, start_column: 9}, severity: "high", pattern_id: "js-ldap-injection", pattern_name: "LDAP Injection", recommendation: "Review this code for potential security issues", confidence: 0.85, pattern_type: :ldap_injection}
18:49:00.055 [debug] Match confidence: 0.11602499999999999, min_confidence: 0.7, match: %{type: "js-xpath-injection", context: %{node_type: "CallExpression", depth: 7, parent_type: "ExpressionStatement", in_function: "complexFunction6"}, location: %{depth: 7, end_column: 32, end_line: 4, start_line: 4, start_column: 4}, severity: "high", pattern_id: "js-xpath-injection", pattern_name: "XPath Injection", recommendation: "Review this code for potential security issues", confidence: 0.85, pattern_type: :xpath_injection}
18:49:00.055 [debug] Match confidence: 0.11602499999999999, min_confidence: 0.7, match: %{type: "js-xpath-injection", context: %{node_type: "CallExpression", depth: 9, parent_type: "BinaryExpression", in_function: "complexFunction6"}, location: %{depth: 9, end_column: 27, end_line: 4, start_line: 4, start_column: 14}, severity: "high", pattern_id: "js-xpath-injection", pattern_name: "XPath Injection", recommendation: "Review this code for potential security issues", confidence: 0.85, pattern_type: :xpath_injection}
18:49:00.055 [debug] Match confidence: 0.11602499999999999, min_confidence: 0.7, match: %{type: "js-xpath-injection", context: %{node_type: "CallExpression", depth: 5, parent_type: "ReturnStatement", in_function: "complexFunction6"}, location: %{depth: 5, end_column: 40, end_line: 6, start_line: 6, start_column: 9}, severity: "high", pattern_id: "js-xpath-injection", pattern_name: "XPath Injection", recommendation: "Review this code for potential security issues", confidence: 0.85, pattern_type: :xpath_injection}
18:49:00.055 [debug] Match confidence: 0.15014999999999998, min_confidence: 0.7, match: %{type: "js-ssrf", context: %{node_type: "CallExpression", depth: 7, parent_type: "ExpressionStatement", in_function: "complexFunction6"}, location: %{depth: 7, end_column: 32, end_line: 4, start_line: 4, start_column: 4}, severity: "medium", pattern_id: "js-ssrf", pattern_name: "Server-Side Request Forgery (SSRF)", recommendation: "Review this code for potential security issues", confidence: 0.7, pattern_type: :ssrf}
18:49:00.055 [debug] Match confidence: 0.15014999999999998, min_confidence: 0.7, match: %{type: "js-ssrf", context: %{node_type: "CallExpression", depth: 9, parent_type: "BinaryExpression", in_function: "complexFunction6"}, location: %{depth: 9, end_column: 27, end_line: 4, start_line: 4, start_column: 14}, severity: "medium", pattern_id: "js-ssrf", pattern_name: "Server-Side Request Forgery (SSRF)", recommendation: "Review this code for potential security issues", confidence: 0.7, pattern_type: :ssrf}
18:49:00.055 [debug] Match confidence: 0.15014999999999998, min_confidence: 0.7, match: %{type: "js-ssrf", context: %{node_type: "CallExpression", depth: 5, parent_type: "ReturnStatement", in_function: "complexFunction6"}, location: %{depth: 5, end_column: 40, end_line: 6, start_line: 6, start_column: 9}, severity: "medium", pattern_id: "js-ssrf", pattern_name: "Server-Side Request Forgery (SSRF)", recommendation: "Review this code for potential security issues", confidence: 0.7, pattern_type: :ssrf}
18:49:00.055 [debug] Match confidence: 0.15014999999999998, min_confidence: 0.7, match: %{type: "js-insecure-deserialization", context: %{node_type: "CallExpression", depth: 7, parent_type: "ExpressionStatement", in_function: "complexFunction6"}, location: %{depth: 7, end_column: 32, end_line: 4, start_line: 4, start_column: 4}, severity: "medium", pattern_id: "js-insecure-deserialization", pattern_name: "Insecure Deserialization", recommendation: "Review this code for potential security issues", confidence: 0.7, pattern_type: :deserialization}
18:49:00.055 [debug] Match confidence: 0.15014999999999998, min_confidence: 0.7, match: %{type: "js-insecure-deserialization", context: %{node_type: "CallExpression", depth: 9, parent_type: "BinaryExpression", in_function: "complexFunction6"}, location: %{depth: 9, end_column: 27, end_line: 4, start_line: 4, start_column: 14}, severity: "medium", pattern_id: "js-insecure-deserialization", pattern_name: "Insecure Deserialization", recommendation: "Review this code for potential security issues", confidence: 0.7, pattern_type: :deserialization}
18:49:00.055 [debug] Match confidence: 0.15014999999999998, min_confidence: 0.7, match: %{type: "js-insecure-deserialization", context: %{node_type: "CallExpression", depth: 5, parent_type: "ReturnStatement", in_function: "complexFunction6"}, location: %{depth: 5, end_column: 40, end_line: 6, start_line: 6, start_column: 9}, severity: "medium", pattern_id: "js-insecure-deserialization", pattern_name: "Insecure Deserialization", recommendation: "Review this code for potential security issues", confidence: 0.7, pattern_type: :deserialization}
18:49:00.055 [debug] Match confidence: 0.15014999999999998, min_confidence: 0.7, match: %{type: "js-jwt-none-algorithm", context: %{node_type: "CallExpression", depth: 7, parent_type: "ExpressionStatement", in_function: "complexFunction6"}, location: %{depth: 7, end_column: 32, end_line: 4, start_line: 4, start_column: 4}, severity: "medium", pattern_id: "js-jwt-none-algorithm", pattern_name: "JWT None Algorithm Vulnerability", recommendation: "Review this code for potential security issues", confidence: 0.7, pattern_type: :authentication}
18:49:00.055 [debug] Match confidence: 0.15014999999999998, min_confidence: 0.7, match: %{type: "js-jwt-none-algorithm", context: %{node_type: "CallExpression", depth: 9, parent_type: "BinaryExpression", in_function: "complexFunction6"}, location: %{depth: 9, end_column: 27, end_line: 4, start_line: 4, start_column: 14}, severity: "medium", pattern_id: "js-jwt-none-algorithm", pattern_name: "JWT None Algorithm Vulnerability", recommendation: "Review this code for potential security issues", confidence: 0.7, pattern_type: :authentication}
18:49:00.055 [debug] Match confidence: 0.15014999999999998, min_confidence: 0.7, match: %{type: "js-jwt-none-algorithm", context: %{node_type: "CallExpression", depth: 5, parent_type: "ReturnStatement", in_function: "complexFunction6"}, location: %{depth: 5, end_column: 40, end_line: 6, start_line: 6, start_column: 9}, severity: "medium", pattern_id: "js-jwt-none-algorithm", pattern_name: "JWT None Algorithm Vulnerability", recommendation: "Review this code for potential security issues", confidence: 0.7, pattern_type: :authentication}
18:49:00.055 [debug] Match confidence: 0.15014999999999998, min_confidence: 0.7, match: %{type: "js-debug-console-log", context: %{node_type: "CallExpression", depth: 7, parent_type: "ExpressionStatement", in_function: "complexFunction6"}, location: %{depth: 7, end_column: 32, end_line: 4, start_line: 4, start_column: 4}, severity: "medium", pattern_id: "js-debug-console-log", pattern_name: "Sensitive Data in Console Logs", recommendation: "Review this code for potential security issues", confidence: 0.7, pattern_type: :information_disclosure}
18:49:00.055 [debug] Match confidence: 0.15014999999999998, min_confidence: 0.7, match: %{type: "js-debug-console-log", context: %{node_type: "CallExpression", depth: 9, parent_type: "BinaryExpression", in_function: "complexFunction6"}, location: %{depth: 9, end_column: 27, end_line: 4, start_line: 4, start_column: 14}, severity: "medium", pattern_id: "js-debug-console-log", pattern_name: "Sensitive Data in Console Logs", recommendation: "Review this code for potential security issues", confidence: 0.7, pattern_type: :information_disclosure}
18:49:00.055 [debug] Match confidence: 0.15014999999999998, min_confidence: 0.7, match: %{type: "js-debug-console-log", context: %{node_type: "CallExpression", depth: 5, parent_type: "ReturnStatement", in_function: "complexFunction6"}, location: %{depth: 5, end_column: 40, end_line: 6, start_line: 6, start_column: 9}, severity: "medium", pattern_id: "js-debug-console-log", pattern_name: "Sensitive Data in Console Logs", recommendation: "Review this code for potential security issues", confidence: 0.7, pattern_type: :information_disclosure}
18:49:00.276 [debug] Parser response received
18:49:00.276 [info] AnalysisService: Loaded 30 patterns for javascript
18:49:00.287 [info] AnalysisService: Found 47 matches
18:49:00.288 [debug] Match confidence: 0.15435, min_confidence: 0.7, match: %{type: "js-xss-document-write", context: %{node_type: "CallExpression", depth: 7, parent_type: "ExpressionStatement", in_function: "complexFunction7"}, location: %{depth: 7, end_column: 32, end_line: 4, start_line: 4, start_column: 4}, severity: "high", pattern_id: "js-xss-document-write", pattern_name: "Cross-Site Scripting (XSS) via document.write", recommendation: "Review this code for potential security issues", confidence: 0.85, pattern_type: :xss}
18:49:00.288 [debug] Match confidence: 0.15435, min_confidence: 0.7, match: %{type: "js-xss-document-write", context: %{node_type: "CallExpression", depth: 9, parent_type: "BinaryExpression", in_function: "complexFunction7"}, location: %{depth: 9, end_column: 27, end_line: 4, start_line: 4, start_column: 14}, severity: "high", pattern_id: "js-xss-document-write", pattern_name: "Cross-Site Scripting (XSS) via document.write", recommendation: "Review this code for potential security issues", confidence: 0.85, pattern_type: :xss}
18:49:00.289 [debug] Match confidence: 0.15435, min_confidence: 0.7, match: %{type: "js-xss-document-write", context: %{node_type: "CallExpression", depth: 5, parent_type: "ReturnStatement", in_function: "complexFunction7"}, location: %{depth: 5, end_column: 40, end_line: 6, start_line: 6, start_column: 9}, severity: "high", pattern_id: "js-xss-document-write", pattern_name: "Cross-Site Scripting (XSS) via document.write", recommendation: "Review this code for potential security issues", confidence: 0.85, pattern_type: :xss}
18:49:00.289 [debug] Match confidence: 0.15435, min_confidence: 0.7, match: %{type: "js-xss-jquery-html", context: %{node_type: "CallExpression", depth: 7, parent_type: "ExpressionStatement", in_function: "complexFunction7"}, location: %{depth: 7, end_column: 32, end_line: 4, start_line: 4, start_column: 4}, severity: "high", pattern_id: "js-xss-jquery-html", pattern_name: "XSS via jQuery html()", recommendation: "Review this code for potential security issues", confidence: 0.85, pattern_type: :xss}
18:49:00.289 [debug] Match confidence: 0.15435, min_confidence: 0.7, match: %{type: "js-xss-jquery-html", context: %{node_type: "CallExpression", depth: 9, parent_type: "BinaryExpression", in_function: "complexFunction7"}, location: %{depth: 9, end_column: 27, end_line: 4, start_line: 4, start_column: 14}, severity: "high", pattern_id: "js-xss-jquery-html", pattern_name: "XSS via jQuery html()", recommendation: "Review this code for potential security issues", confidence: 0.85, pattern_type: :xss}
18:49:00.290 [debug] Match confidence: 0.15435, min_confidence: 0.7, match: %{type: "js-xss-jquery-html", context: %{node_type: "CallExpression", depth: 5, parent_type: "ReturnStatement", in_function: "complexFunction7"}, location: %{depth: 5, end_column: 40, end_line: 6, start_line: 6, start_column: 9}, severity: "high", pattern_id: "js-xss-jquery-html", pattern_name: "XSS via jQuery html()", recommendation: "Review this code for potential security issues", confidence: 0.85, pattern_type: :xss}
18:49:00.290 [debug] Match confidence: 0.15014999999999998, min_confidence: 0.7, match: %{type: "js-path-traversal-join", context: %{node_type: "CallExpression", depth: 7, parent_type: "ExpressionStatement", in_function: "complexFunction7"}, location: %{depth: 7, end_column: 32, end_line: 4, start_line: 4, start_column: 4}, severity: "medium", pattern_id: "js-path-traversal-join", pattern_name: "Path Traversal via path.join", recommendation: "Review this code for potential security issues", confidence: 0.7, pattern_type: :path_traversal}
18:49:00.290 [debug] Match confidence: 0.15014999999999998, min_confidence: 0.7, match: %{type: "js-path-traversal-join", context: %{node_type: "CallExpression", depth: 9, parent_type: "BinaryExpression", in_function: "complexFunction7"}, location: %{depth: 9, end_column: 27, end_line: 4, start_line: 4, start_column: 14}, severity: "medium", pattern_id: "js-path-traversal-join", pattern_name: "Path Traversal via path.join", recommendation: "Review this code for potential security issues", confidence: 0.7, pattern_type: :path_traversal}
18:49:00.290 [debug] Match confidence: 0.15014999999999998, min_confidence: 0.7, match: %{type: "js-path-traversal-join", context: %{node_type: "CallExpression", depth: 5, parent_type: "ReturnStatement", in_function: "complexFunction7"}, location: %{depth: 5, end_column: 40, end_line: 6, start_line: 6, start_column: 9}, severity: "medium", pattern_id: "js-path-traversal-join", pattern_name: "Path Traversal via path.join", recommendation: "Review this code for potential security issues", confidence: 0.7, pattern_type: :path_traversal}
18:49:00.290 [debug] Match confidence: 0.15014999999999998, min_confidence: 0.7, match: %{type: "js-path-traversal-concat", context: %{node_type: "BinaryExpression", depth: 7, parent_type: "ArrowFunctionExpression", in_function: "complexFunction7"}, location: %{depth: 7, end_column: 36, end_line: 6, start_line: 6, start_column: 31}, severity: "medium", pattern_id: "js-path-traversal-concat", pattern_name: "Path Traversal via String Concatenation", recommendation: "Review this code for potential security issues", confidence: 0.7, pattern_type: :path_traversal}
18:49:00.291 [debug] Match confidence: 0.15014999999999998, min_confidence: 0.7, match: %{type: "js-weak-crypto-md5", context: %{node_type: "CallExpression", depth: 7, parent_type: "ExpressionStatement", in_function: "complexFunction7"}, location: %{depth: 7, end_column: 32, end_line: 4, start_line: 4, start_column: 4}, severity: "medium", pattern_id: "js-weak-crypto-md5", pattern_name: "Weak Cryptography - MD5", recommendation: "Review this code for potential security issues", confidence: 0.7, pattern_type: :weak_crypto}
18:49:00.291 [debug] Match confidence: 0.15014999999999998, min_confidence: 0.7, match: %{type: "js-weak-crypto-md5", context: %{node_type: "CallExpression", depth: 9, parent_type: "BinaryExpression", in_function: "complexFunction7"}, location: %{depth: 9, end_column: 27, end_line: 4, start_line: 4, start_column: 14}, severity: "medium", pattern_id: "js-weak-crypto-md5", pattern_name: "Weak Cryptography - MD5", recommendation: "Review this code for potential security issues", confidence: 0.7, pattern_type: :weak_crypto}
18:49:00.291 [debug] Match confidence: 0.15014999999999998, min_confidence: 0.7, match: %{type: "js-weak-crypto-md5", context: %{node_type: "CallExpression", depth: 5, parent_type: "ReturnStatement", in_function: "complexFunction7"}, location: %{depth: 5, end_column: 40, end_line: 6, start_line: 6, start_column: 9}, severity: "medium", pattern_id: "js-weak-crypto-md5", pattern_name: "Weak Cryptography - MD5", recommendation: "Review this code for potential security issues", confidence: 0.7, pattern_type: :weak_crypto}
18:49:00.291 [debug] Match confidence: 0.15014999999999998, min_confidence: 0.7, match: %{type: "js-weak-crypto-sha1", context: %{node_type: "CallExpression", depth: 7, parent_type: "ExpressionStatement", in_function: "complexFunction7"}, location: %{depth: 7, end_column: 32, end_line: 4, start_line: 4, start_column: 4}, severity: "medium", pattern_id: "js-weak-crypto-sha1", pattern_name: "Weak Cryptography - SHA1", recommendation: "Review this code for potential security issues", confidence: 0.7, pattern_type: :weak_crypto}
18:49:00.291 [debug] Match confidence: 0.15014999999999998, min_confidence: 0.7, match: %{type: "js-weak-crypto-sha1", context: %{node_type: "CallExpression", depth: 9, parent_type: "BinaryExpression", in_function: "complexFunction7"}, location: %{depth: 9, end_column: 27, end_line: 4, start_line: 4, start_column: 14}, severity: "medium", pattern_id: "js-weak-crypto-sha1", pattern_name: "Weak Cryptography - SHA1", recommendation: "Review this code for potential security issues", confidence: 0.7, pattern_type: :weak_crypto}
18:49:00.291 [debug] Match confidence: 0.15014999999999998, min_confidence: 0.7, match: %{type: "js-weak-crypto-sha1", context: %{node_type: "CallExpression", depth: 5, parent_type: "ReturnStatement", in_function: "complexFunction7"}, location: %{depth: 5, end_column: 40, end_line: 6, start_line: 6, start_column: 9}, severity: "medium", pattern_id: "js-weak-crypto-sha1", pattern_name: "Weak Cryptography - SHA1", recommendation: "Review this code for potential security issues", confidence: 0.7, pattern_type: :weak_crypto}
18:49:00.291 [debug] Match confidence: 0.1848, min_confidence: 0.7, match: %{type: "js-hardcoded-secret-password", context: %{node_type: "VariableDeclarator", depth: 5, parent_type: "VariableDeclaration", in_function: "complexFunction7"}, location: %{depth: 5, end_column: 15, end_line: 2, start_line: 2, start_column: 6}, severity: "high", pattern_id: "js-hardcoded-secret-password", pattern_name: "Hardcoded Password", recommendation: "Review this code for potential security issues", confidence: 0.9, pattern_type: :hardcoded_secret}
18:49:00.291 [debug] Match confidence: 0.1848, min_confidence: 0.7, match: %{type: "js-hardcoded-secret-password", context: %{node_type: "VariableDeclarator", depth: 6, parent_type: "VariableDeclaration", in_function: "complexFunction7"}, location: %{depth: 6, end_column: 16, end_line: 3, start_line: 3, start_column: 11}, severity: "high", pattern_id: "js-hardcoded-secret-password", pattern_name: "Hardcoded Password", recommendation: "Review this code for potential security issues", confidence: 0.9, pattern_type: :hardcoded_secret}
18:49:00.291 [debug] Match confidence: 0.1848, min_confidence: 0.7, match: %{type: "js-hardcoded-secret-api-key", context: %{node_type: "VariableDeclarator", depth: 5, parent_type: "VariableDeclaration", in_function: "complexFunction7"}, location: %{depth: 5, end_column: 15, end_line: 2, start_line: 2, start_column: 6}, severity: "high", pattern_id: "js-hardcoded-secret-api-key", pattern_name: "Hardcoded API Key", recommendation: "Review this code for potential security issues", confidence: 0.9, pattern_type: :hardcoded_secret}
18:49:00.291 [debug] Match confidence: 0.1848, min_confidence: 0.7, match: %{type: "js-hardcoded-secret-api-key", context: %{node_type: "VariableDeclarator", depth: 6, parent_type: "VariableDeclaration", in_function: "complexFunction7"}, location: %{depth: 6, end_column: 16, end_line: 3, start_line: 3, start_column: 11}, severity: "high", pattern_id: "js-hardcoded-secret-api-key", pattern_name: "Hardcoded API Key", recommendation: "Review this code for potential security issues", confidence: 0.9, pattern_type: :hardcoded_secret}
18:49:00.291 [debug] Match confidence: 0.15014999999999998, min_confidence: 0.7, match: %{type: "js-open-redirect", context: %{node_type: "CallExpression", depth: 7, parent_type: "ExpressionStatement", in_function: "complexFunction7"}, location: %{depth: 7, end_column: 32, end_line: 4, start_line: 4, start_column: 4}, severity: "medium", pattern_id: "js-open-redirect", pattern_name: "Open Redirect Vulnerability", recommendation: "Review this code for potential security issues", confidence: 0.7, pattern_type: :open_redirect}
18:49:00.291 [debug] Match confidence: 0.15014999999999998, min_confidence: 0.7, match: %{type: "js-open-redirect", context: %{node_type: "CallExpression", depth: 9, parent_type: "BinaryExpression", in_function: "complexFunction7"}, location: %{depth: 9, end_column: 27, end_line: 4, start_line: 4, start_column: 14}, severity: "medium", pattern_id: "js-open-redirect", pattern_name: "Open Redirect Vulnerability", recommendation: "Review this code for potential security issues", confidence: 0.7, pattern_type: :open_redirect}
18:49:00.291 [debug] Match confidence: 0.15014999999999998, min_confidence: 0.7, match: %{type: "js-open-redirect", context: %{node_type: "CallExpression", depth: 5, parent_type: "ReturnStatement", in_function: "complexFunction7"}, location: %{depth: 5, end_column: 40, end_line: 6, start_line: 6, start_column: 9}, severity: "medium", pattern_id: "js-open-redirect", pattern_name: "Open Redirect Vulnerability", recommendation: "Review this code for potential security issues", confidence: 0.7, pattern_type: :open_redirect}
18:49:00.291 [debug] Match confidence: 0.15014999999999998, min_confidence: 0.7, match: %{type: "js-insecure-random", context: %{node_type: "CallExpression", depth: 7, parent_type: "ExpressionStatement", in_function: "complexFunction7"}, location: %{depth: 7, end_column: 32, end_line: 4, start_line: 4, start_column: 4}, severity: "medium", pattern_id: "js-insecure-random", pattern_name: "Insecure Random Number Generation", recommendation: "Review this code for potential security issues", confidence: 0.7, pattern_type: :insecure_random}
18:49:00.291 [debug] Match confidence: 0.15014999999999998, min_confidence: 0.7, match: %{type: "js-insecure-random", context: %{node_type: "CallExpression", depth: 9, parent_type: "BinaryExpression", in_function: "complexFunction7"}, location: %{depth: 9, end_column: 27, end_line: 4, start_line: 4, start_column: 14}, severity: "medium", pattern_id: "js-insecure-random", pattern_name: "Insecure Random Number Generation", recommendation: "Review this code for potential security issues", confidence: 0.7, pattern_type: :insecure_random}
18:49:00.291 [debug] Match confidence: 0.15014999999999998, min_confidence: 0.7, match: %{type: "js-insecure-random", context: %{node_type: "CallExpression", depth: 5, parent_type: "ReturnStatement", in_function: "complexFunction7"}, location: %{depth: 5, end_column: 40, end_line: 6, start_line: 6, start_column: 9}, severity: "medium", pattern_id: "js-insecure-random", pattern_name: "Insecure Random Number Generation", recommendation: "Review this code for potential security issues", confidence: 0.7, pattern_type: :insecure_random}
18:49:00.291 [debug] Match confidence: 0.11602499999999999, min_confidence: 0.7, match: %{type: "js-nosql-injection", context: %{node_type: "CallExpression", depth: 7, parent_type: "ExpressionStatement", in_function: "complexFunction7"}, location: %{depth: 7, end_column: 32, end_line: 4, start_line: 4, start_column: 4}, severity: "high", pattern_id: "js-nosql-injection", pattern_name: "NoSQL Injection", recommendation: "Review this code for potential security issues", confidence: 0.85, pattern_type: :nosql_injection}
18:49:00.291 [debug] Match confidence: 0.11602499999999999, min_confidence: 0.7, match: %{type: "js-nosql-injection", context: %{node_type: "CallExpression", depth: 9, parent_type: "BinaryExpression", in_function: "complexFunction7"}, location: %{depth: 9, end_column: 27, end_line: 4, start_line: 4, start_column: 14}, severity: "high", pattern_id: "js-nosql-injection", pattern_name: "NoSQL Injection", recommendation: "Review this code for potential security issues", confidence: 0.85, pattern_type: :nosql_injection}
18:49:00.291 [debug] Match confidence: 0.11602499999999999, min_confidence: 0.7, match: %{type: "js-nosql-injection", context: %{node_type: "CallExpression", depth: 5, parent_type: "ReturnStatement", in_function: "complexFunction7"}, location: %{depth: 5, end_column: 40, end_line: 6, start_line: 6, start_column: 9}, severity: "high", pattern_id: "js-nosql-injection", pattern_name: "NoSQL Injection", recommendation: "Review this code for potential security issues", confidence: 0.85, pattern_type: :nosql_injection}
18:49:00.291 [debug] Match confidence: 0.11602499999999999, min_confidence: 0.7, match: %{type: "js-ldap-injection", context: %{node_type: "CallExpression", depth: 7, parent_type: "ExpressionStatement", in_function: "complexFunction7"}, location: %{depth: 7, end_column: 32, end_line: 4, start_line: 4, start_column: 4}, severity: "high", pattern_id: "js-ldap-injection", pattern_name: "LDAP Injection", recommendation: "Review this code for potential security issues", confidence: 0.85, pattern_type: :ldap_injection}
18:49:00.291 [debug] Match confidence: 0.11602499999999999, min_confidence: 0.7, match: %{type: "js-ldap-injection", context: %{node_type: "CallExpression", depth: 9, parent_type: "BinaryExpression", in_function: "complexFunction7"}, location: %{depth: 9, end_column: 27, end_line: 4, start_line: 4, start_column: 14}, severity: "high", pattern_id: "js-ldap-injection", pattern_name: "LDAP Injection", recommendation: "Review this code for potential security issues", confidence: 0.85, pattern_type: :ldap_injection}
18:49:00.292 [debug] Match confidence: 0.11602499999999999, min_confidence: 0.7, match: %{type: "js-ldap-injection", context: %{node_type: "CallExpression", depth: 5, parent_type: "ReturnStatement", in_function: "complexFunction7"}, location: %{depth: 5, end_column: 40, end_line: 6, start_line: 6, start_column: 9}, severity: "high", pattern_id: "js-ldap-injection", pattern_name: "LDAP Injection", recommendation: "Review this code for potential security issues", confidence: 0.85, pattern_type: :ldap_injection}
18:49:00.292 [debug] Match confidence: 0.11602499999999999, min_confidence: 0.7, match: %{type: "js-xpath-injection", context: %{node_type: "CallExpression", depth: 7, parent_type: "ExpressionStatement", in_function: "complexFunction7"}, location: %{depth: 7, end_column: 32, end_line: 4, start_line: 4, start_column: 4}, severity: "high", pattern_id: "js-xpath-injection", pattern_name: "XPath Injection", recommendation: "Review this code for potential security issues", confidence: 0.85, pattern_type: :xpath_injection}
18:49:00.292 [debug] Match confidence: 0.11602499999999999, min_confidence: 0.7, match: %{type: "js-xpath-injection", context: %{node_type: "CallExpression", depth: 9, parent_type: "BinaryExpression", in_function: "complexFunction7"}, location: %{depth: 9, end_column: 27, end_line: 4, start_line: 4, start_column: 14}, severity: "high", pattern_id: "js-xpath-injection", pattern_name: "XPath Injection", recommendation: "Review this code for potential security issues", confidence: 0.85, pattern_type: :xpath_injection}
18:49:00.292 [debug] Match confidence: 0.11602499999999999, min_confidence: 0.7, match: %{type: "js-xpath-injection", context: %{node_type: "CallExpression", depth: 5, parent_type: "ReturnStatement", in_function: "complexFunction7"}, location: %{depth: 5, end_column: 40, end_line: 6, start_line: 6, start_column: 9}, severity: "high", pattern_id: "js-xpath-injection", pattern_name: "XPath Injection", recommendation: "Review this code for potential security issues", confidence: 0.85, pattern_type: :xpath_injection}
18:49:00.292 [debug] Match confidence: 0.15014999999999998, min_confidence: 0.7, match: %{type: "js-ssrf", context: %{node_type: "CallExpression", depth: 7, parent_type: "ExpressionStatement", in_function: "complexFunction7"}, location: %{depth: 7, end_column: 32, end_line: 4, start_line: 4, start_column: 4}, severity: "medium", pattern_id: "js-ssrf", pattern_name: "Server-Side Request Forgery (SSRF)", recommendation: "Review this code for potential security issues", confidence: 0.7, pattern_type: :ssrf}
18:49:00.292 [debug] Match confidence: 0.15014999999999998, min_confidence: 0.7, match: %{type: "js-ssrf", context: %{node_type: "CallExpression", depth: 9, parent_type: "BinaryExpression", in_function: "complexFunction7"}, location: %{depth: 9, end_column: 27, end_line: 4, start_line: 4, start_column: 14}, severity: "medium", pattern_id: "js-ssrf", pattern_name: "Server-Side Request Forgery (SSRF)", recommendation: "Review this code for potential security issues", confidence: 0.7, pattern_type: :ssrf}
18:49:00.292 [debug] Match confidence: 0.15014999999999998, min_confidence: 0.7, match: %{type: "js-ssrf", context: %{node_type: "CallExpression", depth: 5, parent_type: "ReturnStatement", in_function: "complexFunction7"}, location: %{depth: 5, end_column: 40, end_line: 6, start_line: 6, start_column: 9}, severity: "medium", pattern_id: "js-ssrf", pattern_name: "Server-Side Request Forgery (SSRF)", recommendation: "Review this code for potential security issues", confidence: 0.7, pattern_type: :ssrf}
18:49:00.292 [debug] Match confidence: 0.15014999999999998, min_confidence: 0.7, match: %{type: "js-insecure-deserialization", context: %{node_type: "CallExpression", depth: 7, parent_type: "ExpressionStatement", in_function: "complexFunction7"}, location: %{depth: 7, end_column: 32, end_line: 4, start_line: 4, start_column: 4}, severity: "medium", pattern_id: "js-insecure-deserialization", pattern_name: "Insecure Deserialization", recommendation: "Review this code for potential security issues", confidence: 0.7, pattern_type: :deserialization}
18:49:00.292 [debug] Match confidence: 0.15014999999999998, min_confidence: 0.7, match: %{type: "js-insecure-deserialization", context: %{node_type: "CallExpression", depth: 9, parent_type: "BinaryExpression", in_function: "complexFunction7"}, location: %{depth: 9, end_column: 27, end_line: 4, start_line: 4, start_column: 14}, severity: "medium", pattern_id: "js-insecure-deserialization", pattern_name: "Insecure Deserialization", recommendation: "Review this code for potential security issues", confidence: 0.7, pattern_type: :deserialization}
18:49:00.295 [debug] Match confidence: 0.15014999999999998, min_confidence: 0.7, match: %{type: "js-insecure-deserialization", context: %{node_type: "CallExpression", depth: 5, parent_type: "ReturnStatement", in_function: "complexFunction7"}, location: %{depth: 5, end_column: 40, end_line: 6, start_line: 6, start_column: 9}, severity: "medium", pattern_id: "js-insecure-deserialization", pattern_name: "Insecure Deserialization", recommendation: "Review this code for potential security issues", confidence: 0.7, pattern_type: :deserialization}
18:49:00.295 [debug] Match confidence: 0.15014999999999998, min_confidence: 0.7, match: %{type: "js-jwt-none-algorithm", context: %{node_type: "CallExpression", depth: 7, parent_type: "ExpressionStatement", in_function: "complexFunction7"}, location: %{depth: 7, end_column: 32, end_line: 4, start_line: 4, start_column: 4}, severity: "medium", pattern_id: "js-jwt-none-algorithm", pattern_name: "JWT None Algorithm Vulnerability", recommendation: "Review this code for potential security issues", confidence: 0.7, pattern_type: :authentication}
18:49:00.295 [debug] Match confidence: 0.15014999999999998, min_confidence: 0.7, match: %{type: "js-jwt-none-algorithm", context: %{node_type: "CallExpression", depth: 9, parent_type: "BinaryExpression", in_function: "complexFunction7"}, location: %{depth: 9, end_column: 27, end_line: 4, start_line: 4, start_column: 14}, severity: "medium", pattern_id: "js-jwt-none-algorithm", pattern_name: "JWT None Algorithm Vulnerability", recommendation: "Review this code for potential security issues", confidence: 0.7, pattern_type: :authentication}
18:49:00.295 [debug] Match confidence: 0.15014999999999998, min_confidence: 0.7, match: %{type: "js-jwt-none-algorithm", context: %{node_type: "CallExpression", depth: 5, parent_type: "ReturnStatement", in_function: "complexFunction7"}, location: %{depth: 5, end_column: 40, end_line: 6, start_line: 6, start_column: 9}, severity: "medium", pattern_id: "js-jwt-none-algorithm", pattern_name: "JWT None Algorithm Vulnerability", recommendation: "Review this code for potential security issues", confidence: 0.7, pattern_type: :authentication}
18:49:00.295 [debug] Match confidence: 0.15014999999999998, min_confidence: 0.7, match: %{type: "js-debug-console-log", context: %{node_type: "CallExpression", depth: 7, parent_type: "ExpressionStatement", in_function: "complexFunction7"}, location: %{depth: 7, end_column: 32, end_line: 4, start_line: 4, start_column: 4}, severity: "medium", pattern_id: "js-debug-console-log", pattern_name: "Sensitive Data in Console Logs", recommendation: "Review this code for potential security issues", confidence: 0.7, pattern_type: :information_disclosure}
18:49:00.295 [debug] Match confidence: 0.15014999999999998, min_confidence: 0.7, match: %{type: "js-debug-console-log", context: %{node_type: "CallExpression", depth: 9, parent_type: "BinaryExpression", in_function: "complexFunction7"}, location: %{depth: 9, end_column: 27, end_line: 4, start_line: 4, start_column: 14}, severity: "medium", pattern_id: "js-debug-console-log", pattern_name: "Sensitive Data in Console Logs", recommendation: "Review this code for potential security issues", confidence: 0.7, pattern_type: :information_disclosure}
18:49:00.295 [debug] Match confidence: 0.15014999999999998, min_confidence: 0.7, match: %{type: "js-debug-console-log", context: %{node_type: "CallExpression", depth: 5, parent_type: "ReturnStatement", in_function: "complexFunction7"}, location: %{depth: 5, end_column: 40, end_line: 6, start_line: 6, start_column: 9}, severity: "medium", pattern_id: "js-debug-console-log", pattern_name: "Sensitive Data in Console Logs", recommendation: "Review this code for potential security issues", confidence: 0.7, pattern_type: :information_disclosure}
18:49:00.435 [debug] Parser response received
18:49:00.435 [info] AnalysisService: Loaded 30 patterns for javascript
18:49:00.445 [info] AnalysisService: Found 47 matches
18:49:00.445 [debug] Match confidence: 0.15435, min_confidence: 0.7, match: %{type: "js-xss-document-write", context: %{node_type: "CallExpression", depth: 7, parent_type: "ExpressionStatement", in_function: "complexFunction8"}, location: %{depth: 7, end_column: 32, end_line: 4, start_line: 4, start_column: 4}, severity: "high", pattern_id: "js-xss-document-write", pattern_name: "Cross-Site Scripting (XSS) via document.write", recommendation: "Review this code for potential security issues", confidence: 0.85, pattern_type: :xss}
18:49:00.445 [debug] Match confidence: 0.15435, min_confidence: 0.7, match: %{type: "js-xss-document-write", context: %{node_type: "CallExpression", depth: 9, parent_type: "BinaryExpression", in_function: "complexFunction8"}, location: %{depth: 9, end_column: 27, end_line: 4, start_line: 4, start_column: 14}, severity: "high", pattern_id: "js-xss-document-write", pattern_name: "Cross-Site Scripting (XSS) via document.write", recommendation: "Review this code for potential security issues", confidence: 0.85, pattern_type: :xss}
18:49:00.445 [debug] Match confidence: 0.15435, min_confidence: 0.7, match: %{type: "js-xss-document-write", context: %{node_type: "CallExpression", depth: 5, parent_type: "ReturnStatement", in_function: "complexFunction8"}, location: %{depth: 5, end_column: 40, end_line: 6, start_line: 6, start_column: 9}, severity: "high", pattern_id: "js-xss-document-write", pattern_name: "Cross-Site Scripting (XSS) via document.write", recommendation: "Review this code for potential security issues", confidence: 0.85, pattern_type: :xss}
18:49:00.445 [debug] Match confidence: 0.15435, min_confidence: 0.7, match: %{type: "js-xss-jquery-html", context: %{node_type: "CallExpression", depth: 7, parent_type: "ExpressionStatement", in_function: "complexFunction8"}, location: %{depth: 7, end_column: 32, end_line: 4, start_line: 4, start_column: 4}, severity: "high", pattern_id: "js-xss-jquery-html", pattern_name: "XSS via jQuery html()", recommendation: "Review this code for potential security issues", confidence: 0.85, pattern_type: :xss}
18:49:00.445 [debug] Match confidence: 0.15435, min_confidence: 0.7, match: %{type: "js-xss-jquery-html", context: %{node_type: "CallExpression", depth: 9, parent_type: "BinaryExpression", in_function: "complexFunction8"}, location: %{depth: 9, end_column: 27, end_line: 4, start_line: 4, start_column: 14}, severity: "high", pattern_id: "js-xss-jquery-html", pattern_name: "XSS via jQuery html()", recommendation: "Review this code for potential security issues", confidence: 0.85, pattern_type: :xss}
18:49:00.445 [debug] Match confidence: 0.15435, min_confidence: 0.7, match: %{type: "js-xss-jquery-html", context: %{node_type: "CallExpression", depth: 5, parent_type: "ReturnStatement", in_function: "complexFunction8"}, location: %{depth: 5, end_column: 40, end_line: 6, start_line: 6, start_column: 9}, severity: "high", pattern_id: "js-xss-jquery-html", pattern_name: "XSS via jQuery html()", recommendation: "Review this code for potential security issues", confidence: 0.85, pattern_type: :xss}
18:49:00.445 [debug] Match confidence: 0.15014999999999998, min_confidence: 0.7, match: %{type: "js-path-traversal-join", context: %{node_type: "CallExpression", depth: 7, parent_type: "ExpressionStatement", in_function: "complexFunction8"}, location: %{depth: 7, end_column: 32, end_line: 4, start_line: 4, start_column: 4}, severity: "medium", pattern_id: "js-path-traversal-join", pattern_name: "Path Traversal via path.join", recommendation: "Review this code for potential security issues", confidence: 0.7, pattern_type: :path_traversal}
18:49:00.446 [debug] Match confidence: 0.15014999999999998, min_confidence: 0.7, match: %{type: "js-path-traversal-join", context: %{node_type: "CallExpression", depth: 9, parent_type: "BinaryExpression", in_function: "complexFunction8"}, location: %{depth: 9, end_column: 27, end_line: 4, start_line: 4, start_column: 14}, severity: "medium", pattern_id: "js-path-traversal-join", pattern_name: "Path Traversal via path.join", recommendation: "Review this code for potential security issues", confidence: 0.7, pattern_type: :path_traversal}
18:49:00.446 [debug] Match confidence: 0.15014999999999998, min_confidence: 0.7, match: %{type: "js-path-traversal-join", context: %{node_type: "CallExpression", depth: 5, parent_type: "ReturnStatement", in_function: "complexFunction8"}, location: %{depth: 5, end_column: 40, end_line: 6, start_line: 6, start_column: 9}, severity: "medium", pattern_id: "js-path-traversal-join", pattern_name: "Path Traversal via path.join", recommendation: "Review this code for potential security issues", confidence: 0.7, pattern_type: :path_traversal}
18:49:00.447 [debug] Match confidence: 0.15014999999999998, min_confidence: 0.7, match: %{type: "js-path-traversal-concat", context: %{node_type: "BinaryExpression", depth: 7, parent_type: "ArrowFunctionExpression", in_function: "complexFunction8"}, location: %{depth: 7, end_column: 36, end_line: 6, start_line: 6, start_column: 31}, severity: "medium", pattern_id: "js-path-traversal-concat", pattern_name: "Path Traversal via String Concatenation", recommendation: "Review this code for potential security issues", confidence: 0.7, pattern_type: :path_traversal}
18:49:00.448 [debug] Match confidence: 0.15014999999999998, min_confidence: 0.7, match: %{type: "js-weak-crypto-md5", context: %{node_type: "CallExpression", depth: 7, parent_type: "ExpressionStatement", in_function: "complexFunction8"}, location: %{depth: 7, end_column: 32, end_line: 4, start_line: 4, start_column: 4}, severity: "medium", pattern_id: "js-weak-crypto-md5", pattern_name: "Weak Cryptography - MD5", recommendation: "Review this code for potential security issues", confidence: 0.7, pattern_type: :weak_crypto}
18:49:00.448 [debug] Match confidence: 0.15014999999999998, min_confidence: 0.7, match: %{type: "js-weak-crypto-md5", context: %{node_type: "CallExpression", depth: 9, parent_type: "BinaryExpression", in_function: "complexFunction8"}, location: %{depth: 9, end_column: 27, end_line: 4, start_line: 4, start_column: 14}, severity: "medium", pattern_id: "js-weak-crypto-md5", pattern_name: "Weak Cryptography - MD5", recommendation: "Review this code for potential security issues", confidence: 0.7, pattern_type: :weak_crypto}
18:49:00.448 [debug] Match confidence: 0.15014999999999998, min_confidence: 0.7, match: %{type: "js-weak-crypto-md5", context: %{node_type: "CallExpression", depth: 5, parent_type: "ReturnStatement", in_function: "complexFunction8"}, location: %{depth: 5, end_column: 40, end_line: 6, start_line: 6, start_column: 9}, severity: "medium", pattern_id: "js-weak-crypto-md5", pattern_name: "Weak Cryptography - MD5", recommendation: "Review this code for potential security issues", confidence: 0.7, pattern_type: :weak_crypto}
18:49:00.448 [debug] Match confidence: 0.15014999999999998, min_confidence: 0.7, match: %{type: "js-weak-crypto-sha1", context: %{node_type: "CallExpression", depth: 7, parent_type: "ExpressionStatement", in_function: "complexFunction8"}, location: %{depth: 7, end_column: 32, end_line: 4, start_line: 4, start_column: 4}, severity: "medium", pattern_id: "js-weak-crypto-sha1", pattern_name: "Weak Cryptography - SHA1", recommendation: "Review this code for potential security issues", confidence: 0.7, pattern_type: :weak_crypto}
18:49:00.448 [debug] Match confidence: 0.15014999999999998, min_confidence: 0.7, match: %{type: "js-weak-crypto-sha1", context: %{node_type: "CallExpression", depth: 9, parent_type: "BinaryExpression", in_function: "complexFunction8"}, location: %{depth: 9, end_column: 27, end_line: 4, start_line: 4, start_column: 14}, severity: "medium", pattern_id: "js-weak-crypto-sha1", pattern_name: "Weak Cryptography - SHA1", recommendation: "Review this code for potential security issues", confidence: 0.7, pattern_type: :weak_crypto}
18:49:00.448 [debug] Match confidence: 0.15014999999999998, min_confidence: 0.7, match: %{type: "js-weak-crypto-sha1", context: %{node_type: "CallExpression", depth: 5, parent_type: "ReturnStatement", in_function: "complexFunction8"}, location: %{depth: 5, end_column: 40, end_line: 6, start_line: 6, start_column: 9}, severity: "medium", pattern_id: "js-weak-crypto-sha1", pattern_name: "Weak Cryptography - SHA1", recommendation: "Review this code for potential security issues", confidence: 0.7, pattern_type: :weak_crypto}
18:49:00.448 [debug] Match confidence: 0.1848, min_confidence: 0.7, match: %{type: "js-hardcoded-secret-password", context: %{node_type: "VariableDeclarator", depth: 5, parent_type: "VariableDeclaration", in_function: "complexFunction8"}, location: %{depth: 5, end_column: 15, end_line: 2, start_line: 2, start_column: 6}, severity: "high", pattern_id: "js-hardcoded-secret-password", pattern_name: "Hardcoded Password", recommendation: "Review this code for potential security issues", confidence: 0.9, pattern_type: :hardcoded_secret}
18:49:00.448 [debug] Match confidence: 0.1848, min_confidence: 0.7, match: %{type: "js-hardcoded-secret-password", context: %{node_type: "VariableDeclarator", depth: 6, parent_type: "VariableDeclaration", in_function: "complexFunction8"}, location: %{depth: 6, end_column: 16, end_line: 3, start_line: 3, start_column: 11}, severity: "high", pattern_id: "js-hardcoded-secret-password", pattern_name: "Hardcoded Password", recommendation: "Review this code for potential security issues", confidence: 0.9, pattern_type: :hardcoded_secret}
18:49:00.448 [debug] Match confidence: 0.1848, min_confidence: 0.7, match: %{type: "js-hardcoded-secret-api-key", context: %{node_type: "VariableDeclarator", depth: 5, parent_type: "VariableDeclaration", in_function: "complexFunction8"}, location: %{depth: 5, end_column: 15, end_line: 2, start_line: 2, start_column: 6}, severity: "high", pattern_id: "js-hardcoded-secret-api-key", pattern_name: "Hardcoded API Key", recommendation: "Review this code for potential security issues", confidence: 0.9, pattern_type: :hardcoded_secret}
18:49:00.448 [debug] Match confidence: 0.1848, min_confidence: 0.7, match: %{type: "js-hardcoded-secret-api-key", context: %{node_type: "VariableDeclarator", depth: 6, parent_type: "VariableDeclaration", in_function: "complexFunction8"}, location: %{depth: 6, end_column: 16, end_line: 3, start_line: 3, start_column: 11}, severity: "high", pattern_id: "js-hardcoded-secret-api-key", pattern_name: "Hardcoded API Key", recommendation: "Review this code for potential security issues", confidence: 0.9, pattern_type: :hardcoded_secret}
18:49:00.448 [debug] Match confidence: 0.15014999999999998, min_confidence: 0.7, match: %{type: "js-open-redirect", context: %{node_type: "CallExpression", depth: 7, parent_type: "ExpressionStatement", in_function: "complexFunction8"}, location: %{depth: 7, end_column: 32, end_line: 4, start_line: 4, start_column: 4}, severity: "medium", pattern_id: "js-open-redirect", pattern_name: "Open Redirect Vulnerability", recommendation: "Review this code for potential security issues", confidence: 0.7, pattern_type: :open_redirect}
18:49:00.448 [debug] Match confidence: 0.15014999999999998, min_confidence: 0.7, match: %{type: "js-open-redirect", context: %{node_type: "CallExpression", depth: 9, parent_type: "BinaryExpression", in_function: "complexFunction8"}, location: %{depth: 9, end_column: 27, end_line: 4, start_line: 4, start_column: 14}, severity: "medium", pattern_id: "js-open-redirect", pattern_name: "Open Redirect Vulnerability", recommendation: "Review this code for potential security issues", confidence: 0.7, pattern_type: :open_redirect}
18:49:00.448 [debug] Match confidence: 0.15014999999999998, min_confidence: 0.7, match: %{type: "js-open-redirect", context: %{node_type: "CallExpression", depth: 5, parent_type: "ReturnStatement", in_function: "complexFunction8"}, location: %{depth: 5, end_column: 40, end_line: 6, start_line: 6, start_column: 9}, severity: "medium", pattern_id: "js-open-redirect", pattern_name: "Open Redirect Vulnerability", recommendation: "Review this code for potential security issues", confidence: 0.7, pattern_type: :open_redirect}
18:49:00.448 [debug] Match confidence: 0.15014999999999998, min_confidence: 0.7, match: %{type: "js-insecure-random", context: %{node_type: "CallExpression", depth: 7, parent_type: "ExpressionStatement", in_function: "complexFunction8"}, location: %{depth: 7, end_column: 32, end_line: 4, start_line: 4, start_column: 4}, severity: "medium", pattern_id: "js-insecure-random", pattern_name: "Insecure Random Number Generation", recommendation: "Review this code for potential security issues", confidence: 0.7, pattern_type: :insecure_random}
18:49:00.448 [debug] Match confidence: 0.15014999999999998, min_confidence: 0.7, match: %{type: "js-insecure-random", context: %{node_type: "CallExpression", depth: 9, parent_type: "BinaryExpression", in_function: "complexFunction8"}, location: %{depth: 9, end_column: 27, end_line: 4, start_line: 4, start_column: 14}, severity: "medium", pattern_id: "js-insecure-random", pattern_name: "Insecure Random Number Generation", recommendation: "Review this code for potential security issues", confidence: 0.7, pattern_type: :insecure_random}
18:49:00.448 [debug] Match confidence: 0.15014999999999998, min_confidence: 0.7, match: %{type: "js-insecure-random", context: %{node_type: "CallExpression", depth: 5, parent_type: "ReturnStatement", in_function: "complexFunction8"}, location: %{depth: 5, end_column: 40, end_line: 6, start_line: 6, start_column: 9}, severity: "medium", pattern_id: "js-insecure-random", pattern_name: "Insecure Random Number Generation", recommendation: "Review this code for potential security issues", confidence: 0.7, pattern_type: :insecure_random}
18:49:00.448 [debug] Match confidence: 0.11602499999999999, min_confidence: 0.7, match: %{type: "js-nosql-injection", context: %{node_type: "CallExpression", depth: 7, parent_type: "ExpressionStatement", in_function: "complexFunction8"}, location: %{depth: 7, end_column: 32, end_line: 4, start_line: 4, start_column: 4}, severity: "high", pattern_id: "js-nosql-injection", pattern_name: "NoSQL Injection", recommendation: "Review this code for potential security issues", confidence: 0.85, pattern_type: :nosql_injection}
18:49:00.448 [debug] Match confidence: 0.11602499999999999, min_confidence: 0.7, match: %{type: "js-nosql-injection", context: %{node_type: "CallExpression", depth: 9, parent_type: "BinaryExpression", in_function: "complexFunction8"}, location: %{depth: 9, end_column: 27, end_line: 4, start_line: 4, start_column: 14}, severity: "high", pattern_id: "js-nosql-injection", pattern_name: "NoSQL Injection", recommendation: "Review this code for potential security issues", confidence: 0.85, pattern_type: :nosql_injection}
18:49:00.448 [debug] Match confidence: 0.11602499999999999, min_confidence: 0.7, match: %{type: "js-nosql-injection", context: %{node_type: "CallExpression", depth: 5, parent_type: "ReturnStatement", in_function: "complexFunction8"}, location: %{depth: 5, end_column: 40, end_line: 6, start_line: 6, start_column: 9}, severity: "high", pattern_id: "js-nosql-injection", pattern_name: "NoSQL Injection", recommendation: "Review this code for potential security issues", confidence: 0.85, pattern_type: :nosql_injection}
18:49:00.448 [debug] Match confidence: 0.11602499999999999, min_confidence: 0.7, match: %{type: "js-ldap-injection", context: %{node_type: "CallExpression", depth: 7, parent_type: "ExpressionStatement", in_function: "complexFunction8"}, location: %{depth: 7, end_column: 32, end_line: 4, start_line: 4, start_column: 4}, severity: "high", pattern_id: "js-ldap-injection", pattern_name: "LDAP Injection", recommendation: "Review this code for potential security issues", confidence: 0.85, pattern_type: :ldap_injection}
18:49:00.449 [debug] Match confidence: 0.11602499999999999, min_confidence: 0.7, match: %{type: "js-ldap-injection", context: %{node_type: "CallExpression", depth: 9, parent_type: "BinaryExpression", in_function: "complexFunction8"}, location: %{depth: 9, end_column: 27, end_line: 4, start_line: 4, start_column: 14}, severity: "high", pattern_id: "js-ldap-injection", pattern_name: "LDAP Injection", recommendation: "Review this code for potential security issues", confidence: 0.85, pattern_type: :ldap_injection}
18:49:00.449 [debug] Match confidence: 0.11602499999999999, min_confidence: 0.7, match: %{type: "js-ldap-injection", context: %{node_type: "CallExpression", depth: 5, parent_type: "ReturnStatement", in_function: "complexFunction8"}, location: %{depth: 5, end_column: 40, end_line: 6, start_line: 6, start_column: 9}, severity: "high", pattern_id: "js-ldap-injection", pattern_name: "LDAP Injection", recommendation: "Review this code for potential security issues", confidence: 0.85, pattern_type: :ldap_injection}
18:49:00.449 [debug] Match confidence: 0.11602499999999999, min_confidence: 0.7, match: %{type: "js-xpath-injection", context: %{node_type: "CallExpression", depth: 7, parent_type: "ExpressionStatement", in_function: "complexFunction8"}, location: %{depth: 7, end_column: 32, end_line: 4, start_line: 4, start_column: 4}, severity: "high", pattern_id: "js-xpath-injection", pattern_name: "XPath Injection", recommendation: "Review this code for potential security issues", confidence: 0.85, pattern_type: :xpath_injection}
18:49:00.449 [debug] Match confidence: 0.11602499999999999, min_confidence: 0.7, match: %{type: "js-xpath-injection", context: %{node_type: "CallExpression", depth: 9, parent_type: "BinaryExpression", in_function: "complexFunction8"}, location: %{depth: 9, end_column: 27, end_line: 4, start_line: 4, start_column: 14}, severity: "high", pattern_id: "js-xpath-injection", pattern_name: "XPath Injection", recommendation: "Review this code for potential security issues", confidence: 0.85, pattern_type: :xpath_injection}
18:49:00.449 [debug] Match confidence: 0.11602499999999999, min_confidence: 0.7, match: %{type: "js-xpath-injection", context: %{node_type: "CallExpression", depth: 5, parent_type: "ReturnStatement", in_function: "complexFunction8"}, location: %{depth: 5, end_column: 40, end_line: 6, start_line: 6, start_column: 9}, severity: "high", pattern_id: "js-xpath-injection", pattern_name: "XPath Injection", recommendation: "Review this code for potential security issues", confidence: 0.85, pattern_type: :xpath_injection}
18:49:00.449 [debug] Match confidence: 0.15014999999999998, min_confidence: 0.7, match: %{type: "js-ssrf", context: %{node_type: "CallExpression", depth: 7, parent_type: "ExpressionStatement", in_function: "complexFunction8"}, location: %{depth: 7, end_column: 32, end_line: 4, start_line: 4, start_column: 4}, severity: "medium", pattern_id: "js-ssrf", pattern_name: "Server-Side Request Forgery (SSRF)", recommendation: "Review this code for potential security issues", confidence: 0.7, pattern_type: :ssrf}
18:49:00.449 [debug] Match confidence: 0.15014999999999998, min_confidence: 0.7, match: %{type: "js-ssrf", context: %{node_type: "CallExpression", depth: 9, parent_type: "BinaryExpression", in_function: "complexFunction8"}, location: %{depth: 9, end_column: 27, end_line: 4, start_line: 4, start_column: 14}, severity: "medium", pattern_id: "js-ssrf", pattern_name: "Server-Side Request Forgery (SSRF)", recommendation: "Review this code for potential security issues", confidence: 0.7, pattern_type: :ssrf}
18:49:00.449 [debug] Match confidence: 0.15014999999999998, min_confidence: 0.7, match: %{type: "js-ssrf", context: %{node_type: "CallExpression", depth: 5, parent_type: "ReturnStatement", in_function: "complexFunction8"}, location: %{depth: 5, end_column: 40, end_line: 6, start_line: 6, start_column: 9}, severity: "medium", pattern_id: "js-ssrf", pattern_name: "Server-Side Request Forgery (SSRF)", recommendation: "Review this code for potential security issues", confidence: 0.7, pattern_type: :ssrf}
18:49:00.449 [debug] Match confidence: 0.15014999999999998, min_confidence: 0.7, match: %{type: "js-insecure-deserialization", context: %{node_type: "CallExpression", depth: 7, parent_type: "ExpressionStatement", in_function: "complexFunction8"}, location: %{depth: 7, end_column: 32, end_line: 4, start_line: 4, start_column: 4}, severity: "medium", pattern_id: "js-insecure-deserialization", pattern_name: "Insecure Deserialization", recommendation: "Review this code for potential security issues", confidence: 0.7, pattern_type: :deserialization}
18:49:00.449 [debug] Match confidence: 0.15014999999999998, min_confidence: 0.7, match: %{type: "js-insecure-deserialization", context: %{node_type: "CallExpression", depth: 9, parent_type: "BinaryExpression", in_function: "complexFunction8"}, location: %{depth: 9, end_column: 27, end_line: 4, start_line: 4, start_column: 14}, severity: "medium", pattern_id: "js-insecure-deserialization", pattern_name: "Insecure Deserialization", recommendation: "Review this code for potential security issues", confidence: 0.7, pattern_type: :deserialization}
18:49:00.449 [debug] Match confidence: 0.15014999999999998, min_confidence: 0.7, match: %{type: "js-insecure-deserialization", context: %{node_type: "CallExpression", depth: 5, parent_type: "ReturnStatement", in_function: "complexFunction8"}, location: %{depth: 5, end_column: 40, end_line: 6, start_line: 6, start_column: 9}, severity: "medium", pattern_id: "js-insecure-deserialization", pattern_name: "Insecure Deserialization", recommendation: "Review this code for potential security issues", confidence: 0.7, pattern_type: :deserialization}
18:49:00.449 [debug] Match confidence: 0.15014999999999998, min_confidence: 0.7, match: %{type: "js-jwt-none-algorithm", context: %{node_type: "CallExpression", depth: 7, parent_type: "ExpressionStatement", in_function: "complexFunction8"}, location: %{depth: 7, end_column: 32, end_line: 4, start_line: 4, start_column: 4}, severity: "medium", pattern_id: "js-jwt-none-algorithm", pattern_name: "JWT None Algorithm Vulnerability", recommendation: "Review this code for potential security issues", confidence: 0.7, pattern_type: :authentication}
18:49:00.449 [debug] Match confidence: 0.15014999999999998, min_confidence: 0.7, match: %{type: "js-jwt-none-algorithm", context: %{node_type: "CallExpression", depth: 9, parent_type: "BinaryExpression", in_function: "complexFunction8"}, location: %{depth: 9, end_column: 27, end_line: 4, start_line: 4, start_column: 14}, severity: "medium", pattern_id: "js-jwt-none-algorithm", pattern_name: "JWT None Algorithm Vulnerability", recommendation: "Review this code for potential security issues", confidence: 0.7, pattern_type: :authentication}
18:49:00.449 [debug] Match confidence: 0.15014999999999998, min_confidence: 0.7, match: %{type: "js-jwt-none-algorithm", context: %{node_type: "CallExpression", depth: 5, parent_type: "ReturnStatement", in_function: "complexFunction8"}, location: %{depth: 5, end_column: 40, end_line: 6, start_line: 6, start_column: 9}, severity: "medium", pattern_id: "js-jwt-none-algorithm", pattern_name: "JWT None Algorithm Vulnerability", recommendation: "Review this code for potential security issues", confidence: 0.7, pattern_type: :authentication}
18:49:00.449 [debug] Match confidence: 0.15014999999999998, min_confidence: 0.7, match: %{type: "js-debug-console-log", context: %{node_type: "CallExpression", depth: 7, parent_type: "ExpressionStatement", in_function: "complexFunction8"}, location: %{depth: 7, end_column: 32, end_line: 4, start_line: 4, start_column: 4}, severity: "medium", pattern_id: "js-debug-console-log", pattern_name: "Sensitive Data in Console Logs", recommendation: "Review this code for potential security issues", confidence: 0.7, pattern_type: :information_disclosure}
18:49:00.449 [debug] Match confidence: 0.15014999999999998, min_confidence: 0.7, match: %{type: "js-debug-console-log", context: %{node_type: "CallExpression", depth: 9, parent_type: "BinaryExpression", in_function: "complexFunction8"}, location: %{depth: 9, end_column: 27, end_line: 4, start_line: 4, start_column: 14}, severity: "medium", pattern_id: "js-debug-console-log", pattern_name: "Sensitive Data in Console Logs", recommendation: "Review this code for potential security issues", confidence: 0.7, pattern_type: :information_disclosure}
18:49:00.449 [debug] Match confidence: 0.15014999999999998, min_confidence: 0.7, match: %{type: "js-debug-console-log", context: %{node_type: "CallExpression", depth: 5, parent_type: "ReturnStatement", in_function: "complexFunction8"}, location: %{depth: 5, end_column: 40, end_line: 6, start_line: 6, start_column: 9}, severity: "medium", pattern_id: "js-debug-console-log", pattern_name: "Sensitive Data in Console Logs", recommendation: "Review this code for potential security issues", confidence: 0.7, pattern_type: :information_disclosure}
18:49:00.451 [info] AnalysisService: Loaded 30 patterns for javascript
18:49:00.462 [info] AnalysisService: Found 47 matches
18:49:00.462 [debug] Match confidence: 0.15435, min_confidence: 0.7, match: %{type: "js-xss-document-write", context: %{node_type: "CallExpression", depth: 7, parent_type: "ExpressionStatement", in_function: "complexFunction1"}, location: %{depth: 7, end_column: 32, end_line: 4, start_line: 4, start_column: 4}, severity: "high", pattern_id: "js-xss-document-write", pattern_name: "Cross-Site Scripting (XSS) via document.write", recommendation: "Review this code for potential security issues", confidence: 0.85, pattern_type: :xss}
18:49:00.462 [debug] Match confidence: 0.15435, min_confidence: 0.7, match: %{type: "js-xss-document-write", context: %{node_type: "CallExpression", depth: 9, parent_type: "BinaryExpression", in_function: "complexFunction1"}, location: %{depth: 9, end_column: 27, end_line: 4, start_line: 4, start_column: 14}, severity: "high", pattern_id: "js-xss-document-write", pattern_name: "Cross-Site Scripting (XSS) via document.write", recommendation: "Review this code for potential security issues", confidence: 0.85, pattern_type: :xss}
18:49:00.462 [debug] Match confidence: 0.15435, min_confidence: 0.7, match: %{type: "js-xss-document-write", context: %{node_type: "CallExpression", depth: 5, parent_type: "ReturnStatement", in_function: "complexFunction1"}, location: %{depth: 5, end_column: 40, end_line: 6, start_line: 6, start_column: 9}, severity: "high", pattern_id: "js-xss-document-write", pattern_name: "Cross-Site Scripting (XSS) via document.write", recommendation: "Review this code for potential security issues", confidence: 0.85, pattern_type: :xss}
18:49:00.462 [debug] Match confidence: 0.15435, min_confidence: 0.7, match: %{type: "js-xss-jquery-html", context: %{node_type: "CallExpression", depth: 7, parent_type: "ExpressionStatement", in_function: "complexFunction1"}, location: %{depth: 7, end_column: 32, end_line: 4, start_line: 4, start_column: 4}, severity: "high", pattern_id: "js-xss-jquery-html", pattern_name: "XSS via jQuery html()", recommendation: "Review this code for potential security issues", confidence: 0.85, pattern_type: :xss}
18:49:00.462 [debug] Match confidence: 0.15435, min_confidence: 0.7, match: %{type: "js-xss-jquery-html", context: %{node_type: "CallExpression", depth: 9, parent_type: "BinaryExpression", in_function: "complexFunction1"}, location: %{depth: 9, end_column: 27, end_line: 4, start_line: 4, start_column: 14}, severity: "high", pattern_id: "js-xss-jquery-html", pattern_name: "XSS via jQuery html()", recommendation: "Review this code for potential security issues", confidence: 0.85, pattern_type: :xss}
18:49:00.462 [debug] Match confidence: 0.15435, min_confidence: 0.7, match: %{type: "js-xss-jquery-html", context: %{node_type: "CallExpression", depth: 5, parent_type: "ReturnStatement", in_function: "complexFunction1"}, location: %{depth: 5, end_column: 40, end_line: 6, start_line: 6, start_column: 9}, severity: "high", pattern_id: "js-xss-jquery-html", pattern_name: "XSS via jQuery html()", recommendation: "Review this code for potential security issues", confidence: 0.85, pattern_type: :xss}
18:49:00.462 [debug] Match confidence: 0.15014999999999998, min_confidence: 0.7, match: %{type: "js-path-traversal-join", context: %{node_type: "CallExpression", depth: 7, parent_type: "ExpressionStatement", in_function: "complexFunction1"}, location: %{depth: 7, end_column: 32, end_line: 4, start_line: 4, start_column: 4}, severity: "medium", pattern_id: "js-path-traversal-join", pattern_name: "Path Traversal via path.join", recommendation: "Review this code for potential security issues", confidence: 0.7, pattern_type: :path_traversal}
18:49:00.462 [debug] Match confidence: 0.15014999999999998, min_confidence: 0.7, match: %{type: "js-path-traversal-join", context: %{node_type: "CallExpression", depth: 9, parent_type: "BinaryExpression", in_function: "complexFunction1"}, location: %{depth: 9, end_column: 27, end_line: 4, start_line: 4, start_column: 14}, severity: "medium", pattern_id: "js-path-traversal-join", pattern_name: "Path Traversal via path.join", recommendation: "Review this code for potential security issues", confidence: 0.7, pattern_type: :path_traversal}
18:49:00.462 [debug] Match confidence: 0.15014999999999998, min_confidence: 0.7, match: %{type: "js-path-traversal-join", context: %{node_type: "CallExpression", depth: 5, parent_type: "ReturnStatement", in_function: "complexFunction1"}, location: %{depth: 5, end_column: 40, end_line: 6, start_line: 6, start_column: 9}, severity: "medium", pattern_id: "js-path-traversal-join", pattern_name: "Path Traversal via path.join", recommendation: "Review this code for potential security issues", confidence: 0.7, pattern_type: :path_traversal}
18:49:00.462 [debug] Match confidence: 0.15014999999999998, min_confidence: 0.7, match: %{type: "js-path-traversal-concat", context: %{node_type: "BinaryExpression", depth: 7, parent_type: "ArrowFunctionExpression", in_function: "complexFunction1"}, location: %{depth: 7, end_column: 36, end_line: 6, start_line: 6, start_column: 31}, severity: "medium", pattern_id: "js-path-traversal-concat", pattern_name: "Path Traversal via String Concatenation", recommendation: "Review this code for potential security issues", confidence: 0.7, pattern_type: :path_traversal}
18:49:00.462 [debug] Match confidence: 0.15014999999999998, min_confidence: 0.7, match: %{type: "js-weak-crypto-md5", context: %{node_type: "CallExpression", depth: 7, parent_type: "ExpressionStatement", in_function: "complexFunction1"}, location: %{depth: 7, end_column: 32, end_line: 4, start_line: 4, start_column: 4}, severity: "medium", pattern_id: "js-weak-crypto-md5", pattern_name: "Weak Cryptography - MD5", recommendation: "Review this code for potential security issues", confidence: 0.7, pattern_type: :weak_crypto}
18:49:00.462 [debug] Match confidence: 0.15014999999999998, min_confidence: 0.7, match: %{type: "js-weak-crypto-md5", context: %{node_type: "CallExpression", depth: 9, parent_type: "BinaryExpression", in_function: "complexFunction1"}, location: %{depth: 9, end_column: 27, end_line: 4, start_line: 4, start_column: 14}, severity: "medium", pattern_id: "js-weak-crypto-md5", pattern_name: "Weak Cryptography - MD5", recommendation: "Review this code for potential security issues", confidence: 0.7, pattern_type: :weak_crypto}
18:49:00.463 [debug] Match confidence: 0.15014999999999998, min_confidence: 0.7, match: %{type: "js-weak-crypto-md5", context: %{node_type: "CallExpression", depth: 5, parent_type: "ReturnStatement", in_function: "complexFunction1"}, location: %{depth: 5, end_column: 40, end_line: 6, start_line: 6, start_column: 9}, severity: "medium", pattern_id: "js-weak-crypto-md5", pattern_name: "Weak Cryptography - MD5", recommendation: "Review this code for potential security issues", confidence: 0.7, pattern_type: :weak_crypto}
18:49:00.463 [debug] Match confidence: 0.15014999999999998, min_confidence: 0.7, match: %{type: "js-weak-crypto-sha1", context: %{node_type: "CallExpression", depth: 7, parent_type: "ExpressionStatement", in_function: "complexFunction1"}, location: %{depth: 7, end_column: 32, end_line: 4, start_line: 4, start_column: 4}, severity: "medium", pattern_id: "js-weak-crypto-sha1", pattern_name: "Weak Cryptography - SHA1", recommendation: "Review this code for potential security issues", confidence: 0.7, pattern_type: :weak_crypto}
18:49:00.463 [debug] Match confidence: 0.15014999999999998, min_confidence: 0.7, match: %{type: "js-weak-crypto-sha1", context: %{node_type: "CallExpression", depth: 9, parent_type: "BinaryExpression", in_function: "complexFunction1"}, location: %{depth: 9, end_column: 27, end_line: 4, start_line: 4, start_column: 14}, severity: "medium", pattern_id: "js-weak-crypto-sha1", pattern_name: "Weak Cryptography - SHA1", recommendation: "Review this code for potential security issues", confidence: 0.7, pattern_type: :weak_crypto}
18:49:00.463 [debug] Match confidence: 0.15014999999999998, min_confidence: 0.7, match: %{type: "js-weak-crypto-sha1", context: %{node_type: "CallExpression", depth: 5, parent_type: "ReturnStatement", in_function: "complexFunction1"}, location: %{depth: 5, end_column: 40, end_line: 6, start_line: 6, start_column: 9}, severity: "medium", pattern_id: "js-weak-crypto-sha1", pattern_name: "Weak Cryptography - SHA1", recommendation: "Review this code for potential security issues", confidence: 0.7, pattern_type: :weak_crypto}
18:49:00.463 [debug] Match confidence: 0.1848, min_confidence: 0.7, match: %{type: "js-hardcoded-secret-password", context: %{node_type: "VariableDeclarator", depth: 5, parent_type: "VariableDeclaration", in_function: "complexFunction1"}, location: %{depth: 5, end_column: 15, end_line: 2, start_line: 2, start_column: 6}, severity: "high", pattern_id: "js-hardcoded-secret-password", pattern_name: "Hardcoded Password", recommendation: "Review this code for potential security issues", confidence: 0.9, pattern_type: :hardcoded_secret}
18:49:00.463 [debug] Match confidence: 0.1848, min_confidence: 0.7, match: %{type: "js-hardcoded-secret-password", context: %{node_type: "VariableDeclarator", depth: 6, parent_type: "VariableDeclaration", in_function: "complexFunction1"}, location: %{depth: 6, end_column: 16, end_line: 3, start_line: 3, start_column: 11}, severity: "high", pattern_id: "js-hardcoded-secret-password", pattern_name: "Hardcoded Password", recommendation: "Review this code for potential security issues", confidence: 0.9, pattern_type: :hardcoded_secret}
18:49:00.463 [debug] Match confidence: 0.1848, min_confidence: 0.7, match: %{type: "js-hardcoded-secret-api-key", context: %{node_type: "VariableDeclarator", depth: 5, parent_type: "VariableDeclaration", in_function: "complexFunction1"}, location: %{depth: 5, end_column: 15, end_line: 2, start_line: 2, start_column: 6}, severity: "high", pattern_id: "js-hardcoded-secret-api-key", pattern_name: "Hardcoded API Key", recommendation: "Review this code for potential security issues", confidence: 0.9, pattern_type: :hardcoded_secret}
18:49:00.463 [debug] Match confidence: 0.1848, min_confidence: 0.7, match: %{type: "js-hardcoded-secret-api-key", context: %{node_type: "VariableDeclarator", depth: 6, parent_type: "VariableDeclaration", in_function: "complexFunction1"}, location: %{depth: 6, end_column: 16, end_line: 3, start_line: 3, start_column: 11}, severity: "high", pattern_id: "js-hardcoded-secret-api-key", pattern_name: "Hardcoded API Key", recommendation: "Review this code for potential security issues", confidence: 0.9, pattern_type: :hardcoded_secret}
18:49:00.463 [debug] Match confidence: 0.15014999999999998, min_confidence: 0.7, match: %{type: "js-open-redirect", context: %{node_type: "CallExpression", depth: 7, parent_type: "ExpressionStatement", in_function: "complexFunction1"}, location: %{depth: 7, end_column: 32, end_line: 4, start_line: 4, start_column: 4}, severity: "medium", pattern_id: "js-open-redirect", pattern_name: "Open Redirect Vulnerability", recommendation: "Review this code for potential security issues", confidence: 0.7, pattern_type: :open_redirect}
18:49:00.463 [debug] Match confidence: 0.15014999999999998, min_confidence: 0.7, match: %{type: "js-open-redirect", context: %{node_type: "CallExpression", depth: 9, parent_type: "BinaryExpression", in_function: "complexFunction1"}, location: %{depth: 9, end_column: 27, end_line: 4, start_line: 4, start_column: 14}, severity: "medium", pattern_id: "js-open-redirect", pattern_name: "Open Redirect Vulnerability", recommendation: "Review this code for potential security issues", confidence: 0.7, pattern_type: :open_redirect}
18:49:00.463 [debug] Match confidence: 0.15014999999999998, min_confidence: 0.7, match: %{type: "js-open-redirect", context: %{node_type: "CallExpression", depth: 5, parent_type: "ReturnStatement", in_function: "complexFunction1"}, location: %{depth: 5, end_column: 40, end_line: 6, start_line: 6, start_column: 9}, severity: "medium", pattern_id: "js-open-redirect", pattern_name: "Open Redirect Vulnerability", recommendation: "Review this code for potential security issues", confidence: 0.7, pattern_type: :open_redirect}
18:49:00.463 [debug] Match confidence: 0.15014999999999998, min_confidence: 0.7, match: %{type: "js-insecure-random", context: %{node_type: "CallExpression", depth: 7, parent_type: "ExpressionStatement", in_function: "complexFunction1"}, location: %{depth: 7, end_column: 32, end_line: 4, start_line: 4, start_column: 4}, severity: "medium", pattern_id: "js-insecure-random", pattern_name: "Insecure Random Number Generation", recommendation: "Review this code for potential security issues", confidence: 0.7, pattern_type: :insecure_random}
18:49:00.463 [debug] Match confidence: 0.15014999999999998, min_confidence: 0.7, match: %{type: "js-insecure-random", context: %{node_type: "CallExpression", depth: 9, parent_type: "BinaryExpression", in_function: "complexFunction1"}, location: %{depth: 9, end_column: 27, end_line: 4, start_line: 4, start_column: 14}, severity: "medium", pattern_id: "js-insecure-random", pattern_name: "Insecure Random Number Generation", recommendation: "Review this code for potential security issues", confidence: 0.7, pattern_type: :insecure_random}
18:49:00.463 [debug] Match confidence: 0.15014999999999998, min_confidence: 0.7, match: %{type: "js-insecure-random", context: %{node_type: "CallExpression", depth: 5, parent_type: "ReturnStatement", in_function: "complexFunction1"}, location: %{depth: 5, end_column: 40, end_line: 6, start_line: 6, start_column: 9}, severity: "medium", pattern_id: "js-insecure-random", pattern_name: "Insecure Random Number Generation", recommendation: "Review this code for potential security issues", confidence: 0.7, pattern_type: :insecure_random}
18:49:00.463 [debug] Match confidence: 0.11602499999999999, min_confidence: 0.7, match: %{type: "js-nosql-injection", context: %{node_type: "CallExpression", depth: 7, parent_type: "ExpressionStatement", in_function: "complexFunction1"}, location: %{depth: 7, end_column: 32, end_line: 4, start_line: 4, start_column: 4}, severity: "high", pattern_id: "js-nosql-injection", pattern_name: "NoSQL Injection", recommendation: "Review this code for potential security issues", confidence: 0.85, pattern_type: :nosql_injection}
18:49:00.463 [debug] Match confidence: 0.11602499999999999, min_confidence: 0.7, match: %{type: "js-nosql-injection", context: %{node_type: "CallExpression", depth: 9, parent_type: "BinaryExpression", in_function: "complexFunction1"}, location: %{depth: 9, end_column: 27, end_line: 4, start_line: 4, start_column: 14}, severity: "high", pattern_id: "js-nosql-injection", pattern_name: "NoSQL Injection", recommendation: "Review this code for potential security issues", confidence: 0.85, pattern_type: :nosql_injection}
18:49:00.464 [debug] Match confidence: 0.11602499999999999, min_confidence: 0.7, match: %{type: "js-nosql-injection", context: %{node_type: "CallExpression", depth: 5, parent_type: "ReturnStatement", in_function: "complexFunction1"}, location: %{depth: 5, end_column: 40, end_line: 6, start_line: 6, start_column: 9}, severity: "high", pattern_id: "js-nosql-injection", pattern_name: "NoSQL Injection", recommendation: "Review this code for potential security issues", confidence: 0.85, pattern_type: :nosql_injection}
18:49:00.464 [debug] Match confidence: 0.11602499999999999, min_confidence: 0.7, match: %{type: "js-ldap-injection", context: %{node_type: "CallExpression", depth: 7, parent_type: "ExpressionStatement", in_function: "complexFunction1"}, location: %{depth: 7, end_column: 32, end_line: 4, start_line: 4, start_column: 4}, severity: "high", pattern_id: "js-ldap-injection", pattern_name: "LDAP Injection", recommendation: "Review this code for potential security issues", confidence: 0.85, pattern_type: :ldap_injection}
18:49:00.464 [debug] Match confidence: 0.11602499999999999, min_confidence: 0.7, match: %{type: "js-ldap-injection", context: %{node_type: "CallExpression", depth: 9, parent_type: "BinaryExpression", in_function: "complexFunction1"}, location: %{depth: 9, end_column: 27, end_line: 4, start_line: 4, start_column: 14}, severity: "high", pattern_id: "js-ldap-injection", pattern_name: "LDAP Injection", recommendation: "Review this code for potential security issues", confidence: 0.85, pattern_type: :ldap_injection}
18:49:00.464 [debug] Match confidence: 0.11602499999999999, min_confidence: 0.7, match: %{type: "js-ldap-injection", context: %{node_type: "CallExpression", depth: 5, parent_type: "ReturnStatement", in_function: "complexFunction1"}, location: %{depth: 5, end_column: 40, end_line: 6, start_line: 6, start_column: 9}, severity: "high", pattern_id: "js-ldap-injection", pattern_name: "LDAP Injection", recommendation: "Review this code for potential security issues", confidence: 0.85, pattern_type: :ldap_injection}
18:49:00.464 [debug] Match confidence: 0.11602499999999999, min_confidence: 0.7, match: %{type: "js-xpath-injection", context: %{node_type: "CallExpression", depth: 7, parent_type: "ExpressionStatement", in_function: "complexFunction1"}, location: %{depth: 7, end_column: 32, end_line: 4, start_line: 4, start_column: 4}, severity: "high", pattern_id: "js-xpath-injection", pattern_name: "XPath Injection", recommendation: "Review this code for potential security issues", confidence: 0.85, pattern_type: :xpath_injection}
18:49:00.464 [debug] Match confidence: 0.11602499999999999, min_confidence: 0.7, match: %{type: "js-xpath-injection", context: %{node_type: "CallExpression", depth: 9, parent_type: "BinaryExpression", in_function: "complexFunction1"}, location: %{depth: 9, end_column: 27, end_line: 4, start_line: 4, start_column: 14}, severity: "high", pattern_id: "js-xpath-injection", pattern_name: "XPath Injection", recommendation: "Review this code for potential security issues", confidence: 0.85, pattern_type: :xpath_injection}
18:49:00.464 [debug] Match confidence: 0.11602499999999999, min_confidence: 0.7, match: %{type: "js-xpath-injection", context: %{node_type: "CallExpression", depth: 5, parent_type: "ReturnStatement", in_function: "complexFunction1"}, location: %{depth: 5, end_column: 40, end_line: 6, start_line: 6, start_column: 9}, severity: "high", pattern_id: "js-xpath-injection", pattern_name: "XPath Injection", recommendation: "Review this code for potential security issues", confidence: 0.85, pattern_type: :xpath_injection}
18:49:00.464 [debug] Match confidence: 0.15014999999999998, min_confidence: 0.7, match: %{type: "js-ssrf", context: %{node_type: "CallExpression", depth: 7, parent_type: "ExpressionStatement", in_function: "complexFunction1"}, location: %{depth: 7, end_column: 32, end_line: 4, start_line: 4, start_column: 4}, severity: "medium", pattern_id: "js-ssrf", pattern_name: "Server-Side Request Forgery (SSRF)", recommendation: "Review this code for potential security issues", confidence: 0.7, pattern_type: :ssrf}
18:49:00.464 [debug] Match confidence: 0.15014999999999998, min_confidence: 0.7, match: %{type: "js-ssrf", context: %{node_type: "CallExpression", depth: 9, parent_type: "BinaryExpression", in_function: "complexFunction1"}, location: %{depth: 9, end_column: 27, end_line: 4, start_line: 4, start_column: 14}, severity: "medium", pattern_id: "js-ssrf", pattern_name: "Server-Side Request Forgery (SSRF)", recommendation: "Review this code for potential security issues", confidence: 0.7, pattern_type: :ssrf}
18:49:00.464 [debug] Match confidence: 0.15014999999999998, min_confidence: 0.7, match: %{type: "js-ssrf", context: %{node_type: "CallExpression", depth: 5, parent_type: "ReturnStatement", in_function: "complexFunction1"}, location: %{depth: 5, end_column: 40, end_line: 6, start_line: 6, start_column: 9}, severity: "medium", pattern_id: "js-ssrf", pattern_name: "Server-Side Request Forgery (SSRF)", recommendation: "Review this code for potential security issues", confidence: 0.7, pattern_type: :ssrf}
18:49:00.464 [debug] Match confidence: 0.15014999999999998, min_confidence: 0.7, match: %{type: "js-insecure-deserialization", context: %{node_type: "CallExpression", depth: 7, parent_type: "ExpressionStatement", in_function: "complexFunction1"}, location: %{depth: 7, end_column: 32, end_line: 4, start_line: 4, start_column: 4}, severity: "medium", pattern_id: "js-insecure-deserialization", pattern_name: "Insecure Deserialization", recommendation: "Review this code for potential security issues", confidence: 0.7, pattern_type: :deserialization}
18:49:00.464 [debug] Match confidence: 0.15014999999999998, min_confidence: 0.7, match: %{type: "js-insecure-deserialization", context: %{node_type: "CallExpression", depth: 9, parent_type: "BinaryExpression", in_function: "complexFunction1"}, location: %{depth: 9, end_column: 27, end_line: 4, start_line: 4, start_column: 14}, severity: "medium", pattern_id: "js-insecure-deserialization", pattern_name: "Insecure Deserialization", recommendation: "Review this code for potential security issues", confidence: 0.7, pattern_type: :deserialization}
18:49:00.464 [debug] Match confidence: 0.15014999999999998, min_confidence: 0.7, match: %{type: "js-insecure-deserialization", context: %{node_type: "CallExpression", depth: 5, parent_type: "ReturnStatement", in_function: "complexFunction1"}, location: %{depth: 5, end_column: 40, end_line: 6, start_line: 6, start_column: 9}, severity: "medium", pattern_id: "js-insecure-deserialization", pattern_name: "Insecure Deserialization", recommendation: "Review this code for potential security issues", confidence: 0.7, pattern_type: :deserialization}
18:49:00.464 [debug] Match confidence: 0.15014999999999998, min_confidence: 0.7, match: %{type: "js-jwt-none-algorithm", context: %{node_type: "CallExpression", depth: 7, parent_type: "ExpressionStatement", in_function: "complexFunction1"}, location: %{depth: 7, end_column: 32, end_line: 4, start_line: 4, start_column: 4}, severity: "medium", pattern_id: "js-jwt-none-algorithm", pattern_name: "JWT None Algorithm Vulnerability", recommendation: "Review this code for potential security issues", confidence: 0.7, pattern_type: :authentication}
18:49:00.464 [debug] Match confidence: 0.15014999999999998, min_confidence: 0.7, match: %{type: "js-jwt-none-algorithm", context: %{node_type: "CallExpression", depth: 9, parent_type: "BinaryExpression", in_function: "complexFunction1"}, location: %{depth: 9, end_column: 27, end_line: 4, start_line: 4, start_column: 14}, severity: "medium", pattern_id: "js-jwt-none-algorithm", pattern_name: "JWT None Algorithm Vulnerability", recommendation: "Review this code for potential security issues", confidence: 0.7, pattern_type: :authentication}
18:49:00.464 [debug] Match confidence: 0.15014999999999998, min_confidence: 0.7, match: %{type: "js-jwt-none-algorithm", context: %{node_type: "CallExpression", depth: 5, parent_type: "ReturnStatement", in_function: "complexFunction1"}, location: %{depth: 5, end_column: 40, end_line: 6, start_line: 6, start_column: 9}, severity: "medium", pattern_id: "js-jwt-none-algorithm", pattern_name: "JWT None Algorithm Vulnerability", recommendation: "Review this code for potential security issues", confidence: 0.7, pattern_type: :authentication}
18:49:00.464 [debug] Match confidence: 0.15014999999999998, min_confidence: 0.7, match: %{type: "js-debug-console-log", context: %{node_type: "CallExpression", depth: 7, parent_type: "ExpressionStatement", in_function: "complexFunction1"}, location: %{depth: 7, end_column: 32, end_line: 4, start_line: 4, start_column: 4}, severity: "medium", pattern_id: "js-debug-console-log", pattern_name: "Sensitive Data in Console Logs", recommendation: "Review this code for potential security issues", confidence: 0.7, pattern_type: :information_disclosure}
18:49:00.464 [debug] Match confidence: 0.15014999999999998, min_confidence: 0.7, match: %{type: "js-debug-console-log", context: %{node_type: "CallExpression", depth: 9, parent_type: "BinaryExpression", in_function: "complexFunction1"}, location: %{depth: 9, end_column: 27, end_line: 4, start_line: 4, start_column: 14}, severity: "medium", pattern_id: "js-debug-console-log", pattern_name: "Sensitive Data in Console Logs", recommendation: "Review this code for potential security issues", confidence: 0.7, pattern_type: :information_disclosure}
18:49:00.464 [debug] Match confidence: 0.15014999999999998, min_confidence: 0.7, match: %{type: "js-debug-console-log", context: %{node_type: "CallExpression", depth: 5, parent_type: "ReturnStatement", in_function: "complexFunction1"}, location: %{depth: 5, end_column: 40, end_line: 6, start_line: 6, start_column: 9}, severity: "medium", pattern_id: "js-debug-console-log", pattern_name: "Sensitive Data in Console Logs", recommendation: "Review this code for potential security issues", confidence: 0.7, pattern_type: :information_disclosure}
18:49:00.464 [info] AnalysisService: Loaded 30 patterns for javascript
18:49:00.478 [info] AnalysisService: Found 47 matches
18:49:00.479 [debug] Match confidence: 0.15435, min_confidence: 0.7, match: %{type: "js-xss-document-write", context: %{node_type: "CallExpression", depth: 7, parent_type: "ExpressionStatement", in_function: "complexFunction2"}, location: %{depth: 7, end_column: 32, end_line: 4, start_line: 4, start_column: 4}, severity: "high", pattern_id: "js-xss-document-write", pattern_name: "Cross-Site Scripting (XSS) via document.write", recommendation: "Review this code for potential security issues", confidence: 0.85, pattern_type: :xss}
18:49:00.479 [debug] Match confidence: 0.15435, min_confidence: 0.7, match: %{type: "js-xss-document-write", context: %{node_type: "CallExpression", depth: 9, parent_type: "BinaryExpression", in_function: "complexFunction2"}, location: %{depth: 9, end_column: 27, end_line: 4, start_line: 4, start_column: 14}, severity: "high", pattern_id: "js-xss-document-write", pattern_name: "Cross-Site Scripting (XSS) via document.write", recommendation: "Review this code for potential security issues", confidence: 0.85, pattern_type: :xss}
18:49:00.479 [debug] Match confidence: 0.15435, min_confidence: 0.7, match: %{type: "js-xss-document-write", context: %{node_type: "CallExpression", depth: 5, parent_type: "ReturnStatement", in_function: "complexFunction2"}, location: %{depth: 5, end_column: 40, end_line: 6, start_line: 6, start_column: 9}, severity: "high", pattern_id: "js-xss-document-write", pattern_name: "Cross-Site Scripting (XSS) via document.write", recommendation: "Review this code for potential security issues", confidence: 0.85, pattern_type: :xss}
18:49:00.479 [debug] Match confidence: 0.15435, min_confidence: 0.7, match: %{type: "js-xss-jquery-html", context: %{node_type: "CallExpression", depth: 7, parent_type: "ExpressionStatement", in_function: "complexFunction2"}, location: %{depth: 7, end_column: 32, end_line: 4, start_line: 4, start_column: 4}, severity: "high", pattern_id: "js-xss-jquery-html", pattern_name: "XSS via jQuery html()", recommendation: "Review this code for potential security issues", confidence: 0.85, pattern_type: :xss}
18:49:00.479 [debug] Match confidence: 0.15435, min_confidence: 0.7, match: %{type: "js-xss-jquery-html", context: %{node_type: "CallExpression", depth: 9, parent_type: "BinaryExpression", in_function: "complexFunction2"}, location: %{depth: 9, end_column: 27, end_line: 4, start_line: 4, start_column: 14}, severity: "high", pattern_id: "js-xss-jquery-html", pattern_name: "XSS via jQuery html()", recommendation: "Review this code for potential security issues", confidence: 0.85, pattern_type: :xss}
18:49:00.479 [debug] Match confidence: 0.15435, min_confidence: 0.7, match: %{type: "js-xss-jquery-html", context: %{node_type: "CallExpression", depth: 5, parent_type: "ReturnStatement", in_function: "complexFunction2"}, location: %{depth: 5, end_column: 40, end_line: 6, start_line: 6, start_column: 9}, severity: "high", pattern_id: "js-xss-jquery-html", pattern_name: "XSS via jQuery html()", recommendation: "Review this code for potential security issues", confidence: 0.85, pattern_type: :xss}
18:49:00.479 [debug] Match confidence: 0.15014999999999998, min_confidence: 0.7, match: %{type: "js-path-traversal-join", context: %{node_type: "CallExpression", depth: 7, parent_type: "ExpressionStatement", in_function: "complexFunction2"}, location: %{depth: 7, end_column: 32, end_line: 4, start_line: 4, start_column: 4}, severity: "medium", pattern_id: "js-path-traversal-join", pattern_name: "Path Traversal via path.join", recommendation: "Review this code for potential security issues", confidence: 0.7, pattern_type: :path_traversal}
18:49:00.479 [debug] Match confidence: 0.15014999999999998, min_confidence: 0.7, match: %{type: "js-path-traversal-join", context: %{node_type: "CallExpression", depth: 9, parent_type: "BinaryExpression", in_function: "complexFunction2"}, location: %{depth: 9, end_column: 27, end_line: 4, start_line: 4, start_column: 14}, severity: "medium", pattern_id: "js-path-traversal-join", pattern_name: "Path Traversal via path.join", recommendation: "Review this code for potential security issues", confidence: 0.7, pattern_type: :path_traversal}
18:49:00.479 [debug] Match confidence: 0.15014999999999998, min_confidence: 0.7, match: %{type: "js-path-traversal-join", context: %{node_type: "CallExpression", depth: 5, parent_type: "ReturnStatement", in_function: "complexFunction2"}, location: %{depth: 5, end_column: 40, end_line: 6, start_line: 6, start_column: 9}, severity: "medium", pattern_id: "js-path-traversal-join", pattern_name: "Path Traversal via path.join", recommendation: "Review this code for potential security issues", confidence: 0.7, pattern_type: :path_traversal}
18:49:00.479 [debug] Match confidence: 0.15014999999999998, min_confidence: 0.7, match: %{type: "js-path-traversal-concat", context: %{node_type: "BinaryExpression", depth: 7, parent_type: "ArrowFunctionExpression", in_function: "complexFunction2"}, location: %{depth: 7, end_column: 36, end_line: 6, start_line: 6, start_column: 31}, severity: "medium", pattern_id: "js-path-traversal-concat", pattern_name: "Path Traversal via String Concatenation", recommendation: "Review this code for potential security issues", confidence: 0.7, pattern_type: :path_traversal}
18:49:00.479 [debug] Match confidence: 0.15014999999999998, min_confidence: 0.7, match: %{type: "js-weak-crypto-md5", context: %{node_type: "CallExpression", depth: 7, parent_type: "ExpressionStatement", in_function: "complexFunction2"}, location: %{depth: 7, end_column: 32, end_line: 4, start_line: 4, start_column: 4}, severity: "medium", pattern_id: "js-weak-crypto-md5", pattern_name: "Weak Cryptography - MD5", recommendation: "Review this code for potential security issues", confidence: 0.7, pattern_type: :weak_crypto}
18:49:00.479 [debug] Match confidence: 0.15014999999999998, min_confidence: 0.7, match: %{type: "js-weak-crypto-md5", context: %{node_type: "CallExpression", depth: 9, parent_type: "BinaryExpression", in_function: "complexFunction2"}, location: %{depth: 9, end_column: 27, end_line: 4, start_line: 4, start_column: 14}, severity: "medium", pattern_id: "js-weak-crypto-md5", pattern_name: "Weak Cryptography - MD5", recommendation: "Review this code for potential security issues", confidence: 0.7, pattern_type: :weak_crypto}
18:49:00.479 [debug] Match confidence: 0.15014999999999998, min_confidence: 0.7, match: %{type: "js-weak-crypto-md5", context: %{node_type: "CallExpression", depth: 5, parent_type: "ReturnStatement", in_function: "complexFunction2"}, location: %{depth: 5, end_column: 40, end_line: 6, start_line: 6, start_column: 9}, severity: "medium", pattern_id: "js-weak-crypto-md5", pattern_name: "Weak Cryptography - MD5", recommendation: "Review this code for potential security issues", confidence: 0.7, pattern_type: :weak_crypto}
18:49:00.479 [debug] Match confidence: 0.15014999999999998, min_confidence: 0.7, match: %{type: "js-weak-crypto-sha1", context: %{node_type: "CallExpression", depth: 7, parent_type: "ExpressionStatement", in_function: "complexFunction2"}, location: %{depth: 7, end_column: 32, end_line: 4, start_line: 4, start_column: 4}, severity: "medium", pattern_id: "js-weak-crypto-sha1", pattern_name: "Weak Cryptography - SHA1", recommendation: "Review this code for potential security issues", confidence: 0.7, pattern_type: :weak_crypto}
18:49:00.479 [debug] Match confidence: 0.15014999999999998, min_confidence: 0.7, match: %{type: "js-weak-crypto-sha1", context: %{node_type: "CallExpression", depth: 9, parent_type: "BinaryExpression", in_function: "complexFunction2"}, location: %{depth: 9, end_column: 27, end_line: 4, start_line: 4, start_column: 14}, severity: "medium", pattern_id: "js-weak-crypto-sha1", pattern_name: "Weak Cryptography - SHA1", recommendation: "Review this code for potential security issues", confidence: 0.7, pattern_type: :weak_crypto}
18:49:00.479 [debug] Match confidence: 0.15014999999999998, min_confidence: 0.7, match: %{type: "js-weak-crypto-sha1", context: %{node_type: "CallExpression", depth: 5, parent_type: "ReturnStatement", in_function: "complexFunction2"}, location: %{depth: 5, end_column: 40, end_line: 6, start_line: 6, start_column: 9}, severity: "medium", pattern_id: "js-weak-crypto-sha1", pattern_name: "Weak Cryptography - SHA1", recommendation: "Review this code for potential security issues", confidence: 0.7, pattern_type: :weak_crypto}
18:49:00.479 [debug] Match confidence: 0.1848, min_confidence: 0.7, match: %{type: "js-hardcoded-secret-password", context: %{node_type: "VariableDeclarator", depth: 5, parent_type: "VariableDeclaration", in_function: "complexFunction2"}, location: %{depth: 5, end_column: 15, end_line: 2, start_line: 2, start_column: 6}, severity: "high", pattern_id: "js-hardcoded-secret-password", pattern_name: "Hardcoded Password", recommendation: "Review this code for potential security issues", confidence: 0.9, pattern_type: :hardcoded_secret}
18:49:00.479 [debug] Match confidence: 0.1848, min_confidence: 0.7, match: %{type: "js-hardcoded-secret-password", context: %{node_type: "VariableDeclarator", depth: 6, parent_type: "VariableDeclaration", in_function: "complexFunction2"}, location: %{depth: 6, end_column: 16, end_line: 3, start_line: 3, start_column: 11}, severity: "high", pattern_id: "js-hardcoded-secret-password", pattern_name: "Hardcoded Password", recommendation: "Review this code for potential security issues", confidence: 0.9, pattern_type: :hardcoded_secret}
18:49:00.479 [debug] Match confidence: 0.1848, min_confidence: 0.7, match: %{type: "js-hardcoded-secret-api-key", context: %{node_type: "VariableDeclarator", depth: 5, parent_type: "VariableDeclaration", in_function: "complexFunction2"}, location: %{depth: 5, end_column: 15, end_line: 2, start_line: 2, start_column: 6}, severity: "high", pattern_id: "js-hardcoded-secret-api-key", pattern_name: "Hardcoded API Key", recommendation: "Review this code for potential security issues", confidence: 0.9, pattern_type: :hardcoded_secret}
18:49:00.479 [debug] Match confidence: 0.1848, min_confidence: 0.7, match: %{type: "js-hardcoded-secret-api-key", context: %{node_type: "VariableDeclarator", depth: 6, parent_type: "VariableDeclaration", in_function: "complexFunction2"}, location: %{depth: 6, end_column: 16, end_line: 3, start_line: 3, start_column: 11}, severity: "high", pattern_id: "js-hardcoded-secret-api-key", pattern_name: "Hardcoded API Key", recommendation: "Review this code for potential security issues", confidence: 0.9, pattern_type: :hardcoded_secret}
18:49:00.479 [debug] Match confidence: 0.15014999999999998, min_confidence: 0.7, match: %{type: "js-open-redirect", context: %{node_type: "CallExpression", depth: 7, parent_type: "ExpressionStatement", in_function: "complexFunction2"}, location: %{depth: 7, end_column: 32, end_line: 4, start_line: 4, start_column: 4}, severity: "medium", pattern_id: "js-open-redirect", pattern_name: "Open Redirect Vulnerability", recommendation: "Review this code for potential security issues", confidence: 0.7, pattern_type: :open_redirect}
18:49:00.479 [debug] Match confidence: 0.15014999999999998, min_confidence: 0.7, match: %{type: "js-open-redirect", context: %{node_type: "CallExpression", depth: 9, parent_type: "BinaryExpression", in_function: "complexFunction2"}, location: %{depth: 9, end_column: 27, end_line: 4, start_line: 4, start_column: 14}, severity: "medium", pattern_id: "js-open-redirect", pattern_name: "Open Redirect Vulnerability", recommendation: "Review this code for potential security issues", confidence: 0.7, pattern_type: :open_redirect}
18:49:00.479 [debug] Match confidence: 0.15014999999999998, min_confidence: 0.7, match: %{type: "js-open-redirect", context: %{node_type: "CallExpression", depth: 5, parent_type: "ReturnStatement", in_function: "complexFunction2"}, location: %{depth: 5, end_column: 40, end_line: 6, start_line: 6, start_column: 9}, severity: "medium", pattern_id: "js-open-redirect", pattern_name: "Open Redirect Vulnerability", recommendation: "Review this code for potential security issues", confidence: 0.7, pattern_type: :open_redirect}
18:49:00.479 [debug] Match confidence: 0.15014999999999998, min_confidence: 0.7, match: %{type: "js-insecure-random", context: %{node_type: "CallExpression", depth: 7, parent_type: "ExpressionStatement", in_function: "complexFunction2"}, location: %{depth: 7, end_column: 32, end_line: 4, start_line: 4, start_column: 4}, severity: "medium", pattern_id: "js-insecure-random", pattern_name: "Insecure Random Number Generation", recommendation: "Review this code for potential security issues", confidence: 0.7, pattern_type: :insecure_random}
18:49:00.479 [debug] Match confidence: 0.15014999999999998, min_confidence: 0.7, match: %{type: "js-insecure-random", context: %{node_type: "CallExpression", depth: 9, parent_type: "BinaryExpression", in_function: "complexFunction2"}, location: %{depth: 9, end_column: 27, end_line: 4, start_line: 4, start_column: 14}, severity: "medium", pattern_id: "js-insecure-random", pattern_name: "Insecure Random Number Generation", recommendation: "Review this code for potential security issues", confidence: 0.7, pattern_type: :insecure_random}
18:49:00.479 [debug] Match confidence: 0.15014999999999998, min_confidence: 0.7, match: %{type: "js-insecure-random", context: %{node_type: "CallExpression", depth: 5, parent_type: "ReturnStatement", in_function: "complexFunction2"}, location: %{depth: 5, end_column: 40, end_line: 6, start_line: 6, start_column: 9}, severity: "medium", pattern_id: "js-insecure-random", pattern_name: "Insecure Random Number Generation", recommendation: "Review this code for potential security issues", confidence: 0.7, pattern_type: :insecure_random}
18:49:00.480 [debug] Match confidence: 0.11602499999999999, min_confidence: 0.7, match: %{type: "js-nosql-injection", context: %{node_type: "CallExpression", depth: 7, parent_type: "ExpressionStatement", in_function: "complexFunction2"}, location: %{depth: 7, end_column: 32, end_line: 4, start_line: 4, start_column: 4}, severity: "high", pattern_id: "js-nosql-injection", pattern_name: "NoSQL Injection", recommendation: "Review this code for potential security issues", confidence: 0.85, pattern_type: :nosql_injection}
18:49:00.480 [debug] Match confidence: 0.11602499999999999, min_confidence: 0.7, match: %{type: "js-nosql-injection", context: %{node_type: "CallExpression", depth: 9, parent_type: "BinaryExpression", in_function: "complexFunction2"}, location: %{depth: 9, end_column: 27, end_line: 4, start_line: 4, start_column: 14}, severity: "high", pattern_id: "js-nosql-injection", pattern_name: "NoSQL Injection", recommendation: "Review this code for potential security issues", confidence: 0.85, pattern_type: :nosql_injection}
18:49:00.480 [debug] Match confidence: 0.11602499999999999, min_confidence: 0.7, match: %{type: "js-nosql-injection", context: %{node_type: "CallExpression", depth: 5, parent_type: "ReturnStatement", in_function: "complexFunction2"}, location: %{depth: 5, end_column: 40, end_line: 6, start_line: 6, start_column: 9}, severity: "high", pattern_id: "js-nosql-injection", pattern_name: "NoSQL Injection", recommendation: "Review this code for potential security issues", confidence: 0.85, pattern_type: :nosql_injection}
18:49:00.480 [debug] Match confidence: 0.11602499999999999, min_confidence: 0.7, match: %{type: "js-ldap-injection", context: %{node_type: "CallExpression", depth: 7, parent_type: "ExpressionStatement", in_function: "complexFunction2"}, location: %{depth: 7, end_column: 32, end_line: 4, start_line: 4, start_column: 4}, severity: "high", pattern_id: "js-ldap-injection", pattern_name: "LDAP Injection", recommendation: "Review this code for potential security issues", confidence: 0.85, pattern_type: :ldap_injection}
18:49:00.480 [debug] Match confidence: 0.11602499999999999, min_confidence: 0.7, match: %{type: "js-ldap-injection", context: %{node_type: "CallExpression", depth: 9, parent_type: "BinaryExpression", in_function: "complexFunction2"}, location: %{depth: 9, end_column: 27, end_line: 4, start_line: 4, start_column: 14}, severity: "high", pattern_id: "js-ldap-injection", pattern_name: "LDAP Injection", recommendation: "Review this code for potential security issues", confidence: 0.85, pattern_type: :ldap_injection}
18:49:00.480 [debug] Match confidence: 0.11602499999999999, min_confidence: 0.7, match: %{type: "js-ldap-injection", context: %{node_type: "CallExpression", depth: 5, parent_type: "ReturnStatement", in_function: "complexFunction2"}, location: %{depth: 5, end_column: 40, end_line: 6, start_line: 6, start_column: 9}, severity: "high", pattern_id: "js-ldap-injection", pattern_name: "LDAP Injection", recommendation: "Review this code for potential security issues", confidence: 0.85, pattern_type: :ldap_injection}
18:49:00.480 [debug] Match confidence: 0.11602499999999999, min_confidence: 0.7, match: %{type: "js-xpath-injection", context: %{node_type: "CallExpression", depth: 7, parent_type: "ExpressionStatement", in_function: "complexFunction2"}, location: %{depth: 7, end_column: 32, end_line: 4, start_line: 4, start_column: 4}, severity: "high", pattern_id: "js-xpath-injection", pattern_name: "XPath Injection", recommendation: "Review this code for potential security issues", confidence: 0.85, pattern_type: :xpath_injection}
18:49:00.480 [debug] Match confidence: 0.11602499999999999, min_confidence: 0.7, match: %{type: "js-xpath-injection", context: %{node_type: "CallExpression", depth: 9, parent_type: "BinaryExpression", in_function: "complexFunction2"}, location: %{depth: 9, end_column: 27, end_line: 4, start_line: 4, start_column: 14}, severity: "high", pattern_id: "js-xpath-injection", pattern_name: "XPath Injection", recommendation: "Review this code for potential security issues", confidence: 0.85, pattern_type: :xpath_injection}
18:49:00.480 [debug] Match confidence: 0.11602499999999999, min_confidence: 0.7, match: %{type: "js-xpath-injection", context: %{node_type: "CallExpression", depth: 5, parent_type: "ReturnStatement", in_function: "complexFunction2"}, location: %{depth: 5, end_column: 40, end_line: 6, start_line: 6, start_column: 9}, severity: "high", pattern_id: "js-xpath-injection", pattern_name: "XPath Injection", recommendation: "Review this code for potential security issues", confidence: 0.85, pattern_type: :xpath_injection}
18:49:00.480 [debug] Match confidence: 0.15014999999999998, min_confidence: 0.7, match: %{type: "js-ssrf", context: %{node_type: "CallExpression", depth: 7, parent_type: "ExpressionStatement", in_function: "complexFunction2"}, location: %{depth: 7, end_column: 32, end_line: 4, start_line: 4, start_column: 4}, severity: "medium", pattern_id: "js-ssrf", pattern_name: "Server-Side Request Forgery (SSRF)", recommendation: "Review this code for potential security issues", confidence: 0.7, pattern_type: :ssrf}
18:49:00.480 [debug] Match confidence: 0.15014999999999998, min_confidence: 0.7, match: %{type: "js-ssrf", context: %{node_type: "CallExpression", depth: 9, parent_type: "BinaryExpression", in_function: "complexFunction2"}, location: %{depth: 9, end_column: 27, end_line: 4, start_line: 4, start_column: 14}, severity: "medium", pattern_id: "js-ssrf", pattern_name: "Server-Side Request Forgery (SSRF)", recommendation: "Review this code for potential security issues", confidence: 0.7, pattern_type: :ssrf}
18:49:00.480 [debug] Match confidence: 0.15014999999999998, min_confidence: 0.7, match: %{type: "js-ssrf", context: %{node_type: "CallExpression", depth: 5, parent_type: "ReturnStatement", in_function: "complexFunction2"}, location: %{depth: 5, end_column: 40, end_line: 6, start_line: 6, start_column: 9}, severity: "medium", pattern_id: "js-ssrf", pattern_name: "Server-Side Request Forgery (SSRF)", recommendation: "Review this code for potential security issues", confidence: 0.7, pattern_type: :ssrf}
18:49:00.480 [debug] Match confidence: 0.15014999999999998, min_confidence: 0.7, match: %{type: "js-insecure-deserialization", context: %{node_type: "CallExpression", depth: 7, parent_type: "ExpressionStatement", in_function: "complexFunction2"}, location: %{depth: 7, end_column: 32, end_line: 4, start_line: 4, start_column: 4}, severity: "medium", pattern_id: "js-insecure-deserialization", pattern_name: "Insecure Deserialization", recommendation: "Review this code for potential security issues", confidence: 0.7, pattern_type: :deserialization}
18:49:00.480 [debug] Match confidence: 0.15014999999999998, min_confidence: 0.7, match: %{type: "js-insecure-deserialization", context: %{node_type: "CallExpression", depth: 9, parent_type: "BinaryExpression", in_function: "complexFunction2"}, location: %{depth: 9, end_column: 27, end_line: 4, start_line: 4, start_column: 14}, severity: "medium", pattern_id: "js-insecure-deserialization", pattern_name: "Insecure Deserialization", recommendation: "Review this code for potential security issues", confidence: 0.7, pattern_type: :deserialization}
18:49:00.480 [debug] Match confidence: 0.15014999999999998, min_confidence: 0.7, match: %{type: "js-insecure-deserialization", context: %{node_type: "CallExpression", depth: 5, parent_type: "ReturnStatement", in_function: "complexFunction2"}, location: %{depth: 5, end_column: 40, end_line: 6, start_line: 6, start_column: 9}, severity: "medium", pattern_id: "js-insecure-deserialization", pattern_name: "Insecure Deserialization", recommendation: "Review this code for potential security issues", confidence: 0.7, pattern_type: :deserialization}
18:49:00.480 [debug] Match confidence: 0.15014999999999998, min_confidence: 0.7, match: %{type: "js-jwt-none-algorithm", context: %{node_type: "CallExpression", depth: 7, parent_type: "ExpressionStatement", in_function: "complexFunction2"}, location: %{depth: 7, end_column: 32, end_line: 4, start_line: 4, start_column: 4}, severity: "medium", pattern_id: "js-jwt-none-algorithm", pattern_name: "JWT None Algorithm Vulnerability", recommendation: "Review this code for potential security issues", confidence: 0.7, pattern_type: :authentication}
18:49:00.480 [debug] Match confidence: 0.15014999999999998, min_confidence: 0.7, match: %{type: "js-jwt-none-algorithm", context: %{node_type: "CallExpression", depth: 9, parent_type: "BinaryExpression", in_function: "complexFunction2"}, location: %{depth: 9, end_column: 27, end_line: 4, start_line: 4, start_column: 14}, severity: "medium", pattern_id: "js-jwt-none-algorithm", pattern_name: "JWT None Algorithm Vulnerability", recommendation: "Review this code for potential security issues", confidence: 0.7, pattern_type: :authentication}
18:49:00.480 [debug] Match confidence: 0.15014999999999998, min_confidence: 0.7, match: %{type: "js-jwt-none-algorithm", context: %{node_type: "CallExpression", depth: 5, parent_type: "ReturnStatement", in_function: "complexFunction2"}, location: %{depth: 5, end_column: 40, end_line: 6, start_line: 6, start_column: 9}, severity: "medium", pattern_id: "js-jwt-none-algorithm", pattern_name: "JWT None Algorithm Vulnerability", recommendation: "Review this code for potential security issues", confidence: 0.7, pattern_type: :authentication}
18:49:00.480 [debug] Match confidence: 0.15014999999999998, min_confidence: 0.7, match: %{type: "js-debug-console-log", context: %{node_type: "CallExpression", depth: 7, parent_type: "ExpressionStatement", in_function: "complexFunction2"}, location: %{depth: 7, end_column: 32, end_line: 4, start_line: 4, start_column: 4}, severity: "medium", pattern_id: "js-debug-console-log", pattern_name: "Sensitive Data in Console Logs", recommendation: "Review this code for potential security issues", confidence: 0.7, pattern_type: :information_disclosure}
18:49:00.480 [debug] Match confidence: 0.15014999999999998, min_confidence: 0.7, match: %{type: "js-debug-console-log", context: %{node_type: "CallExpression", depth: 9, parent_type: "BinaryExpression", in_function: "complexFunction2"}, location: %{depth: 9, end_column: 27, end_line: 4, start_line: 4, start_column: 14}, severity: "medium", pattern_id: "js-debug-console-log", pattern_name: "Sensitive Data in Console Logs", recommendation: "Review this code for potential security issues", confidence: 0.7, pattern_type: :information_disclosure}
18:49:00.480 [debug] Match confidence: 0.15014999999999998, min_confidence: 0.7, match: %{type: "js-debug-console-log", context: %{node_type: "CallExpression", depth: 5, parent_type: "ReturnStatement", in_function: "complexFunction2"}, location: %{depth: 5, end_column: 40, end_line: 6, start_line: 6, start_column: 9}, severity: "medium", pattern_id: "js-debug-console-log", pattern_name: "Sensitive Data in Console Logs", recommendation: "Review this code for potential security issues", confidence: 0.7, pattern_type: :information_disclosure}
18:49:00.480 [info] AnalysisService: Loaded 30 patterns for javascript
18:49:00.486 [info] AnalysisService: Found 47 matches
18:49:00.486 [debug] Match confidence: 0.15435, min_confidence: 0.7, match: %{type: "js-xss-document-write", context: %{node_type: "CallExpression", depth: 7, parent_type: "ExpressionStatement", in_function: "complexFunction3"}, location: %{depth: 7, end_column: 32, end_line: 4, start_line: 4, start_column: 4}, severity: "high", pattern_id: "js-xss-document-write", pattern_name: "Cross-Site Scripting (XSS) via document.write", recommendation: "Review this code for potential security issues", confidence: 0.85, pattern_type: :xss}
18:49:00.486 [debug] Match confidence: 0.15435, min_confidence: 0.7, match: %{type: "js-xss-document-write", context: %{node_type: "CallExpression", depth: 9, parent_type: "BinaryExpression", in_function: "complexFunction3"}, location: %{depth: 9, end_column: 27, end_line: 4, start_line: 4, start_column: 14}, severity: "high", pattern_id: "js-xss-document-write", pattern_name: "Cross-Site Scripting (XSS) via document.write", recommendation: "Review this code for potential security issues", confidence: 0.85, pattern_type: :xss}
18:49:00.486 [debug] Match confidence: 0.15435, min_confidence: 0.7, match: %{type: "js-xss-document-write", context: %{node_type: "CallExpression", depth: 5, parent_type: "ReturnStatement", in_function: "complexFunction3"}, location: %{depth: 5, end_column: 40, end_line: 6, start_line: 6, start_column: 9}, severity: "high", pattern_id: "js-xss-document-write", pattern_name: "Cross-Site Scripting (XSS) via document.write", recommendation: "Review this code for potential security issues", confidence: 0.85, pattern_type: :xss}
18:49:00.486 [debug] Match confidence: 0.15435, min_confidence: 0.7, match: %{type: "js-xss-jquery-html", context: %{node_type: "CallExpression", depth: 7, parent_type: "ExpressionStatement", in_function: "complexFunction3"}, location: %{depth: 7, end_column: 32, end_line: 4, start_line: 4, start_column: 4}, severity: "high", pattern_id: "js-xss-jquery-html", pattern_name: "XSS via jQuery html()", recommendation: "Review this code for potential security issues", confidence: 0.85, pattern_type: :xss}
18:49:00.486 [debug] Match confidence: 0.15435, min_confidence: 0.7, match: %{type: "js-xss-jquery-html", context: %{node_type: "CallExpression", depth: 9, parent_type: "BinaryExpression", in_function: "complexFunction3"}, location: %{depth: 9, end_column: 27, end_line: 4, start_line: 4, start_column: 14}, severity: "high", pattern_id: "js-xss-jquery-html", pattern_name: "XSS via jQuery html()", recommendation: "Review this code for potential security issues", confidence: 0.85, pattern_type: :xss}
18:49:00.486 [debug] Match confidence: 0.15435, min_confidence: 0.7, match: %{type: "js-xss-jquery-html", context: %{node_type: "CallExpression", depth: 5, parent_type: "ReturnStatement", in_function: "complexFunction3"}, location: %{depth: 5, end_column: 40, end_line: 6, start_line: 6, start_column: 9}, severity: "high", pattern_id: "js-xss-jquery-html", pattern_name: "XSS via jQuery html()", recommendation: "Review this code for potential security issues", confidence: 0.85, pattern_type: :xss}
18:49:00.486 [debug] Match confidence: 0.15014999999999998, min_confidence: 0.7, match: %{type: "js-path-traversal-join", context: %{node_type: "CallExpression", depth: 7, parent_type: "ExpressionStatement", in_function: "complexFunction3"}, location: %{depth: 7, end_column: 32, end_line: 4, start_line: 4, start_column: 4}, severity: "medium", pattern_id: "js-path-traversal-join", pattern_name: "Path Traversal via path.join", recommendation: "Review this code for potential security issues", confidence: 0.7, pattern_type: :path_traversal}
18:49:00.486 [debug] Match confidence: 0.15014999999999998, min_confidence: 0.7, match: %{type: "js-path-traversal-join", context: %{node_type: "CallExpression", depth: 9, parent_type: "BinaryExpression", in_function: "complexFunction3"}, location: %{depth: 9, end_column: 27, end_line: 4, start_line: 4, start_column: 14}, severity: "medium", pattern_id: "js-path-traversal-join", pattern_name: "Path Traversal via path.join", recommendation: "Review this code for potential security issues", confidence: 0.7, pattern_type: :path_traversal}
18:49:00.486 [debug] Match confidence: 0.15014999999999998, min_confidence: 0.7, match: %{type: "js-path-traversal-join", context: %{node_type: "CallExpression", depth: 5, parent_type: "ReturnStatement", in_function: "complexFunction3"}, location: %{depth: 5, end_column: 40, end_line: 6, start_line: 6, start_column: 9}, severity: "medium", pattern_id: "js-path-traversal-join", pattern_name: "Path Traversal via path.join", recommendation: "Review this code for potential security issues", confidence: 0.7, pattern_type: :path_traversal}
18:49:00.486 [debug] Match confidence: 0.15014999999999998, min_confidence: 0.7, match: %{type: "js-path-traversal-concat", context: %{node_type: "BinaryExpression", depth: 7, parent_type: "ArrowFunctionExpression", in_function: "complexFunction3"}, location: %{depth: 7, end_column: 36, end_line: 6, start_line: 6, start_column: 31}, severity: "medium", pattern_id: "js-path-traversal-concat", pattern_name: "Path Traversal via String Concatenation", recommendation: "Review this code for potential security issues", confidence: 0.7, pattern_type: :path_traversal}
18:49:00.486 [debug] Match confidence: 0.15014999999999998, min_confidence: 0.7, match: %{type: "js-weak-crypto-md5", context: %{node_type: "CallExpression", depth: 7, parent_type: "ExpressionStatement", in_function: "complexFunction3"}, location: %{depth: 7, end_column: 32, end_line: 4, start_line: 4, start_column: 4}, severity: "medium", pattern_id: "js-weak-crypto-md5", pattern_name: "Weak Cryptography - MD5", recommendation: "Review this code for potential security issues", confidence: 0.7, pattern_type: :weak_crypto}
18:49:00.486 [debug] Match confidence: 0.15014999999999998, min_confidence: 0.7, match: %{type: "js-weak-crypto-md5", context: %{node_type: "CallExpression", depth: 9, parent_type: "BinaryExpression", in_function: "complexFunction3"}, location: %{depth: 9, end_column: 27, end_line: 4, start_line: 4, start_column: 14}, severity: "medium", pattern_id: "js-weak-crypto-md5", pattern_name: "Weak Cryptography - MD5", recommendation: "Review this code for potential security issues", confidence: 0.7, pattern_type: :weak_crypto}
18:49:00.486 [debug] Match confidence: 0.15014999999999998, min_confidence: 0.7, match: %{type: "js-weak-crypto-md5", context: %{node_type: "CallExpression", depth: 5, parent_type: "ReturnStatement", in_function: "complexFunction3"}, location: %{depth: 5, end_column: 40, end_line: 6, start_line: 6, start_column: 9}, severity: "medium", pattern_id: "js-weak-crypto-md5", pattern_name: "Weak Cryptography - MD5", recommendation: "Review this code for potential security issues", confidence: 0.7, pattern_type: :weak_crypto}
18:49:00.486 [debug] Match confidence: 0.15014999999999998, min_confidence: 0.7, match: %{type: "js-weak-crypto-sha1", context: %{node_type: "CallExpression", depth: 7, parent_type: "ExpressionStatement", in_function: "complexFunction3"}, location: %{depth: 7, end_column: 32, end_line: 4, start_line: 4, start_column: 4}, severity: "medium", pattern_id: "js-weak-crypto-sha1", pattern_name: "Weak Cryptography - SHA1", recommendation: "Review this code for potential security issues", confidence: 0.7, pattern_type: :weak_crypto}
18:49:00.486 [debug] Match confidence: 0.15014999999999998, min_confidence: 0.7, match: %{type: "js-weak-crypto-sha1", context: %{node_type: "CallExpression", depth: 9, parent_type: "BinaryExpression", in_function: "complexFunction3"}, location: %{depth: 9, end_column: 27, end_line: 4, start_line: 4, start_column: 14}, severity: "medium", pattern_id: "js-weak-crypto-sha1", pattern_name: "Weak Cryptography - SHA1", recommendation: "Review this code for potential security issues", confidence: 0.7, pattern_type: :weak_crypto}
18:49:00.486 [debug] Match confidence: 0.15014999999999998, min_confidence: 0.7, match: %{type: "js-weak-crypto-sha1", context: %{node_type: "CallExpression", depth: 5, parent_type: "ReturnStatement", in_function: "complexFunction3"}, location: %{depth: 5, end_column: 40, end_line: 6, start_line: 6, start_column: 9}, severity: "medium", pattern_id: "js-weak-crypto-sha1", pattern_name: "Weak Cryptography - SHA1", recommendation: "Review this code for potential security issues", confidence: 0.7, pattern_type: :weak_crypto}
18:49:00.487 [debug] Match confidence: 0.1848, min_confidence: 0.7, match: %{type: "js-hardcoded-secret-password", context: %{node_type: "VariableDeclarator", depth: 5, parent_type: "VariableDeclaration", in_function: "complexFunction3"}, location: %{depth: 5, end_column: 15, end_line: 2, start_line: 2, start_column: 6}, severity: "high", pattern_id: "js-hardcoded-secret-password", pattern_name: "Hardcoded Password", recommendation: "Review this code for potential security issues", confidence: 0.9, pattern_type: :hardcoded_secret}
18:49:00.487 [debug] Match confidence: 0.1848, min_confidence: 0.7, match: %{type: "js-hardcoded-secret-password", context: %{node_type: "VariableDeclarator", depth: 6, parent_type: "VariableDeclaration", in_function: "complexFunction3"}, location: %{depth: 6, end_column: 16, end_line: 3, start_line: 3, start_column: 11}, severity: "high", pattern_id: "js-hardcoded-secret-password", pattern_name: "Hardcoded Password", recommendation: "Review this code for potential security issues", confidence: 0.9, pattern_type: :hardcoded_secret}
18:49:00.487 [debug] Match confidence: 0.1848, min_confidence: 0.7, match: %{type: "js-hardcoded-secret-api-key", context: %{node_type: "VariableDeclarator", depth: 5, parent_type: "VariableDeclaration", in_function: "complexFunction3"}, location: %{depth: 5, end_column: 15, end_line: 2, start_line: 2, start_column: 6}, severity: "high", pattern_id: "js-hardcoded-secret-api-key", pattern_name: "Hardcoded API Key", recommendation: "Review this code for potential security issues", confidence: 0.9, pattern_type: :hardcoded_secret}
18:49:00.487 [debug] Match confidence: 0.1848, min_confidence: 0.7, match: %{type: "js-hardcoded-secret-api-key", context: %{node_type: "VariableDeclarator", depth: 6, parent_type: "VariableDeclaration", in_function: "complexFunction3"}, location: %{depth: 6, end_column: 16, end_line: 3, start_line: 3, start_column: 11}, severity: "high", pattern_id: "js-hardcoded-secret-api-key", pattern_name: "Hardcoded API Key", recommendation: "Review this code for potential security issues", confidence: 0.9, pattern_type: :hardcoded_secret}
18:49:00.487 [debug] Match confidence: 0.15014999999999998, min_confidence: 0.7, match: %{type: "js-open-redirect", context: %{node_type: "CallExpression", depth: 7, parent_type: "ExpressionStatement", in_function: "complexFunction3"}, location: %{depth: 7, end_column: 32, end_line: 4, start_line: 4, start_column: 4}, severity: "medium", pattern_id: "js-open-redirect", pattern_name: "Open Redirect Vulnerability", recommendation: "Review this code for potential security issues", confidence: 0.7, pattern_type: :open_redirect}
18:49:00.487 [debug] Match confidence: 0.15014999999999998, min_confidence: 0.7, match: %{type: "js-open-redirect", context: %{node_type: "CallExpression", depth: 9, parent_type: "BinaryExpression", in_function: "complexFunction3"}, location: %{depth: 9, end_column: 27, end_line: 4, start_line: 4, start_column: 14}, severity: "medium", pattern_id: "js-open-redirect", pattern_name: "Open Redirect Vulnerability", recommendation: "Review this code for potential security issues", confidence: 0.7, pattern_type: :open_redirect}
18:49:00.487 [debug] Match confidence: 0.15014999999999998, min_confidence: 0.7, match: %{type: "js-open-redirect", context: %{node_type: "CallExpression", depth: 5, parent_type: "ReturnStatement", in_function: "complexFunction3"}, location: %{depth: 5, end_column: 40, end_line: 6, start_line: 6, start_column: 9}, severity: "medium", pattern_id: "js-open-redirect", pattern_name: "Open Redirect Vulnerability", recommendation: "Review this code for potential security issues", confidence: 0.7, pattern_type: :open_redirect}
18:49:00.487 [debug] Match confidence: 0.15014999999999998, min_confidence: 0.7, match: %{type: "js-insecure-random", context: %{node_type: "CallExpression", depth: 7, parent_type: "ExpressionStatement", in_function: "complexFunction3"}, location: %{depth: 7, end_column: 32, end_line: 4, start_line: 4, start_column: 4}, severity: "medium", pattern_id: "js-insecure-random", pattern_name: "Insecure Random Number Generation", recommendation: "Review this code for potential security issues", confidence: 0.7, pattern_type: :insecure_random}
18:49:00.487 [debug] Match confidence: 0.15014999999999998, min_confidence: 0.7, match: %{type: "js-insecure-random", context: %{node_type: "CallExpression", depth: 9, parent_type: "BinaryExpression", in_function: "complexFunction3"}, location: %{depth: 9, end_column: 27, end_line: 4, start_line: 4, start_column: 14}, severity: "medium", pattern_id: "js-insecure-random", pattern_name: "Insecure Random Number Generation", recommendation: "Review this code for potential security issues", confidence: 0.7, pattern_type: :insecure_random}
18:49:00.487 [debug] Match confidence: 0.15014999999999998, min_confidence: 0.7, match: %{type: "js-insecure-random", context: %{node_type: "CallExpression", depth: 5, parent_type: "ReturnStatement", in_function: "complexFunction3"}, location: %{depth: 5, end_column: 40, end_line: 6, start_line: 6, start_column: 9}, severity: "medium", pattern_id: "js-insecure-random", pattern_name: "Insecure Random Number Generation", recommendation: "Review this code for potential security issues", confidence: 0.7, pattern_type: :insecure_random}
18:49:00.487 [debug] Match confidence: 0.11602499999999999, min_confidence: 0.7, match: %{type: "js-nosql-injection", context: %{node_type: "CallExpression", depth: 7, parent_type: "ExpressionStatement", in_function: "complexFunction3"}, location: %{depth: 7, end_column: 32, end_line: 4, start_line: 4, start_column: 4}, severity: "high", pattern_id: "js-nosql-injection", pattern_name: "NoSQL Injection", recommendation: "Review this code for potential security issues", confidence: 0.85, pattern_type: :nosql_injection}
18:49:00.487 [debug] Match confidence: 0.11602499999999999, min_confidence: 0.7, match: %{type: "js-nosql-injection", context: %{node_type: "CallExpression", depth: 9, parent_type: "BinaryExpression", in_function: "complexFunction3"}, location: %{depth: 9, end_column: 27, end_line: 4, start_line: 4, start_column: 14}, severity: "high", pattern_id: "js-nosql-injection", pattern_name: "NoSQL Injection", recommendation: "Review this code for potential security issues", confidence: 0.85, pattern_type: :nosql_injection}
18:49:00.487 [debug] Match confidence: 0.11602499999999999, min_confidence: 0.7, match: %{type: "js-nosql-injection", context: %{node_type: "CallExpression", depth: 5, parent_type: "ReturnStatement", in_function: "complexFunction3"}, location: %{depth: 5, end_column: 40, end_line: 6, start_line: 6, start_column: 9}, severity: "high", pattern_id: "js-nosql-injection", pattern_name: "NoSQL Injection", recommendation: "Review this code for potential security issues", confidence: 0.85, pattern_type: :nosql_injection}
18:49:00.487 [debug] Match confidence: 0.11602499999999999, min_confidence: 0.7, match: %{type: "js-ldap-injection", context: %{node_type: "CallExpression", depth: 7, parent_type: "ExpressionStatement", in_function: "complexFunction3"}, location: %{depth: 7, end_column: 32, end_line: 4, start_line: 4, start_column: 4}, severity: "high", pattern_id: "js-ldap-injection", pattern_name: "LDAP Injection", recommendation: "Review this code for potential security issues", confidence: 0.85, pattern_type: :ldap_injection}
18:49:00.487 [debug] Match confidence: 0.11602499999999999, min_confidence: 0.7, match: %{type: "js-ldap-injection", context: %{node_type: "CallExpression", depth: 9, parent_type: "BinaryExpression", in_function: "complexFunction3"}, location: %{depth: 9, end_column: 27, end_line: 4, start_line: 4, start_column: 14}, severity: "high", pattern_id: "js-ldap-injection", pattern_name: "LDAP Injection", recommendation: "Review this code for potential security issues", confidence: 0.85, pattern_type: :ldap_injection}
18:49:00.487 [debug] Match confidence: 0.11602499999999999, min_confidence: 0.7, match: %{type: "js-ldap-injection", context: %{node_type: "CallExpression", depth: 5, parent_type: "ReturnStatement", in_function: "complexFunction3"}, location: %{depth: 5, end_column: 40, end_line: 6, start_line: 6, start_column: 9}, severity: "high", pattern_id: "js-ldap-injection", pattern_name: "LDAP Injection", recommendation: "Review this code for potential security issues", confidence: 0.85, pattern_type: :ldap_injection}
18:49:00.487 [debug] Match confidence: 0.11602499999999999, min_confidence: 0.7, match: %{type: "js-xpath-injection", context: %{node_type: "CallExpression", depth: 7, parent_type: "ExpressionStatement", in_function: "complexFunction3"}, location: %{depth: 7, end_column: 32, end_line: 4, start_line: 4, start_column: 4}, severity: "high", pattern_id: "js-xpath-injection", pattern_name: "XPath Injection", recommendation: "Review this code for potential security issues", confidence: 0.85, pattern_type: :xpath_injection}
18:49:00.487 [debug] Match confidence: 0.11602499999999999, min_confidence: 0.7, match: %{type: "js-xpath-injection", context: %{node_type: "CallExpression", depth: 9, parent_type: "BinaryExpression", in_function: "complexFunction3"}, location: %{depth: 9, end_column: 27, end_line: 4, start_line: 4, start_column: 14}, severity: "high", pattern_id: "js-xpath-injection", pattern_name: "XPath Injection", recommendation: "Review this code for potential security issues", confidence: 0.85, pattern_type: :xpath_injection}
18:49:00.487 [debug] Match confidence: 0.11602499999999999, min_confidence: 0.7, match: %{type: "js-xpath-injection", context: %{node_type: "CallExpression", depth: 5, parent_type: "ReturnStatement", in_function: "complexFunction3"}, location: %{depth: 5, end_column: 40, end_line: 6, start_line: 6, start_column: 9}, severity: "high", pattern_id: "js-xpath-injection", pattern_name: "XPath Injection", recommendation: "Review this code for potential security issues", confidence: 0.85, pattern_type: :xpath_injection}
18:49:00.487 [debug] Match confidence: 0.15014999999999998, min_confidence: 0.7, match: %{type: "js-ssrf", context: %{node_type: "CallExpression", depth: 7, parent_type: "ExpressionStatement", in_function: "complexFunction3"}, location: %{depth: 7, end_column: 32, end_line: 4, start_line: 4, start_column: 4}, severity: "medium", pattern_id: "js-ssrf", pattern_name: "Server-Side Request Forgery (SSRF)", recommendation: "Review this code for potential security issues", confidence: 0.7, pattern_type: :ssrf}
18:49:00.487 [debug] Match confidence: 0.15014999999999998, min_confidence: 0.7, match: %{type: "js-ssrf", context: %{node_type: "CallExpression", depth: 9, parent_type: "BinaryExpression", in_function: "complexFunction3"}, location: %{depth: 9, end_column: 27, end_line: 4, start_line: 4, start_column: 14}, severity: "medium", pattern_id: "js-ssrf", pattern_name: "Server-Side Request Forgery (SSRF)", recommendation: "Review this code for potential security issues", confidence: 0.7, pattern_type: :ssrf}
18:49:00.487 [debug] Match confidence: 0.15014999999999998, min_confidence: 0.7, match: %{type: "js-ssrf", context: %{node_type: "CallExpression", depth: 5, parent_type: "ReturnStatement", in_function: "complexFunction3"}, location: %{depth: 5, end_column: 40, end_line: 6, start_line: 6, start_column: 9}, severity: "medium", pattern_id: "js-ssrf", pattern_name: "Server-Side Request Forgery (SSRF)", recommendation: "Review this code for potential security issues", confidence: 0.7, pattern_type: :ssrf}
18:49:00.487 [debug] Match confidence: 0.15014999999999998, min_confidence: 0.7, match: %{type: "js-insecure-deserialization", context: %{node_type: "CallExpression", depth: 7, parent_type: "ExpressionStatement", in_function: "complexFunction3"}, location: %{depth: 7, end_column: 32, end_line: 4, start_line: 4, start_column: 4}, severity: "medium", pattern_id: "js-insecure-deserialization", pattern_name: "Insecure Deserialization", recommendation: "Review this code for potential security issues", confidence: 0.7, pattern_type: :deserialization}
18:49:00.487 [debug] Match confidence: 0.15014999999999998, min_confidence: 0.7, match: %{type: "js-insecure-deserialization", context: %{node_type: "CallExpression", depth: 9, parent_type: "BinaryExpression", in_function: "complexFunction3"}, location: %{depth: 9, end_column: 27, end_line: 4, start_line: 4, start_column: 14}, severity: "medium", pattern_id: "js-insecure-deserialization", pattern_name: "Insecure Deserialization", recommendation: "Review this code for potential security issues", confidence: 0.7, pattern_type: :deserialization}
18:49:00.487 [debug] Match confidence: 0.15014999999999998, min_confidence: 0.7, match: %{type: "js-insecure-deserialization", context: %{node_type: "CallExpression", depth: 5, parent_type: "ReturnStatement", in_function: "complexFunction3"}, location: %{depth: 5, end_column: 40, end_line: 6, start_line: 6, start_column: 9}, severity: "medium", pattern_id: "js-insecure-deserialization", pattern_name: "Insecure Deserialization", recommendation: "Review this code for potential security issues", confidence: 0.7, pattern_type: :deserialization}
18:49:00.487 [debug] Match confidence: 0.15014999999999998, min_confidence: 0.7, match: %{type: "js-jwt-none-algorithm", context: %{node_type: "CallExpression", depth: 7, parent_type: "ExpressionStatement", in_function: "complexFunction3"}, location: %{depth: 7, end_column: 32, end_line: 4, start_line: 4, start_column: 4}, severity: "medium", pattern_id: "js-jwt-none-algorithm", pattern_name: "JWT None Algorithm Vulnerability", recommendation: "Review this code for potential security issues", confidence: 0.7, pattern_type: :authentication}
18:49:00.488 [debug] Match confidence: 0.15014999999999998, min_confidence: 0.7, match: %{type: "js-jwt-none-algorithm", context: %{node_type: "CallExpression", depth: 9, parent_type: "BinaryExpression", in_function: "complexFunction3"}, location: %{depth: 9, end_column: 27, end_line: 4, start_line: 4, start_column: 14}, severity: "medium", pattern_id: "js-jwt-none-algorithm", pattern_name: "JWT None Algorithm Vulnerability", recommendation: "Review this code for potential security issues", confidence: 0.7, pattern_type: :authentication}
18:49:00.488 [debug] Match confidence: 0.15014999999999998, min_confidence: 0.7, match: %{type: "js-jwt-none-algorithm", context: %{node_type: "CallExpression", depth: 5, parent_type: "ReturnStatement", in_function: "complexFunction3"}, location: %{depth: 5, end_column: 40, end_line: 6, start_line: 6, start_column: 9}, severity: "medium", pattern_id: "js-jwt-none-algorithm", pattern_name: "JWT None Algorithm Vulnerability", recommendation: "Review this code for potential security issues", confidence: 0.7, pattern_type: :authentication}
18:49:00.488 [debug] Match confidence: 0.15014999999999998, min_confidence: 0.7, match: %{type: "js-debug-console-log", context: %{node_type: "CallExpression", depth: 7, parent_type: "ExpressionStatement", in_function: "complexFunction3"}, location: %{depth: 7, end_column: 32, end_line: 4, start_line: 4, start_column: 4}, severity: "medium", pattern_id: "js-debug-console-log", pattern_name: "Sensitive Data in Console Logs", recommendation: "Review this code for potential security issues", confidence: 0.7, pattern_type: :information_disclosure}
18:49:00.488 [debug] Match confidence: 0.15014999999999998, min_confidence: 0.7, match: %{type: "js-debug-console-log", context: %{node_type: "CallExpression", depth: 9, parent_type: "BinaryExpression", in_function: "complexFunction3"}, location: %{depth: 9, end_column: 27, end_line: 4, start_line: 4, start_column: 14}, severity: "medium", pattern_id: "js-debug-console-log", pattern_name: "Sensitive Data in Console Logs", recommendation: "Review this code for potential security issues", confidence: 0.7, pattern_type: :information_disclosure}
18:49:00.488 [debug] Match confidence: 0.15014999999999998, min_confidence: 0.7, match: %{type: "js-debug-console-log", context: %{node_type: "CallExpression", depth: 5, parent_type: "ReturnStatement", in_function: "complexFunction3"}, location: %{depth: 5, end_column: 40, end_line: 6, start_line: 6, start_column: 9}, severity: "medium", pattern_id: "js-debug-console-log", pattern_name: "Sensitive Data in Console Logs", recommendation: "Review this code for potential security issues", confidence: 0.7, pattern_type: :information_disclosure}
18:49:00.488 [info] AnalysisService: Loaded 30 patterns for javascript
18:49:00.493 [info] AnalysisService: Found 47 matches
18:49:00.493 [debug] Match confidence: 0.15435, min_confidence: 0.7, match: %{type: "js-xss-document-write", context: %{node_type: "CallExpression", depth: 7, parent_type: "ExpressionStatement", in_function: "complexFunction4"}, location: %{depth: 7, end_column: 32, end_line: 4, start_line: 4, start_column: 4}, severity: "high", pattern_id: "js-xss-document-write", pattern_name: "Cross-Site Scripting (XSS) via document.write", recommendation: "Review this code for potential security issues", confidence: 0.85, pattern_type: :xss}
18:49:00.493 [debug] Match confidence: 0.15435, min_confidence: 0.7, match: %{type: "js-xss-document-write", context: %{node_type: "CallExpression", depth: 9, parent_type: "BinaryExpression", in_function: "complexFunction4"}, location: %{depth: 9, end_column: 27, end_line: 4, start_line: 4, start_column: 14}, severity: "high", pattern_id: "js-xss-document-write", pattern_name: "Cross-Site Scripting (XSS) via document.write", recommendation: "Review this code for potential security issues", confidence: 0.85, pattern_type: :xss}
18:49:00.493 [debug] Match confidence: 0.15435, min_confidence: 0.7, match: %{type: "js-xss-document-write", context: %{node_type: "CallExpression", depth: 5, parent_type: "ReturnStatement", in_function: "complexFunction4"}, location: %{depth: 5, end_column: 40, end_line: 6, start_line: 6, start_column: 9}, severity: "high", pattern_id: "js-xss-document-write", pattern_name: "Cross-Site Scripting (XSS) via document.write", recommendation: "Review this code for potential security issues", confidence: 0.85, pattern_type: :xss}
18:49:00.493 [debug] Match confidence: 0.15435, min_confidence: 0.7, match: %{type: "js-xss-jquery-html", context: %{node_type: "CallExpression", depth: 7, parent_type: "ExpressionStatement", in_function: "complexFunction4"}, location: %{depth: 7, end_column: 32, end_line: 4, start_line: 4, start_column: 4}, severity: "high", pattern_id: "js-xss-jquery-html", pattern_name: "XSS via jQuery html()", recommendation: "Review this code for potential security issues", confidence: 0.85, pattern_type: :xss}
18:49:00.493 [debug] Match confidence: 0.15435, min_confidence: 0.7, match: %{type: "js-xss-jquery-html", context: %{node_type: "CallExpression", depth: 9, parent_type: "BinaryExpression", in_function: "complexFunction4"}, location: %{depth: 9, end_column: 27, end_line: 4, start_line: 4, start_column: 14}, severity: "high", pattern_id: "js-xss-jquery-html", pattern_name: "XSS via jQuery html()", recommendation: "Review this code for potential security issues", confidence: 0.85, pattern_type: :xss}
18:49:00.493 [debug] Match confidence: 0.15435, min_confidence: 0.7, match: %{type: "js-xss-jquery-html", context: %{node_type: "CallExpression", depth: 5, parent_type: "ReturnStatement", in_function: "complexFunction4"}, location: %{depth: 5, end_column: 40, end_line: 6, start_line: 6, start_column: 9}, severity: "high", pattern_id: "js-xss-jquery-html", pattern_name: "XSS via jQuery html()", recommendation: "Review this code for potential security issues", confidence: 0.85, pattern_type: :xss}
18:49:00.493 [debug] Match confidence: 0.15014999999999998, min_confidence: 0.7, match: %{type: "js-path-traversal-join", context: %{node_type: "CallExpression", depth: 7, parent_type: "ExpressionStatement", in_function: "complexFunction4"}, location: %{depth: 7, end_column: 32, end_line: 4, start_line: 4, start_column: 4}, severity: "medium", pattern_id: "js-path-traversal-join", pattern_name: "Path Traversal via path.join", recommendation: "Review this code for potential security issues", confidence: 0.7, pattern_type: :path_traversal}
18:49:00.493 [debug] Match confidence: 0.15014999999999998, min_confidence: 0.7, match: %{type: "js-path-traversal-join", context: %{node_type: "CallExpression", depth: 9, parent_type: "BinaryExpression", in_function: "complexFunction4"}, location: %{depth: 9, end_column: 27, end_line: 4, start_line: 4, start_column: 14}, severity: "medium", pattern_id: "js-path-traversal-join", pattern_name: "Path Traversal via path.join", recommendation: "Review this code for potential security issues", confidence: 0.7, pattern_type: :path_traversal}
18:49:00.493 [debug] Match confidence: 0.15014999999999998, min_confidence: 0.7, match: %{type: "js-path-traversal-join", context: %{node_type: "CallExpression", depth: 5, parent_type: "ReturnStatement", in_function: "complexFunction4"}, location: %{depth: 5, end_column: 40, end_line: 6, start_line: 6, start_column: 9}, severity: "medium", pattern_id: "js-path-traversal-join", pattern_name: "Path Traversal via path.join", recommendation: "Review this code for potential security issues", confidence: 0.7, pattern_type: :path_traversal}
18:49:00.494 [debug] Match confidence: 0.15014999999999998, min_confidence: 0.7, match: %{type: "js-path-traversal-concat", context: %{node_type: "BinaryExpression", depth: 7, parent_type: "ArrowFunctionExpression", in_function: "complexFunction4"}, location: %{depth: 7, end_column: 36, end_line: 6, start_line: 6, start_column: 31}, severity: "medium", pattern_id: "js-path-traversal-concat", pattern_name: "Path Traversal via String Concatenation", recommendation: "Review this code for potential security issues", confidence: 0.7, pattern_type: :path_traversal}
18:49:00.494 [debug] Match confidence: 0.15014999999999998, min_confidence: 0.7, match: %{type: "js-weak-crypto-md5", context: %{node_type: "CallExpression", depth: 7, parent_type: "ExpressionStatement", in_function: "complexFunction4"}, location: %{depth: 7, end_column: 32, end_line: 4, start_line: 4, start_column: 4}, severity: "medium", pattern_id: "js-weak-crypto-md5", pattern_name: "Weak Cryptography - MD5", recommendation: "Review this code for potential security issues", confidence: 0.7, pattern_type: :weak_crypto}
18:49:00.494 [debug] Match confidence: 0.15014999999999998, min_confidence: 0.7, match: %{type: "js-weak-crypto-md5", context: %{node_type: "CallExpression", depth: 9, parent_type: "BinaryExpression", in_function: "complexFunction4"}, location: %{depth: 9, end_column: 27, end_line: 4, start_line: 4, start_column: 14}, severity: "medium", pattern_id: "js-weak-crypto-md5", pattern_name: "Weak Cryptography - MD5", recommendation: "Review this code for potential security issues", confidence: 0.7, pattern_type: :weak_crypto}
18:49:00.494 [debug] Match confidence: 0.15014999999999998, min_confidence: 0.7, match: %{type: "js-weak-crypto-md5", context: %{node_type: "CallExpression", depth: 5, parent_type: "ReturnStatement", in_function: "complexFunction4"}, location: %{depth: 5, end_column: 40, end_line: 6, start_line: 6, start_column: 9}, severity: "medium", pattern_id: "js-weak-crypto-md5", pattern_name: "Weak Cryptography - MD5", recommendation: "Review this code for potential security issues", confidence: 0.7, pattern_type: :weak_crypto}
18:49:00.494 [debug] Match confidence: 0.15014999999999998, min_confidence: 0.7, match: %{type: "js-weak-crypto-sha1", context: %{node_type: "CallExpression", depth: 7, parent_type: "ExpressionStatement", in_function: "complexFunction4"}, location: %{depth: 7, end_column: 32, end_line: 4, start_line: 4, start_column: 4}, severity: "medium", pattern_id: "js-weak-crypto-sha1", pattern_name: "Weak Cryptography - SHA1", recommendation: "Review this code for potential security issues", confidence: 0.7, pattern_type: :weak_crypto}
18:49:00.494 [debug] Match confidence: 0.15014999999999998, min_confidence: 0.7, match: %{type: "js-weak-crypto-sha1", context: %{node_type: "CallExpression", depth: 9, parent_type: "BinaryExpression", in_function: "complexFunction4"}, location: %{depth: 9, end_column: 27, end_line: 4, start_line: 4, start_column: 14}, severity: "medium", pattern_id: "js-weak-crypto-sha1", pattern_name: "Weak Cryptography - SHA1", recommendation: "Review this code for potential security issues", confidence: 0.7, pattern_type: :weak_crypto}
18:49:00.494 [debug] Match confidence: 0.15014999999999998, min_confidence: 0.7, match: %{type: "js-weak-crypto-sha1", context: %{node_type: "CallExpression", depth: 5, parent_type: "ReturnStatement", in_function: "complexFunction4"}, location: %{depth: 5, end_column: 40, end_line: 6, start_line: 6, start_column: 9}, severity: "medium", pattern_id: "js-weak-crypto-sha1", pattern_name: "Weak Cryptography - SHA1", recommendation: "Review this code for potential security issues", confidence: 0.7, pattern_type: :weak_crypto}
18:49:00.494 [debug] Match confidence: 0.1848, min_confidence: 0.7, match: %{type: "js-hardcoded-secret-password", context: %{node_type: "VariableDeclarator", depth: 5, parent_type: "VariableDeclaration", in_function: "complexFunction4"}, location: %{depth: 5, end_column: 15, end_line: 2, start_line: 2, start_column: 6}, severity: "high", pattern_id: "js-hardcoded-secret-password", pattern_name: "Hardcoded Password", recommendation: "Review this code for potential security issues", confidence: 0.9, pattern_type: :hardcoded_secret}
18:49:00.494 [debug] Match confidence: 0.1848, min_confidence: 0.7, match: %{type: "js-hardcoded-secret-password", context: %{node_type: "VariableDeclarator", depth: 6, parent_type: "VariableDeclaration", in_function: "complexFunction4"}, location: %{depth: 6, end_column: 16, end_line: 3, start_line: 3, start_column: 11}, severity: "high", pattern_id: "js-hardcoded-secret-password", pattern_name: "Hardcoded Password", recommendation: "Review this code for potential security issues", confidence: 0.9, pattern_type: :hardcoded_secret}
18:49:00.494 [debug] Match confidence: 0.1848, min_confidence: 0.7, match: %{type: "js-hardcoded-secret-api-key", context: %{node_type: "VariableDeclarator", depth: 5, parent_type: "VariableDeclaration", in_function: "complexFunction4"}, location: %{depth: 5, end_column: 15, end_line: 2, start_line: 2, start_column: 6}, severity: "high", pattern_id: "js-hardcoded-secret-api-key", pattern_name: "Hardcoded API Key", recommendation: "Review this code for potential security issues", confidence: 0.9, pattern_type: :hardcoded_secret}
18:49:00.494 [debug] Match confidence: 0.1848, min_confidence: 0.7, match: %{type: "js-hardcoded-secret-api-key", context: %{node_type: "VariableDeclarator", depth: 6, parent_type: "VariableDeclaration", in_function: "complexFunction4"}, location: %{depth: 6, end_column: 16, end_line: 3, start_line: 3, start_column: 11}, severity: "high", pattern_id: "js-hardcoded-secret-api-key", pattern_name: "Hardcoded API Key", recommendation: "Review this code for potential security issues", confidence: 0.9, pattern_type: :hardcoded_secret}
18:49:00.494 [debug] Match confidence: 0.15014999999999998, min_confidence: 0.7, match: %{type: "js-open-redirect", context: %{node_type: "CallExpression", depth: 7, parent_type: "ExpressionStatement", in_function: "complexFunction4"}, location: %{depth: 7, end_column: 32, end_line: 4, start_line: 4, start_column: 4}, severity: "medium", pattern_id: "js-open-redirect", pattern_name: "Open Redirect Vulnerability", recommendation: "Review this code for potential security issues", confidence: 0.7, pattern_type: :open_redirect}
18:49:00.494 [debug] Match confidence: 0.15014999999999998, min_confidence: 0.7, match: %{type: "js-open-redirect", context: %{node_type: "CallExpression", depth: 9, parent_type: "BinaryExpression", in_function: "complexFunction4"}, location: %{depth: 9, end_column: 27, end_line: 4, start_line: 4, start_column: 14}, severity: "medium", pattern_id: "js-open-redirect", pattern_name: "Open Redirect Vulnerability", recommendation: "Review this code for potential security issues", confidence: 0.7, pattern_type: :open_redirect}
18:49:00.494 [debug] Match confidence: 0.15014999999999998, min_confidence: 0.7, match: %{type: "js-open-redirect", context: %{node_type: "CallExpression", depth: 5, parent_type: "ReturnStatement", in_function: "complexFunction4"}, location: %{depth: 5, end_column: 40, end_line: 6, start_line: 6, start_column: 9}, severity: "medium", pattern_id: "js-open-redirect", pattern_name: "Open Redirect Vulnerability", recommendation: "Review this code for potential security issues", confidence: 0.7, pattern_type: :open_redirect}
18:49:00.494 [debug] Match confidence: 0.15014999999999998, min_confidence: 0.7, match: %{type: "js-insecure-random", context: %{node_type: "CallExpression", depth: 7, parent_type: "ExpressionStatement", in_function: "complexFunction4"}, location: %{depth: 7, end_column: 32, end_line: 4, start_line: 4, start_column: 4}, severity: "medium", pattern_id: "js-insecure-random", pattern_name: "Insecure Random Number Generation", recommendation: "Review this code for potential security issues", confidence: 0.7, pattern_type: :insecure_random}
18:49:00.494 [debug] Match confidence: 0.15014999999999998, min_confidence: 0.7, match: %{type: "js-insecure-random", context: %{node_type: "CallExpression", depth: 9, parent_type: "BinaryExpression", in_function: "complexFunction4"}, location: %{depth: 9, end_column: 27, end_line: 4, start_line: 4, start_column: 14}, severity: "medium", pattern_id: "js-insecure-random", pattern_name: "Insecure Random Number Generation", recommendation: "Review this code for potential security issues", confidence: 0.7, pattern_type: :insecure_random}
18:49:00.494 [debug] Match confidence: 0.15014999999999998, min_confidence: 0.7, match: %{type: "js-insecure-random", context: %{node_type: "CallExpression", depth: 5, parent_type: "ReturnStatement", in_function: "complexFunction4"}, location: %{depth: 5, end_column: 40, end_line: 6, start_line: 6, start_column: 9}, severity: "medium", pattern_id: "js-insecure-random", pattern_name: "Insecure Random Number Generation", recommendation: "Review this code for potential security issues", confidence: 0.7, pattern_type: :insecure_random}
18:49:00.494 [debug] Match confidence: 0.11602499999999999, min_confidence: 0.7, match: %{type: "js-nosql-injection", context: %{node_type: "CallExpression", depth: 7, parent_type: "ExpressionStatement", in_function: "complexFunction4"}, location: %{depth: 7, end_column: 32, end_line: 4, start_line: 4, start_column: 4}, severity: "high", pattern_id: "js-nosql-injection", pattern_name: "NoSQL Injection", recommendation: "Review this code for potential security issues", confidence: 0.85, pattern_type: :nosql_injection}
18:49:00.494 [debug] Match confidence: 0.11602499999999999, min_confidence: 0.7, match: %{type: "js-nosql-injection", context: %{node_type: "CallExpression", depth: 9, parent_type: "BinaryExpression", in_function: "complexFunction4"}, location: %{depth: 9, end_column: 27, end_line: 4, start_line: 4, start_column: 14}, severity: "high", pattern_id: "js-nosql-injection", pattern_name: "NoSQL Injection", recommendation: "Review this code for potential security issues", confidence: 0.85, pattern_type: :nosql_injection}
18:49:00.494 [debug] Match confidence: 0.11602499999999999, min_confidence: 0.7, match: %{type: "js-nosql-injection", context: %{node_type: "CallExpression", depth: 5, parent_type: "ReturnStatement", in_function: "complexFunction4"}, location: %{depth: 5, end_column: 40, end_line: 6, start_line: 6, start_column: 9}, severity: "high", pattern_id: "js-nosql-injection", pattern_name: "NoSQL Injection", recommendation: "Review this code for potential security issues", confidence: 0.85, pattern_type: :nosql_injection}
18:49:00.494 [debug] Match confidence: 0.11602499999999999, min_confidence: 0.7, match: %{type: "js-ldap-injection", context: %{node_type: "CallExpression", depth: 7, parent_type: "ExpressionStatement", in_function: "complexFunction4"}, location: %{depth: 7, end_column: 32, end_line: 4, start_line: 4, start_column: 4}, severity: "high", pattern_id: "js-ldap-injection", pattern_name: "LDAP Injection", recommendation: "Review this code for potential security issues", confidence: 0.85, pattern_type: :ldap_injection}
18:49:00.494 [debug] Match confidence: 0.11602499999999999, min_confidence: 0.7, match: %{type: "js-ldap-injection", context: %{node_type: "CallExpression", depth: 9, parent_type: "BinaryExpression", in_function: "complexFunction4"}, location: %{depth: 9, end_column: 27, end_line: 4, start_line: 4, start_column: 14}, severity: "high", pattern_id: "js-ldap-injection", pattern_name: "LDAP Injection", recommendation: "Review this code for potential security issues", confidence: 0.85, pattern_type: :ldap_injection}
18:49:00.494 [debug] Match confidence: 0.11602499999999999, min_confidence: 0.7, match: %{type: "js-ldap-injection", context: %{node_type: "CallExpression", depth: 5, parent_type: "ReturnStatement", in_function: "complexFunction4"}, location: %{depth: 5, end_column: 40, end_line: 6, start_line: 6, start_column: 9}, severity: "high", pattern_id: "js-ldap-injection", pattern_name: "LDAP Injection", recommendation: "Review this code for potential security issues", confidence: 0.85, pattern_type: :ldap_injection}
18:49:00.494 [debug] Match confidence: 0.11602499999999999, min_confidence: 0.7, match: %{type: "js-xpath-injection", context: %{node_type: "CallExpression", depth: 7, parent_type: "ExpressionStatement", in_function: "complexFunction4"}, location: %{depth: 7, end_column: 32, end_line: 4, start_line: 4, start_column: 4}, severity: "high", pattern_id: "js-xpath-injection", pattern_name: "XPath Injection", recommendation: "Review this code for potential security issues", confidence: 0.85, pattern_type: :xpath_injection}
18:49:00.494 [debug] Match confidence: 0.11602499999999999, min_confidence: 0.7, match: %{type: "js-xpath-injection", context: %{node_type: "CallExpression", depth: 9, parent_type: "BinaryExpression", in_function: "complexFunction4"}, location: %{depth: 9, end_column: 27, end_line: 4, start_line: 4, start_column: 14}, severity: "high", pattern_id: "js-xpath-injection", pattern_name: "XPath Injection", recommendation: "Review this code for potential security issues", confidence: 0.85, pattern_type: :xpath_injection}
18:49:00.494 [debug] Match confidence: 0.11602499999999999, min_confidence: 0.7, match: %{type: "js-xpath-injection", context: %{node_type: "CallExpression", depth: 5, parent_type: "ReturnStatement", in_function: "complexFunction4"}, location: %{depth: 5, end_column: 40, end_line: 6, start_line: 6, start_column: 9}, severity: "high", pattern_id: "js-xpath-injection", pattern_name: "XPath Injection", recommendation: "Review this code for potential security issues", confidence: 0.85, pattern_type: :xpath_injection}
18:49:00.494 [debug] Match confidence: 0.15014999999999998, min_confidence: 0.7, match: %{type: "js-ssrf", context: %{node_type: "CallExpression", depth: 7, parent_type: "ExpressionStatement", in_function: "complexFunction4"}, location: %{depth: 7, end_column: 32, end_line: 4, start_line: 4, start_column: 4}, severity: "medium", pattern_id: "js-ssrf", pattern_name: "Server-Side Request Forgery (SSRF)", recommendation: "Review this code for potential security issues", confidence: 0.7, pattern_type: :ssrf}
18:49:00.494 [debug] Match confidence: 0.15014999999999998, min_confidence: 0.7, match: %{type: "js-ssrf", context: %{node_type: "CallExpression", depth: 9, parent_type: "BinaryExpression", in_function: "complexFunction4"}, location: %{depth: 9, end_column: 27, end_line: 4, start_line: 4, start_column: 14}, severity: "medium", pattern_id: "js-ssrf", pattern_name: "Server-Side Request Forgery (SSRF)", recommendation: "Review this code for potential security issues", confidence: 0.7, pattern_type: :ssrf}
18:49:00.494 [debug] Match confidence: 0.15014999999999998, min_confidence: 0.7, match: %{type: "js-ssrf", context: %{node_type: "CallExpression", depth: 5, parent_type: "ReturnStatement", in_function: "complexFunction4"}, location: %{depth: 5, end_column: 40, end_line: 6, start_line: 6, start_column: 9}, severity: "medium", pattern_id: "js-ssrf", pattern_name: "Server-Side Request Forgery (SSRF)", recommendation: "Review this code for potential security issues", confidence: 0.7, pattern_type: :ssrf}
18:49:00.494 [debug] Match confidence: 0.15014999999999998, min_confidence: 0.7, match: %{type: "js-insecure-deserialization", context: %{node_type: "CallExpression", depth: 7, parent_type: "ExpressionStatement", in_function: "complexFunction4"}, location: %{depth: 7, end_column: 32, end_line: 4, start_line: 4, start_column: 4}, severity: "medium", pattern_id: "js-insecure-deserialization", pattern_name: "Insecure Deserialization", recommendation: "Review this code for potential security issues", confidence: 0.7, pattern_type: :deserialization}
18:49:00.494 [debug] Match confidence: 0.15014999999999998, min_confidence: 0.7, match: %{type: "js-insecure-deserialization", context: %{node_type: "CallExpression", depth: 9, parent_type: "BinaryExpression", in_function: "complexFunction4"}, location: %{depth: 9, end_column: 27, end_line: 4, start_line: 4, start_column: 14}, severity: "medium", pattern_id: "js-insecure-deserialization", pattern_name: "Insecure Deserialization", recommendation: "Review this code for potential security issues", confidence: 0.7, pattern_type: :deserialization}
18:49:00.494 [debug] Match confidence: 0.15014999999999998, min_confidence: 0.7, match: %{type: "js-insecure-deserialization", context: %{node_type: "CallExpression", depth: 5, parent_type: "ReturnStatement", in_function: "complexFunction4"}, location: %{depth: 5, end_column: 40, end_line: 6, start_line: 6, start_column: 9}, severity: "medium", pattern_id: "js-insecure-deserialization", pattern_name: "Insecure Deserialization", recommendation: "Review this code for potential security issues", confidence: 0.7, pattern_type: :deserialization}
18:49:00.495 [debug] Match confidence: 0.15014999999999998, min_confidence: 0.7, match: %{type: "js-jwt-none-algorithm", context: %{node_type: "CallExpression", depth: 7, parent_type: "ExpressionStatement", in_function: "complexFunction4"}, location: %{depth: 7, end_column: 32, end_line: 4, start_line: 4, start_column: 4}, severity: "medium", pattern_id: "js-jwt-none-algorithm", pattern_name: "JWT None Algorithm Vulnerability", recommendation: "Review this code for potential security issues", confidence: 0.7, pattern_type: :authentication}
18:49:00.495 [debug] Match confidence: 0.15014999999999998, min_confidence: 0.7, match: %{type: "js-jwt-none-algorithm", context: %{node_type: "CallExpression", depth: 9, parent_type: "BinaryExpression", in_function: "complexFunction4"}, location: %{depth: 9, end_column: 27, end_line: 4, start_line: 4, start_column: 14}, severity: "medium", pattern_id: "js-jwt-none-algorithm", pattern_name: "JWT None Algorithm Vulnerability", recommendation: "Review this code for potential security issues", confidence: 0.7, pattern_type: :authentication}
18:49:00.495 [debug] Match confidence: 0.15014999999999998, min_confidence: 0.7, match: %{type: "js-jwt-none-algorithm", context: %{node_type: "CallExpression", depth: 5, parent_type: "ReturnStatement", in_function: "complexFunction4"}, location: %{depth: 5, end_column: 40, end_line: 6, start_line: 6, start_column: 9}, severity: "medium", pattern_id: "js-jwt-none-algorithm", pattern_name: "JWT None Algorithm Vulnerability", recommendation: "Review this code for potential security issues", confidence: 0.7, pattern_type: :authentication}
18:49:00.495 [debug] Match confidence: 0.15014999999999998, min_confidence: 0.7, match: %{type: "js-debug-console-log", context: %{node_type: "CallExpression", depth: 7, parent_type: "ExpressionStatement", in_function: "complexFunction4"}, location: %{depth: 7, end_column: 32, end_line: 4, start_line: 4, start_column: 4}, severity: "medium", pattern_id: "js-debug-console-log", pattern_name: "Sensitive Data in Console Logs", recommendation: "Review this code for potential security issues", confidence: 0.7, pattern_type: :information_disclosure}
18:49:00.495 [debug] Match confidence: 0.15014999999999998, min_confidence: 0.7, match: %{type: "js-debug-console-log", context: %{node_type: "CallExpression", depth: 9, parent_type: "BinaryExpression", in_function: "complexFunction4"}, location: %{depth: 9, end_column: 27, end_line: 4, start_line: 4, start_column: 14}, severity: "medium", pattern_id: "js-debug-console-log", pattern_name: "Sensitive Data in Console Logs", recommendation: "Review this code for potential security issues", confidence: 0.7, pattern_type: :information_disclosure}
18:49:00.495 [debug] Match confidence: 0.15014999999999998, min_confidence: 0.7, match: %{type: "js-debug-console-log", context: %{node_type: "CallExpression", depth: 5, parent_type: "ReturnStatement", in_function: "complexFunction4"}, location: %{depth: 5, end_column: 40, end_line: 6, start_line: 6, start_column: 9}, severity: "medium", pattern_id: "js-debug-console-log", pattern_name: "Sensitive Data in Console Logs", recommendation: "Review this code for potential security issues", confidence: 0.7, pattern_type: :information_disclosure}
18:49:00.495 [info] AnalysisService: Loaded 30 patterns for javascript
18:49:00.500 [info] AnalysisService: Found 47 matches
18:49:00.502 [debug] Match confidence: 0.15435, min_confidence: 0.7, match: %{type: "js-xss-document-write", context: %{node_type: "CallExpression", depth: 7, parent_type: "ExpressionStatement", in_function: "complexFunction5"}, location: %{depth: 7, end_column: 32, end_line: 4, start_line: 4, start_column: 4}, severity: "high", pattern_id: "js-xss-document-write", pattern_name: "Cross-Site Scripting (XSS) via document.write", recommendation: "Review this code for potential security issues", confidence: 0.85, pattern_type: :xss}
18:49:00.502 [debug] Match confidence: 0.15435, min_confidence: 0.7, match: %{type: "js-xss-document-write", context: %{node_type: "CallExpression", depth: 9, parent_type: "BinaryExpression", in_function: "complexFunction5"}, location: %{depth: 9, end_column: 27, end_line: 4, start_line: 4, start_column: 14}, severity: "high", pattern_id: "js-xss-document-write", pattern_name: "Cross-Site Scripting (XSS) via document.write", recommendation: "Review this code for potential security issues", confidence: 0.85, pattern_type: :xss}
18:49:00.502 [debug] Match confidence: 0.15435, min_confidence: 0.7, match: %{type: "js-xss-document-write", context: %{node_type: "CallExpression", depth: 5, parent_type: "ReturnStatement", in_function: "complexFunction5"}, location: %{depth: 5, end_column: 40, end_line: 6, start_line: 6, start_column: 9}, severity: "high", pattern_id: "js-xss-document-write", pattern_name: "Cross-Site Scripting (XSS) via document.write", recommendation: "Review this code for potential security issues", confidence: 0.85, pattern_type: :xss}
18:49:00.502 [debug] Match confidence: 0.15435, min_confidence: 0.7, match: %{type: "js-xss-jquery-html", context: %{node_type: "CallExpression", depth: 7, parent_type: "ExpressionStatement", in_function: "complexFunction5"}, location: %{depth: 7, end_column: 32, end_line: 4, start_line: 4, start_column: 4}, severity: "high", pattern_id: "js-xss-jquery-html", pattern_name: "XSS via jQuery html()", recommendation: "Review this code for potential security issues", confidence: 0.85, pattern_type: :xss}
18:49:00.502 [debug] Match confidence: 0.15435, min_confidence: 0.7, match: %{type: "js-xss-jquery-html", context: %{node_type: "CallExpression", depth: 9, parent_type: "BinaryExpression", in_function: "complexFunction5"}, location: %{depth: 9, end_column: 27, end_line: 4, start_line: 4, start_column: 14}, severity: "high", pattern_id: "js-xss-jquery-html", pattern_name: "XSS via jQuery html()", recommendation: "Review this code for potential security issues", confidence: 0.85, pattern_type: :xss}
18:49:00.502 [debug] Match confidence: 0.15435, min_confidence: 0.7, match: %{type: "js-xss-jquery-html", context: %{node_type: "CallExpression", depth: 5, parent_type: "ReturnStatement", in_function: "complexFunction5"}, location: %{depth: 5, end_column: 40, end_line: 6, start_line: 6, start_column: 9}, severity: "high", pattern_id: "js-xss-jquery-html", pattern_name: "XSS via jQuery html()", recommendation: "Review this code for potential security issues", confidence: 0.85, pattern_type: :xss}
18:49:00.502 [debug] Match confidence: 0.15014999999999998, min_confidence: 0.7, match: %{type: "js-path-traversal-join", context: %{node_type: "CallExpression", depth: 7, parent_type: "ExpressionStatement", in_function: "complexFunction5"}, location: %{depth: 7, end_column: 32, end_line: 4, start_line: 4, start_column: 4}, severity: "medium", pattern_id: "js-path-traversal-join", pattern_name: "Path Traversal via path.join", recommendation: "Review this code for potential security issues", confidence: 0.7, pattern_type: :path_traversal}
18:49:00.502 [debug] Match confidence: 0.15014999999999998, min_confidence: 0.7, match: %{type: "js-path-traversal-join", context: %{node_type: "CallExpression", depth: 9, parent_type: "BinaryExpression", in_function: "complexFunction5"}, location: %{depth: 9, end_column: 27, end_line: 4, start_line: 4, start_column: 14}, severity: "medium", pattern_id: "js-path-traversal-join", pattern_name: "Path Traversal via path.join", recommendation: "Review this code for potential security issues", confidence: 0.7, pattern_type: :path_traversal}
18:49:00.502 [debug] Match confidence: 0.15014999999999998, min_confidence: 0.7, match: %{type: "js-path-traversal-join", context: %{node_type: "CallExpression", depth: 5, parent_type: "ReturnStatement", in_function: "complexFunction5"}, location: %{depth: 5, end_column: 40, end_line: 6, start_line: 6, start_column: 9}, severity: "medium", pattern_id: "js-path-traversal-join", pattern_name: "Path Traversal via path.join", recommendation: "Review this code for potential security issues", confidence: 0.7, pattern_type: :path_traversal}
18:49:00.502 [debug] Match confidence: 0.15014999999999998, min_confidence: 0.7, match: %{type: "js-path-traversal-concat", context: %{node_type: "BinaryExpression", depth: 7, parent_type: "ArrowFunctionExpression", in_function: "complexFunction5"}, location: %{depth: 7, end_column: 36, end_line: 6, start_line: 6, start_column: 31}, severity: "medium", pattern_id: "js-path-traversal-concat", pattern_name: "Path Traversal via String Concatenation", recommendation: "Review this code for potential security issues", confidence: 0.7, pattern_type: :path_traversal}
18:49:00.502 [debug] Match confidence: 0.15014999999999998, min_confidence: 0.7, match: %{type: "js-weak-crypto-md5", context: %{node_type: "CallExpression", depth: 7, parent_type: "ExpressionStatement", in_function: "complexFunction5"}, location: %{depth: 7, end_column: 32, end_line: 4, start_line: 4, start_column: 4}, severity: "medium", pattern_id: "js-weak-crypto-md5", pattern_name: "Weak Cryptography - MD5", recommendation: "Review this code for potential security issues", confidence: 0.7, pattern_type: :weak_crypto}
18:49:00.502 [debug] Match confidence: 0.15014999999999998, min_confidence: 0.7, match: %{type: "js-weak-crypto-md5", context: %{node_type: "CallExpression", depth: 9, parent_type: "BinaryExpression", in_function: "complexFunction5"}, location: %{depth: 9, end_column: 27, end_line: 4, start_line: 4, start_column: 14}, severity: "medium", pattern_id: "js-weak-crypto-md5", pattern_name: "Weak Cryptography - MD5", recommendation: "Review this code for potential security issues", confidence: 0.7, pattern_type: :weak_crypto}
18:49:00.502 [debug] Match confidence: 0.15014999999999998, min_confidence: 0.7, match: %{type: "js-weak-crypto-md5", context: %{node_type: "CallExpression", depth: 5, parent_type: "ReturnStatement", in_function: "complexFunction5"}, location: %{depth: 5, end_column: 40, end_line: 6, start_line: 6, start_column: 9}, severity: "medium", pattern_id: "js-weak-crypto-md5", pattern_name: "Weak Cryptography - MD5", recommendation: "Review this code for potential security issues", confidence: 0.7, pattern_type: :weak_crypto}
18:49:00.502 [debug] Match confidence: 0.15014999999999998, min_confidence: 0.7, match: %{type: "js-weak-crypto-sha1", context: %{node_type: "CallExpression", depth: 7, parent_type: "ExpressionStatement", in_function: "complexFunction5"}, location: %{depth: 7, end_column: 32, end_line: 4, start_line: 4, start_column: 4}, severity: "medium", pattern_id: "js-weak-crypto-sha1", pattern_name: "Weak Cryptography - SHA1", recommendation: "Review this code for potential security issues", confidence: 0.7, pattern_type: :weak_crypto}
18:49:00.502 [debug] Match confidence: 0.15014999999999998, min_confidence: 0.7, match: %{type: "js-weak-crypto-sha1", context: %{node_type: "CallExpression", depth: 9, parent_type: "BinaryExpression", in_function: "complexFunction5"}, location: %{depth: 9, end_column: 27, end_line: 4, start_line: 4, start_column: 14}, severity: "medium", pattern_id: "js-weak-crypto-sha1", pattern_name: "Weak Cryptography - SHA1", recommendation: "Review this code for potential security issues", confidence: 0.7, pattern_type: :weak_crypto}
18:49:00.503 [debug] Match confidence: 0.15014999999999998, min_confidence: 0.7, match: %{type: "js-weak-crypto-sha1", context: %{node_type: "CallExpression", depth: 5, parent_type: "ReturnStatement", in_function: "complexFunction5"}, location: %{depth: 5, end_column: 40, end_line: 6, start_line: 6, start_column: 9}, severity: "medium", pattern_id: "js-weak-crypto-sha1", pattern_name: "Weak Cryptography - SHA1", recommendation: "Review this code for potential security issues", confidence: 0.7, pattern_type: :weak_crypto}
18:49:00.503 [debug] Match confidence: 0.1848, min_confidence: 0.7, match: %{type: "js-hardcoded-secret-password", context: %{node_type: "VariableDeclarator", depth: 5, parent_type: "VariableDeclaration", in_function: "complexFunction5"}, location: %{depth: 5, end_column: 15, end_line: 2, start_line: 2, start_column: 6}, severity: "high", pattern_id: "js-hardcoded-secret-password", pattern_name: "Hardcoded Password", recommendation: "Review this code for potential security issues", confidence: 0.9, pattern_type: :hardcoded_secret}
18:49:00.503 [debug] Match confidence: 0.1848, min_confidence: 0.7, match: %{type: "js-hardcoded-secret-password", context: %{node_type: "VariableDeclarator", depth: 6, parent_type: "VariableDeclaration", in_function: "complexFunction5"}, location: %{depth: 6, end_column: 16, end_line: 3, start_line: 3, start_column: 11}, severity: "high", pattern_id: "js-hardcoded-secret-password", pattern_name: "Hardcoded Password", recommendation: "Review this code for potential security issues", confidence: 0.9, pattern_type: :hardcoded_secret}
18:49:00.503 [debug] Match confidence: 0.1848, min_confidence: 0.7, match: %{type: "js-hardcoded-secret-api-key", context: %{node_type: "VariableDeclarator", depth: 5, parent_type: "VariableDeclaration", in_function: "complexFunction5"}, location: %{depth: 5, end_column: 15, end_line: 2, start_line: 2, start_column: 6}, severity: "high", pattern_id: "js-hardcoded-secret-api-key", pattern_name: "Hardcoded API Key", recommendation: "Review this code for potential security issues", confidence: 0.9, pattern_type: :hardcoded_secret}
18:49:00.503 [debug] Match confidence: 0.1848, min_confidence: 0.7, match: %{type: "js-hardcoded-secret-api-key", context: %{node_type: "VariableDeclarator", depth: 6, parent_type: "VariableDeclaration", in_function: "complexFunction5"}, location: %{depth: 6, end_column: 16, end_line: 3, start_line: 3, start_column: 11}, severity: "high", pattern_id: "js-hardcoded-secret-api-key", pattern_name: "Hardcoded API Key", recommendation: "Review this code for potential security issues", confidence: 0.9, pattern_type: :hardcoded_secret}
18:49:00.503 [debug] Match confidence: 0.15014999999999998, min_confidence: 0.7, match: %{type: "js-open-redirect", context: %{node_type: "CallExpression", depth: 7, parent_type: "ExpressionStatement", in_function: "complexFunction5"}, location: %{depth: 7, end_column: 32, end_line: 4, start_line: 4, start_column: 4}, severity: "medium", pattern_id: "js-open-redirect", pattern_name: "Open Redirect Vulnerability", recommendation: "Review this code for potential security issues", confidence: 0.7, pattern_type: :open_redirect}
18:49:00.503 [debug] Match confidence: 0.15014999999999998, min_confidence: 0.7, match: %{type: "js-open-redirect", context: %{node_type: "CallExpression", depth: 9, parent_type: "BinaryExpression", in_function: "complexFunction5"}, location: %{depth: 9, end_column: 27, end_line: 4, start_line: 4, start_column: 14}, severity: "medium", pattern_id: "js-open-redirect", pattern_name: "Open Redirect Vulnerability", recommendation: "Review this code for potential security issues", confidence: 0.7, pattern_type: :open_redirect}
18:49:00.503 [debug] Match confidence: 0.15014999999999998, min_confidence: 0.7, match: %{type: "js-open-redirect", context: %{node_type: "CallExpression", depth: 5, parent_type: "ReturnStatement", in_function: "complexFunction5"}, location: %{depth: 5, end_column: 40, end_line: 6, start_line: 6, start_column: 9}, severity: "medium", pattern_id: "js-open-redirect", pattern_name: "Open Redirect Vulnerability", recommendation: "Review this code for potential security issues", confidence: 0.7, pattern_type: :open_redirect}
18:49:00.503 [debug] Match confidence: 0.15014999999999998, min_confidence: 0.7, match: %{type: "js-insecure-random", context: %{node_type: "CallExpression", depth: 7, parent_type: "ExpressionStatement", in_function: "complexFunction5"}, location: %{depth: 7, end_column: 32, end_line: 4, start_line: 4, start_column: 4}, severity: "medium", pattern_id: "js-insecure-random", pattern_name: "Insecure Random Number Generation", recommendation: "Review this code for potential security issues", confidence: 0.7, pattern_type: :insecure_random}
18:49:00.503 [debug] Match confidence: 0.15014999999999998, min_confidence: 0.7, match: %{type: "js-insecure-random", context: %{node_type: "CallExpression", depth: 9, parent_type: "BinaryExpression", in_function: "complexFunction5"}, location: %{depth: 9, end_column: 27, end_line: 4, start_line: 4, start_column: 14}, severity: "medium", pattern_id: "js-insecure-random", pattern_name: "Insecure Random Number Generation", recommendation: "Review this code for potential security issues", confidence: 0.7, pattern_type: :insecure_random}
18:49:00.503 [debug] Match confidence: 0.15014999999999998, min_confidence: 0.7, match: %{type: "js-insecure-random", context: %{node_type: "CallExpression", depth: 5, parent_type: "ReturnStatement", in_function: "complexFunction5"}, location: %{depth: 5, end_column: 40, end_line: 6, start_line: 6, start_column: 9}, severity: "medium", pattern_id: "js-insecure-random", pattern_name: "Insecure Random Number Generation", recommendation: "Review this code for potential security issues", confidence: 0.7, pattern_type: :insecure_random}
18:49:00.503 [debug] Match confidence: 0.11602499999999999, min_confidence: 0.7, match: %{type: "js-nosql-injection", context: %{node_type: "CallExpression", depth: 7, parent_type: "ExpressionStatement", in_function: "complexFunction5"}, location: %{depth: 7, end_column: 32, end_line: 4, start_line: 4, start_column: 4}, severity: "high", pattern_id: "js-nosql-injection", pattern_name: "NoSQL Injection", recommendation: "Review this code for potential security issues", confidence: 0.85, pattern_type: :nosql_injection}
18:49:00.503 [debug] Match confidence: 0.11602499999999999, min_confidence: 0.7, match: %{type: "js-nosql-injection", context: %{node_type: "CallExpression", depth: 9, parent_type: "BinaryExpression", in_function: "complexFunction5"}, location: %{depth: 9, end_column: 27, end_line: 4, start_line: 4, start_column: 14}, severity: "high", pattern_id: "js-nosql-injection", pattern_name: "NoSQL Injection", recommendation: "Review this code for potential security issues", confidence: 0.85, pattern_type: :nosql_injection}
18:49:00.503 [debug] Match confidence: 0.11602499999999999, min_confidence: 0.7, match: %{type: "js-nosql-injection", context: %{node_type: "CallExpression", depth: 5, parent_type: "ReturnStatement", in_function: "complexFunction5"}, location: %{depth: 5, end_column: 40, end_line: 6, start_line: 6, start_column: 9}, severity: "high", pattern_id: "js-nosql-injection", pattern_name: "NoSQL Injection", recommendation: "Review this code for potential security issues", confidence: 0.85, pattern_type: :nosql_injection}
18:49:00.503 [debug] Match confidence: 0.11602499999999999, min_confidence: 0.7, match: %{type: "js-ldap-injection", context: %{node_type: "CallExpression", depth: 7, parent_type: "ExpressionStatement", in_function: "complexFunction5"}, location: %{depth: 7, end_column: 32, end_line: 4, start_line: 4, start_column: 4}, severity: "high", pattern_id: "js-ldap-injection", pattern_name: "LDAP Injection", recommendation: "Review this code for potential security issues", confidence: 0.85, pattern_type: :ldap_injection}
18:49:00.503 [debug] Match confidence: 0.11602499999999999, min_confidence: 0.7, match: %{type: "js-ldap-injection", context: %{node_type: "CallExpression", depth: 9, parent_type: "BinaryExpression", in_function: "complexFunction5"}, location: %{depth: 9, end_column: 27, end_line: 4, start_line: 4, start_column: 14}, severity: "high", pattern_id: "js-ldap-injection", pattern_name: "LDAP Injection", recommendation: "Review this code for potential security issues", confidence: 0.85, pattern_type: :ldap_injection}
18:49:00.503 [debug] Match confidence: 0.11602499999999999, min_confidence: 0.7, match: %{type: "js-ldap-injection", context: %{node_type: "CallExpression", depth: 5, parent_type: "ReturnStatement", in_function: "complexFunction5"}, location: %{depth: 5, end_column: 40, end_line: 6, start_line: 6, start_column: 9}, severity: "high", pattern_id: "js-ldap-injection", pattern_name: "LDAP Injection", recommendation: "Review this code for potential security issues", confidence: 0.85, pattern_type: :ldap_injection}
18:49:00.503 [debug] Match confidence: 0.11602499999999999, min_confidence: 0.7, match: %{type: "js-xpath-injection", context: %{node_type: "CallExpression", depth: 7, parent_type: "ExpressionStatement", in_function: "complexFunction5"}, location: %{depth: 7, end_column: 32, end_line: 4, start_line: 4, start_column: 4}, severity: "high", pattern_id: "js-xpath-injection", pattern_name: "XPath Injection", recommendation: "Review this code for potential security issues", confidence: 0.85, pattern_type: :xpath_injection}
18:49:00.503 [debug] Match confidence: 0.11602499999999999, min_confidence: 0.7, match: %{type: "js-xpath-injection", context: %{node_type: "CallExpression", depth: 9, parent_type: "BinaryExpression", in_function: "complexFunction5"}, location: %{depth: 9, end_column: 27, end_line: 4, start_line: 4, start_column: 14}, severity: "high", pattern_id: "js-xpath-injection", pattern_name: "XPath Injection", recommendation: "Review this code for potential security issues", confidence: 0.85, pattern_type: :xpath_injection}
18:49:00.503 [debug] Match confidence: 0.11602499999999999, min_confidence: 0.7, match: %{type: "js-xpath-injection", context: %{node_type: "CallExpression", depth: 5, parent_type: "ReturnStatement", in_function: "complexFunction5"}, location: %{depth: 5, end_column: 40, end_line: 6, start_line: 6, start_column: 9}, severity: "high", pattern_id: "js-xpath-injection", pattern_name: "XPath Injection", recommendation: "Review this code for potential security issues", confidence: 0.85, pattern_type: :xpath_injection}
18:49:00.503 [debug] Match confidence: 0.15014999999999998, min_confidence: 0.7, match: %{type: "js-ssrf", context: %{node_type: "CallExpression", depth: 7, parent_type: "ExpressionStatement", in_function: "complexFunction5"}, location: %{depth: 7, end_column: 32, end_line: 4, start_line: 4, start_column: 4}, severity: "medium", pattern_id: "js-ssrf", pattern_name: "Server-Side Request Forgery (SSRF)", recommendation: "Review this code for potential security issues", confidence: 0.7, pattern_type: :ssrf}
18:49:00.503 [debug] Match confidence: 0.15014999999999998, min_confidence: 0.7, match: %{type: "js-ssrf", context: %{node_type: "CallExpression", depth: 9, parent_type: "BinaryExpression", in_function: "complexFunction5"}, location: %{depth: 9, end_column: 27, end_line: 4, start_line: 4, start_column: 14}, severity: "medium", pattern_id: "js-ssrf", pattern_name: "Server-Side Request Forgery (SSRF)", recommendation: "Review this code for potential security issues", confidence: 0.7, pattern_type: :ssrf}
18:49:00.503 [debug] Match confidence: 0.15014999999999998, min_confidence: 0.7, match: %{type: "js-ssrf", context: %{node_type: "CallExpression", depth: 5, parent_type: "ReturnStatement", in_function: "complexFunction5"}, location: %{depth: 5, end_column: 40, end_line: 6, start_line: 6, start_column: 9}, severity: "medium", pattern_id: "js-ssrf", pattern_name: "Server-Side Request Forgery (SSRF)", recommendation: "Review this code for potential security issues", confidence: 0.7, pattern_type: :ssrf}
18:49:00.503 [debug] Match confidence: 0.15014999999999998, min_confidence: 0.7, match: %{type: "js-insecure-deserialization", context: %{node_type: "CallExpression", depth: 7, parent_type: "ExpressionStatement", in_function: "complexFunction5"}, location: %{depth: 7, end_column: 32, end_line: 4, start_line: 4, start_column: 4}, severity: "medium", pattern_id: "js-insecure-deserialization", pattern_name: "Insecure Deserialization", recommendation: "Review this code for potential security issues", confidence: 0.7, pattern_type: :deserialization}
18:49:00.503 [debug] Match confidence: 0.15014999999999998, min_confidence: 0.7, match: %{type: "js-insecure-deserialization", context: %{node_type: "CallExpression", depth: 9, parent_type: "BinaryExpression", in_function: "complexFunction5"}, location: %{depth: 9, end_column: 27, end_line: 4, start_line: 4, start_column: 14}, severity: "medium", pattern_id: "js-insecure-deserialization", pattern_name: "Insecure Deserialization", recommendation: "Review this code for potential security issues", confidence: 0.7, pattern_type: :deserialization}
18:49:00.503 [debug] Match confidence: 0.15014999999999998, min_confidence: 0.7, match: %{type: "js-insecure-deserialization", context: %{node_type: "CallExpression", depth: 5, parent_type: "ReturnStatement", in_function: "complexFunction5"}, location: %{depth: 5, end_column: 40, end_line: 6, start_line: 6, start_column: 9}, severity: "medium", pattern_id: "js-insecure-deserialization", pattern_name: "Insecure Deserialization", recommendation: "Review this code for potential security issues", confidence: 0.7, pattern_type: :deserialization}
18:49:00.503 [debug] Match confidence: 0.15014999999999998, min_confidence: 0.7, match: %{type: "js-jwt-none-algorithm", context: %{node_type: "CallExpression", depth: 7, parent_type: "ExpressionStatement", in_function: "complexFunction5"}, location: %{depth: 7, end_column: 32, end_line: 4, start_line: 4, start_column: 4}, severity: "medium", pattern_id: "js-jwt-none-algorithm", pattern_name: "JWT None Algorithm Vulnerability", recommendation: "Review this code for potential security issues", confidence: 0.7, pattern_type: :authentication}
18:49:00.503 [debug] Match confidence: 0.15014999999999998, min_confidence: 0.7, match: %{type: "js-jwt-none-algorithm", context: %{node_type: "CallExpression", depth: 9, parent_type: "BinaryExpression", in_function: "complexFunction5"}, location: %{depth: 9, end_column: 27, end_line: 4, start_line: 4, start_column: 14}, severity: "medium", pattern_id: "js-jwt-none-algorithm", pattern_name: "JWT None Algorithm Vulnerability", recommendation: "Review this code for potential security issues", confidence: 0.7, pattern_type: :authentication}
18:49:00.503 [debug] Match confidence: 0.15014999999999998, min_confidence: 0.7, match: %{type: "js-jwt-none-algorithm", context: %{node_type: "CallExpression", depth: 5, parent_type: "ReturnStatement", in_function: "complexFunction5"}, location: %{depth: 5, end_column: 40, end_line: 6, start_line: 6, start_column: 9}, severity: "medium", pattern_id: "js-jwt-none-algorithm", pattern_name: "JWT None Algorithm Vulnerability", recommendation: "Review this code for potential security issues", confidence: 0.7, pattern_type: :authentication}
18:49:00.503 [debug] Match confidence: 0.15014999999999998, min_confidence: 0.7, match: %{type: "js-debug-console-log", context: %{node_type: "CallExpression", depth: 7, parent_type: "ExpressionStatement", in_function: "complexFunction5"}, location: %{depth: 7, end_column: 32, end_line: 4, start_line: 4, start_column: 4}, severity: "medium", pattern_id: "js-debug-console-log", pattern_name: "Sensitive Data in Console Logs", recommendation: "Review this code for potential security issues", confidence: 0.7, pattern_type: :information_disclosure}
18:49:00.503 [debug] Match confidence: 0.15014999999999998, min_confidence: 0.7, match: %{type: "js-debug-console-log", context: %{node_type: "CallExpression", depth: 9, parent_type: "BinaryExpression", in_function: "complexFunction5"}, location: %{depth: 9, end_column: 27, end_line: 4, start_line: 4, start_column: 14}, severity: "medium", pattern_id: "js-debug-console-log", pattern_name: "Sensitive Data in Console Logs", recommendation: "Review this code for potential security issues", confidence: 0.7, pattern_type: :information_disclosure}
18:49:00.504 [debug] Match confidence: 0.15014999999999998, min_confidence: 0.7, match: %{type: "js-debug-console-log", context: %{node_type: "CallExpression", depth: 5, parent_type: "ReturnStatement", in_function: "complexFunction5"}, location: %{depth: 5, end_column: 40, end_line: 6, start_line: 6, start_column: 9}, severity: "medium", pattern_id: "js-debug-console-log", pattern_name: "Sensitive Data in Console Logs", recommendation: "Review this code for potential security issues", confidence: 0.7, pattern_type: :information_disclosure}
18:49:00.504 [info] AnalysisService: Loaded 30 patterns for javascript
18:49:00.509 [info] AnalysisService: Found 47 matches
18:49:00.510 [debug] Match confidence: 0.15435, min_confidence: 0.7, match: %{type: "js-xss-document-write", context: %{node_type: "CallExpression", depth: 7, parent_type: "ExpressionStatement", in_function: "complexFunction6"}, location: %{depth: 7, end_column: 32, end_line: 4, start_line: 4, start_column: 4}, severity: "high", pattern_id: "js-xss-document-write", pattern_name: "Cross-Site Scripting (XSS) via document.write", recommendation: "Review this code for potential security issues", confidence: 0.85, pattern_type: :xss}
18:49:00.512 [debug] Match confidence: 0.15435, min_confidence: 0.7, match: %{type: "js-xss-document-write", context: %{node_type: "CallExpression", depth: 9, parent_type: "BinaryExpression", in_function: "complexFunction6"}, location: %{depth: 9, end_column: 27, end_line: 4, start_line: 4, start_column: 14}, severity: "high", pattern_id: "js-xss-document-write", pattern_name: "Cross-Site Scripting (XSS) via document.write", recommendation: "Review this code for potential security issues", confidence: 0.85, pattern_type: :xss}
18:49:00.512 [debug] Match confidence: 0.15435, min_confidence: 0.7, match: %{type: "js-xss-document-write", context: %{node_type: "CallExpression", depth: 5, parent_type: "ReturnStatement", in_function: "complexFunction6"}, location: %{depth: 5, end_column: 40, end_line: 6, start_line: 6, start_column: 9}, severity: "high", pattern_id: "js-xss-document-write", pattern_name: "Cross-Site Scripting (XSS) via document.write", recommendation: "Review this code for potential security issues", confidence: 0.85, pattern_type: :xss}
18:49:00.515 [debug] Match confidence: 0.15435, min_confidence: 0.7, match: %{type: "js-xss-jquery-html", context: %{node_type: "CallExpression", depth: 7, parent_type: "ExpressionStatement", in_function: "complexFunction6"}, location: %{depth: 7, end_column: 32, end_line: 4, start_line: 4, start_column: 4}, severity: "high", pattern_id: "js-xss-jquery-html", pattern_name: "XSS via jQuery html()", recommendation: "Review this code for potential security issues", confidence: 0.85, pattern_type: :xss}
18:49:00.515 [debug] Match confidence: 0.15435, min_confidence: 0.7, match: %{type: "js-xss-jquery-html", context: %{node_type: "CallExpression", depth: 9, parent_type: "BinaryExpression", in_function: "complexFunction6"}, location: %{depth: 9, end_column: 27, end_line: 4, start_line: 4, start_column: 14}, severity: "high", pattern_id: "js-xss-jquery-html", pattern_name: "XSS via jQuery html()", recommendation: "Review this code for potential security issues", confidence: 0.85, pattern_type: :xss}
18:49:00.515 [debug] Match confidence: 0.15435, min_confidence: 0.7, match: %{type: "js-xss-jquery-html", context: %{node_type: "CallExpression", depth: 5, parent_type: "ReturnStatement", in_function: "complexFunction6"}, location: %{depth: 5, end_column: 40, end_line: 6, start_line: 6, start_column: 9}, severity: "high", pattern_id: "js-xss-jquery-html", pattern_name: "XSS via jQuery html()", recommendation: "Review this code for potential security issues", confidence: 0.85, pattern_type: :xss}
18:49:00.515 [debug] Match confidence: 0.15014999999999998, min_confidence: 0.7, match: %{type: "js-path-traversal-join", context: %{node_type: "CallExpression", depth: 7, parent_type: "ExpressionStatement", in_function: "complexFunction6"}, location: %{depth: 7, end_column: 32, end_line: 4, start_line: 4, start_column: 4}, severity: "medium", pattern_id: "js-path-traversal-join", pattern_name: "Path Traversal via path.join", recommendation: "Review this code for potential security issues", confidence: 0.7, pattern_type: :path_traversal}
18:49:00.515 [debug] Match confidence: 0.15014999999999998, min_confidence: 0.7, match: %{type: "js-path-traversal-join", context: %{node_type: "CallExpression", depth: 9, parent_type: "BinaryExpression", in_function: "complexFunction6"}, location: %{depth: 9, end_column: 27, end_line: 4, start_line: 4, start_column: 14}, severity: "medium", pattern_id: "js-path-traversal-join", pattern_name: "Path Traversal via path.join", recommendation: "Review this code for potential security issues", confidence: 0.7, pattern_type: :path_traversal}
18:49:00.515 [debug] Match confidence: 0.15014999999999998, min_confidence: 0.7, match: %{type: "js-path-traversal-join", context: %{node_type: "CallExpression", depth: 5, parent_type: "ReturnStatement", in_function: "complexFunction6"}, location: %{depth: 5, end_column: 40, end_line: 6, start_line: 6, start_column: 9}, severity: "medium", pattern_id: "js-path-traversal-join", pattern_name: "Path Traversal via path.join", recommendation: "Review this code for potential security issues", confidence: 0.7, pattern_type: :path_traversal}
18:49:00.515 [debug] Match confidence: 0.15014999999999998, min_confidence: 0.7, match: %{type: "js-path-traversal-concat", context: %{node_type: "BinaryExpression", depth: 7, parent_type: "ArrowFunctionExpression", in_function: "complexFunction6"}, location: %{depth: 7, end_column: 36, end_line: 6, start_line: 6, start_column: 31}, severity: "medium", pattern_id: "js-path-traversal-concat", pattern_name: "Path Traversal via String Concatenation", recommendation: "Review this code for potential security issues", confidence: 0.7, pattern_type: :path_traversal}
18:49:00.515 [debug] Match confidence: 0.15014999999999998, min_confidence: 0.7, match: %{type: "js-weak-crypto-md5", context: %{node_type: "CallExpression", depth: 7, parent_type: "ExpressionStatement", in_function: "complexFunction6"}, location: %{depth: 7, end_column: 32, end_line: 4, start_line: 4, start_column: 4}, severity: "medium", pattern_id: "js-weak-crypto-md5", pattern_name: "Weak Cryptography - MD5", recommendation: "Review this code for potential security issues", confidence: 0.7, pattern_type: :weak_crypto}
18:49:00.515 [debug] Match confidence: 0.15014999999999998, min_confidence: 0.7, match: %{type: "js-weak-crypto-md5", context: %{node_type: "CallExpression", depth: 9, parent_type: "BinaryExpression", in_function: "complexFunction6"}, location: %{depth: 9, end_column: 27, end_line: 4, start_line: 4, start_column: 14}, severity: "medium", pattern_id: "js-weak-crypto-md5", pattern_name: "Weak Cryptography - MD5", recommendation: "Review this code for potential security issues", confidence: 0.7, pattern_type: :weak_crypto}
18:49:00.515 [debug] Match confidence: 0.15014999999999998, min_confidence: 0.7, match: %{type: "js-weak-crypto-md5", context: %{node_type: "CallExpression", depth: 5, parent_type: "ReturnStatement", in_function: "complexFunction6"}, location: %{depth: 5, end_column: 40, end_line: 6, start_line: 6, start_column: 9}, severity: "medium", pattern_id: "js-weak-crypto-md5", pattern_name: "Weak Cryptography - MD5", recommendation: "Review this code for potential security issues", confidence: 0.7, pattern_type: :weak_crypto}
18:49:00.515 [debug] Match confidence: 0.15014999999999998, min_confidence: 0.7, match: %{type: "js-weak-crypto-sha1", context: %{node_type: "CallExpression", depth: 7, parent_type: "ExpressionStatement", in_function: "complexFunction6"}, location: %{depth: 7, end_column: 32, end_line: 4, start_line: 4, start_column: 4}, severity: "medium", pattern_id: "js-weak-crypto-sha1", pattern_name: "Weak Cryptography - SHA1", recommendation: "Review this code for potential security issues", confidence: 0.7, pattern_type: :weak_crypto}
18:49:00.515 [debug] Match confidence: 0.15014999999999998, min_confidence: 0.7, match: %{type: "js-weak-crypto-sha1", context: %{node_type: "CallExpression", depth: 9, parent_type: "BinaryExpression", in_function: "complexFunction6"}, location: %{depth: 9, end_column: 27, end_line: 4, start_line: 4, start_column: 14}, severity: "medium", pattern_id: "js-weak-crypto-sha1", pattern_name: "Weak Cryptography - SHA1", recommendation: "Review this code for potential security issues", confidence: 0.7, pattern_type: :weak_crypto}
18:49:00.515 [debug] Match confidence: 0.15014999999999998, min_confidence: 0.7, match: %{type: "js-weak-crypto-sha1", context: %{node_type: "CallExpression", depth: 5, parent_type: "ReturnStatement", in_function: "complexFunction6"}, location: %{depth: 5, end_column: 40, end_line: 6, start_line: 6, start_column: 9}, severity: "medium", pattern_id: "js-weak-crypto-sha1", pattern_name: "Weak Cryptography - SHA1", recommendation: "Review this code for potential security issues", confidence: 0.7, pattern_type: :weak_crypto}
18:49:00.515 [debug] Match confidence: 0.1848, min_confidence: 0.7, match: %{type: "js-hardcoded-secret-password", context: %{node_type: "VariableDeclarator", depth: 5, parent_type: "VariableDeclaration", in_function: "complexFunction6"}, location: %{depth: 5, end_column: 15, end_line: 2, start_line: 2, start_column: 6}, severity: "high", pattern_id: "js-hardcoded-secret-password", pattern_name: "Hardcoded Password", recommendation: "Review this code for potential security issues", confidence: 0.9, pattern_type: :hardcoded_secret}
18:49:00.515 [debug] Match confidence: 0.1848, min_confidence: 0.7, match: %{type: "js-hardcoded-secret-password", context: %{node_type: "VariableDeclarator", depth: 6, parent_type: "VariableDeclaration", in_function: "complexFunction6"}, location: %{depth: 6, end_column: 16, end_line: 3, start_line: 3, start_column: 11}, severity: "high", pattern_id: "js-hardcoded-secret-password", pattern_name: "Hardcoded Password", recommendation: "Review this code for potential security issues", confidence: 0.9, pattern_type: :hardcoded_secret}
18:49:00.515 [debug] Match confidence: 0.1848, min_confidence: 0.7, match: %{type: "js-hardcoded-secret-api-key", context: %{node_type: "VariableDeclarator", depth: 5, parent_type: "VariableDeclaration", in_function: "complexFunction6"}, location: %{depth: 5, end_column: 15, end_line: 2, start_line: 2, start_column: 6}, severity: "high", pattern_id: "js-hardcoded-secret-api-key", pattern_name: "Hardcoded API Key", recommendation: "Review this code for potential security issues", confidence: 0.9, pattern_type: :hardcoded_secret}
18:49:00.515 [debug] Match confidence: 0.1848, min_confidence: 0.7, match: %{type: "js-hardcoded-secret-api-key", context: %{node_type: "VariableDeclarator", depth: 6, parent_type: "VariableDeclaration", in_function: "complexFunction6"}, location: %{depth: 6, end_column: 16, end_line: 3, start_line: 3, start_column: 11}, severity: "high", pattern_id: "js-hardcoded-secret-api-key", pattern_name: "Hardcoded API Key", recommendation: "Review this code for potential security issues", confidence: 0.9, pattern_type: :hardcoded_secret}
18:49:00.515 [debug] Match confidence: 0.15014999999999998, min_confidence: 0.7, match: %{type: "js-open-redirect", context: %{node_type: "CallExpression", depth: 7, parent_type: "ExpressionStatement", in_function: "complexFunction6"}, location: %{depth: 7, end_column: 32, end_line: 4, start_line: 4, start_column: 4}, severity: "medium", pattern_id: "js-open-redirect", pattern_name: "Open Redirect Vulnerability", recommendation: "Review this code for potential security issues", confidence: 0.7, pattern_type: :open_redirect}
18:49:00.515 [debug] Match confidence: 0.15014999999999998, min_confidence: 0.7, match: %{type: "js-open-redirect", context: %{node_type: "CallExpression", depth: 9, parent_type: "BinaryExpression", in_function: "complexFunction6"}, location: %{depth: 9, end_column: 27, end_line: 4, start_line: 4, start_column: 14}, severity: "medium", pattern_id: "js-open-redirect", pattern_name: "Open Redirect Vulnerability", recommendation: "Review this code for potential security issues", confidence: 0.7, pattern_type: :open_redirect}
18:49:00.515 [debug] Match confidence: 0.15014999999999998, min_confidence: 0.7, match: %{type: "js-open-redirect", context: %{node_type: "CallExpression", depth: 5, parent_type: "ReturnStatement", in_function: "complexFunction6"}, location: %{depth: 5, end_column: 40, end_line: 6, start_line: 6, start_column: 9}, severity: "medium", pattern_id: "js-open-redirect", pattern_name: "Open Redirect Vulnerability", recommendation: "Review this code for potential security issues", confidence: 0.7, pattern_type: :open_redirect}
18:49:00.515 [debug] Match confidence: 0.15014999999999998, min_confidence: 0.7, match: %{type: "js-insecure-random", context: %{node_type: "CallExpression", depth: 7, parent_type: "ExpressionStatement", in_function: "complexFunction6"}, location: %{depth: 7, end_column: 32, end_line: 4, start_line: 4, start_column: 4}, severity: "medium", pattern_id: "js-insecure-random", pattern_name: "Insecure Random Number Generation", recommendation: "Review this code for potential security issues", confidence: 0.7, pattern_type: :insecure_random}
18:49:00.515 [debug] Match confidence: 0.15014999999999998, min_confidence: 0.7, match: %{type: "js-insecure-random", context: %{node_type: "CallExpression", depth: 9, parent_type: "BinaryExpression", in_function: "complexFunction6"}, location: %{depth: 9, end_column: 27, end_line: 4, start_line: 4, start_column: 14}, severity: "medium", pattern_id: "js-insecure-random", pattern_name: "Insecure Random Number Generation", recommendation: "Review this code for potential security issues", confidence: 0.7, pattern_type: :insecure_random}
18:49:00.516 [debug] Match confidence: 0.15014999999999998, min_confidence: 0.7, match: %{type: "js-insecure-random", context: %{node_type: "CallExpression", depth: 5, parent_type: "ReturnStatement", in_function: "complexFunction6"}, location: %{depth: 5, end_column: 40, end_line: 6, start_line: 6, start_column: 9}, severity: "medium", pattern_id: "js-insecure-random", pattern_name: "Insecure Random Number Generation", recommendation: "Review this code for potential security issues", confidence: 0.7, pattern_type: :insecure_random}
18:49:00.516 [debug] Match confidence: 0.11602499999999999, min_confidence: 0.7, match: %{type: "js-nosql-injection", context: %{node_type: "CallExpression", depth: 7, parent_type: "ExpressionStatement", in_function: "complexFunction6"}, location: %{depth: 7, end_column: 32, end_line: 4, start_line: 4, start_column: 4}, severity: "high", pattern_id: "js-nosql-injection", pattern_name: "NoSQL Injection", recommendation: "Review this code for potential security issues", confidence: 0.85, pattern_type: :nosql_injection}
18:49:00.516 [debug] Match confidence: 0.11602499999999999, min_confidence: 0.7, match: %{type: "js-nosql-injection", context: %{node_type: "CallExpression", depth: 9, parent_type: "BinaryExpression", in_function: "complexFunction6"}, location: %{depth: 9, end_column: 27, end_line: 4, start_line: 4, start_column: 14}, severity: "high", pattern_id: "js-nosql-injection", pattern_name: "NoSQL Injection", recommendation: "Review this code for potential security issues", confidence: 0.85, pattern_type: :nosql_injection}
18:49:00.516 [debug] Match confidence: 0.11602499999999999, min_confidence: 0.7, match: %{type: "js-nosql-injection", context: %{node_type: "CallExpression", depth: 5, parent_type: "ReturnStatement", in_function: "complexFunction6"}, location: %{depth: 5, end_column: 40, end_line: 6, start_line: 6, start_column: 9}, severity: "high", pattern_id: "js-nosql-injection", pattern_name: "NoSQL Injection", recommendation: "Review this code for potential security issues", confidence: 0.85, pattern_type: :nosql_injection}
18:49:00.516 [debug] Match confidence: 0.11602499999999999, min_confidence: 0.7, match: %{type: "js-ldap-injection", context: %{node_type: "CallExpression", depth: 7, parent_type: "ExpressionStatement", in_function: "complexFunction6"}, location: %{depth: 7, end_column: 32, end_line: 4, start_line: 4, start_column: 4}, severity: "high", pattern_id: "js-ldap-injection", pattern_name: "LDAP Injection", recommendation: "Review this code for potential security issues", confidence: 0.85, pattern_type: :ldap_injection}
18:49:00.516 [debug] Match confidence: 0.11602499999999999, min_confidence: 0.7, match: %{type: "js-ldap-injection", context: %{node_type: "CallExpression", depth: 9, parent_type: "BinaryExpression", in_function: "complexFunction6"}, location: %{depth: 9, end_column: 27, end_line: 4, start_line: 4, start_column: 14}, severity: "high", pattern_id: "js-ldap-injection", pattern_name: "LDAP Injection", recommendation: "Review this code for potential security issues", confidence: 0.85, pattern_type: :ldap_injection}
18:49:00.516 [debug] Match confidence: 0.11602499999999999, min_confidence: 0.7, match: %{type: "js-ldap-injection", context: %{node_type: "CallExpression", depth: 5, parent_type: "ReturnStatement", in_function: "complexFunction6"}, location: %{depth: 5, end_column: 40, end_line: 6, start_line: 6, start_column: 9}, severity: "high", pattern_id: "js-ldap-injection", pattern_name: "LDAP Injection", recommendation: "Review this code for potential security issues", confidence: 0.85, pattern_type: :ldap_injection}
18:49:00.516 [debug] Match confidence: 0.11602499999999999, min_confidence: 0.7, match: %{type: "js-xpath-injection", context: %{node_type: "CallExpression", depth: 7, parent_type: "ExpressionStatement", in_function: "complexFunction6"}, location: %{depth: 7, end_column: 32, end_line: 4, start_line: 4, start_column: 4}, severity: "high", pattern_id: "js-xpath-injection", pattern_name: "XPath Injection", recommendation: "Review this code for potential security issues", confidence: 0.85, pattern_type: :xpath_injection}
18:49:00.516 [debug] Match confidence: 0.11602499999999999, min_confidence: 0.7, match: %{type: "js-xpath-injection", context: %{node_type: "CallExpression", depth: 9, parent_type: "BinaryExpression", in_function: "complexFunction6"}, location: %{depth: 9, end_column: 27, end_line: 4, start_line: 4, start_column: 14}, severity: "high", pattern_id: "js-xpath-injection", pattern_name: "XPath Injection", recommendation: "Review this code for potential security issues", confidence: 0.85, pattern_type: :xpath_injection}
18:49:00.516 [debug] Match confidence: 0.11602499999999999, min_confidence: 0.7, match: %{type: "js-xpath-injection", context: %{node_type: "CallExpression", depth: 5, parent_type: "ReturnStatement", in_function: "complexFunction6"}, location: %{depth: 5, end_column: 40, end_line: 6, start_line: 6, start_column: 9}, severity: "high", pattern_id: "js-xpath-injection", pattern_name: "XPath Injection", recommendation: "Review this code for potential security issues", confidence: 0.85, pattern_type: :xpath_injection}
18:49:00.516 [debug] Match confidence: 0.15014999999999998, min_confidence: 0.7, match: %{type: "js-ssrf", context: %{node_type: "CallExpression", depth: 7, parent_type: "ExpressionStatement", in_function: "complexFunction6"}, location: %{depth: 7, end_column: 32, end_line: 4, start_line: 4, start_column: 4}, severity: "medium", pattern_id: "js-ssrf", pattern_name: "Server-Side Request Forgery (SSRF)", recommendation: "Review this code for potential security issues", confidence: 0.7, pattern_type: :ssrf}
18:49:00.516 [debug] Match confidence: 0.15014999999999998, min_confidence: 0.7, match: %{type: "js-ssrf", context: %{node_type: "CallExpression", depth: 9, parent_type: "BinaryExpression", in_function: "complexFunction6"}, location: %{depth: 9, end_column: 27, end_line: 4, start_line: 4, start_column: 14}, severity: "medium", pattern_id: "js-ssrf", pattern_name: "Server-Side Request Forgery (SSRF)", recommendation: "Review this code for potential security issues", confidence: 0.7, pattern_type: :ssrf}
18:49:00.516 [debug] Match confidence: 0.15014999999999998, min_confidence: 0.7, match: %{type: "js-ssrf", context: %{node_type: "CallExpression", depth: 5, parent_type: "ReturnStatement", in_function: "complexFunction6"}, location: %{depth: 5, end_column: 40, end_line: 6, start_line: 6, start_column: 9}, severity: "medium", pattern_id: "js-ssrf", pattern_name: "Server-Side Request Forgery (SSRF)", recommendation: "Review this code for potential security issues", confidence: 0.7, pattern_type: :ssrf}
18:49:00.516 [debug] Match confidence: 0.15014999999999998, min_confidence: 0.7, match: %{type: "js-insecure-deserialization", context: %{node_type: "CallExpression", depth: 7, parent_type: "ExpressionStatement", in_function: "complexFunction6"}, location: %{depth: 7, end_column: 32, end_line: 4, start_line: 4, start_column: 4}, severity: "medium", pattern_id: "js-insecure-deserialization", pattern_name: "Insecure Deserialization", recommendation: "Review this code for potential security issues", confidence: 0.7, pattern_type: :deserialization}
18:49:00.516 [debug] Match confidence: 0.15014999999999998, min_confidence: 0.7, match: %{type: "js-insecure-deserialization", context: %{node_type: "CallExpression", depth: 9, parent_type: "BinaryExpression", in_function: "complexFunction6"}, location: %{depth: 9, end_column: 27, end_line: 4, start_line: 4, start_column: 14}, severity: "medium", pattern_id: "js-insecure-deserialization", pattern_name: "Insecure Deserialization", recommendation: "Review this code for potential security issues", confidence: 0.7, pattern_type: :deserialization}
18:49:00.516 [debug] Match confidence: 0.15014999999999998, min_confidence: 0.7, match: %{type: "js-insecure-deserialization", context: %{node_type: "CallExpression", depth: 5, parent_type: "ReturnStatement", in_function: "complexFunction6"}, location: %{depth: 5, end_column: 40, end_line: 6, start_line: 6, start_column: 9}, severity: "medium", pattern_id: "js-insecure-deserialization", pattern_name: "Insecure Deserialization", recommendation: "Review this code for potential security issues", confidence: 0.7, pattern_type: :deserialization}
18:49:00.516 [debug] Match confidence: 0.15014999999999998, min_confidence: 0.7, match: %{type: "js-jwt-none-algorithm", context: %{node_type: "CallExpression", depth: 7, parent_type: "ExpressionStatement", in_function: "complexFunction6"}, location: %{depth: 7, end_column: 32, end_line: 4, start_line: 4, start_column: 4}, severity: "medium", pattern_id: "js-jwt-none-algorithm", pattern_name: "JWT None Algorithm Vulnerability", recommendation: "Review this code for potential security issues", confidence: 0.7, pattern_type: :authentication}
18:49:00.516 [debug] Match confidence: 0.15014999999999998, min_confidence: 0.7, match: %{type: "js-jwt-none-algorithm", context: %{node_type: "CallExpression", depth: 9, parent_type: "BinaryExpression", in_function: "complexFunction6"}, location: %{depth: 9, end_column: 27, end_line: 4, start_line: 4, start_column: 14}, severity: "medium", pattern_id: "js-jwt-none-algorithm", pattern_name: "JWT None Algorithm Vulnerability", recommendation: "Review this code for potential security issues", confidence: 0.7, pattern_type: :authentication}
18:49:00.516 [debug] Match confidence: 0.15014999999999998, min_confidence: 0.7, match: %{type: "js-jwt-none-algorithm", context: %{node_type: "CallExpression", depth: 5, parent_type: "ReturnStatement", in_function: "complexFunction6"}, location: %{depth: 5, end_column: 40, end_line: 6, start_line: 6, start_column: 9}, severity: "medium", pattern_id: "js-jwt-none-algorithm", pattern_name: "JWT None Algorithm Vulnerability", recommendation: "Review this code for potential security issues", confidence: 0.7, pattern_type: :authentication}
18:49:00.516 [debug] Match confidence: 0.15014999999999998, min_confidence: 0.7, match: %{type: "js-debug-console-log", context: %{node_type: "CallExpression", depth: 7, parent_type: "ExpressionStatement", in_function: "complexFunction6"}, location: %{depth: 7, end_column: 32, end_line: 4, start_line: 4, start_column: 4}, severity: "medium", pattern_id: "js-debug-console-log", pattern_name: "Sensitive Data in Console Logs", recommendation: "Review this code for potential security issues", confidence: 0.7, pattern_type: :information_disclosure}
18:49:00.516 [debug] Match confidence: 0.15014999999999998, min_confidence: 0.7, match: %{type: "js-debug-console-log", context: %{node_type: "CallExpression", depth: 9, parent_type: "BinaryExpression", in_function: "complexFunction6"}, location: %{depth: 9, end_column: 27, end_line: 4, start_line: 4, start_column: 14}, severity: "medium", pattern_id: "js-debug-console-log", pattern_name: "Sensitive Data in Console Logs", recommendation: "Review this code for potential security issues", confidence: 0.7, pattern_type: :information_disclosure}
18:49:00.516 [debug] Match confidence: 0.15014999999999998, min_confidence: 0.7, match: %{type: "js-debug-console-log", context: %{node_type: "CallExpression", depth: 5, parent_type: "ReturnStatement", in_function: "complexFunction6"}, location: %{depth: 5, end_column: 40, end_line: 6, start_line: 6, start_column: 9}, severity: "medium", pattern_id: "js-debug-console-log", pattern_name: "Sensitive Data in Console Logs", recommendation: "Review this code for potential security issues", confidence: 0.7, pattern_type: :information_disclosure}
18:49:00.516 [info] AnalysisService: Loaded 30 patterns for javascript
18:49:00.525 [info] AnalysisService: Found 47 matches
18:49:00.525 [debug] Match confidence: 0.15435, min_confidence: 0.7, match: %{type: "js-xss-document-write", context: %{node_type: "CallExpression", depth: 7, parent_type: "ExpressionStatement", in_function: "complexFunction7"}, location: %{depth: 7, end_column: 32, end_line: 4, start_line: 4, start_column: 4}, severity: "high", pattern_id: "js-xss-document-write", pattern_name: "Cross-Site Scripting (XSS) via document.write", recommendation: "Review this code for potential security issues", confidence: 0.85, pattern_type: :xss}
18:49:00.525 [debug] Match confidence: 0.15435, min_confidence: 0.7, match: %{type: "js-xss-document-write", context: %{node_type: "CallExpression", depth: 9, parent_type: "BinaryExpression", in_function: "complexFunction7"}, location: %{depth: 9, end_column: 27, end_line: 4, start_line: 4, start_column: 14}, severity: "high", pattern_id: "js-xss-document-write", pattern_name: "Cross-Site Scripting (XSS) via document.write", recommendation: "Review this code for potential security issues", confidence: 0.85, pattern_type: :xss}
18:49:00.525 [debug] Match confidence: 0.15435, min_confidence: 0.7, match: %{type: "js-xss-document-write", context: %{node_type: "CallExpression", depth: 5, parent_type: "ReturnStatement", in_function: "complexFunction7"}, location: %{depth: 5, end_column: 40, end_line: 6, start_line: 6, start_column: 9}, severity: "high", pattern_id: "js-xss-document-write", pattern_name: "Cross-Site Scripting (XSS) via document.write", recommendation: "Review this code for potential security issues", confidence: 0.85, pattern_type: :xss}
18:49:00.525 [debug] Match confidence: 0.15435, min_confidence: 0.7, match: %{type: "js-xss-jquery-html", context: %{node_type: "CallExpression", depth: 7, parent_type: "ExpressionStatement", in_function: "complexFunction7"}, location: %{depth: 7, end_column: 32, end_line: 4, start_line: 4, start_column: 4}, severity: "high", pattern_id: "js-xss-jquery-html", pattern_name: "XSS via jQuery html()", recommendation: "Review this code for potential security issues", confidence: 0.85, pattern_type: :xss}
18:49:00.525 [debug] Match confidence: 0.15435, min_confidence: 0.7, match: %{type: "js-xss-jquery-html", context: %{node_type: "CallExpression", depth: 9, parent_type: "BinaryExpression", in_function: "complexFunction7"}, location: %{depth: 9, end_column: 27, end_line: 4, start_line: 4, start_column: 14}, severity: "high", pattern_id: "js-xss-jquery-html", pattern_name: "XSS via jQuery html()", recommendation: "Review this code for potential security issues", confidence: 0.85, pattern_type: :xss}
18:49:00.525 [debug] Match confidence: 0.15435, min_confidence: 0.7, match: %{type: "js-xss-jquery-html", context: %{node_type: "CallExpression", depth: 5, parent_type: "ReturnStatement", in_function: "complexFunction7"}, location: %{depth: 5, end_column: 40, end_line: 6, start_line: 6, start_column: 9}, severity: "high", pattern_id: "js-xss-jquery-html", pattern_name: "XSS via jQuery html()", recommendation: "Review this code for potential security issues", confidence: 0.85, pattern_type: :xss}
18:49:00.525 [debug] Match confidence: 0.15014999999999998, min_confidence: 0.7, match: %{type: "js-path-traversal-join", context: %{node_type: "CallExpression", depth: 7, parent_type: "ExpressionStatement", in_function: "complexFunction7"}, location: %{depth: 7, end_column: 32, end_line: 4, start_line: 4, start_column: 4}, severity: "medium", pattern_id: "js-path-traversal-join", pattern_name: "Path Traversal via path.join", recommendation: "Review this code for potential security issues", confidence: 0.7, pattern_type: :path_traversal}
18:49:00.525 [debug] Match confidence: 0.15014999999999998, min_confidence: 0.7, match: %{type: "js-path-traversal-join", context: %{node_type: "CallExpression", depth: 9, parent_type: "BinaryExpression", in_function: "complexFunction7"}, location: %{depth: 9, end_column: 27, end_line: 4, start_line: 4, start_column: 14}, severity: "medium", pattern_id: "js-path-traversal-join", pattern_name: "Path Traversal via path.join", recommendation: "Review this code for potential security issues", confidence: 0.7, pattern_type: :path_traversal}
18:49:00.525 [debug] Match confidence: 0.15014999999999998, min_confidence: 0.7, match: %{type: "js-path-traversal-join", context: %{node_type: "CallExpression", depth: 5, parent_type: "ReturnStatement", in_function: "complexFunction7"}, location: %{depth: 5, end_column: 40, end_line: 6, start_line: 6, start_column: 9}, severity: "medium", pattern_id: "js-path-traversal-join", pattern_name: "Path Traversal via path.join", recommendation: "Review this code for potential security issues", confidence: 0.7, pattern_type: :path_traversal}
18:49:00.525 [debug] Match confidence: 0.15014999999999998, min_confidence: 0.7, match: %{type: "js-path-traversal-concat", context: %{node_type: "BinaryExpression", depth: 7, parent_type: "ArrowFunctionExpression", in_function: "complexFunction7"}, location: %{depth: 7, end_column: 36, end_line: 6, start_line: 6, start_column: 31}, severity: "medium", pattern_id: "js-path-traversal-concat", pattern_name: "Path Traversal via String Concatenation", recommendation: "Review this code for potential security issues", confidence: 0.7, pattern_type: :path_traversal}
18:49:00.525 [debug] Match confidence: 0.15014999999999998, min_confidence: 0.7, match: %{type: "js-weak-crypto-md5", context: %{node_type: "CallExpression", depth: 7, parent_type: "ExpressionStatement", in_function: "complexFunction7"}, location: %{depth: 7, end_column: 32, end_line: 4, start_line: 4, start_column: 4}, severity: "medium", pattern_id: "js-weak-crypto-md5", pattern_name: "Weak Cryptography - MD5", recommendation: "Review this code for potential security issues", confidence: 0.7, pattern_type: :weak_crypto}
18:49:00.525 [debug] Match confidence: 0.15014999999999998, min_confidence: 0.7, match: %{type: "js-weak-crypto-md5", context: %{node_type: "CallExpression", depth: 9, parent_type: "BinaryExpression", in_function: "complexFunction7"}, location: %{depth: 9, end_column: 27, end_line: 4, start_line: 4, start_column: 14}, severity: "medium", pattern_id: "js-weak-crypto-md5", pattern_name: "Weak Cryptography - MD5", recommendation: "Review this code for potential security issues", confidence: 0.7, pattern_type: :weak_crypto}
18:49:00.525 [debug] Match confidence: 0.15014999999999998, min_confidence: 0.7, match: %{type: "js-weak-crypto-md5", context: %{node_type: "CallExpression", depth: 5, parent_type: "ReturnStatement", in_function: "complexFunction7"}, location: %{depth: 5, end_column: 40, end_line: 6, start_line: 6, start_column: 9}, severity: "medium", pattern_id: "js-weak-crypto-md5", pattern_name: "Weak Cryptography - MD5", recommendation: "Review this code for potential security issues", confidence: 0.7, pattern_type: :weak_crypto}
18:49:00.525 [debug] Match confidence: 0.15014999999999998, min_confidence: 0.7, match: %{type: "js-weak-crypto-sha1", context: %{node_type: "CallExpression", depth: 7, parent_type: "ExpressionStatement", in_function: "complexFunction7"}, location: %{depth: 7, end_column: 32, end_line: 4, start_line: 4, start_column: 4}, severity: "medium", pattern_id: "js-weak-crypto-sha1", pattern_name: "Weak Cryptography - SHA1", recommendation: "Review this code for potential security issues", confidence: 0.7, pattern_type: :weak_crypto}
18:49:00.525 [debug] Match confidence: 0.15014999999999998, min_confidence: 0.7, match: %{type: "js-weak-crypto-sha1", context: %{node_type: "CallExpression", depth: 9, parent_type: "BinaryExpression", in_function: "complexFunction7"}, location: %{depth: 9, end_column: 27, end_line: 4, start_line: 4, start_column: 14}, severity: "medium", pattern_id: "js-weak-crypto-sha1", pattern_name: "Weak Cryptography - SHA1", recommendation: "Review this code for potential security issues", confidence: 0.7, pattern_type: :weak_crypto}
18:49:00.525 [debug] Match confidence: 0.15014999999999998, min_confidence: 0.7, match: %{type: "js-weak-crypto-sha1", context: %{node_type: "CallExpression", depth: 5, parent_type: "ReturnStatement", in_function: "complexFunction7"}, location: %{depth: 5, end_column: 40, end_line: 6, start_line: 6, start_column: 9}, severity: "medium", pattern_id: "js-weak-crypto-sha1", pattern_name: "Weak Cryptography - SHA1", recommendation: "Review this code for potential security issues", confidence: 0.7, pattern_type: :weak_crypto}
18:49:00.525 [debug] Match confidence: 0.1848, min_confidence: 0.7, match: %{type: "js-hardcoded-secret-password", context: %{node_type: "VariableDeclarator", depth: 5, parent_type: "VariableDeclaration", in_function: "complexFunction7"}, location: %{depth: 5, end_column: 15, end_line: 2, start_line: 2, start_column: 6}, severity: "high", pattern_id: "js-hardcoded-secret-password", pattern_name: "Hardcoded Password", recommendation: "Review this code for potential security issues", confidence: 0.9, pattern_type: :hardcoded_secret}
18:49:00.525 [debug] Match confidence: 0.1848, min_confidence: 0.7, match: %{type: "js-hardcoded-secret-password", context: %{node_type: "VariableDeclarator", depth: 6, parent_type: "VariableDeclaration", in_function: "complexFunction7"}, location: %{depth: 6, end_column: 16, end_line: 3, start_line: 3, start_column: 11}, severity: "high", pattern_id: "js-hardcoded-secret-password", pattern_name: "Hardcoded Password", recommendation: "Review this code for potential security issues", confidence: 0.9, pattern_type: :hardcoded_secret}
18:49:00.525 [debug] Match confidence: 0.1848, min_confidence: 0.7, match: %{type: "js-hardcoded-secret-api-key", context: %{node_type: "VariableDeclarator", depth: 5, parent_type: "VariableDeclaration", in_function: "complexFunction7"}, location: %{depth: 5, end_column: 15, end_line: 2, start_line: 2, start_column: 6}, severity: "high", pattern_id: "js-hardcoded-secret-api-key", pattern_name: "Hardcoded API Key", recommendation: "Review this code for potential security issues", confidence: 0.9, pattern_type: :hardcoded_secret}
18:49:00.526 [debug] Match confidence: 0.1848, min_confidence: 0.7, match: %{type: "js-hardcoded-secret-api-key", context: %{node_type: "VariableDeclarator", depth: 6, parent_type: "VariableDeclaration", in_function: "complexFunction7"}, location: %{depth: 6, end_column: 16, end_line: 3, start_line: 3, start_column: 11}, severity: "high", pattern_id: "js-hardcoded-secret-api-key", pattern_name: "Hardcoded API Key", recommendation: "Review this code for potential security issues", confidence: 0.9, pattern_type: :hardcoded_secret}
18:49:00.526 [debug] Match confidence: 0.15014999999999998, min_confidence: 0.7, match: %{type: "js-open-redirect", context: %{node_type: "CallExpression", depth: 7, parent_type: "ExpressionStatement", in_function: "complexFunction7"}, location: %{depth: 7, end_column: 32, end_line: 4, start_line: 4, start_column: 4}, severity: "medium", pattern_id: "js-open-redirect", pattern_name: "Open Redirect Vulnerability", recommendation: "Review this code for potential security issues", confidence: 0.7, pattern_type: :open_redirect}
18:49:00.526 [debug] Match confidence: 0.15014999999999998, min_confidence: 0.7, match: %{type: "js-open-redirect", context: %{node_type: "CallExpression", depth: 9, parent_type: "BinaryExpression", in_function: "complexFunction7"}, location: %{depth: 9, end_column: 27, end_line: 4, start_line: 4, start_column: 14}, severity: "medium", pattern_id: "js-open-redirect", pattern_name: "Open Redirect Vulnerability", recommendation: "Review this code for potential security issues", confidence: 0.7, pattern_type: :open_redirect}
18:49:00.526 [debug] Match confidence: 0.15014999999999998, min_confidence: 0.7, match: %{type: "js-open-redirect", context: %{node_type: "CallExpression", depth: 5, parent_type: "ReturnStatement", in_function: "complexFunction7"}, location: %{depth: 5, end_column: 40, end_line: 6, start_line: 6, start_column: 9}, severity: "medium", pattern_id: "js-open-redirect", pattern_name: "Open Redirect Vulnerability", recommendation: "Review this code for potential security issues", confidence: 0.7, pattern_type: :open_redirect}
18:49:00.526 [debug] Match confidence: 0.15014999999999998, min_confidence: 0.7, match: %{type: "js-insecure-random", context: %{node_type: "CallExpression", depth: 7, parent_type: "ExpressionStatement", in_function: "complexFunction7"}, location: %{depth: 7, end_column: 32, end_line: 4, start_line: 4, start_column: 4}, severity: "medium", pattern_id: "js-insecure-random", pattern_name: "Insecure Random Number Generation", recommendation: "Review this code for potential security issues", confidence: 0.7, pattern_type: :insecure_random}
18:49:00.526 [debug] Match confidence: 0.15014999999999998, min_confidence: 0.7, match: %{type: "js-insecure-random", context: %{node_type: "CallExpression", depth: 9, parent_type: "BinaryExpression", in_function: "complexFunction7"}, location: %{depth: 9, end_column: 27, end_line: 4, start_line: 4, start_column: 14}, severity: "medium", pattern_id: "js-insecure-random", pattern_name: "Insecure Random Number Generation", recommendation: "Review this code for potential security issues", confidence: 0.7, pattern_type: :insecure_random}
18:49:00.526 [debug] Match confidence: 0.15014999999999998, min_confidence: 0.7, match: %{type: "js-insecure-random", context: %{node_type: "CallExpression", depth: 5, parent_type: "ReturnStatement", in_function: "complexFunction7"}, location: %{depth: 5, end_column: 40, end_line: 6, start_line: 6, start_column: 9}, severity: "medium", pattern_id: "js-insecure-random", pattern_name: "Insecure Random Number Generation", recommendation: "Review this code for potential security issues", confidence: 0.7, pattern_type: :insecure_random}
18:49:00.526 [debug] Match confidence: 0.11602499999999999, min_confidence: 0.7, match: %{type: "js-nosql-injection", context: %{node_type: "CallExpression", depth: 7, parent_type: "ExpressionStatement", in_function: "complexFunction7"}, location: %{depth: 7, end_column: 32, end_line: 4, start_line: 4, start_column: 4}, severity: "high", pattern_id: "js-nosql-injection", pattern_name: "NoSQL Injection", recommendation: "Review this code for potential security issues", confidence: 0.85, pattern_type: :nosql_injection}
18:49:00.526 [debug] Match confidence: 0.11602499999999999, min_confidence: 0.7, match: %{type: "js-nosql-injection", context: %{node_type: "CallExpression", depth: 9, parent_type: "BinaryExpression", in_function: "complexFunction7"}, location: %{depth: 9, end_column: 27, end_line: 4, start_line: 4, start_column: 14}, severity: "high", pattern_id: "js-nosql-injection", pattern_name: "NoSQL Injection", recommendation: "Review this code for potential security issues", confidence: 0.85, pattern_type: :nosql_injection}
18:49:00.526 [debug] Match confidence: 0.11602499999999999, min_confidence: 0.7, match: %{type: "js-nosql-injection", context: %{node_type: "CallExpression", depth: 5, parent_type: "ReturnStatement", in_function: "complexFunction7"}, location: %{depth: 5, end_column: 40, end_line: 6, start_line: 6, start_column: 9}, severity: "high", pattern_id: "js-nosql-injection", pattern_name: "NoSQL Injection", recommendation: "Review this code for potential security issues", confidence: 0.85, pattern_type: :nosql_injection}
18:49:00.526 [debug] Match confidence: 0.11602499999999999, min_confidence: 0.7, match: %{type: "js-ldap-injection", context: %{node_type: "CallExpression", depth: 7, parent_type: "ExpressionStatement", in_function: "complexFunction7"}, location: %{depth: 7, end_column: 32, end_line: 4, start_line: 4, start_column: 4}, severity: "high", pattern_id: "js-ldap-injection", pattern_name: "LDAP Injection", recommendation: "Review this code for potential security issues", confidence: 0.85, pattern_type: :ldap_injection}
18:49:00.526 [debug] Match confidence: 0.11602499999999999, min_confidence: 0.7, match: %{type: "js-ldap-injection", context: %{node_type: "CallExpression", depth: 9, parent_type: "BinaryExpression", in_function: "complexFunction7"}, location: %{depth: 9, end_column: 27, end_line: 4, start_line: 4, start_column: 14}, severity: "high", pattern_id: "js-ldap-injection", pattern_name: "LDAP Injection", recommendation: "Review this code for potential security issues", confidence: 0.85, pattern_type: :ldap_injection}
18:49:00.526 [debug] Match confidence: 0.11602499999999999, min_confidence: 0.7, match: %{type: "js-ldap-injection", context: %{node_type: "CallExpression", depth: 5, parent_type: "ReturnStatement", in_function: "complexFunction7"}, location: %{depth: 5, end_column: 40, end_line: 6, start_line: 6, start_column: 9}, severity: "high", pattern_id: "js-ldap-injection", pattern_name: "LDAP Injection", recommendation: "Review this code for potential security issues", confidence: 0.85, pattern_type: :ldap_injection}
18:49:00.526 [debug] Match confidence: 0.11602499999999999, min_confidence: 0.7, match: %{type: "js-xpath-injection", context: %{node_type: "CallExpression", depth: 7, parent_type: "ExpressionStatement", in_function: "complexFunction7"}, location: %{depth: 7, end_column: 32, end_line: 4, start_line: 4, start_column: 4}, severity: "high", pattern_id: "js-xpath-injection", pattern_name: "XPath Injection", recommendation: "Review this code for potential security issues", confidence: 0.85, pattern_type: :xpath_injection}
18:49:00.526 [debug] Match confidence: 0.11602499999999999, min_confidence: 0.7, match: %{type: "js-xpath-injection", context: %{node_type: "CallExpression", depth: 9, parent_type: "BinaryExpression", in_function: "complexFunction7"}, location: %{depth: 9, end_column: 27, end_line: 4, start_line: 4, start_column: 14}, severity: "high", pattern_id: "js-xpath-injection", pattern_name: "XPath Injection", recommendation: "Review this code for potential security issues", confidence: 0.85, pattern_type: :xpath_injection}
18:49:00.526 [debug] Match confidence: 0.11602499999999999, min_confidence: 0.7, match: %{type: "js-xpath-injection", context: %{node_type: "CallExpression", depth: 5, parent_type: "ReturnStatement", in_function: "complexFunction7"}, location: %{depth: 5, end_column: 40, end_line: 6, start_line: 6, start_column: 9}, severity: "high", pattern_id: "js-xpath-injection", pattern_name: "XPath Injection", recommendation: "Review this code for potential security issues", confidence: 0.85, pattern_type: :xpath_injection}
18:49:00.526 [debug] Match confidence: 0.15014999999999998, min_confidence: 0.7, match: %{type: "js-ssrf", context: %{node_type: "CallExpression", depth: 7, parent_type: "ExpressionStatement", in_function: "complexFunction7"}, location: %{depth: 7, end_column: 32, end_line: 4, start_line: 4, start_column: 4}, severity: "medium", pattern_id: "js-ssrf", pattern_name: "Server-Side Request Forgery (SSRF)", recommendation: "Review this code for potential security issues", confidence: 0.7, pattern_type: :ssrf}
18:49:00.526 [debug] Match confidence: 0.15014999999999998, min_confidence: 0.7, match: %{type: "js-ssrf", context: %{node_type: "CallExpression", depth: 9, parent_type: "BinaryExpression", in_function: "complexFunction7"}, location: %{depth: 9, end_column: 27, end_line: 4, start_line: 4, start_column: 14}, severity: "medium", pattern_id: "js-ssrf", pattern_name: "Server-Side Request Forgery (SSRF)", recommendation: "Review this code for potential security issues", confidence: 0.7, pattern_type: :ssrf}
18:49:00.526 [debug] Match confidence: 0.15014999999999998, min_confidence: 0.7, match: %{type: "js-ssrf", context: %{node_type: "CallExpression", depth: 5, parent_type: "ReturnStatement", in_function: "complexFunction7"}, location: %{depth: 5, end_column: 40, end_line: 6, start_line: 6, start_column: 9}, severity: "medium", pattern_id: "js-ssrf", pattern_name: "Server-Side Request Forgery (SSRF)", recommendation: "Review this code for potential security issues", confidence: 0.7, pattern_type: :ssrf}
18:49:00.526 [debug] Match confidence: 0.15014999999999998, min_confidence: 0.7, match: %{type: "js-insecure-deserialization", context: %{node_type: "CallExpression", depth: 7, parent_type: "ExpressionStatement", in_function: "complexFunction7"}, location: %{depth: 7, end_column: 32, end_line: 4, start_line: 4, start_column: 4}, severity: "medium", pattern_id: "js-insecure-deserialization", pattern_name: "Insecure Deserialization", recommendation: "Review this code for potential security issues", confidence: 0.7, pattern_type: :deserialization}
18:49:00.526 [debug] Match confidence: 0.15014999999999998, min_confidence: 0.7, match: %{type: "js-insecure-deserialization", context: %{node_type: "CallExpression", depth: 9, parent_type: "BinaryExpression", in_function: "complexFunction7"}, location: %{depth: 9, end_column: 27, end_line: 4, start_line: 4, start_column: 14}, severity: "medium", pattern_id: "js-insecure-deserialization", pattern_name: "Insecure Deserialization", recommendation: "Review this code for potential security issues", confidence: 0.7, pattern_type: :deserialization}
18:49:00.526 [debug] Match confidence: 0.15014999999999998, min_confidence: 0.7, match: %{type: "js-insecure-deserialization", context: %{node_type: "CallExpression", depth: 5, parent_type: "ReturnStatement", in_function: "complexFunction7"}, location: %{depth: 5, end_column: 40, end_line: 6, start_line: 6, start_column: 9}, severity: "medium", pattern_id: "js-insecure-deserialization", pattern_name: "Insecure Deserialization", recommendation: "Review this code for potential security issues", confidence: 0.7, pattern_type: :deserialization}
18:49:00.526 [debug] Match confidence: 0.15014999999999998, min_confidence: 0.7, match: %{type: "js-jwt-none-algorithm", context: %{node_type: "CallExpression", depth: 7, parent_type: "ExpressionStatement", in_function: "complexFunction7"}, location: %{depth: 7, end_column: 32, end_line: 4, start_line: 4, start_column: 4}, severity: "medium", pattern_id: "js-jwt-none-algorithm", pattern_name: "JWT None Algorithm Vulnerability", recommendation: "Review this code for potential security issues", confidence: 0.7, pattern_type: :authentication}
18:49:00.526 [debug] Match confidence: 0.15014999999999998, min_confidence: 0.7, match: %{type: "js-jwt-none-algorithm", context: %{node_type: "CallExpression", depth: 9, parent_type: "BinaryExpression", in_function: "complexFunction7"}, location: %{depth: 9, end_column: 27, end_line: 4, start_line: 4, start_column: 14}, severity: "medium", pattern_id: "js-jwt-none-algorithm", pattern_name: "JWT None Algorithm Vulnerability", recommendation: "Review this code for potential security issues", confidence: 0.7, pattern_type: :authentication}
18:49:00.526 [debug] Match confidence: 0.15014999999999998, min_confidence: 0.7, match: %{type: "js-jwt-none-algorithm", context: %{node_type: "CallExpression", depth: 5, parent_type: "ReturnStatement", in_function: "complexFunction7"}, location: %{depth: 5, end_column: 40, end_line: 6, start_line: 6, start_column: 9}, severity: "medium", pattern_id: "js-jwt-none-algorithm", pattern_name: "JWT None Algorithm Vulnerability", recommendation: "Review this code for potential security issues", confidence: 0.7, pattern_type: :authentication}
18:49:00.526 [debug] Match confidence: 0.15014999999999998, min_confidence: 0.7, match: %{type: "js-debug-console-log", context: %{node_type: "CallExpression", depth: 7, parent_type: "ExpressionStatement", in_function: "complexFunction7"}, location: %{depth: 7, end_column: 32, end_line: 4, start_line: 4, start_column: 4}, severity: "medium", pattern_id: "js-debug-console-log", pattern_name: "Sensitive Data in Console Logs", recommendation: "Review this code for potential security issues", confidence: 0.7, pattern_type: :information_disclosure}
18:49:00.526 [debug] Match confidence: 0.15014999999999998, min_confidence: 0.7, match: %{type: "js-debug-console-log", context: %{node_type: "CallExpression", depth: 9, parent_type: "BinaryExpression", in_function: "complexFunction7"}, location: %{depth: 9, end_column: 27, end_line: 4, start_line: 4, start_column: 14}, severity: "medium", pattern_id: "js-debug-console-log", pattern_name: "Sensitive Data in Console Logs", recommendation: "Review this code for potential security issues", confidence: 0.7, pattern_type: :information_disclosure}
18:49:00.526 [debug] Match confidence: 0.15014999999999998, min_confidence: 0.7, match: %{type: "js-debug-console-log", context: %{node_type: "CallExpression", depth: 5, parent_type: "ReturnStatement", in_function: "complexFunction7"}, location: %{depth: 5, end_column: 40, end_line: 6, start_line: 6, start_column: 9}, severity: "medium", pattern_id: "js-debug-console-log", pattern_name: "Sensitive Data in Console Logs", recommendation: "Review this code for potential security issues", confidence: 0.7, pattern_type: :information_disclosure}
18:49:00.526 [info] AnalysisService: Loaded 30 patterns for javascript
18:49:00.535 [info] AnalysisService: Found 47 matches
18:49:00.541 [debug] Match confidence: 0.15435, min_confidence: 0.7, match: %{type: "js-xss-document-write", context: %{node_type: "CallExpression", depth: 7, parent_type: "ExpressionStatement", in_function: "complexFunction8"}, location: %{depth: 7, end_column: 32, end_line: 4, start_line: 4, start_column: 4}, severity: "high", pattern_id: "js-xss-document-write", pattern_name: "Cross-Site Scripting (XSS) via document.write", recommendation: "Review this code for potential security issues", confidence: 0.85, pattern_type: :xss}
18:49:00.541 [debug] Match confidence: 0.15435, min_confidence: 0.7, match: %{type: "js-xss-document-write", context: %{node_type: "CallExpression", depth: 9, parent_type: "BinaryExpression", in_function: "complexFunction8"}, location: %{depth: 9, end_column: 27, end_line: 4, start_line: 4, start_column: 14}, severity: "high", pattern_id: "js-xss-document-write", pattern_name: "Cross-Site Scripting (XSS) via document.write", recommendation: "Review this code for potential security issues", confidence: 0.85, pattern_type: :xss}
18:49:00.541 [debug] Match confidence: 0.15435, min_confidence: 0.7, match: %{type: "js-xss-document-write", context: %{node_type: "CallExpression", depth: 5, parent_type: "ReturnStatement", in_function: "complexFunction8"}, location: %{depth: 5, end_column: 40, end_line: 6, start_line: 6, start_column: 9}, severity: "high", pattern_id: "js-xss-document-write", pattern_name: "Cross-Site Scripting (XSS) via document.write", recommendation: "Review this code for potential security issues", confidence: 0.85, pattern_type: :xss}
18:49:00.541 [debug] Match confidence: 0.15435, min_confidence: 0.7, match: %{type: "js-xss-jquery-html", context: %{node_type: "CallExpression", depth: 7, parent_type: "ExpressionStatement", in_function: "complexFunction8"}, location: %{depth: 7, end_column: 32, end_line: 4, start_line: 4, start_column: 4}, severity: "high", pattern_id: "js-xss-jquery-html", pattern_name: "XSS via jQuery html()", recommendation: "Review this code for potential security issues", confidence: 0.85, pattern_type: :xss}
18:49:00.541 [debug] Match confidence: 0.15435, min_confidence: 0.7, match: %{type: "js-xss-jquery-html", context: %{node_type: "CallExpression", depth: 9, parent_type: "BinaryExpression", in_function: "complexFunction8"}, location: %{depth: 9, end_column: 27, end_line: 4, start_line: 4, start_column: 14}, severity: "high", pattern_id: "js-xss-jquery-html", pattern_name: "XSS via jQuery html()", recommendation: "Review this code for potential security issues", confidence: 0.85, pattern_type: :xss}
18:49:00.541 [debug] Match confidence: 0.15435, min_confidence: 0.7, match: %{type: "js-xss-jquery-html", context: %{node_type: "CallExpression", depth: 5, parent_type: "ReturnStatement", in_function: "complexFunction8"}, location: %{depth: 5, end_column: 40, end_line: 6, start_line: 6, start_column: 9}, severity: "high", pattern_id: "js-xss-jquery-html", pattern_name: "XSS via jQuery html()", recommendation: "Review this code for potential security issues", confidence: 0.85, pattern_type: :xss}
18:49:00.541 [debug] Match confidence: 0.15014999999999998, min_confidence: 0.7, match: %{type: "js-path-traversal-join", context: %{node_type: "CallExpression", depth: 7, parent_type: "ExpressionStatement", in_function: "complexFunction8"}, location: %{depth: 7, end_column: 32, end_line: 4, start_line: 4, start_column: 4}, severity: "medium", pattern_id: "js-path-traversal-join", pattern_name: "Path Traversal via path.join", recommendation: "Review this code for potential security issues", confidence: 0.7, pattern_type: :path_traversal}
18:49:00.541 [debug] Match confidence: 0.15014999999999998, min_confidence: 0.7, match: %{type: "js-path-traversal-join", context: %{node_type: "CallExpression", depth: 9, parent_type: "BinaryExpression", in_function: "complexFunction8"}, location: %{depth: 9, end_column: 27, end_line: 4, start_line: 4, start_column: 14}, severity: "medium", pattern_id: "js-path-traversal-join", pattern_name: "Path Traversal via path.join", recommendation: "Review this code for potential security issues", confidence: 0.7, pattern_type: :path_traversal}
18:49:00.541 [debug] Match confidence: 0.15014999999999998, min_confidence: 0.7, match: %{type: "js-path-traversal-join", context: %{node_type: "CallExpression", depth: 5, parent_type: "ReturnStatement", in_function: "complexFunction8"}, location: %{depth: 5, end_column: 40, end_line: 6, start_line: 6, start_column: 9}, severity: "medium", pattern_id: "js-path-traversal-join", pattern_name: "Path Traversal via path.join", recommendation: "Review this code for potential security issues", confidence: 0.7, pattern_type: :path_traversal}
18:49:00.541 [debug] Match confidence: 0.15014999999999998, min_confidence: 0.7, match: %{type: "js-path-traversal-concat", context: %{node_type: "BinaryExpression", depth: 7, parent_type: "ArrowFunctionExpression", in_function: "complexFunction8"}, location: %{depth: 7, end_column: 36, end_line: 6, start_line: 6, start_column: 31}, severity: "medium", pattern_id: "js-path-traversal-concat", pattern_name: "Path Traversal via String Concatenation", recommendation: "Review this code for potential security issues", confidence: 0.7, pattern_type: :path_traversal}
18:49:00.541 [debug] Match confidence: 0.15014999999999998, min_confidence: 0.7, match: %{type: "js-weak-crypto-md5", context: %{node_type: "CallExpression", depth: 7, parent_type: "ExpressionStatement", in_function: "complexFunction8"}, location: %{depth: 7, end_column: 32, end_line: 4, start_line: 4, start_column: 4}, severity: "medium", pattern_id: "js-weak-crypto-md5", pattern_name: "Weak Cryptography - MD5", recommendation: "Review this code for potential security issues", confidence: 0.7, pattern_type: :weak_crypto}
18:49:00.541 [debug] Match confidence: 0.15014999999999998, min_confidence: 0.7, match: %{type: "js-weak-crypto-md5", context: %{node_type: "CallExpression", depth: 9, parent_type: "BinaryExpression", in_function: "complexFunction8"}, location: %{depth: 9, end_column: 27, end_line: 4, start_line: 4, start_column: 14}, severity: "medium", pattern_id: "js-weak-crypto-md5", pattern_name: "Weak Cryptography - MD5", recommendation: "Review this code for potential security issues", confidence: 0.7, pattern_type: :weak_crypto}
18:49:00.541 [debug] Match confidence: 0.15014999999999998, min_confidence: 0.7, match: %{type: "js-weak-crypto-md5", context: %{node_type: "CallExpression", depth: 5, parent_type: "ReturnStatement", in_function: "complexFunction8"}, location: %{depth: 5, end_column: 40, end_line: 6, start_line: 6, start_column: 9}, severity: "medium", pattern_id: "js-weak-crypto-md5", pattern_name: "Weak Cryptography - MD5", recommendation: "Review this code for potential security issues", confidence: 0.7, pattern_type: :weak_crypto}
18:49:00.542 [debug] Match confidence: 0.15014999999999998, min_confidence: 0.7, match: %{type: "js-weak-crypto-sha1", context: %{node_type: "CallExpression", depth: 7, parent_type: "ExpressionStatement", in_function: "complexFunction8"}, location: %{depth: 7, end_column: 32, end_line: 4, start_line: 4, start_column: 4}, severity: "medium", pattern_id: "js-weak-crypto-sha1", pattern_name: "Weak Cryptography - SHA1", recommendation: "Review this code for potential security issues", confidence: 0.7, pattern_type: :weak_crypto}
18:49:00.542 [debug] Match confidence: 0.15014999999999998, min_confidence: 0.7, match: %{type: "js-weak-crypto-sha1", context: %{node_type: "CallExpression", depth: 9, parent_type: "BinaryExpression", in_function: "complexFunction8"}, location: %{depth: 9, end_column: 27, end_line: 4, start_line: 4, start_column: 14}, severity: "medium", pattern_id: "js-weak-crypto-sha1", pattern_name: "Weak Cryptography - SHA1", recommendation: "Review this code for potential security issues", confidence: 0.7, pattern_type: :weak_crypto}
18:49:00.542 [debug] Match confidence: 0.15014999999999998, min_confidence: 0.7, match: %{type: "js-weak-crypto-sha1", context: %{node_type: "CallExpression", depth: 5, parent_type: "ReturnStatement", in_function: "complexFunction8"}, location: %{depth: 5, end_column: 40, end_line: 6, start_line: 6, start_column: 9}, severity: "medium", pattern_id: "js-weak-crypto-sha1", pattern_name: "Weak Cryptography - SHA1", recommendation: "Review this code for potential security issues", confidence: 0.7, pattern_type: :weak_crypto}
18:49:00.542 [debug] Match confidence: 0.1848, min_confidence: 0.7, match: %{type: "js-hardcoded-secret-password", context: %{node_type: "VariableDeclarator", depth: 5, parent_type: "VariableDeclaration", in_function: "complexFunction8"}, location: %{depth: 5, end_column: 15, end_line: 2, start_line: 2, start_column: 6}, severity: "high", pattern_id: "js-hardcoded-secret-password", pattern_name: "Hardcoded Password", recommendation: "Review this code for potential security issues", confidence: 0.9, pattern_type: :hardcoded_secret}
18:49:00.542 [debug] Match confidence: 0.1848, min_confidence: 0.7, match: %{type: "js-hardcoded-secret-password", context: %{node_type: "VariableDeclarator", depth: 6, parent_type: "VariableDeclaration", in_function: "complexFunction8"}, location: %{depth: 6, end_column: 16, end_line: 3, start_line: 3, start_column: 11}, severity: "high", pattern_id: "js-hardcoded-secret-password", pattern_name: "Hardcoded Password", recommendation: "Review this code for potential security issues", confidence: 0.9, pattern_type: :hardcoded_secret}
18:49:00.542 [debug] Match confidence: 0.1848, min_confidence: 0.7, match: %{type: "js-hardcoded-secret-api-key", context: %{node_type: "VariableDeclarator", depth: 5, parent_type: "VariableDeclaration", in_function: "complexFunction8"}, location: %{depth: 5, end_column: 15, end_line: 2, start_line: 2, start_column: 6}, severity: "high", pattern_id: "js-hardcoded-secret-api-key", pattern_name: "Hardcoded API Key", recommendation: "Review this code for potential security issues", confidence: 0.9, pattern_type: :hardcoded_secret}
18:49:00.542 [debug] Match confidence: 0.1848, min_confidence: 0.7, match: %{type: "js-hardcoded-secret-api-key", context: %{node_type: "VariableDeclarator", depth: 6, parent_type: "VariableDeclaration", in_function: "complexFunction8"}, location: %{depth: 6, end_column: 16, end_line: 3, start_line: 3, start_column: 11}, severity: "high", pattern_id: "js-hardcoded-secret-api-key", pattern_name: "Hardcoded API Key", recommendation: "Review this code for potential security issues", confidence: 0.9, pattern_type: :hardcoded_secret}
18:49:00.542 [debug] Match confidence: 0.15014999999999998, min_confidence: 0.7, match: %{type: "js-open-redirect", context: %{node_type: "CallExpression", depth: 7, parent_type: "ExpressionStatement", in_function: "complexFunction8"}, location: %{depth: 7, end_column: 32, end_line: 4, start_line: 4, start_column: 4}, severity: "medium", pattern_id: "js-open-redirect", pattern_name: "Open Redirect Vulnerability", recommendation: "Review this code for potential security issues", confidence: 0.7, pattern_type: :open_redirect}
.18:49:00.544 [debug] Match confidence: 0.15014999999999998, min_confidence: 0.7, match: %{type: "js-open-redirect", context: %{node_type: "CallExpression", depth: 9, parent_type: "BinaryExpression", in_function: "complexFunction8"}, location: %{depth: 9, end_column: 27, end_line: 4, start_line: 4, start_column: 14}, severity: "medium", pattern_id: "js-open-redirect", pattern_name: "Open Redirect Vulnerability", recommendation: "Review this code for potential security issues", confidence: 0.7, pattern_type: :open_redirect}
18:49:00.545 [debug] Match confidence: 0.15014999999999998, min_confidence: 0.7, match: %{type: "js-open-redirect", context: %{node_type: "CallExpression", depth: 5, parent_type: "ReturnStatement", in_function: "complexFunction8"}, location: %{depth: 5, end_column: 40, end_line: 6, start_line: 6, start_column: 9}, severity: "medium", pattern_id: "js-open-redirect", pattern_name: "Open Redirect Vulnerability", recommendation: "Review this code for potential security issues", confidence: 0.7, pattern_type: :open_redirect}
18:49:00.545 [debug] Match confidence: 0.15014999999999998, min_confidence: 0.7, match: %{type: "js-insecure-random", context: %{node_type: "CallExpression", depth: 7, parent_type: "ExpressionStatement", in_function: "complexFunction8"}, location: %{depth: 7, end_column: 32, end_line: 4, start_line: 4, start_column: 4}, severity: "medium", pattern_id: "js-insecure-random", pattern_name: "Insecure Random Number Generation", recommendation: "Review this code for potential security issues", confidence: 0.7, pattern_type: :insecure_random}
18:49:00.546 [debug] Match confidence: 0.15014999999999998, min_confidence: 0.7, match: %{type: "js-insecure-random", context: %{node_type: "CallExpression", depth: 9, parent_type: "BinaryExpression", in_function: "complexFunction8"}, location: %{depth: 9, end_column: 27, end_line: 4, start_line: 4, start_column: 14}, severity: "medium", pattern_id: "js-insecure-random", pattern_name: "Insecure Random Number Generation", recommendation: "Review this code for potential security issues", confidence: 0.7, pattern_type: :insecure_random}
18:49:00.546 [debug] Match confidence: 0.15014999999999998, min_confidence: 0.7, match: %{type: "js-insecure-random", context: %{node_type: "CallExpression", depth: 5, parent_type: "ReturnStatement", in_function: "complexFunction8"}, location: %{depth: 5, end_column: 40, end_line: 6, start_line: 6, start_column: 9}, severity: "medium", pattern_id: "js-insecure-random", pattern_name: "Insecure Random Number Generation", recommendation: "Review this code for potential security issues", confidence: 0.7, pattern_type: :insecure_random}
18:49:00.546 [debug] Match confidence: 0.11602499999999999, min_confidence: 0.7, match: %{type: "js-nosql-injection", context: %{node_type: "CallExpression", depth: 7, parent_type: "ExpressionStatement", in_function: "complexFunction8"}, location: %{depth: 7, end_column: 32, end_line: 4, start_line: 4, start_column: 4}, severity: "high", pattern_id: "js-nosql-injection", pattern_name: "NoSQL Injection", recommendation: "Review this code for potential security issues", confidence: 0.85, pattern_type: :nosql_injection}
18:49:00.546 [debug] Match confidence: 0.11602499999999999, min_confidence: 0.7, match: %{type: "js-nosql-injection", context: %{node_type: "CallExpression", depth: 9, parent_type: "BinaryExpression", in_function: "complexFunction8"}, location: %{depth: 9, end_column: 27, end_line: 4, start_line: 4, start_column: 14}, severity: "high", pattern_id: "js-nosql-injection", pattern_name: "NoSQL Injection", recommendation: "Review this code for potential security issues", confidence: 0.85, pattern_type: :nosql_injection}
18:49:00.546 [debug] Match confidence: 0.11602499999999999, min_confidence: 0.7, match: %{type: "js-nosql-injection", context: %{node_type: "CallExpression", depth: 5, parent_type: "ReturnStatement", in_function: "complexFunction8"}, location: %{depth: 5, end_column: 40, end_line: 6, start_line: 6, start_column: 9}, severity: "high", pattern_id: "js-nosql-injection", pattern_name: "NoSQL Injection", recommendation: "Review this code for potential security issues", confidence: 0.85, pattern_type: :nosql_injection}
18:49:00.546 [debug] Match confidence: 0.11602499999999999, min_confidence: 0.7, match: %{type: "js-ldap-injection", context: %{node_type: "CallExpression", depth: 7, parent_type: "ExpressionStatement", in_function: "complexFunction8"}, location: %{depth: 7, end_column: 32, end_line: 4, start_line: 4, start_column: 4}, severity: "high", pattern_id: "js-ldap-injection", pattern_name: "LDAP Injection", recommendation: "Review this code for potential security issues", confidence: 0.85, pattern_type: :ldap_injection}
18:49:00.546 [debug] Match confidence: 0.11602499999999999, min_confidence: 0.7, match: %{type: "js-ldap-injection", context: %{node_type: "CallExpression", depth: 9, parent_type: "BinaryExpression", in_function: "complexFunction8"}, location: %{depth: 9, end_column: 27, end_line: 4, start_line: 4, start_column: 14}, severity: "high", pattern_id: "js-ldap-injection", pattern_name: "LDAP Injection", recommendation: "Review this code for potential security issues", confidence: 0.85, pattern_type: :ldap_injection}
18:49:00.547 [debug] Match confidence: 0.11602499999999999, min_confidence: 0.7, match: %{type: "js-ldap-injection", context: %{node_type: "CallExpression", depth: 5, parent_type: "ReturnStatement", in_function: "complexFunction8"}, location: %{depth: 5, end_column: 40, end_line: 6, start_line: 6, start_column: 9}, severity: "high", pattern_id: "js-ldap-injection", pattern_name: "LDAP Injection", recommendation: "Review this code for potential security issues", confidence: 0.85, pattern_type: :ldap_injection}
18:49:00.547 [debug] Match confidence: 0.11602499999999999, min_confidence: 0.7, match: %{type: "js-xpath-injection", context: %{node_type: "CallExpression", depth: 7, parent_type: "ExpressionStatement", in_function: "complexFunction8"}, location: %{depth: 7, end_column: 32, end_line: 4, start_line: 4, start_column: 4}, severity: "high", pattern_id: "js-xpath-injection", pattern_name: "XPath Injection", recommendation: "Review this code for potential security issues", confidence: 0.85, pattern_type: :xpath_injection}
18:49:00.547 [debug] Match confidence: 0.11602499999999999, min_confidence: 0.7, match: %{type: "js-xpath-injection", context: %{node_type: "CallExpression", depth: 9, parent_type: "BinaryExpression", in_function: "complexFunction8"}, location: %{depth: 9, end_column: 27, end_line: 4, start_line: 4, start_column: 14}, severity: "high", pattern_id: "js-xpath-injection", pattern_name: "XPath Injection", recommendation: "Review this code for potential security issues", confidence: 0.85, pattern_type: :xpath_injection}
18:49:00.547 [debug] Match confidence: 0.11602499999999999, min_confidence: 0.7, match: %{type: "js-xpath-injection", context: %{node_type: "CallExpression", depth: 5, parent_type: "ReturnStatement", in_function: "complexFunction8"}, location: %{depth: 5, end_column: 40, end_line: 6, start_line: 6, start_column: 9}, severity: "high", pattern_id: "js-xpath-injection", pattern_name: "XPath Injection", recommendation: "Review this code for potential security issues", confidence: 0.85, pattern_type: :xpath_injection}
18:49:00.547 [debug] Match confidence: 0.15014999999999998, min_confidence: 0.7, match: %{type: "js-ssrf", context: %{node_type: "CallExpression", depth: 7, parent_type: "ExpressionStatement", in_function: "complexFunction8"}, location: %{depth: 7, end_column: 32, end_line: 4, start_line: 4, start_column: 4}, severity: "medium", pattern_id: "js-ssrf", pattern_name: "Server-Side Request Forgery (SSRF)", recommendation: "Review this code for potential security issues", confidence: 0.7, pattern_type: :ssrf}
18:49:00.547 [debug] Match confidence: 0.15014999999999998, min_confidence: 0.7, match: %{type: "js-ssrf", context: %{node_type: "CallExpression", depth: 9, parent_type: "BinaryExpression", in_function: "complexFunction8"}, location: %{depth: 9, end_column: 27, end_line: 4, start_line: 4, start_column: 14}, severity: "medium", pattern_id: "js-ssrf", pattern_name: "Server-Side Request Forgery (SSRF)", recommendation: "Review this code for potential security issues", confidence: 0.7, pattern_type: :ssrf}
18:49:00.547 [debug] Match confidence: 0.15014999999999998, min_confidence: 0.7, match: %{type: "js-ssrf", context: %{node_type: "CallExpression", depth: 5, parent_type: "ReturnStatement", in_function: "complexFunction8"}, location: %{depth: 5, end_column: 40, end_line: 6, start_line: 6, start_column: 9}, severity: "medium", pattern_id: "js-ssrf", pattern_name: "Server-Side Request Forgery (SSRF)", recommendation: "Review this code for potential security issues", confidence: 0.7, pattern_type: :ssrf}
18:49:00.547 [debug] Match confidence: 0.15014999999999998, min_confidence: 0.7, match: %{type: "js-insecure-deserialization", context: %{node_type: "CallExpression", depth: 7, parent_type: "ExpressionStatement", in_function: "complexFunction8"}, location: %{depth: 7, end_column: 32, end_line: 4, start_line: 4, start_column: 4}, severity: "medium", pattern_id: "js-insecure-deserialization", pattern_name: "Insecure Deserialization", recommendation: "Review this code for potential security issues", confidence: 0.7, pattern_type: :deserialization}
18:49:00.547 [debug] Match confidence: 0.15014999999999998, min_confidence: 0.7, match: %{type: "js-insecure-deserialization", context: %{node_type: "CallExpression", depth: 9, parent_type: "BinaryExpression", in_function: "complexFunction8"}, location: %{depth: 9, end_column: 27, end_line: 4, start_line: 4, start_column: 14}, severity: "medium", pattern_id: "js-insecure-deserialization", pattern_name: "Insecure Deserialization", recommendation: "Review this code for potential security issues", confidence: 0.7, pattern_type: :deserialization}
18:49:00.547 [debug] Match confidence: 0.15014999999999998, min_confidence: 0.7, match: %{type: "js-insecure-deserialization", context: %{node_type: "CallExpression", depth: 5, parent_type: "ReturnStatement", in_function: "complexFunction8"}, location: %{depth: 5, end_column: 40, end_line: 6, start_line: 6, start_column: 9}, severity: "medium", pattern_id: "js-insecure-deserialization", pattern_name: "Insecure Deserialization", recommendation: "Review this code for potential security issues", confidence: 0.7, pattern_type: :deserialization}
18:49:00.547 [debug] Match confidence: 0.15014999999999998, min_confidence: 0.7, match: %{type: "js-jwt-none-algorithm", context: %{node_type: "CallExpression", depth: 7, parent_type: "ExpressionStatement", in_function: "complexFunction8"}, location: %{depth: 7, end_column: 32, end_line: 4, start_line: 4, start_column: 4}, severity: "medium", pattern_id: "js-jwt-none-algorithm", pattern_name: "JWT None Algorithm Vulnerability", recommendation: "Review this code for potential security issues", confidence: 0.7, pattern_type: :authentication}
18:49:00.547 [debug] Match confidence: 0.15014999999999998, min_confidence: 0.7, match: %{type: "js-jwt-none-algorithm", context: %{node_type: "CallExpression", depth: 9, parent_type: "BinaryExpression", in_function: "complexFunction8"}, location: %{depth: 9, end_column: 27, end_line: 4, start_line: 4, start_column: 14}, severity: "medium", pattern_id: "js-jwt-none-algorithm", pattern_name: "JWT None Algorithm Vulnerability", recommendation: "Review this code for potential security issues", confidence: 0.7, pattern_type: :authentication}
18:49:00.547 [debug] Match confidence: 0.15014999999999998, min_confidence: 0.7, match: %{type: "js-jwt-none-algorithm", context: %{node_type: "CallExpression", depth: 5, parent_type: "ReturnStatement", in_function: "complexFunction8"}, location: %{depth: 5, end_column: 40, end_line: 6, start_line: 6, start_column: 9}, severity: "medium", pattern_id: "js-jwt-none-algorithm", pattern_name: "JWT None Algorithm Vulnerability", recommendation: "Review this code for potential security issues", confidence: 0.7, pattern_type: :authentication}
18:49:00.547 [debug] Match confidence: 0.15014999999999998, min_confidence: 0.7, match: %{type: "js-debug-console-log", context: %{node_type: "CallExpression", depth: 7, parent_type: "ExpressionStatement", in_function: "complexFunction8"}, location: %{depth: 7, end_column: 32, end_line: 4, start_line: 4, start_column: 4}, severity: "medium", pattern_id: "js-debug-console-log", pattern_name: "Sensitive Data in Console Logs", recommendation: "Review this code for potential security issues", confidence: 0.7, pattern_type: :information_disclosure}
18:49:00.547 [debug] Match confidence: 0.15014999999999998, min_confidence: 0.7, match: %{type: "js-debug-console-log", context: %{node_type: "CallExpression", depth: 9, parent_type: "BinaryExpression", in_function: "complexFunction8"}, location: %{depth: 9, end_column: 27, end_line: 4, start_line: 4, start_column: 14}, severity: "medium", pattern_id: "js-debug-console-log", pattern_name: "Sensitive Data in Console Logs", recommendation: "Review this code for potential security issues", confidence: 0.7, pattern_type: :information_disclosure}
18:49:00.547 [debug] Match confidence: 0.15014999999999998, min_confidence: 0.7, match: %{type: "js-debug-console-log", context: %{node_type: "CallExpression", depth: 5, parent_type: "ReturnStatement", in_function: "complexFunction8"}, location: %{depth: 5, end_column: 40, end_line: 6, start_line: 6, start_column: 9}, severity: "medium", pattern_id: "js-debug-console-log", pattern_name: "Sensitive Data in Console Logs", recommendation: "Review this code for potential security issues", confidence: 0.7, pattern_type: :information_disclosure}
18:49:00.679 [debug] Parser response received
18:49:00.680 [info] AnalysisService: Loaded 30 patterns for javascript
18:49:00.680 [info] AnalysisService: Found 2 matches
18:49:00.680 [debug] Match confidence: 0.616, min_confidence: 0.7, match: %{type: "js-hardcoded-secret-password", context: %{node_type: "VariableDeclarator", depth: 3, parent_type: "VariableDeclaration"}, location: %{depth: 3, end_column: 9, end_line: 1, start_line: 1, start_column: 4}, severity: "high", pattern_id: "js-hardcoded-secret-password", pattern_name: "Hardcoded Password", recommendation: "Review this code for potential security issues", confidence: 0.9, pattern_type: :hardcoded_secret}
18:49:00.680 [debug] Match confidence: 0.616, min_confidence: 0.7, match: %{type: "js-hardcoded-secret-api-key", context: %{node_type: "VariableDeclarator", depth: 3, parent_type: "VariableDeclaration"}, location: %{depth: 3, end_column: 9, end_line: 1, start_line: 1, start_column: 4}, severity: "high", pattern_id: "js-hardcoded-secret-api-key", pattern_name: "Hardcoded API Key", recommendation: "Review this code for potential security issues", confidence: 0.9, pattern_type: :hardcoded_secret}
18:49:00.807 [debug] Parser response received
18:49:00.866 [debug] Parser response received
18:49:00.866 [info] AnalysisService: Loaded 12 patterns for python
18:49:00.866 [info] AnalysisService: Found 0 matches
.18:49:01.078 [debug] Parser response received
18:49:01.078 [info] AnalysisService: Loaded 30 patterns for javascript
18:49:01.079 [info] AnalysisService: Found 2 matches
18:49:01.079 [debug] Match confidence: 0.616, min_confidence: 0.7, match: %{type: "js-hardcoded-secret-password", context: %{node_type: "VariableDeclarator", depth: 3, parent_type: "VariableDeclaration"}, location: %{depth: 3, end_column: 9, end_line: 1, start_line: 1, start_column: 4}, severity: "high", pattern_id: "js-hardcoded-secret-password", pattern_name: "Hardcoded Password", recommendation: "Review this code for potential security issues", confidence: 0.9, pattern_type: :hardcoded_secret}
18:49:01.079 [debug] Match confidence: 0.616, min_confidence: 0.7, match: %{type: "js-hardcoded-secret-api-key", context: %{node_type: "VariableDeclarator", depth: 3, parent_type: "VariableDeclaration"}, location: %{depth: 3, end_column: 9, end_line: 1, start_line: 1, start_column: 4}, severity: "high", pattern_id: "js-hardcoded-secret-api-key", pattern_name: "Hardcoded API Key", recommendation: "Review this code for potential security issues", confidence: 0.9, pattern_type: :hardcoded_secret}
18:49:01.953 [debug] Parser response received
18:49:01.953 [info] AnalysisService: Loaded 30 patterns for javascript
18:49:01.954 [info] AnalysisService: Found 2 matches
18:49:01.954 [debug] Match confidence: 0.616, min_confidence: 0.7, match: %{type: "js-hardcoded-secret-password", context: %{node_type: "VariableDeclarator", depth: 3, parent_type: "VariableDeclaration"}, location: %{depth: 3, end_column: 9, end_line: 1, start_line: 1, start_column: 4}, severity: "high", pattern_id: "js-hardcoded-secret-password", pattern_name: "Hardcoded Password", recommendation: "Review this code for potential security issues", confidence: 0.9, pattern_type: :hardcoded_secret}
18:49:01.954 [debug] Match confidence: 0.616, min_confidence: 0.7, match: %{type: "js-hardcoded-secret-api-key", context: %{node_type: "VariableDeclarator", depth: 3, parent_type: "VariableDeclaration"}, location: %{depth: 3, end_column: 9, end_line: 1, start_line: 1, start_column: 4}, severity: "high", pattern_id: "js-hardcoded-secret-api-key", pattern_name: "Hardcoded API Key", recommendation: "Review this code for potential security issues", confidence: 0.9, pattern_type: :hardcoded_secret}
18:49:02.208 [debug] Parser response received
18:49:02.208 [info] AnalysisService: Loaded 30 patterns for javascript
18:49:02.209 [info] AnalysisService: Found 2 matches
18:49:02.209 [debug] Match confidence: 0.616, min_confidence: 0.7, match: %{type: "js-hardcoded-secret-password", context: %{node_type: "VariableDeclarator", depth: 3, parent_type: "VariableDeclaration"}, location: %{depth: 3, end_column: 9, end_line: 1, start_line: 1, start_column: 4}, severity: "high", pattern_id: "js-hardcoded-secret-password", pattern_name: "Hardcoded Password", recommendation: "Review this code for potential security issues", confidence: 0.9, pattern_type: :hardcoded_secret}
18:49:02.209 [debug] Match confidence: 0.616, min_confidence: 0.7, match: %{type: "js-hardcoded-secret-api-key", context: %{node_type: "VariableDeclarator", depth: 3, parent_type: "VariableDeclaration"}, location: %{depth: 3, end_column: 9, end_line: 1, start_line: 1, start_column: 4}, severity: "high", pattern_id: "js-hardcoded-secret-api-key", pattern_name: "Hardcoded API Key", recommendation: "Review this code for potential security issues", confidence: 0.9, pattern_type: :hardcoded_secret}
18:49:02.393 [debug] Parser response received
18:49:02.394 [info] AnalysisService: Loaded 30 patterns for javascript
18:49:02.394 [info] AnalysisService: Found 2 matches
18:49:02.395 [debug] Match confidence: 0.616, min_confidence: 0.7, match: %{type: "js-hardcoded-secret-password", context: %{node_type: "VariableDeclarator", depth: 3, parent_type: "VariableDeclaration"}, location: %{depth: 3, end_column: 9, end_line: 1, start_line: 1, start_column: 4}, severity: "high", pattern_id: "js-hardcoded-secret-password", pattern_name: "Hardcoded Password", recommendation: "Review this code for potential security issues", confidence: 0.9, pattern_type: :hardcoded_secret}
18:49:02.395 [debug] Match confidence: 0.616, min_confidence: 0.7, match: %{type: "js-hardcoded-secret-api-key", context: %{node_type: "VariableDeclarator", depth: 3, parent_type: "VariableDeclaration"}, location: %{depth: 3, end_column: 9, end_line: 1, start_line: 1, start_column: 4}, severity: "high", pattern_id: "js-hardcoded-secret-api-key", pattern_name: "Hardcoded API Key", recommendation: "Review this code for potential security issues", confidence: 0.9, pattern_type: :hardcoded_secret}
18:49:02.536 [debug] Parser response received
18:49:02.536 [info] AnalysisService: Loaded 30 patterns for javascript
18:49:02.537 [info] AnalysisService: Found 2 matches
18:49:02.537 [debug] Match confidence: 0.616, min_confidence: 0.7, match: %{type: "js-hardcoded-secret-password", context: %{node_type: "VariableDeclarator", depth: 3, parent_type: "VariableDeclaration"}, location: %{depth: 3, end_column: 9, end_line: 1, start_line: 1, start_column: 4}, severity: "high", pattern_id: "js-hardcoded-secret-password", pattern_name: "Hardcoded Password", recommendation: "Review this code for potential security issues", confidence: 0.9, pattern_type: :hardcoded_secret}
18:49:02.537 [debug] Match confidence: 0.616, min_confidence: 0.7, match: %{type: "js-hardcoded-secret-api-key", context: %{node_type: "VariableDeclarator", depth: 3, parent_type: "VariableDeclaration"}, location: %{depth: 3, end_column: 9, end_line: 1, start_line: 1, start_column: 4}, severity: "high", pattern_id: "js-hardcoded-secret-api-key", pattern_name: "Hardcoded API Key", recommendation: "Review this code for potential security issues", confidence: 0.9, pattern_type: :hardcoded_secret}
18:49:02.668 [debug] Parser response received
18:49:02.668 [info] AnalysisService: Loaded 30 patterns for javascript
18:49:02.669 [info] AnalysisService: Found 2 matches
18:49:02.669 [debug] Match confidence: 0.616, min_confidence: 0.7, match: %{type: "js-hardcoded-secret-password", context: %{node_type: "VariableDeclarator", depth: 3, parent_type: "VariableDeclaration"}, location: %{depth: 3, end_column: 9, end_line: 1, start_line: 1, start_column: 4}, severity: "high", pattern_id: "js-hardcoded-secret-password", pattern_name: "Hardcoded Password", recommendation: "Review this code for potential security issues", confidence: 0.9, pattern_type: :hardcoded_secret}
18:49:02.669 [debug] Match confidence: 0.616, min_confidence: 0.7, match: %{type: "js-hardcoded-secret-api-key", context: %{node_type: "VariableDeclarator", depth: 3, parent_type: "VariableDeclaration"}, location: %{depth: 3, end_column: 9, end_line: 1, start_line: 1, start_column: 4}, severity: "high", pattern_id: "js-hardcoded-secret-api-key", pattern_name: "Hardcoded API Key", recommendation: "Review this code for potential security issues", confidence: 0.9, pattern_type: :hardcoded_secret}
18:49:02.815 [debug] Parser response received
18:49:02.816 [info] AnalysisService: Loaded 30 patterns for javascript
18:49:02.816 [info] AnalysisService: Found 2 matches
18:49:02.816 [debug] Match confidence: 0.616, min_confidence: 0.7, match: %{type: "js-hardcoded-secret-password", context: %{node_type: "VariableDeclarator", depth: 3, parent_type: "VariableDeclaration"}, location: %{depth: 3, end_column: 9, end_line: 1, start_line: 1, start_column: 4}, severity: "high", pattern_id: "js-hardcoded-secret-password", pattern_name: "Hardcoded Password", recommendation: "Review this code for potential security issues", confidence: 0.9, pattern_type: :hardcoded_secret}
18:49:02.816 [debug] Match confidence: 0.616, min_confidence: 0.7, match: %{type: "js-hardcoded-secret-api-key", context: %{node_type: "VariableDeclarator", depth: 3, parent_type: "VariableDeclaration"}, location: %{depth: 3, end_column: 9, end_line: 1, start_line: 1, start_column: 4}, severity: "high", pattern_id: "js-hardcoded-secret-api-key", pattern_name: "Hardcoded API Key", recommendation: "Review this code for potential security issues", confidence: 0.9, pattern_type: :hardcoded_secret}
18:49:02.937 [debug] Parser response received
18:49:02.940 [info] AnalysisService: Loaded 30 patterns for javascript
18:49:02.943 [info] AnalysisService: Found 2 matches
18:49:02.943 [debug] Match confidence: 0.616, min_confidence: 0.7, match: %{type: "js-hardcoded-secret-password", context: %{node_type: "VariableDeclarator", depth: 3, parent_type: "VariableDeclaration"}, location: %{depth: 3, end_column: 9, end_line: 1, start_line: 1, start_column: 4}, severity: "high", pattern_id: "js-hardcoded-secret-password", pattern_name: "Hardcoded Password", recommendation: "Review this code for potential security issues", confidence: 0.9, pattern_type: :hardcoded_secret}
18:49:02.943 [debug] Match confidence: 0.616, min_confidence: 0.7, match: %{type: "js-hardcoded-secret-api-key", context: %{node_type: "VariableDeclarator", depth: 3, parent_type: "VariableDeclaration"}, location: %{depth: 3, end_column: 9, end_line: 1, start_line: 1, start_column: 4}, severity: "high", pattern_id: "js-hardcoded-secret-api-key", pattern_name: "Hardcoded API Key", recommendation: "Review this code for potential security issues", confidence: 0.9, pattern_type: :hardcoded_secret}
18:49:03.058 [debug] Parser response received
18:49:03.058 [info] AnalysisService: Loaded 30 patterns for javascript
18:49:03.059 [info] AnalysisService: Found 2 matches
18:49:03.059 [debug] Match confidence: 0.616, min_confidence: 0.7, match: %{type: "js-hardcoded-secret-password", context: %{node_type: "VariableDeclarator", depth: 3, parent_type: "VariableDeclaration"}, location: %{depth: 3, end_column: 9, end_line: 1, start_line: 1, start_column: 4}, severity: "high", pattern_id: "js-hardcoded-secret-password", pattern_name: "Hardcoded Password", recommendation: "Review this code for potential security issues", confidence: 0.9, pattern_type: :hardcoded_secret}
18:49:03.059 [debug] Match confidence: 0.616, min_confidence: 0.7, match: %{type: "js-hardcoded-secret-api-key", context: %{node_type: "VariableDeclarator", depth: 3, parent_type: "VariableDeclaration"}, location: %{depth: 3, end_column: 9, end_line: 1, start_line: 1, start_column: 4}, severity: "high", pattern_id: "js-hardcoded-secret-api-key", pattern_name: "Hardcoded API Key", recommendation: "Review this code for potential security issues", confidence: 0.9, pattern_type: :hardcoded_secret}
18:49:03.176 [debug] Parser response received
18:49:03.176 [info] AnalysisService: Loaded 30 patterns for javascript
18:49:03.177 [info] AnalysisService: Found 2 matches
18:49:03.177 [debug] Match confidence: 0.616, min_confidence: 0.7, match: %{type: "js-hardcoded-secret-password", context: %{node_type: "VariableDeclarator", depth: 3, parent_type: "VariableDeclaration"}, location: %{depth: 3, end_column: 10, end_line: 1, start_line: 1, start_column: 4}, severity: "high", pattern_id: "js-hardcoded-secret-password", pattern_name: "Hardcoded Password", recommendation: "Review this code for potential security issues", confidence: 0.9, pattern_type: :hardcoded_secret}
18:49:03.177 [debug] Match confidence: 0.616, min_confidence: 0.7, match: %{type: "js-hardcoded-secret-api-key", context: %{node_type: "VariableDeclarator", depth: 3, parent_type: "VariableDeclaration"}, location: %{depth: 3, end_column: 10, end_line: 1, start_line: 1, start_column: 4}, severity: "high", pattern_id: "js-hardcoded-secret-api-key", pattern_name: "Hardcoded API Key", recommendation: "Review this code for potential security issues", confidence: 0.9, pattern_type: :hardcoded_secret}


  1) test stream processing handles backpressure in stream processing (RsolvApi.AST.BatchProcessorTest)
     test/rsolv_api/ast/batch_processor_test.exs:332
     Assertion with < failed
     code:  assert duration_ms < 2000
     left:  2311
     right: 2000
     stacktrace:
       test/rsolv_api/ast/batch_processor_test.exs:354: (test)

18:49:03.178 [info] AUDIT_EVENT: parser_spawned
.18:49:03.178 [info] AUDIT_EVENT: test_event
.18:49:03.178 [info] AUDIT_EVENT: malicious_input_detected
.18:49:03.178 [info] AUDIT_EVENT: parser_spawned
.18:49:03.178 [info] AUDIT_EVENT: test_event
.18:49:03.178 [info] AUDIT_EVENT: test_event
.18:49:03.178 [info] AUDIT_EVENT: test_event
.18:49:03.178 [info] AUDIT_EVENT: test_event
.18:49:03.178 [info] AUDIT_EVENT: test_event
.18:49:03.178 [info] AUDIT_EVENT: old_event
.18:49:03.178 [info] AUDIT_EVENT: recent_event
.18:49:03.178 [info] AUDIT_EVENT: session_created
.18:49:03.178 [info] AUDIT_EVENT: file_encrypted
.18:49:03.178 [info] AUDIT_EVENT: ast_parsed
.18:49:03.178 [info] AUDIT_EVENT: session_cleaned
..18:49:03.179 [info] AUDIT_EVENT: malicious_input_detected
.18:49:03.179 [info] AUDIT_EVENT: malicious_input_detected
.18:49:03.179 [info] AUDIT_EVENT: rate_limit_exceeded
.18:49:03.179 [info] AUDIT_EVENT: parser_spawned
.18:49:03.179 [info] AUDIT_EVENT: parser_spawned
.18:49:03.179 [info] AUDIT_EVENT: parser_timeout
18:49:03.179 [info] AUDIT_EVENT: parser_crashed
18:49:03.179 [info] AUDIT_EVENT: code_exfiltration_attempt
18:49:03.179 [info] AUDIT_EVENT: rate_limit_exceeded
18:49:03.179 [info] AUDIT_EVENT: api_call
18:49:03.179 [info] AUDIT_EVENT: session_created
18:49:03.179 [info] AUDIT_EVENT: file_encrypted
18:49:03.179 [info] AUDIT_EVENT: test1
18:49:03.179 [info] AUDIT_EVENT: test2
18:49:03.179 [info] AUDIT_EVENT: test_event
18:49:03.179 [info] AUDIT_EVENT: test_event
18:49:03.179 [info] AUDIT_EVENT: any_event
18:49:03.179 [info] AUDIT_EVENT: test_event
18:49:03.180 [info] AUDIT_EVENT: event1
18:49:03.180 [info] AUDIT_EVENT: event2
18:49:03.180 [info] AUDIT_EVENT: unrelated
...........18:49:03.186 request_id=GE6XX-NpX9FIsV8AABCO [info] GET /api/v1/patterns
.18:49:03.186 request_id=GE6XX-NpX9FIsV8AABCO [debug] Processing with RSOLVWeb.Api.V1.PatternController.index/2
  Parameters: %{"language" => "javascript"}
  Pipelines: [:api]
.18:49:03.186 request_id=GE6XX-NpX9FIsV8AABCO [info] Pattern API called with params: %{"language" => "javascript"}
.18:49:03.186 request_id=GE6XX-NpX9FIsV8AABCO [info] Language: javascript, Format: standard
.18:49:03.186 request_id=GE6XX-NpX9FIsV8AABCO [info] Has API key: true
.18:49:03.186 request_id=GE6XX-NpX9FIsV8AABCO [info] Getting enhanced patterns for javascript
.18:49:03.187 request_id=GE6XX-NpX9FIsV8AABCO [info] Retrieved 30 patterns
.18:49:03.187 request_id=GE6XX-NpX9FIsV8AABCO [debug] Formatting pattern: "js-sql-injection-concat"
18:49:03.187 request_id=GE6XX-NpX9FIsV8AABCO [debug] Formatted pattern keys: ["cweId", "description", "examples", "frameworks", "id", "languages", "name", "owaspCategory", "recommendation", "regex", "regexPatterns", "severity", "supportsAst", "type"]
18:49:03.187 request_id=GE6XX-NpX9FIsV8AABCO [debug] Formatting pattern: "js-sql-injection-interpolation"
18:49:03.187 request_id=GE6XX-NpX9FIsV8AABCO [debug] Formatted pattern keys: ["cweId", "description", "examples", "frameworks", "id", "languages", "name", "owaspCategory", "recommendation", "regex", "regexPatterns", "severity", "supportsAst", "type"]
18:49:03.187 request_id=GE6XX-NpX9FIsV8AABCO [debug] Formatting pattern: "js-xss-innerhtml"
18:49:03.187 request_id=GE6XX-NpX9FIsV8AABCO [debug] Formatted pattern keys: ["cweId", "description", "examples", "frameworks", "id", "languages", "name", "owaspCategory", "recommendation", "regex", "regexPatterns", "severity", "supportsAst", "type"]
18:49:03.187 request_id=GE6XX-NpX9FIsV8AABCO [debug] Formatting pattern: "js-xss-document-write"
18:49:03.187 request_id=GE6XX-NpX9FIsV8AABCO [debug] Formatted pattern keys: ["cweId", "description", "examples", "frameworks", "id", "languages", "name", "owaspCategory", "recommendation", "regex", "regexPatterns", "severity", "supportsAst", "type"]
18:49:03.187 request_id=GE6XX-NpX9FIsV8AABCO [debug] Formatting pattern: "js-xss-jquery-html"
18:49:03.187 request_id=GE6XX-NpX9FIsV8AABCO [debug] Formatted pattern keys: ["cweId", "description", "examples", "frameworks", "id", "languages", "name", "owaspCategory", "recommendation", "regex", "regexPatterns", "severity", "supportsAst", "type"]
18:49:03.187 request_id=GE6XX-NpX9FIsV8AABCO [debug] Formatting pattern: "js-xss-react-dangerously"
18:49:03.187 request_id=GE6XX-NpX9FIsV8AABCO [debug] Formatted pattern keys: ["cweId", "description", "examples", "frameworks", "id", "languages", "name", "owaspCategory", "recommendation", "regex", "regexPatterns", "severity", "supportsAst", "type"]
18:49:03.187 request_id=GE6XX-NpX9FIsV8AABCO [debug] Formatting pattern: "js-xss-dom-manipulation"
18:49:03.187 request_id=GE6XX-NpX9FIsV8AABCO [debug] Formatted pattern keys: ["cweId", "description", "examples", "frameworks", "id", "languages", "name", "owaspCategory", "recommendation", "regex", "regexPatterns", "severity", "supportsAst", "type"]
18:49:03.187 request_id=GE6XX-NpX9FIsV8AABCO [debug] Formatting pattern: "js-command-injection-exec"
18:49:03.187 request_id=GE6XX-NpX9FIsV8AABCO [debug] Formatted pattern keys: ["cweId", "description", "examples", "frameworks", "id", "languages", "name", "owaspCategory", "recommendation", "regex", "regexPatterns", "severity", "supportsAst", "type"]
18:49:03.188 request_id=GE6XX-NpX9FIsV8AABCO [debug] Formatting pattern: "js-command-injection-spawn"
18:49:03.188 request_id=GE6XX-NpX9FIsV8AABCO [debug] Formatted pattern keys: ["cweId", "description", "examples", "frameworks", "id", "languages", "name", "owaspCategory", "recommendation", "regex", "regexPatterns", "severity", "supportsAst", "type"]
18:49:03.188 request_id=GE6XX-NpX9FIsV8AABCO [debug] Formatting pattern: "js-path-traversal-join"
18:49:03.188 request_id=GE6XX-NpX9FIsV8AABCO [debug] Formatted pattern keys: ["cweId", "description", "examples", "frameworks", "id", "languages", "name", "owaspCategory", "recommendation", "regex", "regexPatterns", "severity", "supportsAst", "type"]
18:49:03.188 request_id=GE6XX-NpX9FIsV8AABCO [debug] Formatting pattern: "js-path-traversal-concat"
18:49:03.188 request_id=GE6XX-NpX9FIsV8AABCO [debug] Formatted pattern keys: ["cweId", "description", "examples", "frameworks", "id", "languages", "name", "owaspCategory", "recommendation", "regex", "regexPatterns", "severity", "supportsAst", "type"]
18:49:03.188 request_id=GE6XX-NpX9FIsV8AABCO [debug] Formatting pattern: "js-weak-crypto-md5"
18:49:03.188 request_id=GE6XX-NpX9FIsV8AABCO [debug] Formatted pattern keys: ["cweId", "description", "examples", "frameworks", "id", "languages", "name", "owaspCategory", "recommendation", "regex", "regexPatterns", "severity", "supportsAst", "type"]
18:49:03.188 request_id=GE6XX-NpX9FIsV8AABCO [debug] Formatting pattern: "js-weak-crypto-sha1"
18:49:03.188 request_id=GE6XX-NpX9FIsV8AABCO [debug] Formatted pattern keys: ["cweId", "description", "examples", "frameworks", "id", "languages", "name", "owaspCategory", "recommendation", "regex", "regexPatterns", "severity", "supportsAst", "type"]
18:49:03.188 request_id=GE6XX-NpX9FIsV8AABCO [debug] Formatting pattern: "js-hardcoded-secret-password"
18:49:03.188 request_id=GE6XX-NpX9FIsV8AABCO [debug] Formatted pattern keys: ["cweId", "description", "examples", "frameworks", "id", "languages", "name", "owaspCategory", "recommendation", "regex", "regexPatterns", "severity", "supportsAst", "type"]
18:49:03.188 request_id=GE6XX-NpX9FIsV8AABCO [debug] Formatting pattern: "js-hardcoded-secret-api-key"
18:49:03.188 request_id=GE6XX-NpX9FIsV8AABCO [debug] Formatted pattern keys: ["cweId", "description", "examples", "frameworks", "id", "languages", "name", "owaspCategory", "recommendation", "regex", "regexPatterns", "severity", "supportsAst", "type"]
18:49:03.188 request_id=GE6XX-NpX9FIsV8AABCO [debug] Formatting pattern: "js-eval-user-input"
18:49:03.188 request_id=GE6XX-NpX9FIsV8AABCO [debug] Formatted pattern keys: ["cweId", "description", "examples", "frameworks", "id", "languages", "name", "owaspCategory", "recommendation", "regex", "regexPatterns", "severity", "supportsAst", "type"]
18:49:03.188 request_id=GE6XX-NpX9FIsV8AABCO [debug] Formatting pattern: "js-unsafe-regex"
18:49:03.188 request_id=GE6XX-NpX9FIsV8AABCO [debug] Formatted pattern keys: ["cweId", "description", "examples", "frameworks", "id", "languages", "name", "owaspCategory", "recommendation", "regex", "regexPatterns", "severity", "supportsAst", "type"]
18:49:03.188 request_id=GE6XX-NpX9FIsV8AABCO [debug] Formatting pattern: "js-open-redirect"
18:49:03.188 request_id=GE6XX-NpX9FIsV8AABCO [debug] Formatted pattern keys: ["cweId", "description", "examples", "frameworks", "id", "languages", "name", "owaspCategory", "recommendation", "regex", "regexPatterns", "severity", "supportsAst", "type"]
18:49:03.188 request_id=GE6XX-NpX9FIsV8AABCO [debug] Formatting pattern: "js-xxe-external-entities"
18:49:03.188 request_id=GE6XX-NpX9FIsV8AABCO [debug] Formatted pattern keys: ["cweId", "description", "examples", "frameworks", "id", "languages", "name", "owaspCategory", "recommendation", "regex", "regexPatterns", "severity", "supportsAst", "type"]
18:49:03.188 request_id=GE6XX-NpX9FIsV8AABCO [debug] Formatting pattern: "js-prototype-pollution"
18:49:03.188 request_id=GE6XX-NpX9FIsV8AABCO [debug] Formatted pattern keys: ["cweId", "description", "examples", "frameworks", "id", "languages", "name", "owaspCategory", "recommendation", "regex", "regexPatterns", "severity", "supportsAst", "type"]
18:49:03.188 request_id=GE6XX-NpX9FIsV8AABCO [debug] Formatting pattern: "js-insecure-random"
18:49:03.188 request_id=GE6XX-NpX9FIsV8AABCO [debug] Formatted pattern keys: ["cweId", "description", "examples", "frameworks", "id", "languages", "name", "owaspCategory", "recommendation", "regex", "regexPatterns", "severity", "supportsAst", "type"]
18:49:03.188 request_id=GE6XX-NpX9FIsV8AABCO [debug] Formatting pattern: "js-timing-attack"
18:49:03.188 request_id=GE6XX-NpX9FIsV8AABCO [debug] Formatted pattern keys: ["cweId", "description", "examples", "frameworks", "id", "languages", "name", "owaspCategory", "recommendation", "regex", "regexPatterns", "severity", "supportsAst", "type"]
18:49:03.188 request_id=GE6XX-NpX9FIsV8AABCO [debug] Formatting pattern: "js-nosql-injection"
18:49:03.188 request_id=GE6XX-NpX9FIsV8AABCO [debug] Formatted pattern keys: ["cweId", "description", "examples", "frameworks", "id", "languages", "name", "owaspCategory", "recommendation", "regex", "regexPatterns", "severity", "supportsAst", "type"]
18:49:03.188 request_id=GE6XX-NpX9FIsV8AABCO [debug] Formatting pattern: "js-ldap-injection"
18:49:03.188 request_id=GE6XX-NpX9FIsV8AABCO [debug] Formatted pattern keys: ["cweId", "description", "examples", "frameworks", "id", "languages", "name", "owaspCategory", "recommendation", "regex", "regexPatterns", "severity", "supportsAst", "type"]
18:49:03.188 request_id=GE6XX-NpX9FIsV8AABCO [debug] Formatting pattern: "js-xpath-injection"
18:49:03.189 request_id=GE6XX-NpX9FIsV8AABCO [debug] Formatted pattern keys: ["cweId", "description", "examples", "frameworks", "id", "languages", "name", "owaspCategory", "recommendation", "regex", "regexPatterns", "severity", "supportsAst", "type"]
18:49:03.189 request_id=GE6XX-NpX9FIsV8AABCO [debug] Formatting pattern: "js-ssrf"
18:49:03.189 request_id=GE6XX-NpX9FIsV8AABCO [debug] Formatted pattern keys: ["cweId", "description", "examples", "frameworks", "id", "languages", "name", "owaspCategory", "recommendation", "regex", "regexPatterns", "severity", "supportsAst", "type"]
18:49:03.189 request_id=GE6XX-NpX9FIsV8AABCO [debug] Formatting pattern: "js-insecure-deserialization"
18:49:03.189 request_id=GE6XX-NpX9FIsV8AABCO [debug] Formatted pattern keys: ["cweId", "description", "examples", "frameworks", "id", "languages", "name", "owaspCategory", "recommendation", "regex", "regexPatterns", "severity", "supportsAst", "type"]
18:49:03.189 request_id=GE6XX-NpX9FIsV8AABCO [debug] Formatting pattern: "js-missing-csrf"
18:49:03.189 request_id=GE6XX-NpX9FIsV8AABCO [debug] Formatted pattern keys: ["cweId", "description", "examples", "frameworks", "id", "languages", "name", "owaspCategory", "recommendation", "regex", "regexPatterns", "severity", "supportsAst", "type"]
18:49:03.189 request_id=GE6XX-NpX9FIsV8AABCO [debug] Formatting pattern: "js-jwt-none-algorithm"
18:49:03.189 request_id=GE6XX-NpX9FIsV8AABCO [debug] Formatted pattern keys: ["cweId", "description", "examples", "frameworks", "id", "languages", "name", "owaspCategory", "recommendation", "regex", "regexPatterns", "severity", "supportsAst", "type"]
18:49:03.189 request_id=GE6XX-NpX9FIsV8AABCO [debug] Formatting pattern: "js-debug-console-log"
18:49:03.189 request_id=GE6XX-NpX9FIsV8AABCO [debug] Formatted pattern keys: ["cweId", "description", "examples", "frameworks", "id", "languages", "name", "owaspCategory", "recommendation", "regex", "regexPatterns", "severity", "supportsAst", "type"]
18:49:03.189 request_id=GE6XX-NpX9FIsV8AABCO [info] Sent 200 in 2ms
.18:49:03.193 request_id=GE6XX-PKsE4vUWwAABEO [info] GET /api/v1/patterns
18:49:03.193 request_id=GE6XX-PKsE4vUWwAABEO [debug] Processing with RSOLVWeb.Api.V1.PatternController.index/2
  Parameters: %{"format" => "unknown_format", "language" => "javascript"}
  Pipelines: [:api]
18:49:03.193 request_id=GE6XX-PKsE4vUWwAABEO [info] Pattern API called with params: %{"format" => "unknown_format", "language" => "javascript"}
18:49:03.193 request_id=GE6XX-PKsE4vUWwAABEO [info] Language: javascript, Format: standard
18:49:03.193 request_id=GE6XX-PKsE4vUWwAABEO [info] Has API key: false
18:49:03.193 request_id=GE6XX-PKsE4vUWwAABEO [info] Getting demo patterns for javascript
18:49:03.193 request_id=GE6XX-PKsE4vUWwAABEO [info] Retrieved 5 patterns
18:49:03.193 request_id=GE6XX-PKsE4vUWwAABEO [debug] Formatting pattern: "js-sql-injection-concat"
18:49:03.193 request_id=GE6XX-PKsE4vUWwAABEO [debug] Formatted pattern keys: ["cweId", "description", "examples", "frameworks", "id", "languages", "name", "owaspCategory", "recommendation", "regex", "regexPatterns", "severity", "supportsAst", "type"]
18:49:03.193 request_id=GE6XX-PKsE4vUWwAABEO [debug] Formatting pattern: "js-xss-innerhtml"
18:49:03.193 request_id=GE6XX-PKsE4vUWwAABEO [debug] Formatted pattern keys: ["cweId", "description", "examples", "frameworks", "id", "languages", "name", "owaspCategory", "recommendation", "regex", "regexPatterns", "severity", "supportsAst", "type"]
.18:49:03.193 request_id=GE6XX-PKsE4vUWwAABEO [debug] Formatting pattern: "js-command-injection-exec"
18:49:03.193 request_id=GE6XX-PKsE4vUWwAABEO [debug] Formatted pattern keys: ["cweId", "description", "examples", "frameworks", "id", "languages", "name", "owaspCategory", "recommendation", "regex", "regexPatterns", "severity", "supportsAst", "type"]
18:49:03.193 request_id=GE6XX-PKsE4vUWwAABEO [debug] Formatting pattern: "js-weak-crypto-md5"
18:49:03.193 request_id=GE6XX-PKsE4vUWwAABEO [debug] Formatted pattern keys: ["cweId", "description", "examples", "frameworks", "id", "languages", "name", "owaspCategory", "recommendation", "regex", "regexPatterns", "severity", "supportsAst", "type"]
18:49:03.193 request_id=GE6XX-PKsE4vUWwAABEO [debug] Formatting pattern: "js-hardcoded-secret-api-key"
.18:49:03.193 request_id=GE6XX-PKsE4vUWwAABEO [debug] Formatted pattern keys: ["cweId", "description", "examples", "frameworks", "id", "languages", "name", "owaspCategory", "recommendation", "regex", "regexPatterns", "severity", "supportsAst", "type"]
.18:49:03.193 request_id=GE6XX-PKsE4vUWwAABEO [info] Sent 200 in 485µs
18:49:03.194 request_id=GE6XX-PaTjJDAo0AADQC [info] GET /api/v1/patterns
18:49:03.194 request_id=GE6XX-PaTjJDAo0AADQC [debug] Processing with RSOLVWeb.Api.V1.PatternController.index/2
  Parameters: %{"language" => "javascript"}
  Pipelines: [:api]
18:49:03.194 request_id=GE6XX-PaTjJDAo0AADQC [info] Pattern API called with params: %{"language" => "javascript"}
18:49:03.194 request_id=GE6XX-PaTjJDAo0AADQC [info] Language: javascript, Format: standard
18:49:03.194 request_id=GE6XX-PaTjJDAo0AADQC [info] Has API key: false
18:49:03.194 request_id=GE6XX-PaTjJDAo0AADQC [info] Getting demo patterns for javascript
18:49:03.194 request_id=GE6XX-PaTjJDAo0AADQC [info] Retrieved 5 patterns
18:49:03.194 request_id=GE6XX-PaTjJDAo0AADQC [debug] Formatting pattern: "js-sql-injection-concat"
18:49:03.194 request_id=GE6XX-PaTjJDAo0AADQC [debug] Formatted pattern keys: ["cweId", "description", "examples", "frameworks", "id", "languages", "name", "owaspCategory", "recommendation", "regex", "regexPatterns", "severity", "supportsAst", "type"]
18:49:03.194 request_id=GE6XX-PaTjJDAo0AADQC [debug] Formatting pattern: "js-xss-innerhtml"
18:49:03.194 request_id=GE6XX-PaTjJDAo0AADQC [debug] Formatted pattern keys: ["cweId", "description", "examples", "frameworks", "id", "languages", "name", "owaspCategory", "recommendation", "regex", "regexPatterns", "severity", "supportsAst", "type"]
18:49:03.194 request_id=GE6XX-PaTjJDAo0AADQC [debug] Formatting pattern: "js-command-injection-exec"
18:49:03.194 request_id=GE6XX-PaTjJDAo0AADQC [debug] Formatted pattern keys: ["cweId", "description", "examples", "frameworks", "id", "languages", "name", "owaspCategory", "recommendation", "regex", "regexPatterns", "severity", "supportsAst", "type"]
18:49:03.194 request_id=GE6XX-PaTjJDAo0AADQC [debug] Formatting pattern: "js-weak-crypto-md5"
18:49:03.194 request_id=GE6XX-PaTjJDAo0AADQC [debug] Formatted pattern keys: ["cweId", "description", "examples", "frameworks", "id", "languages", "name", "owaspCategory", "recommendation", "regex", "regexPatterns", "severity", "supportsAst", "type"]
18:49:03.194 request_id=GE6XX-PaTjJDAo0AADQC [debug] Formatting pattern: "js-hardcoded-secret-api-key"
18:49:03.194 request_id=GE6XX-PaTjJDAo0AADQC [debug] Formatted pattern keys: ["cweId", "description", "examples", "frameworks", "id", "languages", "name", "owaspCategory", "recommendation", "regex", "regexPatterns", "severity", "supportsAst", "type"]
18:49:03.194 request_id=GE6XX-PaTjJDAo0AADQC [info] Sent 200 in 375µs
18:49:03.194 request_id=GE6XX-PnFWwTYJYAAE-E [info] GET /api/v1/patterns
18:49:03.195 request_id=GE6XX-PnFWwTYJYAAE-E [debug] Processing with RSOLVWeb.Api.V1.PatternController.index/2
  Parameters: %{}
  Pipelines: [:api]
18:49:03.195 request_id=GE6XX-PnFWwTYJYAAE-E [info] Pattern API called with params: %{}
18:49:03.195 request_id=GE6XX-PnFWwTYJYAAE-E [info] Language: javascript, Format: standard
18:49:03.195 request_id=GE6XX-PnFWwTYJYAAE-E [info] Has API key: false
18:49:03.195 request_id=GE6XX-PnFWwTYJYAAE-E [info] Getting demo patterns for javascript
18:49:03.195 request_id=GE6XX-PnFWwTYJYAAE-E [info] Retrieved 5 patterns
18:49:03.195 request_id=GE6XX-PnFWwTYJYAAE-E [debug] Formatting pattern: "js-sql-injection-concat"
18:49:03.195 request_id=GE6XX-PnFWwTYJYAAE-E [debug] Formatted pattern keys: ["cweId", "description", "examples", "frameworks", "id", "languages", "name", "owaspCategory", "recommendation", "regex", "regexPatterns", "severity", "supportsAst", "type"]
18:49:03.195 request_id=GE6XX-PnFWwTYJYAAE-E [debug] Formatting pattern: "js-xss-innerhtml"
18:49:03.195 request_id=GE6XX-PnFWwTYJYAAE-E [debug] Formatted pattern keys: ["cweId", "description", "examples", "frameworks", "id", "languages", "name", "owaspCategory", "recommendation", "regex", "regexPatterns", "severity", "supportsAst", "type"]
18:49:03.195 request_id=GE6XX-PnFWwTYJYAAE-E [debug] Formatting pattern: "js-command-injection-exec"
18:49:03.195 request_id=GE6XX-PnFWwTYJYAAE-E [debug] Formatted pattern keys: ["cweId", "description", "examples", "frameworks", "id", "languages", "name", "owaspCategory", "recommendation", "regex", "regexPatterns", "severity", "supportsAst", "type"]
18:49:03.195 request_id=GE6XX-PnFWwTYJYAAE-E [debug] Formatting pattern: "js-weak-crypto-md5"
18:49:03.195 request_id=GE6XX-PnFWwTYJYAAE-E [debug] Formatted pattern keys: ["cweId", "description", "examples", "frameworks", "id", "languages", "name", "owaspCategory", "recommendation", "regex", "regexPatterns", "severity", "supportsAst", "type"]
18:49:03.195 request_id=GE6XX-PnFWwTYJYAAE-E [debug] Formatting pattern: "js-hardcoded-secret-api-key"
18:49:03.195 request_id=GE6XX-PnFWwTYJYAAE-E [debug] Formatted pattern keys: ["cweId", "description", "examples", "frameworks", "id", "languages", "name", "owaspCategory", "recommendation", "regex", "regexPatterns", "severity", "supportsAst", "type"]
18:49:03.195 request_id=GE6XX-PnFWwTYJYAAE-E [info] Sent 200 in 363µs
18:49:03.195 request_id=GE6XX-PyCNNGkRkAAFAE [info] GET /api/v1/patterns
18:49:03.199 request_id=GE6XX-PyCNNGkRkAAFAE [debug] Processing with RSOLVWeb.Api.V1.PatternController.index/2
  Parameters: %{"language" => "javascript"}
  Pipelines: [:api]
18:49:03.199 request_id=GE6XX-PyCNNGkRkAAFAE [info] Pattern API called with params: %{"language" => "javascript"}
18:49:03.199 request_id=GE6XX-PyCNNGkRkAAFAE [info] Language: javascript, Format: standard
18:49:03.199 request_id=GE6XX-PyCNNGkRkAAFAE [info] Has API key: true
18:49:03.199 request_id=GE6XX-PyCNNGkRkAAFAE [info] Getting enhanced patterns for javascript
18:49:03.199 request_id=GE6XX-PyCNNGkRkAAFAE [info] Retrieved 30 patterns
18:49:03.199 request_id=GE6XX-PyCNNGkRkAAFAE [debug] Formatting pattern: "js-sql-injection-concat"
18:49:03.199 request_id=GE6XX-PyCNNGkRkAAFAE [debug] Formatted pattern keys: ["cweId", "description", "examples", "frameworks", "id", "languages", "name", "owaspCategory", "recommendation", "regex", "regexPatterns", "severity", "supportsAst", "type"]
18:49:03.199 request_id=GE6XX-PyCNNGkRkAAFAE [debug] Formatting pattern: "js-sql-injection-interpolation"
18:49:03.199 request_id=GE6XX-PyCNNGkRkAAFAE [debug] Formatted pattern keys: ["cweId", "description", "examples", "frameworks", "id", "languages", "name", "owaspCategory", "recommendation", "regex", "regexPatterns", "severity", "supportsAst", "type"]
18:49:03.199 request_id=GE6XX-PyCNNGkRkAAFAE [debug] Formatting pattern: "js-xss-innerhtml"
18:49:03.199 request_id=GE6XX-PyCNNGkRkAAFAE [debug] Formatted pattern keys: ["cweId", "description", "examples", "frameworks", "id", "languages", "name", "owaspCategory", "recommendation", "regex", "regexPatterns", "severity", "supportsAst", "type"]
18:49:03.199 request_id=GE6XX-PyCNNGkRkAAFAE [debug] Formatting pattern: "js-xss-document-write"
18:49:03.199 request_id=GE6XX-PyCNNGkRkAAFAE [debug] Formatted pattern keys: ["cweId", "description", "examples", "frameworks", "id", "languages", "name", "owaspCategory", "recommendation", "regex", "regexPatterns", "severity", "supportsAst", "type"]
18:49:03.199 request_id=GE6XX-PyCNNGkRkAAFAE [debug] Formatting pattern: "js-xss-jquery-html"
18:49:03.199 request_id=GE6XX-PyCNNGkRkAAFAE [debug] Formatted pattern keys: ["cweId", "description", "examples", "frameworks", "id", "languages", "name", "owaspCategory", "recommendation", "regex", "regexPatterns", "severity", "supportsAst", "type"]
18:49:03.199 request_id=GE6XX-PyCNNGkRkAAFAE [debug] Formatting pattern: "js-xss-react-dangerously"
18:49:03.200 request_id=GE6XX-PyCNNGkRkAAFAE [debug] Formatted pattern keys: ["cweId", "description", "examples", "frameworks", "id", "languages", "name", "owaspCategory", "recommendation", "regex", "regexPatterns", "severity", "supportsAst", "type"]
18:49:03.200 request_id=GE6XX-PyCNNGkRkAAFAE [debug] Formatting pattern: "js-xss-dom-manipulation"
18:49:03.200 request_id=GE6XX-PyCNNGkRkAAFAE [debug] Formatted pattern keys: ["cweId", "description", "examples", "frameworks", "id", "languages", "name", "owaspCategory", "recommendation", "regex", "regexPatterns", "severity", "supportsAst", "type"]
18:49:03.200 request_id=GE6XX-PyCNNGkRkAAFAE [debug] Formatting pattern: "js-command-injection-exec"
18:49:03.200 request_id=GE6XX-PyCNNGkRkAAFAE [debug] Formatted pattern keys: ["cweId", "description", "examples", "frameworks", "id", "languages", "name", "owaspCategory", "recommendation", "regex", "regexPatterns", "severity", "supportsAst", "type"]
18:49:03.200 request_id=GE6XX-PyCNNGkRkAAFAE [debug] Formatting pattern: "js-command-injection-spawn"
18:49:03.200 request_id=GE6XX-PyCNNGkRkAAFAE [debug] Formatted pattern keys: ["cweId", "description", "examples", "frameworks", "id", "languages", "name", "owaspCategory", "recommendation", "regex", "regexPatterns", "severity", "supportsAst", "type"]
18:49:03.200 request_id=GE6XX-PyCNNGkRkAAFAE [debug] Formatting pattern: "js-path-traversal-join"
18:49:03.200 request_id=GE6XX-PyCNNGkRkAAFAE [debug] Formatted pattern keys: ["cweId", "description", "examples", "frameworks", "id", "languages", "name", "owaspCategory", "recommendation", "regex", "regexPatterns", "severity", "supportsAst", "type"]
18:49:03.200 request_id=GE6XX-PyCNNGkRkAAFAE [debug] Formatting pattern: "js-path-traversal-concat"
18:49:03.200 request_id=GE6XX-PyCNNGkRkAAFAE [debug] Formatted pattern keys: ["cweId", "description", "examples", "frameworks", "id", "languages", "name", "owaspCategory", "recommendation", "regex", "regexPatterns", "severity", "supportsAst", "type"]
18:49:03.200 request_id=GE6XX-PyCNNGkRkAAFAE [debug] Formatting pattern: "js-weak-crypto-md5"
18:49:03.200 request_id=GE6XX-PyCNNGkRkAAFAE [debug] Formatted pattern keys: ["cweId", "description", "examples", "frameworks", "id", "languages", "name", "owaspCategory", "recommendation", "regex", "regexPatterns", "severity", "supportsAst", "type"]
18:49:03.200 request_id=GE6XX-PyCNNGkRkAAFAE [debug] Formatting pattern: "js-weak-crypto-sha1"
18:49:03.200 request_id=GE6XX-PyCNNGkRkAAFAE [debug] Formatted pattern keys: ["cweId", "description", "examples", "frameworks", "id", "languages", "name", "owaspCategory", "recommendation", "regex", "regexPatterns", "severity", "supportsAst", "type"]
18:49:03.200 request_id=GE6XX-PyCNNGkRkAAFAE [debug] Formatting pattern: "js-hardcoded-secret-password"
18:49:03.200 request_id=GE6XX-PyCNNGkRkAAFAE [debug] Formatted pattern keys: ["cweId", "description", "examples", "frameworks", "id", "languages", "name", "owaspCategory", "recommendation", "regex", "regexPatterns", "severity", "supportsAst", "type"]
18:49:03.200 request_id=GE6XX-PyCNNGkRkAAFAE [debug] Formatting pattern: "js-hardcoded-secret-api-key"
18:49:03.200 request_id=GE6XX-PyCNNGkRkAAFAE [debug] Formatted pattern keys: ["cweId", "description", "examples", "frameworks", "id", "languages", "name", "owaspCategory", "recommendation", "regex", "regexPatterns", "severity", "supportsAst", "type"]
18:49:03.200 request_id=GE6XX-PyCNNGkRkAAFAE [debug] Formatting pattern: "js-eval-user-input"
18:49:03.200 request_id=GE6XX-PyCNNGkRkAAFAE [debug] Formatted pattern keys: ["cweId", "description", "examples", "frameworks", "id", "languages", "name", "owaspCategory", "recommendation", "regex", "regexPatterns", "severity", "supportsAst", "type"]
18:49:03.200 request_id=GE6XX-PyCNNGkRkAAFAE [debug] Formatting pattern: "js-unsafe-regex"
18:49:03.200 request_id=GE6XX-PyCNNGkRkAAFAE [debug] Formatted pattern keys: ["cweId", "description", "examples", "frameworks", "id", "languages", "name", "owaspCategory", "recommendation", "regex", "regexPatterns", "severity", "supportsAst", "type"]
18:49:03.200 request_id=GE6XX-PyCNNGkRkAAFAE [debug] Formatting pattern: "js-open-redirect"
18:49:03.200 request_id=GE6XX-PyCNNGkRkAAFAE [debug] Formatted pattern keys: ["cweId", "description", "examples", "frameworks", "id", "languages", "name", "owaspCategory", "recommendation", "regex", "regexPatterns", "severity", "supportsAst", "type"]
18:49:03.200 request_id=GE6XX-PyCNNGkRkAAFAE [debug] Formatting pattern: "js-xxe-external-entities"
18:49:03.200 request_id=GE6XX-PyCNNGkRkAAFAE [debug] Formatted pattern keys: ["cweId", "description", "examples", "frameworks", "id", "languages", "name", "owaspCategory", "recommendation", "regex", "regexPatterns", "severity", "supportsAst", "type"]
18:49:03.200 request_id=GE6XX-PyCNNGkRkAAFAE [debug] Formatting pattern: "js-prototype-pollution"
18:49:03.200 request_id=GE6XX-PyCNNGkRkAAFAE [debug] Formatted pattern keys: ["cweId", "description", "examples", "frameworks", "id", "languages", "name", "owaspCategory", "recommendation", "regex", "regexPatterns", "severity", "supportsAst", "type"]
18:49:03.200 request_id=GE6XX-PyCNNGkRkAAFAE [debug] Formatting pattern: "js-insecure-random"
18:49:03.200 request_id=GE6XX-PyCNNGkRkAAFAE [debug] Formatted pattern keys: ["cweId", "description", "examples", "frameworks", "id", "languages", "name", "owaspCategory", "recommendation", "regex", "regexPatterns", "severity", "supportsAst", "type"]
18:49:03.200 request_id=GE6XX-PyCNNGkRkAAFAE [debug] Formatting pattern: "js-timing-attack"
18:49:03.200 request_id=GE6XX-PyCNNGkRkAAFAE [debug] Formatted pattern keys: ["cweId", "description", "examples", "frameworks", "id", "languages", "name", "owaspCategory", "recommendation", "regex", "regexPatterns", "severity", "supportsAst", "type"]
18:49:03.200 request_id=GE6XX-PyCNNGkRkAAFAE [debug] Formatting pattern: "js-nosql-injection"
18:49:03.200 request_id=GE6XX-PyCNNGkRkAAFAE [debug] Formatted pattern keys: ["cweId", "description", "examples", "frameworks", "id", "languages", "name", "owaspCategory", "recommendation", "regex", "regexPatterns", "severity", "supportsAst", "type"]
18:49:03.200 request_id=GE6XX-PyCNNGkRkAAFAE [debug] Formatting pattern: "js-ldap-injection"
18:49:03.200 request_id=GE6XX-PyCNNGkRkAAFAE [debug] Formatted pattern keys: ["cweId", "description", "examples", "frameworks", "id", "languages", "name", "owaspCategory", "recommendation", "regex", "regexPatterns", "severity", "supportsAst", "type"]
18:49:03.201 request_id=GE6XX-PyCNNGkRkAAFAE [debug] Formatting pattern: "js-xpath-injection"
18:49:03.201 request_id=GE6XX-PyCNNGkRkAAFAE [debug] Formatted pattern keys: ["cweId", "description", "examples", "frameworks", "id", "languages", "name", "owaspCategory", "recommendation", "regex", "regexPatterns", "severity", "supportsAst", "type"]
18:49:03.202 request_id=GE6XX-PyCNNGkRkAAFAE [debug] Formatting pattern: "js-ssrf"
18:49:03.202 request_id=GE6XX-PyCNNGkRkAAFAE [debug] Formatted pattern keys: ["cweId", "description", "examples", "frameworks", "id", "languages", "name", "owaspCategory", "recommendation", "regex", "regexPatterns", "severity", "supportsAst", "type"]
18:49:03.202 request_id=GE6XX-PyCNNGkRkAAFAE [debug] Formatting pattern: "js-insecure-deserialization"
18:49:03.202 request_id=GE6XX-PyCNNGkRkAAFAE [debug] Formatted pattern keys: ["cweId", "description", "examples", "frameworks", "id", "languages", "name", "owaspCategory", "recommendation", "regex", "regexPatterns", "severity", "supportsAst", "type"]
18:49:03.202 request_id=GE6XX-PyCNNGkRkAAFAE [debug] Formatting pattern: "js-missing-csrf"
18:49:03.202 request_id=GE6XX-PyCNNGkRkAAFAE [debug] Formatted pattern keys: ["cweId", "description", "examples", "frameworks", "id", "languages", "name", "owaspCategory", "recommendation", "regex", "regexPatterns", "severity", "supportsAst", "type"]
18:49:03.202 request_id=GE6XX-PyCNNGkRkAAFAE [debug] Formatting pattern: "js-jwt-none-algorithm"
18:49:03.202 request_id=GE6XX-PyCNNGkRkAAFAE [debug] Formatted pattern keys: ["cweId", "description", "examples", "frameworks", "id", "languages", "name", "owaspCategory", "recommendation", "regex", "regexPatterns", "severity", "supportsAst", "type"]
18:49:03.202 request_id=GE6XX-PyCNNGkRkAAFAE [debug] Formatting pattern: "js-debug-console-log"
18:49:03.202 request_id=GE6XX-PyCNNGkRkAAFAE [debug] Formatted pattern keys: ["cweId", "description", "examples", "frameworks", "id", "languages", "name", "owaspCategory", "recommendation", "regex", "regexPatterns", "severity", "supportsAst", "type"]
18:49:03.202 request_id=GE6XX-PyCNNGkRkAAFAE [info] Sent 200 in 7ms
.18:49:03.204 request_id=GE6XX-Rxvu7CrmwAAFsK [info] GET /api/v1/patterns
18:49:03.204 request_id=GE6XX-Rxvu7CrmwAAFsK [debug] Processing with RSOLVWeb.Api.V1.PatternController.index/2
  Parameters: %{}
  Pipelines: [:api]
18:49:03.204 request_id=GE6XX-Rxvu7CrmwAAFsK [info] Pattern API called with params: %{}
18:49:03.204 request_id=GE6XX-Rxvu7CrmwAAFsK [info] Language: javascript, Format: standard
18:49:03.204 request_id=GE6XX-Rxvu7CrmwAAFsK [info] Has API key: false
18:49:03.204 request_id=GE6XX-Rxvu7CrmwAAFsK [info] Getting demo patterns for javascript
18:49:03.204 request_id=GE6XX-Rxvu7CrmwAAFsK [info] Retrieved 5 patterns
18:49:03.204 request_id=GE6XX-Rxvu7CrmwAAFsK [debug] Formatting pattern: "js-sql-injection-concat"
18:49:03.204 request_id=GE6XX-Rxvu7CrmwAAFsK [debug] Formatted pattern keys: ["cweId", "description", "examples", "frameworks", "id", "languages", "name", "owaspCategory", "recommendation", "regex", "regexPatterns", "severity", "supportsAst", "type"]
18:49:03.204 request_id=GE6XX-Rxvu7CrmwAAFsK [debug] Formatting pattern: "js-xss-innerhtml"
18:49:03.204 request_id=GE6XX-Rxvu7CrmwAAFsK [debug] Formatted pattern keys: ["cweId", "description", "examples", "frameworks", "id", "languages", "name", "owaspCategory", "recommendation", "regex", "regexPatterns", "severity", "supportsAst", "type"]
18:49:03.204 request_id=GE6XX-Rxvu7CrmwAAFsK [debug] Formatting pattern: "js-command-injection-exec"
18:49:03.204 request_id=GE6XX-Rxvu7CrmwAAFsK [debug] Formatted pattern keys: ["cweId", "description", "examples", "frameworks", "id", "languages", "name", "owaspCategory", "recommendation", "regex", "regexPatterns", "severity", "supportsAst", "type"]
18:49:03.204 request_id=GE6XX-Rxvu7CrmwAAFsK [debug] Formatting pattern: "js-weak-crypto-md5"
18:49:03.204 request_id=GE6XX-Rxvu7CrmwAAFsK [debug] Formatted pattern keys: ["cweId", "description", "examples", "frameworks", "id", "languages", "name", "owaspCategory", "recommendation", "regex", "regexPatterns", "severity", "supportsAst", "type"]
18:49:03.204 request_id=GE6XX-Rxvu7CrmwAAFsK [debug] Formatting pattern: "js-hardcoded-secret-api-key"
18:49:03.204 request_id=GE6XX-Rxvu7CrmwAAFsK [debug] Formatted pattern keys: ["cweId", "description", "examples", "frameworks", "id", "languages", "name", "owaspCategory", "recommendation", "regex", "regexPatterns", "severity", "supportsAst", "type"]
18:49:03.204 request_id=GE6XX-Rxvu7CrmwAAFsK [info] Sent 200 in 320µs
.18:49:03.204 request_id=GE6XX-R7AtCpl-0AADSC [info] GET /api/v1/patterns
18:49:03.204 request_id=GE6XX-R7AtCpl-0AADSC [debug] Processing with RSOLVWeb.Api.V1.PatternController.index/2
  Parameters: %{}
  Pipelines: [:api]
18:49:03.204 request_id=GE6XX-R7AtCpl-0AADSC [info] Pattern API called with params: %{}
.18:49:03.204 request_id=GE6XX-R7AtCpl-0AADSC [info] Language: javascript, Format: standard
18:49:03.204 request_id=GE6XX-R7AtCpl-0AADSC [info] Has API key: false
18:49:03.204 request_id=GE6XX-R7AtCpl-0AADSC [info] Getting demo patterns for javascript
18:49:03.204 request_id=GE6XX-R7AtCpl-0AADSC [info] Retrieved 5 patterns
18:49:03.204 request_id=GE6XX-R7AtCpl-0AADSC [debug] Formatting pattern: "js-sql-injection-concat"
18:49:03.204 request_id=GE6XX-R7AtCpl-0AADSC [debug] Formatted pattern keys: ["cweId", "description", "examples", "frameworks", "id", "languages", "name", "owaspCategory", "recommendation", "regex", "regexPatterns", "severity", "supportsAst", "type"]
18:49:03.204 request_id=GE6XX-R7AtCpl-0AADSC [debug] Formatting pattern: "js-xss-innerhtml"
18:49:03.204 request_id=GE6XX-R7AtCpl-0AADSC [debug] Formatted pattern keys: ["cweId", "description", "examples", "frameworks", "id", "languages", "name", "owaspCategory", "recommendation", "regex", "regexPatterns", "severity", "supportsAst", "type"]
18:49:03.204 request_id=GE6XX-R7AtCpl-0AADSC [debug] Formatting pattern: "js-command-injection-exec"
18:49:03.204 request_id=GE6XX-R7AtCpl-0AADSC [debug] Formatted pattern keys: ["cweId", "description", "examples", "frameworks", "id", "languages", "name", "owaspCategory", "recommendation", "regex", "regexPatterns", "severity", "supportsAst", "type"]
18:49:03.204 request_id=GE6XX-R7AtCpl-0AADSC [debug] Formatting pattern: "js-weak-crypto-md5"
18:49:03.204 request_id=GE6XX-R7AtCpl-0AADSC [debug] Formatted pattern keys: ["cweId", "description", "examples", "frameworks", "id", "languages", "name", "owaspCategory", "recommendation", "regex", "regexPatterns", "severity", "supportsAst", "type"]
18:49:03.204 request_id=GE6XX-R7AtCpl-0AADSC [debug] Formatting pattern: "js-hardcoded-secret-api-key"
18:49:03.204 request_id=GE6XX-R7AtCpl-0AADSC [debug] Formatted pattern keys: ["cweId", "description", "examples", "frameworks", "id", "languages", "name", "owaspCategory", "recommendation", "regex", "regexPatterns", "severity", "supportsAst", "type"]
18:49:03.204 request_id=GE6XX-R7AtCpl-0AADSC [info] Sent 200 in 331µs
18:49:03.205 request_id=GE6XX-SHWNn95nQAAF8D [info] GET /api/v1/patterns
18:49:03.205 request_id=GE6XX-SHWNn95nQAAF8D [debug] Processing with RSOLVWeb.Api.V1.PatternController.index/2
  Parameters: %{"language" => "javascript"}
  Pipelines: [:api]
18:49:03.205 request_id=GE6XX-SHWNn95nQAAF8D [info] Pattern API called with params: %{"language" => "javascript"}
18:49:03.205 request_id=GE6XX-SHWNn95nQAAF8D [info] Language: javascript, Format: standard
18:49:03.205 request_id=GE6XX-SHWNn95nQAAF8D [info] Has API key: false
.18:49:03.205 request_id=GE6XX-SHWNn95nQAAF8D [info] Getting demo patterns for javascript
18:49:03.205 request_id=GE6XX-SHWNn95nQAAF8D [info] Retrieved 5 patterns
18:49:03.205 request_id=GE6XX-SHWNn95nQAAF8D [debug] Formatting pattern: "js-sql-injection-concat"
18:49:03.205 request_id=GE6XX-SHWNn95nQAAF8D [debug] Formatted pattern keys: ["cweId", "description", "examples", "frameworks", "id", "languages", "name", "owaspCategory", "recommendation", "regex", "regexPatterns", "severity", "supportsAst", "type"]
18:49:03.205 request_id=GE6XX-SHWNn95nQAAF8D [debug] Formatting pattern: "js-xss-innerhtml"
18:49:03.205 request_id=GE6XX-SHWNn95nQAAF8D [debug] Formatted pattern keys: ["cweId", "description", "examples", "frameworks", "id", "languages", "name", "owaspCategory", "recommendation", "regex", "regexPatterns", "severity", "supportsAst", "type"]
18:49:03.205 request_id=GE6XX-SHWNn95nQAAF8D [debug] Formatting pattern: "js-command-injection-exec"
18:49:03.205 request_id=GE6XX-SHWNn95nQAAF8D [debug] Formatted pattern keys: ["cweId", "description", "examples", "frameworks", "id", "languages", "name", "owaspCategory", "recommendation", "regex", "regexPatterns", "severity", "supportsAst", "type"]
18:49:03.205 request_id=GE6XX-SHWNn95nQAAF8D [debug] Formatting pattern: "js-weak-crypto-md5"
18:49:03.205 request_id=GE6XX-SHWNn95nQAAF8D [debug] Formatted pattern keys: ["cweId", "description", "examples", "frameworks", "id", "languages", "name", "owaspCategory", "recommendation", "regex", "regexPatterns", "severity", "supportsAst", "type"]
18:49:03.205 request_id=GE6XX-SHWNn95nQAAF8D [debug] Formatting pattern: "js-hardcoded-secret-api-key"
18:49:03.205 request_id=GE6XX-SHWNn95nQAAF8D [debug] Formatted pattern keys: ["cweId", "description", "examples", "frameworks", "id", "languages", "name", "owaspCategory", "recommendation", "regex", "regexPatterns", "severity", "supportsAst", "type"]
18:49:03.205 request_id=GE6XX-SHWNn95nQAAF8D [info] Sent 200 in 345µs
18:49:03.205 request_id=GE6XX-SOMoP95nQAAF-D [info] GET /api/v1/patterns
18:49:03.205 request_id=GE6XX-SOMoP95nQAAF-D [debug] Processing with RSOLVWeb.Api.V1.PatternController.index/2
  Parameters: %{"language" => "python"}
  Pipelines: [:api]
18:49:03.205 request_id=GE6XX-SOMoP95nQAAF-D [info] Pattern API called with params: %{"language" => "python"}
18:49:03.205 request_id=GE6XX-SOMoP95nQAAF-D [info] Language: python, Format: standard
18:49:03.205 request_id=GE6XX-SOMoP95nQAAF-D [info] Has API key: false
18:49:03.205 request_id=GE6XX-SOMoP95nQAAF-D [info] Getting demo patterns for python
18:49:03.206 request_id=GE6XX-SOMoP95nQAAF-D [info] Retrieved 4 patterns
18:49:03.206 request_id=GE6XX-SOMoP95nQAAF-D [debug] Formatting pattern: "python-sql-injection-format"
18:49:03.206 request_id=GE6XX-SOMoP95nQAAF-D [debug] Formatted pattern keys: ["cweId", "description", "examples", "frameworks", "id", "languages", "name", "owaspCategory", "recommendation", "regex", "regexPatterns", "severity", "supportsAst", "type"]
18:49:03.206 request_id=GE6XX-SOMoP95nQAAF-D [debug] Formatting pattern: "python-command-injection-os-system"
18:49:03.206 request_id=GE6XX-SOMoP95nQAAF-D [debug] Formatted pattern keys: ["cweId", "description", "examples", "frameworks", "id", "languages", "name", "owaspCategory", "recommendation", "regex", "regexPatterns", "severity", "supportsAst", "type"]
18:49:03.206 request_id=GE6XX-SOMoP95nQAAF-D [debug] Formatting pattern: "python-unsafe-pickle"
18:49:03.206 request_id=GE6XX-SOMoP95nQAAF-D [debug] Formatted pattern keys: ["cweId", "description", "examples", "frameworks", "id", "languages", "name", "owaspCategory", "recommendation", "regex", "regexPatterns", "severity", "supportsAst", "type"]
18:49:03.206 request_id=GE6XX-SOMoP95nQAAF-D [debug] Formatting pattern: "python-weak-hash-md5"
18:49:03.206 request_id=GE6XX-SOMoP95nQAAF-D [debug] Formatted pattern keys: ["cweId", "description", "examples", "frameworks", "id", "languages", "name", "owaspCategory", "recommendation", "regex", "regexPatterns", "severity", "supportsAst", "type"]
18:49:03.206 request_id=GE6XX-SOMoP95nQAAF-D [info] Sent 200 in 268µs
18:49:03.206 request_id=GE6XX-STdzv95nQAAGAD [info] GET /api/v1/patterns
18:49:03.206 request_id=GE6XX-STdzv95nQAAGAD [debug] Processing with RSOLVWeb.Api.V1.PatternController.index/2
  Parameters: %{"language" => "ruby"}
  Pipelines: [:api]
18:49:03.206 request_id=GE6XX-STdzv95nQAAGAD [info] Pattern API called with params: %{"language" => "ruby"}
18:49:03.206 request_id=GE6XX-STdzv95nQAAGAD [info] Language: ruby, Format: standard
18:49:03.206 request_id=GE6XX-STdzv95nQAAGAD [info] Has API key: false
18:49:03.206 request_id=GE6XX-STdzv95nQAAGAD [info] Getting demo patterns for ruby
18:49:03.206 request_id=GE6XX-STdzv95nQAAGAD [info] Retrieved 3 patterns
18:49:03.206 request_id=GE6XX-STdzv95nQAAGAD [debug] Formatting pattern: "ruby-sql-injection-interpolation"
18:49:03.206 request_id=GE6XX-STdzv95nQAAGAD [debug] Formatted pattern keys: ["cweId", "description", "examples", "frameworks", "id", "languages", "name", "owaspCategory", "recommendation", "regex", "regexPatterns", "severity", "supportsAst", "type"]
18:49:03.206 request_id=GE6XX-STdzv95nQAAGAD [debug] Formatting pattern: "ruby-mass-assignment"
18:49:03.206 request_id=GE6XX-STdzv95nQAAGAD [debug] Formatted pattern keys: ["cweId", "description", "examples", "frameworks", "id", "languages", "name", "owaspCategory", "recommendation", "regex", "regexPatterns", "severity", "supportsAst", "type"]
18:49:03.206 request_id=GE6XX-STdzv95nQAAGAD [debug] Formatting pattern: "ruby-command-injection"
18:49:03.206 request_id=GE6XX-STdzv95nQAAGAD [debug] Formatted pattern keys: ["cweId", "description", "examples", "frameworks", "id", "languages", "name", "owaspCategory", "recommendation", "regex", "regexPatterns", "severity", "supportsAst", "type"]
18:49:03.206 request_id=GE6XX-STdzv95nQAAGAD [info] Sent 200 in 198µs
18:49:03.206 request_id=GE6XX-SXWND95nQAAGCD [info] GET /api/v1/patterns
18:49:03.206 request_id=GE6XX-SXWND95nQAAGCD [debug] Processing with RSOLVWeb.Api.V1.PatternController.index/2
  Parameters: %{"language" => "java"}
  Pipelines: [:api]
18:49:03.206 request_id=GE6XX-SXWND95nQAAGCD [info] Pattern API called with params: %{"language" => "java"}
18:49:03.206 request_id=GE6XX-SXWND95nQAAGCD [info] Language: java, Format: standard
18:49:03.206 request_id=GE6XX-SXWND95nQAAGCD [info] Has API key: false
18:49:03.206 request_id=GE6XX-SXWND95nQAAGCD [info] Getting demo patterns for java
18:49:03.206 request_id=GE6XX-SXWND95nQAAGCD [info] Retrieved 3 patterns
18:49:03.206 request_id=GE6XX-SXWND95nQAAGCD [debug] Formatting pattern: "java-sql-injection-statement"
18:49:03.206 request_id=GE6XX-SXWND95nQAAGCD [debug] Formatted pattern keys: ["cweId", "description", "examples", "frameworks", "id", "languages", "name", "owaspCategory", "recommendation", "regex", "regexPatterns", "severity", "supportsAst", "type"]
18:49:03.206 request_id=GE6XX-SXWND95nQAAGCD [debug] Formatting pattern: "java-xxe-documentbuilder"
18:49:03.206 request_id=GE6XX-SXWND95nQAAGCD [debug] Formatted pattern keys: ["cweId", "description", "examples", "frameworks", "id", "languages", "name", "owaspCategory", "recommendation", "regex", "regexPatterns", "severity", "supportsAst", "type"]
18:49:03.206 request_id=GE6XX-SXWND95nQAAGCD [debug] Formatting pattern: "java-weak-random"
18:49:03.206 request_id=GE6XX-SXWND95nQAAGCD [debug] Formatted pattern keys: ["cweId", "description", "examples", "frameworks", "id", "languages", "name", "owaspCategory", "recommendation", "regex", "regexPatterns", "severity", "supportsAst", "type"]
18:49:03.206 request_id=GE6XX-SXWND95nQAAGCD [info] Sent 200 in 199µs
18:49:03.206 request_id=GE6XX-SbQKX95nQAAGED [info] GET /api/v1/patterns
18:49:03.206 request_id=GE6XX-SbQKX95nQAAGED [debug] Processing with RSOLVWeb.Api.V1.PatternController.index/2
  Parameters: %{"language" => "elixir"}
  Pipelines: [:api]
18:49:03.206 request_id=GE6XX-SbQKX95nQAAGED [info] Pattern API called with params: %{"language" => "elixir"}
18:49:03.206 request_id=GE6XX-SbQKX95nQAAGED [info] Language: elixir, Format: standard
18:49:03.206 request_id=GE6XX-SbQKX95nQAAGED [info] Has API key: false
18:49:03.206 request_id=GE6XX-SbQKX95nQAAGED [info] Getting demo patterns for elixir
18:49:03.206 request_id=GE6XX-SbQKX95nQAAGED [info] Retrieved 1 patterns
18:49:03.206 request_id=GE6XX-SbQKX95nQAAGED [debug] Formatting pattern: "elixir-sql-injection-interpolation"
18:49:03.206 request_id=GE6XX-SbQKX95nQAAGED [debug] Formatted pattern keys: ["cweId", "description", "examples", "frameworks", "id", "languages", "name", "owaspCategory", "recommendation", "regex", "regexPatterns", "severity", "supportsAst", "type"]
18:49:03.206 request_id=GE6XX-SbQKX95nQAAGED [info] Sent 200 in 130µs
18:49:03.206 request_id=GE6XX-Sd1zX95nQAAGGD [info] GET /api/v1/patterns
18:49:03.206 request_id=GE6XX-Sd1zX95nQAAGGD [debug] Processing with RSOLVWeb.Api.V1.PatternController.index/2
  Parameters: %{"language" => "php"}
  Pipelines: [:api]
18:49:03.206 request_id=GE6XX-Sd1zX95nQAAGGD [info] Pattern API called with params: %{"language" => "php"}
18:49:03.206 request_id=GE6XX-Sd1zX95nQAAGGD [info] Language: php, Format: standard
18:49:03.206 request_id=GE6XX-Sd1zX95nQAAGGD [info] Has API key: false
18:49:03.207 request_id=GE6XX-Sd1zX95nQAAGGD [info] Getting demo patterns for php
.18:49:03.207 request_id=GE6XX-Sd1zX95nQAAGGD [info] Retrieved 3 patterns
18:49:03.207 request_id=GE6XX-Sd1zX95nQAAGGD [debug] Formatting pattern: "php-sql-injection-concat"
18:49:03.207 request_id=GE6XX-Sd1zX95nQAAGGD [debug] Formatted pattern keys: ["cweId", "description", "examples", "frameworks", "id", "languages", "name", "owaspCategory", "recommendation", "regex", "regexPatterns", "severity", "supportsAst", "type"]
18:49:03.207 request_id=GE6XX-Sd1zX95nQAAGGD [debug] Formatting pattern: "php-xss-echo"
18:49:03.207 request_id=GE6XX-Sd1zX95nQAAGGD [debug] Formatted pattern keys: ["cweId", "description", "examples", "frameworks", "id", "languages", "name", "owaspCategory", "recommendation", "regex", "regexPatterns", "severity", "supportsAst", "type"]
18:49:03.207 request_id=GE6XX-Sd1zX95nQAAGGD [debug] Formatting pattern: "php-file-inclusion"
18:49:03.207 request_id=GE6XX-Sd1zX95nQAAGGD [debug] Formatted pattern keys: ["cweId", "description", "examples", "frameworks", "id", "languages", "name", "owaspCategory", "recommendation", "regex", "regexPatterns", "severity", "supportsAst", "type"]
18:49:03.207 request_id=GE6XX-Sd1zX95nQAAGGD [info] Sent 200 in 178µs
18:49:03.207 request_id=GE6XX-Sk0bneTb4AAFuK [info] GET /api/v1/patterns
18:49:03.210 request_id=GE6XX-Sk0bneTb4AAFuK [debug] Processing with RSOLVWeb.Api.V1.PatternController.index/2
  Parameters: %{"language" => "javascript"}
  Pipelines: [:api]
18:49:03.210 request_id=GE6XX-Sk0bneTb4AAFuK [info] Pattern API called with params: %{"language" => "javascript"}
18:49:03.210 request_id=GE6XX-Sk0bneTb4AAFuK [info] Language: javascript, Format: standard
18:49:03.210 request_id=GE6XX-Sk0bneTb4AAFuK [info] Has API key: true
18:49:03.210 request_id=GE6XX-Sk0bneTb4AAFuK [info] Getting enhanced patterns for javascript
18:49:03.210 request_id=GE6XX-Sk0bneTb4AAFuK [info] Retrieved 30 patterns
18:49:03.210 request_id=GE6XX-Sk0bneTb4AAFuK [debug] Formatting pattern: "js-sql-injection-concat"
18:49:03.210 request_id=GE6XX-Sk0bneTb4AAFuK [debug] Formatted pattern keys: ["cweId", "description", "examples", "frameworks", "id", "languages", "name", "owaspCategory", "recommendation", "regex", "regexPatterns", "severity", "supportsAst", "type"]
18:49:03.210 request_id=GE6XX-Sk0bneTb4AAFuK [debug] Formatting pattern: "js-sql-injection-interpolation"
18:49:03.210 request_id=GE6XX-Sk0bneTb4AAFuK [debug] Formatted pattern keys: ["cweId", "description", "examples", "frameworks", "id", "languages", "name", "owaspCategory", "recommendation", "regex", "regexPatterns", "severity", "supportsAst", "type"]
18:49:03.210 request_id=GE6XX-Sk0bneTb4AAFuK [debug] Formatting pattern: "js-xss-innerhtml"
18:49:03.210 request_id=GE6XX-Sk0bneTb4AAFuK [debug] Formatted pattern keys: ["cweId", "description", "examples", "frameworks", "id", "languages", "name", "owaspCategory", "recommendation", "regex", "regexPatterns", "severity", "supportsAst", "type"]
18:49:03.210 request_id=GE6XX-Sk0bneTb4AAFuK [debug] Formatting pattern: "js-xss-document-write"
18:49:03.210 request_id=GE6XX-Sk0bneTb4AAFuK [debug] Formatted pattern keys: ["cweId", "description", "examples", "frameworks", "id", "languages", "name", "owaspCategory", "recommendation", "regex", "regexPatterns", "severity", "supportsAst", "type"]
18:49:03.210 request_id=GE6XX-Sk0bneTb4AAFuK [debug] Formatting pattern: "js-xss-jquery-html"
18:49:03.210 request_id=GE6XX-Sk0bneTb4AAFuK [debug] Formatted pattern keys: ["cweId", "description", "examples", "frameworks", "id", "languages", "name", "owaspCategory", "recommendation", "regex", "regexPatterns", "severity", "supportsAst", "type"]
18:49:03.210 request_id=GE6XX-Sk0bneTb4AAFuK [debug] Formatting pattern: "js-xss-react-dangerously"
18:49:03.210 request_id=GE6XX-Sk0bneTb4AAFuK [debug] Formatted pattern keys: ["cweId", "description", "examples", "frameworks", "id", "languages", "name", "owaspCategory", "recommendation", "regex", "regexPatterns", "severity", "supportsAst", "type"]
18:49:03.210 request_id=GE6XX-Sk0bneTb4AAFuK [debug] Formatting pattern: "js-xss-dom-manipulation"
18:49:03.210 request_id=GE6XX-Sk0bneTb4AAFuK [debug] Formatted pattern keys: ["cweId", "description", "examples", "frameworks", "id", "languages", "name", "owaspCategory", "recommendation", "regex", "regexPatterns", "severity", "supportsAst", "type"]
18:49:03.210 request_id=GE6XX-Sk0bneTb4AAFuK [debug] Formatting pattern: "js-command-injection-exec"
18:49:03.210 request_id=GE6XX-Sk0bneTb4AAFuK [debug] Formatted pattern keys: ["cweId", "description", "examples", "frameworks", "id", "languages", "name", "owaspCategory", "recommendation", "regex", "regexPatterns", "severity", "supportsAst", "type"]
18:49:03.210 request_id=GE6XX-Sk0bneTb4AAFuK [debug] Formatting pattern: "js-command-injection-spawn"
18:49:03.210 request_id=GE6XX-Sk0bneTb4AAFuK [debug] Formatted pattern keys: ["cweId", "description", "examples", "frameworks", "id", "languages", "name", "owaspCategory", "recommendation", "regex", "regexPatterns", "severity", "supportsAst", "type"]
18:49:03.210 request_id=GE6XX-Sk0bneTb4AAFuK [debug] Formatting pattern: "js-path-traversal-join"
18:49:03.210 request_id=GE6XX-Sk0bneTb4AAFuK [debug] Formatted pattern keys: ["cweId", "description", "examples", "frameworks", "id", "languages", "name", "owaspCategory", "recommendation", "regex", "regexPatterns", "severity", "supportsAst", "type"]
18:49:03.210 request_id=GE6XX-Sk0bneTb4AAFuK [debug] Formatting pattern: "js-path-traversal-concat"
18:49:03.210 request_id=GE6XX-Sk0bneTb4AAFuK [debug] Formatted pattern keys: ["cweId", "description", "examples", "frameworks", "id", "languages", "name", "owaspCategory", "recommendation", "regex", "regexPatterns", "severity", "supportsAst", "type"]
18:49:03.210 request_id=GE6XX-Sk0bneTb4AAFuK [debug] Formatting pattern: "js-weak-crypto-md5"
18:49:03.210 request_id=GE6XX-Sk0bneTb4AAFuK [debug] Formatted pattern keys: ["cweId", "description", "examples", "frameworks", "id", "languages", "name", "owaspCategory", "recommendation", "regex", "regexPatterns", "severity", "supportsAst", "type"]
18:49:03.210 request_id=GE6XX-Sk0bneTb4AAFuK [debug] Formatting pattern: "js-weak-crypto-sha1"
18:49:03.210 request_id=GE6XX-Sk0bneTb4AAFuK [debug] Formatted pattern keys: ["cweId", "description", "examples", "frameworks", "id", "languages", "name", "owaspCategory", "recommendation", "regex", "regexPatterns", "severity", "supportsAst", "type"]
18:49:03.210 request_id=GE6XX-Sk0bneTb4AAFuK [debug] Formatting pattern: "js-hardcoded-secret-password"
18:49:03.210 request_id=GE6XX-Sk0bneTb4AAFuK [debug] Formatted pattern keys: ["cweId", "description", "examples", "frameworks", "id", "languages", "name", "owaspCategory", "recommendation", "regex", "regexPatterns", "severity", "supportsAst", "type"]
18:49:03.210 request_id=GE6XX-Sk0bneTb4AAFuK [debug] Formatting pattern: "js-hardcoded-secret-api-key"
18:49:03.210 request_id=GE6XX-Sk0bneTb4AAFuK [debug] Formatted pattern keys: ["cweId", "description", "examples", "frameworks", "id", "languages", "name", "owaspCategory", "recommendation", "regex", "regexPatterns", "severity", "supportsAst", "type"]
18:49:03.210 request_id=GE6XX-Sk0bneTb4AAFuK [debug] Formatting pattern: "js-eval-user-input"
18:49:03.210 request_id=GE6XX-Sk0bneTb4AAFuK [debug] Formatted pattern keys: ["cweId", "description", "examples", "frameworks", "id", "languages", "name", "owaspCategory", "recommendation", "regex", "regexPatterns", "severity", "supportsAst", "type"]
18:49:03.210 request_id=GE6XX-Sk0bneTb4AAFuK [debug] Formatting pattern: "js-unsafe-regex"
18:49:03.210 request_id=GE6XX-Sk0bneTb4AAFuK [debug] Formatted pattern keys: ["cweId", "description", "examples", "frameworks", "id", "languages", "name", "owaspCategory", "recommendation", "regex", "regexPatterns", "severity", "supportsAst", "type"]
18:49:03.210 request_id=GE6XX-Sk0bneTb4AAFuK [debug] Formatting pattern: "js-open-redirect"
18:49:03.210 request_id=GE6XX-Sk0bneTb4AAFuK [debug] Formatted pattern keys: ["cweId", "description", "examples", "frameworks", "id", "languages", "name", "owaspCategory", "recommendation", "regex", "regexPatterns", "severity", "supportsAst", "type"]
18:49:03.210 request_id=GE6XX-Sk0bneTb4AAFuK [debug] Formatting pattern: "js-xxe-external-entities"
18:49:03.210 request_id=GE6XX-Sk0bneTb4AAFuK [debug] Formatted pattern keys: ["cweId", "description", "examples", "frameworks", "id", "languages", "name", "owaspCategory", "recommendation", "regex", "regexPatterns", "severity", "supportsAst", "type"]
18:49:03.210 request_id=GE6XX-Sk0bneTb4AAFuK [debug] Formatting pattern: "js-prototype-pollution"
18:49:03.211 request_id=GE6XX-Sk0bneTb4AAFuK [debug] Formatted pattern keys: ["cweId", "description", "examples", "frameworks", "id", "languages", "name", "owaspCategory", "recommendation", "regex", "regexPatterns", "severity", "supportsAst", "type"]
18:49:03.211 request_id=GE6XX-Sk0bneTb4AAFuK [debug] Formatting pattern: "js-insecure-random"
18:49:03.211 request_id=GE6XX-Sk0bneTb4AAFuK [debug] Formatted pattern keys: ["cweId", "description", "examples", "frameworks", "id", "languages", "name", "owaspCategory", "recommendation", "regex", "regexPatterns", "severity", "supportsAst", "type"]
18:49:03.211 request_id=GE6XX-Sk0bneTb4AAFuK [debug] Formatting pattern: "js-timing-attack"
18:49:03.211 request_id=GE6XX-Sk0bneTb4AAFuK [debug] Formatted pattern keys: ["cweId", "description", "examples", "frameworks", "id", "languages", "name", "owaspCategory", "recommendation", "regex", "regexPatterns", "severity", "supportsAst", "type"]
18:49:03.211 request_id=GE6XX-Sk0bneTb4AAFuK [debug] Formatting pattern: "js-nosql-injection"
18:49:03.211 request_id=GE6XX-Sk0bneTb4AAFuK [debug] Formatted pattern keys: ["cweId", "description", "examples", "frameworks", "id", "languages", "name", "owaspCategory", "recommendation", "regex", "regexPatterns", "severity", "supportsAst", "type"]
18:49:03.211 request_id=GE6XX-Sk0bneTb4AAFuK [debug] Formatting pattern: "js-ldap-injection"
18:49:03.211 request_id=GE6XX-Sk0bneTb4AAFuK [debug] Formatted pattern keys: ["cweId", "description", "examples", "frameworks", "id", "languages", "name", "owaspCategory", "recommendation", "regex", "regexPatterns", "severity", "supportsAst", "type"]
18:49:03.211 request_id=GE6XX-Sk0bneTb4AAFuK [debug] Formatting pattern: "js-xpath-injection"
18:49:03.211 request_id=GE6XX-Sk0bneTb4AAFuK [debug] Formatted pattern keys: ["cweId", "description", "examples", "frameworks", "id", "languages", "name", "owaspCategory", "recommendation", "regex", "regexPatterns", "severity", "supportsAst", "type"]
18:49:03.211 request_id=GE6XX-Sk0bneTb4AAFuK [debug] Formatting pattern: "js-ssrf"
18:49:03.211 request_id=GE6XX-Sk0bneTb4AAFuK [debug] Formatted pattern keys: ["cweId", "description", "examples", "frameworks", "id", "languages", "name", "owaspCategory", "recommendation", "regex", "regexPatterns", "severity", "supportsAst", "type"]
18:49:03.211 request_id=GE6XX-Sk0bneTb4AAFuK [debug] Formatting pattern: "js-insecure-deserialization"
18:49:03.211 request_id=GE6XX-Sk0bneTb4AAFuK [debug] Formatted pattern keys: ["cweId", "description", "examples", "frameworks", "id", "languages", "name", "owaspCategory", "recommendation", "regex", "regexPatterns", "severity", "supportsAst", "type"]
18:49:03.211 request_id=GE6XX-Sk0bneTb4AAFuK [debug] Formatting pattern: "js-missing-csrf"
18:49:03.211 request_id=GE6XX-Sk0bneTb4AAFuK [debug] Formatted pattern keys: ["cweId", "description", "examples", "frameworks", "id", "languages", "name", "owaspCategory", "recommendation", "regex", "regexPatterns", "severity", "supportsAst", "type"]
18:49:03.211 request_id=GE6XX-Sk0bneTb4AAFuK [debug] Formatting pattern: "js-jwt-none-algorithm"
18:49:03.211 request_id=GE6XX-Sk0bneTb4AAFuK [debug] Formatted pattern keys: ["cweId", "description", "examples", "frameworks", "id", "languages", "name", "owaspCategory", "recommendation", "regex", "regexPatterns", "severity", "supportsAst", "type"]
18:49:03.211 request_id=GE6XX-Sk0bneTb4AAFuK [debug] Formatting pattern: "js-debug-console-log"
18:49:03.211 request_id=GE6XX-Sk0bneTb4AAFuK [debug] Formatted pattern keys: ["cweId", "description", "examples", "frameworks", "id", "languages", "name", "owaspCategory", "recommendation", "regex", "regexPatterns", "severity", "supportsAst", "type"]
18:49:03.211 request_id=GE6XX-Sk0bneTb4AAFuK [info] Sent 200 in 4ms
18:49:03.213 request_id=GE6XX-UA6s3kEf8AADUC [info] GET /api/v1/patterns
18:49:03.213 request_id=GE6XX-UA6s3kEf8AADUC [debug] Processing with RSOLVWeb.Api.V1.PatternController.index/2
  Parameters: %{"language" => "javascript"}
  Pipelines: [:api]
18:49:03.213 request_id=GE6XX-UA6s3kEf8AADUC [info] Pattern API called with params: %{"language" => "javascript"}
18:49:03.213 request_id=GE6XX-UA6s3kEf8AADUC [info] Language: javascript, Format: standard
18:49:03.213 request_id=GE6XX-UA6s3kEf8AADUC [info] Has API key: true
18:49:03.213 request_id=GE6XX-UA6s3kEf8AADUC [info] Getting enhanced patterns for javascript
18:49:03.213 request_id=GE6XX-UA6s3kEf8AADUC [info] Retrieved 30 patterns
18:49:03.213 request_id=GE6XX-UA6s3kEf8AADUC [debug] Formatting pattern: "js-sql-injection-concat"
18:49:03.213 request_id=GE6XX-UA6s3kEf8AADUC [debug] Formatted pattern keys: ["cweId", "description", "examples", "frameworks", "id", "languages", "name", "owaspCategory", "recommendation", "regex", "regexPatterns", "severity", "supportsAst", "type"]
18:49:03.213 request_id=GE6XX-UA6s3kEf8AADUC [debug] Formatting pattern: "js-sql-injection-interpolation"
18:49:03.213 request_id=GE6XX-UA6s3kEf8AADUC [debug] Formatted pattern keys: ["cweId", "description", "examples", "frameworks", "id", "languages", "name", "owaspCategory", "recommendation", "regex", "regexPatterns", "severity", "supportsAst", "type"]
18:49:03.213 request_id=GE6XX-UA6s3kEf8AADUC [debug] Formatting pattern: "js-xss-innerhtml"
18:49:03.213 request_id=GE6XX-UA6s3kEf8AADUC [debug] Formatted pattern keys: ["cweId", "description", "examples", "frameworks", "id", "languages", "name", "owaspCategory", "recommendation", "regex", "regexPatterns", "severity", "supportsAst", "type"]
18:49:03.213 request_id=GE6XX-UA6s3kEf8AADUC [debug] Formatting pattern: "js-xss-document-write"
18:49:03.213 request_id=GE6XX-UA6s3kEf8AADUC [debug] Formatted pattern keys: ["cweId", "description", "examples", "frameworks", "id", "languages", "name", "owaspCategory", "recommendation", "regex", "regexPatterns", "severity", "supportsAst", "type"]
18:49:03.213 request_id=GE6XX-UA6s3kEf8AADUC [debug] Formatting pattern: "js-xss-jquery-html"
18:49:03.213 request_id=GE6XX-UA6s3kEf8AADUC [debug] Formatted pattern keys: ["cweId", "description", "examples", "frameworks", "id", "languages", "name", "owaspCategory", "recommendation", "regex", "regexPatterns", "severity", "supportsAst", "type"]
18:49:03.213 request_id=GE6XX-UA6s3kEf8AADUC [debug] Formatting pattern: "js-xss-react-dangerously"
18:49:03.213 request_id=GE6XX-UA6s3kEf8AADUC [debug] Formatted pattern keys: ["cweId", "description", "examples", "frameworks", "id", "languages", "name", "owaspCategory", "recommendation", "regex", "regexPatterns", "severity", "supportsAst", "type"]
18:49:03.213 request_id=GE6XX-UA6s3kEf8AADUC [debug] Formatting pattern: "js-xss-dom-manipulation"
18:49:03.213 request_id=GE6XX-UA6s3kEf8AADUC [debug] Formatted pattern keys: ["cweId", "description", "examples", "frameworks", "id", "languages", "name", "owaspCategory", "recommendation", "regex", "regexPatterns", "severity", "supportsAst", "type"]
18:49:03.213 request_id=GE6XX-UA6s3kEf8AADUC [debug] Formatting pattern: "js-command-injection-exec"
18:49:03.213 request_id=GE6XX-UA6s3kEf8AADUC [debug] Formatted pattern keys: ["cweId", "description", "examples", "frameworks", "id", "languages", "name", "owaspCategory", "recommendation", "regex", "regexPatterns", "severity", "supportsAst", "type"]
18:49:03.213 request_id=GE6XX-UA6s3kEf8AADUC [debug] Formatting pattern: "js-command-injection-spawn"
18:49:03.213 request_id=GE6XX-UA6s3kEf8AADUC [debug] Formatted pattern keys: ["cweId", "description", "examples", "frameworks", "id", "languages", "name", "owaspCategory", "recommendation", "regex", "regexPatterns", "severity", "supportsAst", "type"]
18:49:03.213 request_id=GE6XX-UA6s3kEf8AADUC [debug] Formatting pattern: "js-path-traversal-join"
18:49:03.213 request_id=GE6XX-UA6s3kEf8AADUC [debug] Formatted pattern keys: ["cweId", "description", "examples", "frameworks", "id", "languages", "name", "owaspCategory", "recommendation", "regex", "regexPatterns", "severity", "supportsAst", "type"]
18:49:03.213 request_id=GE6XX-UA6s3kEf8AADUC [debug] Formatting pattern: "js-path-traversal-concat"
18:49:03.214 request_id=GE6XX-UA6s3kEf8AADUC [debug] Formatted pattern keys: ["cweId", "description", "examples", "frameworks", "id", "languages", "name", "owaspCategory", "recommendation", "regex", "regexPatterns", "severity", "supportsAst", "type"]
18:49:03.214 request_id=GE6XX-UA6s3kEf8AADUC [debug] Formatting pattern: "js-weak-crypto-md5"
18:49:03.214 request_id=GE6XX-UA6s3kEf8AADUC [debug] Formatted pattern keys: ["cweId", "description", "examples", "frameworks", "id", "languages", "name", "owaspCategory", "recommendation", "regex", "regexPatterns", "severity", "supportsAst", "type"]
18:49:03.214 request_id=GE6XX-UA6s3kEf8AADUC [debug] Formatting pattern: "js-weak-crypto-sha1"
18:49:03.214 request_id=GE6XX-UA6s3kEf8AADUC [debug] Formatted pattern keys: ["cweId", "description", "examples", "frameworks", "id", "languages", "name", "owaspCategory", "recommendation", "regex", "regexPatterns", "severity", "supportsAst", "type"]
18:49:03.214 request_id=GE6XX-UA6s3kEf8AADUC [debug] Formatting pattern: "js-hardcoded-secret-password"
18:49:03.214 request_id=GE6XX-UA6s3kEf8AADUC [debug] Formatted pattern keys: ["cweId", "description", "examples", "frameworks", "id", "languages", "name", "owaspCategory", "recommendation", "regex", "regexPatterns", "severity", "supportsAst", "type"]
18:49:03.214 request_id=GE6XX-UA6s3kEf8AADUC [debug] Formatting pattern: "js-hardcoded-secret-api-key"
18:49:03.214 request_id=GE6XX-UA6s3kEf8AADUC [debug] Formatted pattern keys: ["cweId", "description", "examples", "frameworks", "id", "languages", "name", "owaspCategory", "recommendation", "regex", "regexPatterns", "severity", "supportsAst", "type"]
18:49:03.214 request_id=GE6XX-UA6s3kEf8AADUC [debug] Formatting pattern: "js-eval-user-input"
18:49:03.214 request_id=GE6XX-UA6s3kEf8AADUC [debug] Formatted pattern keys: ["cweId", "description", "examples", "frameworks", "id", "languages", "name", "owaspCategory", "recommendation", "regex", "regexPatterns", "severity", "supportsAst", "type"]
18:49:03.214 request_id=GE6XX-UA6s3kEf8AADUC [debug] Formatting pattern: "js-unsafe-regex"
18:49:03.214 request_id=GE6XX-UA6s3kEf8AADUC [debug] Formatted pattern keys: ["cweId", "description", "examples", "frameworks", "id", "languages", "name", "owaspCategory", "recommendation", "regex", "regexPatterns", "severity", "supportsAst", "type"]
18:49:03.214 request_id=GE6XX-UA6s3kEf8AADUC [debug] Formatting pattern: "js-open-redirect"
18:49:03.214 request_id=GE6XX-UA6s3kEf8AADUC [debug] Formatted pattern keys: ["cweId", "description", "examples", "frameworks", "id", "languages", "name", "owaspCategory", "recommendation", "regex", "regexPatterns", "severity", "supportsAst", "type"]
18:49:03.214 request_id=GE6XX-UA6s3kEf8AADUC [debug] Formatting pattern: "js-xxe-external-entities"
18:49:03.214 request_id=GE6XX-UA6s3kEf8AADUC [debug] Formatted pattern keys: ["cweId", "description", "examples", "frameworks", "id", "languages", "name", "owaspCategory", "recommendation", "regex", "regexPatterns", "severity", "supportsAst", "type"]
18:49:03.214 request_id=GE6XX-UA6s3kEf8AADUC [debug] Formatting pattern: "js-prototype-pollution"
18:49:03.214 request_id=GE6XX-UA6s3kEf8AADUC [debug] Formatted pattern keys: ["cweId", "description", "examples", "frameworks", "id", "languages", "name", "owaspCategory", "recommendation", "regex", "regexPatterns", "severity", "supportsAst", "type"]
18:49:03.214 request_id=GE6XX-UA6s3kEf8AADUC [debug] Formatting pattern: "js-insecure-random"
18:49:03.214 request_id=GE6XX-UA6s3kEf8AADUC [debug] Formatted pattern keys: ["cweId", "description", "examples", "frameworks", "id", "languages", "name", "owaspCategory", "recommendation", "regex", "regexPatterns", "severity", "supportsAst", "type"]
18:49:03.214 request_id=GE6XX-UA6s3kEf8AADUC [debug] Formatting pattern: "js-timing-attack"
18:49:03.214 request_id=GE6XX-UA6s3kEf8AADUC [debug] Formatted pattern keys: ["cweId", "description", "examples", "frameworks", "id", "languages", "name", "owaspCategory", "recommendation", "regex", "regexPatterns", "severity", "supportsAst", "type"]
18:49:03.214 request_id=GE6XX-UA6s3kEf8AADUC [debug] Formatting pattern: "js-nosql-injection"
18:49:03.214 request_id=GE6XX-UA6s3kEf8AADUC [debug] Formatted pattern keys: ["cweId", "description", "examples", "frameworks", "id", "languages", "name", "owaspCategory", "recommendation", "regex", "regexPatterns", "severity", "supportsAst", "type"]
18:49:03.214 request_id=GE6XX-UA6s3kEf8AADUC [debug] Formatting pattern: "js-ldap-injection"
18:49:03.214 request_id=GE6XX-UA6s3kEf8AADUC [debug] Formatted pattern keys: ["cweId", "description", "examples", "frameworks", "id", "languages", "name", "owaspCategory", "recommendation", "regex", "regexPatterns", "severity", "supportsAst", "type"]
18:49:03.214 request_id=GE6XX-UA6s3kEf8AADUC [debug] Formatting pattern: "js-xpath-injection"
18:49:03.214 request_id=GE6XX-UA6s3kEf8AADUC [debug] Formatted pattern keys: ["cweId", "description", "examples", "frameworks", "id", "languages", "name", "owaspCategory", "recommendation", "regex", "regexPatterns", "severity", "supportsAst", "type"]
18:49:03.214 request_id=GE6XX-UA6s3kEf8AADUC [debug] Formatting pattern: "js-ssrf"
18:49:03.214 request_id=GE6XX-UA6s3kEf8AADUC [debug] Formatted pattern keys: ["cweId", "description", "examples", "frameworks", "id", "languages", "name", "owaspCategory", "recommendation", "regex", "regexPatterns", "severity", "supportsAst", "type"]
18:49:03.214 request_id=GE6XX-UA6s3kEf8AADUC [debug] Formatting pattern: "js-insecure-deserialization"
18:49:03.214 request_id=GE6XX-UA6s3kEf8AADUC [debug] Formatted pattern keys: ["cweId", "description", "examples", "frameworks", "id", "languages", "name", "owaspCategory", "recommendation", "regex", "regexPatterns", "severity", "supportsAst", "type"]
18:49:03.214 request_id=GE6XX-UA6s3kEf8AADUC [debug] Formatting pattern: "js-missing-csrf"
18:49:03.214 request_id=GE6XX-UA6s3kEf8AADUC [debug] Formatted pattern keys: ["cweId", "description", "examples", "frameworks", "id", "languages", "name", "owaspCategory", "recommendation", "regex", "regexPatterns", "severity", "supportsAst", "type"]
18:49:03.214 request_id=GE6XX-UA6s3kEf8AADUC [debug] Formatting pattern: "js-jwt-none-algorithm"
18:49:03.214 request_id=GE6XX-UA6s3kEf8AADUC [debug] Formatted pattern keys: ["cweId", "description", "examples", "frameworks", "id", "languages", "name", "owaspCategory", "recommendation", "regex", "regexPatterns", "severity", "supportsAst", "type"]
18:49:03.214 request_id=GE6XX-UA6s3kEf8AADUC [debug] Formatting pattern: "js-debug-console-log"
18:49:03.214 request_id=GE6XX-UA6s3kEf8AADUC [debug] Formatted pattern keys: ["cweId", "description", "examples", "frameworks", "id", "languages", "name", "owaspCategory", "recommendation", "regex", "regexPatterns", "severity", "supportsAst", "type"]
18:49:03.214 request_id=GE6XX-UA6s3kEf8AADUC [info] Sent 200 in 1ms
18:49:03.216 request_id=GE6XX-UtmrLkEf8AAAAN [info] GET /api/v1/patterns
18:49:03.217 request_id=GE6XX-UtmrLkEf8AAAAN [debug] Processing with RSOLVWeb.Api.V1.PatternController.index/2
  Parameters: %{"language" => "javascript"}
  Pipelines: [:api]
18:49:03.217 request_id=GE6XX-UtmrLkEf8AAAAN [info] Pattern API called with params: %{"language" => "javascript"}
18:49:03.217 request_id=GE6XX-UtmrLkEf8AAAAN [info] Language: javascript, Format: standard
18:49:03.217 request_id=GE6XX-UtmrLkEf8AAAAN [info] Has API key: true
18:49:03.217 request_id=GE6XX-UtmrLkEf8AAAAN [info] Getting enhanced patterns for javascript
18:49:03.217 request_id=GE6XX-UtmrLkEf8AAAAN [info] Retrieved 30 patterns
18:49:03.217 request_id=GE6XX-UtmrLkEf8AAAAN [debug] Formatting pattern: "js-sql-injection-concat"
18:49:03.217 request_id=GE6XX-UtmrLkEf8AAAAN [debug] Formatted pattern keys: ["cweId", "description", "examples", "frameworks", "id", "languages", "name", "owaspCategory", "recommendation", "regex", "regexPatterns", "severity", "supportsAst", "type"]
18:49:03.217 request_id=GE6XX-UtmrLkEf8AAAAN [debug] Formatting pattern: "js-sql-injection-interpolation"
18:49:03.217 request_id=GE6XX-UtmrLkEf8AAAAN [debug] Formatted pattern keys: ["cweId", "description", "examples", "frameworks", "id", "languages", "name", "owaspCategory", "recommendation", "regex", "regexPatterns", "severity", "supportsAst", "type"]
18:49:03.217 request_id=GE6XX-UtmrLkEf8AAAAN [debug] Formatting pattern: "js-xss-innerhtml"
18:49:03.217 request_id=GE6XX-UtmrLkEf8AAAAN [debug] Formatted pattern keys: ["cweId", "description", "examples", "frameworks", "id", "languages", "name", "owaspCategory", "recommendation", "regex", "regexPatterns", "severity", "supportsAst", "type"]
18:49:03.217 request_id=GE6XX-UtmrLkEf8AAAAN [debug] Formatting pattern: "js-xss-document-write"
18:49:03.217 request_id=GE6XX-UtmrLkEf8AAAAN [debug] Formatted pattern keys: ["cweId", "description", "examples", "frameworks", "id", "languages", "name", "owaspCategory", "recommendation", "regex", "regexPatterns", "severity", "supportsAst", "type"]
18:49:03.217 request_id=GE6XX-UtmrLkEf8AAAAN [debug] Formatting pattern: "js-xss-jquery-html"
18:49:03.217 request_id=GE6XX-UtmrLkEf8AAAAN [debug] Formatted pattern keys: ["cweId", "description", "examples", "frameworks", "id", "languages", "name", "owaspCategory", "recommendation", "regex", "regexPatterns", "severity", "supportsAst", "type"]
18:49:03.217 request_id=GE6XX-UtmrLkEf8AAAAN [debug] Formatting pattern: "js-xss-react-dangerously"
18:49:03.217 request_id=GE6XX-UtmrLkEf8AAAAN [debug] Formatted pattern keys: ["cweId", "description", "examples", "frameworks", "id", "languages", "name", "owaspCategory", "recommendation", "regex", "regexPatterns", "severity", "supportsAst", "type"]
18:49:03.217 request_id=GE6XX-UtmrLkEf8AAAAN [debug] Formatting pattern: "js-xss-dom-manipulation"
18:49:03.218 request_id=GE6XX-UtmrLkEf8AAAAN [debug] Formatted pattern keys: ["cweId", "description", "examples", "frameworks", "id", "languages", "name", "owaspCategory", "recommendation", "regex", "regexPatterns", "severity", "supportsAst", "type"]
18:49:03.218 request_id=GE6XX-UtmrLkEf8AAAAN [debug] Formatting pattern: "js-command-injection-exec"
18:49:03.218 request_id=GE6XX-UtmrLkEf8AAAAN [debug] Formatted pattern keys: ["cweId", "description", "examples", "frameworks", "id", "languages", "name", "owaspCategory", "recommendation", "regex", "regexPatterns", "severity", "supportsAst", "type"]
18:49:03.218 request_id=GE6XX-UtmrLkEf8AAAAN [debug] Formatting pattern: "js-command-injection-spawn"
18:49:03.218 request_id=GE6XX-UtmrLkEf8AAAAN [debug] Formatted pattern keys: ["cweId", "description", "examples", "frameworks", "id", "languages", "name", "owaspCategory", "recommendation", "regex", "regexPatterns", "severity", "supportsAst", "type"]
18:49:03.218 request_id=GE6XX-UtmrLkEf8AAAAN [debug] Formatting pattern: "js-path-traversal-join"
18:49:03.218 request_id=GE6XX-UtmrLkEf8AAAAN [debug] Formatted pattern keys: ["cweId", "description", "examples", "frameworks", "id", "languages", "name", "owaspCategory", "recommendation", "regex", "regexPatterns", "severity", "supportsAst", "type"]
18:49:03.218 request_id=GE6XX-UtmrLkEf8AAAAN [debug] Formatting pattern: "js-path-traversal-concat"
18:49:03.218 request_id=GE6XX-UtmrLkEf8AAAAN [debug] Formatted pattern keys: ["cweId", "description", "examples", "frameworks", "id", "languages", "name", "owaspCategory", "recommendation", "regex", "regexPatterns", "severity", "supportsAst", "type"]
18:49:03.218 request_id=GE6XX-UtmrLkEf8AAAAN [debug] Formatting pattern: "js-weak-crypto-md5"
18:49:03.218 request_id=GE6XX-UtmrLkEf8AAAAN [debug] Formatted pattern keys: ["cweId", "description", "examples", "frameworks", "id", "languages", "name", "owaspCategory", "recommendation", "regex", "regexPatterns", "severity", "supportsAst", "type"]
18:49:03.218 request_id=GE6XX-UtmrLkEf8AAAAN [debug] Formatting pattern: "js-weak-crypto-sha1"
18:49:03.218 request_id=GE6XX-UtmrLkEf8AAAAN [debug] Formatted pattern keys: ["cweId", "description", "examples", "frameworks", "id", "languages", "name", "owaspCategory", "recommendation", "regex", "regexPatterns", "severity", "supportsAst", "type"]
18:49:03.218 request_id=GE6XX-UtmrLkEf8AAAAN [debug] Formatting pattern: "js-hardcoded-secret-password"
18:49:03.218 request_id=GE6XX-UtmrLkEf8AAAAN [debug] Formatted pattern keys: ["cweId", "description", "examples", "frameworks", "id", "languages", "name", "owaspCategory", "recommendation", "regex", "regexPatterns", "severity", "supportsAst", "type"]
18:49:03.218 request_id=GE6XX-UtmrLkEf8AAAAN [debug] Formatting pattern: "js-hardcoded-secret-api-key"
18:49:03.218 request_id=GE6XX-UtmrLkEf8AAAAN [debug] Formatted pattern keys: ["cweId", "description", "examples", "frameworks", "id", "languages", "name", "owaspCategory", "recommendation", "regex", "regexPatterns", "severity", "supportsAst", "type"]
18:49:03.218 request_id=GE6XX-UtmrLkEf8AAAAN [debug] Formatting pattern: "js-eval-user-input"
18:49:03.218 request_id=GE6XX-UtmrLkEf8AAAAN [debug] Formatted pattern keys: ["cweId", "description", "examples", "frameworks", "id", "languages", "name", "owaspCategory", "recommendation", "regex", "regexPatterns", "severity", "supportsAst", "type"]
18:49:03.218 request_id=GE6XX-UtmrLkEf8AAAAN [debug] Formatting pattern: "js-unsafe-regex"
18:49:03.218 request_id=GE6XX-UtmrLkEf8AAAAN [debug] Formatted pattern keys: ["cweId", "description", "examples", "frameworks", "id", "languages", "name", "owaspCategory", "recommendation", "regex", "regexPatterns", "severity", "supportsAst", "type"]
18:49:03.218 request_id=GE6XX-UtmrLkEf8AAAAN [debug] Formatting pattern: "js-open-redirect"
18:49:03.218 request_id=GE6XX-UtmrLkEf8AAAAN [debug] Formatted pattern keys: ["cweId", "description", "examples", "frameworks", "id", "languages", "name", "owaspCategory", "recommendation", "regex", "regexPatterns", "severity", "supportsAst", "type"]
18:49:03.218 request_id=GE6XX-UtmrLkEf8AAAAN [debug] Formatting pattern: "js-xxe-external-entities"
18:49:03.218 request_id=GE6XX-UtmrLkEf8AAAAN [debug] Formatted pattern keys: ["cweId", "description", "examples", "frameworks", "id", "languages", "name", "owaspCategory", "recommendation", "regex", "regexPatterns", "severity", "supportsAst", "type"]
18:49:03.218 request_id=GE6XX-UtmrLkEf8AAAAN [debug] Formatting pattern: "js-prototype-pollution"
18:49:03.218 request_id=GE6XX-UtmrLkEf8AAAAN [debug] Formatted pattern keys: ["cweId", "description", "examples", "frameworks", "id", "languages", "name", "owaspCategory", "recommendation", "regex", "regexPatterns", "severity", "supportsAst", "type"]
18:49:03.218 request_id=GE6XX-UtmrLkEf8AAAAN [debug] Formatting pattern: "js-insecure-random"
18:49:03.218 request_id=GE6XX-UtmrLkEf8AAAAN [debug] Formatted pattern keys: ["cweId", "description", "examples", "frameworks", "id", "languages", "name", "owaspCategory", "recommendation", "regex", "regexPatterns", "severity", "supportsAst", "type"]
18:49:03.218 request_id=GE6XX-UtmrLkEf8AAAAN [debug] Formatting pattern: "js-timing-attack"
18:49:03.218 request_id=GE6XX-UtmrLkEf8AAAAN [debug] Formatted pattern keys: ["cweId", "description", "examples", "frameworks", "id", "languages", "name", "owaspCategory", "recommendation", "regex", "regexPatterns", "severity", "supportsAst", "type"]
18:49:03.218 request_id=GE6XX-UtmrLkEf8AAAAN [debug] Formatting pattern: "js-nosql-injection"
18:49:03.219 request_id=GE6XX-UtmrLkEf8AAAAN [debug] Formatted pattern keys: ["cweId", "description", "examples", "frameworks", "id", "languages", "name", "owaspCategory", "recommendation", "regex", "regexPatterns", "severity", "supportsAst", "type"]
18:49:03.219 request_id=GE6XX-UtmrLkEf8AAAAN [debug] Formatting pattern: "js-ldap-injection"
18:49:03.219 request_id=GE6XX-UtmrLkEf8AAAAN [debug] Formatted pattern keys: ["cweId", "description", "examples", "frameworks", "id", "languages", "name", "owaspCategory", "recommendation", "regex", "regexPatterns", "severity", "supportsAst", "type"]
18:49:03.219 request_id=GE6XX-UtmrLkEf8AAAAN [debug] Formatting pattern: "js-xpath-injection"
.18:49:03.219 request_id=GE6XX-UtmrLkEf8AAAAN [debug] Formatted pattern keys: ["cweId", "description", "examples", "frameworks", "id", "languages", "name", "owaspCategory", "recommendation", "regex", "regexPatterns", "severity", "supportsAst", "type"]
18:49:03.219 request_id=GE6XX-UtmrLkEf8AAAAN [debug] Formatting pattern: "js-ssrf"
18:49:03.219 request_id=GE6XX-UtmrLkEf8AAAAN [debug] Formatted pattern keys: ["cweId", "description", "examples", "frameworks", "id", "languages", "name", "owaspCategory", "recommendation", "regex", "regexPatterns", "severity", "supportsAst", "type"]
18:49:03.219 request_id=GE6XX-UtmrLkEf8AAAAN [debug] Formatting pattern: "js-insecure-deserialization"
18:49:03.219 request_id=GE6XX-UtmrLkEf8AAAAN [debug] Formatted pattern keys: ["cweId", "description", "examples", "frameworks", "id", "languages", "name", "owaspCategory", "recommendation", "regex", "regexPatterns", "severity", "supportsAst", "type"]
18:49:03.219 request_id=GE6XX-UtmrLkEf8AAAAN [debug] Formatting pattern: "js-missing-csrf"
18:49:03.219 request_id=GE6XX-UtmrLkEf8AAAAN [debug] Formatted pattern keys: ["cweId", "description", "examples", "frameworks", "id", "languages", "name", "owaspCategory", "recommendation", "regex", "regexPatterns", "severity", "supportsAst", "type"]
18:49:03.219 request_id=GE6XX-UtmrLkEf8AAAAN [debug] Formatting pattern: "js-jwt-none-algorithm"
18:49:03.219 request_id=GE6XX-UtmrLkEf8AAAAN [debug] Formatted pattern keys: ["cweId", "description", "examples", "frameworks", "id", "languages", "name", "owaspCategory", "recommendation", "regex", "regexPatterns", "severity", "supportsAst", "type"]
18:49:03.219 request_id=GE6XX-UtmrLkEf8AAAAN [debug] Formatting pattern: "js-debug-console-log"
18:49:03.219 request_id=GE6XX-UtmrLkEf8AAAAN [debug] Formatted pattern keys: ["cweId", "description", "examples", "frameworks", "id", "languages", "name", "owaspCategory", "recommendation", "regex", "regexPatterns", "severity", "supportsAst", "type"]
18:49:03.219 request_id=GE6XX-UtmrLkEf8AAAAN [info] Sent 200 in 3ms
18:49:03.220 request_id=GE6XX-VuEgXhzgQAAHWB [info] GET /api/v1/patterns
18:49:03.220 request_id=GE6XX-VuEgXhzgQAAHWB [debug] Processing with RSOLVWeb.Api.V1.PatternController.index/2
  Parameters: %{"format" => "enhanced", "language" => "javascript"}
  Pipelines: [:api]
18:49:03.220 request_id=GE6XX-VuEgXhzgQAAHWB [info] Pattern API called with params: %{"format" => "enhanced", "language" => "javascript"}
18:49:03.220 request_id=GE6XX-VuEgXhzgQAAHWB [info] Language: javascript, Format: enhanced
18:49:03.220 request_id=GE6XX-VuEgXhzgQAAHWB [info] Has API key: true
18:49:03.220 request_id=GE6XX-VuEgXhzgQAAHWB [info] Getting enhanced patterns for javascript
18:49:03.221 request_id=GE6XX-VuEgXhzgQAAHWB [info] Retrieved 30 patterns
18:49:03.221 request_id=GE6XX-VuEgXhzgQAAHWB [debug] Formatting pattern: "js-sql-injection-concat"
18:49:03.221 request_id=GE6XX-VuEgXhzgQAAHWB [debug] Formatted pattern keys: ["astRules", "confidenceRules", "contextRules", "cweId", "description", "examples", "frameworks", "id", "languages", "minConfidence", "name", "owaspCategory", "recommendation", "regex", "regexPatterns", "severity", "supportsAst", "type"]
18:49:03.221 request_id=GE6XX-VuEgXhzgQAAHWB [debug] Formatting pattern: "js-sql-injection-interpolation"
18:49:03.221 request_id=GE6XX-VuEgXhzgQAAHWB [debug] Formatted pattern keys: ["astRules", "confidenceRules", "contextRules", "cweId", "description", "examples", "frameworks", "id", "languages", "minConfidence", "name", "owaspCategory", "recommendation", "regex", "regexPatterns", "severity", "supportsAst", "type"]
18:49:03.221 request_id=GE6XX-VuEgXhzgQAAHWB [debug] Formatting pattern: "js-xss-innerhtml"
18:49:03.221 request_id=GE6XX-VuEgXhzgQAAHWB [debug] Formatted pattern keys: ["astRules", "confidenceRules", "contextRules", "cweId", "description", "examples", "frameworks", "id", "languages", "minConfidence", "name", "owaspCategory", "recommendation", "regex", "regexPatterns", "severity", "supportsAst", "type"]
18:49:03.221 request_id=GE6XX-VuEgXhzgQAAHWB [debug] Formatting pattern: "js-xss-document-write"
18:49:03.221 request_id=GE6XX-VuEgXhzgQAAHWB [debug] Formatted pattern keys: ["astRules", "confidenceRules", "contextRules", "cweId", "description", "examples", "frameworks", "id", "languages", "minConfidence", "name", "owaspCategory", "recommendation", "regex", "regexPatterns", "severity", "supportsAst", "type"]
18:49:03.221 request_id=GE6XX-VuEgXhzgQAAHWB [debug] Formatting pattern: "js-xss-jquery-html"
18:49:03.221 request_id=GE6XX-VuEgXhzgQAAHWB [debug] Formatted pattern keys: ["astRules", "confidenceRules", "contextRules", "cweId", "description", "examples", "frameworks", "id", "languages", "minConfidence", "name", "owaspCategory", "recommendation", "regex", "regexPatterns", "severity", "supportsAst", "type"]
18:49:03.221 request_id=GE6XX-VuEgXhzgQAAHWB [debug] Formatting pattern: "js-xss-react-dangerously"
18:49:03.221 request_id=GE6XX-VuEgXhzgQAAHWB [debug] Formatted pattern keys: ["astRules", "confidenceRules", "contextRules", "cweId", "description", "examples", "frameworks", "id", "languages", "minConfidence", "name", "owaspCategory", "recommendation", "regex", "regexPatterns", "severity", "supportsAst", "type"]
18:49:03.221 request_id=GE6XX-VuEgXhzgQAAHWB [debug] Formatting pattern: "js-xss-dom-manipulation"
18:49:03.221 request_id=GE6XX-VuEgXhzgQAAHWB [debug] Formatted pattern keys: ["astRules", "confidenceRules", "contextRules", "cweId", "description", "examples", "frameworks", "id", "languages", "minConfidence", "name", "owaspCategory", "recommendation", "regex", "regexPatterns", "severity", "supportsAst", "type"]
18:49:03.221 request_id=GE6XX-VuEgXhzgQAAHWB [debug] Formatting pattern: "js-command-injection-exec"
18:49:03.221 request_id=GE6XX-VuEgXhzgQAAHWB [debug] Formatted pattern keys: ["astRules", "confidenceRules", "contextRules", "cweId", "description", "examples", "frameworks", "id", "languages", "minConfidence", "name", "owaspCategory", "recommendation", "regex", "regexPatterns", "severity", "supportsAst", "type"]
18:49:03.221 request_id=GE6XX-VuEgXhzgQAAHWB [debug] Formatting pattern: "js-command-injection-spawn"
18:49:03.221 request_id=GE6XX-VuEgXhzgQAAHWB [debug] Formatted pattern keys: ["astRules", "confidenceRules", "contextRules", "cweId", "description", "examples", "frameworks", "id", "languages", "minConfidence", "name", "owaspCategory", "recommendation", "regex", "regexPatterns", "severity", "supportsAst", "type"]
18:49:03.221 request_id=GE6XX-VuEgXhzgQAAHWB [debug] Formatting pattern: "js-path-traversal-join"
18:49:03.221 request_id=GE6XX-VuEgXhzgQAAHWB [debug] Formatted pattern keys: ["astRules", "confidenceRules", "contextRules", "cweId", "description", "examples", "frameworks", "id", "languages", "minConfidence", "name", "owaspCategory", "recommendation", "regex", "regexPatterns", "severity", "supportsAst", "type"]
18:49:03.221 request_id=GE6XX-VuEgXhzgQAAHWB [debug] Formatting pattern: "js-path-traversal-concat"
18:49:03.221 request_id=GE6XX-VuEgXhzgQAAHWB [debug] Formatted pattern keys: ["astRules", "confidenceRules", "contextRules", "cweId", "description", "examples", "frameworks", "id", "languages", "minConfidence", "name", "owaspCategory", "recommendation", "regex", "regexPatterns", "severity", "supportsAst", "type"]
18:49:03.221 request_id=GE6XX-VuEgXhzgQAAHWB [debug] Formatting pattern: "js-weak-crypto-md5"
18:49:03.221 request_id=GE6XX-VuEgXhzgQAAHWB [debug] Formatted pattern keys: ["astRules", "confidenceRules", "contextRules", "cweId", "description", "examples", "frameworks", "id", "languages", "minConfidence", "name", "owaspCategory", "recommendation", "regex", "regexPatterns", "severity", "supportsAst", "type"]
18:49:03.221 request_id=GE6XX-VuEgXhzgQAAHWB [debug] Formatting pattern: "js-weak-crypto-sha1"
18:49:03.221 request_id=GE6XX-VuEgXhzgQAAHWB [debug] Formatted pattern keys: ["astRules", "confidenceRules", "contextRules", "cweId", "description", "examples", "frameworks", "id", "languages", "minConfidence", "name", "owaspCategory", "recommendation", "regex", "regexPatterns", "severity", "supportsAst", "type"]
18:49:03.221 request_id=GE6XX-VuEgXhzgQAAHWB [debug] Formatting pattern: "js-hardcoded-secret-password"
18:49:03.221 request_id=GE6XX-VuEgXhzgQAAHWB [debug] Formatted pattern keys: ["astRules", "confidenceRules", "contextRules", "cweId", "description", "examples", "frameworks", "id", "languages", "minConfidence", "name", "owaspCategory", "recommendation", "regex", "regexPatterns", "severity", "supportsAst", "type"]
18:49:03.221 request_id=GE6XX-VuEgXhzgQAAHWB [debug] Formatting pattern: "js-hardcoded-secret-api-key"
18:49:03.221 request_id=GE6XX-VuEgXhzgQAAHWB [debug] Formatted pattern keys: ["astRules", "confidenceRules", "contextRules", "cweId", "description", "examples", "frameworks", "id", "languages", "minConfidence", "name", "owaspCategory", "recommendation", "regex", "regexPatterns", "severity", "supportsAst", "type"]
18:49:03.221 request_id=GE6XX-VuEgXhzgQAAHWB [debug] Formatting pattern: "js-eval-user-input"
18:49:03.221 request_id=GE6XX-VuEgXhzgQAAHWB [debug] Formatted pattern keys: ["astRules", "confidenceRules", "contextRules", "cweId", "description", "examples", "frameworks", "id", "languages", "minConfidence", "name", "owaspCategory", "recommendation", "regex", "regexPatterns", "severity", "supportsAst", "type"]
18:49:03.221 request_id=GE6XX-VuEgXhzgQAAHWB [debug] Formatting pattern: "js-unsafe-regex"
18:49:03.221 request_id=GE6XX-VuEgXhzgQAAHWB [debug] Formatted pattern keys: ["astRules", "confidenceRules", "contextRules", "cweId", "description", "examples", "frameworks", "id", "languages", "minConfidence", "name", "owaspCategory", "recommendation", "regex", "regexPatterns", "severity", "supportsAst", "type"]
18:49:03.221 request_id=GE6XX-VuEgXhzgQAAHWB [debug] Formatting pattern: "js-open-redirect"
18:49:03.221 request_id=GE6XX-VuEgXhzgQAAHWB [debug] Formatted pattern keys: ["astRules", "confidenceRules", "contextRules", "cweId", "description", "examples", "frameworks", "id", "languages", "minConfidence", "name", "owaspCategory", "recommendation", "regex", "regexPatterns", "severity", "supportsAst", "type"]
18:49:03.221 request_id=GE6XX-VuEgXhzgQAAHWB [debug] Formatting pattern: "js-xxe-external-entities"
18:49:03.221 request_id=GE6XX-VuEgXhzgQAAHWB [debug] Formatted pattern keys: ["astRules", "confidenceRules", "contextRules", "cweId", "description", "examples", "frameworks", "id", "languages", "minConfidence", "name", "owaspCategory", "recommendation", "regex", "regexPatterns", "severity", "supportsAst", "type"]
18:49:03.221 request_id=GE6XX-VuEgXhzgQAAHWB [debug] Formatting pattern: "js-prototype-pollution"
18:49:03.221 request_id=GE6XX-VuEgXhzgQAAHWB [debug] Formatted pattern keys: ["astRules", "confidenceRules", "contextRules", "cweId", "description", "examples", "frameworks", "id", "languages", "minConfidence", "name", "owaspCategory", "recommendation", "regex", "regexPatterns", "severity", "supportsAst", "type"]
18:49:03.221 request_id=GE6XX-VuEgXhzgQAAHWB [debug] Formatting pattern: "js-insecure-random"
18:49:03.221 request_id=GE6XX-VuEgXhzgQAAHWB [debug] Formatted pattern keys: ["astRules", "confidenceRules", "contextRules", "cweId", "description", "examples", "frameworks", "id", "languages", "minConfidence", "name", "owaspCategory", "recommendation", "regex", "regexPatterns", "severity", "supportsAst", "type"]
18:49:03.221 request_id=GE6XX-VuEgXhzgQAAHWB [debug] Formatting pattern: "js-timing-attack"
18:49:03.221 request_id=GE6XX-VuEgXhzgQAAHWB [debug] Formatted pattern keys: ["astRules", "confidenceRules", "contextRules", "cweId", "description", "examples", "frameworks", "id", "languages", "minConfidence", "name", "owaspCategory", "recommendation", "regex", "regexPatterns", "severity", "supportsAst", "type"]
18:49:03.221 request_id=GE6XX-VuEgXhzgQAAHWB [debug] Formatting pattern: "js-nosql-injection"
18:49:03.221 request_id=GE6XX-VuEgXhzgQAAHWB [debug] Formatted pattern keys: ["astRules", "confidenceRules", "contextRules", "cweId", "description", "examples", "frameworks", "id", "languages", "minConfidence", "name", "owaspCategory", "recommendation", "regex", "regexPatterns", "severity", "supportsAst", "type"]
18:49:03.221 request_id=GE6XX-VuEgXhzgQAAHWB [debug] Formatting pattern: "js-ldap-injection"
.18:49:03.221 request_id=GE6XX-VuEgXhzgQAAHWB [debug] Formatted pattern keys: ["astRules", "confidenceRules", "contextRules", "cweId", "description", "examples", "frameworks", "id", "languages", "minConfidence", "name", "owaspCategory", "recommendation", "regex", "regexPatterns", "severity", "supportsAst", "type"]
18:49:03.221 request_id=GE6XX-VuEgXhzgQAAHWB [debug] Formatting pattern: "js-xpath-injection"
18:49:03.221 request_id=GE6XX-VuEgXhzgQAAHWB [debug] Formatted pattern keys: ["astRules", "confidenceRules", "contextRules", "cweId", "description", "examples", "frameworks", "id", "languages", "minConfidence", "name", "owaspCategory", "recommendation", "regex", "regexPatterns", "severity", "supportsAst", "type"]
18:49:03.221 request_id=GE6XX-VuEgXhzgQAAHWB [debug] Formatting pattern: "js-ssrf"
18:49:03.221 request_id=GE6XX-VuEgXhzgQAAHWB [debug] Formatted pattern keys: ["astRules", "confidenceRules", "contextRules", "cweId", "description", "examples", "frameworks", "id", "languages", "minConfidence", "name", "owaspCategory", "recommendation", "regex", "regexPatterns", "severity", "supportsAst", "type"]
18:49:03.221 request_id=GE6XX-VuEgXhzgQAAHWB [debug] Formatting pattern: "js-insecure-deserialization"
18:49:03.221 request_id=GE6XX-VuEgXhzgQAAHWB [debug] Formatted pattern keys: ["astRules", "confidenceRules", "contextRules", "cweId", "description", "examples", "frameworks", "id", "languages", "minConfidence", "name", "owaspCategory", "recommendation", "regex", "regexPatterns", "severity", "supportsAst", "type"]
18:49:03.221 request_id=GE6XX-VuEgXhzgQAAHWB [debug] Formatting pattern: "js-missing-csrf"
18:49:03.221 request_id=GE6XX-VuEgXhzgQAAHWB [debug] Formatted pattern keys: ["astRules", "confidenceRules", "contextRules", "cweId", "description", "examples", "frameworks", "id", "languages", "minConfidence", "name", "owaspCategory", "recommendation", "regex", "regexPatterns", "severity", "supportsAst", "type"]
18:49:03.221 request_id=GE6XX-VuEgXhzgQAAHWB [debug] Formatting pattern: "js-jwt-none-algorithm"
18:49:03.221 request_id=GE6XX-VuEgXhzgQAAHWB [debug] Formatted pattern keys: ["astRules", "confidenceRules", "contextRules", "cweId", "description", "examples", "frameworks", "id", "languages", "minConfidence", "name", "owaspCategory", "recommendation", "regex", "regexPatterns", "severity", "supportsAst", "type"]
18:49:03.222 request_id=GE6XX-VuEgXhzgQAAHWB [debug] Formatting pattern: "js-debug-console-log"
18:49:03.222 request_id=GE6XX-VuEgXhzgQAAHWB [debug] Formatted pattern keys: ["astRules", "confidenceRules", "contextRules", "cweId", "description", "examples", "frameworks", "id", "languages", "minConfidence", "name", "owaspCategory", "recommendation", "regex", "regexPatterns", "severity", "supportsAst", "type"]
18:49:03.222 request_id=GE6XX-VuEgXhzgQAAHWB [info] Sent 200 in 2ms
18:49:03.228 request_id=GE6XX-Xmoj6XSnMAAHYB [info] GET /api/v1/patterns
18:49:03.228 request_id=GE6XX-Xmoj6XSnMAAHYB [debug] Processing with RSOLVWeb.Api.V1.PatternController.index/2
  Parameters: %{"language" => "javascript"}
  Pipelines: [:api]
18:49:03.228 request_id=GE6XX-Xmoj6XSnMAAHYB [info] Pattern API called with params: %{"language" => "javascript"}
18:49:03.228 request_id=GE6XX-Xmoj6XSnMAAHYB [info] Language: javascript, Format: standard
18:49:03.228 request_id=GE6XX-Xmoj6XSnMAAHYB [info] Has API key: true
18:49:03.228 request_id=GE6XX-Xmoj6XSnMAAHYB [info] Getting enhanced patterns for javascript
18:49:03.228 request_id=GE6XX-Xmoj6XSnMAAHYB [info] Retrieved 30 patterns
18:49:03.228 request_id=GE6XX-Xmoj6XSnMAAHYB [debug] Formatting pattern: "js-sql-injection-concat"
18:49:03.228 request_id=GE6XX-Xmoj6XSnMAAHYB [debug] Formatted pattern keys: ["cweId", "description", "examples", "frameworks", "id", "languages", "name", "owaspCategory", "recommendation", "regex", "regexPatterns", "severity", "supportsAst", "type"]
18:49:03.228 request_id=GE6XX-Xmoj6XSnMAAHYB [debug] Formatting pattern: "js-sql-injection-interpolation"
18:49:03.228 request_id=GE6XX-Xmoj6XSnMAAHYB [debug] Formatted pattern keys: ["cweId", "description", "examples", "frameworks", "id", "languages", "name", "owaspCategory", "recommendation", "regex", "regexPatterns", "severity", "supportsAst", "type"]
18:49:03.228 request_id=GE6XX-Xmoj6XSnMAAHYB [debug] Formatting pattern: "js-xss-innerhtml"
18:49:03.228 request_id=GE6XX-Xmoj6XSnMAAHYB [debug] Formatted pattern keys: ["cweId", "description", "examples", "frameworks", "id", "languages", "name", "owaspCategory", "recommendation", "regex", "regexPatterns", "severity", "supportsAst", "type"]
18:49:03.228 request_id=GE6XX-Xmoj6XSnMAAHYB [debug] Formatting pattern: "js-xss-document-write"
18:49:03.228 request_id=GE6XX-Xmoj6XSnMAAHYB [debug] Formatted pattern keys: ["cweId", "description", "examples", "frameworks", "id", "languages", "name", "owaspCategory", "recommendation", "regex", "regexPatterns", "severity", "supportsAst", "type"]
18:49:03.228 request_id=GE6XX-Xmoj6XSnMAAHYB [debug] Formatting pattern: "js-xss-jquery-html"
18:49:03.228 request_id=GE6XX-Xmoj6XSnMAAHYB [debug] Formatted pattern keys: ["cweId", "description", "examples", "frameworks", "id", "languages", "name", "owaspCategory", "recommendation", "regex", "regexPatterns", "severity", "supportsAst", "type"]
18:49:03.228 request_id=GE6XX-Xmoj6XSnMAAHYB [debug] Formatting pattern: "js-xss-react-dangerously"
18:49:03.228 request_id=GE6XX-Xmoj6XSnMAAHYB [debug] Formatted pattern keys: ["cweId", "description", "examples", "frameworks", "id", "languages", "name", "owaspCategory", "recommendation", "regex", "regexPatterns", "severity", "supportsAst", "type"]
18:49:03.228 request_id=GE6XX-Xmoj6XSnMAAHYB [debug] Formatting pattern: "js-xss-dom-manipulation"
18:49:03.228 request_id=GE6XX-Xmoj6XSnMAAHYB [debug] Formatted pattern keys: ["cweId", "description", "examples", "frameworks", "id", "languages", "name", "owaspCategory", "recommendation", "regex", "regexPatterns", "severity", "supportsAst", "type"]
18:49:03.228 request_id=GE6XX-Xmoj6XSnMAAHYB [debug] Formatting pattern: "js-command-injection-exec"
18:49:03.229 request_id=GE6XX-Xmoj6XSnMAAHYB [debug] Formatted pattern keys: ["cweId", "description", "examples", "frameworks", "id", "languages", "name", "owaspCategory", "recommendation", "regex", "regexPatterns", "severity", "supportsAst", "type"]
18:49:03.229 request_id=GE6XX-Xmoj6XSnMAAHYB [debug] Formatting pattern: "js-command-injection-spawn"
18:49:03.229 request_id=GE6XX-Xmoj6XSnMAAHYB [debug] Formatted pattern keys: ["cweId", "description", "examples", "frameworks", "id", "languages", "name", "owaspCategory", "recommendation", "regex", "regexPatterns", "severity", "supportsAst", "type"]
18:49:03.229 request_id=GE6XX-Xmoj6XSnMAAHYB [debug] Formatting pattern: "js-path-traversal-join"
18:49:03.229 request_id=GE6XX-Xmoj6XSnMAAHYB [debug] Formatted pattern keys: ["cweId", "description", "examples", "frameworks", "id", "languages", "name", "owaspCategory", "recommendation", "regex", "regexPatterns", "severity", "supportsAst", "type"]
18:49:03.229 request_id=GE6XX-Xmoj6XSnMAAHYB [debug] Formatting pattern: "js-path-traversal-concat"
18:49:03.229 request_id=GE6XX-Xmoj6XSnMAAHYB [debug] Formatted pattern keys: ["cweId", "description", "examples", "frameworks", "id", "languages", "name", "owaspCategory", "recommendation", "regex", "regexPatterns", "severity", "supportsAst", "type"]
18:49:03.229 request_id=GE6XX-Xmoj6XSnMAAHYB [debug] Formatting pattern: "js-weak-crypto-md5"
18:49:03.229 request_id=GE6XX-Xmoj6XSnMAAHYB [debug] Formatted pattern keys: ["cweId", "description", "examples", "frameworks", "id", "languages", "name", "owaspCategory", "recommendation", "regex", "regexPatterns", "severity", "supportsAst", "type"]
18:49:03.229 request_id=GE6XX-Xmoj6XSnMAAHYB [debug] Formatting pattern: "js-weak-crypto-sha1"
18:49:03.229 request_id=GE6XX-Xmoj6XSnMAAHYB [debug] Formatted pattern keys: ["cweId", "description", "examples", "frameworks", "id", "languages", "name", "owaspCategory", "recommendation", "regex", "regexPatterns", "severity", "supportsAst", "type"]
18:49:03.229 request_id=GE6XX-Xmoj6XSnMAAHYB [debug] Formatting pattern: "js-hardcoded-secret-password"
18:49:03.229 request_id=GE6XX-Xmoj6XSnMAAHYB [debug] Formatted pattern keys: ["cweId", "description", "examples", "frameworks", "id", "languages", "name", "owaspCategory", "recommendation", "regex", "regexPatterns", "severity", "supportsAst", "type"]
18:49:03.229 request_id=GE6XX-Xmoj6XSnMAAHYB [debug] Formatting pattern: "js-hardcoded-secret-api-key"
18:49:03.229 request_id=GE6XX-Xmoj6XSnMAAHYB [debug] Formatted pattern keys: ["cweId", "description", "examples", "frameworks", "id", "languages", "name", "owaspCategory", "recommendation", "regex", "regexPatterns", "severity", "supportsAst", "type"]
18:49:03.229 request_id=GE6XX-Xmoj6XSnMAAHYB [debug] Formatting pattern: "js-eval-user-input"
18:49:03.229 request_id=GE6XX-Xmoj6XSnMAAHYB [debug] Formatted pattern keys: ["cweId", "description", "examples", "frameworks", "id", "languages", "name", "owaspCategory", "recommendation", "regex", "regexPatterns", "severity", "supportsAst", "type"]
18:49:03.229 request_id=GE6XX-Xmoj6XSnMAAHYB [debug] Formatting pattern: "js-unsafe-regex"
18:49:03.229 request_id=GE6XX-Xmoj6XSnMAAHYB [debug] Formatted pattern keys: ["cweId", "description", "examples", "frameworks", "id", "languages", "name", "owaspCategory", "recommendation", "regex", "regexPatterns", "severity", "supportsAst", "type"]
18:49:03.229 request_id=GE6XX-Xmoj6XSnMAAHYB [debug] Formatting pattern: "js-open-redirect"
18:49:03.229 request_id=GE6XX-Xmoj6XSnMAAHYB [debug] Formatted pattern keys: ["cweId", "description", "examples", "frameworks", "id", "languages", "name", "owaspCategory", "recommendation", "regex", "regexPatterns", "severity", "supportsAst", "type"]
18:49:03.229 request_id=GE6XX-Xmoj6XSnMAAHYB [debug] Formatting pattern: "js-xxe-external-entities"
18:49:03.229 request_id=GE6XX-Xmoj6XSnMAAHYB [debug] Formatted pattern keys: ["cweId", "description", "examples", "frameworks", "id", "languages", "name", "owaspCategory", "recommendation", "regex", "regexPatterns", "severity", "supportsAst", "type"]
18:49:03.229 request_id=GE6XX-Xmoj6XSnMAAHYB [debug] Formatting pattern: "js-prototype-pollution"
18:49:03.229 request_id=GE6XX-Xmoj6XSnMAAHYB [debug] Formatted pattern keys: ["cweId", "description", "examples", "frameworks", "id", "languages", "name", "owaspCategory", "recommendation", "regex", "regexPatterns", "severity", "supportsAst", "type"]
18:49:03.229 request_id=GE6XX-Xmoj6XSnMAAHYB [debug] Formatting pattern: "js-insecure-random"
18:49:03.229 request_id=GE6XX-Xmoj6XSnMAAHYB [debug] Formatted pattern keys: ["cweId", "description", "examples", "frameworks", "id", "languages", "name", "owaspCategory", "recommendation", "regex", "regexPatterns", "severity", "supportsAst", "type"]
18:49:03.229 request_id=GE6XX-Xmoj6XSnMAAHYB [debug] Formatting pattern: "js-timing-attack"
18:49:03.229 request_id=GE6XX-Xmoj6XSnMAAHYB [debug] Formatted pattern keys: ["cweId", "description", "examples", "frameworks", "id", "languages", "name", "owaspCategory", "recommendation", "regex", "regexPatterns", "severity", "supportsAst", "type"]
18:49:03.229 request_id=GE6XX-Xmoj6XSnMAAHYB [debug] Formatting pattern: "js-nosql-injection"
18:49:03.229 request_id=GE6XX-Xmoj6XSnMAAHYB [debug] Formatted pattern keys: ["cweId", "description", "examples", "frameworks", "id", "languages", "name", "owaspCategory", "recommendation", "regex", "regexPatterns", "severity", "supportsAst", "type"]
18:49:03.229 request_id=GE6XX-Xmoj6XSnMAAHYB [debug] Formatting pattern: "js-ldap-injection"
18:49:03.229 request_id=GE6XX-Xmoj6XSnMAAHYB [debug] Formatted pattern keys: ["cweId", "description", "examples", "frameworks", "id", "languages", "name", "owaspCategory", "recommendation", "regex", "regexPatterns", "severity", "supportsAst", "type"]
18:49:03.229 request_id=GE6XX-Xmoj6XSnMAAHYB [debug] Formatting pattern: "js-xpath-injection"
18:49:03.229 request_id=GE6XX-Xmoj6XSnMAAHYB [debug] Formatted pattern keys: ["cweId", "description", "examples", "frameworks", "id", "languages", "name", "owaspCategory", "recommendation", "regex", "regexPatterns", "severity", "supportsAst", "type"]
18:49:03.229 request_id=GE6XX-Xmoj6XSnMAAHYB [debug] Formatting pattern: "js-ssrf"
18:49:03.229 request_id=GE6XX-Xmoj6XSnMAAHYB [debug] Formatted pattern keys: ["cweId", "description", "examples", "frameworks", "id", "languages", "name", "owaspCategory", "recommendation", "regex", "regexPatterns", "severity", "supportsAst", "type"]
18:49:03.229 request_id=GE6XX-Xmoj6XSnMAAHYB [debug] Formatting pattern: "js-insecure-deserialization"
18:49:03.229 request_id=GE6XX-Xmoj6XSnMAAHYB [debug] Formatted pattern keys: ["cweId", "description", "examples", "frameworks", "id", "languages", "name", "owaspCategory", "recommendation", "regex", "regexPatterns", "severity", "supportsAst", "type"]
18:49:03.230 request_id=GE6XX-Xmoj6XSnMAAHYB [debug] Formatting pattern: "js-missing-csrf"
18:49:03.230 request_id=GE6XX-Xmoj6XSnMAAHYB [debug] Formatted pattern keys: ["cweId", "description", "examples", "frameworks", "id", "languages", "name", "owaspCategory", "recommendation", "regex", "regexPatterns", "severity", "supportsAst", "type"]
18:49:03.230 request_id=GE6XX-Xmoj6XSnMAAHYB [debug] Formatting pattern: "js-jwt-none-algorithm"
18:49:03.230 request_id=GE6XX-Xmoj6XSnMAAHYB [debug] Formatted pattern keys: ["cweId", "description", "examples", "frameworks", "id", "languages", "name", "owaspCategory", "recommendation", "regex", "regexPatterns", "severity", "supportsAst", "type"]
18:49:03.230 request_id=GE6XX-Xmoj6XSnMAAHYB [debug] Formatting pattern: "js-debug-console-log"
18:49:03.230 request_id=GE6XX-Xmoj6XSnMAAHYB [debug] Formatted pattern keys: ["cweId", "description", "examples", "frameworks", "id", "languages", "name", "owaspCategory", "recommendation", "regex", "regexPatterns", "severity", "supportsAst", "type"]
18:49:03.230 request_id=GE6XX-Xmoj6XSnMAAHYB [info] Sent 200 in 2ms
18:49:03.231 request_id=GE6XX-YNetyXSnMAAHaB [info] GET /api/v1/patterns
18:49:03.232 request_id=GE6XX-YNetyXSnMAAHaB [debug] Processing with RSOLVWeb.Api.V1.PatternController.index/2
  Parameters: %{"language" => "python"}
  Pipelines: [:api]
18:49:03.232 request_id=GE6XX-YNetyXSnMAAHaB [info] Pattern API called with params: %{"language" => "python"}
18:49:03.232 request_id=GE6XX-YNetyXSnMAAHaB [info] Language: python, Format: standard
18:49:03.232 request_id=GE6XX-YNetyXSnMAAHaB [info] Has API key: true
18:49:03.232 request_id=GE6XX-YNetyXSnMAAHaB [info] Getting enhanced patterns for python
18:49:03.232 request_id=GE6XX-YNetyXSnMAAHaB [info] Retrieved 12 patterns
18:49:03.232 request_id=GE6XX-YNetyXSnMAAHaB [debug] Formatting pattern: "python-sql-injection-format"
18:49:03.232 request_id=GE6XX-YNetyXSnMAAHaB [debug] Formatted pattern keys: ["cweId", "description", "examples", "frameworks", "id", "languages", "name", "owaspCategory", "recommendation", "regex", "regexPatterns", "severity", "supportsAst", "type"]
18:49:03.232 request_id=GE6XX-YNetyXSnMAAHaB [debug] Formatting pattern: "python-sql-injection-fstring"
18:49:03.232 request_id=GE6XX-YNetyXSnMAAHaB [debug] Formatted pattern keys: ["cweId", "description", "examples", "frameworks", "id", "languages", "name", "owaspCategory", "recommendation", "regex", "regexPatterns", "severity", "supportsAst", "type"]
18:49:03.232 request_id=GE6XX-YNetyXSnMAAHaB [debug] Formatting pattern: "python-sql-injection-concat"
18:49:03.232 request_id=GE6XX-YNetyXSnMAAHaB [debug] Formatted pattern keys: ["cweId", "description", "examples", "frameworks", "id", "languages", "name", "owaspCategory", "recommendation", "regex", "regexPatterns", "severity", "supportsAst", "type"]
18:49:03.232 request_id=GE6XX-YNetyXSnMAAHaB [debug] Formatting pattern: "python-command-injection-os-system"
18:49:03.232 request_id=GE6XX-YNetyXSnMAAHaB [debug] Formatted pattern keys: ["cweId", "description", "examples", "frameworks", "id", "languages", "name", "owaspCategory", "recommendation", "regex", "regexPatterns", "severity", "supportsAst", "type"]
18:49:03.233 request_id=GE6XX-YNetyXSnMAAHaB [debug] Formatting pattern: "python-command-injection-subprocess-shell"
18:49:03.234 request_id=GE6XX-YNetyXSnMAAHaB [debug] Formatted pattern keys: ["cweId", "description", "examples", "frameworks", "id", "languages", "name", "owaspCategory", "recommendation", "regex", "regexPatterns", "severity", "supportsAst", "type"]
18:49:03.234 request_id=GE6XX-YNetyXSnMAAHaB [debug] Formatting pattern: "python-unsafe-pickle"
18:49:03.234 request_id=GE6XX-YNetyXSnMAAHaB [debug] Formatted pattern keys: ["cweId", "description", "examples", "frameworks", "id", "languages", "name", "owaspCategory", "recommendation", "regex", "regexPatterns", "severity", "supportsAst", "type"]
18:49:03.234 request_id=GE6XX-YNetyXSnMAAHaB [debug] Formatting pattern: "python-unsafe-eval"
18:49:03.234 request_id=GE6XX-YNetyXSnMAAHaB [debug] Formatted pattern keys: ["cweId", "description", "examples", "frameworks", "id", "languages", "name", "owaspCategory", "recommendation", "regex", "regexPatterns", "severity", "supportsAst", "type"]
18:49:03.234 request_id=GE6XX-YNetyXSnMAAHaB [debug] Formatting pattern: "python-path-traversal-open"
18:49:03.234 request_id=GE6XX-YNetyXSnMAAHaB [debug] Formatted pattern keys: ["cweId", "description", "examples", "frameworks", "id", "languages", "name", "owaspCategory", "recommendation", "regex", "regexPatterns", "severity", "supportsAst", "type"]
18:49:03.234 request_id=GE6XX-YNetyXSnMAAHaB [debug] Formatting pattern: "python-weak-hash-md5"
18:49:03.234 request_id=GE6XX-YNetyXSnMAAHaB [debug] Formatted pattern keys: ["cweId", "description", "examples", "frameworks", "id", "languages", "name", "owaspCategory", "recommendation", "regex", "regexPatterns", "severity", "supportsAst", "type"]
18:49:03.234 request_id=GE6XX-YNetyXSnMAAHaB [debug] Formatting pattern: "python-weak-hash-sha1"
18:49:03.234 request_id=GE6XX-YNetyXSnMAAHaB [debug] Formatted pattern keys: ["cweId", "description", "examples", "frameworks", "id", "languages", "name", "owaspCategory", "recommendation", "regex", "regexPatterns", "severity", "supportsAst", "type"]
18:49:03.234 request_id=GE6XX-YNetyXSnMAAHaB [debug] Formatting pattern: "python-debug-true"
18:49:03.234 request_id=GE6XX-YNetyXSnMAAHaB [debug] Formatted pattern keys: ["cweId", "description", "examples", "frameworks", "id", "languages", "name", "owaspCategory", "recommendation", "regex", "regexPatterns", "severity", "supportsAst", "type"]
18:49:03.234 request_id=GE6XX-YNetyXSnMAAHaB [debug] Formatting pattern: "python-unsafe-yaml-load"
18:49:03.234 request_id=GE6XX-YNetyXSnMAAHaB [debug] Formatted pattern keys: ["cweId", "description", "examples", "frameworks", "id", "languages", "name", "owaspCategory", "recommendation", "regex", "regexPatterns", "severity", "supportsAst", "type"]
18:49:03.234 request_id=GE6XX-YNetyXSnMAAHaB [info] Sent 200 in 3ms
18:49:03.234 request_id=GE6XX-ZJ6EqXSnMAAACN [info] GET /api/v1/patterns
18:49:03.235 request_id=GE6XX-ZJ6EqXSnMAAACN [debug] Processing with RSOLVWeb.Api.V1.PatternController.index/2
  Parameters: %{"language" => "ruby"}
  Pipelines: [:api]
18:49:03.235 request_id=GE6XX-ZJ6EqXSnMAAACN [info] Pattern API called with params: %{"language" => "ruby"}
18:49:03.235 request_id=GE6XX-ZJ6EqXSnMAAACN [info] Language: ruby, Format: standard
18:49:03.235 request_id=GE6XX-ZJ6EqXSnMAAACN [info] Has API key: true
18:49:03.235 request_id=GE6XX-ZJ6EqXSnMAAACN [info] Getting enhanced patterns for ruby
18:49:03.235 request_id=GE6XX-ZJ6EqXSnMAAACN [info] Retrieved 20 patterns
18:49:03.235 request_id=GE6XX-ZJ6EqXSnMAAACN [debug] Formatting pattern: "ruby-broken-access-control-missing-auth"
18:49:03.235 request_id=GE6XX-ZJ6EqXSnMAAACN [debug] Formatted pattern keys: ["cweId", "description", "examples", "frameworks", "id", "languages", "name", "owaspCategory", "recommendation", "regex", "regexPatterns", "severity", "supportsAst", "type"]
18:49:03.235 request_id=GE6XX-ZJ6EqXSnMAAACN [debug] Formatting pattern: "ruby-mass-assignment"
18:49:03.235 request_id=GE6XX-ZJ6EqXSnMAAACN [debug] Formatted pattern keys: ["cweId", "description", "examples", "frameworks", "id", "languages", "name", "owaspCategory", "recommendation", "regex", "regexPatterns", "severity", "supportsAst", "type"]
18:49:03.235 request_id=GE6XX-ZJ6EqXSnMAAACN [debug] Formatting pattern: "ruby-weak-crypto-md5"
18:49:03.235 request_id=GE6XX-ZJ6EqXSnMAAACN [debug] Formatted pattern keys: ["cweId", "description", "examples", "frameworks", "id", "languages", "name", "owaspCategory", "recommendation", "regex", "regexPatterns", "severity", "supportsAst", "type"]
18:49:03.235 request_id=GE6XX-ZJ6EqXSnMAAACN [debug] Formatting pattern: "ruby-hardcoded-secrets"
18:49:03.235 request_id=GE6XX-ZJ6EqXSnMAAACN [debug] Formatted pattern keys: ["cweId", "description", "examples", "frameworks", "id", "languages", "name", "owaspCategory", "recommendation", "regex", "regexPatterns", "severity", "supportsAst", "type"]
18:49:03.235 request_id=GE6XX-ZJ6EqXSnMAAACN [debug] Formatting pattern: "ruby-sql-injection-interpolation"
18:49:03.235 request_id=GE6XX-ZJ6EqXSnMAAACN [debug] Formatted pattern keys: ["cweId", "description", "examples", "frameworks", "id", "languages", "name", "owaspCategory", "recommendation", "regex", "regexPatterns", "severity", "supportsAst", "type"]
18:49:03.235 request_id=GE6XX-ZJ6EqXSnMAAACN [debug] Formatting pattern: "ruby-command-injection"
18:49:03.235 request_id=GE6XX-ZJ6EqXSnMAAACN [debug] Formatted pattern keys: ["cweId", "description", "examples", "frameworks", "id", "languages", "name", "owaspCategory", "recommendation", "regex", "regexPatterns", "severity", "supportsAst", "type"]
18:49:03.235 request_id=GE6XX-ZJ6EqXSnMAAACN [debug] Formatting pattern: "ruby-xpath-injection"
18:49:03.235 request_id=GE6XX-ZJ6EqXSnMAAACN [debug] Formatted pattern keys: ["cweId", "description", "examples", "frameworks", "id", "languages", "name", "owaspCategory", "recommendation", "regex", "regexPatterns", "severity", "supportsAst", "type"]
18:49:03.235 request_id=GE6XX-ZJ6EqXSnMAAACN [debug] Formatting pattern: "ruby-ldap-injection"
18:49:03.235 request_id=GE6XX-ZJ6EqXSnMAAACN [debug] Formatted pattern keys: ["cweId", "description", "examples", "frameworks", "id", "languages", "name", "owaspCategory", "recommendation", "regex", "regexPatterns", "severity", "supportsAst", "type"]
18:49:03.235 request_id=GE6XX-ZJ6EqXSnMAAACN [debug] Formatting pattern: "ruby-weak-random"
18:49:03.235 request_id=GE6XX-ZJ6EqXSnMAAACN [debug] Formatted pattern keys: ["cweId", "description", "examples", "frameworks", "id", "languages", "name", "owaspCategory", "recommendation", "regex", "regexPatterns", "severity", "supportsAst", "type"]
18:49:03.235 request_id=GE6XX-ZJ6EqXSnMAAACN [debug] Formatting pattern: "ruby-debug-mode"
18:49:03.235 request_id=GE6XX-ZJ6EqXSnMAAACN [debug] Formatted pattern keys: ["cweId", "description", "examples", "frameworks", "id", "languages", "name", "owaspCategory", "recommendation", "regex", "regexPatterns", "severity", "supportsAst", "type"]
18:49:03.235 request_id=GE6XX-ZJ6EqXSnMAAACN [debug] Formatting pattern: "ruby-eval-usage"
18:49:03.235 request_id=GE6XX-ZJ6EqXSnMAAACN [debug] Formatted pattern keys: ["cweId", "description", "examples", "frameworks", "id", "languages", "name", "owaspCategory", "recommendation", "regex", "regexPatterns", "severity", "supportsAst", "type"]
18:49:03.235 request_id=GE6XX-ZJ6EqXSnMAAACN [debug] Formatting pattern: "ruby-weak-password-storage"
18:49:03.235 request_id=GE6XX-ZJ6EqXSnMAAACN [debug] Formatted pattern keys: ["cweId", "description", "examples", "frameworks", "id", "languages", "name", "owaspCategory", "recommendation", "regex", "regexPatterns", "severity", "supportsAst", "type"]
18:49:03.236 request_id=GE6XX-ZJ6EqXSnMAAACN [debug] Formatting pattern: "ruby-unsafe-deserialization-marshal"
18:49:03.237 request_id=GE6XX-ZJ6EqXSnMAAACN [debug] Formatted pattern keys: ["cweId", "description", "examples", "frameworks", "id", "languages", "name", "owaspCategory", "recommendation", "regex", "regexPatterns", "severity", "supportsAst", "type"]
18:49:03.237 request_id=GE6XX-ZJ6EqXSnMAAACN [debug] Formatting pattern: "ruby-unsafe-yaml"
18:49:03.237 request_id=GE6XX-ZJ6EqXSnMAAACN [debug] Formatted pattern keys: ["cweId", "description", "examples", "frameworks", "id", "languages", "name", "owaspCategory", "recommendation", "regex", "regexPatterns", "severity", "supportsAst", "type"]
18:49:03.237 request_id=GE6XX-ZJ6EqXSnMAAACN [debug] Formatting pattern: "ruby-insufficient-logging"
18:49:03.237 request_id=GE6XX-ZJ6EqXSnMAAACN [debug] Formatted pattern keys: ["cweId", "description", "examples", "frameworks", "id", "languages", "name", "owaspCategory", "recommendation", "regex", "regexPatterns", "severity", "supportsAst", "type"]
18:49:03.237 request_id=GE6XX-ZJ6EqXSnMAAACN [debug] Formatting pattern: "ruby-ssrf-open-uri"
18:49:03.237 request_id=GE6XX-ZJ6EqXSnMAAACN [debug] Formatted pattern keys: ["cweId", "description", "examples", "frameworks", "id", "languages", "name", "owaspCategory", "recommendation", "regex", "regexPatterns", "severity", "supportsAst", "type"]
18:49:03.237 request_id=GE6XX-ZJ6EqXSnMAAACN [debug] Formatting pattern: "ruby-xss-erb-raw"
18:49:03.237 request_id=GE6XX-ZJ6EqXSnMAAACN [debug] Formatted pattern keys: ["cweId", "description", "examples", "frameworks", "id", "languages", "name", "owaspCategory", "recommendation", "regex", "regexPatterns", "severity", "supportsAst", "type"]
18:49:03.237 request_id=GE6XX-ZJ6EqXSnMAAACN [debug] Formatting pattern: "ruby-path-traversal"
18:49:03.237 request_id=GE6XX-ZJ6EqXSnMAAACN [debug] Formatted pattern keys: ["cweId", "description", "examples", "frameworks", "id", "languages", "name", "owaspCategory", "recommendation", "regex", "regexPatterns", "severity", "supportsAst", "type"]
18:49:03.237 request_id=GE6XX-ZJ6EqXSnMAAACN [debug] Formatting pattern: "ruby-open-redirect"
18:49:03.237 request_id=GE6XX-ZJ6EqXSnMAAACN [debug] Formatted pattern keys: ["cweId", "description", "examples", "frameworks", "id", "languages", "name", "owaspCategory", "recommendation", "regex", "regexPatterns", "severity", "supportsAst", "type"]
18:49:03.237 request_id=GE6XX-ZJ6EqXSnMAAACN [debug] Formatting pattern: "ruby-insecure-cookie"
18:49:03.237 request_id=GE6XX-ZJ6EqXSnMAAACN [debug] Formatted pattern keys: ["cweId", "description", "examples", "frameworks", "id", "languages", "name", "owaspCategory", "recommendation", "regex", "regexPatterns", "severity", "supportsAst", "type"]
18:49:03.238 request_id=GE6XX-ZJ6EqXSnMAAACN [info] Sent 200 in 3ms
18:49:03.238 request_id=GE6XX-aDBu6XSnMAAHcB [info] GET /api/v1/patterns
18:49:03.238 request_id=GE6XX-aDBu6XSnMAAHcB [debug] Processing with RSOLVWeb.Api.V1.PatternController.index/2
  Parameters: %{"language" => "java"}
  Pipelines: [:api]
18:49:03.238 request_id=GE6XX-aDBu6XSnMAAHcB [info] Pattern API called with params: %{"language" => "java"}
18:49:03.238 request_id=GE6XX-aDBu6XSnMAAHcB [info] Language: java, Format: standard
18:49:03.238 request_id=GE6XX-aDBu6XSnMAAHcB [info] Has API key: true
18:49:03.238 request_id=GE6XX-aDBu6XSnMAAHcB [info] Getting enhanced patterns for java
18:49:03.238 request_id=GE6XX-aDBu6XSnMAAHcB [info] Retrieved 17 patterns
18:49:03.238 request_id=GE6XX-aDBu6XSnMAAHcB [debug] Formatting pattern: "java-sql-injection-statement"
18:49:03.238 request_id=GE6XX-aDBu6XSnMAAHcB [debug] Formatted pattern keys: ["cweId", "description", "examples", "frameworks", "id", "languages", "name", "owaspCategory", "recommendation", "regex", "regexPatterns", "severity", "supportsAst", "type"]
18:49:03.238 request_id=GE6XX-aDBu6XSnMAAHcB [debug] Formatting pattern: "java-sql-injection-string-format"
18:49:03.238 request_id=GE6XX-aDBu6XSnMAAHcB [debug] Formatted pattern keys: ["cweId", "description", "examples", "frameworks", "id", "languages", "name", "owaspCategory", "recommendation", "regex", "regexPatterns", "severity", "supportsAst", "type"]
18:49:03.238 request_id=GE6XX-aDBu6XSnMAAHcB [debug] Formatting pattern: "java-unsafe-deserialization"
18:49:03.239 request_id=GE6XX-aDBu6XSnMAAHcB [debug] Formatted pattern keys: ["cweId", "description", "examples", "frameworks", "id", "languages", "name", "owaspCategory", "recommendation", "regex", "regexPatterns", "severity", "supportsAst", "type"]
18:49:03.239 request_id=GE6XX-aDBu6XSnMAAHcB [debug] Formatting pattern: "java-xpath-injection"
18:49:03.239 request_id=GE6XX-aDBu6XSnMAAHcB [debug] Formatted pattern keys: ["cweId", "description", "examples", "frameworks", "id", "languages", "name", "owaspCategory", "recommendation", "regex", "regexPatterns", "severity", "supportsAst", "type"]
18:49:03.239 request_id=GE6XX-aDBu6XSnMAAHcB [debug] Formatting pattern: "java-command-injection-runtime-exec"
18:49:03.239 request_id=GE6XX-aDBu6XSnMAAHcB [debug] Formatted pattern keys: ["cweId", "description", "examples", "frameworks", "id", "languages", "name", "owaspCategory", "recommendation", "regex", "regexPatterns", "severity", "supportsAst", "type"]
18:49:03.239 request_id=GE6XX-aDBu6XSnMAAHcB [debug] Formatting pattern: "java-command-injection-processbuilder"
18:49:03.239 request_id=GE6XX-aDBu6XSnMAAHcB [debug] Formatted pattern keys: ["cweId", "description", "examples", "frameworks", "id", "languages", "name", "owaspCategory", "recommendation", "regex", "regexPatterns", "severity", "supportsAst", "type"]
18:49:03.239 request_id=GE6XX-aDBu6XSnMAAHcB [debug] Formatting pattern: "java-path-traversal-file"
18:49:03.239 request_id=GE6XX-aDBu6XSnMAAHcB [debug] Formatted pattern keys: ["cweId", "description", "examples", "frameworks", "id", "languages", "name", "owaspCategory", "recommendation", "regex", "regexPatterns", "severity", "supportsAst", "type"]
18:49:03.239 request_id=GE6XX-aDBu6XSnMAAHcB [debug] Formatting pattern: "java-path-traversal-fileinputstream"
18:49:03.239 request_id=GE6XX-aDBu6XSnMAAHcB [debug] Formatted pattern keys: ["cweId", "description", "examples", "frameworks", "id", "languages", "name", "owaspCategory", "recommendation", "regex", "regexPatterns", "severity", "supportsAst", "type"]
18:49:03.239 request_id=GE6XX-aDBu6XSnMAAHcB [debug] Formatting pattern: "java-weak-hash-md5"
18:49:03.239 request_id=GE6XX-aDBu6XSnMAAHcB [debug] Formatted pattern keys: ["cweId", "description", "examples", "frameworks", "id", "languages", "name", "owaspCategory", "recommendation", "regex", "regexPatterns", "severity", "supportsAst", "type"]
18:49:03.239 request_id=GE6XX-aDBu6XSnMAAHcB [debug] Formatting pattern: "java-weak-hash-sha1"
18:49:03.239 request_id=GE6XX-aDBu6XSnMAAHcB [debug] Formatted pattern keys: ["cweId", "description", "examples", "frameworks", "id", "languages", "name", "owaspCategory", "recommendation", "regex", "regexPatterns", "severity", "supportsAst", "type"]
18:49:03.239 request_id=GE6XX-aDBu6XSnMAAHcB [debug] Formatting pattern: "java-weak-cipher-des"
18:49:03.239 request_id=GE6XX-aDBu6XSnMAAHcB [debug] Formatted pattern keys: ["cweId", "description", "examples", "frameworks", "id", "languages", "name", "owaspCategory", "recommendation", "regex", "regexPatterns", "severity", "supportsAst", "type"]
18:49:03.239 request_id=GE6XX-aDBu6XSnMAAHcB [debug] Formatting pattern: "java-xxe-documentbuilder"
18:49:03.239 request_id=GE6XX-aDBu6XSnMAAHcB [debug] Formatted pattern keys: ["cweId", "description", "examples", "frameworks", "id", "languages", "name", "owaspCategory", "recommendation", "regex", "regexPatterns", "severity", "supportsAst", "type"]
18:49:03.239 request_id=GE6XX-aDBu6XSnMAAHcB [debug] Formatting pattern: "java-xxe-saxparser"
18:49:03.239 request_id=GE6XX-aDBu6XSnMAAHcB [debug] Formatted pattern keys: ["cweId", "description", "examples", "frameworks", "id", "languages", "name", "owaspCategory", "recommendation", "regex", "regexPatterns", "severity", "supportsAst", "type"]
18:49:03.239 request_id=GE6XX-aDBu6XSnMAAHcB [debug] Formatting pattern: "java-ldap-injection"
18:49:03.239 request_id=GE6XX-aDBu6XSnMAAHcB [debug] Formatted pattern keys: ["cweId", "description", "examples", "frameworks", "id", "languages", "name", "owaspCategory", "recommendation", "regex", "regexPatterns", "severity", "supportsAst", "type"]
18:49:03.239 request_id=GE6XX-aDBu6XSnMAAHcB [debug] Formatting pattern: "java-hardcoded-password"
18:49:03.239 request_id=GE6XX-aDBu6XSnMAAHcB [debug] Formatted pattern keys: ["cweId", "description", "examples", "frameworks", "id", "languages", "name", "owaspCategory", "recommendation", "regex", "regexPatterns", "severity", "supportsAst", "type"]
18:49:03.239 request_id=GE6XX-aDBu6XSnMAAHcB [debug] Formatting pattern: "java-weak-random"
18:49:03.239 request_id=GE6XX-aDBu6XSnMAAHcB [debug] Formatted pattern keys: ["cweId", "description", "examples", "frameworks", "id", "languages", "name", "owaspCategory", "recommendation", "regex", "regexPatterns", "severity", "supportsAst", "type"]
18:49:03.239 request_id=GE6XX-aDBu6XSnMAAHcB [debug] Formatting pattern: "java-trust-all-certs"
18:49:03.239 request_id=GE6XX-aDBu6XSnMAAHcB [debug] Formatted pattern keys: ["cweId", "description", "examples", "frameworks", "id", "languages", "name", "owaspCategory", "recommendation", "regex", "regexPatterns", "severity", "supportsAst", "type"]
18:49:03.239 request_id=GE6XX-aDBu6XSnMAAHcB [info] Sent 200 in 1ms
18:49:03.240 request_id=GE6XX-adfs-XSnMAAHeB [info] GET /api/v1/patterns
18:49:03.241 request_id=GE6XX-adfs-XSnMAAHeB [debug] Processing with RSOLVWeb.Api.V1.PatternController.index/2
  Parameters: %{"language" => "elixir"}
  Pipelines: [:api]
18:49:03.241 request_id=GE6XX-adfs-XSnMAAHeB [info] Pattern API called with params: %{"language" => "elixir"}
.....18:49:03.241 request_id=GE6XX-adfs-XSnMAAHeB [info] Language: elixir, Format: standard
18:49:03.249 [notice] Handler :default switched from :sync to :drop mode
18:49:03.241 request_id=GE6XX-adfs-XSnMAAHeB [info] Has API key: true
18:49:03.241 request_id=GE6XX-adfs-XSnMAAHeB [info] Getting enhanced patterns for elixir
18:49:03.241 request_id=GE6XX-adfs-XSnMAAHeB [info] Retrieved 28 patterns
18:49:03.241 request_id=GE6XX-adfs-XSnMAAHeB [debug] Formatting pattern: "elixir-sql-injection-interpolation"
18:49:03.251 [notice] Handler :default switched from :drop to :sync mode
18:49:03.241 request_id=GE6XX-adfs-XSnMAAHeB [debug] Formatted pattern keys: ["cweId", "description", "examples", "frameworks", "id", "languages", "name", "owaspCategory", "recommendation", "regex", "regexPatterns", "severity", "supportsAst", "type"]
18:49:03.241 request_id=GE6XX-adfs-XSnMAAHeB [debug] Formatting pattern: "elixir-sql-injection-fragment"
18:49:03.241 request_id=GE6XX-adfs-XSnMAAHeB [debug] Formatted pattern keys: ["cweId", "description", "examples", "frameworks", "id", "languages", "name", "owaspCategory", "recommendation", "regex", "regexPatterns", "severity", "supportsAst", "type"]
18:49:03.241 request_id=GE6XX-adfs-XSnMAAHeB [debug] Formatting pattern: "elixir-command-injection-system"
18:49:03.241 request_id=GE6XX-adfs-XSnMAAHeB [debug] Formatted pattern keys: ["cweId", "description", "examples", "frameworks", "id", "languages", "name", "owaspCategory", "recommendation", "regex", "regexPatterns", "severity", "supportsAst", "type"]
18:49:03.241 request_id=GE6XX-adfs-XSnMAAHeB [debug] Formatting pattern: "elixir-xss-raw-html"
18:49:03.241 request_id=GE6XX-adfs-XSnMAAHeB [debug] Formatted pattern keys: ["cweId", "description", "examples", "frameworks", "id", "languages", "name", "owaspCategory", "recommendation", "regex", "regexPatterns", "severity", "supportsAst", "type"]
18:49:03.241 request_id=GE6XX-adfs-XSnMAAHeB [debug] Formatting pattern: "elixir-insecure-random"
18:49:03.241 request_id=GE6XX-adfs-XSnMAAHeB [debug] Formatted pattern keys: ["cweId", "description", "examples", "frameworks", "id", "languages", "name", "owaspCategory", "recommendation", "regex", "regexPatterns", "severity", "supportsAst", "type"]
18:49:03.241 request_id=GE6XX-adfs-XSnMAAHeB [debug] Formatting pattern: "elixir-unsafe-atom-creation"
18:49:03.241 request_id=GE6XX-adfs-XSnMAAHeB [debug] Formatted pattern keys: ["cweId", "description", "examples", "frameworks", "id", "languages", "name", "owaspCategory", "recommendation", "regex", "regexPatterns", "severity", "supportsAst", "type"]
18:49:03.241 request_id=GE6XX-adfs-XSnMAAHeB [debug] Formatting pattern: "elixir-code-injection-eval"
18:49:03.241 request_id=GE6XX-adfs-XSnMAAHeB [debug] Formatted pattern keys: ["cweId", "description", "examples", "frameworks", "id", "languages", "name", "owaspCategory", "recommendation", "regex", "regexPatterns", "severity", "supportsAst", "type"]
18:49:03.241 request_id=GE6XX-adfs-XSnMAAHeB [debug] Formatting pattern: "elixir-deserialization-erlang"
18:49:03.241 request_id=GE6XX-adfs-XSnMAAHeB [debug] Formatted pattern keys: ["cweId", "description", "examples", "frameworks", "id", "languages", "name", "owaspCategory", "recommendation", "regex", "regexPatterns", "severity", "supportsAst", "type"]
18:49:03.241 request_id=GE6XX-adfs-XSnMAAHeB [debug] Formatting pattern: "elixir-path-traversal"
18:49:03.241 request_id=GE6XX-adfs-XSnMAAHeB [debug] Formatted pattern keys: ["cweId", "description", "examples", "frameworks", "id", "languages", "name", "owaspCategory", "recommendation", "regex", "regexPatterns", "severity", "supportsAst", "type"]
18:49:03.241 request_id=GE6XX-adfs-XSnMAAHeB [debug] Formatting pattern: "elixir-ssrf-httpoison"
18:49:03.241 request_id=GE6XX-adfs-XSnMAAHeB [debug] Formatted pattern keys: ["cweId", "description", "examples", "frameworks", "id", "languages", "name", "owaspCategory", "recommendation", "regex", "regexPatterns", "severity", "supportsAst", "type"]
18:49:03.241 request_id=GE6XX-adfs-XSnMAAHeB [debug] Formatting pattern: "elixir-weak-crypto-md5"
18:49:03.241 request_id=GE6XX-adfs-XSnMAAHeB [debug] Formatted pattern keys: ["cweId", "description", "examples", "frameworks", "id", "languages", "name", "owaspCategory", "recommendation", "regex", "regexPatterns", "severity", "supportsAst", "type"]
18:49:03.241 request_id=GE6XX-adfs-XSnMAAHeB [debug] Formatting pattern: "elixir-weak-crypto-sha1"
18:49:03.241 request_id=GE6XX-adfs-XSnMAAHeB [debug] Formatted pattern keys: ["cweId", "description", "examples", "frameworks", "id", "languages", "name", "owaspCategory", "recommendation", "regex", "regexPatterns", "severity", "supportsAst", "type"]
18:49:03.241 request_id=GE6XX-adfs-XSnMAAHeB [debug] Formatting pattern: "elixir-missing-csrf-protection"
18:49:03.241 request_id=GE6XX-adfs-XSnMAAHeB [debug] Formatted pattern keys: ["cweId", "description", "examples", "frameworks", "id", "languages", "name", "owaspCategory", "recommendation", "regex", "regexPatterns", "severity", "supportsAst", "type"]
18:49:03.241 request_id=GE6XX-adfs-XSnMAAHeB [debug] Formatting pattern: "elixir-debug-mode-enabled"
18:49:03.241 request_id=GE6XX-adfs-XSnMAAHeB [debug] Formatted pattern keys: ["cweId", "description", "examples", "frameworks", "id", "languages", "name", "owaspCategory", "recommendation", "regex", "regexPatterns", "severity", "supportsAst", "type"]
18:49:03.241 request_id=GE6XX-adfs-XSnMAAHeB [debug] Formatting pattern: "elixir-unsafe-process-spawn"
18:49:03.241 request_id=GE6XX-adfs-XSnMAAHeB [debug] Formatted pattern keys: ["cweId", "description", "examples", "frameworks", "id", "languages", "name", "owaspCategory", "recommendation", "regex", "regexPatterns", "severity", "supportsAst", "type"]
18:49:03.241 request_id=GE6XX-adfs-XSnMAAHeB [debug] Formatting pattern: "elixir-atom-exhaustion"
18:49:03.241 request_id=GE6XX-adfs-XSnMAAHeB [debug] Formatted pattern keys: ["cweId", "description", "examples", "frameworks", "id", "languages", "name", "owaspCategory", "recommendation", "regex", "regexPatterns", "severity", "supportsAst", "type"]
18:49:03.241 request_id=GE6XX-adfs-XSnMAAHeB [debug] Formatting pattern: "elixir-ets-public-table"
18:49:03.241 request_id=GE6XX-adfs-XSnMAAHeB [debug] Formatted pattern keys: ["cweId", "description", "examples", "frameworks", "id", "languages", "name", "owaspCategory", "recommendation", "regex", "regexPatterns", "severity", "supportsAst", "type"]
18:49:03.241 request_id=GE6XX-adfs-XSnMAAHeB [debug] Formatting pattern: "elixir-missing-auth-pipeline"
18:49:03.241 request_id=GE6XX-adfs-XSnMAAHeB [debug] Formatted pattern keys: ["cweId", "description", "examples", "frameworks", "id", "languages", "name", "owaspCategory", "recommendation", "regex", "regexPatterns", "severity", "supportsAst", "type"]
18:49:03.241 request_id=GE6XX-adfs-XSnMAAHeB [debug] Formatting pattern: "elixir-unsafe-redirect"
18:49:03.241 request_id=GE6XX-adfs-XSnMAAHeB [debug] Formatted pattern keys: ["cweId", "description", "examples", "frameworks", "id", "languages", "name", "owaspCategory", "recommendation", "regex", "regexPatterns", "severity", "supportsAst", "type"]
18:49:03.241 request_id=GE6XX-adfs-XSnMAAHeB [debug] Formatting pattern: "elixir-hardcoded-secrets"
18:49:03.241 request_id=GE6XX-adfs-XSnMAAHeB [debug] Formatted pattern keys: ["cweId", "description", "examples", "frameworks", "id", "languages", "name", "owaspCategory", "recommendation", "regex", "regexPatterns", "severity", "supportsAst", "type"]
18:49:03.241 request_id=GE6XX-adfs-XSnMAAHeB [debug] Formatting pattern: "elixir-unsafe-json-decode"
18:49:03.241 request_id=GE6XX-adfs-XSnMAAHeB [debug] Formatted pattern keys: ["cweId", "description", "examples", "frameworks", "id", "languages", "name", "owaspCategory", "recommendation", "regex", "regexPatterns", "severity", "supportsAst", "type"]
18:49:03.241 request_id=GE6XX-adfs-XSnMAAHeB [debug] Formatting pattern: "elixir-cookie-security"
18:49:03.241 request_id=GE6XX-adfs-XSnMAAHeB [debug] Formatted pattern keys: ["cweId", "description", "examples", "frameworks", "id", "languages", "name", "owaspCategory", "recommendation", "regex", "regexPatterns", "severity", "supportsAst", "type"]
18:49:03.241 request_id=GE6XX-adfs-XSnMAAHeB [debug] Formatting pattern: "elixir-unsafe-file-upload"
18:49:03.241 request_id=GE6XX-adfs-XSnMAAHeB [debug] Formatted pattern keys: ["cweId", "description", "examples", "frameworks", "id", "languages", "name", "owaspCategory", "recommendation", "regex", "regexPatterns", "severity", "supportsAst", "type"]
18:49:03.241 request_id=GE6XX-adfs-XSnMAAHeB [debug] Formatting pattern: "elixir-insufficient-input-validation"
18:49:03.242 request_id=GE6XX-adfs-XSnMAAHeB [debug] Formatted pattern keys: ["cweId", "description", "examples", "frameworks", "id", "languages", "name", "owaspCategory", "recommendation", "regex", "regexPatterns", "severity", "supportsAst", "type"]
18:49:03.242 request_id=GE6XX-adfs-XSnMAAHeB [debug] Formatting pattern: "elixir-exposed-error-details"
18:49:03.242 request_id=GE6XX-adfs-XSnMAAHeB [debug] Formatted pattern keys: ["cweId", "description", "examples", "frameworks", "id", "languages", "name", "owaspCategory", "recommendation", "regex", "regexPatterns", "severity", "supportsAst", "type"]
18:49:03.242 request_id=GE6XX-adfs-XSnMAAHeB [debug] Formatting pattern: "elixir-unsafe-genserver-calls"
18:49:03.242 request_id=GE6XX-adfs-XSnMAAHeB [debug] Formatted pattern keys: ["cweId", "description", "examples", "frameworks", "id", "languages", "name", "owaspCategory", "recommendation", "regex", "regexPatterns", "severity", "supportsAst", "type"]
18:49:03.242 request_id=GE6XX-adfs-XSnMAAHeB [debug] Formatting pattern: "elixir-missing-ssl-verification"
18:49:03.242 request_id=GE6XX-adfs-XSnMAAHeB [debug] Formatted pattern keys: ["cweId", "description", "examples", "frameworks", "id", "languages", "name", "owaspCategory", "recommendation", "regex", "regexPatterns", "severity", "supportsAst", "type"]
18:49:03.242 request_id=GE6XX-adfs-XSnMAAHeB [debug] Formatting pattern: "elixir-weak-password-hashing"
18:49:03.242 request_id=GE6XX-adfs-XSnMAAHeB [debug] Formatted pattern keys: ["cweId", "description", "examples", "frameworks", "id", "languages", "name", "owaspCategory", "recommendation", "regex", "regexPatterns", "severity", "supportsAst", "type"]
18:49:03.242 request_id=GE6XX-adfs-XSnMAAHeB [info] Sent 200 in 2ms
18:49:03.243 request_id=GE6XX-bHTauXSnMAABGO [info] GET /api/v1/patterns
18:49:03.243 request_id=GE6XX-bHTauXSnMAABGO [debug] Processing with RSOLVWeb.Api.V1.PatternController.index/2
  Parameters: %{"language" => "php"}
  Pipelines: [:api]
18:49:03.243 request_id=GE6XX-bHTauXSnMAABGO [info] Pattern API called with params: %{"language" => "php"}
18:49:03.243 request_id=GE6XX-bHTauXSnMAABGO [info] Language: php, Format: standard
18:49:03.243 request_id=GE6XX-bHTauXSnMAABGO [info] Has API key: true
18:49:03.243 request_id=GE6XX-bHTauXSnMAABGO [info] Getting enhanced patterns for php
18:49:03.243 request_id=GE6XX-bHTauXSnMAABGO [info] Retrieved 25 patterns
18:49:03.243 request_id=GE6XX-bHTauXSnMAABGO [debug] Formatting pattern: "php-sql-injection-concat"
18:49:03.243 request_id=GE6XX-bHTauXSnMAABGO [debug] Formatted pattern keys: ["cweId", "description", "examples", "frameworks", "id", "languages", "name", "owaspCategory", "recommendation", "regex", "regexPatterns", "severity", "supportsAst", "type"]
18:49:03.243 request_id=GE6XX-bHTauXSnMAABGO [debug] Formatting pattern: "php-sql-injection-interpolation"
18:49:03.243 request_id=GE6XX-bHTauXSnMAABGO [debug] Formatted pattern keys: ["cweId", "description", "examples", "frameworks", "id", "languages", "name", "owaspCategory", "recommendation", "regex", "regexPatterns", "severity", "supportsAst", "type"]
18:49:03.243 request_id=GE6XX-bHTauXSnMAABGO [debug] Formatting pattern: "php-command-injection"
18:49:03.243 request_id=GE6XX-bHTauXSnMAABGO [debug] Formatted pattern keys: ["cweId", "description", "examples", "frameworks", "id", "languages", "name", "owaspCategory", "recommendation", "regex", "regexPatterns", "severity", "supportsAst", "type"]
18:49:03.243 request_id=GE6XX-bHTauXSnMAABGO [debug] Formatting pattern: "php-xss-echo"
18:49:03.243 request_id=GE6XX-bHTauXSnMAABGO [debug] Formatted pattern keys: ["cweId", "description", "examples", "frameworks", "id", "languages", "name", "owaspCategory", "recommendation", "regex", "regexPatterns", "severity", "supportsAst", "type"]
18:49:03.243 request_id=GE6XX-bHTauXSnMAABGO [debug] Formatting pattern: "php-xss-print"
18:49:03.243 request_id=GE6XX-bHTauXSnMAABGO [debug] Formatted pattern keys: ["cweId", "description", "examples", "frameworks", "id", "languages", "name", "owaspCategory", "recommendation", "regex", "regexPatterns", "severity", "supportsAst", "type"]
18:49:03.243 request_id=GE6XX-bHTauXSnMAABGO [debug] Formatting pattern: "php-file-inclusion"
18:49:03.243 request_id=GE6XX-bHTauXSnMAABGO [debug] Formatted pattern keys: ["cweId", "description", "examples", "frameworks", "id", "languages", "name", "owaspCategory", "recommendation", "regex", "regexPatterns", "severity", "supportsAst", "type"]
18:49:03.243 request_id=GE6XX-bHTauXSnMAABGO [debug] Formatting pattern: "php-file-upload-no-validation"
18:49:03.243 request_id=GE6XX-bHTauXSnMAABGO [debug] Formatted pattern keys: ["cweId", "description", "examples", "frameworks", "id", "languages", "name", "owaspCategory", "recommendation", "regex", "regexPatterns", "severity", "supportsAst", "type"]
18:49:03.243 request_id=GE6XX-bHTauXSnMAABGO [debug] Formatting pattern: "php-weak-password-hash"
18:49:03.243 request_id=GE6XX-bHTauXSnMAABGO [debug] Formatted pattern keys: ["cweId", "description", "examples", "frameworks", "id", "languages", "name", "owaspCategory", "recommendation", "regex", "regexPatterns", "severity", "supportsAst", "type"]
18:49:03.243 request_id=GE6XX-bHTauXSnMAABGO [debug] Formatting pattern: "php-hardcoded-credentials"
18:49:03.243 request_id=GE6XX-bHTauXSnMAABGO [debug] Formatted pattern keys: ["cweId", "description", "examples", "frameworks", "id", "languages", "name", "owaspCategory", "recommendation", "regex", "regexPatterns", "severity", "supportsAst", "type"]
18:49:03.243 request_id=GE6XX-bHTauXSnMAABGO [debug] Formatting pattern: "php-insecure-random"
18:49:03.243 request_id=GE6XX-bHTauXSnMAABGO [debug] Formatted pattern keys: ["cweId", "description", "examples", "frameworks", "id", "languages", "name", "owaspCategory", "recommendation", "regex", "regexPatterns", "severity", "supportsAst", "type"]
18:49:03.243 request_id=GE6XX-bHTauXSnMAABGO [debug] Formatting pattern: "php-unsafe-deserialization"
18:49:03.243 request_id=GE6XX-bHTauXSnMAABGO [debug] Formatted pattern keys: ["cweId", "description", "examples", "frameworks", "id", "languages", "name", "owaspCategory", "recommendation", "regex", "regexPatterns", "severity", "supportsAst", "type"]
18:49:03.243 request_id=GE6XX-bHTauXSnMAABGO [debug] Formatting pattern: "php-xxe-vulnerability"
18:49:03.243 request_id=GE6XX-bHTauXSnMAABGO [debug] Formatted pattern keys: ["cweId", "description", "examples", "frameworks", "id", "languages", "name", "owaspCategory", "recommendation", "regex", "regexPatterns", "severity", "supportsAst", "type"]
18:49:03.243 request_id=GE6XX-bHTauXSnMAABGO [debug] Formatting pattern: "php-path-traversal"
18:49:03.243 request_id=GE6XX-bHTauXSnMAABGO [debug] Formatted pattern keys: ["cweId", "description", "examples", "frameworks", "id", "languages", "name", "owaspCategory", "recommendation", "regex", "regexPatterns", "severity", "supportsAst", "type"]
18:49:03.243 request_id=GE6XX-bHTauXSnMAABGO [debug] Formatting pattern: "php-ssrf-vulnerability"
18:49:03.243 request_id=GE6XX-bHTauXSnMAABGO [debug] Formatted pattern keys: ["cweId", "description", "examples", "frameworks", "id", "languages", "name", "owaspCategory", "recommendation", "regex", "regexPatterns", "severity", "supportsAst", "type"]
18:49:03.243 request_id=GE6XX-bHTauXSnMAABGO [debug] Formatting pattern: "php-session-fixation"
18:49:03.243 request_id=GE6XX-bHTauXSnMAABGO [debug] Formatted pattern keys: ["cweId", "description", "examples", "frameworks", "id", "languages", "name", "owaspCategory", "recommendation", "regex", "regexPatterns", "severity", "supportsAst", "type"]
18:49:03.243 request_id=GE6XX-bHTauXSnMAABGO [debug] Formatting pattern: "php-weak-crypto"
18:49:03.243 request_id=GE6XX-bHTauXSnMAABGO [debug] Formatted pattern keys: ["cweId", "description", "examples", "frameworks", "id", "languages", "name", "owaspCategory", "recommendation", "regex", "regexPatterns", "severity", "supportsAst", "type"]
18:49:03.243 request_id=GE6XX-bHTauXSnMAABGO [debug] Formatting pattern: "php-ldap-injection"
18:49:03.243 request_id=GE6XX-bHTauXSnMAABGO [debug] Formatted pattern keys: ["cweId", "description", "examples", "frameworks", "id", "languages", "name", "owaspCategory", "recommendation", "regex", "regexPatterns", "severity", "supportsAst", "type"]
18:49:03.243 request_id=GE6XX-bHTauXSnMAABGO [debug] Formatting pattern: "php-xpath-injection"
18:49:03.243 request_id=GE6XX-bHTauXSnMAABGO [debug] Formatted pattern keys: ["cweId", "description", "examples", "frameworks", "id", "languages", "name", "owaspCategory", "recommendation", "regex", "regexPatterns", "severity", "supportsAst", "type"]
18:49:03.243 request_id=GE6XX-bHTauXSnMAABGO [debug] Formatting pattern: "php-eval-usage"
18:49:03.243 request_id=GE6XX-bHTauXSnMAABGO [debug] Formatted pattern keys: ["cweId", "description", "examples", "frameworks", "id", "languages", "name", "owaspCategory", "recommendation", "regex", "regexPatterns", "severity", "supportsAst", "type"]
18:49:03.243 request_id=GE6XX-bHTauXSnMAABGO [debug] Formatting pattern: "php-extract-usage"
18:49:03.243 request_id=GE6XX-bHTauXSnMAABGO [debug] Formatted pattern keys: ["cweId", "description", "examples", "frameworks", "id", "languages", "name", "owaspCategory", "recommendation", "regex", "regexPatterns", "severity", "supportsAst", "type"]
18:49:03.243 request_id=GE6XX-bHTauXSnMAABGO [debug] Formatting pattern: "php-register-globals"
18:49:03.243 request_id=GE6XX-bHTauXSnMAABGO [debug] Formatted pattern keys: ["cweId", "description", "examples", "frameworks", "id", "languages", "name", "owaspCategory", "recommendation", "regex", "regexPatterns", "severity", "supportsAst", "type"]
18:49:03.243 request_id=GE6XX-bHTauXSnMAABGO [debug] Formatting pattern: "php-open-redirect"
18:49:03.243 request_id=GE6XX-bHTauXSnMAABGO [debug] Formatted pattern keys: ["cweId", "description", "examples", "frameworks", "id", "languages", "name", "owaspCategory", "recommendation", "regex", "regexPatterns", "severity", "supportsAst", "type"]
18:49:03.243 request_id=GE6XX-bHTauXSnMAABGO [debug] Formatting pattern: "php-missing-csrf-token"
18:49:03.243 request_id=GE6XX-bHTauXSnMAABGO [debug] Formatted pattern keys: ["cweId", "description", "examples", "frameworks", "id", "languages", "name", "owaspCategory", "recommendation", "regex", "regexPatterns", "severity", "supportsAst", "type"]
18:49:03.243 request_id=GE6XX-bHTauXSnMAABGO [debug] Formatting pattern: "php-debug-mode-enabled"
18:49:03.243 request_id=GE6XX-bHTauXSnMAABGO [debug] Formatted pattern keys: ["cweId", "description", "examples", "frameworks", "id", "languages", "name", "owaspCategory", "recommendation", "regex", "regexPatterns", "severity", "supportsAst", "type"]
18:49:03.243 request_id=GE6XX-bHTauXSnMAABGO [debug] Formatting pattern: "php-error-display"
18:49:03.244 request_id=GE6XX-bHTauXSnMAABGO [debug] Formatted pattern keys: ["cweId", "description", "examples", "frameworks", "id", "languages", "name", "owaspCategory", "recommendation", "regex", "regexPatterns", "severity", "supportsAst", "type"]
18:49:03.244 request_id=GE6XX-bHTauXSnMAABGO [info] Sent 200 in 953µs
18:49:03.244 request_id=GE6XX-bgxx3DTfUAAAEN [info] GET /api/v1/patterns
18:49:03.244 request_id=GE6XX-bgxx3DTfUAAAEN [debug] Processing with RSOLVWeb.Api.V1.PatternController.index/2
  Parameters: %{"format" => "enhanced", "language" => "java"}
  Pipelines: [:api]
18:49:03.244 request_id=GE6XX-bgxx3DTfUAAAEN [info] Pattern API called with params: %{"format" => "enhanced", "language" => "java"}
18:49:03.244 request_id=GE6XX-bgxx3DTfUAAAEN [info] Language: java, Format: enhanced
18:49:03.244 request_id=GE6XX-bgxx3DTfUAAAEN [info] Has API key: false
18:49:03.245 request_id=GE6XX-bgxx3DTfUAAAEN [info] Getting demo patterns for java
18:49:03.245 request_id=GE6XX-bgxx3DTfUAAAEN [info] Retrieved 3 patterns
18:49:03.245 request_id=GE6XX-bgxx3DTfUAAAEN [debug] Formatting pattern: "java-sql-injection-statement"
18:49:03.245 request_id=GE6XX-bgxx3DTfUAAAEN [debug] Formatted pattern keys: ["cweId", "description", "examples", "frameworks", "id", "languages", "name", "owaspCategory", "recommendation", "regex", "regexPatterns", "severity", "supportsAst", "type"]
18:49:03.245 request_id=GE6XX-bgxx3DTfUAAAEN [debug] Formatting pattern: "java-xxe-documentbuilder"
18:49:03.245 request_id=GE6XX-bgxx3DTfUAAAEN [debug] Formatted pattern keys: ["cweId", "description", "examples", "frameworks", "id", "languages", "name", "owaspCategory", "recommendation", "regex", "regexPatterns", "severity", "supportsAst", "type"]
18:49:03.245 request_id=GE6XX-bgxx3DTfUAAAEN [debug] Formatting pattern: "java-weak-random"
18:49:03.245 request_id=GE6XX-bgxx3DTfUAAAEN [debug] Formatted pattern keys: ["cweId", "description", "examples", "frameworks", "id", "languages", "name", "owaspCategory", "recommendation", "regex", "regexPatterns", "severity", "supportsAst", "type"]
18:49:03.245 request_id=GE6XX-bgxx3DTfUAAAEN [info] Sent 200 in 292µs
18:49:03.245 request_id=GE6XX-bqSg-stPIAAAGN [info] GET /api/v1/patterns
18:49:03.245 request_id=GE6XX-bqSg-stPIAAAGN [debug] Processing with RSOLVWeb.Api.V1.PatternController.index/2
  Parameters: %{"language" => "javascript"}
  Pipelines: [:api]
18:49:03.245 request_id=GE6XX-bqSg-stPIAAAGN [info] Pattern API called with params: %{"language" => "javascript"}
18:49:03.245 request_id=GE6XX-bqSg-stPIAAAGN [info] Language: javascript, Format: standard
18:49:03.245 request_id=GE6XX-bqSg-stPIAAAGN [info] Has API key: false
18:49:03.245 request_id=GE6XX-bqSg-stPIAAAGN [info] Getting demo patterns for javascript
18:49:03.245 request_id=GE6XX-bqSg-stPIAAAGN [info] Retrieved 5 patterns
18:49:03.245 request_id=GE6XX-bqSg-stPIAAAGN [debug] Formatting pattern: "js-sql-injection-concat"
18:49:03.245 request_id=GE6XX-bqSg-stPIAAAGN [debug] Formatted pattern keys: ["cweId", "description", "examples", "frameworks", "id", "languages", "name", "owaspCategory", "recommendation", "regex", "regexPatterns", "severity", "supportsAst", "type"]
18:49:03.245 request_id=GE6XX-bqSg-stPIAAAGN [debug] Formatting pattern: "js-xss-innerhtml"
18:49:03.245 request_id=GE6XX-bqSg-stPIAAAGN [debug] Formatted pattern keys: ["cweId", "description", "examples", "frameworks", "id", "languages", "name", "owaspCategory", "recommendation", "regex", "regexPatterns", "severity", "supportsAst", "type"]
18:49:03.245 request_id=GE6XX-bqSg-stPIAAAGN [debug] Formatting pattern: "js-command-injection-exec"
18:49:03.245 request_id=GE6XX-bqSg-stPIAAAGN [debug] Formatted pattern keys: ["cweId", "description", "examples", "frameworks", "id", "languages", "name", "owaspCategory", "recommendation", "regex", "regexPatterns", "severity", "supportsAst", "type"]
18:49:03.245 request_id=GE6XX-bqSg-stPIAAAGN [debug] Formatting pattern: "js-weak-crypto-md5"
18:49:03.245 request_id=GE6XX-bqSg-stPIAAAGN [debug] Formatted pattern keys: ["cweId", "description", "examples", "frameworks", "id", "languages", "name", "owaspCategory", "recommendation", "regex", "regexPatterns", "severity", "supportsAst", "type"]
18:49:03.245 request_id=GE6XX-bqSg-stPIAAAGN [debug] Formatting pattern: "js-hardcoded-secret-api-key"
18:49:03.245 request_id=GE6XX-bqSg-stPIAAAGN [debug] Formatted pattern keys: ["cweId", "description", "examples", "frameworks", "id", "languages", "name", "owaspCategory", "recommendation", "regex", "regexPatterns", "severity", "supportsAst", "type"]
18:49:03.245 request_id=GE6XX-bqSg-stPIAAAGN [info] Sent 200 in 323µs
18:49:03.246 request_id=GE6XX-b3oNaZ5MYAAFCE [info] GET /api/v1/patterns
18:49:03.246 request_id=GE6XX-b3oNaZ5MYAAFCE [debug] Processing with RSOLVWeb.Api.V1.PatternController.index/2
  Parameters: %{"language" => "javascript"}
  Pipelines: [:api]
18:49:03.246 request_id=GE6XX-b3oNaZ5MYAAFCE [info] Pattern API called with params: %{"language" => "javascript"}
18:49:03.247 request_id=GE6XX-b3oNaZ5MYAAFCE [info] Language: javascript, Format: standard
18:49:03.247 request_id=GE6XX-b3oNaZ5MYAAFCE [info] Has API key: false
18:49:03.247 request_id=GE6XX-b3oNaZ5MYAAFCE [info] Getting demo patterns for javascript
18:49:03.247 request_id=GE6XX-b3oNaZ5MYAAFCE [info] Retrieved 5 patterns
18:49:03.247 request_id=GE6XX-b3oNaZ5MYAAFCE [debug] Formatting pattern: "js-sql-injection-concat"
18:49:03.247 request_id=GE6XX-b3oNaZ5MYAAFCE [debug] Formatted pattern keys: ["cweId", "description", "examples", "frameworks", "id", "languages", "name", "owaspCategory", "recommendation", "regex", "regexPatterns", "severity", "supportsAst", "type"]
18:49:03.247 request_id=GE6XX-b3oNaZ5MYAAFCE [debug] Formatting pattern: "js-xss-innerhtml"
18:49:03.247 request_id=GE6XX-b3oNaZ5MYAAFCE [debug] Formatted pattern keys: ["cweId", "description", "examples", "frameworks", "id", "languages", "name", "owaspCategory", "recommendation", "regex", "regexPatterns", "severity", "supportsAst", "type"]
18:49:03.247 request_id=GE6XX-b3oNaZ5MYAAFCE [debug] Formatting pattern: "js-command-injection-exec"
18:49:03.247 request_id=GE6XX-b3oNaZ5MYAAFCE [debug] Formatted pattern keys: ["cweId", "description", "examples", "frameworks", "id", "languages", "name", "owaspCategory", "recommendation", "regex", "regexPatterns", "severity", "supportsAst", "type"]
18:49:03.247 request_id=GE6XX-b3oNaZ5MYAAFCE [debug] Formatting pattern: "js-weak-crypto-md5"
18:49:03.247 request_id=GE6XX-b3oNaZ5MYAAFCE [debug] Formatted pattern keys: ["cweId", "description", "examples", "frameworks", "id", "languages", "name", "owaspCategory", "recommendation", "regex", "regexPatterns", "severity", "supportsAst", "type"]
18:49:03.247 request_id=GE6XX-b3oNaZ5MYAAFCE [debug] Formatting pattern: "js-hardcoded-secret-api-key"
18:49:03.247 request_id=GE6XX-b3oNaZ5MYAAFCE [debug] Formatted pattern keys: ["cweId", "description", "examples", "frameworks", "id", "languages", "name", "owaspCategory", "recommendation", "regex", "regexPatterns", "severity", "supportsAst", "type"]
18:49:03.247 request_id=GE6XX-b3oNaZ5MYAAFCE [info] Sent 200 in 1ms
.18:49:03.248 request_id=GE6XX-cV44QZzxAAAAIN [info] GET /api/v1/patterns
18:49:03.248 request_id=GE6XX-cV44QZzxAAAAIN [debug] Processing with RSOLVWeb.Api.V1.PatternController.index/2
  Parameters: %{}
  Pipelines: [:api]
..18:49:03.248 request_id=GE6XX-cV44QZzxAAAAIN [info] Pattern API called with params: %{}
18:49:03.248 request_id=GE6XX-cV44QZzxAAAAIN [info] Language: javascript, Format: standard
18:49:03.248 request_id=GE6XX-cV44QZzxAAAAIN [info] Has API key: false
.18:49:03.248 request_id=GE6XX-cV44QZzxAAAAIN [info] Getting demo patterns for javascript
.18:49:03.248 request_id=GE6XX-cV44QZzxAAAAIN [info] Retrieved 5 patterns
....18:49:03.248 request_id=GE6XX-cV44QZzxAAAAIN [debug] Formatting pattern: "js-sql-injection-concat"
.18:49:03.248 request_id=GE6XX-cV44QZzxAAAAIN [debug] Formatted pattern keys: ["cweId", "description", "examples", "frameworks", "id", "languages", "name", "owaspCategory", "recommendation", "regex", "regexPatterns", "severity", "supportsAst", "type"]
.18:49:03.248 request_id=GE6XX-cV44QZzxAAAAIN [debug] Formatting pattern: "js-xss-innerhtml"
.18:49:03.248 request_id=GE6XX-cV44QZzxAAAAIN [debug] Formatted pattern keys: ["cweId", "description", "examples", "frameworks", "id", "languages", "name", "owaspCategory", "recommendation", "regex", "regexPatterns", "severity", "supportsAst", "type"]
.18:49:03.248 request_id=GE6XX-cV44QZzxAAAAIN [debug] Formatting pattern: "js-command-injection-exec"
.18:49:03.248 request_id=GE6XX-cV44QZzxAAAAIN [debug] Formatted pattern keys: ["cweId", "description", "examples", "frameworks", "id", "languages", "name", "owaspCategory", "recommendation", "regex", "regexPatterns", "severity", "supportsAst", "type"]
.18:49:03.248 request_id=GE6XX-cV44QZzxAAAAIN [debug] Formatting pattern: "js-weak-crypto-md5"
................18:49:03.420 request_id=GE6XX_FWH0bk45UAAFWE [info] POST /api/v1/vulnerabilities/validate
18:49:03.420 request_id=GE6XX_FWH0bk45UAAFWE [debug] Processing with RSOLVWeb.Api.V1.VulnerabilityValidationController.validate/2
  Parameters: %{"files" => %{"test.js" => "// Line 1\neval(x);\n// More code"}, "vulnerabilities" => [%{"code" => "eval(x)", "filePath" => "test.js", "id" => "vuln-ttl", "line" => 1, "patternId" => "js-eval-injection", "severity" => "critical"}]}
  Pipelines: [:api]
.18:49:03.420 request_id=GE6XX_FWH0bk45UAAFWE [info] Sent 200 in 300µs
18:49:03.422 request_id=GE6XX_F7_SLZhqsAAFYE [info] POST /api/v1/vulnerabilities/validate
.18:49:03.422 request_id=GE6XX_F7_SLZhqsAAFYE [debug] Processing with RSOLVWeb.Api.V1.VulnerabilityValidationController.validate/2
  Parameters: %{"files" => %{"a.js" => "eval(x);", "b.js" => "eval(y);"}, "vulnerabilities" => [%{"code" => "eval(x)", "filePath" => "a.js", "id" => "vuln-1", "line" => 1, "patternId" => "eval", "severity" => "critical"}, %{"code" => "eval(y)", "filePath" => "b.js", "id" => "vuln-2", "line" => 2, "patternId" => "eval", "severity" => "critical"}, %{"code" => "eval(x)", "filePath" => "a.js", "id" => "vuln-3", "line" => 1, "patternId" => "eval", "severity" => "critical"}, %{"code" => "eval(y)", "filePath" => "b.js", "id" => "vuln-4", "line" => 2, "patternId" => "eval", "severity" => "critical"}]}
  Pipelines: [:api]
18:49:03.423 request_id=GE6XX_F7_SLZhqsAAFYE [info] Sent 200 in 241µs
18:49:03.531 [debug] Parser response received
18:49:03.531 [info] AnalysisService: Loaded 30 patterns for javascript
18:49:03.533 [info] AnalysisService: Found 18 matches
18:49:03.533 [debug] Match confidence: 0.7331249999999999, min_confidence: 0.7, match: %{type: "js-sql-injection-concat", context: %{node_type: "BinaryExpression", depth: 6, parent_type: "VariableDeclarator", in_function: "getUserData"}, location: %{depth: 6, end_column: 58, end_line: 2, start_line: 2, start_column: 16}, severity: "high", pattern_id: "js-sql-injection-concat", pattern_name: "SQL Injection via String Concatenation", recommendation: "Review this code for potential security issues", confidence: 0.85, pattern_type: :sql_injection}
18:49:03.533 [debug] Match confidence: 0.5145, min_confidence: 0.7, match: %{type: "js-xss-document-write", context: %{node_type: "CallExpression", depth: 5, parent_type: "ReturnStatement", in_function: "getUserData"}, location: %{depth: 5, end_column: 26, end_line: 3, start_line: 3, start_column: 9}, severity: "high", pattern_id: "js-xss-document-write", pattern_name: "Cross-Site Scripting (XSS) via document.write", recommendation: "Review this code for potential security issues", confidence: 0.85, pattern_type: :xss}
18:49:03.533 [debug] Match confidence: 0.5145, min_confidence: 0.7, match: %{type: "js-xss-jquery-html", context: %{node_type: "CallExpression", depth: 5, parent_type: "ReturnStatement", in_function: "getUserData"}, location: %{depth: 5, end_column: 26, end_line: 3, start_line: 3, start_column: 9}, severity: "high", pattern_id: "js-xss-jquery-html", pattern_name: "XSS via jQuery html()", recommendation: "Review this code for potential security issues", confidence: 0.85, pattern_type: :xss}
18:49:03.533 [debug] Match confidence: 0.5005, min_confidence: 0.7, match: %{type: "js-path-traversal-join", context: %{node_type: "CallExpression", depth: 5, parent_type: "ReturnStatement", in_function: "getUserData"}, location: %{depth: 5, end_column: 26, end_line: 3, start_line: 3, start_column: 9}, severity: "medium", pattern_id: "js-path-traversal-join", pattern_name: "Path Traversal via path.join", recommendation: "Review this code for potential security issues", confidence: 0.7, pattern_type: :path_traversal}
18:49:03.533 [debug] Match confidence: 0.5005, min_confidence: 0.7, match: %{type: "js-path-traversal-concat", context: %{node_type: "BinaryExpression", depth: 6, parent_type: "VariableDeclarator", in_function: "getUserData"}, location: %{depth: 6, end_column: 58, end_line: 2, start_line: 2, start_column: 16}, severity: "medium", pattern_id: "js-path-traversal-concat", pattern_name: "Path Traversal via String Concatenation", recommendation: "Review this code for potential security issues", confidence: 0.7, pattern_type: :path_traversal}
18:49:03.533 [debug] Match confidence: 0.5005, min_confidence: 0.7, match: %{type: "js-weak-crypto-md5", context: %{node_type: "CallExpression", depth: 5, parent_type: "ReturnStatement", in_function: "getUserData"}, location: %{depth: 5, end_column: 26, end_line: 3, start_line: 3, start_column: 9}, severity: "medium", pattern_id: "js-weak-crypto-md5", pattern_name: "Weak Cryptography - MD5", recommendation: "Review this code for potential security issues", confidence: 0.7, pattern_type: :weak_crypto}
18:49:03.533 [debug] Match confidence: 0.5005, min_confidence: 0.7, match: %{type: "js-weak-crypto-sha1", context: %{node_type: "CallExpression", depth: 5, parent_type: "ReturnStatement", in_function: "getUserData"}, location: %{depth: 5, end_column: 26, end_line: 3, start_line: 3, start_column: 9}, severity: "medium", pattern_id: "js-weak-crypto-sha1", pattern_name: "Weak Cryptography - SHA1", recommendation: "Review this code for potential security issues", confidence: 0.7, pattern_type: :weak_crypto}
18:49:03.533 [debug] Match confidence: 0.616, min_confidence: 0.7, match: %{type: "js-hardcoded-secret-password", context: %{node_type: "VariableDeclarator", depth: 5, parent_type: "VariableDeclaration", in_function: "getUserData"}, location: %{depth: 5, end_column: 58, end_line: 2, start_line: 2, start_column: 8}, severity: "high", pattern_id: "js-hardcoded-secret-password", pattern_name: "Hardcoded Password", recommendation: "Review this code for potential security issues", confidence: 0.9, pattern_type: :hardcoded_secret}
18:49:03.533 [debug] Match confidence: 0.616, min_confidence: 0.7, match: %{type: "js-hardcoded-secret-api-key", context: %{node_type: "VariableDeclarator", depth: 5, parent_type: "VariableDeclaration", in_function: "getUserData"}, location: %{depth: 5, end_column: 58, end_line: 2, start_line: 2, start_column: 8}, severity: "high", pattern_id: "js-hardcoded-secret-api-key", pattern_name: "Hardcoded API Key", recommendation: "Review this code for potential security issues", confidence: 0.9, pattern_type: :hardcoded_secret}
18:49:03.533 [debug] Match confidence: 0.5005, min_confidence: 0.7, match: %{type: "js-open-redirect", context: %{node_type: "CallExpression", depth: 5, parent_type: "ReturnStatement", in_function: "getUserData"}, location: %{depth: 5, end_column: 26, end_line: 3, start_line: 3, start_column: 9}, severity: "medium", pattern_id: "js-open-redirect", pattern_name: "Open Redirect Vulnerability", recommendation: "Review this code for potential security issues", confidence: 0.7, pattern_type: :open_redirect}
18:49:03.533 [debug] Match confidence: 0.5005, min_confidence: 0.7, match: %{type: "js-insecure-random", context: %{node_type: "CallExpression", depth: 5, parent_type: "ReturnStatement", in_function: "getUserData"}, location: %{depth: 5, end_column: 26, end_line: 3, start_line: 3, start_column: 9}, severity: "medium", pattern_id: "js-insecure-random", pattern_name: "Insecure Random Number Generation", recommendation: "Review this code for potential security issues", confidence: 0.7, pattern_type: :insecure_random}
18:49:03.533 [debug] Match confidence: 0.38675, min_confidence: 0.7, match: %{type: "js-nosql-injection", context: %{node_type: "CallExpression", depth: 5, parent_type: "ReturnStatement", in_function: "getUserData"}, location: %{depth: 5, end_column: 26, end_line: 3, start_line: 3, start_column: 9}, severity: "high", pattern_id: "js-nosql-injection", pattern_name: "NoSQL Injection", recommendation: "Review this code for potential security issues", confidence: 0.85, pattern_type: :nosql_injection}
18:49:03.533 [debug] Match confidence: 0.38675, min_confidence: 0.7, match: %{type: "js-ldap-injection", context: %{node_type: "CallExpression", depth: 5, parent_type: "ReturnStatement", in_function: "getUserData"}, location: %{depth: 5, end_column: 26, end_line: 3, start_line: 3, start_column: 9}, severity: "high", pattern_id: "js-ldap-injection", pattern_name: "LDAP Injection", recommendation: "Review this code for potential security issues", confidence: 0.85, pattern_type: :ldap_injection}
18:49:03.534 [debug] Match confidence: 0.38675, min_confidence: 0.7, match: %{type: "js-xpath-injection", context: %{node_type: "CallExpression", depth: 5, parent_type: "ReturnStatement", in_function: "getUserData"}, location: %{depth: 5, end_column: 26, end_line: 3, start_line: 3, start_column: 9}, severity: "high", pattern_id: "js-xpath-injection", pattern_name: "XPath Injection", recommendation: "Review this code for potential security issues", confidence: 0.85, pattern_type: :xpath_injection}
18:49:03.534 [debug] Match confidence: 0.5005, min_confidence: 0.7, match: %{type: "js-ssrf", context: %{node_type: "CallExpression", depth: 5, parent_type: "ReturnStatement", in_function: "getUserData"}, location: %{depth: 5, end_column: 26, end_line: 3, start_line: 3, start_column: 9}, severity: "medium", pattern_id: "js-ssrf", pattern_name: "Server-Side Request Forgery (SSRF)", recommendation: "Review this code for potential security issues", confidence: 0.7, pattern_type: :ssrf}
18:49:03.534 [debug] Match confidence: 0.5005, min_confidence: 0.7, match: %{type: "js-insecure-deserialization", context: %{node_type: "CallExpression", depth: 5, parent_type: "ReturnStatement", in_function: "getUserData"}, location: %{depth: 5, end_column: 26, end_line: 3, start_line: 3, start_column: 9}, severity: "medium", pattern_id: "js-insecure-deserialization", pattern_name: "Insecure Deserialization", recommendation: "Review this code for potential security issues", confidence: 0.7, pattern_type: :deserialization}
18:49:03.534 [debug] Match confidence: 0.5005, min_confidence: 0.7, match: %{type: "js-jwt-none-algorithm", context: %{node_type: "CallExpression", depth: 5, parent_type: "ReturnStatement", in_function: "getUserData"}, location: %{depth: 5, end_column: 26, end_line: 3, start_line: 3, start_column: 9}, severity: "medium", pattern_id: "js-jwt-none-algorithm", pattern_name: "JWT None Algorithm Vulnerability", recommendation: "Review this code for potential security issues", confidence: 0.7, pattern_type: :authentication}
18:49:03.534 [debug] Match confidence: 0.5005, min_confidence: 0.7, match: %{type: "js-debug-console-log", context: %{node_type: "CallExpression", depth: 5, parent_type: "ReturnStatement", in_function: "getUserData"}, location: %{depth: 5, end_column: 26, end_line: 3, start_line: 3, start_column: 9}, severity: "medium", pattern_id: "js-debug-console-log", pattern_name: "Sensitive Data in Console Logs", recommendation: "Review this code for potential security issues", confidence: 0.7, pattern_type: :information_disclosure}
.18:49:03.662 [debug] Parser response received
.18:49:03.798 [debug] Parser response received
18:49:03.799 [info] AnalysisService: Loaded 30 patterns for javascript
18:49:03.801 [info] AnalysisService: Found 16 matches
18:49:03.801 [debug] Match confidence: 0.5145, min_confidence: 0.7, match: %{type: "js-xss-document-write", context: %{node_type: "CallExpression", depth: 5, parent_type: "ReturnStatement", in_function: "getUserDataSafe"}, location: %{depth: 5, end_column: 36, end_line: 3, start_line: 3, start_column: 9}, severity: "high", pattern_id: "js-xss-document-write", pattern_name: "Cross-Site Scripting (XSS) via document.write", recommendation: "Review this code for potential security issues", confidence: 0.85, pattern_type: :xss}
18:49:03.801 [debug] Match confidence: 0.5145, min_confidence: 0.7, match: %{type: "js-xss-jquery-html", context: %{node_type: "CallExpression", depth: 5, parent_type: "ReturnStatement", in_function: "getUserDataSafe"}, location: %{depth: 5, end_column: 36, end_line: 3, start_line: 3, start_column: 9}, severity: "high", pattern_id: "js-xss-jquery-html", pattern_name: "XSS via jQuery html()", recommendation: "Review this code for potential security issues", confidence: 0.85, pattern_type: :xss}
18:49:03.801 [debug] Match confidence: 0.5005, min_confidence: 0.7, match: %{type: "js-path-traversal-join", context: %{node_type: "CallExpression", depth: 5, parent_type: "ReturnStatement", in_function: "getUserDataSafe"}, location: %{depth: 5, end_column: 36, end_line: 3, start_line: 3, start_column: 9}, severity: "medium", pattern_id: "js-path-traversal-join", pattern_name: "Path Traversal via path.join", recommendation: "Review this code for potential security issues", confidence: 0.7, pattern_type: :path_traversal}
18:49:03.801 [debug] Match confidence: 0.5005, min_confidence: 0.7, match: %{type: "js-weak-crypto-md5", context: %{node_type: "CallExpression", depth: 5, parent_type: "ReturnStatement", in_function: "getUserDataSafe"}, location: %{depth: 5, end_column: 36, end_line: 3, start_line: 3, start_column: 9}, severity: "medium", pattern_id: "js-weak-crypto-md5", pattern_name: "Weak Cryptography - MD5", recommendation: "Review this code for potential security issues", confidence: 0.7, pattern_type: :weak_crypto}
18:49:03.801 [debug] Match confidence: 0.5005, min_confidence: 0.7, match: %{type: "js-weak-crypto-sha1", context: %{node_type: "CallExpression", depth: 5, parent_type: "ReturnStatement", in_function: "getUserDataSafe"}, location: %{depth: 5, end_column: 36, end_line: 3, start_line: 3, start_column: 9}, severity: "medium", pattern_id: "js-weak-crypto-sha1", pattern_name: "Weak Cryptography - SHA1", recommendation: "Review this code for potential security issues", confidence: 0.7, pattern_type: :weak_crypto}
18:49:03.801 [debug] Match confidence: 0.616, min_confidence: 0.7, match: %{type: "js-hardcoded-secret-password", context: %{node_type: "VariableDeclarator", depth: 5, parent_type: "VariableDeclaration", in_function: "getUserDataSafe"}, location: %{depth: 5, end_column: 50, end_line: 2, start_line: 2, start_column: 8}, severity: "high", pattern_id: "js-hardcoded-secret-password", pattern_name: "Hardcoded Password", recommendation: "Review this code for potential security issues", confidence: 0.9, pattern_type: :hardcoded_secret}
18:49:03.801 [debug] Match confidence: 0.616, min_confidence: 0.7, match: %{type: "js-hardcoded-secret-api-key", context: %{node_type: "VariableDeclarator", depth: 5, parent_type: "VariableDeclaration", in_function: "getUserDataSafe"}, location: %{depth: 5, end_column: 50, end_line: 2, start_line: 2, start_column: 8}, severity: "high", pattern_id: "js-hardcoded-secret-api-key", pattern_name: "Hardcoded API Key", recommendation: "Review this code for potential security issues", confidence: 0.9, pattern_type: :hardcoded_secret}
18:49:03.801 [debug] Match confidence: 0.5005, min_confidence: 0.7, match: %{type: "js-open-redirect", context: %{node_type: "CallExpression", depth: 5, parent_type: "ReturnStatement", in_function: "getUserDataSafe"}, location: %{depth: 5, end_column: 36, end_line: 3, start_line: 3, start_column: 9}, severity: "medium", pattern_id: "js-open-redirect", pattern_name: "Open Redirect Vulnerability", recommendation: "Review this code for potential security issues", confidence: 0.7, pattern_type: :open_redirect}
18:49:03.801 [debug] Match confidence: 0.5005, min_confidence: 0.7, match: %{type: "js-insecure-random", context: %{node_type: "CallExpression", depth: 5, parent_type: "ReturnStatement", in_function: "getUserDataSafe"}, location: %{depth: 5, end_column: 36, end_line: 3, start_line: 3, start_column: 9}, severity: "medium", pattern_id: "js-insecure-random", pattern_name: "Insecure Random Number Generation", recommendation: "Review this code for potential security issues", confidence: 0.7, pattern_type: :insecure_random}
.18:49:03.801 [debug] Match confidence: 0.38675, min_confidence: 0.7, match: %{type: "js-nosql-injection", context: %{node_type: "CallExpression", depth: 5, parent_type: "ReturnStatement", in_function: "getUserDataSafe"}, location: %{depth: 5, end_column: 36, end_line: 3, start_line: 3, start_column: 9}, severity: "high", pattern_id: "js-nosql-injection", pattern_name: "NoSQL Injection", recommendation: "Review this code for potential security issues", confidence: 0.85, pattern_type: :nosql_injection}
18:49:03.802 [debug] Match confidence: 0.38675, min_confidence: 0.7, match: %{type: "js-ldap-injection", context: %{node_type: "CallExpression", depth: 5, parent_type: "ReturnStatement", in_function: "getUserDataSafe"}, location: %{depth: 5, end_column: 36, end_line: 3, start_line: 3, start_column: 9}, severity: "high", pattern_id: "js-ldap-injection", pattern_name: "LDAP Injection", recommendation: "Review this code for potential security issues", confidence: 0.85, pattern_type: :ldap_injection}
18:49:03.803 [debug] Match confidence: 0.38675, min_confidence: 0.7, match: %{type: "js-xpath-injection", context: %{node_type: "CallExpression", depth: 5, parent_type: "ReturnStatement", in_function: "getUserDataSafe"}, location: %{depth: 5, end_column: 36, end_line: 3, start_line: 3, start_column: 9}, severity: "high", pattern_id: "js-xpath-injection", pattern_name: "XPath Injection", recommendation: "Review this code for potential security issues", confidence: 0.85, pattern_type: :xpath_injection}
18:49:03.803 [debug] Match confidence: 0.5005, min_confidence: 0.7, match: %{type: "js-ssrf", context: %{node_type: "CallExpression", depth: 5, parent_type: "ReturnStatement", in_function: "getUserDataSafe"}, location: %{depth: 5, end_column: 36, end_line: 3, start_line: 3, start_column: 9}, severity: "medium", pattern_id: "js-ssrf", pattern_name: "Server-Side Request Forgery (SSRF)", recommendation: "Review this code for potential security issues", confidence: 0.7, pattern_type: :ssrf}
18:49:03.803 [debug] Match confidence: 0.5005, min_confidence: 0.7, match: %{type: "js-insecure-deserialization", context: %{node_type: "CallExpression", depth: 5, parent_type: "ReturnStatement", in_function: "getUserDataSafe"}, location: %{depth: 5, end_column: 36, end_line: 3, start_line: 3, start_column: 9}, severity: "medium", pattern_id: "js-insecure-deserialization", pattern_name: "Insecure Deserialization", recommendation: "Review this code for potential security issues", confidence: 0.7, pattern_type: :deserialization}
18:49:03.803 [debug] Match confidence: 0.5005, min_confidence: 0.7, match: %{type: "js-jwt-none-algorithm", context: %{node_type: "CallExpression", depth: 5, parent_type: "ReturnStatement", in_function: "getUserDataSafe"}, location: %{depth: 5, end_column: 36, end_line: 3, start_line: 3, start_column: 9}, severity: "medium", pattern_id: "js-jwt-none-algorithm", pattern_name: "JWT None Algorithm Vulnerability", recommendation: "Review this code for potential security issues", confidence: 0.7, pattern_type: :authentication}
18:49:03.803 [debug] Match confidence: 0.5005, min_confidence: 0.7, match: %{type: "js-debug-console-log", context: %{node_type: "CallExpression", depth: 5, parent_type: "ReturnStatement", in_function: "getUserDataSafe"}, location: %{depth: 5, end_column: 36, end_line: 3, start_line: 3, start_column: 9}, severity: "medium", pattern_id: "js-debug-console-log", pattern_name: "Sensitive Data in Console Logs", recommendation: "Review this code for potential security issues", confidence: 0.7, pattern_type: :information_disclosure}
18:49:04.825 [debug] Parser response received
18:49:04.825 [info] AnalysisService: Loaded 30 patterns for javascript
18:49:04.835 [info] AnalysisService: Found 46 matches
18:49:04.837 [debug] Match confidence: 0.5145, min_confidence: 0.7, match: %{type: "js-xss-document-write", context: %{node_type: "CallExpression", depth: 4, parent_type: "VariableDeclarator"}, location: %{depth: 4, end_column: 41, end_line: 1, start_line: 1, start_column: 17}, severity: "high", pattern_id: "js-xss-document-write", pattern_name: "Cross-Site Scripting (XSS) via document.write", recommendation: "Review this code for potential security issues", confidence: 0.85, pattern_type: :xss}
18:49:04.838 [debug] Match confidence: 0.5145, min_confidence: 0.7, match: %{type: "js-xss-document-write", context: %{node_type: "CallExpression", depth: 5, parent_type: "ExpressionStatement", in_function: "runCommand"}, location: %{depth: 5, end_column: 4, end_line: 6, start_line: 4, start_column: 2}, severity: "high", pattern_id: "js-xss-document-write", pattern_name: "Cross-Site Scripting (XSS) via document.write", recommendation: "Review this code for potential security issues", confidence: 0.85, pattern_type: :xss}
18:49:04.839 [debug] Match confidence: 0.5145, min_confidence: 0.7, match: %{type: "js-xss-document-write", context: %{node_type: "CallExpression", depth: 9, parent_type: "ExpressionStatement", in_function: "runCommand"}, location: %{depth: 9, end_column: 23, end_line: 5, start_line: 5, start_column: 4}, severity: "high", pattern_id: "js-xss-document-write", pattern_name: "Cross-Site Scripting (XSS) via document.write", recommendation: "Review this code for potential security issues", confidence: 0.85, pattern_type: :xss}
18:49:04.840 [debug] Match confidence: 0.5145, min_confidence: 0.7, match: %{type: "js-xss-jquery-html", context: %{node_type: "CallExpression", depth: 4, parent_type: "VariableDeclarator"}, location: %{depth: 4, end_column: 41, end_line: 1, start_line: 1, start_column: 17}, severity: "high", pattern_id: "js-xss-jquery-html", pattern_name: "XSS via jQuery html()", recommendation: "Review this code for potential security issues", confidence: 0.85, pattern_type: :xss}
.18:49:04.840 [debug] Match confidence: 0.5145, min_confidence: 0.7, match: %{type: "js-xss-jquery-html", context: %{node_type: "CallExpression", depth: 5, parent_type: "ExpressionStatement", in_function: "runCommand"}, location: %{depth: 5, end_column: 4, end_line: 6, start_line: 4, start_column: 2}, severity: "high", pattern_id: "js-xss-jquery-html", pattern_name: "XSS via jQuery html()", recommendation: "Review this code for potential security issues", confidence: 0.85, pattern_type: :xss}
.18:49:04.840 [debug] Match confidence: 0.5145, min_confidence: 0.7, match: %{type: "js-xss-jquery-html", context: %{node_type: "CallExpression", depth: 9, parent_type: "ExpressionStatement", in_function: "runCommand"}, location: %{depth: 9, end_column: 23, end_line: 5, start_line: 5, start_column: 4}, severity: "high", pattern_id: "js-xss-jquery-html", pattern_name: "XSS via jQuery html()", recommendation: "Review this code for potential security issues", confidence: 0.85, pattern_type: :xss}
18:49:04.840 [debug] Match confidence: 0.7819999999999999, min_confidence: 0.7, match: %{type: "js-command-injection-exec", context: %{node_type: "CallExpression", depth: 5, parent_type: "ExpressionStatement", in_function: "runCommand"}, location: %{depth: 5, end_column: 4, end_line: 6, start_line: 4, start_column: 2}, severity: "high", pattern_id: "js-command-injection-exec", pattern_name: "Command Injection via exec", recommendation: "Review this code for potential security issues", confidence: 0.85, pattern_type: :command_injection}
18:49:04.841 [debug] Match confidence: 0.5005, min_confidence: 0.7, match: %{type: "js-path-traversal-join", context: %{node_type: "CallExpression", depth: 4, parent_type: "VariableDeclarator"}, location: %{depth: 4, end_column: 41, end_line: 1, start_line: 1, start_column: 17}, severity: "medium", pattern_id: "js-path-traversal-join", pattern_name: "Path Traversal via path.join", recommendation: "Review this code for potential security issues", confidence: 0.7, pattern_type: :path_traversal}
18:49:04.841 [debug] Match confidence: 0.5005, min_confidence: 0.7, match: %{type: "js-path-traversal-join", context: %{node_type: "CallExpression", depth: 5, parent_type: "ExpressionStatement", in_function: "runCommand"}, location: %{depth: 5, end_column: 4, end_line: 6, start_line: 4, start_column: 2}, severity: "medium", pattern_id: "js-path-traversal-join", pattern_name: "Path Traversal via path.join", recommendation: "Review this code for potential security issues", confidence: 0.7, pattern_type: :path_traversal}
18:49:04.841 [debug] Match confidence: 0.5005, min_confidence: 0.7, match: %{type: "js-path-traversal-join", context: %{node_type: "CallExpression", depth: 9, parent_type: "ExpressionStatement", in_function: "runCommand"}, location: %{depth: 9, end_column: 23, end_line: 5, start_line: 5, start_column: 4}, severity: "medium", pattern_id: "js-path-traversal-join", pattern_name: "Path Traversal via path.join", recommendation: "Review this code for potential security issues", confidence: 0.7, pattern_type: :path_traversal}
18:49:04.841 [debug] Match confidence: 0.5005, min_confidence: 0.7, match: %{type: "js-path-traversal-concat", context: %{node_type: "BinaryExpression", depth: 6, parent_type: "CallExpression", in_function: "runCommand", argument_position: 0}, location: %{depth: 6, end_column: 24, end_line: 4, start_line: 4, start_column: 7}, severity: "medium", pattern_id: "js-path-traversal-concat", pattern_name: "Path Traversal via String Concatenation", recommendation: "Review this code for potential security issues", confidence: 0.7, pattern_type: :path_traversal}
18:49:04.841 [debug] Match confidence: 0.5005, min_confidence: 0.7, match: %{type: "js-weak-crypto-md5", context: %{node_type: "CallExpression", depth: 4, parent_type: "VariableDeclarator"}, location: %{depth: 4, end_column: 41, end_line: 1, start_line: 1, start_column: 17}, severity: "medium", pattern_id: "js-weak-crypto-md5", pattern_name: "Weak Cryptography - MD5", recommendation: "Review this code for potential security issues", confidence: 0.7, pattern_type: :weak_crypto}
18:49:04.841 [debug] Match confidence: 0.5005, min_confidence: 0.7, match: %{type: "js-weak-crypto-md5", context: %{node_type: "CallExpression", depth: 5, parent_type: "ExpressionStatement", in_function: "runCommand"}, location: %{depth: 5, end_column: 4, end_line: 6, start_line: 4, start_column: 2}, severity: "medium", pattern_id: "js-weak-crypto-md5", pattern_name: "Weak Cryptography - MD5", recommendation: "Review this code for potential security issues", confidence: 0.7, pattern_type: :weak_crypto}
18:49:04.841 [debug] Match confidence: 0.5005, min_confidence: 0.7, match: %{type: "js-weak-crypto-md5", context: %{node_type: "CallExpression", depth: 9, parent_type: "ExpressionStatement", in_function: "runCommand"}, location: %{depth: 9, end_column: 23, end_line: 5, start_line: 5, start_column: 4}, severity: "medium", pattern_id: "js-weak-crypto-md5", pattern_name: "Weak Cryptography - MD5", recommendation: "Review this code for potential security issues", confidence: 0.7, pattern_type: :weak_crypto}
18:49:04.841 [debug] Match confidence: 0.5005, min_confidence: 0.7, match: %{type: "js-weak-crypto-sha1", context: %{node_type: "CallExpression", depth: 4, parent_type: "VariableDeclarator"}, location: %{depth: 4, end_column: 41, end_line: 1, start_line: 1, start_column: 17}, severity: "medium", pattern_id: "js-weak-crypto-sha1", pattern_name: "Weak Cryptography - SHA1", recommendation: "Review this code for potential security issues", confidence: 0.7, pattern_type: :weak_crypto}
18:49:04.841 [debug] Match confidence: 0.5005, min_confidence: 0.7, match: %{type: "js-weak-crypto-sha1", context: %{node_type: "CallExpression", depth: 5, parent_type: "ExpressionStatement", in_function: "runCommand"}, location: %{depth: 5, end_column: 4, end_line: 6, start_line: 4, start_column: 2}, severity: "medium", pattern_id: "js-weak-crypto-sha1", pattern_name: "Weak Cryptography - SHA1", recommendation: "Review this code for potential security issues", confidence: 0.7, pattern_type: :weak_crypto}
18:49:04.841 [debug] Match confidence: 0.5005, min_confidence: 0.7, match: %{type: "js-weak-crypto-sha1", context: %{node_type: "CallExpression", depth: 9, parent_type: "ExpressionStatement", in_function: "runCommand"}, location: %{depth: 9, end_column: 23, end_line: 5, start_line: 5, start_column: 4}, severity: "medium", pattern_id: "js-weak-crypto-sha1", pattern_name: "Weak Cryptography - SHA1", recommendation: "Review this code for potential security issues", confidence: 0.7, pattern_type: :weak_crypto}
18:49:04.841 [debug] Match confidence: 0.616, min_confidence: 0.7, match: %{type: "js-hardcoded-secret-password", context: %{node_type: "VariableDeclarator", depth: 3, parent_type: "VariableDeclaration"}, location: %{depth: 3, end_column: 41, end_line: 1, start_line: 1, start_column: 6}, severity: "high", pattern_id: "js-hardcoded-secret-password", pattern_name: "Hardcoded Password", recommendation: "Review this code for potential security issues", confidence: 0.9, pattern_type: :hardcoded_secret}
18:49:04.841 [debug] Match confidence: 0.616, min_confidence: 0.7, match: %{type: "js-hardcoded-secret-api-key", context: %{node_type: "VariableDeclarator", depth: 3, parent_type: "VariableDeclaration"}, location: %{depth: 3, end_column: 41, end_line: 1, start_line: 1, start_column: 6}, severity: "high", pattern_id: "js-hardcoded-secret-api-key", pattern_name: "Hardcoded API Key", recommendation: "Review this code for potential security issues", confidence: 0.9, pattern_type: :hardcoded_secret}
18:49:04.841 [debug] Match confidence: 0.5005, min_confidence: 0.7, match: %{type: "js-open-redirect", context: %{node_type: "CallExpression", depth: 4, parent_type: "VariableDeclarator"}, location: %{depth: 4, end_column: 41, end_line: 1, start_line: 1, start_column: 17}, severity: "medium", pattern_id: "js-open-redirect", pattern_name: "Open Redirect Vulnerability", recommendation: "Review this code for potential security issues", confidence: 0.7, pattern_type: :open_redirect}
18:49:04.841 [debug] Match confidence: 0.5005, min_confidence: 0.7, match: %{type: "js-open-redirect", context: %{node_type: "CallExpression", depth: 5, parent_type: "ExpressionStatement", in_function: "runCommand"}, location: %{depth: 5, end_column: 4, end_line: 6, start_line: 4, start_column: 2}, severity: "medium", pattern_id: "js-open-redirect", pattern_name: "Open Redirect Vulnerability", recommendation: "Review this code for potential security issues", confidence: 0.7, pattern_type: :open_redirect}
18:49:04.841 [debug] Match confidence: 0.5005, min_confidence: 0.7, match: %{type: "js-open-redirect", context: %{node_type: "CallExpression", depth: 9, parent_type: "ExpressionStatement", in_function: "runCommand"}, location: %{depth: 9, end_column: 23, end_line: 5, start_line: 5, start_column: 4}, severity: "medium", pattern_id: "js-open-redirect", pattern_name: "Open Redirect Vulnerability", recommendation: "Review this code for potential security issues", confidence: 0.7, pattern_type: :open_redirect}
18:49:04.841 [debug] Match confidence: 0.5005, min_confidence: 0.7, match: %{type: "js-insecure-random", context: %{node_type: "CallExpression", depth: 4, parent_type: "VariableDeclarator"}, location: %{depth: 4, end_column: 41, end_line: 1, start_line: 1, start_column: 17}, severity: "medium", pattern_id: "js-insecure-random", pattern_name: "Insecure Random Number Generation", recommendation: "Review this code for potential security issues", confidence: 0.7, pattern_type: :insecure_random}
18:49:04.841 [debug] Match confidence: 0.5005, min_confidence: 0.7, match: %{type: "js-insecure-random", context: %{node_type: "CallExpression", depth: 5, parent_type: "ExpressionStatement", in_function: "runCommand"}, location: %{depth: 5, end_column: 4, end_line: 6, start_line: 4, start_column: 2}, severity: "medium", pattern_id: "js-insecure-random", pattern_name: "Insecure Random Number Generation", recommendation: "Review this code for potential security issues", confidence: 0.7, pattern_type: :insecure_random}
18:49:04.841 [debug] Match confidence: 0.5005, min_confidence: 0.7, match: %{type: "js-insecure-random", context: %{node_type: "CallExpression", depth: 9, parent_type: "ExpressionStatement", in_function: "runCommand"}, location: %{depth: 9, end_column: 23, end_line: 5, start_line: 5, start_column: 4}, severity: "medium", pattern_id: "js-insecure-random", pattern_name: "Insecure Random Number Generation", recommendation: "Review this code for potential security issues", confidence: 0.7, pattern_type: :insecure_random}
18:49:04.841 [debug] Match confidence: 0.38675, min_confidence: 0.7, match: %{type: "js-nosql-injection", context: %{node_type: "CallExpression", depth: 4, parent_type: "VariableDeclarator"}, location: %{depth: 4, end_column: 41, end_line: 1, start_line: 1, start_column: 17}, severity: "high", pattern_id: "js-nosql-injection", pattern_name: "NoSQL Injection", recommendation: "Review this code for potential security issues", confidence: 0.85, pattern_type: :nosql_injection}
18:49:04.841 [debug] Match confidence: 0.38675, min_confidence: 0.7, match: %{type: "js-nosql-injection", context: %{node_type: "CallExpression", depth: 5, parent_type: "ExpressionStatement", in_function: "runCommand"}, location: %{depth: 5, end_column: 4, end_line: 6, start_line: 4, start_column: 2}, severity: "high", pattern_id: "js-nosql-injection", pattern_name: "NoSQL Injection", recommendation: "Review this code for potential security issues", confidence: 0.85, pattern_type: :nosql_injection}
18:49:04.841 [debug] Match confidence: 0.38675, min_confidence: 0.7, match: %{type: "js-nosql-injection", context: %{node_type: "CallExpression", depth: 9, parent_type: "ExpressionStatement", in_function: "runCommand"}, location: %{depth: 9, end_column: 23, end_line: 5, start_line: 5, start_column: 4}, severity: "high", pattern_id: "js-nosql-injection", pattern_name: "NoSQL Injection", recommendation: "Review this code for potential security issues", confidence: 0.85, pattern_type: :nosql_injection}
18:49:04.841 [debug] Match confidence: 0.38675, min_confidence: 0.7, match: %{type: "js-ldap-injection", context: %{node_type: "CallExpression", depth: 4, parent_type: "VariableDeclarator"}, location: %{depth: 4, end_column: 41, end_line: 1, start_line: 1, start_column: 17}, severity: "high", pattern_id: "js-ldap-injection", pattern_name: "LDAP Injection", recommendation: "Review this code for potential security issues", confidence: 0.85, pattern_type: :ldap_injection}
18:49:04.841 [debug] Match confidence: 0.38675, min_confidence: 0.7, match: %{type: "js-ldap-injection", context: %{node_type: "CallExpression", depth: 5, parent_type: "ExpressionStatement", in_function: "runCommand"}, location: %{depth: 5, end_column: 4, end_line: 6, start_line: 4, start_column: 2}, severity: "high", pattern_id: "js-ldap-injection", pattern_name: "LDAP Injection", recommendation: "Review this code for potential security issues", confidence: 0.85, pattern_type: :ldap_injection}
18:49:04.841 [debug] Match confidence: 0.38675, min_confidence: 0.7, match: %{type: "js-ldap-injection", context: %{node_type: "CallExpression", depth: 9, parent_type: "ExpressionStatement", in_function: "runCommand"}, location: %{depth: 9, end_column: 23, end_line: 5, start_line: 5, start_column: 4}, severity: "high", pattern_id: "js-ldap-injection", pattern_name: "LDAP Injection", recommendation: "Review this code for potential security issues", confidence: 0.85, pattern_type: :ldap_injection}
18:49:04.841 [debug] Match confidence: 0.38675, min_confidence: 0.7, match: %{type: "js-xpath-injection", context: %{node_type: "CallExpression", depth: 4, parent_type: "VariableDeclarator"}, location: %{depth: 4, end_column: 41, end_line: 1, start_line: 1, start_column: 17}, severity: "high", pattern_id: "js-xpath-injection", pattern_name: "XPath Injection", recommendation: "Review this code for potential security issues", confidence: 0.85, pattern_type: :xpath_injection}
18:49:04.842 [debug] Match confidence: 0.38675, min_confidence: 0.7, match: %{type: "js-xpath-injection", context: %{node_type: "CallExpression", depth: 5, parent_type: "ExpressionStatement", in_function: "runCommand"}, location: %{depth: 5, end_column: 4, end_line: 6, start_line: 4, start_column: 2}, severity: "high", pattern_id: "js-xpath-injection", pattern_name: "XPath Injection", recommendation: "Review this code for potential security issues", confidence: 0.85, pattern_type: :xpath_injection}
18:49:04.842 [debug] Match confidence: 0.38675, min_confidence: 0.7, match: %{type: "js-xpath-injection", context: %{node_type: "CallExpression", depth: 9, parent_type: "ExpressionStatement", in_function: "runCommand"}, location: %{depth: 9, end_column: 23, end_line: 5, start_line: 5, start_column: 4}, severity: "high", pattern_id: "js-xpath-injection", pattern_name: "XPath Injection", recommendation: "Review this code for potential security issues", confidence: 0.85, pattern_type: :xpath_injection}
18:49:04.842 [debug] Match confidence: 0.5005, min_confidence: 0.7, match: %{type: "js-ssrf", context: %{node_type: "CallExpression", depth: 4, parent_type: "VariableDeclarator"}, location: %{depth: 4, end_column: 41, end_line: 1, start_line: 1, start_column: 17}, severity: "medium", pattern_id: "js-ssrf", pattern_name: "Server-Side Request Forgery (SSRF)", recommendation: "Review this code for potential security issues", confidence: 0.7, pattern_type: :ssrf}
18:49:04.842 [debug] Match confidence: 0.5005, min_confidence: 0.7, match: %{type: "js-ssrf", context: %{node_type: "CallExpression", depth: 5, parent_type: "ExpressionStatement", in_function: "runCommand"}, location: %{depth: 5, end_column: 4, end_line: 6, start_line: 4, start_column: 2}, severity: "medium", pattern_id: "js-ssrf", pattern_name: "Server-Side Request Forgery (SSRF)", recommendation: "Review this code for potential security issues", confidence: 0.7, pattern_type: :ssrf}
18:49:04.842 [debug] Match confidence: 0.5005, min_confidence: 0.7, match: %{type: "js-ssrf", context: %{node_type: "CallExpression", depth: 9, parent_type: "ExpressionStatement", in_function: "runCommand"}, location: %{depth: 9, end_column: 23, end_line: 5, start_line: 5, start_column: 4}, severity: "medium", pattern_id: "js-ssrf", pattern_name: "Server-Side Request Forgery (SSRF)", recommendation: "Review this code for potential security issues", confidence: 0.7, pattern_type: :ssrf}
18:49:04.842 [debug] Match confidence: 0.5005, min_confidence: 0.7, match: %{type: "js-insecure-deserialization", context: %{node_type: "CallExpression", depth: 4, parent_type: "VariableDeclarator"}, location: %{depth: 4, end_column: 41, end_line: 1, start_line: 1, start_column: 17}, severity: "medium", pattern_id: "js-insecure-deserialization", pattern_name: "Insecure Deserialization", recommendation: "Review this code for potential security issues", confidence: 0.7, pattern_type: :deserialization}
18:49:04.842 [debug] Match confidence: 0.5005, min_confidence: 0.7, match: %{type: "js-insecure-deserialization", context: %{node_type: "CallExpression", depth: 5, parent_type: "ExpressionStatement", in_function: "runCommand"}, location: %{depth: 5, end_column: 4, end_line: 6, start_line: 4, start_column: 2}, severity: "medium", pattern_id: "js-insecure-deserialization", pattern_name: "Insecure Deserialization", recommendation: "Review this code for potential security issues", confidence: 0.7, pattern_type: :deserialization}
18:49:04.842 [debug] Match confidence: 0.5005, min_confidence: 0.7, match: %{type: "js-insecure-deserialization", context: %{node_type: "CallExpression", depth: 9, parent_type: "ExpressionStatement", in_function: "runCommand"}, location: %{depth: 9, end_column: 23, end_line: 5, start_line: 5, start_column: 4}, severity: "medium", pattern_id: "js-insecure-deserialization", pattern_name: "Insecure Deserialization", recommendation: "Review this code for potential security issues", confidence: 0.7, pattern_type: :deserialization}
18:49:04.842 [debug] Match confidence: 0.5005, min_confidence: 0.7, match: %{type: "js-jwt-none-algorithm", context: %{node_type: "CallExpression", depth: 4, parent_type: "VariableDeclarator"}, location: %{depth: 4, end_column: 41, end_line: 1, start_line: 1, start_column: 17}, severity: "medium", pattern_id: "js-jwt-none-algorithm", pattern_name: "JWT None Algorithm Vulnerability", recommendation: "Review this code for potential security issues", confidence: 0.7, pattern_type: :authentication}
18:49:04.842 [debug] Match confidence: 0.5005, min_confidence: 0.7, match: %{type: "js-jwt-none-algorithm", context: %{node_type: "CallExpression", depth: 5, parent_type: "ExpressionStatement", in_function: "runCommand"}, location: %{depth: 5, end_column: 4, end_line: 6, start_line: 4, start_column: 2}, severity: "medium", pattern_id: "js-jwt-none-algorithm", pattern_name: "JWT None Algorithm Vulnerability", recommendation: "Review this code for potential security issues", confidence: 0.7, pattern_type: :authentication}
18:49:04.842 [debug] Match confidence: 0.5005, min_confidence: 0.7, match: %{type: "js-jwt-none-algorithm", context: %{node_type: "CallExpression", depth: 9, parent_type: "ExpressionStatement", in_function: "runCommand"}, location: %{depth: 9, end_column: 23, end_line: 5, start_line: 5, start_column: 4}, severity: "medium", pattern_id: "js-jwt-none-algorithm", pattern_name: "JWT None Algorithm Vulnerability", recommendation: "Review this code for potential security issues", confidence: 0.7, pattern_type: :authentication}
18:49:04.842 [debug] Match confidence: 0.5005, min_confidence: 0.7, match: %{type: "js-debug-console-log", context: %{node_type: "CallExpression", depth: 4, parent_type: "VariableDeclarator"}, location: %{depth: 4, end_column: 41, end_line: 1, start_line: 1, start_column: 17}, severity: "medium", pattern_id: "js-debug-console-log", pattern_name: "Sensitive Data in Console Logs", recommendation: "Review this code for potential security issues", confidence: 0.7, pattern_type: :information_disclosure}
18:49:04.842 [debug] Match confidence: 0.5005, min_confidence: 0.7, match: %{type: "js-debug-console-log", context: %{node_type: "CallExpression", depth: 5, parent_type: "ExpressionStatement", in_function: "runCommand"}, location: %{depth: 5, end_column: 4, end_line: 6, start_line: 4, start_column: 2}, severity: "medium", pattern_id: "js-debug-console-log", pattern_name: "Sensitive Data in Console Logs", recommendation: "Review this code for potential security issues", confidence: 0.7, pattern_type: :information_disclosure}
18:49:04.842 [debug] Match confidence: 0.5005, min_confidence: 0.7, match: %{type: "js-debug-console-log", context: %{node_type: "CallExpression", depth: 9, parent_type: "ExpressionStatement", in_function: "runCommand"}, location: %{depth: 9, end_column: 23, end_line: 5, start_line: 5, start_column: 4}, severity: "medium", pattern_id: "js-debug-console-log", pattern_name: "Sensitive Data in Console Logs", recommendation: "Review this code for potential security issues", confidence: 0.7, pattern_type: :information_disclosure}
18:49:04.842 [info] AnalysisService: Loaded 30 patterns for javascript
18:49:04.846 [info] AnalysisService: Found 18 matches
18:49:04.846 [debug] Match confidence: 0.7331249999999999, min_confidence: 0.7, match: %{type: "js-sql-injection-concat", context: %{node_type: "BinaryExpression", depth: 6, parent_type: "VariableDeclarator", in_function: "getUserData"}, location: %{depth: 6, end_column: 58, end_line: 2, start_line: 2, start_column: 16}, severity: "high", pattern_id: "js-sql-injection-concat", pattern_name: "SQL Injection via String Concatenation", recommendation: "Review this code for potential security issues", confidence: 0.85, pattern_type: :sql_injection}
18:49:04.846 [debug] Match confidence: 0.5145, min_confidence: 0.7, match: %{type: "js-xss-document-write", context: %{node_type: "CallExpression", depth: 5, parent_type: "ReturnStatement", in_function: "getUserData"}, location: %{depth: 5, end_column: 26, end_line: 3, start_line: 3, start_column: 9}, severity: "high", pattern_id: "js-xss-document-write", pattern_name: "Cross-Site Scripting (XSS) via document.write", recommendation: "Review this code for potential security issues", confidence: 0.85, pattern_type: :xss}
18:49:04.846 [debug] Match confidence: 0.5145, min_confidence: 0.7, match: %{type: "js-xss-jquery-html", context: %{node_type: "CallExpression", depth: 5, parent_type: "ReturnStatement", in_function: "getUserData"}, location: %{depth: 5, end_column: 26, end_line: 3, start_line: 3, start_column: 9}, severity: "high", pattern_id: "js-xss-jquery-html", pattern_name: "XSS via jQuery html()", recommendation: "Review this code for potential security issues", confidence: 0.85, pattern_type: :xss}
18:49:04.846 [debug] Match confidence: 0.5005, min_confidence: 0.7, match: %{type: "js-path-traversal-join", context: %{node_type: "CallExpression", depth: 5, parent_type: "ReturnStatement", in_function: "getUserData"}, location: %{depth: 5, end_column: 26, end_line: 3, start_line: 3, start_column: 9}, severity: "medium", pattern_id: "js-path-traversal-join", pattern_name: "Path Traversal via path.join", recommendation: "Review this code for potential security issues", confidence: 0.7, pattern_type: :path_traversal}
18:49:04.846 [debug] Match confidence: 0.5005, min_confidence: 0.7, match: %{type: "js-path-traversal-concat", context: %{node_type: "BinaryExpression", depth: 6, parent_type: "VariableDeclarator", in_function: "getUserData"}, location: %{depth: 6, end_column: 58, end_line: 2, start_line: 2, start_column: 16}, severity: "medium", pattern_id: "js-path-traversal-concat", pattern_name: "Path Traversal via String Concatenation", recommendation: "Review this code for potential security issues", confidence: 0.7, pattern_type: :path_traversal}
18:49:04.846 [debug] Match confidence: 0.5005, min_confidence: 0.7, match: %{type: "js-weak-crypto-md5", context: %{node_type: "CallExpression", depth: 5, parent_type: "ReturnStatement", in_function: "getUserData"}, location: %{depth: 5, end_column: 26, end_line: 3, start_line: 3, start_column: 9}, severity: "medium", pattern_id: "js-weak-crypto-md5", pattern_name: "Weak Cryptography - MD5", recommendation: "Review this code for potential security issues", confidence: 0.7, pattern_type: :weak_crypto}
18:49:04.846 [debug] Match confidence: 0.5005, min_confidence: 0.7, match: %{type: "js-weak-crypto-sha1", context: %{node_type: "CallExpression", depth: 5, parent_type: "ReturnStatement", in_function: "getUserData"}, location: %{depth: 5, end_column: 26, end_line: 3, start_line: 3, start_column: 9}, severity: "medium", pattern_id: "js-weak-crypto-sha1", pattern_name: "Weak Cryptography - SHA1", recommendation: "Review this code for potential security issues", confidence: 0.7, pattern_type: :weak_crypto}
18:49:04.846 [debug] Match confidence: 0.616, min_confidence: 0.7, match: %{type: "js-hardcoded-secret-password", context: %{node_type: "VariableDeclarator", depth: 5, parent_type: "VariableDeclaration", in_function: "getUserData"}, location: %{depth: 5, end_column: 58, end_line: 2, start_line: 2, start_column: 8}, severity: "high", pattern_id: "js-hardcoded-secret-password", pattern_name: "Hardcoded Password", recommendation: "Review this code for potential security issues", confidence: 0.9, pattern_type: :hardcoded_secret}
18:49:04.846 [debug] Match confidence: 0.616, min_confidence: 0.7, match: %{type: "js-hardcoded-secret-api-key", context: %{node_type: "VariableDeclarator", depth: 5, parent_type: "VariableDeclaration", in_function: "getUserData"}, location: %{depth: 5, end_column: 58, end_line: 2, start_line: 2, start_column: 8}, severity: "high", pattern_id: "js-hardcoded-secret-api-key", pattern_name: "Hardcoded API Key", recommendation: "Review this code for potential security issues", confidence: 0.9, pattern_type: :hardcoded_secret}
18:49:04.846 [debug] Match confidence: 0.5005, min_confidence: 0.7, match: %{type: "js-open-redirect", context: %{node_type: "CallExpression", depth: 5, parent_type: "ReturnStatement", in_function: "getUserData"}, location: %{depth: 5, end_column: 26, end_line: 3, start_line: 3, start_column: 9}, severity: "medium", pattern_id: "js-open-redirect", pattern_name: "Open Redirect Vulnerability", recommendation: "Review this code for potential security issues", confidence: 0.7, pattern_type: :open_redirect}
18:49:04.846 [debug] Match confidence: 0.5005, min_confidence: 0.7, match: %{type: "js-insecure-random", context: %{node_type: "CallExpression", depth: 5, parent_type: "ReturnStatement", in_function: "getUserData"}, location: %{depth: 5, end_column: 26, end_line: 3, start_line: 3, start_column: 9}, severity: "medium", pattern_id: "js-insecure-random", pattern_name: "Insecure Random Number Generation", recommendation: "Review this code for potential security issues", confidence: 0.7, pattern_type: :insecure_random}
18:49:04.846 [debug] Match confidence: 0.38675, min_confidence: 0.7, match: %{type: "js-nosql-injection", context: %{node_type: "CallExpression", depth: 5, parent_type: "ReturnStatement", in_function: "getUserData"}, location: %{depth: 5, end_column: 26, end_line: 3, start_line: 3, start_column: 9}, severity: "high", pattern_id: "js-nosql-injection", pattern_name: "NoSQL Injection", recommendation: "Review this code for potential security issues", confidence: 0.85, pattern_type: :nosql_injection}
18:49:04.847 [debug] Match confidence: 0.38675, min_confidence: 0.7, match: %{type: "js-ldap-injection", context: %{node_type: "CallExpression", depth: 5, parent_type: "ReturnStatement", in_function: "getUserData"}, location: %{depth: 5, end_column: 26, end_line: 3, start_line: 3, start_column: 9}, severity: "high", pattern_id: "js-ldap-injection", pattern_name: "LDAP Injection", recommendation: "Review this code for potential security issues", confidence: 0.85, pattern_type: :ldap_injection}
18:49:04.847 [debug] Match confidence: 0.38675, min_confidence: 0.7, match: %{type: "js-xpath-injection", context: %{node_type: "CallExpression", depth: 5, parent_type: "ReturnStatement", in_function: "getUserData"}, location: %{depth: 5, end_column: 26, end_line: 3, start_line: 3, start_column: 9}, severity: "high", pattern_id: "js-xpath-injection", pattern_name: "XPath Injection", recommendation: "Review this code for potential security issues", confidence: 0.85, pattern_type: :xpath_injection}
18:49:04.847 [debug] Match confidence: 0.5005, min_confidence: 0.7, match: %{type: "js-ssrf", context: %{node_type: "CallExpression", depth: 5, parent_type: "ReturnStatement", in_function: "getUserData"}, location: %{depth: 5, end_column: 26, end_line: 3, start_line: 3, start_column: 9}, severity: "medium", pattern_id: "js-ssrf", pattern_name: "Server-Side Request Forgery (SSRF)", recommendation: "Review this code for potential security issues", confidence: 0.7, pattern_type: :ssrf}
18:49:04.847 [debug] Match confidence: 0.5005, min_confidence: 0.7, match: %{type: "js-insecure-deserialization", context: %{node_type: "CallExpression", depth: 5, parent_type: "ReturnStatement", in_function: "getUserData"}, location: %{depth: 5, end_column: 26, end_line: 3, start_line: 3, start_column: 9}, severity: "medium", pattern_id: "js-insecure-deserialization", pattern_name: "Insecure Deserialization", recommendation: "Review this code for potential security issues", confidence: 0.7, pattern_type: :deserialization}
18:49:04.847 [debug] Match confidence: 0.5005, min_confidence: 0.7, match: %{type: "js-jwt-none-algorithm", context: %{node_type: "CallExpression", depth: 5, parent_type: "ReturnStatement", in_function: "getUserData"}, location: %{depth: 5, end_column: 26, end_line: 3, start_line: 3, start_column: 9}, severity: "medium", pattern_id: "js-jwt-none-algorithm", pattern_name: "JWT None Algorithm Vulnerability", recommendation: "Review this code for potential security issues", confidence: 0.7, pattern_type: :authentication}
18:49:04.847 [debug] Match confidence: 0.5005, min_confidence: 0.7, match: %{type: "js-debug-console-log", context: %{node_type: "CallExpression", depth: 5, parent_type: "ReturnStatement", in_function: "getUserData"}, location: %{depth: 5, end_column: 26, end_line: 3, start_line: 3, start_column: 9}, severity: "medium", pattern_id: "js-debug-console-log", pattern_name: "Sensitive Data in Console Logs", recommendation: "Review this code for potential security issues", confidence: 0.7, pattern_type: :information_disclosure}
18:49:05.826 [debug] Parser response received
18:49:05.826 [info] AnalysisService: Loaded 30 patterns for javascript
18:49:05.827 [info] AnalysisService: Found 3 matches
18:49:05.828 [debug] Match confidence: 0.5005, min_confidence: 0.7, match: %{type: "js-path-traversal-concat", context: %{node_type: "BinaryExpression", depth: 4, parent_type: "VariableDeclarator"}, location: %{depth: 4, end_column: 18, end_line: 1, start_line: 1, start_column: 13}, severity: "medium", pattern_id: "js-path-traversal-concat", pattern_name: "Path Traversal via String Concatenation", recommendation: "Review this code for potential security issues", confidence: 0.7, pattern_type: :path_traversal}
18:49:05.828 [debug] Match confidence: 0.616, min_confidence: 0.7, match: %{type: "js-hardcoded-secret-password", context: %{node_type: "VariableDeclarator", depth: 3, parent_type: "VariableDeclaration"}, location: %{depth: 3, end_column: 18, end_line: 1, start_line: 1, start_column: 6}, severity: "high", pattern_id: "js-hardcoded-secret-password", pattern_name: "Hardcoded Password", recommendation: "Review this code for potential security issues", confidence: 0.9, pattern_type: :hardcoded_secret}
18:49:05.828 [debug] Match confidence: 0.616, min_confidence: 0.7, match: %{type: "js-hardcoded-secret-api-key", context: %{node_type: "VariableDeclarator", depth: 3, parent_type: "VariableDeclaration"}, location: %{depth: 3, end_column: 18, end_line: 1, start_line: 1, start_column: 6}, severity: "high", pattern_id: "js-hardcoded-secret-api-key", pattern_name: "Hardcoded API Key", recommendation: "Review this code for potential security issues", confidence: 0.9, pattern_type: :hardcoded_secret}
18:49:05.954 [debug] Parser response received
18:49:05.954 [info] AnalysisService: Loaded 30 patterns for javascript
18:49:05.956 [info] AnalysisService: Found 15 matches
18:49:05.957 [debug] Match confidence: 0.5145, min_confidence: 0.7, match: %{type: "js-xss-document-write", context: %{node_type: "CallExpression", depth: 5, parent_type: "ExpressionStatement", in_function: "risky"}, location: %{depth: 5, end_column: 13, end_line: 2, start_line: 2, start_column: 2}, severity: "high", pattern_id: "js-xss-document-write", pattern_name: "Cross-Site Scripting (XSS) via document.write", recommendation: "Review this code for potential security issues", confidence: 0.85, pattern_type: :xss}
18:49:05.957 [debug] Match confidence: 0.5145, min_confidence: 0.7, match: %{type: "js-xss-jquery-html", context: %{node_type: "CallExpression", depth: 5, parent_type: "ExpressionStatement", in_function: "risky"}, location: %{depth: 5, end_column: 13, end_line: 2, start_line: 2, start_column: 2}, severity: "high", pattern_id: "js-xss-jquery-html", pattern_name: "XSS via jQuery html()", recommendation: "Review this code for potential security issues", confidence: 0.85, pattern_type: :xss}
18:49:05.957 [debug] Match confidence: 0.5005, min_confidence: 0.7, match: %{type: "js-path-traversal-join", context: %{node_type: "CallExpression", depth: 5, parent_type: "ExpressionStatement", in_function: "risky"}, location: %{depth: 5, end_column: 13, end_line: 2, start_line: 2, start_column: 2}, severity: "medium", pattern_id: "js-path-traversal-join", pattern_name: "Path Traversal via path.join", recommendation: "Review this code for potential security issues", confidence: 0.7, pattern_type: :path_traversal}
18:49:05.957 [debug] Match confidence: 0.5005, min_confidence: 0.7, match: %{type: "js-weak-crypto-md5", context: %{node_type: "CallExpression", depth: 5, parent_type: "ExpressionStatement", in_function: "risky"}, location: %{depth: 5, end_column: 13, end_line: 2, start_line: 2, start_column: 2}, severity: "medium", pattern_id: "js-weak-crypto-md5", pattern_name: "Weak Cryptography - MD5", recommendation: "Review this code for potential security issues", confidence: 0.7, pattern_type: :weak_crypto}
18:49:05.957 [debug] Match confidence: 0.5005, min_confidence: 0.7, match: %{type: "js-weak-crypto-sha1", context: %{node_type: "CallExpression", depth: 5, parent_type: "ExpressionStatement", in_function: "risky"}, location: %{depth: 5, end_column: 13, end_line: 2, start_line: 2, start_column: 2}, severity: "medium", pattern_id: "js-weak-crypto-sha1", pattern_name: "Weak Cryptography - SHA1", recommendation: "Review this code for potential security issues", confidence: 0.7, pattern_type: :weak_crypto}
18:49:05.957 [debug] Match confidence: 0.8308749999999999, min_confidence: 0.7, match: %{type: "js-eval-user-input", context: %{node_type: "CallExpression", depth: 5, parent_type: "ExpressionStatement", in_function: "risky"}, location: %{depth: 5, end_column: 13, end_line: 2, start_line: 2, start_column: 2}, severity: "critical", pattern_id: "js-eval-user-input", pattern_name: "Dangerous eval() with User Input", recommendation: "Review this code for potential security issues", confidence: 0.95, pattern_type: :rce}
18:49:05.957 [debug] Match confidence: 0.5005, min_confidence: 0.7, match: %{type: "js-open-redirect", context: %{node_type: "CallExpression", depth: 5, parent_type: "ExpressionStatement", in_function: "risky"}, location: %{depth: 5, end_column: 13, end_line: 2, start_line: 2, start_column: 2}, severity: "medium", pattern_id: "js-open-redirect", pattern_name: "Open Redirect Vulnerability", recommendation: "Review this code for potential security issues", confidence: 0.7, pattern_type: :open_redirect}
18:49:05.957 [debug] Match confidence: 0.5005, min_confidence: 0.7, match: %{type: "js-insecure-random", context: %{node_type: "CallExpression", depth: 5, parent_type: "ExpressionStatement", in_function: "risky"}, location: %{depth: 5, end_column: 13, end_line: 2, start_line: 2, start_column: 2}, severity: "medium", pattern_id: "js-insecure-random", pattern_name: "Insecure Random Number Generation", recommendation: "Review this code for potential security issues", confidence: 0.7, pattern_type: :insecure_random}
18:49:05.957 [debug] Match confidence: 0.38675, min_confidence: 0.7, match: %{type: "js-nosql-injection", context: %{node_type: "CallExpression", depth: 5, parent_type: "ExpressionStatement", in_function: "risky"}, location: %{depth: 5, end_column: 13, end_line: 2, start_line: 2, start_column: 2}, severity: "high", pattern_id: "js-nosql-injection", pattern_name: "NoSQL Injection", recommendation: "Review this code for potential security issues", confidence: 0.85, pattern_type: :nosql_injection}
18:49:05.957 [debug] Match confidence: 0.38675, min_confidence: 0.7, match: %{type: "js-ldap-injection", context: %{node_type: "CallExpression", depth: 5, parent_type: "ExpressionStatement", in_function: "risky"}, location: %{depth: 5, end_column: 13, end_line: 2, start_line: 2, start_column: 2}, severity: "high", pattern_id: "js-ldap-injection", pattern_name: "LDAP Injection", recommendation: "Review this code for potential security issues", confidence: 0.85, pattern_type: :ldap_injection}
18:49:05.964 [debug] Match confidence: 0.38675, min_confidence: 0.7, match: %{type: "js-xpath-injection", context: %{node_type: "CallExpression", depth: 5, parent_type: "ExpressionStatement", in_function: "risky"}, location: %{depth: 5, end_column: 13, end_line: 2, start_line: 2, start_column: 2}, severity: "high", pattern_id: "js-xpath-injection", pattern_name: "XPath Injection", recommendation: "Review this code for potential security issues", confidence: 0.85, pattern_type: :xpath_injection}
18:49:05.964 [debug] Match confidence: 0.5005, min_confidence: 0.7, match: %{type: "js-ssrf", context: %{node_type: "CallExpression", depth: 5, parent_type: "ExpressionStatement", in_function: "risky"}, location: %{depth: 5, end_column: 13, end_line: 2, start_line: 2, start_column: 2}, severity: "medium", pattern_id: "js-ssrf", pattern_name: "Server-Side Request Forgery (SSRF)", recommendation: "Review this code for potential security issues", confidence: 0.7, pattern_type: :ssrf}
18:49:05.965 [debug] Match confidence: 0.5005, min_confidence: 0.7, match: %{type: "js-insecure-deserialization", context: %{node_type: "CallExpression", depth: 5, parent_type: "ExpressionStatement", in_function: "risky"}, location: %{depth: 5, end_column: 13, end_line: 2, start_line: 2, start_column: 2}, severity: "medium", pattern_id: "js-insecure-deserialization", pattern_name: "Insecure Deserialization", recommendation: "Review this code for potential security issues", confidence: 0.7, pattern_type: :deserialization}
18:49:05.965 [debug] Match confidence: 0.5005, min_confidence: 0.7, match: %{type: "js-jwt-none-algorithm", context: %{node_type: "CallExpression", depth: 5, parent_type: "ExpressionStatement", in_function: "risky"}, location: %{depth: 5, end_column: 13, end_line: 2, start_line: 2, start_column: 2}, severity: "medium", pattern_id: "js-jwt-none-algorithm", pattern_name: "JWT None Algorithm Vulnerability", recommendation: "Review this code for potential security issues", confidence: 0.7, pattern_type: :authentication}
18:49:05.965 [debug] Match confidence: 0.5005, min_confidence: 0.7, match: %{type: "js-debug-console-log", context: %{node_type: "CallExpression", depth: 5, parent_type: "ExpressionStatement", in_function: "risky"}, location: %{depth: 5, end_column: 13, end_line: 2, start_line: 2, start_column: 2}, severity: "medium", pattern_id: "js-debug-console-log", pattern_name: "Sensitive Data in Console Logs", recommendation: "Review this code for potential security issues", confidence: 0.7, pattern_type: :information_disclosure}
18:49:06.104 [debug] Parser response received
.18:49:06.105 [info] AnalysisService: Loaded 30 patterns for javascript
18:49:06.106 [info] AnalysisService: Found 14 matches
18:49:06.106 [debug] Match confidence: 0.5145, min_confidence: 0.7, match: %{type: "js-xss-document-write", context: %{node_type: "CallExpression", depth: 3, parent_type: "ExpressionStatement"}, location: %{depth: 3, end_column: 20, end_line: 1, start_line: 1, start_column: 0}, severity: "high", pattern_id: "js-xss-document-write", pattern_name: "Cross-Site Scripting (XSS) via document.write", recommendation: "Review this code for potential security issues", confidence: 0.85, pattern_type: :xss}
18:49:06.106 [debug] Match confidence: 0.5145, min_confidence: 0.7, match: %{type: "js-xss-jquery-html", context: %{node_type: "CallExpression", depth: 3, parent_type: "ExpressionStatement"}, location: %{depth: 3, end_column: 20, end_line: 1, start_line: 1, start_column: 0}, severity: "high", pattern_id: "js-xss-jquery-html", pattern_name: "XSS via jQuery html()", recommendation: "Review this code for potential security issues", confidence: 0.85, pattern_type: :xss}
18:49:06.106 [debug] Match confidence: 0.5005, min_confidence: 0.7, match: %{type: "js-path-traversal-join", context: %{node_type: "CallExpression", depth: 3, parent_type: "ExpressionStatement"}, location: %{depth: 3, end_column: 20, end_line: 1, start_line: 1, start_column: 0}, severity: "medium", pattern_id: "js-path-traversal-join", pattern_name: "Path Traversal via path.join", recommendation: "Review this code for potential security issues", confidence: 0.7, pattern_type: :path_traversal}
18:49:06.106 [debug] Match confidence: 0.5005, min_confidence: 0.7, match: %{type: "js-weak-crypto-md5", context: %{node_type: "CallExpression", depth: 3, parent_type: "ExpressionStatement"}, location: %{depth: 3, end_column: 20, end_line: 1, start_line: 1, start_column: 0}, severity: "medium", pattern_id: "js-weak-crypto-md5", pattern_name: "Weak Cryptography - MD5", recommendation: "Review this code for potential security issues", confidence: 0.7, pattern_type: :weak_crypto}
18:49:06.106 [debug] Match confidence: 0.5005, min_confidence: 0.7, match: %{type: "js-weak-crypto-sha1", context: %{node_type: "CallExpression", depth: 3, parent_type: "ExpressionStatement"}, location: %{depth: 3, end_column: 20, end_line: 1, start_line: 1, start_column: 0}, severity: "medium", pattern_id: "js-weak-crypto-sha1", pattern_name: "Weak Cryptography - SHA1", recommendation: "Review this code for potential security issues", confidence: 0.7, pattern_type: :weak_crypto}
18:49:06.106 [debug] Match confidence: 0.5005, min_confidence: 0.7, match: %{type: "js-open-redirect", context: %{node_type: "CallExpression", depth: 3, parent_type: "ExpressionStatement"}, location: %{depth: 3, end_column: 20, end_line: 1, start_line: 1, start_column: 0}, severity: "medium", pattern_id: "js-open-redirect", pattern_name: "Open Redirect Vulnerability", recommendation: "Review this code for potential security issues", confidence: 0.7, pattern_type: :open_redirect}
18:49:06.106 [debug] Match confidence: 0.5005, min_confidence: 0.7, match: %{type: "js-insecure-random", context: %{node_type: "CallExpression", depth: 3, parent_type: "ExpressionStatement"}, location: %{depth: 3, end_column: 20, end_line: 1, start_line: 1, start_column: 0}, severity: "medium", pattern_id: "js-insecure-random", pattern_name: "Insecure Random Number Generation", recommendation: "Review this code for potential security issues", confidence: 0.7, pattern_type: :insecure_random}
18:49:06.106 [debug] Match confidence: 0.38675, min_confidence: 0.7, match: %{type: "js-nosql-injection", context: %{node_type: "CallExpression", depth: 3, parent_type: "ExpressionStatement"}, location: %{depth: 3, end_column: 20, end_line: 1, start_line: 1, start_column: 0}, severity: "high", pattern_id: "js-nosql-injection", pattern_name: "NoSQL Injection", recommendation: "Review this code for potential security issues", confidence: 0.85, pattern_type: :nosql_injection}
18:49:06.106 [debug] Match confidence: 0.38675, min_confidence: 0.7, match: %{type: "js-ldap-injection", context: %{node_type: "CallExpression", depth: 3, parent_type: "ExpressionStatement"}, location: %{depth: 3, end_column: 20, end_line: 1, start_line: 1, start_column: 0}, severity: "high", pattern_id: "js-ldap-injection", pattern_name: "LDAP Injection", recommendation: "Review this code for potential security issues", confidence: 0.85, pattern_type: :ldap_injection}
18:49:06.106 [debug] Match confidence: 0.38675, min_confidence: 0.7, match: %{type: "js-xpath-injection", context: %{node_type: "CallExpression", depth: 3, parent_type: "ExpressionStatement"}, location: %{depth: 3, end_column: 20, end_line: 1, start_line: 1, start_column: 0}, severity: "high", pattern_id: "js-xpath-injection", pattern_name: "XPath Injection", recommendation: "Review this code for potential security issues", confidence: 0.85, pattern_type: :xpath_injection}
18:49:06.106 [debug] Match confidence: 0.5005, min_confidence: 0.7, match: %{type: "js-ssrf", context: %{node_type: "CallExpression", depth: 3, parent_type: "ExpressionStatement"}, location: %{depth: 3, end_column: 20, end_line: 1, start_line: 1, start_column: 0}, severity: "medium", pattern_id: "js-ssrf", pattern_name: "Server-Side Request Forgery (SSRF)", recommendation: "Review this code for potential security issues", confidence: 0.7, pattern_type: :ssrf}
18:49:06.106 [debug] Match confidence: 0.5005, min_confidence: 0.7, match: %{type: "js-insecure-deserialization", context: %{node_type: "CallExpression", depth: 3, parent_type: "ExpressionStatement"}, location: %{depth: 3, end_column: 20, end_line: 1, start_line: 1, start_column: 0}, severity: "medium", pattern_id: "js-insecure-deserialization", pattern_name: "Insecure Deserialization", recommendation: "Review this code for potential security issues", confidence: 0.7, pattern_type: :deserialization}
18:49:06.106 [debug] Match confidence: 0.5005, min_confidence: 0.7, match: %{type: "js-jwt-none-algorithm", context: %{node_type: "CallExpression", depth: 3, parent_type: "ExpressionStatement"}, location: %{depth: 3, end_column: 20, end_line: 1, start_line: 1, start_column: 0}, severity: "medium", pattern_id: "js-jwt-none-algorithm", pattern_name: "JWT None Algorithm Vulnerability", recommendation: "Review this code for potential security issues", confidence: 0.7, pattern_type: :authentication}
18:49:06.106 [debug] Match confidence: 0.5005, min_confidence: 0.7, match: %{type: "js-debug-console-log", context: %{node_type: "CallExpression", depth: 3, parent_type: "ExpressionStatement"}, location: %{depth: 3, end_column: 20, end_line: 1, start_line: 1, start_column: 0}, severity: "medium", pattern_id: "js-debug-console-log", pattern_name: "Sensitive Data in Console Logs", recommendation: "Review this code for potential security issues", confidence: 0.7, pattern_type: :information_disclosure}
18:49:06.235 [debug] Parser response received
18:49:06.236 [info] AnalysisService: Loaded 30 patterns for javascript
18:49:06.239 [info] AnalysisService: Found 15 matches
18:49:06.241 [debug] Match confidence: 0.5145, min_confidence: 0.7, match: %{type: "js-xss-document-write", context: %{node_type: "CallExpression", depth: 7, parent_type: "MemberExpression", in_function: "displayUserContentSafe"}, location: %{depth: 7, end_column: 35, end_line: 2, start_line: 2, start_column: 2}, severity: "high", pattern_id: "js-xss-document-write", pattern_name: "Cross-Site Scripting (XSS) via document.write", recommendation: "Review this code for potential security issues", confidence: 0.85, pattern_type: :xss}
18:49:06.241 [debug] Match confidence: 0.5145, min_confidence: 0.7, match: %{type: "js-xss-jquery-html", context: %{node_type: "CallExpression", depth: 7, parent_type: "MemberExpression", in_function: "displayUserContentSafe"}, location: %{depth: 7, end_column: 35, end_line: 2, start_line: 2, start_column: 2}, severity: "high", pattern_id: "js-xss-jquery-html", pattern_name: "XSS via jQuery html()", recommendation: "Review this code for potential security issues", confidence: 0.85, pattern_type: :xss}
18:49:06.241 [debug] Match confidence: 0.5005, min_confidence: 0.7, match: %{type: "js-path-traversal-join", context: %{node_type: "CallExpression", depth: 7, parent_type: "MemberExpression", in_function: "displayUserContentSafe"}, location: %{depth: 7, end_column: 35, end_line: 2, start_line: 2, start_column: 2}, severity: "medium", pattern_id: "js-path-traversal-join", pattern_name: "Path Traversal via path.join", recommendation: "Review this code for potential security issues", confidence: 0.7, pattern_type: :path_traversal}
18:49:06.241 [debug] Match confidence: 0.5005, min_confidence: 0.7, match: %{type: "js-weak-crypto-md5", context: %{node_type: "CallExpression", depth: 7, parent_type: "MemberExpression", in_function: "displayUserContentSafe"}, location: %{depth: 7, end_column: 35, end_line: 2, start_line: 2, start_column: 2}, severity: "medium", pattern_id: "js-weak-crypto-md5", pattern_name: "Weak Cryptography - MD5", recommendation: "Review this code for potential security issues", confidence: 0.7, pattern_type: :weak_crypto}
.18:49:06.241 [debug] Match confidence: 0.5005, min_confidence: 0.7, match: %{type: "js-weak-crypto-sha1", context: %{node_type: "CallExpression", depth: 7, parent_type: "MemberExpression", in_function: "displayUserContentSafe"}, location: %{depth: 7, end_column: 35, end_line: 2, start_line: 2, start_column: 2}, severity: "medium", pattern_id: "js-weak-crypto-sha1", pattern_name: "Weak Cryptography - SHA1", recommendation: "Review this code for potential security issues", confidence: 0.7, pattern_type: :weak_crypto}
.18:49:06.241 [debug] Match confidence: 0.5005, min_confidence: 0.7, match: %{type: "js-open-redirect", context: %{node_type: "CallExpression", depth: 7, parent_type: "MemberExpression", in_function: "displayUserContentSafe"}, location: %{depth: 7, end_column: 35, end_line: 2, start_line: 2, start_column: 2}, severity: "medium", pattern_id: "js-open-redirect", pattern_name: "Open Redirect Vulnerability", recommendation: "Review this code for potential security issues", confidence: 0.7, pattern_type: :open_redirect}
18:49:06.241 [debug] Match confidence: 0.5005, min_confidence: 0.7, match: %{type: "js-prototype-pollution", context: %{node_type: "AssignmentExpression", depth: 5, parent_type: "ExpressionStatement", in_function: "displayUserContentSafe"}, location: %{depth: 5, end_column: 57, end_line: 2, start_line: 2, start_column: 2}, severity: "medium", pattern_id: "js-prototype-pollution", pattern_name: "Prototype Pollution", recommendation: "Review this code for potential security issues", confidence: 0.7, pattern_type: :deserialization}
18:49:06.241 [debug] Match confidence: 0.5005, min_confidence: 0.7, match: %{type: "js-insecure-random", context: %{node_type: "CallExpression", depth: 7, parent_type: "MemberExpression", in_function: "displayUserContentSafe"}, location: %{depth: 7, end_column: 35, end_line: 2, start_line: 2, start_column: 2}, severity: "medium", pattern_id: "js-insecure-random", pattern_name: "Insecure Random Number Generation", recommendation: "Review this code for potential security issues", confidence: 0.7, pattern_type: :insecure_random}
18:49:06.241 [debug] Match confidence: 0.38675, min_confidence: 0.7, match: %{type: "js-nosql-injection", context: %{node_type: "CallExpression", depth: 7, parent_type: "MemberExpression", in_function: "displayUserContentSafe"}, location: %{depth: 7, end_column: 35, end_line: 2, start_line: 2, start_column: 2}, severity: "high", pattern_id: "js-nosql-injection", pattern_name: "NoSQL Injection", recommendation: "Review this code for potential security issues", confidence: 0.85, pattern_type: :nosql_injection}
18:49:06.241 [debug] Match confidence: 0.38675, min_confidence: 0.7, match: %{type: "js-ldap-injection", context: %{node_type: "CallExpression", depth: 7, parent_type: "MemberExpression", in_function: "displayUserContentSafe"}, location: %{depth: 7, end_column: 35, end_line: 2, start_line: 2, start_column: 2}, severity: "high", pattern_id: "js-ldap-injection", pattern_name: "LDAP Injection", recommendation: "Review this code for potential security issues", confidence: 0.85, pattern_type: :ldap_injection}
18:49:06.241 [debug] Match confidence: 0.38675, min_confidence: 0.7, match: %{type: "js-xpath-injection", context: %{node_type: "CallExpression", depth: 7, parent_type: "MemberExpression", in_function: "displayUserContentSafe"}, location: %{depth: 7, end_column: 35, end_line: 2, start_line: 2, start_column: 2}, severity: "high", pattern_id: "js-xpath-injection", pattern_name: "XPath Injection", recommendation: "Review this code for potential security issues", confidence: 0.85, pattern_type: :xpath_injection}
18:49:06.241 [debug] Match confidence: 0.5005, min_confidence: 0.7, match: %{type: "js-ssrf", context: %{node_type: "CallExpression", depth: 7, parent_type: "MemberExpression", in_function: "displayUserContentSafe"}, location: %{depth: 7, end_column: 35, end_line: 2, start_line: 2, start_column: 2}, severity: "medium", pattern_id: "js-ssrf", pattern_name: "Server-Side Request Forgery (SSRF)", recommendation: "Review this code for potential security issues", confidence: 0.7, pattern_type: :ssrf}
18:49:06.243 [debug] Match confidence: 0.5005, min_confidence: 0.7, match: %{type: "js-insecure-deserialization", context: %{node_type: "CallExpression", depth: 7, parent_type: "MemberExpression", in_function: "displayUserContentSafe"}, location: %{depth: 7, end_column: 35, end_line: 2, start_line: 2, start_column: 2}, severity: "medium", pattern_id: "js-insecure-deserialization", pattern_name: "Insecure Deserialization", recommendation: "Review this code for potential security issues", confidence: 0.7, pattern_type: :deserialization}
18:49:06.243 [debug] Match confidence: 0.5005, min_confidence: 0.7, match: %{type: "js-jwt-none-algorithm", context: %{node_type: "CallExpression", depth: 7, parent_type: "MemberExpression", in_function: "displayUserContentSafe"}, location: %{depth: 7, end_column: 35, end_line: 2, start_line: 2, start_column: 2}, severity: "medium", pattern_id: "js-jwt-none-algorithm", pattern_name: "JWT None Algorithm Vulnerability", recommendation: "Review this code for potential security issues", confidence: 0.7, pattern_type: :authentication}
18:49:06.243 [debug] Match confidence: 0.5005, min_confidence: 0.7, match: %{type: "js-debug-console-log", context: %{node_type: "CallExpression", depth: 7, parent_type: "MemberExpression", in_function: "displayUserContentSafe"}, location: %{depth: 7, end_column: 35, end_line: 2, start_line: 2, start_column: 2}, severity: "medium", pattern_id: "js-debug-console-log", pattern_name: "Sensitive Data in Console Logs", recommendation: "Review this code for potential security issues", confidence: 0.7, pattern_type: :information_disclosure}
18:49:06.243 [info] AnalysisService: Loaded 12 patterns for python
18:49:06.244 [info] AnalysisService: Found 6 matches
18:49:06.244 [debug] Match confidence: 0.7331249999999999, min_confidence: 0.7, match: %{type: "python-sql-injection-concat", context: %{node_type: "BinOp", depth: 3, parent_type: "Assign", in_function: "get_user"}, location: %{depth: 3, end_column: 0, end_line: 1, start_line: 1, start_column: 0}, severity: "high", pattern_id: "python-sql-injection-concat", pattern_name: "SQL Injection via String Concatenation", recommendation: "Review this code for potential security issues", confidence: 0.85, pattern_type: :sql_injection}
18:49:06.244 [debug] Match confidence: 0.7819999999999999, min_confidence: 0.7, match: %{type: "python-command-injection-os-system", context: %{node_type: "Call", depth: 3, parent_type: "Return", in_function: "get_user"}, location: %{depth: 3, end_column: 0, end_line: 1, start_line: 1, start_column: 0}, severity: "high", pattern_id: "python-command-injection-os-system", pattern_name: "Command Injection via os.system", recommendation: "Review this code for potential security issues", confidence: 0.85, pattern_type: :command_injection}
18:49:06.244 [debug] Match confidence: 0.7819999999999999, min_confidence: 0.7, match: %{type: "python-command-injection-subprocess-shell", context: %{node_type: "Call", depth: 3, parent_type: "Return", in_function: "get_user"}, location: %{depth: 3, end_column: 0, end_line: 1, start_line: 1, start_column: 0}, severity: "high", pattern_id: "python-command-injection-subprocess-shell", pattern_name: "Command Injection via subprocess with shell=True", recommendation: "Review this code for potential security issues", confidence: 0.85, pattern_type: :command_injection}
18:49:06.244 [debug] Match confidence: 0.5005, min_confidence: 0.7, match: %{type: "python-unsafe-pickle", context: %{node_type: "Call", depth: 3, parent_type: "Return", in_function: "get_user"}, location: %{depth: 3, end_column: 0, end_line: 1, start_line: 1, start_column: 0}, severity: "medium", pattern_id: "python-unsafe-pickle", pattern_name: "Insecure Deserialization via pickle", recommendation: "Review this code for potential security issues", confidence: 0.7, pattern_type: :deserialization}
18:49:06.244 [debug] Match confidence: 0.8308749999999999, min_confidence: 0.7, match: %{type: "python-unsafe-eval", context: %{node_type: "Call", depth: 3, parent_type: "Return", in_function: "get_user"}, location: %{depth: 3, end_column: 0, end_line: 1, start_line: 1, start_column: 0}, severity: "critical", pattern_id: "python-unsafe-eval", pattern_name: "Code Injection via eval()", recommendation: "Review this code for potential security issues", confidence: 0.95, pattern_type: :rce}
18:49:06.244 [debug] Match confidence: 0.5005, min_confidence: 0.7, match: %{type: "python-path-traversal-open", context: %{node_type: "Call", depth: 3, parent_type: "Return", in_function: "get_user"}, location: %{depth: 3, end_column: 0, end_line: 1, start_line: 1, start_column: 0}, severity: "medium", pattern_id: "python-path-traversal-open", pattern_name: "Path Traversal via open()", recommendation: "Review this code for potential security issues", confidence: 0.7, pattern_type: :path_traversal}
18:49:06.383 [debug] Parser response received
.18:49:06.498 [debug] Parser response received
.18:49:06.498 [info] AnalysisService: Loaded 30 patterns for javascript
18:49:06.500 [info] AnalysisService: Found 16 matches
18:49:06.500 [debug] Match confidence: 0.84525, min_confidence: 0.7, match: %{type: "js-xss-innerhtml", context: %{node_type: "AssignmentExpression", depth: 5, parent_type: "ExpressionStatement", in_function: "displayUserContent"}, location: %{depth: 5, end_column: 55, end_line: 2, start_line: 2, start_column: 2}, severity: "high", pattern_id: "js-xss-innerhtml", pattern_name: "Cross-Site Scripting (XSS) via innerHTML", recommendation: "Review this code for potential security issues", confidence: 0.85, pattern_type: :xss}
18:49:06.500 [debug] Match confidence: 0.5145, min_confidence: 0.7, match: %{type: "js-xss-document-write", context: %{node_type: "CallExpression", depth: 7, parent_type: "MemberExpression", in_function: "displayUserContent"}, location: %{depth: 7, end_column: 35, end_line: 2, start_line: 2, start_column: 2}, severity: "high", pattern_id: "js-xss-document-write", pattern_name: "Cross-Site Scripting (XSS) via document.write", recommendation: "Review this code for potential security issues", confidence: 0.85, pattern_type: :xss}
18:49:06.500 [debug] Match confidence: 0.5145, min_confidence: 0.7, match: %{type: "js-xss-jquery-html", context: %{node_type: "CallExpression", depth: 7, parent_type: "MemberExpression", in_function: "displayUserContent"}, location: %{depth: 7, end_column: 35, end_line: 2, start_line: 2, start_column: 2}, severity: "high", pattern_id: "js-xss-jquery-html", pattern_name: "XSS via jQuery html()", recommendation: "Review this code for potential security issues", confidence: 0.85, pattern_type: :xss}
18:49:06.501 [debug] Match confidence: 0.5005, min_confidence: 0.7, match: %{type: "js-path-traversal-join", context: %{node_type: "CallExpression", depth: 7, parent_type: "MemberExpression", in_function: "displayUserContent"}, location: %{depth: 7, end_column: 35, end_line: 2, start_line: 2, start_column: 2}, severity: "medium", pattern_id: "js-path-traversal-join", pattern_name: "Path Traversal via path.join", recommendation: "Review this code for potential security issues", confidence: 0.7, pattern_type: :path_traversal}
18:49:06.501 [debug] Match confidence: 0.5005, min_confidence: 0.7, match: %{type: "js-weak-crypto-md5", context: %{node_type: "CallExpression", depth: 7, parent_type: "MemberExpression", in_function: "displayUserContent"}, location: %{depth: 7, end_column: 35, end_line: 2, start_line: 2, start_column: 2}, severity: "medium", pattern_id: "js-weak-crypto-md5", pattern_name: "Weak Cryptography - MD5", recommendation: "Review this code for potential security issues", confidence: 0.7, pattern_type: :weak_crypto}
18:49:06.501 [debug] Match confidence: 0.5005, min_confidence: 0.7, match: %{type: "js-weak-crypto-sha1", context: %{node_type: "CallExpression", depth: 7, parent_type: "MemberExpression", in_function: "displayUserContent"}, location: %{depth: 7, end_column: 35, end_line: 2, start_line: 2, start_column: 2}, severity: "medium", pattern_id: "js-weak-crypto-sha1", pattern_name: "Weak Cryptography - SHA1", recommendation: "Review this code for potential security issues", confidence: 0.7, pattern_type: :weak_crypto}
18:49:06.501 [debug] Match confidence: 0.5005, min_confidence: 0.7, match: %{type: "js-open-redirect", context: %{node_type: "CallExpression", depth: 7, parent_type: "MemberExpression", in_function: "displayUserContent"}, location: %{depth: 7, end_column: 35, end_line: 2, start_line: 2, start_column: 2}, severity: "medium", pattern_id: "js-open-redirect", pattern_name: "Open Redirect Vulnerability", recommendation: "Review this code for potential security issues", confidence: 0.7, pattern_type: :open_redirect}
18:49:06.501 [debug] Match confidence: 0.5005, min_confidence: 0.7, match: %{type: "js-prototype-pollution", context: %{node_type: "AssignmentExpression", depth: 5, parent_type: "ExpressionStatement", in_function: "displayUserContent"}, location: %{depth: 5, end_column: 55, end_line: 2, start_line: 2, start_column: 2}, severity: "medium", pattern_id: "js-prototype-pollution", pattern_name: "Prototype Pollution", recommendation: "Review this code for potential security issues", confidence: 0.7, pattern_type: :deserialization}
18:49:06.501 [debug] Match confidence: 0.5005, min_confidence: 0.7, match: %{type: "js-insecure-random", context: %{node_type: "CallExpression", depth: 7, parent_type: "MemberExpression", in_function: "displayUserContent"}, location: %{depth: 7, end_column: 35, end_line: 2, start_line: 2, start_column: 2}, severity: "medium", pattern_id: "js-insecure-random", pattern_name: "Insecure Random Number Generation", recommendation: "Review this code for potential security issues", confidence: 0.7, pattern_type: :insecure_random}
18:49:06.501 [debug] Match confidence: 0.38675, min_confidence: 0.7, match: %{type: "js-nosql-injection", context: %{node_type: "CallExpression", depth: 7, parent_type: "MemberExpression", in_function: "displayUserContent"}, location: %{depth: 7, end_column: 35, end_line: 2, start_line: 2, start_column: 2}, severity: "high", pattern_id: "js-nosql-injection", pattern_name: "NoSQL Injection", recommendation: "Review this code for potential security issues", confidence: 0.85, pattern_type: :nosql_injection}
18:49:06.501 [debug] Match confidence: 0.38675, min_confidence: 0.7, match: %{type: "js-ldap-injection", context: %{node_type: "CallExpression", depth: 7, parent_type: "MemberExpression", in_function: "displayUserContent"}, location: %{depth: 7, end_column: 35, end_line: 2, start_line: 2, start_column: 2}, severity: "high", pattern_id: "js-ldap-injection", pattern_name: "LDAP Injection", recommendation: "Review this code for potential security issues", confidence: 0.85, pattern_type: :ldap_injection}
18:49:06.501 [debug] Match confidence: 0.38675, min_confidence: 0.7, match: %{type: "js-xpath-injection", context: %{node_type: "CallExpression", depth: 7, parent_type: "MemberExpression", in_function: "displayUserContent"}, location: %{depth: 7, end_column: 35, end_line: 2, start_line: 2, start_column: 2}, severity: "high", pattern_id: "js-xpath-injection", pattern_name: "XPath Injection", recommendation: "Review this code for potential security issues", confidence: 0.85, pattern_type: :xpath_injection}
18:49:06.501 [debug] Match confidence: 0.5005, min_confidence: 0.7, match: %{type: "js-ssrf", context: %{node_type: "CallExpression", depth: 7, parent_type: "MemberExpression", in_function: "displayUserContent"}, location: %{depth: 7, end_column: 35, end_line: 2, start_line: 2, start_column: 2}, severity: "medium", pattern_id: "js-ssrf", pattern_name: "Server-Side Request Forgery (SSRF)", recommendation: "Review this code for potential security issues", confidence: 0.7, pattern_type: :ssrf}
18:49:06.501 [debug] Match confidence: 0.5005, min_confidence: 0.7, match: %{type: "js-insecure-deserialization", context: %{node_type: "CallExpression", depth: 7, parent_type: "MemberExpression", in_function: "displayUserContent"}, location: %{depth: 7, end_column: 35, end_line: 2, start_line: 2, start_column: 2}, severity: "medium", pattern_id: "js-insecure-deserialization", pattern_name: "Insecure Deserialization", recommendation: "Review this code for potential security issues", confidence: 0.7, pattern_type: :deserialization}
18:49:06.501 [debug] Match confidence: 0.5005, min_confidence: 0.7, match: %{type: "js-jwt-none-algorithm", context: %{node_type: "CallExpression", depth: 7, parent_type: "MemberExpression", in_function: "displayUserContent"}, location: %{depth: 7, end_column: 35, end_line: 2, start_line: 2, start_column: 2}, severity: "medium", pattern_id: "js-jwt-none-algorithm", pattern_name: "JWT None Algorithm Vulnerability", recommendation: "Review this code for potential security issues", confidence: 0.7, pattern_type: :authentication}
18:49:06.501 [debug] Match confidence: 0.5005, min_confidence: 0.7, match: %{type: "js-debug-console-log", context: %{node_type: "CallExpression", depth: 7, parent_type: "MemberExpression", in_function: "displayUserContent"}, location: %{depth: 7, end_column: 35, end_line: 2, start_line: 2, start_column: 2}, severity: "medium", pattern_id: "js-debug-console-log", pattern_name: "Sensitive Data in Console Logs", recommendation: "Review this code for potential security issues", confidence: 0.7, pattern_type: :information_disclosure}
18:49:06.640 [debug] Parser response received
18:49:06.641 [info] AnalysisService: Loaded 30 patterns for javascript
18:49:06.648 [info] AnalysisService: Found 45 matches
18:49:06.650 [debug] Match confidence: 0.15435, min_confidence: 0.7, match: %{type: "js-xss-document-write", context: %{node_type: "CallExpression", depth: 3, parent_type: "ExpressionStatement"}, location: %{depth: 3, end_column: 2, end_line: 6, start_line: 1, start_column: 0}, severity: "high", pattern_id: "js-xss-document-write", pattern_name: "Cross-Site Scripting (XSS) via document.write", recommendation: "Review this code for potential security issues", confidence: 0.85, pattern_type: :xss}
18:49:06.650 [debug] Match confidence: 0.15435, min_confidence: 0.7, match: %{type: "js-xss-document-write", context: %{node_type: "CallExpression", depth: 7, parent_type: "ExpressionStatement"}, location: %{depth: 7, end_column: 4, end_line: 5, start_line: 2, start_column: 2}, severity: "high", pattern_id: "js-xss-document-write", pattern_name: "Cross-Site Scripting (XSS) via document.write", recommendation: "Review this code for potential security issues", confidence: 0.85, pattern_type: :xss}
18:49:06.651 [debug] Match confidence: 0.15435, min_confidence: 0.7, match: %{type: "js-xss-document-write", context: %{node_type: "CallExpression", depth: 11, parent_type: "ExpressionStatement"}, location: %{depth: 11, end_column: 25, end_line: 4, start_line: 4, start_column: 4}, severity: "high", pattern_id: "js-xss-document-write", pattern_name: "Cross-Site Scripting (XSS) via document.write", recommendation: "Review this code for potential security issues", confidence: 0.85, pattern_type: :xss}
18:49:06.652 [debug] Match confidence: 0.15435, min_confidence: 0.7, match: %{type: "js-xss-jquery-html", context: %{node_type: "CallExpression", depth: 3, parent_type: "ExpressionStatement"}, location: %{depth: 3, end_column: 2, end_line: 6, start_line: 1, start_column: 0}, severity: "high", pattern_id: "js-xss-jquery-html", pattern_name: "XSS via jQuery html()", recommendation: "Review this code for potential security issues", confidence: 0.85, pattern_type: :xss}
18:49:06.652 [debug] Match confidence: 0.15435, min_confidence: 0.7, match: %{type: "js-xss-jquery-html", context: %{node_type: "CallExpression", depth: 7, parent_type: "ExpressionStatement"}, location: %{depth: 7, end_column: 4, end_line: 5, start_line: 2, start_column: 2}, severity: "high", pattern_id: "js-xss-jquery-html", pattern_name: "XSS via jQuery html()", recommendation: "Review this code for potential security issues", confidence: 0.85, pattern_type: :xss}
18:49:06.652 [debug] Match confidence: 0.15435, min_confidence: 0.7, match: %{type: "js-xss-jquery-html", context: %{node_type: "CallExpression", depth: 11, parent_type: "ExpressionStatement"}, location: %{depth: 11, end_column: 25, end_line: 4, start_line: 4, start_column: 4}, severity: "high", pattern_id: "js-xss-jquery-html", pattern_name: "XSS via jQuery html()", recommendation: "Review this code for potential security issues", confidence: 0.85, pattern_type: :xss}
18:49:06.652 [debug] Match confidence: 0.15014999999999998, min_confidence: 0.7, match: %{type: "js-path-traversal-join", context: %{node_type: "CallExpression", depth: 3, parent_type: "ExpressionStatement"}, location: %{depth: 3, end_column: 2, end_line: 6, start_line: 1, start_column: 0}, severity: "medium", pattern_id: "js-path-traversal-join", pattern_name: "Path Traversal via path.join", recommendation: "Review this code for potential security issues", confidence: 0.7, pattern_type: :path_traversal}
18:49:06.652 [debug] Match confidence: 0.15014999999999998, min_confidence: 0.7, match: %{type: "js-path-traversal-join", context: %{node_type: "CallExpression", depth: 7, parent_type: "ExpressionStatement"}, location: %{depth: 7, end_column: 4, end_line: 5, start_line: 2, start_column: 2}, severity: "medium", pattern_id: "js-path-traversal-join", pattern_name: "Path Traversal via path.join", recommendation: "Review this code for potential security issues", confidence: 0.7, pattern_type: :path_traversal}
18:49:06.652 [debug] Match confidence: 0.15014999999999998, min_confidence: 0.7, match: %{type: "js-path-traversal-join", context: %{node_type: "CallExpression", depth: 11, parent_type: "ExpressionStatement"}, location: %{depth: 11, end_column: 25, end_line: 4, start_line: 4, start_column: 4}, severity: "medium", pattern_id: "js-path-traversal-join", pattern_name: "Path Traversal via path.join", recommendation: "Review this code for potential security issues", confidence: 0.7, pattern_type: :path_traversal}
18:49:06.653 [debug] Match confidence: 0.15014999999999998, min_confidence: 0.7, match: %{type: "js-path-traversal-concat", context: %{node_type: "BinaryExpression", depth: 12, parent_type: "VariableDeclarator"}, location: %{depth: 12, end_column: 60, end_line: 3, start_line: 3, start_column: 18}, severity: "medium", pattern_id: "js-path-traversal-concat", pattern_name: "Path Traversal via String Concatenation", recommendation: "Review this code for potential security issues", confidence: 0.7, pattern_type: :path_traversal}
18:49:06.653 [debug] Match confidence: 0.15014999999999998, min_confidence: 0.7, match: %{type: "js-weak-crypto-md5", context: %{node_type: "CallExpression", depth: 3, parent_type: "ExpressionStatement"}, location: %{depth: 3, end_column: 2, end_line: 6, start_line: 1, start_column: 0}, severity: "medium", pattern_id: "js-weak-crypto-md5", pattern_name: "Weak Cryptography - MD5", recommendation: "Review this code for potential security issues", confidence: 0.7, pattern_type: :weak_crypto}
18:49:06.653 [debug] Match confidence: 0.15014999999999998, min_confidence: 0.7, match: %{type: "js-weak-crypto-md5", context: %{node_type: "CallExpression", depth: 7, parent_type: "ExpressionStatement"}, location: %{depth: 7, end_column: 4, end_line: 5, start_line: 2, start_column: 2}, severity: "medium", pattern_id: "js-weak-crypto-md5", pattern_name: "Weak Cryptography - MD5", recommendation: "Review this code for potential security issues", confidence: 0.7, pattern_type: :weak_crypto}
18:49:06.653 [debug] Match confidence: 0.15014999999999998, min_confidence: 0.7, match: %{type: "js-weak-crypto-md5", context: %{node_type: "CallExpression", depth: 11, parent_type: "ExpressionStatement"}, location: %{depth: 11, end_column: 25, end_line: 4, start_line: 4, start_column: 4}, severity: "medium", pattern_id: "js-weak-crypto-md5", pattern_name: "Weak Cryptography - MD5", recommendation: "Review this code for potential security issues", confidence: 0.7, pattern_type: :weak_crypto}
18:49:06.653 [debug] Match confidence: 0.15014999999999998, min_confidence: 0.7, match: %{type: "js-weak-crypto-sha1", context: %{node_type: "CallExpression", depth: 3, parent_type: "ExpressionStatement"}, location: %{depth: 3, end_column: 2, end_line: 6, start_line: 1, start_column: 0}, severity: "medium", pattern_id: "js-weak-crypto-sha1", pattern_name: "Weak Cryptography - SHA1", recommendation: "Review this code for potential security issues", confidence: 0.7, pattern_type: :weak_crypto}
18:49:06.654 [debug] Match confidence: 0.15014999999999998, min_confidence: 0.7, match: %{type: "js-weak-crypto-sha1", context: %{node_type: "CallExpression", depth: 7, parent_type: "ExpressionStatement"}, location: %{depth: 7, end_column: 4, end_line: 5, start_line: 2, start_column: 2}, severity: "medium", pattern_id: "js-weak-crypto-sha1", pattern_name: "Weak Cryptography - SHA1", recommendation: "Review this code for potential security issues", confidence: 0.7, pattern_type: :weak_crypto}
18:49:06.654 [debug] Match confidence: 0.15014999999999998, min_confidence: 0.7, match: %{type: "js-weak-crypto-sha1", context: %{node_type: "CallExpression", depth: 11, parent_type: "ExpressionStatement"}, location: %{depth: 11, end_column: 25, end_line: 4, start_line: 4, start_column: 4}, severity: "medium", pattern_id: "js-weak-crypto-sha1", pattern_name: "Weak Cryptography - SHA1", recommendation: "Review this code for potential security issues", confidence: 0.7, pattern_type: :weak_crypto}
18:49:06.655 [debug] Match confidence: 0.1848, min_confidence: 0.7, match: %{type: "js-hardcoded-secret-password", context: %{node_type: "VariableDeclarator", depth: 11, parent_type: "VariableDeclaration"}, location: %{depth: 11, end_column: 60, end_line: 3, start_line: 3, start_column: 10}, severity: "high", pattern_id: "js-hardcoded-secret-password", pattern_name: "Hardcoded Password", recommendation: "Review this code for potential security issues", confidence: 0.9, pattern_type: :hardcoded_secret}
18:49:06.656 [debug] Match confidence: 0.1848, min_confidence: 0.7, match: %{type: "js-hardcoded-secret-api-key", context: %{node_type: "VariableDeclarator", depth: 11, parent_type: "VariableDeclaration"}, location: %{depth: 11, end_column: 60, end_line: 3, start_line: 3, start_column: 10}, severity: "high", pattern_id: "js-hardcoded-secret-api-key", pattern_name: "Hardcoded API Key", recommendation: "Review this code for potential security issues", confidence: 0.9, pattern_type: :hardcoded_secret}
18:49:06.656 [debug] Match confidence: 0.15014999999999998, min_confidence: 0.7, match: %{type: "js-open-redirect", context: %{node_type: "CallExpression", depth: 3, parent_type: "ExpressionStatement"}, location: %{depth: 3, end_column: 2, end_line: 6, start_line: 1, start_column: 0}, severity: "medium", pattern_id: "js-open-redirect", pattern_name: "Open Redirect Vulnerability", recommendation: "Review this code for potential security issues", confidence: 0.7, pattern_type: :open_redirect}
18:49:06.657 [debug] Match confidence: 0.15014999999999998, min_confidence: 0.7, match: %{type: "js-open-redirect", context: %{node_type: "CallExpression", depth: 7, parent_type: "ExpressionStatement"}, location: %{depth: 7, end_column: 4, end_line: 5, start_line: 2, start_column: 2}, severity: "medium", pattern_id: "js-open-redirect", pattern_name: "Open Redirect Vulnerability", recommendation: "Review this code for potential security issues", confidence: 0.7, pattern_type: :open_redirect}
.18:49:06.658 [debug] Match confidence: 0.15014999999999998, min_confidence: 0.7, match: %{type: "js-open-redirect", context: %{node_type: "CallExpression", depth: 11, parent_type: "ExpressionStatement"}, location: %{depth: 11, end_column: 25, end_line: 4, start_line: 4, start_column: 4}, severity: "medium", pattern_id: "js-open-redirect", pattern_name: "Open Redirect Vulnerability", recommendation: "Review this code for potential security issues", confidence: 0.7, pattern_type: :open_redirect}
18:49:06.659 [debug] Match confidence: 0.15014999999999998, min_confidence: 0.7, match: %{type: "js-insecure-random", context: %{node_type: "CallExpression", depth: 3, parent_type: "ExpressionStatement"}, location: %{depth: 3, end_column: 2, end_line: 6, start_line: 1, start_column: 0}, severity: "medium", pattern_id: "js-insecure-random", pattern_name: "Insecure Random Number Generation", recommendation: "Review this code for potential security issues", confidence: 0.7, pattern_type: :insecure_random}
18:49:06.659 [debug] Match confidence: 0.15014999999999998, min_confidence: 0.7, match: %{type: "js-insecure-random", context: %{node_type: "CallExpression", depth: 7, parent_type: "ExpressionStatement"}, location: %{depth: 7, end_column: 4, end_line: 5, start_line: 2, start_column: 2}, severity: "medium", pattern_id: "js-insecure-random", pattern_name: "Insecure Random Number Generation", recommendation: "Review this code for potential security issues", confidence: 0.7, pattern_type: :insecure_random}
18:49:06.659 [debug] Match confidence: 0.15014999999999998, min_confidence: 0.7, match: %{type: "js-insecure-random", context: %{node_type: "CallExpression", depth: 11, parent_type: "ExpressionStatement"}, location: %{depth: 11, end_column: 25, end_line: 4, start_line: 4, start_column: 4}, severity: "medium", pattern_id: "js-insecure-random", pattern_name: "Insecure Random Number Generation", recommendation: "Review this code for potential security issues", confidence: 0.7, pattern_type: :insecure_random}
18:49:06.659 [debug] Match confidence: 0.11602499999999999, min_confidence: 0.7, match: %{type: "js-nosql-injection", context: %{node_type: "CallExpression", depth: 3, parent_type: "ExpressionStatement"}, location: %{depth: 3, end_column: 2, end_line: 6, start_line: 1, start_column: 0}, severity: "high", pattern_id: "js-nosql-injection", pattern_name: "NoSQL Injection", recommendation: "Review this code for potential security issues", confidence: 0.85, pattern_type: :nosql_injection}
18:49:06.659 [debug] Match confidence: 0.11602499999999999, min_confidence: 0.7, match: %{type: "js-nosql-injection", context: %{node_type: "CallExpression", depth: 7, parent_type: "ExpressionStatement"}, location: %{depth: 7, end_column: 4, end_line: 5, start_line: 2, start_column: 2}, severity: "high", pattern_id: "js-nosql-injection", pattern_name: "NoSQL Injection", recommendation: "Review this code for potential security issues", confidence: 0.85, pattern_type: :nosql_injection}
18:49:06.659 [debug] Match confidence: 0.11602499999999999, min_confidence: 0.7, match: %{type: "js-nosql-injection", context: %{node_type: "CallExpression", depth: 11, parent_type: "ExpressionStatement"}, location: %{depth: 11, end_column: 25, end_line: 4, start_line: 4, start_column: 4}, severity: "high", pattern_id: "js-nosql-injection", pattern_name: "NoSQL Injection", recommendation: "Review this code for potential security issues", confidence: 0.85, pattern_type: :nosql_injection}
18:49:06.659 [debug] Match confidence: 0.11602499999999999, min_confidence: 0.7, match: %{type: "js-ldap-injection", context: %{node_type: "CallExpression", depth: 3, parent_type: "ExpressionStatement"}, location: %{depth: 3, end_column: 2, end_line: 6, start_line: 1, start_column: 0}, severity: "high", pattern_id: "js-ldap-injection", pattern_name: "LDAP Injection", recommendation: "Review this code for potential security issues", confidence: 0.85, pattern_type: :ldap_injection}
18:49:06.659 [debug] Match confidence: 0.11602499999999999, min_confidence: 0.7, match: %{type: "js-ldap-injection", context: %{node_type: "CallExpression", depth: 7, parent_type: "ExpressionStatement"}, location: %{depth: 7, end_column: 4, end_line: 5, start_line: 2, start_column: 2}, severity: "high", pattern_id: "js-ldap-injection", pattern_name: "LDAP Injection", recommendation: "Review this code for potential security issues", confidence: 0.85, pattern_type: :ldap_injection}
18:49:06.659 [debug] Match confidence: 0.11602499999999999, min_confidence: 0.7, match: %{type: "js-ldap-injection", context: %{node_type: "CallExpression", depth: 11, parent_type: "ExpressionStatement"}, location: %{depth: 11, end_column: 25, end_line: 4, start_line: 4, start_column: 4}, severity: "high", pattern_id: "js-ldap-injection", pattern_name: "LDAP Injection", recommendation: "Review this code for potential security issues", confidence: 0.85, pattern_type: :ldap_injection}
18:49:06.659 [debug] Match confidence: 0.11602499999999999, min_confidence: 0.7, match: %{type: "js-xpath-injection", context: %{node_type: "CallExpression", depth: 3, parent_type: "ExpressionStatement"}, location: %{depth: 3, end_column: 2, end_line: 6, start_line: 1, start_column: 0}, severity: "high", pattern_id: "js-xpath-injection", pattern_name: "XPath Injection", recommendation: "Review this code for potential security issues", confidence: 0.85, pattern_type: :xpath_injection}
18:49:06.659 [debug] Match confidence: 0.11602499999999999, min_confidence: 0.7, match: %{type: "js-xpath-injection", context: %{node_type: "CallExpression", depth: 7, parent_type: "ExpressionStatement"}, location: %{depth: 7, end_column: 4, end_line: 5, start_line: 2, start_column: 2}, severity: "high", pattern_id: "js-xpath-injection", pattern_name: "XPath Injection", recommendation: "Review this code for potential security issues", confidence: 0.85, pattern_type: :xpath_injection}
18:49:06.659 [debug] Match confidence: 0.11602499999999999, min_confidence: 0.7, match: %{type: "js-xpath-injection", context: %{node_type: "CallExpression", depth: 11, parent_type: "ExpressionStatement"}, location: %{depth: 11, end_column: 25, end_line: 4, start_line: 4, start_column: 4}, severity: "high", pattern_id: "js-xpath-injection", pattern_name: "XPath Injection", recommendation: "Review this code for potential security issues", confidence: 0.85, pattern_type: :xpath_injection}
18:49:06.659 [debug] Match confidence: 0.15014999999999998, min_confidence: 0.7, match: %{type: "js-ssrf", context: %{node_type: "CallExpression", depth: 3, parent_type: "ExpressionStatement"}, location: %{depth: 3, end_column: 2, end_line: 6, start_line: 1, start_column: 0}, severity: "medium", pattern_id: "js-ssrf", pattern_name: "Server-Side Request Forgery (SSRF)", recommendation: "Review this code for potential security issues", confidence: 0.7, pattern_type: :ssrf}
18:49:06.659 [debug] Match confidence: 0.15014999999999998, min_confidence: 0.7, match: %{type: "js-ssrf", context: %{node_type: "CallExpression", depth: 7, parent_type: "ExpressionStatement"}, location: %{depth: 7, end_column: 4, end_line: 5, start_line: 2, start_column: 2}, severity: "medium", pattern_id: "js-ssrf", pattern_name: "Server-Side Request Forgery (SSRF)", recommendation: "Review this code for potential security issues", confidence: 0.7, pattern_type: :ssrf}
18:49:06.659 [debug] Match confidence: 0.15014999999999998, min_confidence: 0.7, match: %{type: "js-ssrf", context: %{node_type: "CallExpression", depth: 11, parent_type: "ExpressionStatement"}, location: %{depth: 11, end_column: 25, end_line: 4, start_line: 4, start_column: 4}, severity: "medium", pattern_id: "js-ssrf", pattern_name: "Server-Side Request Forgery (SSRF)", recommendation: "Review this code for potential security issues", confidence: 0.7, pattern_type: :ssrf}
18:49:06.659 [debug] Match confidence: 0.15014999999999998, min_confidence: 0.7, match: %{type: "js-insecure-deserialization", context: %{node_type: "CallExpression", depth: 3, parent_type: "ExpressionStatement"}, location: %{depth: 3, end_column: 2, end_line: 6, start_line: 1, start_column: 0}, severity: "medium", pattern_id: "js-insecure-deserialization", pattern_name: "Insecure Deserialization", recommendation: "Review this code for potential security issues", confidence: 0.7, pattern_type: :deserialization}
18:49:06.659 [debug] Match confidence: 0.15014999999999998, min_confidence: 0.7, match: %{type: "js-insecure-deserialization", context: %{node_type: "CallExpression", depth: 7, parent_type: "ExpressionStatement"}, location: %{depth: 7, end_column: 4, end_line: 5, start_line: 2, start_column: 2}, severity: "medium", pattern_id: "js-insecure-deserialization", pattern_name: "Insecure Deserialization", recommendation: "Review this code for potential security issues", confidence: 0.7, pattern_type: :deserialization}
18:49:06.659 [debug] Match confidence: 0.15014999999999998, min_confidence: 0.7, match: %{type: "js-insecure-deserialization", context: %{node_type: "CallExpression", depth: 11, parent_type: "ExpressionStatement"}, location: %{depth: 11, end_column: 25, end_line: 4, start_line: 4, start_column: 4}, severity: "medium", pattern_id: "js-insecure-deserialization", pattern_name: "Insecure Deserialization", recommendation: "Review this code for potential security issues", confidence: 0.7, pattern_type: :deserialization}
18:49:06.659 [debug] Match confidence: 0.15014999999999998, min_confidence: 0.7, match: %{type: "js-jwt-none-algorithm", context: %{node_type: "CallExpression", depth: 3, parent_type: "ExpressionStatement"}, location: %{depth: 3, end_column: 2, end_line: 6, start_line: 1, start_column: 0}, severity: "medium", pattern_id: "js-jwt-none-algorithm", pattern_name: "JWT None Algorithm Vulnerability", recommendation: "Review this code for potential security issues", confidence: 0.7, pattern_type: :authentication}
18:49:06.659 [debug] Match confidence: 0.15014999999999998, min_confidence: 0.7, match: %{type: "js-jwt-none-algorithm", context: %{node_type: "CallExpression", depth: 7, parent_type: "ExpressionStatement"}, location: %{depth: 7, end_column: 4, end_line: 5, start_line: 2, start_column: 2}, severity: "medium", pattern_id: "js-jwt-none-algorithm", pattern_name: "JWT None Algorithm Vulnerability", recommendation: "Review this code for potential security issues", confidence: 0.7, pattern_type: :authentication}
18:49:06.659 [debug] Match confidence: 0.15014999999999998, min_confidence: 0.7, match: %{type: "js-jwt-none-algorithm", context: %{node_type: "CallExpression", depth: 11, parent_type: "ExpressionStatement"}, location: %{depth: 11, end_column: 25, end_line: 4, start_line: 4, start_column: 4}, severity: "medium", pattern_id: "js-jwt-none-algorithm", pattern_name: "JWT None Algorithm Vulnerability", recommendation: "Review this code for potential security issues", confidence: 0.7, pattern_type: :authentication}
18:49:06.659 [debug] Match confidence: 0.15014999999999998, min_confidence: 0.7, match: %{type: "js-debug-console-log", context: %{node_type: "CallExpression", depth: 3, parent_type: "ExpressionStatement"}, location: %{depth: 3, end_column: 2, end_line: 6, start_line: 1, start_column: 0}, severity: "medium", pattern_id: "js-debug-console-log", pattern_name: "Sensitive Data in Console Logs", recommendation: "Review this code for potential security issues", confidence: 0.7, pattern_type: :information_disclosure}
18:49:06.659 [debug] Match confidence: 0.15014999999999998, min_confidence: 0.7, match: %{type: "js-debug-console-log", context: %{node_type: "CallExpression", depth: 7, parent_type: "ExpressionStatement"}, location: %{depth: 7, end_column: 4, end_line: 5, start_line: 2, start_column: 2}, severity: "medium", pattern_id: "js-debug-console-log", pattern_name: "Sensitive Data in Console Logs", recommendation: "Review this code for potential security issues", confidence: 0.7, pattern_type: :information_disclosure}
18:49:06.659 [debug] Match confidence: 0.15014999999999998, min_confidence: 0.7, match: %{type: "js-debug-console-log", context: %{node_type: "CallExpression", depth: 11, parent_type: "ExpressionStatement"}, location: %{depth: 11, end_column: 25, end_line: 4, start_line: 4, start_column: 4}, severity: "medium", pattern_id: "js-debug-console-log", pattern_name: "Sensitive Data in Console Logs", recommendation: "Review this code for potential security issues", confidence: 0.7, pattern_type: :information_disclosure}
18:49:06.877 [debug] Parser response received
18:49:06.878 [info] AnalysisService: Loaded 30 patterns for javascript
18:49:06.885 [info] AnalysisService: Found 8 matches
18:49:06.885 [debug] Match confidence: 0.5005, min_confidence: 0.7, match: %{type: "js-path-traversal-concat", context: %{node_type: "BinaryExpression", depth: 6, parent_type: "VariableDeclarator", in_function: "greet"}, location: %{depth: 6, end_column: 45, end_line: 2, start_line: 2, start_column: 19}, severity: "medium", pattern_id: "js-path-traversal-concat", pattern_name: "Path Traversal via String Concatenation", recommendation: "Review this code for potential security issues", confidence: 0.7, pattern_type: :path_traversal}
18:49:06.885 [debug] Match confidence: 0.5005, min_confidence: 0.7, match: %{type: "js-path-traversal-concat", context: %{node_type: "BinaryExpression", depth: 7, parent_type: "BinaryExpression", in_function: "greet"}, location: %{depth: 7, end_column: 34, end_line: 2, start_line: 2, start_column: 19}, severity: "medium", pattern_id: "js-path-traversal-concat", pattern_name: "Path Traversal via String Concatenation", recommendation: "Review this code for potential security issues", confidence: 0.7, pattern_type: :path_traversal}
.18:49:06.885 [debug] Match confidence: 0.5005, min_confidence: 0.7, match: %{type: "js-path-traversal-concat", context: %{node_type: "BinaryExpression", depth: 6, parent_type: "VariableDeclarator", in_function: "greet"}, location: %{depth: 6, end_column: 44, end_line: 3, start_line: 3, start_column: 18}, severity: "medium", pattern_id: "js-path-traversal-concat", pattern_name: "Path Traversal via String Concatenation", recommendation: "Review this code for potential security issues", confidence: 0.7, pattern_type: :path_traversal}
18:49:06.885 [debug] Match confidence: 0.5005, min_confidence: 0.7, match: %{type: "js-path-traversal-concat", context: %{node_type: "BinaryExpression", depth: 7, parent_type: "BinaryExpression", in_function: "greet"}, location: %{depth: 7, end_column: 38, end_line: 3, start_line: 3, start_column: 18}, severity: "medium", pattern_id: "js-path-traversal-concat", pattern_name: "Path Traversal via String Concatenation", recommendation: "Review this code for potential security issues", confidence: 0.7, pattern_type: :path_traversal}
18:49:06.885 [debug] Match confidence: 0.616, min_confidence: 0.7, match: %{type: "js-hardcoded-secret-password", context: %{node_type: "VariableDeclarator", depth: 5, parent_type: "VariableDeclaration", in_function: "greet"}, location: %{depth: 5, end_column: 45, end_line: 2, start_line: 2, start_column: 8}, severity: "high", pattern_id: "js-hardcoded-secret-password", pattern_name: "Hardcoded Password", recommendation: "Review this code for potential security issues", confidence: 0.9, pattern_type: :hardcoded_secret}
18:49:06.885 [debug] Match confidence: 0.616, min_confidence: 0.7, match: %{type: "js-hardcoded-secret-password", context: %{node_type: "VariableDeclarator", depth: 5, parent_type: "VariableDeclaration", in_function: "greet"}, location: %{depth: 5, end_column: 44, end_line: 3, start_line: 3, start_column: 8}, severity: "high", pattern_id: "js-hardcoded-secret-password", pattern_name: "Hardcoded Password", recommendation: "Review this code for potential security issues", confidence: 0.9, pattern_type: :hardcoded_secret}
18:49:06.885 [debug] Match confidence: 0.616, min_confidence: 0.7, match: %{type: "js-hardcoded-secret-api-key", context: %{node_type: "VariableDeclarator", depth: 5, parent_type: "VariableDeclaration", in_function: "greet"}, location: %{depth: 5, end_column: 45, end_line: 2, start_line: 2, start_column: 8}, severity: "high", pattern_id: "js-hardcoded-secret-api-key", pattern_name: "Hardcoded API Key", recommendation: "Review this code for potential security issues", confidence: 0.9, pattern_type: :hardcoded_secret}
18:49:06.885 [debug] Match confidence: 0.616, min_confidence: 0.7, match: %{type: "js-hardcoded-secret-api-key", context: %{node_type: "VariableDeclarator", depth: 5, parent_type: "VariableDeclaration", in_function: "greet"}, location: %{depth: 5, end_column: 44, end_line: 3, start_line: 3, start_column: 8}, severity: "high", pattern_id: "js-hardcoded-secret-api-key", pattern_name: "Hardcoded API Key", recommendation: "Review this code for potential security issues", confidence: 0.9, pattern_type: :hardcoded_secret}
18:49:07.023 [debug] Parser response received
.18:49:07.023 [info] AnalysisService: Loaded 30 patterns for javascript
18:49:07.026 [info] AnalysisService: Found 7 matches
18:49:07.026 [debug] Match confidence: 0.5005, min_confidence: 0.7, match: %{type: "js-path-traversal-concat", context: %{node_type: "BinaryExpression", depth: 6, parent_type: "VariableDeclarator", in_function: "calculateTotal"}, location: %{depth: 6, end_column: 30, end_line: 4, start_line: 4, start_column: 16}, severity: "medium", pattern_id: "js-path-traversal-concat", pattern_name: "Path Traversal via String Concatenation", recommendation: "Review this code for potential security issues", confidence: 0.7, pattern_type: :path_traversal}
18:49:07.026 [debug] Match confidence: 0.616, min_confidence: 0.7, match: %{type: "js-hardcoded-secret-password", context: %{node_type: "VariableDeclarator", depth: 5, parent_type: "VariableDeclaration", in_function: "calculateTotal"}, location: %{depth: 5, end_column: 35, end_line: 2, start_line: 2, start_column: 8}, severity: "high", pattern_id: "js-hardcoded-secret-password", pattern_name: "Hardcoded Password", recommendation: "Review this code for potential security issues", confidence: 0.9, pattern_type: :hardcoded_secret}
18:49:07.026 [debug] Match confidence: 0.616, min_confidence: 0.7, match: %{type: "js-hardcoded-secret-password", context: %{node_type: "VariableDeclarator", depth: 5, parent_type: "VariableDeclaration", in_function: "calculateTotal"}, location: %{depth: 5, end_column: 29, end_line: 3, start_line: 3, start_column: 8}, severity: "high", pattern_id: "js-hardcoded-secret-password", pattern_name: "Hardcoded Password", recommendation: "Review this code for potential security issues", confidence: 0.9, pattern_type: :hardcoded_secret}
18:49:07.026 [debug] Match confidence: 0.616, min_confidence: 0.7, match: %{type: "js-hardcoded-secret-password", context: %{node_type: "VariableDeclarator", depth: 5, parent_type: "VariableDeclaration", in_function: "calculateTotal"}, location: %{depth: 5, end_column: 30, end_line: 4, start_line: 4, start_column: 8}, severity: "high", pattern_id: "js-hardcoded-secret-password", pattern_name: "Hardcoded Password", recommendation: "Review this code for potential security issues", confidence: 0.9, pattern_type: :hardcoded_secret}
18:49:07.026 [debug] Match confidence: 0.616, min_confidence: 0.7, match: %{type: "js-hardcoded-secret-api-key", context: %{node_type: "VariableDeclarator", depth: 5, parent_type: "VariableDeclaration", in_function: "calculateTotal"}, location: %{depth: 5, end_column: 35, end_line: 2, start_line: 2, start_column: 8}, severity: "high", pattern_id: "js-hardcoded-secret-api-key", pattern_name: "Hardcoded API Key", recommendation: "Review this code for potential security issues", confidence: 0.9, pattern_type: :hardcoded_secret}
18:49:07.026 [debug] Match confidence: 0.616, min_confidence: 0.7, match: %{type: "js-hardcoded-secret-api-key", context: %{node_type: "VariableDeclarator", depth: 5, parent_type: "VariableDeclaration", in_function: "calculateTotal"}, location: %{depth: 5, end_column: 29, end_line: 3, start_line: 3, start_column: 8}, severity: "high", pattern_id: "js-hardcoded-secret-api-key", pattern_name: "Hardcoded API Key", recommendation: "Review this code for potential security issues", confidence: 0.9, pattern_type: :hardcoded_secret}
18:49:07.027 [debug] Match confidence: 0.616, min_confidence: 0.7, match: %{type: "js-hardcoded-secret-api-key", context: %{node_type: "VariableDeclarator", depth: 5, parent_type: "VariableDeclaration", in_function: "calculateTotal"}, location: %{depth: 5, end_column: 30, end_line: 4, start_line: 4, start_column: 8}, severity: "high", pattern_id: "js-hardcoded-secret-api-key", pattern_name: "Hardcoded API Key", recommendation: "Review this code for potential security issues", confidence: 0.9, pattern_type: :hardcoded_secret}
18:49:07.184 [debug] Parser response received
18:49:07.185 [info] AnalysisService: Loaded 30 patterns for javascript
18:49:07.186 [info] AnalysisService: Found 3 matches
18:49:07.186 [debug] Match confidence: 0.5005, min_confidence: 0.7, match: %{type: "js-path-traversal-concat", context: %{node_type: "BinaryExpression", depth: 4, parent_type: "VariableDeclarator"}, location: %{depth: 4, end_column: 15, end_line: 1, start_line: 1, start_column: 10}, severity: "medium", pattern_id: "js-path-traversal-concat", pattern_name: "Path Traversal via String Concatenation", recommendation: "Review this code for potential security issues", confidence: 0.7, pattern_type: :path_traversal}
.18:49:07.186 [debug] Match confidence: 0.616, min_confidence: 0.7, match: %{type: "js-hardcoded-secret-password", context: %{node_type: "VariableDeclarator", depth: 3, parent_type: "VariableDeclaration"}, location: %{depth: 3, end_column: 15, end_line: 1, start_line: 1, start_column: 6}, severity: "high", pattern_id: "js-hardcoded-secret-password", pattern_name: "Hardcoded Password", recommendation: "Review this code for potential security issues", confidence: 0.9, pattern_type: :hardcoded_secret}
18:49:07.186 [debug] Match confidence: 0.616, min_confidence: 0.7, match: %{type: "js-hardcoded-secret-api-key", context: %{node_type: "VariableDeclarator", depth: 3, parent_type: "VariableDeclaration"}, location: %{depth: 3, end_column: 15, end_line: 1, start_line: 1, start_column: 6}, severity: "high", pattern_id: "js-hardcoded-secret-api-key", pattern_name: "Hardcoded API Key", recommendation: "Review this code for potential security issues", confidence: 0.9, pattern_type: :hardcoded_secret}
18:49:07.187 request_id=GE6XYNHe3IagiL8AAFaE [info] GET /api/v1/patterns/js-sql-injection-interpolation/metadata
18:49:07.187 request_id=GE6XYNHe3IagiL8AAFaE [debug] Processing with RSOLVWeb.PatternController.metadata/2
  Parameters: %{"id" => "js-sql-injection-interpolation"}
  Pipelines: [:api]
18:49:07.187 request_id=GE6XYNHe3IagiL8AAFaE [info] Sent 200 in 395µs
.18:49:07.188 [debug] RSOLV PR identification:
- Has label: true
- Has branch prefix: 
- Has title prefix: false
- Has body pattern: false

...18:49:07.191 [debug] RSOLV PR identification:
- Has label: false
- Has branch prefix: true
- Has title prefix: false
- Has body pattern: false

18:49:07.191 [info] Handling pull_request event with action: "opened"
18:49:07.191 [info] Evaluating PR: [RSOLV] Fix security issue
18:49:07.192 [debug] RSOLV PR identification:
- Has label: true
- Has branch prefix: true
- Has title prefix: true
- Has body pattern: true

18:49:07.192 [info] Identified as RSOLV PR, tracking...
18:49:07.192 [debug] QUERY OK source="fix_attempts" db=0.2ms
SELECT f0."id", f0."github_org", f0."repo_name", f0."issue_number", f0."pr_number", f0."status", f0."merged_at", f0."billing_status", f0."requires_manual_approval", f0."approved_by", f0."approved_at", f0."approval_notes", f0."platform", f0."customer_id", f0."api_key_used", f0."pr_title", f0."pr_url", f0."issue_title", f0."issue_url", f0."commit_sha", f0."merged_by", f0."metadata", f0."amount", f0."currency", f0."billed_at", f0."refunded_at", f0."inserted_at", f0."updated_at" FROM "fix_attempts" AS f0 WHERE (((f0."github_org" = $1) AND (f0."repo_name" = $2)) AND (f0."pr_number" = $3)) ["test-org", "test-repo", 42]
18:49:07.193 [debug] QUERY OK source="fix_attempts" db=0.2ms queue=0.1ms
INSERT INTO "fix_attempts" ("status","metadata","currency","repo_name","github_org","issue_number","pr_number","billing_status","platform","pr_title","pr_url","requires_manual_approval","inserted_at","updated_at") VALUES ($1,$2,$3,$4,$5,$6,$7,$8,$9,$10,$11,$12,$13,$14) RETURNING "id" ["pending", %{labels: ["rsolv:automated"], branch: "rsolv/123-fix-security", created_by: "rsolv-bot", issue_references: [%{type: :number, value: 123}]}, "USD", "test-repo", "test-org", 123, 42, "not_billed", "github", "[RSOLV] Fix security issue", "https://github.com/test/repo/pull/42", true, ~N[2025-07-03 00:49:07], ~N[2025-07-03 00:49:07]]
18:49:07.193 [info] Handling pull_request event with action: "closed"
18:49:07.193 [debug] QUERY OK source="fix_attempts" db=0.1ms
SELECT f0."id", f0."github_org", f0."repo_name", f0."issue_number", f0."pr_number", f0."status", f0."merged_at", f0."billing_status", f0."requires_manual_approval", f0."approved_by", f0."approved_at", f0."approval_notes", f0."platform", f0."customer_id", f0."api_key_used", f0."pr_title", f0."pr_url", f0."issue_title", f0."issue_url", f0."commit_sha", f0."merged_by", f0."metadata", f0."amount", f0."currency", f0."billed_at", f0."refunded_at", f0."inserted_at", f0."updated_at" FROM "fix_attempts" AS f0 WHERE (((f0."github_org" = $1) AND (f0."repo_name" = $2)) AND (f0."pr_number" = $3)) ["test-org", "test-repo", 42]
18:49:07.193 [debug] QUERY OK source="fix_attempts" db=0.1ms
UPDATE "fix_attempts" SET "status" = $1, "commit_sha" = $2, "merged_at" = $3, "merged_by" = $4, "updated_at" = $5 WHERE "id" = $6 ["merged", "abc123", ~U[2025-06-03 19:00:00.000000Z], "reviewer", ~N[2025-07-03 00:49:07], 1383]
.18:49:07.193 [debug] QUERY OK source="fix_attempts" db=0.1ms
SELECT f0."id", f0."github_org", f0."repo_name", f0."issue_number", f0."pr_number", f0."status", f0."merged_at", f0."billing_status", f0."requires_manual_approval", f0."approved_by", f0."approved_at", f0."approval_notes", f0."platform", f0."customer_id", f0."api_key_used", f0."pr_title", f0."pr_url", f0."issue_title", f0."issue_url", f0."commit_sha", f0."merged_by", f0."metadata", f0."amount", f0."currency", f0."billed_at", f0."refunded_at", f0."inserted_at", f0."updated_at" FROM "fix_attempts" AS f0 WHERE (((f0."github_org" = $1) AND (f0."repo_name" = $2)) AND (f0."pr_number" = $3)) ["test-org", "test-repo", 42]
.18:49:07.194 [debug] RSOLV PR identification:
- Has label: 
- Has branch prefix: 
- Has title prefix: 
- Has body pattern: 

18:49:07.194 [debug] RSOLV PR identification:
- Has label: 
- Has branch prefix: 
- Has title prefix: 
- Has body pattern: 

18:49:07.194 [debug] RSOLV PR identification:
- Has label: 
- Has branch prefix: 
- Has title prefix: 
- Has body pattern: 

18:49:07.194 [debug] RSOLV PR identification:
- Has label: 
- Has branch prefix: 
- Has title prefix: 
- Has body pattern: 

18:49:07.194 [debug] RSOLV PR identification:
- Has label: false
- Has branch prefix: 
- Has title prefix: 
- Has body pattern: 

.18:49:07.195 [info] Handling pull_request event with action: "opened"
18:49:07.195 [info] Evaluating PR: Regular PR
18:49:07.195 [debug] RSOLV PR identification:
- Has label: false
- Has branch prefix: false
- Has title prefix: false
- Has body pattern: false

18:49:07.195 [info] Not a RSOLV PR, ignoring
18:49:07.195 [debug] QUERY OK source="fix_attempts" db=0.3ms
SELECT f0."id", f0."github_org", f0."repo_name", f0."issue_number", f0."pr_number", f0."status", f0."merged_at", f0."billing_status", f0."requires_manual_approval", f0."approved_by", f0."approved_at", f0."approval_notes", f0."platform", f0."customer_id", f0."api_key_used", f0."pr_title", f0."pr_url", f0."issue_title", f0."issue_url", f0."commit_sha", f0."merged_by", f0."metadata", f0."amount", f0."currency", f0."billed_at", f0."refunded_at", f0."inserted_at", f0."updated_at" FROM "fix_attempts" AS f0 WHERE (f0."pr_number" = $1) [42]
.18:49:07.196 [info] Handling pull_request event with action: "reopened"
18:49:07.196 [info] Evaluating PR: [RSOLV] Fix security issue
18:49:07.196 [debug] RSOLV PR identification:
- Has label: true
- Has branch prefix: true
- Has title prefix: true
- Has body pattern: true

.18:49:07.196 [info] Identified as RSOLV PR, tracking...
.18:49:07.196 [debug] QUERY OK source="fix_attempts" db=0.5ms
SELECT f0."id", f0."github_org", f0."repo_name", f0."issue_number", f0."pr_number", f0."status", f0."merged_at", f0."billing_status", f0."requires_manual_approval", f0."approved_by", f0."approved_at", f0."approval_notes", f0."platform", f0."customer_id", f0."api_key_used", f0."pr_title", f0."pr_url", f0."issue_title", f0."issue_url", f0."commit_sha", f0."merged_by", f0."metadata", f0."amount", f0."currency", f0."billed_at", f0."refunded_at", f0."inserted_at", f0."updated_at" FROM "fix_attempts" AS f0 WHERE (((f0."github_org" = $1) AND (f0."repo_name" = $2)) AND (f0."pr_number" = $3)) ["test-org", "test-repo", 42]
18:49:07.197 [debug] QUERY OK source="fix_attempts" db=0.1ms queue=0.4ms
INSERT INTO "fix_attempts" ("status","metadata","currency","repo_name","github_org","issue_number","pr_number","billing_status","platform","pr_title","pr_url","requires_manual_approval","inserted_at","updated_at") VALUES ($1,$2,$3,$4,$5,$6,$7,$8,$9,$10,$11,$12,$13,$14) RETURNING "id" ["pending", %{labels: ["rsolv:automated"], branch: "rsolv/123-fix-security", created_by: "rsolv-bot", issue_references: [%{type: :number, value: 123}]}, "USD", "test-repo", "test-org", 123, 42, "not_billed", "github", "[RSOLV] Fix security issue", "https://github.com/test/repo/pull/42", true, ~N[2025-07-03 00:49:07], ~N[2025-07-03 00:49:07]]
18:49:07.197 [debug] RSOLV PR identification:
- Has label: false
- Has branch prefix: false
- Has title prefix: false
- Has body pattern: false

18:49:07.197 [debug] RSOLV PR identification:
- Has label: false
- Has branch prefix: 
- Has title prefix: true
- Has body pattern: false

..18:49:07.198 [debug] RSOLV PR identification:
- Has label: false
- Has branch prefix: 
- Has title prefix: false
- Has body pattern: true

18:49:07.198 [debug] RSOLV PR identification:
- Has label: false
- Has branch prefix: 
- Has title prefix: false
- Has body pattern: true

18:49:07.198 [debug] RSOLV PR identification:
- Has label: false
- Has branch prefix: 
- Has title prefix: false
- Has body pattern: true

.18:49:07.198 [debug] RSOLV PR identification:
- Has label: false
- Has branch prefix: 
- Has title prefix: false
- Has body pattern: true

18:49:07.199 [info] Handling pull_request event with action: "opened"
18:49:07.199 [info] Evaluating PR: [RSOLV] Fix security issue
18:49:07.199 [debug] RSOLV PR identification:
- Has label: true
- Has branch prefix: true
- Has title prefix: true
- Has body pattern: true

18:49:07.199 [info] Identified as RSOLV PR, tracking...
18:49:07.200 [debug] QUERY OK source="fix_attempts" db=0.7ms
SELECT f0."id", f0."github_org", f0."repo_name", f0."issue_number", f0."pr_number", f0."status", f0."merged_at", f0."billing_status", f0."requires_manual_approval", f0."approved_by", f0."approved_at", f0."approval_notes", f0."platform", f0."customer_id", f0."api_key_used", f0."pr_title", f0."pr_url", f0."issue_title", f0."issue_url", f0."commit_sha", f0."merged_by", f0."metadata", f0."amount", f0."currency", f0."billed_at", f0."refunded_at", f0."inserted_at", f0."updated_at" FROM "fix_attempts" AS f0 WHERE (((f0."github_org" = $1) AND (f0."repo_name" = $2)) AND (f0."pr_number" = $3)) ["test-org", "test-repo", 42]
18:49:07.200 [debug] QUERY OK source="fix_attempts" db=0.2ms queue=0.1ms
INSERT INTO "fix_attempts" ("status","metadata","currency","repo_name","github_org","pr_number","billing_status","platform","pr_title","pr_url","requires_manual_approval","inserted_at","updated_at") VALUES ($1,$2,$3,$4,$5,$6,$7,$8,$9,$10,$11,$12,$13) RETURNING "id" ["pending", %{labels: ["rsolv:automated"], branch: "rsolv/123-fix-security", created_by: "rsolv-bot", issue_references: []}, "USD", "test-repo", "test-org", 42, "not_billed", "github", "[RSOLV] Fix security issue", "https://github.com/test/repo/pull/42", true, ~N[2025-07-03 00:49:07], ~N[2025-07-03 00:49:07]]
.18:49:07.201 [debug] QUERY OK source="fix_attempts" db=0.2ms
SELECT f0."id", f0."github_org", f0."repo_name", f0."issue_number", f0."pr_number", f0."status", f0."merged_at", f0."billing_status", f0."requires_manual_approval", f0."approved_by", f0."approved_at", f0."approval_notes", f0."platform", f0."customer_id", f0."api_key_used", f0."pr_title", f0."pr_url", f0."issue_title", f0."issue_url", f0."commit_sha", f0."merged_by", f0."metadata", f0."amount", f0."currency", f0."billed_at", f0."refunded_at", f0."inserted_at", f0."updated_at" FROM "fix_attempts" AS f0 WHERE (f0."pr_number" = $1) [42]
.18:49:07.203 [info] Handling pull_request event with action: "opened"
18:49:07.203 [info] Evaluating PR: [RSOLV] Fix security issue
18:49:07.203 [debug] RSOLV PR identification:
- Has label: true
- Has branch prefix: true
- Has title prefix: true
- Has body pattern: true

18:49:07.203 [info] Identified as RSOLV PR, tracking...
18:49:07.204 [debug] QUERY OK source="fix_attempts" db=0.1ms
SELECT f0."id", f0."github_org", f0."repo_name", f0."issue_number", f0."pr_number", f0."status", f0."merged_at", f0."billing_status", f0."requires_manual_approval", f0."approved_by", f0."approved_at", f0."approval_notes", f0."platform", f0."customer_id", f0."api_key_used", f0."pr_title", f0."pr_url", f0."issue_title", f0."issue_url", f0."commit_sha", f0."merged_by", f0."metadata", f0."amount", f0."currency", f0."billed_at", f0."refunded_at", f0."inserted_at", f0."updated_at" FROM "fix_attempts" AS f0 WHERE (((f0."github_org" = $1) AND (f0."repo_name" = $2)) AND (f0."pr_number" = $3)) ["test-org", "test-repo", 42]
18:49:07.204 [debug] QUERY OK source="fix_attempts" db=0.1ms
INSERT INTO "fix_attempts" ("status","metadata","currency","repo_name","github_org","issue_number","pr_number","billing_status","platform","pr_title","pr_url","requires_manual_approval","inserted_at","updated_at") VALUES ($1,$2,$3,$4,$5,$6,$7,$8,$9,$10,$11,$12,$13,$14) RETURNING "id" ["pending", %{labels: ["rsolv:automated"], branch: "rsolv/123-fix-security", created_by: "rsolv-bot", issue_references: [%{type: :number, value: 123}, %{owner: "other", type: :url, value: 456, repo: "repo"}, %{owner: "test-org", type: :cross_repo, value: 789, repo: "another-repo"}]}, "USD", "test-repo", "test-org", 123, 42, "not_billed", "github", "[RSOLV] Fix security issue", "https://github.com/test/repo/pull/42", true, ~N[2025-07-03 00:49:07], ~N[2025-07-03 00:49:07]]
18:49:07.204 [debug] QUERY OK source="fix_attempts" db=0.2ms
SELECT f0."id", f0."github_org", f0."repo_name", f0."issue_number", f0."pr_number", f0."status", f0."merged_at", f0."billing_status", f0."requires_manual_approval", f0."approved_by", f0."approved_at", f0."approval_notes", f0."platform", f0."customer_id", f0."api_key_used", f0."pr_title", f0."pr_url", f0."issue_title", f0."issue_url", f0."commit_sha", f0."merged_by", f0."metadata", f0."amount", f0."currency", f0."billed_at", f0."refunded_at", f0."inserted_at", f0."updated_at" FROM "fix_attempts" AS f0 WHERE (f0."pr_number" = $1) [42]
...18:49:07.205 [info] Handling pull_request event with action: "opened"
18:49:07.205 [info] Evaluating PR: [RSOLV] Fix security issue
18:49:07.205 [debug] RSOLV PR identification:
- Has label: true
- Has branch prefix: true
- Has title prefix: true
- Has body pattern: true

18:49:07.205 [info] Identified as RSOLV PR, tracking...
18:49:07.206 [debug] QUERY OK source="fix_attempts" db=0.6ms
SELECT f0."id", f0."github_org", f0."repo_name", f0."issue_number", f0."pr_number", f0."status", f0."merged_at", f0."billing_status", f0."requires_manual_approval", f0."approved_by", f0."approved_at", f0."approval_notes", f0."platform", f0."customer_id", f0."api_key_used", f0."pr_title", f0."pr_url", f0."issue_title", f0."issue_url", f0."commit_sha", f0."merged_by", f0."metadata", f0."amount", f0."currency", f0."billed_at", f0."refunded_at", f0."inserted_at", f0."updated_at" FROM "fix_attempts" AS f0 WHERE (((f0."github_org" = $1) AND (f0."repo_name" = $2)) AND (f0."pr_number" = $3)) ["test-org", "test-repo", 42]
18:49:07.208 [debug] QUERY OK source="fix_attempts" db=1.9ms
INSERT INTO "fix_attempts" ("status","metadata","currency","repo_name","github_org","issue_number","pr_number","billing_status","platform","pr_title","pr_url","requires_manual_approval","inserted_at","updated_at") VALUES ($1,$2,$3,$4,$5,$6,$7,$8,$9,$10,$11,$12,$13,$14) RETURNING "id" ["pending", %{labels: ["rsolv:automated"], branch: "rsolv/123-fix-security", created_by: "rsolv-bot", issue_references: [%{type: :number, value: 123}]}, "USD", "test-repo", "test-org", 123, 42, "not_billed", "github", "[RSOLV] Fix security issue", "https://github.com/test/repo/pull/42", true, ~N[2025-07-03 00:49:07], ~N[2025-07-03 00:49:07]]
18:49:07.208 [debug] QUERY OK source="fix_attempts" db=0.1ms queue=0.1ms
SELECT f0."id", f0."github_org", f0."repo_name", f0."issue_number", f0."pr_number", f0."status", f0."merged_at", f0."billing_status", f0."requires_manual_approval", f0."approved_by", f0."approved_at", f0."approval_notes", f0."platform", f0."customer_id", f0."api_key_used", f0."pr_title", f0."pr_url", f0."issue_title", f0."issue_url", f0."commit_sha", f0."merged_by", f0."metadata", f0."amount", f0."currency", f0."billed_at", f0."refunded_at", f0."inserted_at", f0."updated_at" FROM "fix_attempts" AS f0 WHERE (((f0."github_org" = $1) AND (f0."repo_name" = $2)) AND (f0."pr_number" = $3)) ["test-org", "test-repo", 42]
.18:49:07.209 request_id=GE6XYNMy9M_uGwQAADWC [info] POST /webhook/github
18:49:07.215 request_id=GE6XYNMy9M_uGwQAADWC [debug] Processing with RSOLVWeb.WebhookController.github/2
  Parameters: %{"action" => "opened", "pull_request" => %{"base" => %{"repo" => %{"name" => "test-repo", "owner" => %{"login" => "test-org"}}}, "body" => "Fixes #100\n\nThis PR addresses the SQL injection vulnerability.\n\nGenerated by RSOLV", "html_url" => "https://github.com/test-org/test-repo/pull/42", "number" => 42, "title" => "Fix SQL injection in user controller"}}
  Pipelines: [:webhook]
18:49:07.215 request_id=GE6XYNMy9M_uGwQAADWC [debug] CaptureRawBody: Successfully read body: ""
18:49:07.215 request_id=GE6XYNMy9M_uGwQAADWC [debug] Raw body in controller: ""
18:49:07.215 request_id=GE6XYNMy9M_uGwQAADWC [info] Routing GitHub event: "pull_request"
18:49:07.215 request_id=GE6XYNMy9M_uGwQAADWC [info] Handling pull_request event with action: "opened"
18:49:07.215 request_id=GE6XYNMy9M_uGwQAADWC [info] Evaluating PR: Fix SQL injection in user controller
18:49:07.215 request_id=GE6XYNMy9M_uGwQAADWC [debug] RSOLV PR identification:
- Has label: 
- Has branch prefix: 
- Has title prefix: false
- Has body pattern: true

18:49:07.215 request_id=GE6XYNMy9M_uGwQAADWC [info] Identified as RSOLV PR, tracking...
18:49:07.218 request_id=GE6XYNMy9M_uGwQAADWC [debug] QUERY OK source="fix_attempts" db=3.2ms
SELECT f0."id", f0."github_org", f0."repo_name", f0."issue_number", f0."pr_number", f0."status", f0."merged_at", f0."billing_status", f0."requires_manual_approval", f0."approved_by", f0."approved_at", f0."approval_notes", f0."platform", f0."customer_id", f0."api_key_used", f0."pr_title", f0."pr_url", f0."issue_title", f0."issue_url", f0."commit_sha", f0."merged_by", f0."metadata", f0."amount", f0."currency", f0."billed_at", f0."refunded_at", f0."inserted_at", f0."updated_at" FROM "fix_attempts" AS f0 WHERE (((f0."github_org" = $1) AND (f0."repo_name" = $2)) AND (f0."pr_number" = $3)) ["test-org", "test-repo", 42]
18:49:07.220 request_id=GE6XYNMy9M_uGwQAADWC [debug] QUERY OK source="fix_attempts" db=0.8ms queue=0.5ms
INSERT INTO "fix_attempts" ("status","metadata","currency","repo_name","github_org","issue_number","pr_number","billing_status","platform","pr_title","pr_url","requires_manual_approval","inserted_at","updated_at") VALUES ($1,$2,$3,$4,$5,$6,$7,$8,$9,$10,$11,$12,$13,$14) RETURNING "id" ["pending", %{labels: [], branch: nil, created_by: nil, issue_references: [%{type: :number, value: 100}]}, "USD", "test-repo", "test-org", 100, 42, "not_billed", "github", "Fix SQL injection in user controller", "https://github.com/test-org/test-repo/pull/42", true, ~N[2025-07-03 00:49:07], ~N[2025-07-03 00:49:07]]
18:49:07.220 request_id=GE6XYNMy9M_uGwQAADWC [info] Webhook processed successfully: :pr_opened
18:49:07.220 request_id=GE6XYNMy9M_uGwQAADWC [info] Sent 200 in 10ms
18:49:07.223 request_id=GE6XYNMy9M_uGwQAADWC [debug] QUERY OK source="fix_attempts" db=3.1ms
SELECT f0."id", f0."github_org", f0."repo_name", f0."issue_number", f0."pr_number", f0."status", f0."merged_at", f0."billing_status", f0."requires_manual_approval", f0."approved_by", f0."approved_at", f0."approval_notes", f0."platform", f0."customer_id", f0."api_key_used", f0."pr_title", f0."pr_url", f0."issue_title", f0."issue_url", f0."commit_sha", f0."merged_by", f0."metadata", f0."amount", f0."currency", f0."billed_at", f0."refunded_at", f0."inserted_at", f0."updated_at" FROM "fix_attempts" AS f0 WHERE (f0."pr_number" = $1) [42]
18:49:07.223 request_id=GE6XYNQHqa3uGwQAADYC [info] POST /webhook/github
18:49:07.224 request_id=GE6XYNQHqa3uGwQAADYC [debug] Processing with RSOLVWeb.WebhookController.github/2
  Parameters: %{"action" => "closed", "pull_request" => %{"base" => %{"repo" => %{"name" => "test-repo", "owner" => %{"login" => "test-org"}}}, "merge_commit_sha" => "abc123def456", "merged" => true, "merged_at" => "2025-06-03T16:00:00Z", "merged_by" => %{"login" => "reviewer"}, "number" => 42}}
  Pipelines: [:webhook]
18:49:07.224 request_id=GE6XYNQHqa3uGwQAADYC [debug] CaptureRawBody: Successfully read body: ""
18:49:07.224 request_id=GE6XYNQHqa3uGwQAADYC [debug] Raw body in controller: ""
18:49:07.224 request_id=GE6XYNQHqa3uGwQAADYC [info] Routing GitHub event: "pull_request"
18:49:07.224 request_id=GE6XYNQHqa3uGwQAADYC [info] Handling pull_request event with action: "closed"
18:49:07.224 request_id=GE6XYNQHqa3uGwQAADYC [debug] QUERY OK source="fix_attempts" db=0.2ms
SELECT f0."id", f0."github_org", f0."repo_name", f0."issue_number", f0."pr_number", f0."status", f0."merged_at", f0."billing_status", f0."requires_manual_approval", f0."approved_by", f0."approved_at", f0."approval_notes", f0."platform", f0."customer_id", f0."api_key_used", f0."pr_title", f0."pr_url", f0."issue_title", f0."issue_url", f0."commit_sha", f0."merged_by", f0."metadata", f0."amount", f0."currency", f0."billed_at", f0."refunded_at", f0."inserted_at", f0."updated_at" FROM "fix_attempts" AS f0 WHERE (((f0."github_org" = $1) AND (f0."repo_name" = $2)) AND (f0."pr_number" = $3)) ["test-org", "test-repo", 42]
18:49:07.225 request_id=GE6XYNQHqa3uGwQAADYC [debug] QUERY OK source="fix_attempts" db=0.1ms queue=0.1ms
UPDATE "fix_attempts" SET "status" = $1, "commit_sha" = $2, "merged_at" = $3, "merged_by" = $4, "updated_at" = $5 WHERE "id" = $6 ["merged", "abc123def456", ~U[2025-06-03 16:00:00.000000Z], "reviewer", ~N[2025-07-03 00:49:07], 1388]
18:49:07.225 request_id=GE6XYNQHqa3uGwQAADYC [info] Webhook processed successfully: :merged
18:49:07.225 request_id=GE6XYNQHqa3uGwQAADYC [info] Sent 200 in 2ms
18:49:07.226 request_id=GE6XYNQHqa3uGwQAADYC [debug] QUERY OK source="fix_attempts" db=0.2ms
SELECT f0."id", f0."github_org", f0."repo_name", f0."issue_number", f0."pr_number", f0."status", f0."merged_at", f0."billing_status", f0."requires_manual_approval", f0."approved_by", f0."approved_at", f0."approval_notes", f0."platform", f0."customer_id", f0."api_key_used", f0."pr_title", f0."pr_url", f0."issue_title", f0."issue_url", f0."commit_sha", f0."merged_by", f0."metadata", f0."amount", f0."currency", f0."billed_at", f0."refunded_at", f0."inserted_at", f0."updated_at" FROM "fix_attempts" AS f0 WHERE (f0."id" = $1) [1388]
.18:49:07.226 request_id=GE6XYNQz-NV_e00AADmH [info] POST /webhook/github
18:49:07.226 request_id=GE6XYNQz-NV_e00AADmH [debug] Processing with RSOLVWeb.WebhookController.github/2
  Parameters: %{"action" => "opened", "pull_request" => %{"base" => %{"repo" => %{"name" => "test-repo", "owner" => %{"login" => "test-org"}}}, "body" => "Fixes #101\n\nGenerated by RSOLV", "number" => 43, "title" => "Fix XSS vulnerability"}}
  Pipelines: [:webhook]
18:49:07.226 request_id=GE6XYNQz-NV_e00AADmH [debug] CaptureRawBody: Successfully read body: ""
18:49:07.226 request_id=GE6XYNQz-NV_e00AADmH [debug] Raw body in controller: ""
18:49:07.226 request_id=GE6XYNQz-NV_e00AADmH [info] Routing GitHub event: "pull_request"
18:49:07.226 request_id=GE6XYNQz-NV_e00AADmH [info] Handling pull_request event with action: "opened"
18:49:07.226 request_id=GE6XYNQz-NV_e00AADmH [info] Evaluating PR: Fix XSS vulnerability
18:49:07.226 request_id=GE6XYNQz-NV_e00AADmH [debug] RSOLV PR identification:
- Has label: 
- Has branch prefix: 
- Has title prefix: false
- Has body pattern: true

18:49:07.226 request_id=GE6XYNQz-NV_e00AADmH [info] Identified as RSOLV PR, tracking...
18:49:07.228 request_id=GE6XYNQz-NV_e00AADmH [debug] QUERY OK source="fix_attempts" db=1.9ms
SELECT f0."id", f0."github_org", f0."repo_name", f0."issue_number", f0."pr_number", f0."status", f0."merged_at", f0."billing_status", f0."requires_manual_approval", f0."approved_by", f0."approved_at", f0."approval_notes", f0."platform", f0."customer_id", f0."api_key_used", f0."pr_title", f0."pr_url", f0."issue_title", f0."issue_url", f0."commit_sha", f0."merged_by", f0."metadata", f0."amount", f0."currency", f0."billed_at", f0."refunded_at", f0."inserted_at", f0."updated_at" FROM "fix_attempts" AS f0 WHERE (((f0."github_org" = $1) AND (f0."repo_name" = $2)) AND (f0."pr_number" = $3)) ["test-org", "test-repo", 43]
18:49:07.229 request_id=GE6XYNQz-NV_e00AADmH [debug] QUERY OK source="fix_attempts" db=0.2ms queue=0.1ms
INSERT INTO "fix_attempts" ("status","metadata","currency","repo_name","github_org","issue_number","pr_number","billing_status","platform","pr_title","requires_manual_approval","inserted_at","updated_at") VALUES ($1,$2,$3,$4,$5,$6,$7,$8,$9,$10,$11,$12,$13) RETURNING "id" ["pending", %{labels: [], branch: nil, created_by: nil, issue_references: [%{type: :number, value: 101}]}, "USD", "test-repo", "test-org", 101, 43, "not_billed", "github", "Fix XSS vulnerability", true, ~N[2025-07-03 00:49:07], ~N[2025-07-03 00:49:07]]
18:49:07.229 request_id=GE6XYNQz-NV_e00AADmH [info] Webhook processed successfully: :pr_opened
18:49:07.229 request_id=GE6XYNQz-NV_e00AADmH [info] Sent 200 in 2ms
18:49:07.229 request_id=GE6XYNRiEMl_e00AAFgF [info] POST /webhook/github
.18:49:07.229 request_id=GE6XYNRiEMl_e00AAFgF [debug] Processing with RSOLVWeb.WebhookController.github/2
  Parameters: %{"action" => "closed", "pull_request" => %{"base" => %{"repo" => %{"name" => "test-repo", "owner" => %{"login" => "test-org"}}}, "merged" => false, "number" => 43}}
  Pipelines: [:webhook]
18:49:07.229 request_id=GE6XYNRiEMl_e00AAFgF [debug] CaptureRawBody: Successfully read body: ""
18:49:07.229 request_id=GE6XYNRiEMl_e00AAFgF [debug] Raw body in controller: ""
18:49:07.229 request_id=GE6XYNRiEMl_e00AAFgF [info] Routing GitHub event: "pull_request"
18:49:07.229 request_id=GE6XYNRiEMl_e00AAFgF [info] Handling pull_request event with action: "closed"
18:49:07.230 request_id=GE6XYNRiEMl_e00AAFgF [debug] QUERY OK source="fix_attempts" db=0.6ms
SELECT f0."id", f0."github_org", f0."repo_name", f0."issue_number", f0."pr_number", f0."status", f0."merged_at", f0."billing_status", f0."requires_manual_approval", f0."approved_by", f0."approved_at", f0."approval_notes", f0."platform", f0."customer_id", f0."api_key_used", f0."pr_title", f0."pr_url", f0."issue_title", f0."issue_url", f0."commit_sha", f0."merged_by", f0."metadata", f0."amount", f0."currency", f0."billed_at", f0."refunded_at", f0."inserted_at", f0."updated_at" FROM "fix_attempts" AS f0 WHERE (((f0."github_org" = $1) AND (f0."repo_name" = $2)) AND (f0."pr_number" = $3)) ["test-org", "test-repo", 43]
.18:49:07.231 request_id=GE6XYNRiEMl_e00AAFgF [debug] QUERY OK source="fix_attempts" db=0.1ms queue=0.3ms
UPDATE "fix_attempts" SET "status" = $1, "updated_at" = $2 WHERE "id" = $3 ["rejected", ~N[2025-07-03 00:49:07], 1389]
18:49:07.231 request_id=GE6XYNRiEMl_e00AAFgF [info] Webhook processed successfully: :rejected
18:49:07.231 request_id=GE6XYNRiEMl_e00AAFgF [info] Sent 200 in 1ms
18:49:07.232 request_id=GE6XYNRiEMl_e00AAFgF [debug] QUERY OK source="fix_attempts" db=1.1ms
SELECT f0."id", f0."github_org", f0."repo_name", f0."issue_number", f0."pr_number", f0."status", f0."merged_at", f0."billing_status", f0."requires_manual_approval", f0."approved_by", f0."approved_at", f0."approval_notes", f0."platform", f0."customer_id", f0."api_key_used", f0."pr_title", f0."pr_url", f0."issue_title", f0."issue_url", f0."commit_sha", f0."merged_by", f0."metadata", f0."amount", f0."currency", f0."billed_at", f0."refunded_at", f0."inserted_at", f0."updated_at" FROM "fix_attempts" AS f0 WHERE (f0."pr_number" = $1) [43]
18:49:07.233 request_id=GE6XYNSX7D3OmY4AAFcE [info] POST /webhook/github
18:49:07.233 request_id=GE6XYNSX7D3OmY4AAFcE [debug] Processing with RSOLVWeb.WebhookController.github/2
  Parameters: %{"action" => "opened", "pull_request" => %{"base" => %{"repo" => %{"name" => "test-repo", "owner" => %{"login" => "test-org"}}}, "body" => "This is a regular PR, not from RSOLV", "number" => 44, "title" => "Regular PR"}}
  Pipelines: [:webhook]
18:49:07.233 request_id=GE6XYNSX7D3OmY4AAFcE [debug] CaptureRawBody: Successfully read body: ""
18:49:07.233 request_id=GE6XYNSX7D3OmY4AAFcE [debug] Raw body in controller: ""
18:49:07.233 request_id=GE6XYNSX7D3OmY4AAFcE [info] Routing GitHub event: "pull_request"
18:49:07.233 request_id=GE6XYNSX7D3OmY4AAFcE [info] Handling pull_request event with action: "opened"
18:49:07.233 request_id=GE6XYNSX7D3OmY4AAFcE [info] Evaluating PR: Regular PR
18:49:07.233 request_id=GE6XYNSX7D3OmY4AAFcE [debug] RSOLV PR identification:
- Has label: 
- Has branch prefix: 
- Has title prefix: false
- Has body pattern: false

18:49:07.233 request_id=GE6XYNSX7D3OmY4AAFcE [info] Not a RSOLV PR, ignoring
18:49:07.233 request_id=GE6XYNSX7D3OmY4AAFcE [info] Webhook processed successfully: :ignored
18:49:07.233 request_id=GE6XYNSX7D3OmY4AAFcE [info] Sent 200 in 245µs
18:49:07.233 request_id=GE6XYNSX7D3OmY4AAFcE [debug] QUERY OK source="fix_attempts" db=0.2ms
SELECT f0."id", f0."github_org", f0."repo_name", f0."issue_number", f0."pr_number", f0."status", f0."merged_at", f0."billing_status", f0."requires_manual_approval", f0."approved_by", f0."approved_at", f0."approval_notes", f0."platform", f0."customer_id", f0."api_key_used", f0."pr_title", f0."pr_url", f0."issue_title", f0."issue_url", f0."commit_sha", f0."merged_by", f0."metadata", f0."amount", f0."currency", f0."billed_at", f0."refunded_at", f0."inserted_at", f0."updated_at" FROM "fix_attempts" AS f0 WHERE (f0."pr_number" = $1) [44]
18:49:07.234 request_id=GE6XYNSoVjz7fNQAAFeE [info] POST /webhook/github
18:49:07.234 request_id=GE6XYNSoVjz7fNQAAFeE [debug] Processing with RSOLVWeb.WebhookController.github/2
  Parameters: %{"action" => "opened", "pull_request" => %{"base" => %{"repo" => %{"name" => "test-repo", "owner" => %{"login" => "test-org"}}}, "body" => "Fixes #102\n\nGenerated by RSOLV", "number" => 45, "title" => "Fix security issue"}}
  Pipelines: [:webhook]
18:49:07.234 request_id=GE6XYNSoVjz7fNQAAFeE [debug] CaptureRawBody: Successfully read body: ""
18:49:07.234 request_id=GE6XYNSoVjz7fNQAAFeE [debug] Raw body in controller: ""
18:49:07.234 request_id=GE6XYNSoVjz7fNQAAFeE [info] Routing GitHub event: "pull_request"
18:49:07.234 request_id=GE6XYNSoVjz7fNQAAFeE [info] Handling pull_request event with action: "opened"
18:49:07.234 request_id=GE6XYNSoVjz7fNQAAFeE [info] Evaluating PR: Fix security issue
18:49:07.234 request_id=GE6XYNSoVjz7fNQAAFeE [debug] RSOLV PR identification:
- Has label: 
- Has branch prefix: 
- Has title prefix: false
- Has body pattern: true

18:49:07.234 request_id=GE6XYNSoVjz7fNQAAFeE [info] Identified as RSOLV PR, tracking...
18:49:07.235 request_id=GE6XYNSoVjz7fNQAAFeE [debug] QUERY OK source="fix_attempts" db=0.6ms
SELECT f0."id", f0."github_org", f0."repo_name", f0."issue_number", f0."pr_number", f0."status", f0."merged_at", f0."billing_status", f0."requires_manual_approval", f0."approved_by", f0."approved_at", f0."approval_notes", f0."platform", f0."customer_id", f0."api_key_used", f0."pr_title", f0."pr_url", f0."issue_title", f0."issue_url", f0."commit_sha", f0."merged_by", f0."metadata", f0."amount", f0."currency", f0."billed_at", f0."refunded_at", f0."inserted_at", f0."updated_at" FROM "fix_attempts" AS f0 WHERE (((f0."github_org" = $1) AND (f0."repo_name" = $2)) AND (f0."pr_number" = $3)) ["test-org", "test-repo", 45]
18:49:07.235 request_id=GE6XYNSoVjz7fNQAAFeE [debug] QUERY OK source="fix_attempts" db=0.2ms queue=0.1ms
INSERT INTO "fix_attempts" ("status","metadata","currency","repo_name","github_org","issue_number","pr_number","billing_status","platform","pr_title","requires_manual_approval","inserted_at","updated_at") VALUES ($1,$2,$3,$4,$5,$6,$7,$8,$9,$10,$11,$12,$13) RETURNING "id" ["pending", %{labels: [], branch: nil, created_by: nil, issue_references: [%{type: :number, value: 102}]}, "USD", "test-repo", "test-org", 102, 45, "not_billed", "github", "Fix security issue", true, ~N[2025-07-03 00:49:07], ~N[2025-07-03 00:49:07]]
18:49:07.235 request_id=GE6XYNSoVjz7fNQAAFeE [info] Webhook processed successfully: :pr_opened
18:49:07.235 request_id=GE6XYNSoVjz7fNQAAFeE [info] Sent 200 in 1ms
18:49:07.235 request_id=GE6XYNTCPsD7fNQAAFgE [info] POST /webhook/github
18:49:07.235 request_id=GE6XYNTCPsD7fNQAAFgE [debug] Processing with RSOLVWeb.WebhookController.github/2
  Parameters: %{"action" => "opened", "pull_request" => %{"base" => %{"repo" => %{"name" => "test-repo", "owner" => %{"login" => "test-org"}}}, "body" => "Fixes #102\n\nGenerated by RSOLV", "number" => 45, "title" => "Fix security issue"}}
  Pipelines: [:webhook]
18:49:07.235 request_id=GE6XYNTCPsD7fNQAAFgE [debug] CaptureRawBody: Successfully read body: ""
18:49:07.235 request_id=GE6XYNTCPsD7fNQAAFgE [debug] Raw body in controller: ""
.18:49:07.235 request_id=GE6XYNTCPsD7fNQAAFgE [info] Routing GitHub event: "pull_request"
18:49:07.235 request_id=GE6XYNTCPsD7fNQAAFgE [info] Handling pull_request event with action: "opened"
18:49:07.235 request_id=GE6XYNTCPsD7fNQAAFgE [info] Evaluating PR: Fix security issue
18:49:07.236 request_id=GE6XYNTCPsD7fNQAAFgE [debug] RSOLV PR identification:
- Has label: 
- Has branch prefix: 
- Has title prefix: false
- Has body pattern: true

18:49:07.236 request_id=GE6XYNTCPsD7fNQAAFgE [info] Identified as RSOLV PR, tracking...
18:49:07.236 request_id=GE6XYNTCPsD7fNQAAFgE [debug] QUERY OK source="fix_attempts" db=0.8ms
SELECT f0."id", f0."github_org", f0."repo_name", f0."issue_number", f0."pr_number", f0."status", f0."merged_at", f0."billing_status", f0."requires_manual_approval", f0."approved_by", f0."approved_at", f0."approval_notes", f0."platform", f0."customer_id", f0."api_key_used", f0."pr_title", f0."pr_url", f0."issue_title", f0."issue_url", f0."commit_sha", f0."merged_by", f0."metadata", f0."amount", f0."currency", f0."billed_at", f0."refunded_at", f0."inserted_at", f0."updated_at" FROM "fix_attempts" AS f0 WHERE (((f0."github_org" = $1) AND (f0."repo_name" = $2)) AND (f0."pr_number" = $3)) ["test-org", "test-repo", 45]
18:49:07.237 request_id=GE6XYNTCPsD7fNQAAFgE [debug] QUERY OK source="fix_attempts" db=0.2ms queue=0.2ms
UPDATE "fix_attempts" SET "metadata" = $1, "updated_at" = $2 WHERE "id" = $3 [%{labels: [], branch: nil, created_by: nil, issue_references: [%{type: :number, value: 102}]}, ~N[2025-07-03 00:49:07], 1390]
18:49:07.237 request_id=GE6XYNTCPsD7fNQAAFgE [info] Webhook processed successfully: :pr_opened
18:49:07.237 request_id=GE6XYNTCPsD7fNQAAFgE [info] Sent 200 in 1ms
18:49:07.238 request_id=GE6XYNTCPsD7fNQAAFgE [debug] QUERY OK source="fix_attempts" db=0.3ms queue=0.5ms
SELECT f0."id", f0."github_org", f0."repo_name", f0."issue_number", f0."pr_number", f0."status", f0."merged_at", f0."billing_status", f0."requires_manual_approval", f0."approved_by", f0."approved_at", f0."approval_notes", f0."platform", f0."customer_id", f0."api_key_used", f0."pr_title", f0."pr_url", f0."issue_title", f0."issue_url", f0."commit_sha", f0."merged_by", f0."metadata", f0."amount", f0."currency", f0."billed_at", f0."refunded_at", f0."inserted_at", f0."updated_at" FROM "fix_attempts" AS f0 WHERE (f0."pr_number" = 45) []
18:49:07.239 request_id=GE6XYNT_vpOpZOUAAFkE [info] POST /api/v1/credentials/exchange
18:49:07.239 request_id=GE6XYNT_vpOpZOUAAFkE [debug] Processing with RSOLVWeb.CredentialController.exchange/2
  Parameters: %{"api_key" => "rsolv_test_abc123", "providers" => ["anthropic", "openai"], "ttl_minutes" => 60}
  Pipelines: [:api]
18:49:07.241 request_id=GE6XYNT_vpOpZOUAAFkE [info] [CredentialController] Starting exchange with params: %{"api_key" => "rsolv_test_abc123", "providers" => ["anthropic", "openai"], "ttl_minutes" => 60}
18:49:07.241 request_id=GE6XYNT_vpOpZOUAAFkE [info] [CredentialController] Authenticating API key: rsolv_test_abc123
18:49:07.241 request_id=GE6XYNT_vpOpZOUAAFkE [info] [CredentialController] Found customer: Test Customer (ID: test_customer_1)
18:49:07.241 request_id=GE6XYNT_vpOpZOUAAFkE [info] [CredentialController] About to call generate_credentials
18:49:07.241 request_id=GE6XYNT_vpOpZOUAAFkE [info] Starting credential generation for customer test_customer_1, providers: ["anthropic", "openai"]
18:49:07.241 request_id=GE6XYNT_vpOpZOUAAFkE [info] Generating credential for provider: anthropic
18:49:07.241 request_id=GE6XYNT_vpOpZOUAAFkE [info] [Credentials] Starting create_temporary_credential for customer test_customer_1, provider anthropic
18:49:07.241 request_id=GE6XYNT_vpOpZOUAAFkE [info] [Credentials] Getting provider key for anthropic
18:49:07.241 request_id=GE6XYNT_vpOpZOUAAFkE [info] [Credentials] Got provider key for anthropic
18:49:07.244 request_id=GE6XYNT_vpOpZOUAAFkE [info] Created temporary credential for customer test_customer_1, provider anthropic
18:49:07.244 request_id=GE6XYNT_vpOpZOUAAFkE [info] Generating credential for provider: openai
18:49:07.245 request_id=GE6XYNT_vpOpZOUAAFkE [info] [Credentials] Starting create_temporary_credential for customer test_customer_1, provider openai
.18:49:07.245 request_id=GE6XYNT_vpOpZOUAAFkE [info] [Credentials] Getting provider key for openai
18:49:07.245 request_id=GE6XYNT_vpOpZOUAAFkE [info] [Credentials] Got provider key for openai
18:49:07.245 request_id=GE6XYNT_vpOpZOUAAFkE [info] Created temporary credential for customer test_customer_1, provider openai
18:49:07.245 request_id=GE6XYNT_vpOpZOUAAFkE [info] Successfully generated 2 credentials
18:49:07.246 request_id=GE6XYNT_vpOpZOUAAFkE [info] [CredentialController] generate_credentials succeeded
18:49:07.246 request_id=GE6XYNT_vpOpZOUAAFkE [info] Sent 200 in 6ms
18:49:07.250 request_id=GE6XYNWobfnIg5QAAGMD [info] POST /api/v1/credentials/exchange
18:49:07.251 request_id=GE6XYNWobfnIg5QAAGMD [debug] Processing with RSOLVWeb.CredentialController.exchange/2
  Parameters: %{"api_key" => "rsolv_test_abc123", "providers" => ["anthropic"], "ttl_minutes" => 60}
  Pipelines: [:api]
18:49:07.251 request_id=GE6XYNWobfnIg5QAAGMD [info] [CredentialController] Starting exchange with params: %{"api_key" => "rsolv_test_abc123", "providers" => ["anthropic"], "ttl_minutes" => 60}
18:49:07.251 request_id=GE6XYNWobfnIg5QAAGMD [info] [CredentialController] Authenticating API key: rsolv_test_abc123
18:49:07.251 request_id=GE6XYNWobfnIg5QAAGMD [info] [CredentialController] Found customer: Test Customer (ID: test_customer_1)
18:49:07.251 request_id=GE6XYNWobfnIg5QAAGMD [info] [CredentialController] About to call generate_credentials
18:49:07.251 request_id=GE6XYNWobfnIg5QAAGMD [info] Starting credential generation for customer test_customer_1, providers: ["anthropic"]
18:49:07.251 request_id=GE6XYNWobfnIg5QAAGMD [info] Generating credential for provider: anthropic
18:49:07.251 request_id=GE6XYNWobfnIg5QAAGMD [info] [Credentials] Starting create_temporary_credential for customer test_customer_1, provider anthropic
18:49:07.251 request_id=GE6XYNWobfnIg5QAAGMD [info] [Credentials] Getting provider key for anthropic
18:49:07.251 request_id=GE6XYNWobfnIg5QAAGMD [info] [Credentials] Got provider key for anthropic
.18:49:07.252 request_id=GE6XYNWobfnIg5QAAGMD [info] Created temporary credential for customer test_customer_1, provider anthropic
18:49:07.252 request_id=GE6XYNWobfnIg5QAAGMD [info] Successfully generated 1 credentials
18:49:07.252 request_id=GE6XYNWobfnIg5QAAGMD [info] [CredentialController] generate_credentials succeeded
18:49:07.252 request_id=GE6XYNWobfnIg5QAAGMD [info] Updating credential cred_kpfzsiALKlI metadata: %{github_job_id: "job_123", github_run_id: "run_456"}
18:49:07.252 request_id=GE6XYNWobfnIg5QAAGMD [info] Found 1 stored credentials, looking for cred_kpfzsiALKlI
18:49:07.252 request_id=GE6XYNWobfnIg5QAAGMD [info] Found and updating credential cred_kpfzsiALKlI
18:49:07.253 request_id=GE6XYNWobfnIg5QAAGMD [info] Successfully updated credential cred_kpfzsiALKlI in storage
18:49:07.253 request_id=GE6XYNWobfnIg5QAAGMD [info] Sent 200 in 2ms
18:49:07.253 request_id=GE6XYNWobfnIg5QAAGMD [info] get_latest_credential: Found 1 total credentials
18:49:07.253 request_id=GE6XYNWobfnIg5QAAGMD [info] get_latest_credential: Found 1 credentials for customer test_customer_1
18:49:07.253 request_id=GE6XYNWobfnIg5QAAGMD [info] get_latest_credential: Returning credential cred_kpfzsiALKlI, github_job_id: job_123
18:49:07.257 request_id=GE6XYNYOdXGRY94AAFiF [info] POST /api/v1/credentials/exchange
18:49:07.257 request_id=GE6XYNYOdXGRY94AAFiF [debug] Processing with RSOLVWeb.CredentialController.exchange/2
  Parameters: %{"api_key" => "invalid_key", "providers" => ["anthropic"], "ttl_minutes" => 60}
  Pipelines: [:api]
18:49:07.257 request_id=GE6XYNYOdXGRY94AAFiF [info] [CredentialController] Starting exchange with params: %{"api_key" => "invalid_key", "providers" => ["anthropic"], "ttl_minutes" => 60}
18:49:07.257 request_id=GE6XYNYOdXGRY94AAFiF [info] [CredentialController] Authenticating API key: invalid_key
18:49:07.257 request_id=GE6XYNYOdXGRY94AAFiF [info] [Accounts] Checking database for API key: invalid_key
18:49:07.259 request_id=GE6XYNYOdXGRY94AAFiF [debug] QUERY OK source="customers" db=1.1ms
SELECT c0."id", c0."name", c0."email", c0."api_key", c0."monthly_limit", c0."current_usage", c0."active", c0."subscription_status" = 'trial', c0."inserted_at" FROM "customers" AS c0 WHERE ((c0."api_key" = $1) AND (c0."active" = TRUE)) ["invalid_key"]
18:49:07.259 request_id=GE6XYNYOdXGRY94AAFiF [info] [Accounts] No customer found in database for API key
.18:49:07.259 request_id=GE6XYNYOdXGRY94AAFiF [error] [CredentialController] No customer found for API key: invalid_key
18:49:07.259 request_id=GE6XYNYOdXGRY94AAFiF [info] Sent 401 in 1ms
18:49:07.259 request_id=GE6XYNYsd7SwM-IAADaC [info] POST /api/v1/credentials/exchange
18:49:07.259 request_id=GE6XYNYsd7SwM-IAADaC [debug] Processing with RSOLVWeb.CredentialController.exchange/2
  Parameters: %{"api_key" => "rsolv_test_abc123", "providers" => ["anthropic"], "ttl_minutes" => 1440}
  Pipelines: [:api]
18:49:07.259 request_id=GE6XYNYsd7SwM-IAADaC [info] [CredentialController] Starting exchange with params: %{"api_key" => "rsolv_test_abc123", "providers" => ["anthropic"], "ttl_minutes" => 1440}
18:49:07.259 request_id=GE6XYNYsd7SwM-IAADaC [info] [CredentialController] Authenticating API key: rsolv_test_abc123
18:49:07.259 request_id=GE6XYNYsd7SwM-IAADaC [info] [CredentialController] Found customer: Test Customer (ID: test_customer_1)
18:49:07.259 request_id=GE6XYNYsd7SwM-IAADaC [info] [CredentialController] About to call generate_credentials
18:49:07.260 request_id=GE6XYNYsd7SwM-IAADaC [info] Starting credential generation for customer test_customer_1, providers: ["anthropic"]
18:49:07.260 request_id=GE6XYNYsd7SwM-IAADaC [info] Generating credential for provider: anthropic
18:49:07.260 request_id=GE6XYNYsd7SwM-IAADaC [info] [Credentials] Starting create_temporary_credential for customer test_customer_1, provider anthropic
18:49:07.260 request_id=GE6XYNYsd7SwM-IAADaC [info] [Credentials] Getting provider key for anthropic
18:49:07.260 request_id=GE6XYNYsd7SwM-IAADaC [info] [Credentials] Got provider key for anthropic
18:49:07.264 request_id=GE6XYNYsd7SwM-IAADaC [info] Created temporary credential for customer test_customer_1, provider anthropic
18:49:07.264 request_id=GE6XYNYsd7SwM-IAADaC [info] Successfully generated 1 credentials
18:49:07.266 request_id=GE6XYNYsd7SwM-IAADaC [info] [CredentialController] generate_credentials succeeded
18:49:07.266 request_id=GE6XYNYsd7SwM-IAADaC [info] Sent 200 in 6ms
.18:49:07.268 request_id=GE6XYNay_lIcVsgAAF0K [info] POST /api/v1/usage/report
18:49:07.268 request_id=GE6XYNay_lIcVsgAAF0K [debug] Processing with RSOLVWeb.CredentialController.report_usage/2
  Parameters: %{"api_key" => "rsolv_test_abc123", "job_id" => "gh_job_123", "provider" => "anthropic", "request_count" => 3, "tokens_used" => 1500}
  Pipelines: [:api]
18:49:07.268 request_id=GE6XYNay_lIcVsgAAF0K [info] [CredentialController] Authenticating API key: rsolv_test_abc123
18:49:07.268 request_id=GE6XYNay_lIcVsgAAF0K [info] [CredentialController] Found customer: Test Customer (ID: test_customer_1)
18:49:07.268 request_id=GE6XYNay_lIcVsgAAF0K [info] Recording usage: %{provider: "anthropic", customer_id: "test_customer_1", job_id: "gh_job_123", request_count: 3, tokens_used: 1500}
18:49:07.272 request_id=GE6XYNay_lIcVsgAAF0K [info] Sent 200 in 4ms
.18:49:07.274 request_id=GE6XYNcQnkpw2FIAAFkF [info] POST /api/v1/usage/report
18:49:07.274 request_id=GE6XYNcQnkpw2FIAAFkF [debug] Processing with RSOLVWeb.CredentialController.report_usage/2
  Parameters: %{"api_key" => "invalid", "provider" => "anthropic", "request_count" => 1, "tokens_used" => 1500}
  Pipelines: [:api]
.18:49:07.274 request_id=GE6XYNcQnkpw2FIAAFkF [info] [CredentialController] Authenticating API key: invalid
.18:49:07.274 request_id=GE6XYNcQnkpw2FIAAFkF [info] [Accounts] Checking database for API key: invalid
18:49:07.275 request_id=GE6XYNcQnkpw2FIAAFkF [debug] QUERY OK source="customers" db=0.2ms
SELECT c0."id", c0."name", c0."email", c0."api_key", c0."monthly_limit", c0."current_usage", c0."active", c0."subscription_status" = 'trial', c0."inserted_at" FROM "customers" AS c0 WHERE ((c0."api_key" = $1) AND (c0."active" = TRUE)) ["invalid"]
18:49:07.275 request_id=GE6XYNcQnkpw2FIAAFkF [info] [Accounts] No customer found in database for API key
18:49:07.275 request_id=GE6XYNcQnkpw2FIAAFkF [error] [CredentialController] No customer found for API key: invalid
18:49:07.275 request_id=GE6XYNcQnkpw2FIAAFkF [info] Sent 401 in 590µs
18:49:07.275 request_id=GE6XYNcln81uGGQAAHgB [info] POST /api/v1/credentials/exchange
18:49:07.275 request_id=GE6XYNcln81uGGQAAHgB [debug] Processing with RSOLVWeb.CredentialController.exchange/2
  Parameters: %{}
  Pipelines: [:api]
18:49:07.276 request_id=GE6XYNcln81uGGQAAHgB [info] [CredentialController] Starting exchange with params: %{}
18:49:07.276 request_id=GE6XYNcln81uGGQAAHgB [info] Sent 400 in 144µs
18:49:07.276 request_id=GE6XYNc0oA_5S8wAAHiB [info] POST /api/v1/credentials/exchange
.18:49:07.276 request_id=GE6XYNc0oA_5S8wAAHiB [debug] Processing with RSOLVWeb.CredentialController.exchange/2
  Parameters: %{"api_key" => "rsolv_test_abc123", "providers" => ["anthropic"], "ttl_minutes" => 60}
  Pipelines: [:api]
18:49:07.279 request_id=GE6XYNc0oA_5S8wAAHiB [info] [CredentialController] Starting exchange with params: %{"api_key" => "rsolv_test_abc123", "providers" => ["anthropic"], "ttl_minutes" => 60}
18:49:07.279 request_id=GE6XYNc0oA_5S8wAAHiB [info] [CredentialController] Authenticating API key: rsolv_test_abc123
18:49:07.279 request_id=GE6XYNc0oA_5S8wAAHiB [info] [CredentialController] Found customer: Test Customer (ID: test_customer_1)
18:49:07.279 request_id=GE6XYNc0oA_5S8wAAHiB [info] Sent 403 in 2ms
18:49:07.283 [info] [Credentials] Starting create_temporary_credential for customer test_customer_1, provider anthropic
18:49:07.284 [info] [Credentials] Getting provider key for anthropic
18:49:07.284 [info] [Credentials] Got provider key for anthropic
18:49:07.287 [info] Created temporary credential for customer test_customer_1, provider anthropic
18:49:07.287 [info] [Credentials] Starting create_temporary_credential for customer other_customer_id, provider anthropic
18:49:07.287 [info] [Credentials] Getting provider key for anthropic
18:49:07.287 [info] [Credentials] Got provider key for anthropic
18:49:07.291 [info] Created temporary credential for customer other_customer_id, provider anthropic
18:49:07.291 request_id=GE6XYNgVt0hwYzoAAF2K [info] POST /api/v1/credentials/refresh
18:49:07.291 request_id=GE6XYNgVt0hwYzoAAF2K [debug] Processing with RSOLVWeb.CredentialController.refresh/2
  Parameters: %{"api_key" => "rsolv_test_abc123", "credential_id" => "cred_s0nZS2t-ePU"}
  Pipelines: [:api]
18:49:07.291 request_id=GE6XYNgVt0hwYzoAAF2K [info] [CredentialController] Authenticating API key: rsolv_test_abc123
18:49:07.293 request_id=GE6XYNgVt0hwYzoAAF2K [info] [CredentialController] Found customer: Test Customer (ID: test_customer_1)
.18:49:07.293 request_id=GE6XYNgVt0hwYzoAAF2K [info] Sent 403 in 2ms
18:49:07.302 request_id=GE6XYNi8yPC7HKIAAFmF [info] POST /api/v1/credentials/exchange
.18:49:07.302 request_id=GE6XYNi8yPC7HKIAAFmF [debug] Processing with RSOLVWeb.CredentialController.exchange/2
  Parameters: %{"api_key" => "rsolv_test_abc123", "providers" => ["anthropic"], "ttl_minutes" => 60}
  Pipelines: [:api]
18:49:07.302 request_id=GE6XYNi8yPC7HKIAAFmF [info] [CredentialController] Starting exchange with params: %{"api_key" => "rsolv_test_abc123", "providers" => ["anthropic"], "ttl_minutes" => 60}
18:49:07.302 request_id=GE6XYNi8yPC7HKIAAFmF [info] [CredentialController] Authenticating API key: rsolv_test_abc123
18:49:07.303 request_id=GE6XYNi8yPC7HKIAAFmF [info] [CredentialController] Found customer: Test Customer (ID: test_customer_1)
18:49:07.303 request_id=GE6XYNi8yPC7HKIAAFmF [info] [CredentialController] About to call generate_credentials
18:49:07.303 request_id=GE6XYNi8yPC7HKIAAFmF [info] Starting credential generation for customer test_customer_1, providers: ["anthropic"]
18:49:07.303 request_id=GE6XYNi8yPC7HKIAAFmF [info] Generating credential for provider: anthropic
18:49:07.303 request_id=GE6XYNi8yPC7HKIAAFmF [info] [Credentials] Starting create_temporary_credential for customer test_customer_1, provider anthropic
18:49:07.303 request_id=GE6XYNi8yPC7HKIAAFmF [info] [Credentials] Getting provider key for anthropic
18:49:07.303 request_id=GE6XYNi8yPC7HKIAAFmF [info] [Credentials] Got provider key for anthropic
18:49:07.303 request_id=GE6XYNi8yPC7HKIAAFmF [info] Created temporary credential for customer test_customer_1, provider anthropic
18:49:07.303 request_id=GE6XYNi8yPC7HKIAAFmF [info] Successfully generated 1 credentials
18:49:07.303 request_id=GE6XYNi8yPC7HKIAAFmF [info] [CredentialController] generate_credentials succeeded
18:49:07.304 request_id=GE6XYNi8yPC7HKIAAFmF [info] Sent 200 in 1ms
18:49:07.311 [info] Counting active credentials for customer test_customer_1
18:49:07.311 request_id=GE6XYNk_UJ--7wwAAF4K [info] POST /api/v1/credentials/exchange
18:49:07.311 request_id=GE6XYNk_UJ--7wwAAF4K [debug] Processing with RSOLVWeb.CredentialController.exchange/2
  Parameters: %{"api_key" => "rsolv_test_abc123", "providers" => ["anthropic"], "ttl_minutes" => 60}
  Pipelines: [:api]
18:49:07.311 request_id=GE6XYNk_UJ--7wwAAF4K [info] [CredentialController] Starting exchange with params: %{"api_key" => "rsolv_test_abc123", "providers" => ["anthropic"], "ttl_minutes" => 60}
18:49:07.311 request_id=GE6XYNk_UJ--7wwAAF4K [info] [CredentialController] Authenticating API key: rsolv_test_abc123
18:49:07.311 request_id=GE6XYNk_UJ--7wwAAF4K [info] [CredentialController] Found customer: Test Customer (ID: test_customer_1)
18:49:07.311 request_id=GE6XYNk_UJ--7wwAAF4K [info] [CredentialController] About to call generate_credentials
18:49:07.311 request_id=GE6XYNk_UJ--7wwAAF4K [info] Starting credential generation for customer test_customer_1, providers: ["anthropic"]
18:49:07.311 request_id=GE6XYNk_UJ--7wwAAF4K [info] Generating credential for provider: anthropic
18:49:07.311 request_id=GE6XYNk_UJ--7wwAAF4K [info] [Credentials] Starting create_temporary_credential for customer test_customer_1, provider anthropic
18:49:07.311 request_id=GE6XYNk_UJ--7wwAAF4K [info] [Credentials] Getting provider key for anthropic
18:49:07.311 request_id=GE6XYNk_UJ--7wwAAF4K [info] [Credentials] Got provider key for anthropic
18:49:07.318 request_id=GE6XYNk_UJ--7wwAAF4K [info] Created temporary credential for customer test_customer_1, provider anthropic
18:49:07.319 request_id=GE6XYNk_UJ--7wwAAF4K [info] Successfully generated 1 credentials
18:49:07.319 request_id=GE6XYNk_UJ--7wwAAF4K [info] [CredentialController] generate_credentials succeeded
18:49:07.319 request_id=GE6XYNk_UJ--7wwAAF4K [info] Sent 200 in 7ms
18:49:07.319 request_id=GE6XYNk_UJ--7wwAAF4K [info] Counting active credentials for customer test_customer_1
.18:49:07.321 [info] [Credentials] Starting create_temporary_credential for customer test_customer_1, provider anthropic
18:49:07.321 [info] [Credentials] Getting provider key for anthropic
18:49:07.321 [info] [Credentials] Got provider key for anthropic
18:49:07.322 [info] Created temporary credential for customer test_customer_1, provider anthropic
.18:49:07.322 request_id=GE6XYNnp0pts8fMAAHkB [info] POST /api/v1/credentials/refresh
18:49:07.322 request_id=GE6XYNnp0pts8fMAAHkB [debug] Processing with RSOLVWeb.CredentialController.refresh/2
  Parameters: %{"api_key" => "rsolv_test_abc123", "credential_id" => "nonexistent"}
  Pipelines: [:api]
18:49:07.322 request_id=GE6XYNnp0pts8fMAAHkB [info] [CredentialController] Authenticating API key: rsolv_test_abc123
18:49:07.322 request_id=GE6XYNnp0pts8fMAAHkB [info] [CredentialController] Found customer: Test Customer (ID: test_customer_1)
18:49:07.322 request_id=GE6XYNnp0pts8fMAAHkB [info] Sent 404 in 200µs
18:49:07.326 [info] [Credentials] Starting create_temporary_credential for customer test_customer_1, provider anthropic
18:49:07.326 [info] [Credentials] Getting provider key for anthropic
18:49:07.326 [info] [Credentials] Got provider key for anthropic
18:49:07.327 [info] Created temporary credential for customer test_customer_1, provider anthropic
18:49:07.327 request_id=GE6XYNozeCtiDcAAACMJ [info] POST /api/v1/credentials/exchange
18:49:07.327 request_id=GE6XYNozeCtiDcAAACMJ [debug] Processing with RSOLVWeb.CredentialController.exchange/2
  Parameters: %{"api_key" => "rsolv_test_abc123", "providers" => ["anthropic"], "ttl_minutes" => 5}
  Pipelines: [:api]
18:49:07.327 request_id=GE6XYNozeCtiDcAAACMJ [info] [CredentialController] Starting exchange with params: %{"api_key" => "rsolv_test_abc123", "providers" => ["anthropic"], "ttl_minutes" => 5}
18:49:07.327 request_id=GE6XYNozeCtiDcAAACMJ [info] [CredentialController] Authenticating API key: rsolv_test_abc123
18:49:07.327 request_id=GE6XYNozeCtiDcAAACMJ [info] [CredentialController] Found customer: Test Customer (ID: test_customer_1)
18:49:07.327 request_id=GE6XYNozeCtiDcAAACMJ [info] [CredentialController] About to call generate_credentials
18:49:07.327 request_id=GE6XYNozeCtiDcAAACMJ [info] Starting credential generation for customer test_customer_1, providers: ["anthropic"]
18:49:07.327 request_id=GE6XYNozeCtiDcAAACMJ [info] Generating credential for provider: anthropic
18:49:07.327 request_id=GE6XYNozeCtiDcAAACMJ [info] [Credentials] Starting create_temporary_credential for customer test_customer_1, provider anthropic
18:49:07.327 request_id=GE6XYNozeCtiDcAAACMJ [info] [Credentials] Getting provider key for anthropic
18:49:07.327 request_id=GE6XYNozeCtiDcAAACMJ [info] [Credentials] Got provider key for anthropic
18:49:07.328 request_id=GE6XYNozeCtiDcAAACMJ [info] Created temporary credential for customer test_customer_1, provider anthropic
18:49:07.328 request_id=GE6XYNozeCtiDcAAACMJ [info] Successfully generated 1 credentials
18:49:07.328 request_id=GE6XYNozeCtiDcAAACMJ [info] [CredentialController] generate_credentials succeeded
18:49:07.328 request_id=GE6XYNozeCtiDcAAACMJ [info] Sent 200 in 945µs
18:49:07.429 request_id=GE6XYOBKfY5iDcAAACOJ [info] POST /api/v1/credentials/refresh
18:49:07.429 request_id=GE6XYOBKfY5iDcAAACOJ [debug] Processing with RSOLVWeb.CredentialController.refresh/2
  Parameters: %{"api_key" => "rsolv_test_abc123", "credential_id" => "cred_F07-FAHYu8s"}
  Pipelines: [:api]
18:49:07.429 request_id=GE6XYOBKfY5iDcAAACOJ [info] [CredentialController] Authenticating API key: rsolv_test_abc123
18:49:07.430 request_id=GE6XYOBKfY5iDcAAACOJ [info] [CredentialController] Found customer: Test Customer (ID: test_customer_1)
18:49:07.430 request_id=GE6XYOBKfY5iDcAAACOJ [info] Revoking credential cred_F07-FAHYu8s
18:49:07.430 request_id=GE6XYOBKfY5iDcAAACOJ [info] [Credentials] Starting create_temporary_credential for customer test_customer_1, provider anthropic
18:49:07.430 request_id=GE6XYOBKfY5iDcAAACOJ [info] [Credentials] Getting provider key for anthropic
18:49:07.430 request_id=GE6XYOBKfY5iDcAAACOJ [info] [Credentials] Got provider key for anthropic
18:49:07.432 request_id=GE6XYOBKfY5iDcAAACOJ [info] Created temporary credential for customer test_customer_1, provider anthropic
.18:49:07.432 request_id=GE6XYOBKfY5iDcAAACOJ [info] Sent 200 in 3ms
18:49:07.434 request_id=GE6XYOCYbJV_n0gAADcC [info] POST /api/v1/usage/report
18:49:07.434 request_id=GE6XYOCYbJV_n0gAADcC [debug] Processing with RSOLVWeb.CredentialController.report_usage/2
  Parameters: %{"api_key" => "rsolv_test_abc123", "job_id" => "gh_job_123", "provider" => "anthropic", "request_count" => 1, "tokens_used" => 2000}
  Pipelines: [:api]
18:49:07.434 request_id=GE6XYOCYbJV_n0gAADcC [info] [CredentialController] Authenticating API key: rsolv_test_abc123
18:49:07.434 request_id=GE6XYOCYbJV_n0gAADcC [info] [CredentialController] Found customer: Test Customer (ID: test_customer_1)
18:49:07.434 request_id=GE6XYOCYbJV_n0gAADcC [info] Recording usage: %{provider: "anthropic", customer_id: "test_customer_1", job_id: "gh_job_123", request_count: 1, tokens_used: 2000}
18:49:07.436 request_id=GE6XYOCYbJV_n0gAADcC [info] Sent 200 in 1ms
.................18:49:07.444 [debug] Pattern cache hit
.18:49:07.444 [debug] Pattern fetch completed
.18:49:07.444 [debug] Pattern cache hit
.18:49:07.444 [debug] Pattern fetch completed
.18:49:07.444 [debug] Pattern cache hit
.18:49:07.444 [debug] Pattern fetch completed
.18:49:07.444 [debug] Pattern cache hit
.18:49:07.444 [debug] Pattern fetch completed
.18:49:07.444 [debug] Pattern cache hit
.18:49:07.444 [debug] Pattern fetch completed
18:49:07.444 [debug] Pattern cache hit
.18:49:07.444 [debug] Pattern fetch completed
..........................18:49:07.445 [debug] Pattern cache hit
18:49:07.445 [debug] Pattern fetch completed
18:49:07.445 [debug] Pattern cache hit
18:49:07.445 [debug] Pattern fetch completed
18:49:07.445 [debug] Pattern cache hit
18:49:07.445 [debug] Pattern fetch completed
18:49:07.445 [debug] Pattern cache hit
18:49:07.445 [debug] Pattern fetch completed
18:49:07.446 [debug] Pattern cache hit
18:49:07.446 [debug] Pattern fetch completed
18:49:07.446 [debug] Pattern cache hit
18:49:07.446 [debug] Pattern fetch completed
......................................18:49:15.138 [warning] Port exited with status 1
18:49:15.138 [error] GenServer #PID<0.7941.0> terminating
** (stop) {:port_exit, 1}
Last message: {#Port<0.312>, {:exit_status, 1}}
State: %RsolvApi.AST.PortWorker{id: "81138b58356700c18ff5adcab7883191", port: #Port<0.312>, config: %{args: ["-u", "/home/dylan/dev/rsolv/RSOLV-api/test/rsolv_api/ast/fixtures/crash_parser.py"], command: "python3", id: "81138b58356700c18ff5adcab7883191", max_restarts: 3, language: "python"}, buffer: "", requests: %{}, health_check_timer: nil, idle_timer: nil, sandbox_config: %{type: "python", spawn_opts: [max_heap_size: 64000000, monitor: true, link: false], limits: %{max_heap_size: 64000000, max_reductions: 2000000, timeout_ms: 30000, max_ports: 1, max_ets_tables: 5}, security: %{}, allowed_modules: [:file, :binary, :string, :unicode], port_env: [{~c"PATH", ~c"/usr/bin:/bin"}, {~c"HOME", ~c"/tmp"}, {~c"TMPDIR", ~c"/tmp"}, {~c"RSOLV_SANDBOX", ~c"beam"}, {~c"NO_PROXY", ~c"*"}, {~c"http_proxy", []}, {~c"https_proxy", []}, {~c"LANG", ~c"C"}, {~c"LC_ALL", ~c"C"}, {~c"SECURITY_READ_ONLY_FS", ~c"false"}, {~c"SECURITY_NO_NETWORK", ~c"false"}, {~c"PYTHONPATH", ~c"/tmp"}, {~c"PYTHONDONTWRITEBYTECODE", ~c"1"}, {~c"PYTHONUNBUFFERED", ~c"1"}], resource_tracker_name: :sandbox_python_d824a86f}, resource_tracker: :sandbox_python_d824a86f}
..18:49:15.391 [warning] Port exited with status 1
18:49:15.391 [error] GenServer #PID<0.7951.0> terminating
** (stop) {:port_exit, 1}
Last message: {#Port<0.316>, {:exit_status, 1}}
State: %RsolvApi.AST.PortWorker{id: "8324c1b7020aed47dff8e43b0a5d0226", port: #Port<0.316>, config: %{args: ["-u", "/home/dylan/dev/rsolv/RSOLV-api/test/rsolv_api/ast/fixtures/always_crash_parser.py"], command: "python3", id: "8324c1b7020aed47dff8e43b0a5d0226", max_restarts: 3, language: "python"}, buffer: "", requests: %{}, health_check_timer: nil, idle_timer: nil, sandbox_config: %{type: "python", spawn_opts: [max_heap_size: 64000000, monitor: true, link: false], limits: %{max_heap_size: 64000000, max_reductions: 2000000, timeout_ms: 30000, max_ports: 1, max_ets_tables: 5}, security: %{}, allowed_modules: [:file, :binary, :string, :unicode], port_env: [{~c"PATH", ~c"/usr/bin:/bin"}, {~c"HOME", ~c"/tmp"}, {~c"TMPDIR", ~c"/tmp"}, {~c"RSOLV_SANDBOX", ~c"beam"}, {~c"NO_PROXY", ~c"*"}, {~c"http_proxy", []}, {~c"https_proxy", []}, {~c"LANG", ~c"C"}, {~c"LC_ALL", ~c"C"}, {~c"SECURITY_READ_ONLY_FS", ~c"false"}, {~c"SECURITY_NO_NETWORK", ~c"false"}, {~c"PYTHONPATH", ~c"/tmp"}, {~c"PYTHONDONTWRITEBYTECODE", ~c"1"}, {~c"PYTHONUNBUFFERED", ~c"1"}], resource_tracker_name: :sandbox_python_7e39f9ea}, resource_tracker: :sandbox_python_7e39f9ea}
18:49:15.426 [warning] Port exited with status 1
18:49:15.426 [error] GenServer #PID<0.7953.0> terminating
** (stop) {:port_exit, 1}
Last message: {#Port<0.317>, {:exit_status, 1}}
State: %RsolvApi.AST.PortWorker{id: "8324c1b7020aed47dff8e43b0a5d0226", port: #Port<0.317>, config: %{args: ["-u", "/home/dylan/dev/rsolv/RSOLV-api/test/rsolv_api/ast/fixtures/always_crash_parser.py"], command: "python3", id: "8324c1b7020aed47dff8e43b0a5d0226", max_restarts: 3, language: "python"}, buffer: "", requests: %{}, health_check_timer: nil, idle_timer: nil, sandbox_config: %{type: "python", spawn_opts: [max_heap_size: 64000000, monitor: true, link: false], limits: %{max_heap_size: 64000000, max_reductions: 2000000, timeout_ms: 30000, max_ports: 1, max_ets_tables: 5}, security: %{}, allowed_modules: [:file, :binary, :string, :unicode], port_env: [{~c"PATH", ~c"/usr/bin:/bin"}, {~c"HOME", ~c"/tmp"}, {~c"TMPDIR", ~c"/tmp"}, {~c"RSOLV_SANDBOX", ~c"beam"}, {~c"NO_PROXY", ~c"*"}, {~c"http_proxy", []}, {~c"https_proxy", []}, {~c"LANG", ~c"C"}, {~c"LC_ALL", ~c"C"}, {~c"SECURITY_READ_ONLY_FS", ~c"false"}, {~c"SECURITY_NO_NETWORK", ~c"false"}, {~c"PYTHONPATH", ~c"/tmp"}, {~c"PYTHONDONTWRITEBYTECODE", ~c"1"}, {~c"PYTHONUNBUFFERED", ~c"1"}], resource_tracker_name: :sandbox_python_ba81d371}, resource_tracker: :sandbox_python_ba81d371}
18:49:15.461 [warning] Port exited with status 1
18:49:15.461 [error] GenServer #PID<0.7955.0> terminating
** (stop) {:port_exit, 1}
Last message: {#Port<0.318>, {:exit_status, 1}}
State: %RsolvApi.AST.PortWorker{id: "8324c1b7020aed47dff8e43b0a5d0226", port: #Port<0.318>, config: %{args: ["-u", "/home/dylan/dev/rsolv/RSOLV-api/test/rsolv_api/ast/fixtures/always_crash_parser.py"], command: "python3", id: "8324c1b7020aed47dff8e43b0a5d0226", max_restarts: 3, language: "python"}, buffer: "", requests: %{}, health_check_timer: nil, idle_timer: nil, sandbox_config: %{type: "python", spawn_opts: [max_heap_size: 64000000, monitor: true, link: false], limits: %{max_heap_size: 64000000, max_reductions: 2000000, timeout_ms: 30000, max_ports: 1, max_ets_tables: 5}, security: %{}, allowed_modules: [:file, :binary, :string, :unicode], port_env: [{~c"PATH", ~c"/usr/bin:/bin"}, {~c"HOME", ~c"/tmp"}, {~c"TMPDIR", ~c"/tmp"}, {~c"RSOLV_SANDBOX", ~c"beam"}, {~c"NO_PROXY", ~c"*"}, {~c"http_proxy", []}, {~c"https_proxy", []}, {~c"LANG", ~c"C"}, {~c"LC_ALL", ~c"C"}, {~c"SECURITY_READ_ONLY_FS", ~c"false"}, {~c"SECURITY_NO_NETWORK", ~c"false"}, {~c"PYTHONPATH", ~c"/tmp"}, {~c"PYTHONDONTWRITEBYTECODE", ~c"1"}, {~c"PYTHONUNBUFFERED", ~c"1"}], resource_tracker_name: :sandbox_python_949f3abc}, resource_tracker: :sandbox_python_949f3abc}
.

  2) test security isolates port processes from each other (RsolvApi.AST.PortSupervisorTest)
     test/rsolv_api/ast/port_supervisor_test.exs:374
     ** (exit) exited in: GenServer.call(RsolvApi.AST.PortSupervisor, {:start_child, {{RsolvApi.AST.PortWorker, :start_link, [%{args: ["-u", "/home/dylan/dev/rsolv/RSOLV-api/test/rsolv_api/ast/fixtures/mock_parser.py"], command: "python3", id: "97b50c3821b434aa1827b583cd8981df", language: "python"}]}, :transient, 5000, :worker, [RsolvApi.AST.PortWorker]}}, :infinity)
         ** (EXIT) shutdown
     code: {:ok, port1} = PortSupervisor.start_port(supervisor, config1)
     stacktrace:
       (elixir 1.18.4) lib/gen_server.ex:1128: GenServer.call/3
       (rsolv_api 0.1.0) lib/rsolv_api/ast/port_supervisor.ex:57: RsolvApi.AST.PortSupervisor.start_port/2
       test/rsolv_api/ast/port_supervisor_test.exs:387: (test)

18:49:16.128 [info] Port 3055d67ef6a618fd51623ccf5addfab5 idle timeout reached
................18:49:16.381 [debug] Received sync data from remote_node@host with 1 entries
...............18:49:16.482 [warning] Rate limit exceeded for customer sync-test-customer, action: sync-action, count: 100
.18:49:16.482 [warning] Rate limit exceeded for customer test-customer, action: test-action, count: 100
.18:49:16.497 [info] The function passed as a handler with ID "test-allowed-#Reference<0.451685135.191889409.102487>" is a local function.
This means that it is either an anonymous function or a capture of a function without a module specified. That may cause a performance penalty when calling that handler. For more details see the note in `telemetry:attach/4` documentation.

https://hexdocs.pm/telemetry/telemetry.html#attach/4
.18:49:16.501 [info] The function passed as a handler with ID "test-exceeded-#Reference<0.451685135.191889409.102488>" is a local function.
This means that it is either an anonymous function or a capture of a function without a module specified. That may cause a performance penalty when calling that handler. For more details see the note in `telemetry:attach/4` documentation.

https://hexdocs.pm/telemetry/telemetry.html#attach/4
.18:49:16.501 [warning] Rate limit exceeded for customer test-customer, action: test-action, count: 100
.18:49:16.502 [warning] Rate limit exceeded for customer test-customer, action: test-action, count: 100
.18:49:16.502 [warning] Rate limit exceeded for customer customer-1, action: action, count: 100
First request (cache miss): 622μs
.18:49:16.502 [warning] Rate limit exceeded for customer customer-2, action: action, count: 100
Second request (cache hit): 382μs
18:49:16.502 [warning] Rate limit exceeded for customer test-customer, action: action-1, count: 100
Speed improvement: 1.63x
18:49:16.502 [warning] Rate limit exceeded for customer test-customer, action: action-2, count: 100
18:49:16.503 request_id=GE6XYv0kx4BtgREAADeC [info] POST /api/v1/vulnerabilities/validate
18:49:16.503 request_id=GE6XYv0kx4BtgREAADeC [debug] Processing with RSOLVWeb.Api.V1.VulnerabilityValidationController.validate/2
  Parameters: %{"files" => %{"large.js" => "function test1() { console.log('Line 1'); }\nfunction test2() { console.log('Line 2'); }\nfunction test3() { console.log('Line 3'); }\nfunction test4() { console.log('Line 4'); }\nfunction test5() { console.log('Line 5'); }\nfunction test6() { console.log('Line 6'); }\nfunction test7() { console.log('Line 7'); }\nfunction test8() { console.log('Line 8'); }\nfunction test9() { console.log('Line 9'); }\nfunction test10() { console.log('Line 10'); }\nfunction test11() { console.log('Line 11'); }\nfunction test12() { console.log('Line 12'); }\nfunction test13() { console.log('Line 13'); }\nfunction test14() { console.log('Line 14'); }\nfunction test15() { console.log('Line 15'); }\nfunction test16() { console.log('Line 16'); }\nfunction test17() { console.log('Line 17'); }\nfunction test18() { console.log('Line 18'); }\nfunction test19() { console.log('Line 19'); }\nfunction test20() { console.log('Line 20'); }\nfunction test21() { console.log('Line 21'); }\nfunction test22() { console.log('Line 22'); }\nfunction test23() { console.log('Line 23'); }\nfunction test24() { console.log('Line 24'); }\nfunction test25() { console.log('Line 25'); }\nfunction test26() { console.log('Line 26'); }\nfunction test27() { console.log('Line 27'); }\nfunction test28() { console.log('Line 28'); }\nfunction test29() { console.log('Line 29'); }\nfunction test30() { console.log('Line 30'); }\nfunction test31() { console.log('Line 31'); }\nfunction test32() { console.log('Line 32'); }\nfunction test33() { console.log('Line 33'); }\nfunction test34() { console.log('Line 34'); }\nfunction test35() { console.log('Line 35'); }\nfunction test36() { console.log('Line 36'); }\nfunction test37() { console.log('Line 37'); }\nfunction test38() { console.log('Line 38'); }\nfunction test39() { console.log('Line 39'); }\nfunction test40() { console.log('Line 40'); }\nfunction test41() { console.log('Line 41'); }\nfunction test42() { console.log('Line 42'); }\nfunction test43() { console.log('Line 43'); }\nfunction test44() { console.log('Line 44'); }\nfunction test45() { console.log('Line 45'); }\nfunction test46() { console.log('Line 46'); }\nfunction test47() { console.log('Line 47'); }\nfunction test48() { console.log('Line 48'); }\nfunction test49() { console.log('Line 49'); }\nfunction test50() { console.log('Line 50'); }\nfunction test51() { console.log('Line 51'); }\nfunction test52() { console.log('Line 52'); }\nfunction test53() { console.log('Line 53'); }\nfunction test54() { console.log('Line 54'); }\nfunction test55() { console.log('Line 55'); }\nfunction test56() { console.log('Line 56'); }\nfunction test57() { console.log('Line 57'); }\nfunction test58() { console.log('Line 58'); }\nfunction test59() { console.log('Line 59'); }\nfunction test60() { console.log('Line 60'); }\nfunction test61() { console.log('Line 61'); }\nfunction test62() { console.log('Line 62'); }\nfunction test63() { console.log('Line 63'); }\nfunction test64() { console.log('Line 64'); }\nfunction test65() { console.log('Line 65'); }\nfunction test66() { console.log('Line 66'); }\nfunction test67() { console.log('Line 67'); }\nfunction test68() { console.log('Line 68'); }\nfunction test69() { console.log('Line 69'); }\nfunction test70() { console.log('Line 70'); }\nfunction test71() { console.log('Line 71'); }\nfunction test72() { console.log('Line 72'); }\nfunction test73() { console.log('Line 73'); }\nfunction test74() { console.log('Line 74'); }\nfunction test75() { console.log('Line 75'); }\nfunction test76() { console.log('Line 76'); }\nfunction test77() { console.log('Line 77'); }\nfunction test78() { console.log('Line 78'); }\nfunction test79() { console.log('Line 79'); }\nfunction test80() { console.log('Line 80'); }\nfunction test81() { console.log('Line 81'); }\nfunction test82() { console.log('Line 82'); }\nfunction test83() { console.log('Line 83'); }\nfunction test84() { console.log('Line 84'); }\nfunction test85() { console.log('Line 85'); }\nfunction test86() { console.log('Line 86'); }\nfunction test87() { console.log('Line 87'); }\nfunction test88() { console.log('Line 88'); }\nfunction test89() { console.log('Line 89'); }\nfunction test90() { " <> ...}, "vulnerabilities" => [%{"code" => "eval(userInput)", "filePath" => "large.js", "id" => "perf-vuln", "line" => 50, "patternId" => "js-eval-injection", "severity" => "critical"}]}
  Pipelines: [:api]
.18:49:16.503 request_id=GE6XYv0kx4BtgREAADeC [info] Sent 200 in 492µs
18:49:16.503 request_id=GE6XYv0uKyVtgREAADgC [info] POST /api/v1/vulnerabilities/validate
18:49:16.504 request_id=GE6XYv0uKyVtgREAADgC [debug] Processing with RSOLVWeb.Api.V1.VulnerabilityValidationController.validate/2
  Parameters: %{"files" => %{"large.js" => "function test1() { console.log('Line 1'); }\nfunction test2() { console.log('Line 2'); }\nfunction test3() { console.log('Line 3'); }\nfunction test4() { console.log('Line 4'); }\nfunction test5() { console.log('Line 5'); }\nfunction test6() { console.log('Line 6'); }\nfunction test7() { console.log('Line 7'); }\nfunction test8() { console.log('Line 8'); }\nfunction test9() { console.log('Line 9'); }\nfunction test10() { console.log('Line 10'); }\nfunction test11() { console.log('Line 11'); }\nfunction test12() { console.log('Line 12'); }\nfunction test13() { console.log('Line 13'); }\nfunction test14() { console.log('Line 14'); }\nfunction test15() { console.log('Line 15'); }\nfunction test16() { console.log('Line 16'); }\nfunction test17() { console.log('Line 17'); }\nfunction test18() { console.log('Line 18'); }\nfunction test19() { console.log('Line 19'); }\nfunction test20() { console.log('Line 20'); }\nfunction test21() { console.log('Line 21'); }\nfunction test22() { console.log('Line 22'); }\nfunction test23() { console.log('Line 23'); }\nfunction test24() { console.log('Line 24'); }\nfunction test25() { console.log('Line 25'); }\nfunction test26() { console.log('Line 26'); }\nfunction test27() { console.log('Line 27'); }\nfunction test28() { console.log('Line 28'); }\nfunction test29() { console.log('Line 29'); }\nfunction test30() { console.log('Line 30'); }\nfunction test31() { console.log('Line 31'); }\nfunction test32() { console.log('Line 32'); }\nfunction test33() { console.log('Line 33'); }\nfunction test34() { console.log('Line 34'); }\nfunction test35() { console.log('Line 35'); }\nfunction test36() { console.log('Line 36'); }\nfunction test37() { console.log('Line 37'); }\nfunction test38() { console.log('Line 38'); }\nfunction test39() { console.log('Line 39'); }\nfunction test40() { console.log('Line 40'); }\nfunction test41() { console.log('Line 41'); }\nfunction test42() { console.log('Line 42'); }\nfunction test43() { console.log('Line 43'); }\nfunction test44() { console.log('Line 44'); }\nfunction test45() { console.log('Line 45'); }\nfunction test46() { console.log('Line 46'); }\nfunction test47() { console.log('Line 47'); }\nfunction test48() { console.log('Line 48'); }\nfunction test49() { console.log('Line 49'); }\nfunction test50() { console.log('Line 50'); }\nfunction test51() { console.log('Line 51'); }\nfunction test52() { console.log('Line 52'); }\nfunction test53() { console.log('Line 53'); }\nfunction test54() { console.log('Line 54'); }\nfunction test55() { console.log('Line 55'); }\nfunction test56() { console.log('Line 56'); }\nfunction test57() { console.log('Line 57'); }\nfunction test58() { console.log('Line 58'); }\nfunction test59() { console.log('Line 59'); }\nfunction test60() { console.log('Line 60'); }\nfunction test61() { console.log('Line 61'); }\nfunction test62() { console.log('Line 62'); }\nfunction test63() { console.log('Line 63'); }\nfunction test64() { console.log('Line 64'); }\nfunction test65() { console.log('Line 65'); }\nfunction test66() { console.log('Line 66'); }\nfunction test67() { console.log('Line 67'); }\nfunction test68() { console.log('Line 68'); }\nfunction test69() { console.log('Line 69'); }\nfunction test70() { console.log('Line 70'); }\nfunction test71() { console.log('Line 71'); }\nfunction test72() { console.log('Line 72'); }\nfunction test73() { console.log('Line 73'); }\nfunction test74() { console.log('Line 74'); }\nfunction test75() { console.log('Line 75'); }\nfunction test76() { console.log('Line 76'); }\nfunction test77() { console.log('Line 77'); }\nfunction test78() { console.log('Line 78'); }\nfunction test79() { console.log('Line 79'); }\nfunction test80() { console.log('Line 80'); }\nfunction test81() { console.log('Line 81'); }\nfunction test82() { console.log('Line 82'); }\nfunction test83() { console.log('Line 83'); }\nfunction test84() { console.log('Line 84'); }\nfunction test85() { console.log('Line 85'); }\nfunction test86() { console.log('Line 86'); }\nfunction test87() { console.log('Line 87'); }\nfunction test88() { console.log('Line 88'); }\nfunction test89() { console.log('Line 89'); }\nfunction test90() { " <> ...}, "vulnerabilities" => [%{"code" => "eval(userInput)", "filePath" => "large.js", "id" => "perf-vuln", "line" => 50, "patternId" => "js-eval-injection", "severity" => "critical"}]}
  Pipelines: [:api]
18:49:16.504 request_id=GE6XYv0uKyVtgREAADgC [info] Sent 200 in 283µs
18:49:16.508 request_id=GE6XYv1trEL2kZUAADiC [info] POST /api/v1/vulnerabilities/validate
18:49:16.510 request_id=GE6XYv1trEL2kZUAADiC [debug] Processing with RSOLVWeb.Api.V1.VulnerabilityValidationController.validate/2
  Parameters: %{"files" => %{"file0.js" => "// File 0\neval(input0);\neval(input1);\n", "file1.js" => "// File 1\neval(input0);\neval(input1);\n", "file2.js" => "// File 2\neval(input0);\neval(input1);\n", "file3.js" => "// File 3\neval(input0);\neval(input1);\n", "file4.js" => "// File 4\neval(input0);\neval(input1);\n"}, "vulnerabilities" => [%{"code" => "eval(input1)", "filePath" => "file1.js", "id" => "batch-1", "line" => 2, "patternId" => "js-eval-injection", "severity" => "critical"}, %{"code" => "eval(input1)", "filePath" => "file1.js", "id" => "batch-1-dup", "line" => 2, "patternId" => "js-eval-injection", "severity" => "critical"}, %{"code" => "eval(input0)", "filePath" => "file2.js", "id" => "batch-2", "line" => 3, "patternId" => "js-eval-injection", "severity" => "critical"}, %{"code" => "eval(input0)", "filePath" => "file2.js", "id" => "batch-2-dup", "line" => 3, "patternId" => "js-eval-injection", "severity" => "critical"}, %{"code" => "eval(input1)", "filePath" => "file3.js", "id" => "batch-3", "line" => 1, "patternId" => "js-eval-injection", "severity" => "critical"}, %{"code" => "eval(input1)", "filePath" => "file3.js", "id" => "batch-3-dup", "line" => 1, "patternId" => "js-eval-injection", "severity" => "critical"}, %{"code" => "eval(input0)", "filePath" => "file4.js", "id" => "batch-4", "line" => 2, "patternId" => "js-eval-injection", "severity" => "critical"}, %{"code" => "eval(input0)", "filePath" => "file4.js", "id" => "batch-4-dup", "line" => 2, "patternId" => "js-eval-injection", "severity" => "critical"}, %{"code" => "eval(input1)", "filePath" => "file0.js", "id" => "batch-5", "line" => 3, "patternId" => "js-eval-injection", "severity" => "critical"}, %{"code" => "eval(input1)", "filePath" => "file0.js", "id" => "batch-5-dup", "line" => 3, "patternId" => "js-eval-injection", "severity" => "critical"}, %{"code" => "eval(input0)", "filePath" => "file1.js", "id" => "batch-6", "line" => 1, "patternId" => "js-eval-injection", "severity" => "critical"}, %{"code" => "eval(input0)", "filePath" => "file1.js", "id" => "batch-6-dup", "line" => 1, "patternId" => "js-eval-injection", "severity" => "critical"}, %{"code" => "eval(input1)", "filePath" => "file2.js", "id" => "batch-7", "line" => 2, "patternId" => "js-eval-injection", "severity" => "critical"}, %{"code" => "eval(input1)", "filePath" => "file2.js", "id" => "batch-7-dup", "line" => 2, "patternId" => "js-eval-injection", "severity" => "critical"}, %{"code" => "eval(input0)", "filePath" => "file3.js", "id" => "batch-8", "line" => 3, "patternId" => "js-eval-injection", "severity" => "critical"}, %{"code" => "eval(input0)", "filePath" => "file3.js", "id" => "batch-8-dup", "line" => 3, "patternId" => "js-eval-injection", "severity" => "critical"}, %{"code" => "eval(input1)", "filePath" => "file4.js", "id" => "batch-9", "line" => 1, "patternId" => "js-eval-injection", "severity" => "critical"}, %{"code" => "eval(input1)", "filePath" => "file4.js", "id" => "batch-9-dup", "line" => 1, "patternId" => "js-eval-injection", "severity" => "critical"}, %{"code" => "eval(input0)", "filePath" => "file0.js", "id" => "batch-10", "line" => 2, "patternId" => "js-eval-injection", "severity" => "critical"}, %{"code" => "eval(input0)", "filePath" => "file0.js", "id" => "batch-10-dup", "line" => 2, "patternId" => "js-eval-injection", "severity" => "critical"}, %{"code" => "eval(input1)", "filePath" => "file1.js", "id" => "batch-11", "line" => 3, "patternId" => "js-eval-injection", "severity" => "critical"}, %{"code" => "eval(input1)", "filePath" => "file1.js", "id" => "batch-11-dup", "line" => 3, "patternId" => "js-eval-injection", "severity" => "critical"}, %{"code" => "eval(input0)", "filePath" => "file2.js", "id" => "batch-12", "line" => 1, "patternId" => "js-eval-injection", "severity" => "critical"}, %{"code" => "eval(input0)", "filePath" => "file2.js", "id" => "batch-12-dup", "line" => 1, "patternId" => "js-eval-injection", "severity" => "critical"}, %{"code" => "eval(input1)", "filePath" => "file3.js", "id" => "batch-13", "line" => 2, "patternId" => "js-eval-injection", "severity" => "critical"}, %{"code" => "eval(input1)", "filePath" => "file3.js", "id" => "batch-13-dup", "line" => 2, "patternId" => "js-eval-injection", "severity" => "critical"}, %{"code" => "eval(input0)", "filePath" => "file4.js", "id" => "batch-14", "line" => 3, "patternId" => "js-eval-injection", "severity" => "critical"}, %{"code" => "eval(input0)", "filePath" => "file4.js", "id" => "batch-14-dup", "line" => 3, "patternId" => "js-eval-injection", "severity" => "critical"}, %{"code" => "eval(input1)", "filePath" => "file0.js", "id" => "batch-15", "line" => 1, "patternId" => "js-eval-injection", "severity" => "critical"}, %{"code" => "eval(input1)", "filePath" => "file0.js", "id" => "batch-15-dup", "line" => 1, "patternId" => "js-eval-injection", "severity" => "critical"}, %{"code" => "eval(input0)", "filePath" => "file1.js", "id" => "batch-16", "line" => 2, "patternId" => "js-eval-injection", "severity" => "critical"}, %{"code" => "eval(input0)", "filePath" => "file1.js", "id" => "batch-16-dup", "line" => 2, "patternId" => "js-eval-injection", "severity" => "critical"}, %{"code" => "eval(input1)", "filePath" => "file2.js", "id" => "batch-17", "line" => 3, "patternId" => "js-eval-injection", "severity" => "critical"}, %{"code" => "eval(input1)", "filePath" => "file2.js", "id" => "batch-17-dup", "line" => 3, "patternId" => "js-eval-injection", "severity" => "critical"}, %{"code" => "eval(input0)", "filePath" => "file3.js", "id" => "batch-18", "line" => 1, "patternId" => "js-eval-injection", "severity" => "critical"}, %{"code" => "eval(input0)", "filePath" => "file3.js", "id" => "batch-18-dup", "line" => 1, "patternId" => "js-eval-injection", "severity" => "critical"}, %{"code" => "eval(input1)", "filePath" => "file4.js", "id" => "batch-19", "line" => 2, "patternId" => "js-eval-injection", "severity" => "critical"}, %{"code" => "eval(input1)", "filePath" => "file4.js", "id" => "batch-19-dup", "line" => 2, "patternId" => "js-eval-injection", "severity" => "critical"}, %{"code" => "eval(input0)", "filePath" => "file0.js", "id" => "batch-20", "line" => 3, "patternId" => "js-eval-injection", "severity" => "critical"}, %{"code" => "eval(input0)", "filePath" => "file0.js", "id" => "batch-20-dup", "line" => 3, "patternId" => "js-eval-injection", "severity" => "critical"}, %{"code" => "eval(input1)", "filePath" => "file1.js", "id" => "batch-21", "line" => 1, "patternId" => "js-eval-injection", "severity" => "critical"}, %{"code" => "eval(input1)", "filePath" => "file1.js", "id" => "batch-21-dup", "line" => 1, "patternId" => "js-eval-injection", "severity" => "critical"}, %{"code" => "eval(input0)", "filePath" => "file2.js", "id" => "batch-22", "line" => 2, "patternId" => "js-eval-injection", ...}, %{"code" => "eval(input0)", "filePath" => "file2.js", "id" => "batch-22-dup", "line" => 2, ...}, %{"code" => "eval(input1)", "filePath" => "file3.js", "id" => "batch-23", ...}, %{"code" => "eval(input1)", "filePath" => "file3.js", ...}, %{"code" => "eval(input0)", ...}, %{...}, ...]}
  Pipelines: [:api]
18:49:16.511 request_id=GE6XYv1trEL2kZUAADiC [info] Sent 200 in 3ms

Batch processing stats:
Total vulnerabilities: 50
Unique computations: 25
Internal cache hits: 25
Processing time: 4ms
.18:49:16.694 [debug] Parser response received
.18:49:16.914 [debug] Parser response received
.18:49:17.052 [debug] Parser response received
.18:49:17.180 [debug] Parser response received
.18:49:17.232 [debug] Parser response received
18:49:17.431 [debug] Parser response received
18:49:17.455 [debug] Parser response received
...18:49:17.569 [debug] Parser response received
..18:49:17.713 [debug] Parser response received
.18:49:17.893 [debug] Parser response received
..18:49:18.019 [debug] Parser response received
18:49:18.022 [debug] Parser response received
.18:49:18.147 [debug] Parser response received
.18:49:18.311 [debug] Parser response received


  3) test fallback strategy for AST parsing failures fallback provides actionable recommendations (RsolvApi.AST.FallbackStrategyTest)
     test/rsolv_api/ast/fallback_strategy_test.exs:258
     ** (ArgumentError) errors were found at the given arguments:

       * 1st argument: the table identifier does not refer to an existing ETS table

     code: {:ok, result} = FallbackStrategy.analyze_with_fallback(
     stacktrace:
       (stdlib 6.2) :ets.insert(:fallback_analysis_cache, {{:fallback, "javascript", 73520939}, {%RsolvApi.AST.FallbackStrategy.AnalysisResult{strategy: :fallback, ast_available: false, ast: nil, error: %{message: "Unexpected token (3:12)", timestamp: ~U[2025-07-03 00:49:18.311555Z], type: :syntax_error, location: %{line: 3, offset: nil, column: 12}, severity: :high, suggestions: ["Check for missing or extra punctuation (semicolons, commas, brackets)", "Verify that all blocks are properly closed", "Ensure variable names are valid identifiers", "Check for missing semicolons or commas", "Verify ES6+ syntax compatibility"], language: "javascript", recoverable: true, source_snippet: %{lines: ["eval(userInput);", "exec(command + userParam);", "const err = ;     <-- Error here"], error_column: 12, error_line: 3}}, fallback_analysis: %RsolvApi.AST.FallbackStrategy.FallbackAnalysis{structure: %RsolvApi.AST.FallbackStrategy.Structure{has_functions: false, has_variables: true, has_classes: false, has_imports: false, has_exports: false, complexity_estimate: 0}, metrics: %RsolvApi.AST.FallbackStrategy.Metrics{line_count: 3, char_count: 57, token_count: 9, comment_lines: 0, blank_lines: 0}, patterns_detected: [%RsolvApi.AST.FallbackStrategy.Pattern{type: "code_injection", confidence: 0.9, line: 1, description: "Code injection via eval", metadata: %{}}, %RsolvApi.AST.FallbackStrategy.Pattern{type: "command_injection", confidence: 0.85, line: 2, description: "Command injection via exec", metadata: %{}}], confidence: 0.7999999999999999, partial_ast_available: true, parsed_sections: 2, recommendations: ["Avoid using exec() with user-controlled input", "Avoid using eval() or similar dynamic code execution with user input", "Sanitize user input and avoid shell execution with user-controlled data"], analysis_warnings: []}, timing: %{cache_hit: false, ast_attempt_ms: 150, fallback_analysis_ms: 0, total_ms: 150}}, -576459785341}})
       (rsolv_api 0.1.0) lib/rsolv_api/ast/fallback_strategy.ex:187: RsolvApi.AST.FallbackStrategy.analyze_without_cache/7
       test/rsolv_api/ast/fallback_strategy_test.exs:267: (test)

18:49:18.505 [debug] Parser response received
.18:49:18.841 [debug] Parser response received
...18:49:18.988 [debug] Parser response received
18:49:19.018 [debug] Parser response received
18:49:19.257 [debug] Parser response received
.18:49:19.298 [debug] Parser response received
..18:49:19.451 [debug] Parser response received
....18:49:19.610 [debug] Parser response received
.18:49:19.812 [debug] Parser response received
.18:49:20.066 [debug] Parser response received
...................................
Finished in 65.5 seconds (18.1s async, 47.3s sync)
529 doctests, 3474 tests, 3 failures, 67 excluded, 14 skipped
