     warning: Logger.warn/1 is deprecated. Use Logger.warning/2 instead
     │
 304 │           Logger.warn("Failed to cache validation result: #{inspect(reason)}")
     │                  ~
     │
     └─ lib/rsolv_web/controllers/api/v1/vulnerability_validation_controller_with_cache.ex:304:18: RsolvWeb.Api.V1.VulnerabilityValidationControllerWithCache.perform_validation_and_cache/7

     warning: variable "file_content" is unused (if the variable is not meant to be used, prefix it with an underscore)
     │
 322 │   defp perform_ast_validation(vuln, file_content) do
     │                                     ~~~~~~~~~~~~
     │
     └─ lib/rsolv_web/controllers/api/v1/vulnerability_validation_controller_with_cache.ex:322:37: RsolvWeb.Api.V1.VulnerabilityValidationControllerWithCache.perform_ast_validation/2

    warning: unused alias TaintAnalyzer
    │
 15 │   alias RsolvWeb.Api.V1.TaintAnalyzer
    │   ~
    │
    └─ lib/rsolv_web/controllers/api/v1/vulnerability_validation_controller_with_cache.ex:15:3

    warning: unused import Phoenix.Controller
    │
  8 │   import Phoenix.Controller
    │   ~
    │
    └─ lib/rsolv_web/plugs/cache_feature_plug.ex:8:3

     warning: variable "code" is unused (if the variable is not meant to be used, prefix it with an underscore)
     │
 401 │   def parse_code(language, code) do
     │                            ~~~~
     │
     └─ test/support/ast_test_case.ex:401:28: Rsolv.AST.TestCase.parse_code/2

    warning: variable "new_state" is unused (if the variable is not meant to be used, prefix it with an underscore)
    │
 67 │     new_state = state
    │     ~~~~~~~~~
    │
    └─ lib/rsolv/telemetry/validation_reporter.ex:67:5: Rsolv.Telemetry.ValidationReporter.handle_cast/2

     warning: Phoenix.Component.used_input?/1 is undefined or private
     │
 297 │     errors = if Phoenix.Component.used_input?(field), do: field.errors, else: []
     │                                   ~
     │
     └─ lib/rsolv_web/components/core_components.ex:297:35: RsolvWeb.CoreComponents."input (overridable 1)"/1

     warning: expected a map or struct when accessing .reason in expression:

         explanation.reason

     where "explanation" was given the type:

         # type: binary()
         # from: lib/rsolv_web/controllers/api/v1/vulnerability_validation_controller.ex:184:21
         explanation =
           RsolvWeb.Api.V1.SafePatternDetector.explain_safety(
             vulnerability_type,
             vuln["code"],
             %{language: language}
           )

     hint: "var.field" (without parentheses) means "var" is a map() while "var.fun()" (with parentheses) means "var" is an atom()

     typing violation found at:
     │
 193 │           "reason" => "Safe pattern detected: #{explanation.reason}",
     │                                                             ~
     │
     └─ lib/rsolv_web/controllers/api/v1/vulnerability_validation_controller.ex:193:61: RsolvWeb.Api.V1.VulnerabilityValidationController.perform_ast_validation/2

    warning: :prometheus_histogram.observe/3 is undefined (module :prometheus_histogram is not available or is yet to be defined)
    │
 70 │       :prometheus_histogram.observe(
    │                             ~
    │
    └─ lib/rsolv/security/pattern_telemetry.ex:70:29: Rsolv.Security.PatternTelemetry.handle_pattern_fetch/4

    warning: :prometheus_counter.inc/2 is undefined (module :prometheus_counter is not available or is yet to be defined)
    │
 86 │       :prometheus_counter.inc(
    │                           ~
    │
    └─ lib/rsolv/security/pattern_telemetry.ex:86:27: Rsolv.Security.PatternTelemetry.handle_cache_event/4

     warning: :prometheus_counter.inc/2 is undefined (module :prometheus_counter is not available or is yet to be defined)
     │
 114 │       :prometheus_counter.inc(
     │                           ~
     │
     └─ lib/rsolv/security/pattern_telemetry.ex:114:27: Rsolv.Security.PatternTelemetry.handle_match_event/4

     warning: :prometheus_counter.inc/3 is undefined (module :prometheus_counter is not available or is yet to be defined)
     │
 134 │       :prometheus_counter.inc(
     │                           ~
     │
     └─ lib/rsolv/security/pattern_telemetry.ex:134:27: Rsolv.Security.PatternTelemetry.handle_ai_review/4

     warning: clauses with the same name and arity (number of arguments) should be grouped together, "def is_safe_pattern?/3" was previously defined (lib/rsolv_web/controllers/api/v1/safe_pattern_detector.ex:26)
     │
 106 │   def is_safe_pattern?(:sql_injection, code, %{language: language}) do
     │       ~
     │
     └─ lib/rsolv_web/controllers/api/v1/safe_pattern_detector.ex:106:7

     warning: clauses with the same name and arity (number of arguments) should be grouped together, "def is_safe_pattern?/3" was previously defined (lib/rsolv_web/controllers/api/v1/safe_pattern_detector.ex:26)
     │
 157 │   def is_safe_pattern?(:xss, code, %{language: language}) do
     │       ~
     │
     └─ lib/rsolv_web/controllers/api/v1/safe_pattern_detector.ex:157:7

    warning: function cleanup_ets_tables/0 is unused
    │
 78 │   defp cleanup_ets_tables do
    │        ~
    │
    └─ test/support/integration_case.ex:78:8: Rsolv.IntegrationCase (module)

     warning: Logger.warn/2 is deprecated. Use Logger.warning/2 instead
     │
 119 │         Logger.warn("Failed to store cached validation",
     │                ~
     │
     └─ lib/rsolv/validation_cache.ex:119:16: Rsolv.ValidationCache.insert_or_update_cache/1

     warning: variable "cached" is unused (if the variable is not meant to be used, prefix it with an underscore)
     │
 227 │       {:ok, cached} ->
     │             ~
     │
     └─ lib/rsolv/validation_cache.ex:227:13: Rsolv.ValidationCache.log_cache_result/2

     warning: variable "file_content" is unused (if the variable is not meant to be used, prefix it with an underscore)
     │
 147 │   defp perform_standard_validation(vuln, file_content) do
     │                                          ~~~~~~~~~~~~
     │
     └─ lib/rsolv_web/controllers/api/v1/vulnerability_validation_improvements.ex:147:42: RsolvWeb.Api.V1.VulnerabilityValidationImprovements.perform_standard_validation/2

     warning: variable "context" is unused (if the variable is not meant to be used, prefix it with an underscore)
     │
 161 │   def is_framework_safe_pattern?(code, context \\ %{}) do
     │                                        ~~~~~~~
     │
     └─ lib/rsolv_web/controllers/api/v1/vulnerability_validation_improvements.ex:161:40: RsolvWeb.Api.V1.VulnerabilityValidationImprovements.is_framework_safe_pattern?/2

     warning: variable "code" is unused (if the variable is not meant to be used, prefix it with an underscore)
     │
 291 │   defp check_nearby_sanitization(code, file_content, line) do
     │                                  ~~~~
     │
     └─ lib/rsolv_web/controllers/api/v1/vulnerability_validation_improvements.ex:291:34: RsolvWeb.Api.V1.VulnerabilityValidationImprovements.check_nearby_sanitization/3

     warning: key "type" will be overridden in map
     │
 284 │             %{
     │             ~
     │
     └─ test/support/mock_parsers.ex:284:13

    warning: variable "pod_name" is unused (if the variable is not meant to be used, prefix it with an underscore)
    │
 13 │   pod_name = System.get_env("POD_NAME") || "#{node_basename}-#{:rand.uniform(999999)}"
    │   ~~~~~~~~~~~~~~~~~~~~~~~~~~~~~~~~~~~~~~~~~~~~~~~~~~~~~~~~~~~~~~~~~~~~~~~~~~~~~~~~~~~~
    │
    └─ config/runtime.exs:13

13:16:59.784 [notice]     :alarm_handler: {:set, {{:disk_almost_full, ~c"/sys/firmware/efi/efivars"}, []}}
13:16:59.790 [notice]     :alarm_handler: {:set, {{:disk_almost_full, ~c"/home"}, []}}
13:16:59.864 [info] Prometheus metrics collection disabled
13:16:59.890 [info] BEAM clustering disabled
13:16:59.890 [info] PatternServer: Loading initial patterns...
13:16:59.890 [info] The function passed as a handler with ID "validation-reporter" is a local function.
This means that it is either an anonymous function or a capture of a function without a module specified. That may cause a performance penalty when calling that handler. For more details see the note in `telemetry:attach/4` documentation.

https://hexdocs.pm/telemetry/telemetry.html#attach/4
13:16:59.927 [debug] QUERY OK db=0.6ms queue=0.3ms
SELECT 1 []
    warning: using \" to escape the closing of an uppercase sigil is deprecated, please use another delimiter or a lowercase sigil instead
    │
 31 │         ~S"get \"files/*path\", to: \"files#show\"",
    │                ~
    │
    └─ test/rsolv/security/patterns/rails/unsafe_globbing_test.exs:31:16

    warning: using \" to escape the closing of an uppercase sigil is deprecated, please use another delimiter or a lowercase sigil instead
    │
 31 │         ~S"get \"files/*path\", to: \"files#show\"",
    │                             ~
    │
    └─ test/rsolv/security/patterns/rails/unsafe_globbing_test.exs:31:29

    warning: using \" to escape the closing of an uppercase sigil is deprecated, please use another delimiter or a lowercase sigil instead
    │
 31 │         ~S"get \"files/*path\", to: \"files#show\"",
    │                                     ~
    │
    └─ test/rsolv/security/patterns/rails/unsafe_globbing_test.exs:31:37

    warning: using \" to escape the closing of an uppercase sigil is deprecated, please use another delimiter or a lowercase sigil instead
    │
 31 │         ~S"get \"files/*path\", to: \"files#show\"",
    │                                                 ~
    │
    └─ test/rsolv/security/patterns/rails/unsafe_globbing_test.exs:31:49

    warning: using \" to escape the closing of an uppercase sigil is deprecated, please use another delimiter or a lowercase sigil instead
    │
 33 │         ~S"match \"assets/*filename\", to: \"assets#serve\"",
    │                  ~
    │
    └─ test/rsolv/security/patterns/rails/unsafe_globbing_test.exs:33:18

    warning: using \" to escape the closing of an uppercase sigil is deprecated, please use another delimiter or a lowercase sigil instead
    │
 33 │         ~S"match \"assets/*filename\", to: \"assets#serve\"",
    │                                    ~
    │
    └─ test/rsolv/security/patterns/rails/unsafe_globbing_test.exs:33:36

    warning: using \" to escape the closing of an uppercase sigil is deprecated, please use another delimiter or a lowercase sigil instead
    │
 33 │         ~S"match \"assets/*filename\", to: \"assets#serve\"",
    │                                            ~
    │
    └─ test/rsolv/security/patterns/rails/unsafe_globbing_test.exs:33:44

    warning: using \" to escape the closing of an uppercase sigil is deprecated, please use another delimiter or a lowercase sigil instead
    │
 33 │         ~S"match \"assets/*filename\", to: \"assets#serve\"",
    │                                                          ~
    │
    └─ test/rsolv/security/patterns/rails/unsafe_globbing_test.exs:33:58

    warning: using \" to escape the closing of an uppercase sigil is deprecated, please use another delimiter or a lowercase sigil instead
    │
 34 │         ~S"get \"public/*resource\", to: \"static#serve\"",
    │                ~
    │
    └─ test/rsolv/security/patterns/rails/unsafe_globbing_test.exs:34:16

    warning: using \" to escape the closing of an uppercase sigil is deprecated, please use another delimiter or a lowercase sigil instead
    │
 34 │         ~S"get \"public/*resource\", to: \"static#serve\"",
    │                                  ~
    │
    └─ test/rsolv/security/patterns/rails/unsafe_globbing_test.exs:34:34

    warning: using \" to escape the closing of an uppercase sigil is deprecated, please use another delimiter or a lowercase sigil instead
    │
 34 │         ~S"get \"public/*resource\", to: \"static#serve\"",
    │                                          ~
    │
    └─ test/rsolv/security/patterns/rails/unsafe_globbing_test.exs:34:42

    warning: using \" to escape the closing of an uppercase sigil is deprecated, please use another delimiter or a lowercase sigil instead
    │
 34 │         ~S"get \"public/*resource\", to: \"static#serve\"",
    │                                                        ~
    │
    └─ test/rsolv/security/patterns/rails/unsafe_globbing_test.exs:34:56

    warning: using \" to escape the closing of an uppercase sigil is deprecated, please use another delimiter or a lowercase sigil instead
    │
 36 │         ~S"get \"*splat\", to: \"catch_all#index\""
    │                ~
    │
    └─ test/rsolv/security/patterns/rails/unsafe_globbing_test.exs:36:16

    warning: using \" to escape the closing of an uppercase sigil is deprecated, please use another delimiter or a lowercase sigil instead
    │
 36 │         ~S"get \"*splat\", to: \"catch_all#index\""
    │                        ~
    │
    └─ test/rsolv/security/patterns/rails/unsafe_globbing_test.exs:36:24

    warning: using \" to escape the closing of an uppercase sigil is deprecated, please use another delimiter or a lowercase sigil instead
    │
 36 │         ~S"get \"*splat\", to: \"catch_all#index\""
    │                                ~
    │
    └─ test/rsolv/security/patterns/rails/unsafe_globbing_test.exs:36:32

    warning: using \" to escape the closing of an uppercase sigil is deprecated, please use another delimiter or a lowercase sigil instead
    │
 36 │         ~S"get \"*splat\", to: \"catch_all#index\""
    │                                                 ~
    │
    └─ test/rsolv/security/patterns/rails/unsafe_globbing_test.exs:36:49

    warning: using \" to escape the closing of an uppercase sigil is deprecated, please use another delimiter or a lowercase sigil instead
    │
 49 │         ~S"get \"download/*filename\", to: \"files#download\"",
    │                ~
    │
    └─ test/rsolv/security/patterns/rails/unsafe_globbing_test.exs:49:16

    warning: using \" to escape the closing of an uppercase sigil is deprecated, please use another delimiter or a lowercase sigil instead
    │
 49 │         ~S"get \"download/*filename\", to: \"files#download\"",
    │                                    ~
    │
    └─ test/rsolv/security/patterns/rails/unsafe_globbing_test.exs:49:36

    warning: using \" to escape the closing of an uppercase sigil is deprecated, please use another delimiter or a lowercase sigil instead
    │
 49 │         ~S"get \"download/*filename\", to: \"files#download\"",
    │                                            ~
    │
    └─ test/rsolv/security/patterns/rails/unsafe_globbing_test.exs:49:44

    warning: using \" to escape the closing of an uppercase sigil is deprecated, please use another delimiter or a lowercase sigil instead
    │
 49 │         ~S"get \"download/*filename\", to: \"files#download\"",
    │                                                            ~
    │
    └─ test/rsolv/security/patterns/rails/unsafe_globbing_test.exs:49:60

    warning: using \" to escape the closing of an uppercase sigil is deprecated, please use another delimiter or a lowercase sigil instead
    │
 50 │         ~S"get \"serve/*path\", to: \"static#serve\"",
    │                ~
    │
    └─ test/rsolv/security/patterns/rails/unsafe_globbing_test.exs:50:16

    warning: using \" to escape the closing of an uppercase sigil is deprecated, please use another delimiter or a lowercase sigil instead
    │
 50 │         ~S"get \"serve/*path\", to: \"static#serve\"",
    │                             ~
    │
    └─ test/rsolv/security/patterns/rails/unsafe_globbing_test.exs:50:29

    warning: using \" to escape the closing of an uppercase sigil is deprecated, please use another delimiter or a lowercase sigil instead
    │
 50 │         ~S"get \"serve/*path\", to: \"static#serve\"",
    │                                     ~
    │
    └─ test/rsolv/security/patterns/rails/unsafe_globbing_test.exs:50:37

    warning: using \" to escape the closing of an uppercase sigil is deprecated, please use another delimiter or a lowercase sigil instead
    │
 50 │         ~S"get \"serve/*path\", to: \"static#serve\"",
    │                                                   ~
    │
    └─ test/rsolv/security/patterns/rails/unsafe_globbing_test.exs:50:51

    warning: using \" to escape the closing of an uppercase sigil is deprecated, please use another delimiter or a lowercase sigil instead
    │
 51 │         ~S"match \"files/*glob\" => \"files#show\"",
    │                  ~
    │
    └─ test/rsolv/security/patterns/rails/unsafe_globbing_test.exs:51:18

    warning: using \" to escape the closing of an uppercase sigil is deprecated, please use another delimiter or a lowercase sigil instead
    │
 51 │         ~S"match \"files/*glob\" => \"files#show\"",
    │                               ~
    │
    └─ test/rsolv/security/patterns/rails/unsafe_globbing_test.exs:51:31

    warning: using \" to escape the closing of an uppercase sigil is deprecated, please use another delimiter or a lowercase sigil instead
    │
 51 │         ~S"match \"files/*glob\" => \"files#show\"",
    │                                     ~
    │
    └─ test/rsolv/security/patterns/rails/unsafe_globbing_test.exs:51:37

    warning: using \" to escape the closing of an uppercase sigil is deprecated, please use another delimiter or a lowercase sigil instead
    │
 51 │         ~S"match \"files/*glob\" => \"files#show\"",
    │                                                 ~
    │
    └─ test/rsolv/security/patterns/rails/unsafe_globbing_test.exs:51:49

    warning: using \" to escape the closing of an uppercase sigil is deprecated, please use another delimiter or a lowercase sigil instead
    │
 52 │         ~S"get \"assets/*asset_path\", to: \"assets#serve\"",
    │                ~
    │
    └─ test/rsolv/security/patterns/rails/unsafe_globbing_test.exs:52:16

    warning: using \" to escape the closing of an uppercase sigil is deprecated, please use another delimiter or a lowercase sigil instead
    │
 52 │         ~S"get \"assets/*asset_path\", to: \"assets#serve\"",
    │                                    ~
    │
    └─ test/rsolv/security/patterns/rails/unsafe_globbing_test.exs:52:36

    warning: using \" to escape the closing of an uppercase sigil is deprecated, please use another delimiter or a lowercase sigil instead
    │
 52 │         ~S"get \"assets/*asset_path\", to: \"assets#serve\"",
    │                                            ~
    │
    └─ test/rsolv/security/patterns/rails/unsafe_globbing_test.exs:52:44

    warning: using \" to escape the closing of an uppercase sigil is deprecated, please use another delimiter or a lowercase sigil instead
    │
 52 │         ~S"get \"assets/*asset_path\", to: \"assets#serve\"",
    │                                                          ~
    │
    └─ test/rsolv/security/patterns/rails/unsafe_globbing_test.exs:52:58

    warning: using \" to escape the closing of an uppercase sigil is deprecated, please use another delimiter or a lowercase sigil instead
    │
 53 │         ~S"get \"media/*file_path\", to: \"media#show\""
    │                ~
    │
    └─ test/rsolv/security/patterns/rails/unsafe_globbing_test.exs:53:16

    warning: using \" to escape the closing of an uppercase sigil is deprecated, please use another delimiter or a lowercase sigil instead
    │
 53 │         ~S"get \"media/*file_path\", to: \"media#show\""
    │                                  ~
    │
    └─ test/rsolv/security/patterns/rails/unsafe_globbing_test.exs:53:34

    warning: using \" to escape the closing of an uppercase sigil is deprecated, please use another delimiter or a lowercase sigil instead
    │
 53 │         ~S"get \"media/*file_path\", to: \"media#show\""
    │                                          ~
    │
    └─ test/rsolv/security/patterns/rails/unsafe_globbing_test.exs:53:42

    warning: using \" to escape the closing of an uppercase sigil is deprecated, please use another delimiter or a lowercase sigil instead
    │
 53 │         ~S"get \"media/*file_path\", to: \"media#show\""
    │                                                      ~
    │
    └─ test/rsolv/security/patterns/rails/unsafe_globbing_test.exs:53:54

    warning: using \" to escape the closing of an uppercase sigil is deprecated, please use another delimiter or a lowercase sigil instead
    │
 66 │         ~S"get \"files/*path\", to: \"files#show\" # renders file: params[:path]",
    │                ~
    │
    └─ test/rsolv/security/patterns/rails/unsafe_globbing_test.exs:66:16

    warning: using \" to escape the closing of an uppercase sigil is deprecated, please use another delimiter or a lowercase sigil instead
    │
 66 │         ~S"get \"files/*path\", to: \"files#show\" # renders file: params[:path]",
    │                             ~
    │
    └─ test/rsolv/security/patterns/rails/unsafe_globbing_test.exs:66:29

    warning: using \" to escape the closing of an uppercase sigil is deprecated, please use another delimiter or a lowercase sigil instead
    │
 66 │         ~S"get \"files/*path\", to: \"files#show\" # renders file: params[:path]",
    │                                     ~
    │
    └─ test/rsolv/security/patterns/rails/unsafe_globbing_test.exs:66:37

    warning: using \" to escape the closing of an uppercase sigil is deprecated, please use another delimiter or a lowercase sigil instead
    │
 66 │         ~S"get \"files/*path\", to: \"files#show\" # renders file: params[:path]",
    │                                                 ~
    │
    └─ test/rsolv/security/patterns/rails/unsafe_globbing_test.exs:66:49

    warning: using \" to escape the closing of an uppercase sigil is deprecated, please use another delimiter or a lowercase sigil instead
    │
 67 │         ~S"get \"templates/*template\", to: \"render#show\"",
    │                ~
    │
    └─ test/rsolv/security/patterns/rails/unsafe_globbing_test.exs:67:16

    warning: using \" to escape the closing of an uppercase sigil is deprecated, please use another delimiter or a lowercase sigil instead
    │
 67 │         ~S"get \"templates/*template\", to: \"render#show\"",
    │                                     ~
    │
    └─ test/rsolv/security/patterns/rails/unsafe_globbing_test.exs:67:37

    warning: using \" to escape the closing of an uppercase sigil is deprecated, please use another delimiter or a lowercase sigil instead
    │
 67 │         ~S"get \"templates/*template\", to: \"render#show\"",
    │                                             ~
    │
    └─ test/rsolv/security/patterns/rails/unsafe_globbing_test.exs:67:45

    warning: using \" to escape the closing of an uppercase sigil is deprecated, please use another delimiter or a lowercase sigil instead
    │
 67 │         ~S"get \"templates/*template\", to: \"render#show\"",
    │                                                          ~
    │
    └─ test/rsolv/security/patterns/rails/unsafe_globbing_test.exs:67:58

    warning: using \" to escape the closing of an uppercase sigil is deprecated, please use another delimiter or a lowercase sigil instead
    │
 68 │         ~S"match \"view/*file\" => \"view#render\"",
    │                  ~
    │
    └─ test/rsolv/security/patterns/rails/unsafe_globbing_test.exs:68:18

    warning: using \" to escape the closing of an uppercase sigil is deprecated, please use another delimiter or a lowercase sigil instead
    │
 68 │         ~S"match \"view/*file\" => \"view#render\"",
    │                              ~
    │
    └─ test/rsolv/security/patterns/rails/unsafe_globbing_test.exs:68:30

    warning: using \" to escape the closing of an uppercase sigil is deprecated, please use another delimiter or a lowercase sigil instead
    │
 68 │         ~S"match \"view/*file\" => \"view#render\"",
    │                                    ~
    │
    └─ test/rsolv/security/patterns/rails/unsafe_globbing_test.exs:68:36

    warning: using \" to escape the closing of an uppercase sigil is deprecated, please use another delimiter or a lowercase sigil instead
    │
 68 │         ~S"match \"view/*file\" => \"view#render\"",
    │                                                 ~
    │
    └─ test/rsolv/security/patterns/rails/unsafe_globbing_test.exs:68:49

    warning: using \" to escape the closing of an uppercase sigil is deprecated, please use another delimiter or a lowercase sigil instead
    │
 69 │         ~S"get \"download/*resource\", to: \"download#file\""
    │                ~
    │
    └─ test/rsolv/security/patterns/rails/unsafe_globbing_test.exs:69:16

    warning: using \" to escape the closing of an uppercase sigil is deprecated, please use another delimiter or a lowercase sigil instead
    │
 69 │         ~S"get \"download/*resource\", to: \"download#file\""
    │                                    ~
    │
    └─ test/rsolv/security/patterns/rails/unsafe_globbing_test.exs:69:36

    warning: using \" to escape the closing of an uppercase sigil is deprecated, please use another delimiter or a lowercase sigil instead
    │
 69 │         ~S"get \"download/*resource\", to: \"download#file\""
    │                                            ~
    │
    └─ test/rsolv/security/patterns/rails/unsafe_globbing_test.exs:69:44

    warning: using \" to escape the closing of an uppercase sigil is deprecated, please use another delimiter or a lowercase sigil instead
    │
 69 │         ~S"get \"download/*resource\", to: \"download#file\""
    │                                                           ~
    │
    └─ test/rsolv/security/patterns/rails/unsafe_globbing_test.exs:69:59

    warning: using \" to escape the closing of an uppercase sigil is deprecated, please use another delimiter or a lowercase sigil instead
    │
 82 │         ~S"get \"*all\", to: \"application#catch_all\"",
    │                ~
    │
    └─ test/rsolv/security/patterns/rails/unsafe_globbing_test.exs:82:16

    warning: using \" to escape the closing of an uppercase sigil is deprecated, please use another delimiter or a lowercase sigil instead
    │
 82 │         ~S"get \"*all\", to: \"application#catch_all\"",
    │                      ~
    │
    └─ test/rsolv/security/patterns/rails/unsafe_globbing_test.exs:82:22

Running ExUnit with seed: 930917, max_cases: 64
    warning: using \" to escape the closing of an uppercase sigil is deprecated, please use another delimiter or a lowercase sigil instead
    │
 82 │         ~S"get \"*all\", to: \"application#catch_all\"",
    │                              ~
    │
    └─ test/rsolv/security/patterns/rails/unsafe_globbing_test.exs:82:30

    warning: using \" to escape the closing of an uppercase sigil is deprecated, please use another delimiter or a lowercase sigil instead
    │
 82 │         ~S"get \"*all\", to: \"application#catch_all\"",
    │                                                     ~
    │
    └─ test/rsolv/security/patterns/rails/unsafe_globbing_test.exs:82:53

    warning: using \" to escape the closing of an uppercase sigil is deprecated, please use another delimiter or a lowercase sigil instead
    │
 84 │         ~S"get \"*splat\", to: \"errors#not_found\"",
    │                ~
    │
    └─ test/rsolv/security/patterns/rails/unsafe_globbing_test.exs:84:16

    warning: using \" to escape the closing of an uppercase sigil is deprecated, please use another delimiter or a lowercase sigil instead
    │
 84 │         ~S"get \"*splat\", to: \"errors#not_found\"",
    │                        ~
    │
    └─ test/rsolv/security/patterns/rails/unsafe_globbing_test.exs:84:24

    warning: using \" to escape the closing of an uppercase sigil is deprecated, please use another delimiter or a lowercase sigil instead
    │
 84 │         ~S"get \"*splat\", to: \"errors#not_found\"",
    │                                ~
    │
    └─ test/rsolv/security/patterns/rails/unsafe_globbing_test.exs:84:32

    warning: using \" to escape the closing of an uppercase sigil is deprecated, please use another delimiter or a lowercase sigil instead
    │
 84 │         ~S"get \"*splat\", to: \"errors#not_found\"",
    │                                                  ~
    │
    └─ test/rsolv/security/patterns/rails/unsafe_globbing_test.exs:84:50

    warning: using \" to escape the closing of an uppercase sigil is deprecated, please use another delimiter or a lowercase sigil instead
    │
 85 │         ~S"match \"*anything\" => \"default#handler\"",
    │                  ~
    │
    └─ test/rsolv/security/patterns/rails/unsafe_globbing_test.exs:85:18

    warning: using \" to escape the closing of an uppercase sigil is deprecated, please use another delimiter or a lowercase sigil instead
    │
 85 │         ~S"match \"*anything\" => \"default#handler\"",
    │                             ~
    │
    └─ test/rsolv/security/patterns/rails/unsafe_globbing_test.exs:85:29

    warning: using \" to escape the closing of an uppercase sigil is deprecated, please use another delimiter or a lowercase sigil instead
    │
 85 │         ~S"match \"*anything\" => \"default#handler\"",
    │                                   ~
    │
    └─ test/rsolv/security/patterns/rails/unsafe_globbing_test.exs:85:35

    warning: using \" to escape the closing of an uppercase sigil is deprecated, please use another delimiter or a lowercase sigil instead
    │
 85 │         ~S"match \"*anything\" => \"default#handler\"",
    │                                                    ~
    │
    └─ test/rsolv/security/patterns/rails/unsafe_globbing_test.exs:85:52

    warning: using \" to escape the closing of an uppercase sigil is deprecated, please use another delimiter or a lowercase sigil instead
    │
 99 │         ~S"get \"documents/*doc_path\", to: \"docs#show\"",
    │                ~
    │
    └─ test/rsolv/security/patterns/rails/unsafe_globbing_test.exs:99:16

    warning: using \" to escape the closing of an uppercase sigil is deprecated, please use another delimiter or a lowercase sigil instead
    │
 99 │         ~S"get \"documents/*doc_path\", to: \"docs#show\"",
    │                                     ~
    │
    └─ test/rsolv/security/patterns/rails/unsafe_globbing_test.exs:99:37

    warning: using \" to escape the closing of an uppercase sigil is deprecated, please use another delimiter or a lowercase sigil instead
    │
 99 │         ~S"get \"documents/*doc_path\", to: \"docs#show\"",
    │                                             ~
    │
    └─ test/rsolv/security/patterns/rails/unsafe_globbing_test.exs:99:45

    warning: using \" to escape the closing of an uppercase sigil is deprecated, please use another delimiter or a lowercase sigil instead
    │
 99 │         ~S"get \"documents/*doc_path\", to: \"docs#show\"",
    │                                                        ~
    │
    └─ test/rsolv/security/patterns/rails/unsafe_globbing_test.exs:99:56

     warning: using \" to escape the closing of an uppercase sigil is deprecated, please use another delimiter or a lowercase sigil instead
     │
 100 │         ~S"get \"uploads/*upload_path\", to: \"uploads#serve\"",
     │                ~
     │
     └─ test/rsolv/security/patterns/rails/unsafe_globbing_test.exs:100:16

     warning: using \" to escape the closing of an uppercase sigil is deprecated, please use another delimiter or a lowercase sigil instead
     │
 100 │         ~S"get \"uploads/*upload_path\", to: \"uploads#serve\"",
     │                                      ~
     │
     └─ test/rsolv/security/patterns/rails/unsafe_globbing_test.exs:100:38

     warning: using \" to escape the closing of an uppercase sigil is deprecated, please use another delimiter or a lowercase sigil instead
     │
 100 │         ~S"get \"uploads/*upload_path\", to: \"uploads#serve\"",
     │                                              ~
     │
     └─ test/rsolv/security/patterns/rails/unsafe_globbing_test.exs:100:46

     warning: using \" to escape the closing of an uppercase sigil is deprecated, please use another delimiter or a lowercase sigil instead
     │
 100 │         ~S"get \"uploads/*upload_path\", to: \"uploads#serve\"",
     │                                                             ~
     │
     └─ test/rsolv/security/patterns/rails/unsafe_globbing_test.exs:100:61

     warning: using \" to escape the closing of an uppercase sigil is deprecated, please use another delimiter or a lowercase sigil instead
     │
 101 │         ~S"match \"content/*content_path\" => \"content#display\"",
     │                  ~
     │
     └─ test/rsolv/security/patterns/rails/unsafe_globbing_test.exs:101:18

     warning: using \" to escape the closing of an uppercase sigil is deprecated, please use another delimiter or a lowercase sigil instead
     │
 101 │         ~S"match \"content/*content_path\" => \"content#display\"",
     │                                         ~
     │
     └─ test/rsolv/security/patterns/rails/unsafe_globbing_test.exs:101:41

     warning: using \" to escape the closing of an uppercase sigil is deprecated, please use another delimiter or a lowercase sigil instead
     │
 101 │         ~S"match \"content/*content_path\" => \"content#display\"",
     │                                               ~
     │
     └─ test/rsolv/security/patterns/rails/unsafe_globbing_test.exs:101:47

Excluding tags: [:integration]

     warning: using \" to escape the closing of an uppercase sigil is deprecated, please use another delimiter or a lowercase sigil instead
     │
 101 │         ~S"match \"content/*content_path\" => \"content#display\"",
     │                                                                ~
     │
     └─ test/rsolv/security/patterns/rails/unsafe_globbing_test.exs:101:64

     warning: using \" to escape the closing of an uppercase sigil is deprecated, please use another delimiter or a lowercase sigil instead
     │
 102 │         ~S"get \"storage/*file_path\", to: \"storage#retrieve\"",
     │                ~
     │
     └─ test/rsolv/security/patterns/rails/unsafe_globbing_test.exs:102:16

     warning: using \" to escape the closing of an uppercase sigil is deprecated, please use another delimiter or a lowercase sigil instead
     │
 102 │         ~S"get \"storage/*file_path\", to: \"storage#retrieve\"",
     │                                    ~
     │
     └─ test/rsolv/security/patterns/rails/unsafe_globbing_test.exs:102:36

     warning: using \" to escape the closing of an uppercase sigil is deprecated, please use another delimiter or a lowercase sigil instead
     │
 102 │         ~S"get \"storage/*file_path\", to: \"storage#retrieve\"",
     │                                            ~
     │
     └─ test/rsolv/security/patterns/rails/unsafe_globbing_test.exs:102:44

     warning: using \" to escape the closing of an uppercase sigil is deprecated, please use another delimiter or a lowercase sigil instead
     │
 102 │         ~S"get \"storage/*file_path\", to: \"storage#retrieve\"",
     │                                                              ~
     │
     └─ test/rsolv/security/patterns/rails/unsafe_globbing_test.exs:102:62

     warning: using \" to escape the closing of an uppercase sigil is deprecated, please use another delimiter or a lowercase sigil instead
     │
 103 │         ~S"get \"backup/*backup_file\", to: \"backup#download\""
     │                ~
     │
     └─ test/rsolv/security/patterns/rails/unsafe_globbing_test.exs:103:16

     warning: using \" to escape the closing of an uppercase sigil is deprecated, please use another delimiter or a lowercase sigil instead
     │
 103 │         ~S"get \"backup/*backup_file\", to: \"backup#download\""
     │                                     ~
     │
     └─ test/rsolv/security/patterns/rails/unsafe_globbing_test.exs:103:37

     warning: using \" to escape the closing of an uppercase sigil is deprecated, please use another delimiter or a lowercase sigil instead
     │
 103 │         ~S"get \"backup/*backup_file\", to: \"backup#download\""
     │                                             ~
     │
     └─ test/rsolv/security/patterns/rails/unsafe_globbing_test.exs:103:45

     warning: using \" to escape the closing of an uppercase sigil is deprecated, please use another delimiter or a lowercase sigil instead
     │
 103 │         ~S"get \"backup/*backup_file\", to: \"backup#download\""
     │                                                              ~
     │
     └─ test/rsolv/security/patterns/rails/unsafe_globbing_test.exs:103:62

     warning: using \" to escape the closing of an uppercase sigil is deprecated, please use another delimiter or a lowercase sigil instead
     │
 116 │         ~S"get \"api/v1/files/*path\", to: \"api/files#show\"",
     │                ~
     │
     └─ test/rsolv/security/patterns/rails/unsafe_globbing_test.exs:116:16

     warning: using \" to escape the closing of an uppercase sigil is deprecated, please use another delimiter or a lowercase sigil instead
     │
 116 │         ~S"get \"api/v1/files/*path\", to: \"api/files#show\"",
     │                                    ~
     │
     └─ test/rsolv/security/patterns/rails/unsafe_globbing_test.exs:116:36

     warning: using \" to escape the closing of an uppercase sigil is deprecated, please use another delimiter or a lowercase sigil instead
     │
 116 │         ~S"get \"api/v1/files/*path\", to: \"api/files#show\"",
     │                                            ~
     │
     └─ test/rsolv/security/patterns/rails/unsafe_globbing_test.exs:116:44

     warning: using \" to escape the closing of an uppercase sigil is deprecated, please use another delimiter or a lowercase sigil instead
     │
 116 │         ~S"get \"api/v1/files/*path\", to: \"api/files#show\"",
     │                                                            ~
     │
     └─ test/rsolv/security/patterns/rails/unsafe_globbing_test.exs:116:60

     warning: using \" to escape the closing of an uppercase sigil is deprecated, please use another delimiter or a lowercase sigil instead
     │
 117 │         ~S"get \"admin/files/*filename\", to: \"admin/files#serve\"",
     │                ~
     │
     └─ test/rsolv/security/patterns/rails/unsafe_globbing_test.exs:117:16

     warning: using \" to escape the closing of an uppercase sigil is deprecated, please use another delimiter or a lowercase sigil instead
     │
 117 │         ~S"get \"admin/files/*filename\", to: \"admin/files#serve\"",
     │                                       ~
     │
     └─ test/rsolv/security/patterns/rails/unsafe_globbing_test.exs:117:39

     warning: using \" to escape the closing of an uppercase sigil is deprecated, please use another delimiter or a lowercase sigil instead
     │
 117 │         ~S"get \"admin/files/*filename\", to: \"admin/files#serve\"",
     │                                               ~
     │
     └─ test/rsolv/security/patterns/rails/unsafe_globbing_test.exs:117:47

     warning: using \" to escape the closing of an uppercase sigil is deprecated, please use another delimiter or a lowercase sigil instead
     │
 117 │         ~S"get \"admin/files/*filename\", to: \"admin/files#serve\"",
     │                                                                  ~
     │
     └─ test/rsolv/security/patterns/rails/unsafe_globbing_test.exs:117:66

     warning: using \" to escape the closing of an uppercase sigil is deprecated, please use another delimiter or a lowercase sigil instead
     │
 118 │         ~S"match \"public/assets/*resource\" => \"public#serve\"",
     │                  ~
     │
     └─ test/rsolv/security/patterns/rails/unsafe_globbing_test.exs:118:18

     warning: using \" to escape the closing of an uppercase sigil is deprecated, please use another delimiter or a lowercase sigil instead
     │
 118 │         ~S"match \"public/assets/*resource\" => \"public#serve\"",
     │                                           ~
     │
     └─ test/rsolv/security/patterns/rails/unsafe_globbing_test.exs:118:43

     warning: using \" to escape the closing of an uppercase sigil is deprecated, please use another delimiter or a lowercase sigil instead
     │
 118 │         ~S"match \"public/assets/*resource\" => \"public#serve\"",
     │                                                 ~
     │
     └─ test/rsolv/security/patterns/rails/unsafe_globbing_test.exs:118:49

     warning: using \" to escape the closing of an uppercase sigil is deprecated, please use another delimiter or a lowercase sigil instead
     │
 118 │         ~S"match \"public/assets/*resource\" => \"public#serve\"",
     │                                                               ~
     │
     └─ test/rsolv/security/patterns/rails/unsafe_globbing_test.exs:118:63

     warning: using \" to escape the closing of an uppercase sigil is deprecated, please use another delimiter or a lowercase sigil instead
     │
 119 │         ~S"get \"user/:id/files/*filepath\", to: \"user_files#show\""
     │                ~
     │
     └─ test/rsolv/security/patterns/rails/unsafe_globbing_test.exs:119:16

     warning: using \" to escape the closing of an uppercase sigil is deprecated, please use another delimiter or a lowercase sigil instead
     │
 119 │         ~S"get \"user/:id/files/*filepath\", to: \"user_files#show\""
     │                                          ~
     │
     └─ test/rsolv/security/patterns/rails/unsafe_globbing_test.exs:119:42

     warning: using \" to escape the closing of an uppercase sigil is deprecated, please use another delimiter or a lowercase sigil instead
     │
 119 │         ~S"get \"user/:id/files/*filepath\", to: \"user_files#show\""
     │                                                  ~
     │
     └─ test/rsolv/security/patterns/rails/unsafe_globbing_test.exs:119:50

     warning: using \" to escape the closing of an uppercase sigil is deprecated, please use another delimiter or a lowercase sigil instead
     │
 119 │         ~S"get \"user/:id/files/*filepath\", to: \"user_files#show\""
     │                                                                   ~
     │
     └─ test/rsolv/security/patterns/rails/unsafe_globbing_test.exs:119:67

     warning: using \" to escape the closing of an uppercase sigil is deprecated, please use another delimiter or a lowercase sigil instead
     │
 132 │         ~S"namespace :api do\n  get \"files/*path\", to: \"files#show\"\nend",
     │                                     ~
     │
     └─ test/rsolv/security/patterns/rails/unsafe_globbing_test.exs:132:37

     warning: using \" to escape the closing of an uppercase sigil is deprecated, please use another delimiter or a lowercase sigil instead
     │
 132 │         ~S"namespace :api do\n  get \"files/*path\", to: \"files#show\"\nend",
     │                                                  ~
     │
     └─ test/rsolv/security/patterns/rails/unsafe_globbing_test.exs:132:50

     warning: using \" to escape the closing of an uppercase sigil is deprecated, please use another delimiter or a lowercase sigil instead
     │
 132 │         ~S"namespace :api do\n  get \"files/*path\", to: \"files#show\"\nend",
     │                                                          ~
     │
     └─ test/rsolv/security/patterns/rails/unsafe_globbing_test.exs:132:58

     warning: using \" to escape the closing of an uppercase sigil is deprecated, please use another delimiter or a lowercase sigil instead
     │
 132 │         ~S"namespace :api do\n  get \"files/*path\", to: \"files#show\"\nend",
     │                                                                      ~
     │
     └─ test/rsolv/security/patterns/rails/unsafe_globbing_test.exs:132:70

     warning: using \" to escape the closing of an uppercase sigil is deprecated, please use another delimiter or a lowercase sigil instead
     │
 133 │         ~S"scope :admin do\n  match \"*resource\" => \"admin#serve\"\nend",
     │                                     ~
     │
     └─ test/rsolv/security/patterns/rails/unsafe_globbing_test.exs:133:37

     warning: using \" to escape the closing of an uppercase sigil is deprecated, please use another delimiter or a lowercase sigil instead
     │
 133 │         ~S"scope :admin do\n  match \"*resource\" => \"admin#serve\"\nend",
     │                                                ~
     │
     └─ test/rsolv/security/patterns/rails/unsafe_globbing_test.exs:133:48

     warning: using \" to escape the closing of an uppercase sigil is deprecated, please use another delimiter or a lowercase sigil instead
     │
 133 │         ~S"scope :admin do\n  match \"*resource\" => \"admin#serve\"\nend",
     │                                                      ~
     │
     └─ test/rsolv/security/patterns/rails/unsafe_globbing_test.exs:133:54

     warning: using \" to escape the closing of an uppercase sigil is deprecated, please use another delimiter or a lowercase sigil instead
     │
 133 │         ~S"scope :admin do\n  match \"*resource\" => \"admin#serve\"\nend",
     │                                                                   ~
     │
     └─ test/rsolv/security/patterns/rails/unsafe_globbing_test.exs:133:67

     warning: using \" to escape the closing of an uppercase sigil is deprecated, please use another delimiter or a lowercase sigil instead
     │
 134 │         ~S"resources :users do\n  get \"files/*filename\", to: \"user_files#show\"\nend"
     │                                       ~
     │
     └─ test/rsolv/security/patterns/rails/unsafe_globbing_test.exs:134:39

     warning: using \" to escape the closing of an uppercase sigil is deprecated, please use another delimiter or a lowercase sigil instead
     │
 134 │         ~S"resources :users do\n  get \"files/*filename\", to: \"user_files#show\"\nend"
     │                                                        ~
     │
     └─ test/rsolv/security/patterns/rails/unsafe_globbing_test.exs:134:56

     warning: using \" to escape the closing of an uppercase sigil is deprecated, please use another delimiter or a lowercase sigil instead
     │
 134 │         ~S"resources :users do\n  get \"files/*filename\", to: \"user_files#show\"\nend"
     │                                                                ~
     │
     └─ test/rsolv/security/patterns/rails/unsafe_globbing_test.exs:134:64

     warning: using \" to escape the closing of an uppercase sigil is deprecated, please use another delimiter or a lowercase sigil instead
     │
 134 │         ~S"resources :users do\n  get \"files/*filename\", to: \"user_files#show\"\nend"
     │                                                                                 ~
     │
     └─ test/rsolv/security/patterns/rails/unsafe_globbing_test.exs:134:81

     warning: using \" to escape the closing of an uppercase sigil is deprecated, please use another delimiter or a lowercase sigil instead
     │
 147 │         ~S"get \"files/*path\", to: \"files#show\", format: false",
     │                ~
     │
     └─ test/rsolv/security/patterns/rails/unsafe_globbing_test.exs:147:16

     warning: using \" to escape the closing of an uppercase sigil is deprecated, please use another delimiter or a lowercase sigil instead
     │
 147 │         ~S"get \"files/*path\", to: \"files#show\", format: false",
     │                             ~
     │
     └─ test/rsolv/security/patterns/rails/unsafe_globbing_test.exs:147:29

     warning: using \" to escape the closing of an uppercase sigil is deprecated, please use another delimiter or a lowercase sigil instead
     │
 147 │         ~S"get \"files/*path\", to: \"files#show\", format: false",
     │                                     ~
     │
     └─ test/rsolv/security/patterns/rails/unsafe_globbing_test.exs:147:37

     warning: using \" to escape the closing of an uppercase sigil is deprecated, please use another delimiter or a lowercase sigil instead
     │
 147 │         ~S"get \"files/*path\", to: \"files#show\", format: false",
     │                                                 ~
     │
     └─ test/rsolv/security/patterns/rails/unsafe_globbing_test.exs:147:49

     warning: using \" to escape the closing of an uppercase sigil is deprecated, please use another delimiter or a lowercase sigil instead
     │
 148 │         ~S"get \"download/*file\", to: \"download#serve\", defaults: { format: nil }",
     │                ~
     │
     └─ test/rsolv/security/patterns/rails/unsafe_globbing_test.exs:148:16

     warning: using \" to escape the closing of an uppercase sigil is deprecated, please use another delimiter or a lowercase sigil instead
     │
 148 │         ~S"get \"download/*file\", to: \"download#serve\", defaults: { format: nil }",
     │                                ~
     │
     └─ test/rsolv/security/patterns/rails/unsafe_globbing_test.exs:148:32

     warning: using \" to escape the closing of an uppercase sigil is deprecated, please use another delimiter or a lowercase sigil instead
     │
 148 │         ~S"get \"download/*file\", to: \"download#serve\", defaults: { format: nil }",
     │                                        ~
     │
     └─ test/rsolv/security/patterns/rails/unsafe_globbing_test.exs:148:40

     warning: using \" to escape the closing of an uppercase sigil is deprecated, please use another delimiter or a lowercase sigil instead
     │
 148 │         ~S"get \"download/*file\", to: \"download#serve\", defaults: { format: nil }",
     │                                                        ~
     │
     └─ test/rsolv/security/patterns/rails/unsafe_globbing_test.exs:148:56

     warning: using \" to escape the closing of an uppercase sigil is deprecated, please use another delimiter or a lowercase sigil instead
     │
 149 │         ~S"match \"*path\" => \"files#show\", format: false"
     │                  ~
     │
     └─ test/rsolv/security/patterns/rails/unsafe_globbing_test.exs:149:18

     warning: using \" to escape the closing of an uppercase sigil is deprecated, please use another delimiter or a lowercase sigil instead
     │
 149 │         ~S"match \"*path\" => \"files#show\", format: false"
     │                         ~
     │
     └─ test/rsolv/security/patterns/rails/unsafe_globbing_test.exs:149:25

     warning: using \" to escape the closing of an uppercase sigil is deprecated, please use another delimiter or a lowercase sigil instead
     │
 149 │         ~S"match \"*path\" => \"files#show\", format: false"
     │                               ~
     │
     └─ test/rsolv/security/patterns/rails/unsafe_globbing_test.exs:149:31

     warning: using \" to escape the closing of an uppercase sigil is deprecated, please use another delimiter or a lowercase sigil instead
     │
 149 │         ~S"match \"*path\" => \"files#show\", format: false"
     │                                           ~
     │
     └─ test/rsolv/security/patterns/rails/unsafe_globbing_test.exs:149:43

     warning: using \" to escape the closing of an uppercase sigil is deprecated, please use another delimiter or a lowercase sigil instead
     │
 168 │         ~S"get \"files/:id\", to: \"files#show\" # specific param, not glob",
     │                ~
     │
     └─ test/rsolv/security/patterns/rails/unsafe_globbing_test.exs:168:16

     warning: using \" to escape the closing of an uppercase sigil is deprecated, please use another delimiter or a lowercase sigil instead
     │
 168 │         ~S"get \"files/:id\", to: \"files#show\" # specific param, not glob",
     │                           ~
     │
     └─ test/rsolv/security/patterns/rails/unsafe_globbing_test.exs:168:27

     warning: using \" to escape the closing of an uppercase sigil is deprecated, please use another delimiter or a lowercase sigil instead
     │
 168 │         ~S"get \"files/:id\", to: \"files#show\" # specific param, not glob",
     │                                   ~
     │
     └─ test/rsolv/security/patterns/rails/unsafe_globbing_test.exs:168:35

     warning: using \" to escape the closing of an uppercase sigil is deprecated, please use another delimiter or a lowercase sigil instead
     │
 168 │         ~S"get \"files/:id\", to: \"files#show\" # specific param, not glob",
     │                                               ~
     │
     └─ test/rsolv/security/patterns/rails/unsafe_globbing_test.exs:168:47

     warning: using \" to escape the closing of an uppercase sigil is deprecated, please use another delimiter or a lowercase sigil instead
     │
 169 │         ~S"get \"files\", to: \"files#index\" # no glob parameter"
     │                ~
     │
     └─ test/rsolv/security/patterns/rails/unsafe_globbing_test.exs:169:16

     warning: using \" to escape the closing of an uppercase sigil is deprecated, please use another delimiter or a lowercase sigil instead
     │
 169 │         ~S"get \"files\", to: \"files#index\" # no glob parameter"
     │                       ~
     │
     └─ test/rsolv/security/patterns/rails/unsafe_globbing_test.exs:169:23

     warning: using \" to escape the closing of an uppercase sigil is deprecated, please use another delimiter or a lowercase sigil instead
     │
 169 │         ~S"get \"files\", to: \"files#index\" # no glob parameter"
     │                               ~
     │
     └─ test/rsolv/security/patterns/rails/unsafe_globbing_test.exs:169:31

     warning: using \" to escape the closing of an uppercase sigil is deprecated, please use another delimiter or a lowercase sigil instead
     │
 169 │         ~S"get \"files\", to: \"files#index\" # no glob parameter"
     │                                            ~
     │
     └─ test/rsolv/security/patterns/rails/unsafe_globbing_test.exs:169:44

     warning: using \" to escape the closing of an uppercase sigil is deprecated, please use another delimiter or a lowercase sigil instead
     │
 124 │       vulnerable_code2 = ~S"params[\"html\"].html_safe()"
     │                                    ~
     │
     └─ test/rsolv/security/patterns/elixir/xss_raw_html_test.exs:124:36

     warning: using \" to escape the closing of an uppercase sigil is deprecated, please use another delimiter or a lowercase sigil instead
     │
 124 │       vulnerable_code2 = ~S"params[\"html\"].html_safe()"
     │                                          ~
     │
     └─ test/rsolv/security/patterns/elixir/xss_raw_html_test.exs:124:42

     warning: variable "auth_tag" is unused (if the variable is not meant to be used, prefix it with an underscore)
     │
 102 │       {ciphertext, iv, auth_tag} = Encryption.encrypt(plaintext, key)
     │                        ~~~~~~~~
     │
     └─ test/rsolv/ast/encryption_test.exs:102:24: Rsolv.AST.EncryptionTest."test encryption and decryption fails with wrong auth tag"/1

     warning: variable "auth_tag" is unused (if the variable is not meant to be used, prefix it with an underscore)
     │
 188 │       {ciphertext, iv, auth_tag} = Encryption.encrypt(plaintext, key)
     │                        ~~~~~~~~
     │
     └─ test/rsolv/ast/encryption_test.exs:188:24: Rsolv.AST.EncryptionTest."test secure memory handling clears sensitive data from memory"/1

     warning: variable "ciphertext" is unused (if the variable is not meant to be used, prefix it with an underscore)
     │
 188 │       {ciphertext, iv, auth_tag} = Encryption.encrypt(plaintext, key)
     │        ~~~~~~~~~~
     │
     └─ test/rsolv/ast/encryption_test.exs:188:8: Rsolv.AST.EncryptionTest."test secure memory handling clears sensitive data from memory"/1

     warning: variable "iv" is unused (if the variable is not meant to be used, prefix it with an underscore)
     │
 188 │       {ciphertext, iv, auth_tag} = Encryption.encrypt(plaintext, key)
     │                    ~~
     │
     └─ test/rsolv/ast/encryption_test.exs:188:20: Rsolv.AST.EncryptionTest."test secure memory handling clears sensitive data from memory"/1

     warning: variable "safe_code" is unused (if the variable is not meant to be used, prefix it with an underscore)
     │
 273 │       safe_code = """
     │       ~~~~~~~~~
     │
     └─ test/rsolv/security/patterns/django/unsafe_url_patterns_test.exs:273:7: Rsolv.Security.Patterns.Django.UnsafeUrlPatternsTest."test detection capabilities does not match secure URL patterns"/1

    warning: variable "conn" is unused (if the variable is not meant to be used, prefix it with an underscore)
    │
 45 │     test "verify route is registered in router", %{conn: conn} do
    │                                                          ~~~~
    │
    └─ test/rsolv_web/controllers/track_controller_route_test.exs:45:58: RsolvWeb.TrackControllerRouteTest."test route debugging verify route is registered in router"/1

    warning: variable "conn" is unused (if the variable is not meant to be used, prefix it with an underscore)
    │
 59 │     test "verify controller module exists and is accessible", %{conn: conn} do
    │                                                                       ~~~~
    │
    └─ test/rsolv_web/controllers/track_controller_route_test.exs:59:71: RsolvWeb.TrackControllerRouteTest."test route debugging verify controller module exists and is accessible"/1

........................     warning: variable "pattern" is unused (if the variable is not meant to be used, prefix it with an underscore)
     │
 167 │       pattern = InsecureRandom.pattern()
     │       ~~~~~~~
     │
     └─ test/rsolv/security/patterns/elixir/insecure_random_test.exs:167:7: Rsolv.Security.Patterns.Elixir.InsecureRandomTest."test safe code validation does not match :rand.uniform for non-security purposes"/1

     warning: variable "safe_code" is unused (if the variable is not meant to be used, prefix it with an underscore)
     │
 171 │       safe_code = ~S|dice_roll = :rand.uniform(6)|
     │       ~~~~~~~~~
     │
     └─ test/rsolv/security/patterns/elixir/insecure_random_test.exs:171:7: Rsolv.Security.Patterns.Elixir.InsecureRandomTest."test safe code validation does not match :rand.uniform for non-security purposes"/1

..     warning: variable "vulnerable_code" is unused (if the variable is not meant to be used, prefix it with an underscore)
     │
 224 │       vulnerable_code = """
     │       ~~~~~~~~~~~~~~~
     │
     └─ test/rsolv/security/patterns/django/broken_auth_test.exs:224:7: Rsolv.Security.Patterns.Django.BrokenAuthTest."test detection capabilities detects class-based view without LoginRequiredMixin"/1

     warning: variable "pattern" is unused (if the variable is not meant to be used, prefix it with an underscore)
     │
 253 │       pattern = BrokenAuth.pattern()
     │       ~~~~~~~
     │
     └─ test/rsolv/security/patterns/django/broken_auth_test.exs:253:7: Rsolv.Security.Patterns.Django.BrokenAuthTest."test detection capabilities does not match properly secured views"/1

     warning: variable "safe_code" is unused (if the variable is not meant to be used, prefix it with an underscore)
     │
 255 │       safe_code = """
     │       ~~~~~~~~~
     │
     └─ test/rsolv/security/patterns/django/broken_auth_test.exs:255:7: Rsolv.Security.Patterns.Django.BrokenAuthTest."test detection capabilities does not match properly secured views"/1

     warning: variable "safe_code" is unused (if the variable is not meant to be used, prefix it with an underscore)
     │
 271 │       safe_code = """
     │       ~~~~~~~~~
     │
     └─ test/rsolv/security/patterns/django/broken_auth_test.exs:271:7: Rsolv.Security.Patterns.Django.BrokenAuthTest."test detection capabilities does not match class-based views with proper authentication"/1

...13:17:00.208 [info] PatternAdapter loading patterns for javascript: found 30 patterns
.....................    warning: unused alias Pattern
    │
  5 │   alias Rsolv.Security.Pattern
    │   ~
    │
    └─ test/rsolv/security/patterns/django/unsafe_url_patterns_test.exs:5:3

...........................................................................................................................................................................................................    warning: unused alias GitHubHandler
    │
  5 │   alias Rsolv.Webhooks.Handlers.GitHubHandler
    │   ~
    │
    └─ test/rsolv/webhooks/event_router_test.exs:5:3

     warning: variable "pattern" is unused (if the variable is not meant to be used, prefix it with an underscore)
     │
 229 │       pattern = CsrfBypass.pattern()
     │       ~~~~~~~
     │
     └─ test/rsolv/security/patterns/django/csrf_bypass_test.exs:229:7: Rsolv.Security.Patterns.Django.CsrfBypassTest."test detection capabilities detects forms without CSRF token"/1

     warning: variable "vulnerable_form" is unused (if the variable is not meant to be used, prefix it with an underscore)
     │
 231 │       vulnerable_form = """
     │       ~~~~~~~~~~~~~~~
     │
     └─ test/rsolv/security/patterns/django/csrf_bypass_test.exs:231:7: Rsolv.Security.Patterns.Django.CsrfBypassTest."test detection capabilities detects forms without CSRF token"/1

    warning: unused alias ASTPattern
    │
  5 │   alias Rsolv.Security.ASTPattern
    │   ~
    │
    └─ test/rsolv/security/tier_removal_test.exs:5:3

......................    warning: unused alias PatternRegistry
    │
  5 │   alias Rsolv.Security.PatternRegistry
    │   ~
    │
    └─ test/rsolv/ast/integration_test.exs:5:3

    warning: unused alias PortSupervisor
    │
  4 │   alias Rsolv.AST.{AnalysisService, SessionManager, PortSupervisor}
    │   ~
    │
    └─ test/rsolv/ast/integration_test.exs:4:3

...13:17:00.364 [info] Routing GitHub event: "unknown_event"
..................    warning: unused alias Pattern
    │
  5 │   alias Rsolv.Security.Pattern
    │   ~
    │
    └─ test/rsolv/security/patterns/django/broken_auth_test.exs:5:3

..........     warning: variable "pattern" is unused (if the variable is not meant to be used, prefix it with an underscore)
     │
 172 │       pattern = PathTraversal.pattern()
     │       ~~~~~~~
     │
     └─ test/rsolv/security/patterns/elixir/path_traversal_test.exs:172:7: Rsolv.Security.Patterns.Elixir.PathTraversalTest."test safe code validation does not match validated paths"/1

.................................................................................    warning: unused alias Repository
    │
  4 │   alias Rsolv.Phases.{Repository, ForgeAccount}
    │   ~
    │
    └─ test/rsolv_web/controllers/api/v1/phase_retrieve_test.exs:4:3

13:17:00.438 [warning] Suspicious pattern detected: ~r/instance_eval/
.................................    warning: unused alias Pattern
    │
  5 │   alias Rsolv.Security.Pattern
    │   ~
    │
    └─ test/rsolv/security/patterns/django/csrf_bypass_test.exs:5:3

******13:17:00.478 [info] AUDIT_EVENT: input_validation_failed
.13:17:00.478 [warning] Suspicious pattern detected: ~r/\beval\s*\(/
.13:17:00.478 [info] AUDIT_EVENT: input_validation_failed
.............................................    warning: unused alias CachedValidation
    │
  4 │   alias Rsolv.ValidationCache.CachedValidation
    │   ~
    │
    └─ test/rsolv/validation_cache_test.exs:4:3

............................................................    warning: unused alias Pattern
    │
  5 │   alias Rsolv.Security.Pattern
    │   ~
    │
    └─ test/rsolv/security/patterns/django/model_injection_test.exs:5:3

..................     warning: variable "initial_key" is unused (if the variable is not meant to be used, prefix it with an underscore)
     │
 172 │       initial_key = session.encryption_key
     │       ~~~~~~~~~~~
     │
     └─ test/rsolv/ast/encryption_key_rotation_test.exs:172:7: Rsolv.AST.EncryptionKeyRotationTest."test key rotation functionality handles concurrent rotation attempts safely"/1

...............13:17:00.618 [info] AUDIT_EVENT: rate_limit_exceeded
..13:17:00.618 [info] AUDIT_EVENT: rate_limit_exceeded
.13:17:00.618 [warning] Suspicious pattern detected: ~r/`.*`/
.13:17:00.618 [info] AUDIT_EVENT: input_validation_failed
.13:17:00.618 [warning] Suspicious pattern detected: ~r/\.\.[\/\\]/
.13:17:00.618 [info] AUDIT_EVENT: input_validation_failed
.13:17:00.619 [warning] Suspicious pattern detected: ~r/(\{|\[){50,}/
.13:17:00.619 [info] AUDIT_EVENT: input_validation_failed
.13:17:00.619 [warning] Suspicious pattern detected: ~r/__import__/
.13:17:00.619 [info] AUDIT_EVENT: input_validation_failed
13:17:00.619 [warning] Suspicious pattern detected: ~r/\bshell_exec/
13:17:00.619 [info] AUDIT_EVENT: input_validation_failed
13:17:00.619 [warning] Suspicious pattern detected: ~r/\beval\s*\(/
13:17:00.619 [info] AUDIT_EVENT: input_validation_failed
...................................................................     warning: variable "other_forge" is unused (if the variable is not meant to be used, prefix it with an underscore)
     │
 101 │       other_forge = %ForgeAccount{}
     │       ~~~~~~~~~~~
     │
     └─ test/rsolv/phases/repositories_test.exs:101:7: Rsolv.Phases.RepositoriesTest."test find_or_create/2 enforces namespace ownership - customer can only access their namespaces"/1

     warning: variable "unverified" is unused (if the variable is not meant to be used, prefix it with an underscore)
     │
 133 │       unverified = %ForgeAccount{}
     │       ~~~~~~~~~~
     │
     └─ test/rsolv/phases/repositories_test.exs:133:7: Rsolv.Phases.RepositoriesTest."test find_or_create/2 handles unverified forge accounts"/1

    warning: variable "conn" is unused (if the variable is not meant to be used, prefix it with an underscore)
    │
  5 │     test "fails to encode patterns with regex using Jason (current behavior)", %{conn: conn} do
    │                                                                                        ~~~~
    │
    └─ test/rsolv_web/controllers/api/v1/pattern_json_encoding_test.exs:5:88: RsolvWeb.Api.V1.PatternJsonEncodingTest."test JSON encoding for patterns with regex fails to encode patterns with regex using Jason (current behavior)"/1

.........................................................    warning: defp vulnerable_deserialization_patterns/0 is private, @doc attribute is always discarded for private functions/macros/types
    │
 20 │   @doc """
    │   ~~~~~~~~
    │
    └─ test/rsolv/security/patterns/javascript/insecure_deserialization_test.exs:20: Rsolv.Security.Patterns.Javascript.InsecureDeserializationTest.vulnerable_deserialization_patterns/0

     warning: defp safe_deserialization_patterns/0 is private, @doc attribute is always discarded for private functions/macros/types
     │
 110 │   @doc """
     │   ~~~~~~~~
     │
     └─ test/rsolv/security/patterns/javascript/insecure_deserialization_test.exs:110: Rsolv.Security.Patterns.Javascript.InsecureDeserializationTest.safe_deserialization_patterns/0

**********    warning: unused alias Repository
    │
  4 │   alias Rsolv.Phases.{Repository, ForgeAccount}
    │   ~
    │
    └─ test/rsolv/phases/repositories_test.exs:4:3

........................     warning: variable "i" is unused (if the variable is not meant to be used, prefix it with an underscore)
     │
 174 │       """ <> Enum.map_join(1..1000, "\n", fn i ->
     │                                              ~
     │
     └─ test/rsolv/ast/production_ruby_parser_test.exs:174:46: Rsolv.AST.ProductionRubyParserTest."test Production Ruby Parser handles timeout scenarios"/1

....................................................................................................................................    warning: unused alias Encryption
    │
  5 │   alias Rsolv.AST.Encryption
    │   ~
    │
    └─ test/rsolv/ast/session_manager_test.exs:5:3

    warning: unused alias Pattern
    │
  5 │   alias Rsolv.Security.Pattern
    │   ~
    │
    └─ test/rsolv/security/patterns/django/missing_security_middleware_test.exs:5:3

13:17:00.852 request_id=GGBS6kMdkYGKQhwAAG0H [info] POST /api/v1/vulnerabilities/validate
....................................................     warning: variable "old_event" is unused (if the variable is not meant to be used, prefix it with an underscore)
     │
 198 │       old_event = AuditLogger.log_event(:old_event, %{}, 
     │       ~~~~~~~~~
     │
     └─ test/rsolv/ast/audit_logger_test.exs:198:7: Rsolv.AST.AuditLoggerTest."test query and analysis queries events by time range"/1

     warning: variable "recent_event" is unused (if the variable is not meant to be used, prefix it with an underscore)
     │
 201 │       recent_event = AuditLogger.log_event(:recent_event, %{})
     │       ~~~~~~~~~~~~
     │
     └─ test/rsolv/ast/audit_logger_test.exs:201:7: Rsolv.AST.AuditLoggerTest."test query and analysis queries events by time range"/1

.................................................................................................................     warning: variable "customer" is unused (if the variable is not meant to be used, prefix it with an underscore)
     │
 135 │     test "enforces namespace access control for phase storage", %{customer: customer} do
     │                                                                             ~~~~~~~~
     │
     └─ test/rsolv/phases/phase_storage_test.exs:135:77: Rsolv.Phases.PhaseStorageTest."test phase storage enforces namespace access control for phase storage"/1

     warning: variable "p2" is unused (if the variable is not meant to be used, prefix it with an underscore)
     │
 106 │       {:ok, p2} = ParserPool.checkout(pool, "javascript")
     │             ~~
     │
     └─ test/rsolv/ast/parser_pool_test.exs:106:13: Rsolv.AST.ParserPoolTest."test parser checkout/checkin blocks when all parsers busy"/1

     warning: variable "p2" is unused (if the variable is not meant to be used, prefix it with an underscore)
     │
 156 │       {:ok, p2} = ParserPool.checkout(pool, "javascript", timeout: 5000)
     │             ~~
     │
     └─ test/rsolv/ast/parser_pool_test.exs:156:13: Rsolv.AST.ParserPoolTest."test pool metrics tracks utilization metrics"/1

..................................................    warning: unused alias Pattern
    │
  5 │   alias Rsolv.Security.Pattern
    │   ~
    │
    └─ test/rsolv/security/patterns/django/mass_assignment_test.exs:5:3

................................    warning: unused alias CachedValidation
    │
  4 │   alias Rsolv.ValidationCache.CachedValidation
    │   ~
    │
    └─ test/rsolv/validation_cache_invalidation_test.exs:4:3

....................................................................    warning: unused alias MitigationExecution
    │
  4 │   alias Rsolv.Phases.{Repository, ForgeAccount, ScanExecution, ValidationExecution, MitigationExecution}
    │   ~
    │
    └─ test/rsolv/phases/phase_storage_test.exs:4:3

    warning: unused alias ScanExecution
    │
  4 │   alias Rsolv.Phases.{Repository, ForgeAccount, ScanExecution, ValidationExecution, MitigationExecution}
    │   ~
    │
    └─ test/rsolv/phases/phase_storage_test.exs:4:3

    warning: unused alias ValidationExecution
    │
  4 │   alias Rsolv.Phases.{Repository, ForgeAccount, ScanExecution, ValidationExecution, MitigationExecution}
    │   ~
    │
    └─ test/rsolv/phases/phase_storage_test.exs:4:3

............................................................    warning: variable "regex" is unused (if the variable is not meant to be used, prefix it with an underscore)
    │
 46 │       regex = if is_list(pattern.regex), do: hd(pattern.regex), else: pattern.regex
    │       ~~~~~
    │
    └─ test/rsolv/security/patterns/java/hardcoded_password_test.exs:46:7: Rsolv.Security.Patterns.Java.HardcodedPasswordTest."test regex matching detects hardcoded password assignments"/1

...........................................    warning: unused import ExUnit.CaptureLog
    │
  3 │   import ExUnit.CaptureLog
    │   ~
    │
    └─ test/rsolv/analytics_partition_test.exs:3:3

     warning: variable "customer_id" is unused (if the variable is not meant to be used, prefix it with an underscore)
     │
 113 │     test "unknown errors are standardized with fallback", %{session_id: session_id, customer_id: customer_id} do
     │                                                                                                  ~~~~~~~~~~~
     │
     └─ test/rsolv/ast/parser_error_standardization_test.exs:113:98: Rsolv.AST.ParserErrorStandardizationTest."test error standardization integration unknown errors are standardized with fallback"/1

     warning: variable "session_id" is unused (if the variable is not meant to be used, prefix it with an underscore)
     │
 113 │     test "unknown errors are standardized with fallback", %{session_id: session_id, customer_id: customer_id} do
     │                                                                         ~~~~~~~~~~
     │
     └─ test/rsolv/ast/parser_error_standardization_test.exs:113:73: Rsolv.AST.ParserErrorStandardizationTest."test error standardization integration unknown errors are standardized with fallback"/1

..............     warning: function refute_safe/2 is unused
     │
 199 │   defp refute_safe(pattern, code_samples) do
     │        ~
     │
     └─ test/rsolv/security/patterns/php/sql_injection_concat_test.exs:199:8: Rsolv.Security.Patterns.Php.SqlInjectionConcatTest (module)

     warning: function assert_vulnerable/2 is unused
     │
 192 │   defp assert_vulnerable(pattern, code_samples) do
     │        ~
     │
     └─ test/rsolv/security/patterns/php/sql_injection_concat_test.exs:192:8: Rsolv.Security.Patterns.Php.SqlInjectionConcatTest (module)

...............................................13:17:01.224 [debug] QUERY OK source="fix_attempts" db=195.3ms queue=76.7ms
INSERT INTO "fix_attempts" ("status","metadata","currency","repo_name","issue_number","github_org","pr_number","billing_status","platform","requires_manual_approval","inserted_at","updated_at") VALUES ($1,$2,$3,$4,$5,$6,$7,$8,$9,$10,$11,$12) RETURNING "id" ["pending", %{}, "USD", "test-repo", 10, "test-org", 42, "not_billed", "github", true, ~N[2025-08-29 19:17:00], ~N[2025-08-29 19:17:00]]
13:17:01.224 [info] Routing GitHub event: "pull_request"
.................    warning: variable "decoded" is unused (if the variable is not meant to be used, prefix it with an underscore)
    │
 41 │     decoded = JSON.decode!(json_encoded)
    │     ~
    │
    └─ test/quick_enhanced_test.exs:41:5

..........................................................................    warning: variable "options" is unused (if the variable is not meant to be used, prefix it with an underscore)
    │
 28 │       options = %{
    │       ~~~~~~~
    │
    └─ test/rsolv/ast/code_retention_test.exs:28:7: Rsolv.AST.CodeRetentionTest."test zero code retention verification code is not retained in memory after analysis"/1

    warning: variable "session" is unused (if the variable is not meant to be used, prefix it with an underscore)
    │
 50 │     test "code is not retained in ETS tables", %{session: session} do
    │                                                           ~~~~~~~
    │
    └─ test/rsolv/ast/code_retention_test.exs:50:59: Rsolv.AST.CodeRetentionTest."test zero code retention verification code is not retained in ETS tables"/1

    warning: variable "session" is unused (if the variable is not meant to be used, prefix it with an underscore)
    │
 68 │     test "code is not retained in AST service process dictionaries", %{session: session} do
    │                                                                                 ~~~~~~~
    │
    └─ test/rsolv/ast/code_retention_test.exs:68:81: Rsolv.AST.CodeRetentionTest."test zero code retention verification code is not retained in AST service process dictionaries"/1

    warning: variable "session" is unused (if the variable is not meant to be used, prefix it with an underscore)
    │
 87 │     test "code is scrubbed from parser responses", %{session: session} do
    │                                                               ~~~~~~~
    │
    └─ test/rsolv/ast/code_retention_test.exs:87:63: Rsolv.AST.CodeRetentionTest."test zero code retention verification code is scrubbed from parser responses"/1

     warning: variable "session" is unused (if the variable is not meant to be used, prefix it with an underscore)
     │
 104 │     test "encrypted code is properly cleared after decryption", %{session: session} do
     │                                                                            ~~~~~~~
     │
     └─ test/rsolv/ast/code_retention_test.exs:104:76: Rsolv.AST.CodeRetentionTest."test zero code retention verification encrypted code is properly cleared after decryption"/1

     warning: variable "session" is unused (if the variable is not meant to be used, prefix it with an underscore)
     │
 121 │     test "audit logs do not contain actual code", %{session: session} do
     │                                                              ~~~~~~~
     │
     └─ test/rsolv/ast/code_retention_test.exs:121:62: Rsolv.AST.CodeRetentionTest."test zero code retention verification audit logs do not contain actual code"/1

     warning: variable "session" is unused (if the variable is not meant to be used, prefix it with an underscore)
     │
 151 │     test "parser processes don't retain code after analysis", %{session: session} do
     │                                                                          ~~~~~~~
     │
     └─ test/rsolv/ast/code_retention_test.exs:151:74: Rsolv.AST.CodeRetentionTest."test zero code retention verification parser processes don't retain code after analysis"/1

     warning: variable "session" is unused (if the variable is not meant to be used, prefix it with an underscore)
     │
 195 │     test "code retention verification report", %{session: session} do
     │                                                           ~~~~~~~
     │
     └─ test/rsolv/ast/code_retention_test.exs:195:59: Rsolv.AST.CodeRetentionTest."test zero code retention verification code retention verification report"/1

.     warning: variable "session" is unused (if the variable is not meant to be used, prefix it with an underscore)
     │
 217 │     test "forced garbage collection clears references from AST services", %{session: session} do
     │                                                                                      ~~~~~~~
     │
     └─ test/rsolv/ast/code_retention_test.exs:217:86: Rsolv.AST.CodeRetentionTest."test zero code retention verification forced garbage collection clears references from AST services"/1

........................................13:17:01.292 [info] PatternAdapter loading patterns for python: found 12 patterns
...............13:17:01.301 [info] Handling pull_request event with action: "closed"
...........
🔍 Testing Enhanced Pattern Format...

Pattern ID: js-eval-user-input
✅ Pattern has ast_enhancement/0 function

📋 AST Enhancement Data:
%{
  min_confidence: 0.8,
  ast_rules: %{
    node_type: "CallExpression",
    argument_analysis: %{
      first_arg_contains_user_input: true,
      is_string_type: true,
      not_static_string: true
    },
    callee: %{
      name: "eval",
      alternatives: ["Function", "setTimeout", "setInterval"]
    }
  },
  confidence_rules: %{
    base: 0.5,
    adjustments: %{
      "any_user_input_to_eval" => 0.3,
      "direct_req_body_to_eval" => 0.5,
      "in_build_tool" => -0.9,
      "json_parse_pattern" => -0.7,
      "static_math_expression" => -0.9,
      "url_params_to_eval" => 0.4,
      "uses_vm2_sandbox" => -0.8,
      "webpack_generated" => -1.0
    }
  },
  context_rules: %{
    exclude_paths: [~r/test/, ~r/spec/, ~r/__tests__/, ~r/build/, ~r/dist/],
    exclude_if_sandboxed: true,
    exclude_if_generated_code: true,
    exclude_if_json_parse_only: true,
    exclude_if_math_only: true,
    high_risk_sources: ["req.body", "req.query", "localStorage",
     "location.search"]
  }
}

🔄 Testing JSON serialization...
....................................    warning: unused import Ecto.Query
    │
  6 │   import Ecto.Query
    │   ~
    │
    └─ test/production_verification_test.exs:6:3

...........................................13:17:01.355 [info] ConvertKit: Attempting to unsubscribe user
    warning: variable "view" is unused (if the variable is not meant to be used, prefix it with an underscore)
    │
 31 │       {:ok, view, html} = live(conn, "/")
    │             ~~~~
    │
    └─ test/rsolv_web/live/early_access_form_test.exs:31:13: RsolvWeb.EarlyAccessFormTest."test Early Access Form simplified form has only essential fields"/1

    warning: variable "view" is unused (if the variable is not meant to be used, prefix it with an underscore)
    │
 86 │       {:ok, view, html} = live(conn, "/")
    │             ~~~~
    │
    └─ test/rsolv_web/live/early_access_form_test.exs:86:13: RsolvWeb.EarlyAccessFormTest."test Early Access Form form shows company field if enabled"/1

    warning: variable "view" is unused (if the variable is not meant to be used, prefix it with an underscore)
    │
 93 │       {:ok, view, html} = live(conn, "/")
    │             ~~~~
    │
    └─ test/rsolv_web/live/early_access_form_test.exs:93:13: RsolvWeb.EarlyAccessFormTest."test Early Access Form form copy emphasizes simplicity"/1

     warning: variable "view" is unused (if the variable is not meant to be used, prefix it with an underscore)
     │
 104 │       {:ok, view, html} = live(conn, "/")
     │             ~~~~
     │
     └─ test/rsolv_web/live/early_access_form_test.exs:104:13: RsolvWeb.EarlyAccessFormTest."test Early Access Form form has minimal friction points"/1

     warning: variable "view" is unused (if the variable is not meant to be used, prefix it with an underscore)
     │
 124 │       {:ok, view, html} = live(conn, "/")
     │             ~~~~
     │
     └─ test/rsolv_web/live/early_access_form_test.exs:124:13: RsolvWeb.EarlyAccessFormTest."test Early Access Form security priorities remain optional"/1

..........................................................................................    warning: variable "response1" is unused (if the variable is not meant to be used, prefix it with an underscore)
    │
 82 │       response1 = json_response(conn1, 200)
    │       ~~~~~~~~~
    │
    └─ test/rsolv_web/controllers/api/v1/vulnerability_validation_cache_test.exs:82:7: RsolvWeb.Api.V1.VulnerabilityValidationCacheTest."test caching behavior cache key includes vulnerability details"/1

....................    warning: variable "response2" is unused (if the variable is not meant to be used, prefix it with an underscore)
    │
 86 │       response2 = json_response(conn2, 200)
    │       ~~~~~~~~~
    │
    └─ test/rsolv_web/controllers/api/v1/vulnerability_validation_cache_test.exs:86:7: RsolvWeb.Api.V1.VulnerabilityValidationCacheTest."test caching behavior cache key includes vulnerability details"/1

     warning: variable "response1" is unused (if the variable is not meant to be used, prefix it with an underscore)
     │
 101 │       response1 = json_response(conn1, 200)
     │       ~~~~~~~~~
     │
     └─ test/rsolv_web/controllers/api/v1/vulnerability_validation_cache_test.exs:101:7: RsolvWeb.Api.V1.VulnerabilityValidationCacheTest."test caching behavior cache respects TTL"/1

     warning: variable "response2" is unused (if the variable is not meant to be used, prefix it with an underscore)
     │
 105 │       response2 = json_response(conn2, 200)
     │       ~~~~~~~~~
     │
     └─ test/rsolv_web/controllers/api/v1/vulnerability_validation_cache_test.exs:105:7: RsolvWeb.Api.V1.VulnerabilityValidationCacheTest."test caching behavior cache respects TTL"/1

     warning: variable "response3" is unused (if the variable is not meant to be used, prefix it with an underscore)
     │
 118 │       response3 = json_response(conn3, 200)
     │       ~~~~~~~~~
     │
     └─ test/rsolv_web/controllers/api/v1/vulnerability_validation_cache_test.exs:118:7: RsolvWeb.Api.V1.VulnerabilityValidationCacheTest."test caching behavior cache respects TTL"/1

     warning: variable "conn" is unused (if the variable is not meant to be used, prefix it with an underscore)
     │
 177 │     test "can clear all cache entries", %{conn: conn, customer: customer} do
     │                                                 ~~~~
     │
     └─ test/rsolv_web/controllers/api/v1/vulnerability_validation_cache_test.exs:177:49: RsolvWeb.Api.V1.VulnerabilityValidationCacheTest."test cache invalidation can clear all cache entries"/1

............................    warning: unused alias PortWorker
    │
  5 │   alias Rsolv.AST.PortWorker
    │   ~
    │
    └─ test/rsolv/ast/port_supervisor_test.exs:5:3

13:17:01.434 [info] ConvertKit: Attempting to unsubscribe subscriber
13:17:01.434 [error] ConvertKit: Failed to unsubscribe user
......................13:17:01.439 [info] PatternAdapter loading patterns for javascript: found 30 patterns
.13:17:01.440 [info] PatternAdapter loading patterns for ruby: found 20 patterns
....................13:17:01.451 [debug] QUERY OK source="fix_attempts" db=0.3ms queue=0.7ms
SELECT f0."id", f0."github_org", f0."repo_name", f0."issue_number", f0."pr_number", f0."status", f0."merged_at", f0."billing_status", f0."requires_manual_approval", f0."approved_by", f0."approved_at", f0."approval_notes", f0."platform", f0."customer_id", f0."api_key_used", f0."pr_title", f0."pr_url", f0."issue_title", f0."issue_url", f0."commit_sha", f0."merged_by", f0."metadata", f0."amount", f0."currency", f0."billed_at", f0."refunded_at", f0."inserted_at", f0."updated_at" FROM "fix_attempts" AS f0 WHERE (((f0."github_org" = $1) AND (f0."repo_name" = $2)) AND (f0."pr_number" = $3)) ["test-org", "test-repo", 42]
...................     warning: variable "pattern" is unused (if the variable is not meant to be used, prefix it with an underscore)
     │
 245 │       pattern = AuthorizationBypass.pattern()
     │       ~~~~~~~
     │
     └─ test/rsolv/security/patterns/django/authorization_bypass_test.exs:245:7: Rsolv.Security.Patterns.Django.AuthorizationBypassTest."test detection capabilities does not match properly secured views"/1

     warning: variable "safe_code" is unused (if the variable is not meant to be used, prefix it with an underscore)
     │
 247 │       safe_code = """
     │       ~~~~~~~~~
     │
     └─ test/rsolv/security/patterns/django/authorization_bypass_test.exs:247:7: Rsolv.Security.Patterns.Django.AuthorizationBypassTest."test detection capabilities does not match properly secured views"/1

..     warning: variable "file" is unused (if the variable is not meant to be used, prefix it with an underscore)
     │
 229 │       files_for_warming = Enum.map(files_with_hashes, fn {hash, lang, file} ->
     │                                                                       ~
     │
     └─ test/rsolv/ast/ast_cache_test.exs:229:71: Rsolv.AST.ASTCacheTest."test cache warming pre-warms frequently accessed files"/1

    warning: variable "path" is unused (if the variable is not meant to be used, prefix it with an underscore)
    │
 24 │       with_temp_file(code, "py", fn path ->
    │                                     ~
    │
    └─ test/rsolv/ast/multi_language_parsing_test.exs:24:37: Rsolv.AST.MultiLanguageParsingTest."test Python parsing parses simple Python code"/1

    warning: variable "forge_account" is unused (if the variable is not meant to be used, prefix it with an underscore)
    │
 63 │     test "first request triggers validation and stores in cache", %{conn: conn, api_key: api_key, forge_account: forge_account} do
    │                                                                                                                  ~~~~~~~~~~~~~
    │
    └─ test/rsolv_web/controllers/api/v1/vulnerability_validation_controller_cache_test.exs:63:114: RsolvWeb.Api.V1.VulnerabilityValidationControllerCacheTest."test cache integration with validation endpoint first request triggers validation and stores in cache"/1

     warning: variable "forge_account" is unused (if the variable is not meant to be used, prefix it with an underscore)
     │
 135 │     test "file change invalidates cache", %{conn: conn, api_key: api_key, forge_account: forge_account} do
     │                                                                                          ~~~~~~~~~~~~~
     │
     └─ test/rsolv_web/controllers/api/v1/vulnerability_validation_controller_cache_test.exs:135:90: RsolvWeb.Api.V1.VulnerabilityValidationControllerCacheTest."test cache integration with validation endpoint file change invalidates cache"/1

     warning: variable "forge1" is unused (if the variable is not meant to be used, prefix it with an underscore)
     │
 268 │       {customer1, forge1} = create_test_customer("customer1")
     │                   ~~~~~~
     │
     └─ test/rsolv_web/controllers/api/v1/vulnerability_validation_controller_cache_test.exs:268:19: RsolvWeb.Api.V1.VulnerabilityValidationControllerCacheTest."test cache integration with validation endpoint forge account isolation in cache"/1

     warning: variable "forge2" is unused (if the variable is not meant to be used, prefix it with an underscore)
     │
 269 │       {customer2, forge2} = create_test_customer("customer2")
     │                   ~~~~~~
     │
     └─ test/rsolv_web/controllers/api/v1/vulnerability_validation_controller_cache_test.exs:269:19: RsolvWeb.Api.V1.VulnerabilityValidationControllerCacheTest."test cache integration with validation endpoint forge account isolation in cache"/1

❌ JSON encoding failed: %UndefinedFunctionError{module: RSOLVApi.Security.Patterns.JSONSerializer, function: :encode!, arity: 1, reason: nil, message: nil}
........................13:17:01.531 [debug] QUERY OK source="fix_attempts" db=0.1ms
UPDATE "fix_attempts" SET "status" = $1, "merged_at" = $2, "updated_at" = $3 WHERE "id" = $4 ["merged", ~U[2025-08-29 19:17:01.451524Z], ~N[2025-08-29 19:17:01], 2601]
.13:17:01.532 [debug] Signature verification - received: sha256=d7459b1abbcaacb815fba09fa22178f9728c2c341401ace578b4599509ef6659
13:17:01.532 [debug] Signature verification - expected: sha256=d7459b1abbcaacb815fba09fa22178f9728c2c341401ace578b4599509ef6659
.13:17:01.532 [debug] Signature verification - received: sha256=invalid
13:17:01.532 [debug] Signature verification - expected: sha256=d7459b1abbcaacb815fba09fa22178f9728c2c341401ace578b4599509ef6659
...13:17:01.533 [info] Routing GitHub event: "issues"
..13:17:01.539 request_id=GGBS6nCefaxTcVgAABwP [info] POST /early-access
     warning: variable "safe_code" is unused (if the variable is not meant to be used, prefix it with an underscore)
     │
 265 │       safe_code = """
     │       ~~~~~~~~~
     │
     └─ test/rsolv/security/patterns/django/cve_2021_33203_test.exs:265:7: Rsolv.Security.Patterns.Django.Cve202133203Test."test detection capabilities does not match safe Django versions"/1

13:17:01.552 [debug] QUERY OK source="fun_with_flags_toggles" db=0.5ms queue=0.6ms
INSERT INTO "fun_with_flags_toggles" AS f0 ("enabled","target","flag_name","gate_type") VALUES ($1,$2,$3,$4) ON CONFLICT ("flag_name","gate_type","target") DO UPDATE SET "enabled" = $5 RETURNING "id" [true, "_fwf_none", "core_features", "boolean", true]
13:17:01.553 [debug] QUERY OK source="fun_with_flags_toggles" db=0.3ms queue=0.4ms
SELECT f0."id", f0."flag_name", f0."gate_type", f0."target", f0."enabled" FROM "fun_with_flags_toggles" AS f0 WHERE (f0."flag_name" = $1) ["core_features"]
................................................................13:17:01.589 [debug] QUERY OK source="email_unsubscribes" db=0.4ms queue=0.6ms
INSERT INTO "email_unsubscribes" ("reason","email","inserted_at") VALUES ($1,$2,$3) RETURNING "id" ["ConvertKit API failure - unsubscribe recorded locally", "test@example.com", ~N[2025-08-29 19:17:01]]
13:17:01.590 [debug] QUERY OK source="email_unsubscribes" db=0.2ms queue=0.4ms
SELECT e0."id", e0."email", e0."reason", e0."inserted_at" FROM "email_unsubscribes" AS e0 WHERE (e0."email" = $1) ["test@example.com"]
.13:17:01.590 [info] ConvertKit: Attempting to unsubscribe user
13:17:01.590 [info] ConvertKit: Attempting to unsubscribe subscriber
13:17:01.590 [info] ConvertKit: Successfully unsubscribed user
.13:17:01.591 [info] ConvertKit API key present: true
13:17:01.591 [error] ConvertKit HTTP request failed
13:17:01.591 [warning] ConvertKit: Failed to add subscriber via primary endpoint
13:17:01.591 [info] ConvertKit: Trying fallback to form-specific endpoint
13:17:01.591 [info] ConvertKit: Using form-specific endpoint as fallback for test@example.com
13:17:01.591 [error] ConvertKit HTTP request failed
13:17:01.591 [error] ConvertKit: Failed to add subscriber via fallback endpoint
.13:17:01.591 [info] ConvertKit: Attempting to unsubscribe user
13:17:01.591 [warning] ConvertKit: Failed to look up subscriber
13:17:01.591 [info] ConvertKit: Subscriber not found for unsubscribe
.13:17:01.591 [info] ConvertKit: Attempting to unsubscribe user
13:17:01.591 [warning] ConvertKit API key not configured for unsubscribing
.13:17:01.592 [info] ConvertKit API key present: true
13:17:01.592 [info] ConvertKit API request successful
13:17:01.592 [info] ConvertKit: Successfully added subscriber
.13:17:01.592 [info] ConvertKit API key present: true
13:17:01.592 [info] ConvertKit API request successful
13:17:01.592 [info] ConvertKit: Successfully added subscriber
.13:17:01.592 [info] Attempting to tag subscriber
13:17:01.592 [info] ConvertKit: Attempting to tag test@example.com with tag test_tag_id
.13:17:01.592 [info] ConvertKit: Successfully tagged test@example.com
13:17:01.593 [info] Attempting to tag subscriber
13:17:01.593 [info] ConvertKit: Attempting to tag test@example.com with tag test_tag_id
13:17:01.593 [warning] ConvertKit: Immediate tagging failed, adding to tagging queue
    warning: unused alias Accounts
    │
  5 │   alias Rsolv.Accounts
    │   ~
    │
    └─ test/rsolv_web/controllers/api/v1/vulnerability_validation_controller_cache_test.exs:5:3

    warning: unused alias ValidationCache
    │
  4 │   alias Rsolv.ValidationCache
    │   ~
    │
    └─ test/rsolv_web/controllers/api/v1/vulnerability_validation_controller_cache_test.exs:4:3

    warning: unused import Rsolv.ValidationCacheHelpers
    │
 11 │   import Rsolv.ValidationCacheHelpers
    │   ~
    │
    └─ test/rsolv_web/controllers/api/v1/vulnerability_validation_controller_cache_test.exs:11:3

.13:17:01.621 [debug] Parser response received
.................................................    warning: unused alias Pattern
    │
  5 │   alias Rsolv.Security.Pattern
    │   ~
    │
    └─ test/rsolv/security/patterns/django/authorization_bypass_test.exs:5:3

     warning: variable "conn" is unused (if the variable is not meant to be used, prefix it with an underscore)
     │
 235 │     test "removes duplicate H1 titles from markdown", %{conn: conn} do
     │                                                               ~~~~
     │
     └─ test/rsolv_web/controllers/blog_controller_test.exs:235:63: RsolvWeb.BlogControllerTest."test MDEx markdown processing removes duplicate H1 titles from markdown"/1

     warning: variable "conn" is unused (if the variable is not meant to be used, prefix it with an underscore)
     │
 251 │     test "renders lists properly", %{conn: conn} do
     │                                            ~~~~
     │
     └─ test/rsolv_web/controllers/blog_controller_test.exs:251:44: RsolvWeb.BlogControllerTest."test MDEx markdown processing renders lists properly"/1

     warning: variable "conn" is unused (if the variable is not meant to be used, prefix it with an underscore)
     │
 269 │     test "MDEx extensions are enabled", %{conn: conn} do
     │                                                 ~~~~
     │
     └─ test/rsolv_web/controllers/blog_controller_test.exs:269:49: RsolvWeb.BlogControllerTest."test MDEx markdown processing MDEx extensions are enabled"/1

    warning: unused alias PortSupervisor
    │
  4 │   alias Rsolv.AST.{PortSupervisor, ParserRegistry, SessionManager}
    │   ~
    │
    └─ test/rsolv/ast/multi_language_parsing_test.exs:4:3

...............13:17:01.707 request_id=GGBS6nqdUV0BJsYAAB6P [info] GET /api/v1/patterns
................13:17:01.719 request_id=GGBS6nCefaxTcVgAABwP [debug] Processing with RsolvWeb.PageController.submit_early_access/2
  Parameters: %{"email" => "user@example.com"}
  Pipelines: [:browser]
13:17:01.719 request_id=GGBS6kMdkYGKQhwAAG0H [debug] Processing with RsolvWeb.Api.V1.VulnerabilityValidationRouter.validate/2
  Parameters: %{"files" => %{"app/utils/safe.js" => "const safeCalculate = (expression) => {\n  // Don't use eval() - it's dangerous\n  // Instead use a safe math parser\n  return mathParser.evaluate(expression);\n};\n"}, "vulnerabilities" => [%{"code" => "// Don't use eval() - it's dangerous", "filePath" => "app/utils/safe.js", "id" => "vuln-456", "line" => 2, "patternId" => "js-eval-injection", "severity" => "critical"}]}
  Pipelines: [:api]
     warning: variable "pattern" is unused (if the variable is not meant to be used, prefix it with an underscore)
     │
 155 │       pattern = MissingCsrfProtection.pattern()
     │       ~~~~~~~
     │
     └─ test/rsolv/security/patterns/javascript/missing_csrf_protection_test.exs:155:7: Rsolv.Security.Patterns.Javascript.MissingCsrfProtectionTest."test safe code validation does not match when app-wide CSRF is configured"/1

     warning: variable "safe_code" is unused (if the variable is not meant to be used, prefix it with an underscore)
     │
 157 │       safe_code = ~S"""
     │       ~~~~~~~~~
     │
     └─ test/rsolv/security/patterns/javascript/missing_csrf_protection_test.exs:157:7: Rsolv.Security.Patterns.Javascript.MissingCsrfProtectionTest."test safe code validation does not match when app-wide CSRF is configured"/1

     warning: default values for the optional arguments in build_pattern/1 are never used
     │
 331 │   defp build_pattern(overrides \\ []) do
     │        ~
     │
     └─ test/rsolv/security/enhanced_pattern_format_test.exs:331:8: Rsolv.Security.EnhancedPatternFormatTest (module)

     warning: variable "findings" is unused (if the variable is not meant to be used, prefix it with an underscore)
     │
 244 │       {:ok, findings, metrics} = AnalysisService.analyze_file_with_metrics(file, %{})
     │             ~~~~~~~~
     │
     └─ test/rsolv/ast/analysis_service_test.exs:244:13: Rsolv.AST.AnalysisServiceTest."test performance tracks parsing performance metrics"/1

    warning: unused alias Pattern
    │
  5 │   alias Rsolv.Security.Pattern
    │   ~
    │
    └─ test/rsolv/security/patterns/django/cve_2021_33203_test.exs:5:3

...........................13:17:01.762 [debug] Parser response received
..............................13:17:01.782 [debug] Parser response received
.13:17:01.788 [debug] Telemetry event: [:fun_with_flags, :persistence, :write], metadata: %{flag_name: :core_features, gate: %FunWithFlags.Gate{type: :boolean, for: nil, enabled: true}}, measurements: %{system_time: 1756495021787926208}
13:17:01.789 [debug] QUERY OK source="fun_with_flags_toggles" db=0.5ms
INSERT INTO "fun_with_flags_toggles" AS f0 ("enabled","target","flag_name","gate_type") VALUES ($1,$2,$3,$4) ON CONFLICT ("flag_name","gate_type","target") DO UPDATE SET "enabled" = $5 RETURNING "id" [true, "_fwf_none", "interactive_roi_calculator", "boolean", true]
13:17:01.789 [debug] QUERY OK source="fun_with_flags_toggles" db=0.2ms
SELECT f0."id", f0."flag_name", f0."gate_type", f0."target", f0."enabled" FROM "fun_with_flags_toggles" AS f0 WHERE (f0."flag_name" = $1) ["interactive_roi_calculator"]
13:17:01.789 [debug] Telemetry event: [:fun_with_flags, :persistence, :write], metadata: %{flag_name: :interactive_roi_calculator, gate: %FunWithFlags.Gate{type: :boolean, for: nil, enabled: true}}, measurements: %{system_time: 1756495021789430504}
13:17:01.789 [debug] QUERY OK source="fun_with_flags_toggles" db=0.1ms
INSERT INTO "fun_with_flags_toggles" AS f0 ("enabled","target","flag_name","gate_type") VALUES ($1,$2,$3,$4) ON CONFLICT ("flag_name","gate_type","target") DO UPDATE SET "enabled" = $5 RETURNING "id" [true, "_fwf_none", "team_size_field", "boolean", true]
13:17:01.790 [debug] QUERY OK source="fun_with_flags_toggles" db=0.2ms queue=0.1ms
SELECT f0."id", f0."flag_name", f0."gate_type", f0."target", f0."enabled" FROM "fun_with_flags_toggles" AS f0 WHERE (f0."flag_name" = $1) ["team_size_field"]
13:17:01.790 [debug] Telemetry event: [:fun_with_flags, :persistence, :write], metadata: %{flag_name: :team_size_field, gate: %FunWithFlags.Gate{type: :boolean, for: nil, enabled: true}}, measurements: %{system_time: 1756495021790464607}
13:17:01.790 [debug] QUERY OK source="fun_with_flags_toggles" db=0.1ms
INSERT INTO "fun_with_flags_toggles" AS f0 ("enabled","target","flag_name","gate_type") VALUES ($1,$2,$3,$4) ON CONFLICT ("flag_name","gate_type","target") DO UPDATE SET "enabled" = $5 RETURNING "id" [true, "_fwf_none", "feedback_form", "boolean", true]
13:17:01.791 [debug] QUERY OK source="fun_with_flags_toggles" db=0.1ms
SELECT f0."id", f0."flag_name", f0."gate_type", f0."target", f0."enabled" FROM "fun_with_flags_toggles" AS f0 WHERE (f0."flag_name" = $1) ["feedback_form"]
13:17:01.791 [debug] Telemetry event: [:fun_with_flags, :persistence, :write], metadata: %{flag_name: :feedback_form, gate: %FunWithFlags.Gate{type: :boolean, for: nil, enabled: true}}, measurements: %{system_time: 1756495021791115132}
.13:17:01.792 [debug] QUERY OK source="fun_with_flags_toggles" db=0.4ms queue=0.4ms
INSERT INTO "fun_with_flags_toggles" AS f0 ("enabled","target","flag_name","gate_type") VALUES ($1,$2,$3,$4) ON CONFLICT ("flag_name","gate_type","target") DO UPDATE SET "enabled" = $5 RETURNING "id" [true, "_fwf_none", "core_features", "boolean", true]
13:17:01.793 [debug] QUERY OK source="fun_with_flags_toggles" db=0.7ms queue=0.1ms
SELECT f0."id", f0."flag_name", f0."gate_type", f0."target", f0."enabled" FROM "fun_with_flags_toggles" AS f0 WHERE (f0."flag_name" = $1) ["core_features"]
13:17:01.793 [debug] Telemetry event: [:fun_with_flags, :persistence, :write], metadata: %{flag_name: :core_features, gate: %FunWithFlags.Gate{type: :boolean, for: nil, enabled: true}}, measurements: %{system_time: 1756495021793527605}
13:17:01.793 [debug] QUERY OK source="fun_with_flags_toggles" db=0.1ms
INSERT INTO "fun_with_flags_toggles" AS f0 ("enabled","target","flag_name","gate_type") VALUES ($1,$2,$3,$4) ON CONFLICT ("flag_name","gate_type","target") DO UPDATE SET "enabled" = $5 RETURNING "id" [true, "_fwf_none", "interactive_roi_calculator", "boolean", true]
13:17:01.794 [debug] QUERY OK source="fun_with_flags_toggles" db=0.1ms
SELECT f0."id", f0."flag_name", f0."gate_type", f0."target", f0."enabled" FROM "fun_with_flags_toggles" AS f0 WHERE (f0."flag_name" = $1) ["interactive_roi_calculator"]
13:17:01.794 [debug] Telemetry event: [:fun_with_flags, :persistence, :write], metadata: %{flag_name: :interactive_roi_calculator, gate: %FunWithFlags.Gate{type: :boolean, for: nil, enabled: true}}, measurements: %{system_time: 1756495021794086948}
13:17:01.794 [debug] QUERY OK source="fun_with_flags_toggles" db=0.1ms
INSERT INTO "fun_with_flags_toggles" AS f0 ("enabled","target","flag_name","gate_type") VALUES ($1,$2,$3,$4) ON CONFLICT ("flag_name","gate_type","target") DO UPDATE SET "enabled" = $5 RETURNING "id" [true, "_fwf_none", "team_size_field", "boolean", true]
13:17:01.794 [debug] QUERY OK source="fun_with_flags_toggles" db=0.4ms
SELECT f0."id", f0."flag_name", f0."gate_type", f0."target", f0."enabled" FROM "fun_with_flags_toggles" AS f0 WHERE (f0."flag_name" = $1) ["team_size_field"]
13:17:01.795 [debug] Telemetry event: [:fun_with_flags, :persistence, :write], metadata: %{flag_name: :team_size_field, gate: %FunWithFlags.Gate{type: :boolean, for: nil, enabled: true}}, measurements: %{system_time: 1756495021795013271}
13:17:01.795 [debug] QUERY OK source="fun_with_flags_toggles" db=0.1ms
INSERT INTO "fun_with_flags_toggles" AS f0 ("enabled","target","flag_name","gate_type") VALUES ($1,$2,$3,$4) ON CONFLICT ("flag_name","gate_type","target") DO UPDATE SET "enabled" = $5 RETURNING "id" [true, "_fwf_none", "feedback_form", "boolean", true]
13:17:01.795 [debug] QUERY OK source="fun_with_flags_toggles" db=0.1ms
SELECT f0."id", f0."flag_name", f0."gate_type", f0."target", f0."enabled" FROM "fun_with_flags_toggles" AS f0 WHERE (f0."flag_name" = $1) ["feedback_form"]
13:17:01.795 [debug] Telemetry event: [:fun_with_flags, :persistence, :write], metadata: %{flag_name: :feedback_form, gate: %FunWithFlags.Gate{type: :boolean, for: nil, enabled: true}}, measurements: %{system_time: 1756495021795624427}
.13:17:01.796 [debug] QUERY OK source="fun_with_flags_toggles" db=0.3ms queue=0.2ms
INSERT INTO "fun_with_flags_toggles" AS f0 ("enabled","target","flag_name","gate_type") VALUES ($1,$2,$3,$4) ON CONFLICT ("flag_name","gate_type","target") DO UPDATE SET "enabled" = $5 RETURNING "id" [true, "_fwf_none", "core_features", "boolean", true]
13:17:01.796 [debug] QUERY OK source="fun_with_flags_toggles" db=0.2ms
SELECT f0."id", f0."flag_name", f0."gate_type", f0."target", f0."enabled" FROM "fun_with_flags_toggles" AS f0 WHERE (f0."flag_name" = $1) ["core_features"]
13:17:01.796 [debug] Telemetry event: [:fun_with_flags, :persistence, :write], metadata: %{flag_name: :core_features, gate: %FunWithFlags.Gate{type: :boolean, for: nil, enabled: true}}, measurements: %{system_time: 1756495021796909053}
13:17:01.797 [debug] QUERY OK source="fun_with_flags_toggles" db=0.1ms
INSERT INTO "fun_with_flags_toggles" AS f0 ("enabled","target","flag_name","gate_type") VALUES ($1,$2,$3,$4) ON CONFLICT ("flag_name","gate_type","target") DO UPDATE SET "enabled" = $5 RETURNING "id" [true, "_fwf_none", "interactive_roi_calculator", "boolean", true]
13:17:01.797 [debug] QUERY OK source="fun_with_flags_toggles" db=0.0ms
SELECT f0."id", f0."flag_name", f0."gate_type", f0."target", f0."enabled" FROM "fun_with_flags_toggles" AS f0 WHERE (f0."flag_name" = $1) ["interactive_roi_calculator"]
13:17:01.797 [debug] Telemetry event: [:fun_with_flags, :persistence, :write], metadata: %{flag_name: :interactive_roi_calculator, gate: %FunWithFlags.Gate{type: :boolean, for: nil, enabled: true}}, measurements: %{system_time: 1756495021797255492}
13:17:01.797 [debug] QUERY OK source="fun_with_flags_toggles" db=0.0ms
INSERT INTO "fun_with_flags_toggles" AS f0 ("enabled","target","flag_name","gate_type") VALUES ($1,$2,$3,$4) ON CONFLICT ("flag_name","gate_type","target") DO UPDATE SET "enabled" = $5 RETURNING "id" [true, "_fwf_none", "team_size_field", "boolean", true]
13:17:01.797 [debug] QUERY OK source="fun_with_flags_toggles" db=0.0ms
SELECT f0."id", f0."flag_name", f0."gate_type", f0."target", f0."enabled" FROM "fun_with_flags_toggles" AS f0 WHERE (f0."flag_name" = $1) ["team_size_field"]
13:17:01.797 [debug] Telemetry event: [:fun_with_flags, :persistence, :write], metadata: %{flag_name: :team_size_field, gate: %FunWithFlags.Gate{type: :boolean, for: nil, enabled: true}}, measurements: %{system_time: 1756495021797554850}
13:17:01.797 [debug] QUERY OK source="fun_with_flags_toggles" db=0.0ms
INSERT INTO "fun_with_flags_toggles" AS f0 ("enabled","target","flag_name","gate_type") VALUES ($1,$2,$3,$4) ON CONFLICT ("flag_name","gate_type","target") DO UPDATE SET "enabled" = $5 RETURNING "id" [true, "_fwf_none", "feedback_form", "boolean", true]
13:17:01.797 [debug] QUERY OK source="fun_with_flags_toggles" db=0.1ms
SELECT f0."id", f0."flag_name", f0."gate_type", f0."target", f0."enabled" FROM "fun_with_flags_toggles" AS f0 WHERE (f0."flag_name" = $1) ["feedback_form"]
13:17:01.797 [debug] Telemetry event: [:fun_with_flags, :persistence, :write], metadata: %{flag_name: :feedback_form, gate: %FunWithFlags.Gate{type: :boolean, for: nil, enabled: true}}, measurements: %{system_time: 1756495021797932395}
13:17:01.798 [debug] QUERY OK source="fun_with_flags_toggles" db=0.1ms
INSERT INTO "fun_with_flags_toggles" AS f0 ("enabled","target","flag_name","gate_type") VALUES ($1,$2,$3,$4) ON CONFLICT ("flag_name","gate_type","target") DO UPDATE SET "enabled" = $5 RETURNING "id" [false, "_fwf_none", "admin_dashboard", "boolean", false]
13:17:01.798 [debug] QUERY OK source="fun_with_flags_toggles" db=0.1ms
SELECT f0."id", f0."flag_name", f0."gate_type", f0."target", f0."enabled" FROM "fun_with_flags_toggles" AS f0 WHERE (f0."flag_name" = $1) ["admin_dashboard"]
13:17:01.798 [debug] Telemetry event: [:fun_with_flags, :persistence, :write], metadata: %{flag_name: :admin_dashboard, gate: %FunWithFlags.Gate{type: :boolean, for: nil, enabled: false}}, measurements: %{system_time: 1756495021798514227}
13:17:01.798 request_id=GGBS6nqdUV0BJsYAAB6P [debug] Processing with RsolvWeb.Api.V1.PatternController.index/2
  Parameters: %{"format" => "enhanced", "language" => "php"}
  Pipelines: [:api]
13:17:01.799 [debug] QUERY OK source="fun_with_flags_toggles" db=0.1ms queue=0.3ms
INSERT INTO "fun_with_flags_toggles" AS f0 ("enabled","target","flag_name","gate_type") VALUES ($1,$2,$3,$4) ON CONFLICT ("flag_name","gate_type","target") DO UPDATE SET "enabled" = $5 RETURNING "id" [false, "_fwf_none", "api_access", "boolean", false]
13:17:01.799 [debug] QUERY OK source="fun_with_flags_toggles" db=0.2ms
SELECT f0."id", f0."flag_name", f0."gate_type", f0."target", f0."enabled" FROM "fun_with_flags_toggles" AS f0 WHERE (f0."flag_name" = $1) ["api_access"]
13:17:01.799 [debug] Telemetry event: [:fun_with_flags, :persistence, :write], metadata: %{flag_name: :api_access, gate: %FunWithFlags.Gate{type: :boolean, for: nil, enabled: false}}, measurements: %{system_time: 1756495021799485486}
13:17:01.799 [debug] QUERY OK source="fun_with_flags_toggles" db=0.1ms
INSERT INTO "fun_with_flags_toggles" AS f0 ("enabled","target","flag_name","gate_type") VALUES ($1,$2,$3,$4) ON CONFLICT ("flag_name","gate_type","target") DO UPDATE SET "enabled" = $5 RETURNING "id" [false, "_fwf_none", "advanced_analytics", "boolean", false]
13:17:01.800 [debug] QUERY OK source="fun_with_flags_toggles" db=0.3ms
SELECT f0."id", f0."flag_name", f0."gate_type", f0."target", f0."enabled" FROM "fun_with_flags_toggles" AS f0 WHERE (f0."flag_name" = $1) ["advanced_analytics"]
13:17:01.800 [debug] Telemetry event: [:fun_with_flags, :persistence, :write], metadata: %{flag_name: :advanced_analytics, gate: %FunWithFlags.Gate{type: :boolean, for: nil, enabled: false}}, measurements: %{system_time: 1756495021800276082}
    warning: unused import ExUnit.CaptureLog
    │
  4 │   import ExUnit.CaptureLog
    │   ~
    │
    └─ test/rsolv_web/controllers/blog_controller_test.exs:4:3

13:17:01.814 request_id=GGBS6kMdkYGKQhwAAG0H [debug] QUERY OK source="fun_with_flags_toggles" db=1.1ms
SELECT f0."id", f0."flag_name", f0."gate_type", f0."target", f0."enabled" FROM "fun_with_flags_toggles" AS f0 WHERE (f0."flag_name" = $1) ["false_positive_caching"]
13:17:01.814 request_id=GGBS6kMdkYGKQhwAAG0H [debug] Telemetry event: [:fun_with_flags, :persistence, :read], metadata: %{flag_name: :false_positive_caching, gate: nil}, measurements: %{system_time: 1756495021814601021}
13:17:01.815 request_id=GGBS6kMdkYGKQhwAAG0H [debug] Using standard validation controller (feature flag disabled)
.....................................................13:17:01.851 [debug] QUERY OK source="fun_with_flags_toggles" db=0.3ms
SELECT f0."id", f0."flag_name", f0."gate_type", f0."target", f0."enabled" FROM "fun_with_flags_toggles" AS f0 WHERE (f0."flag_name" = $1) ["admin_dashboard"]
13:17:01.851 [debug] Telemetry event: [:fun_with_flags, :persistence, :read], metadata: %{flag_name: :admin_dashboard, gate: nil}, measurements: %{system_time: 1756495021851220850}
13:17:01.851 [debug] QUERY OK source="fun_with_flags_toggles" db=0.0ms
SELECT f0."id", f0."flag_name", f0."gate_type", f0."target", f0."enabled" FROM "fun_with_flags_toggles" AS f0 WHERE (f0."flag_name" = $1) ["admin_dashboard"]
13:17:01.851 [debug] Telemetry event: [:fun_with_flags, :persistence, :read], metadata: %{flag_name: :admin_dashboard, gate: nil}, measurements: %{system_time: 1756495021851443613}
13:17:01.851 [debug] QUERY OK source="fun_with_flags_toggles" db=0.1ms queue=0.1ms
SELECT f0."id", f0."flag_name", f0."gate_type", f0."target", f0."enabled" FROM "fun_with_flags_toggles" AS f0 WHERE (f0."flag_name" = $1) ["api_access"]
13:17:01.851 [debug] Telemetry event: [:fun_with_flags, :persistence, :read], metadata: %{flag_name: :api_access, gate: nil}, measurements: %{system_time: 1756495021851826295}
13:17:01.851 [debug] QUERY OK source="fun_with_flags_toggles" db=0.0ms
SELECT f0."id", f0."flag_name", f0."gate_type", f0."target", f0."enabled" FROM "fun_with_flags_toggles" AS f0 WHERE (f0."flag_name" = $1) ["advanced_analytics"]
13:17:01.852 [debug] Telemetry event: [:fun_with_flags, :persistence, :read], metadata: %{flag_name: :advanced_analytics, gate: nil}, measurements: %{system_time: 1756495021852008410}
.13:17:01.853 [debug] QUERY OK source="fun_with_flags_toggles" db=0.5ms queue=0.5ms
INSERT INTO "fun_with_flags_toggles" AS f0 ("enabled","target","flag_name","gate_type") VALUES ($1,$2,$3,$4) ON CONFLICT ("flag_name","gate_type","target") DO UPDATE SET "enabled" = $5 RETURNING "id" [true, "_fwf_none", "core_features", "boolean", true]
13:17:01.854 [debug] QUERY OK source="fun_with_flags_toggles" db=0.6ms
SELECT f0."id", f0."flag_name", f0."gate_type", f0."target", f0."enabled" FROM "fun_with_flags_toggles" AS f0 WHERE (f0."flag_name" = $1) ["core_features"]
13:17:01.854 [debug] Telemetry event: [:fun_with_flags, :persistence, :write], metadata: %{flag_name: :core_features, gate: %FunWithFlags.Gate{type: :boolean, for: nil, enabled: true}}, measurements: %{system_time: 1756495021854718421}
13:17:01.855 [debug] QUERY OK source="fun_with_flags_toggles" db=0.1ms
INSERT INTO "fun_with_flags_toggles" AS f0 ("enabled","target","flag_name","gate_type") VALUES ($1,$2,$3,$4) ON CONFLICT ("flag_name","gate_type","target") DO UPDATE SET "enabled" = $5 RETURNING "id" [true, "_fwf_none", "interactive_roi_calculator", "boolean", true]
13:17:01.855 [debug] QUERY OK source="fun_with_flags_toggles" db=0.0ms
SELECT f0."id", f0."flag_name", f0."gate_type", f0."target", f0."enabled" FROM "fun_with_flags_toggles" AS f0 WHERE (f0."flag_name" = $1) ["interactive_roi_calculator"]
13:17:01.855 [debug] Telemetry event: [:fun_with_flags, :persistence, :write], metadata: %{flag_name: :interactive_roi_calculator, gate: %FunWithFlags.Gate{type: :boolean, for: nil, enabled: true}}, measurements: %{system_time: 1756495021855166402}
13:17:01.855 [debug] QUERY OK source="fun_with_flags_toggles" db=0.1ms
INSERT INTO "fun_with_flags_toggles" AS f0 ("enabled","target","flag_name","gate_type") VALUES ($1,$2,$3,$4) ON CONFLICT ("flag_name","gate_type","target") DO UPDATE SET "enabled" = $5 RETURNING "id" [true, "_fwf_none", "team_size_field", "boolean", true]
13:17:01.855 [debug] QUERY OK source="fun_with_flags_toggles" db=0.1ms
SELECT f0."id", f0."flag_name", f0."gate_type", f0."target", f0."enabled" FROM "fun_with_flags_toggles" AS f0 WHERE (f0."flag_name" = $1) ["team_size_field"]
13:17:01.855 [debug] Telemetry event: [:fun_with_flags, :persistence, :write], metadata: %{flag_name: :team_size_field, gate: %FunWithFlags.Gate{type: :boolean, for: nil, enabled: true}}, measurements: %{system_time: 1756495021855520754}
13:17:01.855 [debug] QUERY OK source="fun_with_flags_toggles" db=0.1ms
INSERT INTO "fun_with_flags_toggles" AS f0 ("enabled","target","flag_name","gate_type") VALUES ($1,$2,$3,$4) ON CONFLICT ("flag_name","gate_type","target") DO UPDATE SET "enabled" = $5 RETURNING "id" [true, "_fwf_none", "feedback_form", "boolean", true]
13:17:01.855 [debug] QUERY OK source="fun_with_flags_toggles" db=0.0ms
SELECT f0."id", f0."flag_name", f0."gate_type", f0."target", f0."enabled" FROM "fun_with_flags_toggles" AS f0 WHERE (f0."flag_name" = $1) ["feedback_form"]
13:17:01.855 [debug] Telemetry event: [:fun_with_flags, :persistence, :write], metadata: %{flag_name: :feedback_form, gate: %FunWithFlags.Gate{type: :boolean, for: nil, enabled: true}}, measurements: %{system_time: 1756495021855887599}
.13:17:01.857 [debug] QUERY OK source="fun_with_flags_toggles" db=0.4ms queue=0.4ms
INSERT INTO "fun_with_flags_toggles" AS f0 ("enabled","target","flag_name","gate_type") VALUES ($1,$2,$3,$4) ON CONFLICT ("flag_name","gate_type","target") DO UPDATE SET "enabled" = $5 RETURNING "id" [true, "_fwf_none", "core_features", "boolean", true]
13:17:01.857 [debug] QUERY OK source="fun_with_flags_toggles" db=0.6ms
SELECT f0."id", f0."flag_name", f0."gate_type", f0."target", f0."enabled" FROM "fun_with_flags_toggles" AS f0 WHERE (f0."flag_name" = $1) ["core_features"]
13:17:01.857 [debug] Telemetry event: [:fun_with_flags, :persistence, :write], metadata: %{flag_name: :core_features, gate: %FunWithFlags.Gate{type: :boolean, for: nil, enabled: true}}, measurements: %{system_time: 1756495021857980151}
13:17:01.858 [debug] QUERY OK source="fun_with_flags_toggles" db=0.1ms
INSERT INTO "fun_with_flags_toggles" AS f0 ("enabled","target","flag_name","gate_type") VALUES ($1,$2,$3,$4) ON CONFLICT ("flag_name","gate_type","target") DO UPDATE SET "enabled" = $5 RETURNING "id" [true, "_fwf_none", "interactive_roi_calculator", "boolean", true]
13:17:01.858 [debug] QUERY OK source="fun_with_flags_toggles" db=0.0ms
SELECT f0."id", f0."flag_name", f0."gate_type", f0."target", f0."enabled" FROM "fun_with_flags_toggles" AS f0 WHERE (f0."flag_name" = $1) ["interactive_roi_calculator"]
13:17:01.858 [debug] Telemetry event: [:fun_with_flags, :persistence, :write], metadata: %{flag_name: :interactive_roi_calculator, gate: %FunWithFlags.Gate{type: :boolean, for: nil, enabled: true}}, measurements: %{system_time: 1756495021858365443}
13:17:01.858 [debug] QUERY OK source="fun_with_flags_toggles" db=0.1ms
INSERT INTO "fun_with_flags_toggles" AS f0 ("enabled","target","flag_name","gate_type") VALUES ($1,$2,$3,$4) ON CONFLICT ("flag_name","gate_type","target") DO UPDATE SET "enabled" = $5 RETURNING "id" [true, "_fwf_none", "team_size_field", "boolean", true]
13:17:01.858 [debug] QUERY OK source="fun_with_flags_toggles" db=0.0ms
SELECT f0."id", f0."flag_name", f0."gate_type", f0."target", f0."enabled" FROM "fun_with_flags_toggles" AS f0 WHERE (f0."flag_name" = $1) ["team_size_field"]
13:17:01.858 [debug] Telemetry event: [:fun_with_flags, :persistence, :write], metadata: %{flag_name: :team_size_field, gate: %FunWithFlags.Gate{type: :boolean, for: nil, enabled: true}}, measurements: %{system_time: 1756495021858666447}
13:17:01.858 [debug] QUERY OK source="fun_with_flags_toggles" db=0.1ms
INSERT INTO "fun_with_flags_toggles" AS f0 ("enabled","target","flag_name","gate_type") VALUES ($1,$2,$3,$4) ON CONFLICT ("flag_name","gate_type","target") DO UPDATE SET "enabled" = $5 RETURNING "id" [true, "_fwf_none", "feedback_form", "boolean", true]
13:17:01.858 [debug] QUERY OK source="fun_with_flags_toggles" db=0.0ms
SELECT f0."id", f0."flag_name", f0."gate_type", f0."target", f0."enabled" FROM "fun_with_flags_toggles" AS f0 WHERE (f0."flag_name" = $1) ["feedback_form"]
13:17:01.858 [debug] Telemetry event: [:fun_with_flags, :persistence, :write], metadata: %{flag_name: :feedback_form, gate: %FunWithFlags.Gate{type: :boolean, for: nil, enabled: true}}, measurements: %{system_time: 1756495021858969827}
...............13:17:01.861 [debug] QUERY OK source="fun_with_flags_toggles" db=0.4ms queue=0.5ms
INSERT INTO "fun_with_flags_toggles" AS f0 ("enabled","target","flag_name","gate_type") VALUES ($1,$2,$3,$4) ON CONFLICT ("flag_name","gate_type","target") DO UPDATE SET "enabled" = $5 RETURNING "id" [true, "_fwf_none", "core_features", "boolean", true]
13:17:01.862 [debug] QUERY OK source="fun_with_flags_toggles" db=1.1ms
SELECT f0."id", f0."flag_name", f0."gate_type", f0."target", f0."enabled" FROM "fun_with_flags_toggles" AS f0 WHERE (f0."flag_name" = $1) ["core_features"]
13:17:01.862 [debug] Telemetry event: [:fun_with_flags, :persistence, :write], metadata: %{flag_name: :core_features, gate: %FunWithFlags.Gate{type: :boolean, for: nil, enabled: true}}, measurements: %{system_time: 1756495021862481908}
13:17:01.862 [debug] QUERY OK source="fun_with_flags_toggles" db=0.2ms
INSERT INTO "fun_with_flags_toggles" AS f0 ("enabled","target","flag_name","gate_type") VALUES ($1,$2,$3,$4) ON CONFLICT ("flag_name","gate_type","target") DO UPDATE SET "enabled" = $5 RETURNING "id" [true, "_fwf_none", "interactive_roi_calculator", "boolean", true]
13:17:01.863 [debug] QUERY OK source="fun_with_flags_toggles" db=0.1ms
SELECT f0."id", f0."flag_name", f0."gate_type", f0."target", f0."enabled" FROM "fun_with_flags_toggles" AS f0 WHERE (f0."flag_name" = $1) ["interactive_roi_calculator"]
13:17:01.863 [debug] Telemetry event: [:fun_with_flags, :persistence, :write], metadata: %{flag_name: :interactive_roi_calculator, gate: %FunWithFlags.Gate{type: :boolean, for: nil, enabled: true}}, measurements: %{system_time: 1756495021863173786}
13:17:01.863 [debug] QUERY OK source="fun_with_flags_toggles" db=0.1ms
INSERT INTO "fun_with_flags_toggles" AS f0 ("enabled","target","flag_name","gate_type") VALUES ($1,$2,$3,$4) ON CONFLICT ("flag_name","gate_type","target") DO UPDATE SET "enabled" = $5 RETURNING "id" [true, "_fwf_none", "team_size_field", "boolean", true]
13:17:01.863 [debug] QUERY OK source="fun_with_flags_toggles" db=0.1ms
SELECT f0."id", f0."flag_name", f0."gate_type", f0."target", f0."enabled" FROM "fun_with_flags_toggles" AS f0 WHERE (f0."flag_name" = $1) ["team_size_field"]
13:17:01.863 [debug] Telemetry event: [:fun_with_flags, :persistence, :write], metadata: %{flag_name: :team_size_field, gate: %FunWithFlags.Gate{type: :boolean, for: nil, enabled: true}}, measurements: %{system_time: 1756495021863752974}
13:17:01.864 [debug] QUERY OK source="fun_with_flags_toggles" db=0.2ms
INSERT INTO "fun_with_flags_toggles" AS f0 ("enabled","target","flag_name","gate_type") VALUES ($1,$2,$3,$4) ON CONFLICT ("flag_name","gate_type","target") DO UPDATE SET "enabled" = $5 RETURNING "id" [true, "_fwf_none", "feedback_form", "boolean", true]
13:17:01.864 [debug] QUERY OK source="fun_with_flags_toggles" db=0.1ms
SELECT f0."id", f0."flag_name", f0."gate_type", f0."target", f0."enabled" FROM "fun_with_flags_toggles" AS f0 WHERE (f0."flag_name" = $1) ["feedback_form"]
13:17:01.864 [debug] Telemetry event: [:fun_with_flags, :persistence, :write], metadata: %{flag_name: :feedback_form, gate: %FunWithFlags.Gate{type: :boolean, for: nil, enabled: true}}, measurements: %{system_time: 1756495021864423412}
13:17:01.864 [debug] QUERY OK source="fun_with_flags_toggles" db=0.1ms
SELECT f0."id", f0."flag_name", f0."gate_type", f0."target", f0."enabled" FROM "fun_with_flags_toggles" AS f0 WHERE (f0."flag_name" = $1) ["core_features"]
13:17:01.864 [debug] Telemetry event: [:fun_with_flags, :persistence, :read], metadata: %{flag_name: :core_features, gate: nil}, measurements: %{system_time: 1756495021864702932}
13:17:01.865 [debug] QUERY OK source="fun_with_flags_toggles" db=0.2ms
SELECT f0."id", f0."flag_name", f0."gate_type", f0."target", f0."enabled" FROM "fun_with_flags_toggles" AS f0 WHERE (f0."flag_name" = $1) ["core_features"]
13:17:01.865 [debug] Telemetry event: [:fun_with_flags, :persistence, :read], metadata: %{flag_name: :core_features, gate: nil}, measurements: %{system_time: 1756495021865030960}
13:17:01.865 [debug] QUERY OK source="fun_with_flags_toggles" db=0.0ms
SELECT f0."id", f0."flag_name", f0."gate_type", f0."target", f0."enabled" FROM "fun_with_flags_toggles" AS f0 WHERE (f0."flag_name" = $1) ["core_features"]
13:17:01.865 [debug] Telemetry event: [:fun_with_flags, :persistence, :read], metadata: %{flag_name: :core_features, gate: nil}, measurements: %{system_time: 1756495021865218913}
13:17:01.865 [debug] QUERY OK source="fun_with_flags_toggles" db=0.3ms
SELECT f0."id", f0."flag_name", f0."gate_type", f0."target", f0."enabled" FROM "fun_with_flags_toggles" AS f0 WHERE (f0."flag_name" = $1) ["core_features"]
13:17:01.865 [debug] Telemetry event: [:fun_with_flags, :persistence, :read], metadata: %{flag_name: :core_features, gate: nil}, measurements: %{system_time: 1756495021865706702}
13:17:01.865 [debug] QUERY OK source="fun_with_flags_toggles" db=0.1ms
SELECT f0."id", f0."flag_name", f0."gate_type", f0."target", f0."enabled" FROM "fun_with_flags_toggles" AS f0 WHERE (f0."flag_name" = $1) ["core_features"]
13:17:01.866 [debug] Telemetry event: [:fun_with_flags, :persistence, :read], metadata: %{flag_name: :core_features, gate: nil}, measurements: %{system_time: 1756495021866005435}
.13:17:01.866 [debug] QUERY OK source="fun_with_flags_toggles" db=0.2ms
INSERT INTO "fun_with_flags_toggles" AS f0 ("enabled","target","flag_name","gate_type") VALUES ($1,$2,$3,$4) ON CONFLICT ("flag_name","gate_type","target") DO UPDATE SET "enabled" = $5 RETURNING "id" [true, "_fwf_none", "core_features", "boolean", true]
13:17:01.867 [debug] QUERY OK source="fun_with_flags_toggles" db=0.5ms
SELECT f0."id", f0."flag_name", f0."gate_type", f0."target", f0."enabled" FROM "fun_with_flags_toggles" AS f0 WHERE (f0."flag_name" = $1) ["core_features"]
13:17:01.867 [debug] Telemetry event: [:fun_with_flags, :persistence, :write], metadata: %{flag_name: :core_features, gate: %FunWithFlags.Gate{type: :boolean, for: nil, enabled: true}}, measurements: %{system_time: 1756495021867551869}
13:17:01.867 [debug] QUERY OK source="fun_with_flags_toggles" db=0.1ms
INSERT INTO "fun_with_flags_toggles" AS f0 ("enabled","target","flag_name","gate_type") VALUES ($1,$2,$3,$4) ON CONFLICT ("flag_name","gate_type","target") DO UPDATE SET "enabled" = $5 RETURNING "id" [true, "_fwf_none", "interactive_roi_calculator", "boolean", true]
13:17:01.868 [debug] QUERY OK source="fun_with_flags_toggles" db=0.1ms
SELECT f0."id", f0."flag_name", f0."gate_type", f0."target", f0."enabled" FROM "fun_with_flags_toggles" AS f0 WHERE (f0."flag_name" = $1) ["interactive_roi_calculator"]
13:17:01.868 [debug] Telemetry event: [:fun_with_flags, :persistence, :write], metadata: %{flag_name: :interactive_roi_calculator, gate: %FunWithFlags.Gate{type: :boolean, for: nil, enabled: true}}, measurements: %{system_time: 1756495021868169818}
13:17:01.868 [debug] QUERY OK source="fun_with_flags_toggles" db=0.1ms
INSERT INTO "fun_with_flags_toggles" AS f0 ("enabled","target","flag_name","gate_type") VALUES ($1,$2,$3,$4) ON CONFLICT ("flag_name","gate_type","target") DO UPDATE SET "enabled" = $5 RETURNING "id" [true, "_fwf_none", "team_size_field", "boolean", true]
13:17:01.868 [debug] QUERY OK source="fun_with_flags_toggles" db=0.0ms
SELECT f0."id", f0."flag_name", f0."gate_type", f0."target", f0."enabled" FROM "fun_with_flags_toggles" AS f0 WHERE (f0."flag_name" = $1) ["team_size_field"]
13:17:01.868 [debug] Telemetry event: [:fun_with_flags, :persistence, :write], metadata: %{flag_name: :team_size_field, gate: %FunWithFlags.Gate{type: :boolean, for: nil, enabled: true}}, measurements: %{system_time: 1756495021868525936}
13:17:01.868 [debug] QUERY OK source="fun_with_flags_toggles" db=0.0ms
INSERT INTO "fun_with_flags_toggles" AS f0 ("enabled","target","flag_name","gate_type") VALUES ($1,$2,$3,$4) ON CONFLICT ("flag_name","gate_type","target") DO UPDATE SET "enabled" = $5 RETURNING "id" [true, "_fwf_none", "feedback_form", "boolean", true]
13:17:01.868 [debug] QUERY OK source="fun_with_flags_toggles" db=0.0ms
SELECT f0."id", f0."flag_name", f0."gate_type", f0."target", f0."enabled" FROM "fun_with_flags_toggles" AS f0 WHERE (f0."flag_name" = $1) ["feedback_form"]
13:17:01.868 [debug] Telemetry event: [:fun_with_flags, :persistence, :write], metadata: %{flag_name: :feedback_form, gate: %FunWithFlags.Gate{type: :boolean, for: nil, enabled: true}}, measurements: %{system_time: 1756495021868795261}
13:17:01.869 [debug] QUERY OK source="fun_with_flags_toggles" db=0.1ms
INSERT INTO "fun_with_flags_toggles" AS f0 ("enabled","target","flag_name","gate_type") VALUES ($1,$2,$3,$4) ON CONFLICT ("flag_name","gate_type","target") DO UPDATE SET "enabled" = $5 RETURNING "id" [false, "_fwf_none", "admin_dashboard", "boolean", false]
13:17:01.869 [debug] QUERY OK source="fun_with_flags_toggles" db=0.1ms
SELECT f0."id", f0."flag_name", f0."gate_type", f0."target", f0."enabled" FROM "fun_with_flags_toggles" AS f0 WHERE (f0."flag_name" = $1) ["admin_dashboard"]
13:17:01.869 [debug] Telemetry event: [:fun_with_flags, :persistence, :write], metadata: %{flag_name: :admin_dashboard, gate: %FunWithFlags.Gate{type: :boolean, for: nil, enabled: false}}, measurements: %{system_time: 1756495021869361532}
13:17:01.870 [debug] QUERY OK source="fun_with_flags_toggles" db=0.6ms
INSERT INTO "fun_with_flags_toggles" AS f0 ("enabled","target","flag_name","gate_type") VALUES ($1,$2,$3,$4) ON CONFLICT ("flag_name","gate_type","target") DO UPDATE SET "enabled" = $5 RETURNING "id" [false, "_fwf_none", "api_access", "boolean", false]
13:17:01.870 [debug] QUERY OK source="fun_with_flags_toggles" db=0.1ms
SELECT f0."id", f0."flag_name", f0."gate_type", f0."target", f0."enabled" FROM "fun_with_flags_toggles" AS f0 WHERE (f0."flag_name" = $1) ["api_access"]
13:17:01.870 [debug] Telemetry event: [:fun_with_flags, :persistence, :write], metadata: %{flag_name: :api_access, gate: %FunWithFlags.Gate{type: :boolean, for: nil, enabled: false}}, measurements: %{system_time: 1756495021870358958}
13:17:01.870 [debug] QUERY OK source="fun_with_flags_toggles" db=0.2ms
INSERT INTO "fun_with_flags_toggles" AS f0 ("enabled","target","flag_name","gate_type") VALUES ($1,$2,$3,$4) ON CONFLICT ("flag_name","gate_type","target") DO UPDATE SET "enabled" = $5 RETURNING "id" [false, "_fwf_none", "advanced_analytics", "boolean", false]
13:17:01.870 [debug] QUERY OK source="fun_with_flags_toggles" db=0.1ms
SELECT f0."id", f0."flag_name", f0."gate_type", f0."target", f0."enabled" FROM "fun_with_flags_toggles" AS f0 WHERE (f0."flag_name" = $1) ["advanced_analytics"]
13:17:01.871 [debug] Telemetry event: [:fun_with_flags, :persistence, :write], metadata: %{flag_name: :advanced_analytics, gate: %FunWithFlags.Gate{type: :boolean, for: nil, enabled: false}}, measurements: %{system_time: 1756495021871016698}
13:17:01.874 [debug] Parser response received
.......................    warning: unused alias ParserRegistry
    │
  6 │   alias Rsolv.AST.ParserRegistry
    │   ~
    │
    └─ test/rsolv/ast/analysis_service_test.exs:6:3

    warning: variable "conn" is unused (if the variable is not meant to be used, prefix it with an underscore)
    │
  9 │     test "renders with dark mode classes using helpers", %{conn: conn} do
    │                                                                  ~~~~
    │
    └─ test/rsolv_web/components/feedback_component_test.exs:9:66: RsolvWeb.FeedbackComponentTest."test feedback_form component renders with dark mode classes using helpers"/1

........13:17:01.897 request_id=GGBS6nqdUV0BJsYAAB6P [info] Pattern API called with params: %{"format" => "enhanced", "language" => "php"}
13:17:01.897 request_id=GGBS6nqdUV0BJsYAAB6P [info] Language: php, Format: enhanced
13:17:01.897 request_id=GGBS6nqdUV0BJsYAAB6P [info] API key status: :none
13:17:01.897 request_id=GGBS6nqdUV0BJsYAAB6P [info] Getting demo patterns for php
    warning: variable "conn" is unused (if the variable is not meant to be used, prefix it with an underscore)
    │
  8 │     test "includes AST enhancement fields", %{conn: conn} do
    │                                                     ~~~~
    │
    └─ test/rsolv_web/controllers/pattern_controller_enhanced_test.exs:8:53: RsolvWeb.Api.V1.PatternControllerEnhancedTest."test enhanced format includes AST enhancement fields"/1

................................................13:17:01.922 [debug] QUERY OK source="fun_with_flags_toggles" db=0.2ms queue=0.2ms
SELECT f0."id", f0."flag_name", f0."gate_type", f0."target", f0."enabled" FROM "fun_with_flags_toggles" AS f0 WHERE (f0."flag_name" = $1) ["core_features"]
13:17:01.922 [debug] Telemetry event: [:fun_with_flags, :persistence, :read], metadata: %{flag_name: :core_features, gate: nil}, measurements: %{system_time: 1756495021922264690}
13:17:01.922 [debug] QUERY OK source="fun_with_flags_toggles" db=0.1ms
SELECT f0."id", f0."flag_name", f0."gate_type", f0."target", f0."enabled" FROM "fun_with_flags_toggles" AS f0 WHERE (f0."flag_name" = $1) ["interactive_roi_calculator"]
13:17:01.922 [debug] Telemetry event: [:fun_with_flags, :persistence, :read], metadata: %{flag_name: :interactive_roi_calculator, gate: nil}, measurements: %{system_time: 1756495021922459312}
13:17:01.922 [debug] QUERY OK source="fun_with_flags_toggles" db=0.0ms
SELECT f0."id", f0."flag_name", f0."gate_type", f0."target", f0."enabled" FROM "fun_with_flags_toggles" AS f0 WHERE (f0."flag_name" = $1) ["team_size_field"]
13:17:01.922 [debug] Telemetry event: [:fun_with_flags, :persistence, :read], metadata: %{flag_name: :team_size_field, gate: nil}, measurements: %{system_time: 1756495021922595076}
13:17:01.922 [debug] QUERY OK source="fun_with_flags_toggles" db=0.1ms
SELECT f0."id", f0."flag_name", f0."gate_type", f0."target", f0."enabled" FROM "fun_with_flags_toggles" AS f0 WHERE (f0."flag_name" = $1) ["feedback_form"]
13:17:01.922 [debug] Telemetry event: [:fun_with_flags, :persistence, :read], metadata: %{flag_name: :feedback_form, gate: nil}, measurements: %{system_time: 1756495021922769489}
.13:17:01.923 [debug] QUERY OK source="fun_with_flags_toggles" db=0.2ms
INSERT INTO "fun_with_flags_toggles" AS f0 ("enabled","target","flag_name","gate_type") VALUES ($1,$2,$3,$4) ON CONFLICT ("flag_name","gate_type","target") DO UPDATE SET "enabled" = $5 RETURNING "id" [true, "_fwf_none", "core_features", "boolean", true]
13:17:01.924 [debug] QUERY OK source="fun_with_flags_toggles" db=0.8ms
SELECT f0."id", f0."flag_name", f0."gate_type", f0."target", f0."enabled" FROM "fun_with_flags_toggles" AS f0 WHERE (f0."flag_name" = $1) ["core_features"]
13:17:01.924 [debug] Telemetry event: [:fun_with_flags, :persistence, :write], metadata: %{flag_name: :core_features, gate: %FunWithFlags.Gate{type: :boolean, for: nil, enabled: true}}, measurements: %{system_time: 1756495021924382594}
13:17:01.924 [debug] QUERY OK source="fun_with_flags_toggles" db=0.2ms
INSERT INTO "fun_with_flags_toggles" AS f0 ("enabled","target","flag_name","gate_type") VALUES ($1,$2,$3,$4) ON CONFLICT ("flag_name","gate_type","target") DO UPDATE SET "enabled" = $5 RETURNING "id" [true, "_fwf_none", "interactive_roi_calculator", "boolean", true]
13:17:01.924 [debug] QUERY OK source="fun_with_flags_toggles" db=0.1ms
SELECT f0."id", f0."flag_name", f0."gate_type", f0."target", f0."enabled" FROM "fun_with_flags_toggles" AS f0 WHERE (f0."flag_name" = $1) ["interactive_roi_calculator"]
13:17:01.924 [debug] Telemetry event: [:fun_with_flags, :persistence, :write], metadata: %{flag_name: :interactive_roi_calculator, gate: %FunWithFlags.Gate{type: :boolean, for: nil, enabled: true}}, measurements: %{system_time: 1756495021924966164}
13:17:01.925 [debug] QUERY OK source="fun_with_flags_toggles" db=0.1ms
INSERT INTO "fun_with_flags_toggles" AS f0 ("enabled","target","flag_name","gate_type") VALUES ($1,$2,$3,$4) ON CONFLICT ("flag_name","gate_type","target") DO UPDATE SET "enabled" = $5 RETURNING "id" [true, "_fwf_none", "team_size_field", "boolean", true]
13:17:01.925 [debug] QUERY OK source="fun_with_flags_toggles" db=0.0ms
SELECT f0."id", f0."flag_name", f0."gate_type", f0."target", f0."enabled" FROM "fun_with_flags_toggles" AS f0 WHERE (f0."flag_name" = $1) ["team_size_field"]
13:17:01.925 [debug] Telemetry event: [:fun_with_flags, :persistence, :write], metadata: %{flag_name: :team_size_field, gate: %FunWithFlags.Gate{type: :boolean, for: nil, enabled: true}}, measurements: %{system_time: 1756495021925236273}
13:17:01.925 [debug] QUERY OK source="fun_with_flags_toggles" db=0.0ms
INSERT INTO "fun_with_flags_toggles" AS f0 ("enabled","target","flag_name","gate_type") VALUES ($1,$2,$3,$4) ON CONFLICT ("flag_name","gate_type","target") DO UPDATE SET "enabled" = $5 RETURNING "id" [true, "_fwf_none", "feedback_form", "boolean", true]
13:17:01.925 [debug] QUERY OK source="fun_with_flags_toggles" db=0.0ms
SELECT f0."id", f0."flag_name", f0."gate_type", f0."target", f0."enabled" FROM "fun_with_flags_toggles" AS f0 WHERE (f0."flag_name" = $1) ["feedback_form"]
13:17:01.925 [debug] Telemetry event: [:fun_with_flags, :persistence, :write], metadata: %{flag_name: :feedback_form, gate: %FunWithFlags.Gate{type: :boolean, for: nil, enabled: true}}, measurements: %{system_time: 1756495021925442881}
13:17:01.925 [debug] QUERY OK source="fun_with_flags_toggles" db=0.0ms
SELECT f0."id", f0."flag_name", f0."gate_type", f0."target", f0."enabled" FROM "fun_with_flags_toggles" AS f0 WHERE (f0."flag_name" = $1) ["api_access"]
13:17:01.925 [debug] Telemetry event: [:fun_with_flags, :persistence, :read], metadata: %{flag_name: :api_access, gate: nil}, measurements: %{system_time: 1756495021925588553}
13:17:01.925 [debug] QUERY OK source="fun_with_flags_toggles" db=0.0ms
SELECT f0."id", f0."flag_name", f0."gate_type", f0."target", f0."enabled" FROM "fun_with_flags_toggles" AS f0 WHERE (f0."flag_name" = $1) ["api_access"]
13:17:01.925 [debug] Telemetry event: [:fun_with_flags, :persistence, :read], metadata: %{flag_name: :api_access, gate: nil}, measurements: %{system_time: 1756495021925702175}
.13:17:01.926 [debug] QUERY OK source="fun_with_flags_toggles" db=0.3ms
INSERT INTO "fun_with_flags_toggles" AS f0 ("enabled","target","flag_name","gate_type") VALUES ($1,$2,$3,$4) ON CONFLICT ("flag_name","gate_type","target") DO UPDATE SET "enabled" = $5 RETURNING "id" [true, "_fwf_none", "core_features", "boolean", true]
13:17:01.926 [debug] QUERY OK source="fun_with_flags_toggles" db=0.0ms
SELECT f0."id", f0."flag_name", f0."gate_type", f0."target", f0."enabled" FROM "fun_with_flags_toggles" AS f0 WHERE (f0."flag_name" = $1) ["core_features"]
13:17:01.926 [debug] Telemetry event: [:fun_with_flags, :persistence, :write], metadata: %{flag_name: :core_features, gate: %FunWithFlags.Gate{type: :boolean, for: nil, enabled: true}}, measurements: %{system_time: 1756495021926483784}
13:17:01.926 [debug] QUERY OK source="fun_with_flags_toggles" db=0.2ms
INSERT INTO "fun_with_flags_toggles" AS f0 ("enabled","target","flag_name","gate_type") VALUES ($1,$2,$3,$4) ON CONFLICT ("flag_name","gate_type","target") DO UPDATE SET "enabled" = $5 RETURNING "id" [true, "_fwf_none", "interactive_roi_calculator", "boolean", true]
13:17:01.926 [debug] QUERY OK source="fun_with_flags_toggles" db=0.0ms
SELECT f0."id", f0."flag_name", f0."gate_type", f0."target", f0."enabled" FROM "fun_with_flags_toggles" AS f0 WHERE (f0."flag_name" = $1) ["interactive_roi_calculator"]
13:17:01.926 [debug] Telemetry event: [:fun_with_flags, :persistence, :write], metadata: %{flag_name: :interactive_roi_calculator, gate: %FunWithFlags.Gate{type: :boolean, for: nil, enabled: true}}, measurements: %{system_time: 1756495021926927235}
13:17:01.927 [debug] QUERY OK source="fun_with_flags_toggles" db=0.0ms
INSERT INTO "fun_with_flags_toggles" AS f0 ("enabled","target","flag_name","gate_type") VALUES ($1,$2,$3,$4) ON CONFLICT ("flag_name","gate_type","target") DO UPDATE SET "enabled" = $5 RETURNING "id" [true, "_fwf_none", "team_size_field", "boolean", true]
13:17:01.927 [debug] QUERY OK source="fun_with_flags_toggles" db=0.0ms
SELECT f0."id", f0."flag_name", f0."gate_type", f0."target", f0."enabled" FROM "fun_with_flags_toggles" AS f0 WHERE (f0."flag_name" = $1) ["team_size_field"]
13:17:01.927 [debug] Telemetry event: [:fun_with_flags, :persistence, :write], metadata: %{flag_name: :team_size_field, gate: %FunWithFlags.Gate{type: :boolean, for: nil, enabled: true}}, measurements: %{system_time: 1756495021927139417}
13:17:01.927 [debug] QUERY OK source="fun_with_flags_toggles" db=0.2ms
INSERT INTO "fun_with_flags_toggles" AS f0 ("enabled","target","flag_name","gate_type") VALUES ($1,$2,$3,$4) ON CONFLICT ("flag_name","gate_type","target") DO UPDATE SET "enabled" = $5 RETURNING "id" [true, "_fwf_none", "feedback_form", "boolean", true]
13:17:01.927 [debug] QUERY OK source="fun_with_flags_toggles" db=0.0ms
SELECT f0."id", f0."flag_name", f0."gate_type", f0."target", f0."enabled" FROM "fun_with_flags_toggles" AS f0 WHERE (f0."flag_name" = $1) ["feedback_form"]
13:17:01.927 [debug] Telemetry event: [:fun_with_flags, :persistence, :write], metadata: %{flag_name: :feedback_form, gate: %FunWithFlags.Gate{type: :boolean, for: nil, enabled: true}}, measurements: %{system_time: 1756495021927539853}
13:17:01.927 [debug] QUERY OK source="fun_with_flags_toggles" db=0.0ms
SELECT f0."id", f0."flag_name", f0."gate_type", f0."target", f0."enabled" FROM "fun_with_flags_toggles" AS f0 WHERE (f0."flag_name" = $1) ["admin_dashboard"]
13:17:01.927 [debug] Telemetry event: [:fun_with_flags, :persistence, :read], metadata: %{flag_name: :admin_dashboard, gate: nil}, measurements: %{system_time: 1756495021927636482}
.13:17:01.928 [debug] QUERY OK source="fun_with_flags_toggles" db=0.2ms
INSERT INTO "fun_with_flags_toggles" AS f0 ("enabled","target","flag_name","gate_type") VALUES ($1,$2,$3,$4) ON CONFLICT ("flag_name","gate_type","target") DO UPDATE SET "enabled" = $5 RETURNING "id" [true, "_fwf_none", "core_features", "boolean", true]
13:17:01.928 [debug] QUERY OK source="fun_with_flags_toggles" db=0.1ms
SELECT f0."id", f0."flag_name", f0."gate_type", f0."target", f0."enabled" FROM "fun_with_flags_toggles" AS f0 WHERE (f0."flag_name" = $1) ["core_features"]
13:17:01.928 [debug] Telemetry event: [:fun_with_flags, :persistence, :write], metadata: %{flag_name: :core_features, gate: %FunWithFlags.Gate{type: :boolean, for: nil, enabled: true}}, measurements: %{system_time: 1756495021928631514}
13:17:01.929 [debug] QUERY OK source="fun_with_flags_toggles" db=0.4ms
INSERT INTO "fun_with_flags_toggles" AS f0 ("enabled","target","flag_name","gate_type") VALUES ($1,$2,$3,$4) ON CONFLICT ("flag_name","gate_type","target") DO UPDATE SET "enabled" = $5 RETURNING "id" [true, "_fwf_none", "interactive_roi_calculator", "boolean", true]
13:17:01.929 [debug] QUERY OK source="fun_with_flags_toggles" db=0.2ms
SELECT f0."id", f0."flag_name", f0."gate_type", f0."target", f0."enabled" FROM "fun_with_flags_toggles" AS f0 WHERE (f0."flag_name" = $1) ["interactive_roi_calculator"]
13:17:01.929 [debug] Telemetry event: [:fun_with_flags, :persistence, :write], metadata: %{flag_name: :interactive_roi_calculator, gate: %FunWithFlags.Gate{type: :boolean, for: nil, enabled: true}}, measurements: %{system_time: 1756495021929588210}
13:17:01.930 [debug] QUERY OK source="fun_with_flags_toggles" db=0.2ms
INSERT INTO "fun_with_flags_toggles" AS f0 ("enabled","target","flag_name","gate_type") VALUES ($1,$2,$3,$4) ON CONFLICT ("flag_name","gate_type","target") DO UPDATE SET "enabled" = $5 RETURNING "id" [true, "_fwf_none", "team_size_field", "boolean", true]
13:17:01.930 [debug] QUERY OK source="fun_with_flags_toggles" db=0.2ms
SELECT f0."id", f0."flag_name", f0."gate_type", f0."target", f0."enabled" FROM "fun_with_flags_toggles" AS f0 WHERE (f0."flag_name" = $1) ["team_size_field"]
13:17:01.930 [debug] Telemetry event: [:fun_with_flags, :persistence, :write], metadata: %{flag_name: :team_size_field, gate: %FunWithFlags.Gate{type: :boolean, for: nil, enabled: true}}, measurements: %{system_time: 1756495021930377672}
13:17:01.930 [debug] QUERY OK source="fun_with_flags_toggles" db=0.1ms
INSERT INTO "fun_with_flags_toggles" AS f0 ("enabled","target","flag_name","gate_type") VALUES ($1,$2,$3,$4) ON CONFLICT ("flag_name","gate_type","target") DO UPDATE SET "enabled" = $5 RETURNING "id" [true, "_fwf_none", "feedback_form", "boolean", true]
13:17:01.930 [debug] QUERY OK source="fun_with_flags_toggles" db=0.0ms
SELECT f0."id", f0."flag_name", f0."gate_type", f0."target", f0."enabled" FROM "fun_with_flags_toggles" AS f0 WHERE (f0."flag_name" = $1) ["feedback_form"]
13:17:01.930 [debug] Telemetry event: [:fun_with_flags, :persistence, :write], metadata: %{flag_name: :feedback_form, gate: %FunWithFlags.Gate{type: :boolean, for: nil, enabled: true}}, measurements: %{system_time: 1756495021930927060}
13:17:01.931 [debug] QUERY OK source="fun_with_flags_toggles" db=0.0ms
SELECT f0."id", f0."flag_name", f0."gate_type", f0."target", f0."enabled" FROM "fun_with_flags_toggles" AS f0 WHERE (f0."flag_name" = $1) ["admin_dashboard"]
13:17:01.931 [debug] Telemetry event: [:fun_with_flags, :persistence, :read], metadata: %{flag_name: :admin_dashboard, gate: nil}, measurements: %{system_time: 1756495021931121501}
.13:17:01.932 [debug] QUERY OK source="fun_with_flags_toggles" db=0.4ms
INSERT INTO "fun_with_flags_toggles" AS f0 ("enabled","target","flag_name","gate_type") VALUES ($1,$2,$3,$4) ON CONFLICT ("flag_name","gate_type","target") DO UPDATE SET "enabled" = $5 RETURNING "id" [true, "_fwf_none", "core_features", "boolean", true]
13:17:01.932 [debug] QUERY OK source="fun_with_flags_toggles" db=0.1ms
SELECT f0."id", f0."flag_name", f0."gate_type", f0."target", f0."enabled" FROM "fun_with_flags_toggles" AS f0 WHERE (f0."flag_name" = $1) ["core_features"]
13:17:01.932 [debug] Telemetry event: [:fun_with_flags, :persistence, :write], metadata: %{flag_name: :core_features, gate: %FunWithFlags.Gate{type: :boolean, for: nil, enabled: true}}, measurements: %{system_time: 1756495021932416327}
13:17:01.932 [debug] QUERY OK source="fun_with_flags_toggles" db=0.1ms
INSERT INTO "fun_with_flags_toggles" AS f0 ("enabled","target","flag_name","gate_type") VALUES ($1,$2,$3,$4) ON CONFLICT ("flag_name","gate_type","target") DO UPDATE SET "enabled" = $5 RETURNING "id" [true, "_fwf_none", "interactive_roi_calculator", "boolean", true]
....13:17:01.932 [debug] QUERY OK source="fun_with_flags_toggles" db=0.1ms
SELECT f0."id", f0."flag_name", f0."gate_type", f0."target", f0."enabled" FROM "fun_with_flags_toggles" AS f0 WHERE (f0."flag_name" = $1) ["interactive_roi_calculator"]
.13:17:01.933 [debug] Telemetry event: [:fun_with_flags, :persistence, :write], metadata: %{flag_name: :interactive_roi_calculator, gate: %FunWithFlags.Gate{type: :boolean, for: nil, enabled: true}}, measurements: %{system_time: 1756495021933015433}
...........13:17:01.933 [debug] QUERY OK source="fun_with_flags_toggles" db=0.1ms
INSERT INTO "fun_with_flags_toggles" AS f0 ("enabled","target","flag_name","gate_type") VALUES ($1,$2,$3,$4) ON CONFLICT ("flag_name","gate_type","target") DO UPDATE SET "enabled" = $5 RETURNING "id" [true, "_fwf_none", "team_size_field", "boolean", true]
13:17:01.933 [debug] QUERY OK source="fun_with_flags_toggles" db=0.0ms
SELECT f0."id", f0."flag_name", f0."gate_type", f0."target", f0."enabled" FROM "fun_with_flags_toggles" AS f0 WHERE (f0."flag_name" = $1) ["team_size_field"]
13:17:01.933 [debug] Telemetry event: [:fun_with_flags, :persistence, :write], metadata: %{flag_name: :team_size_field, gate: %FunWithFlags.Gate{type: :boolean, for: nil, enabled: true}}, measurements: %{system_time: 1756495021933461789}
13:17:01.933 [debug] QUERY OK source="fun_with_flags_toggles" db=0.1ms
INSERT INTO "fun_with_flags_toggles" AS f0 ("enabled","target","flag_name","gate_type") VALUES ($1,$2,$3,$4) ON CONFLICT ("flag_name","gate_type","target") DO UPDATE SET "enabled" = $5 RETURNING "id" [true, "_fwf_none", "feedback_form", "boolean", true]
13:17:01.933 [debug] QUERY OK source="fun_with_flags_toggles" db=0.0ms
SELECT f0."id", f0."flag_name", f0."gate_type", f0."target", f0."enabled" FROM "fun_with_flags_toggles" AS f0 WHERE (f0."flag_name" = $1) ["feedback_form"]
13:17:01.933 [debug] Telemetry event: [:fun_with_flags, :persistence, :write], metadata: %{flag_name: :feedback_form, gate: %FunWithFlags.Gate{type: :boolean, for: nil, enabled: true}}, measurements: %{system_time: 1756495021933858221}
.13:17:01.934 [debug] QUERY OK source="fun_with_flags_toggles" db=0.2ms
INSERT INTO "fun_with_flags_toggles" AS f0 ("enabled","target","flag_name","gate_type") VALUES ($1,$2,$3,$4) ON CONFLICT ("flag_name","gate_type","target") DO UPDATE SET "enabled" = $5 RETURNING "id" [true, "_fwf_none", "core_features", "boolean", true]
13:17:01.934 [debug] QUERY OK source="fun_with_flags_toggles" db=0.1ms
SELECT f0."id", f0."flag_name", f0."gate_type", f0."target", f0."enabled" FROM "fun_with_flags_toggles" AS f0 WHERE (f0."flag_name" = $1) ["core_features"]
13:17:01.934 [debug] Telemetry event: [:fun_with_flags, :persistence, :write], metadata: %{flag_name: :core_features, gate: %FunWithFlags.Gate{type: :boolean, for: nil, enabled: true}}, measurements: %{system_time: 1756495021934932134}
13:17:01.935 [debug] QUERY OK source="fun_with_flags_toggles" db=0.1ms
INSERT INTO "fun_with_flags_toggles" AS f0 ("enabled","target","flag_name","gate_type") VALUES ($1,$2,$3,$4) ON CONFLICT ("flag_name","gate_type","target") DO UPDATE SET "enabled" = $5 RETURNING "id" [true, "_fwf_none", "interactive_roi_calculator", "boolean", true]
13:17:01.935 [debug] QUERY OK source="fun_with_flags_toggles" db=0.1ms
SELECT f0."id", f0."flag_name", f0."gate_type", f0."target", f0."enabled" FROM "fun_with_flags_toggles" AS f0 WHERE (f0."flag_name" = $1) ["interactive_roi_calculator"]
13:17:01.935 [debug] Telemetry event: [:fun_with_flags, :persistence, :write], metadata: %{flag_name: :interactive_roi_calculator, gate: %FunWithFlags.Gate{type: :boolean, for: nil, enabled: true}}, measurements: %{system_time: 1756495021935517622}
13:17:01.935 [debug] QUERY OK source="fun_with_flags_toggles" db=0.1ms
INSERT INTO "fun_with_flags_toggles" AS f0 ("enabled","target","flag_name","gate_type") VALUES ($1,$2,$3,$4) ON CONFLICT ("flag_name","gate_type","target") DO UPDATE SET "enabled" = $5 RETURNING "id" [true, "_fwf_none", "team_size_field", "boolean", true]
13:17:01.936 [debug] QUERY OK source="fun_with_flags_toggles" db=0.0ms
SELECT f0."id", f0."flag_name", f0."gate_type", f0."target", f0."enabled" FROM "fun_with_flags_toggles" AS f0 WHERE (f0."flag_name" = $1) ["team_size_field"]
13:17:01.936 [debug] Telemetry event: [:fun_with_flags, :persistence, :write], metadata: %{flag_name: :team_size_field, gate: %FunWithFlags.Gate{type: :boolean, for: nil, enabled: true}}, measurements: %{system_time: 1756495021936196939}
13:17:01.936 [debug] QUERY OK source="fun_with_flags_toggles" db=0.1ms
INSERT INTO "fun_with_flags_toggles" AS f0 ("enabled","target","flag_name","gate_type") VALUES ($1,$2,$3,$4) ON CONFLICT ("flag_name","gate_type","target") DO UPDATE SET "enabled" = $5 RETURNING "id" [true, "_fwf_none", "feedback_form", "boolean", true]
..13:17:01.936 [debug] QUERY OK source="fun_with_flags_toggles" db=0.1ms queue=0.1ms
SELECT f0."id", f0."flag_name", f0."gate_type", f0."target", f0."enabled" FROM "fun_with_flags_toggles" AS f0 WHERE (f0."flag_name" = $1) ["feedback_form"]
.13:17:01.936 [debug] Telemetry event: [:fun_with_flags, :persistence, :write], metadata: %{flag_name: :feedback_form, gate: %FunWithFlags.Gate{type: :boolean, for: nil, enabled: true}}, measurements: %{system_time: 1756495021936909888}
.13:17:01.937 [debug] QUERY OK source="fun_with_flags_toggles" db=0.1ms queue=0.1ms
INSERT INTO "fun_with_flags_toggles" AS f0 ("enabled","target","flag_name","gate_type") VALUES ($1,$2,$3,$4) ON CONFLICT ("flag_name","gate_type","target") DO UPDATE SET "enabled" = $5 RETURNING "id" [false, "_fwf_none", "admin_dashboard", "boolean", false]
13:17:01.937 [debug] QUERY OK source="fun_with_flags_toggles" db=0.1ms queue=0.1ms
SELECT f0."id", f0."flag_name", f0."gate_type", f0."target", f0."enabled" FROM "fun_with_flags_toggles" AS f0 WHERE (f0."flag_name" = $1) ["admin_dashboard"]
.13:17:01.937 [debug] Telemetry event: [:fun_with_flags, :persistence, :write], metadata: %{flag_name: :admin_dashboard, gate: %FunWithFlags.Gate{type: :boolean, for: nil, enabled: false}}, measurements: %{system_time: 1756495021937683418}
...13:17:01.938 [debug] QUERY OK source="fun_with_flags_toggles" db=0.1ms
INSERT INTO "fun_with_flags_toggles" AS f0 ("enabled","target","flag_name","gate_type") VALUES ($1,$2,$3,$4) ON CONFLICT ("flag_name","gate_type","target") DO UPDATE SET "enabled" = $5 RETURNING "id" [false, "_fwf_none", "api_access", "boolean", false]
.....13:17:01.938 [debug] QUERY OK source="fun_with_flags_toggles" db=0.1ms
SELECT f0."id", f0."flag_name", f0."gate_type", f0."target", f0."enabled" FROM "fun_with_flags_toggles" AS f0 WHERE (f0."flag_name" = $1) ["api_access"]
.13:17:01.938 [debug] Telemetry event: [:fun_with_flags, :persistence, :write], metadata: %{flag_name: :api_access, gate: %FunWithFlags.Gate{type: :boolean, for: nil, enabled: false}}, measurements: %{system_time: 1756495021938246063}
......13:17:01.938 [debug] QUERY OK source="fun_with_flags_toggles" db=0.1ms
INSERT INTO "fun_with_flags_toggles" AS f0 ("enabled","target","flag_name","gate_type") VALUES ($1,$2,$3,$4) ON CONFLICT ("flag_name","gate_type","target") DO UPDATE SET "enabled" = $5 RETURNING "id" [false, "_fwf_none", "advanced_analytics", "boolean", false]
..13:17:01.938 [debug] QUERY OK source="fun_with_flags_toggles" db=0.1ms
SELECT f0."id", f0."flag_name", f0."gate_type", f0."target", f0."enabled" FROM "fun_with_flags_toggles" AS f0 WHERE (f0."flag_name" = $1) ["advanced_analytics"]
.13:17:01.938 [debug] Telemetry event: [:fun_with_flags, :persistence, :write], metadata: %{flag_name: :advanced_analytics, gate: %FunWithFlags.Gate{type: :boolean, for: nil, enabled: false}}, measurements: %{system_time: 1756495021938816805}
..........................13:17:01.974 request_id=GGBS6nqdUV0BJsYAAB6P [info] Retrieved 3 patterns
13:17:01.974 request_id=GGBS6nqdUV0BJsYAAB6P [debug] Formatting pattern: "php-sql-injection-concat"
13:17:01.974 request_id=GGBS6nqdUV0BJsYAAB6P [debug] Formatted pattern keys: ["cweId", "description", "examples", "frameworks", "id", "languages", "name", "owaspCategory", "recommendation", "regex", "regexPatterns", "severity", "supportsAst", "type"]
13:17:01.974 request_id=GGBS6nqdUV0BJsYAAB6P [debug] Formatting pattern: "php-xss-echo"
13:17:01.974 request_id=GGBS6nqdUV0BJsYAAB6P [debug] Formatted pattern keys: ["cweId", "description", "examples", "frameworks", "id", "languages", "name", "owaspCategory", "recommendation", "regex", "regexPatterns", "severity", "supportsAst", "type"]
13:17:01.974 request_id=GGBS6nqdUV0BJsYAAB6P [debug] Formatting pattern: "php-file-inclusion"
13:17:01.974 request_id=GGBS6nqdUV0BJsYAAB6P [debug] Formatted pattern keys: ["cweId", "description", "examples", "frameworks", "id", "languages", "name", "owaspCategory", "recommendation", "regex", "regexPatterns", "severity", "supportsAst", "type"]
...........................13:17:01.989 request_id=GGBS6nCefaxTcVgAABwP [debug] QUERY OK source="fun_with_flags_toggles" db=0.7ms
SELECT f0."id", f0."flag_name", f0."gate_type", f0."target", f0."enabled" FROM "fun_with_flags_toggles" AS f0 WHERE (f0."flag_name" = $1) ["early_access_signup"]
13:17:01.989 request_id=GGBS6nCefaxTcVgAABwP [debug] Telemetry event: [:fun_with_flags, :persistence, :read], metadata: %{flag_name: :early_access_signup, gate: nil}, measurements: %{system_time: 1756495021989565460}
13:17:01.989 [debug] QUERY OK source="fun_with_flags_toggles" db=0.1ms
SELECT f0."id", f0."flag_name", f0."gate_type", f0."target", f0."enabled" FROM "fun_with_flags_toggles" AS f0 WHERE (f0."flag_name" = $1) ["unknown_flag"]
13:17:01.989 [debug] Telemetry event: [:fun_with_flags, :persistence, :read], metadata: %{flag_name: :unknown_flag, gate: nil}, measurements: %{system_time: 1756495021989875880}
.13:17:01.990 [debug] QUERY OK source="fun_with_flags_toggles" db=0.4ms
INSERT INTO "fun_with_flags_toggles" AS f0 ("enabled","target","flag_name","gate_type") VALUES ($1,$2,$3,$4) ON CONFLICT ("flag_name","gate_type","target") DO UPDATE SET "enabled" = $5 RETURNING "id" [true, "_fwf_none", "core_features", "boolean", true]
13:17:01.990 [debug] QUERY OK source="fun_with_flags_toggles" db=0.0ms
SELECT f0."id", f0."flag_name", f0."gate_type", f0."target", f0."enabled" FROM "fun_with_flags_toggles" AS f0 WHERE (f0."flag_name" = $1) ["core_features"]
13:17:01.990 [debug] Telemetry event: [:fun_with_flags, :persistence, :write], metadata: %{flag_name: :core_features, gate: %FunWithFlags.Gate{type: :boolean, for: nil, enabled: true}}, measurements: %{system_time: 1756495021990924932}
13:17:01.991 [debug] QUERY OK source="fun_with_flags_toggles" db=0.4ms
INSERT INTO "fun_with_flags_toggles" AS f0 ("enabled","target","flag_name","gate_type") VALUES ($1,$2,$3,$4) ON CONFLICT ("flag_name","gate_type","target") DO UPDATE SET "enabled" = $5 RETURNING "id" [true, "_fwf_none", "interactive_roi_calculator", "boolean", true]
13:17:01.991 request_id=GGBS6nCefaxTcVgAABwP [debug] Extracted UTM parameters: %{}
13:17:01.991 [debug] QUERY OK source="fun_with_flags_toggles" db=0.1ms
SELECT f0."id", f0."flag_name", f0."gate_type", f0."target", f0."enabled" FROM "fun_with_flags_toggles" AS f0 WHERE (f0."flag_name" = $1) ["interactive_roi_calculator"]
13:17:01.991 [debug] Telemetry event: [:fun_with_flags, :persistence, :write], metadata: %{flag_name: :interactive_roi_calculator, gate: %FunWithFlags.Gate{type: :boolean, for: nil, enabled: true}}, measurements: %{system_time: 1756495021991854182}
13:17:01.992 [debug] QUERY OK source="fun_with_flags_toggles" db=0.1ms
INSERT INTO "fun_with_flags_toggles" AS f0 ("enabled","target","flag_name","gate_type") VALUES ($1,$2,$3,$4) ON CONFLICT ("flag_name","gate_type","target") DO UPDATE SET "enabled" = $5 RETURNING "id" [true, "_fwf_none", "team_size_field", "boolean", true]
13:17:01.992 [debug] QUERY OK source="fun_with_flags_toggles" db=0.0ms
SELECT f0."id", f0."flag_name", f0."gate_type", f0."target", f0."enabled" FROM "fun_with_flags_toggles" AS f0 WHERE (f0."flag_name" = $1) ["team_size_field"]
13:17:01.992 [debug] Telemetry event: [:fun_with_flags, :persistence, :write], metadata: %{flag_name: :team_size_field, gate: %FunWithFlags.Gate{type: :boolean, for: nil, enabled: true}}, measurements: %{system_time: 1756495021992373319}
13:17:01.992 [debug] QUERY OK source="fun_with_flags_toggles" db=0.1ms
INSERT INTO "fun_with_flags_toggles" AS f0 ("enabled","target","flag_name","gate_type") VALUES ($1,$2,$3,$4) ON CONFLICT ("flag_name","gate_type","target") DO UPDATE SET "enabled" = $5 RETURNING "id" [true, "_fwf_none", "feedback_form", "boolean", true]
13:17:01.992 [debug] QUERY OK source="fun_with_flags_toggles" db=0.0ms
SELECT f0."id", f0."flag_name", f0."gate_type", f0."target", f0."enabled" FROM "fun_with_flags_toggles" AS f0 WHERE (f0."flag_name" = $1) ["feedback_form"]
13:17:01.992 [debug] Telemetry event: [:fun_with_flags, :persistence, :write], metadata: %{flag_name: :feedback_form, gate: %FunWithFlags.Gate{type: :boolean, for: nil, enabled: true}}, measurements: %{system_time: 1756495021992828543}
13:17:01.993 [debug] QUERY OK source="fun_with_flags_toggles" db=0.0ms
SELECT f0."id", f0."flag_name", f0."gate_type", f0."target", f0."enabled" FROM "fun_with_flags_toggles" AS f0 WHERE (f0."flag_name" = $1) ["advanced_analytics"]
13:17:01.993 [debug] Telemetry event: [:fun_with_flags, :persistence, :read], metadata: %{flag_name: :advanced_analytics, gate: nil}, measurements: %{system_time: 1756495021993063933}
13:17:01.993 [debug] QUERY OK source="fun_with_flags_toggles" db=0.0ms
SELECT f0."id", f0."flag_name", f0."gate_type", f0."target", f0."enabled" FROM "fun_with_flags_toggles" AS f0 WHERE (f0."flag_name" = $1) ["advanced_analytics"]
13:17:01.993 [debug] Telemetry event: [:fun_with_flags, :persistence, :read], metadata: %{flag_name: :advanced_analytics, gate: nil}, measurements: %{system_time: 1756495021993284586}
13:17:01.993 [debug] QUERY OK source="fun_with_flags_toggles" db=0.1ms
SELECT f0."id", f0."flag_name", f0."gate_type", f0."target", f0."enabled" FROM "fun_with_flags_toggles" AS f0 WHERE (f0."flag_name" = $1) ["advanced_analytics"]
13:17:01.993 [debug] Telemetry event: [:fun_with_flags, :persistence, :read], metadata: %{flag_name: :advanced_analytics, gate: nil}, measurements: %{system_time: 1756495021993596343}
...     warning: variable "stored1" is unused (if the variable is not meant to be used, prefix it with an underscore)
     │
 150 │       {:ok, stored1} = ValidationCache.store(vuln1)
     │             ~~~~~~~
     │
     └─ test/rsolv/validation_cache_integration_test.exs:150:13: Rsolv.ValidationCacheIntegrationTest."test complete cache workflow multiple vulnerabilities in same file with different cache outcomes"/1

     warning: variable "stored2" is unused (if the variable is not meant to be used, prefix it with an underscore)
     │
 151 │       {:ok, stored2} = ValidationCache.store(vuln2)
     │             ~~~~~~~
     │
     └─ test/rsolv/validation_cache_integration_test.exs:151:13: Rsolv.ValidationCacheIntegrationTest."test complete cache workflow multiple vulnerabilities in same file with different cache outcomes"/1

     warning: variable "stored3" is unused (if the variable is not meant to be used, prefix it with an underscore)
     │
 152 │       {:ok, stored3} = ValidationCache.store(vuln3)
     │             ~~~~~~~
     │
     └─ test/rsolv/validation_cache_integration_test.exs:152:13: Rsolv.ValidationCacheIntegrationTest."test complete cache workflow multiple vulnerabilities in same file with different cache outcomes"/1

13:17:02.003 [debug] Parser response received
.13:17:02.003 request_id=GGBS6oxD7HvjBLkAACuT [info] POST /api/v1/vulnerabilities/validate
13:17:02.003 request_id=GGBS6oxD7HvjBLkAACuT [debug] Processing with RsolvWeb.Api.V1.VulnerabilityValidationRouter.validate/2
  Parameters: %{"files" => %{"test.js" => "<?php\nif (isset($_POST['code'])) {\n    $result = eval($_POST['code']);\n    echo $result;\n}\n?>\n"}, "vulnerabilities" => [%{"code" => "eval($_POST['code'])", "filePath" => "test.js", "id" => "test-vuln", "line" => 5, "patternId" => "eval-injection", "severity" => "critical"}]}
  Pipelines: [:api]
13:17:02.004 request_id=GGBS6oxD7HvjBLkAACuT [debug] QUERY OK source="fun_with_flags_toggles" db=0.1ms
SELECT f0."id", f0."flag_name", f0."gate_type", f0."target", f0."enabled" FROM "fun_with_flags_toggles" AS f0 WHERE (f0."flag_name" = $1) ["false_positive_caching"]
13:17:02.004 request_id=GGBS6oxD7HvjBLkAACuT [debug] Telemetry event: [:fun_with_flags, :persistence, :read], metadata: %{flag_name: :false_positive_caching, gate: nil}, measurements: %{system_time: 1756495022004056482}
13:17:02.004 request_id=GGBS6oxD7HvjBLkAACuT [debug] Using standard validation controller (feature flag disabled)
..............    warning: unused alias Pattern
    │
  5 │   alias Rsolv.Security.Pattern
    │   ~
    │
    └─ test/rsolv/security/patterns/django/insecure_session_test.exs:5:3

13:17:02.050 request_id=GGBS6nqdUV0BJsYAAB6P [info] Sent 200 in 342ms
.....................13:17:02.070 request_id=GGBS6oxD7HvjBLkAACuT [debug] QUERY OK source="api_keys" db=0.3ms queue=0.4ms
SELECT a0."id", a0."key", a0."name", a0."permissions", a0."active", a0."last_used_at", a0."expires_at", a0."customer_id", a0."inserted_at", a0."updated_at" FROM "api_keys" AS a0 WHERE ((a0."key" = $1) AND (a0."active" = $2)) ["rsolv_test_abc123", true]
13:17:02.070 request_id=GGBS6kMdkYGKQhwAAG0H [debug] QUERY OK source="api_keys" db=0.2ms queue=0.5ms
SELECT a0."id", a0."key", a0."name", a0."permissions", a0."active", a0."last_used_at", a0."expires_at", a0."customer_id", a0."inserted_at", a0."updated_at" FROM "api_keys" AS a0 WHERE ((a0."key" = $1) AND (a0."active" = $2)) ["rsolv_test_abc123", true]
13:17:02.071 request_id=GGBS6oxD7HvjBLkAACuT [debug] QUERY OK source="customers" db=0.3ms queue=0.2ms
SELECT c0."id", c0."name", c0."email", c0."api_key", c0."monthly_limit", c0."current_usage", c0."active", c0."metadata", c0."github_org", c0."plan", c0."user_id", c0."inserted_at", c0."updated_at" FROM "customers" AS c0 WHERE ((c0."api_key" = $1) AND (c0."active" = $2)) ["rsolv_test_abc123", true]
13:17:02.071 request_id=GGBS6kMdkYGKQhwAAG0H [debug] QUERY OK source="customers" db=0.3ms queue=0.1ms
SELECT c0."id", c0."name", c0."email", c0."api_key", c0."monthly_limit", c0."current_usage", c0."active", c0."metadata", c0."github_org", c0."plan", c0."user_id", c0."inserted_at", c0."updated_at" FROM "customers" AS c0 WHERE ((c0."api_key" = $1) AND (c0."active" = $2)) ["rsolv_test_abc123", true]
13:17:02.073 request_id=GGBS6nCefaxTcVgAABwP [info] Analytics event tracked
..    warning: variable "pattern" is unused (if the variable is not meant to be used, prefix it with an underscore)
    │
 59 │       pattern = Rsolv.Security.Patterns.Javascript.SqlInjectionConcat.pattern()
    │       ~~~~~~~
    │
    └─ test/rsolv/security/patterns/pattern_refactor_test.exs:59:7: Rsolv.Security.Patterns.PatternRefactorTest."test refactored pattern structure pattern includes structured vulnerability metadata"/1

.........................................................13:17:02.124 request_id=GGBS6pN5evhvBRAAAHyH [info] GET /api/v1/patterns
13:17:02.124 request_id=GGBS6pN5evhvBRAAAHyH [debug] Processing with RsolvWeb.Api.V1.PatternController.index/2
  Parameters: %{"format" => "enhanced", "language" => "php"}
  Pipelines: [:api]
13:17:02.124 request_id=GGBS6pN5evhvBRAAAHyH [info] Pattern API called with params: %{"format" => "enhanced", "language" => "php"}
13:17:02.124 request_id=GGBS6pN5evhvBRAAAHyH [info] Language: php, Format: enhanced
13:17:02.125 request_id=GGBS6pN5evhvBRAAAHyH [debug] QUERY OK source="api_keys" db=0.6ms
SELECT a0."id", a0."key", a0."name", a0."permissions", a0."active", a0."last_used_at", a0."expires_at", a0."customer_id", a0."inserted_at", a0."updated_at" FROM "api_keys" AS a0 WHERE ((a0."key" = $1) AND (a0."active" = $2)) ["rsolv_test_abc123", true]
13:17:02.126 request_id=GGBS6pN5evhvBRAAAHyH [debug] QUERY OK source="customers" db=0.6ms
SELECT c0."id", c0."name", c0."email", c0."api_key", c0."monthly_limit", c0."current_usage", c0."active", c0."metadata", c0."github_org", c0."plan", c0."user_id", c0."inserted_at", c0."updated_at" FROM "customers" AS c0 WHERE ((c0."api_key" = $1) AND (c0."active" = $2)) ["rsolv_test_abc123", true]
     warning: variable "end_date" is unused (if the variable is not meant to be used, prefix it with an underscore)
     │
 104 │       end_date = Date.utc_today()
     │       ~~~~~~~~
     │
     └─ test/rsolv/analytics_test.exs:104:7: Rsolv.AnalyticsTest."test Analytics service handles event queries by date range"/1

.........................13:17:02.147 [info] [EMAIL] send_welcome_email called
...............................................................13:17:02.168 request_id=GGBS6pN5evhvBRAAAHyH [info] API key status: :valid
13:17:02.168 request_id=GGBS6pN5evhvBRAAAHyH [info] Getting enhanced patterns for php
13:17:02.170 [info] Processing tagging job for test@example.com with tag test_tag_id
13:17:02.170 [debug] Using HTTP client: Rsolv.HTTPClientMock
13:17:02.170 [error] Failed to tag test@example.com with tag test_tag_id: HTTP Error: :econnrefused
......................................    warning: unused import Rsolv.ValidationCacheHelpers
    │
  8 │   import Rsolv.ValidationCacheHelpers
    │   ~
    │
    └─ test/rsolv/validation_cache_integration_test.exs:8:3

.....................13:17:02.275 [info] [EMAIL DEBUG] Full email struct before sending
13:17:02.275 [info] [EMAIL DEBUG] Extracted recipient email
..............13:17:02.286 request_id=GGBS6pN5evhvBRAAAHyH [info] Retrieved 25 patterns
.13:17:02.286 request_id=GGBS6pN5evhvBRAAAHyH [debug] Formatting pattern: "php-sql-injection-concat"
.13:17:02.286 request_id=GGBS6pN5evhvBRAAAHyH [debug] Formatted pattern keys: ["astRules", "confidenceRules", "contextRules", "cweId", "description", "examples", "frameworks", "id", "languages", "minConfidence", "name", "owaspCategory", "recommendation", "regex", "regexPatterns", "severity", "supportsAst", "type"]
.13:17:02.286 request_id=GGBS6pN5evhvBRAAAHyH [debug] Formatting pattern: "php-sql-injection-interpolation"
.13:17:02.286 request_id=GGBS6pN5evhvBRAAAHyH [debug] Formatted pattern keys: ["astRules", "confidenceRules", "contextRules", "cweId", "description", "examples", "frameworks", "id", "languages", "minConfidence", "name", "owaspCategory", "recommendation", "regex", "regexPatterns", "severity", "supportsAst", "type"]
.13:17:02.286 request_id=GGBS6pN5evhvBRAAAHyH [debug] Formatting pattern: "php-command-injection"
.13:17:02.287 request_id=GGBS6pN5evhvBRAAAHyH [debug] Formatted pattern keys: ["astRules", "confidenceRules", "contextRules", "cweId", "description", "examples", "frameworks", "id", "languages", "minConfidence", "name", "owaspCategory", "recommendation", "regex", "regexPatterns", "severity", "supportsAst", "type"]
.13:17:02.287 request_id=GGBS6pN5evhvBRAAAHyH [debug] Formatting pattern: "php-xss-echo"
.13:17:02.287 request_id=GGBS6pN5evhvBRAAAHyH [debug] Formatted pattern keys: ["astRules", "confidenceRules", "contextRules", "cweId", "description", "examples", "frameworks", "id", "languages", "minConfidence", "name", "owaspCategory", "recommendation", "regex", "regexPatterns", "severity", "supportsAst", "type"]
.13:17:02.287 request_id=GGBS6pN5evhvBRAAAHyH [debug] Formatting pattern: "php-xss-print"
.13:17:02.287 request_id=GGBS6pN5evhvBRAAAHyH [debug] Formatted pattern keys: ["astRules", "confidenceRules", "contextRules", "cweId", "description", "examples", "frameworks", "id", "languages", "minConfidence", "name", "owaspCategory", "recommendation", "regex", "regexPatterns", "severity", "supportsAst", "type"]
13:17:02.287 request_id=GGBS6pN5evhvBRAAAHyH [debug] Formatting pattern: "php-file-inclusion"
13:17:02.287 request_id=GGBS6pN5evhvBRAAAHyH [debug] Formatted pattern keys: ["astRules", "confidenceRules", "contextRules", "cweId", "description", "examples", "frameworks", "id", "languages", "minConfidence", "name", "owaspCategory", "recommendation", "regex", "regexPatterns", "severity", "supportsAst", "type"]
13:17:02.287 request_id=GGBS6pN5evhvBRAAAHyH [debug] Formatting pattern: "php-file-upload-no-validation"
13:17:02.287 request_id=GGBS6pN5evhvBRAAAHyH [debug] Formatted pattern keys: ["astRules", "confidenceRules", "contextRules", "cweId", "description", "examples", "frameworks", "id", "languages", "minConfidence", "name", "owaspCategory", "recommendation", "regex", "regexPatterns", "severity", "supportsAst", "type"]
13:17:02.287 request_id=GGBS6pN5evhvBRAAAHyH [debug] Formatting pattern: "php-weak-password-hash"
13:17:02.287 request_id=GGBS6pN5evhvBRAAAHyH [debug] Formatted pattern keys: ["astRules", "confidenceRules", "contextRules", "cweId", "description", "examples", "frameworks", "id", "languages", "minConfidence", "name", "owaspCategory", "recommendation", "regex", "regexPatterns", "severity", "supportsAst", "type"]
13:17:02.287 request_id=GGBS6pN5evhvBRAAAHyH [debug] Formatting pattern: "php-hardcoded-credentials"
13:17:02.287 request_id=GGBS6pN5evhvBRAAAHyH [debug] Formatted pattern keys: ["astRules", "confidenceRules", "contextRules", "cweId", "description", "examples", "frameworks", "id", "languages", "minConfidence", "name", "owaspCategory", "recommendation", "regex", "regexPatterns", "severity", "supportsAst", "type"]
13:17:02.287 request_id=GGBS6pN5evhvBRAAAHyH [debug] Formatting pattern: "php-insecure-random"
13:17:02.287 request_id=GGBS6pN5evhvBRAAAHyH [debug] Formatted pattern keys: ["astRules", "confidenceRules", "contextRules", "cweId", "description", "examples", "frameworks", "id", "languages", "minConfidence", "name", "owaspCategory", "recommendation", "regex", "regexPatterns", "severity", "supportsAst", "type"]
13:17:02.287 request_id=GGBS6pN5evhvBRAAAHyH [debug] Formatting pattern: "php-unsafe-deserialization"
13:17:02.287 request_id=GGBS6pN5evhvBRAAAHyH [debug] Formatted pattern keys: ["astRules", "confidenceRules", "contextRules", "cweId", "description", "examples", "frameworks", "id", "languages", "minConfidence", "name", "owaspCategory", "recommendation", "regex", "regexPatterns", "severity", "supportsAst", "type"]
13:17:02.287 request_id=GGBS6pN5evhvBRAAAHyH [debug] Formatting pattern: "php-xxe-vulnerability"
13:17:02.287 request_id=GGBS6pN5evhvBRAAAHyH [debug] Formatted pattern keys: ["astRules", "confidenceRules", "contextRules", "cweId", "description", "examples", "frameworks", "id", "languages", "minConfidence", "name", "owaspCategory", "recommendation", "regex", "regexPatterns", "severity", "supportsAst", "type"]
13:17:02.287 request_id=GGBS6pN5evhvBRAAAHyH [debug] Formatting pattern: "php-path-traversal"
13:17:02.287 request_id=GGBS6pN5evhvBRAAAHyH [debug] Formatted pattern keys: ["astRules", "confidenceRules", "contextRules", "cweId", "description", "examples", "frameworks", "id", "languages", "minConfidence", "name", "owaspCategory", "recommendation", "regex", "regexPatterns", "severity", "supportsAst", "type"]
13:17:02.287 request_id=GGBS6pN5evhvBRAAAHyH [debug] Formatting pattern: "php-ssrf-vulnerability"
13:17:02.287 request_id=GGBS6pN5evhvBRAAAHyH [debug] Formatted pattern keys: ["astRules", "confidenceRules", "contextRules", "cweId", "description", "examples", "frameworks", "id", "languages", "minConfidence", "name", "owaspCategory", "recommendation", "regex", "regexPatterns", "severity", "supportsAst", "type"]
13:17:02.287 request_id=GGBS6pN5evhvBRAAAHyH [debug] Formatting pattern: "php-session-fixation"
13:17:02.287 request_id=GGBS6pN5evhvBRAAAHyH [debug] Formatted pattern keys: ["astRules", "confidenceRules", "contextRules", "cweId", "description", "examples", "frameworks", "id", "languages", "minConfidence", "name", "owaspCategory", "recommendation", "regex", "regexPatterns", "severity", "supportsAst", "type"]
13:17:02.287 request_id=GGBS6pN5evhvBRAAAHyH [debug] Formatting pattern: "php-weak-crypto"
13:17:02.287 request_id=GGBS6pN5evhvBRAAAHyH [debug] Formatted pattern keys: ["astRules", "confidenceRules", "contextRules", "cweId", "description", "examples", "frameworks", "id", "languages", "minConfidence", "name", "owaspCategory", "recommendation", "regex", "regexPatterns", "severity", "supportsAst", "type"]
13:17:02.287 request_id=GGBS6pN5evhvBRAAAHyH [debug] Formatting pattern: "php-ldap-injection"
13:17:02.287 request_id=GGBS6pN5evhvBRAAAHyH [debug] Formatted pattern keys: ["astRules", "confidenceRules", "contextRules", "cweId", "description", "examples", "frameworks", "id", "languages", "minConfidence", "name", "owaspCategory", "recommendation", "regex", "regexPatterns", "severity", "supportsAst", "type"]
13:17:02.287 request_id=GGBS6pN5evhvBRAAAHyH [debug] Formatting pattern: "php-xpath-injection"
13:17:02.287 request_id=GGBS6pN5evhvBRAAAHyH [debug] Formatted pattern keys: ["astRules", "confidenceRules", "contextRules", "cweId", "description", "examples", "frameworks", "id", "languages", "minConfidence", "name", "owaspCategory", "recommendation", "regex", "regexPatterns", "severity", "supportsAst", "type"]
13:17:02.287 request_id=GGBS6pN5evhvBRAAAHyH [debug] Formatting pattern: "php-eval-usage"
13:17:02.287 request_id=GGBS6pN5evhvBRAAAHyH [debug] Formatted pattern keys: ["astRules", "confidenceRules", "contextRules", "cweId", "description", "examples", "frameworks", "id", "languages", "minConfidence", "name", "owaspCategory", "recommendation", "regex", "regexPatterns", "severity", "supportsAst", "type"]
13:17:02.287 request_id=GGBS6pN5evhvBRAAAHyH [debug] Formatting pattern: "php-extract-usage"
13:17:02.287 request_id=GGBS6pN5evhvBRAAAHyH [debug] Formatted pattern keys: ["astRules", "confidenceRules", "contextRules", "cweId", "description", "examples", "frameworks", "id", "languages", "minConfidence", "name", "owaspCategory", "recommendation", "regex", "regexPatterns", "severity", "supportsAst", "type"]
13:17:02.287 request_id=GGBS6pN5evhvBRAAAHyH [debug] Formatting pattern: "php-register-globals"
13:17:02.287 request_id=GGBS6pN5evhvBRAAAHyH [debug] Formatted pattern keys: ["astRules", "confidenceRules", "contextRules", "cweId", "description", "examples", "frameworks", "id", "languages", "minConfidence", "name", "owaspCategory", "recommendation", "regex", "regexPatterns", "severity", "supportsAst", "type"]
13:17:02.287 request_id=GGBS6pN5evhvBRAAAHyH [debug] Formatting pattern: "php-open-redirect"
13:17:02.287 request_id=GGBS6pN5evhvBRAAAHyH [debug] Formatted pattern keys: ["astRules", "confidenceRules", "contextRules", "cweId", "description", "examples", "frameworks", "id", "languages", "minConfidence", "name", "owaspCategory", "recommendation", "regex", "regexPatterns", "severity", "supportsAst", "type"]
13:17:02.287 request_id=GGBS6pN5evhvBRAAAHyH [debug] Formatting pattern: "php-missing-csrf-token"
13:17:02.287 request_id=GGBS6pN5evhvBRAAAHyH [debug] Formatted pattern keys: ["astRules", "confidenceRules", "contextRules", "cweId", "description", "examples", "frameworks", "id", "languages", "minConfidence", "name", "owaspCategory", "recommendation", "regex", "regexPatterns", "severity", "supportsAst", "type"]
13:17:02.287 request_id=GGBS6pN5evhvBRAAAHyH [debug] Formatting pattern: "php-debug-mode-enabled"
13:17:02.287 request_id=GGBS6pN5evhvBRAAAHyH [debug] Formatted pattern keys: ["astRules", "confidenceRules", "contextRules", "cweId", "description", "examples", "frameworks", "id", "languages", "minConfidence", "name", "owaspCategory", "recommendation", "regex", "regexPatterns", "severity", "supportsAst", "type"]
13:17:02.287 request_id=GGBS6pN5evhvBRAAAHyH [debug] Formatting pattern: "php-error-display"
13:17:02.287 request_id=GGBS6pN5evhvBRAAAHyH [debug] Formatted pattern keys: ["astRules", "confidenceRules", "contextRules", "cweId", "description", "examples", "frameworks", "id", "languages", "minConfidence", "name", "owaspCategory", "recommendation", "regex", "regexPatterns", "severity", "supportsAst", "type"]
13:17:02.288 request_id=GGBS6pN5evhvBRAAAHyH [info] Sent 200 in 163ms
...13:17:02.289 request_id=GGBS6p1H9NTN2EUAAH8H [info] GET /api/v1/patterns
..13:17:02.289 request_id=GGBS6p1H9NTN2EUAAH8H [debug] Processing with RsolvWeb.Api.V1.PatternController.index/2
  Parameters: %{"format" => "enhanced", "language" => "php"}
  Pipelines: [:api]
13:17:02.289 request_id=GGBS6p1H9NTN2EUAAH8H [info] Pattern API called with params: %{"format" => "enhanced", "language" => "php"}
13:17:02.289 request_id=GGBS6p1H9NTN2EUAAH8H [info] Language: php, Format: enhanced
13:17:02.289 request_id=GGBS6p1H9NTN2EUAAH8H [info] API key status: :none
13:17:02.289 request_id=GGBS6p1H9NTN2EUAAH8H [info] Getting demo patterns for php
13:17:02.289 request_id=GGBS6p1H9NTN2EUAAH8H [info] Retrieved 3 patterns
13:17:02.289 request_id=GGBS6p1H9NTN2EUAAH8H [debug] Formatting pattern: "php-sql-injection-concat"
13:17:02.289 request_id=GGBS6p1H9NTN2EUAAH8H [debug] Formatted pattern keys: ["cweId", "description", "examples", "frameworks", "id", "languages", "name", "owaspCategory", "recommendation", "regex", "regexPatterns", "severity", "supportsAst", "type"]
13:17:02.289 request_id=GGBS6p1H9NTN2EUAAH8H [debug] Formatting pattern: "php-xss-echo"
13:17:02.289 request_id=GGBS6p1H9NTN2EUAAH8H [debug] Formatted pattern keys: ["cweId", "description", "examples", "frameworks", "id", "languages", "name", "owaspCategory", "recommendation", "regex", "regexPatterns", "severity", "supportsAst", "type"]
13:17:02.289 request_id=GGBS6p1H9NTN2EUAAH8H [debug] Formatting pattern: "php-file-inclusion"
13:17:02.289 request_id=GGBS6p1H9NTN2EUAAH8H [debug] Formatted pattern keys: ["cweId", "description", "examples", "frameworks", "id", "languages", "name", "owaspCategory", "recommendation", "regex", "regexPatterns", "severity", "supportsAst", "type"]
.13:17:02.289 request_id=GGBS6p1H9NTN2EUAAH8H [info] Sent 200 in 252µs
......    warning: unused alias ParserRegistry
    │
  4 │   alias Rsolv.AST.{FallbackStrategy, ParserRegistry, SessionManager}
    │   ~
    │
    └─ test/rsolv/ast/fallback_strategy_test.exs:4:3

............     warning: variable "customer" is unused (if the variable is not meant to be used, prefix it with an underscore)
     │
 100 │       {:ok, customer} = Rsolv.Customers.create_customer(user, %{
     │             ~~~~~~~~
     │
     └─ test/consolidation/phase3_integration_test.exs:100:13: Rsolv.Phase3IntegrationTest."test feature flags integration feature flags work with new customer structure"/1

..........................    warning: variable "expires_at" is unused (if the variable is not meant to be used, prefix it with an underscore)
    │
 43 │         "expires_at" => expires_at
    │                         ~~~~~~~~~~
    │
    └─ test/rsolv_web/controllers/credential_controller_test.exs:43:25: RsolvWeb.CredentialControllerTest."test POST /api/v1/credentials/exchange exchanges valid API key for temporary credentials"/1

................     warning: variable "original_key" is unused (if the variable is not meant to be used, prefix it with an underscore)
     │
 194 │       %{"api_key" => original_key} = exchange_response["credentials"]["anthropic"]
     │                      ~~~~~~~~~~~~
     │
     └─ test/rsolv_web/controllers/credential_controller_test.exs:194:22: RsolvWeb.CredentialControllerTest."test POST /api/v1/credentials/refresh refreshes expiring credential"/1

................................    warning: variable "code" is unused (if the variable is not meant to be used, prefix it with an underscore)
    │
 98 │       for code <- safe_code do
    │           ~
    │
    └─ test/rsolv/security/patterns/python/unsafe_yaml_load_test.exs:98:11: Rsolv.Security.Patterns.Python.UnsafeYamlLoadTest."test regex matching does not match yaml.load with SafeLoader"/1

.............    warning: variable "pattern" is unused (if the variable is not meant to be used, prefix it with an underscore)
    │
 91 │     test "does not match yaml.load with SafeLoader", %{pattern: pattern} do
    │                                                                 ~~~~~~~
    │
    └─ test/rsolv/security/patterns/python/unsafe_yaml_load_test.exs:91:65: Rsolv.Security.Patterns.Python.UnsafeYamlLoadTest."test regex matching does not match yaml.load with SafeLoader"/1

.....

  1) test feedback_form component renders with dark mode classes using helpers (RsolvWeb.FeedbackComponentTest)
     test/rsolv_web/components/feedback_component_test.exs:9
     Assertion with =~ failed
     code:  assert html =~ "bg-white dark:bg-dark-800"
     left:  "<div class=\"feedback-form-container mt-8 mb-8\">\n  <div class=\"bg-white dark:bg-slate-800 feedback-form shadow-md rounded px-8 pt-6 pb-8 mb-4 max-w-lg mx-auto\">\n    \n      <h3 class=\"text-xl font-bold mb-4 text-brand-blue dark:text-brand-green\">Test Feedback</h3>\n    \n    \n    <p class=\"text-gray-700 dark:text-gray-300 mb-6\">Share your thoughts</p>\n    \n    <form data-feedback-form data-feedback-type=\"general\" class=\"space-y-4\">\n      \n      \n      <div class=\"mb-4\">\n        <label for=\"feedback-content\" class=\"block text-gray-700 dark:text-gray-300 text-sm font-bold mb-2 \">\n          Feedback\n        </label>\n        <textarea id=\"feedback-content\" name=\"content\" rows=\"4\" class=\"shadow appearance-none border dark:border-gray-600 rounded w-full py-2 px-3 text-gray-700 dark:text-gray-200 bg-white dark:bg-slate-700 leading-tight focus:outline-none focus:shadow-outline focus:ring-2 focus:ring-brand-blue dark:focus:ring-brand-green \" placeholder=\"Share your thoughts, ideas, or suggestions...\" required></textarea>\n      </div>\n      \n      \n        <div class=\"mb-4\">\n          <label for=\"feedback-email\" class=\"block text-gray-700 dark:text-gray-300 text-sm font-bold mb-2 \">\n            Email (optional)\n          </label>\n          <input type=\"email\" id=\"feedback-email\" name=\"email\" class=\"shadow appearance-none border dark:border-gray-600 rounded w-full py-2 px-3 text-gray-700 dark:text-gray-200 bg-white dark:bg-slate-700 leading-tight focus:outline-none focus:shadow-outline focus:ring-2 focus:ring-brand-blue dark:focus:ring-brand-green \" placeholder=\"your@email.com\">\n          <p class=\"text-gray-600 dark:text-gray-400 text-xs mt-1\">\n            We'll only use your email to follow up on your feedback if needed.\n          </p>\n        </div>\n      \n      \n      <div class=\"flex items-center justify-end\">\n        <button type=\"submit\" class=\"btn-primary\">\n          Submit\n        </button>\n      </div>\n    </form>\n  </div>\n</div>"
     right: "bg-white dark:bg-dark-800"
     stacktrace:
       test/rsolv_web/components/feedback_component_test.exs:25: (test)

13:17:02.342 [debug] QUERY OK source="email_unsubscribes" db=0.3ms queue=0.6ms
SELECT e0."id", e0."email", e0."reason", e0."inserted_at" FROM "email_unsubscribes" AS e0 ORDER BY e0."inserted_at" DESC []
13:17:02.343 [info] [EMAIL DEBUG] Postmark configuration
13:17:02.343 [info] [EMAIL DEBUG] Email configuration
13:17:02.343 [info] [EMAIL] Attempting to send email via Postmark
13:17:02.344 request_id=GGBS6nCefaxTcVgAABwP [debug] QUERY OK db=127.4ms queue=0.4ms
SELECT create_analytics_partition_if_not_exists($1::date) [~D[2025-08-29]]
13:17:02.345 request_id=GGBS6nCefaxTcVgAABwP [debug] QUERY OK source="analytics_events" db=0.6ms queue=0.4ms
INSERT INTO "analytics_events" ("metadata","event_type","visitor_id","page_path","inserted_at","updated_at") VALUES ($1,$2,$3,$4,$5,$6) RETURNING "id" [%{status: "submit", os: "unknown", form_id: "early-access", browser: "unknown", utm_source_platform: nil, utm_source_campaign: nil, utm_source_content: nil, device_type: "unknown"}, "form_submit", "fb2acb8e628ba5a1ba04675bb8e0ff25", "/early-access", ~N[2025-08-29 19:17:02], ~N[2025-08-29 19:17:02]]
13:17:02.345 request_id=GGBS6nCefaxTcVgAABwP [info] Form submission received
13:17:02.345 request_id=GGBS6nCefaxTcVgAABwP [info] Valid email received for processing: user@example.com, validation passed
13:17:02.346 request_id=GGBS6nCefaxTcVgAABwP [debug] Extracted UTM parameters: %{}
13:17:02.346 request_id=GGBS6kMdkYGKQhwAAG0H [info] Sent 200 in 1494ms
13:17:02.346 request_id=GGBS6oxD7HvjBLkAACuT [info] Sent 200 in 342ms
..13:17:02.347 request_id=GGBS6qC95-Z8rKYAACeC [info] POST /api/v1/vulnerabilities/validate
13:17:02.347 request_id=GGBS6qC95-Z8rKYAACeC [debug] Processing with RsolvWeb.Api.V1.VulnerabilityValidationRouter.validate/2
  Parameters: %{"files" => %{"file1.js" => "function process(userInput) { return eval(userInput); }", "file2.js" => "const safe = 'eval is bad'; // This is just a string"}, "vulnerabilities" => [%{"code" => "eval(userInput)", "filePath" => "file1.js", "id" => "vuln-1", "line" => 1, "patternId" => "js-eval-injection", "severity" => "critical"}, %{"code" => "const safe = 'eval is bad'", "filePath" => "file2.js", "id" => "vuln-2", "line" => 1, "patternId" => "js-eval-injection", "severity" => "critical"}]}
  Pipelines: [:api]
13:17:02.347 request_id=GGBS6qC95-Z8rKYAACeC [debug] QUERY OK source="fun_with_flags_toggles" db=0.1ms
SELECT f0."id", f0."flag_name", f0."gate_type", f0."target", f0."enabled" FROM "fun_with_flags_toggles" AS f0 WHERE (f0."flag_name" = $1) ["false_positive_caching"]
13:17:02.347 request_id=GGBS6qC95-Z8rKYAACeC [debug] Telemetry event: [:fun_with_flags, :persistence, :read], metadata: %{flag_name: :false_positive_caching, gate: nil}, measurements: %{system_time: 1756495022347627710}
13:17:02.347 request_id=GGBS6qC95-Z8rKYAACeC [debug] Using standard validation controller (feature flag disabled)
13:17:02.348 request_id=GGBS6qC95-Z8rKYAACeC [debug] QUERY OK source="api_keys" db=0.6ms
SELECT a0."id", a0."key", a0."name", a0."permissions", a0."active", a0."last_used_at", a0."expires_at", a0."customer_id", a0."inserted_at", a0."updated_at" FROM "api_keys" AS a0 WHERE ((a0."key" = $1) AND (a0."active" = $2)) ["rsolv_test_abc123", true]
13:17:02.349 request_id=GGBS6qC95-Z8rKYAACeC [debug] QUERY OK source="customers" db=0.8ms
SELECT c0."id", c0."name", c0."email", c0."api_key", c0."monthly_limit", c0."current_usage", c0."active", c0."metadata", c0."github_org", c0."plan", c0."user_id", c0."inserted_at", c0."updated_at" FROM "customers" AS c0 WHERE ((c0."api_key" = $1) AND (c0."active" = $2)) ["rsolv_test_abc123", true]
13:17:02.349 request_id=GGBS6qDfsqz0OpsAACKR [info] POST /api/v1/vulnerabilities/validate
13:17:02.349 request_id=GGBS6qC95-Z8rKYAACeC [info] Sent 200 in 2ms
.13:17:02.349 request_id=GGBS6qDfsqz0OpsAACKR [debug] Processing with RsolvWeb.Api.V1.VulnerabilityValidationRouter.validate/2
  Parameters: %{"files" => %{"test.js" => "console.log('Line 1');\nconsole.log('Line 2');\nconsole.log('Line 3');\nconsole.log('Line 4');\nconsole.log('Line 5');\nconsole.log('Line 6');\nconsole.log('Line 7');\nconsole.log('Line 8');\nconsole.log('Line 9');\nconsole.log('Line 10');\nconsole.log('Line 11');\nconsole.log('Line 12');\nconsole.log('Line 13');\nconsole.log('Line 14');\nconsole.log('Line 15');\nconsole.log('Line 16');\nconsole.log('Line 17');\nconsole.log('Line 18');\nconsole.log('Line 19');\nconsole.log('Line 20');\nconsole.log('Line 21');\nconsole.log('Line 22');\nconsole.log('Line 23');\nconsole.log('Line 24');\nconsole.log('Line 25');\nconsole.log('Line 26');\nconsole.log('Line 27');\nconsole.log('Line 28');\nconsole.log('Line 29');\nconsole.log('Line 30');\nconsole.log('Line 31');\nconsole.log('Line 32');\nconsole.log('Line 33');\nconsole.log('Line 34');\nconsole.log('Line 35');\nconsole.log('Line 36');\nconsole.log('Line 37');\nconsole.log('Line 38');\nconsole.log('Line 39');\nconsole.log('Line 40');\nconsole.log('Line 41');\nconsole.log('Line 42');\nconsole.log('Line 43');\nconsole.log('Line 44');\nconsole.log('Line 45');\nconsole.log('Line 46');\nconsole.log('Line 47');\nconsole.log('Line 48');\nconsole.log('Line 49');\nconsole.log('Line 50');\nconsole.log('Line 51');\nconsole.log('Line 52');\nconsole.log('Line 53');\nconsole.log('Line 54');\nconsole.log('Line 55');\nconsole.log('Line 56');\nconsole.log('Line 57');\nconsole.log('Line 58');\nconsole.log('Line 59');\nconsole.log('Line 60');\nconsole.log('Line 61');\nconsole.log('Line 62');\nconsole.log('Line 63');\nconsole.log('Line 64');\nconsole.log('Line 65');\nconsole.log('Line 66');\nconsole.log('Line 67');\nconsole.log('Line 68');\nconsole.log('Line 69');\nconsole.log('Line 70');\nconsole.log('Line 71');\nconsole.log('Line 72');\nconsole.log('Line 73');\nconsole.log('Line 74');\nconsole.log('Line 75');\nconsole.log('Line 76');\nconsole.log('Line 77');\nconsole.log('Line 78');\nconsole.log('Line 79');\nconsole.log('Line 80');\nconsole.log('Line 81');\nconsole.log('Line 82');\nconsole.log('Line 83');\nconsole.log('Line 84');\nconsole.log('Line 85');\nconsole.log('Line 86');\nconsole.log('Line 87');\nconsole.log('Line 88');\nconsole.log('Line 89');\nconsole.log('Line 90');\nconsole.log('Line 91');\nconsole.log('Line 92');\nconsole.log('Line 93');\nconsole.log('Line 94');\nconsole.log('Line 95');\nconsole.log('Line 96');\nconsole.log('Line 97');\nconsole.log('Line 98');\nconsole.log('Line 99');\nconsole.log('Line 100');\nconsole.log('Line 101');\nconsole.log('Line 102');\nconsole.log('Line 103');\nconsole.log('Line 104');\nconsole.log('Line 105');\nconsole.log('Line 106');\nconsole.log('Line 107');\nconsole.log('Line 108');\nconsole.log('Line 109');\nconsole.log('Line 110');\nconsole.log('Line 111');\nconsole.log('Line 112');\nconsole.log('Line 113');\nconsole.log('Line 114');\nconsole.log('Line 115');\nconsole.log('Line 116');\nconsole.log('Line 117');\nconsole.log('Line 118');\nconsole.log('Line 119');\nconsole.log('Line 120');\nconsole.log('Line 121');\nconsole.log('Line 122');\nconsole.log('Line 123');\nconsole.log('Line 124');\nconsole.log('Line 125');\nconsole.log('Line 126');\nconsole.log('Line 127');\nconsole.log('Line 128');\nconsole.log('Line 129');\nconsole.log('Line 130');\nconsole.log('Line 131');\nconsole.log('Line 132');\nconsole.log('Line 133');\nconsole.log('Line 134');\nconsole.log('Line 135');\nconsole.log('Line 136');\nconsole.log('Line 137');\nconsole.log('Line 138');\nconsole.log('Line 139');\nconsole.log('Line 140');\nconsole.log('Line 141');\nconsole.log('Line 142');\nconsole.log('Line 143');\nconsole.log('Line 144');\nconsole.log('Line 145');\nconsole.log('Line 146');\nconsole.log('Line 147');\nconsole.log('Line 148');\nconsole.log('Line 149');\nconsole.log('Line 150');\nconsole.log('Line 151');\nconsole.log('Line 152');\nconsole.log('Line 153');\nconsole.log('Line 154');\nconsole.log('Line 155');\nconsole.log('Line 156');\nconsole.log('Line 157');\nconsole.log('Line 158');\nconsole.log('Line 159');\nconsole.log('Line 160');\nconsole.log('Line 161');\nconsole.log('Line 162');\nconsole.log('Line 163');\nconsole.log('Line 164');\nconsole.log('Line 165');\nconsole.log('Line 166');\nconsole.log('Line 167');\nconsole.log('Line 168');\ncons" <> ...}, "vulnerabilities" => [%{"code" => "eval(userInput)", "filePath" => "test.js", "id" => "test-vuln", "line" => 10001, "patternId" => "eval-injection", "severity" => "critical"}]}
  Pipelines: [:api]
13:17:02.350 request_id=GGBS6qDqpg948jIAACgC [info] POST /api/v1/vulnerabilities/validate
13:17:02.350 request_id=GGBS6qDqpg948jIAACgC [debug] Processing with RsolvWeb.Api.V1.VulnerabilityValidationRouter.validate/2
  Parameters: %{}
  Pipelines: [:api]
13:17:02.350 request_id=GGBS6qDqpg948jIAACgC [debug] QUERY OK source="fun_with_flags_toggles" db=0.2ms
SELECT f0."id", f0."flag_name", f0."gate_type", f0."target", f0."enabled" FROM "fun_with_flags_toggles" AS f0 WHERE (f0."flag_name" = $1) ["false_positive_caching"]
13:17:02.350 request_id=GGBS6qDqpg948jIAACgC [debug] Telemetry event: [:fun_with_flags, :persistence, :read], metadata: %{flag_name: :false_positive_caching, gate: nil}, measurements: %{system_time: 1756495022350507000}
13:17:02.350 request_id=GGBS6qDqpg948jIAACgC [debug] Using standard validation controller (feature flag disabled)
13:17:02.350 request_id=GGBS6qDqpg948jIAACgC [info] Sent 401 in 525µs
.13:17:02.350 request_id=GGBS6qD3wC-uuyIAACiC [info] POST /api/v1/vulnerabilities/validate
13:17:02.350 request_id=GGBS6qD3wC-uuyIAACiC [debug] Processing with RsolvWeb.Api.V1.VulnerabilityValidationRouter.validate/2
  Parameters: %{"files" => %{"app/routes/contributions.js" => "const express = require('express');\nconst router = express.Router();\n\nrouter.post('/calculate', (req, res) => {\n  // Line 32: Unsafe eval with user input\n  const preTax = eval(req.body.preTax);\n  const afterTax = preTax * 0.9;\n  res.json({ afterTax });\n});\n\nmodule.exports = router;\n"}, "vulnerabilities" => [%{"code" => "const preTax = eval(req.body.preTax);", "filePath" => "app/routes/contributions.js", "id" => "vuln-123", "line" => 32, "patternId" => "js-eval-injection", "severity" => "critical"}]}
  Pipelines: [:api]
13:17:02.351 request_id=GGBS6qDfsqz0OpsAACKR [debug] QUERY OK source="fun_with_flags_toggles" db=1.1ms
SELECT f0."id", f0."flag_name", f0."gate_type", f0."target", f0."enabled" FROM "fun_with_flags_toggles" AS f0 WHERE (f0."flag_name" = $1) ["false_positive_caching"]
13:17:02.351 request_id=GGBS6qDfsqz0OpsAACKR [debug] Telemetry event: [:fun_with_flags, :persistence, :read], metadata: %{flag_name: :false_positive_caching, gate: nil}, measurements: %{system_time: 1756495022351097517}
13:17:02.351 request_id=GGBS6qDfsqz0OpsAACKR [debug] Using standard validation controller (feature flag disabled)
13:17:02.351 request_id=GGBS6qD3wC-uuyIAACiC [debug] QUERY OK source="fun_with_flags_toggles" db=0.1ms
SELECT f0."id", f0."flag_name", f0."gate_type", f0."target", f0."enabled" FROM "fun_with_flags_toggles" AS f0 WHERE (f0."flag_name" = $1) ["false_positive_caching"]
13:17:02.351 request_id=GGBS6qD3wC-uuyIAACiC [debug] Telemetry event: [:fun_with_flags, :persistence, :read], metadata: %{flag_name: :false_positive_caching, gate: nil}, measurements: %{system_time: 1756495022351174884}
13:17:02.351 request_id=GGBS6qD3wC-uuyIAACiC [debug] Using standard validation controller (feature flag disabled)
13:17:02.351 request_id=GGBS6qD3wC-uuyIAACiC [debug] QUERY OK source="api_keys" db=0.4ms
SELECT a0."id", a0."key", a0."name", a0."permissions", a0."active", a0."last_used_at", a0."expires_at", a0."customer_id", a0."inserted_at", a0."updated_at" FROM "api_keys" AS a0 WHERE ((a0."key" = $1) AND (a0."active" = $2)) ["rsolv_test_abc123", true]
13:17:02.351 request_id=GGBS6qDfsqz0OpsAACKR [debug] QUERY OK source="api_keys" db=0.5ms
SELECT a0."id", a0."key", a0."name", a0."permissions", a0."active", a0."last_used_at", a0."expires_at", a0."customer_id", a0."inserted_at", a0."updated_at" FROM "api_keys" AS a0 WHERE ((a0."key" = $1) AND (a0."active" = $2)) ["rsolv_test_abc123", true]
13:17:02.352 request_id=GGBS6qD3wC-uuyIAACiC [debug] QUERY OK source="customers" db=0.3ms
SELECT c0."id", c0."name", c0."email", c0."api_key", c0."monthly_limit", c0."current_usage", c0."active", c0."metadata", c0."github_org", c0."plan", c0."user_id", c0."inserted_at", c0."updated_at" FROM "customers" AS c0 WHERE ((c0."api_key" = $1) AND (c0."active" = $2)) ["rsolv_test_abc123", true]
13:17:02.352 request_id=GGBS6qD3wC-uuyIAACiC [info] Sent 200 in 1ms
.13:17:02.352 request_id=GGBS6qDfsqz0OpsAACKR [debug] QUERY OK source="customers" db=0.5ms
SELECT c0."id", c0."name", c0."email", c0."api_key", c0."monthly_limit", c0."current_usage", c0."active", c0."metadata", c0."github_org", c0."plan", c0."user_id", c0."inserted_at", c0."updated_at" FROM "customers" AS c0 WHERE ((c0."api_key" = $1) AND (c0."active" = $2)) ["rsolv_test_abc123", true]
13:17:02.352 request_id=GGBS6qESWCukKAQAABiG [info] POST /api/v1/vulnerabilities/validate
13:17:02.352 request_id=GGBS6qESWCukKAQAABiG [debug] Processing with RsolvWeb.Api.V1.VulnerabilityValidationRouter.validate/2
  Parameters: %{"files" => %{}, "vulnerabilities" => [%{"code" => "eval(x)", "filePath" => "missing.js", "id" => "vuln-789", "line" => 10, "patternId" => "js-eval-injection", "severity" => "critical"}]}
  Pipelines: [:api]
13:17:02.353 request_id=GGBS6qESWCukKAQAABiG [debug] QUERY OK source="fun_with_flags_toggles" db=0.1ms
SELECT f0."id", f0."flag_name", f0."gate_type", f0."target", f0."enabled" FROM "fun_with_flags_toggles" AS f0 WHERE (f0."flag_name" = $1) ["false_positive_caching"]
13:17:02.353 request_id=GGBS6qESWCukKAQAABiG [debug] Telemetry event: [:fun_with_flags, :persistence, :read], metadata: %{flag_name: :false_positive_caching, gate: nil}, measurements: %{system_time: 1756495022353149424}
13:17:02.353 request_id=GGBS6qESWCukKAQAABiG [debug] Using standard validation controller (feature flag disabled)
13:17:02.353 request_id=GGBS6qESWCukKAQAABiG [debug] QUERY OK source="api_keys" db=0.4ms
SELECT a0."id", a0."key", a0."name", a0."permissions", a0."active", a0."last_used_at", a0."expires_at", a0."customer_id", a0."inserted_at", a0."updated_at" FROM "api_keys" AS a0 WHERE ((a0."key" = $1) AND (a0."active" = $2)) ["rsolv_test_abc123", true]
13:17:02.354 request_id=GGBS6qESWCukKAQAABiG [debug] QUERY OK source="customers" db=0.4ms
SELECT c0."id", c0."name", c0."email", c0."api_key", c0."monthly_limit", c0."current_usage", c0."active", c0."metadata", c0."github_org", c0."plan", c0."user_id", c0."inserted_at", c0."updated_at" FROM "customers" AS c0 WHERE ((c0."api_key" = $1) AND (c0."active" = $2)) ["rsolv_test_abc123", true]
13:17:02.354 request_id=GGBS6qESWCukKAQAABiG [info] Sent 200 in 1ms
.13:17:02.364 request_id=GGBS6qDfsqz0OpsAACKR [info] Sent 200 in 15ms


  2) test Edge Cases and Error Handling handles very large files efficiently (Rsolv.Integration.ASTValidationComprehensiveTest)
     test/integration/ast_validation_comprehensive_test.exs:300
     Assertion with >= failed
     code:  assert result["confidence"] >= 0.8
     left:  0.6
     right: 0.8
     stacktrace:
       test/integration/ast_validation_comprehensive_test.exs:317: (test)

13:17:02.365 request_id=GGBS6qHTB7sz92cAABkG [info] POST /api/v1/vulnerabilities/validate
13:17:02.365 request_id=GGBS6qHTB7sz92cAABkG [debug] Processing with RsolvWeb.Api.V1.VulnerabilityValidationRouter.validate/2
  Parameters: %{"files" => %{"test.js" => "# exec(user_input)\nprint('safe')"}, "vulnerabilities" => [%{"code" => "# exec(user_input)", "filePath" => "test.js", "id" => "test-vuln", "line" => 1, "patternId" => "eval-injection", "severity" => "critical"}]}
  Pipelines: [:api]
13:17:02.365 request_id=GGBS6qHTB7sz92cAABkG [debug] QUERY OK source="fun_with_flags_toggles" db=0.1ms
SELECT f0."id", f0."flag_name", f0."gate_type", f0."target", f0."enabled" FROM "fun_with_flags_toggles" AS f0 WHERE (f0."flag_name" = $1) ["false_positive_caching"]
13:17:02.365 request_id=GGBS6qHTB7sz92cAABkG [debug] Telemetry event: [:fun_with_flags, :persistence, :read], metadata: %{flag_name: :false_positive_caching, gate: nil}, measurements: %{system_time: 1756495022365818613}
13:17:02.365 request_id=GGBS6qHTB7sz92cAABkG [debug] Using standard validation controller (feature flag disabled)
13:17:02.366 request_id=GGBS6qHTB7sz92cAABkG [debug] QUERY OK source="api_keys" db=0.5ms
SELECT a0."id", a0."key", a0."name", a0."permissions", a0."active", a0."last_used_at", a0."expires_at", a0."customer_id", a0."inserted_at", a0."updated_at" FROM "api_keys" AS a0 WHERE ((a0."key" = $1) AND (a0."active" = $2)) ["rsolv_test_abc123", true]
13:17:02.367 request_id=GGBS6qHTB7sz92cAABkG [debug] QUERY OK source="customers" db=0.4ms
SELECT c0."id", c0."name", c0."email", c0."api_key", c0."monthly_limit", c0."current_usage", c0."active", c0."metadata", c0."github_org", c0."plan", c0."user_id", c0."inserted_at", c0."updated_at" FROM "customers" AS c0 WHERE ((c0."api_key" = $1) AND (c0."active" = $2)) ["rsolv_test_abc123", true]
13:17:02.367 request_id=GGBS6qHTB7sz92cAABkG [info] Sent 200 in 2ms
13:17:02.367 request_id=GGBS6qHzy8Uz92cAACmF [info] POST /api/v1/vulnerabilities/validate
13:17:02.367 request_id=GGBS6qHzy8Uz92cAACmF [debug] Processing with RsolvWeb.Api.V1.VulnerabilityValidationRouter.validate/2
  Parameters: %{"files" => %{"test.js" => "\"\"\"\nDangerous:\nexec(user_input)\n\"\"\"\nprint('safe')"}, "vulnerabilities" => [%{"code" => "exec(user_input)", "filePath" => "test.js", "id" => "test-vuln", "line" => 3, "patternId" => "eval-injection", "severity" => "critical"}]}
  Pipelines: [:api]
.13:17:02.367 request_id=GGBS6qHzy8Uz92cAACmF [debug] QUERY OK source="fun_with_flags_toggles" db=0.1ms
SELECT f0."id", f0."flag_name", f0."gate_type", f0."target", f0."enabled" FROM "fun_with_flags_toggles" AS f0 WHERE (f0."flag_name" = $1) ["false_positive_caching"]
13:17:02.367 request_id=GGBS6qHzy8Uz92cAACmF [debug] Telemetry event: [:fun_with_flags, :persistence, :read], metadata: %{flag_name: :false_positive_caching, gate: nil}, measurements: %{system_time: 1756495022367781844}
13:17:02.367 request_id=GGBS6qHzy8Uz92cAACmF [debug] Using standard validation controller (feature flag disabled)
13:17:02.368 request_id=GGBS6qHzy8Uz92cAACmF [debug] QUERY OK source="api_keys" db=0.1ms
SELECT a0."id", a0."key", a0."name", a0."permissions", a0."active", a0."last_used_at", a0."expires_at", a0."customer_id", a0."inserted_at", a0."updated_at" FROM "api_keys" AS a0 WHERE ((a0."key" = $1) AND (a0."active" = $2)) ["rsolv_test_abc123", true]
13:17:02.368 [info] Attempting to tag subscriber
13:17:02.368 [warning] ConvertKit API key not configured for tagging
13:17:02.368 request_id=GGBS6qHzy8Uz92cAACmF [debug] QUERY OK source="customers" db=0.1ms
SELECT c0."id", c0."name", c0."email", c0."api_key", c0."monthly_limit", c0."current_usage", c0."active", c0."metadata", c0."github_org", c0."plan", c0."user_id", c0."inserted_at", c0."updated_at" FROM "customers" AS c0 WHERE ((c0."api_key" = $1) AND (c0."active" = $2)) ["rsolv_test_abc123", true]
.13:17:02.368 request_id=GGBS6qHzy8Uz92cAACmF [info] Sent 200 in 1ms
.13:17:02.368 [info] ConvertKit: Attempting to unsubscribe user
13:17:02.368 [info] ConvertKit: No subscribers found for email
.13:17:02.368 [info] ConvertKit: Subscriber not found for unsubscribe
13:17:02.368 request_id=GGBS6qII9m50quoAABmG [info] POST /api/v1/vulnerabilities/validate
13:17:02.368 request_id=GGBS6qII9m50quoAABmG [debug] Processing with RsolvWeb.Api.V1.VulnerabilityValidationRouter.validate/2
  Parameters: %{"files" => %{"test.js" => "def execute\n  result = eval(params[:code])\n  render json: { result: result }\nend\n"}, "vulnerabilities" => [%{"code" => "eval(params[:code])", "filePath" => "test.js", "id" => "test-vuln", "line" => 3, "patternId" => "eval-injection", "severity" => "critical"}]}
  Pipelines: [:api]
13:17:02.369 [info] ConvertKit API key present: true
13:17:02.369 request_id=GGBS6qII9m50quoAABmG [debug] QUERY OK source="fun_with_flags_toggles" db=0.1ms
SELECT f0."id", f0."flag_name", f0."gate_type", f0."target", f0."enabled" FROM "fun_with_flags_toggles" AS f0 WHERE (f0."flag_name" = $1) ["false_positive_caching"]
13:17:02.369 [error] ConvertKit HTTP request failed
13:17:02.369 [warning] ConvertKit: Failed to add subscriber via primary endpoint
13:17:02.369 request_id=GGBS6qII9m50quoAABmG [debug] Telemetry event: [:fun_with_flags, :persistence, :read], metadata: %{flag_name: :false_positive_caching, gate: nil}, measurements: %{system_time: 1756495022369260155}
13:17:02.369 request_id=GGBS6qII9m50quoAABmG [debug] Using standard validation controller (feature flag disabled)
13:17:02.369 [info] ConvertKit: Trying fallback to form-specific endpoint
13:17:02.369 [info] ConvertKit: Using form-specific endpoint as fallback for test@example.com
13:17:02.369 [info] ConvertKit API request successful
13:17:02.369 [info] ConvertKit: Successfully added subscriber via fallback endpoint
.13:17:02.369 request_id=GGBS6qII9m50quoAABmG [debug] QUERY OK source="api_keys" db=0.2ms queue=0.1ms
SELECT a0."id", a0."key", a0."name", a0."permissions", a0."active", a0."last_used_at", a0."expires_at", a0."customer_id", a0."inserted_at", a0."updated_at" FROM "api_keys" AS a0 WHERE ((a0."key" = $1) AND (a0."active" = $2)) ["rsolv_test_abc123", true]
13:17:02.369 [info] ConvertKit API key present: false
13:17:02.369 [warning] ConvertKit API key not configured
.13:17:02.370 request_id=GGBS6qII9m50quoAABmG [debug] QUERY OK source="customers" db=0.1ms
SELECT c0."id", c0."name", c0."email", c0."api_key", c0."monthly_limit", c0."current_usage", c0."active", c0."metadata", c0."github_org", c0."plan", c0."user_id", c0."inserted_at", c0."updated_at" FROM "customers" AS c0 WHERE ((c0."api_key" = $1) AND (c0."active" = $2)) ["rsolv_test_abc123", true]
.13:17:02.370 request_id=GGBS6qII9m50quoAABmG [info] Sent 200 in 1ms
13:17:02.370 request_id=GGBS6qImIJT1jNkAACoF [info] POST /api/v1/vulnerabilities/validate
13:17:02.370 request_id=GGBS6qImIJT1jNkAACoF [debug] Processing with RsolvWeb.Api.V1.VulnerabilityValidationRouter.validate/2
  Parameters: %{"files" => %{"test.js" => "@app.route('/execute', methods=['POST'])\ndef execute():\n    code = request.form['code']\n    exec(code)\n    return 'OK'\n"}, "vulnerabilities" => [%{"code" => "exec(request.form['code'])", "filePath" => "test.js", "id" => "test-vuln", "line" => 4, "patternId" => "eval-injection", "severity" => "critical"}]}
  Pipelines: [:api]
13:17:02.371 request_id=GGBS6qImIJT1jNkAACoF [debug] QUERY OK source="fun_with_flags_toggles" db=0.2ms
SELECT f0."id", f0."flag_name", f0."gate_type", f0."target", f0."enabled" FROM "fun_with_flags_toggles" AS f0 WHERE (f0."flag_name" = $1) ["false_positive_caching"]
13:17:02.371 request_id=GGBS6qImIJT1jNkAACoF [debug] Telemetry event: [:fun_with_flags, :persistence, :read], metadata: %{flag_name: :false_positive_caching, gate: nil}, measurements: %{system_time: 1756495022371233540}
13:17:02.371 request_id=GGBS6qImIJT1jNkAACoF [debug] Using standard validation controller (feature flag disabled)
13:17:02.371 request_id=GGBS6qImIJT1jNkAACoF [debug] QUERY OK source="api_keys" db=0.5ms
SELECT a0."id", a0."key", a0."name", a0."permissions", a0."active", a0."last_used_at", a0."expires_at", a0."customer_id", a0."inserted_at", a0."updated_at" FROM "api_keys" AS a0 WHERE ((a0."key" = $1) AND (a0."active" = $2)) ["rsolv_test_abc123", true]
13:17:02.372 request_id=GGBS6qImIJT1jNkAACoF [debug] QUERY OK source="customers" db=0.1ms
SELECT c0."id", c0."name", c0."email", c0."api_key", c0."monthly_limit", c0."current_usage", c0."active", c0."metadata", c0."github_org", c0."plan", c0."user_id", c0."inserted_at", c0."updated_at" FROM "customers" AS c0 WHERE ((c0."api_key" = $1) AND (c0."active" = $2)) ["rsolv_test_abc123", true]
13:17:02.372 request_id=GGBS6qImIJT1jNkAACoF [info] Sent 200 in 1ms
.13:17:02.372 request_id=GGBS6qJGcvJYKOEAACMR [info] POST /api/v1/vulnerabilities/validate
13:17:02.372 request_id=GGBS6qJGcvJYKOEAACMR [debug] Processing with RsolvWeb.Api.V1.VulnerabilityValidationRouter.validate/2
  Parameters: %{"files" => %{"test.js" => "# eval(user_input)\nputs 'safe'"}, "vulnerabilities" => [%{"code" => "# eval(user_input)", "filePath" => "test.js", "id" => "test-vuln", "line" => 1, "patternId" => "eval-injection", "severity" => "critical"}]}
  Pipelines: [:api]
13:17:02.374 request_id=GGBS6qJGcvJYKOEAACMR [debug] QUERY OK source="fun_with_flags_toggles" db=1.1ms
SELECT f0."id", f0."flag_name", f0."gate_type", f0."target", f0."enabled" FROM "fun_with_flags_toggles" AS f0 WHERE (f0."flag_name" = $1) ["false_positive_caching"]
13:17:02.374 request_id=GGBS6qJGcvJYKOEAACMR [debug] Telemetry event: [:fun_with_flags, :persistence, :read], metadata: %{flag_name: :false_positive_caching, gate: nil}, measurements: %{system_time: 1756495022374281903}
13:17:02.374 request_id=GGBS6qJGcvJYKOEAACMR [debug] Using standard validation controller (feature flag disabled)
13:17:02.375 request_id=GGBS6qJGcvJYKOEAACMR [debug] QUERY OK source="api_keys" db=0.7ms
SELECT a0."id", a0."key", a0."name", a0."permissions", a0."active", a0."last_used_at", a0."expires_at", a0."customer_id", a0."inserted_at", a0."updated_at" FROM "api_keys" AS a0 WHERE ((a0."key" = $1) AND (a0."active" = $2)) ["rsolv_test_abc123", true]
13:17:02.375 request_id=GGBS6qJGcvJYKOEAACMR [debug] QUERY OK source="customers" db=0.7ms
SELECT c0."id", c0."name", c0."email", c0."api_key", c0."monthly_limit", c0."current_usage", c0."active", c0."metadata", c0."github_org", c0."plan", c0."user_id", c0."inserted_at", c0."updated_at" FROM "customers" AS c0 WHERE ((c0."api_key" = $1) AND (c0."active" = $2)) ["rsolv_test_abc123", true]
13:17:02.376 request_id=GGBS6qJGcvJYKOEAACMR [info] Sent 200 in 3ms
13:17:02.376 request_id=GGBS6qJ6i3VYKOEAACOR [info] POST /api/v1/vulnerabilities/validate
13:17:02.376 request_id=GGBS6qJ6i3VYKOEAACOR [debug] Processing with RsolvWeb.Api.V1.VulnerabilityValidationRouter.validate/2
  Parameters: %{"files" => %{"test.js" => "=begin\nDon't do this:\neval(user_input)\n=end\nputs 'safe'"}, "vulnerabilities" => [%{"code" => "eval(user_input)", "filePath" => "test.js", "id" => "test-vuln", "line" => 3, "patternId" => "eval-injection", "severity" => "critical"}]}
  Pipelines: [:api]
13:17:02.377 request_id=GGBS6qJ6i3VYKOEAACOR [debug] QUERY OK source="fun_with_flags_toggles" db=0.5ms
SELECT f0."id", f0."flag_name", f0."gate_type", f0."target", f0."enabled" FROM "fun_with_flags_toggles" AS f0 WHERE (f0."flag_name" = $1) ["false_positive_caching"]
13:17:02.377 request_id=GGBS6qJ6i3VYKOEAACOR [debug] Telemetry event: [:fun_with_flags, :persistence, :read], metadata: %{flag_name: :false_positive_caching, gate: nil}, measurements: %{system_time: 1756495022377062756}
13:17:02.377 request_id=GGBS6qJ6i3VYKOEAACOR [debug] Using standard validation controller (feature flag disabled)
13:17:02.377 request_id=GGBS6qJ6i3VYKOEAACOR [debug] QUERY OK source="api_keys" db=0.1ms
SELECT a0."id", a0."key", a0."name", a0."permissions", a0."active", a0."last_used_at", a0."expires_at", a0."customer_id", a0."inserted_at", a0."updated_at" FROM "api_keys" AS a0 WHERE ((a0."key" = $1) AND (a0."active" = $2)) ["rsolv_test_abc123", true]
13:17:02.377 request_id=GGBS6qJ6i3VYKOEAACOR [debug] QUERY OK source="customers" db=0.1ms
SELECT c0."id", c0."name", c0."email", c0."api_key", c0."monthly_limit", c0."current_usage", c0."active", c0."metadata", c0."github_org", c0."plan", c0."user_id", c0."inserted_at", c0."updated_at" FROM "customers" AS c0 WHERE ((c0."api_key" = $1) AND (c0."active" = $2)) ["rsolv_test_abc123", true]
13:17:02.377 request_id=GGBS6qJ6i3VYKOEAACOR [info] Sent 200 in 1ms
.13:17:02.378 request_id=GGBS6qKWJcousuMAABUJ [info] POST /api/v1/vulnerabilities/validate
13:17:02.378 request_id=GGBS6qKWJcousuMAABUJ [debug] Processing with RsolvWeb.Api.V1.VulnerabilityValidationRouter.validate/2
  Parameters: %{"files" => %{"test.js" => "// eval(userInput)\nconsole.log('safe');"}, "vulnerabilities" => [%{"code" => "// eval(userInput)", "filePath" => "test.js", "id" => "test-vuln", "line" => 1, "patternId" => "eval-injection", "severity" => "critical"}]}
  Pipelines: [:api]
13:17:02.378 request_id=GGBS6qKWJcousuMAABUJ [debug] QUERY OK source="fun_with_flags_toggles" db=0.4ms
SELECT f0."id", f0."flag_name", f0."gate_type", f0."target", f0."enabled" FROM "fun_with_flags_toggles" AS f0 WHERE (f0."flag_name" = $1) ["false_positive_caching"]
13:17:02.378 request_id=GGBS6qKWJcousuMAABUJ [debug] Telemetry event: [:fun_with_flags, :persistence, :read], metadata: %{flag_name: :false_positive_caching, gate: nil}, measurements: %{system_time: 1756495022378721125}
13:17:02.378 request_id=GGBS6qKWJcousuMAABUJ [debug] Using standard validation controller (feature flag disabled)
13:17:02.379 request_id=GGBS6qKWJcousuMAABUJ [debug] QUERY OK source="api_keys" db=0.4ms
SELECT a0."id", a0."key", a0."name", a0."permissions", a0."active", a0."last_used_at", a0."expires_at", a0."customer_id", a0."inserted_at", a0."updated_at" FROM "api_keys" AS a0 WHERE ((a0."key" = $1) AND (a0."active" = $2)) ["rsolv_test_abc123", true]
13:17:02.379 request_id=GGBS6qKWJcousuMAABUJ [debug] QUERY OK source="customers" db=0.2ms
SELECT c0."id", c0."name", c0."email", c0."api_key", c0."monthly_limit", c0."current_usage", c0."active", c0."metadata", c0."github_org", c0."plan", c0."user_id", c0."inserted_at", c0."updated_at" FROM "customers" AS c0 WHERE ((c0."api_key" = $1) AND (c0."active" = $2)) ["rsolv_test_abc123", true]
13:17:02.379 request_id=GGBS6qKWJcousuMAABUJ [info] Sent 200 in 1ms
13:17:02.379 request_id=GGBS6qKyCecusuMAAH-H [info] POST /api/v1/vulnerabilities/validate
13:17:02.380 request_id=GGBS6qKyCecusuMAAH-H [debug] Processing with RsolvWeb.Api.V1.VulnerabilityValidationRouter.validate/2
  Parameters: %{"files" => %{"test.js" => "const x = 5; // eval(userInput); // TODO: fix this"}, "vulnerabilities" => [%{"code" => "eval(userInput); // TODO: fix this", "filePath" => "test.js", "id" => "test-vuln", "line" => 1, "patternId" => "eval-injection", "severity" => "critical"}]}
  Pipelines: [:api]
13:17:02.380 request_id=GGBS6qKyCecusuMAAH-H [debug] QUERY OK source="fun_with_flags_toggles" db=0.2ms
SELECT f0."id", f0."flag_name", f0."gate_type", f0."target", f0."enabled" FROM "fun_with_flags_toggles" AS f0 WHERE (f0."flag_name" = $1) ["false_positive_caching"]
13:17:02.380 request_id=GGBS6qKyCecusuMAAH-H [debug] Telemetry event: [:fun_with_flags, :persistence, :read], metadata: %{flag_name: :false_positive_caching, gate: nil}, measurements: %{system_time: 1756495022380399615}
13:17:02.380 request_id=GGBS6qKyCecusuMAAH-H [debug] Using standard validation controller (feature flag disabled)
13:17:02.380 request_id=GGBS6qKyCecusuMAAH-H [debug] QUERY OK source="api_keys" db=0.1ms
SELECT a0."id", a0."key", a0."name", a0."permissions", a0."active", a0."last_used_at", a0."expires_at", a0."customer_id", a0."inserted_at", a0."updated_at" FROM "api_keys" AS a0 WHERE ((a0."key" = $1) AND (a0."active" = $2)) ["rsolv_test_abc123", true]
13:17:02.381 request_id=GGBS6qKyCecusuMAAH-H [debug] QUERY OK source="customers" db=0.3ms
SELECT c0."id", c0."name", c0."email", c0."api_key", c0."monthly_limit", c0."current_usage", c0."active", c0."metadata", c0."github_org", c0."plan", c0."user_id", c0."inserted_at", c0."updated_at" FROM "customers" AS c0 WHERE ((c0."api_key" = $1) AND (c0."active" = $2)) ["rsolv_test_abc123", true]
13:17:02.381 request_id=GGBS6qKyCecusuMAAH-H [info] Sent 200 in 1ms
13:17:02.381 request_id=GGBS6qLHtfYusuMAAIAH [info] POST /api/v1/vulnerabilities/validate
13:17:02.381 request_id=GGBS6qLHtfYusuMAAIAH [debug] Processing with RsolvWeb.Api.V1.VulnerabilityValidationRouter.validate/2
  Parameters: %{"files" => %{"test.js" => "// This is safe\neval(userInput);\n// Another comment"}, "vulnerabilities" => [%{"code" => "eval(userInput)", "filePath" => "test.js", "id" => "test-vuln", "line" => 2, "patternId" => "eval-injection", "severity" => "critical"}]}
  Pipelines: [:api]
13:17:02.381 request_id=GGBS6qLHtfYusuMAAIAH [debug] QUERY OK source="fun_with_flags_toggles" db=0.1ms
SELECT f0."id", f0."flag_name", f0."gate_type", f0."target", f0."enabled" FROM "fun_with_flags_toggles" AS f0 WHERE (f0."flag_name" = $1) ["false_positive_caching"]
13:17:02.381 request_id=GGBS6qLHtfYusuMAAIAH [debug] Telemetry event: [:fun_with_flags, :persistence, :read], metadata: %{flag_name: :false_positive_caching, gate: nil}, measurements: %{system_time: 1756495022381618391}
13:17:02.381 request_id=GGBS6qLHtfYusuMAAIAH [debug] Using standard validation controller (feature flag disabled)
13:17:02.381 request_id=GGBS6qLHtfYusuMAAIAH [debug] QUERY OK source="api_keys" db=0.1ms
SELECT a0."id", a0."key", a0."name", a0."permissions", a0."active", a0."last_used_at", a0."expires_at", a0."customer_id", a0."inserted_at", a0."updated_at" FROM "api_keys" AS a0 WHERE ((a0."key" = $1) AND (a0."active" = $2)) ["rsolv_test_abc123", true]
13:17:02.382 request_id=GGBS6qLHtfYusuMAAIAH [debug] QUERY OK source="customers" db=0.1ms
SELECT c0."id", c0."name", c0."email", c0."api_key", c0."monthly_limit", c0."current_usage", c0."active", c0."metadata", c0."github_org", c0."plan", c0."user_id", c0."inserted_at", c0."updated_at" FROM "customers" AS c0 WHERE ((c0."api_key" = $1) AND (c0."active" = $2)) ["rsolv_test_abc123", true]
13:17:02.382 request_id=GGBS6qLHtfYusuMAAIAH [info] Sent 200 in 872µs
13:17:02.382 request_id=GGBS6qLbzq6yHzsAAICH [info] POST /api/v1/vulnerabilities/validate


13:17:02.382 request_id=GGBS6qLbzq6yHzsAAICH [debug] Processing with RsolvWeb.Api.V1.VulnerabilityValidationRouter.validate/2
  Parameters: %{"files" => %{"test.js" => "message = 'exec() is bad'"}, "vulnerabilities" => [%{"code" => "message = 'exec() is bad'", "filePath" => "test.js", "id" => "test-vuln", "line" => 1, "patternId" => "eval-injection", "severity" => "critical"}]}
  Pipelines: [:api]
  3) test Comment Detection Tests detects single-line JavaScript comments (Rsolv.Integration.ASTValidationComprehensiveTest)
     test/integration/ast_validation_comprehensive_test.exs:26
     Assertion with >= failed
     code:  assert result["confidence"] >= 0.8
     left:  0.6
     right: 0.8
     stacktrace:
       (elixir 1.18.4) lib/enum.ex:1714: Enum."-map/2-lists^map/1-1-"/2
       (elixir 1.18.4) lib/enum.ex:1714: Enum."-map/2-lists^map/1-1-"/2
       test/integration/ast_validation_comprehensive_test.exs:51: (test)

13:17:02.383 request_id=GGBS6qLbzq6yHzsAAICH [debug] QUERY OK source="fun_with_flags_toggles" db=0.1ms
SELECT f0."id", f0."flag_name", f0."gate_type", f0."target", f0."enabled" FROM "fun_with_flags_toggles" AS f0 WHERE (f0."flag_name" = $1) ["false_positive_caching"]
13:17:02.383 request_id=GGBS6qLbzq6yHzsAAICH [debug] Telemetry event: [:fun_with_flags, :persistence, :read], metadata: %{flag_name: :false_positive_caching, gate: nil}, measurements: %{system_time: 1756495022383073158}
13:17:02.383 request_id=GGBS6qLbzq6yHzsAAICH [debug] Using standard validation controller (feature flag disabled)
13:17:02.383 request_id=GGBS6qLbzq6yHzsAAICH [debug] QUERY OK source="api_keys" db=0.2ms
SELECT a0."id", a0."key", a0."name", a0."permissions", a0."active", a0."last_used_at", a0."expires_at", a0."customer_id", a0."inserted_at", a0."updated_at" FROM "api_keys" AS a0 WHERE ((a0."key" = $1) AND (a0."active" = $2)) ["rsolv_test_abc123", true]
13:17:02.383 request_id=GGBS6qLbzq6yHzsAAICH [debug] QUERY OK source="customers" db=0.2ms
SELECT c0."id", c0."name", c0."email", c0."api_key", c0."monthly_limit", c0."current_usage", c0."active", c0."metadata", c0."github_org", c0."plan", c0."user_id", c0."inserted_at", c0."updated_at" FROM "customers" AS c0 WHERE ((c0."api_key" = $1) AND (c0."active" = $2)) ["rsolv_test_abc123", true]
13:17:02.383 request_id=GGBS6qLbzq6yHzsAAICH [info] Sent 200 in 1ms
13:17:02.383 request_id=GGBS6qLvyJWyHzsAACqF [info] POST /api/v1/vulnerabilities/validate
13:17:02.384 request_id=GGBS6qLvyJWyHzsAACqF [debug] Processing with RsolvWeb.Api.V1.VulnerabilityValidationRouter.validate/2
  Parameters: %{"files" => %{"test.js" => "doc = '''exec(user_input)'''"}, "vulnerabilities" => [%{"code" => "doc = '''exec(user_input)'''", "filePath" => "test.js", "id" => "test-vuln", "line" => 1, "patternId" => "eval-injection", "severity" => "critical"}]}
  Pipelines: [:api]
13:17:02.384 request_id=GGBS6qLvyJWyHzsAACqF [debug] QUERY OK source="fun_with_flags_toggles" db=0.0ms
SELECT f0."id", f0."flag_name", f0."gate_type", f0."target", f0."enabled" FROM "fun_with_flags_toggles" AS f0 WHERE (f0."flag_name" = $1) ["false_positive_caching"]
13:17:02.384 request_id=GGBS6qLvyJWyHzsAACqF [debug] Telemetry event: [:fun_with_flags, :persistence, :read], metadata: %{flag_name: :false_positive_caching, gate: nil}, measurements: %{system_time: 1756495022384278619}
13:17:02.384 request_id=GGBS6qLvyJWyHzsAACqF [debug] Using standard validation controller (feature flag disabled)
13:17:02.384 request_id=GGBS6qLvyJWyHzsAACqF [debug] QUERY OK source="api_keys" db=0.0ms
SELECT a0."id", a0."key", a0."name", a0."permissions", a0."active", a0."last_used_at", a0."expires_at", a0."customer_id", a0."inserted_at", a0."updated_at" FROM "api_keys" AS a0 WHERE ((a0."key" = $1) AND (a0."active" = $2)) ["rsolv_test_abc123", true]
13:17:02.384 request_id=GGBS6qLvyJWyHzsAACqF [debug] QUERY OK source="customers" db=0.0ms
SELECT c0."id", c0."name", c0."email", c0."api_key", c0."monthly_limit", c0."current_usage", c0."active", c0."metadata", c0."github_org", c0."plan", c0."user_id", c0."inserted_at", c0."updated_at" FROM "customers" AS c0 WHERE ((c0."api_key" = $1) AND (c0."active" = $2)) ["rsolv_test_abc123", true]
13:17:02.384 request_id=GGBS6qLvyJWyHzsAACqF [info] Sent 200 in 711µs
.13:17:02.384 request_id=GGBS6qL-7D9w9sYAADwD [info] POST /api/v1/vulnerabilities/validate
13:17:02.385 request_id=GGBS6qL-7D9w9sYAADwD [debug] Processing with RsolvWeb.Api.V1.VulnerabilityValidationRouter.validate/2
  Parameters: %{"files" => %{"test.js" => "app.post('/calc', (req, res) => {\n  const result = eval(req.body.expression);\n  res.json({result});\n});\n"}, "vulnerabilities" => [%{"code" => "eval(req.body.expression)", "filePath" => "test.js", "id" => "test-vuln", "line" => 5, "patternId" => "eval-injection", "severity" => "critical"}]}
  Pipelines: [:api]
13:17:02.385 request_id=GGBS6qL-7D9w9sYAADwD [debug] QUERY OK source="fun_with_flags_toggles" db=0.0ms
SELECT f0."id", f0."flag_name", f0."gate_type", f0."target", f0."enabled" FROM "fun_with_flags_toggles" AS f0 WHERE (f0."flag_name" = $1) ["false_positive_caching"]
13:17:02.385 request_id=GGBS6qL-7D9w9sYAADwD [debug] Telemetry event: [:fun_with_flags, :persistence, :read], metadata: %{flag_name: :false_positive_caching, gate: nil}, measurements: %{system_time: 1756495022385151095}
13:17:02.385 request_id=GGBS6qL-7D9w9sYAADwD [debug] Using standard validation controller (feature flag disabled)
13:17:02.385 request_id=GGBS6qL-7D9w9sYAADwD [debug] QUERY OK source="api_keys" db=0.1ms
SELECT a0."id", a0."key", a0."name", a0."permissions", a0."active", a0."last_used_at", a0."expires_at", a0."customer_id", a0."inserted_at", a0."updated_at" FROM "api_keys" AS a0 WHERE ((a0."key" = $1) AND (a0."active" = $2)) ["rsolv_test_abc123", true]
13:17:02.385 request_id=GGBS6qL-7D9w9sYAADwD [debug] QUERY OK source="customers" db=0.1ms
SELECT c0."id", c0."name", c0."email", c0."api_key", c0."monthly_limit", c0."current_usage", c0."active", c0."metadata", c0."github_org", c0."plan", c0."user_id", c0."inserted_at", c0."updated_at" FROM "customers" AS c0 WHERE ((c0."api_key" = $1) AND (c0."active" = $2)) ["rsolv_test_abc123", true]
13:17:02.385 request_id=GGBS6qL-7D9w9sYAADwD [info] Sent 200 in 814µs
13:17:02.385 request_id=GGBS6qMMmpNw9sYAACwP [info] POST /api/v1/vulnerabilities/validate
13:17:02.385 request_id=GGBS6qMMmpNw9sYAACwP [debug] Processing with RsolvWeb.Api.V1.VulnerabilityValidationRouter.validate/2
  Parameters: %{"files" => %{"test.js" => "const userExpression = req.query.expr;\n// Process user input\nconst result = eval(userExpression);\n"}, "vulnerabilities" => [%{"code" => "eval(userExpression)", "filePath" => "test.js", "id" => "test-vuln", "line" => 3, "patternId" => "eval-injection", "severity" => "critical"}]}
  Pipelines: [:api]
13:17:02.386 request_id=GGBS6qMMmpNw9sYAACwP [debug] QUERY OK source="fun_with_flags_toggles" db=0.1ms
SELECT f0."id", f0."flag_name", f0."gate_type", f0."target", f0."enabled" FROM "fun_with_flags_toggles" AS f0 WHERE (f0."flag_name" = $1) ["false_positive_caching"]
13:17:02.386 request_id=GGBS6qMMmpNw9sYAACwP [debug] Telemetry event: [:fun_with_flags, :persistence, :read], metadata: %{flag_name: :false_positive_caching, gate: nil}, measurements: %{system_time: 1756495022386169125}
13:17:02.386 request_id=GGBS6qMMmpNw9sYAACwP [debug] Using standard validation controller (feature flag disabled)
13:17:02.386 request_id=GGBS6qMMmpNw9sYAACwP [debug] QUERY OK source="api_keys" db=0.1ms
SELECT a0."id", a0."key", a0."name", a0."permissions", a0."active", a0."last_used_at", a0."expires_at", a0."customer_id", a0."inserted_at", a0."updated_at" FROM "api_keys" AS a0 WHERE ((a0."key" = $1) AND (a0."active" = $2)) ["rsolv_test_abc123", true]
13:17:02.386 request_id=GGBS6qMMmpNw9sYAACwP [debug] QUERY OK source="customers" db=0.1ms
SELECT c0."id", c0."name", c0."email", c0."api_key", c0."monthly_limit", c0."current_usage", c0."active", c0."metadata", c0."github_org", c0."plan", c0."user_id", c0."inserted_at", c0."updated_at" FROM "customers" AS c0 WHERE ((c0."api_key" = $1) AND (c0."active" = $2)) ["rsolv_test_abc123", true]
13:17:02.386 request_id=GGBS6qMMmpNw9sYAACwP [info] Sent 200 in 967µs


  4) test User Input Flow Detection Tests detects direct user input usage (Rsolv.Integration.ASTValidationComprehensiveTest)
     test/integration/ast_validation_comprehensive_test.exs:215
     Assertion with >= failed
     code:  assert result["confidence"] >= 0.9
     left:  0.85
     right: 0.9
     stacktrace:
       test/integration/ast_validation_comprehensive_test.exs:255: anonymous fn/3 in Rsolv.Integration.ASTValidationComprehensiveTest."test User Input Flow Detection Tests detects direct user input usage"/1
       (elixir 1.18.4) lib/enum.ex:1714: Enum."-map/2-lists^map/1-1-"/2
       (elixir 1.18.4) lib/enum.ex:1714: Enum."-map/2-lists^map/1-1-"/2
       test/integration/ast_validation_comprehensive_test.exs:249: (test)

13:17:02.387 request_id=GGBS6qMn_Tjmi1UAACsF [info] POST /api/v1/vulnerabilities/validate
13:17:02.387 request_id=GGBS6qMn_Tjmi1UAACsF [debug] Processing with RsolvWeb.Api.V1.VulnerabilityValidationRouter.validate/2
  Parameters: %{"files" => %{"test.js" => "function broken() { eval("}, "vulnerabilities" => [%{"code" => "eval(", "filePath" => "test.js", "id" => "test-vuln", "line" => 1, "patternId" => "eval-injection", "severity" => "critical"}]}
  Pipelines: [:api]
13:17:02.387 request_id=GGBS6qMn_Tjmi1UAACsF [debug] QUERY OK source="fun_with_flags_toggles" db=0.1ms
SELECT f0."id", f0."flag_name", f0."gate_type", f0."target", f0."enabled" FROM "fun_with_flags_toggles" AS f0 WHERE (f0."flag_name" = $1) ["false_positive_caching"]
13:17:02.388 request_id=GGBS6qMn_Tjmi1UAACsF [debug] Telemetry event: [:fun_with_flags, :persistence, :read], metadata: %{flag_name: :false_positive_caching, gate: nil}, measurements: %{system_time: 1756495022388101936}
13:17:02.388 request_id=GGBS6qMn_Tjmi1UAACsF [debug] Using standard validation controller (feature flag disabled)
13:17:02.388 request_id=GGBS6qMn_Tjmi1UAACsF [debug] QUERY OK source="api_keys" db=0.1ms
SELECT a0."id", a0."key", a0."name", a0."permissions", a0."active", a0."last_used_at", a0."expires_at", a0."customer_id", a0."inserted_at", a0."updated_at" FROM "api_keys" AS a0 WHERE ((a0."key" = $1) AND (a0."active" = $2)) ["rsolv_test_abc123", true]
13:17:02.388 request_id=GGBS6qMn_Tjmi1UAACsF [debug] QUERY OK source="customers" db=0.1ms queue=0.1ms
SELECT c0."id", c0."name", c0."email", c0."api_key", c0."monthly_limit", c0."current_usage", c0."active", c0."metadata", c0."github_org", c0."plan", c0."user_id", c0."inserted_at", c0."updated_at" FROM "customers" AS c0 WHERE ((c0."api_key" = $1) AND (c0."active" = $2)) ["rsolv_test_abc123", true]
13:17:02.388 request_id=GGBS6qMn_Tjmi1UAACsF [info] Sent 200 in 1ms
13:17:02.388 request_id=GGBS6qM8qkfmi1UAACuF [info] POST /api/v1/vulnerabilities/validate
13:17:02.389 request_id=GGBS6qM8qkfmi1UAACuF [debug] Processing with RsolvWeb.Api.V1.VulnerabilityValidationRouter.validate/2
  Parameters: %{"files" => %{"test.js" => "eval(user\\nInput);"}, "vulnerabilities" => [%{"code" => "eval(user\\nInput)", "filePath" => "test.js", "id" => "test-vuln", "line" => 1, "patternId" => "eval-injection", "severity" => "critical"}]}
  Pipelines: [:api]
13:17:02.389 request_id=GGBS6qM8qkfmi1UAACuF [debug] QUERY OK source="fun_with_flags_toggles" db=0.0ms
SELECT f0."id", f0."flag_name", f0."gate_type", f0."target", f0."enabled" FROM "fun_with_flags_toggles" AS f0 WHERE (f0."flag_name" = $1) ["false_positive_caching"]
13:17:02.389 request_id=GGBS6qM8qkfmi1UAACuF [debug] Telemetry event: [:fun_with_flags, :persistence, :read], metadata: %{flag_name: :false_positive_caching, gate: nil}, measurements: %{system_time: 1756495022389304389}
13:17:02.389 request_id=GGBS6qM8qkfmi1UAACuF [debug] Using standard validation controller (feature flag disabled)
13:17:02.389 request_id=GGBS6qM8qkfmi1UAACuF [debug] QUERY OK source="api_keys" db=0.1ms
SELECT a0."id", a0."key", a0."name", a0."permissions", a0."active", a0."last_used_at", a0."expires_at", a0."customer_id", a0."inserted_at", a0."updated_at" FROM "api_keys" AS a0 WHERE ((a0."key" = $1) AND (a0."active" = $2)) ["rsolv_test_abc123", true]
13:17:02.389 request_id=GGBS6qM8qkfmi1UAACuF [debug] QUERY OK source="customers" db=0.1ms
SELECT c0."id", c0."name", c0."email", c0."api_key", c0."monthly_limit", c0."current_usage", c0."active", c0."metadata", c0."github_org", c0."plan", c0."user_id", c0."inserted_at", c0."updated_at" FROM "customers" AS c0 WHERE ((c0."api_key" = $1) AND (c0."active" = $2)) ["rsolv_test_abc123", true]
13:17:02.389 request_id=GGBS6qM8qkfmi1UAACuF [info] Sent 200 in 860µs
13:17:02.389 request_id=GGBS6qNLHb3mi1UAACwF [info] POST /api/v1/vulnerabilities/validate
13:17:02.390 request_id=GGBS6qNLHb3mi1UAACwF [debug] Processing with RsolvWeb.Api.V1.VulnerabilityValidationRouter.validate/2
  Parameters: %{"files" => %{"test.js" => "const rocket = eval('🚀');"}, "vulnerabilities" => [%{"code" => "eval('🚀')", "filePath" => "test.js", "id" => "test-vuln", "line" => 1, "patternId" => "eval-injection", "severity" => "critical"}]}
  Pipelines: [:api]
13:17:02.390 request_id=GGBS6qNLHb3mi1UAACwF [debug] QUERY OK source="fun_with_flags_toggles" db=0.1ms
SELECT f0."id", f0."flag_name", f0."gate_type", f0."target", f0."enabled" FROM "fun_with_flags_toggles" AS f0 WHERE (f0."flag_name" = $1) ["false_positive_caching"]
13:17:02.390 request_id=GGBS6qNLHb3mi1UAACwF [debug] Telemetry event: [:fun_with_flags, :persistence, :read], metadata: %{flag_name: :false_positive_caching, gate: nil}, measurements: %{system_time: 1756495022390261389}
13:17:02.390 request_id=GGBS6qNLHb3mi1UAACwF [debug] Using standard validation controller (feature flag disabled)
13:17:02.390 request_id=GGBS6qNLHb3mi1UAACwF [debug] QUERY OK source="api_keys" db=0.0ms
SELECT a0."id", a0."key", a0."name", a0."permissions", a0."active", a0."last_used_at", a0."expires_at", a0."customer_id", a0."inserted_at", a0."updated_at" FROM "api_keys" AS a0 WHERE ((a0."key" = $1) AND (a0."active" = $2)) ["rsolv_test_abc123", true]
13:17:02.390 request_id=GGBS6qNLHb3mi1UAACwF [debug] QUERY OK source="customers" db=0.0ms
SELECT c0."id", c0."name", c0."email", c0."api_key", c0."monthly_limit", c0."current_usage", c0."active", c0."metadata", c0."github_org", c0."plan", c0."user_id", c0."inserted_at", c0."updated_at" FROM "customers" AS c0 WHERE ((c0."api_key" = $1) AND (c0."active" = $2)) ["rsolv_test_abc123", true]
13:17:02.390 request_id=GGBS6qNLHb3mi1UAACwF [info] Sent 200 in 667µs
.13:17:02.391 request_id=GGBS6qNdQ4rTQoMAAD8N [info] POST /api/v1/vulnerabilities/validate
13:17:02.391 request_id=GGBS6qNdQ4rTQoMAAD8N [debug] Processing with RsolvWeb.Api.V1.VulnerabilityValidationRouter.validate/2
  Parameters: %{"files" => %{"file54.js" => "// eval(x)", "file56.js" => "// eval(x)", "file78.js" => "// eval(x)", "file43.js" => "eval(x);", "file9.js" => "eval(x);", "file19.js" => "eval(x);", "file96.js" => "// eval(x)", "file74.js" => "// eval(x)", "file47.js" => "eval(x);", "file30.js" => "// eval(x)", "file27.js" => "eval(x);", "file21.js" => "eval(x);", "file53.js" => "eval(x);", "file68.js" => "// eval(x)", "file61.js" => "eval(x);", "file10.js" => "// eval(x)", "file88.js" => "// eval(x)", "file33.js" => "eval(x);", "file26.js" => "// eval(x)", "file91.js" => "eval(x);", "file98.js" => "// eval(x)", "file92.js" => "// eval(x)", "file29.js" => "eval(x);", "file6.js" => "// eval(x)", "file93.js" => "eval(x);", "file76.js" => "// eval(x)", "file41.js" => "eval(x);", "file84.js" => "// eval(x)", "file50.js" => "// eval(x)", "file34.js" => "// eval(x)", "file72.js" => "// eval(x)", "file52.js" => "// eval(x)", "file15.js" => "eval(x);", "file45.js" => "eval(x);", "file86.js" => "// eval(x)", "file11.js" => "eval(x);", "file2.js" => "// eval(x)", "file48.js" => "// eval(x)", "file62.js" => "// eval(x)", "file70.js" => "// eval(x)", "file95.js" => "eval(x);", "file75.js" => "eval(x);", "file63.js" => "eval(x);", "file67.js" => "eval(x);", "file32.js" => "// eval(x)", "file18.js" => "// eval(x)", "file37.js" => "eval(x);", "file38.js" => "// eval(x)", "file89.js" => "eval(x);", ...}, "vulnerabilities" => [%{"code" => "eval(x)", "filePath" => "file1.js", "id" => "vuln-1", "line" => 1, "patternId" => "js-eval-injection", "severity" => "critical"}, %{"code" => "// eval(x)", "filePath" => "file2.js", "id" => "vuln-2", "line" => 1, "patternId" => "js-eval-injection", "severity" => "critical"}, %{"code" => "eval(x)", "filePath" => "file3.js", "id" => "vuln-3", "line" => 1, "patternId" => "js-eval-injection", "severity" => "critical"}, %{"code" => "// eval(x)", "filePath" => "file4.js", "id" => "vuln-4", "line" => 1, "patternId" => "js-eval-injection", "severity" => "critical"}, %{"code" => "eval(x)", "filePath" => "file5.js", "id" => "vuln-5", "line" => 1, "patternId" => "js-eval-injection", "severity" => "critical"}, %{"code" => "// eval(x)", "filePath" => "file6.js", "id" => "vuln-6", "line" => 1, "patternId" => "js-eval-injection", "severity" => "critical"}, %{"code" => "eval(x)", "filePath" => "file7.js", "id" => "vuln-7", "line" => 1, "patternId" => "js-eval-injection", "severity" => "critical"}, %{"code" => "// eval(x)", "filePath" => "file8.js", "id" => "vuln-8", "line" => 1, "patternId" => "js-eval-injection", "severity" => "critical"}, %{"code" => "eval(x)", "filePath" => "file9.js", "id" => "vuln-9", "line" => 1, "patternId" => "js-eval-injection", "severity" => "critical"}, %{"code" => "// eval(x)", "filePath" => "file10.js", "id" => "vuln-10", "line" => 1, "patternId" => "js-eval-injection", "severity" => "critical"}, %{"code" => "eval(x)", "filePath" => "file11.js", "id" => "vuln-11", "line" => 1, "patternId" => "js-eval-injection", "severity" => "critical"}, %{"code" => "// eval(x)", "filePath" => "file12.js", "id" => "vuln-12", "line" => 1, "patternId" => "js-eval-injection", "severity" => "critical"}, %{"code" => "eval(x)", "filePath" => "file13.js", "id" => "vuln-13", "line" => 1, "patternId" => "js-eval-injection", "severity" => "critical"}, %{"code" => "// eval(x)", "filePath" => "file14.js", "id" => "vuln-14", "line" => 1, "patternId" => "js-eval-injection", "severity" => "critical"}, %{"code" => "eval(x)", "filePath" => "file15.js", "id" => "vuln-15", "line" => 1, "patternId" => "js-eval-injection", "severity" => "critical"}, %{"code" => "// eval(x)", "filePath" => "file16.js", "id" => "vuln-16", "line" => 1, "patternId" => "js-eval-injection", "severity" => "critical"}, %{"code" => "eval(x)", "filePath" => "file17.js", "id" => "vuln-17", "line" => 1, "patternId" => "js-eval-injection", "severity" => "critical"}, %{"code" => "// eval(x)", "filePath" => "file18.js", "id" => "vuln-18", "line" => 1, "patternId" => "js-eval-injection", "severity" => "critical"}, %{"code" => "eval(x)", "filePath" => "file19.js", "id" => "vuln-19", "line" => 1, "patternId" => "js-eval-injection", "severity" => "critical"}, %{"code" => "// eval(x)", "filePath" => "file20.js", "id" => "vuln-20", "line" => 1, "patternId" => "js-eval-injection", "severity" => "critical"}, %{"code" => "eval(x)", "filePath" => "file21.js", "id" => "vuln-21", "line" => 1, "patternId" => "js-eval-injection", "severity" => "critical"}, %{"code" => "// eval(x)", "filePath" => "file22.js", "id" => "vuln-22", "line" => 1, "patternId" => "js-eval-injection", "severity" => "critical"}, %{"code" => "eval(x)", "filePath" => "file23.js", "id" => "vuln-23", "line" => 1, "patternId" => "js-eval-injection", "severity" => "critical"}, %{"code" => "// eval(x)", "filePath" => "file24.js", "id" => "vuln-24", "line" => 1, "patternId" => "js-eval-injection", "severity" => "critical"}, %{"code" => "eval(x)", "filePath" => "file25.js", "id" => "vuln-25", "line" => 1, "patternId" => "js-eval-injection", "severity" => "critical"}, %{"code" => "// eval(x)", "filePath" => "file26.js", "id" => "vuln-26", "line" => 1, "patternId" => "js-eval-injection", "severity" => "critical"}, %{"code" => "eval(x)", "filePath" => "file27.js", "id" => "vuln-27", "line" => 1, "patternId" => "js-eval-injection", "severity" => "critical"}, %{"code" => "// eval(x)", "filePath" => "file28.js", "id" => "vuln-28", "line" => 1, "patternId" => "js-eval-injection", "severity" => "critical"}, %{"code" => "eval(x)", "filePath" => "file29.js", "id" => "vuln-29", "line" => 1, "patternId" => "js-eval-injection", "severity" => "critical"}, %{"code" => "// eval(x)", "filePath" => "file30.js", "id" => "vuln-30", "line" => 1, "patternId" => "js-eval-injection", "severity" => "critical"}, %{"code" => "eval(x)", "filePath" => "file31.js", "id" => "vuln-31", "line" => 1, "patternId" => "js-eval-injection", "severity" => "critical"}, %{"code" => "// eval(x)", "filePath" => "file32.js", "id" => "vuln-32", "line" => 1, "patternId" => "js-eval-injection", "severity" => "critical"}, %{"code" => "eval(x)", "filePath" => "file33.js", "id" => "vuln-33", "line" => 1, "patternId" => "js-eval-injection", "severity" => "critical"}, %{"code" => "// eval(x)", "filePath" => "file34.js", "id" => "vuln-34", "line" => 1, "patternId" => "js-eval-injection", "severity" => "critical"}, %{"code" => "eval(x)", "filePath" => "file35.js", "id" => "vuln-35", "line" => 1, "patternId" => "js-eval-injection", "severity" => "critical"}, %{"code" => "// eval(x)", "filePath" => "file36.js", "id" => "vuln-36", "line" => 1, "patternId" => "js-eval-injection", "severity" => "critical"}, %{"code" => "eval(x)", "filePath" => "file37.js", "id" => "vuln-37", "line" => 1, "patternId" => "js-eval-injection", "severity" => "critical"}, %{"code" => "// eval(x)", "filePath" => "file38.js", "id" => "vuln-38", "line" => 1, "patternId" => "js-eval-injection", "severity" => "critical"}, %{"code" => "eval(x)", "filePath" => "file39.js", "id" => "vuln-39", "line" => 1, "patternId" => "js-eval-injection", "severity" => "critical"}, %{"code" => "// eval(x)", "filePath" => "file40.js", "id" => "vuln-40", "line" => 1, "patternId" => "js-eval-injection", "severity" => "critical"}, %{"code" => "eval(x)", "filePath" => "file41.js", "id" => "vuln-41", "line" => 1, "patternId" => "js-eval-injection", "severity" => "critical"}, %{"code" => "// eval(x)", "filePath" => "file42.js", "id" => "vuln-42", "line" => 1, "patternId" => "js-eval-injection", "severity" => "critical"}, %{"code" => "eval(x)", "filePath" => "file43.js", "id" => "vuln-43", "line" => 1, "patternId" => "js-eval-injection", ...}, %{"code" => "// eval(x)", "filePath" => "file44.js", "id" => "vuln-44", "line" => 1, ...}, %{"code" => "eval(x)", "filePath" => "file45.js", "id" => "vuln-45", ...}, %{"code" => "// eval(x)", "filePath" => "file46.js", ...}, %{"code" => "eval(x)", ...}, %{...}, ...]}
  Pipelines: [:api]
13:17:02.391 request_id=GGBS6qNdQ4rTQoMAAD8N [debug] QUERY OK source="fun_with_flags_toggles" db=0.1ms
SELECT f0."id", f0."flag_name", f0."gate_type", f0."target", f0."enabled" FROM "fun_with_flags_toggles" AS f0 WHERE (f0."flag_name" = $1) ["false_positive_caching"]
13:17:02.391 request_id=GGBS6qNdQ4rTQoMAAD8N [debug] Telemetry event: [:fun_with_flags, :persistence, :read], metadata: %{flag_name: :false_positive_caching, gate: nil}, measurements: %{system_time: 1756495022391918927}
13:17:02.391 request_id=GGBS6qNdQ4rTQoMAAD8N [debug] Using standard validation controller (feature flag disabled)
13:17:02.392 request_id=GGBS6qNdQ4rTQoMAAD8N [debug] QUERY OK source="api_keys" db=0.1ms
SELECT a0."id", a0."key", a0."name", a0."permissions", a0."active", a0."last_used_at", a0."expires_at", a0."customer_id", a0."inserted_at", a0."updated_at" FROM "api_keys" AS a0 WHERE ((a0."key" = $1) AND (a0."active" = $2)) ["rsolv_test_abc123", true]
13:17:02.392 request_id=GGBS6qNdQ4rTQoMAAD8N [debug] QUERY OK source="customers" db=0.1ms
SELECT c0."id", c0."name", c0."email", c0."api_key", c0."monthly_limit", c0."current_usage", c0."active", c0."metadata", c0."github_org", c0."plan", c0."user_id", c0."inserted_at", c0."updated_at" FROM "customers" AS c0 WHERE ((c0."api_key" = $1) AND (c0."active" = $2)) ["rsolv_test_abc123", true]
13:17:02.394 request_id=GGBS6qNdQ4rTQoMAAD8N [info] Sent 200 in 3ms
.13:17:02.395 request_id=GGBS6qOdcFwuevYAAD-N [info] POST /api/v1/vulnerabilities/validate
13:17:02.395 request_id=GGBS6qOdcFwuevYAAD-N [debug] Processing with RsolvWeb.Api.V1.VulnerabilityValidationRouter.validate/2
  Parameters: %{"files" => %{"test.js" => "/*\n eval(userInput)\n*/\nconsole.log('safe');"}, "vulnerabilities" => [%{"code" => "eval(userInput)", "filePath" => "test.js", "id" => "test-vuln", "line" => 2, "patternId" => "eval-injection", "severity" => "critical"}]}
  Pipelines: [:api]
13:17:02.395 request_id=GGBS6qOdcFwuevYAAD-N [debug] QUERY OK source="fun_with_flags_toggles" db=0.1ms
SELECT f0."id", f0."flag_name", f0."gate_type", f0."target", f0."enabled" FROM "fun_with_flags_toggles" AS f0 WHERE (f0."flag_name" = $1) ["false_positive_caching"]
13:17:02.395 request_id=GGBS6qOdcFwuevYAAD-N [debug] Telemetry event: [:fun_with_flags, :persistence, :read], metadata: %{flag_name: :false_positive_caching, gate: nil}, measurements: %{system_time: 1756495022395646946}
13:17:02.395 request_id=GGBS6qOdcFwuevYAAD-N [debug] Using standard validation controller (feature flag disabled)
13:17:02.395 request_id=GGBS6qOdcFwuevYAAD-N [debug] QUERY OK source="api_keys" db=0.1ms
SELECT a0."id", a0."key", a0."name", a0."permissions", a0."active", a0."last_used_at", a0."expires_at", a0."customer_id", a0."inserted_at", a0."updated_at" FROM "api_keys" AS a0 WHERE ((a0."key" = $1) AND (a0."active" = $2)) ["rsolv_test_abc123", true]
13:17:02.396 request_id=GGBS6qOdcFwuevYAAD-N [debug] QUERY OK source="customers" db=0.1ms
SELECT c0."id", c0."name", c0."email", c0."api_key", c0."monthly_limit", c0."current_usage", c0."active", c0."metadata", c0."github_org", c0."plan", c0."user_id", c0."inserted_at", c0."updated_at" FROM "customers" AS c0 WHERE ((c0."api_key" = $1) AND (c0."active" = $2)) ["rsolv_test_abc123", true]
13:17:02.396 request_id=GGBS6qOdcFwuevYAAD-N [info] Sent 200 in 761µs
13:17:02.396 request_id=GGBS6qOp5R4uevYAAEAN [info] POST /api/v1/vulnerabilities/validate
13:17:02.396 request_id=GGBS6qOp5R4uevYAAEAN [debug] Processing with RsolvWeb.Api.V1.VulnerabilityValidationRouter.validate/2
  Parameters: %{"files" => %{"test.js" => "/**\n * This is bad:\n * eval(userInput)\n */"}, "vulnerabilities" => [%{"code" => "* eval(userInput)", "filePath" => "test.js", "id" => "test-vuln", "line" => 3, "patternId" => "eval-injection", "severity" => "critical"}]}
  Pipelines: [:api]
13:17:02.396 request_id=GGBS6qOp5R4uevYAAEAN [debug] QUERY OK source="fun_with_flags_toggles" db=0.0ms
SELECT f0."id", f0."flag_name", f0."gate_type", f0."target", f0."enabled" FROM "fun_with_flags_toggles" AS f0 WHERE (f0."flag_name" = $1) ["false_positive_caching"]
13:17:02.396 request_id=GGBS6qOp5R4uevYAAEAN [debug] Telemetry event: [:fun_with_flags, :persistence, :read], metadata: %{flag_name: :false_positive_caching, gate: nil}, measurements: %{system_time: 1756495022396334900}
13:17:02.396 request_id=GGBS6qOp5R4uevYAAEAN [debug] Using standard validation controller (feature flag disabled)
..13:17:02.396 request_id=GGBS6qOp5R4uevYAAEAN [debug] QUERY OK source="api_keys" db=0.2ms
SELECT a0."id", a0."key", a0."name", a0."permissions", a0."active", a0."last_used_at", a0."expires_at", a0."customer_id", a0."inserted_at", a0."updated_at" FROM "api_keys" AS a0 WHERE ((a0."key" = $1) AND (a0."active" = $2)) ["rsolv_test_abc123", true]
.....13:17:02.396 request_id=GGBS6qOp5R4uevYAAEAN [debug] QUERY OK source="customers" db=0.1ms
SELECT c0."id", c0."name", c0."email", c0."api_key", c0."monthly_limit", c0."current_usage", c0."active", c0."metadata", c0."github_org", c0."plan", c0."user_id", c0."inserted_at", c0."updated_at" FROM "customers" AS c0 WHERE ((c0."api_key" = $1) AND (c0."active" = $2)) ["rsolv_test_abc123", true]
..13:17:02.396 request_id=GGBS6qOp5R4uevYAAEAN [info] Sent 200 in 833µs
............13:17:02.397 request_id=GGBS6qO8yo3JS2cAABoG [info] POST /api/v1/vulnerabilities/validate
13:17:02.397 request_id=GGBS6qO8yo3JS2cAABoG [debug] Processing with RsolvWeb.Api.V1.VulnerabilityValidationRouter.validate/2
  Parameters: %{"files" => %{"test.js" => "const warning = 'Never use eval()';"}, "vulnerabilities" => [%{"code" => "const warning = 'Never use eval()'", "filePath" => "test.js", "id" => "test-vuln", "line" => 1, "patternId" => "eval-injection", "severity" => "critical"}]}
  Pipelines: [:api]
13:17:02.397 request_id=GGBS6qO8yo3JS2cAABoG [debug] QUERY OK source="fun_with_flags_toggles" db=0.1ms
SELECT f0."id", f0."flag_name", f0."gate_type", f0."target", f0."enabled" FROM "fun_with_flags_toggles" AS f0 WHERE (f0."flag_name" = $1) ["false_positive_caching"]
13:17:02.397 request_id=GGBS6qO8yo3JS2cAABoG [debug] Telemetry event: [:fun_with_flags, :persistence, :read], metadata: %{flag_name: :false_positive_caching, gate: nil}, measurements: %{system_time: 1756495022397797716}
13:17:02.397 request_id=GGBS6qO8yo3JS2cAABoG [debug] Using standard validation controller (feature flag disabled)
13:17:02.398 request_id=GGBS6qO8yo3JS2cAABoG [debug] QUERY OK source="api_keys" db=0.3ms
SELECT a0."id", a0."key", a0."name", a0."permissions", a0."active", a0."last_used_at", a0."expires_at", a0."customer_id", a0."inserted_at", a0."updated_at" FROM "api_keys" AS a0 WHERE ((a0."key" = $1) AND (a0."active" = $2)) ["rsolv_test_abc123", true]
13:17:02.398 request_id=GGBS6qO8yo3JS2cAABoG [debug] QUERY OK source="customers" db=0.1ms
SELECT c0."id", c0."name", c0."email", c0."api_key", c0."monthly_limit", c0."current_usage", c0."active", c0."metadata", c0."github_org", c0."plan", c0."user_id", c0."inserted_at", c0."updated_at" FROM "customers" AS c0 WHERE ((c0."api_key" = $1) AND (c0."active" = $2)) ["rsolv_test_abc123", true]
13:17:02.398 request_id=GGBS6qO8yo3JS2cAABoG [info] Sent 200 in 1ms
13:17:02.398 request_id=GGBS6qPRZFHJS2cAACQR [info] POST /api/v1/vulnerabilities/validate
13:17:02.398 request_id=GGBS6qPRZFHJS2cAACQR [debug] Processing with RsolvWeb.Api.V1.VulnerabilityValidationRouter.validate/2
  Parameters: %{"files" => %{"test.js" => "const msg = \"eval() is dangerous\";"}, "vulnerabilities" => [%{"code" => "const msg = \"eval() is dangerous\"", "filePath" => "test.js", "id" => "test-vuln", "line" => 1, "patternId" => "eval-injection", "severity" => "critical"}]}
  Pipelines: [:api]
13:17:02.399 request_id=GGBS6qPRZFHJS2cAACQR [debug] QUERY OK source="fun_with_flags_toggles" db=0.1ms queue=0.1ms
SELECT f0."id", f0."flag_name", f0."gate_type", f0."target", f0."enabled" FROM "fun_with_flags_toggles" AS f0 WHERE (f0."flag_name" = $1) ["false_positive_caching"]
13:17:02.399 request_id=GGBS6qPRZFHJS2cAACQR [debug] Telemetry event: [:fun_with_flags, :persistence, :read], metadata: %{flag_name: :false_positive_caching, gate: nil}, measurements: %{system_time: 1756495022399229775}
13:17:02.399 request_id=GGBS6qPRZFHJS2cAACQR [debug] Using standard validation controller (feature flag disabled)
13:17:02.399 request_id=GGBS6qPRZFHJS2cAACQR [debug] QUERY OK source="api_keys" db=0.1ms
SELECT a0."id", a0."key", a0."name", a0."permissions", a0."active", a0."last_used_at", a0."expires_at", a0."customer_id", a0."inserted_at", a0."updated_at" FROM "api_keys" AS a0 WHERE ((a0."key" = $1) AND (a0."active" = $2)) ["rsolv_test_abc123", true]
13:17:02.399 request_id=GGBS6qPRZFHJS2cAACQR [debug] QUERY OK source="customers" db=0.1ms
SELECT c0."id", c0."name", c0."email", c0."api_key", c0."monthly_limit", c0."current_usage", c0."active", c0."metadata", c0."github_org", c0."plan", c0."user_id", c0."inserted_at", c0."updated_at" FROM "customers" AS c0 WHERE ((c0."api_key" = $1) AND (c0."active" = $2)) ["rsolv_test_abc123", true]
13:17:02.399 request_id=GGBS6qPRZFHJS2cAACQR [info] Sent 200 in 998µs
13:17:02.399 request_id=GGBS6qPhnwnJS2cAACQS [info] POST /api/v1/vulnerabilities/validate
13:17:02.399 request_id=GGBS6qPhnwnJS2cAACQS [debug] Processing with RsolvWeb.Api.V1.VulnerabilityValidationRouter.validate/2
  Parameters: %{"files" => %{"test.js" => "const template = `Don't use eval()`;"}, "vulnerabilities" => [%{"code" => "const template = `Don't use eval()`", "filePath" => "test.js", "id" => "test-vuln", "line" => 1, "patternId" => "eval-injection", "severity" => "critical"}]}
  Pipelines: [:api]
13:17:02.400 request_id=GGBS6qPhnwnJS2cAACQS [debug] QUERY OK source="fun_with_flags_toggles" db=0.0ms
SELECT f0."id", f0."flag_name", f0."gate_type", f0."target", f0."enabled" FROM "fun_with_flags_toggles" AS f0 WHERE (f0."flag_name" = $1) ["false_positive_caching"]
13:17:02.400 request_id=GGBS6qPhnwnJS2cAACQS [debug] Telemetry event: [:fun_with_flags, :persistence, :read], metadata: %{flag_name: :false_positive_caching, gate: nil}, measurements: %{system_time: 1756495022400070106}
13:17:02.400 request_id=GGBS6qPhnwnJS2cAACQS [debug] Using standard validation controller (feature flag disabled)
13:17:02.400 request_id=GGBS6qPhnwnJS2cAACQS [debug] QUERY OK source="api_keys" db=0.1ms
SELECT a0."id", a0."key", a0."name", a0."permissions", a0."active", a0."last_used_at", a0."expires_at", a0."customer_id", a0."inserted_at", a0."updated_at" FROM "api_keys" AS a0 WHERE ((a0."key" = $1) AND (a0."active" = $2)) ["rsolv_test_abc123", true]
13:17:02.400 request_id=GGBS6qPhnwnJS2cAACQS [debug] QUERY OK source="customers" db=0.2ms
SELECT c0."id", c0."name", c0."email", c0."api_key", c0."monthly_limit", c0."current_usage", c0."active", c0."metadata", c0."github_org", c0."plan", c0."user_id", c0."inserted_at", c0."updated_at" FROM "customers" AS c0 WHERE ((c0."api_key" = $1) AND (c0."active" = $2)) ["rsolv_test_abc123", true]
13:17:02.400 request_id=GGBS6qPhnwnJS2cAACQS [info] Sent 200 in 913µs
13:17:02.400 request_id=GGBS6qPymD7JS2cAACyP [info] POST /api/v1/vulnerabilities/validate
13:17:02.401 request_id=GGBS6qPymD7JS2cAACyP [debug] Processing with RsolvWeb.Api.V1.VulnerabilityValidationRouter.validate/2
  Parameters: %{"files" => %{"test.js" => "const result = eval(userInput);"}, "vulnerabilities" => [%{"code" => "eval(userInput)", "filePath" => "test.js", "id" => "test-vuln", "line" => 1, "patternId" => "eval-injection", "severity" => "critical"}]}
  Pipelines: [:api]
13:17:02.401 request_id=GGBS6qPymD7JS2cAACyP [debug] QUERY OK source="fun_with_flags_toggles" db=0.1ms
SELECT f0."id", f0."flag_name", f0."gate_type", f0."target", f0."enabled" FROM "fun_with_flags_toggles" AS f0 WHERE (f0."flag_name" = $1) ["false_positive_caching"]
13:17:02.401 request_id=GGBS6qPymD7JS2cAACyP [debug] Telemetry event: [:fun_with_flags, :persistence, :read], metadata: %{flag_name: :false_positive_caching, gate: nil}, measurements: %{system_time: 1756495022401282388}
13:17:02.401 request_id=GGBS6qPymD7JS2cAACyP [debug] Using standard validation controller (feature flag disabled)
13:17:02.401 request_id=GGBS6qPymD7JS2cAACyP [debug] QUERY OK source="api_keys" db=0.1ms
SELECT a0."id", a0."key", a0."name", a0."permissions", a0."active", a0."last_used_at", a0."expires_at", a0."customer_id", a0."inserted_at", a0."updated_at" FROM "api_keys" AS a0 WHERE ((a0."key" = $1) AND (a0."active" = $2)) ["rsolv_test_abc123", true]
13:17:02.401 request_id=GGBS6qPymD7JS2cAACyP [debug] QUERY OK source="customers" db=0.2ms
SELECT c0."id", c0."name", c0."email", c0."api_key", c0."monthly_limit", c0."current_usage", c0."active", c0."metadata", c0."github_org", c0."plan", c0."user_id", c0."inserted_at", c0."updated_at" FROM "customers" AS c0 WHERE ((c0."api_key" = $1) AND (c0."active" = $2)) ["rsolv_test_abc123", true]
13:17:02.402 request_id=GGBS6qPymD7JS2cAACyP [info] Sent 200 in 1ms


  5) test String Literal Detection Tests detects JavaScript string literals (Rsolv.Integration.ASTValidationComprehensiveTest)
     test/integration/ast_validation_comprehensive_test.exs:142
     Assertion with >= failed
     code:  assert result["confidence"] >= 0.8
     left:  0.6
     right: 0.8
     stacktrace:
       (elixir 1.18.4) lib/enum.ex:1714: Enum."-map/2-lists^map/1-1-"/2
       (elixir 1.18.4) lib/enum.ex:1714: Enum."-map/2-lists^map/1-1-"/2
       test/integration/ast_validation_comprehensive_test.exs:174: (test)

................     warning: variable "safe_code" is unused (if the variable is not meant to be used, prefix it with an underscore)
     │
 237 │       safe_code = """
     │       ~~~~~~~~~
     │
     └─ test/rsolv/security/patterns/django/clickjacking_test.exs:237:7: Rsolv.Security.Patterns.Django.ClickjackingTest."test detection capabilities does not match properly protected views"/1

...................................................................................................13:17:02.448 [error] Integrity check failed: expected 9d9d56051b7344b869e54a8ecebf1b39f21fe2449222bbdd135e9a608b216738, got f29bc64a9d3732b4b9035125fdb3285f5b6455778edca72414671e0ca3b2e0de
.....................................................................13:17:02.494 request_id=GGBS6nCefaxTcVgAABwP [debug] QUERY OK source="early_access_signups" db=0.2ms queue=0.4ms
INSERT INTO "early_access_signups" ("name","email","referral_source","inserted_at") VALUES ($1,$2,$3,$4) RETURNING "id" ["User", "user@example.com", "landing_page", ~N[2025-08-29 19:17:02]]
................13:17:02.504 request_id=GGBS6nCefaxTcVgAABwP [debug] QUERY OK source="early_access_signups" db=0.2ms queue=0.3ms
SELECT count(e0."id") FROM "early_access_signups" AS e0 []
13:17:02.504 request_id=GGBS6nCefaxTcVgAABwP [info] Successfully saved signup to database
13:17:02.504 request_id=GGBS6nCefaxTcVgAABwP [info] ConvertKit API key present: true
13:17:02.504 request_id=GGBS6nCefaxTcVgAABwP [info] ConvertKit API request successful
13:17:02.504 request_id=GGBS6nCefaxTcVgAABwP [info] ConvertKit: Successfully added subscriber
13:17:02.504 request_id=GGBS6nCefaxTcVgAABwP [info] Analytics event tracked
13:17:02.504 request_id=GGBS6nCefaxTcVgAABwP [debug] QUERY OK db=0.2ms queue=0.1ms
SELECT create_analytics_partition_if_not_exists($1::date) [~D[2025-08-29]]
13:17:02.505 request_id=GGBS6nCefaxTcVgAABwP [debug] QUERY OK source="analytics_events" db=0.2ms
INSERT INTO "analytics_events" ("metadata","event_type","visitor_id","page_path","inserted_at","updated_at") VALUES ($1,$2,$3,$4,$5,$6) RETURNING "id" [%{status: "success", os: "unknown", source: "landing_page", form_id: "early-access", browser: "unknown", utm_source_platform: nil, utm_source_campaign: nil, utm_source_content: nil, device_type: "unknown", conversion_type: "early_access_signup", email_domain: "example.com"}, "form_success", "fb2acb8e628ba5a1ba04675bb8e0ff25", "/early-access", ~N[2025-08-29 19:17:02], ~N[2025-08-29 19:17:02]]
13:17:02.505 request_id=GGBS6nCefaxTcVgAABwP [info] Analytics event tracked
13:17:02.506 request_id=GGBS6nCefaxTcVgAABwP [debug] QUERY OK db=0.2ms
SELECT create_analytics_partition_if_not_exists($1::date) [~D[2025-08-29]]
13:17:02.506 request_id=GGBS6nCefaxTcVgAABwP [debug] QUERY OK source="analytics_events" db=0.1ms
INSERT INTO "analytics_events" ("metadata","event_type","visitor_id","page_path","inserted_at","updated_at") VALUES ($1,$2,$3,$4,$5,$6) RETURNING "id" [%{os: "unknown", source: "landing_page", form_id: "early-access", browser: "unknown", utm_source_platform: nil, utm_source_campaign: nil, utm_source_content: nil, device_type: "unknown", conversion_type: "early_access_signup", email_domain: "example.com"}, "conversion", "fb2acb8e628ba5a1ba04675bb8e0ff25", "/early-access", ~N[2025-08-29 19:17:02], ~N[2025-08-29 19:17:02]]
13:17:02.506 request_id=GGBS6nCefaxTcVgAABwP [debug] QUERY OK source="fun_with_flags_toggles" db=0.1ms
SELECT f0."id", f0."flag_name", f0."gate_type", f0."target", f0."enabled" FROM "fun_with_flags_toggles" AS f0 WHERE (f0."flag_name" = $1) ["welcome_email_sequence"]
13:17:02.506 request_id=GGBS6nCefaxTcVgAABwP [debug] Telemetry event: [:fun_with_flags, :persistence, :read], metadata: %{flag_name: :welcome_email_sequence, gate: nil}, measurements: %{system_time: 1756495022506498865}
13:17:02.506 request_id=GGBS6nCefaxTcVgAABwP [info] [PAGE CONTROLLER] Welcome email sequence is ENABLED, starting sequence
13:17:02.506 request_id=GGBS6nCefaxTcVgAABwP [info] [PAGE CONTROLLER] About to call EmailSequence.start_early_access_onboarding_sequence
13:17:02.512 request_id=GGBS6nCefaxTcVgAABwP [info] [EMAIL SEQUENCE] Starting early access onboarding sequence
13:17:02.512 request_id=GGBS6nCefaxTcVgAABwP [info] [EMAIL SEQUENCE] About to call EmailService.send_early_access_welcome_email
13:17:02.512 request_id=GGBS6nCefaxTcVgAABwP [info] [EMAIL] send_early_access_welcome_email called
13:17:02.512 request_id=GGBS6nCefaxTcVgAABwP [info] [EMAIL DEBUG] Full email struct before sending
13:17:02.512 request_id=GGBS6nCefaxTcVgAABwP [info] [EMAIL DEBUG] Extracted recipient email
13:17:02.512 request_id=GGBS6nCefaxTcVgAABwP [info] [EMAIL DEBUG] Postmark configuration
13:17:02.512 request_id=GGBS6nCefaxTcVgAABwP [info] [EMAIL DEBUG] Email configuration
13:17:02.512 request_id=GGBS6nCefaxTcVgAABwP [info] [EMAIL] Attempting to send email via Postmark
13:17:02.516 [debug] Sending email with Bamboo.TestAdapter:

%Bamboo.Email{from: {"RSOLV Team", "support@rsolv.dev"}, to: [nil: "test@example.com"], cc: [], bcc: [], subject: "Welcome to RSOLV - Let's fix your first issue in 10 minutes", html_body: "<div style=\"font-family: 'Helvetica Neue', Helvetica, Arial, sans-serif; max-width: 600px; margin: 0 auto; padding: 20px;\">\n  <h1 style=\"color: #2C3E50; margin-bottom: 20px;\">Welcome to RSOLV!</h1>\n  \n  <p>Hi Test,</p>\n  \n  <p>Thanks for trying RSOLV! You're just a few minutes away from automating away your backlog.</p>\n  \n  <p>Here's how to get started:</p>\n  \n  <ol>\n    <li>Install our GitHub Action (copy & paste the code below)</li>\n    <li>Set up your repository secrets</li>\n    <li>Tag your first issues with \"rsolv:automate\"</li>\n  </ol>\n  \n  <div style=\"background-color: #f8f9fa; padding: 15px; border-radius: 5px; margin: 20px 0;\">\n    <pre style=\"margin: 0; overflow-x: auto; white-space: pre-wrap; font-family: monospace;\">name: RSOLV AutoFix\non:\n  issues:\n    types: [opened, edited, labeled]\n\njobs:\n  autofix:\n    runs-on: ubuntu-latest\n    if: contains(github.event.issue.labels.*.name, 'rsolv:automate')\n    steps:\n      - uses: RSOLV-dev/rsolv-action@v1\n        with:\n          github-token: ${{ secrets.GITHUB_TOKEN }}\n          rsolv-api-key: ${{ secrets.RSOLV_API_KEY }}</pre>\n  </div>\n  \n  <p>Need help? Contact us at <a href=\"mailto:support@rsolv.dev\">support@rsolv.dev</a> and we'll personally assist you.</p>\n  \n  <p>Your first 10 fixes are free! After that, you only pay $15 per fix that gets deployed - no credit card required to start.</p>\n  \n  <p>Best,<br>The RSOLV Team</p>\n  \n  <div class=\"footer\" style=\"margin-top: 40px; padding-top: 20px; border-top: 1px solid #e0e0e0; font-size: 0.9em; color: #666;\">\n    <p>\n      P.S. Here's a <a href=\"https://rsolv.dev/docs/getting-started\">2-minute video walkthrough</a> if you prefer.\n    </p>\n    <p>\n      RSOLV, Inc. • support@rsolv.dev • © 2025\n    </p>\n    <p>\n      <a href=\"https://rsolv.dev/unsubscribe?email=test@example.com\">Unsubscribe</a> from these emails.\n    </p>\n  </div>\n</div>\n", text_body: "Welcome to RSOLV!\n\nHi Test,\n\nThanks for trying RSOLV! You're just a few minutes away from automating away your backlog.\n\nHere's how to get started:\n\n1. Install our GitHub Action (check the HTML version for the code snippet)\n2. Set up your repository secrets\n3. Tag your first issues with \"rsolv:automate\"\n\nNeed help? Contact us at support@rsolv.dev and we'll personally assist you.\n\nYour first 10 fixes are free! After that, you only pay $15 per fix that gets deployed - no credit card required to start.\n\nBest,\nThe RSOLV Team\n\nP.S. Check out our 2-minute video walkthrough at https://rsolv.dev/docs/getting-started\n\n---\nTo unsubscribe, visit: https://rsolv.dev/unsubscribe?email=test@example.com\n", headers: %{"X-Postmark-Tag" => "welcome"}, attachments: [], assigns: %{}, private: %{tag: "welcome"}, blocked: false}

13:17:02.516 request_id=GGBS6nCefaxTcVgAABwP [debug] Sending email with Bamboo.TestAdapter:

%Bamboo.Email{from: {"RSOLV Team", "support@rsolv.dev"}, to: [nil: "user@example.com"], cc: [], bcc: [], subject: "Welcome to RSOLV Early Access Program", html_body: "<div style=\"font-family: 'Helvetica Neue', Helvetica, Arial, sans-serif; max-width: 600px; margin: 0 auto; padding: 20px;\">\n  <h1 style=\"color: #2C3E50; margin-bottom: 20px;\">Welcome to RSOLV Early Access Program!</h1>\n\n  <p>Hi User,</p>\n\n  <p>Thank you for joining our Early Access Program! You're now part of an exclusive group getting first access to RSOLV.</p>\n\n  <p>Here's what you need to know:</p>\n\n  <ul>\n    <li>You have full access to all current features</li>\n    <li>Your feedback is incredibly valuable to us during this phase</li>\n    <li>You'll receive priority support via email</li>\n  </ul>\n\n  <p>To get started with RSOLV:</p>\n\n  <ol>\n    <li><strong>Your API key will be sent in a follow-up email within 24 hours</strong></li>\n    <li>Once you receive your API key, install our GitHub Action (code below)</li>\n    <li>Set up your repository secrets with your API key</li>\n    <li>Tag your first issues with \"rsolv:automate\"</li>\n  </ol>\n\n  <div style=\"background-color: #fff3cd; border: 1px solid #ffeaa7; color: #856404; padding: 10px; border-radius: 5px; margin: 15px 0;\">\n    <strong>⏳ API Key Coming Soon:</strong> We'll send your personal API key within 24 hours. Look for an email with subject \"Your RSOLV API Key\".\n  </div>\n\n  <div style=\"background-color: #f8f9fa; padding: 15px; border-radius: 5px; margin: 20px 0;\">\n    <pre style=\"margin: 0; overflow-x: auto; white-space: pre-wrap; font-family: monospace;\">name: RSOLV AutoFix\non:\n  issues:\n    types: [opened, edited, labeled]\n\njobs:\n  autofix:\n    runs-on: ubuntu-latest\n    if: contains(github.event.issue.labels.*.name, 'rsolv:automate')\n    steps:\n      - uses: RSOLV-dev/rsolv-action@v1\n        with:\n          github-token: ${{ secrets.GITHUB_TOKEN }}\n          rsolv-api-key: ${{ secrets.RSOLV_API_KEY }}</pre>\n  </div>\n\n  <p>Need help? As an Early Access member, you have priority support - contact us at <a href=\"mailto:support@rsolv.dev\">support@rsolv.dev</a> and we'll personally assist you.</p>\n\n  <p>Your trial includes unlimited automated fixes during the Early Access period.</p>\n\n  <div style=\"margin-top: 30px; padding: 15px; border: 1px solid #e0e0e0; border-radius: 5px; background-color: #f9f9f9;\">\n    <h3 style=\"margin-top: 0; color: #2C3E50;\">Early Access Program Benefits</h3>\n    <ul>\n      <li>Unlimited usage during Early Access</li>\n      <li>Priority support and feature requests</li>\n      <li>Exclusive pricing when we launch</li>\n      <li>Direct access to our development team</li>\n    </ul>\n  </div>\n\n  <p>Best,<br>The RSOLV Team</p>\n\n  <div class=\"footer\" style=\"margin-top: 40px; padding-top: 20px; border-top: 1px solid #e0e0e0; font-size: 0.9em; color: #666;\">\n    <p>\n      You're receiving this email because you joined the RSOLV Early Access Program.\n      <br>\n      If you have any questions, simply reply to this email.\n    </p>\n    <p>\n      RSOLV, Inc. • support@rsolv.dev • © 2025\n    </p>\n    <p>\n      <a href=\"https://rsolv.dev/unsubscribe?email=user@example.com\">Unsubscribe</a> from these emails.\n    </p>\n  </div>\n</div>\n", text_body: "Welcome to RSOLV Early Access Program!\n\nHi User,\n\nThank you for joining our Early Access Program! You're now part of an exclusive group getting first access to RSOLV.\n\nHere's what you need to know:\n- You have full access to all current features\n- Your feedback is incredibly valuable to us during this phase\n- You'll receive priority support via email\n\nTo get started with RSOLV:\n1. Your API key will be sent in a follow-up email within 24 hours\n2. Once you receive your API key, install our GitHub Action\n3. Set up your repository secrets with your API key\n4. Tag your first issues with \"AUTOFIX\"\n\n⏳ API KEY COMING SOON: We'll send your personal API key within 24 hours. Look for an email with subject \"Your RSOLV API Key\".\n\nNeed help? As an Early Access member, you have priority support - contact us at support@rsolv.dev and we'll personally assist you.\n\nYour trial includes unlimited automated fixes during the Early Access period.\n\nEARLY ACCESS PROGRAM BENEFITS:\n* Unlimited usage during Early Access\n* Priority support and feature requests\n* Exclusive pricing when we launch\n* Direct access to our development team\n\nBest,\nThe RSOLV Team\n\n---\nYou're receiving this email because you joined the RSOLV Early Access Program.\nIf you have any questions, simply reply to this email.\n\nRSOLV, Inc. • support@rsolv.dev\n\nTo unsubscribe, visit: https://rsolv.dev/unsubscribe?email=user@example.com\n", headers: %{"X-Postmark-Tag" => "early-access"}, attachments: [], assigns: %{}, private: %{tag: "early-access"}, blocked: false}

13:17:02.516 [info] [EMAIL DEBUG] Raw Postmark response
13:17:02.516 [info] [EMAIL] Email sent successfully via Postmark
13:17:02.516 request_id=GGBS6nCefaxTcVgAABwP [info] [EMAIL DEBUG] Raw Postmark response
.13:17:02.516 request_id=GGBS6nCefaxTcVgAABwP [info] [EMAIL] Email sent successfully via Postmark
13:17:02.516 request_id=GGBS6nCefaxTcVgAABwP [info] [EMAIL SEQUENCE] EmailService.send_early_access_welcome_email returned
13:17:02.516 request_id=GGBS6nCefaxTcVgAABwP [info] Attempting to tag subscriber
13:17:02.516 request_id=GGBS6nCefaxTcVgAABwP [info] ConvertKit: Attempting to tag user@example.com with tag test_tag_id
13:17:02.516 request_id=GGBS6nCefaxTcVgAABwP [info] ConvertKit: Successfully tagged user@example.com
13:17:02.517 [info] [EMAIL] send_early_access_welcome_email called
13:17:02.517 [info] [EMAIL DEBUG] Full email struct before sending
13:17:02.517 [info] [EMAIL DEBUG] Extracted recipient email
13:17:02.517 [info] [EMAIL DEBUG] Postmark configuration
13:17:02.517 [info] [EMAIL DEBUG] Email configuration
13:17:02.517 [info] [EMAIL] Attempting to send email via Postmark
13:17:02.517 [debug] Sending email with Bamboo.TestAdapter:

%Bamboo.Email{from: {"RSOLV Team", "support@rsolv.dev"}, to: [nil: "test@example.com"], cc: [], bcc: [], subject: "Welcome to RSOLV Early Access Program", html_body: "<div style=\"font-family: 'Helvetica Neue', Helvetica, Arial, sans-serif; max-width: 600px; margin: 0 auto; padding: 20px;\">\n  <h1 style=\"color: #2C3E50; margin-bottom: 20px;\">Welcome to RSOLV Early Access Program!</h1>\n\n  <p>Hi Test,</p>\n\n  <p>Thank you for joining our Early Access Program! You're now part of an exclusive group getting first access to RSOLV.</p>\n\n  <p>Here's what you need to know:</p>\n\n  <ul>\n    <li>You have full access to all current features</li>\n    <li>Your feedback is incredibly valuable to us during this phase</li>\n    <li>You'll receive priority support via email</li>\n  </ul>\n\n  <p>To get started with RSOLV:</p>\n\n  <ol>\n    <li><strong>Your API key will be sent in a follow-up email within 24 hours</strong></li>\n    <li>Once you receive your API key, install our GitHub Action (code below)</li>\n    <li>Set up your repository secrets with your API key</li>\n    <li>Tag your first issues with \"rsolv:automate\"</li>\n  </ol>\n\n  <div style=\"background-color: #fff3cd; border: 1px solid #ffeaa7; color: #856404; padding: 10px; border-radius: 5px; margin: 15px 0;\">\n    <strong>⏳ API Key Coming Soon:</strong> We'll send your personal API key within 24 hours. Look for an email with subject \"Your RSOLV API Key\".\n  </div>\n\n  <div style=\"background-color: #f8f9fa; padding: 15px; border-radius: 5px; margin: 20px 0;\">\n    <pre style=\"margin: 0; overflow-x: auto; white-space: pre-wrap; font-family: monospace;\">name: RSOLV AutoFix\non:\n  issues:\n    types: [opened, edited, labeled]\n\njobs:\n  autofix:\n    runs-on: ubuntu-latest\n    if: contains(github.event.issue.labels.*.name, 'rsolv:automate')\n    steps:\n      - uses: RSOLV-dev/rsolv-action@v1\n        with:\n          github-token: ${{ secrets.GITHUB_TOKEN }}\n          rsolv-api-key: ${{ secrets.RSOLV_API_KEY }}</pre>\n  </div>\n\n  <p>Need help? As an Early Access member, you have priority support - contact us at <a href=\"mailto:support@rsolv.dev\">support@rsolv.dev</a> and we'll personally assist you.</p>\n\n  <p>Your trial includes unlimited automated fixes during the Early Access period.</p>\n\n  <div style=\"margin-top: 30px; padding: 15px; border: 1px solid #e0e0e0; border-radius: 5px; background-color: #f9f9f9;\">\n    <h3 style=\"margin-top: 0; color: #2C3E50;\">Early Access Program Benefits</h3>\n    <ul>\n      <li>Unlimited usage during Early Access</li>\n      <li>Priority support and feature requests</li>\n      <li>Exclusive pricing when we launch</li>\n      <li>Direct access to our development team</li>\n    </ul>\n  </div>\n\n  <p>Best,<br>The RSOLV Team</p>\n\n  <div class=\"footer\" style=\"margin-top: 40px; padding-top: 20px; border-top: 1px solid #e0e0e0; font-size: 0.9em; color: #666;\">\n    <p>\n      You're receiving this email because you joined the RSOLV Early Access Program.\n      <br>\n      If you have any questions, simply reply to this email.\n    </p>\n    <p>\n      RSOLV, Inc. • support@rsolv.dev • © 2025\n    </p>\n    <p>\n      <a href=\"https://rsolv.dev/unsubscribe?email=test@example.com\">Unsubscribe</a> from these emails.\n    </p>\n  </div>\n</div>\n", text_body: "Welcome to RSOLV Early Access Program!\n\nHi Test,\n\nThank you for joining our Early Access Program! You're now part of an exclusive group getting first access to RSOLV.\n\nHere's what you need to know:\n- You have full access to all current features\n- Your feedback is incredibly valuable to us during this phase\n- You'll receive priority support via email\n\nTo get started with RSOLV:\n1. Your API key will be sent in a follow-up email within 24 hours\n2. Once you receive your API key, install our GitHub Action\n3. Set up your repository secrets with your API key\n4. Tag your first issues with \"AUTOFIX\"\n\n⏳ API KEY COMING SOON: We'll send your personal API key within 24 hours. Look for an email with subject \"Your RSOLV API Key\".\n\nNeed help? As an Early Access member, you have priority support - contact us at support@rsolv.dev and we'll personally assist you.\n\nYour trial includes unlimited automated fixes during the Early Access period.\n\nEARLY ACCESS PROGRAM BENEFITS:\n* Unlimited usage during Early Access\n* Priority support and feature requests\n* Exclusive pricing when we launch\n* Direct access to our development team\n\nBest,\nThe RSOLV Team\n\n---\nYou're receiving this email because you joined the RSOLV Early Access Program.\nIf you have any questions, simply reply to this email.\n\nRSOLV, Inc. • support@rsolv.dev\n\nTo unsubscribe, visit: https://rsolv.dev/unsubscribe?email=test@example.com\n", headers: %{"X-Postmark-Tag" => "early-access"}, attachments: [], assigns: %{}, private: %{tag: "early-access"}, blocked: false}

13:17:02.517 [info] [EMAIL DEBUG] Raw Postmark response
13:17:02.517 [info] [EMAIL] Email sent successfully via Postmark
.13:17:02.522 request_id=GGBS6nCefaxTcVgAABwP [info] [EmailWorker] schedule_sequence called
13:17:02.522 request_id=GGBS6nCefaxTcVgAABwP [info] [EmailWorker] Found sequence
13:17:02.522 request_id=GGBS6nCefaxTcVgAABwP [info] [EmailWorker] Processing email config
13:17:02.522 request_id=GGBS6nCefaxTcVgAABwP [info] [EmailWorker] Skipping immediate email
13:17:02.522 request_id=GGBS6nCefaxTcVgAABwP [info] [EmailWorker] Processing email config
13:17:02.522 request_id=GGBS6nCefaxTcVgAABwP [info] [EmailWorker] Scheduling email
13:17:02.522 request_id=GGBS6nCefaxTcVgAABwP [info] [EmailWorker] Creating Oban job
......................13:17:02.526 request_id=GGBS6nCefaxTcVgAABwP [info] [EmailWorker] Job created
13:17:02.527 request_id=GGBS6nCefaxTcVgAABwP [info] Processing scheduled email
13:17:02.527 request_id=GGBS6nCefaxTcVgAABwP [error] Failed to send scheduled email
...............13:17:02.529 request_id=GGBS6nCefaxTcVgAABwP [info] [EmailWorker] Insert result
13:17:02.530 request_id=GGBS6nCefaxTcVgAABwP [info] [EmailWorker] Schedule result
13:17:02.530 request_id=GGBS6nCefaxTcVgAABwP [info] [EmailWorker] Processing email config
13:17:02.530 request_id=GGBS6nCefaxTcVgAABwP [info] [EmailWorker] Scheduling email
13:17:02.530 request_id=GGBS6nCefaxTcVgAABwP [info] [EmailWorker] Creating Oban job
13:17:02.530 request_id=GGBS6nCefaxTcVgAABwP [info] [EmailWorker] Job created
13:17:02.530 request_id=GGBS6nCefaxTcVgAABwP [info] Processing scheduled email
13:17:02.534 request_id=GGBS6nCefaxTcVgAABwP [info] [EMAIL DEBUG] Full email struct before sending
13:17:02.534 request_id=GGBS6nCefaxTcVgAABwP [info] [EMAIL DEBUG] Extracted recipient email
13:17:02.534 request_id=GGBS6nCefaxTcVgAABwP [info] [EMAIL DEBUG] Postmark configuration
13:17:02.534 request_id=GGBS6nCefaxTcVgAABwP [info] [EMAIL DEBUG] Email configuration
13:17:02.534 request_id=GGBS6nCefaxTcVgAABwP [info] [EMAIL] Attempting to send email via Postmark
13:17:02.534 request_id=GGBS6nCefaxTcVgAABwP [debug] Sending email with Bamboo.TestAdapter:

%Bamboo.Email{from: {"RSOLV Team", "support@rsolv.dev"}, to: [nil: "user@example.com"], cc: [], bcc: [], subject: "Verify Your RSOLV Setup - Need Any Help?", html_body: "<!DOCTYPE html>\n<html lang=\"en\">\n<head>\n  <meta charset=\"UTF-8\">\n  <meta name=\"viewport\" content=\"width=device-width, initial-scale=1.0\">\n  <title>Verify Your RSOLV Setup</title>\n  <style>\n    @import url('https://fonts.googleapis.com/css2?family=Space+Grotesk:wght@300;400;500;700&display=swap');\n    \n    body {\n      font-family: 'Space Grotesk', -apple-system, BlinkMacSystemFont, \"Segoe UI\", Roboto, Helvetica, Arial, sans-serif;\n      line-height: 1.6;\n      color: #333;\n      max-width: 600px;\n      margin: 0 auto;\n      padding: 20px;\n      background-color: #f8f9fa;\n    }\n    .container {\n      background-color: #ffffff;\n      border-radius: 8px;\n      padding: 30px;\n      box-shadow: 0 4px 6px rgba(0, 0, 0, 0.05);\n    }\n    .logo {\n      text-align: center;\n      margin-bottom: 30px;\n    }\n    .logo img {\n      max-width: 200px;\n    }\n    h1, h2, h3 {\n      color: #10b981;\n    }\n    .checklist {\n      background-color: #f3f4f6;\n      padding: 20px;\n      border-radius: 8px;\n      margin: 20px 0;\n    }\n    .checklist-item {\n      display: flex;\n      align-items: center;\n      margin-bottom: 15px;\n    }\n    .checklist-item input[type=\"checkbox\"] {\n      margin-right: 10px;\n    }\n    .status-box {\n      background-color: #fff3cd;\n      border: 1px solid #ffeaa7;\n      padding: 15px;\n      border-radius: 8px;\n      margin: 20px 0;\n    }\n    .success-box {\n      background-color: #d4edda;\n      border: 1px solid #c3e6cb;\n      padding: 15px;\n      border-radius: 8px;\n      margin: 20px 0;\n    }\n    .code {\n      background-color: #2d3748;\n      color: #e2e8f0;\n      padding: 15px;\n      border-radius: 5px;\n      font-family: 'Courier New', monospace;\n      overflow-x: auto;\n      margin: 15px 0;\n    }\n    .cta {\n      background-color: #10b981;\n      color: white;\n      padding: 12px 24px;\n      border-radius: 5px;\n      display: inline-block;\n      text-decoration: none;\n      font-weight: bold;\n      margin: 20px 0;\n    }\n    .footer {\n      margin-top: 40px;\n      font-size: 14px;\n      color: #6b7280;\n      border-top: 1px solid #e5e7eb;\n      padding-top: 20px;\n      text-align: center;\n    }\n  </style>\n</head>\n<body>\n  <div class=\"container\">\n    <div class=\"logo\">\n      <img src=\"https://rsolv.dev/images/rsolv_logo_transparent.png\" alt=\"RSOLV Logo\">\n    </div>\n    \n    <h1>Let's Verify Your RSOLV Setup</h1>\n    \n    <p>Hi {@first_name},</p>\n    \n    <p>It's been a few days since you signed up for RSOLV. We want to make sure you're all set up and ready to benefit from automated security scanning and remediation!</p>\n    \n    <div class=\"checklist\">\n      <h3>Quick Setup Checklist:</h3>\n      <div class=\"checklist-item\">\n        <input type=\"checkbox\" disabled> Connected your repositories for security scanning\n      </div>\n      <div class=\"checklist-item\">\n        <input type=\"checkbox\" disabled> Added the GitHub Action workflow for automated fixes\n      </div>\n      <div class=\"checklist-item\">\n        <input type=\"checkbox\" disabled> Set up your RSOLV_API_KEY as a repository secret\n      </div>\n      <div class=\"checklist-item\">\n        <input type=\"checkbox\" disabled> Reviewed security issues found by RSOLV\n      </div>\n      <div class=\"checklist-item\">\n        <input type=\"checkbox\" disabled> Generated and merged your first security fix PR\n      </div>\n    </div>\n    \n    <h2>Need Help with Setup?</h2>\n    \n    <p>If you haven't completed setup yet, here's a quick reminder of the steps:</p>\n    \n    <div class=\"code\">\n# In .github/workflows/rsolv.yml:\nname: RSOLV Security Fixes\n\non:\n  issues:\n    types: [labeled]\n\njobs:\n  security-fix:\n    if: contains(github.event.issue.labels.*.name, 'rsolv:automate')\n    runs-on: ubuntu-latest\n    steps:\n      - uses: rsolv-dev/rsolv-action@v1\n        with:\n          github-token: ${\"{{ secrets.GITHUB_TOKEN }}\"}\n          rsolv-api-key: ${\"{{ secrets.RSOLV_API_KEY }}\"}\n    </div>\n    \n    <div class=\"status-box\">\n      <strong>🎁 Remember:</strong> Your first 10 fixes are completely free! No credit card required. After that, you only pay $15 per fix that gets deployed.\n   " <> ..., text_body: "Let's Verify Your RSOLV Setup\n\nHi User,\n\nIt's been a few days since you signed up for RSOLV. We want to make sure you're all set up and ready to automate your issue resolution!\n\nQuick Setup Checklist:\n[ ] Added the GitHub Action workflow to your repository\n[ ] Set up your RSOLV_API_KEY as a repository secret\n[ ] Tagged your first issue with \"rsolv:automate\"\n[ ] Reviewed and merged your first automated PR\n\nNeed Help with Setup?\nIf you haven't completed setup yet, visit: https://rsolv.dev/docs/getting-started\n\nRemember: Your first 10 fixes are completely free! No credit card required. After that, you only pay $15 per fix that gets deployed.\n\nCommon Questions:\n- Where do I get my API key? Check your welcome email or visit your dashboard\n- Can I use RSOLV on private repos? Yes! RSOLV works with both public and private repositories\n- What types of issues can RSOLV fix? Bug fixes, security vulnerabilities, performance issues, and more\n- How secure is it? We analyze every fix for security vulnerabilities before creating PRs\n\nPro Tip: Start with a simple issue first - something like \"Fix typo in README\" or \"Update deprecated function calls\".\n\nReady to get started? Tag an issue with \"rsolv:automate\" and watch the magic happen!\n\nIf you're stuck or have questions, just reply to this email.\n\nBest regards,\nThe RSOLV Team\n\n---\nTo unsubscribe, visit: https://rsolv.dev/unsubscribe?email=user@example.com\n", headers: %{"X-Postmark-Tag" => "setup-verification"}, attachments: [], assigns: %{}, private: %{tag: "setup-verification"}, blocked: false}

13:17:02.534 request_id=GGBS6nCefaxTcVgAABwP [info] [EMAIL DEBUG] Raw Postmark response
13:17:02.534 request_id=GGBS6nCefaxTcVgAABwP [info] [EMAIL] Email sent successfully via Postmark
13:17:02.534 request_id=GGBS6nCefaxTcVgAABwP [info] Successfully sent scheduled email
13:17:02.534 request_id=GGBS6nCefaxTcVgAABwP [info] [EmailWorker] Insert result
13:17:02.534 request_id=GGBS6nCefaxTcVgAABwP [info] [EmailWorker] Schedule result
13:17:02.534 request_id=GGBS6nCefaxTcVgAABwP [info] [EmailWorker] Processing email config
13:17:02.534 request_id=GGBS6nCefaxTcVgAABwP [info] [EmailWorker] Scheduling email
13:17:02.534 request_id=GGBS6nCefaxTcVgAABwP [info] [EmailWorker] Creating Oban job
13:17:02.534 request_id=GGBS6nCefaxTcVgAABwP [info] [EmailWorker] Job created
13:17:02.534 request_id=GGBS6nCefaxTcVgAABwP [info] Processing scheduled email
13:17:02.535 request_id=GGBS6nCefaxTcVgAABwP [info] [EMAIL DEBUG] Full email struct before sending
13:17:02.535 request_id=GGBS6nCefaxTcVgAABwP [info] [EMAIL DEBUG] Extracted recipient email
13:17:02.535 request_id=GGBS6nCefaxTcVgAABwP [info] [EMAIL DEBUG] Postmark configuration
13:17:02.535 request_id=GGBS6nCefaxTcVgAABwP [info] [EMAIL DEBUG] Email configuration
13:17:02.535 request_id=GGBS6nCefaxTcVgAABwP [info] [EMAIL] Attempting to send email via Postmark
13:17:02.535 request_id=GGBS6nCefaxTcVgAABwP [debug] Sending email with Bamboo.TestAdapter:

%Bamboo.Email{from: {"RSOLV Team", "support@rsolv.dev"}, to: [nil: "user@example.com"], cc: [], bcc: [], subject: "Advanced RSOLV Features You Might Have Missed", html_body: "<!DOCTYPE html>\n<html lang=\"en\">\n<head>\n  <meta charset=\"UTF-8\">\n  <meta name=\"viewport\" content=\"width=device-width, initial-scale=1.0\">\n  <title>Advanced RSOLV Features</title>\n  <style>\n    @import url('https://fonts.googleapis.com/css2?family=Space+Grotesk:wght@300;400;500;700&display=swap');\n    \n    body {\n      font-family: 'Space Grotesk', -apple-system, BlinkMacSystemFont, \"Segoe UI\", Roboto, Helvetica, Arial, sans-serif;\n      line-height: 1.6;\n      color: #333;\n      max-width: 600px;\n      margin: 0 auto;\n      padding: 20px;\n      background-color: #f8f9fa;\n    }\n    .container {\n      background-color: #ffffff;\n      border-radius: 8px;\n      padding: 30px;\n      box-shadow: 0 4px 6px rgba(0, 0, 0, 0.05);\n    }\n    .logo {\n      text-align: center;\n      margin-bottom: 30px;\n    }\n    .logo img {\n      max-width: 200px;\n    }\n    h1, h2, h3 {\n      color: #10b981;\n    }\n    .feature-card {\n      background-color: #f3f4f6;\n      padding: 20px;\n      border-radius: 8px;\n      margin-bottom: 20px;\n      border-left: 4px solid #10b981;\n    }\n    .feature-card h3 {\n      margin-top: 0;\n    }\n    .code {\n      background-color: #2d3748;\n      color: #e2e8f0;\n      padding: 15px;\n      border-radius: 5px;\n      font-family: 'Courier New', monospace;\n      overflow-x: auto;\n      margin: 15px 0;\n      font-size: 14px;\n    }\n    .pro-tip {\n      background-color: #fff3cd;\n      border: 1px solid #ffeaa7;\n      padding: 15px;\n      border-radius: 8px;\n      margin: 20px 0;\n    }\n    .security-highlight {\n      background-color: #d4edda;\n      border: 1px solid #c3e6cb;\n      padding: 15px;\n      border-radius: 8px;\n      margin: 20px 0;\n    }\n    .cta {\n      background-color: #10b981;\n      color: white;\n      padding: 12px 24px;\n      border-radius: 5px;\n      display: inline-block;\n      text-decoration: none;\n      font-weight: bold;\n      margin: 20px 0;\n    }\n    .footer {\n      margin-top: 40px;\n      font-size: 14px;\n      color: #6b7280;\n      border-top: 1px solid #e5e7eb;\n      padding-top: 20px;\n      text-align: center;\n    }\n  </style>\n</head>\n<body>\n  <div class=\"container\">\n    <div class=\"logo\">\n      <img src=\"https://rsolv.dev/images/rsolv_logo_transparent.png\" alt=\"RSOLV Logo\">\n    </div>\n    \n    <h1>Unlock the Full Power of RSOLV</h1>\n    \n    <p>Hi {@first_name},</p>\n    \n    <p>You've been using RSOLV for a few days now. Here are some advanced features and techniques that can help you get even more value from automated security scanning and vulnerability remediation:</p>\n    \n    <div class=\"feature-card\">\n      <h3>🎯 Understanding RSOLV's Proactive Scanning</h3>\n      <p>RSOLV continuously scans your repositories for security vulnerabilities and automatically creates issues with detailed remediation plans:</p>\n      <ul>\n        <li><strong>Automated detection:</strong> Scans all files for 180+ vulnerability patterns (and growing)</li>\n        <li><strong>Smart grouping:</strong> Groups similar issues for efficient review</li>\n        <li><strong>Detailed reports:</strong> Shows exact file locations and vulnerable code</li>\n        <li><strong>Fix generation:</strong> Creates secure PRs that address root causes</li>\n      </ul>\n    </div>\n    \n    <div class=\"feature-card\">\n      <h3>🔒 Comprehensive Security Coverage</h3>\n      <p>RSOLV proactively detects and fixes these vulnerability types across your codebase:</p>\n      <ul>\n        <li>SQL/NoSQL injection vulnerabilities</li>\n        <li>Cross-site scripting (XSS) risks</li>\n        <li>Authentication/authorization flaws</li>\n        <li>Insecure cryptographic implementations</li>\n        <li>Hardcoded secrets and API keys</li>\n        <li>Path traversal and open redirects</li>\n        <li>Insecure dependencies and configurations</li>\n      </ul>\n      <p>Each PR includes a detailed security impact assessment and verification tests.</p>\n    </div>\n    \n    <div class=\"security-highlight\">\n      <strong>🛡️ Security Example:</strong> When RSOLV detects unsafe user input handling, it automatically generates fixes with proper sanitization, p" <> ..., text_body: "Unlock the Full Power of RSOLV\n\nHi User,\n\nYou've been using RSOLV for a few days now. Here are some advanced features and techniques:\n\n1. Writing Better Issues for Better Fixes:\n   - Include error messages: Copy the full stack trace\n   - Specify the file/function: \"Fix pagination in UserList.js\"\n   - Describe expected behavior: \"Should show 10 users per page\"\n   - Add context: \"This broke after upgrading to React 18\"\n\n2. Security-First Fixes:\n   RSOLV automatically scans for:\n   - SQL injection vulnerabilities\n   - Cross-site scripting (XSS) risks\n   - Authentication/authorization issues\n   - Insecure dependencies\n   - Hardcoded secrets or API keys\n\n3. Batch Processing:\n   Tag multiple issues with \"rsolv:automate\" and RSOLV creates separate PRs for each.\n\n4. Customizing RSOLV Behavior:\n   Add these tags to your issues:\n   - [performance] - Optimize for speed\n   - [security] - Extra security focus\n   - [minimal] - Smallest possible change\n   - [refactor] - Clean up while fixing\n\nComing Soon:\n- Support for more languages (Go, Rust, PHP)\n- Custom fix preferences per repository\n- Team collaboration features\n- Integration with more platforms\n\nHave a feature request? Just reply to this email!\n\nView advanced documentation: https://rsolv.dev/docs/advanced\n\nBest regards,\nThe RSOLV Team\n\n---\nTo unsubscribe, visit: https://rsolv.dev/unsubscribe?email=user@example.com\n", headers: %{"X-Postmark-Tag" => "feature-deep-dive"}, attachments: [], assigns: %{}, private: %{tag: "feature-deep-dive"}, blocked: false}

13:17:02.535 request_id=GGBS6nCefaxTcVgAABwP [info] [EMAIL DEBUG] Raw Postmark response
13:17:02.535 request_id=GGBS6nCefaxTcVgAABwP [info] [EMAIL] Email sent successfully via Postmark
13:17:02.535 request_id=GGBS6nCefaxTcVgAABwP [info] Successfully sent scheduled email
13:17:02.535 request_id=GGBS6nCefaxTcVgAABwP [info] [EmailWorker] Insert result
13:17:02.535 request_id=GGBS6nCefaxTcVgAABwP [info] [EmailWorker] Schedule result
13:17:02.535 request_id=GGBS6nCefaxTcVgAABwP [info] [EmailWorker] Processing email config
13:17:02.535 request_id=GGBS6nCefaxTcVgAABwP [info] [EmailWorker] Scheduling email
13:17:02.535 request_id=GGBS6nCefaxTcVgAABwP [info] [EmailWorker] Creating Oban job
13:17:02.535 request_id=GGBS6nCefaxTcVgAABwP [info] [EmailWorker] Job created
13:17:02.535 request_id=GGBS6nCefaxTcVgAABwP [info] Processing scheduled email
13:17:02.535 request_id=GGBS6nCefaxTcVgAABwP [info] [EMAIL DEBUG] Full email struct before sending
13:17:02.535 request_id=GGBS6nCefaxTcVgAABwP [info] [EMAIL DEBUG] Extracted recipient email
13:17:02.535 request_id=GGBS6nCefaxTcVgAABwP [info] [EMAIL DEBUG] Postmark configuration
13:17:02.535 request_id=GGBS6nCefaxTcVgAABwP [info] [EMAIL DEBUG] Email configuration
13:17:02.535 request_id=GGBS6nCefaxTcVgAABwP [info] [EMAIL] Attempting to send email via Postmark
13:17:02.535 request_id=GGBS6nCefaxTcVgAABwP [debug] Sending email with Bamboo.TestAdapter:

%Bamboo.Email{from: {"RSOLV Team", "support@rsolv.dev"}, to: [nil: "user@example.com"], cc: [], bcc: [], subject: "How's Your Experience with RSOLV?", html_body: "<!DOCTYPE html>\n<html lang=\"en\">\n<head>\n  <meta charset=\"UTF-8\">\n  <meta name=\"viewport\" content=\"width=device-width, initial-scale=1.0\">\n  <title>How's Your RSOLV Experience?</title>\n  <style>\n    @import url('https://fonts.googleapis.com/css2?family=Space+Grotesk:wght@300;400;500;700&display=swap');\n    \n    body {\n      font-family: 'Space Grotesk', -apple-system, BlinkMacSystemFont, \"Segoe UI\", Roboto, Helvetica, Arial, sans-serif;\n      line-height: 1.6;\n      color: #333;\n      max-width: 600px;\n      margin: 0 auto;\n      padding: 20px;\n      background-color: #f8f9fa;\n    }\n    .container {\n      background-color: #ffffff;\n      border-radius: 8px;\n      padding: 30px;\n      box-shadow: 0 4px 6px rgba(0, 0, 0, 0.05);\n    }\n    .logo {\n      text-align: center;\n      margin-bottom: 30px;\n    }\n    .logo img {\n      max-width: 200px;\n    }\n    h1, h2, h3 {\n      color: #10b981;\n    }\n    .survey-card {\n      background-color: #f3f4f6;\n      padding: 20px;\n      border-radius: 8px;\n      margin: 20px 0;\n      text-align: center;\n    }\n    .rating-container {\n      display: flex;\n      justify-content: center;\n      gap: 10px;\n      margin: 20px 0;\n    }\n    .rating-box {\n      width: 40px;\n      height: 40px;\n      border: 2px solid #10b981;\n      border-radius: 8px;\n      display: flex;\n      align-items: center;\n      justify-content: center;\n      text-decoration: none;\n      color: #10b981;\n      font-weight: bold;\n      transition: all 0.3s ease;\n    }\n    .rating-box:hover {\n      background-color: #10b981;\n      color: white;\n    }\n    .question-box {\n      background-color: #f9fafb;\n      padding: 20px;\n      border-radius: 8px;\n      margin: 20px 0;\n      border-left: 4px solid #10b981;\n    }\n    .success-story {\n      background-color: #d4edda;\n      border: 1px solid #c3e6cb;\n      padding: 15px;\n      border-radius: 8px;\n      margin: 20px 0;\n    }\n    .cta {\n      background-color: #10b981;\n      color: white;\n      padding: 12px 24px;\n      border-radius: 5px;\n      display: inline-block;\n      text-decoration: none;\n      font-weight: bold;\n      margin: 20px 0;\n    }\n    .cta-secondary {\n      background-color: #6b7280;\n      color: white;\n      padding: 12px 24px;\n      border-radius: 5px;\n      display: inline-block;\n      text-decoration: none;\n      font-weight: bold;\n      margin: 20px 0;\n    }\n    .footer {\n      margin-top: 40px;\n      font-size: 14px;\n      color: #6b7280;\n      border-top: 1px solid #e5e7eb;\n      padding-top: 20px;\n      text-align: center;\n    }\n  </style>\n</head>\n<body>\n  <div class=\"container\">\n    <div class=\"logo\">\n      <img src=\"https://rsolv.dev/images/rsolv_logo_transparent.png\" alt=\"RSOLV Logo\">\n    </div>\n    \n    <h1>Quick Check-In: How's RSOLV Working for You?</h1>\n    \n    <p>Hi {@first_name},</p>\n    \n    <p>You've been using RSOLV for a week now, and we'd love to hear about your experience! Your feedback helps us make RSOLV better for everyone.</p>\n    \n    <div class=\"survey-card\">\n      <h3>How likely are you to recommend RSOLV to a colleague?</h3>\n      <p>Click a number below:</p>\n      <div class=\"rating-container\">\n        <a href=\"https://rsolv.dev/feedback?rating=1&email={@email}\" class=\"rating-box\">1</a>\n        <a href=\"https://rsolv.dev/feedback?rating=2&email={@email}\" class=\"rating-box\">2</a>\n        <a href=\"https://rsolv.dev/feedback?rating=3&email={@email}\" class=\"rating-box\">3</a>\n        <a href=\"https://rsolv.dev/feedback?rating=4&email={@email}\" class=\"rating-box\">4</a>\n        <a href=\"https://rsolv.dev/feedback?rating=5&email={@email}\" class=\"rating-box\">5</a>\n        <a href=\"https://rsolv.dev/feedback?rating=6&email={@email}\" class=\"rating-box\">6</a>\n        <a href=\"https://rsolv.dev/feedback?rating=7&email={@email}\" class=\"rating-box\">7</a>\n        <a href=\"https://rsolv.dev/feedback?rating=8&email={@email}\" class=\"rating-box\">8</a>\n        <a href=\"https://rsolv.dev/feedback?rating=9&email={@email}\" class=\"rating-box\">9</a>\n        <a href=\"https://rsolv.dev/feedback?rating=10&email={@email}\" class=\"rating-box\">10</a>\n      </div>\n" <> ..., text_body: "Quick Check-In: How's RSOLV Working for You?\n\nHi User,\n\nYou've been using RSOLV for a week now, and we'd love to hear about your experience!\n\nHow likely are you to recommend RSOLV to a colleague?\nRate us from 1-10: https://rsolv.dev/feedback?email=user@example.com\n\nThree Quick Questions:\n1. What's been your favorite RSOLV fix so far?\n2. What feature would you like to see next?\n3. Any challenges or friction points?\n\nJust hit reply and share your thoughts - we read every response!\n\nDid You Know?\nHere are some ways other teams are using RSOLV:\n- Security audits: Tag all security-related issues for automated fixes\n- Tech debt cleanup: Fix deprecated function calls across the codebase\n- Onboarding tool: Let new devs see how fixes should be implemented\n- Weekend warrior: Queue up fixes on Friday, review on Monday\n\nThanks for being an early adopter!\n\nBest regards,\nDylan & The RSOLV Team\n\nP.S. If RSOLV has saved you time this week, we'd love to hear about it!\n\n---\nTo unsubscribe, visit: https://rsolv.dev/unsubscribe?email=user@example.com\n", headers: %{"X-Postmark-Tag" => "feedback-request"}, attachments: [], assigns: %{}, private: %{tag: "feedback-request"}, blocked: false}

13:17:02.536 request_id=GGBS6nCefaxTcVgAABwP [info] [EMAIL DEBUG] Raw Postmark response
13:17:02.536 request_id=GGBS6nCefaxTcVgAABwP [info] [EMAIL] Email sent successfully via Postmark
13:17:02.536 request_id=GGBS6nCefaxTcVgAABwP [info] Successfully sent scheduled email
13:17:02.536 request_id=GGBS6nCefaxTcVgAABwP [info] [EmailWorker] Insert result
13:17:02.536 request_id=GGBS6nCefaxTcVgAABwP [info] [EmailWorker] Schedule result
13:17:02.536 request_id=GGBS6nCefaxTcVgAABwP [info] [EmailWorker] Processing email config
13:17:02.536 request_id=GGBS6nCefaxTcVgAABwP [info] [EmailWorker] Scheduling email
13:17:02.536 request_id=GGBS6nCefaxTcVgAABwP [info] [EmailWorker] Creating Oban job
13:17:02.536 request_id=GGBS6nCefaxTcVgAABwP [info] [EmailWorker] Job created
13:17:02.536 request_id=GGBS6nCefaxTcVgAABwP [info] Processing scheduled email
13:17:02.536 request_id=GGBS6nCefaxTcVgAABwP [info] [EMAIL DEBUG] Full email struct before sending
13:17:02.536 request_id=GGBS6nCefaxTcVgAABwP [info] [EMAIL DEBUG] Extracted recipient email
13:17:02.536 request_id=GGBS6nCefaxTcVgAABwP [info] [EMAIL DEBUG] Postmark configuration
13:17:02.536 request_id=GGBS6nCefaxTcVgAABwP [info] [EMAIL DEBUG] Email configuration
13:17:02.536 request_id=GGBS6nCefaxTcVgAABwP [info] [EMAIL] Attempting to send email via Postmark
13:17:02.536 request_id=GGBS6nCefaxTcVgAABwP [debug] Sending email with Bamboo.TestAdapter:

%Bamboo.Email{from: {"RSOLV Team", "support@rsolv.dev"}, to: [nil: "user@example.com"], cc: [], bcc: [], subject: "Your RSOLV Success Report", html_body: "<!DOCTYPE html>\n<html lang=\"en\">\n<head>\n  <meta charset=\"UTF-8\">\n  <meta name=\"viewport\" content=\"width=device-width, initial-scale=1.0\">\n  <title>Your RSOLV Success Report</title>\n  <style>\n    @import url('https://fonts.googleapis.com/css2?family=Space+Grotesk:wght@300;400;500;700&display=swap');\n    \n    body {\n      font-family: 'Space Grotesk', -apple-system, BlinkMacSystemFont, \"Segoe UI\", Roboto, Helvetica, Arial, sans-serif;\n      line-height: 1.6;\n      color: #333;\n      max-width: 600px;\n      margin: 0 auto;\n      padding: 20px;\n      background-color: #f8f9fa;\n    }\n    .container {\n      background-color: #ffffff;\n      border-radius: 8px;\n      padding: 30px;\n      box-shadow: 0 4px 6px rgba(0, 0, 0, 0.05);\n    }\n    .logo {\n      text-align: center;\n      margin-bottom: 30px;\n    }\n    .logo img {\n      max-width: 200px;\n    }\n    h1, h2, h3 {\n      color: #10b981;\n    }\n    .stats-grid {\n      display: grid;\n      grid-template-columns: 1fr 1fr;\n      gap: 20px;\n      margin: 30px 0;\n    }\n    .stat-card {\n      background-color: #f3f4f6;\n      padding: 20px;\n      border-radius: 8px;\n      text-align: center;\n      border-top: 4px solid #10b981;\n    }\n    .stat-number {\n      font-size: 36px;\n      font-weight: bold;\n      color: #10b981;\n      margin: 10px 0;\n    }\n    .stat-label {\n      color: #6b7280;\n      font-size: 14px;\n    }\n    .achievement-banner {\n      background: linear-gradient(135deg, #10b981 0%, #059669 100%);\n      color: white;\n      padding: 20px;\n      border-radius: 8px;\n      text-align: center;\n      margin: 20px 0;\n    }\n    .timeline {\n      margin: 30px 0;\n    }\n    .timeline-item {\n      display: flex;\n      margin-bottom: 20px;\n      align-items: flex-start;\n    }\n    .timeline-marker {\n      width: 40px;\n      height: 40px;\n      background-color: #10b981;\n      color: white;\n      border-radius: 50%;\n      display: flex;\n      align-items: center;\n      justify-content: center;\n      flex-shrink: 0;\n      margin-right: 15px;\n    }\n    .timeline-content {\n      flex-grow: 1;\n    }\n    .pricing-highlight {\n      background-color: #fff3cd;\n      border: 1px solid #ffeaa7;\n      padding: 20px;\n      border-radius: 8px;\n      margin: 20px 0;\n      text-align: center;\n    }\n    .cta {\n      background-color: #10b981;\n      color: white;\n      padding: 12px 24px;\n      border-radius: 5px;\n      display: inline-block;\n      text-decoration: none;\n      font-weight: bold;\n      margin: 20px 0;\n    }\n    .cta-secondary {\n      background-color: #2563eb;\n      color: white;\n      padding: 12px 24px;\n      border-radius: 5px;\n      display: inline-block;\n      text-decoration: none;\n      font-weight: bold;\n      margin: 20px 0;\n    }\n    .footer {\n      margin-top: 40px;\n      font-size: 14px;\n      color: #6b7280;\n      border-top: 1px solid #e5e7eb;\n      padding-top: 20px;\n      text-align: center;\n    }\n    @media (max-width: 600px) {\n      .stats-grid {\n        grid-template-columns: 1fr;\n      }\n    }\n  </style>\n</head>\n<body>\n  <div class=\"container\">\n    <div class=\"logo\">\n      <img src=\"https://rsolv.dev/images/rsolv_logo_transparent.png\" alt=\"RSOLV Logo\">\n    </div>\n    \n    <h1>Your 2-Week RSOLV Success Report 🎉</h1>\n    \n    <p>Hi {@first_name},</p>\n    \n    <p>Congratulations! You've been using RSOLV for two weeks. Here's a snapshot of what we've accomplished together:</p>\n    \n    <div class=\"stats-grid\">\n      <div class=\"stat-card\">\n        <div class=\"stat-label\">Issues Fixed</div>\n        <div class=\"stat-number\">{Map.get(@usage_stats || %{}, :issues_fixed, 0)}</div>\n      </div>\n      <div class=\"stat-card\">\n        <div class=\"stat-label\">PRs Created</div>\n        <div class=\"stat-number\">{Map.get(@usage_stats || %{}, :prs_created, 0)}</div>\n      </div>\n      <div class=\"stat-card\">\n        <div class=\"stat-label\">Time Saved</div>\n        <div class=\"stat-number\">{Map.get(@usage_stats || %{}, :time_saved, \"0 hrs\")}</div>\n      </div>\n      <div class=\"stat-card\">\n        <div class=\"stat-label\">Security Issues Found</div>\n        <div class=\"stat-number\">{Map.ge" <> ..., text_body: "Your 2-Week RSOLV Success Report\n\nHi User,\n\nCongratulations! You've been using RSOLV for two weeks. Here's what we've accomplished together:\n\nYour Stats:\n- Issues Fixed: Check your dashboard\n- PRs Created: Check your dashboard\n- Time Saved: Check your dashboard\n- Security Issues Found: Check your dashboard\n\nYour Trial Status:\nCheck how many free fixes you have remaining at: https://rsolv.dev/dashboard\n\nWhat's Next?\n- Expand to more repositories\n- Automate security audits\n- Clean up tech debt\n- Train your team\n\nNeed Help Scaling Up?\nI'd love to help you get even more value from RSOLV:\n- Schedule a 15-minute optimization call\n- Get best practices for your specific tech stack\n- Learn about volume discounts for teams\n\nJust reply to this email and let me know how I can help!\n\nThanks for being part of the RSOLV community.\n\nBest regards,\nDylan Fitzgerald\nFounder, RSOLV\n\nP.S. If RSOLV has been valuable to your team, I'd be grateful if you could share a quick testimonial.\n\n---\nTo unsubscribe, visit: https://rsolv.dev/unsubscribe?email=user@example.com\n", headers: %{"X-Postmark-Tag" => "success-checkin"}, attachments: [], assigns: %{}, private: %{tag: "success-checkin"}, blocked: false}

13:17:02.536 request_id=GGBS6nCefaxTcVgAABwP [info] [EMAIL DEBUG] Raw Postmark response
13:17:02.536 request_id=GGBS6nCefaxTcVgAABwP [info] [EMAIL] Email sent successfully via Postmark
13:17:02.536 request_id=GGBS6nCefaxTcVgAABwP [info] Successfully sent scheduled email
13:17:02.537 request_id=GGBS6nCefaxTcVgAABwP [info] [EmailWorker] Insert result
13:17:02.537 request_id=GGBS6nCefaxTcVgAABwP [info] [EmailWorker] Schedule result
13:17:02.537 request_id=GGBS6nCefaxTcVgAABwP [info] [PAGE CONTROLLER] EmailSequence.start_early_access_onboarding_sequence returned
13:17:02.537 request_id=GGBS6nCefaxTcVgAABwP [debug] Sending email with Bamboo.TestAdapter:

%Bamboo.Email{from: {"RSOLV Team", "support@rsolv.dev"}, to: [nil: "admin@rsolv.dev"], cc: [], bcc: [], subject: "🎉 New RSOLV Signup: user@example.com", html_body: "<!DOCTYPE html>\n<html>\n<head>\n  <meta charset=\"utf-8\">\n  <style>\n    body { font-family: -apple-system, BlinkMacSystemFont, 'Segoe UI', Roboto, sans-serif; line-height: 1.6; color: #333; }\n    .container { max-width: 600px; margin: 0 auto; padding: 20px; }\n    .header { background: #10b981; color: white; padding: 20px; border-radius: 8px 8px 0 0; }\n    .content { background: #f9fafb; padding: 20px; border: 1px solid #e5e7eb; border-radius: 0 0 8px 8px; }\n    .metric { display: inline-block; margin: 10px 20px 10px 0; }\n    .metric-label { font-size: 12px; color: #6b7280; text-transform: uppercase; }\n    .metric-value { font-size: 18px; font-weight: bold; color: #111827; }\n    .details { background: white; padding: 15px; border-radius: 4px; margin: 15px 0; }\n    .detail-row { display: flex; justify-content: space-between; padding: 8px 0; border-bottom: 1px solid #f3f4f6; }\n    .detail-row:last-child { border-bottom: none; }\n    .detail-label { font-weight: 500; color: #6b7280; }\n    .detail-value { color: #111827; }\n    .utm-badge { display: inline-block; background: #dbeafe; color: #1e40af; padding: 2px 8px; border-radius: 4px; font-size: 12px; margin-left: 4px; }\n  </style>\n</head>\n<body>\n  <div class=\"container\">\n    <div class=\"header\">\n      <h1 style=\"margin: 0; font-size: 24px;\">🎉 New RSOLV Signup!</h1>\n      <p style=\"margin: 5px 0 0 0; opacity: 0.9;\">August 29, 2025 at 07:17 PM UTC</p>\n    </div>\n    \n    <div class=\"content\">\n      <div class=\"metric\">\n        <div class=\"metric-label\">Email</div>\n        <div class=\"metric-value\">user@example.com</div>\n      </div>\n      \n      \n      \n      <div class=\"details\">\n        <h3 style=\"margin-top: 0;\">Signup Details</h3>\n        \n        <div class=\"detail-row\">\n          <span class=\"detail-label\">Source</span>\n          <span class=\"detail-value\">\n            landing_page\n            \n          </span>\n        </div>\n        \n        \n        \n        \n        \n        \n      </div>\n      \n      <div style=\"margin-top: 20px; text-align: center;\">\n        <a href=\"https://rsolv.dev/live/dashboard\" style=\"display: inline-block; background: #10b981; color: white; padding: 10px 20px; text-decoration: none; border-radius: 4px;\">\n          View Dashboard\n        </a>\n      </div>\n    </div>\n  </div>\n</body>\n</html>\n", text_body: "🎉 New RSOLV Signup!\n\nEmail: user@example.com\n\nTime: August 29, 2025 at 07:17 PM UTC\n\nSource Details:\n- Source: landing_page\n\n\n\n\n\nView full dashboard: https://rsolv.dev/live/dashboard\n", headers: %{"Message-ID" => "<1756495022.149904@rsolv.dev>", "X-Postmark-Tag" => "admin-notification", "X-Priority" => "1"}, attachments: [], assigns: %{}, private: %{tag: "admin-notification"}, blocked: false}

13:17:02.537 request_id=GGBS6nCefaxTcVgAABwP [info] Admin notification sent for new signup
    warning: unused alias Pattern
    │
  5 │   alias Rsolv.Security.Pattern
    │   ~
    │
    └─ test/rsolv/security/patterns/django/clickjacking_test.exs:5:3

......................13:17:02.545 request_id=GGBS6nCefaxTcVgAABwP [info] Sent 302 in 1005ms
13:17:02.546 [info] PatternServer: Loaded 170 unique patterns
13:17:02.546 [info] Patterns by language: %{"common" => 1, "django" => 19, "elixir" => 28, "java" => 17, "javascript" => 30, "php" => 25, "python" => 12, "rails" => 18, "ruby" => 20}
13:17:02.546 [debug] PatternServer: Loading patterns for cobol
13:17:02.546 [debug] PatternServer: Loading patterns for php
13:17:02.546 [info] PatternAdapter loading patterns for cobol: found 0 patterns
.13:17:02.546 [info] PatternAdapter loading patterns for javascript: found 30 patterns
13:17:02.546 [info] PatternAdapter loading patterns for php: found 25 patterns
.13:17:02.547 [info] PatternAdapter loading patterns for javascript: found 30 patterns
13:17:02.547 [info] PatternAdapter loading patterns for java: found 17 patterns
.13:17:02.547 [debug] PatternServer: Loading patterns for go
...13:17:02.547 [info] PatternAdapter loading patterns for python: found 12 patterns
..13:17:02.547 request_id=GGBS6qyzoOJTcVgAABqG [info] POST /early-access
13:17:02.547 request_id=GGBS6qyzoOJTcVgAABqG [debug] Processing with RsolvWeb.PageController.submit_early_access/2
  Parameters: %{"email" => "user.name@example.com"}
  Pipelines: [:browser]
13:17:02.547 [info] PatternAdapter loading patterns for go: found 0 patterns
.13:17:02.548 request_id=GGBS6qyzoOJTcVgAABqG [debug] QUERY OK source="fun_with_flags_toggles" db=0.2ms queue=0.1ms
SELECT f0."id", f0."flag_name", f0."gate_type", f0."target", f0."enabled" FROM "fun_with_flags_toggles" AS f0 WHERE (f0."flag_name" = $1) ["early_access_signup"]
13:17:02.548 request_id=GGBS6qyzoOJTcVgAABqG [debug] Telemetry event: [:fun_with_flags, :persistence, :read], metadata: %{flag_name: :early_access_signup, gate: nil}, measurements: %{system_time: 1756495022548360018}
13:17:02.548 request_id=GGBS6qyzoOJTcVgAABqG [debug] Extracted UTM parameters: %{}
13:17:02.548 request_id=GGBS6qyzoOJTcVgAABqG [info] Analytics event tracked
13:17:02.548 request_id=GGBS6qyzoOJTcVgAABqG [debug] QUERY OK db=0.2ms queue=0.1ms
SELECT create_analytics_partition_if_not_exists($1::date) [~D[2025-08-29]]
13:17:02.549 request_id=GGBS6qyzoOJTcVgAABqG [debug] QUERY OK source="analytics_events" db=0.3ms
INSERT INTO "analytics_events" ("metadata","event_type","visitor_id","page_path","inserted_at","updated_at") VALUES ($1,$2,$3,$4,$5,$6) RETURNING "id" [%{status: "submit", os: "unknown", form_id: "early-access", browser: "unknown", utm_source_platform: nil, utm_source_campaign: nil, utm_source_content: nil, device_type: "unknown"}, "form_submit", "e17c558f9f13c83a1cb396489c0b0a76", "/early-access", ~N[2025-08-29 19:17:02], ~N[2025-08-29 19:17:02]]
13:17:02.549 request_id=GGBS6qyzoOJTcVgAABqG [info] Form submission received
13:17:02.549 request_id=GGBS6qyzoOJTcVgAABqG [info] Valid email received for processing: user.name@example.com, validation passed
13:17:02.549 request_id=GGBS6qyzoOJTcVgAABqG [debug] Extracted UTM parameters: %{}
13:17:02.549 request_id=GGBS6qyzoOJTcVgAABqG [debug] QUERY OK source="early_access_signups" db=0.1ms
INSERT INTO "early_access_signups" ("name","email","referral_source","inserted_at") VALUES ($1,$2,$3,$4) RETURNING "id" ["User", "user.name@example.com", "landing_page", ~N[2025-08-29 19:17:02]]
13:17:02.549 request_id=GGBS6qyzoOJTcVgAABqG [debug] QUERY OK source="early_access_signups" db=0.0ms
SELECT count(e0."id") FROM "early_access_signups" AS e0 []
13:17:02.549 request_id=GGBS6qyzoOJTcVgAABqG [info] Successfully saved signup to database
13:17:02.549 request_id=GGBS6qyzoOJTcVgAABqG [info] ConvertKit API key present: true
13:17:02.549 request_id=GGBS6qyzoOJTcVgAABqG [info] ConvertKit API request successful
13:17:02.549 request_id=GGBS6qyzoOJTcVgAABqG [info] ConvertKit: Successfully added subscriber
13:17:02.549 request_id=GGBS6qyzoOJTcVgAABqG [info] Analytics event tracked
13:17:02.550 request_id=GGBS6qyzoOJTcVgAABqG [debug] QUERY OK db=0.1ms queue=0.2ms
SELECT create_analytics_partition_if_not_exists($1::date) [~D[2025-08-29]]
13:17:02.550 request_id=GGBS6qyzoOJTcVgAABqG [debug] QUERY OK source="analytics_events" db=0.1ms
INSERT INTO "analytics_events" ("metadata","event_type","visitor_id","page_path","inserted_at","updated_at") VALUES ($1,$2,$3,$4,$5,$6) RETURNING "id" [%{status: "success", os: "unknown", source: "landing_page", form_id: "early-access", browser: "unknown", utm_source_platform: nil, utm_source_campaign: nil, utm_source_content: nil, device_type: "unknown", conversion_type: "early_access_signup", email_domain: "example.com"}, "form_success", "e17c558f9f13c83a1cb396489c0b0a76", "/early-access", ~N[2025-08-29 19:17:02], ~N[2025-08-29 19:17:02]]
13:17:02.550 request_id=GGBS6qyzoOJTcVgAABqG [info] Analytics event tracked
13:17:02.550 request_id=GGBS6qyzoOJTcVgAABqG [debug] QUERY OK db=0.1ms
SELECT create_analytics_partition_if_not_exists($1::date) [~D[2025-08-29]]
13:17:02.551 request_id=GGBS6qyzoOJTcVgAABqG [debug] QUERY OK source="analytics_events" db=0.1ms
INSERT INTO "analytics_events" ("metadata","event_type","visitor_id","page_path","inserted_at","updated_at") VALUES ($1,$2,$3,$4,$5,$6) RETURNING "id" [%{os: "unknown", source: "landing_page", form_id: "early-access", browser: "unknown", utm_source_platform: nil, utm_source_campaign: nil, utm_source_content: nil, device_type: "unknown", conversion_type: "early_access_signup", email_domain: "example.com"}, "conversion", "e17c558f9f13c83a1cb396489c0b0a76", "/early-access", ~N[2025-08-29 19:17:02], ~N[2025-08-29 19:17:02]]
13:17:02.551 request_id=GGBS6qyzoOJTcVgAABqG [debug] QUERY OK source="fun_with_flags_toggles" db=0.0ms
SELECT f0."id", f0."flag_name", f0."gate_type", f0."target", f0."enabled" FROM "fun_with_flags_toggles" AS f0 WHERE (f0."flag_name" = $1) ["welcome_email_sequence"]
13:17:02.551 request_id=GGBS6qyzoOJTcVgAABqG [debug] Telemetry event: [:fun_with_flags, :persistence, :read], metadata: %{flag_name: :welcome_email_sequence, gate: nil}, measurements: %{system_time: 1756495022551278785}
13:17:02.551 request_id=GGBS6qyzoOJTcVgAABqG [info] [PAGE CONTROLLER] Welcome email sequence is ENABLED, starting sequence
13:17:02.551 request_id=GGBS6qyzoOJTcVgAABqG [info] [PAGE CONTROLLER] About to call EmailSequence.start_early_access_onboarding_sequence
13:17:02.551 request_id=GGBS6qyzoOJTcVgAABqG [info] [EMAIL SEQUENCE] Starting early access onboarding sequence
13:17:02.551 request_id=GGBS6qyzoOJTcVgAABqG [info] [EMAIL SEQUENCE] About to call EmailService.send_early_access_welcome_email
13:17:02.551 request_id=GGBS6qyzoOJTcVgAABqG [info] [EMAIL] send_early_access_welcome_email called
13:17:02.551 request_id=GGBS6qyzoOJTcVgAABqG [info] [EMAIL DEBUG] Full email struct before sending
13:17:02.551 request_id=GGBS6qyzoOJTcVgAABqG [info] [EMAIL DEBUG] Extracted recipient email
13:17:02.551 request_id=GGBS6qyzoOJTcVgAABqG [info] [EMAIL DEBUG] Postmark configuration
13:17:02.551 request_id=GGBS6qyzoOJTcVgAABqG [info] [EMAIL DEBUG] Email configuration
13:17:02.551 request_id=GGBS6qyzoOJTcVgAABqG [info] [EMAIL] Attempting to send email via Postmark
13:17:02.551 request_id=GGBS6qyzoOJTcVgAABqG [debug] Sending email with Bamboo.TestAdapter:

%Bamboo.Email{from: {"RSOLV Team", "support@rsolv.dev"}, to: [nil: "user.name@example.com"], cc: [], bcc: [], subject: "Welcome to RSOLV Early Access Program", html_body: "<div style=\"font-family: 'Helvetica Neue', Helvetica, Arial, sans-serif; max-width: 600px; margin: 0 auto; padding: 20px;\">\n  <h1 style=\"color: #2C3E50; margin-bottom: 20px;\">Welcome to RSOLV Early Access Program!</h1>\n\n  <p>Hi User,</p>\n\n  <p>Thank you for joining our Early Access Program! You're now part of an exclusive group getting first access to RSOLV.</p>\n\n  <p>Here's what you need to know:</p>\n\n  <ul>\n    <li>You have full access to all current features</li>\n    <li>Your feedback is incredibly valuable to us during this phase</li>\n    <li>You'll receive priority support via email</li>\n  </ul>\n\n  <p>To get started with RSOLV:</p>\n\n  <ol>\n    <li><strong>Your API key will be sent in a follow-up email within 24 hours</strong></li>\n    <li>Once you receive your API key, install our GitHub Action (code below)</li>\n    <li>Set up your repository secrets with your API key</li>\n    <li>Tag your first issues with \"rsolv:automate\"</li>\n  </ol>\n\n  <div style=\"background-color: #fff3cd; border: 1px solid #ffeaa7; color: #856404; padding: 10px; border-radius: 5px; margin: 15px 0;\">\n    <strong>⏳ API Key Coming Soon:</strong> We'll send your personal API key within 24 hours. Look for an email with subject \"Your RSOLV API Key\".\n  </div>\n\n  <div style=\"background-color: #f8f9fa; padding: 15px; border-radius: 5px; margin: 20px 0;\">\n    <pre style=\"margin: 0; overflow-x: auto; white-space: pre-wrap; font-family: monospace;\">name: RSOLV AutoFix\non:\n  issues:\n    types: [opened, edited, labeled]\n\njobs:\n  autofix:\n    runs-on: ubuntu-latest\n    if: contains(github.event.issue.labels.*.name, 'rsolv:automate')\n    steps:\n      - uses: RSOLV-dev/rsolv-action@v1\n        with:\n          github-token: ${{ secrets.GITHUB_TOKEN }}\n          rsolv-api-key: ${{ secrets.RSOLV_API_KEY }}</pre>\n  </div>\n\n  <p>Need help? As an Early Access member, you have priority support - contact us at <a href=\"mailto:support@rsolv.dev\">support@rsolv.dev</a> and we'll personally assist you.</p>\n\n  <p>Your trial includes unlimited automated fixes during the Early Access period.</p>\n\n  <div style=\"margin-top: 30px; padding: 15px; border: 1px solid #e0e0e0; border-radius: 5px; background-color: #f9f9f9;\">\n    <h3 style=\"margin-top: 0; color: #2C3E50;\">Early Access Program Benefits</h3>\n    <ul>\n      <li>Unlimited usage during Early Access</li>\n      <li>Priority support and feature requests</li>\n      <li>Exclusive pricing when we launch</li>\n      <li>Direct access to our development team</li>\n    </ul>\n  </div>\n\n  <p>Best,<br>The RSOLV Team</p>\n\n  <div class=\"footer\" style=\"margin-top: 40px; padding-top: 20px; border-top: 1px solid #e0e0e0; font-size: 0.9em; color: #666;\">\n    <p>\n      You're receiving this email because you joined the RSOLV Early Access Program.\n      <br>\n      If you have any questions, simply reply to this email.\n    </p>\n    <p>\n      RSOLV, Inc. • support@rsolv.dev • © 2025\n    </p>\n    <p>\n      <a href=\"https://rsolv.dev/unsubscribe?email=user.name@example.com\">Unsubscribe</a> from these emails.\n    </p>\n  </div>\n</div>\n", text_body: "Welcome to RSOLV Early Access Program!\n\nHi User,\n\nThank you for joining our Early Access Program! You're now part of an exclusive group getting first access to RSOLV.\n\nHere's what you need to know:\n- You have full access to all current features\n- Your feedback is incredibly valuable to us during this phase\n- You'll receive priority support via email\n\nTo get started with RSOLV:\n1. Your API key will be sent in a follow-up email within 24 hours\n2. Once you receive your API key, install our GitHub Action\n3. Set up your repository secrets with your API key\n4. Tag your first issues with \"AUTOFIX\"\n\n⏳ API KEY COMING SOON: We'll send your personal API key within 24 hours. Look for an email with subject \"Your RSOLV API Key\".\n\nNeed help? As an Early Access member, you have priority support - contact us at support@rsolv.dev and we'll personally assist you.\n\nYour trial includes unlimited automated fixes during the Early Access period.\n\nEARLY ACCESS PROGRAM BENEFITS:\n* Unlimited usage during Early Access\n* Priority support and feature requests\n* Exclusive pricing when we launch\n* Direct access to our development team\n\nBest,\nThe RSOLV Team\n\n---\nYou're receiving this email because you joined the RSOLV Early Access Program.\nIf you have any questions, simply reply to this email.\n\nRSOLV, Inc. • support@rsolv.dev\n\nTo unsubscribe, visit: https://rsolv.dev/unsubscribe?email=user.name@example.com\n", headers: %{"X-Postmark-Tag" => "early-access"}, attachments: [], assigns: %{}, private: %{tag: "early-access"}, blocked: false}

13:17:02.551 request_id=GGBS6qyzoOJTcVgAABqG [info] [EMAIL DEBUG] Raw Postmark response
13:17:02.551 request_id=GGBS6qyzoOJTcVgAABqG [info] [EMAIL] Email sent successfully via Postmark
13:17:02.551 request_id=GGBS6qyzoOJTcVgAABqG [info] [EMAIL SEQUENCE] EmailService.send_early_access_welcome_email returned
13:17:02.551 request_id=GGBS6qyzoOJTcVgAABqG [info] Attempting to tag subscriber
13:17:02.551 request_id=GGBS6qyzoOJTcVgAABqG [info] ConvertKit: Attempting to tag user.name@example.com with tag test_tag_id
13:17:02.551 request_id=GGBS6qyzoOJTcVgAABqG [info] ConvertKit: Successfully tagged user.name@example.com
13:17:02.551 request_id=GGBS6qyzoOJTcVgAABqG [info] [EmailWorker] schedule_sequence called
13:17:02.551 request_id=GGBS6qyzoOJTcVgAABqG [info] [EmailWorker] Found sequence
13:17:02.551 request_id=GGBS6qyzoOJTcVgAABqG [info] [EmailWorker] Processing email config
13:17:02.551 request_id=GGBS6qyzoOJTcVgAABqG [info] [EmailWorker] Skipping immediate email
13:17:02.551 request_id=GGBS6qyzoOJTcVgAABqG [info] [EmailWorker] Processing email config
13:17:02.551 request_id=GGBS6qyzoOJTcVgAABqG [info] [EmailWorker] Scheduling email
13:17:02.551 request_id=GGBS6qyzoOJTcVgAABqG [info] [EmailWorker] Creating Oban job
13:17:02.551 request_id=GGBS6qyzoOJTcVgAABqG [info] [EmailWorker] Job created
13:17:02.552 request_id=GGBS6qyzoOJTcVgAABqG [info] Processing scheduled email
13:17:02.552 request_id=GGBS6qyzoOJTcVgAABqG [error] Failed to send scheduled email
13:17:02.552 request_id=GGBS6qyzoOJTcVgAABqG [info] [EmailWorker] Insert result
13:17:02.552 request_id=GGBS6qyzoOJTcVgAABqG [info] [EmailWorker] Schedule result
13:17:02.552 request_id=GGBS6qyzoOJTcVgAABqG [info] [EmailWorker] Processing email config
13:17:02.552 request_id=GGBS6qyzoOJTcVgAABqG [info] [EmailWorker] Scheduling email
13:17:02.552 request_id=GGBS6qyzoOJTcVgAABqG [info] [EmailWorker] Creating Oban job
13:17:02.552 request_id=GGBS6qyzoOJTcVgAABqG [info] [EmailWorker] Job created
13:17:02.552 request_id=GGBS6qyzoOJTcVgAABqG [info] Processing scheduled email
13:17:02.552 request_id=GGBS6qyzoOJTcVgAABqG [info] [EMAIL DEBUG] Full email struct before sending
13:17:02.552 request_id=GGBS6qyzoOJTcVgAABqG [info] [EMAIL DEBUG] Extracted recipient email
13:17:02.552 request_id=GGBS6qyzoOJTcVgAABqG [info] [EMAIL DEBUG] Postmark configuration
13:17:02.552 request_id=GGBS6qyzoOJTcVgAABqG [info] [EMAIL DEBUG] Email configuration
13:17:02.552 request_id=GGBS6qyzoOJTcVgAABqG [info] [EMAIL] Attempting to send email via Postmark
13:17:02.552 request_id=GGBS6qyzoOJTcVgAABqG [debug] Sending email with Bamboo.TestAdapter:

%Bamboo.Email{from: {"RSOLV Team", "support@rsolv.dev"}, to: [nil: "user.name@example.com"], cc: [], bcc: [], subject: "Verify Your RSOLV Setup - Need Any Help?", html_body: "<!DOCTYPE html>\n<html lang=\"en\">\n<head>\n  <meta charset=\"UTF-8\">\n  <meta name=\"viewport\" content=\"width=device-width, initial-scale=1.0\">\n  <title>Verify Your RSOLV Setup</title>\n  <style>\n    @import url('https://fonts.googleapis.com/css2?family=Space+Grotesk:wght@300;400;500;700&display=swap');\n    \n    body {\n      font-family: 'Space Grotesk', -apple-system, BlinkMacSystemFont, \"Segoe UI\", Roboto, Helvetica, Arial, sans-serif;\n      line-height: 1.6;\n      color: #333;\n      max-width: 600px;\n      margin: 0 auto;\n      padding: 20px;\n      background-color: #f8f9fa;\n    }\n    .container {\n      background-color: #ffffff;\n      border-radius: 8px;\n      padding: 30px;\n      box-shadow: 0 4px 6px rgba(0, 0, 0, 0.05);\n    }\n    .logo {\n      text-align: center;\n      margin-bottom: 30px;\n    }\n    .logo img {\n      max-width: 200px;\n    }\n    h1, h2, h3 {\n      color: #10b981;\n    }\n    .checklist {\n      background-color: #f3f4f6;\n      padding: 20px;\n      border-radius: 8px;\n      margin: 20px 0;\n    }\n    .checklist-item {\n      display: flex;\n      align-items: center;\n      margin-bottom: 15px;\n    }\n    .checklist-item input[type=\"checkbox\"] {\n      margin-right: 10px;\n    }\n    .status-box {\n      background-color: #fff3cd;\n      border: 1px solid #ffeaa7;\n      padding: 15px;\n      border-radius: 8px;\n      margin: 20px 0;\n    }\n    .success-box {\n      background-color: #d4edda;\n      border: 1px solid #c3e6cb;\n      padding: 15px;\n      border-radius: 8px;\n      margin: 20px 0;\n    }\n    .code {\n      background-color: #2d3748;\n      color: #e2e8f0;\n      padding: 15px;\n      border-radius: 5px;\n      font-family: 'Courier New', monospace;\n      overflow-x: auto;\n      margin: 15px 0;\n    }\n    .cta {\n      background-color: #10b981;\n      color: white;\n      padding: 12px 24px;\n      border-radius: 5px;\n      display: inline-block;\n      text-decoration: none;\n      font-weight: bold;\n      margin: 20px 0;\n    }\n    .footer {\n      margin-top: 40px;\n      font-size: 14px;\n      color: #6b7280;\n      border-top: 1px solid #e5e7eb;\n      padding-top: 20px;\n      text-align: center;\n    }\n  </style>\n</head>\n<body>\n  <div class=\"container\">\n    <div class=\"logo\">\n      <img src=\"https://rsolv.dev/images/rsolv_logo_transparent.png\" alt=\"RSOLV Logo\">\n    </div>\n    \n    <h1>Let's Verify Your RSOLV Setup</h1>\n    \n    <p>Hi {@first_name},</p>\n    \n    <p>It's been a few days since you signed up for RSOLV. We want to make sure you're all set up and ready to benefit from automated security scanning and remediation!</p>\n    \n    <div class=\"checklist\">\n      <h3>Quick Setup Checklist:</h3>\n      <div class=\"checklist-item\">\n        <input type=\"checkbox\" disabled> Connected your repositories for security scanning\n      </div>\n      <div class=\"checklist-item\">\n        <input type=\"checkbox\" disabled> Added the GitHub Action workflow for automated fixes\n      </div>\n      <div class=\"checklist-item\">\n        <input type=\"checkbox\" disabled> Set up your RSOLV_API_KEY as a repository secret\n      </div>\n      <div class=\"checklist-item\">\n        <input type=\"checkbox\" disabled> Reviewed security issues found by RSOLV\n      </div>\n      <div class=\"checklist-item\">\n        <input type=\"checkbox\" disabled> Generated and merged your first security fix PR\n      </div>\n    </div>\n    \n    <h2>Need Help with Setup?</h2>\n    \n    <p>If you haven't completed setup yet, here's a quick reminder of the steps:</p>\n    \n    <div class=\"code\">\n# In .github/workflows/rsolv.yml:\nname: RSOLV Security Fixes\n\non:\n  issues:\n    types: [labeled]\n\njobs:\n  security-fix:\n    if: contains(github.event.issue.labels.*.name, 'rsolv:automate')\n    runs-on: ubuntu-latest\n    steps:\n      - uses: rsolv-dev/rsolv-action@v1\n        with:\n          github-token: ${\"{{ secrets.GITHUB_TOKEN }}\"}\n          rsolv-api-key: ${\"{{ secrets.RSOLV_API_KEY }}\"}\n    </div>\n    \n    <div class=\"status-box\">\n      <strong>🎁 Remember:</strong> Your first 10 fixes are completely free! No credit card required. After that, you only pay $15 per fix that gets deployed.\n   " <> ..., text_body: "Let's Verify Your RSOLV Setup\n\nHi User,\n\nIt's been a few days since you signed up for RSOLV. We want to make sure you're all set up and ready to automate your issue resolution!\n\nQuick Setup Checklist:\n[ ] Added the GitHub Action workflow to your repository\n[ ] Set up your RSOLV_API_KEY as a repository secret\n[ ] Tagged your first issue with \"rsolv:automate\"\n[ ] Reviewed and merged your first automated PR\n\nNeed Help with Setup?\nIf you haven't completed setup yet, visit: https://rsolv.dev/docs/getting-started\n\nRemember: Your first 10 fixes are completely free! No credit card required. After that, you only pay $15 per fix that gets deployed.\n\nCommon Questions:\n- Where do I get my API key? Check your welcome email or visit your dashboard\n- Can I use RSOLV on private repos? Yes! RSOLV works with both public and private repositories\n- What types of issues can RSOLV fix? Bug fixes, security vulnerabilities, performance issues, and more\n- How secure is it? We analyze every fix for security vulnerabilities before creating PRs\n\nPro Tip: Start with a simple issue first - something like \"Fix typo in README\" or \"Update deprecated function calls\".\n\nReady to get started? Tag an issue with \"rsolv:automate\" and watch the magic happen!\n\nIf you're stuck or have questions, just reply to this email.\n\nBest regards,\nThe RSOLV Team\n\n---\nTo unsubscribe, visit: https://rsolv.dev/unsubscribe?email=user.name@example.com\n", headers: %{"X-Postmark-Tag" => "setup-verification"}, attachments: [], assigns: %{}, private: %{tag: "setup-verification"}, blocked: false}

13:17:02.552 request_id=GGBS6qyzoOJTcVgAABqG [info] [EMAIL DEBUG] Raw Postmark response
13:17:02.552 request_id=GGBS6qyzoOJTcVgAABqG [info] [EMAIL] Email sent successfully via Postmark
13:17:02.552 request_id=GGBS6qyzoOJTcVgAABqG [info] Successfully sent scheduled email
13:17:02.552 request_id=GGBS6qyzoOJTcVgAABqG [info] [EmailWorker] Insert result
13:17:02.552 request_id=GGBS6qyzoOJTcVgAABqG [info] [EmailWorker] Schedule result
13:17:02.552 request_id=GGBS6qyzoOJTcVgAABqG [info] [EmailWorker] Processing email config
13:17:02.552 request_id=GGBS6qyzoOJTcVgAABqG [info] [EmailWorker] Scheduling email
13:17:02.552 request_id=GGBS6qyzoOJTcVgAABqG [info] [EmailWorker] Creating Oban job
13:17:02.552 request_id=GGBS6qyzoOJTcVgAABqG [info] [EmailWorker] Job created
13:17:02.552 request_id=GGBS6qyzoOJTcVgAABqG [info] Processing scheduled email
13:17:02.553 request_id=GGBS6qyzoOJTcVgAABqG [info] [EMAIL DEBUG] Full email struct before sending
13:17:02.553 request_id=GGBS6qyzoOJTcVgAABqG [info] [EMAIL DEBUG] Extracted recipient email
13:17:02.553 request_id=GGBS6qyzoOJTcVgAABqG [info] [EMAIL DEBUG] Postmark configuration
13:17:02.553 request_id=GGBS6qyzoOJTcVgAABqG [info] [EMAIL DEBUG] Email configuration
13:17:02.553 request_id=GGBS6qyzoOJTcVgAABqG [info] [EMAIL] Attempting to send email via Postmark
13:17:02.553 request_id=GGBS6qyzoOJTcVgAABqG [debug] Sending email with Bamboo.TestAdapter:

%Bamboo.Email{from: {"RSOLV Team", "support@rsolv.dev"}, to: [nil: "user.name@example.com"], cc: [], bcc: [], subject: "Advanced RSOLV Features You Might Have Missed", html_body: "<!DOCTYPE html>\n<html lang=\"en\">\n<head>\n  <meta charset=\"UTF-8\">\n  <meta name=\"viewport\" content=\"width=device-width, initial-scale=1.0\">\n  <title>Advanced RSOLV Features</title>\n  <style>\n    @import url('https://fonts.googleapis.com/css2?family=Space+Grotesk:wght@300;400;500;700&display=swap');\n    \n    body {\n      font-family: 'Space Grotesk', -apple-system, BlinkMacSystemFont, \"Segoe UI\", Roboto, Helvetica, Arial, sans-serif;\n      line-height: 1.6;\n      color: #333;\n      max-width: 600px;\n      margin: 0 auto;\n      padding: 20px;\n      background-color: #f8f9fa;\n    }\n    .container {\n      background-color: #ffffff;\n      border-radius: 8px;\n      padding: 30px;\n      box-shadow: 0 4px 6px rgba(0, 0, 0, 0.05);\n    }\n    .logo {\n      text-align: center;\n      margin-bottom: 30px;\n    }\n    .logo img {\n      max-width: 200px;\n    }\n    h1, h2, h3 {\n      color: #10b981;\n    }\n    .feature-card {\n      background-color: #f3f4f6;\n      padding: 20px;\n      border-radius: 8px;\n      margin-bottom: 20px;\n      border-left: 4px solid #10b981;\n    }\n    .feature-card h3 {\n      margin-top: 0;\n    }\n    .code {\n      background-color: #2d3748;\n      color: #e2e8f0;\n      padding: 15px;\n      border-radius: 5px;\n      font-family: 'Courier New', monospace;\n      overflow-x: auto;\n      margin: 15px 0;\n      font-size: 14px;\n    }\n    .pro-tip {\n      background-color: #fff3cd;\n      border: 1px solid #ffeaa7;\n      padding: 15px;\n      border-radius: 8px;\n      margin: 20px 0;\n    }\n    .security-highlight {\n      background-color: #d4edda;\n      border: 1px solid #c3e6cb;\n      padding: 15px;\n      border-radius: 8px;\n      margin: 20px 0;\n    }\n    .cta {\n      background-color: #10b981;\n      color: white;\n      padding: 12px 24px;\n      border-radius: 5px;\n      display: inline-block;\n      text-decoration: none;\n      font-weight: bold;\n      margin: 20px 0;\n    }\n    .footer {\n      margin-top: 40px;\n      font-size: 14px;\n      color: #6b7280;\n      border-top: 1px solid #e5e7eb;\n      padding-top: 20px;\n      text-align: center;\n    }\n  </style>\n</head>\n<body>\n  <div class=\"container\">\n    <div class=\"logo\">\n      <img src=\"https://rsolv.dev/images/rsolv_logo_transparent.png\" alt=\"RSOLV Logo\">\n    </div>\n    \n    <h1>Unlock the Full Power of RSOLV</h1>\n    \n    <p>Hi {@first_name},</p>\n    \n    <p>You've been using RSOLV for a few days now. Here are some advanced features and techniques that can help you get even more value from automated security scanning and vulnerability remediation:</p>\n    \n    <div class=\"feature-card\">\n      <h3>🎯 Understanding RSOLV's Proactive Scanning</h3>\n      <p>RSOLV continuously scans your repositories for security vulnerabilities and automatically creates issues with detailed remediation plans:</p>\n      <ul>\n        <li><strong>Automated detection:</strong> Scans all files for 180+ vulnerability patterns (and growing)</li>\n        <li><strong>Smart grouping:</strong> Groups similar issues for efficient review</li>\n        <li><strong>Detailed reports:</strong> Shows exact file locations and vulnerable code</li>\n        <li><strong>Fix generation:</strong> Creates secure PRs that address root causes</li>\n      </ul>\n    </div>\n    \n    <div class=\"feature-card\">\n      <h3>🔒 Comprehensive Security Coverage</h3>\n      <p>RSOLV proactively detects and fixes these vulnerability types across your codebase:</p>\n      <ul>\n        <li>SQL/NoSQL injection vulnerabilities</li>\n        <li>Cross-site scripting (XSS) risks</li>\n        <li>Authentication/authorization flaws</li>\n        <li>Insecure cryptographic implementations</li>\n        <li>Hardcoded secrets and API keys</li>\n        <li>Path traversal and open redirects</li>\n        <li>Insecure dependencies and configurations</li>\n      </ul>\n      <p>Each PR includes a detailed security impact assessment and verification tests.</p>\n    </div>\n    \n    <div class=\"security-highlight\">\n      <strong>🛡️ Security Example:</strong> When RSOLV detects unsafe user input handling, it automatically generates fixes with proper sanitization, p" <> ..., text_body: "Unlock the Full Power of RSOLV\n\nHi User,\n\nYou've been using RSOLV for a few days now. Here are some advanced features and techniques:\n\n1. Writing Better Issues for Better Fixes:\n   - Include error messages: Copy the full stack trace\n   - Specify the file/function: \"Fix pagination in UserList.js\"\n   - Describe expected behavior: \"Should show 10 users per page\"\n   - Add context: \"This broke after upgrading to React 18\"\n\n2. Security-First Fixes:\n   RSOLV automatically scans for:\n   - SQL injection vulnerabilities\n   - Cross-site scripting (XSS) risks\n   - Authentication/authorization issues\n   - Insecure dependencies\n   - Hardcoded secrets or API keys\n\n3. Batch Processing:\n   Tag multiple issues with \"rsolv:automate\" and RSOLV creates separate PRs for each.\n\n4. Customizing RSOLV Behavior:\n   Add these tags to your issues:\n   - [performance] - Optimize for speed\n   - [security] - Extra security focus\n   - [minimal] - Smallest possible change\n   - [refactor] - Clean up while fixing\n\nComing Soon:\n- Support for more languages (Go, Rust, PHP)\n- Custom fix preferences per repository\n- Team collaboration features\n- Integration with more platforms\n\nHave a feature request? Just reply to this email!\n\nView advanced documentation: https://rsolv.dev/docs/advanced\n\nBest regards,\nThe RSOLV Team\n\n---\nTo unsubscribe, visit: https://rsolv.dev/unsubscribe?email=user.name@example.com\n", headers: %{"X-Postmark-Tag" => "feature-deep-dive"}, attachments: [], assigns: %{}, private: %{tag: "feature-deep-dive"}, blocked: false}

13:17:02.553 request_id=GGBS6qyzoOJTcVgAABqG [info] [EMAIL DEBUG] Raw Postmark response
13:17:02.553 request_id=GGBS6qyzoOJTcVgAABqG [info] [EMAIL] Email sent successfully via Postmark
13:17:02.553 request_id=GGBS6qyzoOJTcVgAABqG [info] Successfully sent scheduled email
13:17:02.553 request_id=GGBS6qyzoOJTcVgAABqG [info] [EmailWorker] Insert result
13:17:02.553 request_id=GGBS6qyzoOJTcVgAABqG [info] [EmailWorker] Schedule result
13:17:02.553 request_id=GGBS6qyzoOJTcVgAABqG [info] [EmailWorker] Processing email config
13:17:02.553 request_id=GGBS6qyzoOJTcVgAABqG [info] [EmailWorker] Scheduling email
13:17:02.553 request_id=GGBS6qyzoOJTcVgAABqG [info] [EmailWorker] Creating Oban job
.13:17:02.553 request_id=GGBS6qyzoOJTcVgAABqG [info] [EmailWorker] Job created
13:17:02.553 request_id=GGBS6qyzoOJTcVgAABqG [info] Processing scheduled email
....13:17:02.553 request_id=GGBS6qyzoOJTcVgAABqG [info] [EMAIL DEBUG] Full email struct before sending
.13:17:02.553 request_id=GGBS6qyzoOJTcVgAABqG [info] [EMAIL DEBUG] Extracted recipient email
13:17:02.553 request_id=GGBS6qyzoOJTcVgAABqG [info] [EMAIL DEBUG] Postmark configuration
.13:17:02.553 request_id=GGBS6qyzoOJTcVgAABqG [info] [EMAIL DEBUG] Email configuration
13:17:02.553 request_id=GGBS6qyzoOJTcVgAABqG [info] [EMAIL] Attempting to send email via Postmark
......13:17:02.554 request_id=GGBS6qyzoOJTcVgAABqG [debug] Sending email with Bamboo.TestAdapter:

%Bamboo.Email{from: {"RSOLV Team", "support@rsolv.dev"}, to: [nil: "user.name@example.com"], cc: [], bcc: [], subject: "How's Your Experience with RSOLV?", html_body: "<!DOCTYPE html>\n<html lang=\"en\">\n<head>\n  <meta charset=\"UTF-8\">\n  <meta name=\"viewport\" content=\"width=device-width, initial-scale=1.0\">\n  <title>How's Your RSOLV Experience?</title>\n  <style>\n    @import url('https://fonts.googleapis.com/css2?family=Space+Grotesk:wght@300;400;500;700&display=swap');\n    \n    body {\n      font-family: 'Space Grotesk', -apple-system, BlinkMacSystemFont, \"Segoe UI\", Roboto, Helvetica, Arial, sans-serif;\n      line-height: 1.6;\n      color: #333;\n      max-width: 600px;\n      margin: 0 auto;\n      padding: 20px;\n      background-color: #f8f9fa;\n    }\n    .container {\n      background-color: #ffffff;\n      border-radius: 8px;\n      padding: 30px;\n      box-shadow: 0 4px 6px rgba(0, 0, 0, 0.05);\n    }\n    .logo {\n      text-align: center;\n      margin-bottom: 30px;\n    }\n    .logo img {\n      max-width: 200px;\n    }\n    h1, h2, h3 {\n      color: #10b981;\n    }\n    .survey-card {\n      background-color: #f3f4f6;\n      padding: 20px;\n      border-radius: 8px;\n      margin: 20px 0;\n      text-align: center;\n    }\n    .rating-container {\n      display: flex;\n      justify-content: center;\n      gap: 10px;\n      margin: 20px 0;\n    }\n    .rating-box {\n      width: 40px;\n      height: 40px;\n      border: 2px solid #10b981;\n      border-radius: 8px;\n      display: flex;\n      align-items: center;\n      justify-content: center;\n      text-decoration: none;\n      color: #10b981;\n      font-weight: bold;\n      transition: all 0.3s ease;\n    }\n    .rating-box:hover {\n      background-color: #10b981;\n      color: white;\n    }\n    .question-box {\n      background-color: #f9fafb;\n      padding: 20px;\n      border-radius: 8px;\n      margin: 20px 0;\n      border-left: 4px solid #10b981;\n    }\n    .success-story {\n      background-color: #d4edda;\n      border: 1px solid #c3e6cb;\n      padding: 15px;\n      border-radius: 8px;\n      margin: 20px 0;\n    }\n    .cta {\n      background-color: #10b981;\n      color: white;\n      padding: 12px 24px;\n      border-radius: 5px;\n      display: inline-block;\n      text-decoration: none;\n      font-weight: bold;\n      margin: 20px 0;\n    }\n    .cta-secondary {\n      background-color: #6b7280;\n      color: white;\n      padding: 12px 24px;\n      border-radius: 5px;\n      display: inline-block;\n      text-decoration: none;\n      font-weight: bold;\n      margin: 20px 0;\n    }\n    .footer {\n      margin-top: 40px;\n      font-size: 14px;\n      color: #6b7280;\n      border-top: 1px solid #e5e7eb;\n      padding-top: 20px;\n      text-align: center;\n    }\n  </style>\n</head>\n<body>\n  <div class=\"container\">\n    <div class=\"logo\">\n      <img src=\"https://rsolv.dev/images/rsolv_logo_transparent.png\" alt=\"RSOLV Logo\">\n    </div>\n    \n    <h1>Quick Check-In: How's RSOLV Working for You?</h1>\n    \n    <p>Hi {@first_name},</p>\n    \n    <p>You've been using RSOLV for a week now, and we'd love to hear about your experience! Your feedback helps us make RSOLV better for everyone.</p>\n    \n    <div class=\"survey-card\">\n      <h3>How likely are you to recommend RSOLV to a colleague?</h3>\n      <p>Click a number below:</p>\n      <div class=\"rating-container\">\n        <a href=\"https://rsolv.dev/feedback?rating=1&email={@email}\" class=\"rating-box\">1</a>\n        <a href=\"https://rsolv.dev/feedback?rating=2&email={@email}\" class=\"rating-box\">2</a>\n        <a href=\"https://rsolv.dev/feedback?rating=3&email={@email}\" class=\"rating-box\">3</a>\n        <a href=\"https://rsolv.dev/feedback?rating=4&email={@email}\" class=\"rating-box\">4</a>\n        <a href=\"https://rsolv.dev/feedback?rating=5&email={@email}\" class=\"rating-box\">5</a>\n        <a href=\"https://rsolv.dev/feedback?rating=6&email={@email}\" class=\"rating-box\">6</a>\n        <a href=\"https://rsolv.dev/feedback?rating=7&email={@email}\" class=\"rating-box\">7</a>\n        <a href=\"https://rsolv.dev/feedback?rating=8&email={@email}\" class=\"rating-box\">8</a>\n        <a href=\"https://rsolv.dev/feedback?rating=9&email={@email}\" class=\"rating-box\">9</a>\n        <a href=\"https://rsolv.dev/feedback?rating=10&email={@email}\" class=\"rating-box\">10</a>\n      </div>\n" <> ..., text_body: "Quick Check-In: How's RSOLV Working for You?\n\nHi User,\n\nYou've been using RSOLV for a week now, and we'd love to hear about your experience!\n\nHow likely are you to recommend RSOLV to a colleague?\nRate us from 1-10: https://rsolv.dev/feedback?email=user.name@example.com\n\nThree Quick Questions:\n1. What's been your favorite RSOLV fix so far?\n2. What feature would you like to see next?\n3. Any challenges or friction points?\n\nJust hit reply and share your thoughts - we read every response!\n\nDid You Know?\nHere are some ways other teams are using RSOLV:\n- Security audits: Tag all security-related issues for automated fixes\n- Tech debt cleanup: Fix deprecated function calls across the codebase\n- Onboarding tool: Let new devs see how fixes should be implemented\n- Weekend warrior: Queue up fixes on Friday, review on Monday\n\nThanks for being an early adopter!\n\nBest regards,\nDylan & The RSOLV Team\n\nP.S. If RSOLV has saved you time this week, we'd love to hear about it!\n\n---\nTo unsubscribe, visit: https://rsolv.dev/unsubscribe?email=user.name@example.com\n", headers: %{"X-Postmark-Tag" => "feedback-request"}, attachments: [], assigns: %{}, private: %{tag: "feedback-request"}, blocked: false}

.13:17:02.554 request_id=GGBS6qyzoOJTcVgAABqG [info] [EMAIL DEBUG] Raw Postmark response
.13:17:02.554 request_id=GGBS6qyzoOJTcVgAABqG [info] [EMAIL] Email sent successfully via Postmark
.13:17:02.554 request_id=GGBS6qyzoOJTcVgAABqG [info] Successfully sent scheduled email
.13:17:02.554 request_id=GGBS6qyzoOJTcVgAABqG [info] [EmailWorker] Insert result
..13:17:02.554 request_id=GGBS6qyzoOJTcVgAABqG [info] [EmailWorker] Schedule result
.13:17:02.554 request_id=GGBS6qyzoOJTcVgAABqG [info] [EmailWorker] Processing email config
13:17:02.554 request_id=GGBS6qyzoOJTcVgAABqG [info] [EmailWorker] Scheduling email
13:17:02.554 request_id=GGBS6qyzoOJTcVgAABqG [info] [EmailWorker] Creating Oban job
13:17:02.554 request_id=GGBS6qyzoOJTcVgAABqG [info] [EmailWorker] Job created
13:17:02.554 request_id=GGBS6qyzoOJTcVgAABqG [info] Processing scheduled email
13:17:02.554 request_id=GGBS6qyzoOJTcVgAABqG [info] [EMAIL DEBUG] Full email struct before sending
13:17:02.554 request_id=GGBS6qyzoOJTcVgAABqG [info] [EMAIL DEBUG] Extracted recipient email
13:17:02.554 request_id=GGBS6qyzoOJTcVgAABqG [info] [EMAIL DEBUG] Postmark configuration
13:17:02.554 request_id=GGBS6qyzoOJTcVgAABqG [info] [EMAIL DEBUG] Email configuration
13:17:02.554 request_id=GGBS6qyzoOJTcVgAABqG [info] [EMAIL] Attempting to send email via Postmark
13:17:02.554 request_id=GGBS6qyzoOJTcVgAABqG [debug] Sending email with Bamboo.TestAdapter:

%Bamboo.Email{from: {"RSOLV Team", "support@rsolv.dev"}, to: [nil: "user.name@example.com"], cc: [], bcc: [], subject: "Your RSOLV Success Report", html_body: "<!DOCTYPE html>\n<html lang=\"en\">\n<head>\n  <meta charset=\"UTF-8\">\n  <meta name=\"viewport\" content=\"width=device-width, initial-scale=1.0\">\n  <title>Your RSOLV Success Report</title>\n  <style>\n    @import url('https://fonts.googleapis.com/css2?family=Space+Grotesk:wght@300;400;500;700&display=swap');\n    \n    body {\n      font-family: 'Space Grotesk', -apple-system, BlinkMacSystemFont, \"Segoe UI\", Roboto, Helvetica, Arial, sans-serif;\n      line-height: 1.6;\n      color: #333;\n      max-width: 600px;\n      margin: 0 auto;\n      padding: 20px;\n      background-color: #f8f9fa;\n    }\n    .container {\n      background-color: #ffffff;\n      border-radius: 8px;\n      padding: 30px;\n      box-shadow: 0 4px 6px rgba(0, 0, 0, 0.05);\n    }\n    .logo {\n      text-align: center;\n      margin-bottom: 30px;\n    }\n    .logo img {\n      max-width: 200px;\n    }\n    h1, h2, h3 {\n      color: #10b981;\n    }\n    .stats-grid {\n      display: grid;\n      grid-template-columns: 1fr 1fr;\n      gap: 20px;\n      margin: 30px 0;\n    }\n    .stat-card {\n      background-color: #f3f4f6;\n      padding: 20px;\n      border-radius: 8px;\n      text-align: center;\n      border-top: 4px solid #10b981;\n    }\n    .stat-number {\n      font-size: 36px;\n      font-weight: bold;\n      color: #10b981;\n      margin: 10px 0;\n    }\n    .stat-label {\n      color: #6b7280;\n      font-size: 14px;\n    }\n    .achievement-banner {\n      background: linear-gradient(135deg, #10b981 0%, #059669 100%);\n      color: white;\n      padding: 20px;\n      border-radius: 8px;\n      text-align: center;\n      margin: 20px 0;\n    }\n    .timeline {\n      margin: 30px 0;\n    }\n    .timeline-item {\n      display: flex;\n      margin-bottom: 20px;\n      align-items: flex-start;\n    }\n    .timeline-marker {\n      width: 40px;\n      height: 40px;\n      background-color: #10b981;\n      color: white;\n      border-radius: 50%;\n      display: flex;\n      align-items: center;\n      justify-content: center;\n      flex-shrink: 0;\n      margin-right: 15px;\n    }\n    .timeline-content {\n      flex-grow: 1;\n    }\n    .pricing-highlight {\n      background-color: #fff3cd;\n      border: 1px solid #ffeaa7;\n      padding: 20px;\n      border-radius: 8px;\n      margin: 20px 0;\n      text-align: center;\n    }\n    .cta {\n      background-color: #10b981;\n      color: white;\n      padding: 12px 24px;\n      border-radius: 5px;\n      display: inline-block;\n      text-decoration: none;\n      font-weight: bold;\n      margin: 20px 0;\n    }\n    .cta-secondary {\n      background-color: #2563eb;\n      color: white;\n      padding: 12px 24px;\n      border-radius: 5px;\n      display: inline-block;\n      text-decoration: none;\n      font-weight: bold;\n      margin: 20px 0;\n    }\n    .footer {\n      margin-top: 40px;\n      font-size: 14px;\n      color: #6b7280;\n      border-top: 1px solid #e5e7eb;\n      padding-top: 20px;\n      text-align: center;\n    }\n    @media (max-width: 600px) {\n      .stats-grid {\n        grid-template-columns: 1fr;\n      }\n    }\n  </style>\n</head>\n<body>\n  <div class=\"container\">\n    <div class=\"logo\">\n      <img src=\"https://rsolv.dev/images/rsolv_logo_transparent.png\" alt=\"RSOLV Logo\">\n    </div>\n    \n    <h1>Your 2-Week RSOLV Success Report 🎉</h1>\n    \n    <p>Hi {@first_name},</p>\n    \n    <p>Congratulations! You've been using RSOLV for two weeks. Here's a snapshot of what we've accomplished together:</p>\n    \n    <div class=\"stats-grid\">\n      <div class=\"stat-card\">\n        <div class=\"stat-label\">Issues Fixed</div>\n        <div class=\"stat-number\">{Map.get(@usage_stats || %{}, :issues_fixed, 0)}</div>\n      </div>\n      <div class=\"stat-card\">\n        <div class=\"stat-label\">PRs Created</div>\n        <div class=\"stat-number\">{Map.get(@usage_stats || %{}, :prs_created, 0)}</div>\n      </div>\n      <div class=\"stat-card\">\n        <div class=\"stat-label\">Time Saved</div>\n        <div class=\"stat-number\">{Map.get(@usage_stats || %{}, :time_saved, \"0 hrs\")}</div>\n      </div>\n      <div class=\"stat-card\">\n        <div class=\"stat-label\">Security Issues Found</div>\n        <div class=\"stat-number\">{Map.ge" <> ..., text_body: "Your 2-Week RSOLV Success Report\n\nHi User,\n\nCongratulations! You've been using RSOLV for two weeks. Here's what we've accomplished together:\n\nYour Stats:\n- Issues Fixed: Check your dashboard\n- PRs Created: Check your dashboard\n- Time Saved: Check your dashboard\n- Security Issues Found: Check your dashboard\n\nYour Trial Status:\nCheck how many free fixes you have remaining at: https://rsolv.dev/dashboard\n\nWhat's Next?\n- Expand to more repositories\n- Automate security audits\n- Clean up tech debt\n- Train your team\n\nNeed Help Scaling Up?\nI'd love to help you get even more value from RSOLV:\n- Schedule a 15-minute optimization call\n- Get best practices for your specific tech stack\n- Learn about volume discounts for teams\n\nJust reply to this email and let me know how I can help!\n\nThanks for being part of the RSOLV community.\n\nBest regards,\nDylan Fitzgerald\nFounder, RSOLV\n\nP.S. If RSOLV has been valuable to your team, I'd be grateful if you could share a quick testimonial.\n\n---\nTo unsubscribe, visit: https://rsolv.dev/unsubscribe?email=user.name@example.com\n", headers: %{"X-Postmark-Tag" => "success-checkin"}, attachments: [], assigns: %{}, private: %{tag: "success-checkin"}, blocked: false}

13:17:02.554 request_id=GGBS6qyzoOJTcVgAABqG [info] [EMAIL DEBUG] Raw Postmark response
13:17:02.554 request_id=GGBS6qyzoOJTcVgAABqG [info] [EMAIL] Email sent successfully via Postmark
13:17:02.554 request_id=GGBS6qyzoOJTcVgAABqG [info] Successfully sent scheduled email
13:17:02.554 request_id=GGBS6qyzoOJTcVgAABqG [info] [EmailWorker] Insert result
13:17:02.555 request_id=GGBS6qyzoOJTcVgAABqG [info] [EmailWorker] Schedule result
13:17:02.555 request_id=GGBS6qyzoOJTcVgAABqG [info] [PAGE CONTROLLER] EmailSequence.start_early_access_onboarding_sequence returned
13:17:02.555 request_id=GGBS6qyzoOJTcVgAABqG [debug] Sending email with Bamboo.TestAdapter:

%Bamboo.Email{from: {"RSOLV Team", "support@rsolv.dev"}, to: [nil: "admin@rsolv.dev"], cc: [], bcc: [], subject: "🎉 New RSOLV Signup: user.name@example.com", html_body: "<!DOCTYPE html>\n<html>\n<head>\n  <meta charset=\"utf-8\">\n  <style>\n    body { font-family: -apple-system, BlinkMacSystemFont, 'Segoe UI', Roboto, sans-serif; line-height: 1.6; color: #333; }\n    .container { max-width: 600px; margin: 0 auto; padding: 20px; }\n    .header { background: #10b981; color: white; padding: 20px; border-radius: 8px 8px 0 0; }\n    .content { background: #f9fafb; padding: 20px; border: 1px solid #e5e7eb; border-radius: 0 0 8px 8px; }\n    .metric { display: inline-block; margin: 10px 20px 10px 0; }\n    .metric-label { font-size: 12px; color: #6b7280; text-transform: uppercase; }\n    .metric-value { font-size: 18px; font-weight: bold; color: #111827; }\n    .details { background: white; padding: 15px; border-radius: 4px; margin: 15px 0; }\n    .detail-row { display: flex; justify-content: space-between; padding: 8px 0; border-bottom: 1px solid #f3f4f6; }\n    .detail-row:last-child { border-bottom: none; }\n    .detail-label { font-weight: 500; color: #6b7280; }\n    .detail-value { color: #111827; }\n    .utm-badge { display: inline-block; background: #dbeafe; color: #1e40af; padding: 2px 8px; border-radius: 4px; font-size: 12px; margin-left: 4px; }\n  </style>\n</head>\n<body>\n  <div class=\"container\">\n    <div class=\"header\">\n      <h1 style=\"margin: 0; font-size: 24px;\">🎉 New RSOLV Signup!</h1>\n      <p style=\"margin: 5px 0 0 0; opacity: 0.9;\">August 29, 2025 at 07:17 PM UTC</p>\n    </div>\n    \n    <div class=\"content\">\n      <div class=\"metric\">\n        <div class=\"metric-label\">Email</div>\n        <div class=\"metric-value\">user.name@example.com</div>\n      </div>\n      \n      \n      \n      <div class=\"details\">\n        <h3 style=\"margin-top: 0;\">Signup Details</h3>\n        \n        <div class=\"detail-row\">\n          <span class=\"detail-label\">Source</span>\n          <span class=\"detail-value\">\n            landing_page\n            \n          </span>\n        </div>\n        \n        \n        \n        \n        \n        \n      </div>\n      \n      <div style=\"margin-top: 20px; text-align: center;\">\n        <a href=\"https://rsolv.dev/live/dashboard\" style=\"display: inline-block; background: #10b981; color: white; padding: 10px 20px; text-decoration: none; border-radius: 4px;\">\n          View Dashboard\n        </a>\n      </div>\n    </div>\n  </div>\n</body>\n</html>\n", text_body: "🎉 New RSOLV Signup!\n\nEmail: user.name@example.com\n\nTime: August 29, 2025 at 07:17 PM UTC\n\nSource Details:\n- Source: landing_page\n\n\n\n\n\nView full dashboard: https://rsolv.dev/live/dashboard\n", headers: %{"Message-ID" => "<1756495022.429499@rsolv.dev>", "X-Postmark-Tag" => "admin-notification", "X-Priority" => "1"}, attachments: [], assigns: %{}, private: %{tag: "admin-notification"}, blocked: false}

13:17:02.555 request_id=GGBS6qyzoOJTcVgAABqG [info] Admin notification sent for new signup
13:17:02.555 request_id=GGBS6qyzoOJTcVgAABqG [info] Sent 302 in 7ms
13:17:02.555 request_id=GGBS6q0myFpTcVgAADoB [info] POST /early-access
13:17:02.555 request_id=GGBS6q0myFpTcVgAADoB [debug] Processing with RsolvWeb.PageController.submit_early_access/2
  Parameters: %{"email" => "user-name@example.com"}
  Pipelines: [:browser]
13:17:02.555 request_id=GGBS6q0myFpTcVgAADoB [debug] QUERY OK source="fun_with_flags_toggles" db=0.1ms
SELECT f0."id", f0."flag_name", f0."gate_type", f0."target", f0."enabled" FROM "fun_with_flags_toggles" AS f0 WHERE (f0."flag_name" = $1) ["early_access_signup"]
13:17:02.555 request_id=GGBS6q0myFpTcVgAADoB [debug] Telemetry event: [:fun_with_flags, :persistence, :read], metadata: %{flag_name: :early_access_signup, gate: nil}, measurements: %{system_time: 1756495022555706744}
13:17:02.555 request_id=GGBS6q0myFpTcVgAADoB [debug] Extracted UTM parameters: %{}
13:17:02.555 request_id=GGBS6q0myFpTcVgAADoB [info] Analytics event tracked
13:17:02.556 request_id=GGBS6q0myFpTcVgAADoB [debug] QUERY OK db=0.1ms queue=0.1ms
SELECT create_analytics_partition_if_not_exists($1::date) [~D[2025-08-29]]
13:17:02.556 request_id=GGBS6q0myFpTcVgAADoB [debug] QUERY OK source="analytics_events" db=0.1ms
INSERT INTO "analytics_events" ("metadata","event_type","visitor_id","page_path","inserted_at","updated_at") VALUES ($1,$2,$3,$4,$5,$6) RETURNING "id" [%{status: "submit", os: "unknown", form_id: "early-access", browser: "unknown", utm_source_platform: nil, utm_source_campaign: nil, utm_source_content: nil, device_type: "unknown"}, "form_submit", "59d46f4f60d2badec6b39fd0262d38e3", "/early-access", ~N[2025-08-29 19:17:02], ~N[2025-08-29 19:17:02]]
13:17:02.556 request_id=GGBS6q0myFpTcVgAADoB [info] Form submission received
13:17:02.556 request_id=GGBS6q0myFpTcVgAADoB [info] Valid email received for processing: user-name@example.com, validation passed
13:17:02.556 request_id=GGBS6q0myFpTcVgAADoB [debug] Extracted UTM parameters: %{}
13:17:02.556 request_id=GGBS6q0myFpTcVgAADoB [debug] QUERY OK source="early_access_signups" db=0.1ms
INSERT INTO "early_access_signups" ("name","email","referral_source","inserted_at") VALUES ($1,$2,$3,$4) RETURNING "id" ["Username", "user-name@example.com", "landing_page", ~N[2025-08-29 19:17:02]]
13:17:02.556 request_id=GGBS6q0myFpTcVgAADoB [debug] QUERY OK source="early_access_signups" db=0.0ms
SELECT count(e0."id") FROM "early_access_signups" AS e0 []
13:17:02.556 request_id=GGBS6q0myFpTcVgAADoB [info] Successfully saved signup to database
13:17:02.556 request_id=GGBS6q0myFpTcVgAADoB [info] ConvertKit API key present: true
13:17:02.556 request_id=GGBS6q0myFpTcVgAADoB [info] ConvertKit API request successful
13:17:02.556 request_id=GGBS6q0myFpTcVgAADoB [info] ConvertKit: Successfully added subscriber
13:17:02.556 request_id=GGBS6q0myFpTcVgAADoB [info] Analytics event tracked
13:17:02.556 request_id=GGBS6q0myFpTcVgAADoB [debug] QUERY OK db=0.0ms
SELECT create_analytics_partition_if_not_exists($1::date) [~D[2025-08-29]]
13:17:02.557 request_id=GGBS6q0myFpTcVgAADoB [debug] QUERY OK source="analytics_events" db=0.0ms
INSERT INTO "analytics_events" ("metadata","event_type","visitor_id","page_path","inserted_at","updated_at") VALUES ($1,$2,$3,$4,$5,$6) RETURNING "id" [%{status: "success", os: "unknown", source: "landing_page", form_id: "early-access", browser: "unknown", utm_source_platform: nil, utm_source_campaign: nil, utm_source_content: nil, device_type: "unknown", conversion_type: "early_access_signup", email_domain: "example.com"}, "form_success", "59d46f4f60d2badec6b39fd0262d38e3", "/early-access", ~N[2025-08-29 19:17:02], ~N[2025-08-29 19:17:02]]
13:17:02.557 request_id=GGBS6q0myFpTcVgAADoB [info] Analytics event tracked
13:17:02.557 request_id=GGBS6q0myFpTcVgAADoB [debug] QUERY OK db=0.0ms
SELECT create_analytics_partition_if_not_exists($1::date) [~D[2025-08-29]]
13:17:02.557 request_id=GGBS6q0myFpTcVgAADoB [debug] QUERY OK source="analytics_events" db=0.0ms
INSERT INTO "analytics_events" ("metadata","event_type","visitor_id","page_path","inserted_at","updated_at") VALUES ($1,$2,$3,$4,$5,$6) RETURNING "id" [%{os: "unknown", source: "landing_page", form_id: "early-access", browser: "unknown", utm_source_platform: nil, utm_source_campaign: nil, utm_source_content: nil, device_type: "unknown", conversion_type: "early_access_signup", email_domain: "example.com"}, "conversion", "59d46f4f60d2badec6b39fd0262d38e3", "/early-access", ~N[2025-08-29 19:17:02], ~N[2025-08-29 19:17:02]]
13:17:02.557 request_id=GGBS6q0myFpTcVgAADoB [debug] QUERY OK source="fun_with_flags_toggles" db=0.0ms
SELECT f0."id", f0."flag_name", f0."gate_type", f0."target", f0."enabled" FROM "fun_with_flags_toggles" AS f0 WHERE (f0."flag_name" = $1) ["welcome_email_sequence"]
13:17:02.557 request_id=GGBS6q0myFpTcVgAADoB [debug] Telemetry event: [:fun_with_flags, :persistence, :read], metadata: %{flag_name: :welcome_email_sequence, gate: nil}, measurements: %{system_time: 1756495022557394708}
13:17:02.557 request_id=GGBS6q0myFpTcVgAADoB [info] [PAGE CONTROLLER] Welcome email sequence is ENABLED, starting sequence
13:17:02.557 request_id=GGBS6q0myFpTcVgAADoB [info] [PAGE CONTROLLER] About to call EmailSequence.start_early_access_onboarding_sequence
13:17:02.557 request_id=GGBS6q0myFpTcVgAADoB [info] [EMAIL SEQUENCE] Starting early access onboarding sequence
13:17:02.557 request_id=GGBS6q0myFpTcVgAADoB [info] [EMAIL SEQUENCE] About to call EmailService.send_early_access_welcome_email
13:17:02.557 request_id=GGBS6q0myFpTcVgAADoB [info] [EMAIL] send_early_access_welcome_email called
13:17:02.557 request_id=GGBS6q0myFpTcVgAADoB [info] [EMAIL DEBUG] Full email struct before sending
13:17:02.557 request_id=GGBS6q0myFpTcVgAADoB [info] [EMAIL DEBUG] Extracted recipient email
13:17:02.557 request_id=GGBS6q0myFpTcVgAADoB [info] [EMAIL DEBUG] Postmark configuration
13:17:02.557 request_id=GGBS6q0myFpTcVgAADoB [info] [EMAIL DEBUG] Email configuration
13:17:02.557 request_id=GGBS6q0myFpTcVgAADoB [info] [EMAIL] Attempting to send email via Postmark
13:17:02.557 request_id=GGBS6q0myFpTcVgAADoB [debug] Sending email with Bamboo.TestAdapter:

%Bamboo.Email{from: {"RSOLV Team", "support@rsolv.dev"}, to: [nil: "user-name@example.com"], cc: [], bcc: [], subject: "Welcome to RSOLV Early Access Program", html_body: "<div style=\"font-family: 'Helvetica Neue', Helvetica, Arial, sans-serif; max-width: 600px; margin: 0 auto; padding: 20px;\">\n  <h1 style=\"color: #2C3E50; margin-bottom: 20px;\">Welcome to RSOLV Early Access Program!</h1>\n\n  <p>Hi Username,</p>\n\n  <p>Thank you for joining our Early Access Program! You're now part of an exclusive group getting first access to RSOLV.</p>\n\n  <p>Here's what you need to know:</p>\n\n  <ul>\n    <li>You have full access to all current features</li>\n    <li>Your feedback is incredibly valuable to us during this phase</li>\n    <li>You'll receive priority support via email</li>\n  </ul>\n\n  <p>To get started with RSOLV:</p>\n\n  <ol>\n    <li><strong>Your API key will be sent in a follow-up email within 24 hours</strong></li>\n    <li>Once you receive your API key, install our GitHub Action (code below)</li>\n    <li>Set up your repository secrets with your API key</li>\n    <li>Tag your first issues with \"rsolv:automate\"</li>\n  </ol>\n\n  <div style=\"background-color: #fff3cd; border: 1px solid #ffeaa7; color: #856404; padding: 10px; border-radius: 5px; margin: 15px 0;\">\n    <strong>⏳ API Key Coming Soon:</strong> We'll send your personal API key within 24 hours. Look for an email with subject \"Your RSOLV API Key\".\n  </div>\n\n  <div style=\"background-color: #f8f9fa; padding: 15px; border-radius: 5px; margin: 20px 0;\">\n    <pre style=\"margin: 0; overflow-x: auto; white-space: pre-wrap; font-family: monospace;\">name: RSOLV AutoFix\non:\n  issues:\n    types: [opened, edited, labeled]\n\njobs:\n  autofix:\n    runs-on: ubuntu-latest\n    if: contains(github.event.issue.labels.*.name, 'rsolv:automate')\n    steps:\n      - uses: RSOLV-dev/rsolv-action@v1\n        with:\n          github-token: ${{ secrets.GITHUB_TOKEN }}\n          rsolv-api-key: ${{ secrets.RSOLV_API_KEY }}</pre>\n  </div>\n\n  <p>Need help? As an Early Access member, you have priority support - contact us at <a href=\"mailto:support@rsolv.dev\">support@rsolv.dev</a> and we'll personally assist you.</p>\n\n  <p>Your trial includes unlimited automated fixes during the Early Access period.</p>\n\n  <div style=\"margin-top: 30px; padding: 15px; border: 1px solid #e0e0e0; border-radius: 5px; background-color: #f9f9f9;\">\n    <h3 style=\"margin-top: 0; color: #2C3E50;\">Early Access Program Benefits</h3>\n    <ul>\n      <li>Unlimited usage during Early Access</li>\n      <li>Priority support and feature requests</li>\n      <li>Exclusive pricing when we launch</li>\n      <li>Direct access to our development team</li>\n    </ul>\n  </div>\n\n  <p>Best,<br>The RSOLV Team</p>\n\n  <div class=\"footer\" style=\"margin-top: 40px; padding-top: 20px; border-top: 1px solid #e0e0e0; font-size: 0.9em; color: #666;\">\n    <p>\n      You're receiving this email because you joined the RSOLV Early Access Program.\n      <br>\n      If you have any questions, simply reply to this email.\n    </p>\n    <p>\n      RSOLV, Inc. • support@rsolv.dev • © 2025\n    </p>\n    <p>\n      <a href=\"https://rsolv.dev/unsubscribe?email=user-name@example.com\">Unsubscribe</a> from these emails.\n    </p>\n  </div>\n</div>\n", text_body: "Welcome to RSOLV Early Access Program!\n\nHi Username,\n\nThank you for joining our Early Access Program! You're now part of an exclusive group getting first access to RSOLV.\n\nHere's what you need to know:\n- You have full access to all current features\n- Your feedback is incredibly valuable to us during this phase\n- You'll receive priority support via email\n\nTo get started with RSOLV:\n1. Your API key will be sent in a follow-up email within 24 hours\n2. Once you receive your API key, install our GitHub Action\n3. Set up your repository secrets with your API key\n4. Tag your first issues with \"AUTOFIX\"\n\n⏳ API KEY COMING SOON: We'll send your personal API key within 24 hours. Look for an email with subject \"Your RSOLV API Key\".\n\nNeed help? As an Early Access member, you have priority support - contact us at support@rsolv.dev and we'll personally assist you.\n\nYour trial includes unlimited automated fixes during the Early Access period.\n\nEARLY ACCESS PROGRAM BENEFITS:\n* Unlimited usage during Early Access\n* Priority support and feature requests\n* Exclusive pricing when we launch\n* Direct access to our development team\n\nBest,\nThe RSOLV Team\n\n---\nYou're receiving this email because you joined the RSOLV Early Access Program.\nIf you have any questions, simply reply to this email.\n\nRSOLV, Inc. • support@rsolv.dev\n\nTo unsubscribe, visit: https://rsolv.dev/unsubscribe?email=user-name@example.com\n", headers: %{"X-Postmark-Tag" => "early-access"}, attachments: [], assigns: %{}, private: %{tag: "early-access"}, blocked: false}

13:17:02.557 request_id=GGBS6q0myFpTcVgAADoB [info] [EMAIL DEBUG] Raw Postmark response
13:17:02.557 request_id=GGBS6q0myFpTcVgAADoB [info] [EMAIL] Email sent successfully via Postmark
13:17:02.558 request_id=GGBS6q0myFpTcVgAADoB [info] [EMAIL SEQUENCE] EmailService.send_early_access_welcome_email returned
13:17:02.558 request_id=GGBS6q0myFpTcVgAADoB [info] Attempting to tag subscriber
13:17:02.558 request_id=GGBS6q0myFpTcVgAADoB [info] ConvertKit: Attempting to tag user-name@example.com with tag test_tag_id
13:17:02.558 request_id=GGBS6q0myFpTcVgAADoB [info] ConvertKit: Successfully tagged user-name@example.com
13:17:02.558 request_id=GGBS6q0myFpTcVgAADoB [info] [EmailWorker] schedule_sequence called
13:17:02.558 request_id=GGBS6q0myFpTcVgAADoB [info] [EmailWorker] Found sequence
13:17:02.558 request_id=GGBS6q0myFpTcVgAADoB [info] [EmailWorker] Processing email config
13:17:02.558 request_id=GGBS6q0myFpTcVgAADoB [info] [EmailWorker] Skipping immediate email
13:17:02.558 request_id=GGBS6q0myFpTcVgAADoB [info] [EmailWorker] Processing email config
13:17:02.558 request_id=GGBS6q0myFpTcVgAADoB [info] [EmailWorker] Scheduling email
13:17:02.558 request_id=GGBS6q0myFpTcVgAADoB [info] [EmailWorker] Creating Oban job
13:17:02.558 request_id=GGBS6q0myFpTcVgAADoB [info] [EmailWorker] Job created
13:17:02.558 request_id=GGBS6q0myFpTcVgAADoB [info] Processing scheduled email
13:17:02.558 request_id=GGBS6q0myFpTcVgAADoB [error] Failed to send scheduled email
13:17:02.558 request_id=GGBS6q0myFpTcVgAADoB [info] [EmailWorker] Insert result
13:17:02.558 request_id=GGBS6q0myFpTcVgAADoB [info] [EmailWorker] Schedule result
13:17:02.558 request_id=GGBS6q0myFpTcVgAADoB [info] [EmailWorker] Processing email config
13:17:02.558 request_id=GGBS6q0myFpTcVgAADoB [info] [EmailWorker] Scheduling email
13:17:02.558 request_id=GGBS6q0myFpTcVgAADoB [info] [EmailWorker] Creating Oban job
13:17:02.558 request_id=GGBS6q0myFpTcVgAADoB [info] [EmailWorker] Job created
13:17:02.558 request_id=GGBS6q0myFpTcVgAADoB [info] Processing scheduled email
13:17:02.558 request_id=GGBS6q0myFpTcVgAADoB [info] [EMAIL DEBUG] Full email struct before sending
13:17:02.558 request_id=GGBS6q0myFpTcVgAADoB [info] [EMAIL DEBUG] Extracted recipient email
13:17:02.558 request_id=GGBS6q0myFpTcVgAADoB [info] [EMAIL DEBUG] Postmark configuration
13:17:02.558 request_id=GGBS6q0myFpTcVgAADoB [info] [EMAIL DEBUG] Email configuration
13:17:02.558 request_id=GGBS6q0myFpTcVgAADoB [info] [EMAIL] Attempting to send email via Postmark
13:17:02.558 request_id=GGBS6q0myFpTcVgAADoB [debug] Sending email with Bamboo.TestAdapter:

%Bamboo.Email{from: {"RSOLV Team", "support@rsolv.dev"}, to: [nil: "user-name@example.com"], cc: [], bcc: [], subject: "Verify Your RSOLV Setup - Need Any Help?", html_body: "<!DOCTYPE html>\n<html lang=\"en\">\n<head>\n  <meta charset=\"UTF-8\">\n  <meta name=\"viewport\" content=\"width=device-width, initial-scale=1.0\">\n  <title>Verify Your RSOLV Setup</title>\n  <style>\n    @import url('https://fonts.googleapis.com/css2?family=Space+Grotesk:wght@300;400;500;700&display=swap');\n    \n    body {\n      font-family: 'Space Grotesk', -apple-system, BlinkMacSystemFont, \"Segoe UI\", Roboto, Helvetica, Arial, sans-serif;\n      line-height: 1.6;\n      color: #333;\n      max-width: 600px;\n      margin: 0 auto;\n      padding: 20px;\n      background-color: #f8f9fa;\n    }\n    .container {\n      background-color: #ffffff;\n      border-radius: 8px;\n      padding: 30px;\n      box-shadow: 0 4px 6px rgba(0, 0, 0, 0.05);\n    }\n    .logo {\n      text-align: center;\n      margin-bottom: 30px;\n    }\n    .logo img {\n      max-width: 200px;\n    }\n    h1, h2, h3 {\n      color: #10b981;\n    }\n    .checklist {\n      background-color: #f3f4f6;\n      padding: 20px;\n      border-radius: 8px;\n      margin: 20px 0;\n    }\n    .checklist-item {\n      display: flex;\n      align-items: center;\n      margin-bottom: 15px;\n    }\n    .checklist-item input[type=\"checkbox\"] {\n      margin-right: 10px;\n    }\n    .status-box {\n      background-color: #fff3cd;\n      border: 1px solid #ffeaa7;\n      padding: 15px;\n      border-radius: 8px;\n      margin: 20px 0;\n    }\n    .success-box {\n      background-color: #d4edda;\n      border: 1px solid #c3e6cb;\n      padding: 15px;\n      border-radius: 8px;\n      margin: 20px 0;\n    }\n    .code {\n      background-color: #2d3748;\n      color: #e2e8f0;\n      padding: 15px;\n      border-radius: 5px;\n      font-family: 'Courier New', monospace;\n      overflow-x: auto;\n      margin: 15px 0;\n    }\n    .cta {\n      background-color: #10b981;\n      color: white;\n      padding: 12px 24px;\n      border-radius: 5px;\n      display: inline-block;\n      text-decoration: none;\n      font-weight: bold;\n      margin: 20px 0;\n    }\n    .footer {\n      margin-top: 40px;\n      font-size: 14px;\n      color: #6b7280;\n      border-top: 1px solid #e5e7eb;\n      padding-top: 20px;\n      text-align: center;\n    }\n  </style>\n</head>\n<body>\n  <div class=\"container\">\n    <div class=\"logo\">\n      <img src=\"https://rsolv.dev/images/rsolv_logo_transparent.png\" alt=\"RSOLV Logo\">\n    </div>\n    \n    <h1>Let's Verify Your RSOLV Setup</h1>\n    \n    <p>Hi {@first_name},</p>\n    \n    <p>It's been a few days since you signed up for RSOLV. We want to make sure you're all set up and ready to benefit from automated security scanning and remediation!</p>\n    \n    <div class=\"checklist\">\n      <h3>Quick Setup Checklist:</h3>\n      <div class=\"checklist-item\">\n        <input type=\"checkbox\" disabled> Connected your repositories for security scanning\n      </div>\n      <div class=\"checklist-item\">\n        <input type=\"checkbox\" disabled> Added the GitHub Action workflow for automated fixes\n      </div>\n      <div class=\"checklist-item\">\n        <input type=\"checkbox\" disabled> Set up your RSOLV_API_KEY as a repository secret\n      </div>\n      <div class=\"checklist-item\">\n        <input type=\"checkbox\" disabled> Reviewed security issues found by RSOLV\n      </div>\n      <div class=\"checklist-item\">\n        <input type=\"checkbox\" disabled> Generated and merged your first security fix PR\n      </div>\n    </div>\n    \n    <h2>Need Help with Setup?</h2>\n    \n    <p>If you haven't completed setup yet, here's a quick reminder of the steps:</p>\n    \n    <div class=\"code\">\n# In .github/workflows/rsolv.yml:\nname: RSOLV Security Fixes\n\non:\n  issues:\n    types: [labeled]\n\njobs:\n  security-fix:\n    if: contains(github.event.issue.labels.*.name, 'rsolv:automate')\n    runs-on: ubuntu-latest\n    steps:\n      - uses: rsolv-dev/rsolv-action@v1\n        with:\n          github-token: ${\"{{ secrets.GITHUB_TOKEN }}\"}\n          rsolv-api-key: ${\"{{ secrets.RSOLV_API_KEY }}\"}\n    </div>\n    \n    <div class=\"status-box\">\n      <strong>🎁 Remember:</strong> Your first 10 fixes are completely free! No credit card required. After that, you only pay $15 per fix that gets deployed.\n   " <> ..., text_body: "Let's Verify Your RSOLV Setup\n\nHi Username,\n\nIt's been a few days since you signed up for RSOLV. We want to make sure you're all set up and ready to automate your issue resolution!\n\nQuick Setup Checklist:\n[ ] Added the GitHub Action workflow to your repository\n[ ] Set up your RSOLV_API_KEY as a repository secret\n[ ] Tagged your first issue with \"rsolv:automate\"\n[ ] Reviewed and merged your first automated PR\n\nNeed Help with Setup?\nIf you haven't completed setup yet, visit: https://rsolv.dev/docs/getting-started\n\nRemember: Your first 10 fixes are completely free! No credit card required. After that, you only pay $15 per fix that gets deployed.\n\nCommon Questions:\n- Where do I get my API key? Check your welcome email or visit your dashboard\n- Can I use RSOLV on private repos? Yes! RSOLV works with both public and private repositories\n- What types of issues can RSOLV fix? Bug fixes, security vulnerabilities, performance issues, and more\n- How secure is it? We analyze every fix for security vulnerabilities before creating PRs\n\nPro Tip: Start with a simple issue first - something like \"Fix typo in README\" or \"Update deprecated function calls\".\n\nReady to get started? Tag an issue with \"rsolv:automate\" and watch the magic happen!\n\nIf you're stuck or have questions, just reply to this email.\n\nBest regards,\nThe RSOLV Team\n\n---\nTo unsubscribe, visit: https://rsolv.dev/unsubscribe?email=user-name@example.com\n", headers: %{"X-Postmark-Tag" => "setup-verification"}, attachments: [], assigns: %{}, private: %{tag: "setup-verification"}, blocked: false}

13:17:02.559 request_id=GGBS6q0myFpTcVgAADoB [info] [EMAIL DEBUG] Raw Postmark response
13:17:02.559 request_id=GGBS6q0myFpTcVgAADoB [info] [EMAIL] Email sent successfully via Postmark
13:17:02.559 request_id=GGBS6q0myFpTcVgAADoB [info] Successfully sent scheduled email
13:17:02.559 request_id=GGBS6q0myFpTcVgAADoB [info] [EmailWorker] Insert result
13:17:02.559 request_id=GGBS6q0myFpTcVgAADoB [info] [EmailWorker] Schedule result
13:17:02.559 request_id=GGBS6q0myFpTcVgAADoB [info] [EmailWorker] Processing email config
13:17:02.559 request_id=GGBS6q0myFpTcVgAADoB [info] [EmailWorker] Scheduling email
13:17:02.559 request_id=GGBS6q0myFpTcVgAADoB [info] [EmailWorker] Creating Oban job
13:17:02.559 request_id=GGBS6q0myFpTcVgAADoB [info] [EmailWorker] Job created
13:17:02.559 request_id=GGBS6q0myFpTcVgAADoB [info] Processing scheduled email
13:17:02.559 request_id=GGBS6q0myFpTcVgAADoB [info] [EMAIL DEBUG] Full email struct before sending
13:17:02.559 request_id=GGBS6q0myFpTcVgAADoB [info] [EMAIL DEBUG] Extracted recipient email
13:17:02.559 request_id=GGBS6q0myFpTcVgAADoB [info] [EMAIL DEBUG] Postmark configuration
.13:17:02.559 request_id=GGBS6q0myFpTcVgAADoB [info] [EMAIL DEBUG] Email configuration
13:17:02.559 request_id=GGBS6q0myFpTcVgAADoB [info] [EMAIL] Attempting to send email via Postmark
.......13:17:02.559 request_id=GGBS6q0myFpTcVgAADoB [debug] Sending email with Bamboo.TestAdapter:

%Bamboo.Email{from: {"RSOLV Team", "support@rsolv.dev"}, to: [nil: "user-name@example.com"], cc: [], bcc: [], subject: "Advanced RSOLV Features You Might Have Missed", html_body: "<!DOCTYPE html>\n<html lang=\"en\">\n<head>\n  <meta charset=\"UTF-8\">\n  <meta name=\"viewport\" content=\"width=device-width, initial-scale=1.0\">\n  <title>Advanced RSOLV Features</title>\n  <style>\n    @import url('https://fonts.googleapis.com/css2?family=Space+Grotesk:wght@300;400;500;700&display=swap');\n    \n    body {\n      font-family: 'Space Grotesk', -apple-system, BlinkMacSystemFont, \"Segoe UI\", Roboto, Helvetica, Arial, sans-serif;\n      line-height: 1.6;\n      color: #333;\n      max-width: 600px;\n      margin: 0 auto;\n      padding: 20px;\n      background-color: #f8f9fa;\n    }\n    .container {\n      background-color: #ffffff;\n      border-radius: 8px;\n      padding: 30px;\n      box-shadow: 0 4px 6px rgba(0, 0, 0, 0.05);\n    }\n    .logo {\n      text-align: center;\n      margin-bottom: 30px;\n    }\n    .logo img {\n      max-width: 200px;\n    }\n    h1, h2, h3 {\n      color: #10b981;\n    }\n    .feature-card {\n      background-color: #f3f4f6;\n      padding: 20px;\n      border-radius: 8px;\n      margin-bottom: 20px;\n      border-left: 4px solid #10b981;\n    }\n    .feature-card h3 {\n      margin-top: 0;\n    }\n    .code {\n      background-color: #2d3748;\n      color: #e2e8f0;\n      padding: 15px;\n      border-radius: 5px;\n      font-family: 'Courier New', monospace;\n      overflow-x: auto;\n      margin: 15px 0;\n      font-size: 14px;\n    }\n    .pro-tip {\n      background-color: #fff3cd;\n      border: 1px solid #ffeaa7;\n      padding: 15px;\n      border-radius: 8px;\n      margin: 20px 0;\n    }\n    .security-highlight {\n      background-color: #d4edda;\n      border: 1px solid #c3e6cb;\n      padding: 15px;\n      border-radius: 8px;\n      margin: 20px 0;\n    }\n    .cta {\n      background-color: #10b981;\n      color: white;\n      padding: 12px 24px;\n      border-radius: 5px;\n      display: inline-block;\n      text-decoration: none;\n      font-weight: bold;\n      margin: 20px 0;\n    }\n    .footer {\n      margin-top: 40px;\n      font-size: 14px;\n      color: #6b7280;\n      border-top: 1px solid #e5e7eb;\n      padding-top: 20px;\n      text-align: center;\n    }\n  </style>\n</head>\n<body>\n  <div class=\"container\">\n    <div class=\"logo\">\n      <img src=\"https://rsolv.dev/images/rsolv_logo_transparent.png\" alt=\"RSOLV Logo\">\n    </div>\n    \n    <h1>Unlock the Full Power of RSOLV</h1>\n    \n    <p>Hi {@first_name},</p>\n    \n    <p>You've been using RSOLV for a few days now. Here are some advanced features and techniques that can help you get even more value from automated security scanning and vulnerability remediation:</p>\n    \n    <div class=\"feature-card\">\n      <h3>🎯 Understanding RSOLV's Proactive Scanning</h3>\n      <p>RSOLV continuously scans your repositories for security vulnerabilities and automatically creates issues with detailed remediation plans:</p>\n      <ul>\n        <li><strong>Automated detection:</strong> Scans all files for 180+ vulnerability patterns (and growing)</li>\n        <li><strong>Smart grouping:</strong> Groups similar issues for efficient review</li>\n        <li><strong>Detailed reports:</strong> Shows exact file locations and vulnerable code</li>\n        <li><strong>Fix generation:</strong> Creates secure PRs that address root causes</li>\n      </ul>\n    </div>\n    \n    <div class=\"feature-card\">\n      <h3>🔒 Comprehensive Security Coverage</h3>\n      <p>RSOLV proactively detects and fixes these vulnerability types across your codebase:</p>\n      <ul>\n        <li>SQL/NoSQL injection vulnerabilities</li>\n        <li>Cross-site scripting (XSS) risks</li>\n        <li>Authentication/authorization flaws</li>\n        <li>Insecure cryptographic implementations</li>\n        <li>Hardcoded secrets and API keys</li>\n        <li>Path traversal and open redirects</li>\n        <li>Insecure dependencies and configurations</li>\n      </ul>\n      <p>Each PR includes a detailed security impact assessment and verification tests.</p>\n    </div>\n    \n    <div class=\"security-highlight\">\n      <strong>🛡️ Security Example:</strong> When RSOLV detects unsafe user input handling, it automatically generates fixes with proper sanitization, p" <> ..., text_body: "Unlock the Full Power of RSOLV\n\nHi Username,\n\nYou've been using RSOLV for a few days now. Here are some advanced features and techniques:\n\n1. Writing Better Issues for Better Fixes:\n   - Include error messages: Copy the full stack trace\n   - Specify the file/function: \"Fix pagination in UserList.js\"\n   - Describe expected behavior: \"Should show 10 users per page\"\n   - Add context: \"This broke after upgrading to React 18\"\n\n2. Security-First Fixes:\n   RSOLV automatically scans for:\n   - SQL injection vulnerabilities\n   - Cross-site scripting (XSS) risks\n   - Authentication/authorization issues\n   - Insecure dependencies\n   - Hardcoded secrets or API keys\n\n3. Batch Processing:\n   Tag multiple issues with \"rsolv:automate\" and RSOLV creates separate PRs for each.\n\n4. Customizing RSOLV Behavior:\n   Add these tags to your issues:\n   - [performance] - Optimize for speed\n   - [security] - Extra security focus\n   - [minimal] - Smallest possible change\n   - [refactor] - Clean up while fixing\n\nComing Soon:\n- Support for more languages (Go, Rust, PHP)\n- Custom fix preferences per repository\n- Team collaboration features\n- Integration with more platforms\n\nHave a feature request? Just reply to this email!\n\nView advanced documentation: https://rsolv.dev/docs/advanced\n\nBest regards,\nThe RSOLV Team\n\n---\nTo unsubscribe, visit: https://rsolv.dev/unsubscribe?email=user-name@example.com\n", headers: %{"X-Postmark-Tag" => "feature-deep-dive"}, attachments: [], assigns: %{}, private: %{tag: "feature-deep-dive"}, blocked: false}

.........13:17:02.560 request_id=GGBS6q0myFpTcVgAADoB [info] [EMAIL DEBUG] Raw Postmark response
.13:17:02.560 request_id=GGBS6q0myFpTcVgAADoB [info] [EMAIL] Email sent successfully via Postmark
.13:17:02.560 request_id=GGBS6q0myFpTcVgAADoB [info] Successfully sent scheduled email
...13:17:02.560 request_id=GGBS6q0myFpTcVgAADoB [info] [EmailWorker] Insert result
13:17:02.560 request_id=GGBS6q0myFpTcVgAADoB [info] [EmailWorker] Schedule result
13:17:02.560 request_id=GGBS6q0myFpTcVgAADoB [info] [EmailWorker] Processing email config
13:17:02.560 request_id=GGBS6q0myFpTcVgAADoB [info] [EmailWorker] Scheduling email
13:17:02.560 request_id=GGBS6q0myFpTcVgAADoB [info] [EmailWorker] Creating Oban job
13:17:02.560 request_id=GGBS6q0myFpTcVgAADoB [info] [EmailWorker] Job created
13:17:02.560 request_id=GGBS6q0myFpTcVgAADoB [info] Processing scheduled email
13:17:02.560 request_id=GGBS6q0myFpTcVgAADoB [info] [EMAIL DEBUG] Full email struct before sending
13:17:02.560 request_id=GGBS6q0myFpTcVgAADoB [info] [EMAIL DEBUG] Extracted recipient email
13:17:02.560 request_id=GGBS6q0myFpTcVgAADoB [info] [EMAIL DEBUG] Postmark configuration
13:17:02.560 request_id=GGBS6q0myFpTcVgAADoB [info] [EMAIL DEBUG] Email configuration
13:17:02.560 request_id=GGBS6q0myFpTcVgAADoB [info] [EMAIL] Attempting to send email via Postmark
13:17:02.561 request_id=GGBS6q0myFpTcVgAADoB [debug] Sending email with Bamboo.TestAdapter:

%Bamboo.Email{from: {"RSOLV Team", "support@rsolv.dev"}, to: [nil: "user-name@example.com"], cc: [], bcc: [], subject: "How's Your Experience with RSOLV?", html_body: "<!DOCTYPE html>\n<html lang=\"en\">\n<head>\n  <meta charset=\"UTF-8\">\n  <meta name=\"viewport\" content=\"width=device-width, initial-scale=1.0\">\n  <title>How's Your RSOLV Experience?</title>\n  <style>\n    @import url('https://fonts.googleapis.com/css2?family=Space+Grotesk:wght@300;400;500;700&display=swap');\n    \n    body {\n      font-family: 'Space Grotesk', -apple-system, BlinkMacSystemFont, \"Segoe UI\", Roboto, Helvetica, Arial, sans-serif;\n      line-height: 1.6;\n      color: #333;\n      max-width: 600px;\n      margin: 0 auto;\n      padding: 20px;\n      background-color: #f8f9fa;\n    }\n    .container {\n      background-color: #ffffff;\n      border-radius: 8px;\n      padding: 30px;\n      box-shadow: 0 4px 6px rgba(0, 0, 0, 0.05);\n    }\n    .logo {\n      text-align: center;\n      margin-bottom: 30px;\n    }\n    .logo img {\n      max-width: 200px;\n    }\n    h1, h2, h3 {\n      color: #10b981;\n    }\n    .survey-card {\n      background-color: #f3f4f6;\n      padding: 20px;\n      border-radius: 8px;\n      margin: 20px 0;\n      text-align: center;\n    }\n    .rating-container {\n      display: flex;\n      justify-content: center;\n      gap: 10px;\n      margin: 20px 0;\n    }\n    .rating-box {\n      width: 40px;\n      height: 40px;\n      border: 2px solid #10b981;\n      border-radius: 8px;\n      display: flex;\n      align-items: center;\n      justify-content: center;\n      text-decoration: none;\n      color: #10b981;\n      font-weight: bold;\n      transition: all 0.3s ease;\n    }\n    .rating-box:hover {\n      background-color: #10b981;\n      color: white;\n    }\n    .question-box {\n      background-color: #f9fafb;\n      padding: 20px;\n      border-radius: 8px;\n      margin: 20px 0;\n      border-left: 4px solid #10b981;\n    }\n    .success-story {\n      background-color: #d4edda;\n      border: 1px solid #c3e6cb;\n      padding: 15px;\n      border-radius: 8px;\n      margin: 20px 0;\n    }\n    .cta {\n      background-color: #10b981;\n      color: white;\n      padding: 12px 24px;\n      border-radius: 5px;\n      display: inline-block;\n      text-decoration: none;\n      font-weight: bold;\n      margin: 20px 0;\n    }\n    .cta-secondary {\n      background-color: #6b7280;\n      color: white;\n      padding: 12px 24px;\n      border-radius: 5px;\n      display: inline-block;\n      text-decoration: none;\n      font-weight: bold;\n      margin: 20px 0;\n    }\n    .footer {\n      margin-top: 40px;\n      font-size: 14px;\n      color: #6b7280;\n      border-top: 1px solid #e5e7eb;\n      padding-top: 20px;\n      text-align: center;\n    }\n  </style>\n</head>\n<body>\n  <div class=\"container\">\n    <div class=\"logo\">\n      <img src=\"https://rsolv.dev/images/rsolv_logo_transparent.png\" alt=\"RSOLV Logo\">\n    </div>\n    \n    <h1>Quick Check-In: How's RSOLV Working for You?</h1>\n    \n    <p>Hi {@first_name},</p>\n    \n    <p>You've been using RSOLV for a week now, and we'd love to hear about your experience! Your feedback helps us make RSOLV better for everyone.</p>\n    \n    <div class=\"survey-card\">\n      <h3>How likely are you to recommend RSOLV to a colleague?</h3>\n      <p>Click a number below:</p>\n      <div class=\"rating-container\">\n        <a href=\"https://rsolv.dev/feedback?rating=1&email={@email}\" class=\"rating-box\">1</a>\n        <a href=\"https://rsolv.dev/feedback?rating=2&email={@email}\" class=\"rating-box\">2</a>\n        <a href=\"https://rsolv.dev/feedback?rating=3&email={@email}\" class=\"rating-box\">3</a>\n        <a href=\"https://rsolv.dev/feedback?rating=4&email={@email}\" class=\"rating-box\">4</a>\n        <a href=\"https://rsolv.dev/feedback?rating=5&email={@email}\" class=\"rating-box\">5</a>\n        <a href=\"https://rsolv.dev/feedback?rating=6&email={@email}\" class=\"rating-box\">6</a>\n        <a href=\"https://rsolv.dev/feedback?rating=7&email={@email}\" class=\"rating-box\">7</a>\n        <a href=\"https://rsolv.dev/feedback?rating=8&email={@email}\" class=\"rating-box\">8</a>\n        <a href=\"https://rsolv.dev/feedback?rating=9&email={@email}\" class=\"rating-box\">9</a>\n        <a href=\"https://rsolv.dev/feedback?rating=10&email={@email}\" class=\"rating-box\">10</a>\n      </div>\n" <> ..., text_body: "Quick Check-In: How's RSOLV Working for You?\n\nHi Username,\n\nYou've been using RSOLV for a week now, and we'd love to hear about your experience!\n\nHow likely are you to recommend RSOLV to a colleague?\nRate us from 1-10: https://rsolv.dev/feedback?email=user-name@example.com\n\nThree Quick Questions:\n1. What's been your favorite RSOLV fix so far?\n2. What feature would you like to see next?\n3. Any challenges or friction points?\n\nJust hit reply and share your thoughts - we read every response!\n\nDid You Know?\nHere are some ways other teams are using RSOLV:\n- Security audits: Tag all security-related issues for automated fixes\n- Tech debt cleanup: Fix deprecated function calls across the codebase\n- Onboarding tool: Let new devs see how fixes should be implemented\n- Weekend warrior: Queue up fixes on Friday, review on Monday\n\nThanks for being an early adopter!\n\nBest regards,\nDylan & The RSOLV Team\n\nP.S. If RSOLV has saved you time this week, we'd love to hear about it!\n\n---\nTo unsubscribe, visit: https://rsolv.dev/unsubscribe?email=user-name@example.com\n", headers: %{"X-Postmark-Tag" => "feedback-request"}, attachments: [], assigns: %{}, private: %{tag: "feedback-request"}, blocked: false}

13:17:02.561 request_id=GGBS6q0myFpTcVgAADoB [info] [EMAIL DEBUG] Raw Postmark response
13:17:02.561 request_id=GGBS6q0myFpTcVgAADoB [info] [EMAIL] Email sent successfully via Postmark
13:17:02.561 request_id=GGBS6q0myFpTcVgAADoB [info] Successfully sent scheduled email
13:17:02.561 request_id=GGBS6q0myFpTcVgAADoB [info] [EmailWorker] Insert result
13:17:02.561 request_id=GGBS6q0myFpTcVgAADoB [info] [EmailWorker] Schedule result
13:17:02.561 request_id=GGBS6q0myFpTcVgAADoB [info] [EmailWorker] Processing email config
13:17:02.561 request_id=GGBS6q0myFpTcVgAADoB [info] [EmailWorker] Scheduling email
13:17:02.561 request_id=GGBS6q0myFpTcVgAADoB [info] [EmailWorker] Creating Oban job
13:17:02.561 request_id=GGBS6q0myFpTcVgAADoB [info] [EmailWorker] Job created
13:17:02.561 request_id=GGBS6q0myFpTcVgAADoB [info] Processing scheduled email
13:17:02.562 request_id=GGBS6q0myFpTcVgAADoB [info] [EMAIL DEBUG] Full email struct before sending
13:17:02.562 request_id=GGBS6q0myFpTcVgAADoB [info] [EMAIL DEBUG] Extracted recipient email
13:17:02.562 request_id=GGBS6q0myFpTcVgAADoB [info] [EMAIL DEBUG] Postmark configuration
13:17:02.562 request_id=GGBS6q0myFpTcVgAADoB [info] [EMAIL DEBUG] Email configuration
13:17:02.562 request_id=GGBS6q0myFpTcVgAADoB [info] [EMAIL] Attempting to send email via Postmark
13:17:02.562 request_id=GGBS6q0myFpTcVgAADoB [debug] Sending email with Bamboo.TestAdapter:

%Bamboo.Email{from: {"RSOLV Team", "support@rsolv.dev"}, to: [nil: "user-name@example.com"], cc: [], bcc: [], subject: "Your RSOLV Success Report", html_body: "<!DOCTYPE html>\n<html lang=\"en\">\n<head>\n  <meta charset=\"UTF-8\">\n  <meta name=\"viewport\" content=\"width=device-width, initial-scale=1.0\">\n  <title>Your RSOLV Success Report</title>\n  <style>\n    @import url('https://fonts.googleapis.com/css2?family=Space+Grotesk:wght@300;400;500;700&display=swap');\n    \n    body {\n      font-family: 'Space Grotesk', -apple-system, BlinkMacSystemFont, \"Segoe UI\", Roboto, Helvetica, Arial, sans-serif;\n      line-height: 1.6;\n      color: #333;\n      max-width: 600px;\n      margin: 0 auto;\n      padding: 20px;\n      background-color: #f8f9fa;\n    }\n    .container {\n      background-color: #ffffff;\n      border-radius: 8px;\n      padding: 30px;\n      box-shadow: 0 4px 6px rgba(0, 0, 0, 0.05);\n    }\n    .logo {\n      text-align: center;\n      margin-bottom: 30px;\n    }\n    .logo img {\n      max-width: 200px;\n    }\n    h1, h2, h3 {\n      color: #10b981;\n    }\n    .stats-grid {\n      display: grid;\n      grid-template-columns: 1fr 1fr;\n      gap: 20px;\n      margin: 30px 0;\n    }\n    .stat-card {\n      background-color: #f3f4f6;\n      padding: 20px;\n      border-radius: 8px;\n      text-align: center;\n      border-top: 4px solid #10b981;\n    }\n    .stat-number {\n      font-size: 36px;\n      font-weight: bold;\n      color: #10b981;\n      margin: 10px 0;\n    }\n    .stat-label {\n      color: #6b7280;\n      font-size: 14px;\n    }\n    .achievement-banner {\n      background: linear-gradient(135deg, #10b981 0%, #059669 100%);\n      color: white;\n      padding: 20px;\n      border-radius: 8px;\n      text-align: center;\n      margin: 20px 0;\n    }\n    .timeline {\n      margin: 30px 0;\n    }\n    .timeline-item {\n      display: flex;\n      margin-bottom: 20px;\n      align-items: flex-start;\n    }\n    .timeline-marker {\n      width: 40px;\n      height: 40px;\n      background-color: #10b981;\n      color: white;\n      border-radius: 50%;\n      display: flex;\n      align-items: center;\n      justify-content: center;\n      flex-shrink: 0;\n      margin-right: 15px;\n    }\n    .timeline-content {\n      flex-grow: 1;\n    }\n    .pricing-highlight {\n      background-color: #fff3cd;\n      border: 1px solid #ffeaa7;\n      padding: 20px;\n      border-radius: 8px;\n      margin: 20px 0;\n      text-align: center;\n    }\n    .cta {\n      background-color: #10b981;\n      color: white;\n      padding: 12px 24px;\n      border-radius: 5px;\n      display: inline-block;\n      text-decoration: none;\n      font-weight: bold;\n      margin: 20px 0;\n    }\n    .cta-secondary {\n      background-color: #2563eb;\n      color: white;\n      padding: 12px 24px;\n      border-radius: 5px;\n      display: inline-block;\n      text-decoration: none;\n      font-weight: bold;\n      margin: 20px 0;\n    }\n    .footer {\n      margin-top: 40px;\n      font-size: 14px;\n      color: #6b7280;\n      border-top: 1px solid #e5e7eb;\n      padding-top: 20px;\n      text-align: center;\n    }\n    @media (max-width: 600px) {\n      .stats-grid {\n        grid-template-columns: 1fr;\n      }\n    }\n  </style>\n</head>\n<body>\n  <div class=\"container\">\n    <div class=\"logo\">\n      <img src=\"https://rsolv.dev/images/rsolv_logo_transparent.png\" alt=\"RSOLV Logo\">\n    </div>\n    \n    <h1>Your 2-Week RSOLV Success Report 🎉</h1>\n    \n    <p>Hi {@first_name},</p>\n    \n    <p>Congratulations! You've been using RSOLV for two weeks. Here's a snapshot of what we've accomplished together:</p>\n    \n    <div class=\"stats-grid\">\n      <div class=\"stat-card\">\n        <div class=\"stat-label\">Issues Fixed</div>\n        <div class=\"stat-number\">{Map.get(@usage_stats || %{}, :issues_fixed, 0)}</div>\n      </div>\n      <div class=\"stat-card\">\n        <div class=\"stat-label\">PRs Created</div>\n        <div class=\"stat-number\">{Map.get(@usage_stats || %{}, :prs_created, 0)}</div>\n      </div>\n      <div class=\"stat-card\">\n        <div class=\"stat-label\">Time Saved</div>\n        <div class=\"stat-number\">{Map.get(@usage_stats || %{}, :time_saved, \"0 hrs\")}</div>\n      </div>\n      <div class=\"stat-card\">\n        <div class=\"stat-label\">Security Issues Found</div>\n        <div class=\"stat-number\">{Map.ge" <> ..., text_body: "Your 2-Week RSOLV Success Report\n\nHi Username,\n\nCongratulations! You've been using RSOLV for two weeks. Here's what we've accomplished together:\n\nYour Stats:\n- Issues Fixed: Check your dashboard\n- PRs Created: Check your dashboard\n- Time Saved: Check your dashboard\n- Security Issues Found: Check your dashboard\n\nYour Trial Status:\nCheck how many free fixes you have remaining at: https://rsolv.dev/dashboard\n\nWhat's Next?\n- Expand to more repositories\n- Automate security audits\n- Clean up tech debt\n- Train your team\n\nNeed Help Scaling Up?\nI'd love to help you get even more value from RSOLV:\n- Schedule a 15-minute optimization call\n- Get best practices for your specific tech stack\n- Learn about volume discounts for teams\n\nJust reply to this email and let me know how I can help!\n\nThanks for being part of the RSOLV community.\n\nBest regards,\nDylan Fitzgerald\nFounder, RSOLV\n\nP.S. If RSOLV has been valuable to your team, I'd be grateful if you could share a quick testimonial.\n\n---\nTo unsubscribe, visit: https://rsolv.dev/unsubscribe?email=user-name@example.com\n", headers: %{"X-Postmark-Tag" => "success-checkin"}, attachments: [], assigns: %{}, private: %{tag: "success-checkin"}, blocked: false}

13:17:02.562 request_id=GGBS6q0myFpTcVgAADoB [info] [EMAIL DEBUG] Raw Postmark response
13:17:02.562 request_id=GGBS6q0myFpTcVgAADoB [info] [EMAIL] Email sent successfully via Postmark
13:17:02.562 request_id=GGBS6q0myFpTcVgAADoB [info] Successfully sent scheduled email
13:17:02.562 request_id=GGBS6q0myFpTcVgAADoB [info] [EmailWorker] Insert result
13:17:02.562 request_id=GGBS6q0myFpTcVgAADoB [info] [EmailWorker] Schedule result
13:17:02.562 request_id=GGBS6q0myFpTcVgAADoB [info] [PAGE CONTROLLER] EmailSequence.start_early_access_onboarding_sequence returned
13:17:02.563 request_id=GGBS6q0myFpTcVgAADoB [debug] Sending email with Bamboo.TestAdapter:

%Bamboo.Email{from: {"RSOLV Team", "support@rsolv.dev"}, to: [nil: "admin@rsolv.dev"], cc: [], bcc: [], subject: "🎉 New RSOLV Signup: user-name@example.com", html_body: "<!DOCTYPE html>\n<html>\n<head>\n  <meta charset=\"utf-8\">\n  <style>\n    body { font-family: -apple-system, BlinkMacSystemFont, 'Segoe UI', Roboto, sans-serif; line-height: 1.6; color: #333; }\n    .container { max-width: 600px; margin: 0 auto; padding: 20px; }\n    .header { background: #10b981; color: white; padding: 20px; border-radius: 8px 8px 0 0; }\n    .content { background: #f9fafb; padding: 20px; border: 1px solid #e5e7eb; border-radius: 0 0 8px 8px; }\n    .metric { display: inline-block; margin: 10px 20px 10px 0; }\n    .metric-label { font-size: 12px; color: #6b7280; text-transform: uppercase; }\n    .metric-value { font-size: 18px; font-weight: bold; color: #111827; }\n    .details { background: white; padding: 15px; border-radius: 4px; margin: 15px 0; }\n    .detail-row { display: flex; justify-content: space-between; padding: 8px 0; border-bottom: 1px solid #f3f4f6; }\n    .detail-row:last-child { border-bottom: none; }\n    .detail-label { font-weight: 500; color: #6b7280; }\n    .detail-value { color: #111827; }\n    .utm-badge { display: inline-block; background: #dbeafe; color: #1e40af; padding: 2px 8px; border-radius: 4px; font-size: 12px; margin-left: 4px; }\n  </style>\n</head>\n<body>\n  <div class=\"container\">\n    <div class=\"header\">\n      <h1 style=\"margin: 0; font-size: 24px;\">🎉 New RSOLV Signup!</h1>\n      <p style=\"margin: 5px 0 0 0; opacity: 0.9;\">August 29, 2025 at 07:17 PM UTC</p>\n    </div>\n    \n    <div class=\"content\">\n      <div class=\"metric\">\n        <div class=\"metric-label\">Email</div>\n        <div class=\"metric-value\">user-name@example.com</div>\n      </div>\n      \n      \n      \n      <div class=\"details\">\n        <h3 style=\"margin-top: 0;\">Signup Details</h3>\n        \n        <div class=\"detail-row\">\n          <span class=\"detail-label\">Source</span>\n          <span class=\"detail-value\">\n            landing_page\n            \n          </span>\n        </div>\n        \n        \n        \n        \n        \n        \n      </div>\n      \n      <div style=\"margin-top: 20px; text-align: center;\">\n        <a href=\"https://rsolv.dev/live/dashboard\" style=\"display: inline-block; background: #10b981; color: white; padding: 10px 20px; text-decoration: none; border-radius: 4px;\">\n          View Dashboard\n        </a>\n      </div>\n    </div>\n  </div>\n</body>\n</html>\n", text_body: "🎉 New RSOLV Signup!\n\nEmail: user-name@example.com\n\nTime: August 29, 2025 at 07:17 PM UTC\n\nSource Details:\n- Source: landing_page\n\n\n\n\n\nView full dashboard: https://rsolv.dev/live/dashboard\n", headers: %{"Message-ID" => "<1756495022.538977@rsolv.dev>", "X-Postmark-Tag" => "admin-notification", "X-Priority" => "1"}, attachments: [], assigns: %{}, private: %{tag: "admin-notification"}, blocked: false}

13:17:02.563 request_id=GGBS6q0myFpTcVgAADoB [info] Admin notification sent for new signup
13:17:02.563 request_id=GGBS6q0myFpTcVgAADoB [info] Sent 302 in 7ms
13:17:02.563 request_id=GGBS6q2fhmFTcVgAADqB [info] POST /early-access
13:17:02.563 request_id=GGBS6q2fhmFTcVgAADqB [debug] Processing with RsolvWeb.PageController.submit_early_access/2
  Parameters: %{"email" => "user+tag@example.com"}
  Pipelines: [:browser]
13:17:02.563 request_id=GGBS6q2fhmFTcVgAADqB [debug] QUERY OK source="fun_with_flags_toggles" db=0.1ms
SELECT f0."id", f0."flag_name", f0."gate_type", f0."target", f0."enabled" FROM "fun_with_flags_toggles" AS f0 WHERE (f0."flag_name" = $1) ["early_access_signup"]
13:17:02.563 request_id=GGBS6q2fhmFTcVgAADqB [debug] Telemetry event: [:fun_with_flags, :persistence, :read], metadata: %{flag_name: :early_access_signup, gate: nil}, measurements: %{system_time: 1756495022563564399}
13:17:02.563 request_id=GGBS6q2fhmFTcVgAADqB [debug] Extracted UTM parameters: %{}
13:17:02.563 request_id=GGBS6q2fhmFTcVgAADqB [info] Analytics event tracked
13:17:02.563 request_id=GGBS6q2fhmFTcVgAADqB [debug] QUERY OK db=0.0ms queue=0.1ms
SELECT create_analytics_partition_if_not_exists($1::date) [~D[2025-08-29]]
13:17:02.564 request_id=GGBS6q2fhmFTcVgAADqB [debug] QUERY OK source="analytics_events" db=0.0ms
INSERT INTO "analytics_events" ("metadata","event_type","visitor_id","page_path","inserted_at","updated_at") VALUES ($1,$2,$3,$4,$5,$6) RETURNING "id" [%{status: "submit", os: "unknown", form_id: "early-access", browser: "unknown", utm_source_platform: nil, utm_source_campaign: nil, utm_source_content: nil, device_type: "unknown"}, "form_submit", "c6883737c4701909841c9a0d8f7d5a27", "/early-access", ~N[2025-08-29 19:17:02], ~N[2025-08-29 19:17:02]]
13:17:02.564 request_id=GGBS6q2fhmFTcVgAADqB [info] Form submission received
13:17:02.564 request_id=GGBS6q2fhmFTcVgAADqB [info] Valid email received for processing: user+tag@example.com, validation passed
13:17:02.564 request_id=GGBS6q2fhmFTcVgAADqB [debug] Extracted UTM parameters: %{}
13:17:02.564 request_id=GGBS6q2fhmFTcVgAADqB [debug] QUERY OK source="early_access_signups" db=0.0ms
INSERT INTO "early_access_signups" ("name","email","referral_source","inserted_at") VALUES ($1,$2,$3,$4) RETURNING "id" ["Usertag", "user+tag@example.com", "landing_page", ~N[2025-08-29 19:17:02]]
13:17:02.564 request_id=GGBS6q2fhmFTcVgAADqB [debug] QUERY OK source="early_access_signups" db=0.0ms
SELECT count(e0."id") FROM "early_access_signups" AS e0 []
13:17:02.564 request_id=GGBS6q2fhmFTcVgAADqB [info] Successfully saved signup to database
13:17:02.564 request_id=GGBS6q2fhmFTcVgAADqB [info] ConvertKit API key present: true
13:17:02.564 request_id=GGBS6q2fhmFTcVgAADqB [info] ConvertKit API request successful
13:17:02.564 request_id=GGBS6q2fhmFTcVgAADqB [info] ConvertKit: Successfully added subscriber
13:17:02.564 request_id=GGBS6q2fhmFTcVgAADqB [info] Analytics event tracked
13:17:02.564 request_id=GGBS6q2fhmFTcVgAADqB [debug] QUERY OK db=0.0ms queue=0.1ms
SELECT create_analytics_partition_if_not_exists($1::date) [~D[2025-08-29]]
13:17:02.564 request_id=GGBS6q2fhmFTcVgAADqB [debug] QUERY OK source="analytics_events" db=0.0ms
INSERT INTO "analytics_events" ("metadata","event_type","visitor_id","page_path","inserted_at","updated_at") VALUES ($1,$2,$3,$4,$5,$6) RETURNING "id" [%{status: "success", os: "unknown", source: "landing_page", form_id: "early-access", browser: "unknown", utm_source_platform: nil, utm_source_campaign: nil, utm_source_content: nil, device_type: "unknown", conversion_type: "early_access_signup", email_domain: "example.com"}, "form_success", "c6883737c4701909841c9a0d8f7d5a27", "/early-access", ~N[2025-08-29 19:17:02], ~N[2025-08-29 19:17:02]]
13:17:02.564 request_id=GGBS6q2fhmFTcVgAADqB [info] Analytics event tracked
13:17:02.565 request_id=GGBS6q2fhmFTcVgAADqB [debug] QUERY OK db=0.0ms
SELECT create_analytics_partition_if_not_exists($1::date) [~D[2025-08-29]]
13:17:02.565 request_id=GGBS6q2fhmFTcVgAADqB [debug] QUERY OK source="analytics_events" db=0.1ms
INSERT INTO "analytics_events" ("metadata","event_type","visitor_id","page_path","inserted_at","updated_at") VALUES ($1,$2,$3,$4,$5,$6) RETURNING "id" [%{os: "unknown", source: "landing_page", form_id: "early-access", browser: "unknown", utm_source_platform: nil, utm_source_campaign: nil, utm_source_content: nil, device_type: "unknown", conversion_type: "early_access_signup", email_domain: "example.com"}, "conversion", "c6883737c4701909841c9a0d8f7d5a27", "/early-access", ~N[2025-08-29 19:17:02], ~N[2025-08-29 19:17:02]]
13:17:02.565 request_id=GGBS6q2fhmFTcVgAADqB [debug] QUERY OK source="fun_with_flags_toggles" db=0.0ms
SELECT f0."id", f0."flag_name", f0."gate_type", f0."target", f0."enabled" FROM "fun_with_flags_toggles" AS f0 WHERE (f0."flag_name" = $1) ["welcome_email_sequence"]
13:17:02.565 request_id=GGBS6q2fhmFTcVgAADqB [debug] Telemetry event: [:fun_with_flags, :persistence, :read], metadata: %{flag_name: :welcome_email_sequence, gate: nil}, measurements: %{system_time: 1756495022565429023}
13:17:02.565 request_id=GGBS6q2fhmFTcVgAADqB [info] [PAGE CONTROLLER] Welcome email sequence is ENABLED, starting sequence
13:17:02.565 request_id=GGBS6q2fhmFTcVgAADqB [info] [PAGE CONTROLLER] About to call EmailSequence.start_early_access_onboarding_sequence
13:17:02.565 request_id=GGBS6q2fhmFTcVgAADqB [info] [EMAIL SEQUENCE] Starting early access onboarding sequence
13:17:02.565 request_id=GGBS6q2fhmFTcVgAADqB [info] [EMAIL SEQUENCE] About to call EmailService.send_early_access_welcome_email
13:17:02.565 request_id=GGBS6q2fhmFTcVgAADqB [info] [EMAIL] send_early_access_welcome_email called
13:17:02.565 request_id=GGBS6q2fhmFTcVgAADqB [info] [EMAIL DEBUG] Full email struct before sending
13:17:02.565 request_id=GGBS6q2fhmFTcVgAADqB [info] [EMAIL DEBUG] Extracted recipient email
13:17:02.565 request_id=GGBS6q2fhmFTcVgAADqB [info] [EMAIL DEBUG] Postmark configuration
13:17:02.565 request_id=GGBS6q2fhmFTcVgAADqB [info] [EMAIL DEBUG] Email configuration
13:17:02.565 request_id=GGBS6q2fhmFTcVgAADqB [info] [EMAIL] Attempting to send email via Postmark
13:17:02.565 request_id=GGBS6q2fhmFTcVgAADqB [debug] Sending email with Bamboo.TestAdapter:

%Bamboo.Email{from: {"RSOLV Team", "support@rsolv.dev"}, to: [nil: "user+tag@example.com"], cc: [], bcc: [], subject: "Welcome to RSOLV Early Access Program", html_body: "<div style=\"font-family: 'Helvetica Neue', Helvetica, Arial, sans-serif; max-width: 600px; margin: 0 auto; padding: 20px;\">\n  <h1 style=\"color: #2C3E50; margin-bottom: 20px;\">Welcome to RSOLV Early Access Program!</h1>\n\n  <p>Hi Usertag,</p>\n\n  <p>Thank you for joining our Early Access Program! You're now part of an exclusive group getting first access to RSOLV.</p>\n\n  <p>Here's what you need to know:</p>\n\n  <ul>\n    <li>You have full access to all current features</li>\n    <li>Your feedback is incredibly valuable to us during this phase</li>\n    <li>You'll receive priority support via email</li>\n  </ul>\n\n  <p>To get started with RSOLV:</p>\n\n  <ol>\n    <li><strong>Your API key will be sent in a follow-up email within 24 hours</strong></li>\n    <li>Once you receive your API key, install our GitHub Action (code below)</li>\n    <li>Set up your repository secrets with your API key</li>\n    <li>Tag your first issues with \"rsolv:automate\"</li>\n  </ol>\n\n  <div style=\"background-color: #fff3cd; border: 1px solid #ffeaa7; color: #856404; padding: 10px; border-radius: 5px; margin: 15px 0;\">\n    <strong>⏳ API Key Coming Soon:</strong> We'll send your personal API key within 24 hours. Look for an email with subject \"Your RSOLV API Key\".\n  </div>\n\n  <div style=\"background-color: #f8f9fa; padding: 15px; border-radius: 5px; margin: 20px 0;\">\n    <pre style=\"margin: 0; overflow-x: auto; white-space: pre-wrap; font-family: monospace;\">name: RSOLV AutoFix\non:\n  issues:\n    types: [opened, edited, labeled]\n\njobs:\n  autofix:\n    runs-on: ubuntu-latest\n    if: contains(github.event.issue.labels.*.name, 'rsolv:automate')\n    steps:\n      - uses: RSOLV-dev/rsolv-action@v1\n        with:\n          github-token: ${{ secrets.GITHUB_TOKEN }}\n          rsolv-api-key: ${{ secrets.RSOLV_API_KEY }}</pre>\n  </div>\n\n  <p>Need help? As an Early Access member, you have priority support - contact us at <a href=\"mailto:support@rsolv.dev\">support@rsolv.dev</a> and we'll personally assist you.</p>\n\n  <p>Your trial includes unlimited automated fixes during the Early Access period.</p>\n\n  <div style=\"margin-top: 30px; padding: 15px; border: 1px solid #e0e0e0; border-radius: 5px; background-color: #f9f9f9;\">\n    <h3 style=\"margin-top: 0; color: #2C3E50;\">Early Access Program Benefits</h3>\n    <ul>\n      <li>Unlimited usage during Early Access</li>\n      <li>Priority support and feature requests</li>\n      <li>Exclusive pricing when we launch</li>\n      <li>Direct access to our development team</li>\n    </ul>\n  </div>\n\n  <p>Best,<br>The RSOLV Team</p>\n\n  <div class=\"footer\" style=\"margin-top: 40px; padding-top: 20px; border-top: 1px solid #e0e0e0; font-size: 0.9em; color: #666;\">\n    <p>\n      You're receiving this email because you joined the RSOLV Early Access Program.\n      <br>\n      If you have any questions, simply reply to this email.\n    </p>\n    <p>\n      RSOLV, Inc. • support@rsolv.dev • © 2025\n    </p>\n    <p>\n      <a href=\"https://rsolv.dev/unsubscribe?email=user+tag@example.com\">Unsubscribe</a> from these emails.\n    </p>\n  </div>\n</div>\n", text_body: "Welcome to RSOLV Early Access Program!\n\nHi Usertag,\n\nThank you for joining our Early Access Program! You're now part of an exclusive group getting first access to RSOLV.\n\nHere's what you need to know:\n- You have full access to all current features\n- Your feedback is incredibly valuable to us during this phase\n- You'll receive priority support via email\n\nTo get started with RSOLV:\n1. Your API key will be sent in a follow-up email within 24 hours\n2. Once you receive your API key, install our GitHub Action\n3. Set up your repository secrets with your API key\n4. Tag your first issues with \"AUTOFIX\"\n\n⏳ API KEY COMING SOON: We'll send your personal API key within 24 hours. Look for an email with subject \"Your RSOLV API Key\".\n\nNeed help? As an Early Access member, you have priority support - contact us at support@rsolv.dev and we'll personally assist you.\n\nYour trial includes unlimited automated fixes during the Early Access period.\n\nEARLY ACCESS PROGRAM BENEFITS:\n* Unlimited usage during Early Access\n* Priority support and feature requests\n* Exclusive pricing when we launch\n* Direct access to our development team\n\nBest,\nThe RSOLV Team\n\n---\nYou're receiving this email because you joined the RSOLV Early Access Program.\nIf you have any questions, simply reply to this email.\n\nRSOLV, Inc. • support@rsolv.dev\n\nTo unsubscribe, visit: https://rsolv.dev/unsubscribe?email=user+tag@example.com\n", headers: %{"X-Postmark-Tag" => "early-access"}, attachments: [], assigns: %{}, private: %{tag: "early-access"}, blocked: false}

13:17:02.565 request_id=GGBS6q2fhmFTcVgAADqB [info] [EMAIL DEBUG] Raw Postmark response
13:17:02.565 request_id=GGBS6q2fhmFTcVgAADqB [info] [EMAIL] Email sent successfully via Postmark
13:17:02.565 request_id=GGBS6q2fhmFTcVgAADqB [info] [EMAIL SEQUENCE] EmailService.send_early_access_welcome_email returned
13:17:02.565 request_id=GGBS6q2fhmFTcVgAADqB [info] Attempting to tag subscriber
13:17:02.565 request_id=GGBS6q2fhmFTcVgAADqB [info] ConvertKit: Attempting to tag user+tag@example.com with tag test_tag_id
13:17:02.565 request_id=GGBS6q2fhmFTcVgAADqB [info] ConvertKit: Successfully tagged user+tag@example.com
13:17:02.566 request_id=GGBS6q2fhmFTcVgAADqB [info] [EmailWorker] schedule_sequence called
13:17:02.566 request_id=GGBS6q2fhmFTcVgAADqB [info] [EmailWorker] Found sequence
13:17:02.566 request_id=GGBS6q2fhmFTcVgAADqB [info] [EmailWorker] Processing email config
13:17:02.566 request_id=GGBS6q2fhmFTcVgAADqB [info] [EmailWorker] Skipping immediate email
13:17:02.566 request_id=GGBS6q2fhmFTcVgAADqB [info] [EmailWorker] Processing email config
13:17:02.566 request_id=GGBS6q2fhmFTcVgAADqB [info] [EmailWorker] Scheduling email
13:17:02.566 request_id=GGBS6q2fhmFTcVgAADqB [info] [EmailWorker] Creating Oban job
13:17:02.566 request_id=GGBS6q2fhmFTcVgAADqB [info] [EmailWorker] Job created
13:17:02.566 request_id=GGBS6q2fhmFTcVgAADqB [info] Processing scheduled email
13:17:02.566 request_id=GGBS6q2fhmFTcVgAADqB [error] Failed to send scheduled email
13:17:02.566 request_id=GGBS6q2fhmFTcVgAADqB [info] [EmailWorker] Insert result
13:17:02.566 request_id=GGBS6q2fhmFTcVgAADqB [info] [EmailWorker] Schedule result
13:17:02.566 request_id=GGBS6q2fhmFTcVgAADqB [info] [EmailWorker] Processing email config
13:17:02.566 request_id=GGBS6q2fhmFTcVgAADqB [info] [EmailWorker] Scheduling email
13:17:02.566 request_id=GGBS6q2fhmFTcVgAADqB [info] [EmailWorker] Creating Oban job
13:17:02.566 request_id=GGBS6q2fhmFTcVgAADqB [info] [EmailWorker] Job created
13:17:02.566 request_id=GGBS6q2fhmFTcVgAADqB [info] Processing scheduled email
13:17:02.566 request_id=GGBS6q2fhmFTcVgAADqB [info] [EMAIL DEBUG] Full email struct before sending
13:17:02.566 request_id=GGBS6q2fhmFTcVgAADqB [info] [EMAIL DEBUG] Extracted recipient email
13:17:02.566 request_id=GGBS6q2fhmFTcVgAADqB [info] [EMAIL DEBUG] Postmark configuration
13:17:02.566 request_id=GGBS6q2fhmFTcVgAADqB [info] [EMAIL DEBUG] Email configuration
13:17:02.566 request_id=GGBS6q2fhmFTcVgAADqB [info] [EMAIL] Attempting to send email via Postmark
13:17:02.566 request_id=GGBS6q2fhmFTcVgAADqB [debug] Sending email with Bamboo.TestAdapter:

%Bamboo.Email{from: {"RSOLV Team", "support@rsolv.dev"}, to: [nil: "user+tag@example.com"], cc: [], bcc: [], subject: "Verify Your RSOLV Setup - Need Any Help?", html_body: "<!DOCTYPE html>\n<html lang=\"en\">\n<head>\n  <meta charset=\"UTF-8\">\n  <meta name=\"viewport\" content=\"width=device-width, initial-scale=1.0\">\n  <title>Verify Your RSOLV Setup</title>\n  <style>\n    @import url('https://fonts.googleapis.com/css2?family=Space+Grotesk:wght@300;400;500;700&display=swap');\n    \n    body {\n      font-family: 'Space Grotesk', -apple-system, BlinkMacSystemFont, \"Segoe UI\", Roboto, Helvetica, Arial, sans-serif;\n      line-height: 1.6;\n      color: #333;\n      max-width: 600px;\n      margin: 0 auto;\n      padding: 20px;\n      background-color: #f8f9fa;\n    }\n    .container {\n      background-color: #ffffff;\n      border-radius: 8px;\n      padding: 30px;\n      box-shadow: 0 4px 6px rgba(0, 0, 0, 0.05);\n    }\n    .logo {\n      text-align: center;\n      margin-bottom: 30px;\n    }\n    .logo img {\n      max-width: 200px;\n    }\n    h1, h2, h3 {\n      color: #10b981;\n    }\n    .checklist {\n      background-color: #f3f4f6;\n      padding: 20px;\n      border-radius: 8px;\n      margin: 20px 0;\n    }\n    .checklist-item {\n      display: flex;\n      align-items: center;\n      margin-bottom: 15px;\n    }\n    .checklist-item input[type=\"checkbox\"] {\n      margin-right: 10px;\n    }\n    .status-box {\n      background-color: #fff3cd;\n      border: 1px solid #ffeaa7;\n      padding: 15px;\n      border-radius: 8px;\n      margin: 20px 0;\n    }\n    .success-box {\n      background-color: #d4edda;\n      border: 1px solid #c3e6cb;\n      padding: 15px;\n      border-radius: 8px;\n      margin: 20px 0;\n    }\n    .code {\n      background-color: #2d3748;\n      color: #e2e8f0;\n      padding: 15px;\n      border-radius: 5px;\n      font-family: 'Courier New', monospace;\n      overflow-x: auto;\n      margin: 15px 0;\n    }\n    .cta {\n      background-color: #10b981;\n      color: white;\n      padding: 12px 24px;\n      border-radius: 5px;\n      display: inline-block;\n      text-decoration: none;\n      font-weight: bold;\n      margin: 20px 0;\n    }\n    .footer {\n      margin-top: 40px;\n      font-size: 14px;\n      color: #6b7280;\n      border-top: 1px solid #e5e7eb;\n      padding-top: 20px;\n      text-align: center;\n    }\n  </style>\n</head>\n<body>\n  <div class=\"container\">\n    <div class=\"logo\">\n      <img src=\"https://rsolv.dev/images/rsolv_logo_transparent.png\" alt=\"RSOLV Logo\">\n    </div>\n    \n    <h1>Let's Verify Your RSOLV Setup</h1>\n    \n    <p>Hi {@first_name},</p>\n    \n    <p>It's been a few days since you signed up for RSOLV. We want to make sure you're all set up and ready to benefit from automated security scanning and remediation!</p>\n    \n    <div class=\"checklist\">\n      <h3>Quick Setup Checklist:</h3>\n      <div class=\"checklist-item\">\n        <input type=\"checkbox\" disabled> Connected your repositories for security scanning\n      </div>\n      <div class=\"checklist-item\">\n        <input type=\"checkbox\" disabled> Added the GitHub Action workflow for automated fixes\n      </div>\n      <div class=\"checklist-item\">\n        <input type=\"checkbox\" disabled> Set up your RSOLV_API_KEY as a repository secret\n      </div>\n      <div class=\"checklist-item\">\n        <input type=\"checkbox\" disabled> Reviewed security issues found by RSOLV\n      </div>\n      <div class=\"checklist-item\">\n        <input type=\"checkbox\" disabled> Generated and merged your first security fix PR\n      </div>\n    </div>\n    \n    <h2>Need Help with Setup?</h2>\n    \n    <p>If you haven't completed setup yet, here's a quick reminder of the steps:</p>\n    \n    <div class=\"code\">\n# In .github/workflows/rsolv.yml:\nname: RSOLV Security Fixes\n\non:\n  issues:\n    types: [labeled]\n\njobs:\n  security-fix:\n    if: contains(github.event.issue.labels.*.name, 'rsolv:automate')\n    runs-on: ubuntu-latest\n    steps:\n      - uses: rsolv-dev/rsolv-action@v1\n        with:\n          github-token: ${\"{{ secrets.GITHUB_TOKEN }}\"}\n          rsolv-api-key: ${\"{{ secrets.RSOLV_API_KEY }}\"}\n    </div>\n    \n    <div class=\"status-box\">\n      <strong>🎁 Remember:</strong> Your first 10 fixes are completely free! No credit card required. After that, you only pay $15 per fix that gets deployed.\n   " <> ..., text_body: "Let's Verify Your RSOLV Setup\n\nHi Usertag,\n\nIt's been a few days since you signed up for RSOLV. We want to make sure you're all set up and ready to automate your issue resolution!\n\nQuick Setup Checklist:\n[ ] Added the GitHub Action workflow to your repository\n[ ] Set up your RSOLV_API_KEY as a repository secret\n[ ] Tagged your first issue with \"rsolv:automate\"\n[ ] Reviewed and merged your first automated PR\n\nNeed Help with Setup?\nIf you haven't completed setup yet, visit: https://rsolv.dev/docs/getting-started\n\nRemember: Your first 10 fixes are completely free! No credit card required. After that, you only pay $15 per fix that gets deployed.\n\nCommon Questions:\n- Where do I get my API key? Check your welcome email or visit your dashboard\n- Can I use RSOLV on private repos? Yes! RSOLV works with both public and private repositories\n- What types of issues can RSOLV fix? Bug fixes, security vulnerabilities, performance issues, and more\n- How secure is it? We analyze every fix for security vulnerabilities before creating PRs\n\nPro Tip: Start with a simple issue first - something like \"Fix typo in README\" or \"Update deprecated function calls\".\n\nReady to get started? Tag an issue with \"rsolv:automate\" and watch the magic happen!\n\nIf you're stuck or have questions, just reply to this email.\n\nBest regards,\nThe RSOLV Team\n\n---\nTo unsubscribe, visit: https://rsolv.dev/unsubscribe?email=user+tag@example.com\n", headers: %{"X-Postmark-Tag" => "setup-verification"}, attachments: [], assigns: %{}, private: %{tag: "setup-verification"}, blocked: false}

13:17:02.566 request_id=GGBS6q2fhmFTcVgAADqB [info] [EMAIL DEBUG] Raw Postmark response
13:17:02.566 request_id=GGBS6q2fhmFTcVgAADqB [info] [EMAIL] Email sent successfully via Postmark
13:17:02.566 request_id=GGBS6q2fhmFTcVgAADqB [info] Successfully sent scheduled email
13:17:02.566 request_id=GGBS6q2fhmFTcVgAADqB [info] [EmailWorker] Insert result
13:17:02.566 request_id=GGBS6q2fhmFTcVgAADqB [info] [EmailWorker] Schedule result
13:17:02.566 request_id=GGBS6q2fhmFTcVgAADqB [info] [EmailWorker] Processing email config
13:17:02.567 request_id=GGBS6q2fhmFTcVgAADqB [info] [EmailWorker] Scheduling email
13:17:02.567 request_id=GGBS6q2fhmFTcVgAADqB [info] [EmailWorker] Creating Oban job
13:17:02.567 request_id=GGBS6q2fhmFTcVgAADqB [info] [EmailWorker] Job created
13:17:02.567 request_id=GGBS6q2fhmFTcVgAADqB [info] Processing scheduled email
13:17:02.567 request_id=GGBS6q2fhmFTcVgAADqB [info] [EMAIL DEBUG] Full email struct before sending
13:17:02.567 request_id=GGBS6q2fhmFTcVgAADqB [info] [EMAIL DEBUG] Extracted recipient email
13:17:02.567 request_id=GGBS6q2fhmFTcVgAADqB [info] [EMAIL DEBUG] Postmark configuration
13:17:02.567 request_id=GGBS6q2fhmFTcVgAADqB [info] [EMAIL DEBUG] Email configuration
13:17:02.567 request_id=GGBS6q2fhmFTcVgAADqB [info] [EMAIL] Attempting to send email via Postmark
13:17:02.567 request_id=GGBS6q2fhmFTcVgAADqB [debug] Sending email with Bamboo.TestAdapter:

%Bamboo.Email{from: {"RSOLV Team", "support@rsolv.dev"}, to: [nil: "user+tag@example.com"], cc: [], bcc: [], subject: "Advanced RSOLV Features You Might Have Missed", html_body: "<!DOCTYPE html>\n<html lang=\"en\">\n<head>\n  <meta charset=\"UTF-8\">\n  <meta name=\"viewport\" content=\"width=device-width, initial-scale=1.0\">\n  <title>Advanced RSOLV Features</title>\n  <style>\n    @import url('https://fonts.googleapis.com/css2?family=Space+Grotesk:wght@300;400;500;700&display=swap');\n    \n    body {\n      font-family: 'Space Grotesk', -apple-system, BlinkMacSystemFont, \"Segoe UI\", Roboto, Helvetica, Arial, sans-serif;\n      line-height: 1.6;\n      color: #333;\n      max-width: 600px;\n      margin: 0 auto;\n      padding: 20px;\n      background-color: #f8f9fa;\n    }\n    .container {\n      background-color: #ffffff;\n      border-radius: 8px;\n      padding: 30px;\n      box-shadow: 0 4px 6px rgba(0, 0, 0, 0.05);\n    }\n    .logo {\n      text-align: center;\n      margin-bottom: 30px;\n    }\n    .logo img {\n      max-width: 200px;\n    }\n    h1, h2, h3 {\n      color: #10b981;\n    }\n    .feature-card {\n      background-color: #f3f4f6;\n      padding: 20px;\n      border-radius: 8px;\n      margin-bottom: 20px;\n      border-left: 4px solid #10b981;\n    }\n    .feature-card h3 {\n      margin-top: 0;\n    }\n    .code {\n      background-color: #2d3748;\n      color: #e2e8f0;\n      padding: 15px;\n      border-radius: 5px;\n      font-family: 'Courier New', monospace;\n      overflow-x: auto;\n      margin: 15px 0;\n      font-size: 14px;\n    }\n    .pro-tip {\n      background-color: #fff3cd;\n      border: 1px solid #ffeaa7;\n      padding: 15px;\n      border-radius: 8px;\n      margin: 20px 0;\n    }\n    .security-highlight {\n      background-color: #d4edda;\n      border: 1px solid #c3e6cb;\n      padding: 15px;\n      border-radius: 8px;\n      margin: 20px 0;\n    }\n    .cta {\n      background-color: #10b981;\n      color: white;\n      padding: 12px 24px;\n      border-radius: 5px;\n      display: inline-block;\n      text-decoration: none;\n      font-weight: bold;\n      margin: 20px 0;\n    }\n    .footer {\n      margin-top: 40px;\n      font-size: 14px;\n      color: #6b7280;\n      border-top: 1px solid #e5e7eb;\n      padding-top: 20px;\n      text-align: center;\n    }\n  </style>\n</head>\n<body>\n  <div class=\"container\">\n    <div class=\"logo\">\n      <img src=\"https://rsolv.dev/images/rsolv_logo_transparent.png\" alt=\"RSOLV Logo\">\n    </div>\n    \n    <h1>Unlock the Full Power of RSOLV</h1>\n    \n    <p>Hi {@first_name},</p>\n    \n    <p>You've been using RSOLV for a few days now. Here are some advanced features and techniques that can help you get even more value from automated security scanning and vulnerability remediation:</p>\n    \n    <div class=\"feature-card\">\n      <h3>🎯 Understanding RSOLV's Proactive Scanning</h3>\n      <p>RSOLV continuously scans your repositories for security vulnerabilities and automatically creates issues with detailed remediation plans:</p>\n      <ul>\n        <li><strong>Automated detection:</strong> Scans all files for 180+ vulnerability patterns (and growing)</li>\n        <li><strong>Smart grouping:</strong> Groups similar issues for efficient review</li>\n        <li><strong>Detailed reports:</strong> Shows exact file locations and vulnerable code</li>\n        <li><strong>Fix generation:</strong> Creates secure PRs that address root causes</li>\n      </ul>\n    </div>\n    \n    <div class=\"feature-card\">\n      <h3>🔒 Comprehensive Security Coverage</h3>\n      <p>RSOLV proactively detects and fixes these vulnerability types across your codebase:</p>\n      <ul>\n        <li>SQL/NoSQL injection vulnerabilities</li>\n        <li>Cross-site scripting (XSS) risks</li>\n        <li>Authentication/authorization flaws</li>\n        <li>Insecure cryptographic implementations</li>\n        <li>Hardcoded secrets and API keys</li>\n        <li>Path traversal and open redirects</li>\n        <li>Insecure dependencies and configurations</li>\n      </ul>\n      <p>Each PR includes a detailed security impact assessment and verification tests.</p>\n    </div>\n    \n    <div class=\"security-highlight\">\n      <strong>🛡️ Security Example:</strong> When RSOLV detects unsafe user input handling, it automatically generates fixes with proper sanitization, p" <> ..., text_body: "Unlock the Full Power of RSOLV\n\nHi Usertag,\n\nYou've been using RSOLV for a few days now. Here are some advanced features and techniques:\n\n1. Writing Better Issues for Better Fixes:\n   - Include error messages: Copy the full stack trace\n   - Specify the file/function: \"Fix pagination in UserList.js\"\n   - Describe expected behavior: \"Should show 10 users per page\"\n   - Add context: \"This broke after upgrading to React 18\"\n\n2. Security-First Fixes:\n   RSOLV automatically scans for:\n   - SQL injection vulnerabilities\n   - Cross-site scripting (XSS) risks\n   - Authentication/authorization issues\n   - Insecure dependencies\n   - Hardcoded secrets or API keys\n\n3. Batch Processing:\n   Tag multiple issues with \"rsolv:automate\" and RSOLV creates separate PRs for each.\n\n4. Customizing RSOLV Behavior:\n   Add these tags to your issues:\n   - [performance] - Optimize for speed\n   - [security] - Extra security focus\n   - [minimal] - Smallest possible change\n   - [refactor] - Clean up while fixing\n\nComing Soon:\n- Support for more languages (Go, Rust, PHP)\n- Custom fix preferences per repository\n- Team collaboration features\n- Integration with more platforms\n\nHave a feature request? Just reply to this email!\n\nView advanced documentation: https://rsolv.dev/docs/advanced\n\nBest regards,\nThe RSOLV Team\n\n---\nTo unsubscribe, visit: https://rsolv.dev/unsubscribe?email=user+tag@example.com\n", headers: %{"X-Postmark-Tag" => "feature-deep-dive"}, attachments: [], assigns: %{}, private: %{tag: "feature-deep-dive"}, blocked: false}

13:17:02.567 request_id=GGBS6q2fhmFTcVgAADqB [info] [EMAIL DEBUG] Raw Postmark response
13:17:02.567 request_id=GGBS6q2fhmFTcVgAADqB [info] [EMAIL] Email sent successfully via Postmark
13:17:02.567 request_id=GGBS6q2fhmFTcVgAADqB [info] Successfully sent scheduled email
13:17:02.567 request_id=GGBS6q2fhmFTcVgAADqB [info] [EmailWorker] Insert result
13:17:02.567 request_id=GGBS6q2fhmFTcVgAADqB [info] [EmailWorker] Schedule result
13:17:02.567 request_id=GGBS6q2fhmFTcVgAADqB [info] [EmailWorker] Processing email config
13:17:02.567 request_id=GGBS6q2fhmFTcVgAADqB [info] [EmailWorker] Scheduling email
13:17:02.567 request_id=GGBS6q2fhmFTcVgAADqB [info] [EmailWorker] Creating Oban job
13:17:02.567 request_id=GGBS6q2fhmFTcVgAADqB [info] [EmailWorker] Job created
13:17:02.567 request_id=GGBS6q2fhmFTcVgAADqB [info] Processing scheduled email
13:17:02.567 request_id=GGBS6q2fhmFTcVgAADqB [info] [EMAIL DEBUG] Full email struct before sending
13:17:02.567 request_id=GGBS6q2fhmFTcVgAADqB [info] [EMAIL DEBUG] Extracted recipient email
13:17:02.567 request_id=GGBS6q2fhmFTcVgAADqB [info] [EMAIL DEBUG] Postmark configuration
13:17:02.567 request_id=GGBS6q2fhmFTcVgAADqB [info] [EMAIL DEBUG] Email configuration
13:17:02.567 request_id=GGBS6q2fhmFTcVgAADqB [info] [EMAIL] Attempting to send email via Postmark
13:17:02.568 request_id=GGBS6q2fhmFTcVgAADqB [debug] Sending email with Bamboo.TestAdapter:

%Bamboo.Email{from: {"RSOLV Team", "support@rsolv.dev"}, to: [nil: "user+tag@example.com"], cc: [], bcc: [], subject: "How's Your Experience with RSOLV?", html_body: "<!DOCTYPE html>\n<html lang=\"en\">\n<head>\n  <meta charset=\"UTF-8\">\n  <meta name=\"viewport\" content=\"width=device-width, initial-scale=1.0\">\n  <title>How's Your RSOLV Experience?</title>\n  <style>\n    @import url('https://fonts.googleapis.com/css2?family=Space+Grotesk:wght@300;400;500;700&display=swap');\n    \n    body {\n      font-family: 'Space Grotesk', -apple-system, BlinkMacSystemFont, \"Segoe UI\", Roboto, Helvetica, Arial, sans-serif;\n      line-height: 1.6;\n      color: #333;\n      max-width: 600px;\n      margin: 0 auto;\n      padding: 20px;\n      background-color: #f8f9fa;\n    }\n    .container {\n      background-color: #ffffff;\n      border-radius: 8px;\n      padding: 30px;\n      box-shadow: 0 4px 6px rgba(0, 0, 0, 0.05);\n    }\n    .logo {\n      text-align: center;\n      margin-bottom: 30px;\n    }\n    .logo img {\n      max-width: 200px;\n    }\n    h1, h2, h3 {\n      color: #10b981;\n    }\n    .survey-card {\n      background-color: #f3f4f6;\n      padding: 20px;\n      border-radius: 8px;\n      margin: 20px 0;\n      text-align: center;\n    }\n    .rating-container {\n      display: flex;\n      justify-content: center;\n      gap: 10px;\n      margin: 20px 0;\n    }\n    .rating-box {\n      width: 40px;\n      height: 40px;\n      border: 2px solid #10b981;\n      border-radius: 8px;\n      display: flex;\n      align-items: center;\n      justify-content: center;\n      text-decoration: none;\n      color: #10b981;\n      font-weight: bold;\n      transition: all 0.3s ease;\n    }\n    .rating-box:hover {\n      background-color: #10b981;\n      color: white;\n    }\n    .question-box {\n      background-color: #f9fafb;\n      padding: 20px;\n      border-radius: 8px;\n      margin: 20px 0;\n      border-left: 4px solid #10b981;\n    }\n    .success-story {\n      background-color: #d4edda;\n      border: 1px solid #c3e6cb;\n      padding: 15px;\n      border-radius: 8px;\n      margin: 20px 0;\n    }\n    .cta {\n      background-color: #10b981;\n      color: white;\n      padding: 12px 24px;\n      border-radius: 5px;\n      display: inline-block;\n      text-decoration: none;\n      font-weight: bold;\n      margin: 20px 0;\n    }\n    .cta-secondary {\n      background-color: #6b7280;\n      color: white;\n      padding: 12px 24px;\n      border-radius: 5px;\n      display: inline-block;\n      text-decoration: none;\n      font-weight: bold;\n      margin: 20px 0;\n    }\n    .footer {\n      margin-top: 40px;\n      font-size: 14px;\n      color: #6b7280;\n      border-top: 1px solid #e5e7eb;\n      padding-top: 20px;\n      text-align: center;\n    }\n  </style>\n</head>\n<body>\n  <div class=\"container\">\n    <div class=\"logo\">\n      <img src=\"https://rsolv.dev/images/rsolv_logo_transparent.png\" alt=\"RSOLV Logo\">\n    </div>\n    \n    <h1>Quick Check-In: How's RSOLV Working for You?</h1>\n    \n    <p>Hi {@first_name},</p>\n    \n    <p>You've been using RSOLV for a week now, and we'd love to hear about your experience! Your feedback helps us make RSOLV better for everyone.</p>\n    \n    <div class=\"survey-card\">\n      <h3>How likely are you to recommend RSOLV to a colleague?</h3>\n      <p>Click a number below:</p>\n      <div class=\"rating-container\">\n        <a href=\"https://rsolv.dev/feedback?rating=1&email={@email}\" class=\"rating-box\">1</a>\n        <a href=\"https://rsolv.dev/feedback?rating=2&email={@email}\" class=\"rating-box\">2</a>\n        <a href=\"https://rsolv.dev/feedback?rating=3&email={@email}\" class=\"rating-box\">3</a>\n        <a href=\"https://rsolv.dev/feedback?rating=4&email={@email}\" class=\"rating-box\">4</a>\n        <a href=\"https://rsolv.dev/feedback?rating=5&email={@email}\" class=\"rating-box\">5</a>\n        <a href=\"https://rsolv.dev/feedback?rating=6&email={@email}\" class=\"rating-box\">6</a>\n        <a href=\"https://rsolv.dev/feedback?rating=7&email={@email}\" class=\"rating-box\">7</a>\n        <a href=\"https://rsolv.dev/feedback?rating=8&email={@email}\" class=\"rating-box\">8</a>\n        <a href=\"https://rsolv.dev/feedback?rating=9&email={@email}\" class=\"rating-box\">9</a>\n        <a href=\"https://rsolv.dev/feedback?rating=10&email={@email}\" class=\"rating-box\">10</a>\n      </div>\n" <> ..., text_body: "Quick Check-In: How's RSOLV Working for You?\n\nHi Usertag,\n\nYou've been using RSOLV for a week now, and we'd love to hear about your experience!\n\nHow likely are you to recommend RSOLV to a colleague?\nRate us from 1-10: https://rsolv.dev/feedback?email=user+tag@example.com\n\nThree Quick Questions:\n1. What's been your favorite RSOLV fix so far?\n2. What feature would you like to see next?\n3. Any challenges or friction points?\n\nJust hit reply and share your thoughts - we read every response!\n\nDid You Know?\nHere are some ways other teams are using RSOLV:\n- Security audits: Tag all security-related issues for automated fixes\n- Tech debt cleanup: Fix deprecated function calls across the codebase\n- Onboarding tool: Let new devs see how fixes should be implemented\n- Weekend warrior: Queue up fixes on Friday, review on Monday\n\nThanks for being an early adopter!\n\nBest regards,\nDylan & The RSOLV Team\n\nP.S. If RSOLV has saved you time this week, we'd love to hear about it!\n\n---\nTo unsubscribe, visit: https://rsolv.dev/unsubscribe?email=user+tag@example.com\n", headers: %{"X-Postmark-Tag" => "feedback-request"}, attachments: [], assigns: %{}, private: %{tag: "feedback-request"}, blocked: false}

13:17:02.568 request_id=GGBS6q2fhmFTcVgAADqB [info] [EMAIL DEBUG] Raw Postmark response
13:17:02.568 request_id=GGBS6q2fhmFTcVgAADqB [info] [EMAIL] Email sent successfully via Postmark
13:17:02.568 request_id=GGBS6q2fhmFTcVgAADqB [info] Successfully sent scheduled email
13:17:02.568 request_id=GGBS6q2fhmFTcVgAADqB [info] [EmailWorker] Insert result
13:17:02.568 request_id=GGBS6q2fhmFTcVgAADqB [info] [EmailWorker] Schedule result
13:17:02.568 request_id=GGBS6q2fhmFTcVgAADqB [info] [EmailWorker] Processing email config
13:17:02.568 request_id=GGBS6q2fhmFTcVgAADqB [info] [EmailWorker] Scheduling email
13:17:02.568 request_id=GGBS6q2fhmFTcVgAADqB [info] [EmailWorker] Creating Oban job
13:17:02.568 request_id=GGBS6q2fhmFTcVgAADqB [info] [EmailWorker] Job created
13:17:02.568 request_id=GGBS6q2fhmFTcVgAADqB [info] Processing scheduled email
13:17:02.568 request_id=GGBS6q2fhmFTcVgAADqB [info] [EMAIL DEBUG] Full email struct before sending
13:17:02.568 request_id=GGBS6q2fhmFTcVgAADqB [info] [EMAIL DEBUG] Extracted recipient email
13:17:02.568 request_id=GGBS6q2fhmFTcVgAADqB [info] [EMAIL DEBUG] Postmark configuration
13:17:02.568 request_id=GGBS6q2fhmFTcVgAADqB [info] [EMAIL DEBUG] Email configuration
13:17:02.568 request_id=GGBS6q2fhmFTcVgAADqB [info] [EMAIL] Attempting to send email via Postmark
13:17:02.568 request_id=GGBS6q2fhmFTcVgAADqB [debug] Sending email with Bamboo.TestAdapter:

%Bamboo.Email{from: {"RSOLV Team", "support@rsolv.dev"}, to: [nil: "user+tag@example.com"], cc: [], bcc: [], subject: "Your RSOLV Success Report", html_body: "<!DOCTYPE html>\n<html lang=\"en\">\n<head>\n  <meta charset=\"UTF-8\">\n  <meta name=\"viewport\" content=\"width=device-width, initial-scale=1.0\">\n  <title>Your RSOLV Success Report</title>\n  <style>\n    @import url('https://fonts.googleapis.com/css2?family=Space+Grotesk:wght@300;400;500;700&display=swap');\n    \n    body {\n      font-family: 'Space Grotesk', -apple-system, BlinkMacSystemFont, \"Segoe UI\", Roboto, Helvetica, Arial, sans-serif;\n      line-height: 1.6;\n      color: #333;\n      max-width: 600px;\n      margin: 0 auto;\n      padding: 20px;\n      background-color: #f8f9fa;\n    }\n    .container {\n      background-color: #ffffff;\n      border-radius: 8px;\n      padding: 30px;\n      box-shadow: 0 4px 6px rgba(0, 0, 0, 0.05);\n    }\n    .logo {\n      text-align: center;\n      margin-bottom: 30px;\n    }\n    .logo img {\n      max-width: 200px;\n    }\n    h1, h2, h3 {\n      color: #10b981;\n    }\n    .stats-grid {\n      display: grid;\n      grid-template-columns: 1fr 1fr;\n      gap: 20px;\n      margin: 30px 0;\n    }\n    .stat-card {\n      background-color: #f3f4f6;\n      padding: 20px;\n      border-radius: 8px;\n      text-align: center;\n      border-top: 4px solid #10b981;\n    }\n    .stat-number {\n      font-size: 36px;\n      font-weight: bold;\n      color: #10b981;\n      margin: 10px 0;\n    }\n    .stat-label {\n      color: #6b7280;\n      font-size: 14px;\n    }\n    .achievement-banner {\n      background: linear-gradient(135deg, #10b981 0%, #059669 100%);\n      color: white;\n      padding: 20px;\n      border-radius: 8px;\n      text-align: center;\n      margin: 20px 0;\n    }\n    .timeline {\n      margin: 30px 0;\n    }\n    .timeline-item {\n      display: flex;\n      margin-bottom: 20px;\n      align-items: flex-start;\n    }\n    .timeline-marker {\n      width: 40px;\n      height: 40px;\n      background-color: #10b981;\n      color: white;\n      border-radius: 50%;\n      display: flex;\n      align-items: center;\n      justify-content: center;\n      flex-shrink: 0;\n      margin-right: 15px;\n    }\n    .timeline-content {\n      flex-grow: 1;\n    }\n    .pricing-highlight {\n      background-color: #fff3cd;\n      border: 1px solid #ffeaa7;\n      padding: 20px;\n      border-radius: 8px;\n      margin: 20px 0;\n      text-align: center;\n    }\n    .cta {\n      background-color: #10b981;\n      color: white;\n      padding: 12px 24px;\n      border-radius: 5px;\n      display: inline-block;\n      text-decoration: none;\n      font-weight: bold;\n      margin: 20px 0;\n    }\n    .cta-secondary {\n      background-color: #2563eb;\n      color: white;\n      padding: 12px 24px;\n      border-radius: 5px;\n      display: inline-block;\n      text-decoration: none;\n      font-weight: bold;\n      margin: 20px 0;\n    }\n    .footer {\n      margin-top: 40px;\n      font-size: 14px;\n      color: #6b7280;\n      border-top: 1px solid #e5e7eb;\n      padding-top: 20px;\n      text-align: center;\n    }\n    @media (max-width: 600px) {\n      .stats-grid {\n        grid-template-columns: 1fr;\n      }\n    }\n  </style>\n</head>\n<body>\n  <div class=\"container\">\n    <div class=\"logo\">\n      <img src=\"https://rsolv.dev/images/rsolv_logo_transparent.png\" alt=\"RSOLV Logo\">\n    </div>\n    \n    <h1>Your 2-Week RSOLV Success Report 🎉</h1>\n    \n    <p>Hi {@first_name},</p>\n    \n    <p>Congratulations! You've been using RSOLV for two weeks. Here's a snapshot of what we've accomplished together:</p>\n    \n    <div class=\"stats-grid\">\n      <div class=\"stat-card\">\n        <div class=\"stat-label\">Issues Fixed</div>\n        <div class=\"stat-number\">{Map.get(@usage_stats || %{}, :issues_fixed, 0)}</div>\n      </div>\n      <div class=\"stat-card\">\n        <div class=\"stat-label\">PRs Created</div>\n        <div class=\"stat-number\">{Map.get(@usage_stats || %{}, :prs_created, 0)}</div>\n      </div>\n      <div class=\"stat-card\">\n        <div class=\"stat-label\">Time Saved</div>\n        <div class=\"stat-number\">{Map.get(@usage_stats || %{}, :time_saved, \"0 hrs\")}</div>\n      </div>\n      <div class=\"stat-card\">\n        <div class=\"stat-label\">Security Issues Found</div>\n        <div class=\"stat-number\">{Map.ge" <> ..., text_body: "Your 2-Week RSOLV Success Report\n\nHi Usertag,\n\nCongratulations! You've been using RSOLV for two weeks. Here's what we've accomplished together:\n\nYour Stats:\n- Issues Fixed: Check your dashboard\n- PRs Created: Check your dashboard\n- Time Saved: Check your dashboard\n- Security Issues Found: Check your dashboard\n\nYour Trial Status:\nCheck how many free fixes you have remaining at: https://rsolv.dev/dashboard\n\nWhat's Next?\n- Expand to more repositories\n- Automate security audits\n- Clean up tech debt\n- Train your team\n\nNeed Help Scaling Up?\nI'd love to help you get even more value from RSOLV:\n- Schedule a 15-minute optimization call\n- Get best practices for your specific tech stack\n- Learn about volume discounts for teams\n\nJust reply to this email and let me know how I can help!\n\nThanks for being part of the RSOLV community.\n\nBest regards,\nDylan Fitzgerald\nFounder, RSOLV\n\nP.S. If RSOLV has been valuable to your team, I'd be grateful if you could share a quick testimonial.\n\n---\nTo unsubscribe, visit: https://rsolv.dev/unsubscribe?email=user+tag@example.com\n", headers: %{"X-Postmark-Tag" => "success-checkin"}, attachments: [], assigns: %{}, private: %{tag: "success-checkin"}, blocked: false}

13:17:02.568 request_id=GGBS6q2fhmFTcVgAADqB [info] [EMAIL DEBUG] Raw Postmark response
13:17:02.568 request_id=GGBS6q2fhmFTcVgAADqB [info] [EMAIL] Email sent successfully via Postmark
13:17:02.568 request_id=GGBS6q2fhmFTcVgAADqB [info] Successfully sent scheduled email
13:17:02.568 request_id=GGBS6q2fhmFTcVgAADqB [info] [EmailWorker] Insert result
13:17:02.568 request_id=GGBS6q2fhmFTcVgAADqB [info] [EmailWorker] Schedule result
13:17:02.568 request_id=GGBS6q2fhmFTcVgAADqB [info] [PAGE CONTROLLER] EmailSequence.start_early_access_onboarding_sequence returned
13:17:02.569 request_id=GGBS6q2fhmFTcVgAADqB [debug] Sending email with Bamboo.TestAdapter:

%Bamboo.Email{from: {"RSOLV Team", "support@rsolv.dev"}, to: [nil: "admin@rsolv.dev"], cc: [], bcc: [], subject: "🎉 New RSOLV Signup: user+tag@example.com", html_body: "<!DOCTYPE html>\n<html>\n<head>\n  <meta charset=\"utf-8\">\n  <style>\n    body { font-family: -apple-system, BlinkMacSystemFont, 'Segoe UI', Roboto, sans-serif; line-height: 1.6; color: #333; }\n    .container { max-width: 600px; margin: 0 auto; padding: 20px; }\n    .header { background: #10b981; color: white; padding: 20px; border-radius: 8px 8px 0 0; }\n    .content { background: #f9fafb; padding: 20px; border: 1px solid #e5e7eb; border-radius: 0 0 8px 8px; }\n    .metric { display: inline-block; margin: 10px 20px 10px 0; }\n    .metric-label { font-size: 12px; color: #6b7280; text-transform: uppercase; }\n    .metric-value { font-size: 18px; font-weight: bold; color: #111827; }\n    .details { background: white; padding: 15px; border-radius: 4px; margin: 15px 0; }\n    .detail-row { display: flex; justify-content: space-between; padding: 8px 0; border-bottom: 1px solid #f3f4f6; }\n    .detail-row:last-child { border-bottom: none; }\n    .detail-label { font-weight: 500; color: #6b7280; }\n    .detail-value { color: #111827; }\n    .utm-badge { display: inline-block; background: #dbeafe; color: #1e40af; padding: 2px 8px; border-radius: 4px; font-size: 12px; margin-left: 4px; }\n  </style>\n</head>\n<body>\n  <div class=\"container\">\n    <div class=\"header\">\n      <h1 style=\"margin: 0; font-size: 24px;\">🎉 New RSOLV Signup!</h1>\n      <p style=\"margin: 5px 0 0 0; opacity: 0.9;\">August 29, 2025 at 07:17 PM UTC</p>\n    </div>\n    \n    <div class=\"content\">\n      <div class=\"metric\">\n        <div class=\"metric-label\">Email</div>\n        <div class=\"metric-value\">user+tag@example.com</div>\n      </div>\n      \n      \n      \n      <div class=\"details\">\n        <h3 style=\"margin-top: 0;\">Signup Details</h3>\n        \n        <div class=\"detail-row\">\n          <span class=\"detail-label\">Source</span>\n          <span class=\"detail-value\">\n            landing_page\n            \n          </span>\n        </div>\n        \n        \n        \n        \n        \n        \n      </div>\n      \n      <div style=\"margin-top: 20px; text-align: center;\">\n        <a href=\"https://rsolv.dev/live/dashboard\" style=\"display: inline-block; background: #10b981; color: white; padding: 10px 20px; text-decoration: none; border-radius: 4px;\">\n          View Dashboard\n        </a>\n      </div>\n    </div>\n  </div>\n</body>\n</html>\n", text_body: "🎉 New RSOLV Signup!\n\nEmail: user+tag@example.com\n\nTime: August 29, 2025 at 07:17 PM UTC\n\nSource Details:\n- Source: landing_page\n\n\n\n\n\nView full dashboard: https://rsolv.dev/live/dashboard\n", headers: %{"Message-ID" => "<1756495022.55013@rsolv.dev>", "X-Postmark-Tag" => "admin-notification", "X-Priority" => "1"}, attachments: [], assigns: %{}, private: %{tag: "admin-notification"}, blocked: false}

13:17:02.569 request_id=GGBS6q2fhmFTcVgAADqB [info] Admin notification sent for new signup
13:17:02.569 request_id=GGBS6q2fhmFTcVgAADqB [info] Sent 302 in 5ms
13:17:02.569 request_id=GGBS6q35rxRTcVgAACsC [info] POST /early-access
13:17:02.569 request_id=GGBS6q35rxRTcVgAACsC [debug] Processing with RsolvWeb.PageController.submit_early_access/2
  Parameters: %{"email" => "user+support+tickets@example.com"}
  Pipelines: [:browser]
13:17:02.569 request_id=GGBS6q35rxRTcVgAACsC [debug] QUERY OK source="fun_with_flags_toggles" db=0.0ms
SELECT f0."id", f0."flag_name", f0."gate_type", f0."target", f0."enabled" FROM "fun_with_flags_toggles" AS f0 WHERE (f0."flag_name" = $1) ["early_access_signup"]
13:17:02.569 request_id=GGBS6q35rxRTcVgAACsC [debug] Telemetry event: [:fun_with_flags, :persistence, :read], metadata: %{flag_name: :early_access_signup, gate: nil}, measurements: %{system_time: 1756495022569281284}
13:17:02.569 request_id=GGBS6q35rxRTcVgAACsC [debug] Extracted UTM parameters: %{}
13:17:02.569 request_id=GGBS6q35rxRTcVgAACsC [info] Analytics event tracked
13:17:02.569 request_id=GGBS6q35rxRTcVgAACsC [debug] QUERY OK db=0.0ms
SELECT create_analytics_partition_if_not_exists($1::date) [~D[2025-08-29]]
13:17:02.569 request_id=GGBS6q35rxRTcVgAACsC [debug] QUERY OK source="analytics_events" db=0.0ms
INSERT INTO "analytics_events" ("metadata","event_type","visitor_id","page_path","inserted_at","updated_at") VALUES ($1,$2,$3,$4,$5,$6) RETURNING "id" [%{status: "submit", os: "unknown", form_id: "early-access", browser: "unknown", utm_source_platform: nil, utm_source_campaign: nil, utm_source_content: nil, device_type: "unknown"}, "form_submit", "819cfc049a5abaf1afa1290cf56309f8", "/early-access", ~N[2025-08-29 19:17:02], ~N[2025-08-29 19:17:02]]
13:17:02.569 request_id=GGBS6q35rxRTcVgAACsC [info] Form submission received
13:17:02.569 request_id=GGBS6q35rxRTcVgAACsC [info] Valid email received for processing: user+support+tickets@example.com, validation passed
13:17:02.569 request_id=GGBS6q35rxRTcVgAACsC [debug] Extracted UTM parameters: %{}
13:17:02.569 request_id=GGBS6q35rxRTcVgAACsC [debug] QUERY OK source="early_access_signups" db=0.1ms
INSERT INTO "early_access_signups" ("name","email","referral_source","inserted_at") VALUES ($1,$2,$3,$4) RETURNING "id" ["Usersupporttickets", "user+support+tickets@example.com", "landing_page", ~N[2025-08-29 19:17:02]]
13:17:02.569 request_id=GGBS6q35rxRTcVgAACsC [debug] QUERY OK source="early_access_signups" db=0.0ms
SELECT count(e0."id") FROM "early_access_signups" AS e0 []
13:17:02.569 request_id=GGBS6q35rxRTcVgAACsC [info] Successfully saved signup to database
13:17:02.569 request_id=GGBS6q35rxRTcVgAACsC [info] ConvertKit API key present: true
13:17:02.570 request_id=GGBS6q35rxRTcVgAACsC [info] ConvertKit API request successful
13:17:02.570 request_id=GGBS6q35rxRTcVgAACsC [info] ConvertKit: Successfully added subscriber
13:17:02.570 request_id=GGBS6q35rxRTcVgAACsC [info] Analytics event tracked
13:17:02.570 request_id=GGBS6q35rxRTcVgAACsC [debug] QUERY OK db=0.0ms
SELECT create_analytics_partition_if_not_exists($1::date) [~D[2025-08-29]]
13:17:02.570 request_id=GGBS6q35rxRTcVgAACsC [debug] QUERY OK source="analytics_events" db=0.0ms
INSERT INTO "analytics_events" ("metadata","event_type","visitor_id","page_path","inserted_at","updated_at") VALUES ($1,$2,$3,$4,$5,$6) RETURNING "id" [%{status: "success", os: "unknown", source: "landing_page", form_id: "early-access", browser: "unknown", utm_source_platform: nil, utm_source_campaign: nil, utm_source_content: nil, device_type: "unknown", conversion_type: "early_access_signup", email_domain: "example.com"}, "form_success", "819cfc049a5abaf1afa1290cf56309f8", "/early-access", ~N[2025-08-29 19:17:02], ~N[2025-08-29 19:17:02]]
13:17:02.570 request_id=GGBS6q35rxRTcVgAACsC [info] Analytics event tracked
13:17:02.570 request_id=GGBS6q35rxRTcVgAACsC [debug] QUERY OK db=0.0ms
SELECT create_analytics_partition_if_not_exists($1::date) [~D[2025-08-29]]
13:17:02.570 request_id=GGBS6q35rxRTcVgAACsC [debug] QUERY OK source="analytics_events" db=0.1ms
INSERT INTO "analytics_events" ("metadata","event_type","visitor_id","page_path","inserted_at","updated_at") VALUES ($1,$2,$3,$4,$5,$6) RETURNING "id" [%{os: "unknown", source: "landing_page", form_id: "early-access", browser: "unknown", utm_source_platform: nil, utm_source_campaign: nil, utm_source_content: nil, device_type: "unknown", conversion_type: "early_access_signup", email_domain: "example.com"}, "conversion", "819cfc049a5abaf1afa1290cf56309f8", "/early-access", ~N[2025-08-29 19:17:02], ~N[2025-08-29 19:17:02]]
13:17:02.570 request_id=GGBS6q35rxRTcVgAACsC [debug] QUERY OK source="fun_with_flags_toggles" db=0.0ms
SELECT f0."id", f0."flag_name", f0."gate_type", f0."target", f0."enabled" FROM "fun_with_flags_toggles" AS f0 WHERE (f0."flag_name" = $1) ["welcome_email_sequence"]
13:17:02.570 request_id=GGBS6q35rxRTcVgAACsC [debug] Telemetry event: [:fun_with_flags, :persistence, :read], metadata: %{flag_name: :welcome_email_sequence, gate: nil}, measurements: %{system_time: 1756495022570743704}
13:17:02.570 request_id=GGBS6q35rxRTcVgAACsC [info] [PAGE CONTROLLER] Welcome email sequence is ENABLED, starting sequence
13:17:02.570 request_id=GGBS6q35rxRTcVgAACsC [info] [PAGE CONTROLLER] About to call EmailSequence.start_early_access_onboarding_sequence
13:17:02.570 request_id=GGBS6q35rxRTcVgAACsC [info] [EMAIL SEQUENCE] Starting early access onboarding sequence
13:17:02.570 request_id=GGBS6q35rxRTcVgAACsC [info] [EMAIL SEQUENCE] About to call EmailService.send_early_access_welcome_email
13:17:02.570 request_id=GGBS6q35rxRTcVgAACsC [info] [EMAIL] send_early_access_welcome_email called
13:17:02.570 request_id=GGBS6q35rxRTcVgAACsC [info] [EMAIL DEBUG] Full email struct before sending
13:17:02.570 request_id=GGBS6q35rxRTcVgAACsC [info] [EMAIL DEBUG] Extracted recipient email
13:17:02.570 request_id=GGBS6q35rxRTcVgAACsC [info] [EMAIL DEBUG] Postmark configuration
13:17:02.570 request_id=GGBS6q35rxRTcVgAACsC [info] [EMAIL DEBUG] Email configuration
13:17:02.570 request_id=GGBS6q35rxRTcVgAACsC [info] [EMAIL] Attempting to send email via Postmark
13:17:02.571 request_id=GGBS6q35rxRTcVgAACsC [debug] Sending email with Bamboo.TestAdapter:

%Bamboo.Email{from: {"RSOLV Team", "support@rsolv.dev"}, to: [nil: "user+support+tickets@example.com"], cc: [], bcc: [], subject: "Welcome to RSOLV Early Access Program", html_body: "<div style=\"font-family: 'Helvetica Neue', Helvetica, Arial, sans-serif; max-width: 600px; margin: 0 auto; padding: 20px;\">\n  <h1 style=\"color: #2C3E50; margin-bottom: 20px;\">Welcome to RSOLV Early Access Program!</h1>\n\n  <p>Hi Usersupporttickets,</p>\n\n  <p>Thank you for joining our Early Access Program! You're now part of an exclusive group getting first access to RSOLV.</p>\n\n  <p>Here's what you need to know:</p>\n\n  <ul>\n    <li>You have full access to all current features</li>\n    <li>Your feedback is incredibly valuable to us during this phase</li>\n    <li>You'll receive priority support via email</li>\n  </ul>\n\n  <p>To get started with RSOLV:</p>\n\n  <ol>\n    <li><strong>Your API key will be sent in a follow-up email within 24 hours</strong></li>\n    <li>Once you receive your API key, install our GitHub Action (code below)</li>\n    <li>Set up your repository secrets with your API key</li>\n    <li>Tag your first issues with \"rsolv:automate\"</li>\n  </ol>\n\n  <div style=\"background-color: #fff3cd; border: 1px solid #ffeaa7; color: #856404; padding: 10px; border-radius: 5px; margin: 15px 0;\">\n    <strong>⏳ API Key Coming Soon:</strong> We'll send your personal API key within 24 hours. Look for an email with subject \"Your RSOLV API Key\".\n  </div>\n\n  <div style=\"background-color: #f8f9fa; padding: 15px; border-radius: 5px; margin: 20px 0;\">\n    <pre style=\"margin: 0; overflow-x: auto; white-space: pre-wrap; font-family: monospace;\">name: RSOLV AutoFix\non:\n  issues:\n    types: [opened, edited, labeled]\n\njobs:\n  autofix:\n    runs-on: ubuntu-latest\n    if: contains(github.event.issue.labels.*.name, 'rsolv:automate')\n    steps:\n      - uses: RSOLV-dev/rsolv-action@v1\n        with:\n          github-token: ${{ secrets.GITHUB_TOKEN }}\n          rsolv-api-key: ${{ secrets.RSOLV_API_KEY }}</pre>\n  </div>\n\n  <p>Need help? As an Early Access member, you have priority support - contact us at <a href=\"mailto:support@rsolv.dev\">support@rsolv.dev</a> and we'll personally assist you.</p>\n\n  <p>Your trial includes unlimited automated fixes during the Early Access period.</p>\n\n  <div style=\"margin-top: 30px; padding: 15px; border: 1px solid #e0e0e0; border-radius: 5px; background-color: #f9f9f9;\">\n    <h3 style=\"margin-top: 0; color: #2C3E50;\">Early Access Program Benefits</h3>\n    <ul>\n      <li>Unlimited usage during Early Access</li>\n      <li>Priority support and feature requests</li>\n      <li>Exclusive pricing when we launch</li>\n      <li>Direct access to our development team</li>\n    </ul>\n  </div>\n\n  <p>Best,<br>The RSOLV Team</p>\n\n  <div class=\"footer\" style=\"margin-top: 40px; padding-top: 20px; border-top: 1px solid #e0e0e0; font-size: 0.9em; color: #666;\">\n    <p>\n      You're receiving this email because you joined the RSOLV Early Access Program.\n      <br>\n      If you have any questions, simply reply to this email.\n    </p>\n    <p>\n      RSOLV, Inc. • support@rsolv.dev • © 2025\n    </p>\n    <p>\n      <a href=\"https://rsolv.dev/unsubscribe?email=user+support+tickets@example.com\">Unsubscribe</a> from these emails.\n    </p>\n  </div>\n</div>\n", text_body: "Welcome to RSOLV Early Access Program!\n\nHi Usersupporttickets,\n\nThank you for joining our Early Access Program! You're now part of an exclusive group getting first access to RSOLV.\n\nHere's what you need to know:\n- You have full access to all current features\n- Your feedback is incredibly valuable to us during this phase\n- You'll receive priority support via email\n\nTo get started with RSOLV:\n1. Your API key will be sent in a follow-up email within 24 hours\n2. Once you receive your API key, install our GitHub Action\n3. Set up your repository secrets with your API key\n4. Tag your first issues with \"AUTOFIX\"\n\n⏳ API KEY COMING SOON: We'll send your personal API key within 24 hours. Look for an email with subject \"Your RSOLV API Key\".\n\nNeed help? As an Early Access member, you have priority support - contact us at support@rsolv.dev and we'll personally assist you.\n\nYour trial includes unlimited automated fixes during the Early Access period.\n\nEARLY ACCESS PROGRAM BENEFITS:\n* Unlimited usage during Early Access\n* Priority support and feature requests\n* Exclusive pricing when we launch\n* Direct access to our development team\n\nBest,\nThe RSOLV Team\n\n---\nYou're receiving this email because you joined the RSOLV Early Access Program.\nIf you have any questions, simply reply to this email.\n\nRSOLV, Inc. • support@rsolv.dev\n\nTo unsubscribe, visit: https://rsolv.dev/unsubscribe?email=user+support+tickets@example.com\n", headers: %{"X-Postmark-Tag" => "early-access"}, attachments: [], assigns: %{}, private: %{tag: "early-access"}, blocked: false}

13:17:02.571 request_id=GGBS6q35rxRTcVgAACsC [info] [EMAIL DEBUG] Raw Postmark response
13:17:02.571 request_id=GGBS6q35rxRTcVgAACsC [info] [EMAIL] Email sent successfully via Postmark
13:17:02.571 request_id=GGBS6q35rxRTcVgAACsC [info] [EMAIL SEQUENCE] EmailService.send_early_access_welcome_email returned
13:17:02.571 request_id=GGBS6q35rxRTcVgAACsC [info] Attempting to tag subscriber
13:17:02.571 request_id=GGBS6q35rxRTcVgAACsC [info] ConvertKit: Attempting to tag user+support+tickets@example.com with tag test_tag_id
13:17:02.571 request_id=GGBS6q35rxRTcVgAACsC [info] ConvertKit: Successfully tagged user+support+tickets@example.com
13:17:02.571 request_id=GGBS6q35rxRTcVgAACsC [info] [EmailWorker] schedule_sequence called
13:17:02.571 request_id=GGBS6q35rxRTcVgAACsC [info] [EmailWorker] Found sequence
13:17:02.571 request_id=GGBS6q35rxRTcVgAACsC [info] [EmailWorker] Processing email config
13:17:02.571 request_id=GGBS6q35rxRTcVgAACsC [info] [EmailWorker] Skipping immediate email
13:17:02.571 request_id=GGBS6q35rxRTcVgAACsC [info] [EmailWorker] Processing email config
13:17:02.571 request_id=GGBS6q35rxRTcVgAACsC [info] [EmailWorker] Scheduling email
13:17:02.571 request_id=GGBS6q35rxRTcVgAACsC [info] [EmailWorker] Creating Oban job
13:17:02.571 request_id=GGBS6q35rxRTcVgAACsC [info] [EmailWorker] Job created
13:17:02.571 request_id=GGBS6q35rxRTcVgAACsC [info] Processing scheduled email
13:17:02.571 request_id=GGBS6q35rxRTcVgAACsC [error] Failed to send scheduled email
13:17:02.571 request_id=GGBS6q35rxRTcVgAACsC [info] [EmailWorker] Insert result
13:17:02.571 request_id=GGBS6q35rxRTcVgAACsC [info] [EmailWorker] Schedule result
13:17:02.571 request_id=GGBS6q35rxRTcVgAACsC [info] [EmailWorker] Processing email config
13:17:02.571 request_id=GGBS6q35rxRTcVgAACsC [info] [EmailWorker] Scheduling email
13:17:02.571 request_id=GGBS6q35rxRTcVgAACsC [info] [EmailWorker] Creating Oban job
13:17:02.571 request_id=GGBS6q35rxRTcVgAACsC [info] [EmailWorker] Job created
13:17:02.571 request_id=GGBS6q35rxRTcVgAACsC [info] Processing scheduled email
13:17:02.572 request_id=GGBS6q35rxRTcVgAACsC [info] [EMAIL DEBUG] Full email struct before sending
13:17:02.572 request_id=GGBS6q35rxRTcVgAACsC [info] [EMAIL DEBUG] Extracted recipient email
13:17:02.572 request_id=GGBS6q35rxRTcVgAACsC [info] [EMAIL DEBUG] Postmark configuration
13:17:02.572 request_id=GGBS6q35rxRTcVgAACsC [info] [EMAIL DEBUG] Email configuration
13:17:02.572 request_id=GGBS6q35rxRTcVgAACsC [info] [EMAIL] Attempting to send email via Postmark
13:17:02.572 request_id=GGBS6q35rxRTcVgAACsC [debug] Sending email with Bamboo.TestAdapter:

%Bamboo.Email{from: {"RSOLV Team", "support@rsolv.dev"}, to: [nil: "user+support+tickets@example.com"], cc: [], bcc: [], subject: "Verify Your RSOLV Setup - Need Any Help?", html_body: "<!DOCTYPE html>\n<html lang=\"en\">\n<head>\n  <meta charset=\"UTF-8\">\n  <meta name=\"viewport\" content=\"width=device-width, initial-scale=1.0\">\n  <title>Verify Your RSOLV Setup</title>\n  <style>\n    @import url('https://fonts.googleapis.com/css2?family=Space+Grotesk:wght@300;400;500;700&display=swap');\n    \n    body {\n      font-family: 'Space Grotesk', -apple-system, BlinkMacSystemFont, \"Segoe UI\", Roboto, Helvetica, Arial, sans-serif;\n      line-height: 1.6;\n      color: #333;\n      max-width: 600px;\n      margin: 0 auto;\n      padding: 20px;\n      background-color: #f8f9fa;\n    }\n    .container {\n      background-color: #ffffff;\n      border-radius: 8px;\n      padding: 30px;\n      box-shadow: 0 4px 6px rgba(0, 0, 0, 0.05);\n    }\n    .logo {\n      text-align: center;\n      margin-bottom: 30px;\n    }\n    .logo img {\n      max-width: 200px;\n    }\n    h1, h2, h3 {\n      color: #10b981;\n    }\n    .checklist {\n      background-color: #f3f4f6;\n      padding: 20px;\n      border-radius: 8px;\n      margin: 20px 0;\n    }\n    .checklist-item {\n      display: flex;\n      align-items: center;\n      margin-bottom: 15px;\n    }\n    .checklist-item input[type=\"checkbox\"] {\n      margin-right: 10px;\n    }\n    .status-box {\n      background-color: #fff3cd;\n      border: 1px solid #ffeaa7;\n      padding: 15px;\n      border-radius: 8px;\n      margin: 20px 0;\n    }\n    .success-box {\n      background-color: #d4edda;\n      border: 1px solid #c3e6cb;\n      padding: 15px;\n      border-radius: 8px;\n      margin: 20px 0;\n    }\n    .code {\n      background-color: #2d3748;\n      color: #e2e8f0;\n      padding: 15px;\n      border-radius: 5px;\n      font-family: 'Courier New', monospace;\n      overflow-x: auto;\n      margin: 15px 0;\n    }\n    .cta {\n      background-color: #10b981;\n      color: white;\n      padding: 12px 24px;\n      border-radius: 5px;\n      display: inline-block;\n      text-decoration: none;\n      font-weight: bold;\n      margin: 20px 0;\n    }\n    .footer {\n      margin-top: 40px;\n      font-size: 14px;\n      color: #6b7280;\n      border-top: 1px solid #e5e7eb;\n      padding-top: 20px;\n      text-align: center;\n    }\n  </style>\n</head>\n<body>\n  <div class=\"container\">\n    <div class=\"logo\">\n      <img src=\"https://rsolv.dev/images/rsolv_logo_transparent.png\" alt=\"RSOLV Logo\">\n    </div>\n    \n    <h1>Let's Verify Your RSOLV Setup</h1>\n    \n    <p>Hi {@first_name},</p>\n    \n    <p>It's been a few days since you signed up for RSOLV. We want to make sure you're all set up and ready to benefit from automated security scanning and remediation!</p>\n    \n    <div class=\"checklist\">\n      <h3>Quick Setup Checklist:</h3>\n      <div class=\"checklist-item\">\n        <input type=\"checkbox\" disabled> Connected your repositories for security scanning\n      </div>\n      <div class=\"checklist-item\">\n        <input type=\"checkbox\" disabled> Added the GitHub Action workflow for automated fixes\n      </div>\n      <div class=\"checklist-item\">\n        <input type=\"checkbox\" disabled> Set up your RSOLV_API_KEY as a repository secret\n      </div>\n      <div class=\"checklist-item\">\n        <input type=\"checkbox\" disabled> Reviewed security issues found by RSOLV\n      </div>\n      <div class=\"checklist-item\">\n        <input type=\"checkbox\" disabled> Generated and merged your first security fix PR\n      </div>\n    </div>\n    \n    <h2>Need Help with Setup?</h2>\n    \n    <p>If you haven't completed setup yet, here's a quick reminder of the steps:</p>\n    \n    <div class=\"code\">\n# In .github/workflows/rsolv.yml:\nname: RSOLV Security Fixes\n\non:\n  issues:\n    types: [labeled]\n\njobs:\n  security-fix:\n    if: contains(github.event.issue.labels.*.name, 'rsolv:automate')\n    runs-on: ubuntu-latest\n    steps:\n      - uses: rsolv-dev/rsolv-action@v1\n        with:\n          github-token: ${\"{{ secrets.GITHUB_TOKEN }}\"}\n          rsolv-api-key: ${\"{{ secrets.RSOLV_API_KEY }}\"}\n    </div>\n    \n    <div class=\"status-box\">\n      <strong>🎁 Remember:</strong> Your first 10 fixes are completely free! No credit card required. After that, you only pay $15 per fix that gets deployed.\n   " <> ..., text_body: "Let's Verify Your RSOLV Setup\n\nHi Usersupporttickets,\n\nIt's been a few days since you signed up for RSOLV. We want to make sure you're all set up and ready to automate your issue resolution!\n\nQuick Setup Checklist:\n[ ] Added the GitHub Action workflow to your repository\n[ ] Set up your RSOLV_API_KEY as a repository secret\n[ ] Tagged your first issue with \"rsolv:automate\"\n[ ] Reviewed and merged your first automated PR\n\nNeed Help with Setup?\nIf you haven't completed setup yet, visit: https://rsolv.dev/docs/getting-started\n\nRemember: Your first 10 fixes are completely free! No credit card required. After that, you only pay $15 per fix that gets deployed.\n\nCommon Questions:\n- Where do I get my API key? Check your welcome email or visit your dashboard\n- Can I use RSOLV on private repos? Yes! RSOLV works with both public and private repositories\n- What types of issues can RSOLV fix? Bug fixes, security vulnerabilities, performance issues, and more\n- How secure is it? We analyze every fix for security vulnerabilities before creating PRs\n\nPro Tip: Start with a simple issue first - something like \"Fix typo in README\" or \"Update deprecated function calls\".\n\nReady to get started? Tag an issue with \"rsolv:automate\" and watch the magic happen!\n\nIf you're stuck or have questions, just reply to this email.\n\nBest regards,\nThe RSOLV Team\n\n---\nTo unsubscribe, visit: https://rsolv.dev/unsubscribe?email=user+support+tickets@example.com\n", headers: %{"X-Postmark-Tag" => "setup-verification"}, attachments: [], assigns: %{}, private: %{tag: "setup-verification"}, blocked: false}

13:17:02.572 request_id=GGBS6q35rxRTcVgAACsC [info] [EMAIL DEBUG] Raw Postmark response
13:17:02.572 request_id=GGBS6q35rxRTcVgAACsC [info] [EMAIL] Email sent successfully via Postmark
13:17:02.572 request_id=GGBS6q35rxRTcVgAACsC [info] Successfully sent scheduled email
13:17:02.572 request_id=GGBS6q35rxRTcVgAACsC [info] [EmailWorker] Insert result
13:17:02.572 request_id=GGBS6q35rxRTcVgAACsC [info] [EmailWorker] Schedule result
13:17:02.572 request_id=GGBS6q35rxRTcVgAACsC [info] [EmailWorker] Processing email config
13:17:02.572 request_id=GGBS6q35rxRTcVgAACsC [info] [EmailWorker] Scheduling email
13:17:02.572 request_id=GGBS6q35rxRTcVgAACsC [info] [EmailWorker] Creating Oban job
13:17:02.572 request_id=GGBS6q35rxRTcVgAACsC [info] [EmailWorker] Job created
13:17:02.572 request_id=GGBS6q35rxRTcVgAACsC [info] Processing scheduled email
13:17:02.572 request_id=GGBS6q35rxRTcVgAACsC [info] [EMAIL DEBUG] Full email struct before sending
13:17:02.572 request_id=GGBS6q35rxRTcVgAACsC [info] [EMAIL DEBUG] Extracted recipient email
13:17:02.572 request_id=GGBS6q35rxRTcVgAACsC [info] [EMAIL DEBUG] Postmark configuration
13:17:02.572 request_id=GGBS6q35rxRTcVgAACsC [info] [EMAIL DEBUG] Email configuration
13:17:02.572 request_id=GGBS6q35rxRTcVgAACsC [info] [EMAIL] Attempting to send email via Postmark
13:17:02.572 request_id=GGBS6q35rxRTcVgAACsC [debug] Sending email with Bamboo.TestAdapter:

%Bamboo.Email{from: {"RSOLV Team", "support@rsolv.dev"}, to: [nil: "user+support+tickets@example.com"], cc: [], bcc: [], subject: "Advanced RSOLV Features You Might Have Missed", html_body: "<!DOCTYPE html>\n<html lang=\"en\">\n<head>\n  <meta charset=\"UTF-8\">\n  <meta name=\"viewport\" content=\"width=device-width, initial-scale=1.0\">\n  <title>Advanced RSOLV Features</title>\n  <style>\n    @import url('https://fonts.googleapis.com/css2?family=Space+Grotesk:wght@300;400;500;700&display=swap');\n    \n    body {\n      font-family: 'Space Grotesk', -apple-system, BlinkMacSystemFont, \"Segoe UI\", Roboto, Helvetica, Arial, sans-serif;\n      line-height: 1.6;\n      color: #333;\n      max-width: 600px;\n      margin: 0 auto;\n      padding: 20px;\n      background-color: #f8f9fa;\n    }\n    .container {\n      background-color: #ffffff;\n      border-radius: 8px;\n      padding: 30px;\n      box-shadow: 0 4px 6px rgba(0, 0, 0, 0.05);\n    }\n    .logo {\n      text-align: center;\n      margin-bottom: 30px;\n    }\n    .logo img {\n      max-width: 200px;\n    }\n    h1, h2, h3 {\n      color: #10b981;\n    }\n    .feature-card {\n      background-color: #f3f4f6;\n      padding: 20px;\n      border-radius: 8px;\n      margin-bottom: 20px;\n      border-left: 4px solid #10b981;\n    }\n    .feature-card h3 {\n      margin-top: 0;\n    }\n    .code {\n      background-color: #2d3748;\n      color: #e2e8f0;\n      padding: 15px;\n      border-radius: 5px;\n      font-family: 'Courier New', monospace;\n      overflow-x: auto;\n      margin: 15px 0;\n      font-size: 14px;\n    }\n    .pro-tip {\n      background-color: #fff3cd;\n      border: 1px solid #ffeaa7;\n      padding: 15px;\n      border-radius: 8px;\n      margin: 20px 0;\n    }\n    .security-highlight {\n      background-color: #d4edda;\n      border: 1px solid #c3e6cb;\n      padding: 15px;\n      border-radius: 8px;\n      margin: 20px 0;\n    }\n    .cta {\n      background-color: #10b981;\n      color: white;\n      padding: 12px 24px;\n      border-radius: 5px;\n      display: inline-block;\n      text-decoration: none;\n      font-weight: bold;\n      margin: 20px 0;\n    }\n    .footer {\n      margin-top: 40px;\n      font-size: 14px;\n      color: #6b7280;\n      border-top: 1px solid #e5e7eb;\n      padding-top: 20px;\n      text-align: center;\n    }\n  </style>\n</head>\n<body>\n  <div class=\"container\">\n    <div class=\"logo\">\n      <img src=\"https://rsolv.dev/images/rsolv_logo_transparent.png\" alt=\"RSOLV Logo\">\n    </div>\n    \n    <h1>Unlock the Full Power of RSOLV</h1>\n    \n    <p>Hi {@first_name},</p>\n    \n    <p>You've been using RSOLV for a few days now. Here are some advanced features and techniques that can help you get even more value from automated security scanning and vulnerability remediation:</p>\n    \n    <div class=\"feature-card\">\n      <h3>🎯 Understanding RSOLV's Proactive Scanning</h3>\n      <p>RSOLV continuously scans your repositories for security vulnerabilities and automatically creates issues with detailed remediation plans:</p>\n      <ul>\n        <li><strong>Automated detection:</strong> Scans all files for 180+ vulnerability patterns (and growing)</li>\n        <li><strong>Smart grouping:</strong> Groups similar issues for efficient review</li>\n        <li><strong>Detailed reports:</strong> Shows exact file locations and vulnerable code</li>\n        <li><strong>Fix generation:</strong> Creates secure PRs that address root causes</li>\n      </ul>\n    </div>\n    \n    <div class=\"feature-card\">\n      <h3>🔒 Comprehensive Security Coverage</h3>\n      <p>RSOLV proactively detects and fixes these vulnerability types across your codebase:</p>\n      <ul>\n        <li>SQL/NoSQL injection vulnerabilities</li>\n        <li>Cross-site scripting (XSS) risks</li>\n        <li>Authentication/authorization flaws</li>\n        <li>Insecure cryptographic implementations</li>\n        <li>Hardcoded secrets and API keys</li>\n        <li>Path traversal and open redirects</li>\n        <li>Insecure dependencies and configurations</li>\n      </ul>\n      <p>Each PR includes a detailed security impact assessment and verification tests.</p>\n    </div>\n    \n    <div class=\"security-highlight\">\n      <strong>🛡️ Security Example:</strong> When RSOLV detects unsafe user input handling, it automatically generates fixes with proper sanitization, p" <> ..., text_body: "Unlock the Full Power of RSOLV\n\nHi Usersupporttickets,\n\nYou've been using RSOLV for a few days now. Here are some advanced features and techniques:\n\n1. Writing Better Issues for Better Fixes:\n   - Include error messages: Copy the full stack trace\n   - Specify the file/function: \"Fix pagination in UserList.js\"\n   - Describe expected behavior: \"Should show 10 users per page\"\n   - Add context: \"This broke after upgrading to React 18\"\n\n2. Security-First Fixes:\n   RSOLV automatically scans for:\n   - SQL injection vulnerabilities\n   - Cross-site scripting (XSS) risks\n   - Authentication/authorization issues\n   - Insecure dependencies\n   - Hardcoded secrets or API keys\n\n3. Batch Processing:\n   Tag multiple issues with \"rsolv:automate\" and RSOLV creates separate PRs for each.\n\n4. Customizing RSOLV Behavior:\n   Add these tags to your issues:\n   - [performance] - Optimize for speed\n   - [security] - Extra security focus\n   - [minimal] - Smallest possible change\n   - [refactor] - Clean up while fixing\n\nComing Soon:\n- Support for more languages (Go, Rust, PHP)\n- Custom fix preferences per repository\n- Team collaboration features\n- Integration with more platforms\n\nHave a feature request? Just reply to this email!\n\nView advanced documentation: https://rsolv.dev/docs/advanced\n\nBest regards,\nThe RSOLV Team\n\n---\nTo unsubscribe, visit: https://rsolv.dev/unsubscribe?email=user+support+tickets@example.com\n", headers: %{"X-Postmark-Tag" => "feature-deep-dive"}, attachments: [], assigns: %{}, private: %{tag: "feature-deep-dive"}, blocked: false}

13:17:02.572 request_id=GGBS6q35rxRTcVgAACsC [info] [EMAIL DEBUG] Raw Postmark response
13:17:02.572 request_id=GGBS6q35rxRTcVgAACsC [info] [EMAIL] Email sent successfully via Postmark
13:17:02.572 request_id=GGBS6q35rxRTcVgAACsC [info] Successfully sent scheduled email
13:17:02.573 request_id=GGBS6q35rxRTcVgAACsC [info] [EmailWorker] Insert result
13:17:02.573 request_id=GGBS6q35rxRTcVgAACsC [info] [EmailWorker] Schedule result
13:17:02.573 request_id=GGBS6q35rxRTcVgAACsC [info] [EmailWorker] Processing email config
13:17:02.573 request_id=GGBS6q35rxRTcVgAACsC [info] [EmailWorker] Scheduling email
13:17:02.573 request_id=GGBS6q35rxRTcVgAACsC [info] [EmailWorker] Creating Oban job
13:17:02.573 request_id=GGBS6q35rxRTcVgAACsC [info] [EmailWorker] Job created
13:17:02.573 request_id=GGBS6q35rxRTcVgAACsC [info] Processing scheduled email
13:17:02.573 request_id=GGBS6q35rxRTcVgAACsC [info] [EMAIL DEBUG] Full email struct before sending
13:17:02.573 request_id=GGBS6q35rxRTcVgAACsC [info] [EMAIL DEBUG] Extracted recipient email
13:17:02.573 request_id=GGBS6q35rxRTcVgAACsC [info] [EMAIL DEBUG] Postmark configuration
13:17:02.573 request_id=GGBS6q35rxRTcVgAACsC [info] [EMAIL DEBUG] Email configuration
13:17:02.573 request_id=GGBS6q35rxRTcVgAACsC [info] [EMAIL] Attempting to send email via Postmark
13:17:02.573 request_id=GGBS6q35rxRTcVgAACsC [debug] Sending email with Bamboo.TestAdapter:

%Bamboo.Email{from: {"RSOLV Team", "support@rsolv.dev"}, to: [nil: "user+support+tickets@example.com"], cc: [], bcc: [], subject: "How's Your Experience with RSOLV?", html_body: "<!DOCTYPE html>\n<html lang=\"en\">\n<head>\n  <meta charset=\"UTF-8\">\n  <meta name=\"viewport\" content=\"width=device-width, initial-scale=1.0\">\n  <title>How's Your RSOLV Experience?</title>\n  <style>\n    @import url('https://fonts.googleapis.com/css2?family=Space+Grotesk:wght@300;400;500;700&display=swap');\n    \n    body {\n      font-family: 'Space Grotesk', -apple-system, BlinkMacSystemFont, \"Segoe UI\", Roboto, Helvetica, Arial, sans-serif;\n      line-height: 1.6;\n      color: #333;\n      max-width: 600px;\n      margin: 0 auto;\n      padding: 20px;\n      background-color: #f8f9fa;\n    }\n    .container {\n      background-color: #ffffff;\n      border-radius: 8px;\n      padding: 30px;\n      box-shadow: 0 4px 6px rgba(0, 0, 0, 0.05);\n    }\n    .logo {\n      text-align: center;\n      margin-bottom: 30px;\n    }\n    .logo img {\n      max-width: 200px;\n    }\n    h1, h2, h3 {\n      color: #10b981;\n    }\n    .survey-card {\n      background-color: #f3f4f6;\n      padding: 20px;\n      border-radius: 8px;\n      margin: 20px 0;\n      text-align: center;\n    }\n    .rating-container {\n      display: flex;\n      justify-content: center;\n      gap: 10px;\n      margin: 20px 0;\n    }\n    .rating-box {\n      width: 40px;\n      height: 40px;\n      border: 2px solid #10b981;\n      border-radius: 8px;\n      display: flex;\n      align-items: center;\n      justify-content: center;\n      text-decoration: none;\n      color: #10b981;\n      font-weight: bold;\n      transition: all 0.3s ease;\n    }\n    .rating-box:hover {\n      background-color: #10b981;\n      color: white;\n    }\n    .question-box {\n      background-color: #f9fafb;\n      padding: 20px;\n      border-radius: 8px;\n      margin: 20px 0;\n      border-left: 4px solid #10b981;\n    }\n    .success-story {\n      background-color: #d4edda;\n      border: 1px solid #c3e6cb;\n      padding: 15px;\n      border-radius: 8px;\n      margin: 20px 0;\n    }\n    .cta {\n      background-color: #10b981;\n      color: white;\n      padding: 12px 24px;\n      border-radius: 5px;\n      display: inline-block;\n      text-decoration: none;\n      font-weight: bold;\n      margin: 20px 0;\n    }\n    .cta-secondary {\n      background-color: #6b7280;\n      color: white;\n      padding: 12px 24px;\n      border-radius: 5px;\n      display: inline-block;\n      text-decoration: none;\n      font-weight: bold;\n      margin: 20px 0;\n    }\n    .footer {\n      margin-top: 40px;\n      font-size: 14px;\n      color: #6b7280;\n      border-top: 1px solid #e5e7eb;\n      padding-top: 20px;\n      text-align: center;\n    }\n  </style>\n</head>\n<body>\n  <div class=\"container\">\n    <div class=\"logo\">\n      <img src=\"https://rsolv.dev/images/rsolv_logo_transparent.png\" alt=\"RSOLV Logo\">\n    </div>\n    \n    <h1>Quick Check-In: How's RSOLV Working for You?</h1>\n    \n    <p>Hi {@first_name},</p>\n    \n    <p>You've been using RSOLV for a week now, and we'd love to hear about your experience! Your feedback helps us make RSOLV better for everyone.</p>\n    \n    <div class=\"survey-card\">\n      <h3>How likely are you to recommend RSOLV to a colleague?</h3>\n      <p>Click a number below:</p>\n      <div class=\"rating-container\">\n        <a href=\"https://rsolv.dev/feedback?rating=1&email={@email}\" class=\"rating-box\">1</a>\n        <a href=\"https://rsolv.dev/feedback?rating=2&email={@email}\" class=\"rating-box\">2</a>\n        <a href=\"https://rsolv.dev/feedback?rating=3&email={@email}\" class=\"rating-box\">3</a>\n        <a href=\"https://rsolv.dev/feedback?rating=4&email={@email}\" class=\"rating-box\">4</a>\n        <a href=\"https://rsolv.dev/feedback?rating=5&email={@email}\" class=\"rating-box\">5</a>\n        <a href=\"https://rsolv.dev/feedback?rating=6&email={@email}\" class=\"rating-box\">6</a>\n        <a href=\"https://rsolv.dev/feedback?rating=7&email={@email}\" class=\"rating-box\">7</a>\n        <a href=\"https://rsolv.dev/feedback?rating=8&email={@email}\" class=\"rating-box\">8</a>\n        <a href=\"https://rsolv.dev/feedback?rating=9&email={@email}\" class=\"rating-box\">9</a>\n        <a href=\"https://rsolv.dev/feedback?rating=10&email={@email}\" class=\"rating-box\">10</a>\n      </div>\n" <> ..., text_body: "Quick Check-In: How's RSOLV Working for You?\n\nHi Usersupporttickets,\n\nYou've been using RSOLV for a week now, and we'd love to hear about your experience!\n\nHow likely are you to recommend RSOLV to a colleague?\nRate us from 1-10: https://rsolv.dev/feedback?email=user+support+tickets@example.com\n\nThree Quick Questions:\n1. What's been your favorite RSOLV fix so far?\n2. What feature would you like to see next?\n3. Any challenges or friction points?\n\nJust hit reply and share your thoughts - we read every response!\n\nDid You Know?\nHere are some ways other teams are using RSOLV:\n- Security audits: Tag all security-related issues for automated fixes\n- Tech debt cleanup: Fix deprecated function calls across the codebase\n- Onboarding tool: Let new devs see how fixes should be implemented\n- Weekend warrior: Queue up fixes on Friday, review on Monday\n\nThanks for being an early adopter!\n\nBest regards,\nDylan & The RSOLV Team\n\nP.S. If RSOLV has saved you time this week, we'd love to hear about it!\n\n---\nTo unsubscribe, visit: https://rsolv.dev/unsubscribe?email=user+support+tickets@example.com\n", headers: %{"X-Postmark-Tag" => "feedback-request"}, attachments: [], assigns: %{}, private: %{tag: "feedback-request"}, blocked: false}

13:17:02.573 request_id=GGBS6q35rxRTcVgAACsC [info] [EMAIL DEBUG] Raw Postmark response
13:17:02.573 request_id=GGBS6q35rxRTcVgAACsC [info] [EMAIL] Email sent successfully via Postmark
13:17:02.573 request_id=GGBS6q35rxRTcVgAACsC [info] Successfully sent scheduled email
13:17:02.573 request_id=GGBS6q35rxRTcVgAACsC [info] [EmailWorker] Insert result
13:17:02.573 request_id=GGBS6q35rxRTcVgAACsC [info] [EmailWorker] Schedule result
13:17:02.573 request_id=GGBS6q35rxRTcVgAACsC [info] [EmailWorker] Processing email config
13:17:02.573 request_id=GGBS6q35rxRTcVgAACsC [info] [EmailWorker] Scheduling email
13:17:02.573 request_id=GGBS6q35rxRTcVgAACsC [info] [EmailWorker] Creating Oban job
13:17:02.573 request_id=GGBS6q35rxRTcVgAACsC [info] [EmailWorker] Job created
13:17:02.573 request_id=GGBS6q35rxRTcVgAACsC [info] Processing scheduled email
13:17:02.573 request_id=GGBS6q35rxRTcVgAACsC [info] [EMAIL DEBUG] Full email struct before sending
13:17:02.573 request_id=GGBS6q35rxRTcVgAACsC [info] [EMAIL DEBUG] Extracted recipient email
13:17:02.573 request_id=GGBS6q35rxRTcVgAACsC [info] [EMAIL DEBUG] Postmark configuration
13:17:02.574 request_id=GGBS6q35rxRTcVgAACsC [info] [EMAIL DEBUG] Email configuration
13:17:02.574 request_id=GGBS6q35rxRTcVgAACsC [info] [EMAIL] Attempting to send email via Postmark
13:17:02.574 request_id=GGBS6q35rxRTcVgAACsC [debug] Sending email with Bamboo.TestAdapter:

%Bamboo.Email{from: {"RSOLV Team", "support@rsolv.dev"}, to: [nil: "user+support+tickets@example.com"], cc: [], bcc: [], subject: "Your RSOLV Success Report", html_body: "<!DOCTYPE html>\n<html lang=\"en\">\n<head>\n  <meta charset=\"UTF-8\">\n  <meta name=\"viewport\" content=\"width=device-width, initial-scale=1.0\">\n  <title>Your RSOLV Success Report</title>\n  <style>\n    @import url('https://fonts.googleapis.com/css2?family=Space+Grotesk:wght@300;400;500;700&display=swap');\n    \n    body {\n      font-family: 'Space Grotesk', -apple-system, BlinkMacSystemFont, \"Segoe UI\", Roboto, Helvetica, Arial, sans-serif;\n      line-height: 1.6;\n      color: #333;\n      max-width: 600px;\n      margin: 0 auto;\n      padding: 20px;\n      background-color: #f8f9fa;\n    }\n    .container {\n      background-color: #ffffff;\n      border-radius: 8px;\n      padding: 30px;\n      box-shadow: 0 4px 6px rgba(0, 0, 0, 0.05);\n    }\n    .logo {\n      text-align: center;\n      margin-bottom: 30px;\n    }\n    .logo img {\n      max-width: 200px;\n    }\n    h1, h2, h3 {\n      color: #10b981;\n    }\n    .stats-grid {\n      display: grid;\n      grid-template-columns: 1fr 1fr;\n      gap: 20px;\n      margin: 30px 0;\n    }\n    .stat-card {\n      background-color: #f3f4f6;\n      padding: 20px;\n      border-radius: 8px;\n      text-align: center;\n      border-top: 4px solid #10b981;\n    }\n    .stat-number {\n      font-size: 36px;\n      font-weight: bold;\n      color: #10b981;\n      margin: 10px 0;\n    }\n    .stat-label {\n      color: #6b7280;\n      font-size: 14px;\n    }\n    .achievement-banner {\n      background: linear-gradient(135deg, #10b981 0%, #059669 100%);\n      color: white;\n      padding: 20px;\n      border-radius: 8px;\n      text-align: center;\n      margin: 20px 0;\n    }\n    .timeline {\n      margin: 30px 0;\n    }\n    .timeline-item {\n      display: flex;\n      margin-bottom: 20px;\n      align-items: flex-start;\n    }\n    .timeline-marker {\n      width: 40px;\n      height: 40px;\n      background-color: #10b981;\n      color: white;\n      border-radius: 50%;\n      display: flex;\n      align-items: center;\n      justify-content: center;\n      flex-shrink: 0;\n      margin-right: 15px;\n    }\n    .timeline-content {\n      flex-grow: 1;\n    }\n    .pricing-highlight {\n      background-color: #fff3cd;\n      border: 1px solid #ffeaa7;\n      padding: 20px;\n      border-radius: 8px;\n      margin: 20px 0;\n      text-align: center;\n    }\n    .cta {\n      background-color: #10b981;\n      color: white;\n      padding: 12px 24px;\n      border-radius: 5px;\n      display: inline-block;\n      text-decoration: none;\n      font-weight: bold;\n      margin: 20px 0;\n    }\n    .cta-secondary {\n      background-color: #2563eb;\n      color: white;\n      padding: 12px 24px;\n      border-radius: 5px;\n      display: inline-block;\n      text-decoration: none;\n      font-weight: bold;\n      margin: 20px 0;\n    }\n    .footer {\n      margin-top: 40px;\n      font-size: 14px;\n      color: #6b7280;\n      border-top: 1px solid #e5e7eb;\n      padding-top: 20px;\n      text-align: center;\n    }\n    @media (max-width: 600px) {\n      .stats-grid {\n        grid-template-columns: 1fr;\n      }\n    }\n  </style>\n</head>\n<body>\n  <div class=\"container\">\n    <div class=\"logo\">\n      <img src=\"https://rsolv.dev/images/rsolv_logo_transparent.png\" alt=\"RSOLV Logo\">\n    </div>\n    \n    <h1>Your 2-Week RSOLV Success Report 🎉</h1>\n    \n    <p>Hi {@first_name},</p>\n    \n    <p>Congratulations! You've been using RSOLV for two weeks. Here's a snapshot of what we've accomplished together:</p>\n    \n    <div class=\"stats-grid\">\n      <div class=\"stat-card\">\n        <div class=\"stat-label\">Issues Fixed</div>\n        <div class=\"stat-number\">{Map.get(@usage_stats || %{}, :issues_fixed, 0)}</div>\n      </div>\n      <div class=\"stat-card\">\n        <div class=\"stat-label\">PRs Created</div>\n        <div class=\"stat-number\">{Map.get(@usage_stats || %{}, :prs_created, 0)}</div>\n      </div>\n      <div class=\"stat-card\">\n        <div class=\"stat-label\">Time Saved</div>\n        <div class=\"stat-number\">{Map.get(@usage_stats || %{}, :time_saved, \"0 hrs\")}</div>\n      </div>\n      <div class=\"stat-card\">\n        <div class=\"stat-label\">Security Issues Found</div>\n        <div class=\"stat-number\">{Map.ge" <> ..., text_body: "Your 2-Week RSOLV Success Report\n\nHi Usersupporttickets,\n\nCongratulations! You've been using RSOLV for two weeks. Here's what we've accomplished together:\n\nYour Stats:\n- Issues Fixed: Check your dashboard\n- PRs Created: Check your dashboard\n- Time Saved: Check your dashboard\n- Security Issues Found: Check your dashboard\n\nYour Trial Status:\nCheck how many free fixes you have remaining at: https://rsolv.dev/dashboard\n\nWhat's Next?\n- Expand to more repositories\n- Automate security audits\n- Clean up tech debt\n- Train your team\n\nNeed Help Scaling Up?\nI'd love to help you get even more value from RSOLV:\n- Schedule a 15-minute optimization call\n- Get best practices for your specific tech stack\n- Learn about volume discounts for teams\n\nJust reply to this email and let me know how I can help!\n\nThanks for being part of the RSOLV community.\n\nBest regards,\nDylan Fitzgerald\nFounder, RSOLV\n\nP.S. If RSOLV has been valuable to your team, I'd be grateful if you could share a quick testimonial.\n\n---\nTo unsubscribe, visit: https://rsolv.dev/unsubscribe?email=user+support+tickets@example.com\n", headers: %{"X-Postmark-Tag" => "success-checkin"}, attachments: [], assigns: %{}, private: %{tag: "success-checkin"}, blocked: false}

13:17:02.574 request_id=GGBS6q35rxRTcVgAACsC [info] [EMAIL DEBUG] Raw Postmark response
13:17:02.574 request_id=GGBS6q35rxRTcVgAACsC [info] [EMAIL] Email sent successfully via Postmark
13:17:02.574 request_id=GGBS6q35rxRTcVgAACsC [info] Successfully sent scheduled email
13:17:02.574 request_id=GGBS6q35rxRTcVgAACsC [info] [EmailWorker] Insert result
13:17:02.574 request_id=GGBS6q35rxRTcVgAACsC [info] [EmailWorker] Schedule result
13:17:02.574 request_id=GGBS6q35rxRTcVgAACsC [info] [PAGE CONTROLLER] EmailSequence.start_early_access_onboarding_sequence returned
13:17:02.574 request_id=GGBS6q35rxRTcVgAACsC [debug] Sending email with Bamboo.TestAdapter:

%Bamboo.Email{from: {"RSOLV Team", "support@rsolv.dev"}, to: [nil: "admin@rsolv.dev"], cc: [], bcc: [], subject: "🎉 New RSOLV Signup: user+support+tickets@example.com", html_body: "<!DOCTYPE html>\n<html>\n<head>\n  <meta charset=\"utf-8\">\n  <style>\n    body { font-family: -apple-system, BlinkMacSystemFont, 'Segoe UI', Roboto, sans-serif; line-height: 1.6; color: #333; }\n    .container { max-width: 600px; margin: 0 auto; padding: 20px; }\n    .header { background: #10b981; color: white; padding: 20px; border-radius: 8px 8px 0 0; }\n    .content { background: #f9fafb; padding: 20px; border: 1px solid #e5e7eb; border-radius: 0 0 8px 8px; }\n    .metric { display: inline-block; margin: 10px 20px 10px 0; }\n    .metric-label { font-size: 12px; color: #6b7280; text-transform: uppercase; }\n    .metric-value { font-size: 18px; font-weight: bold; color: #111827; }\n    .details { background: white; padding: 15px; border-radius: 4px; margin: 15px 0; }\n    .detail-row { display: flex; justify-content: space-between; padding: 8px 0; border-bottom: 1px solid #f3f4f6; }\n    .detail-row:last-child { border-bottom: none; }\n    .detail-label { font-weight: 500; color: #6b7280; }\n    .detail-value { color: #111827; }\n    .utm-badge { display: inline-block; background: #dbeafe; color: #1e40af; padding: 2px 8px; border-radius: 4px; font-size: 12px; margin-left: 4px; }\n  </style>\n</head>\n<body>\n  <div class=\"container\">\n    <div class=\"header\">\n      <h1 style=\"margin: 0; font-size: 24px;\">🎉 New RSOLV Signup!</h1>\n      <p style=\"margin: 5px 0 0 0; opacity: 0.9;\">August 29, 2025 at 07:17 PM UTC</p>\n    </div>\n    \n    <div class=\"content\">\n      <div class=\"metric\">\n        <div class=\"metric-label\">Email</div>\n        <div class=\"metric-value\">user+support+tickets@example.com</div>\n      </div>\n      \n      \n      \n      <div class=\"details\">\n        <h3 style=\"margin-top: 0;\">Signup Details</h3>\n        \n        <div class=\"detail-row\">\n          <span class=\"detail-label\">Source</span>\n          <span class=\"detail-value\">\n            landing_page\n            \n          </span>\n        </div>\n        \n        \n        \n        \n        \n        \n      </div>\n      \n      <div style=\"margin-top: 20px; text-align: center;\">\n        <a href=\"https://rsolv.dev/live/dashboard\" style=\"display: inline-block; background: #10b981; color: white; padding: 10px 20px; text-decoration: none; border-radius: 4px;\">\n          View Dashboard\n        </a>\n      </div>\n    </div>\n  </div>\n</body>\n</html>\n", text_body: "🎉 New RSOLV Signup!\n\nEmail: user+support+tickets@example.com\n\nTime: August 29, 2025 at 07:17 PM UTC\n\nSource Details:\n- Source: landing_page\n\n\n\n\n\nView full dashboard: https://rsolv.dev/live/dashboard\n", headers: %{"Message-ID" => "<1756495022.930785@rsolv.dev>", "X-Postmark-Tag" => "admin-notification", "X-Priority" => "1"}, attachments: [], assigns: %{}, private: %{tag: "admin-notification"}, blocked: false}

13:17:02.575 request_id=GGBS6q35rxRTcVgAACsC [info] Admin notification sent for new signup
13:17:02.575 request_id=GGBS6q35rxRTcVgAACsC [info] Sent 302 in 5ms
13:17:02.575 request_id=GGBS6q5UvNxTcVgAACuC [info] POST /early-access
13:17:02.575 request_id=GGBS6q5UvNxTcVgAACuC [debug] Processing with RsolvWeb.PageController.submit_early_access/2
  Parameters: %{"email" => "user@example.co.uk"}
  Pipelines: [:browser]
13:17:02.575 request_id=GGBS6q5UvNxTcVgAACuC [debug] QUERY OK source="fun_with_flags_toggles" db=0.0ms
SELECT f0."id", f0."flag_name", f0."gate_type", f0."target", f0."enabled" FROM "fun_with_flags_toggles" AS f0 WHERE (f0."flag_name" = $1) ["early_access_signup"]
13:17:02.575 request_id=GGBS6q5UvNxTcVgAACuC [debug] Telemetry event: [:fun_with_flags, :persistence, :read], metadata: %{flag_name: :early_access_signup, gate: nil}, measurements: %{system_time: 1756495022575382351}
13:17:02.575 request_id=GGBS6q5UvNxTcVgAACuC [debug] Extracted UTM parameters: %{}
13:17:02.575 request_id=GGBS6q5UvNxTcVgAACuC [info] Analytics event tracked
13:17:02.575 request_id=GGBS6q5UvNxTcVgAACuC [debug] QUERY OK db=0.0ms queue=0.3ms
SELECT create_analytics_partition_if_not_exists($1::date) [~D[2025-08-29]]
13:17:02.576 request_id=GGBS6q5UvNxTcVgAACuC [debug] QUERY OK source="analytics_events" db=0.1ms
INSERT INTO "analytics_events" ("metadata","event_type","visitor_id","page_path","inserted_at","updated_at") VALUES ($1,$2,$3,$4,$5,$6) RETURNING "id" [%{status: "submit", os: "unknown", form_id: "early-access", browser: "unknown", utm_source_platform: nil, utm_source_campaign: nil, utm_source_content: nil, device_type: "unknown"}, "form_submit", "19dcc4f6c3ef681d4720304d563b17d4", "/early-access", ~N[2025-08-29 19:17:02], ~N[2025-08-29 19:17:02]]
13:17:02.576 request_id=GGBS6q5UvNxTcVgAACuC [info] Form submission received
13:17:02.576 request_id=GGBS6q5UvNxTcVgAACuC [info] Valid email received for processing: user@example.co.uk, validation passed
13:17:02.576 request_id=GGBS6q5UvNxTcVgAACuC [debug] Extracted UTM parameters: %{}
13:17:02.576 request_id=GGBS6q5UvNxTcVgAACuC [debug] QUERY OK source="early_access_signups" db=0.0ms
INSERT INTO "early_access_signups" ("name","email","referral_source","inserted_at") VALUES ($1,$2,$3,$4) RETURNING "id" ["User", "user@example.co.uk", "landing_page", ~N[2025-08-29 19:17:02]]
13:17:02.576 request_id=GGBS6q5UvNxTcVgAACuC [debug] QUERY OK source="early_access_signups" db=0.0ms
SELECT count(e0."id") FROM "early_access_signups" AS e0 []
13:17:02.576 request_id=GGBS6q5UvNxTcVgAACuC [info] Successfully saved signup to database
13:17:02.576 request_id=GGBS6q5UvNxTcVgAACuC [info] ConvertKit API key present: true
13:17:02.576 request_id=GGBS6q5UvNxTcVgAACuC [info] ConvertKit API request successful
13:17:02.576 request_id=GGBS6q5UvNxTcVgAACuC [info] ConvertKit: Successfully added subscriber
13:17:02.576 request_id=GGBS6q5UvNxTcVgAACuC [info] Analytics event tracked
13:17:02.576 request_id=GGBS6q5UvNxTcVgAACuC [debug] QUERY OK db=0.0ms
SELECT create_analytics_partition_if_not_exists($1::date) [~D[2025-08-29]]
13:17:02.577 request_id=GGBS6q5UvNxTcVgAACuC [debug] QUERY OK source="analytics_events" db=0.4ms
INSERT INTO "analytics_events" ("metadata","event_type","visitor_id","page_path","inserted_at","updated_at") VALUES ($1,$2,$3,$4,$5,$6) RETURNING "id" [%{status: "success", os: "unknown", source: "landing_page", form_id: "early-access", browser: "unknown", utm_source_platform: nil, utm_source_campaign: nil, utm_source_content: nil, device_type: "unknown", conversion_type: "early_access_signup", email_domain: "example.co.uk"}, "form_success", "19dcc4f6c3ef681d4720304d563b17d4", "/early-access", ~N[2025-08-29 19:17:02], ~N[2025-08-29 19:17:02]]
13:17:02.577 request_id=GGBS6q5UvNxTcVgAACuC [info] Analytics event tracked
13:17:02.577 request_id=GGBS6q5UvNxTcVgAACuC [debug] QUERY OK db=0.0ms
SELECT create_analytics_partition_if_not_exists($1::date) [~D[2025-08-29]]
13:17:02.577 request_id=GGBS6q5UvNxTcVgAACuC [debug] QUERY OK source="analytics_events" db=0.1ms
INSERT INTO "analytics_events" ("metadata","event_type","visitor_id","page_path","inserted_at","updated_at") VALUES ($1,$2,$3,$4,$5,$6) RETURNING "id" [%{os: "unknown", source: "landing_page", form_id: "early-access", browser: "unknown", utm_source_platform: nil, utm_source_campaign: nil, utm_source_content: nil, device_type: "unknown", conversion_type: "early_access_signup", email_domain: "example.co.uk"}, "conversion", "19dcc4f6c3ef681d4720304d563b17d4", "/early-access", ~N[2025-08-29 19:17:02], ~N[2025-08-29 19:17:02]]
13:17:02.577 request_id=GGBS6q5UvNxTcVgAACuC [debug] QUERY OK source="fun_with_flags_toggles" db=0.0ms
SELECT f0."id", f0."flag_name", f0."gate_type", f0."target", f0."enabled" FROM "fun_with_flags_toggles" AS f0 WHERE (f0."flag_name" = $1) ["welcome_email_sequence"]
13:17:02.577 request_id=GGBS6q5UvNxTcVgAACuC [debug] Telemetry event: [:fun_with_flags, :persistence, :read], metadata: %{flag_name: :welcome_email_sequence, gate: nil}, measurements: %{system_time: 1756495022577844168}
13:17:02.577 request_id=GGBS6q5UvNxTcVgAACuC [info] [PAGE CONTROLLER] Welcome email sequence is ENABLED, starting sequence
13:17:02.577 request_id=GGBS6q5UvNxTcVgAACuC [info] [PAGE CONTROLLER] About to call EmailSequence.start_early_access_onboarding_sequence
13:17:02.577 request_id=GGBS6q5UvNxTcVgAACuC [info] [EMAIL SEQUENCE] Starting early access onboarding sequence
13:17:02.577 request_id=GGBS6q5UvNxTcVgAACuC [info] [EMAIL SEQUENCE] About to call EmailService.send_early_access_welcome_email
13:17:02.577 request_id=GGBS6q5UvNxTcVgAACuC [info] [EMAIL] send_early_access_welcome_email called
13:17:02.578 request_id=GGBS6q5UvNxTcVgAACuC [info] [EMAIL DEBUG] Full email struct before sending
13:17:02.578 request_id=GGBS6q5UvNxTcVgAACuC [info] [EMAIL DEBUG] Extracted recipient email
13:17:02.578 request_id=GGBS6q5UvNxTcVgAACuC [info] [EMAIL DEBUG] Postmark configuration
13:17:02.578 request_id=GGBS6q5UvNxTcVgAACuC [info] [EMAIL DEBUG] Email configuration
13:17:02.578 request_id=GGBS6q5UvNxTcVgAACuC [info] [EMAIL] Attempting to send email via Postmark
13:17:02.578 request_id=GGBS6q5UvNxTcVgAACuC [debug] Sending email with Bamboo.TestAdapter:

%Bamboo.Email{from: {"RSOLV Team", "support@rsolv.dev"}, to: [nil: "user@example.co.uk"], cc: [], bcc: [], subject: "Welcome to RSOLV Early Access Program", html_body: "<div style=\"font-family: 'Helvetica Neue', Helvetica, Arial, sans-serif; max-width: 600px; margin: 0 auto; padding: 20px;\">\n  <h1 style=\"color: #2C3E50; margin-bottom: 20px;\">Welcome to RSOLV Early Access Program!</h1>\n\n  <p>Hi User,</p>\n\n  <p>Thank you for joining our Early Access Program! You're now part of an exclusive group getting first access to RSOLV.</p>\n\n  <p>Here's what you need to know:</p>\n\n  <ul>\n    <li>You have full access to all current features</li>\n    <li>Your feedback is incredibly valuable to us during this phase</li>\n    <li>You'll receive priority support via email</li>\n  </ul>\n\n  <p>To get started with RSOLV:</p>\n\n  <ol>\n    <li><strong>Your API key will be sent in a follow-up email within 24 hours</strong></li>\n    <li>Once you receive your API key, install our GitHub Action (code below)</li>\n    <li>Set up your repository secrets with your API key</li>\n    <li>Tag your first issues with \"rsolv:automate\"</li>\n  </ol>\n\n  <div style=\"background-color: #fff3cd; border: 1px solid #ffeaa7; color: #856404; padding: 10px; border-radius: 5px; margin: 15px 0;\">\n    <strong>⏳ API Key Coming Soon:</strong> We'll send your personal API key within 24 hours. Look for an email with subject \"Your RSOLV API Key\".\n  </div>\n\n  <div style=\"background-color: #f8f9fa; padding: 15px; border-radius: 5px; margin: 20px 0;\">\n    <pre style=\"margin: 0; overflow-x: auto; white-space: pre-wrap; font-family: monospace;\">name: RSOLV AutoFix\non:\n  issues:\n    types: [opened, edited, labeled]\n\njobs:\n  autofix:\n    runs-on: ubuntu-latest\n    if: contains(github.event.issue.labels.*.name, 'rsolv:automate')\n    steps:\n      - uses: RSOLV-dev/rsolv-action@v1\n        with:\n          github-token: ${{ secrets.GITHUB_TOKEN }}\n          rsolv-api-key: ${{ secrets.RSOLV_API_KEY }}</pre>\n  </div>\n\n  <p>Need help? As an Early Access member, you have priority support - contact us at <a href=\"mailto:support@rsolv.dev\">support@rsolv.dev</a> and we'll personally assist you.</p>\n\n  <p>Your trial includes unlimited automated fixes during the Early Access period.</p>\n\n  <div style=\"margin-top: 30px; padding: 15px; border: 1px solid #e0e0e0; border-radius: 5px; background-color: #f9f9f9;\">\n    <h3 style=\"margin-top: 0; color: #2C3E50;\">Early Access Program Benefits</h3>\n    <ul>\n      <li>Unlimited usage during Early Access</li>\n      <li>Priority support and feature requests</li>\n      <li>Exclusive pricing when we launch</li>\n      <li>Direct access to our development team</li>\n    </ul>\n  </div>\n\n  <p>Best,<br>The RSOLV Team</p>\n\n  <div class=\"footer\" style=\"margin-top: 40px; padding-top: 20px; border-top: 1px solid #e0e0e0; font-size: 0.9em; color: #666;\">\n    <p>\n      You're receiving this email because you joined the RSOLV Early Access Program.\n      <br>\n      If you have any questions, simply reply to this email.\n    </p>\n    <p>\n      RSOLV, Inc. • support@rsolv.dev • © 2025\n    </p>\n    <p>\n      <a href=\"https://rsolv.dev/unsubscribe?email=user@example.co.uk\">Unsubscribe</a> from these emails.\n    </p>\n  </div>\n</div>\n", text_body: "Welcome to RSOLV Early Access Program!\n\nHi User,\n\nThank you for joining our Early Access Program! You're now part of an exclusive group getting first access to RSOLV.\n\nHere's what you need to know:\n- You have full access to all current features\n- Your feedback is incredibly valuable to us during this phase\n- You'll receive priority support via email\n\nTo get started with RSOLV:\n1. Your API key will be sent in a follow-up email within 24 hours\n2. Once you receive your API key, install our GitHub Action\n3. Set up your repository secrets with your API key\n4. Tag your first issues with \"AUTOFIX\"\n\n⏳ API KEY COMING SOON: We'll send your personal API key within 24 hours. Look for an email with subject \"Your RSOLV API Key\".\n\nNeed help? As an Early Access member, you have priority support - contact us at support@rsolv.dev and we'll personally assist you.\n\nYour trial includes unlimited automated fixes during the Early Access period.\n\nEARLY ACCESS PROGRAM BENEFITS:\n* Unlimited usage during Early Access\n* Priority support and feature requests\n* Exclusive pricing when we launch\n* Direct access to our development team\n\nBest,\nThe RSOLV Team\n\n---\nYou're receiving this email because you joined the RSOLV Early Access Program.\nIf you have any questions, simply reply to this email.\n\nRSOLV, Inc. • support@rsolv.dev\n\nTo unsubscribe, visit: https://rsolv.dev/unsubscribe?email=user@example.co.uk\n", headers: %{"X-Postmark-Tag" => "early-access"}, attachments: [], assigns: %{}, private: %{tag: "early-access"}, blocked: false}

13:17:02.578 request_id=GGBS6q5UvNxTcVgAACuC [info] [EMAIL DEBUG] Raw Postmark response
13:17:02.578 request_id=GGBS6q5UvNxTcVgAACuC [info] [EMAIL] Email sent successfully via Postmark
13:17:02.578 request_id=GGBS6q5UvNxTcVgAACuC [info] [EMAIL SEQUENCE] EmailService.send_early_access_welcome_email returned
13:17:02.578 request_id=GGBS6q5UvNxTcVgAACuC [info] Attempting to tag subscriber
13:17:02.578 request_id=GGBS6q5UvNxTcVgAACuC [info] ConvertKit: Attempting to tag user@example.co.uk with tag test_tag_id
13:17:02.578 request_id=GGBS6q5UvNxTcVgAACuC [info] ConvertKit: Successfully tagged user@example.co.uk
13:17:02.578 request_id=GGBS6q5UvNxTcVgAACuC [info] [EmailWorker] schedule_sequence called
13:17:02.578 request_id=GGBS6q5UvNxTcVgAACuC [info] [EmailWorker] Found sequence
13:17:02.578 request_id=GGBS6q5UvNxTcVgAACuC [info] [EmailWorker] Processing email config
13:17:02.578 request_id=GGBS6q5UvNxTcVgAACuC [info] [EmailWorker] Skipping immediate email
13:17:02.578 request_id=GGBS6q5UvNxTcVgAACuC [info] [EmailWorker] Processing email config
13:17:02.578 request_id=GGBS6q5UvNxTcVgAACuC [info] [EmailWorker] Scheduling email
13:17:02.578 request_id=GGBS6q5UvNxTcVgAACuC [info] [EmailWorker] Creating Oban job
13:17:02.578 request_id=GGBS6q5UvNxTcVgAACuC [info] [EmailWorker] Job created
13:17:02.578 request_id=GGBS6q5UvNxTcVgAACuC [info] Processing scheduled email
13:17:02.578 request_id=GGBS6q5UvNxTcVgAACuC [error] Failed to send scheduled email
13:17:02.579 request_id=GGBS6q5UvNxTcVgAACuC [info] [EmailWorker] Insert result
13:17:02.579 request_id=GGBS6q5UvNxTcVgAACuC [info] [EmailWorker] Schedule result
13:17:02.579 request_id=GGBS6q5UvNxTcVgAACuC [info] [EmailWorker] Processing email config
13:17:02.579 request_id=GGBS6q5UvNxTcVgAACuC [info] [EmailWorker] Scheduling email
13:17:02.579 request_id=GGBS6q5UvNxTcVgAACuC [info] [EmailWorker] Creating Oban job
13:17:02.579 request_id=GGBS6q5UvNxTcVgAACuC [info] [EmailWorker] Job created
13:17:02.579 request_id=GGBS6q5UvNxTcVgAACuC [info] Processing scheduled email
13:17:02.579 request_id=GGBS6q5UvNxTcVgAACuC [info] [EMAIL DEBUG] Full email struct before sending
13:17:02.579 request_id=GGBS6q5UvNxTcVgAACuC [info] [EMAIL DEBUG] Extracted recipient email
13:17:02.579 request_id=GGBS6q5UvNxTcVgAACuC [info] [EMAIL DEBUG] Postmark configuration
...................................................................................................................................................................................................................................................................................................................................................................    warning: incompatible types given to Kernel.map_size/1:

        map_size(enhancement)

    given types:

        -dynamic(nil)-

    but expected one of:

        %{...}

    where "enhancement" (context Rsolv.Security.Patterns.PatternBase) was given the type:

        # type: dynamic(nil)
        # from: test/rsolv/security/patterns/pattern_base_test.exs:81
        enhancement = ast_enhancement()

    typing violation found at:
    │
 81 │       use Rsolv.Security.Patterns.PatternBase
    │       ~~~~~~~~~~~~~~~~~~~~~~~~~~~~~~~~~~~~~~~
    │
    └─ test/rsolv/security/patterns/pattern_base_test.exs:81: Rsolv.Security.Patterns.PatternBaseTest.CrossLanguagePattern.enhanced_pattern/0

    warning: incompatible types given to Kernel.map_size/1:

        map_size(enhancement)

    given types:

        -dynamic(nil)-

    but expected one of:

        %{...}

    where "enhancement" (context Rsolv.Security.Patterns.PatternBase) was given the type:

        # type: dynamic(nil)
        # from: test/rsolv/security/patterns/pattern_base_test.exs:8
        enhancement = ast_enhancement()

    typing violation found at:
    │
  8 │     use Rsolv.Security.Patterns.PatternBase
    │     ~~~~~~~~~~~~~~~~~~~~~~~~~~~~~~~~~~~~~~~
    │
    └─ test/rsolv/security/patterns/pattern_base_test.exs:8: Rsolv.Security.Patterns.PatternBaseTest.TestPattern.enhanced_pattern/0

     warning: unknown key .operator in expression:

         ast_rules.operator

     the given type does not have the given key:

         dynamic(%{
           node_type: binary(),
           op: binary(),
           sql_context: %{contains_sql_pattern: true, left_or_right_is_string: true}
         })

     where "ast_rules" was given the type:

         # type: dynamic(%{
           node_type: binary(),
           op: binary(),
           sql_context: %{contains_sql_pattern: true, left_or_right_is_string: true}
         })
         # from: test/rsolv/ast/pattern_matching_debug_test.exs:100:17
         ast_rules = enhancement.ast_rules

     typing violation found at:
     │
 108 │         IO.inspect(ast_rules.operator, label: "Pattern Expected Operator")
     │                              ~~~~~~~~
     │
     └─ test/rsolv/ast/pattern_matching_debug_test.exs:108:30: Rsolv.AST.PatternMatchingDebugTest."test RED Phase: Pattern Structure Expectations sql injection pattern has correct ast_rules structure"/1

    warning: Rsolv.AST.Encryption.rotate_key/2 is undefined or private
    │
 29 │       {:ok, new_key} = Encryption.rotate_key(session.id, initial_key)
    │                                   ~
    │
    └─ test/rsolv/ast/encryption_key_rotation_test.exs:29:35: Rsolv.AST.EncryptionKeyRotationTest."test key rotation functionality can rotate encryption keys while maintaining data access"/1
    └─ test/rsolv/ast/encryption_key_rotation_test.exs:44:34: Rsolv.AST.EncryptionKeyRotationTest."test key rotation functionality tracks key versions and rotation history"/1
    └─ test/rsolv/ast/encryption_key_rotation_test.exs:45:34: Rsolv.AST.EncryptionKeyRotationTest."test key rotation functionality tracks key versions and rotation history"/1
    └─ test/rsolv/ast/encryption_key_rotation_test.exs:71:32: Rsolv.AST.EncryptionKeyRotationTest."test key rotation functionality can decrypt data encrypted with any previous key version"/1
    └─ test/rsolv/ast/encryption_key_rotation_test.exs:76:32: Rsolv.AST.EncryptionKeyRotationTest."test key rotation functionality can decrypt data encrypted with any previous key version"/1
    └─ test/rsolv/ast/encryption_key_rotation_test.exs:95:37: Rsolv.AST.EncryptionKeyRotationTest."test key rotation functionality rotation is atomic and handles failures gracefully"/1
    └─ test/rsolv/ast/encryption_key_rotation_test.exs:109:35: Rsolv.AST.EncryptionKeyRotationTest."test key rotation functionality old keys are marked inactive but retained for decryption"/1
    └─ test/rsolv/ast/encryption_key_rotation_test.exs:130:36: Rsolv.AST.EncryptionKeyRotationTest."test key rotation functionality rotation triggers audit logging"/1
    └─ test/rsolv/ast/encryption_key_rotation_test.exs:180:22: Rsolv.AST.EncryptionKeyRotationTest."test key rotation functionality handles concurrent rotation attempts safely"/1
    └─ test/rsolv/ast/encryption_key_rotation_test.exs:210:32: Rsolv.AST.EncryptionKeyRotationTest."test key rotation functionality can export key history for compliance"/1
    └─ test/rsolv/ast/encryption_key_rotation_test.exs:211:33: Rsolv.AST.EncryptionKeyRotationTest."test key rotation functionality can export key history for compliance"/1
    └─ test/rsolv/ast/encryption_key_rotation_test.exs:237:36: Rsolv.AST.EncryptionKeyRotationTest."test key rotation functionality cleanup removes old inactive keys after retention period"/1

    warning: Rsolv.AST.Encryption.decrypt_with_rotation/2 is undefined or private. Did you mean:

          * decrypt/4

    │
 35 │       {:ok, decrypted} = Encryption.decrypt_with_rotation(encrypted_data, session.id)
    │                                     ~
    │
    └─ test/rsolv/ast/encryption_key_rotation_test.exs:35:37: Rsolv.AST.EncryptionKeyRotationTest."test key rotation functionality can rotate encryption keys while maintaining data access"/1
    └─ test/rsolv/ast/encryption_key_rotation_test.exs:81:38: Rsolv.AST.EncryptionKeyRotationTest."test key rotation functionality can decrypt data encrypted with any previous key version"/1
    └─ test/rsolv/ast/encryption_key_rotation_test.exs:82:38: Rsolv.AST.EncryptionKeyRotationTest."test key rotation functionality can decrypt data encrypted with any previous key version"/1
    └─ test/rsolv/ast/encryption_key_rotation_test.exs:83:38: Rsolv.AST.EncryptionKeyRotationTest."test key rotation functionality can decrypt data encrypted with any previous key version"/1

    warning: Rsolv.AST.Encryption.get_key_history/1 is undefined or private
    │
 48 │       {:ok, history} = Encryption.get_key_history(session.id)
    │                                   ~
    │
    └─ test/rsolv/ast/encryption_key_rotation_test.exs:48:35: Rsolv.AST.EncryptionKeyRotationTest."test key rotation functionality tracks key versions and rotation history"/1
    └─ test/rsolv/ast/encryption_key_rotation_test.exs:112:35: Rsolv.AST.EncryptionKeyRotationTest."test key rotation functionality old keys are marked inactive but retained for decryption"/1
    └─ test/rsolv/ast/encryption_key_rotation_test.exs:201:35: Rsolv.AST.EncryptionKeyRotationTest."test key rotation functionality handles concurrent rotation attempts safely"/1
    └─ test/rsolv/ast/encryption_key_rotation_test.exs:253:35: Rsolv.AST.EncryptionKeyRotationTest."test key rotation functionality cleanup removes old inactive keys after retention period"/1

    warning: Rsolv.AST.Encryption.get_current_key/1 is undefined or private
    │
 67 │       {:ok, key1} = Encryption.get_current_key(session.id)
    │                                ~
    │
    └─ test/rsolv/ast/encryption_key_rotation_test.exs:67:32: Rsolv.AST.EncryptionKeyRotationTest."test key rotation functionality can decrypt data encrypted with any previous key version"/1
    └─ test/rsolv/ast/encryption_key_rotation_test.exs:100:39: Rsolv.AST.EncryptionKeyRotationTest."test key rotation functionality rotation is atomic and handles failures gracefully"/1
    └─ test/rsolv/ast/encryption_key_rotation_test.exs:153:29: Rsolv.AST.EncryptionKeyRotationTest."test key rotation functionality supports automatic rotation based on age"/1
    └─ test/rsolv/ast/encryption_key_rotation_test.exs:175:39: Rsolv.AST.EncryptionKeyRotationTest."test key rotation functionality handles concurrent rotation attempts safely"/1

     warning: Rsolv.AST.SessionManager.create_session/3 is undefined or private. Did you mean:

           * create_session/1
           * create_session/2

     │
 146 │       {:ok, session} = SessionManager.create_session(333, 3600, %{
     │                                       ~
     │
     └─ test/rsolv/ast/encryption_key_rotation_test.exs:146:39: Rsolv.AST.EncryptionKeyRotationTest."test key rotation functionality supports automatic rotation based on age"/1
     └─ test/rsolv/ast/encryption_key_rotation_test.exs:227:39: Rsolv.AST.EncryptionKeyRotationTest."test key rotation functionality cleanup removes old inactive keys after retention period"/1

     warning: Rsolv.AST.Encryption.rotation_needed?/1 is undefined or private
     │
 159 │       assert Encryption.rotation_needed?(session.id) == true
     │                         ~
     │
     └─ test/rsolv/ast/encryption_key_rotation_test.exs:159:25: Rsolv.AST.EncryptionKeyRotationTest."test key rotation functionality supports automatic rotation based on age"/1
     └─ test/rsolv/ast/encryption_key_rotation_test.exs:167:25: Rsolv.AST.EncryptionKeyRotationTest."test key rotation functionality supports automatic rotation based on age"/1

     warning: Rsolv.AST.Encryption.auto_rotate_if_needed/1 is undefined or private
     │
 162 │       {:ok, new_key} = Encryption.auto_rotate_if_needed(session.id)
     │                                   ~
     │
     └─ test/rsolv/ast/encryption_key_rotation_test.exs:162:35: Rsolv.AST.EncryptionKeyRotationTest."test key rotation functionality supports automatic rotation based on age"/1

     warning: Rsolv.AST.Encryption.export_key_history/2 is undefined or private
     │
 214 │       {:ok, export} = Encryption.export_key_history(session.id, :json)
     │                                  ~
     │
     └─ test/rsolv/ast/encryption_key_rotation_test.exs:214:34: Rsolv.AST.EncryptionKeyRotationTest."test key rotation functionality can export key history for compliance"/1

     warning: Rsolv.AST.Encryption.cleanup_old_keys/0 is undefined or private
     │
 240 │       {:ok, cleaned} = Encryption.cleanup_old_keys()
     │                                   ~
     │
     └─ test/rsolv/ast/encryption_key_rotation_test.exs:240:35: Rsolv.AST.EncryptionKeyRotationTest."test key rotation functionality cleanup removes old inactive keys after retention period"/1
     └─ test/rsolv/ast/encryption_key_rotation_test.exs:248:35: Rsolv.AST.EncryptionKeyRotationTest."test key rotation functionality cleanup removes old inactive keys after retention period"/1

     warning: Rsolv.AST.Encryption.mark_data_deleted/2 is undefined or private
     │
 245 │       Encryption.mark_data_deleted(session.id, ciphertext)
     │                  ~
     │
     └─ test/rsolv/ast/encryption_key_rotation_test.exs:245:18: Rsolv.AST.EncryptionKeyRotationTest."test key rotation functionality cleanup removes old inactive keys after retention period"/1

.............13:17:04.282 [info] Cleaning up 2 expired sessions
............13:17:05.032 [debug] QUERY OK db=0.2ms queue=0.1ms
SELECT * FROM forge_accounts LIMIT 1 []
13:17:05.032 [debug] QUERY OK db=0.2ms queue=0.1ms
SELECT * FROM repositories LIMIT 1 []
13:17:05.032 [debug] QUERY OK db=0.1ms
SELECT * FROM scan_executions LIMIT 1 []
13:17:05.032 [debug] QUERY OK db=0.1ms
SELECT * FROM validation_executions LIMIT 1 []
13:17:05.033 [debug] QUERY OK db=0.1ms
SELECT * FROM mitigation_executions LIMIT 1 []
13:17:05.035 [debug] QUERY OK db=1.5ms queue=0.9ms
SELECT column_name FROM information_schema.columns 
                                         WHERE table_name = 'forge_accounts' 
                                         AND column_name IN ('namespace', 'forge_type', 'customer_id') []
13:17:05.036 [debug] QUERY OK db=0.7ms queue=0.1ms
SELECT column_name FROM information_schema.columns 
                                         WHERE table_name = 'repositories' 
                                         AND column_name IN ('namespace', 'name', 'full_path') []
13:17:05.045 [debug] QUERY OK db=8.0ms queue=0.3ms

        SELECT 
          tc.constraint_name,
          tc.table_name,
          kcu.column_name,
          ccu.table_name AS foreign_table_name
        FROM information_schema.table_constraints AS tc 
        JOIN information_schema.key_column_usage AS kcu
          ON tc.constraint_name = kcu.constraint_name
        JOIN information_schema.constraint_column_usage AS ccu
          ON ccu.constraint_name = tc.constraint_name
        WHERE tc.constraint_type = 'FOREIGN KEY' 
          AND tc.table_name IN ('forge_accounts', 'repositories', 'scan_executions', 
                                'validation_executions', 'mitigation_executions')
       []
13:17:05.045 [debug] QUERY OK db=0.0ms
SELECT typname FROM pg_type WHERE typname IN ('forge_type', 'execution_status') []
...........13:17:05.045 request_id=GGBS60GYoMbsei8AAD6B [info] GET /sitemap.xml
13:17:05.045 request_id=GGBS60GYoMbsei8AAD6B [debug] Processing with RsolvWeb.SitemapController.index/2
  Parameters: %{}
  Pipelines: [:browser]
13:17:05.317 request_id=GGBS60GYoMbsei8AAD6B [debug] QUERY OK source="fun_with_flags_toggles" db=0.2ms
SELECT f0."id", f0."flag_name", f0."gate_type", f0."target", f0."enabled" FROM "fun_with_flags_toggles" AS f0 WHERE (f0."flag_name" = $1) ["display_draft_blog_posts"]
13:17:05.317 request_id=GGBS60GYoMbsei8AAD6B [debug] Telemetry event: [:fun_with_flags, :persistence, :read], metadata: %{flag_name: :display_draft_blog_posts, gate: nil}, measurements: %{system_time: 1756495025317628317}
13:17:05.317 request_id=GGBS60GYoMbsei8AAD6B [info] Sent 200 in 271ms
.13:17:05.318 request_id=GGBS61HTOGXZ6f0AAAQW [info] GET /sitemap.xml
13:17:05.318 request_id=GGBS61HTOGXZ6f0AAAQW [debug] Processing with RsolvWeb.SitemapController.index/2
  Parameters: %{}
  Pipelines: [:browser]
13:17:05.330 request_id=GGBS61HTOGXZ6f0AAAQW [debug] QUERY OK source="fun_with_flags_toggles" db=0.1ms
SELECT f0."id", f0."flag_name", f0."gate_type", f0."target", f0."enabled" FROM "fun_with_flags_toggles" AS f0 WHERE (f0."flag_name" = $1) ["display_draft_blog_posts"]
13:17:05.330 request_id=GGBS61HTOGXZ6f0AAAQW [debug] Telemetry event: [:fun_with_flags, :persistence, :read], metadata: %{flag_name: :display_draft_blog_posts, gate: nil}, measurements: %{system_time: 1756495025330473164}
.13:17:05.330 request_id=GGBS61HTOGXZ6f0AAAQW [info] Sent 200 in 12ms
13:17:05.330 request_id=GGBS61KVL-SXtFsAAASW [info] GET /api/v1/patterns/nonexistent-pattern/metadata
13:17:05.330 request_id=GGBS61KVL-SXtFsAAASW [debug] Processing with RsolvWeb.PatternController.metadata/2
  Parameters: %{"id" => "nonexistent-pattern"}
  Pipelines: [:api]
13:17:05.332 request_id=GGBS61KVL-SXtFsAAASW [info] Sent 404 in 1ms
.13:17:05.333 request_id=GGBS61K4IfKViLQAAD-D [info] GET /api/v1/patterns/js-command-injection-exec/metadata
13:17:05.333 request_id=GGBS61K4IfKViLQAAD-D [debug] Processing with RsolvWeb.PatternController.metadata/2
  Parameters: %{"id" => "js-command-injection-exec"}
  Pipelines: [:api]
13:17:05.333 request_id=GGBS61K4IfKViLQAAD-D [info] Sent 200 in 155µs
.13:17:05.333 request_id=GGBS61LAO6fBe5wAABsG [info] GET /api/v1/patterns/js-sql-injection-concat/metadata
13:17:05.333 request_id=GGBS61LAO6fBe5wAABsG [debug] Processing with RsolvWeb.PatternController.metadata/2
  Parameters: %{"id" => "js-sql-injection-concat"}
  Pipelines: [:api]
13:17:05.333 request_id=GGBS61LAO6fBe5wAABsG [info] Sent 200 in 154µs
13:17:05.333 request_id=GGBS61LD-EXBe5wAABuG [info] GET /api/v1/patterns/js-sql-injection-interpolation/metadata
13:17:05.333 request_id=GGBS61LD-EXBe5wAABuG [debug] Processing with RsolvWeb.PatternController.metadata/2
  Parameters: %{"id" => "js-sql-injection-interpolation"}
  Pipelines: [:api]
13:17:05.333 request_id=GGBS61LD-EXBe5wAABuG [info] Sent 200 in 108µs
13:17:05.334 request_id=GGBS61LGxYfBe5wAABwG [info] GET /api/v1/patterns/js-xss-innerhtml/metadata
13:17:05.334 request_id=GGBS61LGxYfBe5wAABwG [debug] Processing with RsolvWeb.PatternController.metadata/2
  Parameters: %{"id" => "js-xss-innerhtml"}
  Pipelines: [:api]
13:17:05.334 request_id=GGBS61LGxYfBe5wAABwG [info] Sent 200 in 105µs
13:17:05.334 request_id=GGBS61LJZw7Be5wAAByG [info] GET /api/v1/patterns/js-xss-document-write/metadata
13:17:05.334 request_id=GGBS61LJZw7Be5wAAByG [debug] Processing with RsolvWeb.PatternController.metadata/2
  Parameters: %{"id" => "js-xss-document-write"}
  Pipelines: [:api]
13:17:05.334 request_id=GGBS61LJZw7Be5wAAByG [info] Sent 200 in 99µs
13:17:05.334 request_id=GGBS61LMAVLBe5wAAB0G [info] GET /api/v1/patterns/js-command-injection-exec/metadata
13:17:05.334 request_id=GGBS61LMAVLBe5wAAB0G [debug] Processing with RsolvWeb.PatternController.metadata/2
  Parameters: %{"id" => "js-command-injection-exec"}
  Pipelines: [:api]
13:17:05.334 request_id=GGBS61LMAVLBe5wAAB0G [info] Sent 200 in 88µs
.13:17:05.334 request_id=GGBS61LReT8w2gEAAB2G [info] GET /api/v1/patterns/non-existent-pattern/metadata
13:17:05.334 request_id=GGBS61LReT8w2gEAAB2G [debug] Processing with RsolvWeb.PatternController.metadata/2
  Parameters: %{"id" => "non-existent-pattern"}
  Pipelines: [:api]
13:17:05.334 request_id=GGBS61LReT8w2gEAAB2G [info] Sent 404 in 67µs
.13:17:05.335 request_id=GGBS61LX4Xv_o7UAAB4G [info] POST /api/track
13:17:05.335 request_id=GGBS61LX4Xv_o7UAAB4G [debug] Processing with RsolvWeb.TrackController.track/2
  Parameters: %{"type" => "page_view"}
  Pipelines: [:api]
13:17:05.336 request_id=GGBS61LX4Xv_o7UAAB4G [debug] Tracking event received: page_view
13:17:05.336 request_id=GGBS61LX4Xv_o7UAAB4G [info] Analytics event tracked
13:17:05.338 request_id=GGBS61LX4Xv_o7UAAB4G [debug] QUERY OK db=1.0ms queue=0.2ms
SELECT create_analytics_partition_if_not_exists($1::date) [~D[2025-08-29]]
13:17:05.338 request_id=GGBS61LX4Xv_o7UAAB4G [debug] QUERY OK source="analytics_events" db=0.4ms queue=0.2ms
INSERT INTO "analytics_events" ("metadata","event_type","visitor_id","page_path","ip_address","inserted_at","updated_at") VALUES ($1,$2,$3,$4,$5,$6,$7) RETURNING "id" [%{request_path: "/api/track"}, "page_view", "420b27dca499e25ad83ed0fd26dca6c6", "/", "127.0.0.1", ~N[2025-08-29 19:17:05], ~N[2025-08-29 19:17:05]]
13:17:05.338 request_id=GGBS61LX4Xv_o7UAAB4G [info] Sent 201 in 3ms
13:17:05.338 request_id=GGBS61MSORr_o7UAAC6F [info] POST /api/track
13:17:05.339 request_id=GGBS61MSORr_o7UAAC6F [debug] Processing with RsolvWeb.TrackController.track/2
  Parameters: %{"type" => "form_submit"}
  Pipelines: [:api]
13:17:05.339 request_id=GGBS61MSORr_o7UAAC6F [debug] Tracking event received: form_submit
13:17:05.339 request_id=GGBS61MSORr_o7UAAC6F [info] Analytics event tracked
13:17:05.339 request_id=GGBS61MSORr_o7UAAC6F [debug] QUERY OK db=0.2ms queue=0.1ms
SELECT create_analytics_partition_if_not_exists($1::date) [~D[2025-08-29]]
13:17:05.339 request_id=GGBS61MSORr_o7UAAC6F [debug] QUERY OK source="analytics_events" db=0.0ms queue=0.1ms
INSERT INTO "analytics_events" ("metadata","event_type","visitor_id","ip_address","inserted_at","updated_at") VALUES ($1,$2,$3,$4,$5,$6) RETURNING "id" [%{status: "submit", form_id: "unknown", request_path: "/api/track"}, "form_submit", "30539db015967cf203ce492216787c81", "127.0.0.1", ~N[2025-08-29 19:17:05], ~N[2025-08-29 19:17:05]]
13:17:05.339 request_id=GGBS61MSORr_o7UAAC6F [info] Sent 201 in 889µs
13:17:05.339 request_id=GGBS61Mgvtn_o7UAAAUW [info] POST /api/track
13:17:05.339 request_id=GGBS61Mgvtn_o7UAAAUW [debug] Processing with RsolvWeb.TrackController.track/2
  Parameters: %{"type" => "conversion"}
  Pipelines: [:api]
13:17:05.340 request_id=GGBS61Mgvtn_o7UAAAUW [debug] Tracking event received: conversion
13:17:05.340 request_id=GGBS61Mgvtn_o7UAAAUW [info] Analytics event tracked
13:17:05.340 request_id=GGBS61Mgvtn_o7UAAAUW [debug] QUERY OK db=0.1ms
SELECT create_analytics_partition_if_not_exists($1::date) [~D[2025-08-29]]
13:17:05.340 request_id=GGBS61Mgvtn_o7UAAAUW [debug] QUERY OK source="analytics_events" db=0.1ms
INSERT INTO "analytics_events" ("metadata","event_type","visitor_id","ip_address","inserted_at","updated_at") VALUES ($1,$2,$3,$4,$5,$6) RETURNING "id" [%{request_path: "/api/track", conversion_type: "unknown"}, "conversion", "b6e93f730804c99a5cce6dd39fa4c9f2", "127.0.0.1", ~N[2025-08-29 19:17:05], ~N[2025-08-29 19:17:05]]
13:17:05.340 request_id=GGBS61Mgvtn_o7UAAAUW [info] Sent 201 in 637µs
13:17:05.340 request_id=GGBS61MrHL__o7UAAAWW [info] POST /api/track
13:17:05.340 request_id=GGBS61MrHL__o7UAAAWW [debug] Processing with RsolvWeb.TrackController.track/2
  Parameters: %{"type" => "click"}
  Pipelines: [:api]
13:17:05.340 request_id=GGBS61MrHL__o7UAAAWW [debug] Tracking event received: click
13:17:05.340 request_id=GGBS61MrHL__o7UAAAWW [warning] Tracking undefined event: click. Consider adding to @events list.
13:17:05.340 request_id=GGBS61MrHL__o7UAAAWW [info] Analytics event tracked
13:17:05.341 request_id=GGBS61MrHL__o7UAAAWW [debug] QUERY OK db=0.2ms queue=0.1ms
SELECT create_analytics_partition_if_not_exists($1::date) [~D[2025-08-29]]
13:17:05.341 request_id=GGBS61MrHL__o7UAAAWW [debug] QUERY OK source="analytics_events" db=0.0ms
INSERT INTO "analytics_events" ("metadata","event_type","visitor_id","ip_address","inserted_at","updated_at") VALUES ($1,$2,$3,$4,$5,$6) RETURNING "id" [%{request_path: "/api/track"}, "click", "00997f091bad62bc1d69fec8b5f4f3e4", "127.0.0.1", ~N[2025-08-29 19:17:05], ~N[2025-08-29 19:17:05]]
13:17:05.341 request_id=GGBS61MrHL__o7UAAAWW [info] Sent 201 in 672µs
.13:17:05.341 request_id=GGBS61M4CKDlhhIAAC8F [info] POST /api/track
13:17:05.341 request_id=GGBS61M4CKDlhhIAAC8F [debug] Processing with RsolvWeb.TrackController.track/2
  Parameters: %{"type" => "test"}
  Pipelines: [:api]
13:17:05.341 request_id=GGBS61M4CKDlhhIAAC8F [debug] Tracking event received: test
13:17:05.341 request_id=GGBS61M4CKDlhhIAAC8F [warning] Tracking undefined event: test. Consider adding to @events list.
13:17:05.341 request_id=GGBS61M4CKDlhhIAAC8F [info] Analytics event tracked
13:17:05.341 request_id=GGBS61M4CKDlhhIAAC8F [debug] QUERY OK db=0.0ms
SELECT create_analytics_partition_if_not_exists($1::date) [~D[2025-08-29]]
13:17:05.341 request_id=GGBS61M4CKDlhhIAAC8F [debug] QUERY OK source="analytics_events" db=0.0ms
INSERT INTO "analytics_events" ("metadata","event_type","visitor_id","ip_address","inserted_at","updated_at") VALUES ($1,$2,$3,$4,$5,$6) RETURNING "id" [%{request_path: "/api/track"}, "test", "bd6b1dc1072f0ead5ea0a5032899ba9a", "127.0.0.1", ~N[2025-08-29 19:17:05], ~N[2025-08-29 19:17:05]]
13:17:05.341 request_id=GGBS61M4CKDlhhIAAC8F [info] Sent 201 in 443µs
.13:17:05.342 request_id=GGBS61NCejd_YscAAAYW [info] POST /api/track
13:17:05.342 request_id=GGBS61NCejd_YscAAAYW [debug] Processing with RsolvWeb.TrackController.track/2
  Parameters: %{"data" => %{"test" => "validation"}, "type" => "test"}
  Pipelines: [:api]
13:17:05.342 request_id=GGBS61NCejd_YscAAAYW [debug] Tracking event received: test
13:17:05.342 request_id=GGBS61NCejd_YscAAAYW [warning] Tracking undefined event: test. Consider adding to @events list.
13:17:05.342 request_id=GGBS61NCejd_YscAAAYW [info] Analytics event tracked
13:17:05.343 request_id=GGBS61NCejd_YscAAAYW [debug] QUERY OK db=1.5ms queue=0.1ms
SELECT create_analytics_partition_if_not_exists($1::date) [~D[2025-08-29]]
13:17:05.344 request_id=GGBS61NCejd_YscAAAYW [debug] QUERY OK source="analytics_events" db=0.2ms queue=0.1ms
INSERT INTO "analytics_events" ("metadata","event_type","visitor_id","ip_address","inserted_at","updated_at") VALUES ($1,$2,$3,$4,$5,$6) RETURNING "id" [%{test: "validation", request_path: "/api/track"}, "test", "353b624ed2606bc0a4250169fe5a2a26", "127.0.0.1", ~N[2025-08-29 19:17:05], ~N[2025-08-29 19:17:05]]
13:17:05.344 request_id=GGBS61NCejd_YscAAAYW [info] Sent 201 in 2ms
..13:17:05.344 request_id=GGBS61Nqc0T5bfwAAC-F [info] POST /api/track
13:17:05.344 request_id=GGBS61Nqc0T5bfwAAC-F [debug] Processing with RsolvWeb.TrackController.track/2
  Parameters: %{"type" => "page_view"}
  Pipelines: [:api]
13:17:05.344 request_id=GGBS61Nqc0T5bfwAAC-F [debug] Tracking event received: page_view
13:17:05.344 request_id=GGBS61Nqc0T5bfwAAC-F [info] Analytics event tracked
13:17:05.345 request_id=GGBS61Nqc0T5bfwAAC-F [debug] QUERY OK db=0.0ms
SELECT create_analytics_partition_if_not_exists($1::date) [~D[2025-08-29]]
13:17:05.345 request_id=GGBS61Nqc0T5bfwAAC-F [debug] QUERY OK source="analytics_events" db=0.0ms
INSERT INTO "analytics_events" ("metadata","event_type","visitor_id","page_path","ip_address","inserted_at","updated_at") VALUES ($1,$2,$3,$4,$5,$6,$7) RETURNING "id" [%{request_path: "/api/track"}, "page_view", "e942c0eec9be894907482c6191956971", "/", "127.0.0.1", ~N[2025-08-29 19:17:05], ~N[2025-08-29 19:17:05]]
13:17:05.345 request_id=GGBS61Nqc0T5bfwAAC-F [info] Sent 201 in 443µs
........................13:17:05.351 [debug] QUERY OK source="fun_with_flags_toggles" db=0.2ms queue=0.1ms
INSERT INTO "fun_with_flags_toggles" AS f0 ("enabled","target","flag_name","gate_type") VALUES ($1,$2,$3,$4) ON CONFLICT ("flag_name","gate_type","target") DO UPDATE SET "enabled" = $5 RETURNING "id" [true, "admin@test.com", "admin_dashboard", "actor", true]
13:17:05.351 [debug] QUERY OK source="fun_with_flags_toggles" db=0.1ms
SELECT f0."id", f0."flag_name", f0."gate_type", f0."target", f0."enabled" FROM "fun_with_flags_toggles" AS f0 WHERE (f0."flag_name" = $1) ["admin_dashboard"]
13:17:05.351 [debug] Telemetry event: [:fun_with_flags, :persistence, :write], metadata: %{flag_name: :admin_dashboard, gate: %FunWithFlags.Gate{type: :actor, for: "admin@test.com", enabled: true}}, measurements: %{system_time: 1756495025351927205}
13:17:05.353 [debug] QUERY OK source="fun_with_flags_toggles" db=0.1ms
INSERT INTO "fun_with_flags_toggles" AS f0 ("enabled","target","flag_name","gate_type") VALUES ($1,$2,$3,$4) ON CONFLICT ("flag_name","gate_type","target") DO UPDATE SET "enabled" = $5 RETURNING "id" [false, "_fwf_none", "admin_dashboard", "boolean", false]
13:17:05.354 [debug] QUERY OK source="fun_with_flags_toggles" db=0.1ms
SELECT f0."id", f0."flag_name", f0."gate_type", f0."target", f0."enabled" FROM "fun_with_flags_toggles" AS f0 WHERE (f0."flag_name" = $1) ["admin_dashboard"]
13:17:05.354 [debug] Telemetry event: [:fun_with_flags, :persistence, :write], metadata: %{flag_name: :admin_dashboard, gate: %FunWithFlags.Gate{type: :boolean, for: nil, enabled: false}}, measurements: %{system_time: 1756495025354071371}
....13:17:05.355 [debug] QUERY OK source="fun_with_flags_toggles" db=0.0ms
INSERT INTO "fun_with_flags_toggles" AS f0 ("enabled","target","flag_name","gate_type") VALUES ($1,$2,$3,$4) ON CONFLICT ("flag_name","gate_type","target") DO UPDATE SET "enabled" = $5 RETURNING "id" [false, "_fwf_none", "core_features", "boolean", false]
13:17:05.355 [debug] QUERY OK source="fun_with_flags_toggles" db=0.0ms
SELECT f0."id", f0."flag_name", f0."gate_type", f0."target", f0."enabled" FROM "fun_with_flags_toggles" AS f0 WHERE (f0."flag_name" = $1) ["core_features"]
13:17:05.355 [debug] Telemetry event: [:fun_with_flags, :persistence, :write], metadata: %{flag_name: :core_features, gate: %FunWithFlags.Gate{type: :boolean, for: nil, enabled: false}}, measurements: %{system_time: 1756495025355210204}
.13:17:05.355 [debug] QUERY OK source="email_unsubscribes" db=0.0ms
INSERT INTO "email_unsubscribes" ("reason","email","inserted_at") VALUES ($1,$2,$3) RETURNING "id" ["User request", "opted-out@example.com", ~N[2025-08-29 19:17:05]]
13:17:05.355 [info] [EMAIL] send_welcome_email called
13:17:05.355 [info] [EMAIL DEBUG] Full email struct before sending
13:17:05.355 [info] [EMAIL DEBUG] Extracted recipient email
13:17:05.355 [debug] QUERY OK source="email_unsubscribes" db=0.1ms
SELECT e0."id", e0."email", e0."reason", e0."inserted_at" FROM "email_unsubscribes" AS e0 ORDER BY e0."inserted_at" DESC []
13:17:05.357 [info] [EMAIL] Skipping email to unsubscribed recipient
.13:17:05.458 [info] [EMAIL] send_early_access_welcome_email called
13:17:05.458 [info] [EMAIL DEBUG] Full email struct before sending
13:17:05.458 [info] [EMAIL DEBUG] Extracted recipient email
13:17:05.458 [debug] QUERY OK source="email_unsubscribes" db=0.4ms
SELECT e0."id", e0."email", e0."reason", e0."inserted_at" FROM "email_unsubscribes" AS e0 ORDER BY e0."inserted_at" DESC []
13:17:05.459 [info] [EMAIL DEBUG] Postmark configuration
13:17:05.459 [info] [EMAIL DEBUG] Email configuration
13:17:05.459 [info] [EMAIL] Attempting to send email via Postmark
13:17:05.460 [debug] Sending email with Bamboo.TestAdapter:

%Bamboo.Email{from: {"RSOLV Team", "support@rsolv.dev"}, to: [nil: "structure@example.com"], cc: [], bcc: [], subject: "Welcome to RSOLV Early Access Program", html_body: "<div style=\"font-family: 'Helvetica Neue', Helvetica, Arial, sans-serif; max-width: 600px; margin: 0 auto; padding: 20px;\">\n  <h1 style=\"color: #2C3E50; margin-bottom: 20px;\">Welcome to RSOLV Early Access Program!</h1>\n\n  <p>Hi there,</p>\n\n  <p>Thank you for joining our Early Access Program! You're now part of an exclusive group getting first access to RSOLV.</p>\n\n  <p>Here's what you need to know:</p>\n\n  <ul>\n    <li>You have full access to all current features</li>\n    <li>Your feedback is incredibly valuable to us during this phase</li>\n    <li>You'll receive priority support via email</li>\n  </ul>\n\n  <p>To get started with RSOLV:</p>\n\n  <ol>\n    <li><strong>Your API key will be sent in a follow-up email within 24 hours</strong></li>\n    <li>Once you receive your API key, install our GitHub Action (code below)</li>\n    <li>Set up your repository secrets with your API key</li>\n    <li>Tag your first issues with \"rsolv:automate\"</li>\n  </ol>\n\n  <div style=\"background-color: #fff3cd; border: 1px solid #ffeaa7; color: #856404; padding: 10px; border-radius: 5px; margin: 15px 0;\">\n    <strong>⏳ API Key Coming Soon:</strong> We'll send your personal API key within 24 hours. Look for an email with subject \"Your RSOLV API Key\".\n  </div>\n\n  <div style=\"background-color: #f8f9fa; padding: 15px; border-radius: 5px; margin: 20px 0;\">\n    <pre style=\"margin: 0; overflow-x: auto; white-space: pre-wrap; font-family: monospace;\">name: RSOLV AutoFix\non:\n  issues:\n    types: [opened, edited, labeled]\n\njobs:\n  autofix:\n    runs-on: ubuntu-latest\n    if: contains(github.event.issue.labels.*.name, 'rsolv:automate')\n    steps:\n      - uses: RSOLV-dev/rsolv-action@v1\n        with:\n          github-token: ${{ secrets.GITHUB_TOKEN }}\n          rsolv-api-key: ${{ secrets.RSOLV_API_KEY }}</pre>\n  </div>\n\n  <p>Need help? As an Early Access member, you have priority support - contact us at <a href=\"mailto:support@rsolv.dev\">support@rsolv.dev</a> and we'll personally assist you.</p>\n\n  <p>Your trial includes unlimited automated fixes during the Early Access period.</p>\n\n  <div style=\"margin-top: 30px; padding: 15px; border: 1px solid #e0e0e0; border-radius: 5px; background-color: #f9f9f9;\">\n    <h3 style=\"margin-top: 0; color: #2C3E50;\">Early Access Program Benefits</h3>\n    <ul>\n      <li>Unlimited usage during Early Access</li>\n      <li>Priority support and feature requests</li>\n      <li>Exclusive pricing when we launch</li>\n      <li>Direct access to our development team</li>\n    </ul>\n  </div>\n\n  <p>Best,<br>The RSOLV Team</p>\n\n  <div class=\"footer\" style=\"margin-top: 40px; padding-top: 20px; border-top: 1px solid #e0e0e0; font-size: 0.9em; color: #666;\">\n    <p>\n      You're receiving this email because you joined the RSOLV Early Access Program.\n      <br>\n      If you have any questions, simply reply to this email.\n    </p>\n    <p>\n      RSOLV, Inc. • support@rsolv.dev • © 2025\n    </p>\n    <p>\n      <a href=\"https://rsolv.dev/unsubscribe?email=structure@example.com\">Unsubscribe</a> from these emails.\n    </p>\n  </div>\n</div>\n", text_body: "Welcome to RSOLV Early Access Program!\n\nHi there,\n\nThank you for joining our Early Access Program! You're now part of an exclusive group getting first access to RSOLV.\n\nHere's what you need to know:\n- You have full access to all current features\n- Your feedback is incredibly valuable to us during this phase\n- You'll receive priority support via email\n\nTo get started with RSOLV:\n1. Your API key will be sent in a follow-up email within 24 hours\n2. Once you receive your API key, install our GitHub Action\n3. Set up your repository secrets with your API key\n4. Tag your first issues with \"AUTOFIX\"\n\n⏳ API KEY COMING SOON: We'll send your personal API key within 24 hours. Look for an email with subject \"Your RSOLV API Key\".\n\nNeed help? As an Early Access member, you have priority support - contact us at support@rsolv.dev and we'll personally assist you.\n\nYour trial includes unlimited automated fixes during the Early Access period.\n\nEARLY ACCESS PROGRAM BENEFITS:\n* Unlimited usage during Early Access\n* Priority support and feature requests\n* Exclusive pricing when we launch\n* Direct access to our development team\n\nBest,\nThe RSOLV Team\n\n---\nYou're receiving this email because you joined the RSOLV Early Access Program.\nIf you have any questions, simply reply to this email.\n\nRSOLV, Inc. • support@rsolv.dev\n\nTo unsubscribe, visit: https://rsolv.dev/unsubscribe?email=structure@example.com\n", headers: %{"X-Postmark-Tag" => "early-access"}, attachments: [], assigns: %{}, private: %{tag: "early-access"}, blocked: false}

13:17:05.460 [info] [EMAIL DEBUG] Raw Postmark response
13:17:05.460 [info] [EMAIL] Email sent successfully via Postmark
.13:17:05.461 [info] [EMAIL] send_welcome_email called
13:17:05.461 [info] [EMAIL DEBUG] Full email struct before sending
13:17:05.461 [info] [EMAIL DEBUG] Extracted recipient email
13:17:05.462 [debug] QUERY OK source="email_unsubscribes" db=0.3ms
SELECT e0."id", e0."email", e0."reason", e0."inserted_at" FROM "email_unsubscribes" AS e0 ORDER BY e0."inserted_at" DESC []
13:17:05.463 [info] [EMAIL DEBUG] Postmark configuration
13:17:05.463 [info] [EMAIL DEBUG] Email configuration
13:17:05.463 [info] [EMAIL] Attempting to send email via Postmark
13:17:05.463 [debug] Sending email with Bamboo.TestAdapter:

%Bamboo.Email{from: {"RSOLV Team", "support@rsolv.dev"}, to: [nil: "fresh@example.com"], cc: [], bcc: [], subject: "Welcome to RSOLV - Let's fix your first issue in 10 minutes", html_body: "<div style=\"font-family: 'Helvetica Neue', Helvetica, Arial, sans-serif; max-width: 600px; margin: 0 auto; padding: 20px;\">\n  <h1 style=\"color: #2C3E50; margin-bottom: 20px;\">Welcome to RSOLV!</h1>\n  \n  <p>Hi FreshUser,</p>\n  \n  <p>Thanks for trying RSOLV! You're just a few minutes away from automating away your backlog.</p>\n  \n  <p>Here's how to get started:</p>\n  \n  <ol>\n    <li>Install our GitHub Action (copy & paste the code below)</li>\n    <li>Set up your repository secrets</li>\n    <li>Tag your first issues with \"rsolv:automate\"</li>\n  </ol>\n  \n  <div style=\"background-color: #f8f9fa; padding: 15px; border-radius: 5px; margin: 20px 0;\">\n    <pre style=\"margin: 0; overflow-x: auto; white-space: pre-wrap; font-family: monospace;\">name: RSOLV AutoFix\non:\n  issues:\n    types: [opened, edited, labeled]\n\njobs:\n  autofix:\n    runs-on: ubuntu-latest\n    if: contains(github.event.issue.labels.*.name, 'rsolv:automate')\n    steps:\n      - uses: RSOLV-dev/rsolv-action@v1\n        with:\n          github-token: ${{ secrets.GITHUB_TOKEN }}\n          rsolv-api-key: ${{ secrets.RSOLV_API_KEY }}</pre>\n  </div>\n  \n  <p>Need help? Contact us at <a href=\"mailto:support@rsolv.dev\">support@rsolv.dev</a> and we'll personally assist you.</p>\n  \n  <p>Your first 10 fixes are free! After that, you only pay $15 per fix that gets deployed - no credit card required to start.</p>\n  \n  <p>Best,<br>The RSOLV Team</p>\n  \n  <div class=\"footer\" style=\"margin-top: 40px; padding-top: 20px; border-top: 1px solid #e0e0e0; font-size: 0.9em; color: #666;\">\n    <p>\n      P.S. Here's a <a href=\"https://rsolv.dev/docs/getting-started\">2-minute video walkthrough</a> if you prefer.\n    </p>\n    <p>\n      RSOLV, Inc. • support@rsolv.dev • © 2025\n    </p>\n    <p>\n      <a href=\"https://rsolv.dev/unsubscribe?email=fresh@example.com\">Unsubscribe</a> from these emails.\n    </p>\n  </div>\n</div>\n", text_body: "Welcome to RSOLV!\n\nHi FreshUser,\n\nThanks for trying RSOLV! You're just a few minutes away from automating away your backlog.\n\nHere's how to get started:\n\n1. Install our GitHub Action (check the HTML version for the code snippet)\n2. Set up your repository secrets\n3. Tag your first issues with \"rsolv:automate\"\n\nNeed help? Contact us at support@rsolv.dev and we'll personally assist you.\n\nYour first 10 fixes are free! After that, you only pay $15 per fix that gets deployed - no credit card required to start.\n\nBest,\nThe RSOLV Team\n\nP.S. Check out our 2-minute video walkthrough at https://rsolv.dev/docs/getting-started\n\n---\nTo unsubscribe, visit: https://rsolv.dev/unsubscribe?email=fresh@example.com\n", headers: %{"X-Postmark-Tag" => "welcome"}, attachments: [], assigns: %{}, private: %{tag: "welcome"}, blocked: false}

13:17:05.463 [info] [EMAIL DEBUG] Raw Postmark response
13:17:05.463 [info] [EMAIL] Email sent successfully via Postmark
.13:17:05.463 [info] [EMAIL] send_early_access_welcome_email called
13:17:05.464 [info] [EMAIL DEBUG] Full email struct before sending
13:17:05.464 [info] [EMAIL DEBUG] Extracted recipient email
13:17:05.464 [debug] QUERY OK source="email_unsubscribes" db=0.6ms
SELECT e0."id", e0."email", e0."reason", e0."inserted_at" FROM "email_unsubscribes" AS e0 ORDER BY e0."inserted_at" DESC []
13:17:05.464 [info] [EMAIL DEBUG] Postmark configuration
13:17:05.464 [info] [EMAIL DEBUG] Email configuration
13:17:05.464 [info] [EMAIL] Attempting to send email via Postmark
13:17:05.465 [debug] Sending email with Bamboo.TestAdapter:

%Bamboo.Email{from: {"RSOLV Team", "support@rsolv.dev"}, to: [nil: "earlybird@example.com"], cc: [], bcc: [], subject: "Welcome to RSOLV Early Access Program", html_body: "<div style=\"font-family: 'Helvetica Neue', Helvetica, Arial, sans-serif; max-width: 600px; margin: 0 auto; padding: 20px;\">\n  <h1 style=\"color: #2C3E50; margin-bottom: 20px;\">Welcome to RSOLV Early Access Program!</h1>\n\n  <p>Hi EarlyBird,</p>\n\n  <p>Thank you for joining our Early Access Program! You're now part of an exclusive group getting first access to RSOLV.</p>\n\n  <p>Here's what you need to know:</p>\n\n  <ul>\n    <li>You have full access to all current features</li>\n    <li>Your feedback is incredibly valuable to us during this phase</li>\n    <li>You'll receive priority support via email</li>\n  </ul>\n\n  <p>To get started with RSOLV:</p>\n\n  <ol>\n    <li><strong>Your API key will be sent in a follow-up email within 24 hours</strong></li>\n    <li>Once you receive your API key, install our GitHub Action (code below)</li>\n    <li>Set up your repository secrets with your API key</li>\n    <li>Tag your first issues with \"rsolv:automate\"</li>\n  </ol>\n\n  <div style=\"background-color: #fff3cd; border: 1px solid #ffeaa7; color: #856404; padding: 10px; border-radius: 5px; margin: 15px 0;\">\n    <strong>⏳ API Key Coming Soon:</strong> We'll send your personal API key within 24 hours. Look for an email with subject \"Your RSOLV API Key\".\n  </div>\n\n  <div style=\"background-color: #f8f9fa; padding: 15px; border-radius: 5px; margin: 20px 0;\">\n    <pre style=\"margin: 0; overflow-x: auto; white-space: pre-wrap; font-family: monospace;\">name: RSOLV AutoFix\non:\n  issues:\n    types: [opened, edited, labeled]\n\njobs:\n  autofix:\n    runs-on: ubuntu-latest\n    if: contains(github.event.issue.labels.*.name, 'rsolv:automate')\n    steps:\n      - uses: RSOLV-dev/rsolv-action@v1\n        with:\n          github-token: ${{ secrets.GITHUB_TOKEN }}\n          rsolv-api-key: ${{ secrets.RSOLV_API_KEY }}</pre>\n  </div>\n\n  <p>Need help? As an Early Access member, you have priority support - contact us at <a href=\"mailto:support@rsolv.dev\">support@rsolv.dev</a> and we'll personally assist you.</p>\n\n  <p>Your trial includes unlimited automated fixes during the Early Access period.</p>\n\n  <div style=\"margin-top: 30px; padding: 15px; border: 1px solid #e0e0e0; border-radius: 5px; background-color: #f9f9f9;\">\n    <h3 style=\"margin-top: 0; color: #2C3E50;\">Early Access Program Benefits</h3>\n    <ul>\n      <li>Unlimited usage during Early Access</li>\n      <li>Priority support and feature requests</li>\n      <li>Exclusive pricing when we launch</li>\n      <li>Direct access to our development team</li>\n    </ul>\n  </div>\n\n  <p>Best,<br>The RSOLV Team</p>\n\n  <div class=\"footer\" style=\"margin-top: 40px; padding-top: 20px; border-top: 1px solid #e0e0e0; font-size: 0.9em; color: #666;\">\n    <p>\n      You're receiving this email because you joined the RSOLV Early Access Program.\n      <br>\n      If you have any questions, simply reply to this email.\n    </p>\n    <p>\n      RSOLV, Inc. • support@rsolv.dev • © 2025\n    </p>\n    <p>\n      <a href=\"https://rsolv.dev/unsubscribe?email=earlybird@example.com\">Unsubscribe</a> from these emails.\n    </p>\n  </div>\n</div>\n", text_body: "Welcome to RSOLV Early Access Program!\n\nHi EarlyBird,\n\nThank you for joining our Early Access Program! You're now part of an exclusive group getting first access to RSOLV.\n\nHere's what you need to know:\n- You have full access to all current features\n- Your feedback is incredibly valuable to us during this phase\n- You'll receive priority support via email\n\nTo get started with RSOLV:\n1. Your API key will be sent in a follow-up email within 24 hours\n2. Once you receive your API key, install our GitHub Action\n3. Set up your repository secrets with your API key\n4. Tag your first issues with \"AUTOFIX\"\n\n⏳ API KEY COMING SOON: We'll send your personal API key within 24 hours. Look for an email with subject \"Your RSOLV API Key\".\n\nNeed help? As an Early Access member, you have priority support - contact us at support@rsolv.dev and we'll personally assist you.\n\nYour trial includes unlimited automated fixes during the Early Access period.\n\nEARLY ACCESS PROGRAM BENEFITS:\n* Unlimited usage during Early Access\n* Priority support and feature requests\n* Exclusive pricing when we launch\n* Direct access to our development team\n\nBest,\nThe RSOLV Team\n\n---\nYou're receiving this email because you joined the RSOLV Early Access Program.\nIf you have any questions, simply reply to this email.\n\nRSOLV, Inc. • support@rsolv.dev\n\nTo unsubscribe, visit: https://rsolv.dev/unsubscribe?email=earlybird@example.com\n", headers: %{"X-Postmark-Tag" => "early-access"}, attachments: [], assigns: %{}, private: %{tag: "early-access"}, blocked: false}

13:17:05.465 [info] [EMAIL DEBUG] Raw Postmark response
13:17:05.465 [info] [EMAIL] Email sent successfully via Postmark
.13:17:05.465 [info] [EMAIL] send_welcome_email called
13:17:05.466 [info] [EMAIL DEBUG] Full email struct before sending
13:17:05.466 [info] [EMAIL DEBUG] Extracted recipient email
13:17:05.466 [debug] QUERY OK source="email_unsubscribes" db=0.4ms
SELECT e0."id", e0."email", e0."reason", e0."inserted_at" FROM "email_unsubscribes" AS e0 ORDER BY e0."inserted_at" DESC []
13:17:05.466 [info] [EMAIL DEBUG] Postmark configuration
13:17:05.466 [info] [EMAIL DEBUG] Email configuration
13:17:05.466 [info] [EMAIL] Attempting to send email via Postmark
13:17:05.466 [debug] Sending email with Bamboo.TestAdapter:

%Bamboo.Email{from: {"RSOLV Team", "support@rsolv.dev"}, to: [nil: "local@example.com"], cc: [], bcc: [], subject: "Welcome to RSOLV - Let's fix your first issue in 10 minutes", html_body: "<div style=\"font-family: 'Helvetica Neue', Helvetica, Arial, sans-serif; max-width: 600px; margin: 0 auto; padding: 20px;\">\n  <h1 style=\"color: #2C3E50; margin-bottom: 20px;\">Welcome to RSOLV!</h1>\n  \n  <p>Hi there,</p>\n  \n  <p>Thanks for trying RSOLV! You're just a few minutes away from automating away your backlog.</p>\n  \n  <p>Here's how to get started:</p>\n  \n  <ol>\n    <li>Install our GitHub Action (copy & paste the code below)</li>\n    <li>Set up your repository secrets</li>\n    <li>Tag your first issues with \"rsolv:automate\"</li>\n  </ol>\n  \n  <div style=\"background-color: #f8f9fa; padding: 15px; border-radius: 5px; margin: 20px 0;\">\n    <pre style=\"margin: 0; overflow-x: auto; white-space: pre-wrap; font-family: monospace;\">name: RSOLV AutoFix\non:\n  issues:\n    types: [opened, edited, labeled]\n\njobs:\n  autofix:\n    runs-on: ubuntu-latest\n    if: contains(github.event.issue.labels.*.name, 'rsolv:automate')\n    steps:\n      - uses: RSOLV-dev/rsolv-action@v1\n        with:\n          github-token: ${{ secrets.GITHUB_TOKEN }}\n          rsolv-api-key: ${{ secrets.RSOLV_API_KEY }}</pre>\n  </div>\n  \n  <p>Need help? Contact us at <a href=\"mailto:support@rsolv.dev\">support@rsolv.dev</a> and we'll personally assist you.</p>\n  \n  <p>Your first 10 fixes are free! After that, you only pay $15 per fix that gets deployed - no credit card required to start.</p>\n  \n  <p>Best,<br>The RSOLV Team</p>\n  \n  <div class=\"footer\" style=\"margin-top: 40px; padding-top: 20px; border-top: 1px solid #e0e0e0; font-size: 0.9em; color: #666;\">\n    <p>\n      P.S. Here's a <a href=\"https://rsolv.dev/docs/getting-started\">2-minute video walkthrough</a> if you prefer.\n    </p>\n    <p>\n      RSOLV, Inc. • support@rsolv.dev • © 2025\n    </p>\n    <p>\n      <a href=\"https://rsolv.dev/unsubscribe?email=local@example.com\">Unsubscribe</a> from these emails.\n    </p>\n  </div>\n</div>\n", text_body: "Welcome to RSOLV!\n\nHi there,\n\nThanks for trying RSOLV! You're just a few minutes away from automating away your backlog.\n\nHere's how to get started:\n\n1. Install our GitHub Action (check the HTML version for the code snippet)\n2. Set up your repository secrets\n3. Tag your first issues with \"rsolv:automate\"\n\nNeed help? Contact us at support@rsolv.dev and we'll personally assist you.\n\nYour first 10 fixes are free! After that, you only pay $15 per fix that gets deployed - no credit card required to start.\n\nBest,\nThe RSOLV Team\n\nP.S. Check out our 2-minute video walkthrough at https://rsolv.dev/docs/getting-started\n\n---\nTo unsubscribe, visit: https://rsolv.dev/unsubscribe?email=local@example.com\n", headers: %{"X-Postmark-Tag" => "welcome"}, attachments: [], assigns: %{}, private: %{tag: "welcome"}, blocked: false}

13:17:05.467 [info] [EMAIL DEBUG] Raw Postmark response
13:17:05.467 [info] [EMAIL] Email sent successfully via Postmark
.13:17:05.467 [debug] Sending email with Bamboo.TestAdapter:

%Bamboo.Email{from: {"RSOLV Team", "support@rsolv.dev"}, to: [nil: "adapter@test.com"], cc: [], bcc: [], subject: "Welcome to RSOLV Early Access Program", html_body: "<div style=\"font-family: 'Helvetica Neue', Helvetica, Arial, sans-serif; max-width: 600px; margin: 0 auto; padding: 20px;\">\n  <h1 style=\"color: #2C3E50; margin-bottom: 20px;\">Welcome to RSOLV Early Access Program!</h1>\n\n  <p>Hi there,</p>\n\n  <p>Thank you for joining our Early Access Program! You're now part of an exclusive group getting first access to RSOLV.</p>\n\n  <p>Here's what you need to know:</p>\n\n  <ul>\n    <li>You have full access to all current features</li>\n    <li>Your feedback is incredibly valuable to us during this phase</li>\n    <li>You'll receive priority support via email</li>\n  </ul>\n\n  <p>To get started with RSOLV:</p>\n\n  <ol>\n    <li><strong>Your API key will be sent in a follow-up email within 24 hours</strong></li>\n    <li>Once you receive your API key, install our GitHub Action (code below)</li>\n    <li>Set up your repository secrets with your API key</li>\n    <li>Tag your first issues with \"rsolv:automate\"</li>\n  </ol>\n\n  <div style=\"background-color: #fff3cd; border: 1px solid #ffeaa7; color: #856404; padding: 10px; border-radius: 5px; margin: 15px 0;\">\n    <strong>⏳ API Key Coming Soon:</strong> We'll send your personal API key within 24 hours. Look for an email with subject \"Your RSOLV API Key\".\n  </div>\n\n  <div style=\"background-color: #f8f9fa; padding: 15px; border-radius: 5px; margin: 20px 0;\">\n    <pre style=\"margin: 0; overflow-x: auto; white-space: pre-wrap; font-family: monospace;\">name: RSOLV AutoFix\non:\n  issues:\n    types: [opened, edited, labeled]\n\njobs:\n  autofix:\n    runs-on: ubuntu-latest\n    if: contains(github.event.issue.labels.*.name, 'rsolv:automate')\n    steps:\n      - uses: RSOLV-dev/rsolv-action@v1\n        with:\n          github-token: ${{ secrets.GITHUB_TOKEN }}\n          rsolv-api-key: ${{ secrets.RSOLV_API_KEY }}</pre>\n  </div>\n\n  <p>Need help? As an Early Access member, you have priority support - contact us at <a href=\"mailto:support@rsolv.dev\">support@rsolv.dev</a> and we'll personally assist you.</p>\n\n  <p>Your trial includes unlimited automated fixes during the Early Access period.</p>\n\n  <div style=\"margin-top: 30px; padding: 15px; border: 1px solid #e0e0e0; border-radius: 5px; background-color: #f9f9f9;\">\n    <h3 style=\"margin-top: 0; color: #2C3E50;\">Early Access Program Benefits</h3>\n    <ul>\n      <li>Unlimited usage during Early Access</li>\n      <li>Priority support and feature requests</li>\n      <li>Exclusive pricing when we launch</li>\n      <li>Direct access to our development team</li>\n    </ul>\n  </div>\n\n  <p>Best,<br>The RSOLV Team</p>\n\n  <div class=\"footer\" style=\"margin-top: 40px; padding-top: 20px; border-top: 1px solid #e0e0e0; font-size: 0.9em; color: #666;\">\n    <p>\n      You're receiving this email because you joined the RSOLV Early Access Program.\n      <br>\n      If you have any questions, simply reply to this email.\n    </p>\n    <p>\n      RSOLV, Inc. • support@rsolv.dev • © 2025\n    </p>\n    <p>\n      <a href=\"https://rsolv.dev/unsubscribe?email=adapter@test.com\">Unsubscribe</a> from these emails.\n    </p>\n  </div>\n</div>\n", text_body: "Welcome to RSOLV Early Access Program!\n\nHi there,\n\nThank you for joining our Early Access Program! You're now part of an exclusive group getting first access to RSOLV.\n\nHere's what you need to know:\n- You have full access to all current features\n- Your feedback is incredibly valuable to us during this phase\n- You'll receive priority support via email\n\nTo get started with RSOLV:\n1. Your API key will be sent in a follow-up email within 24 hours\n2. Once you receive your API key, install our GitHub Action\n3. Set up your repository secrets with your API key\n4. Tag your first issues with \"AUTOFIX\"\n\n⏳ API KEY COMING SOON: We'll send your personal API key within 24 hours. Look for an email with subject \"Your RSOLV API Key\".\n\nNeed help? As an Early Access member, you have priority support - contact us at support@rsolv.dev and we'll personally assist you.\n\nYour trial includes unlimited automated fixes during the Early Access period.\n\nEARLY ACCESS PROGRAM BENEFITS:\n* Unlimited usage during Early Access\n* Priority support and feature requests\n* Exclusive pricing when we launch\n* Direct access to our development team\n\nBest,\nThe RSOLV Team\n\n---\nYou're receiving this email because you joined the RSOLV Early Access Program.\nIf you have any questions, simply reply to this email.\n\nRSOLV, Inc. • support@rsolv.dev\n\nTo unsubscribe, visit: https://rsolv.dev/unsubscribe?email=adapter@test.com\n", headers: %{"X-Postmark-Tag" => "early-access"}, attachments: [], assigns: %{}, private: %{tag: "early-access"}, blocked: false}

Delivery result: {:ok,
 %Bamboo.Email{
   from: {"RSOLV Team", "support@rsolv.dev"},
   to: [nil: "adapter@test.com"],
   cc: [],
   bcc: [],
   subject: "Welcome to RSOLV Early Access Program",
   html_body: "<div style=\"font-family: 'Helvetica Neue', Helvetica, Arial, sans-serif; max-width: 600px; margin: 0 auto; padding: 20px;\">\n  <h1 style=\"color: #2C3E50; margin-bottom: 20px;\">Welcome to RSOLV Early Access Program!</h1>\n\n  <p>Hi there,</p>\n\n  <p>Thank you for joining our Early Access Program! You're now part of an exclusive group getting first access to RSOLV.</p>\n\n  <p>Here's what you need to know:</p>\n\n  <ul>\n    <li>You have full access to all current features</li>\n    <li>Your feedback is incredibly valuable to us during this phase</li>\n    <li>You'll receive priority support via email</li>\n  </ul>\n\n  <p>To get started with RSOLV:</p>\n\n  <ol>\n    <li><strong>Your API key will be sent in a follow-up email within 24 hours</strong></li>\n    <li>Once you receive your API key, install our GitHub Action (code below)</li>\n    <li>Set up your repository secrets with your API key</li>\n    <li>Tag your first issues with \"rsolv:automate\"</li>\n  </ol>\n\n  <div style=\"background-color: #fff3cd; border: 1px solid #ffeaa7; color: #856404; padding: 10px; border-radius: 5px; margin: 15px 0;\">\n    <strong>⏳ API Key Coming Soon:</strong> We'll send your personal API key within 24 hours. Look for an email with subject \"Your RSOLV API Key\".\n  </div>\n\n  <div style=\"background-color: #f8f9fa; padding: 15px; border-radius: 5px; margin: 20px 0;\">\n    <pre style=\"margin: 0; overflow-x: auto; white-space: pre-wrap; font-family: monospace;\">name: RSOLV AutoFix\non:\n  issues:\n    types: [opened, edited, labeled]\n\njobs:\n  autofix:\n    runs-on: ubuntu-latest\n    if: contains(github.event.issue.labels.*.name, 'rsolv:automate')\n    steps:\n      - uses: RSOLV-dev/rsolv-action@v1\n        with:\n          github-token: ${{ secrets.GITHUB_TOKEN }}\n          rsolv-api-key: ${{ secrets.RSOLV_API_KEY }}</pre>\n  </div>\n\n  <p>Need help? As an Early Access member, you have priority support - contact us at <a href=\"mailto:support@rsolv.dev\">support@rsolv.dev</a> and we'll personally assist you.</p>\n\n  <p>Your trial includes unlimited automated fixes during the Early Access period.</p>\n\n  <div style=\"margin-top: 30px; padding: 15px; border: 1px solid #e0e0e0; border-radius: 5px; background-color: #f9f9f9;\">\n    <h3 style=\"margin-top: 0; color: #2C3E50;\">Early Access Program Benefits</h3>\n    <ul>\n      <li>Unlimited usage during Early Access</li>\n      <li>Priority support and feature requests</li>\n      <li>Exclusive pricing when we launch</li>\n      <li>Direct access to our development team</li>\n    </ul>\n  </div>\n\n  <p>Best,<br>The RSOLV Team</p>\n\n  <div class=\"footer\" style=\"margin-top: 40px; padding-top: 20px; border-top: 1px solid #e0e0e0; font-size: 0.9em; color: #666;\">\n    <p>\n      You're receiving this email because you joined the RSOLV Early Access Program.\n      <br>\n      If you have any questions, simply reply to this email.\n    </p>\n    <p>\n      RSOLV, Inc. • support@rsolv.dev • © 2025\n    </p>\n    <p>\n      <a href=\"https://rsolv.dev/unsubscribe?email=adapter@test.com\">Unsubscribe</a> from these emails.\n    </p>\n  </div>\n</div>\n",
   text_body: "Welcome to RSOLV Early Access Program!\n\nHi there,\n\nThank you for joining our Early Access Program! You're now part of an exclusive group getting first access to RSOLV.\n\nHere's what you need to know:\n- You have full access to all current features\n- Your feedback is incredibly valuable to us during this phase\n- You'll receive priority support via email\n\nTo get started with RSOLV:\n1. Your API key will be sent in a follow-up email within 24 hours\n2. Once you receive your API key, install our GitHub Action\n3. Set up your repository secrets with your API key\n4. Tag your first issues with \"AUTOFIX\"\n\n⏳ API KEY COMING SOON: We'll send your personal API key within 24 hours. Look for an email with subject \"Your RSOLV API Key\".\n\nNeed help? As an Early Access member, you have priority support - contact us at support@rsolv.dev and we'll personally assist you.\n\nYour trial includes unlimited automated fixes during the Early Access period.\n\nEARLY ACCESS PROGRAM BENEFITS:\n* Unlimited usage during Early Access\n* Priority support and feature requests\n* Exclusive pricing when we launch\n* Direct access to our development team\n\nBest,\nThe RSOLV Team\n\n---\nYou're receiving this email because you joined the RSOLV Early Access Program.\nIf you have any questions, simply reply to this email.\n\nRSOLV, Inc. • support@rsolv.dev\n\nTo unsubscribe, visit: https://rsolv.dev/unsubscribe?email=adapter@test.com\n",
   headers: %{"X-Postmark-Tag" => "early-access"},
   attachments: [],
   assigns: %{},
   private: %{tag: "early-access"},
   blocked: false
 }}
.13:17:05.468 [debug] Sending email with Bamboo.TestAdapter:

%Bamboo.Email{from: {"RSOLV Team", "support@rsolv.dev"}, to: [nil: "direct@test.com"], cc: [], bcc: [], subject: "Welcome to RSOLV - Let's fix your first issue in 10 minutes", html_body: "<div style=\"font-family: 'Helvetica Neue', Helvetica, Arial, sans-serif; max-width: 600px; margin: 0 auto; padding: 20px;\">\n  <h1 style=\"color: #2C3E50; margin-bottom: 20px;\">Welcome to RSOLV!</h1>\n  \n  <p>Hi DirectUser,</p>\n  \n  <p>Thanks for trying RSOLV! You're just a few minutes away from automating away your backlog.</p>\n  \n  <p>Here's how to get started:</p>\n  \n  <ol>\n    <li>Install our GitHub Action (copy & paste the code below)</li>\n    <li>Set up your repository secrets</li>\n    <li>Tag your first issues with \"rsolv:automate\"</li>\n  </ol>\n  \n  <div style=\"background-color: #f8f9fa; padding: 15px; border-radius: 5px; margin: 20px 0;\">\n    <pre style=\"margin: 0; overflow-x: auto; white-space: pre-wrap; font-family: monospace;\">name: RSOLV AutoFix\non:\n  issues:\n    types: [opened, edited, labeled]\n\njobs:\n  autofix:\n    runs-on: ubuntu-latest\n    if: contains(github.event.issue.labels.*.name, 'rsolv:automate')\n    steps:\n      - uses: RSOLV-dev/rsolv-action@v1\n        with:\n          github-token: ${{ secrets.GITHUB_TOKEN }}\n          rsolv-api-key: ${{ secrets.RSOLV_API_KEY }}</pre>\n  </div>\n  \n  <p>Need help? Contact us at <a href=\"mailto:support@rsolv.dev\">support@rsolv.dev</a> and we'll personally assist you.</p>\n  \n  <p>Your first 10 fixes are free! After that, you only pay $15 per fix that gets deployed - no credit card required to start.</p>\n  \n  <p>Best,<br>The RSOLV Team</p>\n  \n  <div class=\"footer\" style=\"margin-top: 40px; padding-top: 20px; border-top: 1px solid #e0e0e0; font-size: 0.9em; color: #666;\">\n    <p>\n      P.S. Here's a <a href=\"https://rsolv.dev/docs/getting-started\">2-minute video walkthrough</a> if you prefer.\n    </p>\n    <p>\n      RSOLV, Inc. • support@rsolv.dev • © 2025\n    </p>\n    <p>\n      <a href=\"https://rsolv.dev/unsubscribe?email=direct@test.com\">Unsubscribe</a> from these emails.\n    </p>\n  </div>\n</div>\n", text_body: "Welcome to RSOLV!\n\nHi DirectUser,\n\nThanks for trying RSOLV! You're just a few minutes away from automating away your backlog.\n\nHere's how to get started:\n\n1. Install our GitHub Action (check the HTML version for the code snippet)\n2. Set up your repository secrets\n3. Tag your first issues with \"rsolv:automate\"\n\nNeed help? Contact us at support@rsolv.dev and we'll personally assist you.\n\nYour first 10 fixes are free! After that, you only pay $15 per fix that gets deployed - no credit card required to start.\n\nBest,\nThe RSOLV Team\n\nP.S. Check out our 2-minute video walkthrough at https://rsolv.dev/docs/getting-started\n\n---\nTo unsubscribe, visit: https://rsolv.dev/unsubscribe?email=direct@test.com\n", headers: %{"X-Postmark-Tag" => "welcome"}, attachments: [], assigns: %{}, private: %{tag: "welcome"}, blocked: false}

Mailer.deliver_now result: {:ok,
 %Bamboo.Email{
   from: {"RSOLV Team", "support@rsolv.dev"},
   to: [nil: "direct@test.com"],
   cc: [],
   bcc: [],
   subject: "Welcome to RSOLV - Let's fix your first issue in 10 minutes",
   html_body: "<div style=\"font-family: 'Helvetica Neue', Helvetica, Arial, sans-serif; max-width: 600px; margin: 0 auto; padding: 20px;\">\n  <h1 style=\"color: #2C3E50; margin-bottom: 20px;\">Welcome to RSOLV!</h1>\n  \n  <p>Hi DirectUser,</p>\n  \n  <p>Thanks for trying RSOLV! You're just a few minutes away from automating away your backlog.</p>\n  \n  <p>Here's how to get started:</p>\n  \n  <ol>\n    <li>Install our GitHub Action (copy & paste the code below)</li>\n    <li>Set up your repository secrets</li>\n    <li>Tag your first issues with \"rsolv:automate\"</li>\n  </ol>\n  \n  <div style=\"background-color: #f8f9fa; padding: 15px; border-radius: 5px; margin: 20px 0;\">\n    <pre style=\"margin: 0; overflow-x: auto; white-space: pre-wrap; font-family: monospace;\">name: RSOLV AutoFix\non:\n  issues:\n    types: [opened, edited, labeled]\n\njobs:\n  autofix:\n    runs-on: ubuntu-latest\n    if: contains(github.event.issue.labels.*.name, 'rsolv:automate')\n    steps:\n      - uses: RSOLV-dev/rsolv-action@v1\n        with:\n          github-token: ${{ secrets.GITHUB_TOKEN }}\n          rsolv-api-key: ${{ secrets.RSOLV_API_KEY }}</pre>\n  </div>\n  \n  <p>Need help? Contact us at <a href=\"mailto:support@rsolv.dev\">support@rsolv.dev</a> and we'll personally assist you.</p>\n  \n  <p>Your first 10 fixes are free! After that, you only pay $15 per fix that gets deployed - no credit card required to start.</p>\n  \n  <p>Best,<br>The RSOLV Team</p>\n  \n  <div class=\"footer\" style=\"margin-top: 40px; padding-top: 20px; border-top: 1px solid #e0e0e0; font-size: 0.9em; color: #666;\">\n    <p>\n      P.S. Here's a <a href=\"https://rsolv.dev/docs/getting-started\">2-minute video walkthrough</a> if you prefer.\n    </p>\n    <p>\n      RSOLV, Inc. • support@rsolv.dev • © 2025\n    </p>\n    <p>\n      <a href=\"https://rsolv.dev/unsubscribe?email=direct@test.com\">Unsubscribe</a> from these emails.\n    </p>\n  </div>\n</div>\n",
   text_body: "Welcome to RSOLV!\n\nHi DirectUser,\n\nThanks for trying RSOLV! You're just a few minutes away from automating away your backlog.\n\nHere's how to get started:\n\n1. Install our GitHub Action (check the HTML version for the code snippet)\n2. Set up your repository secrets\n3. Tag your first issues with \"rsolv:automate\"\n\nNeed help? Contact us at support@rsolv.dev and we'll personally assist you.\n\nYour first 10 fixes are free! After that, you only pay $15 per fix that gets deployed - no credit card required to start.\n\nBest,\nThe RSOLV Team\n\nP.S. Check out our 2-minute video walkthrough at https://rsolv.dev/docs/getting-started\n\n---\nTo unsubscribe, visit: https://rsolv.dev/unsubscribe?email=direct@test.com\n",
   headers: %{"X-Postmark-Tag" => "welcome"},
   attachments: [],
   assigns: %{},
   private: %{tag: "welcome"},
   blocked: false
 }}
Delivered emails count: 0
.Mailer config: [adapter: Bamboo.TestAdapter]
..................13:17:05.549 [debug] Parser response received
13:17:05.549 [info] PatternAdapter loading patterns for javascript: found 30 patterns
13:17:05.550 [info] AnalysisService: Loaded 30 patterns for javascript
13:17:05.551 [info] AnalysisService: Found 17 matches
13:17:05.551 [debug] Match confidence: 0.62475, min_confidence: 0.7, match: %{type: "js-xss-document-write", context: %{node_type: "CallExpression", depth: 3, parent_type: "ExpressionStatement"}, location: %{depth: 3, end_column: 33, end_line: 3, start_line: 3, start_column: 0}, severity: "high", pattern_id: "js-xss-document-write", pattern_name: "Cross-Site Scripting (XSS) via document.write", recommendation: "Review this code for potential security issues", confidence: 0.85, pattern_type: :xss}
13:17:05.551 [debug] Match confidence: 0.62475, min_confidence: 0.7, match: %{type: "js-xss-jquery-html", context: %{node_type: "CallExpression", depth: 3, parent_type: "ExpressionStatement"}, location: %{depth: 3, end_column: 33, end_line: 3, start_line: 3, start_column: 0}, severity: "high", pattern_id: "js-xss-jquery-html", pattern_name: "XSS via jQuery html()", recommendation: "Review this code for potential security issues", confidence: 0.85, pattern_type: :xss}
13:17:05.551 [debug] Match confidence: 0.6435000000000002, min_confidence: 0.7, match: %{type: "js-path-traversal-join", context: %{node_type: "CallExpression", depth: 3, parent_type: "ExpressionStatement"}, location: %{depth: 3, end_column: 33, end_line: 3, start_line: 3, start_column: 0}, severity: "medium", pattern_id: "js-path-traversal-join", pattern_name: "Path Traversal via path.join", recommendation: "Review this code for potential security issues", confidence: 0.7, pattern_type: :path_traversal}
13:17:05.551 [debug] Match confidence: 0.6435000000000002, min_confidence: 0.7, match: %{type: "js-path-traversal-concat", context: %{node_type: "BinaryExpression", depth: 4, parent_type: "CallExpression", argument_position: 0}, location: %{depth: 4, end_column: 32, end_line: 3, start_line: 3, start_column: 12}, severity: "medium", pattern_id: "js-path-traversal-concat", pattern_name: "Path Traversal via String Concatenation", recommendation: "Review this code for potential security issues", confidence: 0.7, pattern_type: :path_traversal}
13:17:05.551 [debug] Match confidence: 0.7150000000000001, min_confidence: 0.7, match: %{type: "js-weak-crypto-md5", context: %{node_type: "CallExpression", depth: 3, parent_type: "ExpressionStatement"}, location: %{depth: 3, end_column: 33, end_line: 3, start_line: 3, start_column: 0}, severity: "medium", pattern_id: "js-weak-crypto-md5", pattern_name: "Weak Cryptography - MD5", recommendation: "Review this code for potential security issues", confidence: 0.7, pattern_type: :weak_crypto}
13:17:05.551 [debug] Match confidence: 0.7150000000000001, min_confidence: 0.7, match: %{type: "js-weak-crypto-sha1", context: %{node_type: "CallExpression", depth: 3, parent_type: "ExpressionStatement"}, location: %{depth: 3, end_column: 33, end_line: 3, start_line: 3, start_column: 0}, severity: "medium", pattern_id: "js-weak-crypto-sha1", pattern_name: "Weak Cryptography - SHA1", recommendation: "Review this code for potential security issues", confidence: 0.7, pattern_type: :weak_crypto}
13:17:05.551 [debug] Match confidence: 0.8800000000000001, min_confidence: 0.7, match: %{type: "js-hardcoded-secret-password", context: %{node_type: "VariableDeclarator", depth: 3, parent_type: "VariableDeclaration"}, location: %{depth: 3, end_column: 58, end_line: 2, start_line: 2, start_column: 6}, severity: "high", pattern_id: "js-hardcoded-secret-password", pattern_name: "Hardcoded Password", recommendation: "Review this code for potential security issues", confidence: 0.9, pattern_type: :hardcoded_secret}
13:17:05.551 [debug] Match confidence: 0.8800000000000001, min_confidence: 0.7, match: %{type: "js-hardcoded-secret-api-key", context: %{node_type: "VariableDeclarator", depth: 3, parent_type: "VariableDeclaration"}, location: %{depth: 3, end_column: 58, end_line: 2, start_line: 2, start_column: 6}, severity: "high", pattern_id: "js-hardcoded-secret-api-key", pattern_name: "Hardcoded API Key", recommendation: "Review this code for potential security issues", confidence: 0.9, pattern_type: :hardcoded_secret}
13:17:05.551 [debug] Match confidence: 0.6435000000000002, min_confidence: 0.7, match: %{type: "js-open-redirect", context: %{node_type: "CallExpression", depth: 3, parent_type: "ExpressionStatement"}, location: %{depth: 3, end_column: 33, end_line: 3, start_line: 3, start_column: 0}, severity: "medium", pattern_id: "js-open-redirect", pattern_name: "Open Redirect Vulnerability", recommendation: "Review this code for potential security issues", confidence: 0.7, pattern_type: :open_redirect}
13:17:05.551 [debug] Match confidence: 0.7150000000000001, min_confidence: 0.7, match: %{type: "js-insecure-random", context: %{node_type: "CallExpression", depth: 3, parent_type: "ExpressionStatement"}, location: %{depth: 3, end_column: 33, end_line: 3, start_line: 3, start_column: 0}, severity: "medium", pattern_id: "js-insecure-random", pattern_name: "Insecure Random Number Generation", recommendation: "Review this code for potential security issues", confidence: 0.7, pattern_type: :insecure_random}
13:17:05.551 [debug] Match confidence: 0.46962499999999996, min_confidence: 0.7, match: %{type: "js-nosql-injection", context: %{node_type: "CallExpression", depth: 3, parent_type: "ExpressionStatement"}, location: %{depth: 3, end_column: 33, end_line: 3, start_line: 3, start_column: 0}, severity: "high", pattern_id: "js-nosql-injection", pattern_name: "NoSQL Injection", recommendation: "Review this code for potential security issues", confidence: 0.85, pattern_type: :nosql_injection}
13:17:05.551 [debug] Match confidence: 0.49725, min_confidence: 0.7, match: %{type: "js-ldap-injection", context: %{node_type: "CallExpression", depth: 3, parent_type: "ExpressionStatement"}, location: %{depth: 3, end_column: 33, end_line: 3, start_line: 3, start_column: 0}, severity: "high", pattern_id: "js-ldap-injection", pattern_name: "LDAP Injection", recommendation: "Review this code for potential security issues", confidence: 0.85, pattern_type: :ldap_injection}
13:17:05.551 [debug] Match confidence: 0.49725, min_confidence: 0.7, match: %{type: "js-xpath-injection", context: %{node_type: "CallExpression", depth: 3, parent_type: "ExpressionStatement"}, location: %{depth: 3, end_column: 33, end_line: 3, start_line: 3, start_column: 0}, severity: "high", pattern_id: "js-xpath-injection", pattern_name: "XPath Injection", recommendation: "Review this code for potential security issues", confidence: 0.85, pattern_type: :xpath_injection}
13:17:05.551 [debug] Match confidence: 0.6435000000000002, min_confidence: 0.7, match: %{type: "js-ssrf", context: %{node_type: "CallExpression", depth: 3, parent_type: "ExpressionStatement"}, location: %{depth: 3, end_column: 33, end_line: 3, start_line: 3, start_column: 0}, severity: "medium", pattern_id: "js-ssrf", pattern_name: "Server-Side Request Forgery (SSRF)", recommendation: "Review this code for potential security issues", confidence: 0.7, pattern_type: :ssrf}
13:17:05.551 [debug] Match confidence: 0.6435000000000002, min_confidence: 0.7, match: %{type: "js-insecure-deserialization", context: %{node_type: "CallExpression", depth: 3, parent_type: "ExpressionStatement"}, location: %{depth: 3, end_column: 33, end_line: 3, start_line: 3, start_column: 0}, severity: "medium", pattern_id: "js-insecure-deserialization", pattern_name: "Insecure Deserialization", recommendation: "Review this code for potential security issues", confidence: 0.7, pattern_type: :deserialization}
13:17:05.551 [debug] Match confidence: 0.6435000000000002, min_confidence: 0.7, match: %{type: "js-jwt-none-algorithm", context: %{node_type: "CallExpression", depth: 3, parent_type: "ExpressionStatement"}, location: %{depth: 3, end_column: 33, end_line: 3, start_line: 3, start_column: 0}, severity: "medium", pattern_id: "js-jwt-none-algorithm", pattern_name: "JWT None Algorithm Vulnerability", recommendation: "Review this code for potential security issues", confidence: 0.7, pattern_type: :authentication}
13:17:05.551 [debug] Match confidence: 0.6435000000000002, min_confidence: 0.7, match: %{type: "js-debug-console-log", context: %{node_type: "CallExpression", depth: 3, parent_type: "ExpressionStatement"}, location: %{depth: 3, end_column: 33, end_line: 3, start_line: 3, start_column: 0}, severity: "medium", pattern_id: "js-debug-console-log", pattern_name: "Sensitive Data in Console Logs", recommendation: "Review this code for potential security issues", confidence: 0.7, pattern_type: :information_disclosure}


  6) test full analysis flow respects confidence thresholds (Rsolv.AST.IntegrationTest)
     test/rsolv/ast/integration_test.exs:63
     Assertion with == failed
     code:  assert length(findings) == 0
     left:  5
     right: 0
     stacktrace:
       test/rsolv/ast/integration_test.exs:80: (test)

13:17:05.633 [debug] Parser response received
13:17:05.633 [info] AnalysisService: Loaded 30 patterns for javascript
13:17:05.634 [info] AnalysisService: Found 15 matches
13:17:05.634 [debug] Match confidence: 0.62475, min_confidence: 0.7, match: %{type: "js-xss-document-write", context: %{node_type: "CallExpression", depth: 5, parent_type: "ExpressionStatement", in_function: "processUserInput"}, location: %{depth: 5, end_column: 13, end_line: 3, start_line: 3, start_column: 2}, severity: "high", pattern_id: "js-xss-document-write", pattern_name: "Cross-Site Scripting (XSS) via document.write", recommendation: "Review this code for potential security issues", confidence: 0.85, pattern_type: :xss}
13:17:05.634 [debug] Match confidence: 0.62475, min_confidence: 0.7, match: %{type: "js-xss-jquery-html", context: %{node_type: "CallExpression", depth: 5, parent_type: "ExpressionStatement", in_function: "processUserInput"}, location: %{depth: 5, end_column: 13, end_line: 3, start_line: 3, start_column: 2}, severity: "high", pattern_id: "js-xss-jquery-html", pattern_name: "XSS via jQuery html()", recommendation: "Review this code for potential security issues", confidence: 0.85, pattern_type: :xss}
13:17:05.634 [debug] Match confidence: 0.6435000000000002, min_confidence: 0.7, match: %{type: "js-path-traversal-join", context: %{node_type: "CallExpression", depth: 5, parent_type: "ExpressionStatement", in_function: "processUserInput"}, location: %{depth: 5, end_column: 13, end_line: 3, start_line: 3, start_column: 2}, severity: "medium", pattern_id: "js-path-traversal-join", pattern_name: "Path Traversal via path.join", recommendation: "Review this code for potential security issues", confidence: 0.7, pattern_type: :path_traversal}
13:17:05.634 [debug] Match confidence: 0.7150000000000001, min_confidence: 0.7, match: %{type: "js-weak-crypto-md5", context: %{node_type: "CallExpression", depth: 5, parent_type: "ExpressionStatement", in_function: "processUserInput"}, location: %{depth: 5, end_column: 13, end_line: 3, start_line: 3, start_column: 2}, severity: "medium", pattern_id: "js-weak-crypto-md5", pattern_name: "Weak Cryptography - MD5", recommendation: "Review this code for potential security issues", confidence: 0.7, pattern_type: :weak_crypto}
13:17:05.634 [debug] Match confidence: 0.7150000000000001, min_confidence: 0.7, match: %{type: "js-weak-crypto-sha1", context: %{node_type: "CallExpression", depth: 5, parent_type: "ExpressionStatement", in_function: "processUserInput"}, location: %{depth: 5, end_column: 13, end_line: 3, start_line: 3, start_column: 2}, severity: "medium", pattern_id: "js-weak-crypto-sha1", pattern_name: "Weak Cryptography - SHA1", recommendation: "Review this code for potential security issues", confidence: 0.7, pattern_type: :weak_crypto}
13:17:05.634 [debug] Match confidence: 0.8308749999999999, min_confidence: 0.7, match: %{type: "js-eval-user-input", context: %{node_type: "CallExpression", depth: 5, parent_type: "ExpressionStatement", in_function: "processUserInput"}, location: %{depth: 5, end_column: 13, end_line: 3, start_line: 3, start_column: 2}, severity: "critical", pattern_id: "js-eval-user-input", pattern_name: "Dangerous eval() with User Input", recommendation: "Review this code for potential security issues", confidence: 0.95, pattern_type: :rce}
13:17:05.635 [debug] Match confidence: 0.6435000000000002, min_confidence: 0.7, match: %{type: "js-open-redirect", context: %{node_type: "CallExpression", depth: 5, parent_type: "ExpressionStatement", in_function: "processUserInput"}, location: %{depth: 5, end_column: 13, end_line: 3, start_line: 3, start_column: 2}, severity: "medium", pattern_id: "js-open-redirect", pattern_name: "Open Redirect Vulnerability", recommendation: "Review this code for potential security issues", confidence: 0.7, pattern_type: :open_redirect}
13:17:05.635 [debug] Match confidence: 0.7150000000000001, min_confidence: 0.7, match: %{type: "js-insecure-random", context: %{node_type: "CallExpression", depth: 5, parent_type: "ExpressionStatement", in_function: "processUserInput"}, location: %{depth: 5, end_column: 13, end_line: 3, start_line: 3, start_column: 2}, severity: "medium", pattern_id: "js-insecure-random", pattern_name: "Insecure Random Number Generation", recommendation: "Review this code for potential security issues", confidence: 0.7, pattern_type: :insecure_random}
13:17:05.635 [debug] Match confidence: 0.46962499999999996, min_confidence: 0.7, match: %{type: "js-nosql-injection", context: %{node_type: "CallExpression", depth: 5, parent_type: "ExpressionStatement", in_function: "processUserInput"}, location: %{depth: 5, end_column: 13, end_line: 3, start_line: 3, start_column: 2}, severity: "high", pattern_id: "js-nosql-injection", pattern_name: "NoSQL Injection", recommendation: "Review this code for potential security issues", confidence: 0.85, pattern_type: :nosql_injection}
13:17:05.635 [debug] Match confidence: 0.49725, min_confidence: 0.7, match: %{type: "js-ldap-injection", context: %{node_type: "CallExpression", depth: 5, parent_type: "ExpressionStatement", in_function: "processUserInput"}, location: %{depth: 5, end_column: 13, end_line: 3, start_line: 3, start_column: 2}, severity: "high", pattern_id: "js-ldap-injection", pattern_name: "LDAP Injection", recommendation: "Review this code for potential security issues", confidence: 0.85, pattern_type: :ldap_injection}
13:17:05.635 [debug] Match confidence: 0.49725, min_confidence: 0.7, match: %{type: "js-xpath-injection", context: %{node_type: "CallExpression", depth: 5, parent_type: "ExpressionStatement", in_function: "processUserInput"}, location: %{depth: 5, end_column: 13, end_line: 3, start_line: 3, start_column: 2}, severity: "high", pattern_id: "js-xpath-injection", pattern_name: "XPath Injection", recommendation: "Review this code for potential security issues", confidence: 0.85, pattern_type: :xpath_injection}
13:17:05.635 [debug] Match confidence: 0.6435000000000002, min_confidence: 0.7, match: %{type: "js-ssrf", context: %{node_type: "CallExpression", depth: 5, parent_type: "ExpressionStatement", in_function: "processUserInput"}, location: %{depth: 5, end_column: 13, end_line: 3, start_line: 3, start_column: 2}, severity: "medium", pattern_id: "js-ssrf", pattern_name: "Server-Side Request Forgery (SSRF)", recommendation: "Review this code for potential security issues", confidence: 0.7, pattern_type: :ssrf}
13:17:05.635 [debug] Match confidence: 0.6435000000000002, min_confidence: 0.7, match: %{type: "js-insecure-deserialization", context: %{node_type: "CallExpression", depth: 5, parent_type: "ExpressionStatement", in_function: "processUserInput"}, location: %{depth: 5, end_column: 13, end_line: 3, start_line: 3, start_column: 2}, severity: "medium", pattern_id: "js-insecure-deserialization", pattern_name: "Insecure Deserialization", recommendation: "Review this code for potential security issues", confidence: 0.7, pattern_type: :deserialization}
13:17:05.635 [debug] Match confidence: 0.6435000000000002, min_confidence: 0.7, match: %{type: "js-jwt-none-algorithm", context: %{node_type: "CallExpression", depth: 5, parent_type: "ExpressionStatement", in_function: "processUserInput"}, location: %{depth: 5, end_column: 13, end_line: 3, start_line: 3, start_column: 2}, severity: "medium", pattern_id: "js-jwt-none-algorithm", pattern_name: "JWT None Algorithm Vulnerability", recommendation: "Review this code for potential security issues", confidence: 0.7, pattern_type: :authentication}
13:17:05.635 [debug] Match confidence: 0.6435000000000002, min_confidence: 0.7, match: %{type: "js-debug-console-log", context: %{node_type: "CallExpression", depth: 5, parent_type: "ExpressionStatement", in_function: "processUserInput"}, location: %{depth: 5, end_column: 13, end_line: 3, start_line: 3, start_column: 2}, severity: "medium", pattern_id: "js-debug-console-log", pattern_name: "Sensitive Data in Console Logs", recommendation: "Review this code for potential security issues", confidence: 0.7, pattern_type: :information_disclosure}
.13:17:05.712 [debug] Parser response received
13:17:05.712 [info] AnalysisService: Loaded 30 patterns for javascript
13:17:05.713 [info] AnalysisService: Found 18 matches
13:17:05.713 [debug] Match confidence: 0.7331249999999999, min_confidence: 0.7, match: %{type: "js-sql-injection-concat", context: %{node_type: "BinaryExpression", depth: 6, parent_type: "VariableDeclarator", in_function: "getUserData"}, location: %{depth: 6, end_column: 58, end_line: 2, start_line: 2, start_column: 16}, severity: "high", pattern_id: "js-sql-injection-concat", pattern_name: "SQL Injection via String Concatenation", recommendation: "Review this code for potential security issues", confidence: 0.85, pattern_type: :sql_injection}
13:17:05.713 [debug] Match confidence: 0.62475, min_confidence: 0.7, match: %{type: "js-xss-document-write", context: %{node_type: "CallExpression", depth: 5, parent_type: "ReturnStatement", in_function: "getUserData"}, location: %{depth: 5, end_column: 26, end_line: 3, start_line: 3, start_column: 9}, severity: "high", pattern_id: "js-xss-document-write", pattern_name: "Cross-Site Scripting (XSS) via document.write", recommendation: "Review this code for potential security issues", confidence: 0.85, pattern_type: :xss}
13:17:05.713 [debug] Match confidence: 0.62475, min_confidence: 0.7, match: %{type: "js-xss-jquery-html", context: %{node_type: "CallExpression", depth: 5, parent_type: "ReturnStatement", in_function: "getUserData"}, location: %{depth: 5, end_column: 26, end_line: 3, start_line: 3, start_column: 9}, severity: "high", pattern_id: "js-xss-jquery-html", pattern_name: "XSS via jQuery html()", recommendation: "Review this code for potential security issues", confidence: 0.85, pattern_type: :xss}
13:17:05.714 [debug] Match confidence: 0.6435000000000002, min_confidence: 0.7, match: %{type: "js-path-traversal-join", context: %{node_type: "CallExpression", depth: 5, parent_type: "ReturnStatement", in_function: "getUserData"}, location: %{depth: 5, end_column: 26, end_line: 3, start_line: 3, start_column: 9}, severity: "medium", pattern_id: "js-path-traversal-join", pattern_name: "Path Traversal via path.join", recommendation: "Review this code for potential security issues", confidence: 0.7, pattern_type: :path_traversal}
13:17:05.714 [debug] Match confidence: 0.6435000000000002, min_confidence: 0.7, match: %{type: "js-path-traversal-concat", context: %{node_type: "BinaryExpression", depth: 6, parent_type: "VariableDeclarator", in_function: "getUserData"}, location: %{depth: 6, end_column: 58, end_line: 2, start_line: 2, start_column: 16}, severity: "medium", pattern_id: "js-path-traversal-concat", pattern_name: "Path Traversal via String Concatenation", recommendation: "Review this code for potential security issues", confidence: 0.7, pattern_type: :path_traversal}
13:17:05.714 [debug] Match confidence: 0.7150000000000001, min_confidence: 0.7, match: %{type: "js-weak-crypto-md5", context: %{node_type: "CallExpression", depth: 5, parent_type: "ReturnStatement", in_function: "getUserData"}, location: %{depth: 5, end_column: 26, end_line: 3, start_line: 3, start_column: 9}, severity: "medium", pattern_id: "js-weak-crypto-md5", pattern_name: "Weak Cryptography - MD5", recommendation: "Review this code for potential security issues", confidence: 0.7, pattern_type: :weak_crypto}
13:17:05.714 [debug] Match confidence: 0.7150000000000001, min_confidence: 0.7, match: %{type: "js-weak-crypto-sha1", context: %{node_type: "CallExpression", depth: 5, parent_type: "ReturnStatement", in_function: "getUserData"}, location: %{depth: 5, end_column: 26, end_line: 3, start_line: 3, start_column: 9}, severity: "medium", pattern_id: "js-weak-crypto-sha1", pattern_name: "Weak Cryptography - SHA1", recommendation: "Review this code for potential security issues", confidence: 0.7, pattern_type: :weak_crypto}
13:17:05.714 [debug] Match confidence: 0.8800000000000001, min_confidence: 0.7, match: %{type: "js-hardcoded-secret-password", context: %{node_type: "VariableDeclarator", depth: 5, parent_type: "VariableDeclaration", in_function: "getUserData"}, location: %{depth: 5, end_column: 58, end_line: 2, start_line: 2, start_column: 8}, severity: "high", pattern_id: "js-hardcoded-secret-password", pattern_name: "Hardcoded Password", recommendation: "Review this code for potential security issues", confidence: 0.9, pattern_type: :hardcoded_secret}
13:17:05.714 [debug] Match confidence: 0.8800000000000001, min_confidence: 0.7, match: %{type: "js-hardcoded-secret-api-key", context: %{node_type: "VariableDeclarator", depth: 5, parent_type: "VariableDeclaration", in_function: "getUserData"}, location: %{depth: 5, end_column: 58, end_line: 2, start_line: 2, start_column: 8}, severity: "high", pattern_id: "js-hardcoded-secret-api-key", pattern_name: "Hardcoded API Key", recommendation: "Review this code for potential security issues", confidence: 0.9, pattern_type: :hardcoded_secret}
13:17:05.714 [debug] Match confidence: 0.6435000000000002, min_confidence: 0.7, match: %{type: "js-open-redirect", context: %{node_type: "CallExpression", depth: 5, parent_type: "ReturnStatement", in_function: "getUserData"}, location: %{depth: 5, end_column: 26, end_line: 3, start_line: 3, start_column: 9}, severity: "medium", pattern_id: "js-open-redirect", pattern_name: "Open Redirect Vulnerability", recommendation: "Review this code for potential security issues", confidence: 0.7, pattern_type: :open_redirect}
13:17:05.714 [debug] Match confidence: 0.7150000000000001, min_confidence: 0.7, match: %{type: "js-insecure-random", context: %{node_type: "CallExpression", depth: 5, parent_type: "ReturnStatement", in_function: "getUserData"}, location: %{depth: 5, end_column: 26, end_line: 3, start_line: 3, start_column: 9}, severity: "medium", pattern_id: "js-insecure-random", pattern_name: "Insecure Random Number Generation", recommendation: "Review this code for potential security issues", confidence: 0.7, pattern_type: :insecure_random}
13:17:05.714 [debug] Match confidence: 0.46962499999999996, min_confidence: 0.7, match: %{type: "js-nosql-injection", context: %{node_type: "CallExpression", depth: 5, parent_type: "ReturnStatement", in_function: "getUserData"}, location: %{depth: 5, end_column: 26, end_line: 3, start_line: 3, start_column: 9}, severity: "high", pattern_id: "js-nosql-injection", pattern_name: "NoSQL Injection", recommendation: "Review this code for potential security issues", confidence: 0.85, pattern_type: :nosql_injection}
13:17:05.714 [debug] Match confidence: 0.49725, min_confidence: 0.7, match: %{type: "js-ldap-injection", context: %{node_type: "CallExpression", depth: 5, parent_type: "ReturnStatement", in_function: "getUserData"}, location: %{depth: 5, end_column: 26, end_line: 3, start_line: 3, start_column: 9}, severity: "high", pattern_id: "js-ldap-injection", pattern_name: "LDAP Injection", recommendation: "Review this code for potential security issues", confidence: 0.85, pattern_type: :ldap_injection}
13:17:05.714 [debug] Match confidence: 0.49725, min_confidence: 0.7, match: %{type: "js-xpath-injection", context: %{node_type: "CallExpression", depth: 5, parent_type: "ReturnStatement", in_function: "getUserData"}, location: %{depth: 5, end_column: 26, end_line: 3, start_line: 3, start_column: 9}, severity: "high", pattern_id: "js-xpath-injection", pattern_name: "XPath Injection", recommendation: "Review this code for potential security issues", confidence: 0.85, pattern_type: :xpath_injection}
13:17:05.714 [debug] Match confidence: 0.6435000000000002, min_confidence: 0.7, match: %{type: "js-ssrf", context: %{node_type: "CallExpression", depth: 5, parent_type: "ReturnStatement", in_function: "getUserData"}, location: %{depth: 5, end_column: 26, end_line: 3, start_line: 3, start_column: 9}, severity: "medium", pattern_id: "js-ssrf", pattern_name: "Server-Side Request Forgery (SSRF)", recommendation: "Review this code for potential security issues", confidence: 0.7, pattern_type: :ssrf}
13:17:05.714 [debug] Match confidence: 0.6435000000000002, min_confidence: 0.7, match: %{type: "js-insecure-deserialization", context: %{node_type: "CallExpression", depth: 5, parent_type: "ReturnStatement", in_function: "getUserData"}, location: %{depth: 5, end_column: 26, end_line: 3, start_line: 3, start_column: 9}, severity: "medium", pattern_id: "js-insecure-deserialization", pattern_name: "Insecure Deserialization", recommendation: "Review this code for potential security issues", confidence: 0.7, pattern_type: :deserialization}
13:17:05.714 [debug] Match confidence: 0.6435000000000002, min_confidence: 0.7, match: %{type: "js-jwt-none-algorithm", context: %{node_type: "CallExpression", depth: 5, parent_type: "ReturnStatement", in_function: "getUserData"}, location: %{depth: 5, end_column: 26, end_line: 3, start_line: 3, start_column: 9}, severity: "medium", pattern_id: "js-jwt-none-algorithm", pattern_name: "JWT None Algorithm Vulnerability", recommendation: "Review this code for potential security issues", confidence: 0.7, pattern_type: :authentication}
13:17:05.714 [debug] Match confidence: 0.6435000000000002, min_confidence: 0.7, match: %{type: "js-debug-console-log", context: %{node_type: "CallExpression", depth: 5, parent_type: "ReturnStatement", in_function: "getUserData"}, location: %{depth: 5, end_column: 26, end_line: 3, start_line: 3, start_column: 9}, severity: "medium", pattern_id: "js-debug-console-log", pattern_name: "Sensitive Data in Console Logs", recommendation: "Review this code for potential security issues", confidence: 0.7, pattern_type: :information_disclosure}
.13:17:05.729 [debug] Parser response received
13:17:05.729 [info] PatternAdapter loading patterns for python: found 12 patterns
13:17:05.729 [info] AnalysisService: Loaded 12 patterns for python
13:17:05.730 [info] AnalysisService: Found 6 matches
13:17:05.730 [debug] Match confidence: 0.7331249999999999, min_confidence: 0.7, match: %{type: "python-sql-injection-concat", context: %{node_type: "BinOp", depth: 3, parent_type: "Assign", in_function: "get_user"}, location: %{depth: 3, end_column: 0, end_line: 1, start_line: 1, start_column: 0}, severity: "high", pattern_id: "python-sql-injection-concat", pattern_name: "SQL Injection via String Concatenation", recommendation: "Review this code for potential security issues", confidence: 0.85, pattern_type: :sql_injection}
13:17:05.730 [debug] Match confidence: 0.7819999999999999, min_confidence: 0.7, match: %{type: "python-command-injection-os-system", context: %{node_type: "Call", depth: 3, parent_type: "Return", in_function: "get_user"}, location: %{depth: 3, end_column: 0, end_line: 1, start_line: 1, start_column: 0}, severity: "high", pattern_id: "python-command-injection-os-system", pattern_name: "Command Injection via os.system", recommendation: "Review this code for potential security issues", confidence: 0.85, pattern_type: :command_injection}
13:17:05.730 [debug] Match confidence: 0.7819999999999999, min_confidence: 0.7, match: %{type: "python-command-injection-subprocess-shell", context: %{node_type: "Call", depth: 3, parent_type: "Return", in_function: "get_user"}, location: %{depth: 3, end_column: 0, end_line: 1, start_line: 1, start_column: 0}, severity: "high", pattern_id: "python-command-injection-subprocess-shell", pattern_name: "Command Injection via subprocess with shell=True", recommendation: "Review this code for potential security issues", confidence: 0.85, pattern_type: :command_injection}
13:17:05.730 [debug] Match confidence: 0.6435000000000002, min_confidence: 0.7, match: %{type: "python-unsafe-pickle", context: %{node_type: "Call", depth: 3, parent_type: "Return", in_function: "get_user"}, location: %{depth: 3, end_column: 0, end_line: 1, start_line: 1, start_column: 0}, severity: "medium", pattern_id: "python-unsafe-pickle", pattern_name: "Insecure Deserialization via pickle", recommendation: "Review this code for potential security issues", confidence: 0.7, pattern_type: :deserialization}
13:17:05.730 [debug] Match confidence: 0.8308749999999999, min_confidence: 0.7, match: %{type: "python-unsafe-eval", context: %{node_type: "Call", depth: 3, parent_type: "Return", in_function: "get_user"}, location: %{depth: 3, end_column: 0, end_line: 1, start_line: 1, start_column: 0}, severity: "critical", pattern_id: "python-unsafe-eval", pattern_name: "Code Injection via eval()", recommendation: "Review this code for potential security issues", confidence: 0.95, pattern_type: :rce}
13:17:05.730 [debug] Match confidence: 0.6435000000000002, min_confidence: 0.7, match: %{type: "python-path-traversal-open", context: %{node_type: "Call", depth: 3, parent_type: "Return", in_function: "get_user"}, location: %{depth: 3, end_column: 0, end_line: 1, start_line: 1, start_column: 0}, severity: "medium", pattern_id: "python-path-traversal-open", pattern_name: "Path Traversal via open()", recommendation: "Review this code for potential security issues", confidence: 0.7, pattern_type: :path_traversal}
.13:17:05.807 [debug] Parser response received
13:17:05.808 [info] AnalysisService: Loaded 30 patterns for javascript
13:17:05.809 [info] AnalysisService: Found 16 matches
13:17:05.809 [debug] Match confidence: 0.62475, min_confidence: 0.7, match: %{type: "js-xss-document-write", context: %{node_type: "CallExpression", depth: 6, parent_type: "VariableDeclarator", in_function: "process1"}, location: %{depth: 6, end_column: 37, end_line: 3, start_line: 3, start_column: 17}, severity: "high", pattern_id: "js-xss-document-write", pattern_name: "Cross-Site Scripting (XSS) via document.write", recommendation: "Review this code for potential security issues", confidence: 0.85, pattern_type: :xss}
13:17:05.809 [debug] Match confidence: 0.62475, min_confidence: 0.7, match: %{type: "js-xss-jquery-html", context: %{node_type: "CallExpression", depth: 6, parent_type: "VariableDeclarator", in_function: "process1"}, location: %{depth: 6, end_column: 37, end_line: 3, start_line: 3, start_column: 17}, severity: "high", pattern_id: "js-xss-jquery-html", pattern_name: "XSS via jQuery html()", recommendation: "Review this code for potential security issues", confidence: 0.85, pattern_type: :xss}
13:17:05.809 [debug] Match confidence: 0.6435000000000002, min_confidence: 0.7, match: %{type: "js-path-traversal-join", context: %{node_type: "CallExpression", depth: 6, parent_type: "VariableDeclarator", in_function: "process1"}, location: %{depth: 6, end_column: 37, end_line: 3, start_line: 3, start_column: 17}, severity: "medium", pattern_id: "js-path-traversal-join", pattern_name: "Path Traversal via path.join", recommendation: "Review this code for potential security issues", confidence: 0.7, pattern_type: :path_traversal}
13:17:05.809 [debug] Match confidence: 0.7150000000000001, min_confidence: 0.7, match: %{type: "js-weak-crypto-md5", context: %{node_type: "CallExpression", depth: 6, parent_type: "VariableDeclarator", in_function: "process1"}, location: %{depth: 6, end_column: 37, end_line: 3, start_line: 3, start_column: 17}, severity: "medium", pattern_id: "js-weak-crypto-md5", pattern_name: "Weak Cryptography - MD5", recommendation: "Review this code for potential security issues", confidence: 0.7, pattern_type: :weak_crypto}
13:17:05.809 [debug] Match confidence: 0.7150000000000001, min_confidence: 0.7, match: %{type: "js-weak-crypto-sha1", context: %{node_type: "CallExpression", depth: 6, parent_type: "VariableDeclarator", in_function: "process1"}, location: %{depth: 6, end_column: 37, end_line: 3, start_line: 3, start_column: 17}, severity: "medium", pattern_id: "js-weak-crypto-sha1", pattern_name: "Weak Cryptography - SHA1", recommendation: "Review this code for potential security issues", confidence: 0.7, pattern_type: :weak_crypto}
13:17:05.809 [debug] Match confidence: 0.8800000000000001, min_confidence: 0.7, match: %{type: "js-hardcoded-secret-password", context: %{node_type: "VariableDeclarator", depth: 5, parent_type: "VariableDeclaration", in_function: "process1"}, location: %{depth: 5, end_column: 37, end_line: 3, start_line: 3, start_column: 8}, severity: "high", pattern_id: "js-hardcoded-secret-password", pattern_name: "Hardcoded Password", recommendation: "Review this code for potential security issues", confidence: 0.9, pattern_type: :hardcoded_secret}
13:17:05.809 [debug] Match confidence: 0.8800000000000001, min_confidence: 0.7, match: %{type: "js-hardcoded-secret-api-key", context: %{node_type: "VariableDeclarator", depth: 5, parent_type: "VariableDeclaration", in_function: "process1"}, location: %{depth: 5, end_column: 37, end_line: 3, start_line: 3, start_column: 8}, severity: "high", pattern_id: "js-hardcoded-secret-api-key", pattern_name: "Hardcoded API Key", recommendation: "Review this code for potential security issues", confidence: 0.9, pattern_type: :hardcoded_secret}
13:17:05.809 [debug] Match confidence: 0.6435000000000002, min_confidence: 0.7, match: %{type: "js-open-redirect", context: %{node_type: "CallExpression", depth: 6, parent_type: "VariableDeclarator", in_function: "process1"}, location: %{depth: 6, end_column: 37, end_line: 3, start_line: 3, start_column: 17}, severity: "medium", pattern_id: "js-open-redirect", pattern_name: "Open Redirect Vulnerability", recommendation: "Review this code for potential security issues", confidence: 0.7, pattern_type: :open_redirect}
13:17:05.809 [debug] Match confidence: 0.7150000000000001, min_confidence: 0.7, match: %{type: "js-insecure-random", context: %{node_type: "CallExpression", depth: 6, parent_type: "VariableDeclarator", in_function: "process1"}, location: %{depth: 6, end_column: 37, end_line: 3, start_line: 3, start_column: 17}, severity: "medium", pattern_id: "js-insecure-random", pattern_name: "Insecure Random Number Generation", recommendation: "Review this code for potential security issues", confidence: 0.7, pattern_type: :insecure_random}
13:17:05.810 [debug] Match confidence: 0.46962499999999996, min_confidence: 0.7, match: %{type: "js-nosql-injection", context: %{node_type: "CallExpression", depth: 6, parent_type: "VariableDeclarator", in_function: "process1"}, location: %{depth: 6, end_column: 37, end_line: 3, start_line: 3, start_column: 17}, severity: "high", pattern_id: "js-nosql-injection", pattern_name: "NoSQL Injection", recommendation: "Review this code for potential security issues", confidence: 0.85, pattern_type: :nosql_injection}
13:17:05.810 [debug] Match confidence: 0.49725, min_confidence: 0.7, match: %{type: "js-ldap-injection", context: %{node_type: "CallExpression", depth: 6, parent_type: "VariableDeclarator", in_function: "process1"}, location: %{depth: 6, end_column: 37, end_line: 3, start_line: 3, start_column: 17}, severity: "high", pattern_id: "js-ldap-injection", pattern_name: "LDAP Injection", recommendation: "Review this code for potential security issues", confidence: 0.85, pattern_type: :ldap_injection}
13:17:05.810 [debug] Match confidence: 0.49725, min_confidence: 0.7, match: %{type: "js-xpath-injection", context: %{node_type: "CallExpression", depth: 6, parent_type: "VariableDeclarator", in_function: "process1"}, location: %{depth: 6, end_column: 37, end_line: 3, start_line: 3, start_column: 17}, severity: "high", pattern_id: "js-xpath-injection", pattern_name: "XPath Injection", recommendation: "Review this code for potential security issues", confidence: 0.85, pattern_type: :xpath_injection}
13:17:05.810 [debug] Match confidence: 0.6435000000000002, min_confidence: 0.7, match: %{type: "js-ssrf", context: %{node_type: "CallExpression", depth: 6, parent_type: "VariableDeclarator", in_function: "process1"}, location: %{depth: 6, end_column: 37, end_line: 3, start_line: 3, start_column: 17}, severity: "medium", pattern_id: "js-ssrf", pattern_name: "Server-Side Request Forgery (SSRF)", recommendation: "Review this code for potential security issues", confidence: 0.7, pattern_type: :ssrf}
13:17:05.810 [debug] Match confidence: 0.6435000000000002, min_confidence: 0.7, match: %{type: "js-insecure-deserialization", context: %{node_type: "CallExpression", depth: 6, parent_type: "VariableDeclarator", in_function: "process1"}, location: %{depth: 6, end_column: 37, end_line: 3, start_line: 3, start_column: 17}, severity: "medium", pattern_id: "js-insecure-deserialization", pattern_name: "Insecure Deserialization", recommendation: "Review this code for potential security issues", confidence: 0.7, pattern_type: :deserialization}
13:17:05.810 [debug] Match confidence: 0.6435000000000002, min_confidence: 0.7, match: %{type: "js-jwt-none-algorithm", context: %{node_type: "CallExpression", depth: 6, parent_type: "VariableDeclarator", in_function: "process1"}, location: %{depth: 6, end_column: 37, end_line: 3, start_line: 3, start_column: 17}, severity: "medium", pattern_id: "js-jwt-none-algorithm", pattern_name: "JWT None Algorithm Vulnerability", recommendation: "Review this code for potential security issues", confidence: 0.7, pattern_type: :authentication}
13:17:05.810 [debug] Match confidence: 0.6435000000000002, min_confidence: 0.7, match: %{type: "js-debug-console-log", context: %{node_type: "CallExpression", depth: 6, parent_type: "VariableDeclarator", in_function: "process1"}, location: %{depth: 6, end_column: 37, end_line: 3, start_line: 3, start_column: 17}, severity: "medium", pattern_id: "js-debug-console-log", pattern_name: "Sensitive Data in Console Logs", recommendation: "Review this code for potential security issues", confidence: 0.7, pattern_type: :information_disclosure}
13:17:05.886 [debug] Parser response received
13:17:05.887 [info] AnalysisService: Loaded 30 patterns for javascript
13:17:05.888 [info] AnalysisService: Found 16 matches
13:17:05.888 [debug] Match confidence: 0.62475, min_confidence: 0.7, match: %{type: "js-xss-document-write", context: %{node_type: "CallExpression", depth: 6, parent_type: "VariableDeclarator", in_function: "process2"}, location: %{depth: 6, end_column: 37, end_line: 3, start_line: 3, start_column: 17}, severity: "high", pattern_id: "js-xss-document-write", pattern_name: "Cross-Site Scripting (XSS) via document.write", recommendation: "Review this code for potential security issues", confidence: 0.85, pattern_type: :xss}
13:17:05.888 [debug] Match confidence: 0.62475, min_confidence: 0.7, match: %{type: "js-xss-jquery-html", context: %{node_type: "CallExpression", depth: 6, parent_type: "VariableDeclarator", in_function: "process2"}, location: %{depth: 6, end_column: 37, end_line: 3, start_line: 3, start_column: 17}, severity: "high", pattern_id: "js-xss-jquery-html", pattern_name: "XSS via jQuery html()", recommendation: "Review this code for potential security issues", confidence: 0.85, pattern_type: :xss}
13:17:05.888 [debug] Match confidence: 0.6435000000000002, min_confidence: 0.7, match: %{type: "js-path-traversal-join", context: %{node_type: "CallExpression", depth: 6, parent_type: "VariableDeclarator", in_function: "process2"}, location: %{depth: 6, end_column: 37, end_line: 3, start_line: 3, start_column: 17}, severity: "medium", pattern_id: "js-path-traversal-join", pattern_name: "Path Traversal via path.join", recommendation: "Review this code for potential security issues", confidence: 0.7, pattern_type: :path_traversal}
13:17:05.888 [debug] Match confidence: 0.7150000000000001, min_confidence: 0.7, match: %{type: "js-weak-crypto-md5", context: %{node_type: "CallExpression", depth: 6, parent_type: "VariableDeclarator", in_function: "process2"}, location: %{depth: 6, end_column: 37, end_line: 3, start_line: 3, start_column: 17}, severity: "medium", pattern_id: "js-weak-crypto-md5", pattern_name: "Weak Cryptography - MD5", recommendation: "Review this code for potential security issues", confidence: 0.7, pattern_type: :weak_crypto}
13:17:05.888 [debug] Match confidence: 0.7150000000000001, min_confidence: 0.7, match: %{type: "js-weak-crypto-sha1", context: %{node_type: "CallExpression", depth: 6, parent_type: "VariableDeclarator", in_function: "process2"}, location: %{depth: 6, end_column: 37, end_line: 3, start_line: 3, start_column: 17}, severity: "medium", pattern_id: "js-weak-crypto-sha1", pattern_name: "Weak Cryptography - SHA1", recommendation: "Review this code for potential security issues", confidence: 0.7, pattern_type: :weak_crypto}
13:17:05.888 [debug] Match confidence: 0.8800000000000001, min_confidence: 0.7, match: %{type: "js-hardcoded-secret-password", context: %{node_type: "VariableDeclarator", depth: 5, parent_type: "VariableDeclaration", in_function: "process2"}, location: %{depth: 5, end_column: 37, end_line: 3, start_line: 3, start_column: 8}, severity: "high", pattern_id: "js-hardcoded-secret-password", pattern_name: "Hardcoded Password", recommendation: "Review this code for potential security issues", confidence: 0.9, pattern_type: :hardcoded_secret}
13:17:05.888 [debug] Match confidence: 0.8800000000000001, min_confidence: 0.7, match: %{type: "js-hardcoded-secret-api-key", context: %{node_type: "VariableDeclarator", depth: 5, parent_type: "VariableDeclaration", in_function: "process2"}, location: %{depth: 5, end_column: 37, end_line: 3, start_line: 3, start_column: 8}, severity: "high", pattern_id: "js-hardcoded-secret-api-key", pattern_name: "Hardcoded API Key", recommendation: "Review this code for potential security issues", confidence: 0.9, pattern_type: :hardcoded_secret}
13:17:05.888 [debug] Match confidence: 0.6435000000000002, min_confidence: 0.7, match: %{type: "js-open-redirect", context: %{node_type: "CallExpression", depth: 6, parent_type: "VariableDeclarator", in_function: "process2"}, location: %{depth: 6, end_column: 37, end_line: 3, start_line: 3, start_column: 17}, severity: "medium", pattern_id: "js-open-redirect", pattern_name: "Open Redirect Vulnerability", recommendation: "Review this code for potential security issues", confidence: 0.7, pattern_type: :open_redirect}
13:17:05.888 [debug] Match confidence: 0.7150000000000001, min_confidence: 0.7, match: %{type: "js-insecure-random", context: %{node_type: "CallExpression", depth: 6, parent_type: "VariableDeclarator", in_function: "process2"}, location: %{depth: 6, end_column: 37, end_line: 3, start_line: 3, start_column: 17}, severity: "medium", pattern_id: "js-insecure-random", pattern_name: "Insecure Random Number Generation", recommendation: "Review this code for potential security issues", confidence: 0.7, pattern_type: :insecure_random}
13:17:05.888 [debug] Match confidence: 0.46962499999999996, min_confidence: 0.7, match: %{type: "js-nosql-injection", context: %{node_type: "CallExpression", depth: 6, parent_type: "VariableDeclarator", in_function: "process2"}, location: %{depth: 6, end_column: 37, end_line: 3, start_line: 3, start_column: 17}, severity: "high", pattern_id: "js-nosql-injection", pattern_name: "NoSQL Injection", recommendation: "Review this code for potential security issues", confidence: 0.85, pattern_type: :nosql_injection}
13:17:05.889 [debug] Match confidence: 0.49725, min_confidence: 0.7, match: %{type: "js-ldap-injection", context: %{node_type: "CallExpression", depth: 6, parent_type: "VariableDeclarator", in_function: "process2"}, location: %{depth: 6, end_column: 37, end_line: 3, start_line: 3, start_column: 17}, severity: "high", pattern_id: "js-ldap-injection", pattern_name: "LDAP Injection", recommendation: "Review this code for potential security issues", confidence: 0.85, pattern_type: :ldap_injection}
13:17:05.889 [debug] Match confidence: 0.49725, min_confidence: 0.7, match: %{type: "js-xpath-injection", context: %{node_type: "CallExpression", depth: 6, parent_type: "VariableDeclarator", in_function: "process2"}, location: %{depth: 6, end_column: 37, end_line: 3, start_line: 3, start_column: 17}, severity: "high", pattern_id: "js-xpath-injection", pattern_name: "XPath Injection", recommendation: "Review this code for potential security issues", confidence: 0.85, pattern_type: :xpath_injection}
13:17:05.889 [debug] Match confidence: 0.6435000000000002, min_confidence: 0.7, match: %{type: "js-ssrf", context: %{node_type: "CallExpression", depth: 6, parent_type: "VariableDeclarator", in_function: "process2"}, location: %{depth: 6, end_column: 37, end_line: 3, start_line: 3, start_column: 17}, severity: "medium", pattern_id: "js-ssrf", pattern_name: "Server-Side Request Forgery (SSRF)", recommendation: "Review this code for potential security issues", confidence: 0.7, pattern_type: :ssrf}
13:17:05.889 [debug] Match confidence: 0.6435000000000002, min_confidence: 0.7, match: %{type: "js-insecure-deserialization", context: %{node_type: "CallExpression", depth: 6, parent_type: "VariableDeclarator", in_function: "process2"}, location: %{depth: 6, end_column: 37, end_line: 3, start_line: 3, start_column: 17}, severity: "medium", pattern_id: "js-insecure-deserialization", pattern_name: "Insecure Deserialization", recommendation: "Review this code for potential security issues", confidence: 0.7, pattern_type: :deserialization}
13:17:05.889 [debug] Match confidence: 0.6435000000000002, min_confidence: 0.7, match: %{type: "js-jwt-none-algorithm", context: %{node_type: "CallExpression", depth: 6, parent_type: "VariableDeclarator", in_function: "process2"}, location: %{depth: 6, end_column: 37, end_line: 3, start_line: 3, start_column: 17}, severity: "medium", pattern_id: "js-jwt-none-algorithm", pattern_name: "JWT None Algorithm Vulnerability", recommendation: "Review this code for potential security issues", confidence: 0.7, pattern_type: :authentication}
13:17:05.889 [debug] Match confidence: 0.6435000000000002, min_confidence: 0.7, match: %{type: "js-debug-console-log", context: %{node_type: "CallExpression", depth: 6, parent_type: "VariableDeclarator", in_function: "process2"}, location: %{depth: 6, end_column: 37, end_line: 3, start_line: 3, start_column: 17}, severity: "medium", pattern_id: "js-debug-console-log", pattern_name: "Sensitive Data in Console Logs", recommendation: "Review this code for potential security issues", confidence: 0.7, pattern_type: :information_disclosure}
13:17:05.966 [debug] Parser response received
13:17:05.966 [info] AnalysisService: Loaded 30 patterns for javascript
13:17:05.968 [info] AnalysisService: Found 16 matches
13:17:05.968 [debug] Match confidence: 0.62475, min_confidence: 0.7, match: %{type: "js-xss-document-write", context: %{node_type: "CallExpression", depth: 6, parent_type: "VariableDeclarator", in_function: "process3"}, location: %{depth: 6, end_column: 37, end_line: 3, start_line: 3, start_column: 17}, severity: "high", pattern_id: "js-xss-document-write", pattern_name: "Cross-Site Scripting (XSS) via document.write", recommendation: "Review this code for potential security issues", confidence: 0.85, pattern_type: :xss}
13:17:05.968 [debug] Match confidence: 0.62475, min_confidence: 0.7, match: %{type: "js-xss-jquery-html", context: %{node_type: "CallExpression", depth: 6, parent_type: "VariableDeclarator", in_function: "process3"}, location: %{depth: 6, end_column: 37, end_line: 3, start_line: 3, start_column: 17}, severity: "high", pattern_id: "js-xss-jquery-html", pattern_name: "XSS via jQuery html()", recommendation: "Review this code for potential security issues", confidence: 0.85, pattern_type: :xss}
13:17:05.968 [debug] Match confidence: 0.6435000000000002, min_confidence: 0.7, match: %{type: "js-path-traversal-join", context: %{node_type: "CallExpression", depth: 6, parent_type: "VariableDeclarator", in_function: "process3"}, location: %{depth: 6, end_column: 37, end_line: 3, start_line: 3, start_column: 17}, severity: "medium", pattern_id: "js-path-traversal-join", pattern_name: "Path Traversal via path.join", recommendation: "Review this code for potential security issues", confidence: 0.7, pattern_type: :path_traversal}
13:17:05.968 [debug] Match confidence: 0.7150000000000001, min_confidence: 0.7, match: %{type: "js-weak-crypto-md5", context: %{node_type: "CallExpression", depth: 6, parent_type: "VariableDeclarator", in_function: "process3"}, location: %{depth: 6, end_column: 37, end_line: 3, start_line: 3, start_column: 17}, severity: "medium", pattern_id: "js-weak-crypto-md5", pattern_name: "Weak Cryptography - MD5", recommendation: "Review this code for potential security issues", confidence: 0.7, pattern_type: :weak_crypto}
13:17:05.968 [debug] Match confidence: 0.7150000000000001, min_confidence: 0.7, match: %{type: "js-weak-crypto-sha1", context: %{node_type: "CallExpression", depth: 6, parent_type: "VariableDeclarator", in_function: "process3"}, location: %{depth: 6, end_column: 37, end_line: 3, start_line: 3, start_column: 17}, severity: "medium", pattern_id: "js-weak-crypto-sha1", pattern_name: "Weak Cryptography - SHA1", recommendation: "Review this code for potential security issues", confidence: 0.7, pattern_type: :weak_crypto}
13:17:05.968 [debug] Match confidence: 0.8800000000000001, min_confidence: 0.7, match: %{type: "js-hardcoded-secret-password", context: %{node_type: "VariableDeclarator", depth: 5, parent_type: "VariableDeclaration", in_function: "process3"}, location: %{depth: 5, end_column: 37, end_line: 3, start_line: 3, start_column: 8}, severity: "high", pattern_id: "js-hardcoded-secret-password", pattern_name: "Hardcoded Password", recommendation: "Review this code for potential security issues", confidence: 0.9, pattern_type: :hardcoded_secret}
13:17:05.968 [debug] Match confidence: 0.8800000000000001, min_confidence: 0.7, match: %{type: "js-hardcoded-secret-api-key", context: %{node_type: "VariableDeclarator", depth: 5, parent_type: "VariableDeclaration", in_function: "process3"}, location: %{depth: 5, end_column: 37, end_line: 3, start_line: 3, start_column: 8}, severity: "high", pattern_id: "js-hardcoded-secret-api-key", pattern_name: "Hardcoded API Key", recommendation: "Review this code for potential security issues", confidence: 0.9, pattern_type: :hardcoded_secret}
13:17:05.968 [debug] Match confidence: 0.6435000000000002, min_confidence: 0.7, match: %{type: "js-open-redirect", context: %{node_type: "CallExpression", depth: 6, parent_type: "VariableDeclarator", in_function: "process3"}, location: %{depth: 6, end_column: 37, end_line: 3, start_line: 3, start_column: 17}, severity: "medium", pattern_id: "js-open-redirect", pattern_name: "Open Redirect Vulnerability", recommendation: "Review this code for potential security issues", confidence: 0.7, pattern_type: :open_redirect}
13:17:05.968 [debug] Match confidence: 0.7150000000000001, min_confidence: 0.7, match: %{type: "js-insecure-random", context: %{node_type: "CallExpression", depth: 6, parent_type: "VariableDeclarator", in_function: "process3"}, location: %{depth: 6, end_column: 37, end_line: 3, start_line: 3, start_column: 17}, severity: "medium", pattern_id: "js-insecure-random", pattern_name: "Insecure Random Number Generation", recommendation: "Review this code for potential security issues", confidence: 0.7, pattern_type: :insecure_random}
13:17:05.968 [debug] Match confidence: 0.46962499999999996, min_confidence: 0.7, match: %{type: "js-nosql-injection", context: %{node_type: "CallExpression", depth: 6, parent_type: "VariableDeclarator", in_function: "process3"}, location: %{depth: 6, end_column: 37, end_line: 3, start_line: 3, start_column: 17}, severity: "high", pattern_id: "js-nosql-injection", pattern_name: "NoSQL Injection", recommendation: "Review this code for potential security issues", confidence: 0.85, pattern_type: :nosql_injection}
13:17:05.968 [debug] Match confidence: 0.49725, min_confidence: 0.7, match: %{type: "js-ldap-injection", context: %{node_type: "CallExpression", depth: 6, parent_type: "VariableDeclarator", in_function: "process3"}, location: %{depth: 6, end_column: 37, end_line: 3, start_line: 3, start_column: 17}, severity: "high", pattern_id: "js-ldap-injection", pattern_name: "LDAP Injection", recommendation: "Review this code for potential security issues", confidence: 0.85, pattern_type: :ldap_injection}
13:17:05.968 [debug] Match confidence: 0.49725, min_confidence: 0.7, match: %{type: "js-xpath-injection", context: %{node_type: "CallExpression", depth: 6, parent_type: "VariableDeclarator", in_function: "process3"}, location: %{depth: 6, end_column: 37, end_line: 3, start_line: 3, start_column: 17}, severity: "high", pattern_id: "js-xpath-injection", pattern_name: "XPath Injection", recommendation: "Review this code for potential security issues", confidence: 0.85, pattern_type: :xpath_injection}
13:17:05.968 [debug] Match confidence: 0.6435000000000002, min_confidence: 0.7, match: %{type: "js-ssrf", context: %{node_type: "CallExpression", depth: 6, parent_type: "VariableDeclarator", in_function: "process3"}, location: %{depth: 6, end_column: 37, end_line: 3, start_line: 3, start_column: 17}, severity: "medium", pattern_id: "js-ssrf", pattern_name: "Server-Side Request Forgery (SSRF)", recommendation: "Review this code for potential security issues", confidence: 0.7, pattern_type: :ssrf}
13:17:05.968 [debug] Match confidence: 0.6435000000000002, min_confidence: 0.7, match: %{type: "js-insecure-deserialization", context: %{node_type: "CallExpression", depth: 6, parent_type: "VariableDeclarator", in_function: "process3"}, location: %{depth: 6, end_column: 37, end_line: 3, start_line: 3, start_column: 17}, severity: "medium", pattern_id: "js-insecure-deserialization", pattern_name: "Insecure Deserialization", recommendation: "Review this code for potential security issues", confidence: 0.7, pattern_type: :deserialization}
13:17:05.968 [debug] Match confidence: 0.6435000000000002, min_confidence: 0.7, match: %{type: "js-jwt-none-algorithm", context: %{node_type: "CallExpression", depth: 6, parent_type: "VariableDeclarator", in_function: "process3"}, location: %{depth: 6, end_column: 37, end_line: 3, start_line: 3, start_column: 17}, severity: "medium", pattern_id: "js-jwt-none-algorithm", pattern_name: "JWT None Algorithm Vulnerability", recommendation: "Review this code for potential security issues", confidence: 0.7, pattern_type: :authentication}
13:17:05.968 [debug] Match confidence: 0.6435000000000002, min_confidence: 0.7, match: %{type: "js-debug-console-log", context: %{node_type: "CallExpression", depth: 6, parent_type: "VariableDeclarator", in_function: "process3"}, location: %{depth: 6, end_column: 37, end_line: 3, start_line: 3, start_column: 17}, severity: "medium", pattern_id: "js-debug-console-log", pattern_name: "Sensitive Data in Console Logs", recommendation: "Review this code for potential security issues", confidence: 0.7, pattern_type: :information_disclosure}
13:17:06.047 [debug] Parser response received
13:17:06.047 [info] AnalysisService: Loaded 30 patterns for javascript
13:17:06.048 [info] AnalysisService: Found 16 matches
13:17:06.048 [debug] Match confidence: 0.62475, min_confidence: 0.7, match: %{type: "js-xss-document-write", context: %{node_type: "CallExpression", depth: 6, parent_type: "VariableDeclarator", in_function: "process4"}, location: %{depth: 6, end_column: 37, end_line: 3, start_line: 3, start_column: 17}, severity: "high", pattern_id: "js-xss-document-write", pattern_name: "Cross-Site Scripting (XSS) via document.write", recommendation: "Review this code for potential security issues", confidence: 0.85, pattern_type: :xss}
13:17:06.048 [debug] Match confidence: 0.62475, min_confidence: 0.7, match: %{type: "js-xss-jquery-html", context: %{node_type: "CallExpression", depth: 6, parent_type: "VariableDeclarator", in_function: "process4"}, location: %{depth: 6, end_column: 37, end_line: 3, start_line: 3, start_column: 17}, severity: "high", pattern_id: "js-xss-jquery-html", pattern_name: "XSS via jQuery html()", recommendation: "Review this code for potential security issues", confidence: 0.85, pattern_type: :xss}
13:17:06.048 [debug] Match confidence: 0.6435000000000002, min_confidence: 0.7, match: %{type: "js-path-traversal-join", context: %{node_type: "CallExpression", depth: 6, parent_type: "VariableDeclarator", in_function: "process4"}, location: %{depth: 6, end_column: 37, end_line: 3, start_line: 3, start_column: 17}, severity: "medium", pattern_id: "js-path-traversal-join", pattern_name: "Path Traversal via path.join", recommendation: "Review this code for potential security issues", confidence: 0.7, pattern_type: :path_traversal}
13:17:06.048 [debug] Match confidence: 0.7150000000000001, min_confidence: 0.7, match: %{type: "js-weak-crypto-md5", context: %{node_type: "CallExpression", depth: 6, parent_type: "VariableDeclarator", in_function: "process4"}, location: %{depth: 6, end_column: 37, end_line: 3, start_line: 3, start_column: 17}, severity: "medium", pattern_id: "js-weak-crypto-md5", pattern_name: "Weak Cryptography - MD5", recommendation: "Review this code for potential security issues", confidence: 0.7, pattern_type: :weak_crypto}
13:17:06.048 [debug] Match confidence: 0.7150000000000001, min_confidence: 0.7, match: %{type: "js-weak-crypto-sha1", context: %{node_type: "CallExpression", depth: 6, parent_type: "VariableDeclarator", in_function: "process4"}, location: %{depth: 6, end_column: 37, end_line: 3, start_line: 3, start_column: 17}, severity: "medium", pattern_id: "js-weak-crypto-sha1", pattern_name: "Weak Cryptography - SHA1", recommendation: "Review this code for potential security issues", confidence: 0.7, pattern_type: :weak_crypto}
13:17:06.048 [debug] Match confidence: 0.8800000000000001, min_confidence: 0.7, match: %{type: "js-hardcoded-secret-password", context: %{node_type: "VariableDeclarator", depth: 5, parent_type: "VariableDeclaration", in_function: "process4"}, location: %{depth: 5, end_column: 37, end_line: 3, start_line: 3, start_column: 8}, severity: "high", pattern_id: "js-hardcoded-secret-password", pattern_name: "Hardcoded Password", recommendation: "Review this code for potential security issues", confidence: 0.9, pattern_type: :hardcoded_secret}
13:17:06.049 [debug] Match confidence: 0.8800000000000001, min_confidence: 0.7, match: %{type: "js-hardcoded-secret-api-key", context: %{node_type: "VariableDeclarator", depth: 5, parent_type: "VariableDeclaration", in_function: "process4"}, location: %{depth: 5, end_column: 37, end_line: 3, start_line: 3, start_column: 8}, severity: "high", pattern_id: "js-hardcoded-secret-api-key", pattern_name: "Hardcoded API Key", recommendation: "Review this code for potential security issues", confidence: 0.9, pattern_type: :hardcoded_secret}
13:17:06.049 [debug] Match confidence: 0.6435000000000002, min_confidence: 0.7, match: %{type: "js-open-redirect", context: %{node_type: "CallExpression", depth: 6, parent_type: "VariableDeclarator", in_function: "process4"}, location: %{depth: 6, end_column: 37, end_line: 3, start_line: 3, start_column: 17}, severity: "medium", pattern_id: "js-open-redirect", pattern_name: "Open Redirect Vulnerability", recommendation: "Review this code for potential security issues", confidence: 0.7, pattern_type: :open_redirect}
13:17:06.049 [debug] Match confidence: 0.7150000000000001, min_confidence: 0.7, match: %{type: "js-insecure-random", context: %{node_type: "CallExpression", depth: 6, parent_type: "VariableDeclarator", in_function: "process4"}, location: %{depth: 6, end_column: 37, end_line: 3, start_line: 3, start_column: 17}, severity: "medium", pattern_id: "js-insecure-random", pattern_name: "Insecure Random Number Generation", recommendation: "Review this code for potential security issues", confidence: 0.7, pattern_type: :insecure_random}
13:17:06.049 [debug] Match confidence: 0.46962499999999996, min_confidence: 0.7, match: %{type: "js-nosql-injection", context: %{node_type: "CallExpression", depth: 6, parent_type: "VariableDeclarator", in_function: "process4"}, location: %{depth: 6, end_column: 37, end_line: 3, start_line: 3, start_column: 17}, severity: "high", pattern_id: "js-nosql-injection", pattern_name: "NoSQL Injection", recommendation: "Review this code for potential security issues", confidence: 0.85, pattern_type: :nosql_injection}
13:17:06.049 [debug] Match confidence: 0.49725, min_confidence: 0.7, match: %{type: "js-ldap-injection", context: %{node_type: "CallExpression", depth: 6, parent_type: "VariableDeclarator", in_function: "process4"}, location: %{depth: 6, end_column: 37, end_line: 3, start_line: 3, start_column: 17}, severity: "high", pattern_id: "js-ldap-injection", pattern_name: "LDAP Injection", recommendation: "Review this code for potential security issues", confidence: 0.85, pattern_type: :ldap_injection}
13:17:06.049 [debug] Match confidence: 0.49725, min_confidence: 0.7, match: %{type: "js-xpath-injection", context: %{node_type: "CallExpression", depth: 6, parent_type: "VariableDeclarator", in_function: "process4"}, location: %{depth: 6, end_column: 37, end_line: 3, start_line: 3, start_column: 17}, severity: "high", pattern_id: "js-xpath-injection", pattern_name: "XPath Injection", recommendation: "Review this code for potential security issues", confidence: 0.85, pattern_type: :xpath_injection}
13:17:06.049 [debug] Match confidence: 0.6435000000000002, min_confidence: 0.7, match: %{type: "js-ssrf", context: %{node_type: "CallExpression", depth: 6, parent_type: "VariableDeclarator", in_function: "process4"}, location: %{depth: 6, end_column: 37, end_line: 3, start_line: 3, start_column: 17}, severity: "medium", pattern_id: "js-ssrf", pattern_name: "Server-Side Request Forgery (SSRF)", recommendation: "Review this code for potential security issues", confidence: 0.7, pattern_type: :ssrf}
13:17:06.049 [debug] Match confidence: 0.6435000000000002, min_confidence: 0.7, match: %{type: "js-insecure-deserialization", context: %{node_type: "CallExpression", depth: 6, parent_type: "VariableDeclarator", in_function: "process4"}, location: %{depth: 6, end_column: 37, end_line: 3, start_line: 3, start_column: 17}, severity: "medium", pattern_id: "js-insecure-deserialization", pattern_name: "Insecure Deserialization", recommendation: "Review this code for potential security issues", confidence: 0.7, pattern_type: :deserialization}
13:17:06.049 [debug] Match confidence: 0.6435000000000002, min_confidence: 0.7, match: %{type: "js-jwt-none-algorithm", context: %{node_type: "CallExpression", depth: 6, parent_type: "VariableDeclarator", in_function: "process4"}, location: %{depth: 6, end_column: 37, end_line: 3, start_line: 3, start_column: 17}, severity: "medium", pattern_id: "js-jwt-none-algorithm", pattern_name: "JWT None Algorithm Vulnerability", recommendation: "Review this code for potential security issues", confidence: 0.7, pattern_type: :authentication}
13:17:06.049 [debug] Match confidence: 0.6435000000000002, min_confidence: 0.7, match: %{type: "js-debug-console-log", context: %{node_type: "CallExpression", depth: 6, parent_type: "VariableDeclarator", in_function: "process4"}, location: %{depth: 6, end_column: 37, end_line: 3, start_line: 3, start_column: 17}, severity: "medium", pattern_id: "js-debug-console-log", pattern_name: "Sensitive Data in Console Logs", recommendation: "Review this code for potential security issues", confidence: 0.7, pattern_type: :information_disclosure}
13:17:06.127 [debug] Parser response received
13:17:06.127 [info] AnalysisService: Loaded 30 patterns for javascript
13:17:06.129 [info] AnalysisService: Found 16 matches
13:17:06.129 [debug] Match confidence: 0.62475, min_confidence: 0.7, match: %{type: "js-xss-document-write", context: %{node_type: "CallExpression", depth: 6, parent_type: "VariableDeclarator", in_function: "process5"}, location: %{depth: 6, end_column: 37, end_line: 3, start_line: 3, start_column: 17}, severity: "high", pattern_id: "js-xss-document-write", pattern_name: "Cross-Site Scripting (XSS) via document.write", recommendation: "Review this code for potential security issues", confidence: 0.85, pattern_type: :xss}
13:17:06.129 [debug] Match confidence: 0.62475, min_confidence: 0.7, match: %{type: "js-xss-jquery-html", context: %{node_type: "CallExpression", depth: 6, parent_type: "VariableDeclarator", in_function: "process5"}, location: %{depth: 6, end_column: 37, end_line: 3, start_line: 3, start_column: 17}, severity: "high", pattern_id: "js-xss-jquery-html", pattern_name: "XSS via jQuery html()", recommendation: "Review this code for potential security issues", confidence: 0.85, pattern_type: :xss}
13:17:06.129 [debug] Match confidence: 0.6435000000000002, min_confidence: 0.7, match: %{type: "js-path-traversal-join", context: %{node_type: "CallExpression", depth: 6, parent_type: "VariableDeclarator", in_function: "process5"}, location: %{depth: 6, end_column: 37, end_line: 3, start_line: 3, start_column: 17}, severity: "medium", pattern_id: "js-path-traversal-join", pattern_name: "Path Traversal via path.join", recommendation: "Review this code for potential security issues", confidence: 0.7, pattern_type: :path_traversal}
13:17:06.129 [debug] Match confidence: 0.7150000000000001, min_confidence: 0.7, match: %{type: "js-weak-crypto-md5", context: %{node_type: "CallExpression", depth: 6, parent_type: "VariableDeclarator", in_function: "process5"}, location: %{depth: 6, end_column: 37, end_line: 3, start_line: 3, start_column: 17}, severity: "medium", pattern_id: "js-weak-crypto-md5", pattern_name: "Weak Cryptography - MD5", recommendation: "Review this code for potential security issues", confidence: 0.7, pattern_type: :weak_crypto}
13:17:06.129 [debug] Match confidence: 0.7150000000000001, min_confidence: 0.7, match: %{type: "js-weak-crypto-sha1", context: %{node_type: "CallExpression", depth: 6, parent_type: "VariableDeclarator", in_function: "process5"}, location: %{depth: 6, end_column: 37, end_line: 3, start_line: 3, start_column: 17}, severity: "medium", pattern_id: "js-weak-crypto-sha1", pattern_name: "Weak Cryptography - SHA1", recommendation: "Review this code for potential security issues", confidence: 0.7, pattern_type: :weak_crypto}
13:17:06.129 [debug] Match confidence: 0.8800000000000001, min_confidence: 0.7, match: %{type: "js-hardcoded-secret-password", context: %{node_type: "VariableDeclarator", depth: 5, parent_type: "VariableDeclaration", in_function: "process5"}, location: %{depth: 5, end_column: 37, end_line: 3, start_line: 3, start_column: 8}, severity: "high", pattern_id: "js-hardcoded-secret-password", pattern_name: "Hardcoded Password", recommendation: "Review this code for potential security issues", confidence: 0.9, pattern_type: :hardcoded_secret}
13:17:06.129 [debug] Match confidence: 0.8800000000000001, min_confidence: 0.7, match: %{type: "js-hardcoded-secret-api-key", context: %{node_type: "VariableDeclarator", depth: 5, parent_type: "VariableDeclaration", in_function: "process5"}, location: %{depth: 5, end_column: 37, end_line: 3, start_line: 3, start_column: 8}, severity: "high", pattern_id: "js-hardcoded-secret-api-key", pattern_name: "Hardcoded API Key", recommendation: "Review this code for potential security issues", confidence: 0.9, pattern_type: :hardcoded_secret}
13:17:06.129 [debug] Match confidence: 0.6435000000000002, min_confidence: 0.7, match: %{type: "js-open-redirect", context: %{node_type: "CallExpression", depth: 6, parent_type: "VariableDeclarator", in_function: "process5"}, location: %{depth: 6, end_column: 37, end_line: 3, start_line: 3, start_column: 17}, severity: "medium", pattern_id: "js-open-redirect", pattern_name: "Open Redirect Vulnerability", recommendation: "Review this code for potential security issues", confidence: 0.7, pattern_type: :open_redirect}
13:17:06.129 [debug] Match confidence: 0.7150000000000001, min_confidence: 0.7, match: %{type: "js-insecure-random", context: %{node_type: "CallExpression", depth: 6, parent_type: "VariableDeclarator", in_function: "process5"}, location: %{depth: 6, end_column: 37, end_line: 3, start_line: 3, start_column: 17}, severity: "medium", pattern_id: "js-insecure-random", pattern_name: "Insecure Random Number Generation", recommendation: "Review this code for potential security issues", confidence: 0.7, pattern_type: :insecure_random}
13:17:06.129 [debug] Match confidence: 0.46962499999999996, min_confidence: 0.7, match: %{type: "js-nosql-injection", context: %{node_type: "CallExpression", depth: 6, parent_type: "VariableDeclarator", in_function: "process5"}, location: %{depth: 6, end_column: 37, end_line: 3, start_line: 3, start_column: 17}, severity: "high", pattern_id: "js-nosql-injection", pattern_name: "NoSQL Injection", recommendation: "Review this code for potential security issues", confidence: 0.85, pattern_type: :nosql_injection}
13:17:06.129 [debug] Match confidence: 0.49725, min_confidence: 0.7, match: %{type: "js-ldap-injection", context: %{node_type: "CallExpression", depth: 6, parent_type: "VariableDeclarator", in_function: "process5"}, location: %{depth: 6, end_column: 37, end_line: 3, start_line: 3, start_column: 17}, severity: "high", pattern_id: "js-ldap-injection", pattern_name: "LDAP Injection", recommendation: "Review this code for potential security issues", confidence: 0.85, pattern_type: :ldap_injection}
13:17:06.129 [debug] Match confidence: 0.49725, min_confidence: 0.7, match: %{type: "js-xpath-injection", context: %{node_type: "CallExpression", depth: 6, parent_type: "VariableDeclarator", in_function: "process5"}, location: %{depth: 6, end_column: 37, end_line: 3, start_line: 3, start_column: 17}, severity: "high", pattern_id: "js-xpath-injection", pattern_name: "XPath Injection", recommendation: "Review this code for potential security issues", confidence: 0.85, pattern_type: :xpath_injection}
13:17:06.129 [debug] Match confidence: 0.6435000000000002, min_confidence: 0.7, match: %{type: "js-ssrf", context: %{node_type: "CallExpression", depth: 6, parent_type: "VariableDeclarator", in_function: "process5"}, location: %{depth: 6, end_column: 37, end_line: 3, start_line: 3, start_column: 17}, severity: "medium", pattern_id: "js-ssrf", pattern_name: "Server-Side Request Forgery (SSRF)", recommendation: "Review this code for potential security issues", confidence: 0.7, pattern_type: :ssrf}
13:17:06.129 [debug] Match confidence: 0.6435000000000002, min_confidence: 0.7, match: %{type: "js-insecure-deserialization", context: %{node_type: "CallExpression", depth: 6, parent_type: "VariableDeclarator", in_function: "process5"}, location: %{depth: 6, end_column: 37, end_line: 3, start_line: 3, start_column: 17}, severity: "medium", pattern_id: "js-insecure-deserialization", pattern_name: "Insecure Deserialization", recommendation: "Review this code for potential security issues", confidence: 0.7, pattern_type: :deserialization}
13:17:06.130 [debug] Match confidence: 0.6435000000000002, min_confidence: 0.7, match: %{type: "js-jwt-none-algorithm", context: %{node_type: "CallExpression", depth: 6, parent_type: "VariableDeclarator", in_function: "process5"}, location: %{depth: 6, end_column: 37, end_line: 3, start_line: 3, start_column: 17}, severity: "medium", pattern_id: "js-jwt-none-algorithm", pattern_name: "JWT None Algorithm Vulnerability", recommendation: "Review this code for potential security issues", confidence: 0.7, pattern_type: :authentication}
13:17:06.130 [debug] Match confidence: 0.6435000000000002, min_confidence: 0.7, match: %{type: "js-debug-console-log", context: %{node_type: "CallExpression", depth: 6, parent_type: "VariableDeclarator", in_function: "process5"}, location: %{depth: 6, end_column: 37, end_line: 3, start_line: 3, start_column: 17}, severity: "medium", pattern_id: "js-debug-console-log", pattern_name: "Sensitive Data in Console Logs", recommendation: "Review this code for potential security issues", confidence: 0.7, pattern_type: :information_disclosure}
13:17:06.207 [debug] Parser response received
13:17:06.207 [info] AnalysisService: Loaded 30 patterns for javascript
13:17:06.209 [info] AnalysisService: Found 16 matches
13:17:06.209 [debug] Match confidence: 0.62475, min_confidence: 0.7, match: %{type: "js-xss-document-write", context: %{node_type: "CallExpression", depth: 6, parent_type: "VariableDeclarator", in_function: "process6"}, location: %{depth: 6, end_column: 37, end_line: 3, start_line: 3, start_column: 17}, severity: "high", pattern_id: "js-xss-document-write", pattern_name: "Cross-Site Scripting (XSS) via document.write", recommendation: "Review this code for potential security issues", confidence: 0.85, pattern_type: :xss}
13:17:06.209 [debug] Match confidence: 0.62475, min_confidence: 0.7, match: %{type: "js-xss-jquery-html", context: %{node_type: "CallExpression", depth: 6, parent_type: "VariableDeclarator", in_function: "process6"}, location: %{depth: 6, end_column: 37, end_line: 3, start_line: 3, start_column: 17}, severity: "high", pattern_id: "js-xss-jquery-html", pattern_name: "XSS via jQuery html()", recommendation: "Review this code for potential security issues", confidence: 0.85, pattern_type: :xss}
13:17:06.209 [debug] Match confidence: 0.6435000000000002, min_confidence: 0.7, match: %{type: "js-path-traversal-join", context: %{node_type: "CallExpression", depth: 6, parent_type: "VariableDeclarator", in_function: "process6"}, location: %{depth: 6, end_column: 37, end_line: 3, start_line: 3, start_column: 17}, severity: "medium", pattern_id: "js-path-traversal-join", pattern_name: "Path Traversal via path.join", recommendation: "Review this code for potential security issues", confidence: 0.7, pattern_type: :path_traversal}
13:17:06.209 [debug] Match confidence: 0.7150000000000001, min_confidence: 0.7, match: %{type: "js-weak-crypto-md5", context: %{node_type: "CallExpression", depth: 6, parent_type: "VariableDeclarator", in_function: "process6"}, location: %{depth: 6, end_column: 37, end_line: 3, start_line: 3, start_column: 17}, severity: "medium", pattern_id: "js-weak-crypto-md5", pattern_name: "Weak Cryptography - MD5", recommendation: "Review this code for potential security issues", confidence: 0.7, pattern_type: :weak_crypto}
13:17:06.209 [debug] Match confidence: 0.7150000000000001, min_confidence: 0.7, match: %{type: "js-weak-crypto-sha1", context: %{node_type: "CallExpression", depth: 6, parent_type: "VariableDeclarator", in_function: "process6"}, location: %{depth: 6, end_column: 37, end_line: 3, start_line: 3, start_column: 17}, severity: "medium", pattern_id: "js-weak-crypto-sha1", pattern_name: "Weak Cryptography - SHA1", recommendation: "Review this code for potential security issues", confidence: 0.7, pattern_type: :weak_crypto}
13:17:06.209 [debug] Match confidence: 0.8800000000000001, min_confidence: 0.7, match: %{type: "js-hardcoded-secret-password", context: %{node_type: "VariableDeclarator", depth: 5, parent_type: "VariableDeclaration", in_function: "process6"}, location: %{depth: 5, end_column: 37, end_line: 3, start_line: 3, start_column: 8}, severity: "high", pattern_id: "js-hardcoded-secret-password", pattern_name: "Hardcoded Password", recommendation: "Review this code for potential security issues", confidence: 0.9, pattern_type: :hardcoded_secret}
13:17:06.209 [debug] Match confidence: 0.8800000000000001, min_confidence: 0.7, match: %{type: "js-hardcoded-secret-api-key", context: %{node_type: "VariableDeclarator", depth: 5, parent_type: "VariableDeclaration", in_function: "process6"}, location: %{depth: 5, end_column: 37, end_line: 3, start_line: 3, start_column: 8}, severity: "high", pattern_id: "js-hardcoded-secret-api-key", pattern_name: "Hardcoded API Key", recommendation: "Review this code for potential security issues", confidence: 0.9, pattern_type: :hardcoded_secret}
13:17:06.209 [debug] Match confidence: 0.6435000000000002, min_confidence: 0.7, match: %{type: "js-open-redirect", context: %{node_type: "CallExpression", depth: 6, parent_type: "VariableDeclarator", in_function: "process6"}, location: %{depth: 6, end_column: 37, end_line: 3, start_line: 3, start_column: 17}, severity: "medium", pattern_id: "js-open-redirect", pattern_name: "Open Redirect Vulnerability", recommendation: "Review this code for potential security issues", confidence: 0.7, pattern_type: :open_redirect}
13:17:06.209 [debug] Match confidence: 0.7150000000000001, min_confidence: 0.7, match: %{type: "js-insecure-random", context: %{node_type: "CallExpression", depth: 6, parent_type: "VariableDeclarator", in_function: "process6"}, location: %{depth: 6, end_column: 37, end_line: 3, start_line: 3, start_column: 17}, severity: "medium", pattern_id: "js-insecure-random", pattern_name: "Insecure Random Number Generation", recommendation: "Review this code for potential security issues", confidence: 0.7, pattern_type: :insecure_random}
13:17:06.209 [debug] Match confidence: 0.46962499999999996, min_confidence: 0.7, match: %{type: "js-nosql-injection", context: %{node_type: "CallExpression", depth: 6, parent_type: "VariableDeclarator", in_function: "process6"}, location: %{depth: 6, end_column: 37, end_line: 3, start_line: 3, start_column: 17}, severity: "high", pattern_id: "js-nosql-injection", pattern_name: "NoSQL Injection", recommendation: "Review this code for potential security issues", confidence: 0.85, pattern_type: :nosql_injection}
13:17:06.209 [debug] Match confidence: 0.49725, min_confidence: 0.7, match: %{type: "js-ldap-injection", context: %{node_type: "CallExpression", depth: 6, parent_type: "VariableDeclarator", in_function: "process6"}, location: %{depth: 6, end_column: 37, end_line: 3, start_line: 3, start_column: 17}, severity: "high", pattern_id: "js-ldap-injection", pattern_name: "LDAP Injection", recommendation: "Review this code for potential security issues", confidence: 0.85, pattern_type: :ldap_injection}
13:17:06.209 [debug] Match confidence: 0.49725, min_confidence: 0.7, match: %{type: "js-xpath-injection", context: %{node_type: "CallExpression", depth: 6, parent_type: "VariableDeclarator", in_function: "process6"}, location: %{depth: 6, end_column: 37, end_line: 3, start_line: 3, start_column: 17}, severity: "high", pattern_id: "js-xpath-injection", pattern_name: "XPath Injection", recommendation: "Review this code for potential security issues", confidence: 0.85, pattern_type: :xpath_injection}
13:17:06.209 [debug] Match confidence: 0.6435000000000002, min_confidence: 0.7, match: %{type: "js-ssrf", context: %{node_type: "CallExpression", depth: 6, parent_type: "VariableDeclarator", in_function: "process6"}, location: %{depth: 6, end_column: 37, end_line: 3, start_line: 3, start_column: 17}, severity: "medium", pattern_id: "js-ssrf", pattern_name: "Server-Side Request Forgery (SSRF)", recommendation: "Review this code for potential security issues", confidence: 0.7, pattern_type: :ssrf}
13:17:06.209 [debug] Match confidence: 0.6435000000000002, min_confidence: 0.7, match: %{type: "js-insecure-deserialization", context: %{node_type: "CallExpression", depth: 6, parent_type: "VariableDeclarator", in_function: "process6"}, location: %{depth: 6, end_column: 37, end_line: 3, start_line: 3, start_column: 17}, severity: "medium", pattern_id: "js-insecure-deserialization", pattern_name: "Insecure Deserialization", recommendation: "Review this code for potential security issues", confidence: 0.7, pattern_type: :deserialization}
13:17:06.209 [debug] Match confidence: 0.6435000000000002, min_confidence: 0.7, match: %{type: "js-jwt-none-algorithm", context: %{node_type: "CallExpression", depth: 6, parent_type: "VariableDeclarator", in_function: "process6"}, location: %{depth: 6, end_column: 37, end_line: 3, start_line: 3, start_column: 17}, severity: "medium", pattern_id: "js-jwt-none-algorithm", pattern_name: "JWT None Algorithm Vulnerability", recommendation: "Review this code for potential security issues", confidence: 0.7, pattern_type: :authentication}
13:17:06.209 [debug] Match confidence: 0.6435000000000002, min_confidence: 0.7, match: %{type: "js-debug-console-log", context: %{node_type: "CallExpression", depth: 6, parent_type: "VariableDeclarator", in_function: "process6"}, location: %{depth: 6, end_column: 37, end_line: 3, start_line: 3, start_column: 17}, severity: "medium", pattern_id: "js-debug-console-log", pattern_name: "Sensitive Data in Console Logs", recommendation: "Review this code for potential security issues", confidence: 0.7, pattern_type: :information_disclosure}
13:17:06.283 [debug] Parser response received
13:17:06.283 [info] AnalysisService: Loaded 30 patterns for javascript
13:17:06.284 [info] AnalysisService: Found 16 matches
13:17:06.284 [debug] Match confidence: 0.62475, min_confidence: 0.7, match: %{type: "js-xss-document-write", context: %{node_type: "CallExpression", depth: 6, parent_type: "VariableDeclarator", in_function: "process7"}, location: %{depth: 6, end_column: 37, end_line: 3, start_line: 3, start_column: 17}, severity: "high", pattern_id: "js-xss-document-write", pattern_name: "Cross-Site Scripting (XSS) via document.write", recommendation: "Review this code for potential security issues", confidence: 0.85, pattern_type: :xss}
13:17:06.284 [debug] Match confidence: 0.62475, min_confidence: 0.7, match: %{type: "js-xss-jquery-html", context: %{node_type: "CallExpression", depth: 6, parent_type: "VariableDeclarator", in_function: "process7"}, location: %{depth: 6, end_column: 37, end_line: 3, start_line: 3, start_column: 17}, severity: "high", pattern_id: "js-xss-jquery-html", pattern_name: "XSS via jQuery html()", recommendation: "Review this code for potential security issues", confidence: 0.85, pattern_type: :xss}
13:17:06.285 [debug] Match confidence: 0.6435000000000002, min_confidence: 0.7, match: %{type: "js-path-traversal-join", context: %{node_type: "CallExpression", depth: 6, parent_type: "VariableDeclarator", in_function: "process7"}, location: %{depth: 6, end_column: 37, end_line: 3, start_line: 3, start_column: 17}, severity: "medium", pattern_id: "js-path-traversal-join", pattern_name: "Path Traversal via path.join", recommendation: "Review this code for potential security issues", confidence: 0.7, pattern_type: :path_traversal}
13:17:06.285 [debug] Match confidence: 0.7150000000000001, min_confidence: 0.7, match: %{type: "js-weak-crypto-md5", context: %{node_type: "CallExpression", depth: 6, parent_type: "VariableDeclarator", in_function: "process7"}, location: %{depth: 6, end_column: 37, end_line: 3, start_line: 3, start_column: 17}, severity: "medium", pattern_id: "js-weak-crypto-md5", pattern_name: "Weak Cryptography - MD5", recommendation: "Review this code for potential security issues", confidence: 0.7, pattern_type: :weak_crypto}
13:17:06.285 [debug] Match confidence: 0.7150000000000001, min_confidence: 0.7, match: %{type: "js-weak-crypto-sha1", context: %{node_type: "CallExpression", depth: 6, parent_type: "VariableDeclarator", in_function: "process7"}, location: %{depth: 6, end_column: 37, end_line: 3, start_line: 3, start_column: 17}, severity: "medium", pattern_id: "js-weak-crypto-sha1", pattern_name: "Weak Cryptography - SHA1", recommendation: "Review this code for potential security issues", confidence: 0.7, pattern_type: :weak_crypto}
13:17:06.285 [debug] Match confidence: 0.8800000000000001, min_confidence: 0.7, match: %{type: "js-hardcoded-secret-password", context: %{node_type: "VariableDeclarator", depth: 5, parent_type: "VariableDeclaration", in_function: "process7"}, location: %{depth: 5, end_column: 37, end_line: 3, start_line: 3, start_column: 8}, severity: "high", pattern_id: "js-hardcoded-secret-password", pattern_name: "Hardcoded Password", recommendation: "Review this code for potential security issues", confidence: 0.9, pattern_type: :hardcoded_secret}
13:17:06.285 [debug] Match confidence: 0.8800000000000001, min_confidence: 0.7, match: %{type: "js-hardcoded-secret-api-key", context: %{node_type: "VariableDeclarator", depth: 5, parent_type: "VariableDeclaration", in_function: "process7"}, location: %{depth: 5, end_column: 37, end_line: 3, start_line: 3, start_column: 8}, severity: "high", pattern_id: "js-hardcoded-secret-api-key", pattern_name: "Hardcoded API Key", recommendation: "Review this code for potential security issues", confidence: 0.9, pattern_type: :hardcoded_secret}
13:17:06.285 [debug] Match confidence: 0.6435000000000002, min_confidence: 0.7, match: %{type: "js-open-redirect", context: %{node_type: "CallExpression", depth: 6, parent_type: "VariableDeclarator", in_function: "process7"}, location: %{depth: 6, end_column: 37, end_line: 3, start_line: 3, start_column: 17}, severity: "medium", pattern_id: "js-open-redirect", pattern_name: "Open Redirect Vulnerability", recommendation: "Review this code for potential security issues", confidence: 0.7, pattern_type: :open_redirect}
13:17:06.285 [debug] Match confidence: 0.7150000000000001, min_confidence: 0.7, match: %{type: "js-insecure-random", context: %{node_type: "CallExpression", depth: 6, parent_type: "VariableDeclarator", in_function: "process7"}, location: %{depth: 6, end_column: 37, end_line: 3, start_line: 3, start_column: 17}, severity: "medium", pattern_id: "js-insecure-random", pattern_name: "Insecure Random Number Generation", recommendation: "Review this code for potential security issues", confidence: 0.7, pattern_type: :insecure_random}
13:17:06.285 [debug] Match confidence: 0.46962499999999996, min_confidence: 0.7, match: %{type: "js-nosql-injection", context: %{node_type: "CallExpression", depth: 6, parent_type: "VariableDeclarator", in_function: "process7"}, location: %{depth: 6, end_column: 37, end_line: 3, start_line: 3, start_column: 17}, severity: "high", pattern_id: "js-nosql-injection", pattern_name: "NoSQL Injection", recommendation: "Review this code for potential security issues", confidence: 0.85, pattern_type: :nosql_injection}
13:17:06.285 [debug] Match confidence: 0.49725, min_confidence: 0.7, match: %{type: "js-ldap-injection", context: %{node_type: "CallExpression", depth: 6, parent_type: "VariableDeclarator", in_function: "process7"}, location: %{depth: 6, end_column: 37, end_line: 3, start_line: 3, start_column: 17}, severity: "high", pattern_id: "js-ldap-injection", pattern_name: "LDAP Injection", recommendation: "Review this code for potential security issues", confidence: 0.85, pattern_type: :ldap_injection}
13:17:06.285 [debug] Match confidence: 0.49725, min_confidence: 0.7, match: %{type: "js-xpath-injection", context: %{node_type: "CallExpression", depth: 6, parent_type: "VariableDeclarator", in_function: "process7"}, location: %{depth: 6, end_column: 37, end_line: 3, start_line: 3, start_column: 17}, severity: "high", pattern_id: "js-xpath-injection", pattern_name: "XPath Injection", recommendation: "Review this code for potential security issues", confidence: 0.85, pattern_type: :xpath_injection}
13:17:06.285 [debug] Match confidence: 0.6435000000000002, min_confidence: 0.7, match: %{type: "js-ssrf", context: %{node_type: "CallExpression", depth: 6, parent_type: "VariableDeclarator", in_function: "process7"}, location: %{depth: 6, end_column: 37, end_line: 3, start_line: 3, start_column: 17}, severity: "medium", pattern_id: "js-ssrf", pattern_name: "Server-Side Request Forgery (SSRF)", recommendation: "Review this code for potential security issues", confidence: 0.7, pattern_type: :ssrf}
13:17:06.285 [debug] Match confidence: 0.6435000000000002, min_confidence: 0.7, match: %{type: "js-insecure-deserialization", context: %{node_type: "CallExpression", depth: 6, parent_type: "VariableDeclarator", in_function: "process7"}, location: %{depth: 6, end_column: 37, end_line: 3, start_line: 3, start_column: 17}, severity: "medium", pattern_id: "js-insecure-deserialization", pattern_name: "Insecure Deserialization", recommendation: "Review this code for potential security issues", confidence: 0.7, pattern_type: :deserialization}
13:17:06.285 [debug] Match confidence: 0.6435000000000002, min_confidence: 0.7, match: %{type: "js-jwt-none-algorithm", context: %{node_type: "CallExpression", depth: 6, parent_type: "VariableDeclarator", in_function: "process7"}, location: %{depth: 6, end_column: 37, end_line: 3, start_line: 3, start_column: 17}, severity: "medium", pattern_id: "js-jwt-none-algorithm", pattern_name: "JWT None Algorithm Vulnerability", recommendation: "Review this code for potential security issues", confidence: 0.7, pattern_type: :authentication}
13:17:06.285 [debug] Match confidence: 0.6435000000000002, min_confidence: 0.7, match: %{type: "js-debug-console-log", context: %{node_type: "CallExpression", depth: 6, parent_type: "VariableDeclarator", in_function: "process7"}, location: %{depth: 6, end_column: 37, end_line: 3, start_line: 3, start_column: 17}, severity: "medium", pattern_id: "js-debug-console-log", pattern_name: "Sensitive Data in Console Logs", recommendation: "Review this code for potential security issues", confidence: 0.7, pattern_type: :information_disclosure}
13:17:06.359 [debug] Parser response received
13:17:06.359 [info] AnalysisService: Loaded 30 patterns for javascript
13:17:06.360 [info] AnalysisService: Found 16 matches
13:17:06.361 [debug] Match confidence: 0.62475, min_confidence: 0.7, match: %{type: "js-xss-document-write", context: %{node_type: "CallExpression", depth: 6, parent_type: "VariableDeclarator", in_function: "process8"}, location: %{depth: 6, end_column: 37, end_line: 3, start_line: 3, start_column: 17}, severity: "high", pattern_id: "js-xss-document-write", pattern_name: "Cross-Site Scripting (XSS) via document.write", recommendation: "Review this code for potential security issues", confidence: 0.85, pattern_type: :xss}
13:17:06.361 [debug] Match confidence: 0.62475, min_confidence: 0.7, match: %{type: "js-xss-jquery-html", context: %{node_type: "CallExpression", depth: 6, parent_type: "VariableDeclarator", in_function: "process8"}, location: %{depth: 6, end_column: 37, end_line: 3, start_line: 3, start_column: 17}, severity: "high", pattern_id: "js-xss-jquery-html", pattern_name: "XSS via jQuery html()", recommendation: "Review this code for potential security issues", confidence: 0.85, pattern_type: :xss}
13:17:06.361 [debug] Match confidence: 0.6435000000000002, min_confidence: 0.7, match: %{type: "js-path-traversal-join", context: %{node_type: "CallExpression", depth: 6, parent_type: "VariableDeclarator", in_function: "process8"}, location: %{depth: 6, end_column: 37, end_line: 3, start_line: 3, start_column: 17}, severity: "medium", pattern_id: "js-path-traversal-join", pattern_name: "Path Traversal via path.join", recommendation: "Review this code for potential security issues", confidence: 0.7, pattern_type: :path_traversal}
13:17:06.361 [debug] Match confidence: 0.7150000000000001, min_confidence: 0.7, match: %{type: "js-weak-crypto-md5", context: %{node_type: "CallExpression", depth: 6, parent_type: "VariableDeclarator", in_function: "process8"}, location: %{depth: 6, end_column: 37, end_line: 3, start_line: 3, start_column: 17}, severity: "medium", pattern_id: "js-weak-crypto-md5", pattern_name: "Weak Cryptography - MD5", recommendation: "Review this code for potential security issues", confidence: 0.7, pattern_type: :weak_crypto}
13:17:06.361 [debug] Match confidence: 0.7150000000000001, min_confidence: 0.7, match: %{type: "js-weak-crypto-sha1", context: %{node_type: "CallExpression", depth: 6, parent_type: "VariableDeclarator", in_function: "process8"}, location: %{depth: 6, end_column: 37, end_line: 3, start_line: 3, start_column: 17}, severity: "medium", pattern_id: "js-weak-crypto-sha1", pattern_name: "Weak Cryptography - SHA1", recommendation: "Review this code for potential security issues", confidence: 0.7, pattern_type: :weak_crypto}
13:17:06.361 [debug] Match confidence: 0.8800000000000001, min_confidence: 0.7, match: %{type: "js-hardcoded-secret-password", context: %{node_type: "VariableDeclarator", depth: 5, parent_type: "VariableDeclaration", in_function: "process8"}, location: %{depth: 5, end_column: 37, end_line: 3, start_line: 3, start_column: 8}, severity: "high", pattern_id: "js-hardcoded-secret-password", pattern_name: "Hardcoded Password", recommendation: "Review this code for potential security issues", confidence: 0.9, pattern_type: :hardcoded_secret}
13:17:06.361 [debug] Match confidence: 0.8800000000000001, min_confidence: 0.7, match: %{type: "js-hardcoded-secret-api-key", context: %{node_type: "VariableDeclarator", depth: 5, parent_type: "VariableDeclaration", in_function: "process8"}, location: %{depth: 5, end_column: 37, end_line: 3, start_line: 3, start_column: 8}, severity: "high", pattern_id: "js-hardcoded-secret-api-key", pattern_name: "Hardcoded API Key", recommendation: "Review this code for potential security issues", confidence: 0.9, pattern_type: :hardcoded_secret}
13:17:06.361 [debug] Match confidence: 0.6435000000000002, min_confidence: 0.7, match: %{type: "js-open-redirect", context: %{node_type: "CallExpression", depth: 6, parent_type: "VariableDeclarator", in_function: "process8"}, location: %{depth: 6, end_column: 37, end_line: 3, start_line: 3, start_column: 17}, severity: "medium", pattern_id: "js-open-redirect", pattern_name: "Open Redirect Vulnerability", recommendation: "Review this code for potential security issues", confidence: 0.7, pattern_type: :open_redirect}
13:17:06.361 [debug] Match confidence: 0.7150000000000001, min_confidence: 0.7, match: %{type: "js-insecure-random", context: %{node_type: "CallExpression", depth: 6, parent_type: "VariableDeclarator", in_function: "process8"}, location: %{depth: 6, end_column: 37, end_line: 3, start_line: 3, start_column: 17}, severity: "medium", pattern_id: "js-insecure-random", pattern_name: "Insecure Random Number Generation", recommendation: "Review this code for potential security issues", confidence: 0.7, pattern_type: :insecure_random}
13:17:06.361 [debug] Match confidence: 0.46962499999999996, min_confidence: 0.7, match: %{type: "js-nosql-injection", context: %{node_type: "CallExpression", depth: 6, parent_type: "VariableDeclarator", in_function: "process8"}, location: %{depth: 6, end_column: 37, end_line: 3, start_line: 3, start_column: 17}, severity: "high", pattern_id: "js-nosql-injection", pattern_name: "NoSQL Injection", recommendation: "Review this code for potential security issues", confidence: 0.85, pattern_type: :nosql_injection}
13:17:06.361 [debug] Match confidence: 0.49725, min_confidence: 0.7, match: %{type: "js-ldap-injection", context: %{node_type: "CallExpression", depth: 6, parent_type: "VariableDeclarator", in_function: "process8"}, location: %{depth: 6, end_column: 37, end_line: 3, start_line: 3, start_column: 17}, severity: "high", pattern_id: "js-ldap-injection", pattern_name: "LDAP Injection", recommendation: "Review this code for potential security issues", confidence: 0.85, pattern_type: :ldap_injection}
13:17:06.361 [debug] Match confidence: 0.49725, min_confidence: 0.7, match: %{type: "js-xpath-injection", context: %{node_type: "CallExpression", depth: 6, parent_type: "VariableDeclarator", in_function: "process8"}, location: %{depth: 6, end_column: 37, end_line: 3, start_line: 3, start_column: 17}, severity: "high", pattern_id: "js-xpath-injection", pattern_name: "XPath Injection", recommendation: "Review this code for potential security issues", confidence: 0.85, pattern_type: :xpath_injection}
13:17:06.361 [debug] Match confidence: 0.6435000000000002, min_confidence: 0.7, match: %{type: "js-ssrf", context: %{node_type: "CallExpression", depth: 6, parent_type: "VariableDeclarator", in_function: "process8"}, location: %{depth: 6, end_column: 37, end_line: 3, start_line: 3, start_column: 17}, severity: "medium", pattern_id: "js-ssrf", pattern_name: "Server-Side Request Forgery (SSRF)", recommendation: "Review this code for potential security issues", confidence: 0.7, pattern_type: :ssrf}
13:17:06.361 [debug] Match confidence: 0.6435000000000002, min_confidence: 0.7, match: %{type: "js-insecure-deserialization", context: %{node_type: "CallExpression", depth: 6, parent_type: "VariableDeclarator", in_function: "process8"}, location: %{depth: 6, end_column: 37, end_line: 3, start_line: 3, start_column: 17}, severity: "medium", pattern_id: "js-insecure-deserialization", pattern_name: "Insecure Deserialization", recommendation: "Review this code for potential security issues", confidence: 0.7, pattern_type: :deserialization}
13:17:06.361 [debug] Match confidence: 0.6435000000000002, min_confidence: 0.7, match: %{type: "js-jwt-none-algorithm", context: %{node_type: "CallExpression", depth: 6, parent_type: "VariableDeclarator", in_function: "process8"}, location: %{depth: 6, end_column: 37, end_line: 3, start_line: 3, start_column: 17}, severity: "medium", pattern_id: "js-jwt-none-algorithm", pattern_name: "JWT None Algorithm Vulnerability", recommendation: "Review this code for potential security issues", confidence: 0.7, pattern_type: :authentication}
13:17:06.361 [debug] Match confidence: 0.6435000000000002, min_confidence: 0.7, match: %{type: "js-debug-console-log", context: %{node_type: "CallExpression", depth: 6, parent_type: "VariableDeclarator", in_function: "process8"}, location: %{depth: 6, end_column: 37, end_line: 3, start_line: 3, start_column: 17}, severity: "medium", pattern_id: "js-debug-console-log", pattern_name: "Sensitive Data in Console Logs", recommendation: "Review this code for potential security issues", confidence: 0.7, pattern_type: :information_disclosure}
13:17:06.437 [debug] Parser response received
13:17:06.437 [info] AnalysisService: Loaded 30 patterns for javascript
13:17:06.439 [info] AnalysisService: Found 16 matches
13:17:06.439 [debug] Match confidence: 0.62475, min_confidence: 0.7, match: %{type: "js-xss-document-write", context: %{node_type: "CallExpression", depth: 6, parent_type: "VariableDeclarator", in_function: "process9"}, location: %{depth: 6, end_column: 37, end_line: 3, start_line: 3, start_column: 17}, severity: "high", pattern_id: "js-xss-document-write", pattern_name: "Cross-Site Scripting (XSS) via document.write", recommendation: "Review this code for potential security issues", confidence: 0.85, pattern_type: :xss}
13:17:06.439 [debug] Match confidence: 0.62475, min_confidence: 0.7, match: %{type: "js-xss-jquery-html", context: %{node_type: "CallExpression", depth: 6, parent_type: "VariableDeclarator", in_function: "process9"}, location: %{depth: 6, end_column: 37, end_line: 3, start_line: 3, start_column: 17}, severity: "high", pattern_id: "js-xss-jquery-html", pattern_name: "XSS via jQuery html()", recommendation: "Review this code for potential security issues", confidence: 0.85, pattern_type: :xss}
13:17:06.439 [debug] Match confidence: 0.6435000000000002, min_confidence: 0.7, match: %{type: "js-path-traversal-join", context: %{node_type: "CallExpression", depth: 6, parent_type: "VariableDeclarator", in_function: "process9"}, location: %{depth: 6, end_column: 37, end_line: 3, start_line: 3, start_column: 17}, severity: "medium", pattern_id: "js-path-traversal-join", pattern_name: "Path Traversal via path.join", recommendation: "Review this code for potential security issues", confidence: 0.7, pattern_type: :path_traversal}
13:17:06.439 [debug] Match confidence: 0.7150000000000001, min_confidence: 0.7, match: %{type: "js-weak-crypto-md5", context: %{node_type: "CallExpression", depth: 6, parent_type: "VariableDeclarator", in_function: "process9"}, location: %{depth: 6, end_column: 37, end_line: 3, start_line: 3, start_column: 17}, severity: "medium", pattern_id: "js-weak-crypto-md5", pattern_name: "Weak Cryptography - MD5", recommendation: "Review this code for potential security issues", confidence: 0.7, pattern_type: :weak_crypto}
13:17:06.439 [debug] Match confidence: 0.7150000000000001, min_confidence: 0.7, match: %{type: "js-weak-crypto-sha1", context: %{node_type: "CallExpression", depth: 6, parent_type: "VariableDeclarator", in_function: "process9"}, location: %{depth: 6, end_column: 37, end_line: 3, start_line: 3, start_column: 17}, severity: "medium", pattern_id: "js-weak-crypto-sha1", pattern_name: "Weak Cryptography - SHA1", recommendation: "Review this code for potential security issues", confidence: 0.7, pattern_type: :weak_crypto}
13:17:06.439 [debug] Match confidence: 0.8800000000000001, min_confidence: 0.7, match: %{type: "js-hardcoded-secret-password", context: %{node_type: "VariableDeclarator", depth: 5, parent_type: "VariableDeclaration", in_function: "process9"}, location: %{depth: 5, end_column: 37, end_line: 3, start_line: 3, start_column: 8}, severity: "high", pattern_id: "js-hardcoded-secret-password", pattern_name: "Hardcoded Password", recommendation: "Review this code for potential security issues", confidence: 0.9, pattern_type: :hardcoded_secret}
13:17:06.439 [debug] Match confidence: 0.8800000000000001, min_confidence: 0.7, match: %{type: "js-hardcoded-secret-api-key", context: %{node_type: "VariableDeclarator", depth: 5, parent_type: "VariableDeclaration", in_function: "process9"}, location: %{depth: 5, end_column: 37, end_line: 3, start_line: 3, start_column: 8}, severity: "high", pattern_id: "js-hardcoded-secret-api-key", pattern_name: "Hardcoded API Key", recommendation: "Review this code for potential security issues", confidence: 0.9, pattern_type: :hardcoded_secret}
13:17:06.439 [debug] Match confidence: 0.6435000000000002, min_confidence: 0.7, match: %{type: "js-open-redirect", context: %{node_type: "CallExpression", depth: 6, parent_type: "VariableDeclarator", in_function: "process9"}, location: %{depth: 6, end_column: 37, end_line: 3, start_line: 3, start_column: 17}, severity: "medium", pattern_id: "js-open-redirect", pattern_name: "Open Redirect Vulnerability", recommendation: "Review this code for potential security issues", confidence: 0.7, pattern_type: :open_redirect}
13:17:06.439 [debug] Match confidence: 0.7150000000000001, min_confidence: 0.7, match: %{type: "js-insecure-random", context: %{node_type: "CallExpression", depth: 6, parent_type: "VariableDeclarator", in_function: "process9"}, location: %{depth: 6, end_column: 37, end_line: 3, start_line: 3, start_column: 17}, severity: "medium", pattern_id: "js-insecure-random", pattern_name: "Insecure Random Number Generation", recommendation: "Review this code for potential security issues", confidence: 0.7, pattern_type: :insecure_random}
13:17:06.439 [debug] Match confidence: 0.46962499999999996, min_confidence: 0.7, match: %{type: "js-nosql-injection", context: %{node_type: "CallExpression", depth: 6, parent_type: "VariableDeclarator", in_function: "process9"}, location: %{depth: 6, end_column: 37, end_line: 3, start_line: 3, start_column: 17}, severity: "high", pattern_id: "js-nosql-injection", pattern_name: "NoSQL Injection", recommendation: "Review this code for potential security issues", confidence: 0.85, pattern_type: :nosql_injection}
13:17:06.439 [debug] Match confidence: 0.49725, min_confidence: 0.7, match: %{type: "js-ldap-injection", context: %{node_type: "CallExpression", depth: 6, parent_type: "VariableDeclarator", in_function: "process9"}, location: %{depth: 6, end_column: 37, end_line: 3, start_line: 3, start_column: 17}, severity: "high", pattern_id: "js-ldap-injection", pattern_name: "LDAP Injection", recommendation: "Review this code for potential security issues", confidence: 0.85, pattern_type: :ldap_injection}
13:17:06.439 [debug] Match confidence: 0.49725, min_confidence: 0.7, match: %{type: "js-xpath-injection", context: %{node_type: "CallExpression", depth: 6, parent_type: "VariableDeclarator", in_function: "process9"}, location: %{depth: 6, end_column: 37, end_line: 3, start_line: 3, start_column: 17}, severity: "high", pattern_id: "js-xpath-injection", pattern_name: "XPath Injection", recommendation: "Review this code for potential security issues", confidence: 0.85, pattern_type: :xpath_injection}
13:17:06.439 [debug] Match confidence: 0.6435000000000002, min_confidence: 0.7, match: %{type: "js-ssrf", context: %{node_type: "CallExpression", depth: 6, parent_type: "VariableDeclarator", in_function: "process9"}, location: %{depth: 6, end_column: 37, end_line: 3, start_line: 3, start_column: 17}, severity: "medium", pattern_id: "js-ssrf", pattern_name: "Server-Side Request Forgery (SSRF)", recommendation: "Review this code for potential security issues", confidence: 0.7, pattern_type: :ssrf}
13:17:06.439 [debug] Match confidence: 0.6435000000000002, min_confidence: 0.7, match: %{type: "js-insecure-deserialization", context: %{node_type: "CallExpression", depth: 6, parent_type: "VariableDeclarator", in_function: "process9"}, location: %{depth: 6, end_column: 37, end_line: 3, start_line: 3, start_column: 17}, severity: "medium", pattern_id: "js-insecure-deserialization", pattern_name: "Insecure Deserialization", recommendation: "Review this code for potential security issues", confidence: 0.7, pattern_type: :deserialization}
13:17:06.439 [debug] Match confidence: 0.6435000000000002, min_confidence: 0.7, match: %{type: "js-jwt-none-algorithm", context: %{node_type: "CallExpression", depth: 6, parent_type: "VariableDeclarator", in_function: "process9"}, location: %{depth: 6, end_column: 37, end_line: 3, start_line: 3, start_column: 17}, severity: "medium", pattern_id: "js-jwt-none-algorithm", pattern_name: "JWT None Algorithm Vulnerability", recommendation: "Review this code for potential security issues", confidence: 0.7, pattern_type: :authentication}
13:17:06.439 [debug] Match confidence: 0.6435000000000002, min_confidence: 0.7, match: %{type: "js-debug-console-log", context: %{node_type: "CallExpression", depth: 6, parent_type: "VariableDeclarator", in_function: "process9"}, location: %{depth: 6, end_column: 37, end_line: 3, start_line: 3, start_column: 17}, severity: "medium", pattern_id: "js-debug-console-log", pattern_name: "Sensitive Data in Console Logs", recommendation: "Review this code for potential security issues", confidence: 0.7, pattern_type: :information_disclosure}
13:17:06.513 [debug] Parser response received
13:17:06.514 [info] AnalysisService: Loaded 30 patterns for javascript
13:17:06.515 [info] AnalysisService: Found 16 matches
13:17:06.515 [debug] Match confidence: 0.62475, min_confidence: 0.7, match: %{type: "js-xss-document-write", context: %{node_type: "CallExpression", depth: 6, parent_type: "VariableDeclarator", in_function: "process10"}, location: %{depth: 6, end_column: 37, end_line: 3, start_line: 3, start_column: 17}, severity: "high", pattern_id: "js-xss-document-write", pattern_name: "Cross-Site Scripting (XSS) via document.write", recommendation: "Review this code for potential security issues", confidence: 0.85, pattern_type: :xss}
13:17:06.515 [debug] Match confidence: 0.62475, min_confidence: 0.7, match: %{type: "js-xss-jquery-html", context: %{node_type: "CallExpression", depth: 6, parent_type: "VariableDeclarator", in_function: "process10"}, location: %{depth: 6, end_column: 37, end_line: 3, start_line: 3, start_column: 17}, severity: "high", pattern_id: "js-xss-jquery-html", pattern_name: "XSS via jQuery html()", recommendation: "Review this code for potential security issues", confidence: 0.85, pattern_type: :xss}
13:17:06.515 [debug] Match confidence: 0.6435000000000002, min_confidence: 0.7, match: %{type: "js-path-traversal-join", context: %{node_type: "CallExpression", depth: 6, parent_type: "VariableDeclarator", in_function: "process10"}, location: %{depth: 6, end_column: 37, end_line: 3, start_line: 3, start_column: 17}, severity: "medium", pattern_id: "js-path-traversal-join", pattern_name: "Path Traversal via path.join", recommendation: "Review this code for potential security issues", confidence: 0.7, pattern_type: :path_traversal}
13:17:06.515 [debug] Match confidence: 0.7150000000000001, min_confidence: 0.7, match: %{type: "js-weak-crypto-md5", context: %{node_type: "CallExpression", depth: 6, parent_type: "VariableDeclarator", in_function: "process10"}, location: %{depth: 6, end_column: 37, end_line: 3, start_line: 3, start_column: 17}, severity: "medium", pattern_id: "js-weak-crypto-md5", pattern_name: "Weak Cryptography - MD5", recommendation: "Review this code for potential security issues", confidence: 0.7, pattern_type: :weak_crypto}
13:17:06.515 [debug] Match confidence: 0.7150000000000001, min_confidence: 0.7, match: %{type: "js-weak-crypto-sha1", context: %{node_type: "CallExpression", depth: 6, parent_type: "VariableDeclarator", in_function: "process10"}, location: %{depth: 6, end_column: 37, end_line: 3, start_line: 3, start_column: 17}, severity: "medium", pattern_id: "js-weak-crypto-sha1", pattern_name: "Weak Cryptography - SHA1", recommendation: "Review this code for potential security issues", confidence: 0.7, pattern_type: :weak_crypto}
13:17:06.515 [debug] Match confidence: 0.8800000000000001, min_confidence: 0.7, match: %{type: "js-hardcoded-secret-password", context: %{node_type: "VariableDeclarator", depth: 5, parent_type: "VariableDeclaration", in_function: "process10"}, location: %{depth: 5, end_column: 37, end_line: 3, start_line: 3, start_column: 8}, severity: "high", pattern_id: "js-hardcoded-secret-password", pattern_name: "Hardcoded Password", recommendation: "Review this code for potential security issues", confidence: 0.9, pattern_type: :hardcoded_secret}
13:17:06.515 [debug] Match confidence: 0.8800000000000001, min_confidence: 0.7, match: %{type: "js-hardcoded-secret-api-key", context: %{node_type: "VariableDeclarator", depth: 5, parent_type: "VariableDeclaration", in_function: "process10"}, location: %{depth: 5, end_column: 37, end_line: 3, start_line: 3, start_column: 8}, severity: "high", pattern_id: "js-hardcoded-secret-api-key", pattern_name: "Hardcoded API Key", recommendation: "Review this code for potential security issues", confidence: 0.9, pattern_type: :hardcoded_secret}
13:17:06.515 [debug] Match confidence: 0.6435000000000002, min_confidence: 0.7, match: %{type: "js-open-redirect", context: %{node_type: "CallExpression", depth: 6, parent_type: "VariableDeclarator", in_function: "process10"}, location: %{depth: 6, end_column: 37, end_line: 3, start_line: 3, start_column: 17}, severity: "medium", pattern_id: "js-open-redirect", pattern_name: "Open Redirect Vulnerability", recommendation: "Review this code for potential security issues", confidence: 0.7, pattern_type: :open_redirect}
13:17:06.515 [debug] Match confidence: 0.7150000000000001, min_confidence: 0.7, match: %{type: "js-insecure-random", context: %{node_type: "CallExpression", depth: 6, parent_type: "VariableDeclarator", in_function: "process10"}, location: %{depth: 6, end_column: 37, end_line: 3, start_line: 3, start_column: 17}, severity: "medium", pattern_id: "js-insecure-random", pattern_name: "Insecure Random Number Generation", recommendation: "Review this code for potential security issues", confidence: 0.7, pattern_type: :insecure_random}
13:17:06.515 [debug] Match confidence: 0.46962499999999996, min_confidence: 0.7, match: %{type: "js-nosql-injection", context: %{node_type: "CallExpression", depth: 6, parent_type: "VariableDeclarator", in_function: "process10"}, location: %{depth: 6, end_column: 37, end_line: 3, start_line: 3, start_column: 17}, severity: "high", pattern_id: "js-nosql-injection", pattern_name: "NoSQL Injection", recommendation: "Review this code for potential security issues", confidence: 0.85, pattern_type: :nosql_injection}
13:17:06.515 [debug] Match confidence: 0.49725, min_confidence: 0.7, match: %{type: "js-ldap-injection", context: %{node_type: "CallExpression", depth: 6, parent_type: "VariableDeclarator", in_function: "process10"}, location: %{depth: 6, end_column: 37, end_line: 3, start_line: 3, start_column: 17}, severity: "high", pattern_id: "js-ldap-injection", pattern_name: "LDAP Injection", recommendation: "Review this code for potential security issues", confidence: 0.85, pattern_type: :ldap_injection}
13:17:06.516 [debug] Match confidence: 0.49725, min_confidence: 0.7, match: %{type: "js-xpath-injection", context: %{node_type: "CallExpression", depth: 6, parent_type: "VariableDeclarator", in_function: "process10"}, location: %{depth: 6, end_column: 37, end_line: 3, start_line: 3, start_column: 17}, severity: "high", pattern_id: "js-xpath-injection", pattern_name: "XPath Injection", recommendation: "Review this code for potential security issues", confidence: 0.85, pattern_type: :xpath_injection}
13:17:06.516 [debug] Match confidence: 0.6435000000000002, min_confidence: 0.7, match: %{type: "js-ssrf", context: %{node_type: "CallExpression", depth: 6, parent_type: "VariableDeclarator", in_function: "process10"}, location: %{depth: 6, end_column: 37, end_line: 3, start_line: 3, start_column: 17}, severity: "medium", pattern_id: "js-ssrf", pattern_name: "Server-Side Request Forgery (SSRF)", recommendation: "Review this code for potential security issues", confidence: 0.7, pattern_type: :ssrf}
13:17:06.516 [debug] Match confidence: 0.6435000000000002, min_confidence: 0.7, match: %{type: "js-insecure-deserialization", context: %{node_type: "CallExpression", depth: 6, parent_type: "VariableDeclarator", in_function: "process10"}, location: %{depth: 6, end_column: 37, end_line: 3, start_line: 3, start_column: 17}, severity: "medium", pattern_id: "js-insecure-deserialization", pattern_name: "Insecure Deserialization", recommendation: "Review this code for potential security issues", confidence: 0.7, pattern_type: :deserialization}
13:17:06.516 [debug] Match confidence: 0.6435000000000002, min_confidence: 0.7, match: %{type: "js-jwt-none-algorithm", context: %{node_type: "CallExpression", depth: 6, parent_type: "VariableDeclarator", in_function: "process10"}, location: %{depth: 6, end_column: 37, end_line: 3, start_line: 3, start_column: 17}, severity: "medium", pattern_id: "js-jwt-none-algorithm", pattern_name: "JWT None Algorithm Vulnerability", recommendation: "Review this code for potential security issues", confidence: 0.7, pattern_type: :authentication}
13:17:06.516 [debug] Match confidence: 0.6435000000000002, min_confidence: 0.7, match: %{type: "js-debug-console-log", context: %{node_type: "CallExpression", depth: 6, parent_type: "VariableDeclarator", in_function: "process10"}, location: %{depth: 6, end_column: 37, end_line: 3, start_line: 3, start_column: 17}, severity: "medium", pattern_id: "js-debug-console-log", pattern_name: "Sensitive Data in Console Logs", recommendation: "Review this code for potential security issues", confidence: 0.7, pattern_type: :information_disclosure}
.13:17:06.595 [debug] Parser response received
.13:17:06.671 [debug] Parser response received
.13:17:06.674 [debug] QUERY OK source="feedback_entries" db=0.4ms queue=0.3ms
INSERT INTO "feedback_entries" ("message","metadata","source","tags","email","content","rating","inserted_at","updated_at") VALUES ($1,$2,$3,$4,$5,$6,$7,$8,$9) RETURNING "id" ["Great product!", %{}, "feedback_form", ["ui", "performance"], "test@example.com", %{}, 5, ~N[2025-08-29 19:17:06], ~N[2025-08-29 19:17:06]]
13:17:06.674 [debug] QUERY OK source="feedback_entries" db=0.1ms
INSERT INTO "feedback_entries" ("message","metadata","source","tags","email","content","rating","inserted_at","updated_at") VALUES ($1,$2,$3,$4,$5,$6,$7,$8,$9) RETURNING "id" ["Great product!", %{}, "feedback_form", ["ui", "performance"], "another@example.com", %{}, 5, ~N[2025-08-29 19:17:06], ~N[2025-08-29 19:17:06]]
13:17:06.675 [debug] QUERY OK source="feedback_entries" db=0.1ms queue=0.1ms
SELECT f0."id", f0."email", f0."message", f0."rating", f0."tags", f0."source", f0."content", f0."metadata", f0."inserted_at", f0."updated_at" FROM "feedback_entries" AS f0 []
.13:17:06.676 [debug] QUERY OK source="feedback_entries" db=0.2ms queue=0.2ms
INSERT INTO "feedback_entries" ("message","metadata","source","tags","email","content","rating","inserted_at","updated_at") VALUES ($1,$2,$3,$4,$5,$6,$7,$8,$9) RETURNING "id" ["Great product!", %{}, "feedback_form", ["ui", "performance"], "test@example.com", %{}, 5, ~N[2025-08-29 19:17:06], ~N[2025-08-29 19:17:06]]
13:17:06.676 [debug] QUERY OK source="feedback_entries" db=0.1ms queue=0.1ms
SELECT f0."id", f0."email", f0."message", f0."rating", f0."tags", f0."source", f0."content", f0."metadata", f0."inserted_at", f0."updated_at" FROM "feedback_entries" AS f0 WHERE (f0."id" = $1) [3820]
.13:17:06.677 [debug] QUERY OK source="feedback_entries" db=0.1ms queue=0.1ms
INSERT INTO "feedback_entries" ("message","metadata","source","tags","email","content","rating","inserted_at","updated_at") VALUES ($1,$2,$3,$4,$5,$6,$7,$8,$9) RETURNING "id" ["Great product!", %{}, "feedback_form", ["ui", "performance"], "test@example.com", %{}, 5, ~N[2025-08-29 19:17:06], ~N[2025-08-29 19:17:06]]
.13:17:06.677 [debug] QUERY OK source="feedback_entries" db=0.1ms queue=0.2ms
SELECT count(f0."id") FROM "feedback_entries" AS f0 []
13:17:06.677 [debug] QUERY OK source="feedback_entries" db=0.0ms
INSERT INTO "feedback_entries" ("message","metadata","source","tags","email","content","rating","inserted_at","updated_at") VALUES ($1,$2,$3,$4,$5,$6,$7,$8,$9) RETURNING "id" ["Great product!", %{}, "feedback_form", ["ui", "performance"], "test@example.com", %{}, 5, ~N[2025-08-29 19:17:06], ~N[2025-08-29 19:17:06]]
13:17:06.678 [debug] QUERY OK source="feedback_entries" db=0.0ms
SELECT count(f0."id") FROM "feedback_entries" AS f0 []
13:17:06.678 [debug] QUERY OK source="feedback_entries" db=0.0ms
INSERT INTO "feedback_entries" ("message","metadata","source","tags","email","content","rating","inserted_at","updated_at") VALUES ($1,$2,$3,$4,$5,$6,$7,$8,$9) RETURNING "id" ["Great product!", %{}, "feedback_form", ["ui", "performance"], "another@example.com", %{}, 5, ~N[2025-08-29 19:17:06], ~N[2025-08-29 19:17:06]]
13:17:06.678 [debug] QUERY OK source="feedback_entries" db=0.0ms
SELECT count(f0."id") FROM "feedback_entries" AS f0 []
.13:17:06.678 [debug] QUERY OK source="feedback_entries" db=0.0ms queue=0.1ms
INSERT INTO "feedback_entries" ("message","metadata","source","tags","email","inserted_at","content","rating","updated_at") VALUES ($1,$2,$3,$4,$5,$6,$7,$8,$9) RETURNING "id" ["Great product!", %{}, "feedback_form", ["ui", "performance"], "test@example.com", ~N[2023-01-01 10:00:00], %{}, 5, ~N[2023-01-01 10:00:00]]
13:17:06.678 [debug] QUERY OK source="feedback_entries" db=0.0ms
INSERT INTO "feedback_entries" ("message","metadata","source","tags","email","inserted_at","content","rating","updated_at") VALUES ($1,$2,$3,$4,$5,$6,$7,$8,$9) RETURNING "id" ["Great product!", %{}, "feedback_form", ["ui", "performance"], "new@example.com", ~N[2023-01-02 10:00:00], %{}, 5, ~N[2023-01-02 10:00:00]]
13:17:06.681 [debug] QUERY OK source="feedback_entries" db=0.1ms queue=0.1ms
SELECT f0."id", f0."email", f0."message", f0."rating", f0."tags", f0."source", f0."content", f0."metadata", f0."inserted_at", f0."updated_at" FROM "feedback_entries" AS f0 ORDER BY f0."inserted_at" DESC LIMIT $1 [10]
.13:17:06.682 [debug] QUERY OK source="feedback_entries" db=0.2ms queue=0.1ms
INSERT INTO "feedback_entries" ("message","metadata","source","tags","email","content","rating","inserted_at","updated_at") VALUES ($1,$2,$3,$4,$5,$6,$7,$8,$9) RETURNING "id" ["Great product!", %{}, "feedback_form", ["ui", "performance"], "test@example.com", %{}, 5, ~N[2025-08-29 19:17:06], ~N[2025-08-29 19:17:06]]
13:17:06.682 [debug] QUERY OK source="feedback_entries" db=0.3ms
INSERT INTO "feedback_entries" ("message","metadata","source","tags","email","content","rating","inserted_at","updated_at") VALUES ($1,$2,$3,$4,$5,$6,$7,$8,$9) RETURNING "id" ["Great product!", %{}, "feedback_form", [], "another@example.com", %{}, 5, ~N[2025-08-29 19:17:06], ~N[2025-08-29 19:17:06]]
13:17:06.682 [debug] QUERY OK source="feedback_entries" db=0.2ms
SELECT f0."id", f0."email", f0."message", f0."rating", f0."tags", f0."source", f0."content", f0."metadata", f0."inserted_at", f0."updated_at" FROM "feedback_entries" AS f0 []
..13:17:06.684 [debug] QUERY OK source="feedback_entries" db=0.1ms queue=0.1ms
INSERT INTO "feedback_entries" ("message","metadata","source","tags","email","content","rating","inserted_at","updated_at") VALUES ($1,$2,$3,$4,$5,$6,$7,$8,$9) RETURNING "id" ["Great product!", %{}, "feedback_form", ["ui", "performance"], "user@example.com", %{}, 5, ~N[2025-08-29 19:17:06], ~N[2025-08-29 19:17:06]]
13:17:06.684 [debug] QUERY OK source="feedback_entries" db=0.0ms
INSERT INTO "feedback_entries" ("message","metadata","source","tags","email","content","rating","inserted_at","updated_at") VALUES ($1,$2,$3,$4,$5,$6,$7,$8,$9) RETURNING "id" ["Another feedback", %{}, "feedback_form", ["ui", "performance"], "user@example.com", %{}, 5, ~N[2025-08-29 19:17:06], ~N[2025-08-29 19:17:06]]
13:17:06.684 [debug] QUERY OK source="feedback_entries" db=0.0ms
INSERT INTO "feedback_entries" ("message","metadata","source","tags","email","content","rating","inserted_at","updated_at") VALUES ($1,$2,$3,$4,$5,$6,$7,$8,$9) RETURNING "id" ["Great product!", %{}, "feedback_form", ["ui", "performance"], "other@example.com", %{}, 5, ~N[2025-08-29 19:17:06], ~N[2025-08-29 19:17:06]]
13:17:06.684 [debug] QUERY OK source="feedback_entries" db=0.0ms
SELECT f0."id", f0."email", f0."message", f0."rating", f0."tags", f0."source", f0."content", f0."metadata", f0."inserted_at", f0."updated_at" FROM "feedback_entries" AS f0 WHERE (f0."email" = $1) ["user@example.com"]
.13:17:06.685 [info] [EMAIL] send_welcome_email called
13:17:06.685 [info] [EMAIL DEBUG] Full email struct before sending
13:17:06.685 [info] [EMAIL DEBUG] Extracted recipient email
13:17:06.685 [info] [EMAIL DEBUG] Postmark configuration
13:17:06.685 [info] [EMAIL DEBUG] Email configuration
13:17:06.685 [info] [EMAIL] Attempting to send email via Postmark
13:17:06.685 [debug] Sending email with Bamboo.TestAdapter:

%Bamboo.Email{from: {"RSOLV Team", "support@rsolv.dev"}, to: [nil: "test@example.com"], cc: [], bcc: [], subject: "Welcome to RSOLV - Let's fix your first issue in 10 minutes", html_body: "<div style=\"font-family: 'Helvetica Neue', Helvetica, Arial, sans-serif; max-width: 600px; margin: 0 auto; padding: 20px;\">\n  <h1 style=\"color: #2C3E50; margin-bottom: 20px;\">Welcome to RSOLV!</h1>\n  \n  <p>Hi TestUser,</p>\n  \n  <p>Thanks for trying RSOLV! You're just a few minutes away from automating away your backlog.</p>\n  \n  <p>Here's how to get started:</p>\n  \n  <ol>\n    <li>Install our GitHub Action (copy & paste the code below)</li>\n    <li>Set up your repository secrets</li>\n    <li>Tag your first issues with \"rsolv:automate\"</li>\n  </ol>\n  \n  <div style=\"background-color: #f8f9fa; padding: 15px; border-radius: 5px; margin: 20px 0;\">\n    <pre style=\"margin: 0; overflow-x: auto; white-space: pre-wrap; font-family: monospace;\">name: RSOLV AutoFix\non:\n  issues:\n    types: [opened, edited, labeled]\n\njobs:\n  autofix:\n    runs-on: ubuntu-latest\n    if: contains(github.event.issue.labels.*.name, 'rsolv:automate')\n    steps:\n      - uses: RSOLV-dev/rsolv-action@v1\n        with:\n          github-token: ${{ secrets.GITHUB_TOKEN }}\n          rsolv-api-key: ${{ secrets.RSOLV_API_KEY }}</pre>\n  </div>\n  \n  <p>Need help? Contact us at <a href=\"mailto:support@rsolv.dev\">support@rsolv.dev</a> and we'll personally assist you.</p>\n  \n  <p>Your first 10 fixes are free! After that, you only pay $15 per fix that gets deployed - no credit card required to start.</p>\n  \n  <p>Best,<br>The RSOLV Team</p>\n  \n  <div class=\"footer\" style=\"margin-top: 40px; padding-top: 20px; border-top: 1px solid #e0e0e0; font-size: 0.9em; color: #666;\">\n    <p>\n      P.S. Here's a <a href=\"https://rsolv.dev/docs/getting-started\">2-minute video walkthrough</a> if you prefer.\n    </p>\n    <p>\n      RSOLV, Inc. • support@rsolv.dev • © 2025\n    </p>\n    <p>\n      <a href=\"https://rsolv.dev/unsubscribe?email=test@example.com\">Unsubscribe</a> from these emails.\n    </p>\n  </div>\n</div>\n", text_body: "Welcome to RSOLV!\n\nHi TestUser,\n\nThanks for trying RSOLV! You're just a few minutes away from automating away your backlog.\n\nHere's how to get started:\n\n1. Install our GitHub Action (check the HTML version for the code snippet)\n2. Set up your repository secrets\n3. Tag your first issues with \"rsolv:automate\"\n\nNeed help? Contact us at support@rsolv.dev and we'll personally assist you.\n\nYour first 10 fixes are free! After that, you only pay $15 per fix that gets deployed - no credit card required to start.\n\nBest,\nThe RSOLV Team\n\nP.S. Check out our 2-minute video walkthrough at https://rsolv.dev/docs/getting-started\n\n---\nTo unsubscribe, visit: https://rsolv.dev/unsubscribe?email=test@example.com\n", headers: %{"X-Postmark-Tag" => "welcome"}, attachments: [], assigns: %{}, private: %{tag: "welcome"}, blocked: false}

13:17:06.685 [info] [EMAIL DEBUG] Raw Postmark response
13:17:06.685 [info] [EMAIL] Email sent successfully via Postmark
EmailService result: {:ok,
 %{
   status: "sent",
   email: {:ok,
    %Bamboo.Email{
      from: {"RSOLV Team", "support@rsolv.dev"},
      to: [nil: "test@example.com"],
      cc: [],
      bcc: [],
      subject: "Welcome to RSOLV - Let's fix your first issue in 10 minutes",
      html_body: "<div style=\"font-family: 'Helvetica Neue', Helvetica, Arial, sans-serif; max-width: 600px; margin: 0 auto; padding: 20px;\">\n  <h1 style=\"color: #2C3E50; margin-bottom: 20px;\">Welcome to RSOLV!</h1>\n  \n  <p>Hi TestUser,</p>\n  \n  <p>Thanks for trying RSOLV! You're just a few minutes away from automating away your backlog.</p>\n  \n  <p>Here's how to get started:</p>\n  \n  <ol>\n    <li>Install our GitHub Action (copy & paste the code below)</li>\n    <li>Set up your repository secrets</li>\n    <li>Tag your first issues with \"rsolv:automate\"</li>\n  </ol>\n  \n  <div style=\"background-color: #f8f9fa; padding: 15px; border-radius: 5px; margin: 20px 0;\">\n    <pre style=\"margin: 0; overflow-x: auto; white-space: pre-wrap; font-family: monospace;\">name: RSOLV AutoFix\non:\n  issues:\n    types: [opened, edited, labeled]\n\njobs:\n  autofix:\n    runs-on: ubuntu-latest\n    if: contains(github.event.issue.labels.*.name, 'rsolv:automate')\n    steps:\n      - uses: RSOLV-dev/rsolv-action@v1\n        with:\n          github-token: ${{ secrets.GITHUB_TOKEN }}\n          rsolv-api-key: ${{ secrets.RSOLV_API_KEY }}</pre>\n  </div>\n  \n  <p>Need help? Contact us at <a href=\"mailto:support@rsolv.dev\">support@rsolv.dev</a> and we'll personally assist you.</p>\n  \n  <p>Your first 10 fixes are free! After that, you only pay $15 per fix that gets deployed - no credit card required to start.</p>\n  \n  <p>Best,<br>The RSOLV Team</p>\n  \n  <div class=\"footer\" style=\"margin-top: 40px; padding-top: 20px; border-top: 1px solid #e0e0e0; font-size: 0.9em; color: #666;\">\n    <p>\n      P.S. Here's a <a href=\"https://rsolv.dev/docs/getting-started\">2-minute video walkthrough</a> if you prefer.\n    </p>\n    <p>\n      RSOLV, Inc. • support@rsolv.dev • © 2025\n    </p>\n    <p>\n      <a href=\"https://rsolv.dev/unsubscribe?email=test@example.com\">Unsubscribe</a> from these emails.\n    </p>\n  </div>\n</div>\n",
      text_body: "Welcome to RSOLV!\n\nHi TestUser,\n\nThanks for trying RSOLV! You're just a few minutes away from automating away your backlog.\n\nHere's how to get started:\n\n1. Install our GitHub Action (check the HTML version for the code snippet)\n2. Set up your repository secrets\n3. Tag your first issues with \"rsolv:automate\"\n\nNeed help? Contact us at support@rsolv.dev and we'll personally assist you.\n\nYour first 10 fixes are free! After that, you only pay $15 per fix that gets deployed - no credit card required to start.\n\nBest,\nThe RSOLV Team\n\nP.S. Check out our 2-minute video walkthrough at https://rsolv.dev/docs/getting-started\n\n---\nTo unsubscribe, visit: https://rsolv.dev/unsubscribe?email=test@example.com\n",
      headers: %{"X-Postmark-Tag" => "welcome"},
      attachments: [],
      assigns: %{},
      private: %{tag: "welcome"},
      blocked: false
    }}
 }}
Number of delivered emails: 0
.13:17:06.685 [info] [EMAIL] send_early_access_welcome_email called
13:17:06.686 [info] [EMAIL DEBUG] Full email struct before sending
13:17:06.686 [info] [EMAIL DEBUG] Extracted recipient email
13:17:06.686 [info] [EMAIL DEBUG] Postmark configuration
13:17:06.686 [info] [EMAIL DEBUG] Email configuration
13:17:06.686 [info] [EMAIL] Attempting to send email via Postmark
13:17:06.686 [debug] Sending email with Bamboo.TestAdapter:

%Bamboo.Email{from: {"RSOLV Team", "support@rsolv.dev"}, to: [nil: "early@test.com"], cc: [], bcc: [], subject: "Welcome to RSOLV Early Access Program", html_body: "<div style=\"font-family: 'Helvetica Neue', Helvetica, Arial, sans-serif; max-width: 600px; margin: 0 auto; padding: 20px;\">\n  <h1 style=\"color: #2C3E50; margin-bottom: 20px;\">Welcome to RSOLV Early Access Program!</h1>\n\n  <p>Hi EarlyBird,</p>\n\n  <p>Thank you for joining our Early Access Program! You're now part of an exclusive group getting first access to RSOLV.</p>\n\n  <p>Here's what you need to know:</p>\n\n  <ul>\n    <li>You have full access to all current features</li>\n    <li>Your feedback is incredibly valuable to us during this phase</li>\n    <li>You'll receive priority support via email</li>\n  </ul>\n\n  <p>To get started with RSOLV:</p>\n\n  <ol>\n    <li><strong>Your API key will be sent in a follow-up email within 24 hours</strong></li>\n    <li>Once you receive your API key, install our GitHub Action (code below)</li>\n    <li>Set up your repository secrets with your API key</li>\n    <li>Tag your first issues with \"rsolv:automate\"</li>\n  </ol>\n\n  <div style=\"background-color: #fff3cd; border: 1px solid #ffeaa7; color: #856404; padding: 10px; border-radius: 5px; margin: 15px 0;\">\n    <strong>⏳ API Key Coming Soon:</strong> We'll send your personal API key within 24 hours. Look for an email with subject \"Your RSOLV API Key\".\n  </div>\n\n  <div style=\"background-color: #f8f9fa; padding: 15px; border-radius: 5px; margin: 20px 0;\">\n    <pre style=\"margin: 0; overflow-x: auto; white-space: pre-wrap; font-family: monospace;\">name: RSOLV AutoFix\non:\n  issues:\n    types: [opened, edited, labeled]\n\njobs:\n  autofix:\n    runs-on: ubuntu-latest\n    if: contains(github.event.issue.labels.*.name, 'rsolv:automate')\n    steps:\n      - uses: RSOLV-dev/rsolv-action@v1\n        with:\n          github-token: ${{ secrets.GITHUB_TOKEN }}\n          rsolv-api-key: ${{ secrets.RSOLV_API_KEY }}</pre>\n  </div>\n\n  <p>Need help? As an Early Access member, you have priority support - contact us at <a href=\"mailto:support@rsolv.dev\">support@rsolv.dev</a> and we'll personally assist you.</p>\n\n  <p>Your trial includes unlimited automated fixes during the Early Access period.</p>\n\n  <div style=\"margin-top: 30px; padding: 15px; border: 1px solid #e0e0e0; border-radius: 5px; background-color: #f9f9f9;\">\n    <h3 style=\"margin-top: 0; color: #2C3E50;\">Early Access Program Benefits</h3>\n    <ul>\n      <li>Unlimited usage during Early Access</li>\n      <li>Priority support and feature requests</li>\n      <li>Exclusive pricing when we launch</li>\n      <li>Direct access to our development team</li>\n    </ul>\n  </div>\n\n  <p>Best,<br>The RSOLV Team</p>\n\n  <div class=\"footer\" style=\"margin-top: 40px; padding-top: 20px; border-top: 1px solid #e0e0e0; font-size: 0.9em; color: #666;\">\n    <p>\n      You're receiving this email because you joined the RSOLV Early Access Program.\n      <br>\n      If you have any questions, simply reply to this email.\n    </p>\n    <p>\n      RSOLV, Inc. • support@rsolv.dev • © 2025\n    </p>\n    <p>\n      <a href=\"https://rsolv.dev/unsubscribe?email=early@test.com\">Unsubscribe</a> from these emails.\n    </p>\n  </div>\n</div>\n", text_body: "Welcome to RSOLV Early Access Program!\n\nHi EarlyBird,\n\nThank you for joining our Early Access Program! You're now part of an exclusive group getting first access to RSOLV.\n\nHere's what you need to know:\n- You have full access to all current features\n- Your feedback is incredibly valuable to us during this phase\n- You'll receive priority support via email\n\nTo get started with RSOLV:\n1. Your API key will be sent in a follow-up email within 24 hours\n2. Once you receive your API key, install our GitHub Action\n3. Set up your repository secrets with your API key\n4. Tag your first issues with \"AUTOFIX\"\n\n⏳ API KEY COMING SOON: We'll send your personal API key within 24 hours. Look for an email with subject \"Your RSOLV API Key\".\n\nNeed help? As an Early Access member, you have priority support - contact us at support@rsolv.dev and we'll personally assist you.\n\nYour trial includes unlimited automated fixes during the Early Access period.\n\nEARLY ACCESS PROGRAM BENEFITS:\n* Unlimited usage during Early Access\n* Priority support and feature requests\n* Exclusive pricing when we launch\n* Direct access to our development team\n\nBest,\nThe RSOLV Team\n\n---\nYou're receiving this email because you joined the RSOLV Early Access Program.\nIf you have any questions, simply reply to this email.\n\nRSOLV, Inc. • support@rsolv.dev\n\nTo unsubscribe, visit: https://rsolv.dev/unsubscribe?email=early@test.com\n", headers: %{"X-Postmark-Tag" => "early-access"}, attachments: [], assigns: %{}, private: %{tag: "early-access"}, blocked: false}

13:17:06.686 [info] [EMAIL DEBUG] Raw Postmark response
13:17:06.686 [info] [EMAIL] Email sent successfully via Postmark
Early access result: {:ok,
 %{
   status: "sent",
   email: {:ok,
    %Bamboo.Email{
      from: {"RSOLV Team", "support@rsolv.dev"},
      to: [nil: "early@test.com"],
      cc: [],
      bcc: [],
      subject: "Welcome to RSOLV Early Access Program",
      html_body: "<div style=\"font-family: 'Helvetica Neue', Helvetica, Arial, sans-serif; max-width: 600px; margin: 0 auto; padding: 20px;\">\n  <h1 style=\"color: #2C3E50; margin-bottom: 20px;\">Welcome to RSOLV Early Access Program!</h1>\n\n  <p>Hi EarlyBird,</p>\n\n  <p>Thank you for joining our Early Access Program! You're now part of an exclusive group getting first access to RSOLV.</p>\n\n  <p>Here's what you need to know:</p>\n\n  <ul>\n    <li>You have full access to all current features</li>\n    <li>Your feedback is incredibly valuable to us during this phase</li>\n    <li>You'll receive priority support via email</li>\n  </ul>\n\n  <p>To get started with RSOLV:</p>\n\n  <ol>\n    <li><strong>Your API key will be sent in a follow-up email within 24 hours</strong></li>\n    <li>Once you receive your API key, install our GitHub Action (code below)</li>\n    <li>Set up your repository secrets with your API key</li>\n    <li>Tag your first issues with \"rsolv:automate\"</li>\n  </ol>\n\n  <div style=\"background-color: #fff3cd; border: 1px solid #ffeaa7; color: #856404; padding: 10px; border-radius: 5px; margin: 15px 0;\">\n    <strong>⏳ API Key Coming Soon:</strong> We'll send your personal API key within 24 hours. Look for an email with subject \"Your RSOLV API Key\".\n  </div>\n\n  <div style=\"background-color: #f8f9fa; padding: 15px; border-radius: 5px; margin: 20px 0;\">\n    <pre style=\"margin: 0; overflow-x: auto; white-space: pre-wrap; font-family: monospace;\">name: RSOLV AutoFix\non:\n  issues:\n    types: [opened, edited, labeled]\n\njobs:\n  autofix:\n    runs-on: ubuntu-latest\n    if: contains(github.event.issue.labels.*.name, 'rsolv:automate')\n    steps:\n      - uses: RSOLV-dev/rsolv-action@v1\n        with:\n          github-token: ${{ secrets.GITHUB_TOKEN }}\n          rsolv-api-key: ${{ secrets.RSOLV_API_KEY }}</pre>\n  </div>\n\n  <p>Need help? As an Early Access member, you have priority support - contact us at <a href=\"mailto:support@rsolv.dev\">support@rsolv.dev</a> and we'll personally assist you.</p>\n\n  <p>Your trial includes unlimited automated fixes during the Early Access period.</p>\n\n  <div style=\"margin-top: 30px; padding: 15px; border: 1px solid #e0e0e0; border-radius: 5px; background-color: #f9f9f9;\">\n    <h3 style=\"margin-top: 0; color: #2C3E50;\">Early Access Program Benefits</h3>\n    <ul>\n      <li>Unlimited usage during Early Access</li>\n      <li>Priority support and feature requests</li>\n      <li>Exclusive pricing when we launch</li>\n      <li>Direct access to our development team</li>\n    </ul>\n  </div>\n\n  <p>Best,<br>The RSOLV Team</p>\n\n  <div class=\"footer\" style=\"margin-top: 40px; padding-top: 20px; border-top: 1px solid #e0e0e0; font-size: 0.9em; color: #666;\">\n    <p>\n      You're receiving this email because you joined the RSOLV Early Access Program.\n      <br>\n      If you have any questions, simply reply to this email.\n    </p>\n    <p>\n      RSOLV, Inc. • support@rsolv.dev • © 2025\n    </p>\n    <p>\n      <a href=\"https://rsolv.dev/unsubscribe?email=early@test.com\">Unsubscribe</a> from these emails.\n    </p>\n  </div>\n</div>\n",
      text_body: "Welcome to RSOLV Early Access Program!\n\nHi EarlyBird,\n\nThank you for joining our Early Access Program! You're now part of an exclusive group getting first access to RSOLV.\n\nHere's what you need to know:\n- You have full access to all current features\n- Your feedback is incredibly valuable to us during this phase\n- You'll receive priority support via email\n\nTo get started with RSOLV:\n1. Your API key will be sent in a follow-up email within 24 hours\n2. Once you receive your API key, install our GitHub Action\n3. Set up your repository secrets with your API key\n4. Tag your first issues with \"AUTOFIX\"\n\n⏳ API KEY COMING SOON: We'll send your personal API key within 24 hours. Look for an email with subject \"Your RSOLV API Key\".\n\nNeed help? As an Early Access member, you have priority support - contact us at support@rsolv.dev and we'll personally assist you.\n\nYour trial includes unlimited automated fixes during the Early Access period.\n\nEARLY ACCESS PROGRAM BENEFITS:\n* Unlimited usage during Early Access\n* Priority support and feature requests\n* Exclusive pricing when we launch\n* Direct access to our development team\n\nBest,\nThe RSOLV Team\n\n---\nYou're receiving this email because you joined the RSOLV Early Access Program.\nIf you have any questions, simply reply to this email.\n\nRSOLV, Inc. • support@rsolv.dev\n\nTo unsubscribe, visit: https://rsolv.dev/unsubscribe?email=early@test.com\n",
      headers: %{"X-Postmark-Tag" => "early-access"},
      attachments: [],
      assigns: %{},
      private: %{tag: "early-access"},
      blocked: false
    }}
 }}
.............................13:17:06.688 request_id=GGBS66N9HdsTpcMAAAOY [info] POST /api/v1/credentials/exchange
13:17:06.688 request_id=GGBS66N9HdsTpcMAAAOY [debug] Processing with RsolvWeb.CredentialController.exchange/2
  Parameters: %{"api_key" => "rsolv_test_abc123"}
  Pipelines: [:api]
13:17:06.689 request_id=GGBS66N9HdsTpcMAAAOY [info] [CredentialController] Starting exchange with params: %{"api_key" => "rsolv_test_abc123"}
13:17:06.689 request_id=GGBS66N9HdsTpcMAAAOY [info] [CredentialController] Authenticating API key: rsolv_test_abc123
13:17:06.689 request_id=GGBS66N9HdsTpcMAAAOY [debug] QUERY OK source="api_keys" db=0.1ms
SELECT a0."id", a0."key", a0."name", a0."permissions", a0."active", a0."last_used_at", a0."expires_at", a0."customer_id", a0."inserted_at", a0."updated_at" FROM "api_keys" AS a0 WHERE ((a0."key" = $1) AND (a0."active" = $2)) ["rsolv_test_abc123", true]
13:17:06.689 request_id=GGBS66N9HdsTpcMAAAOY [debug] QUERY OK source="customers" db=0.1ms
SELECT c0."id", c0."name", c0."email", c0."api_key", c0."monthly_limit", c0."current_usage", c0."active", c0."metadata", c0."github_org", c0."plan", c0."user_id", c0."inserted_at", c0."updated_at" FROM "customers" AS c0 WHERE ((c0."api_key" = $1) AND (c0."active" = $2)) ["rsolv_test_abc123", true]
13:17:06.689 request_id=GGBS66N9HdsTpcMAAAOY [info] [CredentialController] Found customer: Test Customer (ID: test_customer_1)
13:17:06.689 request_id=GGBS66N9HdsTpcMAAAOY [info] Sent 400 in 1ms
.13:17:06.690 request_id=GGBS66ObdcrcUzoAAAQZ [info] POST /api/v1/credentials/exchange
13:17:06.690 request_id=GGBS66ObdcrcUzoAAAQZ [debug] Processing with RsolvWeb.CredentialController.exchange/2
  Parameters: %{"api_key" => "rsolv_test_abc123", "providers" => ["anthropic"], "ttl_minutes" => 60}
  Pipelines: [:api]
13:17:06.690 request_id=GGBS66ObdcrcUzoAAAQZ [info] [CredentialController] Starting exchange with params: %{"api_key" => "rsolv_test_abc123", "providers" => ["anthropic"], "ttl_minutes" => 60}
13:17:06.690 request_id=GGBS66ObdcrcUzoAAAQZ [info] [CredentialController] Authenticating API key: rsolv_test_abc123
13:17:06.690 request_id=GGBS66ObdcrcUzoAAAQZ [debug] QUERY OK source="api_keys" db=0.2ms
SELECT a0."id", a0."key", a0."name", a0."permissions", a0."active", a0."last_used_at", a0."expires_at", a0."customer_id", a0."inserted_at", a0."updated_at" FROM "api_keys" AS a0 WHERE ((a0."key" = $1) AND (a0."active" = $2)) ["rsolv_test_abc123", true]
13:17:06.690 request_id=GGBS66ObdcrcUzoAAAQZ [debug] QUERY OK source="customers" db=0.2ms
SELECT c0."id", c0."name", c0."email", c0."api_key", c0."monthly_limit", c0."current_usage", c0."active", c0."metadata", c0."github_org", c0."plan", c0."user_id", c0."inserted_at", c0."updated_at" FROM "customers" AS c0 WHERE ((c0."api_key" = $1) AND (c0."active" = $2)) ["rsolv_test_abc123", true]
13:17:06.690 request_id=GGBS66ObdcrcUzoAAAQZ [info] [CredentialController] Found customer: Test Customer (ID: test_customer_1)
13:17:06.690 request_id=GGBS66ObdcrcUzoAAAQZ [info] [CredentialController] About to call generate_credentials
13:17:06.690 request_id=GGBS66ObdcrcUzoAAAQZ [info] Starting credential generation for customer test_customer_1, providers: ["anthropic"]
13:17:06.690 request_id=GGBS66ObdcrcUzoAAAQZ [info] Generating credential for provider: anthropic
13:17:06.691 request_id=GGBS66ObdcrcUzoAAAQZ [info] [Credentials] Starting create_temporary_credential for customer test_customer_1, provider anthropic
13:17:06.691 request_id=GGBS66ObdcrcUzoAAAQZ [info] [Credentials] Getting provider key for anthropic
13:17:06.691 request_id=GGBS66ObdcrcUzoAAAQZ [info] [Credentials] Got provider key for anthropic
13:17:06.691 request_id=GGBS66ObdcrcUzoAAAQZ [info] Created temporary credential for customer test_customer_1, provider anthropic
13:17:06.691 request_id=GGBS66ObdcrcUzoAAAQZ [info] Successfully generated 1 credentials
13:17:06.691 request_id=GGBS66ObdcrcUzoAAAQZ [info] [CredentialController] generate_credentials succeeded
13:17:06.691 request_id=GGBS66ObdcrcUzoAAAQZ [info] Sent 200 in 1ms
.13:17:06.692 request_id=GGBS66O6lz3C3lkAAASZ [info] POST /api/v1/credentials/exchange
13:17:06.692 request_id=GGBS66O6lz3C3lkAAASZ [debug] Processing with RsolvWeb.CredentialController.exchange/2
  Parameters: %{"api_key" => "invalid_key_12345", "providers" => ["anthropic"], "ttl_minutes" => 60}
  Pipelines: [:api]
13:17:06.692 request_id=GGBS66O6lz3C3lkAAASZ [info] [CredentialController] Starting exchange with params: %{"api_key" => "invalid_key_12345", "providers" => ["anthropic"], "ttl_minutes" => 60}
13:17:06.692 request_id=GGBS66O6lz3C3lkAAASZ [info] [CredentialController] Authenticating API key: invalid_key_12345
13:17:06.692 request_id=GGBS66O6lz3C3lkAAASZ [debug] QUERY OK source="api_keys" db=0.0ms
SELECT a0."id", a0."key", a0."name", a0."permissions", a0."active", a0."last_used_at", a0."expires_at", a0."customer_id", a0."inserted_at", a0."updated_at" FROM "api_keys" AS a0 WHERE ((a0."key" = $1) AND (a0."active" = $2)) ["invalid_key_12345", true]
13:17:06.692 request_id=GGBS66O6lz3C3lkAAASZ [debug] QUERY OK source="customers" db=0.0ms
SELECT c0."id", c0."name", c0."email", c0."api_key", c0."monthly_limit", c0."current_usage", c0."active", c0."metadata", c0."github_org", c0."plan", c0."user_id", c0."inserted_at", c0."updated_at" FROM "customers" AS c0 WHERE ((c0."api_key" = $1) AND (c0."active" = $2)) ["invalid_key_12345", true]
13:17:06.692 request_id=GGBS66O6lz3C3lkAAASZ [info] [Accounts] Checking database for API key: invalid_key_12345
13:17:06.692 request_id=GGBS66O6lz3C3lkAAASZ [debug] QUERY OK source="customers" db=0.0ms queue=0.1ms
SELECT c0."id", c0."name", c0."email", c0."api_key", c0."monthly_limit", c0."current_usage", c0."active", c0."subscription_status" = 'trial', c0."inserted_at" FROM "customers" AS c0 WHERE ((c0."api_key" = $1) AND (c0."active" = TRUE)) ["invalid_key_12345"]
13:17:06.692 request_id=GGBS66O6lz3C3lkAAASZ [info] [Accounts] No customer found in database for API key
13:17:06.692 request_id=GGBS66O6lz3C3lkAAASZ [error] [CredentialController] No customer found for API key: invalid_key_12345
13:17:06.692 request_id=GGBS66O6lz3C3lkAAASZ [info] Sent 401 in 600µs
.13:17:06.693 request_id=GGBS66PHUezOfdAAAASY [info] GET /api/v1/patterns
13:17:06.693 request_id=GGBS66PHUezOfdAAAASY [debug] Processing with RsolvWeb.Api.V1.PatternController.index/2
  Parameters: %{"language" => "javascript"}
  Pipelines: [:api]
13:17:06.693 request_id=GGBS66PHUezOfdAAAASY [info] Pattern API called with params: %{"language" => "javascript"}
13:17:06.693 request_id=GGBS66PHUezOfdAAAASY [info] Language: javascript, Format: standard
13:17:06.693 request_id=GGBS66PHUezOfdAAAASY [info] API key status: :none
13:17:06.693 request_id=GGBS66PHUezOfdAAAASY [info] Getting demo patterns for javascript
13:17:06.693 request_id=GGBS66PHUezOfdAAAASY [info] Retrieved 5 patterns
13:17:06.693 request_id=GGBS66PHUezOfdAAAASY [debug] Formatting pattern: "js-sql-injection-concat"
13:17:06.693 request_id=GGBS66PHUezOfdAAAASY [debug] Formatted pattern keys: ["cweId", "description", "examples", "frameworks", "id", "languages", "name", "owaspCategory", "recommendation", "regex", "regexPatterns", "severity", "supportsAst", "type"]
13:17:06.693 request_id=GGBS66PHUezOfdAAAASY [debug] Formatting pattern: "js-xss-innerhtml"
13:17:06.693 request_id=GGBS66PHUezOfdAAAASY [debug] Formatted pattern keys: ["cweId", "description", "examples", "frameworks", "id", "languages", "name", "owaspCategory", "recommendation", "regex", "regexPatterns", "severity", "supportsAst", "type"]
13:17:06.693 request_id=GGBS66PHUezOfdAAAASY [debug] Formatting pattern: "js-command-injection-exec"
13:17:06.693 request_id=GGBS66PHUezOfdAAAASY [debug] Formatted pattern keys: ["cweId", "description", "examples", "frameworks", "id", "languages", "name", "owaspCategory", "recommendation", "regex", "regexPatterns", "severity", "supportsAst", "type"]
13:17:06.693 request_id=GGBS66PHUezOfdAAAASY [debug] Formatting pattern: "js-weak-crypto-md5"
13:17:06.693 request_id=GGBS66PHUezOfdAAAASY [debug] Formatted pattern keys: ["cweId", "description", "examples", "frameworks", "id", "languages", "name", "owaspCategory", "recommendation", "regex", "regexPatterns", "severity", "supportsAst", "type"]
13:17:06.693 request_id=GGBS66PHUezOfdAAAASY [debug] Formatting pattern: "js-hardcoded-secret-api-key"
13:17:06.693 request_id=GGBS66PHUezOfdAAAASY [debug] Formatted pattern keys: ["cweId", "description", "examples", "frameworks", "id", "languages", "name", "owaspCategory", "recommendation", "regex", "regexPatterns", "severity", "supportsAst", "type"]
13:17:06.693 request_id=GGBS66PHUezOfdAAAASY [info] Sent 200 in 225µs
.13:17:06.693 request_id=GGBS66PNuPMmgW8AAAUY [info] GET /api/v1/patterns
13:17:06.693 request_id=GGBS66PNuPMmgW8AAAUY [debug] Processing with RsolvWeb.Api.V1.PatternController.index/2
  Parameters: %{"format" => "unknown_format", "language" => "javascript"}
  Pipelines: [:api]
13:17:06.693 request_id=GGBS66PNuPMmgW8AAAUY [info] Pattern API called with params: %{"format" => "unknown_format", "language" => "javascript"}
13:17:06.693 request_id=GGBS66PNuPMmgW8AAAUY [info] Language: javascript, Format: standard
13:17:06.693 request_id=GGBS66PNuPMmgW8AAAUY [info] API key status: :none
13:17:06.693 request_id=GGBS66PNuPMmgW8AAAUY [info] Getting demo patterns for javascript
13:17:06.693 request_id=GGBS66PNuPMmgW8AAAUY [info] Retrieved 5 patterns
13:17:06.693 request_id=GGBS66PNuPMmgW8AAAUY [debug] Formatting pattern: "js-sql-injection-concat"
13:17:06.693 request_id=GGBS66PNuPMmgW8AAAUY [debug] Formatted pattern keys: ["cweId", "description", "examples", "frameworks", "id", "languages", "name", "owaspCategory", "recommendation", "regex", "regexPatterns", "severity", "supportsAst", "type"]
13:17:06.693 request_id=GGBS66PNuPMmgW8AAAUY [debug] Formatting pattern: "js-xss-innerhtml"
13:17:06.693 request_id=GGBS66PNuPMmgW8AAAUY [debug] Formatted pattern keys: ["cweId", "description", "examples", "frameworks", "id", "languages", "name", "owaspCategory", "recommendation", "regex", "regexPatterns", "severity", "supportsAst", "type"]
13:17:06.693 request_id=GGBS66PNuPMmgW8AAAUY [debug] Formatting pattern: "js-command-injection-exec"
13:17:06.693 request_id=GGBS66PNuPMmgW8AAAUY [debug] Formatted pattern keys: ["cweId", "description", "examples", "frameworks", "id", "languages", "name", "owaspCategory", "recommendation", "regex", "regexPatterns", "severity", "supportsAst", "type"]
13:17:06.693 request_id=GGBS66PNuPMmgW8AAAUY [debug] Formatting pattern: "js-weak-crypto-md5"
13:17:06.693 request_id=GGBS66PNuPMmgW8AAAUY [debug] Formatted pattern keys: ["cweId", "description", "examples", "frameworks", "id", "languages", "name", "owaspCategory", "recommendation", "regex", "regexPatterns", "severity", "supportsAst", "type"]
13:17:06.693 request_id=GGBS66PNuPMmgW8AAAUY [debug] Formatting pattern: "js-hardcoded-secret-api-key"
13:17:06.693 request_id=GGBS66PNuPMmgW8AAAUY [debug] Formatted pattern keys: ["cweId", "description", "examples", "frameworks", "id", "languages", "name", "owaspCategory", "recommendation", "regex", "regexPatterns", "severity", "supportsAst", "type"]
13:17:06.693 request_id=GGBS66PNuPMmgW8AAAUY [info] Sent 200 in 192µs
.13:17:06.693 request_id=GGBS66PTshwNUrIAAAWY [info] GET /api/v1/patterns
13:17:06.693 request_id=GGBS66PTshwNUrIAAAWY [debug] Processing with RsolvWeb.Api.V1.PatternController.index/2
  Parameters: %{"language" => "javascript"}
  Pipelines: [:api]
13:17:06.693 request_id=GGBS66PTshwNUrIAAAWY [info] Pattern API called with params: %{"language" => "javascript"}
13:17:06.693 request_id=GGBS66PTshwNUrIAAAWY [info] Language: javascript, Format: standard
13:17:06.693 request_id=GGBS66PTshwNUrIAAAWY [info] API key status: :none
13:17:06.693 request_id=GGBS66PTshwNUrIAAAWY [info] Getting demo patterns for javascript
13:17:06.693 request_id=GGBS66PTshwNUrIAAAWY [info] Retrieved 5 patterns
13:17:06.693 request_id=GGBS66PTshwNUrIAAAWY [debug] Formatting pattern: "js-sql-injection-concat"
13:17:06.693 request_id=GGBS66PTshwNUrIAAAWY [debug] Formatted pattern keys: ["cweId", "description", "examples", "frameworks", "id", "languages", "name", "owaspCategory", "recommendation", "regex", "regexPatterns", "severity", "supportsAst", "type"]
13:17:06.693 request_id=GGBS66PTshwNUrIAAAWY [debug] Formatting pattern: "js-xss-innerhtml"
13:17:06.693 request_id=GGBS66PTshwNUrIAAAWY [debug] Formatted pattern keys: ["cweId", "description", "examples", "frameworks", "id", "languages", "name", "owaspCategory", "recommendation", "regex", "regexPatterns", "severity", "supportsAst", "type"]
13:17:06.693 request_id=GGBS66PTshwNUrIAAAWY [debug] Formatting pattern: "js-command-injection-exec"
13:17:06.693 request_id=GGBS66PTshwNUrIAAAWY [debug] Formatted pattern keys: ["cweId", "description", "examples", "frameworks", "id", "languages", "name", "owaspCategory", "recommendation", "regex", "regexPatterns", "severity", "supportsAst", "type"]
13:17:06.693 request_id=GGBS66PTshwNUrIAAAWY [debug] Formatting pattern: "js-weak-crypto-md5"
13:17:06.693 request_id=GGBS66PTshwNUrIAAAWY [debug] Formatted pattern keys: ["cweId", "description", "examples", "frameworks", "id", "languages", "name", "owaspCategory", "recommendation", "regex", "regexPatterns", "severity", "supportsAst", "type"]
13:17:06.693 request_id=GGBS66PTshwNUrIAAAWY [debug] Formatting pattern: "js-hardcoded-secret-api-key"
13:17:06.694 request_id=GGBS66PTshwNUrIAAAWY [debug] Formatted pattern keys: ["cweId", "description", "examples", "frameworks", "id", "languages", "name", "owaspCategory", "recommendation", "regex", "regexPatterns", "severity", "supportsAst", "type"]
13:17:06.694 request_id=GGBS66PTshwNUrIAAAWY [info] Sent 200 in 188µs
13:17:06.694 request_id=GGBS66PXNk4NUrIAAAYY [info] GET /api/v1/patterns
13:17:06.694 request_id=GGBS66PXNk4NUrIAAAYY [debug] Processing with RsolvWeb.Api.V1.PatternController.index/2
  Parameters: %{"language" => "python"}
  Pipelines: [:api]
13:17:06.694 request_id=GGBS66PXNk4NUrIAAAYY [info] Pattern API called with params: %{"language" => "python"}
13:17:06.694 request_id=GGBS66PXNk4NUrIAAAYY [info] Language: python, Format: standard
13:17:06.694 request_id=GGBS66PXNk4NUrIAAAYY [info] API key status: :none
13:17:06.694 request_id=GGBS66PXNk4NUrIAAAYY [info] Getting demo patterns for python
13:17:06.694 request_id=GGBS66PXNk4NUrIAAAYY [info] Retrieved 4 patterns
13:17:06.694 request_id=GGBS66PXNk4NUrIAAAYY [debug] Formatting pattern: "python-sql-injection-format"
13:17:06.694 request_id=GGBS66PXNk4NUrIAAAYY [debug] Formatted pattern keys: ["cweId", "description", "examples", "frameworks", "id", "languages", "name", "owaspCategory", "recommendation", "regex", "regexPatterns", "severity", "supportsAst", "type"]
13:17:06.694 request_id=GGBS66PXNk4NUrIAAAYY [debug] Formatting pattern: "python-command-injection-os-system"
13:17:06.694 request_id=GGBS66PXNk4NUrIAAAYY [debug] Formatted pattern keys: ["cweId", "description", "examples", "frameworks", "id", "languages", "name", "owaspCategory", "recommendation", "regex", "regexPatterns", "severity", "supportsAst", "type"]
13:17:06.694 request_id=GGBS66PXNk4NUrIAAAYY [debug] Formatting pattern: "python-unsafe-pickle"
13:17:06.694 request_id=GGBS66PXNk4NUrIAAAYY [debug] Formatted pattern keys: ["cweId", "description", "examples", "frameworks", "id", "languages", "name", "owaspCategory", "recommendation", "regex", "regexPatterns", "severity", "supportsAst", "type"]
13:17:06.694 request_id=GGBS66PXNk4NUrIAAAYY [debug] Formatting pattern: "python-weak-hash-md5"
13:17:06.694 request_id=GGBS66PXNk4NUrIAAAYY [debug] Formatted pattern keys: ["cweId", "description", "examples", "frameworks", "id", "languages", "name", "owaspCategory", "recommendation", "regex", "regexPatterns", "severity", "supportsAst", "type"]
13:17:06.694 request_id=GGBS66PXNk4NUrIAAAYY [info] Sent 200 in 170µs
13:17:06.694 request_id=GGBS66PajrcNUrIAAECD [info] GET /api/v1/patterns
13:17:06.694 request_id=GGBS66PajrcNUrIAAECD [debug] Processing with RsolvWeb.Api.V1.PatternController.index/2
  Parameters: %{"language" => "ruby"}
  Pipelines: [:api]
13:17:06.694 request_id=GGBS66PajrcNUrIAAECD [info] Pattern API called with params: %{"language" => "ruby"}
13:17:06.694 request_id=GGBS66PajrcNUrIAAECD [info] Language: ruby, Format: standard
13:17:06.694 request_id=GGBS66PajrcNUrIAAECD [info] API key status: :none
13:17:06.694 request_id=GGBS66PajrcNUrIAAECD [info] Getting demo patterns for ruby
13:17:06.694 request_id=GGBS66PajrcNUrIAAECD [info] Retrieved 3 patterns
13:17:06.694 request_id=GGBS66PajrcNUrIAAECD [debug] Formatting pattern: "ruby-sql-injection-interpolation"
13:17:06.694 request_id=GGBS66PajrcNUrIAAECD [debug] Formatted pattern keys: ["cweId", "description", "examples", "frameworks", "id", "languages", "name", "owaspCategory", "recommendation", "regex", "regexPatterns", "severity", "supportsAst", "type"]
13:17:06.694 request_id=GGBS66PajrcNUrIAAECD [debug] Formatting pattern: "ruby-mass-assignment"
13:17:06.694 request_id=GGBS66PajrcNUrIAAECD [debug] Formatted pattern keys: ["cweId", "description", "examples", "frameworks", "id", "languages", "name", "owaspCategory", "recommendation", "regex", "regexPatterns", "severity", "supportsAst", "type"]
13:17:06.694 request_id=GGBS66PajrcNUrIAAECD [debug] Formatting pattern: "ruby-command-injection"
13:17:06.694 request_id=GGBS66PajrcNUrIAAECD [debug] Formatted pattern keys: ["cweId", "description", "examples", "frameworks", "id", "languages", "name", "owaspCategory", "recommendation", "regex", "regexPatterns", "severity", "supportsAst", "type"]
13:17:06.694 request_id=GGBS66PajrcNUrIAAECD [info] Sent 200 in 141µs
13:17:06.694 request_id=GGBS66PdRbgNUrIAAEED [info] GET /api/v1/patterns
13:17:06.694 request_id=GGBS66PdRbgNUrIAAEED [debug] Processing with RsolvWeb.Api.V1.PatternController.index/2
  Parameters: %{"language" => "java"}
  Pipelines: [:api]
13:17:06.694 request_id=GGBS66PdRbgNUrIAAEED [info] Pattern API called with params: %{"language" => "java"}
13:17:06.694 request_id=GGBS66PdRbgNUrIAAEED [info] Language: java, Format: standard
13:17:06.694 request_id=GGBS66PdRbgNUrIAAEED [info] API key status: :none
13:17:06.694 request_id=GGBS66PdRbgNUrIAAEED [info] Getting demo patterns for java
13:17:06.694 request_id=GGBS66PdRbgNUrIAAEED [info] Retrieved 3 patterns
13:17:06.694 request_id=GGBS66PdRbgNUrIAAEED [debug] Formatting pattern: "java-sql-injection-statement"
13:17:06.694 request_id=GGBS66PdRbgNUrIAAEED [debug] Formatted pattern keys: ["cweId", "description", "examples", "frameworks", "id", "languages", "name", "owaspCategory", "recommendation", "regex", "regexPatterns", "severity", "supportsAst", "type"]
13:17:06.694 request_id=GGBS66PdRbgNUrIAAEED [debug] Formatting pattern: "java-xxe-documentbuilder"
13:17:06.694 request_id=GGBS66PdRbgNUrIAAEED [debug] Formatted pattern keys: ["cweId", "description", "examples", "frameworks", "id", "languages", "name", "owaspCategory", "recommendation", "regex", "regexPatterns", "severity", "supportsAst", "type"]
13:17:06.694 request_id=GGBS66PdRbgNUrIAAEED [debug] Formatting pattern: "java-weak-random"
13:17:06.694 request_id=GGBS66PdRbgNUrIAAEED [debug] Formatted pattern keys: ["cweId", "description", "examples", "frameworks", "id", "languages", "name", "owaspCategory", "recommendation", "regex", "regexPatterns", "severity", "supportsAst", "type"]
13:17:06.694 request_id=GGBS66PdRbgNUrIAAEED [info] Sent 200 in 142µs
13:17:06.694 request_id=GGBS66PgFvQNUrIAAAaY [info] GET /api/v1/patterns
13:17:06.694 request_id=GGBS66PgFvQNUrIAAAaY [debug] Processing with RsolvWeb.Api.V1.PatternController.index/2
  Parameters: %{"language" => "elixir"}
  Pipelines: [:api]
13:17:06.694 request_id=GGBS66PgFvQNUrIAAAaY [info] Pattern API called with params: %{"language" => "elixir"}
13:17:06.694 request_id=GGBS66PgFvQNUrIAAAaY [info] Language: elixir, Format: standard
13:17:06.694 request_id=GGBS66PgFvQNUrIAAAaY [info] API key status: :none
13:17:06.694 request_id=GGBS66PgFvQNUrIAAAaY [info] Getting demo patterns for elixir
13:17:06.694 request_id=GGBS66PgFvQNUrIAAAaY [info] Retrieved 1 patterns
13:17:06.694 request_id=GGBS66PgFvQNUrIAAAaY [debug] Formatting pattern: "elixir-sql-injection-interpolation"
13:17:06.694 request_id=GGBS66PgFvQNUrIAAAaY [debug] Formatted pattern keys: ["cweId", "description", "examples", "frameworks", "id", "languages", "name", "owaspCategory", "recommendation", "regex", "regexPatterns", "severity", "supportsAst", "type"]
13:17:06.694 request_id=GGBS66PgFvQNUrIAAAaY [info] Sent 200 in 131µs
13:17:06.694 request_id=GGBS66PipDoNUrIAAAcY [info] GET /api/v1/patterns
13:17:06.694 request_id=GGBS66PipDoNUrIAAAcY [debug] Processing with RsolvWeb.Api.V1.PatternController.index/2
  Parameters: %{"language" => "php"}
  Pipelines: [:api]
13:17:06.694 request_id=GGBS66PipDoNUrIAAAcY [info] Pattern API called with params: %{"language" => "php"}
13:17:06.694 request_id=GGBS66PipDoNUrIAAAcY [info] Language: php, Format: standard
13:17:06.694 request_id=GGBS66PipDoNUrIAAAcY [info] API key status: :none
13:17:06.694 request_id=GGBS66PipDoNUrIAAAcY [info] Getting demo patterns for php
13:17:06.694 request_id=GGBS66PipDoNUrIAAAcY [info] Retrieved 3 patterns
13:17:06.694 request_id=GGBS66PipDoNUrIAAAcY [debug] Formatting pattern: "php-sql-injection-concat"
13:17:06.694 request_id=GGBS66PipDoNUrIAAAcY [debug] Formatted pattern keys: ["cweId", "description", "examples", "frameworks", "id", "languages", "name", "owaspCategory", "recommendation", "regex", "regexPatterns", "severity", "supportsAst", "type"]
13:17:06.694 request_id=GGBS66PipDoNUrIAAAcY [debug] Formatting pattern: "php-xss-echo"
13:17:06.694 request_id=GGBS66PipDoNUrIAAAcY [debug] Formatted pattern keys: ["cweId", "description", "examples", "frameworks", "id", "languages", "name", "owaspCategory", "recommendation", "regex", "regexPatterns", "severity", "supportsAst", "type"]
13:17:06.694 request_id=GGBS66PipDoNUrIAAAcY [debug] Formatting pattern: "php-file-inclusion"
13:17:06.694 request_id=GGBS66PipDoNUrIAAAcY [debug] Formatted pattern keys: ["cweId", "description", "examples", "frameworks", "id", "languages", "name", "owaspCategory", "recommendation", "regex", "regexPatterns", "severity", "supportsAst", "type"]
13:17:06.694 request_id=GGBS66PipDoNUrIAAAcY [info] Sent 200 in 146µs
.13:17:06.695 request_id=GGBS66Pn5xJL4y0AAAUZ [info] GET /api/v1/patterns
13:17:06.695 request_id=GGBS66Pn5xJL4y0AAAUZ [debug] Processing with RsolvWeb.Api.V1.PatternController.index/2
  Parameters: %{"language" => "javascript"}
  Pipelines: [:api]
13:17:06.695 request_id=GGBS66Pn5xJL4y0AAAUZ [info] Pattern API called with params: %{"language" => "javascript"}
13:17:06.695 request_id=GGBS66Pn5xJL4y0AAAUZ [info] Language: javascript, Format: standard
13:17:06.695 request_id=GGBS66Pn5xJL4y0AAAUZ [debug] QUERY OK source="api_keys" db=0.0ms
SELECT a0."id", a0."key", a0."name", a0."permissions", a0."active", a0."last_used_at", a0."expires_at", a0."customer_id", a0."inserted_at", a0."updated_at" FROM "api_keys" AS a0 WHERE ((a0."key" = $1) AND (a0."active" = $2)) ["invalid_key_that_does_not_exist_12345", true]
13:17:06.695 request_id=GGBS66Pn5xJL4y0AAAUZ [debug] QUERY OK source="customers" db=0.0ms
SELECT c0."id", c0."name", c0."email", c0."api_key", c0."monthly_limit", c0."current_usage", c0."active", c0."metadata", c0."github_org", c0."plan", c0."user_id", c0."inserted_at", c0."updated_at" FROM "customers" AS c0 WHERE ((c0."api_key" = $1) AND (c0."active" = $2)) ["invalid_key_that_does_not_exist_12345", true]
13:17:06.695 request_id=GGBS66Pn5xJL4y0AAAUZ [info] [Accounts] Checking database for API key: invalid_key_that_does_not_exist_12345
13:17:06.695 request_id=GGBS66Pn5xJL4y0AAAUZ [debug] QUERY OK source="customers" db=0.1ms
SELECT c0."id", c0."name", c0."email", c0."api_key", c0."monthly_limit", c0."current_usage", c0."active", c0."subscription_status" = 'trial', c0."inserted_at" FROM "customers" AS c0 WHERE ((c0."api_key" = $1) AND (c0."active" = TRUE)) ["invalid_key_that_does_not_exist_12345"]
13:17:06.695 request_id=GGBS66Pn5xJL4y0AAAUZ [info] [Accounts] No customer found in database for API key
13:17:06.695 request_id=GGBS66Pn5xJL4y0AAAUZ [info] API key status: :invalid
13:17:06.695 request_id=GGBS66Pn5xJL4y0AAAUZ [warning] Invalid API key provided
13:17:06.695 request_id=GGBS66Pn5xJL4y0AAAUZ [info] Sent 401 in 421µs
13:17:06.695 request_id=GGBS66Pn5xJL4y0AAAUZ [debug] RsolvWeb.Api.V1.PatternController halted in :action/2
.13:17:06.695 request_id=GGBS66Pwo0JV8rgAAAeY [info] GET /api/v1/patterns
13:17:06.695 request_id=GGBS66Pwo0JV8rgAAAeY [debug] Processing with RsolvWeb.Api.V1.PatternController.index/2
  Parameters: %{"format" => "enhanced", "language" => "javascript"}
  Pipelines: [:api]
13:17:06.695 request_id=GGBS66Pwo0JV8rgAAAeY [info] Pattern API called with params: %{"format" => "enhanced", "language" => "javascript"}
13:17:06.695 request_id=GGBS66Pwo0JV8rgAAAeY [info] Language: javascript, Format: enhanced
13:17:06.695 request_id=GGBS66Pwo0JV8rgAAAeY [debug] QUERY OK source="api_keys" db=0.0ms
SELECT a0."id", a0."key", a0."name", a0."permissions", a0."active", a0."last_used_at", a0."expires_at", a0."customer_id", a0."inserted_at", a0."updated_at" FROM "api_keys" AS a0 WHERE ((a0."key" = $1) AND (a0."active" = $2)) ["rsolv_test_abc123", true]
13:17:06.695 request_id=GGBS66Pwo0JV8rgAAAeY [debug] QUERY OK source="customers" db=0.0ms
SELECT c0."id", c0."name", c0."email", c0."api_key", c0."monthly_limit", c0."current_usage", c0."active", c0."metadata", c0."github_org", c0."plan", c0."user_id", c0."inserted_at", c0."updated_at" FROM "customers" AS c0 WHERE ((c0."api_key" = $1) AND (c0."active" = $2)) ["rsolv_test_abc123", true]
13:17:06.696 request_id=GGBS66Pwo0JV8rgAAAeY [info] API key status: :valid
13:17:06.696 request_id=GGBS66Pwo0JV8rgAAAeY [info] Getting enhanced patterns for javascript
13:17:06.696 request_id=GGBS66Pwo0JV8rgAAAeY [info] Retrieved 30 patterns
13:17:06.696 request_id=GGBS66Pwo0JV8rgAAAeY [debug] Formatting pattern: "js-sql-injection-concat"
13:17:06.696 request_id=GGBS66Pwo0JV8rgAAAeY [debug] Formatted pattern keys: ["astRules", "confidenceRules", "contextRules", "cweId", "description", "examples", "frameworks", "id", "languages", "minConfidence", "name", "owaspCategory", "recommendation", "regex", "regexPatterns", "severity", "supportsAst", "type"]
13:17:06.696 request_id=GGBS66Pwo0JV8rgAAAeY [debug] Formatting pattern: "js-sql-injection-interpolation"
13:17:06.696 request_id=GGBS66Pwo0JV8rgAAAeY [debug] Formatted pattern keys: ["astRules", "confidenceRules", "contextRules", "cweId", "description", "examples", "frameworks", "id", "languages", "minConfidence", "name", "owaspCategory", "recommendation", "regex", "regexPatterns", "severity", "supportsAst", "type"]
13:17:06.696 request_id=GGBS66Pwo0JV8rgAAAeY [debug] Formatting pattern: "js-xss-innerhtml"
13:17:06.696 request_id=GGBS66Pwo0JV8rgAAAeY [debug] Formatted pattern keys: ["astRules", "confidenceRules", "contextRules", "cweId", "description", "examples", "frameworks", "id", "languages", "minConfidence", "name", "owaspCategory", "recommendation", "regex", "regexPatterns", "severity", "supportsAst", "type"]
13:17:06.696 request_id=GGBS66Pwo0JV8rgAAAeY [debug] Formatting pattern: "js-xss-document-write"
13:17:06.696 request_id=GGBS66Pwo0JV8rgAAAeY [debug] Formatted pattern keys: ["astRules", "confidenceRules", "contextRules", "cweId", "description", "examples", "frameworks", "id", "languages", "minConfidence", "name", "owaspCategory", "recommendation", "regex", "regexPatterns", "severity", "supportsAst", "type"]
13:17:06.696 request_id=GGBS66Pwo0JV8rgAAAeY [debug] Formatting pattern: "js-xss-jquery-html"
13:17:06.696 request_id=GGBS66Pwo0JV8rgAAAeY [debug] Formatted pattern keys: ["astRules", "confidenceRules", "contextRules", "cweId", "description", "examples", "frameworks", "id", "languages", "minConfidence", "name", "owaspCategory", "recommendation", "regex", "regexPatterns", "severity", "supportsAst", "type"]
13:17:06.696 request_id=GGBS66Pwo0JV8rgAAAeY [debug] Formatting pattern: "js-xss-react-dangerously"
13:17:06.696 request_id=GGBS66Pwo0JV8rgAAAeY [debug] Formatted pattern keys: ["astRules", "confidenceRules", "contextRules", "cweId", "description", "examples", "frameworks", "id", "languages", "minConfidence", "name", "owaspCategory", "recommendation", "regex", "regexPatterns", "severity", "supportsAst", "type"]
13:17:06.696 request_id=GGBS66Pwo0JV8rgAAAeY [debug] Formatting pattern: "js-xss-dom-manipulation"
13:17:06.696 request_id=GGBS66Pwo0JV8rgAAAeY [debug] Formatted pattern keys: ["astRules", "confidenceRules", "contextRules", "cweId", "description", "examples", "frameworks", "id", "languages", "minConfidence", "name", "owaspCategory", "recommendation", "regex", "regexPatterns", "severity", "supportsAst", "type"]
13:17:06.696 request_id=GGBS66Pwo0JV8rgAAAeY [debug] Formatting pattern: "js-command-injection-exec"
13:17:06.696 request_id=GGBS66Pwo0JV8rgAAAeY [debug] Formatted pattern keys: ["astRules", "confidenceRules", "contextRules", "cweId", "description", "examples", "frameworks", "id", "languages", "minConfidence", "name", "owaspCategory", "recommendation", "regex", "regexPatterns", "severity", "supportsAst", "type"]
13:17:06.696 request_id=GGBS66Pwo0JV8rgAAAeY [debug] Formatting pattern: "js-command-injection-spawn"
13:17:06.696 request_id=GGBS66Pwo0JV8rgAAAeY [debug] Formatted pattern keys: ["astRules", "confidenceRules", "contextRules", "cweId", "description", "examples", "frameworks", "id", "languages", "minConfidence", "name", "owaspCategory", "recommendation", "regex", "regexPatterns", "severity", "supportsAst", "type"]
13:17:06.696 request_id=GGBS66Pwo0JV8rgAAAeY [debug] Formatting pattern: "js-path-traversal-join"
13:17:06.696 request_id=GGBS66Pwo0JV8rgAAAeY [debug] Formatted pattern keys: ["astRules", "confidenceRules", "contextRules", "cweId", "description", "examples", "frameworks", "id", "languages", "minConfidence", "name", "owaspCategory", "recommendation", "regex", "regexPatterns", "severity", "supportsAst", "type"]
13:17:06.696 request_id=GGBS66Pwo0JV8rgAAAeY [debug] Formatting pattern: "js-path-traversal-concat"
13:17:06.696 request_id=GGBS66Pwo0JV8rgAAAeY [debug] Formatted pattern keys: ["astRules", "confidenceRules", "contextRules", "cweId", "description", "examples", "frameworks", "id", "languages", "minConfidence", "name", "owaspCategory", "recommendation", "regex", "regexPatterns", "severity", "supportsAst", "type"]
13:17:06.696 request_id=GGBS66Pwo0JV8rgAAAeY [debug] Formatting pattern: "js-weak-crypto-md5"
13:17:06.696 request_id=GGBS66Pwo0JV8rgAAAeY [debug] Formatted pattern keys: ["astRules", "confidenceRules", "contextRules", "cweId", "description", "examples", "frameworks", "id", "languages", "minConfidence", "name", "owaspCategory", "recommendation", "regex", "regexPatterns", "severity", "supportsAst", "type"]
13:17:06.696 request_id=GGBS66Pwo0JV8rgAAAeY [debug] Formatting pattern: "js-weak-crypto-sha1"
13:17:06.696 request_id=GGBS66Pwo0JV8rgAAAeY [debug] Formatted pattern keys: ["astRules", "confidenceRules", "contextRules", "cweId", "description", "examples", "frameworks", "id", "languages", "minConfidence", "name", "owaspCategory", "recommendation", "regex", "regexPatterns", "severity", "supportsAst", "type"]
13:17:06.696 request_id=GGBS66Pwo0JV8rgAAAeY [debug] Formatting pattern: "js-hardcoded-secret-password"
13:17:06.696 request_id=GGBS66Pwo0JV8rgAAAeY [debug] Formatted pattern keys: ["astRules", "confidenceRules", "contextRules", "cweId", "description", "examples", "frameworks", "id", "languages", "minConfidence", "name", "owaspCategory", "recommendation", "regex", "regexPatterns", "severity", "supportsAst", "type"]
13:17:06.696 request_id=GGBS66Pwo0JV8rgAAAeY [debug] Formatting pattern: "js-hardcoded-secret-api-key"
13:17:06.696 request_id=GGBS66Pwo0JV8rgAAAeY [debug] Formatted pattern keys: ["astRules", "confidenceRules", "contextRules", "cweId", "description", "examples", "frameworks", "id", "languages", "minConfidence", "name", "owaspCategory", "recommendation", "regex", "regexPatterns", "severity", "supportsAst", "type"]
13:17:06.696 request_id=GGBS66Pwo0JV8rgAAAeY [debug] Formatting pattern: "js-eval-user-input"
13:17:06.696 request_id=GGBS66Pwo0JV8rgAAAeY [debug] Formatted pattern keys: ["astRules", "confidenceRules", "contextRules", "cweId", "description", "examples", "frameworks", "id", "languages", "minConfidence", "name", "owaspCategory", "recommendation", "regex", "regexPatterns", "severity", "supportsAst", "type"]
13:17:06.696 request_id=GGBS66Pwo0JV8rgAAAeY [debug] Formatting pattern: "js-unsafe-regex"
13:17:06.696 request_id=GGBS66Pwo0JV8rgAAAeY [debug] Formatted pattern keys: ["astRules", "confidenceRules", "contextRules", "cweId", "description", "examples", "frameworks", "id", "languages", "minConfidence", "name", "owaspCategory", "recommendation", "regex", "regexPatterns", "severity", "supportsAst", "type"]
13:17:06.696 request_id=GGBS66Pwo0JV8rgAAAeY [debug] Formatting pattern: "js-open-redirect"
13:17:06.696 request_id=GGBS66Pwo0JV8rgAAAeY [debug] Formatted pattern keys: ["astRules", "confidenceRules", "contextRules", "cweId", "description", "examples", "frameworks", "id", "languages", "minConfidence", "name", "owaspCategory", "recommendation", "regex", "regexPatterns", "severity", "supportsAst", "type"]
13:17:06.696 request_id=GGBS66Pwo0JV8rgAAAeY [debug] Formatting pattern: "js-xxe-external-entities"
13:17:06.696 request_id=GGBS66Pwo0JV8rgAAAeY [debug] Formatted pattern keys: ["astRules", "confidenceRules", "contextRules", "cweId", "description", "examples", "frameworks", "id", "languages", "minConfidence", "name", "owaspCategory", "recommendation", "regex", "regexPatterns", "severity", "supportsAst", "type"]
13:17:06.696 request_id=GGBS66Pwo0JV8rgAAAeY [debug] Formatting pattern: "js-prototype-pollution"
13:17:06.696 request_id=GGBS66Pwo0JV8rgAAAeY [debug] Formatted pattern keys: ["astRules", "confidenceRules", "contextRules", "cweId", "description", "examples", "frameworks", "id", "languages", "minConfidence", "name", "owaspCategory", "recommendation", "regex", "regexPatterns", "severity", "supportsAst", "type"]
13:17:06.696 request_id=GGBS66Pwo0JV8rgAAAeY [debug] Formatting pattern: "js-insecure-random"
13:17:06.696 request_id=GGBS66Pwo0JV8rgAAAeY [debug] Formatted pattern keys: ["astRules", "confidenceRules", "contextRules", "cweId", "description", "examples", "frameworks", "id", "languages", "minConfidence", "name", "owaspCategory", "recommendation", "regex", "regexPatterns", "severity", "supportsAst", "type"]
13:17:06.696 request_id=GGBS66Pwo0JV8rgAAAeY [debug] Formatting pattern: "js-timing-attack"
13:17:06.696 request_id=GGBS66Pwo0JV8rgAAAeY [debug] Formatted pattern keys: ["astRules", "confidenceRules", "contextRules", "cweId", "description", "examples", "frameworks", "id", "languages", "minConfidence", "name", "owaspCategory", "recommendation", "regex", "regexPatterns", "severity", "supportsAst", "type"]
13:17:06.696 request_id=GGBS66Pwo0JV8rgAAAeY [debug] Formatting pattern: "js-nosql-injection"
13:17:06.696 request_id=GGBS66Pwo0JV8rgAAAeY [debug] Formatted pattern keys: ["astRules", "confidenceRules", "contextRules", "cweId", "description", "examples", "frameworks", "id", "languages", "minConfidence", "name", "owaspCategory", "recommendation", "regex", "regexPatterns", "severity", "supportsAst", "type"]
13:17:06.696 request_id=GGBS66Pwo0JV8rgAAAeY [debug] Formatting pattern: "js-ldap-injection"
13:17:06.696 request_id=GGBS66Pwo0JV8rgAAAeY [debug] Formatted pattern keys: ["astRules", "confidenceRules", "contextRules", "cweId", "description", "examples", "frameworks", "id", "languages", "minConfidence", "name", "owaspCategory", "recommendation", "regex", "regexPatterns", "severity", "supportsAst", "type"]
13:17:06.696 request_id=GGBS66Pwo0JV8rgAAAeY [debug] Formatting pattern: "js-xpath-injection"
13:17:06.696 request_id=GGBS66Pwo0JV8rgAAAeY [debug] Formatted pattern keys: ["astRules", "confidenceRules", "contextRules", "cweId", "description", "examples", "frameworks", "id", "languages", "minConfidence", "name", "owaspCategory", "recommendation", "regex", "regexPatterns", "severity", "supportsAst", "type"]
13:17:06.696 request_id=GGBS66Pwo0JV8rgAAAeY [debug] Formatting pattern: "js-ssrf"
13:17:06.696 request_id=GGBS66Pwo0JV8rgAAAeY [debug] Formatted pattern keys: ["astRules", "confidenceRules", "contextRules", "cweId", "description", "examples", "frameworks", "id", "languages", "minConfidence", "name", "owaspCategory", "recommendation", "regex", "regexPatterns", "severity", "supportsAst", "type"]
13:17:06.697 request_id=GGBS66Pwo0JV8rgAAAeY [debug] Formatting pattern: "js-insecure-deserialization"
13:17:06.697 request_id=GGBS66Pwo0JV8rgAAAeY [debug] Formatted pattern keys: ["astRules", "confidenceRules", "contextRules", "cweId", "description", "examples", "frameworks", "id", "languages", "minConfidence", "name", "owaspCategory", "recommendation", "regex", "regexPatterns", "severity", "supportsAst", "type"]
13:17:06.697 request_id=GGBS66Pwo0JV8rgAAAeY [debug] Formatting pattern: "js-missing-csrf"
13:17:06.697 request_id=GGBS66Pwo0JV8rgAAAeY [debug] Formatted pattern keys: ["astRules", "confidenceRules", "contextRules", "cweId", "description", "examples", "frameworks", "id", "languages", "minConfidence", "name", "owaspCategory", "recommendation", "regex", "regexPatterns", "severity", "supportsAst", "type"]
13:17:06.697 request_id=GGBS66Pwo0JV8rgAAAeY [debug] Formatting pattern: "js-jwt-none-algorithm"
13:17:06.697 request_id=GGBS66Pwo0JV8rgAAAeY [debug] Formatted pattern keys: ["astRules", "confidenceRules", "contextRules", "cweId", "description", "examples", "frameworks", "id", "languages", "minConfidence", "name", "owaspCategory", "recommendation", "regex", "regexPatterns", "severity", "supportsAst", "type"]
13:17:06.697 request_id=GGBS66Pwo0JV8rgAAAeY [debug] Formatting pattern: "js-debug-console-log"
13:17:06.697 request_id=GGBS66Pwo0JV8rgAAAeY [debug] Formatted pattern keys: ["astRules", "confidenceRules", "contextRules", "cweId", "description", "examples", "frameworks", "id", "languages", "minConfidence", "name", "owaspCategory", "recommendation", "regex", "regexPatterns", "severity", "supportsAst", "type"]
13:17:06.697 request_id=GGBS66Pwo0JV8rgAAAeY [info] Sent 200 in 1ms
.13:17:06.698 request_id=GGBS66QWLOJPsgAAAAAX [info] GET /api/v1/patterns
13:17:06.698 request_id=GGBS66QWLOJPsgAAAAAX [debug] Processing with RsolvWeb.Api.V1.PatternController.index/2
  Parameters: %{}
  Pipelines: [:api]
13:17:06.698 request_id=GGBS66QWLOJPsgAAAAAX [info] Pattern API called with params: %{}
13:17:06.698 request_id=GGBS66QWLOJPsgAAAAAX [info] Language: javascript, Format: standard
13:17:06.698 request_id=GGBS66QWLOJPsgAAAAAX [info] API key status: :none
13:17:06.698 request_id=GGBS66QWLOJPsgAAAAAX [info] Getting demo patterns for javascript
13:17:06.698 request_id=GGBS66QWLOJPsgAAAAAX [info] Retrieved 5 patterns
13:17:06.698 request_id=GGBS66QWLOJPsgAAAAAX [debug] Formatting pattern: "js-sql-injection-concat"
13:17:06.698 request_id=GGBS66QWLOJPsgAAAAAX [debug] Formatted pattern keys: ["cweId", "description", "examples", "frameworks", "id", "languages", "name", "owaspCategory", "recommendation", "regex", "regexPatterns", "severity", "supportsAst", "type"]
13:17:06.698 request_id=GGBS66QWLOJPsgAAAAAX [debug] Formatting pattern: "js-xss-innerhtml"
13:17:06.698 request_id=GGBS66QWLOJPsgAAAAAX [debug] Formatted pattern keys: ["cweId", "description", "examples", "frameworks", "id", "languages", "name", "owaspCategory", "recommendation", "regex", "regexPatterns", "severity", "supportsAst", "type"]
13:17:06.698 request_id=GGBS66QWLOJPsgAAAAAX [debug] Formatting pattern: "js-command-injection-exec"
13:17:06.698 request_id=GGBS66QWLOJPsgAAAAAX [debug] Formatted pattern keys: ["cweId", "description", "examples", "frameworks", "id", "languages", "name", "owaspCategory", "recommendation", "regex", "regexPatterns", "severity", "supportsAst", "type"]
13:17:06.698 request_id=GGBS66QWLOJPsgAAAAAX [debug] Formatting pattern: "js-weak-crypto-md5"
13:17:06.698 request_id=GGBS66QWLOJPsgAAAAAX [debug] Formatted pattern keys: ["cweId", "description", "examples", "frameworks", "id", "languages", "name", "owaspCategory", "recommendation", "regex", "regexPatterns", "severity", "supportsAst", "type"]
13:17:06.698 request_id=GGBS66QWLOJPsgAAAAAX [debug] Formatting pattern: "js-hardcoded-secret-api-key"
13:17:06.698 request_id=GGBS66QWLOJPsgAAAAAX [debug] Formatted pattern keys: ["cweId", "description", "examples", "frameworks", "id", "languages", "name", "owaspCategory", "recommendation", "regex", "regexPatterns", "severity", "supportsAst", "type"]
13:17:06.698 request_id=GGBS66QWLOJPsgAAAAAX [info] Sent 200 in 274µs
.13:17:06.698 request_id=GGBS66QdFq-7-9EAAACX [info] GET /api/v1/patterns
13:17:06.698 request_id=GGBS66QdFq-7-9EAAACX [debug] Processing with RsolvWeb.Api.V1.PatternController.index/2
  Parameters: %{}
  Pipelines: [:api]
13:17:06.698 request_id=GGBS66QdFq-7-9EAAACX [info] Pattern API called with params: %{}
13:17:06.698 request_id=GGBS66QdFq-7-9EAAACX [info] Language: javascript, Format: standard
13:17:06.698 request_id=GGBS66QdFq-7-9EAAACX [info] API key status: :none
13:17:06.698 request_id=GGBS66QdFq-7-9EAAACX [info] Getting demo patterns for javascript
13:17:06.698 request_id=GGBS66QdFq-7-9EAAACX [info] Retrieved 5 patterns
13:17:06.698 request_id=GGBS66QdFq-7-9EAAACX [debug] Formatting pattern: "js-sql-injection-concat"
13:17:06.698 request_id=GGBS66QdFq-7-9EAAACX [debug] Formatted pattern keys: ["cweId", "description", "examples", "frameworks", "id", "languages", "name", "owaspCategory", "recommendation", "regex", "regexPatterns", "severity", "supportsAst", "type"]
13:17:06.698 request_id=GGBS66QdFq-7-9EAAACX [debug] Formatting pattern: "js-xss-innerhtml"
13:17:06.698 request_id=GGBS66QdFq-7-9EAAACX [debug] Formatted pattern keys: ["cweId", "description", "examples", "frameworks", "id", "languages", "name", "owaspCategory", "recommendation", "regex", "regexPatterns", "severity", "supportsAst", "type"]
13:17:06.698 request_id=GGBS66QdFq-7-9EAAACX [debug] Formatting pattern: "js-command-injection-exec"
13:17:06.698 request_id=GGBS66QdFq-7-9EAAACX [debug] Formatted pattern keys: ["cweId", "description", "examples", "frameworks", "id", "languages", "name", "owaspCategory", "recommendation", "regex", "regexPatterns", "severity", "supportsAst", "type"]
13:17:06.698 request_id=GGBS66QdFq-7-9EAAACX [debug] Formatting pattern: "js-weak-crypto-md5"
13:17:06.698 request_id=GGBS66QdFq-7-9EAAACX [debug] Formatted pattern keys: ["cweId", "description", "examples", "frameworks", "id", "languages", "name", "owaspCategory", "recommendation", "regex", "regexPatterns", "severity", "supportsAst", "type"]
13:17:06.698 request_id=GGBS66QdFq-7-9EAAACX [debug] Formatting pattern: "js-hardcoded-secret-api-key"
13:17:06.698 request_id=GGBS66QdFq-7-9EAAACX [debug] Formatted pattern keys: ["cweId", "description", "examples", "frameworks", "id", "languages", "name", "owaspCategory", "recommendation", "regex", "regexPatterns", "severity", "supportsAst", "type"]
13:17:06.698 request_id=GGBS66QdFq-7-9EAAACX [info] Sent 200 in 210µs
.13:17:06.699 request_id=GGBS66QjPUxvU0MAAAEX [info] GET /api/v1/patterns
13:17:06.699 request_id=GGBS66QjPUxvU0MAAAEX [debug] Processing with RsolvWeb.Api.V1.PatternController.index/2
  Parameters: %{"language" => "javascript"}
  Pipelines: [:api]
13:17:06.699 request_id=GGBS66QjPUxvU0MAAAEX [info] Pattern API called with params: %{"language" => "javascript"}
13:17:06.699 request_id=GGBS66QjPUxvU0MAAAEX [info] Language: javascript, Format: standard
13:17:06.699 request_id=GGBS66QjPUxvU0MAAAEX [debug] QUERY OK source="api_keys" db=0.0ms
SELECT a0."id", a0."key", a0."name", a0."permissions", a0."active", a0."last_used_at", a0."expires_at", a0."customer_id", a0."inserted_at", a0."updated_at" FROM "api_keys" AS a0 WHERE ((a0."key" = $1) AND (a0."active" = $2)) ["rsolv_test_abc123", true]
13:17:06.699 request_id=GGBS66QjPUxvU0MAAAEX [debug] QUERY OK source="customers" db=0.0ms
SELECT c0."id", c0."name", c0."email", c0."api_key", c0."monthly_limit", c0."current_usage", c0."active", c0."metadata", c0."github_org", c0."plan", c0."user_id", c0."inserted_at", c0."updated_at" FROM "customers" AS c0 WHERE ((c0."api_key" = $1) AND (c0."active" = $2)) ["rsolv_test_abc123", true]
13:17:06.699 request_id=GGBS66QjPUxvU0MAAAEX [info] API key status: :valid
13:17:06.699 request_id=GGBS66QjPUxvU0MAAAEX [info] Getting enhanced patterns for javascript
13:17:06.699 request_id=GGBS66QjPUxvU0MAAAEX [info] Retrieved 30 patterns
13:17:06.699 request_id=GGBS66QjPUxvU0MAAAEX [debug] Formatting pattern: "js-sql-injection-concat"
13:17:06.699 request_id=GGBS66QjPUxvU0MAAAEX [debug] Formatted pattern keys: ["cweId", "description", "examples", "frameworks", "id", "languages", "name", "owaspCategory", "recommendation", "regex", "regexPatterns", "severity", "supportsAst", "type"]
13:17:06.699 request_id=GGBS66QjPUxvU0MAAAEX [debug] Formatting pattern: "js-sql-injection-interpolation"
13:17:06.699 request_id=GGBS66QjPUxvU0MAAAEX [debug] Formatted pattern keys: ["cweId", "description", "examples", "frameworks", "id", "languages", "name", "owaspCategory", "recommendation", "regex", "regexPatterns", "severity", "supportsAst", "type"]
13:17:06.699 request_id=GGBS66QjPUxvU0MAAAEX [debug] Formatting pattern: "js-xss-innerhtml"
13:17:06.699 request_id=GGBS66QjPUxvU0MAAAEX [debug] Formatted pattern keys: ["cweId", "description", "examples", "frameworks", "id", "languages", "name", "owaspCategory", "recommendation", "regex", "regexPatterns", "severity", "supportsAst", "type"]
13:17:06.699 request_id=GGBS66QjPUxvU0MAAAEX [debug] Formatting pattern: "js-xss-document-write"
13:17:06.699 request_id=GGBS66QjPUxvU0MAAAEX [debug] Formatted pattern keys: ["cweId", "description", "examples", "frameworks", "id", "languages", "name", "owaspCategory", "recommendation", "regex", "regexPatterns", "severity", "supportsAst", "type"]
13:17:06.699 request_id=GGBS66QjPUxvU0MAAAEX [debug] Formatting pattern: "js-xss-jquery-html"
13:17:06.699 request_id=GGBS66QjPUxvU0MAAAEX [debug] Formatted pattern keys: ["cweId", "description", "examples", "frameworks", "id", "languages", "name", "owaspCategory", "recommendation", "regex", "regexPatterns", "severity", "supportsAst", "type"]
13:17:06.699 request_id=GGBS66QjPUxvU0MAAAEX [debug] Formatting pattern: "js-xss-react-dangerously"
13:17:06.699 request_id=GGBS66QjPUxvU0MAAAEX [debug] Formatted pattern keys: ["cweId", "description", "examples", "frameworks", "id", "languages", "name", "owaspCategory", "recommendation", "regex", "regexPatterns", "severity", "supportsAst", "type"]
13:17:06.699 request_id=GGBS66QjPUxvU0MAAAEX [debug] Formatting pattern: "js-xss-dom-manipulation"
13:17:06.699 request_id=GGBS66QjPUxvU0MAAAEX [debug] Formatted pattern keys: ["cweId", "description", "examples", "frameworks", "id", "languages", "name", "owaspCategory", "recommendation", "regex", "regexPatterns", "severity", "supportsAst", "type"]
13:17:06.699 request_id=GGBS66QjPUxvU0MAAAEX [debug] Formatting pattern: "js-command-injection-exec"
13:17:06.699 request_id=GGBS66QjPUxvU0MAAAEX [debug] Formatted pattern keys: ["cweId", "description", "examples", "frameworks", "id", "languages", "name", "owaspCategory", "recommendation", "regex", "regexPatterns", "severity", "supportsAst", "type"]
13:17:06.699 request_id=GGBS66QjPUxvU0MAAAEX [debug] Formatting pattern: "js-command-injection-spawn"
13:17:06.699 request_id=GGBS66QjPUxvU0MAAAEX [debug] Formatted pattern keys: ["cweId", "description", "examples", "frameworks", "id", "languages", "name", "owaspCategory", "recommendation", "regex", "regexPatterns", "severity", "supportsAst", "type"]
13:17:06.699 request_id=GGBS66QjPUxvU0MAAAEX [debug] Formatting pattern: "js-path-traversal-join"
13:17:06.699 request_id=GGBS66QjPUxvU0MAAAEX [debug] Formatted pattern keys: ["cweId", "description", "examples", "frameworks", "id", "languages", "name", "owaspCategory", "recommendation", "regex", "regexPatterns", "severity", "supportsAst", "type"]
13:17:06.699 request_id=GGBS66QjPUxvU0MAAAEX [debug] Formatting pattern: "js-path-traversal-concat"
13:17:06.699 request_id=GGBS66QjPUxvU0MAAAEX [debug] Formatted pattern keys: ["cweId", "description", "examples", "frameworks", "id", "languages", "name", "owaspCategory", "recommendation", "regex", "regexPatterns", "severity", "supportsAst", "type"]
13:17:06.699 request_id=GGBS66QjPUxvU0MAAAEX [debug] Formatting pattern: "js-weak-crypto-md5"
13:17:06.699 request_id=GGBS66QjPUxvU0MAAAEX [debug] Formatted pattern keys: ["cweId", "description", "examples", "frameworks", "id", "languages", "name", "owaspCategory", "recommendation", "regex", "regexPatterns", "severity", "supportsAst", "type"]
13:17:06.699 request_id=GGBS66QjPUxvU0MAAAEX [debug] Formatting pattern: "js-weak-crypto-sha1"
13:17:06.699 request_id=GGBS66QjPUxvU0MAAAEX [debug] Formatted pattern keys: ["cweId", "description", "examples", "frameworks", "id", "languages", "name", "owaspCategory", "recommendation", "regex", "regexPatterns", "severity", "supportsAst", "type"]
13:17:06.699 request_id=GGBS66QjPUxvU0MAAAEX [debug] Formatting pattern: "js-hardcoded-secret-password"
13:17:06.699 request_id=GGBS66QjPUxvU0MAAAEX [debug] Formatted pattern keys: ["cweId", "description", "examples", "frameworks", "id", "languages", "name", "owaspCategory", "recommendation", "regex", "regexPatterns", "severity", "supportsAst", "type"]
13:17:06.699 request_id=GGBS66QjPUxvU0MAAAEX [debug] Formatting pattern: "js-hardcoded-secret-api-key"
13:17:06.699 request_id=GGBS66QjPUxvU0MAAAEX [debug] Formatted pattern keys: ["cweId", "description", "examples", "frameworks", "id", "languages", "name", "owaspCategory", "recommendation", "regex", "regexPatterns", "severity", "supportsAst", "type"]
13:17:06.699 request_id=GGBS66QjPUxvU0MAAAEX [debug] Formatting pattern: "js-eval-user-input"
13:17:06.700 request_id=GGBS66QjPUxvU0MAAAEX [debug] Formatted pattern keys: ["cweId", "description", "examples", "frameworks", "id", "languages", "name", "owaspCategory", "recommendation", "regex", "regexPatterns", "severity", "supportsAst", "type"]
13:17:06.700 request_id=GGBS66QjPUxvU0MAAAEX [debug] Formatting pattern: "js-unsafe-regex"
13:17:06.700 request_id=GGBS66QjPUxvU0MAAAEX [debug] Formatted pattern keys: ["cweId", "description", "examples", "frameworks", "id", "languages", "name", "owaspCategory", "recommendation", "regex", "regexPatterns", "severity", "supportsAst", "type"]
13:17:06.700 request_id=GGBS66QjPUxvU0MAAAEX [debug] Formatting pattern: "js-open-redirect"
13:17:06.700 request_id=GGBS66QjPUxvU0MAAAEX [debug] Formatted pattern keys: ["cweId", "description", "examples", "frameworks", "id", "languages", "name", "owaspCategory", "recommendation", "regex", "regexPatterns", "severity", "supportsAst", "type"]
13:17:06.700 request_id=GGBS66QjPUxvU0MAAAEX [debug] Formatting pattern: "js-xxe-external-entities"
13:17:06.700 request_id=GGBS66QjPUxvU0MAAAEX [debug] Formatted pattern keys: ["cweId", "description", "examples", "frameworks", "id", "languages", "name", "owaspCategory", "recommendation", "regex", "regexPatterns", "severity", "supportsAst", "type"]
13:17:06.700 request_id=GGBS66QjPUxvU0MAAAEX [debug] Formatting pattern: "js-prototype-pollution"
13:17:06.700 request_id=GGBS66QjPUxvU0MAAAEX [debug] Formatted pattern keys: ["cweId", "description", "examples", "frameworks", "id", "languages", "name", "owaspCategory", "recommendation", "regex", "regexPatterns", "severity", "supportsAst", "type"]
13:17:06.700 request_id=GGBS66QjPUxvU0MAAAEX [debug] Formatting pattern: "js-insecure-random"
13:17:06.700 request_id=GGBS66QjPUxvU0MAAAEX [debug] Formatted pattern keys: ["cweId", "description", "examples", "frameworks", "id", "languages", "name", "owaspCategory", "recommendation", "regex", "regexPatterns", "severity", "supportsAst", "type"]
13:17:06.700 request_id=GGBS66QjPUxvU0MAAAEX [debug] Formatting pattern: "js-timing-attack"
13:17:06.700 request_id=GGBS66QjPUxvU0MAAAEX [debug] Formatted pattern keys: ["cweId", "description", "examples", "frameworks", "id", "languages", "name", "owaspCategory", "recommendation", "regex", "regexPatterns", "severity", "supportsAst", "type"]
13:17:06.700 request_id=GGBS66QjPUxvU0MAAAEX [debug] Formatting pattern: "js-nosql-injection"
13:17:06.700 request_id=GGBS66QjPUxvU0MAAAEX [debug] Formatted pattern keys: ["cweId", "description", "examples", "frameworks", "id", "languages", "name", "owaspCategory", "recommendation", "regex", "regexPatterns", "severity", "supportsAst", "type"]
13:17:06.700 request_id=GGBS66QjPUxvU0MAAAEX [debug] Formatting pattern: "js-ldap-injection"
13:17:06.700 request_id=GGBS66QjPUxvU0MAAAEX [debug] Formatted pattern keys: ["cweId", "description", "examples", "frameworks", "id", "languages", "name", "owaspCategory", "recommendation", "regex", "regexPatterns", "severity", "supportsAst", "type"]
13:17:06.700 request_id=GGBS66QjPUxvU0MAAAEX [debug] Formatting pattern: "js-xpath-injection"
13:17:06.700 request_id=GGBS66QjPUxvU0MAAAEX [debug] Formatted pattern keys: ["cweId", "description", "examples", "frameworks", "id", "languages", "name", "owaspCategory", "recommendation", "regex", "regexPatterns", "severity", "supportsAst", "type"]
13:17:06.700 request_id=GGBS66QjPUxvU0MAAAEX [debug] Formatting pattern: "js-ssrf"
13:17:06.700 request_id=GGBS66QjPUxvU0MAAAEX [debug] Formatted pattern keys: ["cweId", "description", "examples", "frameworks", "id", "languages", "name", "owaspCategory", "recommendation", "regex", "regexPatterns", "severity", "supportsAst", "type"]
13:17:06.700 request_id=GGBS66QjPUxvU0MAAAEX [debug] Formatting pattern: "js-insecure-deserialization"
13:17:06.700 request_id=GGBS66QjPUxvU0MAAAEX [debug] Formatted pattern keys: ["cweId", "description", "examples", "frameworks", "id", "languages", "name", "owaspCategory", "recommendation", "regex", "regexPatterns", "severity", "supportsAst", "type"]
13:17:06.700 request_id=GGBS66QjPUxvU0MAAAEX [debug] Formatting pattern: "js-missing-csrf"
13:17:06.700 request_id=GGBS66QjPUxvU0MAAAEX [debug] Formatted pattern keys: ["cweId", "description", "examples", "frameworks", "id", "languages", "name", "owaspCategory", "recommendation", "regex", "regexPatterns", "severity", "supportsAst", "type"]
13:17:06.700 request_id=GGBS66QjPUxvU0MAAAEX [debug] Formatting pattern: "js-jwt-none-algorithm"
13:17:06.700 request_id=GGBS66QjPUxvU0MAAAEX [debug] Formatted pattern keys: ["cweId", "description", "examples", "frameworks", "id", "languages", "name", "owaspCategory", "recommendation", "regex", "regexPatterns", "severity", "supportsAst", "type"]
13:17:06.700 request_id=GGBS66QjPUxvU0MAAAEX [debug] Formatting pattern: "js-debug-console-log"
13:17:06.700 request_id=GGBS66QjPUxvU0MAAAEX [debug] Formatted pattern keys: ["cweId", "description", "examples", "frameworks", "id", "languages", "name", "owaspCategory", "recommendation", "regex", "regexPatterns", "severity", "supportsAst", "type"]
13:17:06.701 request_id=GGBS66QjPUxvU0MAAAEX [info] Sent 200 in 2ms
13:17:06.701 request_id=GGBS66RI05xvU0MAABWL [info] GET /api/v1/patterns
13:17:06.701 request_id=GGBS66RI05xvU0MAABWL [debug] Processing with RsolvWeb.Api.V1.PatternController.index/2
  Parameters: %{"language" => "javascript"}
  Pipelines: [:api]
13:17:06.701 request_id=GGBS66RI05xvU0MAABWL [info] Pattern API called with params: %{"language" => "javascript"}
13:17:06.701 request_id=GGBS66RI05xvU0MAABWL [info] Language: javascript, Format: standard
13:17:06.701 request_id=GGBS66RI05xvU0MAABWL [debug] QUERY OK source="api_keys" db=0.1ms
SELECT a0."id", a0."key", a0."name", a0."permissions", a0."active", a0."last_used_at", a0."expires_at", a0."customer_id", a0."inserted_at", a0."updated_at" FROM "api_keys" AS a0 WHERE ((a0."key" = $1) AND (a0."active" = $2)) ["rsolv_test_abc123", true]
13:17:06.702 request_id=GGBS66RI05xvU0MAABWL [debug] QUERY OK source="customers" db=0.1ms
SELECT c0."id", c0."name", c0."email", c0."api_key", c0."monthly_limit", c0."current_usage", c0."active", c0."metadata", c0."github_org", c0."plan", c0."user_id", c0."inserted_at", c0."updated_at" FROM "customers" AS c0 WHERE ((c0."api_key" = $1) AND (c0."active" = $2)) ["rsolv_test_abc123", true]
13:17:06.702 request_id=GGBS66RI05xvU0MAABWL [info] API key status: :valid
13:17:06.702 request_id=GGBS66RI05xvU0MAABWL [info] Getting enhanced patterns for javascript
13:17:06.702 request_id=GGBS66RI05xvU0MAABWL [info] Retrieved 30 patterns
13:17:06.702 request_id=GGBS66RI05xvU0MAABWL [debug] Formatting pattern: "js-sql-injection-concat"
13:17:06.702 request_id=GGBS66RI05xvU0MAABWL [debug] Formatted pattern keys: ["cweId", "description", "examples", "frameworks", "id", "languages", "name", "owaspCategory", "recommendation", "regex", "regexPatterns", "severity", "supportsAst", "type"]
13:17:06.702 request_id=GGBS66RI05xvU0MAABWL [debug] Formatting pattern: "js-sql-injection-interpolation"
13:17:06.702 request_id=GGBS66RI05xvU0MAABWL [debug] Formatted pattern keys: ["cweId", "description", "examples", "frameworks", "id", "languages", "name", "owaspCategory", "recommendation", "regex", "regexPatterns", "severity", "supportsAst", "type"]
13:17:06.702 request_id=GGBS66RI05xvU0MAABWL [debug] Formatting pattern: "js-xss-innerhtml"
13:17:06.702 request_id=GGBS66RI05xvU0MAABWL [debug] Formatted pattern keys: ["cweId", "description", "examples", "frameworks", "id", "languages", "name", "owaspCategory", "recommendation", "regex", "regexPatterns", "severity", "supportsAst", "type"]
13:17:06.702 request_id=GGBS66RI05xvU0MAABWL [debug] Formatting pattern: "js-xss-document-write"
13:17:06.702 request_id=GGBS66RI05xvU0MAABWL [debug] Formatted pattern keys: ["cweId", "description", "examples", "frameworks", "id", "languages", "name", "owaspCategory", "recommendation", "regex", "regexPatterns", "severity", "supportsAst", "type"]
13:17:06.702 request_id=GGBS66RI05xvU0MAABWL [debug] Formatting pattern: "js-xss-jquery-html"
13:17:06.702 request_id=GGBS66RI05xvU0MAABWL [debug] Formatted pattern keys: ["cweId", "description", "examples", "frameworks", "id", "languages", "name", "owaspCategory", "recommendation", "regex", "regexPatterns", "severity", "supportsAst", "type"]
13:17:06.702 request_id=GGBS66RI05xvU0MAABWL [debug] Formatting pattern: "js-xss-react-dangerously"
13:17:06.702 request_id=GGBS66RI05xvU0MAABWL [debug] Formatted pattern keys: ["cweId", "description", "examples", "frameworks", "id", "languages", "name", "owaspCategory", "recommendation", "regex", "regexPatterns", "severity", "supportsAst", "type"]
13:17:06.702 request_id=GGBS66RI05xvU0MAABWL [debug] Formatting pattern: "js-xss-dom-manipulation"
13:17:06.702 request_id=GGBS66RI05xvU0MAABWL [debug] Formatted pattern keys: ["cweId", "description", "examples", "frameworks", "id", "languages", "name", "owaspCategory", "recommendation", "regex", "regexPatterns", "severity", "supportsAst", "type"]
13:17:06.702 request_id=GGBS66RI05xvU0MAABWL [debug] Formatting pattern: "js-command-injection-exec"
13:17:06.702 request_id=GGBS66RI05xvU0MAABWL [debug] Formatted pattern keys: ["cweId", "description", "examples", "frameworks", "id", "languages", "name", "owaspCategory", "recommendation", "regex", "regexPatterns", "severity", "supportsAst", "type"]
13:17:06.702 request_id=GGBS66RI05xvU0MAABWL [debug] Formatting pattern: "js-command-injection-spawn"
13:17:06.702 request_id=GGBS66RI05xvU0MAABWL [debug] Formatted pattern keys: ["cweId", "description", "examples", "frameworks", "id", "languages", "name", "owaspCategory", "recommendation", "regex", "regexPatterns", "severity", "supportsAst", "type"]
13:17:06.702 request_id=GGBS66RI05xvU0MAABWL [debug] Formatting pattern: "js-path-traversal-join"
13:17:06.702 request_id=GGBS66RI05xvU0MAABWL [debug] Formatted pattern keys: ["cweId", "description", "examples", "frameworks", "id", "languages", "name", "owaspCategory", "recommendation", "regex", "regexPatterns", "severity", "supportsAst", "type"]
13:17:06.702 request_id=GGBS66RI05xvU0MAABWL [debug] Formatting pattern: "js-path-traversal-concat"
13:17:06.702 request_id=GGBS66RI05xvU0MAABWL [debug] Formatted pattern keys: ["cweId", "description", "examples", "frameworks", "id", "languages", "name", "owaspCategory", "recommendation", "regex", "regexPatterns", "severity", "supportsAst", "type"]
13:17:06.702 request_id=GGBS66RI05xvU0MAABWL [debug] Formatting pattern: "js-weak-crypto-md5"
13:17:06.702 request_id=GGBS66RI05xvU0MAABWL [debug] Formatted pattern keys: ["cweId", "description", "examples", "frameworks", "id", "languages", "name", "owaspCategory", "recommendation", "regex", "regexPatterns", "severity", "supportsAst", "type"]
13:17:06.702 request_id=GGBS66RI05xvU0MAABWL [debug] Formatting pattern: "js-weak-crypto-sha1"
13:17:06.702 request_id=GGBS66RI05xvU0MAABWL [debug] Formatted pattern keys: ["cweId", "description", "examples", "frameworks", "id", "languages", "name", "owaspCategory", "recommendation", "regex", "regexPatterns", "severity", "supportsAst", "type"]
13:17:06.702 request_id=GGBS66RI05xvU0MAABWL [debug] Formatting pattern: "js-hardcoded-secret-password"
13:17:06.702 request_id=GGBS66RI05xvU0MAABWL [debug] Formatted pattern keys: ["cweId", "description", "examples", "frameworks", "id", "languages", "name", "owaspCategory", "recommendation", "regex", "regexPatterns", "severity", "supportsAst", "type"]
13:17:06.702 request_id=GGBS66RI05xvU0MAABWL [debug] Formatting pattern: "js-hardcoded-secret-api-key"
13:17:06.702 request_id=GGBS66RI05xvU0MAABWL [debug] Formatted pattern keys: ["cweId", "description", "examples", "frameworks", "id", "languages", "name", "owaspCategory", "recommendation", "regex", "regexPatterns", "severity", "supportsAst", "type"]
13:17:06.702 request_id=GGBS66RI05xvU0MAABWL [debug] Formatting pattern: "js-eval-user-input"
13:17:06.702 request_id=GGBS66RI05xvU0MAABWL [debug] Formatted pattern keys: ["cweId", "description", "examples", "frameworks", "id", "languages", "name", "owaspCategory", "recommendation", "regex", "regexPatterns", "severity", "supportsAst", "type"]
13:17:06.702 request_id=GGBS66RI05xvU0MAABWL [debug] Formatting pattern: "js-unsafe-regex"
13:17:06.702 request_id=GGBS66RI05xvU0MAABWL [debug] Formatted pattern keys: ["cweId", "description", "examples", "frameworks", "id", "languages", "name", "owaspCategory", "recommendation", "regex", "regexPatterns", "severity", "supportsAst", "type"]
13:17:06.702 request_id=GGBS66RI05xvU0MAABWL [debug] Formatting pattern: "js-open-redirect"
13:17:06.702 request_id=GGBS66RI05xvU0MAABWL [debug] Formatted pattern keys: ["cweId", "description", "examples", "frameworks", "id", "languages", "name", "owaspCategory", "recommendation", "regex", "regexPatterns", "severity", "supportsAst", "type"]
13:17:06.702 request_id=GGBS66RI05xvU0MAABWL [debug] Formatting pattern: "js-xxe-external-entities"
13:17:06.702 request_id=GGBS66RI05xvU0MAABWL [debug] Formatted pattern keys: ["cweId", "description", "examples", "frameworks", "id", "languages", "name", "owaspCategory", "recommendation", "regex", "regexPatterns", "severity", "supportsAst", "type"]
13:17:06.702 request_id=GGBS66RI05xvU0MAABWL [debug] Formatting pattern: "js-prototype-pollution"
13:17:06.702 request_id=GGBS66RI05xvU0MAABWL [debug] Formatted pattern keys: ["cweId", "description", "examples", "frameworks", "id", "languages", "name", "owaspCategory", "recommendation", "regex", "regexPatterns", "severity", "supportsAst", "type"]
13:17:06.703 request_id=GGBS66RI05xvU0MAABWL [debug] Formatting pattern: "js-insecure-random"
13:17:06.703 request_id=GGBS66RI05xvU0MAABWL [debug] Formatted pattern keys: ["cweId", "description", "examples", "frameworks", "id", "languages", "name", "owaspCategory", "recommendation", "regex", "regexPatterns", "severity", "supportsAst", "type"]
13:17:06.703 request_id=GGBS66RI05xvU0MAABWL [debug] Formatting pattern: "js-timing-attack"
13:17:06.703 request_id=GGBS66RI05xvU0MAABWL [debug] Formatted pattern keys: ["cweId", "description", "examples", "frameworks", "id", "languages", "name", "owaspCategory", "recommendation", "regex", "regexPatterns", "severity", "supportsAst", "type"]
13:17:06.703 request_id=GGBS66RI05xvU0MAABWL [debug] Formatting pattern: "js-nosql-injection"
13:17:06.703 request_id=GGBS66RI05xvU0MAABWL [debug] Formatted pattern keys: ["cweId", "description", "examples", "frameworks", "id", "languages", "name", "owaspCategory", "recommendation", "regex", "regexPatterns", "severity", "supportsAst", "type"]
13:17:06.703 request_id=GGBS66RI05xvU0MAABWL [debug] Formatting pattern: "js-ldap-injection"
13:17:06.703 request_id=GGBS66RI05xvU0MAABWL [debug] Formatted pattern keys: ["cweId", "description", "examples", "frameworks", "id", "languages", "name", "owaspCategory", "recommendation", "regex", "regexPatterns", "severity", "supportsAst", "type"]
13:17:06.703 request_id=GGBS66RI05xvU0MAABWL [debug] Formatting pattern: "js-xpath-injection"
13:17:06.703 request_id=GGBS66RI05xvU0MAABWL [debug] Formatted pattern keys: ["cweId", "description", "examples", "frameworks", "id", "languages", "name", "owaspCategory", "recommendation", "regex", "regexPatterns", "severity", "supportsAst", "type"]
13:17:06.703 request_id=GGBS66RI05xvU0MAABWL [debug] Formatting pattern: "js-ssrf"
13:17:06.703 request_id=GGBS66RI05xvU0MAABWL [debug] Formatted pattern keys: ["cweId", "description", "examples", "frameworks", "id", "languages", "name", "owaspCategory", "recommendation", "regex", "regexPatterns", "severity", "supportsAst", "type"]
13:17:06.703 request_id=GGBS66RI05xvU0MAABWL [debug] Formatting pattern: "js-insecure-deserialization"
13:17:06.703 request_id=GGBS66RI05xvU0MAABWL [debug] Formatted pattern keys: ["cweId", "description", "examples", "frameworks", "id", "languages", "name", "owaspCategory", "recommendation", "regex", "regexPatterns", "severity", "supportsAst", "type"]
13:17:06.703 request_id=GGBS66RI05xvU0MAABWL [debug] Formatting pattern: "js-missing-csrf"
13:17:06.703 request_id=GGBS66RI05xvU0MAABWL [debug] Formatted pattern keys: ["cweId", "description", "examples", "frameworks", "id", "languages", "name", "owaspCategory", "recommendation", "regex", "regexPatterns", "severity", "supportsAst", "type"]
13:17:06.703 request_id=GGBS66RI05xvU0MAABWL [debug] Formatting pattern: "js-jwt-none-algorithm"
13:17:06.703 request_id=GGBS66RI05xvU0MAABWL [debug] Formatted pattern keys: ["cweId", "description", "examples", "frameworks", "id", "languages", "name", "owaspCategory", "recommendation", "regex", "regexPatterns", "severity", "supportsAst", "type"]
13:17:06.703 request_id=GGBS66RI05xvU0MAABWL [debug] Formatting pattern: "js-debug-console-log"
13:17:06.703 request_id=GGBS66RI05xvU0MAABWL [debug] Formatted pattern keys: ["cweId", "description", "examples", "frameworks", "id", "languages", "name", "owaspCategory", "recommendation", "regex", "regexPatterns", "severity", "supportsAst", "type"]
13:17:06.703 request_id=GGBS66RI05xvU0MAABWL [info] Sent 200 in 2ms
.13:17:06.704 request_id=GGBS66R2revRLFwAAAgY [info] GET /api/v1/patterns
13:17:06.704 request_id=GGBS66R2revRLFwAAAgY [debug] Processing with RsolvWeb.Api.V1.PatternController.index/2
  Parameters: %{"language" => "javascript"}
  Pipelines: [:api]
13:17:06.704 request_id=GGBS66R2revRLFwAAAgY [info] Pattern API called with params: %{"language" => "javascript"}
13:17:06.704 request_id=GGBS66R2revRLFwAAAgY [info] Language: javascript, Format: standard
13:17:06.704 request_id=GGBS66R2revRLFwAAAgY [debug] QUERY OK source="api_keys" db=0.0ms
SELECT a0."id", a0."key", a0."name", a0."permissions", a0."active", a0."last_used_at", a0."expires_at", a0."customer_id", a0."inserted_at", a0."updated_at" FROM "api_keys" AS a0 WHERE ((a0."key" = $1) AND (a0."active" = $2)) ["rsolv_test_abc123", true]
13:17:06.704 request_id=GGBS66R2revRLFwAAAgY [debug] QUERY OK source="customers" db=0.0ms
SELECT c0."id", c0."name", c0."email", c0."api_key", c0."monthly_limit", c0."current_usage", c0."active", c0."metadata", c0."github_org", c0."plan", c0."user_id", c0."inserted_at", c0."updated_at" FROM "customers" AS c0 WHERE ((c0."api_key" = $1) AND (c0."active" = $2)) ["rsolv_test_abc123", true]
13:17:06.704 request_id=GGBS66R2revRLFwAAAgY [info] API key status: :valid
13:17:06.704 request_id=GGBS66R2revRLFwAAAgY [info] Getting enhanced patterns for javascript
13:17:06.704 request_id=GGBS66R2revRLFwAAAgY [info] Retrieved 30 patterns
13:17:06.704 request_id=GGBS66R2revRLFwAAAgY [debug] Formatting pattern: "js-sql-injection-concat"
13:17:06.704 request_id=GGBS66R2revRLFwAAAgY [debug] Formatted pattern keys: ["cweId", "description", "examples", "frameworks", "id", "languages", "name", "owaspCategory", "recommendation", "regex", "regexPatterns", "severity", "supportsAst", "type"]
13:17:06.704 request_id=GGBS66R2revRLFwAAAgY [debug] Formatting pattern: "js-sql-injection-interpolation"
13:17:06.704 request_id=GGBS66R2revRLFwAAAgY [debug] Formatted pattern keys: ["cweId", "description", "examples", "frameworks", "id", "languages", "name", "owaspCategory", "recommendation", "regex", "regexPatterns", "severity", "supportsAst", "type"]
13:17:06.704 request_id=GGBS66R2revRLFwAAAgY [debug] Formatting pattern: "js-xss-innerhtml"
13:17:06.704 request_id=GGBS66R2revRLFwAAAgY [debug] Formatted pattern keys: ["cweId", "description", "examples", "frameworks", "id", "languages", "name", "owaspCategory", "recommendation", "regex", "regexPatterns", "severity", "supportsAst", "type"]
13:17:06.704 request_id=GGBS66R2revRLFwAAAgY [debug] Formatting pattern: "js-xss-document-write"
13:17:06.705 request_id=GGBS66R2revRLFwAAAgY [debug] Formatted pattern keys: ["cweId", "description", "examples", "frameworks", "id", "languages", "name", "owaspCategory", "recommendation", "regex", "regexPatterns", "severity", "supportsAst", "type"]
13:17:06.705 request_id=GGBS66R2revRLFwAAAgY [debug] Formatting pattern: "js-xss-jquery-html"
13:17:06.705 request_id=GGBS66R2revRLFwAAAgY [debug] Formatted pattern keys: ["cweId", "description", "examples", "frameworks", "id", "languages", "name", "owaspCategory", "recommendation", "regex", "regexPatterns", "severity", "supportsAst", "type"]
13:17:06.705 request_id=GGBS66R2revRLFwAAAgY [debug] Formatting pattern: "js-xss-react-dangerously"
13:17:06.705 request_id=GGBS66R2revRLFwAAAgY [debug] Formatted pattern keys: ["cweId", "description", "examples", "frameworks", "id", "languages", "name", "owaspCategory", "recommendation", "regex", "regexPatterns", "severity", "supportsAst", "type"]
13:17:06.705 request_id=GGBS66R2revRLFwAAAgY [debug] Formatting pattern: "js-xss-dom-manipulation"
13:17:06.705 request_id=GGBS66R2revRLFwAAAgY [debug] Formatted pattern keys: ["cweId", "description", "examples", "frameworks", "id", "languages", "name", "owaspCategory", "recommendation", "regex", "regexPatterns", "severity", "supportsAst", "type"]
13:17:06.705 request_id=GGBS66R2revRLFwAAAgY [debug] Formatting pattern: "js-command-injection-exec"
13:17:06.705 request_id=GGBS66R2revRLFwAAAgY [debug] Formatted pattern keys: ["cweId", "description", "examples", "frameworks", "id", "languages", "name", "owaspCategory", "recommendation", "regex", "regexPatterns", "severity", "supportsAst", "type"]
13:17:06.705 request_id=GGBS66R2revRLFwAAAgY [debug] Formatting pattern: "js-command-injection-spawn"
13:17:06.705 request_id=GGBS66R2revRLFwAAAgY [debug] Formatted pattern keys: ["cweId", "description", "examples", "frameworks", "id", "languages", "name", "owaspCategory", "recommendation", "regex", "regexPatterns", "severity", "supportsAst", "type"]
13:17:06.705 request_id=GGBS66R2revRLFwAAAgY [debug] Formatting pattern: "js-path-traversal-join"
13:17:06.705 request_id=GGBS66R2revRLFwAAAgY [debug] Formatted pattern keys: ["cweId", "description", "examples", "frameworks", "id", "languages", "name", "owaspCategory", "recommendation", "regex", "regexPatterns", "severity", "supportsAst", "type"]
13:17:06.705 request_id=GGBS66R2revRLFwAAAgY [debug] Formatting pattern: "js-path-traversal-concat"
13:17:06.705 request_id=GGBS66R2revRLFwAAAgY [debug] Formatted pattern keys: ["cweId", "description", "examples", "frameworks", "id", "languages", "name", "owaspCategory", "recommendation", "regex", "regexPatterns", "severity", "supportsAst", "type"]
13:17:06.705 request_id=GGBS66R2revRLFwAAAgY [debug] Formatting pattern: "js-weak-crypto-md5"
13:17:06.705 request_id=GGBS66R2revRLFwAAAgY [debug] Formatted pattern keys: ["cweId", "description", "examples", "frameworks", "id", "languages", "name", "owaspCategory", "recommendation", "regex", "regexPatterns", "severity", "supportsAst", "type"]
13:17:06.705 request_id=GGBS66R2revRLFwAAAgY [debug] Formatting pattern: "js-weak-crypto-sha1"
13:17:06.705 request_id=GGBS66R2revRLFwAAAgY [debug] Formatted pattern keys: ["cweId", "description", "examples", "frameworks", "id", "languages", "name", "owaspCategory", "recommendation", "regex", "regexPatterns", "severity", "supportsAst", "type"]
13:17:06.705 request_id=GGBS66R2revRLFwAAAgY [debug] Formatting pattern: "js-hardcoded-secret-password"
13:17:06.705 request_id=GGBS66R2revRLFwAAAgY [debug] Formatted pattern keys: ["cweId", "description", "examples", "frameworks", "id", "languages", "name", "owaspCategory", "recommendation", "regex", "regexPatterns", "severity", "supportsAst", "type"]
13:17:06.705 request_id=GGBS66R2revRLFwAAAgY [debug] Formatting pattern: "js-hardcoded-secret-api-key"
13:17:06.705 request_id=GGBS66R2revRLFwAAAgY [debug] Formatted pattern keys: ["cweId", "description", "examples", "frameworks", "id", "languages", "name", "owaspCategory", "recommendation", "regex", "regexPatterns", "severity", "supportsAst", "type"]
13:17:06.705 request_id=GGBS66R2revRLFwAAAgY [debug] Formatting pattern: "js-eval-user-input"
13:17:06.705 request_id=GGBS66R2revRLFwAAAgY [debug] Formatted pattern keys: ["cweId", "description", "examples", "frameworks", "id", "languages", "name", "owaspCategory", "recommendation", "regex", "regexPatterns", "severity", "supportsAst", "type"]
13:17:06.705 request_id=GGBS66R2revRLFwAAAgY [debug] Formatting pattern: "js-unsafe-regex"
13:17:06.705 request_id=GGBS66R2revRLFwAAAgY [debug] Formatted pattern keys: ["cweId", "description", "examples", "frameworks", "id", "languages", "name", "owaspCategory", "recommendation", "regex", "regexPatterns", "severity", "supportsAst", "type"]
13:17:06.705 request_id=GGBS66R2revRLFwAAAgY [debug] Formatting pattern: "js-open-redirect"
13:17:06.705 request_id=GGBS66R2revRLFwAAAgY [debug] Formatted pattern keys: ["cweId", "description", "examples", "frameworks", "id", "languages", "name", "owaspCategory", "recommendation", "regex", "regexPatterns", "severity", "supportsAst", "type"]
13:17:06.705 request_id=GGBS66R2revRLFwAAAgY [debug] Formatting pattern: "js-xxe-external-entities"
13:17:06.705 request_id=GGBS66R2revRLFwAAAgY [debug] Formatted pattern keys: ["cweId", "description", "examples", "frameworks", "id", "languages", "name", "owaspCategory", "recommendation", "regex", "regexPatterns", "severity", "supportsAst", "type"]
13:17:06.705 request_id=GGBS66R2revRLFwAAAgY [debug] Formatting pattern: "js-prototype-pollution"
13:17:06.705 request_id=GGBS66R2revRLFwAAAgY [debug] Formatted pattern keys: ["cweId", "description", "examples", "frameworks", "id", "languages", "name", "owaspCategory", "recommendation", "regex", "regexPatterns", "severity", "supportsAst", "type"]
13:17:06.705 request_id=GGBS66R2revRLFwAAAgY [debug] Formatting pattern: "js-insecure-random"
13:17:06.705 request_id=GGBS66R2revRLFwAAAgY [debug] Formatted pattern keys: ["cweId", "description", "examples", "frameworks", "id", "languages", "name", "owaspCategory", "recommendation", "regex", "regexPatterns", "severity", "supportsAst", "type"]
13:17:06.705 request_id=GGBS66R2revRLFwAAAgY [debug] Formatting pattern: "js-timing-attack"
13:17:06.705 request_id=GGBS66R2revRLFwAAAgY [debug] Formatted pattern keys: ["cweId", "description", "examples", "frameworks", "id", "languages", "name", "owaspCategory", "recommendation", "regex", "regexPatterns", "severity", "supportsAst", "type"]
13:17:06.705 request_id=GGBS66R2revRLFwAAAgY [debug] Formatting pattern: "js-nosql-injection"
13:17:06.705 request_id=GGBS66R2revRLFwAAAgY [debug] Formatted pattern keys: ["cweId", "description", "examples", "frameworks", "id", "languages", "name", "owaspCategory", "recommendation", "regex", "regexPatterns", "severity", "supportsAst", "type"]
13:17:06.705 request_id=GGBS66R2revRLFwAAAgY [debug] Formatting pattern: "js-ldap-injection"
13:17:06.705 request_id=GGBS66R2revRLFwAAAgY [debug] Formatted pattern keys: ["cweId", "description", "examples", "frameworks", "id", "languages", "name", "owaspCategory", "recommendation", "regex", "regexPatterns", "severity", "supportsAst", "type"]
13:17:06.705 request_id=GGBS66R2revRLFwAAAgY [debug] Formatting pattern: "js-xpath-injection"
13:17:06.705 request_id=GGBS66R2revRLFwAAAgY [debug] Formatted pattern keys: ["cweId", "description", "examples", "frameworks", "id", "languages", "name", "owaspCategory", "recommendation", "regex", "regexPatterns", "severity", "supportsAst", "type"]
13:17:06.705 request_id=GGBS66R2revRLFwAAAgY [debug] Formatting pattern: "js-ssrf"
13:17:06.705 request_id=GGBS66R2revRLFwAAAgY [debug] Formatted pattern keys: ["cweId", "description", "examples", "frameworks", "id", "languages", "name", "owaspCategory", "recommendation", "regex", "regexPatterns", "severity", "supportsAst", "type"]
13:17:06.705 request_id=GGBS66R2revRLFwAAAgY [debug] Formatting pattern: "js-insecure-deserialization"
13:17:06.705 request_id=GGBS66R2revRLFwAAAgY [debug] Formatted pattern keys: ["cweId", "description", "examples", "frameworks", "id", "languages", "name", "owaspCategory", "recommendation", "regex", "regexPatterns", "severity", "supportsAst", "type"]
13:17:06.705 request_id=GGBS66R2revRLFwAAAgY [debug] Formatting pattern: "js-missing-csrf"
13:17:06.705 request_id=GGBS66R2revRLFwAAAgY [debug] Formatted pattern keys: ["cweId", "description", "examples", "frameworks", "id", "languages", "name", "owaspCategory", "recommendation", "regex", "regexPatterns", "severity", "supportsAst", "type"]
13:17:06.705 request_id=GGBS66R2revRLFwAAAgY [debug] Formatting pattern: "js-jwt-none-algorithm"
13:17:06.705 request_id=GGBS66R2revRLFwAAAgY [debug] Formatted pattern keys: ["cweId", "description", "examples", "frameworks", "id", "languages", "name", "owaspCategory", "recommendation", "regex", "regexPatterns", "severity", "supportsAst", "type"]
13:17:06.705 request_id=GGBS66R2revRLFwAAAgY [debug] Formatting pattern: "js-debug-console-log"
13:17:06.705 request_id=GGBS66R2revRLFwAAAgY [debug] Formatted pattern keys: ["cweId", "description", "examples", "frameworks", "id", "languages", "name", "owaspCategory", "recommendation", "regex", "regexPatterns", "severity", "supportsAst", "type"]
13:17:06.706 request_id=GGBS66R2revRLFwAAAgY [info] Sent 200 in 1ms
.13:17:06.706 request_id=GGBS66SXMmb2pYQAAAWZ [info] GET /api/v1/patterns
13:17:06.706 request_id=GGBS66SXMmb2pYQAAAWZ [debug] Processing with RsolvWeb.Api.V1.PatternController.index/2
  Parameters: %{}
  Pipelines: [:api]
13:17:06.706 request_id=GGBS66SXMmb2pYQAAAWZ [info] Pattern API called with params: %{}
13:17:06.706 request_id=GGBS66SXMmb2pYQAAAWZ [info] Language: javascript, Format: standard
13:17:06.706 request_id=GGBS66SXMmb2pYQAAAWZ [info] API key status: :none
13:17:06.706 request_id=GGBS66SXMmb2pYQAAAWZ [info] Getting demo patterns for javascript
13:17:06.706 request_id=GGBS66SXMmb2pYQAAAWZ [info] Retrieved 5 patterns
13:17:06.706 request_id=GGBS66SXMmb2pYQAAAWZ [debug] Formatting pattern: "js-sql-injection-concat"
13:17:06.706 request_id=GGBS66SXMmb2pYQAAAWZ [debug] Formatted pattern keys: ["cweId", "description", "examples", "frameworks", "id", "languages", "name", "owaspCategory", "recommendation", "regex", "regexPatterns", "severity", "supportsAst", "type"]
13:17:06.706 request_id=GGBS66SXMmb2pYQAAAWZ [debug] Formatting pattern: "js-xss-innerhtml"
13:17:06.706 request_id=GGBS66SXMmb2pYQAAAWZ [debug] Formatted pattern keys: ["cweId", "description", "examples", "frameworks", "id", "languages", "name", "owaspCategory", "recommendation", "regex", "regexPatterns", "severity", "supportsAst", "type"]
13:17:06.706 request_id=GGBS66SXMmb2pYQAAAWZ [debug] Formatting pattern: "js-command-injection-exec"
13:17:06.706 request_id=GGBS66SXMmb2pYQAAAWZ [debug] Formatted pattern keys: ["cweId", "description", "examples", "frameworks", "id", "languages", "name", "owaspCategory", "recommendation", "regex", "regexPatterns", "severity", "supportsAst", "type"]
13:17:06.706 request_id=GGBS66SXMmb2pYQAAAWZ [debug] Formatting pattern: "js-weak-crypto-md5"
13:17:06.706 request_id=GGBS66SXMmb2pYQAAAWZ [debug] Formatted pattern keys: ["cweId", "description", "examples", "frameworks", "id", "languages", "name", "owaspCategory", "recommendation", "regex", "regexPatterns", "severity", "supportsAst", "type"]
13:17:06.706 request_id=GGBS66SXMmb2pYQAAAWZ [debug] Formatting pattern: "js-hardcoded-secret-api-key"
13:17:06.706 request_id=GGBS66SXMmb2pYQAAAWZ [debug] Formatted pattern keys: ["cweId", "description", "examples", "frameworks", "id", "languages", "name", "owaspCategory", "recommendation", "regex", "regexPatterns", "severity", "supportsAst", "type"]
13:17:06.706 request_id=GGBS66SXMmb2pYQAAAWZ [info] Sent 200 in 183µs
.13:17:06.707 request_id=GGBS66Sc1L1G7nYAACyI [info] GET /api/v1/patterns
13:17:06.707 request_id=GGBS66Sc1L1G7nYAACyI [debug] Processing with RsolvWeb.Api.V1.PatternController.index/2
  Parameters: %{"language" => "javascript"}
  Pipelines: [:api]
13:17:06.707 request_id=GGBS66Sc1L1G7nYAACyI [info] Pattern API called with params: %{"language" => "javascript"}
13:17:06.707 request_id=GGBS66Sc1L1G7nYAACyI [info] Language: javascript, Format: standard
13:17:06.707 request_id=GGBS66Sc1L1G7nYAACyI [debug] QUERY OK source="api_keys" db=0.0ms
SELECT a0."id", a0."key", a0."name", a0."permissions", a0."active", a0."last_used_at", a0."expires_at", a0."customer_id", a0."inserted_at", a0."updated_at" FROM "api_keys" AS a0 WHERE ((a0."key" = $1) AND (a0."active" = $2)) ["rsolv_test_abc123", true]
13:17:06.707 request_id=GGBS66Sc1L1G7nYAACyI [debug] QUERY OK source="customers" db=0.0ms
SELECT c0."id", c0."name", c0."email", c0."api_key", c0."monthly_limit", c0."current_usage", c0."active", c0."metadata", c0."github_org", c0."plan", c0."user_id", c0."inserted_at", c0."updated_at" FROM "customers" AS c0 WHERE ((c0."api_key" = $1) AND (c0."active" = $2)) ["rsolv_test_abc123", true]
13:17:06.707 request_id=GGBS66Sc1L1G7nYAACyI [info] API key status: :valid
13:17:06.707 request_id=GGBS66Sc1L1G7nYAACyI [info] Getting enhanced patterns for javascript
13:17:06.707 request_id=GGBS66Sc1L1G7nYAACyI [info] Retrieved 30 patterns
13:17:06.707 request_id=GGBS66Sc1L1G7nYAACyI [debug] Formatting pattern: "js-sql-injection-concat"
13:17:06.707 request_id=GGBS66Sc1L1G7nYAACyI [debug] Formatted pattern keys: ["cweId", "description", "examples", "frameworks", "id", "languages", "name", "owaspCategory", "recommendation", "regex", "regexPatterns", "severity", "supportsAst", "type"]
13:17:06.707 request_id=GGBS66Sc1L1G7nYAACyI [debug] Formatting pattern: "js-sql-injection-interpolation"
13:17:06.707 request_id=GGBS66Sc1L1G7nYAACyI [debug] Formatted pattern keys: ["cweId", "description", "examples", "frameworks", "id", "languages", "name", "owaspCategory", "recommendation", "regex", "regexPatterns", "severity", "supportsAst", "type"]
13:17:06.707 request_id=GGBS66Sc1L1G7nYAACyI [debug] Formatting pattern: "js-xss-innerhtml"
13:17:06.707 request_id=GGBS66Sc1L1G7nYAACyI [debug] Formatted pattern keys: ["cweId", "description", "examples", "frameworks", "id", "languages", "name", "owaspCategory", "recommendation", "regex", "regexPatterns", "severity", "supportsAst", "type"]
13:17:06.707 request_id=GGBS66Sc1L1G7nYAACyI [debug] Formatting pattern: "js-xss-document-write"
13:17:06.707 request_id=GGBS66Sc1L1G7nYAACyI [debug] Formatted pattern keys: ["cweId", "description", "examples", "frameworks", "id", "languages", "name", "owaspCategory", "recommendation", "regex", "regexPatterns", "severity", "supportsAst", "type"]
13:17:06.707 request_id=GGBS66Sc1L1G7nYAACyI [debug] Formatting pattern: "js-xss-jquery-html"
13:17:06.707 request_id=GGBS66Sc1L1G7nYAACyI [debug] Formatted pattern keys: ["cweId", "description", "examples", "frameworks", "id", "languages", "name", "owaspCategory", "recommendation", "regex", "regexPatterns", "severity", "supportsAst", "type"]
13:17:06.707 request_id=GGBS66Sc1L1G7nYAACyI [debug] Formatting pattern: "js-xss-react-dangerously"
13:17:06.707 request_id=GGBS66Sc1L1G7nYAACyI [debug] Formatted pattern keys: ["cweId", "description", "examples", "frameworks", "id", "languages", "name", "owaspCategory", "recommendation", "regex", "regexPatterns", "severity", "supportsAst", "type"]
13:17:06.707 request_id=GGBS66Sc1L1G7nYAACyI [debug] Formatting pattern: "js-xss-dom-manipulation"
13:17:06.707 request_id=GGBS66Sc1L1G7nYAACyI [debug] Formatted pattern keys: ["cweId", "description", "examples", "frameworks", "id", "languages", "name", "owaspCategory", "recommendation", "regex", "regexPatterns", "severity", "supportsAst", "type"]
13:17:06.707 request_id=GGBS66Sc1L1G7nYAACyI [debug] Formatting pattern: "js-command-injection-exec"
13:17:06.707 request_id=GGBS66Sc1L1G7nYAACyI [debug] Formatted pattern keys: ["cweId", "description", "examples", "frameworks", "id", "languages", "name", "owaspCategory", "recommendation", "regex", "regexPatterns", "severity", "supportsAst", "type"]
13:17:06.707 request_id=GGBS66Sc1L1G7nYAACyI [debug] Formatting pattern: "js-command-injection-spawn"
13:17:06.707 request_id=GGBS66Sc1L1G7nYAACyI [debug] Formatted pattern keys: ["cweId", "description", "examples", "frameworks", "id", "languages", "name", "owaspCategory", "recommendation", "regex", "regexPatterns", "severity", "supportsAst", "type"]
13:17:06.707 request_id=GGBS66Sc1L1G7nYAACyI [debug] Formatting pattern: "js-path-traversal-join"
13:17:06.707 request_id=GGBS66Sc1L1G7nYAACyI [debug] Formatted pattern keys: ["cweId", "description", "examples", "frameworks", "id", "languages", "name", "owaspCategory", "recommendation", "regex", "regexPatterns", "severity", "supportsAst", "type"]
13:17:06.707 request_id=GGBS66Sc1L1G7nYAACyI [debug] Formatting pattern: "js-path-traversal-concat"
13:17:06.707 request_id=GGBS66Sc1L1G7nYAACyI [debug] Formatted pattern keys: ["cweId", "description", "examples", "frameworks", "id", "languages", "name", "owaspCategory", "recommendation", "regex", "regexPatterns", "severity", "supportsAst", "type"]
13:17:06.707 request_id=GGBS66Sc1L1G7nYAACyI [debug] Formatting pattern: "js-weak-crypto-md5"
13:17:06.707 request_id=GGBS66Sc1L1G7nYAACyI [debug] Formatted pattern keys: ["cweId", "description", "examples", "frameworks", "id", "languages", "name", "owaspCategory", "recommendation", "regex", "regexPatterns", "severity", "supportsAst", "type"]
13:17:06.707 request_id=GGBS66Sc1L1G7nYAACyI [debug] Formatting pattern: "js-weak-crypto-sha1"
13:17:06.707 request_id=GGBS66Sc1L1G7nYAACyI [debug] Formatted pattern keys: ["cweId", "description", "examples", "frameworks", "id", "languages", "name", "owaspCategory", "recommendation", "regex", "regexPatterns", "severity", "supportsAst", "type"]
13:17:06.707 request_id=GGBS66Sc1L1G7nYAACyI [debug] Formatting pattern: "js-hardcoded-secret-password"
13:17:06.707 request_id=GGBS66Sc1L1G7nYAACyI [debug] Formatted pattern keys: ["cweId", "description", "examples", "frameworks", "id", "languages", "name", "owaspCategory", "recommendation", "regex", "regexPatterns", "severity", "supportsAst", "type"]
13:17:06.707 request_id=GGBS66Sc1L1G7nYAACyI [debug] Formatting pattern: "js-hardcoded-secret-api-key"
13:17:06.707 request_id=GGBS66Sc1L1G7nYAACyI [debug] Formatted pattern keys: ["cweId", "description", "examples", "frameworks", "id", "languages", "name", "owaspCategory", "recommendation", "regex", "regexPatterns", "severity", "supportsAst", "type"]
13:17:06.707 request_id=GGBS66Sc1L1G7nYAACyI [debug] Formatting pattern: "js-eval-user-input"
13:17:06.707 request_id=GGBS66Sc1L1G7nYAACyI [debug] Formatted pattern keys: ["cweId", "description", "examples", "frameworks", "id", "languages", "name", "owaspCategory", "recommendation", "regex", "regexPatterns", "severity", "supportsAst", "type"]
13:17:06.707 request_id=GGBS66Sc1L1G7nYAACyI [debug] Formatting pattern: "js-unsafe-regex"
13:17:06.707 request_id=GGBS66Sc1L1G7nYAACyI [debug] Formatted pattern keys: ["cweId", "description", "examples", "frameworks", "id", "languages", "name", "owaspCategory", "recommendation", "regex", "regexPatterns", "severity", "supportsAst", "type"]
13:17:06.707 request_id=GGBS66Sc1L1G7nYAACyI [debug] Formatting pattern: "js-open-redirect"
13:17:06.707 request_id=GGBS66Sc1L1G7nYAACyI [debug] Formatted pattern keys: ["cweId", "description", "examples", "frameworks", "id", "languages", "name", "owaspCategory", "recommendation", "regex", "regexPatterns", "severity", "supportsAst", "type"]
13:17:06.707 request_id=GGBS66Sc1L1G7nYAACyI [debug] Formatting pattern: "js-xxe-external-entities"
13:17:06.707 request_id=GGBS66Sc1L1G7nYAACyI [debug] Formatted pattern keys: ["cweId", "description", "examples", "frameworks", "id", "languages", "name", "owaspCategory", "recommendation", "regex", "regexPatterns", "severity", "supportsAst", "type"]
13:17:06.707 request_id=GGBS66Sc1L1G7nYAACyI [debug] Formatting pattern: "js-prototype-pollution"
13:17:06.707 request_id=GGBS66Sc1L1G7nYAACyI [debug] Formatted pattern keys: ["cweId", "description", "examples", "frameworks", "id", "languages", "name", "owaspCategory", "recommendation", "regex", "regexPatterns", "severity", "supportsAst", "type"]
13:17:06.707 request_id=GGBS66Sc1L1G7nYAACyI [debug] Formatting pattern: "js-insecure-random"
13:17:06.707 request_id=GGBS66Sc1L1G7nYAACyI [debug] Formatted pattern keys: ["cweId", "description", "examples", "frameworks", "id", "languages", "name", "owaspCategory", "recommendation", "regex", "regexPatterns", "severity", "supportsAst", "type"]
13:17:06.707 request_id=GGBS66Sc1L1G7nYAACyI [debug] Formatting pattern: "js-timing-attack"
13:17:06.707 request_id=GGBS66Sc1L1G7nYAACyI [debug] Formatted pattern keys: ["cweId", "description", "examples", "frameworks", "id", "languages", "name", "owaspCategory", "recommendation", "regex", "regexPatterns", "severity", "supportsAst", "type"]
13:17:06.707 request_id=GGBS66Sc1L1G7nYAACyI [debug] Formatting pattern: "js-nosql-injection"
13:17:06.707 request_id=GGBS66Sc1L1G7nYAACyI [debug] Formatted pattern keys: ["cweId", "description", "examples", "frameworks", "id", "languages", "name", "owaspCategory", "recommendation", "regex", "regexPatterns", "severity", "supportsAst", "type"]
13:17:06.707 request_id=GGBS66Sc1L1G7nYAACyI [debug] Formatting pattern: "js-ldap-injection"
13:17:06.707 request_id=GGBS66Sc1L1G7nYAACyI [debug] Formatted pattern keys: ["cweId", "description", "examples", "frameworks", "id", "languages", "name", "owaspCategory", "recommendation", "regex", "regexPatterns", "severity", "supportsAst", "type"]
13:17:06.707 request_id=GGBS66Sc1L1G7nYAACyI [debug] Formatting pattern: "js-xpath-injection"
13:17:06.707 request_id=GGBS66Sc1L1G7nYAACyI [debug] Formatted pattern keys: ["cweId", "description", "examples", "frameworks", "id", "languages", "name", "owaspCategory", "recommendation", "regex", "regexPatterns", "severity", "supportsAst", "type"]
13:17:06.707 request_id=GGBS66Sc1L1G7nYAACyI [debug] Formatting pattern: "js-ssrf"
13:17:06.707 request_id=GGBS66Sc1L1G7nYAACyI [debug] Formatted pattern keys: ["cweId", "description", "examples", "frameworks", "id", "languages", "name", "owaspCategory", "recommendation", "regex", "regexPatterns", "severity", "supportsAst", "type"]
13:17:06.707 request_id=GGBS66Sc1L1G7nYAACyI [debug] Formatting pattern: "js-insecure-deserialization"
13:17:06.707 request_id=GGBS66Sc1L1G7nYAACyI [debug] Formatted pattern keys: ["cweId", "description", "examples", "frameworks", "id", "languages", "name", "owaspCategory", "recommendation", "regex", "regexPatterns", "severity", "supportsAst", "type"]
13:17:06.707 request_id=GGBS66Sc1L1G7nYAACyI [debug] Formatting pattern: "js-missing-csrf"
13:17:06.707 request_id=GGBS66Sc1L1G7nYAACyI [debug] Formatted pattern keys: ["cweId", "description", "examples", "frameworks", "id", "languages", "name", "owaspCategory", "recommendation", "regex", "regexPatterns", "severity", "supportsAst", "type"]
13:17:06.707 request_id=GGBS66Sc1L1G7nYAACyI [debug] Formatting pattern: "js-jwt-none-algorithm"
13:17:06.707 request_id=GGBS66Sc1L1G7nYAACyI [debug] Formatted pattern keys: ["cweId", "description", "examples", "frameworks", "id", "languages", "name", "owaspCategory", "recommendation", "regex", "regexPatterns", "severity", "supportsAst", "type"]
13:17:06.707 request_id=GGBS66Sc1L1G7nYAACyI [debug] Formatting pattern: "js-debug-console-log"
13:17:06.707 request_id=GGBS66Sc1L1G7nYAACyI [debug] Formatted pattern keys: ["cweId", "description", "examples", "frameworks", "id", "languages", "name", "owaspCategory", "recommendation", "regex", "regexPatterns", "severity", "supportsAst", "type"]
13:17:06.708 request_id=GGBS66Sc1L1G7nYAACyI [info] Sent 200 in 1ms
.13:17:06.708 request_id=GGBS66S1TrjDzaEAAC0I [info] GET /api/v1/patterns
13:17:06.708 request_id=GGBS66S1TrjDzaEAAC0I [debug] Processing with RsolvWeb.Api.V1.PatternController.index/2
  Parameters: %{}
  Pipelines: [:api]
13:17:06.708 request_id=GGBS66S1TrjDzaEAAC0I [info] Pattern API called with params: %{}
13:17:06.708 request_id=GGBS66S1TrjDzaEAAC0I [info] Language: javascript, Format: standard
13:17:06.708 request_id=GGBS66S1TrjDzaEAAC0I [info] API key status: :none
13:17:06.708 request_id=GGBS66S1TrjDzaEAAC0I [info] Getting demo patterns for javascript
13:17:06.708 request_id=GGBS66S1TrjDzaEAAC0I [info] Retrieved 5 patterns
13:17:06.708 request_id=GGBS66S1TrjDzaEAAC0I [debug] Formatting pattern: "js-sql-injection-concat"
13:17:06.708 request_id=GGBS66S1TrjDzaEAAC0I [debug] Formatted pattern keys: ["cweId", "description", "examples", "frameworks", "id", "languages", "name", "owaspCategory", "recommendation", "regex", "regexPatterns", "severity", "supportsAst", "type"]
13:17:06.708 request_id=GGBS66S1TrjDzaEAAC0I [debug] Formatting pattern: "js-xss-innerhtml"
13:17:06.708 request_id=GGBS66S1TrjDzaEAAC0I [debug] Formatted pattern keys: ["cweId", "description", "examples", "frameworks", "id", "languages", "name", "owaspCategory", "recommendation", "regex", "regexPatterns", "severity", "supportsAst", "type"]
13:17:06.708 request_id=GGBS66S1TrjDzaEAAC0I [debug] Formatting pattern: "js-command-injection-exec"
13:17:06.708 request_id=GGBS66S1TrjDzaEAAC0I [debug] Formatted pattern keys: ["cweId", "description", "examples", "frameworks", "id", "languages", "name", "owaspCategory", "recommendation", "regex", "regexPatterns", "severity", "supportsAst", "type"]
13:17:06.708 request_id=GGBS66S1TrjDzaEAAC0I [debug] Formatting pattern: "js-weak-crypto-md5"
13:17:06.708 request_id=GGBS66S1TrjDzaEAAC0I [debug] Formatted pattern keys: ["cweId", "description", "examples", "frameworks", "id", "languages", "name", "owaspCategory", "recommendation", "regex", "regexPatterns", "severity", "supportsAst", "type"]
13:17:06.708 request_id=GGBS66S1TrjDzaEAAC0I [debug] Formatting pattern: "js-hardcoded-secret-api-key"
13:17:06.708 request_id=GGBS66S1TrjDzaEAAC0I [debug] Formatted pattern keys: ["cweId", "description", "examples", "frameworks", "id", "languages", "name", "owaspCategory", "recommendation", "regex", "regexPatterns", "severity", "supportsAst", "type"]
13:17:06.708 request_id=GGBS66S1TrjDzaEAAC0I [info] Sent 200 in 187µs
.13:17:06.708 request_id=GGBS66S6nlW5AsMAAC2I [info] GET /api/v1/patterns
13:17:06.709 request_id=GGBS66S6nlW5AsMAAC2I [debug] Processing with RsolvWeb.Api.V1.PatternController.index/2
  Parameters: %{"language" => "javascript"}
  Pipelines: [:api]
13:17:06.709 request_id=GGBS66S6nlW5AsMAAC2I [info] Pattern API called with params: %{"language" => "javascript"}
13:17:06.709 request_id=GGBS66S6nlW5AsMAAC2I [info] Language: javascript, Format: standard
13:17:06.709 request_id=GGBS66S6nlW5AsMAAC2I [debug] QUERY OK source="api_keys" db=0.1ms
SELECT a0."id", a0."key", a0."name", a0."permissions", a0."active", a0."last_used_at", a0."expires_at", a0."customer_id", a0."inserted_at", a0."updated_at" FROM "api_keys" AS a0 WHERE ((a0."key" = $1) AND (a0."active" = $2)) ["rsolv_test_abc123", true]
13:17:06.709 request_id=GGBS66S6nlW5AsMAAC2I [debug] QUERY OK source="customers" db=0.1ms
SELECT c0."id", c0."name", c0."email", c0."api_key", c0."monthly_limit", c0."current_usage", c0."active", c0."metadata", c0."github_org", c0."plan", c0."user_id", c0."inserted_at", c0."updated_at" FROM "customers" AS c0 WHERE ((c0."api_key" = $1) AND (c0."active" = $2)) ["rsolv_test_abc123", true]
13:17:06.709 request_id=GGBS66S6nlW5AsMAAC2I [info] API key status: :valid
13:17:06.709 request_id=GGBS66S6nlW5AsMAAC2I [info] Getting enhanced patterns for javascript
13:17:06.709 request_id=GGBS66S6nlW5AsMAAC2I [info] Retrieved 30 patterns
13:17:06.709 request_id=GGBS66S6nlW5AsMAAC2I [debug] Formatting pattern: "js-sql-injection-concat"
13:17:06.709 request_id=GGBS66S6nlW5AsMAAC2I [debug] Formatted pattern keys: ["cweId", "description", "examples", "frameworks", "id", "languages", "name", "owaspCategory", "recommendation", "regex", "regexPatterns", "severity", "supportsAst", "type"]
13:17:06.709 request_id=GGBS66S6nlW5AsMAAC2I [debug] Formatting pattern: "js-sql-injection-interpolation"
13:17:06.709 request_id=GGBS66S6nlW5AsMAAC2I [debug] Formatted pattern keys: ["cweId", "description", "examples", "frameworks", "id", "languages", "name", "owaspCategory", "recommendation", "regex", "regexPatterns", "severity", "supportsAst", "type"]
13:17:06.709 request_id=GGBS66S6nlW5AsMAAC2I [debug] Formatting pattern: "js-xss-innerhtml"
13:17:06.709 request_id=GGBS66S6nlW5AsMAAC2I [debug] Formatted pattern keys: ["cweId", "description", "examples", "frameworks", "id", "languages", "name", "owaspCategory", "recommendation", "regex", "regexPatterns", "severity", "supportsAst", "type"]
13:17:06.709 request_id=GGBS66S6nlW5AsMAAC2I [debug] Formatting pattern: "js-xss-document-write"
13:17:06.709 request_id=GGBS66S6nlW5AsMAAC2I [debug] Formatted pattern keys: ["cweId", "description", "examples", "frameworks", "id", "languages", "name", "owaspCategory", "recommendation", "regex", "regexPatterns", "severity", "supportsAst", "type"]
13:17:06.709 request_id=GGBS66S6nlW5AsMAAC2I [debug] Formatting pattern: "js-xss-jquery-html"
13:17:06.709 request_id=GGBS66S6nlW5AsMAAC2I [debug] Formatted pattern keys: ["cweId", "description", "examples", "frameworks", "id", "languages", "name", "owaspCategory", "recommendation", "regex", "regexPatterns", "severity", "supportsAst", "type"]
13:17:06.709 request_id=GGBS66S6nlW5AsMAAC2I [debug] Formatting pattern: "js-xss-react-dangerously"
13:17:06.709 request_id=GGBS66S6nlW5AsMAAC2I [debug] Formatted pattern keys: ["cweId", "description", "examples", "frameworks", "id", "languages", "name", "owaspCategory", "recommendation", "regex", "regexPatterns", "severity", "supportsAst", "type"]
13:17:06.709 request_id=GGBS66S6nlW5AsMAAC2I [debug] Formatting pattern: "js-xss-dom-manipulation"
13:17:06.709 request_id=GGBS66S6nlW5AsMAAC2I [debug] Formatted pattern keys: ["cweId", "description", "examples", "frameworks", "id", "languages", "name", "owaspCategory", "recommendation", "regex", "regexPatterns", "severity", "supportsAst", "type"]
13:17:06.709 request_id=GGBS66S6nlW5AsMAAC2I [debug] Formatting pattern: "js-command-injection-exec"
13:17:06.709 request_id=GGBS66S6nlW5AsMAAC2I [debug] Formatted pattern keys: ["cweId", "description", "examples", "frameworks", "id", "languages", "name", "owaspCategory", "recommendation", "regex", "regexPatterns", "severity", "supportsAst", "type"]
13:17:06.709 request_id=GGBS66S6nlW5AsMAAC2I [debug] Formatting pattern: "js-command-injection-spawn"
13:17:06.709 request_id=GGBS66S6nlW5AsMAAC2I [debug] Formatted pattern keys: ["cweId", "description", "examples", "frameworks", "id", "languages", "name", "owaspCategory", "recommendation", "regex", "regexPatterns", "severity", "supportsAst", "type"]
13:17:06.709 request_id=GGBS66S6nlW5AsMAAC2I [debug] Formatting pattern: "js-path-traversal-join"
13:17:06.709 request_id=GGBS66S6nlW5AsMAAC2I [debug] Formatted pattern keys: ["cweId", "description", "examples", "frameworks", "id", "languages", "name", "owaspCategory", "recommendation", "regex", "regexPatterns", "severity", "supportsAst", "type"]
13:17:06.709 request_id=GGBS66S6nlW5AsMAAC2I [debug] Formatting pattern: "js-path-traversal-concat"
13:17:06.709 request_id=GGBS66S6nlW5AsMAAC2I [debug] Formatted pattern keys: ["cweId", "description", "examples", "frameworks", "id", "languages", "name", "owaspCategory", "recommendation", "regex", "regexPatterns", "severity", "supportsAst", "type"]
13:17:06.709 request_id=GGBS66S6nlW5AsMAAC2I [debug] Formatting pattern: "js-weak-crypto-md5"
13:17:06.709 request_id=GGBS66S6nlW5AsMAAC2I [debug] Formatted pattern keys: ["cweId", "description", "examples", "frameworks", "id", "languages", "name", "owaspCategory", "recommendation", "regex", "regexPatterns", "severity", "supportsAst", "type"]
13:17:06.709 request_id=GGBS66S6nlW5AsMAAC2I [debug] Formatting pattern: "js-weak-crypto-sha1"
13:17:06.709 request_id=GGBS66S6nlW5AsMAAC2I [debug] Formatted pattern keys: ["cweId", "description", "examples", "frameworks", "id", "languages", "name", "owaspCategory", "recommendation", "regex", "regexPatterns", "severity", "supportsAst", "type"]
13:17:06.709 request_id=GGBS66S6nlW5AsMAAC2I [debug] Formatting pattern: "js-hardcoded-secret-password"
13:17:06.709 request_id=GGBS66S6nlW5AsMAAC2I [debug] Formatted pattern keys: ["cweId", "description", "examples", "frameworks", "id", "languages", "name", "owaspCategory", "recommendation", "regex", "regexPatterns", "severity", "supportsAst", "type"]
13:17:06.709 request_id=GGBS66S6nlW5AsMAAC2I [debug] Formatting pattern: "js-hardcoded-secret-api-key"
13:17:06.709 request_id=GGBS66S6nlW5AsMAAC2I [debug] Formatted pattern keys: ["cweId", "description", "examples", "frameworks", "id", "languages", "name", "owaspCategory", "recommendation", "regex", "regexPatterns", "severity", "supportsAst", "type"]
13:17:06.709 request_id=GGBS66S6nlW5AsMAAC2I [debug] Formatting pattern: "js-eval-user-input"
13:17:06.709 request_id=GGBS66S6nlW5AsMAAC2I [debug] Formatted pattern keys: ["cweId", "description", "examples", "frameworks", "id", "languages", "name", "owaspCategory", "recommendation", "regex", "regexPatterns", "severity", "supportsAst", "type"]
13:17:06.709 request_id=GGBS66S6nlW5AsMAAC2I [debug] Formatting pattern: "js-unsafe-regex"
13:17:06.709 request_id=GGBS66S6nlW5AsMAAC2I [debug] Formatted pattern keys: ["cweId", "description", "examples", "frameworks", "id", "languages", "name", "owaspCategory", "recommendation", "regex", "regexPatterns", "severity", "supportsAst", "type"]
13:17:06.709 request_id=GGBS66S6nlW5AsMAAC2I [debug] Formatting pattern: "js-open-redirect"
13:17:06.709 request_id=GGBS66S6nlW5AsMAAC2I [debug] Formatted pattern keys: ["cweId", "description", "examples", "frameworks", "id", "languages", "name", "owaspCategory", "recommendation", "regex", "regexPatterns", "severity", "supportsAst", "type"]
13:17:06.709 request_id=GGBS66S6nlW5AsMAAC2I [debug] Formatting pattern: "js-xxe-external-entities"
13:17:06.709 request_id=GGBS66S6nlW5AsMAAC2I [debug] Formatted pattern keys: ["cweId", "description", "examples", "frameworks", "id", "languages", "name", "owaspCategory", "recommendation", "regex", "regexPatterns", "severity", "supportsAst", "type"]
13:17:06.709 request_id=GGBS66S6nlW5AsMAAC2I [debug] Formatting pattern: "js-prototype-pollution"
13:17:06.709 request_id=GGBS66S6nlW5AsMAAC2I [debug] Formatted pattern keys: ["cweId", "description", "examples", "frameworks", "id", "languages", "name", "owaspCategory", "recommendation", "regex", "regexPatterns", "severity", "supportsAst", "type"]
13:17:06.709 request_id=GGBS66S6nlW5AsMAAC2I [debug] Formatting pattern: "js-insecure-random"
13:17:06.709 request_id=GGBS66S6nlW5AsMAAC2I [debug] Formatted pattern keys: ["cweId", "description", "examples", "frameworks", "id", "languages", "name", "owaspCategory", "recommendation", "regex", "regexPatterns", "severity", "supportsAst", "type"]
13:17:06.709 request_id=GGBS66S6nlW5AsMAAC2I [debug] Formatting pattern: "js-timing-attack"
13:17:06.709 request_id=GGBS66S6nlW5AsMAAC2I [debug] Formatted pattern keys: ["cweId", "description", "examples", "frameworks", "id", "languages", "name", "owaspCategory", "recommendation", "regex", "regexPatterns", "severity", "supportsAst", "type"]
13:17:06.709 request_id=GGBS66S6nlW5AsMAAC2I [debug] Formatting pattern: "js-nosql-injection"
13:17:06.709 request_id=GGBS66S6nlW5AsMAAC2I [debug] Formatted pattern keys: ["cweId", "description", "examples", "frameworks", "id", "languages", "name", "owaspCategory", "recommendation", "regex", "regexPatterns", "severity", "supportsAst", "type"]
13:17:06.709 request_id=GGBS66S6nlW5AsMAAC2I [debug] Formatting pattern: "js-ldap-injection"
13:17:06.709 request_id=GGBS66S6nlW5AsMAAC2I [debug] Formatted pattern keys: ["cweId", "description", "examples", "frameworks", "id", "languages", "name", "owaspCategory", "recommendation", "regex", "regexPatterns", "severity", "supportsAst", "type"]
13:17:06.709 request_id=GGBS66S6nlW5AsMAAC2I [debug] Formatting pattern: "js-xpath-injection"
13:17:06.709 request_id=GGBS66S6nlW5AsMAAC2I [debug] Formatted pattern keys: ["cweId", "description", "examples", "frameworks", "id", "languages", "name", "owaspCategory", "recommendation", "regex", "regexPatterns", "severity", "supportsAst", "type"]
13:17:06.709 request_id=GGBS66S6nlW5AsMAAC2I [debug] Formatting pattern: "js-ssrf"
13:17:06.709 request_id=GGBS66S6nlW5AsMAAC2I [debug] Formatted pattern keys: ["cweId", "description", "examples", "frameworks", "id", "languages", "name", "owaspCategory", "recommendation", "regex", "regexPatterns", "severity", "supportsAst", "type"]
13:17:06.709 request_id=GGBS66S6nlW5AsMAAC2I [debug] Formatting pattern: "js-insecure-deserialization"
13:17:06.709 request_id=GGBS66S6nlW5AsMAAC2I [debug] Formatted pattern keys: ["cweId", "description", "examples", "frameworks", "id", "languages", "name", "owaspCategory", "recommendation", "regex", "regexPatterns", "severity", "supportsAst", "type"]
13:17:06.709 request_id=GGBS66S6nlW5AsMAAC2I [debug] Formatting pattern: "js-missing-csrf"
13:17:06.709 request_id=GGBS66S6nlW5AsMAAC2I [debug] Formatted pattern keys: ["cweId", "description", "examples", "frameworks", "id", "languages", "name", "owaspCategory", "recommendation", "regex", "regexPatterns", "severity", "supportsAst", "type"]
.....13:17:06.863 [debug] QUERY OK source="users" db=0.4ms queue=0.3ms
INSERT INTO "users" ("email","hashed_password","inserted_at","updated_at") VALUES ($1,$2,$3,$4) RETURNING "id" ["test@example.com", "$2b$12$i0PqygabylH7pTVsKLE4zOLqKJWxKmj9V8i/uj0Vlk95tD0VzcSBu", ~U[2025-08-29 19:17:06Z], ~U[2025-08-29 19:17:06Z]]
13:17:06.864 [debug] QUERY OK source="customers" db=0.2ms
INSERT INTO "customers" ("active","name","metadata","plan","api_key","email","user_id","monthly_limit","current_usage","inserted_at","updated_at") VALUES ($1,$2,$3,$4,$5,$6,$7,$8,$9,$10,$11) RETURNING "id" [true, "Test Corp", %{}, "trial", "rsolv_SrIhjPvKSuPvKv4ojyqObxhCWPnCs6WZ97_yjUdz96M", "test@example.com", 18181, 100, 0, ~N[2025-08-29 19:17:06], ~N[2025-08-29 19:17:06]]
13:17:06.866 [debug] QUERY OK source="api_keys" db=0.2ms queue=0.1ms
INSERT INTO "api_keys" ("active","name","permissions","key","customer_id","inserted_at","updated_at") VALUES ($1,$2,$3,$4,$5,$6,$7) RETURNING "id" [true, "Test Key", [], "test_3242a849-c93a-4138-a9f7-fd68c5a13afb", 17636, ~U[2025-08-29 19:17:06Z], ~U[2025-08-29 19:17:06Z]]
13:17:06.867 [debug] QUERY OK source="forge_accounts" db=0.2ms queue=0.1ms
INSERT INTO "forge_accounts" ("metadata","namespace","customer_id","forge_type","verified_at","inserted_at","updated_at") VALUES ($1,$2,$3,$4,$5,$6,$7) RETURNING "id" [%{}, "RSOLV-dev", 17636, :github, ~U[2025-08-29 19:17:06.866371Z], ~U[2025-08-29 19:17:06.867404Z], ~U[2025-08-29 19:17:06.867404Z]]
13:17:06.869 [debug] QUERY OK source="customers" db=0.1ms queue=0.1ms
SELECT c0."id", c0."name", c0."email", c0."api_key", c0."monthly_limit", c0."current_usage", c0."active", c0."metadata", c0."github_org", c0."plan", c0."user_id", c0."inserted_at", c0."updated_at" FROM "customers" AS c0 WHERE (c0."id" = $1) [17636]
13:17:06.870 [debug] QUERY OK source="forge_accounts" db=0.2ms queue=0.2ms
SELECT f0."id", f0."forge_type", f0."namespace", f0."verified_at", f0."metadata", f0."customer_id", f0."inserted_at", f0."updated_at" FROM "forge_accounts" AS f0 WHERE (f0."customer_id" = $1) AND (f0."forge_type" = $2) AND (f0."namespace" = $3) [17636, :github, "RSOLV-dev"]
13:17:06.872 [debug] QUERY OK source="repositories" db=0.2ms queue=0.2ms
SELECT r0."id", r0."forge_type", r0."namespace", r0."name", r0."full_path", r0."first_seen_at", r0."last_activity_at", r0."metadata", r0."customer_id", r0."inserted_at", r0."updated_at" FROM "repositories" AS r0 WHERE (((r0."forge_type" = $1) AND (r0."namespace" = $2)) AND (r0."name" = $3)) [:github, "RSOLV-dev", "partial-repo"]
13:17:06.876 [debug] QUERY OK source="repositories" db=0.2ms queue=0.1ms
INSERT INTO "repositories" ("name","metadata","namespace","customer_id","forge_type","full_path","last_activity_at","first_seen_at","inserted_at","updated_at") VALUES ($1,$2,$3,$4,$5,$6,$7,$8,$9,$10) RETURNING "id" ["partial-repo", %{}, "RSOLV-dev", 17636, :github, "RSOLV-dev/partial-repo", ~U[2025-08-29 19:17:06.873026Z], ~U[2025-08-29 19:17:06.873026Z], ~U[2025-08-29 19:17:06.876355Z], ~U[2025-08-29 19:17:06.876355Z]]
13:17:06.877 [debug] QUERY OK source="scan_executions" db=0.2ms queue=0.1ms
INSERT INTO "scan_executions" ("data","status","started_at","branch","completed_at","commit_sha","vulnerabilities_count","repository_id","api_key_id","inserted_at","updated_at") VALUES ($1,$2,$3,$4,$5,$6,$7,$8,$9,$10,$11) RETURNING "id" [%{"vulnerabilities" => [%{"severity" => "high", "type" => "sql_injection"}]}, :completed, ~U[2025-08-29 19:17:06.876801Z], "main", ~U[2025-08-29 19:17:06.876802Z], "partial123", 1, 2602, 5226, ~U[2025-08-29 19:17:06.876818Z], ~U[2025-08-29 19:17:06.876818Z]]
13:17:06.878 [debug] QUERY OK source="repositories" db=0.0ms queue=0.1ms
SELECT r0."id", r0."forge_type", r0."namespace", r0."name", r0."full_path", r0."first_seen_at", r0."last_activity_at", r0."metadata", r0."customer_id", r0."inserted_at", r0."updated_at", r0."id" FROM "repositories" AS r0 WHERE (r0."id" = $1) [2602]
13:17:06.878 request_id=GGBS667VUITED8gAAC-I [info] GET /api/v1/phases/retrieve
13:17:06.878 request_id=GGBS667VUITED8gAAC-I [debug] Processing with RsolvWeb.Api.V1.PhaseController.retrieve/2
  Parameters: %{"commit" => "partial123", "issue" => "456", "repo" => "RSOLV-dev/partial-repo"}
  Pipelines: [:api]
13:17:06.879 request_id=GGBS667VUITED8gAAC-I [debug] QUERY OK source="api_keys" db=0.1ms
SELECT a0."id", a0."key", a0."name", a0."permissions", a0."active", a0."last_used_at", a0."expires_at", a0."customer_id", a0."inserted_at", a0."updated_at" FROM "api_keys" AS a0 WHERE ((a0."key" = $1) AND (a0."active" = $2)) ["test_3242a849-c93a-4138-a9f7-fd68c5a13afb", true]
13:17:06.880 request_id=GGBS667VUITED8gAAC-I [debug] QUERY OK source="customers" db=0.0ms queue=0.1ms
SELECT c0."id", c0."name", c0."email", c0."api_key", c0."monthly_limit", c0."current_usage", c0."active", c0."metadata", c0."github_org", c0."plan", c0."user_id", c0."inserted_at", c0."updated_at", c0."id" FROM "customers" AS c0 WHERE (c0."id" = $1) [17636]
13:17:06.880 request_id=GGBS667VUITED8gAAC-I [debug] QUERY OK source="customers" db=0.0ms
SELECT c0."id", c0."name", c0."email", c0."api_key", c0."monthly_limit", c0."current_usage", c0."active", c0."metadata", c0."github_org", c0."plan", c0."user_id", c0."inserted_at", c0."updated_at" FROM "customers" AS c0 WHERE (c0."id" = $1) [17636]
13:17:06.880 request_id=GGBS667VUITED8gAAC-I [debug] QUERY OK source="forge_accounts" db=0.0ms
SELECT f0."id", f0."forge_type", f0."namespace", f0."verified_at", f0."metadata", f0."customer_id", f0."inserted_at", f0."updated_at" FROM "forge_accounts" AS f0 WHERE (f0."customer_id" = $1) AND (f0."forge_type" = $2) AND (f0."namespace" = $3) [17636, :github, "RSOLV-dev"]
13:17:06.880 request_id=GGBS667VUITED8gAAC-I [debug] QUERY OK source="repositories" db=0.0ms
SELECT r0."id", r0."forge_type", r0."namespace", r0."name", r0."full_path", r0."first_seen_at", r0."last_activity_at", r0."metadata", r0."customer_id", r0."inserted_at", r0."updated_at" FROM "repositories" AS r0 WHERE (((r0."forge_type" = $1) AND (r0."namespace" = $2)) AND (r0."name" = $3)) [:github, "RSOLV-dev", "partial-repo"]
13:17:06.880 request_id=GGBS667VUITED8gAAC-I [debug] QUERY OK source="scan_executions" db=0.1ms queue=0.1ms
SELECT s0."id", s0."commit_sha", s0."branch", s0."status", s0."vulnerabilities_count", s0."data", s0."started_at", s0."completed_at", s0."error_message", s0."repository_id", s0."api_key_id", s0."inserted_at", s0."updated_at" FROM "scan_executions" AS s0 WHERE ((s0."repository_id" = $1) AND (s0."commit_sha" = $2)) ORDER BY s0."inserted_at" DESC LIMIT 1 [2602, "partial123"]
13:17:06.880 request_id=GGBS667VUITED8gAAC-I [debug] QUERY OK source="validation_executions" db=0.1ms
SELECT v0."id", v0."issue_number", v0."commit_sha", v0."status", v0."validated", v0."vulnerabilities_found", v0."data", v0."started_at", v0."completed_at", v0."error_message", v0."repository_id", v0."api_key_id", v0."inserted_at", v0."updated_at" FROM "validation_executions" AS v0 WHERE ((v0."repository_id" = $1) AND (v0."issue_number" = $2)) ORDER BY v0."inserted_at" DESC LIMIT 1 [2602, 456]
13:17:06.881 request_id=GGBS667VUITED8gAAC-I [debug] QUERY OK source="mitigation_executions" db=0.1ms
SELECT m0."id", m0."issue_number", m0."commit_sha", m0."status", m0."pr_url", m0."pr_number", m0."files_changed", m0."data", m0."started_at", m0."completed_at", m0."error_message", m0."repository_id", m0."api_key_id", m0."inserted_at", m0."updated_at" FROM "mitigation_executions" AS m0 WHERE ((m0."repository_id" = $1) AND (m0."issue_number" = $2)) ORDER BY m0."inserted_at" DESC LIMIT 1 [2602, 456]
13:17:06.881 request_id=GGBS667VUITED8gAAC-I [info] Sent 200 in 2ms
.13:17:07.018 [debug] QUERY OK source="users" db=0.5ms queue=0.2ms
INSERT INTO "users" ("email","hashed_password","inserted_at","updated_at") VALUES ($1,$2,$3,$4) RETURNING "id" ["test@example.com", "$2b$12$CL0TXPe8VBC8wIdf3zsvt..Eh0/G1rQWosCeBQNNesSk28l3.NIc2", ~U[2025-08-29 19:17:07Z], ~U[2025-08-29 19:17:07Z]]
13:17:07.019 [debug] QUERY OK source="customers" db=0.3ms queue=0.1ms
INSERT INTO "customers" ("active","name","metadata","plan","api_key","email","user_id","monthly_limit","current_usage","inserted_at","updated_at") VALUES ($1,$2,$3,$4,$5,$6,$7,$8,$9,$10,$11) RETURNING "id" [true, "Test Corp", %{}, "trial", "rsolv_OWNB9CtOo2kfNFBvbpsAAqFSsmyvQIEzj6CGUw1pNlg", "test@example.com", 18182, 100, 0, ~N[2025-08-29 19:17:07], ~N[2025-08-29 19:17:07]]
13:17:07.019 [debug] QUERY OK source="api_keys" db=0.2ms queue=0.1ms
INSERT INTO "api_keys" ("active","name","permissions","key","customer_id","inserted_at","updated_at") VALUES ($1,$2,$3,$4,$5,$6,$7) RETURNING "id" [true, "Test Key", [], "test_77247df0-7498-4156-991e-bb5b822df854", 17637, ~U[2025-08-29 19:17:07Z], ~U[2025-08-29 19:17:07Z]]
13:17:07.020 [debug] QUERY OK source="forge_accounts" db=0.3ms queue=0.1ms
INSERT INTO "forge_accounts" ("metadata","namespace","customer_id","forge_type","verified_at","inserted_at","updated_at") VALUES ($1,$2,$3,$4,$5,$6,$7) RETURNING "id" [%{}, "RSOLV-dev", 17637, :github, ~U[2025-08-29 19:17:07.019661Z], ~U[2025-08-29 19:17:07.019686Z], ~U[2025-08-29 19:17:07.019686Z]]
13:17:07.020 request_id=GGBS67dJwTDYZ1AAAEGD [info] GET /api/v1/phases/retrieve
13:17:07.020 request_id=GGBS67dJwTDYZ1AAAEGD [debug] Processing with RsolvWeb.Api.V1.PhaseController.retrieve/2
  Parameters: %{"commit" => "abc123", "issue" => "123", "repo" => "RSOLV-dev/test"}
  Pipelines: [:api]
13:17:07.020 request_id=GGBS67dJwTDYZ1AAAEGD [debug] QUERY OK source="api_keys" db=0.2ms
SELECT a0."id", a0."key", a0."name", a0."permissions", a0."active", a0."last_used_at", a0."expires_at", a0."customer_id", a0."inserted_at", a0."updated_at" FROM "api_keys" AS a0 WHERE ((a0."key" = $1) AND (a0."active" = $2)) ["invalid_key", true]
13:17:07.022 request_id=GGBS67dJwTDYZ1AAAEGD [info] Sent 401 in 2ms
.13:17:07.160 [debug] QUERY OK source="users" db=0.3ms queue=0.2ms
INSERT INTO "users" ("email","hashed_password","inserted_at","updated_at") VALUES ($1,$2,$3,$4) RETURNING "id" ["test@example.com", "$2b$12$HXo.K0k/h2m9goSwXomp4ulY/Xutmfo1LPvOTU1VzpUEhyF1Vz1Zq", ~U[2025-08-29 19:17:07Z], ~U[2025-08-29 19:17:07Z]]
13:17:07.160 [debug] QUERY OK source="customers" db=0.2ms queue=0.1ms
INSERT INTO "customers" ("active","name","metadata","plan","api_key","email","user_id","monthly_limit","current_usage","inserted_at","updated_at") VALUES ($1,$2,$3,$4,$5,$6,$7,$8,$9,$10,$11) RETURNING "id" [true, "Test Corp", %{}, "trial", "rsolv_gCJhItXY7QQv_wwXg7pc3eJqy2GHBkGuz-FzuEcCpE0", "test@example.com", 18183, 100, 0, ~N[2025-08-29 19:17:07], ~N[2025-08-29 19:17:07]]
13:17:07.160 [debug] QUERY OK source="api_keys" db=0.1ms
INSERT INTO "api_keys" ("active","name","permissions","key","customer_id","inserted_at","updated_at") VALUES ($1,$2,$3,$4,$5,$6,$7) RETURNING "id" [true, "Test Key", [], "test_6265d997-e5b6-4592-874c-82781ad499dc", 17638, ~U[2025-08-29 19:17:07Z], ~U[2025-08-29 19:17:07Z]]
13:17:07.161 [debug] QUERY OK source="forge_accounts" db=0.1ms
INSERT INTO "forge_accounts" ("metadata","namespace","customer_id","forge_type","verified_at","inserted_at","updated_at") VALUES ($1,$2,$3,$4,$5,$6,$7) RETURNING "id" [%{}, "RSOLV-dev", 17638, :github, ~U[2025-08-29 19:17:07.160910Z], ~U[2025-08-29 19:17:07.160923Z], ~U[2025-08-29 19:17:07.160923Z]]
13:17:07.161 [debug] QUERY OK source="customers" db=0.0ms
SELECT c0."id", c0."name", c0."email", c0."api_key", c0."monthly_limit", c0."current_usage", c0."active", c0."metadata", c0."github_org", c0."plan", c0."user_id", c0."inserted_at", c0."updated_at" FROM "customers" AS c0 WHERE (c0."id" = $1) [17638]
13:17:07.161 [debug] QUERY OK source="forge_accounts" db=0.1ms
SELECT f0."id", f0."forge_type", f0."namespace", f0."verified_at", f0."metadata", f0."customer_id", f0."inserted_at", f0."updated_at" FROM "forge_accounts" AS f0 WHERE (f0."customer_id" = $1) AND (f0."forge_type" = $2) AND (f0."namespace" = $3) [17638, :github, "RSOLV-dev"]
13:17:07.161 [debug] QUERY OK source="repositories" db=0.1ms
SELECT r0."id", r0."forge_type", r0."namespace", r0."name", r0."full_path", r0."first_seen_at", r0."last_activity_at", r0."metadata", r0."customer_id", r0."inserted_at", r0."updated_at" FROM "repositories" AS r0 WHERE (((r0."forge_type" = $1) AND (r0."namespace" = $2)) AND (r0."name" = $3)) [:github, "RSOLV-dev", "nodegoat-demo"]
13:17:07.161 [debug] QUERY OK source="repositories" db=0.0ms
INSERT INTO "repositories" ("name","metadata","namespace","customer_id","forge_type","full_path","last_activity_at","first_seen_at","inserted_at","updated_at") VALUES ($1,$2,$3,$4,$5,$6,$7,$8,$9,$10) RETURNING "id" ["nodegoat-demo", %{}, "RSOLV-dev", 17638, :github, "RSOLV-dev/nodegoat-demo", ~U[2025-08-29 19:17:07.161703Z], ~U[2025-08-29 19:17:07.161703Z], ~U[2025-08-29 19:17:07.161711Z], ~U[2025-08-29 19:17:07.161711Z]]
13:17:07.162 [debug] QUERY OK source="scan_executions" db=0.2ms
INSERT INTO "scan_executions" ("data","status","started_at","branch","completed_at","commit_sha","vulnerabilities_count","repository_id","api_key_id","inserted_at","updated_at") VALUES ($1,$2,$3,$4,$5,$6,$7,$8,$9,$10,$11) RETURNING "id" [%{"vulnerabilities" => [%{"file" => "app.js", "line" => 42, "type" => "xss"}]}, :completed, ~U[2025-08-29 19:17:07.161888Z], "main", ~U[2025-08-29 19:17:07.161892Z], "abc123", 1, 2603, 5228, ~U[2025-08-29 19:17:07.161911Z], ~U[2025-08-29 19:17:07.161911Z]]
13:17:07.162 [debug] QUERY OK source="repositories" db=0.0ms
SELECT r0."id", r0."forge_type", r0."namespace", r0."name", r0."full_path", r0."first_seen_at", r0."last_activity_at", r0."metadata", r0."customer_id", r0."inserted_at", r0."updated_at", r0."id" FROM "repositories" AS r0 WHERE (r0."id" = $1) [2603]
13:17:07.162 [debug] QUERY OK source="customers" db=0.0ms
SELECT c0."id", c0."name", c0."email", c0."api_key", c0."monthly_limit", c0."current_usage", c0."active", c0."metadata", c0."github_org", c0."plan", c0."user_id", c0."inserted_at", c0."updated_at" FROM "customers" AS c0 WHERE (c0."id" = $1) [17638]
13:17:07.162 [debug] QUERY OK source="forge_accounts" db=0.0ms
SELECT f0."id", f0."forge_type", f0."namespace", f0."verified_at", f0."metadata", f0."customer_id", f0."inserted_at", f0."updated_at" FROM "forge_accounts" AS f0 WHERE (f0."customer_id" = $1) AND (f0."forge_type" = $2) AND (f0."namespace" = $3) [17638, :github, "RSOLV-dev"]
13:17:07.162 [debug] QUERY OK source="repositories" db=0.0ms
SELECT r0."id", r0."forge_type", r0."namespace", r0."name", r0."full_path", r0."first_seen_at", r0."last_activity_at", r0."metadata", r0."customer_id", r0."inserted_at", r0."updated_at" FROM "repositories" AS r0 WHERE (((r0."forge_type" = $1) AND (r0."namespace" = $2)) AND (r0."name" = $3)) [:github, "RSOLV-dev", "nodegoat-demo"]
13:17:07.162 [debug] QUERY OK source="repositories" db=0.0ms
UPDATE "repositories" SET "last_activity_at" = $1, "updated_at" = $2 WHERE "id" = $3 [~U[2025-08-29 19:17:07.162546Z], ~U[2025-08-29 19:17:07.162554Z], 2603]
13:17:07.162 [debug] QUERY OK source="validation_executions" db=0.1ms
INSERT INTO "validation_executions" ("data","status","started_at","completed_at","commit_sha","issue_number","validated","vulnerabilities_found","repository_id","api_key_id","inserted_at","updated_at") VALUES ($1,$2,$3,$4,$5,$6,$7,$8,$9,$10,$11,$12) RETURNING "id" [%{"confidence" => 0.95, "validated" => true}, :completed, ~U[2025-08-29 19:17:07.162700Z], ~U[2025-08-29 19:17:07.162701Z], "abc123", 123, true, 0, 2603, 5228, ~U[2025-08-29 19:17:07.162716Z], ~U[2025-08-29 19:17:07.162716Z]]
13:17:07.163 [debug] QUERY OK source="repositories" db=0.0ms
SELECT r0."id", r0."forge_type", r0."namespace", r0."name", r0."full_path", r0."first_seen_at", r0."last_activity_at", r0."metadata", r0."customer_id", r0."inserted_at", r0."updated_at", r0."id" FROM "repositories" AS r0 WHERE (r0."id" = $1) [2603]
13:17:07.163 [debug] QUERY OK source="customers" db=0.0ms
SELECT c0."id", c0."name", c0."email", c0."api_key", c0."monthly_limit", c0."current_usage", c0."active", c0."metadata", c0."github_org", c0."plan", c0."user_id", c0."inserted_at", c0."updated_at" FROM "customers" AS c0 WHERE (c0."id" = $1) [17638]
13:17:07.163 [debug] QUERY OK source="forge_accounts" db=0.0ms
SELECT f0."id", f0."forge_type", f0."namespace", f0."verified_at", f0."metadata", f0."customer_id", f0."inserted_at", f0."updated_at" FROM "forge_accounts" AS f0 WHERE (f0."customer_id" = $1) AND (f0."forge_type" = $2) AND (f0."namespace" = $3) [17638, :github, "RSOLV-dev"]
13:17:07.163 [debug] QUERY OK source="repositories" db=0.0ms
SELECT r0."id", r0."forge_type", r0."namespace", r0."name", r0."full_path", r0."first_seen_at", r0."last_activity_at", r0."metadata", r0."customer_id", r0."inserted_at", r0."updated_at" FROM "repositories" AS r0 WHERE (((r0."forge_type" = $1) AND (r0."namespace" = $2)) AND (r0."name" = $3)) [:github, "RSOLV-dev", "nodegoat-demo"]
13:17:07.163 [debug] QUERY OK source="repositories" db=0.0ms
UPDATE "repositories" SET "last_activity_at" = $1, "updated_at" = $2 WHERE "id" = $3 [~U[2025-08-29 19:17:07.163307Z], ~U[2025-08-29 19:17:07.163313Z], 2603]
13:17:07.163 [debug] QUERY OK source="mitigation_executions" db=0.1ms
INSERT INTO "mitigation_executions" ("data","status","started_at","completed_at","commit_sha","issue_number","pr_url","repository_id","api_key_id","inserted_at","updated_at") VALUES ($1,$2,$3,$4,$5,$6,$7,$8,$9,$10,$11) RETURNING "id" [%{"fixes" => [%{"file" => "app.js", "fixed" => true}], "pr_url" => "https://github.com/RSOLV-dev/nodegoat-demo/pull/456"}, :completed, ~U[2025-08-29 19:17:07.163403Z], ~U[2025-08-29 19:17:07.163404Z], "def456", 123, "https://github.com/RSOLV-dev/nodegoat-demo/pull/456", 2603, 5228, ~U[2025-08-29 19:17:07.163417Z], ~U[2025-08-29 19:17:07.163417Z]]
13:17:07.163 [debug] QUERY OK source="repositories" db=0.0ms
SELECT r0."id", r0."forge_type", r0."namespace", r0."name", r0."full_path", r0."first_seen_at", r0."last_activity_at", r0."metadata", r0."customer_id", r0."inserted_at", r0."updated_at", r0."id" FROM "repositories" AS r0 WHERE (r0."id" = $1) [2603]
13:17:07.163 request_id=GGBS67_WgXGp4TUAAAkY [info] GET /api/v1/phases/retrieve
13:17:07.163 request_id=GGBS67_WgXGp4TUAAAkY [debug] Processing with RsolvWeb.Api.V1.PhaseController.retrieve/2
  Parameters: %{"commit" => "abc123", "issue" => "123", "repo" => "RSOLV-dev/nodegoat-demo"}
  Pipelines: [:api]
13:17:07.163 request_id=GGBS67_WgXGp4TUAAAkY [debug] QUERY OK source="api_keys" db=0.0ms
SELECT a0."id", a0."key", a0."name", a0."permissions", a0."active", a0."last_used_at", a0."expires_at", a0."customer_id", a0."inserted_at", a0."updated_at" FROM "api_keys" AS a0 WHERE ((a0."key" = $1) AND (a0."active" = $2)) ["test_6265d997-e5b6-4592-874c-82781ad499dc", true]
13:17:07.164 request_id=GGBS67_WgXGp4TUAAAkY [debug] QUERY OK source="customers" db=0.0ms
SELECT c0."id", c0."name", c0."email", c0."api_key", c0."monthly_limit", c0."current_usage", c0."active", c0."metadata", c0."github_org", c0."plan", c0."user_id", c0."inserted_at", c0."updated_at", c0."id" FROM "customers" AS c0 WHERE (c0."id" = $1) [17638]
13:17:07.164 request_id=GGBS67_WgXGp4TUAAAkY [debug] QUERY OK source="customers" db=0.0ms
SELECT c0."id", c0."name", c0."email", c0."api_key", c0."monthly_limit", c0."current_usage", c0."active", c0."metadata", c0."github_org", c0."plan", c0."user_id", c0."inserted_at", c0."updated_at" FROM "customers" AS c0 WHERE (c0."id" = $1) [17638]
13:17:07.164 request_id=GGBS67_WgXGp4TUAAAkY [debug] QUERY OK source="forge_accounts" db=0.2ms
SELECT f0."id", f0."forge_type", f0."namespace", f0."verified_at", f0."metadata", f0."customer_id", f0."inserted_at", f0."updated_at" FROM "forge_accounts" AS f0 WHERE (f0."customer_id" = $1) AND (f0."forge_type" = $2) AND (f0."namespace" = $3) [17638, :github, "RSOLV-dev"]
13:17:07.164 request_id=GGBS67_WgXGp4TUAAAkY [debug] QUERY OK source="repositories" db=0.0ms
SELECT r0."id", r0."forge_type", r0."namespace", r0."name", r0."full_path", r0."first_seen_at", r0."last_activity_at", r0."metadata", r0."customer_id", r0."inserted_at", r0."updated_at" FROM "repositories" AS r0 WHERE (((r0."forge_type" = $1) AND (r0."namespace" = $2)) AND (r0."name" = $3)) [:github, "RSOLV-dev", "nodegoat-demo"]
13:17:07.164 request_id=GGBS67_WgXGp4TUAAAkY [debug] QUERY OK source="scan_executions" db=0.1ms
SELECT s0."id", s0."commit_sha", s0."branch", s0."status", s0."vulnerabilities_count", s0."data", s0."started_at", s0."completed_at", s0."error_message", s0."repository_id", s0."api_key_id", s0."inserted_at", s0."updated_at" FROM "scan_executions" AS s0 WHERE ((s0."repository_id" = $1) AND (s0."commit_sha" = $2)) ORDER BY s0."inserted_at" DESC LIMIT 1 [2603, "abc123"]
13:17:07.165 request_id=GGBS67_WgXGp4TUAAAkY [debug] QUERY OK source="validation_executions" db=0.4ms
SELECT v0."id", v0."issue_number", v0."commit_sha", v0."status", v0."validated", v0."vulnerabilities_found", v0."data", v0."started_at", v0."completed_at", v0."error_message", v0."repository_id", v0."api_key_id", v0."inserted_at", v0."updated_at" FROM "validation_executions" AS v0 WHERE ((v0."repository_id" = $1) AND (v0."issue_number" = $2)) ORDER BY v0."inserted_at" DESC LIMIT 1 [2603, 123]
13:17:07.165 request_id=GGBS67_WgXGp4TUAAAkY [debug] QUERY OK source="mitigation_executions" db=0.1ms
SELECT m0."id", m0."issue_number", m0."commit_sha", m0."status", m0."pr_url", m0."pr_number", m0."files_changed", m0."data", m0."started_at", m0."completed_at", m0."error_message", m0."repository_id", m0."api_key_id", m0."inserted_at", m0."updated_at" FROM "mitigation_executions" AS m0 WHERE ((m0."repository_id" = $1) AND (m0."issue_number" = $2)) ORDER BY m0."inserted_at" DESC LIMIT 1 [2603, 123]
13:17:07.165 request_id=GGBS67_WgXGp4TUAAAkY [info] Sent 200 in 1ms
.13:17:07.303 [debug] QUERY OK source="users" db=0.8ms queue=0.3ms
INSERT INTO "users" ("email","hashed_password","inserted_at","updated_at") VALUES ($1,$2,$3,$4) RETURNING "id" ["test@example.com", "$2b$12$.3H4S8M89kDXTykyoxqxsOLssPiLccP5y/m/6fQ6Z9xrd682qcNoe", ~U[2025-08-29 19:17:07Z], ~U[2025-08-29 19:17:07Z]]
13:17:07.304 [debug] QUERY OK source="customers" db=0.4ms queue=0.2ms
INSERT INTO "customers" ("active","name","metadata","plan","api_key","email","user_id","monthly_limit","current_usage","inserted_at","updated_at") VALUES ($1,$2,$3,$4,$5,$6,$7,$8,$9,$10,$11) RETURNING "id" [true, "Test Corp", %{}, "trial", "rsolv_-22FSg6iR8zKbQedTvzdxCyr2kSQNNXUluzOICGXhgs", "test@example.com", 18184, 100, 0, ~N[2025-08-29 19:17:07], ~N[2025-08-29 19:17:07]]
13:17:07.304 [debug] QUERY OK source="api_keys" db=0.2ms queue=0.1ms
INSERT INTO "api_keys" ("active","name","permissions","key","customer_id","inserted_at","updated_at") VALUES ($1,$2,$3,$4,$5,$6,$7) RETURNING "id" [true, "Test Key", [], "test_1037f99a-22a9-4121-8209-8cb3585866cb", 17639, ~U[2025-08-29 19:17:07Z], ~U[2025-08-29 19:17:07Z]]
13:17:07.305 [debug] QUERY OK source="forge_accounts" db=0.3ms queue=0.1ms
INSERT INTO "forge_accounts" ("metadata","namespace","customer_id","forge_type","verified_at","inserted_at","updated_at") VALUES ($1,$2,$3,$4,$5,$6,$7) RETURNING "id" [%{}, "RSOLV-dev", 17639, :github, ~U[2025-08-29 19:17:07.304781Z], ~U[2025-08-29 19:17:07.304809Z], ~U[2025-08-29 19:17:07.304809Z]]
13:17:07.305 request_id=GGBS68hHNfCCqUgAAAcZ [info] GET /api/v1/phases/retrieve
13:17:07.305 request_id=GGBS68hHNfCCqUgAAAcZ [debug] Processing with RsolvWeb.Api.V1.PhaseController.retrieve/2
  Parameters: %{"repo" => "RSOLV-dev/test"}
  Pipelines: [:api]
13:17:07.305 request_id=GGBS68hHNfCCqUgAAAcZ [debug] QUERY OK source="api_keys" db=0.1ms
SELECT a0."id", a0."key", a0."name", a0."permissions", a0."active", a0."last_used_at", a0."expires_at", a0."customer_id", a0."inserted_at", a0."updated_at" FROM "api_keys" AS a0 WHERE ((a0."key" = $1) AND (a0."active" = $2)) ["test_1037f99a-22a9-4121-8209-8cb3585866cb", true]
13:17:07.306 request_id=GGBS68hHNfCCqUgAAAcZ [debug] QUERY OK source="customers" db=0.2ms
SELECT c0."id", c0."name", c0."email", c0."api_key", c0."monthly_limit", c0."current_usage", c0."active", c0."metadata", c0."github_org", c0."plan", c0."user_id", c0."inserted_at", c0."updated_at", c0."id" FROM "customers" AS c0 WHERE (c0."id" = $1) [17639]
13:17:07.306 request_id=GGBS68hHNfCCqUgAAAcZ [info] Sent 400 in 661µs
.13:17:07.443 [debug] QUERY OK source="users" db=0.4ms queue=0.2ms
INSERT INTO "users" ("email","hashed_password","inserted_at","updated_at") VALUES ($1,$2,$3,$4) RETURNING "id" ["test@example.com", "$2b$12$WJbhaU.VuN3tuO5qSYgV1ezv.N1yZxafJGvzjofPaOnEE5MY8UJnO", ~U[2025-08-29 19:17:07Z], ~U[2025-08-29 19:17:07Z]]
13:17:07.444 [debug] QUERY OK source="customers" db=0.5ms queue=0.1ms
INSERT INTO "customers" ("active","name","metadata","plan","api_key","email","user_id","monthly_limit","current_usage","inserted_at","updated_at") VALUES ($1,$2,$3,$4,$5,$6,$7,$8,$9,$10,$11) RETURNING "id" [true, "Test Corp", %{}, "trial", "rsolv_QyFS5OdcGZ7lu0493V8hpB5L5k6rH_FzFwHqnr9Fctg", "test@example.com", 18185, 100, 0, ~N[2025-08-29 19:17:07], ~N[2025-08-29 19:17:07]]
13:17:07.444 [debug] QUERY OK source="api_keys" db=0.3ms queue=0.1ms
INSERT INTO "api_keys" ("active","name","permissions","key","customer_id","inserted_at","updated_at") VALUES ($1,$2,$3,$4,$5,$6,$7) RETURNING "id" [true, "Test Key", [], "test_f15d95c1-abc8-41fc-b9d0-793ff750368b", 17640, ~U[2025-08-29 19:17:07Z], ~U[2025-08-29 19:17:07Z]]
13:17:07.445 [debug] QUERY OK source="forge_accounts" db=0.3ms queue=0.2ms
INSERT INTO "forge_accounts" ("metadata","namespace","customer_id","forge_type","verified_at","inserted_at","updated_at") VALUES ($1,$2,$3,$4,$5,$6,$7) RETURNING "id" [%{}, "RSOLV-dev", 17640, :github, ~U[2025-08-29 19:17:07.444770Z], ~U[2025-08-29 19:17:07.444813Z], ~U[2025-08-29 19:17:07.444813Z]]
13:17:07.445 request_id=GGBS69ChKqJP1YUAAEID [info] GET /api/v1/phases/retrieve
13:17:07.445 request_id=GGBS69ChKqJP1YUAAEID [debug] Processing with RsolvWeb.Api.V1.PhaseController.retrieve/2
  Parameters: %{"commit" => "xyz789", "issue" => "999", "repo" => "RSOLV-dev/new-repo"}
  Pipelines: [:api]
13:17:07.445 request_id=GGBS69ChKqJP1YUAAEID [debug] QUERY OK source="api_keys" db=0.1ms
SELECT a0."id", a0."key", a0."name", a0."permissions", a0."active", a0."last_used_at", a0."expires_at", a0."customer_id", a0."inserted_at", a0."updated_at" FROM "api_keys" AS a0 WHERE ((a0."key" = $1) AND (a0."active" = $2)) ["test_f15d95c1-abc8-41fc-b9d0-793ff750368b", true]
13:17:07.446 request_id=GGBS69ChKqJP1YUAAEID [debug] QUERY OK source="customers" db=0.1ms
SELECT c0."id", c0."name", c0."email", c0."api_key", c0."monthly_limit", c0."current_usage", c0."active", c0."metadata", c0."github_org", c0."plan", c0."user_id", c0."inserted_at", c0."updated_at", c0."id" FROM "customers" AS c0 WHERE (c0."id" = $1) [17640]
13:17:07.446 request_id=GGBS69ChKqJP1YUAAEID [debug] QUERY OK source="customers" db=0.1ms
SELECT c0."id", c0."name", c0."email", c0."api_key", c0."monthly_limit", c0."current_usage", c0."active", c0."metadata", c0."github_org", c0."plan", c0."user_id", c0."inserted_at", c0."updated_at" FROM "customers" AS c0 WHERE (c0."id" = $1) [17640]
13:17:07.446 request_id=GGBS69ChKqJP1YUAAEID [debug] QUERY OK source="forge_accounts" db=0.5ms
SELECT f0."id", f0."forge_type", f0."namespace", f0."verified_at", f0."metadata", f0."customer_id", f0."inserted_at", f0."updated_at" FROM "forge_accounts" AS f0 WHERE (f0."customer_id" = $1) AND (f0."forge_type" = $2) AND (f0."namespace" = $3) [17640, :github, "RSOLV-dev"]
13:17:07.447 request_id=GGBS69ChKqJP1YUAAEID [debug] QUERY OK source="repositories" db=0.3ms
SELECT r0."id", r0."forge_type", r0."namespace", r0."name", r0."full_path", r0."first_seen_at", r0."last_activity_at", r0."metadata", r0."customer_id", r0."inserted_at", r0."updated_at" FROM "repositories" AS r0 WHERE (((r0."forge_type" = $1) AND (r0."namespace" = $2)) AND (r0."name" = $3)) [:github, "RSOLV-dev", "new-repo"]
13:17:07.447 request_id=GGBS69ChKqJP1YUAAEID [info] Sent 200 in 1ms
.13:17:07.584 [debug] QUERY OK source="users" db=0.5ms queue=0.2ms
INSERT INTO "users" ("email","hashed_password","inserted_at","updated_at") VALUES ($1,$2,$3,$4) RETURNING "id" ["test@example.com", "$2b$12$PVczZG.yS1MVBZoGN2ulyOde5pEePVLd46muE4ULzYpn/rVdXtJr6", ~U[2025-08-29 19:17:07Z], ~U[2025-08-29 19:17:07Z]]
13:17:07.585 [debug] QUERY OK source="customers" db=0.4ms queue=0.1ms
INSERT INTO "customers" ("active","name","metadata","plan","api_key","email","user_id","monthly_limit","current_usage","inserted_at","updated_at") VALUES ($1,$2,$3,$4,$5,$6,$7,$8,$9,$10,$11) RETURNING "id" [true, "Test Corp", %{}, "trial", "rsolv_lr0Dz-3CXQzICc3Log-DZXSNuWFcmtBM7_JLToMlifc", "test@example.com", 18186, 100, 0, ~N[2025-08-29 19:17:07], ~N[2025-08-29 19:17:07]]
13:17:07.586 [debug] QUERY OK source="api_keys" db=0.1ms queue=0.1ms
INSERT INTO "api_keys" ("active","name","permissions","key","customer_id","inserted_at","updated_at") VALUES ($1,$2,$3,$4,$5,$6,$7) RETURNING "id" [true, "Test Key", [], "test_4913ea76-f0cd-4e98-acb8-9f5531bbddb3", 17641, ~U[2025-08-29 19:17:07Z], ~U[2025-08-29 19:17:07Z]]
13:17:07.586 [debug] QUERY OK source="forge_accounts" db=0.1ms
INSERT INTO "forge_accounts" ("metadata","namespace","customer_id","forge_type","verified_at","inserted_at","updated_at") VALUES ($1,$2,$3,$4,$5,$6,$7) RETURNING "id" [%{}, "RSOLV-dev", 17641, :github, ~U[2025-08-29 19:17:07.586152Z], ~U[2025-08-29 19:17:07.586176Z], ~U[2025-08-29 19:17:07.586176Z]]
13:17:07.586 request_id=GGBS69kHzq99WkUAAAmY [info] GET /api/v1/phases/retrieve
13:17:07.586 request_id=GGBS69kHzq99WkUAAAmY [debug] Processing with RsolvWeb.Api.V1.PhaseController.retrieve/2
  Parameters: %{"commit" => "abc123", "issue" => "123", "repo" => "OTHER-org/test"}
  Pipelines: [:api]
13:17:07.586 request_id=GGBS69kHzq99WkUAAAmY [debug] QUERY OK source="api_keys" db=0.0ms
SELECT a0."id", a0."key", a0."name", a0."permissions", a0."active", a0."last_used_at", a0."expires_at", a0."customer_id", a0."inserted_at", a0."updated_at" FROM "api_keys" AS a0 WHERE ((a0."key" = $1) AND (a0."active" = $2)) ["test_4913ea76-f0cd-4e98-acb8-9f5531bbddb3", true]
13:17:07.586 request_id=GGBS69kHzq99WkUAAAmY [debug] QUERY OK source="customers" db=0.0ms
SELECT c0."id", c0."name", c0."email", c0."api_key", c0."monthly_limit", c0."current_usage", c0."active", c0."metadata", c0."github_org", c0."plan", c0."user_id", c0."inserted_at", c0."updated_at", c0."id" FROM "customers" AS c0 WHERE (c0."id" = $1) [17641]
13:17:07.586 request_id=GGBS69kHzq99WkUAAAmY [debug] QUERY OK source="customers" db=0.0ms
SELECT c0."id", c0."name", c0."email", c0."api_key", c0."monthly_limit", c0."current_usage", c0."active", c0."metadata", c0."github_org", c0."plan", c0."user_id", c0."inserted_at", c0."updated_at" FROM "customers" AS c0 WHERE (c0."id" = $1) [17641]
13:17:07.587 request_id=GGBS69kHzq99WkUAAAmY [debug] QUERY OK source="forge_accounts" db=0.1ms
SELECT f0."id", f0."forge_type", f0."namespace", f0."verified_at", f0."metadata", f0."customer_id", f0."inserted_at", f0."updated_at" FROM "forge_accounts" AS f0 WHERE (f0."customer_id" = $1) AND (f0."forge_type" = $2) AND (f0."namespace" = $3) [17641, :github, "OTHER-org"]
13:17:07.587 request_id=GGBS69kHzq99WkUAAAmY [info] Sent 403 in 677µs
..13:17:07.589 [debug] QUERY OK db=1.1ms queue=0.5ms
SELECT table_name 
FROM information_schema.tables 
WHERE table_schema = 'public' 
AND table_type = 'BASE TABLE'
ORDER BY table_name
 []
....................13:17:07.590 [debug] QUERY OK source="users" db=0.4ms queue=0.1ms
INSERT INTO "users" ("email","hashed_password","inserted_at","updated_at") VALUES ($1,$2,$3,$4) RETURNING "id" ["test1048@example.com", "dummy_hash", ~U[2025-08-29 19:17:07Z], ~U[2025-08-29 19:17:07Z]]
13:17:07.591 [debug] QUERY OK source="customers" db=0.2ms queue=0.1ms
INSERT INTO "customers" ("active","name","metadata","plan","api_key","email","user_id","monthly_limit","current_usage","inserted_at","updated_at") VALUES ($1,$2,$3,$4,$5,$6,$7,$8,$9,$10,$11) RETURNING "id" [true, "Test Customer 1048", %{}, "standard", "test_api_key_1048", "test1048@example.com", 18187, 100, 0, ~N[2025-08-29 19:17:07], ~N[2025-08-29 19:17:07]]
13:17:07.591 [debug] QUERY OK source="forge_accounts" db=0.1ms queue=0.1ms
INSERT INTO "forge_accounts" ("metadata","namespace","customer_id","forge_type","verified_at","inserted_at","updated_at") VALUES ($1,$2,$3,$4,$5,$6,$7) RETURNING "id" [%{}, "test-org-1048", 17642, :github, ~U[2025-08-29 19:17:07.591457Z], ~U[2025-08-29 19:17:07.591463Z], ~U[2025-08-29 19:17:07.591463Z]]
13:17:07.600 [debug] QUERY OK source="cached_validations" db=1.4ms queue=0.2ms
INSERT INTO "cached_validations" ("reason","cache_key","repository","confidence","forge_account_id","locations","vulnerability_type","file_hashes","is_false_positive","ttl_expires_at","cached_at","inserted_at","updated_at") VALUES ($1,$2,$3,$4,$5,$6,$7,$8,$9,$10,$11,$12,$13) ON CONFLICT ("cache_key") DO UPDATE SET "updated_at" = EXCLUDED."updated_at","inserted_at" = EXCLUDED."inserted_at","forge_account_id" = EXCLUDED."forge_account_id","invalidation_reason" = EXCLUDED."invalidation_reason","invalidated_at" = EXCLUDED."invalidated_at","ttl_expires_at" = EXCLUDED."ttl_expires_at","cached_at" = EXCLUDED."cached_at","full_result" = EXCLUDED."full_result","reason" = EXCLUDED."reason","confidence" = EXCLUDED."confidence","is_false_positive" = EXCLUDED."is_false_positive","file_hashes" = EXCLUDED."file_hashes","locations" = EXCLUDED."locations","vulnerability_type" = EXCLUDED."vulnerability_type","repository" = EXCLUDED."repository","cache_key" = EXCLUDED."cache_key" RETURNING "id","updated_at","inserted_at","forge_account_id","invalidation_reason","invalidated_at","ttl_expires_at","cached_at","full_result","reason","confidence","is_false_positive","file_hashes","locations","vulnerability_type","repository","cache_key" ["No user input flow detected", "15794/RSOLV-dev/nodegoat/[app.js:42]:sql-injection", "RSOLV-dev/nodegoat", Decimal.new("0.95"), 15794, [%{line: 42, file_path: "app.js"}], "sql-injection", %{"app.js" => "sha256:abc123"}, true, ~U[2025-11-27 19:17:07.594681Z], ~U[2025-08-29 19:17:07.594681Z], ~U[2025-08-29 19:17:07.597829Z], ~U[2025-08-29 19:17:07.597829Z]]
13:17:07.601 [debug] Cached validation stored
.13:17:07.601 [debug] QUERY OK source="users" db=0.2ms queue=0.1ms
INSERT INTO "users" ("email","hashed_password","inserted_at","updated_at") VALUES ($1,$2,$3,$4) RETURNING "id" ["test1176@example.com", "dummy_hash", ~U[2025-08-29 19:17:07Z], ~U[2025-08-29 19:17:07Z]]
13:17:07.602 [debug] QUERY OK source="customers" db=0.2ms queue=0.1ms
INSERT INTO "customers" ("active","name","metadata","plan","api_key","email","user_id","monthly_limit","current_usage","inserted_at","updated_at") VALUES ($1,$2,$3,$4,$5,$6,$7,$8,$9,$10,$11) RETURNING "id" [true, "Test Customer 1176", %{}, "standard", "test_api_key_1176", "test1176@example.com", 18188, 100, 0, ~N[2025-08-29 19:17:07], ~N[2025-08-29 19:17:07]]
13:17:07.602 [debug] QUERY OK source="forge_accounts" db=0.1ms
INSERT INTO "forge_accounts" ("metadata","namespace","customer_id","forge_type","verified_at","inserted_at","updated_at") VALUES ($1,$2,$3,$4,$5,$6,$7) RETURNING "id" [%{}, "test-org-1176", 17643, :github, ~U[2025-08-29 19:17:07.602251Z], ~U[2025-08-29 19:17:07.602259Z], ~U[2025-08-29 19:17:07.602259Z]]
13:17:07.602 [debug] QUERY OK source="cached_validations" db=0.2ms queue=0.1ms
INSERT INTO "cached_validations" ("reason","cache_key","repository","confidence","forge_account_id","locations","vulnerability_type","file_hashes","is_false_positive","ttl_expires_at","cached_at","inserted_at","updated_at") VALUES ($1,$2,$3,$4,$5,$6,$7,$8,$9,$10,$11,$12,$13) ON CONFLICT ("cache_key") DO UPDATE SET "updated_at" = EXCLUDED."updated_at","inserted_at" = EXCLUDED."inserted_at","forge_account_id" = EXCLUDED."forge_account_id","invalidation_reason" = EXCLUDED."invalidation_reason","invalidated_at" = EXCLUDED."invalidated_at","ttl_expires_at" = EXCLUDED."ttl_expires_at","cached_at" = EXCLUDED."cached_at","full_result" = EXCLUDED."full_result","reason" = EXCLUDED."reason","confidence" = EXCLUDED."confidence","is_false_positive" = EXCLUDED."is_false_positive","file_hashes" = EXCLUDED."file_hashes","locations" = EXCLUDED."locations","vulnerability_type" = EXCLUDED."vulnerability_type","repository" = EXCLUDED."repository","cache_key" = EXCLUDED."cache_key" RETURNING "id","updated_at","inserted_at","forge_account_id","invalidation_reason","invalidated_at","ttl_expires_at","cached_at","full_result","reason","confidence","is_false_positive","file_hashes","locations","vulnerability_type","repository","cache_key" ["No user input flow detected", "15795/RSOLV-dev/nodegoat/[app.js:42]:sql-injection", "RSOLV-dev/nodegoat", Decimal.new("0.95"), 15795, [%{line: 42, file_path: "app.js"}], "sql-injection", %{"app.js" => "sha256:abc123"}, true, ~U[2025-11-27 19:17:07.602513Z], ~U[2025-08-29 19:17:07.602513Z], ~U[2025-08-29 19:17:07.602550Z], ~U[2025-08-29 19:17:07.602550Z]]
13:17:07.602 [debug] Cached validation stored
13:17:07.603 [debug] QUERY OK source="cached_validations" db=0.1ms
INSERT INTO "cached_validations" ("reason","cache_key","repository","confidence","forge_account_id","locations","vulnerability_type","file_hashes","is_false_positive","ttl_expires_at","cached_at","inserted_at","updated_at") VALUES ($1,$2,$3,$4,$5,$6,$7,$8,$9,$10,$11,$12,$13) ON CONFLICT ("cache_key") DO UPDATE SET "updated_at" = EXCLUDED."updated_at","inserted_at" = EXCLUDED."inserted_at","forge_account_id" = EXCLUDED."forge_account_id","invalidation_reason" = EXCLUDED."invalidation_reason","invalidated_at" = EXCLUDED."invalidated_at","ttl_expires_at" = EXCLUDED."ttl_expires_at","cached_at" = EXCLUDED."cached_at","full_result" = EXCLUDED."full_result","reason" = EXCLUDED."reason","confidence" = EXCLUDED."confidence","is_false_positive" = EXCLUDED."is_false_positive","file_hashes" = EXCLUDED."file_hashes","locations" = EXCLUDED."locations","vulnerability_type" = EXCLUDED."vulnerability_type","repository" = EXCLUDED."repository","cache_key" = EXCLUDED."cache_key" RETURNING "id","updated_at","inserted_at","forge_account_id","invalidation_reason","invalidated_at","ttl_expires_at","cached_at","full_result","reason","confidence","is_false_positive","file_hashes","locations","vulnerability_type","repository","cache_key" ["No user input flow detected", "15795/RSOLV-dev/nodegoat/[app.js:42]:sql-injection", "RSOLV-dev/nodegoat", Decimal.new("0.99"), 15795, [%{line: 42, file_path: "app.js"}], "sql-injection", %{"app.js" => "sha256:abc123"}, true, ~U[2025-11-27 19:17:07.602994Z], ~U[2025-08-29 19:17:07.602994Z], ~U[2025-08-29 19:17:07.603038Z], ~U[2025-08-29 19:17:07.603038Z]]
13:17:07.603 [debug] Cached validation stored
.13:17:07.603 [debug] QUERY OK source="users" db=0.0ms
INSERT INTO "users" ("email","hashed_password","inserted_at","updated_at") VALUES ($1,$2,$3,$4) RETURNING "id" ["test1304@example.com", "dummy_hash", ~U[2025-08-29 19:17:07Z], ~U[2025-08-29 19:17:07Z]]
13:17:07.603 [debug] QUERY OK source="customers" db=0.0ms
INSERT INTO "customers" ("active","name","metadata","plan","api_key","email","user_id","monthly_limit","current_usage","inserted_at","updated_at") VALUES ($1,$2,$3,$4,$5,$6,$7,$8,$9,$10,$11) RETURNING "id" [true, "Test Customer 1304", %{}, "standard", "test_api_key_1304", "test1304@example.com", 18189, 100, 0, ~N[2025-08-29 19:17:07], ~N[2025-08-29 19:17:07]]
13:17:07.603 [debug] QUERY OK source="forge_accounts" db=0.0ms
INSERT INTO "forge_accounts" ("metadata","namespace","customer_id","forge_type","verified_at","inserted_at","updated_at") VALUES ($1,$2,$3,$4,$5,$6,$7) RETURNING "id" [%{}, "test-org-1304", 17644, :github, ~U[2025-08-29 19:17:07.603688Z], ~U[2025-08-29 19:17:07.603692Z], ~U[2025-08-29 19:17:07.603692Z]]
13:17:07.604 [debug] QUERY OK source="cached_validations" db=0.2ms queue=0.1ms
INSERT INTO "cached_validations" ("reason","cache_key","repository","confidence","forge_account_id","locations","vulnerability_type","file_hashes","is_false_positive","ttl_expires_at","cached_at","inserted_at","updated_at") VALUES ($1,$2,$3,$4,$5,$6,$7,$8,$9,$10,$11,$12,$13) ON CONFLICT ("cache_key") DO UPDATE SET "updated_at" = EXCLUDED."updated_at","inserted_at" = EXCLUDED."inserted_at","forge_account_id" = EXCLUDED."forge_account_id","invalidation_reason" = EXCLUDED."invalidation_reason","invalidated_at" = EXCLUDED."invalidated_at","ttl_expires_at" = EXCLUDED."ttl_expires_at","cached_at" = EXCLUDED."cached_at","full_result" = EXCLUDED."full_result","reason" = EXCLUDED."reason","confidence" = EXCLUDED."confidence","is_false_positive" = EXCLUDED."is_false_positive","file_hashes" = EXCLUDED."file_hashes","locations" = EXCLUDED."locations","vulnerability_type" = EXCLUDED."vulnerability_type","repository" = EXCLUDED."repository","cache_key" = EXCLUDED."cache_key" RETURNING "id","updated_at","inserted_at","forge_account_id","invalidation_reason","invalidated_at","ttl_expires_at","cached_at","full_result","reason","confidence","is_false_positive","file_hashes","locations","vulnerability_type","repository","cache_key" ["No user input flow detected", "15796/RSOLV-dev/nodegoat/[app.js:42]:sql-injection", "RSOLV-dev/nodegoat", Decimal.new("0.95"), 15796, [%{line: 42, file_path: "app.js"}], "sql-injection", %{"app.js" => "sha256:abc123"}, true, ~U[2025-11-27 19:17:07.603799Z], ~U[2025-08-29 19:17:07.603799Z], ~U[2025-08-29 19:17:07.603840Z], ~U[2025-08-29 19:17:07.603840Z]]
13:17:07.604 [debug] Cached validation stored
.13:17:07.604 [debug] QUERY OK source="users" db=0.0ms
INSERT INTO "users" ("email","hashed_password","inserted_at","updated_at") VALUES ($1,$2,$3,$4) RETURNING "id" ["test17028@example.com", "dummy_hash", ~U[2025-08-29 19:17:07Z], ~U[2025-08-29 19:17:07Z]]
13:17:07.604 [debug] QUERY OK source="customers" db=0.0ms
INSERT INTO "customers" ("active","name","metadata","plan","api_key","email","user_id","monthly_limit","current_usage","inserted_at","updated_at") VALUES ($1,$2,$3,$4,$5,$6,$7,$8,$9,$10,$11) RETURNING "id" [true, "Test Customer 17028", %{}, "standard", "test_api_key_17028", "test17028@example.com", 18190, 100, 0, ~N[2025-08-29 19:17:07], ~N[2025-08-29 19:17:07]]
13:17:07.604 [debug] QUERY OK source="forge_accounts" db=0.0ms
INSERT INTO "forge_accounts" ("metadata","namespace","customer_id","forge_type","verified_at","inserted_at","updated_at") VALUES ($1,$2,$3,$4,$5,$6,$7) RETURNING "id" [%{}, "test-org-17028", 17645, :github, ~U[2025-08-29 19:17:07.604647Z], ~U[2025-08-29 19:17:07.604655Z], ~U[2025-08-29 19:17:07.604655Z]]
13:17:07.605 [debug] QUERY OK source="cached_validations" db=0.2ms queue=0.1ms
INSERT INTO "cached_validations" ("reason","cache_key","repository","confidence","forge_account_id","locations","vulnerability_type","file_hashes","is_false_positive","ttl_expires_at","cached_at","inserted_at","updated_at") VALUES ($1,$2,$3,$4,$5,$6,$7,$8,$9,$10,$11,$12,$13) ON CONFLICT ("cache_key") DO UPDATE SET "updated_at" = EXCLUDED."updated_at","inserted_at" = EXCLUDED."inserted_at","forge_account_id" = EXCLUDED."forge_account_id","invalidation_reason" = EXCLUDED."invalidation_reason","invalidated_at" = EXCLUDED."invalidated_at","ttl_expires_at" = EXCLUDED."ttl_expires_at","cached_at" = EXCLUDED."cached_at","full_result" = EXCLUDED."full_result","reason" = EXCLUDED."reason","confidence" = EXCLUDED."confidence","is_false_positive" = EXCLUDED."is_false_positive","file_hashes" = EXCLUDED."file_hashes","locations" = EXCLUDED."locations","vulnerability_type" = EXCLUDED."vulnerability_type","repository" = EXCLUDED."repository","cache_key" = EXCLUDED."cache_key" RETURNING "id","updated_at","inserted_at","forge_account_id","invalidation_reason","invalidated_at","ttl_expires_at","cached_at","full_result","reason","confidence","is_false_positive","file_hashes","locations","vulnerability_type","repository","cache_key" ["No user input flow detected", "15797/RSOLV-dev/nodegoat/[app.js:42,lib/db.js:10]:sql-injection", "RSOLV-dev/nodegoat", Decimal.new("0.95"), 15797, [%{line: 42, file_path: "app.js"}, %{line: 10, file_path: "lib/db.js"}], "sql-injection", %{"app.js" => "sha256:abc123", "lib/db.js" => "sha256:def456"}, true, ~U[2025-11-27 19:17:07.604758Z], ~U[2025-08-29 19:17:07.604758Z], ~U[2025-08-29 19:17:07.604789Z], ~U[2025-08-29 19:17:07.604789Z]]
13:17:07.605 [debug] Cached validation stored
.13:17:07.605 [debug] QUERY OK source="users" db=0.0ms
INSERT INTO "users" ("email","hashed_password","inserted_at","updated_at") VALUES ($1,$2,$3,$4) RETURNING "id" ["test1687@example.com", "dummy_hash", ~U[2025-08-29 19:17:07Z], ~U[2025-08-29 19:17:07Z]]
13:17:07.605 [debug] QUERY OK source="customers" db=0.0ms
INSERT INTO "customers" ("active","name","metadata","plan","api_key","email","user_id","monthly_limit","current_usage","inserted_at","updated_at") VALUES ($1,$2,$3,$4,$5,$6,$7,$8,$9,$10,$11) RETURNING "id" [true, "Test Customer 1687", %{}, "standard", "test_api_key_1687", "test1687@example.com", 18191, 100, 0, ~N[2025-08-29 19:17:07], ~N[2025-08-29 19:17:07]]
13:17:07.605 [debug] QUERY OK source="forge_accounts" db=0.0ms
INSERT INTO "forge_accounts" ("metadata","namespace","customer_id","forge_type","verified_at","inserted_at","updated_at") VALUES ($1,$2,$3,$4,$5,$6,$7) RETURNING "id" [%{}, "test-org-1687", 17646, :github, ~U[2025-08-29 19:17:07.605628Z], ~U[2025-08-29 19:17:07.605636Z], ~U[2025-08-29 19:17:07.605636Z]]
13:17:07.606 [debug] QUERY OK source="cached_validations" db=0.2ms queue=0.1ms
INSERT INTO "cached_validations" ("reason","cache_key","full_result","repository","confidence","forge_account_id","locations","vulnerability_type","file_hashes","is_false_positive","ttl_expires_at","cached_at","inserted_at","updated_at") VALUES ($1,$2,$3,$4,$5,$6,$7,$8,$9,$10,$11,$12,$13,$14) ON CONFLICT ("cache_key") DO UPDATE SET "updated_at" = EXCLUDED."updated_at","inserted_at" = EXCLUDED."inserted_at","forge_account_id" = EXCLUDED."forge_account_id","invalidation_reason" = EXCLUDED."invalidation_reason","invalidated_at" = EXCLUDED."invalidated_at","ttl_expires_at" = EXCLUDED."ttl_expires_at","cached_at" = EXCLUDED."cached_at","full_result" = EXCLUDED."full_result","reason" = EXCLUDED."reason","confidence" = EXCLUDED."confidence","is_false_positive" = EXCLUDED."is_false_positive","file_hashes" = EXCLUDED."file_hashes","locations" = EXCLUDED."locations","vulnerability_type" = EXCLUDED."vulnerability_type","repository" = EXCLUDED."repository","cache_key" = EXCLUDED."cache_key" RETURNING "id","updated_at","inserted_at","forge_account_id","invalidation_reason","invalidated_at","ttl_expires_at","cached_at","full_result","reason","confidence","is_false_positive","file_hashes","locations","vulnerability_type","repository","cache_key" ["No user input flow detected", "15798/RSOLV-dev/nodegoat/[app.js:42]:sql-injection", %{"astContext" => %{"hasValidation" => true, "inUserInputFlow" => false}, "originalCode" => "db.query(userInput)"}, "RSOLV-dev/nodegoat", Decimal.new("0.95"), 15798, [%{line: 42, file_path: "app.js"}], "sql-injection", %{"app.js" => "sha256:abc123"}, true, ~U[2025-11-27 19:17:07.605739Z], ~U[2025-08-29 19:17:07.605739Z], ~U[2025-08-29 19:17:07.605769Z], ~U[2025-08-29 19:17:07.605769Z]]
13:17:07.606 [debug] Cached validation stored
.13:17:07.606 [debug] QUERY OK source="users" db=0.0ms
INSERT INTO "users" ("email","hashed_password","inserted_at","updated_at") VALUES ($1,$2,$3,$4) RETURNING "id" ["test17156@example.com", "dummy_hash", ~U[2025-08-29 19:17:07Z], ~U[2025-08-29 19:17:07Z]]
13:17:07.606 [debug] QUERY OK source="customers" db=0.1ms
INSERT INTO "customers" ("active","name","metadata","plan","api_key","email","user_id","monthly_limit","current_usage","inserted_at","updated_at") VALUES ($1,$2,$3,$4,$5,$6,$7,$8,$9,$10,$11) RETURNING "id" [true, "Test Customer 17156", %{}, "standard", "test_api_key_17156", "test17156@example.com", 18192, 100, 0, ~N[2025-08-29 19:17:07], ~N[2025-08-29 19:17:07]]
13:17:07.606 [debug] QUERY OK source="forge_accounts" db=0.0ms
INSERT INTO "forge_accounts" ("metadata","namespace","customer_id","forge_type","verified_at","inserted_at","updated_at") VALUES ($1,$2,$3,$4,$5,$6,$7) RETURNING "id" [%{}, "test-org-17156", 17647, :github, ~U[2025-08-29 19:17:07.606613Z], ~U[2025-08-29 19:17:07.606619Z], ~U[2025-08-29 19:17:07.606619Z]]
13:17:07.606 [warning] Failed to store cached validation
.13:17:07.607 [debug] QUERY OK source="users" db=0.1ms
INSERT INTO "users" ("email","hashed_password","inserted_at","updated_at") VALUES ($1,$2,$3,$4) RETURNING "id" ["test1815@example.com", "dummy_hash", ~U[2025-08-29 19:17:07Z], ~U[2025-08-29 19:17:07Z]]
13:17:07.608 [debug] QUERY OK source="customers" db=0.1ms
INSERT INTO "customers" ("active","name","metadata","plan","api_key","email","user_id","monthly_limit","current_usage","inserted_at","updated_at") VALUES ($1,$2,$3,$4,$5,$6,$7,$8,$9,$10,$11) RETURNING "id" [true, "Test Customer 1815", %{}, "standard", "test_api_key_1815", "test1815@example.com", 18193, 100, 0, ~N[2025-08-29 19:17:07], ~N[2025-08-29 19:17:07]]
13:17:07.608 [debug] QUERY OK source="forge_accounts" db=0.0ms
INSERT INTO "forge_accounts" ("metadata","namespace","customer_id","forge_type","verified_at","inserted_at","updated_at") VALUES ($1,$2,$3,$4,$5,$6,$7) RETURNING "id" [%{}, "test-org-1815", 17648, :github, ~U[2025-08-29 19:17:07.608144Z], ~U[2025-08-29 19:17:07.608151Z], ~U[2025-08-29 19:17:07.608151Z]]
13:17:07.608 [debug] QUERY OK source="cached_validations" db=0.2ms queue=0.1ms
INSERT INTO "cached_validations" ("reason","cache_key","repository","confidence","forge_account_id","locations","vulnerability_type","file_hashes","is_false_positive","ttl_expires_at","cached_at","inserted_at","updated_at") VALUES ($1,$2,$3,$4,$5,$6,$7,$8,$9,$10,$11,$12,$13) ON CONFLICT ("cache_key") DO UPDATE SET "updated_at" = EXCLUDED."updated_at","inserted_at" = EXCLUDED."inserted_at","forge_account_id" = EXCLUDED."forge_account_id","invalidation_reason" = EXCLUDED."invalidation_reason","invalidated_at" = EXCLUDED."invalidated_at","ttl_expires_at" = EXCLUDED."ttl_expires_at","cached_at" = EXCLUDED."cached_at","full_result" = EXCLUDED."full_result","reason" = EXCLUDED."reason","confidence" = EXCLUDED."confidence","is_false_positive" = EXCLUDED."is_false_positive","file_hashes" = EXCLUDED."file_hashes","locations" = EXCLUDED."locations","vulnerability_type" = EXCLUDED."vulnerability_type","repository" = EXCLUDED."repository","cache_key" = EXCLUDED."cache_key" RETURNING "id","updated_at","inserted_at","forge_account_id","invalidation_reason","invalidated_at","ttl_expires_at","cached_at","full_result","reason","confidence","is_false_positive","file_hashes","locations","vulnerability_type","repository","cache_key" ["No user input flow detected", "15800/RSOLV-dev/nodegoat/[app.js:42]:sql-injection", "RSOLV-dev/nodegoat", Decimal.new("0.95"), 15800, [%{line: 42, file_path: "app.js"}], "sql-injection", %{"app.js" => "sha256:abc123"}, true, ~U[2025-11-27 19:17:07.608266Z], ~U[2025-08-29 19:17:07.608266Z], ~U[2025-08-29 19:17:07.608298Z], ~U[2025-08-29 19:17:07.608298Z]]
13:17:07.608 [debug] Cached validation stored
.13:17:07.608 [debug] QUERY OK source="users" db=0.1ms
INSERT INTO "users" ("email","hashed_password","inserted_at","updated_at") VALUES ($1,$2,$3,$4) RETURNING "id" ["test1943@example.com", "dummy_hash", ~U[2025-08-29 19:17:07Z], ~U[2025-08-29 19:17:07Z]]
13:17:07.609 [debug] QUERY OK source="customers" db=0.2ms
INSERT INTO "customers" ("active","name","metadata","plan","api_key","email","user_id","monthly_limit","current_usage","inserted_at","updated_at") VALUES ($1,$2,$3,$4,$5,$6,$7,$8,$9,$10,$11) RETURNING "id" [true, "Test Customer 1943", %{}, "standard", "test_api_key_1943", "test1943@example.com", 18194, 100, 0, ~N[2025-08-29 19:17:07], ~N[2025-08-29 19:17:07]]
13:17:07.609 [debug] QUERY OK source="forge_accounts" db=0.1ms
INSERT INTO "forge_accounts" ("metadata","namespace","customer_id","forge_type","verified_at","inserted_at","updated_at") VALUES ($1,$2,$3,$4,$5,$6,$7) RETURNING "id" [%{}, "test-org-1943", 17649, :github, ~U[2025-08-29 19:17:07.609358Z], ~U[2025-08-29 19:17:07.609369Z], ~U[2025-08-29 19:17:07.609369Z]]
13:17:07.609 [debug] QUERY OK source="users" db=0.1ms
INSERT INTO "users" ("email","hashed_password","inserted_at","updated_at") VALUES ($1,$2,$3,$4) RETURNING "id" ["test2585@example.com", "dummy_hash", ~U[2025-08-29 19:17:07Z], ~U[2025-08-29 19:17:07Z]]
13:17:07.610 [debug] QUERY OK source="customers" db=0.1ms
INSERT INTO "customers" ("active","name","metadata","plan","api_key","email","user_id","monthly_limit","current_usage","inserted_at","updated_at") VALUES ($1,$2,$3,$4,$5,$6,$7,$8,$9,$10,$11) RETURNING "id" [true, "Test Customer 2585", %{}, "standard", "test_api_key_2585", "test2585@example.com", 18195, 100, 0, ~N[2025-08-29 19:17:07], ~N[2025-08-29 19:17:07]]
13:17:07.610 [debug] QUERY OK source="forge_accounts" db=0.1ms
INSERT INTO "forge_accounts" ("metadata","namespace","customer_id","forge_type","verified_at","inserted_at","updated_at") VALUES ($1,$2,$3,$4,$5,$6,$7) RETURNING "id" [%{}, "test-org-2585", 17650, :github, ~U[2025-08-29 19:17:07.610071Z], ~U[2025-08-29 19:17:07.610083Z], ~U[2025-08-29 19:17:07.610083Z]]
13:17:07.610 [debug] QUERY OK source="cached_validations" db=0.3ms queue=0.2ms
INSERT INTO "cached_validations" ("reason","cache_key","repository","confidence","forge_account_id","locations","vulnerability_type","file_hashes","is_false_positive","ttl_expires_at","cached_at","inserted_at","updated_at") VALUES ($1,$2,$3,$4,$5,$6,$7,$8,$9,$10,$11,$12,$13) ON CONFLICT ("cache_key") DO UPDATE SET "updated_at" = EXCLUDED."updated_at","inserted_at" = EXCLUDED."inserted_at","forge_account_id" = EXCLUDED."forge_account_id","invalidation_reason" = EXCLUDED."invalidation_reason","invalidated_at" = EXCLUDED."invalidated_at","ttl_expires_at" = EXCLUDED."ttl_expires_at","cached_at" = EXCLUDED."cached_at","full_result" = EXCLUDED."full_result","reason" = EXCLUDED."reason","confidence" = EXCLUDED."confidence","is_false_positive" = EXCLUDED."is_false_positive","file_hashes" = EXCLUDED."file_hashes","locations" = EXCLUDED."locations","vulnerability_type" = EXCLUDED."vulnerability_type","repository" = EXCLUDED."repository","cache_key" = EXCLUDED."cache_key" RETURNING "id","updated_at","inserted_at","forge_account_id","invalidation_reason","invalidated_at","ttl_expires_at","cached_at","full_result","reason","confidence","is_false_positive","file_hashes","locations","vulnerability_type","repository","cache_key" ["No user input flow detected", "15801/RSOLV-dev/nodegoat/[app.js:42]:sql-injection", "RSOLV-dev/nodegoat", Decimal.new("0.95"), 15801, [%{line: 42, file_path: "app.js"}], "sql-injection", %{"app.js" => "sha256:abc123"}, true, ~U[2025-11-27 19:17:07.610290Z], ~U[2025-08-29 19:17:07.610290Z], ~U[2025-08-29 19:17:07.610341Z], ~U[2025-08-29 19:17:07.610341Z]]
13:17:07.611 [debug] Cached validation stored
13:17:07.611 [debug] QUERY OK source="cached_validations" db=0.1ms
INSERT INTO "cached_validations" ("reason","cache_key","repository","confidence","forge_account_id","locations","vulnerability_type","file_hashes","is_false_positive","ttl_expires_at","cached_at","inserted_at","updated_at") VALUES ($1,$2,$3,$4,$5,$6,$7,$8,$9,$10,$11,$12,$13) ON CONFLICT ("cache_key") DO UPDATE SET "updated_at" = EXCLUDED."updated_at","inserted_at" = EXCLUDED."inserted_at","forge_account_id" = EXCLUDED."forge_account_id","invalidation_reason" = EXCLUDED."invalidation_reason","invalidated_at" = EXCLUDED."invalidated_at","ttl_expires_at" = EXCLUDED."ttl_expires_at","cached_at" = EXCLUDED."cached_at","full_result" = EXCLUDED."full_result","reason" = EXCLUDED."reason","confidence" = EXCLUDED."confidence","is_false_positive" = EXCLUDED."is_false_positive","file_hashes" = EXCLUDED."file_hashes","locations" = EXCLUDED."locations","vulnerability_type" = EXCLUDED."vulnerability_type","repository" = EXCLUDED."repository","cache_key" = EXCLUDED."cache_key" RETURNING "id","updated_at","inserted_at","forge_account_id","invalidation_reason","invalidated_at","ttl_expires_at","cached_at","full_result","reason","confidence","is_false_positive","file_hashes","locations","vulnerability_type","repository","cache_key" ["No user input flow detected", "15802/RSOLV-dev/nodegoat/[app.js:42]:sql-injection", "RSOLV-dev/nodegoat", Decimal.new("0.95"), 15802, [%{line: 42, file_path: "app.js"}], "sql-injection", %{"app.js" => "sha256:abc123"}, true, ~U[2025-11-27 19:17:07.611034Z], ~U[2025-08-29 19:17:07.611034Z], ~U[2025-08-29 19:17:07.611089Z], ~U[2025-08-29 19:17:07.611089Z]]
13:17:07.611 [debug] Cached validation stored
.13:17:07.748 [debug] QUERY OK source="users" db=0.5ms queue=0.2ms
INSERT INTO "users" ("email","hashed_password","inserted_at","updated_at") VALUES ($1,$2,$3,$4) RETURNING "id" ["test@example.com", "$2b$12$GTMZ2AOacJGYR1TVD9o30OnWXKh/5u6/YOP9J1V9Zs19ylihW2Vlu", ~U[2025-08-29 19:17:07Z], ~U[2025-08-29 19:17:07Z]]
13:17:07.749 [debug] QUERY OK source="customers" db=0.5ms queue=0.2ms
INSERT INTO "customers" ("active","name","metadata","plan","api_key","email","user_id","monthly_limit","current_usage","inserted_at","updated_at") VALUES ($1,$2,$3,$4,$5,$6,$7,$8,$9,$10,$11) RETURNING "id" [true, "Test Corp", %{}, "trial", "rsolv_he0u_7Wz7VziJM_h1KDwzv-3RLjPADS7INS8AXXfQaE", "test@example.com", 18196, 100, 0, ~N[2025-08-29 19:17:07], ~N[2025-08-29 19:17:07]]
13:17:07.750 [debug] QUERY OK source="api_keys" db=0.4ms queue=0.1ms
INSERT INTO "api_keys" ("active","name","permissions","key","customer_id","inserted_at","updated_at") VALUES ($1,$2,$3,$4,$5,$6,$7) RETURNING "id" [true, "Test Key", [], "test_8cc3fa99-ae2b-467d-a66f-a9e8eec65880", 17651, ~U[2025-08-29 19:17:07Z], ~U[2025-08-29 19:17:07Z]]
13:17:07.751 [debug] QUERY OK source="forge_accounts" db=0.3ms queue=0.2ms
INSERT INTO "forge_accounts" ("metadata","namespace","customer_id","forge_type","verified_at","inserted_at","updated_at") VALUES ($1,$2,$3,$4,$5,$6,$7) RETURNING "id" [%{}, "RSOLV-dev", 17651, :github, ~U[2025-08-29 19:17:07.750376Z], ~U[2025-08-29 19:17:07.750417Z], ~U[2025-08-29 19:17:07.750417Z]]
13:17:07.751 request_id=GGBS6-LYsCEQ6wYAADAI [info] POST /api/v1/phases/store
13:17:07.751 request_id=GGBS6-LYsCEQ6wYAADAI [debug] Processing with RsolvWeb.Api.V1.PhaseController.store/2
  Parameters: %{"commitSha" => "def456", "data" => %{"mitigation" => %{"issue-123" => %{"commitHash" => "def456", "fixes" => [%{"file" => "app.js", "fixed" => true, "vulnerability" => "xss"}], "prUrl" => "https://github.com/RSOLV-dev/nodegoat-demo/pull/456"}}}, "issueNumber" => 123, "phase" => "mitigation", "repo" => "RSOLV-dev/nodegoat-demo"}
  Pipelines: [:api]
13:17:07.751 request_id=GGBS6-LYsCEQ6wYAADAI [debug] QUERY OK source="api_keys" db=0.1ms
SELECT a0."id", a0."key", a0."name", a0."permissions", a0."active", a0."last_used_at", a0."expires_at", a0."customer_id", a0."inserted_at", a0."updated_at" FROM "api_keys" AS a0 WHERE ((a0."key" = $1) AND (a0."active" = $2)) ["test_8cc3fa99-ae2b-467d-a66f-a9e8eec65880", true]
13:17:07.751 request_id=GGBS6-LYsCEQ6wYAADAI [debug] QUERY OK source="customers" db=0.3ms
SELECT c0."id", c0."name", c0."email", c0."api_key", c0."monthly_limit", c0."current_usage", c0."active", c0."metadata", c0."github_org", c0."plan", c0."user_id", c0."inserted_at", c0."updated_at", c0."id" FROM "customers" AS c0 WHERE (c0."id" = $1) [17651]
13:17:07.752 request_id=GGBS6-LYsCEQ6wYAADAI [debug] QUERY OK source="customers" db=0.2ms
SELECT c0."id", c0."name", c0."email", c0."api_key", c0."monthly_limit", c0."current_usage", c0."active", c0."metadata", c0."github_org", c0."plan", c0."user_id", c0."inserted_at", c0."updated_at" FROM "customers" AS c0 WHERE (c0."id" = $1) [17651]
13:17:07.752 request_id=GGBS6-LYsCEQ6wYAADAI [debug] QUERY OK source="forge_accounts" db=0.2ms
SELECT f0."id", f0."forge_type", f0."namespace", f0."verified_at", f0."metadata", f0."customer_id", f0."inserted_at", f0."updated_at" FROM "forge_accounts" AS f0 WHERE (f0."customer_id" = $1) AND (f0."forge_type" = $2) AND (f0."namespace" = $3) [17651, :github, "RSOLV-dev"]
13:17:07.752 request_id=GGBS6-LYsCEQ6wYAADAI [debug] QUERY OK source="repositories" db=0.1ms
SELECT r0."id", r0."forge_type", r0."namespace", r0."name", r0."full_path", r0."first_seen_at", r0."last_activity_at", r0."metadata", r0."customer_id", r0."inserted_at", r0."updated_at" FROM "repositories" AS r0 WHERE (((r0."forge_type" = $1) AND (r0."namespace" = $2)) AND (r0."name" = $3)) [:github, "RSOLV-dev", "nodegoat-demo"]
13:17:07.753 request_id=GGBS6-LYsCEQ6wYAADAI [debug] QUERY OK source="repositories" db=0.1ms
INSERT INTO "repositories" ("name","metadata","namespace","customer_id","forge_type","full_path","last_activity_at","first_seen_at","inserted_at","updated_at") VALUES ($1,$2,$3,$4,$5,$6,$7,$8,$9,$10) RETURNING "id" ["nodegoat-demo", %{}, "RSOLV-dev", 17651, :github, "RSOLV-dev/nodegoat-demo", ~U[2025-08-29 19:17:07.752870Z], ~U[2025-08-29 19:17:07.752870Z], ~U[2025-08-29 19:17:07.752882Z], ~U[2025-08-29 19:17:07.752882Z]]
13:17:07.753 request_id=GGBS6-LYsCEQ6wYAADAI [debug] QUERY OK source="mitigation_executions" db=0.2ms
INSERT INTO "mitigation_executions" ("data","status","started_at","completed_at","commit_sha","issue_number","pr_number","pr_url","files_changed","repository_id","api_key_id","inserted_at","updated_at") VALUES ($1,$2,$3,$4,$5,$6,$7,$8,$9,$10,$11,$12,$13) RETURNING "id" [%{"commitHash" => "def456", "files_changed" => 1, "fixes" => [%{"file" => "app.js", "fixed" => true, "vulnerability" => "xss"}], "prUrl" => "https://github.com/RSOLV-dev/nodegoat-demo/pull/456", "pr_number" => 456, "pr_url" => "https://github.com/RSOLV-dev/nodegoat-demo/pull/456"}, :completed, ~U[2025-08-29 19:17:07.753110Z], ~U[2025-08-29 19:17:07.753111Z], "def456", 123, 456, "https://github.com/RSOLV-dev/nodegoat-demo/pull/456", 1, 2604, 5232, ~U[2025-08-29 19:17:07.753129Z], ~U[2025-08-29 19:17:07.753129Z]]
13:17:07.753 request_id=GGBS6-LYsCEQ6wYAADAI [debug] QUERY OK source="repositories" db=0.0ms
SELECT r0."id", r0."forge_type", r0."namespace", r0."name", r0."full_path", r0."first_seen_at", r0."last_activity_at", r0."metadata", r0."customer_id", r0."inserted_at", r0."updated_at", r0."id" FROM "repositories" AS r0 WHERE (r0."id" = $1) [2604]
13:17:07.753 request_id=GGBS6-LYsCEQ6wYAADAI [info] Sent 200 in 2ms
.13:17:07.891 [debug] QUERY OK source="users" db=0.6ms queue=0.2ms
INSERT INTO "users" ("email","hashed_password","inserted_at","updated_at") VALUES ($1,$2,$3,$4) RETURNING "id" ["test@example.com", "$2b$12$/7esAtnGCpaIK3vqt7K1K.QZr8O9UwDxb6rpg8hEI9lGEWhHErfgi", ~U[2025-08-29 19:17:07Z], ~U[2025-08-29 19:17:07Z]]
13:17:07.891 [debug] QUERY OK source="customers" db=0.1ms queue=0.1ms
INSERT INTO "customers" ("active","name","metadata","plan","api_key","email","user_id","monthly_limit","current_usage","inserted_at","updated_at") VALUES ($1,$2,$3,$4,$5,$6,$7,$8,$9,$10,$11) RETURNING "id" [true, "Test Corp", %{}, "trial", "rsolv_iZzJAinl-QMpXmJZ82aQLTXDPleoqKyTCT1Q7Mdp3FE", "test@example.com", 18197, 100, 0, ~N[2025-08-29 19:17:07], ~N[2025-08-29 19:17:07]]
13:17:07.892 [debug] QUERY OK source="api_keys" db=0.2ms
INSERT INTO "api_keys" ("active","name","permissions","key","customer_id","inserted_at","updated_at") VALUES ($1,$2,$3,$4,$5,$6,$7) RETURNING "id" [true, "Test Key", [], "test_0ee90ed2-53a2-4e4f-9b52-c43248cef264", 17652, ~U[2025-08-29 19:17:07Z], ~U[2025-08-29 19:17:07Z]]
13:17:07.892 [debug] QUERY OK source="forge_accounts" db=0.1ms queue=0.1ms
INSERT INTO "forge_accounts" ("metadata","namespace","customer_id","forge_type","verified_at","inserted_at","updated_at") VALUES ($1,$2,$3,$4,$5,$6,$7) RETURNING "id" [%{}, "RSOLV-dev", 17652, :github, ~U[2025-08-29 19:17:07.892155Z], ~U[2025-08-29 19:17:07.892170Z], ~U[2025-08-29 19:17:07.892170Z]]
13:17:07.892 request_id=GGBS6-tGOGtcYDEAAAgW [info] POST /api/v1/phases/store
13:17:07.892 request_id=GGBS6-tGOGtcYDEAAAgW [debug] Processing with RsolvWeb.Api.V1.PhaseController.store/2
  Parameters: %{"commitSha" => "abc123", "data" => %{}, "phase" => "scan", "repo" => "RSOLV-dev/test"}
  Pipelines: [:api]
13:17:07.892 request_id=GGBS6-tGOGtcYDEAAAgW [debug] QUERY OK source="api_keys" db=0.0ms
SELECT a0."id", a0."key", a0."name", a0."permissions", a0."active", a0."last_used_at", a0."expires_at", a0."customer_id", a0."inserted_at", a0."updated_at" FROM "api_keys" AS a0 WHERE ((a0."key" = $1) AND (a0."active" = $2)) ["invalid_key", true]
13:17:07.892 request_id=GGBS6-tGOGtcYDEAAAgW [info] Sent 401 in 176µs
.13:17:08.029 [debug] QUERY OK source="users" db=0.1ms
INSERT INTO "users" ("email","hashed_password","inserted_at","updated_at") VALUES ($1,$2,$3,$4) RETURNING "id" ["test@example.com", "$2b$12$8AjHhWoZ/3psfLa.rgFVH.3mZg5Pl7T.yqBKdLZD.haPXVCo4kagW", ~U[2025-08-29 19:17:08Z], ~U[2025-08-29 19:17:08Z]]
13:17:08.029 [debug] QUERY OK source="customers" db=0.1ms
INSERT INTO "customers" ("active","name","metadata","plan","api_key","email","user_id","monthly_limit","current_usage","inserted_at","updated_at") VALUES ($1,$2,$3,$4,$5,$6,$7,$8,$9,$10,$11) RETURNING "id" [true, "Test Corp", %{}, "trial", "rsolv_xEz2-hoxD8zbARHd9b6vs4SsoNSxobw6DYHhIjfeixk", "test@example.com", 18198, 100, 0, ~N[2025-08-29 19:17:08], ~N[2025-08-29 19:17:08]]
13:17:08.029 [debug] QUERY OK source="api_keys" db=0.1ms
INSERT INTO "api_keys" ("active","name","permissions","key","customer_id","inserted_at","updated_at") VALUES ($1,$2,$3,$4,$5,$6,$7) RETURNING "id" [true, "Test Key", [], "test_9a94288c-1da8-4082-85c3-12335177c886", 17653, ~U[2025-08-29 19:17:08Z], ~U[2025-08-29 19:17:08Z]]
13:17:08.029 [debug] QUERY OK source="forge_accounts" db=0.0ms
INSERT INTO "forge_accounts" ("metadata","namespace","customer_id","forge_type","verified_at","inserted_at","updated_at") VALUES ($1,$2,$3,$4,$5,$6,$7) RETURNING "id" [%{}, "RSOLV-dev", 17653, :github, ~U[2025-08-29 19:17:08.029723Z], ~U[2025-08-29 19:17:08.029737Z], ~U[2025-08-29 19:17:08.029737Z]]
13:17:08.029 request_id=GGBS6_N17q9hg0EAAAiW [info] POST /api/v1/phases/store
13:17:08.029 request_id=GGBS6_N17q9hg0EAAAiW [debug] Processing with RsolvWeb.Api.V1.PhaseController.store/2
  Parameters: %{"branch" => "main", "commitSha" => "abc123", "data" => %{"scan" => %{"timestamp" => ~U[2025-08-29 19:17:08.029858Z], "vulnerabilities" => [%{"file" => "app.js", "line" => 42, "severity" => "high", "type" => "xss"}]}}, "phase" => "scan", "repo" => "RSOLV-dev/nodegoat-demo"}
  Pipelines: [:api]
13:17:08.030 request_id=GGBS6_N17q9hg0EAAAiW [debug] QUERY OK source="api_keys" db=0.0ms
SELECT a0."id", a0."key", a0."name", a0."permissions", a0."active", a0."last_used_at", a0."expires_at", a0."customer_id", a0."inserted_at", a0."updated_at" FROM "api_keys" AS a0 WHERE ((a0."key" = $1) AND (a0."active" = $2)) ["test_9a94288c-1da8-4082-85c3-12335177c886", true]
13:17:08.030 request_id=GGBS6_N17q9hg0EAAAiW [debug] QUERY OK source="customers" db=0.1ms
SELECT c0."id", c0."name", c0."email", c0."api_key", c0."monthly_limit", c0."current_usage", c0."active", c0."metadata", c0."github_org", c0."plan", c0."user_id", c0."inserted_at", c0."updated_at", c0."id" FROM "customers" AS c0 WHERE (c0."id" = $1) [17653]
13:17:08.030 request_id=GGBS6_N17q9hg0EAAAiW [debug] QUERY OK source="customers" db=0.0ms
SELECT c0."id", c0."name", c0."email", c0."api_key", c0."monthly_limit", c0."current_usage", c0."active", c0."metadata", c0."github_org", c0."plan", c0."user_id", c0."inserted_at", c0."updated_at" FROM "customers" AS c0 WHERE (c0."id" = $1) [17653]
13:17:08.030 request_id=GGBS6_N17q9hg0EAAAiW [debug] QUERY OK source="forge_accounts" db=0.1ms
SELECT f0."id", f0."forge_type", f0."namespace", f0."verified_at", f0."metadata", f0."customer_id", f0."inserted_at", f0."updated_at" FROM "forge_accounts" AS f0 WHERE (f0."customer_id" = $1) AND (f0."forge_type" = $2) AND (f0."namespace" = $3) [17653, :github, "RSOLV-dev"]
13:17:08.030 request_id=GGBS6_N17q9hg0EAAAiW [debug] QUERY OK source="repositories" db=0.1ms
SELECT r0."id", r0."forge_type", r0."namespace", r0."name", r0."full_path", r0."first_seen_at", r0."last_activity_at", r0."metadata", r0."customer_id", r0."inserted_at", r0."updated_at" FROM "repositories" AS r0 WHERE (((r0."forge_type" = $1) AND (r0."namespace" = $2)) AND (r0."name" = $3)) [:github, "RSOLV-dev", "nodegoat-demo"]
13:17:08.031 request_id=GGBS6_N17q9hg0EAAAiW [debug] QUERY OK source="repositories" db=0.1ms
INSERT INTO "repositories" ("name","metadata","namespace","customer_id","forge_type","full_path","last_activity_at","first_seen_at","inserted_at","updated_at") VALUES ($1,$2,$3,$4,$5,$6,$7,$8,$9,$10) RETURNING "id" ["nodegoat-demo", %{}, "RSOLV-dev", 17653, :github, "RSOLV-dev/nodegoat-demo", ~U[2025-08-29 19:17:08.030773Z], ~U[2025-08-29 19:17:08.030773Z], ~U[2025-08-29 19:17:08.030786Z], ~U[2025-08-29 19:17:08.030786Z]]
13:17:08.031 request_id=GGBS6_N17q9hg0EAAAiW [debug] QUERY OK source="scan_executions" db=0.2ms
INSERT INTO "scan_executions" ("data","status","started_at","branch","completed_at","commit_sha","vulnerabilities_count","repository_id","api_key_id","inserted_at","updated_at") VALUES ($1,$2,$3,$4,$5,$6,$7,$8,$9,$10,$11) RETURNING "id" [%{"timestamp" => ~U[2025-08-29 19:17:08.029858Z], "vulnerabilities" => [%{"file" => "app.js", "line" => 42, "severity" => "high", "type" => "xss"}]}, :completed, ~U[2025-08-29 19:17:08.031012Z], "main", ~U[2025-08-29 19:17:08.031013Z], "abc123", 1, 2605, 5234, ~U[2025-08-29 19:17:08.031027Z], ~U[2025-08-29 19:17:08.031027Z]]
13:17:08.031 request_id=GGBS6_N17q9hg0EAAAiW [debug] QUERY OK source="repositories" db=0.0ms
SELECT r0."id", r0."forge_type", r0."namespace", r0."name", r0."full_path", r0."first_seen_at", r0."last_activity_at", r0."metadata", r0."customer_id", r0."inserted_at", r0."updated_at", r0."id" FROM "repositories" AS r0 WHERE (r0."id" = $1) [2605]
13:17:08.031 request_id=GGBS6_N17q9hg0EAAAiW [info] Sent 200 in 1ms
13:17:08.031 request_id=GGBS6_N17q9hg0EAAAiW [debug] QUERY OK source="scan_executions" db=0.0ms
SELECT s0."id", s0."commit_sha", s0."branch", s0."status", s0."vulnerabilities_count", s0."data", s0."started_at", s0."completed_at", s0."error_message", s0."repository_id", s0."api_key_id", s0."inserted_at", s0."updated_at" FROM "scan_executions" AS s0 WHERE (s0."id" = $1) [1149]
.13:17:08.168 [debug] QUERY OK source="users" db=0.2ms
INSERT INTO "users" ("email","hashed_password","inserted_at","updated_at") VALUES ($1,$2,$3,$4) RETURNING "id" ["test@example.com", "$2b$12$L6eOqgfVoj.73jUJCfeNye72V49A145AE7hwu9YwF/gEtliaQYa5y", ~U[2025-08-29 19:17:08Z], ~U[2025-08-29 19:17:08Z]]
13:17:08.168 [debug] QUERY OK source="customers" db=0.2ms
INSERT INTO "customers" ("active","name","metadata","plan","api_key","email","user_id","monthly_limit","current_usage","inserted_at","updated_at") VALUES ($1,$2,$3,$4,$5,$6,$7,$8,$9,$10,$11) RETURNING "id" [true, "Test Corp", %{}, "trial", "rsolv_e4U3PN9PAs6GUgx9qeb7HqdAfQYI1qHGB7KqAw4rufM", "test@example.com", 18199, 100, 0, ~N[2025-08-29 19:17:08], ~N[2025-08-29 19:17:08]]
13:17:08.168 [debug] QUERY OK source="api_keys" db=0.1ms
INSERT INTO "api_keys" ("active","name","permissions","key","customer_id","inserted_at","updated_at") VALUES ($1,$2,$3,$4,$5,$6,$7) RETURNING "id" [true, "Test Key", [], "test_7bddd67e-a48d-4773-a151-e919ea1b9a21", 17654, ~U[2025-08-29 19:17:08Z], ~U[2025-08-29 19:17:08Z]]
13:17:08.169 [debug] QUERY OK source="forge_accounts" db=0.0ms
INSERT INTO "forge_accounts" ("metadata","namespace","customer_id","forge_type","verified_at","inserted_at","updated_at") VALUES ($1,$2,$3,$4,$5,$6,$7) RETURNING "id" [%{}, "RSOLV-dev", 17654, :github, ~U[2025-08-29 19:17:08.168881Z], ~U[2025-08-29 19:17:08.168903Z], ~U[2025-08-29 19:17:08.168903Z]]
13:17:08.169 request_id=GGBS6_vBil6IbVQAAAmW [info] POST /api/v1/phases/store
13:17:08.169 request_id=GGBS6_vBil6IbVQAAAmW [debug] Processing with RsolvWeb.Api.V1.PhaseController.store/2
  Parameters: %{"data" => %{}, "phase" => "scan", "repo" => "RSOLV-dev/test"}
  Pipelines: [:api]
13:17:08.169 request_id=GGBS6_vBil6IbVQAAAmW [debug] QUERY OK source="api_keys" db=0.0ms
SELECT a0."id", a0."key", a0."name", a0."permissions", a0."active", a0."last_used_at", a0."expires_at", a0."customer_id", a0."inserted_at", a0."updated_at" FROM "api_keys" AS a0 WHERE ((a0."key" = $1) AND (a0."active" = $2)) ["test_7bddd67e-a48d-4773-a151-e919ea1b9a21", true]
13:17:08.169 request_id=GGBS6_vBil6IbVQAAAmW [debug] QUERY OK source="customers" db=0.0ms
SELECT c0."id", c0."name", c0."email", c0."api_key", c0."monthly_limit", c0."current_usage", c0."active", c0."metadata", c0."github_org", c0."plan", c0."user_id", c0."inserted_at", c0."updated_at", c0."id" FROM "customers" AS c0 WHERE (c0."id" = $1) [17654]
13:17:08.169 request_id=GGBS6_vBil6IbVQAAAmW [info] Sent 400 in 292µs
.13:17:08.306 [debug] QUERY OK source="users" db=0.2ms
INSERT INTO "users" ("email","hashed_password","inserted_at","updated_at") VALUES ($1,$2,$3,$4) RETURNING "id" ["test@example.com", "$2b$12$xdpOn01h9PIyAltvGQ3KYuJ6PRG7PWQ3cEtUZNxQeqv3cBCYi.ube", ~U[2025-08-29 19:17:08Z], ~U[2025-08-29 19:17:08Z]]
13:17:08.306 [debug] QUERY OK source="customers" db=0.1ms
INSERT INTO "customers" ("active","name","metadata","plan","api_key","email","user_id","monthly_limit","current_usage","inserted_at","updated_at") VALUES ($1,$2,$3,$4,$5,$6,$7,$8,$9,$10,$11) RETURNING "id" [true, "Test Corp", %{}, "trial", "rsolv_8SOVrxTZfFyvqN6X-WFuokcS9ilcguLN3zMAStA1ZiY", "test@example.com", 18200, 100, 0, ~N[2025-08-29 19:17:08], ~N[2025-08-29 19:17:08]]
13:17:08.306 [debug] QUERY OK source="api_keys" db=0.0ms
INSERT INTO "api_keys" ("active","name","permissions","key","customer_id","inserted_at","updated_at") VALUES ($1,$2,$3,$4,$5,$6,$7) RETURNING "id" [true, "Test Key", [], "test_69a656f2-cc29-4273-bd8f-09a3a08292b6", 17655, ~U[2025-08-29 19:17:08Z], ~U[2025-08-29 19:17:08Z]]
13:17:08.306 [debug] QUERY OK source="forge_accounts" db=0.0ms
INSERT INTO "forge_accounts" ("metadata","namespace","customer_id","forge_type","verified_at","inserted_at","updated_at") VALUES ($1,$2,$3,$4,$5,$6,$7) RETURNING "id" [%{}, "RSOLV-dev", 17655, :github, ~U[2025-08-29 19:17:08.306474Z], ~U[2025-08-29 19:17:08.306489Z], ~U[2025-08-29 19:17:08.306489Z]]
13:17:08.306 [debug] QUERY OK source="repositories" db=0.0ms
SELECT r0."id", r0."forge_type", r0."namespace", r0."name", r0."full_path", r0."first_seen_at", r0."last_activity_at", r0."metadata", r0."customer_id", r0."inserted_at", r0."updated_at" FROM "repositories" AS r0 WHERE (((r0."forge_type" = $1) AND (r0."namespace" = $2)) AND (r0."name" = $3)) [:github, "RSOLV-dev", "new-repo"]
13:17:08.306 request_id=GGBS7AP2mvrpyeoAAAoW [info] POST /api/v1/phases/store
13:17:08.306 request_id=GGBS7AP2mvrpyeoAAAoW [debug] Processing with RsolvWeb.Api.V1.PhaseController.store/2
  Parameters: %{"commitSha" => "abc123", "data" => %{"scan" => %{"vulnerabilities" => []}}, "phase" => "scan", "repo" => "RSOLV-dev/new-repo"}
  Pipelines: [:api]
13:17:08.306 request_id=GGBS7AP2mvrpyeoAAAoW [debug] QUERY OK source="api_keys" db=0.0ms
SELECT a0."id", a0."key", a0."name", a0."permissions", a0."active", a0."last_used_at", a0."expires_at", a0."customer_id", a0."inserted_at", a0."updated_at" FROM "api_keys" AS a0 WHERE ((a0."key" = $1) AND (a0."active" = $2)) ["test_69a656f2-cc29-4273-bd8f-09a3a08292b6", true]
13:17:08.306 request_id=GGBS7AP2mvrpyeoAAAoW [debug] QUERY OK source="customers" db=0.0ms
SELECT c0."id", c0."name", c0."email", c0."api_key", c0."monthly_limit", c0."current_usage", c0."active", c0."metadata", c0."github_org", c0."plan", c0."user_id", c0."inserted_at", c0."updated_at", c0."id" FROM "customers" AS c0 WHERE (c0."id" = $1) [17655]
13:17:08.307 request_id=GGBS7AP2mvrpyeoAAAoW [debug] QUERY OK source="customers" db=0.0ms
SELECT c0."id", c0."name", c0."email", c0."api_key", c0."monthly_limit", c0."current_usage", c0."active", c0."metadata", c0."github_org", c0."plan", c0."user_id", c0."inserted_at", c0."updated_at" FROM "customers" AS c0 WHERE (c0."id" = $1) [17655]
13:17:08.307 request_id=GGBS7AP2mvrpyeoAAAoW [debug] QUERY OK source="forge_accounts" db=0.0ms
SELECT f0."id", f0."forge_type", f0."namespace", f0."verified_at", f0."metadata", f0."customer_id", f0."inserted_at", f0."updated_at" FROM "forge_accounts" AS f0 WHERE (f0."customer_id" = $1) AND (f0."forge_type" = $2) AND (f0."namespace" = $3) [17655, :github, "RSOLV-dev"]
13:17:08.307 request_id=GGBS7AP2mvrpyeoAAAoW [debug] QUERY OK source="repositories" db=0.0ms
SELECT r0."id", r0."forge_type", r0."namespace", r0."name", r0."full_path", r0."first_seen_at", r0."last_activity_at", r0."metadata", r0."customer_id", r0."inserted_at", r0."updated_at" FROM "repositories" AS r0 WHERE (((r0."forge_type" = $1) AND (r0."namespace" = $2)) AND (r0."name" = $3)) [:github, "RSOLV-dev", "new-repo"]
13:17:08.307 request_id=GGBS7AP2mvrpyeoAAAoW [debug] QUERY OK source="repositories" db=0.0ms
INSERT INTO "repositories" ("name","metadata","namespace","customer_id","forge_type","full_path","last_activity_at","first_seen_at","inserted_at","updated_at") VALUES ($1,$2,$3,$4,$5,$6,$7,$8,$9,$10) RETURNING "id" ["new-repo", %{}, "RSOLV-dev", 17655, :github, "RSOLV-dev/new-repo", ~U[2025-08-29 19:17:08.307253Z], ~U[2025-08-29 19:17:08.307253Z], ~U[2025-08-29 19:17:08.307264Z], ~U[2025-08-29 19:17:08.307264Z]]
13:17:08.307 request_id=GGBS7AP2mvrpyeoAAAoW [debug] QUERY OK source="scan_executions" db=0.0ms
INSERT INTO "scan_executions" ("data","status","started_at","completed_at","commit_sha","vulnerabilities_count","repository_id","api_key_id","inserted_at","updated_at") VALUES ($1,$2,$3,$4,$5,$6,$7,$8,$9,$10) RETURNING "id" [%{"vulnerabilities" => []}, :completed, ~U[2025-08-29 19:17:08.307391Z], ~U[2025-08-29 19:17:08.307392Z], "abc123", 0, 2606, 5236, ~U[2025-08-29 19:17:08.307406Z], ~U[2025-08-29 19:17:08.307406Z]]
13:17:08.307 request_id=GGBS7AP2mvrpyeoAAAoW [debug] QUERY OK source="repositories" db=0.1ms
SELECT r0."id", r0."forge_type", r0."namespace", r0."name", r0."full_path", r0."first_seen_at", r0."last_activity_at", r0."metadata", r0."customer_id", r0."inserted_at", r0."updated_at", r0."id" FROM "repositories" AS r0 WHERE (r0."id" = $1) [2606]
13:17:08.307 request_id=GGBS7AP2mvrpyeoAAAoW [info] Sent 200 in 1ms
13:17:08.307 request_id=GGBS7AP2mvrpyeoAAAoW [debug] QUERY OK source="repositories" db=0.0ms
SELECT r0."id", r0."forge_type", r0."namespace", r0."name", r0."full_path", r0."first_seen_at", r0."last_activity_at", r0."metadata", r0."customer_id", r0."inserted_at", r0."updated_at" FROM "repositories" AS r0 WHERE (((r0."forge_type" = $1) AND (r0."namespace" = $2)) AND (r0."name" = $3)) [:github, "RSOLV-dev", "new-repo"]
.13:17:08.444 [debug] QUERY OK source="users" db=0.1ms
INSERT INTO "users" ("email","hashed_password","inserted_at","updated_at") VALUES ($1,$2,$3,$4) RETURNING "id" ["test@example.com", "$2b$12$M8dINq5nXRygI2whRzyOfuv5QZKENEqMe/DkhKp2bLiyFiwS3Iku6", ~U[2025-08-29 19:17:08Z], ~U[2025-08-29 19:17:08Z]]
13:17:08.444 [debug] QUERY OK source="customers" db=0.1ms
INSERT INTO "customers" ("active","name","metadata","plan","api_key","email","user_id","monthly_limit","current_usage","inserted_at","updated_at") VALUES ($1,$2,$3,$4,$5,$6,$7,$8,$9,$10,$11) RETURNING "id" [true, "Test Corp", %{}, "trial", "rsolv_gM8ffesiCvIFIyuOuMAv3h1bwtvqbYPgTvaYyx8S6Gw", "test@example.com", 18201, 100, 0, ~N[2025-08-29 19:17:08], ~N[2025-08-29 19:17:08]]
13:17:08.444 [debug] QUERY OK source="api_keys" db=0.0ms
INSERT INTO "api_keys" ("active","name","permissions","key","customer_id","inserted_at","updated_at") VALUES ($1,$2,$3,$4,$5,$6,$7) RETURNING "id" [true, "Test Key", [], "test_ad7dc3d4-935d-40e9-aa73-0057ab036e11", 17656, ~U[2025-08-29 19:17:08Z], ~U[2025-08-29 19:17:08Z]]
13:17:08.444 [debug] QUERY OK source="forge_accounts" db=0.0ms
INSERT INTO "forge_accounts" ("metadata","namespace","customer_id","forge_type","verified_at","inserted_at","updated_at") VALUES ($1,$2,$3,$4,$5,$6,$7) RETURNING "id" [%{}, "RSOLV-dev", 17656, :github, ~U[2025-08-29 19:17:08.444750Z], ~U[2025-08-29 19:17:08.444764Z], ~U[2025-08-29 19:17:08.444764Z]]
13:17:08.444 request_id=GGBS7Awyq-wHcd0AAAqW [info] POST /api/v1/phases/store
13:17:08.444 request_id=GGBS7Awyq-wHcd0AAAqW [debug] Processing with RsolvWeb.Api.V1.PhaseController.store/2
  Parameters: %{"commitSha" => "abc123", "data" => %{"validation" => %{"issue-123" => %{"confidence" => 0.95, "validated" => true, "vulnerabilities" => []}}}, "issueNumber" => 123, "phase" => "validation", "repo" => "RSOLV-dev/nodegoat-demo"}
  Pipelines: [:api]
13:17:08.445 request_id=GGBS7Awyq-wHcd0AAAqW [debug] QUERY OK source="api_keys" db=0.0ms
SELECT a0."id", a0."key", a0."name", a0."permissions", a0."active", a0."last_used_at", a0."expires_at", a0."customer_id", a0."inserted_at", a0."updated_at" FROM "api_keys" AS a0 WHERE ((a0."key" = $1) AND (a0."active" = $2)) ["test_ad7dc3d4-935d-40e9-aa73-0057ab036e11", true]
13:17:08.445 request_id=GGBS7Awyq-wHcd0AAAqW [debug] QUERY OK source="customers" db=0.1ms
SELECT c0."id", c0."name", c0."email", c0."api_key", c0."monthly_limit", c0."current_usage", c0."active", c0."metadata", c0."github_org", c0."plan", c0."user_id", c0."inserted_at", c0."updated_at", c0."id" FROM "customers" AS c0 WHERE (c0."id" = $1) [17656]
13:17:08.445 request_id=GGBS7Awyq-wHcd0AAAqW [debug] QUERY OK source="customers" db=0.0ms
SELECT c0."id", c0."name", c0."email", c0."api_key", c0."monthly_limit", c0."current_usage", c0."active", c0."metadata", c0."github_org", c0."plan", c0."user_id", c0."inserted_at", c0."updated_at" FROM "customers" AS c0 WHERE (c0."id" = $1) [17656]
13:17:08.445 request_id=GGBS7Awyq-wHcd0AAAqW [debug] QUERY OK source="forge_accounts" db=0.4ms
SELECT f0."id", f0."forge_type", f0."namespace", f0."verified_at", f0."metadata", f0."customer_id", f0."inserted_at", f0."updated_at" FROM "forge_accounts" AS f0 WHERE (f0."customer_id" = $1) AND (f0."forge_type" = $2) AND (f0."namespace" = $3) [17656, :github, "RSOLV-dev"]
13:17:08.446 request_id=GGBS7Awyq-wHcd0AAAqW [debug] QUERY OK source="repositories" db=0.4ms
SELECT r0."id", r0."forge_type", r0."namespace", r0."name", r0."full_path", r0."first_seen_at", r0."last_activity_at", r0."metadata", r0."customer_id", r0."inserted_at", r0."updated_at" FROM "repositories" AS r0 WHERE (((r0."forge_type" = $1) AND (r0."namespace" = $2)) AND (r0."name" = $3)) [:github, "RSOLV-dev", "nodegoat-demo"]
13:17:08.446 request_id=GGBS7Awyq-wHcd0AAAqW [debug] QUERY OK source="repositories" db=0.1ms
INSERT INTO "repositories" ("name","metadata","namespace","customer_id","forge_type","full_path","last_activity_at","first_seen_at","inserted_at","updated_at") VALUES ($1,$2,$3,$4,$5,$6,$7,$8,$9,$10) RETURNING "id" ["nodegoat-demo", %{}, "RSOLV-dev", 17656, :github, "RSOLV-dev/nodegoat-demo", ~U[2025-08-29 19:17:08.446431Z], ~U[2025-08-29 19:17:08.446431Z], ~U[2025-08-29 19:17:08.446446Z], ~U[2025-08-29 19:17:08.446446Z]]
13:17:08.447 request_id=GGBS7Awyq-wHcd0AAAqW [debug] QUERY OK source="validation_executions" db=0.2ms
INSERT INTO "validation_executions" ("data","status","started_at","completed_at","commit_sha","issue_number","validated","vulnerabilities_found","repository_id","api_key_id","inserted_at","updated_at") VALUES ($1,$2,$3,$4,$5,$6,$7,$8,$9,$10,$11,$12) RETURNING "id" [%{"confidence" => 0.95, "validated" => true, "vulnerabilities" => []}, :completed, ~U[2025-08-29 19:17:08.446685Z], ~U[2025-08-29 19:17:08.446685Z], "abc123", 123, true, 0, 2607, 5237, ~U[2025-08-29 19:17:08.446705Z], ~U[2025-08-29 19:17:08.446705Z]]
13:17:08.447 request_id=GGBS7Awyq-wHcd0AAAqW [debug] QUERY OK source="repositories" db=0.0ms
SELECT r0."id", r0."forge_type", r0."namespace", r0."name", r0."full_path", r0."first_seen_at", r0."last_activity_at", r0."metadata", r0."customer_id", r0."inserted_at", r0."updated_at", r0."id" FROM "repositories" AS r0 WHERE (r0."id" = $1) [2607]
13:17:08.447 request_id=GGBS7Awyq-wHcd0AAAqW [info] Sent 200 in 2ms
13:17:08.447 request_id=GGBS7Awyq-wHcd0AAAqW [debug] QUERY OK source="validation_executions" db=0.0ms
SELECT v0."id", v0."issue_number", v0."commit_sha", v0."status", v0."validated", v0."vulnerabilities_found", v0."data", v0."started_at", v0."completed_at", v0."error_message", v0."repository_id", v0."api_key_id", v0."inserted_at", v0."updated_at" FROM "validation_executions" AS v0 WHERE (v0."id" = $1) [497]
.13:17:08.584 [debug] QUERY OK source="users" db=0.1ms
INSERT INTO "users" ("email","hashed_password","inserted_at","updated_at") VALUES ($1,$2,$3,$4) RETURNING "id" ["test@example.com", "$2b$12$r99GNUfv/s7HPKUIRF1qS.2S.kF89as77/ifIEFdlH1lfyCAKpvD6", ~U[2025-08-29 19:17:08Z], ~U[2025-08-29 19:17:08Z]]
13:17:08.584 [debug] QUERY OK source="customers" db=0.2ms
INSERT INTO "customers" ("active","name","metadata","plan","api_key","email","user_id","monthly_limit","current_usage","inserted_at","updated_at") VALUES ($1,$2,$3,$4,$5,$6,$7,$8,$9,$10,$11) RETURNING "id" [true, "Test Corp", %{}, "trial", "rsolv_qRPh7UMgsy8YmC0C_K1IHFBdvJVSGpO7tXg9urtlWKY", "test@example.com", 18202, 100, 0, ~N[2025-08-29 19:17:08], ~N[2025-08-29 19:17:08]]
13:17:08.584 [debug] QUERY OK source="api_keys" db=0.1ms
INSERT INTO "api_keys" ("active","name","permissions","key","customer_id","inserted_at","updated_at") VALUES ($1,$2,$3,$4,$5,$6,$7) RETURNING "id" [true, "Test Key", [], "test_1bfd85d6-8356-4d05-9834-eaae2dd22db8", 17657, ~U[2025-08-29 19:17:08Z], ~U[2025-08-29 19:17:08Z]]
13:17:08.584 [debug] QUERY OK source="forge_accounts" db=0.0ms
INSERT INTO "forge_accounts" ("metadata","namespace","customer_id","forge_type","verified_at","inserted_at","updated_at") VALUES ($1,$2,$3,$4,$5,$6,$7) RETURNING "id" [%{}, "RSOLV-dev", 17657, :github, ~U[2025-08-29 19:17:08.584596Z], ~U[2025-08-29 19:17:08.584611Z], ~U[2025-08-29 19:17:08.584611Z]]
13:17:08.584 request_id=GGBS7BSIsVmJwOwAAAuW [info] POST /api/v1/phases/store
13:17:08.584 request_id=GGBS7BSIsVmJwOwAAAuW [debug] Processing with RsolvWeb.Api.V1.PhaseController.store/2
  Parameters: %{"commitSha" => "abc123", "data" => %{}, "phase" => "scan", "repo" => "OTHER-org/test"}
  Pipelines: [:api]
13:17:08.584 request_id=GGBS7BSIsVmJwOwAAAuW [debug] QUERY OK source="api_keys" db=0.0ms
SELECT a0."id", a0."key", a0."name", a0."permissions", a0."active", a0."last_used_at", a0."expires_at", a0."customer_id", a0."inserted_at", a0."updated_at" FROM "api_keys" AS a0 WHERE ((a0."key" = $1) AND (a0."active" = $2)) ["test_1bfd85d6-8356-4d05-9834-eaae2dd22db8", true]
13:17:08.584 request_id=GGBS7BSIsVmJwOwAAAuW [debug] QUERY OK source="customers" db=0.0ms
SELECT c0."id", c0."name", c0."email", c0."api_key", c0."monthly_limit", c0."current_usage", c0."active", c0."metadata", c0."github_org", c0."plan", c0."user_id", c0."inserted_at", c0."updated_at", c0."id" FROM "customers" AS c0 WHERE (c0."id" = $1) [17657]
13:17:08.585 request_id=GGBS7BSIsVmJwOwAAAuW [debug] QUERY OK source="customers" db=0.0ms
SELECT c0."id", c0."name", c0."email", c0."api_key", c0."monthly_limit", c0."current_usage", c0."active", c0."metadata", c0."github_org", c0."plan", c0."user_id", c0."inserted_at", c0."updated_at" FROM "customers" AS c0 WHERE (c0."id" = $1) [17657]
13:17:08.585 request_id=GGBS7BSIsVmJwOwAAAuW [debug] QUERY OK source="forge_accounts" db=0.0ms
SELECT f0."id", f0."forge_type", f0."namespace", f0."verified_at", f0."metadata", f0."customer_id", f0."inserted_at", f0."updated_at" FROM "forge_accounts" AS f0 WHERE (f0."customer_id" = $1) AND (f0."forge_type" = $2) AND (f0."namespace" = $3) [17657, :github, "OTHER-org"]
13:17:08.585 request_id=GGBS7BSIsVmJwOwAAAuW [info] Sent 403 in 386µs
....................13:17:08.586 [debug] QUERY OK source="fun_with_flags_toggles" db=0.1ms queue=0.1ms
INSERT INTO "fun_with_flags_toggles" AS f0 ("enabled","target","flag_name","gate_type") VALUES ($1,$2,$3,$4) ON CONFLICT ("flag_name","gate_type","target") DO UPDATE SET "enabled" = $5 RETURNING "id" [true, "_fwf_none", "early_access_signup", "boolean", true]
13:17:08.586 [debug] QUERY OK source="fun_with_flags_toggles" db=0.0ms
SELECT f0."id", f0."flag_name", f0."gate_type", f0."target", f0."enabled" FROM "fun_with_flags_toggles" AS f0 WHERE (f0."flag_name" = $1) ["early_access_signup"]
13:17:08.586 [debug] Telemetry event: [:fun_with_flags, :persistence, :write], metadata: %{flag_name: :early_access_signup, gate: %FunWithFlags.Gate{type: :boolean, for: nil, enabled: true}}, measurements: %{system_time: 1756495028586369217}
13:17:08.586 [debug] QUERY OK source="fun_with_flags_toggles" db=0.0ms
INSERT INTO "fun_with_flags_toggles" AS f0 ("enabled","target","flag_name","gate_type") VALUES ($1,$2,$3,$4) ON CONFLICT ("flag_name","gate_type","target") DO UPDATE SET "enabled" = $5 RETURNING "id" [true, "_fwf_none", "welcome_email_sequence", "boolean", true]
13:17:08.586 [debug] QUERY OK source="fun_with_flags_toggles" db=0.0ms
SELECT f0."id", f0."flag_name", f0."gate_type", f0."target", f0."enabled" FROM "fun_with_flags_toggles" AS f0 WHERE (f0."flag_name" = $1) ["welcome_email_sequence"]
13:17:08.586 [debug] Telemetry event: [:fun_with_flags, :persistence, :write], metadata: %{flag_name: :welcome_email_sequence, gate: %FunWithFlags.Gate{type: :boolean, for: nil, enabled: true}}, measurements: %{system_time: 1756495028586653033}
13:17:08.586 request_id=GGBS7BSmyosoDyYAAAEV [info] POST /early-access
13:17:08.586 request_id=GGBS7BSmyosoDyYAAAEV [debug] Processing with RsolvWeb.PageController.submit_early_access/2
  Parameters: %{"email" => "test@example.com"}
  Pipelines: [:browser]
13:17:08.587 request_id=GGBS7BSmyosoDyYAAAEV [debug] QUERY OK source="fun_with_flags_toggles" db=0.1ms
SELECT f0."id", f0."flag_name", f0."gate_type", f0."target", f0."enabled" FROM "fun_with_flags_toggles" AS f0 WHERE (f0."flag_name" = $1) ["early_access_signup"]
13:17:08.587 request_id=GGBS7BSmyosoDyYAAAEV [debug] Telemetry event: [:fun_with_flags, :persistence, :read], metadata: %{flag_name: :early_access_signup, gate: nil}, measurements: %{system_time: 1756495028587082430}
13:17:08.587 request_id=GGBS7BSmyosoDyYAAAEV [debug] Extracted UTM parameters: %{}
13:17:08.587 request_id=GGBS7BSmyosoDyYAAAEV [info] Analytics event tracked
13:17:08.587 request_id=GGBS7BSmyosoDyYAAAEV [debug] QUERY OK db=0.6ms queue=0.1ms
SELECT create_analytics_partition_if_not_exists($1::date) [~D[2025-08-29]]
13:17:08.588 request_id=GGBS7BSmyosoDyYAAAEV [debug] QUERY OK source="analytics_events" db=0.1ms
INSERT INTO "analytics_events" ("metadata","event_type","visitor_id","page_path","inserted_at","updated_at") VALUES ($1,$2,$3,$4,$5,$6) RETURNING "id" [%{status: "submit", os: "unknown", form_id: "early-access", browser: "unknown", utm_source_platform: nil, utm_source_campaign: nil, utm_source_content: nil, device_type: "unknown"}, "form_submit", "ab8ffc109a68a44f698fa70519cca8fe", "/early-access", ~N[2025-08-29 19:17:08], ~N[2025-08-29 19:17:08]]
13:17:08.588 request_id=GGBS7BSmyosoDyYAAAEV [info] Form submission received
13:17:08.588 request_id=GGBS7BSmyosoDyYAAAEV [info] Valid email received for processing: test@example.com, validation passed
13:17:08.588 request_id=GGBS7BSmyosoDyYAAAEV [debug] Extracted UTM parameters: %{}
13:17:08.588 request_id=GGBS7BSmyosoDyYAAAEV [debug] QUERY OK source="early_access_signups" db=0.0ms
INSERT INTO "early_access_signups" ("name","email","referral_source","inserted_at") VALUES ($1,$2,$3,$4) RETURNING "id" ["Test", "test@example.com", "landing_page", ~N[2025-08-29 19:17:08]]
13:17:08.588 request_id=GGBS7BSmyosoDyYAAAEV [debug] QUERY OK source="early_access_signups" db=0.0ms
SELECT count(e0."id") FROM "early_access_signups" AS e0 []
13:17:08.588 request_id=GGBS7BSmyosoDyYAAAEV [info] Successfully saved signup to database
13:17:08.588 request_id=GGBS7BSmyosoDyYAAAEV [info] ConvertKit API key present: true
Mock HTTP POST called with URL: https://api.convertkit.com/v3/subscribers
13:17:08.588 request_id=GGBS7BSmyosoDyYAAAEV [info] ConvertKit API request successful
13:17:08.588 request_id=GGBS7BSmyosoDyYAAAEV [info] ConvertKit: Successfully added subscriber
13:17:08.588 request_id=GGBS7BSmyosoDyYAAAEV [info] Analytics event tracked
13:17:08.588 request_id=GGBS7BSmyosoDyYAAAEV [debug] QUERY OK db=0.1ms
SELECT create_analytics_partition_if_not_exists($1::date) [~D[2025-08-29]]
13:17:08.589 request_id=GGBS7BSmyosoDyYAAAEV [debug] QUERY OK source="analytics_events" db=0.0ms
INSERT INTO "analytics_events" ("metadata","event_type","visitor_id","page_path","inserted_at","updated_at") VALUES ($1,$2,$3,$4,$5,$6) RETURNING "id" [%{status: "success", os: "unknown", source: "landing_page", form_id: "early-access", browser: "unknown", utm_source_platform: nil, utm_source_campaign: nil, utm_source_content: nil, device_type: "unknown", conversion_type: "early_access_signup", email_domain: "example.com"}, "form_success", "ab8ffc109a68a44f698fa70519cca8fe", "/early-access", ~N[2025-08-29 19:17:08], ~N[2025-08-29 19:17:08]]
13:17:08.589 request_id=GGBS7BSmyosoDyYAAAEV [info] Analytics event tracked
13:17:08.589 request_id=GGBS7BSmyosoDyYAAAEV [debug] QUERY OK db=0.0ms
SELECT create_analytics_partition_if_not_exists($1::date) [~D[2025-08-29]]
13:17:08.589 request_id=GGBS7BSmyosoDyYAAAEV [debug] QUERY OK source="analytics_events" db=0.0ms
INSERT INTO "analytics_events" ("metadata","event_type","visitor_id","page_path","inserted_at","updated_at") VALUES ($1,$2,$3,$4,$5,$6) RETURNING "id" [%{os: "unknown", source: "landing_page", form_id: "early-access", browser: "unknown", utm_source_platform: nil, utm_source_campaign: nil, utm_source_content: nil, device_type: "unknown", conversion_type: "early_access_signup", email_domain: "example.com"}, "conversion", "ab8ffc109a68a44f698fa70519cca8fe", "/early-access", ~N[2025-08-29 19:17:08], ~N[2025-08-29 19:17:08]]
13:17:08.589 request_id=GGBS7BSmyosoDyYAAAEV [debug] QUERY OK source="fun_with_flags_toggles" db=0.0ms
SELECT f0."id", f0."flag_name", f0."gate_type", f0."target", f0."enabled" FROM "fun_with_flags_toggles" AS f0 WHERE (f0."flag_name" = $1) ["welcome_email_sequence"]
13:17:08.589 request_id=GGBS7BSmyosoDyYAAAEV [debug] Telemetry event: [:fun_with_flags, :persistence, :read], metadata: %{flag_name: :welcome_email_sequence, gate: nil}, measurements: %{system_time: 1756495028589381962}
13:17:08.589 request_id=GGBS7BSmyosoDyYAAAEV [info] [PAGE CONTROLLER] Welcome email sequence is ENABLED, starting sequence
13:17:08.589 request_id=GGBS7BSmyosoDyYAAAEV [info] [PAGE CONTROLLER] About to call EmailSequence.start_early_access_onboarding_sequence
13:17:08.589 request_id=GGBS7BSmyosoDyYAAAEV [info] [EMAIL SEQUENCE] Starting early access onboarding sequence
13:17:08.589 request_id=GGBS7BSmyosoDyYAAAEV [info] [EMAIL SEQUENCE] About to call EmailService.send_early_access_welcome_email
13:17:08.589 request_id=GGBS7BSmyosoDyYAAAEV [info] [EMAIL] send_early_access_welcome_email called
13:17:08.589 request_id=GGBS7BSmyosoDyYAAAEV [info] [EMAIL DEBUG] Full email struct before sending
13:17:08.589 request_id=GGBS7BSmyosoDyYAAAEV [info] [EMAIL DEBUG] Extracted recipient email
13:17:08.589 request_id=GGBS7BSmyosoDyYAAAEV [info] [EMAIL DEBUG] Postmark configuration
13:17:08.589 request_id=GGBS7BSmyosoDyYAAAEV [info] [EMAIL DEBUG] Email configuration
13:17:08.589 request_id=GGBS7BSmyosoDyYAAAEV [info] [EMAIL] Attempting to send email via Postmark
13:17:08.589 request_id=GGBS7BSmyosoDyYAAAEV [debug] Sending email with Bamboo.TestAdapter:

%Bamboo.Email{from: {"RSOLV Team", "support@rsolv.dev"}, to: [nil: "test@example.com"], cc: [], bcc: [], subject: "Welcome to RSOLV Early Access Program", html_body: "<div style=\"font-family: 'Helvetica Neue', Helvetica, Arial, sans-serif; max-width: 600px; margin: 0 auto; padding: 20px;\">\n  <h1 style=\"color: #2C3E50; margin-bottom: 20px;\">Welcome to RSOLV Early Access Program!</h1>\n\n  <p>Hi Test,</p>\n\n  <p>Thank you for joining our Early Access Program! You're now part of an exclusive group getting first access to RSOLV.</p>\n\n  <p>Here's what you need to know:</p>\n\n  <ul>\n    <li>You have full access to all current features</li>\n    <li>Your feedback is incredibly valuable to us during this phase</li>\n    <li>You'll receive priority support via email</li>\n  </ul>\n\n  <p>To get started with RSOLV:</p>\n\n  <ol>\n    <li><strong>Your API key will be sent in a follow-up email within 24 hours</strong></li>\n    <li>Once you receive your API key, install our GitHub Action (code below)</li>\n    <li>Set up your repository secrets with your API key</li>\n    <li>Tag your first issues with \"rsolv:automate\"</li>\n  </ol>\n\n  <div style=\"background-color: #fff3cd; border: 1px solid #ffeaa7; color: #856404; padding: 10px; border-radius: 5px; margin: 15px 0;\">\n    <strong>⏳ API Key Coming Soon:</strong> We'll send your personal API key within 24 hours. Look for an email with subject \"Your RSOLV API Key\".\n  </div>\n\n  <div style=\"background-color: #f8f9fa; padding: 15px; border-radius: 5px; margin: 20px 0;\">\n    <pre style=\"margin: 0; overflow-x: auto; white-space: pre-wrap; font-family: monospace;\">name: RSOLV AutoFix\non:\n  issues:\n    types: [opened, edited, labeled]\n\njobs:\n  autofix:\n    runs-on: ubuntu-latest\n    if: contains(github.event.issue.labels.*.name, 'rsolv:automate')\n    steps:\n      - uses: RSOLV-dev/rsolv-action@v1\n        with:\n          github-token: ${{ secrets.GITHUB_TOKEN }}\n          rsolv-api-key: ${{ secrets.RSOLV_API_KEY }}</pre>\n  </div>\n\n  <p>Need help? As an Early Access member, you have priority support - contact us at <a href=\"mailto:support@rsolv.dev\">support@rsolv.dev</a> and we'll personally assist you.</p>\n\n  <p>Your trial includes unlimited automated fixes during the Early Access period.</p>\n\n  <div style=\"margin-top: 30px; padding: 15px; border: 1px solid #e0e0e0; border-radius: 5px; background-color: #f9f9f9;\">\n    <h3 style=\"margin-top: 0; color: #2C3E50;\">Early Access Program Benefits</h3>\n    <ul>\n      <li>Unlimited usage during Early Access</li>\n      <li>Priority support and feature requests</li>\n      <li>Exclusive pricing when we launch</li>\n      <li>Direct access to our development team</li>\n    </ul>\n  </div>\n\n  <p>Best,<br>The RSOLV Team</p>\n\n  <div class=\"footer\" style=\"margin-top: 40px; padding-top: 20px; border-top: 1px solid #e0e0e0; font-size: 0.9em; color: #666;\">\n    <p>\n      You're receiving this email because you joined the RSOLV Early Access Program.\n      <br>\n      If you have any questions, simply reply to this email.\n    </p>\n    <p>\n      RSOLV, Inc. • support@rsolv.dev • © 2025\n    </p>\n    <p>\n      <a href=\"https://rsolv.dev/unsubscribe?email=test@example.com\">Unsubscribe</a> from these emails.\n    </p>\n  </div>\n</div>\n", text_body: "Welcome to RSOLV Early Access Program!\n\nHi Test,\n\nThank you for joining our Early Access Program! You're now part of an exclusive group getting first access to RSOLV.\n\nHere's what you need to know:\n- You have full access to all current features\n- Your feedback is incredibly valuable to us during this phase\n- You'll receive priority support via email\n\nTo get started with RSOLV:\n1. Your API key will be sent in a follow-up email within 24 hours\n2. Once you receive your API key, install our GitHub Action\n3. Set up your repository secrets with your API key\n4. Tag your first issues with \"AUTOFIX\"\n\n⏳ API KEY COMING SOON: We'll send your personal API key within 24 hours. Look for an email with subject \"Your RSOLV API Key\".\n\nNeed help? As an Early Access member, you have priority support - contact us at support@rsolv.dev and we'll personally assist you.\n\nYour trial includes unlimited automated fixes during the Early Access period.\n\nEARLY ACCESS PROGRAM BENEFITS:\n* Unlimited usage during Early Access\n* Priority support and feature requests\n* Exclusive pricing when we launch\n* Direct access to our development team\n\nBest,\nThe RSOLV Team\n\n---\nYou're receiving this email because you joined the RSOLV Early Access Program.\nIf you have any questions, simply reply to this email.\n\nRSOLV, Inc. • support@rsolv.dev\n\nTo unsubscribe, visit: https://rsolv.dev/unsubscribe?email=test@example.com\n", headers: %{"X-Postmark-Tag" => "early-access"}, attachments: [], assigns: %{}, private: %{tag: "early-access"}, blocked: false}

13:17:08.589 request_id=GGBS7BSmyosoDyYAAAEV [info] [EMAIL DEBUG] Raw Postmark response
13:17:08.589 request_id=GGBS7BSmyosoDyYAAAEV [info] [EMAIL] Email sent successfully via Postmark
13:17:08.589 request_id=GGBS7BSmyosoDyYAAAEV [info] [EMAIL SEQUENCE] EmailService.send_early_access_welcome_email returned
13:17:08.589 request_id=GGBS7BSmyosoDyYAAAEV [info] Attempting to tag subscriber
13:17:08.589 request_id=GGBS7BSmyosoDyYAAAEV [info] ConvertKit: Attempting to tag test@example.com with tag 7700607
Mock HTTP POST called with URL: https://api.convertkit.com/v3/tags/7700607/subscribe
13:17:08.589 request_id=GGBS7BSmyosoDyYAAAEV [info] ConvertKit: Successfully tagged test@example.com
13:17:08.589 request_id=GGBS7BSmyosoDyYAAAEV [info] [EmailWorker] schedule_sequence called
13:17:08.589 request_id=GGBS7BSmyosoDyYAAAEV [info] [EmailWorker] Found sequence
13:17:08.589 request_id=GGBS7BSmyosoDyYAAAEV [info] [EmailWorker] Processing email config
13:17:08.589 request_id=GGBS7BSmyosoDyYAAAEV [info] [EmailWorker] Skipping immediate email
13:17:08.589 request_id=GGBS7BSmyosoDyYAAAEV [info] [EmailWorker] Processing email config
13:17:08.590 request_id=GGBS7BSmyosoDyYAAAEV [info] [EmailWorker] Scheduling email
13:17:08.590 request_id=GGBS7BSmyosoDyYAAAEV [info] [EmailWorker] Creating Oban job
13:17:08.590 request_id=GGBS7BSmyosoDyYAAAEV [info] [EmailWorker] Job created
13:17:08.590 request_id=GGBS7BSmyosoDyYAAAEV [info] Processing scheduled email
13:17:08.590 request_id=GGBS7BSmyosoDyYAAAEV [error] Failed to send scheduled email
13:17:08.590 request_id=GGBS7BSmyosoDyYAAAEV [info] [EmailWorker] Insert result
13:17:08.590 request_id=GGBS7BSmyosoDyYAAAEV [info] [EmailWorker] Schedule result
13:17:08.590 request_id=GGBS7BSmyosoDyYAAAEV [info] [EmailWorker] Processing email config
13:17:08.590 request_id=GGBS7BSmyosoDyYAAAEV [info] [EmailWorker] Scheduling email
13:17:08.590 request_id=GGBS7BSmyosoDyYAAAEV [info] [EmailWorker] Creating Oban job
13:17:08.590 request_id=GGBS7BSmyosoDyYAAAEV [info] [EmailWorker] Job created
13:17:08.590 request_id=GGBS7BSmyosoDyYAAAEV [info] Processing scheduled email
13:17:08.590 request_id=GGBS7BSmyosoDyYAAAEV [info] [EMAIL DEBUG] Full email struct before sending
13:17:08.590 request_id=GGBS7BSmyosoDyYAAAEV [info] [EMAIL DEBUG] Extracted recipient email
13:17:08.590 request_id=GGBS7BSmyosoDyYAAAEV [info] [EMAIL DEBUG] Postmark configuration
13:17:08.590 request_id=GGBS7BSmyosoDyYAAAEV [info] [EMAIL DEBUG] Email configuration
13:17:08.590 request_id=GGBS7BSmyosoDyYAAAEV [info] [EMAIL] Attempting to send email via Postmark
13:17:08.590 request_id=GGBS7BSmyosoDyYAAAEV [debug] Sending email with Bamboo.TestAdapter:

%Bamboo.Email{from: {"RSOLV Team", "support@rsolv.dev"}, to: [nil: "test@example.com"], cc: [], bcc: [], subject: "Verify Your RSOLV Setup - Need Any Help?", html_body: "<!DOCTYPE html>\n<html lang=\"en\">\n<head>\n  <meta charset=\"UTF-8\">\n  <meta name=\"viewport\" content=\"width=device-width, initial-scale=1.0\">\n  <title>Verify Your RSOLV Setup</title>\n  <style>\n    @import url('https://fonts.googleapis.com/css2?family=Space+Grotesk:wght@300;400;500;700&display=swap');\n    \n    body {\n      font-family: 'Space Grotesk', -apple-system, BlinkMacSystemFont, \"Segoe UI\", Roboto, Helvetica, Arial, sans-serif;\n      line-height: 1.6;\n      color: #333;\n      max-width: 600px;\n      margin: 0 auto;\n      padding: 20px;\n      background-color: #f8f9fa;\n    }\n    .container {\n      background-color: #ffffff;\n      border-radius: 8px;\n      padding: 30px;\n      box-shadow: 0 4px 6px rgba(0, 0, 0, 0.05);\n    }\n    .logo {\n      text-align: center;\n      margin-bottom: 30px;\n    }\n    .logo img {\n      max-width: 200px;\n    }\n    h1, h2, h3 {\n      color: #10b981;\n    }\n    .checklist {\n      background-color: #f3f4f6;\n      padding: 20px;\n      border-radius: 8px;\n      margin: 20px 0;\n    }\n    .checklist-item {\n      display: flex;\n      align-items: center;\n      margin-bottom: 15px;\n    }\n    .checklist-item input[type=\"checkbox\"] {\n      margin-right: 10px;\n    }\n    .status-box {\n      background-color: #fff3cd;\n      border: 1px solid #ffeaa7;\n      padding: 15px;\n      border-radius: 8px;\n      margin: 20px 0;\n    }\n    .success-box {\n      background-color: #d4edda;\n      border: 1px solid #c3e6cb;\n      padding: 15px;\n      border-radius: 8px;\n      margin: 20px 0;\n    }\n    .code {\n      background-color: #2d3748;\n      color: #e2e8f0;\n      padding: 15px;\n      border-radius: 5px;\n      font-family: 'Courier New', monospace;\n      overflow-x: auto;\n      margin: 15px 0;\n    }\n    .cta {\n      background-color: #10b981;\n      color: white;\n      padding: 12px 24px;\n      border-radius: 5px;\n      display: inline-block;\n      text-decoration: none;\n      font-weight: bold;\n      margin: 20px 0;\n    }\n    .footer {\n      margin-top: 40px;\n      font-size: 14px;\n      color: #6b7280;\n      border-top: 1px solid #e5e7eb;\n      padding-top: 20px;\n      text-align: center;\n    }\n  </style>\n</head>\n<body>\n  <div class=\"container\">\n    <div class=\"logo\">\n      <img src=\"https://rsolv.dev/images/rsolv_logo_transparent.png\" alt=\"RSOLV Logo\">\n    </div>\n    \n    <h1>Let's Verify Your RSOLV Setup</h1>\n    \n    <p>Hi {@first_name},</p>\n    \n    <p>It's been a few days since you signed up for RSOLV. We want to make sure you're all set up and ready to benefit from automated security scanning and remediation!</p>\n    \n    <div class=\"checklist\">\n      <h3>Quick Setup Checklist:</h3>\n      <div class=\"checklist-item\">\n        <input type=\"checkbox\" disabled> Connected your repositories for security scanning\n      </div>\n      <div class=\"checklist-item\">\n        <input type=\"checkbox\" disabled> Added the GitHub Action workflow for automated fixes\n      </div>\n      <div class=\"checklist-item\">\n        <input type=\"checkbox\" disabled> Set up your RSOLV_API_KEY as a repository secret\n      </div>\n      <div class=\"checklist-item\">\n        <input type=\"checkbox\" disabled> Reviewed security issues found by RSOLV\n      </div>\n      <div class=\"checklist-item\">\n        <input type=\"checkbox\" disabled> Generated and merged your first security fix PR\n      </div>\n    </div>\n    \n    <h2>Need Help with Setup?</h2>\n    \n    <p>If you haven't completed setup yet, here's a quick reminder of the steps:</p>\n    \n    <div class=\"code\">\n# In .github/workflows/rsolv.yml:\nname: RSOLV Security Fixes\n\non:\n  issues:\n    types: [labeled]\n\njobs:\n  security-fix:\n    if: contains(github.event.issue.labels.*.name, 'rsolv:automate')\n    runs-on: ubuntu-latest\n    steps:\n      - uses: rsolv-dev/rsolv-action@v1\n        with:\n          github-token: ${\"{{ secrets.GITHUB_TOKEN }}\"}\n          rsolv-api-key: ${\"{{ secrets.RSOLV_API_KEY }}\"}\n    </div>\n    \n    <div class=\"status-box\">\n      <strong>🎁 Remember:</strong> Your first 10 fixes are completely free! No credit card required. After that, you only pay $15 per fix that gets deployed.\n   " <> ..., text_body: "Let's Verify Your RSOLV Setup\n\nHi Test,\n\nIt's been a few days since you signed up for RSOLV. We want to make sure you're all set up and ready to automate your issue resolution!\n\nQuick Setup Checklist:\n[ ] Added the GitHub Action workflow to your repository\n[ ] Set up your RSOLV_API_KEY as a repository secret\n[ ] Tagged your first issue with \"rsolv:automate\"\n[ ] Reviewed and merged your first automated PR\n\nNeed Help with Setup?\nIf you haven't completed setup yet, visit: https://rsolv.dev/docs/getting-started\n\nRemember: Your first 10 fixes are completely free! No credit card required. After that, you only pay $15 per fix that gets deployed.\n\nCommon Questions:\n- Where do I get my API key? Check your welcome email or visit your dashboard\n- Can I use RSOLV on private repos? Yes! RSOLV works with both public and private repositories\n- What types of issues can RSOLV fix? Bug fixes, security vulnerabilities, performance issues, and more\n- How secure is it? We analyze every fix for security vulnerabilities before creating PRs\n\nPro Tip: Start with a simple issue first - something like \"Fix typo in README\" or \"Update deprecated function calls\".\n\nReady to get started? Tag an issue with \"rsolv:automate\" and watch the magic happen!\n\nIf you're stuck or have questions, just reply to this email.\n\nBest regards,\nThe RSOLV Team\n\n---\nTo unsubscribe, visit: https://rsolv.dev/unsubscribe?email=test@example.com\n", headers: %{"X-Postmark-Tag" => "setup-verification"}, attachments: [], assigns: %{}, private: %{tag: "setup-verification"}, blocked: false}

13:17:08.590 request_id=GGBS7BSmyosoDyYAAAEV [info] [EMAIL DEBUG] Raw Postmark response
13:17:08.590 request_id=GGBS7BSmyosoDyYAAAEV [info] [EMAIL] Email sent successfully via Postmark
13:17:08.590 request_id=GGBS7BSmyosoDyYAAAEV [info] Successfully sent scheduled email
13:17:08.590 request_id=GGBS7BSmyosoDyYAAAEV [info] [EmailWorker] Insert result
13:17:08.590 request_id=GGBS7BSmyosoDyYAAAEV [info] [EmailWorker] Schedule result
13:17:08.590 request_id=GGBS7BSmyosoDyYAAAEV [info] [EmailWorker] Processing email config
13:17:08.590 request_id=GGBS7BSmyosoDyYAAAEV [info] [EmailWorker] Scheduling email
13:17:08.590 request_id=GGBS7BSmyosoDyYAAAEV [info] [EmailWorker] Creating Oban job
13:17:08.590 request_id=GGBS7BSmyosoDyYAAAEV [info] [EmailWorker] Job created
13:17:08.590 request_id=GGBS7BSmyosoDyYAAAEV [info] Processing scheduled email
13:17:08.591 request_id=GGBS7BSmyosoDyYAAAEV [info] [EMAIL DEBUG] Full email struct before sending
13:17:08.591 request_id=GGBS7BSmyosoDyYAAAEV [info] [EMAIL DEBUG] Extracted recipient email
13:17:08.591 request_id=GGBS7BSmyosoDyYAAAEV [info] [EMAIL DEBUG] Postmark configuration
13:17:08.591 request_id=GGBS7BSmyosoDyYAAAEV [info] [EMAIL DEBUG] Email configuration
13:17:08.591 request_id=GGBS7BSmyosoDyYAAAEV [info] [EMAIL] Attempting to send email via Postmark
13:17:08.591 request_id=GGBS7BSmyosoDyYAAAEV [debug] Sending email with Bamboo.TestAdapter:

%Bamboo.Email{from: {"RSOLV Team", "support@rsolv.dev"}, to: [nil: "test@example.com"], cc: [], bcc: [], subject: "Advanced RSOLV Features You Might Have Missed", html_body: "<!DOCTYPE html>\n<html lang=\"en\">\n<head>\n  <meta charset=\"UTF-8\">\n  <meta name=\"viewport\" content=\"width=device-width, initial-scale=1.0\">\n  <title>Advanced RSOLV Features</title>\n  <style>\n    @import url('https://fonts.googleapis.com/css2?family=Space+Grotesk:wght@300;400;500;700&display=swap');\n    \n    body {\n      font-family: 'Space Grotesk', -apple-system, BlinkMacSystemFont, \"Segoe UI\", Roboto, Helvetica, Arial, sans-serif;\n      line-height: 1.6;\n      color: #333;\n      max-width: 600px;\n      margin: 0 auto;\n      padding: 20px;\n      background-color: #f8f9fa;\n    }\n    .container {\n      background-color: #ffffff;\n      border-radius: 8px;\n      padding: 30px;\n      box-shadow: 0 4px 6px rgba(0, 0, 0, 0.05);\n    }\n    .logo {\n      text-align: center;\n      margin-bottom: 30px;\n    }\n    .logo img {\n      max-width: 200px;\n    }\n    h1, h2, h3 {\n      color: #10b981;\n    }\n    .feature-card {\n      background-color: #f3f4f6;\n      padding: 20px;\n      border-radius: 8px;\n      margin-bottom: 20px;\n      border-left: 4px solid #10b981;\n    }\n    .feature-card h3 {\n      margin-top: 0;\n    }\n    .code {\n      background-color: #2d3748;\n      color: #e2e8f0;\n      padding: 15px;\n      border-radius: 5px;\n      font-family: 'Courier New', monospace;\n      overflow-x: auto;\n      margin: 15px 0;\n      font-size: 14px;\n    }\n    .pro-tip {\n      background-color: #fff3cd;\n      border: 1px solid #ffeaa7;\n      padding: 15px;\n      border-radius: 8px;\n      margin: 20px 0;\n    }\n    .security-highlight {\n      background-color: #d4edda;\n      border: 1px solid #c3e6cb;\n      padding: 15px;\n      border-radius: 8px;\n      margin: 20px 0;\n    }\n    .cta {\n      background-color: #10b981;\n      color: white;\n      padding: 12px 24px;\n      border-radius: 5px;\n      display: inline-block;\n      text-decoration: none;\n      font-weight: bold;\n      margin: 20px 0;\n    }\n    .footer {\n      margin-top: 40px;\n      font-size: 14px;\n      color: #6b7280;\n      border-top: 1px solid #e5e7eb;\n      padding-top: 20px;\n      text-align: center;\n    }\n  </style>\n</head>\n<body>\n  <div class=\"container\">\n    <div class=\"logo\">\n      <img src=\"https://rsolv.dev/images/rsolv_logo_transparent.png\" alt=\"RSOLV Logo\">\n    </div>\n    \n    <h1>Unlock the Full Power of RSOLV</h1>\n    \n    <p>Hi {@first_name},</p>\n    \n    <p>You've been using RSOLV for a few days now. Here are some advanced features and techniques that can help you get even more value from automated security scanning and vulnerability remediation:</p>\n    \n    <div class=\"feature-card\">\n      <h3>🎯 Understanding RSOLV's Proactive Scanning</h3>\n      <p>RSOLV continuously scans your repositories for security vulnerabilities and automatically creates issues with detailed remediation plans:</p>\n      <ul>\n        <li><strong>Automated detection:</strong> Scans all files for 180+ vulnerability patterns (and growing)</li>\n        <li><strong>Smart grouping:</strong> Groups similar issues for efficient review</li>\n        <li><strong>Detailed reports:</strong> Shows exact file locations and vulnerable code</li>\n        <li><strong>Fix generation:</strong> Creates secure PRs that address root causes</li>\n      </ul>\n    </div>\n    \n    <div class=\"feature-card\">\n      <h3>🔒 Comprehensive Security Coverage</h3>\n      <p>RSOLV proactively detects and fixes these vulnerability types across your codebase:</p>\n      <ul>\n        <li>SQL/NoSQL injection vulnerabilities</li>\n        <li>Cross-site scripting (XSS) risks</li>\n        <li>Authentication/authorization flaws</li>\n        <li>Insecure cryptographic implementations</li>\n        <li>Hardcoded secrets and API keys</li>\n        <li>Path traversal and open redirects</li>\n        <li>Insecure dependencies and configurations</li>\n      </ul>\n      <p>Each PR includes a detailed security impact assessment and verification tests.</p>\n    </div>\n    \n    <div class=\"security-highlight\">\n      <strong>🛡️ Security Example:</strong> When RSOLV detects unsafe user input handling, it automatically generates fixes with proper sanitization, p" <> ..., text_body: "Unlock the Full Power of RSOLV\n\nHi Test,\n\nYou've been using RSOLV for a few days now. Here are some advanced features and techniques:\n\n1. Writing Better Issues for Better Fixes:\n   - Include error messages: Copy the full stack trace\n   - Specify the file/function: \"Fix pagination in UserList.js\"\n   - Describe expected behavior: \"Should show 10 users per page\"\n   - Add context: \"This broke after upgrading to React 18\"\n\n2. Security-First Fixes:\n   RSOLV automatically scans for:\n   - SQL injection vulnerabilities\n   - Cross-site scripting (XSS) risks\n   - Authentication/authorization issues\n   - Insecure dependencies\n   - Hardcoded secrets or API keys\n\n3. Batch Processing:\n   Tag multiple issues with \"rsolv:automate\" and RSOLV creates separate PRs for each.\n\n4. Customizing RSOLV Behavior:\n   Add these tags to your issues:\n   - [performance] - Optimize for speed\n   - [security] - Extra security focus\n   - [minimal] - Smallest possible change\n   - [refactor] - Clean up while fixing\n\nComing Soon:\n- Support for more languages (Go, Rust, PHP)\n- Custom fix preferences per repository\n- Team collaboration features\n- Integration with more platforms\n\nHave a feature request? Just reply to this email!\n\nView advanced documentation: https://rsolv.dev/docs/advanced\n\nBest regards,\nThe RSOLV Team\n\n---\nTo unsubscribe, visit: https://rsolv.dev/unsubscribe?email=test@example.com\n", headers: %{"X-Postmark-Tag" => "feature-deep-dive"}, attachments: [], assigns: %{}, private: %{tag: "feature-deep-dive"}, blocked: false}

13:17:08.591 request_id=GGBS7BSmyosoDyYAAAEV [info] [EMAIL DEBUG] Raw Postmark response
13:17:08.591 request_id=GGBS7BSmyosoDyYAAAEV [info] [EMAIL] Email sent successfully via Postmark
13:17:08.591 request_id=GGBS7BSmyosoDyYAAAEV [info] Successfully sent scheduled email
13:17:08.591 request_id=GGBS7BSmyosoDyYAAAEV [info] [EmailWorker] Insert result
13:17:08.591 request_id=GGBS7BSmyosoDyYAAAEV [info] [EmailWorker] Schedule result
13:17:08.591 request_id=GGBS7BSmyosoDyYAAAEV [info] [EmailWorker] Processing email config
13:17:08.591 request_id=GGBS7BSmyosoDyYAAAEV [info] [EmailWorker] Scheduling email
13:17:08.591 request_id=GGBS7BSmyosoDyYAAAEV [info] [EmailWorker] Creating Oban job
13:17:08.591 request_id=GGBS7BSmyosoDyYAAAEV [info] [EmailWorker] Job created
13:17:08.591 request_id=GGBS7BSmyosoDyYAAAEV [info] Processing scheduled email
13:17:08.591 request_id=GGBS7BSmyosoDyYAAAEV [info] [EMAIL DEBUG] Full email struct before sending
13:17:08.591 request_id=GGBS7BSmyosoDyYAAAEV [info] [EMAIL DEBUG] Extracted recipient email
13:17:08.591 request_id=GGBS7BSmyosoDyYAAAEV [info] [EMAIL DEBUG] Postmark configuration
13:17:08.591 request_id=GGBS7BSmyosoDyYAAAEV [info] [EMAIL DEBUG] Email configuration
13:17:08.591 request_id=GGBS7BSmyosoDyYAAAEV [info] [EMAIL] Attempting to send email via Postmark
13:17:08.591 request_id=GGBS7BSmyosoDyYAAAEV [debug] Sending email with Bamboo.TestAdapter:

%Bamboo.Email{from: {"RSOLV Team", "support@rsolv.dev"}, to: [nil: "test@example.com"], cc: [], bcc: [], subject: "How's Your Experience with RSOLV?", html_body: "<!DOCTYPE html>\n<html lang=\"en\">\n<head>\n  <meta charset=\"UTF-8\">\n  <meta name=\"viewport\" content=\"width=device-width, initial-scale=1.0\">\n  <title>How's Your RSOLV Experience?</title>\n  <style>\n    @import url('https://fonts.googleapis.com/css2?family=Space+Grotesk:wght@300;400;500;700&display=swap');\n    \n    body {\n      font-family: 'Space Grotesk', -apple-system, BlinkMacSystemFont, \"Segoe UI\", Roboto, Helvetica, Arial, sans-serif;\n      line-height: 1.6;\n      color: #333;\n      max-width: 600px;\n      margin: 0 auto;\n      padding: 20px;\n      background-color: #f8f9fa;\n    }\n    .container {\n      background-color: #ffffff;\n      border-radius: 8px;\n      padding: 30px;\n      box-shadow: 0 4px 6px rgba(0, 0, 0, 0.05);\n    }\n    .logo {\n      text-align: center;\n      margin-bottom: 30px;\n    }\n    .logo img {\n      max-width: 200px;\n    }\n    h1, h2, h3 {\n      color: #10b981;\n    }\n    .survey-card {\n      background-color: #f3f4f6;\n      padding: 20px;\n      border-radius: 8px;\n      margin: 20px 0;\n      text-align: center;\n    }\n    .rating-container {\n      display: flex;\n      justify-content: center;\n      gap: 10px;\n      margin: 20px 0;\n    }\n    .rating-box {\n      width: 40px;\n      height: 40px;\n      border: 2px solid #10b981;\n      border-radius: 8px;\n      display: flex;\n      align-items: center;\n      justify-content: center;\n      text-decoration: none;\n      color: #10b981;\n      font-weight: bold;\n      transition: all 0.3s ease;\n    }\n    .rating-box:hover {\n      background-color: #10b981;\n      color: white;\n    }\n    .question-box {\n      background-color: #f9fafb;\n      padding: 20px;\n      border-radius: 8px;\n      margin: 20px 0;\n      border-left: 4px solid #10b981;\n    }\n    .success-story {\n      background-color: #d4edda;\n      border: 1px solid #c3e6cb;\n      padding: 15px;\n      border-radius: 8px;\n      margin: 20px 0;\n    }\n    .cta {\n      background-color: #10b981;\n      color: white;\n      padding: 12px 24px;\n      border-radius: 5px;\n      display: inline-block;\n      text-decoration: none;\n      font-weight: bold;\n      margin: 20px 0;\n    }\n    .cta-secondary {\n      background-color: #6b7280;\n      color: white;\n      padding: 12px 24px;\n      border-radius: 5px;\n      display: inline-block;\n      text-decoration: none;\n      font-weight: bold;\n      margin: 20px 0;\n    }\n    .footer {\n      margin-top: 40px;\n      font-size: 14px;\n      color: #6b7280;\n      border-top: 1px solid #e5e7eb;\n      padding-top: 20px;\n      text-align: center;\n    }\n  </style>\n</head>\n<body>\n  <div class=\"container\">\n    <div class=\"logo\">\n      <img src=\"https://rsolv.dev/images/rsolv_logo_transparent.png\" alt=\"RSOLV Logo\">\n    </div>\n    \n    <h1>Quick Check-In: How's RSOLV Working for You?</h1>\n    \n    <p>Hi {@first_name},</p>\n    \n    <p>You've been using RSOLV for a week now, and we'd love to hear about your experience! Your feedback helps us make RSOLV better for everyone.</p>\n    \n    <div class=\"survey-card\">\n      <h3>How likely are you to recommend RSOLV to a colleague?</h3>\n      <p>Click a number below:</p>\n      <div class=\"rating-container\">\n        <a href=\"https://rsolv.dev/feedback?rating=1&email={@email}\" class=\"rating-box\">1</a>\n        <a href=\"https://rsolv.dev/feedback?rating=2&email={@email}\" class=\"rating-box\">2</a>\n        <a href=\"https://rsolv.dev/feedback?rating=3&email={@email}\" class=\"rating-box\">3</a>\n        <a href=\"https://rsolv.dev/feedback?rating=4&email={@email}\" class=\"rating-box\">4</a>\n        <a href=\"https://rsolv.dev/feedback?rating=5&email={@email}\" class=\"rating-box\">5</a>\n        <a href=\"https://rsolv.dev/feedback?rating=6&email={@email}\" class=\"rating-box\">6</a>\n        <a href=\"https://rsolv.dev/feedback?rating=7&email={@email}\" class=\"rating-box\">7</a>\n        <a href=\"https://rsolv.dev/feedback?rating=8&email={@email}\" class=\"rating-box\">8</a>\n        <a href=\"https://rsolv.dev/feedback?rating=9&email={@email}\" class=\"rating-box\">9</a>\n        <a href=\"https://rsolv.dev/feedback?rating=10&email={@email}\" class=\"rating-box\">10</a>\n      </div>\n" <> ..., text_body: "Quick Check-In: How's RSOLV Working for You?\n\nHi Test,\n\nYou've been using RSOLV for a week now, and we'd love to hear about your experience!\n\nHow likely are you to recommend RSOLV to a colleague?\nRate us from 1-10: https://rsolv.dev/feedback?email=test@example.com\n\nThree Quick Questions:\n1. What's been your favorite RSOLV fix so far?\n2. What feature would you like to see next?\n3. Any challenges or friction points?\n\nJust hit reply and share your thoughts - we read every response!\n\nDid You Know?\nHere are some ways other teams are using RSOLV:\n- Security audits: Tag all security-related issues for automated fixes\n- Tech debt cleanup: Fix deprecated function calls across the codebase\n- Onboarding tool: Let new devs see how fixes should be implemented\n- Weekend warrior: Queue up fixes on Friday, review on Monday\n\nThanks for being an early adopter!\n\nBest regards,\nDylan & The RSOLV Team\n\nP.S. If RSOLV has saved you time this week, we'd love to hear about it!\n\n---\nTo unsubscribe, visit: https://rsolv.dev/unsubscribe?email=test@example.com\n", headers: %{"X-Postmark-Tag" => "feedback-request"}, attachments: [], assigns: %{}, private: %{tag: "feedback-request"}, blocked: false}

13:17:08.591 request_id=GGBS7BSmyosoDyYAAAEV [info] [EMAIL DEBUG] Raw Postmark response
13:17:08.591 request_id=GGBS7BSmyosoDyYAAAEV [info] [EMAIL] Email sent successfully via Postmark
13:17:08.591 request_id=GGBS7BSmyosoDyYAAAEV [info] Successfully sent scheduled email
13:17:08.592 request_id=GGBS7BSmyosoDyYAAAEV [info] [EmailWorker] Insert result
13:17:08.592 request_id=GGBS7BSmyosoDyYAAAEV [info] [EmailWorker] Schedule result
13:17:08.592 request_id=GGBS7BSmyosoDyYAAAEV [info] [EmailWorker] Processing email config
13:17:08.592 request_id=GGBS7BSmyosoDyYAAAEV [info] [EmailWorker] Scheduling email
13:17:08.592 request_id=GGBS7BSmyosoDyYAAAEV [info] [EmailWorker] Creating Oban job
13:17:08.592 request_id=GGBS7BSmyosoDyYAAAEV [info] [EmailWorker] Job created
13:17:08.592 request_id=GGBS7BSmyosoDyYAAAEV [info] Processing scheduled email
13:17:08.592 request_id=GGBS7BSmyosoDyYAAAEV [info] [EMAIL DEBUG] Full email struct before sending
13:17:08.592 request_id=GGBS7BSmyosoDyYAAAEV [info] [EMAIL DEBUG] Extracted recipient email
13:17:08.592 request_id=GGBS7BSmyosoDyYAAAEV [info] [EMAIL DEBUG] Postmark configuration
13:17:08.592 request_id=GGBS7BSmyosoDyYAAAEV [info] [EMAIL DEBUG] Email configuration
13:17:08.592 request_id=GGBS7BSmyosoDyYAAAEV [info] [EMAIL] Attempting to send email via Postmark
13:17:08.592 request_id=GGBS7BSmyosoDyYAAAEV [debug] Sending email with Bamboo.TestAdapter:

%Bamboo.Email{from: {"RSOLV Team", "support@rsolv.dev"}, to: [nil: "test@example.com"], cc: [], bcc: [], subject: "Your RSOLV Success Report", html_body: "<!DOCTYPE html>\n<html lang=\"en\">\n<head>\n  <meta charset=\"UTF-8\">\n  <meta name=\"viewport\" content=\"width=device-width, initial-scale=1.0\">\n  <title>Your RSOLV Success Report</title>\n  <style>\n    @import url('https://fonts.googleapis.com/css2?family=Space+Grotesk:wght@300;400;500;700&display=swap');\n    \n    body {\n      font-family: 'Space Grotesk', -apple-system, BlinkMacSystemFont, \"Segoe UI\", Roboto, Helvetica, Arial, sans-serif;\n      line-height: 1.6;\n      color: #333;\n      max-width: 600px;\n      margin: 0 auto;\n      padding: 20px;\n      background-color: #f8f9fa;\n    }\n    .container {\n      background-color: #ffffff;\n      border-radius: 8px;\n      padding: 30px;\n      box-shadow: 0 4px 6px rgba(0, 0, 0, 0.05);\n    }\n    .logo {\n      text-align: center;\n      margin-bottom: 30px;\n    }\n    .logo img {\n      max-width: 200px;\n    }\n    h1, h2, h3 {\n      color: #10b981;\n    }\n    .stats-grid {\n      display: grid;\n      grid-template-columns: 1fr 1fr;\n      gap: 20px;\n      margin: 30px 0;\n    }\n    .stat-card {\n      background-color: #f3f4f6;\n      padding: 20px;\n      border-radius: 8px;\n      text-align: center;\n      border-top: 4px solid #10b981;\n    }\n    .stat-number {\n      font-size: 36px;\n      font-weight: bold;\n      color: #10b981;\n      margin: 10px 0;\n    }\n    .stat-label {\n      color: #6b7280;\n      font-size: 14px;\n    }\n    .achievement-banner {\n      background: linear-gradient(135deg, #10b981 0%, #059669 100%);\n      color: white;\n      padding: 20px;\n      border-radius: 8px;\n      text-align: center;\n      margin: 20px 0;\n    }\n    .timeline {\n      margin: 30px 0;\n    }\n    .timeline-item {\n      display: flex;\n      margin-bottom: 20px;\n      align-items: flex-start;\n    }\n    .timeline-marker {\n      width: 40px;\n      height: 40px;\n      background-color: #10b981;\n      color: white;\n      border-radius: 50%;\n      display: flex;\n      align-items: center;\n      justify-content: center;\n      flex-shrink: 0;\n      margin-right: 15px;\n    }\n    .timeline-content {\n      flex-grow: 1;\n    }\n    .pricing-highlight {\n      background-color: #fff3cd;\n      border: 1px solid #ffeaa7;\n      padding: 20px;\n      border-radius: 8px;\n      margin: 20px 0;\n      text-align: center;\n    }\n    .cta {\n      background-color: #10b981;\n      color: white;\n      padding: 12px 24px;\n      border-radius: 5px;\n      display: inline-block;\n      text-decoration: none;\n      font-weight: bold;\n      margin: 20px 0;\n    }\n    .cta-secondary {\n      background-color: #2563eb;\n      color: white;\n      padding: 12px 24px;\n      border-radius: 5px;\n      display: inline-block;\n      text-decoration: none;\n      font-weight: bold;\n      margin: 20px 0;\n    }\n    .footer {\n      margin-top: 40px;\n      font-size: 14px;\n      color: #6b7280;\n      border-top: 1px solid #e5e7eb;\n      padding-top: 20px;\n      text-align: center;\n    }\n    @media (max-width: 600px) {\n      .stats-grid {\n        grid-template-columns: 1fr;\n      }\n    }\n  </style>\n</head>\n<body>\n  <div class=\"container\">\n    <div class=\"logo\">\n      <img src=\"https://rsolv.dev/images/rsolv_logo_transparent.png\" alt=\"RSOLV Logo\">\n    </div>\n    \n    <h1>Your 2-Week RSOLV Success Report 🎉</h1>\n    \n    <p>Hi {@first_name},</p>\n    \n    <p>Congratulations! You've been using RSOLV for two weeks. Here's a snapshot of what we've accomplished together:</p>\n    \n    <div class=\"stats-grid\">\n      <div class=\"stat-card\">\n        <div class=\"stat-label\">Issues Fixed</div>\n        <div class=\"stat-number\">{Map.get(@usage_stats || %{}, :issues_fixed, 0)}</div>\n      </div>\n      <div class=\"stat-card\">\n        <div class=\"stat-label\">PRs Created</div>\n        <div class=\"stat-number\">{Map.get(@usage_stats || %{}, :prs_created, 0)}</div>\n      </div>\n      <div class=\"stat-card\">\n        <div class=\"stat-label\">Time Saved</div>\n        <div class=\"stat-number\">{Map.get(@usage_stats || %{}, :time_saved, \"0 hrs\")}</div>\n      </div>\n      <div class=\"stat-card\">\n        <div class=\"stat-label\">Security Issues Found</div>\n        <div class=\"stat-number\">{Map.ge" <> ..., text_body: "Your 2-Week RSOLV Success Report\n\nHi Test,\n\nCongratulations! You've been using RSOLV for two weeks. Here's what we've accomplished together:\n\nYour Stats:\n- Issues Fixed: Check your dashboard\n- PRs Created: Check your dashboard\n- Time Saved: Check your dashboard\n- Security Issues Found: Check your dashboard\n\nYour Trial Status:\nCheck how many free fixes you have remaining at: https://rsolv.dev/dashboard\n\nWhat's Next?\n- Expand to more repositories\n- Automate security audits\n- Clean up tech debt\n- Train your team\n\nNeed Help Scaling Up?\nI'd love to help you get even more value from RSOLV:\n- Schedule a 15-minute optimization call\n- Get best practices for your specific tech stack\n- Learn about volume discounts for teams\n\nJust reply to this email and let me know how I can help!\n\nThanks for being part of the RSOLV community.\n\nBest regards,\nDylan Fitzgerald\nFounder, RSOLV\n\nP.S. If RSOLV has been valuable to your team, I'd be grateful if you could share a quick testimonial.\n\n---\nTo unsubscribe, visit: https://rsolv.dev/unsubscribe?email=test@example.com\n", headers: %{"X-Postmark-Tag" => "success-checkin"}, attachments: [], assigns: %{}, private: %{tag: "success-checkin"}, blocked: false}

13:17:08.592 request_id=GGBS7BSmyosoDyYAAAEV [info] [EMAIL DEBUG] Raw Postmark response
13:17:08.592 request_id=GGBS7BSmyosoDyYAAAEV [info] [EMAIL] Email sent successfully via Postmark
13:17:08.592 request_id=GGBS7BSmyosoDyYAAAEV [info] Successfully sent scheduled email
13:17:08.592 request_id=GGBS7BSmyosoDyYAAAEV [info] [EmailWorker] Insert result
13:17:08.592 request_id=GGBS7BSmyosoDyYAAAEV [info] [EmailWorker] Schedule result
13:17:08.592 request_id=GGBS7BSmyosoDyYAAAEV [info] [PAGE CONTROLLER] EmailSequence.start_early_access_onboarding_sequence returned
13:17:08.592 request_id=GGBS7BSmyosoDyYAAAEV [debug] Sending email with Bamboo.TestAdapter:

%Bamboo.Email{from: {"RSOLV Team", "support@rsolv.dev"}, to: [nil: "admin@rsolv.dev"], cc: [], bcc: [], subject: "🎉 New RSOLV Signup: test@example.com", html_body: "<!DOCTYPE html>\n<html>\n<head>\n  <meta charset=\"utf-8\">\n  <style>\n    body { font-family: -apple-system, BlinkMacSystemFont, 'Segoe UI', Roboto, sans-serif; line-height: 1.6; color: #333; }\n    .container { max-width: 600px; margin: 0 auto; padding: 20px; }\n    .header { background: #10b981; color: white; padding: 20px; border-radius: 8px 8px 0 0; }\n    .content { background: #f9fafb; padding: 20px; border: 1px solid #e5e7eb; border-radius: 0 0 8px 8px; }\n    .metric { display: inline-block; margin: 10px 20px 10px 0; }\n    .metric-label { font-size: 12px; color: #6b7280; text-transform: uppercase; }\n    .metric-value { font-size: 18px; font-weight: bold; color: #111827; }\n    .details { background: white; padding: 15px; border-radius: 4px; margin: 15px 0; }\n    .detail-row { display: flex; justify-content: space-between; padding: 8px 0; border-bottom: 1px solid #f3f4f6; }\n    .detail-row:last-child { border-bottom: none; }\n    .detail-label { font-weight: 500; color: #6b7280; }\n    .detail-value { color: #111827; }\n    .utm-badge { display: inline-block; background: #dbeafe; color: #1e40af; padding: 2px 8px; border-radius: 4px; font-size: 12px; margin-left: 4px; }\n  </style>\n</head>\n<body>\n  <div class=\"container\">\n    <div class=\"header\">\n      <h1 style=\"margin: 0; font-size: 24px;\">🎉 New RSOLV Signup!</h1>\n      <p style=\"margin: 5px 0 0 0; opacity: 0.9;\">August 29, 2025 at 07:17 PM UTC</p>\n    </div>\n    \n    <div class=\"content\">\n      <div class=\"metric\">\n        <div class=\"metric-label\">Email</div>\n        <div class=\"metric-value\">test@example.com</div>\n      </div>\n      \n      \n      \n      <div class=\"details\">\n        <h3 style=\"margin-top: 0;\">Signup Details</h3>\n        \n        <div class=\"detail-row\">\n          <span class=\"detail-label\">Source</span>\n          <span class=\"detail-value\">\n            landing_page\n            \n          </span>\n        </div>\n        \n        \n        \n        \n        \n        \n      </div>\n      \n      <div style=\"margin-top: 20px; text-align: center;\">\n        <a href=\"https://rsolv.dev/live/dashboard\" style=\"display: inline-block; background: #10b981; color: white; padding: 10px 20px; text-decoration: none; border-radius: 4px;\">\n          View Dashboard\n        </a>\n      </div>\n    </div>\n  </div>\n</body>\n</html>\n", text_body: "🎉 New RSOLV Signup!\n\nEmail: test@example.com\n\nTime: August 29, 2025 at 07:17 PM UTC\n\nSource Details:\n- Source: landing_page\n\n\n\n\n\nView full dashboard: https://rsolv.dev/live/dashboard\n", headers: %{"Message-ID" => "<1756495028.200623@rsolv.dev>", "X-Postmark-Tag" => "admin-notification", "X-Priority" => "1"}, attachments: [], assigns: %{}, private: %{tag: "admin-notification"}, blocked: false}

13:17:08.592 request_id=GGBS7BSmyosoDyYAAAEV [info] Admin notification sent for new signup
13:17:08.592 request_id=GGBS7BSmyosoDyYAAAEV [info] Sent 302 in 6ms
.13:17:08.593 [debug] QUERY OK source="fun_with_flags_toggles" db=0.1ms queue=0.1ms
INSERT INTO "fun_with_flags_toggles" AS f0 ("enabled","target","flag_name","gate_type") VALUES ($1,$2,$3,$4) ON CONFLICT ("flag_name","gate_type","target") DO UPDATE SET "enabled" = $5 RETURNING "id" [true, "_fwf_none", "early_access_signup", "boolean", true]
13:17:08.593 [debug] QUERY OK source="fun_with_flags_toggles" db=0.1ms
SELECT f0."id", f0."flag_name", f0."gate_type", f0."target", f0."enabled" FROM "fun_with_flags_toggles" AS f0 WHERE (f0."flag_name" = $1) ["early_access_signup"]
13:17:08.593 [debug] Telemetry event: [:fun_with_flags, :persistence, :write], metadata: %{flag_name: :early_access_signup, gate: %FunWithFlags.Gate{type: :boolean, for: nil, enabled: true}}, measurements: %{system_time: 1756495028593684021}
13:17:08.593 [debug] QUERY OK source="fun_with_flags_toggles" db=0.0ms
INSERT INTO "fun_with_flags_toggles" AS f0 ("enabled","target","flag_name","gate_type") VALUES ($1,$2,$3,$4) ON CONFLICT ("flag_name","gate_type","target") DO UPDATE SET "enabled" = $5 RETURNING "id" [true, "_fwf_none", "welcome_email_sequence", "boolean", true]
13:17:08.593 [debug] QUERY OK source="fun_with_flags_toggles" db=0.0ms
SELECT f0."id", f0."flag_name", f0."gate_type", f0."target", f0."enabled" FROM "fun_with_flags_toggles" AS f0 WHERE (f0."flag_name" = $1) ["welcome_email_sequence"]
13:17:08.593 [debug] Telemetry event: [:fun_with_flags, :persistence, :write], metadata: %{flag_name: :welcome_email_sequence, gate: %FunWithFlags.Gate{type: :boolean, for: nil, enabled: true}}, measurements: %{system_time: 1756495028593914371}
13:17:08.593 request_id=GGBS7BUVGk5K6f0AAAwW [info] POST /early-access
13:17:08.593 request_id=GGBS7BUVGk5K6f0AAAwW [debug] Processing with RsolvWeb.PageController.submit_early_access/2
  Parameters: %{"email" => "tester@example.com", "signup" => %{"email" => "tester@example.com"}}
  Pipelines: [:browser]
13:17:08.594 request_id=GGBS7BUVGk5K6f0AAAwW [debug] QUERY OK source="fun_with_flags_toggles" db=0.0ms
SELECT f0."id", f0."flag_name", f0."gate_type", f0."target", f0."enabled" FROM "fun_with_flags_toggles" AS f0 WHERE (f0."flag_name" = $1) ["early_access_signup"]
13:17:08.594 request_id=GGBS7BUVGk5K6f0AAAwW [debug] Telemetry event: [:fun_with_flags, :persistence, :read], metadata: %{flag_name: :early_access_signup, gate: nil}, measurements: %{system_time: 1756495028594094696}
13:17:08.594 request_id=GGBS7BUVGk5K6f0AAAwW [debug] Extracted UTM parameters: %{}
13:17:08.594 request_id=GGBS7BUVGk5K6f0AAAwW [info] Analytics event tracked
13:17:08.594 request_id=GGBS7BUVGk5K6f0AAAwW [debug] QUERY OK db=0.0ms
SELECT create_analytics_partition_if_not_exists($1::date) [~D[2025-08-29]]
13:17:08.594 request_id=GGBS7BUVGk5K6f0AAAwW [debug] QUERY OK source="analytics_events" db=0.0ms
INSERT INTO "analytics_events" ("metadata","event_type","visitor_id","page_path","inserted_at","updated_at") VALUES ($1,$2,$3,$4,$5,$6) RETURNING "id" [%{status: "submit", os: "unknown", form_id: "early-access", browser: "unknown", utm_source_platform: nil, utm_source_campaign: nil, utm_source_content: nil, device_type: "unknown"}, "form_submit", "60c562686d20cea6b2a1a075675a7fac", "/early-access", ~N[2025-08-29 19:17:08], ~N[2025-08-29 19:17:08]]
13:17:08.594 request_id=GGBS7BUVGk5K6f0AAAwW [info] Form submission received
13:17:08.594 request_id=GGBS7BUVGk5K6f0AAAwW [info] Valid email received for processing: tester@example.com, validation passed
13:17:08.594 request_id=GGBS7BUVGk5K6f0AAAwW [debug] Extracted UTM parameters: %{}
13:17:08.594 request_id=GGBS7BUVGk5K6f0AAAwW [debug] QUERY OK source="early_access_signups" db=0.0ms
INSERT INTO "early_access_signups" ("name","email","referral_source","inserted_at") VALUES ($1,$2,$3,$4) RETURNING "id" ["Tester", "tester@example.com", "landing_page", ~N[2025-08-29 19:17:08]]
13:17:08.594 request_id=GGBS7BUVGk5K6f0AAAwW [debug] QUERY OK source="early_access_signups" db=0.1ms
SELECT count(e0."id") FROM "early_access_signups" AS e0 []
13:17:08.594 request_id=GGBS7BUVGk5K6f0AAAwW [info] Successfully saved signup to database
13:17:08.594 request_id=GGBS7BUVGk5K6f0AAAwW [info] ConvertKit API key present: true
Mock HTTP POST called with URL: https://api.convertkit.com/v3/subscribers
13:17:08.594 request_id=GGBS7BUVGk5K6f0AAAwW [info] ConvertKit API request successful
13:17:08.594 request_id=GGBS7BUVGk5K6f0AAAwW [info] ConvertKit: Successfully added subscriber
13:17:08.594 request_id=GGBS7BUVGk5K6f0AAAwW [info] Analytics event tracked
13:17:08.594 request_id=GGBS7BUVGk5K6f0AAAwW [debug] QUERY OK db=0.0ms
SELECT create_analytics_partition_if_not_exists($1::date) [~D[2025-08-29]]
13:17:08.595 request_id=GGBS7BUVGk5K6f0AAAwW [debug] QUERY OK source="analytics_events" db=0.0ms
INSERT INTO "analytics_events" ("metadata","event_type","visitor_id","page_path","inserted_at","updated_at") VALUES ($1,$2,$3,$4,$5,$6) RETURNING "id" [%{status: "success", os: "unknown", source: "landing_page", form_id: "early-access", browser: "unknown", utm_source_platform: nil, utm_source_campaign: nil, utm_source_content: nil, device_type: "unknown", conversion_type: "early_access_signup", email_domain: "example.com"}, "form_success", "60c562686d20cea6b2a1a075675a7fac", "/early-access", ~N[2025-08-29 19:17:08], ~N[2025-08-29 19:17:08]]
13:17:08.595 request_id=GGBS7BUVGk5K6f0AAAwW [info] Analytics event tracked
13:17:08.595 request_id=GGBS7BUVGk5K6f0AAAwW [debug] QUERY OK db=0.0ms
SELECT create_analytics_partition_if_not_exists($1::date) [~D[2025-08-29]]
13:17:08.595 request_id=GGBS7BUVGk5K6f0AAAwW [debug] QUERY OK source="analytics_events" db=0.0ms
INSERT INTO "analytics_events" ("metadata","event_type","visitor_id","page_path","inserted_at","updated_at") VALUES ($1,$2,$3,$4,$5,$6) RETURNING "id" [%{os: "unknown", source: "landing_page", form_id: "early-access", browser: "unknown", utm_source_platform: nil, utm_source_campaign: nil, utm_source_content: nil, device_type: "unknown", conversion_type: "early_access_signup", email_domain: "example.com"}, "conversion", "60c562686d20cea6b2a1a075675a7fac", "/early-access", ~N[2025-08-29 19:17:08], ~N[2025-08-29 19:17:08]]
13:17:08.595 request_id=GGBS7BUVGk5K6f0AAAwW [debug] QUERY OK source="fun_with_flags_toggles" db=0.0ms
SELECT f0."id", f0."flag_name", f0."gate_type", f0."target", f0."enabled" FROM "fun_with_flags_toggles" AS f0 WHERE (f0."flag_name" = $1) ["welcome_email_sequence"]
13:17:08.595 request_id=GGBS7BUVGk5K6f0AAAwW [debug] Telemetry event: [:fun_with_flags, :persistence, :read], metadata: %{flag_name: :welcome_email_sequence, gate: nil}, measurements: %{system_time: 1756495028595430113}
13:17:08.595 request_id=GGBS7BUVGk5K6f0AAAwW [info] [PAGE CONTROLLER] Welcome email sequence is ENABLED, starting sequence
13:17:08.595 request_id=GGBS7BUVGk5K6f0AAAwW [info] [PAGE CONTROLLER] About to call EmailSequence.start_early_access_onboarding_sequence
13:17:08.595 request_id=GGBS7BUVGk5K6f0AAAwW [info] [EMAIL SEQUENCE] Starting early access onboarding sequence
13:17:08.595 request_id=GGBS7BUVGk5K6f0AAAwW [info] [EMAIL SEQUENCE] About to call EmailService.send_early_access_welcome_email
13:17:08.595 request_id=GGBS7BUVGk5K6f0AAAwW [info] [EMAIL] send_early_access_welcome_email called
13:17:08.595 request_id=GGBS7BUVGk5K6f0AAAwW [info] [EMAIL DEBUG] Full email struct before sending
13:17:08.595 request_id=GGBS7BUVGk5K6f0AAAwW [info] [EMAIL DEBUG] Extracted recipient email
13:17:08.595 request_id=GGBS7BUVGk5K6f0AAAwW [info] [EMAIL DEBUG] Postmark configuration
13:17:08.595 request_id=GGBS7BUVGk5K6f0AAAwW [info] [EMAIL DEBUG] Email configuration
13:17:08.595 request_id=GGBS7BUVGk5K6f0AAAwW [info] [EMAIL] Attempting to send email via Postmark
13:17:08.595 request_id=GGBS7BUVGk5K6f0AAAwW [debug] Sending email with Bamboo.TestAdapter:

%Bamboo.Email{from: {"RSOLV Team", "support@rsolv.dev"}, to: [nil: "tester@example.com"], cc: [], bcc: [], subject: "Welcome to RSOLV Early Access Program", html_body: "<div style=\"font-family: 'Helvetica Neue', Helvetica, Arial, sans-serif; max-width: 600px; margin: 0 auto; padding: 20px;\">\n  <h1 style=\"color: #2C3E50; margin-bottom: 20px;\">Welcome to RSOLV Early Access Program!</h1>\n\n  <p>Hi Tester,</p>\n\n  <p>Thank you for joining our Early Access Program! You're now part of an exclusive group getting first access to RSOLV.</p>\n\n  <p>Here's what you need to know:</p>\n\n  <ul>\n    <li>You have full access to all current features</li>\n    <li>Your feedback is incredibly valuable to us during this phase</li>\n    <li>You'll receive priority support via email</li>\n  </ul>\n\n  <p>To get started with RSOLV:</p>\n\n  <ol>\n    <li><strong>Your API key will be sent in a follow-up email within 24 hours</strong></li>\n    <li>Once you receive your API key, install our GitHub Action (code below)</li>\n    <li>Set up your repository secrets with your API key</li>\n    <li>Tag your first issues with \"rsolv:automate\"</li>\n  </ol>\n\n  <div style=\"background-color: #fff3cd; border: 1px solid #ffeaa7; color: #856404; padding: 10px; border-radius: 5px; margin: 15px 0;\">\n    <strong>⏳ API Key Coming Soon:</strong> We'll send your personal API key within 24 hours. Look for an email with subject \"Your RSOLV API Key\".\n  </div>\n\n  <div style=\"background-color: #f8f9fa; padding: 15px; border-radius: 5px; margin: 20px 0;\">\n    <pre style=\"margin: 0; overflow-x: auto; white-space: pre-wrap; font-family: monospace;\">name: RSOLV AutoFix\non:\n  issues:\n    types: [opened, edited, labeled]\n\njobs:\n  autofix:\n    runs-on: ubuntu-latest\n    if: contains(github.event.issue.labels.*.name, 'rsolv:automate')\n    steps:\n      - uses: RSOLV-dev/rsolv-action@v1\n        with:\n          github-token: ${{ secrets.GITHUB_TOKEN }}\n          rsolv-api-key: ${{ secrets.RSOLV_API_KEY }}</pre>\n  </div>\n\n  <p>Need help? As an Early Access member, you have priority support - contact us at <a href=\"mailto:support@rsolv.dev\">support@rsolv.dev</a> and we'll personally assist you.</p>\n\n  <p>Your trial includes unlimited automated fixes during the Early Access period.</p>\n\n  <div style=\"margin-top: 30px; padding: 15px; border: 1px solid #e0e0e0; border-radius: 5px; background-color: #f9f9f9;\">\n    <h3 style=\"margin-top: 0; color: #2C3E50;\">Early Access Program Benefits</h3>\n    <ul>\n      <li>Unlimited usage during Early Access</li>\n      <li>Priority support and feature requests</li>\n      <li>Exclusive pricing when we launch</li>\n      <li>Direct access to our development team</li>\n    </ul>\n  </div>\n\n  <p>Best,<br>The RSOLV Team</p>\n\n  <div class=\"footer\" style=\"margin-top: 40px; padding-top: 20px; border-top: 1px solid #e0e0e0; font-size: 0.9em; color: #666;\">\n    <p>\n      You're receiving this email because you joined the RSOLV Early Access Program.\n      <br>\n      If you have any questions, simply reply to this email.\n    </p>\n    <p>\n      RSOLV, Inc. • support@rsolv.dev • © 2025\n    </p>\n    <p>\n      <a href=\"https://rsolv.dev/unsubscribe?email=tester@example.com\">Unsubscribe</a> from these emails.\n    </p>\n  </div>\n</div>\n", text_body: "Welcome to RSOLV Early Access Program!\n\nHi Tester,\n\nThank you for joining our Early Access Program! You're now part of an exclusive group getting first access to RSOLV.\n\nHere's what you need to know:\n- You have full access to all current features\n- Your feedback is incredibly valuable to us during this phase\n- You'll receive priority support via email\n\nTo get started with RSOLV:\n1. Your API key will be sent in a follow-up email within 24 hours\n2. Once you receive your API key, install our GitHub Action\n3. Set up your repository secrets with your API key\n4. Tag your first issues with \"AUTOFIX\"\n\n⏳ API KEY COMING SOON: We'll send your personal API key within 24 hours. Look for an email with subject \"Your RSOLV API Key\".\n\nNeed help? As an Early Access member, you have priority support - contact us at support@rsolv.dev and we'll personally assist you.\n\nYour trial includes unlimited automated fixes during the Early Access period.\n\nEARLY ACCESS PROGRAM BENEFITS:\n* Unlimited usage during Early Access\n* Priority support and feature requests\n* Exclusive pricing when we launch\n* Direct access to our development team\n\nBest,\nThe RSOLV Team\n\n---\nYou're receiving this email because you joined the RSOLV Early Access Program.\nIf you have any questions, simply reply to this email.\n\nRSOLV, Inc. • support@rsolv.dev\n\nTo unsubscribe, visit: https://rsolv.dev/unsubscribe?email=tester@example.com\n", headers: %{"X-Postmark-Tag" => "early-access"}, attachments: [], assigns: %{}, private: %{tag: "early-access"}, blocked: false}

13:17:08.595 request_id=GGBS7BUVGk5K6f0AAAwW [info] [EMAIL DEBUG] Raw Postmark response
13:17:08.595 request_id=GGBS7BUVGk5K6f0AAAwW [info] [EMAIL] Email sent successfully via Postmark
13:17:08.595 request_id=GGBS7BUVGk5K6f0AAAwW [info] [EMAIL SEQUENCE] EmailService.send_early_access_welcome_email returned
13:17:08.595 request_id=GGBS7BUVGk5K6f0AAAwW [info] Attempting to tag subscriber
13:17:08.595 request_id=GGBS7BUVGk5K6f0AAAwW [info] ConvertKit: Attempting to tag tester@example.com with tag 7700607
Mock HTTP POST called with URL: https://api.convertkit.com/v3/tags/7700607/subscribe
13:17:08.596 request_id=GGBS7BUVGk5K6f0AAAwW [info] ConvertKit: Successfully tagged tester@example.com
13:17:08.596 request_id=GGBS7BUVGk5K6f0AAAwW [info] [EmailWorker] schedule_sequence called
13:17:08.596 request_id=GGBS7BUVGk5K6f0AAAwW [info] [EmailWorker] Found sequence
13:17:08.596 request_id=GGBS7BUVGk5K6f0AAAwW [info] [EmailWorker] Processing email config
13:17:08.596 request_id=GGBS7BUVGk5K6f0AAAwW [info] [EmailWorker] Skipping immediate email
13:17:08.596 request_id=GGBS7BUVGk5K6f0AAAwW [info] [EmailWorker] Processing email config
13:17:08.596 request_id=GGBS7BUVGk5K6f0AAAwW [info] [EmailWorker] Scheduling email
13:17:08.596 request_id=GGBS7BUVGk5K6f0AAAwW [info] [EmailWorker] Creating Oban job
13:17:08.596 request_id=GGBS7BUVGk5K6f0AAAwW [info] [EmailWorker] Job created
13:17:08.596 request_id=GGBS7BUVGk5K6f0AAAwW [info] Processing scheduled email
13:17:08.596 request_id=GGBS7BUVGk5K6f0AAAwW [error] Failed to send scheduled email
13:17:08.596 request_id=GGBS7BUVGk5K6f0AAAwW [info] [EmailWorker] Insert result
13:17:08.596 request_id=GGBS7BUVGk5K6f0AAAwW [info] [EmailWorker] Schedule result
13:17:08.596 request_id=GGBS7BUVGk5K6f0AAAwW [info] [EmailWorker] Processing email config
13:17:08.596 request_id=GGBS7BUVGk5K6f0AAAwW [info] [EmailWorker] Scheduling email
13:17:08.596 request_id=GGBS7BUVGk5K6f0AAAwW [info] [EmailWorker] Creating Oban job
13:17:08.596 request_id=GGBS7BUVGk5K6f0AAAwW [info] [EmailWorker] Job created
13:17:08.596 request_id=GGBS7BUVGk5K6f0AAAwW [info] Processing scheduled email
13:17:08.596 request_id=GGBS7BUVGk5K6f0AAAwW [info] [EMAIL DEBUG] Full email struct before sending
13:17:08.596 request_id=GGBS7BUVGk5K6f0AAAwW [info] [EMAIL DEBUG] Extracted recipient email
13:17:08.596 request_id=GGBS7BUVGk5K6f0AAAwW [info] [EMAIL DEBUG] Postmark configuration
13:17:08.596 request_id=GGBS7BUVGk5K6f0AAAwW [info] [EMAIL DEBUG] Email configuration
13:17:08.596 request_id=GGBS7BUVGk5K6f0AAAwW [info] [EMAIL] Attempting to send email via Postmark
13:17:08.596 request_id=GGBS7BUVGk5K6f0AAAwW [debug] Sending email with Bamboo.TestAdapter:

%Bamboo.Email{from: {"RSOLV Team", "support@rsolv.dev"}, to: [nil: "tester@example.com"], cc: [], bcc: [], subject: "Verify Your RSOLV Setup - Need Any Help?", html_body: "<!DOCTYPE html>\n<html lang=\"en\">\n<head>\n  <meta charset=\"UTF-8\">\n  <meta name=\"viewport\" content=\"width=device-width, initial-scale=1.0\">\n  <title>Verify Your RSOLV Setup</title>\n  <style>\n    @import url('https://fonts.googleapis.com/css2?family=Space+Grotesk:wght@300;400;500;700&display=swap');\n    \n    body {\n      font-family: 'Space Grotesk', -apple-system, BlinkMacSystemFont, \"Segoe UI\", Roboto, Helvetica, Arial, sans-serif;\n      line-height: 1.6;\n      color: #333;\n      max-width: 600px;\n      margin: 0 auto;\n      padding: 20px;\n      background-color: #f8f9fa;\n    }\n    .container {\n      background-color: #ffffff;\n      border-radius: 8px;\n      padding: 30px;\n      box-shadow: 0 4px 6px rgba(0, 0, 0, 0.05);\n    }\n    .logo {\n      text-align: center;\n      margin-bottom: 30px;\n    }\n    .logo img {\n      max-width: 200px;\n    }\n    h1, h2, h3 {\n      color: #10b981;\n    }\n    .checklist {\n      background-color: #f3f4f6;\n      padding: 20px;\n      border-radius: 8px;\n      margin: 20px 0;\n    }\n    .checklist-item {\n      display: flex;\n      align-items: center;\n      margin-bottom: 15px;\n    }\n    .checklist-item input[type=\"checkbox\"] {\n      margin-right: 10px;\n    }\n    .status-box {\n      background-color: #fff3cd;\n      border: 1px solid #ffeaa7;\n      padding: 15px;\n      border-radius: 8px;\n      margin: 20px 0;\n    }\n    .success-box {\n      background-color: #d4edda;\n      border: 1px solid #c3e6cb;\n      padding: 15px;\n      border-radius: 8px;\n      margin: 20px 0;\n    }\n    .code {\n      background-color: #2d3748;\n      color: #e2e8f0;\n      padding: 15px;\n      border-radius: 5px;\n      font-family: 'Courier New', monospace;\n      overflow-x: auto;\n      margin: 15px 0;\n    }\n    .cta {\n      background-color: #10b981;\n      color: white;\n      padding: 12px 24px;\n      border-radius: 5px;\n      display: inline-block;\n      text-decoration: none;\n      font-weight: bold;\n      margin: 20px 0;\n    }\n    .footer {\n      margin-top: 40px;\n      font-size: 14px;\n      color: #6b7280;\n      border-top: 1px solid #e5e7eb;\n      padding-top: 20px;\n      text-align: center;\n    }\n  </style>\n</head>\n<body>\n  <div class=\"container\">\n    <div class=\"logo\">\n      <img src=\"https://rsolv.dev/images/rsolv_logo_transparent.png\" alt=\"RSOLV Logo\">\n    </div>\n    \n    <h1>Let's Verify Your RSOLV Setup</h1>\n    \n    <p>Hi {@first_name},</p>\n    \n    <p>It's been a few days since you signed up for RSOLV. We want to make sure you're all set up and ready to benefit from automated security scanning and remediation!</p>\n    \n    <div class=\"checklist\">\n      <h3>Quick Setup Checklist:</h3>\n      <div class=\"checklist-item\">\n        <input type=\"checkbox\" disabled> Connected your repositories for security scanning\n      </div>\n      <div class=\"checklist-item\">\n        <input type=\"checkbox\" disabled> Added the GitHub Action workflow for automated fixes\n      </div>\n      <div class=\"checklist-item\">\n        <input type=\"checkbox\" disabled> Set up your RSOLV_API_KEY as a repository secret\n      </div>\n      <div class=\"checklist-item\">\n        <input type=\"checkbox\" disabled> Reviewed security issues found by RSOLV\n      </div>\n      <div class=\"checklist-item\">\n        <input type=\"checkbox\" disabled> Generated and merged your first security fix PR\n      </div>\n    </div>\n    \n    <h2>Need Help with Setup?</h2>\n    \n    <p>If you haven't completed setup yet, here's a quick reminder of the steps:</p>\n    \n    <div class=\"code\">\n# In .github/workflows/rsolv.yml:\nname: RSOLV Security Fixes\n\non:\n  issues:\n    types: [labeled]\n\njobs:\n  security-fix:\n    if: contains(github.event.issue.labels.*.name, 'rsolv:automate')\n    runs-on: ubuntu-latest\n    steps:\n      - uses: rsolv-dev/rsolv-action@v1\n        with:\n          github-token: ${\"{{ secrets.GITHUB_TOKEN }}\"}\n          rsolv-api-key: ${\"{{ secrets.RSOLV_API_KEY }}\"}\n    </div>\n    \n    <div class=\"status-box\">\n      <strong>🎁 Remember:</strong> Your first 10 fixes are completely free! No credit card required. After that, you only pay $15 per fix that gets deployed.\n   " <> ..., text_body: "Let's Verify Your RSOLV Setup\n\nHi Tester,\n\nIt's been a few days since you signed up for RSOLV. We want to make sure you're all set up and ready to automate your issue resolution!\n\nQuick Setup Checklist:\n[ ] Added the GitHub Action workflow to your repository\n[ ] Set up your RSOLV_API_KEY as a repository secret\n[ ] Tagged your first issue with \"rsolv:automate\"\n[ ] Reviewed and merged your first automated PR\n\nNeed Help with Setup?\nIf you haven't completed setup yet, visit: https://rsolv.dev/docs/getting-started\n\nRemember: Your first 10 fixes are completely free! No credit card required. After that, you only pay $15 per fix that gets deployed.\n\nCommon Questions:\n- Where do I get my API key? Check your welcome email or visit your dashboard\n- Can I use RSOLV on private repos? Yes! RSOLV works with both public and private repositories\n- What types of issues can RSOLV fix? Bug fixes, security vulnerabilities, performance issues, and more\n- How secure is it? We analyze every fix for security vulnerabilities before creating PRs\n\nPro Tip: Start with a simple issue first - something like \"Fix typo in README\" or \"Update deprecated function calls\".\n\nReady to get started? Tag an issue with \"rsolv:automate\" and watch the magic happen!\n\nIf you're stuck or have questions, just reply to this email.\n\nBest regards,\nThe RSOLV Team\n\n---\nTo unsubscribe, visit: https://rsolv.dev/unsubscribe?email=tester@example.com\n", headers: %{"X-Postmark-Tag" => "setup-verification"}, attachments: [], assigns: %{}, private: %{tag: "setup-verification"}, blocked: false}

13:17:08.597 request_id=GGBS7BUVGk5K6f0AAAwW [info] [EMAIL DEBUG] Raw Postmark response
13:17:08.597 request_id=GGBS7BUVGk5K6f0AAAwW [info] [EMAIL] Email sent successfully via Postmark
13:17:08.597 request_id=GGBS7BUVGk5K6f0AAAwW [info] Successfully sent scheduled email
13:17:08.597 request_id=GGBS7BUVGk5K6f0AAAwW [info] [EmailWorker] Insert result
13:17:08.597 request_id=GGBS7BUVGk5K6f0AAAwW [info] [EmailWorker] Schedule result
13:17:08.597 request_id=GGBS7BUVGk5K6f0AAAwW [info] [EmailWorker] Processing email config
13:17:08.597 request_id=GGBS7BUVGk5K6f0AAAwW [info] [EmailWorker] Scheduling email
13:17:08.597 request_id=GGBS7BUVGk5K6f0AAAwW [info] [EmailWorker] Creating Oban job
13:17:08.597 request_id=GGBS7BUVGk5K6f0AAAwW [info] [EmailWorker] Job created
13:17:08.597 request_id=GGBS7BUVGk5K6f0AAAwW [info] Processing scheduled email
13:17:08.597 request_id=GGBS7BUVGk5K6f0AAAwW [info] [EMAIL DEBUG] Full email struct before sending
13:17:08.597 request_id=GGBS7BUVGk5K6f0AAAwW [info] [EMAIL DEBUG] Extracted recipient email
13:17:08.597 request_id=GGBS7BUVGk5K6f0AAAwW [info] [EMAIL DEBUG] Postmark configuration
13:17:08.597 request_id=GGBS7BUVGk5K6f0AAAwW [info] [EMAIL DEBUG] Email configuration
13:17:08.597 request_id=GGBS7BUVGk5K6f0AAAwW [info] [EMAIL] Attempting to send email via Postmark
13:17:08.597 request_id=GGBS7BUVGk5K6f0AAAwW [debug] Sending email with Bamboo.TestAdapter:

%Bamboo.Email{from: {"RSOLV Team", "support@rsolv.dev"}, to: [nil: "tester@example.com"], cc: [], bcc: [], subject: "Advanced RSOLV Features You Might Have Missed", html_body: "<!DOCTYPE html>\n<html lang=\"en\">\n<head>\n  <meta charset=\"UTF-8\">\n  <meta name=\"viewport\" content=\"width=device-width, initial-scale=1.0\">\n  <title>Advanced RSOLV Features</title>\n  <style>\n    @import url('https://fonts.googleapis.com/css2?family=Space+Grotesk:wght@300;400;500;700&display=swap');\n    \n    body {\n      font-family: 'Space Grotesk', -apple-system, BlinkMacSystemFont, \"Segoe UI\", Roboto, Helvetica, Arial, sans-serif;\n      line-height: 1.6;\n      color: #333;\n      max-width: 600px;\n      margin: 0 auto;\n      padding: 20px;\n      background-color: #f8f9fa;\n    }\n    .container {\n      background-color: #ffffff;\n      border-radius: 8px;\n      padding: 30px;\n      box-shadow: 0 4px 6px rgba(0, 0, 0, 0.05);\n    }\n    .logo {\n      text-align: center;\n      margin-bottom: 30px;\n    }\n    .logo img {\n      max-width: 200px;\n    }\n    h1, h2, h3 {\n      color: #10b981;\n    }\n    .feature-card {\n      background-color: #f3f4f6;\n      padding: 20px;\n      border-radius: 8px;\n      margin-bottom: 20px;\n      border-left: 4px solid #10b981;\n    }\n    .feature-card h3 {\n      margin-top: 0;\n    }\n    .code {\n      background-color: #2d3748;\n      color: #e2e8f0;\n      padding: 15px;\n      border-radius: 5px;\n      font-family: 'Courier New', monospace;\n      overflow-x: auto;\n      margin: 15px 0;\n      font-size: 14px;\n    }\n    .pro-tip {\n      background-color: #fff3cd;\n      border: 1px solid #ffeaa7;\n      padding: 15px;\n      border-radius: 8px;\n      margin: 20px 0;\n    }\n    .security-highlight {\n      background-color: #d4edda;\n      border: 1px solid #c3e6cb;\n      padding: 15px;\n      border-radius: 8px;\n      margin: 20px 0;\n    }\n    .cta {\n      background-color: #10b981;\n      color: white;\n      padding: 12px 24px;\n      border-radius: 5px;\n      display: inline-block;\n      text-decoration: none;\n      font-weight: bold;\n      margin: 20px 0;\n    }\n    .footer {\n      margin-top: 40px;\n      font-size: 14px;\n      color: #6b7280;\n      border-top: 1px solid #e5e7eb;\n      padding-top: 20px;\n      text-align: center;\n    }\n  </style>\n</head>\n<body>\n  <div class=\"container\">\n    <div class=\"logo\">\n      <img src=\"https://rsolv.dev/images/rsolv_logo_transparent.png\" alt=\"RSOLV Logo\">\n    </div>\n    \n    <h1>Unlock the Full Power of RSOLV</h1>\n    \n    <p>Hi {@first_name},</p>\n    \n    <p>You've been using RSOLV for a few days now. Here are some advanced features and techniques that can help you get even more value from automated security scanning and vulnerability remediation:</p>\n    \n    <div class=\"feature-card\">\n      <h3>🎯 Understanding RSOLV's Proactive Scanning</h3>\n      <p>RSOLV continuously scans your repositories for security vulnerabilities and automatically creates issues with detailed remediation plans:</p>\n      <ul>\n        <li><strong>Automated detection:</strong> Scans all files for 180+ vulnerability patterns (and growing)</li>\n        <li><strong>Smart grouping:</strong> Groups similar issues for efficient review</li>\n        <li><strong>Detailed reports:</strong> Shows exact file locations and vulnerable code</li>\n        <li><strong>Fix generation:</strong> Creates secure PRs that address root causes</li>\n      </ul>\n    </div>\n    \n    <div class=\"feature-card\">\n      <h3>🔒 Comprehensive Security Coverage</h3>\n      <p>RSOLV proactively detects and fixes these vulnerability types across your codebase:</p>\n      <ul>\n        <li>SQL/NoSQL injection vulnerabilities</li>\n        <li>Cross-site scripting (XSS) risks</li>\n        <li>Authentication/authorization flaws</li>\n        <li>Insecure cryptographic implementations</li>\n        <li>Hardcoded secrets and API keys</li>\n        <li>Path traversal and open redirects</li>\n        <li>Insecure dependencies and configurations</li>\n      </ul>\n      <p>Each PR includes a detailed security impact assessment and verification tests.</p>\n    </div>\n    \n    <div class=\"security-highlight\">\n      <strong>🛡️ Security Example:</strong> When RSOLV detects unsafe user input handling, it automatically generates fixes with proper sanitization, p" <> ..., text_body: "Unlock the Full Power of RSOLV\n\nHi Tester,\n\nYou've been using RSOLV for a few days now. Here are some advanced features and techniques:\n\n1. Writing Better Issues for Better Fixes:\n   - Include error messages: Copy the full stack trace\n   - Specify the file/function: \"Fix pagination in UserList.js\"\n   - Describe expected behavior: \"Should show 10 users per page\"\n   - Add context: \"This broke after upgrading to React 18\"\n\n2. Security-First Fixes:\n   RSOLV automatically scans for:\n   - SQL injection vulnerabilities\n   - Cross-site scripting (XSS) risks\n   - Authentication/authorization issues\n   - Insecure dependencies\n   - Hardcoded secrets or API keys\n\n3. Batch Processing:\n   Tag multiple issues with \"rsolv:automate\" and RSOLV creates separate PRs for each.\n\n4. Customizing RSOLV Behavior:\n   Add these tags to your issues:\n   - [performance] - Optimize for speed\n   - [security] - Extra security focus\n   - [minimal] - Smallest possible change\n   - [refactor] - Clean up while fixing\n\nComing Soon:\n- Support for more languages (Go, Rust, PHP)\n- Custom fix preferences per repository\n- Team collaboration features\n- Integration with more platforms\n\nHave a feature request? Just reply to this email!\n\nView advanced documentation: https://rsolv.dev/docs/advanced\n\nBest regards,\nThe RSOLV Team\n\n---\nTo unsubscribe, visit: https://rsolv.dev/unsubscribe?email=tester@example.com\n", headers: %{"X-Postmark-Tag" => "feature-deep-dive"}, attachments: [], assigns: %{}, private: %{tag: "feature-deep-dive"}, blocked: false}

13:17:08.597 request_id=GGBS7BUVGk5K6f0AAAwW [info] [EMAIL DEBUG] Raw Postmark response
13:17:08.597 request_id=GGBS7BUVGk5K6f0AAAwW [info] [EMAIL] Email sent successfully via Postmark
13:17:08.597 request_id=GGBS7BUVGk5K6f0AAAwW [info] Successfully sent scheduled email
13:17:08.597 request_id=GGBS7BUVGk5K6f0AAAwW [info] [EmailWorker] Insert result
13:17:08.597 request_id=GGBS7BUVGk5K6f0AAAwW [info] [EmailWorker] Schedule result
13:17:08.597 request_id=GGBS7BUVGk5K6f0AAAwW [info] [EmailWorker] Processing email config
13:17:08.597 request_id=GGBS7BUVGk5K6f0AAAwW [info] [EmailWorker] Scheduling email
13:17:08.597 request_id=GGBS7BUVGk5K6f0AAAwW [info] [EmailWorker] Creating Oban job
13:17:08.597 request_id=GGBS7BUVGk5K6f0AAAwW [info] [EmailWorker] Job created
13:17:08.597 request_id=GGBS7BUVGk5K6f0AAAwW [info] Processing scheduled email
13:17:08.597 request_id=GGBS7BUVGk5K6f0AAAwW [info] [EMAIL DEBUG] Full email struct before sending
13:17:08.597 request_id=GGBS7BUVGk5K6f0AAAwW [info] [EMAIL DEBUG] Extracted recipient email
13:17:08.597 request_id=GGBS7BUVGk5K6f0AAAwW [info] [EMAIL DEBUG] Postmark configuration
13:17:08.597 request_id=GGBS7BUVGk5K6f0AAAwW [info] [EMAIL DEBUG] Email configuration
13:17:08.598 request_id=GGBS7BUVGk5K6f0AAAwW [info] [EMAIL] Attempting to send email via Postmark
13:17:08.598 request_id=GGBS7BUVGk5K6f0AAAwW [debug] Sending email with Bamboo.TestAdapter:

%Bamboo.Email{from: {"RSOLV Team", "support@rsolv.dev"}, to: [nil: "tester@example.com"], cc: [], bcc: [], subject: "How's Your Experience with RSOLV?", html_body: "<!DOCTYPE html>\n<html lang=\"en\">\n<head>\n  <meta charset=\"UTF-8\">\n  <meta name=\"viewport\" content=\"width=device-width, initial-scale=1.0\">\n  <title>How's Your RSOLV Experience?</title>\n  <style>\n    @import url('https://fonts.googleapis.com/css2?family=Space+Grotesk:wght@300;400;500;700&display=swap');\n    \n    body {\n      font-family: 'Space Grotesk', -apple-system, BlinkMacSystemFont, \"Segoe UI\", Roboto, Helvetica, Arial, sans-serif;\n      line-height: 1.6;\n      color: #333;\n      max-width: 600px;\n      margin: 0 auto;\n      padding: 20px;\n      background-color: #f8f9fa;\n    }\n    .container {\n      background-color: #ffffff;\n      border-radius: 8px;\n      padding: 30px;\n      box-shadow: 0 4px 6px rgba(0, 0, 0, 0.05);\n    }\n    .logo {\n      text-align: center;\n      margin-bottom: 30px;\n    }\n    .logo img {\n      max-width: 200px;\n    }\n    h1, h2, h3 {\n      color: #10b981;\n    }\n    .survey-card {\n      background-color: #f3f4f6;\n      padding: 20px;\n      border-radius: 8px;\n      margin: 20px 0;\n      text-align: center;\n    }\n    .rating-container {\n      display: flex;\n      justify-content: center;\n      gap: 10px;\n      margin: 20px 0;\n    }\n    .rating-box {\n      width: 40px;\n      height: 40px;\n      border: 2px solid #10b981;\n      border-radius: 8px;\n      display: flex;\n      align-items: center;\n      justify-content: center;\n      text-decoration: none;\n      color: #10b981;\n      font-weight: bold;\n      transition: all 0.3s ease;\n    }\n    .rating-box:hover {\n      background-color: #10b981;\n      color: white;\n    }\n    .question-box {\n      background-color: #f9fafb;\n      padding: 20px;\n      border-radius: 8px;\n      margin: 20px 0;\n      border-left: 4px solid #10b981;\n    }\n    .success-story {\n      background-color: #d4edda;\n      border: 1px solid #c3e6cb;\n      padding: 15px;\n      border-radius: 8px;\n      margin: 20px 0;\n    }\n    .cta {\n      background-color: #10b981;\n      color: white;\n      padding: 12px 24px;\n      border-radius: 5px;\n      display: inline-block;\n      text-decoration: none;\n      font-weight: bold;\n      margin: 20px 0;\n    }\n    .cta-secondary {\n      background-color: #6b7280;\n      color: white;\n      padding: 12px 24px;\n      border-radius: 5px;\n      display: inline-block;\n      text-decoration: none;\n      font-weight: bold;\n      margin: 20px 0;\n    }\n    .footer {\n      margin-top: 40px;\n      font-size: 14px;\n      color: #6b7280;\n      border-top: 1px solid #e5e7eb;\n      padding-top: 20px;\n      text-align: center;\n    }\n  </style>\n</head>\n<body>\n  <div class=\"container\">\n    <div class=\"logo\">\n      <img src=\"https://rsolv.dev/images/rsolv_logo_transparent.png\" alt=\"RSOLV Logo\">\n    </div>\n    \n    <h1>Quick Check-In: How's RSOLV Working for You?</h1>\n    \n    <p>Hi {@first_name},</p>\n    \n    <p>You've been using RSOLV for a week now, and we'd love to hear about your experience! Your feedback helps us make RSOLV better for everyone.</p>\n    \n    <div class=\"survey-card\">\n      <h3>How likely are you to recommend RSOLV to a colleague?</h3>\n      <p>Click a number below:</p>\n      <div class=\"rating-container\">\n        <a href=\"https://rsolv.dev/feedback?rating=1&email={@email}\" class=\"rating-box\">1</a>\n        <a href=\"https://rsolv.dev/feedback?rating=2&email={@email}\" class=\"rating-box\">2</a>\n        <a href=\"https://rsolv.dev/feedback?rating=3&email={@email}\" class=\"rating-box\">3</a>\n        <a href=\"https://rsolv.dev/feedback?rating=4&email={@email}\" class=\"rating-box\">4</a>\n        <a href=\"https://rsolv.dev/feedback?rating=5&email={@email}\" class=\"rating-box\">5</a>\n        <a href=\"https://rsolv.dev/feedback?rating=6&email={@email}\" class=\"rating-box\">6</a>\n        <a href=\"https://rsolv.dev/feedback?rating=7&email={@email}\" class=\"rating-box\">7</a>\n        <a href=\"https://rsolv.dev/feedback?rating=8&email={@email}\" class=\"rating-box\">8</a>\n        <a href=\"https://rsolv.dev/feedback?rating=9&email={@email}\" class=\"rating-box\">9</a>\n        <a href=\"https://rsolv.dev/feedback?rating=10&email={@email}\" class=\"rating-box\">10</a>\n      </div>\n" <> ..., text_body: "Quick Check-In: How's RSOLV Working for You?\n\nHi Tester,\n\nYou've been using RSOLV for a week now, and we'd love to hear about your experience!\n\nHow likely are you to recommend RSOLV to a colleague?\nRate us from 1-10: https://rsolv.dev/feedback?email=tester@example.com\n\nThree Quick Questions:\n1. What's been your favorite RSOLV fix so far?\n2. What feature would you like to see next?\n3. Any challenges or friction points?\n\nJust hit reply and share your thoughts - we read every response!\n\nDid You Know?\nHere are some ways other teams are using RSOLV:\n- Security audits: Tag all security-related issues for automated fixes\n- Tech debt cleanup: Fix deprecated function calls across the codebase\n- Onboarding tool: Let new devs see how fixes should be implemented\n- Weekend warrior: Queue up fixes on Friday, review on Monday\n\nThanks for being an early adopter!\n\nBest regards,\nDylan & The RSOLV Team\n\nP.S. If RSOLV has saved you time this week, we'd love to hear about it!\n\n---\nTo unsubscribe, visit: https://rsolv.dev/unsubscribe?email=tester@example.com\n", headers: %{"X-Postmark-Tag" => "feedback-request"}, attachments: [], assigns: %{}, private: %{tag: "feedback-request"}, blocked: false}

13:17:08.598 request_id=GGBS7BUVGk5K6f0AAAwW [info] [EMAIL DEBUG] Raw Postmark response
13:17:08.598 request_id=GGBS7BUVGk5K6f0AAAwW [info] [EMAIL] Email sent successfully via Postmark
13:17:08.598 request_id=GGBS7BUVGk5K6f0AAAwW [info] Successfully sent scheduled email
13:17:08.598 request_id=GGBS7BUVGk5K6f0AAAwW [info] [EmailWorker] Insert result
13:17:08.598 request_id=GGBS7BUVGk5K6f0AAAwW [info] [EmailWorker] Schedule result
13:17:08.598 request_id=GGBS7BUVGk5K6f0AAAwW [info] [EmailWorker] Processing email config
13:17:08.598 request_id=GGBS7BUVGk5K6f0AAAwW [info] [EmailWorker] Scheduling email
13:17:08.598 request_id=GGBS7BUVGk5K6f0AAAwW [info] [EmailWorker] Creating Oban job
13:17:08.598 request_id=GGBS7BUVGk5K6f0AAAwW [info] [EmailWorker] Job created
13:17:08.598 request_id=GGBS7BUVGk5K6f0AAAwW [info] Processing scheduled email
13:17:08.598 request_id=GGBS7BUVGk5K6f0AAAwW [info] [EMAIL DEBUG] Full email struct before sending
13:17:08.598 request_id=GGBS7BUVGk5K6f0AAAwW [info] [EMAIL DEBUG] Extracted recipient email
13:17:08.598 request_id=GGBS7BUVGk5K6f0AAAwW [info] [EMAIL DEBUG] Postmark configuration
13:17:08.598 request_id=GGBS7BUVGk5K6f0AAAwW [info] [EMAIL DEBUG] Email configuration
13:17:08.598 request_id=GGBS7BUVGk5K6f0AAAwW [info] [EMAIL] Attempting to send email via Postmark
13:17:08.598 request_id=GGBS7BUVGk5K6f0AAAwW [debug] Sending email with Bamboo.TestAdapter:

%Bamboo.Email{from: {"RSOLV Team", "support@rsolv.dev"}, to: [nil: "tester@example.com"], cc: [], bcc: [], subject: "Your RSOLV Success Report", html_body: "<!DOCTYPE html>\n<html lang=\"en\">\n<head>\n  <meta charset=\"UTF-8\">\n  <meta name=\"viewport\" content=\"width=device-width, initial-scale=1.0\">\n  <title>Your RSOLV Success Report</title>\n  <style>\n    @import url('https://fonts.googleapis.com/css2?family=Space+Grotesk:wght@300;400;500;700&display=swap');\n    \n    body {\n      font-family: 'Space Grotesk', -apple-system, BlinkMacSystemFont, \"Segoe UI\", Roboto, Helvetica, Arial, sans-serif;\n      line-height: 1.6;\n      color: #333;\n      max-width: 600px;\n      margin: 0 auto;\n      padding: 20px;\n      background-color: #f8f9fa;\n    }\n    .container {\n      background-color: #ffffff;\n      border-radius: 8px;\n      padding: 30px;\n      box-shadow: 0 4px 6px rgba(0, 0, 0, 0.05);\n    }\n    .logo {\n      text-align: center;\n      margin-bottom: 30px;\n    }\n    .logo img {\n      max-width: 200px;\n    }\n    h1, h2, h3 {\n      color: #10b981;\n    }\n    .stats-grid {\n      display: grid;\n      grid-template-columns: 1fr 1fr;\n      gap: 20px;\n      margin: 30px 0;\n    }\n    .stat-card {\n      background-color: #f3f4f6;\n      padding: 20px;\n      border-radius: 8px;\n      text-align: center;\n      border-top: 4px solid #10b981;\n    }\n    .stat-number {\n      font-size: 36px;\n      font-weight: bold;\n      color: #10b981;\n      margin: 10px 0;\n    }\n    .stat-label {\n      color: #6b7280;\n      font-size: 14px;\n    }\n    .achievement-banner {\n      background: linear-gradient(135deg, #10b981 0%, #059669 100%);\n      color: white;\n      padding: 20px;\n      border-radius: 8px;\n      text-align: center;\n      margin: 20px 0;\n    }\n    .timeline {\n      margin: 30px 0;\n    }\n    .timeline-item {\n      display: flex;\n      margin-bottom: 20px;\n      align-items: flex-start;\n    }\n    .timeline-marker {\n      width: 40px;\n      height: 40px;\n      background-color: #10b981;\n      color: white;\n      border-radius: 50%;\n      display: flex;\n      align-items: center;\n      justify-content: center;\n      flex-shrink: 0;\n      margin-right: 15px;\n    }\n    .timeline-content {\n      flex-grow: 1;\n    }\n    .pricing-highlight {\n      background-color: #fff3cd;\n      border: 1px solid #ffeaa7;\n      padding: 20px;\n      border-radius: 8px;\n      margin: 20px 0;\n      text-align: center;\n    }\n    .cta {\n      background-color: #10b981;\n      color: white;\n      padding: 12px 24px;\n      border-radius: 5px;\n      display: inline-block;\n      text-decoration: none;\n      font-weight: bold;\n      margin: 20px 0;\n    }\n    .cta-secondary {\n      background-color: #2563eb;\n      color: white;\n      padding: 12px 24px;\n      border-radius: 5px;\n      display: inline-block;\n      text-decoration: none;\n      font-weight: bold;\n      margin: 20px 0;\n    }\n    .footer {\n      margin-top: 40px;\n      font-size: 14px;\n      color: #6b7280;\n      border-top: 1px solid #e5e7eb;\n      padding-top: 20px;\n      text-align: center;\n    }\n    @media (max-width: 600px) {\n      .stats-grid {\n        grid-template-columns: 1fr;\n      }\n    }\n  </style>\n</head>\n<body>\n  <div class=\"container\">\n    <div class=\"logo\">\n      <img src=\"https://rsolv.dev/images/rsolv_logo_transparent.png\" alt=\"RSOLV Logo\">\n    </div>\n    \n    <h1>Your 2-Week RSOLV Success Report 🎉</h1>\n    \n    <p>Hi {@first_name},</p>\n    \n    <p>Congratulations! You've been using RSOLV for two weeks. Here's a snapshot of what we've accomplished together:</p>\n    \n    <div class=\"stats-grid\">\n      <div class=\"stat-card\">\n        <div class=\"stat-label\">Issues Fixed</div>\n        <div class=\"stat-number\">{Map.get(@usage_stats || %{}, :issues_fixed, 0)}</div>\n      </div>\n      <div class=\"stat-card\">\n        <div class=\"stat-label\">PRs Created</div>\n        <div class=\"stat-number\">{Map.get(@usage_stats || %{}, :prs_created, 0)}</div>\n      </div>\n      <div class=\"stat-card\">\n        <div class=\"stat-label\">Time Saved</div>\n        <div class=\"stat-number\">{Map.get(@usage_stats || %{}, :time_saved, \"0 hrs\")}</div>\n      </div>\n      <div class=\"stat-card\">\n        <div class=\"stat-label\">Security Issues Found</div>\n        <div class=\"stat-number\">{Map.ge" <> ..., text_body: "Your 2-Week RSOLV Success Report\n\nHi Tester,\n\nCongratulations! You've been using RSOLV for two weeks. Here's what we've accomplished together:\n\nYour Stats:\n- Issues Fixed: Check your dashboard\n- PRs Created: Check your dashboard\n- Time Saved: Check your dashboard\n- Security Issues Found: Check your dashboard\n\nYour Trial Status:\nCheck how many free fixes you have remaining at: https://rsolv.dev/dashboard\n\nWhat's Next?\n- Expand to more repositories\n- Automate security audits\n- Clean up tech debt\n- Train your team\n\nNeed Help Scaling Up?\nI'd love to help you get even more value from RSOLV:\n- Schedule a 15-minute optimization call\n- Get best practices for your specific tech stack\n- Learn about volume discounts for teams\n\nJust reply to this email and let me know how I can help!\n\nThanks for being part of the RSOLV community.\n\nBest regards,\nDylan Fitzgerald\nFounder, RSOLV\n\nP.S. If RSOLV has been valuable to your team, I'd be grateful if you could share a quick testimonial.\n\n---\nTo unsubscribe, visit: https://rsolv.dev/unsubscribe?email=tester@example.com\n", headers: %{"X-Postmark-Tag" => "success-checkin"}, attachments: [], assigns: %{}, private: %{tag: "success-checkin"}, blocked: false}

13:17:08.598 request_id=GGBS7BUVGk5K6f0AAAwW [info] [EMAIL DEBUG] Raw Postmark response
13:17:08.598 request_id=GGBS7BUVGk5K6f0AAAwW [info] [EMAIL] Email sent successfully via Postmark
13:17:08.598 request_id=GGBS7BUVGk5K6f0AAAwW [info] Successfully sent scheduled email
13:17:08.598 request_id=GGBS7BUVGk5K6f0AAAwW [info] [EmailWorker] Insert result
13:17:08.598 request_id=GGBS7BUVGk5K6f0AAAwW [info] [EmailWorker] Schedule result
13:17:08.598 request_id=GGBS7BUVGk5K6f0AAAwW [info] [PAGE CONTROLLER] EmailSequence.start_early_access_onboarding_sequence returned
13:17:08.598 request_id=GGBS7BUVGk5K6f0AAAwW [debug] Sending email with Bamboo.TestAdapter:

%Bamboo.Email{from: {"RSOLV Team", "support@rsolv.dev"}, to: [nil: "admin@rsolv.dev"], cc: [], bcc: [], subject: "🎉 New RSOLV Signup: tester@example.com", html_body: "<!DOCTYPE html>\n<html>\n<head>\n  <meta charset=\"utf-8\">\n  <style>\n    body { font-family: -apple-system, BlinkMacSystemFont, 'Segoe UI', Roboto, sans-serif; line-height: 1.6; color: #333; }\n    .container { max-width: 600px; margin: 0 auto; padding: 20px; }\n    .header { background: #10b981; color: white; padding: 20px; border-radius: 8px 8px 0 0; }\n    .content { background: #f9fafb; padding: 20px; border: 1px solid #e5e7eb; border-radius: 0 0 8px 8px; }\n    .metric { display: inline-block; margin: 10px 20px 10px 0; }\n    .metric-label { font-size: 12px; color: #6b7280; text-transform: uppercase; }\n    .metric-value { font-size: 18px; font-weight: bold; color: #111827; }\n    .details { background: white; padding: 15px; border-radius: 4px; margin: 15px 0; }\n    .detail-row { display: flex; justify-content: space-between; padding: 8px 0; border-bottom: 1px solid #f3f4f6; }\n    .detail-row:last-child { border-bottom: none; }\n    .detail-label { font-weight: 500; color: #6b7280; }\n    .detail-value { color: #111827; }\n    .utm-badge { display: inline-block; background: #dbeafe; color: #1e40af; padding: 2px 8px; border-radius: 4px; font-size: 12px; margin-left: 4px; }\n  </style>\n</head>\n<body>\n  <div class=\"container\">\n    <div class=\"header\">\n      <h1 style=\"margin: 0; font-size: 24px;\">🎉 New RSOLV Signup!</h1>\n      <p style=\"margin: 5px 0 0 0; opacity: 0.9;\">August 29, 2025 at 07:17 PM UTC</p>\n    </div>\n    \n    <div class=\"content\">\n      <div class=\"metric\">\n        <div class=\"metric-label\">Email</div>\n        <div class=\"metric-value\">tester@example.com</div>\n      </div>\n      \n      \n      \n      <div class=\"details\">\n        <h3 style=\"margin-top: 0;\">Signup Details</h3>\n        \n        <div class=\"detail-row\">\n          <span class=\"detail-label\">Source</span>\n          <span class=\"detail-value\">\n            landing_page\n            \n          </span>\n        </div>\n        \n        \n        \n        \n        \n        \n      </div>\n      \n      <div style=\"margin-top: 20px; text-align: center;\">\n        <a href=\"https://rsolv.dev/live/dashboard\" style=\"display: inline-block; background: #10b981; color: white; padding: 10px 20px; text-decoration: none; border-radius: 4px;\">\n          View Dashboard\n        </a>\n      </div>\n    </div>\n  </div>\n</body>\n</html>\n", text_body: "🎉 New RSOLV Signup!\n\nEmail: tester@example.com\n\nTime: August 29, 2025 at 07:17 PM UTC\n\nSource Details:\n- Source: landing_page\n\n\n\n\n\nView full dashboard: https://rsolv.dev/live/dashboard\n", headers: %{"Message-ID" => "<1756495028.483785@rsolv.dev>", "X-Postmark-Tag" => "admin-notification", "X-Priority" => "1"}, attachments: [], assigns: %{}, private: %{tag: "admin-notification"}, blocked: false}

13:17:08.598 request_id=GGBS7BUVGk5K6f0AAAwW [info] Admin notification sent for new signup
13:17:08.599 request_id=GGBS7BUVGk5K6f0AAAwW [info] Sent 302 in 5ms
.13:17:08.599 [debug] QUERY OK source="fun_with_flags_toggles" db=0.0ms
INSERT INTO "fun_with_flags_toggles" AS f0 ("enabled","target","flag_name","gate_type") VALUES ($1,$2,$3,$4) ON CONFLICT ("flag_name","gate_type","target") DO UPDATE SET "enabled" = $5 RETURNING "id" [true, "_fwf_none", "early_access_signup", "boolean", true]
13:17:08.599 [debug] QUERY OK source="fun_with_flags_toggles" db=0.0ms
SELECT f0."id", f0."flag_name", f0."gate_type", f0."target", f0."enabled" FROM "fun_with_flags_toggles" AS f0 WHERE (f0."flag_name" = $1) ["early_access_signup"]
13:17:08.599 [debug] Telemetry event: [:fun_with_flags, :persistence, :write], metadata: %{flag_name: :early_access_signup, gate: %FunWithFlags.Gate{type: :boolean, for: nil, enabled: true}}, measurements: %{system_time: 1756495028599581544}
13:17:08.599 [debug] QUERY OK source="fun_with_flags_toggles" db=0.0ms
INSERT INTO "fun_with_flags_toggles" AS f0 ("enabled","target","flag_name","gate_type") VALUES ($1,$2,$3,$4) ON CONFLICT ("flag_name","gate_type","target") DO UPDATE SET "enabled" = $5 RETURNING "id" [true, "_fwf_none", "welcome_email_sequence", "boolean", true]
13:17:08.599 [debug] QUERY OK source="fun_with_flags_toggles" db=0.0ms
SELECT f0."id", f0."flag_name", f0."gate_type", f0."target", f0."enabled" FROM "fun_with_flags_toggles" AS f0 WHERE (f0."flag_name" = $1) ["welcome_email_sequence"]
13:17:08.599 [debug] Telemetry event: [:fun_with_flags, :persistence, :write], metadata: %{flag_name: :welcome_email_sequence, gate: %FunWithFlags.Gate{type: :boolean, for: nil, enabled: true}}, measurements: %{system_time: 1756495028599786198}
13:17:08.599 request_id=GGBS7BVu8OUIIaIAAAGV [info] POST /early-access
13:17:08.599 request_id=GGBS7BVu8OUIIaIAAAGV [debug] Processing with RsolvWeb.PageController.submit_early_access/2
  Parameters: %{"email" => "analytics@example.com", "utm_campaign" => "launch", "utm_medium" => "social", "utm_source" => "twitter"}
  Pipelines: [:browser]
13:17:08.599 request_id=GGBS7BVu8OUIIaIAAAGV [debug] QUERY OK source="fun_with_flags_toggles" db=0.0ms
SELECT f0."id", f0."flag_name", f0."gate_type", f0."target", f0."enabled" FROM "fun_with_flags_toggles" AS f0 WHERE (f0."flag_name" = $1) ["early_access_signup"]
13:17:08.600 request_id=GGBS7BVu8OUIIaIAAAGV [debug] Telemetry event: [:fun_with_flags, :persistence, :read], metadata: %{flag_name: :early_access_signup, gate: nil}, measurements: %{system_time: 1756495028600009709}
13:17:08.600 request_id=GGBS7BVu8OUIIaIAAAGV [debug] Extracted UTM parameters: %{utm_source: "twitter", utm_medium: "social", utm_campaign: "launch"}
13:17:08.600 request_id=GGBS7BVu8OUIIaIAAAGV [info] Analytics event tracked
13:17:08.600 request_id=GGBS7BVu8OUIIaIAAAGV [debug] QUERY OK db=0.7ms
SELECT create_analytics_partition_if_not_exists($1::date) [~D[2025-08-29]]
13:17:08.601 request_id=GGBS7BVu8OUIIaIAAAGV [debug] QUERY OK source="analytics_events" db=0.2ms queue=0.1ms
INSERT INTO "analytics_events" ("metadata","event_type","utm_source","utm_medium","utm_campaign","visitor_id","page_path","inserted_at","updated_at") VALUES ($1,$2,$3,$4,$5,$6,$7,$8,$9) RETURNING "id" [%{status: "submit", os: "unknown", form_id: "early-access", browser: "unknown", utm_source_platform: nil, utm_source_campaign: nil, utm_source_content: nil, device_type: "unknown"}, "form_submit", "twitter", "social", "launch", "cdbe276a204121399816be67fb298d02", "/early-access", ~N[2025-08-29 19:17:08], ~N[2025-08-29 19:17:08]]
13:17:08.601 request_id=GGBS7BVu8OUIIaIAAAGV [info] Form submission received
13:17:08.601 request_id=GGBS7BVu8OUIIaIAAAGV [info] Valid email received for processing: analytics@example.com, validation passed
13:17:08.601 request_id=GGBS7BVu8OUIIaIAAAGV [debug] Extracted UTM parameters: %{utm_source: "twitter", utm_medium: "social", utm_campaign: "launch"}
13:17:08.601 request_id=GGBS7BVu8OUIIaIAAAGV [debug] QUERY OK source="early_access_signups" db=0.0ms
INSERT INTO "early_access_signups" ("name","email","utm_source","utm_medium","utm_campaign","referral_source","inserted_at") VALUES ($1,$2,$3,$4,$5,$6,$7) RETURNING "id" ["Analytics", "analytics@example.com", "twitter", "social", "launch", "landing_page", ~N[2025-08-29 19:17:08]]
13:17:08.601 request_id=GGBS7BVu8OUIIaIAAAGV [debug] QUERY OK source="early_access_signups" db=0.1ms
SELECT count(e0."id") FROM "early_access_signups" AS e0 []
13:17:08.601 request_id=GGBS7BVu8OUIIaIAAAGV [info] Successfully saved signup to database
13:17:08.601 request_id=GGBS7BVu8OUIIaIAAAGV [info] ConvertKit API key present: true
13:17:08.602 request_id=GGBS7BVu8OUIIaIAAAGV [info] ConvertKit API request successful
13:17:08.602 request_id=GGBS7BVu8OUIIaIAAAGV [info] ConvertKit: Successfully added subscriber
13:17:08.602 request_id=GGBS7BVu8OUIIaIAAAGV [info] Analytics event tracked
13:17:08.602 request_id=GGBS7BVu8OUIIaIAAAGV [debug] QUERY OK db=0.1ms
SELECT create_analytics_partition_if_not_exists($1::date) [~D[2025-08-29]]
13:17:08.602 request_id=GGBS7BVu8OUIIaIAAAGV [debug] QUERY OK source="analytics_events" db=0.0ms
INSERT INTO "analytics_events" ("metadata","event_type","utm_source","utm_medium","utm_campaign","visitor_id","page_path","inserted_at","updated_at") VALUES ($1,$2,$3,$4,$5,$6,$7,$8,$9) RETURNING "id" [%{status: "success", os: "unknown", source: "landing_page", form_id: "early-access", browser: "unknown", utm_source_platform: nil, utm_source_campaign: nil, utm_source_content: nil, device_type: "unknown", conversion_type: "early_access_signup", email_domain: "example.com"}, "form_success", "twitter", "social", "launch", "cdbe276a204121399816be67fb298d02", "/early-access", ~N[2025-08-29 19:17:08], ~N[2025-08-29 19:17:08]]
13:17:08.602 request_id=GGBS7BVu8OUIIaIAAAGV [info] Analytics event tracked
13:17:08.602 request_id=GGBS7BVu8OUIIaIAAAGV [debug] QUERY OK db=0.0ms
SELECT create_analytics_partition_if_not_exists($1::date) [~D[2025-08-29]]
13:17:08.602 request_id=GGBS7BVu8OUIIaIAAAGV [debug] QUERY OK source="analytics_events" db=0.0ms
INSERT INTO "analytics_events" ("metadata","event_type","utm_source","utm_medium","utm_campaign","visitor_id","page_path","inserted_at","updated_at") VALUES ($1,$2,$3,$4,$5,$6,$7,$8,$9) RETURNING "id" [%{os: "unknown", source: "landing_page", form_id: "early-access", browser: "unknown", utm_source_platform: nil, utm_source_campaign: nil, utm_source_content: nil, device_type: "unknown", conversion_type: "early_access_signup", email_domain: "example.com"}, "conversion", "twitter", "social", "launch", "cdbe276a204121399816be67fb298d02", "/early-access", ~N[2025-08-29 19:17:08], ~N[2025-08-29 19:17:08]]
13:17:08.602 request_id=GGBS7BVu8OUIIaIAAAGV [debug] QUERY OK source="fun_with_flags_toggles" db=0.0ms
SELECT f0."id", f0."flag_name", f0."gate_type", f0."target", f0."enabled" FROM "fun_with_flags_toggles" AS f0 WHERE (f0."flag_name" = $1) ["welcome_email_sequence"]
13:17:08.602 request_id=GGBS7BVu8OUIIaIAAAGV [debug] Telemetry event: [:fun_with_flags, :persistence, :read], metadata: %{flag_name: :welcome_email_sequence, gate: nil}, measurements: %{system_time: 1756495028602805921}
13:17:08.602 request_id=GGBS7BVu8OUIIaIAAAGV [info] [PAGE CONTROLLER] Welcome email sequence is ENABLED, starting sequence
13:17:08.602 request_id=GGBS7BVu8OUIIaIAAAGV [info] [PAGE CONTROLLER] About to call EmailSequence.start_early_access_onboarding_sequence
13:17:08.602 request_id=GGBS7BVu8OUIIaIAAAGV [info] [EMAIL SEQUENCE] Starting early access onboarding sequence
13:17:08.602 request_id=GGBS7BVu8OUIIaIAAAGV [info] [EMAIL SEQUENCE] About to call EmailService.send_early_access_welcome_email
13:17:08.602 request_id=GGBS7BVu8OUIIaIAAAGV [info] [EMAIL] send_early_access_welcome_email called
13:17:08.602 request_id=GGBS7BVu8OUIIaIAAAGV [info] [EMAIL DEBUG] Full email struct before sending
13:17:08.602 request_id=GGBS7BVu8OUIIaIAAAGV [info] [EMAIL DEBUG] Extracted recipient email
13:17:08.602 request_id=GGBS7BVu8OUIIaIAAAGV [info] [EMAIL DEBUG] Postmark configuration
13:17:08.602 request_id=GGBS7BVu8OUIIaIAAAGV [info] [EMAIL DEBUG] Email configuration
13:17:08.603 request_id=GGBS7BVu8OUIIaIAAAGV [info] [EMAIL] Attempting to send email via Postmark
13:17:08.603 request_id=GGBS7BVu8OUIIaIAAAGV [debug] Sending email with Bamboo.TestAdapter:

%Bamboo.Email{from: {"RSOLV Team", "support@rsolv.dev"}, to: [nil: "analytics@example.com"], cc: [], bcc: [], subject: "Welcome to RSOLV Early Access Program", html_body: "<div style=\"font-family: 'Helvetica Neue', Helvetica, Arial, sans-serif; max-width: 600px; margin: 0 auto; padding: 20px;\">\n  <h1 style=\"color: #2C3E50; margin-bottom: 20px;\">Welcome to RSOLV Early Access Program!</h1>\n\n  <p>Hi Analytics,</p>\n\n  <p>Thank you for joining our Early Access Program! You're now part of an exclusive group getting first access to RSOLV.</p>\n\n  <p>Here's what you need to know:</p>\n\n  <ul>\n    <li>You have full access to all current features</li>\n    <li>Your feedback is incredibly valuable to us during this phase</li>\n    <li>You'll receive priority support via email</li>\n  </ul>\n\n  <p>To get started with RSOLV:</p>\n\n  <ol>\n    <li><strong>Your API key will be sent in a follow-up email within 24 hours</strong></li>\n    <li>Once you receive your API key, install our GitHub Action (code below)</li>\n    <li>Set up your repository secrets with your API key</li>\n    <li>Tag your first issues with \"rsolv:automate\"</li>\n  </ol>\n\n  <div style=\"background-color: #fff3cd; border: 1px solid #ffeaa7; color: #856404; padding: 10px; border-radius: 5px; margin: 15px 0;\">\n    <strong>⏳ API Key Coming Soon:</strong> We'll send your personal API key within 24 hours. Look for an email with subject \"Your RSOLV API Key\".\n  </div>\n\n  <div style=\"background-color: #f8f9fa; padding: 15px; border-radius: 5px; margin: 20px 0;\">\n    <pre style=\"margin: 0; overflow-x: auto; white-space: pre-wrap; font-family: monospace;\">name: RSOLV AutoFix\non:\n  issues:\n    types: [opened, edited, labeled]\n\njobs:\n  autofix:\n    runs-on: ubuntu-latest\n    if: contains(github.event.issue.labels.*.name, 'rsolv:automate')\n    steps:\n      - uses: RSOLV-dev/rsolv-action@v1\n        with:\n          github-token: ${{ secrets.GITHUB_TOKEN }}\n          rsolv-api-key: ${{ secrets.RSOLV_API_KEY }}</pre>\n  </div>\n\n  <p>Need help? As an Early Access member, you have priority support - contact us at <a href=\"mailto:support@rsolv.dev\">support@rsolv.dev</a> and we'll personally assist you.</p>\n\n  <p>Your trial includes unlimited automated fixes during the Early Access period.</p>\n\n  <div style=\"margin-top: 30px; padding: 15px; border: 1px solid #e0e0e0; border-radius: 5px; background-color: #f9f9f9;\">\n    <h3 style=\"margin-top: 0; color: #2C3E50;\">Early Access Program Benefits</h3>\n    <ul>\n      <li>Unlimited usage during Early Access</li>\n      <li>Priority support and feature requests</li>\n      <li>Exclusive pricing when we launch</li>\n      <li>Direct access to our development team</li>\n    </ul>\n  </div>\n\n  <p>Best,<br>The RSOLV Team</p>\n\n  <div class=\"footer\" style=\"margin-top: 40px; padding-top: 20px; border-top: 1px solid #e0e0e0; font-size: 0.9em; color: #666;\">\n    <p>\n      You're receiving this email because you joined the RSOLV Early Access Program.\n      <br>\n      If you have any questions, simply reply to this email.\n    </p>\n    <p>\n      RSOLV, Inc. • support@rsolv.dev • © 2025\n    </p>\n    <p>\n      <a href=\"https://rsolv.dev/unsubscribe?email=analytics@example.com\">Unsubscribe</a> from these emails.\n    </p>\n  </div>\n</div>\n", text_body: "Welcome to RSOLV Early Access Program!\n\nHi Analytics,\n\nThank you for joining our Early Access Program! You're now part of an exclusive group getting first access to RSOLV.\n\nHere's what you need to know:\n- You have full access to all current features\n- Your feedback is incredibly valuable to us during this phase\n- You'll receive priority support via email\n\nTo get started with RSOLV:\n1. Your API key will be sent in a follow-up email within 24 hours\n2. Once you receive your API key, install our GitHub Action\n3. Set up your repository secrets with your API key\n4. Tag your first issues with \"AUTOFIX\"\n\n⏳ API KEY COMING SOON: We'll send your personal API key within 24 hours. Look for an email with subject \"Your RSOLV API Key\".\n\nNeed help? As an Early Access member, you have priority support - contact us at support@rsolv.dev and we'll personally assist you.\n\nYour trial includes unlimited automated fixes during the Early Access period.\n\nEARLY ACCESS PROGRAM BENEFITS:\n* Unlimited usage during Early Access\n* Priority support and feature requests\n* Exclusive pricing when we launch\n* Direct access to our development team\n\nBest,\nThe RSOLV Team\n\n---\nYou're receiving this email because you joined the RSOLV Early Access Program.\nIf you have any questions, simply reply to this email.\n\nRSOLV, Inc. • support@rsolv.dev\n\nTo unsubscribe, visit: https://rsolv.dev/unsubscribe?email=analytics@example.com\n", headers: %{"X-Postmark-Tag" => "early-access"}, attachments: [], assigns: %{}, private: %{tag: "early-access"}, blocked: false}

13:17:08.603 request_id=GGBS7BVu8OUIIaIAAAGV [info] [EMAIL DEBUG] Raw Postmark response
13:17:08.603 request_id=GGBS7BVu8OUIIaIAAAGV [info] [EMAIL] Email sent successfully via Postmark
13:17:08.603 request_id=GGBS7BVu8OUIIaIAAAGV [info] [EMAIL SEQUENCE] EmailService.send_early_access_welcome_email returned
13:17:08.603 request_id=GGBS7BVu8OUIIaIAAAGV [info] Attempting to tag subscriber
13:17:08.603 request_id=GGBS7BVu8OUIIaIAAAGV [info] ConvertKit: Attempting to tag analytics@example.com with tag 7700607
13:17:08.603 request_id=GGBS7BVu8OUIIaIAAAGV [info] ConvertKit: Successfully tagged analytics@example.com
13:17:08.603 request_id=GGBS7BVu8OUIIaIAAAGV [info] [EmailWorker] schedule_sequence called
13:17:08.603 request_id=GGBS7BVu8OUIIaIAAAGV [info] [EmailWorker] Found sequence
13:17:08.603 request_id=GGBS7BVu8OUIIaIAAAGV [info] [EmailWorker] Processing email config
13:17:08.603 request_id=GGBS7BVu8OUIIaIAAAGV [info] [EmailWorker] Skipping immediate email
13:17:08.603 request_id=GGBS7BVu8OUIIaIAAAGV [info] [EmailWorker] Processing email config
13:17:08.603 request_id=GGBS7BVu8OUIIaIAAAGV [info] [EmailWorker] Scheduling email
13:17:08.603 request_id=GGBS7BVu8OUIIaIAAAGV [info] [EmailWorker] Creating Oban job
13:17:08.603 request_id=GGBS7BVu8OUIIaIAAAGV [info] [EmailWorker] Job created
13:17:08.603 request_id=GGBS7BVu8OUIIaIAAAGV [info] Processing scheduled email
13:17:08.603 request_id=GGBS7BVu8OUIIaIAAAGV [error] Failed to send scheduled email
13:17:08.603 request_id=GGBS7BVu8OUIIaIAAAGV [info] [EmailWorker] Insert result
13:17:08.603 request_id=GGBS7BVu8OUIIaIAAAGV [info] [EmailWorker] Schedule result
13:17:08.603 request_id=GGBS7BVu8OUIIaIAAAGV [info] [EmailWorker] Processing email config
13:17:08.603 request_id=GGBS7BVu8OUIIaIAAAGV [info] [EmailWorker] Scheduling email
13:17:08.603 request_id=GGBS7BVu8OUIIaIAAAGV [info] [EmailWorker] Creating Oban job
13:17:08.603 request_id=GGBS7BVu8OUIIaIAAAGV [info] [EmailWorker] Job created
13:17:08.603 request_id=GGBS7BVu8OUIIaIAAAGV [info] Processing scheduled email
13:17:08.603 request_id=GGBS7BVu8OUIIaIAAAGV [info] [EMAIL DEBUG] Full email struct before sending
13:17:08.603 request_id=GGBS7BVu8OUIIaIAAAGV [info] [EMAIL DEBUG] Extracted recipient email
13:17:08.603 request_id=GGBS7BVu8OUIIaIAAAGV [info] [EMAIL DEBUG] Postmark configuration
13:17:08.603 request_id=GGBS7BVu8OUIIaIAAAGV [info] [EMAIL DEBUG] Email configuration
13:17:08.603 request_id=GGBS7BVu8OUIIaIAAAGV [info] [EMAIL] Attempting to send email via Postmark
13:17:08.604 request_id=GGBS7BVu8OUIIaIAAAGV [debug] Sending email with Bamboo.TestAdapter:

%Bamboo.Email{from: {"RSOLV Team", "support@rsolv.dev"}, to: [nil: "analytics@example.com"], cc: [], bcc: [], subject: "Verify Your RSOLV Setup - Need Any Help?", html_body: "<!DOCTYPE html>\n<html lang=\"en\">\n<head>\n  <meta charset=\"UTF-8\">\n  <meta name=\"viewport\" content=\"width=device-width, initial-scale=1.0\">\n  <title>Verify Your RSOLV Setup</title>\n  <style>\n    @import url('https://fonts.googleapis.com/css2?family=Space+Grotesk:wght@300;400;500;700&display=swap');\n    \n    body {\n      font-family: 'Space Grotesk', -apple-system, BlinkMacSystemFont, \"Segoe UI\", Roboto, Helvetica, Arial, sans-serif;\n      line-height: 1.6;\n      color: #333;\n      max-width: 600px;\n      margin: 0 auto;\n      padding: 20px;\n      background-color: #f8f9fa;\n    }\n    .container {\n      background-color: #ffffff;\n      border-radius: 8px;\n      padding: 30px;\n      box-shadow: 0 4px 6px rgba(0, 0, 0, 0.05);\n    }\n    .logo {\n      text-align: center;\n      margin-bottom: 30px;\n    }\n    .logo img {\n      max-width: 200px;\n    }\n    h1, h2, h3 {\n      color: #10b981;\n    }\n    .checklist {\n      background-color: #f3f4f6;\n      padding: 20px;\n      border-radius: 8px;\n      margin: 20px 0;\n    }\n    .checklist-item {\n      display: flex;\n      align-items: center;\n      margin-bottom: 15px;\n    }\n    .checklist-item input[type=\"checkbox\"] {\n      margin-right: 10px;\n    }\n    .status-box {\n      background-color: #fff3cd;\n      border: 1px solid #ffeaa7;\n      padding: 15px;\n      border-radius: 8px;\n      margin: 20px 0;\n    }\n    .success-box {\n      background-color: #d4edda;\n      border: 1px solid #c3e6cb;\n      padding: 15px;\n      border-radius: 8px;\n      margin: 20px 0;\n    }\n    .code {\n      background-color: #2d3748;\n      color: #e2e8f0;\n      padding: 15px;\n      border-radius: 5px;\n      font-family: 'Courier New', monospace;\n      overflow-x: auto;\n      margin: 15px 0;\n    }\n    .cta {\n      background-color: #10b981;\n      color: white;\n      padding: 12px 24px;\n      border-radius: 5px;\n      display: inline-block;\n      text-decoration: none;\n      font-weight: bold;\n      margin: 20px 0;\n    }\n    .footer {\n      margin-top: 40px;\n      font-size: 14px;\n      color: #6b7280;\n      border-top: 1px solid #e5e7eb;\n      padding-top: 20px;\n      text-align: center;\n    }\n  </style>\n</head>\n<body>\n  <div class=\"container\">\n    <div class=\"logo\">\n      <img src=\"https://rsolv.dev/images/rsolv_logo_transparent.png\" alt=\"RSOLV Logo\">\n    </div>\n    \n    <h1>Let's Verify Your RSOLV Setup</h1>\n    \n    <p>Hi {@first_name},</p>\n    \n    <p>It's been a few days since you signed up for RSOLV. We want to make sure you're all set up and ready to benefit from automated security scanning and remediation!</p>\n    \n    <div class=\"checklist\">\n      <h3>Quick Setup Checklist:</h3>\n      <div class=\"checklist-item\">\n        <input type=\"checkbox\" disabled> Connected your repositories for security scanning\n      </div>\n      <div class=\"checklist-item\">\n        <input type=\"checkbox\" disabled> Added the GitHub Action workflow for automated fixes\n      </div>\n      <div class=\"checklist-item\">\n        <input type=\"checkbox\" disabled> Set up your RSOLV_API_KEY as a repository secret\n      </div>\n      <div class=\"checklist-item\">\n        <input type=\"checkbox\" disabled> Reviewed security issues found by RSOLV\n      </div>\n      <div class=\"checklist-item\">\n        <input type=\"checkbox\" disabled> Generated and merged your first security fix PR\n      </div>\n    </div>\n    \n    <h2>Need Help with Setup?</h2>\n    \n    <p>If you haven't completed setup yet, here's a quick reminder of the steps:</p>\n    \n    <div class=\"code\">\n# In .github/workflows/rsolv.yml:\nname: RSOLV Security Fixes\n\non:\n  issues:\n    types: [labeled]\n\njobs:\n  security-fix:\n    if: contains(github.event.issue.labels.*.name, 'rsolv:automate')\n    runs-on: ubuntu-latest\n    steps:\n      - uses: rsolv-dev/rsolv-action@v1\n        with:\n          github-token: ${\"{{ secrets.GITHUB_TOKEN }}\"}\n          rsolv-api-key: ${\"{{ secrets.RSOLV_API_KEY }}\"}\n    </div>\n    \n    <div class=\"status-box\">\n      <strong>🎁 Remember:</strong> Your first 10 fixes are completely free! No credit card required. After that, you only pay $15 per fix that gets deployed.\n   " <> ..., text_body: "Let's Verify Your RSOLV Setup\n\nHi Analytics,\n\nIt's been a few days since you signed up for RSOLV. We want to make sure you're all set up and ready to automate your issue resolution!\n\nQuick Setup Checklist:\n[ ] Added the GitHub Action workflow to your repository\n[ ] Set up your RSOLV_API_KEY as a repository secret\n[ ] Tagged your first issue with \"rsolv:automate\"\n[ ] Reviewed and merged your first automated PR\n\nNeed Help with Setup?\nIf you haven't completed setup yet, visit: https://rsolv.dev/docs/getting-started\n\nRemember: Your first 10 fixes are completely free! No credit card required. After that, you only pay $15 per fix that gets deployed.\n\nCommon Questions:\n- Where do I get my API key? Check your welcome email or visit your dashboard\n- Can I use RSOLV on private repos? Yes! RSOLV works with both public and private repositories\n- What types of issues can RSOLV fix? Bug fixes, security vulnerabilities, performance issues, and more\n- How secure is it? We analyze every fix for security vulnerabilities before creating PRs\n\nPro Tip: Start with a simple issue first - something like \"Fix typo in README\" or \"Update deprecated function calls\".\n\nReady to get started? Tag an issue with \"rsolv:automate\" and watch the magic happen!\n\nIf you're stuck or have questions, just reply to this email.\n\nBest regards,\nThe RSOLV Team\n\n---\nTo unsubscribe, visit: https://rsolv.dev/unsubscribe?email=analytics@example.com\n", headers: %{"X-Postmark-Tag" => "setup-verification"}, attachments: [], assigns: %{}, private: %{tag: "setup-verification"}, blocked: false}

13:17:08.604 request_id=GGBS7BVu8OUIIaIAAAGV [info] [EMAIL DEBUG] Raw Postmark response
13:17:08.604 request_id=GGBS7BVu8OUIIaIAAAGV [info] [EMAIL] Email sent successfully via Postmark
13:17:08.604 request_id=GGBS7BVu8OUIIaIAAAGV [info] Successfully sent scheduled email
13:17:08.604 request_id=GGBS7BVu8OUIIaIAAAGV [info] [EmailWorker] Insert result
13:17:08.604 request_id=GGBS7BVu8OUIIaIAAAGV [info] [EmailWorker] Schedule result
13:17:08.604 request_id=GGBS7BVu8OUIIaIAAAGV [info] [EmailWorker] Processing email config
13:17:08.604 request_id=GGBS7BVu8OUIIaIAAAGV [info] [EmailWorker] Scheduling email
13:17:08.604 request_id=GGBS7BVu8OUIIaIAAAGV [info] [EmailWorker] Creating Oban job
13:17:08.604 request_id=GGBS7BVu8OUIIaIAAAGV [info] [EmailWorker] Job created
13:17:08.604 request_id=GGBS7BVu8OUIIaIAAAGV [info] Processing scheduled email
13:17:08.604 request_id=GGBS7BVu8OUIIaIAAAGV [info] [EMAIL DEBUG] Full email struct before sending
13:17:08.604 request_id=GGBS7BVu8OUIIaIAAAGV [info] [EMAIL DEBUG] Extracted recipient email
13:17:08.604 request_id=GGBS7BVu8OUIIaIAAAGV [info] [EMAIL DEBUG] Postmark configuration
13:17:08.604 request_id=GGBS7BVu8OUIIaIAAAGV [info] [EMAIL DEBUG] Email configuration
13:17:08.604 request_id=GGBS7BVu8OUIIaIAAAGV [info] [EMAIL] Attempting to send email via Postmark
13:17:08.604 request_id=GGBS7BVu8OUIIaIAAAGV [debug] Sending email with Bamboo.TestAdapter:

%Bamboo.Email{from: {"RSOLV Team", "support@rsolv.dev"}, to: [nil: "analytics@example.com"], cc: [], bcc: [], subject: "Advanced RSOLV Features You Might Have Missed", html_body: "<!DOCTYPE html>\n<html lang=\"en\">\n<head>\n  <meta charset=\"UTF-8\">\n  <meta name=\"viewport\" content=\"width=device-width, initial-scale=1.0\">\n  <title>Advanced RSOLV Features</title>\n  <style>\n    @import url('https://fonts.googleapis.com/css2?family=Space+Grotesk:wght@300;400;500;700&display=swap');\n    \n    body {\n      font-family: 'Space Grotesk', -apple-system, BlinkMacSystemFont, \"Segoe UI\", Roboto, Helvetica, Arial, sans-serif;\n      line-height: 1.6;\n      color: #333;\n      max-width: 600px;\n      margin: 0 auto;\n      padding: 20px;\n      background-color: #f8f9fa;\n    }\n    .container {\n      background-color: #ffffff;\n      border-radius: 8px;\n      padding: 30px;\n      box-shadow: 0 4px 6px rgba(0, 0, 0, 0.05);\n    }\n    .logo {\n      text-align: center;\n      margin-bottom: 30px;\n    }\n    .logo img {\n      max-width: 200px;\n    }\n    h1, h2, h3 {\n      color: #10b981;\n    }\n    .feature-card {\n      background-color: #f3f4f6;\n      padding: 20px;\n      border-radius: 8px;\n      margin-bottom: 20px;\n      border-left: 4px solid #10b981;\n    }\n    .feature-card h3 {\n      margin-top: 0;\n    }\n    .code {\n      background-color: #2d3748;\n      color: #e2e8f0;\n      padding: 15px;\n      border-radius: 5px;\n      font-family: 'Courier New', monospace;\n      overflow-x: auto;\n      margin: 15px 0;\n      font-size: 14px;\n    }\n    .pro-tip {\n      background-color: #fff3cd;\n      border: 1px solid #ffeaa7;\n      padding: 15px;\n      border-radius: 8px;\n      margin: 20px 0;\n    }\n    .security-highlight {\n      background-color: #d4edda;\n      border: 1px solid #c3e6cb;\n      padding: 15px;\n      border-radius: 8px;\n      margin: 20px 0;\n    }\n    .cta {\n      background-color: #10b981;\n      color: white;\n      padding: 12px 24px;\n      border-radius: 5px;\n      display: inline-block;\n      text-decoration: none;\n      font-weight: bold;\n      margin: 20px 0;\n    }\n    .footer {\n      margin-top: 40px;\n      font-size: 14px;\n      color: #6b7280;\n      border-top: 1px solid #e5e7eb;\n      padding-top: 20px;\n      text-align: center;\n    }\n  </style>\n</head>\n<body>\n  <div class=\"container\">\n    <div class=\"logo\">\n      <img src=\"https://rsolv.dev/images/rsolv_logo_transparent.png\" alt=\"RSOLV Logo\">\n    </div>\n    \n    <h1>Unlock the Full Power of RSOLV</h1>\n    \n    <p>Hi {@first_name},</p>\n    \n    <p>You've been using RSOLV for a few days now. Here are some advanced features and techniques that can help you get even more value from automated security scanning and vulnerability remediation:</p>\n    \n    <div class=\"feature-card\">\n      <h3>🎯 Understanding RSOLV's Proactive Scanning</h3>\n      <p>RSOLV continuously scans your repositories for security vulnerabilities and automatically creates issues with detailed remediation plans:</p>\n      <ul>\n        <li><strong>Automated detection:</strong> Scans all files for 180+ vulnerability patterns (and growing)</li>\n        <li><strong>Smart grouping:</strong> Groups similar issues for efficient review</li>\n        <li><strong>Detailed reports:</strong> Shows exact file locations and vulnerable code</li>\n        <li><strong>Fix generation:</strong> Creates secure PRs that address root causes</li>\n      </ul>\n    </div>\n    \n    <div class=\"feature-card\">\n      <h3>🔒 Comprehensive Security Coverage</h3>\n      <p>RSOLV proactively detects and fixes these vulnerability types across your codebase:</p>\n      <ul>\n        <li>SQL/NoSQL injection vulnerabilities</li>\n        <li>Cross-site scripting (XSS) risks</li>\n        <li>Authentication/authorization flaws</li>\n        <li>Insecure cryptographic implementations</li>\n        <li>Hardcoded secrets and API keys</li>\n        <li>Path traversal and open redirects</li>\n        <li>Insecure dependencies and configurations</li>\n      </ul>\n      <p>Each PR includes a detailed security impact assessment and verification tests.</p>\n    </div>\n    \n    <div class=\"security-highlight\">\n      <strong>🛡️ Security Example:</strong> When RSOLV detects unsafe user input handling, it automatically generates fixes with proper sanitization, p" <> ..., text_body: "Unlock the Full Power of RSOLV\n\nHi Analytics,\n\nYou've been using RSOLV for a few days now. Here are some advanced features and techniques:\n\n1. Writing Better Issues for Better Fixes:\n   - Include error messages: Copy the full stack trace\n   - Specify the file/function: \"Fix pagination in UserList.js\"\n   - Describe expected behavior: \"Should show 10 users per page\"\n   - Add context: \"This broke after upgrading to React 18\"\n\n2. Security-First Fixes:\n   RSOLV automatically scans for:\n   - SQL injection vulnerabilities\n   - Cross-site scripting (XSS) risks\n   - Authentication/authorization issues\n   - Insecure dependencies\n   - Hardcoded secrets or API keys\n\n3. Batch Processing:\n   Tag multiple issues with \"rsolv:automate\" and RSOLV creates separate PRs for each.\n\n4. Customizing RSOLV Behavior:\n   Add these tags to your issues:\n   - [performance] - Optimize for speed\n   - [security] - Extra security focus\n   - [minimal] - Smallest possible change\n   - [refactor] - Clean up while fixing\n\nComing Soon:\n- Support for more languages (Go, Rust, PHP)\n- Custom fix preferences per repository\n- Team collaboration features\n- Integration with more platforms\n\nHave a feature request? Just reply to this email!\n\nView advanced documentation: https://rsolv.dev/docs/advanced\n\nBest regards,\nThe RSOLV Team\n\n---\nTo unsubscribe, visit: https://rsolv.dev/unsubscribe?email=analytics@example.com\n", headers: %{"X-Postmark-Tag" => "feature-deep-dive"}, attachments: [], assigns: %{}, private: %{tag: "feature-deep-dive"}, blocked: false}

13:17:08.604 request_id=GGBS7BVu8OUIIaIAAAGV [info] [EMAIL DEBUG] Raw Postmark response
13:17:08.604 request_id=GGBS7BVu8OUIIaIAAAGV [info] [EMAIL] Email sent successfully via Postmark
13:17:08.604 request_id=GGBS7BVu8OUIIaIAAAGV [info] Successfully sent scheduled email
13:17:08.604 request_id=GGBS7BVu8OUIIaIAAAGV [info] [EmailWorker] Insert result
13:17:08.604 request_id=GGBS7BVu8OUIIaIAAAGV [info] [EmailWorker] Schedule result
13:17:08.604 request_id=GGBS7BVu8OUIIaIAAAGV [info] [EmailWorker] Processing email config
13:17:08.604 request_id=GGBS7BVu8OUIIaIAAAGV [info] [EmailWorker] Scheduling email
13:17:08.604 request_id=GGBS7BVu8OUIIaIAAAGV [info] [EmailWorker] Creating Oban job
13:17:08.604 request_id=GGBS7BVu8OUIIaIAAAGV [info] [EmailWorker] Job created
13:17:08.604 request_id=GGBS7BVu8OUIIaIAAAGV [info] Processing scheduled email
13:17:08.604 request_id=GGBS7BVu8OUIIaIAAAGV [info] [EMAIL DEBUG] Full email struct before sending
13:17:08.604 request_id=GGBS7BVu8OUIIaIAAAGV [info] [EMAIL DEBUG] Extracted recipient email
13:17:08.605 request_id=GGBS7BVu8OUIIaIAAAGV [info] [EMAIL DEBUG] Postmark configuration
13:17:08.605 request_id=GGBS7BVu8OUIIaIAAAGV [info] [EMAIL DEBUG] Email configuration
13:17:08.605 request_id=GGBS7BVu8OUIIaIAAAGV [info] [EMAIL] Attempting to send email via Postmark
13:17:08.605 request_id=GGBS7BVu8OUIIaIAAAGV [debug] Sending email with Bamboo.TestAdapter:

%Bamboo.Email{from: {"RSOLV Team", "support@rsolv.dev"}, to: [nil: "analytics@example.com"], cc: [], bcc: [], subject: "How's Your Experience with RSOLV?", html_body: "<!DOCTYPE html>\n<html lang=\"en\">\n<head>\n  <meta charset=\"UTF-8\">\n  <meta name=\"viewport\" content=\"width=device-width, initial-scale=1.0\">\n  <title>How's Your RSOLV Experience?</title>\n  <style>\n    @import url('https://fonts.googleapis.com/css2?family=Space+Grotesk:wght@300;400;500;700&display=swap');\n    \n    body {\n      font-family: 'Space Grotesk', -apple-system, BlinkMacSystemFont, \"Segoe UI\", Roboto, Helvetica, Arial, sans-serif;\n      line-height: 1.6;\n      color: #333;\n      max-width: 600px;\n      margin: 0 auto;\n      padding: 20px;\n      background-color: #f8f9fa;\n    }\n    .container {\n      background-color: #ffffff;\n      border-radius: 8px;\n      padding: 30px;\n      box-shadow: 0 4px 6px rgba(0, 0, 0, 0.05);\n    }\n    .logo {\n      text-align: center;\n      margin-bottom: 30px;\n    }\n    .logo img {\n      max-width: 200px;\n    }\n    h1, h2, h3 {\n      color: #10b981;\n    }\n    .survey-card {\n      background-color: #f3f4f6;\n      padding: 20px;\n      border-radius: 8px;\n      margin: 20px 0;\n      text-align: center;\n    }\n    .rating-container {\n      display: flex;\n      justify-content: center;\n      gap: 10px;\n      margin: 20px 0;\n    }\n    .rating-box {\n      width: 40px;\n      height: 40px;\n      border: 2px solid #10b981;\n      border-radius: 8px;\n      display: flex;\n      align-items: center;\n      justify-content: center;\n      text-decoration: none;\n      color: #10b981;\n      font-weight: bold;\n      transition: all 0.3s ease;\n    }\n    .rating-box:hover {\n      background-color: #10b981;\n      color: white;\n    }\n    .question-box {\n      background-color: #f9fafb;\n      padding: 20px;\n      border-radius: 8px;\n      margin: 20px 0;\n      border-left: 4px solid #10b981;\n    }\n    .success-story {\n      background-color: #d4edda;\n      border: 1px solid #c3e6cb;\n      padding: 15px;\n      border-radius: 8px;\n      margin: 20px 0;\n    }\n    .cta {\n      background-color: #10b981;\n      color: white;\n      padding: 12px 24px;\n      border-radius: 5px;\n      display: inline-block;\n      text-decoration: none;\n      font-weight: bold;\n      margin: 20px 0;\n    }\n    .cta-secondary {\n      background-color: #6b7280;\n      color: white;\n      padding: 12px 24px;\n      border-radius: 5px;\n      display: inline-block;\n      text-decoration: none;\n      font-weight: bold;\n      margin: 20px 0;\n    }\n    .footer {\n      margin-top: 40px;\n      font-size: 14px;\n      color: #6b7280;\n      border-top: 1px solid #e5e7eb;\n      padding-top: 20px;\n      text-align: center;\n    }\n  </style>\n</head>\n<body>\n  <div class=\"container\">\n    <div class=\"logo\">\n      <img src=\"https://rsolv.dev/images/rsolv_logo_transparent.png\" alt=\"RSOLV Logo\">\n    </div>\n    \n    <h1>Quick Check-In: How's RSOLV Working for You?</h1>\n    \n    <p>Hi {@first_name},</p>\n    \n    <p>You've been using RSOLV for a week now, and we'd love to hear about your experience! Your feedback helps us make RSOLV better for everyone.</p>\n    \n    <div class=\"survey-card\">\n      <h3>How likely are you to recommend RSOLV to a colleague?</h3>\n      <p>Click a number below:</p>\n      <div class=\"rating-container\">\n        <a href=\"https://rsolv.dev/feedback?rating=1&email={@email}\" class=\"rating-box\">1</a>\n        <a href=\"https://rsolv.dev/feedback?rating=2&email={@email}\" class=\"rating-box\">2</a>\n        <a href=\"https://rsolv.dev/feedback?rating=3&email={@email}\" class=\"rating-box\">3</a>\n        <a href=\"https://rsolv.dev/feedback?rating=4&email={@email}\" class=\"rating-box\">4</a>\n        <a href=\"https://rsolv.dev/feedback?rating=5&email={@email}\" class=\"rating-box\">5</a>\n        <a href=\"https://rsolv.dev/feedback?rating=6&email={@email}\" class=\"rating-box\">6</a>\n        <a href=\"https://rsolv.dev/feedback?rating=7&email={@email}\" class=\"rating-box\">7</a>\n        <a href=\"https://rsolv.dev/feedback?rating=8&email={@email}\" class=\"rating-box\">8</a>\n        <a href=\"https://rsolv.dev/feedback?rating=9&email={@email}\" class=\"rating-box\">9</a>\n        <a href=\"https://rsolv.dev/feedback?rating=10&email={@email}\" class=\"rating-box\">10</a>\n      </div>\n" <> ..., text_body: "Quick Check-In: How's RSOLV Working for You?\n\nHi Analytics,\n\nYou've been using RSOLV for a week now, and we'd love to hear about your experience!\n\nHow likely are you to recommend RSOLV to a colleague?\nRate us from 1-10: https://rsolv.dev/feedback?email=analytics@example.com\n\nThree Quick Questions:\n1. What's been your favorite RSOLV fix so far?\n2. What feature would you like to see next?\n3. Any challenges or friction points?\n\nJust hit reply and share your thoughts - we read every response!\n\nDid You Know?\nHere are some ways other teams are using RSOLV:\n- Security audits: Tag all security-related issues for automated fixes\n- Tech debt cleanup: Fix deprecated function calls across the codebase\n- Onboarding tool: Let new devs see how fixes should be implemented\n- Weekend warrior: Queue up fixes on Friday, review on Monday\n\nThanks for being an early adopter!\n\nBest regards,\nDylan & The RSOLV Team\n\nP.S. If RSOLV has saved you time this week, we'd love to hear about it!\n\n---\nTo unsubscribe, visit: https://rsolv.dev/unsubscribe?email=analytics@example.com\n", headers: %{"X-Postmark-Tag" => "feedback-request"}, attachments: [], assigns: %{}, private: %{tag: "feedback-request"}, blocked: false}

13:17:08.605 request_id=GGBS7BVu8OUIIaIAAAGV [info] [EMAIL DEBUG] Raw Postmark response
13:17:08.605 request_id=GGBS7BVu8OUIIaIAAAGV [info] [EMAIL] Email sent successfully via Postmark
13:17:08.605 request_id=GGBS7BVu8OUIIaIAAAGV [info] Successfully sent scheduled email
13:17:08.605 request_id=GGBS7BVu8OUIIaIAAAGV [info] [EmailWorker] Insert result
13:17:08.605 request_id=GGBS7BVu8OUIIaIAAAGV [info] [EmailWorker] Schedule result
13:17:08.605 request_id=GGBS7BVu8OUIIaIAAAGV [info] [EmailWorker] Processing email config
13:17:08.605 request_id=GGBS7BVu8OUIIaIAAAGV [info] [EmailWorker] Scheduling email
13:17:08.605 request_id=GGBS7BVu8OUIIaIAAAGV [info] [EmailWorker] Creating Oban job
13:17:08.605 request_id=GGBS7BVu8OUIIaIAAAGV [info] [EmailWorker] Job created
13:17:08.605 request_id=GGBS7BVu8OUIIaIAAAGV [info] Processing scheduled email
13:17:08.605 request_id=GGBS7BVu8OUIIaIAAAGV [info] [EMAIL DEBUG] Full email struct before sending
13:17:08.605 request_id=GGBS7BVu8OUIIaIAAAGV [info] [EMAIL DEBUG] Extracted recipient email
13:17:08.605 request_id=GGBS7BVu8OUIIaIAAAGV [info] [EMAIL DEBUG] Postmark configuration
13:17:08.605 request_id=GGBS7BVu8OUIIaIAAAGV [info] [EMAIL DEBUG] Email configuration
13:17:08.605 request_id=GGBS7BVu8OUIIaIAAAGV [info] [EMAIL] Attempting to send email via Postmark
13:17:08.605 request_id=GGBS7BVu8OUIIaIAAAGV [debug] Sending email with Bamboo.TestAdapter:

%Bamboo.Email{from: {"RSOLV Team", "support@rsolv.dev"}, to: [nil: "analytics@example.com"], cc: [], bcc: [], subject: "Your RSOLV Success Report", html_body: "<!DOCTYPE html>\n<html lang=\"en\">\n<head>\n  <meta charset=\"UTF-8\">\n  <meta name=\"viewport\" content=\"width=device-width, initial-scale=1.0\">\n  <title>Your RSOLV Success Report</title>\n  <style>\n    @import url('https://fonts.googleapis.com/css2?family=Space+Grotesk:wght@300;400;500;700&display=swap');\n    \n    body {\n      font-family: 'Space Grotesk', -apple-system, BlinkMacSystemFont, \"Segoe UI\", Roboto, Helvetica, Arial, sans-serif;\n      line-height: 1.6;\n      color: #333;\n      max-width: 600px;\n      margin: 0 auto;\n      padding: 20px;\n      background-color: #f8f9fa;\n    }\n    .container {\n      background-color: #ffffff;\n      border-radius: 8px;\n      padding: 30px;\n      box-shadow: 0 4px 6px rgba(0, 0, 0, 0.05);\n    }\n    .logo {\n      text-align: center;\n      margin-bottom: 30px;\n    }\n    .logo img {\n      max-width: 200px;\n    }\n    h1, h2, h3 {\n      color: #10b981;\n    }\n    .stats-grid {\n      display: grid;\n      grid-template-columns: 1fr 1fr;\n      gap: 20px;\n      margin: 30px 0;\n    }\n    .stat-card {\n      background-color: #f3f4f6;\n      padding: 20px;\n      border-radius: 8px;\n      text-align: center;\n      border-top: 4px solid #10b981;\n    }\n    .stat-number {\n      font-size: 36px;\n      font-weight: bold;\n      color: #10b981;\n      margin: 10px 0;\n    }\n    .stat-label {\n      color: #6b7280;\n      font-size: 14px;\n    }\n    .achievement-banner {\n      background: linear-gradient(135deg, #10b981 0%, #059669 100%);\n      color: white;\n      padding: 20px;\n      border-radius: 8px;\n      text-align: center;\n      margin: 20px 0;\n    }\n    .timeline {\n      margin: 30px 0;\n    }\n    .timeline-item {\n      display: flex;\n      margin-bottom: 20px;\n      align-items: flex-start;\n    }\n    .timeline-marker {\n      width: 40px;\n      height: 40px;\n      background-color: #10b981;\n      color: white;\n      border-radius: 50%;\n      display: flex;\n      align-items: center;\n      justify-content: center;\n      flex-shrink: 0;\n      margin-right: 15px;\n    }\n    .timeline-content {\n      flex-grow: 1;\n    }\n    .pricing-highlight {\n      background-color: #fff3cd;\n      border: 1px solid #ffeaa7;\n      padding: 20px;\n      border-radius: 8px;\n      margin: 20px 0;\n      text-align: center;\n    }\n    .cta {\n      background-color: #10b981;\n      color: white;\n      padding: 12px 24px;\n      border-radius: 5px;\n      display: inline-block;\n      text-decoration: none;\n      font-weight: bold;\n      margin: 20px 0;\n    }\n    .cta-secondary {\n      background-color: #2563eb;\n      color: white;\n      padding: 12px 24px;\n      border-radius: 5px;\n      display: inline-block;\n      text-decoration: none;\n      font-weight: bold;\n      margin: 20px 0;\n    }\n    .footer {\n      margin-top: 40px;\n      font-size: 14px;\n      color: #6b7280;\n      border-top: 1px solid #e5e7eb;\n      padding-top: 20px;\n      text-align: center;\n    }\n    @media (max-width: 600px) {\n      .stats-grid {\n        grid-template-columns: 1fr;\n      }\n    }\n  </style>\n</head>\n<body>\n  <div class=\"container\">\n    <div class=\"logo\">\n      <img src=\"https://rsolv.dev/images/rsolv_logo_transparent.png\" alt=\"RSOLV Logo\">\n    </div>\n    \n    <h1>Your 2-Week RSOLV Success Report 🎉</h1>\n    \n    <p>Hi {@first_name},</p>\n    \n    <p>Congratulations! You've been using RSOLV for two weeks. Here's a snapshot of what we've accomplished together:</p>\n    \n    <div class=\"stats-grid\">\n      <div class=\"stat-card\">\n        <div class=\"stat-label\">Issues Fixed</div>\n        <div class=\"stat-number\">{Map.get(@usage_stats || %{}, :issues_fixed, 0)}</div>\n      </div>\n      <div class=\"stat-card\">\n        <div class=\"stat-label\">PRs Created</div>\n        <div class=\"stat-number\">{Map.get(@usage_stats || %{}, :prs_created, 0)}</div>\n      </div>\n      <div class=\"stat-card\">\n        <div class=\"stat-label\">Time Saved</div>\n        <div class=\"stat-number\">{Map.get(@usage_stats || %{}, :time_saved, \"0 hrs\")}</div>\n      </div>\n      <div class=\"stat-card\">\n        <div class=\"stat-label\">Security Issues Found</div>\n        <div class=\"stat-number\">{Map.ge" <> ..., text_body: "Your 2-Week RSOLV Success Report\n\nHi Analytics,\n\nCongratulations! You've been using RSOLV for two weeks. Here's what we've accomplished together:\n\nYour Stats:\n- Issues Fixed: Check your dashboard\n- PRs Created: Check your dashboard\n- Time Saved: Check your dashboard\n- Security Issues Found: Check your dashboard\n\nYour Trial Status:\nCheck how many free fixes you have remaining at: https://rsolv.dev/dashboard\n\nWhat's Next?\n- Expand to more repositories\n- Automate security audits\n- Clean up tech debt\n- Train your team\n\nNeed Help Scaling Up?\nI'd love to help you get even more value from RSOLV:\n- Schedule a 15-minute optimization call\n- Get best practices for your specific tech stack\n- Learn about volume discounts for teams\n\nJust reply to this email and let me know how I can help!\n\nThanks for being part of the RSOLV community.\n\nBest regards,\nDylan Fitzgerald\nFounder, RSOLV\n\nP.S. If RSOLV has been valuable to your team, I'd be grateful if you could share a quick testimonial.\n\n---\nTo unsubscribe, visit: https://rsolv.dev/unsubscribe?email=analytics@example.com\n", headers: %{"X-Postmark-Tag" => "success-checkin"}, attachments: [], assigns: %{}, private: %{tag: "success-checkin"}, blocked: false}

13:17:08.605 request_id=GGBS7BVu8OUIIaIAAAGV [info] [EMAIL DEBUG] Raw Postmark response
13:17:08.605 request_id=GGBS7BVu8OUIIaIAAAGV [info] [EMAIL] Email sent successfully via Postmark
13:17:08.605 request_id=GGBS7BVu8OUIIaIAAAGV [info] Successfully sent scheduled email
13:17:08.605 request_id=GGBS7BVu8OUIIaIAAAGV [info] [EmailWorker] Insert result
13:17:08.605 request_id=GGBS7BVu8OUIIaIAAAGV [info] [EmailWorker] Schedule result
13:17:08.605 request_id=GGBS7BVu8OUIIaIAAAGV [info] [PAGE CONTROLLER] EmailSequence.start_early_access_onboarding_sequence returned
13:17:08.606 request_id=GGBS7BVu8OUIIaIAAAGV [debug] Sending email with Bamboo.TestAdapter:

%Bamboo.Email{from: {"RSOLV Team", "support@rsolv.dev"}, to: [nil: "admin@rsolv.dev"], cc: [], bcc: [], subject: "🎉 New RSOLV Signup: analytics@example.com", html_body: "<!DOCTYPE html>\n<html>\n<head>\n  <meta charset=\"utf-8\">\n  <style>\n    body { font-family: -apple-system, BlinkMacSystemFont, 'Segoe UI', Roboto, sans-serif; line-height: 1.6; color: #333; }\n    .container { max-width: 600px; margin: 0 auto; padding: 20px; }\n    .header { background: #10b981; color: white; padding: 20px; border-radius: 8px 8px 0 0; }\n    .content { background: #f9fafb; padding: 20px; border: 1px solid #e5e7eb; border-radius: 0 0 8px 8px; }\n    .metric { display: inline-block; margin: 10px 20px 10px 0; }\n    .metric-label { font-size: 12px; color: #6b7280; text-transform: uppercase; }\n    .metric-value { font-size: 18px; font-weight: bold; color: #111827; }\n    .details { background: white; padding: 15px; border-radius: 4px; margin: 15px 0; }\n    .detail-row { display: flex; justify-content: space-between; padding: 8px 0; border-bottom: 1px solid #f3f4f6; }\n    .detail-row:last-child { border-bottom: none; }\n    .detail-label { font-weight: 500; color: #6b7280; }\n    .detail-value { color: #111827; }\n    .utm-badge { display: inline-block; background: #dbeafe; color: #1e40af; padding: 2px 8px; border-radius: 4px; font-size: 12px; margin-left: 4px; }\n  </style>\n</head>\n<body>\n  <div class=\"container\">\n    <div class=\"header\">\n      <h1 style=\"margin: 0; font-size: 24px;\">🎉 New RSOLV Signup!</h1>\n      <p style=\"margin: 5px 0 0 0; opacity: 0.9;\">August 29, 2025 at 07:17 PM UTC</p>\n    </div>\n    \n    <div class=\"content\">\n      <div class=\"metric\">\n        <div class=\"metric-label\">Email</div>\n        <div class=\"metric-value\">analytics@example.com</div>\n      </div>\n      \n      \n      \n      <div class=\"details\">\n        <h3 style=\"margin-top: 0;\">Signup Details</h3>\n        \n        <div class=\"detail-row\">\n          <span class=\"detail-label\">Source</span>\n          <span class=\"detail-value\">\n            landing_page\n            <span class=\"utm-badge\">twitter</span>\n          </span>\n        </div>\n        \n        <div class=\"detail-row\">\n                <span class=\"detail-label\">Medium</span>\n                <span class=\"detail-value\">social</span>\n              </div>\n        \n        <div class=\"detail-row\">\n                <span class=\"detail-label\">Campaign</span>\n                <span class=\"detail-value\">launch</span>\n              </div>\n        \n        \n      </div>\n      \n      <div style=\"margin-top: 20px; text-align: center;\">\n        <a href=\"https://rsolv.dev/live/dashboard\" style=\"display: inline-block; background: #10b981; color: white; padding: 10px 20px; text-decoration: none; border-radius: 4px;\">\n          View Dashboard\n        </a>\n      </div>\n    </div>\n  </div>\n</body>\n</html>\n", text_body: "🎉 New RSOLV Signup!\n\nEmail: analytics@example.com\n\nTime: August 29, 2025 at 07:17 PM UTC\n\nSource Details:\n- Source: landing_page\n- UTM Source: twitter\n\n- UTM Medium: social\n\n- UTM Campaign: launch\n\n\n\nView full dashboard: https://rsolv.dev/live/dashboard\n", headers: %{"Message-ID" => "<1756495028.342219@rsolv.dev>", "X-Postmark-Tag" => "admin-notification", "X-Priority" => "1"}, attachments: [], assigns: %{}, private: %{tag: "admin-notification"}, blocked: false}

13:17:08.606 request_id=GGBS7BVu8OUIIaIAAAGV [info] Admin notification sent for new signup
13:17:08.606 request_id=GGBS7BVu8OUIIaIAAAGV [info] Sent 302 in 6ms
.13:17:08.608 [debug] QUERY OK source="fun_with_flags_toggles" db=0.1ms
INSERT INTO "fun_with_flags_toggles" AS f0 ("enabled","target","flag_name","gate_type") VALUES ($1,$2,$3,$4) ON CONFLICT ("flag_name","gate_type","target") DO UPDATE SET "enabled" = $5 RETURNING "id" [true, "_fwf_none", "early_access_signup", "boolean", true]
13:17:08.608 [debug] QUERY OK source="fun_with_flags_toggles" db=0.0ms
SELECT f0."id", f0."flag_name", f0."gate_type", f0."target", f0."enabled" FROM "fun_with_flags_toggles" AS f0 WHERE (f0."flag_name" = $1) ["early_access_signup"]
13:17:08.608 [debug] Telemetry event: [:fun_with_flags, :persistence, :write], metadata: %{flag_name: :early_access_signup, gate: %FunWithFlags.Gate{type: :boolean, for: nil, enabled: true}}, measurements: %{system_time: 1756495028608407488}
13:17:08.608 [debug] QUERY OK source="fun_with_flags_toggles" db=0.0ms
INSERT INTO "fun_with_flags_toggles" AS f0 ("enabled","target","flag_name","gate_type") VALUES ($1,$2,$3,$4) ON CONFLICT ("flag_name","gate_type","target") DO UPDATE SET "enabled" = $5 RETURNING "id" [true, "_fwf_none", "welcome_email_sequence", "boolean", true]
13:17:08.608 [debug] QUERY OK source="fun_with_flags_toggles" db=0.0ms
SELECT f0."id", f0."flag_name", f0."gate_type", f0."target", f0."enabled" FROM "fun_with_flags_toggles" AS f0 WHERE (f0."flag_name" = $1) ["welcome_email_sequence"]
13:17:08.608 [debug] Telemetry event: [:fun_with_flags, :persistence, :write], metadata: %{flag_name: :welcome_email_sequence, gate: %FunWithFlags.Gate{type: :boolean, for: nil, enabled: true}}, measurements: %{system_time: 1756495028608612546}
13:17:08.608 request_id=GGBS7BX1a4kL04QAAAeZ [info] POST /early-access
13:17:08.608 request_id=GGBS7BX1a4kL04QAAAeZ [debug] Processing with RsolvWeb.PageController.submit_early_access/2
  Parameters: %{"email" => "noparams@example.com"}
  Pipelines: [:browser]
13:17:08.608 request_id=GGBS7BX1a4kL04QAAAeZ [debug] QUERY OK source="fun_with_flags_toggles" db=0.0ms
SELECT f0."id", f0."flag_name", f0."gate_type", f0."target", f0."enabled" FROM "fun_with_flags_toggles" AS f0 WHERE (f0."flag_name" = $1) ["early_access_signup"]
13:17:08.608 request_id=GGBS7BX1a4kL04QAAAeZ [debug] Telemetry event: [:fun_with_flags, :persistence, :read], metadata: %{flag_name: :early_access_signup, gate: nil}, measurements: %{system_time: 1756495028608785645}
13:17:08.608 request_id=GGBS7BX1a4kL04QAAAeZ [debug] Extracted UTM parameters: %{}
13:17:08.608 request_id=GGBS7BX1a4kL04QAAAeZ [info] Analytics event tracked
13:17:08.609 request_id=GGBS7BX1a4kL04QAAAeZ [debug] QUERY OK db=0.7ms
SELECT create_analytics_partition_if_not_exists($1::date) [~D[2025-08-29]]
13:17:08.610 request_id=GGBS7BX1a4kL04QAAAeZ [debug] QUERY OK source="analytics_events" db=0.1ms
INSERT INTO "analytics_events" ("metadata","event_type","visitor_id","page_path","inserted_at","updated_at") VALUES ($1,$2,$3,$4,$5,$6) RETURNING "id" [%{status: "submit", os: "unknown", form_id: "early-access", browser: "unknown", utm_source_platform: nil, utm_source_campaign: nil, utm_source_content: nil, device_type: "unknown"}, "form_submit", "0d07ba14dbf366356c61cc47f13e2460", "/early-access", ~N[2025-08-29 19:17:08], ~N[2025-08-29 19:17:08]]
13:17:08.610 request_id=GGBS7BX1a4kL04QAAAeZ [info] Form submission received
13:17:08.610 request_id=GGBS7BX1a4kL04QAAAeZ [info] Valid email received for processing: noparams@example.com, validation passed
13:17:08.610 request_id=GGBS7BX1a4kL04QAAAeZ [debug] Extracted UTM parameters: %{}
13:17:08.610 request_id=GGBS7BX1a4kL04QAAAeZ [debug] QUERY OK source="early_access_signups" db=0.0ms
INSERT INTO "early_access_signups" ("name","email","referral_source","inserted_at") VALUES ($1,$2,$3,$4) RETURNING "id" ["Noparams", "noparams@example.com", "landing_page", ~N[2025-08-29 19:17:08]]
13:17:08.610 request_id=GGBS7BX1a4kL04QAAAeZ [debug] QUERY OK source="early_access_signups" db=0.0ms
SELECT count(e0."id") FROM "early_access_signups" AS e0 []
13:17:08.610 request_id=GGBS7BX1a4kL04QAAAeZ [info] Successfully saved signup to database
13:17:08.610 request_id=GGBS7BX1a4kL04QAAAeZ [info] ConvertKit API key present: true
13:17:08.610 request_id=GGBS7BX1a4kL04QAAAeZ [info] ConvertKit API request successful
13:17:08.610 request_id=GGBS7BX1a4kL04QAAAeZ [info] ConvertKit: Successfully added subscriber
13:17:08.610 request_id=GGBS7BX1a4kL04QAAAeZ [info] Analytics event tracked
13:17:08.610 request_id=GGBS7BX1a4kL04QAAAeZ [debug] QUERY OK db=0.1ms
SELECT create_analytics_partition_if_not_exists($1::date) [~D[2025-08-29]]
13:17:08.610 request_id=GGBS7BX1a4kL04QAAAeZ [debug] QUERY OK source="analytics_events" db=0.0ms
INSERT INTO "analytics_events" ("metadata","event_type","visitor_id","page_path","inserted_at","updated_at") VALUES ($1,$2,$3,$4,$5,$6) RETURNING "id" [%{status: "success", os: "unknown", source: "landing_page", form_id: "early-access", browser: "unknown", utm_source_platform: nil, utm_source_campaign: nil, utm_source_content: nil, device_type: "unknown", conversion_type: "early_access_signup", email_domain: "example.com"}, "form_success", "0d07ba14dbf366356c61cc47f13e2460", "/early-access", ~N[2025-08-29 19:17:08], ~N[2025-08-29 19:17:08]]
13:17:08.610 request_id=GGBS7BX1a4kL04QAAAeZ [info] Analytics event tracked
13:17:08.610 request_id=GGBS7BX1a4kL04QAAAeZ [debug] QUERY OK db=0.1ms
SELECT create_analytics_partition_if_not_exists($1::date) [~D[2025-08-29]]
13:17:08.611 request_id=GGBS7BX1a4kL04QAAAeZ [debug] QUERY OK source="analytics_events" db=0.0ms
INSERT INTO "analytics_events" ("metadata","event_type","visitor_id","page_path","inserted_at","updated_at") VALUES ($1,$2,$3,$4,$5,$6) RETURNING "id" [%{os: "unknown", source: "landing_page", form_id: "early-access", browser: "unknown", utm_source_platform: nil, utm_source_campaign: nil, utm_source_content: nil, device_type: "unknown", conversion_type: "early_access_signup", email_domain: "example.com"}, "conversion", "0d07ba14dbf366356c61cc47f13e2460", "/early-access", ~N[2025-08-29 19:17:08], ~N[2025-08-29 19:17:08]]
13:17:08.611 request_id=GGBS7BX1a4kL04QAAAeZ [debug] QUERY OK source="fun_with_flags_toggles" db=0.0ms
SELECT f0."id", f0."flag_name", f0."gate_type", f0."target", f0."enabled" FROM "fun_with_flags_toggles" AS f0 WHERE (f0."flag_name" = $1) ["welcome_email_sequence"]
13:17:08.611 request_id=GGBS7BX1a4kL04QAAAeZ [debug] Telemetry event: [:fun_with_flags, :persistence, :read], metadata: %{flag_name: :welcome_email_sequence, gate: nil}, measurements: %{system_time: 1756495028611173197}
13:17:08.611 request_id=GGBS7BX1a4kL04QAAAeZ [info] [PAGE CONTROLLER] Welcome email sequence is ENABLED, starting sequence
13:17:08.611 request_id=GGBS7BX1a4kL04QAAAeZ [info] [PAGE CONTROLLER] About to call EmailSequence.start_early_access_onboarding_sequence
13:17:08.611 request_id=GGBS7BX1a4kL04QAAAeZ [info] [EMAIL SEQUENCE] Starting early access onboarding sequence
13:17:08.611 request_id=GGBS7BX1a4kL04QAAAeZ [info] [EMAIL SEQUENCE] About to call EmailService.send_early_access_welcome_email
13:17:08.611 request_id=GGBS7BX1a4kL04QAAAeZ [info] [EMAIL] send_early_access_welcome_email called
13:17:08.611 request_id=GGBS7BX1a4kL04QAAAeZ [info] [EMAIL DEBUG] Full email struct before sending
13:17:08.611 request_id=GGBS7BX1a4kL04QAAAeZ [info] [EMAIL DEBUG] Extracted recipient email
13:17:08.611 request_id=GGBS7BX1a4kL04QAAAeZ [info] [EMAIL DEBUG] Postmark configuration
13:17:08.611 request_id=GGBS7BX1a4kL04QAAAeZ [info] [EMAIL DEBUG] Email configuration
13:17:08.611 request_id=GGBS7BX1a4kL04QAAAeZ [info] [EMAIL] Attempting to send email via Postmark
13:17:08.611 request_id=GGBS7BX1a4kL04QAAAeZ [debug] Sending email with Bamboo.TestAdapter:

%Bamboo.Email{from: {"RSOLV Team", "support@rsolv.dev"}, to: [nil: "noparams@example.com"], cc: [], bcc: [], subject: "Welcome to RSOLV Early Access Program", html_body: "<div style=\"font-family: 'Helvetica Neue', Helvetica, Arial, sans-serif; max-width: 600px; margin: 0 auto; padding: 20px;\">\n  <h1 style=\"color: #2C3E50; margin-bottom: 20px;\">Welcome to RSOLV Early Access Program!</h1>\n\n  <p>Hi Noparams,</p>\n\n  <p>Thank you for joining our Early Access Program! You're now part of an exclusive group getting first access to RSOLV.</p>\n\n  <p>Here's what you need to know:</p>\n\n  <ul>\n    <li>You have full access to all current features</li>\n    <li>Your feedback is incredibly valuable to us during this phase</li>\n    <li>You'll receive priority support via email</li>\n  </ul>\n\n  <p>To get started with RSOLV:</p>\n\n  <ol>\n    <li><strong>Your API key will be sent in a follow-up email within 24 hours</strong></li>\n    <li>Once you receive your API key, install our GitHub Action (code below)</li>\n    <li>Set up your repository secrets with your API key</li>\n    <li>Tag your first issues with \"rsolv:automate\"</li>\n  </ol>\n\n  <div style=\"background-color: #fff3cd; border: 1px solid #ffeaa7; color: #856404; padding: 10px; border-radius: 5px; margin: 15px 0;\">\n    <strong>⏳ API Key Coming Soon:</strong> We'll send your personal API key within 24 hours. Look for an email with subject \"Your RSOLV API Key\".\n  </div>\n\n  <div style=\"background-color: #f8f9fa; padding: 15px; border-radius: 5px; margin: 20px 0;\">\n    <pre style=\"margin: 0; overflow-x: auto; white-space: pre-wrap; font-family: monospace;\">name: RSOLV AutoFix\non:\n  issues:\n    types: [opened, edited, labeled]\n\njobs:\n  autofix:\n    runs-on: ubuntu-latest\n    if: contains(github.event.issue.labels.*.name, 'rsolv:automate')\n    steps:\n      - uses: RSOLV-dev/rsolv-action@v1\n        with:\n          github-token: ${{ secrets.GITHUB_TOKEN }}\n          rsolv-api-key: ${{ secrets.RSOLV_API_KEY }}</pre>\n  </div>\n\n  <p>Need help? As an Early Access member, you have priority support - contact us at <a href=\"mailto:support@rsolv.dev\">support@rsolv.dev</a> and we'll personally assist you.</p>\n\n  <p>Your trial includes unlimited automated fixes during the Early Access period.</p>\n\n  <div style=\"margin-top: 30px; padding: 15px; border: 1px solid #e0e0e0; border-radius: 5px; background-color: #f9f9f9;\">\n    <h3 style=\"margin-top: 0; color: #2C3E50;\">Early Access Program Benefits</h3>\n    <ul>\n      <li>Unlimited usage during Early Access</li>\n      <li>Priority support and feature requests</li>\n      <li>Exclusive pricing when we launch</li>\n      <li>Direct access to our development team</li>\n    </ul>\n  </div>\n\n  <p>Best,<br>The RSOLV Team</p>\n\n  <div class=\"footer\" style=\"margin-top: 40px; padding-top: 20px; border-top: 1px solid #e0e0e0; font-size: 0.9em; color: #666;\">\n    <p>\n      You're receiving this email because you joined the RSOLV Early Access Program.\n      <br>\n      If you have any questions, simply reply to this email.\n    </p>\n    <p>\n      RSOLV, Inc. • support@rsolv.dev • © 2025\n    </p>\n    <p>\n      <a href=\"https://rsolv.dev/unsubscribe?email=noparams@example.com\">Unsubscribe</a> from these emails.\n    </p>\n  </div>\n</div>\n", text_body: "Welcome to RSOLV Early Access Program!\n\nHi Noparams,\n\nThank you for joining our Early Access Program! You're now part of an exclusive group getting first access to RSOLV.\n\nHere's what you need to know:\n- You have full access to all current features\n- Your feedback is incredibly valuable to us during this phase\n- You'll receive priority support via email\n\nTo get started with RSOLV:\n1. Your API key will be sent in a follow-up email within 24 hours\n2. Once you receive your API key, install our GitHub Action\n3. Set up your repository secrets with your API key\n4. Tag your first issues with \"AUTOFIX\"\n\n⏳ API KEY COMING SOON: We'll send your personal API key within 24 hours. Look for an email with subject \"Your RSOLV API Key\".\n\nNeed help? As an Early Access member, you have priority support - contact us at support@rsolv.dev and we'll personally assist you.\n\nYour trial includes unlimited automated fixes during the Early Access period.\n\nEARLY ACCESS PROGRAM BENEFITS:\n* Unlimited usage during Early Access\n* Priority support and feature requests\n* Exclusive pricing when we launch\n* Direct access to our development team\n\nBest,\nThe RSOLV Team\n\n---\nYou're receiving this email because you joined the RSOLV Early Access Program.\nIf you have any questions, simply reply to this email.\n\nRSOLV, Inc. • support@rsolv.dev\n\nTo unsubscribe, visit: https://rsolv.dev/unsubscribe?email=noparams@example.com\n", headers: %{"X-Postmark-Tag" => "early-access"}, attachments: [], assigns: %{}, private: %{tag: "early-access"}, blocked: false}

13:17:08.611 request_id=GGBS7BX1a4kL04QAAAeZ [info] [EMAIL DEBUG] Raw Postmark response
13:17:08.611 request_id=GGBS7BX1a4kL04QAAAeZ [info] [EMAIL] Email sent successfully via Postmark
13:17:08.611 request_id=GGBS7BX1a4kL04QAAAeZ [info] [EMAIL SEQUENCE] EmailService.send_early_access_welcome_email returned
13:17:08.611 request_id=GGBS7BX1a4kL04QAAAeZ [info] Attempting to tag subscriber
13:17:08.611 request_id=GGBS7BX1a4kL04QAAAeZ [info] ConvertKit: Attempting to tag noparams@example.com with tag 7700607
13:17:08.611 request_id=GGBS7BX1a4kL04QAAAeZ [info] ConvertKit: Successfully tagged noparams@example.com
13:17:08.611 request_id=GGBS7BX1a4kL04QAAAeZ [info] [EmailWorker] schedule_sequence called
13:17:08.611 request_id=GGBS7BX1a4kL04QAAAeZ [info] [EmailWorker] Found sequence
13:17:08.611 request_id=GGBS7BX1a4kL04QAAAeZ [info] [EmailWorker] Processing email config
13:17:08.611 request_id=GGBS7BX1a4kL04QAAAeZ [info] [EmailWorker] Skipping immediate email
13:17:08.611 request_id=GGBS7BX1a4kL04QAAAeZ [info] [EmailWorker] Processing email config
13:17:08.611 request_id=GGBS7BX1a4kL04QAAAeZ [info] [EmailWorker] Scheduling email
13:17:08.611 request_id=GGBS7BX1a4kL04QAAAeZ [info] [EmailWorker] Creating Oban job
13:17:08.611 request_id=GGBS7BX1a4kL04QAAAeZ [info] [EmailWorker] Job created
13:17:08.611 request_id=GGBS7BX1a4kL04QAAAeZ [info] Processing scheduled email
13:17:08.611 request_id=GGBS7BX1a4kL04QAAAeZ [error] Failed to send scheduled email
13:17:08.611 request_id=GGBS7BX1a4kL04QAAAeZ [info] [EmailWorker] Insert result
13:17:08.611 request_id=GGBS7BX1a4kL04QAAAeZ [info] [EmailWorker] Schedule result
13:17:08.611 request_id=GGBS7BX1a4kL04QAAAeZ [info] [EmailWorker] Processing email config
13:17:08.612 request_id=GGBS7BX1a4kL04QAAAeZ [info] [EmailWorker] Scheduling email
13:17:08.612 request_id=GGBS7BX1a4kL04QAAAeZ [info] [EmailWorker] Creating Oban job
13:17:08.612 request_id=GGBS7BX1a4kL04QAAAeZ [info] [EmailWorker] Job created
13:17:08.612 request_id=GGBS7BX1a4kL04QAAAeZ [info] Processing scheduled email
13:17:08.612 request_id=GGBS7BX1a4kL04QAAAeZ [info] [EMAIL DEBUG] Full email struct before sending
13:17:08.612 request_id=GGBS7BX1a4kL04QAAAeZ [info] [EMAIL DEBUG] Extracted recipient email
13:17:08.612 request_id=GGBS7BX1a4kL04QAAAeZ [info] [EMAIL DEBUG] Postmark configuration
13:17:08.612 request_id=GGBS7BX1a4kL04QAAAeZ [info] [EMAIL DEBUG] Email configuration
13:17:08.612 request_id=GGBS7BX1a4kL04QAAAeZ [info] [EMAIL] Attempting to send email via Postmark
13:17:08.612 request_id=GGBS7BX1a4kL04QAAAeZ [debug] Sending email with Bamboo.TestAdapter:

%Bamboo.Email{from: {"RSOLV Team", "support@rsolv.dev"}, to: [nil: "noparams@example.com"], cc: [], bcc: [], subject: "Verify Your RSOLV Setup - Need Any Help?", html_body: "<!DOCTYPE html>\n<html lang=\"en\">\n<head>\n  <meta charset=\"UTF-8\">\n  <meta name=\"viewport\" content=\"width=device-width, initial-scale=1.0\">\n  <title>Verify Your RSOLV Setup</title>\n  <style>\n    @import url('https://fonts.googleapis.com/css2?family=Space+Grotesk:wght@300;400;500;700&display=swap');\n    \n    body {\n      font-family: 'Space Grotesk', -apple-system, BlinkMacSystemFont, \"Segoe UI\", Roboto, Helvetica, Arial, sans-serif;\n      line-height: 1.6;\n      color: #333;\n      max-width: 600px;\n      margin: 0 auto;\n      padding: 20px;\n      background-color: #f8f9fa;\n    }\n    .container {\n      background-color: #ffffff;\n      border-radius: 8px;\n      padding: 30px;\n      box-shadow: 0 4px 6px rgba(0, 0, 0, 0.05);\n    }\n    .logo {\n      text-align: center;\n      margin-bottom: 30px;\n    }\n    .logo img {\n      max-width: 200px;\n    }\n    h1, h2, h3 {\n      color: #10b981;\n    }\n    .checklist {\n      background-color: #f3f4f6;\n      padding: 20px;\n      border-radius: 8px;\n      margin: 20px 0;\n    }\n    .checklist-item {\n      display: flex;\n      align-items: center;\n      margin-bottom: 15px;\n    }\n    .checklist-item input[type=\"checkbox\"] {\n      margin-right: 10px;\n    }\n    .status-box {\n      background-color: #fff3cd;\n      border: 1px solid #ffeaa7;\n      padding: 15px;\n      border-radius: 8px;\n      margin: 20px 0;\n    }\n    .success-box {\n      background-color: #d4edda;\n      border: 1px solid #c3e6cb;\n      padding: 15px;\n      border-radius: 8px;\n      margin: 20px 0;\n    }\n    .code {\n      background-color: #2d3748;\n      color: #e2e8f0;\n      padding: 15px;\n      border-radius: 5px;\n      font-family: 'Courier New', monospace;\n      overflow-x: auto;\n      margin: 15px 0;\n    }\n    .cta {\n      background-color: #10b981;\n      color: white;\n      padding: 12px 24px;\n      border-radius: 5px;\n      display: inline-block;\n      text-decoration: none;\n      font-weight: bold;\n      margin: 20px 0;\n    }\n    .footer {\n      margin-top: 40px;\n      font-size: 14px;\n      color: #6b7280;\n      border-top: 1px solid #e5e7eb;\n      padding-top: 20px;\n      text-align: center;\n    }\n  </style>\n</head>\n<body>\n  <div class=\"container\">\n    <div class=\"logo\">\n      <img src=\"https://rsolv.dev/images/rsolv_logo_transparent.png\" alt=\"RSOLV Logo\">\n    </div>\n    \n    <h1>Let's Verify Your RSOLV Setup</h1>\n    \n    <p>Hi {@first_name},</p>\n    \n    <p>It's been a few days since you signed up for RSOLV. We want to make sure you're all set up and ready to benefit from automated security scanning and remediation!</p>\n    \n    <div class=\"checklist\">\n      <h3>Quick Setup Checklist:</h3>\n      <div class=\"checklist-item\">\n        <input type=\"checkbox\" disabled> Connected your repositories for security scanning\n      </div>\n      <div class=\"checklist-item\">\n        <input type=\"checkbox\" disabled> Added the GitHub Action workflow for automated fixes\n      </div>\n      <div class=\"checklist-item\">\n        <input type=\"checkbox\" disabled> Set up your RSOLV_API_KEY as a repository secret\n      </div>\n      <div class=\"checklist-item\">\n        <input type=\"checkbox\" disabled> Reviewed security issues found by RSOLV\n      </div>\n      <div class=\"checklist-item\">\n        <input type=\"checkbox\" disabled> Generated and merged your first security fix PR\n      </div>\n    </div>\n    \n    <h2>Need Help with Setup?</h2>\n    \n    <p>If you haven't completed setup yet, here's a quick reminder of the steps:</p>\n    \n    <div class=\"code\">\n# In .github/workflows/rsolv.yml:\nname: RSOLV Security Fixes\n\non:\n  issues:\n    types: [labeled]\n\njobs:\n  security-fix:\n    if: contains(github.event.issue.labels.*.name, 'rsolv:automate')\n    runs-on: ubuntu-latest\n    steps:\n      - uses: rsolv-dev/rsolv-action@v1\n        with:\n          github-token: ${\"{{ secrets.GITHUB_TOKEN }}\"}\n          rsolv-api-key: ${\"{{ secrets.RSOLV_API_KEY }}\"}\n    </div>\n    \n    <div class=\"status-box\">\n      <strong>🎁 Remember:</strong> Your first 10 fixes are completely free! No credit card required. After that, you only pay $15 per fix that gets deployed.\n   " <> ..., text_body: "Let's Verify Your RSOLV Setup\n\nHi Noparams,\n\nIt's been a few days since you signed up for RSOLV. We want to make sure you're all set up and ready to automate your issue resolution!\n\nQuick Setup Checklist:\n[ ] Added the GitHub Action workflow to your repository\n[ ] Set up your RSOLV_API_KEY as a repository secret\n[ ] Tagged your first issue with \"rsolv:automate\"\n[ ] Reviewed and merged your first automated PR\n\nNeed Help with Setup?\nIf you haven't completed setup yet, visit: https://rsolv.dev/docs/getting-started\n\nRemember: Your first 10 fixes are completely free! No credit card required. After that, you only pay $15 per fix that gets deployed.\n\nCommon Questions:\n- Where do I get my API key? Check your welcome email or visit your dashboard\n- Can I use RSOLV on private repos? Yes! RSOLV works with both public and private repositories\n- What types of issues can RSOLV fix? Bug fixes, security vulnerabilities, performance issues, and more\n- How secure is it? We analyze every fix for security vulnerabilities before creating PRs\n\nPro Tip: Start with a simple issue first - something like \"Fix typo in README\" or \"Update deprecated function calls\".\n\nReady to get started? Tag an issue with \"rsolv:automate\" and watch the magic happen!\n\nIf you're stuck or have questions, just reply to this email.\n\nBest regards,\nThe RSOLV Team\n\n---\nTo unsubscribe, visit: https://rsolv.dev/unsubscribe?email=noparams@example.com\n", headers: %{"X-Postmark-Tag" => "setup-verification"}, attachments: [], assigns: %{}, private: %{tag: "setup-verification"}, blocked: false}

13:17:08.612 request_id=GGBS7BX1a4kL04QAAAeZ [info] [EMAIL DEBUG] Raw Postmark response
13:17:08.612 request_id=GGBS7BX1a4kL04QAAAeZ [info] [EMAIL] Email sent successfully via Postmark
13:17:08.612 request_id=GGBS7BX1a4kL04QAAAeZ [info] Successfully sent scheduled email
13:17:08.612 request_id=GGBS7BX1a4kL04QAAAeZ [info] [EmailWorker] Insert result
13:17:08.612 request_id=GGBS7BX1a4kL04QAAAeZ [info] [EmailWorker] Schedule result
13:17:08.612 request_id=GGBS7BX1a4kL04QAAAeZ [info] [EmailWorker] Processing email config
13:17:08.612 request_id=GGBS7BX1a4kL04QAAAeZ [info] [EmailWorker] Scheduling email
13:17:08.612 request_id=GGBS7BX1a4kL04QAAAeZ [info] [EmailWorker] Creating Oban job
13:17:08.612 request_id=GGBS7BX1a4kL04QAAAeZ [info] [EmailWorker] Job created
13:17:08.612 request_id=GGBS7BX1a4kL04QAAAeZ [info] Processing scheduled email
13:17:08.612 request_id=GGBS7BX1a4kL04QAAAeZ [info] [EMAIL DEBUG] Full email struct before sending
13:17:08.612 request_id=GGBS7BX1a4kL04QAAAeZ [info] [EMAIL DEBUG] Extracted recipient email
13:17:08.612 request_id=GGBS7BX1a4kL04QAAAeZ [info] [EMAIL DEBUG] Postmark configuration
13:17:08.612 request_id=GGBS7BX1a4kL04QAAAeZ [info] [EMAIL DEBUG] Email configuration
13:17:08.612 request_id=GGBS7BX1a4kL04QAAAeZ [info] [EMAIL] Attempting to send email via Postmark
13:17:08.612 request_id=GGBS7BX1a4kL04QAAAeZ [debug] Sending email with Bamboo.TestAdapter:

%Bamboo.Email{from: {"RSOLV Team", "support@rsolv.dev"}, to: [nil: "noparams@example.com"], cc: [], bcc: [], subject: "Advanced RSOLV Features You Might Have Missed", html_body: "<!DOCTYPE html>\n<html lang=\"en\">\n<head>\n  <meta charset=\"UTF-8\">\n  <meta name=\"viewport\" content=\"width=device-width, initial-scale=1.0\">\n  <title>Advanced RSOLV Features</title>\n  <style>\n    @import url('https://fonts.googleapis.com/css2?family=Space+Grotesk:wght@300;400;500;700&display=swap');\n    \n    body {\n      font-family: 'Space Grotesk', -apple-system, BlinkMacSystemFont, \"Segoe UI\", Roboto, Helvetica, Arial, sans-serif;\n      line-height: 1.6;\n      color: #333;\n      max-width: 600px;\n      margin: 0 auto;\n      padding: 20px;\n      background-color: #f8f9fa;\n    }\n    .container {\n      background-color: #ffffff;\n      border-radius: 8px;\n      padding: 30px;\n      box-shadow: 0 4px 6px rgba(0, 0, 0, 0.05);\n    }\n    .logo {\n      text-align: center;\n      margin-bottom: 30px;\n    }\n    .logo img {\n      max-width: 200px;\n    }\n    h1, h2, h3 {\n      color: #10b981;\n    }\n    .feature-card {\n      background-color: #f3f4f6;\n      padding: 20px;\n      border-radius: 8px;\n      margin-bottom: 20px;\n      border-left: 4px solid #10b981;\n    }\n    .feature-card h3 {\n      margin-top: 0;\n    }\n    .code {\n      background-color: #2d3748;\n      color: #e2e8f0;\n      padding: 15px;\n      border-radius: 5px;\n      font-family: 'Courier New', monospace;\n      overflow-x: auto;\n      margin: 15px 0;\n      font-size: 14px;\n    }\n    .pro-tip {\n      background-color: #fff3cd;\n      border: 1px solid #ffeaa7;\n      padding: 15px;\n      border-radius: 8px;\n      margin: 20px 0;\n    }\n    .security-highlight {\n      background-color: #d4edda;\n      border: 1px solid #c3e6cb;\n      padding: 15px;\n      border-radius: 8px;\n      margin: 20px 0;\n    }\n    .cta {\n      background-color: #10b981;\n      color: white;\n      padding: 12px 24px;\n      border-radius: 5px;\n      display: inline-block;\n      text-decoration: none;\n      font-weight: bold;\n      margin: 20px 0;\n    }\n    .footer {\n      margin-top: 40px;\n      font-size: 14px;\n      color: #6b7280;\n      border-top: 1px solid #e5e7eb;\n      padding-top: 20px;\n      text-align: center;\n    }\n  </style>\n</head>\n<body>\n  <div class=\"container\">\n    <div class=\"logo\">\n      <img src=\"https://rsolv.dev/images/rsolv_logo_transparent.png\" alt=\"RSOLV Logo\">\n    </div>\n    \n    <h1>Unlock the Full Power of RSOLV</h1>\n    \n    <p>Hi {@first_name},</p>\n    \n    <p>You've been using RSOLV for a few days now. Here are some advanced features and techniques that can help you get even more value from automated security scanning and vulnerability remediation:</p>\n    \n    <div class=\"feature-card\">\n      <h3>🎯 Understanding RSOLV's Proactive Scanning</h3>\n      <p>RSOLV continuously scans your repositories for security vulnerabilities and automatically creates issues with detailed remediation plans:</p>\n      <ul>\n        <li><strong>Automated detection:</strong> Scans all files for 180+ vulnerability patterns (and growing)</li>\n        <li><strong>Smart grouping:</strong> Groups similar issues for efficient review</li>\n        <li><strong>Detailed reports:</strong> Shows exact file locations and vulnerable code</li>\n        <li><strong>Fix generation:</strong> Creates secure PRs that address root causes</li>\n      </ul>\n    </div>\n    \n    <div class=\"feature-card\">\n      <h3>🔒 Comprehensive Security Coverage</h3>\n      <p>RSOLV proactively detects and fixes these vulnerability types across your codebase:</p>\n      <ul>\n        <li>SQL/NoSQL injection vulnerabilities</li>\n        <li>Cross-site scripting (XSS) risks</li>\n        <li>Authentication/authorization flaws</li>\n        <li>Insecure cryptographic implementations</li>\n        <li>Hardcoded secrets and API keys</li>\n        <li>Path traversal and open redirects</li>\n        <li>Insecure dependencies and configurations</li>\n      </ul>\n      <p>Each PR includes a detailed security impact assessment and verification tests.</p>\n    </div>\n    \n    <div class=\"security-highlight\">\n      <strong>🛡️ Security Example:</strong> When RSOLV detects unsafe user input handling, it automatically generates fixes with proper sanitization, p" <> ..., text_body: "Unlock the Full Power of RSOLV\n\nHi Noparams,\n\nYou've been using RSOLV for a few days now. Here are some advanced features and techniques:\n\n1. Writing Better Issues for Better Fixes:\n   - Include error messages: Copy the full stack trace\n   - Specify the file/function: \"Fix pagination in UserList.js\"\n   - Describe expected behavior: \"Should show 10 users per page\"\n   - Add context: \"This broke after upgrading to React 18\"\n\n2. Security-First Fixes:\n   RSOLV automatically scans for:\n   - SQL injection vulnerabilities\n   - Cross-site scripting (XSS) risks\n   - Authentication/authorization issues\n   - Insecure dependencies\n   - Hardcoded secrets or API keys\n\n3. Batch Processing:\n   Tag multiple issues with \"rsolv:automate\" and RSOLV creates separate PRs for each.\n\n4. Customizing RSOLV Behavior:\n   Add these tags to your issues:\n   - [performance] - Optimize for speed\n   - [security] - Extra security focus\n   - [minimal] - Smallest possible change\n   - [refactor] - Clean up while fixing\n\nComing Soon:\n- Support for more languages (Go, Rust, PHP)\n- Custom fix preferences per repository\n- Team collaboration features\n- Integration with more platforms\n\nHave a feature request? Just reply to this email!\n\nView advanced documentation: https://rsolv.dev/docs/advanced\n\nBest regards,\nThe RSOLV Team\n\n---\nTo unsubscribe, visit: https://rsolv.dev/unsubscribe?email=noparams@example.com\n", headers: %{"X-Postmark-Tag" => "feature-deep-dive"}, attachments: [], assigns: %{}, private: %{tag: "feature-deep-dive"}, blocked: false}

13:17:08.613 request_id=GGBS7BX1a4kL04QAAAeZ [info] [EMAIL DEBUG] Raw Postmark response
13:17:08.613 request_id=GGBS7BX1a4kL04QAAAeZ [info] [EMAIL] Email sent successfully via Postmark
13:17:08.613 request_id=GGBS7BX1a4kL04QAAAeZ [info] Successfully sent scheduled email
13:17:08.613 request_id=GGBS7BX1a4kL04QAAAeZ [info] [EmailWorker] Insert result
13:17:08.613 request_id=GGBS7BX1a4kL04QAAAeZ [info] [EmailWorker] Schedule result
13:17:08.613 request_id=GGBS7BX1a4kL04QAAAeZ [info] [EmailWorker] Processing email config
13:17:08.613 request_id=GGBS7BX1a4kL04QAAAeZ [info] [EmailWorker] Scheduling email
13:17:08.613 request_id=GGBS7BX1a4kL04QAAAeZ [info] [EmailWorker] Creating Oban job
13:17:08.613 request_id=GGBS7BX1a4kL04QAAAeZ [info] [EmailWorker] Job created
13:17:08.613 request_id=GGBS7BX1a4kL04QAAAeZ [info] Processing scheduled email
13:17:08.613 request_id=GGBS7BX1a4kL04QAAAeZ [info] [EMAIL DEBUG] Full email struct before sending
13:17:08.613 request_id=GGBS7BX1a4kL04QAAAeZ [info] [EMAIL DEBUG] Extracted recipient email
13:17:08.613 request_id=GGBS7BX1a4kL04QAAAeZ [info] [EMAIL DEBUG] Postmark configuration
13:17:08.613 request_id=GGBS7BX1a4kL04QAAAeZ [info] [EMAIL DEBUG] Email configuration
13:17:08.613 request_id=GGBS7BX1a4kL04QAAAeZ [info] [EMAIL] Attempting to send email via Postmark
13:17:08.613 request_id=GGBS7BX1a4kL04QAAAeZ [debug] Sending email with Bamboo.TestAdapter:

%Bamboo.Email{from: {"RSOLV Team", "support@rsolv.dev"}, to: [nil: "noparams@example.com"], cc: [], bcc: [], subject: "How's Your Experience with RSOLV?", html_body: "<!DOCTYPE html>\n<html lang=\"en\">\n<head>\n  <meta charset=\"UTF-8\">\n  <meta name=\"viewport\" content=\"width=device-width, initial-scale=1.0\">\n  <title>How's Your RSOLV Experience?</title>\n  <style>\n    @import url('https://fonts.googleapis.com/css2?family=Space+Grotesk:wght@300;400;500;700&display=swap');\n    \n    body {\n      font-family: 'Space Grotesk', -apple-system, BlinkMacSystemFont, \"Segoe UI\", Roboto, Helvetica, Arial, sans-serif;\n      line-height: 1.6;\n      color: #333;\n      max-width: 600px;\n      margin: 0 auto;\n      padding: 20px;\n      background-color: #f8f9fa;\n    }\n    .container {\n      background-color: #ffffff;\n      border-radius: 8px;\n      padding: 30px;\n      box-shadow: 0 4px 6px rgba(0, 0, 0, 0.05);\n    }\n    .logo {\n      text-align: center;\n      margin-bottom: 30px;\n    }\n    .logo img {\n      max-width: 200px;\n    }\n    h1, h2, h3 {\n      color: #10b981;\n    }\n    .survey-card {\n      background-color: #f3f4f6;\n      padding: 20px;\n      border-radius: 8px;\n      margin: 20px 0;\n      text-align: center;\n    }\n    .rating-container {\n      display: flex;\n      justify-content: center;\n      gap: 10px;\n      margin: 20px 0;\n    }\n    .rating-box {\n      width: 40px;\n      height: 40px;\n      border: 2px solid #10b981;\n      border-radius: 8px;\n      display: flex;\n      align-items: center;\n      justify-content: center;\n      text-decoration: none;\n      color: #10b981;\n      font-weight: bold;\n      transition: all 0.3s ease;\n    }\n    .rating-box:hover {\n      background-color: #10b981;\n      color: white;\n    }\n    .question-box {\n      background-color: #f9fafb;\n      padding: 20px;\n      border-radius: 8px;\n      margin: 20px 0;\n      border-left: 4px solid #10b981;\n    }\n    .success-story {\n      background-color: #d4edda;\n      border: 1px solid #c3e6cb;\n      padding: 15px;\n      border-radius: 8px;\n      margin: 20px 0;\n    }\n    .cta {\n      background-color: #10b981;\n      color: white;\n      padding: 12px 24px;\n      border-radius: 5px;\n      display: inline-block;\n      text-decoration: none;\n      font-weight: bold;\n      margin: 20px 0;\n    }\n    .cta-secondary {\n      background-color: #6b7280;\n      color: white;\n      padding: 12px 24px;\n      border-radius: 5px;\n      display: inline-block;\n      text-decoration: none;\n      font-weight: bold;\n      margin: 20px 0;\n    }\n    .footer {\n      margin-top: 40px;\n      font-size: 14px;\n      color: #6b7280;\n      border-top: 1px solid #e5e7eb;\n      padding-top: 20px;\n      text-align: center;\n    }\n  </style>\n</head>\n<body>\n  <div class=\"container\">\n    <div class=\"logo\">\n      <img src=\"https://rsolv.dev/images/rsolv_logo_transparent.png\" alt=\"RSOLV Logo\">\n    </div>\n    \n    <h1>Quick Check-In: How's RSOLV Working for You?</h1>\n    \n    <p>Hi {@first_name},</p>\n    \n    <p>You've been using RSOLV for a week now, and we'd love to hear about your experience! Your feedback helps us make RSOLV better for everyone.</p>\n    \n    <div class=\"survey-card\">\n      <h3>How likely are you to recommend RSOLV to a colleague?</h3>\n      <p>Click a number below:</p>\n      <div class=\"rating-container\">\n        <a href=\"https://rsolv.dev/feedback?rating=1&email={@email}\" class=\"rating-box\">1</a>\n        <a href=\"https://rsolv.dev/feedback?rating=2&email={@email}\" class=\"rating-box\">2</a>\n        <a href=\"https://rsolv.dev/feedback?rating=3&email={@email}\" class=\"rating-box\">3</a>\n        <a href=\"https://rsolv.dev/feedback?rating=4&email={@email}\" class=\"rating-box\">4</a>\n        <a href=\"https://rsolv.dev/feedback?rating=5&email={@email}\" class=\"rating-box\">5</a>\n        <a href=\"https://rsolv.dev/feedback?rating=6&email={@email}\" class=\"rating-box\">6</a>\n        <a href=\"https://rsolv.dev/feedback?rating=7&email={@email}\" class=\"rating-box\">7</a>\n        <a href=\"https://rsolv.dev/feedback?rating=8&email={@email}\" class=\"rating-box\">8</a>\n        <a href=\"https://rsolv.dev/feedback?rating=9&email={@email}\" class=\"rating-box\">9</a>\n        <a href=\"https://rsolv.dev/feedback?rating=10&email={@email}\" class=\"rating-box\">10</a>\n      </div>\n" <> ..., text_body: "Quick Check-In: How's RSOLV Working for You?\n\nHi Noparams,\n\nYou've been using RSOLV for a week now, and we'd love to hear about your experience!\n\nHow likely are you to recommend RSOLV to a colleague?\nRate us from 1-10: https://rsolv.dev/feedback?email=noparams@example.com\n\nThree Quick Questions:\n1. What's been your favorite RSOLV fix so far?\n2. What feature would you like to see next?\n3. Any challenges or friction points?\n\nJust hit reply and share your thoughts - we read every response!\n\nDid You Know?\nHere are some ways other teams are using RSOLV:\n- Security audits: Tag all security-related issues for automated fixes\n- Tech debt cleanup: Fix deprecated function calls across the codebase\n- Onboarding tool: Let new devs see how fixes should be implemented\n- Weekend warrior: Queue up fixes on Friday, review on Monday\n\nThanks for being an early adopter!\n\nBest regards,\nDylan & The RSOLV Team\n\nP.S. If RSOLV has saved you time this week, we'd love to hear about it!\n\n---\nTo unsubscribe, visit: https://rsolv.dev/unsubscribe?email=noparams@example.com\n", headers: %{"X-Postmark-Tag" => "feedback-request"}, attachments: [], assigns: %{}, private: %{tag: "feedback-request"}, blocked: false}

13:17:08.613 request_id=GGBS7BX1a4kL04QAAAeZ [info] [EMAIL DEBUG] Raw Postmark response
13:17:08.613 request_id=GGBS7BX1a4kL04QAAAeZ [info] [EMAIL] Email sent successfully via Postmark
13:17:08.613 request_id=GGBS7BX1a4kL04QAAAeZ [info] Successfully sent scheduled email
13:17:08.613 request_id=GGBS7BX1a4kL04QAAAeZ [info] [EmailWorker] Insert result
13:17:08.613 request_id=GGBS7BX1a4kL04QAAAeZ [info] [EmailWorker] Schedule result
13:17:08.613 request_id=GGBS7BX1a4kL04QAAAeZ [info] [EmailWorker] Processing email config
13:17:08.613 request_id=GGBS7BX1a4kL04QAAAeZ [info] [EmailWorker] Scheduling email
13:17:08.613 request_id=GGBS7BX1a4kL04QAAAeZ [info] [EmailWorker] Creating Oban job
13:17:08.613 request_id=GGBS7BX1a4kL04QAAAeZ [info] [EmailWorker] Job created
13:17:08.613 request_id=GGBS7BX1a4kL04QAAAeZ [info] Processing scheduled email
13:17:08.613 request_id=GGBS7BX1a4kL04QAAAeZ [info] [EMAIL DEBUG] Full email struct before sending
13:17:08.613 request_id=GGBS7BX1a4kL04QAAAeZ [info] [EMAIL DEBUG] Extracted recipient email
13:17:08.613 request_id=GGBS7BX1a4kL04QAAAeZ [info] [EMAIL DEBUG] Postmark configuration
13:17:08.613 request_id=GGBS7BX1a4kL04QAAAeZ [info] [EMAIL DEBUG] Email configuration
13:17:08.613 request_id=GGBS7BX1a4kL04QAAAeZ [info] [EMAIL] Attempting to send email via Postmark
13:17:08.614 request_id=GGBS7BX1a4kL04QAAAeZ [debug] Sending email with Bamboo.TestAdapter:

%Bamboo.Email{from: {"RSOLV Team", "support@rsolv.dev"}, to: [nil: "noparams@example.com"], cc: [], bcc: [], subject: "Your RSOLV Success Report", html_body: "<!DOCTYPE html>\n<html lang=\"en\">\n<head>\n  <meta charset=\"UTF-8\">\n  <meta name=\"viewport\" content=\"width=device-width, initial-scale=1.0\">\n  <title>Your RSOLV Success Report</title>\n  <style>\n    @import url('https://fonts.googleapis.com/css2?family=Space+Grotesk:wght@300;400;500;700&display=swap');\n    \n    body {\n      font-family: 'Space Grotesk', -apple-system, BlinkMacSystemFont, \"Segoe UI\", Roboto, Helvetica, Arial, sans-serif;\n      line-height: 1.6;\n      color: #333;\n      max-width: 600px;\n      margin: 0 auto;\n      padding: 20px;\n      background-color: #f8f9fa;\n    }\n    .container {\n      background-color: #ffffff;\n      border-radius: 8px;\n      padding: 30px;\n      box-shadow: 0 4px 6px rgba(0, 0, 0, 0.05);\n    }\n    .logo {\n      text-align: center;\n      margin-bottom: 30px;\n    }\n    .logo img {\n      max-width: 200px;\n    }\n    h1, h2, h3 {\n      color: #10b981;\n    }\n    .stats-grid {\n      display: grid;\n      grid-template-columns: 1fr 1fr;\n      gap: 20px;\n      margin: 30px 0;\n    }\n    .stat-card {\n      background-color: #f3f4f6;\n      padding: 20px;\n      border-radius: 8px;\n      text-align: center;\n      border-top: 4px solid #10b981;\n    }\n    .stat-number {\n      font-size: 36px;\n      font-weight: bold;\n      color: #10b981;\n      margin: 10px 0;\n    }\n    .stat-label {\n      color: #6b7280;\n      font-size: 14px;\n    }\n    .achievement-banner {\n      background: linear-gradient(135deg, #10b981 0%, #059669 100%);\n      color: white;\n      padding: 20px;\n      border-radius: 8px;\n      text-align: center;\n      margin: 20px 0;\n    }\n    .timeline {\n      margin: 30px 0;\n    }\n    .timeline-item {\n      display: flex;\n      margin-bottom: 20px;\n      align-items: flex-start;\n    }\n    .timeline-marker {\n      width: 40px;\n      height: 40px;\n      background-color: #10b981;\n      color: white;\n      border-radius: 50%;\n      display: flex;\n      align-items: center;\n      justify-content: center;\n      flex-shrink: 0;\n      margin-right: 15px;\n    }\n    .timeline-content {\n      flex-grow: 1;\n    }\n    .pricing-highlight {\n      background-color: #fff3cd;\n      border: 1px solid #ffeaa7;\n      padding: 20px;\n      border-radius: 8px;\n      margin: 20px 0;\n      text-align: center;\n    }\n    .cta {\n      background-color: #10b981;\n      color: white;\n      padding: 12px 24px;\n      border-radius: 5px;\n      display: inline-block;\n      text-decoration: none;\n      font-weight: bold;\n      margin: 20px 0;\n    }\n    .cta-secondary {\n      background-color: #2563eb;\n      color: white;\n      padding: 12px 24px;\n      border-radius: 5px;\n      display: inline-block;\n      text-decoration: none;\n      font-weight: bold;\n      margin: 20px 0;\n    }\n    .footer {\n      margin-top: 40px;\n      font-size: 14px;\n      color: #6b7280;\n      border-top: 1px solid #e5e7eb;\n      padding-top: 20px;\n      text-align: center;\n    }\n    @media (max-width: 600px) {\n      .stats-grid {\n        grid-template-columns: 1fr;\n      }\n    }\n  </style>\n</head>\n<body>\n  <div class=\"container\">\n    <div class=\"logo\">\n      <img src=\"https://rsolv.dev/images/rsolv_logo_transparent.png\" alt=\"RSOLV Logo\">\n    </div>\n    \n    <h1>Your 2-Week RSOLV Success Report 🎉</h1>\n    \n    <p>Hi {@first_name},</p>\n    \n    <p>Congratulations! You've been using RSOLV for two weeks. Here's a snapshot of what we've accomplished together:</p>\n    \n    <div class=\"stats-grid\">\n      <div class=\"stat-card\">\n        <div class=\"stat-label\">Issues Fixed</div>\n        <div class=\"stat-number\">{Map.get(@usage_stats || %{}, :issues_fixed, 0)}</div>\n      </div>\n      <div class=\"stat-card\">\n        <div class=\"stat-label\">PRs Created</div>\n        <div class=\"stat-number\">{Map.get(@usage_stats || %{}, :prs_created, 0)}</div>\n      </div>\n      <div class=\"stat-card\">\n        <div class=\"stat-label\">Time Saved</div>\n        <div class=\"stat-number\">{Map.get(@usage_stats || %{}, :time_saved, \"0 hrs\")}</div>\n      </div>\n      <div class=\"stat-card\">\n        <div class=\"stat-label\">Security Issues Found</div>\n        <div class=\"stat-number\">{Map.ge" <> ..., text_body: "Your 2-Week RSOLV Success Report\n\nHi Noparams,\n\nCongratulations! You've been using RSOLV for two weeks. Here's what we've accomplished together:\n\nYour Stats:\n- Issues Fixed: Check your dashboard\n- PRs Created: Check your dashboard\n- Time Saved: Check your dashboard\n- Security Issues Found: Check your dashboard\n\nYour Trial Status:\nCheck how many free fixes you have remaining at: https://rsolv.dev/dashboard\n\nWhat's Next?\n- Expand to more repositories\n- Automate security audits\n- Clean up tech debt\n- Train your team\n\nNeed Help Scaling Up?\nI'd love to help you get even more value from RSOLV:\n- Schedule a 15-minute optimization call\n- Get best practices for your specific tech stack\n- Learn about volume discounts for teams\n\nJust reply to this email and let me know how I can help!\n\nThanks for being part of the RSOLV community.\n\nBest regards,\nDylan Fitzgerald\nFounder, RSOLV\n\nP.S. If RSOLV has been valuable to your team, I'd be grateful if you could share a quick testimonial.\n\n---\nTo unsubscribe, visit: https://rsolv.dev/unsubscribe?email=noparams@example.com\n", headers: %{"X-Postmark-Tag" => "success-checkin"}, attachments: [], assigns: %{}, private: %{tag: "success-checkin"}, blocked: false}

13:17:08.614 request_id=GGBS7BX1a4kL04QAAAeZ [info] [EMAIL DEBUG] Raw Postmark response
13:17:08.614 request_id=GGBS7BX1a4kL04QAAAeZ [info] [EMAIL] Email sent successfully via Postmark
13:17:08.614 request_id=GGBS7BX1a4kL04QAAAeZ [info] Successfully sent scheduled email
13:17:08.614 request_id=GGBS7BX1a4kL04QAAAeZ [info] [EmailWorker] Insert result
13:17:08.614 request_id=GGBS7BX1a4kL04QAAAeZ [info] [EmailWorker] Schedule result
13:17:08.614 request_id=GGBS7BX1a4kL04QAAAeZ [info] [PAGE CONTROLLER] EmailSequence.start_early_access_onboarding_sequence returned
13:17:08.614 request_id=GGBS7BX1a4kL04QAAAeZ [debug] Sending email with Bamboo.TestAdapter:

%Bamboo.Email{from: {"RSOLV Team", "support@rsolv.dev"}, to: [nil: "admin@rsolv.dev"], cc: [], bcc: [], subject: "🎉 New RSOLV Signup: noparams@example.com", html_body: "<!DOCTYPE html>\n<html>\n<head>\n  <meta charset=\"utf-8\">\n  <style>\n    body { font-family: -apple-system, BlinkMacSystemFont, 'Segoe UI', Roboto, sans-serif; line-height: 1.6; color: #333; }\n    .container { max-width: 600px; margin: 0 auto; padding: 20px; }\n    .header { background: #10b981; color: white; padding: 20px; border-radius: 8px 8px 0 0; }\n    .content { background: #f9fafb; padding: 20px; border: 1px solid #e5e7eb; border-radius: 0 0 8px 8px; }\n    .metric { display: inline-block; margin: 10px 20px 10px 0; }\n    .metric-label { font-size: 12px; color: #6b7280; text-transform: uppercase; }\n    .metric-value { font-size: 18px; font-weight: bold; color: #111827; }\n    .details { background: white; padding: 15px; border-radius: 4px; margin: 15px 0; }\n    .detail-row { display: flex; justify-content: space-between; padding: 8px 0; border-bottom: 1px solid #f3f4f6; }\n    .detail-row:last-child { border-bottom: none; }\n    .detail-label { font-weight: 500; color: #6b7280; }\n    .detail-value { color: #111827; }\n    .utm-badge { display: inline-block; background: #dbeafe; color: #1e40af; padding: 2px 8px; border-radius: 4px; font-size: 12px; margin-left: 4px; }\n  </style>\n</head>\n<body>\n  <div class=\"container\">\n    <div class=\"header\">\n      <h1 style=\"margin: 0; font-size: 24px;\">🎉 New RSOLV Signup!</h1>\n      <p style=\"margin: 5px 0 0 0; opacity: 0.9;\">August 29, 2025 at 07:17 PM UTC</p>\n    </div>\n    \n    <div class=\"content\">\n      <div class=\"metric\">\n        <div class=\"metric-label\">Email</div>\n        <div class=\"metric-value\">noparams@example.com</div>\n      </div>\n      \n      \n      \n      <div class=\"details\">\n        <h3 style=\"margin-top: 0;\">Signup Details</h3>\n        \n        <div class=\"detail-row\">\n          <span class=\"detail-label\">Source</span>\n          <span class=\"detail-value\">\n            landing_page\n            \n          </span>\n        </div>\n        \n        \n        \n        \n        \n        \n      </div>\n      \n      <div style=\"margin-top: 20px; text-align: center;\">\n        <a href=\"https://rsolv.dev/live/dashboard\" style=\"display: inline-block; background: #10b981; color: white; padding: 10px 20px; text-decoration: none; border-radius: 4px;\">\n          View Dashboard\n        </a>\n      </div>\n    </div>\n  </div>\n</body>\n</html>\n", text_body: "🎉 New RSOLV Signup!\n\nEmail: noparams@example.com\n\nTime: August 29, 2025 at 07:17 PM UTC\n\nSource Details:\n- Source: landing_page\n\n\n\n\n\nView full dashboard: https://rsolv.dev/live/dashboard\n", headers: %{"Message-ID" => "<1756495028.927623@rsolv.dev>", "X-Postmark-Tag" => "admin-notification", "X-Priority" => "1"}, attachments: [], assigns: %{}, private: %{tag: "admin-notification"}, blocked: false}

13:17:08.614 request_id=GGBS7BX1a4kL04QAAAeZ [info] Admin notification sent for new signup
13:17:08.614 request_id=GGBS7BX1a4kL04QAAAeZ [info] Sent 302 in 5ms
..........13:17:08.628 request_id=GGBS7BcliAG-DgEAADEI [info] POST /api/webhooks/github
13:17:08.628 request_id=GGBS7BcliAG-DgEAADEI [debug] Processing with RsolvWeb.WebhookController.github/2
  Parameters: %{"action" => "opened"}
  Pipelines: [:api]
13:17:08.630 request_id=GGBS7BcliAG-DgEAADEI [debug] Raw body in controller: "{\"action\":\"opened\"}"
13:17:08.630 request_id=GGBS7BcliAG-DgEAADEI [debug] Signature verification - received: sha256=invalid
13:17:08.630 request_id=GGBS7BcliAG-DgEAADEI [debug] Signature verification - expected: sha256=9c2644369191c6d003cf18efe3165e64c54b5ae5e50b281fa747a39f2f657311
13:17:08.630 request_id=GGBS7BcliAG-DgEAADEI [info] Sent 401 in 1ms
.13:17:08.630 request_id=GGBS7BdBqsc_OpcAAA0W [info] POST /api/webhooks/github
13:17:08.630 request_id=GGBS7BdBqsc_OpcAAA0W [debug] Processing with RsolvWeb.WebhookController.github/2
  Parameters: %{}
  Pipelines: [:api]
13:17:08.630 request_id=GGBS7BdBqsc_OpcAAA0W [info] Sent 401 in 59µs
.13:17:08.630 request_id=GGBS7BdFcKW69L8AAA2W [info] POST /api/webhooks/github
13:17:08.630 request_id=GGBS7BdFcKW69L8AAA2W [debug] Processing with RsolvWeb.WebhookController.github/2
  Parameters: %{"action" => "opened", "pull_request" => %{"base" => %{"repo" => %{"name" => "test-repo", "owner" => %{"login" => "test-org"}}}, "body" => "Fixes #456\n\nGenerated by RSOLV", "head" => %{"ref" => "rsolv/fix-sql-injection"}, "html_url" => "https://github.com/test-org/test-repo/pull/123", "labels" => [%{"name" => "rsolv:automated"}], "number" => 123, "title" => "[RSOLV] Fix SQL injection vulnerability", "user" => %{"login" => "rsolv-bot"}}}
  Pipelines: [:api]
13:17:08.630 request_id=GGBS7BdFcKW69L8AAA2W [debug] Raw body in controller: "{\"action\":\"opened\",\"pull_request\":{\"base\":{\"repo\":{\"name\":\"test-repo\",\"owner\":{\"login\":\"test-org\"}}},\"body\":\"Fixes #456\\n\\nGenerated by RSOLV\",\"head\":{\"ref\":\"rsolv/fix-sql-injection\"},\"html_url\":\"https://github.com/test-org/test-repo/pull/123\",\"labels\":[{\"name\":\"rsolv:automated\"}],\"number\":123,\"title\":\"[RSOLV] Fix SQL injection vulnerability\",\"user\":{\"login\":\"rsolv-bot\"}}}"
13:17:08.630 request_id=GGBS7BdFcKW69L8AAA2W [info] Routing GitHub event: "pull_request"
13:17:08.630 request_id=GGBS7BdFcKW69L8AAA2W [info] Handling pull_request event with action: "opened"
13:17:08.630 request_id=GGBS7BdFcKW69L8AAA2W [info] Evaluating PR: [RSOLV] Fix SQL injection vulnerability
13:17:08.630 request_id=GGBS7BdFcKW69L8AAA2W [debug] RSOLV PR identification:
- Has label: true
- Has branch prefix: true
- Has title prefix: true
- Has body pattern: true

13:17:08.630 request_id=GGBS7BdFcKW69L8AAA2W [info] Identified as RSOLV PR, tracking...
13:17:08.631 request_id=GGBS7BdFcKW69L8AAA2W [debug] QUERY OK source="fix_attempts" db=0.3ms
SELECT f0."id", f0."github_org", f0."repo_name", f0."issue_number", f0."pr_number", f0."status", f0."merged_at", f0."billing_status", f0."requires_manual_approval", f0."approved_by", f0."approved_at", f0."approval_notes", f0."platform", f0."customer_id", f0."api_key_used", f0."pr_title", f0."pr_url", f0."issue_title", f0."issue_url", f0."commit_sha", f0."merged_by", f0."metadata", f0."amount", f0."currency", f0."billed_at", f0."refunded_at", f0."inserted_at", f0."updated_at" FROM "fix_attempts" AS f0 WHERE (((f0."github_org" = $1) AND (f0."repo_name" = $2)) AND (f0."pr_number" = $3)) ["test-org", "test-repo", 123]
13:17:08.631 request_id=GGBS7BdFcKW69L8AAA2W [debug] QUERY OK source="fix_attempts" db=0.1ms
INSERT INTO "fix_attempts" ("status","metadata","currency","repo_name","issue_number","github_org","pr_number","billing_status","platform","pr_title","pr_url","requires_manual_approval","inserted_at","updated_at") VALUES ($1,$2,$3,$4,$5,$6,$7,$8,$9,$10,$11,$12,$13,$14) RETURNING "id" ["pending", %{labels: ["rsolv:automated"], branch: "rsolv/fix-sql-injection", created_by: "rsolv-bot", issue_references: [%{type: :number, value: 456}]}, "USD", "test-repo", 456, "test-org", 123, "not_billed", "github", "[RSOLV] Fix SQL injection vulnerability", "https://github.com/test-org/test-repo/pull/123", true, ~N[2025-08-29 19:17:08], ~N[2025-08-29 19:17:08]]
13:17:08.631 request_id=GGBS7BdFcKW69L8AAA2W [info] Webhook processed successfully: :pr_opened
13:17:08.631 request_id=GGBS7BdFcKW69L8AAA2W [info] Sent 200 in 856µs
13:17:08.631 request_id=GGBS7BdFcKW69L8AAA2W [debug] QUERY OK source="fix_attempts" db=0.0ms
SELECT f0."id", f0."github_org", f0."repo_name", f0."issue_number", f0."pr_number", f0."status", f0."merged_at", f0."billing_status", f0."requires_manual_approval", f0."approved_by", f0."approved_at", f0."approval_notes", f0."platform", f0."customer_id", f0."api_key_used", f0."pr_title", f0."pr_url", f0."issue_title", f0."issue_url", f0."commit_sha", f0."merged_by", f0."metadata", f0."amount", f0."currency", f0."billed_at", f0."refunded_at", f0."inserted_at", f0."updated_at" FROM "fix_attempts" AS f0 WHERE ((f0."pr_number" = $1) AND (f0."github_org" = $2)) [123, "test-org"]
.13:17:08.632 [debug] QUERY OK source="fix_attempts" db=0.1ms queue=0.1ms
INSERT INTO "fix_attempts" ("status","metadata","currency","repo_name","github_org","pr_number","billing_status","platform","requires_manual_approval","inserted_at","updated_at") VALUES ($1,$2,$3,$4,$5,$6,$7,$8,$9,$10,$11) RETURNING "id" ["pending", %{}, "USD", "test-repo", "test-org", 124, "not_billed", "github", true, ~N[2025-08-29 19:17:08], ~N[2025-08-29 19:17:08]]
13:17:08.632 request_id=GGBS7Bdd2vmmWXAAAA-Y [info] POST /api/webhooks/github
13:17:08.632 request_id=GGBS7Bdd2vmmWXAAAA-Y [debug] Processing with RsolvWeb.WebhookController.github/2
  Parameters: %{"action" => "closed", "pull_request" => %{"base" => %{"repo" => %{"name" => "test-repo", "owner" => %{"login" => "test-org"}}}, "merge_commit_sha" => "abc123", "merged" => true, "merged_at" => "2025-06-03T10:00:00Z", "merged_by" => %{"login" => "test-user"}, "number" => 124}}
  Pipelines: [:api]
13:17:08.632 request_id=GGBS7Bdd2vmmWXAAAA-Y [debug] Raw body in controller: "{\"action\":\"closed\",\"pull_request\":{\"base\":{\"repo\":{\"name\":\"test-repo\",\"owner\":{\"login\":\"test-org\"}}},\"merge_commit_sha\":\"abc123\",\"merged\":true,\"merged_at\":\"2025-06-03T10:00:00Z\",\"merged_by\":{\"login\":\"test-user\"},\"number\":124}}"
13:17:08.632 request_id=GGBS7Bdd2vmmWXAAAA-Y [info] Routing GitHub event: "pull_request"
13:17:08.632 request_id=GGBS7Bdd2vmmWXAAAA-Y [info] Handling pull_request event with action: "closed"
13:17:08.632 request_id=GGBS7Bdd2vmmWXAAAA-Y [debug] QUERY OK source="fix_attempts" db=0.2ms
SELECT f0."id", f0."github_org", f0."repo_name", f0."issue_number", f0."pr_number", f0."status", f0."merged_at", f0."billing_status", f0."requires_manual_approval", f0."approved_by", f0."approved_at", f0."approval_notes", f0."platform", f0."customer_id", f0."api_key_used", f0."pr_title", f0."pr_url", f0."issue_title", f0."issue_url", f0."commit_sha", f0."merged_by", f0."metadata", f0."amount", f0."currency", f0."billed_at", f0."refunded_at", f0."inserted_at", f0."updated_at" FROM "fix_attempts" AS f0 WHERE (((f0."github_org" = $1) AND (f0."repo_name" = $2)) AND (f0."pr_number" = $3)) ["test-org", "test-repo", 124]
13:17:08.632 request_id=GGBS7Bdd2vmmWXAAAA-Y [debug] QUERY OK source="fix_attempts" db=0.0ms
UPDATE "fix_attempts" SET "status" = $1, "commit_sha" = $2, "merged_at" = $3, "merged_by" = $4, "updated_at" = $5 WHERE "id" = $6 ["merged", "abc123", ~U[2025-06-03 10:00:00.000000Z], "test-user", ~N[2025-08-29 19:17:08], 2603]
13:17:08.632 request_id=GGBS7Bdd2vmmWXAAAA-Y [info] Webhook processed successfully: :merged
13:17:08.632 request_id=GGBS7Bdd2vmmWXAAAA-Y [info] Sent 200 in 574µs
13:17:08.633 request_id=GGBS7Bdd2vmmWXAAAA-Y [debug] QUERY OK source="fix_attempts" db=0.0ms
SELECT f0."id", f0."github_org", f0."repo_name", f0."issue_number", f0."pr_number", f0."status", f0."merged_at", f0."billing_status", f0."requires_manual_approval", f0."approved_by", f0."approved_at", f0."approval_notes", f0."platform", f0."customer_id", f0."api_key_used", f0."pr_title", f0."pr_url", f0."issue_title", f0."issue_url", f0."commit_sha", f0."merged_by", f0."metadata", f0."amount", f0."currency", f0."billed_at", f0."refunded_at", f0."inserted_at", f0."updated_at" FROM "fix_attempts" AS f0 WHERE (f0."pr_number" = $1) [124]
.13:17:08.633 request_id=GGBS7Bds-UQ0AroAAEQD [info] GET /
13:17:08.633 request_id=GGBS7Bds-UQ0AroAAEQD [debug] Processing with RsolvWeb.HomeLive.index/2
  Parameters: %{}
  Pipelines: [:browser]
13:17:08.640 request_id=GGBS7Bds-UQ0AroAAEQD [info] Analytics event tracked
13:17:08.641 request_id=GGBS7Bds-UQ0AroAAEQD [debug] QUERY OK db=0.2ms queue=0.1ms
SELECT create_analytics_partition_if_not_exists($1::date) [~D[2025-08-29]]
13:17:08.641 request_id=GGBS7Bds-UQ0AroAAEQD [debug] QUERY OK source="analytics_events" db=0.0ms queue=0.1ms
INSERT INTO "analytics_events" ("metadata","event_type","visitor_id","page_path","inserted_at","updated_at") VALUES ($1,$2,$3,$4,$5,$6) RETURNING "id" [%{}, "page_view", "5cfd4707e230f91c1df5425e1da747cb", "/", ~N[2025-08-29 19:17:08], ~N[2025-08-29 19:17:08]]
13:17:08.646 request_id=GGBS7Bds-UQ0AroAAEQD [debug] QUERY OK source="fun_with_flags_toggles" db=0.1ms
SELECT f0."id", f0."flag_name", f0."gate_type", f0."target", f0."enabled" FROM "fun_with_flags_toggles" AS f0 WHERE (f0."flag_name" = $1) ["blog"]
13:17:08.646 request_id=GGBS7Bds-UQ0AroAAEQD [debug] Telemetry event: [:fun_with_flags, :persistence, :read], metadata: %{flag_name: :blog, gate: nil}, measurements: %{system_time: 1756495028646969467}
13:17:08.648 request_id=GGBS7Bds-UQ0AroAAEQD [info] ROI Calculator LiveComponent mounting...
13:17:08.648 request_id=GGBS7Bds-UQ0AroAAEQD [info] ROI Calculator LiveComponent mounted
13:17:08.655 request_id=GGBS7Bds-UQ0AroAAEQD [info] Sent 200 in 22ms
13:17:08.680 [debug] MOUNT RsolvWeb.HomeLive
  Parameters: %{}
  Session: %{"_csrf_token" => "R40x0I1ZN7fDuslAhwOsMZx6"}
13:17:08.680 [info] Analytics event tracked
13:17:08.681 [debug] QUERY OK db=0.1ms queue=0.1ms
SELECT create_analytics_partition_if_not_exists($1::date) [~D[2025-08-29]]
13:17:08.681 [debug] QUERY OK source="analytics_events" db=0.1ms
INSERT INTO "analytics_events" ("metadata","event_type","visitor_id","page_path","inserted_at","updated_at") VALUES ($1,$2,$3,$4,$5,$6) RETURNING "id" [%{}, "page_view", "774854e5e6b3d3c1e458838631304a94", "/", ~N[2025-08-29 19:17:08], ~N[2025-08-29 19:17:08]]
13:17:08.681 [debug] Replied in 543µs
13:17:08.681 [debug] QUERY OK source="fun_with_flags_toggles" db=0.0ms
SELECT f0."id", f0."flag_name", f0."gate_type", f0."target", f0."enabled" FROM "fun_with_flags_toggles" AS f0 WHERE (f0."flag_name" = $1) ["blog"]
13:17:08.681 [debug] Telemetry event: [:fun_with_flags, :persistence, :read], metadata: %{flag_name: :blog, gate: nil}, measurements: %{system_time: 1756495028681443696}
13:17:08.681 [info] ROI Calculator LiveComponent mounting...
13:17:08.681 [info] ROI Calculator LiveComponent mounted
.13:17:08.686 request_id=GGBS7BqWFOjYOscAAEUD [info] GET /
13:17:08.686 request_id=GGBS7BqWFOjYOscAAEUD [debug] Processing with RsolvWeb.HomeLive.index/2
  Parameters: %{}
  Pipelines: [:browser]
13:17:08.686 request_id=GGBS7BqWFOjYOscAAEUD [info] Analytics event tracked
13:17:08.686 request_id=GGBS7BqWFOjYOscAAEUD [debug] QUERY OK db=0.0ms
SELECT create_analytics_partition_if_not_exists($1::date) [~D[2025-08-29]]
13:17:08.686 request_id=GGBS7BqWFOjYOscAAEUD [debug] QUERY OK source="analytics_events" db=0.0ms
INSERT INTO "analytics_events" ("metadata","event_type","visitor_id","page_path","inserted_at","updated_at") VALUES ($1,$2,$3,$4,$5,$6) RETURNING "id" [%{}, "page_view", "82abef6e9f710af59cd77806d353841b", "/", ~N[2025-08-29 19:17:08], ~N[2025-08-29 19:17:08]]
13:17:08.686 request_id=GGBS7BqWFOjYOscAAEUD [debug] QUERY OK source="fun_with_flags_toggles" db=0.0ms
SELECT f0."id", f0."flag_name", f0."gate_type", f0."target", f0."enabled" FROM "fun_with_flags_toggles" AS f0 WHERE (f0."flag_name" = $1) ["blog"]
13:17:08.686 request_id=GGBS7BqWFOjYOscAAEUD [debug] Telemetry event: [:fun_with_flags, :persistence, :read], metadata: %{flag_name: :blog, gate: nil}, measurements: %{system_time: 1756495028686932005}
13:17:08.686 request_id=GGBS7BqWFOjYOscAAEUD [info] ROI Calculator LiveComponent mounting...
13:17:08.687 request_id=GGBS7BqWFOjYOscAAEUD [info] ROI Calculator LiveComponent mounted
13:17:08.687 request_id=GGBS7BqWFOjYOscAAEUD [info] Sent 200 in 821µs
13:17:08.690 [debug] MOUNT RsolvWeb.HomeLive
  Parameters: %{}
  Session: %{"_csrf_token" => "GkOGyNh1Uy5sQFHufHyb9Qhx"}
13:17:08.690 [info] Analytics event tracked
13:17:08.690 [debug] QUERY OK db=0.0ms
SELECT create_analytics_partition_if_not_exists($1::date) [~D[2025-08-29]]
13:17:08.690 [debug] QUERY OK source="analytics_events" db=0.0ms
INSERT INTO "analytics_events" ("metadata","event_type","visitor_id","page_path","inserted_at","updated_at") VALUES ($1,$2,$3,$4,$5,$6) RETURNING "id" [%{}, "page_view", "6adb6b895c456df0c815d46513c1b2ec", "/", ~N[2025-08-29 19:17:08], ~N[2025-08-29 19:17:08]]
13:17:08.690 [debug] Replied in 373µs
13:17:08.690 [debug] QUERY OK source="fun_with_flags_toggles" db=0.0ms
SELECT f0."id", f0."flag_name", f0."gate_type", f0."target", f0."enabled" FROM "fun_with_flags_toggles" AS f0 WHERE (f0."flag_name" = $1) ["blog"]
13:17:08.690 [debug] Telemetry event: [:fun_with_flags, :persistence, :read], metadata: %{flag_name: :blog, gate: nil}, measurements: %{system_time: 1756495028690710676}
13:17:08.690 [info] ROI Calculator LiveComponent mounting...
13:17:08.690 [info] ROI Calculator LiveComponent mounted
.13:17:08.693 request_id=GGBS7BsCtk03QQMAABCY [info] GET /
13:17:08.693 request_id=GGBS7BsCtk03QQMAABCY [debug] Processing with RsolvWeb.HomeLive.index/2
  Parameters: %{}
  Pipelines: [:browser]
13:17:08.693 request_id=GGBS7BsCtk03QQMAABCY [info] Analytics event tracked
13:17:08.693 request_id=GGBS7BsCtk03QQMAABCY [debug] QUERY OK db=0.1ms
SELECT create_analytics_partition_if_not_exists($1::date) [~D[2025-08-29]]
13:17:08.694 request_id=GGBS7BsCtk03QQMAABCY [debug] QUERY OK source="analytics_events" db=0.0ms
INSERT INTO "analytics_events" ("metadata","event_type","visitor_id","page_path","inserted_at","updated_at") VALUES ($1,$2,$3,$4,$5,$6) RETURNING "id" [%{}, "page_view", "dff4dc6771e86c724efcf33a44bf5d7a", "/", ~N[2025-08-29 19:17:08], ~N[2025-08-29 19:17:08]]
13:17:08.694 request_id=GGBS7BsCtk03QQMAABCY [debug] QUERY OK source="fun_with_flags_toggles" db=0.0ms
SELECT f0."id", f0."flag_name", f0."gate_type", f0."target", f0."enabled" FROM "fun_with_flags_toggles" AS f0 WHERE (f0."flag_name" = $1) ["blog"]
13:17:08.694 request_id=GGBS7BsCtk03QQMAABCY [debug] Telemetry event: [:fun_with_flags, :persistence, :read], metadata: %{flag_name: :blog, gate: nil}, measurements: %{system_time: 1756495028694147124}
13:17:08.694 request_id=GGBS7BsCtk03QQMAABCY [info] ROI Calculator LiveComponent mounting...
13:17:08.694 request_id=GGBS7BsCtk03QQMAABCY [info] ROI Calculator LiveComponent mounted
13:17:08.694 request_id=GGBS7BsCtk03QQMAABCY [info] Sent 200 in 882µs
13:17:08.696 [debug] MOUNT RsolvWeb.HomeLive
  Parameters: %{}
  Session: %{"_csrf_token" => "S7cqza-aotxin6eeyGmYi-ep"}
13:17:08.696 [info] Analytics event tracked
13:17:08.696 [debug] QUERY OK db=0.0ms queue=0.1ms
SELECT create_analytics_partition_if_not_exists($1::date) [~D[2025-08-29]]
13:17:08.696 [debug] QUERY OK source="analytics_events" db=0.0ms
INSERT INTO "analytics_events" ("metadata","event_type","visitor_id","page_path","inserted_at","updated_at") VALUES ($1,$2,$3,$4,$5,$6) RETURNING "id" [%{}, "page_view", "24254ed645320ddb3509dc0a76a95b52", "/", ~N[2025-08-29 19:17:08], ~N[2025-08-29 19:17:08]]
13:17:08.696 [debug] Replied in 392µs
13:17:08.696 [debug] QUERY OK source="fun_with_flags_toggles" db=0.0ms
SELECT f0."id", f0."flag_name", f0."gate_type", f0."target", f0."enabled" FROM "fun_with_flags_toggles" AS f0 WHERE (f0."flag_name" = $1) ["blog"]
13:17:08.696 [debug] Telemetry event: [:fun_with_flags, :persistence, :read], metadata: %{flag_name: :blog, gate: nil}, measurements: %{system_time: 1756495028696643583}
13:17:08.696 [info] ROI Calculator LiveComponent mounting...
13:17:08.696 [info] ROI Calculator LiveComponent mounted
13:17:08.699 request_id=GGBS7BtfbMA5ACgAAAIV [info] GET /


13:17:08.699 request_id=GGBS7BtfbMA5ACgAAAIV [debug] Processing with RsolvWeb.HomeLive.index/2
  Parameters: %{}
  Pipelines: [:browser]
  7) test ROI Calculator LiveComponent renders on homepage with default values (RsolvWeb.RoiCalculatorLiveTest)
     test/rsolv_web/live/roi_calculator_live_test.exs:6
     Assertion with =~ failed
     code:  assert html =~ "120 hours"
     left:  "<html lang=\"en\" class=\"h-full\"><head><meta charset=\"utf-8\"/><meta name=\"viewport\" content=\"width=device-width, initial-scale=1\"/><meta name=\"csrf-token\" content=\"DE06KEgsHTUdGzwwPVhILBUTGCoBdF03_zYY2M0TroDYSn-IlTushY8G\"/><title data-suffix=\" · Automatic Security Detection\">\nRSOLV\n     · Automatic Security Detection</title><link phx-track-static=\"phx-track-static\" rel=\"stylesheet\" href=\"/assets/app.css\"/><script defer=\"defer\" phx-track-static=\"phx-track-static\" type=\"text/javascript\" src=\"/assets/app.js\">\n    </script><meta name=\"description\" content=\"RSOLV finds security vulnerabilities you didn&#39;t know existed and fixes them automatically. 170+ production-tested security patterns across 6 languages and 2 frameworks. Zero configuration. Pay only for fixes you deploy. Works with GitHub, Jira, Linear.\"/><meta name=\"keywords\" content=\"automatic security detection, vulnerability remediation, SQL injection detection, XSS vulnerability scanner, security vulnerability detection, zero-config security scanner, GitHub security, Jira security, Linear security, Rails security, Django security, Phoenix security\"/><meta property=\"og:title\" content=\"RSOLV - Finds &amp; Fixes Security Vulnerabilities Automatically\"/><meta property=\"og:description\" content=\"Zero-configuration vulnerability detection with 170+ production-tested security patterns across 6 languages and 2 frameworks. Finds SQL injection, XSS, authentication bypasses, CVE-specific vulnerabilities, and generates production-ready fixes. Pay only when fixes deploy.\"/><meta property=\"og:type\" content=\"website\"/><meta property=\"og:url\" content=\"https://rsolv.dev\"/><meta property=\"og:image\" content=\"https://rsolv.dev/images/rsolv_logo_transparent.png\"/><link rel=\"icon\" type=\"image/png\" href=\"/images/rsolv_logo_transparent.png\"/><!-- Mastodon/Fediverse attribution for blog posts --><!-- Theme color for mobile browsers --><meta name=\"theme-color\" content=\"#ffffff\"/><!-- SimpleAnalytics - Privacy-first analytics --><script data-collect-dnt=\"true\" async=\"async\" src=\"https://sa.arborealstudios.com/latest.js\"></script><noscript><img src=\"https://sa.arborealstudios.com/noscript.gif?collect-dnt=true\" alt=\"\" referrerpolicy=\"no-referrer-when-downgrade\"/></noscript><!-- Plausible Analytics --><script defer=\"defer\" data-domain=\"rsolv.dev\" src=\"https://plausible.io/js/script.hash.outbound-links.js\"></script><script>window.plausible = window.plausible || function() { (window.plausible.q = window.plausible.q || []).push(arguments) }</script><!-- Theme initialization --><script>\n      // Apply theme immediately to prevent flash\n      (function() {\n        const theme = localStorage.getItem('theme') || \n          (window.matchMedia('(prefers-color-scheme: dark)').matches ? 'dark' : 'light');\n        document.documentElement.classList.toggle('dark', theme === 'dark');\n        \n        // Set initial icon state immediately after theme is applied\n        // We'll update this again after DOM loads to be safe\n        window.__initialTheme = theme;\n      })();\n    </script></head><body class=\"h-full bg-canvas antialiased transition-colors\"><div class=\"flash-messages\"></div><div id=\"phx-GGBS7BsEzqlBAxEY\" data-phx-main=\"data-phx-main\" data-phx-session=\"SFMyNTY.g2gDaAJhBXQAAAAIdwJpZG0AAAAUcGh4LUdHQlM3QnNFenFsQkF4RVl3B3Nlc3Npb250AAAAAHcKcGFyZW50X3BpZHcDbmlsdwR2aWV3dxhFbGl4aXIuUnNvbHZXZWIuSG9tZUxpdmV3CHJvb3RfcGlkdwNuaWx3BnJvdXRlcncWRWxpeGlyLlJzb2x2V2ViLlJvdXRlcncJcm9vdF92aWV3dxhFbGl4aXIuUnNvbHZXZWIuSG9tZUxpdmV3DGxpdmVfc2Vzc2lvbmgCdwdkZWZhdWx0bggAjfpNSCGaXBhuBgDWIUP3mAFiAAFRgA.Nn5fZgkgaFcEpJT10NKP8d1QVqYj2PvqRkmZJxlZhAo\" data-phx-static=\"SFMyNTY.g2gDaAJhBXQAAAADdwJpZG0AAAAUcGh4LUdHQlM3QnNFenFsQkF4RVl3BWZsYXNodAAAAAB3CmFzc2lnbl9uZXdqbgYA1iFD95gBYgABUYA.HfEoX1HLkQNNA2fKNzGfQVBt3AvYvlq8edin6S0DJEY\"><header class=\"fixed top-0 left-0 right-0 z-50 transition-all duration-300 bg-white/80 dark:bg-gray-900/80 backdrop-blur-sm\"><div class=\"container mx-auto px-4 sm:px-6 lg:px-8\"><div class=\"flex items-center justify-between py-4 text-sm\"><div class=\"flex items-center gap-4\"><a href=\"/\" class=\"flex items-center\"><img" <> ...
     right: "120 hours"
     stacktrace:
       test/rsolv_web/live/roi_calculator_live_test.exs:18: (test)

13:17:08.699 request_id=GGBS7BtfbMA5ACgAAAIV [info] Analytics event tracked
13:17:08.699 request_id=GGBS7BtfbMA5ACgAAAIV [debug] QUERY OK db=0.1ms
SELECT create_analytics_partition_if_not_exists($1::date) [~D[2025-08-29]]
13:17:08.699 request_id=GGBS7BtfbMA5ACgAAAIV [debug] QUERY OK source="analytics_events" db=0.0ms
INSERT INTO "analytics_events" ("metadata","event_type","visitor_id","page_path","inserted_at","updated_at") VALUES ($1,$2,$3,$4,$5,$6) RETURNING "id" [%{}, "page_view", "c142b2d5bba5d6d8524e1fcda98aa306", "/", ~N[2025-08-29 19:17:08], ~N[2025-08-29 19:17:08]]
13:17:08.700 request_id=GGBS7BtfbMA5ACgAAAIV [debug] QUERY OK source="fun_with_flags_toggles" db=0.0ms
SELECT f0."id", f0."flag_name", f0."gate_type", f0."target", f0."enabled" FROM "fun_with_flags_toggles" AS f0 WHERE (f0."flag_name" = $1) ["blog"]
13:17:08.700 request_id=GGBS7BtfbMA5ACgAAAIV [debug] Telemetry event: [:fun_with_flags, :persistence, :read], metadata: %{flag_name: :blog, gate: nil}, measurements: %{system_time: 1756495028700118694}
13:17:08.700 request_id=GGBS7BtfbMA5ACgAAAIV [info] ROI Calculator LiveComponent mounting...
13:17:08.700 request_id=GGBS7BtfbMA5ACgAAAIV [info] ROI Calculator LiveComponent mounted
13:17:08.700 request_id=GGBS7BtfbMA5ACgAAAIV [info] Sent 200 in 775µs
13:17:08.702 [debug] MOUNT RsolvWeb.HomeLive
  Parameters: %{}
  Session: %{"_csrf_token" => "micTY9NcSWOOvH8p4Q4lYKTj"}
13:17:08.702 [info] Analytics event tracked
13:17:08.702 [debug] QUERY OK db=0.1ms
SELECT create_analytics_partition_if_not_exists($1::date) [~D[2025-08-29]]
13:17:08.702 [debug] QUERY OK source="analytics_events" db=0.0ms
INSERT INTO "analytics_events" ("metadata","event_type","visitor_id","page_path","inserted_at","updated_at") VALUES ($1,$2,$3,$4,$5,$6) RETURNING "id" [%{}, "page_view", "f874e498a1f3d219563035973312f282", "/", ~N[2025-08-29 19:17:08], ~N[2025-08-29 19:17:08]]
13:17:08.702 [debug] Replied in 413µs
13:17:08.702 [debug] QUERY OK source="fun_with_flags_toggles" db=0.0ms
SELECT f0."id", f0."flag_name", f0."gate_type", f0."target", f0."enabled" FROM "fun_with_flags_toggles" AS f0 WHERE (f0."flag_name" = $1) ["blog"]
13:17:08.702 [debug] Telemetry event: [:fun_with_flags, :persistence, :read], metadata: %{flag_name: :blog, gate: nil}, measurements: %{system_time: 1756495028702619573}
13:17:08.702 [info] ROI Calculator LiveComponent mounting...
13:17:08.702 [info] ROI Calculator LiveComponent mounted
.13:17:08.707 request_id=GGBS7BvSg-HLeOQAAAMV [info] GET /
13:17:08.707 request_id=GGBS7BvSg-HLeOQAAAMV [debug] Processing with RsolvWeb.HomeLive.index/2
  Parameters: %{}
  Pipelines: [:browser]
13:17:08.707 request_id=GGBS7BvSg-HLeOQAAAMV [info] Analytics event tracked
13:17:08.707 request_id=GGBS7BvSg-HLeOQAAAMV [debug] QUERY OK db=0.2ms
SELECT create_analytics_partition_if_not_exists($1::date) [~D[2025-08-29]]
13:17:08.707 request_id=GGBS7BvSg-HLeOQAAAMV [debug] QUERY OK source="analytics_events" db=0.0ms
INSERT INTO "analytics_events" ("metadata","event_type","visitor_id","page_path","inserted_at","updated_at") VALUES ($1,$2,$3,$4,$5,$6) RETURNING "id" [%{}, "page_view", "2fd7a5e10f16fb92bf428ec54750dd85", "/", ~N[2025-08-29 19:17:08], ~N[2025-08-29 19:17:08]]
13:17:08.707 request_id=GGBS7BvSg-HLeOQAAAMV [debug] QUERY OK source="fun_with_flags_toggles" db=0.0ms
SELECT f0."id", f0."flag_name", f0."gate_type", f0."target", f0."enabled" FROM "fun_with_flags_toggles" AS f0 WHERE (f0."flag_name" = $1) ["blog"]
13:17:08.707 request_id=GGBS7BvSg-HLeOQAAAMV [debug] Telemetry event: [:fun_with_flags, :persistence, :read], metadata: %{flag_name: :blog, gate: nil}, measurements: %{system_time: 1756495028707706969}
13:17:08.707 request_id=GGBS7BvSg-HLeOQAAAMV [info] ROI Calculator LiveComponent mounting...
13:17:08.707 request_id=GGBS7BvSg-HLeOQAAAMV [info] ROI Calculator LiveComponent mounted
13:17:08.707 request_id=GGBS7BvSg-HLeOQAAAMV [info] Sent 200 in 827µs
13:17:08.709 [debug] MOUNT RsolvWeb.HomeLive
  Parameters: %{}
  Session: %{"_csrf_token" => "2L9JXDRajue-pK02uYTT1GNJ"}
13:17:08.709 [info] Analytics event tracked
13:17:08.710 [debug] QUERY OK db=0.0ms
SELECT create_analytics_partition_if_not_exists($1::date) [~D[2025-08-29]]
13:17:08.710 [debug] QUERY OK source="analytics_events" db=0.0ms
INSERT INTO "analytics_events" ("metadata","event_type","visitor_id","page_path","inserted_at","updated_at") VALUES ($1,$2,$3,$4,$5,$6) RETURNING "id" [%{}, "page_view", "a30ec267a1fa8fc5fa51ab071735df89", "/", ~N[2025-08-29 19:17:08], ~N[2025-08-29 19:17:08]]
13:17:08.710 [debug] Replied in 306µs
13:17:08.710 [debug] QUERY OK source="fun_with_flags_toggles" db=0.0ms
SELECT f0."id", f0."flag_name", f0."gate_type", f0."target", f0."enabled" FROM "fun_with_flags_toggles" AS f0 WHERE (f0."flag_name" = $1) ["blog"]
13:17:08.710 [debug] Telemetry event: [:fun_with_flags, :persistence, :read], metadata: %{flag_name: :blog, gate: nil}, measurements: %{system_time: 1756495028710350389}
13:17:08.710 [info] ROI Calculator LiveComponent mounting...
13:17:08.710 [info] ROI Calculator LiveComponent mounted
.13:17:08.714 request_id=GGBS7Bw-9nhFeVcAABGY [info] GET /api/v1/patterns
13:17:08.714 request_id=GGBS7Bw-9nhFeVcAABGY [debug] Processing with RsolvWeb.Api.V1.PatternController.index/2
  Parameters: %{"format" => "enhanced", "language" => "elixir"}
  Pipelines: [:api]
13:17:08.714 request_id=GGBS7Bw-9nhFeVcAABGY [info] Pattern API called with params: %{"format" => "enhanced", "language" => "elixir"}
13:17:08.714 request_id=GGBS7Bw-9nhFeVcAABGY [info] Language: elixir, Format: enhanced
13:17:08.714 request_id=GGBS7Bw-9nhFeVcAABGY [info] API key status: :none
13:17:08.714 request_id=GGBS7Bw-9nhFeVcAABGY [info] Getting demo patterns for elixir
13:17:08.714 request_id=GGBS7Bw-9nhFeVcAABGY [info] Retrieved 1 patterns
13:17:08.714 request_id=GGBS7Bw-9nhFeVcAABGY [debug] Formatting pattern: "elixir-sql-injection-interpolation"
13:17:08.714 request_id=GGBS7Bw-9nhFeVcAABGY [debug] Formatted pattern keys: ["cweId", "description", "examples", "frameworks", "id", "languages", "name", "owaspCategory", "recommendation", "regex", "regexPatterns", "severity", "supportsAst", "type"]
13:17:08.714 request_id=GGBS7Bw-9nhFeVcAABGY [info] Sent 200 in 267µs
...13:17:08.718 request_id=GGBS7Bx8VEW25uYAAEYD [info] GET /api/v1/patterns
13:17:08.718 request_id=GGBS7Bx8VEW25uYAAEYD [debug] Processing with RsolvWeb.Api.V1.PatternController.index/2
  Parameters: %{"format" => "enhanced", "language" => "elixir"}
  Pipelines: [:api]
13:17:08.718 request_id=GGBS7Bx8VEW25uYAAEYD [info] Pattern API called with params: %{"format" => "enhanced", "language" => "elixir"}
13:17:08.718 request_id=GGBS7Bx8VEW25uYAAEYD [info] Language: elixir, Format: enhanced
13:17:08.718 request_id=GGBS7Bx8VEW25uYAAEYD [info] API key status: :none
13:17:08.718 request_id=GGBS7Bx8VEW25uYAAEYD [info] Getting demo patterns for elixir
13:17:08.718 request_id=GGBS7Bx8VEW25uYAAEYD [info] Retrieved 1 patterns
13:17:08.718 request_id=GGBS7Bx8VEW25uYAAEYD [debug] Formatting pattern: "elixir-sql-injection-interpolation"
13:17:08.718 request_id=GGBS7Bx8VEW25uYAAEYD [debug] Formatted pattern keys: ["cweId", "description", "examples", "frameworks", "id", "languages", "name", "owaspCategory", "recommendation", "regex", "regexPatterns", "severity", "supportsAst", "type"]
13:17:08.718 request_id=GGBS7Bx8VEW25uYAAEYD [info] Sent 200 in 148µs
...13:17:08.719 [debug] QUERY OK source="users" db=0.2ms
INSERT INTO "users" ("email","hashed_password","inserted_at","updated_at") VALUES ($1,$2,$3,$4) RETURNING "id" ["test18052@example.com", "dummy_hash", ~U[2025-08-29 19:17:08Z], ~U[2025-08-29 19:17:08Z]]
13:17:08.719 [debug] QUERY OK source="customers" db=0.1ms
INSERT INTO "customers" ("active","name","metadata","plan","api_key","email","user_id","monthly_limit","current_usage","inserted_at","updated_at") VALUES ($1,$2,$3,$4,$5,$6,$7,$8,$9,$10,$11) RETURNING "id" [true, "Test Customer 18052", %{}, "standard", "test_api_key_18052", "test18052@example.com", 18203, 100, 0, ~N[2025-08-29 19:17:08], ~N[2025-08-29 19:17:08]]
13:17:08.719 [debug] QUERY OK source="forge_accounts" db=0.0ms
INSERT INTO "forge_accounts" ("metadata","namespace","customer_id","forge_type","verified_at","inserted_at","updated_at") VALUES ($1,$2,$3,$4,$5,$6,$7) RETURNING "id" [%{}, "test-org-18052", 17658, :github, ~U[2025-08-29 19:17:08.719468Z], ~U[2025-08-29 19:17:08.719474Z], ~U[2025-08-29 19:17:08.719474Z]]
13:17:08.719 [debug] QUERY OK source="cached_validations" db=0.1ms
INSERT INTO "cached_validations" ("reason","cache_key","repository","confidence","forge_account_id","locations","vulnerability_type","file_hashes","is_false_positive","ttl_expires_at","cached_at","inserted_at","updated_at") VALUES ($1,$2,$3,$4,$5,$6,$7,$8,$9,$10,$11,$12,$13) ON CONFLICT ("cache_key") DO UPDATE SET "updated_at" = EXCLUDED."updated_at","inserted_at" = EXCLUDED."inserted_at","forge_account_id" = EXCLUDED."forge_account_id","invalidation_reason" = EXCLUDED."invalidation_reason","invalidated_at" = EXCLUDED."invalidated_at","ttl_expires_at" = EXCLUDED."ttl_expires_at","cached_at" = EXCLUDED."cached_at","full_result" = EXCLUDED."full_result","reason" = EXCLUDED."reason","confidence" = EXCLUDED."confidence","is_false_positive" = EXCLUDED."is_false_positive","file_hashes" = EXCLUDED."file_hashes","locations" = EXCLUDED."locations","vulnerability_type" = EXCLUDED."vulnerability_type","repository" = EXCLUDED."repository","cache_key" = EXCLUDED."cache_key" RETURNING "id","updated_at","inserted_at","forge_account_id","invalidation_reason","invalidated_at","ttl_expires_at","cached_at","full_result","reason","confidence","is_false_positive","file_hashes","locations","vulnerability_type","repository","cache_key" ["No user input flow detected", "15810/RSOLV-dev/nodegoat/[app.js:42]:sql-injection", "RSOLV-dev/nodegoat", Decimal.new("0.95"), 15810, [%{line: 42, file_path: "app.js"}], "sql-injection", %{"app.js" => "sha256:abc123"}, true, ~U[2025-11-27 19:17:08.719624Z], ~U[2025-08-29 19:17:08.719624Z], ~U[2025-08-29 19:17:08.719665Z], ~U[2025-08-29 19:17:08.719665Z]]
13:17:08.719 [debug] Cached validation stored
13:17:08.720 [debug] QUERY OK source="cached_validations" db=0.2ms
UPDATE "cached_validations" AS c0 SET "ttl_expires_at" = $1 WHERE (c0."forge_account_id" = $2) [~U[2025-08-28 19:17:08.719598Z], 15810]
13:17:08.720 [debug] QUERY OK source="cached_validations" db=0.0ms queue=0.1ms
SELECT c0."id", c0."cache_key", c0."repository", c0."vulnerability_type", c0."locations", c0."file_hashes", c0."is_false_positive", c0."confidence", c0."reason", c0."full_result", c0."cached_at", c0."ttl_expires_at", c0."invalidated_at", c0."invalidation_reason", c0."forge_account_id", c0."inserted_at", c0."updated_at" FROM "cached_validations" AS c0 WHERE (c0."cache_key" = $1) AND (c0."invalidated_at" IS NULL) ["15810/RSOLV-dev/nodegoat/[app.js:42]:sql-injection"]
13:17:08.720 [debug] Cache expired
.13:17:08.720 [debug] QUERY OK source="users" db=0.0ms
INSERT INTO "users" ("email","hashed_password","inserted_at","updated_at") VALUES ($1,$2,$3,$4) RETURNING "id" ["test4633@example.com", "dummy_hash", ~U[2025-08-29 19:17:08Z], ~U[2025-08-29 19:17:08Z]]
13:17:08.720 [debug] QUERY OK source="customers" db=0.0ms
INSERT INTO "customers" ("active","name","metadata","plan","api_key","email","user_id","monthly_limit","current_usage","inserted_at","updated_at") VALUES ($1,$2,$3,$4,$5,$6,$7,$8,$9,$10,$11) RETURNING "id" [true, "Test Customer 4633", %{}, "standard", "test_api_key_4633", "test4633@example.com", 18204, 100, 0, ~N[2025-08-29 19:17:08], ~N[2025-08-29 19:17:08]]
13:17:08.721 [debug] QUERY OK source="forge_accounts" db=0.0ms
INSERT INTO "forge_accounts" ("metadata","namespace","customer_id","forge_type","verified_at","inserted_at","updated_at") VALUES ($1,$2,$3,$4,$5,$6,$7) RETURNING "id" [%{}, "test-org-4633", 17659, :github, ~U[2025-08-29 19:17:08.720983Z], ~U[2025-08-29 19:17:08.720991Z], ~U[2025-08-29 19:17:08.720991Z]]
13:17:08.721 [debug] QUERY OK source="cached_validations" db=0.2ms queue=0.1ms
INSERT INTO "cached_validations" ("reason","cache_key","repository","confidence","forge_account_id","locations","vulnerability_type","file_hashes","is_false_positive","ttl_expires_at","cached_at","inserted_at","updated_at") VALUES ($1,$2,$3,$4,$5,$6,$7,$8,$9,$10,$11,$12,$13) ON CONFLICT ("cache_key") DO UPDATE SET "updated_at" = EXCLUDED."updated_at","inserted_at" = EXCLUDED."inserted_at","forge_account_id" = EXCLUDED."forge_account_id","invalidation_reason" = EXCLUDED."invalidation_reason","invalidated_at" = EXCLUDED."invalidated_at","ttl_expires_at" = EXCLUDED."ttl_expires_at","cached_at" = EXCLUDED."cached_at","full_result" = EXCLUDED."full_result","reason" = EXCLUDED."reason","confidence" = EXCLUDED."confidence","is_false_positive" = EXCLUDED."is_false_positive","file_hashes" = EXCLUDED."file_hashes","locations" = EXCLUDED."locations","vulnerability_type" = EXCLUDED."vulnerability_type","repository" = EXCLUDED."repository","cache_key" = EXCLUDED."cache_key" RETURNING "id","updated_at","inserted_at","forge_account_id","invalidation_reason","invalidated_at","ttl_expires_at","cached_at","full_result","reason","confidence","is_false_positive","file_hashes","locations","vulnerability_type","repository","cache_key" ["No user input flow detected", "15811/RSOLV-dev/nodegoat/[app.js:42]:sql-injection", "RSOLV-dev/nodegoat", Decimal.new("0.95"), 15811, [%{line: 42, file_path: "app.js"}], "sql-injection", %{"app.js" => "sha256:abc123"}, true, ~U[2025-11-27 19:17:08.721103Z], ~U[2025-08-29 19:17:08.721103Z], ~U[2025-08-29 19:17:08.721139Z], ~U[2025-08-29 19:17:08.721139Z]]
13:17:08.721 [debug] Cached validation stored
13:17:08.721 [debug] QUERY OK source="cached_validations" db=0.2ms
SELECT c0."id", c0."cache_key", c0."repository", c0."vulnerability_type", c0."locations", c0."file_hashes", c0."is_false_positive", c0."confidence", c0."reason", c0."full_result", c0."cached_at", c0."ttl_expires_at", c0."invalidated_at", c0."invalidation_reason", c0."forge_account_id", c0."inserted_at", c0."updated_at" FROM "cached_validations" AS c0 WHERE (c0."cache_key" = $1) AND (c0."invalidated_at" IS NULL) ["15811/RSOLV-dev/nodegoat/[app.js:42]:sql-injection"]
13:17:08.722 [debug] Cache invalidated by file change
.13:17:08.722 [debug] QUERY OK source="users" db=0.1ms
INSERT INTO "users" ("email","hashed_password","inserted_at","updated_at") VALUES ($1,$2,$3,$4) RETURNING "id" ["test1046@example.com", "dummy_hash", ~U[2025-08-29 19:17:08Z], ~U[2025-08-29 19:17:08Z]]
13:17:08.722 [debug] QUERY OK source="customers" db=0.1ms
INSERT INTO "customers" ("active","name","metadata","plan","api_key","email","user_id","monthly_limit","current_usage","inserted_at","updated_at") VALUES ($1,$2,$3,$4,$5,$6,$7,$8,$9,$10,$11) RETURNING "id" [true, "Test Customer 1046", %{}, "standard", "test_api_key_1046", "test1046@example.com", 18205, 100, 0, ~N[2025-08-29 19:17:08], ~N[2025-08-29 19:17:08]]
13:17:08.722 [debug] QUERY OK source="forge_accounts" db=0.1ms
INSERT INTO "forge_accounts" ("metadata","namespace","customer_id","forge_type","verified_at","inserted_at","updated_at") VALUES ($1,$2,$3,$4,$5,$6,$7) RETURNING "id" [%{}, "test-org-1046", 17660, :github, ~U[2025-08-29 19:17:08.722600Z], ~U[2025-08-29 19:17:08.722608Z], ~U[2025-08-29 19:17:08.722608Z]]
13:17:08.723 [debug] QUERY OK source="cached_validations" db=0.3ms queue=0.1ms
INSERT INTO "cached_validations" ("reason","cache_key","repository","confidence","forge_account_id","locations","vulnerability_type","file_hashes","is_false_positive","ttl_expires_at","cached_at","inserted_at","updated_at") VALUES ($1,$2,$3,$4,$5,$6,$7,$8,$9,$10,$11,$12,$13) ON CONFLICT ("cache_key") DO UPDATE SET "updated_at" = EXCLUDED."updated_at","inserted_at" = EXCLUDED."inserted_at","forge_account_id" = EXCLUDED."forge_account_id","invalidation_reason" = EXCLUDED."invalidation_reason","invalidated_at" = EXCLUDED."invalidated_at","ttl_expires_at" = EXCLUDED."ttl_expires_at","cached_at" = EXCLUDED."cached_at","full_result" = EXCLUDED."full_result","reason" = EXCLUDED."reason","confidence" = EXCLUDED."confidence","is_false_positive" = EXCLUDED."is_false_positive","file_hashes" = EXCLUDED."file_hashes","locations" = EXCLUDED."locations","vulnerability_type" = EXCLUDED."vulnerability_type","repository" = EXCLUDED."repository","cache_key" = EXCLUDED."cache_key" RETURNING "id","updated_at","inserted_at","forge_account_id","invalidation_reason","invalidated_at","ttl_expires_at","cached_at","full_result","reason","confidence","is_false_positive","file_hashes","locations","vulnerability_type","repository","cache_key" ["No user input flow detected", "15812/RSOLV-dev/nodegoat/[app.js:42]:sql-injection", "RSOLV-dev/nodegoat", Decimal.new("0.95"), 15812, [%{line: 42, file_path: "app.js"}], "sql-injection", %{"app.js" => "sha256:abc123"}, true, ~U[2025-11-27 19:17:08.722793Z], ~U[2025-08-29 19:17:08.722793Z], ~U[2025-08-29 19:17:08.722837Z], ~U[2025-08-29 19:17:08.722837Z]]
13:17:08.723 [debug] Cached validation stored
13:17:08.723 [debug] QUERY OK source="cached_validations" db=0.2ms
SELECT c0."id", c0."cache_key", c0."repository", c0."vulnerability_type", c0."locations", c0."file_hashes", c0."is_false_positive", c0."confidence", c0."reason", c0."full_result", c0."cached_at", c0."ttl_expires_at", c0."invalidated_at", c0."invalidation_reason", c0."forge_account_id", c0."inserted_at", c0."updated_at" FROM "cached_validations" AS c0 WHERE (c0."cache_key" = $1) AND (c0."invalidated_at" IS NULL) ["15812/RSOLV-dev/nodegoat/[app.js:42]:sql-injection"]
13:17:08.723 [debug] Cache hit
.13:17:08.723 [debug] QUERY OK source="users" db=0.0ms
INSERT INTO "users" ("email","hashed_password","inserted_at","updated_at") VALUES ($1,$2,$3,$4) RETURNING "id" ["test16130@example.com", "dummy_hash", ~U[2025-08-29 19:17:08Z], ~U[2025-08-29 19:17:08Z]]
13:17:08.724 [debug] QUERY OK source="customers" db=0.0ms
INSERT INTO "customers" ("active","name","metadata","plan","api_key","email","user_id","monthly_limit","current_usage","inserted_at","updated_at") VALUES ($1,$2,$3,$4,$5,$6,$7,$8,$9,$10,$11) RETURNING "id" [true, "Test Customer 16130", %{}, "standard", "test_api_key_16130", "test16130@example.com", 18206, 100, 0, ~N[2025-08-29 19:17:08], ~N[2025-08-29 19:17:08]]
13:17:08.724 [debug] QUERY OK source="forge_accounts" db=0.0ms
INSERT INTO "forge_accounts" ("metadata","namespace","customer_id","forge_type","verified_at","inserted_at","updated_at") VALUES ($1,$2,$3,$4,$5,$6,$7) RETURNING "id" [%{}, "test-org-16130", 17661, :github, ~U[2025-08-29 19:17:08.724128Z], ~U[2025-08-29 19:17:08.724135Z], ~U[2025-08-29 19:17:08.724135Z]]
13:17:08.724 [debug] QUERY OK source="cached_validations" db=0.1ms
INSERT INTO "cached_validations" ("reason","cache_key","repository","confidence","forge_account_id","locations","vulnerability_type","file_hashes","is_false_positive","ttl_expires_at","cached_at","inserted_at","updated_at") VALUES ($1,$2,$3,$4,$5,$6,$7,$8,$9,$10,$11,$12,$13) ON CONFLICT ("cache_key") DO UPDATE SET "updated_at" = EXCLUDED."updated_at","inserted_at" = EXCLUDED."inserted_at","forge_account_id" = EXCLUDED."forge_account_id","invalidation_reason" = EXCLUDED."invalidation_reason","invalidated_at" = EXCLUDED."invalidated_at","ttl_expires_at" = EXCLUDED."ttl_expires_at","cached_at" = EXCLUDED."cached_at","full_result" = EXCLUDED."full_result","reason" = EXCLUDED."reason","confidence" = EXCLUDED."confidence","is_false_positive" = EXCLUDED."is_false_positive","file_hashes" = EXCLUDED."file_hashes","locations" = EXCLUDED."locations","vulnerability_type" = EXCLUDED."vulnerability_type","repository" = EXCLUDED."repository","cache_key" = EXCLUDED."cache_key" RETURNING "id","updated_at","inserted_at","forge_account_id","invalidation_reason","invalidated_at","ttl_expires_at","cached_at","full_result","reason","confidence","is_false_positive","file_hashes","locations","vulnerability_type","repository","cache_key" ["No user input flow detected", "15813/RSOLV-dev/nodegoat/[app.js:42,lib/db.js:10]:sql-injection", "RSOLV-dev/nodegoat", Decimal.new("0.95"), 15813, [%{line: 42, file_path: "app.js"}, %{line: 10, file_path: "lib/db.js"}], "sql-injection", %{"app.js" => "sha256:abc123", "lib/db.js" => "sha256:def456"}, true, ~U[2025-11-27 19:17:08.724241Z], ~U[2025-08-29 19:17:08.724241Z], ~U[2025-08-29 19:17:08.724273Z], ~U[2025-08-29 19:17:08.724273Z]]
13:17:08.724 [debug] Cached validation stored
13:17:08.724 [debug] QUERY OK source="cached_validations" db=0.1ms
SELECT c0."id", c0."cache_key", c0."repository", c0."vulnerability_type", c0."locations", c0."file_hashes", c0."is_false_positive", c0."confidence", c0."reason", c0."full_result", c0."cached_at", c0."ttl_expires_at", c0."invalidated_at", c0."invalidation_reason", c0."forge_account_id", c0."inserted_at", c0."updated_at" FROM "cached_validations" AS c0 WHERE (c0."cache_key" = $1) AND (c0."invalidated_at" IS NULL) ["15813/RSOLV-dev/nodegoat/[app.js:42,lib/db.js:10]:sql-injection"]
13:17:08.724 [debug] Cache hit
.13:17:08.724 [debug] QUERY OK source="users" db=0.1ms
INSERT INTO "users" ("email","hashed_password","inserted_at","updated_at") VALUES ($1,$2,$3,$4) RETURNING "id" ["test18436@example.com", "dummy_hash", ~U[2025-08-29 19:17:08Z], ~U[2025-08-29 19:17:08Z]]
13:17:08.725 [debug] QUERY OK source="customers" db=0.1ms
INSERT INTO "customers" ("active","name","metadata","plan","api_key","email","user_id","monthly_limit","current_usage","inserted_at","updated_at") VALUES ($1,$2,$3,$4,$5,$6,$7,$8,$9,$10,$11) RETURNING "id" [true, "Test Customer 18436", %{}, "standard", "test_api_key_18436", "test18436@example.com", 18207, 100, 0, ~N[2025-08-29 19:17:08], ~N[2025-08-29 19:17:08]]
13:17:08.725 [debug] QUERY OK source="forge_accounts" db=0.1ms
INSERT INTO "forge_accounts" ("metadata","namespace","customer_id","forge_type","verified_at","inserted_at","updated_at") VALUES ($1,$2,$3,$4,$5,$6,$7) RETURNING "id" [%{}, "test-org-18436", 17662, :github, ~U[2025-08-29 19:17:08.725207Z], ~U[2025-08-29 19:17:08.725217Z], ~U[2025-08-29 19:17:08.725217Z]]
13:17:08.725 [debug] QUERY OK source="users" db=0.0ms
INSERT INTO "users" ("email","hashed_password","inserted_at","updated_at") VALUES ($1,$2,$3,$4) RETURNING "id" ["test18564@example.com", "dummy_hash", ~U[2025-08-29 19:17:08Z], ~U[2025-08-29 19:17:08Z]]
13:17:08.725 [debug] QUERY OK source="customers" db=0.1ms
INSERT INTO "customers" ("active","name","metadata","plan","api_key","email","user_id","monthly_limit","current_usage","inserted_at","updated_at") VALUES ($1,$2,$3,$4,$5,$6,$7,$8,$9,$10,$11) RETURNING "id" [true, "Test Customer 18564", %{}, "standard", "test_api_key_18564", "test18564@example.com", 18208, 100, 0, ~N[2025-08-29 19:17:08], ~N[2025-08-29 19:17:08]]
13:17:08.725 [debug] QUERY OK source="forge_accounts" db=0.0ms
INSERT INTO "forge_accounts" ("metadata","namespace","customer_id","forge_type","verified_at","inserted_at","updated_at") VALUES ($1,$2,$3,$4,$5,$6,$7) RETURNING "id" [%{}, "test-org-18564", 17663, :github, ~U[2025-08-29 19:17:08.725702Z], ~U[2025-08-29 19:17:08.725709Z], ~U[2025-08-29 19:17:08.725709Z]]
13:17:08.726 [debug] QUERY OK source="cached_validations" db=0.1ms
INSERT INTO "cached_validations" ("reason","cache_key","repository","confidence","forge_account_id","locations","vulnerability_type","file_hashes","is_false_positive","ttl_expires_at","cached_at","inserted_at","updated_at") VALUES ($1,$2,$3,$4,$5,$6,$7,$8,$9,$10,$11,$12,$13) ON CONFLICT ("cache_key") DO UPDATE SET "updated_at" = EXCLUDED."updated_at","inserted_at" = EXCLUDED."inserted_at","forge_account_id" = EXCLUDED."forge_account_id","invalidation_reason" = EXCLUDED."invalidation_reason","invalidated_at" = EXCLUDED."invalidated_at","ttl_expires_at" = EXCLUDED."ttl_expires_at","cached_at" = EXCLUDED."cached_at","full_result" = EXCLUDED."full_result","reason" = EXCLUDED."reason","confidence" = EXCLUDED."confidence","is_false_positive" = EXCLUDED."is_false_positive","file_hashes" = EXCLUDED."file_hashes","locations" = EXCLUDED."locations","vulnerability_type" = EXCLUDED."vulnerability_type","repository" = EXCLUDED."repository","cache_key" = EXCLUDED."cache_key" RETURNING "id","updated_at","inserted_at","forge_account_id","invalidation_reason","invalidated_at","ttl_expires_at","cached_at","full_result","reason","confidence","is_false_positive","file_hashes","locations","vulnerability_type","repository","cache_key" ["No user input flow detected", "15814/RSOLV-dev/nodegoat/[app.js:42]:sql-injection", "RSOLV-dev/nodegoat", Decimal.new("0.95"), 15814, [%{line: 42, file_path: "app.js"}], "sql-injection", %{"app.js" => "sha256:abc123"}, true, ~U[2025-11-27 19:17:08.725858Z], ~U[2025-08-29 19:17:08.725858Z], ~U[2025-08-29 19:17:08.725899Z], ~U[2025-08-29 19:17:08.725899Z]]
13:17:08.726 [debug] Cached validation stored
13:17:08.726 [debug] QUERY OK source="cached_validations" db=0.1ms
SELECT c0."id", c0."cache_key", c0."repository", c0."vulnerability_type", c0."locations", c0."file_hashes", c0."is_false_positive", c0."confidence", c0."reason", c0."full_result", c0."cached_at", c0."ttl_expires_at", c0."invalidated_at", c0."invalidation_reason", c0."forge_account_id", c0."inserted_at", c0."updated_at" FROM "cached_validations" AS c0 WHERE (c0."cache_key" = $1) AND (c0."invalidated_at" IS NULL) ["15815/RSOLV-dev/nodegoat/[app.js:42]:sql-injection"]
13:17:08.726 [debug] Cache miss
.13:17:08.726 [debug] QUERY OK source="users" db=0.0ms
INSERT INTO "users" ("email","hashed_password","inserted_at","updated_at") VALUES ($1,$2,$3,$4) RETURNING "id" ["test1174@example.com", "dummy_hash", ~U[2025-08-29 19:17:08Z], ~U[2025-08-29 19:17:08Z]]
13:17:08.726 [debug] QUERY OK source="customers" db=0.1ms
INSERT INTO "customers" ("active","name","metadata","plan","api_key","email","user_id","monthly_limit","current_usage","inserted_at","updated_at") VALUES ($1,$2,$3,$4,$5,$6,$7,$8,$9,$10,$11) RETURNING "id" [true, "Test Customer 1174", %{}, "standard", "test_api_key_1174", "test1174@example.com", 18209, 100, 0, ~N[2025-08-29 19:17:08], ~N[2025-08-29 19:17:08]]
13:17:08.726 [debug] QUERY OK source="forge_accounts" db=0.0ms
INSERT INTO "forge_accounts" ("metadata","namespace","customer_id","forge_type","verified_at","inserted_at","updated_at") VALUES ($1,$2,$3,$4,$5,$6,$7) RETURNING "id" [%{}, "test-org-1174", 17664, :github, ~U[2025-08-29 19:17:08.726757Z], ~U[2025-08-29 19:17:08.726762Z], ~U[2025-08-29 19:17:08.726762Z]]
13:17:08.727 [debug] QUERY OK source="cached_validations" db=0.2ms queue=0.1ms
INSERT INTO "cached_validations" ("reason","cache_key","repository","confidence","forge_account_id","locations","vulnerability_type","file_hashes","is_false_positive","ttl_expires_at","cached_at","inserted_at","updated_at") VALUES ($1,$2,$3,$4,$5,$6,$7,$8,$9,$10,$11,$12,$13) ON CONFLICT ("cache_key") DO UPDATE SET "updated_at" = EXCLUDED."updated_at","inserted_at" = EXCLUDED."inserted_at","forge_account_id" = EXCLUDED."forge_account_id","invalidation_reason" = EXCLUDED."invalidation_reason","invalidated_at" = EXCLUDED."invalidated_at","ttl_expires_at" = EXCLUDED."ttl_expires_at","cached_at" = EXCLUDED."cached_at","full_result" = EXCLUDED."full_result","reason" = EXCLUDED."reason","confidence" = EXCLUDED."confidence","is_false_positive" = EXCLUDED."is_false_positive","file_hashes" = EXCLUDED."file_hashes","locations" = EXCLUDED."locations","vulnerability_type" = EXCLUDED."vulnerability_type","repository" = EXCLUDED."repository","cache_key" = EXCLUDED."cache_key" RETURNING "id","updated_at","inserted_at","forge_account_id","invalidation_reason","invalidated_at","ttl_expires_at","cached_at","full_result","reason","confidence","is_false_positive","file_hashes","locations","vulnerability_type","repository","cache_key" ["No user input flow detected", "15816/RSOLV-dev/nodegoat/[app.js:42]:sql-injection", "RSOLV-dev/nodegoat", Decimal.new("0.95"), 15816, [%{line: 42, file_path: "app.js"}], "sql-injection", %{"app.js" => "sha256:abc123"}, true, ~U[2025-11-27 19:17:08.726878Z], ~U[2025-08-29 19:17:08.726878Z], ~U[2025-08-29 19:17:08.726920Z], ~U[2025-08-29 19:17:08.726920Z]]
13:17:08.727 [debug] Cached validation stored
13:17:08.727 [debug] QUERY OK source="cached_validations" db=0.1ms
SELECT c0."id", c0."cache_key", c0."repository", c0."vulnerability_type", c0."locations", c0."file_hashes", c0."is_false_positive", c0."confidence", c0."reason", c0."full_result", c0."cached_at", c0."ttl_expires_at", c0."invalidated_at", c0."invalidation_reason", c0."forge_account_id", c0."inserted_at", c0."updated_at" FROM "cached_validations" AS c0 WHERE (c0."cache_key" = $1) AND (c0."invalidated_at" IS NULL) ["15816/RSOLV-dev/nodegoat/[app.js:42]:sql-injection"]
13:17:08.727 [debug] Cache hit
.13:17:08.727 [debug] QUERY OK source="users" db=0.0ms
INSERT INTO "users" ("email","hashed_password","inserted_at","updated_at") VALUES ($1,$2,$3,$4) RETURNING "id" ["test1302@example.com", "dummy_hash", ~U[2025-08-29 19:17:08Z], ~U[2025-08-29 19:17:08Z]]
13:17:08.727 [debug] QUERY OK source="customers" db=0.0ms
INSERT INTO "customers" ("active","name","metadata","plan","api_key","email","user_id","monthly_limit","current_usage","inserted_at","updated_at") VALUES ($1,$2,$3,$4,$5,$6,$7,$8,$9,$10,$11) RETURNING "id" [true, "Test Customer 1302", %{}, "standard", "test_api_key_1302", "test1302@example.com", 18210, 100, 0, ~N[2025-08-29 19:17:08], ~N[2025-08-29 19:17:08]]
13:17:08.728 [debug] QUERY OK source="forge_accounts" db=0.0ms
INSERT INTO "forge_accounts" ("metadata","namespace","customer_id","forge_type","verified_at","inserted_at","updated_at") VALUES ($1,$2,$3,$4,$5,$6,$7) RETURNING "id" [%{}, "test-org-1302", 17665, :github, ~U[2025-08-29 19:17:08.727984Z], ~U[2025-08-29 19:17:08.727992Z], ~U[2025-08-29 19:17:08.727992Z]]
13:17:08.728 [debug] QUERY OK source="cached_validations" db=0.1ms
SELECT c0."id", c0."cache_key", c0."repository", c0."vulnerability_type", c0."locations", c0."file_hashes", c0."is_false_positive", c0."confidence", c0."reason", c0."full_result", c0."cached_at", c0."ttl_expires_at", c0."invalidated_at", c0."invalidation_reason", c0."forge_account_id", c0."inserted_at", c0."updated_at" FROM "cached_validations" AS c0 WHERE (c0."cache_key" = $1) AND (c0."invalidated_at" IS NULL) ["15817/nonexistent/repo/[app.js:1]:xss"]
13:17:08.728 [debug] Cache miss
.13:17:08.728 [debug] QUERY OK source="users" db=0.1ms
INSERT INTO "users" ("email","hashed_password","inserted_at","updated_at") VALUES ($1,$2,$3,$4) RETURNING "id" ["test1430@example.com", "dummy_hash", ~U[2025-08-29 19:17:08Z], ~U[2025-08-29 19:17:08Z]]
13:17:08.728 [debug] QUERY OK source="customers" db=0.1ms
INSERT INTO "customers" ("active","name","metadata","plan","api_key","email","user_id","monthly_limit","current_usage","inserted_at","updated_at") VALUES ($1,$2,$3,$4,$5,$6,$7,$8,$9,$10,$11) RETURNING "id" [true, "Test Customer 1430", %{}, "standard", "test_api_key_1430", "test1430@example.com", 18211, 100, 0, ~N[2025-08-29 19:17:08], ~N[2025-08-29 19:17:08]]
13:17:08.728 [debug] QUERY OK source="forge_accounts" db=0.0ms
INSERT INTO "forge_accounts" ("metadata","namespace","customer_id","forge_type","verified_at","inserted_at","updated_at") VALUES ($1,$2,$3,$4,$5,$6,$7) RETURNING "id" [%{}, "test-org-1430", 17666, :github, ~U[2025-08-29 19:17:08.728796Z], ~U[2025-08-29 19:17:08.728803Z], ~U[2025-08-29 19:17:08.728803Z]]
13:17:08.729 [debug] QUERY OK source="cached_validations" db=0.1ms
INSERT INTO "cached_validations" ("reason","cache_key","repository","confidence","forge_account_id","locations","vulnerability_type","file_hashes","is_false_positive","ttl_expires_at","cached_at","inserted_at","updated_at") VALUES ($1,$2,$3,$4,$5,$6,$7,$8,$9,$10,$11,$12,$13) ON CONFLICT ("cache_key") DO UPDATE SET "updated_at" = EXCLUDED."updated_at","inserted_at" = EXCLUDED."inserted_at","forge_account_id" = EXCLUDED."forge_account_id","invalidation_reason" = EXCLUDED."invalidation_reason","invalidated_at" = EXCLUDED."invalidated_at","ttl_expires_at" = EXCLUDED."ttl_expires_at","cached_at" = EXCLUDED."cached_at","full_result" = EXCLUDED."full_result","reason" = EXCLUDED."reason","confidence" = EXCLUDED."confidence","is_false_positive" = EXCLUDED."is_false_positive","file_hashes" = EXCLUDED."file_hashes","locations" = EXCLUDED."locations","vulnerability_type" = EXCLUDED."vulnerability_type","repository" = EXCLUDED."repository","cache_key" = EXCLUDED."cache_key" RETURNING "id","updated_at","inserted_at","forge_account_id","invalidation_reason","invalidated_at","ttl_expires_at","cached_at","full_result","reason","confidence","is_false_positive","file_hashes","locations","vulnerability_type","repository","cache_key" ["No user input flow detected", "15818/RSOLV-dev/nodegoat/[app.js:42]:sql-injection", "RSOLV-dev/nodegoat", Decimal.new("0.95"), 15818, [%{line: 42, file_path: "app.js"}], "sql-injection", %{"app.js" => "sha256:abc123"}, true, ~U[2025-11-27 19:17:08.728930Z], ~U[2025-08-29 19:17:08.728930Z], ~U[2025-08-29 19:17:08.728964Z], ~U[2025-08-29 19:17:08.728964Z]]
13:17:08.729 [debug] Cached validation stored
13:17:08.729 [debug] QUERY OK source="cached_validations" db=0.1ms
SELECT c0."id", c0."cache_key", c0."repository", c0."vulnerability_type", c0."locations", c0."file_hashes", c0."is_false_positive", c0."confidence", c0."reason", c0."full_result", c0."cached_at", c0."ttl_expires_at", c0."invalidated_at", c0."invalidation_reason", c0."forge_account_id", c0."inserted_at", c0."updated_at" FROM "cached_validations" AS c0 WHERE (c0."cache_key" = $1) AND (c0."invalidated_at" IS NULL) ["15818/RSOLV-dev/nodegoat/[app.js:42]:sql-injection"]
13:17:08.729 [debug] Cache hit
.13:17:08.729 request_id=GGBS7B0qykYnLO4AAD-B [info] POST /api/feedback
13:17:08.729 request_id=GGBS7B0qykYnLO4AAD-B [debug] Processing with RsolvWeb.API.FeedbackController.create/2
  Parameters: %{"email" => "invalid"}
  Pipelines: [:api]
13:17:08.730 request_id=GGBS7B0qykYnLO4AAD-B [info] Received feedback submission
13:17:08.731 request_id=GGBS7B0qykYnLO4AAD-B [info] Sent 422 in 2ms
.13:17:08.732 [debug] QUERY OK source="feedback_entries" db=0.0ms queue=0.1ms
INSERT INTO "feedback_entries" ("message","metadata","source","tags","email","content","inserted_at","updated_at") VALUES ($1,$2,$3,$4,$5,$6,$7,$8) RETURNING "id" ["Feedback 1", %{}, "test", [], "user1@example.com", %{}, ~N[2025-08-29 19:17:08], ~N[2025-08-29 19:17:08]]
13:17:08.732 [debug] QUERY OK source="feedback_entries" db=0.0ms
INSERT INTO "feedback_entries" ("message","metadata","source","tags","email","content","inserted_at","updated_at") VALUES ($1,$2,$3,$4,$5,$6,$7,$8) RETURNING "id" ["Feedback 2", %{}, "test", [], "user2@example.com", %{}, ~N[2025-08-29 19:17:08], ~N[2025-08-29 19:17:08]]
13:17:08.732 request_id=GGBS7B1Tr3Fk0i4AAEkD [info] GET /api/feedback
13:17:08.732 request_id=GGBS7B1Tr3Fk0i4AAEkD [debug] Processing with RsolvWeb.API.FeedbackController.index/2
  Parameters: %{}
  Pipelines: [:api]
13:17:08.732 request_id=GGBS7B1Tr3Fk0i4AAEkD [debug] QUERY OK source="feedback_entries" db=0.0ms
SELECT f0."id", f0."email", f0."message", f0."rating", f0."tags", f0."source", f0."content", f0."metadata", f0."inserted_at", f0."updated_at" FROM "feedback_entries" AS f0 []
13:17:08.733 request_id=GGBS7B1Tr3Fk0i4AAEkD [info] Sent 200 in 903µs
.13:17:08.733 request_id=GGBS7B1m8luoncsAABKY [info] POST /api/feedback
13:17:08.733 request_id=GGBS7B1m8luoncsAABKY [debug] Processing with RsolvWeb.API.FeedbackController.create/2
  Parameters: %{"email" => "test@example.com", "message" => "Great product!", "rating" => 5, "tags" => ["ui", "performance"]}
  Pipelines: [:api]
13:17:08.733 request_id=GGBS7B1m8luoncsAABKY [info] Received feedback submission
13:17:08.733 request_id=GGBS7B1m8luoncsAABKY [debug] QUERY OK source="feedback_entries" db=0.0ms
INSERT INTO "feedback_entries" ("message","metadata","source","tags","email","content","rating","inserted_at","updated_at") VALUES ($1,$2,$3,$4,$5,$6,$7,$8,$9) RETURNING "id" ["Great product!", %{}, "api", ["ui", "performance"], "test@example.com", %{}, 5, ~N[2025-08-29 19:17:08], ~N[2025-08-29 19:17:08]]
13:17:08.733 request_id=GGBS7B1m8luoncsAABKY [info] Sent 201 in 246µs
.13:17:08.733 request_id=GGBS7B1tPj5kaCEAAEAB [info] GET /api/feedback/999999
13:17:08.734 request_id=GGBS7B1tPj5kaCEAAEAB [debug] Processing with RsolvWeb.API.FeedbackController.show/2
  Parameters: %{"id" => "999999"}
  Pipelines: [:api]
13:17:08.734 request_id=GGBS7B1tPj5kaCEAAEAB [debug] QUERY OK source="feedback_entries" db=0.1ms
SELECT f0."id", f0."email", f0."message", f0."rating", f0."tags", f0."source", f0."content", f0."metadata", f0."inserted_at", f0."updated_at" FROM "feedback_entries" AS f0 WHERE (f0."id" = $1) [999999]
13:17:08.736 request_id=GGBS7B1tPj5kaCEAAEAB [info] Sent 404 in 2ms
.13:17:08.736 [debug] QUERY OK source="feedback_entries" db=0.1ms queue=0.1ms
INSERT INTO "feedback_entries" ("metadata","source","tags","email","content","rating","inserted_at","updated_at") VALUES ($1,$2,$3,$4,$5,$6,$7,$8) RETURNING "id" [%{}, "test", [], "user1@example.com", %{}, 5, ~N[2025-08-29 19:17:08], ~N[2025-08-29 19:17:08]]
13:17:08.737 [debug] QUERY OK source="feedback_entries" db=0.0ms
INSERT INTO "feedback_entries" ("metadata","source","tags","email","content","rating","inserted_at","updated_at") VALUES ($1,$2,$3,$4,$5,$6,$7,$8) RETURNING "id" [%{}, "test", [], "user2@example.com", %{}, 4, ~N[2025-08-29 19:17:08], ~N[2025-08-29 19:17:08]]
13:17:08.737 [debug] QUERY OK source="feedback_entries" db=0.0ms
INSERT INTO "feedback_entries" ("metadata","source","tags","email","content","rating","inserted_at","updated_at") VALUES ($1,$2,$3,$4,$5,$6,$7,$8) RETURNING "id" [%{}, "test", [], "user3@example.com", %{}, 5, ~N[2025-08-29 19:17:08], ~N[2025-08-29 19:17:08]]
13:17:08.737 request_id=GGBS7B2e5WFnE9oAAEmD [info] GET /api/feedback/stats
13:17:08.737 request_id=GGBS7B2e5WFnE9oAAEmD [debug] Processing with RsolvWeb.API.FeedbackController.stats/2
  Parameters: %{}
  Pipelines: [:api]
13:17:08.737 request_id=GGBS7B2e5WFnE9oAAEmD [debug] QUERY OK source="feedback_entries" db=0.0ms
SELECT count(f0."id") FROM "feedback_entries" AS f0 []
13:17:08.737 request_id=GGBS7B2e5WFnE9oAAEmD [debug] QUERY OK source="feedback_entries" db=0.1ms
SELECT f0."id", f0."email", f0."message", f0."rating", f0."tags", f0."source", f0."content", f0."metadata", f0."inserted_at", f0."updated_at" FROM "feedback_entries" AS f0 ORDER BY f0."inserted_at" DESC LIMIT $1 [10]
13:17:08.737 request_id=GGBS7B2e5WFnE9oAAEmD [debug] QUERY OK source="feedback_entries" db=0.0ms
SELECT f0."id", f0."email", f0."message", f0."rating", f0."tags", f0."source", f0."content", f0."metadata", f0."inserted_at", f0."updated_at" FROM "feedback_entries" AS f0 []
13:17:08.738 request_id=GGBS7B2e5WFnE9oAAEmD [info] Sent 200 in 1ms
.13:17:08.739 request_id=GGBS7B28wltg_c4AAECB [info] POST /api/feedback
13:17:08.739 request_id=GGBS7B28wltg_c4AAECB [debug] Processing with RsolvWeb.API.FeedbackController.create/2
  Parameters: %{"content" => "Content field test", "email" => "test@example.com", "rating" => 5, "tags" => ["ui", "performance"]}
  Pipelines: [:api]
13:17:08.739 request_id=GGBS7B28wltg_c4AAECB [info] Received feedback submission
13:17:08.739 request_id=GGBS7B28wltg_c4AAECB [debug] QUERY OK source="feedback_entries" db=0.0ms
INSERT INTO "feedback_entries" ("message","metadata","source","tags","email","content","rating","inserted_at","updated_at") VALUES ($1,$2,$3,$4,$5,$6,$7,$8,$9) RETURNING "id" ["Content field test", %{}, "api", ["ui", "performance"], "test@example.com", %{}, 5, ~N[2025-08-29 19:17:08], ~N[2025-08-29 19:17:08]]
13:17:08.739 request_id=GGBS7B28wltg_c4AAECB [info] Sent 201 in 381µs
.13:17:08.739 [debug] QUERY OK source="feedback_entries" db=0.0ms
INSERT INTO "feedback_entries" ("message","metadata","source","tags","email","content","inserted_at","updated_at") VALUES ($1,$2,$3,$4,$5,$6,$7,$8) RETURNING "id" ["Test feedback", %{}, "test", [], "test@example.com", %{}, ~N[2025-08-29 19:17:08], ~N[2025-08-29 19:17:08]]
13:17:08.741 request_id=GGBS7B3e-iqf2kAAAEEB [info] GET /api/feedback/3838
13:17:08.741 request_id=GGBS7B3e-iqf2kAAAEEB [debug] Processing with RsolvWeb.API.FeedbackController.show/2
  Parameters: %{"id" => "3838"}
  Pipelines: [:api]
13:17:08.741 request_id=GGBS7B3e-iqf2kAAAEEB [debug] QUERY OK source="feedback_entries" db=0.2ms
SELECT f0."id", f0."email", f0."message", f0."rating", f0."tags", f0."source", f0."content", f0."metadata", f0."inserted_at", f0."updated_at" FROM "feedback_entries" AS f0 WHERE (f0."id" = $1) [3838]
13:17:08.741 request_id=GGBS7B3e-iqf2kAAAEEB [info] Sent 200 in 398µs
.13:17:08.878 [debug] QUERY OK source="users" db=0.3ms
INSERT INTO "users" ("email","hashed_password","inserted_at","updated_at") VALUES ($1,$2,$3,$4) RETURNING "id" ["test@example.com", "$2b$12$n2zqDPeAvjCbH50J/tXiUOCMqkaA8ZiwHROFVHRH4ODVgVk54jhPi", ~U[2025-08-29 19:17:08Z], ~U[2025-08-29 19:17:08Z]]
13:17:08.879 [debug] QUERY OK source="customers" db=0.1ms
INSERT INTO "customers" ("active","name","metadata","plan","api_key","email","user_id","monthly_limit","current_usage","inserted_at","updated_at") VALUES ($1,$2,$3,$4,$5,$6,$7,$8,$9,$10,$11) RETURNING "id" [true, "Test Corp", %{}, "trial", "rsolv_gQdKxTr_8TQqCpboQRjkgKoXoMw0CZGH3zj4O9PXCT8", "test@example.com", 18212, 100, 0, ~N[2025-08-29 19:17:08], ~N[2025-08-29 19:17:08]]
13:17:08.879 [debug] QUERY OK source="api_keys" db=0.0ms
INSERT INTO "api_keys" ("active","name","permissions","key","customer_id","inserted_at","updated_at") VALUES ($1,$2,$3,$4,$5,$6,$7) RETURNING "id" [true, "Test Key", [], "test_6c7b8f05-4961-4cfe-9b8f-abdc40cf7983", 17667, ~U[2025-08-29 19:17:08Z], ~U[2025-08-29 19:17:08Z]]
13:17:08.879 [debug] QUERY OK source="forge_accounts" db=0.0ms
INSERT INTO "forge_accounts" ("metadata","namespace","customer_id","forge_type","verified_at","inserted_at","updated_at") VALUES ($1,$2,$3,$4,$5,$6,$7) RETURNING "id" [%{}, "RSOLV-dev", 17667, :github, ~U[2025-08-29 19:17:08.879563Z], ~U[2025-08-29 19:17:08.879590Z], ~U[2025-08-29 19:17:08.879590Z]]
13:17:09.017 [debug] QUERY OK source="users" db=0.2ms
INSERT INTO "users" ("email","hashed_password","inserted_at","updated_at") VALUES ($1,$2,$3,$4) RETURNING "id" ["other@example.com", "$2b$12$UNwIXKg3acLwKc8utKyAkOKCs9d/FgyOLHLxs9SHUc3aSZbiOGZVm", ~U[2025-08-29 19:17:09Z], ~U[2025-08-29 19:17:09Z]]
13:17:09.018 [debug] QUERY OK source="customers" db=0.1ms
INSERT INTO "customers" ("active","name","metadata","plan","api_key","email","user_id","monthly_limit","current_usage","inserted_at","updated_at") VALUES ($1,$2,$3,$4,$5,$6,$7,$8,$9,$10,$11) RETURNING "id" [true, "Other Corp", %{}, "trial", "rsolv_pBTMVMfVvRY95GRst7qQ1OTvu-xmNhvL-znDAP88VAM", "other@example.com", 18213, 100, 0, ~N[2025-08-29 19:17:09], ~N[2025-08-29 19:17:09]]
13:17:09.018 [debug] QUERY OK source="forge_accounts" db=0.1ms
INSERT INTO "forge_accounts" ("metadata","namespace","customer_id","forge_type","verified_at","inserted_at","updated_at") VALUES ($1,$2,$3,$4,$5,$6,$7) RETURNING "id" [%{}, "OTHER-org", 17668, :github, ~U[2025-08-29 19:17:09.018032Z], ~U[2025-08-29 19:17:09.018054Z], ~U[2025-08-29 19:17:09.018054Z]]
13:17:09.018 [debug] QUERY OK source="forge_accounts" db=0.0ms
SELECT f0."id", f0."forge_type", f0."namespace", f0."verified_at", f0."metadata", f0."customer_id", f0."inserted_at", f0."updated_at" FROM "forge_accounts" AS f0 WHERE (f0."customer_id" = $1) AND (f0."forge_type" = $2) AND (f0."namespace" = $3) [17667, :github, "OTHER-org"]
.13:17:09.155 [debug] QUERY OK source="users" db=0.1ms
INSERT INTO "users" ("email","hashed_password","inserted_at","updated_at") VALUES ($1,$2,$3,$4) RETURNING "id" ["test@example.com", "$2b$12$YxE4NBAJOT6D.99aEcaf1.cyuIf5mGyDyAtNkN39I9QNEzxz5Tglu", ~U[2025-08-29 19:17:09Z], ~U[2025-08-29 19:17:09Z]]
13:17:09.155 [debug] QUERY OK source="customers" db=0.1ms
INSERT INTO "customers" ("active","name","metadata","plan","api_key","email","user_id","monthly_limit","current_usage","inserted_at","updated_at") VALUES ($1,$2,$3,$4,$5,$6,$7,$8,$9,$10,$11) RETURNING "id" [true, "Test Corp", %{}, "trial", "rsolv_ShsOMHbK2nbiN7QRVrkmWJ9UgsIFO16_GyWV0FkY27Y", "test@example.com", 18214, 100, 0, ~N[2025-08-29 19:17:09], ~N[2025-08-29 19:17:09]]
13:17:09.155 [debug] QUERY OK source="api_keys" db=0.0ms
INSERT INTO "api_keys" ("active","name","permissions","key","customer_id","inserted_at","updated_at") VALUES ($1,$2,$3,$4,$5,$6,$7) RETURNING "id" [true, "Test Key", [], "test_a866c51c-b1ef-4b41-bd34-811d23b1ae2f", 17669, ~U[2025-08-29 19:17:09Z], ~U[2025-08-29 19:17:09Z]]
13:17:09.155 [debug] QUERY OK source="forge_accounts" db=0.0ms
INSERT INTO "forge_accounts" ("metadata","namespace","customer_id","forge_type","verified_at","inserted_at","updated_at") VALUES ($1,$2,$3,$4,$5,$6,$7) RETURNING "id" [%{}, "RSOLV-dev", 17669, :github, ~U[2025-08-29 19:17:09.155758Z], ~U[2025-08-29 19:17:09.155772Z], ~U[2025-08-29 19:17:09.155772Z]]
13:17:09.156 [debug] QUERY OK source="forge_accounts" db=0.2ms
SELECT f0."id", f0."forge_type", f0."namespace", f0."verified_at", f0."metadata", f0."customer_id", f0."inserted_at", f0."updated_at" FROM "forge_accounts" AS f0 WHERE (f0."customer_id" = $1) AND (f0."forge_type" = $2) AND (f0."namespace" = $3) [17669, :github, "RSOLV-dev"]
13:17:09.156 [debug] QUERY OK source="repositories" db=0.2ms
SELECT r0."id", r0."forge_type", r0."namespace", r0."name", r0."full_path", r0."first_seen_at", r0."last_activity_at", r0."metadata", r0."customer_id", r0."inserted_at", r0."updated_at" FROM "repositories" AS r0 WHERE (((r0."forge_type" = $1) AND (r0."namespace" = $2)) AND (r0."name" = $3)) [:github, "RSOLV-dev", "allowed-repo"]
13:17:09.156 [debug] QUERY OK source="repositories" db=0.1ms
INSERT INTO "repositories" ("name","metadata","namespace","customer_id","forge_type","full_path","last_activity_at","first_seen_at","inserted_at","updated_at") VALUES ($1,$2,$3,$4,$5,$6,$7,$8,$9,$10) RETURNING "id" ["allowed-repo", %{}, "RSOLV-dev", 17669, :github, "RSOLV-dev/allowed-repo", ~U[2025-08-29 19:17:09.156462Z], ~U[2025-08-29 19:17:09.156462Z], ~U[2025-08-29 19:17:09.156471Z], ~U[2025-08-29 19:17:09.156471Z]]
.13:17:09.293 [debug] QUERY OK source="users" db=0.1ms
INSERT INTO "users" ("email","hashed_password","inserted_at","updated_at") VALUES ($1,$2,$3,$4) RETURNING "id" ["test@example.com", "$2b$12$aIE0rocquI45oNJWTYMr9eRBmXhSwe3NDZEJ0buFCx3acEpPQ4Omm", ~U[2025-08-29 19:17:09Z], ~U[2025-08-29 19:17:09Z]]
13:17:09.293 [debug] QUERY OK source="customers" db=0.1ms
INSERT INTO "customers" ("active","name","metadata","plan","api_key","email","user_id","monthly_limit","current_usage","inserted_at","updated_at") VALUES ($1,$2,$3,$4,$5,$6,$7,$8,$9,$10,$11) RETURNING "id" [true, "Test Corp", %{}, "trial", "rsolv_F6NOnI8XctUPeBaJDsUzSF-q6dt-ZAr2TvXCo_6GmOk", "test@example.com", 18215, 100, 0, ~N[2025-08-29 19:17:09], ~N[2025-08-29 19:17:09]]
13:17:09.293 [debug] QUERY OK source="api_keys" db=0.1ms
INSERT INTO "api_keys" ("active","name","permissions","key","customer_id","inserted_at","updated_at") VALUES ($1,$2,$3,$4,$5,$6,$7) RETURNING "id" [true, "Test Key", [], "test_644a68bf-fe9f-4a82-b701-7bf536d520d5", 17670, ~U[2025-08-29 19:17:09Z], ~U[2025-08-29 19:17:09Z]]
13:17:09.294 [debug] QUERY OK source="forge_accounts" db=0.1ms
INSERT INTO "forge_accounts" ("metadata","namespace","customer_id","forge_type","verified_at","inserted_at","updated_at") VALUES ($1,$2,$3,$4,$5,$6,$7) RETURNING "id" [%{}, "RSOLV-dev", 17670, :github, ~U[2025-08-29 19:17:09.293995Z], ~U[2025-08-29 19:17:09.294018Z], ~U[2025-08-29 19:17:09.294018Z]]
13:17:09.294 [debug] QUERY OK source="forge_accounts" db=0.1ms
SELECT f0."id", f0."forge_type", f0."namespace", f0."verified_at", f0."metadata", f0."customer_id", f0."inserted_at", f0."updated_at" FROM "forge_accounts" AS f0 WHERE (f0."customer_id" = $1) AND (f0."forge_type" = $2) AND (f0."namespace" = $3) [17670, :github, "RSOLV-dev"]
13:17:09.294 [debug] QUERY OK source="repositories" db=0.0ms
SELECT r0."id", r0."forge_type", r0."namespace", r0."name", r0."full_path", r0."first_seen_at", r0."last_activity_at", r0."metadata", r0."customer_id", r0."inserted_at", r0."updated_at" FROM "repositories" AS r0 WHERE (((r0."forge_type" = $1) AND (r0."namespace" = $2)) AND (r0."name" = $3)) [:github, "RSOLV-dev", "test-repo"]
13:17:09.294 [debug] QUERY OK source="repositories" db=0.1ms
INSERT INTO "repositories" ("name","metadata","namespace","customer_id","forge_type","full_path","last_activity_at","first_seen_at","inserted_at","updated_at") VALUES ($1,$2,$3,$4,$5,$6,$7,$8,$9,$10) RETURNING "id" ["test-repo", %{}, "RSOLV-dev", 17670, :github, "RSOLV-dev/test-repo", ~U[2025-08-29 19:17:09.294467Z], ~U[2025-08-29 19:17:09.294467Z], ~U[2025-08-29 19:17:09.294476Z], ~U[2025-08-29 19:17:09.294476Z]]
.13:17:09.431 [debug] QUERY OK source="users" db=0.1ms
INSERT INTO "users" ("email","hashed_password","inserted_at","updated_at") VALUES ($1,$2,$3,$4) RETURNING "id" ["test@example.com", "$2b$12$xD5xFB.fximvMYdpmLekgOkJ4/jz6vJ01xVeowEWti9qyADVUtnuG", ~U[2025-08-29 19:17:09Z], ~U[2025-08-29 19:17:09Z]]
13:17:09.431 [debug] QUERY OK source="customers" db=0.1ms
INSERT INTO "customers" ("active","name","metadata","plan","api_key","email","user_id","monthly_limit","current_usage","inserted_at","updated_at") VALUES ($1,$2,$3,$4,$5,$6,$7,$8,$9,$10,$11) RETURNING "id" [true, "Test Corp", %{}, "trial", "rsolv_0eipyCRcw6xOGlrf6flF4ay43bLLMZDaae-kum0ooxA", "test@example.com", 18216, 100, 0, ~N[2025-08-29 19:17:09], ~N[2025-08-29 19:17:09]]
13:17:09.431 [debug] QUERY OK source="api_keys" db=0.0ms
INSERT INTO "api_keys" ("active","name","permissions","key","customer_id","inserted_at","updated_at") VALUES ($1,$2,$3,$4,$5,$6,$7) RETURNING "id" [true, "Test Key", [], "test_9eecc3a5-fdec-4218-8ee7-f57591c51766", 17671, ~U[2025-08-29 19:17:09Z], ~U[2025-08-29 19:17:09Z]]
13:17:09.432 [debug] QUERY OK source="forge_accounts" db=0.0ms
INSERT INTO "forge_accounts" ("metadata","namespace","customer_id","forge_type","verified_at","inserted_at","updated_at") VALUES ($1,$2,$3,$4,$5,$6,$7) RETURNING "id" [%{}, "RSOLV-dev", 17671, :github, ~U[2025-08-29 19:17:09.432009Z], ~U[2025-08-29 19:17:09.432028Z], ~U[2025-08-29 19:17:09.432028Z]]
13:17:09.432 [debug] QUERY OK source="forge_accounts" db=0.2ms
SELECT f0."id", f0."forge_type", f0."namespace", f0."verified_at", f0."metadata", f0."customer_id", f0."inserted_at", f0."updated_at" FROM "forge_accounts" AS f0 WHERE (f0."customer_id" = $1) AND (f0."forge_type" = $2) AND (f0."namespace" = $3) [17671, :github, "RSOLV-dev"]
13:17:09.432 [debug] QUERY OK source="repositories" db=0.2ms
SELECT r0."id", r0."forge_type", r0."namespace", r0."name", r0."full_path", r0."first_seen_at", r0."last_activity_at", r0."metadata", r0."customer_id", r0."inserted_at", r0."updated_at" FROM "repositories" AS r0 WHERE (((r0."forge_type" = $1) AND (r0."namespace" = $2)) AND (r0."name" = $3)) [:github, "RSOLV-dev", "activity-test"]
13:17:09.432 [debug] QUERY OK source="repositories" db=0.1ms
INSERT INTO "repositories" ("name","metadata","namespace","customer_id","forge_type","full_path","last_activity_at","first_seen_at","inserted_at","updated_at") VALUES ($1,$2,$3,$4,$5,$6,$7,$8,$9,$10) RETURNING "id" ["activity-test", %{}, "RSOLV-dev", 17671, :github, "RSOLV-dev/activity-test", ~U[2025-08-29 19:17:09.432696Z], ~U[2025-08-29 19:17:09.432696Z], ~U[2025-08-29 19:17:09.432704Z], ~U[2025-08-29 19:17:09.432704Z]]
13:17:09.443 [debug] QUERY OK source="forge_accounts" db=0.0ms
SELECT f0."id", f0."forge_type", f0."namespace", f0."verified_at", f0."metadata", f0."customer_id", f0."inserted_at", f0."updated_at" FROM "forge_accounts" AS f0 WHERE (f0."customer_id" = $1) AND (f0."forge_type" = $2) AND (f0."namespace" = $3) [17671, :github, "RSOLV-dev"]
13:17:09.443 [debug] QUERY OK source="repositories" db=0.0ms
SELECT r0."id", r0."forge_type", r0."namespace", r0."name", r0."full_path", r0."first_seen_at", r0."last_activity_at", r0."metadata", r0."customer_id", r0."inserted_at", r0."updated_at" FROM "repositories" AS r0 WHERE (((r0."forge_type" = $1) AND (r0."namespace" = $2)) AND (r0."name" = $3)) [:github, "RSOLV-dev", "activity-test"]
13:17:09.444 [debug] QUERY OK source="repositories" db=0.0ms
UPDATE "repositories" SET "last_activity_at" = $1, "updated_at" = $2 WHERE "id" = $3 [~U[2025-08-29 19:17:09.443906Z], ~U[2025-08-29 19:17:09.443916Z], 2610]
.13:17:09.580 [debug] QUERY OK source="users" db=0.1ms
INSERT INTO "users" ("email","hashed_password","inserted_at","updated_at") VALUES ($1,$2,$3,$4) RETURNING "id" ["test@example.com", "$2b$12$n1sZGeL45Lzsed32tFXhpu6ewsCl9VVM1k56626xSu8lJ7Zmx0ZYC", ~U[2025-08-29 19:17:09Z], ~U[2025-08-29 19:17:09Z]]
13:17:09.581 [debug] QUERY OK source="customers" db=0.2ms
INSERT INTO "customers" ("active","name","metadata","plan","api_key","email","user_id","monthly_limit","current_usage","inserted_at","updated_at") VALUES ($1,$2,$3,$4,$5,$6,$7,$8,$9,$10,$11) RETURNING "id" [true, "Test Corp", %{}, "trial", "rsolv__Y2MA8Zj0KJTFn0criK7e21BzwL0Xc8J16SftM606T0", "test@example.com", 18217, 100, 0, ~N[2025-08-29 19:17:09], ~N[2025-08-29 19:17:09]]
13:17:09.581 [debug] QUERY OK source="api_keys" db=0.1ms
INSERT INTO "api_keys" ("active","name","permissions","key","customer_id","inserted_at","updated_at") VALUES ($1,$2,$3,$4,$5,$6,$7) RETURNING "id" [true, "Test Key", [], "test_4bb85b19-682d-4236-bcb5-7229870b2df1", 17672, ~U[2025-08-29 19:17:09Z], ~U[2025-08-29 19:17:09Z]]
13:17:09.581 [debug] QUERY OK source="forge_accounts" db=0.0ms
INSERT INTO "forge_accounts" ("metadata","namespace","customer_id","forge_type","verified_at","inserted_at","updated_at") VALUES ($1,$2,$3,$4,$5,$6,$7) RETURNING "id" [%{}, "RSOLV-dev", 17672, :github, ~U[2025-08-29 19:17:09.581305Z], ~U[2025-08-29 19:17:09.581321Z], ~U[2025-08-29 19:17:09.581321Z]]
13:17:09.581 [debug] QUERY OK source="forge_accounts" db=0.0ms
SELECT f0."id", f0."forge_type", f0."namespace", f0."verified_at", f0."metadata", f0."customer_id", f0."inserted_at", f0."updated_at" FROM "forge_accounts" AS f0 WHERE (f0."customer_id" = $1) AND (f0."forge_type" = $2) AND (f0."namespace" = $3) [17672, :github, "RSOLV-dev"]
13:17:09.581 [debug] QUERY OK source="repositories" db=0.1ms
SELECT r0."id", r0."forge_type", r0."namespace", r0."name", r0."full_path", r0."first_seen_at", r0."last_activity_at", r0."metadata", r0."customer_id", r0."inserted_at", r0."updated_at" FROM "repositories" AS r0 WHERE (((r0."forge_type" = $1) AND (r0."namespace" = $2)) AND (r0."name" = $3)) [:github, "RSOLV-dev", "test-repo"]
13:17:09.582 [debug] QUERY OK source="repositories" db=0.2ms
INSERT INTO "repositories" ("name","metadata","namespace","customer_id","forge_type","full_path","last_activity_at","first_seen_at","inserted_at","updated_at") VALUES ($1,$2,$3,$4,$5,$6,$7,$8,$9,$10) RETURNING "id" ["test-repo", %{}, "RSOLV-dev", 17672, :github, "RSOLV-dev/test-repo", ~U[2025-08-29 19:17:09.581823Z], ~U[2025-08-29 19:17:09.581823Z], ~U[2025-08-29 19:17:09.581844Z], ~U[2025-08-29 19:17:09.581844Z]]
13:17:09.582 [debug] QUERY OK source="forge_accounts" db=0.1ms
SELECT f0."id", f0."forge_type", f0."namespace", f0."verified_at", f0."metadata", f0."customer_id", f0."inserted_at", f0."updated_at" FROM "forge_accounts" AS f0 WHERE (f0."customer_id" = $1) AND (f0."forge_type" = $2) AND (f0."namespace" = $3) [17672, :github, "RSOLV-dev"]
13:17:09.582 [debug] QUERY OK source="repositories" db=0.1ms
SELECT r0."id", r0."forge_type", r0."namespace", r0."name", r0."full_path", r0."first_seen_at", r0."last_activity_at", r0."metadata", r0."customer_id", r0."inserted_at", r0."updated_at" FROM "repositories" AS r0 WHERE (((r0."forge_type" = $1) AND (r0."namespace" = $2)) AND (r0."name" = $3)) [:github, "RSOLV-dev", "test-repo"]
13:17:09.583 [debug] QUERY OK source="repositories" db=0.2ms queue=0.1ms
UPDATE "repositories" SET "last_activity_at" = $1, "updated_at" = $2 WHERE "id" = $3 [~U[2025-08-29 19:17:09.582646Z], ~U[2025-08-29 19:17:09.582657Z], 2611]
.13:17:09.719 [debug] QUERY OK source="users" db=0.2ms
INSERT INTO "users" ("email","hashed_password","inserted_at","updated_at") VALUES ($1,$2,$3,$4) RETURNING "id" ["test@example.com", "$2b$12$qRJAJHoAed3uuq040IaNzeYqrFbSUHiqrqbNsO0qJ9Q29U/BQDqQS", ~U[2025-08-29 19:17:09Z], ~U[2025-08-29 19:17:09Z]]
13:17:09.720 [debug] QUERY OK source="customers" db=0.3ms
INSERT INTO "customers" ("active","name","metadata","plan","api_key","email","user_id","monthly_limit","current_usage","inserted_at","updated_at") VALUES ($1,$2,$3,$4,$5,$6,$7,$8,$9,$10,$11) RETURNING "id" [true, "Test Corp", %{}, "trial", "rsolv_2-bFekraFyOo1Z2fHoE50Grhq4Cfl_Q4Thq6m7LF9js", "test@example.com", 18218, 100, 0, ~N[2025-08-29 19:17:09], ~N[2025-08-29 19:17:09]]
13:17:09.720 [debug] QUERY OK source="api_keys" db=0.2ms
INSERT INTO "api_keys" ("active","name","permissions","key","customer_id","inserted_at","updated_at") VALUES ($1,$2,$3,$4,$5,$6,$7) RETURNING "id" [true, "Test Key", [], "test_7b6d059a-8856-4b5f-8555-814c81d45af1", 17673, ~U[2025-08-29 19:17:09Z], ~U[2025-08-29 19:17:09Z]]
13:17:09.720 [debug] QUERY OK source="forge_accounts" db=0.1ms
INSERT INTO "forge_accounts" ("metadata","namespace","customer_id","forge_type","verified_at","inserted_at","updated_at") VALUES ($1,$2,$3,$4,$5,$6,$7) RETURNING "id" [%{}, "RSOLV-dev", 17673, :github, ~U[2025-08-29 19:17:09.720635Z], ~U[2025-08-29 19:17:09.720648Z], ~U[2025-08-29 19:17:09.720648Z]]
13:17:09.721 [debug] QUERY OK source="forge_accounts" db=0.1ms queue=0.1ms
INSERT INTO "forge_accounts" ("metadata","namespace","customer_id","forge_type","inserted_at","updated_at") VALUES ($1,$2,$3,$4,$5,$6) RETURNING "id" [%{}, "unverified-org", 17673, :github, ~U[2025-08-29 19:17:09.720877Z], ~U[2025-08-29 19:17:09.720877Z]]
13:17:09.721 [debug] QUERY OK source="forge_accounts" db=0.1ms
SELECT f0."id", f0."forge_type", f0."namespace", f0."verified_at", f0."metadata", f0."customer_id", f0."inserted_at", f0."updated_at" FROM "forge_accounts" AS f0 WHERE (f0."customer_id" = $1) AND (f0."forge_type" = $2) AND (f0."namespace" = $3) [17673, :github, "unverified-org"]
.........................

  8) test NoSQL Injection Detection recognizes safe NoSQL queries (RsolvWeb.Api.V1.SafePatternDetectorTest)
     test/rsolv_web/controllers/api/v1/safe_pattern_detector_test.exs:188
     Should recognize safe NoSQL: collection.find({'username': username})
     code: for {code, language} <- safe_patterns do
     stacktrace:
       test/rsolv_web/controllers/api/v1/safe_pattern_detector_test.exs:197: anonymous fn/2 in RsolvWeb.Api.V1.SafePatternDetectorTest."test NoSQL Injection Detection recognizes safe NoSQL queries"/1
       (elixir 1.18.4) lib/enum.ex:2546: Enum."-reduce/3-lists^foldl/2-0-"/3
       test/rsolv_web/controllers/api/v1/safe_pattern_detector_test.exs:196: (test)



  9) test Path Traversal Detection recognizes safe path operations (RsolvWeb.Api.V1.SafePatternDetectorTest)
     test/rsolv_web/controllers/api/v1/safe_pattern_detector_test.exs:154
     Should recognize safe path handling: pathlib.Path(user_path).resolve()
     code: for {code, language} <- safe_patterns do
     stacktrace:
       test/rsolv_web/controllers/api/v1/safe_pattern_detector_test.exs:167: anonymous fn/2 in RsolvWeb.Api.V1.SafePatternDetectorTest."test Path Traversal Detection recognizes safe path operations"/1
       (elixir 1.18.4) lib/enum.ex:2546: Enum."-reduce/3-lists^foldl/2-0-"/3
       test/rsolv_web/controllers/api/v1/safe_pattern_detector_test.exs:166: (test)



 10) test Timing Attack Detection recognizes safe constant comparisons (RsolvWeb.Api.V1.SafePatternDetectorTest)
     test/rsolv_web/controllers/api/v1/safe_pattern_detector_test.exs:255
     Should recognize safe comparison: status === 200
     code: for {code, language} <- safe_patterns do
     stacktrace:
       test/rsolv_web/controllers/api/v1/safe_pattern_detector_test.exs:266: anonymous fn/2 in RsolvWeb.Api.V1.SafePatternDetectorTest."test Timing Attack Detection recognizes safe constant comparisons"/1
       (elixir 1.18.4) lib/enum.ex:2546: Enum."-reduce/3-lists^foldl/2-0-"/3
       test/rsolv_web/controllers/api/v1/safe_pattern_detector_test.exs:265: (test)

..

 11) test Edge Cases and Complex Patterns handles mixed safe and unsafe patterns correctly (RsolvWeb.Api.V1.SafePatternDetectorTest)
     test/rsolv_web/controllers/api/v1/safe_pattern_detector_test.exs:273
     Expected false or nil, got true
     code: refute SafePatternDetector.is_safe_pattern?(:sql_injection, code, %{language: "javascript"})
     arguments:

         # 1
         :sql_injection

         # 2
         "db.query('SELECT * FROM users WHERE id = ?', [userId]) && password === userPassword"

         # 3
         %{language: "javascript"}

     stacktrace:
       test/rsolv_web/controllers/api/v1/safe_pattern_detector_test.exs:276: (test)



 12) test SSRF Detection recognizes safe URL operations (RsolvWeb.Api.V1.SafePatternDetectorTest)
     test/rsolv_web/controllers/api/v1/safe_pattern_detector_test.exs:222
     Should recognize safe URL fetching: request.get('http://localhost:3000/health')
     code: for {code, language} <- safe_patterns do
     stacktrace:
       test/rsolv_web/controllers/api/v1/safe_pattern_detector_test.exs:232: anonymous fn/2 in RsolvWeb.Api.V1.SafePatternDetectorTest."test SSRF Detection recognizes safe URL operations"/1
       (elixir 1.18.4) lib/enum.ex:2546: Enum."-reduce/3-lists^foldl/2-0-"/3
       test/rsolv_web/controllers/api/v1/safe_pattern_detector_test.exs:231: (test)

.

 13) test SQL Injection Detection detects unsafe string concatenation with user input (RsolvWeb.Api.V1.SafePatternDetectorTest)
     test/rsolv_web/controllers/api/v1/safe_pattern_detector_test.exs:6
     Should detect unsafe SQL: cursor.execute("SELECT * FROM users WHERE name = '%s'" % name)
     code: for {code, language} <- unsafe_patterns do
     stacktrace:
       test/rsolv_web/controllers/api/v1/safe_pattern_detector_test.exs:21: anonymous fn/2 in RsolvWeb.Api.V1.SafePatternDetectorTest."test SQL Injection Detection detects unsafe string concatenation with user input"/1
       (elixir 1.18.4) lib/enum.ex:2546: Enum."-reduce/3-lists^foldl/2-0-"/3
       test/rsolv_web/controllers/api/v1/safe_pattern_detector_test.exs:20: (test)

.

 14) test Edge Cases and Complex Patterns handles framework-specific patterns (RsolvWeb.Api.V1.SafePatternDetectorTest)
     test/rsolv_web/controllers/api/v1/safe_pattern_detector_test.exs:283
     Expected truthy, got false
     code: assert SafePatternDetector.is_safe_pattern?(
             :sql_injection,
             "User.objects.filter(email=request.POST['email'])",
             %{language: "python"}
           )
     stacktrace:
       test/rsolv_web/controllers/api/v1/safe_pattern_detector_test.exs:292: (test)

....

 15) test Command Injection Detection recognizes safe command execution (RsolvWeb.Api.V1.SafePatternDetectorTest)
     test/rsolv_web/controllers/api/v1/safe_pattern_detector_test.exs:117
     Should recognize safe command: subprocess.run(['ls', '-la', user_dir], check=True)
     code: for {code, language} <- safe_patterns do
     stacktrace:
       test/rsolv_web/controllers/api/v1/safe_pattern_detector_test.exs:129: anonymous fn/2 in RsolvWeb.Api.V1.SafePatternDetectorTest."test Command Injection Detection recognizes safe command execution"/1
       (elixir 1.18.4) lib/enum.ex:2546: Enum."-reduce/3-lists^foldl/2-0-"/3
       test/rsolv_web/controllers/api/v1/safe_pattern_detector_test.exs:128: (test)



 16) test Path Traversal Detection detects unsafe path operations (RsolvWeb.Api.V1.SafePatternDetectorTest)
     test/rsolv_web/controllers/api/v1/safe_pattern_detector_test.exs:136
     Should detect unsafe path traversal: os.path.join('/var/www', user_path)
     code: for {code, language} <- unsafe_patterns do
     stacktrace:
       test/rsolv_web/controllers/api/v1/safe_pattern_detector_test.exs:149: anonymous fn/2 in RsolvWeb.Api.V1.SafePatternDetectorTest."test Path Traversal Detection detects unsafe path operations"/1
       (elixir 1.18.4) lib/enum.ex:2546: Enum."-reduce/3-lists^foldl/2-0-"/3
       test/rsolv_web/controllers/api/v1/safe_pattern_detector_test.exs:148: (test)



 17) test NoSQL Injection Detection detects unsafe NoSQL queries (RsolvWeb.Api.V1.SafePatternDetectorTest)
     test/rsolv_web/controllers/api/v1/safe_pattern_detector_test.exs:174
     Should detect unsafe NoSQL: collection.find({username: req.body.username})
     code: for {code, language} <- unsafe_patterns do
     stacktrace:
       test/rsolv_web/controllers/api/v1/safe_pattern_detector_test.exs:183: anonymous fn/2 in RsolvWeb.Api.V1.SafePatternDetectorTest."test NoSQL Injection Detection detects unsafe NoSQL queries"/1
       (elixir 1.18.4) lib/enum.ex:2546: Enum."-reduce/3-lists^foldl/2-0-"/3
       test/rsolv_web/controllers/api/v1/safe_pattern_detector_test.exs:182: (test)

.

 18) test XSS Detection recognizes safe text content methods (RsolvWeb.Api.V1.SafePatternDetectorTest)
     test/rsolv_web/controllers/api/v1/safe_pattern_detector_test.exs:80
     Should recognize safe XSS prevention: document.createTextNode(userInput)
     code: for {code, language} <- safe_patterns do
     stacktrace:
       test/rsolv_web/controllers/api/v1/safe_pattern_detector_test.exs:92: anonymous fn/2 in RsolvWeb.Api.V1.SafePatternDetectorTest."test XSS Detection recognizes safe text content methods"/1
       (elixir 1.18.4) lib/enum.ex:2546: Enum."-reduce/3-lists^foldl/2-0-"/3
       test/rsolv_web/controllers/api/v1/safe_pattern_detector_test.exs:91: (test)

...............................13:17:14.188 [debug] QUERY OK source="fun_with_flags_toggles" db=0.1ms
INSERT INTO "fun_with_flags_toggles" AS f0 ("enabled","target","flag_name","gate_type") VALUES ($1,$2,$3,$4) ON CONFLICT ("flag_name","gate_type","target") DO UPDATE SET "enabled" = $5 RETURNING "id" [true, "_fwf_none", "admin_dashboard", "boolean", true]
13:17:14.188 [debug] QUERY OK source="fun_with_flags_toggles" db=0.1ms
SELECT f0."id", f0."flag_name", f0."gate_type", f0."target", f0."enabled" FROM "fun_with_flags_toggles" AS f0 WHERE (f0."flag_name" = $1) ["admin_dashboard"]
13:17:14.188 [debug] Telemetry event: [:fun_with_flags, :persistence, :write], metadata: %{flag_name: :admin_dashboard, gate: %FunWithFlags.Gate{type: :boolean, for: nil, enabled: true}}, measurements: %{system_time: 1756495034188975871}
13:17:14.189 [debug] QUERY OK source="fun_with_flags_toggles" db=0.0ms
SELECT f0."id", f0."flag_name", f0."gate_type", f0."target", f0."enabled" FROM "fun_with_flags_toggles" AS f0 WHERE (f0."flag_name" = $1) ["admin_dashboard"]
13:17:14.189 [debug] Telemetry event: [:fun_with_flags, :persistence, :read], metadata: %{flag_name: :admin_dashboard, gate: nil}, measurements: %{system_time: 1756495034189088491}
13:17:14.189 [debug] QUERY OK source="fun_with_flags_toggles" db=0.0ms
INSERT INTO "fun_with_flags_toggles" AS f0 ("enabled","target","flag_name","gate_type") VALUES ($1,$2,$3,$4) ON CONFLICT ("flag_name","gate_type","target") DO UPDATE SET "enabled" = $5 RETURNING "id" [false, "_fwf_none", "admin_dashboard", "boolean", false]
13:17:14.189 [debug] QUERY OK source="fun_with_flags_toggles" db=0.0ms
SELECT f0."id", f0."flag_name", f0."gate_type", f0."target", f0."enabled" FROM "fun_with_flags_toggles" AS f0 WHERE (f0."flag_name" = $1) ["admin_dashboard"]
13:17:14.189 [debug] Telemetry event: [:fun_with_flags, :persistence, :write], metadata: %{flag_name: :admin_dashboard, gate: %FunWithFlags.Gate{type: :boolean, for: nil, enabled: false}}, measurements: %{system_time: 1756495034189264189}
....13:17:14.190 [debug] QUERY OK source="fun_with_flags_toggles" db=0.2ms
INSERT INTO "fun_with_flags_toggles" AS f0 ("enabled","target","flag_name","gate_type") VALUES ($1,$2,$3,$4) ON CONFLICT ("flag_name","gate_type","target") DO UPDATE SET "enabled" = $5 RETURNING "id" [false, "_fwf_none", "core_features", "boolean", false]
13:17:14.190 [debug] QUERY OK source="fun_with_flags_toggles" db=0.0ms
SELECT f0."id", f0."flag_name", f0."gate_type", f0."target", f0."enabled" FROM "fun_with_flags_toggles" AS f0 WHERE (f0."flag_name" = $1) ["core_features"]
13:17:14.190 [debug] Telemetry event: [:fun_with_flags, :persistence, :write], metadata: %{flag_name: :core_features, gate: %FunWithFlags.Gate{type: :boolean, for: nil, enabled: false}}, measurements: %{system_time: 1756495034190752893}
13:17:14.190 [debug] QUERY OK source="fun_with_flags_toggles" db=0.0ms
SELECT f0."id", f0."flag_name", f0."gate_type", f0."target", f0."enabled" FROM "fun_with_flags_toggles" AS f0 WHERE (f0."flag_name" = $1) ["core_features"]
13:17:14.190 [debug] Telemetry event: [:fun_with_flags, :persistence, :read], metadata: %{flag_name: :core_features, gate: nil}, measurements: %{system_time: 1756495034190876206}
.13:17:14.250 request_id=GGBS7WY1jGU7IUYAACQM [info] GET /contact
13:17:14.250 request_id=GGBS7WY1jGU7IUYAACQM [debug] Processing with RsolvWeb.ContactLive.index/2
  Parameters: %{}
  Pipelines: [:browser]
13:17:14.254 request_id=GGBS7WY1jGU7IUYAACQM [debug] QUERY OK source="fun_with_flags_toggles" db=0.1ms
SELECT f0."id", f0."flag_name", f0."gate_type", f0."target", f0."enabled" FROM "fun_with_flags_toggles" AS f0 WHERE (f0."flag_name" = $1) ["blog"]
13:17:14.254 request_id=GGBS7WY1jGU7IUYAACQM [debug] Telemetry event: [:fun_with_flags, :persistence, :read], metadata: %{flag_name: :blog, gate: nil}, measurements: %{system_time: 1756495034254808086}
13:17:14.254 request_id=GGBS7WY1jGU7IUYAACQM [info] Sent 200 in 4ms
13:17:14.255 [debug] MOUNT RsolvWeb.ContactLive
  Parameters: %{}
  Session: %{"_csrf_token" => "e6GY6fpN2oOjUDTonMwbiKZL"}
13:17:14.255 [debug] Replied in 49µs
13:17:14.255 [debug] QUERY OK source="fun_with_flags_toggles" db=0.0ms
SELECT f0."id", f0."flag_name", f0."gate_type", f0."target", f0."enabled" FROM "fun_with_flags_toggles" AS f0 WHERE (f0."flag_name" = $1) ["blog"]
13:17:14.255 [debug] Telemetry event: [:fun_with_flags, :persistence, :read], metadata: %{flag_name: :blog, gate: nil}, measurements: %{system_time: 1756495034255869164}
13:17:14.257 [debug] HANDLE EVENT "submit" in RsolvWeb.ContactLive
  Parameters: %{"company" => "Acme Inc", "email" => "john@example.com", "message" => "I'm interested in enterprise features", "name" => "John Doe", "team_size" => "11-50"}
13:17:14.257 [info] Contact form submission sent
13:17:14.257 [debug] Replied in 193µs
13:17:14.257 [debug] QUERY OK source="fun_with_flags_toggles" db=0.1ms
SELECT f0."id", f0."flag_name", f0."gate_type", f0."target", f0."enabled" FROM "fun_with_flags_toggles" AS f0 WHERE (f0."flag_name" = $1) ["blog"]
13:17:14.257 [debug] Telemetry event: [:fun_with_flags, :persistence, :read], metadata: %{flag_name: :blog, gate: nil}, measurements: %{system_time: 1756495034257471067}
.13:17:14.291 request_id=GGBS7Wivy2X59rsAACwC [info] GET /contact
13:17:14.291 request_id=GGBS7Wivy2X59rsAACwC [debug] Processing with RsolvWeb.ContactLive.index/2
  Parameters: %{}
  Pipelines: [:browser]
13:17:14.294 request_id=GGBS7Wivy2X59rsAACwC [info] Analytics event tracked
13:17:14.295 request_id=GGBS7Wivy2X59rsAACwC [debug] QUERY OK db=0.4ms queue=0.2ms
SELECT create_analytics_partition_if_not_exists($1::date) [~D[2025-08-29]]
13:17:14.295 request_id=GGBS7Wivy2X59rsAACwC [debug] QUERY OK source="analytics_events" db=0.2ms
INSERT INTO "analytics_events" ("metadata","event_type","visitor_id","page_path","inserted_at","updated_at") VALUES ($1,$2,$3,$4,$5,$6) RETURNING "id" [%{form_type: "contact_sales"}, "page_view", "1f08dd31a78d8c60542b647d0d78bd23", "/contact", ~N[2025-08-29 19:17:14], ~N[2025-08-29 19:17:14]]
13:17:14.295 request_id=GGBS7Wivy2X59rsAACwC [debug] QUERY OK source="fun_with_flags_toggles" db=0.0ms
SELECT f0."id", f0."flag_name", f0."gate_type", f0."target", f0."enabled" FROM "fun_with_flags_toggles" AS f0 WHERE (f0."flag_name" = $1) ["blog"]
13:17:14.295 request_id=GGBS7Wivy2X59rsAACwC [debug] Telemetry event: [:fun_with_flags, :persistence, :read], metadata: %{flag_name: :blog, gate: nil}, measurements: %{system_time: 1756495034295715546}
13:17:14.295 request_id=GGBS7Wivy2X59rsAACwC [info] Sent 200 in 4ms
13:17:14.296 [debug] MOUNT RsolvWeb.ContactLive
  Parameters: %{}
  Session: %{"_csrf_token" => "_X8XCRaEASYhLm-oVfAeN-1C"}
13:17:14.296 [info] Analytics event tracked
13:17:14.296 [debug] QUERY OK db=0.1ms
SELECT create_analytics_partition_if_not_exists($1::date) [~D[2025-08-29]]
13:17:14.296 [debug] QUERY OK source="analytics_events" db=0.0ms
INSERT INTO "analytics_events" ("metadata","event_type","visitor_id","page_path","inserted_at","updated_at") VALUES ($1,$2,$3,$4,$5,$6) RETURNING "id" [%{form_type: "contact_sales"}, "page_view", "1bf290efe149ffe52c8082428b23ca32", "/contact", ~N[2025-08-29 19:17:14], ~N[2025-08-29 19:17:14]]
13:17:14.296 [debug] Replied in 417µs
13:17:14.297 [debug] QUERY OK source="fun_with_flags_toggles" db=0.0ms
SELECT f0."id", f0."flag_name", f0."gate_type", f0."target", f0."enabled" FROM "fun_with_flags_toggles" AS f0 WHERE (f0."flag_name" = $1) ["blog"]
13:17:14.297 [debug] Telemetry event: [:fun_with_flags, :persistence, :read], metadata: %{flag_name: :blog, gate: nil}, measurements: %{system_time: 1756495034297030703}
13:17:14.297 [debug] HANDLE EVENT "submit" in RsolvWeb.ContactLive
  Parameters: %{"company" => "Acme Inc", "email" => "john@example.com", "message" => "I'm interested in enterprise features", "name" => "John Doe", "team_size" => "11-50"}
13:17:14.297 [info] Analytics event tracked
13:17:14.298 [debug] QUERY OK db=0.0ms queue=0.1ms
SELECT create_analytics_partition_if_not_exists($1::date) [~D[2025-08-29]]
13:17:14.298 [debug] QUERY OK source="analytics_events" db=0.1ms
INSERT INTO "analytics_events" ("metadata","event_type","visitor_id","page_path","inserted_at","updated_at") VALUES ($1,$2,$3,$4,$5,$6) RETURNING "id" [%{status: "submit", form_id: "contact", email: "john@example.com", form_type: "contact_sales"}, "form_submit", "b9dd0bf0f5482466707a29a35f059863", "/contact", ~N[2025-08-29 19:17:14], ~N[2025-08-29 19:17:14]]
13:17:14.298 [info] Contact form submission sent
13:17:14.298 [info] Analytics event tracked
13:17:14.298 [debug] QUERY OK db=0.0ms
SELECT create_analytics_partition_if_not_exists($1::date) [~D[2025-08-29]]
13:17:14.298 [debug] QUERY OK source="analytics_events" db=0.1ms queue=0.1ms
INSERT INTO "analytics_events" ("metadata","event_type","visitor_id","inserted_at","updated_at") VALUES ($1,$2,$3,$4,$5) RETURNING "id" [%{message: "I'm interested in enterprise features", name: "John Doe", status: "success", source: "contact_form", form_id: "contact", email: "john@example.com", company: "Acme Inc", team_size: "11-50"}, "form_success", "e378c0f0219fbd13f8d653b0f0247f59", ~N[2025-08-29 19:17:14], ~N[2025-08-29 19:17:14]]
13:17:14.298 [debug] Replied in 1ms
13:17:14.299 [debug] QUERY OK source="fun_with_flags_toggles" db=0.0ms
SELECT f0."id", f0."flag_name", f0."gate_type", f0."target", f0."enabled" FROM "fun_with_flags_toggles" AS f0 WHERE (f0."flag_name" = $1) ["blog"]
13:17:14.299 [debug] Telemetry event: [:fun_with_flags, :persistence, :read], metadata: %{flag_name: :blog, gate: nil}, measurements: %{system_time: 1756495034299057836}
.13:17:14.321 request_id=GGBS7Wp6ODfhzgQAAAYV [info] GET /contact
13:17:14.321 request_id=GGBS7Wp6ODfhzgQAAAYV [debug] Processing with RsolvWeb.ContactLive.index/2
  Parameters: %{}
  Pipelines: [:browser]
13:17:14.321 request_id=GGBS7Wp6ODfhzgQAAAYV [info] Analytics event tracked
13:17:14.322 request_id=GGBS7Wp6ODfhzgQAAAYV [debug] QUERY OK db=0.2ms queue=0.8ms
SELECT create_analytics_partition_if_not_exists($1::date) [~D[2025-08-29]]
13:17:14.323 request_id=GGBS7Wp6ODfhzgQAAAYV [debug] QUERY OK source="analytics_events" db=0.0ms
INSERT INTO "analytics_events" ("metadata","event_type","visitor_id","page_path","inserted_at","updated_at") VALUES ($1,$2,$3,$4,$5,$6) RETURNING "id" [%{form_type: "contact_sales"}, "page_view", "9b411c46c8f85a4d00626e191a73aecc", "/contact", ~N[2025-08-29 19:17:14], ~N[2025-08-29 19:17:14]]
13:17:14.323 request_id=GGBS7Wp6ODfhzgQAAAYV [debug] QUERY OK source="fun_with_flags_toggles" db=0.0ms
SELECT f0."id", f0."flag_name", f0."gate_type", f0."target", f0."enabled" FROM "fun_with_flags_toggles" AS f0 WHERE (f0."flag_name" = $1) ["blog"]
13:17:14.323 request_id=GGBS7Wp6ODfhzgQAAAYV [debug] Telemetry event: [:fun_with_flags, :persistence, :read], metadata: %{flag_name: :blog, gate: nil}, measurements: %{system_time: 1756495034323340359}
13:17:14.323 request_id=GGBS7Wp6ODfhzgQAAAYV [info] Sent 200 in 1ms
13:17:14.324 [debug] MOUNT RsolvWeb.ContactLive
  Parameters: %{}
  Session: %{"_csrf_token" => "jpTe01aiEX68VhKI51PYZd6H"}
13:17:14.324 [info] Analytics event tracked
13:17:14.324 [debug] QUERY OK db=0.1ms
SELECT create_analytics_partition_if_not_exists($1::date) [~D[2025-08-29]]
13:17:14.324 [debug] QUERY OK source="analytics_events" db=0.0ms
INSERT INTO "analytics_events" ("metadata","event_type","visitor_id","page_path","inserted_at","updated_at") VALUES ($1,$2,$3,$4,$5,$6) RETURNING "id" [%{form_type: "contact_sales"}, "page_view", "c579c923f6e1043cdd71a0405bfe1bdb", "/contact", ~N[2025-08-29 19:17:14], ~N[2025-08-29 19:17:14]]
13:17:14.324 [debug] Replied in 448µs
13:17:14.324 [debug] QUERY OK source="fun_with_flags_toggles" db=0.0ms
SELECT f0."id", f0."flag_name", f0."gate_type", f0."target", f0."enabled" FROM "fun_with_flags_toggles" AS f0 WHERE (f0."flag_name" = $1) ["blog"]
13:17:14.324 [debug] Telemetry event: [:fun_with_flags, :persistence, :read], metadata: %{flag_name: :blog, gate: nil}, measurements: %{system_time: 1756495034324679508}
13:17:14.325 [debug] HANDLE EVENT "submit" in RsolvWeb.ContactLive
  Parameters: %{"company" => "Acme Inc", "email" => "john@example.com", "message" => "I'm interested in enterprise features", "name" => "John Doe", "team_size" => "11-50"}
13:17:14.325 [info] Analytics event tracked
13:17:14.325 [debug] QUERY OK db=0.0ms
SELECT create_analytics_partition_if_not_exists($1::date) [~D[2025-08-29]]
13:17:14.325 [debug] QUERY OK source="analytics_events" db=0.0ms
INSERT INTO "analytics_events" ("metadata","event_type","visitor_id","page_path","inserted_at","updated_at") VALUES ($1,$2,$3,$4,$5,$6) RETURNING "id" [%{status: "submit", form_id: "contact", email: "john@example.com", form_type: "contact_sales"}, "form_submit", "b6cdbf8764dee358e7d5e959e20799e3", "/contact", ~N[2025-08-29 19:17:14], ~N[2025-08-29 19:17:14]]
13:17:14.325 [info] Contact form submission sent
13:17:14.325 [info] Analytics event tracked
13:17:14.325 [debug] QUERY OK db=0.0ms
SELECT create_analytics_partition_if_not_exists($1::date) [~D[2025-08-29]]
13:17:14.326 [debug] QUERY OK source="analytics_events" db=0.0ms
INSERT INTO "analytics_events" ("metadata","event_type","visitor_id","inserted_at","updated_at") VALUES ($1,$2,$3,$4,$5) RETURNING "id" [%{message: "I'm interested in enterprise features", name: "John Doe", status: "success", source: "contact_form", form_id: "contact", email: "john@example.com", company: "Acme Inc", team_size: "11-50"}, "form_success", "96f650b88f388f91862fc5e5473c1e42", ~N[2025-08-29 19:17:14], ~N[2025-08-29 19:17:14]]
13:17:14.326 [debug] Replied in 661µs
13:17:14.326 [debug] QUERY OK source="fun_with_flags_toggles" db=0.0ms
SELECT f0."id", f0."flag_name", f0."gate_type", f0."target", f0."enabled" FROM "fun_with_flags_toggles" AS f0 WHERE (f0."flag_name" = $1) ["blog"]
13:17:14.326 [debug] Telemetry event: [:fun_with_flags, :persistence, :read], metadata: %{flag_name: :blog, gate: nil}, measurements: %{system_time: 1756495034326123562}
.13:17:14.332 request_id=GGBS7Wsjezw7R4QAAEqD [info] GET /contact
13:17:14.332 request_id=GGBS7Wsjezw7R4QAAEqD [debug] Processing with RsolvWeb.ContactLive.index/2
  Parameters: %{}
  Pipelines: [:browser]
13:17:14.332 request_id=GGBS7Wsjezw7R4QAAEqD [info] Analytics event tracked
13:17:14.333 request_id=GGBS7Wsjezw7R4QAAEqD [debug] QUERY OK db=0.1ms queue=0.1ms
SELECT create_analytics_partition_if_not_exists($1::date) [~D[2025-08-29]]
13:17:14.333 request_id=GGBS7Wsjezw7R4QAAEqD [debug] QUERY OK source="analytics_events" db=0.1ms
INSERT INTO "analytics_events" ("metadata","event_type","visitor_id","page_path","inserted_at","updated_at") VALUES ($1,$2,$3,$4,$5,$6) RETURNING "id" [%{form_type: "contact_sales"}, "page_view", "06a496745c8c8f25f441f4786996f5d2", "/contact", ~N[2025-08-29 19:17:14], ~N[2025-08-29 19:17:14]]
13:17:14.333 request_id=GGBS7Wsjezw7R4QAAEqD [debug] QUERY OK source="fun_with_flags_toggles" db=0.0ms
SELECT f0."id", f0."flag_name", f0."gate_type", f0."target", f0."enabled" FROM "fun_with_flags_toggles" AS f0 WHERE (f0."flag_name" = $1) ["blog"]
13:17:14.333 request_id=GGBS7Wsjezw7R4QAAEqD [debug] Telemetry event: [:fun_with_flags, :persistence, :read], metadata: %{flag_name: :blog, gate: nil}, measurements: %{system_time: 1756495034333801895}
13:17:14.333 request_id=GGBS7Wsjezw7R4QAAEqD [info] Sent 200 in 1ms
13:17:14.334 [debug] MOUNT RsolvWeb.ContactLive
  Parameters: %{}
  Session: %{"_csrf_token" => "MnGxbRhrGdsjZuu3sjATFfxJ"}
13:17:14.334 [info] Analytics event tracked
13:17:14.334 [debug] QUERY OK db=0.0ms
SELECT create_analytics_partition_if_not_exists($1::date) [~D[2025-08-29]]
13:17:14.334 [debug] QUERY OK source="analytics_events" db=0.0ms
INSERT INTO "analytics_events" ("metadata","event_type","visitor_id","page_path","inserted_at","updated_at") VALUES ($1,$2,$3,$4,$5,$6) RETURNING "id" [%{form_type: "contact_sales"}, "page_view", "e81cfc248c5c34383d1dc39da60fe1a9", "/contact", ~N[2025-08-29 19:17:14], ~N[2025-08-29 19:17:14]]
13:17:14.334 [debug] Replied in 339µs
13:17:14.334 [debug] QUERY OK source="fun_with_flags_toggles" db=0.0ms
SELECT f0."id", f0."flag_name", f0."gate_type", f0."target", f0."enabled" FROM "fun_with_flags_toggles" AS f0 WHERE (f0."flag_name" = $1) ["blog"]
13:17:14.334 [debug] Telemetry event: [:fun_with_flags, :persistence, :read], metadata: %{flag_name: :blog, gate: nil}, measurements: %{system_time: 1756495034334983488}
.13:17:14.336 request_id=GGBS7WtZ0wifVzYAAB4K [info] GET /contact
13:17:14.336 request_id=GGBS7WtZ0wifVzYAAB4K [debug] Processing with RsolvWeb.ContactLive.index/2
  Parameters: %{}
  Pipelines: [:browser]
13:17:14.336 request_id=GGBS7WtZ0wifVzYAAB4K [info] Analytics event tracked
13:17:14.336 request_id=GGBS7WtZ0wifVzYAAB4K [debug] QUERY OK db=0.1ms queue=0.2ms
SELECT create_analytics_partition_if_not_exists($1::date) [~D[2025-08-29]]
13:17:14.337 request_id=GGBS7WtZ0wifVzYAAB4K [debug] QUERY OK source="analytics_events" db=0.1ms
INSERT INTO "analytics_events" ("metadata","event_type","visitor_id","page_path","inserted_at","updated_at") VALUES ($1,$2,$3,$4,$5,$6) RETURNING "id" [%{form_type: "contact_sales"}, "page_view", "5576b609403080152777d3ff2e2e9e76", "/contact", ~N[2025-08-29 19:17:14], ~N[2025-08-29 19:17:14]]
13:17:14.337 request_id=GGBS7WtZ0wifVzYAAB4K [debug] QUERY OK source="fun_with_flags_toggles" db=0.0ms
SELECT f0."id", f0."flag_name", f0."gate_type", f0."target", f0."enabled" FROM "fun_with_flags_toggles" AS f0 WHERE (f0."flag_name" = $1) ["blog"]
13:17:14.337 request_id=GGBS7WtZ0wifVzYAAB4K [debug] Telemetry event: [:fun_with_flags, :persistence, :read], metadata: %{flag_name: :blog, gate: nil}, measurements: %{system_time: 1756495034337183980}
13:17:14.337 request_id=GGBS7WtZ0wifVzYAAB4K [info] Sent 200 in 985µs
13:17:14.337 [debug] MOUNT RsolvWeb.ContactLive
  Parameters: %{}
  Session: %{"_csrf_token" => "veC_FEHfXAYlmPjOt18aCXZT"}
13:17:14.337 [info] Analytics event tracked
13:17:14.338 [debug] QUERY OK db=0.1ms
SELECT create_analytics_partition_if_not_exists($1::date) [~D[2025-08-29]]
13:17:14.338 [debug] QUERY OK source="analytics_events" db=0.0ms
INSERT INTO "analytics_events" ("metadata","event_type","visitor_id","page_path","inserted_at","updated_at") VALUES ($1,$2,$3,$4,$5,$6) RETURNING "id" [%{form_type: "contact_sales"}, "page_view", "2acb4b93c9bb997467315d9d082555e5", "/contact", ~N[2025-08-29 19:17:14], ~N[2025-08-29 19:17:14]]
13:17:14.338 [debug] Replied in 386µs
13:17:14.338 [debug] QUERY OK source="fun_with_flags_toggles" db=0.0ms
SELECT f0."id", f0."flag_name", f0."gate_type", f0."target", f0."enabled" FROM "fun_with_flags_toggles" AS f0 WHERE (f0."flag_name" = $1) ["blog"]
13:17:14.338 [debug] Telemetry event: [:fun_with_flags, :persistence, :read], metadata: %{flag_name: :blog, gate: nil}, measurements: %{system_time: 1756495034338357703}
13:17:14.339 [debug] HANDLE EVENT "submit" in RsolvWeb.ContactLive
  Parameters: %{"company" => "", "email" => "", "message" => "Test message", "name" => "John Doe", "team_size" => ""}
13:17:14.339 [info] Analytics event tracked
13:17:14.339 [debug] QUERY OK db=0.0ms
SELECT create_analytics_partition_if_not_exists($1::date) [~D[2025-08-29]]
13:17:14.339 [debug] QUERY OK source="analytics_events" db=0.0ms
INSERT INTO "analytics_events" ("metadata","event_type","visitor_id","inserted_at","updated_at") VALUES ($1,$2,$3,$4,$5) RETURNING "id" [%{status: "error", error_type: "validation", form_id: "contact", email_input: "", error_details: nil}, "form_error", "e2500f7a853641d58f21877c549d349c", ~N[2025-08-29 19:17:14], ~N[2025-08-29 19:17:14]]
13:17:14.339 [debug] Replied in 381µs
.13:17:14.358 request_id=GGBS7WymHtug5pQAABmJ [info] GET /contact
13:17:14.358 request_id=GGBS7WymHtug5pQAABmJ [debug] Processing with RsolvWeb.ContactLive.index/2
  Parameters: %{}
  Pipelines: [:browser]
13:17:14.358 request_id=GGBS7WymHtug5pQAABmJ [info] Analytics event tracked
13:17:14.358 request_id=GGBS7WymHtug5pQAABmJ [debug] QUERY OK db=0.3ms queue=0.2ms
SELECT create_analytics_partition_if_not_exists($1::date) [~D[2025-08-29]]
13:17:14.359 request_id=GGBS7WymHtug5pQAABmJ [debug] QUERY OK source="analytics_events" db=0.1ms queue=0.1ms
INSERT INTO "analytics_events" ("metadata","event_type","visitor_id","page_path","inserted_at","updated_at") VALUES ($1,$2,$3,$4,$5,$6) RETURNING "id" [%{form_type: "contact_sales"}, "page_view", "a4d74226f4253f83513705faf602743e", "/contact", ~N[2025-08-29 19:17:14], ~N[2025-08-29 19:17:14]]
13:17:14.359 request_id=GGBS7WymHtug5pQAABmJ [debug] QUERY OK source="fun_with_flags_toggles" db=0.0ms
SELECT f0."id", f0."flag_name", f0."gate_type", f0."target", f0."enabled" FROM "fun_with_flags_toggles" AS f0 WHERE (f0."flag_name" = $1) ["blog"]
13:17:14.359 request_id=GGBS7WymHtug5pQAABmJ [debug] Telemetry event: [:fun_with_flags, :persistence, :read], metadata: %{flag_name: :blog, gate: nil}, measurements: %{system_time: 1756495034359504828}
13:17:14.359 request_id=GGBS7WymHtug5pQAABmJ [info] Sent 200 in 1ms
13:17:14.360 [debug] MOUNT RsolvWeb.ContactLive
  Parameters: %{}
  Session: %{"_csrf_token" => "Hbvhpc-ucQkBzUOfXYbQ1zoL"}
13:17:14.360 [info] Analytics event tracked
13:17:14.360 [debug] QUERY OK db=0.2ms queue=0.1ms
SELECT create_analytics_partition_if_not_exists($1::date) [~D[2025-08-29]]
13:17:14.361 [debug] QUERY OK source="analytics_events" db=0.1ms
INSERT INTO "analytics_events" ("metadata","event_type","visitor_id","page_path","inserted_at","updated_at") VALUES ($1,$2,$3,$4,$5,$6) RETURNING "id" [%{form_type: "contact_sales"}, "page_view", "3eb83f92c0373efeccd2af75f10eb62f", "/contact", ~N[2025-08-29 19:17:14], ~N[2025-08-29 19:17:14]]
13:17:14.361 [debug] Replied in 741µs
13:17:14.361 [debug] QUERY OK source="fun_with_flags_toggles" db=0.0ms
SELECT f0."id", f0."flag_name", f0."gate_type", f0."target", f0."enabled" FROM "fun_with_flags_toggles" AS f0 WHERE (f0."flag_name" = $1) ["blog"]
13:17:14.361 [debug] Telemetry event: [:fun_with_flags, :persistence, :read], metadata: %{flag_name: :blog, gate: nil}, measurements: %{system_time: 1756495034361304944}
13:17:14.362 [debug] HANDLE EVENT "submit" in RsolvWeb.ContactLive
  Parameters: %{"company" => "Acme Inc", "email" => "john@example.com", "message" => "I'm interested in enterprise features", "name" => "John Doe", "team_size" => "11-50"}
13:17:14.362 [info] Analytics event tracked
13:17:14.362 [debug] QUERY OK db=0.1ms
SELECT create_analytics_partition_if_not_exists($1::date) [~D[2025-08-29]]
13:17:14.362 [debug] QUERY OK source="analytics_events" db=0.1ms
INSERT INTO "analytics_events" ("metadata","event_type","visitor_id","page_path","inserted_at","updated_at") VALUES ($1,$2,$3,$4,$5,$6) RETURNING "id" [%{status: "submit", form_id: "contact", email: "john@example.com", form_type: "contact_sales"}, "form_submit", "39c90a4145a20dd531dac4fb2a8379e3", "/contact", ~N[2025-08-29 19:17:14], ~N[2025-08-29 19:17:14]]
13:17:14.362 [error] Failed to send contact form email
13:17:14.362 [debug] Replied in 694µs
13:17:14.362 [debug] QUERY OK source="fun_with_flags_toggles" db=0.0ms
SELECT f0."id", f0."flag_name", f0."gate_type", f0."target", f0."enabled" FROM "fun_with_flags_toggles" AS f0 WHERE (f0."flag_name" = $1) ["blog"]
13:17:14.362 [debug] Telemetry event: [:fun_with_flags, :persistence, :read], metadata: %{flag_name: :blog, gate: nil}, measurements: %{system_time: 1756495034362865681}
.13:17:14.407 request_id=GGBS7W-dsjX4v1cAAC2C [info] GET /contact
13:17:14.407 request_id=GGBS7W-dsjX4v1cAAC2C [debug] Processing with RsolvWeb.ContactLive.index/2
  Parameters: %{}
  Pipelines: [:browser]
13:17:14.408 request_id=GGBS7W-dsjX4v1cAAC2C [debug] QUERY OK source="fun_with_flags_toggles" db=0.1ms
SELECT f0."id", f0."flag_name", f0."gate_type", f0."target", f0."enabled" FROM "fun_with_flags_toggles" AS f0 WHERE (f0."flag_name" = $1) ["blog"]
13:17:14.408 request_id=GGBS7W-dsjX4v1cAAC2C [debug] Telemetry event: [:fun_with_flags, :persistence, :read], metadata: %{flag_name: :blog, gate: nil}, measurements: %{system_time: 1756495034408302973}
13:17:14.408 request_id=GGBS7W-dsjX4v1cAAC2C [info] Sent 200 in 569µs
13:17:14.410 [debug] MOUNT RsolvWeb.ContactLive
  Parameters: %{}
  Session: %{"_csrf_token" => "YcNY93dbBvA0N_4vpEIENtmf"}
13:17:14.410 [debug] Replied in 85µs
13:17:14.410 [debug] QUERY OK source="fun_with_flags_toggles" db=0.0ms
SELECT f0."id", f0."flag_name", f0."gate_type", f0."target", f0."enabled" FROM "fun_with_flags_toggles" AS f0 WHERE (f0."flag_name" = $1) ["blog"]
13:17:14.410 [debug] Telemetry event: [:fun_with_flags, :persistence, :read], metadata: %{flag_name: :blog, gate: nil}, measurements: %{system_time: 1756495034410287577}
.13:17:14.420 request_id=GGBS7XBaSaNwN1MAAB8G [info] GET /contact
13:17:14.420 request_id=GGBS7XBaSaNwN1MAAB8G [debug] Processing with RsolvWeb.ContactLive.index/2
  Parameters: %{}
  Pipelines: [:browser]
13:17:14.422 request_id=GGBS7XBaSaNwN1MAAB8G [info] Analytics event tracked
13:17:14.422 request_id=GGBS7XBaSaNwN1MAAB8G [debug] QUERY OK db=0.1ms queue=0.1ms
SELECT create_analytics_partition_if_not_exists($1::date) [~D[2025-08-29]]
13:17:14.422 request_id=GGBS7XBaSaNwN1MAAB8G [debug] QUERY OK source="analytics_events" db=0.1ms
INSERT INTO "analytics_events" ("metadata","event_type","visitor_id","page_path","inserted_at","updated_at") VALUES ($1,$2,$3,$4,$5,$6) RETURNING "id" [%{form_type: "contact_sales"}, "page_view", "22d573fa60cf3efedd7630181cd3d14a", "/contact", ~N[2025-08-29 19:17:14], ~N[2025-08-29 19:17:14]]
13:17:14.423 request_id=GGBS7XBaSaNwN1MAAB8G [debug] QUERY OK source="fun_with_flags_toggles" db=0.0ms
SELECT f0."id", f0."flag_name", f0."gate_type", f0."target", f0."enabled" FROM "fun_with_flags_toggles" AS f0 WHERE (f0."flag_name" = $1) ["blog"]
13:17:14.423 request_id=GGBS7XBaSaNwN1MAAB8G [debug] Telemetry event: [:fun_with_flags, :persistence, :read], metadata: %{flag_name: :blog, gate: nil}, measurements: %{system_time: 1756495034423126786}
13:17:14.423 request_id=GGBS7XBaSaNwN1MAAB8G [info] Sent 200 in 3ms
13:17:14.423 [debug] MOUNT RsolvWeb.ContactLive
  Parameters: %{}
  Session: %{"_csrf_token" => "8QmyvXqUa5t4kccUZO5bzjci"}
13:17:14.424 [info] Analytics event tracked
13:17:14.424 [debug] QUERY OK db=0.0ms
SELECT create_analytics_partition_if_not_exists($1::date) [~D[2025-08-29]]
13:17:14.424 [debug] QUERY OK source="analytics_events" db=0.0ms
INSERT INTO "analytics_events" ("metadata","event_type","visitor_id","page_path","inserted_at","updated_at") VALUES ($1,$2,$3,$4,$5,$6) RETURNING "id" [%{form_type: "contact_sales"}, "page_view", "ee8246cd34b40f8e68a12f096fe3e87c", "/contact", ~N[2025-08-29 19:17:14], ~N[2025-08-29 19:17:14]]
13:17:14.424 [debug] Replied in 402µs
13:17:14.424 [debug] QUERY OK source="fun_with_flags_toggles" db=0.0ms
SELECT f0."id", f0."flag_name", f0."gate_type", f0."target", f0."enabled" FROM "fun_with_flags_toggles" AS f0 WHERE (f0."flag_name" = $1) ["blog"]
13:17:14.424 [debug] Telemetry event: [:fun_with_flags, :persistence, :read], metadata: %{flag_name: :blog, gate: nil}, measurements: %{system_time: 1756495034424442256}
.13:17:14.425 request_id=GGBS7XCrSkO7xrQAADGI [info] GET /contact
13:17:14.425 request_id=GGBS7XCrSkO7xrQAADGI [debug] Processing with RsolvWeb.ContactLive.index/2
  Parameters: %{}
  Pipelines: [:browser]
13:17:14.425 request_id=GGBS7XCrSkO7xrQAADGI [info] Analytics event tracked
13:17:14.425 request_id=GGBS7XCrSkO7xrQAADGI [debug] QUERY OK db=0.0ms
SELECT create_analytics_partition_if_not_exists($1::date) [~D[2025-08-29]]
13:17:14.425 request_id=GGBS7XCrSkO7xrQAADGI [debug] QUERY OK source="analytics_events" db=0.0ms
INSERT INTO "analytics_events" ("metadata","event_type","visitor_id","page_path","inserted_at","updated_at") VALUES ($1,$2,$3,$4,$5,$6) RETURNING "id" [%{form_type: "contact_sales"}, "page_view", "4faebdf33b472e2ca10afc1dab695829", "/contact", ~N[2025-08-29 19:17:14], ~N[2025-08-29 19:17:14]]
13:17:14.426 request_id=GGBS7XCrSkO7xrQAADGI [debug] QUERY OK source="fun_with_flags_toggles" db=0.0ms
SELECT f0."id", f0."flag_name", f0."gate_type", f0."target", f0."enabled" FROM "fun_with_flags_toggles" AS f0 WHERE (f0."flag_name" = $1) ["blog"]
13:17:14.426 request_id=GGBS7XCrSkO7xrQAADGI [debug] Telemetry event: [:fun_with_flags, :persistence, :read], metadata: %{flag_name: :blog, gate: nil}, measurements: %{system_time: 1756495034426036012}
13:17:14.426 request_id=GGBS7XCrSkO7xrQAADGI [info] Sent 200 in 621µs
13:17:14.426 [debug] MOUNT RsolvWeb.ContactLive
  Parameters: %{}
  Session: %{"_csrf_token" => "Oom0WN_hK_9BQVGaaiet6cdH"}
13:17:14.426 [info] Analytics event tracked
13:17:14.426 [debug] QUERY OK db=0.0ms
SELECT create_analytics_partition_if_not_exists($1::date) [~D[2025-08-29]]
13:17:14.427 [debug] QUERY OK source="analytics_events" db=0.0ms
INSERT INTO "analytics_events" ("metadata","event_type","visitor_id","page_path","inserted_at","updated_at") VALUES ($1,$2,$3,$4,$5,$6) RETURNING "id" [%{form_type: "contact_sales"}, "page_view", "3a2e4089a15b836ae4af4cbd549c38fa", "/contact", ~N[2025-08-29 19:17:14], ~N[2025-08-29 19:17:14]]
13:17:14.427 [debug] Replied in 329µs
13:17:14.427 [debug] QUERY OK source="fun_with_flags_toggles" db=0.0ms
SELECT f0."id", f0."flag_name", f0."gate_type", f0."target", f0."enabled" FROM "fun_with_flags_toggles" AS f0 WHERE (f0."flag_name" = $1) ["blog"]
13:17:14.427 [debug] Telemetry event: [:fun_with_flags, :persistence, :read], metadata: %{flag_name: :blog, gate: nil}, measurements: %{system_time: 1756495034427145522}
13:17:14.428 [debug] HANDLE EVENT "submit" in RsolvWeb.ContactLive
  Parameters: %{"company" => "Acme Inc", "email" => "not-an-email", "message" => "I'm interested in enterprise features", "name" => "John Doe", "team_size" => "11-50"}
13:17:14.428 [info] Analytics event tracked
13:17:14.428 [debug] QUERY OK db=0.0ms queue=0.1ms
SELECT create_analytics_partition_if_not_exists($1::date) [~D[2025-08-29]]
13:17:14.428 [debug] QUERY OK source="analytics_events" db=0.0ms
INSERT INTO "analytics_events" ("metadata","event_type","visitor_id","inserted_at","updated_at") VALUES ($1,$2,$3,$4,$5) RETURNING "id" [%{status: "error", error_type: "validation", form_id: "contact", email_input: "not-an-email", error_details: "Email must contain @"}, "form_error", "244c2b4c77e0c920c208f8add3956929", ~N[2025-08-29 19:17:14], ~N[2025-08-29 19:17:14]]
13:17:14.428 [debug] Replied in 510µs
13:17:14.428 [debug] QUERY OK source="fun_with_flags_toggles" db=0.0ms
SELECT f0."id", f0."flag_name", f0."gate_type", f0."target", f0."enabled" FROM "fun_with_flags_toggles" AS f0 WHERE (f0."flag_name" = $1) ["blog"]
13:17:14.428 [debug] Telemetry event: [:fun_with_flags, :persistence, :read], metadata: %{flag_name: :blog, gate: nil}, measurements: %{system_time: 1756495034428690910}
.13:17:14.429 [info] [EMAIL] send_early_access_welcome_email called
13:17:14.430 [info] [EMAIL DEBUG] Full email struct before sending
13:17:14.430 [info] [EMAIL DEBUG] Extracted recipient email
13:17:14.430 [info] [EMAIL DEBUG] Postmark configuration
13:17:14.430 [info] [EMAIL DEBUG] Email configuration
13:17:14.430 [info] [EMAIL] Attempting to send email via Postmark
13:17:14.431 [debug] Sending email with Bamboo.TestAdapter:

%Bamboo.Email{from: {"RSOLV Team", "support@rsolv.dev"}, to: [nil: "content@example.com"], cc: [], bcc: [], subject: "Welcome to RSOLV Early Access Program", html_body: "<div style=\"font-family: 'Helvetica Neue', Helvetica, Arial, sans-serif; max-width: 600px; margin: 0 auto; padding: 20px;\">\n  <h1 style=\"color: #2C3E50; margin-bottom: 20px;\">Welcome to RSOLV Early Access Program!</h1>\n\n  <p>Hi ContentUser,</p>\n\n  <p>Thank you for joining our Early Access Program! You're now part of an exclusive group getting first access to RSOLV.</p>\n\n  <p>Here's what you need to know:</p>\n\n  <ul>\n    <li>You have full access to all current features</li>\n    <li>Your feedback is incredibly valuable to us during this phase</li>\n    <li>You'll receive priority support via email</li>\n  </ul>\n\n  <p>To get started with RSOLV:</p>\n\n  <ol>\n    <li><strong>Your API key will be sent in a follow-up email within 24 hours</strong></li>\n    <li>Once you receive your API key, install our GitHub Action (code below)</li>\n    <li>Set up your repository secrets with your API key</li>\n    <li>Tag your first issues with \"rsolv:automate\"</li>\n  </ol>\n\n  <div style=\"background-color: #fff3cd; border: 1px solid #ffeaa7; color: #856404; padding: 10px; border-radius: 5px; margin: 15px 0;\">\n    <strong>⏳ API Key Coming Soon:</strong> We'll send your personal API key within 24 hours. Look for an email with subject \"Your RSOLV API Key\".\n  </div>\n\n  <div style=\"background-color: #f8f9fa; padding: 15px; border-radius: 5px; margin: 20px 0;\">\n    <pre style=\"margin: 0; overflow-x: auto; white-space: pre-wrap; font-family: monospace;\">name: RSOLV AutoFix\non:\n  issues:\n    types: [opened, edited, labeled]\n\njobs:\n  autofix:\n    runs-on: ubuntu-latest\n    if: contains(github.event.issue.labels.*.name, 'rsolv:automate')\n    steps:\n      - uses: RSOLV-dev/rsolv-action@v1\n        with:\n          github-token: ${{ secrets.GITHUB_TOKEN }}\n          rsolv-api-key: ${{ secrets.RSOLV_API_KEY }}</pre>\n  </div>\n\n  <p>Need help? As an Early Access member, you have priority support - contact us at <a href=\"mailto:support@rsolv.dev\">support@rsolv.dev</a> and we'll personally assist you.</p>\n\n  <p>Your trial includes unlimited automated fixes during the Early Access period.</p>\n\n  <div style=\"margin-top: 30px; padding: 15px; border: 1px solid #e0e0e0; border-radius: 5px; background-color: #f9f9f9;\">\n    <h3 style=\"margin-top: 0; color: #2C3E50;\">Early Access Program Benefits</h3>\n    <ul>\n      <li>Unlimited usage during Early Access</li>\n      <li>Priority support and feature requests</li>\n      <li>Exclusive pricing when we launch</li>\n      <li>Direct access to our development team</li>\n    </ul>\n  </div>\n\n  <p>Best,<br>The RSOLV Team</p>\n\n  <div class=\"footer\" style=\"margin-top: 40px; padding-top: 20px; border-top: 1px solid #e0e0e0; font-size: 0.9em; color: #666;\">\n    <p>\n      You're receiving this email because you joined the RSOLV Early Access Program.\n      <br>\n      If you have any questions, simply reply to this email.\n    </p>\n    <p>\n      RSOLV, Inc. • support@rsolv.dev • © 2025\n    </p>\n    <p>\n      <a href=\"https://rsolv.dev/unsubscribe?email=content@example.com\">Unsubscribe</a> from these emails.\n    </p>\n  </div>\n</div>\n", text_body: "Welcome to RSOLV Early Access Program!\n\nHi ContentUser,\n\nThank you for joining our Early Access Program! You're now part of an exclusive group getting first access to RSOLV.\n\nHere's what you need to know:\n- You have full access to all current features\n- Your feedback is incredibly valuable to us during this phase\n- You'll receive priority support via email\n\nTo get started with RSOLV:\n1. Your API key will be sent in a follow-up email within 24 hours\n2. Once you receive your API key, install our GitHub Action\n3. Set up your repository secrets with your API key\n4. Tag your first issues with \"AUTOFIX\"\n\n⏳ API KEY COMING SOON: We'll send your personal API key within 24 hours. Look for an email with subject \"Your RSOLV API Key\".\n\nNeed help? As an Early Access member, you have priority support - contact us at support@rsolv.dev and we'll personally assist you.\n\nYour trial includes unlimited automated fixes during the Early Access period.\n\nEARLY ACCESS PROGRAM BENEFITS:\n* Unlimited usage during Early Access\n* Priority support and feature requests\n* Exclusive pricing when we launch\n* Direct access to our development team\n\nBest,\nThe RSOLV Team\n\n---\nYou're receiving this email because you joined the RSOLV Early Access Program.\nIf you have any questions, simply reply to this email.\n\nRSOLV, Inc. • support@rsolv.dev\n\nTo unsubscribe, visit: https://rsolv.dev/unsubscribe?email=content@example.com\n", headers: %{"X-Postmark-Tag" => "early-access"}, attachments: [], assigns: %{}, private: %{tag: "early-access"}, blocked: false}

13:17:14.431 [info] [EMAIL DEBUG] Raw Postmark response
13:17:14.431 [info] [EMAIL] Email sent successfully via Postmark
.13:17:14.432 [debug] QUERY OK source="email_unsubscribes" db=0.1ms queue=0.1ms
INSERT INTO "email_unsubscribes" ("reason","email","inserted_at") VALUES ($1,$2,$3) RETURNING "id" ["User request", "unsubscribed@example.com", ~N[2025-08-29 19:17:14]]
13:17:14.432 [info] [EMAIL] send_welcome_email called
13:17:14.432 [info] [EMAIL DEBUG] Full email struct before sending
13:17:14.432 [info] [EMAIL DEBUG] Extracted recipient email
13:17:14.432 [debug] QUERY OK source="email_unsubscribes" db=0.1ms
SELECT e0."id", e0."email", e0."reason", e0."inserted_at" FROM "email_unsubscribes" AS e0 ORDER BY e0."inserted_at" DESC []
13:17:14.433 [info] [EMAIL] Skipping email to unsubscribed recipient
.13:17:14.534 [info] [EMAIL] send_welcome_email called
13:17:14.534 [info] [EMAIL DEBUG] Full email struct before sending
13:17:14.534 [info] [EMAIL DEBUG] Extracted recipient email
13:17:14.534 [info] [EMAIL DEBUG] Postmark configuration
13:17:14.534 [info] [EMAIL DEBUG] Email configuration
13:17:14.534 [info] [EMAIL] Attempting to send email via Postmark
13:17:14.534 [debug] Sending email with Bamboo.TestAdapter:

%Bamboo.Email{from: {"RSOLV Team", "support@rsolv.dev"}, to: [nil: "test@example.com"], cc: [], bcc: [], subject: "Welcome to RSOLV - Let's fix your first issue in 10 minutes", html_body: "<div style=\"font-family: 'Helvetica Neue', Helvetica, Arial, sans-serif; max-width: 600px; margin: 0 auto; padding: 20px;\">\n  <h1 style=\"color: #2C3E50; margin-bottom: 20px;\">Welcome to RSOLV!</h1>\n  \n  <p>Hi TestUser,</p>\n  \n  <p>Thanks for trying RSOLV! You're just a few minutes away from automating away your backlog.</p>\n  \n  <p>Here's how to get started:</p>\n  \n  <ol>\n    <li>Install our GitHub Action (copy & paste the code below)</li>\n    <li>Set up your repository secrets</li>\n    <li>Tag your first issues with \"rsolv:automate\"</li>\n  </ol>\n  \n  <div style=\"background-color: #f8f9fa; padding: 15px; border-radius: 5px; margin: 20px 0;\">\n    <pre style=\"margin: 0; overflow-x: auto; white-space: pre-wrap; font-family: monospace;\">name: RSOLV AutoFix\non:\n  issues:\n    types: [opened, edited, labeled]\n\njobs:\n  autofix:\n    runs-on: ubuntu-latest\n    if: contains(github.event.issue.labels.*.name, 'rsolv:automate')\n    steps:\n      - uses: RSOLV-dev/rsolv-action@v1\n        with:\n          github-token: ${{ secrets.GITHUB_TOKEN }}\n          rsolv-api-key: ${{ secrets.RSOLV_API_KEY }}</pre>\n  </div>\n  \n  <p>Need help? Contact us at <a href=\"mailto:support@rsolv.dev\">support@rsolv.dev</a> and we'll personally assist you.</p>\n  \n  <p>Your first 10 fixes are free! After that, you only pay $15 per fix that gets deployed - no credit card required to start.</p>\n  \n  <p>Best,<br>The RSOLV Team</p>\n  \n  <div class=\"footer\" style=\"margin-top: 40px; padding-top: 20px; border-top: 1px solid #e0e0e0; font-size: 0.9em; color: #666;\">\n    <p>\n      P.S. Here's a <a href=\"https://rsolv.dev/docs/getting-started\">2-minute video walkthrough</a> if you prefer.\n    </p>\n    <p>\n      RSOLV, Inc. • support@rsolv.dev • © 2025\n    </p>\n    <p>\n      <a href=\"https://rsolv.dev/unsubscribe?email=test@example.com\">Unsubscribe</a> from these emails.\n    </p>\n  </div>\n</div>\n", text_body: "Welcome to RSOLV!\n\nHi TestUser,\n\nThanks for trying RSOLV! You're just a few minutes away from automating away your backlog.\n\nHere's how to get started:\n\n1. Install our GitHub Action (check the HTML version for the code snippet)\n2. Set up your repository secrets\n3. Tag your first issues with \"rsolv:automate\"\n\nNeed help? Contact us at support@rsolv.dev and we'll personally assist you.\n\nYour first 10 fixes are free! After that, you only pay $15 per fix that gets deployed - no credit card required to start.\n\nBest,\nThe RSOLV Team\n\nP.S. Check out our 2-minute video walkthrough at https://rsolv.dev/docs/getting-started\n\n---\nTo unsubscribe, visit: https://rsolv.dev/unsubscribe?email=test@example.com\n", headers: %{"X-Postmark-Tag" => "welcome"}, attachments: [], assigns: %{}, private: %{tag: "welcome"}, blocked: false}

13:17:14.534 [info] [EMAIL DEBUG] Raw Postmark response
13:17:14.534 [info] [EMAIL] Email sent successfully via Postmark
.13:17:14.534 [info] [EMAIL] send_early_access_welcome_email called
13:17:14.534 [info] [EMAIL DEBUG] Full email struct before sending
13:17:14.534 [info] [EMAIL DEBUG] Extracted recipient email
13:17:14.535 [info] [EMAIL DEBUG] Postmark configuration
13:17:14.535 [info] [EMAIL DEBUG] Email configuration
13:17:14.535 [info] [EMAIL] Attempting to send email via Postmark
13:17:14.535 [debug] Sending email with Bamboo.TestAdapter:

%Bamboo.Email{from: {"RSOLV Team", "support@rsolv.dev"}, to: [nil: "early@example.com"], cc: [], bcc: [], subject: "Welcome to RSOLV Early Access Program", html_body: "<div style=\"font-family: 'Helvetica Neue', Helvetica, Arial, sans-serif; max-width: 600px; margin: 0 auto; padding: 20px;\">\n  <h1 style=\"color: #2C3E50; margin-bottom: 20px;\">Welcome to RSOLV Early Access Program!</h1>\n\n  <p>Hi EarlyUser,</p>\n\n  <p>Thank you for joining our Early Access Program! You're now part of an exclusive group getting first access to RSOLV.</p>\n\n  <p>Here's what you need to know:</p>\n\n  <ul>\n    <li>You have full access to all current features</li>\n    <li>Your feedback is incredibly valuable to us during this phase</li>\n    <li>You'll receive priority support via email</li>\n  </ul>\n\n  <p>To get started with RSOLV:</p>\n\n  <ol>\n    <li><strong>Your API key will be sent in a follow-up email within 24 hours</strong></li>\n    <li>Once you receive your API key, install our GitHub Action (code below)</li>\n    <li>Set up your repository secrets with your API key</li>\n    <li>Tag your first issues with \"rsolv:automate\"</li>\n  </ol>\n\n  <div style=\"background-color: #fff3cd; border: 1px solid #ffeaa7; color: #856404; padding: 10px; border-radius: 5px; margin: 15px 0;\">\n    <strong>⏳ API Key Coming Soon:</strong> We'll send your personal API key within 24 hours. Look for an email with subject \"Your RSOLV API Key\".\n  </div>\n\n  <div style=\"background-color: #f8f9fa; padding: 15px; border-radius: 5px; margin: 20px 0;\">\n    <pre style=\"margin: 0; overflow-x: auto; white-space: pre-wrap; font-family: monospace;\">name: RSOLV AutoFix\non:\n  issues:\n    types: [opened, edited, labeled]\n\njobs:\n  autofix:\n    runs-on: ubuntu-latest\n    if: contains(github.event.issue.labels.*.name, 'rsolv:automate')\n    steps:\n      - uses: RSOLV-dev/rsolv-action@v1\n        with:\n          github-token: ${{ secrets.GITHUB_TOKEN }}\n          rsolv-api-key: ${{ secrets.RSOLV_API_KEY }}</pre>\n  </div>\n\n  <p>Need help? As an Early Access member, you have priority support - contact us at <a href=\"mailto:support@rsolv.dev\">support@rsolv.dev</a> and we'll personally assist you.</p>\n\n  <p>Your trial includes unlimited automated fixes during the Early Access period.</p>\n\n  <div style=\"margin-top: 30px; padding: 15px; border: 1px solid #e0e0e0; border-radius: 5px; background-color: #f9f9f9;\">\n    <h3 style=\"margin-top: 0; color: #2C3E50;\">Early Access Program Benefits</h3>\n    <ul>\n      <li>Unlimited usage during Early Access</li>\n      <li>Priority support and feature requests</li>\n      <li>Exclusive pricing when we launch</li>\n      <li>Direct access to our development team</li>\n    </ul>\n  </div>\n\n  <p>Best,<br>The RSOLV Team</p>\n\n  <div class=\"footer\" style=\"margin-top: 40px; padding-top: 20px; border-top: 1px solid #e0e0e0; font-size: 0.9em; color: #666;\">\n    <p>\n      You're receiving this email because you joined the RSOLV Early Access Program.\n      <br>\n      If you have any questions, simply reply to this email.\n    </p>\n    <p>\n      RSOLV, Inc. • support@rsolv.dev • © 2025\n    </p>\n    <p>\n      <a href=\"https://rsolv.dev/unsubscribe?email=early@example.com\">Unsubscribe</a> from these emails.\n    </p>\n  </div>\n</div>\n", text_body: "Welcome to RSOLV Early Access Program!\n\nHi EarlyUser,\n\nThank you for joining our Early Access Program! You're now part of an exclusive group getting first access to RSOLV.\n\nHere's what you need to know:\n- You have full access to all current features\n- Your feedback is incredibly valuable to us during this phase\n- You'll receive priority support via email\n\nTo get started with RSOLV:\n1. Your API key will be sent in a follow-up email within 24 hours\n2. Once you receive your API key, install our GitHub Action\n3. Set up your repository secrets with your API key\n4. Tag your first issues with \"AUTOFIX\"\n\n⏳ API KEY COMING SOON: We'll send your personal API key within 24 hours. Look for an email with subject \"Your RSOLV API Key\".\n\nNeed help? As an Early Access member, you have priority support - contact us at support@rsolv.dev and we'll personally assist you.\n\nYour trial includes unlimited automated fixes during the Early Access period.\n\nEARLY ACCESS PROGRAM BENEFITS:\n* Unlimited usage during Early Access\n* Priority support and feature requests\n* Exclusive pricing when we launch\n* Direct access to our development team\n\nBest,\nThe RSOLV Team\n\n---\nYou're receiving this email because you joined the RSOLV Early Access Program.\nIf you have any questions, simply reply to this email.\n\nRSOLV, Inc. • support@rsolv.dev\n\nTo unsubscribe, visit: https://rsolv.dev/unsubscribe?email=early@example.com\n", headers: %{"X-Postmark-Tag" => "early-access"}, attachments: [], assigns: %{}, private: %{tag: "early-access"}, blocked: false}

13:17:14.535 [info] [EMAIL DEBUG] Raw Postmark response
13:17:14.535 [info] [EMAIL] Email sent successfully via Postmark
.13:17:14.535 [info] [EMAIL] send_welcome_email called
13:17:14.535 [info] [EMAIL DEBUG] Full email struct before sending
13:17:14.535 [info] [EMAIL DEBUG] Extracted recipient email
13:17:14.535 [info] [EMAIL DEBUG] Postmark configuration
13:17:14.535 [info] [EMAIL DEBUG] Email configuration
13:17:14.535 [info] [EMAIL] Attempting to send email via Postmark
13:17:14.535 [debug] Sending email with Bamboo.TestAdapter:

%Bamboo.Email{from: {"RSOLV Team", "support@rsolv.dev"}, to: [nil: "dev@example.com"], cc: [], bcc: [], subject: "Welcome to RSOLV - Let's fix your first issue in 10 minutes", html_body: "<div style=\"font-family: 'Helvetica Neue', Helvetica, Arial, sans-serif; max-width: 600px; margin: 0 auto; padding: 20px;\">\n  <h1 style=\"color: #2C3E50; margin-bottom: 20px;\">Welcome to RSOLV!</h1>\n  \n  <p>Hi there,</p>\n  \n  <p>Thanks for trying RSOLV! You're just a few minutes away from automating away your backlog.</p>\n  \n  <p>Here's how to get started:</p>\n  \n  <ol>\n    <li>Install our GitHub Action (copy & paste the code below)</li>\n    <li>Set up your repository secrets</li>\n    <li>Tag your first issues with \"rsolv:automate\"</li>\n  </ol>\n  \n  <div style=\"background-color: #f8f9fa; padding: 15px; border-radius: 5px; margin: 20px 0;\">\n    <pre style=\"margin: 0; overflow-x: auto; white-space: pre-wrap; font-family: monospace;\">name: RSOLV AutoFix\non:\n  issues:\n    types: [opened, edited, labeled]\n\njobs:\n  autofix:\n    runs-on: ubuntu-latest\n    if: contains(github.event.issue.labels.*.name, 'rsolv:automate')\n    steps:\n      - uses: RSOLV-dev/rsolv-action@v1\n        with:\n          github-token: ${{ secrets.GITHUB_TOKEN }}\n          rsolv-api-key: ${{ secrets.RSOLV_API_KEY }}</pre>\n  </div>\n  \n  <p>Need help? Contact us at <a href=\"mailto:support@rsolv.dev\">support@rsolv.dev</a> and we'll personally assist you.</p>\n  \n  <p>Your first 10 fixes are free! After that, you only pay $15 per fix that gets deployed - no credit card required to start.</p>\n  \n  <p>Best,<br>The RSOLV Team</p>\n  \n  <div class=\"footer\" style=\"margin-top: 40px; padding-top: 20px; border-top: 1px solid #e0e0e0; font-size: 0.9em; color: #666;\">\n    <p>\n      P.S. Here's a <a href=\"https://rsolv.dev/docs/getting-started\">2-minute video walkthrough</a> if you prefer.\n    </p>\n    <p>\n      RSOLV, Inc. • support@rsolv.dev • © 2025\n    </p>\n    <p>\n      <a href=\"https://rsolv.dev/unsubscribe?email=dev@example.com\">Unsubscribe</a> from these emails.\n    </p>\n  </div>\n</div>\n", text_body: "Welcome to RSOLV!\n\nHi there,\n\nThanks for trying RSOLV! You're just a few minutes away from automating away your backlog.\n\nHere's how to get started:\n\n1. Install our GitHub Action (check the HTML version for the code snippet)\n2. Set up your repository secrets\n3. Tag your first issues with \"rsolv:automate\"\n\nNeed help? Contact us at support@rsolv.dev and we'll personally assist you.\n\nYour first 10 fixes are free! After that, you only pay $15 per fix that gets deployed - no credit card required to start.\n\nBest,\nThe RSOLV Team\n\nP.S. Check out our 2-minute video walkthrough at https://rsolv.dev/docs/getting-started\n\n---\nTo unsubscribe, visit: https://rsolv.dev/unsubscribe?email=dev@example.com\n", headers: %{"X-Postmark-Tag" => "welcome"}, attachments: [], assigns: %{}, private: %{tag: "welcome"}, blocked: false}

13:17:14.536 [info] [EMAIL DEBUG] Raw Postmark response
13:17:14.536 [info] [EMAIL] Email sent successfully via Postmark
.13:17:14.536 [debug] QUERY OK db=0.1ms
INSERT INTO fun_with_flags_toggles (flag_name, gate_type, target, enabled)
VALUES 
  ('metrics_dashboard', 'boolean', NULL, false),
  ('metrics_dashboard', 'group', 'admin', true)
ON CONFLICT DO NOTHING
 []
13:17:14.538 [debug] QUERY OK db=0.1ms queue=0.4ms
SELECT flag_name, gate_type, target, enabled 
FROM fun_with_flags_toggles 
WHERE flag_name = 'metrics_dashboard' 
ORDER BY gate_type, target
 []
13:17:14.538 [debug] QUERY OK db=0.0ms
DELETE FROM fun_with_flags_toggles 
WHERE flag_name = 'metrics_dashboard' AND gate_type = 'group'
 []
13:17:14.538 [debug] QUERY OK db=0.0ms
INSERT INTO fun_with_flags_toggles (flag_name, gate_type, target, enabled)
VALUES ('metrics_dashboard', 'boolean', NULL, true)
ON CONFLICT (flag_name, gate_type, target) 
DO UPDATE SET enabled = true
 []
13:17:14.539 [debug] QUERY OK db=0.0ms
INSERT INTO fun_with_flags_toggles (flag_name, gate_type, target, enabled)
VALUES ('admin_dashboard', 'boolean', NULL, true)
ON CONFLICT (flag_name, gate_type, target) 
DO UPDATE SET enabled = true
 []
13:17:14.539 [debug] QUERY OK source="fun_with_flags_toggles" db=0.0ms
SELECT f0."id", f0."flag_name", f0."gate_type", f0."target", f0."enabled" FROM "fun_with_flags_toggles" AS f0 WHERE (f0."flag_name" = $1) ["admin_dashboard"]
13:17:14.539 [debug] Telemetry event: [:fun_with_flags, :persistence, :read], metadata: %{flag_name: :admin_dashboard, gate: nil}, measurements: %{system_time: 1756495034539132105}
13:17:14.539 [debug] QUERY OK source="fun_with_flags_toggles" db=0.0ms
SELECT f0."id", f0."flag_name", f0."gate_type", f0."target", f0."enabled" FROM "fun_with_flags_toggles" AS f0 WHERE (f0."flag_name" = $1) ["metrics_dashboard"]
13:17:14.539 [debug] Telemetry event: [:fun_with_flags, :persistence, :read], metadata: %{flag_name: :metrics_dashboard, gate: nil}, measurements: %{system_time: 1756495034539224015}
13:17:14.539 [debug] QUERY OK db=0.0ms
SELECT enabled FROM fun_with_flags_toggles 
WHERE flag_name = 'metrics_dashboard' AND gate_type = 'boolean'
ORDER BY id DESC
LIMIT 1
 []
13:17:14.539 [debug] QUERY OK db=0.0ms
SELECT COUNT(*) FROM fun_with_flags_toggles 
WHERE flag_name = 'metrics_dashboard' AND gate_type = 'group'
 []
.13:17:14.539 [debug] QUERY OK db=0.0ms
INSERT INTO fun_with_flags_toggles (flag_name, gate_type, target, enabled)
VALUES 
  ('admin_dashboard', 'boolean', NULL, false),
  ('metrics_dashboard', 'boolean', NULL, false)
ON CONFLICT (flag_name, gate_type, target) 
DO UPDATE SET enabled = false
 []
13:17:14.540 [debug] QUERY OK db=0.0ms
SELECT flag_name, gate_type, target, enabled 
FROM fun_with_flags_toggles 
WHERE flag_name = 'metrics_dashboard' 
ORDER BY gate_type, target
 []
13:17:14.540 [debug] QUERY OK db=0.0ms
INSERT INTO fun_with_flags_toggles (flag_name, gate_type, target, enabled)
VALUES ('metrics_dashboard', 'boolean', NULL, true)
ON CONFLICT (flag_name, gate_type, target) 
DO UPDATE SET enabled = true
 []
13:17:14.540 [debug] QUERY OK db=0.0ms
INSERT INTO fun_with_flags_toggles (flag_name, gate_type, target, enabled)
VALUES ('admin_dashboard', 'boolean', NULL, true)
ON CONFLICT (flag_name, gate_type, target) 
DO UPDATE SET enabled = true
 []
13:17:14.540 [debug] QUERY OK source="fun_with_flags_toggles" db=0.0ms
SELECT f0."id", f0."flag_name", f0."gate_type", f0."target", f0."enabled" FROM "fun_with_flags_toggles" AS f0 WHERE (f0."flag_name" = $1) ["admin_dashboard"]
13:17:14.540 [debug] Telemetry event: [:fun_with_flags, :persistence, :read], metadata: %{flag_name: :admin_dashboard, gate: nil}, measurements: %{system_time: 1756495034540266959}
13:17:14.540 [debug] QUERY OK source="fun_with_flags_toggles" db=0.0ms
SELECT f0."id", f0."flag_name", f0."gate_type", f0."target", f0."enabled" FROM "fun_with_flags_toggles" AS f0 WHERE (f0."flag_name" = $1) ["metrics_dashboard"]
13:17:14.540 [debug] Telemetry event: [:fun_with_flags, :persistence, :read], metadata: %{flag_name: :metrics_dashboard, gate: nil}, measurements: %{system_time: 1756495034540364730}
13:17:14.540 [debug] QUERY OK db=0.0ms
SELECT DISTINCT ON (flag_name) flag_name, enabled 
FROM fun_with_flags_toggles 
WHERE flag_name IN ('admin_dashboard', 'metrics_dashboard') 
AND gate_type = 'boolean'
ORDER BY flag_name, id DESC
 []
.*********.....................................**13:17:14.543 [debug] QUERY OK db=1.0ms queue=0.5ms
SELECT COUNT(*) FROM information_schema.tables WHERE table_schema = 'public' []
..13:17:14.663 [debug] QUERY OK db=0.2ms queue=0.3ms
SELECT version 
FROM schema_migrations 
ORDER BY version DESC 
LIMIT 5
 []
.13:17:14.664 [debug] QUERY OK source="fun_with_flags_toggles" db=0.1ms
INSERT INTO "fun_with_flags_toggles" AS f0 ("enabled","target","flag_name","gate_type") VALUES ($1,$2,$3,$4) ON CONFLICT ("flag_name","gate_type","target") DO UPDATE SET "enabled" = $5 RETURNING "id" [true, "_fwf_none", "early_access_signup", "boolean", true]
13:17:14.664 [debug] QUERY OK source="fun_with_flags_toggles" db=0.0ms
SELECT f0."id", f0."flag_name", f0."gate_type", f0."target", f0."enabled" FROM "fun_with_flags_toggles" AS f0 WHERE (f0."flag_name" = $1) ["early_access_signup"]
13:17:14.664 [debug] Telemetry event: [:fun_with_flags, :persistence, :write], metadata: %{flag_name: :early_access_signup, gate: %FunWithFlags.Gate{type: :boolean, for: nil, enabled: true}}, measurements: %{system_time: 1756495034664428947}
13:17:14.664 [debug] QUERY OK source="fun_with_flags_toggles" db=0.0ms
INSERT INTO "fun_with_flags_toggles" AS f0 ("enabled","target","flag_name","gate_type") VALUES ($1,$2,$3,$4) ON CONFLICT ("flag_name","gate_type","target") DO UPDATE SET "enabled" = $5 RETURNING "id" [true, "_fwf_none", "welcome_email_sequence", "boolean", true]
13:17:14.664 [debug] QUERY OK source="fun_with_flags_toggles" db=0.0ms
SELECT f0."id", f0."flag_name", f0."gate_type", f0."target", f0."enabled" FROM "fun_with_flags_toggles" AS f0 WHERE (f0."flag_name" = $1) ["welcome_email_sequence"]
13:17:14.664 [debug] Telemetry event: [:fun_with_flags, :persistence, :write], metadata: %{flag_name: :welcome_email_sequence, gate: %FunWithFlags.Gate{type: :boolean, for: nil, enabled: true}}, measurements: %{system_time: 1756495034664624716}
13:17:14.664 request_id=GGBS7X7tG4pTJk0AACSM [info] GET /
13:17:14.664 request_id=GGBS7X7tG4pTJk0AACSM [debug] Processing with RsolvWeb.HomeLive.index/2
  Parameters: %{}
  Pipelines: [:browser]
13:17:14.664 request_id=GGBS7X7tG4pTJk0AACSM [info] Analytics event tracked
13:17:14.664 request_id=GGBS7X7tG4pTJk0AACSM [debug] QUERY OK db=0.0ms
SELECT create_analytics_partition_if_not_exists($1::date) [~D[2025-08-29]]
13:17:14.665 request_id=GGBS7X7tG4pTJk0AACSM [debug] QUERY OK source="analytics_events" db=0.0ms
INSERT INTO "analytics_events" ("metadata","event_type","visitor_id","page_path","inserted_at","updated_at") VALUES ($1,$2,$3,$4,$5,$6) RETURNING "id" [%{}, "page_view", "151a299481d75b87915f0c0537802d8c", "/", ~N[2025-08-29 19:17:14], ~N[2025-08-29 19:17:14]]
13:17:14.665 request_id=GGBS7X7tG4pTJk0AACSM [debug] QUERY OK source="fun_with_flags_toggles" db=0.0ms
SELECT f0."id", f0."flag_name", f0."gate_type", f0."target", f0."enabled" FROM "fun_with_flags_toggles" AS f0 WHERE (f0."flag_name" = $1) ["blog"]
13:17:14.665 request_id=GGBS7X7tG4pTJk0AACSM [debug] Telemetry event: [:fun_with_flags, :persistence, :read], metadata: %{flag_name: :blog, gate: nil}, measurements: %{system_time: 1756495034665247695}
13:17:14.665 request_id=GGBS7X7tG4pTJk0AACSM [info] ROI Calculator LiveComponent mounting...
13:17:14.665 request_id=GGBS7X7tG4pTJk0AACSM [info] ROI Calculator LiveComponent mounted
13:17:14.665 request_id=GGBS7X7tG4pTJk0AACSM [info] Sent 200 in 746µs
13:17:14.667 [debug] MOUNT RsolvWeb.HomeLive
  Parameters: %{}
  Session: %{"_csrf_token" => "bxDDrdna6yf0HPuwC-EjG7cp"}
13:17:14.667 [info] Analytics event tracked
13:17:14.667 [debug] QUERY OK db=0.0ms
SELECT create_analytics_partition_if_not_exists($1::date) [~D[2025-08-29]]
13:17:14.667 [debug] QUERY OK source="analytics_events" db=0.0ms
INSERT INTO "analytics_events" ("metadata","event_type","visitor_id","page_path","inserted_at","updated_at") VALUES ($1,$2,$3,$4,$5,$6) RETURNING "id" [%{}, "page_view", "343aafa0e4d9fe197fe38cfc79e68ee1", "/", ~N[2025-08-29 19:17:14], ~N[2025-08-29 19:17:14]]
13:17:14.667 [debug] Replied in 310µs
13:17:14.667 [debug] QUERY OK source="fun_with_flags_toggles" db=0.0ms
SELECT f0."id", f0."flag_name", f0."gate_type", f0."target", f0."enabled" FROM "fun_with_flags_toggles" AS f0 WHERE (f0."flag_name" = $1) ["blog"]
13:17:14.667 [debug] Telemetry event: [:fun_with_flags, :persistence, :read], metadata: %{flag_name: :blog, gate: nil}, measurements: %{system_time: 1756495034667655376}
13:17:14.667 [info] ROI Calculator LiveComponent mounting...
13:17:14.667 [info] ROI Calculator LiveComponent mounted
13:17:14.670 [debug] HANDLE EVENT "submit" in RsolvWeb.HomeLive
  Parameters: %{"signup" => %{"company" => "", "email" => "test@example.com"}}
13:17:14.670 [debug] QUERY OK source="fun_with_flags_toggles" db=0.0ms
SELECT f0."id", f0."flag_name", f0."gate_type", f0."target", f0."enabled" FROM "fun_with_flags_toggles" AS f0 WHERE (f0."flag_name" = $1) ["early_access_signup"]
13:17:14.670 [debug] Telemetry event: [:fun_with_flags, :persistence, :read], metadata: %{flag_name: :early_access_signup, gate: nil}, measurements: %{system_time: 1756495034670516996}
13:17:14.670 [info] Analytics event tracked
13:17:14.670 [debug] QUERY OK db=0.0ms
SELECT create_analytics_partition_if_not_exists($1::date) [~D[2025-08-29]]
13:17:14.670 [debug] QUERY OK source="analytics_events" db=0.0ms
INSERT INTO "analytics_events" ("metadata","event_type","visitor_id","page_path","inserted_at","updated_at") VALUES ($1,$2,$3,$4,$5,$6) RETURNING "id" [%{status: "submit", form_id: "early-access"}, "form_submit", "ff784307f96b72f9c4d61335879fda76", "/", ~N[2025-08-29 19:17:14], ~N[2025-08-29 19:17:14]]
13:17:14.670 [info] LiveView form submission received
13:17:14.670 [debug] QUERY OK source="early_access_signups" db=0.0ms
INSERT INTO "early_access_signups" ("email","inserted_at") VALUES ($1,$2) RETURNING "id" ["test@example.com", ~N[2025-08-29 19:17:14]]
13:17:14.671 [debug] QUERY OK source="early_access_signups" db=0.1ms
SELECT count(e0."id") FROM "early_access_signups" AS e0 []
13:17:14.671 [info] Successfully saved signup to database: test@example.com
13:17:14.671 [info] ConvertKit API key present: true
13:17:14.671 [info] ConvertKit API request successful
13:17:14.671 [info] ConvertKit: Successfully added subscriber
13:17:14.671 [info] Analytics event tracked
13:17:14.671 [debug] QUERY OK db=0.0ms
SELECT create_analytics_partition_if_not_exists($1::date) [~D[2025-08-29]]
13:17:14.671 [debug] QUERY OK source="analytics_events" db=0.0ms
INSERT INTO "analytics_events" ("metadata","event_type","visitor_id","page_path","inserted_at","updated_at") VALUES ($1,$2,$3,$4,$5,$6) RETURNING "id" [%{status: "success", source: "landing_page_liveview", form_id: "early-access", conversion_type: "early_access_signup", email_domain: "example.com"}, "form_success", "ff784307f96b72f9c4d61335879fda76", "/", ~N[2025-08-29 19:17:14], ~N[2025-08-29 19:17:14]]
13:17:14.671 [info] Analytics event tracked
13:17:14.671 [debug] QUERY OK db=0.0ms
SELECT create_analytics_partition_if_not_exists($1::date) [~D[2025-08-29]]
13:17:14.671 [debug] QUERY OK source="analytics_events" db=0.0ms
INSERT INTO "analytics_events" ("metadata","event_type","visitor_id","page_path","inserted_at","updated_at") VALUES ($1,$2,$3,$4,$5,$6) RETURNING "id" [%{source: "landing_page_liveview", form_id: "early-access", conversion_type: "early_access_signup", email_domain: "example.com"}, "conversion", "ff784307f96b72f9c4d61335879fda76", "/", ~N[2025-08-29 19:17:14], ~N[2025-08-29 19:17:14]]
13:17:14.671 [debug] QUERY OK source="fun_with_flags_toggles" db=0.0ms
SELECT f0."id", f0."flag_name", f0."gate_type", f0."target", f0."enabled" FROM "fun_with_flags_toggles" AS f0 WHERE (f0."flag_name" = $1) ["welcome_email_sequence"]
13:17:14.671 [debug] Telemetry event: [:fun_with_flags, :persistence, :read], metadata: %{flag_name: :welcome_email_sequence, gate: nil}, measurements: %{system_time: 1756495034671585361}
13:17:14.671 [info] [EMAIL SEQUENCE] Starting early access onboarding sequence
13:17:14.671 [info] [EMAIL SEQUENCE] About to call EmailService.send_early_access_welcome_email
13:17:14.671 [info] [EMAIL] send_early_access_welcome_email called
13:17:14.671 [info] [EMAIL DEBUG] Full email struct before sending
13:17:14.671 [info] [EMAIL DEBUG] Extracted recipient email
13:17:14.671 [info] [EMAIL DEBUG] Postmark configuration
13:17:14.671 [info] [EMAIL DEBUG] Email configuration
13:17:14.671 [info] [EMAIL] Attempting to send email via Postmark
13:17:14.672 [debug] Sending email with Bamboo.TestAdapter:

%Bamboo.Email{from: {"RSOLV Team", "support@rsolv.dev"}, to: [nil: "test@example.com"], cc: [], bcc: [], subject: "Welcome to RSOLV Early Access Program", html_body: "<div style=\"font-family: 'Helvetica Neue', Helvetica, Arial, sans-serif; max-width: 600px; margin: 0 auto; padding: 20px;\">\n  <h1 style=\"color: #2C3E50; margin-bottom: 20px;\">Welcome to RSOLV Early Access Program!</h1>\n\n  <p>Hi Test,</p>\n\n  <p>Thank you for joining our Early Access Program! You're now part of an exclusive group getting first access to RSOLV.</p>\n\n  <p>Here's what you need to know:</p>\n\n  <ul>\n    <li>You have full access to all current features</li>\n    <li>Your feedback is incredibly valuable to us during this phase</li>\n    <li>You'll receive priority support via email</li>\n  </ul>\n\n  <p>To get started with RSOLV:</p>\n\n  <ol>\n    <li><strong>Your API key will be sent in a follow-up email within 24 hours</strong></li>\n    <li>Once you receive your API key, install our GitHub Action (code below)</li>\n    <li>Set up your repository secrets with your API key</li>\n    <li>Tag your first issues with \"rsolv:automate\"</li>\n  </ol>\n\n  <div style=\"background-color: #fff3cd; border: 1px solid #ffeaa7; color: #856404; padding: 10px; border-radius: 5px; margin: 15px 0;\">\n    <strong>⏳ API Key Coming Soon:</strong> We'll send your personal API key within 24 hours. Look for an email with subject \"Your RSOLV API Key\".\n  </div>\n\n  <div style=\"background-color: #f8f9fa; padding: 15px; border-radius: 5px; margin: 20px 0;\">\n    <pre style=\"margin: 0; overflow-x: auto; white-space: pre-wrap; font-family: monospace;\">name: RSOLV AutoFix\non:\n  issues:\n    types: [opened, edited, labeled]\n\njobs:\n  autofix:\n    runs-on: ubuntu-latest\n    if: contains(github.event.issue.labels.*.name, 'rsolv:automate')\n    steps:\n      - uses: RSOLV-dev/rsolv-action@v1\n        with:\n          github-token: ${{ secrets.GITHUB_TOKEN }}\n          rsolv-api-key: ${{ secrets.RSOLV_API_KEY }}</pre>\n  </div>\n\n  <p>Need help? As an Early Access member, you have priority support - contact us at <a href=\"mailto:support@rsolv.dev\">support@rsolv.dev</a> and we'll personally assist you.</p>\n\n  <p>Your trial includes unlimited automated fixes during the Early Access period.</p>\n\n  <div style=\"margin-top: 30px; padding: 15px; border: 1px solid #e0e0e0; border-radius: 5px; background-color: #f9f9f9;\">\n    <h3 style=\"margin-top: 0; color: #2C3E50;\">Early Access Program Benefits</h3>\n    <ul>\n      <li>Unlimited usage during Early Access</li>\n      <li>Priority support and feature requests</li>\n      <li>Exclusive pricing when we launch</li>\n      <li>Direct access to our development team</li>\n    </ul>\n  </div>\n\n  <p>Best,<br>The RSOLV Team</p>\n\n  <div class=\"footer\" style=\"margin-top: 40px; padding-top: 20px; border-top: 1px solid #e0e0e0; font-size: 0.9em; color: #666;\">\n    <p>\n      You're receiving this email because you joined the RSOLV Early Access Program.\n      <br>\n      If you have any questions, simply reply to this email.\n    </p>\n    <p>\n      RSOLV, Inc. • support@rsolv.dev • © 2025\n    </p>\n    <p>\n      <a href=\"https://rsolv.dev/unsubscribe?email=test@example.com\">Unsubscribe</a> from these emails.\n    </p>\n  </div>\n</div>\n", text_body: "Welcome to RSOLV Early Access Program!\n\nHi Test,\n\nThank you for joining our Early Access Program! You're now part of an exclusive group getting first access to RSOLV.\n\nHere's what you need to know:\n- You have full access to all current features\n- Your feedback is incredibly valuable to us during this phase\n- You'll receive priority support via email\n\nTo get started with RSOLV:\n1. Your API key will be sent in a follow-up email within 24 hours\n2. Once you receive your API key, install our GitHub Action\n3. Set up your repository secrets with your API key\n4. Tag your first issues with \"AUTOFIX\"\n\n⏳ API KEY COMING SOON: We'll send your personal API key within 24 hours. Look for an email with subject \"Your RSOLV API Key\".\n\nNeed help? As an Early Access member, you have priority support - contact us at support@rsolv.dev and we'll personally assist you.\n\nYour trial includes unlimited automated fixes during the Early Access period.\n\nEARLY ACCESS PROGRAM BENEFITS:\n* Unlimited usage during Early Access\n* Priority support and feature requests\n* Exclusive pricing when we launch\n* Direct access to our development team\n\nBest,\nThe RSOLV Team\n\n---\nYou're receiving this email because you joined the RSOLV Early Access Program.\nIf you have any questions, simply reply to this email.\n\nRSOLV, Inc. • support@rsolv.dev\n\nTo unsubscribe, visit: https://rsolv.dev/unsubscribe?email=test@example.com\n", headers: %{"X-Postmark-Tag" => "early-access"}, attachments: [], assigns: %{}, private: %{tag: "early-access"}, blocked: false}

13:17:14.672 [info] [EMAIL DEBUG] Raw Postmark response
13:17:14.672 [info] [EMAIL] Email sent successfully via Postmark
13:17:14.672 [info] [EMAIL SEQUENCE] EmailService.send_early_access_welcome_email returned
13:17:14.672 [info] Attempting to tag subscriber
13:17:14.672 [info] ConvertKit: Attempting to tag test@example.com with tag 7700607
13:17:14.672 [info] ConvertKit: Successfully tagged test@example.com
13:17:14.672 [info] [EmailWorker] schedule_sequence called
13:17:14.672 [info] [EmailWorker] Found sequence
13:17:14.672 [info] [EmailWorker] Processing email config
13:17:14.672 [info] [EmailWorker] Skipping immediate email
13:17:14.672 [info] [EmailWorker] Processing email config
13:17:14.672 [info] [EmailWorker] Scheduling email
13:17:14.672 [info] [EmailWorker] Creating Oban job
13:17:14.672 [info] [EmailWorker] Job created
13:17:14.672 [info] Processing scheduled email
13:17:14.672 [error] Failed to send scheduled email
13:17:14.672 [info] [EmailWorker] Insert result
13:17:14.673 [info] [EmailWorker] Schedule result
13:17:14.673 [info] [EmailWorker] Processing email config
13:17:14.673 [info] [EmailWorker] Scheduling email
13:17:14.673 [info] [EmailWorker] Creating Oban job
13:17:14.673 [info] [EmailWorker] Job created
13:17:14.673 [info] Processing scheduled email
13:17:14.673 [info] [EMAIL DEBUG] Full email struct before sending
13:17:14.673 [info] [EMAIL DEBUG] Extracted recipient email
13:17:14.673 [info] [EMAIL DEBUG] Postmark configuration
13:17:14.673 [info] [EMAIL DEBUG] Email configuration
13:17:14.673 [info] [EMAIL] Attempting to send email via Postmark
13:17:14.673 [debug] Sending email with Bamboo.TestAdapter:

%Bamboo.Email{from: {"RSOLV Team", "support@rsolv.dev"}, to: [nil: "test@example.com"], cc: [], bcc: [], subject: "Verify Your RSOLV Setup - Need Any Help?", html_body: "<!DOCTYPE html>\n<html lang=\"en\">\n<head>\n  <meta charset=\"UTF-8\">\n  <meta name=\"viewport\" content=\"width=device-width, initial-scale=1.0\">\n  <title>Verify Your RSOLV Setup</title>\n  <style>\n    @import url('https://fonts.googleapis.com/css2?family=Space+Grotesk:wght@300;400;500;700&display=swap');\n    \n    body {\n      font-family: 'Space Grotesk', -apple-system, BlinkMacSystemFont, \"Segoe UI\", Roboto, Helvetica, Arial, sans-serif;\n      line-height: 1.6;\n      color: #333;\n      max-width: 600px;\n      margin: 0 auto;\n      padding: 20px;\n      background-color: #f8f9fa;\n    }\n    .container {\n      background-color: #ffffff;\n      border-radius: 8px;\n      padding: 30px;\n      box-shadow: 0 4px 6px rgba(0, 0, 0, 0.05);\n    }\n    .logo {\n      text-align: center;\n      margin-bottom: 30px;\n    }\n    .logo img {\n      max-width: 200px;\n    }\n    h1, h2, h3 {\n      color: #10b981;\n    }\n    .checklist {\n      background-color: #f3f4f6;\n      padding: 20px;\n      border-radius: 8px;\n      margin: 20px 0;\n    }\n    .checklist-item {\n      display: flex;\n      align-items: center;\n      margin-bottom: 15px;\n    }\n    .checklist-item input[type=\"checkbox\"] {\n      margin-right: 10px;\n    }\n    .status-box {\n      background-color: #fff3cd;\n      border: 1px solid #ffeaa7;\n      padding: 15px;\n      border-radius: 8px;\n      margin: 20px 0;\n    }\n    .success-box {\n      background-color: #d4edda;\n      border: 1px solid #c3e6cb;\n      padding: 15px;\n      border-radius: 8px;\n      margin: 20px 0;\n    }\n    .code {\n      background-color: #2d3748;\n      color: #e2e8f0;\n      padding: 15px;\n      border-radius: 5px;\n      font-family: 'Courier New', monospace;\n      overflow-x: auto;\n      margin: 15px 0;\n    }\n    .cta {\n      background-color: #10b981;\n      color: white;\n      padding: 12px 24px;\n      border-radius: 5px;\n      display: inline-block;\n      text-decoration: none;\n      font-weight: bold;\n      margin: 20px 0;\n    }\n    .footer {\n      margin-top: 40px;\n      font-size: 14px;\n      color: #6b7280;\n      border-top: 1px solid #e5e7eb;\n      padding-top: 20px;\n      text-align: center;\n    }\n  </style>\n</head>\n<body>\n  <div class=\"container\">\n    <div class=\"logo\">\n      <img src=\"https://rsolv.dev/images/rsolv_logo_transparent.png\" alt=\"RSOLV Logo\">\n    </div>\n    \n    <h1>Let's Verify Your RSOLV Setup</h1>\n    \n    <p>Hi {@first_name},</p>\n    \n    <p>It's been a few days since you signed up for RSOLV. We want to make sure you're all set up and ready to benefit from automated security scanning and remediation!</p>\n    \n    <div class=\"checklist\">\n      <h3>Quick Setup Checklist:</h3>\n      <div class=\"checklist-item\">\n        <input type=\"checkbox\" disabled> Connected your repositories for security scanning\n      </div>\n      <div class=\"checklist-item\">\n        <input type=\"checkbox\" disabled> Added the GitHub Action workflow for automated fixes\n      </div>\n      <div class=\"checklist-item\">\n        <input type=\"checkbox\" disabled> Set up your RSOLV_API_KEY as a repository secret\n      </div>\n      <div class=\"checklist-item\">\n        <input type=\"checkbox\" disabled> Reviewed security issues found by RSOLV\n      </div>\n      <div class=\"checklist-item\">\n        <input type=\"checkbox\" disabled> Generated and merged your first security fix PR\n      </div>\n    </div>\n    \n    <h2>Need Help with Setup?</h2>\n    \n    <p>If you haven't completed setup yet, here's a quick reminder of the steps:</p>\n    \n    <div class=\"code\">\n# In .github/workflows/rsolv.yml:\nname: RSOLV Security Fixes\n\non:\n  issues:\n    types: [labeled]\n\njobs:\n  security-fix:\n    if: contains(github.event.issue.labels.*.name, 'rsolv:automate')\n    runs-on: ubuntu-latest\n    steps:\n      - uses: rsolv-dev/rsolv-action@v1\n        with:\n          github-token: ${\"{{ secrets.GITHUB_TOKEN }}\"}\n          rsolv-api-key: ${\"{{ secrets.RSOLV_API_KEY }}\"}\n    </div>\n    \n    <div class=\"status-box\">\n      <strong>🎁 Remember:</strong> Your first 10 fixes are completely free! No credit card required. After that, you only pay $15 per fix that gets deployed.\n   " <> ..., text_body: "Let's Verify Your RSOLV Setup\n\nHi Test,\n\nIt's been a few days since you signed up for RSOLV. We want to make sure you're all set up and ready to automate your issue resolution!\n\nQuick Setup Checklist:\n[ ] Added the GitHub Action workflow to your repository\n[ ] Set up your RSOLV_API_KEY as a repository secret\n[ ] Tagged your first issue with \"rsolv:automate\"\n[ ] Reviewed and merged your first automated PR\n\nNeed Help with Setup?\nIf you haven't completed setup yet, visit: https://rsolv.dev/docs/getting-started\n\nRemember: Your first 10 fixes are completely free! No credit card required. After that, you only pay $15 per fix that gets deployed.\n\nCommon Questions:\n- Where do I get my API key? Check your welcome email or visit your dashboard\n- Can I use RSOLV on private repos? Yes! RSOLV works with both public and private repositories\n- What types of issues can RSOLV fix? Bug fixes, security vulnerabilities, performance issues, and more\n- How secure is it? We analyze every fix for security vulnerabilities before creating PRs\n\nPro Tip: Start with a simple issue first - something like \"Fix typo in README\" or \"Update deprecated function calls\".\n\nReady to get started? Tag an issue with \"rsolv:automate\" and watch the magic happen!\n\nIf you're stuck or have questions, just reply to this email.\n\nBest regards,\nThe RSOLV Team\n\n---\nTo unsubscribe, visit: https://rsolv.dev/unsubscribe?email=test@example.com\n", headers: %{"X-Postmark-Tag" => "setup-verification"}, attachments: [], assigns: %{}, private: %{tag: "setup-verification"}, blocked: false}

13:17:14.673 [info] [EMAIL DEBUG] Raw Postmark response
13:17:14.673 [info] [EMAIL] Email sent successfully via Postmark
13:17:14.673 [info] Successfully sent scheduled email
13:17:14.673 [info] [EmailWorker] Insert result
13:17:14.674 [info] [EmailWorker] Schedule result
13:17:14.674 [info] [EmailWorker] Processing email config
13:17:14.674 [info] [EmailWorker] Scheduling email
13:17:14.674 [info] [EmailWorker] Creating Oban job
13:17:14.674 [info] [EmailWorker] Job created
13:17:14.674 [info] Processing scheduled email
13:17:14.674 [info] [EMAIL DEBUG] Full email struct before sending
13:17:14.674 [info] [EMAIL DEBUG] Extracted recipient email
13:17:14.674 [info] [EMAIL DEBUG] Postmark configuration
13:17:14.674 [info] [EMAIL DEBUG] Email configuration
13:17:14.674 [info] [EMAIL] Attempting to send email via Postmark
13:17:14.674 [debug] Sending email with Bamboo.TestAdapter:

%Bamboo.Email{from: {"RSOLV Team", "support@rsolv.dev"}, to: [nil: "test@example.com"], cc: [], bcc: [], subject: "Advanced RSOLV Features You Might Have Missed", html_body: "<!DOCTYPE html>\n<html lang=\"en\">\n<head>\n  <meta charset=\"UTF-8\">\n  <meta name=\"viewport\" content=\"width=device-width, initial-scale=1.0\">\n  <title>Advanced RSOLV Features</title>\n  <style>\n    @import url('https://fonts.googleapis.com/css2?family=Space+Grotesk:wght@300;400;500;700&display=swap');\n    \n    body {\n      font-family: 'Space Grotesk', -apple-system, BlinkMacSystemFont, \"Segoe UI\", Roboto, Helvetica, Arial, sans-serif;\n      line-height: 1.6;\n      color: #333;\n      max-width: 600px;\n      margin: 0 auto;\n      padding: 20px;\n      background-color: #f8f9fa;\n    }\n    .container {\n      background-color: #ffffff;\n      border-radius: 8px;\n      padding: 30px;\n      box-shadow: 0 4px 6px rgba(0, 0, 0, 0.05);\n    }\n    .logo {\n      text-align: center;\n      margin-bottom: 30px;\n    }\n    .logo img {\n      max-width: 200px;\n    }\n    h1, h2, h3 {\n      color: #10b981;\n    }\n    .feature-card {\n      background-color: #f3f4f6;\n      padding: 20px;\n      border-radius: 8px;\n      margin-bottom: 20px;\n      border-left: 4px solid #10b981;\n    }\n    .feature-card h3 {\n      margin-top: 0;\n    }\n    .code {\n      background-color: #2d3748;\n      color: #e2e8f0;\n      padding: 15px;\n      border-radius: 5px;\n      font-family: 'Courier New', monospace;\n      overflow-x: auto;\n      margin: 15px 0;\n      font-size: 14px;\n    }\n    .pro-tip {\n      background-color: #fff3cd;\n      border: 1px solid #ffeaa7;\n      padding: 15px;\n      border-radius: 8px;\n      margin: 20px 0;\n    }\n    .security-highlight {\n      background-color: #d4edda;\n      border: 1px solid #c3e6cb;\n      padding: 15px;\n      border-radius: 8px;\n      margin: 20px 0;\n    }\n    .cta {\n      background-color: #10b981;\n      color: white;\n      padding: 12px 24px;\n      border-radius: 5px;\n      display: inline-block;\n      text-decoration: none;\n      font-weight: bold;\n      margin: 20px 0;\n    }\n    .footer {\n      margin-top: 40px;\n      font-size: 14px;\n      color: #6b7280;\n      border-top: 1px solid #e5e7eb;\n      padding-top: 20px;\n      text-align: center;\n    }\n  </style>\n</head>\n<body>\n  <div class=\"container\">\n    <div class=\"logo\">\n      <img src=\"https://rsolv.dev/images/rsolv_logo_transparent.png\" alt=\"RSOLV Logo\">\n    </div>\n    \n    <h1>Unlock the Full Power of RSOLV</h1>\n    \n    <p>Hi {@first_name},</p>\n    \n    <p>You've been using RSOLV for a few days now. Here are some advanced features and techniques that can help you get even more value from automated security scanning and vulnerability remediation:</p>\n    \n    <div class=\"feature-card\">\n      <h3>🎯 Understanding RSOLV's Proactive Scanning</h3>\n      <p>RSOLV continuously scans your repositories for security vulnerabilities and automatically creates issues with detailed remediation plans:</p>\n      <ul>\n        <li><strong>Automated detection:</strong> Scans all files for 180+ vulnerability patterns (and growing)</li>\n        <li><strong>Smart grouping:</strong> Groups similar issues for efficient review</li>\n        <li><strong>Detailed reports:</strong> Shows exact file locations and vulnerable code</li>\n        <li><strong>Fix generation:</strong> Creates secure PRs that address root causes</li>\n      </ul>\n    </div>\n    \n    <div class=\"feature-card\">\n      <h3>🔒 Comprehensive Security Coverage</h3>\n      <p>RSOLV proactively detects and fixes these vulnerability types across your codebase:</p>\n      <ul>\n        <li>SQL/NoSQL injection vulnerabilities</li>\n        <li>Cross-site scripting (XSS) risks</li>\n        <li>Authentication/authorization flaws</li>\n        <li>Insecure cryptographic implementations</li>\n        <li>Hardcoded secrets and API keys</li>\n        <li>Path traversal and open redirects</li>\n        <li>Insecure dependencies and configurations</li>\n      </ul>\n      <p>Each PR includes a detailed security impact assessment and verification tests.</p>\n    </div>\n    \n    <div class=\"security-highlight\">\n      <strong>🛡️ Security Example:</strong> When RSOLV detects unsafe user input handling, it automatically generates fixes with proper sanitization, p" <> ..., text_body: "Unlock the Full Power of RSOLV\n\nHi Test,\n\nYou've been using RSOLV for a few days now. Here are some advanced features and techniques:\n\n1. Writing Better Issues for Better Fixes:\n   - Include error messages: Copy the full stack trace\n   - Specify the file/function: \"Fix pagination in UserList.js\"\n   - Describe expected behavior: \"Should show 10 users per page\"\n   - Add context: \"This broke after upgrading to React 18\"\n\n2. Security-First Fixes:\n   RSOLV automatically scans for:\n   - SQL injection vulnerabilities\n   - Cross-site scripting (XSS) risks\n   - Authentication/authorization issues\n   - Insecure dependencies\n   - Hardcoded secrets or API keys\n\n3. Batch Processing:\n   Tag multiple issues with \"rsolv:automate\" and RSOLV creates separate PRs for each.\n\n4. Customizing RSOLV Behavior:\n   Add these tags to your issues:\n   - [performance] - Optimize for speed\n   - [security] - Extra security focus\n   - [minimal] - Smallest possible change\n   - [refactor] - Clean up while fixing\n\nComing Soon:\n- Support for more languages (Go, Rust, PHP)\n- Custom fix preferences per repository\n- Team collaboration features\n- Integration with more platforms\n\nHave a feature request? Just reply to this email!\n\nView advanced documentation: https://rsolv.dev/docs/advanced\n\nBest regards,\nThe RSOLV Team\n\n---\nTo unsubscribe, visit: https://rsolv.dev/unsubscribe?email=test@example.com\n", headers: %{"X-Postmark-Tag" => "feature-deep-dive"}, attachments: [], assigns: %{}, private: %{tag: "feature-deep-dive"}, blocked: false}

13:17:14.674 [info] [EMAIL DEBUG] Raw Postmark response
13:17:14.674 [info] [EMAIL] Email sent successfully via Postmark
13:17:14.674 [info] Successfully sent scheduled email
13:17:14.674 [info] [EmailWorker] Insert result
13:17:14.675 [info] [EmailWorker] Schedule result
13:17:14.675 [info] [EmailWorker] Processing email config
13:17:14.675 [info] [EmailWorker] Scheduling email
13:17:14.675 [info] [EmailWorker] Creating Oban job
13:17:14.675 [info] [EmailWorker] Job created
13:17:14.675 [info] Processing scheduled email
13:17:14.675 [info] [EMAIL DEBUG] Full email struct before sending
13:17:14.675 [info] [EMAIL DEBUG] Extracted recipient email
13:17:14.675 [info] [EMAIL DEBUG] Postmark configuration
13:17:14.675 [info] [EMAIL DEBUG] Email configuration
13:17:14.675 [info] [EMAIL] Attempting to send email via Postmark
13:17:14.675 [debug] Sending email with Bamboo.TestAdapter:

%Bamboo.Email{from: {"RSOLV Team", "support@rsolv.dev"}, to: [nil: "test@example.com"], cc: [], bcc: [], subject: "How's Your Experience with RSOLV?", html_body: "<!DOCTYPE html>\n<html lang=\"en\">\n<head>\n  <meta charset=\"UTF-8\">\n  <meta name=\"viewport\" content=\"width=device-width, initial-scale=1.0\">\n  <title>How's Your RSOLV Experience?</title>\n  <style>\n    @import url('https://fonts.googleapis.com/css2?family=Space+Grotesk:wght@300;400;500;700&display=swap');\n    \n    body {\n      font-family: 'Space Grotesk', -apple-system, BlinkMacSystemFont, \"Segoe UI\", Roboto, Helvetica, Arial, sans-serif;\n      line-height: 1.6;\n      color: #333;\n      max-width: 600px;\n      margin: 0 auto;\n      padding: 20px;\n      background-color: #f8f9fa;\n    }\n    .container {\n      background-color: #ffffff;\n      border-radius: 8px;\n      padding: 30px;\n      box-shadow: 0 4px 6px rgba(0, 0, 0, 0.05);\n    }\n    .logo {\n      text-align: center;\n      margin-bottom: 30px;\n    }\n    .logo img {\n      max-width: 200px;\n    }\n    h1, h2, h3 {\n      color: #10b981;\n    }\n    .survey-card {\n      background-color: #f3f4f6;\n      padding: 20px;\n      border-radius: 8px;\n      margin: 20px 0;\n      text-align: center;\n    }\n    .rating-container {\n      display: flex;\n      justify-content: center;\n      gap: 10px;\n      margin: 20px 0;\n    }\n    .rating-box {\n      width: 40px;\n      height: 40px;\n      border: 2px solid #10b981;\n      border-radius: 8px;\n      display: flex;\n      align-items: center;\n      justify-content: center;\n      text-decoration: none;\n      color: #10b981;\n      font-weight: bold;\n      transition: all 0.3s ease;\n    }\n    .rating-box:hover {\n      background-color: #10b981;\n      color: white;\n    }\n    .question-box {\n      background-color: #f9fafb;\n      padding: 20px;\n      border-radius: 8px;\n      margin: 20px 0;\n      border-left: 4px solid #10b981;\n    }\n    .success-story {\n      background-color: #d4edda;\n      border: 1px solid #c3e6cb;\n      padding: 15px;\n      border-radius: 8px;\n      margin: 20px 0;\n    }\n    .cta {\n      background-color: #10b981;\n      color: white;\n      padding: 12px 24px;\n      border-radius: 5px;\n      display: inline-block;\n      text-decoration: none;\n      font-weight: bold;\n      margin: 20px 0;\n    }\n    .cta-secondary {\n      background-color: #6b7280;\n      color: white;\n      padding: 12px 24px;\n      border-radius: 5px;\n      display: inline-block;\n      text-decoration: none;\n      font-weight: bold;\n      margin: 20px 0;\n    }\n    .footer {\n      margin-top: 40px;\n      font-size: 14px;\n      color: #6b7280;\n      border-top: 1px solid #e5e7eb;\n      padding-top: 20px;\n      text-align: center;\n    }\n  </style>\n</head>\n<body>\n  <div class=\"container\">\n    <div class=\"logo\">\n      <img src=\"https://rsolv.dev/images/rsolv_logo_transparent.png\" alt=\"RSOLV Logo\">\n    </div>\n    \n    <h1>Quick Check-In: How's RSOLV Working for You?</h1>\n    \n    <p>Hi {@first_name},</p>\n    \n    <p>You've been using RSOLV for a week now, and we'd love to hear about your experience! Your feedback helps us make RSOLV better for everyone.</p>\n    \n    <div class=\"survey-card\">\n      <h3>How likely are you to recommend RSOLV to a colleague?</h3>\n      <p>Click a number below:</p>\n      <div class=\"rating-container\">\n        <a href=\"https://rsolv.dev/feedback?rating=1&email={@email}\" class=\"rating-box\">1</a>\n        <a href=\"https://rsolv.dev/feedback?rating=2&email={@email}\" class=\"rating-box\">2</a>\n        <a href=\"https://rsolv.dev/feedback?rating=3&email={@email}\" class=\"rating-box\">3</a>\n        <a href=\"https://rsolv.dev/feedback?rating=4&email={@email}\" class=\"rating-box\">4</a>\n        <a href=\"https://rsolv.dev/feedback?rating=5&email={@email}\" class=\"rating-box\">5</a>\n        <a href=\"https://rsolv.dev/feedback?rating=6&email={@email}\" class=\"rating-box\">6</a>\n        <a href=\"https://rsolv.dev/feedback?rating=7&email={@email}\" class=\"rating-box\">7</a>\n        <a href=\"https://rsolv.dev/feedback?rating=8&email={@email}\" class=\"rating-box\">8</a>\n        <a href=\"https://rsolv.dev/feedback?rating=9&email={@email}\" class=\"rating-box\">9</a>\n        <a href=\"https://rsolv.dev/feedback?rating=10&email={@email}\" class=\"rating-box\">10</a>\n      </div>\n" <> ..., text_body: "Quick Check-In: How's RSOLV Working for You?\n\nHi Test,\n\nYou've been using RSOLV for a week now, and we'd love to hear about your experience!\n\nHow likely are you to recommend RSOLV to a colleague?\nRate us from 1-10: https://rsolv.dev/feedback?email=test@example.com\n\nThree Quick Questions:\n1. What's been your favorite RSOLV fix so far?\n2. What feature would you like to see next?\n3. Any challenges or friction points?\n\nJust hit reply and share your thoughts - we read every response!\n\nDid You Know?\nHere are some ways other teams are using RSOLV:\n- Security audits: Tag all security-related issues for automated fixes\n- Tech debt cleanup: Fix deprecated function calls across the codebase\n- Onboarding tool: Let new devs see how fixes should be implemented\n- Weekend warrior: Queue up fixes on Friday, review on Monday\n\nThanks for being an early adopter!\n\nBest regards,\nDylan & The RSOLV Team\n\nP.S. If RSOLV has saved you time this week, we'd love to hear about it!\n\n---\nTo unsubscribe, visit: https://rsolv.dev/unsubscribe?email=test@example.com\n", headers: %{"X-Postmark-Tag" => "feedback-request"}, attachments: [], assigns: %{}, private: %{tag: "feedback-request"}, blocked: false}

13:17:14.675 [info] [EMAIL DEBUG] Raw Postmark response
13:17:14.675 [info] [EMAIL] Email sent successfully via Postmark
13:17:14.675 [info] Successfully sent scheduled email
13:17:14.675 [info] [EmailWorker] Insert result
13:17:14.676 [info] [EmailWorker] Schedule result
13:17:14.676 [info] [EmailWorker] Processing email config
13:17:14.676 [info] [EmailWorker] Scheduling email
13:17:14.676 [info] [EmailWorker] Creating Oban job
13:17:14.676 [info] [EmailWorker] Job created
13:17:14.676 [info] Processing scheduled email
13:17:14.676 [info] [EMAIL DEBUG] Full email struct before sending
13:17:14.676 [info] [EMAIL DEBUG] Extracted recipient email
13:17:14.676 [info] [EMAIL DEBUG] Postmark configuration
13:17:14.676 [info] [EMAIL DEBUG] Email configuration
13:17:14.676 [info] [EMAIL] Attempting to send email via Postmark
13:17:14.676 [debug] Sending email with Bamboo.TestAdapter:

%Bamboo.Email{from: {"RSOLV Team", "support@rsolv.dev"}, to: [nil: "test@example.com"], cc: [], bcc: [], subject: "Your RSOLV Success Report", html_body: "<!DOCTYPE html>\n<html lang=\"en\">\n<head>\n  <meta charset=\"UTF-8\">\n  <meta name=\"viewport\" content=\"width=device-width, initial-scale=1.0\">\n  <title>Your RSOLV Success Report</title>\n  <style>\n    @import url('https://fonts.googleapis.com/css2?family=Space+Grotesk:wght@300;400;500;700&display=swap');\n    \n    body {\n      font-family: 'Space Grotesk', -apple-system, BlinkMacSystemFont, \"Segoe UI\", Roboto, Helvetica, Arial, sans-serif;\n      line-height: 1.6;\n      color: #333;\n      max-width: 600px;\n      margin: 0 auto;\n      padding: 20px;\n      background-color: #f8f9fa;\n    }\n    .container {\n      background-color: #ffffff;\n      border-radius: 8px;\n      padding: 30px;\n      box-shadow: 0 4px 6px rgba(0, 0, 0, 0.05);\n    }\n    .logo {\n      text-align: center;\n      margin-bottom: 30px;\n    }\n    .logo img {\n      max-width: 200px;\n    }\n    h1, h2, h3 {\n      color: #10b981;\n    }\n    .stats-grid {\n      display: grid;\n      grid-template-columns: 1fr 1fr;\n      gap: 20px;\n      margin: 30px 0;\n    }\n    .stat-card {\n      background-color: #f3f4f6;\n      padding: 20px;\n      border-radius: 8px;\n      text-align: center;\n      border-top: 4px solid #10b981;\n    }\n    .stat-number {\n      font-size: 36px;\n      font-weight: bold;\n      color: #10b981;\n      margin: 10px 0;\n    }\n    .stat-label {\n      color: #6b7280;\n      font-size: 14px;\n    }\n    .achievement-banner {\n      background: linear-gradient(135deg, #10b981 0%, #059669 100%);\n      color: white;\n      padding: 20px;\n      border-radius: 8px;\n      text-align: center;\n      margin: 20px 0;\n    }\n    .timeline {\n      margin: 30px 0;\n    }\n    .timeline-item {\n      display: flex;\n      margin-bottom: 20px;\n      align-items: flex-start;\n    }\n    .timeline-marker {\n      width: 40px;\n      height: 40px;\n      background-color: #10b981;\n      color: white;\n      border-radius: 50%;\n      display: flex;\n      align-items: center;\n      justify-content: center;\n      flex-shrink: 0;\n      margin-right: 15px;\n    }\n    .timeline-content {\n      flex-grow: 1;\n    }\n    .pricing-highlight {\n      background-color: #fff3cd;\n      border: 1px solid #ffeaa7;\n      padding: 20px;\n      border-radius: 8px;\n      margin: 20px 0;\n      text-align: center;\n    }\n    .cta {\n      background-color: #10b981;\n      color: white;\n      padding: 12px 24px;\n      border-radius: 5px;\n      display: inline-block;\n      text-decoration: none;\n      font-weight: bold;\n      margin: 20px 0;\n    }\n    .cta-secondary {\n      background-color: #2563eb;\n      color: white;\n      padding: 12px 24px;\n      border-radius: 5px;\n      display: inline-block;\n      text-decoration: none;\n      font-weight: bold;\n      margin: 20px 0;\n    }\n    .footer {\n      margin-top: 40px;\n      font-size: 14px;\n      color: #6b7280;\n      border-top: 1px solid #e5e7eb;\n      padding-top: 20px;\n      text-align: center;\n    }\n    @media (max-width: 600px) {\n      .stats-grid {\n        grid-template-columns: 1fr;\n      }\n    }\n  </style>\n</head>\n<body>\n  <div class=\"container\">\n    <div class=\"logo\">\n      <img src=\"https://rsolv.dev/images/rsolv_logo_transparent.png\" alt=\"RSOLV Logo\">\n    </div>\n    \n    <h1>Your 2-Week RSOLV Success Report 🎉</h1>\n    \n    <p>Hi {@first_name},</p>\n    \n    <p>Congratulations! You've been using RSOLV for two weeks. Here's a snapshot of what we've accomplished together:</p>\n    \n    <div class=\"stats-grid\">\n      <div class=\"stat-card\">\n        <div class=\"stat-label\">Issues Fixed</div>\n        <div class=\"stat-number\">{Map.get(@usage_stats || %{}, :issues_fixed, 0)}</div>\n      </div>\n      <div class=\"stat-card\">\n        <div class=\"stat-label\">PRs Created</div>\n        <div class=\"stat-number\">{Map.get(@usage_stats || %{}, :prs_created, 0)}</div>\n      </div>\n      <div class=\"stat-card\">\n        <div class=\"stat-label\">Time Saved</div>\n        <div class=\"stat-number\">{Map.get(@usage_stats || %{}, :time_saved, \"0 hrs\")}</div>\n      </div>\n      <div class=\"stat-card\">\n        <div class=\"stat-label\">Security Issues Found</div>\n        <div class=\"stat-number\">{Map.ge" <> ..., text_body: "Your 2-Week RSOLV Success Report\n\nHi Test,\n\nCongratulations! You've been using RSOLV for two weeks. Here's what we've accomplished together:\n\nYour Stats:\n- Issues Fixed: Check your dashboard\n- PRs Created: Check your dashboard\n- Time Saved: Check your dashboard\n- Security Issues Found: Check your dashboard\n\nYour Trial Status:\nCheck how many free fixes you have remaining at: https://rsolv.dev/dashboard\n\nWhat's Next?\n- Expand to more repositories\n- Automate security audits\n- Clean up tech debt\n- Train your team\n\nNeed Help Scaling Up?\nI'd love to help you get even more value from RSOLV:\n- Schedule a 15-minute optimization call\n- Get best practices for your specific tech stack\n- Learn about volume discounts for teams\n\nJust reply to this email and let me know how I can help!\n\nThanks for being part of the RSOLV community.\n\nBest regards,\nDylan Fitzgerald\nFounder, RSOLV\n\nP.S. If RSOLV has been valuable to your team, I'd be grateful if you could share a quick testimonial.\n\n---\nTo unsubscribe, visit: https://rsolv.dev/unsubscribe?email=test@example.com\n", headers: %{"X-Postmark-Tag" => "success-checkin"}, attachments: [], assigns: %{}, private: %{tag: "success-checkin"}, blocked: false}

13:17:14.676 [info] [EMAIL DEBUG] Raw Postmark response
13:17:14.676 [info] [EMAIL] Email sent successfully via Postmark
13:17:14.676 [info] Successfully sent scheduled email
13:17:14.676 [info] [EmailWorker] Insert result
13:17:14.677 [info] [EmailWorker] Schedule result
13:17:14.677 [info] [HOME LIVE] About to send admin notification email
13:17:14.677 [debug] Sending email with Bamboo.TestAdapter:

%Bamboo.Email{from: {"RSOLV Team", "support@rsolv.dev"}, to: [nil: "admin@rsolv.dev"], cc: [], bcc: [], subject: "🎉 New RSOLV Signup: test@example.com", html_body: "<!DOCTYPE html>\n<html>\n<head>\n  <meta charset=\"utf-8\">\n  <style>\n    body { font-family: -apple-system, BlinkMacSystemFont, 'Segoe UI', Roboto, sans-serif; line-height: 1.6; color: #333; }\n    .container { max-width: 600px; margin: 0 auto; padding: 20px; }\n    .header { background: #10b981; color: white; padding: 20px; border-radius: 8px 8px 0 0; }\n    .content { background: #f9fafb; padding: 20px; border: 1px solid #e5e7eb; border-radius: 0 0 8px 8px; }\n    .metric { display: inline-block; margin: 10px 20px 10px 0; }\n    .metric-label { font-size: 12px; color: #6b7280; text-transform: uppercase; }\n    .metric-value { font-size: 18px; font-weight: bold; color: #111827; }\n    .details { background: white; padding: 15px; border-radius: 4px; margin: 15px 0; }\n    .detail-row { display: flex; justify-content: space-between; padding: 8px 0; border-bottom: 1px solid #f3f4f6; }\n    .detail-row:last-child { border-bottom: none; }\n    .detail-label { font-weight: 500; color: #6b7280; }\n    .detail-value { color: #111827; }\n    .utm-badge { display: inline-block; background: #dbeafe; color: #1e40af; padding: 2px 8px; border-radius: 4px; font-size: 12px; margin-left: 4px; }\n  </style>\n</head>\n<body>\n  <div class=\"container\">\n    <div class=\"header\">\n      <h1 style=\"margin: 0; font-size: 24px;\">🎉 New RSOLV Signup!</h1>\n      <p style=\"margin: 5px 0 0 0; opacity: 0.9;\">August 29, 2025 at 07:17 PM UTC</p>\n    </div>\n    \n    <div class=\"content\">\n      <div class=\"metric\">\n        <div class=\"metric-label\">Email</div>\n        <div class=\"metric-value\">test@example.com</div>\n      </div>\n      \n      <div class=\"metric\">\n              <div class=\"metric-label\">Company</div>\n              <div class=\"metric-value\"></div>\n            </div>\n      \n      <div class=\"details\">\n        <h3 style=\"margin-top: 0;\">Signup Details</h3>\n        \n        <div class=\"detail-row\">\n          <span class=\"detail-label\">Source</span>\n          <span class=\"detail-value\">\n            landing_page_liveview\n            \n          </span>\n        </div>\n        \n        \n        \n        \n        \n        \n      </div>\n      \n      <div style=\"margin-top: 20px; text-align: center;\">\n        <a href=\"https://rsolv.dev/live/dashboard\" style=\"display: inline-block; background: #10b981; color: white; padding: 10px 20px; text-decoration: none; border-radius: 4px;\">\n          View Dashboard\n        </a>\n      </div>\n    </div>\n  </div>\n</body>\n</html>\n", text_body: "🎉 New RSOLV Signup!\n\nEmail: test@example.com\nCompany: \n\nTime: August 29, 2025 at 07:17 PM UTC\n\nSource Details:\n- Source: landing_page_liveview\n\n\n\n\n\nView full dashboard: https://rsolv.dev/live/dashboard\n", headers: %{"Message-ID" => "<1756495034.356777@rsolv.dev>", "X-Postmark-Tag" => "admin-notification", "X-Priority" => "1"}, attachments: [], assigns: %{}, private: %{tag: "admin-notification"}, blocked: false}

13:17:14.677 [info] [HOME LIVE] Successfully sent admin notification email
13:17:14.677 [debug] Replied in 6ms
.13:17:14.779 [info] AUDIT_EVENT: api_call
.13:17:14.780 [info] AUDIT_EVENT: test_event
.13:17:14.780 [info] AUDIT_EVENT: parser_spawned
.13:17:14.780 [info] AUDIT_EVENT: rate_limit_exceeded
.13:17:14.780 [info] AUDIT_EVENT: old_event
13:17:14.780 [info] AUDIT_EVENT: recent_event
.13:17:14.780 [info] AUDIT_EVENT: session_created
13:17:14.780 [info] AUDIT_EVENT: file_encrypted
13:17:14.780 [info] AUDIT_EVENT: ast_parsed
13:17:14.780 [info] AUDIT_EVENT: session_cleaned
.13:17:14.780 [info] AUDIT_EVENT: event1
13:17:14.780 [info] AUDIT_EVENT: event2
13:17:14.780 [info] AUDIT_EVENT: unrelated
.13:17:14.780 [info] AUDIT_EVENT: session_created
13:17:14.780 [info] AUDIT_EVENT: file_encrypted
.13:17:14.780 [info] AUDIT_EVENT: parser_spawned
..13:17:14.780 [info] AUDIT_EVENT: test1
13:17:14.780 [info] AUDIT_EVENT: test2
.13:17:14.783 [info] AUDIT_EVENT: test_event
13:17:14.783 [info] AUDIT_EVENT: test_event
13:17:14.783 [info] AUDIT_EVENT: test_event
13:17:14.783 [info] AUDIT_EVENT: test_event
13:17:14.783 [info] AUDIT_EVENT: test_event
.13:17:14.783 [info] AUDIT_EVENT: malicious_input_detected
13:17:14.783 [info] AUDIT_EVENT: malicious_input_detected
13:17:14.783 [info] AUDIT_EVENT: rate_limit_exceeded
13:17:14.783 [info] AUDIT_EVENT: parser_spawned
.13:17:14.783 [info] AUDIT_EVENT: test_event
13:17:14.783 [info] AUDIT_EVENT: test_event
.13:17:14.783 [info] AUDIT_EVENT: test_event
.13:17:14.783 [info] AUDIT_EVENT: any_event
.13:17:14.783 [info] AUDIT_EVENT: malicious_input_detected
.13:17:14.783 [info] AUDIT_EVENT: parser_spawned
13:17:14.783 [info] AUDIT_EVENT: parser_timeout
13:17:14.783 [info] AUDIT_EVENT: parser_crashed
.13:17:14.783 [info] AUDIT_EVENT: code_exfiltration_attempt
13:17:14.784 [debug] QUERY OK source="users" db=0.2ms
INSERT INTO "users" ("email","hashed_password","inserted_at","updated_at") VALUES ($1,$2,$3,$4) RETURNING "id" ["test5900@example.com", "dummy_hash", ~U[2025-08-29 19:17:14Z], ~U[2025-08-29 19:17:14Z]]
13:17:14.784 [debug] QUERY OK source="customers" db=0.1ms
INSERT INTO "customers" ("active","name","metadata","plan","api_key","email","user_id","monthly_limit","current_usage","inserted_at","updated_at") VALUES ($1,$2,$3,$4,$5,$6,$7,$8,$9,$10,$11) RETURNING "id" [true, "Test Customer 5900", %{}, "standard", "test_api_key_5900", "test5900@example.com", 18219, 100, 0, ~N[2025-08-29 19:17:14], ~N[2025-08-29 19:17:14]]
13:17:14.784 [debug] QUERY OK source="forge_accounts" db=0.1ms
INSERT INTO "forge_accounts" ("metadata","namespace","customer_id","forge_type","verified_at","inserted_at","updated_at") VALUES ($1,$2,$3,$4,$5,$6,$7) RETURNING "id" [%{}, "test-org-5900", 17674, :github, ~U[2025-08-29 19:17:14.784703Z], ~U[2025-08-29 19:17:14.784712Z], ~U[2025-08-29 19:17:14.784712Z]]
13:17:14.785 [debug] QUERY OK source="cached_validations" db=0.2ms
INSERT INTO "cached_validations" ("reason","cache_key","repository","confidence","forge_account_id","locations","vulnerability_type","file_hashes","is_false_positive","ttl_expires_at","cached_at","inserted_at","updated_at") VALUES ($1,$2,$3,$4,$5,$6,$7,$8,$9,$10,$11,$12,$13) ON CONFLICT ("cache_key") DO UPDATE SET "updated_at" = EXCLUDED."updated_at","inserted_at" = EXCLUDED."inserted_at","forge_account_id" = EXCLUDED."forge_account_id","invalidation_reason" = EXCLUDED."invalidation_reason","invalidated_at" = EXCLUDED."invalidated_at","ttl_expires_at" = EXCLUDED."ttl_expires_at","cached_at" = EXCLUDED."cached_at","full_result" = EXCLUDED."full_result","reason" = EXCLUDED."reason","confidence" = EXCLUDED."confidence","is_false_positive" = EXCLUDED."is_false_positive","file_hashes" = EXCLUDED."file_hashes","locations" = EXCLUDED."locations","vulnerability_type" = EXCLUDED."vulnerability_type","repository" = EXCLUDED."repository","cache_key" = EXCLUDED."cache_key" RETURNING "id","updated_at","inserted_at","forge_account_id","invalidation_reason","invalidated_at","ttl_expires_at","cached_at","full_result","reason","confidence","is_false_positive","file_hashes","locations","vulnerability_type","repository","cache_key" ["No user input flow detected", "15827/RSOLV-dev/nodegoat/[app.js:42]:sql-injection", "RSOLV-dev/nodegoat", Decimal.new("0.95"), 15827, [%{line: 42, file_path: "app.js"}], "sql-injection", %{"app.js" => "sha256:abc123"}, true, ~U[2025-11-27 19:17:14.784896Z], ~U[2025-08-29 19:17:14.784896Z], ~U[2025-08-29 19:17:14.784942Z], ~U[2025-08-29 19:17:14.784942Z]]
13:17:14.785 [debug] Cached validation stored
13:17:14.785 [debug] QUERY OK source="cached_validations" db=0.1ms
INSERT INTO "cached_validations" ("reason","cache_key","repository","confidence","forge_account_id","locations","vulnerability_type","file_hashes","is_false_positive","ttl_expires_at","cached_at","inserted_at","updated_at") VALUES ($1,$2,$3,$4,$5,$6,$7,$8,$9,$10,$11,$12,$13) ON CONFLICT ("cache_key") DO UPDATE SET "updated_at" = EXCLUDED."updated_at","inserted_at" = EXCLUDED."inserted_at","forge_account_id" = EXCLUDED."forge_account_id","invalidation_reason" = EXCLUDED."invalidation_reason","invalidated_at" = EXCLUDED."invalidated_at","ttl_expires_at" = EXCLUDED."ttl_expires_at","cached_at" = EXCLUDED."cached_at","full_result" = EXCLUDED."full_result","reason" = EXCLUDED."reason","confidence" = EXCLUDED."confidence","is_false_positive" = EXCLUDED."is_false_positive","file_hashes" = EXCLUDED."file_hashes","locations" = EXCLUDED."locations","vulnerability_type" = EXCLUDED."vulnerability_type","repository" = EXCLUDED."repository","cache_key" = EXCLUDED."cache_key" RETURNING "id","updated_at","inserted_at","forge_account_id","invalidation_reason","invalidated_at","ttl_expires_at","cached_at","full_result","reason","confidence","is_false_positive","file_hashes","locations","vulnerability_type","repository","cache_key" ["No user input flow detected", "15827/RSOLV-dev/nodegoat/[app.js:42]:xss", "RSOLV-dev/nodegoat", Decimal.new("0.95"), 15827, [%{line: 42, file_path: "app.js"}], "xss", %{"app.js" => "sha256:abc123"}, true, ~U[2025-11-27 19:17:14.785258Z], ~U[2025-08-29 19:17:14.785258Z], ~U[2025-08-29 19:17:14.785289Z], ~U[2025-08-29 19:17:14.785289Z]]
13:17:14.785 [debug] Cached validation stored
13:17:14.785 [debug] QUERY OK source="cached_validations" db=0.1ms
INSERT INTO "cached_validations" ("reason","cache_key","repository","confidence","forge_account_id","locations","vulnerability_type","file_hashes","is_false_positive","ttl_expires_at","cached_at","inserted_at","updated_at") VALUES ($1,$2,$3,$4,$5,$6,$7,$8,$9,$10,$11,$12,$13) ON CONFLICT ("cache_key") DO UPDATE SET "updated_at" = EXCLUDED."updated_at","inserted_at" = EXCLUDED."inserted_at","forge_account_id" = EXCLUDED."forge_account_id","invalidation_reason" = EXCLUDED."invalidation_reason","invalidated_at" = EXCLUDED."invalidated_at","ttl_expires_at" = EXCLUDED."ttl_expires_at","cached_at" = EXCLUDED."cached_at","full_result" = EXCLUDED."full_result","reason" = EXCLUDED."reason","confidence" = EXCLUDED."confidence","is_false_positive" = EXCLUDED."is_false_positive","file_hashes" = EXCLUDED."file_hashes","locations" = EXCLUDED."locations","vulnerability_type" = EXCLUDED."vulnerability_type","repository" = EXCLUDED."repository","cache_key" = EXCLUDED."cache_key" RETURNING "id","updated_at","inserted_at","forge_account_id","invalidation_reason","invalidated_at","ttl_expires_at","cached_at","full_result","reason","confidence","is_false_positive","file_hashes","locations","vulnerability_type","repository","cache_key" ["No user input flow detected", "15827/RSOLV-dev/other-repo/[app.js:42]:sql-injection", "RSOLV-dev/other-repo", Decimal.new("0.95"), 15827, [%{line: 42, file_path: "app.js"}], "sql-injection", %{"app.js" => "sha256:abc123"}, true, ~U[2025-11-27 19:17:14.785567Z], ~U[2025-08-29 19:17:14.785567Z], ~U[2025-08-29 19:17:14.785604Z], ~U[2025-08-29 19:17:14.785604Z]]
13:17:14.785 [debug] Cached validation stored
13:17:14.786 [debug] QUERY OK source="cached_validations" db=0.1ms queue=0.1ms
UPDATE "cached_validations" AS c0 SET "invalidated_at" = $1, "invalidation_reason" = $2 WHERE (c0."forge_account_id" = $3) AND (c0."repository" = $4) AND (c0."invalidated_at" IS NULL) [~U[2025-08-29 19:17:14.785905Z], "repository_change", 15827, "RSOLV-dev/nodegoat"]
13:17:14.786 [info] Invalidated all cache entries for repository
13:17:14.787 [debug] QUERY OK source="cached_validations" db=0.7ms
SELECT c0."id", c0."cache_key", c0."repository", c0."vulnerability_type", c0."locations", c0."file_hashes", c0."is_false_positive", c0."confidence", c0."reason", c0."full_result", c0."cached_at", c0."ttl_expires_at", c0."invalidated_at", c0."invalidation_reason", c0."forge_account_id", c0."inserted_at", c0."updated_at" FROM "cached_validations" AS c0 WHERE (c0."cache_key" = $1) AND (c0."invalidated_at" IS NULL) ["15827/RSOLV-dev/other-repo/[app.js:42]:sql-injection"]
13:17:14.787 [debug] Cache hit
.13:17:14.787 [debug] QUERY OK source="users" db=0.2ms
INSERT INTO "users" ("email","hashed_password","inserted_at","updated_at") VALUES ($1,$2,$3,$4) RETURNING "id" ["test6028@example.com", "dummy_hash", ~U[2025-08-29 19:17:14Z], ~U[2025-08-29 19:17:14Z]]
13:17:14.787 [debug] QUERY OK source="customers" db=0.1ms
INSERT INTO "customers" ("active","name","metadata","plan","api_key","email","user_id","monthly_limit","current_usage","inserted_at","updated_at") VALUES ($1,$2,$3,$4,$5,$6,$7,$8,$9,$10,$11) RETURNING "id" [true, "Test Customer 6028", %{}, "standard", "test_api_key_6028", "test6028@example.com", 18220, 100, 0, ~N[2025-08-29 19:17:14], ~N[2025-08-29 19:17:14]]
13:17:14.788 [debug] QUERY OK source="forge_accounts" db=0.1ms
INSERT INTO "forge_accounts" ("metadata","namespace","customer_id","forge_type","verified_at","inserted_at","updated_at") VALUES ($1,$2,$3,$4,$5,$6,$7) RETURNING "id" [%{}, "test-org-6028", 17675, :github, ~U[2025-08-29 19:17:14.787927Z], ~U[2025-08-29 19:17:14.787939Z], ~U[2025-08-29 19:17:14.787939Z]]
13:17:14.788 [debug] QUERY OK source="cached_validations" db=0.1ms
INSERT INTO "cached_validations" ("reason","cache_key","repository","confidence","forge_account_id","locations","vulnerability_type","file_hashes","is_false_positive","ttl_expires_at","cached_at","inserted_at","updated_at") VALUES ($1,$2,$3,$4,$5,$6,$7,$8,$9,$10,$11,$12,$13) ON CONFLICT ("cache_key") DO UPDATE SET "updated_at" = EXCLUDED."updated_at","inserted_at" = EXCLUDED."inserted_at","forge_account_id" = EXCLUDED."forge_account_id","invalidation_reason" = EXCLUDED."invalidation_reason","invalidated_at" = EXCLUDED."invalidated_at","ttl_expires_at" = EXCLUDED."ttl_expires_at","cached_at" = EXCLUDED."cached_at","full_result" = EXCLUDED."full_result","reason" = EXCLUDED."reason","confidence" = EXCLUDED."confidence","is_false_positive" = EXCLUDED."is_false_positive","file_hashes" = EXCLUDED."file_hashes","locations" = EXCLUDED."locations","vulnerability_type" = EXCLUDED."vulnerability_type","repository" = EXCLUDED."repository","cache_key" = EXCLUDED."cache_key" RETURNING "id","updated_at","inserted_at","forge_account_id","invalidation_reason","invalidated_at","ttl_expires_at","cached_at","full_result","reason","confidence","is_false_positive","file_hashes","locations","vulnerability_type","repository","cache_key" ["No user input flow detected", "15828/RSOLV-dev/nodegoat/[app.js:42]:sql-injection", "RSOLV-dev/nodegoat", Decimal.new("0.95"), 15828, [%{line: 42, file_path: "app.js"}], "sql-injection", %{"app.js" => "sha256:abc123"}, true, ~U[2025-11-27 19:17:14.788130Z], ~U[2025-08-29 19:17:14.788130Z], ~U[2025-08-29 19:17:14.788173Z], ~U[2025-08-29 19:17:14.788173Z]]
13:17:14.788 [debug] Cached validation stored
13:17:14.788 [debug] QUERY OK source="cached_validations" db=0.0ms
SELECT c0."id", c0."cache_key", c0."repository", c0."vulnerability_type", c0."locations", c0."file_hashes", c0."is_false_positive", c0."confidence", c0."reason", c0."full_result", c0."cached_at", c0."ttl_expires_at", c0."invalidated_at", c0."invalidation_reason", c0."forge_account_id", c0."inserted_at", c0."updated_at" FROM "cached_validations" AS c0 WHERE (c0."cache_key" = $1) AND (c0."invalidated_at" IS NULL) ["15828/RSOLV-dev/nodegoat/[app.js:42]:sql-injection"]
13:17:14.788 [debug] Cache hit
13:17:14.788 [debug] QUERY OK source="cached_validations" db=0.0ms
SELECT c0."id", c0."cache_key", c0."repository", c0."vulnerability_type", c0."locations", c0."file_hashes", c0."is_false_positive", c0."confidence", c0."reason", c0."full_result", c0."cached_at", c0."ttl_expires_at", c0."invalidated_at", c0."invalidation_reason", c0."forge_account_id", c0."inserted_at", c0."updated_at" FROM "cached_validations" AS c0 WHERE (c0."id" = $1) [195900]
13:17:14.789 [debug] QUERY OK source="cached_validations" db=0.0ms
UPDATE "cached_validations" SET "invalidated_at" = $1, "invalidation_reason" = $2, "updated_at" = $3 WHERE "id" = $4 [~U[2025-08-29 19:17:14.788831Z], "manual", ~U[2025-08-29 19:17:14.788840Z], 195900]
13:17:14.789 [info] Cache entry invalidated
13:17:14.789 [debug] QUERY OK source="cached_validations" db=0.0ms
SELECT c0."id", c0."cache_key", c0."repository", c0."vulnerability_type", c0."locations", c0."file_hashes", c0."is_false_positive", c0."confidence", c0."reason", c0."full_result", c0."cached_at", c0."ttl_expires_at", c0."invalidated_at", c0."invalidation_reason", c0."forge_account_id", c0."inserted_at", c0."updated_at" FROM "cached_validations" AS c0 WHERE (c0."cache_key" = $1) AND (c0."invalidated_at" IS NULL) ["15828/RSOLV-dev/nodegoat/[app.js:42]:sql-injection"]
13:17:14.789 [debug] Cache miss
.13:17:14.789 [debug] QUERY OK source="cached_validations" db=0.1ms
SELECT c0."id", c0."cache_key", c0."repository", c0."vulnerability_type", c0."locations", c0."file_hashes", c0."is_false_positive", c0."confidence", c0."reason", c0."full_result", c0."cached_at", c0."ttl_expires_at", c0."invalidated_at", c0."invalidation_reason", c0."forge_account_id", c0."inserted_at", c0."updated_at" FROM "cached_validations" AS c0 WHERE (c0."id" = $1) [999999]
.13:17:14.789 [debug] QUERY OK source="users" db=0.1ms
INSERT INTO "users" ("email","hashed_password","inserted_at","updated_at") VALUES ($1,$2,$3,$4) RETURNING "id" ["test8199@example.com", "dummy_hash", ~U[2025-08-29 19:17:14Z], ~U[2025-08-29 19:17:14Z]]
13:17:14.790 [debug] QUERY OK source="customers" db=0.1ms
INSERT INTO "customers" ("active","name","metadata","plan","api_key","email","user_id","monthly_limit","current_usage","inserted_at","updated_at") VALUES ($1,$2,$3,$4,$5,$6,$7,$8,$9,$10,$11) RETURNING "id" [true, "Test Customer 8199", %{}, "standard", "test_api_key_8199", "test8199@example.com", 18221, 100, 0, ~N[2025-08-29 19:17:14], ~N[2025-08-29 19:17:14]]
13:17:14.790 [debug] QUERY OK source="forge_accounts" db=0.0ms
INSERT INTO "forge_accounts" ("metadata","namespace","customer_id","forge_type","verified_at","inserted_at","updated_at") VALUES ($1,$2,$3,$4,$5,$6,$7) RETURNING "id" [%{}, "test-org-8199", 17676, :github, ~U[2025-08-29 19:17:14.790031Z], ~U[2025-08-29 19:17:14.790038Z], ~U[2025-08-29 19:17:14.790038Z]]
13:17:14.790 [debug] QUERY OK source="cached_validations" db=0.1ms
INSERT INTO "cached_validations" ("reason","cache_key","repository","confidence","forge_account_id","locations","vulnerability_type","file_hashes","is_false_positive","ttl_expires_at","cached_at","inserted_at","updated_at") VALUES ($1,$2,$3,$4,$5,$6,$7,$8,$9,$10,$11,$12,$13) ON CONFLICT ("cache_key") DO UPDATE SET "updated_at" = EXCLUDED."updated_at","inserted_at" = EXCLUDED."inserted_at","forge_account_id" = EXCLUDED."forge_account_id","invalidation_reason" = EXCLUDED."invalidation_reason","invalidated_at" = EXCLUDED."invalidated_at","ttl_expires_at" = EXCLUDED."ttl_expires_at","cached_at" = EXCLUDED."cached_at","full_result" = EXCLUDED."full_result","reason" = EXCLUDED."reason","confidence" = EXCLUDED."confidence","is_false_positive" = EXCLUDED."is_false_positive","file_hashes" = EXCLUDED."file_hashes","locations" = EXCLUDED."locations","vulnerability_type" = EXCLUDED."vulnerability_type","repository" = EXCLUDED."repository","cache_key" = EXCLUDED."cache_key" RETURNING "id","updated_at","inserted_at","forge_account_id","invalidation_reason","invalidated_at","ttl_expires_at","cached_at","full_result","reason","confidence","is_false_positive","file_hashes","locations","vulnerability_type","repository","cache_key" ["No user input flow detected", "15829/RSOLV-dev/nodegoat/[app.js:42]:sql-injection", "RSOLV-dev/nodegoat", Decimal.new("0.95"), 15829, [%{line: 42, file_path: "app.js"}], "sql-injection", %{"app.js" => "sha256:abc123"}, true, ~U[2025-11-27 19:17:14.790177Z], ~U[2025-08-29 19:17:14.790177Z], ~U[2025-08-29 19:17:14.790224Z], ~U[2025-08-29 19:17:14.790224Z]]
13:17:14.790 [debug] Cached validation stored
13:17:14.790 [debug] QUERY OK source="cached_validations" db=0.1ms
SELECT c0."id", c0."cache_key", c0."repository", c0."vulnerability_type", c0."locations", c0."file_hashes", c0."is_false_positive", c0."confidence", c0."reason", c0."full_result", c0."cached_at", c0."ttl_expires_at", c0."invalidated_at", c0."invalidation_reason", c0."forge_account_id", c0."inserted_at", c0."updated_at" FROM "cached_validations" AS c0 WHERE (c0."id" = $1) [195901]
13:17:14.791 [debug] QUERY OK source="cached_validations" db=0.1ms
UPDATE "cached_validations" SET "invalidated_at" = $1, "invalidation_reason" = $2, "updated_at" = $3 WHERE "id" = $4 [~U[2025-08-29 19:17:14.790763Z], "file_change", ~U[2025-08-29 19:17:14.790777Z], 195901]
13:17:14.791 [info] Cache entry invalidated
.13:17:14.791 [debug] QUERY OK source="users" db=0.1ms
INSERT INTO "users" ("email","hashed_password","inserted_at","updated_at") VALUES ($1,$2,$3,$4) RETURNING "id" ["test9490@example.com", "dummy_hash", ~U[2025-08-29 19:17:14Z], ~U[2025-08-29 19:17:14Z]]
13:17:14.791 [debug] QUERY OK source="customers" db=0.1ms
INSERT INTO "customers" ("active","name","metadata","plan","api_key","email","user_id","monthly_limit","current_usage","inserted_at","updated_at") VALUES ($1,$2,$3,$4,$5,$6,$7,$8,$9,$10,$11) RETURNING "id" [true, "Test Customer 9490", %{}, "standard", "test_api_key_9490", "test9490@example.com", 18222, 100, 0, ~N[2025-08-29 19:17:14], ~N[2025-08-29 19:17:14]]
13:17:14.791 [debug] QUERY OK source="forge_accounts" db=0.0ms
INSERT INTO "forge_accounts" ("metadata","namespace","customer_id","forge_type","verified_at","inserted_at","updated_at") VALUES ($1,$2,$3,$4,$5,$6,$7) RETURNING "id" [%{}, "test-org-9490", 17677, :github, ~U[2025-08-29 19:17:14.791646Z], ~U[2025-08-29 19:17:14.791657Z], ~U[2025-08-29 19:17:14.791657Z]]
13:17:14.792 [debug] QUERY OK source="cached_validations" db=0.3ms
INSERT INTO "cached_validations" ("reason","cache_key","repository","confidence","forge_account_id","locations","vulnerability_type","file_hashes","is_false_positive","ttl_expires_at","cached_at","inserted_at","updated_at") VALUES ($1,$2,$3,$4,$5,$6,$7,$8,$9,$10,$11,$12,$13) ON CONFLICT ("cache_key") DO UPDATE SET "updated_at" = EXCLUDED."updated_at","inserted_at" = EXCLUDED."inserted_at","forge_account_id" = EXCLUDED."forge_account_id","invalidation_reason" = EXCLUDED."invalidation_reason","invalidated_at" = EXCLUDED."invalidated_at","ttl_expires_at" = EXCLUDED."ttl_expires_at","cached_at" = EXCLUDED."cached_at","full_result" = EXCLUDED."full_result","reason" = EXCLUDED."reason","confidence" = EXCLUDED."confidence","is_false_positive" = EXCLUDED."is_false_positive","file_hashes" = EXCLUDED."file_hashes","locations" = EXCLUDED."locations","vulnerability_type" = EXCLUDED."vulnerability_type","repository" = EXCLUDED."repository","cache_key" = EXCLUDED."cache_key" RETURNING "id","updated_at","inserted_at","forge_account_id","invalidation_reason","invalidated_at","ttl_expires_at","cached_at","full_result","reason","confidence","is_false_positive","file_hashes","locations","vulnerability_type","repository","cache_key" ["No user input flow detected", "15830/RSOLV-dev/nodegoat/[app.js:42,lib/db.js:10]:sql-injection", "RSOLV-dev/nodegoat", Decimal.new("0.95"), 15830, [%{line: 42, file_path: "app.js"}, %{line: 10, file_path: "lib/db.js"}], "sql-injection", %{"app.js" => "sha256:abc", "lib/db.js" => "sha256:def"}, true, ~U[2025-11-27 19:17:14.791825Z], ~U[2025-08-29 19:17:14.791825Z], ~U[2025-08-29 19:17:14.791865Z], ~U[2025-08-29 19:17:14.791865Z]]
13:17:14.792 [debug] Cached validation stored
13:17:14.792 [debug] QUERY OK source="cached_validations" db=0.2ms queue=0.2ms
UPDATE "cached_validations" AS c0 SET "invalidated_at" = $1, "invalidation_reason" = $2 WHERE (c0."forge_account_id" = $3) AND (c0."repository" = $4) AND (c0."invalidated_at" IS NULL) AND (EXISTS (SELECT 1 FROM jsonb_array_elements(c0."locations") AS loc WHERE loc->>'file_path' = $5)) [~U[2025-08-29 19:17:14.792356Z], "file_change", 15830, "RSOLV-dev/nodegoat", "lib/db.js"]
13:17:14.793 [info] Invalidated cache entries for file change
13:17:14.793 [debug] QUERY OK source="cached_validations" db=0.2ms
SELECT c0."id", c0."cache_key", c0."repository", c0."vulnerability_type", c0."locations", c0."file_hashes", c0."is_false_positive", c0."confidence", c0."reason", c0."full_result", c0."cached_at", c0."ttl_expires_at", c0."invalidated_at", c0."invalidation_reason", c0."forge_account_id", c0."inserted_at", c0."updated_at" FROM "cached_validations" AS c0 WHERE (c0."cache_key" = $1) AND (c0."invalidated_at" IS NULL) ["15830/RSOLV-dev/nodegoat/[app.js:42,lib/db.js:10]:sql-injection"]
13:17:14.793 [debug] Cache miss
.13:17:14.793 [debug] QUERY OK source="users" db=0.1ms
INSERT INTO "users" ("email","hashed_password","inserted_at","updated_at") VALUES ($1,$2,$3,$4) RETURNING "id" ["test8327@example.com", "dummy_hash", ~U[2025-08-29 19:17:14Z], ~U[2025-08-29 19:17:14Z]]
13:17:14.793 [debug] QUERY OK source="customers" db=0.1ms
INSERT INTO "customers" ("active","name","metadata","plan","api_key","email","user_id","monthly_limit","current_usage","inserted_at","updated_at") VALUES ($1,$2,$3,$4,$5,$6,$7,$8,$9,$10,$11) RETURNING "id" [true, "Test Customer 8327", %{}, "standard", "test_api_key_8327", "test8327@example.com", 18223, 100, 0, ~N[2025-08-29 19:17:14], ~N[2025-08-29 19:17:14]]
13:17:14.794 [debug] QUERY OK source="forge_accounts" db=0.1ms
INSERT INTO "forge_accounts" ("metadata","namespace","customer_id","forge_type","verified_at","inserted_at","updated_at") VALUES ($1,$2,$3,$4,$5,$6,$7) RETURNING "id" [%{}, "test-org-8327", 17678, :github, ~U[2025-08-29 19:17:14.793946Z], ~U[2025-08-29 19:17:14.793960Z], ~U[2025-08-29 19:17:14.793960Z]]
13:17:14.794 [debug] QUERY OK source="cached_validations" db=0.2ms
UPDATE "cached_validations" AS c0 SET "invalidated_at" = $1, "invalidation_reason" = $2 WHERE (c0."forge_account_id" = $3) AND (c0."repository" = $4) AND (c0."invalidated_at" IS NULL) AND (EXISTS (SELECT 1 FROM jsonb_array_elements(c0."locations") AS loc WHERE loc->>'file_path' = $5)) [~U[2025-08-29 19:17:14.794158Z], "file_change", 15831, "RSOLV-dev/nodegoat", "nonexistent.js"]
13:17:14.794 [info] Invalidated cache entries for file change
.13:17:14.794 [debug] QUERY OK source="users" db=0.1ms
INSERT INTO "users" ("email","hashed_password","inserted_at","updated_at") VALUES ($1,$2,$3,$4) RETURNING "id" ["test9618@example.com", "dummy_hash", ~U[2025-08-29 19:17:14Z], ~U[2025-08-29 19:17:14Z]]
13:17:14.795 [debug] QUERY OK source="customers" db=0.2ms
INSERT INTO "customers" ("active","name","metadata","plan","api_key","email","user_id","monthly_limit","current_usage","inserted_at","updated_at") VALUES ($1,$2,$3,$4,$5,$6,$7,$8,$9,$10,$11) RETURNING "id" [true, "Test Customer 9618", %{}, "standard", "test_api_key_9618", "test9618@example.com", 18224, 100, 0, ~N[2025-08-29 19:17:14], ~N[2025-08-29 19:17:14]]
13:17:14.795 [debug] QUERY OK source="forge_accounts" db=0.1ms
INSERT INTO "forge_accounts" ("metadata","namespace","customer_id","forge_type","verified_at","inserted_at","updated_at") VALUES ($1,$2,$3,$4,$5,$6,$7) RETURNING "id" [%{}, "test-org-9618", 17679, :github, ~U[2025-08-29 19:17:14.795097Z], ~U[2025-08-29 19:17:14.795102Z], ~U[2025-08-29 19:17:14.795102Z]]
13:17:14.795 [debug] QUERY OK source="users" db=0.0ms
INSERT INTO "users" ("email","hashed_password","inserted_at","updated_at") VALUES ($1,$2,$3,$4) RETURNING "id" ["test9746@example.com", "dummy_hash", ~U[2025-08-29 19:17:14Z], ~U[2025-08-29 19:17:14Z]]
13:17:14.795 [debug] QUERY OK source="customers" db=0.1ms
INSERT INTO "customers" ("active","name","metadata","plan","api_key","email","user_id","monthly_limit","current_usage","inserted_at","updated_at") VALUES ($1,$2,$3,$4,$5,$6,$7,$8,$9,$10,$11) RETURNING "id" [true, "Test Customer 9746", %{}, "standard", "test_api_key_9746", "test9746@example.com", 18225, 100, 0, ~N[2025-08-29 19:17:14], ~N[2025-08-29 19:17:14]]
13:17:14.795 [debug] QUERY OK source="forge_accounts" db=0.1ms
INSERT INTO "forge_accounts" ("metadata","namespace","customer_id","forge_type","verified_at","inserted_at","updated_at") VALUES ($1,$2,$3,$4,$5,$6,$7) RETURNING "id" [%{}, "test-org-9746", 17680, :github, ~U[2025-08-29 19:17:14.795571Z], ~U[2025-08-29 19:17:14.795575Z], ~U[2025-08-29 19:17:14.795575Z]]
13:17:14.796 [debug] QUERY OK source="cached_validations" db=0.2ms
INSERT INTO "cached_validations" ("reason","cache_key","repository","confidence","forge_account_id","locations","vulnerability_type","file_hashes","is_false_positive","ttl_expires_at","cached_at","inserted_at","updated_at") VALUES ($1,$2,$3,$4,$5,$6,$7,$8,$9,$10,$11,$12,$13) ON CONFLICT ("cache_key") DO UPDATE SET "updated_at" = EXCLUDED."updated_at","inserted_at" = EXCLUDED."inserted_at","forge_account_id" = EXCLUDED."forge_account_id","invalidation_reason" = EXCLUDED."invalidation_reason","invalidated_at" = EXCLUDED."invalidated_at","ttl_expires_at" = EXCLUDED."ttl_expires_at","cached_at" = EXCLUDED."cached_at","full_result" = EXCLUDED."full_result","reason" = EXCLUDED."reason","confidence" = EXCLUDED."confidence","is_false_positive" = EXCLUDED."is_false_positive","file_hashes" = EXCLUDED."file_hashes","locations" = EXCLUDED."locations","vulnerability_type" = EXCLUDED."vulnerability_type","repository" = EXCLUDED."repository","cache_key" = EXCLUDED."cache_key" RETURNING "id","updated_at","inserted_at","forge_account_id","invalidation_reason","invalidated_at","ttl_expires_at","cached_at","full_result","reason","confidence","is_false_positive","file_hashes","locations","vulnerability_type","repository","cache_key" ["No user input flow detected", "15832/RSOLV-dev/nodegoat/[app.js:42]:sql-injection", "RSOLV-dev/nodegoat", Decimal.new("0.95"), 15832, [%{line: 42, file_path: "app.js"}], "sql-injection", %{"app.js" => "sha256:abc123"}, true, ~U[2025-11-27 19:17:14.795753Z], ~U[2025-08-29 19:17:14.795753Z], ~U[2025-08-29 19:17:14.795789Z], ~U[2025-08-29 19:17:14.795789Z]]
13:17:14.796 [debug] Cached validation stored
13:17:14.796 [debug] QUERY OK source="cached_validations" db=0.1ms
INSERT INTO "cached_validations" ("reason","cache_key","repository","confidence","forge_account_id","locations","vulnerability_type","file_hashes","is_false_positive","ttl_expires_at","cached_at","inserted_at","updated_at") VALUES ($1,$2,$3,$4,$5,$6,$7,$8,$9,$10,$11,$12,$13) ON CONFLICT ("cache_key") DO UPDATE SET "updated_at" = EXCLUDED."updated_at","inserted_at" = EXCLUDED."inserted_at","forge_account_id" = EXCLUDED."forge_account_id","invalidation_reason" = EXCLUDED."invalidation_reason","invalidated_at" = EXCLUDED."invalidated_at","ttl_expires_at" = EXCLUDED."ttl_expires_at","cached_at" = EXCLUDED."cached_at","full_result" = EXCLUDED."full_result","reason" = EXCLUDED."reason","confidence" = EXCLUDED."confidence","is_false_positive" = EXCLUDED."is_false_positive","file_hashes" = EXCLUDED."file_hashes","locations" = EXCLUDED."locations","vulnerability_type" = EXCLUDED."vulnerability_type","repository" = EXCLUDED."repository","cache_key" = EXCLUDED."cache_key" RETURNING "id","updated_at","inserted_at","forge_account_id","invalidation_reason","invalidated_at","ttl_expires_at","cached_at","full_result","reason","confidence","is_false_positive","file_hashes","locations","vulnerability_type","repository","cache_key" ["No user input flow detected", "15833/RSOLV-dev/nodegoat/[app.js:42]:sql-injection", "RSOLV-dev/nodegoat", Decimal.new("0.95"), 15833, [%{line: 42, file_path: "app.js"}], "sql-injection", %{"app.js" => "sha256:abc123"}, true, ~U[2025-11-27 19:17:14.796067Z], ~U[2025-08-29 19:17:14.796067Z], ~U[2025-08-29 19:17:14.796099Z], ~U[2025-08-29 19:17:14.796099Z]]
13:17:14.796 [debug] Cached validation stored
13:17:14.796 [debug] QUERY OK source="cached_validations" db=0.2ms
UPDATE "cached_validations" AS c0 SET "invalidated_at" = $1, "invalidation_reason" = $2 WHERE (c0."forge_account_id" = $3) AND (c0."repository" = $4) AND (c0."invalidated_at" IS NULL) AND (EXISTS (SELECT 1 FROM jsonb_array_elements(c0."locations") AS loc WHERE loc->>'file_path' = $5)) [~U[2025-08-29 19:17:14.796330Z], "file_change", 15832, "RSOLV-dev/nodegoat", "app.js"]
13:17:14.796 [info] Invalidated cache entries for file change
13:17:14.796 [debug] QUERY OK source="cached_validations" db=0.0ms
SELECT c0."id", c0."cache_key", c0."repository", c0."vulnerability_type", c0."locations", c0."file_hashes", c0."is_false_positive", c0."confidence", c0."reason", c0."full_result", c0."cached_at", c0."ttl_expires_at", c0."invalidated_at", c0."invalidation_reason", c0."forge_account_id", c0."inserted_at", c0."updated_at" FROM "cached_validations" AS c0 WHERE (c0."cache_key" = $1) AND (c0."invalidated_at" IS NULL) ["15833/RSOLV-dev/nodegoat/[app.js:42]:sql-injection"]
13:17:14.796 [debug] Cache hit
.13:17:14.797 [debug] QUERY OK source="users" db=0.1ms
INSERT INTO "users" ("email","hashed_password","inserted_at","updated_at") VALUES ($1,$2,$3,$4) RETURNING "id" ["test17026@example.com", "dummy_hash", ~U[2025-08-29 19:17:14Z], ~U[2025-08-29 19:17:14Z]]
13:17:14.797 [debug] QUERY OK source="customers" db=0.1ms
INSERT INTO "customers" ("active","name","metadata","plan","api_key","email","user_id","monthly_limit","current_usage","inserted_at","updated_at") VALUES ($1,$2,$3,$4,$5,$6,$7,$8,$9,$10,$11) RETURNING "id" [true, "Test Customer 17026", %{}, "standard", "test_api_key_17026", "test17026@example.com", 18226, 100, 0, ~N[2025-08-29 19:17:14], ~N[2025-08-29 19:17:14]]
13:17:14.797 [debug] QUERY OK source="forge_accounts" db=0.0ms
INSERT INTO "forge_accounts" ("metadata","namespace","customer_id","forge_type","verified_at","inserted_at","updated_at") VALUES ($1,$2,$3,$4,$5,$6,$7) RETURNING "id" [%{}, "test-org-17026", 17681, :github, ~U[2025-08-29 19:17:14.797512Z], ~U[2025-08-29 19:17:14.797521Z], ~U[2025-08-29 19:17:14.797521Z]]
13:17:14.797 [debug] QUERY OK source="cached_validations" db=0.1ms
INSERT INTO "cached_validations" ("reason","cache_key","repository","confidence","forge_account_id","locations","vulnerability_type","file_hashes","is_false_positive","ttl_expires_at","cached_at","inserted_at","updated_at") VALUES ($1,$2,$3,$4,$5,$6,$7,$8,$9,$10,$11,$12,$13) ON CONFLICT ("cache_key") DO UPDATE SET "updated_at" = EXCLUDED."updated_at","inserted_at" = EXCLUDED."inserted_at","forge_account_id" = EXCLUDED."forge_account_id","invalidation_reason" = EXCLUDED."invalidation_reason","invalidated_at" = EXCLUDED."invalidated_at","ttl_expires_at" = EXCLUDED."ttl_expires_at","cached_at" = EXCLUDED."cached_at","full_result" = EXCLUDED."full_result","reason" = EXCLUDED."reason","confidence" = EXCLUDED."confidence","is_false_positive" = EXCLUDED."is_false_positive","file_hashes" = EXCLUDED."file_hashes","locations" = EXCLUDED."locations","vulnerability_type" = EXCLUDED."vulnerability_type","repository" = EXCLUDED."repository","cache_key" = EXCLUDED."cache_key" RETURNING "id","updated_at","inserted_at","forge_account_id","invalidation_reason","invalidated_at","ttl_expires_at","cached_at","full_result","reason","confidence","is_false_positive","file_hashes","locations","vulnerability_type","repository","cache_key" ["No user input flow detected", "15834/RSOLV-dev/nodegoat/[app.js:42]:xss", "RSOLV-dev/nodegoat", Decimal.new("0.95"), 15834, [%{line: 42, file_path: "app.js"}], "xss", %{"app.js" => "sha256:abc123"}, true, ~U[2025-11-27 19:17:14.797685Z], ~U[2025-08-29 19:17:14.797685Z], ~U[2025-08-29 19:17:14.797716Z], ~U[2025-08-29 19:17:14.797716Z]]
13:17:14.797 [debug] Cached validation stored
13:17:14.798 [debug] QUERY OK source="cached_validations" db=0.1ms
SELECT c0."id", c0."cache_key", c0."repository", c0."vulnerability_type", c0."locations", c0."file_hashes", c0."is_false_positive", c0."confidence", c0."reason", c0."full_result", c0."cached_at", c0."ttl_expires_at", c0."invalidated_at", c0."invalidation_reason", c0."forge_account_id", c0."inserted_at", c0."updated_at" FROM "cached_validations" AS c0 WHERE (c0."id" = $1) [195905]
13:17:14.798 [debug] QUERY OK source="cached_validations" db=0.0ms
UPDATE "cached_validations" SET "invalidated_at" = $1, "invalidation_reason" = $2, "updated_at" = $3 WHERE "id" = $4 [~U[2025-08-29 19:17:14.798084Z], "file_change", ~U[2025-08-29 19:17:14.798089Z], 195905]
13:17:14.798 [info] Cache entry invalidated
13:17:14.798 [debug] QUERY OK source="cached_validations" db=0.1ms
INSERT INTO "cached_validations" ("reason","cache_key","repository","confidence","forge_account_id","locations","vulnerability_type","file_hashes","is_false_positive","ttl_expires_at","cached_at","inserted_at","updated_at") VALUES ($1,$2,$3,$4,$5,$6,$7,$8,$9,$10,$11,$12,$13) ON CONFLICT ("cache_key") DO UPDATE SET "updated_at" = EXCLUDED."updated_at","inserted_at" = EXCLUDED."inserted_at","forge_account_id" = EXCLUDED."forge_account_id","invalidation_reason" = EXCLUDED."invalidation_reason","invalidated_at" = EXCLUDED."invalidated_at","ttl_expires_at" = EXCLUDED."ttl_expires_at","cached_at" = EXCLUDED."cached_at","full_result" = EXCLUDED."full_result","reason" = EXCLUDED."reason","confidence" = EXCLUDED."confidence","is_false_positive" = EXCLUDED."is_false_positive","file_hashes" = EXCLUDED."file_hashes","locations" = EXCLUDED."locations","vulnerability_type" = EXCLUDED."vulnerability_type","repository" = EXCLUDED."repository","cache_key" = EXCLUDED."cache_key" RETURNING "id","updated_at","inserted_at","forge_account_id","invalidation_reason","invalidated_at","ttl_expires_at","cached_at","full_result","reason","confidence","is_false_positive","file_hashes","locations","vulnerability_type","repository","cache_key" ["No user input flow detected", "15834/RSOLV-dev/nodegoat/[app.js:42]:hardcoded-secret", "RSOLV-dev/nodegoat", Decimal.new("0.95"), 15834, [%{line: 42, file_path: "app.js"}], "hardcoded-secret", %{"app.js" => "sha256:abc123"}, true, ~U[2025-11-27 19:17:14.798232Z], ~U[2025-08-29 19:17:14.798232Z], ~U[2025-08-29 19:17:14.798264Z], ~U[2025-08-29 19:17:14.798264Z]]
13:17:14.798 [debug] Cached validation stored
13:17:14.798 [debug] QUERY OK source="cached_validations" db=0.0ms
SELECT c0."id", c0."cache_key", c0."repository", c0."vulnerability_type", c0."locations", c0."file_hashes", c0."is_false_positive", c0."confidence", c0."reason", c0."full_result", c0."cached_at", c0."ttl_expires_at", c0."invalidated_at", c0."invalidation_reason", c0."forge_account_id", c0."inserted_at", c0."updated_at" FROM "cached_validations" AS c0 WHERE (c0."id" = $1) [195906]
13:17:14.798 [debug] QUERY OK source="cached_validations" db=0.0ms
UPDATE "cached_validations" SET "invalidated_at" = $1, "invalidation_reason" = $2, "updated_at" = $3 WHERE "id" = $4 [~U[2025-08-29 19:17:14.798530Z], "ttl_expired", ~U[2025-08-29 19:17:14.798535Z], 195906]
13:17:14.798 [info] Cache entry invalidated
13:17:14.798 [debug] QUERY OK source="cached_validations" db=0.0ms
INSERT INTO "cached_validations" ("reason","cache_key","repository","confidence","forge_account_id","locations","vulnerability_type","file_hashes","is_false_positive","ttl_expires_at","cached_at","inserted_at","updated_at") VALUES ($1,$2,$3,$4,$5,$6,$7,$8,$9,$10,$11,$12,$13) ON CONFLICT ("cache_key") DO UPDATE SET "updated_at" = EXCLUDED."updated_at","inserted_at" = EXCLUDED."inserted_at","forge_account_id" = EXCLUDED."forge_account_id","invalidation_reason" = EXCLUDED."invalidation_reason","invalidated_at" = EXCLUDED."invalidated_at","ttl_expires_at" = EXCLUDED."ttl_expires_at","cached_at" = EXCLUDED."cached_at","full_result" = EXCLUDED."full_result","reason" = EXCLUDED."reason","confidence" = EXCLUDED."confidence","is_false_positive" = EXCLUDED."is_false_positive","file_hashes" = EXCLUDED."file_hashes","locations" = EXCLUDED."locations","vulnerability_type" = EXCLUDED."vulnerability_type","repository" = EXCLUDED."repository","cache_key" = EXCLUDED."cache_key" RETURNING "id","updated_at","inserted_at","forge_account_id","invalidation_reason","invalidated_at","ttl_expires_at","cached_at","full_result","reason","confidence","is_false_positive","file_hashes","locations","vulnerability_type","repository","cache_key" ["No user input flow detected", "15834/RSOLV-dev/nodegoat/[app.js:42]:eval", "RSOLV-dev/nodegoat", Decimal.new("0.95"), 15834, [%{line: 42, file_path: "app.js"}], "eval", %{"app.js" => "sha256:abc123"}, true, ~U[2025-11-27 19:17:14.798622Z], ~U[2025-08-29 19:17:14.798622Z], ~U[2025-08-29 19:17:14.798650Z], ~U[2025-08-29 19:17:14.798650Z]]
13:17:14.798 [debug] Cached validation stored
13:17:14.798 [debug] QUERY OK source="cached_validations" db=0.0ms
SELECT c0."id", c0."cache_key", c0."repository", c0."vulnerability_type", c0."locations", c0."file_hashes", c0."is_false_positive", c0."confidence", c0."reason", c0."full_result", c0."cached_at", c0."ttl_expires_at", c0."invalidated_at", c0."invalidation_reason", c0."forge_account_id", c0."inserted_at", c0."updated_at" FROM "cached_validations" AS c0 WHERE (c0."id" = $1) [195907]
13:17:14.798 [debug] QUERY OK source="cached_validations" db=0.0ms
UPDATE "cached_validations" SET "invalidated_at" = $1, "invalidation_reason" = $2, "updated_at" = $3 WHERE "id" = $4 [~U[2025-08-29 19:17:14.798898Z], "manual", ~U[2025-08-29 19:17:14.798903Z], 195907]
13:17:14.798 [info] Cache entry invalidated
.13:17:14.799 [debug] QUERY OK source="users" db=0.1ms
INSERT INTO "users" ("email","hashed_password","inserted_at","updated_at") VALUES ($1,$2,$3,$4) RETURNING "id" ["test19332@example.com", "dummy_hash", ~U[2025-08-29 19:17:14Z], ~U[2025-08-29 19:17:14Z]]
13:17:14.799 [debug] QUERY OK source="customers" db=0.2ms
INSERT INTO "customers" ("active","name","metadata","plan","api_key","email","user_id","monthly_limit","current_usage","inserted_at","updated_at") VALUES ($1,$2,$3,$4,$5,$6,$7,$8,$9,$10,$11) RETURNING "id" [true, "Test Customer 19332", %{}, "standard", "test_api_key_19332", "test19332@example.com", 18227, 100, 0, ~N[2025-08-29 19:17:14], ~N[2025-08-29 19:17:14]]
13:17:14.800 [debug] QUERY OK source="forge_accounts" db=0.1ms
INSERT INTO "forge_accounts" ("metadata","namespace","customer_id","forge_type","verified_at","inserted_at","updated_at") VALUES ($1,$2,$3,$4,$5,$6,$7) RETURNING "id" [%{}, "test-org-19332", 17682, :github, ~U[2025-08-29 19:17:14.799751Z], ~U[2025-08-29 19:17:14.799764Z], ~U[2025-08-29 19:17:14.799764Z]]
13:17:14.800 [debug] QUERY OK source="cached_validations" db=0.2ms
INSERT INTO "cached_validations" ("reason","cache_key","repository","confidence","forge_account_id","locations","vulnerability_type","file_hashes","is_false_positive","ttl_expires_at","cached_at","inserted_at","updated_at") VALUES ($1,$2,$3,$4,$5,$6,$7,$8,$9,$10,$11,$12,$13) ON CONFLICT ("cache_key") DO UPDATE SET "updated_at" = EXCLUDED."updated_at","inserted_at" = EXCLUDED."inserted_at","forge_account_id" = EXCLUDED."forge_account_id","invalidation_reason" = EXCLUDED."invalidation_reason","invalidated_at" = EXCLUDED."invalidated_at","ttl_expires_at" = EXCLUDED."ttl_expires_at","cached_at" = EXCLUDED."cached_at","full_result" = EXCLUDED."full_result","reason" = EXCLUDED."reason","confidence" = EXCLUDED."confidence","is_false_positive" = EXCLUDED."is_false_positive","file_hashes" = EXCLUDED."file_hashes","locations" = EXCLUDED."locations","vulnerability_type" = EXCLUDED."vulnerability_type","repository" = EXCLUDED."repository","cache_key" = EXCLUDED."cache_key" RETURNING "id","updated_at","inserted_at","forge_account_id","invalidation_reason","invalidated_at","ttl_expires_at","cached_at","full_result","reason","confidence","is_false_positive","file_hashes","locations","vulnerability_type","repository","cache_key" ["No user input flow detected", "15835/RSOLV-dev/nodegoat/[app.js:42]:sql-injection", "RSOLV-dev/nodegoat", Decimal.new("0.95"), 15835, [%{line: 42, file_path: "app.js"}], "sql-injection", %{"app.js" => "sha256:abc123"}, true, ~U[2025-11-27 19:17:14.800024Z], ~U[2025-08-29 19:17:14.800024Z], ~U[2025-08-29 19:17:14.800076Z], ~U[2025-08-29 19:17:14.800076Z]]
13:17:14.800 [debug] Cached validation stored
13:17:14.800 [debug] QUERY OK source="cached_validations" db=0.1ms
INSERT INTO "cached_validations" ("reason","cache_key","repository","confidence","forge_account_id","locations","vulnerability_type","file_hashes","is_false_positive","ttl_expires_at","cached_at","inserted_at","updated_at") VALUES ($1,$2,$3,$4,$5,$6,$7,$8,$9,$10,$11,$12,$13) ON CONFLICT ("cache_key") DO UPDATE SET "updated_at" = EXCLUDED."updated_at","inserted_at" = EXCLUDED."inserted_at","forge_account_id" = EXCLUDED."forge_account_id","invalidation_reason" = EXCLUDED."invalidation_reason","invalidated_at" = EXCLUDED."invalidated_at","ttl_expires_at" = EXCLUDED."ttl_expires_at","cached_at" = EXCLUDED."cached_at","full_result" = EXCLUDED."full_result","reason" = EXCLUDED."reason","confidence" = EXCLUDED."confidence","is_false_positive" = EXCLUDED."is_false_positive","file_hashes" = EXCLUDED."file_hashes","locations" = EXCLUDED."locations","vulnerability_type" = EXCLUDED."vulnerability_type","repository" = EXCLUDED."repository","cache_key" = EXCLUDED."cache_key" RETURNING "id","updated_at","inserted_at","forge_account_id","invalidation_reason","invalidated_at","ttl_expires_at","cached_at","full_result","reason","confidence","is_false_positive","file_hashes","locations","vulnerability_type","repository","cache_key" ["No user input flow detected", "15835/RSOLV-dev/nodegoat/[app.js:100]:xss", "RSOLV-dev/nodegoat", Decimal.new("0.95"), 15835, [%{line: 100, file_path: "app.js"}], "xss", %{"app.js" => "sha256:abc123"}, true, ~U[2025-11-27 19:17:14.800488Z], ~U[2025-08-29 19:17:14.800488Z], ~U[2025-08-29 19:17:14.800536Z], ~U[2025-08-29 19:17:14.800536Z]]
13:17:14.800 [debug] Cached validation stored
13:17:14.801 [debug] QUERY OK source="cached_validations" db=0.1ms
INSERT INTO "cached_validations" ("reason","cache_key","repository","confidence","forge_account_id","locations","vulnerability_type","file_hashes","is_false_positive","ttl_expires_at","cached_at","inserted_at","updated_at") VALUES ($1,$2,$3,$4,$5,$6,$7,$8,$9,$10,$11,$12,$13) ON CONFLICT ("cache_key") DO UPDATE SET "updated_at" = EXCLUDED."updated_at","inserted_at" = EXCLUDED."inserted_at","forge_account_id" = EXCLUDED."forge_account_id","invalidation_reason" = EXCLUDED."invalidation_reason","invalidated_at" = EXCLUDED."invalidated_at","ttl_expires_at" = EXCLUDED."ttl_expires_at","cached_at" = EXCLUDED."cached_at","full_result" = EXCLUDED."full_result","reason" = EXCLUDED."reason","confidence" = EXCLUDED."confidence","is_false_positive" = EXCLUDED."is_false_positive","file_hashes" = EXCLUDED."file_hashes","locations" = EXCLUDED."locations","vulnerability_type" = EXCLUDED."vulnerability_type","repository" = EXCLUDED."repository","cache_key" = EXCLUDED."cache_key" RETURNING "id","updated_at","inserted_at","forge_account_id","invalidation_reason","invalidated_at","ttl_expires_at","cached_at","full_result","reason","confidence","is_false_positive","file_hashes","locations","vulnerability_type","repository","cache_key" ["No user input flow detected", "15835/RSOLV-dev/nodegoat/[lib/other.js:10]:eval", "RSOLV-dev/nodegoat", Decimal.new("0.95"), 15835, [%{line: 10, file_path: "lib/other.js"}], "eval", %{"lib/other.js" => "sha256:xyz"}, true, ~U[2025-11-27 19:17:14.800853Z], ~U[2025-08-29 19:17:14.800853Z], ~U[2025-08-29 19:17:14.800906Z], ~U[2025-08-29 19:17:14.800906Z]]
13:17:14.801 [debug] Cached validation stored
13:17:14.801 [debug] QUERY OK source="cached_validations" db=0.3ms
UPDATE "cached_validations" AS c0 SET "invalidated_at" = $1, "invalidation_reason" = $2 WHERE (c0."forge_account_id" = $3) AND (c0."repository" = $4) AND (c0."invalidated_at" IS NULL) AND (EXISTS (SELECT 1 FROM jsonb_array_elements(c0."locations") AS loc WHERE loc->>'file_path' = $5)) [~U[2025-08-29 19:17:14.801211Z], "file_change", 15835, "RSOLV-dev/nodegoat", "app.js"]
13:17:14.801 [info] Invalidated cache entries for file change
13:17:14.801 [debug] QUERY OK source="cached_validations" db=0.1ms
SELECT c0."id", c0."cache_key", c0."repository", c0."vulnerability_type", c0."locations", c0."file_hashes", c0."is_false_positive", c0."confidence", c0."reason", c0."full_result", c0."cached_at", c0."ttl_expires_at", c0."invalidated_at", c0."invalidation_reason", c0."forge_account_id", c0."inserted_at", c0."updated_at" FROM "cached_validations" AS c0 WHERE (c0."cache_key" = $1) AND (c0."invalidated_at" IS NULL) ["15835/RSOLV-dev/nodegoat/[app.js:42]:sql-injection"]
13:17:14.801 [debug] Cache miss
13:17:14.802 [debug] QUERY OK source="cached_validations" db=0.1ms
SELECT c0."id", c0."cache_key", c0."repository", c0."vulnerability_type", c0."locations", c0."file_hashes", c0."is_false_positive", c0."confidence", c0."reason", c0."full_result", c0."cached_at", c0."ttl_expires_at", c0."invalidated_at", c0."invalidation_reason", c0."forge_account_id", c0."inserted_at", c0."updated_at" FROM "cached_validations" AS c0 WHERE (c0."cache_key" = $1) AND (c0."invalidated_at" IS NULL) ["15835/RSOLV-dev/nodegoat/[lib/other.js:10]:eval"]
13:17:14.802 [debug] Cache hit
.******

 19) test POST /api/v1/fix-attempts returns error with missing required fields (RsolvWeb.FixAttemptControllerTest)
     test/rsolv_web/controllers/fix_attempt_controller_test.exs:68
     ** (ArgumentError) errors were found at the given arguments:

       * 1st argument: the table identifier does not refer to an existing ETS table

     code: conn = post(conn, "/api/v1/fix-attempts", attrs)
     stacktrace:
       (stdlib 6.2) :ets.lookup(RsolvWeb.Endpoint, :secret_key_base)
       (rsolv 0.1.0) deps/phoenix/lib/phoenix/endpoint.ex:529: RsolvWeb.Endpoint.config/2
       (rsolv 0.1.0) lib/rsolv_web/endpoint.ex:1: RsolvWeb.Endpoint.call/2
       (phoenix 1.7.21) lib/phoenix/test/conn_test.ex:225: Phoenix.ConnTest.dispatch/5
       test/rsolv_web/controllers/fix_attempt_controller_test.exs:75: (test)



 20) test POST /api/v1/fix-attempts prevents duplicate fix attempts for same PR (RsolvWeb.FixAttemptControllerTest)
     test/rsolv_web/controllers/fix_attempt_controller_test.exs:83
     ** (ArgumentError) errors were found at the given arguments:

       * 1st argument: the table identifier does not refer to an existing ETS table

     code: conn1 = post(conn, "/api/v1/fix-attempts", attrs)
     stacktrace:
       (stdlib 6.2) :ets.lookup(RsolvWeb.Endpoint, :secret_key_base)
       (rsolv 0.1.0) deps/phoenix/lib/phoenix/endpoint.ex:529: RsolvWeb.Endpoint.config/2
       (rsolv 0.1.0) lib/rsolv_web/endpoint.ex:1: RsolvWeb.Endpoint.call/2
       (phoenix 1.7.21) lib/phoenix/test/conn_test.ex:225: Phoenix.ConnTest.dispatch/5
       test/rsolv_web/controllers/fix_attempt_controller_test.exs:92: (test)



 21) test POST /api/v1/fix-attempts creates fix attempt with valid data (RsolvWeb.FixAttemptControllerTest)
     test/rsolv_web/controllers/fix_attempt_controller_test.exs:8
     ** (ArgumentError) errors were found at the given arguments:

       * 1st argument: the table identifier does not refer to an existing ETS table

     code: conn = post(conn, "/api/v1/fix-attempts", attrs)
     stacktrace:
       (stdlib 6.2) :ets.lookup(RsolvWeb.Endpoint, :secret_key_base)
       (rsolv 0.1.0) deps/phoenix/lib/phoenix/endpoint.ex:529: RsolvWeb.Endpoint.config/2
       (rsolv 0.1.0) lib/rsolv_web/endpoint.ex:1: RsolvWeb.Endpoint.call/2
       (phoenix 1.7.21) lib/phoenix/test/conn_test.ex:225: Phoenix.ConnTest.dispatch/5
       test/rsolv_web/controllers/fix_attempt_controller_test.exs:26: (test)



 22) test POST /api/v1/fix-attempts creates fix attempt without issue number (RsolvWeb.FixAttemptControllerTest)
     test/rsolv_web/controllers/fix_attempt_controller_test.exs:41
     ** (ArgumentError) errors were found at the given arguments:

       * 1st argument: the table identifier does not refer to an existing ETS table

     code: conn = post(conn, "/api/v1/fix-attempts", attrs)
     stacktrace:
       (stdlib 6.2) :ets.lookup(RsolvWeb.Endpoint, :secret_key_base)
       (rsolv 0.1.0) deps/phoenix/lib/phoenix/endpoint.ex:529: RsolvWeb.Endpoint.config/2
       (rsolv 0.1.0) lib/rsolv_web/endpoint.ex:1: RsolvWeb.Endpoint.call/2
       (phoenix 1.7.21) lib/phoenix/test/conn_test.ex:225: Phoenix.ConnTest.dispatch/5
       test/rsolv_web/controllers/fix_attempt_controller_test.exs:56: (test)



 23) test dynamic scaling scales down when low demand (Rsolv.AST.ParserPoolTest)
     test/rsolv/ast/parser_pool_test.exs:237
     ** (RuntimeError) failed to start child with the spec {Rsolv.AST.ParserPool, %{name: :test_pool_9874, pool_size: 5, pre_warm: true, languages: ["javascript"], enable_autoscaling: true, min_pool_size: 2, scale_down_after_ms: 100}}.
     Reason: exited in: GenServer.call(Rsolv.AST.PortSupervisor, {:start_child, {{Rsolv.AST.PortWorker, :start_link, [%{timeout: 30000, args: ["/home/dylan/dev/rsolv/RSOLV-platform/_build/test/lib/rsolv/priv/parsers/javascript/parser.js"], command: "node", id: "1ff1d0c12d834590d2c4107ee8e9ce80", language: "javascript", pooled: true}]}, :transient, 5000, :worker, [Rsolv.AST.PortWorker]}}, :infinity)
         ** (EXIT) shutdown
     code: pool = start_supervised!({ParserPool, config})
     stacktrace:
       (ex_unit 1.18.4) lib/ex_unit/callbacks.ex:590: ExUnit.Callbacks.start_supervised!/2
       test/rsolv/ast/parser_pool_test.exs:248: (test)



 24) test pool metrics tracks parser health (Rsolv.AST.ParserPoolTest)
     test/rsolv/ast/parser_pool_test.exs:168
     ** (RuntimeError) failed to start child with the spec {Rsolv.AST.ParserPool, %{name: :test_pool_10002, pool_size: 3, pre_warm: true, languages: ["javascript", "python"], enable_metrics: true}}.
     Reason: exited in: GenServer.call(Rsolv.AST.ParserRegistry, {:get_parser, "javascript"}, 5000)
         ** (EXIT) no process: the process is not alive or there's no process currently associated with the given name, possibly because its application isn't started
     stacktrace:
       (ex_unit 1.18.4) lib/ex_unit/callbacks.ex:590: ExUnit.Callbacks.start_supervised!/2
       test/rsolv/ast/parser_pool_test.exs:146: Rsolv.AST.ParserPoolTest.__ex_unit_setup_2_0/1
       Rsolv.AST.ParserPoolTest.__ex_unit_describe_2/1

.

 25) test parser checkout/checkin checkout returns available parser (Rsolv.AST.ParserPoolTest)
     test/rsolv/ast/parser_pool_test.exs:85
     ** (RuntimeError) failed to start child with the spec {Rsolv.AST.ParserPool, %{name: :test_pool_19588, pool_size: 2, pre_warm: true, languages: ["javascript"]}}.
     Reason: exited in: GenServer.call(Rsolv.AST.ParserRegistry, {:get_parser, "javascript"}, 5000)
         ** (EXIT) no process: the process is not alive or there's no process currently associated with the given name, possibly because its application isn't started
     stacktrace:
       (ex_unit 1.18.4) lib/ex_unit/callbacks.ex:590: ExUnit.Callbacks.start_supervised!/2
       test/rsolv/ast/parser_pool_test.exs:79: Rsolv.AST.ParserPoolTest.__ex_unit_setup_1_0/1
       Rsolv.AST.ParserPoolTest.__ex_unit_describe_1/1



 26) test pool initialization starts with configured pool size (Rsolv.AST.ParserPoolTest)
     test/rsolv/ast/parser_pool_test.exs:12
     ** (RuntimeError) failed to start child with the spec {Rsolv.AST.ParserPool, %{name: :test_pool_7947, pool_size: 3, pre_warm: true, languages: ["javascript", "python"]}}.
     Reason: exited in: GenServer.call(Rsolv.AST.ParserRegistry, {:get_parser, "javascript"}, 5000)
         ** (EXIT) no process: the process is not alive or there's no process currently associated with the given name, possibly because its application isn't started
     code: pool = start_supervised!({ParserPool, config})
     stacktrace:
       (ex_unit 1.18.4) lib/ex_unit/callbacks.ex:590: ExUnit.Callbacks.start_supervised!/2
       test/rsolv/ast/parser_pool_test.exs:20: (test)



 27) test parser checkout/checkin blocks when all parsers busy (Rsolv.AST.ParserPoolTest)
     test/rsolv/ast/parser_pool_test.exs:103
     ** (RuntimeError) failed to start child with the spec {Rsolv.AST.ParserPool, %{name: :test_pool_10130, pool_size: 2, pre_warm: true, languages: ["javascript"]}}.
     Reason: exited in: GenServer.call(Rsolv.AST.ParserRegistry, {:get_parser, "javascript"}, 5000)
         ** (EXIT) no process: the process is not alive or there's no process currently associated with the given name, possibly because its application isn't started
     stacktrace:
       (ex_unit 1.18.4) lib/ex_unit/callbacks.ex:590: ExUnit.Callbacks.start_supervised!/2
       test/rsolv/ast/parser_pool_test.exs:79: Rsolv.AST.ParserPoolTest.__ex_unit_setup_1_0/1
       Rsolv.AST.ParserPoolTest.__ex_unit_describe_1/1



 28) test parser checkout/checkin handles parser crashes gracefully (Rsolv.AST.ParserPoolTest)
     test/rsolv/ast/parser_pool_test.exs:123
     ** (RuntimeError) failed to start child with the spec {Rsolv.AST.ParserPool, %{name: :test_pool_10258, pool_size: 2, pre_warm: true, languages: ["javascript"]}}.
     Reason: exited in: GenServer.call(Rsolv.AST.ParserRegistry, {:get_parser, "javascript"}, 5000)
         ** (EXIT) no process: the process is not alive or there's no process currently associated with the given name, possibly because its application isn't started
     stacktrace:
       (ex_unit 1.18.4) lib/ex_unit/callbacks.ex:590: ExUnit.Callbacks.start_supervised!/2
       test/rsolv/ast/parser_pool_test.exs:79: Rsolv.AST.ParserPoolTest.__ex_unit_setup_1_0/1
       Rsolv.AST.ParserPoolTest.__ex_unit_describe_1/1



 29) test pool metrics tracks utilization metrics (Rsolv.AST.ParserPoolTest)
     test/rsolv/ast/parser_pool_test.exs:153
     ** (RuntimeError) failed to start child with the spec {Rsolv.AST.ParserPool, %{name: :test_pool_6156, pool_size: 3, pre_warm: true, languages: ["javascript", "python"], enable_metrics: true}}.
     Reason: exited in: GenServer.call(Rsolv.AST.ParserRegistry, {:get_parser, "javascript"}, 5000)
         ** (EXIT) no process: the process is not alive or there's no process currently associated with the given name, possibly because its application isn't started
     stacktrace:
       (ex_unit 1.18.4) lib/ex_unit/callbacks.ex:590: ExUnit.Callbacks.start_supervised!/2
       test/rsolv/ast/parser_pool_test.exs:146: Rsolv.AST.ParserPoolTest.__ex_unit_setup_2_0/1
       Rsolv.AST.ParserPoolTest.__ex_unit_describe_2/1



 30) test dynamic scaling scales up when high demand (Rsolv.AST.ParserPoolTest)
     test/rsolv/ast/parser_pool_test.exs:184
     ** (RuntimeError) failed to start child with the spec {Rsolv.AST.ParserPool, %{name: :test_pool_10386, pool_size: 2, pre_warm: true, languages: ["javascript"], enable_autoscaling: true, max_pool_size: 5}}.
     Reason: exited in: GenServer.call(Rsolv.AST.ParserRegistry, {:get_parser, "javascript"}, 5000)
         ** (EXIT) no process: the process is not alive or there's no process currently associated with the given name, possibly because its application isn't started
     code: pool = start_supervised!({ParserPool, config})
     stacktrace:
       (ex_unit 1.18.4) lib/ex_unit/callbacks.ex:590: ExUnit.Callbacks.start_supervised!/2
       test/rsolv/ast/parser_pool_test.exs:194: (test)



 31) test pool initialization pre-warms parsers on startup (Rsolv.AST.ParserPoolTest)
     test/rsolv/ast/parser_pool_test.exs:36
     ** (RuntimeError) failed to start child with the spec {Rsolv.AST.ParserPool, %{name: :test_pool_17154, pool_size: 2, pre_warm: true, languages: ["javascript"]}}.
     Reason: exited in: GenServer.call(Rsolv.AST.ParserRegistry, {:get_parser, "javascript"}, 5000)
         ** (EXIT) no process: the process is not alive or there's no process currently associated with the given name, possibly because its application isn't started
     code: pool = start_supervised!({ParserPool, config})
     stacktrace:
       (ex_unit 1.18.4) lib/ex_unit/callbacks.ex:590: ExUnit.Callbacks.start_supervised!/2
       test/rsolv/ast/parser_pool_test.exs:44: (test)

13:17:14.893 [notice] Application rsolv exited: shutdown


 32) test parser checkout/checkin checkin returns parser to pool (Rsolv.AST.ParserPoolTest)
     test/rsolv/ast/parser_pool_test.exs:94
     ** (RuntimeError) failed to start child with the spec {Rsolv.AST.ParserPool, %{name: :test_pool_10514, pool_size: 2, pre_warm: true, languages: ["javascript"]}}.
     Reason: exited in: GenServer.call(Rsolv.AST.ParserRegistry, {:get_parser, "javascript"}, 5000)
         ** (EXIT) no process: the process is not alive or there's no process currently associated with the given name, possibly because its application isn't started
     stacktrace:
       (ex_unit 1.18.4) lib/ex_unit/callbacks.ex:590: ExUnit.Callbacks.start_supervised!/2
       test/rsolv/ast/parser_pool_test.exs:79: Rsolv.AST.ParserPoolTest.__ex_unit_setup_1_0/1
       Rsolv.AST.ParserPoolTest.__ex_unit_describe_1/1

13:17:14.894 [info] Prometheus metrics collection disabled


 33) test phase storage stores mitigation execution with PR details (Rsolv.Phases.PhaseStorageTest)
     test/rsolv/phases/phase_storage_test.exs:108
     ** (MatchError) no match of right hand side value: {:error, {%RuntimeError{message: "could not lookup Ecto repo Rsolv.Repo because it was not started or it does not exist"}, [{Ecto.Repo.Registry, :lookup, 1, [file: ~c"lib/ecto/repo/registry.ex", line: 22, error_info: %{module: Exception}]}, {Ecto.Adapters.SQL.Sandbox, :lookup_meta!, 1, [file: ~c"lib/ecto/adapters/sql/sandbox.ex", line: 631]}, {Ecto.Adapters.SQL.Sandbox, :checkout, 2, [file: ~c"lib/ecto/adapters/sql/sandbox.ex", line: 536]}, {Ecto.Adapters.SQL.Sandbox, :"-start_owner!/2-fun-0-", 3, [file: ~c"lib/ecto/adapters/sql/sandbox.ex", line: 446]}, {Agent.Server, :init, 1, [file: ~c"lib/agent/server.ex", line: 8]}, {:gen_server, :init_it, 2, [file: ~c"gen_server.erl", line: 2229]}, {:gen_server, :init_it, 6, [file: ~c"gen_server.erl", line: 2184]}, {:proc_lib, :init_p_do_apply, 3, [file: ~c"proc_lib.erl", line: 329]}]}}
     stacktrace:
       (ecto_sql 3.12.1) lib/ecto/adapters/sql/sandbox.ex:443: Ecto.Adapters.SQL.Sandbox.start_owner!/2
       (rsolv 0.1.0) test/support/data_case.ex:33: Rsolv.DataCase.__ex_unit_setup_0/1
       (rsolv 0.1.0) test/support/data_case.ex:1: Rsolv.DataCase.__ex_unit__/2
       test/rsolv/phases/phase_storage_test.exs:1: Rsolv.Phases.PhaseStorageTest.__ex_unit__/2



 34) test phase storage enforces namespace access control for phase storage (Rsolv.Phases.PhaseStorageTest)
     test/rsolv/phases/phase_storage_test.exs:135
     ** (MatchError) no match of right hand side value: {:error, {%RuntimeError{message: "could not lookup Ecto repo Rsolv.Repo because it was not started or it does not exist"}, [{Ecto.Repo.Registry, :lookup, 1, [file: ~c"lib/ecto/repo/registry.ex", line: 22, error_info: %{module: Exception}]}, {Ecto.Adapters.SQL.Sandbox, :lookup_meta!, 1, [file: ~c"lib/ecto/adapters/sql/sandbox.ex", line: 631]}, {Ecto.Adapters.SQL.Sandbox, :checkout, 2, [file: ~c"lib/ecto/adapters/sql/sandbox.ex", line: 536]}, {Ecto.Adapters.SQL.Sandbox, :"-start_owner!/2-fun-0-", 3, [file: ~c"lib/ecto/adapters/sql/sandbox.ex", line: 446]}, {Agent.Server, :init, 1, [file: ~c"lib/agent/server.ex", line: 8]}, {:gen_server, :init_it, 2, [file: ~c"gen_server.erl", line: 2229]}, {:gen_server, :init_it, 6, [file: ~c"gen_server.erl", line: 2184]}, {:proc_lib, :init_p_do_apply, 3, [file: ~c"proc_lib.erl", line: 329]}]}}
     stacktrace:
       (ecto_sql 3.12.1) lib/ecto/adapters/sql/sandbox.ex:443: Ecto.Adapters.SQL.Sandbox.start_owner!/2
       (rsolv 0.1.0) test/support/data_case.ex:33: Rsolv.DataCase.__ex_unit_setup_0/1
       (rsolv 0.1.0) test/support/data_case.ex:1: Rsolv.DataCase.__ex_unit__/2
       test/rsolv/phases/phase_storage_test.exs:1: Rsolv.Phases.PhaseStorageTest.__ex_unit__/2



 35) test phase storage stores scan execution with auto-created repo (Rsolv.Phases.PhaseStorageTest)
     test/rsolv/phases/phase_storage_test.exs:52
     ** (MatchError) no match of right hand side value: {:error, {%RuntimeError{message: "could not lookup Ecto repo Rsolv.Repo because it was not started or it does not exist"}, [{Ecto.Repo.Registry, :lookup, 1, [file: ~c"lib/ecto/repo/registry.ex", line: 22, error_info: %{module: Exception}]}, {Ecto.Adapters.SQL.Sandbox, :lookup_meta!, 1, [file: ~c"lib/ecto/adapters/sql/sandbox.ex", line: 631]}, {Ecto.Adapters.SQL.Sandbox, :checkout, 2, [file: ~c"lib/ecto/adapters/sql/sandbox.ex", line: 536]}, {Ecto.Adapters.SQL.Sandbox, :"-start_owner!/2-fun-0-", 3, [file: ~c"lib/ecto/adapters/sql/sandbox.ex", line: 446]}, {Agent.Server, :init, 1, [file: ~c"lib/agent/server.ex", line: 8]}, {:gen_server, :init_it, 2, [file: ~c"gen_server.erl", line: 2229]}, {:gen_server, :init_it, 6, [file: ~c"gen_server.erl", line: 2184]}, {:proc_lib, :init_p_do_apply, 3, [file: ~c"proc_lib.erl", line: 329]}]}}
     stacktrace:
       (ecto_sql 3.12.1) lib/ecto/adapters/sql/sandbox.ex:443: Ecto.Adapters.SQL.Sandbox.start_owner!/2
       (rsolv 0.1.0) test/support/data_case.ex:33: Rsolv.DataCase.__ex_unit_setup_0/1
       (rsolv 0.1.0) test/support/data_case.ex:1: Rsolv.DataCase.__ex_unit__/2
       test/rsolv/phases/phase_storage_test.exs:1: Rsolv.Phases.PhaseStorageTest.__ex_unit__/2



 36) test phase storage handles phase storage errors gracefully (Rsolv.Phases.PhaseStorageTest)
     test/rsolv/phases/phase_storage_test.exs:197
     ** (MatchError) no match of right hand side value: {:error, {%RuntimeError{message: "could not lookup Ecto repo Rsolv.Repo because it was not started or it does not exist"}, [{Ecto.Repo.Registry, :lookup, 1, [file: ~c"lib/ecto/repo/registry.ex", line: 22, error_info: %{module: Exception}]}, {Ecto.Adapters.SQL.Sandbox, :lookup_meta!, 1, [file: ~c"lib/ecto/adapters/sql/sandbox.ex", line: 631]}, {Ecto.Adapters.SQL.Sandbox, :checkout, 2, [file: ~c"lib/ecto/adapters/sql/sandbox.ex", line: 536]}, {Ecto.Adapters.SQL.Sandbox, :"-start_owner!/2-fun-0-", 3, [file: ~c"lib/ecto/adapters/sql/sandbox.ex", line: 446]}, {Agent.Server, :init, 1, [file: ~c"lib/agent/server.ex", line: 8]}, {:gen_server, :init_it, 2, [file: ~c"gen_server.erl", line: 2229]}, {:gen_server, :init_it, 6, [file: ~c"gen_server.erl", line: 2184]}, {:proc_lib, :init_p_do_apply, 3, [file: ~c"proc_lib.erl", line: 329]}]}}
     stacktrace:
       (ecto_sql 3.12.1) lib/ecto/adapters/sql/sandbox.ex:443: Ecto.Adapters.SQL.Sandbox.start_owner!/2
       (rsolv 0.1.0) test/support/data_case.ex:33: Rsolv.DataCase.__ex_unit_setup_0/1
       (rsolv 0.1.0) test/support/data_case.ex:1: Rsolv.DataCase.__ex_unit__/2
       test/rsolv/phases/phase_storage_test.exs:1: Rsolv.Phases.PhaseStorageTest.__ex_unit__/2



 37) test phase storage tracks phase execution timing (Rsolv.Phases.PhaseStorageTest)
     test/rsolv/phases/phase_storage_test.exs:208
     ** (MatchError) no match of right hand side value: {:error, {%RuntimeError{message: "could not lookup Ecto repo Rsolv.Repo because it was not started or it does not exist"}, [{Ecto.Repo.Registry, :lookup, 1, [file: ~c"lib/ecto/repo/registry.ex", line: 22, error_info: %{module: Exception}]}, {Ecto.Adapters.SQL.Sandbox, :lookup_meta!, 1, [file: ~c"lib/ecto/adapters/sql/sandbox.ex", line: 631]}, {Ecto.Adapters.SQL.Sandbox, :checkout, 2, [file: ~c"lib/ecto/adapters/sql/sandbox.ex", line: 536]}, {Ecto.Adapters.SQL.Sandbox, :"-start_owner!/2-fun-0-", 3, [file: ~c"lib/ecto/adapters/sql/sandbox.ex", line: 446]}, {Agent.Server, :init, 1, [file: ~c"lib/agent/server.ex", line: 8]}, {:gen_server, :init_it, 2, [file: ~c"gen_server.erl", line: 2229]}, {:gen_server, :init_it, 6, [file: ~c"gen_server.erl", line: 2184]}, {:proc_lib, :init_p_do_apply, 3, [file: ~c"proc_lib.erl", line: 329]}]}}
     stacktrace:
       (ecto_sql 3.12.1) lib/ecto/adapters/sql/sandbox.ex:443: Ecto.Adapters.SQL.Sandbox.start_owner!/2
       (rsolv 0.1.0) test/support/data_case.ex:33: Rsolv.DataCase.__ex_unit_setup_0/1
       (rsolv 0.1.0) test/support/data_case.ex:1: Rsolv.DataCase.__ex_unit__/2
       test/rsolv/phases/phase_storage_test.exs:1: Rsolv.Phases.PhaseStorageTest.__ex_unit__/2



 38) test phase storage stores validation execution with issue number (Rsolv.Phases.PhaseStorageTest)
     test/rsolv/phases/phase_storage_test.exs:81
     ** (MatchError) no match of right hand side value: {:error, {%RuntimeError{message: "could not lookup Ecto repo Rsolv.Repo because it was not started or it does not exist"}, [{Ecto.Repo.Registry, :lookup, 1, [file: ~c"lib/ecto/repo/registry.ex", line: 22, error_info: %{module: Exception}]}, {Ecto.Adapters.SQL.Sandbox, :lookup_meta!, 1, [file: ~c"lib/ecto/adapters/sql/sandbox.ex", line: 631]}, {Ecto.Adapters.SQL.Sandbox, :checkout, 2, [file: ~c"lib/ecto/adapters/sql/sandbox.ex", line: 536]}, {Ecto.Adapters.SQL.Sandbox, :"-start_owner!/2-fun-0-", 3, [file: ~c"lib/ecto/adapters/sql/sandbox.ex", line: 446]}, {Agent.Server, :init, 1, [file: ~c"lib/agent/server.ex", line: 8]}, {:gen_server, :init_it, 2, [file: ~c"gen_server.erl", line: 2229]}, {:gen_server, :init_it, 6, [file: ~c"gen_server.erl", line: 2184]}, {:proc_lib, :init_p_do_apply, 3, [file: ~c"proc_lib.erl", line: 329]}]}}
     stacktrace:
       (ecto_sql 3.12.1) lib/ecto/adapters/sql/sandbox.ex:443: Ecto.Adapters.SQL.Sandbox.start_owner!/2
       (rsolv 0.1.0) test/support/data_case.ex:33: Rsolv.DataCase.__ex_unit_setup_0/1
       (rsolv 0.1.0) test/support/data_case.ex:1: Rsolv.DataCase.__ex_unit__/2
       test/rsolv/phases/phase_storage_test.exs:1: Rsolv.Phases.PhaseStorageTest.__ex_unit__/2



 39) test phase storage auto-creates repository on first phase storage (Rsolv.Phases.PhaseStorageTest)
     test/rsolv/phases/phase_storage_test.exs:170
     ** (MatchError) no match of right hand side value: {:error, {%RuntimeError{message: "could not lookup Ecto repo Rsolv.Repo because it was not started or it does not exist"}, [{Ecto.Repo.Registry, :lookup, 1, [file: ~c"lib/ecto/repo/registry.ex", line: 22, error_info: %{module: Exception}]}, {Ecto.Adapters.SQL.Sandbox, :lookup_meta!, 1, [file: ~c"lib/ecto/adapters/sql/sandbox.ex", line: 631]}, {Ecto.Adapters.SQL.Sandbox, :checkout, 2, [file: ~c"lib/ecto/adapters/sql/sandbox.ex", line: 536]}, {Ecto.Adapters.SQL.Sandbox, :"-start_owner!/2-fun-0-", 3, [file: ~c"lib/ecto/adapters/sql/sandbox.ex", line: 446]}, {Agent.Server, :init, 1, [file: ~c"lib/agent/server.ex", line: 8]}, {:gen_server, :init_it, 2, [file: ~c"gen_server.erl", line: 2229]}, {:gen_server, :init_it, 6, [file: ~c"gen_server.erl", line: 2184]}, {:proc_lib, :init_p_do_apply, 3, [file: ~c"proc_lib.erl", line: 329]}]}}
     stacktrace:
       (ecto_sql 3.12.1) lib/ecto/adapters/sql/sandbox.ex:443: Ecto.Adapters.SQL.Sandbox.start_owner!/2
       (rsolv 0.1.0) test/support/data_case.ex:33: Rsolv.DataCase.__ex_unit_setup_0/1
       (rsolv 0.1.0) test/support/data_case.ex:1: Rsolv.DataCase.__ex_unit__/2
       test/rsolv/phases/phase_storage_test.exs:1: Rsolv.Phases.PhaseStorageTest.__ex_unit__/2



 40) test Pattern API with native JSON JSONSerializer can handle pattern with regex (RsolvWeb.Api.V1.PatternControllerJsonTest)
     test/rsolv_web/controllers/api/v1/pattern_controller_json_test.exs:31
     ** (MatchError) no match of right hand side value: {:error, {%RuntimeError{message: "could not lookup Ecto repo Rsolv.Repo because it was not started or it does not exist"}, [{Ecto.Repo.Registry, :lookup, 1, [file: ~c"lib/ecto/repo/registry.ex", line: 22, error_info: %{module: Exception}]}, {Ecto.Adapters.SQL.Sandbox, :lookup_meta!, 1, [file: ~c"lib/ecto/adapters/sql/sandbox.ex", line: 631]}, {Ecto.Adapters.SQL.Sandbox, :checkout, 2, [file: ~c"lib/ecto/adapters/sql/sandbox.ex", line: 536]}, {Ecto.Adapters.SQL.Sandbox, :"-start_owner!/2-fun-0-", 3, [file: ~c"lib/ecto/adapters/sql/sandbox.ex", line: 446]}, {Agent.Server, :init, 1, [file: ~c"lib/agent/server.ex", line: 8]}, {:gen_server, :init_it, 2, [file: ~c"gen_server.erl", line: 2229]}, {:gen_server, :init_it, 6, [file: ~c"gen_server.erl", line: 2184]}, {:proc_lib, :init_p_do_apply, 3, [file: ~c"proc_lib.erl", line: 329]}]}}
     stacktrace:
       (ecto_sql 3.12.1) lib/ecto/adapters/sql/sandbox.ex:443: Ecto.Adapters.SQL.Sandbox.start_owner!/2
       (rsolv 0.1.0) test/support/conn_case.ex:40: RsolvWeb.ConnCase.__ex_unit_setup_0/1
       (rsolv 0.1.0) test/support/conn_case.ex:1: RsolvWeb.ConnCase.__ex_unit__/2
       test/rsolv_web/controllers/api/v1/pattern_controller_json_test.exs:1: RsolvWeb.Api.V1.PatternControllerJsonTest.__ex_unit__/2



 41) test Pattern API with native JSON standard format works with native JSON (RsolvWeb.Api.V1.PatternControllerJsonTest)
     test/rsolv_web/controllers/api/v1/pattern_controller_json_test.exs:6
     ** (MatchError) no match of right hand side value: {:error, {%RuntimeError{message: "could not lookup Ecto repo Rsolv.Repo because it was not started or it does not exist"}, [{Ecto.Repo.Registry, :lookup, 1, [file: ~c"lib/ecto/repo/registry.ex", line: 22, error_info: %{module: Exception}]}, {Ecto.Adapters.SQL.Sandbox, :lookup_meta!, 1, [file: ~c"lib/ecto/adapters/sql/sandbox.ex", line: 631]}, {Ecto.Adapters.SQL.Sandbox, :checkout, 2, [file: ~c"lib/ecto/adapters/sql/sandbox.ex", line: 536]}, {Ecto.Adapters.SQL.Sandbox, :"-start_owner!/2-fun-0-", 3, [file: ~c"lib/ecto/adapters/sql/sandbox.ex", line: 446]}, {Agent.Server, :init, 1, [file: ~c"lib/agent/server.ex", line: 8]}, {:gen_server, :init_it, 2, [file: ~c"gen_server.erl", line: 2229]}, {:gen_server, :init_it, 6, [file: ~c"gen_server.erl", line: 2184]}, {:proc_lib, :init_p_do_apply, 3, [file: ~c"proc_lib.erl", line: 329]}]}}
     stacktrace:
       (ecto_sql 3.12.1) lib/ecto/adapters/sql/sandbox.ex:443: Ecto.Adapters.SQL.Sandbox.start_owner!/2
       (rsolv 0.1.0) test/support/conn_case.ex:40: RsolvWeb.ConnCase.__ex_unit_setup_0/1
       (rsolv 0.1.0) test/support/conn_case.ex:1: RsolvWeb.ConnCase.__ex_unit__/2
       test/rsolv_web/controllers/api/v1/pattern_controller_json_test.exs:1: RsolvWeb.Api.V1.PatternControllerJsonTest.__ex_unit__/2

13:17:14.903 [info] BEAM clustering disabled
13:17:14.903 [info] PatternServer: Loading initial patterns...
13:17:14.903 [info] The function passed as a handler with ID "validation-reporter" is a local function.
This means that it is either an anonymous function or a capture of a function without a module specified. That may cause a performance penalty when calling that handler. For more details see the note in `telemetry:attach/4` documentation.

https://hexdocs.pm/telemetry/telemetry.html#attach/4
13:17:14.904 [info] PatternServer: Loaded 170 unique patterns
13:17:14.904 [info] Patterns by language: %{"common" => 1, "django" => 19, "elixir" => 28, "java" => 17, "javascript" => 30, "php" => 25, "python" => 12, "rails" => 18, "ruby" => 20}
13:17:14.904 request_id=GGBS7Y06tbgqUTIAACEG [info] GET /api/v1/patterns
13:17:14.904 request_id=GGBS7Y06tbgqUTIAACEG [debug] Processing with RsolvWeb.Api.V1.PatternController.index/2
  Parameters: %{"format" => "enhanced", "language" => "javascript"}
  Pipelines: [:api]
13:17:14.904 request_id=GGBS7Y06tbgqUTIAACEG [info] Pattern API called with params: %{"format" => "enhanced", "language" => "javascript"}
13:17:14.904 request_id=GGBS7Y06tbgqUTIAACEG [info] Language: javascript, Format: enhanced
13:17:14.904 request_id=GGBS7Y06tbgqUTIAACEG [info] API key status: :none
13:17:14.904 request_id=GGBS7Y06tbgqUTIAACEG [info] Getting demo patterns for javascript
13:17:14.904 request_id=GGBS7Y06tbgqUTIAACEG [info] Retrieved 5 patterns
13:17:14.904 request_id=GGBS7Y06tbgqUTIAACEG [debug] Formatting pattern: "js-sql-injection-concat"
13:17:14.904 request_id=GGBS7Y06tbgqUTIAACEG [debug] Formatted pattern keys: ["cweId", "description", "examples", "frameworks", "id", "languages", "name", "owaspCategory", "recommendation", "regex", "regexPatterns", "severity", "supportsAst", "type"]
13:17:14.904 request_id=GGBS7Y06tbgqUTIAACEG [debug] Formatting pattern: "js-xss-innerhtml"
13:17:14.904 request_id=GGBS7Y06tbgqUTIAACEG [debug] Formatted pattern keys: ["cweId", "description", "examples", "frameworks", "id", "languages", "name", "owaspCategory", "recommendation", "regex", "regexPatterns", "severity", "supportsAst", "type"]
13:17:14.904 request_id=GGBS7Y06tbgqUTIAACEG [debug] Formatting pattern: "js-command-injection-exec"
13:17:14.904 request_id=GGBS7Y06tbgqUTIAACEG [debug] Formatted pattern keys: ["cweId", "description", "examples", "frameworks", "id", "languages", "name", "owaspCategory", "recommendation", "regex", "regexPatterns", "severity", "supportsAst", "type"]
13:17:14.904 request_id=GGBS7Y06tbgqUTIAACEG [debug] Formatting pattern: "js-weak-crypto-md5"
13:17:14.904 request_id=GGBS7Y06tbgqUTIAACEG [debug] Formatted pattern keys: ["cweId", "description", "examples", "frameworks", "id", "languages", "name", "owaspCategory", "recommendation", "regex", "regexPatterns", "severity", "supportsAst", "type"]
13:17:14.904 request_id=GGBS7Y06tbgqUTIAACEG [debug] Formatting pattern: "js-hardcoded-secret-api-key"
13:17:14.905 request_id=GGBS7Y06tbgqUTIAACEG [debug] Formatted pattern keys: ["cweId", "description", "examples", "frameworks", "id", "languages", "name", "owaspCategory", "recommendation", "regex", "regexPatterns", "severity", "supportsAst", "type"]
13:17:14.905 request_id=GGBS7Y06tbgqUTIAACEG [info] Sent 200 in 402µs
...13:17:14.905 [info] Handling pull_request event with action: "opened"
13:17:14.905 [info] Evaluating PR: [RSOLV] Fix security issue
13:17:14.905 [debug] RSOLV PR identification:
- Has label: true
- Has branch prefix: true
- Has title prefix: true
- Has body pattern: true

13:17:14.905 [info] Identified as RSOLV PR, tracking...
13:17:14.906 [debug] QUERY OK source="fix_attempts" db=0.2ms queue=0.3ms
SELECT f0."id", f0."github_org", f0."repo_name", f0."issue_number", f0."pr_number", f0."status", f0."merged_at", f0."billing_status", f0."requires_manual_approval", f0."approved_by", f0."approved_at", f0."approval_notes", f0."platform", f0."customer_id", f0."api_key_used", f0."pr_title", f0."pr_url", f0."issue_title", f0."issue_url", f0."commit_sha", f0."merged_by", f0."metadata", f0."amount", f0."currency", f0."billed_at", f0."refunded_at", f0."inserted_at", f0."updated_at" FROM "fix_attempts" AS f0 WHERE (((f0."github_org" = $1) AND (f0."repo_name" = $2)) AND (f0."pr_number" = $3)) ["test-org", "test-repo", 42]
13:17:14.906 [debug] QUERY OK source="fix_attempts" db=0.2ms
INSERT INTO "fix_attempts" ("status","metadata","currency","repo_name","issue_number","github_org","pr_number","billing_status","platform","pr_title","pr_url","requires_manual_approval","inserted_at","updated_at") VALUES ($1,$2,$3,$4,$5,$6,$7,$8,$9,$10,$11,$12,$13,$14) RETURNING "id" ["pending", %{labels: ["rsolv:automated"], branch: "rsolv/123-fix-security", created_by: "rsolv-bot", issue_references: [%{type: :number, value: 123}]}, "USD", "test-repo", 123, "test-org", 42, "not_billed", "github", "[RSOLV] Fix security issue", "https://github.com/test/repo/pull/42", true, ~N[2025-08-29 19:17:14], ~N[2025-08-29 19:17:14]]
13:17:14.906 [info] Handling pull_request event with action: "closed"
13:17:14.906 [debug] QUERY OK source="fix_attempts" db=0.0ms
SELECT f0."id", f0."github_org", f0."repo_name", f0."issue_number", f0."pr_number", f0."status", f0."merged_at", f0."billing_status", f0."requires_manual_approval", f0."approved_by", f0."approved_at", f0."approval_notes", f0."platform", f0."customer_id", f0."api_key_used", f0."pr_title", f0."pr_url", f0."issue_title", f0."issue_url", f0."commit_sha", f0."merged_by", f0."metadata", f0."amount", f0."currency", f0."billed_at", f0."refunded_at", f0."inserted_at", f0."updated_at" FROM "fix_attempts" AS f0 WHERE (((f0."github_org" = $1) AND (f0."repo_name" = $2)) AND (f0."pr_number" = $3)) ["test-org", "test-repo", 42]
13:17:14.907 [debug] QUERY OK source="fix_attempts" db=0.0ms
UPDATE "fix_attempts" SET "status" = $1, "commit_sha" = $2, "merged_at" = $3, "merged_by" = $4, "updated_at" = $5 WHERE "id" = $6 ["merged", "abc123", ~U[2025-06-03 19:00:00.000000Z], "reviewer", ~N[2025-08-29 19:17:14], 2604]
13:17:14.907 [debug] QUERY OK source="fix_attempts" db=0.0ms
SELECT f0."id", f0."github_org", f0."repo_name", f0."issue_number", f0."pr_number", f0."status", f0."merged_at", f0."billing_status", f0."requires_manual_approval", f0."approved_by", f0."approved_at", f0."approval_notes", f0."platform", f0."customer_id", f0."api_key_used", f0."pr_title", f0."pr_url", f0."issue_title", f0."issue_url", f0."commit_sha", f0."merged_by", f0."metadata", f0."amount", f0."currency", f0."billed_at", f0."refunded_at", f0."inserted_at", f0."updated_at" FROM "fix_attempts" AS f0 WHERE (((f0."github_org" = $1) AND (f0."repo_name" = $2)) AND (f0."pr_number" = $3)) ["test-org", "test-repo", 42]
.13:17:14.907 [debug] RSOLV PR identification:
- Has label: false
- Has branch prefix: 
- Has title prefix: true
- Has body pattern: false

..13:17:14.907 [info] Handling pull_request event with action: "opened"
13:17:14.907 [info] Evaluating PR: Regular PR
13:17:14.907 [debug] RSOLV PR identification:
- Has label: false
- Has branch prefix: false
- Has title prefix: false
- Has body pattern: false

13:17:14.907 [info] Not a RSOLV PR, ignoring
13:17:14.908 [debug] QUERY OK source="fix_attempts" db=0.2ms queue=0.2ms
SELECT f0."id", f0."github_org", f0."repo_name", f0."issue_number", f0."pr_number", f0."status", f0."merged_at", f0."billing_status", f0."requires_manual_approval", f0."approved_by", f0."approved_at", f0."approval_notes", f0."platform", f0."customer_id", f0."api_key_used", f0."pr_title", f0."pr_url", f0."issue_title", f0."issue_url", f0."commit_sha", f0."merged_by", f0."metadata", f0."amount", f0."currency", f0."billed_at", f0."refunded_at", f0."inserted_at", f0."updated_at" FROM "fix_attempts" AS f0 WHERE (f0."pr_number" = $1) [42]
.13:17:14.908 [info] Handling pull_request event with action: "opened"
13:17:14.908 [info] Evaluating PR: [RSOLV] Fix security issue
13:17:14.908 [debug] RSOLV PR identification:
- Has label: true
- Has branch prefix: true
- Has title prefix: true
- Has body pattern: true

13:17:14.908 [info] Identified as RSOLV PR, tracking...
13:17:14.909 [debug] QUERY OK source="fix_attempts" db=0.5ms
SELECT f0."id", f0."github_org", f0."repo_name", f0."issue_number", f0."pr_number", f0."status", f0."merged_at", f0."billing_status", f0."requires_manual_approval", f0."approved_by", f0."approved_at", f0."approval_notes", f0."platform", f0."customer_id", f0."api_key_used", f0."pr_title", f0."pr_url", f0."issue_title", f0."issue_url", f0."commit_sha", f0."merged_by", f0."metadata", f0."amount", f0."currency", f0."billed_at", f0."refunded_at", f0."inserted_at", f0."updated_at" FROM "fix_attempts" AS f0 WHERE (((f0."github_org" = $1) AND (f0."repo_name" = $2)) AND (f0."pr_number" = $3)) ["test-org", "test-repo", 42]
13:17:14.909 [debug] QUERY OK source="fix_attempts" db=0.1ms
INSERT INTO "fix_attempts" ("status","metadata","currency","repo_name","issue_number","github_org","pr_number","billing_status","platform","pr_title","pr_url","requires_manual_approval","inserted_at","updated_at") VALUES ($1,$2,$3,$4,$5,$6,$7,$8,$9,$10,$11,$12,$13,$14) RETURNING "id" ["pending", %{labels: ["rsolv:automated"], branch: "rsolv/123-fix-security", created_by: "rsolv-bot", issue_references: [%{type: :number, value: 123}]}, "USD", "test-repo", 123, "test-org", 42, "not_billed", "github", "[RSOLV] Fix security issue", "https://github.com/test/repo/pull/42", true, ~N[2025-08-29 19:17:14], ~N[2025-08-29 19:17:14]]
13:17:14.909 [debug] QUERY OK source="fix_attempts" db=0.0ms
SELECT f0."id", f0."github_org", f0."repo_name", f0."issue_number", f0."pr_number", f0."status", f0."merged_at", f0."billing_status", f0."requires_manual_approval", f0."approved_by", f0."approved_at", f0."approval_notes", f0."platform", f0."customer_id", f0."api_key_used", f0."pr_title", f0."pr_url", f0."issue_title", f0."issue_url", f0."commit_sha", f0."merged_by", f0."metadata", f0."amount", f0."currency", f0."billed_at", f0."refunded_at", f0."inserted_at", f0."updated_at" FROM "fix_attempts" AS f0 WHERE (((f0."github_org" = $1) AND (f0."repo_name" = $2)) AND (f0."pr_number" = $3)) ["test-org", "test-repo", 42]
.13:17:14.909 [debug] RSOLV PR identification:
- Has label: false
- Has branch prefix: 
- Has title prefix: false
- Has body pattern: true

13:17:14.909 [debug] RSOLV PR identification:
- Has label: false
- Has branch prefix: 
- Has title prefix: false
- Has body pattern: true

13:17:14.909 [debug] RSOLV PR identification:
- Has label: false
- Has branch prefix: 
- Has title prefix: false
- Has body pattern: true

13:17:14.909 [debug] RSOLV PR identification:
- Has label: false
- Has branch prefix: 
- Has title prefix: false
- Has body pattern: true

.13:17:14.909 [debug] RSOLV PR identification:
- Has label: true
- Has branch prefix: 
- Has title prefix: false
- Has body pattern: false

.13:17:14.909 [info] Handling pull_request event with action: "opened"
13:17:14.909 [info] Evaluating PR: [RSOLV] Fix security issue
13:17:14.909 [debug] RSOLV PR identification:
- Has label: true
- Has branch prefix: true
- Has title prefix: true
- Has body pattern: true

13:17:14.909 [info] Identified as RSOLV PR, tracking...
13:17:14.910 [debug] QUERY OK source="fix_attempts" db=0.6ms
SELECT f0."id", f0."github_org", f0."repo_name", f0."issue_number", f0."pr_number", f0."status", f0."merged_at", f0."billing_status", f0."requires_manual_approval", f0."approved_by", f0."approved_at", f0."approval_notes", f0."platform", f0."customer_id", f0."api_key_used", f0."pr_title", f0."pr_url", f0."issue_title", f0."issue_url", f0."commit_sha", f0."merged_by", f0."metadata", f0."amount", f0."currency", f0."billed_at", f0."refunded_at", f0."inserted_at", f0."updated_at" FROM "fix_attempts" AS f0 WHERE (((f0."github_org" = $1) AND (f0."repo_name" = $2)) AND (f0."pr_number" = $3)) ["test-org", "test-repo", 42]
13:17:14.911 [debug] QUERY OK source="fix_attempts" db=0.1ms
INSERT INTO "fix_attempts" ("status","metadata","currency","repo_name","issue_number","github_org","pr_number","billing_status","platform","pr_title","pr_url","requires_manual_approval","inserted_at","updated_at") VALUES ($1,$2,$3,$4,$5,$6,$7,$8,$9,$10,$11,$12,$13,$14) RETURNING "id" ["pending", %{labels: ["rsolv:automated"], branch: "rsolv/123-fix-security", created_by: "rsolv-bot", issue_references: [%{type: :number, value: 123}, %{owner: "other", type: :url, value: 456, repo: "repo"}, %{owner: "test-org", type: :cross_repo, value: 789, repo: "another-repo"}]}, "USD", "test-repo", 123, "test-org", 42, "not_billed", "github", "[RSOLV] Fix security issue", "https://github.com/test/repo/pull/42", true, ~N[2025-08-29 19:17:14], ~N[2025-08-29 19:17:14]]
13:17:14.911 [debug] QUERY OK source="fix_attempts" db=0.1ms
SELECT f0."id", f0."github_org", f0."repo_name", f0."issue_number", f0."pr_number", f0."status", f0."merged_at", f0."billing_status", f0."requires_manual_approval", f0."approved_by", f0."approved_at", f0."approval_notes", f0."platform", f0."customer_id", f0."api_key_used", f0."pr_title", f0."pr_url", f0."issue_title", f0."issue_url", f0."commit_sha", f0."merged_by", f0."metadata", f0."amount", f0."currency", f0."billed_at", f0."refunded_at", f0."inserted_at", f0."updated_at" FROM "fix_attempts" AS f0 WHERE (f0."pr_number" = $1) [42]
.13:17:14.911 [info] Handling pull_request event with action: "opened"
13:17:14.911 [info] Evaluating PR: [RSOLV] Fix security issue
13:17:14.911 [debug] RSOLV PR identification:
- Has label: true
- Has branch prefix: true
- Has title prefix: true
- Has body pattern: true

13:17:14.911 [info] Identified as RSOLV PR, tracking...
13:17:14.912 [debug] QUERY OK source="fix_attempts" db=0.5ms
SELECT f0."id", f0."github_org", f0."repo_name", f0."issue_number", f0."pr_number", f0."status", f0."merged_at", f0."billing_status", f0."requires_manual_approval", f0."approved_by", f0."approved_at", f0."approval_notes", f0."platform", f0."customer_id", f0."api_key_used", f0."pr_title", f0."pr_url", f0."issue_title", f0."issue_url", f0."commit_sha", f0."merged_by", f0."metadata", f0."amount", f0."currency", f0."billed_at", f0."refunded_at", f0."inserted_at", f0."updated_at" FROM "fix_attempts" AS f0 WHERE (((f0."github_org" = $1) AND (f0."repo_name" = $2)) AND (f0."pr_number" = $3)) ["test-org", "test-repo", 42]
13:17:14.912 [debug] QUERY OK source="fix_attempts" db=0.1ms
INSERT INTO "fix_attempts" ("status","metadata","currency","repo_name","github_org","pr_number","billing_status","platform","pr_title","pr_url","requires_manual_approval","inserted_at","updated_at") VALUES ($1,$2,$3,$4,$5,$6,$7,$8,$9,$10,$11,$12,$13) RETURNING "id" ["pending", %{labels: ["rsolv:automated"], branch: "rsolv/123-fix-security", created_by: "rsolv-bot", issue_references: []}, "USD", "test-repo", "test-org", 42, "not_billed", "github", "[RSOLV] Fix security issue", "https://github.com/test/repo/pull/42", true, ~N[2025-08-29 19:17:14], ~N[2025-08-29 19:17:14]]
13:17:14.912 [debug] QUERY OK source="fix_attempts" db=0.1ms
SELECT f0."id", f0."github_org", f0."repo_name", f0."issue_number", f0."pr_number", f0."status", f0."merged_at", f0."billing_status", f0."requires_manual_approval", f0."approved_by", f0."approved_at", f0."approval_notes", f0."platform", f0."customer_id", f0."api_key_used", f0."pr_title", f0."pr_url", f0."issue_title", f0."issue_url", f0."commit_sha", f0."merged_by", f0."metadata", f0."amount", f0."currency", f0."billed_at", f0."refunded_at", f0."inserted_at", f0."updated_at" FROM "fix_attempts" AS f0 WHERE (f0."pr_number" = $1) [42]
.13:17:14.912 [debug] RSOLV PR identification:
- Has label: 
- Has branch prefix: 
- Has title prefix: 
- Has body pattern: 

13:17:14.912 [debug] RSOLV PR identification:
- Has label: 
- Has branch prefix: 
- Has title prefix: 
- Has body pattern: 

13:17:14.912 [debug] RSOLV PR identification:
- Has label: 
- Has branch prefix: 
- Has title prefix: 
- Has body pattern: 

.13:17:14.912 [debug] RSOLV PR identification:
- Has label: 
- Has branch prefix: 
- Has title prefix: 
- Has body pattern: 

13:17:14.912 [debug] RSOLV PR identification:
- Has label: false
- Has branch prefix: 
- Has title prefix: 
- Has body pattern: 

13:17:14.912 [info] Handling pull_request event with action: "reopened"
13:17:14.912 [info] Evaluating PR: [RSOLV] Fix security issue
13:17:14.912 [debug] RSOLV PR identification:
- Has label: true
- Has branch prefix: true
- Has title prefix: true
- Has body pattern: true

13:17:14.912 [info] Identified as RSOLV PR, tracking...
13:17:14.913 [debug] QUERY OK source="fix_attempts" db=0.1ms
SELECT f0."id", f0."github_org", f0."repo_name", f0."issue_number", f0."pr_number", f0."status", f0."merged_at", f0."billing_status", f0."requires_manual_approval", f0."approved_by", f0."approved_at", f0."approval_notes", f0."platform", f0."customer_id", f0."api_key_used", f0."pr_title", f0."pr_url", f0."issue_title", f0."issue_url", f0."commit_sha", f0."merged_by", f0."metadata", f0."amount", f0."currency", f0."billed_at", f0."refunded_at", f0."inserted_at", f0."updated_at" FROM "fix_attempts" AS f0 WHERE (((f0."github_org" = $1) AND (f0."repo_name" = $2)) AND (f0."pr_number" = $3)) ["test-org", "test-repo", 42]
13:17:14.913 [debug] QUERY OK source="fix_attempts" db=0.1ms
INSERT INTO "fix_attempts" ("status","metadata","currency","repo_name","issue_number","github_org","pr_number","billing_status","platform","pr_title","pr_url","requires_manual_approval","inserted_at","updated_at") VALUES ($1,$2,$3,$4,$5,$6,$7,$8,$9,$10,$11,$12,$13,$14) RETURNING "id" ["pending", %{labels: ["rsolv:automated"], branch: "rsolv/123-fix-security", created_by: "rsolv-bot", issue_references: [%{type: :number, value: 123}]}, "USD", "test-repo", 123, "test-org", 42, "not_billed", "github", "[RSOLV] Fix security issue", "https://github.com/test/repo/pull/42", true, ~N[2025-08-29 19:17:14], ~N[2025-08-29 19:17:14]]
....13:17:14.914 [debug] RSOLV PR identification:
- Has label: false
- Has branch prefix: true
- Has title prefix: false
- Has body pattern: false

.13:17:14.914 [debug] RSOLV PR identification:
- Has label: false
- Has branch prefix: false
- Has title prefix: false
- Has body pattern: false

.13:17:14.915 [debug] QUERY OK db=0.9ms queue=0.1ms
SELECT create_analytics_partition_if_not_exists($1::date) [~D[2025-08-29]]
13:17:14.915 [debug] QUERY OK db=0.2ms
SELECT create_analytics_partition_if_not_exists($1::date) [~D[2025-09-28]]
13:17:14.917 [debug] QUERY OK db=1.4ms
SELECT create_analytics_partition_if_not_exists($1::date) [~D[2025-07-30]]
13:17:14.917 [debug] QUERY OK db=0.2ms queue=0.1ms
  SELECT tablename 
  FROM pg_tables 
  WHERE schemaname = 'public' 
    AND tablename LIKE 'analytics_events_%'
  ORDER BY tablename
 []
.13:17:14.920 [debug] QUERY OK db=1.9ms
SELECT create_analytics_partition_if_not_exists($1::date) [~D[2025-11-27]]
13:17:14.920 [debug] QUERY OK db=0.1ms
  SELECT EXISTS (
    SELECT 1 
    FROM pg_tables 
    WHERE schemaname = 'public' 
      AND tablename = $1
  )
 ["analytics_events_2025_11"]
.13:17:14.923 [debug] QUERY OK db=3.3ms queue=0.1ms
SELECT create_analytics_partition_if_not_exists($1::date) [~D[2025-06-30]]
13:17:14.924 [debug] QUERY OK db=0.1ms
  SELECT EXISTS (
    SELECT 1 
    FROM pg_tables 
    WHERE schemaname = 'public' 
      AND tablename = $1
  )
 ["analytics_events_2025_06"]
.13:17:14.925 [debug] QUERY OK db=0.8ms queue=0.1ms
SELECT create_analytics_partition_if_not_exists($1::date) [~D[2025-08-29]]
13:17:14.925 [debug] QUERY OK db=0.1ms
  SELECT EXISTS (
    SELECT 1 
    FROM pg_tables 
    WHERE schemaname = 'public' 
      AND tablename = $1
  )
 ["analytics_events_2025_08"]
.13:17:14.926 [debug] QUERY OK db=0.6ms
SELECT create_analytics_partition_if_not_exists($1::date) [~D[2025-08-29]]
13:17:14.926 [debug] QUERY OK source="analytics_events" db=0.1ms
INSERT INTO "analytics_events" ("metadata","event_type","visitor_id","inserted_at","updated_at") VALUES ($1,$2,$3,$4,$5) RETURNING "id" [%{test: true}, "page_view", "test_visitor_-576460752303406079", ~N[2025-08-29 19:17:14], ~N[2025-08-29 19:17:14]]
13:17:14.926 [debug] QUERY OK db=0.1ms
  SELECT EXISTS (
    SELECT 1 
    FROM pg_tables 
    WHERE schemaname = 'public' 
      AND tablename = $1
  )
 ["analytics_events_2025_08"]
.13:17:14.929 [debug] QUERY OK db=2.0ms
SELECT create_analytics_partition_if_not_exists($1::date) [~D[2025-10-28]]
13:17:14.929 [debug] QUERY OK source="analytics_events" db=0.1ms
INSERT INTO "analytics_events" ("metadata","event_type","visitor_id","inserted_at","updated_at") VALUES ($1,$2,$3,$4,$5) RETURNING "id" [%{test: true}, "future_event", "test_visitor_-576460752303405951", ~N[2025-08-29 19:17:14], ~N[2025-08-29 19:17:14]]
13:17:14.929 [debug] QUERY OK db=0.1ms
  SELECT EXISTS (
    SELECT 1 
    FROM pg_tables 
    WHERE schemaname = 'public' 
      AND tablename = $1
  )
 ["analytics_events_2025_10"]
.13:17:14.932 [debug] QUERY OK db=2.1ms queue=0.1ms
SELECT create_analytics_partition_if_not_exists($1::date) [~D[2025-12-27]]
13:17:14.932 [debug] QUERY OK db=0.1ms queue=2.3ms
SELECT create_analytics_partition_if_not_exists($1::date) [~D[2025-12-27]]
13:17:14.932 [debug] QUERY OK db=0.0ms queue=2.4ms
SELECT create_analytics_partition_if_not_exists($1::date) [~D[2025-12-27]]
13:17:14.932 [debug] QUERY OK db=0.0ms queue=2.6ms
SELECT create_analytics_partition_if_not_exists($1::date) [~D[2025-12-27]]
13:17:14.932 [debug] QUERY OK db=0.1ms queue=2.8ms
SELECT create_analytics_partition_if_not_exists($1::date) [~D[2025-12-27]]
13:17:14.933 [debug] QUERY OK source="analytics_events" db=0.1ms queue=0.7ms
INSERT INTO "analytics_events" ("metadata","event_type","visitor_id","inserted_at","updated_at") VALUES ($1,$2,$3,$4,$5) RETURNING "id" [%{index: 1}, "concurrent_event_1", "visitor_1", ~N[2025-08-29 19:17:14], ~N[2025-08-29 19:17:14]]
13:17:14.933 [debug] QUERY OK source="analytics_events" db=0.0ms queue=0.7ms
INSERT INTO "analytics_events" ("metadata","event_type","visitor_id","inserted_at","updated_at") VALUES ($1,$2,$3,$4,$5) RETURNING "id" [%{index: 3}, "concurrent_event_3", "visitor_3", ~N[2025-08-29 19:17:14], ~N[2025-08-29 19:17:14]]
13:17:14.933 [debug] QUERY OK source="analytics_events" db=0.0ms queue=0.7ms
INSERT INTO "analytics_events" ("metadata","event_type","visitor_id","inserted_at","updated_at") VALUES ($1,$2,$3,$4,$5) RETURNING "id" [%{index: 5}, "concurrent_event_5", "visitor_5", ~N[2025-08-29 19:17:14], ~N[2025-08-29 19:17:14]]
13:17:14.933 [debug] QUERY OK source="analytics_events" db=0.0ms queue=0.6ms
INSERT INTO "analytics_events" ("metadata","event_type","visitor_id","inserted_at","updated_at") VALUES ($1,$2,$3,$4,$5) RETURNING "id" [%{index: 2}, "concurrent_event_2", "visitor_2", ~N[2025-08-29 19:17:14], ~N[2025-08-29 19:17:14]]
13:17:14.933 [debug] QUERY OK source="analytics_events" db=0.1ms queue=0.4ms
INSERT INTO "analytics_events" ("metadata","event_type","visitor_id","inserted_at","updated_at") VALUES ($1,$2,$3,$4,$5) RETURNING "id" [%{index: 4}, "concurrent_event_4", "visitor_4", ~N[2025-08-29 19:17:14], ~N[2025-08-29 19:17:14]]
13:17:14.934 [debug] QUERY OK db=0.3ms queue=0.1ms
  SELECT EXISTS (
    SELECT 1 
    FROM pg_tables 
    WHERE schemaname = 'public' 
      AND tablename = $1
  )
 ["analytics_events_2025_12"]
.13:17:14.935 [debug] QUERY OK db=0.7ms
SELECT create_analytics_partition_if_not_exists($1::date) [~D[2025-08-29]]
13:17:14.935 [debug] QUERY OK db=0.0ms
SELECT create_analytics_partition_if_not_exists($1::date) [~D[2025-08-29]]
13:17:14.935 [debug] QUERY OK db=0.1ms
  SELECT EXISTS (
    SELECT 1 
    FROM pg_tables 
    WHERE schemaname = 'public' 
      AND tablename = $1
  )
 ["analytics_events_2025_08"]
..13:17:14.937 request_id=GGBS7Y8zquMFZFMAAB-K [info] GET /signup
13:17:14.937 request_id=GGBS7Y8zquMFZFMAAB-K [debug] Processing with RsolvWeb.EarlyAccessLive.index/2
  Parameters: %{}
  Pipelines: [:browser]
13:17:14.940 request_id=GGBS7Y8zquMFZFMAAB-K [info] Analytics event tracked
13:17:14.941 request_id=GGBS7Y8zquMFZFMAAB-K [debug] QUERY OK db=0.9ms queue=0.2ms
SELECT create_analytics_partition_if_not_exists($1::date) [~D[2025-08-29]]
13:17:14.941 request_id=GGBS7Y8zquMFZFMAAB-K [debug] QUERY OK source="analytics_events" db=0.2ms queue=0.1ms
INSERT INTO "analytics_events" ("metadata","event_type","visitor_id","page_path","inserted_at","updated_at") VALUES ($1,$2,$3,$4,$5,$6) RETURNING "id" [%{os: "unknown", browser: "unknown", utm_source_platform: nil, utm_source_campaign: nil, utm_source_content: nil, device_type: "unknown", duration_seconds: nil, section_id: "early-access-form"}, "section_view", "84e1e597ad28b3f56b6816d50c6acf38", "/", ~N[2025-08-29 19:17:14], ~N[2025-08-29 19:17:14]]
13:17:14.942 request_id=GGBS7Y8zquMFZFMAAB-K [debug] QUERY OK source="fun_with_flags_toggles" db=0.0ms queue=0.1ms
SELECT f0."id", f0."flag_name", f0."gate_type", f0."target", f0."enabled" FROM "fun_with_flags_toggles" AS f0 WHERE (f0."flag_name" = $1) ["blog"]
13:17:14.942 request_id=GGBS7Y8zquMFZFMAAB-K [debug] Telemetry event: [:fun_with_flags, :persistence, :read], metadata: %{flag_name: :blog, gate: nil}, measurements: %{system_time: 1756495034942169326}
13:17:14.942 request_id=GGBS7Y8zquMFZFMAAB-K [info] Sent 200 in 4ms
.13:17:14.942 [debug] QUERY OK source="fun_with_flags_toggles" db=0.1ms queue=0.1ms
INSERT INTO "fun_with_flags_toggles" AS f0 ("enabled","target","flag_name","gate_type") VALUES ($1,$2,$3,$4) ON CONFLICT ("flag_name","gate_type","target") DO UPDATE SET "enabled" = $5 RETURNING "id" [true, "_fwf_none", "blog", "boolean", true]
13:17:14.942 [debug] QUERY OK source="fun_with_flags_toggles" db=0.1ms
SELECT f0."id", f0."flag_name", f0."gate_type", f0."target", f0."enabled" FROM "fun_with_flags_toggles" AS f0 WHERE (f0."flag_name" = $1) ["blog"]
13:17:14.943 [debug] Telemetry event: [:fun_with_flags, :persistence, :write], metadata: %{flag_name: :blog, gate: %FunWithFlags.Gate{type: :boolean, for: nil, enabled: true}}, measurements: %{system_time: 1756495034942986851}
13:17:14.943 request_id=GGBS7Y-EGPUf104AACEK [info] GET /blog
13:17:14.943 request_id=GGBS7Y-EGPUf104AACEK [debug] Processing with RsolvWeb.BlogController.index/2
  Parameters: %{}
  Pipelines: [:browser]
13:17:14.945 request_id=GGBS7Y-EGPUf104AACEK [debug] QUERY OK source="fun_with_flags_toggles" db=0.1ms
SELECT f0."id", f0."flag_name", f0."gate_type", f0."target", f0."enabled" FROM "fun_with_flags_toggles" AS f0 WHERE (f0."flag_name" = $1) ["blog"]
13:17:14.945 request_id=GGBS7Y-EGPUf104AACEK [debug] Telemetry event: [:fun_with_flags, :persistence, :read], metadata: %{flag_name: :blog, gate: nil}, measurements: %{system_time: 1756495034945511796}
13:17:14.956 request_id=GGBS7Y-EGPUf104AACEK [debug] QUERY OK source="fun_with_flags_toggles" db=0.0ms
SELECT f0."id", f0."flag_name", f0."gate_type", f0."target", f0."enabled" FROM "fun_with_flags_toggles" AS f0 WHERE (f0."flag_name" = $1) ["display_draft_blog_posts"]
13:17:14.956 request_id=GGBS7Y-EGPUf104AACEK [debug] Telemetry event: [:fun_with_flags, :persistence, :read], metadata: %{flag_name: :display_draft_blog_posts, gate: nil}, measurements: %{system_time: 1756495034956971427}
13:17:14.957 request_id=GGBS7Y-EGPUf104AACEK [debug] QUERY OK source="fun_with_flags_toggles" db=0.0ms
SELECT f0."id", f0."flag_name", f0."gate_type", f0."target", f0."enabled" FROM "fun_with_flags_toggles" AS f0 WHERE (f0."flag_name" = $1) ["blog"]
13:17:14.957 request_id=GGBS7Y-EGPUf104AACEK [debug] Telemetry event: [:fun_with_flags, :persistence, :read], metadata: %{flag_name: :blog, gate: nil}, measurements: %{system_time: 1756495034957122522}
13:17:14.959 request_id=GGBS7Y-EGPUf104AACEK [info] Sent 200 in 16ms
.13:17:14.959 request_id=GGBS7ZCCAvNglg4AACIQ [info] GET /api/v1/patterns
13:17:14.959 request_id=GGBS7ZCCAvNglg4AACIQ [debug] Processing with RsolvWeb.Api.V1.PatternController.index/2
  Parameters: %{}
  Pipelines: [:api]
13:17:14.959 request_id=GGBS7ZCCAvNglg4AACIQ [info] Pattern API called with params: %{}
13:17:14.959 request_id=GGBS7ZCCAvNglg4AACIQ [info] Language: javascript, Format: standard
13:17:14.959 request_id=GGBS7ZCCAvNglg4AACIQ [info] API key status: :none
13:17:14.959 request_id=GGBS7ZCCAvNglg4AACIQ [info] Getting demo patterns for javascript
13:17:14.959 request_id=GGBS7ZCCAvNglg4AACIQ [info] Retrieved 5 patterns
13:17:14.959 request_id=GGBS7ZCCAvNglg4AACIQ [debug] Formatting pattern: "js-sql-injection-concat"
13:17:14.959 request_id=GGBS7ZCCAvNglg4AACIQ [debug] Formatted pattern keys: ["cweId", "description", "examples", "frameworks", "id", "languages", "name", "owaspCategory", "recommendation", "regex", "regexPatterns", "severity", "supportsAst", "type"]
13:17:14.959 request_id=GGBS7ZCCAvNglg4AACIQ [debug] Formatting pattern: "js-xss-innerhtml"
13:17:14.959 request_id=GGBS7ZCCAvNglg4AACIQ [debug] Formatted pattern keys: ["cweId", "description", "examples", "frameworks", "id", "languages", "name", "owaspCategory", "recommendation", "regex", "regexPatterns", "severity", "supportsAst", "type"]
13:17:14.959 request_id=GGBS7ZCCAvNglg4AACIQ [debug] Formatting pattern: "js-command-injection-exec"
13:17:14.959 request_id=GGBS7ZCCAvNglg4AACIQ [debug] Formatted pattern keys: ["cweId", "description", "examples", "frameworks", "id", "languages", "name", "owaspCategory", "recommendation", "regex", "regexPatterns", "severity", "supportsAst", "type"]
13:17:14.959 request_id=GGBS7ZCCAvNglg4AACIQ [debug] Formatting pattern: "js-weak-crypto-md5"
13:17:14.960 request_id=GGBS7ZCCAvNglg4AACIQ [debug] Formatted pattern keys: ["cweId", "description", "examples", "frameworks", "id", "languages", "name", "owaspCategory", "recommendation", "regex", "regexPatterns", "severity", "supportsAst", "type"]
13:17:14.960 request_id=GGBS7ZCCAvNglg4AACIQ [debug] Formatting pattern: "js-hardcoded-secret-api-key"
13:17:14.960 request_id=GGBS7ZCCAvNglg4AACIQ [debug] Formatted pattern keys: ["cweId", "description", "examples", "frameworks", "id", "languages", "name", "owaspCategory", "recommendation", "regex", "regexPatterns", "severity", "supportsAst", "type"]
13:17:14.960 request_id=GGBS7ZCCAvNglg4AACIQ [info] Sent 200 in 452µs
13:17:14.960 request_id=GGBS7ZCKpaBglg4AACKQ [info] GET /
13:17:14.960 request_id=GGBS7ZCKpaBglg4AACKQ [debug] Processing with RsolvWeb.HomeLive.index/2
  Parameters: %{}
  Pipelines: [:browser]
13:17:14.960 request_id=GGBS7ZCKpaBglg4AACKQ [info] Analytics event tracked
13:17:14.960 request_id=GGBS7ZCKpaBglg4AACKQ [debug] QUERY OK db=0.2ms queue=0.1ms
SELECT create_analytics_partition_if_not_exists($1::date) [~D[2025-08-29]]
13:17:14.961 request_id=GGBS7ZCKpaBglg4AACKQ [debug] QUERY OK source="analytics_events" db=0.2ms queue=0.1ms
INSERT INTO "analytics_events" ("metadata","event_type","visitor_id","page_path","inserted_at","updated_at") VALUES ($1,$2,$3,$4,$5,$6) RETURNING "id" [%{}, "page_view", "4ede702fe0de3da18492bfc17b2557b7", "/", ~N[2025-08-29 19:17:14], ~N[2025-08-29 19:17:14]]
13:17:14.961 request_id=GGBS7ZCKpaBglg4AACKQ [debug] QUERY OK source="fun_with_flags_toggles" db=0.2ms
SELECT f0."id", f0."flag_name", f0."gate_type", f0."target", f0."enabled" FROM "fun_with_flags_toggles" AS f0 WHERE (f0."flag_name" = $1) ["blog"]
13:17:14.961 request_id=GGBS7ZCKpaBglg4AACKQ [debug] Telemetry event: [:fun_with_flags, :persistence, :read], metadata: %{flag_name: :blog, gate: nil}, measurements: %{system_time: 1756495034961708248}
13:17:14.961 request_id=GGBS7ZCKpaBglg4AACKQ [info] ROI Calculator LiveComponent mounting...
13:17:14.961 request_id=GGBS7ZCKpaBglg4AACKQ [info] ROI Calculator LiveComponent mounted
13:17:14.962 request_id=GGBS7ZCKpaBglg4AACKQ [info] Sent 200 in 1ms
.13:17:14.962 request_id=GGBS7ZCqvP8yBQcAACGK [info] GET /health
13:17:14.962 request_id=GGBS7ZCqvP8yBQcAACGK [debug] Processing with RsolvWeb.PageController.health/2
  Parameters: %{}
  Pipelines: [:browser]
13:17:14.962 request_id=GGBS7ZCqvP8yBQcAACGK [debug] QUERY OK db=0.0ms
SELECT 1 []
13:17:14.963 request_id=GGBS7ZCqvP8yBQcAACGK [debug] QUERY OK db=0.2ms queue=0.1ms
  SELECT EXISTS (
    SELECT 1 
    FROM pg_tables 
    WHERE schemaname = 'public' 
      AND tablename = $1
  )
 ["analytics_events_2025_08"]
13:17:14.963 request_id=GGBS7ZCqvP8yBQcAACGK [info] Sent 200 in 722µs
.13:17:15.035 [debug] Parser response received
...13:17:15.110 [debug] Parser response received
13:17:15.127 [debug] Parser response received
warning: parser/current is loading parser/ruby32, which recognizes 3.2.8-compliant syntax, but you are running 3.2.2.
Please see https://github.com/whitequark/parser#compatibility-with-ruby-mri.
13:17:15.244 [debug] Parser response received
.13:17:15.319 [debug] Parser response received
.13:17:15.401 [debug] Parser response received
.13:17:15.415 [debug] Parser response received
.13:17:15.493 [debug] Parser response received
...13:17:15.495 request_id=GGBS7bByicBLam0AACmR [info] GET /
13:17:15.495 request_id=GGBS7bByicBLam0AACmR [debug] Processing with RsolvWeb.HomeLive.index/2
  Parameters: %{}
  Pipelines: [:browser]
13:17:15.495 request_id=GGBS7bByicBLam0AACmR [info] Analytics event tracked
13:17:15.496 request_id=GGBS7bByicBLam0AACmR [debug] QUERY OK db=0.3ms queue=0.1ms
SELECT create_analytics_partition_if_not_exists($1::date) [~D[2025-08-29]]
13:17:15.496 request_id=GGBS7bByicBLam0AACmR [debug] QUERY OK source="analytics_events" db=0.2ms queue=0.2ms
INSERT INTO "analytics_events" ("metadata","event_type","visitor_id","page_path","inserted_at","updated_at") VALUES ($1,$2,$3,$4,$5,$6) RETURNING "id" [%{}, "page_view", "f5a1b637c63482d0aed596973d594904", "/", ~N[2025-08-29 19:17:15], ~N[2025-08-29 19:17:15]]
13:17:15.497 request_id=GGBS7bByicBLam0AACmR [debug] QUERY OK source="fun_with_flags_toggles" db=0.2ms
SELECT f0."id", f0."flag_name", f0."gate_type", f0."target", f0."enabled" FROM "fun_with_flags_toggles" AS f0 WHERE (f0."flag_name" = $1) ["blog"]
13:17:15.497 request_id=GGBS7bByicBLam0AACmR [debug] Telemetry event: [:fun_with_flags, :persistence, :read], metadata: %{flag_name: :blog, gate: nil}, measurements: %{system_time: 1756495035497173852}
13:17:15.497 request_id=GGBS7bByicBLam0AACmR [info] ROI Calculator LiveComponent mounting...
13:17:15.497 request_id=GGBS7bByicBLam0AACmR [info] ROI Calculator LiveComponent mounted
13:17:15.497 request_id=GGBS7bByicBLam0AACmR [info] Sent 200 in 1ms
.13:17:15.497 request_id=GGBS7bCTKz2hNuwAACqR [info] GET /
13:17:15.497 request_id=GGBS7bCTKz2hNuwAACqR [debug] Processing with RsolvWeb.HomeLive.index/2
  Parameters: %{}
  Pipelines: [:browser]
13:17:15.497 request_id=GGBS7bCTKz2hNuwAACqR [info] Analytics event tracked
13:17:15.498 request_id=GGBS7bCTKz2hNuwAACqR [debug] QUERY OK db=0.1ms
SELECT create_analytics_partition_if_not_exists($1::date) [~D[2025-08-29]]
13:17:15.498 request_id=GGBS7bCTKz2hNuwAACqR [debug] QUERY OK source="analytics_events" db=0.0ms
INSERT INTO "analytics_events" ("metadata","event_type","visitor_id","page_path","inserted_at","updated_at") VALUES ($1,$2,$3,$4,$5,$6) RETURNING "id" [%{}, "page_view", "956e8ff55af820b7856fcf57e7a1ede7", "/", ~N[2025-08-29 19:17:15], ~N[2025-08-29 19:17:15]]
13:17:15.498 request_id=GGBS7bCTKz2hNuwAACqR [debug] QUERY OK source="fun_with_flags_toggles" db=0.1ms
SELECT f0."id", f0."flag_name", f0."gate_type", f0."target", f0."enabled" FROM "fun_with_flags_toggles" AS f0 WHERE (f0."flag_name" = $1) ["blog"]
13:17:15.498 request_id=GGBS7bCTKz2hNuwAACqR [debug] Telemetry event: [:fun_with_flags, :persistence, :read], metadata: %{flag_name: :blog, gate: nil}, measurements: %{system_time: 1756495035498484072}
13:17:15.498 request_id=GGBS7bCTKz2hNuwAACqR [info] ROI Calculator LiveComponent mounting...
13:17:15.498 request_id=GGBS7bCTKz2hNuwAACqR [info] ROI Calculator LiveComponent mounted
13:17:15.498 request_id=GGBS7bCTKz2hNuwAACqR [info] Sent 200 in 1ms
.13:17:15.499 [debug] QUERY OK source="fun_with_flags_toggles" db=0.2ms
SELECT f0."id", f0."flag_name", f0."gate_type", f0."target", f0."enabled" FROM "fun_with_flags_toggles" AS f0 WHERE (f0."flag_name" = $1) ["feedback_form"]
13:17:15.499 [debug] Telemetry event: [:fun_with_flags, :persistence, :read], metadata: %{flag_name: :feedback_form, gate: nil}, measurements: %{system_time: 1756495035499247498}
13:17:15.499 request_id=GGBS7bCr4PzbzXsAACuR [info] GET /feedback
13:17:15.499 request_id=GGBS7bCr4PzbzXsAACuR [debug] Processing with RsolvWeb.PageController.feedback/2
  Parameters: %{}
  Pipelines: [:browser]
13:17:15.499 request_id=GGBS7bCr4PzbzXsAACuR [debug] QUERY OK source="fun_with_flags_toggles" db=0.0ms
SELECT f0."id", f0."flag_name", f0."gate_type", f0."target", f0."enabled" FROM "fun_with_flags_toggles" AS f0 WHERE (f0."flag_name" = $1) ["feedback_form"]
13:17:15.499 request_id=GGBS7bCr4PzbzXsAACuR [debug] Telemetry event: [:fun_with_flags, :persistence, :read], metadata: %{flag_name: :feedback_form, gate: nil}, measurements: %{system_time: 1756495035499415625}
13:17:15.499 request_id=GGBS7bCr4PzbzXsAACuR [debug] Extracted UTM parameters: %{}
13:17:15.499 request_id=GGBS7bCr4PzbzXsAACuR [info] Analytics event tracked
13:17:15.499 request_id=GGBS7bCr4PzbzXsAACuR [debug] QUERY OK db=0.1ms
SELECT create_analytics_partition_if_not_exists($1::date) [~D[2025-08-29]]
13:17:15.499 request_id=GGBS7bCr4PzbzXsAACuR [debug] QUERY OK source="analytics_events" db=0.0ms
INSERT INTO "analytics_events" ("metadata","event_type","visitor_id","page_path","inserted_at","updated_at") VALUES ($1,$2,$3,$4,$5,$6) RETURNING "id" [%{os: "unknown", browser: "unknown", utm_source_platform: nil, utm_source_campaign: nil, utm_source_content: nil, device_type: "unknown"}, "page_view", "23bd0e211da883d0e2bb1c324ccb89c8", "/feedback", ~N[2025-08-29 19:17:15], ~N[2025-08-29 19:17:15]]
13:17:15.499 request_id=GGBS7bCr4PzbzXsAACuR [debug] Extracted UTM parameters: %{}
13:17:15.499 request_id=GGBS7bCr4PzbzXsAACuR [info] Analytics event tracked
13:17:15.500 request_id=GGBS7bCr4PzbzXsAACuR [debug] QUERY OK db=0.2ms
SELECT create_analytics_partition_if_not_exists($1::date) [~D[2025-08-29]]
13:17:15.500 request_id=GGBS7bCr4PzbzXsAACuR [debug] QUERY OK source="analytics_events" db=0.1ms
INSERT INTO "analytics_events" ("metadata","event_type","visitor_id","page_path","inserted_at","updated_at") VALUES ($1,$2,$3,$4,$5,$6) RETURNING "id" [%{os: "unknown", browser: "unknown", utm_source_platform: nil, utm_source_campaign: nil, utm_source_content: nil, device_type: "unknown", duration_seconds: nil, section_id: "feedback_page"}, "section_view", "6fd13790bd57713f45e2b05a27717325", "/feedback", ~N[2025-08-29 19:17:15], ~N[2025-08-29 19:17:15]]
13:17:15.500 request_id=GGBS7bCr4PzbzXsAACuR [debug] QUERY OK source="fun_with_flags_toggles" db=0.0ms
SELECT f0."id", f0."flag_name", f0."gate_type", f0."target", f0."enabled" FROM "fun_with_flags_toggles" AS f0 WHERE (f0."flag_name" = $1) ["blog"]
13:17:15.500 request_id=GGBS7bCr4PzbzXsAACuR [debug] Telemetry event: [:fun_with_flags, :persistence, :read], metadata: %{flag_name: :blog, gate: nil}, measurements: %{system_time: 1756495035500643806}
13:17:15.500 request_id=GGBS7bCr4PzbzXsAACuR [info] Sent 200 in 1ms
.13:17:15.501 request_id=GGBS7bDGGxhaWAEAACwR [info] GET /feedback
13:17:15.501 request_id=GGBS7bDGGxhaWAEAACwR [debug] Processing with RsolvWeb.PageController.feedback/2
  Parameters: %{}
  Pipelines: [:browser]
13:17:15.501 request_id=GGBS7bDGGxhaWAEAACwR [debug] QUERY OK source="fun_with_flags_toggles" db=0.3ms
SELECT f0."id", f0."flag_name", f0."gate_type", f0."target", f0."enabled" FROM "fun_with_flags_toggles" AS f0 WHERE (f0."flag_name" = $1) ["feedback_form"]
13:17:15.501 request_id=GGBS7bDGGxhaWAEAACwR [debug] Telemetry event: [:fun_with_flags, :persistence, :read], metadata: %{flag_name: :feedback_form, gate: nil}, measurements: %{system_time: 1756495035501422769}
13:17:15.501 request_id=GGBS7bDGGxhaWAEAACwR [debug] Extracted UTM parameters: %{}
13:17:15.501 request_id=GGBS7bDGGxhaWAEAACwR [info] Analytics event tracked
13:17:15.501 request_id=GGBS7bDGGxhaWAEAACwR [debug] QUERY OK db=0.1ms
SELECT create_analytics_partition_if_not_exists($1::date) [~D[2025-08-29]]
13:17:15.501 request_id=GGBS7bDGGxhaWAEAACwR [debug] QUERY OK source="analytics_events" db=0.1ms
INSERT INTO "analytics_events" ("metadata","event_type","visitor_id","page_path","inserted_at","updated_at") VALUES ($1,$2,$3,$4,$5,$6) RETURNING "id" [%{os: "unknown", browser: "unknown", utm_source_platform: nil, utm_source_campaign: nil, utm_source_content: nil, device_type: "unknown"}, "page_view", "2f135c3a85754f7b164eb46cdc78eb8c", "/feedback", ~N[2025-08-29 19:17:15], ~N[2025-08-29 19:17:15]]
13:17:15.501 request_id=GGBS7bDGGxhaWAEAACwR [debug] Extracted UTM parameters: %{}
13:17:15.502 request_id=GGBS7bDGGxhaWAEAACwR [info] Analytics event tracked
13:17:15.502 request_id=GGBS7bDGGxhaWAEAACwR [debug] QUERY OK db=0.0ms
SELECT create_analytics_partition_if_not_exists($1::date) [~D[2025-08-29]]
13:17:15.502 request_id=GGBS7bDGGxhaWAEAACwR [debug] QUERY OK source="analytics_events" db=0.0ms
INSERT INTO "analytics_events" ("metadata","event_type","visitor_id","page_path","inserted_at","updated_at") VALUES ($1,$2,$3,$4,$5,$6) RETURNING "id" [%{os: "unknown", browser: "unknown", utm_source_platform: nil, utm_source_campaign: nil, utm_source_content: nil, device_type: "unknown", duration_seconds: nil, section_id: "feedback_page"}, "section_view", "a4baf6dbd2fde02b438cad0a81438adb", "/feedback", ~N[2025-08-29 19:17:15], ~N[2025-08-29 19:17:15]]
13:17:15.502 request_id=GGBS7bDGGxhaWAEAACwR [debug] QUERY OK source="fun_with_flags_toggles" db=0.0ms
SELECT f0."id", f0."flag_name", f0."gate_type", f0."target", f0."enabled" FROM "fun_with_flags_toggles" AS f0 WHERE (f0."flag_name" = $1) ["blog"]
13:17:15.502 request_id=GGBS7bDGGxhaWAEAACwR [debug] Telemetry event: [:fun_with_flags, :persistence, :read], metadata: %{flag_name: :blog, gate: nil}, measurements: %{system_time: 1756495035502487591}
13:17:15.502 request_id=GGBS7bDGGxhaWAEAACwR [info] Sent 200 in 1ms
.warning: parser/current is loading parser/ruby32, which recognizes 3.2.8-compliant syntax, but you are running 3.2.2.
Please see https://github.com/whitequark/parser#compatibility-with-ruby-mri.
13:17:15.580 [debug] Parser response received
13:17:15.580 [info] PatternAdapter loading patterns for javascript: found 30 patterns
13:17:15.581 [info] AnalysisService: Loaded 30 patterns for javascript
13:17:15.581 [info] AnalysisService: Found 0 matches
13:17:15.596 [info] AUDIT_EVENT: code_retention_report
.13:17:15.669 [debug] Parser response received
13:17:15.669 [info] AnalysisService: Loaded 30 patterns for javascript
13:17:15.669 [info] AnalysisService: Found 2 matches
13:17:15.669 [debug] Match confidence: 0.264, min_confidence: 0.7, match: %{type: "js-hardcoded-secret-password", context: %{node_type: "VariableDeclarator", depth: 3, parent_type: "VariableDeclaration"}, location: %{depth: 3, end_column: 18, end_line: 1, start_line: 1, start_column: 6}, severity: "high", pattern_id: "js-hardcoded-secret-password", pattern_name: "Hardcoded Password", recommendation: "Review this code for potential security issues", confidence: 0.9, pattern_type: :hardcoded_secret}
13:17:15.669 [debug] Match confidence: 0.264, min_confidence: 0.7, match: %{type: "js-hardcoded-secret-api-key", context: %{node_type: "VariableDeclarator", depth: 3, parent_type: "VariableDeclaration"}, location: %{depth: 3, end_column: 18, end_line: 1, start_line: 1, start_column: 6}, severity: "high", pattern_id: "js-hardcoded-secret-api-key", pattern_name: "Hardcoded API Key", recommendation: "Review this code for potential security issues", confidence: 0.9, pattern_type: :hardcoded_secret}
13:17:15.676 [info] AUDIT_EVENT: code_retention_cleanup
.13:17:15.756 [debug] Parser response received
13:17:15.756 [info] AnalysisService: Loaded 30 patterns for javascript
13:17:15.757 [info] AnalysisService: Found 15 matches
13:17:15.757 [debug] Match confidence: 0.187425, min_confidence: 0.7, match: %{type: "js-xss-document-write", context: %{node_type: "CallExpression", depth: 3, parent_type: "ExpressionStatement"}, location: %{depth: 3, end_column: 15, end_line: 1, start_line: 1, start_column: 0}, severity: "high", pattern_id: "js-xss-document-write", pattern_name: "Cross-Site Scripting (XSS) via document.write", recommendation: "Review this code for potential security issues", confidence: 0.85, pattern_type: :xss}
13:17:15.757 [debug] Match confidence: 0.187425, min_confidence: 0.7, match: %{type: "js-xss-jquery-html", context: %{node_type: "CallExpression", depth: 3, parent_type: "ExpressionStatement"}, location: %{depth: 3, end_column: 15, end_line: 1, start_line: 1, start_column: 0}, severity: "high", pattern_id: "js-xss-jquery-html", pattern_name: "XSS via jQuery html()", recommendation: "Review this code for potential security issues", confidence: 0.85, pattern_type: :xss}
13:17:15.757 [debug] Match confidence: 0.19305000000000005, min_confidence: 0.7, match: %{type: "js-path-traversal-join", context: %{node_type: "CallExpression", depth: 3, parent_type: "ExpressionStatement"}, location: %{depth: 3, end_column: 15, end_line: 1, start_line: 1, start_column: 0}, severity: "medium", pattern_id: "js-path-traversal-join", pattern_name: "Path Traversal via path.join", recommendation: "Review this code for potential security issues", confidence: 0.7, pattern_type: :path_traversal}
13:17:15.757 [debug] Match confidence: 0.21450000000000002, min_confidence: 0.7, match: %{type: "js-weak-crypto-md5", context: %{node_type: "CallExpression", depth: 3, parent_type: "ExpressionStatement"}, location: %{depth: 3, end_column: 15, end_line: 1, start_line: 1, start_column: 0}, severity: "medium", pattern_id: "js-weak-crypto-md5", pattern_name: "Weak Cryptography - MD5", recommendation: "Review this code for potential security issues", confidence: 0.7, pattern_type: :weak_crypto}
13:17:15.757 [debug] Match confidence: 0.21450000000000002, min_confidence: 0.7, match: %{type: "js-weak-crypto-sha1", context: %{node_type: "CallExpression", depth: 3, parent_type: "ExpressionStatement"}, location: %{depth: 3, end_column: 15, end_line: 1, start_line: 1, start_column: 0}, severity: "medium", pattern_id: "js-weak-crypto-sha1", pattern_name: "Weak Cryptography - SHA1", recommendation: "Review this code for potential security issues", confidence: 0.7, pattern_type: :weak_crypto}
13:17:15.757 [debug] Match confidence: 0.24926249999999997, min_confidence: 0.7, match: %{type: "js-eval-user-input", context: %{node_type: "CallExpression", depth: 3, parent_type: "ExpressionStatement"}, location: %{depth: 3, end_column: 15, end_line: 1, start_line: 1, start_column: 0}, severity: "critical", pattern_id: "js-eval-user-input", pattern_name: "Dangerous eval() with User Input", recommendation: "Review this code for potential security issues", confidence: 0.95, pattern_type: :rce}
13:17:15.757 [debug] Match confidence: 0.19305000000000005, min_confidence: 0.7, match: %{type: "js-open-redirect", context: %{node_type: "CallExpression", depth: 3, parent_type: "ExpressionStatement"}, location: %{depth: 3, end_column: 15, end_line: 1, start_line: 1, start_column: 0}, severity: "medium", pattern_id: "js-open-redirect", pattern_name: "Open Redirect Vulnerability", recommendation: "Review this code for potential security issues", confidence: 0.7, pattern_type: :open_redirect}
13:17:15.757 [debug] Match confidence: 0.21450000000000002, min_confidence: 0.7, match: %{type: "js-insecure-random", context: %{node_type: "CallExpression", depth: 3, parent_type: "ExpressionStatement"}, location: %{depth: 3, end_column: 15, end_line: 1, start_line: 1, start_column: 0}, severity: "medium", pattern_id: "js-insecure-random", pattern_name: "Insecure Random Number Generation", recommendation: "Review this code for potential security issues", confidence: 0.7, pattern_type: :insecure_random}
13:17:15.757 [debug] Match confidence: 0.14088749999999997, min_confidence: 0.7, match: %{type: "js-nosql-injection", context: %{node_type: "CallExpression", depth: 3, parent_type: "ExpressionStatement"}, location: %{depth: 3, end_column: 15, end_line: 1, start_line: 1, start_column: 0}, severity: "high", pattern_id: "js-nosql-injection", pattern_name: "NoSQL Injection", recommendation: "Review this code for potential security issues", confidence: 0.85, pattern_type: :nosql_injection}
13:17:15.757 [debug] Match confidence: 0.149175, min_confidence: 0.7, match: %{type: "js-ldap-injection", context: %{node_type: "CallExpression", depth: 3, parent_type: "ExpressionStatement"}, location: %{depth: 3, end_column: 15, end_line: 1, start_line: 1, start_column: 0}, severity: "high", pattern_id: "js-ldap-injection", pattern_name: "LDAP Injection", recommendation: "Review this code for potential security issues", confidence: 0.85, pattern_type: :ldap_injection}
13:17:15.757 [debug] Match confidence: 0.149175, min_confidence: 0.7, match: %{type: "js-xpath-injection", context: %{node_type: "CallExpression", depth: 3, parent_type: "ExpressionStatement"}, location: %{depth: 3, end_column: 15, end_line: 1, start_line: 1, start_column: 0}, severity: "high", pattern_id: "js-xpath-injection", pattern_name: "XPath Injection", recommendation: "Review this code for potential security issues", confidence: 0.85, pattern_type: :xpath_injection}
13:17:15.757 [debug] Match confidence: 0.19305000000000005, min_confidence: 0.7, match: %{type: "js-ssrf", context: %{node_type: "CallExpression", depth: 3, parent_type: "ExpressionStatement"}, location: %{depth: 3, end_column: 15, end_line: 1, start_line: 1, start_column: 0}, severity: "medium", pattern_id: "js-ssrf", pattern_name: "Server-Side Request Forgery (SSRF)", recommendation: "Review this code for potential security issues", confidence: 0.7, pattern_type: :ssrf}
13:17:15.757 [debug] Match confidence: 0.19305000000000005, min_confidence: 0.7, match: %{type: "js-insecure-deserialization", context: %{node_type: "CallExpression", depth: 3, parent_type: "ExpressionStatement"}, location: %{depth: 3, end_column: 15, end_line: 1, start_line: 1, start_column: 0}, severity: "medium", pattern_id: "js-insecure-deserialization", pattern_name: "Insecure Deserialization", recommendation: "Review this code for potential security issues", confidence: 0.7, pattern_type: :deserialization}
13:17:15.757 [debug] Match confidence: 0.19305000000000005, min_confidence: 0.7, match: %{type: "js-jwt-none-algorithm", context: %{node_type: "CallExpression", depth: 3, parent_type: "ExpressionStatement"}, location: %{depth: 3, end_column: 15, end_line: 1, start_line: 1, start_column: 0}, severity: "medium", pattern_id: "js-jwt-none-algorithm", pattern_name: "JWT None Algorithm Vulnerability", recommendation: "Review this code for potential security issues", confidence: 0.7, pattern_type: :authentication}
13:17:15.757 [debug] Match confidence: 0.19305000000000005, min_confidence: 0.7, match: %{type: "js-debug-console-log", context: %{node_type: "CallExpression", depth: 3, parent_type: "ExpressionStatement"}, location: %{depth: 3, end_column: 15, end_line: 1, start_line: 1, start_column: 0}, severity: "medium", pattern_id: "js-debug-console-log", pattern_name: "Sensitive Data in Console Logs", recommendation: "Review this code for potential security issues", confidence: 0.7, pattern_type: :information_disclosure}
.13:17:15.832 [debug] Parser response received
13:17:15.832 [info] AnalysisService: Loaded 30 patterns for javascript
13:17:15.833 [info] AnalysisService: Found 2 matches
13:17:15.833 [debug] Match confidence: 0.264, min_confidence: 0.7, match: %{type: "js-hardcoded-secret-password", context: %{node_type: "VariableDeclarator", depth: 5, parent_type: "VariableDeclaration", in_function: "secretFunction"}, location: %{depth: 5, end_column: 45, end_line: 2, start_line: 2, start_column: 8}, severity: "high", pattern_id: "js-hardcoded-secret-password", pattern_name: "Hardcoded Password", recommendation: "Review this code for potential security issues", confidence: 0.9, pattern_type: :hardcoded_secret}
13:17:15.833 [debug] Match confidence: 0.264, min_confidence: 0.7, match: %{type: "js-hardcoded-secret-api-key", context: %{node_type: "VariableDeclarator", depth: 5, parent_type: "VariableDeclaration", in_function: "secretFunction"}, location: %{depth: 5, end_column: 45, end_line: 2, start_line: 2, start_column: 8}, severity: "high", pattern_id: "js-hardcoded-secret-api-key", pattern_name: "Hardcoded API Key", recommendation: "Review this code for potential security issues", confidence: 0.9, pattern_type: :hardcoded_secret}
.13:17:15.912 [debug] Parser response received
13:17:15.912 [info] AnalysisService: Loaded 30 patterns for javascript
13:17:15.913 [info] AnalysisService: Found 14 matches
13:17:15.913 [debug] Match confidence: 0.187425, min_confidence: 0.7, match: %{type: "js-xss-document-write", context: %{node_type: "CallExpression", depth: 5, parent_type: "ReturnStatement", in_function: "processPayment"}, location: %{depth: 5, end_column: 27, end_line: 3, start_line: 3, start_column: 9}, severity: "high", pattern_id: "js-xss-document-write", pattern_name: "Cross-Site Scripting (XSS) via document.write", recommendation: "Review this code for potential security issues", confidence: 0.85, pattern_type: :xss}
13:17:15.913 [debug] Match confidence: 0.187425, min_confidence: 0.7, match: %{type: "js-xss-jquery-html", context: %{node_type: "CallExpression", depth: 5, parent_type: "ReturnStatement", in_function: "processPayment"}, location: %{depth: 5, end_column: 27, end_line: 3, start_line: 3, start_column: 9}, severity: "high", pattern_id: "js-xss-jquery-html", pattern_name: "XSS via jQuery html()", recommendation: "Review this code for potential security issues", confidence: 0.85, pattern_type: :xss}
13:17:15.913 [debug] Match confidence: 0.19305000000000005, min_confidence: 0.7, match: %{type: "js-path-traversal-join", context: %{node_type: "CallExpression", depth: 5, parent_type: "ReturnStatement", in_function: "processPayment"}, location: %{depth: 5, end_column: 27, end_line: 3, start_line: 3, start_column: 9}, severity: "medium", pattern_id: "js-path-traversal-join", pattern_name: "Path Traversal via path.join", recommendation: "Review this code for potential security issues", confidence: 0.7, pattern_type: :path_traversal}
13:17:15.913 [debug] Match confidence: 0.21450000000000002, min_confidence: 0.7, match: %{type: "js-weak-crypto-md5", context: %{node_type: "CallExpression", depth: 5, parent_type: "ReturnStatement", in_function: "processPayment"}, location: %{depth: 5, end_column: 27, end_line: 3, start_line: 3, start_column: 9}, severity: "medium", pattern_id: "js-weak-crypto-md5", pattern_name: "Weak Cryptography - MD5", recommendation: "Review this code for potential security issues", confidence: 0.7, pattern_type: :weak_crypto}
13:17:15.913 [debug] Match confidence: 0.21450000000000002, min_confidence: 0.7, match: %{type: "js-weak-crypto-sha1", context: %{node_type: "CallExpression", depth: 5, parent_type: "ReturnStatement", in_function: "processPayment"}, location: %{depth: 5, end_column: 27, end_line: 3, start_line: 3, start_column: 9}, severity: "medium", pattern_id: "js-weak-crypto-sha1", pattern_name: "Weak Cryptography - SHA1", recommendation: "Review this code for potential security issues", confidence: 0.7, pattern_type: :weak_crypto}
13:17:15.913 [debug] Match confidence: 0.19305000000000005, min_confidence: 0.7, match: %{type: "js-open-redirect", context: %{node_type: "CallExpression", depth: 5, parent_type: "ReturnStatement", in_function: "processPayment"}, location: %{depth: 5, end_column: 27, end_line: 3, start_line: 3, start_column: 9}, severity: "medium", pattern_id: "js-open-redirect", pattern_name: "Open Redirect Vulnerability", recommendation: "Review this code for potential security issues", confidence: 0.7, pattern_type: :open_redirect}
13:17:15.913 [debug] Match confidence: 0.21450000000000002, min_confidence: 0.7, match: %{type: "js-insecure-random", context: %{node_type: "CallExpression", depth: 5, parent_type: "ReturnStatement", in_function: "processPayment"}, location: %{depth: 5, end_column: 27, end_line: 3, start_line: 3, start_column: 9}, severity: "medium", pattern_id: "js-insecure-random", pattern_name: "Insecure Random Number Generation", recommendation: "Review this code for potential security issues", confidence: 0.7, pattern_type: :insecure_random}
13:17:15.913 [debug] Match confidence: 0.14088749999999997, min_confidence: 0.7, match: %{type: "js-nosql-injection", context: %{node_type: "CallExpression", depth: 5, parent_type: "ReturnStatement", in_function: "processPayment"}, location: %{depth: 5, end_column: 27, end_line: 3, start_line: 3, start_column: 9}, severity: "high", pattern_id: "js-nosql-injection", pattern_name: "NoSQL Injection", recommendation: "Review this code for potential security issues", confidence: 0.85, pattern_type: :nosql_injection}
13:17:15.913 [debug] Match confidence: 0.149175, min_confidence: 0.7, match: %{type: "js-ldap-injection", context: %{node_type: "CallExpression", depth: 5, parent_type: "ReturnStatement", in_function: "processPayment"}, location: %{depth: 5, end_column: 27, end_line: 3, start_line: 3, start_column: 9}, severity: "high", pattern_id: "js-ldap-injection", pattern_name: "LDAP Injection", recommendation: "Review this code for potential security issues", confidence: 0.85, pattern_type: :ldap_injection}
13:17:15.913 [debug] Match confidence: 0.149175, min_confidence: 0.7, match: %{type: "js-xpath-injection", context: %{node_type: "CallExpression", depth: 5, parent_type: "ReturnStatement", in_function: "processPayment"}, location: %{depth: 5, end_column: 27, end_line: 3, start_line: 3, start_column: 9}, severity: "high", pattern_id: "js-xpath-injection", pattern_name: "XPath Injection", recommendation: "Review this code for potential security issues", confidence: 0.85, pattern_type: :xpath_injection}
13:17:15.913 [debug] Match confidence: 0.19305000000000005, min_confidence: 0.7, match: %{type: "js-ssrf", context: %{node_type: "CallExpression", depth: 5, parent_type: "ReturnStatement", in_function: "processPayment"}, location: %{depth: 5, end_column: 27, end_line: 3, start_line: 3, start_column: 9}, severity: "medium", pattern_id: "js-ssrf", pattern_name: "Server-Side Request Forgery (SSRF)", recommendation: "Review this code for potential security issues", confidence: 0.7, pattern_type: :ssrf}
13:17:15.914 [debug] Match confidence: 0.19305000000000005, min_confidence: 0.7, match: %{type: "js-insecure-deserialization", context: %{node_type: "CallExpression", depth: 5, parent_type: "ReturnStatement", in_function: "processPayment"}, location: %{depth: 5, end_column: 27, end_line: 3, start_line: 3, start_column: 9}, severity: "medium", pattern_id: "js-insecure-deserialization", pattern_name: "Insecure Deserialization", recommendation: "Review this code for potential security issues", confidence: 0.7, pattern_type: :deserialization}
13:17:15.914 [debug] Match confidence: 0.19305000000000005, min_confidence: 0.7, match: %{type: "js-jwt-none-algorithm", context: %{node_type: "CallExpression", depth: 5, parent_type: "ReturnStatement", in_function: "processPayment"}, location: %{depth: 5, end_column: 27, end_line: 3, start_line: 3, start_column: 9}, severity: "medium", pattern_id: "js-jwt-none-algorithm", pattern_name: "JWT None Algorithm Vulnerability", recommendation: "Review this code for potential security issues", confidence: 0.7, pattern_type: :authentication}
13:17:15.914 [debug] Match confidence: 0.19305000000000005, min_confidence: 0.7, match: %{type: "js-debug-console-log", context: %{node_type: "CallExpression", depth: 5, parent_type: "ReturnStatement", in_function: "processPayment"}, location: %{depth: 5, end_column: 27, end_line: 3, start_line: 3, start_column: 9}, severity: "medium", pattern_id: "js-debug-console-log", pattern_name: "Sensitive Data in Console Logs", recommendation: "Review this code for potential security issues", confidence: 0.7, pattern_type: :information_disclosure}
.13:17:15.990 [debug] Parser response received
13:17:15.990 [info] AnalysisService: Loaded 30 patterns for javascript
13:17:15.991 [info] AnalysisService: Found 2 matches
13:17:15.991 [debug] Match confidence: 0.264, min_confidence: 0.7, match: %{type: "js-hardcoded-secret-password", context: %{node_type: "VariableDeclarator", depth: 3, parent_type: "VariableDeclaration"}, location: %{depth: 3, end_column: 37, end_line: 1, start_line: 1, start_column: 6}, severity: "high", pattern_id: "js-hardcoded-secret-password", pattern_name: "Hardcoded Password", recommendation: "Review this code for potential security issues", confidence: 0.9, pattern_type: :hardcoded_secret}
13:17:15.991 [debug] Match confidence: 0.264, min_confidence: 0.7, match: %{type: "js-hardcoded-secret-api-key", context: %{node_type: "VariableDeclarator", depth: 3, parent_type: "VariableDeclaration"}, location: %{depth: 3, end_column: 37, end_line: 1, start_line: 1, start_column: 6}, severity: "high", pattern_id: "js-hardcoded-secret-api-key", pattern_name: "Hardcoded API Key", recommendation: "Review this code for potential security issues", confidence: 0.9, pattern_type: :hardcoded_secret}
.13:17:16.074 [debug] Parser response received
13:17:16.074 [info] AnalysisService: Loaded 30 patterns for javascript
13:17:16.075 [info] AnalysisService: Found 2 matches
13:17:16.075 [debug] Match confidence: 0.8800000000000001, min_confidence: 0.7, match: %{type: "js-hardcoded-secret-password", context: %{node_type: "VariableDeclarator", depth: 3, parent_type: "VariableDeclaration"}, location: %{depth: 3, end_column: 37, end_line: 1, start_line: 1, start_column: 6}, severity: "high", pattern_id: "js-hardcoded-secret-password", pattern_name: "Hardcoded Password", recommendation: "Review this code for potential security issues", confidence: 0.9, pattern_type: :hardcoded_secret}
13:17:16.076 [debug] Match confidence: 0.8800000000000001, min_confidence: 0.7, match: %{type: "js-hardcoded-secret-api-key", context: %{node_type: "VariableDeclarator", depth: 3, parent_type: "VariableDeclaration"}, location: %{depth: 3, end_column: 37, end_line: 1, start_line: 1, start_column: 6}, severity: "high", pattern_id: "js-hardcoded-secret-api-key", pattern_name: "Hardcoded API Key", recommendation: "Review this code for potential security issues", confidence: 0.9, pattern_type: :hardcoded_secret}
13:17:16.152 [debug] Parser response received
13:17:16.153 [info] AnalysisService: Loaded 30 patterns for javascript
13:17:16.153 [info] AnalysisService: Found 2 matches
13:17:16.153 [debug] Match confidence: 0.8800000000000001, min_confidence: 0.7, match: %{type: "js-hardcoded-secret-password", context: %{node_type: "VariableDeclarator", depth: 3, parent_type: "VariableDeclaration"}, location: %{depth: 3, end_column: 37, end_line: 1, start_line: 1, start_column: 6}, severity: "high", pattern_id: "js-hardcoded-secret-password", pattern_name: "Hardcoded Password", recommendation: "Review this code for potential security issues", confidence: 0.9, pattern_type: :hardcoded_secret}
13:17:16.153 [debug] Match confidence: 0.8800000000000001, min_confidence: 0.7, match: %{type: "js-hardcoded-secret-api-key", context: %{node_type: "VariableDeclarator", depth: 3, parent_type: "VariableDeclaration"}, location: %{depth: 3, end_column: 37, end_line: 1, start_line: 1, start_column: 6}, severity: "high", pattern_id: "js-hardcoded-secret-api-key", pattern_name: "Hardcoded API Key", recommendation: "Review this code for potential security issues", confidence: 0.9, pattern_type: :hardcoded_secret}
13:17:16.228 [debug] Parser response received
13:17:16.228 [info] AnalysisService: Loaded 30 patterns for javascript
13:17:16.229 [info] AnalysisService: Found 2 matches
13:17:16.229 [debug] Match confidence: 0.8800000000000001, min_confidence: 0.7, match: %{type: "js-hardcoded-secret-password", context: %{node_type: "VariableDeclarator", depth: 3, parent_type: "VariableDeclaration"}, location: %{depth: 3, end_column: 37, end_line: 1, start_line: 1, start_column: 6}, severity: "high", pattern_id: "js-hardcoded-secret-password", pattern_name: "Hardcoded Password", recommendation: "Review this code for potential security issues", confidence: 0.9, pattern_type: :hardcoded_secret}
13:17:16.229 [debug] Match confidence: 0.8800000000000001, min_confidence: 0.7, match: %{type: "js-hardcoded-secret-api-key", context: %{node_type: "VariableDeclarator", depth: 3, parent_type: "VariableDeclaration"}, location: %{depth: 3, end_column: 37, end_line: 1, start_line: 1, start_column: 6}, severity: "high", pattern_id: "js-hardcoded-secret-api-key", pattern_name: "Hardcoded API Key", recommendation: "Review this code for potential security issues", confidence: 0.9, pattern_type: :hardcoded_secret}
.13:17:16.313 [debug] Parser response received
13:17:16.313 [info] AnalysisService: Loaded 30 patterns for javascript
13:17:16.314 [info] AnalysisService: Found 2 matches
13:17:16.314 [debug] Match confidence: 0.264, min_confidence: 0.7, match: %{type: "js-hardcoded-secret-password", context: %{node_type: "VariableDeclarator", depth: 3, parent_type: "VariableDeclaration"}, location: %{depth: 3, end_column: 48, end_line: 1, start_line: 1, start_column: 6}, severity: "high", pattern_id: "js-hardcoded-secret-password", pattern_name: "Hardcoded Password", recommendation: "Review this code for potential security issues", confidence: 0.9, pattern_type: :hardcoded_secret}
13:17:16.314 [debug] Match confidence: 0.264, min_confidence: 0.7, match: %{type: "js-hardcoded-secret-api-key", context: %{node_type: "VariableDeclarator", depth: 3, parent_type: "VariableDeclaration"}, location: %{depth: 3, end_column: 48, end_line: 1, start_line: 1, start_column: 6}, severity: "high", pattern_id: "js-hardcoded-secret-api-key", pattern_name: "Hardcoded API Key", recommendation: "Review this code for potential security issues", confidence: 0.9, pattern_type: :hardcoded_secret}
13:17:16.323 [info] AUDIT_EVENT: code_retention_cleanup
.13:17:16.419 [debug] Parser response received
13:17:16.419 [info] AnalysisService: Loaded 30 patterns for javascript
13:17:16.420 [info] AnalysisService: Found 2 matches
13:17:16.420 [debug] Match confidence: 0.264, min_confidence: 0.7, match: %{type: "js-hardcoded-secret-password", context: %{node_type: "VariableDeclarator", depth: 3, parent_type: "VariableDeclaration"}, location: %{depth: 3, end_column: 37, end_line: 1, start_line: 1, start_column: 6}, severity: "high", pattern_id: "js-hardcoded-secret-password", pattern_name: "Hardcoded Password", recommendation: "Review this code for potential security issues", confidence: 0.9, pattern_type: :hardcoded_secret}
13:17:16.420 [debug] Match confidence: 0.264, min_confidence: 0.7, match: %{type: "js-hardcoded-secret-api-key", context: %{node_type: "VariableDeclarator", depth: 3, parent_type: "VariableDeclaration"}, location: %{depth: 3, end_column: 37, end_line: 1, start_line: 1, start_column: 6}, severity: "high", pattern_id: "js-hardcoded-secret-api-key", pattern_name: "Hardcoded API Key", recommendation: "Review this code for potential security issues", confidence: 0.9, pattern_type: :hardcoded_secret}
.13:17:16.535 [debug] Parser response received
13:17:16.535 [info] AnalysisService: Loaded 30 patterns for javascript
13:17:16.536 [info] AnalysisService: Found 2 matches
13:17:16.536 [debug] Match confidence: 0.264, min_confidence: 0.7, match: %{type: "js-hardcoded-secret-password", context: %{node_type: "VariableDeclarator", depth: 3, parent_type: "VariableDeclaration"}, location: %{depth: 3, end_column: 44, end_line: 1, start_line: 1, start_column: 6}, severity: "high", pattern_id: "js-hardcoded-secret-password", pattern_name: "Hardcoded Password", recommendation: "Review this code for potential security issues", confidence: 0.9, pattern_type: :hardcoded_secret}
13:17:16.536 [debug] Match confidence: 0.264, min_confidence: 0.7, match: %{type: "js-hardcoded-secret-api-key", context: %{node_type: "VariableDeclarator", depth: 3, parent_type: "VariableDeclaration"}, location: %{depth: 3, end_column: 44, end_line: 1, start_line: 1, start_column: 6}, severity: "high", pattern_id: "js-hardcoded-secret-api-key", pattern_name: "Hardcoded API Key", recommendation: "Review this code for potential security issues", confidence: 0.9, pattern_type: :hardcoded_secret}
....Traceback (most recent call last):
  File "/home/dylan/dev/rsolv/RSOLV-platform/test/rsolv/ast/fixtures/crash_parser.py", line 16, in <module>
    raise RuntimeError("Intentional crash for testing")
RuntimeError: Intentional crash for testing
13:17:16.721 [warning] Port exited with status 1
13:17:16.721 [error] GenServer #PID<0.8139.0> terminating
** (stop) {:port_exit, 1}
Last message: {#Port<0.201>, {:exit_status, 1}}
State: %Rsolv.AST.PortWorker{id: "058c668c240dce12392263efaa73f3ad", port: #Port<0.201>, config: %{args: ["-u", "/home/dylan/dev/rsolv/RSOLV-platform/test/rsolv/ast/fixtures/crash_parser.py"], command: "python3", id: "058c668c240dce12392263efaa73f3ad", max_restarts: 3, language: "python"}, buffer: "", requests: %{}, health_check_timer: nil, idle_timer: nil, sandbox_config: %{type: "python", spawn_opts: [max_heap_size: 64000000, monitor: true, link: false], security: %{}, limits: %{max_heap_size: 64000000, max_reductions: 2000000, timeout_ms: 30000, max_ports: 1, max_ets_tables: 5}, allowed_modules: [:file, :binary, :string, :unicode], port_env: [{~c"PATH", ~c"/usr/bin:/bin"}, {~c"HOME", ~c"/tmp"}, {~c"TMPDIR", ~c"/tmp"}, {~c"RSOLV_SANDBOX", ~c"beam"}, {~c"NO_PROXY", ~c"*"}, {~c"http_proxy", []}, {~c"https_proxy", []}, {~c"LANG", ~c"C"}, {~c"LC_ALL", ~c"C"}, {~c"SECURITY_READ_ONLY_FS", ~c"false"}, {~c"SECURITY_NO_NETWORK", ~c"false"}, {~c"PYTHONPATH", ~c"/tmp"}, {~c"PYTHONDONTWRITEBYTECODE", ~c"1"}, {~c"PYTHONUNBUFFERED", ~c"1"}], resource_tracker_name: :sandbox_python_784395a3}, resource_tracker: :sandbox_python_784395a3}
....13:17:17.261 [warning] Port exited with status 1
13:17:17.262 [error] GenServer #PID<0.8157.0> terminating
** (stop) {:port_exit, 1}
Last message: {#Port<0.212>, {:exit_status, 1}}
State: %Rsolv.AST.PortWorker{id: "045b02863f273173d588189ebc48a34c", port: #Port<0.212>, config: %{args: ["-u", "/home/dylan/dev/rsolv/RSOLV-platform/test/rsolv/ast/fixtures/always_crash_parser.py"], command: "python3", id: "045b02863f273173d588189ebc48a34c", max_restarts: 3, language: "python"}, buffer: "", requests: %{}, health_check_timer: nil, idle_timer: nil, sandbox_config: %{type: "python", spawn_opts: [max_heap_size: 64000000, monitor: true, link: false], security: %{}, limits: %{max_heap_size: 64000000, max_reductions: 2000000, timeout_ms: 30000, max_ports: 1, max_ets_tables: 5}, allowed_modules: [:file, :binary, :string, :unicode], port_env: [{~c"PATH", ~c"/usr/bin:/bin"}, {~c"HOME", ~c"/tmp"}, {~c"TMPDIR", ~c"/tmp"}, {~c"RSOLV_SANDBOX", ~c"beam"}, {~c"NO_PROXY", ~c"*"}, {~c"http_proxy", []}, {~c"https_proxy", []}, {~c"LANG", ~c"C"}, {~c"LC_ALL", ~c"C"}, {~c"SECURITY_READ_ONLY_FS", ~c"false"}, {~c"SECURITY_NO_NETWORK", ~c"false"}, {~c"PYTHONPATH", ~c"/tmp"}, {~c"PYTHONDONTWRITEBYTECODE", ~c"1"}, {~c"PYTHONUNBUFFERED", ~c"1"}], resource_tracker_name: :sandbox_python_67b0b1ed}, resource_tracker: :sandbox_python_67b0b1ed}
13:17:17.274 [warning] Port exited with status 1
13:17:17.274 [error] GenServer #PID<0.8159.0> terminating
** (stop) {:port_exit, 1}
Last message: {#Port<0.213>, {:exit_status, 1}}
State: %Rsolv.AST.PortWorker{id: "045b02863f273173d588189ebc48a34c", port: #Port<0.213>, config: %{args: ["-u", "/home/dylan/dev/rsolv/RSOLV-platform/test/rsolv/ast/fixtures/always_crash_parser.py"], command: "python3", id: "045b02863f273173d588189ebc48a34c", max_restarts: 3, language: "python"}, buffer: "", requests: %{}, health_check_timer: nil, idle_timer: nil, sandbox_config: %{type: "python", spawn_opts: [max_heap_size: 64000000, monitor: true, link: false], security: %{}, limits: %{max_heap_size: 64000000, max_reductions: 2000000, timeout_ms: 30000, max_ports: 1, max_ets_tables: 5}, allowed_modules: [:file, :binary, :string, :unicode], port_env: [{~c"PATH", ~c"/usr/bin:/bin"}, {~c"HOME", ~c"/tmp"}, {~c"TMPDIR", ~c"/tmp"}, {~c"RSOLV_SANDBOX", ~c"beam"}, {~c"NO_PROXY", ~c"*"}, {~c"http_proxy", []}, {~c"https_proxy", []}, {~c"LANG", ~c"C"}, {~c"LC_ALL", ~c"C"}, {~c"SECURITY_READ_ONLY_FS", ~c"false"}, {~c"SECURITY_NO_NETWORK", ~c"false"}, {~c"PYTHONPATH", ~c"/tmp"}, {~c"PYTHONDONTWRITEBYTECODE", ~c"1"}, {~c"PYTHONUNBUFFERED", ~c"1"}], resource_tracker_name: :sandbox_python_0918a6de}, resource_tracker: :sandbox_python_0918a6de}
13:17:17.284 [warning] Port exited with status 1
13:17:17.284 [error] GenServer #PID<0.8161.0> terminating
** (stop) {:port_exit, 1}
Last message: {#Port<0.214>, {:exit_status, 1}}
State: %Rsolv.AST.PortWorker{id: "045b02863f273173d588189ebc48a34c", port: #Port<0.214>, config: %{args: ["-u", "/home/dylan/dev/rsolv/RSOLV-platform/test/rsolv/ast/fixtures/always_crash_parser.py"], command: "python3", id: "045b02863f273173d588189ebc48a34c", max_restarts: 3, language: "python"}, buffer: "", requests: %{}, health_check_timer: nil, idle_timer: nil, sandbox_config: %{type: "python", spawn_opts: [max_heap_size: 64000000, monitor: true, link: false], security: %{}, limits: %{max_heap_size: 64000000, max_reductions: 2000000, timeout_ms: 30000, max_ports: 1, max_ets_tables: 5}, allowed_modules: [:file, :binary, :string, :unicode], port_env: [{~c"PATH", ~c"/usr/bin:/bin"}, {~c"HOME", ~c"/tmp"}, {~c"TMPDIR", ~c"/tmp"}, {~c"RSOLV_SANDBOX", ~c"beam"}, {~c"NO_PROXY", ~c"*"}, {~c"http_proxy", []}, {~c"https_proxy", []}, {~c"LANG", ~c"C"}, {~c"LC_ALL", ~c"C"}, {~c"SECURITY_READ_ONLY_FS", ~c"false"}, {~c"SECURITY_NO_NETWORK", ~c"false"}, {~c"PYTHONPATH", ~c"/tmp"}, {~c"PYTHONDONTWRITEBYTECODE", ~c"1"}, {~c"PYTHONUNBUFFERED", ~c"1"}], resource_tracker_name: :sandbox_python_dd261c99}, resource_tracker: :sandbox_python_dd261c99}
......13:17:19.680 [info] Port bdbc6869f112025241cd2d1c5967289f idle timeout reached
.....*13:17:19.972 request_id=GGBS7rtKwoyZl9YAACOQ [info] GET /
13:17:19.972 request_id=GGBS7rtKwoyZl9YAACOQ [debug] Processing with RsolvWeb.HomeLive.index/2
  Parameters: %{}
  Pipelines: [:browser]
13:17:19.972 request_id=GGBS7rtKwoyZl9YAACOQ [info] Analytics event tracked
13:17:19.973 request_id=GGBS7rtKwoyZl9YAACOQ [debug] QUERY OK db=0.3ms queue=0.1ms
SELECT create_analytics_partition_if_not_exists($1::date) [~D[2025-08-29]]
13:17:19.973 request_id=GGBS7rtKwoyZl9YAACOQ [debug] QUERY OK source="analytics_events" db=0.1ms
INSERT INTO "analytics_events" ("metadata","event_type","visitor_id","page_path","inserted_at","updated_at") VALUES ($1,$2,$3,$4,$5,$6) RETURNING "id" [%{}, "page_view", "79f2ff55e27291bd697dd338e1528693", "/", ~N[2025-08-29 19:17:19], ~N[2025-08-29 19:17:19]]
13:17:19.973 request_id=GGBS7rtKwoyZl9YAACOQ [debug] QUERY OK source="fun_with_flags_toggles" db=0.0ms
SELECT f0."id", f0."flag_name", f0."gate_type", f0."target", f0."enabled" FROM "fun_with_flags_toggles" AS f0 WHERE (f0."flag_name" = $1) ["blog"]
13:17:19.973 request_id=GGBS7rtKwoyZl9YAACOQ [debug] Telemetry event: [:fun_with_flags, :persistence, :read], metadata: %{flag_name: :blog, gate: nil}, measurements: %{system_time: 1756495039973694049}
13:17:19.973 request_id=GGBS7rtKwoyZl9YAACOQ [info] ROI Calculator LiveComponent mounting...
13:17:19.973 request_id=GGBS7rtKwoyZl9YAACOQ [info] ROI Calculator LiveComponent mounted
13:17:19.973 request_id=GGBS7rtKwoyZl9YAACOQ [info] Sent 200 in 1ms
.13:17:19.974 request_id=GGBS7rtmZrtUhkUAAEoB [info] GET /
13:17:19.974 request_id=GGBS7rtmZrtUhkUAAEoB [debug] Processing with RsolvWeb.HomeLive.index/2
  Parameters: %{}
  Pipelines: [:browser]
13:17:19.974 request_id=GGBS7rtmZrtUhkUAAEoB [info] Analytics event tracked
13:17:19.974 request_id=GGBS7rtmZrtUhkUAAEoB [debug] QUERY OK db=0.1ms
SELECT create_analytics_partition_if_not_exists($1::date) [~D[2025-08-29]]
13:17:19.974 request_id=GGBS7rtmZrtUhkUAAEoB [debug] QUERY OK source="analytics_events" db=0.0ms
INSERT INTO "analytics_events" ("metadata","event_type","visitor_id","page_path","inserted_at","updated_at") VALUES ($1,$2,$3,$4,$5,$6) RETURNING "id" [%{}, "page_view", "41cb13c81b582eb392fbd3a34b07194c", "/", ~N[2025-08-29 19:17:19], ~N[2025-08-29 19:17:19]]
13:17:19.974 request_id=GGBS7rtmZrtUhkUAAEoB [debug] QUERY OK source="fun_with_flags_toggles" db=0.0ms
SELECT f0."id", f0."flag_name", f0."gate_type", f0."target", f0."enabled" FROM "fun_with_flags_toggles" AS f0 WHERE (f0."flag_name" = $1) ["blog"]
13:17:19.974 request_id=GGBS7rtmZrtUhkUAAEoB [debug] Telemetry event: [:fun_with_flags, :persistence, :read], metadata: %{flag_name: :blog, gate: nil}, measurements: %{system_time: 1756495039974886442}
13:17:19.974 request_id=GGBS7rtmZrtUhkUAAEoB [info] ROI Calculator LiveComponent mounting...
13:17:19.974 request_id=GGBS7rtmZrtUhkUAAEoB [info] ROI Calculator LiveComponent mounted
13:17:19.975 request_id=GGBS7rtmZrtUhkUAAEoB [info] Sent 200 in 826µs
.13:17:19.975 request_id=GGBS7rt2t6ELAQYAAEsB [info] GET /
13:17:19.975 request_id=GGBS7rt2t6ELAQYAAEsB [debug] Processing with RsolvWeb.HomeLive.index/2
  Parameters: %{}
  Pipelines: [:browser]
13:17:19.975 request_id=GGBS7rt2t6ELAQYAAEsB [info] Analytics event tracked
13:17:19.975 request_id=GGBS7rt2t6ELAQYAAEsB [debug] QUERY OK db=0.2ms queue=0.1ms
SELECT create_analytics_partition_if_not_exists($1::date) [~D[2025-08-29]]
13:17:19.976 request_id=GGBS7rt2t6ELAQYAAEsB [debug] QUERY OK source="analytics_events" db=0.3ms queue=0.1ms
INSERT INTO "analytics_events" ("metadata","event_type","visitor_id","page_path","inserted_at","updated_at") VALUES ($1,$2,$3,$4,$5,$6) RETURNING "id" [%{}, "page_view", "71cef4e5bffbe28ffc4a8048c8279de5", "/", ~N[2025-08-29 19:17:19], ~N[2025-08-29 19:17:19]]
13:17:19.976 request_id=GGBS7rt2t6ELAQYAAEsB [debug] QUERY OK source="fun_with_flags_toggles" db=0.0ms
SELECT f0."id", f0."flag_name", f0."gate_type", f0."target", f0."enabled" FROM "fun_with_flags_toggles" AS f0 WHERE (f0."flag_name" = $1) ["blog"]
13:17:19.976 request_id=GGBS7rt2t6ELAQYAAEsB [debug] Telemetry event: [:fun_with_flags, :persistence, :read], metadata: %{flag_name: :blog, gate: nil}, measurements: %{system_time: 1756495039976539324}
13:17:19.976 request_id=GGBS7rt2t6ELAQYAAEsB [info] ROI Calculator LiveComponent mounting...
13:17:19.976 request_id=GGBS7rt2t6ELAQYAAEsB [info] ROI Calculator LiveComponent mounted
13:17:19.976 request_id=GGBS7rt2t6ELAQYAAEsB [info] Sent 200 in 1ms
.13:17:19.977 [debug] QUERY OK source="fun_with_flags_toggles" db=0.0ms
INSERT INTO "fun_with_flags_toggles" AS f0 ("enabled","target","flag_name","gate_type") VALUES ($1,$2,$3,$4) ON CONFLICT ("flag_name","gate_type","target") DO UPDATE SET "enabled" = $5 RETURNING "id" [true, "_fwf_none", "blog", "boolean", true]
13:17:19.977 [debug] QUERY OK source="fun_with_flags_toggles" db=0.0ms
SELECT f0."id", f0."flag_name", f0."gate_type", f0."target", f0."enabled" FROM "fun_with_flags_toggles" AS f0 WHERE (f0."flag_name" = $1) ["blog"]
13:17:19.977 [debug] Telemetry event: [:fun_with_flags, :persistence, :write], metadata: %{flag_name: :blog, gate: %FunWithFlags.Gate{type: :boolean, for: nil, enabled: true}}, measurements: %{system_time: 1756495039977270253}
13:17:19.977 [debug] QUERY OK source="fun_with_flags_toggles" db=0.0ms
INSERT INTO "fun_with_flags_toggles" AS f0 ("enabled","target","flag_name","gate_type") VALUES ($1,$2,$3,$4) ON CONFLICT ("flag_name","gate_type","target") DO UPDATE SET "enabled" = $5 RETURNING "id" [true, "_fwf_none", "display_draft_blog_posts", "boolean", true]
13:17:19.977 [debug] QUERY OK source="fun_with_flags_toggles" db=0.0ms
SELECT f0."id", f0."flag_name", f0."gate_type", f0."target", f0."enabled" FROM "fun_with_flags_toggles" AS f0 WHERE (f0."flag_name" = $1) ["display_draft_blog_posts"]
13:17:19.977 [debug] Telemetry event: [:fun_with_flags, :persistence, :write], metadata: %{flag_name: :display_draft_blog_posts, gate: %FunWithFlags.Gate{type: :boolean, for: nil, enabled: true}}, measurements: %{system_time: 1756495039977474680}
13:17:19.977 request_id=GGBS7ruYQFeiraQAACSQ [info] GET /blog
13:17:19.977 request_id=GGBS7ruYQFeiraQAACSQ [debug] Processing with RsolvWeb.BlogController.index/2
  Parameters: %{}
  Pipelines: [:browser]
13:17:19.977 request_id=GGBS7ruYQFeiraQAACSQ [debug] QUERY OK source="fun_with_flags_toggles" db=0.0ms
SELECT f0."id", f0."flag_name", f0."gate_type", f0."target", f0."enabled" FROM "fun_with_flags_toggles" AS f0 WHERE (f0."flag_name" = $1) ["blog"]
13:17:19.977 request_id=GGBS7ruYQFeiraQAACSQ [debug] Telemetry event: [:fun_with_flags, :persistence, :read], metadata: %{flag_name: :blog, gate: nil}, measurements: %{system_time: 1756495039977629811}
13:17:19.990 request_id=GGBS7ruYQFeiraQAACSQ [debug] QUERY OK source="fun_with_flags_toggles" db=0.0ms
SELECT f0."id", f0."flag_name", f0."gate_type", f0."target", f0."enabled" FROM "fun_with_flags_toggles" AS f0 WHERE (f0."flag_name" = $1) ["display_draft_blog_posts"]
13:17:19.990 request_id=GGBS7ruYQFeiraQAACSQ [debug] Telemetry event: [:fun_with_flags, :persistence, :read], metadata: %{flag_name: :display_draft_blog_posts, gate: nil}, measurements: %{system_time: 1756495039990438824}
13:17:19.990 request_id=GGBS7ruYQFeiraQAACSQ [debug] QUERY OK source="fun_with_flags_toggles" db=0.0ms
SELECT f0."id", f0."flag_name", f0."gate_type", f0."target", f0."enabled" FROM "fun_with_flags_toggles" AS f0 WHERE (f0."flag_name" = $1) ["blog"]
13:17:19.990 request_id=GGBS7ruYQFeiraQAACSQ [debug] Telemetry event: [:fun_with_flags, :persistence, :read], metadata: %{flag_name: :blog, gate: nil}, measurements: %{system_time: 1756495039990606941}
13:17:19.990 request_id=GGBS7ruYQFeiraQAACSQ [info] Sent 200 in 13ms
.13:17:19.990 request_id=GGBS7rxkVTS1Jz0AAEwB [info] GET /
13:17:19.990 request_id=GGBS7rxkVTS1Jz0AAEwB [debug] Processing with RsolvWeb.HomeLive.index/2
  Parameters: %{}
  Pipelines: [:browser]
13:17:19.990 request_id=GGBS7rxkVTS1Jz0AAEwB [info] Analytics event tracked
13:17:19.991 request_id=GGBS7rxkVTS1Jz0AAEwB [debug] QUERY OK db=0.1ms
SELECT create_analytics_partition_if_not_exists($1::date) [~D[2025-08-29]]
13:17:19.991 request_id=GGBS7rxkVTS1Jz0AAEwB [debug] QUERY OK source="analytics_events" db=0.1ms queue=0.1ms
INSERT INTO "analytics_events" ("metadata","event_type","visitor_id","page_path","inserted_at","updated_at") VALUES ($1,$2,$3,$4,$5,$6) RETURNING "id" [%{}, "page_view", "11e3fe9ed5b15031dff3fc79a283cd43", "/", ~N[2025-08-29 19:17:19], ~N[2025-08-29 19:17:19]]
13:17:19.991 request_id=GGBS7rxkVTS1Jz0AAEwB [debug] QUERY OK source="fun_with_flags_toggles" db=0.2ms
SELECT f0."id", f0."flag_name", f0."gate_type", f0."target", f0."enabled" FROM "fun_with_flags_toggles" AS f0 WHERE (f0."flag_name" = $1) ["blog"]
13:17:19.991 request_id=GGBS7rxkVTS1Jz0AAEwB [debug] Telemetry event: [:fun_with_flags, :persistence, :read], metadata: %{flag_name: :blog, gate: nil}, measurements: %{system_time: 1756495039991881496}
13:17:19.991 request_id=GGBS7rxkVTS1Jz0AAEwB [info] ROI Calculator LiveComponent mounting...
13:17:19.991 request_id=GGBS7rxkVTS1Jz0AAEwB [info] ROI Calculator LiveComponent mounted
13:17:19.992 request_id=GGBS7rxkVTS1Jz0AAEwB [info] Sent 200 in 1ms
.13:17:19.993 [debug] QUERY OK source="api_keys" db=0.1ms queue=0.1ms
SELECT a0."id", a0."key", a0."name", a0."permissions", a0."active", a0."last_used_at", a0."expires_at", a0."customer_id", a0."inserted_at", a0."updated_at" FROM "api_keys" AS a0 WHERE ((a0."key" = $1) AND (a0."active" = $2)) ["random_key_xyz", true]
13:17:19.993 [debug] QUERY OK source="customers" db=0.1ms
SELECT c0."id", c0."name", c0."email", c0."api_key", c0."monthly_limit", c0."current_usage", c0."active", c0."metadata", c0."github_org", c0."plan", c0."user_id", c0."inserted_at", c0."updated_at" FROM "customers" AS c0 WHERE ((c0."api_key" = $1) AND (c0."active" = $2)) ["random_key_xyz", true]
13:17:19.993 [info] [Accounts] Checking database for API key: random_key_xyz
13:17:19.993 [debug] QUERY OK source="customers" db=0.0ms
SELECT c0."id", c0."name", c0."email", c0."api_key", c0."monthly_limit", c0."current_usage", c0."active", c0."subscription_status" = 'trial', c0."inserted_at" FROM "customers" AS c0 WHERE ((c0."api_key" = $1) AND (c0."active" = TRUE)) ["random_key_xyz"]
13:17:19.993 [info] [Accounts] No customer found in database for API key
13:17:19.993 [debug] QUERY OK source="api_keys" db=0.0ms
SELECT a0."id", a0."key", a0."name", a0."permissions", a0."active", a0."last_used_at", a0."expires_at", a0."customer_id", a0."inserted_at", a0."updated_at" FROM "api_keys" AS a0 WHERE ((a0."key" = $1) AND (a0."active" = $2)) ["", true]
13:17:19.993 [debug] QUERY OK source="customers" db=0.0ms
SELECT c0."id", c0."name", c0."email", c0."api_key", c0."monthly_limit", c0."current_usage", c0."active", c0."metadata", c0."github_org", c0."plan", c0."user_id", c0."inserted_at", c0."updated_at" FROM "customers" AS c0 WHERE ((c0."api_key" = $1) AND (c0."active" = $2)) ["", true]
13:17:19.993 [info] [Accounts] Checking database for API key: 
13:17:19.993 [debug] QUERY OK source="customers" db=0.1ms
SELECT c0."id", c0."name", c0."email", c0."api_key", c0."monthly_limit", c0."current_usage", c0."active", c0."subscription_status" = 'trial', c0."inserted_at" FROM "customers" AS c0 WHERE ((c0."api_key" = $1) AND (c0."active" = TRUE)) [""]
13:17:19.994 [info] [Accounts] No customer found in database for API key
.13:17:19.994 [debug] QUERY OK source="api_keys" db=0.3ms
SELECT a0."id", a0."key", a0."name", a0."permissions", a0."active", a0."last_used_at", a0."expires_at", a0."customer_id", a0."inserted_at", a0."updated_at" FROM "api_keys" AS a0 WHERE ((a0."key" = $1) AND (a0."active" = $2)) ["rsolv_test_abc123", true]
13:17:19.995 [debug] QUERY OK source="customers" db=0.3ms
SELECT c0."id", c0."name", c0."email", c0."api_key", c0."monthly_limit", c0."current_usage", c0."active", c0."metadata", c0."github_org", c0."plan", c0."user_id", c0."inserted_at", c0."updated_at" FROM "customers" AS c0 WHERE ((c0."api_key" = $1) AND (c0."active" = $2)) ["rsolv_test_abc123", true]
.13:17:19.995 [debug] QUERY OK source="api_keys" db=0.3ms
SELECT a0."id", a0."key", a0."name", a0."permissions", a0."active", a0."last_used_at", a0."expires_at", a0."customer_id", a0."inserted_at", a0."updated_at" FROM "api_keys" AS a0 WHERE ((a0."key" = $1) AND (a0."active" = $2)) ["rsolv_internal_a08e4f8ffb58ba44b2cb4d3b30f28e99", true]
13:17:19.996 [debug] QUERY OK source="customers" db=0.3ms
SELECT c0."id", c0."name", c0."email", c0."api_key", c0."monthly_limit", c0."current_usage", c0."active", c0."metadata", c0."github_org", c0."plan", c0."user_id", c0."inserted_at", c0."updated_at" FROM "customers" AS c0 WHERE ((c0."api_key" = $1) AND (c0."active" = $2)) ["rsolv_internal_a08e4f8ffb58ba44b2cb4d3b30f28e99", true]
13:17:19.996 [info] [Accounts] Checking database for API key: rsolv_internal_a08e4f8ffb58ba44b2cb4d3b30f28e99
13:17:19.996 [debug] QUERY OK source="customers" db=0.2ms
SELECT c0."id", c0."name", c0."email", c0."api_key", c0."monthly_limit", c0."current_usage", c0."active", c0."subscription_status" = 'trial', c0."inserted_at" FROM "customers" AS c0 WHERE ((c0."api_key" = $1) AND (c0."active" = TRUE)) ["rsolv_internal_a08e4f8ffb58ba44b2cb4d3b30f28e99"]
13:17:19.996 [info] [Accounts] No customer found in database for API key
13:17:19.996 [debug] QUERY OK source="api_keys" db=0.1ms
SELECT a0."id", a0."key", a0."name", a0."permissions", a0."active", a0."last_used_at", a0."expires_at", a0."customer_id", a0."inserted_at", a0."updated_at" FROM "api_keys" AS a0 WHERE ((a0."key" = $1) AND (a0."active" = $2)) ["rsolv_internal_1cbadb7c6436697f3cf0411576abe323", true]
13:17:19.997 [debug] QUERY OK source="customers" db=0.1ms
SELECT c0."id", c0."name", c0."email", c0."api_key", c0."monthly_limit", c0."current_usage", c0."active", c0."metadata", c0."github_org", c0."plan", c0."user_id", c0."inserted_at", c0."updated_at" FROM "customers" AS c0 WHERE ((c0."api_key" = $1) AND (c0."active" = $2)) ["rsolv_internal_1cbadb7c6436697f3cf0411576abe323", true]
13:17:19.997 [info] [Accounts] Checking database for API key: rsolv_internal_1cbadb7c6436697f3cf0411576abe323
13:17:19.997 [debug] QUERY OK source="customers" db=0.0ms
SELECT c0."id", c0."name", c0."email", c0."api_key", c0."monthly_limit", c0."current_usage", c0."active", c0."subscription_status" = 'trial', c0."inserted_at" FROM "customers" AS c0 WHERE ((c0."api_key" = $1) AND (c0."active" = TRUE)) ["rsolv_internal_1cbadb7c6436697f3cf0411576abe323"]
13:17:19.997 [info] [Accounts] No customer found in database for API key
13:17:19.997 [debug] QUERY OK source="api_keys" db=0.0ms
SELECT a0."id", a0."key", a0."name", a0."permissions", a0."active", a0."last_used_at", a0."expires_at", a0."customer_id", a0."inserted_at", a0."updated_at" FROM "api_keys" AS a0 WHERE ((a0."key" = $1) AND (a0."active" = $2)) ["rsolv_prod_demo_key", true]
13:17:19.997 [debug] QUERY OK source="customers" db=0.0ms
SELECT c0."id", c0."name", c0."email", c0."api_key", c0."monthly_limit", c0."current_usage", c0."active", c0."metadata", c0."github_org", c0."plan", c0."user_id", c0."inserted_at", c0."updated_at" FROM "customers" AS c0 WHERE ((c0."api_key" = $1) AND (c0."active" = $2)) ["rsolv_prod_demo_key", true]
13:17:19.997 [info] [Accounts] Checking database for API key: rsolv_prod_demo_key
13:17:19.997 [debug] QUERY OK source="customers" db=0.0ms
SELECT c0."id", c0."name", c0."email", c0."api_key", c0."monthly_limit", c0."current_usage", c0."active", c0."subscription_status" = 'trial', c0."inserted_at" FROM "customers" AS c0 WHERE ((c0."api_key" = $1) AND (c0."active" = TRUE)) ["rsolv_prod_demo_key"]
13:17:19.997 [info] [Accounts] No customer found in database for API key
13:17:19.997 [debug] QUERY OK source="api_keys" db=0.0ms
SELECT a0."id", a0."key", a0."name", a0."permissions", a0."active", a0."last_used_at", a0."expires_at", a0."customer_id", a0."inserted_at", a0."updated_at" FROM "api_keys" AS a0 WHERE ((a0."key" = $1) AND (a0."active" = $2)) ["rsolv_master_key_984c92f8c96d95167a2cf9bc8de288bb", true]
13:17:19.998 [debug] QUERY OK source="customers" db=0.1ms
SELECT c0."id", c0."name", c0."email", c0."api_key", c0."monthly_limit", c0."current_usage", c0."active", c0."metadata", c0."github_org", c0."plan", c0."user_id", c0."inserted_at", c0."updated_at" FROM "customers" AS c0 WHERE ((c0."api_key" = $1) AND (c0."active" = $2)) ["rsolv_master_key_984c92f8c96d95167a2cf9bc8de288bb", true]
13:17:19.998 [info] [Accounts] Checking database for API key: rsolv_master_key_984c92f8c96d95167a2cf9bc8de288bb
13:17:19.998 [debug] QUERY OK source="customers" db=0.0ms
SELECT c0."id", c0."name", c0."email", c0."api_key", c0."monthly_limit", c0."current_usage", c0."active", c0."subscription_status" = 'trial', c0."inserted_at" FROM "customers" AS c0 WHERE ((c0."api_key" = $1) AND (c0."active" = TRUE)) ["rsolv_master_key_984c92f8c96d95167a2cf9bc8de288bb"]
13:17:19.998 [info] [Accounts] No customer found in database for API key
.13:17:19.998 [debug] QUERY OK source="api_keys" db=0.3ms
SELECT a0."id", a0."key", a0."name", a0."permissions", a0."active", a0."last_used_at", a0."expires_at", a0."customer_id", a0."inserted_at", a0."updated_at" FROM "api_keys" AS a0 WHERE ((a0."key" = $1) AND (a0."active" = $2)) ["test_internal_key_123", true]
13:17:19.999 [debug] QUERY OK source="customers" db=0.3ms
SELECT c0."id", c0."name", c0."email", c0."api_key", c0."monthly_limit", c0."current_usage", c0."active", c0."metadata", c0."github_org", c0."plan", c0."user_id", c0."inserted_at", c0."updated_at" FROM "customers" AS c0 WHERE ((c0."api_key" = $1) AND (c0."active" = $2)) ["test_internal_key_123", true]
13:17:19.999 [debug] QUERY OK source="api_keys" db=0.1ms
SELECT a0."id", a0."key", a0."name", a0."permissions", a0."active", a0."last_used_at", a0."expires_at", a0."customer_id", a0."inserted_at", a0."updated_at" FROM "api_keys" AS a0 WHERE ((a0."key" = $1) AND (a0."active" = $2)) ["test_demo_key_456", true]
13:17:19.999 [debug] QUERY OK source="customers" db=0.1ms
SELECT c0."id", c0."name", c0."email", c0."api_key", c0."monthly_limit", c0."current_usage", c0."active", c0."metadata", c0."github_org", c0."plan", c0."user_id", c0."inserted_at", c0."updated_at" FROM "customers" AS c0 WHERE ((c0."api_key" = $1) AND (c0."active" = $2)) ["test_demo_key_456", true]
.13:17:20.000 request_id=GGBS7rzykJAvGQAAACIK [info] GET /
13:17:20.000 request_id=GGBS7rzykJAvGQAAACIK [debug] Processing with RsolvWeb.HomeLive.index/2
  Parameters: %{}
  Pipelines: [:browser]
13:17:20.000 request_id=GGBS7rzykJAvGQAAACIK [info] Analytics event tracked
13:17:20.000 request_id=GGBS7rzykJAvGQAAACIK [debug] QUERY OK db=0.2ms
SELECT create_analytics_partition_if_not_exists($1::date) [~D[2025-08-29]]
13:17:20.001 request_id=GGBS7rzykJAvGQAAACIK [debug] QUERY OK source="analytics_events" db=0.1ms
INSERT INTO "analytics_events" ("metadata","event_type","visitor_id","page_path","inserted_at","updated_at") VALUES ($1,$2,$3,$4,$5,$6) RETURNING "id" [%{}, "page_view", "e5412fdc476ae9bb5a494a8c00e3a59f", "/", ~N[2025-08-29 19:17:20], ~N[2025-08-29 19:17:20]]
13:17:20.001 request_id=GGBS7rzykJAvGQAAACIK [debug] QUERY OK source="fun_with_flags_toggles" db=0.0ms
SELECT f0."id", f0."flag_name", f0."gate_type", f0."target", f0."enabled" FROM "fun_with_flags_toggles" AS f0 WHERE (f0."flag_name" = $1) ["blog"]
13:17:20.001 request_id=GGBS7rzykJAvGQAAACIK [debug] Telemetry event: [:fun_with_flags, :persistence, :read], metadata: %{flag_name: :blog, gate: nil}, measurements: %{system_time: 1756495040001301926}
13:17:20.001 request_id=GGBS7rzykJAvGQAAACIK [info] ROI Calculator LiveComponent mounting...
13:17:20.001 request_id=GGBS7rzykJAvGQAAACIK [info] ROI Calculator LiveComponent mounted
13:17:20.001 request_id=GGBS7rzykJAvGQAAACIK [info] Sent 200 in 1ms
13:17:20.004 [debug] MOUNT RsolvWeb.HomeLive
  Parameters: %{}
  Session: %{"_csrf_token" => "FaZn2fCntZrwN_y9D00lBJlg"}
13:17:20.005 [info] Analytics event tracked
13:17:20.005 [debug] QUERY OK db=0.1ms queue=0.1ms
SELECT create_analytics_partition_if_not_exists($1::date) [~D[2025-08-29]]
13:17:20.005 [debug] QUERY OK source="analytics_events" db=0.1ms
INSERT INTO "analytics_events" ("metadata","event_type","visitor_id","page_path","inserted_at","updated_at") VALUES ($1,$2,$3,$4,$5,$6) RETURNING "id" [%{}, "page_view", "0c99399068450a2b4b510752e53b095f", "/", ~N[2025-08-29 19:17:20], ~N[2025-08-29 19:17:20]]
13:17:20.005 [debug] Replied in 640µs
13:17:20.005 [debug] QUERY OK source="fun_with_flags_toggles" db=0.0ms
SELECT f0."id", f0."flag_name", f0."gate_type", f0."target", f0."enabled" FROM "fun_with_flags_toggles" AS f0 WHERE (f0."flag_name" = $1) ["blog"]
13:17:20.005 [debug] Telemetry event: [:fun_with_flags, :persistence, :read], metadata: %{flag_name: :blog, gate: nil}, measurements: %{system_time: 1756495040005798414}
13:17:20.005 [info] ROI Calculator LiveComponent mounting...
13:17:20.005 [info] ROI Calculator LiveComponent mounted
13:17:20.009 [debug] HANDLE EVENT "validate" in RsolvWeb.HomeLive
  Parameters: %{"signup" => %{"company" => "", "email" => "invalid-email"}}
13:17:20.009 [debug] Replied in 41µs
13:17:20.009 [debug] QUERY OK source="fun_with_flags_toggles" db=0.0ms
SELECT f0."id", f0."flag_name", f0."gate_type", f0."target", f0."enabled" FROM "fun_with_flags_toggles" AS f0 WHERE (f0."flag_name" = $1) ["blog"]
13:17:20.009 [debug] Telemetry event: [:fun_with_flags, :persistence, :read], metadata: %{flag_name: :blog, gate: nil}, measurements: %{system_time: 1756495040009949963}
.13:17:20.012 request_id=GGBS7r2uu3D-eRIAACyR [info] GET /
13:17:20.012 request_id=GGBS7r2uu3D-eRIAACyR [debug] Processing with RsolvWeb.HomeLive.index/2
  Parameters: %{}
  Pipelines: [:browser]
13:17:20.012 request_id=GGBS7r2uu3D-eRIAACyR [info] Analytics event tracked
13:17:20.012 request_id=GGBS7r2uu3D-eRIAACyR [debug] QUERY OK db=0.0ms
SELECT create_analytics_partition_if_not_exists($1::date) [~D[2025-08-29]]
13:17:20.012 request_id=GGBS7r2uu3D-eRIAACyR [debug] QUERY OK source="analytics_events" db=0.0ms
INSERT INTO "analytics_events" ("metadata","event_type","visitor_id","page_path","inserted_at","updated_at") VALUES ($1,$2,$3,$4,$5,$6) RETURNING "id" [%{}, "page_view", "73a38d597e747fb4a603862b18aaea1a", "/", ~N[2025-08-29 19:17:20], ~N[2025-08-29 19:17:20]]
13:17:20.013 request_id=GGBS7r2uu3D-eRIAACyR [debug] QUERY OK source="fun_with_flags_toggles" db=0.0ms
SELECT f0."id", f0."flag_name", f0."gate_type", f0."target", f0."enabled" FROM "fun_with_flags_toggles" AS f0 WHERE (f0."flag_name" = $1) ["blog"]
13:17:20.013 request_id=GGBS7r2uu3D-eRIAACyR [debug] Telemetry event: [:fun_with_flags, :persistence, :read], metadata: %{flag_name: :blog, gate: nil}, measurements: %{system_time: 1756495040013120012}
13:17:20.013 request_id=GGBS7r2uu3D-eRIAACyR [info] ROI Calculator LiveComponent mounting...
13:17:20.013 request_id=GGBS7r2uu3D-eRIAACyR [info] ROI Calculator LiveComponent mounted
13:17:20.013 request_id=GGBS7r2uu3D-eRIAACyR [info] Sent 200 in 738µs
13:17:20.015 [debug] MOUNT RsolvWeb.HomeLive
  Parameters: %{}
  Session: %{"_csrf_token" => "AQoS4-1CSUCH83waEgbWpm-2"}
13:17:20.015 [info] Analytics event tracked
13:17:20.015 [debug] QUERY OK db=0.0ms
SELECT create_analytics_partition_if_not_exists($1::date) [~D[2025-08-29]]
13:17:20.015 [debug] QUERY OK source="analytics_events" db=0.1ms
INSERT INTO "analytics_events" ("metadata","event_type","visitor_id","page_path","inserted_at","updated_at") VALUES ($1,$2,$3,$4,$5,$6) RETURNING "id" [%{}, "page_view", "dd20b525c324ce6fcb37fc21c0d7c610", "/", ~N[2025-08-29 19:17:20], ~N[2025-08-29 19:17:20]]
13:17:20.015 [debug] Replied in 476µs
13:17:20.016 [debug] QUERY OK source="fun_with_flags_toggles" db=0.1ms
SELECT f0."id", f0."flag_name", f0."gate_type", f0."target", f0."enabled" FROM "fun_with_flags_toggles" AS f0 WHERE (f0."flag_name" = $1) ["blog"]
13:17:20.016 [debug] Telemetry event: [:fun_with_flags, :persistence, :read], metadata: %{flag_name: :blog, gate: nil}, measurements: %{system_time: 1756495040016081805}
13:17:20.016 [info] ROI Calculator LiveComponent mounting...
13:17:20.016 [info] ROI Calculator LiveComponent mounted
.13:17:20.018 request_id=GGBS7r4QLG7J_EYAAE4B [info] GET /
13:17:20.018 request_id=GGBS7r4QLG7J_EYAAE4B [debug] Processing with RsolvWeb.HomeLive.index/2
  Parameters: %{}
  Pipelines: [:browser]
13:17:20.019 request_id=GGBS7r4QLG7J_EYAAE4B [info] Analytics event tracked
13:17:20.019 request_id=GGBS7r4QLG7J_EYAAE4B [debug] QUERY OK db=0.1ms
SELECT create_analytics_partition_if_not_exists($1::date) [~D[2025-08-29]]
13:17:20.019 request_id=GGBS7r4QLG7J_EYAAE4B [debug] QUERY OK source="analytics_events" db=0.0ms
INSERT INTO "analytics_events" ("metadata","event_type","visitor_id","page_path","inserted_at","updated_at") VALUES ($1,$2,$3,$4,$5,$6) RETURNING "id" [%{}, "page_view", "694e261e30cf4dcfcc6f681a6e591666", "/", ~N[2025-08-29 19:17:20], ~N[2025-08-29 19:17:20]]
13:17:20.019 request_id=GGBS7r4QLG7J_EYAAE4B [debug] QUERY OK source="fun_with_flags_toggles" db=0.0ms
SELECT f0."id", f0."flag_name", f0."gate_type", f0."target", f0."enabled" FROM "fun_with_flags_toggles" AS f0 WHERE (f0."flag_name" = $1) ["blog"]
13:17:20.019 request_id=GGBS7r4QLG7J_EYAAE4B [debug] Telemetry event: [:fun_with_flags, :persistence, :read], metadata: %{flag_name: :blog, gate: nil}, measurements: %{system_time: 1756495040019496423}
13:17:20.019 request_id=GGBS7r4QLG7J_EYAAE4B [info] ROI Calculator LiveComponent mounting...
13:17:20.019 request_id=GGBS7r4QLG7J_EYAAE4B [info] ROI Calculator LiveComponent mounted
13:17:20.019 request_id=GGBS7r4QLG7J_EYAAE4B [info] Sent 200 in 727µs
13:17:20.021 [debug] MOUNT RsolvWeb.HomeLive
  Parameters: %{}
  Session: %{"_csrf_token" => "TzKdmVqYnmK4ZJpWOYiq4did"}
13:17:20.021 [info] Analytics event tracked
13:17:20.021 [debug] QUERY OK db=0.0ms
SELECT create_analytics_partition_if_not_exists($1::date) [~D[2025-08-29]]
13:17:20.021 [debug] QUERY OK source="analytics_events" db=0.0ms
INSERT INTO "analytics_events" ("metadata","event_type","visitor_id","page_path","inserted_at","updated_at") VALUES ($1,$2,$3,$4,$5,$6) RETURNING "id" [%{}, "page_view", "cdb6b26734917c0c726bd8fd0167992e", "/", ~N[2025-08-29 19:17:20], ~N[2025-08-29 19:17:20]]
13:17:20.021 [debug] Replied in 350µs
13:17:20.022 [debug] QUERY OK source="fun_with_flags_toggles" db=0.0ms
SELECT f0."id", f0."flag_name", f0."gate_type", f0."target", f0."enabled" FROM "fun_with_flags_toggles" AS f0 WHERE (f0."flag_name" = $1) ["blog"]
13:17:20.022 [debug] Telemetry event: [:fun_with_flags, :persistence, :read], metadata: %{flag_name: :blog, gate: nil}, measurements: %{system_time: 1756495040022020805}
13:17:20.022 [info] ROI Calculator LiveComponent mounting...
13:17:20.022 [info] ROI Calculator LiveComponent mounted
.13:17:20.026 request_id=GGBS7r6JhtD3ix8AAE8B [info] GET /
13:17:20.026 request_id=GGBS7r6JhtD3ix8AAE8B [debug] Processing with RsolvWeb.HomeLive.index/2
  Parameters: %{}
  Pipelines: [:browser]
13:17:20.026 request_id=GGBS7r6JhtD3ix8AAE8B [info] Analytics event tracked
13:17:20.027 request_id=GGBS7r6JhtD3ix8AAE8B [debug] QUERY OK db=0.2ms queue=0.1ms
SELECT create_analytics_partition_if_not_exists($1::date) [~D[2025-08-29]]
13:17:20.027 request_id=GGBS7r6JhtD3ix8AAE8B [debug] QUERY OK source="analytics_events" db=0.0ms
INSERT INTO "analytics_events" ("metadata","event_type","visitor_id","page_path","inserted_at","updated_at") VALUES ($1,$2,$3,$4,$5,$6) RETURNING "id" [%{}, "page_view", "a9e5e4bd8401bff40f7fae299dee2de7", "/", ~N[2025-08-29 19:17:20], ~N[2025-08-29 19:17:20]]
13:17:20.027 request_id=GGBS7r6JhtD3ix8AAE8B [debug] QUERY OK source="fun_with_flags_toggles" db=0.0ms
SELECT f0."id", f0."flag_name", f0."gate_type", f0."target", f0."enabled" FROM "fun_with_flags_toggles" AS f0 WHERE (f0."flag_name" = $1) ["blog"]
13:17:20.027 request_id=GGBS7r6JhtD3ix8AAE8B [debug] Telemetry event: [:fun_with_flags, :persistence, :read], metadata: %{flag_name: :blog, gate: nil}, measurements: %{system_time: 1756495040027636734}
13:17:20.027 request_id=GGBS7r6JhtD3ix8AAE8B [info] ROI Calculator LiveComponent mounting...
13:17:20.027 request_id=GGBS7r6JhtD3ix8AAE8B [info] ROI Calculator LiveComponent mounted
13:17:20.027 request_id=GGBS7r6JhtD3ix8AAE8B [info] Sent 200 in 916µs
13:17:20.029 [debug] MOUNT RsolvWeb.HomeLive
  Parameters: %{}
  Session: %{"_csrf_token" => "6sCAmsID8zhJqb0FXyL0Y3y6"}
13:17:20.029 [info] Analytics event tracked
13:17:20.029 [debug] QUERY OK db=0.0ms
SELECT create_analytics_partition_if_not_exists($1::date) [~D[2025-08-29]]
13:17:20.029 [debug] QUERY OK source="analytics_events" db=0.0ms
INSERT INTO "analytics_events" ("metadata","event_type","visitor_id","page_path","inserted_at","updated_at") VALUES ($1,$2,$3,$4,$5,$6) RETURNING "id" [%{}, "page_view", "5f1bf5bb4b99134ff78558bc4eacd6d2", "/", ~N[2025-08-29 19:17:20], ~N[2025-08-29 19:17:20]]
13:17:20.029 [debug] Replied in 354µs
13:17:20.030 [debug] QUERY OK source="fun_with_flags_toggles" db=0.0ms
SELECT f0."id", f0."flag_name", f0."gate_type", f0."target", f0."enabled" FROM "fun_with_flags_toggles" AS f0 WHERE (f0."flag_name" = $1) ["blog"]
13:17:20.030 [debug] Telemetry event: [:fun_with_flags, :persistence, :read], metadata: %{flag_name: :blog, gate: nil}, measurements: %{system_time: 1756495040030061473}
13:17:20.030 [info] ROI Calculator LiveComponent mounting...
13:17:20.030 [info] ROI Calculator LiveComponent mounted
.13:17:20.032 request_id=GGBS7r7jJXf-KWYAACoM [info] GET /
13:17:20.032 request_id=GGBS7r7jJXf-KWYAACoM [debug] Processing with RsolvWeb.HomeLive.index/2
  Parameters: %{}
  Pipelines: [:browser]
13:17:20.032 request_id=GGBS7r7jJXf-KWYAACoM [info] Analytics event tracked
13:17:20.033 request_id=GGBS7r7jJXf-KWYAACoM [debug] QUERY OK db=0.1ms
SELECT create_analytics_partition_if_not_exists($1::date) [~D[2025-08-29]]
13:17:20.033 request_id=GGBS7r7jJXf-KWYAACoM [debug] QUERY OK source="analytics_events" db=0.0ms
INSERT INTO "analytics_events" ("metadata","event_type","visitor_id","page_path","inserted_at","updated_at") VALUES ($1,$2,$3,$4,$5,$6) RETURNING "id" [%{}, "page_view", "be2015892f5710f3b695c4be00109ce2", "/", ~N[2025-08-29 19:17:20], ~N[2025-08-29 19:17:20]]
13:17:20.033 request_id=GGBS7r7jJXf-KWYAACoM [debug] QUERY OK source="fun_with_flags_toggles" db=0.0ms
SELECT f0."id", f0."flag_name", f0."gate_type", f0."target", f0."enabled" FROM "fun_with_flags_toggles" AS f0 WHERE (f0."flag_name" = $1) ["blog"]
13:17:20.033 request_id=GGBS7r7jJXf-KWYAACoM [debug] Telemetry event: [:fun_with_flags, :persistence, :read], metadata: %{flag_name: :blog, gate: nil}, measurements: %{system_time: 1756495040033357241}
13:17:20.033 request_id=GGBS7r7jJXf-KWYAACoM [info] ROI Calculator LiveComponent mounting...
13:17:20.033 request_id=GGBS7r7jJXf-KWYAACoM [info] ROI Calculator LiveComponent mounted
13:17:20.033 request_id=GGBS7r7jJXf-KWYAACoM [info] Sent 200 in 757µs
13:17:20.035 [debug] MOUNT RsolvWeb.HomeLive
  Parameters: %{}
  Session: %{"_csrf_token" => "zpJCt0hSE79mb_LbAXsXujhl"}
13:17:20.035 [info] Analytics event tracked
13:17:20.035 [debug] QUERY OK db=0.1ms
SELECT create_analytics_partition_if_not_exists($1::date) [~D[2025-08-29]]
13:17:20.035 [debug] QUERY OK source="analytics_events" db=0.1ms
INSERT INTO "analytics_events" ("metadata","event_type","visitor_id","page_path","inserted_at","updated_at") VALUES ($1,$2,$3,$4,$5,$6) RETURNING "id" [%{}, "page_view", "73c875f466ae295d91f76d371769164b", "/", ~N[2025-08-29 19:17:20], ~N[2025-08-29 19:17:20]]
13:17:20.035 [debug] Replied in 587µs
13:17:20.036 [debug] QUERY OK source="fun_with_flags_toggles" db=0.0ms
SELECT f0."id", f0."flag_name", f0."gate_type", f0."target", f0."enabled" FROM "fun_with_flags_toggles" AS f0 WHERE (f0."flag_name" = $1) ["blog"]
13:17:20.036 [debug] Telemetry event: [:fun_with_flags, :persistence, :read], metadata: %{flag_name: :blog, gate: nil}, measurements: %{system_time: 1756495040036054258}
13:17:20.036 [info] ROI Calculator LiveComponent mounting...
13:17:20.036 [info] ROI Calculator LiveComponent mounted
.13:17:20.040 request_id=GGBS7r9VG185gX8AACsM [info] GET /
13:17:20.040 request_id=GGBS7r9VG185gX8AACsM [debug] Processing with RsolvWeb.HomeLive.index/2
  Parameters: %{}
  Pipelines: [:browser]
13:17:20.040 request_id=GGBS7r9VG185gX8AACsM [info] Analytics event tracked
13:17:20.040 request_id=GGBS7r9VG185gX8AACsM [debug] QUERY OK db=0.1ms queue=0.1ms
SELECT create_analytics_partition_if_not_exists($1::date) [~D[2025-08-29]]
13:17:20.040 request_id=GGBS7r9VG185gX8AACsM [debug] QUERY OK source="analytics_events" db=0.0ms
INSERT INTO "analytics_events" ("metadata","event_type","visitor_id","page_path","inserted_at","updated_at") VALUES ($1,$2,$3,$4,$5,$6) RETURNING "id" [%{}, "page_view", "f76a94151970e0a571f98775f2d20893", "/", ~N[2025-08-29 19:17:20], ~N[2025-08-29 19:17:20]]
13:17:20.040 request_id=GGBS7r9VG185gX8AACsM [debug] QUERY OK source="fun_with_flags_toggles" db=0.0ms
SELECT f0."id", f0."flag_name", f0."gate_type", f0."target", f0."enabled" FROM "fun_with_flags_toggles" AS f0 WHERE (f0."flag_name" = $1) ["blog"]
13:17:20.040 request_id=GGBS7r9VG185gX8AACsM [debug] Telemetry event: [:fun_with_flags, :persistence, :read], metadata: %{flag_name: :blog, gate: nil}, measurements: %{system_time: 1756495040040907342}
13:17:20.040 request_id=GGBS7r9VG185gX8AACsM [info] ROI Calculator LiveComponent mounting...
13:17:20.040 request_id=GGBS7r9VG185gX8AACsM [info] ROI Calculator LiveComponent mounted
13:17:20.041 request_id=GGBS7r9VG185gX8AACsM [info] Sent 200 in 864µs
13:17:20.042 [debug] MOUNT RsolvWeb.HomeLive
  Parameters: %{}
  Session: %{"_csrf_token" => "etwXTk_mBK2fV-zUxxZzIHZz"}
13:17:20.042 [info] Analytics event tracked
13:17:20.043 [debug] QUERY OK db=0.1ms
SELECT create_analytics_partition_if_not_exists($1::date) [~D[2025-08-29]]
13:17:20.043 [debug] QUERY OK source="analytics_events" db=0.1ms
INSERT INTO "analytics_events" ("metadata","event_type","visitor_id","page_path","inserted_at","updated_at") VALUES ($1,$2,$3,$4,$5,$6) RETURNING "id" [%{}, "page_view", "449cf7e946b9de71eab7dd670b460262", "/", ~N[2025-08-29 19:17:20], ~N[2025-08-29 19:17:20]]
13:17:20.043 [debug] Replied in 546µs
13:17:20.043 [debug] QUERY OK source="fun_with_flags_toggles" db=0.2ms
SELECT f0."id", f0."flag_name", f0."gate_type", f0."target", f0."enabled" FROM "fun_with_flags_toggles" AS f0 WHERE (f0."flag_name" = $1) ["blog"]
13:17:20.043 [debug] Telemetry event: [:fun_with_flags, :persistence, :read], metadata: %{flag_name: :blog, gate: nil}, measurements: %{system_time: 1756495040043715063}
13:17:20.043 [info] ROI Calculator LiveComponent mounting...
13:17:20.043 [info] ROI Calculator LiveComponent mounted
13:17:20.046 [debug] HANDLE EVENT "submit" in RsolvWeb.HomeLive
  Parameters: %{"signup" => %{"company" => "", "email" => "test@company.com"}}
13:17:20.046 [debug] QUERY OK source="fun_with_flags_toggles" db=0.1ms
SELECT f0."id", f0."flag_name", f0."gate_type", f0."target", f0."enabled" FROM "fun_with_flags_toggles" AS f0 WHERE (f0."flag_name" = $1) ["early_access_signup"]
13:17:20.046 [debug] Telemetry event: [:fun_with_flags, :persistence, :read], metadata: %{flag_name: :early_access_signup, gate: nil}, measurements: %{system_time: 1756495040046472814}
13:17:20.046 [info] Analytics event tracked
13:17:20.046 [debug] QUERY OK db=0.2ms queue=0.1ms
SELECT create_analytics_partition_if_not_exists($1::date) [~D[2025-08-29]]
13:17:20.047 [debug] QUERY OK source="analytics_events" db=0.1ms
INSERT INTO "analytics_events" ("metadata","event_type","visitor_id","page_path","inserted_at","updated_at") VALUES ($1,$2,$3,$4,$5,$6) RETURNING "id" [%{status: "submit", form_id: "early-access"}, "form_submit", "2b2ec3104665c02afc4a41ccd9b15521", "/", ~N[2025-08-29 19:17:20], ~N[2025-08-29 19:17:20]]
13:17:20.047 [info] LiveView form submission received
13:17:20.047 [debug] QUERY OK source="early_access_signups" db=0.0ms queue=0.1ms
INSERT INTO "early_access_signups" ("email","inserted_at") VALUES ($1,$2) RETURNING "id" ["test@company.com", ~N[2025-08-29 19:17:20]]
13:17:20.047 [debug] QUERY OK source="early_access_signups" db=0.0ms
SELECT count(e0."id") FROM "early_access_signups" AS e0 []
13:17:20.047 [info] Successfully saved signup to database: test@company.com
13:17:20.047 [info] ConvertKit API key present: true
13:17:20.047 [info] ConvertKit API request successful
13:17:20.047 [info] ConvertKit: Successfully added subscriber
13:17:20.047 [info] Analytics event tracked
13:17:20.048 [debug] QUERY OK db=0.0ms queue=0.1ms
SELECT create_analytics_partition_if_not_exists($1::date) [~D[2025-08-29]]
13:17:20.048 [debug] QUERY OK source="analytics_events" db=0.1ms
INSERT INTO "analytics_events" ("metadata","event_type","visitor_id","page_path","inserted_at","updated_at") VALUES ($1,$2,$3,$4,$5,$6) RETURNING "id" [%{status: "success", source: "landing_page_liveview", form_id: "early-access", conversion_type: "early_access_signup", email_domain: "company.com"}, "form_success", "2b2ec3104665c02afc4a41ccd9b15521", "/", ~N[2025-08-29 19:17:20], ~N[2025-08-29 19:17:20]]
13:17:20.048 [info] Analytics event tracked
13:17:20.048 [debug] QUERY OK db=0.0ms
SELECT create_analytics_partition_if_not_exists($1::date) [~D[2025-08-29]]
13:17:20.048 [debug] QUERY OK source="analytics_events" db=0.0ms
INSERT INTO "analytics_events" ("metadata","event_type","visitor_id","page_path","inserted_at","updated_at") VALUES ($1,$2,$3,$4,$5,$6) RETURNING "id" [%{source: "landing_page_liveview", form_id: "early-access", conversion_type: "early_access_signup", email_domain: "company.com"}, "conversion", "2b2ec3104665c02afc4a41ccd9b15521", "/", ~N[2025-08-29 19:17:20], ~N[2025-08-29 19:17:20]]
13:17:20.048 [debug] QUERY OK source="fun_with_flags_toggles" db=0.0ms
SELECT f0."id", f0."flag_name", f0."gate_type", f0."target", f0."enabled" FROM "fun_with_flags_toggles" AS f0 WHERE (f0."flag_name" = $1) ["welcome_email_sequence"]
13:17:20.048 [debug] Telemetry event: [:fun_with_flags, :persistence, :read], metadata: %{flag_name: :welcome_email_sequence, gate: nil}, measurements: %{system_time: 1756495040048671888}
13:17:20.048 [info] [EMAIL SEQUENCE] Starting early access onboarding sequence
13:17:20.048 [info] [EMAIL SEQUENCE] About to call EmailService.send_early_access_welcome_email
13:17:20.048 [info] [EMAIL] send_early_access_welcome_email called
13:17:20.048 [info] [EMAIL DEBUG] Full email struct before sending
13:17:20.048 [info] [EMAIL DEBUG] Extracted recipient email
13:17:20.048 [info] [EMAIL DEBUG] Postmark configuration
13:17:20.048 [info] [EMAIL DEBUG] Email configuration
13:17:20.048 [info] [EMAIL] Attempting to send email via Postmark
13:17:20.048 [debug] Sending email with Bamboo.TestAdapter:

%Bamboo.Email{from: {"RSOLV Team", "support@rsolv.dev"}, to: [nil: "test@company.com"], cc: [], bcc: [], subject: "Welcome to RSOLV Early Access Program", html_body: "<div style=\"font-family: 'Helvetica Neue', Helvetica, Arial, sans-serif; max-width: 600px; margin: 0 auto; padding: 20px;\">\n  <h1 style=\"color: #2C3E50; margin-bottom: 20px;\">Welcome to RSOLV Early Access Program!</h1>\n\n  <p>Hi Test,</p>\n\n  <p>Thank you for joining our Early Access Program! You're now part of an exclusive group getting first access to RSOLV.</p>\n\n  <p>Here's what you need to know:</p>\n\n  <ul>\n    <li>You have full access to all current features</li>\n    <li>Your feedback is incredibly valuable to us during this phase</li>\n    <li>You'll receive priority support via email</li>\n  </ul>\n\n  <p>To get started with RSOLV:</p>\n\n  <ol>\n    <li><strong>Your API key will be sent in a follow-up email within 24 hours</strong></li>\n    <li>Once you receive your API key, install our GitHub Action (code below)</li>\n    <li>Set up your repository secrets with your API key</li>\n    <li>Tag your first issues with \"rsolv:automate\"</li>\n  </ol>\n\n  <div style=\"background-color: #fff3cd; border: 1px solid #ffeaa7; color: #856404; padding: 10px; border-radius: 5px; margin: 15px 0;\">\n    <strong>⏳ API Key Coming Soon:</strong> We'll send your personal API key within 24 hours. Look for an email with subject \"Your RSOLV API Key\".\n  </div>\n\n  <div style=\"background-color: #f8f9fa; padding: 15px; border-radius: 5px; margin: 20px 0;\">\n    <pre style=\"margin: 0; overflow-x: auto; white-space: pre-wrap; font-family: monospace;\">name: RSOLV AutoFix\non:\n  issues:\n    types: [opened, edited, labeled]\n\njobs:\n  autofix:\n    runs-on: ubuntu-latest\n    if: contains(github.event.issue.labels.*.name, 'rsolv:automate')\n    steps:\n      - uses: RSOLV-dev/rsolv-action@v1\n        with:\n          github-token: ${{ secrets.GITHUB_TOKEN }}\n          rsolv-api-key: ${{ secrets.RSOLV_API_KEY }}</pre>\n  </div>\n\n  <p>Need help? As an Early Access member, you have priority support - contact us at <a href=\"mailto:support@rsolv.dev\">support@rsolv.dev</a> and we'll personally assist you.</p>\n\n  <p>Your trial includes unlimited automated fixes during the Early Access period.</p>\n\n  <div style=\"margin-top: 30px; padding: 15px; border: 1px solid #e0e0e0; border-radius: 5px; background-color: #f9f9f9;\">\n    <h3 style=\"margin-top: 0; color: #2C3E50;\">Early Access Program Benefits</h3>\n    <ul>\n      <li>Unlimited usage during Early Access</li>\n      <li>Priority support and feature requests</li>\n      <li>Exclusive pricing when we launch</li>\n      <li>Direct access to our development team</li>\n    </ul>\n  </div>\n\n  <p>Best,<br>The RSOLV Team</p>\n\n  <div class=\"footer\" style=\"margin-top: 40px; padding-top: 20px; border-top: 1px solid #e0e0e0; font-size: 0.9em; color: #666;\">\n    <p>\n      You're receiving this email because you joined the RSOLV Early Access Program.\n      <br>\n      If you have any questions, simply reply to this email.\n    </p>\n    <p>\n      RSOLV, Inc. • support@rsolv.dev • © 2025\n    </p>\n    <p>\n      <a href=\"https://rsolv.dev/unsubscribe?email=test@company.com\">Unsubscribe</a> from these emails.\n    </p>\n  </div>\n</div>\n", text_body: "Welcome to RSOLV Early Access Program!\n\nHi Test,\n\nThank you for joining our Early Access Program! You're now part of an exclusive group getting first access to RSOLV.\n\nHere's what you need to know:\n- You have full access to all current features\n- Your feedback is incredibly valuable to us during this phase\n- You'll receive priority support via email\n\nTo get started with RSOLV:\n1. Your API key will be sent in a follow-up email within 24 hours\n2. Once you receive your API key, install our GitHub Action\n3. Set up your repository secrets with your API key\n4. Tag your first issues with \"AUTOFIX\"\n\n⏳ API KEY COMING SOON: We'll send your personal API key within 24 hours. Look for an email with subject \"Your RSOLV API Key\".\n\nNeed help? As an Early Access member, you have priority support - contact us at support@rsolv.dev and we'll personally assist you.\n\nYour trial includes unlimited automated fixes during the Early Access period.\n\nEARLY ACCESS PROGRAM BENEFITS:\n* Unlimited usage during Early Access\n* Priority support and feature requests\n* Exclusive pricing when we launch\n* Direct access to our development team\n\nBest,\nThe RSOLV Team\n\n---\nYou're receiving this email because you joined the RSOLV Early Access Program.\nIf you have any questions, simply reply to this email.\n\nRSOLV, Inc. • support@rsolv.dev\n\nTo unsubscribe, visit: https://rsolv.dev/unsubscribe?email=test@company.com\n", headers: %{"X-Postmark-Tag" => "early-access"}, attachments: [], assigns: %{}, private: %{tag: "early-access"}, blocked: false}

13:17:20.049 [info] [EMAIL DEBUG] Raw Postmark response
13:17:20.049 [info] [EMAIL] Email sent successfully via Postmark
13:17:20.049 [info] [EMAIL SEQUENCE] EmailService.send_early_access_welcome_email returned
13:17:20.049 [info] Attempting to tag subscriber
13:17:20.049 [info] ConvertKit: Attempting to tag test@company.com with tag 7700607
13:17:20.049 [info] ConvertKit: Successfully tagged test@company.com
13:17:20.049 [info] [EmailWorker] schedule_sequence called
13:17:20.049 [info] [EmailWorker] Found sequence
13:17:20.049 [info] [EmailWorker] Processing email config
13:17:20.049 [info] [EmailWorker] Skipping immediate email
13:17:20.049 [info] [EmailWorker] Processing email config
13:17:20.049 [info] [EmailWorker] Scheduling email
13:17:20.049 [info] [EmailWorker] Creating Oban job
13:17:20.049 [info] [EmailWorker] Job created
13:17:20.049 [info] Processing scheduled email
13:17:20.049 [error] Failed to send scheduled email
13:17:20.049 [info] [EmailWorker] Insert result
13:17:20.049 [info] [EmailWorker] Schedule result
13:17:20.049 [info] [EmailWorker] Processing email config
13:17:20.049 [info] [EmailWorker] Scheduling email
13:17:20.049 [info] [EmailWorker] Creating Oban job
13:17:20.049 [info] [EmailWorker] Job created
13:17:20.049 [info] Processing scheduled email
13:17:20.049 [info] [EMAIL DEBUG] Full email struct before sending
13:17:20.049 [info] [EMAIL DEBUG] Extracted recipient email
13:17:20.049 [info] [EMAIL DEBUG] Postmark configuration
13:17:20.049 [info] [EMAIL DEBUG] Email configuration
13:17:20.049 [info] [EMAIL] Attempting to send email via Postmark
13:17:20.049 [debug] Sending email with Bamboo.TestAdapter:

%Bamboo.Email{from: {"RSOLV Team", "support@rsolv.dev"}, to: [nil: "test@company.com"], cc: [], bcc: [], subject: "Verify Your RSOLV Setup - Need Any Help?", html_body: "<!DOCTYPE html>\n<html lang=\"en\">\n<head>\n  <meta charset=\"UTF-8\">\n  <meta name=\"viewport\" content=\"width=device-width, initial-scale=1.0\">\n  <title>Verify Your RSOLV Setup</title>\n  <style>\n    @import url('https://fonts.googleapis.com/css2?family=Space+Grotesk:wght@300;400;500;700&display=swap');\n    \n    body {\n      font-family: 'Space Grotesk', -apple-system, BlinkMacSystemFont, \"Segoe UI\", Roboto, Helvetica, Arial, sans-serif;\n      line-height: 1.6;\n      color: #333;\n      max-width: 600px;\n      margin: 0 auto;\n      padding: 20px;\n      background-color: #f8f9fa;\n    }\n    .container {\n      background-color: #ffffff;\n      border-radius: 8px;\n      padding: 30px;\n      box-shadow: 0 4px 6px rgba(0, 0, 0, 0.05);\n    }\n    .logo {\n      text-align: center;\n      margin-bottom: 30px;\n    }\n    .logo img {\n      max-width: 200px;\n    }\n    h1, h2, h3 {\n      color: #10b981;\n    }\n    .checklist {\n      background-color: #f3f4f6;\n      padding: 20px;\n      border-radius: 8px;\n      margin: 20px 0;\n    }\n    .checklist-item {\n      display: flex;\n      align-items: center;\n      margin-bottom: 15px;\n    }\n    .checklist-item input[type=\"checkbox\"] {\n      margin-right: 10px;\n    }\n    .status-box {\n      background-color: #fff3cd;\n      border: 1px solid #ffeaa7;\n      padding: 15px;\n      border-radius: 8px;\n      margin: 20px 0;\n    }\n    .success-box {\n      background-color: #d4edda;\n      border: 1px solid #c3e6cb;\n      padding: 15px;\n      border-radius: 8px;\n      margin: 20px 0;\n    }\n    .code {\n      background-color: #2d3748;\n      color: #e2e8f0;\n      padding: 15px;\n      border-radius: 5px;\n      font-family: 'Courier New', monospace;\n      overflow-x: auto;\n      margin: 15px 0;\n    }\n    .cta {\n      background-color: #10b981;\n      color: white;\n      padding: 12px 24px;\n      border-radius: 5px;\n      display: inline-block;\n      text-decoration: none;\n      font-weight: bold;\n      margin: 20px 0;\n    }\n    .footer {\n      margin-top: 40px;\n      font-size: 14px;\n      color: #6b7280;\n      border-top: 1px solid #e5e7eb;\n      padding-top: 20px;\n      text-align: center;\n    }\n  </style>\n</head>\n<body>\n  <div class=\"container\">\n    <div class=\"logo\">\n      <img src=\"https://rsolv.dev/images/rsolv_logo_transparent.png\" alt=\"RSOLV Logo\">\n    </div>\n    \n    <h1>Let's Verify Your RSOLV Setup</h1>\n    \n    <p>Hi {@first_name},</p>\n    \n    <p>It's been a few days since you signed up for RSOLV. We want to make sure you're all set up and ready to benefit from automated security scanning and remediation!</p>\n    \n    <div class=\"checklist\">\n      <h3>Quick Setup Checklist:</h3>\n      <div class=\"checklist-item\">\n        <input type=\"checkbox\" disabled> Connected your repositories for security scanning\n      </div>\n      <div class=\"checklist-item\">\n        <input type=\"checkbox\" disabled> Added the GitHub Action workflow for automated fixes\n      </div>\n      <div class=\"checklist-item\">\n        <input type=\"checkbox\" disabled> Set up your RSOLV_API_KEY as a repository secret\n      </div>\n      <div class=\"checklist-item\">\n        <input type=\"checkbox\" disabled> Reviewed security issues found by RSOLV\n      </div>\n      <div class=\"checklist-item\">\n        <input type=\"checkbox\" disabled> Generated and merged your first security fix PR\n      </div>\n    </div>\n    \n    <h2>Need Help with Setup?</h2>\n    \n    <p>If you haven't completed setup yet, here's a quick reminder of the steps:</p>\n    \n    <div class=\"code\">\n# In .github/workflows/rsolv.yml:\nname: RSOLV Security Fixes\n\non:\n  issues:\n    types: [labeled]\n\njobs:\n  security-fix:\n    if: contains(github.event.issue.labels.*.name, 'rsolv:automate')\n    runs-on: ubuntu-latest\n    steps:\n      - uses: rsolv-dev/rsolv-action@v1\n        with:\n          github-token: ${\"{{ secrets.GITHUB_TOKEN }}\"}\n          rsolv-api-key: ${\"{{ secrets.RSOLV_API_KEY }}\"}\n    </div>\n    \n    <div class=\"status-box\">\n      <strong>🎁 Remember:</strong> Your first 10 fixes are completely free! No credit card required. After that, you only pay $15 per fix that gets deployed.\n   " <> ..., text_body: "Let's Verify Your RSOLV Setup\n\nHi Test,\n\nIt's been a few days since you signed up for RSOLV. We want to make sure you're all set up and ready to automate your issue resolution!\n\nQuick Setup Checklist:\n[ ] Added the GitHub Action workflow to your repository\n[ ] Set up your RSOLV_API_KEY as a repository secret\n[ ] Tagged your first issue with \"rsolv:automate\"\n[ ] Reviewed and merged your first automated PR\n\nNeed Help with Setup?\nIf you haven't completed setup yet, visit: https://rsolv.dev/docs/getting-started\n\nRemember: Your first 10 fixes are completely free! No credit card required. After that, you only pay $15 per fix that gets deployed.\n\nCommon Questions:\n- Where do I get my API key? Check your welcome email or visit your dashboard\n- Can I use RSOLV on private repos? Yes! RSOLV works with both public and private repositories\n- What types of issues can RSOLV fix? Bug fixes, security vulnerabilities, performance issues, and more\n- How secure is it? We analyze every fix for security vulnerabilities before creating PRs\n\nPro Tip: Start with a simple issue first - something like \"Fix typo in README\" or \"Update deprecated function calls\".\n\nReady to get started? Tag an issue with \"rsolv:automate\" and watch the magic happen!\n\nIf you're stuck or have questions, just reply to this email.\n\nBest regards,\nThe RSOLV Team\n\n---\nTo unsubscribe, visit: https://rsolv.dev/unsubscribe?email=test@company.com\n", headers: %{"X-Postmark-Tag" => "setup-verification"}, attachments: [], assigns: %{}, private: %{tag: "setup-verification"}, blocked: false}

13:17:20.050 [info] [EMAIL DEBUG] Raw Postmark response
13:17:20.050 [info] [EMAIL] Email sent successfully via Postmark
13:17:20.050 [info] Successfully sent scheduled email
13:17:20.050 [info] [EmailWorker] Insert result
13:17:20.050 [info] [EmailWorker] Schedule result
13:17:20.050 [info] [EmailWorker] Processing email config
13:17:20.050 [info] [EmailWorker] Scheduling email
13:17:20.050 [info] [EmailWorker] Creating Oban job
13:17:20.050 [info] [EmailWorker] Job created
13:17:20.050 [info] Processing scheduled email
13:17:20.050 [info] [EMAIL DEBUG] Full email struct before sending
13:17:20.050 [info] [EMAIL DEBUG] Extracted recipient email
13:17:20.050 [info] [EMAIL DEBUG] Postmark configuration
13:17:20.050 [info] [EMAIL DEBUG] Email configuration
13:17:20.050 [info] [EMAIL] Attempting to send email via Postmark
13:17:20.050 [debug] Sending email with Bamboo.TestAdapter:

%Bamboo.Email{from: {"RSOLV Team", "support@rsolv.dev"}, to: [nil: "test@company.com"], cc: [], bcc: [], subject: "Advanced RSOLV Features You Might Have Missed", html_body: "<!DOCTYPE html>\n<html lang=\"en\">\n<head>\n  <meta charset=\"UTF-8\">\n  <meta name=\"viewport\" content=\"width=device-width, initial-scale=1.0\">\n  <title>Advanced RSOLV Features</title>\n  <style>\n    @import url('https://fonts.googleapis.com/css2?family=Space+Grotesk:wght@300;400;500;700&display=swap');\n    \n    body {\n      font-family: 'Space Grotesk', -apple-system, BlinkMacSystemFont, \"Segoe UI\", Roboto, Helvetica, Arial, sans-serif;\n      line-height: 1.6;\n      color: #333;\n      max-width: 600px;\n      margin: 0 auto;\n      padding: 20px;\n      background-color: #f8f9fa;\n    }\n    .container {\n      background-color: #ffffff;\n      border-radius: 8px;\n      padding: 30px;\n      box-shadow: 0 4px 6px rgba(0, 0, 0, 0.05);\n    }\n    .logo {\n      text-align: center;\n      margin-bottom: 30px;\n    }\n    .logo img {\n      max-width: 200px;\n    }\n    h1, h2, h3 {\n      color: #10b981;\n    }\n    .feature-card {\n      background-color: #f3f4f6;\n      padding: 20px;\n      border-radius: 8px;\n      margin-bottom: 20px;\n      border-left: 4px solid #10b981;\n    }\n    .feature-card h3 {\n      margin-top: 0;\n    }\n    .code {\n      background-color: #2d3748;\n      color: #e2e8f0;\n      padding: 15px;\n      border-radius: 5px;\n      font-family: 'Courier New', monospace;\n      overflow-x: auto;\n      margin: 15px 0;\n      font-size: 14px;\n    }\n    .pro-tip {\n      background-color: #fff3cd;\n      border: 1px solid #ffeaa7;\n      padding: 15px;\n      border-radius: 8px;\n      margin: 20px 0;\n    }\n    .security-highlight {\n      background-color: #d4edda;\n      border: 1px solid #c3e6cb;\n      padding: 15px;\n      border-radius: 8px;\n      margin: 20px 0;\n    }\n    .cta {\n      background-color: #10b981;\n      color: white;\n      padding: 12px 24px;\n      border-radius: 5px;\n      display: inline-block;\n      text-decoration: none;\n      font-weight: bold;\n      margin: 20px 0;\n    }\n    .footer {\n      margin-top: 40px;\n      font-size: 14px;\n      color: #6b7280;\n      border-top: 1px solid #e5e7eb;\n      padding-top: 20px;\n      text-align: center;\n    }\n  </style>\n</head>\n<body>\n  <div class=\"container\">\n    <div class=\"logo\">\n      <img src=\"https://rsolv.dev/images/rsolv_logo_transparent.png\" alt=\"RSOLV Logo\">\n    </div>\n    \n    <h1>Unlock the Full Power of RSOLV</h1>\n    \n    <p>Hi {@first_name},</p>\n    \n    <p>You've been using RSOLV for a few days now. Here are some advanced features and techniques that can help you get even more value from automated security scanning and vulnerability remediation:</p>\n    \n    <div class=\"feature-card\">\n      <h3>🎯 Understanding RSOLV's Proactive Scanning</h3>\n      <p>RSOLV continuously scans your repositories for security vulnerabilities and automatically creates issues with detailed remediation plans:</p>\n      <ul>\n        <li><strong>Automated detection:</strong> Scans all files for 180+ vulnerability patterns (and growing)</li>\n        <li><strong>Smart grouping:</strong> Groups similar issues for efficient review</li>\n        <li><strong>Detailed reports:</strong> Shows exact file locations and vulnerable code</li>\n        <li><strong>Fix generation:</strong> Creates secure PRs that address root causes</li>\n      </ul>\n    </div>\n    \n    <div class=\"feature-card\">\n      <h3>🔒 Comprehensive Security Coverage</h3>\n      <p>RSOLV proactively detects and fixes these vulnerability types across your codebase:</p>\n      <ul>\n        <li>SQL/NoSQL injection vulnerabilities</li>\n        <li>Cross-site scripting (XSS) risks</li>\n        <li>Authentication/authorization flaws</li>\n        <li>Insecure cryptographic implementations</li>\n        <li>Hardcoded secrets and API keys</li>\n        <li>Path traversal and open redirects</li>\n        <li>Insecure dependencies and configurations</li>\n      </ul>\n      <p>Each PR includes a detailed security impact assessment and verification tests.</p>\n    </div>\n    \n    <div class=\"security-highlight\">\n      <strong>🛡️ Security Example:</strong> When RSOLV detects unsafe user input handling, it automatically generates fixes with proper sanitization, p" <> ..., text_body: "Unlock the Full Power of RSOLV\n\nHi Test,\n\nYou've been using RSOLV for a few days now. Here are some advanced features and techniques:\n\n1. Writing Better Issues for Better Fixes:\n   - Include error messages: Copy the full stack trace\n   - Specify the file/function: \"Fix pagination in UserList.js\"\n   - Describe expected behavior: \"Should show 10 users per page\"\n   - Add context: \"This broke after upgrading to React 18\"\n\n2. Security-First Fixes:\n   RSOLV automatically scans for:\n   - SQL injection vulnerabilities\n   - Cross-site scripting (XSS) risks\n   - Authentication/authorization issues\n   - Insecure dependencies\n   - Hardcoded secrets or API keys\n\n3. Batch Processing:\n   Tag multiple issues with \"rsolv:automate\" and RSOLV creates separate PRs for each.\n\n4. Customizing RSOLV Behavior:\n   Add these tags to your issues:\n   - [performance] - Optimize for speed\n   - [security] - Extra security focus\n   - [minimal] - Smallest possible change\n   - [refactor] - Clean up while fixing\n\nComing Soon:\n- Support for more languages (Go, Rust, PHP)\n- Custom fix preferences per repository\n- Team collaboration features\n- Integration with more platforms\n\nHave a feature request? Just reply to this email!\n\nView advanced documentation: https://rsolv.dev/docs/advanced\n\nBest regards,\nThe RSOLV Team\n\n---\nTo unsubscribe, visit: https://rsolv.dev/unsubscribe?email=test@company.com\n", headers: %{"X-Postmark-Tag" => "feature-deep-dive"}, attachments: [], assigns: %{}, private: %{tag: "feature-deep-dive"}, blocked: false}

13:17:20.050 [info] [EMAIL DEBUG] Raw Postmark response
13:17:20.050 [info] [EMAIL] Email sent successfully via Postmark
13:17:20.050 [info] Successfully sent scheduled email
13:17:20.050 [info] [EmailWorker] Insert result
13:17:20.050 [info] [EmailWorker] Schedule result
13:17:20.050 [info] [EmailWorker] Processing email config
13:17:20.050 [info] [EmailWorker] Scheduling email
13:17:20.050 [info] [EmailWorker] Creating Oban job
13:17:20.050 [info] [EmailWorker] Job created
13:17:20.050 [info] Processing scheduled email
13:17:20.051 [info] [EMAIL DEBUG] Full email struct before sending
13:17:20.051 [info] [EMAIL DEBUG] Extracted recipient email
13:17:20.051 [info] [EMAIL DEBUG] Postmark configuration
13:17:20.051 [info] [EMAIL DEBUG] Email configuration
13:17:20.051 [info] [EMAIL] Attempting to send email via Postmark
13:17:20.051 [debug] Sending email with Bamboo.TestAdapter:

%Bamboo.Email{from: {"RSOLV Team", "support@rsolv.dev"}, to: [nil: "test@company.com"], cc: [], bcc: [], subject: "How's Your Experience with RSOLV?", html_body: "<!DOCTYPE html>\n<html lang=\"en\">\n<head>\n  <meta charset=\"UTF-8\">\n  <meta name=\"viewport\" content=\"width=device-width, initial-scale=1.0\">\n  <title>How's Your RSOLV Experience?</title>\n  <style>\n    @import url('https://fonts.googleapis.com/css2?family=Space+Grotesk:wght@300;400;500;700&display=swap');\n    \n    body {\n      font-family: 'Space Grotesk', -apple-system, BlinkMacSystemFont, \"Segoe UI\", Roboto, Helvetica, Arial, sans-serif;\n      line-height: 1.6;\n      color: #333;\n      max-width: 600px;\n      margin: 0 auto;\n      padding: 20px;\n      background-color: #f8f9fa;\n    }\n    .container {\n      background-color: #ffffff;\n      border-radius: 8px;\n      padding: 30px;\n      box-shadow: 0 4px 6px rgba(0, 0, 0, 0.05);\n    }\n    .logo {\n      text-align: center;\n      margin-bottom: 30px;\n    }\n    .logo img {\n      max-width: 200px;\n    }\n    h1, h2, h3 {\n      color: #10b981;\n    }\n    .survey-card {\n      background-color: #f3f4f6;\n      padding: 20px;\n      border-radius: 8px;\n      margin: 20px 0;\n      text-align: center;\n    }\n    .rating-container {\n      display: flex;\n      justify-content: center;\n      gap: 10px;\n      margin: 20px 0;\n    }\n    .rating-box {\n      width: 40px;\n      height: 40px;\n      border: 2px solid #10b981;\n      border-radius: 8px;\n      display: flex;\n      align-items: center;\n      justify-content: center;\n      text-decoration: none;\n      color: #10b981;\n      font-weight: bold;\n      transition: all 0.3s ease;\n    }\n    .rating-box:hover {\n      background-color: #10b981;\n      color: white;\n    }\n    .question-box {\n      background-color: #f9fafb;\n      padding: 20px;\n      border-radius: 8px;\n      margin: 20px 0;\n      border-left: 4px solid #10b981;\n    }\n    .success-story {\n      background-color: #d4edda;\n      border: 1px solid #c3e6cb;\n      padding: 15px;\n      border-radius: 8px;\n      margin: 20px 0;\n    }\n    .cta {\n      background-color: #10b981;\n      color: white;\n      padding: 12px 24px;\n      border-radius: 5px;\n      display: inline-block;\n      text-decoration: none;\n      font-weight: bold;\n      margin: 20px 0;\n    }\n    .cta-secondary {\n      background-color: #6b7280;\n      color: white;\n      padding: 12px 24px;\n      border-radius: 5px;\n      display: inline-block;\n      text-decoration: none;\n      font-weight: bold;\n      margin: 20px 0;\n    }\n    .footer {\n      margin-top: 40px;\n      font-size: 14px;\n      color: #6b7280;\n      border-top: 1px solid #e5e7eb;\n      padding-top: 20px;\n      text-align: center;\n    }\n  </style>\n</head>\n<body>\n  <div class=\"container\">\n    <div class=\"logo\">\n      <img src=\"https://rsolv.dev/images/rsolv_logo_transparent.png\" alt=\"RSOLV Logo\">\n    </div>\n    \n    <h1>Quick Check-In: How's RSOLV Working for You?</h1>\n    \n    <p>Hi {@first_name},</p>\n    \n    <p>You've been using RSOLV for a week now, and we'd love to hear about your experience! Your feedback helps us make RSOLV better for everyone.</p>\n    \n    <div class=\"survey-card\">\n      <h3>How likely are you to recommend RSOLV to a colleague?</h3>\n      <p>Click a number below:</p>\n      <div class=\"rating-container\">\n        <a href=\"https://rsolv.dev/feedback?rating=1&email={@email}\" class=\"rating-box\">1</a>\n        <a href=\"https://rsolv.dev/feedback?rating=2&email={@email}\" class=\"rating-box\">2</a>\n        <a href=\"https://rsolv.dev/feedback?rating=3&email={@email}\" class=\"rating-box\">3</a>\n        <a href=\"https://rsolv.dev/feedback?rating=4&email={@email}\" class=\"rating-box\">4</a>\n        <a href=\"https://rsolv.dev/feedback?rating=5&email={@email}\" class=\"rating-box\">5</a>\n        <a href=\"https://rsolv.dev/feedback?rating=6&email={@email}\" class=\"rating-box\">6</a>\n        <a href=\"https://rsolv.dev/feedback?rating=7&email={@email}\" class=\"rating-box\">7</a>\n        <a href=\"https://rsolv.dev/feedback?rating=8&email={@email}\" class=\"rating-box\">8</a>\n        <a href=\"https://rsolv.dev/feedback?rating=9&email={@email}\" class=\"rating-box\">9</a>\n        <a href=\"https://rsolv.dev/feedback?rating=10&email={@email}\" class=\"rating-box\">10</a>\n      </div>\n" <> ..., text_body: "Quick Check-In: How's RSOLV Working for You?\n\nHi Test,\n\nYou've been using RSOLV for a week now, and we'd love to hear about your experience!\n\nHow likely are you to recommend RSOLV to a colleague?\nRate us from 1-10: https://rsolv.dev/feedback?email=test@company.com\n\nThree Quick Questions:\n1. What's been your favorite RSOLV fix so far?\n2. What feature would you like to see next?\n3. Any challenges or friction points?\n\nJust hit reply and share your thoughts - we read every response!\n\nDid You Know?\nHere are some ways other teams are using RSOLV:\n- Security audits: Tag all security-related issues for automated fixes\n- Tech debt cleanup: Fix deprecated function calls across the codebase\n- Onboarding tool: Let new devs see how fixes should be implemented\n- Weekend warrior: Queue up fixes on Friday, review on Monday\n\nThanks for being an early adopter!\n\nBest regards,\nDylan & The RSOLV Team\n\nP.S. If RSOLV has saved you time this week, we'd love to hear about it!\n\n---\nTo unsubscribe, visit: https://rsolv.dev/unsubscribe?email=test@company.com\n", headers: %{"X-Postmark-Tag" => "feedback-request"}, attachments: [], assigns: %{}, private: %{tag: "feedback-request"}, blocked: false}

13:17:20.051 [info] [EMAIL DEBUG] Raw Postmark response
13:17:20.051 [info] [EMAIL] Email sent successfully via Postmark
13:17:20.051 [info] Successfully sent scheduled email
13:17:20.051 [info] [EmailWorker] Insert result
13:17:20.051 [info] [EmailWorker] Schedule result
13:17:20.051 [info] [EmailWorker] Processing email config
13:17:20.051 [info] [EmailWorker] Scheduling email
13:17:20.051 [info] [EmailWorker] Creating Oban job
13:17:20.051 [info] [EmailWorker] Job created
13:17:20.051 [info] Processing scheduled email
13:17:20.051 [info] [EMAIL DEBUG] Full email struct before sending
13:17:20.051 [info] [EMAIL DEBUG] Extracted recipient email
13:17:20.051 [info] [EMAIL DEBUG] Postmark configuration
13:17:20.051 [info] [EMAIL DEBUG] Email configuration
13:17:20.051 [info] [EMAIL] Attempting to send email via Postmark
13:17:20.051 [debug] Sending email with Bamboo.TestAdapter:

%Bamboo.Email{from: {"RSOLV Team", "support@rsolv.dev"}, to: [nil: "test@company.com"], cc: [], bcc: [], subject: "Your RSOLV Success Report", html_body: "<!DOCTYPE html>\n<html lang=\"en\">\n<head>\n  <meta charset=\"UTF-8\">\n  <meta name=\"viewport\" content=\"width=device-width, initial-scale=1.0\">\n  <title>Your RSOLV Success Report</title>\n  <style>\n    @import url('https://fonts.googleapis.com/css2?family=Space+Grotesk:wght@300;400;500;700&display=swap');\n    \n    body {\n      font-family: 'Space Grotesk', -apple-system, BlinkMacSystemFont, \"Segoe UI\", Roboto, Helvetica, Arial, sans-serif;\n      line-height: 1.6;\n      color: #333;\n      max-width: 600px;\n      margin: 0 auto;\n      padding: 20px;\n      background-color: #f8f9fa;\n    }\n    .container {\n      background-color: #ffffff;\n      border-radius: 8px;\n      padding: 30px;\n      box-shadow: 0 4px 6px rgba(0, 0, 0, 0.05);\n    }\n    .logo {\n      text-align: center;\n      margin-bottom: 30px;\n    }\n    .logo img {\n      max-width: 200px;\n    }\n    h1, h2, h3 {\n      color: #10b981;\n    }\n    .stats-grid {\n      display: grid;\n      grid-template-columns: 1fr 1fr;\n      gap: 20px;\n      margin: 30px 0;\n    }\n    .stat-card {\n      background-color: #f3f4f6;\n      padding: 20px;\n      border-radius: 8px;\n      text-align: center;\n      border-top: 4px solid #10b981;\n    }\n    .stat-number {\n      font-size: 36px;\n      font-weight: bold;\n      color: #10b981;\n      margin: 10px 0;\n    }\n    .stat-label {\n      color: #6b7280;\n      font-size: 14px;\n    }\n    .achievement-banner {\n      background: linear-gradient(135deg, #10b981 0%, #059669 100%);\n      color: white;\n      padding: 20px;\n      border-radius: 8px;\n      text-align: center;\n      margin: 20px 0;\n    }\n    .timeline {\n      margin: 30px 0;\n    }\n    .timeline-item {\n      display: flex;\n      margin-bottom: 20px;\n      align-items: flex-start;\n    }\n    .timeline-marker {\n      width: 40px;\n      height: 40px;\n      background-color: #10b981;\n      color: white;\n      border-radius: 50%;\n      display: flex;\n      align-items: center;\n      justify-content: center;\n      flex-shrink: 0;\n      margin-right: 15px;\n    }\n    .timeline-content {\n      flex-grow: 1;\n    }\n    .pricing-highlight {\n      background-color: #fff3cd;\n      border: 1px solid #ffeaa7;\n      padding: 20px;\n      border-radius: 8px;\n      margin: 20px 0;\n      text-align: center;\n    }\n    .cta {\n      background-color: #10b981;\n      color: white;\n      padding: 12px 24px;\n      border-radius: 5px;\n      display: inline-block;\n      text-decoration: none;\n      font-weight: bold;\n      margin: 20px 0;\n    }\n    .cta-secondary {\n      background-color: #2563eb;\n      color: white;\n      padding: 12px 24px;\n      border-radius: 5px;\n      display: inline-block;\n      text-decoration: none;\n      font-weight: bold;\n      margin: 20px 0;\n    }\n    .footer {\n      margin-top: 40px;\n      font-size: 14px;\n      color: #6b7280;\n      border-top: 1px solid #e5e7eb;\n      padding-top: 20px;\n      text-align: center;\n    }\n    @media (max-width: 600px) {\n      .stats-grid {\n        grid-template-columns: 1fr;\n      }\n    }\n  </style>\n</head>\n<body>\n  <div class=\"container\">\n    <div class=\"logo\">\n      <img src=\"https://rsolv.dev/images/rsolv_logo_transparent.png\" alt=\"RSOLV Logo\">\n    </div>\n    \n    <h1>Your 2-Week RSOLV Success Report 🎉</h1>\n    \n    <p>Hi {@first_name},</p>\n    \n    <p>Congratulations! You've been using RSOLV for two weeks. Here's a snapshot of what we've accomplished together:</p>\n    \n    <div class=\"stats-grid\">\n      <div class=\"stat-card\">\n        <div class=\"stat-label\">Issues Fixed</div>\n        <div class=\"stat-number\">{Map.get(@usage_stats || %{}, :issues_fixed, 0)}</div>\n      </div>\n      <div class=\"stat-card\">\n        <div class=\"stat-label\">PRs Created</div>\n        <div class=\"stat-number\">{Map.get(@usage_stats || %{}, :prs_created, 0)}</div>\n      </div>\n      <div class=\"stat-card\">\n        <div class=\"stat-label\">Time Saved</div>\n        <div class=\"stat-number\">{Map.get(@usage_stats || %{}, :time_saved, \"0 hrs\")}</div>\n      </div>\n      <div class=\"stat-card\">\n        <div class=\"stat-label\">Security Issues Found</div>\n        <div class=\"stat-number\">{Map.ge" <> ..., text_body: "Your 2-Week RSOLV Success Report\n\nHi Test,\n\nCongratulations! You've been using RSOLV for two weeks. Here's what we've accomplished together:\n\nYour Stats:\n- Issues Fixed: Check your dashboard\n- PRs Created: Check your dashboard\n- Time Saved: Check your dashboard\n- Security Issues Found: Check your dashboard\n\nYour Trial Status:\nCheck how many free fixes you have remaining at: https://rsolv.dev/dashboard\n\nWhat's Next?\n- Expand to more repositories\n- Automate security audits\n- Clean up tech debt\n- Train your team\n\nNeed Help Scaling Up?\nI'd love to help you get even more value from RSOLV:\n- Schedule a 15-minute optimization call\n- Get best practices for your specific tech stack\n- Learn about volume discounts for teams\n\nJust reply to this email and let me know how I can help!\n\nThanks for being part of the RSOLV community.\n\nBest regards,\nDylan Fitzgerald\nFounder, RSOLV\n\nP.S. If RSOLV has been valuable to your team, I'd be grateful if you could share a quick testimonial.\n\n---\nTo unsubscribe, visit: https://rsolv.dev/unsubscribe?email=test@company.com\n", headers: %{"X-Postmark-Tag" => "success-checkin"}, attachments: [], assigns: %{}, private: %{tag: "success-checkin"}, blocked: false}

13:17:20.051 [info] [EMAIL DEBUG] Raw Postmark response
13:17:20.051 [info] [EMAIL] Email sent successfully via Postmark
13:17:20.051 [info] Successfully sent scheduled email
13:17:20.051 [info] [EmailWorker] Insert result
13:17:20.051 [info] [EmailWorker] Schedule result
13:17:20.051 [info] [HOME LIVE] About to send admin notification email
13:17:20.052 [debug] Sending email with Bamboo.TestAdapter:

%Bamboo.Email{from: {"RSOLV Team", "support@rsolv.dev"}, to: [nil: "admin@rsolv.dev"], cc: [], bcc: [], subject: "🎉 New RSOLV Signup: test@company.com", html_body: "<!DOCTYPE html>\n<html>\n<head>\n  <meta charset=\"utf-8\">\n  <style>\n    body { font-family: -apple-system, BlinkMacSystemFont, 'Segoe UI', Roboto, sans-serif; line-height: 1.6; color: #333; }\n    .container { max-width: 600px; margin: 0 auto; padding: 20px; }\n    .header { background: #10b981; color: white; padding: 20px; border-radius: 8px 8px 0 0; }\n    .content { background: #f9fafb; padding: 20px; border: 1px solid #e5e7eb; border-radius: 0 0 8px 8px; }\n    .metric { display: inline-block; margin: 10px 20px 10px 0; }\n    .metric-label { font-size: 12px; color: #6b7280; text-transform: uppercase; }\n    .metric-value { font-size: 18px; font-weight: bold; color: #111827; }\n    .details { background: white; padding: 15px; border-radius: 4px; margin: 15px 0; }\n    .detail-row { display: flex; justify-content: space-between; padding: 8px 0; border-bottom: 1px solid #f3f4f6; }\n    .detail-row:last-child { border-bottom: none; }\n    .detail-label { font-weight: 500; color: #6b7280; }\n    .detail-value { color: #111827; }\n    .utm-badge { display: inline-block; background: #dbeafe; color: #1e40af; padding: 2px 8px; border-radius: 4px; font-size: 12px; margin-left: 4px; }\n  </style>\n</head>\n<body>\n  <div class=\"container\">\n    <div class=\"header\">\n      <h1 style=\"margin: 0; font-size: 24px;\">🎉 New RSOLV Signup!</h1>\n      <p style=\"margin: 5px 0 0 0; opacity: 0.9;\">August 29, 2025 at 07:17 PM UTC</p>\n    </div>\n    \n    <div class=\"content\">\n      <div class=\"metric\">\n        <div class=\"metric-label\">Email</div>\n        <div class=\"metric-value\">test@company.com</div>\n      </div>\n      \n      <div class=\"metric\">\n              <div class=\"metric-label\">Company</div>\n              <div class=\"metric-value\"></div>\n            </div>\n      \n      <div class=\"details\">\n        <h3 style=\"margin-top: 0;\">Signup Details</h3>\n        \n        <div class=\"detail-row\">\n          <span class=\"detail-label\">Source</span>\n          <span class=\"detail-value\">\n            landing_page_liveview\n            \n          </span>\n        </div>\n        \n        \n        \n        \n        \n        \n      </div>\n      \n      <div style=\"margin-top: 20px; text-align: center;\">\n        <a href=\"https://rsolv.dev/live/dashboard\" style=\"display: inline-block; background: #10b981; color: white; padding: 10px 20px; text-decoration: none; border-radius: 4px;\">\n          View Dashboard\n        </a>\n      </div>\n    </div>\n  </div>\n</body>\n</html>\n", text_body: "🎉 New RSOLV Signup!\n\nEmail: test@company.com\nCompany: \n\nTime: August 29, 2025 at 07:17 PM UTC\n\nSource Details:\n- Source: landing_page_liveview\n\n\n\n\n\nView full dashboard: https://rsolv.dev/live/dashboard\n", headers: %{"Message-ID" => "<1756495040.498423@rsolv.dev>", "X-Postmark-Tag" => "admin-notification", "X-Priority" => "1"}, attachments: [], assigns: %{}, private: %{tag: "admin-notification"}, blocked: false}

13:17:20.052 [info] [HOME LIVE] Successfully sent admin notification email
13:17:20.052 [debug] Replied in 5ms
.13:17:20.053 request_id=GGBS7sAnUByvI7UAAFEB [info] GET /
13:17:20.054 request_id=GGBS7sAnUByvI7UAAFEB [debug] Processing with RsolvWeb.HomeLive.index/2
  Parameters: %{}
  Pipelines: [:browser]
13:17:20.054 request_id=GGBS7sAnUByvI7UAAFEB [info] Analytics event tracked
13:17:20.055 request_id=GGBS7sAnUByvI7UAAFEB [debug] QUERY OK db=0.9ms queue=0.1ms
SELECT create_analytics_partition_if_not_exists($1::date) [~D[2025-08-29]]
13:17:20.055 request_id=GGBS7sAnUByvI7UAAFEB [debug] QUERY OK source="analytics_events" db=0.2ms queue=0.2ms
INSERT INTO "analytics_events" ("metadata","event_type","visitor_id","page_path","inserted_at","updated_at") VALUES ($1,$2,$3,$4,$5,$6) RETURNING "id" [%{}, "page_view", "6ff3b018c11e3c55c0bad144013a23cc", "/", ~N[2025-08-29 19:17:20], ~N[2025-08-29 19:17:20]]
13:17:20.055 request_id=GGBS7sAnUByvI7UAAFEB [debug] QUERY OK source="fun_with_flags_toggles" db=0.1ms
SELECT f0."id", f0."flag_name", f0."gate_type", f0."target", f0."enabled" FROM "fun_with_flags_toggles" AS f0 WHERE (f0."flag_name" = $1) ["blog"]
13:17:20.055 request_id=GGBS7sAnUByvI7UAAFEB [debug] Telemetry event: [:fun_with_flags, :persistence, :read], metadata: %{flag_name: :blog, gate: nil}, measurements: %{system_time: 1756495040055976933}
13:17:20.056 request_id=GGBS7sAnUByvI7UAAFEB [info] ROI Calculator LiveComponent mounting...
13:17:20.056 request_id=GGBS7sAnUByvI7UAAFEB [info] ROI Calculator LiveComponent mounted
13:17:20.056 request_id=GGBS7sAnUByvI7UAAFEB [info] Sent 200 in 2ms
13:17:20.057 [debug] MOUNT RsolvWeb.HomeLive
  Parameters: %{}
  Session: %{"_csrf_token" => "OPzIcGFgM6zGetJcCSzQ3IJI"}
13:17:20.058 [info] Analytics event tracked
13:17:20.058 [debug] QUERY OK db=0.1ms
SELECT create_analytics_partition_if_not_exists($1::date) [~D[2025-08-29]]
13:17:20.058 [debug] QUERY OK source="analytics_events" db=0.0ms
INSERT INTO "analytics_events" ("metadata","event_type","visitor_id","page_path","inserted_at","updated_at") VALUES ($1,$2,$3,$4,$5,$6) RETURNING "id" [%{}, "page_view", "305a2ab5ce537f9d6813da62935ee336", "/", ~N[2025-08-29 19:17:20], ~N[2025-08-29 19:17:20]]
13:17:20.058 [debug] Replied in 405µs
13:17:20.058 [debug] QUERY OK source="fun_with_flags_toggles" db=0.0ms
SELECT f0."id", f0."flag_name", f0."gate_type", f0."target", f0."enabled" FROM "fun_with_flags_toggles" AS f0 WHERE (f0."flag_name" = $1) ["blog"]
13:17:20.058 [debug] Telemetry event: [:fun_with_flags, :persistence, :read], metadata: %{flag_name: :blog, gate: nil}, measurements: %{system_time: 1756495040058482744}
13:17:20.058 [info] ROI Calculator LiveComponent mounting...
13:17:20.058 [info] ROI Calculator LiveComponent mounted
.13:17:20.072 [warning] Suspicious pattern detected: ~r/\beval\s*\(/
13:17:20.072 [info] AUDIT_EVENT: input_validation_failed
13:17:20.072 [warning] Suspicious pattern detected: ~r/__import__/
13:17:20.072 [info] AUDIT_EVENT: input_validation_failed
.13:17:20.083 [info] AUDIT_EVENT: session_created
13:17:20.083 [info] AUDIT_EVENT: malicious_input_detected
.13:17:20.094 [warning] Suspicious pattern detected: ~r/__import__/
13:17:20.094 [info] AUDIT_EVENT: input_validation_failed
.13:17:20.105 [info] AUDIT_EVENT: rate_limit_exceeded
............13:17:20.106 request_id=GGBS7sNGQgZTT30AACUQ [info] POST /api/v1/vulnerabilities/validate
13:17:20.106 request_id=GGBS7sNGQgZTT30AACUQ [debug] Processing with RsolvWeb.Api.V1.VulnerabilityValidationRouter.validate/2
  Parameters: %{"files" => %{"test.js" => "// Line 1\neval(x);\n// More code"}, "vulnerabilities" => [%{"code" => "eval(x)", "filePath" => "test.js", "id" => "vuln-ttl", "line" => 1, "patternId" => "js-eval-injection", "severity" => "critical"}]}
  Pipelines: [:api]
13:17:20.106 request_id=GGBS7sNGQgZTT30AACUQ [debug] QUERY OK source="fun_with_flags_toggles" db=0.1ms
SELECT f0."id", f0."flag_name", f0."gate_type", f0."target", f0."enabled" FROM "fun_with_flags_toggles" AS f0 WHERE (f0."flag_name" = $1) ["false_positive_caching"]
13:17:20.106 request_id=GGBS7sNGQgZTT30AACUQ [debug] Telemetry event: [:fun_with_flags, :persistence, :read], metadata: %{flag_name: :false_positive_caching, gate: nil}, measurements: %{system_time: 1756495040106727007}
13:17:20.106 request_id=GGBS7sNGQgZTT30AACUQ [debug] Using standard validation controller (feature flag disabled)
13:17:20.106 request_id=GGBS7sNGQgZTT30AACUQ [debug] QUERY OK source="api_keys" db=0.1ms
SELECT a0."id", a0."key", a0."name", a0."permissions", a0."active", a0."last_used_at", a0."expires_at", a0."customer_id", a0."inserted_at", a0."updated_at" FROM "api_keys" AS a0 WHERE ((a0."key" = $1) AND (a0."active" = $2)) ["rsolv_test_abc123", true]
13:17:20.107 request_id=GGBS7sNGQgZTT30AACUQ [debug] QUERY OK source="customers" db=0.1ms
SELECT c0."id", c0."name", c0."email", c0."api_key", c0."monthly_limit", c0."current_usage", c0."active", c0."metadata", c0."github_org", c0."plan", c0."user_id", c0."inserted_at", c0."updated_at" FROM "customers" AS c0 WHERE ((c0."api_key" = $1) AND (c0."active" = $2)) ["rsolv_test_abc123", true]
13:17:20.107 request_id=GGBS7sNGQgZTT30AACUQ [info] Sent 200 in 864µs
13:17:20.107 request_id=GGBS7sNUhC1TT30AAC2R [info] POST /api/v1/vulnerabilities/validate
13:17:20.107 request_id=GGBS7sNUhC1TT30AAC2R [debug] Processing with RsolvWeb.Api.V1.VulnerabilityValidationRouter.validate/2
  Parameters: %{"files" => %{"test.js" => "// Line 1\neval(x);\n// More code"}, "vulnerabilities" => [%{"code" => "eval(x)", "filePath" => "test.js", "id" => "vuln-ttl", "line" => 1, "patternId" => "js-eval-injection", "severity" => "critical"}]}
  Pipelines: [:api]
13:17:20.107 request_id=GGBS7sNUhC1TT30AAC2R [debug] QUERY OK source="fun_with_flags_toggles" db=0.0ms
SELECT f0."id", f0."flag_name", f0."gate_type", f0."target", f0."enabled" FROM "fun_with_flags_toggles" AS f0 WHERE (f0."flag_name" = $1) ["false_positive_caching"]
13:17:20.107 request_id=GGBS7sNUhC1TT30AAC2R [debug] Telemetry event: [:fun_with_flags, :persistence, :read], metadata: %{flag_name: :false_positive_caching, gate: nil}, measurements: %{system_time: 1756495040107466634}
13:17:20.107 request_id=GGBS7sNUhC1TT30AAC2R [debug] Using standard validation controller (feature flag disabled)
13:17:20.107 request_id=GGBS7sNUhC1TT30AAC2R [debug] QUERY OK source="api_keys" db=0.0ms
SELECT a0."id", a0."key", a0."name", a0."permissions", a0."active", a0."last_used_at", a0."expires_at", a0."customer_id", a0."inserted_at", a0."updated_at" FROM "api_keys" AS a0 WHERE ((a0."key" = $1) AND (a0."active" = $2)) ["rsolv_test_abc123", true]
13:17:20.107 request_id=GGBS7sNUhC1TT30AAC2R [debug] QUERY OK source="customers" db=0.0ms
SELECT c0."id", c0."name", c0."email", c0."api_key", c0."monthly_limit", c0."current_usage", c0."active", c0."metadata", c0."github_org", c0."plan", c0."user_id", c0."inserted_at", c0."updated_at" FROM "customers" AS c0 WHERE ((c0."api_key" = $1) AND (c0."active" = $2)) ["rsolv_test_abc123", true]
13:17:20.107 request_id=GGBS7sNUhC1TT30AAC2R [info] Sent 200 in 366µs
13:17:20.258 request_id=GGBS7sxbz6tTT30AAC4R [info] POST /api/v1/vulnerabilities/validate
13:17:20.258 request_id=GGBS7sxbz6tTT30AAC4R [debug] Processing with RsolvWeb.Api.V1.VulnerabilityValidationRouter.validate/2
  Parameters: %{"files" => %{"test.js" => "// Line 1\neval(x);\n// More code"}, "vulnerabilities" => [%{"code" => "eval(x)", "filePath" => "test.js", "id" => "vuln-ttl", "line" => 1, "patternId" => "js-eval-injection", "severity" => "critical"}]}
  Pipelines: [:api]
13:17:20.259 request_id=GGBS7sxbz6tTT30AAC4R [debug] QUERY OK source="fun_with_flags_toggles" db=0.2ms
SELECT f0."id", f0."flag_name", f0."gate_type", f0."target", f0."enabled" FROM "fun_with_flags_toggles" AS f0 WHERE (f0."flag_name" = $1) ["false_positive_caching"]
13:17:20.259 request_id=GGBS7sxbz6tTT30AAC4R [debug] Telemetry event: [:fun_with_flags, :persistence, :read], metadata: %{flag_name: :false_positive_caching, gate: nil}, measurements: %{system_time: 1756495040259295879}
13:17:20.259 request_id=GGBS7sxbz6tTT30AAC4R [debug] Using standard validation controller (feature flag disabled)
13:17:20.259 request_id=GGBS7sxbz6tTT30AAC4R [debug] QUERY OK source="api_keys" db=0.1ms
SELECT a0."id", a0."key", a0."name", a0."permissions", a0."active", a0."last_used_at", a0."expires_at", a0."customer_id", a0."inserted_at", a0."updated_at" FROM "api_keys" AS a0 WHERE ((a0."key" = $1) AND (a0."active" = $2)) ["rsolv_test_abc123", true]
13:17:20.259 request_id=GGBS7sxbz6tTT30AAC4R [debug] QUERY OK source="customers" db=0.1ms
SELECT c0."id", c0."name", c0."email", c0."api_key", c0."monthly_limit", c0."current_usage", c0."active", c0."metadata", c0."github_org", c0."plan", c0."user_id", c0."inserted_at", c0."updated_at" FROM "customers" AS c0 WHERE ((c0."api_key" = $1) AND (c0."active" = $2)) ["rsolv_test_abc123", true]
13:17:20.259 request_id=GGBS7sxbz6tTT30AAC4R [info] Sent 200 in 952µs
.13:17:20.260 request_id=GGBS7sxusOdfmf8AAC6R [info] POST /api/v1/vulnerabilities/validate
13:17:20.260 request_id=GGBS7sxusOdfmf8AAC6R [debug] Processing with RsolvWeb.Api.V1.VulnerabilityValidationRouter.validate/2
  Parameters: %{"files" => %{"a.js" => "eval(x);", "b.js" => "eval(y);"}, "vulnerabilities" => [%{"code" => "eval(x)", "filePath" => "a.js", "id" => "vuln-1", "line" => 1, "patternId" => "eval", "severity" => "critical"}, %{"code" => "eval(y)", "filePath" => "b.js", "id" => "vuln-2", "line" => 2, "patternId" => "eval", "severity" => "critical"}, %{"code" => "eval(x)", "filePath" => "a.js", "id" => "vuln-3", "line" => 1, "patternId" => "eval", "severity" => "critical"}, %{"code" => "eval(y)", "filePath" => "b.js", "id" => "vuln-4", "line" => 2, "patternId" => "eval", "severity" => "critical"}]}
  Pipelines: [:api]
13:17:20.260 request_id=GGBS7sxusOdfmf8AAC6R [debug] QUERY OK source="fun_with_flags_toggles" db=0.3ms
SELECT f0."id", f0."flag_name", f0."gate_type", f0."target", f0."enabled" FROM "fun_with_flags_toggles" AS f0 WHERE (f0."flag_name" = $1) ["false_positive_caching"]
13:17:20.260 request_id=GGBS7sxusOdfmf8AAC6R [debug] Telemetry event: [:fun_with_flags, :persistence, :read], metadata: %{flag_name: :false_positive_caching, gate: nil}, measurements: %{system_time: 1756495040260475113}
13:17:20.260 request_id=GGBS7sxusOdfmf8AAC6R [debug] Using standard validation controller (feature flag disabled)
13:17:20.260 request_id=GGBS7sxusOdfmf8AAC6R [debug] QUERY OK source="api_keys" db=0.0ms
SELECT a0."id", a0."key", a0."name", a0."permissions", a0."active", a0."last_used_at", a0."expires_at", a0."customer_id", a0."inserted_at", a0."updated_at" FROM "api_keys" AS a0 WHERE ((a0."key" = $1) AND (a0."active" = $2)) ["rsolv_test_abc123", true]
13:17:20.260 request_id=GGBS7sxusOdfmf8AAC6R [debug] QUERY OK source="customers" db=0.0ms
SELECT c0."id", c0."name", c0."email", c0."api_key", c0."monthly_limit", c0."current_usage", c0."active", c0."metadata", c0."github_org", c0."plan", c0."user_id", c0."inserted_at", c0."updated_at" FROM "customers" AS c0 WHERE ((c0."api_key" = $1) AND (c0."active" = $2)) ["rsolv_test_abc123", true]
13:17:20.260 request_id=GGBS7sxusOdfmf8AAC6R [info] Sent 200 in 848µs
.13:17:20.261 request_id=GGBS7sx_1lE2hjAAACWQ [info] POST /api/v1/vulnerabilities/validate
13:17:20.261 request_id=GGBS7sx_1lE2hjAAACWQ [debug] Processing with RsolvWeb.Api.V1.VulnerabilityValidationRouter.validate/2
  Parameters: %{"files" => %{"app/routes/test.js" => "const userInput = req.body.expr;\neval(userInput);"}, "vulnerabilities" => [%{"code" => "eval(userInput)", "filePath" => "app/routes/test.js", "id" => "vuln-123", "line" => 42, "patternId" => "js-eval-injection", "severity" => "critical"}]}
  Pipelines: [:api]
13:17:20.261 request_id=GGBS7sx_1lE2hjAAACWQ [debug] QUERY OK source="fun_with_flags_toggles" db=0.1ms
SELECT f0."id", f0."flag_name", f0."gate_type", f0."target", f0."enabled" FROM "fun_with_flags_toggles" AS f0 WHERE (f0."flag_name" = $1) ["false_positive_caching"]
13:17:20.261 request_id=GGBS7sx_1lE2hjAAACWQ [debug] Telemetry event: [:fun_with_flags, :persistence, :read], metadata: %{flag_name: :false_positive_caching, gate: nil}, measurements: %{system_time: 1756495040261535682}
13:17:20.261 request_id=GGBS7sx_1lE2hjAAACWQ [debug] Using standard validation controller (feature flag disabled)
13:17:20.261 request_id=GGBS7sx_1lE2hjAAACWQ [debug] QUERY OK source="api_keys" db=0.1ms
SELECT a0."id", a0."key", a0."name", a0."permissions", a0."active", a0."last_used_at", a0."expires_at", a0."customer_id", a0."inserted_at", a0."updated_at" FROM "api_keys" AS a0 WHERE ((a0."key" = $1) AND (a0."active" = $2)) ["rsolv_test_abc123", true]
13:17:20.261 request_id=GGBS7sx_1lE2hjAAACWQ [debug] QUERY OK source="customers" db=0.1ms
SELECT c0."id", c0."name", c0."email", c0."api_key", c0."monthly_limit", c0."current_usage", c0."active", c0."metadata", c0."github_org", c0."plan", c0."user_id", c0."inserted_at", c0."updated_at" FROM "customers" AS c0 WHERE ((c0."api_key" = $1) AND (c0."active" = $2)) ["rsolv_test_abc123", true]
13:17:20.261 request_id=GGBS7sx_1lE2hjAAACWQ [info] Sent 200 in 851µs
13:17:20.262 request_id=GGBS7syNh0I2hjAAAC8R [info] POST /api/v1/vulnerabilities/validate
13:17:20.262 request_id=GGBS7syNh0I2hjAAAC8R [debug] Processing with RsolvWeb.Api.V1.VulnerabilityValidationRouter.validate/2
  Parameters: %{"files" => %{"app/routes/test.js" => "const userInput = req.body.expr;\neval(userInput);"}, "vulnerabilities" => [%{"code" => "eval(userInput)", "filePath" => "app/routes/test.js", "id" => "vuln-123", "line" => 42, "patternId" => "js-eval-injection", "severity" => "critical"}]}
  Pipelines: [:api]
13:17:20.262 request_id=GGBS7syNh0I2hjAAAC8R [debug] QUERY OK source="fun_with_flags_toggles" db=0.1ms
SELECT f0."id", f0."flag_name", f0."gate_type", f0."target", f0."enabled" FROM "fun_with_flags_toggles" AS f0 WHERE (f0."flag_name" = $1) ["false_positive_caching"]
13:17:20.262 request_id=GGBS7syNh0I2hjAAAC8R [debug] Telemetry event: [:fun_with_flags, :persistence, :read], metadata: %{flag_name: :false_positive_caching, gate: nil}, measurements: %{system_time: 1756495040262230231}
13:17:20.262 request_id=GGBS7syNh0I2hjAAAC8R [debug] Using standard validation controller (feature flag disabled)
13:17:20.262 request_id=GGBS7syNh0I2hjAAAC8R [debug] QUERY OK source="api_keys" db=0.1ms
SELECT a0."id", a0."key", a0."name", a0."permissions", a0."active", a0."last_used_at", a0."expires_at", a0."customer_id", a0."inserted_at", a0."updated_at" FROM "api_keys" AS a0 WHERE ((a0."key" = $1) AND (a0."active" = $2)) ["rsolv_test_abc123", true]
13:17:20.262 request_id=GGBS7syNh0I2hjAAAC8R [debug] QUERY OK source="customers" db=0.0ms
SELECT c0."id", c0."name", c0."email", c0."api_key", c0."monthly_limit", c0."current_usage", c0."active", c0."metadata", c0."github_org", c0."plan", c0."user_id", c0."inserted_at", c0."updated_at" FROM "customers" AS c0 WHERE ((c0."api_key" = $1) AND (c0."active" = $2)) ["rsolv_test_abc123", true]
13:17:20.262 request_id=GGBS7syNh0I2hjAAAC8R [info] Sent 200 in 468µs
.13:17:20.262 request_id=GGBS7syXndKLOCsAAC-R [info] POST /api/v1/vulnerabilities/validate
13:17:20.262 request_id=GGBS7syXndKLOCsAAC-R [debug] Processing with RsolvWeb.Api.V1.VulnerabilityValidationRouter.validate/2
  Parameters: %{"files" => %{"test.js" => "// Line 1\neval(x1);\n// More code"}, "vulnerabilities" => [%{"code" => "eval(x1)", "filePath" => "test.js", "id" => "vuln-1", "line" => 1, "patternId" => "js-eval-injection", "severity" => "critical"}]}
  Pipelines: [:api]
13:17:20.262 request_id=GGBS7syXndKLOCsAAC-R [debug] QUERY OK source="fun_with_flags_toggles" db=0.0ms
SELECT f0."id", f0."flag_name", f0."gate_type", f0."target", f0."enabled" FROM "fun_with_flags_toggles" AS f0 WHERE (f0."flag_name" = $1) ["false_positive_caching"]
13:17:20.262 request_id=GGBS7syXndKLOCsAAC-R [debug] Telemetry event: [:fun_with_flags, :persistence, :read], metadata: %{flag_name: :false_positive_caching, gate: nil}, measurements: %{system_time: 1756495040262851266}
13:17:20.262 request_id=GGBS7syXndKLOCsAAC-R [debug] Using standard validation controller (feature flag disabled)
13:17:20.263 request_id=GGBS7syXndKLOCsAAC-R [debug] QUERY OK source="api_keys" db=0.2ms
SELECT a0."id", a0."key", a0."name", a0."permissions", a0."active", a0."last_used_at", a0."expires_at", a0."customer_id", a0."inserted_at", a0."updated_at" FROM "api_keys" AS a0 WHERE ((a0."key" = $1) AND (a0."active" = $2)) ["rsolv_test_abc123", true]
13:17:20.263 request_id=GGBS7syXndKLOCsAAC-R [debug] QUERY OK source="customers" db=0.1ms
SELECT c0."id", c0."name", c0."email", c0."api_key", c0."monthly_limit", c0."current_usage", c0."active", c0."metadata", c0."github_org", c0."plan", c0."user_id", c0."inserted_at", c0."updated_at" FROM "customers" AS c0 WHERE ((c0."api_key" = $1) AND (c0."active" = $2)) ["rsolv_test_abc123", true]
13:17:20.263 request_id=GGBS7syXndKLOCsAAC-R [info] Sent 200 in 698µs
13:17:20.263 request_id=GGBS7syi5pOLOCsAADAR [info] POST /api/v1/vulnerabilities/validate
13:17:20.263 request_id=GGBS7syi5pOLOCsAADAR [debug] Processing with RsolvWeb.Api.V1.VulnerabilityValidationRouter.validate/2
  Parameters: %{"files" => %{"test.js" => "// Line 1\neval(x2);\n// More code"}, "vulnerabilities" => [%{"code" => "eval(x2)", "filePath" => "test.js", "id" => "vuln-2", "line" => 2, "patternId" => "js-eval-injection", "severity" => "critical"}]}
  Pipelines: [:api]
13:17:20.263 request_id=GGBS7syi5pOLOCsAADAR [debug] QUERY OK source="fun_with_flags_toggles" db=0.0ms
SELECT f0."id", f0."flag_name", f0."gate_type", f0."target", f0."enabled" FROM "fun_with_flags_toggles" AS f0 WHERE (f0."flag_name" = $1) ["false_positive_caching"]
13:17:20.263 request_id=GGBS7syi5pOLOCsAADAR [debug] Telemetry event: [:fun_with_flags, :persistence, :read], metadata: %{flag_name: :false_positive_caching, gate: nil}, measurements: %{system_time: 1756495040263541729}
13:17:20.263 request_id=GGBS7syi5pOLOCsAADAR [debug] Using standard validation controller (feature flag disabled)
13:17:20.263 request_id=GGBS7syi5pOLOCsAADAR [debug] QUERY OK source="api_keys" db=0.0ms
SELECT a0."id", a0."key", a0."name", a0."permissions", a0."active", a0."last_used_at", a0."expires_at", a0."customer_id", a0."inserted_at", a0."updated_at" FROM "api_keys" AS a0 WHERE ((a0."key" = $1) AND (a0."active" = $2)) ["rsolv_test_abc123", true]
13:17:20.263 request_id=GGBS7syi5pOLOCsAADAR [debug] QUERY OK source="customers" db=0.0ms
SELECT c0."id", c0."name", c0."email", c0."api_key", c0."monthly_limit", c0."current_usage", c0."active", c0."metadata", c0."github_org", c0."plan", c0."user_id", c0."inserted_at", c0."updated_at" FROM "customers" AS c0 WHERE ((c0."api_key" = $1) AND (c0."active" = $2)) ["rsolv_test_abc123", true]
13:17:20.263 request_id=GGBS7syi5pOLOCsAADAR [info] Sent 200 in 427µs
13:17:20.263 request_id=GGBS7syqNNKLOCsAACwM [info] POST /api/v1/vulnerabilities/validate
13:17:20.263 request_id=GGBS7syqNNKLOCsAACwM [debug] Processing with RsolvWeb.Api.V1.VulnerabilityValidationRouter.validate/2
  Parameters: %{"files" => %{"test.js" => "// Line 1\neval(x3);\n// More code"}, "vulnerabilities" => [%{"code" => "eval(x3)", "filePath" => "test.js", "id" => "vuln-3", "line" => 3, "patternId" => "js-eval-injection", "severity" => "critical"}]}
  Pipelines: [:api]
13:17:20.264 request_id=GGBS7syqNNKLOCsAACwM [debug] QUERY OK source="fun_with_flags_toggles" db=0.0ms
SELECT f0."id", f0."flag_name", f0."gate_type", f0."target", f0."enabled" FROM "fun_with_flags_toggles" AS f0 WHERE (f0."flag_name" = $1) ["false_positive_caching"]
13:17:20.264 request_id=GGBS7syqNNKLOCsAACwM [debug] Telemetry event: [:fun_with_flags, :persistence, :read], metadata: %{flag_name: :false_positive_caching, gate: nil}, measurements: %{system_time: 1756495040264044261}
13:17:20.264 request_id=GGBS7syqNNKLOCsAACwM [debug] Using standard validation controller (feature flag disabled)
13:17:20.264 request_id=GGBS7syqNNKLOCsAACwM [debug] QUERY OK source="api_keys" db=0.0ms
SELECT a0."id", a0."key", a0."name", a0."permissions", a0."active", a0."last_used_at", a0."expires_at", a0."customer_id", a0."inserted_at", a0."updated_at" FROM "api_keys" AS a0 WHERE ((a0."key" = $1) AND (a0."active" = $2)) ["rsolv_test_abc123", true]
13:17:20.264 request_id=GGBS7syqNNKLOCsAACwM [debug] QUERY OK source="customers" db=0.0ms
SELECT c0."id", c0."name", c0."email", c0."api_key", c0."monthly_limit", c0."current_usage", c0."active", c0."metadata", c0."github_org", c0."plan", c0."user_id", c0."inserted_at", c0."updated_at" FROM "customers" AS c0 WHERE ((c0."api_key" = $1) AND (c0."active" = $2)) ["rsolv_test_abc123", true]
13:17:20.264 request_id=GGBS7syqNNKLOCsAACwM [info] Sent 200 in 373µs
13:17:20.264 request_id=GGBS7sywiqiLOCsAACyM [info] POST /api/v1/vulnerabilities/validate
13:17:20.264 request_id=GGBS7sywiqiLOCsAACyM [debug] Processing with RsolvWeb.Api.V1.VulnerabilityValidationRouter.validate/2
  Parameters: %{"files" => %{"test.js" => "// Line 1\neval(x1);\n// More code"}, "vulnerabilities" => [%{"code" => "eval(x1)", "filePath" => "test.js", "id" => "vuln-1", "line" => 1, "patternId" => "js-eval-injection", "severity" => "critical"}]}
  Pipelines: [:api]
13:17:20.264 request_id=GGBS7sywiqiLOCsAACyM [debug] QUERY OK source="fun_with_flags_toggles" db=0.0ms
SELECT f0."id", f0."flag_name", f0."gate_type", f0."target", f0."enabled" FROM "fun_with_flags_toggles" AS f0 WHERE (f0."flag_name" = $1) ["false_positive_caching"]
13:17:20.264 request_id=GGBS7sywiqiLOCsAACyM [debug] Telemetry event: [:fun_with_flags, :persistence, :read], metadata: %{flag_name: :false_positive_caching, gate: nil}, measurements: %{system_time: 1756495040264435263}
13:17:20.264 request_id=GGBS7sywiqiLOCsAACyM [debug] Using standard validation controller (feature flag disabled)
13:17:20.264 request_id=GGBS7sywiqiLOCsAACyM [debug] QUERY OK source="api_keys" db=0.0ms
SELECT a0."id", a0."key", a0."name", a0."permissions", a0."active", a0."last_used_at", a0."expires_at", a0."customer_id", a0."inserted_at", a0."updated_at" FROM "api_keys" AS a0 WHERE ((a0."key" = $1) AND (a0."active" = $2)) ["rsolv_test_abc123", true]
13:17:20.264 request_id=GGBS7sywiqiLOCsAACyM [debug] QUERY OK source="customers" db=0.0ms
SELECT c0."id", c0."name", c0."email", c0."api_key", c0."monthly_limit", c0."current_usage", c0."active", c0."metadata", c0."github_org", c0."plan", c0."user_id", c0."inserted_at", c0."updated_at" FROM "customers" AS c0 WHERE ((c0."api_key" = $1) AND (c0."active" = $2)) ["rsolv_test_abc123", true]
13:17:20.264 request_id=GGBS7sywiqiLOCsAACyM [info] Sent 200 in 312µs
13:17:20.264 request_id=GGBS7sy18T2LOCsAAC0M [info] POST /api/v1/vulnerabilities/validate
13:17:20.264 request_id=GGBS7sy18T2LOCsAAC0M [debug] Processing with RsolvWeb.Api.V1.VulnerabilityValidationRouter.validate/2
  Parameters: %{"files" => %{"test.js" => "// Line 1\neval(x2);\n// More code"}, "vulnerabilities" => [%{"code" => "eval(x2)", "filePath" => "test.js", "id" => "vuln-2", "line" => 2, "patternId" => "js-eval-injection", "severity" => "critical"}]}
  Pipelines: [:api]
13:17:20.264 request_id=GGBS7sy18T2LOCsAAC0M [debug] QUERY OK source="fun_with_flags_toggles" db=0.0ms
SELECT f0."id", f0."flag_name", f0."gate_type", f0."target", f0."enabled" FROM "fun_with_flags_toggles" AS f0 WHERE (f0."flag_name" = $1) ["false_positive_caching"]
13:17:20.264 request_id=GGBS7sy18T2LOCsAAC0M [debug] Telemetry event: [:fun_with_flags, :persistence, :read], metadata: %{flag_name: :false_positive_caching, gate: nil}, measurements: %{system_time: 1756495040264772033}
13:17:20.264 request_id=GGBS7sy18T2LOCsAAC0M [debug] Using standard validation controller (feature flag disabled)
13:17:20.264 request_id=GGBS7sy18T2LOCsAAC0M [debug] QUERY OK source="api_keys" db=0.0ms
SELECT a0."id", a0."key", a0."name", a0."permissions", a0."active", a0."last_used_at", a0."expires_at", a0."customer_id", a0."inserted_at", a0."updated_at" FROM "api_keys" AS a0 WHERE ((a0."key" = $1) AND (a0."active" = $2)) ["rsolv_test_abc123", true]
13:17:20.264 request_id=GGBS7sy18T2LOCsAAC0M [debug] QUERY OK source="customers" db=0.0ms
SELECT c0."id", c0."name", c0."email", c0."api_key", c0."monthly_limit", c0."current_usage", c0."active", c0."metadata", c0."github_org", c0."plan", c0."user_id", c0."inserted_at", c0."updated_at" FROM "customers" AS c0 WHERE ((c0."api_key" = $1) AND (c0."active" = $2)) ["rsolv_test_abc123", true]
13:17:20.264 request_id=GGBS7sy18T2LOCsAAC0M [info] Sent 200 in 320µs
13:17:20.265 request_id=GGBS7sy7Z0mLOCsAADCR [info] POST /api/v1/vulnerabilities/validate
13:17:20.265 request_id=GGBS7sy7Z0mLOCsAADCR [debug] Processing with RsolvWeb.Api.V1.VulnerabilityValidationRouter.validate/2
  Parameters: %{"files" => %{"test.js" => "// Line 1\neval(x3);\n// More code"}, "vulnerabilities" => [%{"code" => "eval(x3)", "filePath" => "test.js", "id" => "vuln-3", "line" => 3, "patternId" => "js-eval-injection", "severity" => "critical"}]}
  Pipelines: [:api]
13:17:20.265 request_id=GGBS7sy7Z0mLOCsAADCR [debug] QUERY OK source="fun_with_flags_toggles" db=0.0ms
SELECT f0."id", f0."flag_name", f0."gate_type", f0."target", f0."enabled" FROM "fun_with_flags_toggles" AS f0 WHERE (f0."flag_name" = $1) ["false_positive_caching"]
13:17:20.265 request_id=GGBS7sy7Z0mLOCsAADCR [debug] Telemetry event: [:fun_with_flags, :persistence, :read], metadata: %{flag_name: :false_positive_caching, gate: nil}, measurements: %{system_time: 1756495040265171565}
13:17:20.265 request_id=GGBS7sy7Z0mLOCsAADCR [debug] Using standard validation controller (feature flag disabled)
13:17:20.265 request_id=GGBS7sy7Z0mLOCsAADCR [debug] QUERY OK source="api_keys" db=0.0ms
SELECT a0."id", a0."key", a0."name", a0."permissions", a0."active", a0."last_used_at", a0."expires_at", a0."customer_id", a0."inserted_at", a0."updated_at" FROM "api_keys" AS a0 WHERE ((a0."key" = $1) AND (a0."active" = $2)) ["rsolv_test_abc123", true]
13:17:20.265 request_id=GGBS7sy7Z0mLOCsAADCR [debug] QUERY OK source="customers" db=0.0ms
SELECT c0."id", c0."name", c0."email", c0."api_key", c0."monthly_limit", c0."current_usage", c0."active", c0."metadata", c0."github_org", c0."plan", c0."user_id", c0."inserted_at", c0."updated_at" FROM "customers" AS c0 WHERE ((c0."api_key" = $1) AND (c0."active" = $2)) ["rsolv_test_abc123", true]
13:17:20.265 request_id=GGBS7sy7Z0mLOCsAADCR [info] Sent 200 in 386µs
.13:17:20.265 request_id=GGBS7szEom9cK8oAACYQ [info] POST /api/v1/vulnerabilities/validate
13:17:20.265 request_id=GGBS7szEom9cK8oAACYQ [debug] Processing with RsolvWeb.Api.V1.VulnerabilityValidationRouter.validate/2
  Parameters: %{"files" => %{"test.js" => "// Line 1\neval(userInput);\n// More code"}, "vulnerabilities" => [%{"code" => "eval(userInput)", "filePath" => "test.js", "id" => "vuln-1", "line" => 42, "patternId" => "js-eval-injection", "severity" => "critical"}]}
  Pipelines: [:api]
13:17:20.265 request_id=GGBS7szEom9cK8oAACYQ [debug] QUERY OK source="fun_with_flags_toggles" db=0.0ms
SELECT f0."id", f0."flag_name", f0."gate_type", f0."target", f0."enabled" FROM "fun_with_flags_toggles" AS f0 WHERE (f0."flag_name" = $1) ["false_positive_caching"]
13:17:20.265 request_id=GGBS7szEom9cK8oAACYQ [debug] Telemetry event: [:fun_with_flags, :persistence, :read], metadata: %{flag_name: :false_positive_caching, gate: nil}, measurements: %{system_time: 1756495040265836302}
13:17:20.265 request_id=GGBS7szEom9cK8oAACYQ [debug] Using standard validation controller (feature flag disabled)
13:17:20.266 request_id=GGBS7szEom9cK8oAACYQ [debug] QUERY OK source="api_keys" db=0.2ms
SELECT a0."id", a0."key", a0."name", a0."permissions", a0."active", a0."last_used_at", a0."expires_at", a0."customer_id", a0."inserted_at", a0."updated_at" FROM "api_keys" AS a0 WHERE ((a0."key" = $1) AND (a0."active" = $2)) ["rsolv_test_abc123", true]
13:17:20.266 request_id=GGBS7szEom9cK8oAACYQ [debug] QUERY OK source="customers" db=0.3ms
SELECT c0."id", c0."name", c0."email", c0."api_key", c0."monthly_limit", c0."current_usage", c0."active", c0."metadata", c0."github_org", c0."plan", c0."user_id", c0."inserted_at", c0."updated_at" FROM "customers" AS c0 WHERE ((c0."api_key" = $1) AND (c0."active" = $2)) ["rsolv_test_abc123", true]
13:17:20.266 request_id=GGBS7szEom9cK8oAACYQ [info] Sent 200 in 1ms
13:17:20.266 request_id=GGBS7szUqv9cK8oAACaQ [info] POST /api/v1/vulnerabilities/validate
13:17:20.266 request_id=GGBS7szUqv9cK8oAACaQ [debug] Processing with RsolvWeb.Api.V1.VulnerabilityValidationRouter.validate/2
  Parameters: %{"files" => %{"test.js" => "// Line 1\neval(userInput);\n// More code"}, "vulnerabilities" => [%{"code" => "eval(userInput)", "filePath" => "test.js", "id" => "vuln-1", "line" => 43, "patternId" => "js-eval-injection", "severity" => "critical"}]}
  Pipelines: [:api]
13:17:20.266 request_id=GGBS7szUqv9cK8oAACaQ [debug] QUERY OK source="fun_with_flags_toggles" db=0.0ms
SELECT f0."id", f0."flag_name", f0."gate_type", f0."target", f0."enabled" FROM "fun_with_flags_toggles" AS f0 WHERE (f0."flag_name" = $1) ["false_positive_caching"]
13:17:20.266 request_id=GGBS7szUqv9cK8oAACaQ [debug] Telemetry event: [:fun_with_flags, :persistence, :read], metadata: %{flag_name: :false_positive_caching, gate: nil}, measurements: %{system_time: 1756495040266838802}
13:17:20.266 request_id=GGBS7szUqv9cK8oAACaQ [debug] Using standard validation controller (feature flag disabled)
13:17:20.266 request_id=GGBS7szUqv9cK8oAACaQ [debug] QUERY OK source="api_keys" db=0.0ms
SELECT a0."id", a0."key", a0."name", a0."permissions", a0."active", a0."last_used_at", a0."expires_at", a0."customer_id", a0."inserted_at", a0."updated_at" FROM "api_keys" AS a0 WHERE ((a0."key" = $1) AND (a0."active" = $2)) ["rsolv_test_abc123", true]
13:17:20.267 request_id=GGBS7szUqv9cK8oAACaQ [debug] QUERY OK source="customers" db=0.0ms
SELECT c0."id", c0."name", c0."email", c0."api_key", c0."monthly_limit", c0."current_usage", c0."active", c0."metadata", c0."github_org", c0."plan", c0."user_id", c0."inserted_at", c0."updated_at" FROM "customers" AS c0 WHERE ((c0."api_key" = $1) AND (c0."active" = $2)) ["rsolv_test_abc123", true]
13:17:20.267 request_id=GGBS7szUqv9cK8oAACaQ [info] Sent 200 in 458µs
.13:17:20.267 request_id=GGBS7szeoi0w5FwAAC2M [info] POST /api/v1/vulnerabilities/validate
13:17:20.267 request_id=GGBS7szeoi0w5FwAAC2M [debug] Processing with RsolvWeb.Api.V1.VulnerabilityValidationRouter.validate/2
  Parameters: %{"files" => %{"test.js" => "// Line 1\neval(x);\n// More code"}, "vulnerabilities" => [%{"code" => "eval(x)", "filePath" => "test.js", "id" => "vuln-clear", "line" => 1, "patternId" => "js-eval-injection", "severity" => "critical"}]}
  Pipelines: [:api]
13:17:20.267 request_id=GGBS7szeoi0w5FwAAC2M [debug] QUERY OK source="fun_with_flags_toggles" db=0.1ms
SELECT f0."id", f0."flag_name", f0."gate_type", f0."target", f0."enabled" FROM "fun_with_flags_toggles" AS f0 WHERE (f0."flag_name" = $1) ["false_positive_caching"]
13:17:20.267 request_id=GGBS7szeoi0w5FwAAC2M [debug] Telemetry event: [:fun_with_flags, :persistence, :read], metadata: %{flag_name: :false_positive_caching, gate: nil}, measurements: %{system_time: 1756495040267549734}
13:17:20.267 request_id=GGBS7szeoi0w5FwAAC2M [debug] Using standard validation controller (feature flag disabled)
13:17:20.267 request_id=GGBS7szeoi0w5FwAAC2M [debug] QUERY OK source="api_keys" db=0.3ms
SELECT a0."id", a0."key", a0."name", a0."permissions", a0."active", a0."last_used_at", a0."expires_at", a0."customer_id", a0."inserted_at", a0."updated_at" FROM "api_keys" AS a0 WHERE ((a0."key" = $1) AND (a0."active" = $2)) ["rsolv_test_abc123", true]
13:17:20.268 request_id=GGBS7szeoi0w5FwAAC2M [debug] QUERY OK source="customers" db=0.3ms
SELECT c0."id", c0."name", c0."email", c0."api_key", c0."monthly_limit", c0."current_usage", c0."active", c0."metadata", c0."github_org", c0."plan", c0."user_id", c0."inserted_at", c0."updated_at" FROM "customers" AS c0 WHERE ((c0."api_key" = $1) AND (c0."active" = $2)) ["rsolv_test_abc123", true]
13:17:20.268 request_id=GGBS7szeoi0w5FwAAC2M [info] Sent 200 in 1ms
13:17:20.268 request_id=GGBS7szvilcw5FwAAC4M [info] POST /api/v1/vulnerabilities/validate
13:17:20.268 request_id=GGBS7szvilcw5FwAAC4M [debug] Processing with RsolvWeb.Api.V1.VulnerabilityValidationRouter.validate/2
  Parameters: %{"files" => %{"test.js" => "// Line 1\neval(x);\n// More code"}, "vulnerabilities" => [%{"code" => "eval(x)", "filePath" => "test.js", "id" => "vuln-clear", "line" => 1, "patternId" => "js-eval-injection", "severity" => "critical"}]}
  Pipelines: [:api]
13:17:20.268 request_id=GGBS7szvilcw5FwAAC4M [debug] QUERY OK source="fun_with_flags_toggles" db=0.0ms
SELECT f0."id", f0."flag_name", f0."gate_type", f0."target", f0."enabled" FROM "fun_with_flags_toggles" AS f0 WHERE (f0."flag_name" = $1) ["false_positive_caching"]
13:17:20.268 request_id=GGBS7szvilcw5FwAAC4M [debug] Telemetry event: [:fun_with_flags, :persistence, :read], metadata: %{flag_name: :false_positive_caching, gate: nil}, measurements: %{system_time: 1756495040268604035}
13:17:20.268 request_id=GGBS7szvilcw5FwAAC4M [debug] Using standard validation controller (feature flag disabled)
13:17:20.268 request_id=GGBS7szvilcw5FwAAC4M [debug] QUERY OK source="api_keys" db=0.0ms
SELECT a0."id", a0."key", a0."name", a0."permissions", a0."active", a0."last_used_at", a0."expires_at", a0."customer_id", a0."inserted_at", a0."updated_at" FROM "api_keys" AS a0 WHERE ((a0."key" = $1) AND (a0."active" = $2)) ["rsolv_test_abc123", true]
13:17:20.268 request_id=GGBS7szvilcw5FwAAC4M [debug] QUERY OK source="customers" db=0.0ms
SELECT c0."id", c0."name", c0."email", c0."api_key", c0."monthly_limit", c0."current_usage", c0."active", c0."metadata", c0."github_org", c0."plan", c0."user_id", c0."inserted_at", c0."updated_at" FROM "customers" AS c0 WHERE ((c0."api_key" = $1) AND (c0."active" = $2)) ["rsolv_test_abc123", true]
13:17:20.268 request_id=GGBS7szvilcw5FwAAC4M [info] Sent 200 in 452µs
.13:17:20.269 request_id=GGBS7sz64Hw0WQMAAC6M [info] POST /early-access
13:17:20.269 request_id=GGBS7sz64Hw0WQMAAC6M [debug] Processing with RsolvWeb.PageController.submit_early_access/2
  Parameters: %{"email" => "test_utm@example.com"}
  Pipelines: [:browser]
13:17:20.269 request_id=GGBS7sz64Hw0WQMAAC6M [debug] QUERY OK source="fun_with_flags_toggles" db=0.0ms
SELECT f0."id", f0."flag_name", f0."gate_type", f0."target", f0."enabled" FROM "fun_with_flags_toggles" AS f0 WHERE (f0."flag_name" = $1) ["early_access_signup"]
13:17:20.269 request_id=GGBS7sz64Hw0WQMAAC6M [debug] Telemetry event: [:fun_with_flags, :persistence, :read], metadata: %{flag_name: :early_access_signup, gate: nil}, measurements: %{system_time: 1756495040269370713}
13:17:20.269 request_id=GGBS7sz64Hw0WQMAAC6M [debug] Extracted UTM parameters: %{}
13:17:20.269 request_id=GGBS7sz64Hw0WQMAAC6M [info] Analytics event tracked
13:17:20.269 request_id=GGBS7sz64Hw0WQMAAC6M [debug] QUERY OK db=0.1ms
SELECT create_analytics_partition_if_not_exists($1::date) [~D[2025-08-29]]
13:17:20.269 request_id=GGBS7sz64Hw0WQMAAC6M [debug] QUERY OK source="analytics_events" db=0.1ms
INSERT INTO "analytics_events" ("metadata","event_type","visitor_id","page_path","inserted_at","updated_at") VALUES ($1,$2,$3,$4,$5,$6) RETURNING "id" [%{status: "submit", os: "unknown", form_id: "early-access", browser: "unknown", utm_source_platform: nil, utm_source_campaign: nil, utm_source_content: nil, device_type: "unknown"}, "form_submit", "8acd170085876ece6737ddf0f2b2cfa6", "/early-access", ~N[2025-08-29 19:17:20], ~N[2025-08-29 19:17:20]]
13:17:20.269 request_id=GGBS7sz64Hw0WQMAAC6M [info] Form submission received
13:17:20.269 request_id=GGBS7sz64Hw0WQMAAC6M [info] Valid email received for processing: test_utm@example.com, validation passed
13:17:20.269 request_id=GGBS7sz64Hw0WQMAAC6M [debug] Extracted UTM parameters: %{}
13:17:20.270 request_id=GGBS7sz64Hw0WQMAAC6M [debug] QUERY OK source="early_access_signups" db=0.1ms queue=0.1ms
INSERT INTO "early_access_signups" ("name","email","referral_source","inserted_at") VALUES ($1,$2,$3,$4) RETURNING "id" ["Testutm", "test_utm@example.com", "landing_page", ~N[2025-08-29 19:17:20]]
13:17:20.270 request_id=GGBS7sz64Hw0WQMAAC6M [debug] QUERY OK source="early_access_signups" db=0.1ms
SELECT count(e0."id") FROM "early_access_signups" AS e0 []
13:17:20.270 request_id=GGBS7sz64Hw0WQMAAC6M [info] Successfully saved signup to database
13:17:20.270 request_id=GGBS7sz64Hw0WQMAAC6M [info] ConvertKit API key present: true
13:17:20.270 request_id=GGBS7sz64Hw0WQMAAC6M [error] ConvertKit HTTP request failed
13:17:20.270 request_id=GGBS7sz64Hw0WQMAAC6M [warning] ConvertKit: Failed to add subscriber via primary endpoint
13:17:20.270 request_id=GGBS7sz64Hw0WQMAAC6M [info] ConvertKit: Trying fallback to form-specific endpoint
13:17:20.270 request_id=GGBS7sz64Hw0WQMAAC6M [info] ConvertKit: Using form-specific endpoint as fallback for test_utm@example.com
13:17:20.270 request_id=GGBS7sz64Hw0WQMAAC6M [info] ConvertKit API request successful
13:17:20.270 request_id=GGBS7sz64Hw0WQMAAC6M [info] ConvertKit: Successfully added subscriber via fallback endpoint
13:17:20.270 request_id=GGBS7sz64Hw0WQMAAC6M [info] Analytics event tracked
13:17:20.270 request_id=GGBS7sz64Hw0WQMAAC6M [debug] QUERY OK db=0.0ms
SELECT create_analytics_partition_if_not_exists($1::date) [~D[2025-08-29]]
13:17:20.270 request_id=GGBS7sz64Hw0WQMAAC6M [debug] QUERY OK source="analytics_events" db=0.0ms
INSERT INTO "analytics_events" ("metadata","event_type","visitor_id","page_path","inserted_at","updated_at") VALUES ($1,$2,$3,$4,$5,$6) RETURNING "id" [%{status: "success", os: "unknown", source: "landing_page", form_id: "early-access", browser: "unknown", utm_source_platform: nil, utm_source_campaign: nil, utm_source_content: nil, device_type: "unknown", conversion_type: "early_access_signup", email_domain: "example.com"}, "form_success", "8acd170085876ece6737ddf0f2b2cfa6", "/early-access", ~N[2025-08-29 19:17:20], ~N[2025-08-29 19:17:20]]
13:17:20.270 request_id=GGBS7sz64Hw0WQMAAC6M [info] Analytics event tracked
13:17:20.271 request_id=GGBS7sz64Hw0WQMAAC6M [debug] QUERY OK db=0.0ms
SELECT create_analytics_partition_if_not_exists($1::date) [~D[2025-08-29]]
13:17:20.271 request_id=GGBS7sz64Hw0WQMAAC6M [debug] QUERY OK source="analytics_events" db=0.1ms
INSERT INTO "analytics_events" ("metadata","event_type","visitor_id","page_path","inserted_at","updated_at") VALUES ($1,$2,$3,$4,$5,$6) RETURNING "id" [%{os: "unknown", source: "landing_page", form_id: "early-access", browser: "unknown", utm_source_platform: nil, utm_source_campaign: nil, utm_source_content: nil, device_type: "unknown", conversion_type: "early_access_signup", email_domain: "example.com"}, "conversion", "8acd170085876ece6737ddf0f2b2cfa6", "/early-access", ~N[2025-08-29 19:17:20], ~N[2025-08-29 19:17:20]]
13:17:20.271 request_id=GGBS7sz64Hw0WQMAAC6M [debug] QUERY OK source="fun_with_flags_toggles" db=0.0ms
SELECT f0."id", f0."flag_name", f0."gate_type", f0."target", f0."enabled" FROM "fun_with_flags_toggles" AS f0 WHERE (f0."flag_name" = $1) ["welcome_email_sequence"]
13:17:20.271 request_id=GGBS7sz64Hw0WQMAAC6M [debug] Telemetry event: [:fun_with_flags, :persistence, :read], metadata: %{flag_name: :welcome_email_sequence, gate: nil}, measurements: %{system_time: 1756495040271307051}
13:17:20.271 request_id=GGBS7sz64Hw0WQMAAC6M [info] [PAGE CONTROLLER] Welcome email sequence is ENABLED, starting sequence
13:17:20.271 request_id=GGBS7sz64Hw0WQMAAC6M [info] [PAGE CONTROLLER] About to call EmailSequence.start_early_access_onboarding_sequence
13:17:20.271 request_id=GGBS7sz64Hw0WQMAAC6M [info] [EMAIL SEQUENCE] Starting early access onboarding sequence
13:17:20.271 request_id=GGBS7sz64Hw0WQMAAC6M [info] [EMAIL SEQUENCE] About to call EmailService.send_early_access_welcome_email
13:17:20.271 request_id=GGBS7sz64Hw0WQMAAC6M [info] [EMAIL] send_early_access_welcome_email called
13:17:20.271 request_id=GGBS7sz64Hw0WQMAAC6M [info] [EMAIL DEBUG] Full email struct before sending
13:17:20.271 request_id=GGBS7sz64Hw0WQMAAC6M [info] [EMAIL DEBUG] Extracted recipient email
13:17:20.271 request_id=GGBS7sz64Hw0WQMAAC6M [info] [EMAIL DEBUG] Postmark configuration
13:17:20.271 request_id=GGBS7sz64Hw0WQMAAC6M [info] [EMAIL DEBUG] Email configuration
13:17:20.271 request_id=GGBS7sz64Hw0WQMAAC6M [info] [EMAIL] Attempting to send email via Postmark
13:17:20.271 request_id=GGBS7sz64Hw0WQMAAC6M [debug] Sending email with Bamboo.TestAdapter:

%Bamboo.Email{from: {"RSOLV Team", "support@rsolv.dev"}, to: [nil: "test_utm@example.com"], cc: [], bcc: [], subject: "Welcome to RSOLV Early Access Program", html_body: "<div style=\"font-family: 'Helvetica Neue', Helvetica, Arial, sans-serif; max-width: 600px; margin: 0 auto; padding: 20px;\">\n  <h1 style=\"color: #2C3E50; margin-bottom: 20px;\">Welcome to RSOLV Early Access Program!</h1>\n\n  <p>Hi Testutm,</p>\n\n  <p>Thank you for joining our Early Access Program! You're now part of an exclusive group getting first access to RSOLV.</p>\n\n  <p>Here's what you need to know:</p>\n\n  <ul>\n    <li>You have full access to all current features</li>\n    <li>Your feedback is incredibly valuable to us during this phase</li>\n    <li>You'll receive priority support via email</li>\n  </ul>\n\n  <p>To get started with RSOLV:</p>\n\n  <ol>\n    <li><strong>Your API key will be sent in a follow-up email within 24 hours</strong></li>\n    <li>Once you receive your API key, install our GitHub Action (code below)</li>\n    <li>Set up your repository secrets with your API key</li>\n    <li>Tag your first issues with \"rsolv:automate\"</li>\n  </ol>\n\n  <div style=\"background-color: #fff3cd; border: 1px solid #ffeaa7; color: #856404; padding: 10px; border-radius: 5px; margin: 15px 0;\">\n    <strong>⏳ API Key Coming Soon:</strong> We'll send your personal API key within 24 hours. Look for an email with subject \"Your RSOLV API Key\".\n  </div>\n\n  <div style=\"background-color: #f8f9fa; padding: 15px; border-radius: 5px; margin: 20px 0;\">\n    <pre style=\"margin: 0; overflow-x: auto; white-space: pre-wrap; font-family: monospace;\">name: RSOLV AutoFix\non:\n  issues:\n    types: [opened, edited, labeled]\n\njobs:\n  autofix:\n    runs-on: ubuntu-latest\n    if: contains(github.event.issue.labels.*.name, 'rsolv:automate')\n    steps:\n      - uses: RSOLV-dev/rsolv-action@v1\n        with:\n          github-token: ${{ secrets.GITHUB_TOKEN }}\n          rsolv-api-key: ${{ secrets.RSOLV_API_KEY }}</pre>\n  </div>\n\n  <p>Need help? As an Early Access member, you have priority support - contact us at <a href=\"mailto:support@rsolv.dev\">support@rsolv.dev</a> and we'll personally assist you.</p>\n\n  <p>Your trial includes unlimited automated fixes during the Early Access period.</p>\n\n  <div style=\"margin-top: 30px; padding: 15px; border: 1px solid #e0e0e0; border-radius: 5px; background-color: #f9f9f9;\">\n    <h3 style=\"margin-top: 0; color: #2C3E50;\">Early Access Program Benefits</h3>\n    <ul>\n      <li>Unlimited usage during Early Access</li>\n      <li>Priority support and feature requests</li>\n      <li>Exclusive pricing when we launch</li>\n      <li>Direct access to our development team</li>\n    </ul>\n  </div>\n\n  <p>Best,<br>The RSOLV Team</p>\n\n  <div class=\"footer\" style=\"margin-top: 40px; padding-top: 20px; border-top: 1px solid #e0e0e0; font-size: 0.9em; color: #666;\">\n    <p>\n      You're receiving this email because you joined the RSOLV Early Access Program.\n      <br>\n      If you have any questions, simply reply to this email.\n    </p>\n    <p>\n      RSOLV, Inc. • support@rsolv.dev • © 2025\n    </p>\n    <p>\n      <a href=\"https://rsolv.dev/unsubscribe?email=test_utm@example.com\">Unsubscribe</a> from these emails.\n    </p>\n  </div>\n</div>\n", text_body: "Welcome to RSOLV Early Access Program!\n\nHi Testutm,\n\nThank you for joining our Early Access Program! You're now part of an exclusive group getting first access to RSOLV.\n\nHere's what you need to know:\n- You have full access to all current features\n- Your feedback is incredibly valuable to us during this phase\n- You'll receive priority support via email\n\nTo get started with RSOLV:\n1. Your API key will be sent in a follow-up email within 24 hours\n2. Once you receive your API key, install our GitHub Action\n3. Set up your repository secrets with your API key\n4. Tag your first issues with \"AUTOFIX\"\n\n⏳ API KEY COMING SOON: We'll send your personal API key within 24 hours. Look for an email with subject \"Your RSOLV API Key\".\n\nNeed help? As an Early Access member, you have priority support - contact us at support@rsolv.dev and we'll personally assist you.\n\nYour trial includes unlimited automated fixes during the Early Access period.\n\nEARLY ACCESS PROGRAM BENEFITS:\n* Unlimited usage during Early Access\n* Priority support and feature requests\n* Exclusive pricing when we launch\n* Direct access to our development team\n\nBest,\nThe RSOLV Team\n\n---\nYou're receiving this email because you joined the RSOLV Early Access Program.\nIf you have any questions, simply reply to this email.\n\nRSOLV, Inc. • support@rsolv.dev\n\nTo unsubscribe, visit: https://rsolv.dev/unsubscribe?email=test_utm@example.com\n", headers: %{"X-Postmark-Tag" => "early-access"}, attachments: [], assigns: %{}, private: %{tag: "early-access"}, blocked: false}

13:17:20.271 request_id=GGBS7sz64Hw0WQMAAC6M [info] [EMAIL DEBUG] Raw Postmark response
13:17:20.271 request_id=GGBS7sz64Hw0WQMAAC6M [info] [EMAIL] Email sent successfully via Postmark
13:17:20.271 request_id=GGBS7sz64Hw0WQMAAC6M [info] [EMAIL SEQUENCE] EmailService.send_early_access_welcome_email returned
13:17:20.271 request_id=GGBS7sz64Hw0WQMAAC6M [info] Attempting to tag subscriber
13:17:20.271 request_id=GGBS7sz64Hw0WQMAAC6M [info] ConvertKit: Attempting to tag test_utm@example.com with tag test_tag_id
13:17:20.271 request_id=GGBS7sz64Hw0WQMAAC6M [info] ConvertKit: Successfully tagged test_utm@example.com
13:17:20.271 request_id=GGBS7sz64Hw0WQMAAC6M [info] [EmailWorker] schedule_sequence called
13:17:20.271 request_id=GGBS7sz64Hw0WQMAAC6M [info] [EmailWorker] Found sequence
13:17:20.271 request_id=GGBS7sz64Hw0WQMAAC6M [info] [EmailWorker] Processing email config
13:17:20.271 request_id=GGBS7sz64Hw0WQMAAC6M [info] [EmailWorker] Skipping immediate email
13:17:20.271 request_id=GGBS7sz64Hw0WQMAAC6M [info] [EmailWorker] Processing email config
13:17:20.271 request_id=GGBS7sz64Hw0WQMAAC6M [info] [EmailWorker] Scheduling email
13:17:20.271 request_id=GGBS7sz64Hw0WQMAAC6M [info] [EmailWorker] Creating Oban job
13:17:20.271 request_id=GGBS7sz64Hw0WQMAAC6M [info] [EmailWorker] Job created
13:17:20.271 request_id=GGBS7sz64Hw0WQMAAC6M [info] Processing scheduled email
13:17:20.271 request_id=GGBS7sz64Hw0WQMAAC6M [error] Failed to send scheduled email
13:17:20.272 request_id=GGBS7sz64Hw0WQMAAC6M [info] [EmailWorker] Insert result
13:17:20.272 request_id=GGBS7sz64Hw0WQMAAC6M [info] [EmailWorker] Schedule result
13:17:20.272 request_id=GGBS7sz64Hw0WQMAAC6M [info] [EmailWorker] Processing email config
13:17:20.272 request_id=GGBS7sz64Hw0WQMAAC6M [info] [EmailWorker] Scheduling email
13:17:20.272 request_id=GGBS7sz64Hw0WQMAAC6M [info] [EmailWorker] Creating Oban job
13:17:20.272 request_id=GGBS7sz64Hw0WQMAAC6M [info] [EmailWorker] Job created
13:17:20.272 request_id=GGBS7sz64Hw0WQMAAC6M [info] Processing scheduled email
13:17:20.272 request_id=GGBS7sz64Hw0WQMAAC6M [info] [EMAIL DEBUG] Full email struct before sending
13:17:20.272 request_id=GGBS7sz64Hw0WQMAAC6M [info] [EMAIL DEBUG] Extracted recipient email
13:17:20.272 request_id=GGBS7sz64Hw0WQMAAC6M [info] [EMAIL DEBUG] Postmark configuration
13:17:20.272 request_id=GGBS7sz64Hw0WQMAAC6M [info] [EMAIL DEBUG] Email configuration
13:17:20.272 request_id=GGBS7sz64Hw0WQMAAC6M [info] [EMAIL] Attempting to send email via Postmark
13:17:20.272 request_id=GGBS7sz64Hw0WQMAAC6M [debug] Sending email with Bamboo.TestAdapter:

%Bamboo.Email{from: {"RSOLV Team", "support@rsolv.dev"}, to: [nil: "test_utm@example.com"], cc: [], bcc: [], subject: "Verify Your RSOLV Setup - Need Any Help?", html_body: "<!DOCTYPE html>\n<html lang=\"en\">\n<head>\n  <meta charset=\"UTF-8\">\n  <meta name=\"viewport\" content=\"width=device-width, initial-scale=1.0\">\n  <title>Verify Your RSOLV Setup</title>\n  <style>\n    @import url('https://fonts.googleapis.com/css2?family=Space+Grotesk:wght@300;400;500;700&display=swap');\n    \n    body {\n      font-family: 'Space Grotesk', -apple-system, BlinkMacSystemFont, \"Segoe UI\", Roboto, Helvetica, Arial, sans-serif;\n      line-height: 1.6;\n      color: #333;\n      max-width: 600px;\n      margin: 0 auto;\n      padding: 20px;\n      background-color: #f8f9fa;\n    }\n    .container {\n      background-color: #ffffff;\n      border-radius: 8px;\n      padding: 30px;\n      box-shadow: 0 4px 6px rgba(0, 0, 0, 0.05);\n    }\n    .logo {\n      text-align: center;\n      margin-bottom: 30px;\n    }\n    .logo img {\n      max-width: 200px;\n    }\n    h1, h2, h3 {\n      color: #10b981;\n    }\n    .checklist {\n      background-color: #f3f4f6;\n      padding: 20px;\n      border-radius: 8px;\n      margin: 20px 0;\n    }\n    .checklist-item {\n      display: flex;\n      align-items: center;\n      margin-bottom: 15px;\n    }\n    .checklist-item input[type=\"checkbox\"] {\n      margin-right: 10px;\n    }\n    .status-box {\n      background-color: #fff3cd;\n      border: 1px solid #ffeaa7;\n      padding: 15px;\n      border-radius: 8px;\n      margin: 20px 0;\n    }\n    .success-box {\n      background-color: #d4edda;\n      border: 1px solid #c3e6cb;\n      padding: 15px;\n      border-radius: 8px;\n      margin: 20px 0;\n    }\n    .code {\n      background-color: #2d3748;\n      color: #e2e8f0;\n      padding: 15px;\n      border-radius: 5px;\n      font-family: 'Courier New', monospace;\n      overflow-x: auto;\n      margin: 15px 0;\n    }\n    .cta {\n      background-color: #10b981;\n      color: white;\n      padding: 12px 24px;\n      border-radius: 5px;\n      display: inline-block;\n      text-decoration: none;\n      font-weight: bold;\n      margin: 20px 0;\n    }\n    .footer {\n      margin-top: 40px;\n      font-size: 14px;\n      color: #6b7280;\n      border-top: 1px solid #e5e7eb;\n      padding-top: 20px;\n      text-align: center;\n    }\n  </style>\n</head>\n<body>\n  <div class=\"container\">\n    <div class=\"logo\">\n      <img src=\"https://rsolv.dev/images/rsolv_logo_transparent.png\" alt=\"RSOLV Logo\">\n    </div>\n    \n    <h1>Let's Verify Your RSOLV Setup</h1>\n    \n    <p>Hi {@first_name},</p>\n    \n    <p>It's been a few days since you signed up for RSOLV. We want to make sure you're all set up and ready to benefit from automated security scanning and remediation!</p>\n    \n    <div class=\"checklist\">\n      <h3>Quick Setup Checklist:</h3>\n      <div class=\"checklist-item\">\n        <input type=\"checkbox\" disabled> Connected your repositories for security scanning\n      </div>\n      <div class=\"checklist-item\">\n        <input type=\"checkbox\" disabled> Added the GitHub Action workflow for automated fixes\n      </div>\n      <div class=\"checklist-item\">\n        <input type=\"checkbox\" disabled> Set up your RSOLV_API_KEY as a repository secret\n      </div>\n      <div class=\"checklist-item\">\n        <input type=\"checkbox\" disabled> Reviewed security issues found by RSOLV\n      </div>\n      <div class=\"checklist-item\">\n        <input type=\"checkbox\" disabled> Generated and merged your first security fix PR\n      </div>\n    </div>\n    \n    <h2>Need Help with Setup?</h2>\n    \n    <p>If you haven't completed setup yet, here's a quick reminder of the steps:</p>\n    \n    <div class=\"code\">\n# In .github/workflows/rsolv.yml:\nname: RSOLV Security Fixes\n\non:\n  issues:\n    types: [labeled]\n\njobs:\n  security-fix:\n    if: contains(github.event.issue.labels.*.name, 'rsolv:automate')\n    runs-on: ubuntu-latest\n    steps:\n      - uses: rsolv-dev/rsolv-action@v1\n        with:\n          github-token: ${\"{{ secrets.GITHUB_TOKEN }}\"}\n          rsolv-api-key: ${\"{{ secrets.RSOLV_API_KEY }}\"}\n    </div>\n    \n    <div class=\"status-box\">\n      <strong>🎁 Remember:</strong> Your first 10 fixes are completely free! No credit card required. After that, you only pay $15 per fix that gets deployed.\n   " <> ..., text_body: "Let's Verify Your RSOLV Setup\n\nHi Testutm,\n\nIt's been a few days since you signed up for RSOLV. We want to make sure you're all set up and ready to automate your issue resolution!\n\nQuick Setup Checklist:\n[ ] Added the GitHub Action workflow to your repository\n[ ] Set up your RSOLV_API_KEY as a repository secret\n[ ] Tagged your first issue with \"rsolv:automate\"\n[ ] Reviewed and merged your first automated PR\n\nNeed Help with Setup?\nIf you haven't completed setup yet, visit: https://rsolv.dev/docs/getting-started\n\nRemember: Your first 10 fixes are completely free! No credit card required. After that, you only pay $15 per fix that gets deployed.\n\nCommon Questions:\n- Where do I get my API key? Check your welcome email or visit your dashboard\n- Can I use RSOLV on private repos? Yes! RSOLV works with both public and private repositories\n- What types of issues can RSOLV fix? Bug fixes, security vulnerabilities, performance issues, and more\n- How secure is it? We analyze every fix for security vulnerabilities before creating PRs\n\nPro Tip: Start with a simple issue first - something like \"Fix typo in README\" or \"Update deprecated function calls\".\n\nReady to get started? Tag an issue with \"rsolv:automate\" and watch the magic happen!\n\nIf you're stuck or have questions, just reply to this email.\n\nBest regards,\nThe RSOLV Team\n\n---\nTo unsubscribe, visit: https://rsolv.dev/unsubscribe?email=test_utm@example.com\n", headers: %{"X-Postmark-Tag" => "setup-verification"}, attachments: [], assigns: %{}, private: %{tag: "setup-verification"}, blocked: false}

13:17:20.272 request_id=GGBS7sz64Hw0WQMAAC6M [info] [EMAIL DEBUG] Raw Postmark response
13:17:20.272 request_id=GGBS7sz64Hw0WQMAAC6M [info] [EMAIL] Email sent successfully via Postmark
13:17:20.272 request_id=GGBS7sz64Hw0WQMAAC6M [info] Successfully sent scheduled email
13:17:20.272 request_id=GGBS7sz64Hw0WQMAAC6M [info] [EmailWorker] Insert result
13:17:20.272 request_id=GGBS7sz64Hw0WQMAAC6M [info] [EmailWorker] Schedule result
13:17:20.272 request_id=GGBS7sz64Hw0WQMAAC6M [info] [EmailWorker] Processing email config
13:17:20.272 request_id=GGBS7sz64Hw0WQMAAC6M [info] [EmailWorker] Scheduling email
13:17:20.272 request_id=GGBS7sz64Hw0WQMAAC6M [info] [EmailWorker] Creating Oban job
13:17:20.272 request_id=GGBS7sz64Hw0WQMAAC6M [info] [EmailWorker] Job created
13:17:20.272 request_id=GGBS7sz64Hw0WQMAAC6M [info] Processing scheduled email
13:17:20.272 request_id=GGBS7sz64Hw0WQMAAC6M [info] [EMAIL DEBUG] Full email struct before sending
13:17:20.272 request_id=GGBS7sz64Hw0WQMAAC6M [info] [EMAIL DEBUG] Extracted recipient email
13:17:20.272 request_id=GGBS7sz64Hw0WQMAAC6M [info] [EMAIL DEBUG] Postmark configuration
13:17:20.272 request_id=GGBS7sz64Hw0WQMAAC6M [info] [EMAIL DEBUG] Email configuration
13:17:20.272 request_id=GGBS7sz64Hw0WQMAAC6M [info] [EMAIL] Attempting to send email via Postmark
13:17:20.273 request_id=GGBS7sz64Hw0WQMAAC6M [debug] Sending email with Bamboo.TestAdapter:

%Bamboo.Email{from: {"RSOLV Team", "support@rsolv.dev"}, to: [nil: "test_utm@example.com"], cc: [], bcc: [], subject: "Advanced RSOLV Features You Might Have Missed", html_body: "<!DOCTYPE html>\n<html lang=\"en\">\n<head>\n  <meta charset=\"UTF-8\">\n  <meta name=\"viewport\" content=\"width=device-width, initial-scale=1.0\">\n  <title>Advanced RSOLV Features</title>\n  <style>\n    @import url('https://fonts.googleapis.com/css2?family=Space+Grotesk:wght@300;400;500;700&display=swap');\n    \n    body {\n      font-family: 'Space Grotesk', -apple-system, BlinkMacSystemFont, \"Segoe UI\", Roboto, Helvetica, Arial, sans-serif;\n      line-height: 1.6;\n      color: #333;\n      max-width: 600px;\n      margin: 0 auto;\n      padding: 20px;\n      background-color: #f8f9fa;\n    }\n    .container {\n      background-color: #ffffff;\n      border-radius: 8px;\n      padding: 30px;\n      box-shadow: 0 4px 6px rgba(0, 0, 0, 0.05);\n    }\n    .logo {\n      text-align: center;\n      margin-bottom: 30px;\n    }\n    .logo img {\n      max-width: 200px;\n    }\n    h1, h2, h3 {\n      color: #10b981;\n    }\n    .feature-card {\n      background-color: #f3f4f6;\n      padding: 20px;\n      border-radius: 8px;\n      margin-bottom: 20px;\n      border-left: 4px solid #10b981;\n    }\n    .feature-card h3 {\n      margin-top: 0;\n    }\n    .code {\n      background-color: #2d3748;\n      color: #e2e8f0;\n      padding: 15px;\n      border-radius: 5px;\n      font-family: 'Courier New', monospace;\n      overflow-x: auto;\n      margin: 15px 0;\n      font-size: 14px;\n    }\n    .pro-tip {\n      background-color: #fff3cd;\n      border: 1px solid #ffeaa7;\n      padding: 15px;\n      border-radius: 8px;\n      margin: 20px 0;\n    }\n    .security-highlight {\n      background-color: #d4edda;\n      border: 1px solid #c3e6cb;\n      padding: 15px;\n      border-radius: 8px;\n      margin: 20px 0;\n    }\n    .cta {\n      background-color: #10b981;\n      color: white;\n      padding: 12px 24px;\n      border-radius: 5px;\n      display: inline-block;\n      text-decoration: none;\n      font-weight: bold;\n      margin: 20px 0;\n    }\n    .footer {\n      margin-top: 40px;\n      font-size: 14px;\n      color: #6b7280;\n      border-top: 1px solid #e5e7eb;\n      padding-top: 20px;\n      text-align: center;\n    }\n  </style>\n</head>\n<body>\n  <div class=\"container\">\n    <div class=\"logo\">\n      <img src=\"https://rsolv.dev/images/rsolv_logo_transparent.png\" alt=\"RSOLV Logo\">\n    </div>\n    \n    <h1>Unlock the Full Power of RSOLV</h1>\n    \n    <p>Hi {@first_name},</p>\n    \n    <p>You've been using RSOLV for a few days now. Here are some advanced features and techniques that can help you get even more value from automated security scanning and vulnerability remediation:</p>\n    \n    <div class=\"feature-card\">\n      <h3>🎯 Understanding RSOLV's Proactive Scanning</h3>\n      <p>RSOLV continuously scans your repositories for security vulnerabilities and automatically creates issues with detailed remediation plans:</p>\n      <ul>\n        <li><strong>Automated detection:</strong> Scans all files for 180+ vulnerability patterns (and growing)</li>\n        <li><strong>Smart grouping:</strong> Groups similar issues for efficient review</li>\n        <li><strong>Detailed reports:</strong> Shows exact file locations and vulnerable code</li>\n        <li><strong>Fix generation:</strong> Creates secure PRs that address root causes</li>\n      </ul>\n    </div>\n    \n    <div class=\"feature-card\">\n      <h3>🔒 Comprehensive Security Coverage</h3>\n      <p>RSOLV proactively detects and fixes these vulnerability types across your codebase:</p>\n      <ul>\n        <li>SQL/NoSQL injection vulnerabilities</li>\n        <li>Cross-site scripting (XSS) risks</li>\n        <li>Authentication/authorization flaws</li>\n        <li>Insecure cryptographic implementations</li>\n        <li>Hardcoded secrets and API keys</li>\n        <li>Path traversal and open redirects</li>\n        <li>Insecure dependencies and configurations</li>\n      </ul>\n      <p>Each PR includes a detailed security impact assessment and verification tests.</p>\n    </div>\n    \n    <div class=\"security-highlight\">\n      <strong>🛡️ Security Example:</strong> When RSOLV detects unsafe user input handling, it automatically generates fixes with proper sanitization, p" <> ..., text_body: "Unlock the Full Power of RSOLV\n\nHi Testutm,\n\nYou've been using RSOLV for a few days now. Here are some advanced features and techniques:\n\n1. Writing Better Issues for Better Fixes:\n   - Include error messages: Copy the full stack trace\n   - Specify the file/function: \"Fix pagination in UserList.js\"\n   - Describe expected behavior: \"Should show 10 users per page\"\n   - Add context: \"This broke after upgrading to React 18\"\n\n2. Security-First Fixes:\n   RSOLV automatically scans for:\n   - SQL injection vulnerabilities\n   - Cross-site scripting (XSS) risks\n   - Authentication/authorization issues\n   - Insecure dependencies\n   - Hardcoded secrets or API keys\n\n3. Batch Processing:\n   Tag multiple issues with \"rsolv:automate\" and RSOLV creates separate PRs for each.\n\n4. Customizing RSOLV Behavior:\n   Add these tags to your issues:\n   - [performance] - Optimize for speed\n   - [security] - Extra security focus\n   - [minimal] - Smallest possible change\n   - [refactor] - Clean up while fixing\n\nComing Soon:\n- Support for more languages (Go, Rust, PHP)\n- Custom fix preferences per repository\n- Team collaboration features\n- Integration with more platforms\n\nHave a feature request? Just reply to this email!\n\nView advanced documentation: https://rsolv.dev/docs/advanced\n\nBest regards,\nThe RSOLV Team\n\n---\nTo unsubscribe, visit: https://rsolv.dev/unsubscribe?email=test_utm@example.com\n", headers: %{"X-Postmark-Tag" => "feature-deep-dive"}, attachments: [], assigns: %{}, private: %{tag: "feature-deep-dive"}, blocked: false}

13:17:20.273 request_id=GGBS7sz64Hw0WQMAAC6M [info] [EMAIL DEBUG] Raw Postmark response
13:17:20.273 request_id=GGBS7sz64Hw0WQMAAC6M [info] [EMAIL] Email sent successfully via Postmark
13:17:20.273 request_id=GGBS7sz64Hw0WQMAAC6M [info] Successfully sent scheduled email
13:17:20.273 request_id=GGBS7sz64Hw0WQMAAC6M [info] [EmailWorker] Insert result
13:17:20.273 request_id=GGBS7sz64Hw0WQMAAC6M [info] [EmailWorker] Schedule result
13:17:20.273 request_id=GGBS7sz64Hw0WQMAAC6M [info] [EmailWorker] Processing email config
13:17:20.273 request_id=GGBS7sz64Hw0WQMAAC6M [info] [EmailWorker] Scheduling email
13:17:20.273 request_id=GGBS7sz64Hw0WQMAAC6M [info] [EmailWorker] Creating Oban job
13:17:20.273 request_id=GGBS7sz64Hw0WQMAAC6M [info] [EmailWorker] Job created
13:17:20.273 request_id=GGBS7sz64Hw0WQMAAC6M [info] Processing scheduled email
13:17:20.273 request_id=GGBS7sz64Hw0WQMAAC6M [info] [EMAIL DEBUG] Full email struct before sending
13:17:20.273 request_id=GGBS7sz64Hw0WQMAAC6M [info] [EMAIL DEBUG] Extracted recipient email
13:17:20.273 request_id=GGBS7sz64Hw0WQMAAC6M [info] [EMAIL DEBUG] Postmark configuration
13:17:20.273 request_id=GGBS7sz64Hw0WQMAAC6M [info] [EMAIL DEBUG] Email configuration
13:17:20.273 request_id=GGBS7sz64Hw0WQMAAC6M [info] [EMAIL] Attempting to send email via Postmark
13:17:20.273 request_id=GGBS7sz64Hw0WQMAAC6M [debug] Sending email with Bamboo.TestAdapter:

%Bamboo.Email{from: {"RSOLV Team", "support@rsolv.dev"}, to: [nil: "test_utm@example.com"], cc: [], bcc: [], subject: "How's Your Experience with RSOLV?", html_body: "<!DOCTYPE html>\n<html lang=\"en\">\n<head>\n  <meta charset=\"UTF-8\">\n  <meta name=\"viewport\" content=\"width=device-width, initial-scale=1.0\">\n  <title>How's Your RSOLV Experience?</title>\n  <style>\n    @import url('https://fonts.googleapis.com/css2?family=Space+Grotesk:wght@300;400;500;700&display=swap');\n    \n    body {\n      font-family: 'Space Grotesk', -apple-system, BlinkMacSystemFont, \"Segoe UI\", Roboto, Helvetica, Arial, sans-serif;\n      line-height: 1.6;\n      color: #333;\n      max-width: 600px;\n      margin: 0 auto;\n      padding: 20px;\n      background-color: #f8f9fa;\n    }\n    .container {\n      background-color: #ffffff;\n      border-radius: 8px;\n      padding: 30px;\n      box-shadow: 0 4px 6px rgba(0, 0, 0, 0.05);\n    }\n    .logo {\n      text-align: center;\n      margin-bottom: 30px;\n    }\n    .logo img {\n      max-width: 200px;\n    }\n    h1, h2, h3 {\n      color: #10b981;\n    }\n    .survey-card {\n      background-color: #f3f4f6;\n      padding: 20px;\n      border-radius: 8px;\n      margin: 20px 0;\n      text-align: center;\n    }\n    .rating-container {\n      display: flex;\n      justify-content: center;\n      gap: 10px;\n      margin: 20px 0;\n    }\n    .rating-box {\n      width: 40px;\n      height: 40px;\n      border: 2px solid #10b981;\n      border-radius: 8px;\n      display: flex;\n      align-items: center;\n      justify-content: center;\n      text-decoration: none;\n      color: #10b981;\n      font-weight: bold;\n      transition: all 0.3s ease;\n    }\n    .rating-box:hover {\n      background-color: #10b981;\n      color: white;\n    }\n    .question-box {\n      background-color: #f9fafb;\n      padding: 20px;\n      border-radius: 8px;\n      margin: 20px 0;\n      border-left: 4px solid #10b981;\n    }\n    .success-story {\n      background-color: #d4edda;\n      border: 1px solid #c3e6cb;\n      padding: 15px;\n      border-radius: 8px;\n      margin: 20px 0;\n    }\n    .cta {\n      background-color: #10b981;\n      color: white;\n      padding: 12px 24px;\n      border-radius: 5px;\n      display: inline-block;\n      text-decoration: none;\n      font-weight: bold;\n      margin: 20px 0;\n    }\n    .cta-secondary {\n      background-color: #6b7280;\n      color: white;\n      padding: 12px 24px;\n      border-radius: 5px;\n      display: inline-block;\n      text-decoration: none;\n      font-weight: bold;\n      margin: 20px 0;\n    }\n    .footer {\n      margin-top: 40px;\n      font-size: 14px;\n      color: #6b7280;\n      border-top: 1px solid #e5e7eb;\n      padding-top: 20px;\n      text-align: center;\n    }\n  </style>\n</head>\n<body>\n  <div class=\"container\">\n    <div class=\"logo\">\n      <img src=\"https://rsolv.dev/images/rsolv_logo_transparent.png\" alt=\"RSOLV Logo\">\n    </div>\n    \n    <h1>Quick Check-In: How's RSOLV Working for You?</h1>\n    \n    <p>Hi {@first_name},</p>\n    \n    <p>You've been using RSOLV for a week now, and we'd love to hear about your experience! Your feedback helps us make RSOLV better for everyone.</p>\n    \n    <div class=\"survey-card\">\n      <h3>How likely are you to recommend RSOLV to a colleague?</h3>\n      <p>Click a number below:</p>\n      <div class=\"rating-container\">\n        <a href=\"https://rsolv.dev/feedback?rating=1&email={@email}\" class=\"rating-box\">1</a>\n        <a href=\"https://rsolv.dev/feedback?rating=2&email={@email}\" class=\"rating-box\">2</a>\n        <a href=\"https://rsolv.dev/feedback?rating=3&email={@email}\" class=\"rating-box\">3</a>\n        <a href=\"https://rsolv.dev/feedback?rating=4&email={@email}\" class=\"rating-box\">4</a>\n        <a href=\"https://rsolv.dev/feedback?rating=5&email={@email}\" class=\"rating-box\">5</a>\n        <a href=\"https://rsolv.dev/feedback?rating=6&email={@email}\" class=\"rating-box\">6</a>\n        <a href=\"https://rsolv.dev/feedback?rating=7&email={@email}\" class=\"rating-box\">7</a>\n        <a href=\"https://rsolv.dev/feedback?rating=8&email={@email}\" class=\"rating-box\">8</a>\n        <a href=\"https://rsolv.dev/feedback?rating=9&email={@email}\" class=\"rating-box\">9</a>\n        <a href=\"https://rsolv.dev/feedback?rating=10&email={@email}\" class=\"rating-box\">10</a>\n      </div>\n" <> ..., text_body: "Quick Check-In: How's RSOLV Working for You?\n\nHi Testutm,\n\nYou've been using RSOLV for a week now, and we'd love to hear about your experience!\n\nHow likely are you to recommend RSOLV to a colleague?\nRate us from 1-10: https://rsolv.dev/feedback?email=test_utm@example.com\n\nThree Quick Questions:\n1. What's been your favorite RSOLV fix so far?\n2. What feature would you like to see next?\n3. Any challenges or friction points?\n\nJust hit reply and share your thoughts - we read every response!\n\nDid You Know?\nHere are some ways other teams are using RSOLV:\n- Security audits: Tag all security-related issues for automated fixes\n- Tech debt cleanup: Fix deprecated function calls across the codebase\n- Onboarding tool: Let new devs see how fixes should be implemented\n- Weekend warrior: Queue up fixes on Friday, review on Monday\n\nThanks for being an early adopter!\n\nBest regards,\nDylan & The RSOLV Team\n\nP.S. If RSOLV has saved you time this week, we'd love to hear about it!\n\n---\nTo unsubscribe, visit: https://rsolv.dev/unsubscribe?email=test_utm@example.com\n", headers: %{"X-Postmark-Tag" => "feedback-request"}, attachments: [], assigns: %{}, private: %{tag: "feedback-request"}, blocked: false}

13:17:20.273 request_id=GGBS7sz64Hw0WQMAAC6M [info] [EMAIL DEBUG] Raw Postmark response
13:17:20.273 request_id=GGBS7sz64Hw0WQMAAC6M [info] [EMAIL] Email sent successfully via Postmark
13:17:20.273 request_id=GGBS7sz64Hw0WQMAAC6M [info] Successfully sent scheduled email
13:17:20.273 request_id=GGBS7sz64Hw0WQMAAC6M [info] [EmailWorker] Insert result
13:17:20.273 request_id=GGBS7sz64Hw0WQMAAC6M [info] [EmailWorker] Schedule result
13:17:20.273 request_id=GGBS7sz64Hw0WQMAAC6M [info] [EmailWorker] Processing email config
13:17:20.273 request_id=GGBS7sz64Hw0WQMAAC6M [info] [EmailWorker] Scheduling email
13:17:20.273 request_id=GGBS7sz64Hw0WQMAAC6M [info] [EmailWorker] Creating Oban job
13:17:20.273 request_id=GGBS7sz64Hw0WQMAAC6M [info] [EmailWorker] Job created
13:17:20.273 request_id=GGBS7sz64Hw0WQMAAC6M [info] Processing scheduled email
13:17:20.274 request_id=GGBS7sz64Hw0WQMAAC6M [info] [EMAIL DEBUG] Full email struct before sending
13:17:20.274 request_id=GGBS7sz64Hw0WQMAAC6M [info] [EMAIL DEBUG] Extracted recipient email
13:17:20.274 request_id=GGBS7sz64Hw0WQMAAC6M [info] [EMAIL DEBUG] Postmark configuration
13:17:20.274 request_id=GGBS7sz64Hw0WQMAAC6M [info] [EMAIL DEBUG] Email configuration
13:17:20.274 request_id=GGBS7sz64Hw0WQMAAC6M [info] [EMAIL] Attempting to send email via Postmark
13:17:20.274 request_id=GGBS7sz64Hw0WQMAAC6M [debug] Sending email with Bamboo.TestAdapter:

%Bamboo.Email{from: {"RSOLV Team", "support@rsolv.dev"}, to: [nil: "test_utm@example.com"], cc: [], bcc: [], subject: "Your RSOLV Success Report", html_body: "<!DOCTYPE html>\n<html lang=\"en\">\n<head>\n  <meta charset=\"UTF-8\">\n  <meta name=\"viewport\" content=\"width=device-width, initial-scale=1.0\">\n  <title>Your RSOLV Success Report</title>\n  <style>\n    @import url('https://fonts.googleapis.com/css2?family=Space+Grotesk:wght@300;400;500;700&display=swap');\n    \n    body {\n      font-family: 'Space Grotesk', -apple-system, BlinkMacSystemFont, \"Segoe UI\", Roboto, Helvetica, Arial, sans-serif;\n      line-height: 1.6;\n      color: #333;\n      max-width: 600px;\n      margin: 0 auto;\n      padding: 20px;\n      background-color: #f8f9fa;\n    }\n    .container {\n      background-color: #ffffff;\n      border-radius: 8px;\n      padding: 30px;\n      box-shadow: 0 4px 6px rgba(0, 0, 0, 0.05);\n    }\n    .logo {\n      text-align: center;\n      margin-bottom: 30px;\n    }\n    .logo img {\n      max-width: 200px;\n    }\n    h1, h2, h3 {\n      color: #10b981;\n    }\n    .stats-grid {\n      display: grid;\n      grid-template-columns: 1fr 1fr;\n      gap: 20px;\n      margin: 30px 0;\n    }\n    .stat-card {\n      background-color: #f3f4f6;\n      padding: 20px;\n      border-radius: 8px;\n      text-align: center;\n      border-top: 4px solid #10b981;\n    }\n    .stat-number {\n      font-size: 36px;\n      font-weight: bold;\n      color: #10b981;\n      margin: 10px 0;\n    }\n    .stat-label {\n      color: #6b7280;\n      font-size: 14px;\n    }\n    .achievement-banner {\n      background: linear-gradient(135deg, #10b981 0%, #059669 100%);\n      color: white;\n      padding: 20px;\n      border-radius: 8px;\n      text-align: center;\n      margin: 20px 0;\n    }\n    .timeline {\n      margin: 30px 0;\n    }\n    .timeline-item {\n      display: flex;\n      margin-bottom: 20px;\n      align-items: flex-start;\n    }\n    .timeline-marker {\n      width: 40px;\n      height: 40px;\n      background-color: #10b981;\n      color: white;\n      border-radius: 50%;\n      display: flex;\n      align-items: center;\n      justify-content: center;\n      flex-shrink: 0;\n      margin-right: 15px;\n    }\n    .timeline-content {\n      flex-grow: 1;\n    }\n    .pricing-highlight {\n      background-color: #fff3cd;\n      border: 1px solid #ffeaa7;\n      padding: 20px;\n      border-radius: 8px;\n      margin: 20px 0;\n      text-align: center;\n    }\n    .cta {\n      background-color: #10b981;\n      color: white;\n      padding: 12px 24px;\n      border-radius: 5px;\n      display: inline-block;\n      text-decoration: none;\n      font-weight: bold;\n      margin: 20px 0;\n    }\n    .cta-secondary {\n      background-color: #2563eb;\n      color: white;\n      padding: 12px 24px;\n      border-radius: 5px;\n      display: inline-block;\n      text-decoration: none;\n      font-weight: bold;\n      margin: 20px 0;\n    }\n    .footer {\n      margin-top: 40px;\n      font-size: 14px;\n      color: #6b7280;\n      border-top: 1px solid #e5e7eb;\n      padding-top: 20px;\n      text-align: center;\n    }\n    @media (max-width: 600px) {\n      .stats-grid {\n        grid-template-columns: 1fr;\n      }\n    }\n  </style>\n</head>\n<body>\n  <div class=\"container\">\n    <div class=\"logo\">\n      <img src=\"https://rsolv.dev/images/rsolv_logo_transparent.png\" alt=\"RSOLV Logo\">\n    </div>\n    \n    <h1>Your 2-Week RSOLV Success Report 🎉</h1>\n    \n    <p>Hi {@first_name},</p>\n    \n    <p>Congratulations! You've been using RSOLV for two weeks. Here's a snapshot of what we've accomplished together:</p>\n    \n    <div class=\"stats-grid\">\n      <div class=\"stat-card\">\n        <div class=\"stat-label\">Issues Fixed</div>\n        <div class=\"stat-number\">{Map.get(@usage_stats || %{}, :issues_fixed, 0)}</div>\n      </div>\n      <div class=\"stat-card\">\n        <div class=\"stat-label\">PRs Created</div>\n        <div class=\"stat-number\">{Map.get(@usage_stats || %{}, :prs_created, 0)}</div>\n      </div>\n      <div class=\"stat-card\">\n        <div class=\"stat-label\">Time Saved</div>\n        <div class=\"stat-number\">{Map.get(@usage_stats || %{}, :time_saved, \"0 hrs\")}</div>\n      </div>\n      <div class=\"stat-card\">\n        <div class=\"stat-label\">Security Issues Found</div>\n        <div class=\"stat-number\">{Map.ge" <> ..., text_body: "Your 2-Week RSOLV Success Report\n\nHi Testutm,\n\nCongratulations! You've been using RSOLV for two weeks. Here's what we've accomplished together:\n\nYour Stats:\n- Issues Fixed: Check your dashboard\n- PRs Created: Check your dashboard\n- Time Saved: Check your dashboard\n- Security Issues Found: Check your dashboard\n\nYour Trial Status:\nCheck how many free fixes you have remaining at: https://rsolv.dev/dashboard\n\nWhat's Next?\n- Expand to more repositories\n- Automate security audits\n- Clean up tech debt\n- Train your team\n\nNeed Help Scaling Up?\nI'd love to help you get even more value from RSOLV:\n- Schedule a 15-minute optimization call\n- Get best practices for your specific tech stack\n- Learn about volume discounts for teams\n\nJust reply to this email and let me know how I can help!\n\nThanks for being part of the RSOLV community.\n\nBest regards,\nDylan Fitzgerald\nFounder, RSOLV\n\nP.S. If RSOLV has been valuable to your team, I'd be grateful if you could share a quick testimonial.\n\n---\nTo unsubscribe, visit: https://rsolv.dev/unsubscribe?email=test_utm@example.com\n", headers: %{"X-Postmark-Tag" => "success-checkin"}, attachments: [], assigns: %{}, private: %{tag: "success-checkin"}, blocked: false}

13:17:20.274 request_id=GGBS7sz64Hw0WQMAAC6M [info] [EMAIL DEBUG] Raw Postmark response
13:17:20.274 request_id=GGBS7sz64Hw0WQMAAC6M [info] [EMAIL] Email sent successfully via Postmark
13:17:20.274 request_id=GGBS7sz64Hw0WQMAAC6M [info] Successfully sent scheduled email
13:17:20.274 request_id=GGBS7sz64Hw0WQMAAC6M [info] [EmailWorker] Insert result
13:17:20.274 request_id=GGBS7sz64Hw0WQMAAC6M [info] [EmailWorker] Schedule result
13:17:20.274 request_id=GGBS7sz64Hw0WQMAAC6M [info] [PAGE CONTROLLER] EmailSequence.start_early_access_onboarding_sequence returned
13:17:20.274 request_id=GGBS7sz64Hw0WQMAAC6M [debug] Sending email with Bamboo.TestAdapter:

%Bamboo.Email{from: {"RSOLV Team", "support@rsolv.dev"}, to: [nil: "admin@rsolv.dev"], cc: [], bcc: [], subject: "🎉 New RSOLV Signup: test_utm@example.com", html_body: "<!DOCTYPE html>\n<html>\n<head>\n  <meta charset=\"utf-8\">\n  <style>\n    body { font-family: -apple-system, BlinkMacSystemFont, 'Segoe UI', Roboto, sans-serif; line-height: 1.6; color: #333; }\n    .container { max-width: 600px; margin: 0 auto; padding: 20px; }\n    .header { background: #10b981; color: white; padding: 20px; border-radius: 8px 8px 0 0; }\n    .content { background: #f9fafb; padding: 20px; border: 1px solid #e5e7eb; border-radius: 0 0 8px 8px; }\n    .metric { display: inline-block; margin: 10px 20px 10px 0; }\n    .metric-label { font-size: 12px; color: #6b7280; text-transform: uppercase; }\n    .metric-value { font-size: 18px; font-weight: bold; color: #111827; }\n    .details { background: white; padding: 15px; border-radius: 4px; margin: 15px 0; }\n    .detail-row { display: flex; justify-content: space-between; padding: 8px 0; border-bottom: 1px solid #f3f4f6; }\n    .detail-row:last-child { border-bottom: none; }\n    .detail-label { font-weight: 500; color: #6b7280; }\n    .detail-value { color: #111827; }\n    .utm-badge { display: inline-block; background: #dbeafe; color: #1e40af; padding: 2px 8px; border-radius: 4px; font-size: 12px; margin-left: 4px; }\n  </style>\n</head>\n<body>\n  <div class=\"container\">\n    <div class=\"header\">\n      <h1 style=\"margin: 0; font-size: 24px;\">🎉 New RSOLV Signup!</h1>\n      <p style=\"margin: 5px 0 0 0; opacity: 0.9;\">August 29, 2025 at 07:17 PM UTC</p>\n    </div>\n    \n    <div class=\"content\">\n      <div class=\"metric\">\n        <div class=\"metric-label\">Email</div>\n        <div class=\"metric-value\">test_utm@example.com</div>\n      </div>\n      \n      \n      \n      <div class=\"details\">\n        <h3 style=\"margin-top: 0;\">Signup Details</h3>\n        \n        <div class=\"detail-row\">\n          <span class=\"detail-label\">Source</span>\n          <span class=\"detail-value\">\n            landing_page\n            \n          </span>\n        </div>\n        \n        \n        \n        \n        \n        \n      </div>\n      \n      <div style=\"margin-top: 20px; text-align: center;\">\n        <a href=\"https://rsolv.dev/live/dashboard\" style=\"display: inline-block; background: #10b981; color: white; padding: 10px 20px; text-decoration: none; border-radius: 4px;\">\n          View Dashboard\n        </a>\n      </div>\n    </div>\n  </div>\n</body>\n</html>\n", text_body: "🎉 New RSOLV Signup!\n\nEmail: test_utm@example.com\n\nTime: August 29, 2025 at 07:17 PM UTC\n\nSource Details:\n- Source: landing_page\n\n\n\n\n\nView full dashboard: https://rsolv.dev/live/dashboard\n", headers: %{"Message-ID" => "<1756495040.372268@rsolv.dev>", "X-Postmark-Tag" => "admin-notification", "X-Priority" => "1"}, attachments: [], assigns: %{}, private: %{tag: "admin-notification"}, blocked: false}

13:17:20.274 request_id=GGBS7sz64Hw0WQMAAC6M [info] Admin notification sent for new signup
13:17:20.274 request_id=GGBS7sz64Hw0WQMAAC6M [info] Sent 302 in 5ms
.13:17:20.274 request_id=GGBS7s1RnOlTirkAADER [info] POST /early-access
13:17:20.274 request_id=GGBS7s1RnOlTirkAADER [debug] Processing with RsolvWeb.PageController.submit_early_access/2
  Parameters: %{"email" => "invalid-email"}
  Pipelines: [:browser]
13:17:20.275 request_id=GGBS7s1RnOlTirkAADER [debug] QUERY OK source="fun_with_flags_toggles" db=0.0ms
SELECT f0."id", f0."flag_name", f0."gate_type", f0."target", f0."enabled" FROM "fun_with_flags_toggles" AS f0 WHERE (f0."flag_name" = $1) ["early_access_signup"]
13:17:20.275 request_id=GGBS7s1RnOlTirkAADER [debug] Telemetry event: [:fun_with_flags, :persistence, :read], metadata: %{flag_name: :early_access_signup, gate: nil}, measurements: %{system_time: 1756495040275060692}
13:17:20.275 request_id=GGBS7s1RnOlTirkAADER [debug] Extracted UTM parameters: %{}
13:17:20.275 request_id=GGBS7s1RnOlTirkAADER [info] Analytics event tracked
13:17:20.275 request_id=GGBS7s1RnOlTirkAADER [debug] QUERY OK db=0.2ms
SELECT create_analytics_partition_if_not_exists($1::date) [~D[2025-08-29]]
13:17:20.275 request_id=GGBS7s1RnOlTirkAADER [debug] QUERY OK source="analytics_events" db=0.1ms
INSERT INTO "analytics_events" ("metadata","event_type","visitor_id","page_path","inserted_at","updated_at") VALUES ($1,$2,$3,$4,$5,$6) RETURNING "id" [%{status: "submit", os: "unknown", form_id: "early-access", browser: "unknown", utm_source_platform: nil, utm_source_campaign: nil, utm_source_content: nil, device_type: "unknown"}, "form_submit", "e3137bb883e7180fdb5b3479326e97b5", "/early-access", ~N[2025-08-29 19:17:20], ~N[2025-08-29 19:17:20]]
13:17:20.275 request_id=GGBS7s1RnOlTirkAADER [info] Form submission received
13:17:20.275 request_id=GGBS7s1RnOlTirkAADER [info] Analytics event tracked
13:17:20.275 request_id=GGBS7s1RnOlTirkAADER [debug] QUERY OK db=0.1ms
SELECT create_analytics_partition_if_not_exists($1::date) [~D[2025-08-29]]
13:17:20.276 request_id=GGBS7s1RnOlTirkAADER [debug] QUERY OK source="analytics_events" db=0.1ms
INSERT INTO "analytics_events" ("metadata","event_type","visitor_id","page_path","inserted_at","updated_at") VALUES ($1,$2,$3,$4,$5,$6) RETURNING "id" [%{status: "error", os: "unknown", error_type: "validation", form_id: "early-access", browser: "unknown", utm_source_platform: nil, utm_source_campaign: nil, utm_source_content: nil, device_type: "unknown", email_input: "invalid-email", error_details: "Email must contain @"}, "form_error", "e3137bb883e7180fdb5b3479326e97b5", "/early-access", ~N[2025-08-29 19:17:20], ~N[2025-08-29 19:17:20]]
13:17:20.276 request_id=GGBS7s1RnOlTirkAADER [info] Sent 302 in 1ms
13:17:20.276 request_id=GGBS7s1RnOlTirkAADER [debug] QUERY OK source="early_access_signups" db=0.1ms queue=0.1ms
SELECT e0."id", e0."email", e0."name", e0."company", e0."referral_source", e0."utm_source", e0."utm_medium", e0."utm_campaign", e0."inserted_at" FROM "early_access_signups" AS e0 WHERE (e0."email" = $1) ["invalid-email"]
.13:17:20.276 request_id=GGBS7s1tLjryE_8AACcQ [info] POST /early-access
13:17:20.276 request_id=GGBS7s1tLjryE_8AACcQ [debug] Processing with RsolvWeb.PageController.submit_early_access/2
  Parameters: %{"email" => "test_integration@example.com"}
  Pipelines: [:browser]
13:17:20.276 request_id=GGBS7s1tLjryE_8AACcQ [debug] QUERY OK source="fun_with_flags_toggles" db=0.0ms
SELECT f0."id", f0."flag_name", f0."gate_type", f0."target", f0."enabled" FROM "fun_with_flags_toggles" AS f0 WHERE (f0."flag_name" = $1) ["early_access_signup"]
13:17:20.276 request_id=GGBS7s1tLjryE_8AACcQ [debug] Telemetry event: [:fun_with_flags, :persistence, :read], metadata: %{flag_name: :early_access_signup, gate: nil}, measurements: %{system_time: 1756495040276870114}
13:17:20.276 request_id=GGBS7s1tLjryE_8AACcQ [debug] Extracted UTM parameters: %{}
13:17:20.276 request_id=GGBS7s1tLjryE_8AACcQ [info] Analytics event tracked
13:17:20.277 request_id=GGBS7s1tLjryE_8AACcQ [debug] QUERY OK db=0.0ms queue=0.1ms
SELECT create_analytics_partition_if_not_exists($1::date) [~D[2025-08-29]]
13:17:20.277 request_id=GGBS7s1tLjryE_8AACcQ [debug] QUERY OK source="analytics_events" db=0.0ms
INSERT INTO "analytics_events" ("metadata","event_type","visitor_id","page_path","inserted_at","updated_at") VALUES ($1,$2,$3,$4,$5,$6) RETURNING "id" [%{status: "submit", os: "unknown", form_id: "early-access", browser: "unknown", utm_source_platform: nil, utm_source_campaign: nil, utm_source_content: nil, device_type: "unknown"}, "form_submit", "0ebdbfa087187f447ed629fad9844f1c", "/early-access", ~N[2025-08-29 19:17:20], ~N[2025-08-29 19:17:20]]
13:17:20.277 request_id=GGBS7s1tLjryE_8AACcQ [info] Form submission received
13:17:20.277 request_id=GGBS7s1tLjryE_8AACcQ [info] Valid email received for processing: test_integration@example.com, validation passed
13:17:20.277 request_id=GGBS7s1tLjryE_8AACcQ [debug] Extracted UTM parameters: %{}
13:17:20.277 request_id=GGBS7s1tLjryE_8AACcQ [debug] QUERY OK source="early_access_signups" db=0.0ms
INSERT INTO "early_access_signups" ("name","email","referral_source","inserted_at") VALUES ($1,$2,$3,$4) RETURNING "id" ["Testintegration", "test_integration@example.com", "landing_page", ~N[2025-08-29 19:17:20]]
13:17:20.277 request_id=GGBS7s1tLjryE_8AACcQ [debug] QUERY OK source="early_access_signups" db=0.0ms
SELECT count(e0."id") FROM "early_access_signups" AS e0 []
13:17:20.277 request_id=GGBS7s1tLjryE_8AACcQ [info] Successfully saved signup to database
13:17:20.277 request_id=GGBS7s1tLjryE_8AACcQ [info] ConvertKit API key present: true
13:17:20.277 request_id=GGBS7s1tLjryE_8AACcQ [info] ConvertKit API request successful
13:17:20.277 request_id=GGBS7s1tLjryE_8AACcQ [info] ConvertKit: Successfully added subscriber
13:17:20.277 request_id=GGBS7s1tLjryE_8AACcQ [info] Analytics event tracked
13:17:20.277 request_id=GGBS7s1tLjryE_8AACcQ [debug] QUERY OK db=0.0ms
SELECT create_analytics_partition_if_not_exists($1::date) [~D[2025-08-29]]
13:17:20.277 request_id=GGBS7s1tLjryE_8AACcQ [debug] QUERY OK source="analytics_events" db=0.1ms
INSERT INTO "analytics_events" ("metadata","event_type","visitor_id","page_path","inserted_at","updated_at") VALUES ($1,$2,$3,$4,$5,$6) RETURNING "id" [%{status: "success", os: "unknown", source: "landing_page", form_id: "early-access", browser: "unknown", utm_source_platform: nil, utm_source_campaign: nil, utm_source_content: nil, device_type: "unknown", conversion_type: "early_access_signup", email_domain: "example.com"}, "form_success", "0ebdbfa087187f447ed629fad9844f1c", "/early-access", ~N[2025-08-29 19:17:20], ~N[2025-08-29 19:17:20]]
13:17:20.277 request_id=GGBS7s1tLjryE_8AACcQ [info] Analytics event tracked
13:17:20.278 request_id=GGBS7s1tLjryE_8AACcQ [debug] QUERY OK db=0.0ms
SELECT create_analytics_partition_if_not_exists($1::date) [~D[2025-08-29]]
13:17:20.278 request_id=GGBS7s1tLjryE_8AACcQ [debug] QUERY OK source="analytics_events" db=0.0ms
INSERT INTO "analytics_events" ("metadata","event_type","visitor_id","page_path","inserted_at","updated_at") VALUES ($1,$2,$3,$4,$5,$6) RETURNING "id" [%{os: "unknown", source: "landing_page", form_id: "early-access", browser: "unknown", utm_source_platform: nil, utm_source_campaign: nil, utm_source_content: nil, device_type: "unknown", conversion_type: "early_access_signup", email_domain: "example.com"}, "conversion", "0ebdbfa087187f447ed629fad9844f1c", "/early-access", ~N[2025-08-29 19:17:20], ~N[2025-08-29 19:17:20]]
13:17:20.278 request_id=GGBS7s1tLjryE_8AACcQ [debug] QUERY OK source="fun_with_flags_toggles" db=0.0ms
SELECT f0."id", f0."flag_name", f0."gate_type", f0."target", f0."enabled" FROM "fun_with_flags_toggles" AS f0 WHERE (f0."flag_name" = $1) ["welcome_email_sequence"]
13:17:20.278 request_id=GGBS7s1tLjryE_8AACcQ [debug] Telemetry event: [:fun_with_flags, :persistence, :read], metadata: %{flag_name: :welcome_email_sequence, gate: nil}, measurements: %{system_time: 1756495040278314423}
13:17:20.278 request_id=GGBS7s1tLjryE_8AACcQ [info] [PAGE CONTROLLER] Welcome email sequence is ENABLED, starting sequence
13:17:20.278 request_id=GGBS7s1tLjryE_8AACcQ [info] [PAGE CONTROLLER] About to call EmailSequence.start_early_access_onboarding_sequence
13:17:20.278 request_id=GGBS7s1tLjryE_8AACcQ [info] [EMAIL SEQUENCE] Starting early access onboarding sequence
13:17:20.278 request_id=GGBS7s1tLjryE_8AACcQ [info] [EMAIL SEQUENCE] About to call EmailService.send_early_access_welcome_email
13:17:20.278 request_id=GGBS7s1tLjryE_8AACcQ [info] [EMAIL] send_early_access_welcome_email called
13:17:20.278 request_id=GGBS7s1tLjryE_8AACcQ [info] [EMAIL DEBUG] Full email struct before sending
13:17:20.278 request_id=GGBS7s1tLjryE_8AACcQ [info] [EMAIL DEBUG] Extracted recipient email
13:17:20.278 request_id=GGBS7s1tLjryE_8AACcQ [info] [EMAIL DEBUG] Postmark configuration
13:17:20.278 request_id=GGBS7s1tLjryE_8AACcQ [info] [EMAIL DEBUG] Email configuration
13:17:20.278 request_id=GGBS7s1tLjryE_8AACcQ [info] [EMAIL] Attempting to send email via Postmark
13:17:20.278 request_id=GGBS7s1tLjryE_8AACcQ [debug] Sending email with Bamboo.TestAdapter:

%Bamboo.Email{from: {"RSOLV Team", "support@rsolv.dev"}, to: [nil: "test_integration@example.com"], cc: [], bcc: [], subject: "Welcome to RSOLV Early Access Program", html_body: "<div style=\"font-family: 'Helvetica Neue', Helvetica, Arial, sans-serif; max-width: 600px; margin: 0 auto; padding: 20px;\">\n  <h1 style=\"color: #2C3E50; margin-bottom: 20px;\">Welcome to RSOLV Early Access Program!</h1>\n\n  <p>Hi Testintegration,</p>\n\n  <p>Thank you for joining our Early Access Program! You're now part of an exclusive group getting first access to RSOLV.</p>\n\n  <p>Here's what you need to know:</p>\n\n  <ul>\n    <li>You have full access to all current features</li>\n    <li>Your feedback is incredibly valuable to us during this phase</li>\n    <li>You'll receive priority support via email</li>\n  </ul>\n\n  <p>To get started with RSOLV:</p>\n\n  <ol>\n    <li><strong>Your API key will be sent in a follow-up email within 24 hours</strong></li>\n    <li>Once you receive your API key, install our GitHub Action (code below)</li>\n    <li>Set up your repository secrets with your API key</li>\n    <li>Tag your first issues with \"rsolv:automate\"</li>\n  </ol>\n\n  <div style=\"background-color: #fff3cd; border: 1px solid #ffeaa7; color: #856404; padding: 10px; border-radius: 5px; margin: 15px 0;\">\n    <strong>⏳ API Key Coming Soon:</strong> We'll send your personal API key within 24 hours. Look for an email with subject \"Your RSOLV API Key\".\n  </div>\n\n  <div style=\"background-color: #f8f9fa; padding: 15px; border-radius: 5px; margin: 20px 0;\">\n    <pre style=\"margin: 0; overflow-x: auto; white-space: pre-wrap; font-family: monospace;\">name: RSOLV AutoFix\non:\n  issues:\n    types: [opened, edited, labeled]\n\njobs:\n  autofix:\n    runs-on: ubuntu-latest\n    if: contains(github.event.issue.labels.*.name, 'rsolv:automate')\n    steps:\n      - uses: RSOLV-dev/rsolv-action@v1\n        with:\n          github-token: ${{ secrets.GITHUB_TOKEN }}\n          rsolv-api-key: ${{ secrets.RSOLV_API_KEY }}</pre>\n  </div>\n\n  <p>Need help? As an Early Access member, you have priority support - contact us at <a href=\"mailto:support@rsolv.dev\">support@rsolv.dev</a> and we'll personally assist you.</p>\n\n  <p>Your trial includes unlimited automated fixes during the Early Access period.</p>\n\n  <div style=\"margin-top: 30px; padding: 15px; border: 1px solid #e0e0e0; border-radius: 5px; background-color: #f9f9f9;\">\n    <h3 style=\"margin-top: 0; color: #2C3E50;\">Early Access Program Benefits</h3>\n    <ul>\n      <li>Unlimited usage during Early Access</li>\n      <li>Priority support and feature requests</li>\n      <li>Exclusive pricing when we launch</li>\n      <li>Direct access to our development team</li>\n    </ul>\n  </div>\n\n  <p>Best,<br>The RSOLV Team</p>\n\n  <div class=\"footer\" style=\"margin-top: 40px; padding-top: 20px; border-top: 1px solid #e0e0e0; font-size: 0.9em; color: #666;\">\n    <p>\n      You're receiving this email because you joined the RSOLV Early Access Program.\n      <br>\n      If you have any questions, simply reply to this email.\n    </p>\n    <p>\n      RSOLV, Inc. • support@rsolv.dev • © 2025\n    </p>\n    <p>\n      <a href=\"https://rsolv.dev/unsubscribe?email=test_integration@example.com\">Unsubscribe</a> from these emails.\n    </p>\n  </div>\n</div>\n", text_body: "Welcome to RSOLV Early Access Program!\n\nHi Testintegration,\n\nThank you for joining our Early Access Program! You're now part of an exclusive group getting first access to RSOLV.\n\nHere's what you need to know:\n- You have full access to all current features\n- Your feedback is incredibly valuable to us during this phase\n- You'll receive priority support via email\n\nTo get started with RSOLV:\n1. Your API key will be sent in a follow-up email within 24 hours\n2. Once you receive your API key, install our GitHub Action\n3. Set up your repository secrets with your API key\n4. Tag your first issues with \"AUTOFIX\"\n\n⏳ API KEY COMING SOON: We'll send your personal API key within 24 hours. Look for an email with subject \"Your RSOLV API Key\".\n\nNeed help? As an Early Access member, you have priority support - contact us at support@rsolv.dev and we'll personally assist you.\n\nYour trial includes unlimited automated fixes during the Early Access period.\n\nEARLY ACCESS PROGRAM BENEFITS:\n* Unlimited usage during Early Access\n* Priority support and feature requests\n* Exclusive pricing when we launch\n* Direct access to our development team\n\nBest,\nThe RSOLV Team\n\n---\nYou're receiving this email because you joined the RSOLV Early Access Program.\nIf you have any questions, simply reply to this email.\n\nRSOLV, Inc. • support@rsolv.dev\n\nTo unsubscribe, visit: https://rsolv.dev/unsubscribe?email=test_integration@example.com\n", headers: %{"X-Postmark-Tag" => "early-access"}, attachments: [], assigns: %{}, private: %{tag: "early-access"}, blocked: false}

13:17:20.278 request_id=GGBS7s1tLjryE_8AACcQ [info] [EMAIL DEBUG] Raw Postmark response
13:17:20.278 request_id=GGBS7s1tLjryE_8AACcQ [info] [EMAIL] Email sent successfully via Postmark
13:17:20.278 request_id=GGBS7s1tLjryE_8AACcQ [info] [EMAIL SEQUENCE] EmailService.send_early_access_welcome_email returned
13:17:20.278 request_id=GGBS7s1tLjryE_8AACcQ [info] Attempting to tag subscriber
13:17:20.278 request_id=GGBS7s1tLjryE_8AACcQ [info] ConvertKit: Attempting to tag test_integration@example.com with tag test_tag_id
13:17:20.278 request_id=GGBS7s1tLjryE_8AACcQ [info] ConvertKit: Successfully tagged test_integration@example.com
13:17:20.278 request_id=GGBS7s1tLjryE_8AACcQ [info] [EmailWorker] schedule_sequence called
13:17:20.278 request_id=GGBS7s1tLjryE_8AACcQ [info] [EmailWorker] Found sequence
13:17:20.278 request_id=GGBS7s1tLjryE_8AACcQ [info] [EmailWorker] Processing email config
13:17:20.278 request_id=GGBS7s1tLjryE_8AACcQ [info] [EmailWorker] Skipping immediate email
13:17:20.278 request_id=GGBS7s1tLjryE_8AACcQ [info] [EmailWorker] Processing email config
13:17:20.278 request_id=GGBS7s1tLjryE_8AACcQ [info] [EmailWorker] Scheduling email
13:17:20.278 request_id=GGBS7s1tLjryE_8AACcQ [info] [EmailWorker] Creating Oban job
13:17:20.278 request_id=GGBS7s1tLjryE_8AACcQ [info] [EmailWorker] Job created
13:17:20.278 request_id=GGBS7s1tLjryE_8AACcQ [info] Processing scheduled email
13:17:20.279 request_id=GGBS7s1tLjryE_8AACcQ [error] Failed to send scheduled email
13:17:20.279 request_id=GGBS7s1tLjryE_8AACcQ [info] [EmailWorker] Insert result
13:17:20.279 request_id=GGBS7s1tLjryE_8AACcQ [info] [EmailWorker] Schedule result
13:17:20.279 request_id=GGBS7s1tLjryE_8AACcQ [info] [EmailWorker] Processing email config
13:17:20.279 request_id=GGBS7s1tLjryE_8AACcQ [info] [EmailWorker] Scheduling email
13:17:20.279 request_id=GGBS7s1tLjryE_8AACcQ [info] [EmailWorker] Creating Oban job
13:17:20.279 request_id=GGBS7s1tLjryE_8AACcQ [info] [EmailWorker] Job created
13:17:20.279 request_id=GGBS7s1tLjryE_8AACcQ [info] Processing scheduled email
13:17:20.279 request_id=GGBS7s1tLjryE_8AACcQ [info] [EMAIL DEBUG] Full email struct before sending
13:17:20.279 request_id=GGBS7s1tLjryE_8AACcQ [info] [EMAIL DEBUG] Extracted recipient email
13:17:20.279 request_id=GGBS7s1tLjryE_8AACcQ [info] [EMAIL DEBUG] Postmark configuration
13:17:20.279 request_id=GGBS7s1tLjryE_8AACcQ [info] [EMAIL DEBUG] Email configuration
13:17:20.279 request_id=GGBS7s1tLjryE_8AACcQ [info] [EMAIL] Attempting to send email via Postmark
13:17:20.279 request_id=GGBS7s1tLjryE_8AACcQ [debug] Sending email with Bamboo.TestAdapter:

%Bamboo.Email{from: {"RSOLV Team", "support@rsolv.dev"}, to: [nil: "test_integration@example.com"], cc: [], bcc: [], subject: "Verify Your RSOLV Setup - Need Any Help?", html_body: "<!DOCTYPE html>\n<html lang=\"en\">\n<head>\n  <meta charset=\"UTF-8\">\n  <meta name=\"viewport\" content=\"width=device-width, initial-scale=1.0\">\n  <title>Verify Your RSOLV Setup</title>\n  <style>\n    @import url('https://fonts.googleapis.com/css2?family=Space+Grotesk:wght@300;400;500;700&display=swap');\n    \n    body {\n      font-family: 'Space Grotesk', -apple-system, BlinkMacSystemFont, \"Segoe UI\", Roboto, Helvetica, Arial, sans-serif;\n      line-height: 1.6;\n      color: #333;\n      max-width: 600px;\n      margin: 0 auto;\n      padding: 20px;\n      background-color: #f8f9fa;\n    }\n    .container {\n      background-color: #ffffff;\n      border-radius: 8px;\n      padding: 30px;\n      box-shadow: 0 4px 6px rgba(0, 0, 0, 0.05);\n    }\n    .logo {\n      text-align: center;\n      margin-bottom: 30px;\n    }\n    .logo img {\n      max-width: 200px;\n    }\n    h1, h2, h3 {\n      color: #10b981;\n    }\n    .checklist {\n      background-color: #f3f4f6;\n      padding: 20px;\n      border-radius: 8px;\n      margin: 20px 0;\n    }\n    .checklist-item {\n      display: flex;\n      align-items: center;\n      margin-bottom: 15px;\n    }\n    .checklist-item input[type=\"checkbox\"] {\n      margin-right: 10px;\n    }\n    .status-box {\n      background-color: #fff3cd;\n      border: 1px solid #ffeaa7;\n      padding: 15px;\n      border-radius: 8px;\n      margin: 20px 0;\n    }\n    .success-box {\n      background-color: #d4edda;\n      border: 1px solid #c3e6cb;\n      padding: 15px;\n      border-radius: 8px;\n      margin: 20px 0;\n    }\n    .code {\n      background-color: #2d3748;\n      color: #e2e8f0;\n      padding: 15px;\n      border-radius: 5px;\n      font-family: 'Courier New', monospace;\n      overflow-x: auto;\n      margin: 15px 0;\n    }\n    .cta {\n      background-color: #10b981;\n      color: white;\n      padding: 12px 24px;\n      border-radius: 5px;\n      display: inline-block;\n      text-decoration: none;\n      font-weight: bold;\n      margin: 20px 0;\n    }\n    .footer {\n      margin-top: 40px;\n      font-size: 14px;\n      color: #6b7280;\n      border-top: 1px solid #e5e7eb;\n      padding-top: 20px;\n      text-align: center;\n    }\n  </style>\n</head>\n<body>\n  <div class=\"container\">\n    <div class=\"logo\">\n      <img src=\"https://rsolv.dev/images/rsolv_logo_transparent.png\" alt=\"RSOLV Logo\">\n    </div>\n    \n    <h1>Let's Verify Your RSOLV Setup</h1>\n    \n    <p>Hi {@first_name},</p>\n    \n    <p>It's been a few days since you signed up for RSOLV. We want to make sure you're all set up and ready to benefit from automated security scanning and remediation!</p>\n    \n    <div class=\"checklist\">\n      <h3>Quick Setup Checklist:</h3>\n      <div class=\"checklist-item\">\n        <input type=\"checkbox\" disabled> Connected your repositories for security scanning\n      </div>\n      <div class=\"checklist-item\">\n        <input type=\"checkbox\" disabled> Added the GitHub Action workflow for automated fixes\n      </div>\n      <div class=\"checklist-item\">\n        <input type=\"checkbox\" disabled> Set up your RSOLV_API_KEY as a repository secret\n      </div>\n      <div class=\"checklist-item\">\n        <input type=\"checkbox\" disabled> Reviewed security issues found by RSOLV\n      </div>\n      <div class=\"checklist-item\">\n        <input type=\"checkbox\" disabled> Generated and merged your first security fix PR\n      </div>\n    </div>\n    \n    <h2>Need Help with Setup?</h2>\n    \n    <p>If you haven't completed setup yet, here's a quick reminder of the steps:</p>\n    \n    <div class=\"code\">\n# In .github/workflows/rsolv.yml:\nname: RSOLV Security Fixes\n\non:\n  issues:\n    types: [labeled]\n\njobs:\n  security-fix:\n    if: contains(github.event.issue.labels.*.name, 'rsolv:automate')\n    runs-on: ubuntu-latest\n    steps:\n      - uses: rsolv-dev/rsolv-action@v1\n        with:\n          github-token: ${\"{{ secrets.GITHUB_TOKEN }}\"}\n          rsolv-api-key: ${\"{{ secrets.RSOLV_API_KEY }}\"}\n    </div>\n    \n    <div class=\"status-box\">\n      <strong>🎁 Remember:</strong> Your first 10 fixes are completely free! No credit card required. After that, you only pay $15 per fix that gets deployed.\n   " <> ..., text_body: "Let's Verify Your RSOLV Setup\n\nHi Testintegration,\n\nIt's been a few days since you signed up for RSOLV. We want to make sure you're all set up and ready to automate your issue resolution!\n\nQuick Setup Checklist:\n[ ] Added the GitHub Action workflow to your repository\n[ ] Set up your RSOLV_API_KEY as a repository secret\n[ ] Tagged your first issue with \"rsolv:automate\"\n[ ] Reviewed and merged your first automated PR\n\nNeed Help with Setup?\nIf you haven't completed setup yet, visit: https://rsolv.dev/docs/getting-started\n\nRemember: Your first 10 fixes are completely free! No credit card required. After that, you only pay $15 per fix that gets deployed.\n\nCommon Questions:\n- Where do I get my API key? Check your welcome email or visit your dashboard\n- Can I use RSOLV on private repos? Yes! RSOLV works with both public and private repositories\n- What types of issues can RSOLV fix? Bug fixes, security vulnerabilities, performance issues, and more\n- How secure is it? We analyze every fix for security vulnerabilities before creating PRs\n\nPro Tip: Start with a simple issue first - something like \"Fix typo in README\" or \"Update deprecated function calls\".\n\nReady to get started? Tag an issue with \"rsolv:automate\" and watch the magic happen!\n\nIf you're stuck or have questions, just reply to this email.\n\nBest regards,\nThe RSOLV Team\n\n---\nTo unsubscribe, visit: https://rsolv.dev/unsubscribe?email=test_integration@example.com\n", headers: %{"X-Postmark-Tag" => "setup-verification"}, attachments: [], assigns: %{}, private: %{tag: "setup-verification"}, blocked: false}

13:17:20.279 request_id=GGBS7s1tLjryE_8AACcQ [info] [EMAIL DEBUG] Raw Postmark response
13:17:20.279 request_id=GGBS7s1tLjryE_8AACcQ [info] [EMAIL] Email sent successfully via Postmark
13:17:20.279 request_id=GGBS7s1tLjryE_8AACcQ [info] Successfully sent scheduled email
13:17:20.280 request_id=GGBS7s1tLjryE_8AACcQ [info] [EmailWorker] Insert result
13:17:20.280 request_id=GGBS7s1tLjryE_8AACcQ [info] [EmailWorker] Schedule result
13:17:20.280 request_id=GGBS7s1tLjryE_8AACcQ [info] [EmailWorker] Processing email config
13:17:20.280 request_id=GGBS7s1tLjryE_8AACcQ [info] [EmailWorker] Scheduling email
13:17:20.280 request_id=GGBS7s1tLjryE_8AACcQ [info] [EmailWorker] Creating Oban job
13:17:20.280 request_id=GGBS7s1tLjryE_8AACcQ [info] [EmailWorker] Job created
13:17:20.280 request_id=GGBS7s1tLjryE_8AACcQ [info] Processing scheduled email
13:17:20.280 request_id=GGBS7s1tLjryE_8AACcQ [info] [EMAIL DEBUG] Full email struct before sending
13:17:20.280 request_id=GGBS7s1tLjryE_8AACcQ [info] [EMAIL DEBUG] Extracted recipient email
13:17:20.280 request_id=GGBS7s1tLjryE_8AACcQ [info] [EMAIL DEBUG] Postmark configuration
13:17:20.280 request_id=GGBS7s1tLjryE_8AACcQ [info] [EMAIL DEBUG] Email configuration
13:17:20.280 request_id=GGBS7s1tLjryE_8AACcQ [info] [EMAIL] Attempting to send email via Postmark
13:17:20.280 request_id=GGBS7s1tLjryE_8AACcQ [debug] Sending email with Bamboo.TestAdapter:

%Bamboo.Email{from: {"RSOLV Team", "support@rsolv.dev"}, to: [nil: "test_integration@example.com"], cc: [], bcc: [], subject: "Advanced RSOLV Features You Might Have Missed", html_body: "<!DOCTYPE html>\n<html lang=\"en\">\n<head>\n  <meta charset=\"UTF-8\">\n  <meta name=\"viewport\" content=\"width=device-width, initial-scale=1.0\">\n  <title>Advanced RSOLV Features</title>\n  <style>\n    @import url('https://fonts.googleapis.com/css2?family=Space+Grotesk:wght@300;400;500;700&display=swap');\n    \n    body {\n      font-family: 'Space Grotesk', -apple-system, BlinkMacSystemFont, \"Segoe UI\", Roboto, Helvetica, Arial, sans-serif;\n      line-height: 1.6;\n      color: #333;\n      max-width: 600px;\n      margin: 0 auto;\n      padding: 20px;\n      background-color: #f8f9fa;\n    }\n    .container {\n      background-color: #ffffff;\n      border-radius: 8px;\n      padding: 30px;\n      box-shadow: 0 4px 6px rgba(0, 0, 0, 0.05);\n    }\n    .logo {\n      text-align: center;\n      margin-bottom: 30px;\n    }\n    .logo img {\n      max-width: 200px;\n    }\n    h1, h2, h3 {\n      color: #10b981;\n    }\n    .feature-card {\n      background-color: #f3f4f6;\n      padding: 20px;\n      border-radius: 8px;\n      margin-bottom: 20px;\n      border-left: 4px solid #10b981;\n    }\n    .feature-card h3 {\n      margin-top: 0;\n    }\n    .code {\n      background-color: #2d3748;\n      color: #e2e8f0;\n      padding: 15px;\n      border-radius: 5px;\n      font-family: 'Courier New', monospace;\n      overflow-x: auto;\n      margin: 15px 0;\n      font-size: 14px;\n    }\n    .pro-tip {\n      background-color: #fff3cd;\n      border: 1px solid #ffeaa7;\n      padding: 15px;\n      border-radius: 8px;\n      margin: 20px 0;\n    }\n    .security-highlight {\n      background-color: #d4edda;\n      border: 1px solid #c3e6cb;\n      padding: 15px;\n      border-radius: 8px;\n      margin: 20px 0;\n    }\n    .cta {\n      background-color: #10b981;\n      color: white;\n      padding: 12px 24px;\n      border-radius: 5px;\n      display: inline-block;\n      text-decoration: none;\n      font-weight: bold;\n      margin: 20px 0;\n    }\n    .footer {\n      margin-top: 40px;\n      font-size: 14px;\n      color: #6b7280;\n      border-top: 1px solid #e5e7eb;\n      padding-top: 20px;\n      text-align: center;\n    }\n  </style>\n</head>\n<body>\n  <div class=\"container\">\n    <div class=\"logo\">\n      <img src=\"https://rsolv.dev/images/rsolv_logo_transparent.png\" alt=\"RSOLV Logo\">\n    </div>\n    \n    <h1>Unlock the Full Power of RSOLV</h1>\n    \n    <p>Hi {@first_name},</p>\n    \n    <p>You've been using RSOLV for a few days now. Here are some advanced features and techniques that can help you get even more value from automated security scanning and vulnerability remediation:</p>\n    \n    <div class=\"feature-card\">\n      <h3>🎯 Understanding RSOLV's Proactive Scanning</h3>\n      <p>RSOLV continuously scans your repositories for security vulnerabilities and automatically creates issues with detailed remediation plans:</p>\n      <ul>\n        <li><strong>Automated detection:</strong> Scans all files for 180+ vulnerability patterns (and growing)</li>\n        <li><strong>Smart grouping:</strong> Groups similar issues for efficient review</li>\n        <li><strong>Detailed reports:</strong> Shows exact file locations and vulnerable code</li>\n        <li><strong>Fix generation:</strong> Creates secure PRs that address root causes</li>\n      </ul>\n    </div>\n    \n    <div class=\"feature-card\">\n      <h3>🔒 Comprehensive Security Coverage</h3>\n      <p>RSOLV proactively detects and fixes these vulnerability types across your codebase:</p>\n      <ul>\n        <li>SQL/NoSQL injection vulnerabilities</li>\n        <li>Cross-site scripting (XSS) risks</li>\n        <li>Authentication/authorization flaws</li>\n        <li>Insecure cryptographic implementations</li>\n        <li>Hardcoded secrets and API keys</li>\n        <li>Path traversal and open redirects</li>\n        <li>Insecure dependencies and configurations</li>\n      </ul>\n      <p>Each PR includes a detailed security impact assessment and verification tests.</p>\n    </div>\n    \n    <div class=\"security-highlight\">\n      <strong>🛡️ Security Example:</strong> When RSOLV detects unsafe user input handling, it automatically generates fixes with proper sanitization, p" <> ..., text_body: "Unlock the Full Power of RSOLV\n\nHi Testintegration,\n\nYou've been using RSOLV for a few days now. Here are some advanced features and techniques:\n\n1. Writing Better Issues for Better Fixes:\n   - Include error messages: Copy the full stack trace\n   - Specify the file/function: \"Fix pagination in UserList.js\"\n   - Describe expected behavior: \"Should show 10 users per page\"\n   - Add context: \"This broke after upgrading to React 18\"\n\n2. Security-First Fixes:\n   RSOLV automatically scans for:\n   - SQL injection vulnerabilities\n   - Cross-site scripting (XSS) risks\n   - Authentication/authorization issues\n   - Insecure dependencies\n   - Hardcoded secrets or API keys\n\n3. Batch Processing:\n   Tag multiple issues with \"rsolv:automate\" and RSOLV creates separate PRs for each.\n\n4. Customizing RSOLV Behavior:\n   Add these tags to your issues:\n   - [performance] - Optimize for speed\n   - [security] - Extra security focus\n   - [minimal] - Smallest possible change\n   - [refactor] - Clean up while fixing\n\nComing Soon:\n- Support for more languages (Go, Rust, PHP)\n- Custom fix preferences per repository\n- Team collaboration features\n- Integration with more platforms\n\nHave a feature request? Just reply to this email!\n\nView advanced documentation: https://rsolv.dev/docs/advanced\n\nBest regards,\nThe RSOLV Team\n\n---\nTo unsubscribe, visit: https://rsolv.dev/unsubscribe?email=test_integration@example.com\n", headers: %{"X-Postmark-Tag" => "feature-deep-dive"}, attachments: [], assigns: %{}, private: %{tag: "feature-deep-dive"}, blocked: false}

13:17:20.280 request_id=GGBS7s1tLjryE_8AACcQ [info] [EMAIL DEBUG] Raw Postmark response
13:17:20.280 request_id=GGBS7s1tLjryE_8AACcQ [info] [EMAIL] Email sent successfully via Postmark
13:17:20.280 request_id=GGBS7s1tLjryE_8AACcQ [info] Successfully sent scheduled email
13:17:20.281 request_id=GGBS7s1tLjryE_8AACcQ [info] [EmailWorker] Insert result
13:17:20.281 request_id=GGBS7s1tLjryE_8AACcQ [info] [EmailWorker] Schedule result
13:17:20.281 request_id=GGBS7s1tLjryE_8AACcQ [info] [EmailWorker] Processing email config
13:17:20.281 request_id=GGBS7s1tLjryE_8AACcQ [info] [EmailWorker] Scheduling email
13:17:20.281 request_id=GGBS7s1tLjryE_8AACcQ [info] [EmailWorker] Creating Oban job
13:17:20.281 request_id=GGBS7s1tLjryE_8AACcQ [info] [EmailWorker] Job created
13:17:20.281 request_id=GGBS7s1tLjryE_8AACcQ [info] Processing scheduled email
13:17:20.281 request_id=GGBS7s1tLjryE_8AACcQ [info] [EMAIL DEBUG] Full email struct before sending
13:17:20.281 request_id=GGBS7s1tLjryE_8AACcQ [info] [EMAIL DEBUG] Extracted recipient email
13:17:20.281 request_id=GGBS7s1tLjryE_8AACcQ [info] [EMAIL DEBUG] Postmark configuration
13:17:20.281 request_id=GGBS7s1tLjryE_8AACcQ [info] [EMAIL DEBUG] Email configuration
13:17:20.281 request_id=GGBS7s1tLjryE_8AACcQ [info] [EMAIL] Attempting to send email via Postmark
13:17:20.281 request_id=GGBS7s1tLjryE_8AACcQ [debug] Sending email with Bamboo.TestAdapter:

%Bamboo.Email{from: {"RSOLV Team", "support@rsolv.dev"}, to: [nil: "test_integration@example.com"], cc: [], bcc: [], subject: "How's Your Experience with RSOLV?", html_body: "<!DOCTYPE html>\n<html lang=\"en\">\n<head>\n  <meta charset=\"UTF-8\">\n  <meta name=\"viewport\" content=\"width=device-width, initial-scale=1.0\">\n  <title>How's Your RSOLV Experience?</title>\n  <style>\n    @import url('https://fonts.googleapis.com/css2?family=Space+Grotesk:wght@300;400;500;700&display=swap');\n    \n    body {\n      font-family: 'Space Grotesk', -apple-system, BlinkMacSystemFont, \"Segoe UI\", Roboto, Helvetica, Arial, sans-serif;\n      line-height: 1.6;\n      color: #333;\n      max-width: 600px;\n      margin: 0 auto;\n      padding: 20px;\n      background-color: #f8f9fa;\n    }\n    .container {\n      background-color: #ffffff;\n      border-radius: 8px;\n      padding: 30px;\n      box-shadow: 0 4px 6px rgba(0, 0, 0, 0.05);\n    }\n    .logo {\n      text-align: center;\n      margin-bottom: 30px;\n    }\n    .logo img {\n      max-width: 200px;\n    }\n    h1, h2, h3 {\n      color: #10b981;\n    }\n    .survey-card {\n      background-color: #f3f4f6;\n      padding: 20px;\n      border-radius: 8px;\n      margin: 20px 0;\n      text-align: center;\n    }\n    .rating-container {\n      display: flex;\n      justify-content: center;\n      gap: 10px;\n      margin: 20px 0;\n    }\n    .rating-box {\n      width: 40px;\n      height: 40px;\n      border: 2px solid #10b981;\n      border-radius: 8px;\n      display: flex;\n      align-items: center;\n      justify-content: center;\n      text-decoration: none;\n      color: #10b981;\n      font-weight: bold;\n      transition: all 0.3s ease;\n    }\n    .rating-box:hover {\n      background-color: #10b981;\n      color: white;\n    }\n    .question-box {\n      background-color: #f9fafb;\n      padding: 20px;\n      border-radius: 8px;\n      margin: 20px 0;\n      border-left: 4px solid #10b981;\n    }\n    .success-story {\n      background-color: #d4edda;\n      border: 1px solid #c3e6cb;\n      padding: 15px;\n      border-radius: 8px;\n      margin: 20px 0;\n    }\n    .cta {\n      background-color: #10b981;\n      color: white;\n      padding: 12px 24px;\n      border-radius: 5px;\n      display: inline-block;\n      text-decoration: none;\n      font-weight: bold;\n      margin: 20px 0;\n    }\n    .cta-secondary {\n      background-color: #6b7280;\n      color: white;\n      padding: 12px 24px;\n      border-radius: 5px;\n      display: inline-block;\n      text-decoration: none;\n      font-weight: bold;\n      margin: 20px 0;\n    }\n    .footer {\n      margin-top: 40px;\n      font-size: 14px;\n      color: #6b7280;\n      border-top: 1px solid #e5e7eb;\n      padding-top: 20px;\n      text-align: center;\n    }\n  </style>\n</head>\n<body>\n  <div class=\"container\">\n    <div class=\"logo\">\n      <img src=\"https://rsolv.dev/images/rsolv_logo_transparent.png\" alt=\"RSOLV Logo\">\n    </div>\n    \n    <h1>Quick Check-In: How's RSOLV Working for You?</h1>\n    \n    <p>Hi {@first_name},</p>\n    \n    <p>You've been using RSOLV for a week now, and we'd love to hear about your experience! Your feedback helps us make RSOLV better for everyone.</p>\n    \n    <div class=\"survey-card\">\n      <h3>How likely are you to recommend RSOLV to a colleague?</h3>\n      <p>Click a number below:</p>\n      <div class=\"rating-container\">\n        <a href=\"https://rsolv.dev/feedback?rating=1&email={@email}\" class=\"rating-box\">1</a>\n        <a href=\"https://rsolv.dev/feedback?rating=2&email={@email}\" class=\"rating-box\">2</a>\n        <a href=\"https://rsolv.dev/feedback?rating=3&email={@email}\" class=\"rating-box\">3</a>\n        <a href=\"https://rsolv.dev/feedback?rating=4&email={@email}\" class=\"rating-box\">4</a>\n        <a href=\"https://rsolv.dev/feedback?rating=5&email={@email}\" class=\"rating-box\">5</a>\n        <a href=\"https://rsolv.dev/feedback?rating=6&email={@email}\" class=\"rating-box\">6</a>\n        <a href=\"https://rsolv.dev/feedback?rating=7&email={@email}\" class=\"rating-box\">7</a>\n        <a href=\"https://rsolv.dev/feedback?rating=8&email={@email}\" class=\"rating-box\">8</a>\n        <a href=\"https://rsolv.dev/feedback?rating=9&email={@email}\" class=\"rating-box\">9</a>\n        <a href=\"https://rsolv.dev/feedback?rating=10&email={@email}\" class=\"rating-box\">10</a>\n      </div>\n" <> ..., text_body: "Quick Check-In: How's RSOLV Working for You?\n\nHi Testintegration,\n\nYou've been using RSOLV for a week now, and we'd love to hear about your experience!\n\nHow likely are you to recommend RSOLV to a colleague?\nRate us from 1-10: https://rsolv.dev/feedback?email=test_integration@example.com\n\nThree Quick Questions:\n1. What's been your favorite RSOLV fix so far?\n2. What feature would you like to see next?\n3. Any challenges or friction points?\n\nJust hit reply and share your thoughts - we read every response!\n\nDid You Know?\nHere are some ways other teams are using RSOLV:\n- Security audits: Tag all security-related issues for automated fixes\n- Tech debt cleanup: Fix deprecated function calls across the codebase\n- Onboarding tool: Let new devs see how fixes should be implemented\n- Weekend warrior: Queue up fixes on Friday, review on Monday\n\nThanks for being an early adopter!\n\nBest regards,\nDylan & The RSOLV Team\n\nP.S. If RSOLV has saved you time this week, we'd love to hear about it!\n\n---\nTo unsubscribe, visit: https://rsolv.dev/unsubscribe?email=test_integration@example.com\n", headers: %{"X-Postmark-Tag" => "feedback-request"}, attachments: [], assigns: %{}, private: %{tag: "feedback-request"}, blocked: false}

13:17:20.281 request_id=GGBS7s1tLjryE_8AACcQ [info] [EMAIL DEBUG] Raw Postmark response
13:17:20.281 request_id=GGBS7s1tLjryE_8AACcQ [info] [EMAIL] Email sent successfully via Postmark
13:17:20.281 request_id=GGBS7s1tLjryE_8AACcQ [info] Successfully sent scheduled email
13:17:20.281 request_id=GGBS7s1tLjryE_8AACcQ [info] [EmailWorker] Insert result
13:17:20.281 request_id=GGBS7s1tLjryE_8AACcQ [info] [EmailWorker] Schedule result
13:17:20.281 request_id=GGBS7s1tLjryE_8AACcQ [info] [EmailWorker] Processing email config
13:17:20.281 request_id=GGBS7s1tLjryE_8AACcQ [info] [EmailWorker] Scheduling email
13:17:20.281 request_id=GGBS7s1tLjryE_8AACcQ [info] [EmailWorker] Creating Oban job
13:17:20.281 request_id=GGBS7s1tLjryE_8AACcQ [info] [EmailWorker] Job created
13:17:20.281 request_id=GGBS7s1tLjryE_8AACcQ [info] Processing scheduled email
13:17:20.281 request_id=GGBS7s1tLjryE_8AACcQ [info] [EMAIL DEBUG] Full email struct before sending
13:17:20.281 request_id=GGBS7s1tLjryE_8AACcQ [info] [EMAIL DEBUG] Extracted recipient email
13:17:20.281 request_id=GGBS7s1tLjryE_8AACcQ [info] [EMAIL DEBUG] Postmark configuration
13:17:20.281 request_id=GGBS7s1tLjryE_8AACcQ [info] [EMAIL DEBUG] Email configuration
13:17:20.281 request_id=GGBS7s1tLjryE_8AACcQ [info] [EMAIL] Attempting to send email via Postmark
13:17:20.282 request_id=GGBS7s1tLjryE_8AACcQ [debug] Sending email with Bamboo.TestAdapter:

%Bamboo.Email{from: {"RSOLV Team", "support@rsolv.dev"}, to: [nil: "test_integration@example.com"], cc: [], bcc: [], subject: "Your RSOLV Success Report", html_body: "<!DOCTYPE html>\n<html lang=\"en\">\n<head>\n  <meta charset=\"UTF-8\">\n  <meta name=\"viewport\" content=\"width=device-width, initial-scale=1.0\">\n  <title>Your RSOLV Success Report</title>\n  <style>\n    @import url('https://fonts.googleapis.com/css2?family=Space+Grotesk:wght@300;400;500;700&display=swap');\n    \n    body {\n      font-family: 'Space Grotesk', -apple-system, BlinkMacSystemFont, \"Segoe UI\", Roboto, Helvetica, Arial, sans-serif;\n      line-height: 1.6;\n      color: #333;\n      max-width: 600px;\n      margin: 0 auto;\n      padding: 20px;\n      background-color: #f8f9fa;\n    }\n    .container {\n      background-color: #ffffff;\n      border-radius: 8px;\n      padding: 30px;\n      box-shadow: 0 4px 6px rgba(0, 0, 0, 0.05);\n    }\n    .logo {\n      text-align: center;\n      margin-bottom: 30px;\n    }\n    .logo img {\n      max-width: 200px;\n    }\n    h1, h2, h3 {\n      color: #10b981;\n    }\n    .stats-grid {\n      display: grid;\n      grid-template-columns: 1fr 1fr;\n      gap: 20px;\n      margin: 30px 0;\n    }\n    .stat-card {\n      background-color: #f3f4f6;\n      padding: 20px;\n      border-radius: 8px;\n      text-align: center;\n      border-top: 4px solid #10b981;\n    }\n    .stat-number {\n      font-size: 36px;\n      font-weight: bold;\n      color: #10b981;\n      margin: 10px 0;\n    }\n    .stat-label {\n      color: #6b7280;\n      font-size: 14px;\n    }\n    .achievement-banner {\n      background: linear-gradient(135deg, #10b981 0%, #059669 100%);\n      color: white;\n      padding: 20px;\n      border-radius: 8px;\n      text-align: center;\n      margin: 20px 0;\n    }\n    .timeline {\n      margin: 30px 0;\n    }\n    .timeline-item {\n      display: flex;\n      margin-bottom: 20px;\n      align-items: flex-start;\n    }\n    .timeline-marker {\n      width: 40px;\n      height: 40px;\n      background-color: #10b981;\n      color: white;\n      border-radius: 50%;\n      display: flex;\n      align-items: center;\n      justify-content: center;\n      flex-shrink: 0;\n      margin-right: 15px;\n    }\n    .timeline-content {\n      flex-grow: 1;\n    }\n    .pricing-highlight {\n      background-color: #fff3cd;\n      border: 1px solid #ffeaa7;\n      padding: 20px;\n      border-radius: 8px;\n      margin: 20px 0;\n      text-align: center;\n    }\n    .cta {\n      background-color: #10b981;\n      color: white;\n      padding: 12px 24px;\n      border-radius: 5px;\n      display: inline-block;\n      text-decoration: none;\n      font-weight: bold;\n      margin: 20px 0;\n    }\n    .cta-secondary {\n      background-color: #2563eb;\n      color: white;\n      padding: 12px 24px;\n      border-radius: 5px;\n      display: inline-block;\n      text-decoration: none;\n      font-weight: bold;\n      margin: 20px 0;\n    }\n    .footer {\n      margin-top: 40px;\n      font-size: 14px;\n      color: #6b7280;\n      border-top: 1px solid #e5e7eb;\n      padding-top: 20px;\n      text-align: center;\n    }\n    @media (max-width: 600px) {\n      .stats-grid {\n        grid-template-columns: 1fr;\n      }\n    }\n  </style>\n</head>\n<body>\n  <div class=\"container\">\n    <div class=\"logo\">\n      <img src=\"https://rsolv.dev/images/rsolv_logo_transparent.png\" alt=\"RSOLV Logo\">\n    </div>\n    \n    <h1>Your 2-Week RSOLV Success Report 🎉</h1>\n    \n    <p>Hi {@first_name},</p>\n    \n    <p>Congratulations! You've been using RSOLV for two weeks. Here's a snapshot of what we've accomplished together:</p>\n    \n    <div class=\"stats-grid\">\n      <div class=\"stat-card\">\n        <div class=\"stat-label\">Issues Fixed</div>\n        <div class=\"stat-number\">{Map.get(@usage_stats || %{}, :issues_fixed, 0)}</div>\n      </div>\n      <div class=\"stat-card\">\n        <div class=\"stat-label\">PRs Created</div>\n        <div class=\"stat-number\">{Map.get(@usage_stats || %{}, :prs_created, 0)}</div>\n      </div>\n      <div class=\"stat-card\">\n        <div class=\"stat-label\">Time Saved</div>\n        <div class=\"stat-number\">{Map.get(@usage_stats || %{}, :time_saved, \"0 hrs\")}</div>\n      </div>\n      <div class=\"stat-card\">\n        <div class=\"stat-label\">Security Issues Found</div>\n        <div class=\"stat-number\">{Map.ge" <> ..., text_body: "Your 2-Week RSOLV Success Report\n\nHi Testintegration,\n\nCongratulations! You've been using RSOLV for two weeks. Here's what we've accomplished together:\n\nYour Stats:\n- Issues Fixed: Check your dashboard\n- PRs Created: Check your dashboard\n- Time Saved: Check your dashboard\n- Security Issues Found: Check your dashboard\n\nYour Trial Status:\nCheck how many free fixes you have remaining at: https://rsolv.dev/dashboard\n\nWhat's Next?\n- Expand to more repositories\n- Automate security audits\n- Clean up tech debt\n- Train your team\n\nNeed Help Scaling Up?\nI'd love to help you get even more value from RSOLV:\n- Schedule a 15-minute optimization call\n- Get best practices for your specific tech stack\n- Learn about volume discounts for teams\n\nJust reply to this email and let me know how I can help!\n\nThanks for being part of the RSOLV community.\n\nBest regards,\nDylan Fitzgerald\nFounder, RSOLV\n\nP.S. If RSOLV has been valuable to your team, I'd be grateful if you could share a quick testimonial.\n\n---\nTo unsubscribe, visit: https://rsolv.dev/unsubscribe?email=test_integration@example.com\n", headers: %{"X-Postmark-Tag" => "success-checkin"}, attachments: [], assigns: %{}, private: %{tag: "success-checkin"}, blocked: false}

13:17:20.282 request_id=GGBS7s1tLjryE_8AACcQ [info] [EMAIL DEBUG] Raw Postmark response
13:17:20.282 request_id=GGBS7s1tLjryE_8AACcQ [info] [EMAIL] Email sent successfully via Postmark
13:17:20.282 request_id=GGBS7s1tLjryE_8AACcQ [info] Successfully sent scheduled email
13:17:20.282 request_id=GGBS7s1tLjryE_8AACcQ [info] [EmailWorker] Insert result
13:17:20.282 request_id=GGBS7s1tLjryE_8AACcQ [info] [EmailWorker] Schedule result
13:17:20.282 request_id=GGBS7s1tLjryE_8AACcQ [info] [PAGE CONTROLLER] EmailSequence.start_early_access_onboarding_sequence returned
13:17:20.282 request_id=GGBS7s1tLjryE_8AACcQ [debug] Sending email with Bamboo.TestAdapter:

%Bamboo.Email{from: {"RSOLV Team", "support@rsolv.dev"}, to: [nil: "admin@rsolv.dev"], cc: [], bcc: [], subject: "🎉 New RSOLV Signup: test_integration@example.com", html_body: "<!DOCTYPE html>\n<html>\n<head>\n  <meta charset=\"utf-8\">\n  <style>\n    body { font-family: -apple-system, BlinkMacSystemFont, 'Segoe UI', Roboto, sans-serif; line-height: 1.6; color: #333; }\n    .container { max-width: 600px; margin: 0 auto; padding: 20px; }\n    .header { background: #10b981; color: white; padding: 20px; border-radius: 8px 8px 0 0; }\n    .content { background: #f9fafb; padding: 20px; border: 1px solid #e5e7eb; border-radius: 0 0 8px 8px; }\n    .metric { display: inline-block; margin: 10px 20px 10px 0; }\n    .metric-label { font-size: 12px; color: #6b7280; text-transform: uppercase; }\n    .metric-value { font-size: 18px; font-weight: bold; color: #111827; }\n    .details { background: white; padding: 15px; border-radius: 4px; margin: 15px 0; }\n    .detail-row { display: flex; justify-content: space-between; padding: 8px 0; border-bottom: 1px solid #f3f4f6; }\n    .detail-row:last-child { border-bottom: none; }\n    .detail-label { font-weight: 500; color: #6b7280; }\n    .detail-value { color: #111827; }\n    .utm-badge { display: inline-block; background: #dbeafe; color: #1e40af; padding: 2px 8px; border-radius: 4px; font-size: 12px; margin-left: 4px; }\n  </style>\n</head>\n<body>\n  <div class=\"container\">\n    <div class=\"header\">\n      <h1 style=\"margin: 0; font-size: 24px;\">🎉 New RSOLV Signup!</h1>\n      <p style=\"margin: 5px 0 0 0; opacity: 0.9;\">August 29, 2025 at 07:17 PM UTC</p>\n    </div>\n    \n    <div class=\"content\">\n      <div class=\"metric\">\n        <div class=\"metric-label\">Email</div>\n        <div class=\"metric-value\">test_integration@example.com</div>\n      </div>\n      \n      \n      \n      <div class=\"details\">\n        <h3 style=\"margin-top: 0;\">Signup Details</h3>\n        \n        <div class=\"detail-row\">\n          <span class=\"detail-label\">Source</span>\n          <span class=\"detail-value\">\n            landing_page\n            \n          </span>\n        </div>\n        \n        \n        \n        \n        \n        \n      </div>\n      \n      <div style=\"margin-top: 20px; text-align: center;\">\n        <a href=\"https://rsolv.dev/live/dashboard\" style=\"display: inline-block; background: #10b981; color: white; padding: 10px 20px; text-decoration: none; border-radius: 4px;\">\n          View Dashboard\n        </a>\n      </div>\n    </div>\n  </div>\n</body>\n</html>\n", text_body: "🎉 New RSOLV Signup!\n\nEmail: test_integration@example.com\n\nTime: August 29, 2025 at 07:17 PM UTC\n\nSource Details:\n- Source: landing_page\n\n\n\n\n\nView full dashboard: https://rsolv.dev/live/dashboard\n", headers: %{"Message-ID" => "<1756495040.924070@rsolv.dev>", "X-Postmark-Tag" => "admin-notification", "X-Priority" => "1"}, attachments: [], assigns: %{}, private: %{tag: "admin-notification"}, blocked: false}

13:17:20.282 request_id=GGBS7s1tLjryE_8AACcQ [info] Admin notification sent for new signup
13:17:20.282 request_id=GGBS7s1tLjryE_8AACcQ [info] Sent 302 in 5ms
Total signups in DB: 1
13:17:20.383 request_id=GGBS7s1tLjryE_8AACcQ [debug] QUERY OK source="early_access_signups" db=0.1ms queue=0.2ms
SELECT e0."id", e0."email", e0."name", e0."company", e0."referral_source", e0."utm_source", e0."utm_medium", e0."utm_campaign", e0."inserted_at" FROM "early_access_signups" AS e0 ORDER BY e0."inserted_at" DESC []
All emails: ["test_integration@example.com"]
13:17:20.383 request_id=GGBS7s1tLjryE_8AACcQ [debug] QUERY OK source="early_access_signups" db=0.0ms
SELECT e0."id", e0."email", e0."name", e0."company", e0."referral_source", e0."utm_source", e0."utm_medium", e0."utm_campaign", e0."inserted_at" FROM "early_access_signups" AS e0 WHERE (e0."email" = $1) ["test_integration@example.com"]
.13:17:20.384 request_id=GGBS7tPU-MMmNP8AABiL [info] POST /early-access
13:17:20.384 request_id=GGBS7tPU-MMmNP8AABiL [debug] Processing with RsolvWeb.PageController.submit_early_access/2
  Parameters: %{"email" => "test_integration@example.com"}
  Pipelines: [:browser]
13:17:20.384 request_id=GGBS7tPU-MMmNP8AABiL [debug] QUERY OK source="fun_with_flags_toggles" db=0.1ms
SELECT f0."id", f0."flag_name", f0."gate_type", f0."target", f0."enabled" FROM "fun_with_flags_toggles" AS f0 WHERE (f0."flag_name" = $1) ["early_access_signup"]
13:17:20.384 request_id=GGBS7tPU-MMmNP8AABiL [debug] Telemetry event: [:fun_with_flags, :persistence, :read], metadata: %{flag_name: :early_access_signup, gate: nil}, measurements: %{system_time: 1756495040384561474}
13:17:20.384 request_id=GGBS7tPU-MMmNP8AABiL [debug] Extracted UTM parameters: %{}
13:17:20.384 request_id=GGBS7tPU-MMmNP8AABiL [info] Analytics event tracked
13:17:20.385 request_id=GGBS7tPU-MMmNP8AABiL [debug] QUERY OK db=0.2ms
SELECT create_analytics_partition_if_not_exists($1::date) [~D[2025-08-29]]
13:17:20.385 request_id=GGBS7tPU-MMmNP8AABiL [debug] QUERY OK source="analytics_events" db=0.2ms
INSERT INTO "analytics_events" ("metadata","event_type","visitor_id","page_path","inserted_at","updated_at") VALUES ($1,$2,$3,$4,$5,$6) RETURNING "id" [%{status: "submit", os: "unknown", form_id: "early-access", browser: "unknown", utm_source_platform: nil, utm_source_campaign: nil, utm_source_content: nil, device_type: "unknown"}, "form_submit", "4d7f84f0d2a030f8249f600c909fa569", "/early-access", ~N[2025-08-29 19:17:20], ~N[2025-08-29 19:17:20]]
13:17:20.385 request_id=GGBS7tPU-MMmNP8AABiL [info] Form submission received
13:17:20.385 request_id=GGBS7tPU-MMmNP8AABiL [info] Valid email received for processing: test_integration@example.com, validation passed
13:17:20.385 request_id=GGBS7tPU-MMmNP8AABiL [debug] Extracted UTM parameters: %{}
13:17:20.385 request_id=GGBS7tPU-MMmNP8AABiL [debug] QUERY OK source="early_access_signups" db=0.1ms queue=0.1ms
INSERT INTO "early_access_signups" ("name","email","referral_source","inserted_at") VALUES ($1,$2,$3,$4) RETURNING "id" ["Testintegration", "test_integration@example.com", "landing_page", ~N[2025-08-29 19:17:20]]
13:17:20.386 request_id=GGBS7tPU-MMmNP8AABiL [debug] QUERY OK source="early_access_signups" db=0.2ms
SELECT count(e0."id") FROM "early_access_signups" AS e0 []
13:17:20.386 request_id=GGBS7tPU-MMmNP8AABiL [info] Successfully saved signup to database
13:17:20.386 request_id=GGBS7tPU-MMmNP8AABiL [info] ConvertKit API key present: true
13:17:20.386 request_id=GGBS7tPU-MMmNP8AABiL [error] ConvertKit HTTP request failed
13:17:20.386 request_id=GGBS7tPU-MMmNP8AABiL [warning] ConvertKit: Failed to add subscriber via primary endpoint
13:17:20.386 request_id=GGBS7tPU-MMmNP8AABiL [info] ConvertKit: Trying fallback to form-specific endpoint
13:17:20.386 request_id=GGBS7tPU-MMmNP8AABiL [info] ConvertKit: Using form-specific endpoint as fallback for test_integration@example.com
13:17:20.386 request_id=GGBS7tPU-MMmNP8AABiL [error] ConvertKit HTTP request failed
13:17:20.386 request_id=GGBS7tPU-MMmNP8AABiL [error] ConvertKit: Failed to add subscriber via fallback endpoint
13:17:20.386 request_id=GGBS7tPU-MMmNP8AABiL [info] Analytics event tracked
13:17:20.386 request_id=GGBS7tPU-MMmNP8AABiL [debug] QUERY OK db=0.2ms
SELECT create_analytics_partition_if_not_exists($1::date) [~D[2025-08-29]]
13:17:20.386 request_id=GGBS7tPU-MMmNP8AABiL [debug] QUERY OK source="analytics_events" db=0.1ms
INSERT INTO "analytics_events" ("metadata","event_type","visitor_id","page_path","inserted_at","updated_at") VALUES ($1,$2,$3,$4,$5,$6) RETURNING "id" [%{status: "success", os: "unknown", source: "landing_page", form_id: "early-access", browser: "unknown", utm_source_platform: nil, utm_source_campaign: nil, utm_source_content: nil, device_type: "unknown", conversion_type: "early_access_signup", email_domain: "example.com"}, "form_success", "4d7f84f0d2a030f8249f600c909fa569", "/early-access", ~N[2025-08-29 19:17:20], ~N[2025-08-29 19:17:20]]
13:17:20.386 request_id=GGBS7tPU-MMmNP8AABiL [info] Analytics event tracked
13:17:20.387 request_id=GGBS7tPU-MMmNP8AABiL [debug] QUERY OK db=0.1ms
SELECT create_analytics_partition_if_not_exists($1::date) [~D[2025-08-29]]
13:17:20.387 request_id=GGBS7tPU-MMmNP8AABiL [debug] QUERY OK source="analytics_events" db=0.0ms
INSERT INTO "analytics_events" ("metadata","event_type","visitor_id","page_path","inserted_at","updated_at") VALUES ($1,$2,$3,$4,$5,$6) RETURNING "id" [%{os: "unknown", source: "landing_page", form_id: "early-access", browser: "unknown", utm_source_platform: nil, utm_source_campaign: nil, utm_source_content: nil, device_type: "unknown", conversion_type: "early_access_signup", email_domain: "example.com"}, "conversion", "4d7f84f0d2a030f8249f600c909fa569", "/early-access", ~N[2025-08-29 19:17:20], ~N[2025-08-29 19:17:20]]
13:17:20.387 request_id=GGBS7tPU-MMmNP8AABiL [debug] QUERY OK source="fun_with_flags_toggles" db=0.0ms
SELECT f0."id", f0."flag_name", f0."gate_type", f0."target", f0."enabled" FROM "fun_with_flags_toggles" AS f0 WHERE (f0."flag_name" = $1) ["welcome_email_sequence"]
13:17:20.387 request_id=GGBS7tPU-MMmNP8AABiL [debug] Telemetry event: [:fun_with_flags, :persistence, :read], metadata: %{flag_name: :welcome_email_sequence, gate: nil}, measurements: %{system_time: 1756495040387351087}
13:17:20.387 request_id=GGBS7tPU-MMmNP8AABiL [info] [PAGE CONTROLLER] Welcome email sequence is ENABLED, starting sequence
13:17:20.387 request_id=GGBS7tPU-MMmNP8AABiL [info] [PAGE CONTROLLER] About to call EmailSequence.start_early_access_onboarding_sequence
13:17:20.387 request_id=GGBS7tPU-MMmNP8AABiL [info] [EMAIL SEQUENCE] Starting early access onboarding sequence
13:17:20.387 request_id=GGBS7tPU-MMmNP8AABiL [info] [EMAIL SEQUENCE] About to call EmailService.send_early_access_welcome_email
13:17:20.387 request_id=GGBS7tPU-MMmNP8AABiL [info] [EMAIL] send_early_access_welcome_email called
13:17:20.387 request_id=GGBS7tPU-MMmNP8AABiL [info] [EMAIL DEBUG] Full email struct before sending
13:17:20.387 request_id=GGBS7tPU-MMmNP8AABiL [info] [EMAIL DEBUG] Extracted recipient email
13:17:20.387 request_id=GGBS7tPU-MMmNP8AABiL [info] [EMAIL DEBUG] Postmark configuration
13:17:20.387 request_id=GGBS7tPU-MMmNP8AABiL [info] [EMAIL DEBUG] Email configuration
13:17:20.387 request_id=GGBS7tPU-MMmNP8AABiL [info] [EMAIL] Attempting to send email via Postmark
13:17:20.387 request_id=GGBS7tPU-MMmNP8AABiL [debug] Sending email with Bamboo.TestAdapter:

%Bamboo.Email{from: {"RSOLV Team", "support@rsolv.dev"}, to: [nil: "test_integration@example.com"], cc: [], bcc: [], subject: "Welcome to RSOLV Early Access Program", html_body: "<div style=\"font-family: 'Helvetica Neue', Helvetica, Arial, sans-serif; max-width: 600px; margin: 0 auto; padding: 20px;\">\n  <h1 style=\"color: #2C3E50; margin-bottom: 20px;\">Welcome to RSOLV Early Access Program!</h1>\n\n  <p>Hi Testintegration,</p>\n\n  <p>Thank you for joining our Early Access Program! You're now part of an exclusive group getting first access to RSOLV.</p>\n\n  <p>Here's what you need to know:</p>\n\n  <ul>\n    <li>You have full access to all current features</li>\n    <li>Your feedback is incredibly valuable to us during this phase</li>\n    <li>You'll receive priority support via email</li>\n  </ul>\n\n  <p>To get started with RSOLV:</p>\n\n  <ol>\n    <li><strong>Your API key will be sent in a follow-up email within 24 hours</strong></li>\n    <li>Once you receive your API key, install our GitHub Action (code below)</li>\n    <li>Set up your repository secrets with your API key</li>\n    <li>Tag your first issues with \"rsolv:automate\"</li>\n  </ol>\n\n  <div style=\"background-color: #fff3cd; border: 1px solid #ffeaa7; color: #856404; padding: 10px; border-radius: 5px; margin: 15px 0;\">\n    <strong>⏳ API Key Coming Soon:</strong> We'll send your personal API key within 24 hours. Look for an email with subject \"Your RSOLV API Key\".\n  </div>\n\n  <div style=\"background-color: #f8f9fa; padding: 15px; border-radius: 5px; margin: 20px 0;\">\n    <pre style=\"margin: 0; overflow-x: auto; white-space: pre-wrap; font-family: monospace;\">name: RSOLV AutoFix\non:\n  issues:\n    types: [opened, edited, labeled]\n\njobs:\n  autofix:\n    runs-on: ubuntu-latest\n    if: contains(github.event.issue.labels.*.name, 'rsolv:automate')\n    steps:\n      - uses: RSOLV-dev/rsolv-action@v1\n        with:\n          github-token: ${{ secrets.GITHUB_TOKEN }}\n          rsolv-api-key: ${{ secrets.RSOLV_API_KEY }}</pre>\n  </div>\n\n  <p>Need help? As an Early Access member, you have priority support - contact us at <a href=\"mailto:support@rsolv.dev\">support@rsolv.dev</a> and we'll personally assist you.</p>\n\n  <p>Your trial includes unlimited automated fixes during the Early Access period.</p>\n\n  <div style=\"margin-top: 30px; padding: 15px; border: 1px solid #e0e0e0; border-radius: 5px; background-color: #f9f9f9;\">\n    <h3 style=\"margin-top: 0; color: #2C3E50;\">Early Access Program Benefits</h3>\n    <ul>\n      <li>Unlimited usage during Early Access</li>\n      <li>Priority support and feature requests</li>\n      <li>Exclusive pricing when we launch</li>\n      <li>Direct access to our development team</li>\n    </ul>\n  </div>\n\n  <p>Best,<br>The RSOLV Team</p>\n\n  <div class=\"footer\" style=\"margin-top: 40px; padding-top: 20px; border-top: 1px solid #e0e0e0; font-size: 0.9em; color: #666;\">\n    <p>\n      You're receiving this email because you joined the RSOLV Early Access Program.\n      <br>\n      If you have any questions, simply reply to this email.\n    </p>\n    <p>\n      RSOLV, Inc. • support@rsolv.dev • © 2025\n    </p>\n    <p>\n      <a href=\"https://rsolv.dev/unsubscribe?email=test_integration@example.com\">Unsubscribe</a> from these emails.\n    </p>\n  </div>\n</div>\n", text_body: "Welcome to RSOLV Early Access Program!\n\nHi Testintegration,\n\nThank you for joining our Early Access Program! You're now part of an exclusive group getting first access to RSOLV.\n\nHere's what you need to know:\n- You have full access to all current features\n- Your feedback is incredibly valuable to us during this phase\n- You'll receive priority support via email\n\nTo get started with RSOLV:\n1. Your API key will be sent in a follow-up email within 24 hours\n2. Once you receive your API key, install our GitHub Action\n3. Set up your repository secrets with your API key\n4. Tag your first issues with \"AUTOFIX\"\n\n⏳ API KEY COMING SOON: We'll send your personal API key within 24 hours. Look for an email with subject \"Your RSOLV API Key\".\n\nNeed help? As an Early Access member, you have priority support - contact us at support@rsolv.dev and we'll personally assist you.\n\nYour trial includes unlimited automated fixes during the Early Access period.\n\nEARLY ACCESS PROGRAM BENEFITS:\n* Unlimited usage during Early Access\n* Priority support and feature requests\n* Exclusive pricing when we launch\n* Direct access to our development team\n\nBest,\nThe RSOLV Team\n\n---\nYou're receiving this email because you joined the RSOLV Early Access Program.\nIf you have any questions, simply reply to this email.\n\nRSOLV, Inc. • support@rsolv.dev\n\nTo unsubscribe, visit: https://rsolv.dev/unsubscribe?email=test_integration@example.com\n", headers: %{"X-Postmark-Tag" => "early-access"}, attachments: [], assigns: %{}, private: %{tag: "early-access"}, blocked: false}

13:17:20.387 request_id=GGBS7tPU-MMmNP8AABiL [info] [EMAIL DEBUG] Raw Postmark response
13:17:20.387 request_id=GGBS7tPU-MMmNP8AABiL [info] [EMAIL] Email sent successfully via Postmark
13:17:20.387 request_id=GGBS7tPU-MMmNP8AABiL [info] [EMAIL SEQUENCE] EmailService.send_early_access_welcome_email returned
13:17:20.387 request_id=GGBS7tPU-MMmNP8AABiL [info] Attempting to tag subscriber
13:17:20.387 request_id=GGBS7tPU-MMmNP8AABiL [info] ConvertKit: Attempting to tag test_integration@example.com with tag test_tag_id
13:17:20.387 request_id=GGBS7tPU-MMmNP8AABiL [warning] ConvertKit: Immediate tagging failed, adding to tagging queue
13:17:20.387 request_id=GGBS7tPU-MMmNP8AABiL [info] Processing tagging job for test_integration@example.com with tag test_tag_id
13:17:20.387 request_id=GGBS7tPU-MMmNP8AABiL [debug] Using HTTP client: Rsolv.HTTPClientMock
13:17:20.387 request_id=GGBS7tPU-MMmNP8AABiL [error] Failed to tag test_integration@example.com with tag test_tag_id: HTTP Error: :econnrefused
13:17:20.388 request_id=GGBS7tPU-MMmNP8AABiL [info] [EmailWorker] schedule_sequence called
13:17:20.388 request_id=GGBS7tPU-MMmNP8AABiL [info] [EmailWorker] Found sequence
13:17:20.388 request_id=GGBS7tPU-MMmNP8AABiL [info] [EmailWorker] Processing email config
13:17:20.388 request_id=GGBS7tPU-MMmNP8AABiL [info] [EmailWorker] Skipping immediate email
13:17:20.388 request_id=GGBS7tPU-MMmNP8AABiL [info] [EmailWorker] Processing email config
13:17:20.388 request_id=GGBS7tPU-MMmNP8AABiL [info] [EmailWorker] Scheduling email
13:17:20.388 request_id=GGBS7tPU-MMmNP8AABiL [info] [EmailWorker] Creating Oban job
13:17:20.388 request_id=GGBS7tPU-MMmNP8AABiL [info] [EmailWorker] Job created
13:17:20.388 request_id=GGBS7tPU-MMmNP8AABiL [info] Processing scheduled email
13:17:20.388 request_id=GGBS7tPU-MMmNP8AABiL [error] Failed to send scheduled email
13:17:20.388 request_id=GGBS7tPU-MMmNP8AABiL [info] [EmailWorker] Insert result
13:17:20.388 request_id=GGBS7tPU-MMmNP8AABiL [info] [EmailWorker] Schedule result
13:17:20.388 request_id=GGBS7tPU-MMmNP8AABiL [info] [EmailWorker] Processing email config
13:17:20.388 request_id=GGBS7tPU-MMmNP8AABiL [info] [EmailWorker] Scheduling email
13:17:20.388 request_id=GGBS7tPU-MMmNP8AABiL [info] [EmailWorker] Creating Oban job
13:17:20.388 request_id=GGBS7tPU-MMmNP8AABiL [info] [EmailWorker] Job created
13:17:20.388 request_id=GGBS7tPU-MMmNP8AABiL [info] Processing scheduled email
13:17:20.388 request_id=GGBS7tPU-MMmNP8AABiL [info] [EMAIL DEBUG] Full email struct before sending
13:17:20.388 request_id=GGBS7tPU-MMmNP8AABiL [info] [EMAIL DEBUG] Extracted recipient email
13:17:20.388 request_id=GGBS7tPU-MMmNP8AABiL [info] [EMAIL DEBUG] Postmark configuration
13:17:20.388 request_id=GGBS7tPU-MMmNP8AABiL [info] [EMAIL DEBUG] Email configuration
13:17:20.388 request_id=GGBS7tPU-MMmNP8AABiL [info] [EMAIL] Attempting to send email via Postmark
13:17:20.388 request_id=GGBS7tPU-MMmNP8AABiL [debug] Sending email with Bamboo.TestAdapter:

%Bamboo.Email{from: {"RSOLV Team", "support@rsolv.dev"}, to: [nil: "test_integration@example.com"], cc: [], bcc: [], subject: "Verify Your RSOLV Setup - Need Any Help?", html_body: "<!DOCTYPE html>\n<html lang=\"en\">\n<head>\n  <meta charset=\"UTF-8\">\n  <meta name=\"viewport\" content=\"width=device-width, initial-scale=1.0\">\n  <title>Verify Your RSOLV Setup</title>\n  <style>\n    @import url('https://fonts.googleapis.com/css2?family=Space+Grotesk:wght@300;400;500;700&display=swap');\n    \n    body {\n      font-family: 'Space Grotesk', -apple-system, BlinkMacSystemFont, \"Segoe UI\", Roboto, Helvetica, Arial, sans-serif;\n      line-height: 1.6;\n      color: #333;\n      max-width: 600px;\n      margin: 0 auto;\n      padding: 20px;\n      background-color: #f8f9fa;\n    }\n    .container {\n      background-color: #ffffff;\n      border-radius: 8px;\n      padding: 30px;\n      box-shadow: 0 4px 6px rgba(0, 0, 0, 0.05);\n    }\n    .logo {\n      text-align: center;\n      margin-bottom: 30px;\n    }\n    .logo img {\n      max-width: 200px;\n    }\n    h1, h2, h3 {\n      color: #10b981;\n    }\n    .checklist {\n      background-color: #f3f4f6;\n      padding: 20px;\n      border-radius: 8px;\n      margin: 20px 0;\n    }\n    .checklist-item {\n      display: flex;\n      align-items: center;\n      margin-bottom: 15px;\n    }\n    .checklist-item input[type=\"checkbox\"] {\n      margin-right: 10px;\n    }\n    .status-box {\n      background-color: #fff3cd;\n      border: 1px solid #ffeaa7;\n      padding: 15px;\n      border-radius: 8px;\n      margin: 20px 0;\n    }\n    .success-box {\n      background-color: #d4edda;\n      border: 1px solid #c3e6cb;\n      padding: 15px;\n      border-radius: 8px;\n      margin: 20px 0;\n    }\n    .code {\n      background-color: #2d3748;\n      color: #e2e8f0;\n      padding: 15px;\n      border-radius: 5px;\n      font-family: 'Courier New', monospace;\n      overflow-x: auto;\n      margin: 15px 0;\n    }\n    .cta {\n      background-color: #10b981;\n      color: white;\n      padding: 12px 24px;\n      border-radius: 5px;\n      display: inline-block;\n      text-decoration: none;\n      font-weight: bold;\n      margin: 20px 0;\n    }\n    .footer {\n      margin-top: 40px;\n      font-size: 14px;\n      color: #6b7280;\n      border-top: 1px solid #e5e7eb;\n      padding-top: 20px;\n      text-align: center;\n    }\n  </style>\n</head>\n<body>\n  <div class=\"container\">\n    <div class=\"logo\">\n      <img src=\"https://rsolv.dev/images/rsolv_logo_transparent.png\" alt=\"RSOLV Logo\">\n    </div>\n    \n    <h1>Let's Verify Your RSOLV Setup</h1>\n    \n    <p>Hi {@first_name},</p>\n    \n    <p>It's been a few days since you signed up for RSOLV. We want to make sure you're all set up and ready to benefit from automated security scanning and remediation!</p>\n    \n    <div class=\"checklist\">\n      <h3>Quick Setup Checklist:</h3>\n      <div class=\"checklist-item\">\n        <input type=\"checkbox\" disabled> Connected your repositories for security scanning\n      </div>\n      <div class=\"checklist-item\">\n        <input type=\"checkbox\" disabled> Added the GitHub Action workflow for automated fixes\n      </div>\n      <div class=\"checklist-item\">\n        <input type=\"checkbox\" disabled> Set up your RSOLV_API_KEY as a repository secret\n      </div>\n      <div class=\"checklist-item\">\n        <input type=\"checkbox\" disabled> Reviewed security issues found by RSOLV\n      </div>\n      <div class=\"checklist-item\">\n        <input type=\"checkbox\" disabled> Generated and merged your first security fix PR\n      </div>\n    </div>\n    \n    <h2>Need Help with Setup?</h2>\n    \n    <p>If you haven't completed setup yet, here's a quick reminder of the steps:</p>\n    \n    <div class=\"code\">\n# In .github/workflows/rsolv.yml:\nname: RSOLV Security Fixes\n\non:\n  issues:\n    types: [labeled]\n\njobs:\n  security-fix:\n    if: contains(github.event.issue.labels.*.name, 'rsolv:automate')\n    runs-on: ubuntu-latest\n    steps:\n      - uses: rsolv-dev/rsolv-action@v1\n        with:\n          github-token: ${\"{{ secrets.GITHUB_TOKEN }}\"}\n          rsolv-api-key: ${\"{{ secrets.RSOLV_API_KEY }}\"}\n    </div>\n    \n    <div class=\"status-box\">\n      <strong>🎁 Remember:</strong> Your first 10 fixes are completely free! No credit card required. After that, you only pay $15 per fix that gets deployed.\n   " <> ..., text_body: "Let's Verify Your RSOLV Setup\n\nHi Testintegration,\n\nIt's been a few days since you signed up for RSOLV. We want to make sure you're all set up and ready to automate your issue resolution!\n\nQuick Setup Checklist:\n[ ] Added the GitHub Action workflow to your repository\n[ ] Set up your RSOLV_API_KEY as a repository secret\n[ ] Tagged your first issue with \"rsolv:automate\"\n[ ] Reviewed and merged your first automated PR\n\nNeed Help with Setup?\nIf you haven't completed setup yet, visit: https://rsolv.dev/docs/getting-started\n\nRemember: Your first 10 fixes are completely free! No credit card required. After that, you only pay $15 per fix that gets deployed.\n\nCommon Questions:\n- Where do I get my API key? Check your welcome email or visit your dashboard\n- Can I use RSOLV on private repos? Yes! RSOLV works with both public and private repositories\n- What types of issues can RSOLV fix? Bug fixes, security vulnerabilities, performance issues, and more\n- How secure is it? We analyze every fix for security vulnerabilities before creating PRs\n\nPro Tip: Start with a simple issue first - something like \"Fix typo in README\" or \"Update deprecated function calls\".\n\nReady to get started? Tag an issue with \"rsolv:automate\" and watch the magic happen!\n\nIf you're stuck or have questions, just reply to this email.\n\nBest regards,\nThe RSOLV Team\n\n---\nTo unsubscribe, visit: https://rsolv.dev/unsubscribe?email=test_integration@example.com\n", headers: %{"X-Postmark-Tag" => "setup-verification"}, attachments: [], assigns: %{}, private: %{tag: "setup-verification"}, blocked: false}

13:17:20.388 request_id=GGBS7tPU-MMmNP8AABiL [info] [EMAIL DEBUG] Raw Postmark response
13:17:20.388 request_id=GGBS7tPU-MMmNP8AABiL [info] [EMAIL] Email sent successfully via Postmark
13:17:20.388 request_id=GGBS7tPU-MMmNP8AABiL [info] Successfully sent scheduled email
13:17:20.388 request_id=GGBS7tPU-MMmNP8AABiL [info] [EmailWorker] Insert result
13:17:20.388 request_id=GGBS7tPU-MMmNP8AABiL [info] [EmailWorker] Schedule result
13:17:20.388 request_id=GGBS7tPU-MMmNP8AABiL [info] [EmailWorker] Processing email config
13:17:20.388 request_id=GGBS7tPU-MMmNP8AABiL [info] [EmailWorker] Scheduling email
13:17:20.388 request_id=GGBS7tPU-MMmNP8AABiL [info] [EmailWorker] Creating Oban job
13:17:20.388 request_id=GGBS7tPU-MMmNP8AABiL [info] [EmailWorker] Job created
13:17:20.389 request_id=GGBS7tPU-MMmNP8AABiL [info] Processing scheduled email
13:17:20.389 request_id=GGBS7tPU-MMmNP8AABiL [info] [EMAIL DEBUG] Full email struct before sending
13:17:20.389 request_id=GGBS7tPU-MMmNP8AABiL [info] [EMAIL DEBUG] Extracted recipient email
13:17:20.389 request_id=GGBS7tPU-MMmNP8AABiL [info] [EMAIL DEBUG] Postmark configuration
13:17:20.389 request_id=GGBS7tPU-MMmNP8AABiL [info] [EMAIL DEBUG] Email configuration
13:17:20.389 request_id=GGBS7tPU-MMmNP8AABiL [info] [EMAIL] Attempting to send email via Postmark
13:17:20.389 request_id=GGBS7tPU-MMmNP8AABiL [debug] Sending email with Bamboo.TestAdapter:

%Bamboo.Email{from: {"RSOLV Team", "support@rsolv.dev"}, to: [nil: "test_integration@example.com"], cc: [], bcc: [], subject: "Advanced RSOLV Features You Might Have Missed", html_body: "<!DOCTYPE html>\n<html lang=\"en\">\n<head>\n  <meta charset=\"UTF-8\">\n  <meta name=\"viewport\" content=\"width=device-width, initial-scale=1.0\">\n  <title>Advanced RSOLV Features</title>\n  <style>\n    @import url('https://fonts.googleapis.com/css2?family=Space+Grotesk:wght@300;400;500;700&display=swap');\n    \n    body {\n      font-family: 'Space Grotesk', -apple-system, BlinkMacSystemFont, \"Segoe UI\", Roboto, Helvetica, Arial, sans-serif;\n      line-height: 1.6;\n      color: #333;\n      max-width: 600px;\n      margin: 0 auto;\n      padding: 20px;\n      background-color: #f8f9fa;\n    }\n    .container {\n      background-color: #ffffff;\n      border-radius: 8px;\n      padding: 30px;\n      box-shadow: 0 4px 6px rgba(0, 0, 0, 0.05);\n    }\n    .logo {\n      text-align: center;\n      margin-bottom: 30px;\n    }\n    .logo img {\n      max-width: 200px;\n    }\n    h1, h2, h3 {\n      color: #10b981;\n    }\n    .feature-card {\n      background-color: #f3f4f6;\n      padding: 20px;\n      border-radius: 8px;\n      margin-bottom: 20px;\n      border-left: 4px solid #10b981;\n    }\n    .feature-card h3 {\n      margin-top: 0;\n    }\n    .code {\n      background-color: #2d3748;\n      color: #e2e8f0;\n      padding: 15px;\n      border-radius: 5px;\n      font-family: 'Courier New', monospace;\n      overflow-x: auto;\n      margin: 15px 0;\n      font-size: 14px;\n    }\n    .pro-tip {\n      background-color: #fff3cd;\n      border: 1px solid #ffeaa7;\n      padding: 15px;\n      border-radius: 8px;\n      margin: 20px 0;\n    }\n    .security-highlight {\n      background-color: #d4edda;\n      border: 1px solid #c3e6cb;\n      padding: 15px;\n      border-radius: 8px;\n      margin: 20px 0;\n    }\n    .cta {\n      background-color: #10b981;\n      color: white;\n      padding: 12px 24px;\n      border-radius: 5px;\n      display: inline-block;\n      text-decoration: none;\n      font-weight: bold;\n      margin: 20px 0;\n    }\n    .footer {\n      margin-top: 40px;\n      font-size: 14px;\n      color: #6b7280;\n      border-top: 1px solid #e5e7eb;\n      padding-top: 20px;\n      text-align: center;\n    }\n  </style>\n</head>\n<body>\n  <div class=\"container\">\n    <div class=\"logo\">\n      <img src=\"https://rsolv.dev/images/rsolv_logo_transparent.png\" alt=\"RSOLV Logo\">\n    </div>\n    \n    <h1>Unlock the Full Power of RSOLV</h1>\n    \n    <p>Hi {@first_name},</p>\n    \n    <p>You've been using RSOLV for a few days now. Here are some advanced features and techniques that can help you get even more value from automated security scanning and vulnerability remediation:</p>\n    \n    <div class=\"feature-card\">\n      <h3>🎯 Understanding RSOLV's Proactive Scanning</h3>\n      <p>RSOLV continuously scans your repositories for security vulnerabilities and automatically creates issues with detailed remediation plans:</p>\n      <ul>\n        <li><strong>Automated detection:</strong> Scans all files for 180+ vulnerability patterns (and growing)</li>\n        <li><strong>Smart grouping:</strong> Groups similar issues for efficient review</li>\n        <li><strong>Detailed reports:</strong> Shows exact file locations and vulnerable code</li>\n        <li><strong>Fix generation:</strong> Creates secure PRs that address root causes</li>\n      </ul>\n    </div>\n    \n    <div class=\"feature-card\">\n      <h3>🔒 Comprehensive Security Coverage</h3>\n      <p>RSOLV proactively detects and fixes these vulnerability types across your codebase:</p>\n      <ul>\n        <li>SQL/NoSQL injection vulnerabilities</li>\n        <li>Cross-site scripting (XSS) risks</li>\n        <li>Authentication/authorization flaws</li>\n        <li>Insecure cryptographic implementations</li>\n        <li>Hardcoded secrets and API keys</li>\n        <li>Path traversal and open redirects</li>\n        <li>Insecure dependencies and configurations</li>\n      </ul>\n      <p>Each PR includes a detailed security impact assessment and verification tests.</p>\n    </div>\n    \n    <div class=\"security-highlight\">\n      <strong>🛡️ Security Example:</strong> When RSOLV detects unsafe user input handling, it automatically generates fixes with proper sanitization, p" <> ..., text_body: "Unlock the Full Power of RSOLV\n\nHi Testintegration,\n\nYou've been using RSOLV for a few days now. Here are some advanced features and techniques:\n\n1. Writing Better Issues for Better Fixes:\n   - Include error messages: Copy the full stack trace\n   - Specify the file/function: \"Fix pagination in UserList.js\"\n   - Describe expected behavior: \"Should show 10 users per page\"\n   - Add context: \"This broke after upgrading to React 18\"\n\n2. Security-First Fixes:\n   RSOLV automatically scans for:\n   - SQL injection vulnerabilities\n   - Cross-site scripting (XSS) risks\n   - Authentication/authorization issues\n   - Insecure dependencies\n   - Hardcoded secrets or API keys\n\n3. Batch Processing:\n   Tag multiple issues with \"rsolv:automate\" and RSOLV creates separate PRs for each.\n\n4. Customizing RSOLV Behavior:\n   Add these tags to your issues:\n   - [performance] - Optimize for speed\n   - [security] - Extra security focus\n   - [minimal] - Smallest possible change\n   - [refactor] - Clean up while fixing\n\nComing Soon:\n- Support for more languages (Go, Rust, PHP)\n- Custom fix preferences per repository\n- Team collaboration features\n- Integration with more platforms\n\nHave a feature request? Just reply to this email!\n\nView advanced documentation: https://rsolv.dev/docs/advanced\n\nBest regards,\nThe RSOLV Team\n\n---\nTo unsubscribe, visit: https://rsolv.dev/unsubscribe?email=test_integration@example.com\n", headers: %{"X-Postmark-Tag" => "feature-deep-dive"}, attachments: [], assigns: %{}, private: %{tag: "feature-deep-dive"}, blocked: false}

13:17:20.389 request_id=GGBS7tPU-MMmNP8AABiL [info] [EMAIL DEBUG] Raw Postmark response
13:17:20.389 request_id=GGBS7tPU-MMmNP8AABiL [info] [EMAIL] Email sent successfully via Postmark
13:17:20.389 request_id=GGBS7tPU-MMmNP8AABiL [info] Successfully sent scheduled email
13:17:20.389 request_id=GGBS7tPU-MMmNP8AABiL [info] [EmailWorker] Insert result
13:17:20.389 request_id=GGBS7tPU-MMmNP8AABiL [info] [EmailWorker] Schedule result
13:17:20.389 request_id=GGBS7tPU-MMmNP8AABiL [info] [EmailWorker] Processing email config
13:17:20.389 request_id=GGBS7tPU-MMmNP8AABiL [info] [EmailWorker] Scheduling email
13:17:20.389 request_id=GGBS7tPU-MMmNP8AABiL [info] [EmailWorker] Creating Oban job
13:17:20.389 request_id=GGBS7tPU-MMmNP8AABiL [info] [EmailWorker] Job created
13:17:20.389 request_id=GGBS7tPU-MMmNP8AABiL [info] Processing scheduled email
13:17:20.389 request_id=GGBS7tPU-MMmNP8AABiL [info] [EMAIL DEBUG] Full email struct before sending
13:17:20.389 request_id=GGBS7tPU-MMmNP8AABiL [info] [EMAIL DEBUG] Extracted recipient email
13:17:20.389 request_id=GGBS7tPU-MMmNP8AABiL [info] [EMAIL DEBUG] Postmark configuration
13:17:20.389 request_id=GGBS7tPU-MMmNP8AABiL [info] [EMAIL DEBUG] Email configuration
13:17:20.389 request_id=GGBS7tPU-MMmNP8AABiL [info] [EMAIL] Attempting to send email via Postmark
13:17:20.389 request_id=GGBS7tPU-MMmNP8AABiL [debug] Sending email with Bamboo.TestAdapter:

%Bamboo.Email{from: {"RSOLV Team", "support@rsolv.dev"}, to: [nil: "test_integration@example.com"], cc: [], bcc: [], subject: "How's Your Experience with RSOLV?", html_body: "<!DOCTYPE html>\n<html lang=\"en\">\n<head>\n  <meta charset=\"UTF-8\">\n  <meta name=\"viewport\" content=\"width=device-width, initial-scale=1.0\">\n  <title>How's Your RSOLV Experience?</title>\n  <style>\n    @import url('https://fonts.googleapis.com/css2?family=Space+Grotesk:wght@300;400;500;700&display=swap');\n    \n    body {\n      font-family: 'Space Grotesk', -apple-system, BlinkMacSystemFont, \"Segoe UI\", Roboto, Helvetica, Arial, sans-serif;\n      line-height: 1.6;\n      color: #333;\n      max-width: 600px;\n      margin: 0 auto;\n      padding: 20px;\n      background-color: #f8f9fa;\n    }\n    .container {\n      background-color: #ffffff;\n      border-radius: 8px;\n      padding: 30px;\n      box-shadow: 0 4px 6px rgba(0, 0, 0, 0.05);\n    }\n    .logo {\n      text-align: center;\n      margin-bottom: 30px;\n    }\n    .logo img {\n      max-width: 200px;\n    }\n    h1, h2, h3 {\n      color: #10b981;\n    }\n    .survey-card {\n      background-color: #f3f4f6;\n      padding: 20px;\n      border-radius: 8px;\n      margin: 20px 0;\n      text-align: center;\n    }\n    .rating-container {\n      display: flex;\n      justify-content: center;\n      gap: 10px;\n      margin: 20px 0;\n    }\n    .rating-box {\n      width: 40px;\n      height: 40px;\n      border: 2px solid #10b981;\n      border-radius: 8px;\n      display: flex;\n      align-items: center;\n      justify-content: center;\n      text-decoration: none;\n      color: #10b981;\n      font-weight: bold;\n      transition: all 0.3s ease;\n    }\n    .rating-box:hover {\n      background-color: #10b981;\n      color: white;\n    }\n    .question-box {\n      background-color: #f9fafb;\n      padding: 20px;\n      border-radius: 8px;\n      margin: 20px 0;\n      border-left: 4px solid #10b981;\n    }\n    .success-story {\n      background-color: #d4edda;\n      border: 1px solid #c3e6cb;\n      padding: 15px;\n      border-radius: 8px;\n      margin: 20px 0;\n    }\n    .cta {\n      background-color: #10b981;\n      color: white;\n      padding: 12px 24px;\n      border-radius: 5px;\n      display: inline-block;\n      text-decoration: none;\n      font-weight: bold;\n      margin: 20px 0;\n    }\n    .cta-secondary {\n      background-color: #6b7280;\n      color: white;\n      padding: 12px 24px;\n      border-radius: 5px;\n      display: inline-block;\n      text-decoration: none;\n      font-weight: bold;\n      margin: 20px 0;\n    }\n    .footer {\n      margin-top: 40px;\n      font-size: 14px;\n      color: #6b7280;\n      border-top: 1px solid #e5e7eb;\n      padding-top: 20px;\n      text-align: center;\n    }\n  </style>\n</head>\n<body>\n  <div class=\"container\">\n    <div class=\"logo\">\n      <img src=\"https://rsolv.dev/images/rsolv_logo_transparent.png\" alt=\"RSOLV Logo\">\n    </div>\n    \n    <h1>Quick Check-In: How's RSOLV Working for You?</h1>\n    \n    <p>Hi {@first_name},</p>\n    \n    <p>You've been using RSOLV for a week now, and we'd love to hear about your experience! Your feedback helps us make RSOLV better for everyone.</p>\n    \n    <div class=\"survey-card\">\n      <h3>How likely are you to recommend RSOLV to a colleague?</h3>\n      <p>Click a number below:</p>\n      <div class=\"rating-container\">\n        <a href=\"https://rsolv.dev/feedback?rating=1&email={@email}\" class=\"rating-box\">1</a>\n        <a href=\"https://rsolv.dev/feedback?rating=2&email={@email}\" class=\"rating-box\">2</a>\n        <a href=\"https://rsolv.dev/feedback?rating=3&email={@email}\" class=\"rating-box\">3</a>\n        <a href=\"https://rsolv.dev/feedback?rating=4&email={@email}\" class=\"rating-box\">4</a>\n        <a href=\"https://rsolv.dev/feedback?rating=5&email={@email}\" class=\"rating-box\">5</a>\n        <a href=\"https://rsolv.dev/feedback?rating=6&email={@email}\" class=\"rating-box\">6</a>\n        <a href=\"https://rsolv.dev/feedback?rating=7&email={@email}\" class=\"rating-box\">7</a>\n        <a href=\"https://rsolv.dev/feedback?rating=8&email={@email}\" class=\"rating-box\">8</a>\n        <a href=\"https://rsolv.dev/feedback?rating=9&email={@email}\" class=\"rating-box\">9</a>\n        <a href=\"https://rsolv.dev/feedback?rating=10&email={@email}\" class=\"rating-box\">10</a>\n      </div>\n" <> ..., text_body: "Quick Check-In: How's RSOLV Working for You?\n\nHi Testintegration,\n\nYou've been using RSOLV for a week now, and we'd love to hear about your experience!\n\nHow likely are you to recommend RSOLV to a colleague?\nRate us from 1-10: https://rsolv.dev/feedback?email=test_integration@example.com\n\nThree Quick Questions:\n1. What's been your favorite RSOLV fix so far?\n2. What feature would you like to see next?\n3. Any challenges or friction points?\n\nJust hit reply and share your thoughts - we read every response!\n\nDid You Know?\nHere are some ways other teams are using RSOLV:\n- Security audits: Tag all security-related issues for automated fixes\n- Tech debt cleanup: Fix deprecated function calls across the codebase\n- Onboarding tool: Let new devs see how fixes should be implemented\n- Weekend warrior: Queue up fixes on Friday, review on Monday\n\nThanks for being an early adopter!\n\nBest regards,\nDylan & The RSOLV Team\n\nP.S. If RSOLV has saved you time this week, we'd love to hear about it!\n\n---\nTo unsubscribe, visit: https://rsolv.dev/unsubscribe?email=test_integration@example.com\n", headers: %{"X-Postmark-Tag" => "feedback-request"}, attachments: [], assigns: %{}, private: %{tag: "feedback-request"}, blocked: false}

13:17:20.389 request_id=GGBS7tPU-MMmNP8AABiL [info] [EMAIL DEBUG] Raw Postmark response
13:17:20.389 request_id=GGBS7tPU-MMmNP8AABiL [info] [EMAIL] Email sent successfully via Postmark
13:17:20.389 request_id=GGBS7tPU-MMmNP8AABiL [info] Successfully sent scheduled email
13:17:20.390 request_id=GGBS7tPU-MMmNP8AABiL [info] [EmailWorker] Insert result
13:17:20.390 request_id=GGBS7tPU-MMmNP8AABiL [info] [EmailWorker] Schedule result
13:17:20.390 request_id=GGBS7tPU-MMmNP8AABiL [info] [EmailWorker] Processing email config
13:17:20.390 request_id=GGBS7tPU-MMmNP8AABiL [info] [EmailWorker] Scheduling email
13:17:20.390 request_id=GGBS7tPU-MMmNP8AABiL [info] [EmailWorker] Creating Oban job
13:17:20.390 request_id=GGBS7tPU-MMmNP8AABiL [info] [EmailWorker] Job created
13:17:20.390 request_id=GGBS7tPU-MMmNP8AABiL [info] Processing scheduled email
13:17:20.390 request_id=GGBS7tPU-MMmNP8AABiL [info] [EMAIL DEBUG] Full email struct before sending
13:17:20.390 request_id=GGBS7tPU-MMmNP8AABiL [info] [EMAIL DEBUG] Extracted recipient email
13:17:20.390 request_id=GGBS7tPU-MMmNP8AABiL [info] [EMAIL DEBUG] Postmark configuration
13:17:20.390 request_id=GGBS7tPU-MMmNP8AABiL [info] [EMAIL DEBUG] Email configuration
13:17:20.390 request_id=GGBS7tPU-MMmNP8AABiL [info] [EMAIL] Attempting to send email via Postmark
13:17:20.390 request_id=GGBS7tPU-MMmNP8AABiL [debug] Sending email with Bamboo.TestAdapter:

%Bamboo.Email{from: {"RSOLV Team", "support@rsolv.dev"}, to: [nil: "test_integration@example.com"], cc: [], bcc: [], subject: "Your RSOLV Success Report", html_body: "<!DOCTYPE html>\n<html lang=\"en\">\n<head>\n  <meta charset=\"UTF-8\">\n  <meta name=\"viewport\" content=\"width=device-width, initial-scale=1.0\">\n  <title>Your RSOLV Success Report</title>\n  <style>\n    @import url('https://fonts.googleapis.com/css2?family=Space+Grotesk:wght@300;400;500;700&display=swap');\n    \n    body {\n      font-family: 'Space Grotesk', -apple-system, BlinkMacSystemFont, \"Segoe UI\", Roboto, Helvetica, Arial, sans-serif;\n      line-height: 1.6;\n      color: #333;\n      max-width: 600px;\n      margin: 0 auto;\n      padding: 20px;\n      background-color: #f8f9fa;\n    }\n    .container {\n      background-color: #ffffff;\n      border-radius: 8px;\n      padding: 30px;\n      box-shadow: 0 4px 6px rgba(0, 0, 0, 0.05);\n    }\n    .logo {\n      text-align: center;\n      margin-bottom: 30px;\n    }\n    .logo img {\n      max-width: 200px;\n    }\n    h1, h2, h3 {\n      color: #10b981;\n    }\n    .stats-grid {\n      display: grid;\n      grid-template-columns: 1fr 1fr;\n      gap: 20px;\n      margin: 30px 0;\n    }\n    .stat-card {\n      background-color: #f3f4f6;\n      padding: 20px;\n      border-radius: 8px;\n      text-align: center;\n      border-top: 4px solid #10b981;\n    }\n    .stat-number {\n      font-size: 36px;\n      font-weight: bold;\n      color: #10b981;\n      margin: 10px 0;\n    }\n    .stat-label {\n      color: #6b7280;\n      font-size: 14px;\n    }\n    .achievement-banner {\n      background: linear-gradient(135deg, #10b981 0%, #059669 100%);\n      color: white;\n      padding: 20px;\n      border-radius: 8px;\n      text-align: center;\n      margin: 20px 0;\n    }\n    .timeline {\n      margin: 30px 0;\n    }\n    .timeline-item {\n      display: flex;\n      margin-bottom: 20px;\n      align-items: flex-start;\n    }\n    .timeline-marker {\n      width: 40px;\n      height: 40px;\n      background-color: #10b981;\n      color: white;\n      border-radius: 50%;\n      display: flex;\n      align-items: center;\n      justify-content: center;\n      flex-shrink: 0;\n      margin-right: 15px;\n    }\n    .timeline-content {\n      flex-grow: 1;\n    }\n    .pricing-highlight {\n      background-color: #fff3cd;\n      border: 1px solid #ffeaa7;\n      padding: 20px;\n      border-radius: 8px;\n      margin: 20px 0;\n      text-align: center;\n    }\n    .cta {\n      background-color: #10b981;\n      color: white;\n      padding: 12px 24px;\n      border-radius: 5px;\n      display: inline-block;\n      text-decoration: none;\n      font-weight: bold;\n      margin: 20px 0;\n    }\n    .cta-secondary {\n      background-color: #2563eb;\n      color: white;\n      padding: 12px 24px;\n      border-radius: 5px;\n      display: inline-block;\n      text-decoration: none;\n      font-weight: bold;\n      margin: 20px 0;\n    }\n    .footer {\n      margin-top: 40px;\n      font-size: 14px;\n      color: #6b7280;\n      border-top: 1px solid #e5e7eb;\n      padding-top: 20px;\n      text-align: center;\n    }\n    @media (max-width: 600px) {\n      .stats-grid {\n        grid-template-columns: 1fr;\n      }\n    }\n  </style>\n</head>\n<body>\n  <div class=\"container\">\n    <div class=\"logo\">\n      <img src=\"https://rsolv.dev/images/rsolv_logo_transparent.png\" alt=\"RSOLV Logo\">\n    </div>\n    \n    <h1>Your 2-Week RSOLV Success Report 🎉</h1>\n    \n    <p>Hi {@first_name},</p>\n    \n    <p>Congratulations! You've been using RSOLV for two weeks. Here's a snapshot of what we've accomplished together:</p>\n    \n    <div class=\"stats-grid\">\n      <div class=\"stat-card\">\n        <div class=\"stat-label\">Issues Fixed</div>\n        <div class=\"stat-number\">{Map.get(@usage_stats || %{}, :issues_fixed, 0)}</div>\n      </div>\n      <div class=\"stat-card\">\n        <div class=\"stat-label\">PRs Created</div>\n        <div class=\"stat-number\">{Map.get(@usage_stats || %{}, :prs_created, 0)}</div>\n      </div>\n      <div class=\"stat-card\">\n        <div class=\"stat-label\">Time Saved</div>\n        <div class=\"stat-number\">{Map.get(@usage_stats || %{}, :time_saved, \"0 hrs\")}</div>\n      </div>\n      <div class=\"stat-card\">\n        <div class=\"stat-label\">Security Issues Found</div>\n        <div class=\"stat-number\">{Map.ge" <> ..., text_body: "Your 2-Week RSOLV Success Report\n\nHi Testintegration,\n\nCongratulations! You've been using RSOLV for two weeks. Here's what we've accomplished together:\n\nYour Stats:\n- Issues Fixed: Check your dashboard\n- PRs Created: Check your dashboard\n- Time Saved: Check your dashboard\n- Security Issues Found: Check your dashboard\n\nYour Trial Status:\nCheck how many free fixes you have remaining at: https://rsolv.dev/dashboard\n\nWhat's Next?\n- Expand to more repositories\n- Automate security audits\n- Clean up tech debt\n- Train your team\n\nNeed Help Scaling Up?\nI'd love to help you get even more value from RSOLV:\n- Schedule a 15-minute optimization call\n- Get best practices for your specific tech stack\n- Learn about volume discounts for teams\n\nJust reply to this email and let me know how I can help!\n\nThanks for being part of the RSOLV community.\n\nBest regards,\nDylan Fitzgerald\nFounder, RSOLV\n\nP.S. If RSOLV has been valuable to your team, I'd be grateful if you could share a quick testimonial.\n\n---\nTo unsubscribe, visit: https://rsolv.dev/unsubscribe?email=test_integration@example.com\n", headers: %{"X-Postmark-Tag" => "success-checkin"}, attachments: [], assigns: %{}, private: %{tag: "success-checkin"}, blocked: false}

13:17:20.390 request_id=GGBS7tPU-MMmNP8AABiL [info] [EMAIL DEBUG] Raw Postmark response
13:17:20.390 request_id=GGBS7tPU-MMmNP8AABiL [info] [EMAIL] Email sent successfully via Postmark
13:17:20.390 request_id=GGBS7tPU-MMmNP8AABiL [info] Successfully sent scheduled email
13:17:20.390 request_id=GGBS7tPU-MMmNP8AABiL [info] [EmailWorker] Insert result
13:17:20.390 request_id=GGBS7tPU-MMmNP8AABiL [info] [EmailWorker] Schedule result
13:17:20.390 request_id=GGBS7tPU-MMmNP8AABiL [info] [PAGE CONTROLLER] EmailSequence.start_early_access_onboarding_sequence returned
13:17:20.390 request_id=GGBS7tPU-MMmNP8AABiL [debug] Sending email with Bamboo.TestAdapter:

%Bamboo.Email{from: {"RSOLV Team", "support@rsolv.dev"}, to: [nil: "admin@rsolv.dev"], cc: [], bcc: [], subject: "🎉 New RSOLV Signup: test_integration@example.com", html_body: "<!DOCTYPE html>\n<html>\n<head>\n  <meta charset=\"utf-8\">\n  <style>\n    body { font-family: -apple-system, BlinkMacSystemFont, 'Segoe UI', Roboto, sans-serif; line-height: 1.6; color: #333; }\n    .container { max-width: 600px; margin: 0 auto; padding: 20px; }\n    .header { background: #10b981; color: white; padding: 20px; border-radius: 8px 8px 0 0; }\n    .content { background: #f9fafb; padding: 20px; border: 1px solid #e5e7eb; border-radius: 0 0 8px 8px; }\n    .metric { display: inline-block; margin: 10px 20px 10px 0; }\n    .metric-label { font-size: 12px; color: #6b7280; text-transform: uppercase; }\n    .metric-value { font-size: 18px; font-weight: bold; color: #111827; }\n    .details { background: white; padding: 15px; border-radius: 4px; margin: 15px 0; }\n    .detail-row { display: flex; justify-content: space-between; padding: 8px 0; border-bottom: 1px solid #f3f4f6; }\n    .detail-row:last-child { border-bottom: none; }\n    .detail-label { font-weight: 500; color: #6b7280; }\n    .detail-value { color: #111827; }\n    .utm-badge { display: inline-block; background: #dbeafe; color: #1e40af; padding: 2px 8px; border-radius: 4px; font-size: 12px; margin-left: 4px; }\n  </style>\n</head>\n<body>\n  <div class=\"container\">\n    <div class=\"header\">\n      <h1 style=\"margin: 0; font-size: 24px;\">🎉 New RSOLV Signup!</h1>\n      <p style=\"margin: 5px 0 0 0; opacity: 0.9;\">August 29, 2025 at 07:17 PM UTC</p>\n    </div>\n    \n    <div class=\"content\">\n      <div class=\"metric\">\n        <div class=\"metric-label\">Email</div>\n        <div class=\"metric-value\">test_integration@example.com</div>\n      </div>\n      \n      \n      \n      <div class=\"details\">\n        <h3 style=\"margin-top: 0;\">Signup Details</h3>\n        \n        <div class=\"detail-row\">\n          <span class=\"detail-label\">Source</span>\n          <span class=\"detail-value\">\n            landing_page\n            \n          </span>\n        </div>\n        \n        \n        \n        \n        \n        \n      </div>\n      \n      <div style=\"margin-top: 20px; text-align: center;\">\n        <a href=\"https://rsolv.dev/live/dashboard\" style=\"display: inline-block; background: #10b981; color: white; padding: 10px 20px; text-decoration: none; border-radius: 4px;\">\n          View Dashboard\n        </a>\n      </div>\n    </div>\n  </div>\n</body>\n</html>\n", text_body: "🎉 New RSOLV Signup!\n\nEmail: test_integration@example.com\n\nTime: August 29, 2025 at 07:17 PM UTC\n\nSource Details:\n- Source: landing_page\n\n\n\n\n\nView full dashboard: https://rsolv.dev/live/dashboard\n", headers: %{"Message-ID" => "<1756495040.454098@rsolv.dev>", "X-Postmark-Tag" => "admin-notification", "X-Priority" => "1"}, attachments: [], assigns: %{}, private: %{tag: "admin-notification"}, blocked: false}

13:17:20.390 request_id=GGBS7tPU-MMmNP8AABiL [info] Admin notification sent for new signup
13:17:20.390 request_id=GGBS7tPU-MMmNP8AABiL [info] Sent 302 in 6ms
13:17:20.390 request_id=GGBS7tPU-MMmNP8AABiL [debug] QUERY OK source="early_access_signups" db=0.1ms
SELECT e0."id", e0."email", e0."name", e0."company", e0."referral_source", e0."utm_source", e0."utm_medium", e0."utm_campaign", e0."inserted_at" FROM "early_access_signups" AS e0 WHERE (e0."email" = $1) ["test_integration@example.com"]
.13:17:20.391 request_id=GGBS7tRBYH0kK0UAACeQ [info] POST /early-access
13:17:20.391 request_id=GGBS7tRBYH0kK0UAACeQ [debug] Processing with RsolvWeb.PageController.submit_early_access/2
  Parameters: %{"signup" => %{"email" => "liveview@example.com"}}
  Pipelines: [:browser]
13:17:20.391 request_id=GGBS7tRBYH0kK0UAACeQ [debug] QUERY OK source="fun_with_flags_toggles" db=0.0ms
SELECT f0."id", f0."flag_name", f0."gate_type", f0."target", f0."enabled" FROM "fun_with_flags_toggles" AS f0 WHERE (f0."flag_name" = $1) ["early_access_signup"]
13:17:20.391 request_id=GGBS7tRBYH0kK0UAACeQ [debug] Telemetry event: [:fun_with_flags, :persistence, :read], metadata: %{flag_name: :early_access_signup, gate: nil}, measurements: %{system_time: 1756495040391446592}
13:17:20.391 request_id=GGBS7tRBYH0kK0UAACeQ [debug] Extracted UTM parameters: %{}
13:17:20.391 request_id=GGBS7tRBYH0kK0UAACeQ [info] Analytics event tracked
13:17:20.391 request_id=GGBS7tRBYH0kK0UAACeQ [debug] QUERY OK db=0.1ms
SELECT create_analytics_partition_if_not_exists($1::date) [~D[2025-08-29]]
13:17:20.391 request_id=GGBS7tRBYH0kK0UAACeQ [debug] QUERY OK source="analytics_events" db=0.0ms
INSERT INTO "analytics_events" ("metadata","event_type","visitor_id","page_path","inserted_at","updated_at") VALUES ($1,$2,$3,$4,$5,$6) RETURNING "id" [%{status: "submit", os: "unknown", form_id: "early-access", browser: "unknown", utm_source_platform: nil, utm_source_campaign: nil, utm_source_content: nil, device_type: "unknown"}, "form_submit", "6759adae97f31ade89ad0b56e56d2cf2", "/early-access", ~N[2025-08-29 19:17:20], ~N[2025-08-29 19:17:20]]
13:17:20.391 request_id=GGBS7tRBYH0kK0UAACeQ [info] Form submission received
13:17:20.391 request_id=GGBS7tRBYH0kK0UAACeQ [info] Valid email received for processing: liveview@example.com, validation passed
13:17:20.391 request_id=GGBS7tRBYH0kK0UAACeQ [debug] Extracted UTM parameters: %{}
13:17:20.392 request_id=GGBS7tRBYH0kK0UAACeQ [debug] QUERY OK source="early_access_signups" db=0.0ms
INSERT INTO "early_access_signups" ("name","email","referral_source","inserted_at") VALUES ($1,$2,$3,$4) RETURNING "id" ["Liveview", "liveview@example.com", "landing_page", ~N[2025-08-29 19:17:20]]
13:17:20.392 request_id=GGBS7tRBYH0kK0UAACeQ [debug] QUERY OK source="early_access_signups" db=0.0ms
SELECT count(e0."id") FROM "early_access_signups" AS e0 []
13:17:20.392 request_id=GGBS7tRBYH0kK0UAACeQ [info] Successfully saved signup to database
13:17:20.392 request_id=GGBS7tRBYH0kK0UAACeQ [info] ConvertKit API key present: true
13:17:20.392 request_id=GGBS7tRBYH0kK0UAACeQ [info] ConvertKit API request successful
13:17:20.392 request_id=GGBS7tRBYH0kK0UAACeQ [info] ConvertKit: Successfully added subscriber
13:17:20.392 request_id=GGBS7tRBYH0kK0UAACeQ [info] Analytics event tracked
13:17:20.392 request_id=GGBS7tRBYH0kK0UAACeQ [debug] QUERY OK db=0.1ms
SELECT create_analytics_partition_if_not_exists($1::date) [~D[2025-08-29]]
13:17:20.392 request_id=GGBS7tRBYH0kK0UAACeQ [debug] QUERY OK source="analytics_events" db=0.0ms
INSERT INTO "analytics_events" ("metadata","event_type","visitor_id","page_path","inserted_at","updated_at") VALUES ($1,$2,$3,$4,$5,$6) RETURNING "id" [%{status: "success", os: "unknown", source: "landing_page", form_id: "early-access", browser: "unknown", utm_source_platform: nil, utm_source_campaign: nil, utm_source_content: nil, device_type: "unknown", conversion_type: "early_access_signup", email_domain: "example.com"}, "form_success", "6759adae97f31ade89ad0b56e56d2cf2", "/early-access", ~N[2025-08-29 19:17:20], ~N[2025-08-29 19:17:20]]
13:17:20.392 request_id=GGBS7tRBYH0kK0UAACeQ [info] Analytics event tracked
13:17:20.392 request_id=GGBS7tRBYH0kK0UAACeQ [debug] QUERY OK db=0.0ms
SELECT create_analytics_partition_if_not_exists($1::date) [~D[2025-08-29]]
13:17:20.393 request_id=GGBS7tRBYH0kK0UAACeQ [debug] QUERY OK source="analytics_events" db=0.1ms
INSERT INTO "analytics_events" ("metadata","event_type","visitor_id","page_path","inserted_at","updated_at") VALUES ($1,$2,$3,$4,$5,$6) RETURNING "id" [%{os: "unknown", source: "landing_page", form_id: "early-access", browser: "unknown", utm_source_platform: nil, utm_source_campaign: nil, utm_source_content: nil, device_type: "unknown", conversion_type: "early_access_signup", email_domain: "example.com"}, "conversion", "6759adae97f31ade89ad0b56e56d2cf2", "/early-access", ~N[2025-08-29 19:17:20], ~N[2025-08-29 19:17:20]]
13:17:20.393 request_id=GGBS7tRBYH0kK0UAACeQ [debug] QUERY OK source="fun_with_flags_toggles" db=0.0ms
SELECT f0."id", f0."flag_name", f0."gate_type", f0."target", f0."enabled" FROM "fun_with_flags_toggles" AS f0 WHERE (f0."flag_name" = $1) ["welcome_email_sequence"]
13:17:20.393 request_id=GGBS7tRBYH0kK0UAACeQ [debug] Telemetry event: [:fun_with_flags, :persistence, :read], metadata: %{flag_name: :welcome_email_sequence, gate: nil}, measurements: %{system_time: 1756495040393123412}
13:17:20.393 request_id=GGBS7tRBYH0kK0UAACeQ [info] [PAGE CONTROLLER] Welcome email sequence is ENABLED, starting sequence
13:17:20.393 request_id=GGBS7tRBYH0kK0UAACeQ [info] [PAGE CONTROLLER] About to call EmailSequence.start_early_access_onboarding_sequence
13:17:20.393 request_id=GGBS7tRBYH0kK0UAACeQ [info] [EMAIL SEQUENCE] Starting early access onboarding sequence
13:17:20.393 request_id=GGBS7tRBYH0kK0UAACeQ [info] [EMAIL SEQUENCE] About to call EmailService.send_early_access_welcome_email
13:17:20.393 request_id=GGBS7tRBYH0kK0UAACeQ [info] [EMAIL] send_early_access_welcome_email called
13:17:20.393 request_id=GGBS7tRBYH0kK0UAACeQ [info] [EMAIL DEBUG] Full email struct before sending
13:17:20.393 request_id=GGBS7tRBYH0kK0UAACeQ [info] [EMAIL DEBUG] Extracted recipient email
13:17:20.393 request_id=GGBS7tRBYH0kK0UAACeQ [info] [EMAIL DEBUG] Postmark configuration
13:17:20.393 request_id=GGBS7tRBYH0kK0UAACeQ [info] [EMAIL DEBUG] Email configuration
13:17:20.393 request_id=GGBS7tRBYH0kK0UAACeQ [info] [EMAIL] Attempting to send email via Postmark
13:17:20.393 request_id=GGBS7tRBYH0kK0UAACeQ [debug] Sending email with Bamboo.TestAdapter:

%Bamboo.Email{from: {"RSOLV Team", "support@rsolv.dev"}, to: [nil: "liveview@example.com"], cc: [], bcc: [], subject: "Welcome to RSOLV Early Access Program", html_body: "<div style=\"font-family: 'Helvetica Neue', Helvetica, Arial, sans-serif; max-width: 600px; margin: 0 auto; padding: 20px;\">\n  <h1 style=\"color: #2C3E50; margin-bottom: 20px;\">Welcome to RSOLV Early Access Program!</h1>\n\n  <p>Hi Liveview,</p>\n\n  <p>Thank you for joining our Early Access Program! You're now part of an exclusive group getting first access to RSOLV.</p>\n\n  <p>Here's what you need to know:</p>\n\n  <ul>\n    <li>You have full access to all current features</li>\n    <li>Your feedback is incredibly valuable to us during this phase</li>\n    <li>You'll receive priority support via email</li>\n  </ul>\n\n  <p>To get started with RSOLV:</p>\n\n  <ol>\n    <li><strong>Your API key will be sent in a follow-up email within 24 hours</strong></li>\n    <li>Once you receive your API key, install our GitHub Action (code below)</li>\n    <li>Set up your repository secrets with your API key</li>\n    <li>Tag your first issues with \"rsolv:automate\"</li>\n  </ol>\n\n  <div style=\"background-color: #fff3cd; border: 1px solid #ffeaa7; color: #856404; padding: 10px; border-radius: 5px; margin: 15px 0;\">\n    <strong>⏳ API Key Coming Soon:</strong> We'll send your personal API key within 24 hours. Look for an email with subject \"Your RSOLV API Key\".\n  </div>\n\n  <div style=\"background-color: #f8f9fa; padding: 15px; border-radius: 5px; margin: 20px 0;\">\n    <pre style=\"margin: 0; overflow-x: auto; white-space: pre-wrap; font-family: monospace;\">name: RSOLV AutoFix\non:\n  issues:\n    types: [opened, edited, labeled]\n\njobs:\n  autofix:\n    runs-on: ubuntu-latest\n    if: contains(github.event.issue.labels.*.name, 'rsolv:automate')\n    steps:\n      - uses: RSOLV-dev/rsolv-action@v1\n        with:\n          github-token: ${{ secrets.GITHUB_TOKEN }}\n          rsolv-api-key: ${{ secrets.RSOLV_API_KEY }}</pre>\n  </div>\n\n  <p>Need help? As an Early Access member, you have priority support - contact us at <a href=\"mailto:support@rsolv.dev\">support@rsolv.dev</a> and we'll personally assist you.</p>\n\n  <p>Your trial includes unlimited automated fixes during the Early Access period.</p>\n\n  <div style=\"margin-top: 30px; padding: 15px; border: 1px solid #e0e0e0; border-radius: 5px; background-color: #f9f9f9;\">\n    <h3 style=\"margin-top: 0; color: #2C3E50;\">Early Access Program Benefits</h3>\n    <ul>\n      <li>Unlimited usage during Early Access</li>\n      <li>Priority support and feature requests</li>\n      <li>Exclusive pricing when we launch</li>\n      <li>Direct access to our development team</li>\n    </ul>\n  </div>\n\n  <p>Best,<br>The RSOLV Team</p>\n\n  <div class=\"footer\" style=\"margin-top: 40px; padding-top: 20px; border-top: 1px solid #e0e0e0; font-size: 0.9em; color: #666;\">\n    <p>\n      You're receiving this email because you joined the RSOLV Early Access Program.\n      <br>\n      If you have any questions, simply reply to this email.\n    </p>\n    <p>\n      RSOLV, Inc. • support@rsolv.dev • © 2025\n    </p>\n    <p>\n      <a href=\"https://rsolv.dev/unsubscribe?email=liveview@example.com\">Unsubscribe</a> from these emails.\n    </p>\n  </div>\n</div>\n", text_body: "Welcome to RSOLV Early Access Program!\n\nHi Liveview,\n\nThank you for joining our Early Access Program! You're now part of an exclusive group getting first access to RSOLV.\n\nHere's what you need to know:\n- You have full access to all current features\n- Your feedback is incredibly valuable to us during this phase\n- You'll receive priority support via email\n\nTo get started with RSOLV:\n1. Your API key will be sent in a follow-up email within 24 hours\n2. Once you receive your API key, install our GitHub Action\n3. Set up your repository secrets with your API key\n4. Tag your first issues with \"AUTOFIX\"\n\n⏳ API KEY COMING SOON: We'll send your personal API key within 24 hours. Look for an email with subject \"Your RSOLV API Key\".\n\nNeed help? As an Early Access member, you have priority support - contact us at support@rsolv.dev and we'll personally assist you.\n\nYour trial includes unlimited automated fixes during the Early Access period.\n\nEARLY ACCESS PROGRAM BENEFITS:\n* Unlimited usage during Early Access\n* Priority support and feature requests\n* Exclusive pricing when we launch\n* Direct access to our development team\n\nBest,\nThe RSOLV Team\n\n---\nYou're receiving this email because you joined the RSOLV Early Access Program.\nIf you have any questions, simply reply to this email.\n\nRSOLV, Inc. • support@rsolv.dev\n\nTo unsubscribe, visit: https://rsolv.dev/unsubscribe?email=liveview@example.com\n", headers: %{"X-Postmark-Tag" => "early-access"}, attachments: [], assigns: %{}, private: %{tag: "early-access"}, blocked: false}

13:17:20.393 request_id=GGBS7tRBYH0kK0UAACeQ [info] [EMAIL DEBUG] Raw Postmark response
13:17:20.393 request_id=GGBS7tRBYH0kK0UAACeQ [info] [EMAIL] Email sent successfully via Postmark
13:17:20.393 request_id=GGBS7tRBYH0kK0UAACeQ [info] [EMAIL SEQUENCE] EmailService.send_early_access_welcome_email returned
13:17:20.393 request_id=GGBS7tRBYH0kK0UAACeQ [info] Attempting to tag subscriber
13:17:20.393 request_id=GGBS7tRBYH0kK0UAACeQ [info] ConvertKit: Attempting to tag liveview@example.com with tag test_tag_id
13:17:20.393 request_id=GGBS7tRBYH0kK0UAACeQ [info] ConvertKit: Successfully tagged liveview@example.com
13:17:20.393 request_id=GGBS7tRBYH0kK0UAACeQ [info] [EmailWorker] schedule_sequence called
13:17:20.393 request_id=GGBS7tRBYH0kK0UAACeQ [info] [EmailWorker] Found sequence
13:17:20.393 request_id=GGBS7tRBYH0kK0UAACeQ [info] [EmailWorker] Processing email config
13:17:20.393 request_id=GGBS7tRBYH0kK0UAACeQ [info] [EmailWorker] Skipping immediate email
13:17:20.393 request_id=GGBS7tRBYH0kK0UAACeQ [info] [EmailWorker] Processing email config
13:17:20.393 request_id=GGBS7tRBYH0kK0UAACeQ [info] [EmailWorker] Scheduling email
13:17:20.393 request_id=GGBS7tRBYH0kK0UAACeQ [info] [EmailWorker] Creating Oban job
13:17:20.393 request_id=GGBS7tRBYH0kK0UAACeQ [info] [EmailWorker] Job created
13:17:20.393 request_id=GGBS7tRBYH0kK0UAACeQ [info] Processing scheduled email
13:17:20.393 request_id=GGBS7tRBYH0kK0UAACeQ [error] Failed to send scheduled email
13:17:20.393 request_id=GGBS7tRBYH0kK0UAACeQ [info] [EmailWorker] Insert result
13:17:20.394 request_id=GGBS7tRBYH0kK0UAACeQ [info] [EmailWorker] Schedule result
13:17:20.394 request_id=GGBS7tRBYH0kK0UAACeQ [info] [EmailWorker] Processing email config
13:17:20.394 request_id=GGBS7tRBYH0kK0UAACeQ [info] [EmailWorker] Scheduling email
13:17:20.394 request_id=GGBS7tRBYH0kK0UAACeQ [info] [EmailWorker] Creating Oban job
13:17:20.394 request_id=GGBS7tRBYH0kK0UAACeQ [info] [EmailWorker] Job created
13:17:20.394 request_id=GGBS7tRBYH0kK0UAACeQ [info] Processing scheduled email
13:17:20.394 request_id=GGBS7tRBYH0kK0UAACeQ [info] [EMAIL DEBUG] Full email struct before sending
13:17:20.394 request_id=GGBS7tRBYH0kK0UAACeQ [info] [EMAIL DEBUG] Extracted recipient email
13:17:20.394 request_id=GGBS7tRBYH0kK0UAACeQ [info] [EMAIL DEBUG] Postmark configuration
13:17:20.394 request_id=GGBS7tRBYH0kK0UAACeQ [info] [EMAIL DEBUG] Email configuration
13:17:20.394 request_id=GGBS7tRBYH0kK0UAACeQ [info] [EMAIL] Attempting to send email via Postmark
13:17:20.394 request_id=GGBS7tRBYH0kK0UAACeQ [debug] Sending email with Bamboo.TestAdapter:

%Bamboo.Email{from: {"RSOLV Team", "support@rsolv.dev"}, to: [nil: "liveview@example.com"], cc: [], bcc: [], subject: "Verify Your RSOLV Setup - Need Any Help?", html_body: "<!DOCTYPE html>\n<html lang=\"en\">\n<head>\n  <meta charset=\"UTF-8\">\n  <meta name=\"viewport\" content=\"width=device-width, initial-scale=1.0\">\n  <title>Verify Your RSOLV Setup</title>\n  <style>\n    @import url('https://fonts.googleapis.com/css2?family=Space+Grotesk:wght@300;400;500;700&display=swap');\n    \n    body {\n      font-family: 'Space Grotesk', -apple-system, BlinkMacSystemFont, \"Segoe UI\", Roboto, Helvetica, Arial, sans-serif;\n      line-height: 1.6;\n      color: #333;\n      max-width: 600px;\n      margin: 0 auto;\n      padding: 20px;\n      background-color: #f8f9fa;\n    }\n    .container {\n      background-color: #ffffff;\n      border-radius: 8px;\n      padding: 30px;\n      box-shadow: 0 4px 6px rgba(0, 0, 0, 0.05);\n    }\n    .logo {\n      text-align: center;\n      margin-bottom: 30px;\n    }\n    .logo img {\n      max-width: 200px;\n    }\n    h1, h2, h3 {\n      color: #10b981;\n    }\n    .checklist {\n      background-color: #f3f4f6;\n      padding: 20px;\n      border-radius: 8px;\n      margin: 20px 0;\n    }\n    .checklist-item {\n      display: flex;\n      align-items: center;\n      margin-bottom: 15px;\n    }\n    .checklist-item input[type=\"checkbox\"] {\n      margin-right: 10px;\n    }\n    .status-box {\n      background-color: #fff3cd;\n      border: 1px solid #ffeaa7;\n      padding: 15px;\n      border-radius: 8px;\n      margin: 20px 0;\n    }\n    .success-box {\n      background-color: #d4edda;\n      border: 1px solid #c3e6cb;\n      padding: 15px;\n      border-radius: 8px;\n      margin: 20px 0;\n    }\n    .code {\n      background-color: #2d3748;\n      color: #e2e8f0;\n      padding: 15px;\n      border-radius: 5px;\n      font-family: 'Courier New', monospace;\n      overflow-x: auto;\n      margin: 15px 0;\n    }\n    .cta {\n      background-color: #10b981;\n      color: white;\n      padding: 12px 24px;\n      border-radius: 5px;\n      display: inline-block;\n      text-decoration: none;\n      font-weight: bold;\n      margin: 20px 0;\n    }\n    .footer {\n      margin-top: 40px;\n      font-size: 14px;\n      color: #6b7280;\n      border-top: 1px solid #e5e7eb;\n      padding-top: 20px;\n      text-align: center;\n    }\n  </style>\n</head>\n<body>\n  <div class=\"container\">\n    <div class=\"logo\">\n      <img src=\"https://rsolv.dev/images/rsolv_logo_transparent.png\" alt=\"RSOLV Logo\">\n    </div>\n    \n    <h1>Let's Verify Your RSOLV Setup</h1>\n    \n    <p>Hi {@first_name},</p>\n    \n    <p>It's been a few days since you signed up for RSOLV. We want to make sure you're all set up and ready to benefit from automated security scanning and remediation!</p>\n    \n    <div class=\"checklist\">\n      <h3>Quick Setup Checklist:</h3>\n      <div class=\"checklist-item\">\n        <input type=\"checkbox\" disabled> Connected your repositories for security scanning\n      </div>\n      <div class=\"checklist-item\">\n        <input type=\"checkbox\" disabled> Added the GitHub Action workflow for automated fixes\n      </div>\n      <div class=\"checklist-item\">\n        <input type=\"checkbox\" disabled> Set up your RSOLV_API_KEY as a repository secret\n      </div>\n      <div class=\"checklist-item\">\n        <input type=\"checkbox\" disabled> Reviewed security issues found by RSOLV\n      </div>\n      <div class=\"checklist-item\">\n        <input type=\"checkbox\" disabled> Generated and merged your first security fix PR\n      </div>\n    </div>\n    \n    <h2>Need Help with Setup?</h2>\n    \n    <p>If you haven't completed setup yet, here's a quick reminder of the steps:</p>\n    \n    <div class=\"code\">\n# In .github/workflows/rsolv.yml:\nname: RSOLV Security Fixes\n\non:\n  issues:\n    types: [labeled]\n\njobs:\n  security-fix:\n    if: contains(github.event.issue.labels.*.name, 'rsolv:automate')\n    runs-on: ubuntu-latest\n    steps:\n      - uses: rsolv-dev/rsolv-action@v1\n        with:\n          github-token: ${\"{{ secrets.GITHUB_TOKEN }}\"}\n          rsolv-api-key: ${\"{{ secrets.RSOLV_API_KEY }}\"}\n    </div>\n    \n    <div class=\"status-box\">\n      <strong>🎁 Remember:</strong> Your first 10 fixes are completely free! No credit card required. After that, you only pay $15 per fix that gets deployed.\n   " <> ..., text_body: "Let's Verify Your RSOLV Setup\n\nHi Liveview,\n\nIt's been a few days since you signed up for RSOLV. We want to make sure you're all set up and ready to automate your issue resolution!\n\nQuick Setup Checklist:\n[ ] Added the GitHub Action workflow to your repository\n[ ] Set up your RSOLV_API_KEY as a repository secret\n[ ] Tagged your first issue with \"rsolv:automate\"\n[ ] Reviewed and merged your first automated PR\n\nNeed Help with Setup?\nIf you haven't completed setup yet, visit: https://rsolv.dev/docs/getting-started\n\nRemember: Your first 10 fixes are completely free! No credit card required. After that, you only pay $15 per fix that gets deployed.\n\nCommon Questions:\n- Where do I get my API key? Check your welcome email or visit your dashboard\n- Can I use RSOLV on private repos? Yes! RSOLV works with both public and private repositories\n- What types of issues can RSOLV fix? Bug fixes, security vulnerabilities, performance issues, and more\n- How secure is it? We analyze every fix for security vulnerabilities before creating PRs\n\nPro Tip: Start with a simple issue first - something like \"Fix typo in README\" or \"Update deprecated function calls\".\n\nReady to get started? Tag an issue with \"rsolv:automate\" and watch the magic happen!\n\nIf you're stuck or have questions, just reply to this email.\n\nBest regards,\nThe RSOLV Team\n\n---\nTo unsubscribe, visit: https://rsolv.dev/unsubscribe?email=liveview@example.com\n", headers: %{"X-Postmark-Tag" => "setup-verification"}, attachments: [], assigns: %{}, private: %{tag: "setup-verification"}, blocked: false}

13:17:20.394 request_id=GGBS7tRBYH0kK0UAACeQ [info] [EMAIL DEBUG] Raw Postmark response
13:17:20.394 request_id=GGBS7tRBYH0kK0UAACeQ [info] [EMAIL] Email sent successfully via Postmark
13:17:20.394 request_id=GGBS7tRBYH0kK0UAACeQ [info] Successfully sent scheduled email
13:17:20.394 request_id=GGBS7tRBYH0kK0UAACeQ [info] [EmailWorker] Insert result
13:17:20.394 request_id=GGBS7tRBYH0kK0UAACeQ [info] [EmailWorker] Schedule result
13:17:20.394 request_id=GGBS7tRBYH0kK0UAACeQ [info] [EmailWorker] Processing email config
13:17:20.394 request_id=GGBS7tRBYH0kK0UAACeQ [info] [EmailWorker] Scheduling email
13:17:20.394 request_id=GGBS7tRBYH0kK0UAACeQ [info] [EmailWorker] Creating Oban job
13:17:20.394 request_id=GGBS7tRBYH0kK0UAACeQ [info] [EmailWorker] Job created
13:17:20.394 request_id=GGBS7tRBYH0kK0UAACeQ [info] Processing scheduled email
13:17:20.394 request_id=GGBS7tRBYH0kK0UAACeQ [info] [EMAIL DEBUG] Full email struct before sending
13:17:20.394 request_id=GGBS7tRBYH0kK0UAACeQ [info] [EMAIL DEBUG] Extracted recipient email
13:17:20.394 request_id=GGBS7tRBYH0kK0UAACeQ [info] [EMAIL DEBUG] Postmark configuration
13:17:20.394 request_id=GGBS7tRBYH0kK0UAACeQ [info] [EMAIL DEBUG] Email configuration
13:17:20.394 request_id=GGBS7tRBYH0kK0UAACeQ [info] [EMAIL] Attempting to send email via Postmark
13:17:20.394 request_id=GGBS7tRBYH0kK0UAACeQ [debug] Sending email with Bamboo.TestAdapter:

%Bamboo.Email{from: {"RSOLV Team", "support@rsolv.dev"}, to: [nil: "liveview@example.com"], cc: [], bcc: [], subject: "Advanced RSOLV Features You Might Have Missed", html_body: "<!DOCTYPE html>\n<html lang=\"en\">\n<head>\n  <meta charset=\"UTF-8\">\n  <meta name=\"viewport\" content=\"width=device-width, initial-scale=1.0\">\n  <title>Advanced RSOLV Features</title>\n  <style>\n    @import url('https://fonts.googleapis.com/css2?family=Space+Grotesk:wght@300;400;500;700&display=swap');\n    \n    body {\n      font-family: 'Space Grotesk', -apple-system, BlinkMacSystemFont, \"Segoe UI\", Roboto, Helvetica, Arial, sans-serif;\n      line-height: 1.6;\n      color: #333;\n      max-width: 600px;\n      margin: 0 auto;\n      padding: 20px;\n      background-color: #f8f9fa;\n    }\n    .container {\n      background-color: #ffffff;\n      border-radius: 8px;\n      padding: 30px;\n      box-shadow: 0 4px 6px rgba(0, 0, 0, 0.05);\n    }\n    .logo {\n      text-align: center;\n      margin-bottom: 30px;\n    }\n    .logo img {\n      max-width: 200px;\n    }\n    h1, h2, h3 {\n      color: #10b981;\n    }\n    .feature-card {\n      background-color: #f3f4f6;\n      padding: 20px;\n      border-radius: 8px;\n      margin-bottom: 20px;\n      border-left: 4px solid #10b981;\n    }\n    .feature-card h3 {\n      margin-top: 0;\n    }\n    .code {\n      background-color: #2d3748;\n      color: #e2e8f0;\n      padding: 15px;\n      border-radius: 5px;\n      font-family: 'Courier New', monospace;\n      overflow-x: auto;\n      margin: 15px 0;\n      font-size: 14px;\n    }\n    .pro-tip {\n      background-color: #fff3cd;\n      border: 1px solid #ffeaa7;\n      padding: 15px;\n      border-radius: 8px;\n      margin: 20px 0;\n    }\n    .security-highlight {\n      background-color: #d4edda;\n      border: 1px solid #c3e6cb;\n      padding: 15px;\n      border-radius: 8px;\n      margin: 20px 0;\n    }\n    .cta {\n      background-color: #10b981;\n      color: white;\n      padding: 12px 24px;\n      border-radius: 5px;\n      display: inline-block;\n      text-decoration: none;\n      font-weight: bold;\n      margin: 20px 0;\n    }\n    .footer {\n      margin-top: 40px;\n      font-size: 14px;\n      color: #6b7280;\n      border-top: 1px solid #e5e7eb;\n      padding-top: 20px;\n      text-align: center;\n    }\n  </style>\n</head>\n<body>\n  <div class=\"container\">\n    <div class=\"logo\">\n      <img src=\"https://rsolv.dev/images/rsolv_logo_transparent.png\" alt=\"RSOLV Logo\">\n    </div>\n    \n    <h1>Unlock the Full Power of RSOLV</h1>\n    \n    <p>Hi {@first_name},</p>\n    \n    <p>You've been using RSOLV for a few days now. Here are some advanced features and techniques that can help you get even more value from automated security scanning and vulnerability remediation:</p>\n    \n    <div class=\"feature-card\">\n      <h3>🎯 Understanding RSOLV's Proactive Scanning</h3>\n      <p>RSOLV continuously scans your repositories for security vulnerabilities and automatically creates issues with detailed remediation plans:</p>\n      <ul>\n        <li><strong>Automated detection:</strong> Scans all files for 180+ vulnerability patterns (and growing)</li>\n        <li><strong>Smart grouping:</strong> Groups similar issues for efficient review</li>\n        <li><strong>Detailed reports:</strong> Shows exact file locations and vulnerable code</li>\n        <li><strong>Fix generation:</strong> Creates secure PRs that address root causes</li>\n      </ul>\n    </div>\n    \n    <div class=\"feature-card\">\n      <h3>🔒 Comprehensive Security Coverage</h3>\n      <p>RSOLV proactively detects and fixes these vulnerability types across your codebase:</p>\n      <ul>\n        <li>SQL/NoSQL injection vulnerabilities</li>\n        <li>Cross-site scripting (XSS) risks</li>\n        <li>Authentication/authorization flaws</li>\n        <li>Insecure cryptographic implementations</li>\n        <li>Hardcoded secrets and API keys</li>\n        <li>Path traversal and open redirects</li>\n        <li>Insecure dependencies and configurations</li>\n      </ul>\n      <p>Each PR includes a detailed security impact assessment and verification tests.</p>\n    </div>\n    \n    <div class=\"security-highlight\">\n      <strong>🛡️ Security Example:</strong> When RSOLV detects unsafe user input handling, it automatically generates fixes with proper sanitization, p" <> ..., text_body: "Unlock the Full Power of RSOLV\n\nHi Liveview,\n\nYou've been using RSOLV for a few days now. Here are some advanced features and techniques:\n\n1. Writing Better Issues for Better Fixes:\n   - Include error messages: Copy the full stack trace\n   - Specify the file/function: \"Fix pagination in UserList.js\"\n   - Describe expected behavior: \"Should show 10 users per page\"\n   - Add context: \"This broke after upgrading to React 18\"\n\n2. Security-First Fixes:\n   RSOLV automatically scans for:\n   - SQL injection vulnerabilities\n   - Cross-site scripting (XSS) risks\n   - Authentication/authorization issues\n   - Insecure dependencies\n   - Hardcoded secrets or API keys\n\n3. Batch Processing:\n   Tag multiple issues with \"rsolv:automate\" and RSOLV creates separate PRs for each.\n\n4. Customizing RSOLV Behavior:\n   Add these tags to your issues:\n   - [performance] - Optimize for speed\n   - [security] - Extra security focus\n   - [minimal] - Smallest possible change\n   - [refactor] - Clean up while fixing\n\nComing Soon:\n- Support for more languages (Go, Rust, PHP)\n- Custom fix preferences per repository\n- Team collaboration features\n- Integration with more platforms\n\nHave a feature request? Just reply to this email!\n\nView advanced documentation: https://rsolv.dev/docs/advanced\n\nBest regards,\nThe RSOLV Team\n\n---\nTo unsubscribe, visit: https://rsolv.dev/unsubscribe?email=liveview@example.com\n", headers: %{"X-Postmark-Tag" => "feature-deep-dive"}, attachments: [], assigns: %{}, private: %{tag: "feature-deep-dive"}, blocked: false}

13:17:20.395 request_id=GGBS7tRBYH0kK0UAACeQ [info] [EMAIL DEBUG] Raw Postmark response
13:17:20.395 request_id=GGBS7tRBYH0kK0UAACeQ [info] [EMAIL] Email sent successfully via Postmark
13:17:20.395 request_id=GGBS7tRBYH0kK0UAACeQ [info] Successfully sent scheduled email
13:17:20.395 request_id=GGBS7tRBYH0kK0UAACeQ [info] [EmailWorker] Insert result
13:17:20.395 request_id=GGBS7tRBYH0kK0UAACeQ [info] [EmailWorker] Schedule result
13:17:20.395 request_id=GGBS7tRBYH0kK0UAACeQ [info] [EmailWorker] Processing email config
13:17:20.395 request_id=GGBS7tRBYH0kK0UAACeQ [info] [EmailWorker] Scheduling email
13:17:20.395 request_id=GGBS7tRBYH0kK0UAACeQ [info] [EmailWorker] Creating Oban job
13:17:20.395 request_id=GGBS7tRBYH0kK0UAACeQ [info] [EmailWorker] Job created
13:17:20.395 request_id=GGBS7tRBYH0kK0UAACeQ [info] Processing scheduled email
13:17:20.395 request_id=GGBS7tRBYH0kK0UAACeQ [info] [EMAIL DEBUG] Full email struct before sending
13:17:20.395 request_id=GGBS7tRBYH0kK0UAACeQ [info] [EMAIL DEBUG] Extracted recipient email
13:17:20.395 request_id=GGBS7tRBYH0kK0UAACeQ [info] [EMAIL DEBUG] Postmark configuration
13:17:20.395 request_id=GGBS7tRBYH0kK0UAACeQ [info] [EMAIL DEBUG] Email configuration
13:17:20.395 request_id=GGBS7tRBYH0kK0UAACeQ [info] [EMAIL] Attempting to send email via Postmark
13:17:20.396 request_id=GGBS7tRBYH0kK0UAACeQ [debug] Sending email with Bamboo.TestAdapter:

%Bamboo.Email{from: {"RSOLV Team", "support@rsolv.dev"}, to: [nil: "liveview@example.com"], cc: [], bcc: [], subject: "How's Your Experience with RSOLV?", html_body: "<!DOCTYPE html>\n<html lang=\"en\">\n<head>\n  <meta charset=\"UTF-8\">\n  <meta name=\"viewport\" content=\"width=device-width, initial-scale=1.0\">\n  <title>How's Your RSOLV Experience?</title>\n  <style>\n    @import url('https://fonts.googleapis.com/css2?family=Space+Grotesk:wght@300;400;500;700&display=swap');\n    \n    body {\n      font-family: 'Space Grotesk', -apple-system, BlinkMacSystemFont, \"Segoe UI\", Roboto, Helvetica, Arial, sans-serif;\n      line-height: 1.6;\n      color: #333;\n      max-width: 600px;\n      margin: 0 auto;\n      padding: 20px;\n      background-color: #f8f9fa;\n    }\n    .container {\n      background-color: #ffffff;\n      border-radius: 8px;\n      padding: 30px;\n      box-shadow: 0 4px 6px rgba(0, 0, 0, 0.05);\n    }\n    .logo {\n      text-align: center;\n      margin-bottom: 30px;\n    }\n    .logo img {\n      max-width: 200px;\n    }\n    h1, h2, h3 {\n      color: #10b981;\n    }\n    .survey-card {\n      background-color: #f3f4f6;\n      padding: 20px;\n      border-radius: 8px;\n      margin: 20px 0;\n      text-align: center;\n    }\n    .rating-container {\n      display: flex;\n      justify-content: center;\n      gap: 10px;\n      margin: 20px 0;\n    }\n    .rating-box {\n      width: 40px;\n      height: 40px;\n      border: 2px solid #10b981;\n      border-radius: 8px;\n      display: flex;\n      align-items: center;\n      justify-content: center;\n      text-decoration: none;\n      color: #10b981;\n      font-weight: bold;\n      transition: all 0.3s ease;\n    }\n    .rating-box:hover {\n      background-color: #10b981;\n      color: white;\n    }\n    .question-box {\n      background-color: #f9fafb;\n      padding: 20px;\n      border-radius: 8px;\n      margin: 20px 0;\n      border-left: 4px solid #10b981;\n    }\n    .success-story {\n      background-color: #d4edda;\n      border: 1px solid #c3e6cb;\n      padding: 15px;\n      border-radius: 8px;\n      margin: 20px 0;\n    }\n    .cta {\n      background-color: #10b981;\n      color: white;\n      padding: 12px 24px;\n      border-radius: 5px;\n      display: inline-block;\n      text-decoration: none;\n      font-weight: bold;\n      margin: 20px 0;\n    }\n    .cta-secondary {\n      background-color: #6b7280;\n      color: white;\n      padding: 12px 24px;\n      border-radius: 5px;\n      display: inline-block;\n      text-decoration: none;\n      font-weight: bold;\n      margin: 20px 0;\n    }\n    .footer {\n      margin-top: 40px;\n      font-size: 14px;\n      color: #6b7280;\n      border-top: 1px solid #e5e7eb;\n      padding-top: 20px;\n      text-align: center;\n    }\n  </style>\n</head>\n<body>\n  <div class=\"container\">\n    <div class=\"logo\">\n      <img src=\"https://rsolv.dev/images/rsolv_logo_transparent.png\" alt=\"RSOLV Logo\">\n    </div>\n    \n    <h1>Quick Check-In: How's RSOLV Working for You?</h1>\n    \n    <p>Hi {@first_name},</p>\n    \n    <p>You've been using RSOLV for a week now, and we'd love to hear about your experience! Your feedback helps us make RSOLV better for everyone.</p>\n    \n    <div class=\"survey-card\">\n      <h3>How likely are you to recommend RSOLV to a colleague?</h3>\n      <p>Click a number below:</p>\n      <div class=\"rating-container\">\n        <a href=\"https://rsolv.dev/feedback?rating=1&email={@email}\" class=\"rating-box\">1</a>\n        <a href=\"https://rsolv.dev/feedback?rating=2&email={@email}\" class=\"rating-box\">2</a>\n        <a href=\"https://rsolv.dev/feedback?rating=3&email={@email}\" class=\"rating-box\">3</a>\n        <a href=\"https://rsolv.dev/feedback?rating=4&email={@email}\" class=\"rating-box\">4</a>\n        <a href=\"https://rsolv.dev/feedback?rating=5&email={@email}\" class=\"rating-box\">5</a>\n        <a href=\"https://rsolv.dev/feedback?rating=6&email={@email}\" class=\"rating-box\">6</a>\n        <a href=\"https://rsolv.dev/feedback?rating=7&email={@email}\" class=\"rating-box\">7</a>\n        <a href=\"https://rsolv.dev/feedback?rating=8&email={@email}\" class=\"rating-box\">8</a>\n        <a href=\"https://rsolv.dev/feedback?rating=9&email={@email}\" class=\"rating-box\">9</a>\n        <a href=\"https://rsolv.dev/feedback?rating=10&email={@email}\" class=\"rating-box\">10</a>\n      </div>\n" <> ..., text_body: "Quick Check-In: How's RSOLV Working for You?\n\nHi Liveview,\n\nYou've been using RSOLV for a week now, and we'd love to hear about your experience!\n\nHow likely are you to recommend RSOLV to a colleague?\nRate us from 1-10: https://rsolv.dev/feedback?email=liveview@example.com\n\nThree Quick Questions:\n1. What's been your favorite RSOLV fix so far?\n2. What feature would you like to see next?\n3. Any challenges or friction points?\n\nJust hit reply and share your thoughts - we read every response!\n\nDid You Know?\nHere are some ways other teams are using RSOLV:\n- Security audits: Tag all security-related issues for automated fixes\n- Tech debt cleanup: Fix deprecated function calls across the codebase\n- Onboarding tool: Let new devs see how fixes should be implemented\n- Weekend warrior: Queue up fixes on Friday, review on Monday\n\nThanks for being an early adopter!\n\nBest regards,\nDylan & The RSOLV Team\n\nP.S. If RSOLV has saved you time this week, we'd love to hear about it!\n\n---\nTo unsubscribe, visit: https://rsolv.dev/unsubscribe?email=liveview@example.com\n", headers: %{"X-Postmark-Tag" => "feedback-request"}, attachments: [], assigns: %{}, private: %{tag: "feedback-request"}, blocked: false}

13:17:20.396 request_id=GGBS7tRBYH0kK0UAACeQ [info] [EMAIL DEBUG] Raw Postmark response
13:17:20.396 request_id=GGBS7tRBYH0kK0UAACeQ [info] [EMAIL] Email sent successfully via Postmark
13:17:20.396 request_id=GGBS7tRBYH0kK0UAACeQ [info] Successfully sent scheduled email
13:17:20.396 request_id=GGBS7tRBYH0kK0UAACeQ [info] [EmailWorker] Insert result
13:17:20.396 request_id=GGBS7tRBYH0kK0UAACeQ [info] [EmailWorker] Schedule result
13:17:20.396 request_id=GGBS7tRBYH0kK0UAACeQ [info] [EmailWorker] Processing email config
13:17:20.396 request_id=GGBS7tRBYH0kK0UAACeQ [info] [EmailWorker] Scheduling email
13:17:20.396 request_id=GGBS7tRBYH0kK0UAACeQ [info] [EmailWorker] Creating Oban job
13:17:20.396 request_id=GGBS7tRBYH0kK0UAACeQ [info] [EmailWorker] Job created
13:17:20.396 request_id=GGBS7tRBYH0kK0UAACeQ [info] Processing scheduled email
13:17:20.396 request_id=GGBS7tRBYH0kK0UAACeQ [info] [EMAIL DEBUG] Full email struct before sending
13:17:20.396 request_id=GGBS7tRBYH0kK0UAACeQ [info] [EMAIL DEBUG] Extracted recipient email
13:17:20.396 request_id=GGBS7tRBYH0kK0UAACeQ [info] [EMAIL DEBUG] Postmark configuration
13:17:20.396 request_id=GGBS7tRBYH0kK0UAACeQ [info] [EMAIL DEBUG] Email configuration
13:17:20.396 request_id=GGBS7tRBYH0kK0UAACeQ [info] [EMAIL] Attempting to send email via Postmark
13:17:20.397 request_id=GGBS7tRBYH0kK0UAACeQ [debug] Sending email with Bamboo.TestAdapter:

%Bamboo.Email{from: {"RSOLV Team", "support@rsolv.dev"}, to: [nil: "liveview@example.com"], cc: [], bcc: [], subject: "Your RSOLV Success Report", html_body: "<!DOCTYPE html>\n<html lang=\"en\">\n<head>\n  <meta charset=\"UTF-8\">\n  <meta name=\"viewport\" content=\"width=device-width, initial-scale=1.0\">\n  <title>Your RSOLV Success Report</title>\n  <style>\n    @import url('https://fonts.googleapis.com/css2?family=Space+Grotesk:wght@300;400;500;700&display=swap');\n    \n    body {\n      font-family: 'Space Grotesk', -apple-system, BlinkMacSystemFont, \"Segoe UI\", Roboto, Helvetica, Arial, sans-serif;\n      line-height: 1.6;\n      color: #333;\n      max-width: 600px;\n      margin: 0 auto;\n      padding: 20px;\n      background-color: #f8f9fa;\n    }\n    .container {\n      background-color: #ffffff;\n      border-radius: 8px;\n      padding: 30px;\n      box-shadow: 0 4px 6px rgba(0, 0, 0, 0.05);\n    }\n    .logo {\n      text-align: center;\n      margin-bottom: 30px;\n    }\n    .logo img {\n      max-width: 200px;\n    }\n    h1, h2, h3 {\n      color: #10b981;\n    }\n    .stats-grid {\n      display: grid;\n      grid-template-columns: 1fr 1fr;\n      gap: 20px;\n      margin: 30px 0;\n    }\n    .stat-card {\n      background-color: #f3f4f6;\n      padding: 20px;\n      border-radius: 8px;\n      text-align: center;\n      border-top: 4px solid #10b981;\n    }\n    .stat-number {\n      font-size: 36px;\n      font-weight: bold;\n      color: #10b981;\n      margin: 10px 0;\n    }\n    .stat-label {\n      color: #6b7280;\n      font-size: 14px;\n    }\n    .achievement-banner {\n      background: linear-gradient(135deg, #10b981 0%, #059669 100%);\n      color: white;\n      padding: 20px;\n      border-radius: 8px;\n      text-align: center;\n      margin: 20px 0;\n    }\n    .timeline {\n      margin: 30px 0;\n    }\n    .timeline-item {\n      display: flex;\n      margin-bottom: 20px;\n      align-items: flex-start;\n    }\n    .timeline-marker {\n      width: 40px;\n      height: 40px;\n      background-color: #10b981;\n      color: white;\n      border-radius: 50%;\n      display: flex;\n      align-items: center;\n      justify-content: center;\n      flex-shrink: 0;\n      margin-right: 15px;\n    }\n    .timeline-content {\n      flex-grow: 1;\n    }\n    .pricing-highlight {\n      background-color: #fff3cd;\n      border: 1px solid #ffeaa7;\n      padding: 20px;\n      border-radius: 8px;\n      margin: 20px 0;\n      text-align: center;\n    }\n    .cta {\n      background-color: #10b981;\n      color: white;\n      padding: 12px 24px;\n      border-radius: 5px;\n      display: inline-block;\n      text-decoration: none;\n      font-weight: bold;\n      margin: 20px 0;\n    }\n    .cta-secondary {\n      background-color: #2563eb;\n      color: white;\n      padding: 12px 24px;\n      border-radius: 5px;\n      display: inline-block;\n      text-decoration: none;\n      font-weight: bold;\n      margin: 20px 0;\n    }\n    .footer {\n      margin-top: 40px;\n      font-size: 14px;\n      color: #6b7280;\n      border-top: 1px solid #e5e7eb;\n      padding-top: 20px;\n      text-align: center;\n    }\n    @media (max-width: 600px) {\n      .stats-grid {\n        grid-template-columns: 1fr;\n      }\n    }\n  </style>\n</head>\n<body>\n  <div class=\"container\">\n    <div class=\"logo\">\n      <img src=\"https://rsolv.dev/images/rsolv_logo_transparent.png\" alt=\"RSOLV Logo\">\n    </div>\n    \n    <h1>Your 2-Week RSOLV Success Report 🎉</h1>\n    \n    <p>Hi {@first_name},</p>\n    \n    <p>Congratulations! You've been using RSOLV for two weeks. Here's a snapshot of what we've accomplished together:</p>\n    \n    <div class=\"stats-grid\">\n      <div class=\"stat-card\">\n        <div class=\"stat-label\">Issues Fixed</div>\n        <div class=\"stat-number\">{Map.get(@usage_stats || %{}, :issues_fixed, 0)}</div>\n      </div>\n      <div class=\"stat-card\">\n        <div class=\"stat-label\">PRs Created</div>\n        <div class=\"stat-number\">{Map.get(@usage_stats || %{}, :prs_created, 0)}</div>\n      </div>\n      <div class=\"stat-card\">\n        <div class=\"stat-label\">Time Saved</div>\n        <div class=\"stat-number\">{Map.get(@usage_stats || %{}, :time_saved, \"0 hrs\")}</div>\n      </div>\n      <div class=\"stat-card\">\n        <div class=\"stat-label\">Security Issues Found</div>\n        <div class=\"stat-number\">{Map.ge" <> ..., text_body: "Your 2-Week RSOLV Success Report\n\nHi Liveview,\n\nCongratulations! You've been using RSOLV for two weeks. Here's what we've accomplished together:\n\nYour Stats:\n- Issues Fixed: Check your dashboard\n- PRs Created: Check your dashboard\n- Time Saved: Check your dashboard\n- Security Issues Found: Check your dashboard\n\nYour Trial Status:\nCheck how many free fixes you have remaining at: https://rsolv.dev/dashboard\n\nWhat's Next?\n- Expand to more repositories\n- Automate security audits\n- Clean up tech debt\n- Train your team\n\nNeed Help Scaling Up?\nI'd love to help you get even more value from RSOLV:\n- Schedule a 15-minute optimization call\n- Get best practices for your specific tech stack\n- Learn about volume discounts for teams\n\nJust reply to this email and let me know how I can help!\n\nThanks for being part of the RSOLV community.\n\nBest regards,\nDylan Fitzgerald\nFounder, RSOLV\n\nP.S. If RSOLV has been valuable to your team, I'd be grateful if you could share a quick testimonial.\n\n---\nTo unsubscribe, visit: https://rsolv.dev/unsubscribe?email=liveview@example.com\n", headers: %{"X-Postmark-Tag" => "success-checkin"}, attachments: [], assigns: %{}, private: %{tag: "success-checkin"}, blocked: false}

13:17:20.397 request_id=GGBS7tRBYH0kK0UAACeQ [info] [EMAIL DEBUG] Raw Postmark response
13:17:20.397 request_id=GGBS7tRBYH0kK0UAACeQ [info] [EMAIL] Email sent successfully via Postmark
13:17:20.397 request_id=GGBS7tRBYH0kK0UAACeQ [info] Successfully sent scheduled email
13:17:20.397 request_id=GGBS7tRBYH0kK0UAACeQ [info] [EmailWorker] Insert result
13:17:20.397 request_id=GGBS7tRBYH0kK0UAACeQ [info] [EmailWorker] Schedule result
13:17:20.397 request_id=GGBS7tRBYH0kK0UAACeQ [info] [PAGE CONTROLLER] EmailSequence.start_early_access_onboarding_sequence returned
13:17:20.397 request_id=GGBS7tRBYH0kK0UAACeQ [debug] Sending email with Bamboo.TestAdapter:

%Bamboo.Email{from: {"RSOLV Team", "support@rsolv.dev"}, to: [nil: "admin@rsolv.dev"], cc: [], bcc: [], subject: "🎉 New RSOLV Signup: liveview@example.com", html_body: "<!DOCTYPE html>\n<html>\n<head>\n  <meta charset=\"utf-8\">\n  <style>\n    body { font-family: -apple-system, BlinkMacSystemFont, 'Segoe UI', Roboto, sans-serif; line-height: 1.6; color: #333; }\n    .container { max-width: 600px; margin: 0 auto; padding: 20px; }\n    .header { background: #10b981; color: white; padding: 20px; border-radius: 8px 8px 0 0; }\n    .content { background: #f9fafb; padding: 20px; border: 1px solid #e5e7eb; border-radius: 0 0 8px 8px; }\n    .metric { display: inline-block; margin: 10px 20px 10px 0; }\n    .metric-label { font-size: 12px; color: #6b7280; text-transform: uppercase; }\n    .metric-value { font-size: 18px; font-weight: bold; color: #111827; }\n    .details { background: white; padding: 15px; border-radius: 4px; margin: 15px 0; }\n    .detail-row { display: flex; justify-content: space-between; padding: 8px 0; border-bottom: 1px solid #f3f4f6; }\n    .detail-row:last-child { border-bottom: none; }\n    .detail-label { font-weight: 500; color: #6b7280; }\n    .detail-value { color: #111827; }\n    .utm-badge { display: inline-block; background: #dbeafe; color: #1e40af; padding: 2px 8px; border-radius: 4px; font-size: 12px; margin-left: 4px; }\n  </style>\n</head>\n<body>\n  <div class=\"container\">\n    <div class=\"header\">\n      <h1 style=\"margin: 0; font-size: 24px;\">🎉 New RSOLV Signup!</h1>\n      <p style=\"margin: 5px 0 0 0; opacity: 0.9;\">August 29, 2025 at 07:17 PM UTC</p>\n    </div>\n    \n    <div class=\"content\">\n      <div class=\"metric\">\n        <div class=\"metric-label\">Email</div>\n        <div class=\"metric-value\">liveview@example.com</div>\n      </div>\n      \n      \n      \n      <div class=\"details\">\n        <h3 style=\"margin-top: 0;\">Signup Details</h3>\n        \n        <div class=\"detail-row\">\n          <span class=\"detail-label\">Source</span>\n          <span class=\"detail-value\">\n            landing_page\n            \n          </span>\n        </div>\n        \n        \n        \n        \n        \n        \n      </div>\n      \n      <div style=\"margin-top: 20px; text-align: center;\">\n        <a href=\"https://rsolv.dev/live/dashboard\" style=\"display: inline-block; background: #10b981; color: white; padding: 10px 20px; text-decoration: none; border-radius: 4px;\">\n          View Dashboard\n        </a>\n      </div>\n    </div>\n  </div>\n</body>\n</html>\n", text_body: "🎉 New RSOLV Signup!\n\nEmail: liveview@example.com\n\nTime: August 29, 2025 at 07:17 PM UTC\n\nSource Details:\n- Source: landing_page\n\n\n\n\n\nView full dashboard: https://rsolv.dev/live/dashboard\n", headers: %{"Message-ID" => "<1756495040.674203@rsolv.dev>", "X-Postmark-Tag" => "admin-notification", "X-Priority" => "1"}, attachments: [], assigns: %{}, private: %{tag: "admin-notification"}, blocked: false}

13:17:20.397 request_id=GGBS7tRBYH0kK0UAACeQ [info] Admin notification sent for new signup
13:17:20.397 request_id=GGBS7tRBYH0kK0UAACeQ [info] Sent 302 in 6ms
13:17:20.397 request_id=GGBS7tSkFagkK0UAACMK [info] POST /early-access
13:17:20.397 request_id=GGBS7tSkFagkK0UAACMK [debug] Processing with RsolvWeb.PageController.submit_early_access/2
  Parameters: %{"email_form" => %{"email" => "oldform@example.com"}}
  Pipelines: [:browser]
13:17:20.397 request_id=GGBS7tSkFagkK0UAACMK [debug] QUERY OK source="fun_with_flags_toggles" db=0.1ms
SELECT f0."id", f0."flag_name", f0."gate_type", f0."target", f0."enabled" FROM "fun_with_flags_toggles" AS f0 WHERE (f0."flag_name" = $1) ["early_access_signup"]
13:17:20.398 request_id=GGBS7tSkFagkK0UAACMK [debug] Telemetry event: [:fun_with_flags, :persistence, :read], metadata: %{flag_name: :early_access_signup, gate: nil}, measurements: %{system_time: 1756495040397996930}
13:17:20.398 request_id=GGBS7tSkFagkK0UAACMK [debug] Extracted UTM parameters: %{}
13:17:20.398 request_id=GGBS7tSkFagkK0UAACMK [info] Analytics event tracked
13:17:20.398 request_id=GGBS7tSkFagkK0UAACMK [debug] QUERY OK db=0.0ms
SELECT create_analytics_partition_if_not_exists($1::date) [~D[2025-08-29]]
13:17:20.398 request_id=GGBS7tSkFagkK0UAACMK [debug] QUERY OK source="analytics_events" db=0.0ms
INSERT INTO "analytics_events" ("metadata","event_type","visitor_id","page_path","inserted_at","updated_at") VALUES ($1,$2,$3,$4,$5,$6) RETURNING "id" [%{status: "submit", os: "unknown", form_id: "early-access", browser: "unknown", utm_source_platform: nil, utm_source_campaign: nil, utm_source_content: nil, device_type: "unknown"}, "form_submit", "98938b7ee0531507c4fbbe036384f93a", "/early-access", ~N[2025-08-29 19:17:20], ~N[2025-08-29 19:17:20]]
13:17:20.398 request_id=GGBS7tSkFagkK0UAACMK [info] Form submission received
13:17:20.398 request_id=GGBS7tSkFagkK0UAACMK [info] Valid email received for processing: oldform@example.com, validation passed
13:17:20.398 request_id=GGBS7tSkFagkK0UAACMK [debug] Extracted UTM parameters: %{}
13:17:20.398 request_id=GGBS7tSkFagkK0UAACMK [debug] QUERY OK source="early_access_signups" db=0.0ms
INSERT INTO "early_access_signups" ("name","email","referral_source","inserted_at") VALUES ($1,$2,$3,$4) RETURNING "id" ["Oldform", "oldform@example.com", "landing_page", ~N[2025-08-29 19:17:20]]
13:17:20.398 request_id=GGBS7tSkFagkK0UAACMK [debug] QUERY OK source="early_access_signups" db=0.0ms
SELECT count(e0."id") FROM "early_access_signups" AS e0 []
13:17:20.398 request_id=GGBS7tSkFagkK0UAACMK [info] Successfully saved signup to database
13:17:20.398 request_id=GGBS7tSkFagkK0UAACMK [info] ConvertKit API key present: true
13:17:20.398 request_id=GGBS7tSkFagkK0UAACMK [info] ConvertKit API request successful
13:17:20.398 request_id=GGBS7tSkFagkK0UAACMK [info] ConvertKit: Successfully added subscriber
13:17:20.398 request_id=GGBS7tSkFagkK0UAACMK [info] Analytics event tracked
13:17:20.398 request_id=GGBS7tSkFagkK0UAACMK [debug] QUERY OK db=0.0ms queue=0.1ms
SELECT create_analytics_partition_if_not_exists($1::date) [~D[2025-08-29]]
13:17:20.399 request_id=GGBS7tSkFagkK0UAACMK [debug] QUERY OK source="analytics_events" db=0.1ms
INSERT INTO "analytics_events" ("metadata","event_type","visitor_id","page_path","inserted_at","updated_at") VALUES ($1,$2,$3,$4,$5,$6) RETURNING "id" [%{status: "success", os: "unknown", source: "landing_page", form_id: "early-access", browser: "unknown", utm_source_platform: nil, utm_source_campaign: nil, utm_source_content: nil, device_type: "unknown", conversion_type: "early_access_signup", email_domain: "example.com"}, "form_success", "98938b7ee0531507c4fbbe036384f93a", "/early-access", ~N[2025-08-29 19:17:20], ~N[2025-08-29 19:17:20]]
13:17:20.399 request_id=GGBS7tSkFagkK0UAACMK [info] Analytics event tracked
13:17:20.399 request_id=GGBS7tSkFagkK0UAACMK [debug] QUERY OK db=0.0ms
SELECT create_analytics_partition_if_not_exists($1::date) [~D[2025-08-29]]
13:17:20.399 request_id=GGBS7tSkFagkK0UAACMK [debug] QUERY OK source="analytics_events" db=0.0ms
INSERT INTO "analytics_events" ("metadata","event_type","visitor_id","page_path","inserted_at","updated_at") VALUES ($1,$2,$3,$4,$5,$6) RETURNING "id" [%{os: "unknown", source: "landing_page", form_id: "early-access", browser: "unknown", utm_source_platform: nil, utm_source_campaign: nil, utm_source_content: nil, device_type: "unknown", conversion_type: "early_access_signup", email_domain: "example.com"}, "conversion", "98938b7ee0531507c4fbbe036384f93a", "/early-access", ~N[2025-08-29 19:17:20], ~N[2025-08-29 19:17:20]]
13:17:20.399 request_id=GGBS7tSkFagkK0UAACMK [debug] QUERY OK source="fun_with_flags_toggles" db=0.0ms
SELECT f0."id", f0."flag_name", f0."gate_type", f0."target", f0."enabled" FROM "fun_with_flags_toggles" AS f0 WHERE (f0."flag_name" = $1) ["welcome_email_sequence"]
13:17:20.399 request_id=GGBS7tSkFagkK0UAACMK [debug] Telemetry event: [:fun_with_flags, :persistence, :read], metadata: %{flag_name: :welcome_email_sequence, gate: nil}, measurements: %{system_time: 1756495040399871542}
13:17:20.399 request_id=GGBS7tSkFagkK0UAACMK [info] [PAGE CONTROLLER] Welcome email sequence is ENABLED, starting sequence
13:17:20.399 request_id=GGBS7tSkFagkK0UAACMK [info] [PAGE CONTROLLER] About to call EmailSequence.start_early_access_onboarding_sequence
13:17:20.399 request_id=GGBS7tSkFagkK0UAACMK [info] [EMAIL SEQUENCE] Starting early access onboarding sequence
13:17:20.399 request_id=GGBS7tSkFagkK0UAACMK [info] [EMAIL SEQUENCE] About to call EmailService.send_early_access_welcome_email
13:17:20.400 request_id=GGBS7tSkFagkK0UAACMK [info] [EMAIL] send_early_access_welcome_email called
13:17:20.400 request_id=GGBS7tSkFagkK0UAACMK [info] [EMAIL DEBUG] Full email struct before sending
13:17:20.400 request_id=GGBS7tSkFagkK0UAACMK [info] [EMAIL DEBUG] Extracted recipient email
13:17:20.400 request_id=GGBS7tSkFagkK0UAACMK [info] [EMAIL DEBUG] Postmark configuration
13:17:20.400 request_id=GGBS7tSkFagkK0UAACMK [info] [EMAIL DEBUG] Email configuration
13:17:20.400 request_id=GGBS7tSkFagkK0UAACMK [info] [EMAIL] Attempting to send email via Postmark
13:17:20.400 request_id=GGBS7tSkFagkK0UAACMK [debug] Sending email with Bamboo.TestAdapter:

%Bamboo.Email{from: {"RSOLV Team", "support@rsolv.dev"}, to: [nil: "oldform@example.com"], cc: [], bcc: [], subject: "Welcome to RSOLV Early Access Program", html_body: "<div style=\"font-family: 'Helvetica Neue', Helvetica, Arial, sans-serif; max-width: 600px; margin: 0 auto; padding: 20px;\">\n  <h1 style=\"color: #2C3E50; margin-bottom: 20px;\">Welcome to RSOLV Early Access Program!</h1>\n\n  <p>Hi Oldform,</p>\n\n  <p>Thank you for joining our Early Access Program! You're now part of an exclusive group getting first access to RSOLV.</p>\n\n  <p>Here's what you need to know:</p>\n\n  <ul>\n    <li>You have full access to all current features</li>\n    <li>Your feedback is incredibly valuable to us during this phase</li>\n    <li>You'll receive priority support via email</li>\n  </ul>\n\n  <p>To get started with RSOLV:</p>\n\n  <ol>\n    <li><strong>Your API key will be sent in a follow-up email within 24 hours</strong></li>\n    <li>Once you receive your API key, install our GitHub Action (code below)</li>\n    <li>Set up your repository secrets with your API key</li>\n    <li>Tag your first issues with \"rsolv:automate\"</li>\n  </ol>\n\n  <div style=\"background-color: #fff3cd; border: 1px solid #ffeaa7; color: #856404; padding: 10px; border-radius: 5px; margin: 15px 0;\">\n    <strong>⏳ API Key Coming Soon:</strong> We'll send your personal API key within 24 hours. Look for an email with subject \"Your RSOLV API Key\".\n  </div>\n\n  <div style=\"background-color: #f8f9fa; padding: 15px; border-radius: 5px; margin: 20px 0;\">\n    <pre style=\"margin: 0; overflow-x: auto; white-space: pre-wrap; font-family: monospace;\">name: RSOLV AutoFix\non:\n  issues:\n    types: [opened, edited, labeled]\n\njobs:\n  autofix:\n    runs-on: ubuntu-latest\n    if: contains(github.event.issue.labels.*.name, 'rsolv:automate')\n    steps:\n      - uses: RSOLV-dev/rsolv-action@v1\n        with:\n          github-token: ${{ secrets.GITHUB_TOKEN }}\n          rsolv-api-key: ${{ secrets.RSOLV_API_KEY }}</pre>\n  </div>\n\n  <p>Need help? As an Early Access member, you have priority support - contact us at <a href=\"mailto:support@rsolv.dev\">support@rsolv.dev</a> and we'll personally assist you.</p>\n\n  <p>Your trial includes unlimited automated fixes during the Early Access period.</p>\n\n  <div style=\"margin-top: 30px; padding: 15px; border: 1px solid #e0e0e0; border-radius: 5px; background-color: #f9f9f9;\">\n    <h3 style=\"margin-top: 0; color: #2C3E50;\">Early Access Program Benefits</h3>\n    <ul>\n      <li>Unlimited usage during Early Access</li>\n      <li>Priority support and feature requests</li>\n      <li>Exclusive pricing when we launch</li>\n      <li>Direct access to our development team</li>\n    </ul>\n  </div>\n\n  <p>Best,<br>The RSOLV Team</p>\n\n  <div class=\"footer\" style=\"margin-top: 40px; padding-top: 20px; border-top: 1px solid #e0e0e0; font-size: 0.9em; color: #666;\">\n    <p>\n      You're receiving this email because you joined the RSOLV Early Access Program.\n      <br>\n      If you have any questions, simply reply to this email.\n    </p>\n    <p>\n      RSOLV, Inc. • support@rsolv.dev • © 2025\n    </p>\n    <p>\n      <a href=\"https://rsolv.dev/unsubscribe?email=oldform@example.com\">Unsubscribe</a> from these emails.\n    </p>\n  </div>\n</div>\n", text_body: "Welcome to RSOLV Early Access Program!\n\nHi Oldform,\n\nThank you for joining our Early Access Program! You're now part of an exclusive group getting first access to RSOLV.\n\nHere's what you need to know:\n- You have full access to all current features\n- Your feedback is incredibly valuable to us during this phase\n- You'll receive priority support via email\n\nTo get started with RSOLV:\n1. Your API key will be sent in a follow-up email within 24 hours\n2. Once you receive your API key, install our GitHub Action\n3. Set up your repository secrets with your API key\n4. Tag your first issues with \"AUTOFIX\"\n\n⏳ API KEY COMING SOON: We'll send your personal API key within 24 hours. Look for an email with subject \"Your RSOLV API Key\".\n\nNeed help? As an Early Access member, you have priority support - contact us at support@rsolv.dev and we'll personally assist you.\n\nYour trial includes unlimited automated fixes during the Early Access period.\n\nEARLY ACCESS PROGRAM BENEFITS:\n* Unlimited usage during Early Access\n* Priority support and feature requests\n* Exclusive pricing when we launch\n* Direct access to our development team\n\nBest,\nThe RSOLV Team\n\n---\nYou're receiving this email because you joined the RSOLV Early Access Program.\nIf you have any questions, simply reply to this email.\n\nRSOLV, Inc. • support@rsolv.dev\n\nTo unsubscribe, visit: https://rsolv.dev/unsubscribe?email=oldform@example.com\n", headers: %{"X-Postmark-Tag" => "early-access"}, attachments: [], assigns: %{}, private: %{tag: "early-access"}, blocked: false}

13:17:20.400 request_id=GGBS7tSkFagkK0UAACMK [info] [EMAIL DEBUG] Raw Postmark response
13:17:20.400 request_id=GGBS7tSkFagkK0UAACMK [info] [EMAIL] Email sent successfully via Postmark
13:17:20.400 request_id=GGBS7tSkFagkK0UAACMK [info] [EMAIL SEQUENCE] EmailService.send_early_access_welcome_email returned
13:17:20.400 request_id=GGBS7tSkFagkK0UAACMK [info] Attempting to tag subscriber
13:17:20.400 request_id=GGBS7tSkFagkK0UAACMK [info] ConvertKit: Attempting to tag oldform@example.com with tag test_tag_id
13:17:20.400 request_id=GGBS7tSkFagkK0UAACMK [info] ConvertKit: Successfully tagged oldform@example.com
13:17:20.400 request_id=GGBS7tSkFagkK0UAACMK [info] [EmailWorker] schedule_sequence called
13:17:20.400 request_id=GGBS7tSkFagkK0UAACMK [info] [EmailWorker] Found sequence
13:17:20.400 request_id=GGBS7tSkFagkK0UAACMK [info] [EmailWorker] Processing email config
13:17:20.400 request_id=GGBS7tSkFagkK0UAACMK [info] [EmailWorker] Skipping immediate email
13:17:20.400 request_id=GGBS7tSkFagkK0UAACMK [info] [EmailWorker] Processing email config
13:17:20.400 request_id=GGBS7tSkFagkK0UAACMK [info] [EmailWorker] Scheduling email
13:17:20.400 request_id=GGBS7tSkFagkK0UAACMK [info] [EmailWorker] Creating Oban job
13:17:20.400 request_id=GGBS7tSkFagkK0UAACMK [info] [EmailWorker] Job created
13:17:20.400 request_id=GGBS7tSkFagkK0UAACMK [info] Processing scheduled email
13:17:20.400 request_id=GGBS7tSkFagkK0UAACMK [error] Failed to send scheduled email
13:17:20.401 request_id=GGBS7tSkFagkK0UAACMK [info] [EmailWorker] Insert result
13:17:20.401 request_id=GGBS7tSkFagkK0UAACMK [info] [EmailWorker] Schedule result
13:17:20.401 request_id=GGBS7tSkFagkK0UAACMK [info] [EmailWorker] Processing email config
13:17:20.401 request_id=GGBS7tSkFagkK0UAACMK [info] [EmailWorker] Scheduling email
13:17:20.401 request_id=GGBS7tSkFagkK0UAACMK [info] [EmailWorker] Creating Oban job
13:17:20.401 request_id=GGBS7tSkFagkK0UAACMK [info] [EmailWorker] Job created
13:17:20.401 request_id=GGBS7tSkFagkK0UAACMK [info] Processing scheduled email
13:17:20.401 request_id=GGBS7tSkFagkK0UAACMK [info] [EMAIL DEBUG] Full email struct before sending
13:17:20.401 request_id=GGBS7tSkFagkK0UAACMK [info] [EMAIL DEBUG] Extracted recipient email
13:17:20.401 request_id=GGBS7tSkFagkK0UAACMK [info] [EMAIL DEBUG] Postmark configuration
13:17:20.401 request_id=GGBS7tSkFagkK0UAACMK [info] [EMAIL DEBUG] Email configuration
13:17:20.401 request_id=GGBS7tSkFagkK0UAACMK [info] [EMAIL] Attempting to send email via Postmark
13:17:20.401 request_id=GGBS7tSkFagkK0UAACMK [debug] Sending email with Bamboo.TestAdapter:

%Bamboo.Email{from: {"RSOLV Team", "support@rsolv.dev"}, to: [nil: "oldform@example.com"], cc: [], bcc: [], subject: "Verify Your RSOLV Setup - Need Any Help?", html_body: "<!DOCTYPE html>\n<html lang=\"en\">\n<head>\n  <meta charset=\"UTF-8\">\n  <meta name=\"viewport\" content=\"width=device-width, initial-scale=1.0\">\n  <title>Verify Your RSOLV Setup</title>\n  <style>\n    @import url('https://fonts.googleapis.com/css2?family=Space+Grotesk:wght@300;400;500;700&display=swap');\n    \n    body {\n      font-family: 'Space Grotesk', -apple-system, BlinkMacSystemFont, \"Segoe UI\", Roboto, Helvetica, Arial, sans-serif;\n      line-height: 1.6;\n      color: #333;\n      max-width: 600px;\n      margin: 0 auto;\n      padding: 20px;\n      background-color: #f8f9fa;\n    }\n    .container {\n      background-color: #ffffff;\n      border-radius: 8px;\n      padding: 30px;\n      box-shadow: 0 4px 6px rgba(0, 0, 0, 0.05);\n    }\n    .logo {\n      text-align: center;\n      margin-bottom: 30px;\n    }\n    .logo img {\n      max-width: 200px;\n    }\n    h1, h2, h3 {\n      color: #10b981;\n    }\n    .checklist {\n      background-color: #f3f4f6;\n      padding: 20px;\n      border-radius: 8px;\n      margin: 20px 0;\n    }\n    .checklist-item {\n      display: flex;\n      align-items: center;\n      margin-bottom: 15px;\n    }\n    .checklist-item input[type=\"checkbox\"] {\n      margin-right: 10px;\n    }\n    .status-box {\n      background-color: #fff3cd;\n      border: 1px solid #ffeaa7;\n      padding: 15px;\n      border-radius: 8px;\n      margin: 20px 0;\n    }\n    .success-box {\n      background-color: #d4edda;\n      border: 1px solid #c3e6cb;\n      padding: 15px;\n      border-radius: 8px;\n      margin: 20px 0;\n    }\n    .code {\n      background-color: #2d3748;\n      color: #e2e8f0;\n      padding: 15px;\n      border-radius: 5px;\n      font-family: 'Courier New', monospace;\n      overflow-x: auto;\n      margin: 15px 0;\n    }\n    .cta {\n      background-color: #10b981;\n      color: white;\n      padding: 12px 24px;\n      border-radius: 5px;\n      display: inline-block;\n      text-decoration: none;\n      font-weight: bold;\n      margin: 20px 0;\n    }\n    .footer {\n      margin-top: 40px;\n      font-size: 14px;\n      color: #6b7280;\n      border-top: 1px solid #e5e7eb;\n      padding-top: 20px;\n      text-align: center;\n    }\n  </style>\n</head>\n<body>\n  <div class=\"container\">\n    <div class=\"logo\">\n      <img src=\"https://rsolv.dev/images/rsolv_logo_transparent.png\" alt=\"RSOLV Logo\">\n    </div>\n    \n    <h1>Let's Verify Your RSOLV Setup</h1>\n    \n    <p>Hi {@first_name},</p>\n    \n    <p>It's been a few days since you signed up for RSOLV. We want to make sure you're all set up and ready to benefit from automated security scanning and remediation!</p>\n    \n    <div class=\"checklist\">\n      <h3>Quick Setup Checklist:</h3>\n      <div class=\"checklist-item\">\n        <input type=\"checkbox\" disabled> Connected your repositories for security scanning\n      </div>\n      <div class=\"checklist-item\">\n        <input type=\"checkbox\" disabled> Added the GitHub Action workflow for automated fixes\n      </div>\n      <div class=\"checklist-item\">\n        <input type=\"checkbox\" disabled> Set up your RSOLV_API_KEY as a repository secret\n      </div>\n      <div class=\"checklist-item\">\n        <input type=\"checkbox\" disabled> Reviewed security issues found by RSOLV\n      </div>\n      <div class=\"checklist-item\">\n        <input type=\"checkbox\" disabled> Generated and merged your first security fix PR\n      </div>\n    </div>\n    \n    <h2>Need Help with Setup?</h2>\n    \n    <p>If you haven't completed setup yet, here's a quick reminder of the steps:</p>\n    \n    <div class=\"code\">\n# In .github/workflows/rsolv.yml:\nname: RSOLV Security Fixes\n\non:\n  issues:\n    types: [labeled]\n\njobs:\n  security-fix:\n    if: contains(github.event.issue.labels.*.name, 'rsolv:automate')\n    runs-on: ubuntu-latest\n    steps:\n      - uses: rsolv-dev/rsolv-action@v1\n        with:\n          github-token: ${\"{{ secrets.GITHUB_TOKEN }}\"}\n          rsolv-api-key: ${\"{{ secrets.RSOLV_API_KEY }}\"}\n    </div>\n    \n    <div class=\"status-box\">\n      <strong>🎁 Remember:</strong> Your first 10 fixes are completely free! No credit card required. After that, you only pay $15 per fix that gets deployed.\n   " <> ..., text_body: "Let's Verify Your RSOLV Setup\n\nHi Oldform,\n\nIt's been a few days since you signed up for RSOLV. We want to make sure you're all set up and ready to automate your issue resolution!\n\nQuick Setup Checklist:\n[ ] Added the GitHub Action workflow to your repository\n[ ] Set up your RSOLV_API_KEY as a repository secret\n[ ] Tagged your first issue with \"rsolv:automate\"\n[ ] Reviewed and merged your first automated PR\n\nNeed Help with Setup?\nIf you haven't completed setup yet, visit: https://rsolv.dev/docs/getting-started\n\nRemember: Your first 10 fixes are completely free! No credit card required. After that, you only pay $15 per fix that gets deployed.\n\nCommon Questions:\n- Where do I get my API key? Check your welcome email or visit your dashboard\n- Can I use RSOLV on private repos? Yes! RSOLV works with both public and private repositories\n- What types of issues can RSOLV fix? Bug fixes, security vulnerabilities, performance issues, and more\n- How secure is it? We analyze every fix for security vulnerabilities before creating PRs\n\nPro Tip: Start with a simple issue first - something like \"Fix typo in README\" or \"Update deprecated function calls\".\n\nReady to get started? Tag an issue with \"rsolv:automate\" and watch the magic happen!\n\nIf you're stuck or have questions, just reply to this email.\n\nBest regards,\nThe RSOLV Team\n\n---\nTo unsubscribe, visit: https://rsolv.dev/unsubscribe?email=oldform@example.com\n", headers: %{"X-Postmark-Tag" => "setup-verification"}, attachments: [], assigns: %{}, private: %{tag: "setup-verification"}, blocked: false}

13:17:20.401 request_id=GGBS7tSkFagkK0UAACMK [info] [EMAIL DEBUG] Raw Postmark response
13:17:20.401 request_id=GGBS7tSkFagkK0UAACMK [info] [EMAIL] Email sent successfully via Postmark
13:17:20.401 request_id=GGBS7tSkFagkK0UAACMK [info] Successfully sent scheduled email
13:17:20.401 request_id=GGBS7tSkFagkK0UAACMK [info] [EmailWorker] Insert result
13:17:20.402 request_id=GGBS7tSkFagkK0UAACMK [info] [EmailWorker] Schedule result
13:17:20.402 request_id=GGBS7tSkFagkK0UAACMK [info] [EmailWorker] Processing email config
13:17:20.402 request_id=GGBS7tSkFagkK0UAACMK [info] [EmailWorker] Scheduling email
13:17:20.402 request_id=GGBS7tSkFagkK0UAACMK [info] [EmailWorker] Creating Oban job
13:17:20.402 request_id=GGBS7tSkFagkK0UAACMK [info] [EmailWorker] Job created
13:17:20.402 request_id=GGBS7tSkFagkK0UAACMK [info] Processing scheduled email
13:17:20.402 request_id=GGBS7tSkFagkK0UAACMK [info] [EMAIL DEBUG] Full email struct before sending
13:17:20.402 request_id=GGBS7tSkFagkK0UAACMK [info] [EMAIL DEBUG] Extracted recipient email
13:17:20.402 request_id=GGBS7tSkFagkK0UAACMK [info] [EMAIL DEBUG] Postmark configuration
13:17:20.402 request_id=GGBS7tSkFagkK0UAACMK [info] [EMAIL DEBUG] Email configuration
13:17:20.402 request_id=GGBS7tSkFagkK0UAACMK [info] [EMAIL] Attempting to send email via Postmark
13:17:20.402 request_id=GGBS7tSkFagkK0UAACMK [debug] Sending email with Bamboo.TestAdapter:

%Bamboo.Email{from: {"RSOLV Team", "support@rsolv.dev"}, to: [nil: "oldform@example.com"], cc: [], bcc: [], subject: "Advanced RSOLV Features You Might Have Missed", html_body: "<!DOCTYPE html>\n<html lang=\"en\">\n<head>\n  <meta charset=\"UTF-8\">\n  <meta name=\"viewport\" content=\"width=device-width, initial-scale=1.0\">\n  <title>Advanced RSOLV Features</title>\n  <style>\n    @import url('https://fonts.googleapis.com/css2?family=Space+Grotesk:wght@300;400;500;700&display=swap');\n    \n    body {\n      font-family: 'Space Grotesk', -apple-system, BlinkMacSystemFont, \"Segoe UI\", Roboto, Helvetica, Arial, sans-serif;\n      line-height: 1.6;\n      color: #333;\n      max-width: 600px;\n      margin: 0 auto;\n      padding: 20px;\n      background-color: #f8f9fa;\n    }\n    .container {\n      background-color: #ffffff;\n      border-radius: 8px;\n      padding: 30px;\n      box-shadow: 0 4px 6px rgba(0, 0, 0, 0.05);\n    }\n    .logo {\n      text-align: center;\n      margin-bottom: 30px;\n    }\n    .logo img {\n      max-width: 200px;\n    }\n    h1, h2, h3 {\n      color: #10b981;\n    }\n    .feature-card {\n      background-color: #f3f4f6;\n      padding: 20px;\n      border-radius: 8px;\n      margin-bottom: 20px;\n      border-left: 4px solid #10b981;\n    }\n    .feature-card h3 {\n      margin-top: 0;\n    }\n    .code {\n      background-color: #2d3748;\n      color: #e2e8f0;\n      padding: 15px;\n      border-radius: 5px;\n      font-family: 'Courier New', monospace;\n      overflow-x: auto;\n      margin: 15px 0;\n      font-size: 14px;\n    }\n    .pro-tip {\n      background-color: #fff3cd;\n      border: 1px solid #ffeaa7;\n      padding: 15px;\n      border-radius: 8px;\n      margin: 20px 0;\n    }\n    .security-highlight {\n      background-color: #d4edda;\n      border: 1px solid #c3e6cb;\n      padding: 15px;\n      border-radius: 8px;\n      margin: 20px 0;\n    }\n    .cta {\n      background-color: #10b981;\n      color: white;\n      padding: 12px 24px;\n      border-radius: 5px;\n      display: inline-block;\n      text-decoration: none;\n      font-weight: bold;\n      margin: 20px 0;\n    }\n    .footer {\n      margin-top: 40px;\n      font-size: 14px;\n      color: #6b7280;\n      border-top: 1px solid #e5e7eb;\n      padding-top: 20px;\n      text-align: center;\n    }\n  </style>\n</head>\n<body>\n  <div class=\"container\">\n    <div class=\"logo\">\n      <img src=\"https://rsolv.dev/images/rsolv_logo_transparent.png\" alt=\"RSOLV Logo\">\n    </div>\n    \n    <h1>Unlock the Full Power of RSOLV</h1>\n    \n    <p>Hi {@first_name},</p>\n    \n    <p>You've been using RSOLV for a few days now. Here are some advanced features and techniques that can help you get even more value from automated security scanning and vulnerability remediation:</p>\n    \n    <div class=\"feature-card\">\n      <h3>🎯 Understanding RSOLV's Proactive Scanning</h3>\n      <p>RSOLV continuously scans your repositories for security vulnerabilities and automatically creates issues with detailed remediation plans:</p>\n      <ul>\n        <li><strong>Automated detection:</strong> Scans all files for 180+ vulnerability patterns (and growing)</li>\n        <li><strong>Smart grouping:</strong> Groups similar issues for efficient review</li>\n        <li><strong>Detailed reports:</strong> Shows exact file locations and vulnerable code</li>\n        <li><strong>Fix generation:</strong> Creates secure PRs that address root causes</li>\n      </ul>\n    </div>\n    \n    <div class=\"feature-card\">\n      <h3>🔒 Comprehensive Security Coverage</h3>\n      <p>RSOLV proactively detects and fixes these vulnerability types across your codebase:</p>\n      <ul>\n        <li>SQL/NoSQL injection vulnerabilities</li>\n        <li>Cross-site scripting (XSS) risks</li>\n        <li>Authentication/authorization flaws</li>\n        <li>Insecure cryptographic implementations</li>\n        <li>Hardcoded secrets and API keys</li>\n        <li>Path traversal and open redirects</li>\n        <li>Insecure dependencies and configurations</li>\n      </ul>\n      <p>Each PR includes a detailed security impact assessment and verification tests.</p>\n    </div>\n    \n    <div class=\"security-highlight\">\n      <strong>🛡️ Security Example:</strong> When RSOLV detects unsafe user input handling, it automatically generates fixes with proper sanitization, p" <> ..., text_body: "Unlock the Full Power of RSOLV\n\nHi Oldform,\n\nYou've been using RSOLV for a few days now. Here are some advanced features and techniques:\n\n1. Writing Better Issues for Better Fixes:\n   - Include error messages: Copy the full stack trace\n   - Specify the file/function: \"Fix pagination in UserList.js\"\n   - Describe expected behavior: \"Should show 10 users per page\"\n   - Add context: \"This broke after upgrading to React 18\"\n\n2. Security-First Fixes:\n   RSOLV automatically scans for:\n   - SQL injection vulnerabilities\n   - Cross-site scripting (XSS) risks\n   - Authentication/authorization issues\n   - Insecure dependencies\n   - Hardcoded secrets or API keys\n\n3. Batch Processing:\n   Tag multiple issues with \"rsolv:automate\" and RSOLV creates separate PRs for each.\n\n4. Customizing RSOLV Behavior:\n   Add these tags to your issues:\n   - [performance] - Optimize for speed\n   - [security] - Extra security focus\n   - [minimal] - Smallest possible change\n   - [refactor] - Clean up while fixing\n\nComing Soon:\n- Support for more languages (Go, Rust, PHP)\n- Custom fix preferences per repository\n- Team collaboration features\n- Integration with more platforms\n\nHave a feature request? Just reply to this email!\n\nView advanced documentation: https://rsolv.dev/docs/advanced\n\nBest regards,\nThe RSOLV Team\n\n---\nTo unsubscribe, visit: https://rsolv.dev/unsubscribe?email=oldform@example.com\n", headers: %{"X-Postmark-Tag" => "feature-deep-dive"}, attachments: [], assigns: %{}, private: %{tag: "feature-deep-dive"}, blocked: false}

13:17:20.402 request_id=GGBS7tSkFagkK0UAACMK [info] [EMAIL DEBUG] Raw Postmark response
13:17:20.402 request_id=GGBS7tSkFagkK0UAACMK [info] [EMAIL] Email sent successfully via Postmark
13:17:20.402 request_id=GGBS7tSkFagkK0UAACMK [info] Successfully sent scheduled email
13:17:20.403 request_id=GGBS7tSkFagkK0UAACMK [info] [EmailWorker] Insert result
13:17:20.403 request_id=GGBS7tSkFagkK0UAACMK [info] [EmailWorker] Schedule result
13:17:20.403 request_id=GGBS7tSkFagkK0UAACMK [info] [EmailWorker] Processing email config
13:17:20.403 request_id=GGBS7tSkFagkK0UAACMK [info] [EmailWorker] Scheduling email
13:17:20.403 request_id=GGBS7tSkFagkK0UAACMK [info] [EmailWorker] Creating Oban job
13:17:20.403 request_id=GGBS7tSkFagkK0UAACMK [info] [EmailWorker] Job created
13:17:20.403 request_id=GGBS7tSkFagkK0UAACMK [info] Processing scheduled email
13:17:20.403 request_id=GGBS7tSkFagkK0UAACMK [info] [EMAIL DEBUG] Full email struct before sending
13:17:20.403 request_id=GGBS7tSkFagkK0UAACMK [info] [EMAIL DEBUG] Extracted recipient email
13:17:20.403 request_id=GGBS7tSkFagkK0UAACMK [info] [EMAIL DEBUG] Postmark configuration
13:17:20.403 request_id=GGBS7tSkFagkK0UAACMK [info] [EMAIL DEBUG] Email configuration
13:17:20.403 request_id=GGBS7tSkFagkK0UAACMK [info] [EMAIL] Attempting to send email via Postmark
13:17:20.403 request_id=GGBS7tSkFagkK0UAACMK [debug] Sending email with Bamboo.TestAdapter:

%Bamboo.Email{from: {"RSOLV Team", "support@rsolv.dev"}, to: [nil: "oldform@example.com"], cc: [], bcc: [], subject: "How's Your Experience with RSOLV?", html_body: "<!DOCTYPE html>\n<html lang=\"en\">\n<head>\n  <meta charset=\"UTF-8\">\n  <meta name=\"viewport\" content=\"width=device-width, initial-scale=1.0\">\n  <title>How's Your RSOLV Experience?</title>\n  <style>\n    @import url('https://fonts.googleapis.com/css2?family=Space+Grotesk:wght@300;400;500;700&display=swap');\n    \n    body {\n      font-family: 'Space Grotesk', -apple-system, BlinkMacSystemFont, \"Segoe UI\", Roboto, Helvetica, Arial, sans-serif;\n      line-height: 1.6;\n      color: #333;\n      max-width: 600px;\n      margin: 0 auto;\n      padding: 20px;\n      background-color: #f8f9fa;\n    }\n    .container {\n      background-color: #ffffff;\n      border-radius: 8px;\n      padding: 30px;\n      box-shadow: 0 4px 6px rgba(0, 0, 0, 0.05);\n    }\n    .logo {\n      text-align: center;\n      margin-bottom: 30px;\n    }\n    .logo img {\n      max-width: 200px;\n    }\n    h1, h2, h3 {\n      color: #10b981;\n    }\n    .survey-card {\n      background-color: #f3f4f6;\n      padding: 20px;\n      border-radius: 8px;\n      margin: 20px 0;\n      text-align: center;\n    }\n    .rating-container {\n      display: flex;\n      justify-content: center;\n      gap: 10px;\n      margin: 20px 0;\n    }\n    .rating-box {\n      width: 40px;\n      height: 40px;\n      border: 2px solid #10b981;\n      border-radius: 8px;\n      display: flex;\n      align-items: center;\n      justify-content: center;\n      text-decoration: none;\n      color: #10b981;\n      font-weight: bold;\n      transition: all 0.3s ease;\n    }\n    .rating-box:hover {\n      background-color: #10b981;\n      color: white;\n    }\n    .question-box {\n      background-color: #f9fafb;\n      padding: 20px;\n      border-radius: 8px;\n      margin: 20px 0;\n      border-left: 4px solid #10b981;\n    }\n    .success-story {\n      background-color: #d4edda;\n      border: 1px solid #c3e6cb;\n      padding: 15px;\n      border-radius: 8px;\n      margin: 20px 0;\n    }\n    .cta {\n      background-color: #10b981;\n      color: white;\n      padding: 12px 24px;\n      border-radius: 5px;\n      display: inline-block;\n      text-decoration: none;\n      font-weight: bold;\n      margin: 20px 0;\n    }\n    .cta-secondary {\n      background-color: #6b7280;\n      color: white;\n      padding: 12px 24px;\n      border-radius: 5px;\n      display: inline-block;\n      text-decoration: none;\n      font-weight: bold;\n      margin: 20px 0;\n    }\n    .footer {\n      margin-top: 40px;\n      font-size: 14px;\n      color: #6b7280;\n      border-top: 1px solid #e5e7eb;\n      padding-top: 20px;\n      text-align: center;\n    }\n  </style>\n</head>\n<body>\n  <div class=\"container\">\n    <div class=\"logo\">\n      <img src=\"https://rsolv.dev/images/rsolv_logo_transparent.png\" alt=\"RSOLV Logo\">\n    </div>\n    \n    <h1>Quick Check-In: How's RSOLV Working for You?</h1>\n    \n    <p>Hi {@first_name},</p>\n    \n    <p>You've been using RSOLV for a week now, and we'd love to hear about your experience! Your feedback helps us make RSOLV better for everyone.</p>\n    \n    <div class=\"survey-card\">\n      <h3>How likely are you to recommend RSOLV to a colleague?</h3>\n      <p>Click a number below:</p>\n      <div class=\"rating-container\">\n        <a href=\"https://rsolv.dev/feedback?rating=1&email={@email}\" class=\"rating-box\">1</a>\n        <a href=\"https://rsolv.dev/feedback?rating=2&email={@email}\" class=\"rating-box\">2</a>\n        <a href=\"https://rsolv.dev/feedback?rating=3&email={@email}\" class=\"rating-box\">3</a>\n        <a href=\"https://rsolv.dev/feedback?rating=4&email={@email}\" class=\"rating-box\">4</a>\n        <a href=\"https://rsolv.dev/feedback?rating=5&email={@email}\" class=\"rating-box\">5</a>\n        <a href=\"https://rsolv.dev/feedback?rating=6&email={@email}\" class=\"rating-box\">6</a>\n        <a href=\"https://rsolv.dev/feedback?rating=7&email={@email}\" class=\"rating-box\">7</a>\n        <a href=\"https://rsolv.dev/feedback?rating=8&email={@email}\" class=\"rating-box\">8</a>\n        <a href=\"https://rsolv.dev/feedback?rating=9&email={@email}\" class=\"rating-box\">9</a>\n        <a href=\"https://rsolv.dev/feedback?rating=10&email={@email}\" class=\"rating-box\">10</a>\n      </div>\n" <> ..., text_body: "Quick Check-In: How's RSOLV Working for You?\n\nHi Oldform,\n\nYou've been using RSOLV for a week now, and we'd love to hear about your experience!\n\nHow likely are you to recommend RSOLV to a colleague?\nRate us from 1-10: https://rsolv.dev/feedback?email=oldform@example.com\n\nThree Quick Questions:\n1. What's been your favorite RSOLV fix so far?\n2. What feature would you like to see next?\n3. Any challenges or friction points?\n\nJust hit reply and share your thoughts - we read every response!\n\nDid You Know?\nHere are some ways other teams are using RSOLV:\n- Security audits: Tag all security-related issues for automated fixes\n- Tech debt cleanup: Fix deprecated function calls across the codebase\n- Onboarding tool: Let new devs see how fixes should be implemented\n- Weekend warrior: Queue up fixes on Friday, review on Monday\n\nThanks for being an early adopter!\n\nBest regards,\nDylan & The RSOLV Team\n\nP.S. If RSOLV has saved you time this week, we'd love to hear about it!\n\n---\nTo unsubscribe, visit: https://rsolv.dev/unsubscribe?email=oldform@example.com\n", headers: %{"X-Postmark-Tag" => "feedback-request"}, attachments: [], assigns: %{}, private: %{tag: "feedback-request"}, blocked: false}

13:17:20.403 request_id=GGBS7tSkFagkK0UAACMK [info] [EMAIL DEBUG] Raw Postmark response
13:17:20.403 request_id=GGBS7tSkFagkK0UAACMK [info] [EMAIL] Email sent successfully via Postmark
13:17:20.403 request_id=GGBS7tSkFagkK0UAACMK [info] Successfully sent scheduled email
13:17:20.404 request_id=GGBS7tSkFagkK0UAACMK [info] [EmailWorker] Insert result
13:17:20.404 request_id=GGBS7tSkFagkK0UAACMK [info] [EmailWorker] Schedule result
13:17:20.404 request_id=GGBS7tSkFagkK0UAACMK [info] [EmailWorker] Processing email config
13:17:20.404 request_id=GGBS7tSkFagkK0UAACMK [info] [EmailWorker] Scheduling email
13:17:20.404 request_id=GGBS7tSkFagkK0UAACMK [info] [EmailWorker] Creating Oban job
13:17:20.404 request_id=GGBS7tSkFagkK0UAACMK [info] [EmailWorker] Job created
13:17:20.404 request_id=GGBS7tSkFagkK0UAACMK [info] Processing scheduled email
13:17:20.404 request_id=GGBS7tSkFagkK0UAACMK [info] [EMAIL DEBUG] Full email struct before sending
13:17:20.404 request_id=GGBS7tSkFagkK0UAACMK [info] [EMAIL DEBUG] Extracted recipient email
13:17:20.404 request_id=GGBS7tSkFagkK0UAACMK [info] [EMAIL DEBUG] Postmark configuration
13:17:20.404 request_id=GGBS7tSkFagkK0UAACMK [info] [EMAIL DEBUG] Email configuration
13:17:20.404 request_id=GGBS7tSkFagkK0UAACMK [info] [EMAIL] Attempting to send email via Postmark
13:17:20.404 request_id=GGBS7tSkFagkK0UAACMK [debug] Sending email with Bamboo.TestAdapter:

%Bamboo.Email{from: {"RSOLV Team", "support@rsolv.dev"}, to: [nil: "oldform@example.com"], cc: [], bcc: [], subject: "Your RSOLV Success Report", html_body: "<!DOCTYPE html>\n<html lang=\"en\">\n<head>\n  <meta charset=\"UTF-8\">\n  <meta name=\"viewport\" content=\"width=device-width, initial-scale=1.0\">\n  <title>Your RSOLV Success Report</title>\n  <style>\n    @import url('https://fonts.googleapis.com/css2?family=Space+Grotesk:wght@300;400;500;700&display=swap');\n    \n    body {\n      font-family: 'Space Grotesk', -apple-system, BlinkMacSystemFont, \"Segoe UI\", Roboto, Helvetica, Arial, sans-serif;\n      line-height: 1.6;\n      color: #333;\n      max-width: 600px;\n      margin: 0 auto;\n      padding: 20px;\n      background-color: #f8f9fa;\n    }\n    .container {\n      background-color: #ffffff;\n      border-radius: 8px;\n      padding: 30px;\n      box-shadow: 0 4px 6px rgba(0, 0, 0, 0.05);\n    }\n    .logo {\n      text-align: center;\n      margin-bottom: 30px;\n    }\n    .logo img {\n      max-width: 200px;\n    }\n    h1, h2, h3 {\n      color: #10b981;\n    }\n    .stats-grid {\n      display: grid;\n      grid-template-columns: 1fr 1fr;\n      gap: 20px;\n      margin: 30px 0;\n    }\n    .stat-card {\n      background-color: #f3f4f6;\n      padding: 20px;\n      border-radius: 8px;\n      text-align: center;\n      border-top: 4px solid #10b981;\n    }\n    .stat-number {\n      font-size: 36px;\n      font-weight: bold;\n      color: #10b981;\n      margin: 10px 0;\n    }\n    .stat-label {\n      color: #6b7280;\n      font-size: 14px;\n    }\n    .achievement-banner {\n      background: linear-gradient(135deg, #10b981 0%, #059669 100%);\n      color: white;\n      padding: 20px;\n      border-radius: 8px;\n      text-align: center;\n      margin: 20px 0;\n    }\n    .timeline {\n      margin: 30px 0;\n    }\n    .timeline-item {\n      display: flex;\n      margin-bottom: 20px;\n      align-items: flex-start;\n    }\n    .timeline-marker {\n      width: 40px;\n      height: 40px;\n      background-color: #10b981;\n      color: white;\n      border-radius: 50%;\n      display: flex;\n      align-items: center;\n      justify-content: center;\n      flex-shrink: 0;\n      margin-right: 15px;\n    }\n    .timeline-content {\n      flex-grow: 1;\n    }\n    .pricing-highlight {\n      background-color: #fff3cd;\n      border: 1px solid #ffeaa7;\n      padding: 20px;\n      border-radius: 8px;\n      margin: 20px 0;\n      text-align: center;\n    }\n    .cta {\n      background-color: #10b981;\n      color: white;\n      padding: 12px 24px;\n      border-radius: 5px;\n      display: inline-block;\n      text-decoration: none;\n      font-weight: bold;\n      margin: 20px 0;\n    }\n    .cta-secondary {\n      background-color: #2563eb;\n      color: white;\n      padding: 12px 24px;\n      border-radius: 5px;\n      display: inline-block;\n      text-decoration: none;\n      font-weight: bold;\n      margin: 20px 0;\n    }\n    .footer {\n      margin-top: 40px;\n      font-size: 14px;\n      color: #6b7280;\n      border-top: 1px solid #e5e7eb;\n      padding-top: 20px;\n      text-align: center;\n    }\n    @media (max-width: 600px) {\n      .stats-grid {\n        grid-template-columns: 1fr;\n      }\n    }\n  </style>\n</head>\n<body>\n  <div class=\"container\">\n    <div class=\"logo\">\n      <img src=\"https://rsolv.dev/images/rsolv_logo_transparent.png\" alt=\"RSOLV Logo\">\n    </div>\n    \n    <h1>Your 2-Week RSOLV Success Report 🎉</h1>\n    \n    <p>Hi {@first_name},</p>\n    \n    <p>Congratulations! You've been using RSOLV for two weeks. Here's a snapshot of what we've accomplished together:</p>\n    \n    <div class=\"stats-grid\">\n      <div class=\"stat-card\">\n        <div class=\"stat-label\">Issues Fixed</div>\n        <div class=\"stat-number\">{Map.get(@usage_stats || %{}, :issues_fixed, 0)}</div>\n      </div>\n      <div class=\"stat-card\">\n        <div class=\"stat-label\">PRs Created</div>\n        <div class=\"stat-number\">{Map.get(@usage_stats || %{}, :prs_created, 0)}</div>\n      </div>\n      <div class=\"stat-card\">\n        <div class=\"stat-label\">Time Saved</div>\n        <div class=\"stat-number\">{Map.get(@usage_stats || %{}, :time_saved, \"0 hrs\")}</div>\n      </div>\n      <div class=\"stat-card\">\n        <div class=\"stat-label\">Security Issues Found</div>\n        <div class=\"stat-number\">{Map.ge" <> ..., text_body: "Your 2-Week RSOLV Success Report\n\nHi Oldform,\n\nCongratulations! You've been using RSOLV for two weeks. Here's what we've accomplished together:\n\nYour Stats:\n- Issues Fixed: Check your dashboard\n- PRs Created: Check your dashboard\n- Time Saved: Check your dashboard\n- Security Issues Found: Check your dashboard\n\nYour Trial Status:\nCheck how many free fixes you have remaining at: https://rsolv.dev/dashboard\n\nWhat's Next?\n- Expand to more repositories\n- Automate security audits\n- Clean up tech debt\n- Train your team\n\nNeed Help Scaling Up?\nI'd love to help you get even more value from RSOLV:\n- Schedule a 15-minute optimization call\n- Get best practices for your specific tech stack\n- Learn about volume discounts for teams\n\nJust reply to this email and let me know how I can help!\n\nThanks for being part of the RSOLV community.\n\nBest regards,\nDylan Fitzgerald\nFounder, RSOLV\n\nP.S. If RSOLV has been valuable to your team, I'd be grateful if you could share a quick testimonial.\n\n---\nTo unsubscribe, visit: https://rsolv.dev/unsubscribe?email=oldform@example.com\n", headers: %{"X-Postmark-Tag" => "success-checkin"}, attachments: [], assigns: %{}, private: %{tag: "success-checkin"}, blocked: false}

13:17:20.405 request_id=GGBS7tSkFagkK0UAACMK [info] [EMAIL DEBUG] Raw Postmark response
13:17:20.405 request_id=GGBS7tSkFagkK0UAACMK [info] [EMAIL] Email sent successfully via Postmark
13:17:20.405 request_id=GGBS7tSkFagkK0UAACMK [info] Successfully sent scheduled email
13:17:20.405 request_id=GGBS7tSkFagkK0UAACMK [info] [EmailWorker] Insert result
13:17:20.405 request_id=GGBS7tSkFagkK0UAACMK [info] [EmailWorker] Schedule result
13:17:20.405 request_id=GGBS7tSkFagkK0UAACMK [info] [PAGE CONTROLLER] EmailSequence.start_early_access_onboarding_sequence returned
13:17:20.405 request_id=GGBS7tSkFagkK0UAACMK [debug] Sending email with Bamboo.TestAdapter:

%Bamboo.Email{from: {"RSOLV Team", "support@rsolv.dev"}, to: [nil: "admin@rsolv.dev"], cc: [], bcc: [], subject: "🎉 New RSOLV Signup: oldform@example.com", html_body: "<!DOCTYPE html>\n<html>\n<head>\n  <meta charset=\"utf-8\">\n  <style>\n    body { font-family: -apple-system, BlinkMacSystemFont, 'Segoe UI', Roboto, sans-serif; line-height: 1.6; color: #333; }\n    .container { max-width: 600px; margin: 0 auto; padding: 20px; }\n    .header { background: #10b981; color: white; padding: 20px; border-radius: 8px 8px 0 0; }\n    .content { background: #f9fafb; padding: 20px; border: 1px solid #e5e7eb; border-radius: 0 0 8px 8px; }\n    .metric { display: inline-block; margin: 10px 20px 10px 0; }\n    .metric-label { font-size: 12px; color: #6b7280; text-transform: uppercase; }\n    .metric-value { font-size: 18px; font-weight: bold; color: #111827; }\n    .details { background: white; padding: 15px; border-radius: 4px; margin: 15px 0; }\n    .detail-row { display: flex; justify-content: space-between; padding: 8px 0; border-bottom: 1px solid #f3f4f6; }\n    .detail-row:last-child { border-bottom: none; }\n    .detail-label { font-weight: 500; color: #6b7280; }\n    .detail-value { color: #111827; }\n    .utm-badge { display: inline-block; background: #dbeafe; color: #1e40af; padding: 2px 8px; border-radius: 4px; font-size: 12px; margin-left: 4px; }\n  </style>\n</head>\n<body>\n  <div class=\"container\">\n    <div class=\"header\">\n      <h1 style=\"margin: 0; font-size: 24px;\">🎉 New RSOLV Signup!</h1>\n      <p style=\"margin: 5px 0 0 0; opacity: 0.9;\">August 29, 2025 at 07:17 PM UTC</p>\n    </div>\n    \n    <div class=\"content\">\n      <div class=\"metric\">\n        <div class=\"metric-label\">Email</div>\n        <div class=\"metric-value\">oldform@example.com</div>\n      </div>\n      \n      \n      \n      <div class=\"details\">\n        <h3 style=\"margin-top: 0;\">Signup Details</h3>\n        \n        <div class=\"detail-row\">\n          <span class=\"detail-label\">Source</span>\n          <span class=\"detail-value\">\n            landing_page\n            \n          </span>\n        </div>\n        \n        \n        \n        \n        \n        \n      </div>\n      \n      <div style=\"margin-top: 20px; text-align: center;\">\n        <a href=\"https://rsolv.dev/live/dashboard\" style=\"display: inline-block; background: #10b981; color: white; padding: 10px 20px; text-decoration: none; border-radius: 4px;\">\n          View Dashboard\n        </a>\n      </div>\n    </div>\n  </div>\n</body>\n</html>\n", text_body: "🎉 New RSOLV Signup!\n\nEmail: oldform@example.com\n\nTime: August 29, 2025 at 07:17 PM UTC\n\nSource Details:\n- Source: landing_page\n\n\n\n\n\nView full dashboard: https://rsolv.dev/live/dashboard\n", headers: %{"Message-ID" => "<1756495040.329498@rsolv.dev>", "X-Postmark-Tag" => "admin-notification", "X-Priority" => "1"}, attachments: [], assigns: %{}, private: %{tag: "admin-notification"}, blocked: false}

13:17:20.405 request_id=GGBS7tSkFagkK0UAACMK [info] Admin notification sent for new signup
13:17:20.405 request_id=GGBS7tSkFagkK0UAACMK [info] Sent 302 in 7ms
13:17:20.406 request_id=GGBS7tSkFagkK0UAACMK [debug] QUERY OK source="early_access_signups" db=0.0ms queue=0.1ms
SELECT TRUE FROM "early_access_signups" AS e0 WHERE (e0."email" = $1) LIMIT 1 ["liveview@example.com"]
13:17:20.406 request_id=GGBS7tSkFagkK0UAACMK [debug] QUERY OK source="early_access_signups" db=0.0ms
SELECT TRUE FROM "early_access_signups" AS e0 WHERE (e0."email" = $1) LIMIT 1 ["oldform@example.com"]
.13:17:20.489 [debug] Parser response received
13:17:20.490 [info] AnalysisService: Loaded 30 patterns for javascript
13:17:20.515 [info] AnalysisService: Found 200 matches
13:17:20.515 [debug] Match confidence: 0.264, min_confidence: 0.7, match: %{type: "js-hardcoded-secret-password", context: %{node_type: "VariableDeclarator", depth: 3, parent_type: "VariableDeclaration"}, location: %{depth: 3, end_column: 15, end_line: 1, start_line: 1, start_column: 4}, severity: "high", pattern_id: "js-hardcoded-secret-password", pattern_name: "Hardcoded Password", recommendation: "Review this code for potential security issues", confidence: 0.9, pattern_type: :hardcoded_secret}
13:17:20.515 [debug] Match confidence: 0.264, min_confidence: 0.7, match: %{type: "js-hardcoded-secret-password", context: %{node_type: "VariableDeclarator", depth: 3, parent_type: "VariableDeclaration"}, location: %{depth: 3, end_column: 32, end_line: 1, start_line: 1, start_column: 21}, severity: "high", pattern_id: "js-hardcoded-secret-password", pattern_name: "Hardcoded Password", recommendation: "Review this code for potential security issues", confidence: 0.9, pattern_type: :hardcoded_secret}
13:17:20.515 [debug] Match confidence: 0.264, min_confidence: 0.7, match: %{type: "js-hardcoded-secret-password", context: %{node_type: "VariableDeclarator", depth: 3, parent_type: "VariableDeclaration"}, location: %{depth: 3, end_column: 49, end_line: 1, start_line: 1, start_column: 38}, severity: "high", pattern_id: "js-hardcoded-secret-password", pattern_name: "Hardcoded Password", recommendation: "Review this code for potential security issues", confidence: 0.9, pattern_type: :hardcoded_secret}
13:17:20.515 [debug] Match confidence: 0.264, min_confidence: 0.7, match: %{type: "js-hardcoded-secret-password", context: %{node_type: "VariableDeclarator", depth: 3, parent_type: "VariableDeclaration"}, location: %{depth: 3, end_column: 66, end_line: 1, start_line: 1, start_column: 55}, severity: "high", pattern_id: "js-hardcoded-secret-password", pattern_name: "Hardcoded Password", recommendation: "Review this code for potential security issues", confidence: 0.9, pattern_type: :hardcoded_secret}
13:17:20.515 [debug] Match confidence: 0.264, min_confidence: 0.7, match: %{type: "js-hardcoded-secret-password", context: %{node_type: "VariableDeclarator", depth: 3, parent_type: "VariableDeclaration"}, location: %{depth: 3, end_column: 83, end_line: 1, start_line: 1, start_column: 72}, severity: "high", pattern_id: "js-hardcoded-secret-password", pattern_name: "Hardcoded Password", recommendation: "Review this code for potential security issues", confidence: 0.9, pattern_type: :hardcoded_secret}
13:17:20.515 [debug] Match confidence: 0.264, min_confidence: 0.7, match: %{type: "js-hardcoded-secret-password", context: %{node_type: "VariableDeclarator", depth: 3, parent_type: "VariableDeclaration"}, location: %{depth: 3, end_column: 100, end_line: 1, start_line: 1, start_column: 89}, severity: "high", pattern_id: "js-hardcoded-secret-password", pattern_name: "Hardcoded Password", recommendation: "Review this code for potential security issues", confidence: 0.9, pattern_type: :hardcoded_secret}
13:17:20.515 [debug] Match confidence: 0.264, min_confidence: 0.7, match: %{type: "js-hardcoded-secret-password", context: %{node_type: "VariableDeclarator", depth: 3, parent_type: "VariableDeclaration"}, location: %{depth: 3, end_column: 117, end_line: 1, start_line: 1, start_column: 106}, severity: "high", pattern_id: "js-hardcoded-secret-password", pattern_name: "Hardcoded Password", recommendation: "Review this code for potential security issues", confidence: 0.9, pattern_type: :hardcoded_secret}
13:17:20.515 [debug] Match confidence: 0.264, min_confidence: 0.7, match: %{type: "js-hardcoded-secret-password", context: %{node_type: "VariableDeclarator", depth: 3, parent_type: "VariableDeclaration"}, location: %{depth: 3, end_column: 134, end_line: 1, start_line: 1, start_column: 123}, severity: "high", pattern_id: "js-hardcoded-secret-password", pattern_name: "Hardcoded Password", recommendation: "Review this code for potential security issues", confidence: 0.9, pattern_type: :hardcoded_secret}
13:17:20.515 [debug] Match confidence: 0.264, min_confidence: 0.7, match: %{type: "js-hardcoded-secret-password", context: %{node_type: "VariableDeclarator", depth: 3, parent_type: "VariableDeclaration"}, location: %{depth: 3, end_column: 151, end_line: 1, start_line: 1, start_column: 140}, severity: "high", pattern_id: "js-hardcoded-secret-password", pattern_name: "Hardcoded Password", recommendation: "Review this code for potential security issues", confidence: 0.9, pattern_type: :hardcoded_secret}
13:17:20.515 [debug] Match confidence: 0.264, min_confidence: 0.7, match: %{type: "js-hardcoded-secret-password", context: %{node_type: "VariableDeclarator", depth: 3, parent_type: "VariableDeclaration"}, location: %{depth: 3, end_column: 168, end_line: 1, start_line: 1, start_column: 157}, severity: "high", pattern_id: "js-hardcoded-secret-password", pattern_name: "Hardcoded Password", recommendation: "Review this code for potential security issues", confidence: 0.9, pattern_type: :hardcoded_secret}
13:17:20.515 [debug] Match confidence: 0.264, min_confidence: 0.7, match: %{type: "js-hardcoded-secret-password", context: %{node_type: "VariableDeclarator", depth: 3, parent_type: "VariableDeclaration"}, location: %{depth: 3, end_column: 185, end_line: 1, start_line: 1, start_column: 174}, severity: "high", pattern_id: "js-hardcoded-secret-password", pattern_name: "Hardcoded Password", recommendation: "Review this code for potential security issues", confidence: 0.9, pattern_type: :hardcoded_secret}
13:17:20.515 [debug] Match confidence: 0.264, min_confidence: 0.7, match: %{type: "js-hardcoded-secret-password", context: %{node_type: "VariableDeclarator", depth: 3, parent_type: "VariableDeclaration"}, location: %{depth: 3, end_column: 202, end_line: 1, start_line: 1, start_column: 191}, severity: "high", pattern_id: "js-hardcoded-secret-password", pattern_name: "Hardcoded Password", recommendation: "Review this code for potential security issues", confidence: 0.9, pattern_type: :hardcoded_secret}
13:17:20.516 [debug] Match confidence: 0.264, min_confidence: 0.7, match: %{type: "js-hardcoded-secret-password", context: %{node_type: "VariableDeclarator", depth: 3, parent_type: "VariableDeclaration"}, location: %{depth: 3, end_column: 219, end_line: 1, start_line: 1, start_column: 208}, severity: "high", pattern_id: "js-hardcoded-secret-password", pattern_name: "Hardcoded Password", recommendation: "Review this code for potential security issues", confidence: 0.9, pattern_type: :hardcoded_secret}
13:17:20.516 [debug] Match confidence: 0.264, min_confidence: 0.7, match: %{type: "js-hardcoded-secret-password", context: %{node_type: "VariableDeclarator", depth: 3, parent_type: "VariableDeclaration"}, location: %{depth: 3, end_column: 236, end_line: 1, start_line: 1, start_column: 225}, severity: "high", pattern_id: "js-hardcoded-secret-password", pattern_name: "Hardcoded Password", recommendation: "Review this code for potential security issues", confidence: 0.9, pattern_type: :hardcoded_secret}
13:17:20.516 [debug] Match confidence: 0.264, min_confidence: 0.7, match: %{type: "js-hardcoded-secret-password", context: %{node_type: "VariableDeclarator", depth: 3, parent_type: "VariableDeclaration"}, location: %{depth: 3, end_column: 253, end_line: 1, start_line: 1, start_column: 242}, severity: "high", pattern_id: "js-hardcoded-secret-password", pattern_name: "Hardcoded Password", recommendation: "Review this code for potential security issues", confidence: 0.9, pattern_type: :hardcoded_secret}
13:17:20.516 [debug] Match confidence: 0.264, min_confidence: 0.7, match: %{type: "js-hardcoded-secret-password", context: %{node_type: "VariableDeclarator", depth: 3, parent_type: "VariableDeclaration"}, location: %{depth: 3, end_column: 270, end_line: 1, start_line: 1, start_column: 259}, severity: "high", pattern_id: "js-hardcoded-secret-password", pattern_name: "Hardcoded Password", recommendation: "Review this code for potential security issues", confidence: 0.9, pattern_type: :hardcoded_secret}
13:17:20.516 [debug] Match confidence: 0.264, min_confidence: 0.7, match: %{type: "js-hardcoded-secret-password", context: %{node_type: "VariableDeclarator", depth: 3, parent_type: "VariableDeclaration"}, location: %{depth: 3, end_column: 287, end_line: 1, start_line: 1, start_column: 276}, severity: "high", pattern_id: "js-hardcoded-secret-password", pattern_name: "Hardcoded Password", recommendation: "Review this code for potential security issues", confidence: 0.9, pattern_type: :hardcoded_secret}
13:17:20.516 [debug] Match confidence: 0.264, min_confidence: 0.7, match: %{type: "js-hardcoded-secret-password", context: %{node_type: "VariableDeclarator", depth: 3, parent_type: "VariableDeclaration"}, location: %{depth: 3, end_column: 304, end_line: 1, start_line: 1, start_column: 293}, severity: "high", pattern_id: "js-hardcoded-secret-password", pattern_name: "Hardcoded Password", recommendation: "Review this code for potential security issues", confidence: 0.9, pattern_type: :hardcoded_secret}
13:17:20.516 [debug] Match confidence: 0.264, min_confidence: 0.7, match: %{type: "js-hardcoded-secret-password", context: %{node_type: "VariableDeclarator", depth: 3, parent_type: "VariableDeclaration"}, location: %{depth: 3, end_column: 321, end_line: 1, start_line: 1, start_column: 310}, severity: "high", pattern_id: "js-hardcoded-secret-password", pattern_name: "Hardcoded Password", recommendation: "Review this code for potential security issues", confidence: 0.9, pattern_type: :hardcoded_secret}
13:17:20.516 [debug] Match confidence: 0.264, min_confidence: 0.7, match: %{type: "js-hardcoded-secret-password", context: %{node_type: "VariableDeclarator", depth: 3, parent_type: "VariableDeclaration"}, location: %{depth: 3, end_column: 338, end_line: 1, start_line: 1, start_column: 327}, severity: "high", pattern_id: "js-hardcoded-secret-password", pattern_name: "Hardcoded Password", recommendation: "Review this code for potential security issues", confidence: 0.9, pattern_type: :hardcoded_secret}
13:17:20.516 [debug] Match confidence: 0.264, min_confidence: 0.7, match: %{type: "js-hardcoded-secret-password", context: %{node_type: "VariableDeclarator", depth: 3, parent_type: "VariableDeclaration"}, location: %{depth: 3, end_column: 355, end_line: 1, start_line: 1, start_column: 344}, severity: "high", pattern_id: "js-hardcoded-secret-password", pattern_name: "Hardcoded Password", recommendation: "Review this code for potential security issues", confidence: 0.9, pattern_type: :hardcoded_secret}
13:17:20.516 [debug] Match confidence: 0.264, min_confidence: 0.7, match: %{type: "js-hardcoded-secret-password", context: %{node_type: "VariableDeclarator", depth: 3, parent_type: "VariableDeclaration"}, location: %{depth: 3, end_column: 372, end_line: 1, start_line: 1, start_column: 361}, severity: "high", pattern_id: "js-hardcoded-secret-password", pattern_name: "Hardcoded Password", recommendation: "Review this code for potential security issues", confidence: 0.9, pattern_type: :hardcoded_secret}
13:17:20.516 [debug] Match confidence: 0.264, min_confidence: 0.7, match: %{type: "js-hardcoded-secret-password", context: %{node_type: "VariableDeclarator", depth: 3, parent_type: "VariableDeclaration"}, location: %{depth: 3, end_column: 389, end_line: 1, start_line: 1, start_column: 378}, severity: "high", pattern_id: "js-hardcoded-secret-password", pattern_name: "Hardcoded Password", recommendation: "Review this code for potential security issues", confidence: 0.9, pattern_type: :hardcoded_secret}
13:17:20.516 [debug] Match confidence: 0.264, min_confidence: 0.7, match: %{type: "js-hardcoded-secret-password", context: %{node_type: "VariableDeclarator", depth: 3, parent_type: "VariableDeclaration"}, location: %{depth: 3, end_column: 406, end_line: 1, start_line: 1, start_column: 395}, severity: "high", pattern_id: "js-hardcoded-secret-password", pattern_name: "Hardcoded Password", recommendation: "Review this code for potential security issues", confidence: 0.9, pattern_type: :hardcoded_secret}
13:17:20.516 [debug] Match confidence: 0.264, min_confidence: 0.7, match: %{type: "js-hardcoded-secret-password", context: %{node_type: "VariableDeclarator", depth: 3, parent_type: "VariableDeclaration"}, location: %{depth: 3, end_column: 423, end_line: 1, start_line: 1, start_column: 412}, severity: "high", pattern_id: "js-hardcoded-secret-password", pattern_name: "Hardcoded Password", recommendation: "Review this code for potential security issues", confidence: 0.9, pattern_type: :hardcoded_secret}
13:17:20.516 [debug] Match confidence: 0.264, min_confidence: 0.7, match: %{type: "js-hardcoded-secret-password", context: %{node_type: "VariableDeclarator", depth: 3, parent_type: "VariableDeclaration"}, location: %{depth: 3, end_column: 440, end_line: 1, start_line: 1, start_column: 429}, severity: "high", pattern_id: "js-hardcoded-secret-password", pattern_name: "Hardcoded Password", recommendation: "Review this code for potential security issues", confidence: 0.9, pattern_type: :hardcoded_secret}
13:17:20.516 [debug] Match confidence: 0.264, min_confidence: 0.7, match: %{type: "js-hardcoded-secret-password", context: %{node_type: "VariableDeclarator", depth: 3, parent_type: "VariableDeclaration"}, location: %{depth: 3, end_column: 457, end_line: 1, start_line: 1, start_column: 446}, severity: "high", pattern_id: "js-hardcoded-secret-password", pattern_name: "Hardcoded Password", recommendation: "Review this code for potential security issues", confidence: 0.9, pattern_type: :hardcoded_secret}
13:17:20.516 [debug] Match confidence: 0.264, min_confidence: 0.7, match: %{type: "js-hardcoded-secret-password", context: %{node_type: "VariableDeclarator", depth: 3, parent_type: "VariableDeclaration"}, location: %{depth: 3, end_column: 474, end_line: 1, start_line: 1, start_column: 463}, severity: "high", pattern_id: "js-hardcoded-secret-password", pattern_name: "Hardcoded Password", recommendation: "Review this code for potential security issues", confidence: 0.9, pattern_type: :hardcoded_secret}
13:17:20.516 [debug] Match confidence: 0.264, min_confidence: 0.7, match: %{type: "js-hardcoded-secret-password", context: %{node_type: "VariableDeclarator", depth: 3, parent_type: "VariableDeclaration"}, location: %{depth: 3, end_column: 491, end_line: 1, start_line: 1, start_column: 480}, severity: "high", pattern_id: "js-hardcoded-secret-password", pattern_name: "Hardcoded Password", recommendation: "Review this code for potential security issues", confidence: 0.9, pattern_type: :hardcoded_secret}
13:17:20.516 [debug] Match confidence: 0.264, min_confidence: 0.7, match: %{type: "js-hardcoded-secret-password", context: %{node_type: "VariableDeclarator", depth: 3, parent_type: "VariableDeclaration"}, location: %{depth: 3, end_column: 508, end_line: 1, start_line: 1, start_column: 497}, severity: "high", pattern_id: "js-hardcoded-secret-password", pattern_name: "Hardcoded Password", recommendation: "Review this code for potential security issues", confidence: 0.9, pattern_type: :hardcoded_secret}
13:17:20.516 [debug] Match confidence: 0.264, min_confidence: 0.7, match: %{type: "js-hardcoded-secret-password", context: %{node_type: "VariableDeclarator", depth: 3, parent_type: "VariableDeclaration"}, location: %{depth: 3, end_column: 525, end_line: 1, start_line: 1, start_column: 514}, severity: "high", pattern_id: "js-hardcoded-secret-password", pattern_name: "Hardcoded Password", recommendation: "Review this code for potential security issues", confidence: 0.9, pattern_type: :hardcoded_secret}
13:17:20.516 [debug] Match confidence: 0.264, min_confidence: 0.7, match: %{type: "js-hardcoded-secret-password", context: %{node_type: "VariableDeclarator", depth: 3, parent_type: "VariableDeclaration"}, location: %{depth: 3, end_column: 542, end_line: 1, start_line: 1, start_column: 531}, severity: "high", pattern_id: "js-hardcoded-secret-password", pattern_name: "Hardcoded Password", recommendation: "Review this code for potential security issues", confidence: 0.9, pattern_type: :hardcoded_secret}
13:17:20.516 [debug] Match confidence: 0.264, min_confidence: 0.7, match: %{type: "js-hardcoded-secret-password", context: %{node_type: "VariableDeclarator", depth: 3, parent_type: "VariableDeclaration"}, location: %{depth: 3, end_column: 559, end_line: 1, start_line: 1, start_column: 548}, severity: "high", pattern_id: "js-hardcoded-secret-password", pattern_name: "Hardcoded Password", recommendation: "Review this code for potential security issues", confidence: 0.9, pattern_type: :hardcoded_secret}
13:17:20.516 [debug] Match confidence: 0.264, min_confidence: 0.7, match: %{type: "js-hardcoded-secret-password", context: %{node_type: "VariableDeclarator", depth: 3, parent_type: "VariableDeclaration"}, location: %{depth: 3, end_column: 576, end_line: 1, start_line: 1, start_column: 565}, severity: "high", pattern_id: "js-hardcoded-secret-password", pattern_name: "Hardcoded Password", recommendation: "Review this code for potential security issues", confidence: 0.9, pattern_type: :hardcoded_secret}
13:17:20.516 [debug] Match confidence: 0.264, min_confidence: 0.7, match: %{type: "js-hardcoded-secret-password", context: %{node_type: "VariableDeclarator", depth: 3, parent_type: "VariableDeclaration"}, location: %{depth: 3, end_column: 593, end_line: 1, start_line: 1, start_column: 582}, severity: "high", pattern_id: "js-hardcoded-secret-password", pattern_name: "Hardcoded Password", recommendation: "Review this code for potential security issues", confidence: 0.9, pattern_type: :hardcoded_secret}
13:17:20.516 [debug] Match confidence: 0.264, min_confidence: 0.7, match: %{type: "js-hardcoded-secret-password", context: %{node_type: "VariableDeclarator", depth: 3, parent_type: "VariableDeclaration"}, location: %{depth: 3, end_column: 610, end_line: 1, start_line: 1, start_column: 599}, severity: "high", pattern_id: "js-hardcoded-secret-password", pattern_name: "Hardcoded Password", recommendation: "Review this code for potential security issues", confidence: 0.9, pattern_type: :hardcoded_secret}
13:17:20.516 [debug] Match confidence: 0.264, min_confidence: 0.7, match: %{type: "js-hardcoded-secret-password", context: %{node_type: "VariableDeclarator", depth: 3, parent_type: "VariableDeclaration"}, location: %{depth: 3, end_column: 627, end_line: 1, start_line: 1, start_column: 616}, severity: "high", pattern_id: "js-hardcoded-secret-password", pattern_name: "Hardcoded Password", recommendation: "Review this code for potential security issues", confidence: 0.9, pattern_type: :hardcoded_secret}
13:17:20.517 [debug] Match confidence: 0.264, min_confidence: 0.7, match: %{type: "js-hardcoded-secret-password", context: %{node_type: "VariableDeclarator", depth: 3, parent_type: "VariableDeclaration"}, location: %{depth: 3, end_column: 644, end_line: 1, start_line: 1, start_column: 633}, severity: "high", pattern_id: "js-hardcoded-secret-password", pattern_name: "Hardcoded Password", recommendation: "Review this code for potential security issues", confidence: 0.9, pattern_type: :hardcoded_secret}
13:17:20.517 [debug] Match confidence: 0.264, min_confidence: 0.7, match: %{type: "js-hardcoded-secret-password", context: %{node_type: "VariableDeclarator", depth: 3, parent_type: "VariableDeclaration"}, location: %{depth: 3, end_column: 661, end_line: 1, start_line: 1, start_column: 650}, severity: "high", pattern_id: "js-hardcoded-secret-password", pattern_name: "Hardcoded Password", recommendation: "Review this code for potential security issues", confidence: 0.9, pattern_type: :hardcoded_secret}
13:17:20.517 [debug] Match confidence: 0.264, min_confidence: 0.7, match: %{type: "js-hardcoded-secret-password", context: %{node_type: "VariableDeclarator", depth: 3, parent_type: "VariableDeclaration"}, location: %{depth: 3, end_column: 678, end_line: 1, start_line: 1, start_column: 667}, severity: "high", pattern_id: "js-hardcoded-secret-password", pattern_name: "Hardcoded Password", recommendation: "Review this code for potential security issues", confidence: 0.9, pattern_type: :hardcoded_secret}
13:17:20.517 [debug] Match confidence: 0.264, min_confidence: 0.7, match: %{type: "js-hardcoded-secret-password", context: %{node_type: "VariableDeclarator", depth: 3, parent_type: "VariableDeclaration"}, location: %{depth: 3, end_column: 695, end_line: 1, start_line: 1, start_column: 684}, severity: "high", pattern_id: "js-hardcoded-secret-password", pattern_name: "Hardcoded Password", recommendation: "Review this code for potential security issues", confidence: 0.9, pattern_type: :hardcoded_secret}
13:17:20.517 [debug] Match confidence: 0.264, min_confidence: 0.7, match: %{type: "js-hardcoded-secret-password", context: %{node_type: "VariableDeclarator", depth: 3, parent_type: "VariableDeclaration"}, location: %{depth: 3, end_column: 712, end_line: 1, start_line: 1, start_column: 701}, severity: "high", pattern_id: "js-hardcoded-secret-password", pattern_name: "Hardcoded Password", recommendation: "Review this code for potential security issues", confidence: 0.9, pattern_type: :hardcoded_secret}
13:17:20.517 [debug] Match confidence: 0.264, min_confidence: 0.7, match: %{type: "js-hardcoded-secret-password", context: %{node_type: "VariableDeclarator", depth: 3, parent_type: "VariableDeclaration"}, location: %{depth: 3, end_column: 729, end_line: 1, start_line: 1, start_column: 718}, severity: "high", pattern_id: "js-hardcoded-secret-password", pattern_name: "Hardcoded Password", recommendation: "Review this code for potential security issues", confidence: 0.9, pattern_type: :hardcoded_secret}
13:17:20.517 [debug] Match confidence: 0.264, min_confidence: 0.7, match: %{type: "js-hardcoded-secret-password", context: %{node_type: "VariableDeclarator", depth: 3, parent_type: "VariableDeclaration"}, location: %{depth: 3, end_column: 746, end_line: 1, start_line: 1, start_column: 735}, severity: "high", pattern_id: "js-hardcoded-secret-password", pattern_name: "Hardcoded Password", recommendation: "Review this code for potential security issues", confidence: 0.9, pattern_type: :hardcoded_secret}
13:17:20.517 [debug] Match confidence: 0.264, min_confidence: 0.7, match: %{type: "js-hardcoded-secret-password", context: %{node_type: "VariableDeclarator", depth: 3, parent_type: "VariableDeclaration"}, location: %{depth: 3, end_column: 763, end_line: 1, start_line: 1, start_column: 752}, severity: "high", pattern_id: "js-hardcoded-secret-password", pattern_name: "Hardcoded Password", recommendation: "Review this code for potential security issues", confidence: 0.9, pattern_type: :hardcoded_secret}
13:17:20.517 [debug] Match confidence: 0.264, min_confidence: 0.7, match: %{type: "js-hardcoded-secret-password", context: %{node_type: "VariableDeclarator", depth: 3, parent_type: "VariableDeclaration"}, location: %{depth: 3, end_column: 780, end_line: 1, start_line: 1, start_column: 769}, severity: "high", pattern_id: "js-hardcoded-secret-password", pattern_name: "Hardcoded Password", recommendation: "Review this code for potential security issues", confidence: 0.9, pattern_type: :hardcoded_secret}
13:17:20.517 [debug] Match confidence: 0.264, min_confidence: 0.7, match: %{type: "js-hardcoded-secret-password", context: %{node_type: "VariableDeclarator", depth: 3, parent_type: "VariableDeclaration"}, location: %{depth: 3, end_column: 797, end_line: 1, start_line: 1, start_column: 786}, severity: "high", pattern_id: "js-hardcoded-secret-password", pattern_name: "Hardcoded Password", recommendation: "Review this code for potential security issues", confidence: 0.9, pattern_type: :hardcoded_secret}
13:17:20.517 [debug] Match confidence: 0.264, min_confidence: 0.7, match: %{type: "js-hardcoded-secret-password", context: %{node_type: "VariableDeclarator", depth: 3, parent_type: "VariableDeclaration"}, location: %{depth: 3, end_column: 814, end_line: 1, start_line: 1, start_column: 803}, severity: "high", pattern_id: "js-hardcoded-secret-password", pattern_name: "Hardcoded Password", recommendation: "Review this code for potential security issues", confidence: 0.9, pattern_type: :hardcoded_secret}
13:17:20.517 [debug] Match confidence: 0.264, min_confidence: 0.7, match: %{type: "js-hardcoded-secret-password", context: %{node_type: "VariableDeclarator", depth: 3, parent_type: "VariableDeclaration"}, location: %{depth: 3, end_column: 831, end_line: 1, start_line: 1, start_column: 820}, severity: "high", pattern_id: "js-hardcoded-secret-password", pattern_name: "Hardcoded Password", recommendation: "Review this code for potential security issues", confidence: 0.9, pattern_type: :hardcoded_secret}
13:17:20.517 [debug] Match confidence: 0.264, min_confidence: 0.7, match: %{type: "js-hardcoded-secret-password", context: %{node_type: "VariableDeclarator", depth: 3, parent_type: "VariableDeclaration"}, location: %{depth: 3, end_column: 848, end_line: 1, start_line: 1, start_column: 837}, severity: "high", pattern_id: "js-hardcoded-secret-password", pattern_name: "Hardcoded Password", recommendation: "Review this code for potential security issues", confidence: 0.9, pattern_type: :hardcoded_secret}
13:17:20.517 [debug] Match confidence: 0.264, min_confidence: 0.7, match: %{type: "js-hardcoded-secret-password", context: %{node_type: "VariableDeclarator", depth: 3, parent_type: "VariableDeclaration"}, location: %{depth: 3, end_column: 865, end_line: 1, start_line: 1, start_column: 854}, severity: "high", pattern_id: "js-hardcoded-secret-password", pattern_name: "Hardcoded Password", recommendation: "Review this code for potential security issues", confidence: 0.9, pattern_type: :hardcoded_secret}
13:17:20.517 [debug] Match confidence: 0.264, min_confidence: 0.7, match: %{type: "js-hardcoded-secret-password", context: %{node_type: "VariableDeclarator", depth: 3, parent_type: "VariableDeclaration"}, location: %{depth: 3, end_column: 882, end_line: 1, start_line: 1, start_column: 871}, severity: "high", pattern_id: "js-hardcoded-secret-password", pattern_name: "Hardcoded Password", recommendation: "Review this code for potential security issues", confidence: 0.9, pattern_type: :hardcoded_secret}
13:17:20.517 [debug] Match confidence: 0.264, min_confidence: 0.7, match: %{type: "js-hardcoded-secret-password", context: %{node_type: "VariableDeclarator", depth: 3, parent_type: "VariableDeclaration"}, location: %{depth: 3, end_column: 899, end_line: 1, start_line: 1, start_column: 888}, severity: "high", pattern_id: "js-hardcoded-secret-password", pattern_name: "Hardcoded Password", recommendation: "Review this code for potential security issues", confidence: 0.9, pattern_type: :hardcoded_secret}
13:17:20.517 [debug] Match confidence: 0.264, min_confidence: 0.7, match: %{type: "js-hardcoded-secret-password", context: %{node_type: "VariableDeclarator", depth: 3, parent_type: "VariableDeclaration"}, location: %{depth: 3, end_column: 916, end_line: 1, start_line: 1, start_column: 905}, severity: "high", pattern_id: "js-hardcoded-secret-password", pattern_name: "Hardcoded Password", recommendation: "Review this code for potential security issues", confidence: 0.9, pattern_type: :hardcoded_secret}
13:17:20.517 [debug] Match confidence: 0.264, min_confidence: 0.7, match: %{type: "js-hardcoded-secret-password", context: %{node_type: "VariableDeclarator", depth: 3, parent_type: "VariableDeclaration"}, location: %{depth: 3, end_column: 933, end_line: 1, start_line: 1, start_column: 922}, severity: "high", pattern_id: "js-hardcoded-secret-password", pattern_name: "Hardcoded Password", recommendation: "Review this code for potential security issues", confidence: 0.9, pattern_type: :hardcoded_secret}
13:17:20.517 [debug] Match confidence: 0.264, min_confidence: 0.7, match: %{type: "js-hardcoded-secret-password", context: %{node_type: "VariableDeclarator", depth: 3, parent_type: "VariableDeclaration"}, location: %{depth: 3, end_column: 950, end_line: 1, start_line: 1, start_column: 939}, severity: "high", pattern_id: "js-hardcoded-secret-password", pattern_name: "Hardcoded Password", recommendation: "Review this code for potential security issues", confidence: 0.9, pattern_type: :hardcoded_secret}
13:17:20.517 [debug] Match confidence: 0.264, min_confidence: 0.7, match: %{type: "js-hardcoded-secret-password", context: %{node_type: "VariableDeclarator", depth: 3, parent_type: "VariableDeclaration"}, location: %{depth: 3, end_column: 967, end_line: 1, start_line: 1, start_column: 956}, severity: "high", pattern_id: "js-hardcoded-secret-password", pattern_name: "Hardcoded Password", recommendation: "Review this code for potential security issues", confidence: 0.9, pattern_type: :hardcoded_secret}
13:17:20.517 [debug] Match confidence: 0.264, min_confidence: 0.7, match: %{type: "js-hardcoded-secret-password", context: %{node_type: "VariableDeclarator", depth: 3, parent_type: "VariableDeclaration"}, location: %{depth: 3, end_column: 984, end_line: 1, start_line: 1, start_column: 973}, severity: "high", pattern_id: "js-hardcoded-secret-password", pattern_name: "Hardcoded Password", recommendation: "Review this code for potential security issues", confidence: 0.9, pattern_type: :hardcoded_secret}
13:17:20.517 [debug] Match confidence: 0.264, min_confidence: 0.7, match: %{type: "js-hardcoded-secret-password", context: %{node_type: "VariableDeclarator", depth: 3, parent_type: "VariableDeclaration"}, location: %{depth: 3, end_column: 1001, end_line: 1, start_line: 1, start_column: 990}, severity: "high", pattern_id: "js-hardcoded-secret-password", pattern_name: "Hardcoded Password", recommendation: "Review this code for potential security issues", confidence: 0.9, pattern_type: :hardcoded_secret}
13:17:20.517 [debug] Match confidence: 0.264, min_confidence: 0.7, match: %{type: "js-hardcoded-secret-password", context: %{node_type: "VariableDeclarator", depth: 3, parent_type: "VariableDeclaration"}, location: %{depth: 3, end_column: 1018, end_line: 1, start_line: 1, start_column: 1007}, severity: "high", pattern_id: "js-hardcoded-secret-password", pattern_name: "Hardcoded Password", recommendation: "Review this code for potential security issues", confidence: 0.9, pattern_type: :hardcoded_secret}
13:17:20.517 [debug] Match confidence: 0.264, min_confidence: 0.7, match: %{type: "js-hardcoded-secret-password", context: %{node_type: "VariableDeclarator", depth: 3, parent_type: "VariableDeclaration"}, location: %{depth: 3, end_column: 1035, end_line: 1, start_line: 1, start_column: 1024}, severity: "high", pattern_id: "js-hardcoded-secret-password", pattern_name: "Hardcoded Password", recommendation: "Review this code for potential security issues", confidence: 0.9, pattern_type: :hardcoded_secret}
13:17:20.517 [debug] Match confidence: 0.264, min_confidence: 0.7, match: %{type: "js-hardcoded-secret-password", context: %{node_type: "VariableDeclarator", depth: 3, parent_type: "VariableDeclaration"}, location: %{depth: 3, end_column: 1052, end_line: 1, start_line: 1, start_column: 1041}, severity: "high", pattern_id: "js-hardcoded-secret-password", pattern_name: "Hardcoded Password", recommendation: "Review this code for potential security issues", confidence: 0.9, pattern_type: :hardcoded_secret}
13:17:20.517 [debug] Match confidence: 0.264, min_confidence: 0.7, match: %{type: "js-hardcoded-secret-password", context: %{node_type: "VariableDeclarator", depth: 3, parent_type: "VariableDeclaration"}, location: %{depth: 3, end_column: 1069, end_line: 1, start_line: 1, start_column: 1058}, severity: "high", pattern_id: "js-hardcoded-secret-password", pattern_name: "Hardcoded Password", recommendation: "Review this code for potential security issues", confidence: 0.9, pattern_type: :hardcoded_secret}
13:17:20.518 [debug] Match confidence: 0.264, min_confidence: 0.7, match: %{type: "js-hardcoded-secret-password", context: %{node_type: "VariableDeclarator", depth: 3, parent_type: "VariableDeclaration"}, location: %{depth: 3, end_column: 1086, end_line: 1, start_line: 1, start_column: 1075}, severity: "high", pattern_id: "js-hardcoded-secret-password", pattern_name: "Hardcoded Password", recommendation: "Review this code for potential security issues", confidence: 0.9, pattern_type: :hardcoded_secret}
13:17:20.518 [debug] Match confidence: 0.264, min_confidence: 0.7, match: %{type: "js-hardcoded-secret-password", context: %{node_type: "VariableDeclarator", depth: 3, parent_type: "VariableDeclaration"}, location: %{depth: 3, end_column: 1103, end_line: 1, start_line: 1, start_column: 1092}, severity: "high", pattern_id: "js-hardcoded-secret-password", pattern_name: "Hardcoded Password", recommendation: "Review this code for potential security issues", confidence: 0.9, pattern_type: :hardcoded_secret}
13:17:20.518 [debug] Match confidence: 0.264, min_confidence: 0.7, match: %{type: "js-hardcoded-secret-password", context: %{node_type: "VariableDeclarator", depth: 3, parent_type: "VariableDeclaration"}, location: %{depth: 3, end_column: 1120, end_line: 1, start_line: 1, start_column: 1109}, severity: "high", pattern_id: "js-hardcoded-secret-password", pattern_name: "Hardcoded Password", recommendation: "Review this code for potential security issues", confidence: 0.9, pattern_type: :hardcoded_secret}
13:17:20.518 [debug] Match confidence: 0.264, min_confidence: 0.7, match: %{type: "js-hardcoded-secret-password", context: %{node_type: "VariableDeclarator", depth: 3, parent_type: "VariableDeclaration"}, location: %{depth: 3, end_column: 1137, end_line: 1, start_line: 1, start_column: 1126}, severity: "high", pattern_id: "js-hardcoded-secret-password", pattern_name: "Hardcoded Password", recommendation: "Review this code for potential security issues", confidence: 0.9, pattern_type: :hardcoded_secret}
13:17:20.518 [debug] Match confidence: 0.264, min_confidence: 0.7, match: %{type: "js-hardcoded-secret-password", context: %{node_type: "VariableDeclarator", depth: 3, parent_type: "VariableDeclaration"}, location: %{depth: 3, end_column: 1154, end_line: 1, start_line: 1, start_column: 1143}, severity: "high", pattern_id: "js-hardcoded-secret-password", pattern_name: "Hardcoded Password", recommendation: "Review this code for potential security issues", confidence: 0.9, pattern_type: :hardcoded_secret}
13:17:20.518 [debug] Match confidence: 0.264, min_confidence: 0.7, match: %{type: "js-hardcoded-secret-password", context: %{node_type: "VariableDeclarator", depth: 3, parent_type: "VariableDeclaration"}, location: %{depth: 3, end_column: 1171, end_line: 1, start_line: 1, start_column: 1160}, severity: "high", pattern_id: "js-hardcoded-secret-password", pattern_name: "Hardcoded Password", recommendation: "Review this code for potential security issues", confidence: 0.9, pattern_type: :hardcoded_secret}
13:17:20.518 [debug] Match confidence: 0.264, min_confidence: 0.7, match: %{type: "js-hardcoded-secret-password", context: %{node_type: "VariableDeclarator", depth: 3, parent_type: "VariableDeclaration"}, location: %{depth: 3, end_column: 1188, end_line: 1, start_line: 1, start_column: 1177}, severity: "high", pattern_id: "js-hardcoded-secret-password", pattern_name: "Hardcoded Password", recommendation: "Review this code for potential security issues", confidence: 0.9, pattern_type: :hardcoded_secret}
13:17:20.518 [debug] Match confidence: 0.264, min_confidence: 0.7, match: %{type: "js-hardcoded-secret-password", context: %{node_type: "VariableDeclarator", depth: 3, parent_type: "VariableDeclaration"}, location: %{depth: 3, end_column: 1205, end_line: 1, start_line: 1, start_column: 1194}, severity: "high", pattern_id: "js-hardcoded-secret-password", pattern_name: "Hardcoded Password", recommendation: "Review this code for potential security issues", confidence: 0.9, pattern_type: :hardcoded_secret}
13:17:20.518 [debug] Match confidence: 0.264, min_confidence: 0.7, match: %{type: "js-hardcoded-secret-password", context: %{node_type: "VariableDeclarator", depth: 3, parent_type: "VariableDeclaration"}, location: %{depth: 3, end_column: 1222, end_line: 1, start_line: 1, start_column: 1211}, severity: "high", pattern_id: "js-hardcoded-secret-password", pattern_name: "Hardcoded Password", recommendation: "Review this code for potential security issues", confidence: 0.9, pattern_type: :hardcoded_secret}
13:17:20.518 [debug] Match confidence: 0.264, min_confidence: 0.7, match: %{type: "js-hardcoded-secret-password", context: %{node_type: "VariableDeclarator", depth: 3, parent_type: "VariableDeclaration"}, location: %{depth: 3, end_column: 1239, end_line: 1, start_line: 1, start_column: 1228}, severity: "high", pattern_id: "js-hardcoded-secret-password", pattern_name: "Hardcoded Password", recommendation: "Review this code for potential security issues", confidence: 0.9, pattern_type: :hardcoded_secret}
13:17:20.518 [debug] Match confidence: 0.264, min_confidence: 0.7, match: %{type: "js-hardcoded-secret-password", context: %{node_type: "VariableDeclarator", depth: 3, parent_type: "VariableDeclaration"}, location: %{depth: 3, end_column: 1256, end_line: 1, start_line: 1, start_column: 1245}, severity: "high", pattern_id: "js-hardcoded-secret-password", pattern_name: "Hardcoded Password", recommendation: "Review this code for potential security issues", confidence: 0.9, pattern_type: :hardcoded_secret}
13:17:20.518 [debug] Match confidence: 0.264, min_confidence: 0.7, match: %{type: "js-hardcoded-secret-password", context: %{node_type: "VariableDeclarator", depth: 3, parent_type: "VariableDeclaration"}, location: %{depth: 3, end_column: 1273, end_line: 1, start_line: 1, start_column: 1262}, severity: "high", pattern_id: "js-hardcoded-secret-password", pattern_name: "Hardcoded Password", recommendation: "Review this code for potential security issues", confidence: 0.9, pattern_type: :hardcoded_secret}
13:17:20.518 [debug] Match confidence: 0.264, min_confidence: 0.7, match: %{type: "js-hardcoded-secret-password", context: %{node_type: "VariableDeclarator", depth: 3, parent_type: "VariableDeclaration"}, location: %{depth: 3, end_column: 1290, end_line: 1, start_line: 1, start_column: 1279}, severity: "high", pattern_id: "js-hardcoded-secret-password", pattern_name: "Hardcoded Password", recommendation: "Review this code for potential security issues", confidence: 0.9, pattern_type: :hardcoded_secret}
13:17:20.518 [debug] Match confidence: 0.264, min_confidence: 0.7, match: %{type: "js-hardcoded-secret-password", context: %{node_type: "VariableDeclarator", depth: 3, parent_type: "VariableDeclaration"}, location: %{depth: 3, end_column: 1307, end_line: 1, start_line: 1, start_column: 1296}, severity: "high", pattern_id: "js-hardcoded-secret-password", pattern_name: "Hardcoded Password", recommendation: "Review this code for potential security issues", confidence: 0.9, pattern_type: :hardcoded_secret}
13:17:20.518 [debug] Match confidence: 0.264, min_confidence: 0.7, match: %{type: "js-hardcoded-secret-password", context: %{node_type: "VariableDeclarator", depth: 3, parent_type: "VariableDeclaration"}, location: %{depth: 3, end_column: 1324, end_line: 1, start_line: 1, start_column: 1313}, severity: "high", pattern_id: "js-hardcoded-secret-password", pattern_name: "Hardcoded Password", recommendation: "Review this code for potential security issues", confidence: 0.9, pattern_type: :hardcoded_secret}
13:17:20.518 [debug] Match confidence: 0.264, min_confidence: 0.7, match: %{type: "js-hardcoded-secret-password", context: %{node_type: "VariableDeclarator", depth: 3, parent_type: "VariableDeclaration"}, location: %{depth: 3, end_column: 1341, end_line: 1, start_line: 1, start_column: 1330}, severity: "high", pattern_id: "js-hardcoded-secret-password", pattern_name: "Hardcoded Password", recommendation: "Review this code for potential security issues", confidence: 0.9, pattern_type: :hardcoded_secret}
13:17:20.518 [debug] Match confidence: 0.264, min_confidence: 0.7, match: %{type: "js-hardcoded-secret-password", context: %{node_type: "VariableDeclarator", depth: 3, parent_type: "VariableDeclaration"}, location: %{depth: 3, end_column: 1358, end_line: 1, start_line: 1, start_column: 1347}, severity: "high", pattern_id: "js-hardcoded-secret-password", pattern_name: "Hardcoded Password", recommendation: "Review this code for potential security issues", confidence: 0.9, pattern_type: :hardcoded_secret}
13:17:20.518 [debug] Match confidence: 0.264, min_confidence: 0.7, match: %{type: "js-hardcoded-secret-password", context: %{node_type: "VariableDeclarator", depth: 3, parent_type: "VariableDeclaration"}, location: %{depth: 3, end_column: 1375, end_line: 1, start_line: 1, start_column: 1364}, severity: "high", pattern_id: "js-hardcoded-secret-password", pattern_name: "Hardcoded Password", recommendation: "Review this code for potential security issues", confidence: 0.9, pattern_type: :hardcoded_secret}
13:17:20.518 [debug] Match confidence: 0.264, min_confidence: 0.7, match: %{type: "js-hardcoded-secret-password", context: %{node_type: "VariableDeclarator", depth: 3, parent_type: "VariableDeclaration"}, location: %{depth: 3, end_column: 1392, end_line: 1, start_line: 1, start_column: 1381}, severity: "high", pattern_id: "js-hardcoded-secret-password", pattern_name: "Hardcoded Password", recommendation: "Review this code for potential security issues", confidence: 0.9, pattern_type: :hardcoded_secret}
13:17:20.518 [debug] Match confidence: 0.264, min_confidence: 0.7, match: %{type: "js-hardcoded-secret-password", context: %{node_type: "VariableDeclarator", depth: 3, parent_type: "VariableDeclaration"}, location: %{depth: 3, end_column: 1409, end_line: 1, start_line: 1, start_column: 1398}, severity: "high", pattern_id: "js-hardcoded-secret-password", pattern_name: "Hardcoded Password", recommendation: "Review this code for potential security issues", confidence: 0.9, pattern_type: :hardcoded_secret}
13:17:20.518 [debug] Match confidence: 0.264, min_confidence: 0.7, match: %{type: "js-hardcoded-secret-password", context: %{node_type: "VariableDeclarator", depth: 3, parent_type: "VariableDeclaration"}, location: %{depth: 3, end_column: 1426, end_line: 1, start_line: 1, start_column: 1415}, severity: "high", pattern_id: "js-hardcoded-secret-password", pattern_name: "Hardcoded Password", recommendation: "Review this code for potential security issues", confidence: 0.9, pattern_type: :hardcoded_secret}
13:17:20.518 [debug] Match confidence: 0.264, min_confidence: 0.7, match: %{type: "js-hardcoded-secret-password", context: %{node_type: "VariableDeclarator", depth: 3, parent_type: "VariableDeclaration"}, location: %{depth: 3, end_column: 1443, end_line: 1, start_line: 1, start_column: 1432}, severity: "high", pattern_id: "js-hardcoded-secret-password", pattern_name: "Hardcoded Password", recommendation: "Review this code for potential security issues", confidence: 0.9, pattern_type: :hardcoded_secret}
13:17:20.518 [debug] Match confidence: 0.264, min_confidence: 0.7, match: %{type: "js-hardcoded-secret-password", context: %{node_type: "VariableDeclarator", depth: 3, parent_type: "VariableDeclaration"}, location: %{depth: 3, end_column: 1460, end_line: 1, start_line: 1, start_column: 1449}, severity: "high", pattern_id: "js-hardcoded-secret-password", pattern_name: "Hardcoded Password", recommendation: "Review this code for potential security issues", confidence: 0.9, pattern_type: :hardcoded_secret}
13:17:20.518 [debug] Match confidence: 0.264, min_confidence: 0.7, match: %{type: "js-hardcoded-secret-password", context: %{node_type: "VariableDeclarator", depth: 3, parent_type: "VariableDeclaration"}, location: %{depth: 3, end_column: 1477, end_line: 1, start_line: 1, start_column: 1466}, severity: "high", pattern_id: "js-hardcoded-secret-password", pattern_name: "Hardcoded Password", recommendation: "Review this code for potential security issues", confidence: 0.9, pattern_type: :hardcoded_secret}
13:17:20.518 [debug] Match confidence: 0.264, min_confidence: 0.7, match: %{type: "js-hardcoded-secret-password", context: %{node_type: "VariableDeclarator", depth: 3, parent_type: "VariableDeclaration"}, location: %{depth: 3, end_column: 1494, end_line: 1, start_line: 1, start_column: 1483}, severity: "high", pattern_id: "js-hardcoded-secret-password", pattern_name: "Hardcoded Password", recommendation: "Review this code for potential security issues", confidence: 0.9, pattern_type: :hardcoded_secret}
13:17:20.518 [debug] Match confidence: 0.264, min_confidence: 0.7, match: %{type: "js-hardcoded-secret-password", context: %{node_type: "VariableDeclarator", depth: 3, parent_type: "VariableDeclaration"}, location: %{depth: 3, end_column: 1511, end_line: 1, start_line: 1, start_column: 1500}, severity: "high", pattern_id: "js-hardcoded-secret-password", pattern_name: "Hardcoded Password", recommendation: "Review this code for potential security issues", confidence: 0.9, pattern_type: :hardcoded_secret}
13:17:20.519 [debug] Match confidence: 0.264, min_confidence: 0.7, match: %{type: "js-hardcoded-secret-password", context: %{node_type: "VariableDeclarator", depth: 3, parent_type: "VariableDeclaration"}, location: %{depth: 3, end_column: 1528, end_line: 1, start_line: 1, start_column: 1517}, severity: "high", pattern_id: "js-hardcoded-secret-password", pattern_name: "Hardcoded Password", recommendation: "Review this code for potential security issues", confidence: 0.9, pattern_type: :hardcoded_secret}
13:17:20.519 [debug] Match confidence: 0.264, min_confidence: 0.7, match: %{type: "js-hardcoded-secret-password", context: %{node_type: "VariableDeclarator", depth: 3, parent_type: "VariableDeclaration"}, location: %{depth: 3, end_column: 1545, end_line: 1, start_line: 1, start_column: 1534}, severity: "high", pattern_id: "js-hardcoded-secret-password", pattern_name: "Hardcoded Password", recommendation: "Review this code for potential security issues", confidence: 0.9, pattern_type: :hardcoded_secret}
13:17:20.519 [debug] Match confidence: 0.264, min_confidence: 0.7, match: %{type: "js-hardcoded-secret-password", context: %{node_type: "VariableDeclarator", depth: 3, parent_type: "VariableDeclaration"}, location: %{depth: 3, end_column: 1562, end_line: 1, start_line: 1, start_column: 1551}, severity: "high", pattern_id: "js-hardcoded-secret-password", pattern_name: "Hardcoded Password", recommendation: "Review this code for potential security issues", confidence: 0.9, pattern_type: :hardcoded_secret}
13:17:20.519 [debug] Match confidence: 0.264, min_confidence: 0.7, match: %{type: "js-hardcoded-secret-password", context: %{node_type: "VariableDeclarator", depth: 3, parent_type: "VariableDeclaration"}, location: %{depth: 3, end_column: 1579, end_line: 1, start_line: 1, start_column: 1568}, severity: "high", pattern_id: "js-hardcoded-secret-password", pattern_name: "Hardcoded Password", recommendation: "Review this code for potential security issues", confidence: 0.9, pattern_type: :hardcoded_secret}
13:17:20.519 [debug] Match confidence: 0.264, min_confidence: 0.7, match: %{type: "js-hardcoded-secret-password", context: %{node_type: "VariableDeclarator", depth: 3, parent_type: "VariableDeclaration"}, location: %{depth: 3, end_column: 1596, end_line: 1, start_line: 1, start_column: 1585}, severity: "high", pattern_id: "js-hardcoded-secret-password", pattern_name: "Hardcoded Password", recommendation: "Review this code for potential security issues", confidence: 0.9, pattern_type: :hardcoded_secret}
13:17:20.519 [debug] Match confidence: 0.264, min_confidence: 0.7, match: %{type: "js-hardcoded-secret-password", context: %{node_type: "VariableDeclarator", depth: 3, parent_type: "VariableDeclaration"}, location: %{depth: 3, end_column: 1613, end_line: 1, start_line: 1, start_column: 1602}, severity: "high", pattern_id: "js-hardcoded-secret-password", pattern_name: "Hardcoded Password", recommendation: "Review this code for potential security issues", confidence: 0.9, pattern_type: :hardcoded_secret}
13:17:20.519 [debug] Match confidence: 0.264, min_confidence: 0.7, match: %{type: "js-hardcoded-secret-password", context: %{node_type: "VariableDeclarator", depth: 3, parent_type: "VariableDeclaration"}, location: %{depth: 3, end_column: 1630, end_line: 1, start_line: 1, start_column: 1619}, severity: "high", pattern_id: "js-hardcoded-secret-password", pattern_name: "Hardcoded Password", recommendation: "Review this code for potential security issues", confidence: 0.9, pattern_type: :hardcoded_secret}
13:17:20.519 [debug] Match confidence: 0.264, min_confidence: 0.7, match: %{type: "js-hardcoded-secret-password", context: %{node_type: "VariableDeclarator", depth: 3, parent_type: "VariableDeclaration"}, location: %{depth: 3, end_column: 1647, end_line: 1, start_line: 1, start_column: 1636}, severity: "high", pattern_id: "js-hardcoded-secret-password", pattern_name: "Hardcoded Password", recommendation: "Review this code for potential security issues", confidence: 0.9, pattern_type: :hardcoded_secret}
13:17:20.519 [debug] Match confidence: 0.264, min_confidence: 0.7, match: %{type: "js-hardcoded-secret-password", context: %{node_type: "VariableDeclarator", depth: 3, parent_type: "VariableDeclaration"}, location: %{depth: 3, end_column: 1664, end_line: 1, start_line: 1, start_column: 1653}, severity: "high", pattern_id: "js-hardcoded-secret-password", pattern_name: "Hardcoded Password", recommendation: "Review this code for potential security issues", confidence: 0.9, pattern_type: :hardcoded_secret}
13:17:20.519 [debug] Match confidence: 0.264, min_confidence: 0.7, match: %{type: "js-hardcoded-secret-password", context: %{node_type: "VariableDeclarator", depth: 3, parent_type: "VariableDeclaration"}, location: %{depth: 3, end_column: 1681, end_line: 1, start_line: 1, start_column: 1670}, severity: "high", pattern_id: "js-hardcoded-secret-password", pattern_name: "Hardcoded Password", recommendation: "Review this code for potential security issues", confidence: 0.9, pattern_type: :hardcoded_secret}
13:17:20.519 [debug] Match confidence: 0.264, min_confidence: 0.7, match: %{type: "js-hardcoded-secret-password", context: %{node_type: "VariableDeclarator", depth: 3, parent_type: "VariableDeclaration"}, location: %{depth: 3, end_column: 1698, end_line: 1, start_line: 1, start_column: 1687}, severity: "high", pattern_id: "js-hardcoded-secret-password", pattern_name: "Hardcoded Password", recommendation: "Review this code for potential security issues", confidence: 0.9, pattern_type: :hardcoded_secret}
13:17:20.519 [debug] Match confidence: 0.264, min_confidence: 0.7, match: %{type: "js-hardcoded-secret-api-key", context: %{node_type: "VariableDeclarator", depth: 3, parent_type: "VariableDeclaration"}, location: %{depth: 3, end_column: 15, end_line: 1, start_line: 1, start_column: 4}, severity: "high", pattern_id: "js-hardcoded-secret-api-key", pattern_name: "Hardcoded API Key", recommendation: "Review this code for potential security issues", confidence: 0.9, pattern_type: :hardcoded_secret}
13:17:20.519 [debug] Match confidence: 0.264, min_confidence: 0.7, match: %{type: "js-hardcoded-secret-api-key", context: %{node_type: "VariableDeclarator", depth: 3, parent_type: "VariableDeclaration"}, location: %{depth: 3, end_column: 32, end_line: 1, start_line: 1, start_column: 21}, severity: "high", pattern_id: "js-hardcoded-secret-api-key", pattern_name: "Hardcoded API Key", recommendation: "Review this code for potential security issues", confidence: 0.9, pattern_type: :hardcoded_secret}
13:17:20.519 [debug] Match confidence: 0.264, min_confidence: 0.7, match: %{type: "js-hardcoded-secret-api-key", context: %{node_type: "VariableDeclarator", depth: 3, parent_type: "VariableDeclaration"}, location: %{depth: 3, end_column: 49, end_line: 1, start_line: 1, start_column: 38}, severity: "high", pattern_id: "js-hardcoded-secret-api-key", pattern_name: "Hardcoded API Key", recommendation: "Review this code for potential security issues", confidence: 0.9, pattern_type: :hardcoded_secret}
13:17:20.519 [debug] Match confidence: 0.264, min_confidence: 0.7, match: %{type: "js-hardcoded-secret-api-key", context: %{node_type: "VariableDeclarator", depth: 3, parent_type: "VariableDeclaration"}, location: %{depth: 3, end_column: 66, end_line: 1, start_line: 1, start_column: 55}, severity: "high", pattern_id: "js-hardcoded-secret-api-key", pattern_name: "Hardcoded API Key", recommendation: "Review this code for potential security issues", confidence: 0.9, pattern_type: :hardcoded_secret}
13:17:20.519 [debug] Match confidence: 0.264, min_confidence: 0.7, match: %{type: "js-hardcoded-secret-api-key", context: %{node_type: "VariableDeclarator", depth: 3, parent_type: "VariableDeclaration"}, location: %{depth: 3, end_column: 83, end_line: 1, start_line: 1, start_column: 72}, severity: "high", pattern_id: "js-hardcoded-secret-api-key", pattern_name: "Hardcoded API Key", recommendation: "Review this code for potential security issues", confidence: 0.9, pattern_type: :hardcoded_secret}
13:17:20.519 [debug] Match confidence: 0.264, min_confidence: 0.7, match: %{type: "js-hardcoded-secret-api-key", context: %{node_type: "VariableDeclarator", depth: 3, parent_type: "VariableDeclaration"}, location: %{depth: 3, end_column: 100, end_line: 1, start_line: 1, start_column: 89}, severity: "high", pattern_id: "js-hardcoded-secret-api-key", pattern_name: "Hardcoded API Key", recommendation: "Review this code for potential security issues", confidence: 0.9, pattern_type: :hardcoded_secret}
13:17:20.519 [debug] Match confidence: 0.264, min_confidence: 0.7, match: %{type: "js-hardcoded-secret-api-key", context: %{node_type: "VariableDeclarator", depth: 3, parent_type: "VariableDeclaration"}, location: %{depth: 3, end_column: 117, end_line: 1, start_line: 1, start_column: 106}, severity: "high", pattern_id: "js-hardcoded-secret-api-key", pattern_name: "Hardcoded API Key", recommendation: "Review this code for potential security issues", confidence: 0.9, pattern_type: :hardcoded_secret}
13:17:20.519 [debug] Match confidence: 0.264, min_confidence: 0.7, match: %{type: "js-hardcoded-secret-api-key", context: %{node_type: "VariableDeclarator", depth: 3, parent_type: "VariableDeclaration"}, location: %{depth: 3, end_column: 134, end_line: 1, start_line: 1, start_column: 123}, severity: "high", pattern_id: "js-hardcoded-secret-api-key", pattern_name: "Hardcoded API Key", recommendation: "Review this code for potential security issues", confidence: 0.9, pattern_type: :hardcoded_secret}
13:17:20.519 [debug] Match confidence: 0.264, min_confidence: 0.7, match: %{type: "js-hardcoded-secret-api-key", context: %{node_type: "VariableDeclarator", depth: 3, parent_type: "VariableDeclaration"}, location: %{depth: 3, end_column: 151, end_line: 1, start_line: 1, start_column: 140}, severity: "high", pattern_id: "js-hardcoded-secret-api-key", pattern_name: "Hardcoded API Key", recommendation: "Review this code for potential security issues", confidence: 0.9, pattern_type: :hardcoded_secret}
13:17:20.519 [debug] Match confidence: 0.264, min_confidence: 0.7, match: %{type: "js-hardcoded-secret-api-key", context: %{node_type: "VariableDeclarator", depth: 3, parent_type: "VariableDeclaration"}, location: %{depth: 3, end_column: 168, end_line: 1, start_line: 1, start_column: 157}, severity: "high", pattern_id: "js-hardcoded-secret-api-key", pattern_name: "Hardcoded API Key", recommendation: "Review this code for potential security issues", confidence: 0.9, pattern_type: :hardcoded_secret}
13:17:20.519 [debug] Match confidence: 0.264, min_confidence: 0.7, match: %{type: "js-hardcoded-secret-api-key", context: %{node_type: "VariableDeclarator", depth: 3, parent_type: "VariableDeclaration"}, location: %{depth: 3, end_column: 185, end_line: 1, start_line: 1, start_column: 174}, severity: "high", pattern_id: "js-hardcoded-secret-api-key", pattern_name: "Hardcoded API Key", recommendation: "Review this code for potential security issues", confidence: 0.9, pattern_type: :hardcoded_secret}
13:17:20.519 [debug] Match confidence: 0.264, min_confidence: 0.7, match: %{type: "js-hardcoded-secret-api-key", context: %{node_type: "VariableDeclarator", depth: 3, parent_type: "VariableDeclaration"}, location: %{depth: 3, end_column: 202, end_line: 1, start_line: 1, start_column: 191}, severity: "high", pattern_id: "js-hardcoded-secret-api-key", pattern_name: "Hardcoded API Key", recommendation: "Review this code for potential security issues", confidence: 0.9, pattern_type: :hardcoded_secret}
13:17:20.519 [debug] Match confidence: 0.264, min_confidence: 0.7, match: %{type: "js-hardcoded-secret-api-key", context: %{node_type: "VariableDeclarator", depth: 3, parent_type: "VariableDeclaration"}, location: %{depth: 3, end_column: 219, end_line: 1, start_line: 1, start_column: 208}, severity: "high", pattern_id: "js-hardcoded-secret-api-key", pattern_name: "Hardcoded API Key", recommendation: "Review this code for potential security issues", confidence: 0.9, pattern_type: :hardcoded_secret}
13:17:20.519 [debug] Match confidence: 0.264, min_confidence: 0.7, match: %{type: "js-hardcoded-secret-api-key", context: %{node_type: "VariableDeclarator", depth: 3, parent_type: "VariableDeclaration"}, location: %{depth: 3, end_column: 236, end_line: 1, start_line: 1, start_column: 225}, severity: "high", pattern_id: "js-hardcoded-secret-api-key", pattern_name: "Hardcoded API Key", recommendation: "Review this code for potential security issues", confidence: 0.9, pattern_type: :hardcoded_secret}
13:17:20.519 [debug] Match confidence: 0.264, min_confidence: 0.7, match: %{type: "js-hardcoded-secret-api-key", context: %{node_type: "VariableDeclarator", depth: 3, parent_type: "VariableDeclaration"}, location: %{depth: 3, end_column: 253, end_line: 1, start_line: 1, start_column: 242}, severity: "high", pattern_id: "js-hardcoded-secret-api-key", pattern_name: "Hardcoded API Key", recommendation: "Review this code for potential security issues", confidence: 0.9, pattern_type: :hardcoded_secret}
13:17:20.519 [debug] Match confidence: 0.264, min_confidence: 0.7, match: %{type: "js-hardcoded-secret-api-key", context: %{node_type: "VariableDeclarator", depth: 3, parent_type: "VariableDeclaration"}, location: %{depth: 3, end_column: 270, end_line: 1, start_line: 1, start_column: 259}, severity: "high", pattern_id: "js-hardcoded-secret-api-key", pattern_name: "Hardcoded API Key", recommendation: "Review this code for potential security issues", confidence: 0.9, pattern_type: :hardcoded_secret}
13:17:20.520 [debug] Match confidence: 0.264, min_confidence: 0.7, match: %{type: "js-hardcoded-secret-api-key", context: %{node_type: "VariableDeclarator", depth: 3, parent_type: "VariableDeclaration"}, location: %{depth: 3, end_column: 287, end_line: 1, start_line: 1, start_column: 276}, severity: "high", pattern_id: "js-hardcoded-secret-api-key", pattern_name: "Hardcoded API Key", recommendation: "Review this code for potential security issues", confidence: 0.9, pattern_type: :hardcoded_secret}
13:17:20.520 [debug] Match confidence: 0.264, min_confidence: 0.7, match: %{type: "js-hardcoded-secret-api-key", context: %{node_type: "VariableDeclarator", depth: 3, parent_type: "VariableDeclaration"}, location: %{depth: 3, end_column: 304, end_line: 1, start_line: 1, start_column: 293}, severity: "high", pattern_id: "js-hardcoded-secret-api-key", pattern_name: "Hardcoded API Key", recommendation: "Review this code for potential security issues", confidence: 0.9, pattern_type: :hardcoded_secret}
13:17:20.520 [debug] Match confidence: 0.264, min_confidence: 0.7, match: %{type: "js-hardcoded-secret-api-key", context: %{node_type: "VariableDeclarator", depth: 3, parent_type: "VariableDeclaration"}, location: %{depth: 3, end_column: 321, end_line: 1, start_line: 1, start_column: 310}, severity: "high", pattern_id: "js-hardcoded-secret-api-key", pattern_name: "Hardcoded API Key", recommendation: "Review this code for potential security issues", confidence: 0.9, pattern_type: :hardcoded_secret}
13:17:20.520 [debug] Match confidence: 0.264, min_confidence: 0.7, match: %{type: "js-hardcoded-secret-api-key", context: %{node_type: "VariableDeclarator", depth: 3, parent_type: "VariableDeclaration"}, location: %{depth: 3, end_column: 338, end_line: 1, start_line: 1, start_column: 327}, severity: "high", pattern_id: "js-hardcoded-secret-api-key", pattern_name: "Hardcoded API Key", recommendation: "Review this code for potential security issues", confidence: 0.9, pattern_type: :hardcoded_secret}
13:17:20.520 [debug] Match confidence: 0.264, min_confidence: 0.7, match: %{type: "js-hardcoded-secret-api-key", context: %{node_type: "VariableDeclarator", depth: 3, parent_type: "VariableDeclaration"}, location: %{depth: 3, end_column: 355, end_line: 1, start_line: 1, start_column: 344}, severity: "high", pattern_id: "js-hardcoded-secret-api-key", pattern_name: "Hardcoded API Key", recommendation: "Review this code for potential security issues", confidence: 0.9, pattern_type: :hardcoded_secret}
13:17:20.520 [debug] Match confidence: 0.264, min_confidence: 0.7, match: %{type: "js-hardcoded-secret-api-key", context: %{node_type: "VariableDeclarator", depth: 3, parent_type: "VariableDeclaration"}, location: %{depth: 3, end_column: 372, end_line: 1, start_line: 1, start_column: 361}, severity: "high", pattern_id: "js-hardcoded-secret-api-key", pattern_name: "Hardcoded API Key", recommendation: "Review this code for potential security issues", confidence: 0.9, pattern_type: :hardcoded_secret}
13:17:20.520 [debug] Match confidence: 0.264, min_confidence: 0.7, match: %{type: "js-hardcoded-secret-api-key", context: %{node_type: "VariableDeclarator", depth: 3, parent_type: "VariableDeclaration"}, location: %{depth: 3, end_column: 389, end_line: 1, start_line: 1, start_column: 378}, severity: "high", pattern_id: "js-hardcoded-secret-api-key", pattern_name: "Hardcoded API Key", recommendation: "Review this code for potential security issues", confidence: 0.9, pattern_type: :hardcoded_secret}
13:17:20.520 [debug] Match confidence: 0.264, min_confidence: 0.7, match: %{type: "js-hardcoded-secret-api-key", context: %{node_type: "VariableDeclarator", depth: 3, parent_type: "VariableDeclaration"}, location: %{depth: 3, end_column: 406, end_line: 1, start_line: 1, start_column: 395}, severity: "high", pattern_id: "js-hardcoded-secret-api-key", pattern_name: "Hardcoded API Key", recommendation: "Review this code for potential security issues", confidence: 0.9, pattern_type: :hardcoded_secret}
13:17:20.520 [debug] Match confidence: 0.264, min_confidence: 0.7, match: %{type: "js-hardcoded-secret-api-key", context: %{node_type: "VariableDeclarator", depth: 3, parent_type: "VariableDeclaration"}, location: %{depth: 3, end_column: 423, end_line: 1, start_line: 1, start_column: 412}, severity: "high", pattern_id: "js-hardcoded-secret-api-key", pattern_name: "Hardcoded API Key", recommendation: "Review this code for potential security issues", confidence: 0.9, pattern_type: :hardcoded_secret}
13:17:20.520 [debug] Match confidence: 0.264, min_confidence: 0.7, match: %{type: "js-hardcoded-secret-api-key", context: %{node_type: "VariableDeclarator", depth: 3, parent_type: "VariableDeclaration"}, location: %{depth: 3, end_column: 440, end_line: 1, start_line: 1, start_column: 429}, severity: "high", pattern_id: "js-hardcoded-secret-api-key", pattern_name: "Hardcoded API Key", recommendation: "Review this code for potential security issues", confidence: 0.9, pattern_type: :hardcoded_secret}
13:17:20.520 [debug] Match confidence: 0.264, min_confidence: 0.7, match: %{type: "js-hardcoded-secret-api-key", context: %{node_type: "VariableDeclarator", depth: 3, parent_type: "VariableDeclaration"}, location: %{depth: 3, end_column: 457, end_line: 1, start_line: 1, start_column: 446}, severity: "high", pattern_id: "js-hardcoded-secret-api-key", pattern_name: "Hardcoded API Key", recommendation: "Review this code for potential security issues", confidence: 0.9, pattern_type: :hardcoded_secret}
13:17:20.520 [debug] Match confidence: 0.264, min_confidence: 0.7, match: %{type: "js-hardcoded-secret-api-key", context: %{node_type: "VariableDeclarator", depth: 3, parent_type: "VariableDeclaration"}, location: %{depth: 3, end_column: 474, end_line: 1, start_line: 1, start_column: 463}, severity: "high", pattern_id: "js-hardcoded-secret-api-key", pattern_name: "Hardcoded API Key", recommendation: "Review this code for potential security issues", confidence: 0.9, pattern_type: :hardcoded_secret}
13:17:20.520 [debug] Match confidence: 0.264, min_confidence: 0.7, match: %{type: "js-hardcoded-secret-api-key", context: %{node_type: "VariableDeclarator", depth: 3, parent_type: "VariableDeclaration"}, location: %{depth: 3, end_column: 491, end_line: 1, start_line: 1, start_column: 480}, severity: "high", pattern_id: "js-hardcoded-secret-api-key", pattern_name: "Hardcoded API Key", recommendation: "Review this code for potential security issues", confidence: 0.9, pattern_type: :hardcoded_secret}
13:17:20.520 [debug] Match confidence: 0.264, min_confidence: 0.7, match: %{type: "js-hardcoded-secret-api-key", context: %{node_type: "VariableDeclarator", depth: 3, parent_type: "VariableDeclaration"}, location: %{depth: 3, end_column: 508, end_line: 1, start_line: 1, start_column: 497}, severity: "high", pattern_id: "js-hardcoded-secret-api-key", pattern_name: "Hardcoded API Key", recommendation: "Review this code for potential security issues", confidence: 0.9, pattern_type: :hardcoded_secret}
13:17:20.520 [debug] Match confidence: 0.264, min_confidence: 0.7, match: %{type: "js-hardcoded-secret-api-key", context: %{node_type: "VariableDeclarator", depth: 3, parent_type: "VariableDeclaration"}, location: %{depth: 3, end_column: 525, end_line: 1, start_line: 1, start_column: 514}, severity: "high", pattern_id: "js-hardcoded-secret-api-key", pattern_name: "Hardcoded API Key", recommendation: "Review this code for potential security issues", confidence: 0.9, pattern_type: :hardcoded_secret}
13:17:20.520 [debug] Match confidence: 0.264, min_confidence: 0.7, match: %{type: "js-hardcoded-secret-api-key", context: %{node_type: "VariableDeclarator", depth: 3, parent_type: "VariableDeclaration"}, location: %{depth: 3, end_column: 542, end_line: 1, start_line: 1, start_column: 531}, severity: "high", pattern_id: "js-hardcoded-secret-api-key", pattern_name: "Hardcoded API Key", recommendation: "Review this code for potential security issues", confidence: 0.9, pattern_type: :hardcoded_secret}
13:17:20.520 [debug] Match confidence: 0.264, min_confidence: 0.7, match: %{type: "js-hardcoded-secret-api-key", context: %{node_type: "VariableDeclarator", depth: 3, parent_type: "VariableDeclaration"}, location: %{depth: 3, end_column: 559, end_line: 1, start_line: 1, start_column: 548}, severity: "high", pattern_id: "js-hardcoded-secret-api-key", pattern_name: "Hardcoded API Key", recommendation: "Review this code for potential security issues", confidence: 0.9, pattern_type: :hardcoded_secret}
13:17:20.520 [debug] Match confidence: 0.264, min_confidence: 0.7, match: %{type: "js-hardcoded-secret-api-key", context: %{node_type: "VariableDeclarator", depth: 3, parent_type: "VariableDeclaration"}, location: %{depth: 3, end_column: 576, end_line: 1, start_line: 1, start_column: 565}, severity: "high", pattern_id: "js-hardcoded-secret-api-key", pattern_name: "Hardcoded API Key", recommendation: "Review this code for potential security issues", confidence: 0.9, pattern_type: :hardcoded_secret}
13:17:20.520 [debug] Match confidence: 0.264, min_confidence: 0.7, match: %{type: "js-hardcoded-secret-api-key", context: %{node_type: "VariableDeclarator", depth: 3, parent_type: "VariableDeclaration"}, location: %{depth: 3, end_column: 593, end_line: 1, start_line: 1, start_column: 582}, severity: "high", pattern_id: "js-hardcoded-secret-api-key", pattern_name: "Hardcoded API Key", recommendation: "Review this code for potential security issues", confidence: 0.9, pattern_type: :hardcoded_secret}
13:17:20.520 [debug] Match confidence: 0.264, min_confidence: 0.7, match: %{type: "js-hardcoded-secret-api-key", context: %{node_type: "VariableDeclarator", depth: 3, parent_type: "VariableDeclaration"}, location: %{depth: 3, end_column: 610, end_line: 1, start_line: 1, start_column: 599}, severity: "high", pattern_id: "js-hardcoded-secret-api-key", pattern_name: "Hardcoded API Key", recommendation: "Review this code for potential security issues", confidence: 0.9, pattern_type: :hardcoded_secret}
13:17:20.520 [debug] Match confidence: 0.264, min_confidence: 0.7, match: %{type: "js-hardcoded-secret-api-key", context: %{node_type: "VariableDeclarator", depth: 3, parent_type: "VariableDeclaration"}, location: %{depth: 3, end_column: 627, end_line: 1, start_line: 1, start_column: 616}, severity: "high", pattern_id: "js-hardcoded-secret-api-key", pattern_name: "Hardcoded API Key", recommendation: "Review this code for potential security issues", confidence: 0.9, pattern_type: :hardcoded_secret}
13:17:20.520 [debug] Match confidence: 0.264, min_confidence: 0.7, match: %{type: "js-hardcoded-secret-api-key", context: %{node_type: "VariableDeclarator", depth: 3, parent_type: "VariableDeclaration"}, location: %{depth: 3, end_column: 644, end_line: 1, start_line: 1, start_column: 633}, severity: "high", pattern_id: "js-hardcoded-secret-api-key", pattern_name: "Hardcoded API Key", recommendation: "Review this code for potential security issues", confidence: 0.9, pattern_type: :hardcoded_secret}
13:17:20.520 [debug] Match confidence: 0.264, min_confidence: 0.7, match: %{type: "js-hardcoded-secret-api-key", context: %{node_type: "VariableDeclarator", depth: 3, parent_type: "VariableDeclaration"}, location: %{depth: 3, end_column: 661, end_line: 1, start_line: 1, start_column: 650}, severity: "high", pattern_id: "js-hardcoded-secret-api-key", pattern_name: "Hardcoded API Key", recommendation: "Review this code for potential security issues", confidence: 0.9, pattern_type: :hardcoded_secret}
13:17:20.520 [debug] Match confidence: 0.264, min_confidence: 0.7, match: %{type: "js-hardcoded-secret-api-key", context: %{node_type: "VariableDeclarator", depth: 3, parent_type: "VariableDeclaration"}, location: %{depth: 3, end_column: 678, end_line: 1, start_line: 1, start_column: 667}, severity: "high", pattern_id: "js-hardcoded-secret-api-key", pattern_name: "Hardcoded API Key", recommendation: "Review this code for potential security issues", confidence: 0.9, pattern_type: :hardcoded_secret}
13:17:20.520 [debug] Match confidence: 0.264, min_confidence: 0.7, match: %{type: "js-hardcoded-secret-api-key", context: %{node_type: "VariableDeclarator", depth: 3, parent_type: "VariableDeclaration"}, location: %{depth: 3, end_column: 695, end_line: 1, start_line: 1, start_column: 684}, severity: "high", pattern_id: "js-hardcoded-secret-api-key", pattern_name: "Hardcoded API Key", recommendation: "Review this code for potential security issues", confidence: 0.9, pattern_type: :hardcoded_secret}
13:17:20.520 [debug] Match confidence: 0.264, min_confidence: 0.7, match: %{type: "js-hardcoded-secret-api-key", context: %{node_type: "VariableDeclarator", depth: 3, parent_type: "VariableDeclaration"}, location: %{depth: 3, end_column: 712, end_line: 1, start_line: 1, start_column: 701}, severity: "high", pattern_id: "js-hardcoded-secret-api-key", pattern_name: "Hardcoded API Key", recommendation: "Review this code for potential security issues", confidence: 0.9, pattern_type: :hardcoded_secret}
13:17:20.521 [debug] Match confidence: 0.264, min_confidence: 0.7, match: %{type: "js-hardcoded-secret-api-key", context: %{node_type: "VariableDeclarator", depth: 3, parent_type: "VariableDeclaration"}, location: %{depth: 3, end_column: 729, end_line: 1, start_line: 1, start_column: 718}, severity: "high", pattern_id: "js-hardcoded-secret-api-key", pattern_name: "Hardcoded API Key", recommendation: "Review this code for potential security issues", confidence: 0.9, pattern_type: :hardcoded_secret}
13:17:20.521 [debug] Match confidence: 0.264, min_confidence: 0.7, match: %{type: "js-hardcoded-secret-api-key", context: %{node_type: "VariableDeclarator", depth: 3, parent_type: "VariableDeclaration"}, location: %{depth: 3, end_column: 746, end_line: 1, start_line: 1, start_column: 735}, severity: "high", pattern_id: "js-hardcoded-secret-api-key", pattern_name: "Hardcoded API Key", recommendation: "Review this code for potential security issues", confidence: 0.9, pattern_type: :hardcoded_secret}
13:17:20.521 [debug] Match confidence: 0.264, min_confidence: 0.7, match: %{type: "js-hardcoded-secret-api-key", context: %{node_type: "VariableDeclarator", depth: 3, parent_type: "VariableDeclaration"}, location: %{depth: 3, end_column: 763, end_line: 1, start_line: 1, start_column: 752}, severity: "high", pattern_id: "js-hardcoded-secret-api-key", pattern_name: "Hardcoded API Key", recommendation: "Review this code for potential security issues", confidence: 0.9, pattern_type: :hardcoded_secret}
13:17:20.521 [debug] Match confidence: 0.264, min_confidence: 0.7, match: %{type: "js-hardcoded-secret-api-key", context: %{node_type: "VariableDeclarator", depth: 3, parent_type: "VariableDeclaration"}, location: %{depth: 3, end_column: 780, end_line: 1, start_line: 1, start_column: 769}, severity: "high", pattern_id: "js-hardcoded-secret-api-key", pattern_name: "Hardcoded API Key", recommendation: "Review this code for potential security issues", confidence: 0.9, pattern_type: :hardcoded_secret}
13:17:20.521 [debug] Match confidence: 0.264, min_confidence: 0.7, match: %{type: "js-hardcoded-secret-api-key", context: %{node_type: "VariableDeclarator", depth: 3, parent_type: "VariableDeclaration"}, location: %{depth: 3, end_column: 797, end_line: 1, start_line: 1, start_column: 786}, severity: "high", pattern_id: "js-hardcoded-secret-api-key", pattern_name: "Hardcoded API Key", recommendation: "Review this code for potential security issues", confidence: 0.9, pattern_type: :hardcoded_secret}
13:17:20.521 [debug] Match confidence: 0.264, min_confidence: 0.7, match: %{type: "js-hardcoded-secret-api-key", context: %{node_type: "VariableDeclarator", depth: 3, parent_type: "VariableDeclaration"}, location: %{depth: 3, end_column: 814, end_line: 1, start_line: 1, start_column: 803}, severity: "high", pattern_id: "js-hardcoded-secret-api-key", pattern_name: "Hardcoded API Key", recommendation: "Review this code for potential security issues", confidence: 0.9, pattern_type: :hardcoded_secret}
13:17:20.521 [debug] Match confidence: 0.264, min_confidence: 0.7, match: %{type: "js-hardcoded-secret-api-key", context: %{node_type: "VariableDeclarator", depth: 3, parent_type: "VariableDeclaration"}, location: %{depth: 3, end_column: 831, end_line: 1, start_line: 1, start_column: 820}, severity: "high", pattern_id: "js-hardcoded-secret-api-key", pattern_name: "Hardcoded API Key", recommendation: "Review this code for potential security issues", confidence: 0.9, pattern_type: :hardcoded_secret}
13:17:20.521 [debug] Match confidence: 0.264, min_confidence: 0.7, match: %{type: "js-hardcoded-secret-api-key", context: %{node_type: "VariableDeclarator", depth: 3, parent_type: "VariableDeclaration"}, location: %{depth: 3, end_column: 848, end_line: 1, start_line: 1, start_column: 837}, severity: "high", pattern_id: "js-hardcoded-secret-api-key", pattern_name: "Hardcoded API Key", recommendation: "Review this code for potential security issues", confidence: 0.9, pattern_type: :hardcoded_secret}
13:17:20.521 [debug] Match confidence: 0.264, min_confidence: 0.7, match: %{type: "js-hardcoded-secret-api-key", context: %{node_type: "VariableDeclarator", depth: 3, parent_type: "VariableDeclaration"}, location: %{depth: 3, end_column: 865, end_line: 1, start_line: 1, start_column: 854}, severity: "high", pattern_id: "js-hardcoded-secret-api-key", pattern_name: "Hardcoded API Key", recommendation: "Review this code for potential security issues", confidence: 0.9, pattern_type: :hardcoded_secret}
13:17:20.521 [debug] Match confidence: 0.264, min_confidence: 0.7, match: %{type: "js-hardcoded-secret-api-key", context: %{node_type: "VariableDeclarator", depth: 3, parent_type: "VariableDeclaration"}, location: %{depth: 3, end_column: 882, end_line: 1, start_line: 1, start_column: 871}, severity: "high", pattern_id: "js-hardcoded-secret-api-key", pattern_name: "Hardcoded API Key", recommendation: "Review this code for potential security issues", confidence: 0.9, pattern_type: :hardcoded_secret}
13:17:20.521 [debug] Match confidence: 0.264, min_confidence: 0.7, match: %{type: "js-hardcoded-secret-api-key", context: %{node_type: "VariableDeclarator", depth: 3, parent_type: "VariableDeclaration"}, location: %{depth: 3, end_column: 899, end_line: 1, start_line: 1, start_column: 888}, severity: "high", pattern_id: "js-hardcoded-secret-api-key", pattern_name: "Hardcoded API Key", recommendation: "Review this code for potential security issues", confidence: 0.9, pattern_type: :hardcoded_secret}
13:17:20.521 [debug] Match confidence: 0.264, min_confidence: 0.7, match: %{type: "js-hardcoded-secret-api-key", context: %{node_type: "VariableDeclarator", depth: 3, parent_type: "VariableDeclaration"}, location: %{depth: 3, end_column: 916, end_line: 1, start_line: 1, start_column: 905}, severity: "high", pattern_id: "js-hardcoded-secret-api-key", pattern_name: "Hardcoded API Key", recommendation: "Review this code for potential security issues", confidence: 0.9, pattern_type: :hardcoded_secret}
13:17:20.521 [debug] Match confidence: 0.264, min_confidence: 0.7, match: %{type: "js-hardcoded-secret-api-key", context: %{node_type: "VariableDeclarator", depth: 3, parent_type: "VariableDeclaration"}, location: %{depth: 3, end_column: 933, end_line: 1, start_line: 1, start_column: 922}, severity: "high", pattern_id: "js-hardcoded-secret-api-key", pattern_name: "Hardcoded API Key", recommendation: "Review this code for potential security issues", confidence: 0.9, pattern_type: :hardcoded_secret}
13:17:20.521 [debug] Match confidence: 0.264, min_confidence: 0.7, match: %{type: "js-hardcoded-secret-api-key", context: %{node_type: "VariableDeclarator", depth: 3, parent_type: "VariableDeclaration"}, location: %{depth: 3, end_column: 950, end_line: 1, start_line: 1, start_column: 939}, severity: "high", pattern_id: "js-hardcoded-secret-api-key", pattern_name: "Hardcoded API Key", recommendation: "Review this code for potential security issues", confidence: 0.9, pattern_type: :hardcoded_secret}
13:17:20.521 [debug] Match confidence: 0.264, min_confidence: 0.7, match: %{type: "js-hardcoded-secret-api-key", context: %{node_type: "VariableDeclarator", depth: 3, parent_type: "VariableDeclaration"}, location: %{depth: 3, end_column: 967, end_line: 1, start_line: 1, start_column: 956}, severity: "high", pattern_id: "js-hardcoded-secret-api-key", pattern_name: "Hardcoded API Key", recommendation: "Review this code for potential security issues", confidence: 0.9, pattern_type: :hardcoded_secret}
13:17:20.521 [debug] Match confidence: 0.264, min_confidence: 0.7, match: %{type: "js-hardcoded-secret-api-key", context: %{node_type: "VariableDeclarator", depth: 3, parent_type: "VariableDeclaration"}, location: %{depth: 3, end_column: 984, end_line: 1, start_line: 1, start_column: 973}, severity: "high", pattern_id: "js-hardcoded-secret-api-key", pattern_name: "Hardcoded API Key", recommendation: "Review this code for potential security issues", confidence: 0.9, pattern_type: :hardcoded_secret}
13:17:20.521 [debug] Match confidence: 0.264, min_confidence: 0.7, match: %{type: "js-hardcoded-secret-api-key", context: %{node_type: "VariableDeclarator", depth: 3, parent_type: "VariableDeclaration"}, location: %{depth: 3, end_column: 1001, end_line: 1, start_line: 1, start_column: 990}, severity: "high", pattern_id: "js-hardcoded-secret-api-key", pattern_name: "Hardcoded API Key", recommendation: "Review this code for potential security issues", confidence: 0.9, pattern_type: :hardcoded_secret}
13:17:20.521 [debug] Match confidence: 0.264, min_confidence: 0.7, match: %{type: "js-hardcoded-secret-api-key", context: %{node_type: "VariableDeclarator", depth: 3, parent_type: "VariableDeclaration"}, location: %{depth: 3, end_column: 1018, end_line: 1, start_line: 1, start_column: 1007}, severity: "high", pattern_id: "js-hardcoded-secret-api-key", pattern_name: "Hardcoded API Key", recommendation: "Review this code for potential security issues", confidence: 0.9, pattern_type: :hardcoded_secret}
13:17:20.521 [debug] Match confidence: 0.264, min_confidence: 0.7, match: %{type: "js-hardcoded-secret-api-key", context: %{node_type: "VariableDeclarator", depth: 3, parent_type: "VariableDeclaration"}, location: %{depth: 3, end_column: 1035, end_line: 1, start_line: 1, start_column: 1024}, severity: "high", pattern_id: "js-hardcoded-secret-api-key", pattern_name: "Hardcoded API Key", recommendation: "Review this code for potential security issues", confidence: 0.9, pattern_type: :hardcoded_secret}
13:17:20.521 [debug] Match confidence: 0.264, min_confidence: 0.7, match: %{type: "js-hardcoded-secret-api-key", context: %{node_type: "VariableDeclarator", depth: 3, parent_type: "VariableDeclaration"}, location: %{depth: 3, end_column: 1052, end_line: 1, start_line: 1, start_column: 1041}, severity: "high", pattern_id: "js-hardcoded-secret-api-key", pattern_name: "Hardcoded API Key", recommendation: "Review this code for potential security issues", confidence: 0.9, pattern_type: :hardcoded_secret}
13:17:20.521 [debug] Match confidence: 0.264, min_confidence: 0.7, match: %{type: "js-hardcoded-secret-api-key", context: %{node_type: "VariableDeclarator", depth: 3, parent_type: "VariableDeclaration"}, location: %{depth: 3, end_column: 1069, end_line: 1, start_line: 1, start_column: 1058}, severity: "high", pattern_id: "js-hardcoded-secret-api-key", pattern_name: "Hardcoded API Key", recommendation: "Review this code for potential security issues", confidence: 0.9, pattern_type: :hardcoded_secret}
13:17:20.521 [debug] Match confidence: 0.264, min_confidence: 0.7, match: %{type: "js-hardcoded-secret-api-key", context: %{node_type: "VariableDeclarator", depth: 3, parent_type: "VariableDeclaration"}, location: %{depth: 3, end_column: 1086, end_line: 1, start_line: 1, start_column: 1075}, severity: "high", pattern_id: "js-hardcoded-secret-api-key", pattern_name: "Hardcoded API Key", recommendation: "Review this code for potential security issues", confidence: 0.9, pattern_type: :hardcoded_secret}
13:17:20.521 [debug] Match confidence: 0.264, min_confidence: 0.7, match: %{type: "js-hardcoded-secret-api-key", context: %{node_type: "VariableDeclarator", depth: 3, parent_type: "VariableDeclaration"}, location: %{depth: 3, end_column: 1103, end_line: 1, start_line: 1, start_column: 1092}, severity: "high", pattern_id: "js-hardcoded-secret-api-key", pattern_name: "Hardcoded API Key", recommendation: "Review this code for potential security issues", confidence: 0.9, pattern_type: :hardcoded_secret}
13:17:20.521 [debug] Match confidence: 0.264, min_confidence: 0.7, match: %{type: "js-hardcoded-secret-api-key", context: %{node_type: "VariableDeclarator", depth: 3, parent_type: "VariableDeclaration"}, location: %{depth: 3, end_column: 1120, end_line: 1, start_line: 1, start_column: 1109}, severity: "high", pattern_id: "js-hardcoded-secret-api-key", pattern_name: "Hardcoded API Key", recommendation: "Review this code for potential security issues", confidence: 0.9, pattern_type: :hardcoded_secret}
13:17:20.521 [debug] Match confidence: 0.264, min_confidence: 0.7, match: %{type: "js-hardcoded-secret-api-key", context: %{node_type: "VariableDeclarator", depth: 3, parent_type: "VariableDeclaration"}, location: %{depth: 3, end_column: 1137, end_line: 1, start_line: 1, start_column: 1126}, severity: "high", pattern_id: "js-hardcoded-secret-api-key", pattern_name: "Hardcoded API Key", recommendation: "Review this code for potential security issues", confidence: 0.9, pattern_type: :hardcoded_secret}
13:17:20.521 [debug] Match confidence: 0.264, min_confidence: 0.7, match: %{type: "js-hardcoded-secret-api-key", context: %{node_type: "VariableDeclarator", depth: 3, parent_type: "VariableDeclaration"}, location: %{depth: 3, end_column: 1154, end_line: 1, start_line: 1, start_column: 1143}, severity: "high", pattern_id: "js-hardcoded-secret-api-key", pattern_name: "Hardcoded API Key", recommendation: "Review this code for potential security issues", confidence: 0.9, pattern_type: :hardcoded_secret}
13:17:20.522 [debug] Match confidence: 0.264, min_confidence: 0.7, match: %{type: "js-hardcoded-secret-api-key", context: %{node_type: "VariableDeclarator", depth: 3, parent_type: "VariableDeclaration"}, location: %{depth: 3, end_column: 1171, end_line: 1, start_line: 1, start_column: 1160}, severity: "high", pattern_id: "js-hardcoded-secret-api-key", pattern_name: "Hardcoded API Key", recommendation: "Review this code for potential security issues", confidence: 0.9, pattern_type: :hardcoded_secret}
13:17:20.522 [debug] Match confidence: 0.264, min_confidence: 0.7, match: %{type: "js-hardcoded-secret-api-key", context: %{node_type: "VariableDeclarator", depth: 3, parent_type: "VariableDeclaration"}, location: %{depth: 3, end_column: 1188, end_line: 1, start_line: 1, start_column: 1177}, severity: "high", pattern_id: "js-hardcoded-secret-api-key", pattern_name: "Hardcoded API Key", recommendation: "Review this code for potential security issues", confidence: 0.9, pattern_type: :hardcoded_secret}
13:17:20.522 [debug] Match confidence: 0.264, min_confidence: 0.7, match: %{type: "js-hardcoded-secret-api-key", context: %{node_type: "VariableDeclarator", depth: 3, parent_type: "VariableDeclaration"}, location: %{depth: 3, end_column: 1205, end_line: 1, start_line: 1, start_column: 1194}, severity: "high", pattern_id: "js-hardcoded-secret-api-key", pattern_name: "Hardcoded API Key", recommendation: "Review this code for potential security issues", confidence: 0.9, pattern_type: :hardcoded_secret}
13:17:20.522 [debug] Match confidence: 0.264, min_confidence: 0.7, match: %{type: "js-hardcoded-secret-api-key", context: %{node_type: "VariableDeclarator", depth: 3, parent_type: "VariableDeclaration"}, location: %{depth: 3, end_column: 1222, end_line: 1, start_line: 1, start_column: 1211}, severity: "high", pattern_id: "js-hardcoded-secret-api-key", pattern_name: "Hardcoded API Key", recommendation: "Review this code for potential security issues", confidence: 0.9, pattern_type: :hardcoded_secret}
13:17:20.522 [debug] Match confidence: 0.264, min_confidence: 0.7, match: %{type: "js-hardcoded-secret-api-key", context: %{node_type: "VariableDeclarator", depth: 3, parent_type: "VariableDeclaration"}, location: %{depth: 3, end_column: 1239, end_line: 1, start_line: 1, start_column: 1228}, severity: "high", pattern_id: "js-hardcoded-secret-api-key", pattern_name: "Hardcoded API Key", recommendation: "Review this code for potential security issues", confidence: 0.9, pattern_type: :hardcoded_secret}
13:17:20.522 [debug] Match confidence: 0.264, min_confidence: 0.7, match: %{type: "js-hardcoded-secret-api-key", context: %{node_type: "VariableDeclarator", depth: 3, parent_type: "VariableDeclaration"}, location: %{depth: 3, end_column: 1256, end_line: 1, start_line: 1, start_column: 1245}, severity: "high", pattern_id: "js-hardcoded-secret-api-key", pattern_name: "Hardcoded API Key", recommendation: "Review this code for potential security issues", confidence: 0.9, pattern_type: :hardcoded_secret}
13:17:20.522 [debug] Match confidence: 0.264, min_confidence: 0.7, match: %{type: "js-hardcoded-secret-api-key", context: %{node_type: "VariableDeclarator", depth: 3, parent_type: "VariableDeclaration"}, location: %{depth: 3, end_column: 1273, end_line: 1, start_line: 1, start_column: 1262}, severity: "high", pattern_id: "js-hardcoded-secret-api-key", pattern_name: "Hardcoded API Key", recommendation: "Review this code for potential security issues", confidence: 0.9, pattern_type: :hardcoded_secret}
13:17:20.522 [debug] Match confidence: 0.264, min_confidence: 0.7, match: %{type: "js-hardcoded-secret-api-key", context: %{node_type: "VariableDeclarator", depth: 3, parent_type: "VariableDeclaration"}, location: %{depth: 3, end_column: 1290, end_line: 1, start_line: 1, start_column: 1279}, severity: "high", pattern_id: "js-hardcoded-secret-api-key", pattern_name: "Hardcoded API Key", recommendation: "Review this code for potential security issues", confidence: 0.9, pattern_type: :hardcoded_secret}
13:17:20.522 [debug] Match confidence: 0.264, min_confidence: 0.7, match: %{type: "js-hardcoded-secret-api-key", context: %{node_type: "VariableDeclarator", depth: 3, parent_type: "VariableDeclaration"}, location: %{depth: 3, end_column: 1307, end_line: 1, start_line: 1, start_column: 1296}, severity: "high", pattern_id: "js-hardcoded-secret-api-key", pattern_name: "Hardcoded API Key", recommendation: "Review this code for potential security issues", confidence: 0.9, pattern_type: :hardcoded_secret}
13:17:20.522 [debug] Match confidence: 0.264, min_confidence: 0.7, match: %{type: "js-hardcoded-secret-api-key", context: %{node_type: "VariableDeclarator", depth: 3, parent_type: "VariableDeclaration"}, location: %{depth: 3, end_column: 1324, end_line: 1, start_line: 1, start_column: 1313}, severity: "high", pattern_id: "js-hardcoded-secret-api-key", pattern_name: "Hardcoded API Key", recommendation: "Review this code for potential security issues", confidence: 0.9, pattern_type: :hardcoded_secret}
13:17:20.522 [debug] Match confidence: 0.264, min_confidence: 0.7, match: %{type: "js-hardcoded-secret-api-key", context: %{node_type: "VariableDeclarator", depth: 3, parent_type: "VariableDeclaration"}, location: %{depth: 3, end_column: 1341, end_line: 1, start_line: 1, start_column: 1330}, severity: "high", pattern_id: "js-hardcoded-secret-api-key", pattern_name: "Hardcoded API Key", recommendation: "Review this code for potential security issues", confidence: 0.9, pattern_type: :hardcoded_secret}
13:17:20.522 [debug] Match confidence: 0.264, min_confidence: 0.7, match: %{type: "js-hardcoded-secret-api-key", context: %{node_type: "VariableDeclarator", depth: 3, parent_type: "VariableDeclaration"}, location: %{depth: 3, end_column: 1358, end_line: 1, start_line: 1, start_column: 1347}, severity: "high", pattern_id: "js-hardcoded-secret-api-key", pattern_name: "Hardcoded API Key", recommendation: "Review this code for potential security issues", confidence: 0.9, pattern_type: :hardcoded_secret}
13:17:20.522 [debug] Match confidence: 0.264, min_confidence: 0.7, match: %{type: "js-hardcoded-secret-api-key", context: %{node_type: "VariableDeclarator", depth: 3, parent_type: "VariableDeclaration"}, location: %{depth: 3, end_column: 1375, end_line: 1, start_line: 1, start_column: 1364}, severity: "high", pattern_id: "js-hardcoded-secret-api-key", pattern_name: "Hardcoded API Key", recommendation: "Review this code for potential security issues", confidence: 0.9, pattern_type: :hardcoded_secret}
13:17:20.522 [debug] Match confidence: 0.264, min_confidence: 0.7, match: %{type: "js-hardcoded-secret-api-key", context: %{node_type: "VariableDeclarator", depth: 3, parent_type: "VariableDeclaration"}, location: %{depth: 3, end_column: 1392, end_line: 1, start_line: 1, start_column: 1381}, severity: "high", pattern_id: "js-hardcoded-secret-api-key", pattern_name: "Hardcoded API Key", recommendation: "Review this code for potential security issues", confidence: 0.9, pattern_type: :hardcoded_secret}
13:17:20.522 [debug] Match confidence: 0.264, min_confidence: 0.7, match: %{type: "js-hardcoded-secret-api-key", context: %{node_type: "VariableDeclarator", depth: 3, parent_type: "VariableDeclaration"}, location: %{depth: 3, end_column: 1409, end_line: 1, start_line: 1, start_column: 1398}, severity: "high", pattern_id: "js-hardcoded-secret-api-key", pattern_name: "Hardcoded API Key", recommendation: "Review this code for potential security issues", confidence: 0.9, pattern_type: :hardcoded_secret}
13:17:20.522 [debug] Match confidence: 0.264, min_confidence: 0.7, match: %{type: "js-hardcoded-secret-api-key", context: %{node_type: "VariableDeclarator", depth: 3, parent_type: "VariableDeclaration"}, location: %{depth: 3, end_column: 1426, end_line: 1, start_line: 1, start_column: 1415}, severity: "high", pattern_id: "js-hardcoded-secret-api-key", pattern_name: "Hardcoded API Key", recommendation: "Review this code for potential security issues", confidence: 0.9, pattern_type: :hardcoded_secret}
13:17:20.522 [debug] Match confidence: 0.264, min_confidence: 0.7, match: %{type: "js-hardcoded-secret-api-key", context: %{node_type: "VariableDeclarator", depth: 3, parent_type: "VariableDeclaration"}, location: %{depth: 3, end_column: 1443, end_line: 1, start_line: 1, start_column: 1432}, severity: "high", pattern_id: "js-hardcoded-secret-api-key", pattern_name: "Hardcoded API Key", recommendation: "Review this code for potential security issues", confidence: 0.9, pattern_type: :hardcoded_secret}
13:17:20.522 [debug] Match confidence: 0.264, min_confidence: 0.7, match: %{type: "js-hardcoded-secret-api-key", context: %{node_type: "VariableDeclarator", depth: 3, parent_type: "VariableDeclaration"}, location: %{depth: 3, end_column: 1460, end_line: 1, start_line: 1, start_column: 1449}, severity: "high", pattern_id: "js-hardcoded-secret-api-key", pattern_name: "Hardcoded API Key", recommendation: "Review this code for potential security issues", confidence: 0.9, pattern_type: :hardcoded_secret}
13:17:20.522 [debug] Match confidence: 0.264, min_confidence: 0.7, match: %{type: "js-hardcoded-secret-api-key", context: %{node_type: "VariableDeclarator", depth: 3, parent_type: "VariableDeclaration"}, location: %{depth: 3, end_column: 1477, end_line: 1, start_line: 1, start_column: 1466}, severity: "high", pattern_id: "js-hardcoded-secret-api-key", pattern_name: "Hardcoded API Key", recommendation: "Review this code for potential security issues", confidence: 0.9, pattern_type: :hardcoded_secret}
13:17:20.522 [debug] Match confidence: 0.264, min_confidence: 0.7, match: %{type: "js-hardcoded-secret-api-key", context: %{node_type: "VariableDeclarator", depth: 3, parent_type: "VariableDeclaration"}, location: %{depth: 3, end_column: 1494, end_line: 1, start_line: 1, start_column: 1483}, severity: "high", pattern_id: "js-hardcoded-secret-api-key", pattern_name: "Hardcoded API Key", recommendation: "Review this code for potential security issues", confidence: 0.9, pattern_type: :hardcoded_secret}
13:17:20.522 [debug] Match confidence: 0.264, min_confidence: 0.7, match: %{type: "js-hardcoded-secret-api-key", context: %{node_type: "VariableDeclarator", depth: 3, parent_type: "VariableDeclaration"}, location: %{depth: 3, end_column: 1511, end_line: 1, start_line: 1, start_column: 1500}, severity: "high", pattern_id: "js-hardcoded-secret-api-key", pattern_name: "Hardcoded API Key", recommendation: "Review this code for potential security issues", confidence: 0.9, pattern_type: :hardcoded_secret}
13:17:20.522 [debug] Match confidence: 0.264, min_confidence: 0.7, match: %{type: "js-hardcoded-secret-api-key", context: %{node_type: "VariableDeclarator", depth: 3, parent_type: "VariableDeclaration"}, location: %{depth: 3, end_column: 1528, end_line: 1, start_line: 1, start_column: 1517}, severity: "high", pattern_id: "js-hardcoded-secret-api-key", pattern_name: "Hardcoded API Key", recommendation: "Review this code for potential security issues", confidence: 0.9, pattern_type: :hardcoded_secret}
13:17:20.522 [debug] Match confidence: 0.264, min_confidence: 0.7, match: %{type: "js-hardcoded-secret-api-key", context: %{node_type: "VariableDeclarator", depth: 3, parent_type: "VariableDeclaration"}, location: %{depth: 3, end_column: 1545, end_line: 1, start_line: 1, start_column: 1534}, severity: "high", pattern_id: "js-hardcoded-secret-api-key", pattern_name: "Hardcoded API Key", recommendation: "Review this code for potential security issues", confidence: 0.9, pattern_type: :hardcoded_secret}
13:17:20.522 [debug] Match confidence: 0.264, min_confidence: 0.7, match: %{type: "js-hardcoded-secret-api-key", context: %{node_type: "VariableDeclarator", depth: 3, parent_type: "VariableDeclaration"}, location: %{depth: 3, end_column: 1562, end_line: 1, start_line: 1, start_column: 1551}, severity: "high", pattern_id: "js-hardcoded-secret-api-key", pattern_name: "Hardcoded API Key", recommendation: "Review this code for potential security issues", confidence: 0.9, pattern_type: :hardcoded_secret}
13:17:20.523 [debug] Match confidence: 0.264, min_confidence: 0.7, match: %{type: "js-hardcoded-secret-api-key", context: %{node_type: "VariableDeclarator", depth: 3, parent_type: "VariableDeclaration"}, location: %{depth: 3, end_column: 1579, end_line: 1, start_line: 1, start_column: 1568}, severity: "high", pattern_id: "js-hardcoded-secret-api-key", pattern_name: "Hardcoded API Key", recommendation: "Review this code for potential security issues", confidence: 0.9, pattern_type: :hardcoded_secret}
13:17:20.523 [debug] Match confidence: 0.264, min_confidence: 0.7, match: %{type: "js-hardcoded-secret-api-key", context: %{node_type: "VariableDeclarator", depth: 3, parent_type: "VariableDeclaration"}, location: %{depth: 3, end_column: 1596, end_line: 1, start_line: 1, start_column: 1585}, severity: "high", pattern_id: "js-hardcoded-secret-api-key", pattern_name: "Hardcoded API Key", recommendation: "Review this code for potential security issues", confidence: 0.9, pattern_type: :hardcoded_secret}
13:17:20.523 [debug] Match confidence: 0.264, min_confidence: 0.7, match: %{type: "js-hardcoded-secret-api-key", context: %{node_type: "VariableDeclarator", depth: 3, parent_type: "VariableDeclaration"}, location: %{depth: 3, end_column: 1613, end_line: 1, start_line: 1, start_column: 1602}, severity: "high", pattern_id: "js-hardcoded-secret-api-key", pattern_name: "Hardcoded API Key", recommendation: "Review this code for potential security issues", confidence: 0.9, pattern_type: :hardcoded_secret}
13:17:20.523 [debug] Match confidence: 0.264, min_confidence: 0.7, match: %{type: "js-hardcoded-secret-api-key", context: %{node_type: "VariableDeclarator", depth: 3, parent_type: "VariableDeclaration"}, location: %{depth: 3, end_column: 1630, end_line: 1, start_line: 1, start_column: 1619}, severity: "high", pattern_id: "js-hardcoded-secret-api-key", pattern_name: "Hardcoded API Key", recommendation: "Review this code for potential security issues", confidence: 0.9, pattern_type: :hardcoded_secret}
13:17:20.523 [debug] Match confidence: 0.264, min_confidence: 0.7, match: %{type: "js-hardcoded-secret-api-key", context: %{node_type: "VariableDeclarator", depth: 3, parent_type: "VariableDeclaration"}, location: %{depth: 3, end_column: 1647, end_line: 1, start_line: 1, start_column: 1636}, severity: "high", pattern_id: "js-hardcoded-secret-api-key", pattern_name: "Hardcoded API Key", recommendation: "Review this code for potential security issues", confidence: 0.9, pattern_type: :hardcoded_secret}
13:17:20.523 [debug] Match confidence: 0.264, min_confidence: 0.7, match: %{type: "js-hardcoded-secret-api-key", context: %{node_type: "VariableDeclarator", depth: 3, parent_type: "VariableDeclaration"}, location: %{depth: 3, end_column: 1664, end_line: 1, start_line: 1, start_column: 1653}, severity: "high", pattern_id: "js-hardcoded-secret-api-key", pattern_name: "Hardcoded API Key", recommendation: "Review this code for potential security issues", confidence: 0.9, pattern_type: :hardcoded_secret}
13:17:20.523 [debug] Match confidence: 0.264, min_confidence: 0.7, match: %{type: "js-hardcoded-secret-api-key", context: %{node_type: "VariableDeclarator", depth: 3, parent_type: "VariableDeclaration"}, location: %{depth: 3, end_column: 1681, end_line: 1, start_line: 1, start_column: 1670}, severity: "high", pattern_id: "js-hardcoded-secret-api-key", pattern_name: "Hardcoded API Key", recommendation: "Review this code for potential security issues", confidence: 0.9, pattern_type: :hardcoded_secret}
13:17:20.523 [debug] Match confidence: 0.264, min_confidence: 0.7, match: %{type: "js-hardcoded-secret-api-key", context: %{node_type: "VariableDeclarator", depth: 3, parent_type: "VariableDeclaration"}, location: %{depth: 3, end_column: 1698, end_line: 1, start_line: 1, start_column: 1687}, severity: "high", pattern_id: "js-hardcoded-secret-api-key", pattern_name: "Hardcoded API Key", recommendation: "Review this code for potential security issues", confidence: 0.9, pattern_type: :hardcoded_secret}
13:17:20.601 [debug] Parser response received
13:17:20.602 [info] AnalysisService: Loaded 30 patterns for javascript
13:17:20.625 [info] AnalysisService: Found 200 matches
13:17:20.625 [debug] Match confidence: 0.264, min_confidence: 0.7, match: %{type: "js-hardcoded-secret-password", context: %{node_type: "VariableDeclarator", depth: 3, parent_type: "VariableDeclaration"}, location: %{depth: 3, end_column: 15, end_line: 1, start_line: 1, start_column: 4}, severity: "high", pattern_id: "js-hardcoded-secret-password", pattern_name: "Hardcoded Password", recommendation: "Review this code for potential security issues", confidence: 0.9, pattern_type: :hardcoded_secret}
13:17:20.625 [debug] Match confidence: 0.264, min_confidence: 0.7, match: %{type: "js-hardcoded-secret-password", context: %{node_type: "VariableDeclarator", depth: 3, parent_type: "VariableDeclaration"}, location: %{depth: 3, end_column: 32, end_line: 1, start_line: 1, start_column: 21}, severity: "high", pattern_id: "js-hardcoded-secret-password", pattern_name: "Hardcoded Password", recommendation: "Review this code for potential security issues", confidence: 0.9, pattern_type: :hardcoded_secret}
13:17:20.625 [debug] Match confidence: 0.264, min_confidence: 0.7, match: %{type: "js-hardcoded-secret-password", context: %{node_type: "VariableDeclarator", depth: 3, parent_type: "VariableDeclaration"}, location: %{depth: 3, end_column: 49, end_line: 1, start_line: 1, start_column: 38}, severity: "high", pattern_id: "js-hardcoded-secret-password", pattern_name: "Hardcoded Password", recommendation: "Review this code for potential security issues", confidence: 0.9, pattern_type: :hardcoded_secret}
13:17:20.625 [debug] Match confidence: 0.264, min_confidence: 0.7, match: %{type: "js-hardcoded-secret-password", context: %{node_type: "VariableDeclarator", depth: 3, parent_type: "VariableDeclaration"}, location: %{depth: 3, end_column: 66, end_line: 1, start_line: 1, start_column: 55}, severity: "high", pattern_id: "js-hardcoded-secret-password", pattern_name: "Hardcoded Password", recommendation: "Review this code for potential security issues", confidence: 0.9, pattern_type: :hardcoded_secret}
13:17:20.625 [debug] Match confidence: 0.264, min_confidence: 0.7, match: %{type: "js-hardcoded-secret-password", context: %{node_type: "VariableDeclarator", depth: 3, parent_type: "VariableDeclaration"}, location: %{depth: 3, end_column: 83, end_line: 1, start_line: 1, start_column: 72}, severity: "high", pattern_id: "js-hardcoded-secret-password", pattern_name: "Hardcoded Password", recommendation: "Review this code for potential security issues", confidence: 0.9, pattern_type: :hardcoded_secret}
13:17:20.625 [debug] Match confidence: 0.264, min_confidence: 0.7, match: %{type: "js-hardcoded-secret-password", context: %{node_type: "VariableDeclarator", depth: 3, parent_type: "VariableDeclaration"}, location: %{depth: 3, end_column: 100, end_line: 1, start_line: 1, start_column: 89}, severity: "high", pattern_id: "js-hardcoded-secret-password", pattern_name: "Hardcoded Password", recommendation: "Review this code for potential security issues", confidence: 0.9, pattern_type: :hardcoded_secret}
13:17:20.625 [debug] Match confidence: 0.264, min_confidence: 0.7, match: %{type: "js-hardcoded-secret-password", context: %{node_type: "VariableDeclarator", depth: 3, parent_type: "VariableDeclaration"}, location: %{depth: 3, end_column: 117, end_line: 1, start_line: 1, start_column: 106}, severity: "high", pattern_id: "js-hardcoded-secret-password", pattern_name: "Hardcoded Password", recommendation: "Review this code for potential security issues", confidence: 0.9, pattern_type: :hardcoded_secret}
13:17:20.625 [debug] Match confidence: 0.264, min_confidence: 0.7, match: %{type: "js-hardcoded-secret-password", context: %{node_type: "VariableDeclarator", depth: 3, parent_type: "VariableDeclaration"}, location: %{depth: 3, end_column: 134, end_line: 1, start_line: 1, start_column: 123}, severity: "high", pattern_id: "js-hardcoded-secret-password", pattern_name: "Hardcoded Password", recommendation: "Review this code for potential security issues", confidence: 0.9, pattern_type: :hardcoded_secret}
13:17:20.625 [debug] Match confidence: 0.264, min_confidence: 0.7, match: %{type: "js-hardcoded-secret-password", context: %{node_type: "VariableDeclarator", depth: 3, parent_type: "VariableDeclaration"}, location: %{depth: 3, end_column: 151, end_line: 1, start_line: 1, start_column: 140}, severity: "high", pattern_id: "js-hardcoded-secret-password", pattern_name: "Hardcoded Password", recommendation: "Review this code for potential security issues", confidence: 0.9, pattern_type: :hardcoded_secret}
13:17:20.625 [debug] Match confidence: 0.264, min_confidence: 0.7, match: %{type: "js-hardcoded-secret-password", context: %{node_type: "VariableDeclarator", depth: 3, parent_type: "VariableDeclaration"}, location: %{depth: 3, end_column: 168, end_line: 1, start_line: 1, start_column: 157}, severity: "high", pattern_id: "js-hardcoded-secret-password", pattern_name: "Hardcoded Password", recommendation: "Review this code for potential security issues", confidence: 0.9, pattern_type: :hardcoded_secret}
13:17:20.625 [debug] Match confidence: 0.264, min_confidence: 0.7, match: %{type: "js-hardcoded-secret-password", context: %{node_type: "VariableDeclarator", depth: 3, parent_type: "VariableDeclaration"}, location: %{depth: 3, end_column: 185, end_line: 1, start_line: 1, start_column: 174}, severity: "high", pattern_id: "js-hardcoded-secret-password", pattern_name: "Hardcoded Password", recommendation: "Review this code for potential security issues", confidence: 0.9, pattern_type: :hardcoded_secret}
13:17:20.625 [debug] Match confidence: 0.264, min_confidence: 0.7, match: %{type: "js-hardcoded-secret-password", context: %{node_type: "VariableDeclarator", depth: 3, parent_type: "VariableDeclaration"}, location: %{depth: 3, end_column: 202, end_line: 1, start_line: 1, start_column: 191}, severity: "high", pattern_id: "js-hardcoded-secret-password", pattern_name: "Hardcoded Password", recommendation: "Review this code for potential security issues", confidence: 0.9, pattern_type: :hardcoded_secret}
13:17:20.625 [debug] Match confidence: 0.264, min_confidence: 0.7, match: %{type: "js-hardcoded-secret-password", context: %{node_type: "VariableDeclarator", depth: 3, parent_type: "VariableDeclaration"}, location: %{depth: 3, end_column: 219, end_line: 1, start_line: 1, start_column: 208}, severity: "high", pattern_id: "js-hardcoded-secret-password", pattern_name: "Hardcoded Password", recommendation: "Review this code for potential security issues", confidence: 0.9, pattern_type: :hardcoded_secret}
13:17:20.625 [debug] Match confidence: 0.264, min_confidence: 0.7, match: %{type: "js-hardcoded-secret-password", context: %{node_type: "VariableDeclarator", depth: 3, parent_type: "VariableDeclaration"}, location: %{depth: 3, end_column: 236, end_line: 1, start_line: 1, start_column: 225}, severity: "high", pattern_id: "js-hardcoded-secret-password", pattern_name: "Hardcoded Password", recommendation: "Review this code for potential security issues", confidence: 0.9, pattern_type: :hardcoded_secret}
13:17:20.625 [debug] Match confidence: 0.264, min_confidence: 0.7, match: %{type: "js-hardcoded-secret-password", context: %{node_type: "VariableDeclarator", depth: 3, parent_type: "VariableDeclaration"}, location: %{depth: 3, end_column: 253, end_line: 1, start_line: 1, start_column: 242}, severity: "high", pattern_id: "js-hardcoded-secret-password", pattern_name: "Hardcoded Password", recommendation: "Review this code for potential security issues", confidence: 0.9, pattern_type: :hardcoded_secret}
13:17:20.625 [debug] Match confidence: 0.264, min_confidence: 0.7, match: %{type: "js-hardcoded-secret-password", context: %{node_type: "VariableDeclarator", depth: 3, parent_type: "VariableDeclaration"}, location: %{depth: 3, end_column: 270, end_line: 1, start_line: 1, start_column: 259}, severity: "high", pattern_id: "js-hardcoded-secret-password", pattern_name: "Hardcoded Password", recommendation: "Review this code for potential security issues", confidence: 0.9, pattern_type: :hardcoded_secret}
13:17:20.626 [debug] Match confidence: 0.264, min_confidence: 0.7, match: %{type: "js-hardcoded-secret-password", context: %{node_type: "VariableDeclarator", depth: 3, parent_type: "VariableDeclaration"}, location: %{depth: 3, end_column: 287, end_line: 1, start_line: 1, start_column: 276}, severity: "high", pattern_id: "js-hardcoded-secret-password", pattern_name: "Hardcoded Password", recommendation: "Review this code for potential security issues", confidence: 0.9, pattern_type: :hardcoded_secret}
13:17:20.626 [debug] Match confidence: 0.264, min_confidence: 0.7, match: %{type: "js-hardcoded-secret-password", context: %{node_type: "VariableDeclarator", depth: 3, parent_type: "VariableDeclaration"}, location: %{depth: 3, end_column: 304, end_line: 1, start_line: 1, start_column: 293}, severity: "high", pattern_id: "js-hardcoded-secret-password", pattern_name: "Hardcoded Password", recommendation: "Review this code for potential security issues", confidence: 0.9, pattern_type: :hardcoded_secret}
13:17:20.626 [debug] Match confidence: 0.264, min_confidence: 0.7, match: %{type: "js-hardcoded-secret-password", context: %{node_type: "VariableDeclarator", depth: 3, parent_type: "VariableDeclaration"}, location: %{depth: 3, end_column: 321, end_line: 1, start_line: 1, start_column: 310}, severity: "high", pattern_id: "js-hardcoded-secret-password", pattern_name: "Hardcoded Password", recommendation: "Review this code for potential security issues", confidence: 0.9, pattern_type: :hardcoded_secret}
13:17:20.626 [debug] Match confidence: 0.264, min_confidence: 0.7, match: %{type: "js-hardcoded-secret-password", context: %{node_type: "VariableDeclarator", depth: 3, parent_type: "VariableDeclaration"}, location: %{depth: 3, end_column: 338, end_line: 1, start_line: 1, start_column: 327}, severity: "high", pattern_id: "js-hardcoded-secret-password", pattern_name: "Hardcoded Password", recommendation: "Review this code for potential security issues", confidence: 0.9, pattern_type: :hardcoded_secret}
13:17:20.626 [debug] Match confidence: 0.264, min_confidence: 0.7, match: %{type: "js-hardcoded-secret-password", context: %{node_type: "VariableDeclarator", depth: 3, parent_type: "VariableDeclaration"}, location: %{depth: 3, end_column: 355, end_line: 1, start_line: 1, start_column: 344}, severity: "high", pattern_id: "js-hardcoded-secret-password", pattern_name: "Hardcoded Password", recommendation: "Review this code for potential security issues", confidence: 0.9, pattern_type: :hardcoded_secret}
13:17:20.626 [debug] Match confidence: 0.264, min_confidence: 0.7, match: %{type: "js-hardcoded-secret-password", context: %{node_type: "VariableDeclarator", depth: 3, parent_type: "VariableDeclaration"}, location: %{depth: 3, end_column: 372, end_line: 1, start_line: 1, start_column: 361}, severity: "high", pattern_id: "js-hardcoded-secret-password", pattern_name: "Hardcoded Password", recommendation: "Review this code for potential security issues", confidence: 0.9, pattern_type: :hardcoded_secret}
13:17:20.626 [debug] Match confidence: 0.264, min_confidence: 0.7, match: %{type: "js-hardcoded-secret-password", context: %{node_type: "VariableDeclarator", depth: 3, parent_type: "VariableDeclaration"}, location: %{depth: 3, end_column: 389, end_line: 1, start_line: 1, start_column: 378}, severity: "high", pattern_id: "js-hardcoded-secret-password", pattern_name: "Hardcoded Password", recommendation: "Review this code for potential security issues", confidence: 0.9, pattern_type: :hardcoded_secret}
13:17:20.626 [debug] Match confidence: 0.264, min_confidence: 0.7, match: %{type: "js-hardcoded-secret-password", context: %{node_type: "VariableDeclarator", depth: 3, parent_type: "VariableDeclaration"}, location: %{depth: 3, end_column: 406, end_line: 1, start_line: 1, start_column: 395}, severity: "high", pattern_id: "js-hardcoded-secret-password", pattern_name: "Hardcoded Password", recommendation: "Review this code for potential security issues", confidence: 0.9, pattern_type: :hardcoded_secret}
13:17:20.626 [debug] Match confidence: 0.264, min_confidence: 0.7, match: %{type: "js-hardcoded-secret-password", context: %{node_type: "VariableDeclarator", depth: 3, parent_type: "VariableDeclaration"}, location: %{depth: 3, end_column: 423, end_line: 1, start_line: 1, start_column: 412}, severity: "high", pattern_id: "js-hardcoded-secret-password", pattern_name: "Hardcoded Password", recommendation: "Review this code for potential security issues", confidence: 0.9, pattern_type: :hardcoded_secret}
13:17:20.626 [debug] Match confidence: 0.264, min_confidence: 0.7, match: %{type: "js-hardcoded-secret-password", context: %{node_type: "VariableDeclarator", depth: 3, parent_type: "VariableDeclaration"}, location: %{depth: 3, end_column: 440, end_line: 1, start_line: 1, start_column: 429}, severity: "high", pattern_id: "js-hardcoded-secret-password", pattern_name: "Hardcoded Password", recommendation: "Review this code for potential security issues", confidence: 0.9, pattern_type: :hardcoded_secret}
13:17:20.626 [debug] Match confidence: 0.264, min_confidence: 0.7, match: %{type: "js-hardcoded-secret-password", context: %{node_type: "VariableDeclarator", depth: 3, parent_type: "VariableDeclaration"}, location: %{depth: 3, end_column: 457, end_line: 1, start_line: 1, start_column: 446}, severity: "high", pattern_id: "js-hardcoded-secret-password", pattern_name: "Hardcoded Password", recommendation: "Review this code for potential security issues", confidence: 0.9, pattern_type: :hardcoded_secret}
13:17:20.626 [debug] Match confidence: 0.264, min_confidence: 0.7, match: %{type: "js-hardcoded-secret-password", context: %{node_type: "VariableDeclarator", depth: 3, parent_type: "VariableDeclaration"}, location: %{depth: 3, end_column: 474, end_line: 1, start_line: 1, start_column: 463}, severity: "high", pattern_id: "js-hardcoded-secret-password", pattern_name: "Hardcoded Password", recommendation: "Review this code for potential security issues", confidence: 0.9, pattern_type: :hardcoded_secret}
13:17:20.626 [debug] Match confidence: 0.264, min_confidence: 0.7, match: %{type: "js-hardcoded-secret-password", context: %{node_type: "VariableDeclarator", depth: 3, parent_type: "VariableDeclaration"}, location: %{depth: 3, end_column: 491, end_line: 1, start_line: 1, start_column: 480}, severity: "high", pattern_id: "js-hardcoded-secret-password", pattern_name: "Hardcoded Password", recommendation: "Review this code for potential security issues", confidence: 0.9, pattern_type: :hardcoded_secret}
13:17:20.626 [debug] Match confidence: 0.264, min_confidence: 0.7, match: %{type: "js-hardcoded-secret-password", context: %{node_type: "VariableDeclarator", depth: 3, parent_type: "VariableDeclaration"}, location: %{depth: 3, end_column: 508, end_line: 1, start_line: 1, start_column: 497}, severity: "high", pattern_id: "js-hardcoded-secret-password", pattern_name: "Hardcoded Password", recommendation: "Review this code for potential security issues", confidence: 0.9, pattern_type: :hardcoded_secret}
13:17:20.626 [debug] Match confidence: 0.264, min_confidence: 0.7, match: %{type: "js-hardcoded-secret-password", context: %{node_type: "VariableDeclarator", depth: 3, parent_type: "VariableDeclaration"}, location: %{depth: 3, end_column: 525, end_line: 1, start_line: 1, start_column: 514}, severity: "high", pattern_id: "js-hardcoded-secret-password", pattern_name: "Hardcoded Password", recommendation: "Review this code for potential security issues", confidence: 0.9, pattern_type: :hardcoded_secret}
13:17:20.626 [debug] Match confidence: 0.264, min_confidence: 0.7, match: %{type: "js-hardcoded-secret-password", context: %{node_type: "VariableDeclarator", depth: 3, parent_type: "VariableDeclaration"}, location: %{depth: 3, end_column: 542, end_line: 1, start_line: 1, start_column: 531}, severity: "high", pattern_id: "js-hardcoded-secret-password", pattern_name: "Hardcoded Password", recommendation: "Review this code for potential security issues", confidence: 0.9, pattern_type: :hardcoded_secret}
13:17:20.626 [debug] Match confidence: 0.264, min_confidence: 0.7, match: %{type: "js-hardcoded-secret-password", context: %{node_type: "VariableDeclarator", depth: 3, parent_type: "VariableDeclaration"}, location: %{depth: 3, end_column: 559, end_line: 1, start_line: 1, start_column: 548}, severity: "high", pattern_id: "js-hardcoded-secret-password", pattern_name: "Hardcoded Password", recommendation: "Review this code for potential security issues", confidence: 0.9, pattern_type: :hardcoded_secret}
13:17:20.626 [debug] Match confidence: 0.264, min_confidence: 0.7, match: %{type: "js-hardcoded-secret-password", context: %{node_type: "VariableDeclarator", depth: 3, parent_type: "VariableDeclaration"}, location: %{depth: 3, end_column: 576, end_line: 1, start_line: 1, start_column: 565}, severity: "high", pattern_id: "js-hardcoded-secret-password", pattern_name: "Hardcoded Password", recommendation: "Review this code for potential security issues", confidence: 0.9, pattern_type: :hardcoded_secret}
13:17:20.627 [debug] Match confidence: 0.264, min_confidence: 0.7, match: %{type: "js-hardcoded-secret-password", context: %{node_type: "VariableDeclarator", depth: 3, parent_type: "VariableDeclaration"}, location: %{depth: 3, end_column: 593, end_line: 1, start_line: 1, start_column: 582}, severity: "high", pattern_id: "js-hardcoded-secret-password", pattern_name: "Hardcoded Password", recommendation: "Review this code for potential security issues", confidence: 0.9, pattern_type: :hardcoded_secret}
13:17:20.627 [debug] Match confidence: 0.264, min_confidence: 0.7, match: %{type: "js-hardcoded-secret-password", context: %{node_type: "VariableDeclarator", depth: 3, parent_type: "VariableDeclaration"}, location: %{depth: 3, end_column: 610, end_line: 1, start_line: 1, start_column: 599}, severity: "high", pattern_id: "js-hardcoded-secret-password", pattern_name: "Hardcoded Password", recommendation: "Review this code for potential security issues", confidence: 0.9, pattern_type: :hardcoded_secret}
13:17:20.627 [debug] Match confidence: 0.264, min_confidence: 0.7, match: %{type: "js-hardcoded-secret-password", context: %{node_type: "VariableDeclarator", depth: 3, parent_type: "VariableDeclaration"}, location: %{depth: 3, end_column: 627, end_line: 1, start_line: 1, start_column: 616}, severity: "high", pattern_id: "js-hardcoded-secret-password", pattern_name: "Hardcoded Password", recommendation: "Review this code for potential security issues", confidence: 0.9, pattern_type: :hardcoded_secret}
13:17:20.627 [debug] Match confidence: 0.264, min_confidence: 0.7, match: %{type: "js-hardcoded-secret-password", context: %{node_type: "VariableDeclarator", depth: 3, parent_type: "VariableDeclaration"}, location: %{depth: 3, end_column: 644, end_line: 1, start_line: 1, start_column: 633}, severity: "high", pattern_id: "js-hardcoded-secret-password", pattern_name: "Hardcoded Password", recommendation: "Review this code for potential security issues", confidence: 0.9, pattern_type: :hardcoded_secret}
13:17:20.627 [debug] Match confidence: 0.264, min_confidence: 0.7, match: %{type: "js-hardcoded-secret-password", context: %{node_type: "VariableDeclarator", depth: 3, parent_type: "VariableDeclaration"}, location: %{depth: 3, end_column: 661, end_line: 1, start_line: 1, start_column: 650}, severity: "high", pattern_id: "js-hardcoded-secret-password", pattern_name: "Hardcoded Password", recommendation: "Review this code for potential security issues", confidence: 0.9, pattern_type: :hardcoded_secret}
13:17:20.627 [debug] Match confidence: 0.264, min_confidence: 0.7, match: %{type: "js-hardcoded-secret-password", context: %{node_type: "VariableDeclarator", depth: 3, parent_type: "VariableDeclaration"}, location: %{depth: 3, end_column: 678, end_line: 1, start_line: 1, start_column: 667}, severity: "high", pattern_id: "js-hardcoded-secret-password", pattern_name: "Hardcoded Password", recommendation: "Review this code for potential security issues", confidence: 0.9, pattern_type: :hardcoded_secret}
13:17:20.627 [debug] Match confidence: 0.264, min_confidence: 0.7, match: %{type: "js-hardcoded-secret-password", context: %{node_type: "VariableDeclarator", depth: 3, parent_type: "VariableDeclaration"}, location: %{depth: 3, end_column: 695, end_line: 1, start_line: 1, start_column: 684}, severity: "high", pattern_id: "js-hardcoded-secret-password", pattern_name: "Hardcoded Password", recommendation: "Review this code for potential security issues", confidence: 0.9, pattern_type: :hardcoded_secret}
13:17:20.627 [debug] Match confidence: 0.264, min_confidence: 0.7, match: %{type: "js-hardcoded-secret-password", context: %{node_type: "VariableDeclarator", depth: 3, parent_type: "VariableDeclaration"}, location: %{depth: 3, end_column: 712, end_line: 1, start_line: 1, start_column: 701}, severity: "high", pattern_id: "js-hardcoded-secret-password", pattern_name: "Hardcoded Password", recommendation: "Review this code for potential security issues", confidence: 0.9, pattern_type: :hardcoded_secret}
13:17:20.627 [debug] Match confidence: 0.264, min_confidence: 0.7, match: %{type: "js-hardcoded-secret-password", context: %{node_type: "VariableDeclarator", depth: 3, parent_type: "VariableDeclaration"}, location: %{depth: 3, end_column: 729, end_line: 1, start_line: 1, start_column: 718}, severity: "high", pattern_id: "js-hardcoded-secret-password", pattern_name: "Hardcoded Password", recommendation: "Review this code for potential security issues", confidence: 0.9, pattern_type: :hardcoded_secret}
13:17:20.627 [debug] Match confidence: 0.264, min_confidence: 0.7, match: %{type: "js-hardcoded-secret-password", context: %{node_type: "VariableDeclarator", depth: 3, parent_type: "VariableDeclaration"}, location: %{depth: 3, end_column: 746, end_line: 1, start_line: 1, start_column: 735}, severity: "high", pattern_id: "js-hardcoded-secret-password", pattern_name: "Hardcoded Password", recommendation: "Review this code for potential security issues", confidence: 0.9, pattern_type: :hardcoded_secret}
13:17:20.627 [debug] Match confidence: 0.264, min_confidence: 0.7, match: %{type: "js-hardcoded-secret-password", context: %{node_type: "VariableDeclarator", depth: 3, parent_type: "VariableDeclaration"}, location: %{depth: 3, end_column: 763, end_line: 1, start_line: 1, start_column: 752}, severity: "high", pattern_id: "js-hardcoded-secret-password", pattern_name: "Hardcoded Password", recommendation: "Review this code for potential security issues", confidence: 0.9, pattern_type: :hardcoded_secret}
13:17:20.627 [debug] Match confidence: 0.264, min_confidence: 0.7, match: %{type: "js-hardcoded-secret-password", context: %{node_type: "VariableDeclarator", depth: 3, parent_type: "VariableDeclaration"}, location: %{depth: 3, end_column: 780, end_line: 1, start_line: 1, start_column: 769}, severity: "high", pattern_id: "js-hardcoded-secret-password", pattern_name: "Hardcoded Password", recommendation: "Review this code for potential security issues", confidence: 0.9, pattern_type: :hardcoded_secret}
13:17:20.627 [debug] Match confidence: 0.264, min_confidence: 0.7, match: %{type: "js-hardcoded-secret-password", context: %{node_type: "VariableDeclarator", depth: 3, parent_type: "VariableDeclaration"}, location: %{depth: 3, end_column: 797, end_line: 1, start_line: 1, start_column: 786}, severity: "high", pattern_id: "js-hardcoded-secret-password", pattern_name: "Hardcoded Password", recommendation: "Review this code for potential security issues", confidence: 0.9, pattern_type: :hardcoded_secret}
13:17:20.627 [debug] Match confidence: 0.264, min_confidence: 0.7, match: %{type: "js-hardcoded-secret-password", context: %{node_type: "VariableDeclarator", depth: 3, parent_type: "VariableDeclaration"}, location: %{depth: 3, end_column: 814, end_line: 1, start_line: 1, start_column: 803}, severity: "high", pattern_id: "js-hardcoded-secret-password", pattern_name: "Hardcoded Password", recommendation: "Review this code for potential security issues", confidence: 0.9, pattern_type: :hardcoded_secret}
13:17:20.627 [debug] Match confidence: 0.264, min_confidence: 0.7, match: %{type: "js-hardcoded-secret-password", context: %{node_type: "VariableDeclarator", depth: 3, parent_type: "VariableDeclaration"}, location: %{depth: 3, end_column: 831, end_line: 1, start_line: 1, start_column: 820}, severity: "high", pattern_id: "js-hardcoded-secret-password", pattern_name: "Hardcoded Password", recommendation: "Review this code for potential security issues", confidence: 0.9, pattern_type: :hardcoded_secret}
13:17:20.627 [debug] Match confidence: 0.264, min_confidence: 0.7, match: %{type: "js-hardcoded-secret-password", context: %{node_type: "VariableDeclarator", depth: 3, parent_type: "VariableDeclaration"}, location: %{depth: 3, end_column: 848, end_line: 1, start_line: 1, start_column: 837}, severity: "high", pattern_id: "js-hardcoded-secret-password", pattern_name: "Hardcoded Password", recommendation: "Review this code for potential security issues", confidence: 0.9, pattern_type: :hardcoded_secret}
13:17:20.627 [debug] Match confidence: 0.264, min_confidence: 0.7, match: %{type: "js-hardcoded-secret-password", context: %{node_type: "VariableDeclarator", depth: 3, parent_type: "VariableDeclaration"}, location: %{depth: 3, end_column: 865, end_line: 1, start_line: 1, start_column: 854}, severity: "high", pattern_id: "js-hardcoded-secret-password", pattern_name: "Hardcoded Password", recommendation: "Review this code for potential security issues", confidence: 0.9, pattern_type: :hardcoded_secret}
13:17:20.627 [debug] Match confidence: 0.264, min_confidence: 0.7, match: %{type: "js-hardcoded-secret-password", context: %{node_type: "VariableDeclarator", depth: 3, parent_type: "VariableDeclaration"}, location: %{depth: 3, end_column: 882, end_line: 1, start_line: 1, start_column: 871}, severity: "high", pattern_id: "js-hardcoded-secret-password", pattern_name: "Hardcoded Password", recommendation: "Review this code for potential security issues", confidence: 0.9, pattern_type: :hardcoded_secret}
13:17:20.628 [debug] Match confidence: 0.264, min_confidence: 0.7, match: %{type: "js-hardcoded-secret-password", context: %{node_type: "VariableDeclarator", depth: 3, parent_type: "VariableDeclaration"}, location: %{depth: 3, end_column: 899, end_line: 1, start_line: 1, start_column: 888}, severity: "high", pattern_id: "js-hardcoded-secret-password", pattern_name: "Hardcoded Password", recommendation: "Review this code for potential security issues", confidence: 0.9, pattern_type: :hardcoded_secret}
13:17:20.628 [debug] Match confidence: 0.264, min_confidence: 0.7, match: %{type: "js-hardcoded-secret-password", context: %{node_type: "VariableDeclarator", depth: 3, parent_type: "VariableDeclaration"}, location: %{depth: 3, end_column: 916, end_line: 1, start_line: 1, start_column: 905}, severity: "high", pattern_id: "js-hardcoded-secret-password", pattern_name: "Hardcoded Password", recommendation: "Review this code for potential security issues", confidence: 0.9, pattern_type: :hardcoded_secret}
13:17:20.628 [debug] Match confidence: 0.264, min_confidence: 0.7, match: %{type: "js-hardcoded-secret-password", context: %{node_type: "VariableDeclarator", depth: 3, parent_type: "VariableDeclaration"}, location: %{depth: 3, end_column: 933, end_line: 1, start_line: 1, start_column: 922}, severity: "high", pattern_id: "js-hardcoded-secret-password", pattern_name: "Hardcoded Password", recommendation: "Review this code for potential security issues", confidence: 0.9, pattern_type: :hardcoded_secret}
13:17:20.628 [debug] Match confidence: 0.264, min_confidence: 0.7, match: %{type: "js-hardcoded-secret-password", context: %{node_type: "VariableDeclarator", depth: 3, parent_type: "VariableDeclaration"}, location: %{depth: 3, end_column: 950, end_line: 1, start_line: 1, start_column: 939}, severity: "high", pattern_id: "js-hardcoded-secret-password", pattern_name: "Hardcoded Password", recommendation: "Review this code for potential security issues", confidence: 0.9, pattern_type: :hardcoded_secret}
13:17:20.628 [debug] Match confidence: 0.264, min_confidence: 0.7, match: %{type: "js-hardcoded-secret-password", context: %{node_type: "VariableDeclarator", depth: 3, parent_type: "VariableDeclaration"}, location: %{depth: 3, end_column: 967, end_line: 1, start_line: 1, start_column: 956}, severity: "high", pattern_id: "js-hardcoded-secret-password", pattern_name: "Hardcoded Password", recommendation: "Review this code for potential security issues", confidence: 0.9, pattern_type: :hardcoded_secret}
13:17:20.628 [debug] Match confidence: 0.264, min_confidence: 0.7, match: %{type: "js-hardcoded-secret-password", context: %{node_type: "VariableDeclarator", depth: 3, parent_type: "VariableDeclaration"}, location: %{depth: 3, end_column: 984, end_line: 1, start_line: 1, start_column: 973}, severity: "high", pattern_id: "js-hardcoded-secret-password", pattern_name: "Hardcoded Password", recommendation: "Review this code for potential security issues", confidence: 0.9, pattern_type: :hardcoded_secret}
13:17:20.628 [debug] Match confidence: 0.264, min_confidence: 0.7, match: %{type: "js-hardcoded-secret-password", context: %{node_type: "VariableDeclarator", depth: 3, parent_type: "VariableDeclaration"}, location: %{depth: 3, end_column: 1001, end_line: 1, start_line: 1, start_column: 990}, severity: "high", pattern_id: "js-hardcoded-secret-password", pattern_name: "Hardcoded Password", recommendation: "Review this code for potential security issues", confidence: 0.9, pattern_type: :hardcoded_secret}
13:17:20.628 [debug] Match confidence: 0.264, min_confidence: 0.7, match: %{type: "js-hardcoded-secret-password", context: %{node_type: "VariableDeclarator", depth: 3, parent_type: "VariableDeclaration"}, location: %{depth: 3, end_column: 1018, end_line: 1, start_line: 1, start_column: 1007}, severity: "high", pattern_id: "js-hardcoded-secret-password", pattern_name: "Hardcoded Password", recommendation: "Review this code for potential security issues", confidence: 0.9, pattern_type: :hardcoded_secret}
13:17:20.628 [debug] Match confidence: 0.264, min_confidence: 0.7, match: %{type: "js-hardcoded-secret-password", context: %{node_type: "VariableDeclarator", depth: 3, parent_type: "VariableDeclaration"}, location: %{depth: 3, end_column: 1035, end_line: 1, start_line: 1, start_column: 1024}, severity: "high", pattern_id: "js-hardcoded-secret-password", pattern_name: "Hardcoded Password", recommendation: "Review this code for potential security issues", confidence: 0.9, pattern_type: :hardcoded_secret}
13:17:20.628 [debug] Match confidence: 0.264, min_confidence: 0.7, match: %{type: "js-hardcoded-secret-password", context: %{node_type: "VariableDeclarator", depth: 3, parent_type: "VariableDeclaration"}, location: %{depth: 3, end_column: 1052, end_line: 1, start_line: 1, start_column: 1041}, severity: "high", pattern_id: "js-hardcoded-secret-password", pattern_name: "Hardcoded Password", recommendation: "Review this code for potential security issues", confidence: 0.9, pattern_type: :hardcoded_secret}
13:17:20.628 [debug] Match confidence: 0.264, min_confidence: 0.7, match: %{type: "js-hardcoded-secret-password", context: %{node_type: "VariableDeclarator", depth: 3, parent_type: "VariableDeclaration"}, location: %{depth: 3, end_column: 1069, end_line: 1, start_line: 1, start_column: 1058}, severity: "high", pattern_id: "js-hardcoded-secret-password", pattern_name: "Hardcoded Password", recommendation: "Review this code for potential security issues", confidence: 0.9, pattern_type: :hardcoded_secret}
13:17:20.628 [debug] Match confidence: 0.264, min_confidence: 0.7, match: %{type: "js-hardcoded-secret-password", context: %{node_type: "VariableDeclarator", depth: 3, parent_type: "VariableDeclaration"}, location: %{depth: 3, end_column: 1086, end_line: 1, start_line: 1, start_column: 1075}, severity: "high", pattern_id: "js-hardcoded-secret-password", pattern_name: "Hardcoded Password", recommendation: "Review this code for potential security issues", confidence: 0.9, pattern_type: :hardcoded_secret}
13:17:20.628 [debug] Match confidence: 0.264, min_confidence: 0.7, match: %{type: "js-hardcoded-secret-password", context: %{node_type: "VariableDeclarator", depth: 3, parent_type: "VariableDeclaration"}, location: %{depth: 3, end_column: 1103, end_line: 1, start_line: 1, start_column: 1092}, severity: "high", pattern_id: "js-hardcoded-secret-password", pattern_name: "Hardcoded Password", recommendation: "Review this code for potential security issues", confidence: 0.9, pattern_type: :hardcoded_secret}
13:17:20.628 [debug] Match confidence: 0.264, min_confidence: 0.7, match: %{type: "js-hardcoded-secret-password", context: %{node_type: "VariableDeclarator", depth: 3, parent_type: "VariableDeclaration"}, location: %{depth: 3, end_column: 1120, end_line: 1, start_line: 1, start_column: 1109}, severity: "high", pattern_id: "js-hardcoded-secret-password", pattern_name: "Hardcoded Password", recommendation: "Review this code for potential security issues", confidence: 0.9, pattern_type: :hardcoded_secret}
13:17:20.628 [debug] Match confidence: 0.264, min_confidence: 0.7, match: %{type: "js-hardcoded-secret-password", context: %{node_type: "VariableDeclarator", depth: 3, parent_type: "VariableDeclaration"}, location: %{depth: 3, end_column: 1137, end_line: 1, start_line: 1, start_column: 1126}, severity: "high", pattern_id: "js-hardcoded-secret-password", pattern_name: "Hardcoded Password", recommendation: "Review this code for potential security issues", confidence: 0.9, pattern_type: :hardcoded_secret}
13:17:20.628 [debug] Match confidence: 0.264, min_confidence: 0.7, match: %{type: "js-hardcoded-secret-password", context: %{node_type: "VariableDeclarator", depth: 3, parent_type: "VariableDeclaration"}, location: %{depth: 3, end_column: 1154, end_line: 1, start_line: 1, start_column: 1143}, severity: "high", pattern_id: "js-hardcoded-secret-password", pattern_name: "Hardcoded Password", recommendation: "Review this code for potential security issues", confidence: 0.9, pattern_type: :hardcoded_secret}
13:17:20.629 [debug] Match confidence: 0.264, min_confidence: 0.7, match: %{type: "js-hardcoded-secret-password", context: %{node_type: "VariableDeclarator", depth: 3, parent_type: "VariableDeclaration"}, location: %{depth: 3, end_column: 1171, end_line: 1, start_line: 1, start_column: 1160}, severity: "high", pattern_id: "js-hardcoded-secret-password", pattern_name: "Hardcoded Password", recommendation: "Review this code for potential security issues", confidence: 0.9, pattern_type: :hardcoded_secret}
13:17:20.629 [debug] Match confidence: 0.264, min_confidence: 0.7, match: %{type: "js-hardcoded-secret-password", context: %{node_type: "VariableDeclarator", depth: 3, parent_type: "VariableDeclaration"}, location: %{depth: 3, end_column: 1188, end_line: 1, start_line: 1, start_column: 1177}, severity: "high", pattern_id: "js-hardcoded-secret-password", pattern_name: "Hardcoded Password", recommendation: "Review this code for potential security issues", confidence: 0.9, pattern_type: :hardcoded_secret}
13:17:20.629 [debug] Match confidence: 0.264, min_confidence: 0.7, match: %{type: "js-hardcoded-secret-password", context: %{node_type: "VariableDeclarator", depth: 3, parent_type: "VariableDeclaration"}, location: %{depth: 3, end_column: 1205, end_line: 1, start_line: 1, start_column: 1194}, severity: "high", pattern_id: "js-hardcoded-secret-password", pattern_name: "Hardcoded Password", recommendation: "Review this code for potential security issues", confidence: 0.9, pattern_type: :hardcoded_secret}
13:17:20.629 [debug] Match confidence: 0.264, min_confidence: 0.7, match: %{type: "js-hardcoded-secret-password", context: %{node_type: "VariableDeclarator", depth: 3, parent_type: "VariableDeclaration"}, location: %{depth: 3, end_column: 1222, end_line: 1, start_line: 1, start_column: 1211}, severity: "high", pattern_id: "js-hardcoded-secret-password", pattern_name: "Hardcoded Password", recommendation: "Review this code for potential security issues", confidence: 0.9, pattern_type: :hardcoded_secret}
13:17:20.629 [debug] Match confidence: 0.264, min_confidence: 0.7, match: %{type: "js-hardcoded-secret-password", context: %{node_type: "VariableDeclarator", depth: 3, parent_type: "VariableDeclaration"}, location: %{depth: 3, end_column: 1239, end_line: 1, start_line: 1, start_column: 1228}, severity: "high", pattern_id: "js-hardcoded-secret-password", pattern_name: "Hardcoded Password", recommendation: "Review this code for potential security issues", confidence: 0.9, pattern_type: :hardcoded_secret}
13:17:20.629 [debug] Match confidence: 0.264, min_confidence: 0.7, match: %{type: "js-hardcoded-secret-password", context: %{node_type: "VariableDeclarator", depth: 3, parent_type: "VariableDeclaration"}, location: %{depth: 3, end_column: 1256, end_line: 1, start_line: 1, start_column: 1245}, severity: "high", pattern_id: "js-hardcoded-secret-password", pattern_name: "Hardcoded Password", recommendation: "Review this code for potential security issues", confidence: 0.9, pattern_type: :hardcoded_secret}
13:17:20.629 [debug] Match confidence: 0.264, min_confidence: 0.7, match: %{type: "js-hardcoded-secret-password", context: %{node_type: "VariableDeclarator", depth: 3, parent_type: "VariableDeclaration"}, location: %{depth: 3, end_column: 1273, end_line: 1, start_line: 1, start_column: 1262}, severity: "high", pattern_id: "js-hardcoded-secret-password", pattern_name: "Hardcoded Password", recommendation: "Review this code for potential security issues", confidence: 0.9, pattern_type: :hardcoded_secret}
13:17:20.629 [debug] Match confidence: 0.264, min_confidence: 0.7, match: %{type: "js-hardcoded-secret-password", context: %{node_type: "VariableDeclarator", depth: 3, parent_type: "VariableDeclaration"}, location: %{depth: 3, end_column: 1290, end_line: 1, start_line: 1, start_column: 1279}, severity: "high", pattern_id: "js-hardcoded-secret-password", pattern_name: "Hardcoded Password", recommendation: "Review this code for potential security issues", confidence: 0.9, pattern_type: :hardcoded_secret}
13:17:20.629 [debug] Match confidence: 0.264, min_confidence: 0.7, match: %{type: "js-hardcoded-secret-password", context: %{node_type: "VariableDeclarator", depth: 3, parent_type: "VariableDeclaration"}, location: %{depth: 3, end_column: 1307, end_line: 1, start_line: 1, start_column: 1296}, severity: "high", pattern_id: "js-hardcoded-secret-password", pattern_name: "Hardcoded Password", recommendation: "Review this code for potential security issues", confidence: 0.9, pattern_type: :hardcoded_secret}
13:17:20.629 [debug] Match confidence: 0.264, min_confidence: 0.7, match: %{type: "js-hardcoded-secret-password", context: %{node_type: "VariableDeclarator", depth: 3, parent_type: "VariableDeclaration"}, location: %{depth: 3, end_column: 1324, end_line: 1, start_line: 1, start_column: 1313}, severity: "high", pattern_id: "js-hardcoded-secret-password", pattern_name: "Hardcoded Password", recommendation: "Review this code for potential security issues", confidence: 0.9, pattern_type: :hardcoded_secret}
13:17:20.629 [debug] Match confidence: 0.264, min_confidence: 0.7, match: %{type: "js-hardcoded-secret-password", context: %{node_type: "VariableDeclarator", depth: 3, parent_type: "VariableDeclaration"}, location: %{depth: 3, end_column: 1341, end_line: 1, start_line: 1, start_column: 1330}, severity: "high", pattern_id: "js-hardcoded-secret-password", pattern_name: "Hardcoded Password", recommendation: "Review this code for potential security issues", confidence: 0.9, pattern_type: :hardcoded_secret}
13:17:20.629 [debug] Match confidence: 0.264, min_confidence: 0.7, match: %{type: "js-hardcoded-secret-password", context: %{node_type: "VariableDeclarator", depth: 3, parent_type: "VariableDeclaration"}, location: %{depth: 3, end_column: 1358, end_line: 1, start_line: 1, start_column: 1347}, severity: "high", pattern_id: "js-hardcoded-secret-password", pattern_name: "Hardcoded Password", recommendation: "Review this code for potential security issues", confidence: 0.9, pattern_type: :hardcoded_secret}
13:17:20.629 [debug] Match confidence: 0.264, min_confidence: 0.7, match: %{type: "js-hardcoded-secret-password", context: %{node_type: "VariableDeclarator", depth: 3, parent_type: "VariableDeclaration"}, location: %{depth: 3, end_column: 1375, end_line: 1, start_line: 1, start_column: 1364}, severity: "high", pattern_id: "js-hardcoded-secret-password", pattern_name: "Hardcoded Password", recommendation: "Review this code for potential security issues", confidence: 0.9, pattern_type: :hardcoded_secret}
13:17:20.629 [debug] Match confidence: 0.264, min_confidence: 0.7, match: %{type: "js-hardcoded-secret-password", context: %{node_type: "VariableDeclarator", depth: 3, parent_type: "VariableDeclaration"}, location: %{depth: 3, end_column: 1392, end_line: 1, start_line: 1, start_column: 1381}, severity: "high", pattern_id: "js-hardcoded-secret-password", pattern_name: "Hardcoded Password", recommendation: "Review this code for potential security issues", confidence: 0.9, pattern_type: :hardcoded_secret}
13:17:20.629 [debug] Match confidence: 0.264, min_confidence: 0.7, match: %{type: "js-hardcoded-secret-password", context: %{node_type: "VariableDeclarator", depth: 3, parent_type: "VariableDeclaration"}, location: %{depth: 3, end_column: 1409, end_line: 1, start_line: 1, start_column: 1398}, severity: "high", pattern_id: "js-hardcoded-secret-password", pattern_name: "Hardcoded Password", recommendation: "Review this code for potential security issues", confidence: 0.9, pattern_type: :hardcoded_secret}
13:17:20.629 [debug] Match confidence: 0.264, min_confidence: 0.7, match: %{type: "js-hardcoded-secret-password", context: %{node_type: "VariableDeclarator", depth: 3, parent_type: "VariableDeclaration"}, location: %{depth: 3, end_column: 1426, end_line: 1, start_line: 1, start_column: 1415}, severity: "high", pattern_id: "js-hardcoded-secret-password", pattern_name: "Hardcoded Password", recommendation: "Review this code for potential security issues", confidence: 0.9, pattern_type: :hardcoded_secret}
13:17:20.629 [debug] Match confidence: 0.264, min_confidence: 0.7, match: %{type: "js-hardcoded-secret-password", context: %{node_type: "VariableDeclarator", depth: 3, parent_type: "VariableDeclaration"}, location: %{depth: 3, end_column: 1443, end_line: 1, start_line: 1, start_column: 1432}, severity: "high", pattern_id: "js-hardcoded-secret-password", pattern_name: "Hardcoded Password", recommendation: "Review this code for potential security issues", confidence: 0.9, pattern_type: :hardcoded_secret}
13:17:20.629 [debug] Match confidence: 0.264, min_confidence: 0.7, match: %{type: "js-hardcoded-secret-password", context: %{node_type: "VariableDeclarator", depth: 3, parent_type: "VariableDeclaration"}, location: %{depth: 3, end_column: 1460, end_line: 1, start_line: 1, start_column: 1449}, severity: "high", pattern_id: "js-hardcoded-secret-password", pattern_name: "Hardcoded Password", recommendation: "Review this code for potential security issues", confidence: 0.9, pattern_type: :hardcoded_secret}
13:17:20.630 [debug] Match confidence: 0.264, min_confidence: 0.7, match: %{type: "js-hardcoded-secret-password", context: %{node_type: "VariableDeclarator", depth: 3, parent_type: "VariableDeclaration"}, location: %{depth: 3, end_column: 1477, end_line: 1, start_line: 1, start_column: 1466}, severity: "high", pattern_id: "js-hardcoded-secret-password", pattern_name: "Hardcoded Password", recommendation: "Review this code for potential security issues", confidence: 0.9, pattern_type: :hardcoded_secret}
13:17:20.630 [debug] Match confidence: 0.264, min_confidence: 0.7, match: %{type: "js-hardcoded-secret-password", context: %{node_type: "VariableDeclarator", depth: 3, parent_type: "VariableDeclaration"}, location: %{depth: 3, end_column: 1494, end_line: 1, start_line: 1, start_column: 1483}, severity: "high", pattern_id: "js-hardcoded-secret-password", pattern_name: "Hardcoded Password", recommendation: "Review this code for potential security issues", confidence: 0.9, pattern_type: :hardcoded_secret}
13:17:20.630 [debug] Match confidence: 0.264, min_confidence: 0.7, match: %{type: "js-hardcoded-secret-password", context: %{node_type: "VariableDeclarator", depth: 3, parent_type: "VariableDeclaration"}, location: %{depth: 3, end_column: 1511, end_line: 1, start_line: 1, start_column: 1500}, severity: "high", pattern_id: "js-hardcoded-secret-password", pattern_name: "Hardcoded Password", recommendation: "Review this code for potential security issues", confidence: 0.9, pattern_type: :hardcoded_secret}
13:17:20.630 [debug] Match confidence: 0.264, min_confidence: 0.7, match: %{type: "js-hardcoded-secret-password", context: %{node_type: "VariableDeclarator", depth: 3, parent_type: "VariableDeclaration"}, location: %{depth: 3, end_column: 1528, end_line: 1, start_line: 1, start_column: 1517}, severity: "high", pattern_id: "js-hardcoded-secret-password", pattern_name: "Hardcoded Password", recommendation: "Review this code for potential security issues", confidence: 0.9, pattern_type: :hardcoded_secret}
13:17:20.630 [debug] Match confidence: 0.264, min_confidence: 0.7, match: %{type: "js-hardcoded-secret-password", context: %{node_type: "VariableDeclarator", depth: 3, parent_type: "VariableDeclaration"}, location: %{depth: 3, end_column: 1545, end_line: 1, start_line: 1, start_column: 1534}, severity: "high", pattern_id: "js-hardcoded-secret-password", pattern_name: "Hardcoded Password", recommendation: "Review this code for potential security issues", confidence: 0.9, pattern_type: :hardcoded_secret}
13:17:20.630 [debug] Match confidence: 0.264, min_confidence: 0.7, match: %{type: "js-hardcoded-secret-password", context: %{node_type: "VariableDeclarator", depth: 3, parent_type: "VariableDeclaration"}, location: %{depth: 3, end_column: 1562, end_line: 1, start_line: 1, start_column: 1551}, severity: "high", pattern_id: "js-hardcoded-secret-password", pattern_name: "Hardcoded Password", recommendation: "Review this code for potential security issues", confidence: 0.9, pattern_type: :hardcoded_secret}
13:17:20.630 [debug] Match confidence: 0.264, min_confidence: 0.7, match: %{type: "js-hardcoded-secret-password", context: %{node_type: "VariableDeclarator", depth: 3, parent_type: "VariableDeclaration"}, location: %{depth: 3, end_column: 1579, end_line: 1, start_line: 1, start_column: 1568}, severity: "high", pattern_id: "js-hardcoded-secret-password", pattern_name: "Hardcoded Password", recommendation: "Review this code for potential security issues", confidence: 0.9, pattern_type: :hardcoded_secret}
13:17:20.630 [debug] Match confidence: 0.264, min_confidence: 0.7, match: %{type: "js-hardcoded-secret-password", context: %{node_type: "VariableDeclarator", depth: 3, parent_type: "VariableDeclaration"}, location: %{depth: 3, end_column: 1596, end_line: 1, start_line: 1, start_column: 1585}, severity: "high", pattern_id: "js-hardcoded-secret-password", pattern_name: "Hardcoded Password", recommendation: "Review this code for potential security issues", confidence: 0.9, pattern_type: :hardcoded_secret}
13:17:20.630 [debug] Match confidence: 0.264, min_confidence: 0.7, match: %{type: "js-hardcoded-secret-password", context: %{node_type: "VariableDeclarator", depth: 3, parent_type: "VariableDeclaration"}, location: %{depth: 3, end_column: 1613, end_line: 1, start_line: 1, start_column: 1602}, severity: "high", pattern_id: "js-hardcoded-secret-password", pattern_name: "Hardcoded Password", recommendation: "Review this code for potential security issues", confidence: 0.9, pattern_type: :hardcoded_secret}
13:17:20.630 [debug] Match confidence: 0.264, min_confidence: 0.7, match: %{type: "js-hardcoded-secret-password", context: %{node_type: "VariableDeclarator", depth: 3, parent_type: "VariableDeclaration"}, location: %{depth: 3, end_column: 1630, end_line: 1, start_line: 1, start_column: 1619}, severity: "high", pattern_id: "js-hardcoded-secret-password", pattern_name: "Hardcoded Password", recommendation: "Review this code for potential security issues", confidence: 0.9, pattern_type: :hardcoded_secret}
13:17:20.630 [debug] Match confidence: 0.264, min_confidence: 0.7, match: %{type: "js-hardcoded-secret-password", context: %{node_type: "VariableDeclarator", depth: 3, parent_type: "VariableDeclaration"}, location: %{depth: 3, end_column: 1647, end_line: 1, start_line: 1, start_column: 1636}, severity: "high", pattern_id: "js-hardcoded-secret-password", pattern_name: "Hardcoded Password", recommendation: "Review this code for potential security issues", confidence: 0.9, pattern_type: :hardcoded_secret}
13:17:20.630 [debug] Match confidence: 0.264, min_confidence: 0.7, match: %{type: "js-hardcoded-secret-password", context: %{node_type: "VariableDeclarator", depth: 3, parent_type: "VariableDeclaration"}, location: %{depth: 3, end_column: 1664, end_line: 1, start_line: 1, start_column: 1653}, severity: "high", pattern_id: "js-hardcoded-secret-password", pattern_name: "Hardcoded Password", recommendation: "Review this code for potential security issues", confidence: 0.9, pattern_type: :hardcoded_secret}
13:17:20.630 [debug] Match confidence: 0.264, min_confidence: 0.7, match: %{type: "js-hardcoded-secret-password", context: %{node_type: "VariableDeclarator", depth: 3, parent_type: "VariableDeclaration"}, location: %{depth: 3, end_column: 1681, end_line: 1, start_line: 1, start_column: 1670}, severity: "high", pattern_id: "js-hardcoded-secret-password", pattern_name: "Hardcoded Password", recommendation: "Review this code for potential security issues", confidence: 0.9, pattern_type: :hardcoded_secret}
13:17:20.630 [debug] Match confidence: 0.264, min_confidence: 0.7, match: %{type: "js-hardcoded-secret-password", context: %{node_type: "VariableDeclarator", depth: 3, parent_type: "VariableDeclaration"}, location: %{depth: 3, end_column: 1698, end_line: 1, start_line: 1, start_column: 1687}, severity: "high", pattern_id: "js-hardcoded-secret-password", pattern_name: "Hardcoded Password", recommendation: "Review this code for potential security issues", confidence: 0.9, pattern_type: :hardcoded_secret}
13:17:20.630 [debug] Match confidence: 0.264, min_confidence: 0.7, match: %{type: "js-hardcoded-secret-api-key", context: %{node_type: "VariableDeclarator", depth: 3, parent_type: "VariableDeclaration"}, location: %{depth: 3, end_column: 15, end_line: 1, start_line: 1, start_column: 4}, severity: "high", pattern_id: "js-hardcoded-secret-api-key", pattern_name: "Hardcoded API Key", recommendation: "Review this code for potential security issues", confidence: 0.9, pattern_type: :hardcoded_secret}
13:17:20.630 [debug] Match confidence: 0.264, min_confidence: 0.7, match: %{type: "js-hardcoded-secret-api-key", context: %{node_type: "VariableDeclarator", depth: 3, parent_type: "VariableDeclaration"}, location: %{depth: 3, end_column: 32, end_line: 1, start_line: 1, start_column: 21}, severity: "high", pattern_id: "js-hardcoded-secret-api-key", pattern_name: "Hardcoded API Key", recommendation: "Review this code for potential security issues", confidence: 0.9, pattern_type: :hardcoded_secret}
13:17:20.630 [debug] Match confidence: 0.264, min_confidence: 0.7, match: %{type: "js-hardcoded-secret-api-key", context: %{node_type: "VariableDeclarator", depth: 3, parent_type: "VariableDeclaration"}, location: %{depth: 3, end_column: 49, end_line: 1, start_line: 1, start_column: 38}, severity: "high", pattern_id: "js-hardcoded-secret-api-key", pattern_name: "Hardcoded API Key", recommendation: "Review this code for potential security issues", confidence: 0.9, pattern_type: :hardcoded_secret}
13:17:20.630 [debug] Match confidence: 0.264, min_confidence: 0.7, match: %{type: "js-hardcoded-secret-api-key", context: %{node_type: "VariableDeclarator", depth: 3, parent_type: "VariableDeclaration"}, location: %{depth: 3, end_column: 66, end_line: 1, start_line: 1, start_column: 55}, severity: "high", pattern_id: "js-hardcoded-secret-api-key", pattern_name: "Hardcoded API Key", recommendation: "Review this code for potential security issues", confidence: 0.9, pattern_type: :hardcoded_secret}
13:17:20.630 [debug] Match confidence: 0.264, min_confidence: 0.7, match: %{type: "js-hardcoded-secret-api-key", context: %{node_type: "VariableDeclarator", depth: 3, parent_type: "VariableDeclaration"}, location: %{depth: 3, end_column: 83, end_line: 1, start_line: 1, start_column: 72}, severity: "high", pattern_id: "js-hardcoded-secret-api-key", pattern_name: "Hardcoded API Key", recommendation: "Review this code for potential security issues", confidence: 0.9, pattern_type: :hardcoded_secret}
13:17:20.630 [debug] Match confidence: 0.264, min_confidence: 0.7, match: %{type: "js-hardcoded-secret-api-key", context: %{node_type: "VariableDeclarator", depth: 3, parent_type: "VariableDeclaration"}, location: %{depth: 3, end_column: 100, end_line: 1, start_line: 1, start_column: 89}, severity: "high", pattern_id: "js-hardcoded-secret-api-key", pattern_name: "Hardcoded API Key", recommendation: "Review this code for potential security issues", confidence: 0.9, pattern_type: :hardcoded_secret}
13:17:20.630 [debug] Match confidence: 0.264, min_confidence: 0.7, match: %{type: "js-hardcoded-secret-api-key", context: %{node_type: "VariableDeclarator", depth: 3, parent_type: "VariableDeclaration"}, location: %{depth: 3, end_column: 117, end_line: 1, start_line: 1, start_column: 106}, severity: "high", pattern_id: "js-hardcoded-secret-api-key", pattern_name: "Hardcoded API Key", recommendation: "Review this code for potential security issues", confidence: 0.9, pattern_type: :hardcoded_secret}
13:17:20.630 [debug] Match confidence: 0.264, min_confidence: 0.7, match: %{type: "js-hardcoded-secret-api-key", context: %{node_type: "VariableDeclarator", depth: 3, parent_type: "VariableDeclaration"}, location: %{depth: 3, end_column: 134, end_line: 1, start_line: 1, start_column: 123}, severity: "high", pattern_id: "js-hardcoded-secret-api-key", pattern_name: "Hardcoded API Key", recommendation: "Review this code for potential security issues", confidence: 0.9, pattern_type: :hardcoded_secret}
13:17:20.631 [debug] Match confidence: 0.264, min_confidence: 0.7, match: %{type: "js-hardcoded-secret-api-key", context: %{node_type: "VariableDeclarator", depth: 3, parent_type: "VariableDeclaration"}, location: %{depth: 3, end_column: 151, end_line: 1, start_line: 1, start_column: 140}, severity: "high", pattern_id: "js-hardcoded-secret-api-key", pattern_name: "Hardcoded API Key", recommendation: "Review this code for potential security issues", confidence: 0.9, pattern_type: :hardcoded_secret}
13:17:20.631 [debug] Match confidence: 0.264, min_confidence: 0.7, match: %{type: "js-hardcoded-secret-api-key", context: %{node_type: "VariableDeclarator", depth: 3, parent_type: "VariableDeclaration"}, location: %{depth: 3, end_column: 168, end_line: 1, start_line: 1, start_column: 157}, severity: "high", pattern_id: "js-hardcoded-secret-api-key", pattern_name: "Hardcoded API Key", recommendation: "Review this code for potential security issues", confidence: 0.9, pattern_type: :hardcoded_secret}
13:17:20.631 [debug] Match confidence: 0.264, min_confidence: 0.7, match: %{type: "js-hardcoded-secret-api-key", context: %{node_type: "VariableDeclarator", depth: 3, parent_type: "VariableDeclaration"}, location: %{depth: 3, end_column: 185, end_line: 1, start_line: 1, start_column: 174}, severity: "high", pattern_id: "js-hardcoded-secret-api-key", pattern_name: "Hardcoded API Key", recommendation: "Review this code for potential security issues", confidence: 0.9, pattern_type: :hardcoded_secret}
13:17:20.631 [debug] Match confidence: 0.264, min_confidence: 0.7, match: %{type: "js-hardcoded-secret-api-key", context: %{node_type: "VariableDeclarator", depth: 3, parent_type: "VariableDeclaration"}, location: %{depth: 3, end_column: 202, end_line: 1, start_line: 1, start_column: 191}, severity: "high", pattern_id: "js-hardcoded-secret-api-key", pattern_name: "Hardcoded API Key", recommendation: "Review this code for potential security issues", confidence: 0.9, pattern_type: :hardcoded_secret}
13:17:20.631 [debug] Match confidence: 0.264, min_confidence: 0.7, match: %{type: "js-hardcoded-secret-api-key", context: %{node_type: "VariableDeclarator", depth: 3, parent_type: "VariableDeclaration"}, location: %{depth: 3, end_column: 219, end_line: 1, start_line: 1, start_column: 208}, severity: "high", pattern_id: "js-hardcoded-secret-api-key", pattern_name: "Hardcoded API Key", recommendation: "Review this code for potential security issues", confidence: 0.9, pattern_type: :hardcoded_secret}
13:17:20.631 [debug] Match confidence: 0.264, min_confidence: 0.7, match: %{type: "js-hardcoded-secret-api-key", context: %{node_type: "VariableDeclarator", depth: 3, parent_type: "VariableDeclaration"}, location: %{depth: 3, end_column: 236, end_line: 1, start_line: 1, start_column: 225}, severity: "high", pattern_id: "js-hardcoded-secret-api-key", pattern_name: "Hardcoded API Key", recommendation: "Review this code for potential security issues", confidence: 0.9, pattern_type: :hardcoded_secret}
13:17:20.631 [debug] Match confidence: 0.264, min_confidence: 0.7, match: %{type: "js-hardcoded-secret-api-key", context: %{node_type: "VariableDeclarator", depth: 3, parent_type: "VariableDeclaration"}, location: %{depth: 3, end_column: 253, end_line: 1, start_line: 1, start_column: 242}, severity: "high", pattern_id: "js-hardcoded-secret-api-key", pattern_name: "Hardcoded API Key", recommendation: "Review this code for potential security issues", confidence: 0.9, pattern_type: :hardcoded_secret}
13:17:20.631 [debug] Match confidence: 0.264, min_confidence: 0.7, match: %{type: "js-hardcoded-secret-api-key", context: %{node_type: "VariableDeclarator", depth: 3, parent_type: "VariableDeclaration"}, location: %{depth: 3, end_column: 270, end_line: 1, start_line: 1, start_column: 259}, severity: "high", pattern_id: "js-hardcoded-secret-api-key", pattern_name: "Hardcoded API Key", recommendation: "Review this code for potential security issues", confidence: 0.9, pattern_type: :hardcoded_secret}
13:17:20.631 [debug] Match confidence: 0.264, min_confidence: 0.7, match: %{type: "js-hardcoded-secret-api-key", context: %{node_type: "VariableDeclarator", depth: 3, parent_type: "VariableDeclaration"}, location: %{depth: 3, end_column: 287, end_line: 1, start_line: 1, start_column: 276}, severity: "high", pattern_id: "js-hardcoded-secret-api-key", pattern_name: "Hardcoded API Key", recommendation: "Review this code for potential security issues", confidence: 0.9, pattern_type: :hardcoded_secret}
13:17:20.631 [debug] Match confidence: 0.264, min_confidence: 0.7, match: %{type: "js-hardcoded-secret-api-key", context: %{node_type: "VariableDeclarator", depth: 3, parent_type: "VariableDeclaration"}, location: %{depth: 3, end_column: 304, end_line: 1, start_line: 1, start_column: 293}, severity: "high", pattern_id: "js-hardcoded-secret-api-key", pattern_name: "Hardcoded API Key", recommendation: "Review this code for potential security issues", confidence: 0.9, pattern_type: :hardcoded_secret}
13:17:20.631 [debug] Match confidence: 0.264, min_confidence: 0.7, match: %{type: "js-hardcoded-secret-api-key", context: %{node_type: "VariableDeclarator", depth: 3, parent_type: "VariableDeclaration"}, location: %{depth: 3, end_column: 321, end_line: 1, start_line: 1, start_column: 310}, severity: "high", pattern_id: "js-hardcoded-secret-api-key", pattern_name: "Hardcoded API Key", recommendation: "Review this code for potential security issues", confidence: 0.9, pattern_type: :hardcoded_secret}
13:17:20.631 [debug] Match confidence: 0.264, min_confidence: 0.7, match: %{type: "js-hardcoded-secret-api-key", context: %{node_type: "VariableDeclarator", depth: 3, parent_type: "VariableDeclaration"}, location: %{depth: 3, end_column: 338, end_line: 1, start_line: 1, start_column: 327}, severity: "high", pattern_id: "js-hardcoded-secret-api-key", pattern_name: "Hardcoded API Key", recommendation: "Review this code for potential security issues", confidence: 0.9, pattern_type: :hardcoded_secret}
13:17:20.631 [debug] Match confidence: 0.264, min_confidence: 0.7, match: %{type: "js-hardcoded-secret-api-key", context: %{node_type: "VariableDeclarator", depth: 3, parent_type: "VariableDeclaration"}, location: %{depth: 3, end_column: 355, end_line: 1, start_line: 1, start_column: 344}, severity: "high", pattern_id: "js-hardcoded-secret-api-key", pattern_name: "Hardcoded API Key", recommendation: "Review this code for potential security issues", confidence: 0.9, pattern_type: :hardcoded_secret}
13:17:20.631 [debug] Match confidence: 0.264, min_confidence: 0.7, match: %{type: "js-hardcoded-secret-api-key", context: %{node_type: "VariableDeclarator", depth: 3, parent_type: "VariableDeclaration"}, location: %{depth: 3, end_column: 372, end_line: 1, start_line: 1, start_column: 361}, severity: "high", pattern_id: "js-hardcoded-secret-api-key", pattern_name: "Hardcoded API Key", recommendation: "Review this code for potential security issues", confidence: 0.9, pattern_type: :hardcoded_secret}
13:17:20.631 [debug] Match confidence: 0.264, min_confidence: 0.7, match: %{type: "js-hardcoded-secret-api-key", context: %{node_type: "VariableDeclarator", depth: 3, parent_type: "VariableDeclaration"}, location: %{depth: 3, end_column: 389, end_line: 1, start_line: 1, start_column: 378}, severity: "high", pattern_id: "js-hardcoded-secret-api-key", pattern_name: "Hardcoded API Key", recommendation: "Review this code for potential security issues", confidence: 0.9, pattern_type: :hardcoded_secret}
13:17:20.631 [debug] Match confidence: 0.264, min_confidence: 0.7, match: %{type: "js-hardcoded-secret-api-key", context: %{node_type: "VariableDeclarator", depth: 3, parent_type: "VariableDeclaration"}, location: %{depth: 3, end_column: 406, end_line: 1, start_line: 1, start_column: 395}, severity: "high", pattern_id: "js-hardcoded-secret-api-key", pattern_name: "Hardcoded API Key", recommendation: "Review this code for potential security issues", confidence: 0.9, pattern_type: :hardcoded_secret}
13:17:20.631 [debug] Match confidence: 0.264, min_confidence: 0.7, match: %{type: "js-hardcoded-secret-api-key", context: %{node_type: "VariableDeclarator", depth: 3, parent_type: "VariableDeclaration"}, location: %{depth: 3, end_column: 423, end_line: 1, start_line: 1, start_column: 412}, severity: "high", pattern_id: "js-hardcoded-secret-api-key", pattern_name: "Hardcoded API Key", recommendation: "Review this code for potential security issues", confidence: 0.9, pattern_type: :hardcoded_secret}
13:17:20.631 [debug] Match confidence: 0.264, min_confidence: 0.7, match: %{type: "js-hardcoded-secret-api-key", context: %{node_type: "VariableDeclarator", depth: 3, parent_type: "VariableDeclaration"}, location: %{depth: 3, end_column: 440, end_line: 1, start_line: 1, start_column: 429}, severity: "high", pattern_id: "js-hardcoded-secret-api-key", pattern_name: "Hardcoded API Key", recommendation: "Review this code for potential security issues", confidence: 0.9, pattern_type: :hardcoded_secret}
13:17:20.631 [debug] Match confidence: 0.264, min_confidence: 0.7, match: %{type: "js-hardcoded-secret-api-key", context: %{node_type: "VariableDeclarator", depth: 3, parent_type: "VariableDeclaration"}, location: %{depth: 3, end_column: 457, end_line: 1, start_line: 1, start_column: 446}, severity: "high", pattern_id: "js-hardcoded-secret-api-key", pattern_name: "Hardcoded API Key", recommendation: "Review this code for potential security issues", confidence: 0.9, pattern_type: :hardcoded_secret}
13:17:20.631 [debug] Match confidence: 0.264, min_confidence: 0.7, match: %{type: "js-hardcoded-secret-api-key", context: %{node_type: "VariableDeclarator", depth: 3, parent_type: "VariableDeclaration"}, location: %{depth: 3, end_column: 474, end_line: 1, start_line: 1, start_column: 463}, severity: "high", pattern_id: "js-hardcoded-secret-api-key", pattern_name: "Hardcoded API Key", recommendation: "Review this code for potential security issues", confidence: 0.9, pattern_type: :hardcoded_secret}
13:17:20.631 [debug] Match confidence: 0.264, min_confidence: 0.7, match: %{type: "js-hardcoded-secret-api-key", context: %{node_type: "VariableDeclarator", depth: 3, parent_type: "VariableDeclaration"}, location: %{depth: 3, end_column: 491, end_line: 1, start_line: 1, start_column: 480}, severity: "high", pattern_id: "js-hardcoded-secret-api-key", pattern_name: "Hardcoded API Key", recommendation: "Review this code for potential security issues", confidence: 0.9, pattern_type: :hardcoded_secret}
13:17:20.631 [debug] Match confidence: 0.264, min_confidence: 0.7, match: %{type: "js-hardcoded-secret-api-key", context: %{node_type: "VariableDeclarator", depth: 3, parent_type: "VariableDeclaration"}, location: %{depth: 3, end_column: 508, end_line: 1, start_line: 1, start_column: 497}, severity: "high", pattern_id: "js-hardcoded-secret-api-key", pattern_name: "Hardcoded API Key", recommendation: "Review this code for potential security issues", confidence: 0.9, pattern_type: :hardcoded_secret}
13:17:20.632 [debug] Match confidence: 0.264, min_confidence: 0.7, match: %{type: "js-hardcoded-secret-api-key", context: %{node_type: "VariableDeclarator", depth: 3, parent_type: "VariableDeclaration"}, location: %{depth: 3, end_column: 525, end_line: 1, start_line: 1, start_column: 514}, severity: "high", pattern_id: "js-hardcoded-secret-api-key", pattern_name: "Hardcoded API Key", recommendation: "Review this code for potential security issues", confidence: 0.9, pattern_type: :hardcoded_secret}
13:17:20.632 [debug] Match confidence: 0.264, min_confidence: 0.7, match: %{type: "js-hardcoded-secret-api-key", context: %{node_type: "VariableDeclarator", depth: 3, parent_type: "VariableDeclaration"}, location: %{depth: 3, end_column: 542, end_line: 1, start_line: 1, start_column: 531}, severity: "high", pattern_id: "js-hardcoded-secret-api-key", pattern_name: "Hardcoded API Key", recommendation: "Review this code for potential security issues", confidence: 0.9, pattern_type: :hardcoded_secret}
13:17:20.632 [debug] Match confidence: 0.264, min_confidence: 0.7, match: %{type: "js-hardcoded-secret-api-key", context: %{node_type: "VariableDeclarator", depth: 3, parent_type: "VariableDeclaration"}, location: %{depth: 3, end_column: 559, end_line: 1, start_line: 1, start_column: 548}, severity: "high", pattern_id: "js-hardcoded-secret-api-key", pattern_name: "Hardcoded API Key", recommendation: "Review this code for potential security issues", confidence: 0.9, pattern_type: :hardcoded_secret}
13:17:20.632 [debug] Match confidence: 0.264, min_confidence: 0.7, match: %{type: "js-hardcoded-secret-api-key", context: %{node_type: "VariableDeclarator", depth: 3, parent_type: "VariableDeclaration"}, location: %{depth: 3, end_column: 576, end_line: 1, start_line: 1, start_column: 565}, severity: "high", pattern_id: "js-hardcoded-secret-api-key", pattern_name: "Hardcoded API Key", recommendation: "Review this code for potential security issues", confidence: 0.9, pattern_type: :hardcoded_secret}
13:17:20.632 [debug] Match confidence: 0.264, min_confidence: 0.7, match: %{type: "js-hardcoded-secret-api-key", context: %{node_type: "VariableDeclarator", depth: 3, parent_type: "VariableDeclaration"}, location: %{depth: 3, end_column: 593, end_line: 1, start_line: 1, start_column: 582}, severity: "high", pattern_id: "js-hardcoded-secret-api-key", pattern_name: "Hardcoded API Key", recommendation: "Review this code for potential security issues", confidence: 0.9, pattern_type: :hardcoded_secret}
13:17:20.632 [debug] Match confidence: 0.264, min_confidence: 0.7, match: %{type: "js-hardcoded-secret-api-key", context: %{node_type: "VariableDeclarator", depth: 3, parent_type: "VariableDeclaration"}, location: %{depth: 3, end_column: 610, end_line: 1, start_line: 1, start_column: 599}, severity: "high", pattern_id: "js-hardcoded-secret-api-key", pattern_name: "Hardcoded API Key", recommendation: "Review this code for potential security issues", confidence: 0.9, pattern_type: :hardcoded_secret}
13:17:20.632 [debug] Match confidence: 0.264, min_confidence: 0.7, match: %{type: "js-hardcoded-secret-api-key", context: %{node_type: "VariableDeclarator", depth: 3, parent_type: "VariableDeclaration"}, location: %{depth: 3, end_column: 627, end_line: 1, start_line: 1, start_column: 616}, severity: "high", pattern_id: "js-hardcoded-secret-api-key", pattern_name: "Hardcoded API Key", recommendation: "Review this code for potential security issues", confidence: 0.9, pattern_type: :hardcoded_secret}
13:17:20.632 [debug] Match confidence: 0.264, min_confidence: 0.7, match: %{type: "js-hardcoded-secret-api-key", context: %{node_type: "VariableDeclarator", depth: 3, parent_type: "VariableDeclaration"}, location: %{depth: 3, end_column: 644, end_line: 1, start_line: 1, start_column: 633}, severity: "high", pattern_id: "js-hardcoded-secret-api-key", pattern_name: "Hardcoded API Key", recommendation: "Review this code for potential security issues", confidence: 0.9, pattern_type: :hardcoded_secret}
13:17:20.632 [debug] Match confidence: 0.264, min_confidence: 0.7, match: %{type: "js-hardcoded-secret-api-key", context: %{node_type: "VariableDeclarator", depth: 3, parent_type: "VariableDeclaration"}, location: %{depth: 3, end_column: 661, end_line: 1, start_line: 1, start_column: 650}, severity: "high", pattern_id: "js-hardcoded-secret-api-key", pattern_name: "Hardcoded API Key", recommendation: "Review this code for potential security issues", confidence: 0.9, pattern_type: :hardcoded_secret}
13:17:20.632 [debug] Match confidence: 0.264, min_confidence: 0.7, match: %{type: "js-hardcoded-secret-api-key", context: %{node_type: "VariableDeclarator", depth: 3, parent_type: "VariableDeclaration"}, location: %{depth: 3, end_column: 678, end_line: 1, start_line: 1, start_column: 667}, severity: "high", pattern_id: "js-hardcoded-secret-api-key", pattern_name: "Hardcoded API Key", recommendation: "Review this code for potential security issues", confidence: 0.9, pattern_type: :hardcoded_secret}
13:17:20.632 [debug] Match confidence: 0.264, min_confidence: 0.7, match: %{type: "js-hardcoded-secret-api-key", context: %{node_type: "VariableDeclarator", depth: 3, parent_type: "VariableDeclaration"}, location: %{depth: 3, end_column: 695, end_line: 1, start_line: 1, start_column: 684}, severity: "high", pattern_id: "js-hardcoded-secret-api-key", pattern_name: "Hardcoded API Key", recommendation: "Review this code for potential security issues", confidence: 0.9, pattern_type: :hardcoded_secret}
13:17:20.632 [debug] Match confidence: 0.264, min_confidence: 0.7, match: %{type: "js-hardcoded-secret-api-key", context: %{node_type: "VariableDeclarator", depth: 3, parent_type: "VariableDeclaration"}, location: %{depth: 3, end_column: 712, end_line: 1, start_line: 1, start_column: 701}, severity: "high", pattern_id: "js-hardcoded-secret-api-key", pattern_name: "Hardcoded API Key", recommendation: "Review this code for potential security issues", confidence: 0.9, pattern_type: :hardcoded_secret}
13:17:20.632 [debug] Match confidence: 0.264, min_confidence: 0.7, match: %{type: "js-hardcoded-secret-api-key", context: %{node_type: "VariableDeclarator", depth: 3, parent_type: "VariableDeclaration"}, location: %{depth: 3, end_column: 729, end_line: 1, start_line: 1, start_column: 718}, severity: "high", pattern_id: "js-hardcoded-secret-api-key", pattern_name: "Hardcoded API Key", recommendation: "Review this code for potential security issues", confidence: 0.9, pattern_type: :hardcoded_secret}
13:17:20.632 [debug] Match confidence: 0.264, min_confidence: 0.7, match: %{type: "js-hardcoded-secret-api-key", context: %{node_type: "VariableDeclarator", depth: 3, parent_type: "VariableDeclaration"}, location: %{depth: 3, end_column: 746, end_line: 1, start_line: 1, start_column: 735}, severity: "high", pattern_id: "js-hardcoded-secret-api-key", pattern_name: "Hardcoded API Key", recommendation: "Review this code for potential security issues", confidence: 0.9, pattern_type: :hardcoded_secret}
13:17:20.632 [debug] Match confidence: 0.264, min_confidence: 0.7, match: %{type: "js-hardcoded-secret-api-key", context: %{node_type: "VariableDeclarator", depth: 3, parent_type: "VariableDeclaration"}, location: %{depth: 3, end_column: 763, end_line: 1, start_line: 1, start_column: 752}, severity: "high", pattern_id: "js-hardcoded-secret-api-key", pattern_name: "Hardcoded API Key", recommendation: "Review this code for potential security issues", confidence: 0.9, pattern_type: :hardcoded_secret}
13:17:20.632 [debug] Match confidence: 0.264, min_confidence: 0.7, match: %{type: "js-hardcoded-secret-api-key", context: %{node_type: "VariableDeclarator", depth: 3, parent_type: "VariableDeclaration"}, location: %{depth: 3, end_column: 780, end_line: 1, start_line: 1, start_column: 769}, severity: "high", pattern_id: "js-hardcoded-secret-api-key", pattern_name: "Hardcoded API Key", recommendation: "Review this code for potential security issues", confidence: 0.9, pattern_type: :hardcoded_secret}
13:17:20.632 [debug] Match confidence: 0.264, min_confidence: 0.7, match: %{type: "js-hardcoded-secret-api-key", context: %{node_type: "VariableDeclarator", depth: 3, parent_type: "VariableDeclaration"}, location: %{depth: 3, end_column: 797, end_line: 1, start_line: 1, start_column: 786}, severity: "high", pattern_id: "js-hardcoded-secret-api-key", pattern_name: "Hardcoded API Key", recommendation: "Review this code for potential security issues", confidence: 0.9, pattern_type: :hardcoded_secret}
13:17:20.632 [debug] Match confidence: 0.264, min_confidence: 0.7, match: %{type: "js-hardcoded-secret-api-key", context: %{node_type: "VariableDeclarator", depth: 3, parent_type: "VariableDeclaration"}, location: %{depth: 3, end_column: 814, end_line: 1, start_line: 1, start_column: 803}, severity: "high", pattern_id: "js-hardcoded-secret-api-key", pattern_name: "Hardcoded API Key", recommendation: "Review this code for potential security issues", confidence: 0.9, pattern_type: :hardcoded_secret}
13:17:20.632 [debug] Match confidence: 0.264, min_confidence: 0.7, match: %{type: "js-hardcoded-secret-api-key", context: %{node_type: "VariableDeclarator", depth: 3, parent_type: "VariableDeclaration"}, location: %{depth: 3, end_column: 831, end_line: 1, start_line: 1, start_column: 820}, severity: "high", pattern_id: "js-hardcoded-secret-api-key", pattern_name: "Hardcoded API Key", recommendation: "Review this code for potential security issues", confidence: 0.9, pattern_type: :hardcoded_secret}
13:17:20.632 [debug] Match confidence: 0.264, min_confidence: 0.7, match: %{type: "js-hardcoded-secret-api-key", context: %{node_type: "VariableDeclarator", depth: 3, parent_type: "VariableDeclaration"}, location: %{depth: 3, end_column: 848, end_line: 1, start_line: 1, start_column: 837}, severity: "high", pattern_id: "js-hardcoded-secret-api-key", pattern_name: "Hardcoded API Key", recommendation: "Review this code for potential security issues", confidence: 0.9, pattern_type: :hardcoded_secret}
13:17:20.632 [debug] Match confidence: 0.264, min_confidence: 0.7, match: %{type: "js-hardcoded-secret-api-key", context: %{node_type: "VariableDeclarator", depth: 3, parent_type: "VariableDeclaration"}, location: %{depth: 3, end_column: 865, end_line: 1, start_line: 1, start_column: 854}, severity: "high", pattern_id: "js-hardcoded-secret-api-key", pattern_name: "Hardcoded API Key", recommendation: "Review this code for potential security issues", confidence: 0.9, pattern_type: :hardcoded_secret}
13:17:20.632 [debug] Match confidence: 0.264, min_confidence: 0.7, match: %{type: "js-hardcoded-secret-api-key", context: %{node_type: "VariableDeclarator", depth: 3, parent_type: "VariableDeclaration"}, location: %{depth: 3, end_column: 882, end_line: 1, start_line: 1, start_column: 871}, severity: "high", pattern_id: "js-hardcoded-secret-api-key", pattern_name: "Hardcoded API Key", recommendation: "Review this code for potential security issues", confidence: 0.9, pattern_type: :hardcoded_secret}
13:17:20.632 [debug] Match confidence: 0.264, min_confidence: 0.7, match: %{type: "js-hardcoded-secret-api-key", context: %{node_type: "VariableDeclarator", depth: 3, parent_type: "VariableDeclaration"}, location: %{depth: 3, end_column: 899, end_line: 1, start_line: 1, start_column: 888}, severity: "high", pattern_id: "js-hardcoded-secret-api-key", pattern_name: "Hardcoded API Key", recommendation: "Review this code for potential security issues", confidence: 0.9, pattern_type: :hardcoded_secret}
13:17:20.632 [debug] Match confidence: 0.264, min_confidence: 0.7, match: %{type: "js-hardcoded-secret-api-key", context: %{node_type: "VariableDeclarator", depth: 3, parent_type: "VariableDeclaration"}, location: %{depth: 3, end_column: 916, end_line: 1, start_line: 1, start_column: 905}, severity: "high", pattern_id: "js-hardcoded-secret-api-key", pattern_name: "Hardcoded API Key", recommendation: "Review this code for potential security issues", confidence: 0.9, pattern_type: :hardcoded_secret}
13:17:20.633 [debug] Match confidence: 0.264, min_confidence: 0.7, match: %{type: "js-hardcoded-secret-api-key", context: %{node_type: "VariableDeclarator", depth: 3, parent_type: "VariableDeclaration"}, location: %{depth: 3, end_column: 933, end_line: 1, start_line: 1, start_column: 922}, severity: "high", pattern_id: "js-hardcoded-secret-api-key", pattern_name: "Hardcoded API Key", recommendation: "Review this code for potential security issues", confidence: 0.9, pattern_type: :hardcoded_secret}
13:17:20.633 [debug] Match confidence: 0.264, min_confidence: 0.7, match: %{type: "js-hardcoded-secret-api-key", context: %{node_type: "VariableDeclarator", depth: 3, parent_type: "VariableDeclaration"}, location: %{depth: 3, end_column: 950, end_line: 1, start_line: 1, start_column: 939}, severity: "high", pattern_id: "js-hardcoded-secret-api-key", pattern_name: "Hardcoded API Key", recommendation: "Review this code for potential security issues", confidence: 0.9, pattern_type: :hardcoded_secret}
13:17:20.633 [debug] Match confidence: 0.264, min_confidence: 0.7, match: %{type: "js-hardcoded-secret-api-key", context: %{node_type: "VariableDeclarator", depth: 3, parent_type: "VariableDeclaration"}, location: %{depth: 3, end_column: 967, end_line: 1, start_line: 1, start_column: 956}, severity: "high", pattern_id: "js-hardcoded-secret-api-key", pattern_name: "Hardcoded API Key", recommendation: "Review this code for potential security issues", confidence: 0.9, pattern_type: :hardcoded_secret}
13:17:20.633 [debug] Match confidence: 0.264, min_confidence: 0.7, match: %{type: "js-hardcoded-secret-api-key", context: %{node_type: "VariableDeclarator", depth: 3, parent_type: "VariableDeclaration"}, location: %{depth: 3, end_column: 984, end_line: 1, start_line: 1, start_column: 973}, severity: "high", pattern_id: "js-hardcoded-secret-api-key", pattern_name: "Hardcoded API Key", recommendation: "Review this code for potential security issues", confidence: 0.9, pattern_type: :hardcoded_secret}
13:17:20.633 [debug] Match confidence: 0.264, min_confidence: 0.7, match: %{type: "js-hardcoded-secret-api-key", context: %{node_type: "VariableDeclarator", depth: 3, parent_type: "VariableDeclaration"}, location: %{depth: 3, end_column: 1001, end_line: 1, start_line: 1, start_column: 990}, severity: "high", pattern_id: "js-hardcoded-secret-api-key", pattern_name: "Hardcoded API Key", recommendation: "Review this code for potential security issues", confidence: 0.9, pattern_type: :hardcoded_secret}
13:17:20.633 [debug] Match confidence: 0.264, min_confidence: 0.7, match: %{type: "js-hardcoded-secret-api-key", context: %{node_type: "VariableDeclarator", depth: 3, parent_type: "VariableDeclaration"}, location: %{depth: 3, end_column: 1018, end_line: 1, start_line: 1, start_column: 1007}, severity: "high", pattern_id: "js-hardcoded-secret-api-key", pattern_name: "Hardcoded API Key", recommendation: "Review this code for potential security issues", confidence: 0.9, pattern_type: :hardcoded_secret}
13:17:20.633 [debug] Match confidence: 0.264, min_confidence: 0.7, match: %{type: "js-hardcoded-secret-api-key", context: %{node_type: "VariableDeclarator", depth: 3, parent_type: "VariableDeclaration"}, location: %{depth: 3, end_column: 1035, end_line: 1, start_line: 1, start_column: 1024}, severity: "high", pattern_id: "js-hardcoded-secret-api-key", pattern_name: "Hardcoded API Key", recommendation: "Review this code for potential security issues", confidence: 0.9, pattern_type: :hardcoded_secret}
13:17:20.633 [debug] Match confidence: 0.264, min_confidence: 0.7, match: %{type: "js-hardcoded-secret-api-key", context: %{node_type: "VariableDeclarator", depth: 3, parent_type: "VariableDeclaration"}, location: %{depth: 3, end_column: 1052, end_line: 1, start_line: 1, start_column: 1041}, severity: "high", pattern_id: "js-hardcoded-secret-api-key", pattern_name: "Hardcoded API Key", recommendation: "Review this code for potential security issues", confidence: 0.9, pattern_type: :hardcoded_secret}
13:17:20.633 [debug] Match confidence: 0.264, min_confidence: 0.7, match: %{type: "js-hardcoded-secret-api-key", context: %{node_type: "VariableDeclarator", depth: 3, parent_type: "VariableDeclaration"}, location: %{depth: 3, end_column: 1069, end_line: 1, start_line: 1, start_column: 1058}, severity: "high", pattern_id: "js-hardcoded-secret-api-key", pattern_name: "Hardcoded API Key", recommendation: "Review this code for potential security issues", confidence: 0.9, pattern_type: :hardcoded_secret}
13:17:20.633 [debug] Match confidence: 0.264, min_confidence: 0.7, match: %{type: "js-hardcoded-secret-api-key", context: %{node_type: "VariableDeclarator", depth: 3, parent_type: "VariableDeclaration"}, location: %{depth: 3, end_column: 1086, end_line: 1, start_line: 1, start_column: 1075}, severity: "high", pattern_id: "js-hardcoded-secret-api-key", pattern_name: "Hardcoded API Key", recommendation: "Review this code for potential security issues", confidence: 0.9, pattern_type: :hardcoded_secret}
13:17:20.633 [debug] Match confidence: 0.264, min_confidence: 0.7, match: %{type: "js-hardcoded-secret-api-key", context: %{node_type: "VariableDeclarator", depth: 3, parent_type: "VariableDeclaration"}, location: %{depth: 3, end_column: 1103, end_line: 1, start_line: 1, start_column: 1092}, severity: "high", pattern_id: "js-hardcoded-secret-api-key", pattern_name: "Hardcoded API Key", recommendation: "Review this code for potential security issues", confidence: 0.9, pattern_type: :hardcoded_secret}
13:17:20.633 [debug] Match confidence: 0.264, min_confidence: 0.7, match: %{type: "js-hardcoded-secret-api-key", context: %{node_type: "VariableDeclarator", depth: 3, parent_type: "VariableDeclaration"}, location: %{depth: 3, end_column: 1120, end_line: 1, start_line: 1, start_column: 1109}, severity: "high", pattern_id: "js-hardcoded-secret-api-key", pattern_name: "Hardcoded API Key", recommendation: "Review this code for potential security issues", confidence: 0.9, pattern_type: :hardcoded_secret}
13:17:20.633 [debug] Match confidence: 0.264, min_confidence: 0.7, match: %{type: "js-hardcoded-secret-api-key", context: %{node_type: "VariableDeclarator", depth: 3, parent_type: "VariableDeclaration"}, location: %{depth: 3, end_column: 1137, end_line: 1, start_line: 1, start_column: 1126}, severity: "high", pattern_id: "js-hardcoded-secret-api-key", pattern_name: "Hardcoded API Key", recommendation: "Review this code for potential security issues", confidence: 0.9, pattern_type: :hardcoded_secret}
13:17:20.633 [debug] Match confidence: 0.264, min_confidence: 0.7, match: %{type: "js-hardcoded-secret-api-key", context: %{node_type: "VariableDeclarator", depth: 3, parent_type: "VariableDeclaration"}, location: %{depth: 3, end_column: 1154, end_line: 1, start_line: 1, start_column: 1143}, severity: "high", pattern_id: "js-hardcoded-secret-api-key", pattern_name: "Hardcoded API Key", recommendation: "Review this code for potential security issues", confidence: 0.9, pattern_type: :hardcoded_secret}
13:17:20.633 [debug] Match confidence: 0.264, min_confidence: 0.7, match: %{type: "js-hardcoded-secret-api-key", context: %{node_type: "VariableDeclarator", depth: 3, parent_type: "VariableDeclaration"}, location: %{depth: 3, end_column: 1171, end_line: 1, start_line: 1, start_column: 1160}, severity: "high", pattern_id: "js-hardcoded-secret-api-key", pattern_name: "Hardcoded API Key", recommendation: "Review this code for potential security issues", confidence: 0.9, pattern_type: :hardcoded_secret}
13:17:20.633 [debug] Match confidence: 0.264, min_confidence: 0.7, match: %{type: "js-hardcoded-secret-api-key", context: %{node_type: "VariableDeclarator", depth: 3, parent_type: "VariableDeclaration"}, location: %{depth: 3, end_column: 1188, end_line: 1, start_line: 1, start_column: 1177}, severity: "high", pattern_id: "js-hardcoded-secret-api-key", pattern_name: "Hardcoded API Key", recommendation: "Review this code for potential security issues", confidence: 0.9, pattern_type: :hardcoded_secret}
13:17:20.633 [debug] Match confidence: 0.264, min_confidence: 0.7, match: %{type: "js-hardcoded-secret-api-key", context: %{node_type: "VariableDeclarator", depth: 3, parent_type: "VariableDeclaration"}, location: %{depth: 3, end_column: 1205, end_line: 1, start_line: 1, start_column: 1194}, severity: "high", pattern_id: "js-hardcoded-secret-api-key", pattern_name: "Hardcoded API Key", recommendation: "Review this code for potential security issues", confidence: 0.9, pattern_type: :hardcoded_secret}
13:17:20.633 [debug] Match confidence: 0.264, min_confidence: 0.7, match: %{type: "js-hardcoded-secret-api-key", context: %{node_type: "VariableDeclarator", depth: 3, parent_type: "VariableDeclaration"}, location: %{depth: 3, end_column: 1222, end_line: 1, start_line: 1, start_column: 1211}, severity: "high", pattern_id: "js-hardcoded-secret-api-key", pattern_name: "Hardcoded API Key", recommendation: "Review this code for potential security issues", confidence: 0.9, pattern_type: :hardcoded_secret}
13:17:20.633 [debug] Match confidence: 0.264, min_confidence: 0.7, match: %{type: "js-hardcoded-secret-api-key", context: %{node_type: "VariableDeclarator", depth: 3, parent_type: "VariableDeclaration"}, location: %{depth: 3, end_column: 1239, end_line: 1, start_line: 1, start_column: 1228}, severity: "high", pattern_id: "js-hardcoded-secret-api-key", pattern_name: "Hardcoded API Key", recommendation: "Review this code for potential security issues", confidence: 0.9, pattern_type: :hardcoded_secret}
13:17:20.633 [debug] Match confidence: 0.264, min_confidence: 0.7, match: %{type: "js-hardcoded-secret-api-key", context: %{node_type: "VariableDeclarator", depth: 3, parent_type: "VariableDeclaration"}, location: %{depth: 3, end_column: 1256, end_line: 1, start_line: 1, start_column: 1245}, severity: "high", pattern_id: "js-hardcoded-secret-api-key", pattern_name: "Hardcoded API Key", recommendation: "Review this code for potential security issues", confidence: 0.9, pattern_type: :hardcoded_secret}
13:17:20.633 [debug] Match confidence: 0.264, min_confidence: 0.7, match: %{type: "js-hardcoded-secret-api-key", context: %{node_type: "VariableDeclarator", depth: 3, parent_type: "VariableDeclaration"}, location: %{depth: 3, end_column: 1273, end_line: 1, start_line: 1, start_column: 1262}, severity: "high", pattern_id: "js-hardcoded-secret-api-key", pattern_name: "Hardcoded API Key", recommendation: "Review this code for potential security issues", confidence: 0.9, pattern_type: :hardcoded_secret}
13:17:20.633 [debug] Match confidence: 0.264, min_confidence: 0.7, match: %{type: "js-hardcoded-secret-api-key", context: %{node_type: "VariableDeclarator", depth: 3, parent_type: "VariableDeclaration"}, location: %{depth: 3, end_column: 1290, end_line: 1, start_line: 1, start_column: 1279}, severity: "high", pattern_id: "js-hardcoded-secret-api-key", pattern_name: "Hardcoded API Key", recommendation: "Review this code for potential security issues", confidence: 0.9, pattern_type: :hardcoded_secret}
13:17:20.634 [debug] Match confidence: 0.264, min_confidence: 0.7, match: %{type: "js-hardcoded-secret-api-key", context: %{node_type: "VariableDeclarator", depth: 3, parent_type: "VariableDeclaration"}, location: %{depth: 3, end_column: 1307, end_line: 1, start_line: 1, start_column: 1296}, severity: "high", pattern_id: "js-hardcoded-secret-api-key", pattern_name: "Hardcoded API Key", recommendation: "Review this code for potential security issues", confidence: 0.9, pattern_type: :hardcoded_secret}
13:17:20.634 [debug] Match confidence: 0.264, min_confidence: 0.7, match: %{type: "js-hardcoded-secret-api-key", context: %{node_type: "VariableDeclarator", depth: 3, parent_type: "VariableDeclaration"}, location: %{depth: 3, end_column: 1324, end_line: 1, start_line: 1, start_column: 1313}, severity: "high", pattern_id: "js-hardcoded-secret-api-key", pattern_name: "Hardcoded API Key", recommendation: "Review this code for potential security issues", confidence: 0.9, pattern_type: :hardcoded_secret}
13:17:20.634 [debug] Match confidence: 0.264, min_confidence: 0.7, match: %{type: "js-hardcoded-secret-api-key", context: %{node_type: "VariableDeclarator", depth: 3, parent_type: "VariableDeclaration"}, location: %{depth: 3, end_column: 1341, end_line: 1, start_line: 1, start_column: 1330}, severity: "high", pattern_id: "js-hardcoded-secret-api-key", pattern_name: "Hardcoded API Key", recommendation: "Review this code for potential security issues", confidence: 0.9, pattern_type: :hardcoded_secret}
13:17:20.634 [debug] Match confidence: 0.264, min_confidence: 0.7, match: %{type: "js-hardcoded-secret-api-key", context: %{node_type: "VariableDeclarator", depth: 3, parent_type: "VariableDeclaration"}, location: %{depth: 3, end_column: 1358, end_line: 1, start_line: 1, start_column: 1347}, severity: "high", pattern_id: "js-hardcoded-secret-api-key", pattern_name: "Hardcoded API Key", recommendation: "Review this code for potential security issues", confidence: 0.9, pattern_type: :hardcoded_secret}
13:17:20.634 [debug] Match confidence: 0.264, min_confidence: 0.7, match: %{type: "js-hardcoded-secret-api-key", context: %{node_type: "VariableDeclarator", depth: 3, parent_type: "VariableDeclaration"}, location: %{depth: 3, end_column: 1375, end_line: 1, start_line: 1, start_column: 1364}, severity: "high", pattern_id: "js-hardcoded-secret-api-key", pattern_name: "Hardcoded API Key", recommendation: "Review this code for potential security issues", confidence: 0.9, pattern_type: :hardcoded_secret}
13:17:20.634 [debug] Match confidence: 0.264, min_confidence: 0.7, match: %{type: "js-hardcoded-secret-api-key", context: %{node_type: "VariableDeclarator", depth: 3, parent_type: "VariableDeclaration"}, location: %{depth: 3, end_column: 1392, end_line: 1, start_line: 1, start_column: 1381}, severity: "high", pattern_id: "js-hardcoded-secret-api-key", pattern_name: "Hardcoded API Key", recommendation: "Review this code for potential security issues", confidence: 0.9, pattern_type: :hardcoded_secret}
13:17:20.634 [debug] Match confidence: 0.264, min_confidence: 0.7, match: %{type: "js-hardcoded-secret-api-key", context: %{node_type: "VariableDeclarator", depth: 3, parent_type: "VariableDeclaration"}, location: %{depth: 3, end_column: 1409, end_line: 1, start_line: 1, start_column: 1398}, severity: "high", pattern_id: "js-hardcoded-secret-api-key", pattern_name: "Hardcoded API Key", recommendation: "Review this code for potential security issues", confidence: 0.9, pattern_type: :hardcoded_secret}
13:17:20.634 [debug] Match confidence: 0.264, min_confidence: 0.7, match: %{type: "js-hardcoded-secret-api-key", context: %{node_type: "VariableDeclarator", depth: 3, parent_type: "VariableDeclaration"}, location: %{depth: 3, end_column: 1426, end_line: 1, start_line: 1, start_column: 1415}, severity: "high", pattern_id: "js-hardcoded-secret-api-key", pattern_name: "Hardcoded API Key", recommendation: "Review this code for potential security issues", confidence: 0.9, pattern_type: :hardcoded_secret}
13:17:20.634 [debug] Match confidence: 0.264, min_confidence: 0.7, match: %{type: "js-hardcoded-secret-api-key", context: %{node_type: "VariableDeclarator", depth: 3, parent_type: "VariableDeclaration"}, location: %{depth: 3, end_column: 1443, end_line: 1, start_line: 1, start_column: 1432}, severity: "high", pattern_id: "js-hardcoded-secret-api-key", pattern_name: "Hardcoded API Key", recommendation: "Review this code for potential security issues", confidence: 0.9, pattern_type: :hardcoded_secret}
13:17:20.634 [debug] Match confidence: 0.264, min_confidence: 0.7, match: %{type: "js-hardcoded-secret-api-key", context: %{node_type: "VariableDeclarator", depth: 3, parent_type: "VariableDeclaration"}, location: %{depth: 3, end_column: 1460, end_line: 1, start_line: 1, start_column: 1449}, severity: "high", pattern_id: "js-hardcoded-secret-api-key", pattern_name: "Hardcoded API Key", recommendation: "Review this code for potential security issues", confidence: 0.9, pattern_type: :hardcoded_secret}
13:17:20.634 [debug] Match confidence: 0.264, min_confidence: 0.7, match: %{type: "js-hardcoded-secret-api-key", context: %{node_type: "VariableDeclarator", depth: 3, parent_type: "VariableDeclaration"}, location: %{depth: 3, end_column: 1477, end_line: 1, start_line: 1, start_column: 1466}, severity: "high", pattern_id: "js-hardcoded-secret-api-key", pattern_name: "Hardcoded API Key", recommendation: "Review this code for potential security issues", confidence: 0.9, pattern_type: :hardcoded_secret}
13:17:20.634 [debug] Match confidence: 0.264, min_confidence: 0.7, match: %{type: "js-hardcoded-secret-api-key", context: %{node_type: "VariableDeclarator", depth: 3, parent_type: "VariableDeclaration"}, location: %{depth: 3, end_column: 1494, end_line: 1, start_line: 1, start_column: 1483}, severity: "high", pattern_id: "js-hardcoded-secret-api-key", pattern_name: "Hardcoded API Key", recommendation: "Review this code for potential security issues", confidence: 0.9, pattern_type: :hardcoded_secret}
13:17:20.634 [debug] Match confidence: 0.264, min_confidence: 0.7, match: %{type: "js-hardcoded-secret-api-key", context: %{node_type: "VariableDeclarator", depth: 3, parent_type: "VariableDeclaration"}, location: %{depth: 3, end_column: 1511, end_line: 1, start_line: 1, start_column: 1500}, severity: "high", pattern_id: "js-hardcoded-secret-api-key", pattern_name: "Hardcoded API Key", recommendation: "Review this code for potential security issues", confidence: 0.9, pattern_type: :hardcoded_secret}
13:17:20.634 [debug] Match confidence: 0.264, min_confidence: 0.7, match: %{type: "js-hardcoded-secret-api-key", context: %{node_type: "VariableDeclarator", depth: 3, parent_type: "VariableDeclaration"}, location: %{depth: 3, end_column: 1528, end_line: 1, start_line: 1, start_column: 1517}, severity: "high", pattern_id: "js-hardcoded-secret-api-key", pattern_name: "Hardcoded API Key", recommendation: "Review this code for potential security issues", confidence: 0.9, pattern_type: :hardcoded_secret}
13:17:20.634 [debug] Match confidence: 0.264, min_confidence: 0.7, match: %{type: "js-hardcoded-secret-api-key", context: %{node_type: "VariableDeclarator", depth: 3, parent_type: "VariableDeclaration"}, location: %{depth: 3, end_column: 1545, end_line: 1, start_line: 1, start_column: 1534}, severity: "high", pattern_id: "js-hardcoded-secret-api-key", pattern_name: "Hardcoded API Key", recommendation: "Review this code for potential security issues", confidence: 0.9, pattern_type: :hardcoded_secret}
13:17:20.634 [debug] Match confidence: 0.264, min_confidence: 0.7, match: %{type: "js-hardcoded-secret-api-key", context: %{node_type: "VariableDeclarator", depth: 3, parent_type: "VariableDeclaration"}, location: %{depth: 3, end_column: 1562, end_line: 1, start_line: 1, start_column: 1551}, severity: "high", pattern_id: "js-hardcoded-secret-api-key", pattern_name: "Hardcoded API Key", recommendation: "Review this code for potential security issues", confidence: 0.9, pattern_type: :hardcoded_secret}
13:17:20.634 [debug] Match confidence: 0.264, min_confidence: 0.7, match: %{type: "js-hardcoded-secret-api-key", context: %{node_type: "VariableDeclarator", depth: 3, parent_type: "VariableDeclaration"}, location: %{depth: 3, end_column: 1579, end_line: 1, start_line: 1, start_column: 1568}, severity: "high", pattern_id: "js-hardcoded-secret-api-key", pattern_name: "Hardcoded API Key", recommendation: "Review this code for potential security issues", confidence: 0.9, pattern_type: :hardcoded_secret}
13:17:20.634 [debug] Match confidence: 0.264, min_confidence: 0.7, match: %{type: "js-hardcoded-secret-api-key", context: %{node_type: "VariableDeclarator", depth: 3, parent_type: "VariableDeclaration"}, location: %{depth: 3, end_column: 1596, end_line: 1, start_line: 1, start_column: 1585}, severity: "high", pattern_id: "js-hardcoded-secret-api-key", pattern_name: "Hardcoded API Key", recommendation: "Review this code for potential security issues", confidence: 0.9, pattern_type: :hardcoded_secret}
13:17:20.634 [debug] Match confidence: 0.264, min_confidence: 0.7, match: %{type: "js-hardcoded-secret-api-key", context: %{node_type: "VariableDeclarator", depth: 3, parent_type: "VariableDeclaration"}, location: %{depth: 3, end_column: 1613, end_line: 1, start_line: 1, start_column: 1602}, severity: "high", pattern_id: "js-hardcoded-secret-api-key", pattern_name: "Hardcoded API Key", recommendation: "Review this code for potential security issues", confidence: 0.9, pattern_type: :hardcoded_secret}
13:17:20.634 [debug] Match confidence: 0.264, min_confidence: 0.7, match: %{type: "js-hardcoded-secret-api-key", context: %{node_type: "VariableDeclarator", depth: 3, parent_type: "VariableDeclaration"}, location: %{depth: 3, end_column: 1630, end_line: 1, start_line: 1, start_column: 1619}, severity: "high", pattern_id: "js-hardcoded-secret-api-key", pattern_name: "Hardcoded API Key", recommendation: "Review this code for potential security issues", confidence: 0.9, pattern_type: :hardcoded_secret}
13:17:20.634 [debug] Match confidence: 0.264, min_confidence: 0.7, match: %{type: "js-hardcoded-secret-api-key", context: %{node_type: "VariableDeclarator", depth: 3, parent_type: "VariableDeclaration"}, location: %{depth: 3, end_column: 1647, end_line: 1, start_line: 1, start_column: 1636}, severity: "high", pattern_id: "js-hardcoded-secret-api-key", pattern_name: "Hardcoded API Key", recommendation: "Review this code for potential security issues", confidence: 0.9, pattern_type: :hardcoded_secret}
13:17:20.634 [debug] Match confidence: 0.264, min_confidence: 0.7, match: %{type: "js-hardcoded-secret-api-key", context: %{node_type: "VariableDeclarator", depth: 3, parent_type: "VariableDeclaration"}, location: %{depth: 3, end_column: 1664, end_line: 1, start_line: 1, start_column: 1653}, severity: "high", pattern_id: "js-hardcoded-secret-api-key", pattern_name: "Hardcoded API Key", recommendation: "Review this code for potential security issues", confidence: 0.9, pattern_type: :hardcoded_secret}
13:17:20.634 [debug] Match confidence: 0.264, min_confidence: 0.7, match: %{type: "js-hardcoded-secret-api-key", context: %{node_type: "VariableDeclarator", depth: 3, parent_type: "VariableDeclaration"}, location: %{depth: 3, end_column: 1681, end_line: 1, start_line: 1, start_column: 1670}, severity: "high", pattern_id: "js-hardcoded-secret-api-key", pattern_name: "Hardcoded API Key", recommendation: "Review this code for potential security issues", confidence: 0.9, pattern_type: :hardcoded_secret}
13:17:20.634 [debug] Match confidence: 0.264, min_confidence: 0.7, match: %{type: "js-hardcoded-secret-api-key", context: %{node_type: "VariableDeclarator", depth: 3, parent_type: "VariableDeclaration"}, location: %{depth: 3, end_column: 1698, end_line: 1, start_line: 1, start_column: 1687}, severity: "high", pattern_id: "js-hardcoded-secret-api-key", pattern_name: "Hardcoded API Key", recommendation: "Review this code for potential security issues", confidence: 0.9, pattern_type: :hardcoded_secret}
13:17:20.717 [debug] Parser response received
13:17:20.717 [info] AnalysisService: Loaded 30 patterns for javascript
13:17:20.739 [info] AnalysisService: Found 200 matches
13:17:20.740 [debug] Match confidence: 0.264, min_confidence: 0.7, match: %{type: "js-hardcoded-secret-password", context: %{node_type: "VariableDeclarator", depth: 3, parent_type: "VariableDeclaration"}, location: %{depth: 3, end_column: 15, end_line: 1, start_line: 1, start_column: 4}, severity: "high", pattern_id: "js-hardcoded-secret-password", pattern_name: "Hardcoded Password", recommendation: "Review this code for potential security issues", confidence: 0.9, pattern_type: :hardcoded_secret}
13:17:20.740 [debug] Match confidence: 0.264, min_confidence: 0.7, match: %{type: "js-hardcoded-secret-password", context: %{node_type: "VariableDeclarator", depth: 3, parent_type: "VariableDeclaration"}, location: %{depth: 3, end_column: 32, end_line: 1, start_line: 1, start_column: 21}, severity: "high", pattern_id: "js-hardcoded-secret-password", pattern_name: "Hardcoded Password", recommendation: "Review this code for potential security issues", confidence: 0.9, pattern_type: :hardcoded_secret}
13:17:20.740 [debug] Match confidence: 0.264, min_confidence: 0.7, match: %{type: "js-hardcoded-secret-password", context: %{node_type: "VariableDeclarator", depth: 3, parent_type: "VariableDeclaration"}, location: %{depth: 3, end_column: 49, end_line: 1, start_line: 1, start_column: 38}, severity: "high", pattern_id: "js-hardcoded-secret-password", pattern_name: "Hardcoded Password", recommendation: "Review this code for potential security issues", confidence: 0.9, pattern_type: :hardcoded_secret}
13:17:20.740 [debug] Match confidence: 0.264, min_confidence: 0.7, match: %{type: "js-hardcoded-secret-password", context: %{node_type: "VariableDeclarator", depth: 3, parent_type: "VariableDeclaration"}, location: %{depth: 3, end_column: 66, end_line: 1, start_line: 1, start_column: 55}, severity: "high", pattern_id: "js-hardcoded-secret-password", pattern_name: "Hardcoded Password", recommendation: "Review this code for potential security issues", confidence: 0.9, pattern_type: :hardcoded_secret}
13:17:20.740 [debug] Match confidence: 0.264, min_confidence: 0.7, match: %{type: "js-hardcoded-secret-password", context: %{node_type: "VariableDeclarator", depth: 3, parent_type: "VariableDeclaration"}, location: %{depth: 3, end_column: 83, end_line: 1, start_line: 1, start_column: 72}, severity: "high", pattern_id: "js-hardcoded-secret-password", pattern_name: "Hardcoded Password", recommendation: "Review this code for potential security issues", confidence: 0.9, pattern_type: :hardcoded_secret}
13:17:20.740 [debug] Match confidence: 0.264, min_confidence: 0.7, match: %{type: "js-hardcoded-secret-password", context: %{node_type: "VariableDeclarator", depth: 3, parent_type: "VariableDeclaration"}, location: %{depth: 3, end_column: 100, end_line: 1, start_line: 1, start_column: 89}, severity: "high", pattern_id: "js-hardcoded-secret-password", pattern_name: "Hardcoded Password", recommendation: "Review this code for potential security issues", confidence: 0.9, pattern_type: :hardcoded_secret}
13:17:20.740 [debug] Match confidence: 0.264, min_confidence: 0.7, match: %{type: "js-hardcoded-secret-password", context: %{node_type: "VariableDeclarator", depth: 3, parent_type: "VariableDeclaration"}, location: %{depth: 3, end_column: 117, end_line: 1, start_line: 1, start_column: 106}, severity: "high", pattern_id: "js-hardcoded-secret-password", pattern_name: "Hardcoded Password", recommendation: "Review this code for potential security issues", confidence: 0.9, pattern_type: :hardcoded_secret}
13:17:20.740 [debug] Match confidence: 0.264, min_confidence: 0.7, match: %{type: "js-hardcoded-secret-password", context: %{node_type: "VariableDeclarator", depth: 3, parent_type: "VariableDeclaration"}, location: %{depth: 3, end_column: 134, end_line: 1, start_line: 1, start_column: 123}, severity: "high", pattern_id: "js-hardcoded-secret-password", pattern_name: "Hardcoded Password", recommendation: "Review this code for potential security issues", confidence: 0.9, pattern_type: :hardcoded_secret}
13:17:20.740 [debug] Match confidence: 0.264, min_confidence: 0.7, match: %{type: "js-hardcoded-secret-password", context: %{node_type: "VariableDeclarator", depth: 3, parent_type: "VariableDeclaration"}, location: %{depth: 3, end_column: 151, end_line: 1, start_line: 1, start_column: 140}, severity: "high", pattern_id: "js-hardcoded-secret-password", pattern_name: "Hardcoded Password", recommendation: "Review this code for potential security issues", confidence: 0.9, pattern_type: :hardcoded_secret}
13:17:20.740 [debug] Match confidence: 0.264, min_confidence: 0.7, match: %{type: "js-hardcoded-secret-password", context: %{node_type: "VariableDeclarator", depth: 3, parent_type: "VariableDeclaration"}, location: %{depth: 3, end_column: 168, end_line: 1, start_line: 1, start_column: 157}, severity: "high", pattern_id: "js-hardcoded-secret-password", pattern_name: "Hardcoded Password", recommendation: "Review this code for potential security issues", confidence: 0.9, pattern_type: :hardcoded_secret}
13:17:20.740 [debug] Match confidence: 0.264, min_confidence: 0.7, match: %{type: "js-hardcoded-secret-password", context: %{node_type: "VariableDeclarator", depth: 3, parent_type: "VariableDeclaration"}, location: %{depth: 3, end_column: 185, end_line: 1, start_line: 1, start_column: 174}, severity: "high", pattern_id: "js-hardcoded-secret-password", pattern_name: "Hardcoded Password", recommendation: "Review this code for potential security issues", confidence: 0.9, pattern_type: :hardcoded_secret}
13:17:20.740 [debug] Match confidence: 0.264, min_confidence: 0.7, match: %{type: "js-hardcoded-secret-password", context: %{node_type: "VariableDeclarator", depth: 3, parent_type: "VariableDeclaration"}, location: %{depth: 3, end_column: 202, end_line: 1, start_line: 1, start_column: 191}, severity: "high", pattern_id: "js-hardcoded-secret-password", pattern_name: "Hardcoded Password", recommendation: "Review this code for potential security issues", confidence: 0.9, pattern_type: :hardcoded_secret}
13:17:20.740 [debug] Match confidence: 0.264, min_confidence: 0.7, match: %{type: "js-hardcoded-secret-password", context: %{node_type: "VariableDeclarator", depth: 3, parent_type: "VariableDeclaration"}, location: %{depth: 3, end_column: 219, end_line: 1, start_line: 1, start_column: 208}, severity: "high", pattern_id: "js-hardcoded-secret-password", pattern_name: "Hardcoded Password", recommendation: "Review this code for potential security issues", confidence: 0.9, pattern_type: :hardcoded_secret}
13:17:20.740 [debug] Match confidence: 0.264, min_confidence: 0.7, match: %{type: "js-hardcoded-secret-password", context: %{node_type: "VariableDeclarator", depth: 3, parent_type: "VariableDeclaration"}, location: %{depth: 3, end_column: 236, end_line: 1, start_line: 1, start_column: 225}, severity: "high", pattern_id: "js-hardcoded-secret-password", pattern_name: "Hardcoded Password", recommendation: "Review this code for potential security issues", confidence: 0.9, pattern_type: :hardcoded_secret}
13:17:20.740 [debug] Match confidence: 0.264, min_confidence: 0.7, match: %{type: "js-hardcoded-secret-password", context: %{node_type: "VariableDeclarator", depth: 3, parent_type: "VariableDeclaration"}, location: %{depth: 3, end_column: 253, end_line: 1, start_line: 1, start_column: 242}, severity: "high", pattern_id: "js-hardcoded-secret-password", pattern_name: "Hardcoded Password", recommendation: "Review this code for potential security issues", confidence: 0.9, pattern_type: :hardcoded_secret}
13:17:20.740 [debug] Match confidence: 0.264, min_confidence: 0.7, match: %{type: "js-hardcoded-secret-password", context: %{node_type: "VariableDeclarator", depth: 3, parent_type: "VariableDeclaration"}, location: %{depth: 3, end_column: 270, end_line: 1, start_line: 1, start_column: 259}, severity: "high", pattern_id: "js-hardcoded-secret-password", pattern_name: "Hardcoded Password", recommendation: "Review this code for potential security issues", confidence: 0.9, pattern_type: :hardcoded_secret}
13:17:20.740 [debug] Match confidence: 0.264, min_confidence: 0.7, match: %{type: "js-hardcoded-secret-password", context: %{node_type: "VariableDeclarator", depth: 3, parent_type: "VariableDeclaration"}, location: %{depth: 3, end_column: 287, end_line: 1, start_line: 1, start_column: 276}, severity: "high", pattern_id: "js-hardcoded-secret-password", pattern_name: "Hardcoded Password", recommendation: "Review this code for potential security issues", confidence: 0.9, pattern_type: :hardcoded_secret}
13:17:20.740 [debug] Match confidence: 0.264, min_confidence: 0.7, match: %{type: "js-hardcoded-secret-password", context: %{node_type: "VariableDeclarator", depth: 3, parent_type: "VariableDeclaration"}, location: %{depth: 3, end_column: 304, end_line: 1, start_line: 1, start_column: 293}, severity: "high", pattern_id: "js-hardcoded-secret-password", pattern_name: "Hardcoded Password", recommendation: "Review this code for potential security issues", confidence: 0.9, pattern_type: :hardcoded_secret}
13:17:20.740 [debug] Match confidence: 0.264, min_confidence: 0.7, match: %{type: "js-hardcoded-secret-password", context: %{node_type: "VariableDeclarator", depth: 3, parent_type: "VariableDeclaration"}, location: %{depth: 3, end_column: 321, end_line: 1, start_line: 1, start_column: 310}, severity: "high", pattern_id: "js-hardcoded-secret-password", pattern_name: "Hardcoded Password", recommendation: "Review this code for potential security issues", confidence: 0.9, pattern_type: :hardcoded_secret}
13:17:20.740 [debug] Match confidence: 0.264, min_confidence: 0.7, match: %{type: "js-hardcoded-secret-password", context: %{node_type: "VariableDeclarator", depth: 3, parent_type: "VariableDeclaration"}, location: %{depth: 3, end_column: 338, end_line: 1, start_line: 1, start_column: 327}, severity: "high", pattern_id: "js-hardcoded-secret-password", pattern_name: "Hardcoded Password", recommendation: "Review this code for potential security issues", confidence: 0.9, pattern_type: :hardcoded_secret}
13:17:20.740 [debug] Match confidence: 0.264, min_confidence: 0.7, match: %{type: "js-hardcoded-secret-password", context: %{node_type: "VariableDeclarator", depth: 3, parent_type: "VariableDeclaration"}, location: %{depth: 3, end_column: 355, end_line: 1, start_line: 1, start_column: 344}, severity: "high", pattern_id: "js-hardcoded-secret-password", pattern_name: "Hardcoded Password", recommendation: "Review this code for potential security issues", confidence: 0.9, pattern_type: :hardcoded_secret}
13:17:20.740 [debug] Match confidence: 0.264, min_confidence: 0.7, match: %{type: "js-hardcoded-secret-password", context: %{node_type: "VariableDeclarator", depth: 3, parent_type: "VariableDeclaration"}, location: %{depth: 3, end_column: 372, end_line: 1, start_line: 1, start_column: 361}, severity: "high", pattern_id: "js-hardcoded-secret-password", pattern_name: "Hardcoded Password", recommendation: "Review this code for potential security issues", confidence: 0.9, pattern_type: :hardcoded_secret}
13:17:20.740 [debug] Match confidence: 0.264, min_confidence: 0.7, match: %{type: "js-hardcoded-secret-password", context: %{node_type: "VariableDeclarator", depth: 3, parent_type: "VariableDeclaration"}, location: %{depth: 3, end_column: 389, end_line: 1, start_line: 1, start_column: 378}, severity: "high", pattern_id: "js-hardcoded-secret-password", pattern_name: "Hardcoded Password", recommendation: "Review this code for potential security issues", confidence: 0.9, pattern_type: :hardcoded_secret}
13:17:20.740 [debug] Match confidence: 0.264, min_confidence: 0.7, match: %{type: "js-hardcoded-secret-password", context: %{node_type: "VariableDeclarator", depth: 3, parent_type: "VariableDeclaration"}, location: %{depth: 3, end_column: 406, end_line: 1, start_line: 1, start_column: 395}, severity: "high", pattern_id: "js-hardcoded-secret-password", pattern_name: "Hardcoded Password", recommendation: "Review this code for potential security issues", confidence: 0.9, pattern_type: :hardcoded_secret}
13:17:20.740 [debug] Match confidence: 0.264, min_confidence: 0.7, match: %{type: "js-hardcoded-secret-password", context: %{node_type: "VariableDeclarator", depth: 3, parent_type: "VariableDeclaration"}, location: %{depth: 3, end_column: 423, end_line: 1, start_line: 1, start_column: 412}, severity: "high", pattern_id: "js-hardcoded-secret-password", pattern_name: "Hardcoded Password", recommendation: "Review this code for potential security issues", confidence: 0.9, pattern_type: :hardcoded_secret}
13:17:20.740 [debug] Match confidence: 0.264, min_confidence: 0.7, match: %{type: "js-hardcoded-secret-password", context: %{node_type: "VariableDeclarator", depth: 3, parent_type: "VariableDeclaration"}, location: %{depth: 3, end_column: 440, end_line: 1, start_line: 1, start_column: 429}, severity: "high", pattern_id: "js-hardcoded-secret-password", pattern_name: "Hardcoded Password", recommendation: "Review this code for potential security issues", confidence: 0.9, pattern_type: :hardcoded_secret}
13:17:20.740 [debug] Match confidence: 0.264, min_confidence: 0.7, match: %{type: "js-hardcoded-secret-password", context: %{node_type: "VariableDeclarator", depth: 3, parent_type: "VariableDeclaration"}, location: %{depth: 3, end_column: 457, end_line: 1, start_line: 1, start_column: 446}, severity: "high", pattern_id: "js-hardcoded-secret-password", pattern_name: "Hardcoded Password", recommendation: "Review this code for potential security issues", confidence: 0.9, pattern_type: :hardcoded_secret}
13:17:20.740 [debug] Match confidence: 0.264, min_confidence: 0.7, match: %{type: "js-hardcoded-secret-password", context: %{node_type: "VariableDeclarator", depth: 3, parent_type: "VariableDeclaration"}, location: %{depth: 3, end_column: 474, end_line: 1, start_line: 1, start_column: 463}, severity: "high", pattern_id: "js-hardcoded-secret-password", pattern_name: "Hardcoded Password", recommendation: "Review this code for potential security issues", confidence: 0.9, pattern_type: :hardcoded_secret}
13:17:20.740 [debug] Match confidence: 0.264, min_confidence: 0.7, match: %{type: "js-hardcoded-secret-password", context: %{node_type: "VariableDeclarator", depth: 3, parent_type: "VariableDeclaration"}, location: %{depth: 3, end_column: 491, end_line: 1, start_line: 1, start_column: 480}, severity: "high", pattern_id: "js-hardcoded-secret-password", pattern_name: "Hardcoded Password", recommendation: "Review this code for potential security issues", confidence: 0.9, pattern_type: :hardcoded_secret}
13:17:20.740 [debug] Match confidence: 0.264, min_confidence: 0.7, match: %{type: "js-hardcoded-secret-password", context: %{node_type: "VariableDeclarator", depth: 3, parent_type: "VariableDeclaration"}, location: %{depth: 3, end_column: 508, end_line: 1, start_line: 1, start_column: 497}, severity: "high", pattern_id: "js-hardcoded-secret-password", pattern_name: "Hardcoded Password", recommendation: "Review this code for potential security issues", confidence: 0.9, pattern_type: :hardcoded_secret}
13:17:20.740 [debug] Match confidence: 0.264, min_confidence: 0.7, match: %{type: "js-hardcoded-secret-password", context: %{node_type: "VariableDeclarator", depth: 3, parent_type: "VariableDeclaration"}, location: %{depth: 3, end_column: 525, end_line: 1, start_line: 1, start_column: 514}, severity: "high", pattern_id: "js-hardcoded-secret-password", pattern_name: "Hardcoded Password", recommendation: "Review this code for potential security issues", confidence: 0.9, pattern_type: :hardcoded_secret}
13:17:20.741 [debug] Match confidence: 0.264, min_confidence: 0.7, match: %{type: "js-hardcoded-secret-password", context: %{node_type: "VariableDeclarator", depth: 3, parent_type: "VariableDeclaration"}, location: %{depth: 3, end_column: 542, end_line: 1, start_line: 1, start_column: 531}, severity: "high", pattern_id: "js-hardcoded-secret-password", pattern_name: "Hardcoded Password", recommendation: "Review this code for potential security issues", confidence: 0.9, pattern_type: :hardcoded_secret}
13:17:20.741 [debug] Match confidence: 0.264, min_confidence: 0.7, match: %{type: "js-hardcoded-secret-password", context: %{node_type: "VariableDeclarator", depth: 3, parent_type: "VariableDeclaration"}, location: %{depth: 3, end_column: 559, end_line: 1, start_line: 1, start_column: 548}, severity: "high", pattern_id: "js-hardcoded-secret-password", pattern_name: "Hardcoded Password", recommendation: "Review this code for potential security issues", confidence: 0.9, pattern_type: :hardcoded_secret}
13:17:20.741 [debug] Match confidence: 0.264, min_confidence: 0.7, match: %{type: "js-hardcoded-secret-password", context: %{node_type: "VariableDeclarator", depth: 3, parent_type: "VariableDeclaration"}, location: %{depth: 3, end_column: 576, end_line: 1, start_line: 1, start_column: 565}, severity: "high", pattern_id: "js-hardcoded-secret-password", pattern_name: "Hardcoded Password", recommendation: "Review this code for potential security issues", confidence: 0.9, pattern_type: :hardcoded_secret}
13:17:20.741 [debug] Match confidence: 0.264, min_confidence: 0.7, match: %{type: "js-hardcoded-secret-password", context: %{node_type: "VariableDeclarator", depth: 3, parent_type: "VariableDeclaration"}, location: %{depth: 3, end_column: 593, end_line: 1, start_line: 1, start_column: 582}, severity: "high", pattern_id: "js-hardcoded-secret-password", pattern_name: "Hardcoded Password", recommendation: "Review this code for potential security issues", confidence: 0.9, pattern_type: :hardcoded_secret}
13:17:20.741 [debug] Match confidence: 0.264, min_confidence: 0.7, match: %{type: "js-hardcoded-secret-password", context: %{node_type: "VariableDeclarator", depth: 3, parent_type: "VariableDeclaration"}, location: %{depth: 3, end_column: 610, end_line: 1, start_line: 1, start_column: 599}, severity: "high", pattern_id: "js-hardcoded-secret-password", pattern_name: "Hardcoded Password", recommendation: "Review this code for potential security issues", confidence: 0.9, pattern_type: :hardcoded_secret}
13:17:20.741 [debug] Match confidence: 0.264, min_confidence: 0.7, match: %{type: "js-hardcoded-secret-password", context: %{node_type: "VariableDeclarator", depth: 3, parent_type: "VariableDeclaration"}, location: %{depth: 3, end_column: 627, end_line: 1, start_line: 1, start_column: 616}, severity: "high", pattern_id: "js-hardcoded-secret-password", pattern_name: "Hardcoded Password", recommendation: "Review this code for potential security issues", confidence: 0.9, pattern_type: :hardcoded_secret}
13:17:20.741 [debug] Match confidence: 0.264, min_confidence: 0.7, match: %{type: "js-hardcoded-secret-password", context: %{node_type: "VariableDeclarator", depth: 3, parent_type: "VariableDeclaration"}, location: %{depth: 3, end_column: 644, end_line: 1, start_line: 1, start_column: 633}, severity: "high", pattern_id: "js-hardcoded-secret-password", pattern_name: "Hardcoded Password", recommendation: "Review this code for potential security issues", confidence: 0.9, pattern_type: :hardcoded_secret}
13:17:20.741 [debug] Match confidence: 0.264, min_confidence: 0.7, match: %{type: "js-hardcoded-secret-password", context: %{node_type: "VariableDeclarator", depth: 3, parent_type: "VariableDeclaration"}, location: %{depth: 3, end_column: 661, end_line: 1, start_line: 1, start_column: 650}, severity: "high", pattern_id: "js-hardcoded-secret-password", pattern_name: "Hardcoded Password", recommendation: "Review this code for potential security issues", confidence: 0.9, pattern_type: :hardcoded_secret}
13:17:20.741 [debug] Match confidence: 0.264, min_confidence: 0.7, match: %{type: "js-hardcoded-secret-password", context: %{node_type: "VariableDeclarator", depth: 3, parent_type: "VariableDeclaration"}, location: %{depth: 3, end_column: 678, end_line: 1, start_line: 1, start_column: 667}, severity: "high", pattern_id: "js-hardcoded-secret-password", pattern_name: "Hardcoded Password", recommendation: "Review this code for potential security issues", confidence: 0.9, pattern_type: :hardcoded_secret}
13:17:20.741 [debug] Match confidence: 0.264, min_confidence: 0.7, match: %{type: "js-hardcoded-secret-password", context: %{node_type: "VariableDeclarator", depth: 3, parent_type: "VariableDeclaration"}, location: %{depth: 3, end_column: 695, end_line: 1, start_line: 1, start_column: 684}, severity: "high", pattern_id: "js-hardcoded-secret-password", pattern_name: "Hardcoded Password", recommendation: "Review this code for potential security issues", confidence: 0.9, pattern_type: :hardcoded_secret}
13:17:20.741 [debug] Match confidence: 0.264, min_confidence: 0.7, match: %{type: "js-hardcoded-secret-password", context: %{node_type: "VariableDeclarator", depth: 3, parent_type: "VariableDeclaration"}, location: %{depth: 3, end_column: 712, end_line: 1, start_line: 1, start_column: 701}, severity: "high", pattern_id: "js-hardcoded-secret-password", pattern_name: "Hardcoded Password", recommendation: "Review this code for potential security issues", confidence: 0.9, pattern_type: :hardcoded_secret}
13:17:20.741 [debug] Match confidence: 0.264, min_confidence: 0.7, match: %{type: "js-hardcoded-secret-password", context: %{node_type: "VariableDeclarator", depth: 3, parent_type: "VariableDeclaration"}, location: %{depth: 3, end_column: 729, end_line: 1, start_line: 1, start_column: 718}, severity: "high", pattern_id: "js-hardcoded-secret-password", pattern_name: "Hardcoded Password", recommendation: "Review this code for potential security issues", confidence: 0.9, pattern_type: :hardcoded_secret}
13:17:20.741 [debug] Match confidence: 0.264, min_confidence: 0.7, match: %{type: "js-hardcoded-secret-password", context: %{node_type: "VariableDeclarator", depth: 3, parent_type: "VariableDeclaration"}, location: %{depth: 3, end_column: 746, end_line: 1, start_line: 1, start_column: 735}, severity: "high", pattern_id: "js-hardcoded-secret-password", pattern_name: "Hardcoded Password", recommendation: "Review this code for potential security issues", confidence: 0.9, pattern_type: :hardcoded_secret}
13:17:20.741 [debug] Match confidence: 0.264, min_confidence: 0.7, match: %{type: "js-hardcoded-secret-password", context: %{node_type: "VariableDeclarator", depth: 3, parent_type: "VariableDeclaration"}, location: %{depth: 3, end_column: 763, end_line: 1, start_line: 1, start_column: 752}, severity: "high", pattern_id: "js-hardcoded-secret-password", pattern_name: "Hardcoded Password", recommendation: "Review this code for potential security issues", confidence: 0.9, pattern_type: :hardcoded_secret}
13:17:20.741 [debug] Match confidence: 0.264, min_confidence: 0.7, match: %{type: "js-hardcoded-secret-password", context: %{node_type: "VariableDeclarator", depth: 3, parent_type: "VariableDeclaration"}, location: %{depth: 3, end_column: 780, end_line: 1, start_line: 1, start_column: 769}, severity: "high", pattern_id: "js-hardcoded-secret-password", pattern_name: "Hardcoded Password", recommendation: "Review this code for potential security issues", confidence: 0.9, pattern_type: :hardcoded_secret}
13:17:20.741 [debug] Match confidence: 0.264, min_confidence: 0.7, match: %{type: "js-hardcoded-secret-password", context: %{node_type: "VariableDeclarator", depth: 3, parent_type: "VariableDeclaration"}, location: %{depth: 3, end_column: 797, end_line: 1, start_line: 1, start_column: 786}, severity: "high", pattern_id: "js-hardcoded-secret-password", pattern_name: "Hardcoded Password", recommendation: "Review this code for potential security issues", confidence: 0.9, pattern_type: :hardcoded_secret}
13:17:20.741 [debug] Match confidence: 0.264, min_confidence: 0.7, match: %{type: "js-hardcoded-secret-password", context: %{node_type: "VariableDeclarator", depth: 3, parent_type: "VariableDeclaration"}, location: %{depth: 3, end_column: 814, end_line: 1, start_line: 1, start_column: 803}, severity: "high", pattern_id: "js-hardcoded-secret-password", pattern_name: "Hardcoded Password", recommendation: "Review this code for potential security issues", confidence: 0.9, pattern_type: :hardcoded_secret}
13:17:20.741 [debug] Match confidence: 0.264, min_confidence: 0.7, match: %{type: "js-hardcoded-secret-password", context: %{node_type: "VariableDeclarator", depth: 3, parent_type: "VariableDeclaration"}, location: %{depth: 3, end_column: 831, end_line: 1, start_line: 1, start_column: 820}, severity: "high", pattern_id: "js-hardcoded-secret-password", pattern_name: "Hardcoded Password", recommendation: "Review this code for potential security issues", confidence: 0.9, pattern_type: :hardcoded_secret}
13:17:20.741 [debug] Match confidence: 0.264, min_confidence: 0.7, match: %{type: "js-hardcoded-secret-password", context: %{node_type: "VariableDeclarator", depth: 3, parent_type: "VariableDeclaration"}, location: %{depth: 3, end_column: 848, end_line: 1, start_line: 1, start_column: 837}, severity: "high", pattern_id: "js-hardcoded-secret-password", pattern_name: "Hardcoded Password", recommendation: "Review this code for potential security issues", confidence: 0.9, pattern_type: :hardcoded_secret}
13:17:20.741 [debug] Match confidence: 0.264, min_confidence: 0.7, match: %{type: "js-hardcoded-secret-password", context: %{node_type: "VariableDeclarator", depth: 3, parent_type: "VariableDeclaration"}, location: %{depth: 3, end_column: 865, end_line: 1, start_line: 1, start_column: 854}, severity: "high", pattern_id: "js-hardcoded-secret-password", pattern_name: "Hardcoded Password", recommendation: "Review this code for potential security issues", confidence: 0.9, pattern_type: :hardcoded_secret}
13:17:20.741 [debug] Match confidence: 0.264, min_confidence: 0.7, match: %{type: "js-hardcoded-secret-password", context: %{node_type: "VariableDeclarator", depth: 3, parent_type: "VariableDeclaration"}, location: %{depth: 3, end_column: 882, end_line: 1, start_line: 1, start_column: 871}, severity: "high", pattern_id: "js-hardcoded-secret-password", pattern_name: "Hardcoded Password", recommendation: "Review this code for potential security issues", confidence: 0.9, pattern_type: :hardcoded_secret}
13:17:20.741 [debug] Match confidence: 0.264, min_confidence: 0.7, match: %{type: "js-hardcoded-secret-password", context: %{node_type: "VariableDeclarator", depth: 3, parent_type: "VariableDeclaration"}, location: %{depth: 3, end_column: 899, end_line: 1, start_line: 1, start_column: 888}, severity: "high", pattern_id: "js-hardcoded-secret-password", pattern_name: "Hardcoded Password", recommendation: "Review this code for potential security issues", confidence: 0.9, pattern_type: :hardcoded_secret}
13:17:20.741 [debug] Match confidence: 0.264, min_confidence: 0.7, match: %{type: "js-hardcoded-secret-password", context: %{node_type: "VariableDeclarator", depth: 3, parent_type: "VariableDeclaration"}, location: %{depth: 3, end_column: 916, end_line: 1, start_line: 1, start_column: 905}, severity: "high", pattern_id: "js-hardcoded-secret-password", pattern_name: "Hardcoded Password", recommendation: "Review this code for potential security issues", confidence: 0.9, pattern_type: :hardcoded_secret}
13:17:20.741 [debug] Match confidence: 0.264, min_confidence: 0.7, match: %{type: "js-hardcoded-secret-password", context: %{node_type: "VariableDeclarator", depth: 3, parent_type: "VariableDeclaration"}, location: %{depth: 3, end_column: 933, end_line: 1, start_line: 1, start_column: 922}, severity: "high", pattern_id: "js-hardcoded-secret-password", pattern_name: "Hardcoded Password", recommendation: "Review this code for potential security issues", confidence: 0.9, pattern_type: :hardcoded_secret}
13:17:20.741 [debug] Match confidence: 0.264, min_confidence: 0.7, match: %{type: "js-hardcoded-secret-password", context: %{node_type: "VariableDeclarator", depth: 3, parent_type: "VariableDeclaration"}, location: %{depth: 3, end_column: 950, end_line: 1, start_line: 1, start_column: 939}, severity: "high", pattern_id: "js-hardcoded-secret-password", pattern_name: "Hardcoded Password", recommendation: "Review this code for potential security issues", confidence: 0.9, pattern_type: :hardcoded_secret}
13:17:20.741 [debug] Match confidence: 0.264, min_confidence: 0.7, match: %{type: "js-hardcoded-secret-password", context: %{node_type: "VariableDeclarator", depth: 3, parent_type: "VariableDeclaration"}, location: %{depth: 3, end_column: 967, end_line: 1, start_line: 1, start_column: 956}, severity: "high", pattern_id: "js-hardcoded-secret-password", pattern_name: "Hardcoded Password", recommendation: "Review this code for potential security issues", confidence: 0.9, pattern_type: :hardcoded_secret}
13:17:20.741 [debug] Match confidence: 0.264, min_confidence: 0.7, match: %{type: "js-hardcoded-secret-password", context: %{node_type: "VariableDeclarator", depth: 3, parent_type: "VariableDeclaration"}, location: %{depth: 3, end_column: 984, end_line: 1, start_line: 1, start_column: 973}, severity: "high", pattern_id: "js-hardcoded-secret-password", pattern_name: "Hardcoded Password", recommendation: "Review this code for potential security issues", confidence: 0.9, pattern_type: :hardcoded_secret}
13:17:20.741 [debug] Match confidence: 0.264, min_confidence: 0.7, match: %{type: "js-hardcoded-secret-password", context: %{node_type: "VariableDeclarator", depth: 3, parent_type: "VariableDeclaration"}, location: %{depth: 3, end_column: 1001, end_line: 1, start_line: 1, start_column: 990}, severity: "high", pattern_id: "js-hardcoded-secret-password", pattern_name: "Hardcoded Password", recommendation: "Review this code for potential security issues", confidence: 0.9, pattern_type: :hardcoded_secret}
13:17:20.741 [debug] Match confidence: 0.264, min_confidence: 0.7, match: %{type: "js-hardcoded-secret-password", context: %{node_type: "VariableDeclarator", depth: 3, parent_type: "VariableDeclaration"}, location: %{depth: 3, end_column: 1018, end_line: 1, start_line: 1, start_column: 1007}, severity: "high", pattern_id: "js-hardcoded-secret-password", pattern_name: "Hardcoded Password", recommendation: "Review this code for potential security issues", confidence: 0.9, pattern_type: :hardcoded_secret}
13:17:20.741 [debug] Match confidence: 0.264, min_confidence: 0.7, match: %{type: "js-hardcoded-secret-password", context: %{node_type: "VariableDeclarator", depth: 3, parent_type: "VariableDeclaration"}, location: %{depth: 3, end_column: 1035, end_line: 1, start_line: 1, start_column: 1024}, severity: "high", pattern_id: "js-hardcoded-secret-password", pattern_name: "Hardcoded Password", recommendation: "Review this code for potential security issues", confidence: 0.9, pattern_type: :hardcoded_secret}
13:17:20.741 [debug] Match confidence: 0.264, min_confidence: 0.7, match: %{type: "js-hardcoded-secret-password", context: %{node_type: "VariableDeclarator", depth: 3, parent_type: "VariableDeclaration"}, location: %{depth: 3, end_column: 1052, end_line: 1, start_line: 1, start_column: 1041}, severity: "high", pattern_id: "js-hardcoded-secret-password", pattern_name: "Hardcoded Password", recommendation: "Review this code for potential security issues", confidence: 0.9, pattern_type: :hardcoded_secret}
13:17:20.741 [debug] Match confidence: 0.264, min_confidence: 0.7, match: %{type: "js-hardcoded-secret-password", context: %{node_type: "VariableDeclarator", depth: 3, parent_type: "VariableDeclaration"}, location: %{depth: 3, end_column: 1069, end_line: 1, start_line: 1, start_column: 1058}, severity: "high", pattern_id: "js-hardcoded-secret-password", pattern_name: "Hardcoded Password", recommendation: "Review this code for potential security issues", confidence: 0.9, pattern_type: :hardcoded_secret}
13:17:20.741 [debug] Match confidence: 0.264, min_confidence: 0.7, match: %{type: "js-hardcoded-secret-password", context: %{node_type: "VariableDeclarator", depth: 3, parent_type: "VariableDeclaration"}, location: %{depth: 3, end_column: 1086, end_line: 1, start_line: 1, start_column: 1075}, severity: "high", pattern_id: "js-hardcoded-secret-password", pattern_name: "Hardcoded Password", recommendation: "Review this code for potential security issues", confidence: 0.9, pattern_type: :hardcoded_secret}
13:17:20.741 [debug] Match confidence: 0.264, min_confidence: 0.7, match: %{type: "js-hardcoded-secret-password", context: %{node_type: "VariableDeclarator", depth: 3, parent_type: "VariableDeclaration"}, location: %{depth: 3, end_column: 1103, end_line: 1, start_line: 1, start_column: 1092}, severity: "high", pattern_id: "js-hardcoded-secret-password", pattern_name: "Hardcoded Password", recommendation: "Review this code for potential security issues", confidence: 0.9, pattern_type: :hardcoded_secret}
13:17:20.741 [debug] Match confidence: 0.264, min_confidence: 0.7, match: %{type: "js-hardcoded-secret-password", context: %{node_type: "VariableDeclarator", depth: 3, parent_type: "VariableDeclaration"}, location: %{depth: 3, end_column: 1120, end_line: 1, start_line: 1, start_column: 1109}, severity: "high", pattern_id: "js-hardcoded-secret-password", pattern_name: "Hardcoded Password", recommendation: "Review this code for potential security issues", confidence: 0.9, pattern_type: :hardcoded_secret}
13:17:20.741 [debug] Match confidence: 0.264, min_confidence: 0.7, match: %{type: "js-hardcoded-secret-password", context: %{node_type: "VariableDeclarator", depth: 3, parent_type: "VariableDeclaration"}, location: %{depth: 3, end_column: 1137, end_line: 1, start_line: 1, start_column: 1126}, severity: "high", pattern_id: "js-hardcoded-secret-password", pattern_name: "Hardcoded Password", recommendation: "Review this code for potential security issues", confidence: 0.9, pattern_type: :hardcoded_secret}
13:17:20.741 [debug] Match confidence: 0.264, min_confidence: 0.7, match: %{type: "js-hardcoded-secret-password", context: %{node_type: "VariableDeclarator", depth: 3, parent_type: "VariableDeclaration"}, location: %{depth: 3, end_column: 1154, end_line: 1, start_line: 1, start_column: 1143}, severity: "high", pattern_id: "js-hardcoded-secret-password", pattern_name: "Hardcoded Password", recommendation: "Review this code for potential security issues", confidence: 0.9, pattern_type: :hardcoded_secret}
13:17:20.741 [debug] Match confidence: 0.264, min_confidence: 0.7, match: %{type: "js-hardcoded-secret-password", context: %{node_type: "VariableDeclarator", depth: 3, parent_type: "VariableDeclaration"}, location: %{depth: 3, end_column: 1171, end_line: 1, start_line: 1, start_column: 1160}, severity: "high", pattern_id: "js-hardcoded-secret-password", pattern_name: "Hardcoded Password", recommendation: "Review this code for potential security issues", confidence: 0.9, pattern_type: :hardcoded_secret}
13:17:20.741 [debug] Match confidence: 0.264, min_confidence: 0.7, match: %{type: "js-hardcoded-secret-password", context: %{node_type: "VariableDeclarator", depth: 3, parent_type: "VariableDeclaration"}, location: %{depth: 3, end_column: 1188, end_line: 1, start_line: 1, start_column: 1177}, severity: "high", pattern_id: "js-hardcoded-secret-password", pattern_name: "Hardcoded Password", recommendation: "Review this code for potential security issues", confidence: 0.9, pattern_type: :hardcoded_secret}
13:17:20.741 [debug] Match confidence: 0.264, min_confidence: 0.7, match: %{type: "js-hardcoded-secret-password", context: %{node_type: "VariableDeclarator", depth: 3, parent_type: "VariableDeclaration"}, location: %{depth: 3, end_column: 1205, end_line: 1, start_line: 1, start_column: 1194}, severity: "high", pattern_id: "js-hardcoded-secret-password", pattern_name: "Hardcoded Password", recommendation: "Review this code for potential security issues", confidence: 0.9, pattern_type: :hardcoded_secret}
13:17:20.741 [debug] Match confidence: 0.264, min_confidence: 0.7, match: %{type: "js-hardcoded-secret-password", context: %{node_type: "VariableDeclarator", depth: 3, parent_type: "VariableDeclaration"}, location: %{depth: 3, end_column: 1222, end_line: 1, start_line: 1, start_column: 1211}, severity: "high", pattern_id: "js-hardcoded-secret-password", pattern_name: "Hardcoded Password", recommendation: "Review this code for potential security issues", confidence: 0.9, pattern_type: :hardcoded_secret}
13:17:20.741 [debug] Match confidence: 0.264, min_confidence: 0.7, match: %{type: "js-hardcoded-secret-password", context: %{node_type: "VariableDeclarator", depth: 3, parent_type: "VariableDeclaration"}, location: %{depth: 3, end_column: 1239, end_line: 1, start_line: 1, start_column: 1228}, severity: "high", pattern_id: "js-hardcoded-secret-password", pattern_name: "Hardcoded Password", recommendation: "Review this code for potential security issues", confidence: 0.9, pattern_type: :hardcoded_secret}
13:17:20.742 [debug] Match confidence: 0.264, min_confidence: 0.7, match: %{type: "js-hardcoded-secret-password", context: %{node_type: "VariableDeclarator", depth: 3, parent_type: "VariableDeclaration"}, location: %{depth: 3, end_column: 1256, end_line: 1, start_line: 1, start_column: 1245}, severity: "high", pattern_id: "js-hardcoded-secret-password", pattern_name: "Hardcoded Password", recommendation: "Review this code for potential security issues", confidence: 0.9, pattern_type: :hardcoded_secret}
13:17:20.742 [debug] Match confidence: 0.264, min_confidence: 0.7, match: %{type: "js-hardcoded-secret-password", context: %{node_type: "VariableDeclarator", depth: 3, parent_type: "VariableDeclaration"}, location: %{depth: 3, end_column: 1273, end_line: 1, start_line: 1, start_column: 1262}, severity: "high", pattern_id: "js-hardcoded-secret-password", pattern_name: "Hardcoded Password", recommendation: "Review this code for potential security issues", confidence: 0.9, pattern_type: :hardcoded_secret}
13:17:20.742 [debug] Match confidence: 0.264, min_confidence: 0.7, match: %{type: "js-hardcoded-secret-password", context: %{node_type: "VariableDeclarator", depth: 3, parent_type: "VariableDeclaration"}, location: %{depth: 3, end_column: 1290, end_line: 1, start_line: 1, start_column: 1279}, severity: "high", pattern_id: "js-hardcoded-secret-password", pattern_name: "Hardcoded Password", recommendation: "Review this code for potential security issues", confidence: 0.9, pattern_type: :hardcoded_secret}
13:17:20.742 [debug] Match confidence: 0.264, min_confidence: 0.7, match: %{type: "js-hardcoded-secret-password", context: %{node_type: "VariableDeclarator", depth: 3, parent_type: "VariableDeclaration"}, location: %{depth: 3, end_column: 1307, end_line: 1, start_line: 1, start_column: 1296}, severity: "high", pattern_id: "js-hardcoded-secret-password", pattern_name: "Hardcoded Password", recommendation: "Review this code for potential security issues", confidence: 0.9, pattern_type: :hardcoded_secret}
13:17:20.742 [debug] Match confidence: 0.264, min_confidence: 0.7, match: %{type: "js-hardcoded-secret-password", context: %{node_type: "VariableDeclarator", depth: 3, parent_type: "VariableDeclaration"}, location: %{depth: 3, end_column: 1324, end_line: 1, start_line: 1, start_column: 1313}, severity: "high", pattern_id: "js-hardcoded-secret-password", pattern_name: "Hardcoded Password", recommendation: "Review this code for potential security issues", confidence: 0.9, pattern_type: :hardcoded_secret}
13:17:20.742 [debug] Match confidence: 0.264, min_confidence: 0.7, match: %{type: "js-hardcoded-secret-password", context: %{node_type: "VariableDeclarator", depth: 3, parent_type: "VariableDeclaration"}, location: %{depth: 3, end_column: 1341, end_line: 1, start_line: 1, start_column: 1330}, severity: "high", pattern_id: "js-hardcoded-secret-password", pattern_name: "Hardcoded Password", recommendation: "Review this code for potential security issues", confidence: 0.9, pattern_type: :hardcoded_secret}
13:17:20.742 [debug] Match confidence: 0.264, min_confidence: 0.7, match: %{type: "js-hardcoded-secret-password", context: %{node_type: "VariableDeclarator", depth: 3, parent_type: "VariableDeclaration"}, location: %{depth: 3, end_column: 1358, end_line: 1, start_line: 1, start_column: 1347}, severity: "high", pattern_id: "js-hardcoded-secret-password", pattern_name: "Hardcoded Password", recommendation: "Review this code for potential security issues", confidence: 0.9, pattern_type: :hardcoded_secret}
13:17:20.742 [debug] Match confidence: 0.264, min_confidence: 0.7, match: %{type: "js-hardcoded-secret-password", context: %{node_type: "VariableDeclarator", depth: 3, parent_type: "VariableDeclaration"}, location: %{depth: 3, end_column: 1375, end_line: 1, start_line: 1, start_column: 1364}, severity: "high", pattern_id: "js-hardcoded-secret-password", pattern_name: "Hardcoded Password", recommendation: "Review this code for potential security issues", confidence: 0.9, pattern_type: :hardcoded_secret}
13:17:20.742 [debug] Match confidence: 0.264, min_confidence: 0.7, match: %{type: "js-hardcoded-secret-password", context: %{node_type: "VariableDeclarator", depth: 3, parent_type: "VariableDeclaration"}, location: %{depth: 3, end_column: 1392, end_line: 1, start_line: 1, start_column: 1381}, severity: "high", pattern_id: "js-hardcoded-secret-password", pattern_name: "Hardcoded Password", recommendation: "Review this code for potential security issues", confidence: 0.9, pattern_type: :hardcoded_secret}
13:17:20.742 [debug] Match confidence: 0.264, min_confidence: 0.7, match: %{type: "js-hardcoded-secret-password", context: %{node_type: "VariableDeclarator", depth: 3, parent_type: "VariableDeclaration"}, location: %{depth: 3, end_column: 1409, end_line: 1, start_line: 1, start_column: 1398}, severity: "high", pattern_id: "js-hardcoded-secret-password", pattern_name: "Hardcoded Password", recommendation: "Review this code for potential security issues", confidence: 0.9, pattern_type: :hardcoded_secret}
13:17:20.742 [debug] Match confidence: 0.264, min_confidence: 0.7, match: %{type: "js-hardcoded-secret-password", context: %{node_type: "VariableDeclarator", depth: 3, parent_type: "VariableDeclaration"}, location: %{depth: 3, end_column: 1426, end_line: 1, start_line: 1, start_column: 1415}, severity: "high", pattern_id: "js-hardcoded-secret-password", pattern_name: "Hardcoded Password", recommendation: "Review this code for potential security issues", confidence: 0.9, pattern_type: :hardcoded_secret}
13:17:20.742 [debug] Match confidence: 0.264, min_confidence: 0.7, match: %{type: "js-hardcoded-secret-password", context: %{node_type: "VariableDeclarator", depth: 3, parent_type: "VariableDeclaration"}, location: %{depth: 3, end_column: 1443, end_line: 1, start_line: 1, start_column: 1432}, severity: "high", pattern_id: "js-hardcoded-secret-password", pattern_name: "Hardcoded Password", recommendation: "Review this code for potential security issues", confidence: 0.9, pattern_type: :hardcoded_secret}
13:17:20.742 [debug] Match confidence: 0.264, min_confidence: 0.7, match: %{type: "js-hardcoded-secret-password", context: %{node_type: "VariableDeclarator", depth: 3, parent_type: "VariableDeclaration"}, location: %{depth: 3, end_column: 1460, end_line: 1, start_line: 1, start_column: 1449}, severity: "high", pattern_id: "js-hardcoded-secret-password", pattern_name: "Hardcoded Password", recommendation: "Review this code for potential security issues", confidence: 0.9, pattern_type: :hardcoded_secret}
13:17:20.742 [debug] Match confidence: 0.264, min_confidence: 0.7, match: %{type: "js-hardcoded-secret-password", context: %{node_type: "VariableDeclarator", depth: 3, parent_type: "VariableDeclaration"}, location: %{depth: 3, end_column: 1477, end_line: 1, start_line: 1, start_column: 1466}, severity: "high", pattern_id: "js-hardcoded-secret-password", pattern_name: "Hardcoded Password", recommendation: "Review this code for potential security issues", confidence: 0.9, pattern_type: :hardcoded_secret}
13:17:20.742 [debug] Match confidence: 0.264, min_confidence: 0.7, match: %{type: "js-hardcoded-secret-password", context: %{node_type: "VariableDeclarator", depth: 3, parent_type: "VariableDeclaration"}, location: %{depth: 3, end_column: 1494, end_line: 1, start_line: 1, start_column: 1483}, severity: "high", pattern_id: "js-hardcoded-secret-password", pattern_name: "Hardcoded Password", recommendation: "Review this code for potential security issues", confidence: 0.9, pattern_type: :hardcoded_secret}
13:17:20.742 [debug] Match confidence: 0.264, min_confidence: 0.7, match: %{type: "js-hardcoded-secret-password", context: %{node_type: "VariableDeclarator", depth: 3, parent_type: "VariableDeclaration"}, location: %{depth: 3, end_column: 1511, end_line: 1, start_line: 1, start_column: 1500}, severity: "high", pattern_id: "js-hardcoded-secret-password", pattern_name: "Hardcoded Password", recommendation: "Review this code for potential security issues", confidence: 0.9, pattern_type: :hardcoded_secret}
13:17:20.742 [debug] Match confidence: 0.264, min_confidence: 0.7, match: %{type: "js-hardcoded-secret-password", context: %{node_type: "VariableDeclarator", depth: 3, parent_type: "VariableDeclaration"}, location: %{depth: 3, end_column: 1528, end_line: 1, start_line: 1, start_column: 1517}, severity: "high", pattern_id: "js-hardcoded-secret-password", pattern_name: "Hardcoded Password", recommendation: "Review this code for potential security issues", confidence: 0.9, pattern_type: :hardcoded_secret}
13:17:20.742 [debug] Match confidence: 0.264, min_confidence: 0.7, match: %{type: "js-hardcoded-secret-password", context: %{node_type: "VariableDeclarator", depth: 3, parent_type: "VariableDeclaration"}, location: %{depth: 3, end_column: 1545, end_line: 1, start_line: 1, start_column: 1534}, severity: "high", pattern_id: "js-hardcoded-secret-password", pattern_name: "Hardcoded Password", recommendation: "Review this code for potential security issues", confidence: 0.9, pattern_type: :hardcoded_secret}
13:17:20.742 [debug] Match confidence: 0.264, min_confidence: 0.7, match: %{type: "js-hardcoded-secret-password", context: %{node_type: "VariableDeclarator", depth: 3, parent_type: "VariableDeclaration"}, location: %{depth: 3, end_column: 1562, end_line: 1, start_line: 1, start_column: 1551}, severity: "high", pattern_id: "js-hardcoded-secret-password", pattern_name: "Hardcoded Password", recommendation: "Review this code for potential security issues", confidence: 0.9, pattern_type: :hardcoded_secret}
13:17:20.742 [debug] Match confidence: 0.264, min_confidence: 0.7, match: %{type: "js-hardcoded-secret-password", context: %{node_type: "VariableDeclarator", depth: 3, parent_type: "VariableDeclaration"}, location: %{depth: 3, end_column: 1579, end_line: 1, start_line: 1, start_column: 1568}, severity: "high", pattern_id: "js-hardcoded-secret-password", pattern_name: "Hardcoded Password", recommendation: "Review this code for potential security issues", confidence: 0.9, pattern_type: :hardcoded_secret}
13:17:20.742 [debug] Match confidence: 0.264, min_confidence: 0.7, match: %{type: "js-hardcoded-secret-password", context: %{node_type: "VariableDeclarator", depth: 3, parent_type: "VariableDeclaration"}, location: %{depth: 3, end_column: 1596, end_line: 1, start_line: 1, start_column: 1585}, severity: "high", pattern_id: "js-hardcoded-secret-password", pattern_name: "Hardcoded Password", recommendation: "Review this code for potential security issues", confidence: 0.9, pattern_type: :hardcoded_secret}
13:17:20.742 [debug] Match confidence: 0.264, min_confidence: 0.7, match: %{type: "js-hardcoded-secret-password", context: %{node_type: "VariableDeclarator", depth: 3, parent_type: "VariableDeclaration"}, location: %{depth: 3, end_column: 1613, end_line: 1, start_line: 1, start_column: 1602}, severity: "high", pattern_id: "js-hardcoded-secret-password", pattern_name: "Hardcoded Password", recommendation: "Review this code for potential security issues", confidence: 0.9, pattern_type: :hardcoded_secret}
13:17:20.742 [debug] Match confidence: 0.264, min_confidence: 0.7, match: %{type: "js-hardcoded-secret-password", context: %{node_type: "VariableDeclarator", depth: 3, parent_type: "VariableDeclaration"}, location: %{depth: 3, end_column: 1630, end_line: 1, start_line: 1, start_column: 1619}, severity: "high", pattern_id: "js-hardcoded-secret-password", pattern_name: "Hardcoded Password", recommendation: "Review this code for potential security issues", confidence: 0.9, pattern_type: :hardcoded_secret}
13:17:20.742 [debug] Match confidence: 0.264, min_confidence: 0.7, match: %{type: "js-hardcoded-secret-password", context: %{node_type: "VariableDeclarator", depth: 3, parent_type: "VariableDeclaration"}, location: %{depth: 3, end_column: 1647, end_line: 1, start_line: 1, start_column: 1636}, severity: "high", pattern_id: "js-hardcoded-secret-password", pattern_name: "Hardcoded Password", recommendation: "Review this code for potential security issues", confidence: 0.9, pattern_type: :hardcoded_secret}
13:17:20.742 [debug] Match confidence: 0.264, min_confidence: 0.7, match: %{type: "js-hardcoded-secret-password", context: %{node_type: "VariableDeclarator", depth: 3, parent_type: "VariableDeclaration"}, location: %{depth: 3, end_column: 1664, end_line: 1, start_line: 1, start_column: 1653}, severity: "high", pattern_id: "js-hardcoded-secret-password", pattern_name: "Hardcoded Password", recommendation: "Review this code for potential security issues", confidence: 0.9, pattern_type: :hardcoded_secret}
13:17:20.742 [debug] Match confidence: 0.264, min_confidence: 0.7, match: %{type: "js-hardcoded-secret-password", context: %{node_type: "VariableDeclarator", depth: 3, parent_type: "VariableDeclaration"}, location: %{depth: 3, end_column: 1681, end_line: 1, start_line: 1, start_column: 1670}, severity: "high", pattern_id: "js-hardcoded-secret-password", pattern_name: "Hardcoded Password", recommendation: "Review this code for potential security issues", confidence: 0.9, pattern_type: :hardcoded_secret}
13:17:20.743 [debug] Match confidence: 0.264, min_confidence: 0.7, match: %{type: "js-hardcoded-secret-password", context: %{node_type: "VariableDeclarator", depth: 3, parent_type: "VariableDeclaration"}, location: %{depth: 3, end_column: 1698, end_line: 1, start_line: 1, start_column: 1687}, severity: "high", pattern_id: "js-hardcoded-secret-password", pattern_name: "Hardcoded Password", recommendation: "Review this code for potential security issues", confidence: 0.9, pattern_type: :hardcoded_secret}
13:17:20.743 [debug] Match confidence: 0.264, min_confidence: 0.7, match: %{type: "js-hardcoded-secret-api-key", context: %{node_type: "VariableDeclarator", depth: 3, parent_type: "VariableDeclaration"}, location: %{depth: 3, end_column: 15, end_line: 1, start_line: 1, start_column: 4}, severity: "high", pattern_id: "js-hardcoded-secret-api-key", pattern_name: "Hardcoded API Key", recommendation: "Review this code for potential security issues", confidence: 0.9, pattern_type: :hardcoded_secret}
13:17:20.743 [debug] Match confidence: 0.264, min_confidence: 0.7, match: %{type: "js-hardcoded-secret-api-key", context: %{node_type: "VariableDeclarator", depth: 3, parent_type: "VariableDeclaration"}, location: %{depth: 3, end_column: 32, end_line: 1, start_line: 1, start_column: 21}, severity: "high", pattern_id: "js-hardcoded-secret-api-key", pattern_name: "Hardcoded API Key", recommendation: "Review this code for potential security issues", confidence: 0.9, pattern_type: :hardcoded_secret}
13:17:20.743 [debug] Match confidence: 0.264, min_confidence: 0.7, match: %{type: "js-hardcoded-secret-api-key", context: %{node_type: "VariableDeclarator", depth: 3, parent_type: "VariableDeclaration"}, location: %{depth: 3, end_column: 49, end_line: 1, start_line: 1, start_column: 38}, severity: "high", pattern_id: "js-hardcoded-secret-api-key", pattern_name: "Hardcoded API Key", recommendation: "Review this code for potential security issues", confidence: 0.9, pattern_type: :hardcoded_secret}
13:17:20.743 [debug] Match confidence: 0.264, min_confidence: 0.7, match: %{type: "js-hardcoded-secret-api-key", context: %{node_type: "VariableDeclarator", depth: 3, parent_type: "VariableDeclaration"}, location: %{depth: 3, end_column: 66, end_line: 1, start_line: 1, start_column: 55}, severity: "high", pattern_id: "js-hardcoded-secret-api-key", pattern_name: "Hardcoded API Key", recommendation: "Review this code for potential security issues", confidence: 0.9, pattern_type: :hardcoded_secret}
13:17:20.743 [debug] Match confidence: 0.264, min_confidence: 0.7, match: %{type: "js-hardcoded-secret-api-key", context: %{node_type: "VariableDeclarator", depth: 3, parent_type: "VariableDeclaration"}, location: %{depth: 3, end_column: 83, end_line: 1, start_line: 1, start_column: 72}, severity: "high", pattern_id: "js-hardcoded-secret-api-key", pattern_name: "Hardcoded API Key", recommendation: "Review this code for potential security issues", confidence: 0.9, pattern_type: :hardcoded_secret}
13:17:20.743 [debug] Match confidence: 0.264, min_confidence: 0.7, match: %{type: "js-hardcoded-secret-api-key", context: %{node_type: "VariableDeclarator", depth: 3, parent_type: "VariableDeclaration"}, location: %{depth: 3, end_column: 100, end_line: 1, start_line: 1, start_column: 89}, severity: "high", pattern_id: "js-hardcoded-secret-api-key", pattern_name: "Hardcoded API Key", recommendation: "Review this code for potential security issues", confidence: 0.9, pattern_type: :hardcoded_secret}
13:17:20.743 [debug] Match confidence: 0.264, min_confidence: 0.7, match: %{type: "js-hardcoded-secret-api-key", context: %{node_type: "VariableDeclarator", depth: 3, parent_type: "VariableDeclaration"}, location: %{depth: 3, end_column: 117, end_line: 1, start_line: 1, start_column: 106}, severity: "high", pattern_id: "js-hardcoded-secret-api-key", pattern_name: "Hardcoded API Key", recommendation: "Review this code for potential security issues", confidence: 0.9, pattern_type: :hardcoded_secret}
13:17:20.743 [debug] Match confidence: 0.264, min_confidence: 0.7, match: %{type: "js-hardcoded-secret-api-key", context: %{node_type: "VariableDeclarator", depth: 3, parent_type: "VariableDeclaration"}, location: %{depth: 3, end_column: 134, end_line: 1, start_line: 1, start_column: 123}, severity: "high", pattern_id: "js-hardcoded-secret-api-key", pattern_name: "Hardcoded API Key", recommendation: "Review this code for potential security issues", confidence: 0.9, pattern_type: :hardcoded_secret}
13:17:20.743 [debug] Match confidence: 0.264, min_confidence: 0.7, match: %{type: "js-hardcoded-secret-api-key", context: %{node_type: "VariableDeclarator", depth: 3, parent_type: "VariableDeclaration"}, location: %{depth: 3, end_column: 151, end_line: 1, start_line: 1, start_column: 140}, severity: "high", pattern_id: "js-hardcoded-secret-api-key", pattern_name: "Hardcoded API Key", recommendation: "Review this code for potential security issues", confidence: 0.9, pattern_type: :hardcoded_secret}
13:17:20.743 [debug] Match confidence: 0.264, min_confidence: 0.7, match: %{type: "js-hardcoded-secret-api-key", context: %{node_type: "VariableDeclarator", depth: 3, parent_type: "VariableDeclaration"}, location: %{depth: 3, end_column: 168, end_line: 1, start_line: 1, start_column: 157}, severity: "high", pattern_id: "js-hardcoded-secret-api-key", pattern_name: "Hardcoded API Key", recommendation: "Review this code for potential security issues", confidence: 0.9, pattern_type: :hardcoded_secret}
13:17:20.743 [debug] Match confidence: 0.264, min_confidence: 0.7, match: %{type: "js-hardcoded-secret-api-key", context: %{node_type: "VariableDeclarator", depth: 3, parent_type: "VariableDeclaration"}, location: %{depth: 3, end_column: 185, end_line: 1, start_line: 1, start_column: 174}, severity: "high", pattern_id: "js-hardcoded-secret-api-key", pattern_name: "Hardcoded API Key", recommendation: "Review this code for potential security issues", confidence: 0.9, pattern_type: :hardcoded_secret}
13:17:20.743 [debug] Match confidence: 0.264, min_confidence: 0.7, match: %{type: "js-hardcoded-secret-api-key", context: %{node_type: "VariableDeclarator", depth: 3, parent_type: "VariableDeclaration"}, location: %{depth: 3, end_column: 202, end_line: 1, start_line: 1, start_column: 191}, severity: "high", pattern_id: "js-hardcoded-secret-api-key", pattern_name: "Hardcoded API Key", recommendation: "Review this code for potential security issues", confidence: 0.9, pattern_type: :hardcoded_secret}
13:17:20.743 [debug] Match confidence: 0.264, min_confidence: 0.7, match: %{type: "js-hardcoded-secret-api-key", context: %{node_type: "VariableDeclarator", depth: 3, parent_type: "VariableDeclaration"}, location: %{depth: 3, end_column: 219, end_line: 1, start_line: 1, start_column: 208}, severity: "high", pattern_id: "js-hardcoded-secret-api-key", pattern_name: "Hardcoded API Key", recommendation: "Review this code for potential security issues", confidence: 0.9, pattern_type: :hardcoded_secret}
13:17:20.743 [debug] Match confidence: 0.264, min_confidence: 0.7, match: %{type: "js-hardcoded-secret-api-key", context: %{node_type: "VariableDeclarator", depth: 3, parent_type: "VariableDeclaration"}, location: %{depth: 3, end_column: 236, end_line: 1, start_line: 1, start_column: 225}, severity: "high", pattern_id: "js-hardcoded-secret-api-key", pattern_name: "Hardcoded API Key", recommendation: "Review this code for potential security issues", confidence: 0.9, pattern_type: :hardcoded_secret}
13:17:20.743 [debug] Match confidence: 0.264, min_confidence: 0.7, match: %{type: "js-hardcoded-secret-api-key", context: %{node_type: "VariableDeclarator", depth: 3, parent_type: "VariableDeclaration"}, location: %{depth: 3, end_column: 253, end_line: 1, start_line: 1, start_column: 242}, severity: "high", pattern_id: "js-hardcoded-secret-api-key", pattern_name: "Hardcoded API Key", recommendation: "Review this code for potential security issues", confidence: 0.9, pattern_type: :hardcoded_secret}
13:17:20.743 [debug] Match confidence: 0.264, min_confidence: 0.7, match: %{type: "js-hardcoded-secret-api-key", context: %{node_type: "VariableDeclarator", depth: 3, parent_type: "VariableDeclaration"}, location: %{depth: 3, end_column: 270, end_line: 1, start_line: 1, start_column: 259}, severity: "high", pattern_id: "js-hardcoded-secret-api-key", pattern_name: "Hardcoded API Key", recommendation: "Review this code for potential security issues", confidence: 0.9, pattern_type: :hardcoded_secret}
13:17:20.743 [debug] Match confidence: 0.264, min_confidence: 0.7, match: %{type: "js-hardcoded-secret-api-key", context: %{node_type: "VariableDeclarator", depth: 3, parent_type: "VariableDeclaration"}, location: %{depth: 3, end_column: 287, end_line: 1, start_line: 1, start_column: 276}, severity: "high", pattern_id: "js-hardcoded-secret-api-key", pattern_name: "Hardcoded API Key", recommendation: "Review this code for potential security issues", confidence: 0.9, pattern_type: :hardcoded_secret}
13:17:20.743 [debug] Match confidence: 0.264, min_confidence: 0.7, match: %{type: "js-hardcoded-secret-api-key", context: %{node_type: "VariableDeclarator", depth: 3, parent_type: "VariableDeclaration"}, location: %{depth: 3, end_column: 304, end_line: 1, start_line: 1, start_column: 293}, severity: "high", pattern_id: "js-hardcoded-secret-api-key", pattern_name: "Hardcoded API Key", recommendation: "Review this code for potential security issues", confidence: 0.9, pattern_type: :hardcoded_secret}
13:17:20.743 [debug] Match confidence: 0.264, min_confidence: 0.7, match: %{type: "js-hardcoded-secret-api-key", context: %{node_type: "VariableDeclarator", depth: 3, parent_type: "VariableDeclaration"}, location: %{depth: 3, end_column: 321, end_line: 1, start_line: 1, start_column: 310}, severity: "high", pattern_id: "js-hardcoded-secret-api-key", pattern_name: "Hardcoded API Key", recommendation: "Review this code for potential security issues", confidence: 0.9, pattern_type: :hardcoded_secret}
13:17:20.743 [debug] Match confidence: 0.264, min_confidence: 0.7, match: %{type: "js-hardcoded-secret-api-key", context: %{node_type: "VariableDeclarator", depth: 3, parent_type: "VariableDeclaration"}, location: %{depth: 3, end_column: 338, end_line: 1, start_line: 1, start_column: 327}, severity: "high", pattern_id: "js-hardcoded-secret-api-key", pattern_name: "Hardcoded API Key", recommendation: "Review this code for potential security issues", confidence: 0.9, pattern_type: :hardcoded_secret}
13:17:20.743 [debug] Match confidence: 0.264, min_confidence: 0.7, match: %{type: "js-hardcoded-secret-api-key", context: %{node_type: "VariableDeclarator", depth: 3, parent_type: "VariableDeclaration"}, location: %{depth: 3, end_column: 355, end_line: 1, start_line: 1, start_column: 344}, severity: "high", pattern_id: "js-hardcoded-secret-api-key", pattern_name: "Hardcoded API Key", recommendation: "Review this code for potential security issues", confidence: 0.9, pattern_type: :hardcoded_secret}
13:17:20.743 [debug] Match confidence: 0.264, min_confidence: 0.7, match: %{type: "js-hardcoded-secret-api-key", context: %{node_type: "VariableDeclarator", depth: 3, parent_type: "VariableDeclaration"}, location: %{depth: 3, end_column: 372, end_line: 1, start_line: 1, start_column: 361}, severity: "high", pattern_id: "js-hardcoded-secret-api-key", pattern_name: "Hardcoded API Key", recommendation: "Review this code for potential security issues", confidence: 0.9, pattern_type: :hardcoded_secret}
13:17:20.743 [debug] Match confidence: 0.264, min_confidence: 0.7, match: %{type: "js-hardcoded-secret-api-key", context: %{node_type: "VariableDeclarator", depth: 3, parent_type: "VariableDeclaration"}, location: %{depth: 3, end_column: 389, end_line: 1, start_line: 1, start_column: 378}, severity: "high", pattern_id: "js-hardcoded-secret-api-key", pattern_name: "Hardcoded API Key", recommendation: "Review this code for potential security issues", confidence: 0.9, pattern_type: :hardcoded_secret}
13:17:20.743 [debug] Match confidence: 0.264, min_confidence: 0.7, match: %{type: "js-hardcoded-secret-api-key", context: %{node_type: "VariableDeclarator", depth: 3, parent_type: "VariableDeclaration"}, location: %{depth: 3, end_column: 406, end_line: 1, start_line: 1, start_column: 395}, severity: "high", pattern_id: "js-hardcoded-secret-api-key", pattern_name: "Hardcoded API Key", recommendation: "Review this code for potential security issues", confidence: 0.9, pattern_type: :hardcoded_secret}
13:17:20.743 [debug] Match confidence: 0.264, min_confidence: 0.7, match: %{type: "js-hardcoded-secret-api-key", context: %{node_type: "VariableDeclarator", depth: 3, parent_type: "VariableDeclaration"}, location: %{depth: 3, end_column: 423, end_line: 1, start_line: 1, start_column: 412}, severity: "high", pattern_id: "js-hardcoded-secret-api-key", pattern_name: "Hardcoded API Key", recommendation: "Review this code for potential security issues", confidence: 0.9, pattern_type: :hardcoded_secret}
13:17:20.743 [debug] Match confidence: 0.264, min_confidence: 0.7, match: %{type: "js-hardcoded-secret-api-key", context: %{node_type: "VariableDeclarator", depth: 3, parent_type: "VariableDeclaration"}, location: %{depth: 3, end_column: 440, end_line: 1, start_line: 1, start_column: 429}, severity: "high", pattern_id: "js-hardcoded-secret-api-key", pattern_name: "Hardcoded API Key", recommendation: "Review this code for potential security issues", confidence: 0.9, pattern_type: :hardcoded_secret}
13:17:20.743 [debug] Match confidence: 0.264, min_confidence: 0.7, match: %{type: "js-hardcoded-secret-api-key", context: %{node_type: "VariableDeclarator", depth: 3, parent_type: "VariableDeclaration"}, location: %{depth: 3, end_column: 457, end_line: 1, start_line: 1, start_column: 446}, severity: "high", pattern_id: "js-hardcoded-secret-api-key", pattern_name: "Hardcoded API Key", recommendation: "Review this code for potential security issues", confidence: 0.9, pattern_type: :hardcoded_secret}
13:17:20.743 [debug] Match confidence: 0.264, min_confidence: 0.7, match: %{type: "js-hardcoded-secret-api-key", context: %{node_type: "VariableDeclarator", depth: 3, parent_type: "VariableDeclaration"}, location: %{depth: 3, end_column: 474, end_line: 1, start_line: 1, start_column: 463}, severity: "high", pattern_id: "js-hardcoded-secret-api-key", pattern_name: "Hardcoded API Key", recommendation: "Review this code for potential security issues", confidence: 0.9, pattern_type: :hardcoded_secret}
13:17:20.743 [debug] Match confidence: 0.264, min_confidence: 0.7, match: %{type: "js-hardcoded-secret-api-key", context: %{node_type: "VariableDeclarator", depth: 3, parent_type: "VariableDeclaration"}, location: %{depth: 3, end_column: 491, end_line: 1, start_line: 1, start_column: 480}, severity: "high", pattern_id: "js-hardcoded-secret-api-key", pattern_name: "Hardcoded API Key", recommendation: "Review this code for potential security issues", confidence: 0.9, pattern_type: :hardcoded_secret}
13:17:20.743 [debug] Match confidence: 0.264, min_confidence: 0.7, match: %{type: "js-hardcoded-secret-api-key", context: %{node_type: "VariableDeclarator", depth: 3, parent_type: "VariableDeclaration"}, location: %{depth: 3, end_column: 508, end_line: 1, start_line: 1, start_column: 497}, severity: "high", pattern_id: "js-hardcoded-secret-api-key", pattern_name: "Hardcoded API Key", recommendation: "Review this code for potential security issues", confidence: 0.9, pattern_type: :hardcoded_secret}
13:17:20.743 [debug] Match confidence: 0.264, min_confidence: 0.7, match: %{type: "js-hardcoded-secret-api-key", context: %{node_type: "VariableDeclarator", depth: 3, parent_type: "VariableDeclaration"}, location: %{depth: 3, end_column: 525, end_line: 1, start_line: 1, start_column: 514}, severity: "high", pattern_id: "js-hardcoded-secret-api-key", pattern_name: "Hardcoded API Key", recommendation: "Review this code for potential security issues", confidence: 0.9, pattern_type: :hardcoded_secret}
13:17:20.743 [debug] Match confidence: 0.264, min_confidence: 0.7, match: %{type: "js-hardcoded-secret-api-key", context: %{node_type: "VariableDeclarator", depth: 3, parent_type: "VariableDeclaration"}, location: %{depth: 3, end_column: 542, end_line: 1, start_line: 1, start_column: 531}, severity: "high", pattern_id: "js-hardcoded-secret-api-key", pattern_name: "Hardcoded API Key", recommendation: "Review this code for potential security issues", confidence: 0.9, pattern_type: :hardcoded_secret}
13:17:20.743 [debug] Match confidence: 0.264, min_confidence: 0.7, match: %{type: "js-hardcoded-secret-api-key", context: %{node_type: "VariableDeclarator", depth: 3, parent_type: "VariableDeclaration"}, location: %{depth: 3, end_column: 559, end_line: 1, start_line: 1, start_column: 548}, severity: "high", pattern_id: "js-hardcoded-secret-api-key", pattern_name: "Hardcoded API Key", recommendation: "Review this code for potential security issues", confidence: 0.9, pattern_type: :hardcoded_secret}
13:17:20.743 [debug] Match confidence: 0.264, min_confidence: 0.7, match: %{type: "js-hardcoded-secret-api-key", context: %{node_type: "VariableDeclarator", depth: 3, parent_type: "VariableDeclaration"}, location: %{depth: 3, end_column: 576, end_line: 1, start_line: 1, start_column: 565}, severity: "high", pattern_id: "js-hardcoded-secret-api-key", pattern_name: "Hardcoded API Key", recommendation: "Review this code for potential security issues", confidence: 0.9, pattern_type: :hardcoded_secret}
13:17:20.744 [debug] Match confidence: 0.264, min_confidence: 0.7, match: %{type: "js-hardcoded-secret-api-key", context: %{node_type: "VariableDeclarator", depth: 3, parent_type: "VariableDeclaration"}, location: %{depth: 3, end_column: 593, end_line: 1, start_line: 1, start_column: 582}, severity: "high", pattern_id: "js-hardcoded-secret-api-key", pattern_name: "Hardcoded API Key", recommendation: "Review this code for potential security issues", confidence: 0.9, pattern_type: :hardcoded_secret}
13:17:20.744 [debug] Match confidence: 0.264, min_confidence: 0.7, match: %{type: "js-hardcoded-secret-api-key", context: %{node_type: "VariableDeclarator", depth: 3, parent_type: "VariableDeclaration"}, location: %{depth: 3, end_column: 610, end_line: 1, start_line: 1, start_column: 599}, severity: "high", pattern_id: "js-hardcoded-secret-api-key", pattern_name: "Hardcoded API Key", recommendation: "Review this code for potential security issues", confidence: 0.9, pattern_type: :hardcoded_secret}
13:17:20.744 [debug] Match confidence: 0.264, min_confidence: 0.7, match: %{type: "js-hardcoded-secret-api-key", context: %{node_type: "VariableDeclarator", depth: 3, parent_type: "VariableDeclaration"}, location: %{depth: 3, end_column: 627, end_line: 1, start_line: 1, start_column: 616}, severity: "high", pattern_id: "js-hardcoded-secret-api-key", pattern_name: "Hardcoded API Key", recommendation: "Review this code for potential security issues", confidence: 0.9, pattern_type: :hardcoded_secret}
13:17:20.744 [debug] Match confidence: 0.264, min_confidence: 0.7, match: %{type: "js-hardcoded-secret-api-key", context: %{node_type: "VariableDeclarator", depth: 3, parent_type: "VariableDeclaration"}, location: %{depth: 3, end_column: 644, end_line: 1, start_line: 1, start_column: 633}, severity: "high", pattern_id: "js-hardcoded-secret-api-key", pattern_name: "Hardcoded API Key", recommendation: "Review this code for potential security issues", confidence: 0.9, pattern_type: :hardcoded_secret}
13:17:20.744 [debug] Match confidence: 0.264, min_confidence: 0.7, match: %{type: "js-hardcoded-secret-api-key", context: %{node_type: "VariableDeclarator", depth: 3, parent_type: "VariableDeclaration"}, location: %{depth: 3, end_column: 661, end_line: 1, start_line: 1, start_column: 650}, severity: "high", pattern_id: "js-hardcoded-secret-api-key", pattern_name: "Hardcoded API Key", recommendation: "Review this code for potential security issues", confidence: 0.9, pattern_type: :hardcoded_secret}
13:17:20.744 [debug] Match confidence: 0.264, min_confidence: 0.7, match: %{type: "js-hardcoded-secret-api-key", context: %{node_type: "VariableDeclarator", depth: 3, parent_type: "VariableDeclaration"}, location: %{depth: 3, end_column: 678, end_line: 1, start_line: 1, start_column: 667}, severity: "high", pattern_id: "js-hardcoded-secret-api-key", pattern_name: "Hardcoded API Key", recommendation: "Review this code for potential security issues", confidence: 0.9, pattern_type: :hardcoded_secret}
13:17:20.744 [debug] Match confidence: 0.264, min_confidence: 0.7, match: %{type: "js-hardcoded-secret-api-key", context: %{node_type: "VariableDeclarator", depth: 3, parent_type: "VariableDeclaration"}, location: %{depth: 3, end_column: 695, end_line: 1, start_line: 1, start_column: 684}, severity: "high", pattern_id: "js-hardcoded-secret-api-key", pattern_name: "Hardcoded API Key", recommendation: "Review this code for potential security issues", confidence: 0.9, pattern_type: :hardcoded_secret}
13:17:20.744 [debug] Match confidence: 0.264, min_confidence: 0.7, match: %{type: "js-hardcoded-secret-api-key", context: %{node_type: "VariableDeclarator", depth: 3, parent_type: "VariableDeclaration"}, location: %{depth: 3, end_column: 712, end_line: 1, start_line: 1, start_column: 701}, severity: "high", pattern_id: "js-hardcoded-secret-api-key", pattern_name: "Hardcoded API Key", recommendation: "Review this code for potential security issues", confidence: 0.9, pattern_type: :hardcoded_secret}
13:17:20.744 [debug] Match confidence: 0.264, min_confidence: 0.7, match: %{type: "js-hardcoded-secret-api-key", context: %{node_type: "VariableDeclarator", depth: 3, parent_type: "VariableDeclaration"}, location: %{depth: 3, end_column: 729, end_line: 1, start_line: 1, start_column: 718}, severity: "high", pattern_id: "js-hardcoded-secret-api-key", pattern_name: "Hardcoded API Key", recommendation: "Review this code for potential security issues", confidence: 0.9, pattern_type: :hardcoded_secret}
13:17:20.744 [debug] Match confidence: 0.264, min_confidence: 0.7, match: %{type: "js-hardcoded-secret-api-key", context: %{node_type: "VariableDeclarator", depth: 3, parent_type: "VariableDeclaration"}, location: %{depth: 3, end_column: 746, end_line: 1, start_line: 1, start_column: 735}, severity: "high", pattern_id: "js-hardcoded-secret-api-key", pattern_name: "Hardcoded API Key", recommendation: "Review this code for potential security issues", confidence: 0.9, pattern_type: :hardcoded_secret}
13:17:20.744 [debug] Match confidence: 0.264, min_confidence: 0.7, match: %{type: "js-hardcoded-secret-api-key", context: %{node_type: "VariableDeclarator", depth: 3, parent_type: "VariableDeclaration"}, location: %{depth: 3, end_column: 763, end_line: 1, start_line: 1, start_column: 752}, severity: "high", pattern_id: "js-hardcoded-secret-api-key", pattern_name: "Hardcoded API Key", recommendation: "Review this code for potential security issues", confidence: 0.9, pattern_type: :hardcoded_secret}
13:17:20.744 [debug] Match confidence: 0.264, min_confidence: 0.7, match: %{type: "js-hardcoded-secret-api-key", context: %{node_type: "VariableDeclarator", depth: 3, parent_type: "VariableDeclaration"}, location: %{depth: 3, end_column: 780, end_line: 1, start_line: 1, start_column: 769}, severity: "high", pattern_id: "js-hardcoded-secret-api-key", pattern_name: "Hardcoded API Key", recommendation: "Review this code for potential security issues", confidence: 0.9, pattern_type: :hardcoded_secret}
13:17:20.744 [debug] Match confidence: 0.264, min_confidence: 0.7, match: %{type: "js-hardcoded-secret-api-key", context: %{node_type: "VariableDeclarator", depth: 3, parent_type: "VariableDeclaration"}, location: %{depth: 3, end_column: 797, end_line: 1, start_line: 1, start_column: 786}, severity: "high", pattern_id: "js-hardcoded-secret-api-key", pattern_name: "Hardcoded API Key", recommendation: "Review this code for potential security issues", confidence: 0.9, pattern_type: :hardcoded_secret}
13:17:20.744 [debug] Match confidence: 0.264, min_confidence: 0.7, match: %{type: "js-hardcoded-secret-api-key", context: %{node_type: "VariableDeclarator", depth: 3, parent_type: "VariableDeclaration"}, location: %{depth: 3, end_column: 814, end_line: 1, start_line: 1, start_column: 803}, severity: "high", pattern_id: "js-hardcoded-secret-api-key", pattern_name: "Hardcoded API Key", recommendation: "Review this code for potential security issues", confidence: 0.9, pattern_type: :hardcoded_secret}
13:17:20.744 [debug] Match confidence: 0.264, min_confidence: 0.7, match: %{type: "js-hardcoded-secret-api-key", context: %{node_type: "VariableDeclarator", depth: 3, parent_type: "VariableDeclaration"}, location: %{depth: 3, end_column: 831, end_line: 1, start_line: 1, start_column: 820}, severity: "high", pattern_id: "js-hardcoded-secret-api-key", pattern_name: "Hardcoded API Key", recommendation: "Review this code for potential security issues", confidence: 0.9, pattern_type: :hardcoded_secret}
13:17:20.744 [debug] Match confidence: 0.264, min_confidence: 0.7, match: %{type: "js-hardcoded-secret-api-key", context: %{node_type: "VariableDeclarator", depth: 3, parent_type: "VariableDeclaration"}, location: %{depth: 3, end_column: 848, end_line: 1, start_line: 1, start_column: 837}, severity: "high", pattern_id: "js-hardcoded-secret-api-key", pattern_name: "Hardcoded API Key", recommendation: "Review this code for potential security issues", confidence: 0.9, pattern_type: :hardcoded_secret}
13:17:20.744 [debug] Match confidence: 0.264, min_confidence: 0.7, match: %{type: "js-hardcoded-secret-api-key", context: %{node_type: "VariableDeclarator", depth: 3, parent_type: "VariableDeclaration"}, location: %{depth: 3, end_column: 865, end_line: 1, start_line: 1, start_column: 854}, severity: "high", pattern_id: "js-hardcoded-secret-api-key", pattern_name: "Hardcoded API Key", recommendation: "Review this code for potential security issues", confidence: 0.9, pattern_type: :hardcoded_secret}
13:17:20.744 [debug] Match confidence: 0.264, min_confidence: 0.7, match: %{type: "js-hardcoded-secret-api-key", context: %{node_type: "VariableDeclarator", depth: 3, parent_type: "VariableDeclaration"}, location: %{depth: 3, end_column: 882, end_line: 1, start_line: 1, start_column: 871}, severity: "high", pattern_id: "js-hardcoded-secret-api-key", pattern_name: "Hardcoded API Key", recommendation: "Review this code for potential security issues", confidence: 0.9, pattern_type: :hardcoded_secret}
13:17:20.744 [debug] Match confidence: 0.264, min_confidence: 0.7, match: %{type: "js-hardcoded-secret-api-key", context: %{node_type: "VariableDeclarator", depth: 3, parent_type: "VariableDeclaration"}, location: %{depth: 3, end_column: 899, end_line: 1, start_line: 1, start_column: 888}, severity: "high", pattern_id: "js-hardcoded-secret-api-key", pattern_name: "Hardcoded API Key", recommendation: "Review this code for potential security issues", confidence: 0.9, pattern_type: :hardcoded_secret}
13:17:20.744 [debug] Match confidence: 0.264, min_confidence: 0.7, match: %{type: "js-hardcoded-secret-api-key", context: %{node_type: "VariableDeclarator", depth: 3, parent_type: "VariableDeclaration"}, location: %{depth: 3, end_column: 916, end_line: 1, start_line: 1, start_column: 905}, severity: "high", pattern_id: "js-hardcoded-secret-api-key", pattern_name: "Hardcoded API Key", recommendation: "Review this code for potential security issues", confidence: 0.9, pattern_type: :hardcoded_secret}
13:17:20.744 [debug] Match confidence: 0.264, min_confidence: 0.7, match: %{type: "js-hardcoded-secret-api-key", context: %{node_type: "VariableDeclarator", depth: 3, parent_type: "VariableDeclaration"}, location: %{depth: 3, end_column: 933, end_line: 1, start_line: 1, start_column: 922}, severity: "high", pattern_id: "js-hardcoded-secret-api-key", pattern_name: "Hardcoded API Key", recommendation: "Review this code for potential security issues", confidence: 0.9, pattern_type: :hardcoded_secret}
13:17:20.744 [debug] Match confidence: 0.264, min_confidence: 0.7, match: %{type: "js-hardcoded-secret-api-key", context: %{node_type: "VariableDeclarator", depth: 3, parent_type: "VariableDeclaration"}, location: %{depth: 3, end_column: 950, end_line: 1, start_line: 1, start_column: 939}, severity: "high", pattern_id: "js-hardcoded-secret-api-key", pattern_name: "Hardcoded API Key", recommendation: "Review this code for potential security issues", confidence: 0.9, pattern_type: :hardcoded_secret}
13:17:20.744 [debug] Match confidence: 0.264, min_confidence: 0.7, match: %{type: "js-hardcoded-secret-api-key", context: %{node_type: "VariableDeclarator", depth: 3, parent_type: "VariableDeclaration"}, location: %{depth: 3, end_column: 967, end_line: 1, start_line: 1, start_column: 956}, severity: "high", pattern_id: "js-hardcoded-secret-api-key", pattern_name: "Hardcoded API Key", recommendation: "Review this code for potential security issues", confidence: 0.9, pattern_type: :hardcoded_secret}
13:17:20.744 [debug] Match confidence: 0.264, min_confidence: 0.7, match: %{type: "js-hardcoded-secret-api-key", context: %{node_type: "VariableDeclarator", depth: 3, parent_type: "VariableDeclaration"}, location: %{depth: 3, end_column: 984, end_line: 1, start_line: 1, start_column: 973}, severity: "high", pattern_id: "js-hardcoded-secret-api-key", pattern_name: "Hardcoded API Key", recommendation: "Review this code for potential security issues", confidence: 0.9, pattern_type: :hardcoded_secret}
13:17:20.744 [debug] Match confidence: 0.264, min_confidence: 0.7, match: %{type: "js-hardcoded-secret-api-key", context: %{node_type: "VariableDeclarator", depth: 3, parent_type: "VariableDeclaration"}, location: %{depth: 3, end_column: 1001, end_line: 1, start_line: 1, start_column: 990}, severity: "high", pattern_id: "js-hardcoded-secret-api-key", pattern_name: "Hardcoded API Key", recommendation: "Review this code for potential security issues", confidence: 0.9, pattern_type: :hardcoded_secret}
13:17:20.744 [debug] Match confidence: 0.264, min_confidence: 0.7, match: %{type: "js-hardcoded-secret-api-key", context: %{node_type: "VariableDeclarator", depth: 3, parent_type: "VariableDeclaration"}, location: %{depth: 3, end_column: 1018, end_line: 1, start_line: 1, start_column: 1007}, severity: "high", pattern_id: "js-hardcoded-secret-api-key", pattern_name: "Hardcoded API Key", recommendation: "Review this code for potential security issues", confidence: 0.9, pattern_type: :hardcoded_secret}
13:17:20.744 [debug] Match confidence: 0.264, min_confidence: 0.7, match: %{type: "js-hardcoded-secret-api-key", context: %{node_type: "VariableDeclarator", depth: 3, parent_type: "VariableDeclaration"}, location: %{depth: 3, end_column: 1035, end_line: 1, start_line: 1, start_column: 1024}, severity: "high", pattern_id: "js-hardcoded-secret-api-key", pattern_name: "Hardcoded API Key", recommendation: "Review this code for potential security issues", confidence: 0.9, pattern_type: :hardcoded_secret}
13:17:20.744 [debug] Match confidence: 0.264, min_confidence: 0.7, match: %{type: "js-hardcoded-secret-api-key", context: %{node_type: "VariableDeclarator", depth: 3, parent_type: "VariableDeclaration"}, location: %{depth: 3, end_column: 1052, end_line: 1, start_line: 1, start_column: 1041}, severity: "high", pattern_id: "js-hardcoded-secret-api-key", pattern_name: "Hardcoded API Key", recommendation: "Review this code for potential security issues", confidence: 0.9, pattern_type: :hardcoded_secret}
13:17:20.744 [debug] Match confidence: 0.264, min_confidence: 0.7, match: %{type: "js-hardcoded-secret-api-key", context: %{node_type: "VariableDeclarator", depth: 3, parent_type: "VariableDeclaration"}, location: %{depth: 3, end_column: 1069, end_line: 1, start_line: 1, start_column: 1058}, severity: "high", pattern_id: "js-hardcoded-secret-api-key", pattern_name: "Hardcoded API Key", recommendation: "Review this code for potential security issues", confidence: 0.9, pattern_type: :hardcoded_secret}
13:17:20.744 [debug] Match confidence: 0.264, min_confidence: 0.7, match: %{type: "js-hardcoded-secret-api-key", context: %{node_type: "VariableDeclarator", depth: 3, parent_type: "VariableDeclaration"}, location: %{depth: 3, end_column: 1086, end_line: 1, start_line: 1, start_column: 1075}, severity: "high", pattern_id: "js-hardcoded-secret-api-key", pattern_name: "Hardcoded API Key", recommendation: "Review this code for potential security issues", confidence: 0.9, pattern_type: :hardcoded_secret}
13:17:20.744 [debug] Match confidence: 0.264, min_confidence: 0.7, match: %{type: "js-hardcoded-secret-api-key", context: %{node_type: "VariableDeclarator", depth: 3, parent_type: "VariableDeclaration"}, location: %{depth: 3, end_column: 1103, end_line: 1, start_line: 1, start_column: 1092}, severity: "high", pattern_id: "js-hardcoded-secret-api-key", pattern_name: "Hardcoded API Key", recommendation: "Review this code for potential security issues", confidence: 0.9, pattern_type: :hardcoded_secret}
13:17:20.744 [debug] Match confidence: 0.264, min_confidence: 0.7, match: %{type: "js-hardcoded-secret-api-key", context: %{node_type: "VariableDeclarator", depth: 3, parent_type: "VariableDeclaration"}, location: %{depth: 3, end_column: 1120, end_line: 1, start_line: 1, start_column: 1109}, severity: "high", pattern_id: "js-hardcoded-secret-api-key", pattern_name: "Hardcoded API Key", recommendation: "Review this code for potential security issues", confidence: 0.9, pattern_type: :hardcoded_secret}
13:17:20.744 [debug] Match confidence: 0.264, min_confidence: 0.7, match: %{type: "js-hardcoded-secret-api-key", context: %{node_type: "VariableDeclarator", depth: 3, parent_type: "VariableDeclaration"}, location: %{depth: 3, end_column: 1137, end_line: 1, start_line: 1, start_column: 1126}, severity: "high", pattern_id: "js-hardcoded-secret-api-key", pattern_name: "Hardcoded API Key", recommendation: "Review this code for potential security issues", confidence: 0.9, pattern_type: :hardcoded_secret}
13:17:20.744 [debug] Match confidence: 0.264, min_confidence: 0.7, match: %{type: "js-hardcoded-secret-api-key", context: %{node_type: "VariableDeclarator", depth: 3, parent_type: "VariableDeclaration"}, location: %{depth: 3, end_column: 1154, end_line: 1, start_line: 1, start_column: 1143}, severity: "high", pattern_id: "js-hardcoded-secret-api-key", pattern_name: "Hardcoded API Key", recommendation: "Review this code for potential security issues", confidence: 0.9, pattern_type: :hardcoded_secret}
13:17:20.744 [debug] Match confidence: 0.264, min_confidence: 0.7, match: %{type: "js-hardcoded-secret-api-key", context: %{node_type: "VariableDeclarator", depth: 3, parent_type: "VariableDeclaration"}, location: %{depth: 3, end_column: 1171, end_line: 1, start_line: 1, start_column: 1160}, severity: "high", pattern_id: "js-hardcoded-secret-api-key", pattern_name: "Hardcoded API Key", recommendation: "Review this code for potential security issues", confidence: 0.9, pattern_type: :hardcoded_secret}
13:17:20.744 [debug] Match confidence: 0.264, min_confidence: 0.7, match: %{type: "js-hardcoded-secret-api-key", context: %{node_type: "VariableDeclarator", depth: 3, parent_type: "VariableDeclaration"}, location: %{depth: 3, end_column: 1188, end_line: 1, start_line: 1, start_column: 1177}, severity: "high", pattern_id: "js-hardcoded-secret-api-key", pattern_name: "Hardcoded API Key", recommendation: "Review this code for potential security issues", confidence: 0.9, pattern_type: :hardcoded_secret}
13:17:20.744 [debug] Match confidence: 0.264, min_confidence: 0.7, match: %{type: "js-hardcoded-secret-api-key", context: %{node_type: "VariableDeclarator", depth: 3, parent_type: "VariableDeclaration"}, location: %{depth: 3, end_column: 1205, end_line: 1, start_line: 1, start_column: 1194}, severity: "high", pattern_id: "js-hardcoded-secret-api-key", pattern_name: "Hardcoded API Key", recommendation: "Review this code for potential security issues", confidence: 0.9, pattern_type: :hardcoded_secret}
13:17:20.744 [debug] Match confidence: 0.264, min_confidence: 0.7, match: %{type: "js-hardcoded-secret-api-key", context: %{node_type: "VariableDeclarator", depth: 3, parent_type: "VariableDeclaration"}, location: %{depth: 3, end_column: 1222, end_line: 1, start_line: 1, start_column: 1211}, severity: "high", pattern_id: "js-hardcoded-secret-api-key", pattern_name: "Hardcoded API Key", recommendation: "Review this code for potential security issues", confidence: 0.9, pattern_type: :hardcoded_secret}
13:17:20.744 [debug] Match confidence: 0.264, min_confidence: 0.7, match: %{type: "js-hardcoded-secret-api-key", context: %{node_type: "VariableDeclarator", depth: 3, parent_type: "VariableDeclaration"}, location: %{depth: 3, end_column: 1239, end_line: 1, start_line: 1, start_column: 1228}, severity: "high", pattern_id: "js-hardcoded-secret-api-key", pattern_name: "Hardcoded API Key", recommendation: "Review this code for potential security issues", confidence: 0.9, pattern_type: :hardcoded_secret}
13:17:20.744 [debug] Match confidence: 0.264, min_confidence: 0.7, match: %{type: "js-hardcoded-secret-api-key", context: %{node_type: "VariableDeclarator", depth: 3, parent_type: "VariableDeclaration"}, location: %{depth: 3, end_column: 1256, end_line: 1, start_line: 1, start_column: 1245}, severity: "high", pattern_id: "js-hardcoded-secret-api-key", pattern_name: "Hardcoded API Key", recommendation: "Review this code for potential security issues", confidence: 0.9, pattern_type: :hardcoded_secret}
13:17:20.744 [debug] Match confidence: 0.264, min_confidence: 0.7, match: %{type: "js-hardcoded-secret-api-key", context: %{node_type: "VariableDeclarator", depth: 3, parent_type: "VariableDeclaration"}, location: %{depth: 3, end_column: 1273, end_line: 1, start_line: 1, start_column: 1262}, severity: "high", pattern_id: "js-hardcoded-secret-api-key", pattern_name: "Hardcoded API Key", recommendation: "Review this code for potential security issues", confidence: 0.9, pattern_type: :hardcoded_secret}
13:17:20.744 [debug] Match confidence: 0.264, min_confidence: 0.7, match: %{type: "js-hardcoded-secret-api-key", context: %{node_type: "VariableDeclarator", depth: 3, parent_type: "VariableDeclaration"}, location: %{depth: 3, end_column: 1290, end_line: 1, start_line: 1, start_column: 1279}, severity: "high", pattern_id: "js-hardcoded-secret-api-key", pattern_name: "Hardcoded API Key", recommendation: "Review this code for potential security issues", confidence: 0.9, pattern_type: :hardcoded_secret}
13:17:20.744 [debug] Match confidence: 0.264, min_confidence: 0.7, match: %{type: "js-hardcoded-secret-api-key", context: %{node_type: "VariableDeclarator", depth: 3, parent_type: "VariableDeclaration"}, location: %{depth: 3, end_column: 1307, end_line: 1, start_line: 1, start_column: 1296}, severity: "high", pattern_id: "js-hardcoded-secret-api-key", pattern_name: "Hardcoded API Key", recommendation: "Review this code for potential security issues", confidence: 0.9, pattern_type: :hardcoded_secret}
13:17:20.745 [debug] Match confidence: 0.264, min_confidence: 0.7, match: %{type: "js-hardcoded-secret-api-key", context: %{node_type: "VariableDeclarator", depth: 3, parent_type: "VariableDeclaration"}, location: %{depth: 3, end_column: 1324, end_line: 1, start_line: 1, start_column: 1313}, severity: "high", pattern_id: "js-hardcoded-secret-api-key", pattern_name: "Hardcoded API Key", recommendation: "Review this code for potential security issues", confidence: 0.9, pattern_type: :hardcoded_secret}
13:17:20.745 [debug] Match confidence: 0.264, min_confidence: 0.7, match: %{type: "js-hardcoded-secret-api-key", context: %{node_type: "VariableDeclarator", depth: 3, parent_type: "VariableDeclaration"}, location: %{depth: 3, end_column: 1341, end_line: 1, start_line: 1, start_column: 1330}, severity: "high", pattern_id: "js-hardcoded-secret-api-key", pattern_name: "Hardcoded API Key", recommendation: "Review this code for potential security issues", confidence: 0.9, pattern_type: :hardcoded_secret}
13:17:20.745 [debug] Match confidence: 0.264, min_confidence: 0.7, match: %{type: "js-hardcoded-secret-api-key", context: %{node_type: "VariableDeclarator", depth: 3, parent_type: "VariableDeclaration"}, location: %{depth: 3, end_column: 1358, end_line: 1, start_line: 1, start_column: 1347}, severity: "high", pattern_id: "js-hardcoded-secret-api-key", pattern_name: "Hardcoded API Key", recommendation: "Review this code for potential security issues", confidence: 0.9, pattern_type: :hardcoded_secret}
13:17:20.745 [debug] Match confidence: 0.264, min_confidence: 0.7, match: %{type: "js-hardcoded-secret-api-key", context: %{node_type: "VariableDeclarator", depth: 3, parent_type: "VariableDeclaration"}, location: %{depth: 3, end_column: 1375, end_line: 1, start_line: 1, start_column: 1364}, severity: "high", pattern_id: "js-hardcoded-secret-api-key", pattern_name: "Hardcoded API Key", recommendation: "Review this code for potential security issues", confidence: 0.9, pattern_type: :hardcoded_secret}
13:17:20.745 [debug] Match confidence: 0.264, min_confidence: 0.7, match: %{type: "js-hardcoded-secret-api-key", context: %{node_type: "VariableDeclarator", depth: 3, parent_type: "VariableDeclaration"}, location: %{depth: 3, end_column: 1392, end_line: 1, start_line: 1, start_column: 1381}, severity: "high", pattern_id: "js-hardcoded-secret-api-key", pattern_name: "Hardcoded API Key", recommendation: "Review this code for potential security issues", confidence: 0.9, pattern_type: :hardcoded_secret}
13:17:20.745 [debug] Match confidence: 0.264, min_confidence: 0.7, match: %{type: "js-hardcoded-secret-api-key", context: %{node_type: "VariableDeclarator", depth: 3, parent_type: "VariableDeclaration"}, location: %{depth: 3, end_column: 1409, end_line: 1, start_line: 1, start_column: 1398}, severity: "high", pattern_id: "js-hardcoded-secret-api-key", pattern_name: "Hardcoded API Key", recommendation: "Review this code for potential security issues", confidence: 0.9, pattern_type: :hardcoded_secret}
13:17:20.745 [debug] Match confidence: 0.264, min_confidence: 0.7, match: %{type: "js-hardcoded-secret-api-key", context: %{node_type: "VariableDeclarator", depth: 3, parent_type: "VariableDeclaration"}, location: %{depth: 3, end_column: 1426, end_line: 1, start_line: 1, start_column: 1415}, severity: "high", pattern_id: "js-hardcoded-secret-api-key", pattern_name: "Hardcoded API Key", recommendation: "Review this code for potential security issues", confidence: 0.9, pattern_type: :hardcoded_secret}
13:17:20.745 [debug] Match confidence: 0.264, min_confidence: 0.7, match: %{type: "js-hardcoded-secret-api-key", context: %{node_type: "VariableDeclarator", depth: 3, parent_type: "VariableDeclaration"}, location: %{depth: 3, end_column: 1443, end_line: 1, start_line: 1, start_column: 1432}, severity: "high", pattern_id: "js-hardcoded-secret-api-key", pattern_name: "Hardcoded API Key", recommendation: "Review this code for potential security issues", confidence: 0.9, pattern_type: :hardcoded_secret}
13:17:20.745 [debug] Match confidence: 0.264, min_confidence: 0.7, match: %{type: "js-hardcoded-secret-api-key", context: %{node_type: "VariableDeclarator", depth: 3, parent_type: "VariableDeclaration"}, location: %{depth: 3, end_column: 1460, end_line: 1, start_line: 1, start_column: 1449}, severity: "high", pattern_id: "js-hardcoded-secret-api-key", pattern_name: "Hardcoded API Key", recommendation: "Review this code for potential security issues", confidence: 0.9, pattern_type: :hardcoded_secret}
13:17:20.745 [debug] Match confidence: 0.264, min_confidence: 0.7, match: %{type: "js-hardcoded-secret-api-key", context: %{node_type: "VariableDeclarator", depth: 3, parent_type: "VariableDeclaration"}, location: %{depth: 3, end_column: 1477, end_line: 1, start_line: 1, start_column: 1466}, severity: "high", pattern_id: "js-hardcoded-secret-api-key", pattern_name: "Hardcoded API Key", recommendation: "Review this code for potential security issues", confidence: 0.9, pattern_type: :hardcoded_secret}
13:17:20.745 [debug] Match confidence: 0.264, min_confidence: 0.7, match: %{type: "js-hardcoded-secret-api-key", context: %{node_type: "VariableDeclarator", depth: 3, parent_type: "VariableDeclaration"}, location: %{depth: 3, end_column: 1494, end_line: 1, start_line: 1, start_column: 1483}, severity: "high", pattern_id: "js-hardcoded-secret-api-key", pattern_name: "Hardcoded API Key", recommendation: "Review this code for potential security issues", confidence: 0.9, pattern_type: :hardcoded_secret}
13:17:20.745 [debug] Match confidence: 0.264, min_confidence: 0.7, match: %{type: "js-hardcoded-secret-api-key", context: %{node_type: "VariableDeclarator", depth: 3, parent_type: "VariableDeclaration"}, location: %{depth: 3, end_column: 1511, end_line: 1, start_line: 1, start_column: 1500}, severity: "high", pattern_id: "js-hardcoded-secret-api-key", pattern_name: "Hardcoded API Key", recommendation: "Review this code for potential security issues", confidence: 0.9, pattern_type: :hardcoded_secret}
13:17:20.745 [debug] Match confidence: 0.264, min_confidence: 0.7, match: %{type: "js-hardcoded-secret-api-key", context: %{node_type: "VariableDeclarator", depth: 3, parent_type: "VariableDeclaration"}, location: %{depth: 3, end_column: 1528, end_line: 1, start_line: 1, start_column: 1517}, severity: "high", pattern_id: "js-hardcoded-secret-api-key", pattern_name: "Hardcoded API Key", recommendation: "Review this code for potential security issues", confidence: 0.9, pattern_type: :hardcoded_secret}
13:17:20.745 [debug] Match confidence: 0.264, min_confidence: 0.7, match: %{type: "js-hardcoded-secret-api-key", context: %{node_type: "VariableDeclarator", depth: 3, parent_type: "VariableDeclaration"}, location: %{depth: 3, end_column: 1545, end_line: 1, start_line: 1, start_column: 1534}, severity: "high", pattern_id: "js-hardcoded-secret-api-key", pattern_name: "Hardcoded API Key", recommendation: "Review this code for potential security issues", confidence: 0.9, pattern_type: :hardcoded_secret}
13:17:20.745 [debug] Match confidence: 0.264, min_confidence: 0.7, match: %{type: "js-hardcoded-secret-api-key", context: %{node_type: "VariableDeclarator", depth: 3, parent_type: "VariableDeclaration"}, location: %{depth: 3, end_column: 1562, end_line: 1, start_line: 1, start_column: 1551}, severity: "high", pattern_id: "js-hardcoded-secret-api-key", pattern_name: "Hardcoded API Key", recommendation: "Review this code for potential security issues", confidence: 0.9, pattern_type: :hardcoded_secret}
13:17:20.745 [debug] Match confidence: 0.264, min_confidence: 0.7, match: %{type: "js-hardcoded-secret-api-key", context: %{node_type: "VariableDeclarator", depth: 3, parent_type: "VariableDeclaration"}, location: %{depth: 3, end_column: 1579, end_line: 1, start_line: 1, start_column: 1568}, severity: "high", pattern_id: "js-hardcoded-secret-api-key", pattern_name: "Hardcoded API Key", recommendation: "Review this code for potential security issues", confidence: 0.9, pattern_type: :hardcoded_secret}
13:17:20.745 [debug] Match confidence: 0.264, min_confidence: 0.7, match: %{type: "js-hardcoded-secret-api-key", context: %{node_type: "VariableDeclarator", depth: 3, parent_type: "VariableDeclaration"}, location: %{depth: 3, end_column: 1596, end_line: 1, start_line: 1, start_column: 1585}, severity: "high", pattern_id: "js-hardcoded-secret-api-key", pattern_name: "Hardcoded API Key", recommendation: "Review this code for potential security issues", confidence: 0.9, pattern_type: :hardcoded_secret}
13:17:20.745 [debug] Match confidence: 0.264, min_confidence: 0.7, match: %{type: "js-hardcoded-secret-api-key", context: %{node_type: "VariableDeclarator", depth: 3, parent_type: "VariableDeclaration"}, location: %{depth: 3, end_column: 1613, end_line: 1, start_line: 1, start_column: 1602}, severity: "high", pattern_id: "js-hardcoded-secret-api-key", pattern_name: "Hardcoded API Key", recommendation: "Review this code for potential security issues", confidence: 0.9, pattern_type: :hardcoded_secret}
13:17:20.745 [debug] Match confidence: 0.264, min_confidence: 0.7, match: %{type: "js-hardcoded-secret-api-key", context: %{node_type: "VariableDeclarator", depth: 3, parent_type: "VariableDeclaration"}, location: %{depth: 3, end_column: 1630, end_line: 1, start_line: 1, start_column: 1619}, severity: "high", pattern_id: "js-hardcoded-secret-api-key", pattern_name: "Hardcoded API Key", recommendation: "Review this code for potential security issues", confidence: 0.9, pattern_type: :hardcoded_secret}
13:17:20.745 [debug] Match confidence: 0.264, min_confidence: 0.7, match: %{type: "js-hardcoded-secret-api-key", context: %{node_type: "VariableDeclarator", depth: 3, parent_type: "VariableDeclaration"}, location: %{depth: 3, end_column: 1647, end_line: 1, start_line: 1, start_column: 1636}, severity: "high", pattern_id: "js-hardcoded-secret-api-key", pattern_name: "Hardcoded API Key", recommendation: "Review this code for potential security issues", confidence: 0.9, pattern_type: :hardcoded_secret}
13:17:20.745 [debug] Match confidence: 0.264, min_confidence: 0.7, match: %{type: "js-hardcoded-secret-api-key", context: %{node_type: "VariableDeclarator", depth: 3, parent_type: "VariableDeclaration"}, location: %{depth: 3, end_column: 1664, end_line: 1, start_line: 1, start_column: 1653}, severity: "high", pattern_id: "js-hardcoded-secret-api-key", pattern_name: "Hardcoded API Key", recommendation: "Review this code for potential security issues", confidence: 0.9, pattern_type: :hardcoded_secret}
13:17:20.745 [debug] Match confidence: 0.264, min_confidence: 0.7, match: %{type: "js-hardcoded-secret-api-key", context: %{node_type: "VariableDeclarator", depth: 3, parent_type: "VariableDeclaration"}, location: %{depth: 3, end_column: 1681, end_line: 1, start_line: 1, start_column: 1670}, severity: "high", pattern_id: "js-hardcoded-secret-api-key", pattern_name: "Hardcoded API Key", recommendation: "Review this code for potential security issues", confidence: 0.9, pattern_type: :hardcoded_secret}
13:17:20.745 [debug] Match confidence: 0.264, min_confidence: 0.7, match: %{type: "js-hardcoded-secret-api-key", context: %{node_type: "VariableDeclarator", depth: 3, parent_type: "VariableDeclaration"}, location: %{depth: 3, end_column: 1698, end_line: 1, start_line: 1, start_column: 1687}, severity: "high", pattern_id: "js-hardcoded-secret-api-key", pattern_name: "Hardcoded API Key", recommendation: "Review this code for potential security issues", confidence: 0.9, pattern_type: :hardcoded_secret}
13:17:20.828 [debug] Parser response received
13:17:20.828 [info] AnalysisService: Loaded 30 patterns for javascript
13:17:20.851 [info] AnalysisService: Found 200 matches
13:17:20.851 [debug] Match confidence: 0.264, min_confidence: 0.7, match: %{type: "js-hardcoded-secret-password", context: %{node_type: "VariableDeclarator", depth: 3, parent_type: "VariableDeclaration"}, location: %{depth: 3, end_column: 15, end_line: 1, start_line: 1, start_column: 4}, severity: "high", pattern_id: "js-hardcoded-secret-password", pattern_name: "Hardcoded Password", recommendation: "Review this code for potential security issues", confidence: 0.9, pattern_type: :hardcoded_secret}
13:17:20.851 [debug] Match confidence: 0.264, min_confidence: 0.7, match: %{type: "js-hardcoded-secret-password", context: %{node_type: "VariableDeclarator", depth: 3, parent_type: "VariableDeclaration"}, location: %{depth: 3, end_column: 32, end_line: 1, start_line: 1, start_column: 21}, severity: "high", pattern_id: "js-hardcoded-secret-password", pattern_name: "Hardcoded Password", recommendation: "Review this code for potential security issues", confidence: 0.9, pattern_type: :hardcoded_secret}
13:17:20.851 [debug] Match confidence: 0.264, min_confidence: 0.7, match: %{type: "js-hardcoded-secret-password", context: %{node_type: "VariableDeclarator", depth: 3, parent_type: "VariableDeclaration"}, location: %{depth: 3, end_column: 49, end_line: 1, start_line: 1, start_column: 38}, severity: "high", pattern_id: "js-hardcoded-secret-password", pattern_name: "Hardcoded Password", recommendation: "Review this code for potential security issues", confidence: 0.9, pattern_type: :hardcoded_secret}
13:17:20.851 [debug] Match confidence: 0.264, min_confidence: 0.7, match: %{type: "js-hardcoded-secret-password", context: %{node_type: "VariableDeclarator", depth: 3, parent_type: "VariableDeclaration"}, location: %{depth: 3, end_column: 66, end_line: 1, start_line: 1, start_column: 55}, severity: "high", pattern_id: "js-hardcoded-secret-password", pattern_name: "Hardcoded Password", recommendation: "Review this code for potential security issues", confidence: 0.9, pattern_type: :hardcoded_secret}
13:17:20.851 [debug] Match confidence: 0.264, min_confidence: 0.7, match: %{type: "js-hardcoded-secret-password", context: %{node_type: "VariableDeclarator", depth: 3, parent_type: "VariableDeclaration"}, location: %{depth: 3, end_column: 83, end_line: 1, start_line: 1, start_column: 72}, severity: "high", pattern_id: "js-hardcoded-secret-password", pattern_name: "Hardcoded Password", recommendation: "Review this code for potential security issues", confidence: 0.9, pattern_type: :hardcoded_secret}
13:17:20.851 [debug] Match confidence: 0.264, min_confidence: 0.7, match: %{type: "js-hardcoded-secret-password", context: %{node_type: "VariableDeclarator", depth: 3, parent_type: "VariableDeclaration"}, location: %{depth: 3, end_column: 100, end_line: 1, start_line: 1, start_column: 89}, severity: "high", pattern_id: "js-hardcoded-secret-password", pattern_name: "Hardcoded Password", recommendation: "Review this code for potential security issues", confidence: 0.9, pattern_type: :hardcoded_secret}
13:17:20.851 [debug] Match confidence: 0.264, min_confidence: 0.7, match: %{type: "js-hardcoded-secret-password", context: %{node_type: "VariableDeclarator", depth: 3, parent_type: "VariableDeclaration"}, location: %{depth: 3, end_column: 117, end_line: 1, start_line: 1, start_column: 106}, severity: "high", pattern_id: "js-hardcoded-secret-password", pattern_name: "Hardcoded Password", recommendation: "Review this code for potential security issues", confidence: 0.9, pattern_type: :hardcoded_secret}
13:17:20.851 [debug] Match confidence: 0.264, min_confidence: 0.7, match: %{type: "js-hardcoded-secret-password", context: %{node_type: "VariableDeclarator", depth: 3, parent_type: "VariableDeclaration"}, location: %{depth: 3, end_column: 134, end_line: 1, start_line: 1, start_column: 123}, severity: "high", pattern_id: "js-hardcoded-secret-password", pattern_name: "Hardcoded Password", recommendation: "Review this code for potential security issues", confidence: 0.9, pattern_type: :hardcoded_secret}
13:17:20.851 [debug] Match confidence: 0.264, min_confidence: 0.7, match: %{type: "js-hardcoded-secret-password", context: %{node_type: "VariableDeclarator", depth: 3, parent_type: "VariableDeclaration"}, location: %{depth: 3, end_column: 151, end_line: 1, start_line: 1, start_column: 140}, severity: "high", pattern_id: "js-hardcoded-secret-password", pattern_name: "Hardcoded Password", recommendation: "Review this code for potential security issues", confidence: 0.9, pattern_type: :hardcoded_secret}
13:17:20.852 [debug] Match confidence: 0.264, min_confidence: 0.7, match: %{type: "js-hardcoded-secret-password", context: %{node_type: "VariableDeclarator", depth: 3, parent_type: "VariableDeclaration"}, location: %{depth: 3, end_column: 168, end_line: 1, start_line: 1, start_column: 157}, severity: "high", pattern_id: "js-hardcoded-secret-password", pattern_name: "Hardcoded Password", recommendation: "Review this code for potential security issues", confidence: 0.9, pattern_type: :hardcoded_secret}
13:17:20.852 [debug] Match confidence: 0.264, min_confidence: 0.7, match: %{type: "js-hardcoded-secret-password", context: %{node_type: "VariableDeclarator", depth: 3, parent_type: "VariableDeclaration"}, location: %{depth: 3, end_column: 185, end_line: 1, start_line: 1, start_column: 174}, severity: "high", pattern_id: "js-hardcoded-secret-password", pattern_name: "Hardcoded Password", recommendation: "Review this code for potential security issues", confidence: 0.9, pattern_type: :hardcoded_secret}
.13:17:21.594 [debug] Parser response received
13:17:21.594 [info] AnalysisService: Loaded 30 patterns for javascript
13:17:21.595 [info] AnalysisService: Found 2 matches
13:17:21.595 [debug] Match confidence: 0.8800000000000001, min_confidence: 0.7, match: %{type: "js-hardcoded-secret-password", context: %{node_type: "VariableDeclarator", depth: 3, parent_type: "VariableDeclaration"}, location: %{depth: 3, end_column: 9, end_line: 1, start_line: 1, start_column: 4}, severity: "high", pattern_id: "js-hardcoded-secret-password", pattern_name: "Hardcoded Password", recommendation: "Review this code for potential security issues", confidence: 0.9, pattern_type: :hardcoded_secret}
13:17:21.595 [debug] Match confidence: 0.8800000000000001, min_confidence: 0.7, match: %{type: "js-hardcoded-secret-api-key", context: %{node_type: "VariableDeclarator", depth: 3, parent_type: "VariableDeclaration"}, location: %{depth: 3, end_column: 9, end_line: 1, start_line: 1, start_column: 4}, severity: "high", pattern_id: "js-hardcoded-secret-api-key", pattern_name: "Hardcoded API Key", recommendation: "Review this code for potential security issues", confidence: 0.9, pattern_type: :hardcoded_secret}
13:17:21.671 [debug] Parser response received
13:17:21.688 [debug] Parser response received
13:17:21.689 [info] PatternAdapter loading patterns for python: found 12 patterns
13:17:21.689 [info] AnalysisService: Loaded 12 patterns for python
13:17:21.689 [info] AnalysisService: Found 0 matches
..13:17:21.762 [debug] Parser response received
13:17:21.762 [info] AnalysisService: Loaded 30 patterns for javascript
13:17:21.762 [info] AnalysisService: Found 2 matches
13:17:21.762 [debug] Match confidence: 0.8800000000000001, min_confidence: 0.7, match: %{type: "js-hardcoded-secret-password", context: %{node_type: "VariableDeclarator", depth: 3, parent_type: "VariableDeclaration"}, location: %{depth: 3, end_column: 15, end_line: 1, start_line: 1, start_column: 4}, severity: "high", pattern_id: "js-hardcoded-secret-password", pattern_name: "Hardcoded Password", recommendation: "Review this code for potential security issues", confidence: 0.9, pattern_type: :hardcoded_secret}
13:17:21.762 [debug] Match confidence: 0.8800000000000001, min_confidence: 0.7, match: %{type: "js-hardcoded-secret-api-key", context: %{node_type: "VariableDeclarator", depth: 3, parent_type: "VariableDeclaration"}, location: %{depth: 3, end_column: 15, end_line: 1, start_line: 1, start_column: 4}, severity: "high", pattern_id: "js-hardcoded-secret-api-key", pattern_name: "Hardcoded API Key", recommendation: "Review this code for potential security issues", confidence: 0.9, pattern_type: :hardcoded_secret}
13:17:21.842 [debug] Parser response received
13:17:21.842 [info] AnalysisService: Loaded 30 patterns for javascript
13:17:21.843 [info] AnalysisService: Found 2 matches
13:17:21.843 [debug] Match confidence: 0.8800000000000001, min_confidence: 0.7, match: %{type: "js-hardcoded-secret-password", context: %{node_type: "VariableDeclarator", depth: 3, parent_type: "VariableDeclaration"}, location: %{depth: 3, end_column: 15, end_line: 1, start_line: 1, start_column: 4}, severity: "high", pattern_id: "js-hardcoded-secret-password", pattern_name: "Hardcoded Password", recommendation: "Review this code for potential security issues", confidence: 0.9, pattern_type: :hardcoded_secret}
13:17:21.843 [debug] Match confidence: 0.8800000000000001, min_confidence: 0.7, match: %{type: "js-hardcoded-secret-api-key", context: %{node_type: "VariableDeclarator", depth: 3, parent_type: "VariableDeclaration"}, location: %{depth: 3, end_column: 15, end_line: 1, start_line: 1, start_column: 4}, severity: "high", pattern_id: "js-hardcoded-secret-api-key", pattern_name: "Hardcoded API Key", recommendation: "Review this code for potential security issues", confidence: 0.9, pattern_type: :hardcoded_secret}
13:17:21.921 [debug] Parser response received
13:17:21.921 [info] AnalysisService: Loaded 30 patterns for javascript
13:17:21.921 [info] AnalysisService: Found 2 matches
13:17:21.921 [debug] Match confidence: 0.8800000000000001, min_confidence: 0.7, match: %{type: "js-hardcoded-secret-password", context: %{node_type: "VariableDeclarator", depth: 3, parent_type: "VariableDeclaration"}, location: %{depth: 3, end_column: 15, end_line: 1, start_line: 1, start_column: 4}, severity: "high", pattern_id: "js-hardcoded-secret-password", pattern_name: "Hardcoded Password", recommendation: "Review this code for potential security issues", confidence: 0.9, pattern_type: :hardcoded_secret}
13:17:21.921 [debug] Match confidence: 0.8800000000000001, min_confidence: 0.7, match: %{type: "js-hardcoded-secret-api-key", context: %{node_type: "VariableDeclarator", depth: 3, parent_type: "VariableDeclaration"}, location: %{depth: 3, end_column: 15, end_line: 1, start_line: 1, start_column: 4}, severity: "high", pattern_id: "js-hardcoded-secret-api-key", pattern_name: "Hardcoded API Key", recommendation: "Review this code for potential security issues", confidence: 0.9, pattern_type: :hardcoded_secret}
13:17:22.003 [debug] Parser response received
13:17:22.003 [info] AnalysisService: Loaded 30 patterns for javascript
13:17:22.004 [info] AnalysisService: Found 2 matches
13:17:22.004 [debug] Match confidence: 0.8800000000000001, min_confidence: 0.7, match: %{type: "js-hardcoded-secret-password", context: %{node_type: "VariableDeclarator", depth: 3, parent_type: "VariableDeclaration"}, location: %{depth: 3, end_column: 15, end_line: 1, start_line: 1, start_column: 4}, severity: "high", pattern_id: "js-hardcoded-secret-password", pattern_name: "Hardcoded Password", recommendation: "Review this code for potential security issues", confidence: 0.9, pattern_type: :hardcoded_secret}
13:17:22.004 [debug] Match confidence: 0.8800000000000001, min_confidence: 0.7, match: %{type: "js-hardcoded-secret-api-key", context: %{node_type: "VariableDeclarator", depth: 3, parent_type: "VariableDeclaration"}, location: %{depth: 3, end_column: 15, end_line: 1, start_line: 1, start_column: 4}, severity: "high", pattern_id: "js-hardcoded-secret-api-key", pattern_name: "Hardcoded API Key", recommendation: "Review this code for potential security issues", confidence: 0.9, pattern_type: :hardcoded_secret}
13:17:22.078 [debug] Parser response received
13:17:22.078 [info] AnalysisService: Loaded 30 patterns for javascript
13:17:22.079 [info] AnalysisService: Found 2 matches
13:17:22.079 [debug] Match confidence: 0.8800000000000001, min_confidence: 0.7, match: %{type: "js-hardcoded-secret-password", context: %{node_type: "VariableDeclarator", depth: 3, parent_type: "VariableDeclaration"}, location: %{depth: 3, end_column: 15, end_line: 1, start_line: 1, start_column: 4}, severity: "high", pattern_id: "js-hardcoded-secret-password", pattern_name: "Hardcoded Password", recommendation: "Review this code for potential security issues", confidence: 0.9, pattern_type: :hardcoded_secret}
13:17:22.079 [debug] Match confidence: 0.8800000000000001, min_confidence: 0.7, match: %{type: "js-hardcoded-secret-api-key", context: %{node_type: "VariableDeclarator", depth: 3, parent_type: "VariableDeclaration"}, location: %{depth: 3, end_column: 15, end_line: 1, start_line: 1, start_column: 4}, severity: "high", pattern_id: "js-hardcoded-secret-api-key", pattern_name: "Hardcoded API Key", recommendation: "Review this code for potential security issues", confidence: 0.9, pattern_type: :hardcoded_secret}
13:17:22.156 [debug] Parser response received
13:17:22.157 [info] AnalysisService: Loaded 30 patterns for javascript
13:17:22.157 [info] AnalysisService: Found 2 matches
13:17:22.157 [debug] Match confidence: 0.8800000000000001, min_confidence: 0.7, match: %{type: "js-hardcoded-secret-password", context: %{node_type: "VariableDeclarator", depth: 3, parent_type: "VariableDeclaration"}, location: %{depth: 3, end_column: 15, end_line: 1, start_line: 1, start_column: 4}, severity: "high", pattern_id: "js-hardcoded-secret-password", pattern_name: "Hardcoded Password", recommendation: "Review this code for potential security issues", confidence: 0.9, pattern_type: :hardcoded_secret}
13:17:22.157 [debug] Match confidence: 0.8800000000000001, min_confidence: 0.7, match: %{type: "js-hardcoded-secret-api-key", context: %{node_type: "VariableDeclarator", depth: 3, parent_type: "VariableDeclaration"}, location: %{depth: 3, end_column: 15, end_line: 1, start_line: 1, start_column: 4}, severity: "high", pattern_id: "js-hardcoded-secret-api-key", pattern_name: "Hardcoded API Key", recommendation: "Review this code for potential security issues", confidence: 0.9, pattern_type: :hardcoded_secret}
13:17:22.240 [debug] Parser response received
13:17:22.240 [info] AnalysisService: Loaded 30 patterns for javascript
13:17:22.241 [info] AnalysisService: Found 2 matches
13:17:22.241 [debug] Match confidence: 0.8800000000000001, min_confidence: 0.7, match: %{type: "js-hardcoded-secret-password", context: %{node_type: "VariableDeclarator", depth: 3, parent_type: "VariableDeclaration"}, location: %{depth: 3, end_column: 15, end_line: 1, start_line: 1, start_column: 4}, severity: "high", pattern_id: "js-hardcoded-secret-password", pattern_name: "Hardcoded Password", recommendation: "Review this code for potential security issues", confidence: 0.9, pattern_type: :hardcoded_secret}
13:17:22.241 [debug] Match confidence: 0.8800000000000001, min_confidence: 0.7, match: %{type: "js-hardcoded-secret-api-key", context: %{node_type: "VariableDeclarator", depth: 3, parent_type: "VariableDeclaration"}, location: %{depth: 3, end_column: 15, end_line: 1, start_line: 1, start_column: 4}, severity: "high", pattern_id: "js-hardcoded-secret-api-key", pattern_name: "Hardcoded API Key", recommendation: "Review this code for potential security issues", confidence: 0.9, pattern_type: :hardcoded_secret}
13:17:22.321 [debug] Parser response received
13:17:22.321 [info] AnalysisService: Loaded 30 patterns for javascript
13:17:22.321 [info] AnalysisService: Found 2 matches
13:17:22.321 [debug] Match confidence: 0.8800000000000001, min_confidence: 0.7, match: %{type: "js-hardcoded-secret-password", context: %{node_type: "VariableDeclarator", depth: 3, parent_type: "VariableDeclaration"}, location: %{depth: 3, end_column: 15, end_line: 1, start_line: 1, start_column: 4}, severity: "high", pattern_id: "js-hardcoded-secret-password", pattern_name: "Hardcoded Password", recommendation: "Review this code for potential security issues", confidence: 0.9, pattern_type: :hardcoded_secret}
13:17:22.321 [debug] Match confidence: 0.8800000000000001, min_confidence: 0.7, match: %{type: "js-hardcoded-secret-api-key", context: %{node_type: "VariableDeclarator", depth: 3, parent_type: "VariableDeclaration"}, location: %{depth: 3, end_column: 15, end_line: 1, start_line: 1, start_column: 4}, severity: "high", pattern_id: "js-hardcoded-secret-api-key", pattern_name: "Hardcoded API Key", recommendation: "Review this code for potential security issues", confidence: 0.9, pattern_type: :hardcoded_secret}
13:17:22.402 [debug] Parser response received
13:17:22.402 [info] AnalysisService: Loaded 30 patterns for javascript
13:17:22.402 [info] AnalysisService: Found 2 matches
13:17:22.402 [debug] Match confidence: 0.8800000000000001, min_confidence: 0.7, match: %{type: "js-hardcoded-secret-password", context: %{node_type: "VariableDeclarator", depth: 3, parent_type: "VariableDeclaration"}, location: %{depth: 3, end_column: 15, end_line: 1, start_line: 1, start_column: 4}, severity: "high", pattern_id: "js-hardcoded-secret-password", pattern_name: "Hardcoded Password", recommendation: "Review this code for potential security issues", confidence: 0.9, pattern_type: :hardcoded_secret}
13:17:22.402 [debug] Match confidence: 0.8800000000000001, min_confidence: 0.7, match: %{type: "js-hardcoded-secret-api-key", context: %{node_type: "VariableDeclarator", depth: 3, parent_type: "VariableDeclaration"}, location: %{depth: 3, end_column: 15, end_line: 1, start_line: 1, start_column: 4}, severity: "high", pattern_id: "js-hardcoded-secret-api-key", pattern_name: "Hardcoded API Key", recommendation: "Review this code for potential security issues", confidence: 0.9, pattern_type: :hardcoded_secret}
13:17:22.480 [debug] Parser response received
13:17:22.480 [info] AnalysisService: Loaded 30 patterns for javascript
13:17:22.480 [info] AnalysisService: Found 2 matches
13:17:22.480 [debug] Match confidence: 0.8800000000000001, min_confidence: 0.7, match: %{type: "js-hardcoded-secret-password", context: %{node_type: "VariableDeclarator", depth: 3, parent_type: "VariableDeclaration"}, location: %{depth: 3, end_column: 17, end_line: 1, start_line: 1, start_column: 4}, severity: "high", pattern_id: "js-hardcoded-secret-password", pattern_name: "Hardcoded Password", recommendation: "Review this code for potential security issues", confidence: 0.9, pattern_type: :hardcoded_secret}
13:17:22.481 [debug] Match confidence: 0.8800000000000001, min_confidence: 0.7, match: %{type: "js-hardcoded-secret-api-key", context: %{node_type: "VariableDeclarator", depth: 3, parent_type: "VariableDeclaration"}, location: %{depth: 3, end_column: 17, end_line: 1, start_line: 1, start_column: 4}, severity: "high", pattern_id: "js-hardcoded-secret-api-key", pattern_name: "Hardcoded API Key", recommendation: "Review this code for potential security issues", confidence: 0.9, pattern_type: :hardcoded_secret}
13:17:22.568 [debug] Parser response received
13:17:22.568 [info] AnalysisService: Loaded 30 patterns for javascript
13:17:22.569 [info] AnalysisService: Found 2 matches
13:17:22.569 [debug] Match confidence: 0.8800000000000001, min_confidence: 0.7, match: %{type: "js-hardcoded-secret-password", context: %{node_type: "VariableDeclarator", depth: 3, parent_type: "VariableDeclaration"}, location: %{depth: 3, end_column: 17, end_line: 1, start_line: 1, start_column: 4}, severity: "high", pattern_id: "js-hardcoded-secret-password", pattern_name: "Hardcoded Password", recommendation: "Review this code for potential security issues", confidence: 0.9, pattern_type: :hardcoded_secret}
13:17:22.569 [debug] Match confidence: 0.8800000000000001, min_confidence: 0.7, match: %{type: "js-hardcoded-secret-api-key", context: %{node_type: "VariableDeclarator", depth: 3, parent_type: "VariableDeclaration"}, location: %{depth: 3, end_column: 17, end_line: 1, start_line: 1, start_column: 4}, severity: "high", pattern_id: "js-hardcoded-secret-api-key", pattern_name: "Hardcoded API Key", recommendation: "Review this code for potential security issues", confidence: 0.9, pattern_type: :hardcoded_secret}
13:17:22.645 [debug] Parser response received
13:17:22.646 [info] AnalysisService: Loaded 30 patterns for javascript
13:17:22.647 [info] AnalysisService: Found 2 matches
13:17:22.647 [debug] Match confidence: 0.8800000000000001, min_confidence: 0.7, match: %{type: "js-hardcoded-secret-password", context: %{node_type: "VariableDeclarator", depth: 3, parent_type: "VariableDeclaration"}, location: %{depth: 3, end_column: 17, end_line: 1, start_line: 1, start_column: 4}, severity: "high", pattern_id: "js-hardcoded-secret-password", pattern_name: "Hardcoded Password", recommendation: "Review this code for potential security issues", confidence: 0.9, pattern_type: :hardcoded_secret}
13:17:22.647 [debug] Match confidence: 0.8800000000000001, min_confidence: 0.7, match: %{type: "js-hardcoded-secret-api-key", context: %{node_type: "VariableDeclarator", depth: 3, parent_type: "VariableDeclaration"}, location: %{depth: 3, end_column: 17, end_line: 1, start_line: 1, start_column: 4}, severity: "high", pattern_id: "js-hardcoded-secret-api-key", pattern_name: "Hardcoded API Key", recommendation: "Review this code for potential security issues", confidence: 0.9, pattern_type: :hardcoded_secret}
13:17:22.727 [debug] Parser response received
13:17:22.728 [info] AnalysisService: Loaded 30 patterns for javascript
13:17:22.729 [info] AnalysisService: Found 2 matches
13:17:22.729 [debug] Match confidence: 0.8800000000000001, min_confidence: 0.7, match: %{type: "js-hardcoded-secret-password", context: %{node_type: "VariableDeclarator", depth: 3, parent_type: "VariableDeclaration"}, location: %{depth: 3, end_column: 17, end_line: 1, start_line: 1, start_column: 4}, severity: "high", pattern_id: "js-hardcoded-secret-password", pattern_name: "Hardcoded Password", recommendation: "Review this code for potential security issues", confidence: 0.9, pattern_type: :hardcoded_secret}
13:17:22.729 [debug] Match confidence: 0.8800000000000001, min_confidence: 0.7, match: %{type: "js-hardcoded-secret-api-key", context: %{node_type: "VariableDeclarator", depth: 3, parent_type: "VariableDeclaration"}, location: %{depth: 3, end_column: 17, end_line: 1, start_line: 1, start_column: 4}, severity: "high", pattern_id: "js-hardcoded-secret-api-key", pattern_name: "Hardcoded API Key", recommendation: "Review this code for potential security issues", confidence: 0.9, pattern_type: :hardcoded_secret}
13:17:22.810 [debug] Parser response received
13:17:22.811 [info] AnalysisService: Loaded 30 patterns for javascript
13:17:22.811 [info] AnalysisService: Found 2 matches
13:17:22.811 [debug] Match confidence: 0.8800000000000001, min_confidence: 0.7, match: %{type: "js-hardcoded-secret-password", context: %{node_type: "VariableDeclarator", depth: 3, parent_type: "VariableDeclaration"}, location: %{depth: 3, end_column: 17, end_line: 1, start_line: 1, start_column: 4}, severity: "high", pattern_id: "js-hardcoded-secret-password", pattern_name: "Hardcoded Password", recommendation: "Review this code for potential security issues", confidence: 0.9, pattern_type: :hardcoded_secret}
13:17:22.811 [debug] Match confidence: 0.8800000000000001, min_confidence: 0.7, match: %{type: "js-hardcoded-secret-api-key", context: %{node_type: "VariableDeclarator", depth: 3, parent_type: "VariableDeclaration"}, location: %{depth: 3, end_column: 17, end_line: 1, start_line: 1, start_column: 4}, severity: "high", pattern_id: "js-hardcoded-secret-api-key", pattern_name: "Hardcoded API Key", recommendation: "Review this code for potential security issues", confidence: 0.9, pattern_type: :hardcoded_secret}
13:17:22.889 [debug] Parser response received
13:17:22.890 [info] AnalysisService: Loaded 30 patterns for javascript
13:17:22.890 [info] AnalysisService: Found 2 matches
13:17:22.890 [debug] Match confidence: 0.8800000000000001, min_confidence: 0.7, match: %{type: "js-hardcoded-secret-password", context: %{node_type: "VariableDeclarator", depth: 3, parent_type: "VariableDeclaration"}, location: %{depth: 3, end_column: 17, end_line: 1, start_line: 1, start_column: 4}, severity: "high", pattern_id: "js-hardcoded-secret-password", pattern_name: "Hardcoded Password", recommendation: "Review this code for potential security issues", confidence: 0.9, pattern_type: :hardcoded_secret}
13:17:22.890 [debug] Match confidence: 0.8800000000000001, min_confidence: 0.7, match: %{type: "js-hardcoded-secret-api-key", context: %{node_type: "VariableDeclarator", depth: 3, parent_type: "VariableDeclaration"}, location: %{depth: 3, end_column: 17, end_line: 1, start_line: 1, start_column: 4}, severity: "high", pattern_id: "js-hardcoded-secret-api-key", pattern_name: "Hardcoded API Key", recommendation: "Review this code for potential security issues", confidence: 0.9, pattern_type: :hardcoded_secret}
13:17:22.963 [debug] Parser response received
13:17:22.964 [info] AnalysisService: Loaded 30 patterns for javascript
13:17:22.964 [info] AnalysisService: Found 2 matches
13:17:22.964 [debug] Match confidence: 0.8800000000000001, min_confidence: 0.7, match: %{type: "js-hardcoded-secret-password", context: %{node_type: "VariableDeclarator", depth: 3, parent_type: "VariableDeclaration"}, location: %{depth: 3, end_column: 17, end_line: 1, start_line: 1, start_column: 4}, severity: "high", pattern_id: "js-hardcoded-secret-password", pattern_name: "Hardcoded Password", recommendation: "Review this code for potential security issues", confidence: 0.9, pattern_type: :hardcoded_secret}
13:17:22.964 [debug] Match confidence: 0.8800000000000001, min_confidence: 0.7, match: %{type: "js-hardcoded-secret-api-key", context: %{node_type: "VariableDeclarator", depth: 3, parent_type: "VariableDeclaration"}, location: %{depth: 3, end_column: 17, end_line: 1, start_line: 1, start_column: 4}, severity: "high", pattern_id: "js-hardcoded-secret-api-key", pattern_name: "Hardcoded API Key", recommendation: "Review this code for potential security issues", confidence: 0.9, pattern_type: :hardcoded_secret}
13:17:23.039 [debug] Parser response received
13:17:23.039 [info] AnalysisService: Loaded 30 patterns for javascript
13:17:23.039 [info] AnalysisService: Found 2 matches
13:17:23.040 [debug] Match confidence: 0.8800000000000001, min_confidence: 0.7, match: %{type: "js-hardcoded-secret-password", context: %{node_type: "VariableDeclarator", depth: 3, parent_type: "VariableDeclaration"}, location: %{depth: 3, end_column: 17, end_line: 1, start_line: 1, start_column: 4}, severity: "high", pattern_id: "js-hardcoded-secret-password", pattern_name: "Hardcoded Password", recommendation: "Review this code for potential security issues", confidence: 0.9, pattern_type: :hardcoded_secret}
13:17:23.040 [debug] Match confidence: 0.8800000000000001, min_confidence: 0.7, match: %{type: "js-hardcoded-secret-api-key", context: %{node_type: "VariableDeclarator", depth: 3, parent_type: "VariableDeclaration"}, location: %{depth: 3, end_column: 17, end_line: 1, start_line: 1, start_column: 4}, severity: "high", pattern_id: "js-hardcoded-secret-api-key", pattern_name: "Hardcoded API Key", recommendation: "Review this code for potential security issues", confidence: 0.9, pattern_type: :hardcoded_secret}
13:17:23.119 [debug] Parser response received
13:17:23.119 [info] AnalysisService: Loaded 30 patterns for javascript
13:17:23.120 [info] AnalysisService: Found 2 matches
13:17:23.120 [debug] Match confidence: 0.8800000000000001, min_confidence: 0.7, match: %{type: "js-hardcoded-secret-password", context: %{node_type: "VariableDeclarator", depth: 3, parent_type: "VariableDeclaration"}, location: %{depth: 3, end_column: 17, end_line: 1, start_line: 1, start_column: 4}, severity: "high", pattern_id: "js-hardcoded-secret-password", pattern_name: "Hardcoded Password", recommendation: "Review this code for potential security issues", confidence: 0.9, pattern_type: :hardcoded_secret}
13:17:23.120 [debug] Match confidence: 0.8800000000000001, min_confidence: 0.7, match: %{type: "js-hardcoded-secret-api-key", context: %{node_type: "VariableDeclarator", depth: 3, parent_type: "VariableDeclaration"}, location: %{depth: 3, end_column: 17, end_line: 1, start_line: 1, start_column: 4}, severity: "high", pattern_id: "js-hardcoded-secret-api-key", pattern_name: "Hardcoded API Key", recommendation: "Review this code for potential security issues", confidence: 0.9, pattern_type: :hardcoded_secret}
13:17:23.191 [debug] Parser response received
13:17:23.192 [info] AnalysisService: Loaded 30 patterns for javascript
13:17:23.192 [info] AnalysisService: Found 2 matches
13:17:23.192 [debug] Match confidence: 0.8800000000000001, min_confidence: 0.7, match: %{type: "js-hardcoded-secret-password", context: %{node_type: "VariableDeclarator", depth: 3, parent_type: "VariableDeclaration"}, location: %{depth: 3, end_column: 17, end_line: 1, start_line: 1, start_column: 4}, severity: "high", pattern_id: "js-hardcoded-secret-password", pattern_name: "Hardcoded Password", recommendation: "Review this code for potential security issues", confidence: 0.9, pattern_type: :hardcoded_secret}
13:17:23.192 [debug] Match confidence: 0.8800000000000001, min_confidence: 0.7, match: %{type: "js-hardcoded-secret-api-key", context: %{node_type: "VariableDeclarator", depth: 3, parent_type: "VariableDeclaration"}, location: %{depth: 3, end_column: 17, end_line: 1, start_line: 1, start_column: 4}, severity: "high", pattern_id: "js-hardcoded-secret-api-key", pattern_name: "Hardcoded API Key", recommendation: "Review this code for potential security issues", confidence: 0.9, pattern_type: :hardcoded_secret}
13:17:23.267 [debug] Parser response received
13:17:23.267 [info] AnalysisService: Loaded 30 patterns for javascript
13:17:23.268 [info] AnalysisService: Found 2 matches
13:17:23.268 [debug] Match confidence: 0.8800000000000001, min_confidence: 0.7, match: %{type: "js-hardcoded-secret-password", context: %{node_type: "VariableDeclarator", depth: 3, parent_type: "VariableDeclaration"}, location: %{depth: 3, end_column: 17, end_line: 1, start_line: 1, start_column: 4}, severity: "high", pattern_id: "js-hardcoded-secret-password", pattern_name: "Hardcoded Password", recommendation: "Review this code for potential security issues", confidence: 0.9, pattern_type: :hardcoded_secret}
13:17:23.268 [debug] Match confidence: 0.8800000000000001, min_confidence: 0.7, match: %{type: "js-hardcoded-secret-api-key", context: %{node_type: "VariableDeclarator", depth: 3, parent_type: "VariableDeclaration"}, location: %{depth: 3, end_column: 17, end_line: 1, start_line: 1, start_column: 4}, severity: "high", pattern_id: "js-hardcoded-secret-api-key", pattern_name: "Hardcoded API Key", recommendation: "Review this code for potential security issues", confidence: 0.9, pattern_type: :hardcoded_secret}
.13:17:23.358 [debug] Parser response received
13:17:23.358 [info] AnalysisService: Loaded 30 patterns for javascript
13:17:23.359 [info] AnalysisService: Found 2 matches
13:17:23.359 [debug] Match confidence: 0.8800000000000001, min_confidence: 0.7, match: %{type: "js-hardcoded-secret-password", context: %{node_type: "VariableDeclarator", depth: 3, parent_type: "VariableDeclaration"}, location: %{depth: 3, end_column: 9, end_line: 1, start_line: 1, start_column: 4}, severity: "high", pattern_id: "js-hardcoded-secret-password", pattern_name: "Hardcoded Password", recommendation: "Review this code for potential security issues", confidence: 0.9, pattern_type: :hardcoded_secret}
13:17:23.359 [debug] Match confidence: 0.8800000000000001, min_confidence: 0.7, match: %{type: "js-hardcoded-secret-api-key", context: %{node_type: "VariableDeclarator", depth: 3, parent_type: "VariableDeclaration"}, location: %{depth: 3, end_column: 9, end_line: 1, start_line: 1, start_column: 4}, severity: "high", pattern_id: "js-hardcoded-secret-api-key", pattern_name: "Hardcoded API Key", recommendation: "Review this code for potential security issues", confidence: 0.9, pattern_type: :hardcoded_secret}
13:17:23.439 [debug] Parser response received
13:17:23.439 [info] AnalysisService: Loaded 30 patterns for javascript
13:17:23.439 [info] AnalysisService: Found 2 matches
13:17:23.439 [debug] Match confidence: 0.8800000000000001, min_confidence: 0.7, match: %{type: "js-hardcoded-secret-password", context: %{node_type: "VariableDeclarator", depth: 3, parent_type: "VariableDeclaration"}, location: %{depth: 3, end_column: 9, end_line: 1, start_line: 1, start_column: 4}, severity: "high", pattern_id: "js-hardcoded-secret-password", pattern_name: "Hardcoded Password", recommendation: "Review this code for potential security issues", confidence: 0.9, pattern_type: :hardcoded_secret}
13:17:23.439 [debug] Match confidence: 0.8800000000000001, min_confidence: 0.7, match: %{type: "js-hardcoded-secret-api-key", context: %{node_type: "VariableDeclarator", depth: 3, parent_type: "VariableDeclaration"}, location: %{depth: 3, end_column: 9, end_line: 1, start_line: 1, start_column: 4}, severity: "high", pattern_id: "js-hardcoded-secret-api-key", pattern_name: "Hardcoded API Key", recommendation: "Review this code for potential security issues", confidence: 0.9, pattern_type: :hardcoded_secret}
13:17:23.521 [debug] Parser response received
13:17:23.521 [info] AnalysisService: Loaded 30 patterns for javascript
13:17:23.522 [info] AnalysisService: Found 2 matches
13:17:23.522 [debug] Match confidence: 0.8800000000000001, min_confidence: 0.7, match: %{type: "js-hardcoded-secret-password", context: %{node_type: "VariableDeclarator", depth: 3, parent_type: "VariableDeclaration"}, location: %{depth: 3, end_column: 9, end_line: 1, start_line: 1, start_column: 4}, severity: "high", pattern_id: "js-hardcoded-secret-password", pattern_name: "Hardcoded Password", recommendation: "Review this code for potential security issues", confidence: 0.9, pattern_type: :hardcoded_secret}
13:17:23.522 [debug] Match confidence: 0.8800000000000001, min_confidence: 0.7, match: %{type: "js-hardcoded-secret-api-key", context: %{node_type: "VariableDeclarator", depth: 3, parent_type: "VariableDeclaration"}, location: %{depth: 3, end_column: 9, end_line: 1, start_line: 1, start_column: 4}, severity: "high", pattern_id: "js-hardcoded-secret-api-key", pattern_name: "Hardcoded API Key", recommendation: "Review this code for potential security issues", confidence: 0.9, pattern_type: :hardcoded_secret}
13:17:23.615 [debug] Parser response received
13:17:23.616 [info] AnalysisService: Loaded 30 patterns for javascript
13:17:23.616 [info] AnalysisService: Found 2 matches
13:17:23.616 [debug] Match confidence: 0.8800000000000001, min_confidence: 0.7, match: %{type: "js-hardcoded-secret-password", context: %{node_type: "VariableDeclarator", depth: 3, parent_type: "VariableDeclaration"}, location: %{depth: 3, end_column: 9, end_line: 1, start_line: 1, start_column: 4}, severity: "high", pattern_id: "js-hardcoded-secret-password", pattern_name: "Hardcoded Password", recommendation: "Review this code for potential security issues", confidence: 0.9, pattern_type: :hardcoded_secret}
13:17:23.616 [debug] Match confidence: 0.8800000000000001, min_confidence: 0.7, match: %{type: "js-hardcoded-secret-api-key", context: %{node_type: "VariableDeclarator", depth: 3, parent_type: "VariableDeclaration"}, location: %{depth: 3, end_column: 9, end_line: 1, start_line: 1, start_column: 4}, severity: "high", pattern_id: "js-hardcoded-secret-api-key", pattern_name: "Hardcoded API Key", recommendation: "Review this code for potential security issues", confidence: 0.9, pattern_type: :hardcoded_secret}
13:17:23.692 [debug] Parser response received
13:17:23.692 [info] AnalysisService: Loaded 30 patterns for javascript
13:17:23.692 [info] AnalysisService: Found 2 matches
13:17:23.693 [debug] Match confidence: 0.8800000000000001, min_confidence: 0.7, match: %{type: "js-hardcoded-secret-password", context: %{node_type: "VariableDeclarator", depth: 3, parent_type: "VariableDeclaration"}, location: %{depth: 3, end_column: 9, end_line: 1, start_line: 1, start_column: 4}, severity: "high", pattern_id: "js-hardcoded-secret-password", pattern_name: "Hardcoded Password", recommendation: "Review this code for potential security issues", confidence: 0.9, pattern_type: :hardcoded_secret}
13:17:23.693 [debug] Match confidence: 0.8800000000000001, min_confidence: 0.7, match: %{type: "js-hardcoded-secret-api-key", context: %{node_type: "VariableDeclarator", depth: 3, parent_type: "VariableDeclaration"}, location: %{depth: 3, end_column: 9, end_line: 1, start_line: 1, start_column: 4}, severity: "high", pattern_id: "js-hardcoded-secret-api-key", pattern_name: "Hardcoded API Key", recommendation: "Review this code for potential security issues", confidence: 0.9, pattern_type: :hardcoded_secret}
13:17:23.768 [debug] Parser response received
13:17:23.768 [info] AnalysisService: Loaded 30 patterns for javascript
13:17:23.769 [info] AnalysisService: Found 2 matches
13:17:23.769 [debug] Match confidence: 0.8800000000000001, min_confidence: 0.7, match: %{type: "js-hardcoded-secret-password", context: %{node_type: "VariableDeclarator", depth: 3, parent_type: "VariableDeclaration"}, location: %{depth: 3, end_column: 9, end_line: 1, start_line: 1, start_column: 4}, severity: "high", pattern_id: "js-hardcoded-secret-password", pattern_name: "Hardcoded Password", recommendation: "Review this code for potential security issues", confidence: 0.9, pattern_type: :hardcoded_secret}
13:17:23.769 [debug] Match confidence: 0.8800000000000001, min_confidence: 0.7, match: %{type: "js-hardcoded-secret-api-key", context: %{node_type: "VariableDeclarator", depth: 3, parent_type: "VariableDeclaration"}, location: %{depth: 3, end_column: 9, end_line: 1, start_line: 1, start_column: 4}, severity: "high", pattern_id: "js-hardcoded-secret-api-key", pattern_name: "Hardcoded API Key", recommendation: "Review this code for potential security issues", confidence: 0.9, pattern_type: :hardcoded_secret}
13:17:23.862 [debug] Parser response received
13:17:23.862 [info] AnalysisService: Loaded 30 patterns for javascript
13:17:23.862 [info] AnalysisService: Found 2 matches
13:17:23.862 [debug] Match confidence: 0.8800000000000001, min_confidence: 0.7, match: %{type: "js-hardcoded-secret-password", context: %{node_type: "VariableDeclarator", depth: 3, parent_type: "VariableDeclaration"}, location: %{depth: 3, end_column: 9, end_line: 1, start_line: 1, start_column: 4}, severity: "high", pattern_id: "js-hardcoded-secret-password", pattern_name: "Hardcoded Password", recommendation: "Review this code for potential security issues", confidence: 0.9, pattern_type: :hardcoded_secret}
13:17:23.863 [debug] Match confidence: 0.8800000000000001, min_confidence: 0.7, match: %{type: "js-hardcoded-secret-api-key", context: %{node_type: "VariableDeclarator", depth: 3, parent_type: "VariableDeclaration"}, location: %{depth: 3, end_column: 9, end_line: 1, start_line: 1, start_column: 4}, severity: "high", pattern_id: "js-hardcoded-secret-api-key", pattern_name: "Hardcoded API Key", recommendation: "Review this code for potential security issues", confidence: 0.9, pattern_type: :hardcoded_secret}
13:17:23.956 [debug] Parser response received
13:17:23.956 [info] AnalysisService: Loaded 30 patterns for javascript
13:17:23.957 [info] AnalysisService: Found 2 matches
13:17:23.957 [debug] Match confidence: 0.8800000000000001, min_confidence: 0.7, match: %{type: "js-hardcoded-secret-password", context: %{node_type: "VariableDeclarator", depth: 3, parent_type: "VariableDeclaration"}, location: %{depth: 3, end_column: 9, end_line: 1, start_line: 1, start_column: 4}, severity: "high", pattern_id: "js-hardcoded-secret-password", pattern_name: "Hardcoded Password", recommendation: "Review this code for potential security issues", confidence: 0.9, pattern_type: :hardcoded_secret}
13:17:23.957 [debug] Match confidence: 0.8800000000000001, min_confidence: 0.7, match: %{type: "js-hardcoded-secret-api-key", context: %{node_type: "VariableDeclarator", depth: 3, parent_type: "VariableDeclaration"}, location: %{depth: 3, end_column: 9, end_line: 1, start_line: 1, start_column: 4}, severity: "high", pattern_id: "js-hardcoded-secret-api-key", pattern_name: "Hardcoded API Key", recommendation: "Review this code for potential security issues", confidence: 0.9, pattern_type: :hardcoded_secret}
13:17:24.040 [debug] Parser response received
13:17:24.040 [info] AnalysisService: Loaded 30 patterns for javascript
13:17:24.041 [info] AnalysisService: Found 2 matches
13:17:24.041 [debug] Match confidence: 0.8800000000000001, min_confidence: 0.7, match: %{type: "js-hardcoded-secret-password", context: %{node_type: "VariableDeclarator", depth: 3, parent_type: "VariableDeclaration"}, location: %{depth: 3, end_column: 9, end_line: 1, start_line: 1, start_column: 4}, severity: "high", pattern_id: "js-hardcoded-secret-password", pattern_name: "Hardcoded Password", recommendation: "Review this code for potential security issues", confidence: 0.9, pattern_type: :hardcoded_secret}
13:17:24.041 [debug] Match confidence: 0.8800000000000001, min_confidence: 0.7, match: %{type: "js-hardcoded-secret-api-key", context: %{node_type: "VariableDeclarator", depth: 3, parent_type: "VariableDeclaration"}, location: %{depth: 3, end_column: 9, end_line: 1, start_line: 1, start_column: 4}, severity: "high", pattern_id: "js-hardcoded-secret-api-key", pattern_name: "Hardcoded API Key", recommendation: "Review this code for potential security issues", confidence: 0.9, pattern_type: :hardcoded_secret}
13:17:24.125 [debug] Parser response received
13:17:24.125 [info] AnalysisService: Loaded 30 patterns for javascript
13:17:24.125 [info] AnalysisService: Found 2 matches
.13:17:24.126 [debug] Match confidence: 0.8800000000000001, min_confidence: 0.7, match: %{type: "js-hardcoded-secret-password", context: %{node_type: "VariableDeclarator", depth: 3, parent_type: "VariableDeclaration"}, location: %{depth: 3, end_column: 10, end_line: 1, start_line: 1, start_column: 4}, severity: "high", pattern_id: "js-hardcoded-secret-password", pattern_name: "Hardcoded Password", recommendation: "Review this code for potential security issues", confidence: 0.9, pattern_type: :hardcoded_secret}
13:17:24.126 [debug] Match confidence: 0.8800000000000001, min_confidence: 0.7, match: %{type: "js-hardcoded-secret-api-key", context: %{node_type: "VariableDeclarator", depth: 3, parent_type: "VariableDeclaration"}, location: %{depth: 3, end_column: 10, end_line: 1, start_line: 1, start_column: 4}, severity: "high", pattern_id: "js-hardcoded-secret-api-key", pattern_name: "Hardcoded API Key", recommendation: "Review this code for potential security issues", confidence: 0.9, pattern_type: :hardcoded_secret}
...13:17:24.309 [debug] Parser response received
13:17:24.309 [info] AnalysisService: Loaded 30 patterns for javascript
13:17:24.311 [info] AnalysisService: Found 16 matches
13:17:24.311 [debug] Match confidence: 0.84525, min_confidence: 0.7, match: %{type: "js-xss-innerhtml", context: %{node_type: "AssignmentExpression", depth: 5, parent_type: "ExpressionStatement", in_function: "displayMessage"}, location: %{depth: 5, end_column: 57, end_line: 2, start_line: 2, start_column: 2}, severity: "high", pattern_id: "js-xss-innerhtml", pattern_name: "Cross-Site Scripting (XSS) via innerHTML", recommendation: "Review this code for potential security issues", confidence: 0.85, pattern_type: :xss}
13:17:24.311 [debug] Match confidence: 0.62475, min_confidence: 0.7, match: %{type: "js-xss-document-write", context: %{node_type: "CallExpression", depth: 7, parent_type: "MemberExpression", in_function: "displayMessage"}, location: %{depth: 7, end_column: 35, end_line: 2, start_line: 2, start_column: 2}, severity: "high", pattern_id: "js-xss-document-write", pattern_name: "Cross-Site Scripting (XSS) via document.write", recommendation: "Review this code for potential security issues", confidence: 0.85, pattern_type: :xss}
13:17:24.311 [debug] Match confidence: 0.62475, min_confidence: 0.7, match: %{type: "js-xss-jquery-html", context: %{node_type: "CallExpression", depth: 7, parent_type: "MemberExpression", in_function: "displayMessage"}, location: %{depth: 7, end_column: 35, end_line: 2, start_line: 2, start_column: 2}, severity: "high", pattern_id: "js-xss-jquery-html", pattern_name: "XSS via jQuery html()", recommendation: "Review this code for potential security issues", confidence: 0.85, pattern_type: :xss}
13:17:24.311 [debug] Match confidence: 0.6435000000000002, min_confidence: 0.7, match: %{type: "js-path-traversal-join", context: %{node_type: "CallExpression", depth: 7, parent_type: "MemberExpression", in_function: "displayMessage"}, location: %{depth: 7, end_column: 35, end_line: 2, start_line: 2, start_column: 2}, severity: "medium", pattern_id: "js-path-traversal-join", pattern_name: "Path Traversal via path.join", recommendation: "Review this code for potential security issues", confidence: 0.7, pattern_type: :path_traversal}
13:17:24.311 [debug] Match confidence: 0.7150000000000001, min_confidence: 0.7, match: %{type: "js-weak-crypto-md5", context: %{node_type: "CallExpression", depth: 7, parent_type: "MemberExpression", in_function: "displayMessage"}, location: %{depth: 7, end_column: 35, end_line: 2, start_line: 2, start_column: 2}, severity: "medium", pattern_id: "js-weak-crypto-md5", pattern_name: "Weak Cryptography - MD5", recommendation: "Review this code for potential security issues", confidence: 0.7, pattern_type: :weak_crypto}
13:17:24.311 [debug] Match confidence: 0.7150000000000001, min_confidence: 0.7, match: %{type: "js-weak-crypto-sha1", context: %{node_type: "CallExpression", depth: 7, parent_type: "MemberExpression", in_function: "displayMessage"}, location: %{depth: 7, end_column: 35, end_line: 2, start_line: 2, start_column: 2}, severity: "medium", pattern_id: "js-weak-crypto-sha1", pattern_name: "Weak Cryptography - SHA1", recommendation: "Review this code for potential security issues", confidence: 0.7, pattern_type: :weak_crypto}
13:17:24.311 [debug] Match confidence: 0.6435000000000002, min_confidence: 0.7, match: %{type: "js-open-redirect", context: %{node_type: "CallExpression", depth: 7, parent_type: "MemberExpression", in_function: "displayMessage"}, location: %{depth: 7, end_column: 35, end_line: 2, start_line: 2, start_column: 2}, severity: "medium", pattern_id: "js-open-redirect", pattern_name: "Open Redirect Vulnerability", recommendation: "Review this code for potential security issues", confidence: 0.7, pattern_type: :open_redirect}
13:17:24.311 [debug] Match confidence: 0.6435000000000002, min_confidence: 0.7, match: %{type: "js-prototype-pollution", context: %{node_type: "AssignmentExpression", depth: 5, parent_type: "ExpressionStatement", in_function: "displayMessage"}, location: %{depth: 5, end_column: 57, end_line: 2, start_line: 2, start_column: 2}, severity: "medium", pattern_id: "js-prototype-pollution", pattern_name: "Prototype Pollution", recommendation: "Review this code for potential security issues", confidence: 0.7, pattern_type: :deserialization}
13:17:24.311 [debug] Match confidence: 0.7150000000000001, min_confidence: 0.7, match: %{type: "js-insecure-random", context: %{node_type: "CallExpression", depth: 7, parent_type: "MemberExpression", in_function: "displayMessage"}, location: %{depth: 7, end_column: 35, end_line: 2, start_line: 2, start_column: 2}, severity: "medium", pattern_id: "js-insecure-random", pattern_name: "Insecure Random Number Generation", recommendation: "Review this code for potential security issues", confidence: 0.7, pattern_type: :insecure_random}
13:17:24.311 [debug] Match confidence: 0.46962499999999996, min_confidence: 0.7, match: %{type: "js-nosql-injection", context: %{node_type: "CallExpression", depth: 7, parent_type: "MemberExpression", in_function: "displayMessage"}, location: %{depth: 7, end_column: 35, end_line: 2, start_line: 2, start_column: 2}, severity: "high", pattern_id: "js-nosql-injection", pattern_name: "NoSQL Injection", recommendation: "Review this code for potential security issues", confidence: 0.85, pattern_type: :nosql_injection}
13:17:24.311 [debug] Match confidence: 0.49725, min_confidence: 0.7, match: %{type: "js-ldap-injection", context: %{node_type: "CallExpression", depth: 7, parent_type: "MemberExpression", in_function: "displayMessage"}, location: %{depth: 7, end_column: 35, end_line: 2, start_line: 2, start_column: 2}, severity: "high", pattern_id: "js-ldap-injection", pattern_name: "LDAP Injection", recommendation: "Review this code for potential security issues", confidence: 0.85, pattern_type: :ldap_injection}
13:17:24.311 [debug] Match confidence: 0.49725, min_confidence: 0.7, match: %{type: "js-xpath-injection", context: %{node_type: "CallExpression", depth: 7, parent_type: "MemberExpression", in_function: "displayMessage"}, location: %{depth: 7, end_column: 35, end_line: 2, start_line: 2, start_column: 2}, severity: "high", pattern_id: "js-xpath-injection", pattern_name: "XPath Injection", recommendation: "Review this code for potential security issues", confidence: 0.85, pattern_type: :xpath_injection}
13:17:24.311 [debug] Match confidence: 0.6435000000000002, min_confidence: 0.7, match: %{type: "js-ssrf", context: %{node_type: "CallExpression", depth: 7, parent_type: "MemberExpression", in_function: "displayMessage"}, location: %{depth: 7, end_column: 35, end_line: 2, start_line: 2, start_column: 2}, severity: "medium", pattern_id: "js-ssrf", pattern_name: "Server-Side Request Forgery (SSRF)", recommendation: "Review this code for potential security issues", confidence: 0.7, pattern_type: :ssrf}
13:17:24.311 [debug] Match confidence: 0.6435000000000002, min_confidence: 0.7, match: %{type: "js-insecure-deserialization", context: %{node_type: "CallExpression", depth: 7, parent_type: "MemberExpression", in_function: "displayMessage"}, location: %{depth: 7, end_column: 35, end_line: 2, start_line: 2, start_column: 2}, severity: "medium", pattern_id: "js-insecure-deserialization", pattern_name: "Insecure Deserialization", recommendation: "Review this code for potential security issues", confidence: 0.7, pattern_type: :deserialization}
13:17:24.311 [debug] Match confidence: 0.6435000000000002, min_confidence: 0.7, match: %{type: "js-jwt-none-algorithm", context: %{node_type: "CallExpression", depth: 7, parent_type: "MemberExpression", in_function: "displayMessage"}, location: %{depth: 7, end_column: 35, end_line: 2, start_line: 2, start_column: 2}, severity: "medium", pattern_id: "js-jwt-none-algorithm", pattern_name: "JWT None Algorithm Vulnerability", recommendation: "Review this code for potential security issues", confidence: 0.7, pattern_type: :authentication}
13:17:24.311 [debug] Match confidence: 0.6435000000000002, min_confidence: 0.7, match: %{type: "js-debug-console-log", context: %{node_type: "CallExpression", depth: 7, parent_type: "MemberExpression", in_function: "displayMessage"}, location: %{depth: 7, end_column: 35, end_line: 2, start_line: 2, start_column: 2}, severity: "medium", pattern_id: "js-debug-console-log", pattern_name: "Sensitive Data in Console Logs", recommendation: "Review this code for potential security issues", confidence: 0.7, pattern_type: :information_disclosure}
13:17:24.390 [debug] Parser response received
13:17:24.390 [info] AnalysisService: Loaded 30 patterns for javascript
13:17:24.391 [info] AnalysisService: Found 15 matches
13:17:24.391 [debug] Match confidence: 0.62475, min_confidence: 0.7, match: %{type: "js-xss-document-write", context: %{node_type: "CallExpression", depth: 7, parent_type: "MemberExpression", in_function: "displayMessage"}, location: %{depth: 7, end_column: 35, end_line: 2, start_line: 2, start_column: 2}, severity: "high", pattern_id: "js-xss-document-write", pattern_name: "Cross-Site Scripting (XSS) via document.write", recommendation: "Review this code for potential security issues", confidence: 0.85, pattern_type: :xss}
13:17:24.391 [debug] Match confidence: 0.62475, min_confidence: 0.7, match: %{type: "js-xss-jquery-html", context: %{node_type: "CallExpression", depth: 7, parent_type: "MemberExpression", in_function: "displayMessage"}, location: %{depth: 7, end_column: 35, end_line: 2, start_line: 2, start_column: 2}, severity: "high", pattern_id: "js-xss-jquery-html", pattern_name: "XSS via jQuery html()", recommendation: "Review this code for potential security issues", confidence: 0.85, pattern_type: :xss}
13:17:24.391 [debug] Match confidence: 0.6435000000000002, min_confidence: 0.7, match: %{type: "js-path-traversal-join", context: %{node_type: "CallExpression", depth: 7, parent_type: "MemberExpression", in_function: "displayMessage"}, location: %{depth: 7, end_column: 35, end_line: 2, start_line: 2, start_column: 2}, severity: "medium", pattern_id: "js-path-traversal-join", pattern_name: "Path Traversal via path.join", recommendation: "Review this code for potential security issues", confidence: 0.7, pattern_type: :path_traversal}
13:17:24.391 [debug] Match confidence: 0.7150000000000001, min_confidence: 0.7, match: %{type: "js-weak-crypto-md5", context: %{node_type: "CallExpression", depth: 7, parent_type: "MemberExpression", in_function: "displayMessage"}, location: %{depth: 7, end_column: 35, end_line: 2, start_line: 2, start_column: 2}, severity: "medium", pattern_id: "js-weak-crypto-md5", pattern_name: "Weak Cryptography - MD5", recommendation: "Review this code for potential security issues", confidence: 0.7, pattern_type: :weak_crypto}
13:17:24.391 [debug] Match confidence: 0.7150000000000001, min_confidence: 0.7, match: %{type: "js-weak-crypto-sha1", context: %{node_type: "CallExpression", depth: 7, parent_type: "MemberExpression", in_function: "displayMessage"}, location: %{depth: 7, end_column: 35, end_line: 2, start_line: 2, start_column: 2}, severity: "medium", pattern_id: "js-weak-crypto-sha1", pattern_name: "Weak Cryptography - SHA1", recommendation: "Review this code for potential security issues", confidence: 0.7, pattern_type: :weak_crypto}
13:17:24.391 [debug] Match confidence: 0.6435000000000002, min_confidence: 0.7, match: %{type: "js-open-redirect", context: %{node_type: "CallExpression", depth: 7, parent_type: "MemberExpression", in_function: "displayMessage"}, location: %{depth: 7, end_column: 35, end_line: 2, start_line: 2, start_column: 2}, severity: "medium", pattern_id: "js-open-redirect", pattern_name: "Open Redirect Vulnerability", recommendation: "Review this code for potential security issues", confidence: 0.7, pattern_type: :open_redirect}
13:17:24.391 [debug] Match confidence: 0.6435000000000002, min_confidence: 0.7, match: %{type: "js-prototype-pollution", context: %{node_type: "AssignmentExpression", depth: 5, parent_type: "ExpressionStatement", in_function: "displayMessage"}, location: %{depth: 5, end_column: 59, end_line: 2, start_line: 2, start_column: 2}, severity: "medium", pattern_id: "js-prototype-pollution", pattern_name: "Prototype Pollution", recommendation: "Review this code for potential security issues", confidence: 0.7, pattern_type: :deserialization}
13:17:24.391 [debug] Match confidence: 0.7150000000000001, min_confidence: 0.7, match: %{type: "js-insecure-random", context: %{node_type: "CallExpression", depth: 7, parent_type: "MemberExpression", in_function: "displayMessage"}, location: %{depth: 7, end_column: 35, end_line: 2, start_line: 2, start_column: 2}, severity: "medium", pattern_id: "js-insecure-random", pattern_name: "Insecure Random Number Generation", recommendation: "Review this code for potential security issues", confidence: 0.7, pattern_type: :insecure_random}
13:17:24.391 [debug] Match confidence: 0.46962499999999996, min_confidence: 0.7, match: %{type: "js-nosql-injection", context: %{node_type: "CallExpression", depth: 7, parent_type: "MemberExpression", in_function: "displayMessage"}, location: %{depth: 7, end_column: 35, end_line: 2, start_line: 2, start_column: 2}, severity: "high", pattern_id: "js-nosql-injection", pattern_name: "NoSQL Injection", recommendation: "Review this code for potential security issues", confidence: 0.85, pattern_type: :nosql_injection}
13:17:24.391 [debug] Match confidence: 0.49725, min_confidence: 0.7, match: %{type: "js-ldap-injection", context: %{node_type: "CallExpression", depth: 7, parent_type: "MemberExpression", in_function: "displayMessage"}, location: %{depth: 7, end_column: 35, end_line: 2, start_line: 2, start_column: 2}, severity: "high", pattern_id: "js-ldap-injection", pattern_name: "LDAP Injection", recommendation: "Review this code for potential security issues", confidence: 0.85, pattern_type: :ldap_injection}
13:17:24.391 [debug] Match confidence: 0.49725, min_confidence: 0.7, match: %{type: "js-xpath-injection", context: %{node_type: "CallExpression", depth: 7, parent_type: "MemberExpression", in_function: "displayMessage"}, location: %{depth: 7, end_column: 35, end_line: 2, start_line: 2, start_column: 2}, severity: "high", pattern_id: "js-xpath-injection", pattern_name: "XPath Injection", recommendation: "Review this code for potential security issues", confidence: 0.85, pattern_type: :xpath_injection}
13:17:24.391 [debug] Match confidence: 0.6435000000000002, min_confidence: 0.7, match: %{type: "js-ssrf", context: %{node_type: "CallExpression", depth: 7, parent_type: "MemberExpression", in_function: "displayMessage"}, location: %{depth: 7, end_column: 35, end_line: 2, start_line: 2, start_column: 2}, severity: "medium", pattern_id: "js-ssrf", pattern_name: "Server-Side Request Forgery (SSRF)", recommendation: "Review this code for potential security issues", confidence: 0.7, pattern_type: :ssrf}
13:17:24.392 [debug] Match confidence: 0.6435000000000002, min_confidence: 0.7, match: %{type: "js-insecure-deserialization", context: %{node_type: "CallExpression", depth: 7, parent_type: "MemberExpression", in_function: "displayMessage"}, location: %{depth: 7, end_column: 35, end_line: 2, start_line: 2, start_column: 2}, severity: "medium", pattern_id: "js-insecure-deserialization", pattern_name: "Insecure Deserialization", recommendation: "Review this code for potential security issues", confidence: 0.7, pattern_type: :deserialization}
13:17:24.392 [debug] Match confidence: 0.6435000000000002, min_confidence: 0.7, match: %{type: "js-jwt-none-algorithm", context: %{node_type: "CallExpression", depth: 7, parent_type: "MemberExpression", in_function: "displayMessage"}, location: %{depth: 7, end_column: 35, end_line: 2, start_line: 2, start_column: 2}, severity: "medium", pattern_id: "js-jwt-none-algorithm", pattern_name: "JWT None Algorithm Vulnerability", recommendation: "Review this code for potential security issues", confidence: 0.7, pattern_type: :authentication}
13:17:24.392 [debug] Match confidence: 0.6435000000000002, min_confidence: 0.7, match: %{type: "js-debug-console-log", context: %{node_type: "CallExpression", depth: 7, parent_type: "MemberExpression", in_function: "displayMessage"}, location: %{depth: 7, end_column: 35, end_line: 2, start_line: 2, start_column: 2}, severity: "medium", pattern_id: "js-debug-console-log", pattern_name: "Sensitive Data in Console Logs", recommendation: "Review this code for potential security issues", confidence: 0.7, pattern_type: :information_disclosure}


 42) test end-to-end batch processing processes files from parse to analysis (Rsolv.AST.BatchProcessorTest)
     test/rsolv/ast/batch_processor_test.exs:144
     Assertion with == failed
     code:  assert length(safe_result.findings) == 0
     left:  3
     right: 0
     stacktrace:
       test/rsolv/ast/batch_processor_test.exs:181: (test)

13:17:24.473 [debug] Parser response received
13:17:24.473 [info] AnalysisService: Loaded 30 patterns for javascript
13:17:24.474 [info] AnalysisService: Found 0 matches
13:17:24.552 [debug] Parser response received
13:17:24.552 [info] AnalysisService: Loaded 30 patterns for javascript
13:17:24.553 [info] AnalysisService: Found 0 matches
13:17:24.553 [info] AnalysisService: Loaded 30 patterns for javascript
13:17:24.554 [info] AnalysisService: Found 0 matches
13:17:24.554 [info] AnalysisService: Loaded 30 patterns for javascript
13:17:24.554 [info] AnalysisService: Found 0 matches
.13:17:24.641 [debug] Parser response received
13:17:24.641 [info] AnalysisService: Loaded 30 patterns for javascript
13:17:24.644 [info] AnalysisService: Found 47 matches
13:17:24.644 [debug] Match confidence: 0.187425, min_confidence: 0.7, match: %{type: "js-xss-document-write", context: %{node_type: "CallExpression", depth: 7, parent_type: "ExpressionStatement", in_function: "complexFunction1"}, location: %{depth: 7, end_column: 32, end_line: 4, start_line: 4, start_column: 4}, severity: "high", pattern_id: "js-xss-document-write", pattern_name: "Cross-Site Scripting (XSS) via document.write", recommendation: "Review this code for potential security issues", confidence: 0.85, pattern_type: :xss}
13:17:24.644 [debug] Match confidence: 0.187425, min_confidence: 0.7, match: %{type: "js-xss-document-write", context: %{node_type: "CallExpression", depth: 9, parent_type: "BinaryExpression", in_function: "complexFunction1"}, location: %{depth: 9, end_column: 27, end_line: 4, start_line: 4, start_column: 14}, severity: "high", pattern_id: "js-xss-document-write", pattern_name: "Cross-Site Scripting (XSS) via document.write", recommendation: "Review this code for potential security issues", confidence: 0.85, pattern_type: :xss}
13:17:24.644 [debug] Match confidence: 0.187425, min_confidence: 0.7, match: %{type: "js-xss-document-write", context: %{node_type: "CallExpression", depth: 5, parent_type: "ReturnStatement", in_function: "complexFunction1"}, location: %{depth: 5, end_column: 40, end_line: 6, start_line: 6, start_column: 9}, severity: "high", pattern_id: "js-xss-document-write", pattern_name: "Cross-Site Scripting (XSS) via document.write", recommendation: "Review this code for potential security issues", confidence: 0.85, pattern_type: :xss}
13:17:24.644 [debug] Match confidence: 0.187425, min_confidence: 0.7, match: %{type: "js-xss-jquery-html", context: %{node_type: "CallExpression", depth: 7, parent_type: "ExpressionStatement", in_function: "complexFunction1"}, location: %{depth: 7, end_column: 32, end_line: 4, start_line: 4, start_column: 4}, severity: "high", pattern_id: "js-xss-jquery-html", pattern_name: "XSS via jQuery html()", recommendation: "Review this code for potential security issues", confidence: 0.85, pattern_type: :xss}
13:17:24.645 [debug] Match confidence: 0.187425, min_confidence: 0.7, match: %{type: "js-xss-jquery-html", context: %{node_type: "CallExpression", depth: 9, parent_type: "BinaryExpression", in_function: "complexFunction1"}, location: %{depth: 9, end_column: 27, end_line: 4, start_line: 4, start_column: 14}, severity: "high", pattern_id: "js-xss-jquery-html", pattern_name: "XSS via jQuery html()", recommendation: "Review this code for potential security issues", confidence: 0.85, pattern_type: :xss}
13:17:24.645 [debug] Match confidence: 0.187425, min_confidence: 0.7, match: %{type: "js-xss-jquery-html", context: %{node_type: "CallExpression", depth: 5, parent_type: "ReturnStatement", in_function: "complexFunction1"}, location: %{depth: 5, end_column: 40, end_line: 6, start_line: 6, start_column: 9}, severity: "high", pattern_id: "js-xss-jquery-html", pattern_name: "XSS via jQuery html()", recommendation: "Review this code for potential security issues", confidence: 0.85, pattern_type: :xss}
13:17:24.645 [debug] Match confidence: 0.19305000000000005, min_confidence: 0.7, match: %{type: "js-path-traversal-join", context: %{node_type: "CallExpression", depth: 7, parent_type: "ExpressionStatement", in_function: "complexFunction1"}, location: %{depth: 7, end_column: 32, end_line: 4, start_line: 4, start_column: 4}, severity: "medium", pattern_id: "js-path-traversal-join", pattern_name: "Path Traversal via path.join", recommendation: "Review this code for potential security issues", confidence: 0.7, pattern_type: :path_traversal}
13:17:24.645 [debug] Match confidence: 0.19305000000000005, min_confidence: 0.7, match: %{type: "js-path-traversal-join", context: %{node_type: "CallExpression", depth: 9, parent_type: "BinaryExpression", in_function: "complexFunction1"}, location: %{depth: 9, end_column: 27, end_line: 4, start_line: 4, start_column: 14}, severity: "medium", pattern_id: "js-path-traversal-join", pattern_name: "Path Traversal via path.join", recommendation: "Review this code for potential security issues", confidence: 0.7, pattern_type: :path_traversal}
13:17:24.645 [debug] Match confidence: 0.19305000000000005, min_confidence: 0.7, match: %{type: "js-path-traversal-join", context: %{node_type: "CallExpression", depth: 5, parent_type: "ReturnStatement", in_function: "complexFunction1"}, location: %{depth: 5, end_column: 40, end_line: 6, start_line: 6, start_column: 9}, severity: "medium", pattern_id: "js-path-traversal-join", pattern_name: "Path Traversal via path.join", recommendation: "Review this code for potential security issues", confidence: 0.7, pattern_type: :path_traversal}
13:17:24.645 [debug] Match confidence: 0.19305000000000005, min_confidence: 0.7, match: %{type: "js-path-traversal-concat", context: %{node_type: "BinaryExpression", depth: 7, parent_type: "ArrowFunctionExpression", in_function: "complexFunction1"}, location: %{depth: 7, end_column: 36, end_line: 6, start_line: 6, start_column: 31}, severity: "medium", pattern_id: "js-path-traversal-concat", pattern_name: "Path Traversal via String Concatenation", recommendation: "Review this code for potential security issues", confidence: 0.7, pattern_type: :path_traversal}
13:17:24.645 [debug] Match confidence: 0.21450000000000002, min_confidence: 0.7, match: %{type: "js-weak-crypto-md5", context: %{node_type: "CallExpression", depth: 7, parent_type: "ExpressionStatement", in_function: "complexFunction1"}, location: %{depth: 7, end_column: 32, end_line: 4, start_line: 4, start_column: 4}, severity: "medium", pattern_id: "js-weak-crypto-md5", pattern_name: "Weak Cryptography - MD5", recommendation: "Review this code for potential security issues", confidence: 0.7, pattern_type: :weak_crypto}
13:17:24.645 [debug] Match confidence: 0.21450000000000002, min_confidence: 0.7, match: %{type: "js-weak-crypto-md5", context: %{node_type: "CallExpression", depth: 9, parent_type: "BinaryExpression", in_function: "complexFunction1"}, location: %{depth: 9, end_column: 27, end_line: 4, start_line: 4, start_column: 14}, severity: "medium", pattern_id: "js-weak-crypto-md5", pattern_name: "Weak Cryptography - MD5", recommendation: "Review this code for potential security issues", confidence: 0.7, pattern_type: :weak_crypto}
13:17:24.645 [debug] Match confidence: 0.21450000000000002, min_confidence: 0.7, match: %{type: "js-weak-crypto-md5", context: %{node_type: "CallExpression", depth: 5, parent_type: "ReturnStatement", in_function: "complexFunction1"}, location: %{depth: 5, end_column: 40, end_line: 6, start_line: 6, start_column: 9}, severity: "medium", pattern_id: "js-weak-crypto-md5", pattern_name: "Weak Cryptography - MD5", recommendation: "Review this code for potential security issues", confidence: 0.7, pattern_type: :weak_crypto}
13:17:24.645 [debug] Match confidence: 0.21450000000000002, min_confidence: 0.7, match: %{type: "js-weak-crypto-sha1", context: %{node_type: "CallExpression", depth: 7, parent_type: "ExpressionStatement", in_function: "complexFunction1"}, location: %{depth: 7, end_column: 32, end_line: 4, start_line: 4, start_column: 4}, severity: "medium", pattern_id: "js-weak-crypto-sha1", pattern_name: "Weak Cryptography - SHA1", recommendation: "Review this code for potential security issues", confidence: 0.7, pattern_type: :weak_crypto}
13:17:24.645 [debug] Match confidence: 0.21450000000000002, min_confidence: 0.7, match: %{type: "js-weak-crypto-sha1", context: %{node_type: "CallExpression", depth: 9, parent_type: "BinaryExpression", in_function: "complexFunction1"}, location: %{depth: 9, end_column: 27, end_line: 4, start_line: 4, start_column: 14}, severity: "medium", pattern_id: "js-weak-crypto-sha1", pattern_name: "Weak Cryptography - SHA1", recommendation: "Review this code for potential security issues", confidence: 0.7, pattern_type: :weak_crypto}
13:17:24.645 [debug] Match confidence: 0.21450000000000002, min_confidence: 0.7, match: %{type: "js-weak-crypto-sha1", context: %{node_type: "CallExpression", depth: 5, parent_type: "ReturnStatement", in_function: "complexFunction1"}, location: %{depth: 5, end_column: 40, end_line: 6, start_line: 6, start_column: 9}, severity: "medium", pattern_id: "js-weak-crypto-sha1", pattern_name: "Weak Cryptography - SHA1", recommendation: "Review this code for potential security issues", confidence: 0.7, pattern_type: :weak_crypto}
13:17:24.645 [debug] Match confidence: 0.264, min_confidence: 0.7, match: %{type: "js-hardcoded-secret-password", context: %{node_type: "VariableDeclarator", depth: 5, parent_type: "VariableDeclaration", in_function: "complexFunction1"}, location: %{depth: 5, end_column: 15, end_line: 2, start_line: 2, start_column: 6}, severity: "high", pattern_id: "js-hardcoded-secret-password", pattern_name: "Hardcoded Password", recommendation: "Review this code for potential security issues", confidence: 0.9, pattern_type: :hardcoded_secret}
13:17:24.645 [debug] Match confidence: 0.264, min_confidence: 0.7, match: %{type: "js-hardcoded-secret-password", context: %{node_type: "VariableDeclarator", depth: 6, parent_type: "VariableDeclaration", in_function: "complexFunction1"}, location: %{depth: 6, end_column: 16, end_line: 3, start_line: 3, start_column: 11}, severity: "high", pattern_id: "js-hardcoded-secret-password", pattern_name: "Hardcoded Password", recommendation: "Review this code for potential security issues", confidence: 0.9, pattern_type: :hardcoded_secret}
13:17:24.645 [debug] Match confidence: 0.264, min_confidence: 0.7, match: %{type: "js-hardcoded-secret-api-key", context: %{node_type: "VariableDeclarator", depth: 5, parent_type: "VariableDeclaration", in_function: "complexFunction1"}, location: %{depth: 5, end_column: 15, end_line: 2, start_line: 2, start_column: 6}, severity: "high", pattern_id: "js-hardcoded-secret-api-key", pattern_name: "Hardcoded API Key", recommendation: "Review this code for potential security issues", confidence: 0.9, pattern_type: :hardcoded_secret}
13:17:24.645 [debug] Match confidence: 0.264, min_confidence: 0.7, match: %{type: "js-hardcoded-secret-api-key", context: %{node_type: "VariableDeclarator", depth: 6, parent_type: "VariableDeclaration", in_function: "complexFunction1"}, location: %{depth: 6, end_column: 16, end_line: 3, start_line: 3, start_column: 11}, severity: "high", pattern_id: "js-hardcoded-secret-api-key", pattern_name: "Hardcoded API Key", recommendation: "Review this code for potential security issues", confidence: 0.9, pattern_type: :hardcoded_secret}
13:17:24.645 [debug] Match confidence: 0.19305000000000005, min_confidence: 0.7, match: %{type: "js-open-redirect", context: %{node_type: "CallExpression", depth: 7, parent_type: "ExpressionStatement", in_function: "complexFunction1"}, location: %{depth: 7, end_column: 32, end_line: 4, start_line: 4, start_column: 4}, severity: "medium", pattern_id: "js-open-redirect", pattern_name: "Open Redirect Vulnerability", recommendation: "Review this code for potential security issues", confidence: 0.7, pattern_type: :open_redirect}
13:17:24.645 [debug] Match confidence: 0.19305000000000005, min_confidence: 0.7, match: %{type: "js-open-redirect", context: %{node_type: "CallExpression", depth: 9, parent_type: "BinaryExpression", in_function: "complexFunction1"}, location: %{depth: 9, end_column: 27, end_line: 4, start_line: 4, start_column: 14}, severity: "medium", pattern_id: "js-open-redirect", pattern_name: "Open Redirect Vulnerability", recommendation: "Review this code for potential security issues", confidence: 0.7, pattern_type: :open_redirect}
13:17:24.645 [debug] Match confidence: 0.19305000000000005, min_confidence: 0.7, match: %{type: "js-open-redirect", context: %{node_type: "CallExpression", depth: 5, parent_type: "ReturnStatement", in_function: "complexFunction1"}, location: %{depth: 5, end_column: 40, end_line: 6, start_line: 6, start_column: 9}, severity: "medium", pattern_id: "js-open-redirect", pattern_name: "Open Redirect Vulnerability", recommendation: "Review this code for potential security issues", confidence: 0.7, pattern_type: :open_redirect}
13:17:24.645 [debug] Match confidence: 0.21450000000000002, min_confidence: 0.7, match: %{type: "js-insecure-random", context: %{node_type: "CallExpression", depth: 7, parent_type: "ExpressionStatement", in_function: "complexFunction1"}, location: %{depth: 7, end_column: 32, end_line: 4, start_line: 4, start_column: 4}, severity: "medium", pattern_id: "js-insecure-random", pattern_name: "Insecure Random Number Generation", recommendation: "Review this code for potential security issues", confidence: 0.7, pattern_type: :insecure_random}
13:17:24.645 [debug] Match confidence: 0.21450000000000002, min_confidence: 0.7, match: %{type: "js-insecure-random", context: %{node_type: "CallExpression", depth: 9, parent_type: "BinaryExpression", in_function: "complexFunction1"}, location: %{depth: 9, end_column: 27, end_line: 4, start_line: 4, start_column: 14}, severity: "medium", pattern_id: "js-insecure-random", pattern_name: "Insecure Random Number Generation", recommendation: "Review this code for potential security issues", confidence: 0.7, pattern_type: :insecure_random}
13:17:24.645 [debug] Match confidence: 0.21450000000000002, min_confidence: 0.7, match: %{type: "js-insecure-random", context: %{node_type: "CallExpression", depth: 5, parent_type: "ReturnStatement", in_function: "complexFunction1"}, location: %{depth: 5, end_column: 40, end_line: 6, start_line: 6, start_column: 9}, severity: "medium", pattern_id: "js-insecure-random", pattern_name: "Insecure Random Number Generation", recommendation: "Review this code for potential security issues", confidence: 0.7, pattern_type: :insecure_random}
13:17:24.645 [debug] Match confidence: 0.14088749999999997, min_confidence: 0.7, match: %{type: "js-nosql-injection", context: %{node_type: "CallExpression", depth: 7, parent_type: "ExpressionStatement", in_function: "complexFunction1"}, location: %{depth: 7, end_column: 32, end_line: 4, start_line: 4, start_column: 4}, severity: "high", pattern_id: "js-nosql-injection", pattern_name: "NoSQL Injection", recommendation: "Review this code for potential security issues", confidence: 0.85, pattern_type: :nosql_injection}
13:17:24.645 [debug] Match confidence: 0.14088749999999997, min_confidence: 0.7, match: %{type: "js-nosql-injection", context: %{node_type: "CallExpression", depth: 9, parent_type: "BinaryExpression", in_function: "complexFunction1"}, location: %{depth: 9, end_column: 27, end_line: 4, start_line: 4, start_column: 14}, severity: "high", pattern_id: "js-nosql-injection", pattern_name: "NoSQL Injection", recommendation: "Review this code for potential security issues", confidence: 0.85, pattern_type: :nosql_injection}
13:17:24.645 [debug] Match confidence: 0.14088749999999997, min_confidence: 0.7, match: %{type: "js-nosql-injection", context: %{node_type: "CallExpression", depth: 5, parent_type: "ReturnStatement", in_function: "complexFunction1"}, location: %{depth: 5, end_column: 40, end_line: 6, start_line: 6, start_column: 9}, severity: "high", pattern_id: "js-nosql-injection", pattern_name: "NoSQL Injection", recommendation: "Review this code for potential security issues", confidence: 0.85, pattern_type: :nosql_injection}
13:17:24.645 [debug] Match confidence: 0.149175, min_confidence: 0.7, match: %{type: "js-ldap-injection", context: %{node_type: "CallExpression", depth: 7, parent_type: "ExpressionStatement", in_function: "complexFunction1"}, location: %{depth: 7, end_column: 32, end_line: 4, start_line: 4, start_column: 4}, severity: "high", pattern_id: "js-ldap-injection", pattern_name: "LDAP Injection", recommendation: "Review this code for potential security issues", confidence: 0.85, pattern_type: :ldap_injection}
13:17:24.645 [debug] Match confidence: 0.149175, min_confidence: 0.7, match: %{type: "js-ldap-injection", context: %{node_type: "CallExpression", depth: 9, parent_type: "BinaryExpression", in_function: "complexFunction1"}, location: %{depth: 9, end_column: 27, end_line: 4, start_line: 4, start_column: 14}, severity: "high", pattern_id: "js-ldap-injection", pattern_name: "LDAP Injection", recommendation: "Review this code for potential security issues", confidence: 0.85, pattern_type: :ldap_injection}
13:17:24.645 [debug] Match confidence: 0.149175, min_confidence: 0.7, match: %{type: "js-ldap-injection", context: %{node_type: "CallExpression", depth: 5, parent_type: "ReturnStatement", in_function: "complexFunction1"}, location: %{depth: 5, end_column: 40, end_line: 6, start_line: 6, start_column: 9}, severity: "high", pattern_id: "js-ldap-injection", pattern_name: "LDAP Injection", recommendation: "Review this code for potential security issues", confidence: 0.85, pattern_type: :ldap_injection}
13:17:24.645 [debug] Match confidence: 0.149175, min_confidence: 0.7, match: %{type: "js-xpath-injection", context: %{node_type: "CallExpression", depth: 7, parent_type: "ExpressionStatement", in_function: "complexFunction1"}, location: %{depth: 7, end_column: 32, end_line: 4, start_line: 4, start_column: 4}, severity: "high", pattern_id: "js-xpath-injection", pattern_name: "XPath Injection", recommendation: "Review this code for potential security issues", confidence: 0.85, pattern_type: :xpath_injection}
13:17:24.645 [debug] Match confidence: 0.149175, min_confidence: 0.7, match: %{type: "js-xpath-injection", context: %{node_type: "CallExpression", depth: 9, parent_type: "BinaryExpression", in_function: "complexFunction1"}, location: %{depth: 9, end_column: 27, end_line: 4, start_line: 4, start_column: 14}, severity: "high", pattern_id: "js-xpath-injection", pattern_name: "XPath Injection", recommendation: "Review this code for potential security issues", confidence: 0.85, pattern_type: :xpath_injection}
13:17:24.645 [debug] Match confidence: 0.149175, min_confidence: 0.7, match: %{type: "js-xpath-injection", context: %{node_type: "CallExpression", depth: 5, parent_type: "ReturnStatement", in_function: "complexFunction1"}, location: %{depth: 5, end_column: 40, end_line: 6, start_line: 6, start_column: 9}, severity: "high", pattern_id: "js-xpath-injection", pattern_name: "XPath Injection", recommendation: "Review this code for potential security issues", confidence: 0.85, pattern_type: :xpath_injection}
13:17:24.645 [debug] Match confidence: 0.19305000000000005, min_confidence: 0.7, match: %{type: "js-ssrf", context: %{node_type: "CallExpression", depth: 7, parent_type: "ExpressionStatement", in_function: "complexFunction1"}, location: %{depth: 7, end_column: 32, end_line: 4, start_line: 4, start_column: 4}, severity: "medium", pattern_id: "js-ssrf", pattern_name: "Server-Side Request Forgery (SSRF)", recommendation: "Review this code for potential security issues", confidence: 0.7, pattern_type: :ssrf}
13:17:24.645 [debug] Match confidence: 0.19305000000000005, min_confidence: 0.7, match: %{type: "js-ssrf", context: %{node_type: "CallExpression", depth: 9, parent_type: "BinaryExpression", in_function: "complexFunction1"}, location: %{depth: 9, end_column: 27, end_line: 4, start_line: 4, start_column: 14}, severity: "medium", pattern_id: "js-ssrf", pattern_name: "Server-Side Request Forgery (SSRF)", recommendation: "Review this code for potential security issues", confidence: 0.7, pattern_type: :ssrf}
13:17:24.645 [debug] Match confidence: 0.19305000000000005, min_confidence: 0.7, match: %{type: "js-ssrf", context: %{node_type: "CallExpression", depth: 5, parent_type: "ReturnStatement", in_function: "complexFunction1"}, location: %{depth: 5, end_column: 40, end_line: 6, start_line: 6, start_column: 9}, severity: "medium", pattern_id: "js-ssrf", pattern_name: "Server-Side Request Forgery (SSRF)", recommendation: "Review this code for potential security issues", confidence: 0.7, pattern_type: :ssrf}
13:17:24.645 [debug] Match confidence: 0.19305000000000005, min_confidence: 0.7, match: %{type: "js-insecure-deserialization", context: %{node_type: "CallExpression", depth: 7, parent_type: "ExpressionStatement", in_function: "complexFunction1"}, location: %{depth: 7, end_column: 32, end_line: 4, start_line: 4, start_column: 4}, severity: "medium", pattern_id: "js-insecure-deserialization", pattern_name: "Insecure Deserialization", recommendation: "Review this code for potential security issues", confidence: 0.7, pattern_type: :deserialization}
13:17:24.645 [debug] Match confidence: 0.19305000000000005, min_confidence: 0.7, match: %{type: "js-insecure-deserialization", context: %{node_type: "CallExpression", depth: 9, parent_type: "BinaryExpression", in_function: "complexFunction1"}, location: %{depth: 9, end_column: 27, end_line: 4, start_line: 4, start_column: 14}, severity: "medium", pattern_id: "js-insecure-deserialization", pattern_name: "Insecure Deserialization", recommendation: "Review this code for potential security issues", confidence: 0.7, pattern_type: :deserialization}
13:17:24.645 [debug] Match confidence: 0.19305000000000005, min_confidence: 0.7, match: %{type: "js-insecure-deserialization", context: %{node_type: "CallExpression", depth: 5, parent_type: "ReturnStatement", in_function: "complexFunction1"}, location: %{depth: 5, end_column: 40, end_line: 6, start_line: 6, start_column: 9}, severity: "medium", pattern_id: "js-insecure-deserialization", pattern_name: "Insecure Deserialization", recommendation: "Review this code for potential security issues", confidence: 0.7, pattern_type: :deserialization}
13:17:24.645 [debug] Match confidence: 0.19305000000000005, min_confidence: 0.7, match: %{type: "js-jwt-none-algorithm", context: %{node_type: "CallExpression", depth: 7, parent_type: "ExpressionStatement", in_function: "complexFunction1"}, location: %{depth: 7, end_column: 32, end_line: 4, start_line: 4, start_column: 4}, severity: "medium", pattern_id: "js-jwt-none-algorithm", pattern_name: "JWT None Algorithm Vulnerability", recommendation: "Review this code for potential security issues", confidence: 0.7, pattern_type: :authentication}
13:17:24.645 [debug] Match confidence: 0.19305000000000005, min_confidence: 0.7, match: %{type: "js-jwt-none-algorithm", context: %{node_type: "CallExpression", depth: 9, parent_type: "BinaryExpression", in_function: "complexFunction1"}, location: %{depth: 9, end_column: 27, end_line: 4, start_line: 4, start_column: 14}, severity: "medium", pattern_id: "js-jwt-none-algorithm", pattern_name: "JWT None Algorithm Vulnerability", recommendation: "Review this code for potential security issues", confidence: 0.7, pattern_type: :authentication}
13:17:24.645 [debug] Match confidence: 0.19305000000000005, min_confidence: 0.7, match: %{type: "js-jwt-none-algorithm", context: %{node_type: "CallExpression", depth: 5, parent_type: "ReturnStatement", in_function: "complexFunction1"}, location: %{depth: 5, end_column: 40, end_line: 6, start_line: 6, start_column: 9}, severity: "medium", pattern_id: "js-jwt-none-algorithm", pattern_name: "JWT None Algorithm Vulnerability", recommendation: "Review this code for potential security issues", confidence: 0.7, pattern_type: :authentication}
13:17:24.645 [debug] Match confidence: 0.19305000000000005, min_confidence: 0.7, match: %{type: "js-debug-console-log", context: %{node_type: "CallExpression", depth: 7, parent_type: "ExpressionStatement", in_function: "complexFunction1"}, location: %{depth: 7, end_column: 32, end_line: 4, start_line: 4, start_column: 4}, severity: "medium", pattern_id: "js-debug-console-log", pattern_name: "Sensitive Data in Console Logs", recommendation: "Review this code for potential security issues", confidence: 0.7, pattern_type: :information_disclosure}
13:17:24.645 [debug] Match confidence: 0.19305000000000005, min_confidence: 0.7, match: %{type: "js-debug-console-log", context: %{node_type: "CallExpression", depth: 9, parent_type: "BinaryExpression", in_function: "complexFunction1"}, location: %{depth: 9, end_column: 27, end_line: 4, start_line: 4, start_column: 14}, severity: "medium", pattern_id: "js-debug-console-log", pattern_name: "Sensitive Data in Console Logs", recommendation: "Review this code for potential security issues", confidence: 0.7, pattern_type: :information_disclosure}
13:17:24.645 [debug] Match confidence: 0.19305000000000005, min_confidence: 0.7, match: %{type: "js-debug-console-log", context: %{node_type: "CallExpression", depth: 5, parent_type: "ReturnStatement", in_function: "complexFunction1"}, location: %{depth: 5, end_column: 40, end_line: 6, start_line: 6, start_column: 9}, severity: "medium", pattern_id: "js-debug-console-log", pattern_name: "Sensitive Data in Console Logs", recommendation: "Review this code for potential security issues", confidence: 0.7, pattern_type: :information_disclosure}
13:17:24.720 [debug] Parser response received
13:17:24.720 [info] AnalysisService: Loaded 30 patterns for javascript
13:17:24.724 [info] AnalysisService: Found 47 matches
13:17:24.724 [debug] Match confidence: 0.187425, min_confidence: 0.7, match: %{type: "js-xss-document-write", context: %{node_type: "CallExpression", depth: 7, parent_type: "ExpressionStatement", in_function: "complexFunction2"}, location: %{depth: 7, end_column: 32, end_line: 4, start_line: 4, start_column: 4}, severity: "high", pattern_id: "js-xss-document-write", pattern_name: "Cross-Site Scripting (XSS) via document.write", recommendation: "Review this code for potential security issues", confidence: 0.85, pattern_type: :xss}
13:17:24.724 [debug] Match confidence: 0.187425, min_confidence: 0.7, match: %{type: "js-xss-document-write", context: %{node_type: "CallExpression", depth: 9, parent_type: "BinaryExpression", in_function: "complexFunction2"}, location: %{depth: 9, end_column: 27, end_line: 4, start_line: 4, start_column: 14}, severity: "high", pattern_id: "js-xss-document-write", pattern_name: "Cross-Site Scripting (XSS) via document.write", recommendation: "Review this code for potential security issues", confidence: 0.85, pattern_type: :xss}
13:17:24.724 [debug] Match confidence: 0.187425, min_confidence: 0.7, match: %{type: "js-xss-document-write", context: %{node_type: "CallExpression", depth: 5, parent_type: "ReturnStatement", in_function: "complexFunction2"}, location: %{depth: 5, end_column: 40, end_line: 6, start_line: 6, start_column: 9}, severity: "high", pattern_id: "js-xss-document-write", pattern_name: "Cross-Site Scripting (XSS) via document.write", recommendation: "Review this code for potential security issues", confidence: 0.85, pattern_type: :xss}
13:17:24.724 [debug] Match confidence: 0.187425, min_confidence: 0.7, match: %{type: "js-xss-jquery-html", context: %{node_type: "CallExpression", depth: 7, parent_type: "ExpressionStatement", in_function: "complexFunction2"}, location: %{depth: 7, end_column: 32, end_line: 4, start_line: 4, start_column: 4}, severity: "high", pattern_id: "js-xss-jquery-html", pattern_name: "XSS via jQuery html()", recommendation: "Review this code for potential security issues", confidence: 0.85, pattern_type: :xss}
13:17:24.724 [debug] Match confidence: 0.187425, min_confidence: 0.7, match: %{type: "js-xss-jquery-html", context: %{node_type: "CallExpression", depth: 9, parent_type: "BinaryExpression", in_function: "complexFunction2"}, location: %{depth: 9, end_column: 27, end_line: 4, start_line: 4, start_column: 14}, severity: "high", pattern_id: "js-xss-jquery-html", pattern_name: "XSS via jQuery html()", recommendation: "Review this code for potential security issues", confidence: 0.85, pattern_type: :xss}
13:17:24.724 [debug] Match confidence: 0.187425, min_confidence: 0.7, match: %{type: "js-xss-jquery-html", context: %{node_type: "CallExpression", depth: 5, parent_type: "ReturnStatement", in_function: "complexFunction2"}, location: %{depth: 5, end_column: 40, end_line: 6, start_line: 6, start_column: 9}, severity: "high", pattern_id: "js-xss-jquery-html", pattern_name: "XSS via jQuery html()", recommendation: "Review this code for potential security issues", confidence: 0.85, pattern_type: :xss}
13:17:24.724 [debug] Match confidence: 0.19305000000000005, min_confidence: 0.7, match: %{type: "js-path-traversal-join", context: %{node_type: "CallExpression", depth: 7, parent_type: "ExpressionStatement", in_function: "complexFunction2"}, location: %{depth: 7, end_column: 32, end_line: 4, start_line: 4, start_column: 4}, severity: "medium", pattern_id: "js-path-traversal-join", pattern_name: "Path Traversal via path.join", recommendation: "Review this code for potential security issues", confidence: 0.7, pattern_type: :path_traversal}
13:17:24.724 [debug] Match confidence: 0.19305000000000005, min_confidence: 0.7, match: %{type: "js-path-traversal-join", context: %{node_type: "CallExpression", depth: 9, parent_type: "BinaryExpression", in_function: "complexFunction2"}, location: %{depth: 9, end_column: 27, end_line: 4, start_line: 4, start_column: 14}, severity: "medium", pattern_id: "js-path-traversal-join", pattern_name: "Path Traversal via path.join", recommendation: "Review this code for potential security issues", confidence: 0.7, pattern_type: :path_traversal}
13:17:24.724 [debug] Match confidence: 0.19305000000000005, min_confidence: 0.7, match: %{type: "js-path-traversal-join", context: %{node_type: "CallExpression", depth: 5, parent_type: "ReturnStatement", in_function: "complexFunction2"}, location: %{depth: 5, end_column: 40, end_line: 6, start_line: 6, start_column: 9}, severity: "medium", pattern_id: "js-path-traversal-join", pattern_name: "Path Traversal via path.join", recommendation: "Review this code for potential security issues", confidence: 0.7, pattern_type: :path_traversal}
13:17:24.724 [debug] Match confidence: 0.19305000000000005, min_confidence: 0.7, match: %{type: "js-path-traversal-concat", context: %{node_type: "BinaryExpression", depth: 7, parent_type: "ArrowFunctionExpression", in_function: "complexFunction2"}, location: %{depth: 7, end_column: 36, end_line: 6, start_line: 6, start_column: 31}, severity: "medium", pattern_id: "js-path-traversal-concat", pattern_name: "Path Traversal via String Concatenation", recommendation: "Review this code for potential security issues", confidence: 0.7, pattern_type: :path_traversal}
13:17:24.724 [debug] Match confidence: 0.21450000000000002, min_confidence: 0.7, match: %{type: "js-weak-crypto-md5", context: %{node_type: "CallExpression", depth: 7, parent_type: "ExpressionStatement", in_function: "complexFunction2"}, location: %{depth: 7, end_column: 32, end_line: 4, start_line: 4, start_column: 4}, severity: "medium", pattern_id: "js-weak-crypto-md5", pattern_name: "Weak Cryptography - MD5", recommendation: "Review this code for potential security issues", confidence: 0.7, pattern_type: :weak_crypto}
13:17:24.724 [debug] Match confidence: 0.21450000000000002, min_confidence: 0.7, match: %{type: "js-weak-crypto-md5", context: %{node_type: "CallExpression", depth: 9, parent_type: "BinaryExpression", in_function: "complexFunction2"}, location: %{depth: 9, end_column: 27, end_line: 4, start_line: 4, start_column: 14}, severity: "medium", pattern_id: "js-weak-crypto-md5", pattern_name: "Weak Cryptography - MD5", recommendation: "Review this code for potential security issues", confidence: 0.7, pattern_type: :weak_crypto}
13:17:24.724 [debug] Match confidence: 0.21450000000000002, min_confidence: 0.7, match: %{type: "js-weak-crypto-md5", context: %{node_type: "CallExpression", depth: 5, parent_type: "ReturnStatement", in_function: "complexFunction2"}, location: %{depth: 5, end_column: 40, end_line: 6, start_line: 6, start_column: 9}, severity: "medium", pattern_id: "js-weak-crypto-md5", pattern_name: "Weak Cryptography - MD5", recommendation: "Review this code for potential security issues", confidence: 0.7, pattern_type: :weak_crypto}
13:17:24.724 [debug] Match confidence: 0.21450000000000002, min_confidence: 0.7, match: %{type: "js-weak-crypto-sha1", context: %{node_type: "CallExpression", depth: 7, parent_type: "ExpressionStatement", in_function: "complexFunction2"}, location: %{depth: 7, end_column: 32, end_line: 4, start_line: 4, start_column: 4}, severity: "medium", pattern_id: "js-weak-crypto-sha1", pattern_name: "Weak Cryptography - SHA1", recommendation: "Review this code for potential security issues", confidence: 0.7, pattern_type: :weak_crypto}
13:17:24.724 [debug] Match confidence: 0.21450000000000002, min_confidence: 0.7, match: %{type: "js-weak-crypto-sha1", context: %{node_type: "CallExpression", depth: 9, parent_type: "BinaryExpression", in_function: "complexFunction2"}, location: %{depth: 9, end_column: 27, end_line: 4, start_line: 4, start_column: 14}, severity: "medium", pattern_id: "js-weak-crypto-sha1", pattern_name: "Weak Cryptography - SHA1", recommendation: "Review this code for potential security issues", confidence: 0.7, pattern_type: :weak_crypto}
13:17:24.724 [debug] Match confidence: 0.21450000000000002, min_confidence: 0.7, match: %{type: "js-weak-crypto-sha1", context: %{node_type: "CallExpression", depth: 5, parent_type: "ReturnStatement", in_function: "complexFunction2"}, location: %{depth: 5, end_column: 40, end_line: 6, start_line: 6, start_column: 9}, severity: "medium", pattern_id: "js-weak-crypto-sha1", pattern_name: "Weak Cryptography - SHA1", recommendation: "Review this code for potential security issues", confidence: 0.7, pattern_type: :weak_crypto}
13:17:24.724 [debug] Match confidence: 0.264, min_confidence: 0.7, match: %{type: "js-hardcoded-secret-password", context: %{node_type: "VariableDeclarator", depth: 5, parent_type: "VariableDeclaration", in_function: "complexFunction2"}, location: %{depth: 5, end_column: 15, end_line: 2, start_line: 2, start_column: 6}, severity: "high", pattern_id: "js-hardcoded-secret-password", pattern_name: "Hardcoded Password", recommendation: "Review this code for potential security issues", confidence: 0.9, pattern_type: :hardcoded_secret}
13:17:24.724 [debug] Match confidence: 0.264, min_confidence: 0.7, match: %{type: "js-hardcoded-secret-password", context: %{node_type: "VariableDeclarator", depth: 6, parent_type: "VariableDeclaration", in_function: "complexFunction2"}, location: %{depth: 6, end_column: 16, end_line: 3, start_line: 3, start_column: 11}, severity: "high", pattern_id: "js-hardcoded-secret-password", pattern_name: "Hardcoded Password", recommendation: "Review this code for potential security issues", confidence: 0.9, pattern_type: :hardcoded_secret}
13:17:24.724 [debug] Match confidence: 0.264, min_confidence: 0.7, match: %{type: "js-hardcoded-secret-api-key", context: %{node_type: "VariableDeclarator", depth: 5, parent_type: "VariableDeclaration", in_function: "complexFunction2"}, location: %{depth: 5, end_column: 15, end_line: 2, start_line: 2, start_column: 6}, severity: "high", pattern_id: "js-hardcoded-secret-api-key", pattern_name: "Hardcoded API Key", recommendation: "Review this code for potential security issues", confidence: 0.9, pattern_type: :hardcoded_secret}
13:17:24.724 [debug] Match confidence: 0.264, min_confidence: 0.7, match: %{type: "js-hardcoded-secret-api-key", context: %{node_type: "VariableDeclarator", depth: 6, parent_type: "VariableDeclaration", in_function: "complexFunction2"}, location: %{depth: 6, end_column: 16, end_line: 3, start_line: 3, start_column: 11}, severity: "high", pattern_id: "js-hardcoded-secret-api-key", pattern_name: "Hardcoded API Key", recommendation: "Review this code for potential security issues", confidence: 0.9, pattern_type: :hardcoded_secret}
13:17:24.724 [debug] Match confidence: 0.19305000000000005, min_confidence: 0.7, match: %{type: "js-open-redirect", context: %{node_type: "CallExpression", depth: 7, parent_type: "ExpressionStatement", in_function: "complexFunction2"}, location: %{depth: 7, end_column: 32, end_line: 4, start_line: 4, start_column: 4}, severity: "medium", pattern_id: "js-open-redirect", pattern_name: "Open Redirect Vulnerability", recommendation: "Review this code for potential security issues", confidence: 0.7, pattern_type: :open_redirect}
13:17:24.724 [debug] Match confidence: 0.19305000000000005, min_confidence: 0.7, match: %{type: "js-open-redirect", context: %{node_type: "CallExpression", depth: 9, parent_type: "BinaryExpression", in_function: "complexFunction2"}, location: %{depth: 9, end_column: 27, end_line: 4, start_line: 4, start_column: 14}, severity: "medium", pattern_id: "js-open-redirect", pattern_name: "Open Redirect Vulnerability", recommendation: "Review this code for potential security issues", confidence: 0.7, pattern_type: :open_redirect}
13:17:24.724 [debug] Match confidence: 0.19305000000000005, min_confidence: 0.7, match: %{type: "js-open-redirect", context: %{node_type: "CallExpression", depth: 5, parent_type: "ReturnStatement", in_function: "complexFunction2"}, location: %{depth: 5, end_column: 40, end_line: 6, start_line: 6, start_column: 9}, severity: "medium", pattern_id: "js-open-redirect", pattern_name: "Open Redirect Vulnerability", recommendation: "Review this code for potential security issues", confidence: 0.7, pattern_type: :open_redirect}
13:17:24.724 [debug] Match confidence: 0.21450000000000002, min_confidence: 0.7, match: %{type: "js-insecure-random", context: %{node_type: "CallExpression", depth: 7, parent_type: "ExpressionStatement", in_function: "complexFunction2"}, location: %{depth: 7, end_column: 32, end_line: 4, start_line: 4, start_column: 4}, severity: "medium", pattern_id: "js-insecure-random", pattern_name: "Insecure Random Number Generation", recommendation: "Review this code for potential security issues", confidence: 0.7, pattern_type: :insecure_random}
13:17:24.724 [debug] Match confidence: 0.21450000000000002, min_confidence: 0.7, match: %{type: "js-insecure-random", context: %{node_type: "CallExpression", depth: 9, parent_type: "BinaryExpression", in_function: "complexFunction2"}, location: %{depth: 9, end_column: 27, end_line: 4, start_line: 4, start_column: 14}, severity: "medium", pattern_id: "js-insecure-random", pattern_name: "Insecure Random Number Generation", recommendation: "Review this code for potential security issues", confidence: 0.7, pattern_type: :insecure_random}
13:17:24.724 [debug] Match confidence: 0.21450000000000002, min_confidence: 0.7, match: %{type: "js-insecure-random", context: %{node_type: "CallExpression", depth: 5, parent_type: "ReturnStatement", in_function: "complexFunction2"}, location: %{depth: 5, end_column: 40, end_line: 6, start_line: 6, start_column: 9}, severity: "medium", pattern_id: "js-insecure-random", pattern_name: "Insecure Random Number Generation", recommendation: "Review this code for potential security issues", confidence: 0.7, pattern_type: :insecure_random}
13:17:24.724 [debug] Match confidence: 0.14088749999999997, min_confidence: 0.7, match: %{type: "js-nosql-injection", context: %{node_type: "CallExpression", depth: 7, parent_type: "ExpressionStatement", in_function: "complexFunction2"}, location: %{depth: 7, end_column: 32, end_line: 4, start_line: 4, start_column: 4}, severity: "high", pattern_id: "js-nosql-injection", pattern_name: "NoSQL Injection", recommendation: "Review this code for potential security issues", confidence: 0.85, pattern_type: :nosql_injection}
13:17:24.724 [debug] Match confidence: 0.14088749999999997, min_confidence: 0.7, match: %{type: "js-nosql-injection", context: %{node_type: "CallExpression", depth: 9, parent_type: "BinaryExpression", in_function: "complexFunction2"}, location: %{depth: 9, end_column: 27, end_line: 4, start_line: 4, start_column: 14}, severity: "high", pattern_id: "js-nosql-injection", pattern_name: "NoSQL Injection", recommendation: "Review this code for potential security issues", confidence: 0.85, pattern_type: :nosql_injection}
13:17:24.724 [debug] Match confidence: 0.14088749999999997, min_confidence: 0.7, match: %{type: "js-nosql-injection", context: %{node_type: "CallExpression", depth: 5, parent_type: "ReturnStatement", in_function: "complexFunction2"}, location: %{depth: 5, end_column: 40, end_line: 6, start_line: 6, start_column: 9}, severity: "high", pattern_id: "js-nosql-injection", pattern_name: "NoSQL Injection", recommendation: "Review this code for potential security issues", confidence: 0.85, pattern_type: :nosql_injection}
13:17:24.724 [debug] Match confidence: 0.149175, min_confidence: 0.7, match: %{type: "js-ldap-injection", context: %{node_type: "CallExpression", depth: 7, parent_type: "ExpressionStatement", in_function: "complexFunction2"}, location: %{depth: 7, end_column: 32, end_line: 4, start_line: 4, start_column: 4}, severity: "high", pattern_id: "js-ldap-injection", pattern_name: "LDAP Injection", recommendation: "Review this code for potential security issues", confidence: 0.85, pattern_type: :ldap_injection}
13:17:24.724 [debug] Match confidence: 0.149175, min_confidence: 0.7, match: %{type: "js-ldap-injection", context: %{node_type: "CallExpression", depth: 9, parent_type: "BinaryExpression", in_function: "complexFunction2"}, location: %{depth: 9, end_column: 27, end_line: 4, start_line: 4, start_column: 14}, severity: "high", pattern_id: "js-ldap-injection", pattern_name: "LDAP Injection", recommendation: "Review this code for potential security issues", confidence: 0.85, pattern_type: :ldap_injection}
13:17:24.724 [debug] Match confidence: 0.149175, min_confidence: 0.7, match: %{type: "js-ldap-injection", context: %{node_type: "CallExpression", depth: 5, parent_type: "ReturnStatement", in_function: "complexFunction2"}, location: %{depth: 5, end_column: 40, end_line: 6, start_line: 6, start_column: 9}, severity: "high", pattern_id: "js-ldap-injection", pattern_name: "LDAP Injection", recommendation: "Review this code for potential security issues", confidence: 0.85, pattern_type: :ldap_injection}
13:17:24.725 [debug] Match confidence: 0.149175, min_confidence: 0.7, match: %{type: "js-xpath-injection", context: %{node_type: "CallExpression", depth: 7, parent_type: "ExpressionStatement", in_function: "complexFunction2"}, location: %{depth: 7, end_column: 32, end_line: 4, start_line: 4, start_column: 4}, severity: "high", pattern_id: "js-xpath-injection", pattern_name: "XPath Injection", recommendation: "Review this code for potential security issues", confidence: 0.85, pattern_type: :xpath_injection}
13:17:24.725 [debug] Match confidence: 0.149175, min_confidence: 0.7, match: %{type: "js-xpath-injection", context: %{node_type: "CallExpression", depth: 9, parent_type: "BinaryExpression", in_function: "complexFunction2"}, location: %{depth: 9, end_column: 27, end_line: 4, start_line: 4, start_column: 14}, severity: "high", pattern_id: "js-xpath-injection", pattern_name: "XPath Injection", recommendation: "Review this code for potential security issues", confidence: 0.85, pattern_type: :xpath_injection}
13:17:24.725 [debug] Match confidence: 0.149175, min_confidence: 0.7, match: %{type: "js-xpath-injection", context: %{node_type: "CallExpression", depth: 5, parent_type: "ReturnStatement", in_function: "complexFunction2"}, location: %{depth: 5, end_column: 40, end_line: 6, start_line: 6, start_column: 9}, severity: "high", pattern_id: "js-xpath-injection", pattern_name: "XPath Injection", recommendation: "Review this code for potential security issues", confidence: 0.85, pattern_type: :xpath_injection}
13:17:24.725 [debug] Match confidence: 0.19305000000000005, min_confidence: 0.7, match: %{type: "js-ssrf", context: %{node_type: "CallExpression", depth: 7, parent_type: "ExpressionStatement", in_function: "complexFunction2"}, location: %{depth: 7, end_column: 32, end_line: 4, start_line: 4, start_column: 4}, severity: "medium", pattern_id: "js-ssrf", pattern_name: "Server-Side Request Forgery (SSRF)", recommendation: "Review this code for potential security issues", confidence: 0.7, pattern_type: :ssrf}
13:17:24.725 [debug] Match confidence: 0.19305000000000005, min_confidence: 0.7, match: %{type: "js-ssrf", context: %{node_type: "CallExpression", depth: 9, parent_type: "BinaryExpression", in_function: "complexFunction2"}, location: %{depth: 9, end_column: 27, end_line: 4, start_line: 4, start_column: 14}, severity: "medium", pattern_id: "js-ssrf", pattern_name: "Server-Side Request Forgery (SSRF)", recommendation: "Review this code for potential security issues", confidence: 0.7, pattern_type: :ssrf}
13:17:24.725 [debug] Match confidence: 0.19305000000000005, min_confidence: 0.7, match: %{type: "js-ssrf", context: %{node_type: "CallExpression", depth: 5, parent_type: "ReturnStatement", in_function: "complexFunction2"}, location: %{depth: 5, end_column: 40, end_line: 6, start_line: 6, start_column: 9}, severity: "medium", pattern_id: "js-ssrf", pattern_name: "Server-Side Request Forgery (SSRF)", recommendation: "Review this code for potential security issues", confidence: 0.7, pattern_type: :ssrf}
13:17:24.725 [debug] Match confidence: 0.19305000000000005, min_confidence: 0.7, match: %{type: "js-insecure-deserialization", context: %{node_type: "CallExpression", depth: 7, parent_type: "ExpressionStatement", in_function: "complexFunction2"}, location: %{depth: 7, end_column: 32, end_line: 4, start_line: 4, start_column: 4}, severity: "medium", pattern_id: "js-insecure-deserialization", pattern_name: "Insecure Deserialization", recommendation: "Review this code for potential security issues", confidence: 0.7, pattern_type: :deserialization}
13:17:24.725 [debug] Match confidence: 0.19305000000000005, min_confidence: 0.7, match: %{type: "js-insecure-deserialization", context: %{node_type: "CallExpression", depth: 9, parent_type: "BinaryExpression", in_function: "complexFunction2"}, location: %{depth: 9, end_column: 27, end_line: 4, start_line: 4, start_column: 14}, severity: "medium", pattern_id: "js-insecure-deserialization", pattern_name: "Insecure Deserialization", recommendation: "Review this code for potential security issues", confidence: 0.7, pattern_type: :deserialization}
13:17:24.725 [debug] Match confidence: 0.19305000000000005, min_confidence: 0.7, match: %{type: "js-insecure-deserialization", context: %{node_type: "CallExpression", depth: 5, parent_type: "ReturnStatement", in_function: "complexFunction2"}, location: %{depth: 5, end_column: 40, end_line: 6, start_line: 6, start_column: 9}, severity: "medium", pattern_id: "js-insecure-deserialization", pattern_name: "Insecure Deserialization", recommendation: "Review this code for potential security issues", confidence: 0.7, pattern_type: :deserialization}
13:17:24.725 [debug] Match confidence: 0.19305000000000005, min_confidence: 0.7, match: %{type: "js-jwt-none-algorithm", context: %{node_type: "CallExpression", depth: 7, parent_type: "ExpressionStatement", in_function: "complexFunction2"}, location: %{depth: 7, end_column: 32, end_line: 4, start_line: 4, start_column: 4}, severity: "medium", pattern_id: "js-jwt-none-algorithm", pattern_name: "JWT None Algorithm Vulnerability", recommendation: "Review this code for potential security issues", confidence: 0.7, pattern_type: :authentication}
13:17:24.725 [debug] Match confidence: 0.19305000000000005, min_confidence: 0.7, match: %{type: "js-jwt-none-algorithm", context: %{node_type: "CallExpression", depth: 9, parent_type: "BinaryExpression", in_function: "complexFunction2"}, location: %{depth: 9, end_column: 27, end_line: 4, start_line: 4, start_column: 14}, severity: "medium", pattern_id: "js-jwt-none-algorithm", pattern_name: "JWT None Algorithm Vulnerability", recommendation: "Review this code for potential security issues", confidence: 0.7, pattern_type: :authentication}
13:17:24.725 [debug] Match confidence: 0.19305000000000005, min_confidence: 0.7, match: %{type: "js-jwt-none-algorithm", context: %{node_type: "CallExpression", depth: 5, parent_type: "ReturnStatement", in_function: "complexFunction2"}, location: %{depth: 5, end_column: 40, end_line: 6, start_line: 6, start_column: 9}, severity: "medium", pattern_id: "js-jwt-none-algorithm", pattern_name: "JWT None Algorithm Vulnerability", recommendation: "Review this code for potential security issues", confidence: 0.7, pattern_type: :authentication}
13:17:24.725 [debug] Match confidence: 0.19305000000000005, min_confidence: 0.7, match: %{type: "js-debug-console-log", context: %{node_type: "CallExpression", depth: 7, parent_type: "ExpressionStatement", in_function: "complexFunction2"}, location: %{depth: 7, end_column: 32, end_line: 4, start_line: 4, start_column: 4}, severity: "medium", pattern_id: "js-debug-console-log", pattern_name: "Sensitive Data in Console Logs", recommendation: "Review this code for potential security issues", confidence: 0.7, pattern_type: :information_disclosure}
13:17:24.725 [debug] Match confidence: 0.19305000000000005, min_confidence: 0.7, match: %{type: "js-debug-console-log", context: %{node_type: "CallExpression", depth: 9, parent_type: "BinaryExpression", in_function: "complexFunction2"}, location: %{depth: 9, end_column: 27, end_line: 4, start_line: 4, start_column: 14}, severity: "medium", pattern_id: "js-debug-console-log", pattern_name: "Sensitive Data in Console Logs", recommendation: "Review this code for potential security issues", confidence: 0.7, pattern_type: :information_disclosure}
13:17:24.725 [debug] Match confidence: 0.19305000000000005, min_confidence: 0.7, match: %{type: "js-debug-console-log", context: %{node_type: "CallExpression", depth: 5, parent_type: "ReturnStatement", in_function: "complexFunction2"}, location: %{depth: 5, end_column: 40, end_line: 6, start_line: 6, start_column: 9}, severity: "medium", pattern_id: "js-debug-console-log", pattern_name: "Sensitive Data in Console Logs", recommendation: "Review this code for potential security issues", confidence: 0.7, pattern_type: :information_disclosure}
13:17:24.809 [debug] Parser response received
13:17:24.809 [info] AnalysisService: Loaded 30 patterns for javascript
13:17:24.813 [info] AnalysisService: Found 47 matches
13:17:24.813 [debug] Match confidence: 0.187425, min_confidence: 0.7, match: %{type: "js-xss-document-write", context: %{node_type: "CallExpression", depth: 7, parent_type: "ExpressionStatement", in_function: "complexFunction3"}, location: %{depth: 7, end_column: 32, end_line: 4, start_line: 4, start_column: 4}, severity: "high", pattern_id: "js-xss-document-write", pattern_name: "Cross-Site Scripting (XSS) via document.write", recommendation: "Review this code for potential security issues", confidence: 0.85, pattern_type: :xss}
13:17:24.813 [debug] Match confidence: 0.187425, min_confidence: 0.7, match: %{type: "js-xss-document-write", context: %{node_type: "CallExpression", depth: 9, parent_type: "BinaryExpression", in_function: "complexFunction3"}, location: %{depth: 9, end_column: 27, end_line: 4, start_line: 4, start_column: 14}, severity: "high", pattern_id: "js-xss-document-write", pattern_name: "Cross-Site Scripting (XSS) via document.write", recommendation: "Review this code for potential security issues", confidence: 0.85, pattern_type: :xss}
13:17:24.813 [debug] Match confidence: 0.187425, min_confidence: 0.7, match: %{type: "js-xss-document-write", context: %{node_type: "CallExpression", depth: 5, parent_type: "ReturnStatement", in_function: "complexFunction3"}, location: %{depth: 5, end_column: 40, end_line: 6, start_line: 6, start_column: 9}, severity: "high", pattern_id: "js-xss-document-write", pattern_name: "Cross-Site Scripting (XSS) via document.write", recommendation: "Review this code for potential security issues", confidence: 0.85, pattern_type: :xss}
13:17:24.813 [debug] Match confidence: 0.187425, min_confidence: 0.7, match: %{type: "js-xss-jquery-html", context: %{node_type: "CallExpression", depth: 7, parent_type: "ExpressionStatement", in_function: "complexFunction3"}, location: %{depth: 7, end_column: 32, end_line: 4, start_line: 4, start_column: 4}, severity: "high", pattern_id: "js-xss-jquery-html", pattern_name: "XSS via jQuery html()", recommendation: "Review this code for potential security issues", confidence: 0.85, pattern_type: :xss}
13:17:24.813 [debug] Match confidence: 0.187425, min_confidence: 0.7, match: %{type: "js-xss-jquery-html", context: %{node_type: "CallExpression", depth: 9, parent_type: "BinaryExpression", in_function: "complexFunction3"}, location: %{depth: 9, end_column: 27, end_line: 4, start_line: 4, start_column: 14}, severity: "high", pattern_id: "js-xss-jquery-html", pattern_name: "XSS via jQuery html()", recommendation: "Review this code for potential security issues", confidence: 0.85, pattern_type: :xss}
13:17:24.813 [debug] Match confidence: 0.187425, min_confidence: 0.7, match: %{type: "js-xss-jquery-html", context: %{node_type: "CallExpression", depth: 5, parent_type: "ReturnStatement", in_function: "complexFunction3"}, location: %{depth: 5, end_column: 40, end_line: 6, start_line: 6, start_column: 9}, severity: "high", pattern_id: "js-xss-jquery-html", pattern_name: "XSS via jQuery html()", recommendation: "Review this code for potential security issues", confidence: 0.85, pattern_type: :xss}
13:17:24.813 [debug] Match confidence: 0.19305000000000005, min_confidence: 0.7, match: %{type: "js-path-traversal-join", context: %{node_type: "CallExpression", depth: 7, parent_type: "ExpressionStatement", in_function: "complexFunction3"}, location: %{depth: 7, end_column: 32, end_line: 4, start_line: 4, start_column: 4}, severity: "medium", pattern_id: "js-path-traversal-join", pattern_name: "Path Traversal via path.join", recommendation: "Review this code for potential security issues", confidence: 0.7, pattern_type: :path_traversal}
13:17:24.813 [debug] Match confidence: 0.19305000000000005, min_confidence: 0.7, match: %{type: "js-path-traversal-join", context: %{node_type: "CallExpression", depth: 9, parent_type: "BinaryExpression", in_function: "complexFunction3"}, location: %{depth: 9, end_column: 27, end_line: 4, start_line: 4, start_column: 14}, severity: "medium", pattern_id: "js-path-traversal-join", pattern_name: "Path Traversal via path.join", recommendation: "Review this code for potential security issues", confidence: 0.7, pattern_type: :path_traversal}
13:17:24.813 [debug] Match confidence: 0.19305000000000005, min_confidence: 0.7, match: %{type: "js-path-traversal-join", context: %{node_type: "CallExpression", depth: 5, parent_type: "ReturnStatement", in_function: "complexFunction3"}, location: %{depth: 5, end_column: 40, end_line: 6, start_line: 6, start_column: 9}, severity: "medium", pattern_id: "js-path-traversal-join", pattern_name: "Path Traversal via path.join", recommendation: "Review this code for potential security issues", confidence: 0.7, pattern_type: :path_traversal}
13:17:24.813 [debug] Match confidence: 0.19305000000000005, min_confidence: 0.7, match: %{type: "js-path-traversal-concat", context: %{node_type: "BinaryExpression", depth: 7, parent_type: "ArrowFunctionExpression", in_function: "complexFunction3"}, location: %{depth: 7, end_column: 36, end_line: 6, start_line: 6, start_column: 31}, severity: "medium", pattern_id: "js-path-traversal-concat", pattern_name: "Path Traversal via String Concatenation", recommendation: "Review this code for potential security issues", confidence: 0.7, pattern_type: :path_traversal}
13:17:24.813 [debug] Match confidence: 0.21450000000000002, min_confidence: 0.7, match: %{type: "js-weak-crypto-md5", context: %{node_type: "CallExpression", depth: 7, parent_type: "ExpressionStatement", in_function: "complexFunction3"}, location: %{depth: 7, end_column: 32, end_line: 4, start_line: 4, start_column: 4}, severity: "medium", pattern_id: "js-weak-crypto-md5", pattern_name: "Weak Cryptography - MD5", recommendation: "Review this code for potential security issues", confidence: 0.7, pattern_type: :weak_crypto}
13:17:24.813 [debug] Match confidence: 0.21450000000000002, min_confidence: 0.7, match: %{type: "js-weak-crypto-md5", context: %{node_type: "CallExpression", depth: 9, parent_type: "BinaryExpression", in_function: "complexFunction3"}, location: %{depth: 9, end_column: 27, end_line: 4, start_line: 4, start_column: 14}, severity: "medium", pattern_id: "js-weak-crypto-md5", pattern_name: "Weak Cryptography - MD5", recommendation: "Review this code for potential security issues", confidence: 0.7, pattern_type: :weak_crypto}
13:17:24.813 [debug] Match confidence: 0.21450000000000002, min_confidence: 0.7, match: %{type: "js-weak-crypto-md5", context: %{node_type: "CallExpression", depth: 5, parent_type: "ReturnStatement", in_function: "complexFunction3"}, location: %{depth: 5, end_column: 40, end_line: 6, start_line: 6, start_column: 9}, severity: "medium", pattern_id: "js-weak-crypto-md5", pattern_name: "Weak Cryptography - MD5", recommendation: "Review this code for potential security issues", confidence: 0.7, pattern_type: :weak_crypto}
13:17:24.813 [debug] Match confidence: 0.21450000000000002, min_confidence: 0.7, match: %{type: "js-weak-crypto-sha1", context: %{node_type: "CallExpression", depth: 7, parent_type: "ExpressionStatement", in_function: "complexFunction3"}, location: %{depth: 7, end_column: 32, end_line: 4, start_line: 4, start_column: 4}, severity: "medium", pattern_id: "js-weak-crypto-sha1", pattern_name: "Weak Cryptography - SHA1", recommendation: "Review this code for potential security issues", confidence: 0.7, pattern_type: :weak_crypto}
13:17:24.813 [debug] Match confidence: 0.21450000000000002, min_confidence: 0.7, match: %{type: "js-weak-crypto-sha1", context: %{node_type: "CallExpression", depth: 9, parent_type: "BinaryExpression", in_function: "complexFunction3"}, location: %{depth: 9, end_column: 27, end_line: 4, start_line: 4, start_column: 14}, severity: "medium", pattern_id: "js-weak-crypto-sha1", pattern_name: "Weak Cryptography - SHA1", recommendation: "Review this code for potential security issues", confidence: 0.7, pattern_type: :weak_crypto}
13:17:24.813 [debug] Match confidence: 0.21450000000000002, min_confidence: 0.7, match: %{type: "js-weak-crypto-sha1", context: %{node_type: "CallExpression", depth: 5, parent_type: "ReturnStatement", in_function: "complexFunction3"}, location: %{depth: 5, end_column: 40, end_line: 6, start_line: 6, start_column: 9}, severity: "medium", pattern_id: "js-weak-crypto-sha1", pattern_name: "Weak Cryptography - SHA1", recommendation: "Review this code for potential security issues", confidence: 0.7, pattern_type: :weak_crypto}
13:17:24.813 [debug] Match confidence: 0.264, min_confidence: 0.7, match: %{type: "js-hardcoded-secret-password", context: %{node_type: "VariableDeclarator", depth: 5, parent_type: "VariableDeclaration", in_function: "complexFunction3"}, location: %{depth: 5, end_column: 15, end_line: 2, start_line: 2, start_column: 6}, severity: "high", pattern_id: "js-hardcoded-secret-password", pattern_name: "Hardcoded Password", recommendation: "Review this code for potential security issues", confidence: 0.9, pattern_type: :hardcoded_secret}
13:17:24.813 [debug] Match confidence: 0.264, min_confidence: 0.7, match: %{type: "js-hardcoded-secret-password", context: %{node_type: "VariableDeclarator", depth: 6, parent_type: "VariableDeclaration", in_function: "complexFunction3"}, location: %{depth: 6, end_column: 16, end_line: 3, start_line: 3, start_column: 11}, severity: "high", pattern_id: "js-hardcoded-secret-password", pattern_name: "Hardcoded Password", recommendation: "Review this code for potential security issues", confidence: 0.9, pattern_type: :hardcoded_secret}
13:17:24.813 [debug] Match confidence: 0.264, min_confidence: 0.7, match: %{type: "js-hardcoded-secret-api-key", context: %{node_type: "VariableDeclarator", depth: 5, parent_type: "VariableDeclaration", in_function: "complexFunction3"}, location: %{depth: 5, end_column: 15, end_line: 2, start_line: 2, start_column: 6}, severity: "high", pattern_id: "js-hardcoded-secret-api-key", pattern_name: "Hardcoded API Key", recommendation: "Review this code for potential security issues", confidence: 0.9, pattern_type: :hardcoded_secret}
13:17:24.813 [debug] Match confidence: 0.264, min_confidence: 0.7, match: %{type: "js-hardcoded-secret-api-key", context: %{node_type: "VariableDeclarator", depth: 6, parent_type: "VariableDeclaration", in_function: "complexFunction3"}, location: %{depth: 6, end_column: 16, end_line: 3, start_line: 3, start_column: 11}, severity: "high", pattern_id: "js-hardcoded-secret-api-key", pattern_name: "Hardcoded API Key", recommendation: "Review this code for potential security issues", confidence: 0.9, pattern_type: :hardcoded_secret}
13:17:24.813 [debug] Match confidence: 0.19305000000000005, min_confidence: 0.7, match: %{type: "js-open-redirect", context: %{node_type: "CallExpression", depth: 7, parent_type: "ExpressionStatement", in_function: "complexFunction3"}, location: %{depth: 7, end_column: 32, end_line: 4, start_line: 4, start_column: 4}, severity: "medium", pattern_id: "js-open-redirect", pattern_name: "Open Redirect Vulnerability", recommendation: "Review this code for potential security issues", confidence: 0.7, pattern_type: :open_redirect}
13:17:24.813 [debug] Match confidence: 0.19305000000000005, min_confidence: 0.7, match: %{type: "js-open-redirect", context: %{node_type: "CallExpression", depth: 9, parent_type: "BinaryExpression", in_function: "complexFunction3"}, location: %{depth: 9, end_column: 27, end_line: 4, start_line: 4, start_column: 14}, severity: "medium", pattern_id: "js-open-redirect", pattern_name: "Open Redirect Vulnerability", recommendation: "Review this code for potential security issues", confidence: 0.7, pattern_type: :open_redirect}
13:17:24.814 [debug] Match confidence: 0.19305000000000005, min_confidence: 0.7, match: %{type: "js-open-redirect", context: %{node_type: "CallExpression", depth: 5, parent_type: "ReturnStatement", in_function: "complexFunction3"}, location: %{depth: 5, end_column: 40, end_line: 6, start_line: 6, start_column: 9}, severity: "medium", pattern_id: "js-open-redirect", pattern_name: "Open Redirect Vulnerability", recommendation: "Review this code for potential security issues", confidence: 0.7, pattern_type: :open_redirect}
13:17:24.814 [debug] Match confidence: 0.21450000000000002, min_confidence: 0.7, match: %{type: "js-insecure-random", context: %{node_type: "CallExpression", depth: 7, parent_type: "ExpressionStatement", in_function: "complexFunction3"}, location: %{depth: 7, end_column: 32, end_line: 4, start_line: 4, start_column: 4}, severity: "medium", pattern_id: "js-insecure-random", pattern_name: "Insecure Random Number Generation", recommendation: "Review this code for potential security issues", confidence: 0.7, pattern_type: :insecure_random}
13:17:24.814 [debug] Match confidence: 0.21450000000000002, min_confidence: 0.7, match: %{type: "js-insecure-random", context: %{node_type: "CallExpression", depth: 9, parent_type: "BinaryExpression", in_function: "complexFunction3"}, location: %{depth: 9, end_column: 27, end_line: 4, start_line: 4, start_column: 14}, severity: "medium", pattern_id: "js-insecure-random", pattern_name: "Insecure Random Number Generation", recommendation: "Review this code for potential security issues", confidence: 0.7, pattern_type: :insecure_random}
13:17:24.814 [debug] Match confidence: 0.21450000000000002, min_confidence: 0.7, match: %{type: "js-insecure-random", context: %{node_type: "CallExpression", depth: 5, parent_type: "ReturnStatement", in_function: "complexFunction3"}, location: %{depth: 5, end_column: 40, end_line: 6, start_line: 6, start_column: 9}, severity: "medium", pattern_id: "js-insecure-random", pattern_name: "Insecure Random Number Generation", recommendation: "Review this code for potential security issues", confidence: 0.7, pattern_type: :insecure_random}
13:17:24.814 [debug] Match confidence: 0.14088749999999997, min_confidence: 0.7, match: %{type: "js-nosql-injection", context: %{node_type: "CallExpression", depth: 7, parent_type: "ExpressionStatement", in_function: "complexFunction3"}, location: %{depth: 7, end_column: 32, end_line: 4, start_line: 4, start_column: 4}, severity: "high", pattern_id: "js-nosql-injection", pattern_name: "NoSQL Injection", recommendation: "Review this code for potential security issues", confidence: 0.85, pattern_type: :nosql_injection}
13:17:24.814 [debug] Match confidence: 0.14088749999999997, min_confidence: 0.7, match: %{type: "js-nosql-injection", context: %{node_type: "CallExpression", depth: 9, parent_type: "BinaryExpression", in_function: "complexFunction3"}, location: %{depth: 9, end_column: 27, end_line: 4, start_line: 4, start_column: 14}, severity: "high", pattern_id: "js-nosql-injection", pattern_name: "NoSQL Injection", recommendation: "Review this code for potential security issues", confidence: 0.85, pattern_type: :nosql_injection}
13:17:24.814 [debug] Match confidence: 0.14088749999999997, min_confidence: 0.7, match: %{type: "js-nosql-injection", context: %{node_type: "CallExpression", depth: 5, parent_type: "ReturnStatement", in_function: "complexFunction3"}, location: %{depth: 5, end_column: 40, end_line: 6, start_line: 6, start_column: 9}, severity: "high", pattern_id: "js-nosql-injection", pattern_name: "NoSQL Injection", recommendation: "Review this code for potential security issues", confidence: 0.85, pattern_type: :nosql_injection}
13:17:24.814 [debug] Match confidence: 0.149175, min_confidence: 0.7, match: %{type: "js-ldap-injection", context: %{node_type: "CallExpression", depth: 7, parent_type: "ExpressionStatement", in_function: "complexFunction3"}, location: %{depth: 7, end_column: 32, end_line: 4, start_line: 4, start_column: 4}, severity: "high", pattern_id: "js-ldap-injection", pattern_name: "LDAP Injection", recommendation: "Review this code for potential security issues", confidence: 0.85, pattern_type: :ldap_injection}
13:17:24.814 [debug] Match confidence: 0.149175, min_confidence: 0.7, match: %{type: "js-ldap-injection", context: %{node_type: "CallExpression", depth: 9, parent_type: "BinaryExpression", in_function: "complexFunction3"}, location: %{depth: 9, end_column: 27, end_line: 4, start_line: 4, start_column: 14}, severity: "high", pattern_id: "js-ldap-injection", pattern_name: "LDAP Injection", recommendation: "Review this code for potential security issues", confidence: 0.85, pattern_type: :ldap_injection}
13:17:24.814 [debug] Match confidence: 0.149175, min_confidence: 0.7, match: %{type: "js-ldap-injection", context: %{node_type: "CallExpression", depth: 5, parent_type: "ReturnStatement", in_function: "complexFunction3"}, location: %{depth: 5, end_column: 40, end_line: 6, start_line: 6, start_column: 9}, severity: "high", pattern_id: "js-ldap-injection", pattern_name: "LDAP Injection", recommendation: "Review this code for potential security issues", confidence: 0.85, pattern_type: :ldap_injection}
13:17:24.814 [debug] Match confidence: 0.149175, min_confidence: 0.7, match: %{type: "js-xpath-injection", context: %{node_type: "CallExpression", depth: 7, parent_type: "ExpressionStatement", in_function: "complexFunction3"}, location: %{depth: 7, end_column: 32, end_line: 4, start_line: 4, start_column: 4}, severity: "high", pattern_id: "js-xpath-injection", pattern_name: "XPath Injection", recommendation: "Review this code for potential security issues", confidence: 0.85, pattern_type: :xpath_injection}
13:17:24.814 [debug] Match confidence: 0.149175, min_confidence: 0.7, match: %{type: "js-xpath-injection", context: %{node_type: "CallExpression", depth: 9, parent_type: "BinaryExpression", in_function: "complexFunction3"}, location: %{depth: 9, end_column: 27, end_line: 4, start_line: 4, start_column: 14}, severity: "high", pattern_id: "js-xpath-injection", pattern_name: "XPath Injection", recommendation: "Review this code for potential security issues", confidence: 0.85, pattern_type: :xpath_injection}
13:17:24.814 [debug] Match confidence: 0.149175, min_confidence: 0.7, match: %{type: "js-xpath-injection", context: %{node_type: "CallExpression", depth: 5, parent_type: "ReturnStatement", in_function: "complexFunction3"}, location: %{depth: 5, end_column: 40, end_line: 6, start_line: 6, start_column: 9}, severity: "high", pattern_id: "js-xpath-injection", pattern_name: "XPath Injection", recommendation: "Review this code for potential security issues", confidence: 0.85, pattern_type: :xpath_injection}
13:17:24.814 [debug] Match confidence: 0.19305000000000005, min_confidence: 0.7, match: %{type: "js-ssrf", context: %{node_type: "CallExpression", depth: 7, parent_type: "ExpressionStatement", in_function: "complexFunction3"}, location: %{depth: 7, end_column: 32, end_line: 4, start_line: 4, start_column: 4}, severity: "medium", pattern_id: "js-ssrf", pattern_name: "Server-Side Request Forgery (SSRF)", recommendation: "Review this code for potential security issues", confidence: 0.7, pattern_type: :ssrf}
13:17:24.814 [debug] Match confidence: 0.19305000000000005, min_confidence: 0.7, match: %{type: "js-ssrf", context: %{node_type: "CallExpression", depth: 9, parent_type: "BinaryExpression", in_function: "complexFunction3"}, location: %{depth: 9, end_column: 27, end_line: 4, start_line: 4, start_column: 14}, severity: "medium", pattern_id: "js-ssrf", pattern_name: "Server-Side Request Forgery (SSRF)", recommendation: "Review this code for potential security issues", confidence: 0.7, pattern_type: :ssrf}
13:17:24.814 [debug] Match confidence: 0.19305000000000005, min_confidence: 0.7, match: %{type: "js-ssrf", context: %{node_type: "CallExpression", depth: 5, parent_type: "ReturnStatement", in_function: "complexFunction3"}, location: %{depth: 5, end_column: 40, end_line: 6, start_line: 6, start_column: 9}, severity: "medium", pattern_id: "js-ssrf", pattern_name: "Server-Side Request Forgery (SSRF)", recommendation: "Review this code for potential security issues", confidence: 0.7, pattern_type: :ssrf}
13:17:24.814 [debug] Match confidence: 0.19305000000000005, min_confidence: 0.7, match: %{type: "js-insecure-deserialization", context: %{node_type: "CallExpression", depth: 7, parent_type: "ExpressionStatement", in_function: "complexFunction3"}, location: %{depth: 7, end_column: 32, end_line: 4, start_line: 4, start_column: 4}, severity: "medium", pattern_id: "js-insecure-deserialization", pattern_name: "Insecure Deserialization", recommendation: "Review this code for potential security issues", confidence: 0.7, pattern_type: :deserialization}
13:17:24.814 [debug] Match confidence: 0.19305000000000005, min_confidence: 0.7, match: %{type: "js-insecure-deserialization", context: %{node_type: "CallExpression", depth: 9, parent_type: "BinaryExpression", in_function: "complexFunction3"}, location: %{depth: 9, end_column: 27, end_line: 4, start_line: 4, start_column: 14}, severity: "medium", pattern_id: "js-insecure-deserialization", pattern_name: "Insecure Deserialization", recommendation: "Review this code for potential security issues", confidence: 0.7, pattern_type: :deserialization}
13:17:24.814 [debug] Match confidence: 0.19305000000000005, min_confidence: 0.7, match: %{type: "js-insecure-deserialization", context: %{node_type: "CallExpression", depth: 5, parent_type: "ReturnStatement", in_function: "complexFunction3"}, location: %{depth: 5, end_column: 40, end_line: 6, start_line: 6, start_column: 9}, severity: "medium", pattern_id: "js-insecure-deserialization", pattern_name: "Insecure Deserialization", recommendation: "Review this code for potential security issues", confidence: 0.7, pattern_type: :deserialization}
13:17:24.814 [debug] Match confidence: 0.19305000000000005, min_confidence: 0.7, match: %{type: "js-jwt-none-algorithm", context: %{node_type: "CallExpression", depth: 7, parent_type: "ExpressionStatement", in_function: "complexFunction3"}, location: %{depth: 7, end_column: 32, end_line: 4, start_line: 4, start_column: 4}, severity: "medium", pattern_id: "js-jwt-none-algorithm", pattern_name: "JWT None Algorithm Vulnerability", recommendation: "Review this code for potential security issues", confidence: 0.7, pattern_type: :authentication}
13:17:24.814 [debug] Match confidence: 0.19305000000000005, min_confidence: 0.7, match: %{type: "js-jwt-none-algorithm", context: %{node_type: "CallExpression", depth: 9, parent_type: "BinaryExpression", in_function: "complexFunction3"}, location: %{depth: 9, end_column: 27, end_line: 4, start_line: 4, start_column: 14}, severity: "medium", pattern_id: "js-jwt-none-algorithm", pattern_name: "JWT None Algorithm Vulnerability", recommendation: "Review this code for potential security issues", confidence: 0.7, pattern_type: :authentication}
13:17:24.814 [debug] Match confidence: 0.19305000000000005, min_confidence: 0.7, match: %{type: "js-jwt-none-algorithm", context: %{node_type: "CallExpression", depth: 5, parent_type: "ReturnStatement", in_function: "complexFunction3"}, location: %{depth: 5, end_column: 40, end_line: 6, start_line: 6, start_column: 9}, severity: "medium", pattern_id: "js-jwt-none-algorithm", pattern_name: "JWT None Algorithm Vulnerability", recommendation: "Review this code for potential security issues", confidence: 0.7, pattern_type: :authentication}
13:17:24.814 [debug] Match confidence: 0.19305000000000005, min_confidence: 0.7, match: %{type: "js-debug-console-log", context: %{node_type: "CallExpression", depth: 7, parent_type: "ExpressionStatement", in_function: "complexFunction3"}, location: %{depth: 7, end_column: 32, end_line: 4, start_line: 4, start_column: 4}, severity: "medium", pattern_id: "js-debug-console-log", pattern_name: "Sensitive Data in Console Logs", recommendation: "Review this code for potential security issues", confidence: 0.7, pattern_type: :information_disclosure}
13:17:24.814 [debug] Match confidence: 0.19305000000000005, min_confidence: 0.7, match: %{type: "js-debug-console-log", context: %{node_type: "CallExpression", depth: 9, parent_type: "BinaryExpression", in_function: "complexFunction3"}, location: %{depth: 9, end_column: 27, end_line: 4, start_line: 4, start_column: 14}, severity: "medium", pattern_id: "js-debug-console-log", pattern_name: "Sensitive Data in Console Logs", recommendation: "Review this code for potential security issues", confidence: 0.7, pattern_type: :information_disclosure}
13:17:24.815 [debug] Match confidence: 0.19305000000000005, min_confidence: 0.7, match: %{type: "js-debug-console-log", context: %{node_type: "CallExpression", depth: 5, parent_type: "ReturnStatement", in_function: "complexFunction3"}, location: %{depth: 5, end_column: 40, end_line: 6, start_line: 6, start_column: 9}, severity: "medium", pattern_id: "js-debug-console-log", pattern_name: "Sensitive Data in Console Logs", recommendation: "Review this code for potential security issues", confidence: 0.7, pattern_type: :information_disclosure}
13:17:24.895 [debug] Parser response received
13:17:24.895 [info] AnalysisService: Loaded 30 patterns for javascript
13:17:24.900 [info] AnalysisService: Found 47 matches
13:17:24.900 [debug] Match confidence: 0.187425, min_confidence: 0.7, match: %{type: "js-xss-document-write", context: %{node_type: "CallExpression", depth: 7, parent_type: "ExpressionStatement", in_function: "complexFunction4"}, location: %{depth: 7, end_column: 32, end_line: 4, start_line: 4, start_column: 4}, severity: "high", pattern_id: "js-xss-document-write", pattern_name: "Cross-Site Scripting (XSS) via document.write", recommendation: "Review this code for potential security issues", confidence: 0.85, pattern_type: :xss}
13:17:24.900 [debug] Match confidence: 0.187425, min_confidence: 0.7, match: %{type: "js-xss-document-write", context: %{node_type: "CallExpression", depth: 9, parent_type: "BinaryExpression", in_function: "complexFunction4"}, location: %{depth: 9, end_column: 27, end_line: 4, start_line: 4, start_column: 14}, severity: "high", pattern_id: "js-xss-document-write", pattern_name: "Cross-Site Scripting (XSS) via document.write", recommendation: "Review this code for potential security issues", confidence: 0.85, pattern_type: :xss}
13:17:24.900 [debug] Match confidence: 0.187425, min_confidence: 0.7, match: %{type: "js-xss-document-write", context: %{node_type: "CallExpression", depth: 5, parent_type: "ReturnStatement", in_function: "complexFunction4"}, location: %{depth: 5, end_column: 40, end_line: 6, start_line: 6, start_column: 9}, severity: "high", pattern_id: "js-xss-document-write", pattern_name: "Cross-Site Scripting (XSS) via document.write", recommendation: "Review this code for potential security issues", confidence: 0.85, pattern_type: :xss}
13:17:24.900 [debug] Match confidence: 0.187425, min_confidence: 0.7, match: %{type: "js-xss-jquery-html", context: %{node_type: "CallExpression", depth: 7, parent_type: "ExpressionStatement", in_function: "complexFunction4"}, location: %{depth: 7, end_column: 32, end_line: 4, start_line: 4, start_column: 4}, severity: "high", pattern_id: "js-xss-jquery-html", pattern_name: "XSS via jQuery html()", recommendation: "Review this code for potential security issues", confidence: 0.85, pattern_type: :xss}
13:17:24.900 [debug] Match confidence: 0.187425, min_confidence: 0.7, match: %{type: "js-xss-jquery-html", context: %{node_type: "CallExpression", depth: 9, parent_type: "BinaryExpression", in_function: "complexFunction4"}, location: %{depth: 9, end_column: 27, end_line: 4, start_line: 4, start_column: 14}, severity: "high", pattern_id: "js-xss-jquery-html", pattern_name: "XSS via jQuery html()", recommendation: "Review this code for potential security issues", confidence: 0.85, pattern_type: :xss}
13:17:24.900 [debug] Match confidence: 0.187425, min_confidence: 0.7, match: %{type: "js-xss-jquery-html", context: %{node_type: "CallExpression", depth: 5, parent_type: "ReturnStatement", in_function: "complexFunction4"}, location: %{depth: 5, end_column: 40, end_line: 6, start_line: 6, start_column: 9}, severity: "high", pattern_id: "js-xss-jquery-html", pattern_name: "XSS via jQuery html()", recommendation: "Review this code for potential security issues", confidence: 0.85, pattern_type: :xss}
13:17:24.900 [debug] Match confidence: 0.19305000000000005, min_confidence: 0.7, match: %{type: "js-path-traversal-join", context: %{node_type: "CallExpression", depth: 7, parent_type: "ExpressionStatement", in_function: "complexFunction4"}, location: %{depth: 7, end_column: 32, end_line: 4, start_line: 4, start_column: 4}, severity: "medium", pattern_id: "js-path-traversal-join", pattern_name: "Path Traversal via path.join", recommendation: "Review this code for potential security issues", confidence: 0.7, pattern_type: :path_traversal}
13:17:24.901 [debug] Match confidence: 0.19305000000000005, min_confidence: 0.7, match: %{type: "js-path-traversal-join", context: %{node_type: "CallExpression", depth: 9, parent_type: "BinaryExpression", in_function: "complexFunction4"}, location: %{depth: 9, end_column: 27, end_line: 4, start_line: 4, start_column: 14}, severity: "medium", pattern_id: "js-path-traversal-join", pattern_name: "Path Traversal via path.join", recommendation: "Review this code for potential security issues", confidence: 0.7, pattern_type: :path_traversal}
13:17:24.901 [debug] Match confidence: 0.19305000000000005, min_confidence: 0.7, match: %{type: "js-path-traversal-join", context: %{node_type: "CallExpression", depth: 5, parent_type: "ReturnStatement", in_function: "complexFunction4"}, location: %{depth: 5, end_column: 40, end_line: 6, start_line: 6, start_column: 9}, severity: "medium", pattern_id: "js-path-traversal-join", pattern_name: "Path Traversal via path.join", recommendation: "Review this code for potential security issues", confidence: 0.7, pattern_type: :path_traversal}
13:17:24.901 [debug] Match confidence: 0.19305000000000005, min_confidence: 0.7, match: %{type: "js-path-traversal-concat", context: %{node_type: "BinaryExpression", depth: 7, parent_type: "ArrowFunctionExpression", in_function: "complexFunction4"}, location: %{depth: 7, end_column: 36, end_line: 6, start_line: 6, start_column: 31}, severity: "medium", pattern_id: "js-path-traversal-concat", pattern_name: "Path Traversal via String Concatenation", recommendation: "Review this code for potential security issues", confidence: 0.7, pattern_type: :path_traversal}
13:17:24.901 [debug] Match confidence: 0.21450000000000002, min_confidence: 0.7, match: %{type: "js-weak-crypto-md5", context: %{node_type: "CallExpression", depth: 7, parent_type: "ExpressionStatement", in_function: "complexFunction4"}, location: %{depth: 7, end_column: 32, end_line: 4, start_line: 4, start_column: 4}, severity: "medium", pattern_id: "js-weak-crypto-md5", pattern_name: "Weak Cryptography - MD5", recommendation: "Review this code for potential security issues", confidence: 0.7, pattern_type: :weak_crypto}
13:17:24.901 [debug] Match confidence: 0.21450000000000002, min_confidence: 0.7, match: %{type: "js-weak-crypto-md5", context: %{node_type: "CallExpression", depth: 9, parent_type: "BinaryExpression", in_function: "complexFunction4"}, location: %{depth: 9, end_column: 27, end_line: 4, start_line: 4, start_column: 14}, severity: "medium", pattern_id: "js-weak-crypto-md5", pattern_name: "Weak Cryptography - MD5", recommendation: "Review this code for potential security issues", confidence: 0.7, pattern_type: :weak_crypto}
13:17:24.901 [debug] Match confidence: 0.21450000000000002, min_confidence: 0.7, match: %{type: "js-weak-crypto-md5", context: %{node_type: "CallExpression", depth: 5, parent_type: "ReturnStatement", in_function: "complexFunction4"}, location: %{depth: 5, end_column: 40, end_line: 6, start_line: 6, start_column: 9}, severity: "medium", pattern_id: "js-weak-crypto-md5", pattern_name: "Weak Cryptography - MD5", recommendation: "Review this code for potential security issues", confidence: 0.7, pattern_type: :weak_crypto}
13:17:24.901 [debug] Match confidence: 0.21450000000000002, min_confidence: 0.7, match: %{type: "js-weak-crypto-sha1", context: %{node_type: "CallExpression", depth: 7, parent_type: "ExpressionStatement", in_function: "complexFunction4"}, location: %{depth: 7, end_column: 32, end_line: 4, start_line: 4, start_column: 4}, severity: "medium", pattern_id: "js-weak-crypto-sha1", pattern_name: "Weak Cryptography - SHA1", recommendation: "Review this code for potential security issues", confidence: 0.7, pattern_type: :weak_crypto}
13:17:24.901 [debug] Match confidence: 0.21450000000000002, min_confidence: 0.7, match: %{type: "js-weak-crypto-sha1", context: %{node_type: "CallExpression", depth: 9, parent_type: "BinaryExpression", in_function: "complexFunction4"}, location: %{depth: 9, end_column: 27, end_line: 4, start_line: 4, start_column: 14}, severity: "medium", pattern_id: "js-weak-crypto-sha1", pattern_name: "Weak Cryptography - SHA1", recommendation: "Review this code for potential security issues", confidence: 0.7, pattern_type: :weak_crypto}
13:17:24.901 [debug] Match confidence: 0.21450000000000002, min_confidence: 0.7, match: %{type: "js-weak-crypto-sha1", context: %{node_type: "CallExpression", depth: 5, parent_type: "ReturnStatement", in_function: "complexFunction4"}, location: %{depth: 5, end_column: 40, end_line: 6, start_line: 6, start_column: 9}, severity: "medium", pattern_id: "js-weak-crypto-sha1", pattern_name: "Weak Cryptography - SHA1", recommendation: "Review this code for potential security issues", confidence: 0.7, pattern_type: :weak_crypto}
13:17:24.901 [debug] Match confidence: 0.264, min_confidence: 0.7, match: %{type: "js-hardcoded-secret-password", context: %{node_type: "VariableDeclarator", depth: 5, parent_type: "VariableDeclaration", in_function: "complexFunction4"}, location: %{depth: 5, end_column: 15, end_line: 2, start_line: 2, start_column: 6}, severity: "high", pattern_id: "js-hardcoded-secret-password", pattern_name: "Hardcoded Password", recommendation: "Review this code for potential security issues", confidence: 0.9, pattern_type: :hardcoded_secret}
13:17:24.901 [debug] Match confidence: 0.264, min_confidence: 0.7, match: %{type: "js-hardcoded-secret-password", context: %{node_type: "VariableDeclarator", depth: 6, parent_type: "VariableDeclaration", in_function: "complexFunction4"}, location: %{depth: 6, end_column: 16, end_line: 3, start_line: 3, start_column: 11}, severity: "high", pattern_id: "js-hardcoded-secret-password", pattern_name: "Hardcoded Password", recommendation: "Review this code for potential security issues", confidence: 0.9, pattern_type: :hardcoded_secret}
13:17:24.901 [debug] Match confidence: 0.264, min_confidence: 0.7, match: %{type: "js-hardcoded-secret-api-key", context: %{node_type: "VariableDeclarator", depth: 5, parent_type: "VariableDeclaration", in_function: "complexFunction4"}, location: %{depth: 5, end_column: 15, end_line: 2, start_line: 2, start_column: 6}, severity: "high", pattern_id: "js-hardcoded-secret-api-key", pattern_name: "Hardcoded API Key", recommendation: "Review this code for potential security issues", confidence: 0.9, pattern_type: :hardcoded_secret}
13:17:24.901 [debug] Match confidence: 0.264, min_confidence: 0.7, match: %{type: "js-hardcoded-secret-api-key", context: %{node_type: "VariableDeclarator", depth: 6, parent_type: "VariableDeclaration", in_function: "complexFunction4"}, location: %{depth: 6, end_column: 16, end_line: 3, start_line: 3, start_column: 11}, severity: "high", pattern_id: "js-hardcoded-secret-api-key", pattern_name: "Hardcoded API Key", recommendation: "Review this code for potential security issues", confidence: 0.9, pattern_type: :hardcoded_secret}
13:17:24.901 [debug] Match confidence: 0.19305000000000005, min_confidence: 0.7, match: %{type: "js-open-redirect", context: %{node_type: "CallExpression", depth: 7, parent_type: "ExpressionStatement", in_function: "complexFunction4"}, location: %{depth: 7, end_column: 32, end_line: 4, start_line: 4, start_column: 4}, severity: "medium", pattern_id: "js-open-redirect", pattern_name: "Open Redirect Vulnerability", recommendation: "Review this code for potential security issues", confidence: 0.7, pattern_type: :open_redirect}
13:17:24.901 [debug] Match confidence: 0.19305000000000005, min_confidence: 0.7, match: %{type: "js-open-redirect", context: %{node_type: "CallExpression", depth: 9, parent_type: "BinaryExpression", in_function: "complexFunction4"}, location: %{depth: 9, end_column: 27, end_line: 4, start_line: 4, start_column: 14}, severity: "medium", pattern_id: "js-open-redirect", pattern_name: "Open Redirect Vulnerability", recommendation: "Review this code for potential security issues", confidence: 0.7, pattern_type: :open_redirect}
13:17:24.901 [debug] Match confidence: 0.19305000000000005, min_confidence: 0.7, match: %{type: "js-open-redirect", context: %{node_type: "CallExpression", depth: 5, parent_type: "ReturnStatement", in_function: "complexFunction4"}, location: %{depth: 5, end_column: 40, end_line: 6, start_line: 6, start_column: 9}, severity: "medium", pattern_id: "js-open-redirect", pattern_name: "Open Redirect Vulnerability", recommendation: "Review this code for potential security issues", confidence: 0.7, pattern_type: :open_redirect}
13:17:24.901 [debug] Match confidence: 0.21450000000000002, min_confidence: 0.7, match: %{type: "js-insecure-random", context: %{node_type: "CallExpression", depth: 7, parent_type: "ExpressionStatement", in_function: "complexFunction4"}, location: %{depth: 7, end_column: 32, end_line: 4, start_line: 4, start_column: 4}, severity: "medium", pattern_id: "js-insecure-random", pattern_name: "Insecure Random Number Generation", recommendation: "Review this code for potential security issues", confidence: 0.7, pattern_type: :insecure_random}
13:17:24.901 [debug] Match confidence: 0.21450000000000002, min_confidence: 0.7, match: %{type: "js-insecure-random", context: %{node_type: "CallExpression", depth: 9, parent_type: "BinaryExpression", in_function: "complexFunction4"}, location: %{depth: 9, end_column: 27, end_line: 4, start_line: 4, start_column: 14}, severity: "medium", pattern_id: "js-insecure-random", pattern_name: "Insecure Random Number Generation", recommendation: "Review this code for potential security issues", confidence: 0.7, pattern_type: :insecure_random}
13:17:24.901 [debug] Match confidence: 0.21450000000000002, min_confidence: 0.7, match: %{type: "js-insecure-random", context: %{node_type: "CallExpression", depth: 5, parent_type: "ReturnStatement", in_function: "complexFunction4"}, location: %{depth: 5, end_column: 40, end_line: 6, start_line: 6, start_column: 9}, severity: "medium", pattern_id: "js-insecure-random", pattern_name: "Insecure Random Number Generation", recommendation: "Review this code for potential security issues", confidence: 0.7, pattern_type: :insecure_random}
13:17:24.901 [debug] Match confidence: 0.14088749999999997, min_confidence: 0.7, match: %{type: "js-nosql-injection", context: %{node_type: "CallExpression", depth: 7, parent_type: "ExpressionStatement", in_function: "complexFunction4"}, location: %{depth: 7, end_column: 32, end_line: 4, start_line: 4, start_column: 4}, severity: "high", pattern_id: "js-nosql-injection", pattern_name: "NoSQL Injection", recommendation: "Review this code for potential security issues", confidence: 0.85, pattern_type: :nosql_injection}
13:17:24.901 [debug] Match confidence: 0.14088749999999997, min_confidence: 0.7, match: %{type: "js-nosql-injection", context: %{node_type: "CallExpression", depth: 9, parent_type: "BinaryExpression", in_function: "complexFunction4"}, location: %{depth: 9, end_column: 27, end_line: 4, start_line: 4, start_column: 14}, severity: "high", pattern_id: "js-nosql-injection", pattern_name: "NoSQL Injection", recommendation: "Review this code for potential security issues", confidence: 0.85, pattern_type: :nosql_injection}
13:17:24.901 [debug] Match confidence: 0.14088749999999997, min_confidence: 0.7, match: %{type: "js-nosql-injection", context: %{node_type: "CallExpression", depth: 5, parent_type: "ReturnStatement", in_function: "complexFunction4"}, location: %{depth: 5, end_column: 40, end_line: 6, start_line: 6, start_column: 9}, severity: "high", pattern_id: "js-nosql-injection", pattern_name: "NoSQL Injection", recommendation: "Review this code for potential security issues", confidence: 0.85, pattern_type: :nosql_injection}
13:17:24.901 [debug] Match confidence: 0.149175, min_confidence: 0.7, match: %{type: "js-ldap-injection", context: %{node_type: "CallExpression", depth: 7, parent_type: "ExpressionStatement", in_function: "complexFunction4"}, location: %{depth: 7, end_column: 32, end_line: 4, start_line: 4, start_column: 4}, severity: "high", pattern_id: "js-ldap-injection", pattern_name: "LDAP Injection", recommendation: "Review this code for potential security issues", confidence: 0.85, pattern_type: :ldap_injection}
13:17:24.901 [debug] Match confidence: 0.149175, min_confidence: 0.7, match: %{type: "js-ldap-injection", context: %{node_type: "CallExpression", depth: 9, parent_type: "BinaryExpression", in_function: "complexFunction4"}, location: %{depth: 9, end_column: 27, end_line: 4, start_line: 4, start_column: 14}, severity: "high", pattern_id: "js-ldap-injection", pattern_name: "LDAP Injection", recommendation: "Review this code for potential security issues", confidence: 0.85, pattern_type: :ldap_injection}
13:17:24.901 [debug] Match confidence: 0.149175, min_confidence: 0.7, match: %{type: "js-ldap-injection", context: %{node_type: "CallExpression", depth: 5, parent_type: "ReturnStatement", in_function: "complexFunction4"}, location: %{depth: 5, end_column: 40, end_line: 6, start_line: 6, start_column: 9}, severity: "high", pattern_id: "js-ldap-injection", pattern_name: "LDAP Injection", recommendation: "Review this code for potential security issues", confidence: 0.85, pattern_type: :ldap_injection}
13:17:24.901 [debug] Match confidence: 0.149175, min_confidence: 0.7, match: %{type: "js-xpath-injection", context: %{node_type: "CallExpression", depth: 7, parent_type: "ExpressionStatement", in_function: "complexFunction4"}, location: %{depth: 7, end_column: 32, end_line: 4, start_line: 4, start_column: 4}, severity: "high", pattern_id: "js-xpath-injection", pattern_name: "XPath Injection", recommendation: "Review this code for potential security issues", confidence: 0.85, pattern_type: :xpath_injection}
13:17:24.901 [debug] Match confidence: 0.149175, min_confidence: 0.7, match: %{type: "js-xpath-injection", context: %{node_type: "CallExpression", depth: 9, parent_type: "BinaryExpression", in_function: "complexFunction4"}, location: %{depth: 9, end_column: 27, end_line: 4, start_line: 4, start_column: 14}, severity: "high", pattern_id: "js-xpath-injection", pattern_name: "XPath Injection", recommendation: "Review this code for potential security issues", confidence: 0.85, pattern_type: :xpath_injection}
13:17:24.901 [debug] Match confidence: 0.149175, min_confidence: 0.7, match: %{type: "js-xpath-injection", context: %{node_type: "CallExpression", depth: 5, parent_type: "ReturnStatement", in_function: "complexFunction4"}, location: %{depth: 5, end_column: 40, end_line: 6, start_line: 6, start_column: 9}, severity: "high", pattern_id: "js-xpath-injection", pattern_name: "XPath Injection", recommendation: "Review this code for potential security issues", confidence: 0.85, pattern_type: :xpath_injection}
13:17:24.901 [debug] Match confidence: 0.19305000000000005, min_confidence: 0.7, match: %{type: "js-ssrf", context: %{node_type: "CallExpression", depth: 7, parent_type: "ExpressionStatement", in_function: "complexFunction4"}, location: %{depth: 7, end_column: 32, end_line: 4, start_line: 4, start_column: 4}, severity: "medium", pattern_id: "js-ssrf", pattern_name: "Server-Side Request Forgery (SSRF)", recommendation: "Review this code for potential security issues", confidence: 0.7, pattern_type: :ssrf}
13:17:24.901 [debug] Match confidence: 0.19305000000000005, min_confidence: 0.7, match: %{type: "js-ssrf", context: %{node_type: "CallExpression", depth: 9, parent_type: "BinaryExpression", in_function: "complexFunction4"}, location: %{depth: 9, end_column: 27, end_line: 4, start_line: 4, start_column: 14}, severity: "medium", pattern_id: "js-ssrf", pattern_name: "Server-Side Request Forgery (SSRF)", recommendation: "Review this code for potential security issues", confidence: 0.7, pattern_type: :ssrf}
13:17:24.901 [debug] Match confidence: 0.19305000000000005, min_confidence: 0.7, match: %{type: "js-ssrf", context: %{node_type: "CallExpression", depth: 5, parent_type: "ReturnStatement", in_function: "complexFunction4"}, location: %{depth: 5, end_column: 40, end_line: 6, start_line: 6, start_column: 9}, severity: "medium", pattern_id: "js-ssrf", pattern_name: "Server-Side Request Forgery (SSRF)", recommendation: "Review this code for potential security issues", confidence: 0.7, pattern_type: :ssrf}
13:17:24.901 [debug] Match confidence: 0.19305000000000005, min_confidence: 0.7, match: %{type: "js-insecure-deserialization", context: %{node_type: "CallExpression", depth: 7, parent_type: "ExpressionStatement", in_function: "complexFunction4"}, location: %{depth: 7, end_column: 32, end_line: 4, start_line: 4, start_column: 4}, severity: "medium", pattern_id: "js-insecure-deserialization", pattern_name: "Insecure Deserialization", recommendation: "Review this code for potential security issues", confidence: 0.7, pattern_type: :deserialization}
13:17:24.901 [debug] Match confidence: 0.19305000000000005, min_confidence: 0.7, match: %{type: "js-insecure-deserialization", context: %{node_type: "CallExpression", depth: 9, parent_type: "BinaryExpression", in_function: "complexFunction4"}, location: %{depth: 9, end_column: 27, end_line: 4, start_line: 4, start_column: 14}, severity: "medium", pattern_id: "js-insecure-deserialization", pattern_name: "Insecure Deserialization", recommendation: "Review this code for potential security issues", confidence: 0.7, pattern_type: :deserialization}
13:17:24.901 [debug] Match confidence: 0.19305000000000005, min_confidence: 0.7, match: %{type: "js-insecure-deserialization", context: %{node_type: "CallExpression", depth: 5, parent_type: "ReturnStatement", in_function: "complexFunction4"}, location: %{depth: 5, end_column: 40, end_line: 6, start_line: 6, start_column: 9}, severity: "medium", pattern_id: "js-insecure-deserialization", pattern_name: "Insecure Deserialization", recommendation: "Review this code for potential security issues", confidence: 0.7, pattern_type: :deserialization}
13:17:24.901 [debug] Match confidence: 0.19305000000000005, min_confidence: 0.7, match: %{type: "js-jwt-none-algorithm", context: %{node_type: "CallExpression", depth: 7, parent_type: "ExpressionStatement", in_function: "complexFunction4"}, location: %{depth: 7, end_column: 32, end_line: 4, start_line: 4, start_column: 4}, severity: "medium", pattern_id: "js-jwt-none-algorithm", pattern_name: "JWT None Algorithm Vulnerability", recommendation: "Review this code for potential security issues", confidence: 0.7, pattern_type: :authentication}
13:17:24.901 [debug] Match confidence: 0.19305000000000005, min_confidence: 0.7, match: %{type: "js-jwt-none-algorithm", context: %{node_type: "CallExpression", depth: 9, parent_type: "BinaryExpression", in_function: "complexFunction4"}, location: %{depth: 9, end_column: 27, end_line: 4, start_line: 4, start_column: 14}, severity: "medium", pattern_id: "js-jwt-none-algorithm", pattern_name: "JWT None Algorithm Vulnerability", recommendation: "Review this code for potential security issues", confidence: 0.7, pattern_type: :authentication}
13:17:24.901 [debug] Match confidence: 0.19305000000000005, min_confidence: 0.7, match: %{type: "js-jwt-none-algorithm", context: %{node_type: "CallExpression", depth: 5, parent_type: "ReturnStatement", in_function: "complexFunction4"}, location: %{depth: 5, end_column: 40, end_line: 6, start_line: 6, start_column: 9}, severity: "medium", pattern_id: "js-jwt-none-algorithm", pattern_name: "JWT None Algorithm Vulnerability", recommendation: "Review this code for potential security issues", confidence: 0.7, pattern_type: :authentication}
13:17:24.901 [debug] Match confidence: 0.19305000000000005, min_confidence: 0.7, match: %{type: "js-debug-console-log", context: %{node_type: "CallExpression", depth: 7, parent_type: "ExpressionStatement", in_function: "complexFunction4"}, location: %{depth: 7, end_column: 32, end_line: 4, start_line: 4, start_column: 4}, severity: "medium", pattern_id: "js-debug-console-log", pattern_name: "Sensitive Data in Console Logs", recommendation: "Review this code for potential security issues", confidence: 0.7, pattern_type: :information_disclosure}
13:17:24.901 [debug] Match confidence: 0.19305000000000005, min_confidence: 0.7, match: %{type: "js-debug-console-log", context: %{node_type: "CallExpression", depth: 9, parent_type: "BinaryExpression", in_function: "complexFunction4"}, location: %{depth: 9, end_column: 27, end_line: 4, start_line: 4, start_column: 14}, severity: "medium", pattern_id: "js-debug-console-log", pattern_name: "Sensitive Data in Console Logs", recommendation: "Review this code for potential security issues", confidence: 0.7, pattern_type: :information_disclosure}
13:17:24.901 [debug] Match confidence: 0.19305000000000005, min_confidence: 0.7, match: %{type: "js-debug-console-log", context: %{node_type: "CallExpression", depth: 5, parent_type: "ReturnStatement", in_function: "complexFunction4"}, location: %{depth: 5, end_column: 40, end_line: 6, start_line: 6, start_column: 9}, severity: "medium", pattern_id: "js-debug-console-log", pattern_name: "Sensitive Data in Console Logs", recommendation: "Review this code for potential security issues", confidence: 0.7, pattern_type: :information_disclosure}
13:17:24.986 [debug] Parser response received
13:17:24.986 [info] AnalysisService: Loaded 30 patterns for javascript
13:17:24.989 [info] AnalysisService: Found 47 matches
13:17:24.989 [debug] Match confidence: 0.187425, min_confidence: 0.7, match: %{type: "js-xss-document-write", context: %{node_type: "CallExpression", depth: 7, parent_type: "ExpressionStatement", in_function: "complexFunction5"}, location: %{depth: 7, end_column: 32, end_line: 4, start_line: 4, start_column: 4}, severity: "high", pattern_id: "js-xss-document-write", pattern_name: "Cross-Site Scripting (XSS) via document.write", recommendation: "Review this code for potential security issues", confidence: 0.85, pattern_type: :xss}
13:17:24.989 [debug] Match confidence: 0.187425, min_confidence: 0.7, match: %{type: "js-xss-document-write", context: %{node_type: "CallExpression", depth: 9, parent_type: "BinaryExpression", in_function: "complexFunction5"}, location: %{depth: 9, end_column: 27, end_line: 4, start_line: 4, start_column: 14}, severity: "high", pattern_id: "js-xss-document-write", pattern_name: "Cross-Site Scripting (XSS) via document.write", recommendation: "Review this code for potential security issues", confidence: 0.85, pattern_type: :xss}
13:17:24.990 [debug] Match confidence: 0.187425, min_confidence: 0.7, match: %{type: "js-xss-document-write", context: %{node_type: "CallExpression", depth: 5, parent_type: "ReturnStatement", in_function: "complexFunction5"}, location: %{depth: 5, end_column: 40, end_line: 6, start_line: 6, start_column: 9}, severity: "high", pattern_id: "js-xss-document-write", pattern_name: "Cross-Site Scripting (XSS) via document.write", recommendation: "Review this code for potential security issues", confidence: 0.85, pattern_type: :xss}
13:17:24.990 [debug] Match confidence: 0.187425, min_confidence: 0.7, match: %{type: "js-xss-jquery-html", context: %{node_type: "CallExpression", depth: 7, parent_type: "ExpressionStatement", in_function: "complexFunction5"}, location: %{depth: 7, end_column: 32, end_line: 4, start_line: 4, start_column: 4}, severity: "high", pattern_id: "js-xss-jquery-html", pattern_name: "XSS via jQuery html()", recommendation: "Review this code for potential security issues", confidence: 0.85, pattern_type: :xss}
13:17:24.990 [debug] Match confidence: 0.187425, min_confidence: 0.7, match: %{type: "js-xss-jquery-html", context: %{node_type: "CallExpression", depth: 9, parent_type: "BinaryExpression", in_function: "complexFunction5"}, location: %{depth: 9, end_column: 27, end_line: 4, start_line: 4, start_column: 14}, severity: "high", pattern_id: "js-xss-jquery-html", pattern_name: "XSS via jQuery html()", recommendation: "Review this code for potential security issues", confidence: 0.85, pattern_type: :xss}
13:17:24.990 [debug] Match confidence: 0.187425, min_confidence: 0.7, match: %{type: "js-xss-jquery-html", context: %{node_type: "CallExpression", depth: 5, parent_type: "ReturnStatement", in_function: "complexFunction5"}, location: %{depth: 5, end_column: 40, end_line: 6, start_line: 6, start_column: 9}, severity: "high", pattern_id: "js-xss-jquery-html", pattern_name: "XSS via jQuery html()", recommendation: "Review this code for potential security issues", confidence: 0.85, pattern_type: :xss}
13:17:24.990 [debug] Match confidence: 0.19305000000000005, min_confidence: 0.7, match: %{type: "js-path-traversal-join", context: %{node_type: "CallExpression", depth: 7, parent_type: "ExpressionStatement", in_function: "complexFunction5"}, location: %{depth: 7, end_column: 32, end_line: 4, start_line: 4, start_column: 4}, severity: "medium", pattern_id: "js-path-traversal-join", pattern_name: "Path Traversal via path.join", recommendation: "Review this code for potential security issues", confidence: 0.7, pattern_type: :path_traversal}
13:17:24.990 [debug] Match confidence: 0.19305000000000005, min_confidence: 0.7, match: %{type: "js-path-traversal-join", context: %{node_type: "CallExpression", depth: 9, parent_type: "BinaryExpression", in_function: "complexFunction5"}, location: %{depth: 9, end_column: 27, end_line: 4, start_line: 4, start_column: 14}, severity: "medium", pattern_id: "js-path-traversal-join", pattern_name: "Path Traversal via path.join", recommendation: "Review this code for potential security issues", confidence: 0.7, pattern_type: :path_traversal}
13:17:24.990 [debug] Match confidence: 0.19305000000000005, min_confidence: 0.7, match: %{type: "js-path-traversal-join", context: %{node_type: "CallExpression", depth: 5, parent_type: "ReturnStatement", in_function: "complexFunction5"}, location: %{depth: 5, end_column: 40, end_line: 6, start_line: 6, start_column: 9}, severity: "medium", pattern_id: "js-path-traversal-join", pattern_name: "Path Traversal via path.join", recommendation: "Review this code for potential security issues", confidence: 0.7, pattern_type: :path_traversal}
13:17:24.990 [debug] Match confidence: 0.19305000000000005, min_confidence: 0.7, match: %{type: "js-path-traversal-concat", context: %{node_type: "BinaryExpression", depth: 7, parent_type: "ArrowFunctionExpression", in_function: "complexFunction5"}, location: %{depth: 7, end_column: 36, end_line: 6, start_line: 6, start_column: 31}, severity: "medium", pattern_id: "js-path-traversal-concat", pattern_name: "Path Traversal via String Concatenation", recommendation: "Review this code for potential security issues", confidence: 0.7, pattern_type: :path_traversal}
13:17:24.990 [debug] Match confidence: 0.21450000000000002, min_confidence: 0.7, match: %{type: "js-weak-crypto-md5", context: %{node_type: "CallExpression", depth: 7, parent_type: "ExpressionStatement", in_function: "complexFunction5"}, location: %{depth: 7, end_column: 32, end_line: 4, start_line: 4, start_column: 4}, severity: "medium", pattern_id: "js-weak-crypto-md5", pattern_name: "Weak Cryptography - MD5", recommendation: "Review this code for potential security issues", confidence: 0.7, pattern_type: :weak_crypto}
13:17:24.990 [debug] Match confidence: 0.21450000000000002, min_confidence: 0.7, match: %{type: "js-weak-crypto-md5", context: %{node_type: "CallExpression", depth: 9, parent_type: "BinaryExpression", in_function: "complexFunction5"}, location: %{depth: 9, end_column: 27, end_line: 4, start_line: 4, start_column: 14}, severity: "medium", pattern_id: "js-weak-crypto-md5", pattern_name: "Weak Cryptography - MD5", recommendation: "Review this code for potential security issues", confidence: 0.7, pattern_type: :weak_crypto}
13:17:24.990 [debug] Match confidence: 0.21450000000000002, min_confidence: 0.7, match: %{type: "js-weak-crypto-md5", context: %{node_type: "CallExpression", depth: 5, parent_type: "ReturnStatement", in_function: "complexFunction5"}, location: %{depth: 5, end_column: 40, end_line: 6, start_line: 6, start_column: 9}, severity: "medium", pattern_id: "js-weak-crypto-md5", pattern_name: "Weak Cryptography - MD5", recommendation: "Review this code for potential security issues", confidence: 0.7, pattern_type: :weak_crypto}
13:17:24.990 [debug] Match confidence: 0.21450000000000002, min_confidence: 0.7, match: %{type: "js-weak-crypto-sha1", context: %{node_type: "CallExpression", depth: 7, parent_type: "ExpressionStatement", in_function: "complexFunction5"}, location: %{depth: 7, end_column: 32, end_line: 4, start_line: 4, start_column: 4}, severity: "medium", pattern_id: "js-weak-crypto-sha1", pattern_name: "Weak Cryptography - SHA1", recommendation: "Review this code for potential security issues", confidence: 0.7, pattern_type: :weak_crypto}
13:17:24.990 [debug] Match confidence: 0.21450000000000002, min_confidence: 0.7, match: %{type: "js-weak-crypto-sha1", context: %{node_type: "CallExpression", depth: 9, parent_type: "BinaryExpression", in_function: "complexFunction5"}, location: %{depth: 9, end_column: 27, end_line: 4, start_line: 4, start_column: 14}, severity: "medium", pattern_id: "js-weak-crypto-sha1", pattern_name: "Weak Cryptography - SHA1", recommendation: "Review this code for potential security issues", confidence: 0.7, pattern_type: :weak_crypto}
13:17:24.990 [debug] Match confidence: 0.21450000000000002, min_confidence: 0.7, match: %{type: "js-weak-crypto-sha1", context: %{node_type: "CallExpression", depth: 5, parent_type: "ReturnStatement", in_function: "complexFunction5"}, location: %{depth: 5, end_column: 40, end_line: 6, start_line: 6, start_column: 9}, severity: "medium", pattern_id: "js-weak-crypto-sha1", pattern_name: "Weak Cryptography - SHA1", recommendation: "Review this code for potential security issues", confidence: 0.7, pattern_type: :weak_crypto}
13:17:24.990 [debug] Match confidence: 0.264, min_confidence: 0.7, match: %{type: "js-hardcoded-secret-password", context: %{node_type: "VariableDeclarator", depth: 5, parent_type: "VariableDeclaration", in_function: "complexFunction5"}, location: %{depth: 5, end_column: 15, end_line: 2, start_line: 2, start_column: 6}, severity: "high", pattern_id: "js-hardcoded-secret-password", pattern_name: "Hardcoded Password", recommendation: "Review this code for potential security issues", confidence: 0.9, pattern_type: :hardcoded_secret}
13:17:24.990 [debug] Match confidence: 0.264, min_confidence: 0.7, match: %{type: "js-hardcoded-secret-password", context: %{node_type: "VariableDeclarator", depth: 6, parent_type: "VariableDeclaration", in_function: "complexFunction5"}, location: %{depth: 6, end_column: 16, end_line: 3, start_line: 3, start_column: 11}, severity: "high", pattern_id: "js-hardcoded-secret-password", pattern_name: "Hardcoded Password", recommendation: "Review this code for potential security issues", confidence: 0.9, pattern_type: :hardcoded_secret}
13:17:24.990 [debug] Match confidence: 0.264, min_confidence: 0.7, match: %{type: "js-hardcoded-secret-api-key", context: %{node_type: "VariableDeclarator", depth: 5, parent_type: "VariableDeclaration", in_function: "complexFunction5"}, location: %{depth: 5, end_column: 15, end_line: 2, start_line: 2, start_column: 6}, severity: "high", pattern_id: "js-hardcoded-secret-api-key", pattern_name: "Hardcoded API Key", recommendation: "Review this code for potential security issues", confidence: 0.9, pattern_type: :hardcoded_secret}
13:17:24.990 [debug] Match confidence: 0.264, min_confidence: 0.7, match: %{type: "js-hardcoded-secret-api-key", context: %{node_type: "VariableDeclarator", depth: 6, parent_type: "VariableDeclaration", in_function: "complexFunction5"}, location: %{depth: 6, end_column: 16, end_line: 3, start_line: 3, start_column: 11}, severity: "high", pattern_id: "js-hardcoded-secret-api-key", pattern_name: "Hardcoded API Key", recommendation: "Review this code for potential security issues", confidence: 0.9, pattern_type: :hardcoded_secret}
13:17:24.990 [debug] Match confidence: 0.19305000000000005, min_confidence: 0.7, match: %{type: "js-open-redirect", context: %{node_type: "CallExpression", depth: 7, parent_type: "ExpressionStatement", in_function: "complexFunction5"}, location: %{depth: 7, end_column: 32, end_line: 4, start_line: 4, start_column: 4}, severity: "medium", pattern_id: "js-open-redirect", pattern_name: "Open Redirect Vulnerability", recommendation: "Review this code for potential security issues", confidence: 0.7, pattern_type: :open_redirect}
13:17:24.990 [debug] Match confidence: 0.19305000000000005, min_confidence: 0.7, match: %{type: "js-open-redirect", context: %{node_type: "CallExpression", depth: 9, parent_type: "BinaryExpression", in_function: "complexFunction5"}, location: %{depth: 9, end_column: 27, end_line: 4, start_line: 4, start_column: 14}, severity: "medium", pattern_id: "js-open-redirect", pattern_name: "Open Redirect Vulnerability", recommendation: "Review this code for potential security issues", confidence: 0.7, pattern_type: :open_redirect}
13:17:24.990 [debug] Match confidence: 0.19305000000000005, min_confidence: 0.7, match: %{type: "js-open-redirect", context: %{node_type: "CallExpression", depth: 5, parent_type: "ReturnStatement", in_function: "complexFunction5"}, location: %{depth: 5, end_column: 40, end_line: 6, start_line: 6, start_column: 9}, severity: "medium", pattern_id: "js-open-redirect", pattern_name: "Open Redirect Vulnerability", recommendation: "Review this code for potential security issues", confidence: 0.7, pattern_type: :open_redirect}
13:17:24.990 [debug] Match confidence: 0.21450000000000002, min_confidence: 0.7, match: %{type: "js-insecure-random", context: %{node_type: "CallExpression", depth: 7, parent_type: "ExpressionStatement", in_function: "complexFunction5"}, location: %{depth: 7, end_column: 32, end_line: 4, start_line: 4, start_column: 4}, severity: "medium", pattern_id: "js-insecure-random", pattern_name: "Insecure Random Number Generation", recommendation: "Review this code for potential security issues", confidence: 0.7, pattern_type: :insecure_random}
13:17:24.990 [debug] Match confidence: 0.21450000000000002, min_confidence: 0.7, match: %{type: "js-insecure-random", context: %{node_type: "CallExpression", depth: 9, parent_type: "BinaryExpression", in_function: "complexFunction5"}, location: %{depth: 9, end_column: 27, end_line: 4, start_line: 4, start_column: 14}, severity: "medium", pattern_id: "js-insecure-random", pattern_name: "Insecure Random Number Generation", recommendation: "Review this code for potential security issues", confidence: 0.7, pattern_type: :insecure_random}
13:17:24.990 [debug] Match confidence: 0.21450000000000002, min_confidence: 0.7, match: %{type: "js-insecure-random", context: %{node_type: "CallExpression", depth: 5, parent_type: "ReturnStatement", in_function: "complexFunction5"}, location: %{depth: 5, end_column: 40, end_line: 6, start_line: 6, start_column: 9}, severity: "medium", pattern_id: "js-insecure-random", pattern_name: "Insecure Random Number Generation", recommendation: "Review this code for potential security issues", confidence: 0.7, pattern_type: :insecure_random}
13:17:24.990 [debug] Match confidence: 0.14088749999999997, min_confidence: 0.7, match: %{type: "js-nosql-injection", context: %{node_type: "CallExpression", depth: 7, parent_type: "ExpressionStatement", in_function: "complexFunction5"}, location: %{depth: 7, end_column: 32, end_line: 4, start_line: 4, start_column: 4}, severity: "high", pattern_id: "js-nosql-injection", pattern_name: "NoSQL Injection", recommendation: "Review this code for potential security issues", confidence: 0.85, pattern_type: :nosql_injection}
13:17:24.990 [debug] Match confidence: 0.14088749999999997, min_confidence: 0.7, match: %{type: "js-nosql-injection", context: %{node_type: "CallExpression", depth: 9, parent_type: "BinaryExpression", in_function: "complexFunction5"}, location: %{depth: 9, end_column: 27, end_line: 4, start_line: 4, start_column: 14}, severity: "high", pattern_id: "js-nosql-injection", pattern_name: "NoSQL Injection", recommendation: "Review this code for potential security issues", confidence: 0.85, pattern_type: :nosql_injection}
13:17:24.990 [debug] Match confidence: 0.14088749999999997, min_confidence: 0.7, match: %{type: "js-nosql-injection", context: %{node_type: "CallExpression", depth: 5, parent_type: "ReturnStatement", in_function: "complexFunction5"}, location: %{depth: 5, end_column: 40, end_line: 6, start_line: 6, start_column: 9}, severity: "high", pattern_id: "js-nosql-injection", pattern_name: "NoSQL Injection", recommendation: "Review this code for potential security issues", confidence: 0.85, pattern_type: :nosql_injection}
13:17:24.990 [debug] Match confidence: 0.149175, min_confidence: 0.7, match: %{type: "js-ldap-injection", context: %{node_type: "CallExpression", depth: 7, parent_type: "ExpressionStatement", in_function: "complexFunction5"}, location: %{depth: 7, end_column: 32, end_line: 4, start_line: 4, start_column: 4}, severity: "high", pattern_id: "js-ldap-injection", pattern_name: "LDAP Injection", recommendation: "Review this code for potential security issues", confidence: 0.85, pattern_type: :ldap_injection}
13:17:24.990 [debug] Match confidence: 0.149175, min_confidence: 0.7, match: %{type: "js-ldap-injection", context: %{node_type: "CallExpression", depth: 9, parent_type: "BinaryExpression", in_function: "complexFunction5"}, location: %{depth: 9, end_column: 27, end_line: 4, start_line: 4, start_column: 14}, severity: "high", pattern_id: "js-ldap-injection", pattern_name: "LDAP Injection", recommendation: "Review this code for potential security issues", confidence: 0.85, pattern_type: :ldap_injection}
13:17:24.990 [debug] Match confidence: 0.149175, min_confidence: 0.7, match: %{type: "js-ldap-injection", context: %{node_type: "CallExpression", depth: 5, parent_type: "ReturnStatement", in_function: "complexFunction5"}, location: %{depth: 5, end_column: 40, end_line: 6, start_line: 6, start_column: 9}, severity: "high", pattern_id: "js-ldap-injection", pattern_name: "LDAP Injection", recommendation: "Review this code for potential security issues", confidence: 0.85, pattern_type: :ldap_injection}
13:17:24.990 [debug] Match confidence: 0.149175, min_confidence: 0.7, match: %{type: "js-xpath-injection", context: %{node_type: "CallExpression", depth: 7, parent_type: "ExpressionStatement", in_function: "complexFunction5"}, location: %{depth: 7, end_column: 32, end_line: 4, start_line: 4, start_column: 4}, severity: "high", pattern_id: "js-xpath-injection", pattern_name: "XPath Injection", recommendation: "Review this code for potential security issues", confidence: 0.85, pattern_type: :xpath_injection}
13:17:24.990 [debug] Match confidence: 0.149175, min_confidence: 0.7, match: %{type: "js-xpath-injection", context: %{node_type: "CallExpression", depth: 9, parent_type: "BinaryExpression", in_function: "complexFunction5"}, location: %{depth: 9, end_column: 27, end_line: 4, start_line: 4, start_column: 14}, severity: "high", pattern_id: "js-xpath-injection", pattern_name: "XPath Injection", recommendation: "Review this code for potential security issues", confidence: 0.85, pattern_type: :xpath_injection}
13:17:24.990 [debug] Match confidence: 0.149175, min_confidence: 0.7, match: %{type: "js-xpath-injection", context: %{node_type: "CallExpression", depth: 5, parent_type: "ReturnStatement", in_function: "complexFunction5"}, location: %{depth: 5, end_column: 40, end_line: 6, start_line: 6, start_column: 9}, severity: "high", pattern_id: "js-xpath-injection", pattern_name: "XPath Injection", recommendation: "Review this code for potential security issues", confidence: 0.85, pattern_type: :xpath_injection}
13:17:24.990 [debug] Match confidence: 0.19305000000000005, min_confidence: 0.7, match: %{type: "js-ssrf", context: %{node_type: "CallExpression", depth: 7, parent_type: "ExpressionStatement", in_function: "complexFunction5"}, location: %{depth: 7, end_column: 32, end_line: 4, start_line: 4, start_column: 4}, severity: "medium", pattern_id: "js-ssrf", pattern_name: "Server-Side Request Forgery (SSRF)", recommendation: "Review this code for potential security issues", confidence: 0.7, pattern_type: :ssrf}
13:17:24.990 [debug] Match confidence: 0.19305000000000005, min_confidence: 0.7, match: %{type: "js-ssrf", context: %{node_type: "CallExpression", depth: 9, parent_type: "BinaryExpression", in_function: "complexFunction5"}, location: %{depth: 9, end_column: 27, end_line: 4, start_line: 4, start_column: 14}, severity: "medium", pattern_id: "js-ssrf", pattern_name: "Server-Side Request Forgery (SSRF)", recommendation: "Review this code for potential security issues", confidence: 0.7, pattern_type: :ssrf}
13:17:24.990 [debug] Match confidence: 0.19305000000000005, min_confidence: 0.7, match: %{type: "js-ssrf", context: %{node_type: "CallExpression", depth: 5, parent_type: "ReturnStatement", in_function: "complexFunction5"}, location: %{depth: 5, end_column: 40, end_line: 6, start_line: 6, start_column: 9}, severity: "medium", pattern_id: "js-ssrf", pattern_name: "Server-Side Request Forgery (SSRF)", recommendation: "Review this code for potential security issues", confidence: 0.7, pattern_type: :ssrf}
13:17:24.990 [debug] Match confidence: 0.19305000000000005, min_confidence: 0.7, match: %{type: "js-insecure-deserialization", context: %{node_type: "CallExpression", depth: 7, parent_type: "ExpressionStatement", in_function: "complexFunction5"}, location: %{depth: 7, end_column: 32, end_line: 4, start_line: 4, start_column: 4}, severity: "medium", pattern_id: "js-insecure-deserialization", pattern_name: "Insecure Deserialization", recommendation: "Review this code for potential security issues", confidence: 0.7, pattern_type: :deserialization}
13:17:24.990 [debug] Match confidence: 0.19305000000000005, min_confidence: 0.7, match: %{type: "js-insecure-deserialization", context: %{node_type: "CallExpression", depth: 9, parent_type: "BinaryExpression", in_function: "complexFunction5"}, location: %{depth: 9, end_column: 27, end_line: 4, start_line: 4, start_column: 14}, severity: "medium", pattern_id: "js-insecure-deserialization", pattern_name: "Insecure Deserialization", recommendation: "Review this code for potential security issues", confidence: 0.7, pattern_type: :deserialization}
13:17:24.990 [debug] Match confidence: 0.19305000000000005, min_confidence: 0.7, match: %{type: "js-insecure-deserialization", context: %{node_type: "CallExpression", depth: 5, parent_type: "ReturnStatement", in_function: "complexFunction5"}, location: %{depth: 5, end_column: 40, end_line: 6, start_line: 6, start_column: 9}, severity: "medium", pattern_id: "js-insecure-deserialization", pattern_name: "Insecure Deserialization", recommendation: "Review this code for potential security issues", confidence: 0.7, pattern_type: :deserialization}
13:17:24.990 [debug] Match confidence: 0.19305000000000005, min_confidence: 0.7, match: %{type: "js-jwt-none-algorithm", context: %{node_type: "CallExpression", depth: 7, parent_type: "ExpressionStatement", in_function: "complexFunction5"}, location: %{depth: 7, end_column: 32, end_line: 4, start_line: 4, start_column: 4}, severity: "medium", pattern_id: "js-jwt-none-algorithm", pattern_name: "JWT None Algorithm Vulnerability", recommendation: "Review this code for potential security issues", confidence: 0.7, pattern_type: :authentication}
13:17:24.990 [debug] Match confidence: 0.19305000000000005, min_confidence: 0.7, match: %{type: "js-jwt-none-algorithm", context: %{node_type: "CallExpression", depth: 9, parent_type: "BinaryExpression", in_function: "complexFunction5"}, location: %{depth: 9, end_column: 27, end_line: 4, start_line: 4, start_column: 14}, severity: "medium", pattern_id: "js-jwt-none-algorithm", pattern_name: "JWT None Algorithm Vulnerability", recommendation: "Review this code for potential security issues", confidence: 0.7, pattern_type: :authentication}
13:17:24.990 [debug] Match confidence: 0.19305000000000005, min_confidence: 0.7, match: %{type: "js-jwt-none-algorithm", context: %{node_type: "CallExpression", depth: 5, parent_type: "ReturnStatement", in_function: "complexFunction5"}, location: %{depth: 5, end_column: 40, end_line: 6, start_line: 6, start_column: 9}, severity: "medium", pattern_id: "js-jwt-none-algorithm", pattern_name: "JWT None Algorithm Vulnerability", recommendation: "Review this code for potential security issues", confidence: 0.7, pattern_type: :authentication}
13:17:24.990 [debug] Match confidence: 0.19305000000000005, min_confidence: 0.7, match: %{type: "js-debug-console-log", context: %{node_type: "CallExpression", depth: 7, parent_type: "ExpressionStatement", in_function: "complexFunction5"}, location: %{depth: 7, end_column: 32, end_line: 4, start_line: 4, start_column: 4}, severity: "medium", pattern_id: "js-debug-console-log", pattern_name: "Sensitive Data in Console Logs", recommendation: "Review this code for potential security issues", confidence: 0.7, pattern_type: :information_disclosure}
13:17:24.990 [debug] Match confidence: 0.19305000000000005, min_confidence: 0.7, match: %{type: "js-debug-console-log", context: %{node_type: "CallExpression", depth: 9, parent_type: "BinaryExpression", in_function: "complexFunction5"}, location: %{depth: 9, end_column: 27, end_line: 4, start_line: 4, start_column: 14}, severity: "medium", pattern_id: "js-debug-console-log", pattern_name: "Sensitive Data in Console Logs", recommendation: "Review this code for potential security issues", confidence: 0.7, pattern_type: :information_disclosure}
13:17:24.990 [debug] Match confidence: 0.19305000000000005, min_confidence: 0.7, match: %{type: "js-debug-console-log", context: %{node_type: "CallExpression", depth: 5, parent_type: "ReturnStatement", in_function: "complexFunction5"}, location: %{depth: 5, end_column: 40, end_line: 6, start_line: 6, start_column: 9}, severity: "medium", pattern_id: "js-debug-console-log", pattern_name: "Sensitive Data in Console Logs", recommendation: "Review this code for potential security issues", confidence: 0.7, pattern_type: :information_disclosure}
13:17:25.070 [debug] Parser response received
13:17:25.070 [info] AnalysisService: Loaded 30 patterns for javascript
13:17:25.074 [info] AnalysisService: Found 47 matches
13:17:25.074 [debug] Match confidence: 0.187425, min_confidence: 0.7, match: %{type: "js-xss-document-write", context: %{node_type: "CallExpression", depth: 7, parent_type: "ExpressionStatement", in_function: "complexFunction6"}, location: %{depth: 7, end_column: 32, end_line: 4, start_line: 4, start_column: 4}, severity: "high", pattern_id: "js-xss-document-write", pattern_name: "Cross-Site Scripting (XSS) via document.write", recommendation: "Review this code for potential security issues", confidence: 0.85, pattern_type: :xss}
13:17:25.074 [debug] Match confidence: 0.187425, min_confidence: 0.7, match: %{type: "js-xss-document-write", context: %{node_type: "CallExpression", depth: 9, parent_type: "BinaryExpression", in_function: "complexFunction6"}, location: %{depth: 9, end_column: 27, end_line: 4, start_line: 4, start_column: 14}, severity: "high", pattern_id: "js-xss-document-write", pattern_name: "Cross-Site Scripting (XSS) via document.write", recommendation: "Review this code for potential security issues", confidence: 0.85, pattern_type: :xss}
13:17:25.074 [debug] Match confidence: 0.187425, min_confidence: 0.7, match: %{type: "js-xss-document-write", context: %{node_type: "CallExpression", depth: 5, parent_type: "ReturnStatement", in_function: "complexFunction6"}, location: %{depth: 5, end_column: 40, end_line: 6, start_line: 6, start_column: 9}, severity: "high", pattern_id: "js-xss-document-write", pattern_name: "Cross-Site Scripting (XSS) via document.write", recommendation: "Review this code for potential security issues", confidence: 0.85, pattern_type: :xss}
13:17:25.074 [debug] Match confidence: 0.187425, min_confidence: 0.7, match: %{type: "js-xss-jquery-html", context: %{node_type: "CallExpression", depth: 7, parent_type: "ExpressionStatement", in_function: "complexFunction6"}, location: %{depth: 7, end_column: 32, end_line: 4, start_line: 4, start_column: 4}, severity: "high", pattern_id: "js-xss-jquery-html", pattern_name: "XSS via jQuery html()", recommendation: "Review this code for potential security issues", confidence: 0.85, pattern_type: :xss}
13:17:25.074 [debug] Match confidence: 0.187425, min_confidence: 0.7, match: %{type: "js-xss-jquery-html", context: %{node_type: "CallExpression", depth: 9, parent_type: "BinaryExpression", in_function: "complexFunction6"}, location: %{depth: 9, end_column: 27, end_line: 4, start_line: 4, start_column: 14}, severity: "high", pattern_id: "js-xss-jquery-html", pattern_name: "XSS via jQuery html()", recommendation: "Review this code for potential security issues", confidence: 0.85, pattern_type: :xss}
13:17:25.074 [debug] Match confidence: 0.187425, min_confidence: 0.7, match: %{type: "js-xss-jquery-html", context: %{node_type: "CallExpression", depth: 5, parent_type: "ReturnStatement", in_function: "complexFunction6"}, location: %{depth: 5, end_column: 40, end_line: 6, start_line: 6, start_column: 9}, severity: "high", pattern_id: "js-xss-jquery-html", pattern_name: "XSS via jQuery html()", recommendation: "Review this code for potential security issues", confidence: 0.85, pattern_type: :xss}
13:17:25.074 [debug] Match confidence: 0.19305000000000005, min_confidence: 0.7, match: %{type: "js-path-traversal-join", context: %{node_type: "CallExpression", depth: 7, parent_type: "ExpressionStatement", in_function: "complexFunction6"}, location: %{depth: 7, end_column: 32, end_line: 4, start_line: 4, start_column: 4}, severity: "medium", pattern_id: "js-path-traversal-join", pattern_name: "Path Traversal via path.join", recommendation: "Review this code for potential security issues", confidence: 0.7, pattern_type: :path_traversal}
13:17:25.074 [debug] Match confidence: 0.19305000000000005, min_confidence: 0.7, match: %{type: "js-path-traversal-join", context: %{node_type: "CallExpression", depth: 9, parent_type: "BinaryExpression", in_function: "complexFunction6"}, location: %{depth: 9, end_column: 27, end_line: 4, start_line: 4, start_column: 14}, severity: "medium", pattern_id: "js-path-traversal-join", pattern_name: "Path Traversal via path.join", recommendation: "Review this code for potential security issues", confidence: 0.7, pattern_type: :path_traversal}
13:17:25.074 [debug] Match confidence: 0.19305000000000005, min_confidence: 0.7, match: %{type: "js-path-traversal-join", context: %{node_type: "CallExpression", depth: 5, parent_type: "ReturnStatement", in_function: "complexFunction6"}, location: %{depth: 5, end_column: 40, end_line: 6, start_line: 6, start_column: 9}, severity: "medium", pattern_id: "js-path-traversal-join", pattern_name: "Path Traversal via path.join", recommendation: "Review this code for potential security issues", confidence: 0.7, pattern_type: :path_traversal}
13:17:25.074 [debug] Match confidence: 0.19305000000000005, min_confidence: 0.7, match: %{type: "js-path-traversal-concat", context: %{node_type: "BinaryExpression", depth: 7, parent_type: "ArrowFunctionExpression", in_function: "complexFunction6"}, location: %{depth: 7, end_column: 36, end_line: 6, start_line: 6, start_column: 31}, severity: "medium", pattern_id: "js-path-traversal-concat", pattern_name: "Path Traversal via String Concatenation", recommendation: "Review this code for potential security issues", confidence: 0.7, pattern_type: :path_traversal}
13:17:25.074 [debug] Match confidence: 0.21450000000000002, min_confidence: 0.7, match: %{type: "js-weak-crypto-md5", context: %{node_type: "CallExpression", depth: 7, parent_type: "ExpressionStatement", in_function: "complexFunction6"}, location: %{depth: 7, end_column: 32, end_line: 4, start_line: 4, start_column: 4}, severity: "medium", pattern_id: "js-weak-crypto-md5", pattern_name: "Weak Cryptography - MD5", recommendation: "Review this code for potential security issues", confidence: 0.7, pattern_type: :weak_crypto}
13:17:25.074 [debug] Match confidence: 0.21450000000000002, min_confidence: 0.7, match: %{type: "js-weak-crypto-md5", context: %{node_type: "CallExpression", depth: 9, parent_type: "BinaryExpression", in_function: "complexFunction6"}, location: %{depth: 9, end_column: 27, end_line: 4, start_line: 4, start_column: 14}, severity: "medium", pattern_id: "js-weak-crypto-md5", pattern_name: "Weak Cryptography - MD5", recommendation: "Review this code for potential security issues", confidence: 0.7, pattern_type: :weak_crypto}
13:17:25.074 [debug] Match confidence: 0.21450000000000002, min_confidence: 0.7, match: %{type: "js-weak-crypto-md5", context: %{node_type: "CallExpression", depth: 5, parent_type: "ReturnStatement", in_function: "complexFunction6"}, location: %{depth: 5, end_column: 40, end_line: 6, start_line: 6, start_column: 9}, severity: "medium", pattern_id: "js-weak-crypto-md5", pattern_name: "Weak Cryptography - MD5", recommendation: "Review this code for potential security issues", confidence: 0.7, pattern_type: :weak_crypto}
13:17:25.074 [debug] Match confidence: 0.21450000000000002, min_confidence: 0.7, match: %{type: "js-weak-crypto-sha1", context: %{node_type: "CallExpression", depth: 7, parent_type: "ExpressionStatement", in_function: "complexFunction6"}, location: %{depth: 7, end_column: 32, end_line: 4, start_line: 4, start_column: 4}, severity: "medium", pattern_id: "js-weak-crypto-sha1", pattern_name: "Weak Cryptography - SHA1", recommendation: "Review this code for potential security issues", confidence: 0.7, pattern_type: :weak_crypto}
13:17:25.074 [debug] Match confidence: 0.21450000000000002, min_confidence: 0.7, match: %{type: "js-weak-crypto-sha1", context: %{node_type: "CallExpression", depth: 9, parent_type: "BinaryExpression", in_function: "complexFunction6"}, location: %{depth: 9, end_column: 27, end_line: 4, start_line: 4, start_column: 14}, severity: "medium", pattern_id: "js-weak-crypto-sha1", pattern_name: "Weak Cryptography - SHA1", recommendation: "Review this code for potential security issues", confidence: 0.7, pattern_type: :weak_crypto}
13:17:25.074 [debug] Match confidence: 0.21450000000000002, min_confidence: 0.7, match: %{type: "js-weak-crypto-sha1", context: %{node_type: "CallExpression", depth: 5, parent_type: "ReturnStatement", in_function: "complexFunction6"}, location: %{depth: 5, end_column: 40, end_line: 6, start_line: 6, start_column: 9}, severity: "medium", pattern_id: "js-weak-crypto-sha1", pattern_name: "Weak Cryptography - SHA1", recommendation: "Review this code for potential security issues", confidence: 0.7, pattern_type: :weak_crypto}
13:17:25.074 [debug] Match confidence: 0.264, min_confidence: 0.7, match: %{type: "js-hardcoded-secret-password", context: %{node_type: "VariableDeclarator", depth: 5, parent_type: "VariableDeclaration", in_function: "complexFunction6"}, location: %{depth: 5, end_column: 15, end_line: 2, start_line: 2, start_column: 6}, severity: "high", pattern_id: "js-hardcoded-secret-password", pattern_name: "Hardcoded Password", recommendation: "Review this code for potential security issues", confidence: 0.9, pattern_type: :hardcoded_secret}
13:17:25.074 [debug] Match confidence: 0.264, min_confidence: 0.7, match: %{type: "js-hardcoded-secret-password", context: %{node_type: "VariableDeclarator", depth: 6, parent_type: "VariableDeclaration", in_function: "complexFunction6"}, location: %{depth: 6, end_column: 16, end_line: 3, start_line: 3, start_column: 11}, severity: "high", pattern_id: "js-hardcoded-secret-password", pattern_name: "Hardcoded Password", recommendation: "Review this code for potential security issues", confidence: 0.9, pattern_type: :hardcoded_secret}
13:17:25.074 [debug] Match confidence: 0.264, min_confidence: 0.7, match: %{type: "js-hardcoded-secret-api-key", context: %{node_type: "VariableDeclarator", depth: 5, parent_type: "VariableDeclaration", in_function: "complexFunction6"}, location: %{depth: 5, end_column: 15, end_line: 2, start_line: 2, start_column: 6}, severity: "high", pattern_id: "js-hardcoded-secret-api-key", pattern_name: "Hardcoded API Key", recommendation: "Review this code for potential security issues", confidence: 0.9, pattern_type: :hardcoded_secret}
13:17:25.074 [debug] Match confidence: 0.264, min_confidence: 0.7, match: %{type: "js-hardcoded-secret-api-key", context: %{node_type: "VariableDeclarator", depth: 6, parent_type: "VariableDeclaration", in_function: "complexFunction6"}, location: %{depth: 6, end_column: 16, end_line: 3, start_line: 3, start_column: 11}, severity: "high", pattern_id: "js-hardcoded-secret-api-key", pattern_name: "Hardcoded API Key", recommendation: "Review this code for potential security issues", confidence: 0.9, pattern_type: :hardcoded_secret}
13:17:25.074 [debug] Match confidence: 0.19305000000000005, min_confidence: 0.7, match: %{type: "js-open-redirect", context: %{node_type: "CallExpression", depth: 7, parent_type: "ExpressionStatement", in_function: "complexFunction6"}, location: %{depth: 7, end_column: 32, end_line: 4, start_line: 4, start_column: 4}, severity: "medium", pattern_id: "js-open-redirect", pattern_name: "Open Redirect Vulnerability", recommendation: "Review this code for potential security issues", confidence: 0.7, pattern_type: :open_redirect}
13:17:25.074 [debug] Match confidence: 0.19305000000000005, min_confidence: 0.7, match: %{type: "js-open-redirect", context: %{node_type: "CallExpression", depth: 9, parent_type: "BinaryExpression", in_function: "complexFunction6"}, location: %{depth: 9, end_column: 27, end_line: 4, start_line: 4, start_column: 14}, severity: "medium", pattern_id: "js-open-redirect", pattern_name: "Open Redirect Vulnerability", recommendation: "Review this code for potential security issues", confidence: 0.7, pattern_type: :open_redirect}
13:17:25.074 [debug] Match confidence: 0.19305000000000005, min_confidence: 0.7, match: %{type: "js-open-redirect", context: %{node_type: "CallExpression", depth: 5, parent_type: "ReturnStatement", in_function: "complexFunction6"}, location: %{depth: 5, end_column: 40, end_line: 6, start_line: 6, start_column: 9}, severity: "medium", pattern_id: "js-open-redirect", pattern_name: "Open Redirect Vulnerability", recommendation: "Review this code for potential security issues", confidence: 0.7, pattern_type: :open_redirect}
13:17:25.074 [debug] Match confidence: 0.21450000000000002, min_confidence: 0.7, match: %{type: "js-insecure-random", context: %{node_type: "CallExpression", depth: 7, parent_type: "ExpressionStatement", in_function: "complexFunction6"}, location: %{depth: 7, end_column: 32, end_line: 4, start_line: 4, start_column: 4}, severity: "medium", pattern_id: "js-insecure-random", pattern_name: "Insecure Random Number Generation", recommendation: "Review this code for potential security issues", confidence: 0.7, pattern_type: :insecure_random}
13:17:25.074 [debug] Match confidence: 0.21450000000000002, min_confidence: 0.7, match: %{type: "js-insecure-random", context: %{node_type: "CallExpression", depth: 9, parent_type: "BinaryExpression", in_function: "complexFunction6"}, location: %{depth: 9, end_column: 27, end_line: 4, start_line: 4, start_column: 14}, severity: "medium", pattern_id: "js-insecure-random", pattern_name: "Insecure Random Number Generation", recommendation: "Review this code for potential security issues", confidence: 0.7, pattern_type: :insecure_random}
13:17:25.074 [debug] Match confidence: 0.21450000000000002, min_confidence: 0.7, match: %{type: "js-insecure-random", context: %{node_type: "CallExpression", depth: 5, parent_type: "ReturnStatement", in_function: "complexFunction6"}, location: %{depth: 5, end_column: 40, end_line: 6, start_line: 6, start_column: 9}, severity: "medium", pattern_id: "js-insecure-random", pattern_name: "Insecure Random Number Generation", recommendation: "Review this code for potential security issues", confidence: 0.7, pattern_type: :insecure_random}
13:17:25.074 [debug] Match confidence: 0.14088749999999997, min_confidence: 0.7, match: %{type: "js-nosql-injection", context: %{node_type: "CallExpression", depth: 7, parent_type: "ExpressionStatement", in_function: "complexFunction6"}, location: %{depth: 7, end_column: 32, end_line: 4, start_line: 4, start_column: 4}, severity: "high", pattern_id: "js-nosql-injection", pattern_name: "NoSQL Injection", recommendation: "Review this code for potential security issues", confidence: 0.85, pattern_type: :nosql_injection}
13:17:25.074 [debug] Match confidence: 0.14088749999999997, min_confidence: 0.7, match: %{type: "js-nosql-injection", context: %{node_type: "CallExpression", depth: 9, parent_type: "BinaryExpression", in_function: "complexFunction6"}, location: %{depth: 9, end_column: 27, end_line: 4, start_line: 4, start_column: 14}, severity: "high", pattern_id: "js-nosql-injection", pattern_name: "NoSQL Injection", recommendation: "Review this code for potential security issues", confidence: 0.85, pattern_type: :nosql_injection}
13:17:25.075 [debug] Match confidence: 0.14088749999999997, min_confidence: 0.7, match: %{type: "js-nosql-injection", context: %{node_type: "CallExpression", depth: 5, parent_type: "ReturnStatement", in_function: "complexFunction6"}, location: %{depth: 5, end_column: 40, end_line: 6, start_line: 6, start_column: 9}, severity: "high", pattern_id: "js-nosql-injection", pattern_name: "NoSQL Injection", recommendation: "Review this code for potential security issues", confidence: 0.85, pattern_type: :nosql_injection}
13:17:25.075 [debug] Match confidence: 0.149175, min_confidence: 0.7, match: %{type: "js-ldap-injection", context: %{node_type: "CallExpression", depth: 7, parent_type: "ExpressionStatement", in_function: "complexFunction6"}, location: %{depth: 7, end_column: 32, end_line: 4, start_line: 4, start_column: 4}, severity: "high", pattern_id: "js-ldap-injection", pattern_name: "LDAP Injection", recommendation: "Review this code for potential security issues", confidence: 0.85, pattern_type: :ldap_injection}
13:17:25.075 [debug] Match confidence: 0.149175, min_confidence: 0.7, match: %{type: "js-ldap-injection", context: %{node_type: "CallExpression", depth: 9, parent_type: "BinaryExpression", in_function: "complexFunction6"}, location: %{depth: 9, end_column: 27, end_line: 4, start_line: 4, start_column: 14}, severity: "high", pattern_id: "js-ldap-injection", pattern_name: "LDAP Injection", recommendation: "Review this code for potential security issues", confidence: 0.85, pattern_type: :ldap_injection}
13:17:25.075 [debug] Match confidence: 0.149175, min_confidence: 0.7, match: %{type: "js-ldap-injection", context: %{node_type: "CallExpression", depth: 5, parent_type: "ReturnStatement", in_function: "complexFunction6"}, location: %{depth: 5, end_column: 40, end_line: 6, start_line: 6, start_column: 9}, severity: "high", pattern_id: "js-ldap-injection", pattern_name: "LDAP Injection", recommendation: "Review this code for potential security issues", confidence: 0.85, pattern_type: :ldap_injection}
13:17:25.075 [debug] Match confidence: 0.149175, min_confidence: 0.7, match: %{type: "js-xpath-injection", context: %{node_type: "CallExpression", depth: 7, parent_type: "ExpressionStatement", in_function: "complexFunction6"}, location: %{depth: 7, end_column: 32, end_line: 4, start_line: 4, start_column: 4}, severity: "high", pattern_id: "js-xpath-injection", pattern_name: "XPath Injection", recommendation: "Review this code for potential security issues", confidence: 0.85, pattern_type: :xpath_injection}
13:17:25.075 [debug] Match confidence: 0.149175, min_confidence: 0.7, match: %{type: "js-xpath-injection", context: %{node_type: "CallExpression", depth: 9, parent_type: "BinaryExpression", in_function: "complexFunction6"}, location: %{depth: 9, end_column: 27, end_line: 4, start_line: 4, start_column: 14}, severity: "high", pattern_id: "js-xpath-injection", pattern_name: "XPath Injection", recommendation: "Review this code for potential security issues", confidence: 0.85, pattern_type: :xpath_injection}
13:17:25.075 [debug] Match confidence: 0.149175, min_confidence: 0.7, match: %{type: "js-xpath-injection", context: %{node_type: "CallExpression", depth: 5, parent_type: "ReturnStatement", in_function: "complexFunction6"}, location: %{depth: 5, end_column: 40, end_line: 6, start_line: 6, start_column: 9}, severity: "high", pattern_id: "js-xpath-injection", pattern_name: "XPath Injection", recommendation: "Review this code for potential security issues", confidence: 0.85, pattern_type: :xpath_injection}
13:17:25.075 [debug] Match confidence: 0.19305000000000005, min_confidence: 0.7, match: %{type: "js-ssrf", context: %{node_type: "CallExpression", depth: 7, parent_type: "ExpressionStatement", in_function: "complexFunction6"}, location: %{depth: 7, end_column: 32, end_line: 4, start_line: 4, start_column: 4}, severity: "medium", pattern_id: "js-ssrf", pattern_name: "Server-Side Request Forgery (SSRF)", recommendation: "Review this code for potential security issues", confidence: 0.7, pattern_type: :ssrf}
13:17:25.075 [debug] Match confidence: 0.19305000000000005, min_confidence: 0.7, match: %{type: "js-ssrf", context: %{node_type: "CallExpression", depth: 9, parent_type: "BinaryExpression", in_function: "complexFunction6"}, location: %{depth: 9, end_column: 27, end_line: 4, start_line: 4, start_column: 14}, severity: "medium", pattern_id: "js-ssrf", pattern_name: "Server-Side Request Forgery (SSRF)", recommendation: "Review this code for potential security issues", confidence: 0.7, pattern_type: :ssrf}
13:17:25.075 [debug] Match confidence: 0.19305000000000005, min_confidence: 0.7, match: %{type: "js-ssrf", context: %{node_type: "CallExpression", depth: 5, parent_type: "ReturnStatement", in_function: "complexFunction6"}, location: %{depth: 5, end_column: 40, end_line: 6, start_line: 6, start_column: 9}, severity: "medium", pattern_id: "js-ssrf", pattern_name: "Server-Side Request Forgery (SSRF)", recommendation: "Review this code for potential security issues", confidence: 0.7, pattern_type: :ssrf}
13:17:25.075 [debug] Match confidence: 0.19305000000000005, min_confidence: 0.7, match: %{type: "js-insecure-deserialization", context: %{node_type: "CallExpression", depth: 7, parent_type: "ExpressionStatement", in_function: "complexFunction6"}, location: %{depth: 7, end_column: 32, end_line: 4, start_line: 4, start_column: 4}, severity: "medium", pattern_id: "js-insecure-deserialization", pattern_name: "Insecure Deserialization", recommendation: "Review this code for potential security issues", confidence: 0.7, pattern_type: :deserialization}
13:17:25.075 [debug] Match confidence: 0.19305000000000005, min_confidence: 0.7, match: %{type: "js-insecure-deserialization", context: %{node_type: "CallExpression", depth: 9, parent_type: "BinaryExpression", in_function: "complexFunction6"}, location: %{depth: 9, end_column: 27, end_line: 4, start_line: 4, start_column: 14}, severity: "medium", pattern_id: "js-insecure-deserialization", pattern_name: "Insecure Deserialization", recommendation: "Review this code for potential security issues", confidence: 0.7, pattern_type: :deserialization}
13:17:25.075 [debug] Match confidence: 0.19305000000000005, min_confidence: 0.7, match: %{type: "js-insecure-deserialization", context: %{node_type: "CallExpression", depth: 5, parent_type: "ReturnStatement", in_function: "complexFunction6"}, location: %{depth: 5, end_column: 40, end_line: 6, start_line: 6, start_column: 9}, severity: "medium", pattern_id: "js-insecure-deserialization", pattern_name: "Insecure Deserialization", recommendation: "Review this code for potential security issues", confidence: 0.7, pattern_type: :deserialization}
13:17:25.075 [debug] Match confidence: 0.19305000000000005, min_confidence: 0.7, match: %{type: "js-jwt-none-algorithm", context: %{node_type: "CallExpression", depth: 7, parent_type: "ExpressionStatement", in_function: "complexFunction6"}, location: %{depth: 7, end_column: 32, end_line: 4, start_line: 4, start_column: 4}, severity: "medium", pattern_id: "js-jwt-none-algorithm", pattern_name: "JWT None Algorithm Vulnerability", recommendation: "Review this code for potential security issues", confidence: 0.7, pattern_type: :authentication}
13:17:25.075 [debug] Match confidence: 0.19305000000000005, min_confidence: 0.7, match: %{type: "js-jwt-none-algorithm", context: %{node_type: "CallExpression", depth: 9, parent_type: "BinaryExpression", in_function: "complexFunction6"}, location: %{depth: 9, end_column: 27, end_line: 4, start_line: 4, start_column: 14}, severity: "medium", pattern_id: "js-jwt-none-algorithm", pattern_name: "JWT None Algorithm Vulnerability", recommendation: "Review this code for potential security issues", confidence: 0.7, pattern_type: :authentication}
13:17:25.075 [debug] Match confidence: 0.19305000000000005, min_confidence: 0.7, match: %{type: "js-jwt-none-algorithm", context: %{node_type: "CallExpression", depth: 5, parent_type: "ReturnStatement", in_function: "complexFunction6"}, location: %{depth: 5, end_column: 40, end_line: 6, start_line: 6, start_column: 9}, severity: "medium", pattern_id: "js-jwt-none-algorithm", pattern_name: "JWT None Algorithm Vulnerability", recommendation: "Review this code for potential security issues", confidence: 0.7, pattern_type: :authentication}
13:17:25.075 [debug] Match confidence: 0.19305000000000005, min_confidence: 0.7, match: %{type: "js-debug-console-log", context: %{node_type: "CallExpression", depth: 7, parent_type: "ExpressionStatement", in_function: "complexFunction6"}, location: %{depth: 7, end_column: 32, end_line: 4, start_line: 4, start_column: 4}, severity: "medium", pattern_id: "js-debug-console-log", pattern_name: "Sensitive Data in Console Logs", recommendation: "Review this code for potential security issues", confidence: 0.7, pattern_type: :information_disclosure}
13:17:25.075 [debug] Match confidence: 0.19305000000000005, min_confidence: 0.7, match: %{type: "js-debug-console-log", context: %{node_type: "CallExpression", depth: 9, parent_type: "BinaryExpression", in_function: "complexFunction6"}, location: %{depth: 9, end_column: 27, end_line: 4, start_line: 4, start_column: 14}, severity: "medium", pattern_id: "js-debug-console-log", pattern_name: "Sensitive Data in Console Logs", recommendation: "Review this code for potential security issues", confidence: 0.7, pattern_type: :information_disclosure}
13:17:25.075 [debug] Match confidence: 0.19305000000000005, min_confidence: 0.7, match: %{type: "js-debug-console-log", context: %{node_type: "CallExpression", depth: 5, parent_type: "ReturnStatement", in_function: "complexFunction6"}, location: %{depth: 5, end_column: 40, end_line: 6, start_line: 6, start_column: 9}, severity: "medium", pattern_id: "js-debug-console-log", pattern_name: "Sensitive Data in Console Logs", recommendation: "Review this code for potential security issues", confidence: 0.7, pattern_type: :information_disclosure}
13:17:25.157 [debug] Parser response received
13:17:25.158 [info] AnalysisService: Loaded 30 patterns for javascript
13:17:25.162 [info] AnalysisService: Found 47 matches
13:17:25.162 [debug] Match confidence: 0.187425, min_confidence: 0.7, match: %{type: "js-xss-document-write", context: %{node_type: "CallExpression", depth: 7, parent_type: "ExpressionStatement", in_function: "complexFunction7"}, location: %{depth: 7, end_column: 32, end_line: 4, start_line: 4, start_column: 4}, severity: "high", pattern_id: "js-xss-document-write", pattern_name: "Cross-Site Scripting (XSS) via document.write", recommendation: "Review this code for potential security issues", confidence: 0.85, pattern_type: :xss}
13:17:25.162 [debug] Match confidence: 0.187425, min_confidence: 0.7, match: %{type: "js-xss-document-write", context: %{node_type: "CallExpression", depth: 9, parent_type: "BinaryExpression", in_function: "complexFunction7"}, location: %{depth: 9, end_column: 27, end_line: 4, start_line: 4, start_column: 14}, severity: "high", pattern_id: "js-xss-document-write", pattern_name: "Cross-Site Scripting (XSS) via document.write", recommendation: "Review this code for potential security issues", confidence: 0.85, pattern_type: :xss}
13:17:25.162 [debug] Match confidence: 0.187425, min_confidence: 0.7, match: %{type: "js-xss-document-write", context: %{node_type: "CallExpression", depth: 5, parent_type: "ReturnStatement", in_function: "complexFunction7"}, location: %{depth: 5, end_column: 40, end_line: 6, start_line: 6, start_column: 9}, severity: "high", pattern_id: "js-xss-document-write", pattern_name: "Cross-Site Scripting (XSS) via document.write", recommendation: "Review this code for potential security issues", confidence: 0.85, pattern_type: :xss}
13:17:25.162 [debug] Match confidence: 0.187425, min_confidence: 0.7, match: %{type: "js-xss-jquery-html", context: %{node_type: "CallExpression", depth: 7, parent_type: "ExpressionStatement", in_function: "complexFunction7"}, location: %{depth: 7, end_column: 32, end_line: 4, start_line: 4, start_column: 4}, severity: "high", pattern_id: "js-xss-jquery-html", pattern_name: "XSS via jQuery html()", recommendation: "Review this code for potential security issues", confidence: 0.85, pattern_type: :xss}
13:17:25.162 [debug] Match confidence: 0.187425, min_confidence: 0.7, match: %{type: "js-xss-jquery-html", context: %{node_type: "CallExpression", depth: 9, parent_type: "BinaryExpression", in_function: "complexFunction7"}, location: %{depth: 9, end_column: 27, end_line: 4, start_line: 4, start_column: 14}, severity: "high", pattern_id: "js-xss-jquery-html", pattern_name: "XSS via jQuery html()", recommendation: "Review this code for potential security issues", confidence: 0.85, pattern_type: :xss}
13:17:25.162 [debug] Match confidence: 0.187425, min_confidence: 0.7, match: %{type: "js-xss-jquery-html", context: %{node_type: "CallExpression", depth: 5, parent_type: "ReturnStatement", in_function: "complexFunction7"}, location: %{depth: 5, end_column: 40, end_line: 6, start_line: 6, start_column: 9}, severity: "high", pattern_id: "js-xss-jquery-html", pattern_name: "XSS via jQuery html()", recommendation: "Review this code for potential security issues", confidence: 0.85, pattern_type: :xss}
13:17:25.162 [debug] Match confidence: 0.19305000000000005, min_confidence: 0.7, match: %{type: "js-path-traversal-join", context: %{node_type: "CallExpression", depth: 7, parent_type: "ExpressionStatement", in_function: "complexFunction7"}, location: %{depth: 7, end_column: 32, end_line: 4, start_line: 4, start_column: 4}, severity: "medium", pattern_id: "js-path-traversal-join", pattern_name: "Path Traversal via path.join", recommendation: "Review this code for potential security issues", confidence: 0.7, pattern_type: :path_traversal}
13:17:25.162 [debug] Match confidence: 0.19305000000000005, min_confidence: 0.7, match: %{type: "js-path-traversal-join", context: %{node_type: "CallExpression", depth: 9, parent_type: "BinaryExpression", in_function: "complexFunction7"}, location: %{depth: 9, end_column: 27, end_line: 4, start_line: 4, start_column: 14}, severity: "medium", pattern_id: "js-path-traversal-join", pattern_name: "Path Traversal via path.join", recommendation: "Review this code for potential security issues", confidence: 0.7, pattern_type: :path_traversal}
13:17:25.162 [debug] Match confidence: 0.19305000000000005, min_confidence: 0.7, match: %{type: "js-path-traversal-join", context: %{node_type: "CallExpression", depth: 5, parent_type: "ReturnStatement", in_function: "complexFunction7"}, location: %{depth: 5, end_column: 40, end_line: 6, start_line: 6, start_column: 9}, severity: "medium", pattern_id: "js-path-traversal-join", pattern_name: "Path Traversal via path.join", recommendation: "Review this code for potential security issues", confidence: 0.7, pattern_type: :path_traversal}
13:17:25.162 [debug] Match confidence: 0.19305000000000005, min_confidence: 0.7, match: %{type: "js-path-traversal-concat", context: %{node_type: "BinaryExpression", depth: 7, parent_type: "ArrowFunctionExpression", in_function: "complexFunction7"}, location: %{depth: 7, end_column: 36, end_line: 6, start_line: 6, start_column: 31}, severity: "medium", pattern_id: "js-path-traversal-concat", pattern_name: "Path Traversal via String Concatenation", recommendation: "Review this code for potential security issues", confidence: 0.7, pattern_type: :path_traversal}
13:17:25.162 [debug] Match confidence: 0.21450000000000002, min_confidence: 0.7, match: %{type: "js-weak-crypto-md5", context: %{node_type: "CallExpression", depth: 7, parent_type: "ExpressionStatement", in_function: "complexFunction7"}, location: %{depth: 7, end_column: 32, end_line: 4, start_line: 4, start_column: 4}, severity: "medium", pattern_id: "js-weak-crypto-md5", pattern_name: "Weak Cryptography - MD5", recommendation: "Review this code for potential security issues", confidence: 0.7, pattern_type: :weak_crypto}
13:17:25.162 [debug] Match confidence: 0.21450000000000002, min_confidence: 0.7, match: %{type: "js-weak-crypto-md5", context: %{node_type: "CallExpression", depth: 9, parent_type: "BinaryExpression", in_function: "complexFunction7"}, location: %{depth: 9, end_column: 27, end_line: 4, start_line: 4, start_column: 14}, severity: "medium", pattern_id: "js-weak-crypto-md5", pattern_name: "Weak Cryptography - MD5", recommendation: "Review this code for potential security issues", confidence: 0.7, pattern_type: :weak_crypto}
13:17:25.162 [debug] Match confidence: 0.21450000000000002, min_confidence: 0.7, match: %{type: "js-weak-crypto-md5", context: %{node_type: "CallExpression", depth: 5, parent_type: "ReturnStatement", in_function: "complexFunction7"}, location: %{depth: 5, end_column: 40, end_line: 6, start_line: 6, start_column: 9}, severity: "medium", pattern_id: "js-weak-crypto-md5", pattern_name: "Weak Cryptography - MD5", recommendation: "Review this code for potential security issues", confidence: 0.7, pattern_type: :weak_crypto}
13:17:25.162 [debug] Match confidence: 0.21450000000000002, min_confidence: 0.7, match: %{type: "js-weak-crypto-sha1", context: %{node_type: "CallExpression", depth: 7, parent_type: "ExpressionStatement", in_function: "complexFunction7"}, location: %{depth: 7, end_column: 32, end_line: 4, start_line: 4, start_column: 4}, severity: "medium", pattern_id: "js-weak-crypto-sha1", pattern_name: "Weak Cryptography - SHA1", recommendation: "Review this code for potential security issues", confidence: 0.7, pattern_type: :weak_crypto}
13:17:25.162 [debug] Match confidence: 0.21450000000000002, min_confidence: 0.7, match: %{type: "js-weak-crypto-sha1", context: %{node_type: "CallExpression", depth: 9, parent_type: "BinaryExpression", in_function: "complexFunction7"}, location: %{depth: 9, end_column: 27, end_line: 4, start_line: 4, start_column: 14}, severity: "medium", pattern_id: "js-weak-crypto-sha1", pattern_name: "Weak Cryptography - SHA1", recommendation: "Review this code for potential security issues", confidence: 0.7, pattern_type: :weak_crypto}
13:17:25.162 [debug] Match confidence: 0.21450000000000002, min_confidence: 0.7, match: %{type: "js-weak-crypto-sha1", context: %{node_type: "CallExpression", depth: 5, parent_type: "ReturnStatement", in_function: "complexFunction7"}, location: %{depth: 5, end_column: 40, end_line: 6, start_line: 6, start_column: 9}, severity: "medium", pattern_id: "js-weak-crypto-sha1", pattern_name: "Weak Cryptography - SHA1", recommendation: "Review this code for potential security issues", confidence: 0.7, pattern_type: :weak_crypto}
13:17:25.162 [debug] Match confidence: 0.264, min_confidence: 0.7, match: %{type: "js-hardcoded-secret-password", context: %{node_type: "VariableDeclarator", depth: 5, parent_type: "VariableDeclaration", in_function: "complexFunction7"}, location: %{depth: 5, end_column: 15, end_line: 2, start_line: 2, start_column: 6}, severity: "high", pattern_id: "js-hardcoded-secret-password", pattern_name: "Hardcoded Password", recommendation: "Review this code for potential security issues", confidence: 0.9, pattern_type: :hardcoded_secret}
13:17:25.162 [debug] Match confidence: 0.264, min_confidence: 0.7, match: %{type: "js-hardcoded-secret-password", context: %{node_type: "VariableDeclarator", depth: 6, parent_type: "VariableDeclaration", in_function: "complexFunction7"}, location: %{depth: 6, end_column: 16, end_line: 3, start_line: 3, start_column: 11}, severity: "high", pattern_id: "js-hardcoded-secret-password", pattern_name: "Hardcoded Password", recommendation: "Review this code for potential security issues", confidence: 0.9, pattern_type: :hardcoded_secret}
13:17:25.162 [debug] Match confidence: 0.264, min_confidence: 0.7, match: %{type: "js-hardcoded-secret-api-key", context: %{node_type: "VariableDeclarator", depth: 5, parent_type: "VariableDeclaration", in_function: "complexFunction7"}, location: %{depth: 5, end_column: 15, end_line: 2, start_line: 2, start_column: 6}, severity: "high", pattern_id: "js-hardcoded-secret-api-key", pattern_name: "Hardcoded API Key", recommendation: "Review this code for potential security issues", confidence: 0.9, pattern_type: :hardcoded_secret}
13:17:25.162 [debug] Match confidence: 0.264, min_confidence: 0.7, match: %{type: "js-hardcoded-secret-api-key", context: %{node_type: "VariableDeclarator", depth: 6, parent_type: "VariableDeclaration", in_function: "complexFunction7"}, location: %{depth: 6, end_column: 16, end_line: 3, start_line: 3, start_column: 11}, severity: "high", pattern_id: "js-hardcoded-secret-api-key", pattern_name: "Hardcoded API Key", recommendation: "Review this code for potential security issues", confidence: 0.9, pattern_type: :hardcoded_secret}
13:17:25.162 [debug] Match confidence: 0.19305000000000005, min_confidence: 0.7, match: %{type: "js-open-redirect", context: %{node_type: "CallExpression", depth: 7, parent_type: "ExpressionStatement", in_function: "complexFunction7"}, location: %{depth: 7, end_column: 32, end_line: 4, start_line: 4, start_column: 4}, severity: "medium", pattern_id: "js-open-redirect", pattern_name: "Open Redirect Vulnerability", recommendation: "Review this code for potential security issues", confidence: 0.7, pattern_type: :open_redirect}
13:17:25.162 [debug] Match confidence: 0.19305000000000005, min_confidence: 0.7, match: %{type: "js-open-redirect", context: %{node_type: "CallExpression", depth: 9, parent_type: "BinaryExpression", in_function: "complexFunction7"}, location: %{depth: 9, end_column: 27, end_line: 4, start_line: 4, start_column: 14}, severity: "medium", pattern_id: "js-open-redirect", pattern_name: "Open Redirect Vulnerability", recommendation: "Review this code for potential security issues", confidence: 0.7, pattern_type: :open_redirect}
13:17:25.162 [debug] Match confidence: 0.19305000000000005, min_confidence: 0.7, match: %{type: "js-open-redirect", context: %{node_type: "CallExpression", depth: 5, parent_type: "ReturnStatement", in_function: "complexFunction7"}, location: %{depth: 5, end_column: 40, end_line: 6, start_line: 6, start_column: 9}, severity: "medium", pattern_id: "js-open-redirect", pattern_name: "Open Redirect Vulnerability", recommendation: "Review this code for potential security issues", confidence: 0.7, pattern_type: :open_redirect}
13:17:25.162 [debug] Match confidence: 0.21450000000000002, min_confidence: 0.7, match: %{type: "js-insecure-random", context: %{node_type: "CallExpression", depth: 7, parent_type: "ExpressionStatement", in_function: "complexFunction7"}, location: %{depth: 7, end_column: 32, end_line: 4, start_line: 4, start_column: 4}, severity: "medium", pattern_id: "js-insecure-random", pattern_name: "Insecure Random Number Generation", recommendation: "Review this code for potential security issues", confidence: 0.7, pattern_type: :insecure_random}
13:17:25.162 [debug] Match confidence: 0.21450000000000002, min_confidence: 0.7, match: %{type: "js-insecure-random", context: %{node_type: "CallExpression", depth: 9, parent_type: "BinaryExpression", in_function: "complexFunction7"}, location: %{depth: 9, end_column: 27, end_line: 4, start_line: 4, start_column: 14}, severity: "medium", pattern_id: "js-insecure-random", pattern_name: "Insecure Random Number Generation", recommendation: "Review this code for potential security issues", confidence: 0.7, pattern_type: :insecure_random}
13:17:25.162 [debug] Match confidence: 0.21450000000000002, min_confidence: 0.7, match: %{type: "js-insecure-random", context: %{node_type: "CallExpression", depth: 5, parent_type: "ReturnStatement", in_function: "complexFunction7"}, location: %{depth: 5, end_column: 40, end_line: 6, start_line: 6, start_column: 9}, severity: "medium", pattern_id: "js-insecure-random", pattern_name: "Insecure Random Number Generation", recommendation: "Review this code for potential security issues", confidence: 0.7, pattern_type: :insecure_random}
13:17:25.162 [debug] Match confidence: 0.14088749999999997, min_confidence: 0.7, match: %{type: "js-nosql-injection", context: %{node_type: "CallExpression", depth: 7, parent_type: "ExpressionStatement", in_function: "complexFunction7"}, location: %{depth: 7, end_column: 32, end_line: 4, start_line: 4, start_column: 4}, severity: "high", pattern_id: "js-nosql-injection", pattern_name: "NoSQL Injection", recommendation: "Review this code for potential security issues", confidence: 0.85, pattern_type: :nosql_injection}
13:17:25.162 [debug] Match confidence: 0.14088749999999997, min_confidence: 0.7, match: %{type: "js-nosql-injection", context: %{node_type: "CallExpression", depth: 9, parent_type: "BinaryExpression", in_function: "complexFunction7"}, location: %{depth: 9, end_column: 27, end_line: 4, start_line: 4, start_column: 14}, severity: "high", pattern_id: "js-nosql-injection", pattern_name: "NoSQL Injection", recommendation: "Review this code for potential security issues", confidence: 0.85, pattern_type: :nosql_injection}
13:17:25.162 [debug] Match confidence: 0.14088749999999997, min_confidence: 0.7, match: %{type: "js-nosql-injection", context: %{node_type: "CallExpression", depth: 5, parent_type: "ReturnStatement", in_function: "complexFunction7"}, location: %{depth: 5, end_column: 40, end_line: 6, start_line: 6, start_column: 9}, severity: "high", pattern_id: "js-nosql-injection", pattern_name: "NoSQL Injection", recommendation: "Review this code for potential security issues", confidence: 0.85, pattern_type: :nosql_injection}
13:17:25.162 [debug] Match confidence: 0.149175, min_confidence: 0.7, match: %{type: "js-ldap-injection", context: %{node_type: "CallExpression", depth: 7, parent_type: "ExpressionStatement", in_function: "complexFunction7"}, location: %{depth: 7, end_column: 32, end_line: 4, start_line: 4, start_column: 4}, severity: "high", pattern_id: "js-ldap-injection", pattern_name: "LDAP Injection", recommendation: "Review this code for potential security issues", confidence: 0.85, pattern_type: :ldap_injection}
13:17:25.163 [debug] Match confidence: 0.149175, min_confidence: 0.7, match: %{type: "js-ldap-injection", context: %{node_type: "CallExpression", depth: 9, parent_type: "BinaryExpression", in_function: "complexFunction7"}, location: %{depth: 9, end_column: 27, end_line: 4, start_line: 4, start_column: 14}, severity: "high", pattern_id: "js-ldap-injection", pattern_name: "LDAP Injection", recommendation: "Review this code for potential security issues", confidence: 0.85, pattern_type: :ldap_injection}
13:17:25.163 [debug] Match confidence: 0.149175, min_confidence: 0.7, match: %{type: "js-ldap-injection", context: %{node_type: "CallExpression", depth: 5, parent_type: "ReturnStatement", in_function: "complexFunction7"}, location: %{depth: 5, end_column: 40, end_line: 6, start_line: 6, start_column: 9}, severity: "high", pattern_id: "js-ldap-injection", pattern_name: "LDAP Injection", recommendation: "Review this code for potential security issues", confidence: 0.85, pattern_type: :ldap_injection}
13:17:25.163 [debug] Match confidence: 0.149175, min_confidence: 0.7, match: %{type: "js-xpath-injection", context: %{node_type: "CallExpression", depth: 7, parent_type: "ExpressionStatement", in_function: "complexFunction7"}, location: %{depth: 7, end_column: 32, end_line: 4, start_line: 4, start_column: 4}, severity: "high", pattern_id: "js-xpath-injection", pattern_name: "XPath Injection", recommendation: "Review this code for potential security issues", confidence: 0.85, pattern_type: :xpath_injection}
13:17:25.163 [debug] Match confidence: 0.149175, min_confidence: 0.7, match: %{type: "js-xpath-injection", context: %{node_type: "CallExpression", depth: 9, parent_type: "BinaryExpression", in_function: "complexFunction7"}, location: %{depth: 9, end_column: 27, end_line: 4, start_line: 4, start_column: 14}, severity: "high", pattern_id: "js-xpath-injection", pattern_name: "XPath Injection", recommendation: "Review this code for potential security issues", confidence: 0.85, pattern_type: :xpath_injection}
13:17:25.163 [debug] Match confidence: 0.149175, min_confidence: 0.7, match: %{type: "js-xpath-injection", context: %{node_type: "CallExpression", depth: 5, parent_type: "ReturnStatement", in_function: "complexFunction7"}, location: %{depth: 5, end_column: 40, end_line: 6, start_line: 6, start_column: 9}, severity: "high", pattern_id: "js-xpath-injection", pattern_name: "XPath Injection", recommendation: "Review this code for potential security issues", confidence: 0.85, pattern_type: :xpath_injection}
13:17:25.163 [debug] Match confidence: 0.19305000000000005, min_confidence: 0.7, match: %{type: "js-ssrf", context: %{node_type: "CallExpression", depth: 7, parent_type: "ExpressionStatement", in_function: "complexFunction7"}, location: %{depth: 7, end_column: 32, end_line: 4, start_line: 4, start_column: 4}, severity: "medium", pattern_id: "js-ssrf", pattern_name: "Server-Side Request Forgery (SSRF)", recommendation: "Review this code for potential security issues", confidence: 0.7, pattern_type: :ssrf}
13:17:25.163 [debug] Match confidence: 0.19305000000000005, min_confidence: 0.7, match: %{type: "js-ssrf", context: %{node_type: "CallExpression", depth: 9, parent_type: "BinaryExpression", in_function: "complexFunction7"}, location: %{depth: 9, end_column: 27, end_line: 4, start_line: 4, start_column: 14}, severity: "medium", pattern_id: "js-ssrf", pattern_name: "Server-Side Request Forgery (SSRF)", recommendation: "Review this code for potential security issues", confidence: 0.7, pattern_type: :ssrf}
13:17:25.163 [debug] Match confidence: 0.19305000000000005, min_confidence: 0.7, match: %{type: "js-ssrf", context: %{node_type: "CallExpression", depth: 5, parent_type: "ReturnStatement", in_function: "complexFunction7"}, location: %{depth: 5, end_column: 40, end_line: 6, start_line: 6, start_column: 9}, severity: "medium", pattern_id: "js-ssrf", pattern_name: "Server-Side Request Forgery (SSRF)", recommendation: "Review this code for potential security issues", confidence: 0.7, pattern_type: :ssrf}
13:17:25.163 [debug] Match confidence: 0.19305000000000005, min_confidence: 0.7, match: %{type: "js-insecure-deserialization", context: %{node_type: "CallExpression", depth: 7, parent_type: "ExpressionStatement", in_function: "complexFunction7"}, location: %{depth: 7, end_column: 32, end_line: 4, start_line: 4, start_column: 4}, severity: "medium", pattern_id: "js-insecure-deserialization", pattern_name: "Insecure Deserialization", recommendation: "Review this code for potential security issues", confidence: 0.7, pattern_type: :deserialization}
13:17:25.163 [debug] Match confidence: 0.19305000000000005, min_confidence: 0.7, match: %{type: "js-insecure-deserialization", context: %{node_type: "CallExpression", depth: 9, parent_type: "BinaryExpression", in_function: "complexFunction7"}, location: %{depth: 9, end_column: 27, end_line: 4, start_line: 4, start_column: 14}, severity: "medium", pattern_id: "js-insecure-deserialization", pattern_name: "Insecure Deserialization", recommendation: "Review this code for potential security issues", confidence: 0.7, pattern_type: :deserialization}
13:17:25.163 [debug] Match confidence: 0.19305000000000005, min_confidence: 0.7, match: %{type: "js-insecure-deserialization", context: %{node_type: "CallExpression", depth: 5, parent_type: "ReturnStatement", in_function: "complexFunction7"}, location: %{depth: 5, end_column: 40, end_line: 6, start_line: 6, start_column: 9}, severity: "medium", pattern_id: "js-insecure-deserialization", pattern_name: "Insecure Deserialization", recommendation: "Review this code for potential security issues", confidence: 0.7, pattern_type: :deserialization}
13:17:25.163 [debug] Match confidence: 0.19305000000000005, min_confidence: 0.7, match: %{type: "js-jwt-none-algorithm", context: %{node_type: "CallExpression", depth: 7, parent_type: "ExpressionStatement", in_function: "complexFunction7"}, location: %{depth: 7, end_column: 32, end_line: 4, start_line: 4, start_column: 4}, severity: "medium", pattern_id: "js-jwt-none-algorithm", pattern_name: "JWT None Algorithm Vulnerability", recommendation: "Review this code for potential security issues", confidence: 0.7, pattern_type: :authentication}
13:17:25.163 [debug] Match confidence: 0.19305000000000005, min_confidence: 0.7, match: %{type: "js-jwt-none-algorithm", context: %{node_type: "CallExpression", depth: 9, parent_type: "BinaryExpression", in_function: "complexFunction7"}, location: %{depth: 9, end_column: 27, end_line: 4, start_line: 4, start_column: 14}, severity: "medium", pattern_id: "js-jwt-none-algorithm", pattern_name: "JWT None Algorithm Vulnerability", recommendation: "Review this code for potential security issues", confidence: 0.7, pattern_type: :authentication}
13:17:25.163 [debug] Match confidence: 0.19305000000000005, min_confidence: 0.7, match: %{type: "js-jwt-none-algorithm", context: %{node_type: "CallExpression", depth: 5, parent_type: "ReturnStatement", in_function: "complexFunction7"}, location: %{depth: 5, end_column: 40, end_line: 6, start_line: 6, start_column: 9}, severity: "medium", pattern_id: "js-jwt-none-algorithm", pattern_name: "JWT None Algorithm Vulnerability", recommendation: "Review this code for potential security issues", confidence: 0.7, pattern_type: :authentication}
13:17:25.163 [debug] Match confidence: 0.19305000000000005, min_confidence: 0.7, match: %{type: "js-debug-console-log", context: %{node_type: "CallExpression", depth: 7, parent_type: "ExpressionStatement", in_function: "complexFunction7"}, location: %{depth: 7, end_column: 32, end_line: 4, start_line: 4, start_column: 4}, severity: "medium", pattern_id: "js-debug-console-log", pattern_name: "Sensitive Data in Console Logs", recommendation: "Review this code for potential security issues", confidence: 0.7, pattern_type: :information_disclosure}
13:17:25.163 [debug] Match confidence: 0.19305000000000005, min_confidence: 0.7, match: %{type: "js-debug-console-log", context: %{node_type: "CallExpression", depth: 9, parent_type: "BinaryExpression", in_function: "complexFunction7"}, location: %{depth: 9, end_column: 27, end_line: 4, start_line: 4, start_column: 14}, severity: "medium", pattern_id: "js-debug-console-log", pattern_name: "Sensitive Data in Console Logs", recommendation: "Review this code for potential security issues", confidence: 0.7, pattern_type: :information_disclosure}
13:17:25.163 [debug] Match confidence: 0.19305000000000005, min_confidence: 0.7, match: %{type: "js-debug-console-log", context: %{node_type: "CallExpression", depth: 5, parent_type: "ReturnStatement", in_function: "complexFunction7"}, location: %{depth: 5, end_column: 40, end_line: 6, start_line: 6, start_column: 9}, severity: "medium", pattern_id: "js-debug-console-log", pattern_name: "Sensitive Data in Console Logs", recommendation: "Review this code for potential security issues", confidence: 0.7, pattern_type: :information_disclosure}
13:17:25.242 [debug] Parser response received
13:17:25.242 [info] AnalysisService: Loaded 30 patterns for javascript
13:17:25.246 [info] AnalysisService: Found 47 matches
13:17:25.246 [debug] Match confidence: 0.187425, min_confidence: 0.7, match: %{type: "js-xss-document-write", context: %{node_type: "CallExpression", depth: 7, parent_type: "ExpressionStatement", in_function: "complexFunction8"}, location: %{depth: 7, end_column: 32, end_line: 4, start_line: 4, start_column: 4}, severity: "high", pattern_id: "js-xss-document-write", pattern_name: "Cross-Site Scripting (XSS) via document.write", recommendation: "Review this code for potential security issues", confidence: 0.85, pattern_type: :xss}
13:17:25.246 [debug] Match confidence: 0.187425, min_confidence: 0.7, match: %{type: "js-xss-document-write", context: %{node_type: "CallExpression", depth: 9, parent_type: "BinaryExpression", in_function: "complexFunction8"}, location: %{depth: 9, end_column: 27, end_line: 4, start_line: 4, start_column: 14}, severity: "high", pattern_id: "js-xss-document-write", pattern_name: "Cross-Site Scripting (XSS) via document.write", recommendation: "Review this code for potential security issues", confidence: 0.85, pattern_type: :xss}
13:17:25.246 [debug] Match confidence: 0.187425, min_confidence: 0.7, match: %{type: "js-xss-document-write", context: %{node_type: "CallExpression", depth: 5, parent_type: "ReturnStatement", in_function: "complexFunction8"}, location: %{depth: 5, end_column: 40, end_line: 6, start_line: 6, start_column: 9}, severity: "high", pattern_id: "js-xss-document-write", pattern_name: "Cross-Site Scripting (XSS) via document.write", recommendation: "Review this code for potential security issues", confidence: 0.85, pattern_type: :xss}
13:17:25.246 [debug] Match confidence: 0.187425, min_confidence: 0.7, match: %{type: "js-xss-jquery-html", context: %{node_type: "CallExpression", depth: 7, parent_type: "ExpressionStatement", in_function: "complexFunction8"}, location: %{depth: 7, end_column: 32, end_line: 4, start_line: 4, start_column: 4}, severity: "high", pattern_id: "js-xss-jquery-html", pattern_name: "XSS via jQuery html()", recommendation: "Review this code for potential security issues", confidence: 0.85, pattern_type: :xss}
13:17:25.246 [debug] Match confidence: 0.187425, min_confidence: 0.7, match: %{type: "js-xss-jquery-html", context: %{node_type: "CallExpression", depth: 9, parent_type: "BinaryExpression", in_function: "complexFunction8"}, location: %{depth: 9, end_column: 27, end_line: 4, start_line: 4, start_column: 14}, severity: "high", pattern_id: "js-xss-jquery-html", pattern_name: "XSS via jQuery html()", recommendation: "Review this code for potential security issues", confidence: 0.85, pattern_type: :xss}
13:17:25.246 [debug] Match confidence: 0.187425, min_confidence: 0.7, match: %{type: "js-xss-jquery-html", context: %{node_type: "CallExpression", depth: 5, parent_type: "ReturnStatement", in_function: "complexFunction8"}, location: %{depth: 5, end_column: 40, end_line: 6, start_line: 6, start_column: 9}, severity: "high", pattern_id: "js-xss-jquery-html", pattern_name: "XSS via jQuery html()", recommendation: "Review this code for potential security issues", confidence: 0.85, pattern_type: :xss}
13:17:25.246 [debug] Match confidence: 0.19305000000000005, min_confidence: 0.7, match: %{type: "js-path-traversal-join", context: %{node_type: "CallExpression", depth: 7, parent_type: "ExpressionStatement", in_function: "complexFunction8"}, location: %{depth: 7, end_column: 32, end_line: 4, start_line: 4, start_column: 4}, severity: "medium", pattern_id: "js-path-traversal-join", pattern_name: "Path Traversal via path.join", recommendation: "Review this code for potential security issues", confidence: 0.7, pattern_type: :path_traversal}
13:17:25.246 [debug] Match confidence: 0.19305000000000005, min_confidence: 0.7, match: %{type: "js-path-traversal-join", context: %{node_type: "CallExpression", depth: 9, parent_type: "BinaryExpression", in_function: "complexFunction8"}, location: %{depth: 9, end_column: 27, end_line: 4, start_line: 4, start_column: 14}, severity: "medium", pattern_id: "js-path-traversal-join", pattern_name: "Path Traversal via path.join", recommendation: "Review this code for potential security issues", confidence: 0.7, pattern_type: :path_traversal}
13:17:25.246 [debug] Match confidence: 0.19305000000000005, min_confidence: 0.7, match: %{type: "js-path-traversal-join", context: %{node_type: "CallExpression", depth: 5, parent_type: "ReturnStatement", in_function: "complexFunction8"}, location: %{depth: 5, end_column: 40, end_line: 6, start_line: 6, start_column: 9}, severity: "medium", pattern_id: "js-path-traversal-join", pattern_name: "Path Traversal via path.join", recommendation: "Review this code for potential security issues", confidence: 0.7, pattern_type: :path_traversal}
13:17:25.246 [debug] Match confidence: 0.19305000000000005, min_confidence: 0.7, match: %{type: "js-path-traversal-concat", context: %{node_type: "BinaryExpression", depth: 7, parent_type: "ArrowFunctionExpression", in_function: "complexFunction8"}, location: %{depth: 7, end_column: 36, end_line: 6, start_line: 6, start_column: 31}, severity: "medium", pattern_id: "js-path-traversal-concat", pattern_name: "Path Traversal via String Concatenation", recommendation: "Review this code for potential security issues", confidence: 0.7, pattern_type: :path_traversal}
13:17:25.246 [debug] Match confidence: 0.21450000000000002, min_confidence: 0.7, match: %{type: "js-weak-crypto-md5", context: %{node_type: "CallExpression", depth: 7, parent_type: "ExpressionStatement", in_function: "complexFunction8"}, location: %{depth: 7, end_column: 32, end_line: 4, start_line: 4, start_column: 4}, severity: "medium", pattern_id: "js-weak-crypto-md5", pattern_name: "Weak Cryptography - MD5", recommendation: "Review this code for potential security issues", confidence: 0.7, pattern_type: :weak_crypto}
13:17:25.246 [debug] Match confidence: 0.21450000000000002, min_confidence: 0.7, match: %{type: "js-weak-crypto-md5", context: %{node_type: "CallExpression", depth: 9, parent_type: "BinaryExpression", in_function: "complexFunction8"}, location: %{depth: 9, end_column: 27, end_line: 4, start_line: 4, start_column: 14}, severity: "medium", pattern_id: "js-weak-crypto-md5", pattern_name: "Weak Cryptography - MD5", recommendation: "Review this code for potential security issues", confidence: 0.7, pattern_type: :weak_crypto}
13:17:25.246 [debug] Match confidence: 0.21450000000000002, min_confidence: 0.7, match: %{type: "js-weak-crypto-md5", context: %{node_type: "CallExpression", depth: 5, parent_type: "ReturnStatement", in_function: "complexFunction8"}, location: %{depth: 5, end_column: 40, end_line: 6, start_line: 6, start_column: 9}, severity: "medium", pattern_id: "js-weak-crypto-md5", pattern_name: "Weak Cryptography - MD5", recommendation: "Review this code for potential security issues", confidence: 0.7, pattern_type: :weak_crypto}
13:17:25.246 [debug] Match confidence: 0.21450000000000002, min_confidence: 0.7, match: %{type: "js-weak-crypto-sha1", context: %{node_type: "CallExpression", depth: 7, parent_type: "ExpressionStatement", in_function: "complexFunction8"}, location: %{depth: 7, end_column: 32, end_line: 4, start_line: 4, start_column: 4}, severity: "medium", pattern_id: "js-weak-crypto-sha1", pattern_name: "Weak Cryptography - SHA1", recommendation: "Review this code for potential security issues", confidence: 0.7, pattern_type: :weak_crypto}
13:17:25.246 [debug] Match confidence: 0.21450000000000002, min_confidence: 0.7, match: %{type: "js-weak-crypto-sha1", context: %{node_type: "CallExpression", depth: 9, parent_type: "BinaryExpression", in_function: "complexFunction8"}, location: %{depth: 9, end_column: 27, end_line: 4, start_line: 4, start_column: 14}, severity: "medium", pattern_id: "js-weak-crypto-sha1", pattern_name: "Weak Cryptography - SHA1", recommendation: "Review this code for potential security issues", confidence: 0.7, pattern_type: :weak_crypto}
13:17:25.246 [debug] Match confidence: 0.21450000000000002, min_confidence: 0.7, match: %{type: "js-weak-crypto-sha1", context: %{node_type: "CallExpression", depth: 5, parent_type: "ReturnStatement", in_function: "complexFunction8"}, location: %{depth: 5, end_column: 40, end_line: 6, start_line: 6, start_column: 9}, severity: "medium", pattern_id: "js-weak-crypto-sha1", pattern_name: "Weak Cryptography - SHA1", recommendation: "Review this code for potential security issues", confidence: 0.7, pattern_type: :weak_crypto}
13:17:25.246 [debug] Match confidence: 0.264, min_confidence: 0.7, match: %{type: "js-hardcoded-secret-password", context: %{node_type: "VariableDeclarator", depth: 5, parent_type: "VariableDeclaration", in_function: "complexFunction8"}, location: %{depth: 5, end_column: 15, end_line: 2, start_line: 2, start_column: 6}, severity: "high", pattern_id: "js-hardcoded-secret-password", pattern_name: "Hardcoded Password", recommendation: "Review this code for potential security issues", confidence: 0.9, pattern_type: :hardcoded_secret}
13:17:25.247 [debug] Match confidence: 0.264, min_confidence: 0.7, match: %{type: "js-hardcoded-secret-password", context: %{node_type: "VariableDeclarator", depth: 6, parent_type: "VariableDeclaration", in_function: "complexFunction8"}, location: %{depth: 6, end_column: 16, end_line: 3, start_line: 3, start_column: 11}, severity: "high", pattern_id: "js-hardcoded-secret-password", pattern_name: "Hardcoded Password", recommendation: "Review this code for potential security issues", confidence: 0.9, pattern_type: :hardcoded_secret}
13:17:25.247 [debug] Match confidence: 0.264, min_confidence: 0.7, match: %{type: "js-hardcoded-secret-api-key", context: %{node_type: "VariableDeclarator", depth: 5, parent_type: "VariableDeclaration", in_function: "complexFunction8"}, location: %{depth: 5, end_column: 15, end_line: 2, start_line: 2, start_column: 6}, severity: "high", pattern_id: "js-hardcoded-secret-api-key", pattern_name: "Hardcoded API Key", recommendation: "Review this code for potential security issues", confidence: 0.9, pattern_type: :hardcoded_secret}
13:17:25.247 [debug] Match confidence: 0.264, min_confidence: 0.7, match: %{type: "js-hardcoded-secret-api-key", context: %{node_type: "VariableDeclarator", depth: 6, parent_type: "VariableDeclaration", in_function: "complexFunction8"}, location: %{depth: 6, end_column: 16, end_line: 3, start_line: 3, start_column: 11}, severity: "high", pattern_id: "js-hardcoded-secret-api-key", pattern_name: "Hardcoded API Key", recommendation: "Review this code for potential security issues", confidence: 0.9, pattern_type: :hardcoded_secret}
13:17:25.247 [debug] Match confidence: 0.19305000000000005, min_confidence: 0.7, match: %{type: "js-open-redirect", context: %{node_type: "CallExpression", depth: 7, parent_type: "ExpressionStatement", in_function: "complexFunction8"}, location: %{depth: 7, end_column: 32, end_line: 4, start_line: 4, start_column: 4}, severity: "medium", pattern_id: "js-open-redirect", pattern_name: "Open Redirect Vulnerability", recommendation: "Review this code for potential security issues", confidence: 0.7, pattern_type: :open_redirect}
13:17:25.247 [debug] Match confidence: 0.19305000000000005, min_confidence: 0.7, match: %{type: "js-open-redirect", context: %{node_type: "CallExpression", depth: 9, parent_type: "BinaryExpression", in_function: "complexFunction8"}, location: %{depth: 9, end_column: 27, end_line: 4, start_line: 4, start_column: 14}, severity: "medium", pattern_id: "js-open-redirect", pattern_name: "Open Redirect Vulnerability", recommendation: "Review this code for potential security issues", confidence: 0.7, pattern_type: :open_redirect}
13:17:25.247 [debug] Match confidence: 0.19305000000000005, min_confidence: 0.7, match: %{type: "js-open-redirect", context: %{node_type: "CallExpression", depth: 5, parent_type: "ReturnStatement", in_function: "complexFunction8"}, location: %{depth: 5, end_column: 40, end_line: 6, start_line: 6, start_column: 9}, severity: "medium", pattern_id: "js-open-redirect", pattern_name: "Open Redirect Vulnerability", recommendation: "Review this code for potential security issues", confidence: 0.7, pattern_type: :open_redirect}
13:17:25.247 [debug] Match confidence: 0.21450000000000002, min_confidence: 0.7, match: %{type: "js-insecure-random", context: %{node_type: "CallExpression", depth: 7, parent_type: "ExpressionStatement", in_function: "complexFunction8"}, location: %{depth: 7, end_column: 32, end_line: 4, start_line: 4, start_column: 4}, severity: "medium", pattern_id: "js-insecure-random", pattern_name: "Insecure Random Number Generation", recommendation: "Review this code for potential security issues", confidence: 0.7, pattern_type: :insecure_random}
13:17:25.247 [debug] Match confidence: 0.21450000000000002, min_confidence: 0.7, match: %{type: "js-insecure-random", context: %{node_type: "CallExpression", depth: 9, parent_type: "BinaryExpression", in_function: "complexFunction8"}, location: %{depth: 9, end_column: 27, end_line: 4, start_line: 4, start_column: 14}, severity: "medium", pattern_id: "js-insecure-random", pattern_name: "Insecure Random Number Generation", recommendation: "Review this code for potential security issues", confidence: 0.7, pattern_type: :insecure_random}
13:17:25.247 [debug] Match confidence: 0.21450000000000002, min_confidence: 0.7, match: %{type: "js-insecure-random", context: %{node_type: "CallExpression", depth: 5, parent_type: "ReturnStatement", in_function: "complexFunction8"}, location: %{depth: 5, end_column: 40, end_line: 6, start_line: 6, start_column: 9}, severity: "medium", pattern_id: "js-insecure-random", pattern_name: "Insecure Random Number Generation", recommendation: "Review this code for potential security issues", confidence: 0.7, pattern_type: :insecure_random}
13:17:25.247 [debug] Match confidence: 0.14088749999999997, min_confidence: 0.7, match: %{type: "js-nosql-injection", context: %{node_type: "CallExpression", depth: 7, parent_type: "ExpressionStatement", in_function: "complexFunction8"}, location: %{depth: 7, end_column: 32, end_line: 4, start_line: 4, start_column: 4}, severity: "high", pattern_id: "js-nosql-injection", pattern_name: "NoSQL Injection", recommendation: "Review this code for potential security issues", confidence: 0.85, pattern_type: :nosql_injection}
13:17:25.247 [debug] Match confidence: 0.14088749999999997, min_confidence: 0.7, match: %{type: "js-nosql-injection", context: %{node_type: "CallExpression", depth: 9, parent_type: "BinaryExpression", in_function: "complexFunction8"}, location: %{depth: 9, end_column: 27, end_line: 4, start_line: 4, start_column: 14}, severity: "high", pattern_id: "js-nosql-injection", pattern_name: "NoSQL Injection", recommendation: "Review this code for potential security issues", confidence: 0.85, pattern_type: :nosql_injection}
13:17:25.247 [debug] Match confidence: 0.14088749999999997, min_confidence: 0.7, match: %{type: "js-nosql-injection", context: %{node_type: "CallExpression", depth: 5, parent_type: "ReturnStatement", in_function: "complexFunction8"}, location: %{depth: 5, end_column: 40, end_line: 6, start_line: 6, start_column: 9}, severity: "high", pattern_id: "js-nosql-injection", pattern_name: "NoSQL Injection", recommendation: "Review this code for potential security issues", confidence: 0.85, pattern_type: :nosql_injection}
13:17:25.247 [debug] Match confidence: 0.149175, min_confidence: 0.7, match: %{type: "js-ldap-injection", context: %{node_type: "CallExpression", depth: 7, parent_type: "ExpressionStatement", in_function: "complexFunction8"}, location: %{depth: 7, end_column: 32, end_line: 4, start_line: 4, start_column: 4}, severity: "high", pattern_id: "js-ldap-injection", pattern_name: "LDAP Injection", recommendation: "Review this code for potential security issues", confidence: 0.85, pattern_type: :ldap_injection}
13:17:25.247 [debug] Match confidence: 0.149175, min_confidence: 0.7, match: %{type: "js-ldap-injection", context: %{node_type: "CallExpression", depth: 9, parent_type: "BinaryExpression", in_function: "complexFunction8"}, location: %{depth: 9, end_column: 27, end_line: 4, start_line: 4, start_column: 14}, severity: "high", pattern_id: "js-ldap-injection", pattern_name: "LDAP Injection", recommendation: "Review this code for potential security issues", confidence: 0.85, pattern_type: :ldap_injection}
13:17:25.247 [debug] Match confidence: 0.149175, min_confidence: 0.7, match: %{type: "js-ldap-injection", context: %{node_type: "CallExpression", depth: 5, parent_type: "ReturnStatement", in_function: "complexFunction8"}, location: %{depth: 5, end_column: 40, end_line: 6, start_line: 6, start_column: 9}, severity: "high", pattern_id: "js-ldap-injection", pattern_name: "LDAP Injection", recommendation: "Review this code for potential security issues", confidence: 0.85, pattern_type: :ldap_injection}
13:17:25.247 [debug] Match confidence: 0.149175, min_confidence: 0.7, match: %{type: "js-xpath-injection", context: %{node_type: "CallExpression", depth: 7, parent_type: "ExpressionStatement", in_function: "complexFunction8"}, location: %{depth: 7, end_column: 32, end_line: 4, start_line: 4, start_column: 4}, severity: "high", pattern_id: "js-xpath-injection", pattern_name: "XPath Injection", recommendation: "Review this code for potential security issues", confidence: 0.85, pattern_type: :xpath_injection}
13:17:25.247 [debug] Match confidence: 0.149175, min_confidence: 0.7, match: %{type: "js-xpath-injection", context: %{node_type: "CallExpression", depth: 9, parent_type: "BinaryExpression", in_function: "complexFunction8"}, location: %{depth: 9, end_column: 27, end_line: 4, start_line: 4, start_column: 14}, severity: "high", pattern_id: "js-xpath-injection", pattern_name: "XPath Injection", recommendation: "Review this code for potential security issues", confidence: 0.85, pattern_type: :xpath_injection}
13:17:25.247 [debug] Match confidence: 0.149175, min_confidence: 0.7, match: %{type: "js-xpath-injection", context: %{node_type: "CallExpression", depth: 5, parent_type: "ReturnStatement", in_function: "complexFunction8"}, location: %{depth: 5, end_column: 40, end_line: 6, start_line: 6, start_column: 9}, severity: "high", pattern_id: "js-xpath-injection", pattern_name: "XPath Injection", recommendation: "Review this code for potential security issues", confidence: 0.85, pattern_type: :xpath_injection}
13:17:25.247 [debug] Match confidence: 0.19305000000000005, min_confidence: 0.7, match: %{type: "js-ssrf", context: %{node_type: "CallExpression", depth: 7, parent_type: "ExpressionStatement", in_function: "complexFunction8"}, location: %{depth: 7, end_column: 32, end_line: 4, start_line: 4, start_column: 4}, severity: "medium", pattern_id: "js-ssrf", pattern_name: "Server-Side Request Forgery (SSRF)", recommendation: "Review this code for potential security issues", confidence: 0.7, pattern_type: :ssrf}
13:17:25.247 [debug] Match confidence: 0.19305000000000005, min_confidence: 0.7, match: %{type: "js-ssrf", context: %{node_type: "CallExpression", depth: 9, parent_type: "BinaryExpression", in_function: "complexFunction8"}, location: %{depth: 9, end_column: 27, end_line: 4, start_line: 4, start_column: 14}, severity: "medium", pattern_id: "js-ssrf", pattern_name: "Server-Side Request Forgery (SSRF)", recommendation: "Review this code for potential security issues", confidence: 0.7, pattern_type: :ssrf}
13:17:25.247 [debug] Match confidence: 0.19305000000000005, min_confidence: 0.7, match: %{type: "js-ssrf", context: %{node_type: "CallExpression", depth: 5, parent_type: "ReturnStatement", in_function: "complexFunction8"}, location: %{depth: 5, end_column: 40, end_line: 6, start_line: 6, start_column: 9}, severity: "medium", pattern_id: "js-ssrf", pattern_name: "Server-Side Request Forgery (SSRF)", recommendation: "Review this code for potential security issues", confidence: 0.7, pattern_type: :ssrf}
13:17:25.248 [debug] Match confidence: 0.19305000000000005, min_confidence: 0.7, match: %{type: "js-insecure-deserialization", context: %{node_type: "CallExpression", depth: 7, parent_type: "ExpressionStatement", in_function: "complexFunction8"}, location: %{depth: 7, end_column: 32, end_line: 4, start_line: 4, start_column: 4}, severity: "medium", pattern_id: "js-insecure-deserialization", pattern_name: "Insecure Deserialization", recommendation: "Review this code for potential security issues", confidence: 0.7, pattern_type: :deserialization}
13:17:25.248 [debug] Match confidence: 0.19305000000000005, min_confidence: 0.7, match: %{type: "js-insecure-deserialization", context: %{node_type: "CallExpression", depth: 9, parent_type: "BinaryExpression", in_function: "complexFunction8"}, location: %{depth: 9, end_column: 27, end_line: 4, start_line: 4, start_column: 14}, severity: "medium", pattern_id: "js-insecure-deserialization", pattern_name: "Insecure Deserialization", recommendation: "Review this code for potential security issues", confidence: 0.7, pattern_type: :deserialization}
13:17:25.248 [debug] Match confidence: 0.19305000000000005, min_confidence: 0.7, match: %{type: "js-insecure-deserialization", context: %{node_type: "CallExpression", depth: 5, parent_type: "ReturnStatement", in_function: "complexFunction8"}, location: %{depth: 5, end_column: 40, end_line: 6, start_line: 6, start_column: 9}, severity: "medium", pattern_id: "js-insecure-deserialization", pattern_name: "Insecure Deserialization", recommendation: "Review this code for potential security issues", confidence: 0.7, pattern_type: :deserialization}
13:17:25.248 [debug] Match confidence: 0.19305000000000005, min_confidence: 0.7, match: %{type: "js-jwt-none-algorithm", context: %{node_type: "CallExpression", depth: 7, parent_type: "ExpressionStatement", in_function: "complexFunction8"}, location: %{depth: 7, end_column: 32, end_line: 4, start_line: 4, start_column: 4}, severity: "medium", pattern_id: "js-jwt-none-algorithm", pattern_name: "JWT None Algorithm Vulnerability", recommendation: "Review this code for potential security issues", confidence: 0.7, pattern_type: :authentication}
13:17:25.248 [debug] Match confidence: 0.19305000000000005, min_confidence: 0.7, match: %{type: "js-jwt-none-algorithm", context: %{node_type: "CallExpression", depth: 9, parent_type: "BinaryExpression", in_function: "complexFunction8"}, location: %{depth: 9, end_column: 27, end_line: 4, start_line: 4, start_column: 14}, severity: "medium", pattern_id: "js-jwt-none-algorithm", pattern_name: "JWT None Algorithm Vulnerability", recommendation: "Review this code for potential security issues", confidence: 0.7, pattern_type: :authentication}
13:17:25.248 [debug] Match confidence: 0.19305000000000005, min_confidence: 0.7, match: %{type: "js-jwt-none-algorithm", context: %{node_type: "CallExpression", depth: 5, parent_type: "ReturnStatement", in_function: "complexFunction8"}, location: %{depth: 5, end_column: 40, end_line: 6, start_line: 6, start_column: 9}, severity: "medium", pattern_id: "js-jwt-none-algorithm", pattern_name: "JWT None Algorithm Vulnerability", recommendation: "Review this code for potential security issues", confidence: 0.7, pattern_type: :authentication}
13:17:25.248 [debug] Match confidence: 0.19305000000000005, min_confidence: 0.7, match: %{type: "js-debug-console-log", context: %{node_type: "CallExpression", depth: 7, parent_type: "ExpressionStatement", in_function: "complexFunction8"}, location: %{depth: 7, end_column: 32, end_line: 4, start_line: 4, start_column: 4}, severity: "medium", pattern_id: "js-debug-console-log", pattern_name: "Sensitive Data in Console Logs", recommendation: "Review this code for potential security issues", confidence: 0.7, pattern_type: :information_disclosure}
13:17:25.248 [debug] Match confidence: 0.19305000000000005, min_confidence: 0.7, match: %{type: "js-debug-console-log", context: %{node_type: "CallExpression", depth: 9, parent_type: "BinaryExpression", in_function: "complexFunction8"}, location: %{depth: 9, end_column: 27, end_line: 4, start_line: 4, start_column: 14}, severity: "medium", pattern_id: "js-debug-console-log", pattern_name: "Sensitive Data in Console Logs", recommendation: "Review this code for potential security issues", confidence: 0.7, pattern_type: :information_disclosure}
13:17:25.248 [debug] Match confidence: 0.19305000000000005, min_confidence: 0.7, match: %{type: "js-debug-console-log", context: %{node_type: "CallExpression", depth: 5, parent_type: "ReturnStatement", in_function: "complexFunction8"}, location: %{depth: 5, end_column: 40, end_line: 6, start_line: 6, start_column: 9}, severity: "medium", pattern_id: "js-debug-console-log", pattern_name: "Sensitive Data in Console Logs", recommendation: "Review this code for potential security issues", confidence: 0.7, pattern_type: :information_disclosure}
13:17:25.248 [info] AnalysisService: Loaded 30 patterns for javascript
13:17:25.252 [info] AnalysisService: Found 47 matches
13:17:25.252 [debug] Match confidence: 0.187425, min_confidence: 0.7, match: %{type: "js-xss-document-write", context: %{node_type: "CallExpression", depth: 7, parent_type: "ExpressionStatement", in_function: "complexFunction1"}, location: %{depth: 7, end_column: 32, end_line: 4, start_line: 4, start_column: 4}, severity: "high", pattern_id: "js-xss-document-write", pattern_name: "Cross-Site Scripting (XSS) via document.write", recommendation: "Review this code for potential security issues", confidence: 0.85, pattern_type: :xss}
13:17:25.252 [debug] Match confidence: 0.187425, min_confidence: 0.7, match: %{type: "js-xss-document-write", context: %{node_type: "CallExpression", depth: 9, parent_type: "BinaryExpression", in_function: "complexFunction1"}, location: %{depth: 9, end_column: 27, end_line: 4, start_line: 4, start_column: 14}, severity: "high", pattern_id: "js-xss-document-write", pattern_name: "Cross-Site Scripting (XSS) via document.write", recommendation: "Review this code for potential security issues", confidence: 0.85, pattern_type: :xss}
13:17:25.252 [debug] Match confidence: 0.187425, min_confidence: 0.7, match: %{type: "js-xss-document-write", context: %{node_type: "CallExpression", depth: 5, parent_type: "ReturnStatement", in_function: "complexFunction1"}, location: %{depth: 5, end_column: 40, end_line: 6, start_line: 6, start_column: 9}, severity: "high", pattern_id: "js-xss-document-write", pattern_name: "Cross-Site Scripting (XSS) via document.write", recommendation: "Review this code for potential security issues", confidence: 0.85, pattern_type: :xss}
13:17:25.252 [debug] Match confidence: 0.187425, min_confidence: 0.7, match: %{type: "js-xss-jquery-html", context: %{node_type: "CallExpression", depth: 7, parent_type: "ExpressionStatement", in_function: "complexFunction1"}, location: %{depth: 7, end_column: 32, end_line: 4, start_line: 4, start_column: 4}, severity: "high", pattern_id: "js-xss-jquery-html", pattern_name: "XSS via jQuery html()", recommendation: "Review this code for potential security issues", confidence: 0.85, pattern_type: :xss}
13:17:25.252 [debug] Match confidence: 0.187425, min_confidence: 0.7, match: %{type: "js-xss-jquery-html", context: %{node_type: "CallExpression", depth: 9, parent_type: "BinaryExpression", in_function: "complexFunction1"}, location: %{depth: 9, end_column: 27, end_line: 4, start_line: 4, start_column: 14}, severity: "high", pattern_id: "js-xss-jquery-html", pattern_name: "XSS via jQuery html()", recommendation: "Review this code for potential security issues", confidence: 0.85, pattern_type: :xss}
13:17:25.252 [debug] Match confidence: 0.187425, min_confidence: 0.7, match: %{type: "js-xss-jquery-html", context: %{node_type: "CallExpression", depth: 5, parent_type: "ReturnStatement", in_function: "complexFunction1"}, location: %{depth: 5, end_column: 40, end_line: 6, start_line: 6, start_column: 9}, severity: "high", pattern_id: "js-xss-jquery-html", pattern_name: "XSS via jQuery html()", recommendation: "Review this code for potential security issues", confidence: 0.85, pattern_type: :xss}
13:17:25.252 [debug] Match confidence: 0.19305000000000005, min_confidence: 0.7, match: %{type: "js-path-traversal-join", context: %{node_type: "CallExpression", depth: 7, parent_type: "ExpressionStatement", in_function: "complexFunction1"}, location: %{depth: 7, end_column: 32, end_line: 4, start_line: 4, start_column: 4}, severity: "medium", pattern_id: "js-path-traversal-join", pattern_name: "Path Traversal via path.join", recommendation: "Review this code for potential security issues", confidence: 0.7, pattern_type: :path_traversal}
13:17:25.252 [debug] Match confidence: 0.19305000000000005, min_confidence: 0.7, match: %{type: "js-path-traversal-join", context: %{node_type: "CallExpression", depth: 9, parent_type: "BinaryExpression", in_function: "complexFunction1"}, location: %{depth: 9, end_column: 27, end_line: 4, start_line: 4, start_column: 14}, severity: "medium", pattern_id: "js-path-traversal-join", pattern_name: "Path Traversal via path.join", recommendation: "Review this code for potential security issues", confidence: 0.7, pattern_type: :path_traversal}
13:17:25.252 [debug] Match confidence: 0.19305000000000005, min_confidence: 0.7, match: %{type: "js-path-traversal-join", context: %{node_type: "CallExpression", depth: 5, parent_type: "ReturnStatement", in_function: "complexFunction1"}, location: %{depth: 5, end_column: 40, end_line: 6, start_line: 6, start_column: 9}, severity: "medium", pattern_id: "js-path-traversal-join", pattern_name: "Path Traversal via path.join", recommendation: "Review this code for potential security issues", confidence: 0.7, pattern_type: :path_traversal}
13:17:25.252 [debug] Match confidence: 0.19305000000000005, min_confidence: 0.7, match: %{type: "js-path-traversal-concat", context: %{node_type: "BinaryExpression", depth: 7, parent_type: "ArrowFunctionExpression", in_function: "complexFunction1"}, location: %{depth: 7, end_column: 36, end_line: 6, start_line: 6, start_column: 31}, severity: "medium", pattern_id: "js-path-traversal-concat", pattern_name: "Path Traversal via String Concatenation", recommendation: "Review this code for potential security issues", confidence: 0.7, pattern_type: :path_traversal}
13:17:25.252 [debug] Match confidence: 0.21450000000000002, min_confidence: 0.7, match: %{type: "js-weak-crypto-md5", context: %{node_type: "CallExpression", depth: 7, parent_type: "ExpressionStatement", in_function: "complexFunction1"}, location: %{depth: 7, end_column: 32, end_line: 4, start_line: 4, start_column: 4}, severity: "medium", pattern_id: "js-weak-crypto-md5", pattern_name: "Weak Cryptography - MD5", recommendation: "Review this code for potential security issues", confidence: 0.7, pattern_type: :weak_crypto}
13:17:25.252 [debug] Match confidence: 0.21450000000000002, min_confidence: 0.7, match: %{type: "js-weak-crypto-md5", context: %{node_type: "CallExpression", depth: 9, parent_type: "BinaryExpression", in_function: "complexFunction1"}, location: %{depth: 9, end_column: 27, end_line: 4, start_line: 4, start_column: 14}, severity: "medium", pattern_id: "js-weak-crypto-md5", pattern_name: "Weak Cryptography - MD5", recommendation: "Review this code for potential security issues", confidence: 0.7, pattern_type: :weak_crypto}
13:17:25.252 [debug] Match confidence: 0.21450000000000002, min_confidence: 0.7, match: %{type: "js-weak-crypto-md5", context: %{node_type: "CallExpression", depth: 5, parent_type: "ReturnStatement", in_function: "complexFunction1"}, location: %{depth: 5, end_column: 40, end_line: 6, start_line: 6, start_column: 9}, severity: "medium", pattern_id: "js-weak-crypto-md5", pattern_name: "Weak Cryptography - MD5", recommendation: "Review this code for potential security issues", confidence: 0.7, pattern_type: :weak_crypto}
13:17:25.252 [debug] Match confidence: 0.21450000000000002, min_confidence: 0.7, match: %{type: "js-weak-crypto-sha1", context: %{node_type: "CallExpression", depth: 7, parent_type: "ExpressionStatement", in_function: "complexFunction1"}, location: %{depth: 7, end_column: 32, end_line: 4, start_line: 4, start_column: 4}, severity: "medium", pattern_id: "js-weak-crypto-sha1", pattern_name: "Weak Cryptography - SHA1", recommendation: "Review this code for potential security issues", confidence: 0.7, pattern_type: :weak_crypto}
13:17:25.252 [debug] Match confidence: 0.21450000000000002, min_confidence: 0.7, match: %{type: "js-weak-crypto-sha1", context: %{node_type: "CallExpression", depth: 9, parent_type: "BinaryExpression", in_function: "complexFunction1"}, location: %{depth: 9, end_column: 27, end_line: 4, start_line: 4, start_column: 14}, severity: "medium", pattern_id: "js-weak-crypto-sha1", pattern_name: "Weak Cryptography - SHA1", recommendation: "Review this code for potential security issues", confidence: 0.7, pattern_type: :weak_crypto}
13:17:25.252 [debug] Match confidence: 0.21450000000000002, min_confidence: 0.7, match: %{type: "js-weak-crypto-sha1", context: %{node_type: "CallExpression", depth: 5, parent_type: "ReturnStatement", in_function: "complexFunction1"}, location: %{depth: 5, end_column: 40, end_line: 6, start_line: 6, start_column: 9}, severity: "medium", pattern_id: "js-weak-crypto-sha1", pattern_name: "Weak Cryptography - SHA1", recommendation: "Review this code for potential security issues", confidence: 0.7, pattern_type: :weak_crypto}
13:17:25.252 [debug] Match confidence: 0.264, min_confidence: 0.7, match: %{type: "js-hardcoded-secret-password", context: %{node_type: "VariableDeclarator", depth: 5, parent_type: "VariableDeclaration", in_function: "complexFunction1"}, location: %{depth: 5, end_column: 15, end_line: 2, start_line: 2, start_column: 6}, severity: "high", pattern_id: "js-hardcoded-secret-password", pattern_name: "Hardcoded Password", recommendation: "Review this code for potential security issues", confidence: 0.9, pattern_type: :hardcoded_secret}
13:17:25.252 [debug] Match confidence: 0.264, min_confidence: 0.7, match: %{type: "js-hardcoded-secret-password", context: %{node_type: "VariableDeclarator", depth: 6, parent_type: "VariableDeclaration", in_function: "complexFunction1"}, location: %{depth: 6, end_column: 16, end_line: 3, start_line: 3, start_column: 11}, severity: "high", pattern_id: "js-hardcoded-secret-password", pattern_name: "Hardcoded Password", recommendation: "Review this code for potential security issues", confidence: 0.9, pattern_type: :hardcoded_secret}
13:17:25.252 [debug] Match confidence: 0.264, min_confidence: 0.7, match: %{type: "js-hardcoded-secret-api-key", context: %{node_type: "VariableDeclarator", depth: 5, parent_type: "VariableDeclaration", in_function: "complexFunction1"}, location: %{depth: 5, end_column: 15, end_line: 2, start_line: 2, start_column: 6}, severity: "high", pattern_id: "js-hardcoded-secret-api-key", pattern_name: "Hardcoded API Key", recommendation: "Review this code for potential security issues", confidence: 0.9, pattern_type: :hardcoded_secret}
13:17:25.252 [debug] Match confidence: 0.264, min_confidence: 0.7, match: %{type: "js-hardcoded-secret-api-key", context: %{node_type: "VariableDeclarator", depth: 6, parent_type: "VariableDeclaration", in_function: "complexFunction1"}, location: %{depth: 6, end_column: 16, end_line: 3, start_line: 3, start_column: 11}, severity: "high", pattern_id: "js-hardcoded-secret-api-key", pattern_name: "Hardcoded API Key", recommendation: "Review this code for potential security issues", confidence: 0.9, pattern_type: :hardcoded_secret}
13:17:25.252 [debug] Match confidence: 0.19305000000000005, min_confidence: 0.7, match: %{type: "js-open-redirect", context: %{node_type: "CallExpression", depth: 7, parent_type: "ExpressionStatement", in_function: "complexFunction1"}, location: %{depth: 7, end_column: 32, end_line: 4, start_line: 4, start_column: 4}, severity: "medium", pattern_id: "js-open-redirect", pattern_name: "Open Redirect Vulnerability", recommendation: "Review this code for potential security issues", confidence: 0.7, pattern_type: :open_redirect}
13:17:25.252 [debug] Match confidence: 0.19305000000000005, min_confidence: 0.7, match: %{type: "js-open-redirect", context: %{node_type: "CallExpression", depth: 9, parent_type: "BinaryExpression", in_function: "complexFunction1"}, location: %{depth: 9, end_column: 27, end_line: 4, start_line: 4, start_column: 14}, severity: "medium", pattern_id: "js-open-redirect", pattern_name: "Open Redirect Vulnerability", recommendation: "Review this code for potential security issues", confidence: 0.7, pattern_type: :open_redirect}
13:17:25.252 [debug] Match confidence: 0.19305000000000005, min_confidence: 0.7, match: %{type: "js-open-redirect", context: %{node_type: "CallExpression", depth: 5, parent_type: "ReturnStatement", in_function: "complexFunction1"}, location: %{depth: 5, end_column: 40, end_line: 6, start_line: 6, start_column: 9}, severity: "medium", pattern_id: "js-open-redirect", pattern_name: "Open Redirect Vulnerability", recommendation: "Review this code for potential security issues", confidence: 0.7, pattern_type: :open_redirect}
13:17:25.252 [debug] Match confidence: 0.21450000000000002, min_confidence: 0.7, match: %{type: "js-insecure-random", context: %{node_type: "CallExpression", depth: 7, parent_type: "ExpressionStatement", in_function: "complexFunction1"}, location: %{depth: 7, end_column: 32, end_line: 4, start_line: 4, start_column: 4}, severity: "medium", pattern_id: "js-insecure-random", pattern_name: "Insecure Random Number Generation", recommendation: "Review this code for potential security issues", confidence: 0.7, pattern_type: :insecure_random}
13:17:25.252 [debug] Match confidence: 0.21450000000000002, min_confidence: 0.7, match: %{type: "js-insecure-random", context: %{node_type: "CallExpression", depth: 9, parent_type: "BinaryExpression", in_function: "complexFunction1"}, location: %{depth: 9, end_column: 27, end_line: 4, start_line: 4, start_column: 14}, severity: "medium", pattern_id: "js-insecure-random", pattern_name: "Insecure Random Number Generation", recommendation: "Review this code for potential security issues", confidence: 0.7, pattern_type: :insecure_random}
13:17:25.252 [debug] Match confidence: 0.21450000000000002, min_confidence: 0.7, match: %{type: "js-insecure-random", context: %{node_type: "CallExpression", depth: 5, parent_type: "ReturnStatement", in_function: "complexFunction1"}, location: %{depth: 5, end_column: 40, end_line: 6, start_line: 6, start_column: 9}, severity: "medium", pattern_id: "js-insecure-random", pattern_name: "Insecure Random Number Generation", recommendation: "Review this code for potential security issues", confidence: 0.7, pattern_type: :insecure_random}
13:17:25.252 [debug] Match confidence: 0.14088749999999997, min_confidence: 0.7, match: %{type: "js-nosql-injection", context: %{node_type: "CallExpression", depth: 7, parent_type: "ExpressionStatement", in_function: "complexFunction1"}, location: %{depth: 7, end_column: 32, end_line: 4, start_line: 4, start_column: 4}, severity: "high", pattern_id: "js-nosql-injection", pattern_name: "NoSQL Injection", recommendation: "Review this code for potential security issues", confidence: 0.85, pattern_type: :nosql_injection}
13:17:25.252 [debug] Match confidence: 0.14088749999999997, min_confidence: 0.7, match: %{type: "js-nosql-injection", context: %{node_type: "CallExpression", depth: 9, parent_type: "BinaryExpression", in_function: "complexFunction1"}, location: %{depth: 9, end_column: 27, end_line: 4, start_line: 4, start_column: 14}, severity: "high", pattern_id: "js-nosql-injection", pattern_name: "NoSQL Injection", recommendation: "Review this code for potential security issues", confidence: 0.85, pattern_type: :nosql_injection}
13:17:25.252 [debug] Match confidence: 0.14088749999999997, min_confidence: 0.7, match: %{type: "js-nosql-injection", context: %{node_type: "CallExpression", depth: 5, parent_type: "ReturnStatement", in_function: "complexFunction1"}, location: %{depth: 5, end_column: 40, end_line: 6, start_line: 6, start_column: 9}, severity: "high", pattern_id: "js-nosql-injection", pattern_name: "NoSQL Injection", recommendation: "Review this code for potential security issues", confidence: 0.85, pattern_type: :nosql_injection}
13:17:25.252 [debug] Match confidence: 0.149175, min_confidence: 0.7, match: %{type: "js-ldap-injection", context: %{node_type: "CallExpression", depth: 7, parent_type: "ExpressionStatement", in_function: "complexFunction1"}, location: %{depth: 7, end_column: 32, end_line: 4, start_line: 4, start_column: 4}, severity: "high", pattern_id: "js-ldap-injection", pattern_name: "LDAP Injection", recommendation: "Review this code for potential security issues", confidence: 0.85, pattern_type: :ldap_injection}
13:17:25.252 [debug] Match confidence: 0.149175, min_confidence: 0.7, match: %{type: "js-ldap-injection", context: %{node_type: "CallExpression", depth: 9, parent_type: "BinaryExpression", in_function: "complexFunction1"}, location: %{depth: 9, end_column: 27, end_line: 4, start_line: 4, start_column: 14}, severity: "high", pattern_id: "js-ldap-injection", pattern_name: "LDAP Injection", recommendation: "Review this code for potential security issues", confidence: 0.85, pattern_type: :ldap_injection}
13:17:25.252 [debug] Match confidence: 0.149175, min_confidence: 0.7, match: %{type: "js-ldap-injection", context: %{node_type: "CallExpression", depth: 5, parent_type: "ReturnStatement", in_function: "complexFunction1"}, location: %{depth: 5, end_column: 40, end_line: 6, start_line: 6, start_column: 9}, severity: "high", pattern_id: "js-ldap-injection", pattern_name: "LDAP Injection", recommendation: "Review this code for potential security issues", confidence: 0.85, pattern_type: :ldap_injection}
13:17:25.252 [debug] Match confidence: 0.149175, min_confidence: 0.7, match: %{type: "js-xpath-injection", context: %{node_type: "CallExpression", depth: 7, parent_type: "ExpressionStatement", in_function: "complexFunction1"}, location: %{depth: 7, end_column: 32, end_line: 4, start_line: 4, start_column: 4}, severity: "high", pattern_id: "js-xpath-injection", pattern_name: "XPath Injection", recommendation: "Review this code for potential security issues", confidence: 0.85, pattern_type: :xpath_injection}
13:17:25.252 [debug] Match confidence: 0.149175, min_confidence: 0.7, match: %{type: "js-xpath-injection", context: %{node_type: "CallExpression", depth: 9, parent_type: "BinaryExpression", in_function: "complexFunction1"}, location: %{depth: 9, end_column: 27, end_line: 4, start_line: 4, start_column: 14}, severity: "high", pattern_id: "js-xpath-injection", pattern_name: "XPath Injection", recommendation: "Review this code for potential security issues", confidence: 0.85, pattern_type: :xpath_injection}
13:17:25.253 [debug] Match confidence: 0.149175, min_confidence: 0.7, match: %{type: "js-xpath-injection", context: %{node_type: "CallExpression", depth: 5, parent_type: "ReturnStatement", in_function: "complexFunction1"}, location: %{depth: 5, end_column: 40, end_line: 6, start_line: 6, start_column: 9}, severity: "high", pattern_id: "js-xpath-injection", pattern_name: "XPath Injection", recommendation: "Review this code for potential security issues", confidence: 0.85, pattern_type: :xpath_injection}
13:17:25.253 [debug] Match confidence: 0.19305000000000005, min_confidence: 0.7, match: %{type: "js-ssrf", context: %{node_type: "CallExpression", depth: 7, parent_type: "ExpressionStatement", in_function: "complexFunction1"}, location: %{depth: 7, end_column: 32, end_line: 4, start_line: 4, start_column: 4}, severity: "medium", pattern_id: "js-ssrf", pattern_name: "Server-Side Request Forgery (SSRF)", recommendation: "Review this code for potential security issues", confidence: 0.7, pattern_type: :ssrf}
13:17:25.253 [debug] Match confidence: 0.19305000000000005, min_confidence: 0.7, match: %{type: "js-ssrf", context: %{node_type: "CallExpression", depth: 9, parent_type: "BinaryExpression", in_function: "complexFunction1"}, location: %{depth: 9, end_column: 27, end_line: 4, start_line: 4, start_column: 14}, severity: "medium", pattern_id: "js-ssrf", pattern_name: "Server-Side Request Forgery (SSRF)", recommendation: "Review this code for potential security issues", confidence: 0.7, pattern_type: :ssrf}
13:17:25.253 [debug] Match confidence: 0.19305000000000005, min_confidence: 0.7, match: %{type: "js-ssrf", context: %{node_type: "CallExpression", depth: 5, parent_type: "ReturnStatement", in_function: "complexFunction1"}, location: %{depth: 5, end_column: 40, end_line: 6, start_line: 6, start_column: 9}, severity: "medium", pattern_id: "js-ssrf", pattern_name: "Server-Side Request Forgery (SSRF)", recommendation: "Review this code for potential security issues", confidence: 0.7, pattern_type: :ssrf}
13:17:25.253 [debug] Match confidence: 0.19305000000000005, min_confidence: 0.7, match: %{type: "js-insecure-deserialization", context: %{node_type: "CallExpression", depth: 7, parent_type: "ExpressionStatement", in_function: "complexFunction1"}, location: %{depth: 7, end_column: 32, end_line: 4, start_line: 4, start_column: 4}, severity: "medium", pattern_id: "js-insecure-deserialization", pattern_name: "Insecure Deserialization", recommendation: "Review this code for potential security issues", confidence: 0.7, pattern_type: :deserialization}
13:17:25.253 [debug] Match confidence: 0.19305000000000005, min_confidence: 0.7, match: %{type: "js-insecure-deserialization", context: %{node_type: "CallExpression", depth: 9, parent_type: "BinaryExpression", in_function: "complexFunction1"}, location: %{depth: 9, end_column: 27, end_line: 4, start_line: 4, start_column: 14}, severity: "medium", pattern_id: "js-insecure-deserialization", pattern_name: "Insecure Deserialization", recommendation: "Review this code for potential security issues", confidence: 0.7, pattern_type: :deserialization}
13:17:25.253 [debug] Match confidence: 0.19305000000000005, min_confidence: 0.7, match: %{type: "js-insecure-deserialization", context: %{node_type: "CallExpression", depth: 5, parent_type: "ReturnStatement", in_function: "complexFunction1"}, location: %{depth: 5, end_column: 40, end_line: 6, start_line: 6, start_column: 9}, severity: "medium", pattern_id: "js-insecure-deserialization", pattern_name: "Insecure Deserialization", recommendation: "Review this code for potential security issues", confidence: 0.7, pattern_type: :deserialization}
13:17:25.253 [debug] Match confidence: 0.19305000000000005, min_confidence: 0.7, match: %{type: "js-jwt-none-algorithm", context: %{node_type: "CallExpression", depth: 7, parent_type: "ExpressionStatement", in_function: "complexFunction1"}, location: %{depth: 7, end_column: 32, end_line: 4, start_line: 4, start_column: 4}, severity: "medium", pattern_id: "js-jwt-none-algorithm", pattern_name: "JWT None Algorithm Vulnerability", recommendation: "Review this code for potential security issues", confidence: 0.7, pattern_type: :authentication}
13:17:25.253 [debug] Match confidence: 0.19305000000000005, min_confidence: 0.7, match: %{type: "js-jwt-none-algorithm", context: %{node_type: "CallExpression", depth: 9, parent_type: "BinaryExpression", in_function: "complexFunction1"}, location: %{depth: 9, end_column: 27, end_line: 4, start_line: 4, start_column: 14}, severity: "medium", pattern_id: "js-jwt-none-algorithm", pattern_name: "JWT None Algorithm Vulnerability", recommendation: "Review this code for potential security issues", confidence: 0.7, pattern_type: :authentication}
13:17:25.253 [debug] Match confidence: 0.19305000000000005, min_confidence: 0.7, match: %{type: "js-jwt-none-algorithm", context: %{node_type: "CallExpression", depth: 5, parent_type: "ReturnStatement", in_function: "complexFunction1"}, location: %{depth: 5, end_column: 40, end_line: 6, start_line: 6, start_column: 9}, severity: "medium", pattern_id: "js-jwt-none-algorithm", pattern_name: "JWT None Algorithm Vulnerability", recommendation: "Review this code for potential security issues", confidence: 0.7, pattern_type: :authentication}
13:17:25.253 [debug] Match confidence: 0.19305000000000005, min_confidence: 0.7, match: %{type: "js-debug-console-log", context: %{node_type: "CallExpression", depth: 7, parent_type: "ExpressionStatement", in_function: "complexFunction1"}, location: %{depth: 7, end_column: 32, end_line: 4, start_line: 4, start_column: 4}, severity: "medium", pattern_id: "js-debug-console-log", pattern_name: "Sensitive Data in Console Logs", recommendation: "Review this code for potential security issues", confidence: 0.7, pattern_type: :information_disclosure}
13:17:25.253 [debug] Match confidence: 0.19305000000000005, min_confidence: 0.7, match: %{type: "js-debug-console-log", context: %{node_type: "CallExpression", depth: 9, parent_type: "BinaryExpression", in_function: "complexFunction1"}, location: %{depth: 9, end_column: 27, end_line: 4, start_line: 4, start_column: 14}, severity: "medium", pattern_id: "js-debug-console-log", pattern_name: "Sensitive Data in Console Logs", recommendation: "Review this code for potential security issues", confidence: 0.7, pattern_type: :information_disclosure}
13:17:25.253 [debug] Match confidence: 0.19305000000000005, min_confidence: 0.7, match: %{type: "js-debug-console-log", context: %{node_type: "CallExpression", depth: 5, parent_type: "ReturnStatement", in_function: "complexFunction1"}, location: %{depth: 5, end_column: 40, end_line: 6, start_line: 6, start_column: 9}, severity: "medium", pattern_id: "js-debug-console-log", pattern_name: "Sensitive Data in Console Logs", recommendation: "Review this code for potential security issues", confidence: 0.7, pattern_type: :information_disclosure}
13:17:25.253 [info] AnalysisService: Loaded 30 patterns for javascript
13:17:25.256 [info] AnalysisService: Found 47 matches
13:17:25.257 [debug] Match confidence: 0.187425, min_confidence: 0.7, match: %{type: "js-xss-document-write", context: %{node_type: "CallExpression", depth: 7, parent_type: "ExpressionStatement", in_function: "complexFunction2"}, location: %{depth: 7, end_column: 32, end_line: 4, start_line: 4, start_column: 4}, severity: "high", pattern_id: "js-xss-document-write", pattern_name: "Cross-Site Scripting (XSS) via document.write", recommendation: "Review this code for potential security issues", confidence: 0.85, pattern_type: :xss}
13:17:25.257 [debug] Match confidence: 0.187425, min_confidence: 0.7, match: %{type: "js-xss-document-write", context: %{node_type: "CallExpression", depth: 9, parent_type: "BinaryExpression", in_function: "complexFunction2"}, location: %{depth: 9, end_column: 27, end_line: 4, start_line: 4, start_column: 14}, severity: "high", pattern_id: "js-xss-document-write", pattern_name: "Cross-Site Scripting (XSS) via document.write", recommendation: "Review this code for potential security issues", confidence: 0.85, pattern_type: :xss}
13:17:25.257 [debug] Match confidence: 0.187425, min_confidence: 0.7, match: %{type: "js-xss-document-write", context: %{node_type: "CallExpression", depth: 5, parent_type: "ReturnStatement", in_function: "complexFunction2"}, location: %{depth: 5, end_column: 40, end_line: 6, start_line: 6, start_column: 9}, severity: "high", pattern_id: "js-xss-document-write", pattern_name: "Cross-Site Scripting (XSS) via document.write", recommendation: "Review this code for potential security issues", confidence: 0.85, pattern_type: :xss}
13:17:25.257 [debug] Match confidence: 0.187425, min_confidence: 0.7, match: %{type: "js-xss-jquery-html", context: %{node_type: "CallExpression", depth: 7, parent_type: "ExpressionStatement", in_function: "complexFunction2"}, location: %{depth: 7, end_column: 32, end_line: 4, start_line: 4, start_column: 4}, severity: "high", pattern_id: "js-xss-jquery-html", pattern_name: "XSS via jQuery html()", recommendation: "Review this code for potential security issues", confidence: 0.85, pattern_type: :xss}
13:17:25.257 [debug] Match confidence: 0.187425, min_confidence: 0.7, match: %{type: "js-xss-jquery-html", context: %{node_type: "CallExpression", depth: 9, parent_type: "BinaryExpression", in_function: "complexFunction2"}, location: %{depth: 9, end_column: 27, end_line: 4, start_line: 4, start_column: 14}, severity: "high", pattern_id: "js-xss-jquery-html", pattern_name: "XSS via jQuery html()", recommendation: "Review this code for potential security issues", confidence: 0.85, pattern_type: :xss}
13:17:25.257 [debug] Match confidence: 0.187425, min_confidence: 0.7, match: %{type: "js-xss-jquery-html", context: %{node_type: "CallExpression", depth: 5, parent_type: "ReturnStatement", in_function: "complexFunction2"}, location: %{depth: 5, end_column: 40, end_line: 6, start_line: 6, start_column: 9}, severity: "high", pattern_id: "js-xss-jquery-html", pattern_name: "XSS via jQuery html()", recommendation: "Review this code for potential security issues", confidence: 0.85, pattern_type: :xss}
13:17:25.257 [debug] Match confidence: 0.19305000000000005, min_confidence: 0.7, match: %{type: "js-path-traversal-join", context: %{node_type: "CallExpression", depth: 7, parent_type: "ExpressionStatement", in_function: "complexFunction2"}, location: %{depth: 7, end_column: 32, end_line: 4, start_line: 4, start_column: 4}, severity: "medium", pattern_id: "js-path-traversal-join", pattern_name: "Path Traversal via path.join", recommendation: "Review this code for potential security issues", confidence: 0.7, pattern_type: :path_traversal}
13:17:25.257 [debug] Match confidence: 0.19305000000000005, min_confidence: 0.7, match: %{type: "js-path-traversal-join", context: %{node_type: "CallExpression", depth: 9, parent_type: "BinaryExpression", in_function: "complexFunction2"}, location: %{depth: 9, end_column: 27, end_line: 4, start_line: 4, start_column: 14}, severity: "medium", pattern_id: "js-path-traversal-join", pattern_name: "Path Traversal via path.join", recommendation: "Review this code for potential security issues", confidence: 0.7, pattern_type: :path_traversal}
13:17:25.257 [debug] Match confidence: 0.19305000000000005, min_confidence: 0.7, match: %{type: "js-path-traversal-join", context: %{node_type: "CallExpression", depth: 5, parent_type: "ReturnStatement", in_function: "complexFunction2"}, location: %{depth: 5, end_column: 40, end_line: 6, start_line: 6, start_column: 9}, severity: "medium", pattern_id: "js-path-traversal-join", pattern_name: "Path Traversal via path.join", recommendation: "Review this code for potential security issues", confidence: 0.7, pattern_type: :path_traversal}
13:17:25.257 [debug] Match confidence: 0.19305000000000005, min_confidence: 0.7, match: %{type: "js-path-traversal-concat", context: %{node_type: "BinaryExpression", depth: 7, parent_type: "ArrowFunctionExpression", in_function: "complexFunction2"}, location: %{depth: 7, end_column: 36, end_line: 6, start_line: 6, start_column: 31}, severity: "medium", pattern_id: "js-path-traversal-concat", pattern_name: "Path Traversal via String Concatenation", recommendation: "Review this code for potential security issues", confidence: 0.7, pattern_type: :path_traversal}
13:17:25.257 [debug] Match confidence: 0.21450000000000002, min_confidence: 0.7, match: %{type: "js-weak-crypto-md5", context: %{node_type: "CallExpression", depth: 7, parent_type: "ExpressionStatement", in_function: "complexFunction2"}, location: %{depth: 7, end_column: 32, end_line: 4, start_line: 4, start_column: 4}, severity: "medium", pattern_id: "js-weak-crypto-md5", pattern_name: "Weak Cryptography - MD5", recommendation: "Review this code for potential security issues", confidence: 0.7, pattern_type: :weak_crypto}
13:17:25.257 [debug] Match confidence: 0.21450000000000002, min_confidence: 0.7, match: %{type: "js-weak-crypto-md5", context: %{node_type: "CallExpression", depth: 9, parent_type: "BinaryExpression", in_function: "complexFunction2"}, location: %{depth: 9, end_column: 27, end_line: 4, start_line: 4, start_column: 14}, severity: "medium", pattern_id: "js-weak-crypto-md5", pattern_name: "Weak Cryptography - MD5", recommendation: "Review this code for potential security issues", confidence: 0.7, pattern_type: :weak_crypto}
13:17:25.257 [debug] Match confidence: 0.21450000000000002, min_confidence: 0.7, match: %{type: "js-weak-crypto-md5", context: %{node_type: "CallExpression", depth: 5, parent_type: "ReturnStatement", in_function: "complexFunction2"}, location: %{depth: 5, end_column: 40, end_line: 6, start_line: 6, start_column: 9}, severity: "medium", pattern_id: "js-weak-crypto-md5", pattern_name: "Weak Cryptography - MD5", recommendation: "Review this code for potential security issues", confidence: 0.7, pattern_type: :weak_crypto}
13:17:25.257 [debug] Match confidence: 0.21450000000000002, min_confidence: 0.7, match: %{type: "js-weak-crypto-sha1", context: %{node_type: "CallExpression", depth: 7, parent_type: "ExpressionStatement", in_function: "complexFunction2"}, location: %{depth: 7, end_column: 32, end_line: 4, start_line: 4, start_column: 4}, severity: "medium", pattern_id: "js-weak-crypto-sha1", pattern_name: "Weak Cryptography - SHA1", recommendation: "Review this code for potential security issues", confidence: 0.7, pattern_type: :weak_crypto}
13:17:25.257 [debug] Match confidence: 0.21450000000000002, min_confidence: 0.7, match: %{type: "js-weak-crypto-sha1", context: %{node_type: "CallExpression", depth: 9, parent_type: "BinaryExpression", in_function: "complexFunction2"}, location: %{depth: 9, end_column: 27, end_line: 4, start_line: 4, start_column: 14}, severity: "medium", pattern_id: "js-weak-crypto-sha1", pattern_name: "Weak Cryptography - SHA1", recommendation: "Review this code for potential security issues", confidence: 0.7, pattern_type: :weak_crypto}
13:17:25.257 [debug] Match confidence: 0.21450000000000002, min_confidence: 0.7, match: %{type: "js-weak-crypto-sha1", context: %{node_type: "CallExpression", depth: 5, parent_type: "ReturnStatement", in_function: "complexFunction2"}, location: %{depth: 5, end_column: 40, end_line: 6, start_line: 6, start_column: 9}, severity: "medium", pattern_id: "js-weak-crypto-sha1", pattern_name: "Weak Cryptography - SHA1", recommendation: "Review this code for potential security issues", confidence: 0.7, pattern_type: :weak_crypto}
13:17:25.257 [debug] Match confidence: 0.264, min_confidence: 0.7, match: %{type: "js-hardcoded-secret-password", context: %{node_type: "VariableDeclarator", depth: 5, parent_type: "VariableDeclaration", in_function: "complexFunction2"}, location: %{depth: 5, end_column: 15, end_line: 2, start_line: 2, start_column: 6}, severity: "high", pattern_id: "js-hardcoded-secret-password", pattern_name: "Hardcoded Password", recommendation: "Review this code for potential security issues", confidence: 0.9, pattern_type: :hardcoded_secret}
13:17:25.257 [debug] Match confidence: 0.264, min_confidence: 0.7, match: %{type: "js-hardcoded-secret-password", context: %{node_type: "VariableDeclarator", depth: 6, parent_type: "VariableDeclaration", in_function: "complexFunction2"}, location: %{depth: 6, end_column: 16, end_line: 3, start_line: 3, start_column: 11}, severity: "high", pattern_id: "js-hardcoded-secret-password", pattern_name: "Hardcoded Password", recommendation: "Review this code for potential security issues", confidence: 0.9, pattern_type: :hardcoded_secret}
13:17:25.257 [debug] Match confidence: 0.264, min_confidence: 0.7, match: %{type: "js-hardcoded-secret-api-key", context: %{node_type: "VariableDeclarator", depth: 5, parent_type: "VariableDeclaration", in_function: "complexFunction2"}, location: %{depth: 5, end_column: 15, end_line: 2, start_line: 2, start_column: 6}, severity: "high", pattern_id: "js-hardcoded-secret-api-key", pattern_name: "Hardcoded API Key", recommendation: "Review this code for potential security issues", confidence: 0.9, pattern_type: :hardcoded_secret}
13:17:25.257 [debug] Match confidence: 0.264, min_confidence: 0.7, match: %{type: "js-hardcoded-secret-api-key", context: %{node_type: "VariableDeclarator", depth: 6, parent_type: "VariableDeclaration", in_function: "complexFunction2"}, location: %{depth: 6, end_column: 16, end_line: 3, start_line: 3, start_column: 11}, severity: "high", pattern_id: "js-hardcoded-secret-api-key", pattern_name: "Hardcoded API Key", recommendation: "Review this code for potential security issues", confidence: 0.9, pattern_type: :hardcoded_secret}
13:17:25.257 [debug] Match confidence: 0.19305000000000005, min_confidence: 0.7, match: %{type: "js-open-redirect", context: %{node_type: "CallExpression", depth: 7, parent_type: "ExpressionStatement", in_function: "complexFunction2"}, location: %{depth: 7, end_column: 32, end_line: 4, start_line: 4, start_column: 4}, severity: "medium", pattern_id: "js-open-redirect", pattern_name: "Open Redirect Vulnerability", recommendation: "Review this code for potential security issues", confidence: 0.7, pattern_type: :open_redirect}
13:17:25.257 [debug] Match confidence: 0.19305000000000005, min_confidence: 0.7, match: %{type: "js-open-redirect", context: %{node_type: "CallExpression", depth: 9, parent_type: "BinaryExpression", in_function: "complexFunction2"}, location: %{depth: 9, end_column: 27, end_line: 4, start_line: 4, start_column: 14}, severity: "medium", pattern_id: "js-open-redirect", pattern_name: "Open Redirect Vulnerability", recommendation: "Review this code for potential security issues", confidence: 0.7, pattern_type: :open_redirect}
13:17:25.257 [debug] Match confidence: 0.19305000000000005, min_confidence: 0.7, match: %{type: "js-open-redirect", context: %{node_type: "CallExpression", depth: 5, parent_type: "ReturnStatement", in_function: "complexFunction2"}, location: %{depth: 5, end_column: 40, end_line: 6, start_line: 6, start_column: 9}, severity: "medium", pattern_id: "js-open-redirect", pattern_name: "Open Redirect Vulnerability", recommendation: "Review this code for potential security issues", confidence: 0.7, pattern_type: :open_redirect}
13:17:25.257 [debug] Match confidence: 0.21450000000000002, min_confidence: 0.7, match: %{type: "js-insecure-random", context: %{node_type: "CallExpression", depth: 7, parent_type: "ExpressionStatement", in_function: "complexFunction2"}, location: %{depth: 7, end_column: 32, end_line: 4, start_line: 4, start_column: 4}, severity: "medium", pattern_id: "js-insecure-random", pattern_name: "Insecure Random Number Generation", recommendation: "Review this code for potential security issues", confidence: 0.7, pattern_type: :insecure_random}
13:17:25.257 [debug] Match confidence: 0.21450000000000002, min_confidence: 0.7, match: %{type: "js-insecure-random", context: %{node_type: "CallExpression", depth: 9, parent_type: "BinaryExpression", in_function: "complexFunction2"}, location: %{depth: 9, end_column: 27, end_line: 4, start_line: 4, start_column: 14}, severity: "medium", pattern_id: "js-insecure-random", pattern_name: "Insecure Random Number Generation", recommendation: "Review this code for potential security issues", confidence: 0.7, pattern_type: :insecure_random}
13:17:25.257 [debug] Match confidence: 0.21450000000000002, min_confidence: 0.7, match: %{type: "js-insecure-random", context: %{node_type: "CallExpression", depth: 5, parent_type: "ReturnStatement", in_function: "complexFunction2"}, location: %{depth: 5, end_column: 40, end_line: 6, start_line: 6, start_column: 9}, severity: "medium", pattern_id: "js-insecure-random", pattern_name: "Insecure Random Number Generation", recommendation: "Review this code for potential security issues", confidence: 0.7, pattern_type: :insecure_random}
13:17:25.257 [debug] Match confidence: 0.14088749999999997, min_confidence: 0.7, match: %{type: "js-nosql-injection", context: %{node_type: "CallExpression", depth: 7, parent_type: "ExpressionStatement", in_function: "complexFunction2"}, location: %{depth: 7, end_column: 32, end_line: 4, start_line: 4, start_column: 4}, severity: "high", pattern_id: "js-nosql-injection", pattern_name: "NoSQL Injection", recommendation: "Review this code for potential security issues", confidence: 0.85, pattern_type: :nosql_injection}
13:17:25.257 [debug] Match confidence: 0.14088749999999997, min_confidence: 0.7, match: %{type: "js-nosql-injection", context: %{node_type: "CallExpression", depth: 9, parent_type: "BinaryExpression", in_function: "complexFunction2"}, location: %{depth: 9, end_column: 27, end_line: 4, start_line: 4, start_column: 14}, severity: "high", pattern_id: "js-nosql-injection", pattern_name: "NoSQL Injection", recommendation: "Review this code for potential security issues", confidence: 0.85, pattern_type: :nosql_injection}
13:17:25.257 [debug] Match confidence: 0.14088749999999997, min_confidence: 0.7, match: %{type: "js-nosql-injection", context: %{node_type: "CallExpression", depth: 5, parent_type: "ReturnStatement", in_function: "complexFunction2"}, location: %{depth: 5, end_column: 40, end_line: 6, start_line: 6, start_column: 9}, severity: "high", pattern_id: "js-nosql-injection", pattern_name: "NoSQL Injection", recommendation: "Review this code for potential security issues", confidence: 0.85, pattern_type: :nosql_injection}
13:17:25.257 [debug] Match confidence: 0.149175, min_confidence: 0.7, match: %{type: "js-ldap-injection", context: %{node_type: "CallExpression", depth: 7, parent_type: "ExpressionStatement", in_function: "complexFunction2"}, location: %{depth: 7, end_column: 32, end_line: 4, start_line: 4, start_column: 4}, severity: "high", pattern_id: "js-ldap-injection", pattern_name: "LDAP Injection", recommendation: "Review this code for potential security issues", confidence: 0.85, pattern_type: :ldap_injection}
13:17:25.257 [debug] Match confidence: 0.149175, min_confidence: 0.7, match: %{type: "js-ldap-injection", context: %{node_type: "CallExpression", depth: 9, parent_type: "BinaryExpression", in_function: "complexFunction2"}, location: %{depth: 9, end_column: 27, end_line: 4, start_line: 4, start_column: 14}, severity: "high", pattern_id: "js-ldap-injection", pattern_name: "LDAP Injection", recommendation: "Review this code for potential security issues", confidence: 0.85, pattern_type: :ldap_injection}
13:17:25.257 [debug] Match confidence: 0.149175, min_confidence: 0.7, match: %{type: "js-ldap-injection", context: %{node_type: "CallExpression", depth: 5, parent_type: "ReturnStatement", in_function: "complexFunction2"}, location: %{depth: 5, end_column: 40, end_line: 6, start_line: 6, start_column: 9}, severity: "high", pattern_id: "js-ldap-injection", pattern_name: "LDAP Injection", recommendation: "Review this code for potential security issues", confidence: 0.85, pattern_type: :ldap_injection}
13:17:25.257 [debug] Match confidence: 0.149175, min_confidence: 0.7, match: %{type: "js-xpath-injection", context: %{node_type: "CallExpression", depth: 7, parent_type: "ExpressionStatement", in_function: "complexFunction2"}, location: %{depth: 7, end_column: 32, end_line: 4, start_line: 4, start_column: 4}, severity: "high", pattern_id: "js-xpath-injection", pattern_name: "XPath Injection", recommendation: "Review this code for potential security issues", confidence: 0.85, pattern_type: :xpath_injection}
13:17:25.257 [debug] Match confidence: 0.149175, min_confidence: 0.7, match: %{type: "js-xpath-injection", context: %{node_type: "CallExpression", depth: 9, parent_type: "BinaryExpression", in_function: "complexFunction2"}, location: %{depth: 9, end_column: 27, end_line: 4, start_line: 4, start_column: 14}, severity: "high", pattern_id: "js-xpath-injection", pattern_name: "XPath Injection", recommendation: "Review this code for potential security issues", confidence: 0.85, pattern_type: :xpath_injection}
13:17:25.257 [debug] Match confidence: 0.149175, min_confidence: 0.7, match: %{type: "js-xpath-injection", context: %{node_type: "CallExpression", depth: 5, parent_type: "ReturnStatement", in_function: "complexFunction2"}, location: %{depth: 5, end_column: 40, end_line: 6, start_line: 6, start_column: 9}, severity: "high", pattern_id: "js-xpath-injection", pattern_name: "XPath Injection", recommendation: "Review this code for potential security issues", confidence: 0.85, pattern_type: :xpath_injection}
13:17:25.257 [debug] Match confidence: 0.19305000000000005, min_confidence: 0.7, match: %{type: "js-ssrf", context: %{node_type: "CallExpression", depth: 7, parent_type: "ExpressionStatement", in_function: "complexFunction2"}, location: %{depth: 7, end_column: 32, end_line: 4, start_line: 4, start_column: 4}, severity: "medium", pattern_id: "js-ssrf", pattern_name: "Server-Side Request Forgery (SSRF)", recommendation: "Review this code for potential security issues", confidence: 0.7, pattern_type: :ssrf}
13:17:25.257 [debug] Match confidence: 0.19305000000000005, min_confidence: 0.7, match: %{type: "js-ssrf", context: %{node_type: "CallExpression", depth: 9, parent_type: "BinaryExpression", in_function: "complexFunction2"}, location: %{depth: 9, end_column: 27, end_line: 4, start_line: 4, start_column: 14}, severity: "medium", pattern_id: "js-ssrf", pattern_name: "Server-Side Request Forgery (SSRF)", recommendation: "Review this code for potential security issues", confidence: 0.7, pattern_type: :ssrf}
13:17:25.257 [debug] Match confidence: 0.19305000000000005, min_confidence: 0.7, match: %{type: "js-ssrf", context: %{node_type: "CallExpression", depth: 5, parent_type: "ReturnStatement", in_function: "complexFunction2"}, location: %{depth: 5, end_column: 40, end_line: 6, start_line: 6, start_column: 9}, severity: "medium", pattern_id: "js-ssrf", pattern_name: "Server-Side Request Forgery (SSRF)", recommendation: "Review this code for potential security issues", confidence: 0.7, pattern_type: :ssrf}
13:17:25.257 [debug] Match confidence: 0.19305000000000005, min_confidence: 0.7, match: %{type: "js-insecure-deserialization", context: %{node_type: "CallExpression", depth: 7, parent_type: "ExpressionStatement", in_function: "complexFunction2"}, location: %{depth: 7, end_column: 32, end_line: 4, start_line: 4, start_column: 4}, severity: "medium", pattern_id: "js-insecure-deserialization", pattern_name: "Insecure Deserialization", recommendation: "Review this code for potential security issues", confidence: 0.7, pattern_type: :deserialization}
13:17:25.257 [debug] Match confidence: 0.19305000000000005, min_confidence: 0.7, match: %{type: "js-insecure-deserialization", context: %{node_type: "CallExpression", depth: 9, parent_type: "BinaryExpression", in_function: "complexFunction2"}, location: %{depth: 9, end_column: 27, end_line: 4, start_line: 4, start_column: 14}, severity: "medium", pattern_id: "js-insecure-deserialization", pattern_name: "Insecure Deserialization", recommendation: "Review this code for potential security issues", confidence: 0.7, pattern_type: :deserialization}
13:17:25.258 [debug] Match confidence: 0.19305000000000005, min_confidence: 0.7, match: %{type: "js-insecure-deserialization", context: %{node_type: "CallExpression", depth: 5, parent_type: "ReturnStatement", in_function: "complexFunction2"}, location: %{depth: 5, end_column: 40, end_line: 6, start_line: 6, start_column: 9}, severity: "medium", pattern_id: "js-insecure-deserialization", pattern_name: "Insecure Deserialization", recommendation: "Review this code for potential security issues", confidence: 0.7, pattern_type: :deserialization}
13:17:25.258 [debug] Match confidence: 0.19305000000000005, min_confidence: 0.7, match: %{type: "js-jwt-none-algorithm", context: %{node_type: "CallExpression", depth: 7, parent_type: "ExpressionStatement", in_function: "complexFunction2"}, location: %{depth: 7, end_column: 32, end_line: 4, start_line: 4, start_column: 4}, severity: "medium", pattern_id: "js-jwt-none-algorithm", pattern_name: "JWT None Algorithm Vulnerability", recommendation: "Review this code for potential security issues", confidence: 0.7, pattern_type: :authentication}
13:17:25.258 [debug] Match confidence: 0.19305000000000005, min_confidence: 0.7, match: %{type: "js-jwt-none-algorithm", context: %{node_type: "CallExpression", depth: 9, parent_type: "BinaryExpression", in_function: "complexFunction2"}, location: %{depth: 9, end_column: 27, end_line: 4, start_line: 4, start_column: 14}, severity: "medium", pattern_id: "js-jwt-none-algorithm", pattern_name: "JWT None Algorithm Vulnerability", recommendation: "Review this code for potential security issues", confidence: 0.7, pattern_type: :authentication}
13:17:25.258 [debug] Match confidence: 0.19305000000000005, min_confidence: 0.7, match: %{type: "js-jwt-none-algorithm", context: %{node_type: "CallExpression", depth: 5, parent_type: "ReturnStatement", in_function: "complexFunction2"}, location: %{depth: 5, end_column: 40, end_line: 6, start_line: 6, start_column: 9}, severity: "medium", pattern_id: "js-jwt-none-algorithm", pattern_name: "JWT None Algorithm Vulnerability", recommendation: "Review this code for potential security issues", confidence: 0.7, pattern_type: :authentication}
13:17:25.258 [debug] Match confidence: 0.19305000000000005, min_confidence: 0.7, match: %{type: "js-debug-console-log", context: %{node_type: "CallExpression", depth: 7, parent_type: "ExpressionStatement", in_function: "complexFunction2"}, location: %{depth: 7, end_column: 32, end_line: 4, start_line: 4, start_column: 4}, severity: "medium", pattern_id: "js-debug-console-log", pattern_name: "Sensitive Data in Console Logs", recommendation: "Review this code for potential security issues", confidence: 0.7, pattern_type: :information_disclosure}
13:17:25.258 [debug] Match confidence: 0.19305000000000005, min_confidence: 0.7, match: %{type: "js-debug-console-log", context: %{node_type: "CallExpression", depth: 9, parent_type: "BinaryExpression", in_function: "complexFunction2"}, location: %{depth: 9, end_column: 27, end_line: 4, start_line: 4, start_column: 14}, severity: "medium", pattern_id: "js-debug-console-log", pattern_name: "Sensitive Data in Console Logs", recommendation: "Review this code for potential security issues", confidence: 0.7, pattern_type: :information_disclosure}
13:17:25.258 [debug] Match confidence: 0.19305000000000005, min_confidence: 0.7, match: %{type: "js-debug-console-log", context: %{node_type: "CallExpression", depth: 5, parent_type: "ReturnStatement", in_function: "complexFunction2"}, location: %{depth: 5, end_column: 40, end_line: 6, start_line: 6, start_column: 9}, severity: "medium", pattern_id: "js-debug-console-log", pattern_name: "Sensitive Data in Console Logs", recommendation: "Review this code for potential security issues", confidence: 0.7, pattern_type: :information_disclosure}
13:17:25.258 [info] AnalysisService: Loaded 30 patterns for javascript
13:17:25.261 [info] AnalysisService: Found 47 matches
13:17:25.261 [debug] Match confidence: 0.187425, min_confidence: 0.7, match: %{type: "js-xss-document-write", context: %{node_type: "CallExpression", depth: 7, parent_type: "ExpressionStatement", in_function: "complexFunction3"}, location: %{depth: 7, end_column: 32, end_line: 4, start_line: 4, start_column: 4}, severity: "high", pattern_id: "js-xss-document-write", pattern_name: "Cross-Site Scripting (XSS) via document.write", recommendation: "Review this code for potential security issues", confidence: 0.85, pattern_type: :xss}
13:17:25.261 [debug] Match confidence: 0.187425, min_confidence: 0.7, match: %{type: "js-xss-document-write", context: %{node_type: "CallExpression", depth: 9, parent_type: "BinaryExpression", in_function: "complexFunction3"}, location: %{depth: 9, end_column: 27, end_line: 4, start_line: 4, start_column: 14}, severity: "high", pattern_id: "js-xss-document-write", pattern_name: "Cross-Site Scripting (XSS) via document.write", recommendation: "Review this code for potential security issues", confidence: 0.85, pattern_type: :xss}
13:17:25.261 [debug] Match confidence: 0.187425, min_confidence: 0.7, match: %{type: "js-xss-document-write", context: %{node_type: "CallExpression", depth: 5, parent_type: "ReturnStatement", in_function: "complexFunction3"}, location: %{depth: 5, end_column: 40, end_line: 6, start_line: 6, start_column: 9}, severity: "high", pattern_id: "js-xss-document-write", pattern_name: "Cross-Site Scripting (XSS) via document.write", recommendation: "Review this code for potential security issues", confidence: 0.85, pattern_type: :xss}
13:17:25.261 [debug] Match confidence: 0.187425, min_confidence: 0.7, match: %{type: "js-xss-jquery-html", context: %{node_type: "CallExpression", depth: 7, parent_type: "ExpressionStatement", in_function: "complexFunction3"}, location: %{depth: 7, end_column: 32, end_line: 4, start_line: 4, start_column: 4}, severity: "high", pattern_id: "js-xss-jquery-html", pattern_name: "XSS via jQuery html()", recommendation: "Review this code for potential security issues", confidence: 0.85, pattern_type: :xss}
13:17:25.261 [debug] Match confidence: 0.187425, min_confidence: 0.7, match: %{type: "js-xss-jquery-html", context: %{node_type: "CallExpression", depth: 9, parent_type: "BinaryExpression", in_function: "complexFunction3"}, location: %{depth: 9, end_column: 27, end_line: 4, start_line: 4, start_column: 14}, severity: "high", pattern_id: "js-xss-jquery-html", pattern_name: "XSS via jQuery html()", recommendation: "Review this code for potential security issues", confidence: 0.85, pattern_type: :xss}
13:17:25.261 [debug] Match confidence: 0.187425, min_confidence: 0.7, match: %{type: "js-xss-jquery-html", context: %{node_type: "CallExpression", depth: 5, parent_type: "ReturnStatement", in_function: "complexFunction3"}, location: %{depth: 5, end_column: 40, end_line: 6, start_line: 6, start_column: 9}, severity: "high", pattern_id: "js-xss-jquery-html", pattern_name: "XSS via jQuery html()", recommendation: "Review this code for potential security issues", confidence: 0.85, pattern_type: :xss}
13:17:25.261 [debug] Match confidence: 0.19305000000000005, min_confidence: 0.7, match: %{type: "js-path-traversal-join", context: %{node_type: "CallExpression", depth: 7, parent_type: "ExpressionStatement", in_function: "complexFunction3"}, location: %{depth: 7, end_column: 32, end_line: 4, start_line: 4, start_column: 4}, severity: "medium", pattern_id: "js-path-traversal-join", pattern_name: "Path Traversal via path.join", recommendation: "Review this code for potential security issues", confidence: 0.7, pattern_type: :path_traversal}
13:17:25.261 [debug] Match confidence: 0.19305000000000005, min_confidence: 0.7, match: %{type: "js-path-traversal-join", context: %{node_type: "CallExpression", depth: 9, parent_type: "BinaryExpression", in_function: "complexFunction3"}, location: %{depth: 9, end_column: 27, end_line: 4, start_line: 4, start_column: 14}, severity: "medium", pattern_id: "js-path-traversal-join", pattern_name: "Path Traversal via path.join", recommendation: "Review this code for potential security issues", confidence: 0.7, pattern_type: :path_traversal}
13:17:25.261 [debug] Match confidence: 0.19305000000000005, min_confidence: 0.7, match: %{type: "js-path-traversal-join", context: %{node_type: "CallExpression", depth: 5, parent_type: "ReturnStatement", in_function: "complexFunction3"}, location: %{depth: 5, end_column: 40, end_line: 6, start_line: 6, start_column: 9}, severity: "medium", pattern_id: "js-path-traversal-join", pattern_name: "Path Traversal via path.join", recommendation: "Review this code for potential security issues", confidence: 0.7, pattern_type: :path_traversal}
13:17:25.261 [debug] Match confidence: 0.19305000000000005, min_confidence: 0.7, match: %{type: "js-path-traversal-concat", context: %{node_type: "BinaryExpression", depth: 7, parent_type: "ArrowFunctionExpression", in_function: "complexFunction3"}, location: %{depth: 7, end_column: 36, end_line: 6, start_line: 6, start_column: 31}, severity: "medium", pattern_id: "js-path-traversal-concat", pattern_name: "Path Traversal via String Concatenation", recommendation: "Review this code for potential security issues", confidence: 0.7, pattern_type: :path_traversal}
13:17:25.261 [debug] Match confidence: 0.21450000000000002, min_confidence: 0.7, match: %{type: "js-weak-crypto-md5", context: %{node_type: "CallExpression", depth: 7, parent_type: "ExpressionStatement", in_function: "complexFunction3"}, location: %{depth: 7, end_column: 32, end_line: 4, start_line: 4, start_column: 4}, severity: "medium", pattern_id: "js-weak-crypto-md5", pattern_name: "Weak Cryptography - MD5", recommendation: "Review this code for potential security issues", confidence: 0.7, pattern_type: :weak_crypto}
13:17:25.261 [debug] Match confidence: 0.21450000000000002, min_confidence: 0.7, match: %{type: "js-weak-crypto-md5", context: %{node_type: "CallExpression", depth: 9, parent_type: "BinaryExpression", in_function: "complexFunction3"}, location: %{depth: 9, end_column: 27, end_line: 4, start_line: 4, start_column: 14}, severity: "medium", pattern_id: "js-weak-crypto-md5", pattern_name: "Weak Cryptography - MD5", recommendation: "Review this code for potential security issues", confidence: 0.7, pattern_type: :weak_crypto}
13:17:25.261 [debug] Match confidence: 0.21450000000000002, min_confidence: 0.7, match: %{type: "js-weak-crypto-md5", context: %{node_type: "CallExpression", depth: 5, parent_type: "ReturnStatement", in_function: "complexFunction3"}, location: %{depth: 5, end_column: 40, end_line: 6, start_line: 6, start_column: 9}, severity: "medium", pattern_id: "js-weak-crypto-md5", pattern_name: "Weak Cryptography - MD5", recommendation: "Review this code for potential security issues", confidence: 0.7, pattern_type: :weak_crypto}
13:17:25.261 [debug] Match confidence: 0.21450000000000002, min_confidence: 0.7, match: %{type: "js-weak-crypto-sha1", context: %{node_type: "CallExpression", depth: 7, parent_type: "ExpressionStatement", in_function: "complexFunction3"}, location: %{depth: 7, end_column: 32, end_line: 4, start_line: 4, start_column: 4}, severity: "medium", pattern_id: "js-weak-crypto-sha1", pattern_name: "Weak Cryptography - SHA1", recommendation: "Review this code for potential security issues", confidence: 0.7, pattern_type: :weak_crypto}
13:17:25.261 [debug] Match confidence: 0.21450000000000002, min_confidence: 0.7, match: %{type: "js-weak-crypto-sha1", context: %{node_type: "CallExpression", depth: 9, parent_type: "BinaryExpression", in_function: "complexFunction3"}, location: %{depth: 9, end_column: 27, end_line: 4, start_line: 4, start_column: 14}, severity: "medium", pattern_id: "js-weak-crypto-sha1", pattern_name: "Weak Cryptography - SHA1", recommendation: "Review this code for potential security issues", confidence: 0.7, pattern_type: :weak_crypto}
13:17:25.261 [debug] Match confidence: 0.21450000000000002, min_confidence: 0.7, match: %{type: "js-weak-crypto-sha1", context: %{node_type: "CallExpression", depth: 5, parent_type: "ReturnStatement", in_function: "complexFunction3"}, location: %{depth: 5, end_column: 40, end_line: 6, start_line: 6, start_column: 9}, severity: "medium", pattern_id: "js-weak-crypto-sha1", pattern_name: "Weak Cryptography - SHA1", recommendation: "Review this code for potential security issues", confidence: 0.7, pattern_type: :weak_crypto}
13:17:25.261 [debug] Match confidence: 0.264, min_confidence: 0.7, match: %{type: "js-hardcoded-secret-password", context: %{node_type: "VariableDeclarator", depth: 5, parent_type: "VariableDeclaration", in_function: "complexFunction3"}, location: %{depth: 5, end_column: 15, end_line: 2, start_line: 2, start_column: 6}, severity: "high", pattern_id: "js-hardcoded-secret-password", pattern_name: "Hardcoded Password", recommendation: "Review this code for potential security issues", confidence: 0.9, pattern_type: :hardcoded_secret}
13:17:25.261 [debug] Match confidence: 0.264, min_confidence: 0.7, match: %{type: "js-hardcoded-secret-password", context: %{node_type: "VariableDeclarator", depth: 6, parent_type: "VariableDeclaration", in_function: "complexFunction3"}, location: %{depth: 6, end_column: 16, end_line: 3, start_line: 3, start_column: 11}, severity: "high", pattern_id: "js-hardcoded-secret-password", pattern_name: "Hardcoded Password", recommendation: "Review this code for potential security issues", confidence: 0.9, pattern_type: :hardcoded_secret}
13:17:25.261 [debug] Match confidence: 0.264, min_confidence: 0.7, match: %{type: "js-hardcoded-secret-api-key", context: %{node_type: "VariableDeclarator", depth: 5, parent_type: "VariableDeclaration", in_function: "complexFunction3"}, location: %{depth: 5, end_column: 15, end_line: 2, start_line: 2, start_column: 6}, severity: "high", pattern_id: "js-hardcoded-secret-api-key", pattern_name: "Hardcoded API Key", recommendation: "Review this code for potential security issues", confidence: 0.9, pattern_type: :hardcoded_secret}
13:17:25.262 [debug] Match confidence: 0.264, min_confidence: 0.7, match: %{type: "js-hardcoded-secret-api-key", context: %{node_type: "VariableDeclarator", depth: 6, parent_type: "VariableDeclaration", in_function: "complexFunction3"}, location: %{depth: 6, end_column: 16, end_line: 3, start_line: 3, start_column: 11}, severity: "high", pattern_id: "js-hardcoded-secret-api-key", pattern_name: "Hardcoded API Key", recommendation: "Review this code for potential security issues", confidence: 0.9, pattern_type: :hardcoded_secret}
13:17:25.262 [debug] Match confidence: 0.19305000000000005, min_confidence: 0.7, match: %{type: "js-open-redirect", context: %{node_type: "CallExpression", depth: 7, parent_type: "ExpressionStatement", in_function: "complexFunction3"}, location: %{depth: 7, end_column: 32, end_line: 4, start_line: 4, start_column: 4}, severity: "medium", pattern_id: "js-open-redirect", pattern_name: "Open Redirect Vulnerability", recommendation: "Review this code for potential security issues", confidence: 0.7, pattern_type: :open_redirect}
13:17:25.262 [debug] Match confidence: 0.19305000000000005, min_confidence: 0.7, match: %{type: "js-open-redirect", context: %{node_type: "CallExpression", depth: 9, parent_type: "BinaryExpression", in_function: "complexFunction3"}, location: %{depth: 9, end_column: 27, end_line: 4, start_line: 4, start_column: 14}, severity: "medium", pattern_id: "js-open-redirect", pattern_name: "Open Redirect Vulnerability", recommendation: "Review this code for potential security issues", confidence: 0.7, pattern_type: :open_redirect}
13:17:25.262 [debug] Match confidence: 0.19305000000000005, min_confidence: 0.7, match: %{type: "js-open-redirect", context: %{node_type: "CallExpression", depth: 5, parent_type: "ReturnStatement", in_function: "complexFunction3"}, location: %{depth: 5, end_column: 40, end_line: 6, start_line: 6, start_column: 9}, severity: "medium", pattern_id: "js-open-redirect", pattern_name: "Open Redirect Vulnerability", recommendation: "Review this code for potential security issues", confidence: 0.7, pattern_type: :open_redirect}
13:17:25.262 [debug] Match confidence: 0.21450000000000002, min_confidence: 0.7, match: %{type: "js-insecure-random", context: %{node_type: "CallExpression", depth: 7, parent_type: "ExpressionStatement", in_function: "complexFunction3"}, location: %{depth: 7, end_column: 32, end_line: 4, start_line: 4, start_column: 4}, severity: "medium", pattern_id: "js-insecure-random", pattern_name: "Insecure Random Number Generation", recommendation: "Review this code for potential security issues", confidence: 0.7, pattern_type: :insecure_random}
13:17:25.262 [debug] Match confidence: 0.21450000000000002, min_confidence: 0.7, match: %{type: "js-insecure-random", context: %{node_type: "CallExpression", depth: 9, parent_type: "BinaryExpression", in_function: "complexFunction3"}, location: %{depth: 9, end_column: 27, end_line: 4, start_line: 4, start_column: 14}, severity: "medium", pattern_id: "js-insecure-random", pattern_name: "Insecure Random Number Generation", recommendation: "Review this code for potential security issues", confidence: 0.7, pattern_type: :insecure_random}
13:17:25.262 [debug] Match confidence: 0.21450000000000002, min_confidence: 0.7, match: %{type: "js-insecure-random", context: %{node_type: "CallExpression", depth: 5, parent_type: "ReturnStatement", in_function: "complexFunction3"}, location: %{depth: 5, end_column: 40, end_line: 6, start_line: 6, start_column: 9}, severity: "medium", pattern_id: "js-insecure-random", pattern_name: "Insecure Random Number Generation", recommendation: "Review this code for potential security issues", confidence: 0.7, pattern_type: :insecure_random}
13:17:25.262 [debug] Match confidence: 0.14088749999999997, min_confidence: 0.7, match: %{type: "js-nosql-injection", context: %{node_type: "CallExpression", depth: 7, parent_type: "ExpressionStatement", in_function: "complexFunction3"}, location: %{depth: 7, end_column: 32, end_line: 4, start_line: 4, start_column: 4}, severity: "high", pattern_id: "js-nosql-injection", pattern_name: "NoSQL Injection", recommendation: "Review this code for potential security issues", confidence: 0.85, pattern_type: :nosql_injection}
13:17:25.262 [debug] Match confidence: 0.14088749999999997, min_confidence: 0.7, match: %{type: "js-nosql-injection", context: %{node_type: "CallExpression", depth: 9, parent_type: "BinaryExpression", in_function: "complexFunction3"}, location: %{depth: 9, end_column: 27, end_line: 4, start_line: 4, start_column: 14}, severity: "high", pattern_id: "js-nosql-injection", pattern_name: "NoSQL Injection", recommendation: "Review this code for potential security issues", confidence: 0.85, pattern_type: :nosql_injection}
13:17:25.262 [debug] Match confidence: 0.14088749999999997, min_confidence: 0.7, match: %{type: "js-nosql-injection", context: %{node_type: "CallExpression", depth: 5, parent_type: "ReturnStatement", in_function: "complexFunction3"}, location: %{depth: 5, end_column: 40, end_line: 6, start_line: 6, start_column: 9}, severity: "high", pattern_id: "js-nosql-injection", pattern_name: "NoSQL Injection", recommendation: "Review this code for potential security issues", confidence: 0.85, pattern_type: :nosql_injection}
13:17:25.262 [debug] Match confidence: 0.149175, min_confidence: 0.7, match: %{type: "js-ldap-injection", context: %{node_type: "CallExpression", depth: 7, parent_type: "ExpressionStatement", in_function: "complexFunction3"}, location: %{depth: 7, end_column: 32, end_line: 4, start_line: 4, start_column: 4}, severity: "high", pattern_id: "js-ldap-injection", pattern_name: "LDAP Injection", recommendation: "Review this code for potential security issues", confidence: 0.85, pattern_type: :ldap_injection}
13:17:25.262 [debug] Match confidence: 0.149175, min_confidence: 0.7, match: %{type: "js-ldap-injection", context: %{node_type: "CallExpression", depth: 9, parent_type: "BinaryExpression", in_function: "complexFunction3"}, location: %{depth: 9, end_column: 27, end_line: 4, start_line: 4, start_column: 14}, severity: "high", pattern_id: "js-ldap-injection", pattern_name: "LDAP Injection", recommendation: "Review this code for potential security issues", confidence: 0.85, pattern_type: :ldap_injection}
13:17:25.262 [debug] Match confidence: 0.149175, min_confidence: 0.7, match: %{type: "js-ldap-injection", context: %{node_type: "CallExpression", depth: 5, parent_type: "ReturnStatement", in_function: "complexFunction3"}, location: %{depth: 5, end_column: 40, end_line: 6, start_line: 6, start_column: 9}, severity: "high", pattern_id: "js-ldap-injection", pattern_name: "LDAP Injection", recommendation: "Review this code for potential security issues", confidence: 0.85, pattern_type: :ldap_injection}
13:17:25.262 [debug] Match confidence: 0.149175, min_confidence: 0.7, match: %{type: "js-xpath-injection", context: %{node_type: "CallExpression", depth: 7, parent_type: "ExpressionStatement", in_function: "complexFunction3"}, location: %{depth: 7, end_column: 32, end_line: 4, start_line: 4, start_column: 4}, severity: "high", pattern_id: "js-xpath-injection", pattern_name: "XPath Injection", recommendation: "Review this code for potential security issues", confidence: 0.85, pattern_type: :xpath_injection}
13:17:25.262 [debug] Match confidence: 0.149175, min_confidence: 0.7, match: %{type: "js-xpath-injection", context: %{node_type: "CallExpression", depth: 9, parent_type: "BinaryExpression", in_function: "complexFunction3"}, location: %{depth: 9, end_column: 27, end_line: 4, start_line: 4, start_column: 14}, severity: "high", pattern_id: "js-xpath-injection", pattern_name: "XPath Injection", recommendation: "Review this code for potential security issues", confidence: 0.85, pattern_type: :xpath_injection}
13:17:25.262 [debug] Match confidence: 0.149175, min_confidence: 0.7, match: %{type: "js-xpath-injection", context: %{node_type: "CallExpression", depth: 5, parent_type: "ReturnStatement", in_function: "complexFunction3"}, location: %{depth: 5, end_column: 40, end_line: 6, start_line: 6, start_column: 9}, severity: "high", pattern_id: "js-xpath-injection", pattern_name: "XPath Injection", recommendation: "Review this code for potential security issues", confidence: 0.85, pattern_type: :xpath_injection}
13:17:25.262 [debug] Match confidence: 0.19305000000000005, min_confidence: 0.7, match: %{type: "js-ssrf", context: %{node_type: "CallExpression", depth: 7, parent_type: "ExpressionStatement", in_function: "complexFunction3"}, location: %{depth: 7, end_column: 32, end_line: 4, start_line: 4, start_column: 4}, severity: "medium", pattern_id: "js-ssrf", pattern_name: "Server-Side Request Forgery (SSRF)", recommendation: "Review this code for potential security issues", confidence: 0.7, pattern_type: :ssrf}
13:17:25.262 [debug] Match confidence: 0.19305000000000005, min_confidence: 0.7, match: %{type: "js-ssrf", context: %{node_type: "CallExpression", depth: 9, parent_type: "BinaryExpression", in_function: "complexFunction3"}, location: %{depth: 9, end_column: 27, end_line: 4, start_line: 4, start_column: 14}, severity: "medium", pattern_id: "js-ssrf", pattern_name: "Server-Side Request Forgery (SSRF)", recommendation: "Review this code for potential security issues", confidence: 0.7, pattern_type: :ssrf}
13:17:25.262 [debug] Match confidence: 0.19305000000000005, min_confidence: 0.7, match: %{type: "js-ssrf", context: %{node_type: "CallExpression", depth: 5, parent_type: "ReturnStatement", in_function: "complexFunction3"}, location: %{depth: 5, end_column: 40, end_line: 6, start_line: 6, start_column: 9}, severity: "medium", pattern_id: "js-ssrf", pattern_name: "Server-Side Request Forgery (SSRF)", recommendation: "Review this code for potential security issues", confidence: 0.7, pattern_type: :ssrf}
13:17:25.262 [debug] Match confidence: 0.19305000000000005, min_confidence: 0.7, match: %{type: "js-insecure-deserialization", context: %{node_type: "CallExpression", depth: 7, parent_type: "ExpressionStatement", in_function: "complexFunction3"}, location: %{depth: 7, end_column: 32, end_line: 4, start_line: 4, start_column: 4}, severity: "medium", pattern_id: "js-insecure-deserialization", pattern_name: "Insecure Deserialization", recommendation: "Review this code for potential security issues", confidence: 0.7, pattern_type: :deserialization}
13:17:25.262 [debug] Match confidence: 0.19305000000000005, min_confidence: 0.7, match: %{type: "js-insecure-deserialization", context: %{node_type: "CallExpression", depth: 9, parent_type: "BinaryExpression", in_function: "complexFunction3"}, location: %{depth: 9, end_column: 27, end_line: 4, start_line: 4, start_column: 14}, severity: "medium", pattern_id: "js-insecure-deserialization", pattern_name: "Insecure Deserialization", recommendation: "Review this code for potential security issues", confidence: 0.7, pattern_type: :deserialization}
13:17:25.262 [debug] Match confidence: 0.19305000000000005, min_confidence: 0.7, match: %{type: "js-insecure-deserialization", context: %{node_type: "CallExpression", depth: 5, parent_type: "ReturnStatement", in_function: "complexFunction3"}, location: %{depth: 5, end_column: 40, end_line: 6, start_line: 6, start_column: 9}, severity: "medium", pattern_id: "js-insecure-deserialization", pattern_name: "Insecure Deserialization", recommendation: "Review this code for potential security issues", confidence: 0.7, pattern_type: :deserialization}
13:17:25.262 [debug] Match confidence: 0.19305000000000005, min_confidence: 0.7, match: %{type: "js-jwt-none-algorithm", context: %{node_type: "CallExpression", depth: 7, parent_type: "ExpressionStatement", in_function: "complexFunction3"}, location: %{depth: 7, end_column: 32, end_line: 4, start_line: 4, start_column: 4}, severity: "medium", pattern_id: "js-jwt-none-algorithm", pattern_name: "JWT None Algorithm Vulnerability", recommendation: "Review this code for potential security issues", confidence: 0.7, pattern_type: :authentication}
13:17:25.262 [debug] Match confidence: 0.19305000000000005, min_confidence: 0.7, match: %{type: "js-jwt-none-algorithm", context: %{node_type: "CallExpression", depth: 9, parent_type: "BinaryExpression", in_function: "complexFunction3"}, location: %{depth: 9, end_column: 27, end_line: 4, start_line: 4, start_column: 14}, severity: "medium", pattern_id: "js-jwt-none-algorithm", pattern_name: "JWT None Algorithm Vulnerability", recommendation: "Review this code for potential security issues", confidence: 0.7, pattern_type: :authentication}
13:17:25.262 [debug] Match confidence: 0.19305000000000005, min_confidence: 0.7, match: %{type: "js-jwt-none-algorithm", context: %{node_type: "CallExpression", depth: 5, parent_type: "ReturnStatement", in_function: "complexFunction3"}, location: %{depth: 5, end_column: 40, end_line: 6, start_line: 6, start_column: 9}, severity: "medium", pattern_id: "js-jwt-none-algorithm", pattern_name: "JWT None Algorithm Vulnerability", recommendation: "Review this code for potential security issues", confidence: 0.7, pattern_type: :authentication}
13:17:25.262 [debug] Match confidence: 0.19305000000000005, min_confidence: 0.7, match: %{type: "js-debug-console-log", context: %{node_type: "CallExpression", depth: 7, parent_type: "ExpressionStatement", in_function: "complexFunction3"}, location: %{depth: 7, end_column: 32, end_line: 4, start_line: 4, start_column: 4}, severity: "medium", pattern_id: "js-debug-console-log", pattern_name: "Sensitive Data in Console Logs", recommendation: "Review this code for potential security issues", confidence: 0.7, pattern_type: :information_disclosure}
13:17:25.262 [debug] Match confidence: 0.19305000000000005, min_confidence: 0.7, match: %{type: "js-debug-console-log", context: %{node_type: "CallExpression", depth: 9, parent_type: "BinaryExpression", in_function: "complexFunction3"}, location: %{depth: 9, end_column: 27, end_line: 4, start_line: 4, start_column: 14}, severity: "medium", pattern_id: "js-debug-console-log", pattern_name: "Sensitive Data in Console Logs", recommendation: "Review this code for potential security issues", confidence: 0.7, pattern_type: :information_disclosure}
13:17:25.262 [debug] Match confidence: 0.19305000000000005, min_confidence: 0.7, match: %{type: "js-debug-console-log", context: %{node_type: "CallExpression", depth: 5, parent_type: "ReturnStatement", in_function: "complexFunction3"}, location: %{depth: 5, end_column: 40, end_line: 6, start_line: 6, start_column: 9}, severity: "medium", pattern_id: "js-debug-console-log", pattern_name: "Sensitive Data in Console Logs", recommendation: "Review this code for potential security issues", confidence: 0.7, pattern_type: :information_disclosure}
13:17:25.262 [info] AnalysisService: Loaded 30 patterns for javascript
13:17:25.266 [info] AnalysisService: Found 47 matches
13:17:25.266 [debug] Match confidence: 0.187425, min_confidence: 0.7, match: %{type: "js-xss-document-write", context: %{node_type: "CallExpression", depth: 7, parent_type: "ExpressionStatement", in_function: "complexFunction4"}, location: %{depth: 7, end_column: 32, end_line: 4, start_line: 4, start_column: 4}, severity: "high", pattern_id: "js-xss-document-write", pattern_name: "Cross-Site Scripting (XSS) via document.write", recommendation: "Review this code for potential security issues", confidence: 0.85, pattern_type: :xss}
13:17:25.266 [debug] Match confidence: 0.187425, min_confidence: 0.7, match: %{type: "js-xss-document-write", context: %{node_type: "CallExpression", depth: 9, parent_type: "BinaryExpression", in_function: "complexFunction4"}, location: %{depth: 9, end_column: 27, end_line: 4, start_line: 4, start_column: 14}, severity: "high", pattern_id: "js-xss-document-write", pattern_name: "Cross-Site Scripting (XSS) via document.write", recommendation: "Review this code for potential security issues", confidence: 0.85, pattern_type: :xss}
13:17:25.266 [debug] Match confidence: 0.187425, min_confidence: 0.7, match: %{type: "js-xss-document-write", context: %{node_type: "CallExpression", depth: 5, parent_type: "ReturnStatement", in_function: "complexFunction4"}, location: %{depth: 5, end_column: 40, end_line: 6, start_line: 6, start_column: 9}, severity: "high", pattern_id: "js-xss-document-write", pattern_name: "Cross-Site Scripting (XSS) via document.write", recommendation: "Review this code for potential security issues", confidence: 0.85, pattern_type: :xss}
13:17:25.266 [debug] Match confidence: 0.187425, min_confidence: 0.7, match: %{type: "js-xss-jquery-html", context: %{node_type: "CallExpression", depth: 7, parent_type: "ExpressionStatement", in_function: "complexFunction4"}, location: %{depth: 7, end_column: 32, end_line: 4, start_line: 4, start_column: 4}, severity: "high", pattern_id: "js-xss-jquery-html", pattern_name: "XSS via jQuery html()", recommendation: "Review this code for potential security issues", confidence: 0.85, pattern_type: :xss}
13:17:25.266 [debug] Match confidence: 0.187425, min_confidence: 0.7, match: %{type: "js-xss-jquery-html", context: %{node_type: "CallExpression", depth: 9, parent_type: "BinaryExpression", in_function: "complexFunction4"}, location: %{depth: 9, end_column: 27, end_line: 4, start_line: 4, start_column: 14}, severity: "high", pattern_id: "js-xss-jquery-html", pattern_name: "XSS via jQuery html()", recommendation: "Review this code for potential security issues", confidence: 0.85, pattern_type: :xss}
13:17:25.266 [debug] Match confidence: 0.187425, min_confidence: 0.7, match: %{type: "js-xss-jquery-html", context: %{node_type: "CallExpression", depth: 5, parent_type: "ReturnStatement", in_function: "complexFunction4"}, location: %{depth: 5, end_column: 40, end_line: 6, start_line: 6, start_column: 9}, severity: "high", pattern_id: "js-xss-jquery-html", pattern_name: "XSS via jQuery html()", recommendation: "Review this code for potential security issues", confidence: 0.85, pattern_type: :xss}
13:17:25.266 [debug] Match confidence: 0.19305000000000005, min_confidence: 0.7, match: %{type: "js-path-traversal-join", context: %{node_type: "CallExpression", depth: 7, parent_type: "ExpressionStatement", in_function: "complexFunction4"}, location: %{depth: 7, end_column: 32, end_line: 4, start_line: 4, start_column: 4}, severity: "medium", pattern_id: "js-path-traversal-join", pattern_name: "Path Traversal via path.join", recommendation: "Review this code for potential security issues", confidence: 0.7, pattern_type: :path_traversal}
13:17:25.266 [debug] Match confidence: 0.19305000000000005, min_confidence: 0.7, match: %{type: "js-path-traversal-join", context: %{node_type: "CallExpression", depth: 9, parent_type: "BinaryExpression", in_function: "complexFunction4"}, location: %{depth: 9, end_column: 27, end_line: 4, start_line: 4, start_column: 14}, severity: "medium", pattern_id: "js-path-traversal-join", pattern_name: "Path Traversal via path.join", recommendation: "Review this code for potential security issues", confidence: 0.7, pattern_type: :path_traversal}
13:17:25.266 [debug] Match confidence: 0.19305000000000005, min_confidence: 0.7, match: %{type: "js-path-traversal-join", context: %{node_type: "CallExpression", depth: 5, parent_type: "ReturnStatement", in_function: "complexFunction4"}, location: %{depth: 5, end_column: 40, end_line: 6, start_line: 6, start_column: 9}, severity: "medium", pattern_id: "js-path-traversal-join", pattern_name: "Path Traversal via path.join", recommendation: "Review this code for potential security issues", confidence: 0.7, pattern_type: :path_traversal}
13:17:25.266 [debug] Match confidence: 0.19305000000000005, min_confidence: 0.7, match: %{type: "js-path-traversal-concat", context: %{node_type: "BinaryExpression", depth: 7, parent_type: "ArrowFunctionExpression", in_function: "complexFunction4"}, location: %{depth: 7, end_column: 36, end_line: 6, start_line: 6, start_column: 31}, severity: "medium", pattern_id: "js-path-traversal-concat", pattern_name: "Path Traversal via String Concatenation", recommendation: "Review this code for potential security issues", confidence: 0.7, pattern_type: :path_traversal}
13:17:25.266 [debug] Match confidence: 0.21450000000000002, min_confidence: 0.7, match: %{type: "js-weak-crypto-md5", context: %{node_type: "CallExpression", depth: 7, parent_type: "ExpressionStatement", in_function: "complexFunction4"}, location: %{depth: 7, end_column: 32, end_line: 4, start_line: 4, start_column: 4}, severity: "medium", pattern_id: "js-weak-crypto-md5", pattern_name: "Weak Cryptography - MD5", recommendation: "Review this code for potential security issues", confidence: 0.7, pattern_type: :weak_crypto}
13:17:25.266 [debug] Match confidence: 0.21450000000000002, min_confidence: 0.7, match: %{type: "js-weak-crypto-md5", context: %{node_type: "CallExpression", depth: 9, parent_type: "BinaryExpression", in_function: "complexFunction4"}, location: %{depth: 9, end_column: 27, end_line: 4, start_line: 4, start_column: 14}, severity: "medium", pattern_id: "js-weak-crypto-md5", pattern_name: "Weak Cryptography - MD5", recommendation: "Review this code for potential security issues", confidence: 0.7, pattern_type: :weak_crypto}
13:17:25.266 [debug] Match confidence: 0.21450000000000002, min_confidence: 0.7, match: %{type: "js-weak-crypto-md5", context: %{node_type: "CallExpression", depth: 5, parent_type: "ReturnStatement", in_function: "complexFunction4"}, location: %{depth: 5, end_column: 40, end_line: 6, start_line: 6, start_column: 9}, severity: "medium", pattern_id: "js-weak-crypto-md5", pattern_name: "Weak Cryptography - MD5", recommendation: "Review this code for potential security issues", confidence: 0.7, pattern_type: :weak_crypto}
13:17:25.266 [debug] Match confidence: 0.21450000000000002, min_confidence: 0.7, match: %{type: "js-weak-crypto-sha1", context: %{node_type: "CallExpression", depth: 7, parent_type: "ExpressionStatement", in_function: "complexFunction4"}, location: %{depth: 7, end_column: 32, end_line: 4, start_line: 4, start_column: 4}, severity: "medium", pattern_id: "js-weak-crypto-sha1", pattern_name: "Weak Cryptography - SHA1", recommendation: "Review this code for potential security issues", confidence: 0.7, pattern_type: :weak_crypto}
13:17:25.266 [debug] Match confidence: 0.21450000000000002, min_confidence: 0.7, match: %{type: "js-weak-crypto-sha1", context: %{node_type: "CallExpression", depth: 9, parent_type: "BinaryExpression", in_function: "complexFunction4"}, location: %{depth: 9, end_column: 27, end_line: 4, start_line: 4, start_column: 14}, severity: "medium", pattern_id: "js-weak-crypto-sha1", pattern_name: "Weak Cryptography - SHA1", recommendation: "Review this code for potential security issues", confidence: 0.7, pattern_type: :weak_crypto}
13:17:25.266 [debug] Match confidence: 0.21450000000000002, min_confidence: 0.7, match: %{type: "js-weak-crypto-sha1", context: %{node_type: "CallExpression", depth: 5, parent_type: "ReturnStatement", in_function: "complexFunction4"}, location: %{depth: 5, end_column: 40, end_line: 6, start_line: 6, start_column: 9}, severity: "medium", pattern_id: "js-weak-crypto-sha1", pattern_name: "Weak Cryptography - SHA1", recommendation: "Review this code for potential security issues", confidence: 0.7, pattern_type: :weak_crypto}
13:17:25.266 [debug] Match confidence: 0.264, min_confidence: 0.7, match: %{type: "js-hardcoded-secret-password", context: %{node_type: "VariableDeclarator", depth: 5, parent_type: "VariableDeclaration", in_function: "complexFunction4"}, location: %{depth: 5, end_column: 15, end_line: 2, start_line: 2, start_column: 6}, severity: "high", pattern_id: "js-hardcoded-secret-password", pattern_name: "Hardcoded Password", recommendation: "Review this code for potential security issues", confidence: 0.9, pattern_type: :hardcoded_secret}
13:17:25.266 [debug] Match confidence: 0.264, min_confidence: 0.7, match: %{type: "js-hardcoded-secret-password", context: %{node_type: "VariableDeclarator", depth: 6, parent_type: "VariableDeclaration", in_function: "complexFunction4"}, location: %{depth: 6, end_column: 16, end_line: 3, start_line: 3, start_column: 11}, severity: "high", pattern_id: "js-hardcoded-secret-password", pattern_name: "Hardcoded Password", recommendation: "Review this code for potential security issues", confidence: 0.9, pattern_type: :hardcoded_secret}
13:17:25.266 [debug] Match confidence: 0.264, min_confidence: 0.7, match: %{type: "js-hardcoded-secret-api-key", context: %{node_type: "VariableDeclarator", depth: 5, parent_type: "VariableDeclaration", in_function: "complexFunction4"}, location: %{depth: 5, end_column: 15, end_line: 2, start_line: 2, start_column: 6}, severity: "high", pattern_id: "js-hardcoded-secret-api-key", pattern_name: "Hardcoded API Key", recommendation: "Review this code for potential security issues", confidence: 0.9, pattern_type: :hardcoded_secret}
13:17:25.266 [debug] Match confidence: 0.264, min_confidence: 0.7, match: %{type: "js-hardcoded-secret-api-key", context: %{node_type: "VariableDeclarator", depth: 6, parent_type: "VariableDeclaration", in_function: "complexFunction4"}, location: %{depth: 6, end_column: 16, end_line: 3, start_line: 3, start_column: 11}, severity: "high", pattern_id: "js-hardcoded-secret-api-key", pattern_name: "Hardcoded API Key", recommendation: "Review this code for potential security issues", confidence: 0.9, pattern_type: :hardcoded_secret}
13:17:25.266 [debug] Match confidence: 0.19305000000000005, min_confidence: 0.7, match: %{type: "js-open-redirect", context: %{node_type: "CallExpression", depth: 7, parent_type: "ExpressionStatement", in_function: "complexFunction4"}, location: %{depth: 7, end_column: 32, end_line: 4, start_line: 4, start_column: 4}, severity: "medium", pattern_id: "js-open-redirect", pattern_name: "Open Redirect Vulnerability", recommendation: "Review this code for potential security issues", confidence: 0.7, pattern_type: :open_redirect}
13:17:25.266 [debug] Match confidence: 0.19305000000000005, min_confidence: 0.7, match: %{type: "js-open-redirect", context: %{node_type: "CallExpression", depth: 9, parent_type: "BinaryExpression", in_function: "complexFunction4"}, location: %{depth: 9, end_column: 27, end_line: 4, start_line: 4, start_column: 14}, severity: "medium", pattern_id: "js-open-redirect", pattern_name: "Open Redirect Vulnerability", recommendation: "Review this code for potential security issues", confidence: 0.7, pattern_type: :open_redirect}
13:17:25.266 [debug] Match confidence: 0.19305000000000005, min_confidence: 0.7, match: %{type: "js-open-redirect", context: %{node_type: "CallExpression", depth: 5, parent_type: "ReturnStatement", in_function: "complexFunction4"}, location: %{depth: 5, end_column: 40, end_line: 6, start_line: 6, start_column: 9}, severity: "medium", pattern_id: "js-open-redirect", pattern_name: "Open Redirect Vulnerability", recommendation: "Review this code for potential security issues", confidence: 0.7, pattern_type: :open_redirect}
13:17:25.266 [debug] Match confidence: 0.21450000000000002, min_confidence: 0.7, match: %{type: "js-insecure-random", context: %{node_type: "CallExpression", depth: 7, parent_type: "ExpressionStatement", in_function: "complexFunction4"}, location: %{depth: 7, end_column: 32, end_line: 4, start_line: 4, start_column: 4}, severity: "medium", pattern_id: "js-insecure-random", pattern_name: "Insecure Random Number Generation", recommendation: "Review this code for potential security issues", confidence: 0.7, pattern_type: :insecure_random}
13:17:25.266 [debug] Match confidence: 0.21450000000000002, min_confidence: 0.7, match: %{type: "js-insecure-random", context: %{node_type: "CallExpression", depth: 9, parent_type: "BinaryExpression", in_function: "complexFunction4"}, location: %{depth: 9, end_column: 27, end_line: 4, start_line: 4, start_column: 14}, severity: "medium", pattern_id: "js-insecure-random", pattern_name: "Insecure Random Number Generation", recommendation: "Review this code for potential security issues", confidence: 0.7, pattern_type: :insecure_random}
13:17:25.266 [debug] Match confidence: 0.21450000000000002, min_confidence: 0.7, match: %{type: "js-insecure-random", context: %{node_type: "CallExpression", depth: 5, parent_type: "ReturnStatement", in_function: "complexFunction4"}, location: %{depth: 5, end_column: 40, end_line: 6, start_line: 6, start_column: 9}, severity: "medium", pattern_id: "js-insecure-random", pattern_name: "Insecure Random Number Generation", recommendation: "Review this code for potential security issues", confidence: 0.7, pattern_type: :insecure_random}
13:17:25.266 [debug] Match confidence: 0.14088749999999997, min_confidence: 0.7, match: %{type: "js-nosql-injection", context: %{node_type: "CallExpression", depth: 7, parent_type: "ExpressionStatement", in_function: "complexFunction4"}, location: %{depth: 7, end_column: 32, end_line: 4, start_line: 4, start_column: 4}, severity: "high", pattern_id: "js-nosql-injection", pattern_name: "NoSQL Injection", recommendation: "Review this code for potential security issues", confidence: 0.85, pattern_type: :nosql_injection}
13:17:25.266 [debug] Match confidence: 0.14088749999999997, min_confidence: 0.7, match: %{type: "js-nosql-injection", context: %{node_type: "CallExpression", depth: 9, parent_type: "BinaryExpression", in_function: "complexFunction4"}, location: %{depth: 9, end_column: 27, end_line: 4, start_line: 4, start_column: 14}, severity: "high", pattern_id: "js-nosql-injection", pattern_name: "NoSQL Injection", recommendation: "Review this code for potential security issues", confidence: 0.85, pattern_type: :nosql_injection}
13:17:25.266 [debug] Match confidence: 0.14088749999999997, min_confidence: 0.7, match: %{type: "js-nosql-injection", context: %{node_type: "CallExpression", depth: 5, parent_type: "ReturnStatement", in_function: "complexFunction4"}, location: %{depth: 5, end_column: 40, end_line: 6, start_line: 6, start_column: 9}, severity: "high", pattern_id: "js-nosql-injection", pattern_name: "NoSQL Injection", recommendation: "Review this code for potential security issues", confidence: 0.85, pattern_type: :nosql_injection}
13:17:25.266 [debug] Match confidence: 0.149175, min_confidence: 0.7, match: %{type: "js-ldap-injection", context: %{node_type: "CallExpression", depth: 7, parent_type: "ExpressionStatement", in_function: "complexFunction4"}, location: %{depth: 7, end_column: 32, end_line: 4, start_line: 4, start_column: 4}, severity: "high", pattern_id: "js-ldap-injection", pattern_name: "LDAP Injection", recommendation: "Review this code for potential security issues", confidence: 0.85, pattern_type: :ldap_injection}
13:17:25.266 [debug] Match confidence: 0.149175, min_confidence: 0.7, match: %{type: "js-ldap-injection", context: %{node_type: "CallExpression", depth: 9, parent_type: "BinaryExpression", in_function: "complexFunction4"}, location: %{depth: 9, end_column: 27, end_line: 4, start_line: 4, start_column: 14}, severity: "high", pattern_id: "js-ldap-injection", pattern_name: "LDAP Injection", recommendation: "Review this code for potential security issues", confidence: 0.85, pattern_type: :ldap_injection}
13:17:25.266 [debug] Match confidence: 0.149175, min_confidence: 0.7, match: %{type: "js-ldap-injection", context: %{node_type: "CallExpression", depth: 5, parent_type: "ReturnStatement", in_function: "complexFunction4"}, location: %{depth: 5, end_column: 40, end_line: 6, start_line: 6, start_column: 9}, severity: "high", pattern_id: "js-ldap-injection", pattern_name: "LDAP Injection", recommendation: "Review this code for potential security issues", confidence: 0.85, pattern_type: :ldap_injection}
13:17:25.266 [debug] Match confidence: 0.149175, min_confidence: 0.7, match: %{type: "js-xpath-injection", context: %{node_type: "CallExpression", depth: 7, parent_type: "ExpressionStatement", in_function: "complexFunction4"}, location: %{depth: 7, end_column: 32, end_line: 4, start_line: 4, start_column: 4}, severity: "high", pattern_id: "js-xpath-injection", pattern_name: "XPath Injection", recommendation: "Review this code for potential security issues", confidence: 0.85, pattern_type: :xpath_injection}
13:17:25.266 [debug] Match confidence: 0.149175, min_confidence: 0.7, match: %{type: "js-xpath-injection", context: %{node_type: "CallExpression", depth: 9, parent_type: "BinaryExpression", in_function: "complexFunction4"}, location: %{depth: 9, end_column: 27, end_line: 4, start_line: 4, start_column: 14}, severity: "high", pattern_id: "js-xpath-injection", pattern_name: "XPath Injection", recommendation: "Review this code for potential security issues", confidence: 0.85, pattern_type: :xpath_injection}
13:17:25.266 [debug] Match confidence: 0.149175, min_confidence: 0.7, match: %{type: "js-xpath-injection", context: %{node_type: "CallExpression", depth: 5, parent_type: "ReturnStatement", in_function: "complexFunction4"}, location: %{depth: 5, end_column: 40, end_line: 6, start_line: 6, start_column: 9}, severity: "high", pattern_id: "js-xpath-injection", pattern_name: "XPath Injection", recommendation: "Review this code for potential security issues", confidence: 0.85, pattern_type: :xpath_injection}
13:17:25.267 [debug] Match confidence: 0.19305000000000005, min_confidence: 0.7, match: %{type: "js-ssrf", context: %{node_type: "CallExpression", depth: 7, parent_type: "ExpressionStatement", in_function: "complexFunction4"}, location: %{depth: 7, end_column: 32, end_line: 4, start_line: 4, start_column: 4}, severity: "medium", pattern_id: "js-ssrf", pattern_name: "Server-Side Request Forgery (SSRF)", recommendation: "Review this code for potential security issues", confidence: 0.7, pattern_type: :ssrf}
13:17:25.267 [debug] Match confidence: 0.19305000000000005, min_confidence: 0.7, match: %{type: "js-ssrf", context: %{node_type: "CallExpression", depth: 9, parent_type: "BinaryExpression", in_function: "complexFunction4"}, location: %{depth: 9, end_column: 27, end_line: 4, start_line: 4, start_column: 14}, severity: "medium", pattern_id: "js-ssrf", pattern_name: "Server-Side Request Forgery (SSRF)", recommendation: "Review this code for potential security issues", confidence: 0.7, pattern_type: :ssrf}
13:17:25.267 [debug] Match confidence: 0.19305000000000005, min_confidence: 0.7, match: %{type: "js-ssrf", context: %{node_type: "CallExpression", depth: 5, parent_type: "ReturnStatement", in_function: "complexFunction4"}, location: %{depth: 5, end_column: 40, end_line: 6, start_line: 6, start_column: 9}, severity: "medium", pattern_id: "js-ssrf", pattern_name: "Server-Side Request Forgery (SSRF)", recommendation: "Review this code for potential security issues", confidence: 0.7, pattern_type: :ssrf}
13:17:25.267 [debug] Match confidence: 0.19305000000000005, min_confidence: 0.7, match: %{type: "js-insecure-deserialization", context: %{node_type: "CallExpression", depth: 7, parent_type: "ExpressionStatement", in_function: "complexFunction4"}, location: %{depth: 7, end_column: 32, end_line: 4, start_line: 4, start_column: 4}, severity: "medium", pattern_id: "js-insecure-deserialization", pattern_name: "Insecure Deserialization", recommendation: "Review this code for potential security issues", confidence: 0.7, pattern_type: :deserialization}
13:17:25.267 [debug] Match confidence: 0.19305000000000005, min_confidence: 0.7, match: %{type: "js-insecure-deserialization", context: %{node_type: "CallExpression", depth: 9, parent_type: "BinaryExpression", in_function: "complexFunction4"}, location: %{depth: 9, end_column: 27, end_line: 4, start_line: 4, start_column: 14}, severity: "medium", pattern_id: "js-insecure-deserialization", pattern_name: "Insecure Deserialization", recommendation: "Review this code for potential security issues", confidence: 0.7, pattern_type: :deserialization}
13:17:25.267 [debug] Match confidence: 0.19305000000000005, min_confidence: 0.7, match: %{type: "js-insecure-deserialization", context: %{node_type: "CallExpression", depth: 5, parent_type: "ReturnStatement", in_function: "complexFunction4"}, location: %{depth: 5, end_column: 40, end_line: 6, start_line: 6, start_column: 9}, severity: "medium", pattern_id: "js-insecure-deserialization", pattern_name: "Insecure Deserialization", recommendation: "Review this code for potential security issues", confidence: 0.7, pattern_type: :deserialization}
13:17:25.267 [debug] Match confidence: 0.19305000000000005, min_confidence: 0.7, match: %{type: "js-jwt-none-algorithm", context: %{node_type: "CallExpression", depth: 7, parent_type: "ExpressionStatement", in_function: "complexFunction4"}, location: %{depth: 7, end_column: 32, end_line: 4, start_line: 4, start_column: 4}, severity: "medium", pattern_id: "js-jwt-none-algorithm", pattern_name: "JWT None Algorithm Vulnerability", recommendation: "Review this code for potential security issues", confidence: 0.7, pattern_type: :authentication}
13:17:25.267 [debug] Match confidence: 0.19305000000000005, min_confidence: 0.7, match: %{type: "js-jwt-none-algorithm", context: %{node_type: "CallExpression", depth: 9, parent_type: "BinaryExpression", in_function: "complexFunction4"}, location: %{depth: 9, end_column: 27, end_line: 4, start_line: 4, start_column: 14}, severity: "medium", pattern_id: "js-jwt-none-algorithm", pattern_name: "JWT None Algorithm Vulnerability", recommendation: "Review this code for potential security issues", confidence: 0.7, pattern_type: :authentication}
13:17:25.267 [debug] Match confidence: 0.19305000000000005, min_confidence: 0.7, match: %{type: "js-jwt-none-algorithm", context: %{node_type: "CallExpression", depth: 5, parent_type: "ReturnStatement", in_function: "complexFunction4"}, location: %{depth: 5, end_column: 40, end_line: 6, start_line: 6, start_column: 9}, severity: "medium", pattern_id: "js-jwt-none-algorithm", pattern_name: "JWT None Algorithm Vulnerability", recommendation: "Review this code for potential security issues", confidence: 0.7, pattern_type: :authentication}
13:17:25.267 [debug] Match confidence: 0.19305000000000005, min_confidence: 0.7, match: %{type: "js-debug-console-log", context: %{node_type: "CallExpression", depth: 7, parent_type: "ExpressionStatement", in_function: "complexFunction4"}, location: %{depth: 7, end_column: 32, end_line: 4, start_line: 4, start_column: 4}, severity: "medium", pattern_id: "js-debug-console-log", pattern_name: "Sensitive Data in Console Logs", recommendation: "Review this code for potential security issues", confidence: 0.7, pattern_type: :information_disclosure}
13:17:25.267 [debug] Match confidence: 0.19305000000000005, min_confidence: 0.7, match: %{type: "js-debug-console-log", context: %{node_type: "CallExpression", depth: 9, parent_type: "BinaryExpression", in_function: "complexFunction4"}, location: %{depth: 9, end_column: 27, end_line: 4, start_line: 4, start_column: 14}, severity: "medium", pattern_id: "js-debug-console-log", pattern_name: "Sensitive Data in Console Logs", recommendation: "Review this code for potential security issues", confidence: 0.7, pattern_type: :information_disclosure}
13:17:25.267 [debug] Match confidence: 0.19305000000000005, min_confidence: 0.7, match: %{type: "js-debug-console-log", context: %{node_type: "CallExpression", depth: 5, parent_type: "ReturnStatement", in_function: "complexFunction4"}, location: %{depth: 5, end_column: 40, end_line: 6, start_line: 6, start_column: 9}, severity: "medium", pattern_id: "js-debug-console-log", pattern_name: "Sensitive Data in Console Logs", recommendation: "Review this code for potential security issues", confidence: 0.7, pattern_type: :information_disclosure}
13:17:25.267 [info] AnalysisService: Loaded 30 patterns for javascript
13:17:25.270 [info] AnalysisService: Found 47 matches
13:17:25.270 [debug] Match confidence: 0.187425, min_confidence: 0.7, match: %{type: "js-xss-document-write", context: %{node_type: "CallExpression", depth: 7, parent_type: "ExpressionStatement", in_function: "complexFunction5"}, location: %{depth: 7, end_column: 32, end_line: 4, start_line: 4, start_column: 4}, severity: "high", pattern_id: "js-xss-document-write", pattern_name: "Cross-Site Scripting (XSS) via document.write", recommendation: "Review this code for potential security issues", confidence: 0.85, pattern_type: :xss}
13:17:25.270 [debug] Match confidence: 0.187425, min_confidence: 0.7, match: %{type: "js-xss-document-write", context: %{node_type: "CallExpression", depth: 9, parent_type: "BinaryExpression", in_function: "complexFunction5"}, location: %{depth: 9, end_column: 27, end_line: 4, start_line: 4, start_column: 14}, severity: "high", pattern_id: "js-xss-document-write", pattern_name: "Cross-Site Scripting (XSS) via document.write", recommendation: "Review this code for potential security issues", confidence: 0.85, pattern_type: :xss}
13:17:25.270 [debug] Match confidence: 0.187425, min_confidence: 0.7, match: %{type: "js-xss-document-write", context: %{node_type: "CallExpression", depth: 5, parent_type: "ReturnStatement", in_function: "complexFunction5"}, location: %{depth: 5, end_column: 40, end_line: 6, start_line: 6, start_column: 9}, severity: "high", pattern_id: "js-xss-document-write", pattern_name: "Cross-Site Scripting (XSS) via document.write", recommendation: "Review this code for potential security issues", confidence: 0.85, pattern_type: :xss}
13:17:25.270 [debug] Match confidence: 0.187425, min_confidence: 0.7, match: %{type: "js-xss-jquery-html", context: %{node_type: "CallExpression", depth: 7, parent_type: "ExpressionStatement", in_function: "complexFunction5"}, location: %{depth: 7, end_column: 32, end_line: 4, start_line: 4, start_column: 4}, severity: "high", pattern_id: "js-xss-jquery-html", pattern_name: "XSS via jQuery html()", recommendation: "Review this code for potential security issues", confidence: 0.85, pattern_type: :xss}
13:17:25.270 [debug] Match confidence: 0.187425, min_confidence: 0.7, match: %{type: "js-xss-jquery-html", context: %{node_type: "CallExpression", depth: 9, parent_type: "BinaryExpression", in_function: "complexFunction5"}, location: %{depth: 9, end_column: 27, end_line: 4, start_line: 4, start_column: 14}, severity: "high", pattern_id: "js-xss-jquery-html", pattern_name: "XSS via jQuery html()", recommendation: "Review this code for potential security issues", confidence: 0.85, pattern_type: :xss}
13:17:25.270 [debug] Match confidence: 0.187425, min_confidence: 0.7, match: %{type: "js-xss-jquery-html", context: %{node_type: "CallExpression", depth: 5, parent_type: "ReturnStatement", in_function: "complexFunction5"}, location: %{depth: 5, end_column: 40, end_line: 6, start_line: 6, start_column: 9}, severity: "high", pattern_id: "js-xss-jquery-html", pattern_name: "XSS via jQuery html()", recommendation: "Review this code for potential security issues", confidence: 0.85, pattern_type: :xss}
13:17:25.270 [debug] Match confidence: 0.19305000000000005, min_confidence: 0.7, match: %{type: "js-path-traversal-join", context: %{node_type: "CallExpression", depth: 7, parent_type: "ExpressionStatement", in_function: "complexFunction5"}, location: %{depth: 7, end_column: 32, end_line: 4, start_line: 4, start_column: 4}, severity: "medium", pattern_id: "js-path-traversal-join", pattern_name: "Path Traversal via path.join", recommendation: "Review this code for potential security issues", confidence: 0.7, pattern_type: :path_traversal}
13:17:25.270 [debug] Match confidence: 0.19305000000000005, min_confidence: 0.7, match: %{type: "js-path-traversal-join", context: %{node_type: "CallExpression", depth: 9, parent_type: "BinaryExpression", in_function: "complexFunction5"}, location: %{depth: 9, end_column: 27, end_line: 4, start_line: 4, start_column: 14}, severity: "medium", pattern_id: "js-path-traversal-join", pattern_name: "Path Traversal via path.join", recommendation: "Review this code for potential security issues", confidence: 0.7, pattern_type: :path_traversal}
13:17:25.271 [debug] Match confidence: 0.19305000000000005, min_confidence: 0.7, match: %{type: "js-path-traversal-join", context: %{node_type: "CallExpression", depth: 5, parent_type: "ReturnStatement", in_function: "complexFunction5"}, location: %{depth: 5, end_column: 40, end_line: 6, start_line: 6, start_column: 9}, severity: "medium", pattern_id: "js-path-traversal-join", pattern_name: "Path Traversal via path.join", recommendation: "Review this code for potential security issues", confidence: 0.7, pattern_type: :path_traversal}
13:17:25.271 [debug] Match confidence: 0.19305000000000005, min_confidence: 0.7, match: %{type: "js-path-traversal-concat", context: %{node_type: "BinaryExpression", depth: 7, parent_type: "ArrowFunctionExpression", in_function: "complexFunction5"}, location: %{depth: 7, end_column: 36, end_line: 6, start_line: 6, start_column: 31}, severity: "medium", pattern_id: "js-path-traversal-concat", pattern_name: "Path Traversal via String Concatenation", recommendation: "Review this code for potential security issues", confidence: 0.7, pattern_type: :path_traversal}
13:17:25.271 [debug] Match confidence: 0.21450000000000002, min_confidence: 0.7, match: %{type: "js-weak-crypto-md5", context: %{node_type: "CallExpression", depth: 7, parent_type: "ExpressionStatement", in_function: "complexFunction5"}, location: %{depth: 7, end_column: 32, end_line: 4, start_line: 4, start_column: 4}, severity: "medium", pattern_id: "js-weak-crypto-md5", pattern_name: "Weak Cryptography - MD5", recommendation: "Review this code for potential security issues", confidence: 0.7, pattern_type: :weak_crypto}
13:17:25.271 [debug] Match confidence: 0.21450000000000002, min_confidence: 0.7, match: %{type: "js-weak-crypto-md5", context: %{node_type: "CallExpression", depth: 9, parent_type: "BinaryExpression", in_function: "complexFunction5"}, location: %{depth: 9, end_column: 27, end_line: 4, start_line: 4, start_column: 14}, severity: "medium", pattern_id: "js-weak-crypto-md5", pattern_name: "Weak Cryptography - MD5", recommendation: "Review this code for potential security issues", confidence: 0.7, pattern_type: :weak_crypto}
13:17:25.271 [debug] Match confidence: 0.21450000000000002, min_confidence: 0.7, match: %{type: "js-weak-crypto-md5", context: %{node_type: "CallExpression", depth: 5, parent_type: "ReturnStatement", in_function: "complexFunction5"}, location: %{depth: 5, end_column: 40, end_line: 6, start_line: 6, start_column: 9}, severity: "medium", pattern_id: "js-weak-crypto-md5", pattern_name: "Weak Cryptography - MD5", recommendation: "Review this code for potential security issues", confidence: 0.7, pattern_type: :weak_crypto}
13:17:25.271 [debug] Match confidence: 0.21450000000000002, min_confidence: 0.7, match: %{type: "js-weak-crypto-sha1", context: %{node_type: "CallExpression", depth: 7, parent_type: "ExpressionStatement", in_function: "complexFunction5"}, location: %{depth: 7, end_column: 32, end_line: 4, start_line: 4, start_column: 4}, severity: "medium", pattern_id: "js-weak-crypto-sha1", pattern_name: "Weak Cryptography - SHA1", recommendation: "Review this code for potential security issues", confidence: 0.7, pattern_type: :weak_crypto}
13:17:25.271 [debug] Match confidence: 0.21450000000000002, min_confidence: 0.7, match: %{type: "js-weak-crypto-sha1", context: %{node_type: "CallExpression", depth: 9, parent_type: "BinaryExpression", in_function: "complexFunction5"}, location: %{depth: 9, end_column: 27, end_line: 4, start_line: 4, start_column: 14}, severity: "medium", pattern_id: "js-weak-crypto-sha1", pattern_name: "Weak Cryptography - SHA1", recommendation: "Review this code for potential security issues", confidence: 0.7, pattern_type: :weak_crypto}
13:17:25.271 [debug] Match confidence: 0.21450000000000002, min_confidence: 0.7, match: %{type: "js-weak-crypto-sha1", context: %{node_type: "CallExpression", depth: 5, parent_type: "ReturnStatement", in_function: "complexFunction5"}, location: %{depth: 5, end_column: 40, end_line: 6, start_line: 6, start_column: 9}, severity: "medium", pattern_id: "js-weak-crypto-sha1", pattern_name: "Weak Cryptography - SHA1", recommendation: "Review this code for potential security issues", confidence: 0.7, pattern_type: :weak_crypto}
13:17:25.271 [debug] Match confidence: 0.264, min_confidence: 0.7, match: %{type: "js-hardcoded-secret-password", context: %{node_type: "VariableDeclarator", depth: 5, parent_type: "VariableDeclaration", in_function: "complexFunction5"}, location: %{depth: 5, end_column: 15, end_line: 2, start_line: 2, start_column: 6}, severity: "high", pattern_id: "js-hardcoded-secret-password", pattern_name: "Hardcoded Password", recommendation: "Review this code for potential security issues", confidence: 0.9, pattern_type: :hardcoded_secret}
13:17:25.271 [debug] Match confidence: 0.264, min_confidence: 0.7, match: %{type: "js-hardcoded-secret-password", context: %{node_type: "VariableDeclarator", depth: 6, parent_type: "VariableDeclaration", in_function: "complexFunction5"}, location: %{depth: 6, end_column: 16, end_line: 3, start_line: 3, start_column: 11}, severity: "high", pattern_id: "js-hardcoded-secret-password", pattern_name: "Hardcoded Password", recommendation: "Review this code for potential security issues", confidence: 0.9, pattern_type: :hardcoded_secret}
13:17:25.271 [debug] Match confidence: 0.264, min_confidence: 0.7, match: %{type: "js-hardcoded-secret-api-key", context: %{node_type: "VariableDeclarator", depth: 5, parent_type: "VariableDeclaration", in_function: "complexFunction5"}, location: %{depth: 5, end_column: 15, end_line: 2, start_line: 2, start_column: 6}, severity: "high", pattern_id: "js-hardcoded-secret-api-key", pattern_name: "Hardcoded API Key", recommendation: "Review this code for potential security issues", confidence: 0.9, pattern_type: :hardcoded_secret}
13:17:25.271 [debug] Match confidence: 0.264, min_confidence: 0.7, match: %{type: "js-hardcoded-secret-api-key", context: %{node_type: "VariableDeclarator", depth: 6, parent_type: "VariableDeclaration", in_function: "complexFunction5"}, location: %{depth: 6, end_column: 16, end_line: 3, start_line: 3, start_column: 11}, severity: "high", pattern_id: "js-hardcoded-secret-api-key", pattern_name: "Hardcoded API Key", recommendation: "Review this code for potential security issues", confidence: 0.9, pattern_type: :hardcoded_secret}
13:17:25.271 [debug] Match confidence: 0.19305000000000005, min_confidence: 0.7, match: %{type: "js-open-redirect", context: %{node_type: "CallExpression", depth: 7, parent_type: "ExpressionStatement", in_function: "complexFunction5"}, location: %{depth: 7, end_column: 32, end_line: 4, start_line: 4, start_column: 4}, severity: "medium", pattern_id: "js-open-redirect", pattern_name: "Open Redirect Vulnerability", recommendation: "Review this code for potential security issues", confidence: 0.7, pattern_type: :open_redirect}
13:17:25.271 [debug] Match confidence: 0.19305000000000005, min_confidence: 0.7, match: %{type: "js-open-redirect", context: %{node_type: "CallExpression", depth: 9, parent_type: "BinaryExpression", in_function: "complexFunction5"}, location: %{depth: 9, end_column: 27, end_line: 4, start_line: 4, start_column: 14}, severity: "medium", pattern_id: "js-open-redirect", pattern_name: "Open Redirect Vulnerability", recommendation: "Review this code for potential security issues", confidence: 0.7, pattern_type: :open_redirect}
13:17:25.271 [debug] Match confidence: 0.19305000000000005, min_confidence: 0.7, match: %{type: "js-open-redirect", context: %{node_type: "CallExpression", depth: 5, parent_type: "ReturnStatement", in_function: "complexFunction5"}, location: %{depth: 5, end_column: 40, end_line: 6, start_line: 6, start_column: 9}, severity: "medium", pattern_id: "js-open-redirect", pattern_name: "Open Redirect Vulnerability", recommendation: "Review this code for potential security issues", confidence: 0.7, pattern_type: :open_redirect}
13:17:25.271 [debug] Match confidence: 0.21450000000000002, min_confidence: 0.7, match: %{type: "js-insecure-random", context: %{node_type: "CallExpression", depth: 7, parent_type: "ExpressionStatement", in_function: "complexFunction5"}, location: %{depth: 7, end_column: 32, end_line: 4, start_line: 4, start_column: 4}, severity: "medium", pattern_id: "js-insecure-random", pattern_name: "Insecure Random Number Generation", recommendation: "Review this code for potential security issues", confidence: 0.7, pattern_type: :insecure_random}
13:17:25.271 [debug] Match confidence: 0.21450000000000002, min_confidence: 0.7, match: %{type: "js-insecure-random", context: %{node_type: "CallExpression", depth: 9, parent_type: "BinaryExpression", in_function: "complexFunction5"}, location: %{depth: 9, end_column: 27, end_line: 4, start_line: 4, start_column: 14}, severity: "medium", pattern_id: "js-insecure-random", pattern_name: "Insecure Random Number Generation", recommendation: "Review this code for potential security issues", confidence: 0.7, pattern_type: :insecure_random}
13:17:25.271 [debug] Match confidence: 0.21450000000000002, min_confidence: 0.7, match: %{type: "js-insecure-random", context: %{node_type: "CallExpression", depth: 5, parent_type: "ReturnStatement", in_function: "complexFunction5"}, location: %{depth: 5, end_column: 40, end_line: 6, start_line: 6, start_column: 9}, severity: "medium", pattern_id: "js-insecure-random", pattern_name: "Insecure Random Number Generation", recommendation: "Review this code for potential security issues", confidence: 0.7, pattern_type: :insecure_random}
13:17:25.271 [debug] Match confidence: 0.14088749999999997, min_confidence: 0.7, match: %{type: "js-nosql-injection", context: %{node_type: "CallExpression", depth: 7, parent_type: "ExpressionStatement", in_function: "complexFunction5"}, location: %{depth: 7, end_column: 32, end_line: 4, start_line: 4, start_column: 4}, severity: "high", pattern_id: "js-nosql-injection", pattern_name: "NoSQL Injection", recommendation: "Review this code for potential security issues", confidence: 0.85, pattern_type: :nosql_injection}
13:17:25.271 [debug] Match confidence: 0.14088749999999997, min_confidence: 0.7, match: %{type: "js-nosql-injection", context: %{node_type: "CallExpression", depth: 9, parent_type: "BinaryExpression", in_function: "complexFunction5"}, location: %{depth: 9, end_column: 27, end_line: 4, start_line: 4, start_column: 14}, severity: "high", pattern_id: "js-nosql-injection", pattern_name: "NoSQL Injection", recommendation: "Review this code for potential security issues", confidence: 0.85, pattern_type: :nosql_injection}
13:17:25.271 [debug] Match confidence: 0.14088749999999997, min_confidence: 0.7, match: %{type: "js-nosql-injection", context: %{node_type: "CallExpression", depth: 5, parent_type: "ReturnStatement", in_function: "complexFunction5"}, location: %{depth: 5, end_column: 40, end_line: 6, start_line: 6, start_column: 9}, severity: "high", pattern_id: "js-nosql-injection", pattern_name: "NoSQL Injection", recommendation: "Review this code for potential security issues", confidence: 0.85, pattern_type: :nosql_injection}
13:17:25.271 [debug] Match confidence: 0.149175, min_confidence: 0.7, match: %{type: "js-ldap-injection", context: %{node_type: "CallExpression", depth: 7, parent_type: "ExpressionStatement", in_function: "complexFunction5"}, location: %{depth: 7, end_column: 32, end_line: 4, start_line: 4, start_column: 4}, severity: "high", pattern_id: "js-ldap-injection", pattern_name: "LDAP Injection", recommendation: "Review this code for potential security issues", confidence: 0.85, pattern_type: :ldap_injection}
13:17:25.271 [debug] Match confidence: 0.149175, min_confidence: 0.7, match: %{type: "js-ldap-injection", context: %{node_type: "CallExpression", depth: 9, parent_type: "BinaryExpression", in_function: "complexFunction5"}, location: %{depth: 9, end_column: 27, end_line: 4, start_line: 4, start_column: 14}, severity: "high", pattern_id: "js-ldap-injection", pattern_name: "LDAP Injection", recommendation: "Review this code for potential security issues", confidence: 0.85, pattern_type: :ldap_injection}
13:17:25.272 [debug] Match confidence: 0.149175, min_confidence: 0.7, match: %{type: "js-ldap-injection", context: %{node_type: "CallExpression", depth: 5, parent_type: "ReturnStatement", in_function: "complexFunction5"}, location: %{depth: 5, end_column: 40, end_line: 6, start_line: 6, start_column: 9}, severity: "high", pattern_id: "js-ldap-injection", pattern_name: "LDAP Injection", recommendation: "Review this code for potential security issues", confidence: 0.85, pattern_type: :ldap_injection}
13:17:25.272 [debug] Match confidence: 0.149175, min_confidence: 0.7, match: %{type: "js-xpath-injection", context: %{node_type: "CallExpression", depth: 7, parent_type: "ExpressionStatement", in_function: "complexFunction5"}, location: %{depth: 7, end_column: 32, end_line: 4, start_line: 4, start_column: 4}, severity: "high", pattern_id: "js-xpath-injection", pattern_name: "XPath Injection", recommendation: "Review this code for potential security issues", confidence: 0.85, pattern_type: :xpath_injection}
13:17:25.272 [debug] Match confidence: 0.149175, min_confidence: 0.7, match: %{type: "js-xpath-injection", context: %{node_type: "CallExpression", depth: 9, parent_type: "BinaryExpression", in_function: "complexFunction5"}, location: %{depth: 9, end_column: 27, end_line: 4, start_line: 4, start_column: 14}, severity: "high", pattern_id: "js-xpath-injection", pattern_name: "XPath Injection", recommendation: "Review this code for potential security issues", confidence: 0.85, pattern_type: :xpath_injection}
13:17:25.272 [debug] Match confidence: 0.149175, min_confidence: 0.7, match: %{type: "js-xpath-injection", context: %{node_type: "CallExpression", depth: 5, parent_type: "ReturnStatement", in_function: "complexFunction5"}, location: %{depth: 5, end_column: 40, end_line: 6, start_line: 6, start_column: 9}, severity: "high", pattern_id: "js-xpath-injection", pattern_name: "XPath Injection", recommendation: "Review this code for potential security issues", confidence: 0.85, pattern_type: :xpath_injection}
13:17:25.272 [debug] Match confidence: 0.19305000000000005, min_confidence: 0.7, match: %{type: "js-ssrf", context: %{node_type: "CallExpression", depth: 7, parent_type: "ExpressionStatement", in_function: "complexFunction5"}, location: %{depth: 7, end_column: 32, end_line: 4, start_line: 4, start_column: 4}, severity: "medium", pattern_id: "js-ssrf", pattern_name: "Server-Side Request Forgery (SSRF)", recommendation: "Review this code for potential security issues", confidence: 0.7, pattern_type: :ssrf}
13:17:25.272 [debug] Match confidence: 0.19305000000000005, min_confidence: 0.7, match: %{type: "js-ssrf", context: %{node_type: "CallExpression", depth: 9, parent_type: "BinaryExpression", in_function: "complexFunction5"}, location: %{depth: 9, end_column: 27, end_line: 4, start_line: 4, start_column: 14}, severity: "medium", pattern_id: "js-ssrf", pattern_name: "Server-Side Request Forgery (SSRF)", recommendation: "Review this code for potential security issues", confidence: 0.7, pattern_type: :ssrf}
13:17:25.272 [debug] Match confidence: 0.19305000000000005, min_confidence: 0.7, match: %{type: "js-ssrf", context: %{node_type: "CallExpression", depth: 5, parent_type: "ReturnStatement", in_function: "complexFunction5"}, location: %{depth: 5, end_column: 40, end_line: 6, start_line: 6, start_column: 9}, severity: "medium", pattern_id: "js-ssrf", pattern_name: "Server-Side Request Forgery (SSRF)", recommendation: "Review this code for potential security issues", confidence: 0.7, pattern_type: :ssrf}
13:17:25.272 [debug] Match confidence: 0.19305000000000005, min_confidence: 0.7, match: %{type: "js-insecure-deserialization", context: %{node_type: "CallExpression", depth: 7, parent_type: "ExpressionStatement", in_function: "complexFunction5"}, location: %{depth: 7, end_column: 32, end_line: 4, start_line: 4, start_column: 4}, severity: "medium", pattern_id: "js-insecure-deserialization", pattern_name: "Insecure Deserialization", recommendation: "Review this code for potential security issues", confidence: 0.7, pattern_type: :deserialization}
13:17:25.272 [debug] Match confidence: 0.19305000000000005, min_confidence: 0.7, match: %{type: "js-insecure-deserialization", context: %{node_type: "CallExpression", depth: 9, parent_type: "BinaryExpression", in_function: "complexFunction5"}, location: %{depth: 9, end_column: 27, end_line: 4, start_line: 4, start_column: 14}, severity: "medium", pattern_id: "js-insecure-deserialization", pattern_name: "Insecure Deserialization", recommendation: "Review this code for potential security issues", confidence: 0.7, pattern_type: :deserialization}
13:17:25.272 [debug] Match confidence: 0.19305000000000005, min_confidence: 0.7, match: %{type: "js-insecure-deserialization", context: %{node_type: "CallExpression", depth: 5, parent_type: "ReturnStatement", in_function: "complexFunction5"}, location: %{depth: 5, end_column: 40, end_line: 6, start_line: 6, start_column: 9}, severity: "medium", pattern_id: "js-insecure-deserialization", pattern_name: "Insecure Deserialization", recommendation: "Review this code for potential security issues", confidence: 0.7, pattern_type: :deserialization}
13:17:25.272 [debug] Match confidence: 0.19305000000000005, min_confidence: 0.7, match: %{type: "js-jwt-none-algorithm", context: %{node_type: "CallExpression", depth: 7, parent_type: "ExpressionStatement", in_function: "complexFunction5"}, location: %{depth: 7, end_column: 32, end_line: 4, start_line: 4, start_column: 4}, severity: "medium", pattern_id: "js-jwt-none-algorithm", pattern_name: "JWT None Algorithm Vulnerability", recommendation: "Review this code for potential security issues", confidence: 0.7, pattern_type: :authentication}
13:17:25.272 [debug] Match confidence: 0.19305000000000005, min_confidence: 0.7, match: %{type: "js-jwt-none-algorithm", context: %{node_type: "CallExpression", depth: 9, parent_type: "BinaryExpression", in_function: "complexFunction5"}, location: %{depth: 9, end_column: 27, end_line: 4, start_line: 4, start_column: 14}, severity: "medium", pattern_id: "js-jwt-none-algorithm", pattern_name: "JWT None Algorithm Vulnerability", recommendation: "Review this code for potential security issues", confidence: 0.7, pattern_type: :authentication}
13:17:25.272 [debug] Match confidence: 0.19305000000000005, min_confidence: 0.7, match: %{type: "js-jwt-none-algorithm", context: %{node_type: "CallExpression", depth: 5, parent_type: "ReturnStatement", in_function: "complexFunction5"}, location: %{depth: 5, end_column: 40, end_line: 6, start_line: 6, start_column: 9}, severity: "medium", pattern_id: "js-jwt-none-algorithm", pattern_name: "JWT None Algorithm Vulnerability", recommendation: "Review this code for potential security issues", confidence: 0.7, pattern_type: :authentication}
13:17:25.272 [debug] Match confidence: 0.19305000000000005, min_confidence: 0.7, match: %{type: "js-debug-console-log", context: %{node_type: "CallExpression", depth: 7, parent_type: "ExpressionStatement", in_function: "complexFunction5"}, location: %{depth: 7, end_column: 32, end_line: 4, start_line: 4, start_column: 4}, severity: "medium", pattern_id: "js-debug-console-log", pattern_name: "Sensitive Data in Console Logs", recommendation: "Review this code for potential security issues", confidence: 0.7, pattern_type: :information_disclosure}
13:17:25.272 [debug] Match confidence: 0.19305000000000005, min_confidence: 0.7, match: %{type: "js-debug-console-log", context: %{node_type: "CallExpression", depth: 9, parent_type: "BinaryExpression", in_function: "complexFunction5"}, location: %{depth: 9, end_column: 27, end_line: 4, start_line: 4, start_column: 14}, severity: "medium", pattern_id: "js-debug-console-log", pattern_name: "Sensitive Data in Console Logs", recommendation: "Review this code for potential security issues", confidence: 0.7, pattern_type: :information_disclosure}
13:17:25.272 [debug] Match confidence: 0.19305000000000005, min_confidence: 0.7, match: %{type: "js-debug-console-log", context: %{node_type: "CallExpression", depth: 5, parent_type: "ReturnStatement", in_function: "complexFunction5"}, location: %{depth: 5, end_column: 40, end_line: 6, start_line: 6, start_column: 9}, severity: "medium", pattern_id: "js-debug-console-log", pattern_name: "Sensitive Data in Console Logs", recommendation: "Review this code for potential security issues", confidence: 0.7, pattern_type: :information_disclosure}
13:17:25.272 [info] AnalysisService: Loaded 30 patterns for javascript
13:17:25.278 [info] AnalysisService: Found 47 matches
13:17:25.278 [debug] Match confidence: 0.187425, min_confidence: 0.7, match: %{type: "js-xss-document-write", context: %{node_type: "CallExpression", depth: 7, parent_type: "ExpressionStatement", in_function: "complexFunction6"}, location: %{depth: 7, end_column: 32, end_line: 4, start_line: 4, start_column: 4}, severity: "high", pattern_id: "js-xss-document-write", pattern_name: "Cross-Site Scripting (XSS) via document.write", recommendation: "Review this code for potential security issues", confidence: 0.85, pattern_type: :xss}
13:17:25.278 [debug] Match confidence: 0.187425, min_confidence: 0.7, match: %{type: "js-xss-document-write", context: %{node_type: "CallExpression", depth: 9, parent_type: "BinaryExpression", in_function: "complexFunction6"}, location: %{depth: 9, end_column: 27, end_line: 4, start_line: 4, start_column: 14}, severity: "high", pattern_id: "js-xss-document-write", pattern_name: "Cross-Site Scripting (XSS) via document.write", recommendation: "Review this code for potential security issues", confidence: 0.85, pattern_type: :xss}
13:17:25.278 [debug] Match confidence: 0.187425, min_confidence: 0.7, match: %{type: "js-xss-document-write", context: %{node_type: "CallExpression", depth: 5, parent_type: "ReturnStatement", in_function: "complexFunction6"}, location: %{depth: 5, end_column: 40, end_line: 6, start_line: 6, start_column: 9}, severity: "high", pattern_id: "js-xss-document-write", pattern_name: "Cross-Site Scripting (XSS) via document.write", recommendation: "Review this code for potential security issues", confidence: 0.85, pattern_type: :xss}
13:17:25.278 [debug] Match confidence: 0.187425, min_confidence: 0.7, match: %{type: "js-xss-jquery-html", context: %{node_type: "CallExpression", depth: 7, parent_type: "ExpressionStatement", in_function: "complexFunction6"}, location: %{depth: 7, end_column: 32, end_line: 4, start_line: 4, start_column: 4}, severity: "high", pattern_id: "js-xss-jquery-html", pattern_name: "XSS via jQuery html()", recommendation: "Review this code for potential security issues", confidence: 0.85, pattern_type: :xss}
13:17:25.278 [debug] Match confidence: 0.187425, min_confidence: 0.7, match: %{type: "js-xss-jquery-html", context: %{node_type: "CallExpression", depth: 9, parent_type: "BinaryExpression", in_function: "complexFunction6"}, location: %{depth: 9, end_column: 27, end_line: 4, start_line: 4, start_column: 14}, severity: "high", pattern_id: "js-xss-jquery-html", pattern_name: "XSS via jQuery html()", recommendation: "Review this code for potential security issues", confidence: 0.85, pattern_type: :xss}
13:17:25.278 [debug] Match confidence: 0.187425, min_confidence: 0.7, match: %{type: "js-xss-jquery-html", context: %{node_type: "CallExpression", depth: 5, parent_type: "ReturnStatement", in_function: "complexFunction6"}, location: %{depth: 5, end_column: 40, end_line: 6, start_line: 6, start_column: 9}, severity: "high", pattern_id: "js-xss-jquery-html", pattern_name: "XSS via jQuery html()", recommendation: "Review this code for potential security issues", confidence: 0.85, pattern_type: :xss}
13:17:25.278 [debug] Match confidence: 0.19305000000000005, min_confidence: 0.7, match: %{type: "js-path-traversal-join", context: %{node_type: "CallExpression", depth: 7, parent_type: "ExpressionStatement", in_function: "complexFunction6"}, location: %{depth: 7, end_column: 32, end_line: 4, start_line: 4, start_column: 4}, severity: "medium", pattern_id: "js-path-traversal-join", pattern_name: "Path Traversal via path.join", recommendation: "Review this code for potential security issues", confidence: 0.7, pattern_type: :path_traversal}
13:17:25.279 [debug] Match confidence: 0.19305000000000005, min_confidence: 0.7, match: %{type: "js-path-traversal-join", context: %{node_type: "CallExpression", depth: 9, parent_type: "BinaryExpression", in_function: "complexFunction6"}, location: %{depth: 9, end_column: 27, end_line: 4, start_line: 4, start_column: 14}, severity: "medium", pattern_id: "js-path-traversal-join", pattern_name: "Path Traversal via path.join", recommendation: "Review this code for potential security issues", confidence: 0.7, pattern_type: :path_traversal}
13:17:25.279 [debug] Match confidence: 0.19305000000000005, min_confidence: 0.7, match: %{type: "js-path-traversal-join", context: %{node_type: "CallExpression", depth: 5, parent_type: "ReturnStatement", in_function: "complexFunction6"}, location: %{depth: 5, end_column: 40, end_line: 6, start_line: 6, start_column: 9}, severity: "medium", pattern_id: "js-path-traversal-join", pattern_name: "Path Traversal via path.join", recommendation: "Review this code for potential security issues", confidence: 0.7, pattern_type: :path_traversal}
13:17:25.279 [debug] Match confidence: 0.19305000000000005, min_confidence: 0.7, match: %{type: "js-path-traversal-concat", context: %{node_type: "BinaryExpression", depth: 7, parent_type: "ArrowFunctionExpression", in_function: "complexFunction6"}, location: %{depth: 7, end_column: 36, end_line: 6, start_line: 6, start_column: 31}, severity: "medium", pattern_id: "js-path-traversal-concat", pattern_name: "Path Traversal via String Concatenation", recommendation: "Review this code for potential security issues", confidence: 0.7, pattern_type: :path_traversal}
13:17:25.279 [debug] Match confidence: 0.21450000000000002, min_confidence: 0.7, match: %{type: "js-weak-crypto-md5", context: %{node_type: "CallExpression", depth: 7, parent_type: "ExpressionStatement", in_function: "complexFunction6"}, location: %{depth: 7, end_column: 32, end_line: 4, start_line: 4, start_column: 4}, severity: "medium", pattern_id: "js-weak-crypto-md5", pattern_name: "Weak Cryptography - MD5", recommendation: "Review this code for potential security issues", confidence: 0.7, pattern_type: :weak_crypto}
13:17:25.279 [debug] Match confidence: 0.21450000000000002, min_confidence: 0.7, match: %{type: "js-weak-crypto-md5", context: %{node_type: "CallExpression", depth: 9, parent_type: "BinaryExpression", in_function: "complexFunction6"}, location: %{depth: 9, end_column: 27, end_line: 4, start_line: 4, start_column: 14}, severity: "medium", pattern_id: "js-weak-crypto-md5", pattern_name: "Weak Cryptography - MD5", recommendation: "Review this code for potential security issues", confidence: 0.7, pattern_type: :weak_crypto}
13:17:25.279 [debug] Match confidence: 0.21450000000000002, min_confidence: 0.7, match: %{type: "js-weak-crypto-md5", context: %{node_type: "CallExpression", depth: 5, parent_type: "ReturnStatement", in_function: "complexFunction6"}, location: %{depth: 5, end_column: 40, end_line: 6, start_line: 6, start_column: 9}, severity: "medium", pattern_id: "js-weak-crypto-md5", pattern_name: "Weak Cryptography - MD5", recommendation: "Review this code for potential security issues", confidence: 0.7, pattern_type: :weak_crypto}
13:17:25.279 [debug] Match confidence: 0.21450000000000002, min_confidence: 0.7, match: %{type: "js-weak-crypto-sha1", context: %{node_type: "CallExpression", depth: 7, parent_type: "ExpressionStatement", in_function: "complexFunction6"}, location: %{depth: 7, end_column: 32, end_line: 4, start_line: 4, start_column: 4}, severity: "medium", pattern_id: "js-weak-crypto-sha1", pattern_name: "Weak Cryptography - SHA1", recommendation: "Review this code for potential security issues", confidence: 0.7, pattern_type: :weak_crypto}
13:17:25.279 [debug] Match confidence: 0.21450000000000002, min_confidence: 0.7, match: %{type: "js-weak-crypto-sha1", context: %{node_type: "CallExpression", depth: 9, parent_type: "BinaryExpression", in_function: "complexFunction6"}, location: %{depth: 9, end_column: 27, end_line: 4, start_line: 4, start_column: 14}, severity: "medium", pattern_id: "js-weak-crypto-sha1", pattern_name: "Weak Cryptography - SHA1", recommendation: "Review this code for potential security issues", confidence: 0.7, pattern_type: :weak_crypto}
13:17:25.279 [debug] Match confidence: 0.21450000000000002, min_confidence: 0.7, match: %{type: "js-weak-crypto-sha1", context: %{node_type: "CallExpression", depth: 5, parent_type: "ReturnStatement", in_function: "complexFunction6"}, location: %{depth: 5, end_column: 40, end_line: 6, start_line: 6, start_column: 9}, severity: "medium", pattern_id: "js-weak-crypto-sha1", pattern_name: "Weak Cryptography - SHA1", recommendation: "Review this code for potential security issues", confidence: 0.7, pattern_type: :weak_crypto}
13:17:25.279 [debug] Match confidence: 0.264, min_confidence: 0.7, match: %{type: "js-hardcoded-secret-password", context: %{node_type: "VariableDeclarator", depth: 5, parent_type: "VariableDeclaration", in_function: "complexFunction6"}, location: %{depth: 5, end_column: 15, end_line: 2, start_line: 2, start_column: 6}, severity: "high", pattern_id: "js-hardcoded-secret-password", pattern_name: "Hardcoded Password", recommendation: "Review this code for potential security issues", confidence: 0.9, pattern_type: :hardcoded_secret}
13:17:25.279 [debug] Match confidence: 0.264, min_confidence: 0.7, match: %{type: "js-hardcoded-secret-password", context: %{node_type: "VariableDeclarator", depth: 6, parent_type: "VariableDeclaration", in_function: "complexFunction6"}, location: %{depth: 6, end_column: 16, end_line: 3, start_line: 3, start_column: 11}, severity: "high", pattern_id: "js-hardcoded-secret-password", pattern_name: "Hardcoded Password", recommendation: "Review this code for potential security issues", confidence: 0.9, pattern_type: :hardcoded_secret}
13:17:25.279 [debug] Match confidence: 0.264, min_confidence: 0.7, match: %{type: "js-hardcoded-secret-api-key", context: %{node_type: "VariableDeclarator", depth: 5, parent_type: "VariableDeclaration", in_function: "complexFunction6"}, location: %{depth: 5, end_column: 15, end_line: 2, start_line: 2, start_column: 6}, severity: "high", pattern_id: "js-hardcoded-secret-api-key", pattern_name: "Hardcoded API Key", recommendation: "Review this code for potential security issues", confidence: 0.9, pattern_type: :hardcoded_secret}
13:17:25.279 [debug] Match confidence: 0.264, min_confidence: 0.7, match: %{type: "js-hardcoded-secret-api-key", context: %{node_type: "VariableDeclarator", depth: 6, parent_type: "VariableDeclaration", in_function: "complexFunction6"}, location: %{depth: 6, end_column: 16, end_line: 3, start_line: 3, start_column: 11}, severity: "high", pattern_id: "js-hardcoded-secret-api-key", pattern_name: "Hardcoded API Key", recommendation: "Review this code for potential security issues", confidence: 0.9, pattern_type: :hardcoded_secret}
13:17:25.279 [debug] Match confidence: 0.19305000000000005, min_confidence: 0.7, match: %{type: "js-open-redirect", context: %{node_type: "CallExpression", depth: 7, parent_type: "ExpressionStatement", in_function: "complexFunction6"}, location: %{depth: 7, end_column: 32, end_line: 4, start_line: 4, start_column: 4}, severity: "medium", pattern_id: "js-open-redirect", pattern_name: "Open Redirect Vulnerability", recommendation: "Review this code for potential security issues", confidence: 0.7, pattern_type: :open_redirect}
13:17:25.279 [debug] Match confidence: 0.19305000000000005, min_confidence: 0.7, match: %{type: "js-open-redirect", context: %{node_type: "CallExpression", depth: 9, parent_type: "BinaryExpression", in_function: "complexFunction6"}, location: %{depth: 9, end_column: 27, end_line: 4, start_line: 4, start_column: 14}, severity: "medium", pattern_id: "js-open-redirect", pattern_name: "Open Redirect Vulnerability", recommendation: "Review this code for potential security issues", confidence: 0.7, pattern_type: :open_redirect}
13:17:25.279 [debug] Match confidence: 0.19305000000000005, min_confidence: 0.7, match: %{type: "js-open-redirect", context: %{node_type: "CallExpression", depth: 5, parent_type: "ReturnStatement", in_function: "complexFunction6"}, location: %{depth: 5, end_column: 40, end_line: 6, start_line: 6, start_column: 9}, severity: "medium", pattern_id: "js-open-redirect", pattern_name: "Open Redirect Vulnerability", recommendation: "Review this code for potential security issues", confidence: 0.7, pattern_type: :open_redirect}
13:17:25.279 [debug] Match confidence: 0.21450000000000002, min_confidence: 0.7, match: %{type: "js-insecure-random", context: %{node_type: "CallExpression", depth: 7, parent_type: "ExpressionStatement", in_function: "complexFunction6"}, location: %{depth: 7, end_column: 32, end_line: 4, start_line: 4, start_column: 4}, severity: "medium", pattern_id: "js-insecure-random", pattern_name: "Insecure Random Number Generation", recommendation: "Review this code for potential security issues", confidence: 0.7, pattern_type: :insecure_random}
13:17:25.279 [debug] Match confidence: 0.21450000000000002, min_confidence: 0.7, match: %{type: "js-insecure-random", context: %{node_type: "CallExpression", depth: 9, parent_type: "BinaryExpression", in_function: "complexFunction6"}, location: %{depth: 9, end_column: 27, end_line: 4, start_line: 4, start_column: 14}, severity: "medium", pattern_id: "js-insecure-random", pattern_name: "Insecure Random Number Generation", recommendation: "Review this code for potential security issues", confidence: 0.7, pattern_type: :insecure_random}
13:17:25.279 [debug] Match confidence: 0.21450000000000002, min_confidence: 0.7, match: %{type: "js-insecure-random", context: %{node_type: "CallExpression", depth: 5, parent_type: "ReturnStatement", in_function: "complexFunction6"}, location: %{depth: 5, end_column: 40, end_line: 6, start_line: 6, start_column: 9}, severity: "medium", pattern_id: "js-insecure-random", pattern_name: "Insecure Random Number Generation", recommendation: "Review this code for potential security issues", confidence: 0.7, pattern_type: :insecure_random}
13:17:25.279 [debug] Match confidence: 0.14088749999999997, min_confidence: 0.7, match: %{type: "js-nosql-injection", context: %{node_type: "CallExpression", depth: 7, parent_type: "ExpressionStatement", in_function: "complexFunction6"}, location: %{depth: 7, end_column: 32, end_line: 4, start_line: 4, start_column: 4}, severity: "high", pattern_id: "js-nosql-injection", pattern_name: "NoSQL Injection", recommendation: "Review this code for potential security issues", confidence: 0.85, pattern_type: :nosql_injection}
13:17:25.279 [debug] Match confidence: 0.14088749999999997, min_confidence: 0.7, match: %{type: "js-nosql-injection", context: %{node_type: "CallExpression", depth: 9, parent_type: "BinaryExpression", in_function: "complexFunction6"}, location: %{depth: 9, end_column: 27, end_line: 4, start_line: 4, start_column: 14}, severity: "high", pattern_id: "js-nosql-injection", pattern_name: "NoSQL Injection", recommendation: "Review this code for potential security issues", confidence: 0.85, pattern_type: :nosql_injection}
13:17:25.279 [debug] Match confidence: 0.14088749999999997, min_confidence: 0.7, match: %{type: "js-nosql-injection", context: %{node_type: "CallExpression", depth: 5, parent_type: "ReturnStatement", in_function: "complexFunction6"}, location: %{depth: 5, end_column: 40, end_line: 6, start_line: 6, start_column: 9}, severity: "high", pattern_id: "js-nosql-injection", pattern_name: "NoSQL Injection", recommendation: "Review this code for potential security issues", confidence: 0.85, pattern_type: :nosql_injection}
13:17:25.279 [debug] Match confidence: 0.149175, min_confidence: 0.7, match: %{type: "js-ldap-injection", context: %{node_type: "CallExpression", depth: 7, parent_type: "ExpressionStatement", in_function: "complexFunction6"}, location: %{depth: 7, end_column: 32, end_line: 4, start_line: 4, start_column: 4}, severity: "high", pattern_id: "js-ldap-injection", pattern_name: "LDAP Injection", recommendation: "Review this code for potential security issues", confidence: 0.85, pattern_type: :ldap_injection}
13:17:25.280 [debug] Match confidence: 0.149175, min_confidence: 0.7, match: %{type: "js-ldap-injection", context: %{node_type: "CallExpression", depth: 9, parent_type: "BinaryExpression", in_function: "complexFunction6"}, location: %{depth: 9, end_column: 27, end_line: 4, start_line: 4, start_column: 14}, severity: "high", pattern_id: "js-ldap-injection", pattern_name: "LDAP Injection", recommendation: "Review this code for potential security issues", confidence: 0.85, pattern_type: :ldap_injection}
13:17:25.280 [debug] Match confidence: 0.149175, min_confidence: 0.7, match: %{type: "js-ldap-injection", context: %{node_type: "CallExpression", depth: 5, parent_type: "ReturnStatement", in_function: "complexFunction6"}, location: %{depth: 5, end_column: 40, end_line: 6, start_line: 6, start_column: 9}, severity: "high", pattern_id: "js-ldap-injection", pattern_name: "LDAP Injection", recommendation: "Review this code for potential security issues", confidence: 0.85, pattern_type: :ldap_injection}
13:17:25.280 [debug] Match confidence: 0.149175, min_confidence: 0.7, match: %{type: "js-xpath-injection", context: %{node_type: "CallExpression", depth: 7, parent_type: "ExpressionStatement", in_function: "complexFunction6"}, location: %{depth: 7, end_column: 32, end_line: 4, start_line: 4, start_column: 4}, severity: "high", pattern_id: "js-xpath-injection", pattern_name: "XPath Injection", recommendation: "Review this code for potential security issues", confidence: 0.85, pattern_type: :xpath_injection}
13:17:25.280 [debug] Match confidence: 0.149175, min_confidence: 0.7, match: %{type: "js-xpath-injection", context: %{node_type: "CallExpression", depth: 9, parent_type: "BinaryExpression", in_function: "complexFunction6"}, location: %{depth: 9, end_column: 27, end_line: 4, start_line: 4, start_column: 14}, severity: "high", pattern_id: "js-xpath-injection", pattern_name: "XPath Injection", recommendation: "Review this code for potential security issues", confidence: 0.85, pattern_type: :xpath_injection}
13:17:25.280 [debug] Match confidence: 0.149175, min_confidence: 0.7, match: %{type: "js-xpath-injection", context: %{node_type: "CallExpression", depth: 5, parent_type: "ReturnStatement", in_function: "complexFunction6"}, location: %{depth: 5, end_column: 40, end_line: 6, start_line: 6, start_column: 9}, severity: "high", pattern_id: "js-xpath-injection", pattern_name: "XPath Injection", recommendation: "Review this code for potential security issues", confidence: 0.85, pattern_type: :xpath_injection}
13:17:25.280 [debug] Match confidence: 0.19305000000000005, min_confidence: 0.7, match: %{type: "js-ssrf", context: %{node_type: "CallExpression", depth: 7, parent_type: "ExpressionStatement", in_function: "complexFunction6"}, location: %{depth: 7, end_column: 32, end_line: 4, start_line: 4, start_column: 4}, severity: "medium", pattern_id: "js-ssrf", pattern_name: "Server-Side Request Forgery (SSRF)", recommendation: "Review this code for potential security issues", confidence: 0.7, pattern_type: :ssrf}
13:17:25.280 [debug] Match confidence: 0.19305000000000005, min_confidence: 0.7, match: %{type: "js-ssrf", context: %{node_type: "CallExpression", depth: 9, parent_type: "BinaryExpression", in_function: "complexFunction6"}, location: %{depth: 9, end_column: 27, end_line: 4, start_line: 4, start_column: 14}, severity: "medium", pattern_id: "js-ssrf", pattern_name: "Server-Side Request Forgery (SSRF)", recommendation: "Review this code for potential security issues", confidence: 0.7, pattern_type: :ssrf}
13:17:25.280 [debug] Match confidence: 0.19305000000000005, min_confidence: 0.7, match: %{type: "js-ssrf", context: %{node_type: "CallExpression", depth: 5, parent_type: "ReturnStatement", in_function: "complexFunction6"}, location: %{depth: 5, end_column: 40, end_line: 6, start_line: 6, start_column: 9}, severity: "medium", pattern_id: "js-ssrf", pattern_name: "Server-Side Request Forgery (SSRF)", recommendation: "Review this code for potential security issues", confidence: 0.7, pattern_type: :ssrf}
13:17:25.280 [debug] Match confidence: 0.19305000000000005, min_confidence: 0.7, match: %{type: "js-insecure-deserialization", context: %{node_type: "CallExpression", depth: 7, parent_type: "ExpressionStatement", in_function: "complexFunction6"}, location: %{depth: 7, end_column: 32, end_line: 4, start_line: 4, start_column: 4}, severity: "medium", pattern_id: "js-insecure-deserialization", pattern_name: "Insecure Deserialization", recommendation: "Review this code for potential security issues", confidence: 0.7, pattern_type: :deserialization}
13:17:25.280 [debug] Match confidence: 0.19305000000000005, min_confidence: 0.7, match: %{type: "js-insecure-deserialization", context: %{node_type: "CallExpression", depth: 9, parent_type: "BinaryExpression", in_function: "complexFunction6"}, location: %{depth: 9, end_column: 27, end_line: 4, start_line: 4, start_column: 14}, severity: "medium", pattern_id: "js-insecure-deserialization", pattern_name: "Insecure Deserialization", recommendation: "Review this code for potential security issues", confidence: 0.7, pattern_type: :deserialization}
13:17:25.280 [debug] Match confidence: 0.19305000000000005, min_confidence: 0.7, match: %{type: "js-insecure-deserialization", context: %{node_type: "CallExpression", depth: 5, parent_type: "ReturnStatement", in_function: "complexFunction6"}, location: %{depth: 5, end_column: 40, end_line: 6, start_line: 6, start_column: 9}, severity: "medium", pattern_id: "js-insecure-deserialization", pattern_name: "Insecure Deserialization", recommendation: "Review this code for potential security issues", confidence: 0.7, pattern_type: :deserialization}
13:17:25.280 [debug] Match confidence: 0.19305000000000005, min_confidence: 0.7, match: %{type: "js-jwt-none-algorithm", context: %{node_type: "CallExpression", depth: 7, parent_type: "ExpressionStatement", in_function: "complexFunction6"}, location: %{depth: 7, end_column: 32, end_line: 4, start_line: 4, start_column: 4}, severity: "medium", pattern_id: "js-jwt-none-algorithm", pattern_name: "JWT None Algorithm Vulnerability", recommendation: "Review this code for potential security issues", confidence: 0.7, pattern_type: :authentication}
13:17:25.280 [debug] Match confidence: 0.19305000000000005, min_confidence: 0.7, match: %{type: "js-jwt-none-algorithm", context: %{node_type: "CallExpression", depth: 9, parent_type: "BinaryExpression", in_function: "complexFunction6"}, location: %{depth: 9, end_column: 27, end_line: 4, start_line: 4, start_column: 14}, severity: "medium", pattern_id: "js-jwt-none-algorithm", pattern_name: "JWT None Algorithm Vulnerability", recommendation: "Review this code for potential security issues", confidence: 0.7, pattern_type: :authentication}
13:17:25.280 [debug] Match confidence: 0.19305000000000005, min_confidence: 0.7, match: %{type: "js-jwt-none-algorithm", context: %{node_type: "CallExpression", depth: 5, parent_type: "ReturnStatement", in_function: "complexFunction6"}, location: %{depth: 5, end_column: 40, end_line: 6, start_line: 6, start_column: 9}, severity: "medium", pattern_id: "js-jwt-none-algorithm", pattern_name: "JWT None Algorithm Vulnerability", recommendation: "Review this code for potential security issues", confidence: 0.7, pattern_type: :authentication}
13:17:25.280 [debug] Match confidence: 0.19305000000000005, min_confidence: 0.7, match: %{type: "js-debug-console-log", context: %{node_type: "CallExpression", depth: 7, parent_type: "ExpressionStatement", in_function: "complexFunction6"}, location: %{depth: 7, end_column: 32, end_line: 4, start_line: 4, start_column: 4}, severity: "medium", pattern_id: "js-debug-console-log", pattern_name: "Sensitive Data in Console Logs", recommendation: "Review this code for potential security issues", confidence: 0.7, pattern_type: :information_disclosure}
13:17:25.280 [debug] Match confidence: 0.19305000000000005, min_confidence: 0.7, match: %{type: "js-debug-console-log", context: %{node_type: "CallExpression", depth: 9, parent_type: "BinaryExpression", in_function: "complexFunction6"}, location: %{depth: 9, end_column: 27, end_line: 4, start_line: 4, start_column: 14}, severity: "medium", pattern_id: "js-debug-console-log", pattern_name: "Sensitive Data in Console Logs", recommendation: "Review this code for potential security issues", confidence: 0.7, pattern_type: :information_disclosure}
13:17:25.280 [debug] Match confidence: 0.19305000000000005, min_confidence: 0.7, match: %{type: "js-debug-console-log", context: %{node_type: "CallExpression", depth: 5, parent_type: "ReturnStatement", in_function: "complexFunction6"}, location: %{depth: 5, end_column: 40, end_line: 6, start_line: 6, start_column: 9}, severity: "medium", pattern_id: "js-debug-console-log", pattern_name: "Sensitive Data in Console Logs", recommendation: "Review this code for potential security issues", confidence: 0.7, pattern_type: :information_disclosure}
13:17:25.280 [info] AnalysisService: Loaded 30 patterns for javascript
13:17:25.283 [info] AnalysisService: Found 47 matches
13:17:25.283 [debug] Match confidence: 0.187425, min_confidence: 0.7, match: %{type: "js-xss-document-write", context: %{node_type: "CallExpression", depth: 7, parent_type: "ExpressionStatement", in_function: "complexFunction7"}, location: %{depth: 7, end_column: 32, end_line: 4, start_line: 4, start_column: 4}, severity: "high", pattern_id: "js-xss-document-write", pattern_name: "Cross-Site Scripting (XSS) via document.write", recommendation: "Review this code for potential security issues", confidence: 0.85, pattern_type: :xss}
13:17:25.284 [debug] Match confidence: 0.187425, min_confidence: 0.7, match: %{type: "js-xss-document-write", context: %{node_type: "CallExpression", depth: 9, parent_type: "BinaryExpression", in_function: "complexFunction7"}, location: %{depth: 9, end_column: 27, end_line: 4, start_line: 4, start_column: 14}, severity: "high", pattern_id: "js-xss-document-write", pattern_name: "Cross-Site Scripting (XSS) via document.write", recommendation: "Review this code for potential security issues", confidence: 0.85, pattern_type: :xss}
13:17:25.284 [debug] Match confidence: 0.187425, min_confidence: 0.7, match: %{type: "js-xss-document-write", context: %{node_type: "CallExpression", depth: 5, parent_type: "ReturnStatement", in_function: "complexFunction7"}, location: %{depth: 5, end_column: 40, end_line: 6, start_line: 6, start_column: 9}, severity: "high", pattern_id: "js-xss-document-write", pattern_name: "Cross-Site Scripting (XSS) via document.write", recommendation: "Review this code for potential security issues", confidence: 0.85, pattern_type: :xss}
13:17:25.284 [debug] Match confidence: 0.187425, min_confidence: 0.7, match: %{type: "js-xss-jquery-html", context: %{node_type: "CallExpression", depth: 7, parent_type: "ExpressionStatement", in_function: "complexFunction7"}, location: %{depth: 7, end_column: 32, end_line: 4, start_line: 4, start_column: 4}, severity: "high", pattern_id: "js-xss-jquery-html", pattern_name: "XSS via jQuery html()", recommendation: "Review this code for potential security issues", confidence: 0.85, pattern_type: :xss}
13:17:25.284 [debug] Match confidence: 0.187425, min_confidence: 0.7, match: %{type: "js-xss-jquery-html", context: %{node_type: "CallExpression", depth: 9, parent_type: "BinaryExpression", in_function: "complexFunction7"}, location: %{depth: 9, end_column: 27, end_line: 4, start_line: 4, start_column: 14}, severity: "high", pattern_id: "js-xss-jquery-html", pattern_name: "XSS via jQuery html()", recommendation: "Review this code for potential security issues", confidence: 0.85, pattern_type: :xss}
13:17:25.284 [debug] Match confidence: 0.187425, min_confidence: 0.7, match: %{type: "js-xss-jquery-html", context: %{node_type: "CallExpression", depth: 5, parent_type: "ReturnStatement", in_function: "complexFunction7"}, location: %{depth: 5, end_column: 40, end_line: 6, start_line: 6, start_column: 9}, severity: "high", pattern_id: "js-xss-jquery-html", pattern_name: "XSS via jQuery html()", recommendation: "Review this code for potential security issues", confidence: 0.85, pattern_type: :xss}
13:17:25.284 [debug] Match confidence: 0.19305000000000005, min_confidence: 0.7, match: %{type: "js-path-traversal-join", context: %{node_type: "CallExpression", depth: 7, parent_type: "ExpressionStatement", in_function: "complexFunction7"}, location: %{depth: 7, end_column: 32, end_line: 4, start_line: 4, start_column: 4}, severity: "medium", pattern_id: "js-path-traversal-join", pattern_name: "Path Traversal via path.join", recommendation: "Review this code for potential security issues", confidence: 0.7, pattern_type: :path_traversal}
13:17:25.284 [debug] Match confidence: 0.19305000000000005, min_confidence: 0.7, match: %{type: "js-path-traversal-join", context: %{node_type: "CallExpression", depth: 9, parent_type: "BinaryExpression", in_function: "complexFunction7"}, location: %{depth: 9, end_column: 27, end_line: 4, start_line: 4, start_column: 14}, severity: "medium", pattern_id: "js-path-traversal-join", pattern_name: "Path Traversal via path.join", recommendation: "Review this code for potential security issues", confidence: 0.7, pattern_type: :path_traversal}
13:17:25.284 [debug] Match confidence: 0.19305000000000005, min_confidence: 0.7, match: %{type: "js-path-traversal-join", context: %{node_type: "CallExpression", depth: 5, parent_type: "ReturnStatement", in_function: "complexFunction7"}, location: %{depth: 5, end_column: 40, end_line: 6, start_line: 6, start_column: 9}, severity: "medium", pattern_id: "js-path-traversal-join", pattern_name: "Path Traversal via path.join", recommendation: "Review this code for potential security issues", confidence: 0.7, pattern_type: :path_traversal}
13:17:25.284 [debug] Match confidence: 0.19305000000000005, min_confidence: 0.7, match: %{type: "js-path-traversal-concat", context: %{node_type: "BinaryExpression", depth: 7, parent_type: "ArrowFunctionExpression", in_function: "complexFunction7"}, location: %{depth: 7, end_column: 36, end_line: 6, start_line: 6, start_column: 31}, severity: "medium", pattern_id: "js-path-traversal-concat", pattern_name: "Path Traversal via String Concatenation", recommendation: "Review this code for potential security issues", confidence: 0.7, pattern_type: :path_traversal}
13:17:25.284 [debug] Match confidence: 0.21450000000000002, min_confidence: 0.7, match: %{type: "js-weak-crypto-md5", context: %{node_type: "CallExpression", depth: 7, parent_type: "ExpressionStatement", in_function: "complexFunction7"}, location: %{depth: 7, end_column: 32, end_line: 4, start_line: 4, start_column: 4}, severity: "medium", pattern_id: "js-weak-crypto-md5", pattern_name: "Weak Cryptography - MD5", recommendation: "Review this code for potential security issues", confidence: 0.7, pattern_type: :weak_crypto}
13:17:25.284 [debug] Match confidence: 0.21450000000000002, min_confidence: 0.7, match: %{type: "js-weak-crypto-md5", context: %{node_type: "CallExpression", depth: 9, parent_type: "BinaryExpression", in_function: "complexFunction7"}, location: %{depth: 9, end_column: 27, end_line: 4, start_line: 4, start_column: 14}, severity: "medium", pattern_id: "js-weak-crypto-md5", pattern_name: "Weak Cryptography - MD5", recommendation: "Review this code for potential security issues", confidence: 0.7, pattern_type: :weak_crypto}
13:17:25.284 [debug] Match confidence: 0.21450000000000002, min_confidence: 0.7, match: %{type: "js-weak-crypto-md5", context: %{node_type: "CallExpression", depth: 5, parent_type: "ReturnStatement", in_function: "complexFunction7"}, location: %{depth: 5, end_column: 40, end_line: 6, start_line: 6, start_column: 9}, severity: "medium", pattern_id: "js-weak-crypto-md5", pattern_name: "Weak Cryptography - MD5", recommendation: "Review this code for potential security issues", confidence: 0.7, pattern_type: :weak_crypto}
13:17:25.284 [debug] Match confidence: 0.21450000000000002, min_confidence: 0.7, match: %{type: "js-weak-crypto-sha1", context: %{node_type: "CallExpression", depth: 7, parent_type: "ExpressionStatement", in_function: "complexFunction7"}, location: %{depth: 7, end_column: 32, end_line: 4, start_line: 4, start_column: 4}, severity: "medium", pattern_id: "js-weak-crypto-sha1", pattern_name: "Weak Cryptography - SHA1", recommendation: "Review this code for potential security issues", confidence: 0.7, pattern_type: :weak_crypto}
13:17:25.284 [debug] Match confidence: 0.21450000000000002, min_confidence: 0.7, match: %{type: "js-weak-crypto-sha1", context: %{node_type: "CallExpression", depth: 9, parent_type: "BinaryExpression", in_function: "complexFunction7"}, location: %{depth: 9, end_column: 27, end_line: 4, start_line: 4, start_column: 14}, severity: "medium", pattern_id: "js-weak-crypto-sha1", pattern_name: "Weak Cryptography - SHA1", recommendation: "Review this code for potential security issues", confidence: 0.7, pattern_type: :weak_crypto}
13:17:25.284 [debug] Match confidence: 0.21450000000000002, min_confidence: 0.7, match: %{type: "js-weak-crypto-sha1", context: %{node_type: "CallExpression", depth: 5, parent_type: "ReturnStatement", in_function: "complexFunction7"}, location: %{depth: 5, end_column: 40, end_line: 6, start_line: 6, start_column: 9}, severity: "medium", pattern_id: "js-weak-crypto-sha1", pattern_name: "Weak Cryptography - SHA1", recommendation: "Review this code for potential security issues", confidence: 0.7, pattern_type: :weak_crypto}
13:17:25.284 [debug] Match confidence: 0.264, min_confidence: 0.7, match: %{type: "js-hardcoded-secret-password", context: %{node_type: "VariableDeclarator", depth: 5, parent_type: "VariableDeclaration", in_function: "complexFunction7"}, location: %{depth: 5, end_column: 15, end_line: 2, start_line: 2, start_column: 6}, severity: "high", pattern_id: "js-hardcoded-secret-password", pattern_name: "Hardcoded Password", recommendation: "Review this code for potential security issues", confidence: 0.9, pattern_type: :hardcoded_secret}
13:17:25.284 [debug] Match confidence: 0.264, min_confidence: 0.7, match: %{type: "js-hardcoded-secret-password", context: %{node_type: "VariableDeclarator", depth: 6, parent_type: "VariableDeclaration", in_function: "complexFunction7"}, location: %{depth: 6, end_column: 16, end_line: 3, start_line: 3, start_column: 11}, severity: "high", pattern_id: "js-hardcoded-secret-password", pattern_name: "Hardcoded Password", recommendation: "Review this code for potential security issues", confidence: 0.9, pattern_type: :hardcoded_secret}
13:17:25.284 [debug] Match confidence: 0.264, min_confidence: 0.7, match: %{type: "js-hardcoded-secret-api-key", context: %{node_type: "VariableDeclarator", depth: 5, parent_type: "VariableDeclaration", in_function: "complexFunction7"}, location: %{depth: 5, end_column: 15, end_line: 2, start_line: 2, start_column: 6}, severity: "high", pattern_id: "js-hardcoded-secret-api-key", pattern_name: "Hardcoded API Key", recommendation: "Review this code for potential security issues", confidence: 0.9, pattern_type: :hardcoded_secret}
13:17:25.284 [debug] Match confidence: 0.264, min_confidence: 0.7, match: %{type: "js-hardcoded-secret-api-key", context: %{node_type: "VariableDeclarator", depth: 6, parent_type: "VariableDeclaration", in_function: "complexFunction7"}, location: %{depth: 6, end_column: 16, end_line: 3, start_line: 3, start_column: 11}, severity: "high", pattern_id: "js-hardcoded-secret-api-key", pattern_name: "Hardcoded API Key", recommendation: "Review this code for potential security issues", confidence: 0.9, pattern_type: :hardcoded_secret}
13:17:25.284 [debug] Match confidence: 0.19305000000000005, min_confidence: 0.7, match: %{type: "js-open-redirect", context: %{node_type: "CallExpression", depth: 7, parent_type: "ExpressionStatement", in_function: "complexFunction7"}, location: %{depth: 7, end_column: 32, end_line: 4, start_line: 4, start_column: 4}, severity: "medium", pattern_id: "js-open-redirect", pattern_name: "Open Redirect Vulnerability", recommendation: "Review this code for potential security issues", confidence: 0.7, pattern_type: :open_redirect}
13:17:25.284 [debug] Match confidence: 0.19305000000000005, min_confidence: 0.7, match: %{type: "js-open-redirect", context: %{node_type: "CallExpression", depth: 9, parent_type: "BinaryExpression", in_function: "complexFunction7"}, location: %{depth: 9, end_column: 27, end_line: 4, start_line: 4, start_column: 14}, severity: "medium", pattern_id: "js-open-redirect", pattern_name: "Open Redirect Vulnerability", recommendation: "Review this code for potential security issues", confidence: 0.7, pattern_type: :open_redirect}
13:17:25.284 [debug] Match confidence: 0.19305000000000005, min_confidence: 0.7, match: %{type: "js-open-redirect", context: %{node_type: "CallExpression", depth: 5, parent_type: "ReturnStatement", in_function: "complexFunction7"}, location: %{depth: 5, end_column: 40, end_line: 6, start_line: 6, start_column: 9}, severity: "medium", pattern_id: "js-open-redirect", pattern_name: "Open Redirect Vulnerability", recommendation: "Review this code for potential security issues", confidence: 0.7, pattern_type: :open_redirect}
13:17:25.284 [debug] Match confidence: 0.21450000000000002, min_confidence: 0.7, match: %{type: "js-insecure-random", context: %{node_type: "CallExpression", depth: 7, parent_type: "ExpressionStatement", in_function: "complexFunction7"}, location: %{depth: 7, end_column: 32, end_line: 4, start_line: 4, start_column: 4}, severity: "medium", pattern_id: "js-insecure-random", pattern_name: "Insecure Random Number Generation", recommendation: "Review this code for potential security issues", confidence: 0.7, pattern_type: :insecure_random}
13:17:25.284 [debug] Match confidence: 0.21450000000000002, min_confidence: 0.7, match: %{type: "js-insecure-random", context: %{node_type: "CallExpression", depth: 9, parent_type: "BinaryExpression", in_function: "complexFunction7"}, location: %{depth: 9, end_column: 27, end_line: 4, start_line: 4, start_column: 14}, severity: "medium", pattern_id: "js-insecure-random", pattern_name: "Insecure Random Number Generation", recommendation: "Review this code for potential security issues", confidence: 0.7, pattern_type: :insecure_random}
13:17:25.284 [debug] Match confidence: 0.21450000000000002, min_confidence: 0.7, match: %{type: "js-insecure-random", context: %{node_type: "CallExpression", depth: 5, parent_type: "ReturnStatement", in_function: "complexFunction7"}, location: %{depth: 5, end_column: 40, end_line: 6, start_line: 6, start_column: 9}, severity: "medium", pattern_id: "js-insecure-random", pattern_name: "Insecure Random Number Generation", recommendation: "Review this code for potential security issues", confidence: 0.7, pattern_type: :insecure_random}
13:17:25.284 [debug] Match confidence: 0.14088749999999997, min_confidence: 0.7, match: %{type: "js-nosql-injection", context: %{node_type: "CallExpression", depth: 7, parent_type: "ExpressionStatement", in_function: "complexFunction7"}, location: %{depth: 7, end_column: 32, end_line: 4, start_line: 4, start_column: 4}, severity: "high", pattern_id: "js-nosql-injection", pattern_name: "NoSQL Injection", recommendation: "Review this code for potential security issues", confidence: 0.85, pattern_type: :nosql_injection}
13:17:25.284 [debug] Match confidence: 0.14088749999999997, min_confidence: 0.7, match: %{type: "js-nosql-injection", context: %{node_type: "CallExpression", depth: 9, parent_type: "BinaryExpression", in_function: "complexFunction7"}, location: %{depth: 9, end_column: 27, end_line: 4, start_line: 4, start_column: 14}, severity: "high", pattern_id: "js-nosql-injection", pattern_name: "NoSQL Injection", recommendation: "Review this code for potential security issues", confidence: 0.85, pattern_type: :nosql_injection}
13:17:25.284 [debug] Match confidence: 0.14088749999999997, min_confidence: 0.7, match: %{type: "js-nosql-injection", context: %{node_type: "CallExpression", depth: 5, parent_type: "ReturnStatement", in_function: "complexFunction7"}, location: %{depth: 5, end_column: 40, end_line: 6, start_line: 6, start_column: 9}, severity: "high", pattern_id: "js-nosql-injection", pattern_name: "NoSQL Injection", recommendation: "Review this code for potential security issues", confidence: 0.85, pattern_type: :nosql_injection}
13:17:25.284 [debug] Match confidence: 0.149175, min_confidence: 0.7, match: %{type: "js-ldap-injection", context: %{node_type: "CallExpression", depth: 7, parent_type: "ExpressionStatement", in_function: "complexFunction7"}, location: %{depth: 7, end_column: 32, end_line: 4, start_line: 4, start_column: 4}, severity: "high", pattern_id: "js-ldap-injection", pattern_name: "LDAP Injection", recommendation: "Review this code for potential security issues", confidence: 0.85, pattern_type: :ldap_injection}
13:17:25.284 [debug] Match confidence: 0.149175, min_confidence: 0.7, match: %{type: "js-ldap-injection", context: %{node_type: "CallExpression", depth: 9, parent_type: "BinaryExpression", in_function: "complexFunction7"}, location: %{depth: 9, end_column: 27, end_line: 4, start_line: 4, start_column: 14}, severity: "high", pattern_id: "js-ldap-injection", pattern_name: "LDAP Injection", recommendation: "Review this code for potential security issues", confidence: 0.85, pattern_type: :ldap_injection}
13:17:25.284 [debug] Match confidence: 0.149175, min_confidence: 0.7, match: %{type: "js-ldap-injection", context: %{node_type: "CallExpression", depth: 5, parent_type: "ReturnStatement", in_function: "complexFunction7"}, location: %{depth: 5, end_column: 40, end_line: 6, start_line: 6, start_column: 9}, severity: "high", pattern_id: "js-ldap-injection", pattern_name: "LDAP Injection", recommendation: "Review this code for potential security issues", confidence: 0.85, pattern_type: :ldap_injection}
13:17:25.284 [debug] Match confidence: 0.149175, min_confidence: 0.7, match: %{type: "js-xpath-injection", context: %{node_type: "CallExpression", depth: 7, parent_type: "ExpressionStatement", in_function: "complexFunction7"}, location: %{depth: 7, end_column: 32, end_line: 4, start_line: 4, start_column: 4}, severity: "high", pattern_id: "js-xpath-injection", pattern_name: "XPath Injection", recommendation: "Review this code for potential security issues", confidence: 0.85, pattern_type: :xpath_injection}
13:17:25.284 [debug] Match confidence: 0.149175, min_confidence: 0.7, match: %{type: "js-xpath-injection", context: %{node_type: "CallExpression", depth: 9, parent_type: "BinaryExpression", in_function: "complexFunction7"}, location: %{depth: 9, end_column: 27, end_line: 4, start_line: 4, start_column: 14}, severity: "high", pattern_id: "js-xpath-injection", pattern_name: "XPath Injection", recommendation: "Review this code for potential security issues", confidence: 0.85, pattern_type: :xpath_injection}
13:17:25.284 [debug] Match confidence: 0.149175, min_confidence: 0.7, match: %{type: "js-xpath-injection", context: %{node_type: "CallExpression", depth: 5, parent_type: "ReturnStatement", in_function: "complexFunction7"}, location: %{depth: 5, end_column: 40, end_line: 6, start_line: 6, start_column: 9}, severity: "high", pattern_id: "js-xpath-injection", pattern_name: "XPath Injection", recommendation: "Review this code for potential security issues", confidence: 0.85, pattern_type: :xpath_injection}
13:17:25.285 [debug] Match confidence: 0.19305000000000005, min_confidence: 0.7, match: %{type: "js-ssrf", context: %{node_type: "CallExpression", depth: 7, parent_type: "ExpressionStatement", in_function: "complexFunction7"}, location: %{depth: 7, end_column: 32, end_line: 4, start_line: 4, start_column: 4}, severity: "medium", pattern_id: "js-ssrf", pattern_name: "Server-Side Request Forgery (SSRF)", recommendation: "Review this code for potential security issues", confidence: 0.7, pattern_type: :ssrf}
13:17:25.285 [debug] Match confidence: 0.19305000000000005, min_confidence: 0.7, match: %{type: "js-ssrf", context: %{node_type: "CallExpression", depth: 9, parent_type: "BinaryExpression", in_function: "complexFunction7"}, location: %{depth: 9, end_column: 27, end_line: 4, start_line: 4, start_column: 14}, severity: "medium", pattern_id: "js-ssrf", pattern_name: "Server-Side Request Forgery (SSRF)", recommendation: "Review this code for potential security issues", confidence: 0.7, pattern_type: :ssrf}
13:17:25.285 [debug] Match confidence: 0.19305000000000005, min_confidence: 0.7, match: %{type: "js-ssrf", context: %{node_type: "CallExpression", depth: 5, parent_type: "ReturnStatement", in_function: "complexFunction7"}, location: %{depth: 5, end_column: 40, end_line: 6, start_line: 6, start_column: 9}, severity: "medium", pattern_id: "js-ssrf", pattern_name: "Server-Side Request Forgery (SSRF)", recommendation: "Review this code for potential security issues", confidence: 0.7, pattern_type: :ssrf}
13:17:25.285 [debug] Match confidence: 0.19305000000000005, min_confidence: 0.7, match: %{type: "js-insecure-deserialization", context: %{node_type: "CallExpression", depth: 7, parent_type: "ExpressionStatement", in_function: "complexFunction7"}, location: %{depth: 7, end_column: 32, end_line: 4, start_line: 4, start_column: 4}, severity: "medium", pattern_id: "js-insecure-deserialization", pattern_name: "Insecure Deserialization", recommendation: "Review this code for potential security issues", confidence: 0.7, pattern_type: :deserialization}
13:17:25.285 [debug] Match confidence: 0.19305000000000005, min_confidence: 0.7, match: %{type: "js-insecure-deserialization", context: %{node_type: "CallExpression", depth: 9, parent_type: "BinaryExpression", in_function: "complexFunction7"}, location: %{depth: 9, end_column: 27, end_line: 4, start_line: 4, start_column: 14}, severity: "medium", pattern_id: "js-insecure-deserialization", pattern_name: "Insecure Deserialization", recommendation: "Review this code for potential security issues", confidence: 0.7, pattern_type: :deserialization}
13:17:25.285 [debug] Match confidence: 0.19305000000000005, min_confidence: 0.7, match: %{type: "js-insecure-deserialization", context: %{node_type: "CallExpression", depth: 5, parent_type: "ReturnStatement", in_function: "complexFunction7"}, location: %{depth: 5, end_column: 40, end_line: 6, start_line: 6, start_column: 9}, severity: "medium", pattern_id: "js-insecure-deserialization", pattern_name: "Insecure Deserialization", recommendation: "Review this code for potential security issues", confidence: 0.7, pattern_type: :deserialization}
13:17:25.285 [debug] Match confidence: 0.19305000000000005, min_confidence: 0.7, match: %{type: "js-jwt-none-algorithm", context: %{node_type: "CallExpression", depth: 7, parent_type: "ExpressionStatement", in_function: "complexFunction7"}, location: %{depth: 7, end_column: 32, end_line: 4, start_line: 4, start_column: 4}, severity: "medium", pattern_id: "js-jwt-none-algorithm", pattern_name: "JWT None Algorithm Vulnerability", recommendation: "Review this code for potential security issues", confidence: 0.7, pattern_type: :authentication}
13:17:25.285 [debug] Match confidence: 0.19305000000000005, min_confidence: 0.7, match: %{type: "js-jwt-none-algorithm", context: %{node_type: "CallExpression", depth: 9, parent_type: "BinaryExpression", in_function: "complexFunction7"}, location: %{depth: 9, end_column: 27, end_line: 4, start_line: 4, start_column: 14}, severity: "medium", pattern_id: "js-jwt-none-algorithm", pattern_name: "JWT None Algorithm Vulnerability", recommendation: "Review this code for potential security issues", confidence: 0.7, pattern_type: :authentication}
13:17:25.285 [debug] Match confidence: 0.19305000000000005, min_confidence: 0.7, match: %{type: "js-jwt-none-algorithm", context: %{node_type: "CallExpression", depth: 5, parent_type: "ReturnStatement", in_function: "complexFunction7"}, location: %{depth: 5, end_column: 40, end_line: 6, start_line: 6, start_column: 9}, severity: "medium", pattern_id: "js-jwt-none-algorithm", pattern_name: "JWT None Algorithm Vulnerability", recommendation: "Review this code for potential security issues", confidence: 0.7, pattern_type: :authentication}
13:17:25.285 [debug] Match confidence: 0.19305000000000005, min_confidence: 0.7, match: %{type: "js-debug-console-log", context: %{node_type: "CallExpression", depth: 7, parent_type: "ExpressionStatement", in_function: "complexFunction7"}, location: %{depth: 7, end_column: 32, end_line: 4, start_line: 4, start_column: 4}, severity: "medium", pattern_id: "js-debug-console-log", pattern_name: "Sensitive Data in Console Logs", recommendation: "Review this code for potential security issues", confidence: 0.7, pattern_type: :information_disclosure}
13:17:25.285 [debug] Match confidence: 0.19305000000000005, min_confidence: 0.7, match: %{type: "js-debug-console-log", context: %{node_type: "CallExpression", depth: 9, parent_type: "BinaryExpression", in_function: "complexFunction7"}, location: %{depth: 9, end_column: 27, end_line: 4, start_line: 4, start_column: 14}, severity: "medium", pattern_id: "js-debug-console-log", pattern_name: "Sensitive Data in Console Logs", recommendation: "Review this code for potential security issues", confidence: 0.7, pattern_type: :information_disclosure}
13:17:25.285 [debug] Match confidence: 0.19305000000000005, min_confidence: 0.7, match: %{type: "js-debug-console-log", context: %{node_type: "CallExpression", depth: 5, parent_type: "ReturnStatement", in_function: "complexFunction7"}, location: %{depth: 5, end_column: 40, end_line: 6, start_line: 6, start_column: 9}, severity: "medium", pattern_id: "js-debug-console-log", pattern_name: "Sensitive Data in Console Logs", recommendation: "Review this code for potential security issues", confidence: 0.7, pattern_type: :information_disclosure}
13:17:25.285 [info] AnalysisService: Loaded 30 patterns for javascript
13:17:25.288 [info] AnalysisService: Found 47 matches
13:17:25.288 [debug] Match confidence: 0.187425, min_confidence: 0.7, match: %{type: "js-xss-document-write", context: %{node_type: "CallExpression", depth: 7, parent_type: "ExpressionStatement", in_function: "complexFunction8"}, location: %{depth: 7, end_column: 32, end_line: 4, start_line: 4, start_column: 4}, severity: "high", pattern_id: "js-xss-document-write", pattern_name: "Cross-Site Scripting (XSS) via document.write", recommendation: "Review this code for potential security issues", confidence: 0.85, pattern_type: :xss}
13:17:25.288 [debug] Match confidence: 0.187425, min_confidence: 0.7, match: %{type: "js-xss-document-write", context: %{node_type: "CallExpression", depth: 9, parent_type: "BinaryExpression", in_function: "complexFunction8"}, location: %{depth: 9, end_column: 27, end_line: 4, start_line: 4, start_column: 14}, severity: "high", pattern_id: "js-xss-document-write", pattern_name: "Cross-Site Scripting (XSS) via document.write", recommendation: "Review this code for potential security issues", confidence: 0.85, pattern_type: :xss}
13:17:25.288 [debug] Match confidence: 0.187425, min_confidence: 0.7, match: %{type: "js-xss-document-write", context: %{node_type: "CallExpression", depth: 5, parent_type: "ReturnStatement", in_function: "complexFunction8"}, location: %{depth: 5, end_column: 40, end_line: 6, start_line: 6, start_column: 9}, severity: "high", pattern_id: "js-xss-document-write", pattern_name: "Cross-Site Scripting (XSS) via document.write", recommendation: "Review this code for potential security issues", confidence: 0.85, pattern_type: :xss}
13:17:25.288 [debug] Match confidence: 0.187425, min_confidence: 0.7, match: %{type: "js-xss-jquery-html", context: %{node_type: "CallExpression", depth: 7, parent_type: "ExpressionStatement", in_function: "complexFunction8"}, location: %{depth: 7, end_column: 32, end_line: 4, start_line: 4, start_column: 4}, severity: "high", pattern_id: "js-xss-jquery-html", pattern_name: "XSS via jQuery html()", recommendation: "Review this code for potential security issues", confidence: 0.85, pattern_type: :xss}
13:17:25.288 [debug] Match confidence: 0.187425, min_confidence: 0.7, match: %{type: "js-xss-jquery-html", context: %{node_type: "CallExpression", depth: 9, parent_type: "BinaryExpression", in_function: "complexFunction8"}, location: %{depth: 9, end_column: 27, end_line: 4, start_line: 4, start_column: 14}, severity: "high", pattern_id: "js-xss-jquery-html", pattern_name: "XSS via jQuery html()", recommendation: "Review this code for potential security issues", confidence: 0.85, pattern_type: :xss}
13:17:25.288 [debug] Match confidence: 0.187425, min_confidence: 0.7, match: %{type: "js-xss-jquery-html", context: %{node_type: "CallExpression", depth: 5, parent_type: "ReturnStatement", in_function: "complexFunction8"}, location: %{depth: 5, end_column: 40, end_line: 6, start_line: 6, start_column: 9}, severity: "high", pattern_id: "js-xss-jquery-html", pattern_name: "XSS via jQuery html()", recommendation: "Review this code for potential security issues", confidence: 0.85, pattern_type: :xss}
13:17:25.288 [debug] Match confidence: 0.19305000000000005, min_confidence: 0.7, match: %{type: "js-path-traversal-join", context: %{node_type: "CallExpression", depth: 7, parent_type: "ExpressionStatement", in_function: "complexFunction8"}, location: %{depth: 7, end_column: 32, end_line: 4, start_line: 4, start_column: 4}, severity: "medium", pattern_id: "js-path-traversal-join", pattern_name: "Path Traversal via path.join", recommendation: "Review this code for potential security issues", confidence: 0.7, pattern_type: :path_traversal}
13:17:25.288 [debug] Match confidence: 0.19305000000000005, min_confidence: 0.7, match: %{type: "js-path-traversal-join", context: %{node_type: "CallExpression", depth: 9, parent_type: "BinaryExpression", in_function: "complexFunction8"}, location: %{depth: 9, end_column: 27, end_line: 4, start_line: 4, start_column: 14}, severity: "medium", pattern_id: "js-path-traversal-join", pattern_name: "Path Traversal via path.join", recommendation: "Review this code for potential security issues", confidence: 0.7, pattern_type: :path_traversal}
13:17:25.288 [debug] Match confidence: 0.19305000000000005, min_confidence: 0.7, match: %{type: "js-path-traversal-join", context: %{node_type: "CallExpression", depth: 5, parent_type: "ReturnStatement", in_function: "complexFunction8"}, location: %{depth: 5, end_column: 40, end_line: 6, start_line: 6, start_column: 9}, severity: "medium", pattern_id: "js-path-traversal-join", pattern_name: "Path Traversal via path.join", recommendation: "Review this code for potential security issues", confidence: 0.7, pattern_type: :path_traversal}
13:17:25.288 [debug] Match confidence: 0.19305000000000005, min_confidence: 0.7, match: %{type: "js-path-traversal-concat", context: %{node_type: "BinaryExpression", depth: 7, parent_type: "ArrowFunctionExpression", in_function: "complexFunction8"}, location: %{depth: 7, end_column: 36, end_line: 6, start_line: 6, start_column: 31}, severity: "medium", pattern_id: "js-path-traversal-concat", pattern_name: "Path Traversal via String Concatenation", recommendation: "Review this code for potential security issues", confidence: 0.7, pattern_type: :path_traversal}
13:17:25.288 [debug] Match confidence: 0.21450000000000002, min_confidence: 0.7, match: %{type: "js-weak-crypto-md5", context: %{node_type: "CallExpression", depth: 7, parent_type: "ExpressionStatement", in_function: "complexFunction8"}, location: %{depth: 7, end_column: 32, end_line: 4, start_line: 4, start_column: 4}, severity: "medium", pattern_id: "js-weak-crypto-md5", pattern_name: "Weak Cryptography - MD5", recommendation: "Review this code for potential security issues", confidence: 0.7, pattern_type: :weak_crypto}
13:17:25.289 [debug] Match confidence: 0.21450000000000002, min_confidence: 0.7, match: %{type: "js-weak-crypto-md5", context: %{node_type: "CallExpression", depth: 9, parent_type: "BinaryExpression", in_function: "complexFunction8"}, location: %{depth: 9, end_column: 27, end_line: 4, start_line: 4, start_column: 14}, severity: "medium", pattern_id: "js-weak-crypto-md5", pattern_name: "Weak Cryptography - MD5", recommendation: "Review this code for potential security issues", confidence: 0.7, pattern_type: :weak_crypto}
13:17:25.289 [debug] Match confidence: 0.21450000000000002, min_confidence: 0.7, match: %{type: "js-weak-crypto-md5", context: %{node_type: "CallExpression", depth: 5, parent_type: "ReturnStatement", in_function: "complexFunction8"}, location: %{depth: 5, end_column: 40, end_line: 6, start_line: 6, start_column: 9}, severity: "medium", pattern_id: "js-weak-crypto-md5", pattern_name: "Weak Cryptography - MD5", recommendation: "Review this code for potential security issues", confidence: 0.7, pattern_type: :weak_crypto}
13:17:25.289 [debug] Match confidence: 0.21450000000000002, min_confidence: 0.7, match: %{type: "js-weak-crypto-sha1", context: %{node_type: "CallExpression", depth: 7, parent_type: "ExpressionStatement", in_function: "complexFunction8"}, location: %{depth: 7, end_column: 32, end_line: 4, start_line: 4, start_column: 4}, severity: "medium", pattern_id: "js-weak-crypto-sha1", pattern_name: "Weak Cryptography - SHA1", recommendation: "Review this code for potential security issues", confidence: 0.7, pattern_type: :weak_crypto}
13:17:25.289 [debug] Match confidence: 0.21450000000000002, min_confidence: 0.7, match: %{type: "js-weak-crypto-sha1", context: %{node_type: "CallExpression", depth: 9, parent_type: "BinaryExpression", in_function: "complexFunction8"}, location: %{depth: 9, end_column: 27, end_line: 4, start_line: 4, start_column: 14}, severity: "medium", pattern_id: "js-weak-crypto-sha1", pattern_name: "Weak Cryptography - SHA1", recommendation: "Review this code for potential security issues", confidence: 0.7, pattern_type: :weak_crypto}
13:17:25.289 [debug] Match confidence: 0.21450000000000002, min_confidence: 0.7, match: %{type: "js-weak-crypto-sha1", context: %{node_type: "CallExpression", depth: 5, parent_type: "ReturnStatement", in_function: "complexFunction8"}, location: %{depth: 5, end_column: 40, end_line: 6, start_line: 6, start_column: 9}, severity: "medium", pattern_id: "js-weak-crypto-sha1", pattern_name: "Weak Cryptography - SHA1", recommendation: "Review this code for potential security issues", confidence: 0.7, pattern_type: :weak_crypto}
13:17:25.289 [debug] Match confidence: 0.264, min_confidence: 0.7, match: %{type: "js-hardcoded-secret-password", context: %{node_type: "VariableDeclarator", depth: 5, parent_type: "VariableDeclaration", in_function: "complexFunction8"}, location: %{depth: 5, end_column: 15, end_line: 2, start_line: 2, start_column: 6}, severity: "high", pattern_id: "js-hardcoded-secret-password", pattern_name: "Hardcoded Password", recommendation: "Review this code for potential security issues", confidence: 0.9, pattern_type: :hardcoded_secret}
13:17:25.289 [debug] Match confidence: 0.264, min_confidence: 0.7, match: %{type: "js-hardcoded-secret-password", context: %{node_type: "VariableDeclarator", depth: 6, parent_type: "VariableDeclaration", in_function: "complexFunction8"}, location: %{depth: 6, end_column: 16, end_line: 3, start_line: 3, start_column: 11}, severity: "high", pattern_id: "js-hardcoded-secret-password", pattern_name: "Hardcoded Password", recommendation: "Review this code for potential security issues", confidence: 0.9, pattern_type: :hardcoded_secret}
13:17:25.289 [debug] Match confidence: 0.264, min_confidence: 0.7, match: %{type: "js-hardcoded-secret-api-key", context: %{node_type: "VariableDeclarator", depth: 5, parent_type: "VariableDeclaration", in_function: "complexFunction8"}, location: %{depth: 5, end_column: 15, end_line: 2, start_line: 2, start_column: 6}, severity: "high", pattern_id: "js-hardcoded-secret-api-key", pattern_name: "Hardcoded API Key", recommendation: "Review this code for potential security issues", confidence: 0.9, pattern_type: :hardcoded_secret}
13:17:25.289 [debug] Match confidence: 0.264, min_confidence: 0.7, match: %{type: "js-hardcoded-secret-api-key", context: %{node_type: "VariableDeclarator", depth: 6, parent_type: "VariableDeclaration", in_function: "complexFunction8"}, location: %{depth: 6, end_column: 16, end_line: 3, start_line: 3, start_column: 11}, severity: "high", pattern_id: "js-hardcoded-secret-api-key", pattern_name: "Hardcoded API Key", recommendation: "Review this code for potential security issues", confidence: 0.9, pattern_type: :hardcoded_secret}
13:17:25.289 [debug] Match confidence: 0.19305000000000005, min_confidence: 0.7, match: %{type: "js-open-redirect", context: %{node_type: "CallExpression", depth: 7, parent_type: "ExpressionStatement", in_function: "complexFunction8"}, location: %{depth: 7, end_column: 32, end_line: 4, start_line: 4, start_column: 4}, severity: "medium", pattern_id: "js-open-redirect", pattern_name: "Open Redirect Vulnerability", recommendation: "Review this code for potential security issues", confidence: 0.7, pattern_type: :open_redirect}
13:17:25.289 [debug] Match confidence: 0.19305000000000005, min_confidence: 0.7, match: %{type: "js-open-redirect", context: %{node_type: "CallExpression", depth: 9, parent_type: "BinaryExpression", in_function: "complexFunction8"}, location: %{depth: 9, end_column: 27, end_line: 4, start_line: 4, start_column: 14}, severity: "medium", pattern_id: "js-open-redirect", pattern_name: "Open Redirect Vulnerability", recommendation: "Review this code for potential security issues", confidence: 0.7, pattern_type: :open_redirect}
13:17:25.289 [debug] Match confidence: 0.19305000000000005, min_confidence: 0.7, match: %{type: "js-open-redirect", context: %{node_type: "CallExpression", depth: 5, parent_type: "ReturnStatement", in_function: "complexFunction8"}, location: %{depth: 5, end_column: 40, end_line: 6, start_line: 6, start_column: 9}, severity: "medium", pattern_id: "js-open-redirect", pattern_name: "Open Redirect Vulnerability", recommendation: "Review this code for potential security issues", confidence: 0.7, pattern_type: :open_redirect}
13:17:25.289 [debug] Match confidence: 0.21450000000000002, min_confidence: 0.7, match: %{type: "js-insecure-random", context: %{node_type: "CallExpression", depth: 7, parent_type: "ExpressionStatement", in_function: "complexFunction8"}, location: %{depth: 7, end_column: 32, end_line: 4, start_line: 4, start_column: 4}, severity: "medium", pattern_id: "js-insecure-random", pattern_name: "Insecure Random Number Generation", recommendation: "Review this code for potential security issues", confidence: 0.7, pattern_type: :insecure_random}
13:17:25.289 [debug] Match confidence: 0.21450000000000002, min_confidence: 0.7, match: %{type: "js-insecure-random", context: %{node_type: "CallExpression", depth: 9, parent_type: "BinaryExpression", in_function: "complexFunction8"}, location: %{depth: 9, end_column: 27, end_line: 4, start_line: 4, start_column: 14}, severity: "medium", pattern_id: "js-insecure-random", pattern_name: "Insecure Random Number Generation", recommendation: "Review this code for potential security issues", confidence: 0.7, pattern_type: :insecure_random}
13:17:25.289 [debug] Match confidence: 0.21450000000000002, min_confidence: 0.7, match: %{type: "js-insecure-random", context: %{node_type: "CallExpression", depth: 5, parent_type: "ReturnStatement", in_function: "complexFunction8"}, location: %{depth: 5, end_column: 40, end_line: 6, start_line: 6, start_column: 9}, severity: "medium", pattern_id: "js-insecure-random", pattern_name: "Insecure Random Number Generation", recommendation: "Review this code for potential security issues", confidence: 0.7, pattern_type: :insecure_random}
13:17:25.289 [debug] Match confidence: 0.14088749999999997, min_confidence: 0.7, match: %{type: "js-nosql-injection", context: %{node_type: "CallExpression", depth: 7, parent_type: "ExpressionStatement", in_function: "complexFunction8"}, location: %{depth: 7, end_column: 32, end_line: 4, start_line: 4, start_column: 4}, severity: "high", pattern_id: "js-nosql-injection", pattern_name: "NoSQL Injection", recommendation: "Review this code for potential security issues", confidence: 0.85, pattern_type: :nosql_injection}
13:17:25.289 [debug] Match confidence: 0.14088749999999997, min_confidence: 0.7, match: %{type: "js-nosql-injection", context: %{node_type: "CallExpression", depth: 9, parent_type: "BinaryExpression", in_function: "complexFunction8"}, location: %{depth: 9, end_column: 27, end_line: 4, start_line: 4, start_column: 14}, severity: "high", pattern_id: "js-nosql-injection", pattern_name: "NoSQL Injection", recommendation: "Review this code for potential security issues", confidence: 0.85, pattern_type: :nosql_injection}
13:17:25.289 [debug] Match confidence: 0.14088749999999997, min_confidence: 0.7, match: %{type: "js-nosql-injection", context: %{node_type: "CallExpression", depth: 5, parent_type: "ReturnStatement", in_function: "complexFunction8"}, location: %{depth: 5, end_column: 40, end_line: 6, start_line: 6, start_column: 9}, severity: "high", pattern_id: "js-nosql-injection", pattern_name: "NoSQL Injection", recommendation: "Review this code for potential security issues", confidence: 0.85, pattern_type: :nosql_injection}
13:17:25.289 [debug] Match confidence: 0.149175, min_confidence: 0.7, match: %{type: "js-ldap-injection", context: %{node_type: "CallExpression", depth: 7, parent_type: "ExpressionStatement", in_function: "complexFunction8"}, location: %{depth: 7, end_column: 32, end_line: 4, start_line: 4, start_column: 4}, severity: "high", pattern_id: "js-ldap-injection", pattern_name: "LDAP Injection", recommendation: "Review this code for potential security issues", confidence: 0.85, pattern_type: :ldap_injection}
13:17:25.289 [debug] Match confidence: 0.149175, min_confidence: 0.7, match: %{type: "js-ldap-injection", context: %{node_type: "CallExpression", depth: 9, parent_type: "BinaryExpression", in_function: "complexFunction8"}, location: %{depth: 9, end_column: 27, end_line: 4, start_line: 4, start_column: 14}, severity: "high", pattern_id: "js-ldap-injection", pattern_name: "LDAP Injection", recommendation: "Review this code for potential security issues", confidence: 0.85, pattern_type: :ldap_injection}
13:17:25.289 [debug] Match confidence: 0.149175, min_confidence: 0.7, match: %{type: "js-ldap-injection", context: %{node_type: "CallExpression", depth: 5, parent_type: "ReturnStatement", in_function: "complexFunction8"}, location: %{depth: 5, end_column: 40, end_line: 6, start_line: 6, start_column: 9}, severity: "high", pattern_id: "js-ldap-injection", pattern_name: "LDAP Injection", recommendation: "Review this code for potential security issues", confidence: 0.85, pattern_type: :ldap_injection}
13:17:25.289 [debug] Match confidence: 0.149175, min_confidence: 0.7, match: %{type: "js-xpath-injection", context: %{node_type: "CallExpression", depth: 7, parent_type: "ExpressionStatement", in_function: "complexFunction8"}, location: %{depth: 7, end_column: 32, end_line: 4, start_line: 4, start_column: 4}, severity: "high", pattern_id: "js-xpath-injection", pattern_name: "XPath Injection", recommendation: "Review this code for potential security issues", confidence: 0.85, pattern_type: :xpath_injection}
13:17:25.289 [debug] Match confidence: 0.149175, min_confidence: 0.7, match: %{type: "js-xpath-injection", context: %{node_type: "CallExpression", depth: 9, parent_type: "BinaryExpression", in_function: "complexFunction8"}, location: %{depth: 9, end_column: 27, end_line: 4, start_line: 4, start_column: 14}, severity: "high", pattern_id: "js-xpath-injection", pattern_name: "XPath Injection", recommendation: "Review this code for potential security issues", confidence: 0.85, pattern_type: :xpath_injection}
13:17:25.289 [debug] Match confidence: 0.149175, min_confidence: 0.7, match: %{type: "js-xpath-injection", context: %{node_type: "CallExpression", depth: 5, parent_type: "ReturnStatement", in_function: "complexFunction8"}, location: %{depth: 5, end_column: 40, end_line: 6, start_line: 6, start_column: 9}, severity: "high", pattern_id: "js-xpath-injection", pattern_name: "XPath Injection", recommendation: "Review this code for potential security issues", confidence: 0.85, pattern_type: :xpath_injection}
13:17:25.289 [debug] Match confidence: 0.19305000000000005, min_confidence: 0.7, match: %{type: "js-ssrf", context: %{node_type: "CallExpression", depth: 7, parent_type: "ExpressionStatement", in_function: "complexFunction8"}, location: %{depth: 7, end_column: 32, end_line: 4, start_line: 4, start_column: 4}, severity: "medium", pattern_id: "js-ssrf", pattern_name: "Server-Side Request Forgery (SSRF)", recommendation: "Review this code for potential security issues", confidence: 0.7, pattern_type: :ssrf}
13:17:25.289 [debug] Match confidence: 0.19305000000000005, min_confidence: 0.7, match: %{type: "js-ssrf", context: %{node_type: "CallExpression", depth: 9, parent_type: "BinaryExpression", in_function: "complexFunction8"}, location: %{depth: 9, end_column: 27, end_line: 4, start_line: 4, start_column: 14}, severity: "medium", pattern_id: "js-ssrf", pattern_name: "Server-Side Request Forgery (SSRF)", recommendation: "Review this code for potential security issues", confidence: 0.7, pattern_type: :ssrf}
13:17:25.289 [debug] Match confidence: 0.19305000000000005, min_confidence: 0.7, match: %{type: "js-ssrf", context: %{node_type: "CallExpression", depth: 5, parent_type: "ReturnStatement", in_function: "complexFunction8"}, location: %{depth: 5, end_column: 40, end_line: 6, start_line: 6, start_column: 9}, severity: "medium", pattern_id: "js-ssrf", pattern_name: "Server-Side Request Forgery (SSRF)", recommendation: "Review this code for potential security issues", confidence: 0.7, pattern_type: :ssrf}
13:17:25.289 [debug] Match confidence: 0.19305000000000005, min_confidence: 0.7, match: %{type: "js-insecure-deserialization", context: %{node_type: "CallExpression", depth: 7, parent_type: "ExpressionStatement", in_function: "complexFunction8"}, location: %{depth: 7, end_column: 32, end_line: 4, start_line: 4, start_column: 4}, severity: "medium", pattern_id: "js-insecure-deserialization", pattern_name: "Insecure Deserialization", recommendation: "Review this code for potential security issues", confidence: 0.7, pattern_type: :deserialization}
13:17:25.289 [debug] Match confidence: 0.19305000000000005, min_confidence: 0.7, match: %{type: "js-insecure-deserialization", context: %{node_type: "CallExpression", depth: 9, parent_type: "BinaryExpression", in_function: "complexFunction8"}, location: %{depth: 9, end_column: 27, end_line: 4, start_line: 4, start_column: 14}, severity: "medium", pattern_id: "js-insecure-deserialization", pattern_name: "Insecure Deserialization", recommendation: "Review this code for potential security issues", confidence: 0.7, pattern_type: :deserialization}
13:17:25.289 [debug] Match confidence: 0.19305000000000005, min_confidence: 0.7, match: %{type: "js-insecure-deserialization", context: %{node_type: "CallExpression", depth: 5, parent_type: "ReturnStatement", in_function: "complexFunction8"}, location: %{depth: 5, end_column: 40, end_line: 6, start_line: 6, start_column: 9}, severity: "medium", pattern_id: "js-insecure-deserialization", pattern_name: "Insecure Deserialization", recommendation: "Review this code for potential security issues", confidence: 0.7, pattern_type: :deserialization}
13:17:25.289 [debug] Match confidence: 0.19305000000000005, min_confidence: 0.7, match: %{type: "js-jwt-none-algorithm", context: %{node_type: "CallExpression", depth: 7, parent_type: "ExpressionStatement", in_function: "complexFunction8"}, location: %{depth: 7, end_column: 32, end_line: 4, start_line: 4, start_column: 4}, severity: "medium", pattern_id: "js-jwt-none-algorithm", pattern_name: "JWT None Algorithm Vulnerability", recommendation: "Review this code for potential security issues", confidence: 0.7, pattern_type: :authentication}
13:17:25.289 [debug] Match confidence: 0.19305000000000005, min_confidence: 0.7, match: %{type: "js-jwt-none-algorithm", context: %{node_type: "CallExpression", depth: 9, parent_type: "BinaryExpression", in_function: "complexFunction8"}, location: %{depth: 9, end_column: 27, end_line: 4, start_line: 4, start_column: 14}, severity: "medium", pattern_id: "js-jwt-none-algorithm", pattern_name: "JWT None Algorithm Vulnerability", recommendation: "Review this code for potential security issues", confidence: 0.7, pattern_type: :authentication}
13:17:25.289 [debug] Match confidence: 0.19305000000000005, min_confidence: 0.7, match: %{type: "js-jwt-none-algorithm", context: %{node_type: "CallExpression", depth: 5, parent_type: "ReturnStatement", in_function: "complexFunction8"}, location: %{depth: 5, end_column: 40, end_line: 6, start_line: 6, start_column: 9}, severity: "medium", pattern_id: "js-jwt-none-algorithm", pattern_name: "JWT None Algorithm Vulnerability", recommendation: "Review this code for potential security issues", confidence: 0.7, pattern_type: :authentication}
13:17:25.289 [debug] Match confidence: 0.19305000000000005, min_confidence: 0.7, match: %{type: "js-debug-console-log", context: %{node_type: "CallExpression", depth: 7, parent_type: "ExpressionStatement", in_function: "complexFunction8"}, location: %{depth: 7, end_column: 32, end_line: 4, start_line: 4, start_column: 4}, severity: "medium", pattern_id: "js-debug-console-log", pattern_name: "Sensitive Data in Console Logs", recommendation: "Review this code for potential security issues", confidence: 0.7, pattern_type: :information_disclosure}
13:17:25.289 [debug] Match confidence: 0.19305000000000005, min_confidence: 0.7, match: %{type: "js-debug-console-log", context: %{node_type: "CallExpression", depth: 9, parent_type: "BinaryExpression", in_function: "complexFunction8"}, location: %{depth: 9, end_column: 27, end_line: 4, start_line: 4, start_column: 14}, severity: "medium", pattern_id: "js-debug-console-log", pattern_name: "Sensitive Data in Console Logs", recommendation: "Review this code for potential security issues", confidence: 0.7, pattern_type: :information_disclosure}
13:17:25.289 [debug] Match confidence: 0.19305000000000005, min_confidence: 0.7, match: %{type: "js-debug-console-log", context: %{node_type: "CallExpression", depth: 5, parent_type: "ReturnStatement", in_function: "complexFunction8"}, location: %{depth: 5, end_column: 40, end_line: 6, start_line: 6, start_column: 9}, severity: "medium", pattern_id: "js-debug-console-log", pattern_name: "Sensitive Data in Console Logs", recommendation: "Review this code for potential security issues", confidence: 0.7, pattern_type: :information_disclosure}
..13:17:25.364 [debug] Parser response received
13:17:25.364 [info] AnalysisService: Loaded 30 patterns for javascript
13:17:25.365 [info] AnalysisService: Found 16 matches
13:17:25.365 [debug] Match confidence: 0.84525, min_confidence: 0.7, match: %{type: "js-xss-innerhtml", context: %{node_type: "AssignmentExpression", depth: 3, parent_type: "ExpressionStatement"}, location: %{depth: 3, end_column: 55, end_line: 1, start_line: 1, start_column: 0}, severity: "high", pattern_id: "js-xss-innerhtml", pattern_name: "Cross-Site Scripting (XSS) via innerHTML", recommendation: "Review this code for potential security issues", confidence: 0.85, pattern_type: :xss}
13:17:25.365 [debug] Match confidence: 0.62475, min_confidence: 0.7, match: %{type: "js-xss-document-write", context: %{node_type: "CallExpression", depth: 5, parent_type: "MemberExpression"}, location: %{depth: 5, end_column: 33, end_line: 1, start_line: 1, start_column: 0}, severity: "high", pattern_id: "js-xss-document-write", pattern_name: "Cross-Site Scripting (XSS) via document.write", recommendation: "Review this code for potential security issues", confidence: 0.85, pattern_type: :xss}
13:17:25.365 [debug] Match confidence: 0.62475, min_confidence: 0.7, match: %{type: "js-xss-jquery-html", context: %{node_type: "CallExpression", depth: 5, parent_type: "MemberExpression"}, location: %{depth: 5, end_column: 33, end_line: 1, start_line: 1, start_column: 0}, severity: "high", pattern_id: "js-xss-jquery-html", pattern_name: "XSS via jQuery html()", recommendation: "Review this code for potential security issues", confidence: 0.85, pattern_type: :xss}
13:17:25.365 [debug] Match confidence: 0.6435000000000002, min_confidence: 0.7, match: %{type: "js-path-traversal-join", context: %{node_type: "CallExpression", depth: 5, parent_type: "MemberExpression"}, location: %{depth: 5, end_column: 33, end_line: 1, start_line: 1, start_column: 0}, severity: "medium", pattern_id: "js-path-traversal-join", pattern_name: "Path Traversal via path.join", recommendation: "Review this code for potential security issues", confidence: 0.7, pattern_type: :path_traversal}
13:17:25.365 [debug] Match confidence: 0.7150000000000001, min_confidence: 0.7, match: %{type: "js-weak-crypto-md5", context: %{node_type: "CallExpression", depth: 5, parent_type: "MemberExpression"}, location: %{depth: 5, end_column: 33, end_line: 1, start_line: 1, start_column: 0}, severity: "medium", pattern_id: "js-weak-crypto-md5", pattern_name: "Weak Cryptography - MD5", recommendation: "Review this code for potential security issues", confidence: 0.7, pattern_type: :weak_crypto}
13:17:25.365 [debug] Match confidence: 0.7150000000000001, min_confidence: 0.7, match: %{type: "js-weak-crypto-sha1", context: %{node_type: "CallExpression", depth: 5, parent_type: "MemberExpression"}, location: %{depth: 5, end_column: 33, end_line: 1, start_line: 1, start_column: 0}, severity: "medium", pattern_id: "js-weak-crypto-sha1", pattern_name: "Weak Cryptography - SHA1", recommendation: "Review this code for potential security issues", confidence: 0.7, pattern_type: :weak_crypto}
13:17:25.365 [debug] Match confidence: 0.6435000000000002, min_confidence: 0.7, match: %{type: "js-open-redirect", context: %{node_type: "CallExpression", depth: 5, parent_type: "MemberExpression"}, location: %{depth: 5, end_column: 33, end_line: 1, start_line: 1, start_column: 0}, severity: "medium", pattern_id: "js-open-redirect", pattern_name: "Open Redirect Vulnerability", recommendation: "Review this code for potential security issues", confidence: 0.7, pattern_type: :open_redirect}
13:17:25.365 [debug] Match confidence: 0.6435000000000002, min_confidence: 0.7, match: %{type: "js-prototype-pollution", context: %{node_type: "AssignmentExpression", depth: 3, parent_type: "ExpressionStatement"}, location: %{depth: 3, end_column: 55, end_line: 1, start_line: 1, start_column: 0}, severity: "medium", pattern_id: "js-prototype-pollution", pattern_name: "Prototype Pollution", recommendation: "Review this code for potential security issues", confidence: 0.7, pattern_type: :deserialization}
13:17:25.365 [debug] Match confidence: 0.7150000000000001, min_confidence: 0.7, match: %{type: "js-insecure-random", context: %{node_type: "CallExpression", depth: 5, parent_type: "MemberExpression"}, location: %{depth: 5, end_column: 33, end_line: 1, start_line: 1, start_column: 0}, severity: "medium", pattern_id: "js-insecure-random", pattern_name: "Insecure Random Number Generation", recommendation: "Review this code for potential security issues", confidence: 0.7, pattern_type: :insecure_random}
13:17:25.365 [debug] Match confidence: 0.46962499999999996, min_confidence: 0.7, match: %{type: "js-nosql-injection", context: %{node_type: "CallExpression", depth: 5, parent_type: "MemberExpression"}, location: %{depth: 5, end_column: 33, end_line: 1, start_line: 1, start_column: 0}, severity: "high", pattern_id: "js-nosql-injection", pattern_name: "NoSQL Injection", recommendation: "Review this code for potential security issues", confidence: 0.85, pattern_type: :nosql_injection}
13:17:25.366 [debug] Match confidence: 0.49725, min_confidence: 0.7, match: %{type: "js-ldap-injection", context: %{node_type: "CallExpression", depth: 5, parent_type: "MemberExpression"}, location: %{depth: 5, end_column: 33, end_line: 1, start_line: 1, start_column: 0}, severity: "high", pattern_id: "js-ldap-injection", pattern_name: "LDAP Injection", recommendation: "Review this code for potential security issues", confidence: 0.85, pattern_type: :ldap_injection}
13:17:25.366 [debug] Match confidence: 0.49725, min_confidence: 0.7, match: %{type: "js-xpath-injection", context: %{node_type: "CallExpression", depth: 5, parent_type: "MemberExpression"}, location: %{depth: 5, end_column: 33, end_line: 1, start_line: 1, start_column: 0}, severity: "high", pattern_id: "js-xpath-injection", pattern_name: "XPath Injection", recommendation: "Review this code for potential security issues", confidence: 0.85, pattern_type: :xpath_injection}
13:17:25.366 [debug] Match confidence: 0.6435000000000002, min_confidence: 0.7, match: %{type: "js-ssrf", context: %{node_type: "CallExpression", depth: 5, parent_type: "MemberExpression"}, location: %{depth: 5, end_column: 33, end_line: 1, start_line: 1, start_column: 0}, severity: "medium", pattern_id: "js-ssrf", pattern_name: "Server-Side Request Forgery (SSRF)", recommendation: "Review this code for potential security issues", confidence: 0.7, pattern_type: :ssrf}
13:17:25.366 [debug] Match confidence: 0.6435000000000002, min_confidence: 0.7, match: %{type: "js-insecure-deserialization", context: %{node_type: "CallExpression", depth: 5, parent_type: "MemberExpression"}, location: %{depth: 5, end_column: 33, end_line: 1, start_line: 1, start_column: 0}, severity: "medium", pattern_id: "js-insecure-deserialization", pattern_name: "Insecure Deserialization", recommendation: "Review this code for potential security issues", confidence: 0.7, pattern_type: :deserialization}
13:17:25.366 [debug] Match confidence: 0.6435000000000002, min_confidence: 0.7, match: %{type: "js-jwt-none-algorithm", context: %{node_type: "CallExpression", depth: 5, parent_type: "MemberExpression"}, location: %{depth: 5, end_column: 33, end_line: 1, start_line: 1, start_column: 0}, severity: "medium", pattern_id: "js-jwt-none-algorithm", pattern_name: "JWT None Algorithm Vulnerability", recommendation: "Review this code for potential security issues", confidence: 0.7, pattern_type: :authentication}
13:17:25.366 [debug] Match confidence: 0.6435000000000002, min_confidence: 0.7, match: %{type: "js-debug-console-log", context: %{node_type: "CallExpression", depth: 5, parent_type: "MemberExpression"}, location: %{depth: 5, end_column: 33, end_line: 1, start_line: 1, start_column: 0}, severity: "medium", pattern_id: "js-debug-console-log", pattern_name: "Sensitive Data in Console Logs", recommendation: "Review this code for potential security issues", confidence: 0.7, pattern_type: :information_disclosure}
13:17:25.385 [debug] Parser response received
13:17:25.385 [info] AnalysisService: Loaded 12 patterns for python
13:17:25.385 [info] AnalysisService: Found 1 matches
13:17:25.385 [debug] Match confidence: 0.541875, min_confidence: 0.7, match: %{type: "python-sql-injection-fstring", context: %{node_type: "JoinedStr", depth: 2, parent_type: "Assign"}, location: %{depth: 2, end_column: 0, end_line: 1, start_line: 1, start_column: 0}, severity: "high", pattern_id: "python-sql-injection-fstring", pattern_name: "SQL Injection via F-String Formatting", recommendation: "Review this code for potential security issues", confidence: 0.85, pattern_type: :sql_injection}
.........13:17:25.529 request_id=GGBS8AaMGLd0F_oAAIWH [info] GET /
13:17:25.530 request_id=GGBS8AaMGLd0F_oAAIWH [debug] Processing with RsolvWeb.HomeLive.index/2
  Parameters: %{}
  Pipelines: [:browser]
13:17:25.530 request_id=GGBS8AaMGLd0F_oAAIWH [info] Analytics event tracked
13:17:25.530 request_id=GGBS8AaMGLd0F_oAAIWH [debug] QUERY OK db=0.1ms queue=0.1ms
SELECT create_analytics_partition_if_not_exists($1::date) [~D[2025-08-29]]
13:17:25.531 request_id=GGBS8AaMGLd0F_oAAIWH [debug] QUERY OK source="analytics_events" db=0.2ms
INSERT INTO "analytics_events" ("metadata","event_type","visitor_id","page_path","inserted_at","updated_at") VALUES ($1,$2,$3,$4,$5,$6) RETURNING "id" [%{}, "page_view", "0449274dd6721b08c9120a08a9fde592", "/", ~N[2025-08-29 19:17:25], ~N[2025-08-29 19:17:25]]
13:17:25.531 request_id=GGBS8AaMGLd0F_oAAIWH [debug] QUERY OK source="fun_with_flags_toggles" db=0.0ms
SELECT f0."id", f0."flag_name", f0."gate_type", f0."target", f0."enabled" FROM "fun_with_flags_toggles" AS f0 WHERE (f0."flag_name" = $1) ["blog"]
13:17:25.531 request_id=GGBS8AaMGLd0F_oAAIWH [debug] Telemetry event: [:fun_with_flags, :persistence, :read], metadata: %{flag_name: :blog, gate: nil}, measurements: %{system_time: 1756495045531307060}
13:17:25.531 request_id=GGBS8AaMGLd0F_oAAIWH [info] ROI Calculator LiveComponent mounting...
13:17:25.531 request_id=GGBS8AaMGLd0F_oAAIWH [info] ROI Calculator LiveComponent mounted
13:17:25.531 request_id=GGBS8AaMGLd0F_oAAIWH [info] Sent 200 in 1ms
.13:17:25.532 [debug] QUERY OK source="fun_with_flags_toggles" db=0.0ms
DELETE FROM "fun_with_flags_toggles" AS f0 WHERE (f0."flag_name" = $1) ["all"]
13:17:25.532 [debug] QUERY OK source="fun_with_flags_toggles" db=0.1ms
SELECT f0."id", f0."flag_name", f0."gate_type", f0."target", f0."enabled" FROM "fun_with_flags_toggles" AS f0 WHERE (f0."flag_name" = $1) ["all"]
13:17:25.532 [debug] Telemetry event: [:fun_with_flags, :persistence, :delete_flag], metadata: %{flag_name: :all, gate: nil}, measurements: %{system_time: 1756495045532453694}
13:17:25.532 [debug] QUERY OK source="fun_with_flags_toggles" db=0.1ms queue=0.1ms
INSERT INTO "fun_with_flags_toggles" AS f0 ("enabled","target","flag_name","gate_type") VALUES ($1,$2,$3,$4) ON CONFLICT ("flag_name","gate_type","target") DO UPDATE SET "enabled" = $5 RETURNING "id" [false, "_fwf_none", "admin_dashboard", "boolean", false]
13:17:25.532 [debug] QUERY OK source="fun_with_flags_toggles" db=0.0ms
SELECT f0."id", f0."flag_name", f0."gate_type", f0."target", f0."enabled" FROM "fun_with_flags_toggles" AS f0 WHERE (f0."flag_name" = $1) ["admin_dashboard"]
13:17:25.532 [debug] Telemetry event: [:fun_with_flags, :persistence, :write], metadata: %{flag_name: :admin_dashboard, gate: %FunWithFlags.Gate{type: :boolean, for: nil, enabled: false}}, measurements: %{system_time: 1756495045532911036}
13:17:25.532 [debug] QUERY OK source="fun_with_flags_toggles" db=0.0ms
DELETE FROM "fun_with_flags_toggles" AS f0 WHERE (f0."flag_name" = $1) ["admin_dashboard"]
13:17:25.533 [debug] QUERY OK source="fun_with_flags_toggles" db=0.1ms
SELECT f0."id", f0."flag_name", f0."gate_type", f0."target", f0."enabled" FROM "fun_with_flags_toggles" AS f0 WHERE (f0."flag_name" = $1) ["admin_dashboard"]
13:17:25.533 [debug] Telemetry event: [:fun_with_flags, :persistence, :delete_flag], metadata: %{flag_name: :admin_dashboard, gate: nil}, measurements: %{system_time: 1756495045533141678}
13:17:25.533 [debug] QUERY OK source="fun_with_flags_toggles" db=0.1ms
SELECT f0."id", f0."flag_name", f0."gate_type", f0."target", f0."enabled" FROM "fun_with_flags_toggles" AS f0 WHERE (f0."flag_name" = $1) ["admin_dashboard"]
13:17:25.533 [debug] Telemetry event: [:fun_with_flags, :persistence, :read], metadata: %{flag_name: :admin_dashboard, gate: nil}, measurements: %{system_time: 1756495045533308228}
13:17:25.533 request_id=GGBS8Aa_vlVyQGUAADEF [info] GET /dashboard
13:17:25.533 request_id=GGBS8Aa_vlVyQGUAADEF [debug] Processing with RsolvWeb.DashboardController.index/2
  Parameters: %{}
  Pipelines: [:browser, RsolvWeb.Plugs.DashboardAuth, :require_admin_dashboard]
13:17:25.537 request_id=GGBS8Aa_vlVyQGUAADEF [debug] QUERY OK source="fun_with_flags_toggles" db=0.1ms
SELECT f0."id", f0."flag_name", f0."gate_type", f0."target", f0."enabled" FROM "fun_with_flags_toggles" AS f0 WHERE (f0."flag_name" = $1) ["admin_dashboard"]
13:17:25.537 request_id=GGBS8Aa_vlVyQGUAADEF [debug] Telemetry event: [:fun_with_flags, :persistence, :read], metadata: %{flag_name: :admin_dashboard, gate: nil}, measurements: %{system_time: 1756495045537504869}
13:17:25.537 request_id=GGBS8Aa_vlVyQGUAADEF [warning] Tracking undefined event: feature_disabled_access. Consider adding to @events list.
13:17:25.537 request_id=GGBS8Aa_vlVyQGUAADEF [info] Analytics event tracked
13:17:25.537 request_id=GGBS8Aa_vlVyQGUAADEF [debug] QUERY OK db=0.2ms queue=0.1ms
SELECT create_analytics_partition_if_not_exists($1::date) [~D[2025-08-29]]
13:17:25.538 request_id=GGBS8Aa_vlVyQGUAADEF [debug] QUERY OK source="analytics_events" db=0.1ms
INSERT INTO "analytics_events" ("metadata","event_type","visitor_id","inserted_at","updated_at") VALUES ($1,$2,$3,$4,$5) RETURNING "id" [%{path: "/dashboard", feature: :admin_dashboard, method: "GET", remote_ip: "127.0.0.1"}, "feature_disabled_access", "4398b56ada5bb1e19256cd5c5edb29a8", ~N[2025-08-29 19:17:25], ~N[2025-08-29 19:17:25]]
13:17:25.538 request_id=GGBS8Aa_vlVyQGUAADEF [info] Access attempt to disabled feature
13:17:25.538 request_id=GGBS8Aa_vlVyQGUAADEF [info] Sent 302 in 4ms
13:17:25.538 request_id=GGBS8Aa_vlVyQGUAADEF [debug] Phoenix.Router halted in :require_admin_dashboard/2
.13:17:25.538 [debug] QUERY OK source="fun_with_flags_toggles" db=0.2ms
DELETE FROM "fun_with_flags_toggles" AS f0 WHERE (f0."flag_name" = $1) ["all"]
13:17:25.539 [debug] QUERY OK source="fun_with_flags_toggles" db=0.3ms
SELECT f0."id", f0."flag_name", f0."gate_type", f0."target", f0."enabled" FROM "fun_with_flags_toggles" AS f0 WHERE (f0."flag_name" = $1) ["all"]
13:17:25.539 [debug] Telemetry event: [:fun_with_flags, :persistence, :delete_flag], metadata: %{flag_name: :all, gate: nil}, measurements: %{system_time: 1756495045539325248}
13:17:25.539 [debug] QUERY OK source="fun_with_flags_toggles" db=0.1ms queue=0.1ms
INSERT INTO "fun_with_flags_toggles" AS f0 ("enabled","target","flag_name","gate_type") VALUES ($1,$2,$3,$4) ON CONFLICT ("flag_name","gate_type","target") DO UPDATE SET "enabled" = $5 RETURNING "id" [true, "_fwf_none", "admin_dashboard", "boolean", true]
13:17:25.539 [debug] QUERY OK source="fun_with_flags_toggles" db=0.0ms
SELECT f0."id", f0."flag_name", f0."gate_type", f0."target", f0."enabled" FROM "fun_with_flags_toggles" AS f0 WHERE (f0."flag_name" = $1) ["admin_dashboard"]
13:17:25.539 [debug] Telemetry event: [:fun_with_flags, :persistence, :write], metadata: %{flag_name: :admin_dashboard, gate: %FunWithFlags.Gate{type: :boolean, for: nil, enabled: true}}, measurements: %{system_time: 1756495045539934865}
13:17:25.540 [debug] QUERY OK source="fun_with_flags_toggles" db=0.1ms
INSERT INTO "fun_with_flags_toggles" AS f0 ("enabled","target","flag_name","gate_type") VALUES ($1,$2,$3,$4) ON CONFLICT ("flag_name","gate_type","target") DO UPDATE SET "enabled" = $5 RETURNING "id" [false, "_fwf_none", "metrics_dashboard", "boolean", false]
13:17:25.540 [debug] QUERY OK source="fun_with_flags_toggles" db=0.0ms
SELECT f0."id", f0."flag_name", f0."gate_type", f0."target", f0."enabled" FROM "fun_with_flags_toggles" AS f0 WHERE (f0."flag_name" = $1) ["metrics_dashboard"]
13:17:25.540 [debug] Telemetry event: [:fun_with_flags, :persistence, :write], metadata: %{flag_name: :metrics_dashboard, gate: %FunWithFlags.Gate{type: :boolean, for: nil, enabled: false}}, measurements: %{system_time: 1756495045540308854}
13:17:25.540 [debug] QUERY OK source="fun_with_flags_toggles" db=0.0ms
DELETE FROM "fun_with_flags_toggles" AS f0 WHERE (f0."flag_name" = $1) ["metrics_dashboard"]
13:17:25.540 [debug] QUERY OK source="fun_with_flags_toggles" db=0.0ms
SELECT f0."id", f0."flag_name", f0."gate_type", f0."target", f0."enabled" FROM "fun_with_flags_toggles" AS f0 WHERE (f0."flag_name" = $1) ["metrics_dashboard"]
13:17:25.540 [debug] Telemetry event: [:fun_with_flags, :persistence, :delete_flag], metadata: %{flag_name: :metrics_dashboard, gate: nil}, measurements: %{system_time: 1756495045540614785}
13:17:25.540 [debug] QUERY OK source="fun_with_flags_toggles" db=0.0ms
SELECT f0."id", f0."flag_name", f0."gate_type", f0."target", f0."enabled" FROM "fun_with_flags_toggles" AS f0 WHERE (f0."flag_name" = $1) ["metrics_dashboard"]
13:17:25.540 [debug] Telemetry event: [:fun_with_flags, :persistence, :read], metadata: %{flag_name: :metrics_dashboard, gate: nil}, measurements: %{system_time: 1756495045540771331}
13:17:25.540 request_id=GGBS8Acx29zM4k4AAFIB [info] GET /dashboard/analytics
13:17:25.540 request_id=GGBS8Acx29zM4k4AAFIB [debug] Processing with RsolvWeb.DashboardLive.index/2
  Parameters: %{}
  Pipelines: [:browser, RsolvWeb.Plugs.DashboardAuth, :require_admin_dashboard, :require_metrics_dashboard]
13:17:25.541 request_id=GGBS8Acx29zM4k4AAFIB [debug] QUERY OK source="fun_with_flags_toggles" db=0.0ms
SELECT f0."id", f0."flag_name", f0."gate_type", f0."target", f0."enabled" FROM "fun_with_flags_toggles" AS f0 WHERE (f0."flag_name" = $1) ["admin_dashboard"]
13:17:25.541 request_id=GGBS8Acx29zM4k4AAFIB [debug] Telemetry event: [:fun_with_flags, :persistence, :read], metadata: %{flag_name: :admin_dashboard, gate: nil}, measurements: %{system_time: 1756495045541109749}
13:17:25.541 request_id=GGBS8Acx29zM4k4AAFIB [debug] QUERY OK source="fun_with_flags_toggles" db=0.0ms
SELECT f0."id", f0."flag_name", f0."gate_type", f0."target", f0."enabled" FROM "fun_with_flags_toggles" AS f0 WHERE (f0."flag_name" = $1) ["metrics_dashboard"]
13:17:25.541 request_id=GGBS8Acx29zM4k4AAFIB [debug] Telemetry event: [:fun_with_flags, :persistence, :read], metadata: %{flag_name: :metrics_dashboard, gate: nil}, measurements: %{system_time: 1756495045541307484}
13:17:25.541 request_id=GGBS8Acx29zM4k4AAFIB [warning] Tracking undefined event: feature_disabled_access. Consider adding to @events list.
13:17:25.541 request_id=GGBS8Acx29zM4k4AAFIB [info] Analytics event tracked
13:17:25.541 request_id=GGBS8Acx29zM4k4AAFIB [debug] QUERY OK db=0.1ms
SELECT create_analytics_partition_if_not_exists($1::date) [~D[2025-08-29]]
13:17:25.541 request_id=GGBS8Acx29zM4k4AAFIB [debug] QUERY OK source="analytics_events" db=0.1ms
INSERT INTO "analytics_events" ("metadata","event_type","visitor_id","inserted_at","updated_at") VALUES ($1,$2,$3,$4,$5) RETURNING "id" [%{path: "/dashboard/analytics", feature: :metrics_dashboard, method: "GET", remote_ip: "127.0.0.1"}, "feature_disabled_access", "56c4dbae03c26db55ee9b8f8d78a6166", ~N[2025-08-29 19:17:25], ~N[2025-08-29 19:17:25]]
13:17:25.541 request_id=GGBS8Acx29zM4k4AAFIB [info] Access attempt to disabled feature
13:17:25.541 request_id=GGBS8Acx29zM4k4AAFIB [info] Sent 302 in 1ms
13:17:25.541 request_id=GGBS8Acx29zM4k4AAFIB [debug] Phoenix.Router halted in :require_metrics_dashboard/2
.13:17:25.542 [debug] QUERY OK source="fun_with_flags_toggles" db=0.2ms
DELETE FROM "fun_with_flags_toggles" AS f0 WHERE (f0."flag_name" = $1) ["all"]
13:17:25.542 [debug] QUERY OK source="fun_with_flags_toggles" db=0.0ms
SELECT f0."id", f0."flag_name", f0."gate_type", f0."target", f0."enabled" FROM "fun_with_flags_toggles" AS f0 WHERE (f0."flag_name" = $1) ["all"]
13:17:25.542 [debug] Telemetry event: [:fun_with_flags, :persistence, :delete_flag], metadata: %{flag_name: :all, gate: nil}, measurements: %{system_time: 1756495045542683248}
13:17:25.542 request_id=GGBS8AdOxgWYS2QAAFKB [info] GET /dashboard
13:17:25.542 request_id=GGBS8AdOxgWYS2QAAFKB [debug] Processing with RsolvWeb.DashboardController.index/2
  Parameters: %{}
  Pipelines: [:browser, RsolvWeb.Plugs.DashboardAuth, :require_admin_dashboard]
13:17:25.542 request_id=GGBS8AdOxgWYS2QAAFKB [info] Sent 401 in 94µs
13:17:25.542 request_id=GGBS8AdOxgWYS2QAAFKB [debug] Phoenix.Router halted in RsolvWeb.Plugs.DashboardAuth.call/2
.13:17:25.543 [debug] QUERY OK source="fun_with_flags_toggles" db=0.1ms
DELETE FROM "fun_with_flags_toggles" AS f0 WHERE (f0."flag_name" = $1) ["all"]
13:17:25.543 [debug] QUERY OK source="fun_with_flags_toggles" db=0.1ms
SELECT f0."id", f0."flag_name", f0."gate_type", f0."target", f0."enabled" FROM "fun_with_flags_toggles" AS f0 WHERE (f0."flag_name" = $1) ["all"]
13:17:25.543 [debug] Telemetry event: [:fun_with_flags, :persistence, :delete_flag], metadata: %{flag_name: :all, gate: nil}, measurements: %{system_time: 1756495045543509391}
13:17:25.543 [debug] QUERY OK source="fun_with_flags_toggles" db=0.1ms queue=0.1ms
INSERT INTO "fun_with_flags_toggles" AS f0 ("enabled","target","flag_name","gate_type") VALUES ($1,$2,$3,$4) ON CONFLICT ("flag_name","gate_type","target") DO UPDATE SET "enabled" = $5 RETURNING "id" [true, "_fwf_none", "admin_dashboard", "boolean", true]
13:17:25.544 [debug] QUERY OK source="fun_with_flags_toggles" db=0.0ms
SELECT f0."id", f0."flag_name", f0."gate_type", f0."target", f0."enabled" FROM "fun_with_flags_toggles" AS f0 WHERE (f0."flag_name" = $1) ["admin_dashboard"]
13:17:25.544 [debug] Telemetry event: [:fun_with_flags, :persistence, :write], metadata: %{flag_name: :admin_dashboard, gate: %FunWithFlags.Gate{type: :boolean, for: nil, enabled: true}}, measurements: %{system_time: 1756495045544041198}
13:17:25.544 request_id=GGBS8Adjs420Vd0AAFMB [info] GET /dashboard
13:17:25.544 request_id=GGBS8Adjs420Vd0AAFMB [debug] Processing with RsolvWeb.DashboardController.index/2
  Parameters: %{}
  Pipelines: [:browser, RsolvWeb.Plugs.DashboardAuth, :require_admin_dashboard]
13:17:25.544 request_id=GGBS8Adjs420Vd0AAFMB [debug] QUERY OK source="fun_with_flags_toggles" db=0.0ms
SELECT f0."id", f0."flag_name", f0."gate_type", f0."target", f0."enabled" FROM "fun_with_flags_toggles" AS f0 WHERE (f0."flag_name" = $1) ["admin_dashboard"]
13:17:25.544 request_id=GGBS8Adjs420Vd0AAFMB [debug] Telemetry event: [:fun_with_flags, :persistence, :read], metadata: %{flag_name: :admin_dashboard, gate: nil}, measurements: %{system_time: 1756495045544352292}
13:17:25.546 request_id=GGBS8Adjs420Vd0AAFMB [info] Sent 302 in 2ms
.13:17:25.547 [debug] QUERY OK source="fun_with_flags_toggles" db=0.1ms
DELETE FROM "fun_with_flags_toggles" AS f0 WHERE (f0."flag_name" = $1) ["all"]
13:17:25.547 [debug] QUERY OK source="fun_with_flags_toggles" db=0.0ms
SELECT f0."id", f0."flag_name", f0."gate_type", f0."target", f0."enabled" FROM "fun_with_flags_toggles" AS f0 WHERE (f0."flag_name" = $1) ["all"]
13:17:25.547 [debug] Telemetry event: [:fun_with_flags, :persistence, :delete_flag], metadata: %{flag_name: :all, gate: nil}, measurements: %{system_time: 1756495045547366303}
13:17:25.547 [debug] QUERY OK source="fun_with_flags_toggles" db=0.0ms
INSERT INTO "fun_with_flags_toggles" AS f0 ("enabled","target","flag_name","gate_type") VALUES ($1,$2,$3,$4) ON CONFLICT ("flag_name","gate_type","target") DO UPDATE SET "enabled" = $5 RETURNING "id" [true, "_fwf_none", "admin_dashboard", "boolean", true]
13:17:25.547 [debug] QUERY OK source="fun_with_flags_toggles" db=0.0ms
SELECT f0."id", f0."flag_name", f0."gate_type", f0."target", f0."enabled" FROM "fun_with_flags_toggles" AS f0 WHERE (f0."flag_name" = $1) ["admin_dashboard"]
13:17:25.547 [debug] Telemetry event: [:fun_with_flags, :persistence, :write], metadata: %{flag_name: :admin_dashboard, gate: %FunWithFlags.Gate{type: :boolean, for: nil, enabled: true}}, measurements: %{system_time: 1756495045547656133}
13:17:25.547 [debug] QUERY OK source="fun_with_flags_toggles" db=0.0ms
INSERT INTO "fun_with_flags_toggles" AS f0 ("enabled","target","flag_name","gate_type") VALUES ($1,$2,$3,$4) ON CONFLICT ("flag_name","gate_type","target") DO UPDATE SET "enabled" = $5 RETURNING "id" [true, "_fwf_none", "metrics_dashboard", "boolean", true]
13:17:25.547 [debug] QUERY OK source="fun_with_flags_toggles" db=0.0ms
SELECT f0."id", f0."flag_name", f0."gate_type", f0."target", f0."enabled" FROM "fun_with_flags_toggles" AS f0 WHERE (f0."flag_name" = $1) ["metrics_dashboard"]
13:17:25.547 [debug] Telemetry event: [:fun_with_flags, :persistence, :write], metadata: %{flag_name: :metrics_dashboard, gate: %FunWithFlags.Gate{type: :boolean, for: nil, enabled: true}}, measurements: %{system_time: 1756495045547827821}
13:17:25.547 request_id=GGBS8AedOYhTH4gAAFOB [info] GET /dashboard/analytics
13:17:25.547 request_id=GGBS8AedOYhTH4gAAFOB [debug] Processing with RsolvWeb.DashboardLive.index/2
  Parameters: %{}
  Pipelines: [:browser, RsolvWeb.Plugs.DashboardAuth, :require_admin_dashboard, :require_metrics_dashboard]
13:17:25.548 request_id=GGBS8AedOYhTH4gAAFOB [debug] QUERY OK source="fun_with_flags_toggles" db=0.0ms
SELECT f0."id", f0."flag_name", f0."gate_type", f0."target", f0."enabled" FROM "fun_with_flags_toggles" AS f0 WHERE (f0."flag_name" = $1) ["admin_dashboard"]
13:17:25.548 request_id=GGBS8AedOYhTH4gAAFOB [debug] Telemetry event: [:fun_with_flags, :persistence, :read], metadata: %{flag_name: :admin_dashboard, gate: nil}, measurements: %{system_time: 1756495045548039486}
13:17:25.548 request_id=GGBS8AedOYhTH4gAAFOB [debug] QUERY OK source="fun_with_flags_toggles" db=0.0ms
SELECT f0."id", f0."flag_name", f0."gate_type", f0."target", f0."enabled" FROM "fun_with_flags_toggles" AS f0 WHERE (f0."flag_name" = $1) ["metrics_dashboard"]
13:17:25.548 request_id=GGBS8AedOYhTH4gAAFOB [debug] Telemetry event: [:fun_with_flags, :persistence, :read], metadata: %{flag_name: :metrics_dashboard, gate: nil}, measurements: %{system_time: 1756495045548130999}
13:17:25.550 request_id=GGBS8AedOYhTH4gAAFOB [info] Fetching dashboard data
13:17:25.550 request_id=GGBS8AedOYhTH4gAAFOB [debug] Date range calculated
13:17:25.552 request_id=GGBS8AedOYhTH4gAAFOB [debug] QUERY OK source="analytics_events" db=0.3ms queue=0.3ms
SELECT date(a0."inserted_at"), count(a0."id"), count(distinct a0."visitor_id") FROM "analytics_events" AS a0 WHERE (a0."event_type" = 'page_view') AND (a0."inserted_at"::date >= $1) AND (a0."inserted_at"::date <= $2) GROUP BY date(a0."inserted_at") [~D[2025-08-22], ~D[2025-08-29]]
13:17:25.552 request_id=GGBS8AedOYhTH4gAAFOB [debug] QUERY OK source="analytics_events" db=0.1ms
SELECT date(a0."inserted_at"), count(a0."id"), count(distinct a0."visitor_id") FROM "analytics_events" AS a0 WHERE (a0."event_type" = 'conversion') AND (a0."inserted_at"::date >= $1) AND (a0."inserted_at"::date <= $2) GROUP BY date(a0."inserted_at") [~D[2025-08-22], ~D[2025-08-29]]
13:17:25.552 request_id=GGBS8AedOYhTH4gAAFOB [debug] QUERY OK source="analytics_events" db=0.0ms
SELECT a0."utm_source", count(a0."id"), count(distinct a0."visitor_id") FROM "analytics_events" AS a0 WHERE (a0."event_type" = 'page_view') AND (a0."inserted_at"::date >= $1) AND (a0."inserted_at"::date <= $2) GROUP BY a0."utm_source" [~D[2025-08-22], ~D[2025-08-29]]
13:17:25.552 request_id=GGBS8AedOYhTH4gAAFOB [debug] QUERY OK source="analytics_events" db=0.0ms
SELECT a0."id", a0."event_type", a0."visitor_id", a0."session_id", a0."page_path", a0."referrer", a0."user_agent", a0."ip_address", a0."utm_source", a0."utm_medium", a0."utm_campaign", a0."utm_term", a0."utm_content", a0."metadata", a0."inserted_at", a0."updated_at" FROM "analytics_events" AS a0 WHERE (a0."event_type" = 'page_view') AND (a0."inserted_at"::date >= $1) AND (a0."inserted_at"::date <= $2) [~D[2025-08-22], ~D[2025-08-29]]
13:17:25.552 request_id=GGBS8AedOYhTH4gAAFOB [debug] QUERY OK source="analytics_events" db=0.0ms
SELECT a0."id", a0."event_type", a0."visitor_id", a0."session_id", a0."page_path", a0."referrer", a0."user_agent", a0."ip_address", a0."utm_source", a0."utm_medium", a0."utm_campaign", a0."utm_term", a0."utm_content", a0."metadata", a0."inserted_at", a0."updated_at" FROM "analytics_events" AS a0 WHERE (a0."event_type" = 'conversion') AND (a0."inserted_at"::date >= $1) AND (a0."inserted_at"::date <= $2) [~D[2025-08-22], ~D[2025-08-29]]
13:17:25.554 request_id=GGBS8AedOYhTH4gAAFOB [debug] QUERY OK source="analytics_events" db=0.2ms queue=0.1ms
SELECT DISTINCT ON (a0."visitor_id") a0."id", a0."event_type", a0."visitor_id", a0."session_id", a0."page_path", a0."referrer", a0."user_agent", a0."ip_address", a0."utm_source", a0."utm_medium", a0."utm_campaign", a0."utm_term", a0."utm_content", a0."metadata", a0."inserted_at", a0."updated_at" FROM "analytics_events" AS a0 WHERE (a0."inserted_at"::date >= $1) AND (a0."inserted_at"::date <= $2) [~D[2025-08-22], ~D[2025-08-29]]
13:17:25.554 request_id=GGBS8AedOYhTH4gAAFOB [info] Fetching dashboard data
13:17:25.554 request_id=GGBS8AedOYhTH4gAAFOB [debug] Date range calculated
13:17:25.554 request_id=GGBS8AedOYhTH4gAAFOB [debug] QUERY OK source="analytics_events" db=0.1ms
SELECT date(a0."inserted_at"), count(a0."id"), count(distinct a0."visitor_id") FROM "analytics_events" AS a0 WHERE (a0."event_type" = 'page_view') AND (a0."inserted_at"::date >= $1) AND (a0."inserted_at"::date <= $2) GROUP BY date(a0."inserted_at") [~D[2025-08-22], ~D[2025-08-29]]
13:17:25.554 request_id=GGBS8AedOYhTH4gAAFOB [debug] QUERY OK source="analytics_events" db=0.0ms
SELECT date(a0."inserted_at"), count(a0."id"), count(distinct a0."visitor_id") FROM "analytics_events" AS a0 WHERE (a0."event_type" = 'conversion') AND (a0."inserted_at"::date >= $1) AND (a0."inserted_at"::date <= $2) GROUP BY date(a0."inserted_at") [~D[2025-08-22], ~D[2025-08-29]]
13:17:25.554 request_id=GGBS8AedOYhTH4gAAFOB [debug] QUERY OK source="analytics_events" db=0.0ms
SELECT a0."utm_source", count(a0."id"), count(distinct a0."visitor_id") FROM "analytics_events" AS a0 WHERE (a0."event_type" = 'page_view') AND (a0."inserted_at"::date >= $1) AND (a0."inserted_at"::date <= $2) GROUP BY a0."utm_source" [~D[2025-08-22], ~D[2025-08-29]]
13:17:25.554 request_id=GGBS8AedOYhTH4gAAFOB [debug] QUERY OK source="analytics_events" db=0.0ms
SELECT a0."id", a0."event_type", a0."visitor_id", a0."session_id", a0."page_path", a0."referrer", a0."user_agent", a0."ip_address", a0."utm_source", a0."utm_medium", a0."utm_campaign", a0."utm_term", a0."utm_content", a0."metadata", a0."inserted_at", a0."updated_at" FROM "analytics_events" AS a0 WHERE (a0."event_type" = 'page_view') AND (a0."inserted_at"::date >= $1) AND (a0."inserted_at"::date <= $2) [~D[2025-08-22], ~D[2025-08-29]]
13:17:25.554 request_id=GGBS8AedOYhTH4gAAFOB [debug] QUERY OK source="analytics_events" db=0.0ms
SELECT a0."id", a0."event_type", a0."visitor_id", a0."session_id", a0."page_path", a0."referrer", a0."user_agent", a0."ip_address", a0."utm_source", a0."utm_medium", a0."utm_campaign", a0."utm_term", a0."utm_content", a0."metadata", a0."inserted_at", a0."updated_at" FROM "analytics_events" AS a0 WHERE (a0."event_type" = 'conversion') AND (a0."inserted_at"::date >= $1) AND (a0."inserted_at"::date <= $2) [~D[2025-08-22], ~D[2025-08-29]]
13:17:25.554 request_id=GGBS8AedOYhTH4gAAFOB [debug] QUERY OK source="analytics_events" db=0.0ms
SELECT DISTINCT ON (a0."visitor_id") a0."id", a0."event_type", a0."visitor_id", a0."session_id", a0."page_path", a0."referrer", a0."user_agent", a0."ip_address", a0."utm_source", a0."utm_medium", a0."utm_campaign", a0."utm_term", a0."utm_content", a0."metadata", a0."inserted_at", a0."updated_at" FROM "analytics_events" AS a0 WHERE (a0."inserted_at"::date >= $1) AND (a0."inserted_at"::date <= $2) [~D[2025-08-22], ~D[2025-08-29]]
13:17:25.554 request_id=GGBS8AedOYhTH4gAAFOB [debug] QUERY OK source="fun_with_flags_toggles" db=0.0ms
SELECT f0."id", f0."flag_name", f0."gate_type", f0."target", f0."enabled" FROM "fun_with_flags_toggles" AS f0 WHERE (f0."flag_name" = $1) ["blog"]
13:17:25.554 request_id=GGBS8AedOYhTH4gAAFOB [debug] Telemetry event: [:fun_with_flags, :persistence, :read], metadata: %{flag_name: :blog, gate: nil}, measurements: %{system_time: 1756495045554824098}
13:17:25.555 request_id=GGBS8AedOYhTH4gAAFOB [info] Sent 200 in 7ms
.13:17:25.556 [debug] QUERY OK source="fun_with_flags_toggles" db=0.1ms
INSERT INTO "fun_with_flags_toggles" AS f0 ("enabled","target","flag_name","gate_type") VALUES ($1,$2,$3,$4) ON CONFLICT ("flag_name","gate_type","target") DO UPDATE SET "enabled" = $5 RETURNING "id" [true, "_fwf_none", "false_positive_caching", "boolean", true]
13:17:25.556 [debug] QUERY OK source="fun_with_flags_toggles" db=0.0ms
SELECT f0."id", f0."flag_name", f0."gate_type", f0."target", f0."enabled" FROM "fun_with_flags_toggles" AS f0 WHERE (f0."flag_name" = $1) ["false_positive_caching"]
13:17:25.556 [debug] Telemetry event: [:fun_with_flags, :persistence, :write], metadata: %{flag_name: :false_positive_caching, gate: %FunWithFlags.Gate{type: :boolean, for: nil, enabled: true}}, measurements: %{system_time: 1756495045556497669}
13:17:25.693 [debug] QUERY OK source="users" db=0.4ms queue=0.1ms
INSERT INTO "users" ("email","hashed_password","inserted_at","updated_at") VALUES ($1,$2,$3,$4) RETURNING "id" ["test22402@example.com", "$2b$12$sRgVuP9C3bo98SU381M7TO2sH5qzQeqLD8CllK5PY8IlMbXI4CR8.", ~U[2025-08-29 19:17:25Z], ~U[2025-08-29 19:17:25Z]]
13:17:25.693 [debug] QUERY OK source="customers" db=0.3ms queue=0.2ms
INSERT INTO "customers" ("active","name","metadata","plan","api_key","email","user_id","monthly_limit","current_usage","inserted_at","updated_at") VALUES ($1,$2,$3,$4,$5,$6,$7,$8,$9,$10,$11) RETURNING "id" [true, "Test Customer 22402", %{}, "standard", "test_api_key_22402", "test22402@example.com", 18228, 100, 0, ~N[2025-08-29 19:17:25], ~N[2025-08-29 19:17:25]]
13:17:25.694 [debug] QUERY OK source="forge_accounts" db=0.2ms queue=0.2ms
INSERT INTO "forge_accounts" ("metadata","namespace","customer_id","forge_type","verified_at","inserted_at","updated_at") VALUES ($1,$2,$3,$4,$5,$6,$7) RETURNING "id" [%{}, "test-org-22402", 17683, :github, ~U[2025-08-29 19:17:25.693850Z], ~U[2025-08-29 19:17:25.693862Z], ~U[2025-08-29 19:17:25.693862Z]]
13:17:25.694 request_id=GGBS8BBaZQLzfCoAAFgB [info] POST /api/v1/vulnerabilities/validate
13:17:25.694 request_id=GGBS8BBaZQLzfCoAAFgB [debug] Processing with RsolvWeb.Api.V1.VulnerabilityValidationRouter.validate/2
  Parameters: %{"files" => %{"db.js" => %{"content" => "function query(input) { db.query(input); }", "hash" => "sha256:db123"}, "ui.js" => %{"content" => "function render(data) { el.innerHTML = data; }", "hash" => "sha256:ui456"}}, "repository" => "test-org/test-repo", "vulnerabilities" => [%{"code" => "db.query(input)", "filePath" => "db.js", "id" => "vuln-1", "line" => 10, "locations" => [%{"file_path" => "db.js", "is_primary" => true, "line" => 10}], "type" => "sql-injection"}, %{"code" => "innerHTML = data", "filePath" => "ui.js", "id" => "vuln-2", "line" => 20, "locations" => [%{"file_path" => "ui.js", "is_primary" => true, "line" => 20}], "type" => "xss"}, %{"code" => "db.query(input)", "filePath" => "db.js", "id" => "vuln-3", "line" => 10, "locations" => [%{"file_path" => "db.js", "is_primary" => true, "line" => 10}], "type" => "sql-injection"}]}
  Pipelines: [:api]
13:17:25.694 request_id=GGBS8BBaZQLzfCoAAFgB [debug] QUERY OK source="fun_with_flags_toggles" db=0.0ms
SELECT f0."id", f0."flag_name", f0."gate_type", f0."target", f0."enabled" FROM "fun_with_flags_toggles" AS f0 WHERE (f0."flag_name" = $1) ["false_positive_caching"]
13:17:25.694 request_id=GGBS8BBaZQLzfCoAAFgB [debug] Telemetry event: [:fun_with_flags, :persistence, :read], metadata: %{flag_name: :false_positive_caching, gate: nil}, measurements: %{system_time: 1756495045694697656}
13:17:25.694 request_id=GGBS8BBaZQLzfCoAAFgB [debug] Using standard validation controller (feature flag disabled)
13:17:25.694 request_id=GGBS8BBaZQLzfCoAAFgB [debug] QUERY OK source="api_keys" db=0.1ms
SELECT a0."id", a0."key", a0."name", a0."permissions", a0."active", a0."last_used_at", a0."expires_at", a0."customer_id", a0."inserted_at", a0."updated_at" FROM "api_keys" AS a0 WHERE ((a0."key" = $1) AND (a0."active" = $2)) ["test_api_key_22402", true]
13:17:25.695 request_id=GGBS8BBaZQLzfCoAAFgB [debug] QUERY OK source="customers" db=0.0ms
SELECT c0."id", c0."name", c0."email", c0."api_key", c0."monthly_limit", c0."current_usage", c0."active", c0."metadata", c0."github_org", c0."plan", c0."user_id", c0."inserted_at", c0."updated_at" FROM "customers" AS c0 WHERE ((c0."api_key" = $1) AND (c0."active" = $2)) ["test_api_key_22402", true]
13:17:25.695 request_id=GGBS8BBaZQLzfCoAAFgB [info] Sent 200 in 704µs
13:17:25.695 [debug] QUERY OK source="fun_with_flags_toggles" db=0.0ms
INSERT INTO "fun_with_flags_toggles" AS f0 ("enabled","target","flag_name","gate_type") VALUES ($1,$2,$3,$4) ON CONFLICT ("flag_name","gate_type","target") DO UPDATE SET "enabled" = $5 RETURNING "id" [true, "_fwf_none", "false_positive_caching", "boolean", true]
13:17:25.695 [debug] QUERY OK source="fun_with_flags_toggles" db=0.0ms
SELECT f0."id", f0."flag_name", f0."gate_type", f0."target", f0."enabled" FROM "fun_with_flags_toggles" AS f0 WHERE (f0."flag_name" = $1) ["false_positive_caching"]
13:17:25.695 [debug] Telemetry event: [:fun_with_flags, :persistence, :write], metadata: %{flag_name: :false_positive_caching, gate: %FunWithFlags.Gate{type: :boolean, for: nil, enabled: true}}, measurements: %{system_time: 1756495045695745441}


 43) test cache integration with validation endpoint multiple vulnerabilities use cache independently (RsolvWeb.Api.V1.VulnerabilityValidationControllerCacheTest)
     test/rsolv_web/controllers/api/v1/vulnerability_validation_controller_cache_test.exs:191
     Expected truthy, got false
     code: assert Enum.all?(response1["validated"], &(&1["fromCache"] == false))
     arguments:

         # 1
         [
           %{
             "astContext" => %{
               "directInput" => false,
               "fileClassification" => "application",
               "hasSanitization" => false,
               "hasValidation" => false,
               "inUserInputFlow" => true,
               "suspiciousName" => true,
               "taintConfidence" => 0.85,
               "taintHops" => 1,
               "taintLevel" => 2,
               "taintedFlow" => true
             },
             "confidence" => 0.85,
             "id" => "vuln-1",
             "isValid" => true,
             "reason" => nil
           },
           %{
             "astContext" => %{
               "directInput" => false,
               "fileClassification" => "application",
               "hasSanitization" => false,
               "hasValidation" => false,
               "inUserInputFlow" => true,
               "suspiciousName" => true,
               "taintConfidence" => 0.85,
               "taintHops" => 1,
               "taintLevel" => 2,
               "taintedFlow" => true
             },
             "confidence" => 0.85,
             "id" => "vuln-2",
             "isValid" => true,
             "reason" => nil
           },
           %{
             "astContext" => %{
               "directInput" => false,
               "fileClassification" => "application",
               "hasSanitization" => false,
               "hasValidation" => false,
               "inUserInputFlow" => true,
               "suspiciousName" => true,
               "taintConfidence" => 0.85,
               "taintHops" => 1,
               "taintLevel" => 2,
               "taintedFlow" => true
             },
             "confidence" => 0.85,
             "id" => "vuln-1",
             "isValid" => true,
             "reason" => nil
           }
         ]

         # 2
         #Function<0.18974829/1 in RsolvWeb.Api.V1.VulnerabilityValidationControllerCacheTest."test cache integration with validation endpoint multiple vulnerabilities use cache independently"/1>

     stacktrace:
       test/rsolv_web/controllers/api/v1/vulnerability_validation_controller_cache_test.exs:246: (test)

13:17:25.831 [debug] QUERY OK source="users" db=0.2ms queue=0.1ms
INSERT INTO "users" ("email","hashed_password","inserted_at","updated_at") VALUES ($1,$2,$3,$4) RETURNING "id" ["test12678@example.com", "$2b$12$NBTryv.AOYwDRi86rV6BO.bmqX60qY6hBVi8B5I45h8.YX0Pa9Hk.", ~U[2025-08-29 19:17:25Z], ~U[2025-08-29 19:17:25Z]]
13:17:25.832 [debug] QUERY OK source="customers" db=0.3ms
INSERT INTO "customers" ("active","name","metadata","plan","api_key","email","user_id","monthly_limit","current_usage","inserted_at","updated_at") VALUES ($1,$2,$3,$4,$5,$6,$7,$8,$9,$10,$11) RETURNING "id" [true, "Test Customer 12678", %{}, "standard", "test_api_key_12678", "test12678@example.com", 18229, 100, 0, ~N[2025-08-29 19:17:25], ~N[2025-08-29 19:17:25]]
13:17:25.832 [debug] QUERY OK source="forge_accounts" db=0.1ms queue=0.1ms
INSERT INTO "forge_accounts" ("metadata","namespace","customer_id","forge_type","verified_at","inserted_at","updated_at") VALUES ($1,$2,$3,$4,$5,$6,$7) RETURNING "id" [%{}, "test-org-12678", 17684, :github, ~U[2025-08-29 19:17:25.832260Z], ~U[2025-08-29 19:17:25.832271Z], ~U[2025-08-29 19:17:25.832271Z]]
13:17:25.968 [debug] QUERY OK source="users" db=0.1ms
INSERT INTO "users" ("email","hashed_password","inserted_at","updated_at") VALUES ($1,$2,$3,$4) RETURNING "id" ["customer122658@example.com", "$2b$12$bGGkqGy/oJNNI.MCGaloP.iwDw3kDmpwhR3v6wH2/6sXrm1GzZ4Fu", ~U[2025-08-29 19:17:25Z], ~U[2025-08-29 19:17:25Z]]
13:17:25.968 [debug] QUERY OK source="customers" db=0.1ms
INSERT INTO "customers" ("active","name","metadata","plan","api_key","email","user_id","monthly_limit","current_usage","inserted_at","updated_at") VALUES ($1,$2,$3,$4,$5,$6,$7,$8,$9,$10,$11) RETURNING "id" [true, "customer1 Customer 22658", %{}, "standard", "customer1_api_key_22658", "customer122658@example.com", 18230, 100, 0, ~N[2025-08-29 19:17:25], ~N[2025-08-29 19:17:25]]
13:17:25.968 [debug] QUERY OK source="forge_accounts" db=0.1ms
INSERT INTO "forge_accounts" ("metadata","namespace","customer_id","forge_type","verified_at","inserted_at","updated_at") VALUES ($1,$2,$3,$4,$5,$6,$7) RETURNING "id" [%{}, "customer1-org-22658", 17685, :github, ~U[2025-08-29 19:17:25.968664Z], ~U[2025-08-29 19:17:25.968670Z], ~U[2025-08-29 19:17:25.968670Z]]
13:17:26.104 [debug] QUERY OK source="users" db=0.1ms
INSERT INTO "users" ("email","hashed_password","inserted_at","updated_at") VALUES ($1,$2,$3,$4) RETURNING "id" ["customer222786@example.com", "$2b$12$DymXevVCdzSzfYvNFffG4.I/USvQfJvSNuSAs0BcOJ3p45aYg.VHu", ~U[2025-08-29 19:17:26Z], ~U[2025-08-29 19:17:26Z]]
13:17:26.105 [debug] QUERY OK source="customers" db=0.2ms
INSERT INTO "customers" ("active","name","metadata","plan","api_key","email","user_id","monthly_limit","current_usage","inserted_at","updated_at") VALUES ($1,$2,$3,$4,$5,$6,$7,$8,$9,$10,$11) RETURNING "id" [true, "customer2 Customer 22786", %{}, "standard", "customer2_api_key_22786", "customer222786@example.com", 18231, 100, 0, ~N[2025-08-29 19:17:26], ~N[2025-08-29 19:17:26]]
13:17:26.105 [debug] QUERY OK source="forge_accounts" db=0.1ms
INSERT INTO "forge_accounts" ("metadata","namespace","customer_id","forge_type","verified_at","inserted_at","updated_at") VALUES ($1,$2,$3,$4,$5,$6,$7) RETURNING "id" [%{}, "customer2-org-22786", 17686, :github, ~U[2025-08-29 19:17:26.105034Z], ~U[2025-08-29 19:17:26.105044Z], ~U[2025-08-29 19:17:26.105044Z]]
13:17:26.105 request_id=GGBS8CjW24HLNnEAAFmB [info] POST /api/v1/vulnerabilities/validate
13:17:26.105 request_id=GGBS8CjW24HLNnEAAFmB [debug] Processing with RsolvWeb.Api.V1.VulnerabilityValidationRouter.validate/2
  Parameters: %{"files" => %{"shared.js" => %{"content" => "function query(input) { return db.query(input); }", "hash" => "sha256:shared123"}}, "repository" => "shared/repo", "vulnerabilities" => [%{"code" => "db.query(input)", "filePath" => "shared.js", "id" => "vuln-1", "line" => 42, "locations" => [%{"file_path" => "shared.js", "is_primary" => true, "line" => 42}], "type" => "sql-injection"}]}
  Pipelines: [:api]
13:17:26.105 request_id=GGBS8CjW24HLNnEAAFmB [debug] QUERY OK source="fun_with_flags_toggles" db=0.1ms
SELECT f0."id", f0."flag_name", f0."gate_type", f0."target", f0."enabled" FROM "fun_with_flags_toggles" AS f0 WHERE (f0."flag_name" = $1) ["false_positive_caching"]
13:17:26.105 request_id=GGBS8CjW24HLNnEAAFmB [debug] Telemetry event: [:fun_with_flags, :persistence, :read], metadata: %{flag_name: :false_positive_caching, gate: nil}, measurements: %{system_time: 1756495046105579072}
13:17:26.105 request_id=GGBS8CjW24HLNnEAAFmB [debug] Using standard validation controller (feature flag disabled)
13:17:26.105 request_id=GGBS8CjW24HLNnEAAFmB [debug] QUERY OK source="api_keys" db=0.0ms
SELECT a0."id", a0."key", a0."name", a0."permissions", a0."active", a0."last_used_at", a0."expires_at", a0."customer_id", a0."inserted_at", a0."updated_at" FROM "api_keys" AS a0 WHERE ((a0."key" = $1) AND (a0."active" = $2)) ["customer1_api_key_22658", true]
13:17:26.105 request_id=GGBS8CjW24HLNnEAAFmB [debug] QUERY OK source="customers" db=0.0ms
SELECT c0."id", c0."name", c0."email", c0."api_key", c0."monthly_limit", c0."current_usage", c0."active", c0."metadata", c0."github_org", c0."plan", c0."user_id", c0."inserted_at", c0."updated_at" FROM "customers" AS c0 WHERE ((c0."api_key" = $1) AND (c0."active" = $2)) ["customer1_api_key_22658", true]
13:17:26.105 request_id=GGBS8CjW24HLNnEAAFmB [info] Sent 200 in 553µs


 44) test cache integration with validation endpoint forge account isolation in cache (RsolvWeb.Api.V1.VulnerabilityValidationControllerCacheTest)
     test/rsolv_web/controllers/api/v1/vulnerability_validation_controller_cache_test.exs:266
     Assertion with == failed
     code:  assert hd(response1["validated"])["fromCache"] == false
     left:  nil
     right: false
     stacktrace:
       test/rsolv_web/controllers/api/v1/vulnerability_validation_controller_cache_test.exs:300: (test)

13:17:26.106 [debug] QUERY OK source="fun_with_flags_toggles" db=0.1ms
INSERT INTO "fun_with_flags_toggles" AS f0 ("enabled","target","flag_name","gate_type") VALUES ($1,$2,$3,$4) ON CONFLICT ("flag_name","gate_type","target") DO UPDATE SET "enabled" = $5 RETURNING "id" [true, "_fwf_none", "false_positive_caching", "boolean", true]
13:17:26.106 [debug] QUERY OK source="fun_with_flags_toggles" db=0.0ms
SELECT f0."id", f0."flag_name", f0."gate_type", f0."target", f0."enabled" FROM "fun_with_flags_toggles" AS f0 WHERE (f0."flag_name" = $1) ["false_positive_caching"]
13:17:26.106 [debug] Telemetry event: [:fun_with_flags, :persistence, :write], metadata: %{flag_name: :false_positive_caching, gate: %FunWithFlags.Gate{type: :boolean, for: nil, enabled: true}}, measurements: %{system_time: 1756495046106389375}
13:17:26.242 [debug] QUERY OK source="users" db=0.4ms queue=0.2ms
INSERT INTO "users" ("email","hashed_password","inserted_at","updated_at") VALUES ($1,$2,$3,$4) RETURNING "id" ["test11907@example.com", "$2b$12$0AVqOCLVG8MdibuVlhuShODHnYiGLrqeu9jrLEj5rzc8tz1wKPPa2", ~U[2025-08-29 19:17:26Z], ~U[2025-08-29 19:17:26Z]]
13:17:26.243 [debug] QUERY OK source="customers" db=0.3ms queue=0.2ms
INSERT INTO "customers" ("active","name","metadata","plan","api_key","email","user_id","monthly_limit","current_usage","inserted_at","updated_at") VALUES ($1,$2,$3,$4,$5,$6,$7,$8,$9,$10,$11) RETURNING "id" [true, "Test Customer 11907", %{}, "standard", "test_api_key_11907", "test11907@example.com", 18232, 100, 0, ~N[2025-08-29 19:17:26], ~N[2025-08-29 19:17:26]]
13:17:26.243 [debug] QUERY OK source="forge_accounts" db=0.1ms
INSERT INTO "forge_accounts" ("metadata","namespace","customer_id","forge_type","verified_at","inserted_at","updated_at") VALUES ($1,$2,$3,$4,$5,$6,$7) RETURNING "id" [%{}, "test-org-11907", 17687, :github, ~U[2025-08-29 19:17:26.243517Z], ~U[2025-08-29 19:17:26.243525Z], ~U[2025-08-29 19:17:26.243525Z]]
13:17:26.243 request_id=GGBS8DEZOGAVsd0AAFoB [info] POST /api/v1/vulnerabilities/validate
13:17:26.243 request_id=GGBS8DEZOGAVsd0AAFoB [debug] Processing with RsolvWeb.Api.V1.VulnerabilityValidationRouter.validate/2
  Parameters: %{"files" => %{"app/routes/user.js" => %{"content" => "function getUserData(userInput) {\n  return db.query(userInput);\n}", "hash" => "sha256:test123"}}, "repository" => "test-org/test-repo", "vulnerabilities" => [%{"code" => "db.query(userInput)", "filePath" => "app/routes/user.js", "id" => "vuln-1", "line" => 42, "locations" => [%{"file_path" => "app/routes/user.js", "is_primary" => true, "line" => 42}], "type" => "sql-injection"}]}
  Pipelines: [:api]
13:17:26.244 request_id=GGBS8DEZOGAVsd0AAFoB [debug] QUERY OK source="fun_with_flags_toggles" db=0.0ms
SELECT f0."id", f0."flag_name", f0."gate_type", f0."target", f0."enabled" FROM "fun_with_flags_toggles" AS f0 WHERE (f0."flag_name" = $1) ["false_positive_caching"]
13:17:26.244 request_id=GGBS8DEZOGAVsd0AAFoB [debug] Telemetry event: [:fun_with_flags, :persistence, :read], metadata: %{flag_name: :false_positive_caching, gate: nil}, measurements: %{system_time: 1756495046244077235}
13:17:26.244 request_id=GGBS8DEZOGAVsd0AAFoB [debug] Using standard validation controller (feature flag disabled)
13:17:26.244 request_id=GGBS8DEZOGAVsd0AAFoB [debug] QUERY OK source="api_keys" db=0.1ms
SELECT a0."id", a0."key", a0."name", a0."permissions", a0."active", a0."last_used_at", a0."expires_at", a0."customer_id", a0."inserted_at", a0."updated_at" FROM "api_keys" AS a0 WHERE ((a0."key" = $1) AND (a0."active" = $2)) ["test_api_key_11907", true]
13:17:26.244 request_id=GGBS8DEZOGAVsd0AAFoB [debug] QUERY OK source="customers" db=0.1ms
SELECT c0."id", c0."name", c0."email", c0."api_key", c0."monthly_limit", c0."current_usage", c0."active", c0."metadata", c0."github_org", c0."plan", c0."user_id", c0."inserted_at", c0."updated_at" FROM "customers" AS c0 WHERE ((c0."api_key" = $1) AND (c0."active" = $2)) ["test_api_key_11907", true]
13:17:26.244 request_id=GGBS8DEZOGAVsd0AAFoB [info] Sent 200 in 714µs


 45) test cache integration with validation endpoint first request triggers validation and stores in cache (RsolvWeb.Api.V1.VulnerabilityValidationControllerCacheTest)
     test/rsolv_web/controllers/api/v1/vulnerability_validation_controller_cache_test.exs:63
     Assertion with == failed
     code:  assert first_result["fromCache"] == false
     left:  nil
     right: false
     stacktrace:
       test/rsolv_web/controllers/api/v1/vulnerability_validation_controller_cache_test.exs:100: (test)

13:17:26.245 [debug] QUERY OK source="fun_with_flags_toggles" db=0.2ms
INSERT INTO "fun_with_flags_toggles" AS f0 ("enabled","target","flag_name","gate_type") VALUES ($1,$2,$3,$4) ON CONFLICT ("flag_name","gate_type","target") DO UPDATE SET "enabled" = $5 RETURNING "id" [true, "_fwf_none", "false_positive_caching", "boolean", true]
13:17:26.245 [debug] QUERY OK source="fun_with_flags_toggles" db=0.1ms
SELECT f0."id", f0."flag_name", f0."gate_type", f0."target", f0."enabled" FROM "fun_with_flags_toggles" AS f0 WHERE (f0."flag_name" = $1) ["false_positive_caching"]
13:17:26.245 [debug] Telemetry event: [:fun_with_flags, :persistence, :write], metadata: %{flag_name: :false_positive_caching, gate: %FunWithFlags.Gate{type: :boolean, for: nil, enabled: true}}, measurements: %{system_time: 1756495046245444920}
13:17:26.382 [debug] QUERY OK source="users" db=0.5ms queue=0.3ms
INSERT INTO "users" ("email","hashed_password","inserted_at","updated_at") VALUES ($1,$2,$3,$4) RETURNING "id" ["test13065@example.com", "$2b$12$WXlbkl/vHHKMe9D/tjKF0.f2gZKs.tzu7nktZ.wxdmcXJjsDTh/Bq", ~U[2025-08-29 19:17:26Z], ~U[2025-08-29 19:17:26Z]]
13:17:26.382 [debug] QUERY OK source="customers" db=0.3ms queue=0.2ms
INSERT INTO "customers" ("active","name","metadata","plan","api_key","email","user_id","monthly_limit","current_usage","inserted_at","updated_at") VALUES ($1,$2,$3,$4,$5,$6,$7,$8,$9,$10,$11) RETURNING "id" [true, "Test Customer 13065", %{}, "standard", "test_api_key_13065", "test13065@example.com", 18233, 100, 0, ~N[2025-08-29 19:17:26], ~N[2025-08-29 19:17:26]]
13:17:26.383 [debug] QUERY OK source="forge_accounts" db=0.2ms queue=0.1ms
INSERT INTO "forge_accounts" ("metadata","namespace","customer_id","forge_type","verified_at","inserted_at","updated_at") VALUES ($1,$2,$3,$4,$5,$6,$7) RETURNING "id" [%{}, "test-org-13065", 17688, :github, ~U[2025-08-29 19:17:26.382901Z], ~U[2025-08-29 19:17:26.382908Z], ~U[2025-08-29 19:17:26.382908Z]]
13:17:26.383 request_id=GGBS8DlrdIwSQ3AAADIF [info] POST /api/v1/vulnerabilities/validate
13:17:26.383 request_id=GGBS8DlrdIwSQ3AAADIF [debug] Processing with RsolvWeb.Api.V1.VulnerabilityValidationRouter.validate/2
  Parameters: %{"files" => %{"app.js" => %{"content" => "const input = req.body.code;\neval(input);", "hash" => "sha256:original"}}, "repository" => "test-org/test-repo", "vulnerabilities" => [%{"code" => "eval(input)", "filePath" => "app.js", "id" => "vuln-1", "line" => 10, "locations" => [%{"file_path" => "app.js", "is_primary" => true, "line" => 10}], "type" => "sql-injection"}]}
  Pipelines: [:api]
13:17:26.383 request_id=GGBS8DlrdIwSQ3AAADIF [debug] QUERY OK source="fun_with_flags_toggles" db=0.0ms
SELECT f0."id", f0."flag_name", f0."gate_type", f0."target", f0."enabled" FROM "fun_with_flags_toggles" AS f0 WHERE (f0."flag_name" = $1) ["false_positive_caching"]
13:17:26.383 request_id=GGBS8DlrdIwSQ3AAADIF [debug] Telemetry event: [:fun_with_flags, :persistence, :read], metadata: %{flag_name: :false_positive_caching, gate: nil}, measurements: %{system_time: 1756495046383718388}
13:17:26.383 request_id=GGBS8DlrdIwSQ3AAADIF [debug] Using standard validation controller (feature flag disabled)
13:17:26.383 request_id=GGBS8DlrdIwSQ3AAADIF [debug] QUERY OK source="api_keys" db=0.0ms
SELECT a0."id", a0."key", a0."name", a0."permissions", a0."active", a0."last_used_at", a0."expires_at", a0."customer_id", a0."inserted_at", a0."updated_at" FROM "api_keys" AS a0 WHERE ((a0."key" = $1) AND (a0."active" = $2)) ["test_api_key_13065", true]
13:17:26.383 request_id=GGBS8DlrdIwSQ3AAADIF [debug] QUERY OK source="customers" db=0.0ms
SELECT c0."id", c0."name", c0."email", c0."api_key", c0."monthly_limit", c0."current_usage", c0."active", c0."metadata", c0."github_org", c0."plan", c0."user_id", c0."inserted_at", c0."updated_at" FROM "customers" AS c0 WHERE ((c0."api_key" = $1) AND (c0."active" = $2)) ["test_api_key_13065", true]
13:17:26.384 request_id=GGBS8DlrdIwSQ3AAADIF [info] Sent 200 in 600µs


 46) test cache integration with validation endpoint file change invalidates cache (RsolvWeb.Api.V1.VulnerabilityValidationControllerCacheTest)
     test/rsolv_web/controllers/api/v1/vulnerability_validation_controller_cache_test.exs:135
     Assertion with == failed
     code:  assert hd(response1["validated"])["fromCache"] == false
     left:  nil
     right: false
     stacktrace:
       test/rsolv_web/controllers/api/v1/vulnerability_validation_controller_cache_test.exs:165: (test)

13:17:26.384 [debug] QUERY OK source="fun_with_flags_toggles" db=0.1ms
INSERT INTO "fun_with_flags_toggles" AS f0 ("enabled","target","flag_name","gate_type") VALUES ($1,$2,$3,$4) ON CONFLICT ("flag_name","gate_type","target") DO UPDATE SET "enabled" = $5 RETURNING "id" [true, "_fwf_none", "false_positive_caching", "boolean", true]
13:17:26.384 [debug] QUERY OK source="fun_with_flags_toggles" db=0.0ms
SELECT f0."id", f0."flag_name", f0."gate_type", f0."target", f0."enabled" FROM "fun_with_flags_toggles" AS f0 WHERE (f0."flag_name" = $1) ["false_positive_caching"]
13:17:26.384 [debug] Telemetry event: [:fun_with_flags, :persistence, :write], metadata: %{flag_name: :false_positive_caching, gate: %FunWithFlags.Gate{type: :boolean, for: nil, enabled: true}}, measurements: %{system_time: 1756495046384649782}
13:17:26.521 [debug] QUERY OK source="users" db=0.3ms queue=0.2ms
INSERT INTO "users" ("email","hashed_password","inserted_at","updated_at") VALUES ($1,$2,$3,$4) RETURNING "id" ["test23170@example.com", "$2b$12$1IS.9MgRYMQT9m/IAJYcAuP.Lv6J0klsBc67i9Z7coxf9hJ8MeJRu", ~U[2025-08-29 19:17:26Z], ~U[2025-08-29 19:17:26Z]]
13:17:26.521 [debug] QUERY OK source="customers" db=0.3ms queue=0.1ms
INSERT INTO "customers" ("active","name","metadata","plan","api_key","email","user_id","monthly_limit","current_usage","inserted_at","updated_at") VALUES ($1,$2,$3,$4,$5,$6,$7,$8,$9,$10,$11) RETURNING "id" [true, "Test Customer 23170", %{}, "standard", "test_api_key_23170", "test23170@example.com", 18234, 100, 0, ~N[2025-08-29 19:17:26], ~N[2025-08-29 19:17:26]]
13:17:26.521 [debug] QUERY OK source="forge_accounts" db=0.1ms
INSERT INTO "forge_accounts" ("metadata","namespace","customer_id","forge_type","verified_at","inserted_at","updated_at") VALUES ($1,$2,$3,$4,$5,$6,$7) RETURNING "id" [%{}, "test-org-23170", 17689, :github, ~U[2025-08-29 19:17:26.521551Z], ~U[2025-08-29 19:17:26.521557Z], ~U[2025-08-29 19:17:26.521557Z]]
13:17:26.521 request_id=GGBS8EGrKtLFbXEAAFsB [info] POST /api/v1/vulnerabilities/validate
13:17:26.521 request_id=GGBS8EGrKtLFbXEAAFsB [debug] Processing with RsolvWeb.Api.V1.VulnerabilityValidationRouter.validate/2
  Parameters: %{"files" => %{"app.js" => %{"content" => "const code = getUserCode();\neval(code);", "hash" => "sha256:abc789"}}, "repository" => "test/repo", "vulnerabilities" => [%{"code" => "eval(code)", "filePath" => "app.js", "id" => "vuln-1", "line" => 5, "locations" => [%{"file_path" => "app.js", "is_primary" => true, "line" => 5}], "type" => "eval"}]}
  Pipelines: [:api]
13:17:26.522 request_id=GGBS8EGrKtLFbXEAAFsB [debug] QUERY OK source="fun_with_flags_toggles" db=0.0ms
SELECT f0."id", f0."flag_name", f0."gate_type", f0."target", f0."enabled" FROM "fun_with_flags_toggles" AS f0 WHERE (f0."flag_name" = $1) ["false_positive_caching"]
13:17:26.522 request_id=GGBS8EGrKtLFbXEAAFsB [debug] Telemetry event: [:fun_with_flags, :persistence, :read], metadata: %{flag_name: :false_positive_caching, gate: nil}, measurements: %{system_time: 1756495046522061504}
13:17:26.522 request_id=GGBS8EGrKtLFbXEAAFsB [debug] Using standard validation controller (feature flag disabled)
13:17:26.522 request_id=GGBS8EGrKtLFbXEAAFsB [debug] QUERY OK source="api_keys" db=0.0ms
SELECT a0."id", a0."key", a0."name", a0."permissions", a0."active", a0."last_used_at", a0."expires_at", a0."customer_id", a0."inserted_at", a0."updated_at" FROM "api_keys" AS a0 WHERE ((a0."key" = $1) AND (a0."active" = $2)) ["test_api_key_23170", true]
13:17:26.522 request_id=GGBS8EGrKtLFbXEAAFsB [debug] QUERY OK source="customers" db=0.0ms
SELECT c0."id", c0."name", c0."email", c0."api_key", c0."monthly_limit", c0."current_usage", c0."active", c0."metadata", c0."github_org", c0."plan", c0."user_id", c0."inserted_at", c0."updated_at" FROM "customers" AS c0 WHERE ((c0."api_key" = $1) AND (c0."active" = $2)) ["test_api_key_23170", true]
13:17:26.522 request_id=GGBS8EGrKtLFbXEAAFsB [info] Sent 200 in 496µs
13:17:26.522 request_id=GGBS8EGzsqfFbXEAAFuB [info] POST /api/v1/vulnerabilities/validate
13:17:26.522 request_id=GGBS8EGzsqfFbXEAAFuB [debug] Processing with RsolvWeb.Api.V1.VulnerabilityValidationRouter.validate/2
  Parameters: %{"files" => %{"app.js" => %{"content" => "const code = getUserCode();\neval(code);", "hash" => "sha256:abc789"}}, "repository" => "test/repo", "vulnerabilities" => [%{"code" => "eval(code)", "filePath" => "app.js", "id" => "vuln-1", "line" => 5, "locations" => [%{"file_path" => "app.js", "is_primary" => true, "line" => 5}], "type" => "eval"}]}
  Pipelines: [:api]
13:17:26.522 request_id=GGBS8EGzsqfFbXEAAFuB [debug] QUERY OK source="fun_with_flags_toggles" db=0.0ms
SELECT f0."id", f0."flag_name", f0."gate_type", f0."target", f0."enabled" FROM "fun_with_flags_toggles" AS f0 WHERE (f0."flag_name" = $1) ["false_positive_caching"]
13:17:26.522 request_id=GGBS8EGzsqfFbXEAAFuB [debug] Telemetry event: [:fun_with_flags, :persistence, :read], metadata: %{flag_name: :false_positive_caching, gate: nil}, measurements: %{system_time: 1756495046522562171}
13:17:26.522 request_id=GGBS8EGzsqfFbXEAAFuB [debug] Using standard validation controller (feature flag disabled)
13:17:26.522 request_id=GGBS8EGzsqfFbXEAAFuB [debug] QUERY OK source="api_keys" db=0.2ms
SELECT a0."id", a0."key", a0."name", a0."permissions", a0."active", a0."last_used_at", a0."expires_at", a0."customer_id", a0."inserted_at", a0."updated_at" FROM "api_keys" AS a0 WHERE ((a0."key" = $1) AND (a0."active" = $2)) ["test_api_key_23170", true]
13:17:26.523 request_id=GGBS8EGzsqfFbXEAAFuB [debug] QUERY OK source="customers" db=0.1ms
SELECT c0."id", c0."name", c0."email", c0."api_key", c0."monthly_limit", c0."current_usage", c0."active", c0."metadata", c0."github_org", c0."plan", c0."user_id", c0."inserted_at", c0."updated_at" FROM "customers" AS c0 WHERE ((c0."api_key" = $1) AND (c0."active" = $2)) ["test_api_key_23170", true]
13:17:26.523 request_id=GGBS8EGzsqfFbXEAAFuB [info] Sent 200 in 734µs


 47) test cache integration with validation endpoint cache metadata included in response (RsolvWeb.Api.V1.VulnerabilityValidationControllerCacheTest)
     test/rsolv_web/controllers/api/v1/vulnerability_validation_controller_cache_test.exs:330
     Assertion with == failed
     code:  assert cached_result["fromCache"] == true
     left:  nil
     right: true
     stacktrace:
       test/rsolv_web/controllers/api/v1/vulnerability_validation_controller_cache_test.exs:370: (test)

................................13:17:26.526 request_id=GGBS8EHqP0gIo4MAAFwB [info] POST /unsubscribe
13:17:26.526 request_id=GGBS8EHqP0gIo4MAAFwB [debug] Processing with RsolvWeb.PageController.process_unsubscribe/2
  Parameters: %{"email" => "test@example.com"}
  Pipelines: [:browser]
13:17:26.526 request_id=GGBS8EHqP0gIo4MAAFwB [debug] Extracted UTM parameters: %{}
13:17:26.526 request_id=GGBS8EHqP0gIo4MAAFwB [info] Analytics event tracked
13:17:26.526 request_id=GGBS8EHqP0gIo4MAAFwB [debug] QUERY OK db=0.0ms queue=0.1ms
SELECT create_analytics_partition_if_not_exists($1::date) [~D[2025-08-29]]
13:17:26.526 request_id=GGBS8EHqP0gIo4MAAFwB [debug] QUERY OK source="analytics_events" db=0.1ms
INSERT INTO "analytics_events" ("metadata","event_type","visitor_id","page_path","inserted_at","updated_at") VALUES ($1,$2,$3,$4,$5,$6) RETURNING "id" [%{status: "submit", os: "unknown", form_id: "unsubscribe", browser: "unknown", utm_source_platform: nil, utm_source_campaign: nil, utm_source_content: nil, device_type: "unknown"}, "form_submit", "78f1b0f9f6c70b98b18bd0e8542de4d6", "/unsubscribe", ~N[2025-08-29 19:17:26], ~N[2025-08-29 19:17:26]]
13:17:26.526 request_id=GGBS8EHqP0gIo4MAAFwB [debug] QUERY OK source="email_unsubscribes" db=0.0ms
INSERT INTO "email_unsubscribes" ("reason","email","inserted_at") VALUES ($1,$2,$3) RETURNING "id" ["User request via unsubscribe page", "test@example.com", ~N[2025-08-29 19:17:26]]
13:17:26.526 request_id=GGBS8EHqP0gIo4MAAFwB [info] Successfully recorded unsubscribe for test@example.com
13:17:26.526 request_id=GGBS8EHqP0gIo4MAAFwB [warning] Tracking undefined event: unsubscribe_success. Consider adding to @events list.
13:17:26.526 request_id=GGBS8EHqP0gIo4MAAFwB [info] Analytics event tracked
13:17:26.526 request_id=GGBS8EHqP0gIo4MAAFwB [debug] QUERY OK db=0.0ms
SELECT create_analytics_partition_if_not_exists($1::date) [~D[2025-08-29]]
13:17:26.527 request_id=GGBS8EHqP0gIo4MAAFwB [debug] QUERY OK source="analytics_events" db=0.0ms
INSERT INTO "analytics_events" ("metadata","event_type","visitor_id","inserted_at","updated_at") VALUES ($1,$2,$3,$4,$5) RETURNING "id" [%{email: "test@example.com"}, "unsubscribe_success", "b071c8be764435ebcc73b8bf8f5a4528", ~N[2025-08-29 19:17:26], ~N[2025-08-29 19:17:26]]
13:17:26.527 request_id=GGBS8EHqP0gIo4MAAFwB [info] Attempting to unsubscribe from ConvertKit: test@example.com
13:17:26.527 request_id=GGBS8EHqP0gIo4MAAFwB [info] ConvertKit: Attempting to unsubscribe user
13:17:26.527 request_id=GGBS8EHqP0gIo4MAAFwB [info] ConvertKit: Attempting to unsubscribe subscriber
13:17:26.527 request_id=GGBS8EHqP0gIo4MAAFwB [info] ConvertKit: Successfully unsubscribed user
13:17:26.527 request_id=GGBS8EHqP0gIo4MAAFwB [debug] QUERY OK source="fun_with_flags_toggles" db=0.0ms
SELECT f0."id", f0."flag_name", f0."gate_type", f0."target", f0."enabled" FROM "fun_with_flags_toggles" AS f0 WHERE (f0."flag_name" = $1) ["blog"]
13:17:26.527 request_id=GGBS8EHqP0gIo4MAAFwB [debug] Telemetry event: [:fun_with_flags, :persistence, :read], metadata: %{flag_name: :blog, gate: nil}, measurements: %{system_time: 1756495046527399061}
13:17:26.536 request_id=GGBS8EHqP0gIo4MAAFwB [info] Sent 200 in 10ms
.13:17:26.536 request_id=GGBS8EKMMdQzpdEAAFyB [info] POST /unsubscribe
13:17:26.536 request_id=GGBS8EKMMdQzpdEAAFyB [debug] Processing with RsolvWeb.PageController.process_unsubscribe/2
  Parameters: %{"email" => ""}
  Pipelines: [:browser]
13:17:26.536 request_id=GGBS8EKMMdQzpdEAAFyB [debug] Extracted UTM parameters: %{}
13:17:26.536 request_id=GGBS8EKMMdQzpdEAAFyB [info] Analytics event tracked
13:17:26.537 request_id=GGBS8EKMMdQzpdEAAFyB [debug] QUERY OK db=0.1ms
SELECT create_analytics_partition_if_not_exists($1::date) [~D[2025-08-29]]
13:17:26.537 request_id=GGBS8EKMMdQzpdEAAFyB [debug] QUERY OK source="analytics_events" db=0.1ms
INSERT INTO "analytics_events" ("metadata","event_type","visitor_id","page_path","inserted_at","updated_at") VALUES ($1,$2,$3,$4,$5,$6) RETURNING "id" [%{status: "submit", os: "unknown", form_id: "unsubscribe", browser: "unknown", utm_source_platform: nil, utm_source_campaign: nil, utm_source_content: nil, device_type: "unknown"}, "form_submit", "b03c07af0d7ce37b4750bd8715b2b5bb", "/unsubscribe", ~N[2025-08-29 19:17:26], ~N[2025-08-29 19:17:26]]
13:17:26.537 request_id=GGBS8EKMMdQzpdEAAFyB [info] Analytics event tracked
13:17:26.537 request_id=GGBS8EKMMdQzpdEAAFyB [debug] QUERY OK db=0.2ms queue=0.1ms
SELECT create_analytics_partition_if_not_exists($1::date) [~D[2025-08-29]]
13:17:26.537 request_id=GGBS8EKMMdQzpdEAAFyB [debug] QUERY OK source="analytics_events" db=0.1ms queue=0.1ms
INSERT INTO "analytics_events" ("metadata","event_type","visitor_id","inserted_at","updated_at") VALUES ($1,$2,$3,$4,$5) RETURNING "id" [%{status: "error", error_type: "validation", form_id: "unsubscribe", email_input: "", error_details: "Invalid email format"}, "form_error", "519cfa63e364abfcb8a8836a0a893d2d", ~N[2025-08-29 19:17:26], ~N[2025-08-29 19:17:26]]
13:17:26.538 request_id=GGBS8EKMMdQzpdEAAFyB [debug] QUERY OK source="fun_with_flags_toggles" db=0.0ms
SELECT f0."id", f0."flag_name", f0."gate_type", f0."target", f0."enabled" FROM "fun_with_flags_toggles" AS f0 WHERE (f0."flag_name" = $1) ["blog"]
13:17:26.538 request_id=GGBS8EKMMdQzpdEAAFyB [debug] Telemetry event: [:fun_with_flags, :persistence, :read], metadata: %{flag_name: :blog, gate: nil}, measurements: %{system_time: 1756495046538120529}
13:17:26.538 request_id=GGBS8EKMMdQzpdEAAFyB [info] Sent 200 in 1ms
.13:17:26.538 request_id=GGBS8EKqqGmrrEIAAF0B [info] GET /unsubscribe
13:17:26.538 request_id=GGBS8EKqqGmrrEIAAF0B [debug] Processing with RsolvWeb.PageController.unsubscribe/2
  Parameters: %{}
  Pipelines: [:browser]
13:17:26.538 request_id=GGBS8EKqqGmrrEIAAF0B [debug] Extracted UTM parameters: %{}
13:17:26.538 request_id=GGBS8EKqqGmrrEIAAF0B [info] Analytics event tracked
13:17:26.538 request_id=GGBS8EKqqGmrrEIAAF0B [debug] QUERY OK db=0.1ms
SELECT create_analytics_partition_if_not_exists($1::date) [~D[2025-08-29]]
13:17:26.539 request_id=GGBS8EKqqGmrrEIAAF0B [debug] QUERY OK source="analytics_events" db=0.1ms
INSERT INTO "analytics_events" ("metadata","event_type","visitor_id","page_path","inserted_at","updated_at") VALUES ($1,$2,$3,$4,$5,$6) RETURNING "id" [%{os: "unknown", browser: "unknown", utm_source_platform: nil, utm_source_campaign: nil, utm_source_content: nil, device_type: "unknown"}, "page_view", "5e590b263851cb2bf5cc66a0d484c250", "/unsubscribe", ~N[2025-08-29 19:17:26], ~N[2025-08-29 19:17:26]]
13:17:26.539 request_id=GGBS8EKqqGmrrEIAAF0B [debug] QUERY OK source="fun_with_flags_toggles" db=0.0ms
SELECT f0."id", f0."flag_name", f0."gate_type", f0."target", f0."enabled" FROM "fun_with_flags_toggles" AS f0 WHERE (f0."flag_name" = $1) ["blog"]
13:17:26.539 request_id=GGBS8EKqqGmrrEIAAF0B [debug] Telemetry event: [:fun_with_flags, :persistence, :read], metadata: %{flag_name: :blog, gate: nil}, measurements: %{system_time: 1756495046539230450}
13:17:26.539 request_id=GGBS8EKqqGmrrEIAAF0B [info] Sent 200 in 742µs
.13:17:26.539 request_id=GGBS8EK5cAr0UIEAAF2B [info] GET /unsubscribe
13:17:26.539 request_id=GGBS8EK5cAr0UIEAAF2B [debug] Processing with RsolvWeb.PageController.unsubscribe/2
  Parameters: %{"email" => "test@example.com"}
  Pipelines: [:browser]
13:17:26.539 request_id=GGBS8EK5cAr0UIEAAF2B [debug] Extracted UTM parameters: %{}
13:17:26.539 request_id=GGBS8EK5cAr0UIEAAF2B [info] Analytics event tracked
13:17:26.539 request_id=GGBS8EK5cAr0UIEAAF2B [debug] QUERY OK db=0.0ms
SELECT create_analytics_partition_if_not_exists($1::date) [~D[2025-08-29]]
13:17:26.539 request_id=GGBS8EK5cAr0UIEAAF2B [debug] QUERY OK source="analytics_events" db=0.0ms
INSERT INTO "analytics_events" ("metadata","event_type","visitor_id","page_path","inserted_at","updated_at") VALUES ($1,$2,$3,$4,$5,$6) RETURNING "id" [%{os: "unknown", browser: "unknown", utm_source_platform: nil, utm_source_campaign: nil, utm_source_content: nil, device_type: "unknown"}, "page_view", "6bc740c42d217f20e0f7cd14fc08aa21", "/unsubscribe", ~N[2025-08-29 19:17:26], ~N[2025-08-29 19:17:26]]
13:17:26.539 request_id=GGBS8EK5cAr0UIEAAF2B [warning] Tracking undefined event: unsubscribe_page_view. Consider adding to @events list.
13:17:26.539 request_id=GGBS8EK5cAr0UIEAAF2B [info] Analytics event tracked
13:17:26.540 request_id=GGBS8EK5cAr0UIEAAF2B [debug] QUERY OK db=0.0ms
SELECT create_analytics_partition_if_not_exists($1::date) [~D[2025-08-29]]
13:17:26.540 request_id=GGBS8EK5cAr0UIEAAF2B [debug] QUERY OK source="analytics_events" db=0.0ms
INSERT INTO "analytics_events" ("metadata","event_type","visitor_id","inserted_at","updated_at") VALUES ($1,$2,$3,$4,$5) RETURNING "id" [%{email: "test@example.com"}, "unsubscribe_page_view", "93883c803a46f6a857299834d914670f", ~N[2025-08-29 19:17:26], ~N[2025-08-29 19:17:26]]
13:17:26.540 request_id=GGBS8EK5cAr0UIEAAF2B [debug] QUERY OK source="fun_with_flags_toggles" db=0.0ms
SELECT f0."id", f0."flag_name", f0."gate_type", f0."target", f0."enabled" FROM "fun_with_flags_toggles" AS f0 WHERE (f0."flag_name" = $1) ["blog"]
13:17:26.540 request_id=GGBS8EK5cAr0UIEAAF2B [debug] Telemetry event: [:fun_with_flags, :persistence, :read], metadata: %{flag_name: :blog, gate: nil}, measurements: %{system_time: 1756495046540268238}
13:17:26.540 request_id=GGBS8EK5cAr0UIEAAF2B [info] Sent 200 in 800µs
.13:17:26.542 [debug] QUERY OK source="failed_emails" db=0.1ms queue=0.2ms
INSERT INTO "failed_emails" ("error_message","to_email","attempts","inserted_at","updated_at") VALUES ($1,$2,$3,$4,$5) RETURNING "id" ["Test error", "test1@example.com", 1, ~N[2025-08-29 19:17:26], ~N[2025-08-29 19:17:26]]
13:17:26.542 [debug] QUERY OK source="failed_emails" db=0.0ms
INSERT INTO "failed_emails" ("error_message","to_email","attempts","inserted_at","updated_at") VALUES ($1,$2,$3,$4,$5) RETURNING "id" ["Test error", "test2@example.com", 1, ~N[2025-08-29 19:17:26], ~N[2025-08-29 19:17:26]]
13:17:26.543 [debug] QUERY OK source="failed_emails" db=0.1ms
INSERT INTO "failed_emails" ("error_message","to_email","attempts","inserted_at","updated_at") VALUES ($1,$2,$3,$4,$5) RETURNING "id" ["Test error", "test3@example.com", 1, ~N[2025-08-29 19:17:26], ~N[2025-08-29 19:17:26]]
13:17:26.543 [debug] QUERY OK source="failed_emails" db=0.0ms
INSERT INTO "failed_emails" ("error_message","to_email","attempts","inserted_at","updated_at") VALUES ($1,$2,$3,$4,$5) RETURNING "id" ["Test error", "test4@example.com", 1, ~N[2025-08-29 19:17:26], ~N[2025-08-29 19:17:26]]
13:17:26.543 [debug] QUERY OK source="failed_emails" db=0.0ms
INSERT INTO "failed_emails" ("error_message","to_email","attempts","inserted_at","updated_at") VALUES ($1,$2,$3,$4,$5) RETURNING "id" ["Test error", "test5@example.com", 1, ~N[2025-08-29 19:17:26], ~N[2025-08-29 19:17:26]]
13:17:26.543 [debug] QUERY OK source="failed_emails" db=0.0ms queue=0.1ms
SELECT f0."id", f0."to_email", f0."subject", f0."template", f0."error_message", f0."email_data", f0."attempts", f0."inserted_at", f0."updated_at" FROM "failed_emails" AS f0 ORDER BY f0."inserted_at" DESC LIMIT $1 [3]
.13:17:26.543 [debug] QUERY OK source="email_unsubscribes" db=0.0ms
INSERT INTO "email_unsubscribes" ("email","inserted_at") VALUES ($1,$2) RETURNING "id" ["unsub@example.com", ~N[2025-08-29 19:17:26]]
13:17:26.544 [debug] QUERY OK source="email_unsubscribes" db=0.1ms queue=0.1ms
SELECT TRUE FROM "email_unsubscribes" AS e0 WHERE (lower(e0."email") = $1) LIMIT 1 ["unsub@example.com"]
13:17:26.544 [debug] QUERY OK source="email_unsubscribes" db=0.0ms
SELECT TRUE FROM "email_unsubscribes" AS e0 WHERE (lower(e0."email") = $1) LIMIT 1 ["unsub@example.com"]
.13:17:26.544 [debug] QUERY OK source="email_unsubscribes" db=0.1ms
SELECT TRUE FROM "email_unsubscribes" AS e0 WHERE (lower(e0."email") = $1) LIMIT 1 ["notunsubscribed@example.com"]
.13:17:26.545 [debug] QUERY OK source="email_unsubscribes" db=0.0ms
INSERT INTO "email_unsubscribes" ("reason","email","inserted_at") VALUES ($1,$2,$3) RETURNING "id" ["User request via unsubscribe page", "test@example.com", ~N[2025-08-29 19:17:26]]
.13:17:26.545 [debug] QUERY OK source="email_unsubscribes" db=0.0ms
INSERT INTO "email_unsubscribes" ("email","inserted_at") VALUES ($1,$2) RETURNING "id" ["older@example.com", ~N[2025-08-29 19:17:26]]
13:17:26.545 [debug] QUERY OK source="email_unsubscribes" db=0.0ms
INSERT INTO "email_unsubscribes" ("email","inserted_at") VALUES ($1,$2) RETURNING "id" ["newer@example.com", ~N[2025-08-29 19:17:26]]
13:17:26.545 [debug] QUERY OK source="email_unsubscribes" db=0.0ms
SELECT e0."id", e0."email", e0."reason", e0."inserted_at" FROM "email_unsubscribes" AS e0 ORDER BY e0."inserted_at" DESC []
.13:17:26.545 [debug] QUERY OK source="email_unsubscribes" db=0.0ms
INSERT INTO "email_unsubscribes" ("reason","email","inserted_at") VALUES ($1,$2,$3) RETURNING "id" ["No longer interested", "test1@example.com", ~N[2025-08-29 19:17:26]]
13:17:26.546 [debug] QUERY OK source="email_unsubscribes" db=0.0ms
INSERT INTO "email_unsubscribes" ("email","inserted_at") VALUES ($1,$2) RETURNING "id" ["test2@example.com", ~N[2025-08-29 19:17:26]]
13:17:26.546 [debug] QUERY OK source="email_unsubscribes" db=0.1ms
SELECT e0."id", e0."email", e0."reason", e0."inserted_at" FROM "email_unsubscribes" AS e0 ORDER BY e0."inserted_at" DESC []
.13:17:26.546 [debug] QUERY OK source="failed_emails" db=0.1ms
INSERT INTO "failed_emails" ("template","subject","error_message","to_email","email_data","attempts","inserted_at","updated_at") VALUES ($1,$2,$3,$4,$5,$6,$7,$8) RETURNING "id" ["welcome", "Test Subject", "Connection timeout", "test@example.com", %{foo: "bar"}, 1, ~N[2025-08-29 19:17:26], ~N[2025-08-29 19:17:26]]
.13:17:26.546 [debug] QUERY OK source="failed_emails" db=0.0ms
INSERT INTO "failed_emails" ("error_message","to_email","attempts","inserted_at","updated_at") VALUES ($1,$2,$3,$4,$5) RETURNING "id" ["Initial error", "test@example.com", 1, ~N[2025-08-29 19:17:26], ~N[2025-08-29 19:17:26]]
13:17:26.546 [debug] QUERY OK source="failed_emails" db=0.0ms
UPDATE "failed_emails" SET "attempts" = $1, "updated_at" = $2 WHERE "id" = $3 [2, ~N[2025-08-29 19:17:26], 1328]
..13:17:26.547 [debug] QUERY OK source="email_unsubscribes" db=0.0ms
INSERT INTO "email_unsubscribes" ("email","inserted_at") VALUES ($1,$2) RETURNING "id" ["test@example.com", ~N[2025-08-29 19:17:26]]
13:17:26.547 [debug] QUERY OK source="email_unsubscribes" db=0.0ms
SELECT e0."id", e0."email", e0."reason", e0."inserted_at" FROM "email_unsubscribes" AS e0 WHERE (e0."email" = $1) ["test@example.com"]
.**13:17:26.624 [debug] Parser response received
13:17:26.624 [info] Cleaning up 0 expired sessions
.python parsing took 20163μs
13:17:26.644 [debug] Parser response received
javascript parsing took 80305μs
13:17:26.724 [debug] Parser response received
13:17:26.725 [info] Cleaning up 0 expired sessions
.13:17:26.743 [debug] Parser response received
13:17:26.743 [info] Cleaning up 0 expired sessions
.13:17:26.824 [debug] Parser response received
13:17:26.825 [info] Cleaning up 0 expired sessions
.13:17:26.903 [debug] Parser response received
13:17:26.924 [debug] Parser response received
13:17:26.924 [debug] Parser response received
13:17:26.925 [debug] Parser response received
13:17:26.925 [debug] Parser response received
13:17:26.926 [debug] Parser response received
13:17:26.926 [debug] Parser response received
13:17:26.926 [debug] Parser response received
13:17:26.926 [debug] Parser response received
13:17:26.926 [debug] Parser response received
Average parsing time with concurrency: 98341.0μs
13:17:26.926 [info] Cleaning up 0 expired sessions
.warning: the VM is running with native name encoding of latin1 which may cause Elixir to malfunction as it expects utf8. Please ensure your locale is set to UTF-8 (which can be verified by running "locale" in your shell) or set the ELIXIR_ERL_OPTIONS="+fnu" environment variable
13:17:27.178 [debug] Parser response received
13:17:27.178 [info] Cleaning up 0 expired sessions
.13:17:27.192 [debug] Parser response received
13:17:27.192 [info] Cleaning up 0 expired sessions
.13:17:27.206 [debug] Parser response received
13:17:27.206 [info] Cleaning up 0 expired sessions
.13:17:27.220 [debug] Parser response received
13:17:27.220 [debug] Parser response received
13:17:27.220 [info] Cleaning up 0 expired sessions
.13:17:27.234 [debug] Parser response received
13:17:27.234 [info] Cleaning up 0 expired sessions
.13:17:27.250 [debug] Parser response received
13:17:27.250 [debug] Parser response received
13:17:27.331 [debug] Parser response received
13:17:27.332 [info] Cleaning up 0 expired sessions
.warning: parser/current is loading parser/ruby32, which recognizes 3.2.8-compliant syntax, but you are running 3.2.2.
Please see https://github.com/whitequark/parser#compatibility-with-ruby-mri.
13:17:27.453 [debug] Parser response received
13:17:27.453 [info] Cleaning up 0 expired sessions
.warning: the VM is running with native name encoding of latin1 which may cause Elixir to malfunction as it expects utf8. Please ensure your locale is set to UTF-8 (which can be verified by running "locale" in your shell) or set the ELIXIR_ERL_OPTIONS="+fnu" environment variable
13:17:27.703 [debug] Parser response received
13:17:27.703 [info] Cleaning up 0 expired sessions
.13:17:27.718 [debug] Parser response received
13:17:27.718 [info] Cleaning up 0 expired sessions
.13:17:27.739 [debug] Parser response received
13:17:27.740 [debug] Parser response received
13:17:27.740 [info] Cleaning up 0 expired sessions
.13:17:27.764 [debug] Parser response received
13:17:27.764 [debug] Parser response received
13:17:27.764 [info] Cleaning up 0 expired sessions
.warning: parser/current is loading parser/ruby32, which recognizes 3.2.8-compliant syntax, but you are running 3.2.2.
Please see https://github.com/whitequark/parser#compatibility-with-ruby-mri.
13:17:27.883 [debug] Parser response received
13:17:27.883 [info] Cleaning up 0 expired sessions
..13:17:27.884 [debug] QUERY OK source="fun_with_flags_toggles" db=0.2ms
INSERT INTO "fun_with_flags_toggles" AS f0 ("enabled","target","flag_name","gate_type") VALUES ($1,$2,$3,$4) ON CONFLICT ("flag_name","gate_type","target") DO UPDATE SET "enabled" = $5 RETURNING "id" [true, "_fwf_none", "test_flag", "boolean", true]
13:17:27.884 [debug] QUERY OK source="fun_with_flags_toggles" db=0.1ms
SELECT f0."id", f0."flag_name", f0."gate_type", f0."target", f0."enabled" FROM "fun_with_flags_toggles" AS f0 WHERE (f0."flag_name" = $1) ["test_flag"]
13:17:27.884 [debug] Telemetry event: [:fun_with_flags, :persistence, :write], metadata: %{flag_name: :test_flag, gate: %FunWithFlags.Gate{type: :boolean, for: nil, enabled: true}}, measurements: %{system_time: 1756495047884848845}
13:17:27.885 [debug] QUERY OK source="fun_with_flags_toggles" db=0.1ms
SELECT f0."id", f0."flag_name", f0."gate_type", f0."target", f0."enabled" FROM "fun_with_flags_toggles" AS f0 WHERE (f0."flag_name" = $1) ["test_flag"]
13:17:27.885 [debug] Telemetry event: [:fun_with_flags, :persistence, :read], metadata: %{flag_name: :test_flag, gate: nil}, measurements: %{system_time: 1756495047885094206}
13:17:27.885 [debug] QUERY OK source="fun_with_flags_toggles" db=0.0ms
SELECT f0."id", f0."flag_name", f0."gate_type", f0."target", f0."enabled" FROM "fun_with_flags_toggles" AS f0 WHERE (f0."flag_name" = $1) ["test_flag"]
13:17:27.885 [debug] Telemetry event: [:fun_with_flags, :persistence, :read], metadata: %{flag_name: :test_flag, gate: nil}, measurements: %{system_time: 1756495047885226609}
13:17:27.885 [debug] QUERY OK source="fun_with_flags_toggles" db=0.0ms
INSERT INTO "fun_with_flags_toggles" AS f0 ("enabled","target","flag_name","gate_type") VALUES ($1,$2,$3,$4) ON CONFLICT ("flag_name","gate_type","target") DO UPDATE SET "enabled" = $5 RETURNING "id" [false, "_fwf_none", "test_flag", "boolean", false]
13:17:27.885 [debug] QUERY OK source="fun_with_flags_toggles" db=0.0ms
SELECT f0."id", f0."flag_name", f0."gate_type", f0."target", f0."enabled" FROM "fun_with_flags_toggles" AS f0 WHERE (f0."flag_name" = $1) ["test_flag"]
13:17:27.885 [debug] Telemetry event: [:fun_with_flags, :persistence, :write], metadata: %{flag_name: :test_flag, gate: %FunWithFlags.Gate{type: :boolean, for: nil, enabled: false}}, measurements: %{system_time: 1756495047885450224}
......................13:17:27.886 [debug] QUERY OK source="fun_with_flags_toggles" db=0.1ms
INSERT INTO "fun_with_flags_toggles" AS f0 ("enabled","target","flag_name","gate_type") VALUES ($1,$2,$3,$4) ON CONFLICT ("flag_name","gate_type","target") DO UPDATE SET "enabled" = $5 RETURNING "id" [true, "_fwf_none", "early_access_signup", "boolean", true]
13:17:27.886 [debug] QUERY OK source="fun_with_flags_toggles" db=0.0ms
SELECT f0."id", f0."flag_name", f0."gate_type", f0."target", f0."enabled" FROM "fun_with_flags_toggles" AS f0 WHERE (f0."flag_name" = $1) ["early_access_signup"]
13:17:27.886 [debug] Telemetry event: [:fun_with_flags, :persistence, :write], metadata: %{flag_name: :early_access_signup, gate: %FunWithFlags.Gate{type: :boolean, for: nil, enabled: true}}, measurements: %{system_time: 1756495047886464072}
13:17:27.886 [debug] QUERY OK source="fun_with_flags_toggles" db=0.0ms
INSERT INTO "fun_with_flags_toggles" AS f0 ("enabled","target","flag_name","gate_type") VALUES ($1,$2,$3,$4) ON CONFLICT ("flag_name","gate_type","target") DO UPDATE SET "enabled" = $5 RETURNING "id" [true, "_fwf_none", "welcome_email_sequence", "boolean", true]
13:17:27.886 [debug] QUERY OK source="fun_with_flags_toggles" db=0.0ms
SELECT f0."id", f0."flag_name", f0."gate_type", f0."target", f0."enabled" FROM "fun_with_flags_toggles" AS f0 WHERE (f0."flag_name" = $1) ["welcome_email_sequence"]
13:17:27.886 [debug] Telemetry event: [:fun_with_flags, :persistence, :write], metadata: %{flag_name: :welcome_email_sequence, gate: %FunWithFlags.Gate{type: :boolean, for: nil, enabled: true}}, measurements: %{system_time: 1756495047886687871}
13:17:27.886 request_id=GGBS8JMF3pF4-toAADQC [info] POST /early-access
13:17:27.886 request_id=GGBS8JMF3pF4-toAADQC [debug] Processing with RsolvWeb.PageController.submit_early_access/2
  Parameters: %{"email" => "minimal@example.com"}
  Pipelines: [:browser]
13:17:27.886 request_id=GGBS8JMF3pF4-toAADQC [debug] QUERY OK source="fun_with_flags_toggles" db=0.0ms
SELECT f0."id", f0."flag_name", f0."gate_type", f0."target", f0."enabled" FROM "fun_with_flags_toggles" AS f0 WHERE (f0."flag_name" = $1) ["early_access_signup"]
13:17:27.886 request_id=GGBS8JMF3pF4-toAADQC [debug] Telemetry event: [:fun_with_flags, :persistence, :read], metadata: %{flag_name: :early_access_signup, gate: nil}, measurements: %{system_time: 1756495047886932112}
13:17:27.886 request_id=GGBS8JMF3pF4-toAADQC [debug] Extracted UTM parameters: %{}
13:17:27.886 request_id=GGBS8JMF3pF4-toAADQC [info] Analytics event tracked
13:17:27.887 request_id=GGBS8JMF3pF4-toAADQC [debug] QUERY OK db=0.0ms
SELECT create_analytics_partition_if_not_exists($1::date) [~D[2025-08-29]]
13:17:27.887 request_id=GGBS8JMF3pF4-toAADQC [debug] QUERY OK source="analytics_events" db=0.0ms
INSERT INTO "analytics_events" ("metadata","event_type","visitor_id","page_path","inserted_at","updated_at") VALUES ($1,$2,$3,$4,$5,$6) RETURNING "id" [%{status: "submit", os: "unknown", form_id: "early-access", browser: "unknown", utm_source_platform: nil, utm_source_campaign: nil, utm_source_content: nil, device_type: "unknown"}, "form_submit", "4b80d500a6e51404b68bb7f42c0a5853", "/early-access", ~N[2025-08-29 19:17:27], ~N[2025-08-29 19:17:27]]
13:17:27.887 request_id=GGBS8JMF3pF4-toAADQC [info] Form submission received
13:17:27.887 request_id=GGBS8JMF3pF4-toAADQC [info] Valid email received for processing: minimal@example.com, validation passed
13:17:27.887 request_id=GGBS8JMF3pF4-toAADQC [debug] Extracted UTM parameters: %{}
13:17:27.887 request_id=GGBS8JMF3pF4-toAADQC [debug] QUERY OK source="early_access_signups" db=0.0ms
INSERT INTO "early_access_signups" ("name","email","referral_source","inserted_at") VALUES ($1,$2,$3,$4) RETURNING "id" ["Minimal", "minimal@example.com", "landing_page", ~N[2025-08-29 19:17:27]]
13:17:27.887 request_id=GGBS8JMF3pF4-toAADQC [debug] QUERY OK source="early_access_signups" db=0.0ms
SELECT count(e0."id") FROM "early_access_signups" AS e0 []
13:17:27.887 request_id=GGBS8JMF3pF4-toAADQC [info] Successfully saved signup to database
13:17:27.887 request_id=GGBS8JMF3pF4-toAADQC [info] ConvertKit API key present: true
13:17:27.887 request_id=GGBS8JMF3pF4-toAADQC [info] ConvertKit API request successful
13:17:27.887 request_id=GGBS8JMF3pF4-toAADQC [info] ConvertKit: Successfully added subscriber
13:17:27.887 request_id=GGBS8JMF3pF4-toAADQC [info] Analytics event tracked
13:17:27.887 request_id=GGBS8JMF3pF4-toAADQC [debug] QUERY OK db=0.0ms
SELECT create_analytics_partition_if_not_exists($1::date) [~D[2025-08-29]]
13:17:27.887 request_id=GGBS8JMF3pF4-toAADQC [debug] QUERY OK source="analytics_events" db=0.0ms
INSERT INTO "analytics_events" ("metadata","event_type","visitor_id","page_path","inserted_at","updated_at") VALUES ($1,$2,$3,$4,$5,$6) RETURNING "id" [%{status: "success", os: "unknown", source: "landing_page", form_id: "early-access", browser: "unknown", utm_source_platform: nil, utm_source_campaign: nil, utm_source_content: nil, device_type: "unknown", conversion_type: "early_access_signup", email_domain: "example.com"}, "form_success", "4b80d500a6e51404b68bb7f42c0a5853", "/early-access", ~N[2025-08-29 19:17:27], ~N[2025-08-29 19:17:27]]
13:17:27.887 request_id=GGBS8JMF3pF4-toAADQC [info] Analytics event tracked
13:17:27.887 request_id=GGBS8JMF3pF4-toAADQC [debug] QUERY OK db=0.0ms
SELECT create_analytics_partition_if_not_exists($1::date) [~D[2025-08-29]]
13:17:27.888 request_id=GGBS8JMF3pF4-toAADQC [debug] QUERY OK source="analytics_events" db=0.0ms
INSERT INTO "analytics_events" ("metadata","event_type","visitor_id","page_path","inserted_at","updated_at") VALUES ($1,$2,$3,$4,$5,$6) RETURNING "id" [%{os: "unknown", source: "landing_page", form_id: "early-access", browser: "unknown", utm_source_platform: nil, utm_source_campaign: nil, utm_source_content: nil, device_type: "unknown", conversion_type: "early_access_signup", email_domain: "example.com"}, "conversion", "4b80d500a6e51404b68bb7f42c0a5853", "/early-access", ~N[2025-08-29 19:17:27], ~N[2025-08-29 19:17:27]]
13:17:27.888 request_id=GGBS8JMF3pF4-toAADQC [debug] QUERY OK source="fun_with_flags_toggles" db=0.0ms
SELECT f0."id", f0."flag_name", f0."gate_type", f0."target", f0."enabled" FROM "fun_with_flags_toggles" AS f0 WHERE (f0."flag_name" = $1) ["welcome_email_sequence"]
13:17:27.888 request_id=GGBS8JMF3pF4-toAADQC [debug] Telemetry event: [:fun_with_flags, :persistence, :read], metadata: %{flag_name: :welcome_email_sequence, gate: nil}, measurements: %{system_time: 1756495047888118561}
13:17:27.888 request_id=GGBS8JMF3pF4-toAADQC [info] [PAGE CONTROLLER] Welcome email sequence is ENABLED, starting sequence
13:17:27.888 request_id=GGBS8JMF3pF4-toAADQC [info] [PAGE CONTROLLER] About to call EmailSequence.start_early_access_onboarding_sequence
13:17:27.888 request_id=GGBS8JMF3pF4-toAADQC [info] [EMAIL SEQUENCE] Starting early access onboarding sequence
13:17:27.888 request_id=GGBS8JMF3pF4-toAADQC [info] [EMAIL SEQUENCE] About to call EmailService.send_early_access_welcome_email
13:17:27.888 request_id=GGBS8JMF3pF4-toAADQC [info] [EMAIL] send_early_access_welcome_email called
13:17:27.888 request_id=GGBS8JMF3pF4-toAADQC [info] [EMAIL DEBUG] Full email struct before sending
13:17:27.888 request_id=GGBS8JMF3pF4-toAADQC [info] [EMAIL DEBUG] Extracted recipient email
13:17:27.888 request_id=GGBS8JMF3pF4-toAADQC [info] [EMAIL DEBUG] Postmark configuration
13:17:27.888 request_id=GGBS8JMF3pF4-toAADQC [info] [EMAIL DEBUG] Email configuration
13:17:27.888 request_id=GGBS8JMF3pF4-toAADQC [info] [EMAIL] Attempting to send email via Postmark
13:17:27.888 request_id=GGBS8JMF3pF4-toAADQC [debug] Sending email with Bamboo.TestAdapter:

%Bamboo.Email{from: {"RSOLV Team", "support@rsolv.dev"}, to: [nil: "minimal@example.com"], cc: [], bcc: [], subject: "Welcome to RSOLV Early Access Program", html_body: "<div style=\"font-family: 'Helvetica Neue', Helvetica, Arial, sans-serif; max-width: 600px; margin: 0 auto; padding: 20px;\">\n  <h1 style=\"color: #2C3E50; margin-bottom: 20px;\">Welcome to RSOLV Early Access Program!</h1>\n\n  <p>Hi Minimal,</p>\n\n  <p>Thank you for joining our Early Access Program! You're now part of an exclusive group getting first access to RSOLV.</p>\n\n  <p>Here's what you need to know:</p>\n\n  <ul>\n    <li>You have full access to all current features</li>\n    <li>Your feedback is incredibly valuable to us during this phase</li>\n    <li>You'll receive priority support via email</li>\n  </ul>\n\n  <p>To get started with RSOLV:</p>\n\n  <ol>\n    <li><strong>Your API key will be sent in a follow-up email within 24 hours</strong></li>\n    <li>Once you receive your API key, install our GitHub Action (code below)</li>\n    <li>Set up your repository secrets with your API key</li>\n    <li>Tag your first issues with \"rsolv:automate\"</li>\n  </ol>\n\n  <div style=\"background-color: #fff3cd; border: 1px solid #ffeaa7; color: #856404; padding: 10px; border-radius: 5px; margin: 15px 0;\">\n    <strong>⏳ API Key Coming Soon:</strong> We'll send your personal API key within 24 hours. Look for an email with subject \"Your RSOLV API Key\".\n  </div>\n\n  <div style=\"background-color: #f8f9fa; padding: 15px; border-radius: 5px; margin: 20px 0;\">\n    <pre style=\"margin: 0; overflow-x: auto; white-space: pre-wrap; font-family: monospace;\">name: RSOLV AutoFix\non:\n  issues:\n    types: [opened, edited, labeled]\n\njobs:\n  autofix:\n    runs-on: ubuntu-latest\n    if: contains(github.event.issue.labels.*.name, 'rsolv:automate')\n    steps:\n      - uses: RSOLV-dev/rsolv-action@v1\n        with:\n          github-token: ${{ secrets.GITHUB_TOKEN }}\n          rsolv-api-key: ${{ secrets.RSOLV_API_KEY }}</pre>\n  </div>\n\n  <p>Need help? As an Early Access member, you have priority support - contact us at <a href=\"mailto:support@rsolv.dev\">support@rsolv.dev</a> and we'll personally assist you.</p>\n\n  <p>Your trial includes unlimited automated fixes during the Early Access period.</p>\n\n  <div style=\"margin-top: 30px; padding: 15px; border: 1px solid #e0e0e0; border-radius: 5px; background-color: #f9f9f9;\">\n    <h3 style=\"margin-top: 0; color: #2C3E50;\">Early Access Program Benefits</h3>\n    <ul>\n      <li>Unlimited usage during Early Access</li>\n      <li>Priority support and feature requests</li>\n      <li>Exclusive pricing when we launch</li>\n      <li>Direct access to our development team</li>\n    </ul>\n  </div>\n\n  <p>Best,<br>The RSOLV Team</p>\n\n  <div class=\"footer\" style=\"margin-top: 40px; padding-top: 20px; border-top: 1px solid #e0e0e0; font-size: 0.9em; color: #666;\">\n    <p>\n      You're receiving this email because you joined the RSOLV Early Access Program.\n      <br>\n      If you have any questions, simply reply to this email.\n    </p>\n    <p>\n      RSOLV, Inc. • support@rsolv.dev • © 2025\n    </p>\n    <p>\n      <a href=\"https://rsolv.dev/unsubscribe?email=minimal@example.com\">Unsubscribe</a> from these emails.\n    </p>\n  </div>\n</div>\n", text_body: "Welcome to RSOLV Early Access Program!\n\nHi Minimal,\n\nThank you for joining our Early Access Program! You're now part of an exclusive group getting first access to RSOLV.\n\nHere's what you need to know:\n- You have full access to all current features\n- Your feedback is incredibly valuable to us during this phase\n- You'll receive priority support via email\n\nTo get started with RSOLV:\n1. Your API key will be sent in a follow-up email within 24 hours\n2. Once you receive your API key, install our GitHub Action\n3. Set up your repository secrets with your API key\n4. Tag your first issues with \"AUTOFIX\"\n\n⏳ API KEY COMING SOON: We'll send your personal API key within 24 hours. Look for an email with subject \"Your RSOLV API Key\".\n\nNeed help? As an Early Access member, you have priority support - contact us at support@rsolv.dev and we'll personally assist you.\n\nYour trial includes unlimited automated fixes during the Early Access period.\n\nEARLY ACCESS PROGRAM BENEFITS:\n* Unlimited usage during Early Access\n* Priority support and feature requests\n* Exclusive pricing when we launch\n* Direct access to our development team\n\nBest,\nThe RSOLV Team\n\n---\nYou're receiving this email because you joined the RSOLV Early Access Program.\nIf you have any questions, simply reply to this email.\n\nRSOLV, Inc. • support@rsolv.dev\n\nTo unsubscribe, visit: https://rsolv.dev/unsubscribe?email=minimal@example.com\n", headers: %{"X-Postmark-Tag" => "early-access"}, attachments: [], assigns: %{}, private: %{tag: "early-access"}, blocked: false}

13:17:27.888 request_id=GGBS8JMF3pF4-toAADQC [info] [EMAIL DEBUG] Raw Postmark response
13:17:27.888 request_id=GGBS8JMF3pF4-toAADQC [info] [EMAIL] Email sent successfully via Postmark
13:17:27.888 request_id=GGBS8JMF3pF4-toAADQC [info] [EMAIL SEQUENCE] EmailService.send_early_access_welcome_email returned
13:17:27.888 request_id=GGBS8JMF3pF4-toAADQC [info] Attempting to tag subscriber
13:17:27.888 request_id=GGBS8JMF3pF4-toAADQC [info] ConvertKit: Attempting to tag minimal@example.com with tag 7700607
13:17:27.888 request_id=GGBS8JMF3pF4-toAADQC [info] ConvertKit: Successfully tagged minimal@example.com
13:17:27.888 request_id=GGBS8JMF3pF4-toAADQC [info] [EmailWorker] schedule_sequence called
13:17:27.888 request_id=GGBS8JMF3pF4-toAADQC [info] [EmailWorker] Found sequence
13:17:27.888 request_id=GGBS8JMF3pF4-toAADQC [info] [EmailWorker] Processing email config
13:17:27.888 request_id=GGBS8JMF3pF4-toAADQC [info] [EmailWorker] Skipping immediate email
13:17:27.888 request_id=GGBS8JMF3pF4-toAADQC [info] [EmailWorker] Processing email config
13:17:27.888 request_id=GGBS8JMF3pF4-toAADQC [info] [EmailWorker] Scheduling email
13:17:27.888 request_id=GGBS8JMF3pF4-toAADQC [info] [EmailWorker] Creating Oban job
13:17:27.888 request_id=GGBS8JMF3pF4-toAADQC [info] [EmailWorker] Job created
13:17:27.888 request_id=GGBS8JMF3pF4-toAADQC [info] Processing scheduled email
13:17:27.888 request_id=GGBS8JMF3pF4-toAADQC [error] Failed to send scheduled email
13:17:27.888 request_id=GGBS8JMF3pF4-toAADQC [info] [EmailWorker] Insert result
13:17:27.888 request_id=GGBS8JMF3pF4-toAADQC [info] [EmailWorker] Schedule result
13:17:27.889 request_id=GGBS8JMF3pF4-toAADQC [info] [EmailWorker] Processing email config
13:17:27.889 request_id=GGBS8JMF3pF4-toAADQC [info] [EmailWorker] Scheduling email
13:17:27.889 request_id=GGBS8JMF3pF4-toAADQC [info] [EmailWorker] Creating Oban job
13:17:27.889 request_id=GGBS8JMF3pF4-toAADQC [info] [EmailWorker] Job created
13:17:27.889 request_id=GGBS8JMF3pF4-toAADQC [info] Processing scheduled email
13:17:27.889 request_id=GGBS8JMF3pF4-toAADQC [info] [EMAIL DEBUG] Full email struct before sending
13:17:27.889 request_id=GGBS8JMF3pF4-toAADQC [info] [EMAIL DEBUG] Extracted recipient email
13:17:27.889 request_id=GGBS8JMF3pF4-toAADQC [info] [EMAIL DEBUG] Postmark configuration
13:17:27.889 request_id=GGBS8JMF3pF4-toAADQC [info] [EMAIL DEBUG] Email configuration
13:17:27.889 request_id=GGBS8JMF3pF4-toAADQC [info] [EMAIL] Attempting to send email via Postmark
13:17:27.889 request_id=GGBS8JMF3pF4-toAADQC [debug] Sending email with Bamboo.TestAdapter:

%Bamboo.Email{from: {"RSOLV Team", "support@rsolv.dev"}, to: [nil: "minimal@example.com"], cc: [], bcc: [], subject: "Verify Your RSOLV Setup - Need Any Help?", html_body: "<!DOCTYPE html>\n<html lang=\"en\">\n<head>\n  <meta charset=\"UTF-8\">\n  <meta name=\"viewport\" content=\"width=device-width, initial-scale=1.0\">\n  <title>Verify Your RSOLV Setup</title>\n  <style>\n    @import url('https://fonts.googleapis.com/css2?family=Space+Grotesk:wght@300;400;500;700&display=swap');\n    \n    body {\n      font-family: 'Space Grotesk', -apple-system, BlinkMacSystemFont, \"Segoe UI\", Roboto, Helvetica, Arial, sans-serif;\n      line-height: 1.6;\n      color: #333;\n      max-width: 600px;\n      margin: 0 auto;\n      padding: 20px;\n      background-color: #f8f9fa;\n    }\n    .container {\n      background-color: #ffffff;\n      border-radius: 8px;\n      padding: 30px;\n      box-shadow: 0 4px 6px rgba(0, 0, 0, 0.05);\n    }\n    .logo {\n      text-align: center;\n      margin-bottom: 30px;\n    }\n    .logo img {\n      max-width: 200px;\n    }\n    h1, h2, h3 {\n      color: #10b981;\n    }\n    .checklist {\n      background-color: #f3f4f6;\n      padding: 20px;\n      border-radius: 8px;\n      margin: 20px 0;\n    }\n    .checklist-item {\n      display: flex;\n      align-items: center;\n      margin-bottom: 15px;\n    }\n    .checklist-item input[type=\"checkbox\"] {\n      margin-right: 10px;\n    }\n    .status-box {\n      background-color: #fff3cd;\n      border: 1px solid #ffeaa7;\n      padding: 15px;\n      border-radius: 8px;\n      margin: 20px 0;\n    }\n    .success-box {\n      background-color: #d4edda;\n      border: 1px solid #c3e6cb;\n      padding: 15px;\n      border-radius: 8px;\n      margin: 20px 0;\n    }\n    .code {\n      background-color: #2d3748;\n      color: #e2e8f0;\n      padding: 15px;\n      border-radius: 5px;\n      font-family: 'Courier New', monospace;\n      overflow-x: auto;\n      margin: 15px 0;\n    }\n    .cta {\n      background-color: #10b981;\n      color: white;\n      padding: 12px 24px;\n      border-radius: 5px;\n      display: inline-block;\n      text-decoration: none;\n      font-weight: bold;\n      margin: 20px 0;\n    }\n    .footer {\n      margin-top: 40px;\n      font-size: 14px;\n      color: #6b7280;\n      border-top: 1px solid #e5e7eb;\n      padding-top: 20px;\n      text-align: center;\n    }\n  </style>\n</head>\n<body>\n  <div class=\"container\">\n    <div class=\"logo\">\n      <img src=\"https://rsolv.dev/images/rsolv_logo_transparent.png\" alt=\"RSOLV Logo\">\n    </div>\n    \n    <h1>Let's Verify Your RSOLV Setup</h1>\n    \n    <p>Hi {@first_name},</p>\n    \n    <p>It's been a few days since you signed up for RSOLV. We want to make sure you're all set up and ready to benefit from automated security scanning and remediation!</p>\n    \n    <div class=\"checklist\">\n      <h3>Quick Setup Checklist:</h3>\n      <div class=\"checklist-item\">\n        <input type=\"checkbox\" disabled> Connected your repositories for security scanning\n      </div>\n      <div class=\"checklist-item\">\n        <input type=\"checkbox\" disabled> Added the GitHub Action workflow for automated fixes\n      </div>\n      <div class=\"checklist-item\">\n        <input type=\"checkbox\" disabled> Set up your RSOLV_API_KEY as a repository secret\n      </div>\n      <div class=\"checklist-item\">\n        <input type=\"checkbox\" disabled> Reviewed security issues found by RSOLV\n      </div>\n      <div class=\"checklist-item\">\n        <input type=\"checkbox\" disabled> Generated and merged your first security fix PR\n      </div>\n    </div>\n    \n    <h2>Need Help with Setup?</h2>\n    \n    <p>If you haven't completed setup yet, here's a quick reminder of the steps:</p>\n    \n    <div class=\"code\">\n# In .github/workflows/rsolv.yml:\nname: RSOLV Security Fixes\n\non:\n  issues:\n    types: [labeled]\n\njobs:\n  security-fix:\n    if: contains(github.event.issue.labels.*.name, 'rsolv:automate')\n    runs-on: ubuntu-latest\n    steps:\n      - uses: rsolv-dev/rsolv-action@v1\n        with:\n          github-token: ${\"{{ secrets.GITHUB_TOKEN }}\"}\n          rsolv-api-key: ${\"{{ secrets.RSOLV_API_KEY }}\"}\n    </div>\n    \n    <div class=\"status-box\">\n      <strong>🎁 Remember:</strong> Your first 10 fixes are completely free! No credit card required. After that, you only pay $15 per fix that gets deployed.\n   " <> ..., text_body: "Let's Verify Your RSOLV Setup\n\nHi Minimal,\n\nIt's been a few days since you signed up for RSOLV. We want to make sure you're all set up and ready to automate your issue resolution!\n\nQuick Setup Checklist:\n[ ] Added the GitHub Action workflow to your repository\n[ ] Set up your RSOLV_API_KEY as a repository secret\n[ ] Tagged your first issue with \"rsolv:automate\"\n[ ] Reviewed and merged your first automated PR\n\nNeed Help with Setup?\nIf you haven't completed setup yet, visit: https://rsolv.dev/docs/getting-started\n\nRemember: Your first 10 fixes are completely free! No credit card required. After that, you only pay $15 per fix that gets deployed.\n\nCommon Questions:\n- Where do I get my API key? Check your welcome email or visit your dashboard\n- Can I use RSOLV on private repos? Yes! RSOLV works with both public and private repositories\n- What types of issues can RSOLV fix? Bug fixes, security vulnerabilities, performance issues, and more\n- How secure is it? We analyze every fix for security vulnerabilities before creating PRs\n\nPro Tip: Start with a simple issue first - something like \"Fix typo in README\" or \"Update deprecated function calls\".\n\nReady to get started? Tag an issue with \"rsolv:automate\" and watch the magic happen!\n\nIf you're stuck or have questions, just reply to this email.\n\nBest regards,\nThe RSOLV Team\n\n---\nTo unsubscribe, visit: https://rsolv.dev/unsubscribe?email=minimal@example.com\n", headers: %{"X-Postmark-Tag" => "setup-verification"}, attachments: [], assigns: %{}, private: %{tag: "setup-verification"}, blocked: false}

13:17:27.889 request_id=GGBS8JMF3pF4-toAADQC [info] [EMAIL DEBUG] Raw Postmark response
13:17:27.889 request_id=GGBS8JMF3pF4-toAADQC [info] [EMAIL] Email sent successfully via Postmark
13:17:27.889 request_id=GGBS8JMF3pF4-toAADQC [info] Successfully sent scheduled email
13:17:27.889 request_id=GGBS8JMF3pF4-toAADQC [info] [EmailWorker] Insert result
13:17:27.890 request_id=GGBS8JMF3pF4-toAADQC [info] [EmailWorker] Schedule result
13:17:27.890 request_id=GGBS8JMF3pF4-toAADQC [info] [EmailWorker] Processing email config
13:17:27.890 request_id=GGBS8JMF3pF4-toAADQC [info] [EmailWorker] Scheduling email
13:17:27.890 request_id=GGBS8JMF3pF4-toAADQC [info] [EmailWorker] Creating Oban job
13:17:27.890 request_id=GGBS8JMF3pF4-toAADQC [info] [EmailWorker] Job created
13:17:27.890 request_id=GGBS8JMF3pF4-toAADQC [info] Processing scheduled email
13:17:27.890 request_id=GGBS8JMF3pF4-toAADQC [info] [EMAIL DEBUG] Full email struct before sending
13:17:27.890 request_id=GGBS8JMF3pF4-toAADQC [info] [EMAIL DEBUG] Extracted recipient email
13:17:27.890 request_id=GGBS8JMF3pF4-toAADQC [info] [EMAIL DEBUG] Postmark configuration
13:17:27.890 request_id=GGBS8JMF3pF4-toAADQC [info] [EMAIL DEBUG] Email configuration
13:17:27.890 request_id=GGBS8JMF3pF4-toAADQC [info] [EMAIL] Attempting to send email via Postmark
13:17:27.890 request_id=GGBS8JMF3pF4-toAADQC [debug] Sending email with Bamboo.TestAdapter:

%Bamboo.Email{from: {"RSOLV Team", "support@rsolv.dev"}, to: [nil: "minimal@example.com"], cc: [], bcc: [], subject: "Advanced RSOLV Features You Might Have Missed", html_body: "<!DOCTYPE html>\n<html lang=\"en\">\n<head>\n  <meta charset=\"UTF-8\">\n  <meta name=\"viewport\" content=\"width=device-width, initial-scale=1.0\">\n  <title>Advanced RSOLV Features</title>\n  <style>\n    @import url('https://fonts.googleapis.com/css2?family=Space+Grotesk:wght@300;400;500;700&display=swap');\n    \n    body {\n      font-family: 'Space Grotesk', -apple-system, BlinkMacSystemFont, \"Segoe UI\", Roboto, Helvetica, Arial, sans-serif;\n      line-height: 1.6;\n      color: #333;\n      max-width: 600px;\n      margin: 0 auto;\n      padding: 20px;\n      background-color: #f8f9fa;\n    }\n    .container {\n      background-color: #ffffff;\n      border-radius: 8px;\n      padding: 30px;\n      box-shadow: 0 4px 6px rgba(0, 0, 0, 0.05);\n    }\n    .logo {\n      text-align: center;\n      margin-bottom: 30px;\n    }\n    .logo img {\n      max-width: 200px;\n    }\n    h1, h2, h3 {\n      color: #10b981;\n    }\n    .feature-card {\n      background-color: #f3f4f6;\n      padding: 20px;\n      border-radius: 8px;\n      margin-bottom: 20px;\n      border-left: 4px solid #10b981;\n    }\n    .feature-card h3 {\n      margin-top: 0;\n    }\n    .code {\n      background-color: #2d3748;\n      color: #e2e8f0;\n      padding: 15px;\n      border-radius: 5px;\n      font-family: 'Courier New', monospace;\n      overflow-x: auto;\n      margin: 15px 0;\n      font-size: 14px;\n    }\n    .pro-tip {\n      background-color: #fff3cd;\n      border: 1px solid #ffeaa7;\n      padding: 15px;\n      border-radius: 8px;\n      margin: 20px 0;\n    }\n    .security-highlight {\n      background-color: #d4edda;\n      border: 1px solid #c3e6cb;\n      padding: 15px;\n      border-radius: 8px;\n      margin: 20px 0;\n    }\n    .cta {\n      background-color: #10b981;\n      color: white;\n      padding: 12px 24px;\n      border-radius: 5px;\n      display: inline-block;\n      text-decoration: none;\n      font-weight: bold;\n      margin: 20px 0;\n    }\n    .footer {\n      margin-top: 40px;\n      font-size: 14px;\n      color: #6b7280;\n      border-top: 1px solid #e5e7eb;\n      padding-top: 20px;\n      text-align: center;\n    }\n  </style>\n</head>\n<body>\n  <div class=\"container\">\n    <div class=\"logo\">\n      <img src=\"https://rsolv.dev/images/rsolv_logo_transparent.png\" alt=\"RSOLV Logo\">\n    </div>\n    \n    <h1>Unlock the Full Power of RSOLV</h1>\n    \n    <p>Hi {@first_name},</p>\n    \n    <p>You've been using RSOLV for a few days now. Here are some advanced features and techniques that can help you get even more value from automated security scanning and vulnerability remediation:</p>\n    \n    <div class=\"feature-card\">\n      <h3>🎯 Understanding RSOLV's Proactive Scanning</h3>\n      <p>RSOLV continuously scans your repositories for security vulnerabilities and automatically creates issues with detailed remediation plans:</p>\n      <ul>\n        <li><strong>Automated detection:</strong> Scans all files for 180+ vulnerability patterns (and growing)</li>\n        <li><strong>Smart grouping:</strong> Groups similar issues for efficient review</li>\n        <li><strong>Detailed reports:</strong> Shows exact file locations and vulnerable code</li>\n        <li><strong>Fix generation:</strong> Creates secure PRs that address root causes</li>\n      </ul>\n    </div>\n    \n    <div class=\"feature-card\">\n      <h3>🔒 Comprehensive Security Coverage</h3>\n      <p>RSOLV proactively detects and fixes these vulnerability types across your codebase:</p>\n      <ul>\n        <li>SQL/NoSQL injection vulnerabilities</li>\n        <li>Cross-site scripting (XSS) risks</li>\n        <li>Authentication/authorization flaws</li>\n        <li>Insecure cryptographic implementations</li>\n        <li>Hardcoded secrets and API keys</li>\n        <li>Path traversal and open redirects</li>\n        <li>Insecure dependencies and configurations</li>\n      </ul>\n      <p>Each PR includes a detailed security impact assessment and verification tests.</p>\n    </div>\n    \n    <div class=\"security-highlight\">\n      <strong>🛡️ Security Example:</strong> When RSOLV detects unsafe user input handling, it automatically generates fixes with proper sanitization, p" <> ..., text_body: "Unlock the Full Power of RSOLV\n\nHi Minimal,\n\nYou've been using RSOLV for a few days now. Here are some advanced features and techniques:\n\n1. Writing Better Issues for Better Fixes:\n   - Include error messages: Copy the full stack trace\n   - Specify the file/function: \"Fix pagination in UserList.js\"\n   - Describe expected behavior: \"Should show 10 users per page\"\n   - Add context: \"This broke after upgrading to React 18\"\n\n2. Security-First Fixes:\n   RSOLV automatically scans for:\n   - SQL injection vulnerabilities\n   - Cross-site scripting (XSS) risks\n   - Authentication/authorization issues\n   - Insecure dependencies\n   - Hardcoded secrets or API keys\n\n3. Batch Processing:\n   Tag multiple issues with \"rsolv:automate\" and RSOLV creates separate PRs for each.\n\n4. Customizing RSOLV Behavior:\n   Add these tags to your issues:\n   - [performance] - Optimize for speed\n   - [security] - Extra security focus\n   - [minimal] - Smallest possible change\n   - [refactor] - Clean up while fixing\n\nComing Soon:\n- Support for more languages (Go, Rust, PHP)\n- Custom fix preferences per repository\n- Team collaboration features\n- Integration with more platforms\n\nHave a feature request? Just reply to this email!\n\nView advanced documentation: https://rsolv.dev/docs/advanced\n\nBest regards,\nThe RSOLV Team\n\n---\nTo unsubscribe, visit: https://rsolv.dev/unsubscribe?email=minimal@example.com\n", headers: %{"X-Postmark-Tag" => "feature-deep-dive"}, attachments: [], assigns: %{}, private: %{tag: "feature-deep-dive"}, blocked: false}

13:17:27.890 request_id=GGBS8JMF3pF4-toAADQC [info] [EMAIL DEBUG] Raw Postmark response
13:17:27.890 request_id=GGBS8JMF3pF4-toAADQC [info] [EMAIL] Email sent successfully via Postmark
13:17:27.891 request_id=GGBS8JMF3pF4-toAADQC [info] Successfully sent scheduled email
13:17:27.891 request_id=GGBS8JMF3pF4-toAADQC [info] [EmailWorker] Insert result
13:17:27.891 request_id=GGBS8JMF3pF4-toAADQC [info] [EmailWorker] Schedule result
13:17:27.891 request_id=GGBS8JMF3pF4-toAADQC [info] [EmailWorker] Processing email config
13:17:27.891 request_id=GGBS8JMF3pF4-toAADQC [info] [EmailWorker] Scheduling email
13:17:27.891 request_id=GGBS8JMF3pF4-toAADQC [info] [EmailWorker] Creating Oban job
13:17:27.891 request_id=GGBS8JMF3pF4-toAADQC [info] [EmailWorker] Job created
13:17:27.891 request_id=GGBS8JMF3pF4-toAADQC [info] Processing scheduled email
13:17:27.891 request_id=GGBS8JMF3pF4-toAADQC [info] [EMAIL DEBUG] Full email struct before sending
13:17:27.891 request_id=GGBS8JMF3pF4-toAADQC [info] [EMAIL DEBUG] Extracted recipient email
13:17:27.891 request_id=GGBS8JMF3pF4-toAADQC [info] [EMAIL DEBUG] Postmark configuration
13:17:27.891 request_id=GGBS8JMF3pF4-toAADQC [info] [EMAIL DEBUG] Email configuration
13:17:27.891 request_id=GGBS8JMF3pF4-toAADQC [info] [EMAIL] Attempting to send email via Postmark
13:17:27.891 request_id=GGBS8JMF3pF4-toAADQC [debug] Sending email with Bamboo.TestAdapter:

%Bamboo.Email{from: {"RSOLV Team", "support@rsolv.dev"}, to: [nil: "minimal@example.com"], cc: [], bcc: [], subject: "How's Your Experience with RSOLV?", html_body: "<!DOCTYPE html>\n<html lang=\"en\">\n<head>\n  <meta charset=\"UTF-8\">\n  <meta name=\"viewport\" content=\"width=device-width, initial-scale=1.0\">\n  <title>How's Your RSOLV Experience?</title>\n  <style>\n    @import url('https://fonts.googleapis.com/css2?family=Space+Grotesk:wght@300;400;500;700&display=swap');\n    \n    body {\n      font-family: 'Space Grotesk', -apple-system, BlinkMacSystemFont, \"Segoe UI\", Roboto, Helvetica, Arial, sans-serif;\n      line-height: 1.6;\n      color: #333;\n      max-width: 600px;\n      margin: 0 auto;\n      padding: 20px;\n      background-color: #f8f9fa;\n    }\n    .container {\n      background-color: #ffffff;\n      border-radius: 8px;\n      padding: 30px;\n      box-shadow: 0 4px 6px rgba(0, 0, 0, 0.05);\n    }\n    .logo {\n      text-align: center;\n      margin-bottom: 30px;\n    }\n    .logo img {\n      max-width: 200px;\n    }\n    h1, h2, h3 {\n      color: #10b981;\n    }\n    .survey-card {\n      background-color: #f3f4f6;\n      padding: 20px;\n      border-radius: 8px;\n      margin: 20px 0;\n      text-align: center;\n    }\n    .rating-container {\n      display: flex;\n      justify-content: center;\n      gap: 10px;\n      margin: 20px 0;\n    }\n    .rating-box {\n      width: 40px;\n      height: 40px;\n      border: 2px solid #10b981;\n      border-radius: 8px;\n      display: flex;\n      align-items: center;\n      justify-content: center;\n      text-decoration: none;\n      color: #10b981;\n      font-weight: bold;\n      transition: all 0.3s ease;\n    }\n    .rating-box:hover {\n      background-color: #10b981;\n      color: white;\n    }\n    .question-box {\n      background-color: #f9fafb;\n      padding: 20px;\n      border-radius: 8px;\n      margin: 20px 0;\n      border-left: 4px solid #10b981;\n    }\n    .success-story {\n      background-color: #d4edda;\n      border: 1px solid #c3e6cb;\n      padding: 15px;\n      border-radius: 8px;\n      margin: 20px 0;\n    }\n    .cta {\n      background-color: #10b981;\n      color: white;\n      padding: 12px 24px;\n      border-radius: 5px;\n      display: inline-block;\n      text-decoration: none;\n      font-weight: bold;\n      margin: 20px 0;\n    }\n    .cta-secondary {\n      background-color: #6b7280;\n      color: white;\n      padding: 12px 24px;\n      border-radius: 5px;\n      display: inline-block;\n      text-decoration: none;\n      font-weight: bold;\n      margin: 20px 0;\n    }\n    .footer {\n      margin-top: 40px;\n      font-size: 14px;\n      color: #6b7280;\n      border-top: 1px solid #e5e7eb;\n      padding-top: 20px;\n      text-align: center;\n    }\n  </style>\n</head>\n<body>\n  <div class=\"container\">\n    <div class=\"logo\">\n      <img src=\"https://rsolv.dev/images/rsolv_logo_transparent.png\" alt=\"RSOLV Logo\">\n    </div>\n    \n    <h1>Quick Check-In: How's RSOLV Working for You?</h1>\n    \n    <p>Hi {@first_name},</p>\n    \n    <p>You've been using RSOLV for a week now, and we'd love to hear about your experience! Your feedback helps us make RSOLV better for everyone.</p>\n    \n    <div class=\"survey-card\">\n      <h3>How likely are you to recommend RSOLV to a colleague?</h3>\n      <p>Click a number below:</p>\n      <div class=\"rating-container\">\n        <a href=\"https://rsolv.dev/feedback?rating=1&email={@email}\" class=\"rating-box\">1</a>\n        <a href=\"https://rsolv.dev/feedback?rating=2&email={@email}\" class=\"rating-box\">2</a>\n        <a href=\"https://rsolv.dev/feedback?rating=3&email={@email}\" class=\"rating-box\">3</a>\n        <a href=\"https://rsolv.dev/feedback?rating=4&email={@email}\" class=\"rating-box\">4</a>\n        <a href=\"https://rsolv.dev/feedback?rating=5&email={@email}\" class=\"rating-box\">5</a>\n        <a href=\"https://rsolv.dev/feedback?rating=6&email={@email}\" class=\"rating-box\">6</a>\n        <a href=\"https://rsolv.dev/feedback?rating=7&email={@email}\" class=\"rating-box\">7</a>\n        <a href=\"https://rsolv.dev/feedback?rating=8&email={@email}\" class=\"rating-box\">8</a>\n        <a href=\"https://rsolv.dev/feedback?rating=9&email={@email}\" class=\"rating-box\">9</a>\n        <a href=\"https://rsolv.dev/feedback?rating=10&email={@email}\" class=\"rating-box\">10</a>\n      </div>\n" <> ..., text_body: "Quick Check-In: How's RSOLV Working for You?\n\nHi Minimal,\n\nYou've been using RSOLV for a week now, and we'd love to hear about your experience!\n\nHow likely are you to recommend RSOLV to a colleague?\nRate us from 1-10: https://rsolv.dev/feedback?email=minimal@example.com\n\nThree Quick Questions:\n1. What's been your favorite RSOLV fix so far?\n2. What feature would you like to see next?\n3. Any challenges or friction points?\n\nJust hit reply and share your thoughts - we read every response!\n\nDid You Know?\nHere are some ways other teams are using RSOLV:\n- Security audits: Tag all security-related issues for automated fixes\n- Tech debt cleanup: Fix deprecated function calls across the codebase\n- Onboarding tool: Let new devs see how fixes should be implemented\n- Weekend warrior: Queue up fixes on Friday, review on Monday\n\nThanks for being an early adopter!\n\nBest regards,\nDylan & The RSOLV Team\n\nP.S. If RSOLV has saved you time this week, we'd love to hear about it!\n\n---\nTo unsubscribe, visit: https://rsolv.dev/unsubscribe?email=minimal@example.com\n", headers: %{"X-Postmark-Tag" => "feedback-request"}, attachments: [], assigns: %{}, private: %{tag: "feedback-request"}, blocked: false}

13:17:27.891 request_id=GGBS8JMF3pF4-toAADQC [info] [EMAIL DEBUG] Raw Postmark response
13:17:27.891 request_id=GGBS8JMF3pF4-toAADQC [info] [EMAIL] Email sent successfully via Postmark
13:17:27.891 request_id=GGBS8JMF3pF4-toAADQC [info] Successfully sent scheduled email
13:17:27.891 request_id=GGBS8JMF3pF4-toAADQC [info] [EmailWorker] Insert result
13:17:27.891 request_id=GGBS8JMF3pF4-toAADQC [info] [EmailWorker] Schedule result
13:17:27.892 request_id=GGBS8JMF3pF4-toAADQC [info] [EmailWorker] Processing email config
13:17:27.892 request_id=GGBS8JMF3pF4-toAADQC [info] [EmailWorker] Scheduling email
13:17:27.892 request_id=GGBS8JMF3pF4-toAADQC [info] [EmailWorker] Creating Oban job
13:17:27.892 request_id=GGBS8JMF3pF4-toAADQC [info] [EmailWorker] Job created
13:17:27.892 request_id=GGBS8JMF3pF4-toAADQC [info] Processing scheduled email
13:17:27.892 request_id=GGBS8JMF3pF4-toAADQC [info] [EMAIL DEBUG] Full email struct before sending
13:17:27.892 request_id=GGBS8JMF3pF4-toAADQC [info] [EMAIL DEBUG] Extracted recipient email
13:17:27.892 request_id=GGBS8JMF3pF4-toAADQC [info] [EMAIL DEBUG] Postmark configuration
13:17:27.892 request_id=GGBS8JMF3pF4-toAADQC [info] [EMAIL DEBUG] Email configuration
13:17:27.892 request_id=GGBS8JMF3pF4-toAADQC [info] [EMAIL] Attempting to send email via Postmark
13:17:27.892 request_id=GGBS8JMF3pF4-toAADQC [debug] Sending email with Bamboo.TestAdapter:

%Bamboo.Email{from: {"RSOLV Team", "support@rsolv.dev"}, to: [nil: "minimal@example.com"], cc: [], bcc: [], subject: "Your RSOLV Success Report", html_body: "<!DOCTYPE html>\n<html lang=\"en\">\n<head>\n  <meta charset=\"UTF-8\">\n  <meta name=\"viewport\" content=\"width=device-width, initial-scale=1.0\">\n  <title>Your RSOLV Success Report</title>\n  <style>\n    @import url('https://fonts.googleapis.com/css2?family=Space+Grotesk:wght@300;400;500;700&display=swap');\n    \n    body {\n      font-family: 'Space Grotesk', -apple-system, BlinkMacSystemFont, \"Segoe UI\", Roboto, Helvetica, Arial, sans-serif;\n      line-height: 1.6;\n      color: #333;\n      max-width: 600px;\n      margin: 0 auto;\n      padding: 20px;\n      background-color: #f8f9fa;\n    }\n    .container {\n      background-color: #ffffff;\n      border-radius: 8px;\n      padding: 30px;\n      box-shadow: 0 4px 6px rgba(0, 0, 0, 0.05);\n    }\n    .logo {\n      text-align: center;\n      margin-bottom: 30px;\n    }\n    .logo img {\n      max-width: 200px;\n    }\n    h1, h2, h3 {\n      color: #10b981;\n    }\n    .stats-grid {\n      display: grid;\n      grid-template-columns: 1fr 1fr;\n      gap: 20px;\n      margin: 30px 0;\n    }\n    .stat-card {\n      background-color: #f3f4f6;\n      padding: 20px;\n      border-radius: 8px;\n      text-align: center;\n      border-top: 4px solid #10b981;\n    }\n    .stat-number {\n      font-size: 36px;\n      font-weight: bold;\n      color: #10b981;\n      margin: 10px 0;\n    }\n    .stat-label {\n      color: #6b7280;\n      font-size: 14px;\n    }\n    .achievement-banner {\n      background: linear-gradient(135deg, #10b981 0%, #059669 100%);\n      color: white;\n      padding: 20px;\n      border-radius: 8px;\n      text-align: center;\n      margin: 20px 0;\n    }\n    .timeline {\n      margin: 30px 0;\n    }\n    .timeline-item {\n      display: flex;\n      margin-bottom: 20px;\n      align-items: flex-start;\n    }\n    .timeline-marker {\n      width: 40px;\n      height: 40px;\n      background-color: #10b981;\n      color: white;\n      border-radius: 50%;\n      display: flex;\n      align-items: center;\n      justify-content: center;\n      flex-shrink: 0;\n      margin-right: 15px;\n    }\n    .timeline-content {\n      flex-grow: 1;\n    }\n    .pricing-highlight {\n      background-color: #fff3cd;\n      border: 1px solid #ffeaa7;\n      padding: 20px;\n      border-radius: 8px;\n      margin: 20px 0;\n      text-align: center;\n    }\n    .cta {\n      background-color: #10b981;\n      color: white;\n      padding: 12px 24px;\n      border-radius: 5px;\n      display: inline-block;\n      text-decoration: none;\n      font-weight: bold;\n      margin: 20px 0;\n    }\n    .cta-secondary {\n      background-color: #2563eb;\n      color: white;\n      padding: 12px 24px;\n      border-radius: 5px;\n      display: inline-block;\n      text-decoration: none;\n      font-weight: bold;\n      margin: 20px 0;\n    }\n    .footer {\n      margin-top: 40px;\n      font-size: 14px;\n      color: #6b7280;\n      border-top: 1px solid #e5e7eb;\n      padding-top: 20px;\n      text-align: center;\n    }\n    @media (max-width: 600px) {\n      .stats-grid {\n        grid-template-columns: 1fr;\n      }\n    }\n  </style>\n</head>\n<body>\n  <div class=\"container\">\n    <div class=\"logo\">\n      <img src=\"https://rsolv.dev/images/rsolv_logo_transparent.png\" alt=\"RSOLV Logo\">\n    </div>\n    \n    <h1>Your 2-Week RSOLV Success Report 🎉</h1>\n    \n    <p>Hi {@first_name},</p>\n    \n    <p>Congratulations! You've been using RSOLV for two weeks. Here's a snapshot of what we've accomplished together:</p>\n    \n    <div class=\"stats-grid\">\n      <div class=\"stat-card\">\n        <div class=\"stat-label\">Issues Fixed</div>\n        <div class=\"stat-number\">{Map.get(@usage_stats || %{}, :issues_fixed, 0)}</div>\n      </div>\n      <div class=\"stat-card\">\n        <div class=\"stat-label\">PRs Created</div>\n        <div class=\"stat-number\">{Map.get(@usage_stats || %{}, :prs_created, 0)}</div>\n      </div>\n      <div class=\"stat-card\">\n        <div class=\"stat-label\">Time Saved</div>\n        <div class=\"stat-number\">{Map.get(@usage_stats || %{}, :time_saved, \"0 hrs\")}</div>\n      </div>\n      <div class=\"stat-card\">\n        <div class=\"stat-label\">Security Issues Found</div>\n        <div class=\"stat-number\">{Map.ge" <> ..., text_body: "Your 2-Week RSOLV Success Report\n\nHi Minimal,\n\nCongratulations! You've been using RSOLV for two weeks. Here's what we've accomplished together:\n\nYour Stats:\n- Issues Fixed: Check your dashboard\n- PRs Created: Check your dashboard\n- Time Saved: Check your dashboard\n- Security Issues Found: Check your dashboard\n\nYour Trial Status:\nCheck how many free fixes you have remaining at: https://rsolv.dev/dashboard\n\nWhat's Next?\n- Expand to more repositories\n- Automate security audits\n- Clean up tech debt\n- Train your team\n\nNeed Help Scaling Up?\nI'd love to help you get even more value from RSOLV:\n- Schedule a 15-minute optimization call\n- Get best practices for your specific tech stack\n- Learn about volume discounts for teams\n\nJust reply to this email and let me know how I can help!\n\nThanks for being part of the RSOLV community.\n\nBest regards,\nDylan Fitzgerald\nFounder, RSOLV\n\nP.S. If RSOLV has been valuable to your team, I'd be grateful if you could share a quick testimonial.\n\n---\nTo unsubscribe, visit: https://rsolv.dev/unsubscribe?email=minimal@example.com\n", headers: %{"X-Postmark-Tag" => "success-checkin"}, attachments: [], assigns: %{}, private: %{tag: "success-checkin"}, blocked: false}

13:17:27.892 request_id=GGBS8JMF3pF4-toAADQC [info] [EMAIL DEBUG] Raw Postmark response
13:17:27.892 request_id=GGBS8JMF3pF4-toAADQC [info] [EMAIL] Email sent successfully via Postmark
13:17:27.892 request_id=GGBS8JMF3pF4-toAADQC [info] Successfully sent scheduled email
13:17:27.892 request_id=GGBS8JMF3pF4-toAADQC [info] [EmailWorker] Insert result
13:17:27.892 request_id=GGBS8JMF3pF4-toAADQC [info] [EmailWorker] Schedule result
13:17:27.892 request_id=GGBS8JMF3pF4-toAADQC [info] [PAGE CONTROLLER] EmailSequence.start_early_access_onboarding_sequence returned
13:17:27.892 request_id=GGBS8JMF3pF4-toAADQC [debug] Sending email with Bamboo.TestAdapter:

%Bamboo.Email{from: {"RSOLV Team", "support@rsolv.dev"}, to: [nil: "admin@rsolv.dev"], cc: [], bcc: [], subject: "🎉 New RSOLV Signup: minimal@example.com", html_body: "<!DOCTYPE html>\n<html>\n<head>\n  <meta charset=\"utf-8\">\n  <style>\n    body { font-family: -apple-system, BlinkMacSystemFont, 'Segoe UI', Roboto, sans-serif; line-height: 1.6; color: #333; }\n    .container { max-width: 600px; margin: 0 auto; padding: 20px; }\n    .header { background: #10b981; color: white; padding: 20px; border-radius: 8px 8px 0 0; }\n    .content { background: #f9fafb; padding: 20px; border: 1px solid #e5e7eb; border-radius: 0 0 8px 8px; }\n    .metric { display: inline-block; margin: 10px 20px 10px 0; }\n    .metric-label { font-size: 12px; color: #6b7280; text-transform: uppercase; }\n    .metric-value { font-size: 18px; font-weight: bold; color: #111827; }\n    .details { background: white; padding: 15px; border-radius: 4px; margin: 15px 0; }\n    .detail-row { display: flex; justify-content: space-between; padding: 8px 0; border-bottom: 1px solid #f3f4f6; }\n    .detail-row:last-child { border-bottom: none; }\n    .detail-label { font-weight: 500; color: #6b7280; }\n    .detail-value { color: #111827; }\n    .utm-badge { display: inline-block; background: #dbeafe; color: #1e40af; padding: 2px 8px; border-radius: 4px; font-size: 12px; margin-left: 4px; }\n  </style>\n</head>\n<body>\n  <div class=\"container\">\n    <div class=\"header\">\n      <h1 style=\"margin: 0; font-size: 24px;\">🎉 New RSOLV Signup!</h1>\n      <p style=\"margin: 5px 0 0 0; opacity: 0.9;\">August 29, 2025 at 07:17 PM UTC</p>\n    </div>\n    \n    <div class=\"content\">\n      <div class=\"metric\">\n        <div class=\"metric-label\">Email</div>\n        <div class=\"metric-value\">minimal@example.com</div>\n      </div>\n      \n      \n      \n      <div class=\"details\">\n        <h3 style=\"margin-top: 0;\">Signup Details</h3>\n        \n        <div class=\"detail-row\">\n          <span class=\"detail-label\">Source</span>\n          <span class=\"detail-value\">\n            landing_page\n            \n          </span>\n        </div>\n        \n        \n        \n        \n        \n        \n      </div>\n      \n      <div style=\"margin-top: 20px; text-align: center;\">\n        <a href=\"https://rsolv.dev/live/dashboard\" style=\"display: inline-block; background: #10b981; color: white; padding: 10px 20px; text-decoration: none; border-radius: 4px;\">\n          View Dashboard\n        </a>\n      </div>\n    </div>\n  </div>\n</body>\n</html>\n", text_body: "🎉 New RSOLV Signup!\n\nEmail: minimal@example.com\n\nTime: August 29, 2025 at 07:17 PM UTC\n\nSource Details:\n- Source: landing_page\n\n\n\n\n\nView full dashboard: https://rsolv.dev/live/dashboard\n", headers: %{"Message-ID" => "<1756495047.800907@rsolv.dev>", "X-Postmark-Tag" => "admin-notification", "X-Priority" => "1"}, attachments: [], assigns: %{}, private: %{tag: "admin-notification"}, blocked: false}

13:17:27.892 request_id=GGBS8JMF3pF4-toAADQC [info] Admin notification sent for new signup
13:17:27.892 request_id=GGBS8JMF3pF4-toAADQC [info] Sent 302 in 6ms
.13:17:27.893 [debug] QUERY OK source="fun_with_flags_toggles" db=0.0ms
INSERT INTO "fun_with_flags_toggles" AS f0 ("enabled","target","flag_name","gate_type") VALUES ($1,$2,$3,$4) ON CONFLICT ("flag_name","gate_type","target") DO UPDATE SET "enabled" = $5 RETURNING "id" [true, "_fwf_none", "early_access_signup", "boolean", true]
13:17:27.893 [debug] QUERY OK source="fun_with_flags_toggles" db=0.0ms
SELECT f0."id", f0."flag_name", f0."gate_type", f0."target", f0."enabled" FROM "fun_with_flags_toggles" AS f0 WHERE (f0."flag_name" = $1) ["early_access_signup"]
13:17:27.893 [debug] Telemetry event: [:fun_with_flags, :persistence, :write], metadata: %{flag_name: :early_access_signup, gate: %FunWithFlags.Gate{type: :boolean, for: nil, enabled: true}}, measurements: %{system_time: 1756495047893385602}
13:17:27.893 [debug] QUERY OK source="fun_with_flags_toggles" db=0.0ms
INSERT INTO "fun_with_flags_toggles" AS f0 ("enabled","target","flag_name","gate_type") VALUES ($1,$2,$3,$4) ON CONFLICT ("flag_name","gate_type","target") DO UPDATE SET "enabled" = $5 RETURNING "id" [true, "_fwf_none", "welcome_email_sequence", "boolean", true]
13:17:27.893 [debug] QUERY OK source="fun_with_flags_toggles" db=0.0ms
SELECT f0."id", f0."flag_name", f0."gate_type", f0."target", f0."enabled" FROM "fun_with_flags_toggles" AS f0 WHERE (f0."flag_name" = $1) ["welcome_email_sequence"]
13:17:27.893 [debug] Telemetry event: [:fun_with_flags, :persistence, :write], metadata: %{flag_name: :welcome_email_sequence, gate: %FunWithFlags.Gate{type: :boolean, for: nil, enabled: true}}, measurements: %{system_time: 1756495047893619894}
13:17:27.893 request_id=GGBS8JNvV0tKIFcAADSC [info] POST /early-access
13:17:27.893 request_id=GGBS8JNvV0tKIFcAADSC [debug] Processing with RsolvWeb.PageController.submit_early_access/2
  Parameters: %{"email" => "newuser@example.com", "signup" => %{"company" => "Test Corp", "email" => "newuser@example.com"}, "utm_campaign" => "launch", "utm_medium" => "social", "utm_source" => "twitter"}
  Pipelines: [:browser]
13:17:27.893 request_id=GGBS8JNvV0tKIFcAADSC [debug] QUERY OK source="fun_with_flags_toggles" db=0.0ms
SELECT f0."id", f0."flag_name", f0."gate_type", f0."target", f0."enabled" FROM "fun_with_flags_toggles" AS f0 WHERE (f0."flag_name" = $1) ["early_access_signup"]
13:17:27.893 request_id=GGBS8JNvV0tKIFcAADSC [debug] Telemetry event: [:fun_with_flags, :persistence, :read], metadata: %{flag_name: :early_access_signup, gate: nil}, measurements: %{system_time: 1756495047893809471}
13:17:27.893 request_id=GGBS8JNvV0tKIFcAADSC [debug] Extracted UTM parameters: %{utm_source: "twitter", utm_medium: "social", utm_campaign: "launch"}
13:17:27.893 request_id=GGBS8JNvV0tKIFcAADSC [info] Analytics event tracked
13:17:27.894 request_id=GGBS8JNvV0tKIFcAADSC [debug] QUERY OK db=0.1ms
SELECT create_analytics_partition_if_not_exists($1::date) [~D[2025-08-29]]
13:17:27.894 request_id=GGBS8JNvV0tKIFcAADSC [debug] QUERY OK source="analytics_events" db=0.0ms
INSERT INTO "analytics_events" ("metadata","event_type","utm_source","utm_medium","utm_campaign","visitor_id","page_path","inserted_at","updated_at") VALUES ($1,$2,$3,$4,$5,$6,$7,$8,$9) RETURNING "id" [%{status: "submit", os: "unknown", form_id: "early-access", browser: "unknown", utm_source_platform: nil, utm_source_campaign: nil, utm_source_content: nil, device_type: "unknown"}, "form_submit", "twitter", "social", "launch", "972a2b4c57d5b3266442927aa581e2a6", "/early-access", ~N[2025-08-29 19:17:27], ~N[2025-08-29 19:17:27]]
13:17:27.894 request_id=GGBS8JNvV0tKIFcAADSC [info] Form submission received
13:17:27.894 request_id=GGBS8JNvV0tKIFcAADSC [info] Valid email received for processing: newuser@example.com, validation passed
13:17:27.894 request_id=GGBS8JNvV0tKIFcAADSC [debug] Extracted UTM parameters: %{utm_source: "twitter", utm_medium: "social", utm_campaign: "launch"}
13:17:27.894 request_id=GGBS8JNvV0tKIFcAADSC [debug] QUERY OK source="early_access_signups" db=0.0ms
INSERT INTO "early_access_signups" ("name","email","utm_source","utm_medium","utm_campaign","referral_source","inserted_at") VALUES ($1,$2,$3,$4,$5,$6,$7) RETURNING "id" ["Newuser", "newuser@example.com", "twitter", "social", "launch", "landing_page", ~N[2025-08-29 19:17:27]]
13:17:27.894 request_id=GGBS8JNvV0tKIFcAADSC [debug] QUERY OK source="early_access_signups" db=0.1ms
SELECT count(e0."id") FROM "early_access_signups" AS e0 []
13:17:27.894 request_id=GGBS8JNvV0tKIFcAADSC [info] Successfully saved signup to database
13:17:27.894 request_id=GGBS8JNvV0tKIFcAADSC [info] ConvertKit API key present: true
13:17:27.894 request_id=GGBS8JNvV0tKIFcAADSC [info] ConvertKit API request successful
13:17:27.894 request_id=GGBS8JNvV0tKIFcAADSC [info] ConvertKit: Successfully added subscriber
13:17:27.894 request_id=GGBS8JNvV0tKIFcAADSC [info] Analytics event tracked
13:17:27.895 request_id=GGBS8JNvV0tKIFcAADSC [debug] QUERY OK db=0.1ms
SELECT create_analytics_partition_if_not_exists($1::date) [~D[2025-08-29]]
13:17:27.895 request_id=GGBS8JNvV0tKIFcAADSC [debug] QUERY OK source="analytics_events" db=0.0ms
INSERT INTO "analytics_events" ("metadata","event_type","utm_source","utm_medium","utm_campaign","visitor_id","page_path","inserted_at","updated_at") VALUES ($1,$2,$3,$4,$5,$6,$7,$8,$9) RETURNING "id" [%{status: "success", os: "unknown", source: "landing_page", form_id: "early-access", browser: "unknown", utm_source_platform: nil, utm_source_campaign: nil, utm_source_content: nil, device_type: "unknown", conversion_type: "early_access_signup", email_domain: "example.com"}, "form_success", "twitter", "social", "launch", "972a2b4c57d5b3266442927aa581e2a6", "/early-access", ~N[2025-08-29 19:17:27], ~N[2025-08-29 19:17:27]]
13:17:27.895 request_id=GGBS8JNvV0tKIFcAADSC [info] Analytics event tracked
13:17:27.895 request_id=GGBS8JNvV0tKIFcAADSC [debug] QUERY OK db=0.0ms
SELECT create_analytics_partition_if_not_exists($1::date) [~D[2025-08-29]]
13:17:27.895 request_id=GGBS8JNvV0tKIFcAADSC [debug] QUERY OK source="analytics_events" db=0.0ms
INSERT INTO "analytics_events" ("metadata","event_type","utm_source","utm_medium","utm_campaign","visitor_id","page_path","inserted_at","updated_at") VALUES ($1,$2,$3,$4,$5,$6,$7,$8,$9) RETURNING "id" [%{os: "unknown", source: "landing_page", form_id: "early-access", browser: "unknown", utm_source_platform: nil, utm_source_campaign: nil, utm_source_content: nil, device_type: "unknown", conversion_type: "early_access_signup", email_domain: "example.com"}, "conversion", "twitter", "social", "launch", "972a2b4c57d5b3266442927aa581e2a6", "/early-access", ~N[2025-08-29 19:17:27], ~N[2025-08-29 19:17:27]]
13:17:27.895 request_id=GGBS8JNvV0tKIFcAADSC [debug] QUERY OK source="fun_with_flags_toggles" db=0.0ms
SELECT f0."id", f0."flag_name", f0."gate_type", f0."target", f0."enabled" FROM "fun_with_flags_toggles" AS f0 WHERE (f0."flag_name" = $1) ["welcome_email_sequence"]
13:17:27.895 request_id=GGBS8JNvV0tKIFcAADSC [debug] Telemetry event: [:fun_with_flags, :persistence, :read], metadata: %{flag_name: :welcome_email_sequence, gate: nil}, measurements: %{system_time: 1756495047895497812}
13:17:27.895 request_id=GGBS8JNvV0tKIFcAADSC [info] [PAGE CONTROLLER] Welcome email sequence is ENABLED, starting sequence
13:17:27.895 request_id=GGBS8JNvV0tKIFcAADSC [info] [PAGE CONTROLLER] About to call EmailSequence.start_early_access_onboarding_sequence
13:17:27.895 request_id=GGBS8JNvV0tKIFcAADSC [info] [EMAIL SEQUENCE] Starting early access onboarding sequence
13:17:27.895 request_id=GGBS8JNvV0tKIFcAADSC [info] [EMAIL SEQUENCE] About to call EmailService.send_early_access_welcome_email
13:17:27.895 request_id=GGBS8JNvV0tKIFcAADSC [info] [EMAIL] send_early_access_welcome_email called
13:17:27.895 request_id=GGBS8JNvV0tKIFcAADSC [info] [EMAIL DEBUG] Full email struct before sending
13:17:27.895 request_id=GGBS8JNvV0tKIFcAADSC [info] [EMAIL DEBUG] Extracted recipient email
13:17:27.895 request_id=GGBS8JNvV0tKIFcAADSC [info] [EMAIL DEBUG] Postmark configuration
13:17:27.895 request_id=GGBS8JNvV0tKIFcAADSC [info] [EMAIL DEBUG] Email configuration
13:17:27.895 request_id=GGBS8JNvV0tKIFcAADSC [info] [EMAIL] Attempting to send email via Postmark
13:17:27.895 request_id=GGBS8JNvV0tKIFcAADSC [debug] Sending email with Bamboo.TestAdapter:

%Bamboo.Email{from: {"RSOLV Team", "support@rsolv.dev"}, to: [nil: "newuser@example.com"], cc: [], bcc: [], subject: "Welcome to RSOLV Early Access Program", html_body: "<div style=\"font-family: 'Helvetica Neue', Helvetica, Arial, sans-serif; max-width: 600px; margin: 0 auto; padding: 20px;\">\n  <h1 style=\"color: #2C3E50; margin-bottom: 20px;\">Welcome to RSOLV Early Access Program!</h1>\n\n  <p>Hi Newuser,</p>\n\n  <p>Thank you for joining our Early Access Program! You're now part of an exclusive group getting first access to RSOLV.</p>\n\n  <p>Here's what you need to know:</p>\n\n  <ul>\n    <li>You have full access to all current features</li>\n    <li>Your feedback is incredibly valuable to us during this phase</li>\n    <li>You'll receive priority support via email</li>\n  </ul>\n\n  <p>To get started with RSOLV:</p>\n\n  <ol>\n    <li><strong>Your API key will be sent in a follow-up email within 24 hours</strong></li>\n    <li>Once you receive your API key, install our GitHub Action (code below)</li>\n    <li>Set up your repository secrets with your API key</li>\n    <li>Tag your first issues with \"rsolv:automate\"</li>\n  </ol>\n\n  <div style=\"background-color: #fff3cd; border: 1px solid #ffeaa7; color: #856404; padding: 10px; border-radius: 5px; margin: 15px 0;\">\n    <strong>⏳ API Key Coming Soon:</strong> We'll send your personal API key within 24 hours. Look for an email with subject \"Your RSOLV API Key\".\n  </div>\n\n  <div style=\"background-color: #f8f9fa; padding: 15px; border-radius: 5px; margin: 20px 0;\">\n    <pre style=\"margin: 0; overflow-x: auto; white-space: pre-wrap; font-family: monospace;\">name: RSOLV AutoFix\non:\n  issues:\n    types: [opened, edited, labeled]\n\njobs:\n  autofix:\n    runs-on: ubuntu-latest\n    if: contains(github.event.issue.labels.*.name, 'rsolv:automate')\n    steps:\n      - uses: RSOLV-dev/rsolv-action@v1\n        with:\n          github-token: ${{ secrets.GITHUB_TOKEN }}\n          rsolv-api-key: ${{ secrets.RSOLV_API_KEY }}</pre>\n  </div>\n\n  <p>Need help? As an Early Access member, you have priority support - contact us at <a href=\"mailto:support@rsolv.dev\">support@rsolv.dev</a> and we'll personally assist you.</p>\n\n  <p>Your trial includes unlimited automated fixes during the Early Access period.</p>\n\n  <div style=\"margin-top: 30px; padding: 15px; border: 1px solid #e0e0e0; border-radius: 5px; background-color: #f9f9f9;\">\n    <h3 style=\"margin-top: 0; color: #2C3E50;\">Early Access Program Benefits</h3>\n    <ul>\n      <li>Unlimited usage during Early Access</li>\n      <li>Priority support and feature requests</li>\n      <li>Exclusive pricing when we launch</li>\n      <li>Direct access to our development team</li>\n    </ul>\n  </div>\n\n  <p>Best,<br>The RSOLV Team</p>\n\n  <div class=\"footer\" style=\"margin-top: 40px; padding-top: 20px; border-top: 1px solid #e0e0e0; font-size: 0.9em; color: #666;\">\n    <p>\n      You're receiving this email because you joined the RSOLV Early Access Program.\n      <br>\n      If you have any questions, simply reply to this email.\n    </p>\n    <p>\n      RSOLV, Inc. • support@rsolv.dev • © 2025\n    </p>\n    <p>\n      <a href=\"https://rsolv.dev/unsubscribe?email=newuser@example.com\">Unsubscribe</a> from these emails.\n    </p>\n  </div>\n</div>\n", text_body: "Welcome to RSOLV Early Access Program!\n\nHi Newuser,\n\nThank you for joining our Early Access Program! You're now part of an exclusive group getting first access to RSOLV.\n\nHere's what you need to know:\n- You have full access to all current features\n- Your feedback is incredibly valuable to us during this phase\n- You'll receive priority support via email\n\nTo get started with RSOLV:\n1. Your API key will be sent in a follow-up email within 24 hours\n2. Once you receive your API key, install our GitHub Action\n3. Set up your repository secrets with your API key\n4. Tag your first issues with \"AUTOFIX\"\n\n⏳ API KEY COMING SOON: We'll send your personal API key within 24 hours. Look for an email with subject \"Your RSOLV API Key\".\n\nNeed help? As an Early Access member, you have priority support - contact us at support@rsolv.dev and we'll personally assist you.\n\nYour trial includes unlimited automated fixes during the Early Access period.\n\nEARLY ACCESS PROGRAM BENEFITS:\n* Unlimited usage during Early Access\n* Priority support and feature requests\n* Exclusive pricing when we launch\n* Direct access to our development team\n\nBest,\nThe RSOLV Team\n\n---\nYou're receiving this email because you joined the RSOLV Early Access Program.\nIf you have any questions, simply reply to this email.\n\nRSOLV, Inc. • support@rsolv.dev\n\nTo unsubscribe, visit: https://rsolv.dev/unsubscribe?email=newuser@example.com\n", headers: %{"X-Postmark-Tag" => "early-access"}, attachments: [], assigns: %{}, private: %{tag: "early-access"}, blocked: false}

13:17:27.895 request_id=GGBS8JNvV0tKIFcAADSC [info] [EMAIL DEBUG] Raw Postmark response
13:17:27.895 request_id=GGBS8JNvV0tKIFcAADSC [info] [EMAIL] Email sent successfully via Postmark
13:17:27.895 request_id=GGBS8JNvV0tKIFcAADSC [info] [EMAIL SEQUENCE] EmailService.send_early_access_welcome_email returned
13:17:27.895 request_id=GGBS8JNvV0tKIFcAADSC [info] Attempting to tag subscriber
13:17:27.896 request_id=GGBS8JNvV0tKIFcAADSC [info] ConvertKit: Attempting to tag newuser@example.com with tag 7700607
13:17:27.896 request_id=GGBS8JNvV0tKIFcAADSC [info] ConvertKit: Successfully tagged newuser@example.com
13:17:27.896 request_id=GGBS8JNvV0tKIFcAADSC [info] [EmailWorker] schedule_sequence called
13:17:27.896 request_id=GGBS8JNvV0tKIFcAADSC [info] [EmailWorker] Found sequence
13:17:27.896 request_id=GGBS8JNvV0tKIFcAADSC [info] [EmailWorker] Processing email config
13:17:27.896 request_id=GGBS8JNvV0tKIFcAADSC [info] [EmailWorker] Skipping immediate email
13:17:27.896 request_id=GGBS8JNvV0tKIFcAADSC [info] [EmailWorker] Processing email config
13:17:27.896 request_id=GGBS8JNvV0tKIFcAADSC [info] [EmailWorker] Scheduling email
13:17:27.896 request_id=GGBS8JNvV0tKIFcAADSC [info] [EmailWorker] Creating Oban job
13:17:27.896 request_id=GGBS8JNvV0tKIFcAADSC [info] [EmailWorker] Job created
13:17:27.896 request_id=GGBS8JNvV0tKIFcAADSC [info] Processing scheduled email
13:17:27.896 request_id=GGBS8JNvV0tKIFcAADSC [error] Failed to send scheduled email
13:17:27.896 request_id=GGBS8JNvV0tKIFcAADSC [info] [EmailWorker] Insert result
13:17:27.896 request_id=GGBS8JNvV0tKIFcAADSC [info] [EmailWorker] Schedule result
13:17:27.896 request_id=GGBS8JNvV0tKIFcAADSC [info] [EmailWorker] Processing email config
13:17:27.896 request_id=GGBS8JNvV0tKIFcAADSC [info] [EmailWorker] Scheduling email
13:17:27.896 request_id=GGBS8JNvV0tKIFcAADSC [info] [EmailWorker] Creating Oban job
13:17:27.896 request_id=GGBS8JNvV0tKIFcAADSC [info] [EmailWorker] Job created
13:17:27.896 request_id=GGBS8JNvV0tKIFcAADSC [info] Processing scheduled email
13:17:27.896 request_id=GGBS8JNvV0tKIFcAADSC [info] [EMAIL DEBUG] Full email struct before sending
13:17:27.896 request_id=GGBS8JNvV0tKIFcAADSC [info] [EMAIL DEBUG] Extracted recipient email
13:17:27.896 request_id=GGBS8JNvV0tKIFcAADSC [info] [EMAIL DEBUG] Postmark configuration
13:17:27.896 request_id=GGBS8JNvV0tKIFcAADSC [info] [EMAIL DEBUG] Email configuration
13:17:27.896 request_id=GGBS8JNvV0tKIFcAADSC [info] [EMAIL] Attempting to send email via Postmark
13:17:27.896 request_id=GGBS8JNvV0tKIFcAADSC [debug] Sending email with Bamboo.TestAdapter:

%Bamboo.Email{from: {"RSOLV Team", "support@rsolv.dev"}, to: [nil: "newuser@example.com"], cc: [], bcc: [], subject: "Verify Your RSOLV Setup - Need Any Help?", html_body: "<!DOCTYPE html>\n<html lang=\"en\">\n<head>\n  <meta charset=\"UTF-8\">\n  <meta name=\"viewport\" content=\"width=device-width, initial-scale=1.0\">\n  <title>Verify Your RSOLV Setup</title>\n  <style>\n    @import url('https://fonts.googleapis.com/css2?family=Space+Grotesk:wght@300;400;500;700&display=swap');\n    \n    body {\n      font-family: 'Space Grotesk', -apple-system, BlinkMacSystemFont, \"Segoe UI\", Roboto, Helvetica, Arial, sans-serif;\n      line-height: 1.6;\n      color: #333;\n      max-width: 600px;\n      margin: 0 auto;\n      padding: 20px;\n      background-color: #f8f9fa;\n    }\n    .container {\n      background-color: #ffffff;\n      border-radius: 8px;\n      padding: 30px;\n      box-shadow: 0 4px 6px rgba(0, 0, 0, 0.05);\n    }\n    .logo {\n      text-align: center;\n      margin-bottom: 30px;\n    }\n    .logo img {\n      max-width: 200px;\n    }\n    h1, h2, h3 {\n      color: #10b981;\n    }\n    .checklist {\n      background-color: #f3f4f6;\n      padding: 20px;\n      border-radius: 8px;\n      margin: 20px 0;\n    }\n    .checklist-item {\n      display: flex;\n      align-items: center;\n      margin-bottom: 15px;\n    }\n    .checklist-item input[type=\"checkbox\"] {\n      margin-right: 10px;\n    }\n    .status-box {\n      background-color: #fff3cd;\n      border: 1px solid #ffeaa7;\n      padding: 15px;\n      border-radius: 8px;\n      margin: 20px 0;\n    }\n    .success-box {\n      background-color: #d4edda;\n      border: 1px solid #c3e6cb;\n      padding: 15px;\n      border-radius: 8px;\n      margin: 20px 0;\n    }\n    .code {\n      background-color: #2d3748;\n      color: #e2e8f0;\n      padding: 15px;\n      border-radius: 5px;\n      font-family: 'Courier New', monospace;\n      overflow-x: auto;\n      margin: 15px 0;\n    }\n    .cta {\n      background-color: #10b981;\n      color: white;\n      padding: 12px 24px;\n      border-radius: 5px;\n      display: inline-block;\n      text-decoration: none;\n      font-weight: bold;\n      margin: 20px 0;\n    }\n    .footer {\n      margin-top: 40px;\n      font-size: 14px;\n      color: #6b7280;\n      border-top: 1px solid #e5e7eb;\n      padding-top: 20px;\n      text-align: center;\n    }\n  </style>\n</head>\n<body>\n  <div class=\"container\">\n    <div class=\"logo\">\n      <img src=\"https://rsolv.dev/images/rsolv_logo_transparent.png\" alt=\"RSOLV Logo\">\n    </div>\n    \n    <h1>Let's Verify Your RSOLV Setup</h1>\n    \n    <p>Hi {@first_name},</p>\n    \n    <p>It's been a few days since you signed up for RSOLV. We want to make sure you're all set up and ready to benefit from automated security scanning and remediation!</p>\n    \n    <div class=\"checklist\">\n      <h3>Quick Setup Checklist:</h3>\n      <div class=\"checklist-item\">\n        <input type=\"checkbox\" disabled> Connected your repositories for security scanning\n      </div>\n      <div class=\"checklist-item\">\n        <input type=\"checkbox\" disabled> Added the GitHub Action workflow for automated fixes\n      </div>\n      <div class=\"checklist-item\">\n        <input type=\"checkbox\" disabled> Set up your RSOLV_API_KEY as a repository secret\n      </div>\n      <div class=\"checklist-item\">\n        <input type=\"checkbox\" disabled> Reviewed security issues found by RSOLV\n      </div>\n      <div class=\"checklist-item\">\n        <input type=\"checkbox\" disabled> Generated and merged your first security fix PR\n      </div>\n    </div>\n    \n    <h2>Need Help with Setup?</h2>\n    \n    <p>If you haven't completed setup yet, here's a quick reminder of the steps:</p>\n    \n    <div class=\"code\">\n# In .github/workflows/rsolv.yml:\nname: RSOLV Security Fixes\n\non:\n  issues:\n    types: [labeled]\n\njobs:\n  security-fix:\n    if: contains(github.event.issue.labels.*.name, 'rsolv:automate')\n    runs-on: ubuntu-latest\n    steps:\n      - uses: rsolv-dev/rsolv-action@v1\n        with:\n          github-token: ${\"{{ secrets.GITHUB_TOKEN }}\"}\n          rsolv-api-key: ${\"{{ secrets.RSOLV_API_KEY }}\"}\n    </div>\n    \n    <div class=\"status-box\">\n      <strong>🎁 Remember:</strong> Your first 10 fixes are completely free! No credit card required. After that, you only pay $15 per fix that gets deployed.\n   " <> ..., text_body: "Let's Verify Your RSOLV Setup\n\nHi Newuser,\n\nIt's been a few days since you signed up for RSOLV. We want to make sure you're all set up and ready to automate your issue resolution!\n\nQuick Setup Checklist:\n[ ] Added the GitHub Action workflow to your repository\n[ ] Set up your RSOLV_API_KEY as a repository secret\n[ ] Tagged your first issue with \"rsolv:automate\"\n[ ] Reviewed and merged your first automated PR\n\nNeed Help with Setup?\nIf you haven't completed setup yet, visit: https://rsolv.dev/docs/getting-started\n\nRemember: Your first 10 fixes are completely free! No credit card required. After that, you only pay $15 per fix that gets deployed.\n\nCommon Questions:\n- Where do I get my API key? Check your welcome email or visit your dashboard\n- Can I use RSOLV on private repos? Yes! RSOLV works with both public and private repositories\n- What types of issues can RSOLV fix? Bug fixes, security vulnerabilities, performance issues, and more\n- How secure is it? We analyze every fix for security vulnerabilities before creating PRs\n\nPro Tip: Start with a simple issue first - something like \"Fix typo in README\" or \"Update deprecated function calls\".\n\nReady to get started? Tag an issue with \"rsolv:automate\" and watch the magic happen!\n\nIf you're stuck or have questions, just reply to this email.\n\nBest regards,\nThe RSOLV Team\n\n---\nTo unsubscribe, visit: https://rsolv.dev/unsubscribe?email=newuser@example.com\n", headers: %{"X-Postmark-Tag" => "setup-verification"}, attachments: [], assigns: %{}, private: %{tag: "setup-verification"}, blocked: false}

13:17:27.896 request_id=GGBS8JNvV0tKIFcAADSC [info] [EMAIL DEBUG] Raw Postmark response
13:17:27.896 request_id=GGBS8JNvV0tKIFcAADSC [info] [EMAIL] Email sent successfully via Postmark
13:17:27.896 request_id=GGBS8JNvV0tKIFcAADSC [info] Successfully sent scheduled email
13:17:27.896 request_id=GGBS8JNvV0tKIFcAADSC [info] [EmailWorker] Insert result
13:17:27.896 request_id=GGBS8JNvV0tKIFcAADSC [info] [EmailWorker] Schedule result
13:17:27.896 request_id=GGBS8JNvV0tKIFcAADSC [info] [EmailWorker] Processing email config
13:17:27.896 request_id=GGBS8JNvV0tKIFcAADSC [info] [EmailWorker] Scheduling email
13:17:27.896 request_id=GGBS8JNvV0tKIFcAADSC [info] [EmailWorker] Creating Oban job
13:17:27.897 request_id=GGBS8JNvV0tKIFcAADSC [info] [EmailWorker] Job created
13:17:27.897 request_id=GGBS8JNvV0tKIFcAADSC [info] Processing scheduled email
13:17:27.897 request_id=GGBS8JNvV0tKIFcAADSC [info] [EMAIL DEBUG] Full email struct before sending
13:17:27.897 request_id=GGBS8JNvV0tKIFcAADSC [info] [EMAIL DEBUG] Extracted recipient email
13:17:27.897 request_id=GGBS8JNvV0tKIFcAADSC [info] [EMAIL DEBUG] Postmark configuration
13:17:27.897 request_id=GGBS8JNvV0tKIFcAADSC [info] [EMAIL DEBUG] Email configuration
13:17:27.897 request_id=GGBS8JNvV0tKIFcAADSC [info] [EMAIL] Attempting to send email via Postmark
13:17:27.897 request_id=GGBS8JNvV0tKIFcAADSC [debug] Sending email with Bamboo.TestAdapter:

%Bamboo.Email{from: {"RSOLV Team", "support@rsolv.dev"}, to: [nil: "newuser@example.com"], cc: [], bcc: [], subject: "Advanced RSOLV Features You Might Have Missed", html_body: "<!DOCTYPE html>\n<html lang=\"en\">\n<head>\n  <meta charset=\"UTF-8\">\n  <meta name=\"viewport\" content=\"width=device-width, initial-scale=1.0\">\n  <title>Advanced RSOLV Features</title>\n  <style>\n    @import url('https://fonts.googleapis.com/css2?family=Space+Grotesk:wght@300;400;500;700&display=swap');\n    \n    body {\n      font-family: 'Space Grotesk', -apple-system, BlinkMacSystemFont, \"Segoe UI\", Roboto, Helvetica, Arial, sans-serif;\n      line-height: 1.6;\n      color: #333;\n      max-width: 600px;\n      margin: 0 auto;\n      padding: 20px;\n      background-color: #f8f9fa;\n    }\n    .container {\n      background-color: #ffffff;\n      border-radius: 8px;\n      padding: 30px;\n      box-shadow: 0 4px 6px rgba(0, 0, 0, 0.05);\n    }\n    .logo {\n      text-align: center;\n      margin-bottom: 30px;\n    }\n    .logo img {\n      max-width: 200px;\n    }\n    h1, h2, h3 {\n      color: #10b981;\n    }\n    .feature-card {\n      background-color: #f3f4f6;\n      padding: 20px;\n      border-radius: 8px;\n      margin-bottom: 20px;\n      border-left: 4px solid #10b981;\n    }\n    .feature-card h3 {\n      margin-top: 0;\n    }\n    .code {\n      background-color: #2d3748;\n      color: #e2e8f0;\n      padding: 15px;\n      border-radius: 5px;\n      font-family: 'Courier New', monospace;\n      overflow-x: auto;\n      margin: 15px 0;\n      font-size: 14px;\n    }\n    .pro-tip {\n      background-color: #fff3cd;\n      border: 1px solid #ffeaa7;\n      padding: 15px;\n      border-radius: 8px;\n      margin: 20px 0;\n    }\n    .security-highlight {\n      background-color: #d4edda;\n      border: 1px solid #c3e6cb;\n      padding: 15px;\n      border-radius: 8px;\n      margin: 20px 0;\n    }\n    .cta {\n      background-color: #10b981;\n      color: white;\n      padding: 12px 24px;\n      border-radius: 5px;\n      display: inline-block;\n      text-decoration: none;\n      font-weight: bold;\n      margin: 20px 0;\n    }\n    .footer {\n      margin-top: 40px;\n      font-size: 14px;\n      color: #6b7280;\n      border-top: 1px solid #e5e7eb;\n      padding-top: 20px;\n      text-align: center;\n    }\n  </style>\n</head>\n<body>\n  <div class=\"container\">\n    <div class=\"logo\">\n      <img src=\"https://rsolv.dev/images/rsolv_logo_transparent.png\" alt=\"RSOLV Logo\">\n    </div>\n    \n    <h1>Unlock the Full Power of RSOLV</h1>\n    \n    <p>Hi {@first_name},</p>\n    \n    <p>You've been using RSOLV for a few days now. Here are some advanced features and techniques that can help you get even more value from automated security scanning and vulnerability remediation:</p>\n    \n    <div class=\"feature-card\">\n      <h3>🎯 Understanding RSOLV's Proactive Scanning</h3>\n      <p>RSOLV continuously scans your repositories for security vulnerabilities and automatically creates issues with detailed remediation plans:</p>\n      <ul>\n        <li><strong>Automated detection:</strong> Scans all files for 180+ vulnerability patterns (and growing)</li>\n        <li><strong>Smart grouping:</strong> Groups similar issues for efficient review</li>\n        <li><strong>Detailed reports:</strong> Shows exact file locations and vulnerable code</li>\n        <li><strong>Fix generation:</strong> Creates secure PRs that address root causes</li>\n      </ul>\n    </div>\n    \n    <div class=\"feature-card\">\n      <h3>🔒 Comprehensive Security Coverage</h3>\n      <p>RSOLV proactively detects and fixes these vulnerability types across your codebase:</p>\n      <ul>\n        <li>SQL/NoSQL injection vulnerabilities</li>\n        <li>Cross-site scripting (XSS) risks</li>\n        <li>Authentication/authorization flaws</li>\n        <li>Insecure cryptographic implementations</li>\n        <li>Hardcoded secrets and API keys</li>\n        <li>Path traversal and open redirects</li>\n        <li>Insecure dependencies and configurations</li>\n      </ul>\n      <p>Each PR includes a detailed security impact assessment and verification tests.</p>\n    </div>\n    \n    <div class=\"security-highlight\">\n      <strong>🛡️ Security Example:</strong> When RSOLV detects unsafe user input handling, it automatically generates fixes with proper sanitization, p" <> ..., text_body: "Unlock the Full Power of RSOLV\n\nHi Newuser,\n\nYou've been using RSOLV for a few days now. Here are some advanced features and techniques:\n\n1. Writing Better Issues for Better Fixes:\n   - Include error messages: Copy the full stack trace\n   - Specify the file/function: \"Fix pagination in UserList.js\"\n   - Describe expected behavior: \"Should show 10 users per page\"\n   - Add context: \"This broke after upgrading to React 18\"\n\n2. Security-First Fixes:\n   RSOLV automatically scans for:\n   - SQL injection vulnerabilities\n   - Cross-site scripting (XSS) risks\n   - Authentication/authorization issues\n   - Insecure dependencies\n   - Hardcoded secrets or API keys\n\n3. Batch Processing:\n   Tag multiple issues with \"rsolv:automate\" and RSOLV creates separate PRs for each.\n\n4. Customizing RSOLV Behavior:\n   Add these tags to your issues:\n   - [performance] - Optimize for speed\n   - [security] - Extra security focus\n   - [minimal] - Smallest possible change\n   - [refactor] - Clean up while fixing\n\nComing Soon:\n- Support for more languages (Go, Rust, PHP)\n- Custom fix preferences per repository\n- Team collaboration features\n- Integration with more platforms\n\nHave a feature request? Just reply to this email!\n\nView advanced documentation: https://rsolv.dev/docs/advanced\n\nBest regards,\nThe RSOLV Team\n\n---\nTo unsubscribe, visit: https://rsolv.dev/unsubscribe?email=newuser@example.com\n", headers: %{"X-Postmark-Tag" => "feature-deep-dive"}, attachments: [], assigns: %{}, private: %{tag: "feature-deep-dive"}, blocked: false}

13:17:27.897 request_id=GGBS8JNvV0tKIFcAADSC [info] [EMAIL DEBUG] Raw Postmark response
13:17:27.897 request_id=GGBS8JNvV0tKIFcAADSC [info] [EMAIL] Email sent successfully via Postmark
13:17:27.897 request_id=GGBS8JNvV0tKIFcAADSC [info] Successfully sent scheduled email
13:17:27.897 request_id=GGBS8JNvV0tKIFcAADSC [info] [EmailWorker] Insert result
13:17:27.897 request_id=GGBS8JNvV0tKIFcAADSC [info] [EmailWorker] Schedule result
13:17:27.897 request_id=GGBS8JNvV0tKIFcAADSC [info] [EmailWorker] Processing email config
13:17:27.897 request_id=GGBS8JNvV0tKIFcAADSC [info] [EmailWorker] Scheduling email
13:17:27.897 request_id=GGBS8JNvV0tKIFcAADSC [info] [EmailWorker] Creating Oban job
13:17:27.897 request_id=GGBS8JNvV0tKIFcAADSC [info] [EmailWorker] Job created
13:17:27.897 request_id=GGBS8JNvV0tKIFcAADSC [info] Processing scheduled email
13:17:27.897 request_id=GGBS8JNvV0tKIFcAADSC [info] [EMAIL DEBUG] Full email struct before sending
13:17:27.897 request_id=GGBS8JNvV0tKIFcAADSC [info] [EMAIL DEBUG] Extracted recipient email
13:17:27.897 request_id=GGBS8JNvV0tKIFcAADSC [info] [EMAIL DEBUG] Postmark configuration
13:17:27.897 request_id=GGBS8JNvV0tKIFcAADSC [info] [EMAIL DEBUG] Email configuration
13:17:27.897 request_id=GGBS8JNvV0tKIFcAADSC [info] [EMAIL] Attempting to send email via Postmark
13:17:27.897 request_id=GGBS8JNvV0tKIFcAADSC [debug] Sending email with Bamboo.TestAdapter:

%Bamboo.Email{from: {"RSOLV Team", "support@rsolv.dev"}, to: [nil: "newuser@example.com"], cc: [], bcc: [], subject: "How's Your Experience with RSOLV?", html_body: "<!DOCTYPE html>\n<html lang=\"en\">\n<head>\n  <meta charset=\"UTF-8\">\n  <meta name=\"viewport\" content=\"width=device-width, initial-scale=1.0\">\n  <title>How's Your RSOLV Experience?</title>\n  <style>\n    @import url('https://fonts.googleapis.com/css2?family=Space+Grotesk:wght@300;400;500;700&display=swap');\n    \n    body {\n      font-family: 'Space Grotesk', -apple-system, BlinkMacSystemFont, \"Segoe UI\", Roboto, Helvetica, Arial, sans-serif;\n      line-height: 1.6;\n      color: #333;\n      max-width: 600px;\n      margin: 0 auto;\n      padding: 20px;\n      background-color: #f8f9fa;\n    }\n    .container {\n      background-color: #ffffff;\n      border-radius: 8px;\n      padding: 30px;\n      box-shadow: 0 4px 6px rgba(0, 0, 0, 0.05);\n    }\n    .logo {\n      text-align: center;\n      margin-bottom: 30px;\n    }\n    .logo img {\n      max-width: 200px;\n    }\n    h1, h2, h3 {\n      color: #10b981;\n    }\n    .survey-card {\n      background-color: #f3f4f6;\n      padding: 20px;\n      border-radius: 8px;\n      margin: 20px 0;\n      text-align: center;\n    }\n    .rating-container {\n      display: flex;\n      justify-content: center;\n      gap: 10px;\n      margin: 20px 0;\n    }\n    .rating-box {\n      width: 40px;\n      height: 40px;\n      border: 2px solid #10b981;\n      border-radius: 8px;\n      display: flex;\n      align-items: center;\n      justify-content: center;\n      text-decoration: none;\n      color: #10b981;\n      font-weight: bold;\n      transition: all 0.3s ease;\n    }\n    .rating-box:hover {\n      background-color: #10b981;\n      color: white;\n    }\n    .question-box {\n      background-color: #f9fafb;\n      padding: 20px;\n      border-radius: 8px;\n      margin: 20px 0;\n      border-left: 4px solid #10b981;\n    }\n    .success-story {\n      background-color: #d4edda;\n      border: 1px solid #c3e6cb;\n      padding: 15px;\n      border-radius: 8px;\n      margin: 20px 0;\n    }\n    .cta {\n      background-color: #10b981;\n      color: white;\n      padding: 12px 24px;\n      border-radius: 5px;\n      display: inline-block;\n      text-decoration: none;\n      font-weight: bold;\n      margin: 20px 0;\n    }\n    .cta-secondary {\n      background-color: #6b7280;\n      color: white;\n      padding: 12px 24px;\n      border-radius: 5px;\n      display: inline-block;\n      text-decoration: none;\n      font-weight: bold;\n      margin: 20px 0;\n    }\n    .footer {\n      margin-top: 40px;\n      font-size: 14px;\n      color: #6b7280;\n      border-top: 1px solid #e5e7eb;\n      padding-top: 20px;\n      text-align: center;\n    }\n  </style>\n</head>\n<body>\n  <div class=\"container\">\n    <div class=\"logo\">\n      <img src=\"https://rsolv.dev/images/rsolv_logo_transparent.png\" alt=\"RSOLV Logo\">\n    </div>\n    \n    <h1>Quick Check-In: How's RSOLV Working for You?</h1>\n    \n    <p>Hi {@first_name},</p>\n    \n    <p>You've been using RSOLV for a week now, and we'd love to hear about your experience! Your feedback helps us make RSOLV better for everyone.</p>\n    \n    <div class=\"survey-card\">\n      <h3>How likely are you to recommend RSOLV to a colleague?</h3>\n      <p>Click a number below:</p>\n      <div class=\"rating-container\">\n        <a href=\"https://rsolv.dev/feedback?rating=1&email={@email}\" class=\"rating-box\">1</a>\n        <a href=\"https://rsolv.dev/feedback?rating=2&email={@email}\" class=\"rating-box\">2</a>\n        <a href=\"https://rsolv.dev/feedback?rating=3&email={@email}\" class=\"rating-box\">3</a>\n        <a href=\"https://rsolv.dev/feedback?rating=4&email={@email}\" class=\"rating-box\">4</a>\n        <a href=\"https://rsolv.dev/feedback?rating=5&email={@email}\" class=\"rating-box\">5</a>\n        <a href=\"https://rsolv.dev/feedback?rating=6&email={@email}\" class=\"rating-box\">6</a>\n        <a href=\"https://rsolv.dev/feedback?rating=7&email={@email}\" class=\"rating-box\">7</a>\n        <a href=\"https://rsolv.dev/feedback?rating=8&email={@email}\" class=\"rating-box\">8</a>\n        <a href=\"https://rsolv.dev/feedback?rating=9&email={@email}\" class=\"rating-box\">9</a>\n        <a href=\"https://rsolv.dev/feedback?rating=10&email={@email}\" class=\"rating-box\">10</a>\n      </div>\n" <> ..., text_body: "Quick Check-In: How's RSOLV Working for You?\n\nHi Newuser,\n\nYou've been using RSOLV for a week now, and we'd love to hear about your experience!\n\nHow likely are you to recommend RSOLV to a colleague?\nRate us from 1-10: https://rsolv.dev/feedback?email=newuser@example.com\n\nThree Quick Questions:\n1. What's been your favorite RSOLV fix so far?\n2. What feature would you like to see next?\n3. Any challenges or friction points?\n\nJust hit reply and share your thoughts - we read every response!\n\nDid You Know?\nHere are some ways other teams are using RSOLV:\n- Security audits: Tag all security-related issues for automated fixes\n- Tech debt cleanup: Fix deprecated function calls across the codebase\n- Onboarding tool: Let new devs see how fixes should be implemented\n- Weekend warrior: Queue up fixes on Friday, review on Monday\n\nThanks for being an early adopter!\n\nBest regards,\nDylan & The RSOLV Team\n\nP.S. If RSOLV has saved you time this week, we'd love to hear about it!\n\n---\nTo unsubscribe, visit: https://rsolv.dev/unsubscribe?email=newuser@example.com\n", headers: %{"X-Postmark-Tag" => "feedback-request"}, attachments: [], assigns: %{}, private: %{tag: "feedback-request"}, blocked: false}

13:17:27.898 request_id=GGBS8JNvV0tKIFcAADSC [info] [EMAIL DEBUG] Raw Postmark response
13:17:27.898 request_id=GGBS8JNvV0tKIFcAADSC [info] [EMAIL] Email sent successfully via Postmark
13:17:27.898 request_id=GGBS8JNvV0tKIFcAADSC [info] Successfully sent scheduled email
13:17:27.898 request_id=GGBS8JNvV0tKIFcAADSC [info] [EmailWorker] Insert result
13:17:27.898 request_id=GGBS8JNvV0tKIFcAADSC [info] [EmailWorker] Schedule result
13:17:27.898 request_id=GGBS8JNvV0tKIFcAADSC [info] [EmailWorker] Processing email config
13:17:27.898 request_id=GGBS8JNvV0tKIFcAADSC [info] [EmailWorker] Scheduling email
13:17:27.898 request_id=GGBS8JNvV0tKIFcAADSC [info] [EmailWorker] Creating Oban job
13:17:27.898 request_id=GGBS8JNvV0tKIFcAADSC [info] [EmailWorker] Job created
13:17:27.898 request_id=GGBS8JNvV0tKIFcAADSC [info] Processing scheduled email
13:17:27.898 request_id=GGBS8JNvV0tKIFcAADSC [info] [EMAIL DEBUG] Full email struct before sending
13:17:27.898 request_id=GGBS8JNvV0tKIFcAADSC [info] [EMAIL DEBUG] Extracted recipient email
13:17:27.898 request_id=GGBS8JNvV0tKIFcAADSC [info] [EMAIL DEBUG] Postmark configuration
13:17:27.898 request_id=GGBS8JNvV0tKIFcAADSC [info] [EMAIL DEBUG] Email configuration
13:17:27.898 request_id=GGBS8JNvV0tKIFcAADSC [info] [EMAIL] Attempting to send email via Postmark
13:17:27.898 request_id=GGBS8JNvV0tKIFcAADSC [debug] Sending email with Bamboo.TestAdapter:

%Bamboo.Email{from: {"RSOLV Team", "support@rsolv.dev"}, to: [nil: "newuser@example.com"], cc: [], bcc: [], subject: "Your RSOLV Success Report", html_body: "<!DOCTYPE html>\n<html lang=\"en\">\n<head>\n  <meta charset=\"UTF-8\">\n  <meta name=\"viewport\" content=\"width=device-width, initial-scale=1.0\">\n  <title>Your RSOLV Success Report</title>\n  <style>\n    @import url('https://fonts.googleapis.com/css2?family=Space+Grotesk:wght@300;400;500;700&display=swap');\n    \n    body {\n      font-family: 'Space Grotesk', -apple-system, BlinkMacSystemFont, \"Segoe UI\", Roboto, Helvetica, Arial, sans-serif;\n      line-height: 1.6;\n      color: #333;\n      max-width: 600px;\n      margin: 0 auto;\n      padding: 20px;\n      background-color: #f8f9fa;\n    }\n    .container {\n      background-color: #ffffff;\n      border-radius: 8px;\n      padding: 30px;\n      box-shadow: 0 4px 6px rgba(0, 0, 0, 0.05);\n    }\n    .logo {\n      text-align: center;\n      margin-bottom: 30px;\n    }\n    .logo img {\n      max-width: 200px;\n    }\n    h1, h2, h3 {\n      color: #10b981;\n    }\n    .stats-grid {\n      display: grid;\n      grid-template-columns: 1fr 1fr;\n      gap: 20px;\n      margin: 30px 0;\n    }\n    .stat-card {\n      background-color: #f3f4f6;\n      padding: 20px;\n      border-radius: 8px;\n      text-align: center;\n      border-top: 4px solid #10b981;\n    }\n    .stat-number {\n      font-size: 36px;\n      font-weight: bold;\n      color: #10b981;\n      margin: 10px 0;\n    }\n    .stat-label {\n      color: #6b7280;\n      font-size: 14px;\n    }\n    .achievement-banner {\n      background: linear-gradient(135deg, #10b981 0%, #059669 100%);\n      color: white;\n      padding: 20px;\n      border-radius: 8px;\n      text-align: center;\n      margin: 20px 0;\n    }\n    .timeline {\n      margin: 30px 0;\n    }\n    .timeline-item {\n      display: flex;\n      margin-bottom: 20px;\n      align-items: flex-start;\n    }\n    .timeline-marker {\n      width: 40px;\n      height: 40px;\n      background-color: #10b981;\n      color: white;\n      border-radius: 50%;\n      display: flex;\n      align-items: center;\n      justify-content: center;\n      flex-shrink: 0;\n      margin-right: 15px;\n    }\n    .timeline-content {\n      flex-grow: 1;\n    }\n    .pricing-highlight {\n      background-color: #fff3cd;\n      border: 1px solid #ffeaa7;\n      padding: 20px;\n      border-radius: 8px;\n      margin: 20px 0;\n      text-align: center;\n    }\n    .cta {\n      background-color: #10b981;\n      color: white;\n      padding: 12px 24px;\n      border-radius: 5px;\n      display: inline-block;\n      text-decoration: none;\n      font-weight: bold;\n      margin: 20px 0;\n    }\n    .cta-secondary {\n      background-color: #2563eb;\n      color: white;\n      padding: 12px 24px;\n      border-radius: 5px;\n      display: inline-block;\n      text-decoration: none;\n      font-weight: bold;\n      margin: 20px 0;\n    }\n    .footer {\n      margin-top: 40px;\n      font-size: 14px;\n      color: #6b7280;\n      border-top: 1px solid #e5e7eb;\n      padding-top: 20px;\n      text-align: center;\n    }\n    @media (max-width: 600px) {\n      .stats-grid {\n        grid-template-columns: 1fr;\n      }\n    }\n  </style>\n</head>\n<body>\n  <div class=\"container\">\n    <div class=\"logo\">\n      <img src=\"https://rsolv.dev/images/rsolv_logo_transparent.png\" alt=\"RSOLV Logo\">\n    </div>\n    \n    <h1>Your 2-Week RSOLV Success Report 🎉</h1>\n    \n    <p>Hi {@first_name},</p>\n    \n    <p>Congratulations! You've been using RSOLV for two weeks. Here's a snapshot of what we've accomplished together:</p>\n    \n    <div class=\"stats-grid\">\n      <div class=\"stat-card\">\n        <div class=\"stat-label\">Issues Fixed</div>\n        <div class=\"stat-number\">{Map.get(@usage_stats || %{}, :issues_fixed, 0)}</div>\n      </div>\n      <div class=\"stat-card\">\n        <div class=\"stat-label\">PRs Created</div>\n        <div class=\"stat-number\">{Map.get(@usage_stats || %{}, :prs_created, 0)}</div>\n      </div>\n      <div class=\"stat-card\">\n        <div class=\"stat-label\">Time Saved</div>\n        <div class=\"stat-number\">{Map.get(@usage_stats || %{}, :time_saved, \"0 hrs\")}</div>\n      </div>\n      <div class=\"stat-card\">\n        <div class=\"stat-label\">Security Issues Found</div>\n        <div class=\"stat-number\">{Map.ge" <> ..., text_body: "Your 2-Week RSOLV Success Report\n\nHi Newuser,\n\nCongratulations! You've been using RSOLV for two weeks. Here's what we've accomplished together:\n\nYour Stats:\n- Issues Fixed: Check your dashboard\n- PRs Created: Check your dashboard\n- Time Saved: Check your dashboard\n- Security Issues Found: Check your dashboard\n\nYour Trial Status:\nCheck how many free fixes you have remaining at: https://rsolv.dev/dashboard\n\nWhat's Next?\n- Expand to more repositories\n- Automate security audits\n- Clean up tech debt\n- Train your team\n\nNeed Help Scaling Up?\nI'd love to help you get even more value from RSOLV:\n- Schedule a 15-minute optimization call\n- Get best practices for your specific tech stack\n- Learn about volume discounts for teams\n\nJust reply to this email and let me know how I can help!\n\nThanks for being part of the RSOLV community.\n\nBest regards,\nDylan Fitzgerald\nFounder, RSOLV\n\nP.S. If RSOLV has been valuable to your team, I'd be grateful if you could share a quick testimonial.\n\n---\nTo unsubscribe, visit: https://rsolv.dev/unsubscribe?email=newuser@example.com\n", headers: %{"X-Postmark-Tag" => "success-checkin"}, attachments: [], assigns: %{}, private: %{tag: "success-checkin"}, blocked: false}

13:17:27.898 request_id=GGBS8JNvV0tKIFcAADSC [info] [EMAIL DEBUG] Raw Postmark response
13:17:27.898 request_id=GGBS8JNvV0tKIFcAADSC [info] [EMAIL] Email sent successfully via Postmark
13:17:27.898 request_id=GGBS8JNvV0tKIFcAADSC [info] Successfully sent scheduled email
13:17:27.898 request_id=GGBS8JNvV0tKIFcAADSC [info] [EmailWorker] Insert result
13:17:27.898 request_id=GGBS8JNvV0tKIFcAADSC [info] [EmailWorker] Schedule result
13:17:27.898 request_id=GGBS8JNvV0tKIFcAADSC [info] [PAGE CONTROLLER] EmailSequence.start_early_access_onboarding_sequence returned
13:17:27.898 request_id=GGBS8JNvV0tKIFcAADSC [debug] Sending email with Bamboo.TestAdapter:

%Bamboo.Email{from: {"RSOLV Team", "support@rsolv.dev"}, to: [nil: "admin@rsolv.dev"], cc: [], bcc: [], subject: "🎉 New RSOLV Signup: newuser@example.com", html_body: "<!DOCTYPE html>\n<html>\n<head>\n  <meta charset=\"utf-8\">\n  <style>\n    body { font-family: -apple-system, BlinkMacSystemFont, 'Segoe UI', Roboto, sans-serif; line-height: 1.6; color: #333; }\n    .container { max-width: 600px; margin: 0 auto; padding: 20px; }\n    .header { background: #10b981; color: white; padding: 20px; border-radius: 8px 8px 0 0; }\n    .content { background: #f9fafb; padding: 20px; border: 1px solid #e5e7eb; border-radius: 0 0 8px 8px; }\n    .metric { display: inline-block; margin: 10px 20px 10px 0; }\n    .metric-label { font-size: 12px; color: #6b7280; text-transform: uppercase; }\n    .metric-value { font-size: 18px; font-weight: bold; color: #111827; }\n    .details { background: white; padding: 15px; border-radius: 4px; margin: 15px 0; }\n    .detail-row { display: flex; justify-content: space-between; padding: 8px 0; border-bottom: 1px solid #f3f4f6; }\n    .detail-row:last-child { border-bottom: none; }\n    .detail-label { font-weight: 500; color: #6b7280; }\n    .detail-value { color: #111827; }\n    .utm-badge { display: inline-block; background: #dbeafe; color: #1e40af; padding: 2px 8px; border-radius: 4px; font-size: 12px; margin-left: 4px; }\n  </style>\n</head>\n<body>\n  <div class=\"container\">\n    <div class=\"header\">\n      <h1 style=\"margin: 0; font-size: 24px;\">🎉 New RSOLV Signup!</h1>\n      <p style=\"margin: 5px 0 0 0; opacity: 0.9;\">August 29, 2025 at 07:17 PM UTC</p>\n    </div>\n    \n    <div class=\"content\">\n      <div class=\"metric\">\n        <div class=\"metric-label\">Email</div>\n        <div class=\"metric-value\">newuser@example.com</div>\n      </div>\n      \n      <div class=\"metric\">\n              <div class=\"metric-label\">Company</div>\n              <div class=\"metric-value\">Test Corp</div>\n            </div>\n      \n      <div class=\"details\">\n        <h3 style=\"margin-top: 0;\">Signup Details</h3>\n        \n        <div class=\"detail-row\">\n          <span class=\"detail-label\">Source</span>\n          <span class=\"detail-value\">\n            landing_page\n            <span class=\"utm-badge\">twitter</span>\n          </span>\n        </div>\n        \n        <div class=\"detail-row\">\n                <span class=\"detail-label\">Medium</span>\n                <span class=\"detail-value\">social</span>\n              </div>\n        \n        <div class=\"detail-row\">\n                <span class=\"detail-label\">Campaign</span>\n                <span class=\"detail-value\">launch</span>\n              </div>\n        \n        \n      </div>\n      \n      <div style=\"margin-top: 20px; text-align: center;\">\n        <a href=\"https://rsolv.dev/live/dashboard\" style=\"display: inline-block; background: #10b981; color: white; padding: 10px 20px; text-decoration: none; border-radius: 4px;\">\n          View Dashboard\n        </a>\n      </div>\n    </div>\n  </div>\n</body>\n</html>\n", text_body: "🎉 New RSOLV Signup!\n\nEmail: newuser@example.com\nCompany: Test Corp\n\nTime: August 29, 2025 at 07:17 PM UTC\n\nSource Details:\n- Source: landing_page\n- UTM Source: twitter\n\n- UTM Medium: social\n\n- UTM Campaign: launch\n\n\n\nView full dashboard: https://rsolv.dev/live/dashboard\n", headers: %{"Message-ID" => "<1756495047.848810@rsolv.dev>", "X-Postmark-Tag" => "admin-notification", "X-Priority" => "1"}, attachments: [], assigns: %{}, private: %{tag: "admin-notification"}, blocked: false}

13:17:27.898 request_id=GGBS8JNvV0tKIFcAADSC [info] Admin notification sent for new signup
13:17:27.898 request_id=GGBS8JNvV0tKIFcAADSC [info] Sent 302 in 5ms
.13:17:27.899 [debug] QUERY OK source="fun_with_flags_toggles" db=0.1ms
INSERT INTO "fun_with_flags_toggles" AS f0 ("enabled","target","flag_name","gate_type") VALUES ($1,$2,$3,$4) ON CONFLICT ("flag_name","gate_type","target") DO UPDATE SET "enabled" = $5 RETURNING "id" [true, "_fwf_none", "early_access_signup", "boolean", true]
13:17:27.899 [debug] QUERY OK source="fun_with_flags_toggles" db=0.1ms
SELECT f0."id", f0."flag_name", f0."gate_type", f0."target", f0."enabled" FROM "fun_with_flags_toggles" AS f0 WHERE (f0."flag_name" = $1) ["early_access_signup"]
13:17:27.899 [debug] Telemetry event: [:fun_with_flags, :persistence, :write], metadata: %{flag_name: :early_access_signup, gate: %FunWithFlags.Gate{type: :boolean, for: nil, enabled: true}}, measurements: %{system_time: 1756495047899791930}
13:17:27.900 [debug] QUERY OK source="fun_with_flags_toggles" db=0.2ms
INSERT INTO "fun_with_flags_toggles" AS f0 ("enabled","target","flag_name","gate_type") VALUES ($1,$2,$3,$4) ON CONFLICT ("flag_name","gate_type","target") DO UPDATE SET "enabled" = $5 RETURNING "id" [true, "_fwf_none", "welcome_email_sequence", "boolean", true]
13:17:27.900 [debug] QUERY OK source="fun_with_flags_toggles" db=0.1ms
SELECT f0."id", f0."flag_name", f0."gate_type", f0."target", f0."enabled" FROM "fun_with_flags_toggles" AS f0 WHERE (f0."flag_name" = $1) ["welcome_email_sequence"]
13:17:27.900 [debug] Telemetry event: [:fun_with_flags, :persistence, :write], metadata: %{flag_name: :welcome_email_sequence, gate: %FunWithFlags.Gate{type: :boolean, for: nil, enabled: true}}, measurements: %{system_time: 1756495047900339324}
13:17:27.900 request_id=GGBS8JPWeQnFTPsAADKF [info] POST /early-access
13:17:27.900 request_id=GGBS8JPWeQnFTPsAADKF [debug] Processing with RsolvWeb.PageController.submit_early_access/2
  Parameters: %{"email" => "utm@example.com", "utm_campaign" => "beta_launch", "utm_medium" => "forum", "utm_source" => "hackernews"}
  Pipelines: [:browser]
13:17:27.900 request_id=GGBS8JPWeQnFTPsAADKF [debug] QUERY OK source="fun_with_flags_toggles" db=0.0ms
SELECT f0."id", f0."flag_name", f0."gate_type", f0."target", f0."enabled" FROM "fun_with_flags_toggles" AS f0 WHERE (f0."flag_name" = $1) ["early_access_signup"]
13:17:27.900 request_id=GGBS8JPWeQnFTPsAADKF [debug] Telemetry event: [:fun_with_flags, :persistence, :read], metadata: %{flag_name: :early_access_signup, gate: nil}, measurements: %{system_time: 1756495047900702110}
13:17:27.900 request_id=GGBS8JPWeQnFTPsAADKF [debug] Extracted UTM parameters: %{utm_source: "hackernews", utm_medium: "forum", utm_campaign: "beta_launch"}
13:17:27.900 request_id=GGBS8JPWeQnFTPsAADKF [info] Analytics event tracked
13:17:27.901 request_id=GGBS8JPWeQnFTPsAADKF [debug] QUERY OK db=0.1ms
SELECT create_analytics_partition_if_not_exists($1::date) [~D[2025-08-29]]
13:17:27.901 request_id=GGBS8JPWeQnFTPsAADKF [debug] QUERY OK source="analytics_events" db=0.1ms
INSERT INTO "analytics_events" ("metadata","event_type","utm_source","utm_medium","utm_campaign","visitor_id","page_path","referrer","inserted_at","updated_at") VALUES ($1,$2,$3,$4,$5,$6,$7,$8,$9,$10) RETURNING "id" [%{status: "submit", os: "unknown", form_id: "early-access", browser: "unknown", utm_source_platform: nil, utm_source_campaign: nil, utm_source_content: nil, device_type: "unknown"}, "form_submit", "hackernews", "forum", "beta_launch", "d80582038be35944614d96aa6a639117", "/early-access", "https://twitter.com/some_post", ~N[2025-08-29 19:17:27], ~N[2025-08-29 19:17:27]]
13:17:27.901 request_id=GGBS8JPWeQnFTPsAADKF [info] Form submission received
13:17:27.901 request_id=GGBS8JPWeQnFTPsAADKF [info] Valid email received for processing: utm@example.com, validation passed
13:17:27.901 request_id=GGBS8JPWeQnFTPsAADKF [debug] Extracted UTM parameters: %{utm_source: "hackernews", utm_medium: "forum", utm_campaign: "beta_launch"}
13:17:27.901 request_id=GGBS8JPWeQnFTPsAADKF [debug] QUERY OK source="early_access_signups" db=0.0ms
INSERT INTO "early_access_signups" ("name","email","utm_source","utm_medium","utm_campaign","referral_source","inserted_at") VALUES ($1,$2,$3,$4,$5,$6,$7) RETURNING "id" ["Utm", "utm@example.com", "hackernews", "forum", "beta_launch", "landing_page", ~N[2025-08-29 19:17:27]]
13:17:27.901 request_id=GGBS8JPWeQnFTPsAADKF [debug] QUERY OK source="early_access_signups" db=0.0ms
SELECT count(e0."id") FROM "early_access_signups" AS e0 []
13:17:27.901 request_id=GGBS8JPWeQnFTPsAADKF [info] Successfully saved signup to database
13:17:27.901 request_id=GGBS8JPWeQnFTPsAADKF [info] ConvertKit API key present: true
13:17:27.901 request_id=GGBS8JPWeQnFTPsAADKF [info] ConvertKit API request successful
13:17:27.901 request_id=GGBS8JPWeQnFTPsAADKF [info] ConvertKit: Successfully added subscriber
13:17:27.901 request_id=GGBS8JPWeQnFTPsAADKF [info] Analytics event tracked
13:17:27.901 request_id=GGBS8JPWeQnFTPsAADKF [debug] QUERY OK db=0.0ms
SELECT create_analytics_partition_if_not_exists($1::date) [~D[2025-08-29]]
13:17:27.902 request_id=GGBS8JPWeQnFTPsAADKF [debug] QUERY OK source="analytics_events" db=0.1ms
INSERT INTO "analytics_events" ("metadata","event_type","utm_source","utm_medium","utm_campaign","visitor_id","page_path","referrer","inserted_at","updated_at") VALUES ($1,$2,$3,$4,$5,$6,$7,$8,$9,$10) RETURNING "id" [%{status: "success", os: "unknown", source: "landing_page", form_id: "early-access", browser: "unknown", utm_source_platform: nil, utm_source_campaign: nil, utm_source_content: nil, device_type: "unknown", conversion_type: "early_access_signup", email_domain: "example.com"}, "form_success", "hackernews", "forum", "beta_launch", "d80582038be35944614d96aa6a639117", "/early-access", "https://twitter.com/some_post", ~N[2025-08-29 19:17:27], ~N[2025-08-29 19:17:27]]
13:17:27.902 request_id=GGBS8JPWeQnFTPsAADKF [info] Analytics event tracked
13:17:27.902 request_id=GGBS8JPWeQnFTPsAADKF [debug] QUERY OK db=0.1ms queue=0.1ms
SELECT create_analytics_partition_if_not_exists($1::date) [~D[2025-08-29]]
13:17:27.902 request_id=GGBS8JPWeQnFTPsAADKF [debug] QUERY OK source="analytics_events" db=0.0ms
INSERT INTO "analytics_events" ("metadata","event_type","utm_source","utm_medium","utm_campaign","visitor_id","page_path","referrer","inserted_at","updated_at") VALUES ($1,$2,$3,$4,$5,$6,$7,$8,$9,$10) RETURNING "id" [%{os: "unknown", source: "landing_page", form_id: "early-access", browser: "unknown", utm_source_platform: nil, utm_source_campaign: nil, utm_source_content: nil, device_type: "unknown", conversion_type: "early_access_signup", email_domain: "example.com"}, "conversion", "hackernews", "forum", "beta_launch", "d80582038be35944614d96aa6a639117", "/early-access", "https://twitter.com/some_post", ~N[2025-08-29 19:17:27], ~N[2025-08-29 19:17:27]]
13:17:27.902 request_id=GGBS8JPWeQnFTPsAADKF [debug] QUERY OK source="fun_with_flags_toggles" db=0.0ms
SELECT f0."id", f0."flag_name", f0."gate_type", f0."target", f0."enabled" FROM "fun_with_flags_toggles" AS f0 WHERE (f0."flag_name" = $1) ["welcome_email_sequence"]
13:17:27.902 request_id=GGBS8JPWeQnFTPsAADKF [debug] Telemetry event: [:fun_with_flags, :persistence, :read], metadata: %{flag_name: :welcome_email_sequence, gate: nil}, measurements: %{system_time: 1756495047902572638}
13:17:27.902 request_id=GGBS8JPWeQnFTPsAADKF [info] [PAGE CONTROLLER] Welcome email sequence is ENABLED, starting sequence
13:17:27.902 request_id=GGBS8JPWeQnFTPsAADKF [info] [PAGE CONTROLLER] About to call EmailSequence.start_early_access_onboarding_sequence
13:17:27.902 request_id=GGBS8JPWeQnFTPsAADKF [info] [EMAIL SEQUENCE] Starting early access onboarding sequence
13:17:27.902 request_id=GGBS8JPWeQnFTPsAADKF [info] [EMAIL SEQUENCE] About to call EmailService.send_early_access_welcome_email
13:17:27.902 request_id=GGBS8JPWeQnFTPsAADKF [info] [EMAIL] send_early_access_welcome_email called
13:17:27.902 request_id=GGBS8JPWeQnFTPsAADKF [info] [EMAIL DEBUG] Full email struct before sending
13:17:27.902 request_id=GGBS8JPWeQnFTPsAADKF [info] [EMAIL DEBUG] Extracted recipient email
13:17:27.902 request_id=GGBS8JPWeQnFTPsAADKF [info] [EMAIL DEBUG] Postmark configuration
13:17:27.902 request_id=GGBS8JPWeQnFTPsAADKF [info] [EMAIL DEBUG] Email configuration
13:17:27.902 request_id=GGBS8JPWeQnFTPsAADKF [info] [EMAIL] Attempting to send email via Postmark
13:17:27.903 request_id=GGBS8JPWeQnFTPsAADKF [debug] Sending email with Bamboo.TestAdapter:

%Bamboo.Email{from: {"RSOLV Team", "support@rsolv.dev"}, to: [nil: "utm@example.com"], cc: [], bcc: [], subject: "Welcome to RSOLV Early Access Program", html_body: "<div style=\"font-family: 'Helvetica Neue', Helvetica, Arial, sans-serif; max-width: 600px; margin: 0 auto; padding: 20px;\">\n  <h1 style=\"color: #2C3E50; margin-bottom: 20px;\">Welcome to RSOLV Early Access Program!</h1>\n\n  <p>Hi Utm,</p>\n\n  <p>Thank you for joining our Early Access Program! You're now part of an exclusive group getting first access to RSOLV.</p>\n\n  <p>Here's what you need to know:</p>\n\n  <ul>\n    <li>You have full access to all current features</li>\n    <li>Your feedback is incredibly valuable to us during this phase</li>\n    <li>You'll receive priority support via email</li>\n  </ul>\n\n  <p>To get started with RSOLV:</p>\n\n  <ol>\n    <li><strong>Your API key will be sent in a follow-up email within 24 hours</strong></li>\n    <li>Once you receive your API key, install our GitHub Action (code below)</li>\n    <li>Set up your repository secrets with your API key</li>\n    <li>Tag your first issues with \"rsolv:automate\"</li>\n  </ol>\n\n  <div style=\"background-color: #fff3cd; border: 1px solid #ffeaa7; color: #856404; padding: 10px; border-radius: 5px; margin: 15px 0;\">\n    <strong>⏳ API Key Coming Soon:</strong> We'll send your personal API key within 24 hours. Look for an email with subject \"Your RSOLV API Key\".\n  </div>\n\n  <div style=\"background-color: #f8f9fa; padding: 15px; border-radius: 5px; margin: 20px 0;\">\n    <pre style=\"margin: 0; overflow-x: auto; white-space: pre-wrap; font-family: monospace;\">name: RSOLV AutoFix\non:\n  issues:\n    types: [opened, edited, labeled]\n\njobs:\n  autofix:\n    runs-on: ubuntu-latest\n    if: contains(github.event.issue.labels.*.name, 'rsolv:automate')\n    steps:\n      - uses: RSOLV-dev/rsolv-action@v1\n        with:\n          github-token: ${{ secrets.GITHUB_TOKEN }}\n          rsolv-api-key: ${{ secrets.RSOLV_API_KEY }}</pre>\n  </div>\n\n  <p>Need help? As an Early Access member, you have priority support - contact us at <a href=\"mailto:support@rsolv.dev\">support@rsolv.dev</a> and we'll personally assist you.</p>\n\n  <p>Your trial includes unlimited automated fixes during the Early Access period.</p>\n\n  <div style=\"margin-top: 30px; padding: 15px; border: 1px solid #e0e0e0; border-radius: 5px; background-color: #f9f9f9;\">\n    <h3 style=\"margin-top: 0; color: #2C3E50;\">Early Access Program Benefits</h3>\n    <ul>\n      <li>Unlimited usage during Early Access</li>\n      <li>Priority support and feature requests</li>\n      <li>Exclusive pricing when we launch</li>\n      <li>Direct access to our development team</li>\n    </ul>\n  </div>\n\n  <p>Best,<br>The RSOLV Team</p>\n\n  <div class=\"footer\" style=\"margin-top: 40px; padding-top: 20px; border-top: 1px solid #e0e0e0; font-size: 0.9em; color: #666;\">\n    <p>\n      You're receiving this email because you joined the RSOLV Early Access Program.\n      <br>\n      If you have any questions, simply reply to this email.\n    </p>\n    <p>\n      RSOLV, Inc. • support@rsolv.dev • © 2025\n    </p>\n    <p>\n      <a href=\"https://rsolv.dev/unsubscribe?email=utm@example.com\">Unsubscribe</a> from these emails.\n    </p>\n  </div>\n</div>\n", text_body: "Welcome to RSOLV Early Access Program!\n\nHi Utm,\n\nThank you for joining our Early Access Program! You're now part of an exclusive group getting first access to RSOLV.\n\nHere's what you need to know:\n- You have full access to all current features\n- Your feedback is incredibly valuable to us during this phase\n- You'll receive priority support via email\n\nTo get started with RSOLV:\n1. Your API key will be sent in a follow-up email within 24 hours\n2. Once you receive your API key, install our GitHub Action\n3. Set up your repository secrets with your API key\n4. Tag your first issues with \"AUTOFIX\"\n\n⏳ API KEY COMING SOON: We'll send your personal API key within 24 hours. Look for an email with subject \"Your RSOLV API Key\".\n\nNeed help? As an Early Access member, you have priority support - contact us at support@rsolv.dev and we'll personally assist you.\n\nYour trial includes unlimited automated fixes during the Early Access period.\n\nEARLY ACCESS PROGRAM BENEFITS:\n* Unlimited usage during Early Access\n* Priority support and feature requests\n* Exclusive pricing when we launch\n* Direct access to our development team\n\nBest,\nThe RSOLV Team\n\n---\nYou're receiving this email because you joined the RSOLV Early Access Program.\nIf you have any questions, simply reply to this email.\n\nRSOLV, Inc. • support@rsolv.dev\n\nTo unsubscribe, visit: https://rsolv.dev/unsubscribe?email=utm@example.com\n", headers: %{"X-Postmark-Tag" => "early-access"}, attachments: [], assigns: %{}, private: %{tag: "early-access"}, blocked: false}

13:17:27.903 request_id=GGBS8JPWeQnFTPsAADKF [info] [EMAIL DEBUG] Raw Postmark response
13:17:27.903 request_id=GGBS8JPWeQnFTPsAADKF [info] [EMAIL] Email sent successfully via Postmark
13:17:27.903 request_id=GGBS8JPWeQnFTPsAADKF [info] [EMAIL SEQUENCE] EmailService.send_early_access_welcome_email returned
13:17:27.903 request_id=GGBS8JPWeQnFTPsAADKF [info] Attempting to tag subscriber
13:17:27.903 request_id=GGBS8JPWeQnFTPsAADKF [info] ConvertKit: Attempting to tag utm@example.com with tag 7700607
13:17:27.903 request_id=GGBS8JPWeQnFTPsAADKF [info] ConvertKit: Successfully tagged utm@example.com
13:17:27.903 request_id=GGBS8JPWeQnFTPsAADKF [info] [EmailWorker] schedule_sequence called
13:17:27.903 request_id=GGBS8JPWeQnFTPsAADKF [info] [EmailWorker] Found sequence
13:17:27.903 request_id=GGBS8JPWeQnFTPsAADKF [info] [EmailWorker] Processing email config
13:17:27.903 request_id=GGBS8JPWeQnFTPsAADKF [info] [EmailWorker] Skipping immediate email
13:17:27.903 request_id=GGBS8JPWeQnFTPsAADKF [info] [EmailWorker] Processing email config
13:17:27.903 request_id=GGBS8JPWeQnFTPsAADKF [info] [EmailWorker] Scheduling email
13:17:27.903 request_id=GGBS8JPWeQnFTPsAADKF [info] [EmailWorker] Creating Oban job
13:17:27.903 request_id=GGBS8JPWeQnFTPsAADKF [info] [EmailWorker] Job created
13:17:27.903 request_id=GGBS8JPWeQnFTPsAADKF [info] Processing scheduled email
13:17:27.903 request_id=GGBS8JPWeQnFTPsAADKF [error] Failed to send scheduled email
13:17:27.903 request_id=GGBS8JPWeQnFTPsAADKF [info] [EmailWorker] Insert result
13:17:27.904 request_id=GGBS8JPWeQnFTPsAADKF [info] [EmailWorker] Schedule result
13:17:27.904 request_id=GGBS8JPWeQnFTPsAADKF [info] [EmailWorker] Processing email config
13:17:27.904 request_id=GGBS8JPWeQnFTPsAADKF [info] [EmailWorker] Scheduling email
13:17:27.904 request_id=GGBS8JPWeQnFTPsAADKF [info] [EmailWorker] Creating Oban job
13:17:27.904 request_id=GGBS8JPWeQnFTPsAADKF [info] [EmailWorker] Job created
13:17:27.904 request_id=GGBS8JPWeQnFTPsAADKF [info] Processing scheduled email
13:17:27.904 request_id=GGBS8JPWeQnFTPsAADKF [info] [EMAIL DEBUG] Full email struct before sending
13:17:27.904 request_id=GGBS8JPWeQnFTPsAADKF [info] [EMAIL DEBUG] Extracted recipient email
13:17:27.904 request_id=GGBS8JPWeQnFTPsAADKF [info] [EMAIL DEBUG] Postmark configuration
13:17:27.904 request_id=GGBS8JPWeQnFTPsAADKF [info] [EMAIL DEBUG] Email configuration
13:17:27.904 request_id=GGBS8JPWeQnFTPsAADKF [info] [EMAIL] Attempting to send email via Postmark
13:17:27.904 request_id=GGBS8JPWeQnFTPsAADKF [debug] Sending email with Bamboo.TestAdapter:

%Bamboo.Email{from: {"RSOLV Team", "support@rsolv.dev"}, to: [nil: "utm@example.com"], cc: [], bcc: [], subject: "Verify Your RSOLV Setup - Need Any Help?", html_body: "<!DOCTYPE html>\n<html lang=\"en\">\n<head>\n  <meta charset=\"UTF-8\">\n  <meta name=\"viewport\" content=\"width=device-width, initial-scale=1.0\">\n  <title>Verify Your RSOLV Setup</title>\n  <style>\n    @import url('https://fonts.googleapis.com/css2?family=Space+Grotesk:wght@300;400;500;700&display=swap');\n    \n    body {\n      font-family: 'Space Grotesk', -apple-system, BlinkMacSystemFont, \"Segoe UI\", Roboto, Helvetica, Arial, sans-serif;\n      line-height: 1.6;\n      color: #333;\n      max-width: 600px;\n      margin: 0 auto;\n      padding: 20px;\n      background-color: #f8f9fa;\n    }\n    .container {\n      background-color: #ffffff;\n      border-radius: 8px;\n      padding: 30px;\n      box-shadow: 0 4px 6px rgba(0, 0, 0, 0.05);\n    }\n    .logo {\n      text-align: center;\n      margin-bottom: 30px;\n    }\n    .logo img {\n      max-width: 200px;\n    }\n    h1, h2, h3 {\n      color: #10b981;\n    }\n    .checklist {\n      background-color: #f3f4f6;\n      padding: 20px;\n      border-radius: 8px;\n      margin: 20px 0;\n    }\n    .checklist-item {\n      display: flex;\n      align-items: center;\n      margin-bottom: 15px;\n    }\n    .checklist-item input[type=\"checkbox\"] {\n      margin-right: 10px;\n    }\n    .status-box {\n      background-color: #fff3cd;\n      border: 1px solid #ffeaa7;\n      padding: 15px;\n      border-radius: 8px;\n      margin: 20px 0;\n    }\n    .success-box {\n      background-color: #d4edda;\n      border: 1px solid #c3e6cb;\n      padding: 15px;\n      border-radius: 8px;\n      margin: 20px 0;\n    }\n    .code {\n      background-color: #2d3748;\n      color: #e2e8f0;\n      padding: 15px;\n      border-radius: 5px;\n      font-family: 'Courier New', monospace;\n      overflow-x: auto;\n      margin: 15px 0;\n    }\n    .cta {\n      background-color: #10b981;\n      color: white;\n      padding: 12px 24px;\n      border-radius: 5px;\n      display: inline-block;\n      text-decoration: none;\n      font-weight: bold;\n      margin: 20px 0;\n    }\n    .footer {\n      margin-top: 40px;\n      font-size: 14px;\n      color: #6b7280;\n      border-top: 1px solid #e5e7eb;\n      padding-top: 20px;\n      text-align: center;\n    }\n  </style>\n</head>\n<body>\n  <div class=\"container\">\n    <div class=\"logo\">\n      <img src=\"https://rsolv.dev/images/rsolv_logo_transparent.png\" alt=\"RSOLV Logo\">\n    </div>\n    \n    <h1>Let's Verify Your RSOLV Setup</h1>\n    \n    <p>Hi {@first_name},</p>\n    \n    <p>It's been a few days since you signed up for RSOLV. We want to make sure you're all set up and ready to benefit from automated security scanning and remediation!</p>\n    \n    <div class=\"checklist\">\n      <h3>Quick Setup Checklist:</h3>\n      <div class=\"checklist-item\">\n        <input type=\"checkbox\" disabled> Connected your repositories for security scanning\n      </div>\n      <div class=\"checklist-item\">\n        <input type=\"checkbox\" disabled> Added the GitHub Action workflow for automated fixes\n      </div>\n      <div class=\"checklist-item\">\n        <input type=\"checkbox\" disabled> Set up your RSOLV_API_KEY as a repository secret\n      </div>\n      <div class=\"checklist-item\">\n        <input type=\"checkbox\" disabled> Reviewed security issues found by RSOLV\n      </div>\n      <div class=\"checklist-item\">\n        <input type=\"checkbox\" disabled> Generated and merged your first security fix PR\n      </div>\n    </div>\n    \n    <h2>Need Help with Setup?</h2>\n    \n    <p>If you haven't completed setup yet, here's a quick reminder of the steps:</p>\n    \n    <div class=\"code\">\n# In .github/workflows/rsolv.yml:\nname: RSOLV Security Fixes\n\non:\n  issues:\n    types: [labeled]\n\njobs:\n  security-fix:\n    if: contains(github.event.issue.labels.*.name, 'rsolv:automate')\n    runs-on: ubuntu-latest\n    steps:\n      - uses: rsolv-dev/rsolv-action@v1\n        with:\n          github-token: ${\"{{ secrets.GITHUB_TOKEN }}\"}\n          rsolv-api-key: ${\"{{ secrets.RSOLV_API_KEY }}\"}\n    </div>\n    \n    <div class=\"status-box\">\n      <strong>🎁 Remember:</strong> Your first 10 fixes are completely free! No credit card required. After that, you only pay $15 per fix that gets deployed.\n   " <> ..., text_body: "Let's Verify Your RSOLV Setup\n\nHi Utm,\n\nIt's been a few days since you signed up for RSOLV. We want to make sure you're all set up and ready to automate your issue resolution!\n\nQuick Setup Checklist:\n[ ] Added the GitHub Action workflow to your repository\n[ ] Set up your RSOLV_API_KEY as a repository secret\n[ ] Tagged your first issue with \"rsolv:automate\"\n[ ] Reviewed and merged your first automated PR\n\nNeed Help with Setup?\nIf you haven't completed setup yet, visit: https://rsolv.dev/docs/getting-started\n\nRemember: Your first 10 fixes are completely free! No credit card required. After that, you only pay $15 per fix that gets deployed.\n\nCommon Questions:\n- Where do I get my API key? Check your welcome email or visit your dashboard\n- Can I use RSOLV on private repos? Yes! RSOLV works with both public and private repositories\n- What types of issues can RSOLV fix? Bug fixes, security vulnerabilities, performance issues, and more\n- How secure is it? We analyze every fix for security vulnerabilities before creating PRs\n\nPro Tip: Start with a simple issue first - something like \"Fix typo in README\" or \"Update deprecated function calls\".\n\nReady to get started? Tag an issue with \"rsolv:automate\" and watch the magic happen!\n\nIf you're stuck or have questions, just reply to this email.\n\nBest regards,\nThe RSOLV Team\n\n---\nTo unsubscribe, visit: https://rsolv.dev/unsubscribe?email=utm@example.com\n", headers: %{"X-Postmark-Tag" => "setup-verification"}, attachments: [], assigns: %{}, private: %{tag: "setup-verification"}, blocked: false}

13:17:27.904 request_id=GGBS8JPWeQnFTPsAADKF [info] [EMAIL DEBUG] Raw Postmark response
13:17:27.904 request_id=GGBS8JPWeQnFTPsAADKF [info] [EMAIL] Email sent successfully via Postmark
13:17:27.904 request_id=GGBS8JPWeQnFTPsAADKF [info] Successfully sent scheduled email
13:17:27.905 request_id=GGBS8JPWeQnFTPsAADKF [info] [EmailWorker] Insert result
13:17:27.905 request_id=GGBS8JPWeQnFTPsAADKF [info] [EmailWorker] Schedule result
13:17:27.905 request_id=GGBS8JPWeQnFTPsAADKF [info] [EmailWorker] Processing email config
13:17:27.905 request_id=GGBS8JPWeQnFTPsAADKF [info] [EmailWorker] Scheduling email
13:17:27.905 request_id=GGBS8JPWeQnFTPsAADKF [info] [EmailWorker] Creating Oban job
13:17:27.905 request_id=GGBS8JPWeQnFTPsAADKF [info] [EmailWorker] Job created
13:17:27.905 request_id=GGBS8JPWeQnFTPsAADKF [info] Processing scheduled email
13:17:27.905 request_id=GGBS8JPWeQnFTPsAADKF [info] [EMAIL DEBUG] Full email struct before sending
13:17:27.905 request_id=GGBS8JPWeQnFTPsAADKF [info] [EMAIL DEBUG] Extracted recipient email
13:17:27.905 request_id=GGBS8JPWeQnFTPsAADKF [info] [EMAIL DEBUG] Postmark configuration
13:17:27.905 request_id=GGBS8JPWeQnFTPsAADKF [info] [EMAIL DEBUG] Email configuration
13:17:27.905 request_id=GGBS8JPWeQnFTPsAADKF [info] [EMAIL] Attempting to send email via Postmark
13:17:27.905 request_id=GGBS8JPWeQnFTPsAADKF [debug] Sending email with Bamboo.TestAdapter:

%Bamboo.Email{from: {"RSOLV Team", "support@rsolv.dev"}, to: [nil: "utm@example.com"], cc: [], bcc: [], subject: "Advanced RSOLV Features You Might Have Missed", html_body: "<!DOCTYPE html>\n<html lang=\"en\">\n<head>\n  <meta charset=\"UTF-8\">\n  <meta name=\"viewport\" content=\"width=device-width, initial-scale=1.0\">\n  <title>Advanced RSOLV Features</title>\n  <style>\n    @import url('https://fonts.googleapis.com/css2?family=Space+Grotesk:wght@300;400;500;700&display=swap');\n    \n    body {\n      font-family: 'Space Grotesk', -apple-system, BlinkMacSystemFont, \"Segoe UI\", Roboto, Helvetica, Arial, sans-serif;\n      line-height: 1.6;\n      color: #333;\n      max-width: 600px;\n      margin: 0 auto;\n      padding: 20px;\n      background-color: #f8f9fa;\n    }\n    .container {\n      background-color: #ffffff;\n      border-radius: 8px;\n      padding: 30px;\n      box-shadow: 0 4px 6px rgba(0, 0, 0, 0.05);\n    }\n    .logo {\n      text-align: center;\n      margin-bottom: 30px;\n    }\n    .logo img {\n      max-width: 200px;\n    }\n    h1, h2, h3 {\n      color: #10b981;\n    }\n    .feature-card {\n      background-color: #f3f4f6;\n      padding: 20px;\n      border-radius: 8px;\n      margin-bottom: 20px;\n      border-left: 4px solid #10b981;\n    }\n    .feature-card h3 {\n      margin-top: 0;\n    }\n    .code {\n      background-color: #2d3748;\n      color: #e2e8f0;\n      padding: 15px;\n      border-radius: 5px;\n      font-family: 'Courier New', monospace;\n      overflow-x: auto;\n      margin: 15px 0;\n      font-size: 14px;\n    }\n    .pro-tip {\n      background-color: #fff3cd;\n      border: 1px solid #ffeaa7;\n      padding: 15px;\n      border-radius: 8px;\n      margin: 20px 0;\n    }\n    .security-highlight {\n      background-color: #d4edda;\n      border: 1px solid #c3e6cb;\n      padding: 15px;\n      border-radius: 8px;\n      margin: 20px 0;\n    }\n    .cta {\n      background-color: #10b981;\n      color: white;\n      padding: 12px 24px;\n      border-radius: 5px;\n      display: inline-block;\n      text-decoration: none;\n      font-weight: bold;\n      margin: 20px 0;\n    }\n    .footer {\n      margin-top: 40px;\n      font-size: 14px;\n      color: #6b7280;\n      border-top: 1px solid #e5e7eb;\n      padding-top: 20px;\n      text-align: center;\n    }\n  </style>\n</head>\n<body>\n  <div class=\"container\">\n    <div class=\"logo\">\n      <img src=\"https://rsolv.dev/images/rsolv_logo_transparent.png\" alt=\"RSOLV Logo\">\n    </div>\n    \n    <h1>Unlock the Full Power of RSOLV</h1>\n    \n    <p>Hi {@first_name},</p>\n    \n    <p>You've been using RSOLV for a few days now. Here are some advanced features and techniques that can help you get even more value from automated security scanning and vulnerability remediation:</p>\n    \n    <div class=\"feature-card\">\n      <h3>🎯 Understanding RSOLV's Proactive Scanning</h3>\n      <p>RSOLV continuously scans your repositories for security vulnerabilities and automatically creates issues with detailed remediation plans:</p>\n      <ul>\n        <li><strong>Automated detection:</strong> Scans all files for 180+ vulnerability patterns (and growing)</li>\n        <li><strong>Smart grouping:</strong> Groups similar issues for efficient review</li>\n        <li><strong>Detailed reports:</strong> Shows exact file locations and vulnerable code</li>\n        <li><strong>Fix generation:</strong> Creates secure PRs that address root causes</li>\n      </ul>\n    </div>\n    \n    <div class=\"feature-card\">\n      <h3>🔒 Comprehensive Security Coverage</h3>\n      <p>RSOLV proactively detects and fixes these vulnerability types across your codebase:</p>\n      <ul>\n        <li>SQL/NoSQL injection vulnerabilities</li>\n        <li>Cross-site scripting (XSS) risks</li>\n        <li>Authentication/authorization flaws</li>\n        <li>Insecure cryptographic implementations</li>\n        <li>Hardcoded secrets and API keys</li>\n        <li>Path traversal and open redirects</li>\n        <li>Insecure dependencies and configurations</li>\n      </ul>\n      <p>Each PR includes a detailed security impact assessment and verification tests.</p>\n    </div>\n    \n    <div class=\"security-highlight\">\n      <strong>🛡️ Security Example:</strong> When RSOLV detects unsafe user input handling, it automatically generates fixes with proper sanitization, p" <> ..., text_body: "Unlock the Full Power of RSOLV\n\nHi Utm,\n\nYou've been using RSOLV for a few days now. Here are some advanced features and techniques:\n\n1. Writing Better Issues for Better Fixes:\n   - Include error messages: Copy the full stack trace\n   - Specify the file/function: \"Fix pagination in UserList.js\"\n   - Describe expected behavior: \"Should show 10 users per page\"\n   - Add context: \"This broke after upgrading to React 18\"\n\n2. Security-First Fixes:\n   RSOLV automatically scans for:\n   - SQL injection vulnerabilities\n   - Cross-site scripting (XSS) risks\n   - Authentication/authorization issues\n   - Insecure dependencies\n   - Hardcoded secrets or API keys\n\n3. Batch Processing:\n   Tag multiple issues with \"rsolv:automate\" and RSOLV creates separate PRs for each.\n\n4. Customizing RSOLV Behavior:\n   Add these tags to your issues:\n   - [performance] - Optimize for speed\n   - [security] - Extra security focus\n   - [minimal] - Smallest possible change\n   - [refactor] - Clean up while fixing\n\nComing Soon:\n- Support for more languages (Go, Rust, PHP)\n- Custom fix preferences per repository\n- Team collaboration features\n- Integration with more platforms\n\nHave a feature request? Just reply to this email!\n\nView advanced documentation: https://rsolv.dev/docs/advanced\n\nBest regards,\nThe RSOLV Team\n\n---\nTo unsubscribe, visit: https://rsolv.dev/unsubscribe?email=utm@example.com\n", headers: %{"X-Postmark-Tag" => "feature-deep-dive"}, attachments: [], assigns: %{}, private: %{tag: "feature-deep-dive"}, blocked: false}

13:17:27.906 request_id=GGBS8JPWeQnFTPsAADKF [info] [EMAIL DEBUG] Raw Postmark response
13:17:27.906 request_id=GGBS8JPWeQnFTPsAADKF [info] [EMAIL] Email sent successfully via Postmark
13:17:27.906 request_id=GGBS8JPWeQnFTPsAADKF [info] Successfully sent scheduled email
13:17:27.906 request_id=GGBS8JPWeQnFTPsAADKF [info] [EmailWorker] Insert result
13:17:27.906 request_id=GGBS8JPWeQnFTPsAADKF [info] [EmailWorker] Schedule result
13:17:27.906 request_id=GGBS8JPWeQnFTPsAADKF [info] [EmailWorker] Processing email config
13:17:27.906 request_id=GGBS8JPWeQnFTPsAADKF [info] [EmailWorker] Scheduling email
13:17:27.906 request_id=GGBS8JPWeQnFTPsAADKF [info] [EmailWorker] Creating Oban job
13:17:27.906 request_id=GGBS8JPWeQnFTPsAADKF [info] [EmailWorker] Job created
13:17:27.906 request_id=GGBS8JPWeQnFTPsAADKF [info] Processing scheduled email
13:17:27.906 request_id=GGBS8JPWeQnFTPsAADKF [info] [EMAIL DEBUG] Full email struct before sending
13:17:27.906 request_id=GGBS8JPWeQnFTPsAADKF [info] [EMAIL DEBUG] Extracted recipient email
13:17:27.906 request_id=GGBS8JPWeQnFTPsAADKF [info] [EMAIL DEBUG] Postmark configuration
13:17:27.906 request_id=GGBS8JPWeQnFTPsAADKF [info] [EMAIL DEBUG] Email configuration
13:17:27.906 request_id=GGBS8JPWeQnFTPsAADKF [info] [EMAIL] Attempting to send email via Postmark
13:17:27.906 request_id=GGBS8JPWeQnFTPsAADKF [debug] Sending email with Bamboo.TestAdapter:

%Bamboo.Email{from: {"RSOLV Team", "support@rsolv.dev"}, to: [nil: "utm@example.com"], cc: [], bcc: [], subject: "How's Your Experience with RSOLV?", html_body: "<!DOCTYPE html>\n<html lang=\"en\">\n<head>\n  <meta charset=\"UTF-8\">\n  <meta name=\"viewport\" content=\"width=device-width, initial-scale=1.0\">\n  <title>How's Your RSOLV Experience?</title>\n  <style>\n    @import url('https://fonts.googleapis.com/css2?family=Space+Grotesk:wght@300;400;500;700&display=swap');\n    \n    body {\n      font-family: 'Space Grotesk', -apple-system, BlinkMacSystemFont, \"Segoe UI\", Roboto, Helvetica, Arial, sans-serif;\n      line-height: 1.6;\n      color: #333;\n      max-width: 600px;\n      margin: 0 auto;\n      padding: 20px;\n      background-color: #f8f9fa;\n    }\n    .container {\n      background-color: #ffffff;\n      border-radius: 8px;\n      padding: 30px;\n      box-shadow: 0 4px 6px rgba(0, 0, 0, 0.05);\n    }\n    .logo {\n      text-align: center;\n      margin-bottom: 30px;\n    }\n    .logo img {\n      max-width: 200px;\n    }\n    h1, h2, h3 {\n      color: #10b981;\n    }\n    .survey-card {\n      background-color: #f3f4f6;\n      padding: 20px;\n      border-radius: 8px;\n      margin: 20px 0;\n      text-align: center;\n    }\n    .rating-container {\n      display: flex;\n      justify-content: center;\n      gap: 10px;\n      margin: 20px 0;\n    }\n    .rating-box {\n      width: 40px;\n      height: 40px;\n      border: 2px solid #10b981;\n      border-radius: 8px;\n      display: flex;\n      align-items: center;\n      justify-content: center;\n      text-decoration: none;\n      color: #10b981;\n      font-weight: bold;\n      transition: all 0.3s ease;\n    }\n    .rating-box:hover {\n      background-color: #10b981;\n      color: white;\n    }\n    .question-box {\n      background-color: #f9fafb;\n      padding: 20px;\n      border-radius: 8px;\n      margin: 20px 0;\n      border-left: 4px solid #10b981;\n    }\n    .success-story {\n      background-color: #d4edda;\n      border: 1px solid #c3e6cb;\n      padding: 15px;\n      border-radius: 8px;\n      margin: 20px 0;\n    }\n    .cta {\n      background-color: #10b981;\n      color: white;\n      padding: 12px 24px;\n      border-radius: 5px;\n      display: inline-block;\n      text-decoration: none;\n      font-weight: bold;\n      margin: 20px 0;\n    }\n    .cta-secondary {\n      background-color: #6b7280;\n      color: white;\n      padding: 12px 24px;\n      border-radius: 5px;\n      display: inline-block;\n      text-decoration: none;\n      font-weight: bold;\n      margin: 20px 0;\n    }\n    .footer {\n      margin-top: 40px;\n      font-size: 14px;\n      color: #6b7280;\n      border-top: 1px solid #e5e7eb;\n      padding-top: 20px;\n      text-align: center;\n    }\n  </style>\n</head>\n<body>\n  <div class=\"container\">\n    <div class=\"logo\">\n      <img src=\"https://rsolv.dev/images/rsolv_logo_transparent.png\" alt=\"RSOLV Logo\">\n    </div>\n    \n    <h1>Quick Check-In: How's RSOLV Working for You?</h1>\n    \n    <p>Hi {@first_name},</p>\n    \n    <p>You've been using RSOLV for a week now, and we'd love to hear about your experience! Your feedback helps us make RSOLV better for everyone.</p>\n    \n    <div class=\"survey-card\">\n      <h3>How likely are you to recommend RSOLV to a colleague?</h3>\n      <p>Click a number below:</p>\n      <div class=\"rating-container\">\n        <a href=\"https://rsolv.dev/feedback?rating=1&email={@email}\" class=\"rating-box\">1</a>\n        <a href=\"https://rsolv.dev/feedback?rating=2&email={@email}\" class=\"rating-box\">2</a>\n        <a href=\"https://rsolv.dev/feedback?rating=3&email={@email}\" class=\"rating-box\">3</a>\n        <a href=\"https://rsolv.dev/feedback?rating=4&email={@email}\" class=\"rating-box\">4</a>\n        <a href=\"https://rsolv.dev/feedback?rating=5&email={@email}\" class=\"rating-box\">5</a>\n        <a href=\"https://rsolv.dev/feedback?rating=6&email={@email}\" class=\"rating-box\">6</a>\n        <a href=\"https://rsolv.dev/feedback?rating=7&email={@email}\" class=\"rating-box\">7</a>\n        <a href=\"https://rsolv.dev/feedback?rating=8&email={@email}\" class=\"rating-box\">8</a>\n        <a href=\"https://rsolv.dev/feedback?rating=9&email={@email}\" class=\"rating-box\">9</a>\n        <a href=\"https://rsolv.dev/feedback?rating=10&email={@email}\" class=\"rating-box\">10</a>\n      </div>\n" <> ..., text_body: "Quick Check-In: How's RSOLV Working for You?\n\nHi Utm,\n\nYou've been using RSOLV for a week now, and we'd love to hear about your experience!\n\nHow likely are you to recommend RSOLV to a colleague?\nRate us from 1-10: https://rsolv.dev/feedback?email=utm@example.com\n\nThree Quick Questions:\n1. What's been your favorite RSOLV fix so far?\n2. What feature would you like to see next?\n3. Any challenges or friction points?\n\nJust hit reply and share your thoughts - we read every response!\n\nDid You Know?\nHere are some ways other teams are using RSOLV:\n- Security audits: Tag all security-related issues for automated fixes\n- Tech debt cleanup: Fix deprecated function calls across the codebase\n- Onboarding tool: Let new devs see how fixes should be implemented\n- Weekend warrior: Queue up fixes on Friday, review on Monday\n\nThanks for being an early adopter!\n\nBest regards,\nDylan & The RSOLV Team\n\nP.S. If RSOLV has saved you time this week, we'd love to hear about it!\n\n---\nTo unsubscribe, visit: https://rsolv.dev/unsubscribe?email=utm@example.com\n", headers: %{"X-Postmark-Tag" => "feedback-request"}, attachments: [], assigns: %{}, private: %{tag: "feedback-request"}, blocked: false}

13:17:27.906 request_id=GGBS8JPWeQnFTPsAADKF [info] [EMAIL DEBUG] Raw Postmark response
13:17:27.906 request_id=GGBS8JPWeQnFTPsAADKF [info] [EMAIL] Email sent successfully via Postmark
13:17:27.906 request_id=GGBS8JPWeQnFTPsAADKF [info] Successfully sent scheduled email
13:17:27.906 request_id=GGBS8JPWeQnFTPsAADKF [info] [EmailWorker] Insert result
13:17:27.906 request_id=GGBS8JPWeQnFTPsAADKF [info] [EmailWorker] Schedule result
13:17:27.906 request_id=GGBS8JPWeQnFTPsAADKF [info] [EmailWorker] Processing email config
13:17:27.906 request_id=GGBS8JPWeQnFTPsAADKF [info] [EmailWorker] Scheduling email
13:17:27.906 request_id=GGBS8JPWeQnFTPsAADKF [info] [EmailWorker] Creating Oban job
13:17:27.906 request_id=GGBS8JPWeQnFTPsAADKF [info] [EmailWorker] Job created
13:17:27.907 request_id=GGBS8JPWeQnFTPsAADKF [info] Processing scheduled email
13:17:27.907 request_id=GGBS8JPWeQnFTPsAADKF [info] [EMAIL DEBUG] Full email struct before sending
13:17:27.907 request_id=GGBS8JPWeQnFTPsAADKF [info] [EMAIL DEBUG] Extracted recipient email
13:17:27.907 request_id=GGBS8JPWeQnFTPsAADKF [info] [EMAIL DEBUG] Postmark configuration
13:17:27.907 request_id=GGBS8JPWeQnFTPsAADKF [info] [EMAIL DEBUG] Email configuration
13:17:27.907 request_id=GGBS8JPWeQnFTPsAADKF [info] [EMAIL] Attempting to send email via Postmark
13:17:27.907 request_id=GGBS8JPWeQnFTPsAADKF [debug] Sending email with Bamboo.TestAdapter:

%Bamboo.Email{from: {"RSOLV Team", "support@rsolv.dev"}, to: [nil: "utm@example.com"], cc: [], bcc: [], subject: "Your RSOLV Success Report", html_body: "<!DOCTYPE html>\n<html lang=\"en\">\n<head>\n  <meta charset=\"UTF-8\">\n  <meta name=\"viewport\" content=\"width=device-width, initial-scale=1.0\">\n  <title>Your RSOLV Success Report</title>\n  <style>\n    @import url('https://fonts.googleapis.com/css2?family=Space+Grotesk:wght@300;400;500;700&display=swap');\n    \n    body {\n      font-family: 'Space Grotesk', -apple-system, BlinkMacSystemFont, \"Segoe UI\", Roboto, Helvetica, Arial, sans-serif;\n      line-height: 1.6;\n      color: #333;\n      max-width: 600px;\n      margin: 0 auto;\n      padding: 20px;\n      background-color: #f8f9fa;\n    }\n    .container {\n      background-color: #ffffff;\n      border-radius: 8px;\n      padding: 30px;\n      box-shadow: 0 4px 6px rgba(0, 0, 0, 0.05);\n    }\n    .logo {\n      text-align: center;\n      margin-bottom: 30px;\n    }\n    .logo img {\n      max-width: 200px;\n    }\n    h1, h2, h3 {\n      color: #10b981;\n    }\n    .stats-grid {\n      display: grid;\n      grid-template-columns: 1fr 1fr;\n      gap: 20px;\n      margin: 30px 0;\n    }\n    .stat-card {\n      background-color: #f3f4f6;\n      padding: 20px;\n      border-radius: 8px;\n      text-align: center;\n      border-top: 4px solid #10b981;\n    }\n    .stat-number {\n      font-size: 36px;\n      font-weight: bold;\n      color: #10b981;\n      margin: 10px 0;\n    }\n    .stat-label {\n      color: #6b7280;\n      font-size: 14px;\n    }\n    .achievement-banner {\n      background: linear-gradient(135deg, #10b981 0%, #059669 100%);\n      color: white;\n      padding: 20px;\n      border-radius: 8px;\n      text-align: center;\n      margin: 20px 0;\n    }\n    .timeline {\n      margin: 30px 0;\n    }\n    .timeline-item {\n      display: flex;\n      margin-bottom: 20px;\n      align-items: flex-start;\n    }\n    .timeline-marker {\n      width: 40px;\n      height: 40px;\n      background-color: #10b981;\n      color: white;\n      border-radius: 50%;\n      display: flex;\n      align-items: center;\n      justify-content: center;\n      flex-shrink: 0;\n      margin-right: 15px;\n    }\n    .timeline-content {\n      flex-grow: 1;\n    }\n    .pricing-highlight {\n      background-color: #fff3cd;\n      border: 1px solid #ffeaa7;\n      padding: 20px;\n      border-radius: 8px;\n      margin: 20px 0;\n      text-align: center;\n    }\n    .cta {\n      background-color: #10b981;\n      color: white;\n      padding: 12px 24px;\n      border-radius: 5px;\n      display: inline-block;\n      text-decoration: none;\n      font-weight: bold;\n      margin: 20px 0;\n    }\n    .cta-secondary {\n      background-color: #2563eb;\n      color: white;\n      padding: 12px 24px;\n      border-radius: 5px;\n      display: inline-block;\n      text-decoration: none;\n      font-weight: bold;\n      margin: 20px 0;\n    }\n    .footer {\n      margin-top: 40px;\n      font-size: 14px;\n      color: #6b7280;\n      border-top: 1px solid #e5e7eb;\n      padding-top: 20px;\n      text-align: center;\n    }\n    @media (max-width: 600px) {\n      .stats-grid {\n        grid-template-columns: 1fr;\n      }\n    }\n  </style>\n</head>\n<body>\n  <div class=\"container\">\n    <div class=\"logo\">\n      <img src=\"https://rsolv.dev/images/rsolv_logo_transparent.png\" alt=\"RSOLV Logo\">\n    </div>\n    \n    <h1>Your 2-Week RSOLV Success Report 🎉</h1>\n    \n    <p>Hi {@first_name},</p>\n    \n    <p>Congratulations! You've been using RSOLV for two weeks. Here's a snapshot of what we've accomplished together:</p>\n    \n    <div class=\"stats-grid\">\n      <div class=\"stat-card\">\n        <div class=\"stat-label\">Issues Fixed</div>\n        <div class=\"stat-number\">{Map.get(@usage_stats || %{}, :issues_fixed, 0)}</div>\n      </div>\n      <div class=\"stat-card\">\n        <div class=\"stat-label\">PRs Created</div>\n        <div class=\"stat-number\">{Map.get(@usage_stats || %{}, :prs_created, 0)}</div>\n      </div>\n      <div class=\"stat-card\">\n        <div class=\"stat-label\">Time Saved</div>\n        <div class=\"stat-number\">{Map.get(@usage_stats || %{}, :time_saved, \"0 hrs\")}</div>\n      </div>\n      <div class=\"stat-card\">\n        <div class=\"stat-label\">Security Issues Found</div>\n        <div class=\"stat-number\">{Map.ge" <> ..., text_body: "Your 2-Week RSOLV Success Report\n\nHi Utm,\n\nCongratulations! You've been using RSOLV for two weeks. Here's what we've accomplished together:\n\nYour Stats:\n- Issues Fixed: Check your dashboard\n- PRs Created: Check your dashboard\n- Time Saved: Check your dashboard\n- Security Issues Found: Check your dashboard\n\nYour Trial Status:\nCheck how many free fixes you have remaining at: https://rsolv.dev/dashboard\n\nWhat's Next?\n- Expand to more repositories\n- Automate security audits\n- Clean up tech debt\n- Train your team\n\nNeed Help Scaling Up?\nI'd love to help you get even more value from RSOLV:\n- Schedule a 15-minute optimization call\n- Get best practices for your specific tech stack\n- Learn about volume discounts for teams\n\nJust reply to this email and let me know how I can help!\n\nThanks for being part of the RSOLV community.\n\nBest regards,\nDylan Fitzgerald\nFounder, RSOLV\n\nP.S. If RSOLV has been valuable to your team, I'd be grateful if you could share a quick testimonial.\n\n---\nTo unsubscribe, visit: https://rsolv.dev/unsubscribe?email=utm@example.com\n", headers: %{"X-Postmark-Tag" => "success-checkin"}, attachments: [], assigns: %{}, private: %{tag: "success-checkin"}, blocked: false}

13:17:27.907 request_id=GGBS8JPWeQnFTPsAADKF [info] [EMAIL DEBUG] Raw Postmark response
13:17:27.907 request_id=GGBS8JPWeQnFTPsAADKF [info] [EMAIL] Email sent successfully via Postmark
13:17:27.907 request_id=GGBS8JPWeQnFTPsAADKF [info] Successfully sent scheduled email
13:17:27.907 request_id=GGBS8JPWeQnFTPsAADKF [info] [EmailWorker] Insert result
13:17:27.907 request_id=GGBS8JPWeQnFTPsAADKF [info] [EmailWorker] Schedule result
13:17:27.907 request_id=GGBS8JPWeQnFTPsAADKF [info] [PAGE CONTROLLER] EmailSequence.start_early_access_onboarding_sequence returned
13:17:27.907 request_id=GGBS8JPWeQnFTPsAADKF [debug] Sending email with Bamboo.TestAdapter:

%Bamboo.Email{from: {"RSOLV Team", "support@rsolv.dev"}, to: [nil: "admin@rsolv.dev"], cc: [], bcc: [], subject: "🎉 New RSOLV Signup: utm@example.com", html_body: "<!DOCTYPE html>\n<html>\n<head>\n  <meta charset=\"utf-8\">\n  <style>\n    body { font-family: -apple-system, BlinkMacSystemFont, 'Segoe UI', Roboto, sans-serif; line-height: 1.6; color: #333; }\n    .container { max-width: 600px; margin: 0 auto; padding: 20px; }\n    .header { background: #10b981; color: white; padding: 20px; border-radius: 8px 8px 0 0; }\n    .content { background: #f9fafb; padding: 20px; border: 1px solid #e5e7eb; border-radius: 0 0 8px 8px; }\n    .metric { display: inline-block; margin: 10px 20px 10px 0; }\n    .metric-label { font-size: 12px; color: #6b7280; text-transform: uppercase; }\n    .metric-value { font-size: 18px; font-weight: bold; color: #111827; }\n    .details { background: white; padding: 15px; border-radius: 4px; margin: 15px 0; }\n    .detail-row { display: flex; justify-content: space-between; padding: 8px 0; border-bottom: 1px solid #f3f4f6; }\n    .detail-row:last-child { border-bottom: none; }\n    .detail-label { font-weight: 500; color: #6b7280; }\n    .detail-value { color: #111827; }\n    .utm-badge { display: inline-block; background: #dbeafe; color: #1e40af; padding: 2px 8px; border-radius: 4px; font-size: 12px; margin-left: 4px; }\n  </style>\n</head>\n<body>\n  <div class=\"container\">\n    <div class=\"header\">\n      <h1 style=\"margin: 0; font-size: 24px;\">🎉 New RSOLV Signup!</h1>\n      <p style=\"margin: 5px 0 0 0; opacity: 0.9;\">August 29, 2025 at 07:17 PM UTC</p>\n    </div>\n    \n    <div class=\"content\">\n      <div class=\"metric\">\n        <div class=\"metric-label\">Email</div>\n        <div class=\"metric-value\">utm@example.com</div>\n      </div>\n      \n      \n      \n      <div class=\"details\">\n        <h3 style=\"margin-top: 0;\">Signup Details</h3>\n        \n        <div class=\"detail-row\">\n          <span class=\"detail-label\">Source</span>\n          <span class=\"detail-value\">\n            landing_page\n            <span class=\"utm-badge\">hackernews</span>\n          </span>\n        </div>\n        \n        <div class=\"detail-row\">\n                <span class=\"detail-label\">Medium</span>\n                <span class=\"detail-value\">forum</span>\n              </div>\n        \n        <div class=\"detail-row\">\n                <span class=\"detail-label\">Campaign</span>\n                <span class=\"detail-value\">beta_launch</span>\n              </div>\n        \n        <div class=\"detail-row\">\n                <span class=\"detail-label\">Referrer</span>\n                <span class=\"detail-value\">https://twitter.com/some_post</span>\n              </div>\n      </div>\n      \n      <div style=\"margin-top: 20px; text-align: center;\">\n        <a href=\"https://rsolv.dev/live/dashboard\" style=\"display: inline-block; background: #10b981; color: white; padding: 10px 20px; text-decoration: none; border-radius: 4px;\">\n          View Dashboard\n        </a>\n      </div>\n    </div>\n  </div>\n</body>\n</html>\n", text_body: "🎉 New RSOLV Signup!\n\nEmail: utm@example.com\n\nTime: August 29, 2025 at 07:17 PM UTC\n\nSource Details:\n- Source: landing_page\n- UTM Source: hackernews\n\n- UTM Medium: forum\n\n- UTM Campaign: beta_launch\n\n- Referrer: https://twitter.com/some_post\n\n\nView full dashboard: https://rsolv.dev/live/dashboard\n", headers: %{"Message-ID" => "<1756495047.100556@rsolv.dev>", "X-Postmark-Tag" => "admin-notification", "X-Priority" => "1"}, attachments: [], assigns: %{}, private: %{tag: "admin-notification"}, blocked: false}

13:17:27.907 request_id=GGBS8JPWeQnFTPsAADKF [info] Admin notification sent for new signup
13:17:27.907 request_id=GGBS8JPWeQnFTPsAADKF [info] Sent 302 in 7ms
.

RFC-031 Encryption Performance Benchmark
==================================================

Encryption/Decryption Performance:
Size		Encrypt		Decrypt		Throughput
--------------------------------------------------
1KB		0.01ms		0.0ms		97.7 MB/s
10KB		0.0ms		0.0ms		3255.2 MB/s
100KB		0.04ms		0.01ms		2712.7 MB/s
1MB		0.35ms		0.38ms		2840.9 MB/s
5MB		1.83ms		1.46ms		2736.7 MB/s

File Transmission Performance:
Size		Prepare		Receive
--------------------------------------------------
1KB		0.01ms		0.01ms
10KB		0.03ms		0.05ms
100KB		0.23ms		0.46ms

Concurrent Operations (50 x 10KB):
--------------------------------------------------
Sequential: 0.2ms (0.0ms per op)
Concurrent: 0.29ms (0.01ms per op)
Speedup: 0.69x

Benchmark complete!

.13:17:27.915 [debug] QUERY OK source="fun_with_flags_toggles" db=0.1ms queue=0.1ms
INSERT INTO "fun_with_flags_toggles" AS f0 ("enabled","target","flag_name","gate_type") VALUES ($1,$2,$3,$4) ON CONFLICT ("flag_name","gate_type","target") DO UPDATE SET "enabled" = $5 RETURNING "id" [true, "_fwf_none", "blog", "boolean", true]
13:17:27.915 [debug] QUERY OK source="fun_with_flags_toggles" db=0.0ms
SELECT f0."id", f0."flag_name", f0."gate_type", f0."target", f0."enabled" FROM "fun_with_flags_toggles" AS f0 WHERE (f0."flag_name" = $1) ["blog"]
13:17:27.915 [debug] Telemetry event: [:fun_with_flags, :persistence, :write], metadata: %{flag_name: :blog, gate: %FunWithFlags.Gate{type: :boolean, for: nil, enabled: true}}, measurements: %{system_time: 1756495047915708634}
13:17:27.915 [debug] QUERY OK source="fun_with_flags_toggles" db=0.0ms
INSERT INTO "fun_with_flags_toggles" AS f0 ("enabled","target","flag_name","gate_type") VALUES ($1,$2,$3,$4) ON CONFLICT ("flag_name","gate_type","target") DO UPDATE SET "enabled" = $5 RETURNING "id" [false, "_fwf_none", "blog", "boolean", false]
13:17:27.916 [debug] QUERY OK source="fun_with_flags_toggles" db=0.0ms
SELECT f0."id", f0."flag_name", f0."gate_type", f0."target", f0."enabled" FROM "fun_with_flags_toggles" AS f0 WHERE (f0."flag_name" = $1) ["blog"]
13:17:27.916 [debug] Telemetry event: [:fun_with_flags, :persistence, :write], metadata: %{flag_name: :blog, gate: %FunWithFlags.Gate{type: :boolean, for: nil, enabled: false}}, measurements: %{system_time: 1756495047916027467}
.13:17:27.916 [debug] QUERY OK source="fun_with_flags_toggles" db=0.1ms
INSERT INTO "fun_with_flags_toggles" AS f0 ("enabled","target","flag_name","gate_type") VALUES ($1,$2,$3,$4) ON CONFLICT ("flag_name","gate_type","target") DO UPDATE SET "enabled" = $5 RETURNING "id" [true, "_fwf_none", "blog", "boolean", true]
13:17:27.916 [debug] QUERY OK source="fun_with_flags_toggles" db=0.0ms
SELECT f0."id", f0."flag_name", f0."gate_type", f0."target", f0."enabled" FROM "fun_with_flags_toggles" AS f0 WHERE (f0."flag_name" = $1) ["blog"]
13:17:27.916 [debug] Telemetry event: [:fun_with_flags, :persistence, :write], metadata: %{flag_name: :blog, gate: %FunWithFlags.Gate{type: :boolean, for: nil, enabled: true}}, measurements: %{system_time: 1756495047916539219}
13:17:27.916 request_id=GGBS8JTM5ELRbb8AAGAB [info] GET /blog/rss.xml
13:17:27.916 request_id=GGBS8JTM5ELRbb8AAGAB [debug] Processing with RsolvWeb.BlogController.rss/2
  Parameters: %{}
  Pipelines: [:browser]
13:17:27.916 request_id=GGBS8JTM5ELRbb8AAGAB [debug] QUERY OK source="fun_with_flags_toggles" db=0.0ms
SELECT f0."id", f0."flag_name", f0."gate_type", f0."target", f0."enabled" FROM "fun_with_flags_toggles" AS f0 WHERE (f0."flag_name" = $1) ["blog"]
13:17:27.916 request_id=GGBS8JTM5ELRbb8AAGAB [debug] Telemetry event: [:fun_with_flags, :persistence, :read], metadata: %{flag_name: :blog, gate: nil}, measurements: %{system_time: 1756495047916710443}
13:17:27.929 request_id=GGBS8JTM5ELRbb8AAGAB [info] Sent 200 in 12ms
13:17:27.929 [debug] QUERY OK source="fun_with_flags_toggles" db=0.1ms
INSERT INTO "fun_with_flags_toggles" AS f0 ("enabled","target","flag_name","gate_type") VALUES ($1,$2,$3,$4) ON CONFLICT ("flag_name","gate_type","target") DO UPDATE SET "enabled" = $5 RETURNING "id" [false, "_fwf_none", "blog", "boolean", false]
13:17:27.929 [debug] QUERY OK source="fun_with_flags_toggles" db=0.0ms
SELECT f0."id", f0."flag_name", f0."gate_type", f0."target", f0."enabled" FROM "fun_with_flags_toggles" AS f0 WHERE (f0."flag_name" = $1) ["blog"]
13:17:27.929 [debug] Telemetry event: [:fun_with_flags, :persistence, :write], metadata: %{flag_name: :blog, gate: %FunWithFlags.Gate{type: :boolean, for: nil, enabled: false}}, measurements: %{system_time: 1756495047929776995}
.13:17:27.930 [debug] QUERY OK source="fun_with_flags_toggles" db=0.1ms
INSERT INTO "fun_with_flags_toggles" AS f0 ("enabled","target","flag_name","gate_type") VALUES ($1,$2,$3,$4) ON CONFLICT ("flag_name","gate_type","target") DO UPDATE SET "enabled" = $5 RETURNING "id" [true, "_fwf_none", "blog", "boolean", true]
13:17:27.930 [debug] QUERY OK source="fun_with_flags_toggles" db=0.0ms
SELECT f0."id", f0."flag_name", f0."gate_type", f0."target", f0."enabled" FROM "fun_with_flags_toggles" AS f0 WHERE (f0."flag_name" = $1) ["blog"]
13:17:27.930 [debug] Telemetry event: [:fun_with_flags, :persistence, :write], metadata: %{flag_name: :blog, gate: %FunWithFlags.Gate{type: :boolean, for: nil, enabled: true}}, measurements: %{system_time: 1756495047930377870}
13:17:27.952 [debug] QUERY OK source="fun_with_flags_toggles" db=0.2ms
INSERT INTO "fun_with_flags_toggles" AS f0 ("enabled","target","flag_name","gate_type") VALUES ($1,$2,$3,$4) ON CONFLICT ("flag_name","gate_type","target") DO UPDATE SET "enabled" = $5 RETURNING "id" [false, "_fwf_none", "blog", "boolean", false]
13:17:27.952 [debug] QUERY OK source="fun_with_flags_toggles" db=0.0ms
SELECT f0."id", f0."flag_name", f0."gate_type", f0."target", f0."enabled" FROM "fun_with_flags_toggles" AS f0 WHERE (f0."flag_name" = $1) ["blog"]
13:17:27.952 [debug] Telemetry event: [:fun_with_flags, :persistence, :write], metadata: %{flag_name: :blog, gate: %FunWithFlags.Gate{type: :boolean, for: nil, enabled: false}}, measurements: %{system_time: 1756495047952924104}
.13:17:27.953 [debug] QUERY OK source="fun_with_flags_toggles" db=0.1ms
INSERT INTO "fun_with_flags_toggles" AS f0 ("enabled","target","flag_name","gate_type") VALUES ($1,$2,$3,$4) ON CONFLICT ("flag_name","gate_type","target") DO UPDATE SET "enabled" = $5 RETURNING "id" [true, "_fwf_none", "blog", "boolean", true]
13:17:27.953 [debug] QUERY OK source="fun_with_flags_toggles" db=0.0ms
SELECT f0."id", f0."flag_name", f0."gate_type", f0."target", f0."enabled" FROM "fun_with_flags_toggles" AS f0 WHERE (f0."flag_name" = $1) ["blog"]
13:17:27.953 [debug] Telemetry event: [:fun_with_flags, :persistence, :write], metadata: %{flag_name: :blog, gate: %FunWithFlags.Gate{type: :boolean, for: nil, enabled: true}}, measurements: %{system_time: 1756495047953461132}
13:17:27.953 request_id=GGBS8JcAUQntABoAAGCB [info] GET /blog
13:17:27.953 request_id=GGBS8JcAUQntABoAAGCB [debug] Processing with RsolvWeb.BlogController.index/2
  Parameters: %{}
  Pipelines: [:browser]
13:17:27.953 request_id=GGBS8JcAUQntABoAAGCB [debug] QUERY OK source="fun_with_flags_toggles" db=0.0ms
SELECT f0."id", f0."flag_name", f0."gate_type", f0."target", f0."enabled" FROM "fun_with_flags_toggles" AS f0 WHERE (f0."flag_name" = $1) ["blog"]
13:17:27.953 request_id=GGBS8JcAUQntABoAAGCB [debug] Telemetry event: [:fun_with_flags, :persistence, :read], metadata: %{flag_name: :blog, gate: nil}, measurements: %{system_time: 1756495047953661072}
13:17:27.964 request_id=GGBS8JcAUQntABoAAGCB [debug] QUERY OK source="fun_with_flags_toggles" db=0.0ms
SELECT f0."id", f0."flag_name", f0."gate_type", f0."target", f0."enabled" FROM "fun_with_flags_toggles" AS f0 WHERE (f0."flag_name" = $1) ["display_draft_blog_posts"]
13:17:27.964 request_id=GGBS8JcAUQntABoAAGCB [debug] Telemetry event: [:fun_with_flags, :persistence, :read], metadata: %{flag_name: :display_draft_blog_posts, gate: nil}, measurements: %{system_time: 1756495047964590801}
13:17:27.964 request_id=GGBS8JcAUQntABoAAGCB [debug] QUERY OK source="fun_with_flags_toggles" db=0.0ms
SELECT f0."id", f0."flag_name", f0."gate_type", f0."target", f0."enabled" FROM "fun_with_flags_toggles" AS f0 WHERE (f0."flag_name" = $1) ["blog"]
13:17:27.964 request_id=GGBS8JcAUQntABoAAGCB [debug] Telemetry event: [:fun_with_flags, :persistence, :read], metadata: %{flag_name: :blog, gate: nil}, measurements: %{system_time: 1756495047964764275}
13:17:27.964 request_id=GGBS8JcAUQntABoAAGCB [info] Sent 200 in 11ms
13:17:27.965 [debug] QUERY OK source="fun_with_flags_toggles" db=0.1ms
INSERT INTO "fun_with_flags_toggles" AS f0 ("enabled","target","flag_name","gate_type") VALUES ($1,$2,$3,$4) ON CONFLICT ("flag_name","gate_type","target") DO UPDATE SET "enabled" = $5 RETURNING "id" [false, "_fwf_none", "blog", "boolean", false]
13:17:27.965 [debug] QUERY OK source="fun_with_flags_toggles" db=0.0ms
SELECT f0."id", f0."flag_name", f0."gate_type", f0."target", f0."enabled" FROM "fun_with_flags_toggles" AS f0 WHERE (f0."flag_name" = $1) ["blog"]
13:17:27.965 [debug] Telemetry event: [:fun_with_flags, :persistence, :write], metadata: %{flag_name: :blog, gate: %FunWithFlags.Gate{type: :boolean, for: nil, enabled: false}}, measurements: %{system_time: 1756495047965172344}
.13:17:27.965 [debug] QUERY OK source="fun_with_flags_toggles" db=0.1ms
INSERT INTO "fun_with_flags_toggles" AS f0 ("enabled","target","flag_name","gate_type") VALUES ($1,$2,$3,$4) ON CONFLICT ("flag_name","gate_type","target") DO UPDATE SET "enabled" = $5 RETURNING "id" [true, "_fwf_none", "blog", "boolean", true]
13:17:27.965 [debug] QUERY OK source="fun_with_flags_toggles" db=0.0ms
SELECT f0."id", f0."flag_name", f0."gate_type", f0."target", f0."enabled" FROM "fun_with_flags_toggles" AS f0 WHERE (f0."flag_name" = $1) ["blog"]
13:17:27.965 [debug] Telemetry event: [:fun_with_flags, :persistence, :write], metadata: %{flag_name: :blog, gate: %FunWithFlags.Gate{type: :boolean, for: nil, enabled: true}}, measurements: %{system_time: 1756495047965642250}
13:17:27.976 [debug] QUERY OK source="fun_with_flags_toggles" db=0.1ms
SELECT f0."id", f0."flag_name", f0."gate_type", f0."target", f0."enabled" FROM "fun_with_flags_toggles" AS f0 WHERE (f0."flag_name" = $1) ["display_draft_blog_posts"]
13:17:27.976 [debug] Telemetry event: [:fun_with_flags, :persistence, :read], metadata: %{flag_name: :display_draft_blog_posts, gate: nil}, measurements: %{system_time: 1756495047976531716}
13:17:27.976 [debug] QUERY OK source="fun_with_flags_toggles" db=0.1ms
INSERT INTO "fun_with_flags_toggles" AS f0 ("enabled","target","flag_name","gate_type") VALUES ($1,$2,$3,$4) ON CONFLICT ("flag_name","gate_type","target") DO UPDATE SET "enabled" = $5 RETURNING "id" [false, "_fwf_none", "blog", "boolean", false]
13:17:27.976 [debug] QUERY OK source="fun_with_flags_toggles" db=0.0ms
SELECT f0."id", f0."flag_name", f0."gate_type", f0."target", f0."enabled" FROM "fun_with_flags_toggles" AS f0 WHERE (f0."flag_name" = $1) ["blog"]
13:17:27.976 [debug] Telemetry event: [:fun_with_flags, :persistence, :write], metadata: %{flag_name: :blog, gate: %FunWithFlags.Gate{type: :boolean, for: nil, enabled: false}}, measurements: %{system_time: 1756495047976843970}
.13:17:27.977 [debug] QUERY OK source="fun_with_flags_toggles" db=0.1ms queue=0.1ms
INSERT INTO "fun_with_flags_toggles" AS f0 ("enabled","target","flag_name","gate_type") VALUES ($1,$2,$3,$4) ON CONFLICT ("flag_name","gate_type","target") DO UPDATE SET "enabled" = $5 RETURNING "id" [true, "_fwf_none", "blog", "boolean", true]
13:17:27.977 [debug] QUERY OK source="fun_with_flags_toggles" db=0.1ms
SELECT f0."id", f0."flag_name", f0."gate_type", f0."target", f0."enabled" FROM "fun_with_flags_toggles" AS f0 WHERE (f0."flag_name" = $1) ["blog"]
13:17:27.977 [debug] Telemetry event: [:fun_with_flags, :persistence, :write], metadata: %{flag_name: :blog, gate: %FunWithFlags.Gate{type: :boolean, for: nil, enabled: true}}, measurements: %{system_time: 1756495047977560256}
13:17:27.988 [debug] QUERY OK source="fun_with_flags_toggles" db=0.0ms
SELECT f0."id", f0."flag_name", f0."gate_type", f0."target", f0."enabled" FROM "fun_with_flags_toggles" AS f0 WHERE (f0."flag_name" = $1) ["display_draft_blog_posts"]
13:17:27.988 [debug] Telemetry event: [:fun_with_flags, :persistence, :read], metadata: %{flag_name: :display_draft_blog_posts, gate: nil}, measurements: %{system_time: 1756495047988356748}
13:17:27.990 [debug] QUERY OK source="fun_with_flags_toggles" db=0.0ms
INSERT INTO "fun_with_flags_toggles" AS f0 ("enabled","target","flag_name","gate_type") VALUES ($1,$2,$3,$4) ON CONFLICT ("flag_name","gate_type","target") DO UPDATE SET "enabled" = $5 RETURNING "id" [false, "_fwf_none", "blog", "boolean", false]
13:17:27.990 [debug] QUERY OK source="fun_with_flags_toggles" db=0.0ms
SELECT f0."id", f0."flag_name", f0."gate_type", f0."target", f0."enabled" FROM "fun_with_flags_toggles" AS f0 WHERE (f0."flag_name" = $1) ["blog"]
13:17:27.990 [debug] Telemetry event: [:fun_with_flags, :persistence, :write], metadata: %{flag_name: :blog, gate: %FunWithFlags.Gate{type: :boolean, for: nil, enabled: false}}, measurements: %{system_time: 1756495047990210024}
.13:17:27.990 [debug] QUERY OK source="fun_with_flags_toggles" db=0.1ms
INSERT INTO "fun_with_flags_toggles" AS f0 ("enabled","target","flag_name","gate_type") VALUES ($1,$2,$3,$4) ON CONFLICT ("flag_name","gate_type","target") DO UPDATE SET "enabled" = $5 RETURNING "id" [true, "_fwf_none", "blog", "boolean", true]
13:17:27.990 [debug] QUERY OK source="fun_with_flags_toggles" db=0.0ms
SELECT f0."id", f0."flag_name", f0."gate_type", f0."target", f0."enabled" FROM "fun_with_flags_toggles" AS f0 WHERE (f0."flag_name" = $1) ["blog"]
13:17:27.990 [debug] Telemetry event: [:fun_with_flags, :persistence, :write], metadata: %{flag_name: :blog, gate: %FunWithFlags.Gate{type: :boolean, for: nil, enabled: true}}, measurements: %{system_time: 1756495047990725777}
13:17:28.001 [debug] QUERY OK source="fun_with_flags_toggles" db=0.0ms
SELECT f0."id", f0."flag_name", f0."gate_type", f0."target", f0."enabled" FROM "fun_with_flags_toggles" AS f0 WHERE (f0."flag_name" = $1) ["display_draft_blog_posts"]
13:17:28.001 [debug] Telemetry event: [:fun_with_flags, :persistence, :read], metadata: %{flag_name: :display_draft_blog_posts, gate: nil}, measurements: %{system_time: 1756495048001486583}
13:17:28.001 [debug] QUERY OK source="fun_with_flags_toggles" db=0.0ms
INSERT INTO "fun_with_flags_toggles" AS f0 ("enabled","target","flag_name","gate_type") VALUES ($1,$2,$3,$4) ON CONFLICT ("flag_name","gate_type","target") DO UPDATE SET "enabled" = $5 RETURNING "id" [false, "_fwf_none", "blog", "boolean", false]
13:17:28.001 [debug] QUERY OK source="fun_with_flags_toggles" db=0.0ms
SELECT f0."id", f0."flag_name", f0."gate_type", f0."target", f0."enabled" FROM "fun_with_flags_toggles" AS f0 WHERE (f0."flag_name" = $1) ["blog"]
13:17:28.001 [debug] Telemetry event: [:fun_with_flags, :persistence, :write], metadata: %{flag_name: :blog, gate: %FunWithFlags.Gate{type: :boolean, for: nil, enabled: false}}, measurements: %{system_time: 1756495048001761724}
.13:17:28.002 [debug] QUERY OK source="fun_with_flags_toggles" db=0.1ms
INSERT INTO "fun_with_flags_toggles" AS f0 ("enabled","target","flag_name","gate_type") VALUES ($1,$2,$3,$4) ON CONFLICT ("flag_name","gate_type","target") DO UPDATE SET "enabled" = $5 RETURNING "id" [true, "_fwf_none", "blog", "boolean", true]
13:17:28.002 [debug] QUERY OK source="fun_with_flags_toggles" db=0.0ms
SELECT f0."id", f0."flag_name", f0."gate_type", f0."target", f0."enabled" FROM "fun_with_flags_toggles" AS f0 WHERE (f0."flag_name" = $1) ["blog"]
13:17:28.002 [debug] Telemetry event: [:fun_with_flags, :persistence, :write], metadata: %{flag_name: :blog, gate: %FunWithFlags.Gate{type: :boolean, for: nil, enabled: true}}, measurements: %{system_time: 1756495048002214584}
13:17:28.002 request_id=GGBS8JnoJYEt1i4AAGEB [info] GET /blog
13:17:28.002 request_id=GGBS8JnoJYEt1i4AAGEB [debug] Processing with RsolvWeb.BlogController.index/2
  Parameters: %{}
  Pipelines: [:browser]
13:17:28.002 request_id=GGBS8JnoJYEt1i4AAGEB [debug] QUERY OK source="fun_with_flags_toggles" db=0.0ms
SELECT f0."id", f0."flag_name", f0."gate_type", f0."target", f0."enabled" FROM "fun_with_flags_toggles" AS f0 WHERE (f0."flag_name" = $1) ["blog"]
13:17:28.002 request_id=GGBS8JnoJYEt1i4AAGEB [debug] Telemetry event: [:fun_with_flags, :persistence, :read], metadata: %{flag_name: :blog, gate: nil}, measurements: %{system_time: 1756495048002401294}
13:17:28.013 request_id=GGBS8JnoJYEt1i4AAGEB [debug] QUERY OK source="fun_with_flags_toggles" db=0.0ms
SELECT f0."id", f0."flag_name", f0."gate_type", f0."target", f0."enabled" FROM "fun_with_flags_toggles" AS f0 WHERE (f0."flag_name" = $1) ["display_draft_blog_posts"]
13:17:28.013 request_id=GGBS8JnoJYEt1i4AAGEB [debug] Telemetry event: [:fun_with_flags, :persistence, :read], metadata: %{flag_name: :display_draft_blog_posts, gate: nil}, measurements: %{system_time: 1756495048013188744}
13:17:28.013 request_id=GGBS8JnoJYEt1i4AAGEB [debug] QUERY OK source="fun_with_flags_toggles" db=0.0ms
SELECT f0."id", f0."flag_name", f0."gate_type", f0."target", f0."enabled" FROM "fun_with_flags_toggles" AS f0 WHERE (f0."flag_name" = $1) ["blog"]
13:17:28.013 request_id=GGBS8JnoJYEt1i4AAGEB [debug] Telemetry event: [:fun_with_flags, :persistence, :read], metadata: %{flag_name: :blog, gate: nil}, measurements: %{system_time: 1756495048013352741}
13:17:28.013 request_id=GGBS8JnoJYEt1i4AAGEB [info] Sent 200 in 11ms
13:17:28.013 [debug] QUERY OK source="fun_with_flags_toggles" db=0.0ms
INSERT INTO "fun_with_flags_toggles" AS f0 ("enabled","target","flag_name","gate_type") VALUES ($1,$2,$3,$4) ON CONFLICT ("flag_name","gate_type","target") DO UPDATE SET "enabled" = $5 RETURNING "id" [false, "_fwf_none", "blog", "boolean", false]
13:17:28.013 [debug] QUERY OK source="fun_with_flags_toggles" db=0.0ms
SELECT f0."id", f0."flag_name", f0."gate_type", f0."target", f0."enabled" FROM "fun_with_flags_toggles" AS f0 WHERE (f0."flag_name" = $1) ["blog"]
13:17:28.013 [debug] Telemetry event: [:fun_with_flags, :persistence, :write], metadata: %{flag_name: :blog, gate: %FunWithFlags.Gate{type: :boolean, for: nil, enabled: false}}, measurements: %{system_time: 1756495048013736220}
.13:17:28.014 [debug] QUERY OK source="fun_with_flags_toggles" db=0.1ms
INSERT INTO "fun_with_flags_toggles" AS f0 ("enabled","target","flag_name","gate_type") VALUES ($1,$2,$3,$4) ON CONFLICT ("flag_name","gate_type","target") DO UPDATE SET "enabled" = $5 RETURNING "id" [true, "_fwf_none", "blog", "boolean", true]
13:17:28.014 [debug] QUERY OK source="fun_with_flags_toggles" db=0.0ms
SELECT f0."id", f0."flag_name", f0."gate_type", f0."target", f0."enabled" FROM "fun_with_flags_toggles" AS f0 WHERE (f0."flag_name" = $1) ["blog"]
13:17:28.014 [debug] Telemetry event: [:fun_with_flags, :persistence, :write], metadata: %{flag_name: :blog, gate: %FunWithFlags.Gate{type: :boolean, for: nil, enabled: true}}, measurements: %{system_time: 1756495048014175701}
13:17:28.014 [debug] QUERY OK source="fun_with_flags_toggles" db=0.0ms
INSERT INTO "fun_with_flags_toggles" AS f0 ("enabled","target","flag_name","gate_type") VALUES ($1,$2,$3,$4) ON CONFLICT ("flag_name","gate_type","target") DO UPDATE SET "enabled" = $5 RETURNING "id" [false, "_fwf_none", "blog", "boolean", false]
13:17:28.014 [debug] QUERY OK source="fun_with_flags_toggles" db=0.0ms
SELECT f0."id", f0."flag_name", f0."gate_type", f0."target", f0."enabled" FROM "fun_with_flags_toggles" AS f0 WHERE (f0."flag_name" = $1) ["blog"]
13:17:28.014 [debug] Telemetry event: [:fun_with_flags, :persistence, :write], metadata: %{flag_name: :blog, gate: %FunWithFlags.Gate{type: :boolean, for: nil, enabled: false}}, measurements: %{system_time: 1756495048014363085}
13:17:28.014 request_id=GGBS8JqhbZrm49UAADUC [info] GET /blog
13:17:28.014 request_id=GGBS8JqhbZrm49UAADUC [debug] Processing with RsolvWeb.BlogController.index/2
  Parameters: %{}
  Pipelines: [:browser]
13:17:28.014 request_id=GGBS8JqhbZrm49UAADUC [debug] QUERY OK source="fun_with_flags_toggles" db=0.0ms
SELECT f0."id", f0."flag_name", f0."gate_type", f0."target", f0."enabled" FROM "fun_with_flags_toggles" AS f0 WHERE (f0."flag_name" = $1) ["blog"]
13:17:28.014 request_id=GGBS8JqhbZrm49UAADUC [debug] Telemetry event: [:fun_with_flags, :persistence, :read], metadata: %{flag_name: :blog, gate: nil}, measurements: %{system_time: 1756495048014511222}
13:17:28.014 request_id=GGBS8JqhbZrm49UAADUC [debug] QUERY OK source="fun_with_flags_toggles" db=0.0ms
SELECT f0."id", f0."flag_name", f0."gate_type", f0."target", f0."enabled" FROM "fun_with_flags_toggles" AS f0 WHERE (f0."flag_name" = $1) ["blog"]
13:17:28.014 request_id=GGBS8JqhbZrm49UAADUC [debug] Telemetry event: [:fun_with_flags, :persistence, :read], metadata: %{flag_name: :blog, gate: nil}, measurements: %{system_time: 1756495048014637104}
13:17:28.014 request_id=GGBS8JqhbZrm49UAADUC [info] Sent 404 in 307µs
13:17:28.014 request_id=GGBS8JqhbZrm49UAADUC [debug] RsolvWeb.BlogController halted in :check_blog_feature_flag/2
13:17:28.014 [debug] QUERY OK source="fun_with_flags_toggles" db=0.0ms
INSERT INTO "fun_with_flags_toggles" AS f0 ("enabled","target","flag_name","gate_type") VALUES ($1,$2,$3,$4) ON CONFLICT ("flag_name","gate_type","target") DO UPDATE SET "enabled" = $5 RETURNING "id" [false, "_fwf_none", "blog", "boolean", false]
13:17:28.014 [debug] QUERY OK source="fun_with_flags_toggles" db=0.0ms
SELECT f0."id", f0."flag_name", f0."gate_type", f0."target", f0."enabled" FROM "fun_with_flags_toggles" AS f0 WHERE (f0."flag_name" = $1) ["blog"]
13:17:28.014 [debug] Telemetry event: [:fun_with_flags, :persistence, :write], metadata: %{flag_name: :blog, gate: %FunWithFlags.Gate{type: :boolean, for: nil, enabled: false}}, measurements: %{system_time: 1756495048014937336}
.13:17:28.015 [debug] QUERY OK source="fun_with_flags_toggles" db=0.1ms
INSERT INTO "fun_with_flags_toggles" AS f0 ("enabled","target","flag_name","gate_type") VALUES ($1,$2,$3,$4) ON CONFLICT ("flag_name","gate_type","target") DO UPDATE SET "enabled" = $5 RETURNING "id" [true, "_fwf_none", "blog", "boolean", true]
13:17:28.015 [debug] QUERY OK source="fun_with_flags_toggles" db=0.0ms
SELECT f0."id", f0."flag_name", f0."gate_type", f0."target", f0."enabled" FROM "fun_with_flags_toggles" AS f0 WHERE (f0."flag_name" = $1) ["blog"]
13:17:28.015 [debug] Telemetry event: [:fun_with_flags, :persistence, :write], metadata: %{flag_name: :blog, gate: %FunWithFlags.Gate{type: :boolean, for: nil, enabled: true}}, measurements: %{system_time: 1756495048015396610}
13:17:28.015 [debug] QUERY OK source="fun_with_flags_toggles" db=0.0ms
INSERT INTO "fun_with_flags_toggles" AS f0 ("enabled","target","flag_name","gate_type") VALUES ($1,$2,$3,$4) ON CONFLICT ("flag_name","gate_type","target") DO UPDATE SET "enabled" = $5 RETURNING "id" [false, "_fwf_none", "blog", "boolean", false]
13:17:28.015 [debug] QUERY OK source="fun_with_flags_toggles" db=0.0ms
SELECT f0."id", f0."flag_name", f0."gate_type", f0."target", f0."enabled" FROM "fun_with_flags_toggles" AS f0 WHERE (f0."flag_name" = $1) ["blog"]
13:17:28.015 [debug] Telemetry event: [:fun_with_flags, :persistence, :write], metadata: %{flag_name: :blog, gate: %FunWithFlags.Gate{type: :boolean, for: nil, enabled: false}}, measurements: %{system_time: 1756495048015649553}
.13:17:28.015 [debug] QUERY OK source="fun_with_flags_toggles" db=0.1ms
INSERT INTO "fun_with_flags_toggles" AS f0 ("enabled","target","flag_name","gate_type") VALUES ($1,$2,$3,$4) ON CONFLICT ("flag_name","gate_type","target") DO UPDATE SET "enabled" = $5 RETURNING "id" [true, "_fwf_none", "blog", "boolean", true]
13:17:28.016 [debug] QUERY OK source="fun_with_flags_toggles" db=0.0ms
SELECT f0."id", f0."flag_name", f0."gate_type", f0."target", f0."enabled" FROM "fun_with_flags_toggles" AS f0 WHERE (f0."flag_name" = $1) ["blog"]
13:17:28.016 [debug] Telemetry event: [:fun_with_flags, :persistence, :write], metadata: %{flag_name: :blog, gate: %FunWithFlags.Gate{type: :boolean, for: nil, enabled: true}}, measurements: %{system_time: 1756495048016088170}
13:17:28.016 [debug] QUERY OK source="fun_with_flags_toggles" db=0.0ms
INSERT INTO "fun_with_flags_toggles" AS f0 ("enabled","target","flag_name","gate_type") VALUES ($1,$2,$3,$4) ON CONFLICT ("flag_name","gate_type","target") DO UPDATE SET "enabled" = $5 RETURNING "id" [false, "_fwf_none", "blog", "boolean", false]
13:17:28.016 [debug] QUERY OK source="fun_with_flags_toggles" db=0.0ms
SELECT f0."id", f0."flag_name", f0."gate_type", f0."target", f0."enabled" FROM "fun_with_flags_toggles" AS f0 WHERE (f0."flag_name" = $1) ["blog"]
13:17:28.016 [debug] Telemetry event: [:fun_with_flags, :persistence, :write], metadata: %{flag_name: :blog, gate: %FunWithFlags.Gate{type: :boolean, for: nil, enabled: false}}, measurements: %{system_time: 1756495048016393998}
.13:17:28.016 [debug] QUERY OK source="fun_with_flags_toggles" db=0.0ms
INSERT INTO "fun_with_flags_toggles" AS f0 ("enabled","target","flag_name","gate_type") VALUES ($1,$2,$3,$4) ON CONFLICT ("flag_name","gate_type","target") DO UPDATE SET "enabled" = $5 RETURNING "id" [true, "_fwf_none", "blog", "boolean", true]
13:17:28.016 [debug] QUERY OK source="fun_with_flags_toggles" db=0.0ms
SELECT f0."id", f0."flag_name", f0."gate_type", f0."target", f0."enabled" FROM "fun_with_flags_toggles" AS f0 WHERE (f0."flag_name" = $1) ["blog"]
13:17:28.016 [debug] Telemetry event: [:fun_with_flags, :persistence, :write], metadata: %{flag_name: :blog, gate: %FunWithFlags.Gate{type: :boolean, for: nil, enabled: true}}, measurements: %{system_time: 1756495048016795148}
13:17:28.016 [debug] QUERY OK source="fun_with_flags_toggles" db=0.0ms
INSERT INTO "fun_with_flags_toggles" AS f0 ("enabled","target","flag_name","gate_type") VALUES ($1,$2,$3,$4) ON CONFLICT ("flag_name","gate_type","target") DO UPDATE SET "enabled" = $5 RETURNING "id" [false, "_fwf_none", "blog", "boolean", false]
13:17:28.017 [debug] QUERY OK source="fun_with_flags_toggles" db=0.0ms
SELECT f0."id", f0."flag_name", f0."gate_type", f0."target", f0."enabled" FROM "fun_with_flags_toggles" AS f0 WHERE (f0."flag_name" = $1) ["blog"]
13:17:28.017 [debug] Telemetry event: [:fun_with_flags, :persistence, :write], metadata: %{flag_name: :blog, gate: %FunWithFlags.Gate{type: :boolean, for: nil, enabled: false}}, measurements: %{system_time: 1756495048017012898}
.13:17:28.017 [debug] QUERY OK source="fun_with_flags_toggles" db=0.0ms
INSERT INTO "fun_with_flags_toggles" AS f0 ("enabled","target","flag_name","gate_type") VALUES ($1,$2,$3,$4) ON CONFLICT ("flag_name","gate_type","target") DO UPDATE SET "enabled" = $5 RETURNING "id" [true, "_fwf_none", "blog", "boolean", true]
13:17:28.017 [debug] QUERY OK source="fun_with_flags_toggles" db=0.0ms
SELECT f0."id", f0."flag_name", f0."gate_type", f0."target", f0."enabled" FROM "fun_with_flags_toggles" AS f0 WHERE (f0."flag_name" = $1) ["blog"]
13:17:28.017 [debug] Telemetry event: [:fun_with_flags, :persistence, :write], metadata: %{flag_name: :blog, gate: %FunWithFlags.Gate{type: :boolean, for: nil, enabled: true}}, measurements: %{system_time: 1756495048017413357}
13:17:28.017 [debug] QUERY OK source="fun_with_flags_toggles" db=0.0ms
INSERT INTO "fun_with_flags_toggles" AS f0 ("enabled","target","flag_name","gate_type") VALUES ($1,$2,$3,$4) ON CONFLICT ("flag_name","gate_type","target") DO UPDATE SET "enabled" = $5 RETURNING "id" [false, "_fwf_none", "blog", "boolean", false]
13:17:28.017 [debug] QUERY OK source="fun_with_flags_toggles" db=0.0ms
SELECT f0."id", f0."flag_name", f0."gate_type", f0."target", f0."enabled" FROM "fun_with_flags_toggles" AS f0 WHERE (f0."flag_name" = $1) ["blog"]
13:17:28.017 [debug] Telemetry event: [:fun_with_flags, :persistence, :write], metadata: %{flag_name: :blog, gate: %FunWithFlags.Gate{type: :boolean, for: nil, enabled: false}}, measurements: %{system_time: 1756495048017678893}
.13:17:28.017 [debug] QUERY OK source="fun_with_flags_toggles" db=0.0ms
INSERT INTO "fun_with_flags_toggles" AS f0 ("enabled","target","flag_name","gate_type") VALUES ($1,$2,$3,$4) ON CONFLICT ("flag_name","gate_type","target") DO UPDATE SET "enabled" = $5 RETURNING "id" [true, "_fwf_none", "blog", "boolean", true]
13:17:28.018 [debug] QUERY OK source="fun_with_flags_toggles" db=0.0ms
SELECT f0."id", f0."flag_name", f0."gate_type", f0."target", f0."enabled" FROM "fun_with_flags_toggles" AS f0 WHERE (f0."flag_name" = $1) ["blog"]
13:17:28.018 [debug] Telemetry event: [:fun_with_flags, :persistence, :write], metadata: %{flag_name: :blog, gate: %FunWithFlags.Gate{type: :boolean, for: nil, enabled: true}}, measurements: %{system_time: 1756495048018081686}
13:17:28.018 request_id=GGBS8JraXmlpQDEAAGGB [info] GET /blog/nonexistent-post
13:17:28.018 request_id=GGBS8JraXmlpQDEAAGGB [debug] Processing with RsolvWeb.BlogController.show/2
  Parameters: %{"slug" => "nonexistent-post"}
  Pipelines: [:browser]
13:17:28.018 request_id=GGBS8JraXmlpQDEAAGGB [debug] QUERY OK source="fun_with_flags_toggles" db=0.0ms
SELECT f0."id", f0."flag_name", f0."gate_type", f0."target", f0."enabled" FROM "fun_with_flags_toggles" AS f0 WHERE (f0."flag_name" = $1) ["blog"]
13:17:28.018 request_id=GGBS8JraXmlpQDEAAGGB [debug] Telemetry event: [:fun_with_flags, :persistence, :read], metadata: %{flag_name: :blog, gate: nil}, measurements: %{system_time: 1756495048018292460}
13:17:28.018 request_id=GGBS8JraXmlpQDEAAGGB [debug] QUERY OK source="fun_with_flags_toggles" db=0.0ms
SELECT f0."id", f0."flag_name", f0."gate_type", f0."target", f0."enabled" FROM "fun_with_flags_toggles" AS f0 WHERE (f0."flag_name" = $1) ["blog"]
13:17:28.018 request_id=GGBS8JraXmlpQDEAAGGB [debug] Telemetry event: [:fun_with_flags, :persistence, :read], metadata: %{flag_name: :blog, gate: nil}, measurements: %{system_time: 1756495048018469644}
13:17:28.018 request_id=GGBS8JraXmlpQDEAAGGB [info] Sent 404 in 387µs
13:17:28.018 [debug] QUERY OK source="fun_with_flags_toggles" db=0.0ms
INSERT INTO "fun_with_flags_toggles" AS f0 ("enabled","target","flag_name","gate_type") VALUES ($1,$2,$3,$4) ON CONFLICT ("flag_name","gate_type","target") DO UPDATE SET "enabled" = $5 RETURNING "id" [false, "_fwf_none", "blog", "boolean", false]
13:17:28.018 [debug] QUERY OK source="fun_with_flags_toggles" db=0.0ms
SELECT f0."id", f0."flag_name", f0."gate_type", f0."target", f0."enabled" FROM "fun_with_flags_toggles" AS f0 WHERE (f0."flag_name" = $1) ["blog"]
13:17:28.018 [debug] Telemetry event: [:fun_with_flags, :persistence, :write], metadata: %{flag_name: :blog, gate: %FunWithFlags.Gate{type: :boolean, for: nil, enabled: false}}, measurements: %{system_time: 1756495048018746397}
.13:17:28.019 [debug] QUERY OK source="fun_with_flags_toggles" db=0.0ms
INSERT INTO "fun_with_flags_toggles" AS f0 ("enabled","target","flag_name","gate_type") VALUES ($1,$2,$3,$4) ON CONFLICT ("flag_name","gate_type","target") DO UPDATE SET "enabled" = $5 RETURNING "id" [true, "_fwf_none", "blog", "boolean", true]
13:17:28.019 [debug] QUERY OK source="fun_with_flags_toggles" db=0.0ms
SELECT f0."id", f0."flag_name", f0."gate_type", f0."target", f0."enabled" FROM "fun_with_flags_toggles" AS f0 WHERE (f0."flag_name" = $1) ["blog"]
13:17:28.019 [debug] Telemetry event: [:fun_with_flags, :persistence, :write], metadata: %{flag_name: :blog, gate: %FunWithFlags.Gate{type: :boolean, for: nil, enabled: true}}, measurements: %{system_time: 1756495048019133841}
13:17:28.019 request_id=GGBS8JrqQ8PpQo0AAGIB [info] GET /blog
13:17:28.019 request_id=GGBS8JrqQ8PpQo0AAGIB [debug] Processing with RsolvWeb.BlogController.index/2
  Parameters: %{}
  Pipelines: [:browser]
13:17:28.019 request_id=GGBS8JrqQ8PpQo0AAGIB [debug] QUERY OK source="fun_with_flags_toggles" db=0.0ms
SELECT f0."id", f0."flag_name", f0."gate_type", f0."target", f0."enabled" FROM "fun_with_flags_toggles" AS f0 WHERE (f0."flag_name" = $1) ["blog"]
13:17:28.019 request_id=GGBS8JrqQ8PpQo0AAGIB [debug] Telemetry event: [:fun_with_flags, :persistence, :read], metadata: %{flag_name: :blog, gate: nil}, measurements: %{system_time: 1756495048019287452}
13:17:28.030 request_id=GGBS8JrqQ8PpQo0AAGIB [debug] QUERY OK source="fun_with_flags_toggles" db=0.0ms
SELECT f0."id", f0."flag_name", f0."gate_type", f0."target", f0."enabled" FROM "fun_with_flags_toggles" AS f0 WHERE (f0."flag_name" = $1) ["display_draft_blog_posts"]
13:17:28.030 request_id=GGBS8JrqQ8PpQo0AAGIB [debug] Telemetry event: [:fun_with_flags, :persistence, :read], metadata: %{flag_name: :display_draft_blog_posts, gate: nil}, measurements: %{system_time: 1756495048030200957}
13:17:28.030 request_id=GGBS8JrqQ8PpQo0AAGIB [debug] QUERY OK source="fun_with_flags_toggles" db=0.0ms
SELECT f0."id", f0."flag_name", f0."gate_type", f0."target", f0."enabled" FROM "fun_with_flags_toggles" AS f0 WHERE (f0."flag_name" = $1) ["blog"]
13:17:28.030 request_id=GGBS8JrqQ8PpQo0AAGIB [debug] Telemetry event: [:fun_with_flags, :persistence, :read], metadata: %{flag_name: :blog, gate: nil}, measurements: %{system_time: 1756495048030347495}
13:17:28.030 request_id=GGBS8JrqQ8PpQo0AAGIB [info] Sent 200 in 11ms
13:17:28.030 [debug] QUERY OK source="fun_with_flags_toggles" db=0.0ms
INSERT INTO "fun_with_flags_toggles" AS f0 ("enabled","target","flag_name","gate_type") VALUES ($1,$2,$3,$4) ON CONFLICT ("flag_name","gate_type","target") DO UPDATE SET "enabled" = $5 RETURNING "id" [false, "_fwf_none", "blog", "boolean", false]
13:17:28.030 [debug] QUERY OK source="fun_with_flags_toggles" db=0.0ms
SELECT f0."id", f0."flag_name", f0."gate_type", f0."target", f0."enabled" FROM "fun_with_flags_toggles" AS f0 WHERE (f0."flag_name" = $1) ["blog"]
13:17:28.030 [debug] Telemetry event: [:fun_with_flags, :persistence, :write], metadata: %{flag_name: :blog, gate: %FunWithFlags.Gate{type: :boolean, for: nil, enabled: false}}, measurements: %{system_time: 1756495048030675912}
.13:17:28.031 [debug] QUERY OK source="fun_with_flags_toggles" db=0.1ms
INSERT INTO "fun_with_flags_toggles" AS f0 ("enabled","target","flag_name","gate_type") VALUES ($1,$2,$3,$4) ON CONFLICT ("flag_name","gate_type","target") DO UPDATE SET "enabled" = $5 RETURNING "id" [true, "_fwf_none", "blog", "boolean", true]
13:17:28.031 [debug] QUERY OK source="fun_with_flags_toggles" db=0.0ms
SELECT f0."id", f0."flag_name", f0."gate_type", f0."target", f0."enabled" FROM "fun_with_flags_toggles" AS f0 WHERE (f0."flag_name" = $1) ["blog"]
13:17:28.031 [debug] Telemetry event: [:fun_with_flags, :persistence, :write], metadata: %{flag_name: :blog, gate: %FunWithFlags.Gate{type: :boolean, for: nil, enabled: true}}, measurements: %{system_time: 1756495048031156330}
13:17:28.041 [debug] QUERY OK source="fun_with_flags_toggles" db=0.0ms
SELECT f0."id", f0."flag_name", f0."gate_type", f0."target", f0."enabled" FROM "fun_with_flags_toggles" AS f0 WHERE (f0."flag_name" = $1) ["display_draft_blog_posts"]
13:17:28.041 [debug] Telemetry event: [:fun_with_flags, :persistence, :read], metadata: %{flag_name: :display_draft_blog_posts, gate: nil}, measurements: %{system_time: 1756495048041779026}
13:17:28.042 request_id=GGBS8JxSCzvcIkQAAGKB [info] GET /blog/why-security-fixes-take-30-days
13:17:28.042 request_id=GGBS8JxSCzvcIkQAAGKB [debug] Processing with RsolvWeb.BlogController.show/2
  Parameters: %{"slug" => "why-security-fixes-take-30-days"}
  Pipelines: [:browser]
13:17:28.042 request_id=GGBS8JxSCzvcIkQAAGKB [debug] QUERY OK source="fun_with_flags_toggles" db=0.0ms
SELECT f0."id", f0."flag_name", f0."gate_type", f0."target", f0."enabled" FROM "fun_with_flags_toggles" AS f0 WHERE (f0."flag_name" = $1) ["blog"]
13:17:28.043 request_id=GGBS8JxSCzvcIkQAAGKB [debug] Telemetry event: [:fun_with_flags, :persistence, :read], metadata: %{flag_name: :blog, gate: nil}, measurements: %{system_time: 1756495048043007684}
13:17:28.045 request_id=GGBS8JxSCzvcIkQAAGKB [debug] QUERY OK source="fun_with_flags_toggles" db=0.0ms
SELECT f0."id", f0."flag_name", f0."gate_type", f0."target", f0."enabled" FROM "fun_with_flags_toggles" AS f0 WHERE (f0."flag_name" = $1) ["blog"]
13:17:28.045 request_id=GGBS8JxSCzvcIkQAAGKB [debug] Telemetry event: [:fun_with_flags, :persistence, :read], metadata: %{flag_name: :blog, gate: nil}, measurements: %{system_time: 1756495048045068039}
13:17:28.046 request_id=GGBS8JxSCzvcIkQAAGKB [info] Sent 200 in 3ms
13:17:28.046 [debug] QUERY OK source="fun_with_flags_toggles" db=0.2ms queue=0.1ms
INSERT INTO "fun_with_flags_toggles" AS f0 ("enabled","target","flag_name","gate_type") VALUES ($1,$2,$3,$4) ON CONFLICT ("flag_name","gate_type","target") DO UPDATE SET "enabled" = $5 RETURNING "id" [false, "_fwf_none", "blog", "boolean", false]
13:17:28.046 [debug] QUERY OK source="fun_with_flags_toggles" db=0.1ms
SELECT f0."id", f0."flag_name", f0."gate_type", f0."target", f0."enabled" FROM "fun_with_flags_toggles" AS f0 WHERE (f0."flag_name" = $1) ["blog"]
13:17:28.046 [debug] Telemetry event: [:fun_with_flags, :persistence, :write], metadata: %{flag_name: :blog, gate: %FunWithFlags.Gate{type: :boolean, for: nil, enabled: false}}, measurements: %{system_time: 1756495048046805694}
.13:17:28.047 [debug] QUERY OK source="fun_with_flags_toggles" db=0.1ms
INSERT INTO "fun_with_flags_toggles" AS f0 ("enabled","target","flag_name","gate_type") VALUES ($1,$2,$3,$4) ON CONFLICT ("flag_name","gate_type","target") DO UPDATE SET "enabled" = $5 RETURNING "id" [true, "_fwf_none", "blog", "boolean", true]
13:17:28.047 [debug] QUERY OK source="fun_with_flags_toggles" db=0.1ms
SELECT f0."id", f0."flag_name", f0."gate_type", f0."target", f0."enabled" FROM "fun_with_flags_toggles" AS f0 WHERE (f0."flag_name" = $1) ["blog"]
13:17:28.047 [debug] Telemetry event: [:fun_with_flags, :persistence, :write], metadata: %{flag_name: :blog, gate: %FunWithFlags.Gate{type: :boolean, for: nil, enabled: true}}, measurements: %{system_time: 1756495048047697909}
13:17:28.047 request_id=GGBS8Jyeb8v3qWgAAGMB [info] GET /blog
13:17:28.047 request_id=GGBS8Jyeb8v3qWgAAGMB [debug] Processing with RsolvWeb.BlogController.index/2
  Parameters: %{}
  Pipelines: [:browser]
13:17:28.048 request_id=GGBS8Jyeb8v3qWgAAGMB [debug] QUERY OK source="fun_with_flags_toggles" db=0.1ms
SELECT f0."id", f0."flag_name", f0."gate_type", f0."target", f0."enabled" FROM "fun_with_flags_toggles" AS f0 WHERE (f0."flag_name" = $1) ["blog"]
13:17:28.048 request_id=GGBS8Jyeb8v3qWgAAGMB [debug] Telemetry event: [:fun_with_flags, :persistence, :read], metadata: %{flag_name: :blog, gate: nil}, measurements: %{system_time: 1756495048048096080}
13:17:28.060 request_id=GGBS8Jyeb8v3qWgAAGMB [debug] QUERY OK source="fun_with_flags_toggles" db=0.1ms
SELECT f0."id", f0."flag_name", f0."gate_type", f0."target", f0."enabled" FROM "fun_with_flags_toggles" AS f0 WHERE (f0."flag_name" = $1) ["display_draft_blog_posts"]
13:17:28.060 request_id=GGBS8Jyeb8v3qWgAAGMB [debug] Telemetry event: [:fun_with_flags, :persistence, :read], metadata: %{flag_name: :display_draft_blog_posts, gate: nil}, measurements: %{system_time: 1756495048060494647}
13:17:28.060 request_id=GGBS8Jyeb8v3qWgAAGMB [debug] QUERY OK source="fun_with_flags_toggles" db=0.1ms
SELECT f0."id", f0."flag_name", f0."gate_type", f0."target", f0."enabled" FROM "fun_with_flags_toggles" AS f0 WHERE (f0."flag_name" = $1) ["blog"]
13:17:28.060 request_id=GGBS8Jyeb8v3qWgAAGMB [debug] Telemetry event: [:fun_with_flags, :persistence, :read], metadata: %{flag_name: :blog, gate: nil}, measurements: %{system_time: 1756495048060754687}
13:17:28.060 request_id=GGBS8Jyeb8v3qWgAAGMB [info] Sent 200 in 13ms
13:17:28.061 [debug] QUERY OK source="fun_with_flags_toggles" db=0.1ms
INSERT INTO "fun_with_flags_toggles" AS f0 ("enabled","target","flag_name","gate_type") VALUES ($1,$2,$3,$4) ON CONFLICT ("flag_name","gate_type","target") DO UPDATE SET "enabled" = $5 RETURNING "id" [false, "_fwf_none", "blog", "boolean", false]
13:17:28.061 [debug] QUERY OK source="fun_with_flags_toggles" db=0.1ms
SELECT f0."id", f0."flag_name", f0."gate_type", f0."target", f0."enabled" FROM "fun_with_flags_toggles" AS f0 WHERE (f0."flag_name" = $1) ["blog"]
13:17:28.061 [debug] Telemetry event: [:fun_with_flags, :persistence, :write], metadata: %{flag_name: :blog, gate: %FunWithFlags.Gate{type: :boolean, for: nil, enabled: false}}, measurements: %{system_time: 1756495048061362479}
.13:17:28.061 [debug] QUERY OK source="fun_with_flags_toggles" db=0.1ms
INSERT INTO "fun_with_flags_toggles" AS f0 ("enabled","target","flag_name","gate_type") VALUES ($1,$2,$3,$4) ON CONFLICT ("flag_name","gate_type","target") DO UPDATE SET "enabled" = $5 RETURNING "id" [true, "_fwf_none", "blog", "boolean", true]
13:17:28.062 [debug] QUERY OK source="fun_with_flags_toggles" db=0.1ms
SELECT f0."id", f0."flag_name", f0."gate_type", f0."target", f0."enabled" FROM "fun_with_flags_toggles" AS f0 WHERE (f0."flag_name" = $1) ["blog"]
13:17:28.062 [debug] Telemetry event: [:fun_with_flags, :persistence, :write], metadata: %{flag_name: :blog, gate: %FunWithFlags.Gate{type: :boolean, for: nil, enabled: true}}, measurements: %{system_time: 1756495048062078304}
13:17:28.074 [debug] QUERY OK source="fun_with_flags_toggles" db=0.1ms
SELECT f0."id", f0."flag_name", f0."gate_type", f0."target", f0."enabled" FROM "fun_with_flags_toggles" AS f0 WHERE (f0."flag_name" = $1) ["display_draft_blog_posts"]
13:17:28.074 [debug] Telemetry event: [:fun_with_flags, :persistence, :read], metadata: %{flag_name: :display_draft_blog_posts, gate: nil}, measurements: %{system_time: 1756495048074039922}
13:17:28.076 [debug] QUERY OK source="fun_with_flags_toggles" db=0.1ms
INSERT INTO "fun_with_flags_toggles" AS f0 ("enabled","target","flag_name","gate_type") VALUES ($1,$2,$3,$4) ON CONFLICT ("flag_name","gate_type","target") DO UPDATE SET "enabled" = $5 RETURNING "id" [false, "_fwf_none", "blog", "boolean", false]
13:17:28.076 [debug] QUERY OK source="fun_with_flags_toggles" db=0.0ms
SELECT f0."id", f0."flag_name", f0."gate_type", f0."target", f0."enabled" FROM "fun_with_flags_toggles" AS f0 WHERE (f0."flag_name" = $1) ["blog"]
13:17:28.076 [debug] Telemetry event: [:fun_with_flags, :persistence, :write], metadata: %{flag_name: :blog, gate: %FunWithFlags.Gate{type: :boolean, for: nil, enabled: false}}, measurements: %{system_time: 1756495048076237922}
.13:17:28.076 [debug] QUERY OK source="fun_with_flags_toggles" db=0.2ms
INSERT INTO "fun_with_flags_toggles" AS f0 ("enabled","target","flag_name","gate_type") VALUES ($1,$2,$3,$4) ON CONFLICT ("flag_name","gate_type","target") DO UPDATE SET "enabled" = $5 RETURNING "id" [true, "_fwf_none", "blog", "boolean", true]
13:17:28.077 [debug] QUERY OK source="fun_with_flags_toggles" db=0.1ms
SELECT f0."id", f0."flag_name", f0."gate_type", f0."target", f0."enabled" FROM "fun_with_flags_toggles" AS f0 WHERE (f0."flag_name" = $1) ["blog"]
13:17:28.077 [debug] Telemetry event: [:fun_with_flags, :persistence, :write], metadata: %{flag_name: :blog, gate: %FunWithFlags.Gate{type: :boolean, for: nil, enabled: true}}, measurements: %{system_time: 1756495048077078056}
13:17:28.077 [debug] QUERY OK source="fun_with_flags_toggles" db=0.1ms
INSERT INTO "fun_with_flags_toggles" AS f0 ("enabled","target","flag_name","gate_type") VALUES ($1,$2,$3,$4) ON CONFLICT ("flag_name","gate_type","target") DO UPDATE SET "enabled" = $5 RETURNING "id" [false, "_fwf_none", "blog", "boolean", false]
13:17:28.077 [debug] QUERY OK source="fun_with_flags_toggles" db=0.0ms
SELECT f0."id", f0."flag_name", f0."gate_type", f0."target", f0."enabled" FROM "fun_with_flags_toggles" AS f0 WHERE (f0."flag_name" = $1) ["blog"]
13:17:28.077 [debug] Telemetry event: [:fun_with_flags, :persistence, :write], metadata: %{flag_name: :blog, gate: %FunWithFlags.Gate{type: :boolean, for: nil, enabled: false}}, measurements: %{system_time: 1756495048077475212}
13:17:28.077 request_id=GGBS8J5k4xn-LKYAADWC [info] GET /blog/test-post
13:17:28.077 request_id=GGBS8J5k4xn-LKYAADWC [debug] Processing with RsolvWeb.BlogController.show/2
  Parameters: %{"slug" => "test-post"}
  Pipelines: [:browser]
13:17:28.077 request_id=GGBS8J5k4xn-LKYAADWC [debug] QUERY OK source="fun_with_flags_toggles" db=0.0ms
SELECT f0."id", f0."flag_name", f0."gate_type", f0."target", f0."enabled" FROM "fun_with_flags_toggles" AS f0 WHERE (f0."flag_name" = $1) ["blog"]
13:17:28.077 request_id=GGBS8J5k4xn-LKYAADWC [debug] Telemetry event: [:fun_with_flags, :persistence, :read], metadata: %{flag_name: :blog, gate: nil}, measurements: %{system_time: 1756495048077766479}
13:17:28.078 request_id=GGBS8J5k4xn-LKYAADWC [debug] QUERY OK source="fun_with_flags_toggles" db=0.1ms
SELECT f0."id", f0."flag_name", f0."gate_type", f0."target", f0."enabled" FROM "fun_with_flags_toggles" AS f0 WHERE (f0."flag_name" = $1) ["blog"]
13:17:28.078 request_id=GGBS8J5k4xn-LKYAADWC [debug] Telemetry event: [:fun_with_flags, :persistence, :read], metadata: %{flag_name: :blog, gate: nil}, measurements: %{system_time: 1756495048078041102}
13:17:28.078 request_id=GGBS8J5k4xn-LKYAADWC [info] Sent 404 in 579µs
13:17:28.078 request_id=GGBS8J5k4xn-LKYAADWC [debug] RsolvWeb.BlogController halted in :check_blog_feature_flag/2
13:17:28.078 [debug] QUERY OK source="fun_with_flags_toggles" db=0.0ms
INSERT INTO "fun_with_flags_toggles" AS f0 ("enabled","target","flag_name","gate_type") VALUES ($1,$2,$3,$4) ON CONFLICT ("flag_name","gate_type","target") DO UPDATE SET "enabled" = $5 RETURNING "id" [false, "_fwf_none", "blog", "boolean", false]
13:17:28.078 [debug] QUERY OK source="fun_with_flags_toggles" db=0.0ms
SELECT f0."id", f0."flag_name", f0."gate_type", f0."target", f0."enabled" FROM "fun_with_flags_toggles" AS f0 WHERE (f0."flag_name" = $1) ["blog"]
13:17:28.078 [debug] Telemetry event: [:fun_with_flags, :persistence, :write], metadata: %{flag_name: :blog, gate: %FunWithFlags.Gate{type: :boolean, for: nil, enabled: false}}, measurements: %{system_time: 1756495048078477622}
.13:17:28.078 [debug] QUERY OK source="fun_with_flags_toggles" db=0.0ms
INSERT INTO "fun_with_flags_toggles" AS f0 ("enabled","target","flag_name","gate_type") VALUES ($1,$2,$3,$4) ON CONFLICT ("flag_name","gate_type","target") DO UPDATE SET "enabled" = $5 RETURNING "id" [true, "_fwf_none", "blog", "boolean", true]
13:17:28.078 [debug] QUERY OK source="fun_with_flags_toggles" db=0.0ms
SELECT f0."id", f0."flag_name", f0."gate_type", f0."target", f0."enabled" FROM "fun_with_flags_toggles" AS f0 WHERE (f0."flag_name" = $1) ["blog"]
13:17:28.078 [debug] Telemetry event: [:fun_with_flags, :persistence, :write], metadata: %{flag_name: :blog, gate: %FunWithFlags.Gate{type: :boolean, for: nil, enabled: true}}, measurements: %{system_time: 1756495048078976985}
13:17:28.089 [debug] QUERY OK source="fun_with_flags_toggles" db=0.0ms
SELECT f0."id", f0."flag_name", f0."gate_type", f0."target", f0."enabled" FROM "fun_with_flags_toggles" AS f0 WHERE (f0."flag_name" = $1) ["display_draft_blog_posts"]
13:17:28.089 [debug] Telemetry event: [:fun_with_flags, :persistence, :read], metadata: %{flag_name: :display_draft_blog_posts, gate: nil}, measurements: %{system_time: 1756495048089810172}
13:17:28.089 request_id=GGBS8J8g3a2Euh0AAGOB [info] GET /blog/why-security-fixes-take-30-days
13:17:28.089 request_id=GGBS8J8g3a2Euh0AAGOB [debug] Processing with RsolvWeb.BlogController.show/2
  Parameters: %{"slug" => "why-security-fixes-take-30-days"}
  Pipelines: [:browser]
13:17:28.089 request_id=GGBS8J8g3a2Euh0AAGOB [debug] QUERY OK source="fun_with_flags_toggles" db=0.0ms
SELECT f0."id", f0."flag_name", f0."gate_type", f0."target", f0."enabled" FROM "fun_with_flags_toggles" AS f0 WHERE (f0."flag_name" = $1) ["blog"]
13:17:28.090 request_id=GGBS8J8g3a2Euh0AAGOB [debug] Telemetry event: [:fun_with_flags, :persistence, :read], metadata: %{flag_name: :blog, gate: nil}, measurements: %{system_time: 1756495048090001916}
13:17:28.092 request_id=GGBS8J8g3a2Euh0AAGOB [debug] QUERY OK source="fun_with_flags_toggles" db=0.1ms
SELECT f0."id", f0."flag_name", f0."gate_type", f0."target", f0."enabled" FROM "fun_with_flags_toggles" AS f0 WHERE (f0."flag_name" = $1) ["blog"]
13:17:28.092 request_id=GGBS8J8g3a2Euh0AAGOB [debug] Telemetry event: [:fun_with_flags, :persistence, :read], metadata: %{flag_name: :blog, gate: nil}, measurements: %{system_time: 1756495048092106142}
13:17:28.092 request_id=GGBS8J8g3a2Euh0AAGOB [info] Sent 200 in 2ms
13:17:28.092 [debug] QUERY OK source="fun_with_flags_toggles" db=0.0ms
INSERT INTO "fun_with_flags_toggles" AS f0 ("enabled","target","flag_name","gate_type") VALUES ($1,$2,$3,$4) ON CONFLICT ("flag_name","gate_type","target") DO UPDATE SET "enabled" = $5 RETURNING "id" [false, "_fwf_none", "blog", "boolean", false]
13:17:28.092 [debug] QUERY OK source="fun_with_flags_toggles" db=0.0ms
SELECT f0."id", f0."flag_name", f0."gate_type", f0."target", f0."enabled" FROM "fun_with_flags_toggles" AS f0 WHERE (f0."flag_name" = $1) ["blog"]
13:17:28.092 [debug] Telemetry event: [:fun_with_flags, :persistence, :write], metadata: %{flag_name: :blog, gate: %FunWithFlags.Gate{type: :boolean, for: nil, enabled: false}}, measurements: %{system_time: 1756495048092596536}
.13:17:28.093 [debug] QUERY OK source="users" db=0.2ms queue=0.1ms
INSERT INTO "users" ("email","hashed_password","inserted_at","updated_at") VALUES ($1,$2,$3,$4) RETURNING "id" ["test25602@example.com", "dummy_hash", ~U[2025-08-29 19:17:28Z], ~U[2025-08-29 19:17:28Z]]
13:17:28.093 [debug] QUERY OK source="customers" db=0.1ms
INSERT INTO "customers" ("active","name","metadata","plan","api_key","email","user_id","monthly_limit","current_usage","inserted_at","updated_at") VALUES ($1,$2,$3,$4,$5,$6,$7,$8,$9,$10,$11) RETURNING "id" [true, "Test Customer 25602", %{}, "standard", "test_api_key_25602", "test25602@example.com", 18235, 100, 0, ~N[2025-08-29 19:17:28], ~N[2025-08-29 19:17:28]]
13:17:28.093 [debug] QUERY OK source="forge_accounts" db=0.1ms queue=0.1ms
INSERT INTO "forge_accounts" ("metadata","namespace","customer_id","forge_type","verified_at","inserted_at","updated_at") VALUES ($1,$2,$3,$4,$5,$6,$7) RETURNING "id" [%{}, "test-org", 17690, :github, ~U[2025-08-29 19:17:28.093633Z], ~U[2025-08-29 19:17:28.093640Z], ~U[2025-08-29 19:17:28.093640Z]]
.13:17:28.094 [debug] QUERY OK source="users" db=0.2ms queue=0.1ms
INSERT INTO "users" ("email","hashed_password","inserted_at","updated_at") VALUES ($1,$2,$3,$4) RETURNING "id" ["test25730@example.com", "dummy_hash", ~U[2025-08-29 19:17:28Z], ~U[2025-08-29 19:17:28Z]]
13:17:28.094 [debug] QUERY OK source="customers" db=0.2ms queue=0.1ms
INSERT INTO "customers" ("active","name","metadata","plan","api_key","email","user_id","monthly_limit","current_usage","inserted_at","updated_at") VALUES ($1,$2,$3,$4,$5,$6,$7,$8,$9,$10,$11) RETURNING "id" [true, "Test Customer 25730", %{}, "standard", "test_api_key_25730", "test25730@example.com", 18236, 100, 0, ~N[2025-08-29 19:17:28], ~N[2025-08-29 19:17:28]]
13:17:28.095 [debug] QUERY OK source="forge_accounts" db=0.3ms queue=0.2ms
INSERT INTO "forge_accounts" ("metadata","namespace","customer_id","forge_type","verified_at","inserted_at","updated_at") VALUES ($1,$2,$3,$4,$5,$6,$7) RETURNING "id" [%{}, "test-org", 17691, :github, ~U[2025-08-29 19:17:28.094983Z], ~U[2025-08-29 19:17:28.094987Z], ~U[2025-08-29 19:17:28.094987Z]]
.13:17:28.095 [debug] QUERY OK source="users" db=0.0ms
INSERT INTO "users" ("email","hashed_password","inserted_at","updated_at") VALUES ($1,$2,$3,$4) RETURNING "id" ["test13062@example.com", "dummy_hash", ~U[2025-08-29 19:17:28Z], ~U[2025-08-29 19:17:28Z]]
13:17:28.096 [debug] QUERY OK source="customers" db=0.0ms
INSERT INTO "customers" ("active","name","metadata","plan","api_key","email","user_id","monthly_limit","current_usage","inserted_at","updated_at") VALUES ($1,$2,$3,$4,$5,$6,$7,$8,$9,$10,$11) RETURNING "id" [true, "Test Customer 13062", %{}, "standard", "test_api_key_13062", "test13062@example.com", 18237, 100, 0, ~N[2025-08-29 19:17:28], ~N[2025-08-29 19:17:28]]
13:17:28.096 [debug] QUERY OK source="forge_accounts" db=0.0ms
INSERT INTO "forge_accounts" ("metadata","namespace","customer_id","forge_type","verified_at","inserted_at","updated_at") VALUES ($1,$2,$3,$4,$5,$6,$7) RETURNING "id" [%{}, "test-org", 17692, :github, ~U[2025-08-29 19:17:28.096085Z], ~U[2025-08-29 19:17:28.096092Z], ~U[2025-08-29 19:17:28.096092Z]]
.13:17:28.096 [debug] QUERY OK source="users" db=0.0ms
INSERT INTO "users" ("email","hashed_password","inserted_at","updated_at") VALUES ($1,$2,$3,$4) RETURNING "id" ["test13190@example.com", "dummy_hash", ~U[2025-08-29 19:17:28Z], ~U[2025-08-29 19:17:28Z]]
13:17:28.096 [debug] QUERY OK source="customers" db=0.0ms
INSERT INTO "customers" ("active","name","metadata","plan","api_key","email","user_id","monthly_limit","current_usage","inserted_at","updated_at") VALUES ($1,$2,$3,$4,$5,$6,$7,$8,$9,$10,$11) RETURNING "id" [true, "Test Customer 13190", %{}, "standard", "test_api_key_13190", "test13190@example.com", 18238, 100, 0, ~N[2025-08-29 19:17:28], ~N[2025-08-29 19:17:28]]
13:17:28.096 [debug] QUERY OK source="forge_accounts" db=0.0ms
INSERT INTO "forge_accounts" ("metadata","namespace","customer_id","forge_type","verified_at","inserted_at","updated_at") VALUES ($1,$2,$3,$4,$5,$6,$7) RETURNING "id" [%{}, "test-org", 17693, :github, ~U[2025-08-29 19:17:28.096681Z], ~U[2025-08-29 19:17:28.096692Z], ~U[2025-08-29 19:17:28.096692Z]]
13:17:28.096 [debug] QUERY OK source="users" db=0.0ms
INSERT INTO "users" ("email","hashed_password","inserted_at","updated_at") VALUES ($1,$2,$3,$4) RETURNING "id" ["test13318@example.com", "dummy_hash", ~U[2025-08-29 19:17:28Z], ~U[2025-08-29 19:17:28Z]]
13:17:28.096 [debug] QUERY OK source="customers" db=0.0ms
INSERT INTO "customers" ("active","name","metadata","plan","api_key","email","user_id","monthly_limit","current_usage","inserted_at","updated_at") VALUES ($1,$2,$3,$4,$5,$6,$7,$8,$9,$10,$11) RETURNING "id" [true, "Test Customer 13318", %{}, "standard", "test_api_key_13318", "test13318@example.com", 18239, 100, 0, ~N[2025-08-29 19:17:28], ~N[2025-08-29 19:17:28]]
13:17:28.097 [debug] QUERY OK source="forge_accounts" db=0.0ms
INSERT INTO "forge_accounts" ("metadata","namespace","customer_id","forge_type","verified_at","inserted_at","updated_at") VALUES ($1,$2,$3,$4,$5,$6,$7) RETURNING "id" [%{}, "test-org", 17694, :github, ~U[2025-08-29 19:17:28.096993Z], ~U[2025-08-29 19:17:28.096997Z], ~U[2025-08-29 19:17:28.096997Z]]
.13:17:28.097 [debug] QUERY OK source="users" db=0.0ms
INSERT INTO "users" ("email","hashed_password","inserted_at","updated_at") VALUES ($1,$2,$3,$4) RETURNING "id" ["test13446@example.com", "dummy_hash", ~U[2025-08-29 19:17:28Z], ~U[2025-08-29 19:17:28Z]]
13:17:28.097 [debug] QUERY OK source="customers" db=0.0ms
INSERT INTO "customers" ("active","name","metadata","plan","api_key","email","user_id","monthly_limit","current_usage","inserted_at","updated_at") VALUES ($1,$2,$3,$4,$5,$6,$7,$8,$9,$10,$11) RETURNING "id" [true, "Test Customer 13446", %{}, "standard", "test_api_key_13446", "test13446@example.com", 18240, 100, 0, ~N[2025-08-29 19:17:28], ~N[2025-08-29 19:17:28]]
13:17:28.097 [debug] QUERY OK source="forge_accounts" db=0.0ms
INSERT INTO "forge_accounts" ("metadata","namespace","customer_id","forge_type","verified_at","inserted_at","updated_at") VALUES ($1,$2,$3,$4,$5,$6,$7) RETURNING "id" [%{}, "test-org", 17695, :github, ~U[2025-08-29 19:17:28.097405Z], ~U[2025-08-29 19:17:28.097411Z], ~U[2025-08-29 19:17:28.097411Z]]
.13:17:28.098 [debug] QUERY OK source="users" db=0.3ms queue=0.1ms
INSERT INTO "users" ("email","hashed_password","inserted_at","updated_at") VALUES ($1,$2,$3,$4) RETURNING "id" ["test13827@example.com", "dummy_hash", ~U[2025-08-29 19:17:28Z], ~U[2025-08-29 19:17:28Z]]
13:17:28.098 [debug] QUERY OK source="customers" db=0.1ms
INSERT INTO "customers" ("active","name","metadata","plan","api_key","email","user_id","monthly_limit","current_usage","inserted_at","updated_at") VALUES ($1,$2,$3,$4,$5,$6,$7,$8,$9,$10,$11) RETURNING "id" [true, "Test Customer 13827", %{}, "standard", "test_api_key_13827", "test13827@example.com", 18241, 100, 0, ~N[2025-08-29 19:17:28], ~N[2025-08-29 19:17:28]]
13:17:28.098 [debug] QUERY OK source="forge_accounts" db=0.1ms
INSERT INTO "forge_accounts" ("metadata","namespace","customer_id","forge_type","verified_at","inserted_at","updated_at") VALUES ($1,$2,$3,$4,$5,$6,$7) RETURNING "id" [%{}, "test-org", 17696, :github, ~U[2025-08-29 19:17:28.098514Z], ~U[2025-08-29 19:17:28.098519Z], ~U[2025-08-29 19:17:28.098519Z]]
.13:17:28.176 [debug] Parser response received
13:17:28.177 [info] AnalysisService: Loaded 30 patterns for javascript
13:17:28.177 [info] AnalysisService: Found 2 matches
13:17:28.177 [debug] Match confidence: 0.8800000000000001, min_confidence: 0.7, match: %{type: "js-hardcoded-secret-password", context: %{node_type: "VariableDeclarator", depth: 3, parent_type: "VariableDeclaration"}, location: %{depth: 3, end_column: 11, end_line: 1, start_line: 1, start_column: 6}, severity: "high", pattern_id: "js-hardcoded-secret-password", pattern_name: "Hardcoded Password", recommendation: "Review this code for potential security issues", confidence: 0.9, pattern_type: :hardcoded_secret}
13:17:28.177 [debug] Match confidence: 0.8800000000000001, min_confidence: 0.7, match: %{type: "js-hardcoded-secret-api-key", context: %{node_type: "VariableDeclarator", depth: 3, parent_type: "VariableDeclaration"}, location: %{depth: 3, end_column: 11, end_line: 1, start_line: 1, start_column: 6}, severity: "high", pattern_id: "js-hardcoded-secret-api-key", pattern_name: "Hardcoded API Key", recommendation: "Review this code for potential security issues", confidence: 0.9, pattern_type: :hardcoded_secret}
13:17:28.177 [info] AnalysisService: Loaded 30 patterns for javascript
13:17:28.178 [info] AnalysisService: Found 2 matches
13:17:28.178 [debug] Match confidence: 0.8800000000000001, min_confidence: 0.7, match: %{type: "js-hardcoded-secret-password", context: %{node_type: "VariableDeclarator", depth: 3, parent_type: "VariableDeclaration"}, location: %{depth: 3, end_column: 11, end_line: 1, start_line: 1, start_column: 6}, severity: "high", pattern_id: "js-hardcoded-secret-password", pattern_name: "Hardcoded Password", recommendation: "Review this code for potential security issues", confidence: 0.9, pattern_type: :hardcoded_secret}
13:17:28.178 [debug] Match confidence: 0.8800000000000001, min_confidence: 0.7, match: %{type: "js-hardcoded-secret-api-key", context: %{node_type: "VariableDeclarator", depth: 3, parent_type: "VariableDeclaration"}, location: %{depth: 3, end_column: 11, end_line: 1, start_line: 1, start_column: 6}, severity: "high", pattern_id: "js-hardcoded-secret-api-key", pattern_name: "Hardcoded API Key", recommendation: "Review this code for potential security issues", confidence: 0.9, pattern_type: :hardcoded_secret}
.13:17:28.256 [debug] Parser response received
13:17:28.257 [info] AnalysisService: Loaded 30 patterns for javascript
13:17:28.259 [info] AnalysisService: Found 14 matches
13:17:28.259 [debug] Match confidence: 0.62475, min_confidence: 0.7, match: %{type: "js-xss-document-write", context: %{node_type: "CallExpression", depth: 5, parent_type: "ReturnStatement", in_function: "getUserData"}, location: %{depth: 5, end_column: 63, end_line: 3, start_line: 3, start_column: 9}, severity: "high", pattern_id: "js-xss-document-write", pattern_name: "Cross-Site Scripting (XSS) via document.write", recommendation: "Review this code for potential security issues", confidence: 0.85, pattern_type: :xss}
13:17:28.259 [debug] Match confidence: 0.62475, min_confidence: 0.7, match: %{type: "js-xss-jquery-html", context: %{node_type: "CallExpression", depth: 5, parent_type: "ReturnStatement", in_function: "getUserData"}, location: %{depth: 5, end_column: 63, end_line: 3, start_line: 3, start_column: 9}, severity: "high", pattern_id: "js-xss-jquery-html", pattern_name: "XSS via jQuery html()", recommendation: "Review this code for potential security issues", confidence: 0.85, pattern_type: :xss}
13:17:28.259 [debug] Match confidence: 0.6435000000000002, min_confidence: 0.7, match: %{type: "js-path-traversal-join", context: %{node_type: "CallExpression", depth: 5, parent_type: "ReturnStatement", in_function: "getUserData"}, location: %{depth: 5, end_column: 63, end_line: 3, start_line: 3, start_column: 9}, severity: "medium", pattern_id: "js-path-traversal-join", pattern_name: "Path Traversal via path.join", recommendation: "Review this code for potential security issues", confidence: 0.7, pattern_type: :path_traversal}
13:17:28.259 [debug] Match confidence: 0.7150000000000001, min_confidence: 0.7, match: %{type: "js-weak-crypto-md5", context: %{node_type: "CallExpression", depth: 5, parent_type: "ReturnStatement", in_function: "getUserData"}, location: %{depth: 5, end_column: 63, end_line: 3, start_line: 3, start_column: 9}, severity: "medium", pattern_id: "js-weak-crypto-md5", pattern_name: "Weak Cryptography - MD5", recommendation: "Review this code for potential security issues", confidence: 0.7, pattern_type: :weak_crypto}
13:17:28.259 [debug] Match confidence: 0.7150000000000001, min_confidence: 0.7, match: %{type: "js-weak-crypto-sha1", context: %{node_type: "CallExpression", depth: 5, parent_type: "ReturnStatement", in_function: "getUserData"}, location: %{depth: 5, end_column: 63, end_line: 3, start_line: 3, start_column: 9}, severity: "medium", pattern_id: "js-weak-crypto-sha1", pattern_name: "Weak Cryptography - SHA1", recommendation: "Review this code for potential security issues", confidence: 0.7, pattern_type: :weak_crypto}
13:17:28.259 [debug] Match confidence: 0.6435000000000002, min_confidence: 0.7, match: %{type: "js-open-redirect", context: %{node_type: "CallExpression", depth: 5, parent_type: "ReturnStatement", in_function: "getUserData"}, location: %{depth: 5, end_column: 63, end_line: 3, start_line: 3, start_column: 9}, severity: "medium", pattern_id: "js-open-redirect", pattern_name: "Open Redirect Vulnerability", recommendation: "Review this code for potential security issues", confidence: 0.7, pattern_type: :open_redirect}
13:17:28.259 [debug] Match confidence: 0.7150000000000001, min_confidence: 0.7, match: %{type: "js-insecure-random", context: %{node_type: "CallExpression", depth: 5, parent_type: "ReturnStatement", in_function: "getUserData"}, location: %{depth: 5, end_column: 63, end_line: 3, start_line: 3, start_column: 9}, severity: "medium", pattern_id: "js-insecure-random", pattern_name: "Insecure Random Number Generation", recommendation: "Review this code for potential security issues", confidence: 0.7, pattern_type: :insecure_random}
13:17:28.259 [debug] Match confidence: 0.46962499999999996, min_confidence: 0.7, match: %{type: "js-nosql-injection", context: %{node_type: "CallExpression", depth: 5, parent_type: "ReturnStatement", in_function: "getUserData"}, location: %{depth: 5, end_column: 63, end_line: 3, start_line: 3, start_column: 9}, severity: "high", pattern_id: "js-nosql-injection", pattern_name: "NoSQL Injection", recommendation: "Review this code for potential security issues", confidence: 0.85, pattern_type: :nosql_injection}
13:17:28.259 [debug] Match confidence: 0.49725, min_confidence: 0.7, match: %{type: "js-ldap-injection", context: %{node_type: "CallExpression", depth: 5, parent_type: "ReturnStatement", in_function: "getUserData"}, location: %{depth: 5, end_column: 63, end_line: 3, start_line: 3, start_column: 9}, severity: "high", pattern_id: "js-ldap-injection", pattern_name: "LDAP Injection", recommendation: "Review this code for potential security issues", confidence: 0.85, pattern_type: :ldap_injection}
13:17:28.259 [debug] Match confidence: 0.49725, min_confidence: 0.7, match: %{type: "js-xpath-injection", context: %{node_type: "CallExpression", depth: 5, parent_type: "ReturnStatement", in_function: "getUserData"}, location: %{depth: 5, end_column: 63, end_line: 3, start_line: 3, start_column: 9}, severity: "high", pattern_id: "js-xpath-injection", pattern_name: "XPath Injection", recommendation: "Review this code for potential security issues", confidence: 0.85, pattern_type: :xpath_injection}
13:17:28.259 [debug] Match confidence: 0.6435000000000002, min_confidence: 0.7, match: %{type: "js-ssrf", context: %{node_type: "CallExpression", depth: 5, parent_type: "ReturnStatement", in_function: "getUserData"}, location: %{depth: 5, end_column: 63, end_line: 3, start_line: 3, start_column: 9}, severity: "medium", pattern_id: "js-ssrf", pattern_name: "Server-Side Request Forgery (SSRF)", recommendation: "Review this code for potential security issues", confidence: 0.7, pattern_type: :ssrf}
13:17:28.259 [debug] Match confidence: 0.6435000000000002, min_confidence: 0.7, match: %{type: "js-insecure-deserialization", context: %{node_type: "CallExpression", depth: 5, parent_type: "ReturnStatement", in_function: "getUserData"}, location: %{depth: 5, end_column: 63, end_line: 3, start_line: 3, start_column: 9}, severity: "medium", pattern_id: "js-insecure-deserialization", pattern_name: "Insecure Deserialization", recommendation: "Review this code for potential security issues", confidence: 0.7, pattern_type: :deserialization}
13:17:28.259 [debug] Match confidence: 0.6435000000000002, min_confidence: 0.7, match: %{type: "js-jwt-none-algorithm", context: %{node_type: "CallExpression", depth: 5, parent_type: "ReturnStatement", in_function: "getUserData"}, location: %{depth: 5, end_column: 63, end_line: 3, start_line: 3, start_column: 9}, severity: "medium", pattern_id: "js-jwt-none-algorithm", pattern_name: "JWT None Algorithm Vulnerability", recommendation: "Review this code for potential security issues", confidence: 0.7, pattern_type: :authentication}
13:17:28.259 [debug] Match confidence: 0.6435000000000002, min_confidence: 0.7, match: %{type: "js-debug-console-log", context: %{node_type: "CallExpression", depth: 5, parent_type: "ReturnStatement", in_function: "getUserData"}, location: %{depth: 5, end_column: 63, end_line: 3, start_line: 3, start_column: 9}, severity: "medium", pattern_id: "js-debug-console-log", pattern_name: "Sensitive Data in Console Logs", recommendation: "Review this code for potential security issues", confidence: 0.7, pattern_type: :information_disclosure}
.13:17:28.335 [debug] Parser response received
13:17:28.336 [info] AnalysisService: Loaded 30 patterns for javascript
13:17:28.336 [info] AnalysisService: Found 1 matches
13:17:28.337 [debug] Match confidence: 0.6435000000000002, min_confidence: 0.7, match: %{type: "js-path-traversal-concat", context: %{node_type: "BinaryExpression", depth: 5, parent_type: "ReturnStatement", in_function: "add"}, location: %{depth: 5, end_column: 14, end_line: 2, start_line: 2, start_column: 9}, severity: "medium", pattern_id: "js-path-traversal-concat", pattern_name: "Path Traversal via String Concatenation", recommendation: "Review this code for potential security issues", confidence: 0.7, pattern_type: :path_traversal}
..13:17:28.416 [debug] Parser response received
13:17:28.416 [info] AnalysisService: Loaded 30 patterns for javascript
13:17:28.417 [info] AnalysisService: Found 18 matches
13:17:28.417 [debug] Match confidence: 0.7331249999999999, min_confidence: 0.7, match: %{type: "js-sql-injection-concat", context: %{node_type: "BinaryExpression", depth: 6, parent_type: "VariableDeclarator", in_function: "handleRequest"}, location: %{depth: 6, end_column: 61, end_line: 3, start_line: 3, start_column: 16}, severity: "high", pattern_id: "js-sql-injection-concat", pattern_name: "SQL Injection via String Concatenation", recommendation: "Review this code for potential security issues", confidence: 0.85, pattern_type: :sql_injection}
13:17:28.417 [debug] Match confidence: 0.62475, min_confidence: 0.7, match: %{type: "js-xss-document-write", context: %{node_type: "CallExpression", depth: 5, parent_type: "ExpressionStatement", in_function: "handleRequest"}, location: %{depth: 5, end_column: 17, end_line: 4, start_line: 4, start_column: 2}, severity: "high", pattern_id: "js-xss-document-write", pattern_name: "Cross-Site Scripting (XSS) via document.write", recommendation: "Review this code for potential security issues", confidence: 0.85, pattern_type: :xss}
13:17:28.417 [debug] Match confidence: 0.62475, min_confidence: 0.7, match: %{type: "js-xss-jquery-html", context: %{node_type: "CallExpression", depth: 5, parent_type: "ExpressionStatement", in_function: "handleRequest"}, location: %{depth: 5, end_column: 17, end_line: 4, start_line: 4, start_column: 2}, severity: "high", pattern_id: "js-xss-jquery-html", pattern_name: "XSS via jQuery html()", recommendation: "Review this code for potential security issues", confidence: 0.85, pattern_type: :xss}
13:17:28.417 [debug] Match confidence: 0.6435000000000002, min_confidence: 0.7, match: %{type: "js-path-traversal-join", context: %{node_type: "CallExpression", depth: 5, parent_type: "ExpressionStatement", in_function: "handleRequest"}, location: %{depth: 5, end_column: 17, end_line: 4, start_line: 4, start_column: 2}, severity: "medium", pattern_id: "js-path-traversal-join", pattern_name: "Path Traversal via path.join", recommendation: "Review this code for potential security issues", confidence: 0.7, pattern_type: :path_traversal}
13:17:28.418 [debug] Match confidence: 0.6435000000000002, min_confidence: 0.7, match: %{type: "js-path-traversal-concat", context: %{node_type: "BinaryExpression", depth: 6, parent_type: "VariableDeclarator", in_function: "handleRequest"}, location: %{depth: 6, end_column: 61, end_line: 3, start_line: 3, start_column: 16}, severity: "medium", pattern_id: "js-path-traversal-concat", pattern_name: "Path Traversal via String Concatenation", recommendation: "Review this code for potential security issues", confidence: 0.7, pattern_type: :path_traversal}
13:17:28.418 [debug] Match confidence: 0.7150000000000001, min_confidence: 0.7, match: %{type: "js-weak-crypto-md5", context: %{node_type: "CallExpression", depth: 5, parent_type: "ExpressionStatement", in_function: "handleRequest"}, location: %{depth: 5, end_column: 17, end_line: 4, start_line: 4, start_column: 2}, severity: "medium", pattern_id: "js-weak-crypto-md5", pattern_name: "Weak Cryptography - MD5", recommendation: "Review this code for potential security issues", confidence: 0.7, pattern_type: :weak_crypto}
13:17:28.418 [debug] Match confidence: 0.7150000000000001, min_confidence: 0.7, match: %{type: "js-weak-crypto-sha1", context: %{node_type: "CallExpression", depth: 5, parent_type: "ExpressionStatement", in_function: "handleRequest"}, location: %{depth: 5, end_column: 17, end_line: 4, start_line: 4, start_column: 2}, severity: "medium", pattern_id: "js-weak-crypto-sha1", pattern_name: "Weak Cryptography - SHA1", recommendation: "Review this code for potential security issues", confidence: 0.7, pattern_type: :weak_crypto}
13:17:28.418 [debug] Match confidence: 0.8800000000000001, min_confidence: 0.7, match: %{type: "js-hardcoded-secret-password", context: %{node_type: "VariableDeclarator", depth: 5, parent_type: "VariableDeclaration", in_function: "handleRequest"}, location: %{depth: 5, end_column: 61, end_line: 3, start_line: 3, start_column: 8}, severity: "high", pattern_id: "js-hardcoded-secret-password", pattern_name: "Hardcoded Password", recommendation: "Review this code for potential security issues", confidence: 0.9, pattern_type: :hardcoded_secret}
13:17:28.418 [debug] Match confidence: 0.8800000000000001, min_confidence: 0.7, match: %{type: "js-hardcoded-secret-api-key", context: %{node_type: "VariableDeclarator", depth: 5, parent_type: "VariableDeclaration", in_function: "handleRequest"}, location: %{depth: 5, end_column: 61, end_line: 3, start_line: 3, start_column: 8}, severity: "high", pattern_id: "js-hardcoded-secret-api-key", pattern_name: "Hardcoded API Key", recommendation: "Review this code for potential security issues", confidence: 0.9, pattern_type: :hardcoded_secret}
13:17:28.418 [debug] Match confidence: 0.6435000000000002, min_confidence: 0.7, match: %{type: "js-open-redirect", context: %{node_type: "CallExpression", depth: 5, parent_type: "ExpressionStatement", in_function: "handleRequest"}, location: %{depth: 5, end_column: 17, end_line: 4, start_line: 4, start_column: 2}, severity: "medium", pattern_id: "js-open-redirect", pattern_name: "Open Redirect Vulnerability", recommendation: "Review this code for potential security issues", confidence: 0.7, pattern_type: :open_redirect}
13:17:28.418 [debug] Match confidence: 0.7150000000000001, min_confidence: 0.7, match: %{type: "js-insecure-random", context: %{node_type: "CallExpression", depth: 5, parent_type: "ExpressionStatement", in_function: "handleRequest"}, location: %{depth: 5, end_column: 17, end_line: 4, start_line: 4, start_column: 2}, severity: "medium", pattern_id: "js-insecure-random", pattern_name: "Insecure Random Number Generation", recommendation: "Review this code for potential security issues", confidence: 0.7, pattern_type: :insecure_random}
13:17:28.418 [debug] Match confidence: 0.46962499999999996, min_confidence: 0.7, match: %{type: "js-nosql-injection", context: %{node_type: "CallExpression", depth: 5, parent_type: "ExpressionStatement", in_function: "handleRequest"}, location: %{depth: 5, end_column: 17, end_line: 4, start_line: 4, start_column: 2}, severity: "high", pattern_id: "js-nosql-injection", pattern_name: "NoSQL Injection", recommendation: "Review this code for potential security issues", confidence: 0.85, pattern_type: :nosql_injection}
13:17:28.418 [debug] Match confidence: 0.49725, min_confidence: 0.7, match: %{type: "js-ldap-injection", context: %{node_type: "CallExpression", depth: 5, parent_type: "ExpressionStatement", in_function: "handleRequest"}, location: %{depth: 5, end_column: 17, end_line: 4, start_line: 4, start_column: 2}, severity: "high", pattern_id: "js-ldap-injection", pattern_name: "LDAP Injection", recommendation: "Review this code for potential security issues", confidence: 0.85, pattern_type: :ldap_injection}
13:17:28.418 [debug] Match confidence: 0.49725, min_confidence: 0.7, match: %{type: "js-xpath-injection", context: %{node_type: "CallExpression", depth: 5, parent_type: "ExpressionStatement", in_function: "handleRequest"}, location: %{depth: 5, end_column: 17, end_line: 4, start_line: 4, start_column: 2}, severity: "high", pattern_id: "js-xpath-injection", pattern_name: "XPath Injection", recommendation: "Review this code for potential security issues", confidence: 0.85, pattern_type: :xpath_injection}
13:17:28.418 [debug] Match confidence: 0.6435000000000002, min_confidence: 0.7, match: %{type: "js-ssrf", context: %{node_type: "CallExpression", depth: 5, parent_type: "ExpressionStatement", in_function: "handleRequest"}, location: %{depth: 5, end_column: 17, end_line: 4, start_line: 4, start_column: 2}, severity: "medium", pattern_id: "js-ssrf", pattern_name: "Server-Side Request Forgery (SSRF)", recommendation: "Review this code for potential security issues", confidence: 0.7, pattern_type: :ssrf}
13:17:28.418 [debug] Match confidence: 0.6435000000000002, min_confidence: 0.7, match: %{type: "js-insecure-deserialization", context: %{node_type: "CallExpression", depth: 5, parent_type: "ExpressionStatement", in_function: "handleRequest"}, location: %{depth: 5, end_column: 17, end_line: 4, start_line: 4, start_column: 2}, severity: "medium", pattern_id: "js-insecure-deserialization", pattern_name: "Insecure Deserialization", recommendation: "Review this code for potential security issues", confidence: 0.7, pattern_type: :deserialization}
13:17:28.418 [debug] Match confidence: 0.6435000000000002, min_confidence: 0.7, match: %{type: "js-jwt-none-algorithm", context: %{node_type: "CallExpression", depth: 5, parent_type: "ExpressionStatement", in_function: "handleRequest"}, location: %{depth: 5, end_column: 17, end_line: 4, start_line: 4, start_column: 2}, severity: "medium", pattern_id: "js-jwt-none-algorithm", pattern_name: "JWT None Algorithm Vulnerability", recommendation: "Review this code for potential security issues", confidence: 0.7, pattern_type: :authentication}
13:17:28.418 [debug] Match confidence: 0.6435000000000002, min_confidence: 0.7, match: %{type: "js-debug-console-log", context: %{node_type: "CallExpression", depth: 5, parent_type: "ExpressionStatement", in_function: "handleRequest"}, location: %{depth: 5, end_column: 17, end_line: 4, start_line: 4, start_column: 2}, severity: "medium", pattern_id: "js-debug-console-log", pattern_name: "Sensitive Data in Console Logs", recommendation: "Review this code for potential security issues", confidence: 0.7, pattern_type: :information_disclosure}
.13:17:28.502 [debug] Parser response received
13:17:28.519 [debug] Parser response received
.13:17:28.596 [debug] Parser response received
13:17:28.671 [debug] Parser response received
.13:17:28.754 [debug] Parser response received
13:17:28.754 [info] AnalysisService: Loaded 30 patterns for javascript
13:17:28.756 [info] AnalysisService: Found 18 matches
13:17:28.756 [debug] Match confidence: 0.7331249999999999, min_confidence: 0.7, match: %{type: "js-sql-injection-concat", context: %{node_type: "BinaryExpression", depth: 6, parent_type: "VariableDeclarator", in_function: "getUserData"}, location: %{depth: 6, end_column: 58, end_line: 3, start_line: 3, start_column: 16}, severity: "high", pattern_id: "js-sql-injection-concat", pattern_name: "SQL Injection via String Concatenation", recommendation: "Review this code for potential security issues", confidence: 0.85, pattern_type: :sql_injection}
13:17:28.756 [debug] Match confidence: 0.62475, min_confidence: 0.7, match: %{type: "js-xss-document-write", context: %{node_type: "CallExpression", depth: 5, parent_type: "ReturnStatement", in_function: "getUserData"}, location: %{depth: 5, end_column: 24, end_line: 4, start_line: 4, start_column: 9}, severity: "high", pattern_id: "js-xss-document-write", pattern_name: "Cross-Site Scripting (XSS) via document.write", recommendation: "Review this code for potential security issues", confidence: 0.85, pattern_type: :xss}
13:17:28.756 [debug] Match confidence: 0.62475, min_confidence: 0.7, match: %{type: "js-xss-jquery-html", context: %{node_type: "CallExpression", depth: 5, parent_type: "ReturnStatement", in_function: "getUserData"}, location: %{depth: 5, end_column: 24, end_line: 4, start_line: 4, start_column: 9}, severity: "high", pattern_id: "js-xss-jquery-html", pattern_name: "XSS via jQuery html()", recommendation: "Review this code for potential security issues", confidence: 0.85, pattern_type: :xss}
13:17:28.756 [debug] Match confidence: 0.6435000000000002, min_confidence: 0.7, match: %{type: "js-path-traversal-join", context: %{node_type: "CallExpression", depth: 5, parent_type: "ReturnStatement", in_function: "getUserData"}, location: %{depth: 5, end_column: 24, end_line: 4, start_line: 4, start_column: 9}, severity: "medium", pattern_id: "js-path-traversal-join", pattern_name: "Path Traversal via path.join", recommendation: "Review this code for potential security issues", confidence: 0.7, pattern_type: :path_traversal}
13:17:28.756 [debug] Match confidence: 0.6435000000000002, min_confidence: 0.7, match: %{type: "js-path-traversal-concat", context: %{node_type: "BinaryExpression", depth: 6, parent_type: "VariableDeclarator", in_function: "getUserData"}, location: %{depth: 6, end_column: 58, end_line: 3, start_line: 3, start_column: 16}, severity: "medium", pattern_id: "js-path-traversal-concat", pattern_name: "Path Traversal via String Concatenation", recommendation: "Review this code for potential security issues", confidence: 0.7, pattern_type: :path_traversal}
13:17:28.756 [debug] Match confidence: 0.7150000000000001, min_confidence: 0.7, match: %{type: "js-weak-crypto-md5", context: %{node_type: "CallExpression", depth: 5, parent_type: "ReturnStatement", in_function: "getUserData"}, location: %{depth: 5, end_column: 24, end_line: 4, start_line: 4, start_column: 9}, severity: "medium", pattern_id: "js-weak-crypto-md5", pattern_name: "Weak Cryptography - MD5", recommendation: "Review this code for potential security issues", confidence: 0.7, pattern_type: :weak_crypto}
13:17:28.756 [debug] Match confidence: 0.7150000000000001, min_confidence: 0.7, match: %{type: "js-weak-crypto-sha1", context: %{node_type: "CallExpression", depth: 5, parent_type: "ReturnStatement", in_function: "getUserData"}, location: %{depth: 5, end_column: 24, end_line: 4, start_line: 4, start_column: 9}, severity: "medium", pattern_id: "js-weak-crypto-sha1", pattern_name: "Weak Cryptography - SHA1", recommendation: "Review this code for potential security issues", confidence: 0.7, pattern_type: :weak_crypto}
13:17:28.756 [debug] Match confidence: 0.8800000000000001, min_confidence: 0.7, match: %{type: "js-hardcoded-secret-password", context: %{node_type: "VariableDeclarator", depth: 5, parent_type: "VariableDeclaration", in_function: "getUserData"}, location: %{depth: 5, end_column: 58, end_line: 3, start_line: 3, start_column: 8}, severity: "high", pattern_id: "js-hardcoded-secret-password", pattern_name: "Hardcoded Password", recommendation: "Review this code for potential security issues", confidence: 0.9, pattern_type: :hardcoded_secret}
13:17:28.756 [debug] Match confidence: 0.8800000000000001, min_confidence: 0.7, match: %{type: "js-hardcoded-secret-api-key", context: %{node_type: "VariableDeclarator", depth: 5, parent_type: "VariableDeclaration", in_function: "getUserData"}, location: %{depth: 5, end_column: 58, end_line: 3, start_line: 3, start_column: 8}, severity: "high", pattern_id: "js-hardcoded-secret-api-key", pattern_name: "Hardcoded API Key", recommendation: "Review this code for potential security issues", confidence: 0.9, pattern_type: :hardcoded_secret}
13:17:28.756 [debug] Match confidence: 0.6435000000000002, min_confidence: 0.7, match: %{type: "js-open-redirect", context: %{node_type: "CallExpression", depth: 5, parent_type: "ReturnStatement", in_function: "getUserData"}, location: %{depth: 5, end_column: 24, end_line: 4, start_line: 4, start_column: 9}, severity: "medium", pattern_id: "js-open-redirect", pattern_name: "Open Redirect Vulnerability", recommendation: "Review this code for potential security issues", confidence: 0.7, pattern_type: :open_redirect}
13:17:28.756 [debug] Match confidence: 0.7150000000000001, min_confidence: 0.7, match: %{type: "js-insecure-random", context: %{node_type: "CallExpression", depth: 5, parent_type: "ReturnStatement", in_function: "getUserData"}, location: %{depth: 5, end_column: 24, end_line: 4, start_line: 4, start_column: 9}, severity: "medium", pattern_id: "js-insecure-random", pattern_name: "Insecure Random Number Generation", recommendation: "Review this code for potential security issues", confidence: 0.7, pattern_type: :insecure_random}
13:17:28.756 [debug] Match confidence: 0.46962499999999996, min_confidence: 0.7, match: %{type: "js-nosql-injection", context: %{node_type: "CallExpression", depth: 5, parent_type: "ReturnStatement", in_function: "getUserData"}, location: %{depth: 5, end_column: 24, end_line: 4, start_line: 4, start_column: 9}, severity: "high", pattern_id: "js-nosql-injection", pattern_name: "NoSQL Injection", recommendation: "Review this code for potential security issues", confidence: 0.85, pattern_type: :nosql_injection}
13:17:28.756 [debug] Match confidence: 0.49725, min_confidence: 0.7, match: %{type: "js-ldap-injection", context: %{node_type: "CallExpression", depth: 5, parent_type: "ReturnStatement", in_function: "getUserData"}, location: %{depth: 5, end_column: 24, end_line: 4, start_line: 4, start_column: 9}, severity: "high", pattern_id: "js-ldap-injection", pattern_name: "LDAP Injection", recommendation: "Review this code for potential security issues", confidence: 0.85, pattern_type: :ldap_injection}
13:17:28.756 [debug] Match confidence: 0.49725, min_confidence: 0.7, match: %{type: "js-xpath-injection", context: %{node_type: "CallExpression", depth: 5, parent_type: "ReturnStatement", in_function: "getUserData"}, location: %{depth: 5, end_column: 24, end_line: 4, start_line: 4, start_column: 9}, severity: "high", pattern_id: "js-xpath-injection", pattern_name: "XPath Injection", recommendation: "Review this code for potential security issues", confidence: 0.85, pattern_type: :xpath_injection}
13:17:28.756 [debug] Match confidence: 0.6435000000000002, min_confidence: 0.7, match: %{type: "js-ssrf", context: %{node_type: "CallExpression", depth: 5, parent_type: "ReturnStatement", in_function: "getUserData"}, location: %{depth: 5, end_column: 24, end_line: 4, start_line: 4, start_column: 9}, severity: "medium", pattern_id: "js-ssrf", pattern_name: "Server-Side Request Forgery (SSRF)", recommendation: "Review this code for potential security issues", confidence: 0.7, pattern_type: :ssrf}
13:17:28.756 [debug] Match confidence: 0.6435000000000002, min_confidence: 0.7, match: %{type: "js-insecure-deserialization", context: %{node_type: "CallExpression", depth: 5, parent_type: "ReturnStatement", in_function: "getUserData"}, location: %{depth: 5, end_column: 24, end_line: 4, start_line: 4, start_column: 9}, severity: "medium", pattern_id: "js-insecure-deserialization", pattern_name: "Insecure Deserialization", recommendation: "Review this code for potential security issues", confidence: 0.7, pattern_type: :deserialization}
13:17:28.756 [debug] Match confidence: 0.6435000000000002, min_confidence: 0.7, match: %{type: "js-jwt-none-algorithm", context: %{node_type: "CallExpression", depth: 5, parent_type: "ReturnStatement", in_function: "getUserData"}, location: %{depth: 5, end_column: 24, end_line: 4, start_line: 4, start_column: 9}, severity: "medium", pattern_id: "js-jwt-none-algorithm", pattern_name: "JWT None Algorithm Vulnerability", recommendation: "Review this code for potential security issues", confidence: 0.7, pattern_type: :authentication}
13:17:28.756 [debug] Match confidence: 0.6435000000000002, min_confidence: 0.7, match: %{type: "js-debug-console-log", context: %{node_type: "CallExpression", depth: 5, parent_type: "ReturnStatement", in_function: "getUserData"}, location: %{depth: 5, end_column: 24, end_line: 4, start_line: 4, start_column: 9}, severity: "medium", pattern_id: "js-debug-console-log", pattern_name: "Sensitive Data in Console Logs", recommendation: "Review this code for potential security issues", confidence: 0.7, pattern_type: :information_disclosure}
.13:17:28.833 [debug] Parser response received
13:17:28.833 [info] AnalysisService: Loaded 30 patterns for javascript
13:17:28.834 [info] AnalysisService: Found 2 matches
13:17:28.834 [debug] Match confidence: 0.264, min_confidence: 0.7, match: %{type: "js-hardcoded-secret-password", context: %{node_type: "VariableDeclarator", depth: 3, parent_type: "VariableDeclaration"}, location: %{depth: 3, end_column: 11, end_line: 1, start_line: 1, start_column: 6}, severity: "high", pattern_id: "js-hardcoded-secret-password", pattern_name: "Hardcoded Password", recommendation: "Review this code for potential security issues", confidence: 0.9, pattern_type: :hardcoded_secret}
13:17:28.834 [debug] Match confidence: 0.264, min_confidence: 0.7, match: %{type: "js-hardcoded-secret-api-key", context: %{node_type: "VariableDeclarator", depth: 3, parent_type: "VariableDeclaration"}, location: %{depth: 3, end_column: 11, end_line: 1, start_line: 1, start_column: 6}, severity: "high", pattern_id: "js-hardcoded-secret-api-key", pattern_name: "Hardcoded API Key", recommendation: "Review this code for potential security issues", confidence: 0.9, pattern_type: :hardcoded_secret}
.13:17:28.849 [debug] Parser response received
13:17:28.849 [info] AnalysisService: Loaded 12 patterns for python
13:17:28.849 [info] AnalysisService: Found 5 matches
13:17:28.849 [debug] Match confidence: 0.7819999999999999, min_confidence: 0.7, match: %{type: "python-command-injection-os-system", context: %{node_type: "Call", depth: 3, parent_type: "Expr", in_function: "run_command"}, location: %{depth: 3, end_column: 0, end_line: 1, start_line: 1, start_column: 0}, severity: "high", pattern_id: "python-command-injection-os-system", pattern_name: "Command Injection via os.system", recommendation: "Review this code for potential security issues", confidence: 0.85, pattern_type: :command_injection}
13:17:28.849 [debug] Match confidence: 0.7819999999999999, min_confidence: 0.7, match: %{type: "python-command-injection-subprocess-shell", context: %{node_type: "Call", depth: 3, parent_type: "Expr", in_function: "run_command"}, location: %{depth: 3, end_column: 0, end_line: 1, start_line: 1, start_column: 0}, severity: "high", pattern_id: "python-command-injection-subprocess-shell", pattern_name: "Command Injection via subprocess with shell=True", recommendation: "Review this code for potential security issues", confidence: 0.85, pattern_type: :command_injection}
13:17:28.850 [debug] Match confidence: 0.6435000000000002, min_confidence: 0.7, match: %{type: "python-unsafe-pickle", context: %{node_type: "Call", depth: 3, parent_type: "Expr", in_function: "run_command"}, location: %{depth: 3, end_column: 0, end_line: 1, start_line: 1, start_column: 0}, severity: "medium", pattern_id: "python-unsafe-pickle", pattern_name: "Insecure Deserialization via pickle", recommendation: "Review this code for potential security issues", confidence: 0.7, pattern_type: :deserialization}
13:17:28.850 [debug] Match confidence: 0.8308749999999999, min_confidence: 0.7, match: %{type: "python-unsafe-eval", context: %{node_type: "Call", depth: 3, parent_type: "Expr", in_function: "run_command"}, location: %{depth: 3, end_column: 0, end_line: 1, start_line: 1, start_column: 0}, severity: "critical", pattern_id: "python-unsafe-eval", pattern_name: "Code Injection via eval()", recommendation: "Review this code for potential security issues", confidence: 0.95, pattern_type: :rce}
13:17:28.850 [debug] Match confidence: 0.6435000000000002, min_confidence: 0.7, match: %{type: "python-path-traversal-open", context: %{node_type: "Call", depth: 3, parent_type: "Expr", in_function: "run_command"}, location: %{depth: 3, end_column: 0, end_line: 1, start_line: 1, start_column: 0}, severity: "medium", pattern_id: "python-path-traversal-open", pattern_name: "Path Traversal via open()", recommendation: "Review this code for potential security issues", confidence: 0.7, pattern_type: :path_traversal}
..13:17:28.850 request_id=GGBS8Mx4GImQC84AAIaH [info] POST /api/webhooks/github
13:17:28.850 request_id=GGBS8Mx4GImQC84AAIaH [debug] Processing with RsolvWeb.WebhookController.github/2
  Parameters: %{"action" => "opened", "pull_request" => %{"base" => %{"repo" => %{"name" => "test-repo", "owner" => %{"login" => "test-org"}}}, "body" => "This is a regular PR, not from RSOLV", "number" => 44, "title" => "Regular PR"}}
  Pipelines: [:api]
13:17:28.850 request_id=GGBS8Mx4GImQC84AAIaH [debug] Raw body in controller: "{\"action\":\"opened\",\"pull_request\":{\"base\":{\"repo\":{\"name\":\"test-repo\",\"owner\":{\"login\":\"test-org\"}}},\"body\":\"This is a regular PR, not from RSOLV\",\"number\":44,\"title\":\"Regular PR\"}}"
13:17:28.850 request_id=GGBS8Mx4GImQC84AAIaH [info] Routing GitHub event: "pull_request"
13:17:28.850 request_id=GGBS8Mx4GImQC84AAIaH [info] Handling pull_request event with action: "opened"
13:17:28.850 request_id=GGBS8Mx4GImQC84AAIaH [info] Evaluating PR: Regular PR
13:17:28.850 request_id=GGBS8Mx4GImQC84AAIaH [debug] RSOLV PR identification:
- Has label: 
- Has branch prefix: 
- Has title prefix: false
- Has body pattern: false

13:17:28.850 request_id=GGBS8Mx4GImQC84AAIaH [info] Not a RSOLV PR, ignoring
13:17:28.850 request_id=GGBS8Mx4GImQC84AAIaH [info] Webhook processed successfully: :ignored
13:17:28.850 request_id=GGBS8Mx4GImQC84AAIaH [info] Sent 200 in 262µs
13:17:28.851 request_id=GGBS8Mx4GImQC84AAIaH [debug] QUERY OK source="fix_attempts" db=0.2ms
SELECT f0."id", f0."github_org", f0."repo_name", f0."issue_number", f0."pr_number", f0."status", f0."merged_at", f0."billing_status", f0."requires_manual_approval", f0."approved_by", f0."approved_at", f0."approval_notes", f0."platform", f0."customer_id", f0."api_key_used", f0."pr_title", f0."pr_url", f0."issue_title", f0."issue_url", f0."commit_sha", f0."merged_by", f0."metadata", f0."amount", f0."currency", f0."billed_at", f0."refunded_at", f0."inserted_at", f0."updated_at" FROM "fix_attempts" AS f0 WHERE (f0."pr_number" = $1) [44]
.13:17:28.851 request_id=GGBS8MyFc4FJy6kAAGUB [info] POST /api/webhooks/github
13:17:28.851 request_id=GGBS8MyFc4FJy6kAAGUB [debug] Processing with RsolvWeb.WebhookController.github/2
  Parameters: %{"action" => "opened", "pull_request" => %{"base" => %{"repo" => %{"name" => "test-repo", "owner" => %{"login" => "test-org"}}}, "body" => "Fixes #102\n\nGenerated by RSOLV", "number" => 45, "title" => "Fix security issue"}}
  Pipelines: [:api]
13:17:28.851 request_id=GGBS8MyFc4FJy6kAAGUB [debug] Raw body in controller: "{\"action\":\"opened\",\"pull_request\":{\"base\":{\"repo\":{\"name\":\"test-repo\",\"owner\":{\"login\":\"test-org\"}}},\"body\":\"Fixes #102\\n\\nGenerated by RSOLV\",\"number\":45,\"title\":\"Fix security issue\"}}"
13:17:28.851 request_id=GGBS8MyFc4FJy6kAAGUB [info] Routing GitHub event: "pull_request"
13:17:28.851 request_id=GGBS8MyFc4FJy6kAAGUB [info] Handling pull_request event with action: "opened"
13:17:28.851 request_id=GGBS8MyFc4FJy6kAAGUB [info] Evaluating PR: Fix security issue
13:17:28.851 request_id=GGBS8MyFc4FJy6kAAGUB [debug] RSOLV PR identification:
- Has label: 
- Has branch prefix: 
- Has title prefix: false
- Has body pattern: true

13:17:28.851 request_id=GGBS8MyFc4FJy6kAAGUB [info] Identified as RSOLV PR, tracking...
13:17:28.851 request_id=GGBS8MyFc4FJy6kAAGUB [debug] QUERY OK source="fix_attempts" db=0.1ms
SELECT f0."id", f0."github_org", f0."repo_name", f0."issue_number", f0."pr_number", f0."status", f0."merged_at", f0."billing_status", f0."requires_manual_approval", f0."approved_by", f0."approved_at", f0."approval_notes", f0."platform", f0."customer_id", f0."api_key_used", f0."pr_title", f0."pr_url", f0."issue_title", f0."issue_url", f0."commit_sha", f0."merged_by", f0."metadata", f0."amount", f0."currency", f0."billed_at", f0."refunded_at", f0."inserted_at", f0."updated_at" FROM "fix_attempts" AS f0 WHERE (((f0."github_org" = $1) AND (f0."repo_name" = $2)) AND (f0."pr_number" = $3)) ["test-org", "test-repo", 45]
13:17:28.852 request_id=GGBS8MyFc4FJy6kAAGUB [debug] QUERY OK source="fix_attempts" db=0.1ms queue=0.1ms
INSERT INTO "fix_attempts" ("status","metadata","currency","repo_name","issue_number","github_org","pr_number","billing_status","platform","pr_title","requires_manual_approval","inserted_at","updated_at") VALUES ($1,$2,$3,$4,$5,$6,$7,$8,$9,$10,$11,$12,$13) RETURNING "id" ["pending", %{labels: [], branch: nil, created_by: nil, issue_references: [%{type: :number, value: 102}]}, "USD", "test-repo", 102, "test-org", 45, "not_billed", "github", "Fix security issue", true, ~N[2025-08-29 19:17:28], ~N[2025-08-29 19:17:28]]
13:17:28.852 request_id=GGBS8MyFc4FJy6kAAGUB [info] Webhook processed successfully: :pr_opened
13:17:28.852 request_id=GGBS8MyFc4FJy6kAAGUB [info] Sent 200 in 791µs
13:17:28.852 request_id=GGBS8MySVwNJy6kAAGWB [info] POST /api/webhooks/github
13:17:28.852 request_id=GGBS8MySVwNJy6kAAGWB [debug] Processing with RsolvWeb.WebhookController.github/2
  Parameters: %{"action" => "opened", "pull_request" => %{"base" => %{"repo" => %{"name" => "test-repo", "owner" => %{"login" => "test-org"}}}, "body" => "Fixes #102\n\nGenerated by RSOLV", "number" => 45, "title" => "Fix security issue"}}
  Pipelines: [:api]
13:17:28.852 request_id=GGBS8MySVwNJy6kAAGWB [debug] Raw body in controller: "{\"action\":\"opened\",\"pull_request\":{\"base\":{\"repo\":{\"name\":\"test-repo\",\"owner\":{\"login\":\"test-org\"}}},\"body\":\"Fixes #102\\n\\nGenerated by RSOLV\",\"number\":45,\"title\":\"Fix security issue\"}}"
13:17:28.852 request_id=GGBS8MySVwNJy6kAAGWB [info] Routing GitHub event: "pull_request"
13:17:28.852 request_id=GGBS8MySVwNJy6kAAGWB [info] Handling pull_request event with action: "opened"
13:17:28.852 request_id=GGBS8MySVwNJy6kAAGWB [info] Evaluating PR: Fix security issue
13:17:28.852 request_id=GGBS8MySVwNJy6kAAGWB [debug] RSOLV PR identification:
- Has label: 
- Has branch prefix: 
- Has title prefix: false
- Has body pattern: true

13:17:28.852 request_id=GGBS8MySVwNJy6kAAGWB [info] Identified as RSOLV PR, tracking...
13:17:28.852 request_id=GGBS8MySVwNJy6kAAGWB [debug] QUERY OK source="fix_attempts" db=0.1ms
SELECT f0."id", f0."github_org", f0."repo_name", f0."issue_number", f0."pr_number", f0."status", f0."merged_at", f0."billing_status", f0."requires_manual_approval", f0."approved_by", f0."approved_at", f0."approval_notes", f0."platform", f0."customer_id", f0."api_key_used", f0."pr_title", f0."pr_url", f0."issue_title", f0."issue_url", f0."commit_sha", f0."merged_by", f0."metadata", f0."amount", f0."currency", f0."billed_at", f0."refunded_at", f0."inserted_at", f0."updated_at" FROM "fix_attempts" AS f0 WHERE (((f0."github_org" = $1) AND (f0."repo_name" = $2)) AND (f0."pr_number" = $3)) ["test-org", "test-repo", 45]
13:17:28.852 request_id=GGBS8MySVwNJy6kAAGWB [debug] QUERY OK source="fix_attempts" db=0.1ms
UPDATE "fix_attempts" SET "metadata" = $1, "updated_at" = $2 WHERE "id" = $3 [%{labels: [], branch: nil, created_by: nil, issue_references: [%{type: :number, value: 102}]}, ~N[2025-08-29 19:17:28], 2609]
13:17:28.852 request_id=GGBS8MySVwNJy6kAAGWB [info] Webhook processed successfully: :pr_opened
13:17:28.852 request_id=GGBS8MySVwNJy6kAAGWB [info] Sent 200 in 688µs
13:17:28.853 request_id=GGBS8MySVwNJy6kAAGWB [debug] QUERY OK source="fix_attempts" db=0.1ms queue=0.1ms
SELECT f0."id", f0."github_org", f0."repo_name", f0."issue_number", f0."pr_number", f0."status", f0."merged_at", f0."billing_status", f0."requires_manual_approval", f0."approved_by", f0."approved_at", f0."approval_notes", f0."platform", f0."customer_id", f0."api_key_used", f0."pr_title", f0."pr_url", f0."issue_title", f0."issue_url", f0."commit_sha", f0."merged_by", f0."metadata", f0."amount", f0."currency", f0."billed_at", f0."refunded_at", f0."inserted_at", f0."updated_at" FROM "fix_attempts" AS f0 WHERE (f0."pr_number" = 45) []
.13:17:28.853 request_id=GGBS8MyljVnCffYAADaC [info] POST /api/webhooks/github
13:17:28.853 request_id=GGBS8MyljVnCffYAADaC [debug] Processing with RsolvWeb.WebhookController.github/2
  Parameters: %{"action" => "opened", "pull_request" => %{"base" => %{"repo" => %{"name" => "test-repo", "owner" => %{"login" => "test-org"}}}, "body" => "Fixes #100\n\nThis PR addresses the SQL injection vulnerability.\n\nGenerated by RSOLV", "html_url" => "https://github.com/test-org/test-repo/pull/42", "number" => 42, "title" => "Fix SQL injection in user controller"}}
  Pipelines: [:api]
13:17:28.853 request_id=GGBS8MyljVnCffYAADaC [debug] Raw body in controller: "{\"action\":\"opened\",\"pull_request\":{\"base\":{\"repo\":{\"name\":\"test-repo\",\"owner\":{\"login\":\"test-org\"}}},\"body\":\"Fixes #100\\n\\nThis PR addresses the SQL injection vulnerability.\\n\\nGenerated by RSOLV\",\"html_url\":\"https://github.com/test-org/test-repo/pull/42\",\"number\":42,\"title\":\"Fix SQL injection in user controller\"}}"
13:17:28.853 request_id=GGBS8MyljVnCffYAADaC [info] Routing GitHub event: "pull_request"
13:17:28.853 request_id=GGBS8MyljVnCffYAADaC [info] Handling pull_request event with action: "opened"
13:17:28.853 request_id=GGBS8MyljVnCffYAADaC [info] Evaluating PR: Fix SQL injection in user controller
13:17:28.853 request_id=GGBS8MyljVnCffYAADaC [debug] RSOLV PR identification:
- Has label: 
- Has branch prefix: 
- Has title prefix: false
- Has body pattern: true

13:17:28.853 request_id=GGBS8MyljVnCffYAADaC [info] Identified as RSOLV PR, tracking...
13:17:28.854 request_id=GGBS8MyljVnCffYAADaC [debug] QUERY OK source="fix_attempts" db=0.5ms
SELECT f0."id", f0."github_org", f0."repo_name", f0."issue_number", f0."pr_number", f0."status", f0."merged_at", f0."billing_status", f0."requires_manual_approval", f0."approved_by", f0."approved_at", f0."approval_notes", f0."platform", f0."customer_id", f0."api_key_used", f0."pr_title", f0."pr_url", f0."issue_title", f0."issue_url", f0."commit_sha", f0."merged_by", f0."metadata", f0."amount", f0."currency", f0."billed_at", f0."refunded_at", f0."inserted_at", f0."updated_at" FROM "fix_attempts" AS f0 WHERE (((f0."github_org" = $1) AND (f0."repo_name" = $2)) AND (f0."pr_number" = $3)) ["test-org", "test-repo", 42]
13:17:28.854 request_id=GGBS8MyljVnCffYAADaC [debug] QUERY OK source="fix_attempts" db=0.2ms
INSERT INTO "fix_attempts" ("status","metadata","currency","repo_name","issue_number","github_org","pr_number","billing_status","platform","pr_title","pr_url","requires_manual_approval","inserted_at","updated_at") VALUES ($1,$2,$3,$4,$5,$6,$7,$8,$9,$10,$11,$12,$13,$14) RETURNING "id" ["pending", %{labels: [], branch: nil, created_by: nil, issue_references: [%{type: :number, value: 100}]}, "USD", "test-repo", 100, "test-org", 42, "not_billed", "github", "Fix SQL injection in user controller", "https://github.com/test-org/test-repo/pull/42", true, ~N[2025-08-29 19:17:28], ~N[2025-08-29 19:17:28]]
13:17:28.854 request_id=GGBS8MyljVnCffYAADaC [info] Webhook processed successfully: :pr_opened
13:17:28.854 request_id=GGBS8MyljVnCffYAADaC [info] Sent 200 in 1ms
13:17:28.854 request_id=GGBS8MyljVnCffYAADaC [debug] QUERY OK source="fix_attempts" db=0.1ms
SELECT f0."id", f0."github_org", f0."repo_name", f0."issue_number", f0."pr_number", f0."status", f0."merged_at", f0."billing_status", f0."requires_manual_approval", f0."approved_by", f0."approved_at", f0."approval_notes", f0."platform", f0."customer_id", f0."api_key_used", f0."pr_title", f0."pr_url", f0."issue_title", f0."issue_url", f0."commit_sha", f0."merged_by", f0."metadata", f0."amount", f0."currency", f0."billed_at", f0."refunded_at", f0."inserted_at", f0."updated_at" FROM "fix_attempts" AS f0 WHERE (f0."pr_number" = $1) [42]
13:17:28.854 request_id=GGBS8My7P5TCffYAAGYB [info] POST /api/webhooks/github
13:17:28.854 request_id=GGBS8My7P5TCffYAAGYB [debug] Processing with RsolvWeb.WebhookController.github/2
  Parameters: %{"action" => "closed", "pull_request" => %{"base" => %{"repo" => %{"name" => "test-repo", "owner" => %{"login" => "test-org"}}}, "merge_commit_sha" => "abc123def456", "merged" => true, "merged_at" => "2025-06-03T16:00:00Z", "merged_by" => %{"login" => "reviewer"}, "number" => 42}}
  Pipelines: [:api]
13:17:28.855 request_id=GGBS8My7P5TCffYAAGYB [debug] Raw body in controller: "{\"action\":\"closed\",\"pull_request\":{\"base\":{\"repo\":{\"name\":\"test-repo\",\"owner\":{\"login\":\"test-org\"}}},\"merge_commit_sha\":\"abc123def456\",\"merged\":true,\"merged_at\":\"2025-06-03T16:00:00Z\",\"merged_by\":{\"login\":\"reviewer\"},\"number\":42}}"
13:17:28.855 request_id=GGBS8My7P5TCffYAAGYB [info] Routing GitHub event: "pull_request"
13:17:28.855 request_id=GGBS8My7P5TCffYAAGYB [info] Handling pull_request event with action: "closed"
13:17:28.855 request_id=GGBS8My7P5TCffYAAGYB [debug] QUERY OK source="fix_attempts" db=0.0ms
SELECT f0."id", f0."github_org", f0."repo_name", f0."issue_number", f0."pr_number", f0."status", f0."merged_at", f0."billing_status", f0."requires_manual_approval", f0."approved_by", f0."approved_at", f0."approval_notes", f0."platform", f0."customer_id", f0."api_key_used", f0."pr_title", f0."pr_url", f0."issue_title", f0."issue_url", f0."commit_sha", f0."merged_by", f0."metadata", f0."amount", f0."currency", f0."billed_at", f0."refunded_at", f0."inserted_at", f0."updated_at" FROM "fix_attempts" AS f0 WHERE (((f0."github_org" = $1) AND (f0."repo_name" = $2)) AND (f0."pr_number" = $3)) ["test-org", "test-repo", 42]
13:17:28.855 request_id=GGBS8My7P5TCffYAAGYB [debug] QUERY OK source="fix_attempts" db=0.0ms
UPDATE "fix_attempts" SET "status" = $1, "commit_sha" = $2, "merged_at" = $3, "merged_by" = $4, "updated_at" = $5 WHERE "id" = $6 ["merged", "abc123def456", ~U[2025-06-03 16:00:00.000000Z], "reviewer", ~N[2025-08-29 19:17:28], 2610]
13:17:28.855 request_id=GGBS8My7P5TCffYAAGYB [info] Webhook processed successfully: :merged
13:17:28.855 request_id=GGBS8My7P5TCffYAAGYB [info] Sent 200 in 389µs
13:17:28.855 request_id=GGBS8My7P5TCffYAAGYB [debug] QUERY OK source="fix_attempts" db=0.0ms
SELECT f0."id", f0."github_org", f0."repo_name", f0."issue_number", f0."pr_number", f0."status", f0."merged_at", f0."billing_status", f0."requires_manual_approval", f0."approved_by", f0."approved_at", f0."approval_notes", f0."platform", f0."customer_id", f0."api_key_used", f0."pr_title", f0."pr_url", f0."issue_title", f0."issue_url", f0."commit_sha", f0."merged_by", f0."metadata", f0."amount", f0."currency", f0."billed_at", f0."refunded_at", f0."inserted_at", f0."updated_at" FROM "fix_attempts" AS f0 WHERE (f0."id" = $1) [2610]
.13:17:28.855 request_id=GGBS8MzG4eC2XnoAADcC [info] POST /api/webhooks/github
13:17:28.855 request_id=GGBS8MzG4eC2XnoAADcC [debug] Processing with RsolvWeb.WebhookController.github/2
  Parameters: %{"action" => "opened", "pull_request" => %{"base" => %{"repo" => %{"name" => "test-repo", "owner" => %{"login" => "test-org"}}}, "body" => "Fixes #101\n\nGenerated by RSOLV", "number" => 43, "title" => "Fix XSS vulnerability"}}
  Pipelines: [:api]
13:17:28.855 request_id=GGBS8MzG4eC2XnoAADcC [debug] Raw body in controller: "{\"action\":\"opened\",\"pull_request\":{\"base\":{\"repo\":{\"name\":\"test-repo\",\"owner\":{\"login\":\"test-org\"}}},\"body\":\"Fixes #101\\n\\nGenerated by RSOLV\",\"number\":43,\"title\":\"Fix XSS vulnerability\"}}"
13:17:28.855 request_id=GGBS8MzG4eC2XnoAADcC [info] Routing GitHub event: "pull_request"
13:17:28.855 request_id=GGBS8MzG4eC2XnoAADcC [info] Handling pull_request event with action: "opened"
13:17:28.855 request_id=GGBS8MzG4eC2XnoAADcC [info] Evaluating PR: Fix XSS vulnerability
13:17:28.855 request_id=GGBS8MzG4eC2XnoAADcC [debug] RSOLV PR identification:
- Has label: 
- Has branch prefix: 
- Has title prefix: false
- Has body pattern: true

13:17:28.855 request_id=GGBS8MzG4eC2XnoAADcC [info] Identified as RSOLV PR, tracking...
13:17:28.856 request_id=GGBS8MzG4eC2XnoAADcC [debug] QUERY OK source="fix_attempts" db=0.4ms
SELECT f0."id", f0."github_org", f0."repo_name", f0."issue_number", f0."pr_number", f0."status", f0."merged_at", f0."billing_status", f0."requires_manual_approval", f0."approved_by", f0."approved_at", f0."approval_notes", f0."platform", f0."customer_id", f0."api_key_used", f0."pr_title", f0."pr_url", f0."issue_title", f0."issue_url", f0."commit_sha", f0."merged_by", f0."metadata", f0."amount", f0."currency", f0."billed_at", f0."refunded_at", f0."inserted_at", f0."updated_at" FROM "fix_attempts" AS f0 WHERE (((f0."github_org" = $1) AND (f0."repo_name" = $2)) AND (f0."pr_number" = $3)) ["test-org", "test-repo", 43]
13:17:28.856 request_id=GGBS8MzG4eC2XnoAADcC [debug] QUERY OK source="fix_attempts" db=0.1ms
INSERT INTO "fix_attempts" ("status","metadata","currency","repo_name","issue_number","github_org","pr_number","billing_status","platform","pr_title","requires_manual_approval","inserted_at","updated_at") VALUES ($1,$2,$3,$4,$5,$6,$7,$8,$9,$10,$11,$12,$13) RETURNING "id" ["pending", %{labels: [], branch: nil, created_by: nil, issue_references: [%{type: :number, value: 101}]}, "USD", "test-repo", 101, "test-org", 43, "not_billed", "github", "Fix XSS vulnerability", true, ~N[2025-08-29 19:17:28], ~N[2025-08-29 19:17:28]]
13:17:28.856 request_id=GGBS8MzG4eC2XnoAADcC [info] Webhook processed successfully: :pr_opened
13:17:28.856 request_id=GGBS8MzG4eC2XnoAADcC [info] Sent 200 in 1ms
13:17:28.856 request_id=GGBS8MzW_Qq2XnoAADeC [info] POST /api/webhooks/github
13:17:28.856 request_id=GGBS8MzW_Qq2XnoAADeC [debug] Processing with RsolvWeb.WebhookController.github/2
  Parameters: %{"action" => "closed", "pull_request" => %{"base" => %{"repo" => %{"name" => "test-repo", "owner" => %{"login" => "test-org"}}}, "merged" => false, "number" => 43}}
  Pipelines: [:api]
13:17:28.856 request_id=GGBS8MzW_Qq2XnoAADeC [debug] Raw body in controller: "{\"action\":\"closed\",\"pull_request\":{\"base\":{\"repo\":{\"name\":\"test-repo\",\"owner\":{\"login\":\"test-org\"}}},\"merged\":false,\"number\":43}}"
13:17:28.856 request_id=GGBS8MzW_Qq2XnoAADeC [info] Routing GitHub event: "pull_request"
13:17:28.856 request_id=GGBS8MzW_Qq2XnoAADeC [info] Handling pull_request event with action: "closed"
13:17:28.856 request_id=GGBS8MzW_Qq2XnoAADeC [debug] QUERY OK source="fix_attempts" db=0.0ms
SELECT f0."id", f0."github_org", f0."repo_name", f0."issue_number", f0."pr_number", f0."status", f0."merged_at", f0."billing_status", f0."requires_manual_approval", f0."approved_by", f0."approved_at", f0."approval_notes", f0."platform", f0."customer_id", f0."api_key_used", f0."pr_title", f0."pr_url", f0."issue_title", f0."issue_url", f0."commit_sha", f0."merged_by", f0."metadata", f0."amount", f0."currency", f0."billed_at", f0."refunded_at", f0."inserted_at", f0."updated_at" FROM "fix_attempts" AS f0 WHERE (((f0."github_org" = $1) AND (f0."repo_name" = $2)) AND (f0."pr_number" = $3)) ["test-org", "test-repo", 43]
13:17:28.857 request_id=GGBS8MzW_Qq2XnoAADeC [debug] QUERY OK source="fix_attempts" db=0.0ms
UPDATE "fix_attempts" SET "status" = $1, "updated_at" = $2 WHERE "id" = $3 ["rejected", ~N[2025-08-29 19:17:28], 2611]
13:17:28.857 request_id=GGBS8MzW_Qq2XnoAADeC [info] Webhook processed successfully: :rejected
13:17:28.857 request_id=GGBS8MzW_Qq2XnoAADeC [info] Sent 200 in 390µs
13:17:28.857 request_id=GGBS8MzW_Qq2XnoAADeC [debug] QUERY OK source="fix_attempts" db=0.1ms
SELECT f0."id", f0."github_org", f0."repo_name", f0."issue_number", f0."pr_number", f0."status", f0."merged_at", f0."billing_status", f0."requires_manual_approval", f0."approved_by", f0."approved_at", f0."approval_notes", f0."platform", f0."customer_id", f0."api_key_used", f0."pr_title", f0."pr_url", f0."issue_title", f0."issue_url", f0."commit_sha", f0."merged_by", f0."metadata", f0."amount", f0."currency", f0."billed_at", f0."refunded_at", f0."inserted_at", f0."updated_at" FROM "fix_attempts" AS f0 WHERE (f0."pr_number" = $1) [43]
.13:17:28.877 request_id=GGBS8M4ZTAaFB6gAABsE [info] POST /api/v1/vulnerabilities/validate
13:17:28.878 request_id=GGBS8M4ZTAaFB6gAABsE [debug] Processing with RsolvWeb.Api.V1.VulnerabilityValidationRouter.validate/2
  Parameters: %{"files" => %{"/app/processor.js" => "const input = req.query.data;\nconst processed = input;\nconst final = processed;\neval(final);\n"}, "vulnerabilities" => [%{"code" => "eval(final)", "filePath" => "/app/processor.js", "id" => "taint-3", "line" => 4, "type" => "code_injection"}]}
  Pipelines: [:api]
13:17:28.878 request_id=GGBS8M4ZTAaFB6gAABsE [debug] QUERY OK source="fun_with_flags_toggles" db=0.1ms
SELECT f0."id", f0."flag_name", f0."gate_type", f0."target", f0."enabled" FROM "fun_with_flags_toggles" AS f0 WHERE (f0."flag_name" = $1) ["false_positive_caching"]
13:17:28.878 request_id=GGBS8M4ZTAaFB6gAABsE [debug] Telemetry event: [:fun_with_flags, :persistence, :read], metadata: %{flag_name: :false_positive_caching, gate: nil}, measurements: %{system_time: 1756495048878402636}
13:17:28.878 request_id=GGBS8M4ZTAaFB6gAABsE [debug] Using standard validation controller (feature flag disabled)
13:17:28.878 request_id=GGBS8M4ZTAaFB6gAABsE [info] Sent 200 in 804µs
.13:17:28.909 request_id=GGBS8M_2QrRHjXUAAIeH [info] POST /api/v1/vulnerabilities/validate
13:17:28.909 request_id=GGBS8M_2QrRHjXUAAIeH [debug] Processing with RsolvWeb.Api.V1.VulnerabilityValidationRouter.validate/2
  Parameters: %{"files" => %{"/app/handler.js" => "const config = loadConfig();\neval(userExpression);\n"}, "vulnerabilities" => [%{"code" => "eval(userExpression)", "filePath" => "/app/handler.js", "id" => "taint-4", "line" => 2, "type" => "code_injection"}]}
  Pipelines: [:api]
13:17:28.909 request_id=GGBS8M_2QrRHjXUAAIeH [debug] QUERY OK source="fun_with_flags_toggles" db=0.3ms
SELECT f0."id", f0."flag_name", f0."gate_type", f0."target", f0."enabled" FROM "fun_with_flags_toggles" AS f0 WHERE (f0."flag_name" = $1) ["false_positive_caching"]
13:17:28.909 request_id=GGBS8M_2QrRHjXUAAIeH [debug] Telemetry event: [:fun_with_flags, :persistence, :read], metadata: %{flag_name: :false_positive_caching, gate: nil}, measurements: %{system_time: 1756495048909885054}
13:17:28.909 request_id=GGBS8M_2QrRHjXUAAIeH [debug] Using standard validation controller (feature flag disabled)
13:17:28.910 request_id=GGBS8M_2QrRHjXUAAIeH [info] Sent 200 in 995µs
.13:17:28.946 request_id=GGBS8NIvrM_di9MAAE0D [info] POST /api/v1/vulnerabilities/validate
13:17:28.946 request_id=GGBS8NIvrM_di9MAAE0D [debug] Processing with RsolvWeb.Api.V1.VulnerabilityValidationRouter.validate/2
  Parameters: %{"files" => %{"/app/routes.js" => "app.post('/execute', (req, res) => {\n  // Direct user input to eval\n  eval(req.body.code);\n  res.json({status: 'executed'});\n});\n"}, "vulnerabilities" => [%{"code" => "eval(req.body.code)", "filePath" => "/app/routes.js", "id" => "taint-1", "line" => 3, "type" => "code_injection"}]}
  Pipelines: [:api]
13:17:28.946 request_id=GGBS8NIvrM_di9MAAE0D [debug] QUERY OK source="fun_with_flags_toggles" db=0.2ms
SELECT f0."id", f0."flag_name", f0."gate_type", f0."target", f0."enabled" FROM "fun_with_flags_toggles" AS f0 WHERE (f0."flag_name" = $1) ["false_positive_caching"]
13:17:28.947 request_id=GGBS8NIvrM_di9MAAE0D [debug] Telemetry event: [:fun_with_flags, :persistence, :read], metadata: %{flag_name: :false_positive_caching, gate: nil}, measurements: %{system_time: 1756495048947014787}
13:17:28.947 request_id=GGBS8NIvrM_di9MAAE0D [debug] Using standard validation controller (feature flag disabled)
13:17:28.947 request_id=GGBS8NIvrM_di9MAAE0D [info] Sent 200 in 723µs
.13:17:28.981 request_id=GGBS8NRLkNXfOAEAADQI [info] POST /api/v1/vulnerabilities/validate
13:17:28.981 request_id=GGBS8NRLkNXfOAEAADQI [debug] Processing with RsolvWeb.Api.V1.VulnerabilityValidationRouter.validate/2
  Parameters: %{"files" => %{"/app/mystery.js" => "const config = loadConfiguration();\neval(config);\n"}, "vulnerabilities" => [%{"code" => "eval(config)", "filePath" => "/app/mystery.js", "id" => "taint-6", "line" => 2, "type" => "code_injection"}]}
  Pipelines: [:api]
13:17:28.982 request_id=GGBS8NRLkNXfOAEAADQI [debug] QUERY OK source="fun_with_flags_toggles" db=0.1ms queue=0.1ms
SELECT f0."id", f0."flag_name", f0."gate_type", f0."target", f0."enabled" FROM "fun_with_flags_toggles" AS f0 WHERE (f0."flag_name" = $1) ["false_positive_caching"]
13:17:28.982 request_id=GGBS8NRLkNXfOAEAADQI [debug] Telemetry event: [:fun_with_flags, :persistence, :read], metadata: %{flag_name: :false_positive_caching, gate: nil}, measurements: %{system_time: 1756495048982401889}
13:17:28.982 request_id=GGBS8NRLkNXfOAEAADQI [debug] Using standard validation controller (feature flag disabled)
13:17:28.982 request_id=GGBS8NRLkNXfOAEAADQI [info] Sent 200 in 784µs
.13:17:29.012 request_id=GGBS8NYd2KIl-GMAAE2D [info] POST /api/v1/vulnerabilities/validate
13:17:29.012 request_id=GGBS8NYd2KIl-GMAAE2D [debug] Processing with RsolvWeb.Api.V1.VulnerabilityValidationRouter.validate/2
  Parameters: %{"files" => %{"/vendor/lib/processor.js" => "// Vendor file with direct user input\neval(req.body.code);\n"}, "vulnerabilities" => [%{"code" => "eval(req.body.code)", "filePath" => "/vendor/lib/processor.js", "id" => "taint-7", "line" => 2, "type" => "code_injection"}]}
  Pipelines: [:api]
13:17:29.012 request_id=GGBS8NYd2KIl-GMAAE2D [debug] QUERY OK source="fun_with_flags_toggles" db=0.1ms queue=0.1ms
SELECT f0."id", f0."flag_name", f0."gate_type", f0."target", f0."enabled" FROM "fun_with_flags_toggles" AS f0 WHERE (f0."flag_name" = $1) ["false_positive_caching"]
13:17:29.012 request_id=GGBS8NYd2KIl-GMAAE2D [debug] Telemetry event: [:fun_with_flags, :persistence, :read], metadata: %{flag_name: :false_positive_caching, gate: nil}, measurements: %{system_time: 1756495049012896647}
13:17:29.012 request_id=GGBS8NYd2KIl-GMAAE2D [debug] Using standard validation controller (feature flag disabled)
13:17:29.013 request_id=GGBS8NYd2KIl-GMAAE2D [info] Sent 200 in 765µs
.13:17:29.045 request_id=GGBS8NgVdUjdNqgAABuE [info] POST /api/v1/vulnerabilities/validate
13:17:29.045 request_id=GGBS8NgVdUjdNqgAABuE [debug] Processing with RsolvWeb.Api.V1.VulnerabilityValidationRouter.validate/2
  Parameters: %{"files" => %{"/app/routes/contributions.js" => "app.post('/contributions', isLoggedIn, (req, res) => {\n  const preTax = req.body.preTax;\n  const afterTax = req.body.afterTax;\n  const roth = req.body.roth;\n  \n  // Vulnerable: Server-side JavaScript injection\n  const preTaxTotal = eval(preTax);\n  const afterTaxTotal = eval(afterTax);\n  const rothTotal = eval(roth);\n  \n  res.json({\n    preTax: preTaxTotal,\n    afterTax: afterTaxTotal,\n    roth: rothTotal\n  });\n});\n"}, "vulnerabilities" => [%{"code" => "eval(preTax)", "filePath" => "/app/routes/contributions.js", "id" => "nodegoat-eval", "line" => 8, "type" => "code_injection"}]}
  Pipelines: [:api]
13:17:29.045 request_id=GGBS8NgVdUjdNqgAABuE [debug] QUERY OK source="fun_with_flags_toggles" db=0.1ms
SELECT f0."id", f0."flag_name", f0."gate_type", f0."target", f0."enabled" FROM "fun_with_flags_toggles" AS f0 WHERE (f0."flag_name" = $1) ["false_positive_caching"]
13:17:29.045 request_id=GGBS8NgVdUjdNqgAABuE [debug] Telemetry event: [:fun_with_flags, :persistence, :read], metadata: %{flag_name: :false_positive_caching, gate: nil}, measurements: %{system_time: 1756495049045739347}
13:17:29.045 request_id=GGBS8NgVdUjdNqgAABuE [debug] Using standard validation controller (feature flag disabled)
13:17:29.045 request_id=GGBS8NgVdUjdNqgAABuE [info] Sent 200 in 513µs
.13:17:29.079 request_id=GGBS8NoWrhPBegcAABkL [info] POST /api/v1/vulnerabilities/validate
13:17:29.079 request_id=GGBS8NoWrhPBegcAABkL [debug] Processing with RsolvWeb.Api.V1.VulnerabilityValidationRouter.validate/2
  Parameters: %{"files" => %{"/app/controller.js" => "app.post('/run', (req, res) => {\n  const userCode = req.body.script;\n  // Single hop taint\n  eval(userCode);\n  res.json({done: true});\n});\n"}, "vulnerabilities" => [%{"code" => "eval(userCode)", "filePath" => "/app/controller.js", "id" => "taint-2", "line" => 4, "type" => "code_injection"}]}
  Pipelines: [:api]
13:17:29.079 request_id=GGBS8NoWrhPBegcAABkL [debug] QUERY OK source="fun_with_flags_toggles" db=0.2ms
SELECT f0."id", f0."flag_name", f0."gate_type", f0."target", f0."enabled" FROM "fun_with_flags_toggles" AS f0 WHERE (f0."flag_name" = $1) ["false_positive_caching"]
13:17:29.079 request_id=GGBS8NoWrhPBegcAABkL [debug] Telemetry event: [:fun_with_flags, :persistence, :read], metadata: %{flag_name: :false_positive_caching, gate: nil}, measurements: %{system_time: 1756495049079614856}
13:17:29.079 request_id=GGBS8NoWrhPBegcAABkL [debug] Using standard validation controller (feature flag disabled)
13:17:29.079 request_id=GGBS8NoWrhPBegcAABkL [info] Sent 200 in 861µs
.13:17:29.117 request_id=GGBS8Nxfb83DlTIAACGG [info] POST /api/v1/vulnerabilities/validate
13:17:29.117 request_id=GGBS8Nxfb83DlTIAACGG [debug] Processing with RsolvWeb.Api.V1.VulnerabilityValidationRouter.validate/2
  Parameters: %{"files" => %{"/app/secure.js" => "app.post('/safe', (req, res) => {\n  const input = req.body.code;\n  const cleaned = sanitize(input);\n  eval(cleaned);\n});\n"}, "vulnerabilities" => [%{"code" => "eval(cleaned)", "filePath" => "/app/secure.js", "id" => "taint-5", "line" => 4, "type" => "code_injection"}]}
  Pipelines: [:api]
13:17:29.117 request_id=GGBS8Nxfb83DlTIAACGG [debug] QUERY OK source="fun_with_flags_toggles" db=0.1ms
SELECT f0."id", f0."flag_name", f0."gate_type", f0."target", f0."enabled" FROM "fun_with_flags_toggles" AS f0 WHERE (f0."flag_name" = $1) ["false_positive_caching"]
13:17:29.117 request_id=GGBS8Nxfb83DlTIAACGG [debug] Telemetry event: [:fun_with_flags, :persistence, :read], metadata: %{flag_name: :false_positive_caching, gate: nil}, measurements: %{system_time: 1756495049117761592}
13:17:29.117 request_id=GGBS8Nxfb83DlTIAACGG [debug] Using standard validation controller (feature flag disabled)
13:17:29.117 request_id=GGBS8Nxfb83DlTIAACGG [info] Sent 200 in 552µs
.13:17:29.151 request_id=GGBS8N5r1K6w5E4AACOK [info] POST /api/v1/vulnerabilities/validate
13:17:29.151 request_id=GGBS8N5r1K6w5E4AACOK [debug] Processing with RsolvWeb.Api.V1.VulnerabilityValidationRouter.validate/2
  Parameters: %{"files" => %{"/app/models/user.js" => "function getUser(userId) {\n  return db.query('SELECT * FROM users WHERE id = $1', [userId]);\n}\n"}, "vulnerabilities" => [%{"code" => "db.query('SELECT * FROM users WHERE id = $1', [userId])", "filePath" => "/app/models/user.js", "id" => "vuln-3", "line" => 25, "type" => "sql_injection"}]}
  Pipelines: [:api]
13:17:29.152 request_id=GGBS8N5r1K6w5E4AACOK [debug] QUERY OK source="fun_with_flags_toggles" db=0.3ms
SELECT f0."id", f0."flag_name", f0."gate_type", f0."target", f0."enabled" FROM "fun_with_flags_toggles" AS f0 WHERE (f0."flag_name" = $1) ["false_positive_caching"]
13:17:29.152 request_id=GGBS8N5r1K6w5E4AACOK [debug] Telemetry event: [:fun_with_flags, :persistence, :read], metadata: %{flag_name: :false_positive_caching, gate: nil}, measurements: %{system_time: 1756495049152460485}
13:17:29.152 request_id=GGBS8N5r1K6w5E4AACOK [debug] Using standard validation controller (feature flag disabled)
13:17:29.158 request_id=GGBS8N5r1K6w5E4AACOK [info] Sent 500 in 7ms
13:17:29.158 request_id=GGBS8N5r1K6w5E4AACOK [debug] Converted error {:badkey, :reason, "Using parameterized query - protected from SQL injection"} to 500 response


 48) test integration with file path classifier and safe pattern detector recognizes safe parameterized queries (RsolvWeb.Api.V1.VulnerabilityValidationIntegrationTest)
     test/rsolv_web/controllers/api/v1/vulnerability_validation_integration_test.exs:107
     ** (KeyError) key :reason not found in: "Using parameterized query - protected from SQL injection"

     If you are using the dot syntax, such as map.field, make sure the left-hand side of the dot is a map
     code: |> post("/api/v1/vulnerabilities/validate", request_body)
     stacktrace:
       (rsolv 0.1.0) lib/rsolv_web/controllers/api/v1/vulnerability_validation_controller.ex:193: RsolvWeb.Api.V1.VulnerabilityValidationController.perform_ast_validation/2
       (rsolv 0.1.0) lib/rsolv_web/controllers/api/v1/vulnerability_validation_controller.ex:154: RsolvWeb.Api.V1.VulnerabilityValidationController.validate_single_vulnerability/2
       (rsolv 0.1.0) lib/rsolv_web/controllers/api/v1/vulnerability_validation_controller.ex:125: anonymous fn/3 in RsolvWeb.Api.V1.VulnerabilityValidationController.validate_vulnerabilities/2
       (elixir 1.18.4) lib/enum.ex:1840: Enum."-map_reduce/3-lists^mapfoldl/2-0-"/3
       (rsolv 0.1.0) lib/rsolv_web/controllers/api/v1/vulnerability_validation_controller.ex:104: RsolvWeb.Api.V1.VulnerabilityValidationController.validate_vulnerabilities/2
       (rsolv 0.1.0) lib/rsolv_web/controllers/api/v1/vulnerability_validation_controller.ex:29: RsolvWeb.Api.V1.VulnerabilityValidationController.validate/2
       (rsolv 0.1.0) lib/rsolv_web/controllers/api/v1/vulnerability_validation_router.ex:1: RsolvWeb.Api.V1.VulnerabilityValidationRouter.action/2
       (rsolv 0.1.0) lib/rsolv_web/controllers/api/v1/vulnerability_validation_router.ex:1: RsolvWeb.Api.V1.VulnerabilityValidationRouter.phoenix_controller_pipeline/2
       (phoenix 1.7.21) lib/phoenix/router.ex:484: Phoenix.Router.__call__/5
       (rsolv 0.1.0) lib/rsolv_web/endpoint.ex:1: RsolvWeb.Endpoint.plug_builder_call/2
       (rsolv 0.1.0) lib/rsolv_web/endpoint.ex:1: RsolvWeb.Endpoint.call/2
       (phoenix 1.7.21) lib/phoenix/test/conn_test.ex:225: Phoenix.ConnTest.dispatch/5
       test/rsolv_web/controllers/api/v1/vulnerability_validation_integration_test.exs:131: (test)

13:17:29.194 request_id=GGBS8OD8okz4_aUAADgC [info] POST /api/v1/vulnerabilities/validate
13:17:29.194 request_id=GGBS8OD8okz4_aUAADgC [debug] Processing with RsolvWeb.Api.V1.VulnerabilityValidationRouter.validate/2
  Parameters: %{"files" => %{"/app/controllers/user.js" => "app.post('/user', (req, res) => {\n  const result = db.query('SELECT * FROM users WHERE id = ' + req.body.userId);\n  res.json(result);\n});\n"}, "vulnerabilities" => [%{"code" => "db.query('SELECT * FROM users WHERE id = ' + req.body.userId)", "filePath" => "/app/controllers/user.js", "id" => "vuln-4", "line" => 15, "type" => "sql_injection"}]}
  Pipelines: [:api]
13:17:29.195 request_id=GGBS8OD8okz4_aUAADgC [debug] QUERY OK source="fun_with_flags_toggles" db=0.3ms
SELECT f0."id", f0."flag_name", f0."gate_type", f0."target", f0."enabled" FROM "fun_with_flags_toggles" AS f0 WHERE (f0."flag_name" = $1) ["false_positive_caching"]
13:17:29.195 request_id=GGBS8OD8okz4_aUAADgC [debug] Telemetry event: [:fun_with_flags, :persistence, :read], metadata: %{flag_name: :false_positive_caching, gate: nil}, measurements: %{system_time: 1756495049195457194}
13:17:29.195 request_id=GGBS8OD8okz4_aUAADgC [debug] Using standard validation controller (feature flag disabled)
13:17:29.195 request_id=GGBS8OD8okz4_aUAADgC [info] Sent 200 in 1ms
.13:17:29.230 request_id=GGBS8OMkHGW7eLkAACIG [info] POST /api/v1/vulnerabilities/validate
13:17:29.231 request_id=GGBS8OMkHGW7eLkAACIG [debug] Processing with RsolvWeb.Api.V1.VulnerabilityValidationRouter.validate/2
  Parameters: %{"files" => %{"/vendor/bootstrap/bootstrap.min.js" => "// Minified bootstrap code\nif (e.code === DOMException.QUOTA_EXCEEDED_ERR) {\n  // Handle quota exceeded\n}\n"}, "vulnerabilities" => [%{"code" => "e.code === DOMException.QUOTA_EXCEEDED_ERR", "filePath" => "/vendor/bootstrap/bootstrap.min.js", "id" => "vuln-1", "line" => 100, "type" => "timing_attack"}]}
  Pipelines: [:api]
13:17:29.231 request_id=GGBS8OMkHGW7eLkAACIG [debug] QUERY OK source="fun_with_flags_toggles" db=0.3ms
SELECT f0."id", f0."flag_name", f0."gate_type", f0."target", f0."enabled" FROM "fun_with_flags_toggles" AS f0 WHERE (f0."flag_name" = $1) ["false_positive_caching"]
13:17:29.231 request_id=GGBS8OMkHGW7eLkAACIG [debug] Telemetry event: [:fun_with_flags, :persistence, :read], metadata: %{flag_name: :false_positive_caching, gate: nil}, measurements: %{system_time: 1756495049231520722}
13:17:29.231 request_id=GGBS8OMkHGW7eLkAACIG [debug] Using standard validation controller (feature flag disabled)
13:17:29.231 request_id=GGBS8OMkHGW7eLkAACIG [info] Sent 500 in 713µs
13:17:29.231 request_id=GGBS8OMkHGW7eLkAACIG [debug] Converted error {:badkey, :reason, "Comparing against a constant value - not a timing vulnerability"} to 500 response


 49) test integration with file path classifier and safe pattern detector filters vendor file false positives (RsolvWeb.Api.V1.VulnerabilityValidationIntegrationTest)
     test/rsolv_web/controllers/api/v1/vulnerability_validation_integration_test.exs:32
     ** (KeyError) key :reason not found in: "Comparing against a constant value - not a timing vulnerability"

     If you are using the dot syntax, such as map.field, make sure the left-hand side of the dot is a map
     code: |> post("/api/v1/vulnerabilities/validate", request_body)
     stacktrace:
       (rsolv 0.1.0) lib/rsolv_web/controllers/api/v1/vulnerability_validation_controller.ex:193: RsolvWeb.Api.V1.VulnerabilityValidationController.perform_ast_validation/2
       (rsolv 0.1.0) lib/rsolv_web/controllers/api/v1/vulnerability_validation_controller.ex:154: RsolvWeb.Api.V1.VulnerabilityValidationController.validate_single_vulnerability/2
       (rsolv 0.1.0) lib/rsolv_web/controllers/api/v1/vulnerability_validation_controller.ex:125: anonymous fn/3 in RsolvWeb.Api.V1.VulnerabilityValidationController.validate_vulnerabilities/2
       (elixir 1.18.4) lib/enum.ex:1840: Enum."-map_reduce/3-lists^mapfoldl/2-0-"/3
       (rsolv 0.1.0) lib/rsolv_web/controllers/api/v1/vulnerability_validation_controller.ex:104: RsolvWeb.Api.V1.VulnerabilityValidationController.validate_vulnerabilities/2
       (rsolv 0.1.0) lib/rsolv_web/controllers/api/v1/vulnerability_validation_controller.ex:29: RsolvWeb.Api.V1.VulnerabilityValidationController.validate/2
       (rsolv 0.1.0) lib/rsolv_web/controllers/api/v1/vulnerability_validation_router.ex:1: RsolvWeb.Api.V1.VulnerabilityValidationRouter.action/2
       (rsolv 0.1.0) lib/rsolv_web/controllers/api/v1/vulnerability_validation_router.ex:1: RsolvWeb.Api.V1.VulnerabilityValidationRouter.phoenix_controller_pipeline/2
       (phoenix 1.7.21) lib/phoenix/router.ex:484: Phoenix.Router.__call__/5
       (rsolv 0.1.0) lib/rsolv_web/endpoint.ex:1: RsolvWeb.Endpoint.plug_builder_call/2
       (rsolv 0.1.0) lib/rsolv_web/endpoint.ex:1: RsolvWeb.Endpoint.call/2
       (phoenix 1.7.21) lib/phoenix/test/conn_test.ex:225: Phoenix.ConnTest.dispatch/5
       test/rsolv_web/controllers/api/v1/vulnerability_validation_integration_test.exs:59: (test)

13:17:29.265 request_id=GGBS8OUu-M0Q2HMAACgQ [info] POST /api/v1/vulnerabilities/validate
13:17:29.265 request_id=GGBS8OUu-M0Q2HMAACgQ [debug] Processing with RsolvWeb.Api.V1.VulnerabilityValidationRouter.validate/2
  Parameters: %{"files" => %{"/app/controller.js" => "query('SELECT * FROM users WHERE id = ' + userInput)", "/app/model.js" => "db.query('SELECT * FROM users WHERE id = ?', [id])", "/node_modules/jquery/jquery.min.js" => "status === HTTP_OK", "/test/db_test.js" => "query('SELECT * FROM test')"}, "vulnerabilities" => [%{"code" => "status === HTTP_OK", "filePath" => "/node_modules/jquery/jquery.min.js", "id" => "fp-1", "line" => 1, "type" => "timing_attack"}, %{"code" => "query('SELECT * FROM test')", "filePath" => "/test/db_test.js", "id" => "fp-2", "line" => 1, "type" => "sql_injection"}, %{"code" => "db.query('SELECT * FROM users WHERE id = ?', [id])", "filePath" => "/app/model.js", "id" => "fp-3", "line" => 1, "type" => "sql_injection"}, %{"code" => "query('SELECT * FROM users WHERE id = ' + userInput)", "filePath" => "/app/controller.js", "id" => "real-1", "line" => 1, "type" => "sql_injection"}]}
  Pipelines: [:api]
13:17:29.265 request_id=GGBS8OUu-M0Q2HMAACgQ [debug] QUERY OK source="fun_with_flags_toggles" db=0.4ms
SELECT f0."id", f0."flag_name", f0."gate_type", f0."target", f0."enabled" FROM "fun_with_flags_toggles" AS f0 WHERE (f0."flag_name" = $1) ["false_positive_caching"]
13:17:29.266 request_id=GGBS8OUu-M0Q2HMAACgQ [debug] Telemetry event: [:fun_with_flags, :persistence, :read], metadata: %{flag_name: :false_positive_caching, gate: nil}, measurements: %{system_time: 1756495049266018635}
13:17:29.266 request_id=GGBS8OUu-M0Q2HMAACgQ [debug] Using standard validation controller (feature flag disabled)
13:17:29.266 request_id=GGBS8OUu-M0Q2HMAACgQ [info] Sent 500 in 1ms
13:17:29.266 request_id=GGBS8OUu-M0Q2HMAACgQ [debug] Converted error {:badkey, :reason, "Comparing against a constant value - not a timing vulnerability"} to 500 response


 50) test metrics and statistics tracks false positive reduction metrics (RsolvWeb.Api.V1.VulnerabilityValidationIntegrationTest)
     test/rsolv_web/controllers/api/v1/vulnerability_validation_integration_test.exs:223
     ** (KeyError) key :reason not found in: "Comparing against a constant value - not a timing vulnerability"

     If you are using the dot syntax, such as map.field, make sure the left-hand side of the dot is a map
     code: |> post("/api/v1/vulnerabilities/validate", request_body)
     stacktrace:
       (rsolv 0.1.0) lib/rsolv_web/controllers/api/v1/vulnerability_validation_controller.ex:193: RsolvWeb.Api.V1.VulnerabilityValidationController.perform_ast_validation/2
       (rsolv 0.1.0) lib/rsolv_web/controllers/api/v1/vulnerability_validation_controller.ex:154: RsolvWeb.Api.V1.VulnerabilityValidationController.validate_single_vulnerability/2
       (rsolv 0.1.0) lib/rsolv_web/controllers/api/v1/vulnerability_validation_controller.ex:125: anonymous fn/3 in RsolvWeb.Api.V1.VulnerabilityValidationController.validate_vulnerabilities/2
       (elixir 1.18.4) lib/enum.ex:1840: Enum."-map_reduce/3-lists^mapfoldl/2-0-"/3
       (rsolv 0.1.0) lib/rsolv_web/controllers/api/v1/vulnerability_validation_controller.ex:104: RsolvWeb.Api.V1.VulnerabilityValidationController.validate_vulnerabilities/2
       (rsolv 0.1.0) lib/rsolv_web/controllers/api/v1/vulnerability_validation_controller.ex:29: RsolvWeb.Api.V1.VulnerabilityValidationController.validate/2
       (rsolv 0.1.0) lib/rsolv_web/controllers/api/v1/vulnerability_validation_router.ex:1: RsolvWeb.Api.V1.VulnerabilityValidationRouter.action/2
       (rsolv 0.1.0) lib/rsolv_web/controllers/api/v1/vulnerability_validation_router.ex:1: RsolvWeb.Api.V1.VulnerabilityValidationRouter.phoenix_controller_pipeline/2
       (phoenix 1.7.21) lib/phoenix/router.ex:484: Phoenix.Router.__call__/5
       (rsolv 0.1.0) lib/rsolv_web/endpoint.ex:1: RsolvWeb.Endpoint.plug_builder_call/2
       (rsolv 0.1.0) lib/rsolv_web/endpoint.ex:1: RsolvWeb.Endpoint.call/2
       (phoenix 1.7.21) lib/phoenix/test/conn_test.ex:225: Phoenix.ConnTest.dispatch/5
       test/rsolv_web/controllers/api/v1/vulnerability_validation_integration_test.exs:271: (test)

13:17:29.298 request_id=GGBS8Ocrom8rQcoAAC8M [info] POST /api/v1/vulnerabilities/validate
13:17:29.298 request_id=GGBS8Ocrom8rQcoAAC8M [debug] Processing with RsolvWeb.Api.V1.VulnerabilityValidationRouter.validate/2
  Parameters: %{"files" => %{"/test/integration/db_test.js" => "// Test file\nconst testId = 'test-123';\ndb.query('SELECT * FROM users WHERE id = ' + testId);\n"}, "vulnerabilities" => [%{"code" => "db.query('SELECT * FROM users WHERE id = ' + testId)", "filePath" => "/test/integration/db_test.js", "id" => "vuln-2", "line" => 50, "type" => "sql_injection"}]}
  Pipelines: [:api]
13:17:29.299 request_id=GGBS8Ocrom8rQcoAAC8M [debug] QUERY OK source="fun_with_flags_toggles" db=0.3ms
SELECT f0."id", f0."flag_name", f0."gate_type", f0."target", f0."enabled" FROM "fun_with_flags_toggles" AS f0 WHERE (f0."flag_name" = $1) ["false_positive_caching"]
13:17:29.299 request_id=GGBS8Ocrom8rQcoAAC8M [debug] Telemetry event: [:fun_with_flags, :persistence, :read], metadata: %{flag_name: :false_positive_caching, gate: nil}, measurements: %{system_time: 1756495049299178560}
13:17:29.299 request_id=GGBS8Ocrom8rQcoAAC8M [debug] Using standard validation controller (feature flag disabled)
13:17:29.299 request_id=GGBS8Ocrom8rQcoAAC8M [info] Sent 200 in 841µs
.13:17:29.330 request_id=GGBS8OkMzzmv23wAABwE [info] POST /api/v1/vulnerabilities/validate
13:17:29.330 request_id=GGBS8OkMzzmv23wAABwE [debug] Processing with RsolvWeb.Api.V1.VulnerabilityValidationRouter.validate/2
  Parameters: %{"files" => %{"/config/webpack.config.js" => "// Webpack config\nconst config = {\n  plugins: [{\n    apply: (compiler) => {\n      element.innerHTML = userInput;\n    }\n  }]\n};\n"}, "vulnerabilities" => [%{"code" => "element.innerHTML = userInput", "filePath" => "/config/webpack.config.js", "id" => "vuln-5", "line" => 50, "type" => "xss"}]}
  Pipelines: [:api]
13:17:29.330 request_id=GGBS8OkMzzmv23wAABwE [debug] QUERY OK source="fun_with_flags_toggles" db=0.3ms
SELECT f0."id", f0."flag_name", f0."gate_type", f0."target", f0."enabled" FROM "fun_with_flags_toggles" AS f0 WHERE (f0."flag_name" = $1) ["false_positive_caching"]
13:17:29.330 request_id=GGBS8OkMzzmv23wAABwE [debug] Telemetry event: [:fun_with_flags, :persistence, :read], metadata: %{flag_name: :false_positive_caching, gate: nil}, measurements: %{system_time: 1756495049330742796}
13:17:29.330 request_id=GGBS8OkMzzmv23wAABwE [debug] Using standard validation controller (feature flag disabled)
13:17:29.330 request_id=GGBS8OkMzzmv23wAABwE [info] Sent 200 in 828µs
...............13:17:29.339 request_id=GGBS8OmgFGxgAvwAABsJ [info] GET /api/v1/patterns
13:17:29.339 request_id=GGBS8OmgFGxgAvwAABsJ [debug] Processing with RsolvWeb.Api.V1.PatternController.index/2
  Parameters: %{"format" => "standard", "language" => "javascript"}
  Pipelines: [:api]
13:17:29.339 request_id=GGBS8OmgFGxgAvwAABsJ [info] Pattern API called with params: %{"format" => "standard", "language" => "javascript"}
13:17:29.339 request_id=GGBS8OmgFGxgAvwAABsJ [info] Language: javascript, Format: standard
13:17:29.339 request_id=GGBS8OmgFGxgAvwAABsJ [info] API key status: :none
13:17:29.339 request_id=GGBS8OmgFGxgAvwAABsJ [info] Getting demo patterns for javascript
13:17:29.339 request_id=GGBS8OmgFGxgAvwAABsJ [info] Retrieved 5 patterns
13:17:29.339 request_id=GGBS8OmgFGxgAvwAABsJ [debug] Formatting pattern: "js-sql-injection-concat"
13:17:29.339 request_id=GGBS8OmgFGxgAvwAABsJ [debug] Formatted pattern keys: ["cweId", "description", "examples", "frameworks", "id", "languages", "name", "owaspCategory", "recommendation", "regex", "regexPatterns", "severity", "supportsAst", "type"]
13:17:29.339 request_id=GGBS8OmgFGxgAvwAABsJ [debug] Formatting pattern: "js-xss-innerhtml"
13:17:29.340 request_id=GGBS8OmgFGxgAvwAABsJ [debug] Formatted pattern keys: ["cweId", "description", "examples", "frameworks", "id", "languages", "name", "owaspCategory", "recommendation", "regex", "regexPatterns", "severity", "supportsAst", "type"]
13:17:29.340 request_id=GGBS8OmgFGxgAvwAABsJ [debug] Formatting pattern: "js-command-injection-exec"
13:17:29.340 request_id=GGBS8OmgFGxgAvwAABsJ [debug] Formatted pattern keys: ["cweId", "description", "examples", "frameworks", "id", "languages", "name", "owaspCategory", "recommendation", "regex", "regexPatterns", "severity", "supportsAst", "type"]
13:17:29.340 request_id=GGBS8OmgFGxgAvwAABsJ [debug] Formatting pattern: "js-weak-crypto-md5"
13:17:29.340 request_id=GGBS8OmgFGxgAvwAABsJ [debug] Formatted pattern keys: ["cweId", "description", "examples", "frameworks", "id", "languages", "name", "owaspCategory", "recommendation", "regex", "regexPatterns", "severity", "supportsAst", "type"]
13:17:29.340 request_id=GGBS8OmgFGxgAvwAABsJ [debug] Formatting pattern: "js-hardcoded-secret-api-key"
13:17:29.340 request_id=GGBS8OmgFGxgAvwAABsJ [debug] Formatted pattern keys: ["cweId", "description", "examples", "frameworks", "id", "languages", "name", "owaspCategory", "recommendation", "regex", "regexPatterns", "severity", "supportsAst", "type"]
13:17:29.340 request_id=GGBS8OmgFGxgAvwAABsJ [info] Sent 200 in 508µs
..13:17:29.340 request_id=GGBS8OmxrIhpsccAAC0P [info] GET /api/v1/patterns
13:17:29.340 request_id=GGBS8OmxrIhpsccAAC0P [debug] Processing with RsolvWeb.Api.V1.PatternController.index/2
  Parameters: %{"format" => "enhanced", "language" => "javascript"}
  Pipelines: [:api]
13:17:29.340 request_id=GGBS8OmxrIhpsccAAC0P [info] Pattern API called with params: %{"format" => "enhanced", "language" => "javascript"}
13:17:29.340 request_id=GGBS8OmxrIhpsccAAC0P [info] Language: javascript, Format: enhanced
13:17:29.340 request_id=GGBS8OmxrIhpsccAAC0P [info] API key status: :none
13:17:29.340 request_id=GGBS8OmxrIhpsccAAC0P [info] Getting demo patterns for javascript
13:17:29.340 request_id=GGBS8OmxrIhpsccAAC0P [info] Retrieved 5 patterns
13:17:29.340 request_id=GGBS8OmxrIhpsccAAC0P [debug] Formatting pattern: "js-sql-injection-concat"
13:17:29.340 request_id=GGBS8OmxrIhpsccAAC0P [debug] Formatted pattern keys: ["cweId", "description", "examples", "frameworks", "id", "languages", "name", "owaspCategory", "recommendation", "regex", "regexPatterns", "severity", "supportsAst", "type"]
13:17:29.340 request_id=GGBS8OmxrIhpsccAAC0P [debug] Formatting pattern: "js-xss-innerhtml"
13:17:29.341 request_id=GGBS8OmxrIhpsccAAC0P [debug] Formatted pattern keys: ["cweId", "description", "examples", "frameworks", "id", "languages", "name", "owaspCategory", "recommendation", "regex", "regexPatterns", "severity", "supportsAst", "type"]
13:17:29.341 request_id=GGBS8OmxrIhpsccAAC0P [debug] Formatting pattern: "js-command-injection-exec"
13:17:29.341 request_id=GGBS8OmxrIhpsccAAC0P [debug] Formatted pattern keys: ["cweId", "description", "examples", "frameworks", "id", "languages", "name", "owaspCategory", "recommendation", "regex", "regexPatterns", "severity", "supportsAst", "type"]
13:17:29.341 request_id=GGBS8OmxrIhpsccAAC0P [debug] Formatting pattern: "js-weak-crypto-md5"
13:17:29.341 request_id=GGBS8OmxrIhpsccAAC0P [debug] Formatted pattern keys: ["cweId", "description", "examples", "frameworks", "id", "languages", "name", "owaspCategory", "recommendation", "regex", "regexPatterns", "severity", "supportsAst", "type"]
13:17:29.341 request_id=GGBS8OmxrIhpsccAAC0P [debug] Formatting pattern: "js-hardcoded-secret-api-key"
13:17:29.341 request_id=GGBS8OmxrIhpsccAAC0P [debug] Formatted pattern keys: ["cweId", "description", "examples", "frameworks", "id", "languages", "name", "owaspCategory", "recommendation", "regex", "regexPatterns", "severity", "supportsAst", "type"]
13:17:29.341 request_id=GGBS8OmxrIhpsccAAC0P [info] Sent 200 in 247µs
.13:17:29.341 request_id=GGBS8Om8hVtnl0UAADSI [info] GET /api/v1/patterns/js-xss-document-write/metadata
13:17:29.341 request_id=GGBS8Om8hVtnl0UAADSI [debug] Processing with RsolvWeb.PatternController.metadata/2
  Parameters: %{"id" => "js-xss-document-write"}
  Pipelines: [:api]
13:17:29.341 request_id=GGBS8Om8hVtnl0UAADSI [info] Sent 200 in 166µs
......................13:17:29.343 [debug] QUERY OK source="fun_with_flags_toggles" db=0.2ms
INSERT INTO "fun_with_flags_toggles" AS f0 ("enabled","target","flag_name","gate_type") VALUES ($1,$2,$3,$4) ON CONFLICT ("flag_name","gate_type","target") DO UPDATE SET "enabled" = $5 RETURNING "id" [true, "_fwf_none", "enabled_test_feature", "boolean", true]
13:17:29.344 [debug] QUERY OK source="fun_with_flags_toggles" db=0.0ms
SELECT f0."id", f0."flag_name", f0."gate_type", f0."target", f0."enabled" FROM "fun_with_flags_toggles" AS f0 WHERE (f0."flag_name" = $1) ["enabled_test_feature"]
13:17:29.344 [debug] Telemetry event: [:fun_with_flags, :persistence, :write], metadata: %{flag_name: :enabled_test_feature, gate: %FunWithFlags.Gate{type: :boolean, for: nil, enabled: true}}, measurements: %{system_time: 1756495049344121888}
13:17:29.344 [debug] QUERY OK source="fun_with_flags_toggles" db=0.0ms
SELECT f0."id", f0."flag_name", f0."gate_type", f0."target", f0."enabled" FROM "fun_with_flags_toggles" AS f0 WHERE (f0."flag_name" = $1) ["enabled_test_feature"]
13:17:29.344 [debug] Telemetry event: [:fun_with_flags, :persistence, :read], metadata: %{flag_name: :enabled_test_feature, gate: nil}, measurements: %{system_time: 1756495049344350045}
......13:17:29.346 [debug] QUERY OK source="fun_with_flags_toggles" db=0.2ms
INSERT INTO "fun_with_flags_toggles" AS f0 ("enabled","target","flag_name","gate_type") VALUES ($1,$2,$3,$4) ON CONFLICT ("flag_name","gate_type","target") DO UPDATE SET "enabled" = $5 RETURNING "id" [false, "_fwf_none", "disabled_test_feature", "boolean", false]
13:17:29.346 [debug] QUERY OK source="fun_with_flags_toggles" db=0.1ms
SELECT f0."id", f0."flag_name", f0."gate_type", f0."target", f0."enabled" FROM "fun_with_flags_toggles" AS f0 WHERE (f0."flag_name" = $1) ["disabled_test_feature"]
13:17:29.346 [debug] Telemetry event: [:fun_with_flags, :persistence, :write], metadata: %{flag_name: :disabled_test_feature, gate: %FunWithFlags.Gate{type: :boolean, for: nil, enabled: false}}, measurements: %{system_time: 1756495049346873987}
13:17:29.347 [debug] QUERY OK source="fun_with_flags_toggles" db=0.0ms
SELECT f0."id", f0."flag_name", f0."gate_type", f0."target", f0."enabled" FROM "fun_with_flags_toggles" AS f0 WHERE (f0."flag_name" = $1) ["disabled_test_feature"]
13:17:29.347 [debug] Telemetry event: [:fun_with_flags, :persistence, :read], metadata: %{flag_name: :disabled_test_feature, gate: nil}, measurements: %{system_time: 1756495049347134022}
13:17:29.347 [warning] Tracking undefined event: feature_disabled_access. Consider adding to @events list.
13:17:29.347 [info] Analytics event tracked
13:17:29.347 [debug] QUERY OK db=0.1ms queue=0.1ms
SELECT create_analytics_partition_if_not_exists($1::date) [~D[2025-08-29]]
13:17:29.347 [debug] QUERY OK source="analytics_events" db=0.2ms
INSERT INTO "analytics_events" ("metadata","event_type","visitor_id","inserted_at","updated_at") VALUES ($1,$2,$3,$4,$5) RETURNING "id" [%{path: "/", feature: :disabled_test_feature, method: "GET", remote_ip: "127.0.0.1"}, "feature_disabled_access", "415efa734f294d02a188952c43ac3a80", ~N[2025-08-29 19:17:29], ~N[2025-08-29 19:17:29]]
13:17:29.347 [info] Access attempt to disabled feature
.13:17:29.348 request_id=GGBS8OojZe4-qL4AADUF [info] GET /api/v1/patterns
13:17:29.348 request_id=GGBS8OojZe4-qL4AADUF [debug] Processing with RsolvWeb.Api.V1.PatternController.index/2
  Parameters: %{"format" => "enhanced", "language" => "javascript"}
  Pipelines: [:api]
13:17:29.348 request_id=GGBS8OojZe4-qL4AADUF [info] Pattern API called with params: %{"format" => "enhanced", "language" => "javascript"}
13:17:29.348 request_id=GGBS8OojZe4-qL4AADUF [info] Language: javascript, Format: enhanced
13:17:29.348 request_id=GGBS8OojZe4-qL4AADUF [info] API key status: :none
13:17:29.348 request_id=GGBS8OojZe4-qL4AADUF [info] Getting demo patterns for javascript
13:17:29.348 request_id=GGBS8OojZe4-qL4AADUF [info] Retrieved 5 patterns
13:17:29.348 request_id=GGBS8OojZe4-qL4AADUF [debug] Formatting pattern: "js-sql-injection-concat"
13:17:29.348 request_id=GGBS8OojZe4-qL4AADUF [debug] Formatted pattern keys: ["cweId", "description", "examples", "frameworks", "id", "languages", "name", "owaspCategory", "recommendation", "regex", "regexPatterns", "severity", "supportsAst", "type"]
13:17:29.348 request_id=GGBS8OojZe4-qL4AADUF [debug] Formatting pattern: "js-xss-innerhtml"
13:17:29.348 request_id=GGBS8OojZe4-qL4AADUF [debug] Formatted pattern keys: ["cweId", "description", "examples", "frameworks", "id", "languages", "name", "owaspCategory", "recommendation", "regex", "regexPatterns", "severity", "supportsAst", "type"]
13:17:29.348 request_id=GGBS8OojZe4-qL4AADUF [debug] Formatting pattern: "js-command-injection-exec"
13:17:29.348 request_id=GGBS8OojZe4-qL4AADUF [debug] Formatted pattern keys: ["cweId", "description", "examples", "frameworks", "id", "languages", "name", "owaspCategory", "recommendation", "regex", "regexPatterns", "severity", "supportsAst", "type"]
13:17:29.348 request_id=GGBS8OojZe4-qL4AADUF [debug] Formatting pattern: "js-weak-crypto-md5"
13:17:29.348 request_id=GGBS8OojZe4-qL4AADUF [debug] Formatted pattern keys: ["cweId", "description", "examples", "frameworks", "id", "languages", "name", "owaspCategory", "recommendation", "regex", "regexPatterns", "severity", "supportsAst", "type"]
13:17:29.348 request_id=GGBS8OojZe4-qL4AADUF [debug] Formatting pattern: "js-hardcoded-secret-api-key"
.13:17:29.348 request_id=GGBS8OojZe4-qL4AADUF [debug] Formatted pattern keys: ["cweId", "description", "examples", "frameworks", "id", "languages", "name", "owaspCategory", "recommendation", "regex", "regexPatterns", "severity", "supportsAst", "type"]
13:17:29.348 request_id=GGBS8OojZe4-qL4AADUF [info] Sent 200 in 507µs
13:17:29.349 request_id=GGBS8Oov1coF6WUAAGcB [info] GET /api/v1/patterns
13:17:29.349 request_id=GGBS8Oov1coF6WUAAGcB [debug] Processing with RsolvWeb.Api.V1.PatternController.index/2
  Parameters: %{"format" => "enhanced", "language" => "javascript"}
  Pipelines: [:api]
13:17:29.349 request_id=GGBS8Oov1coF6WUAAGcB [info] Pattern API called with params: %{"format" => "enhanced", "language" => "javascript"}
13:17:29.349 request_id=GGBS8Oov1coF6WUAAGcB [info] Language: javascript, Format: enhanced
13:17:29.352 request_id=GGBS8Oov1coF6WUAAGcB [debug] QUERY OK source="api_keys" db=0.2ms
SELECT a0."id", a0."key", a0."name", a0."permissions", a0."active", a0."last_used_at", a0."expires_at", a0."customer_id", a0."inserted_at", a0."updated_at" FROM "api_keys" AS a0 WHERE ((a0."key" = $1) AND (a0."active" = $2)) ["rsolv_test_abc123", true]
13:17:29.352 request_id=GGBS8Oov1coF6WUAAGcB [debug] QUERY OK source="customers" db=0.2ms
SELECT c0."id", c0."name", c0."email", c0."api_key", c0."monthly_limit", c0."current_usage", c0."active", c0."metadata", c0."github_org", c0."plan", c0."user_id", c0."inserted_at", c0."updated_at" FROM "customers" AS c0 WHERE ((c0."api_key" = $1) AND (c0."active" = $2)) ["rsolv_test_abc123", true]
13:17:29.352 request_id=GGBS8Oov1coF6WUAAGcB [info] API key status: :valid
13:17:29.352 request_id=GGBS8Oov1coF6WUAAGcB [info] Getting enhanced patterns for javascript
13:17:29.352 request_id=GGBS8Oov1coF6WUAAGcB [info] Retrieved 30 patterns
13:17:29.352 request_id=GGBS8Oov1coF6WUAAGcB [debug] Formatting pattern: "js-sql-injection-concat"
13:17:29.353 request_id=GGBS8Oov1coF6WUAAGcB [debug] Formatted pattern keys: ["astRules", "confidenceRules", "contextRules", "cweId", "description", "examples", "frameworks", "id", "languages", "minConfidence", "name", "owaspCategory", "recommendation", "regex", "regexPatterns", "severity", "supportsAst", "type"]
13:17:29.353 request_id=GGBS8Oov1coF6WUAAGcB [debug] Formatting pattern: "js-sql-injection-interpolation"
13:17:29.353 request_id=GGBS8Oov1coF6WUAAGcB [debug] Formatted pattern keys: ["astRules", "confidenceRules", "contextRules", "cweId", "description", "examples", "frameworks", "id", "languages", "minConfidence", "name", "owaspCategory", "recommendation", "regex", "regexPatterns", "severity", "supportsAst", "type"]
13:17:29.353 request_id=GGBS8Oov1coF6WUAAGcB [debug] Formatting pattern: "js-xss-innerhtml"
13:17:29.353 request_id=GGBS8Oov1coF6WUAAGcB [debug] Formatted pattern keys: ["astRules", "confidenceRules", "contextRules", "cweId", "description", "examples", "frameworks", "id", "languages", "minConfidence", "name", "owaspCategory", "recommendation", "regex", "regexPatterns", "severity", "supportsAst", "type"]
13:17:29.353 request_id=GGBS8Oov1coF6WUAAGcB [debug] Formatting pattern: "js-xss-document-write"
13:17:29.353 request_id=GGBS8Oov1coF6WUAAGcB [debug] Formatted pattern keys: ["astRules", "confidenceRules", "contextRules", "cweId", "description", "examples", "frameworks", "id", "languages", "minConfidence", "name", "owaspCategory", "recommendation", "regex", "regexPatterns", "severity", "supportsAst", "type"]
13:17:29.353 request_id=GGBS8Oov1coF6WUAAGcB [debug] Formatting pattern: "js-xss-jquery-html"
13:17:29.353 request_id=GGBS8Oov1coF6WUAAGcB [debug] Formatted pattern keys: ["astRules", "confidenceRules", "contextRules", "cweId", "description", "examples", "frameworks", "id", "languages", "minConfidence", "name", "owaspCategory", "recommendation", "regex", "regexPatterns", "severity", "supportsAst", "type"]
13:17:29.353 request_id=GGBS8Oov1coF6WUAAGcB [debug] Formatting pattern: "js-xss-react-dangerously"
13:17:29.353 request_id=GGBS8Oov1coF6WUAAGcB [debug] Formatted pattern keys: ["astRules", "confidenceRules", "contextRules", "cweId", "description", "examples", "frameworks", "id", "languages", "minConfidence", "name", "owaspCategory", "recommendation", "regex", "regexPatterns", "severity", "supportsAst", "type"]
13:17:29.353 request_id=GGBS8Oov1coF6WUAAGcB [debug] Formatting pattern: "js-xss-dom-manipulation"
13:17:29.353 request_id=GGBS8Oov1coF6WUAAGcB [debug] Formatted pattern keys: ["astRules", "confidenceRules", "contextRules", "cweId", "description", "examples", "frameworks", "id", "languages", "minConfidence", "name", "owaspCategory", "recommendation", "regex", "regexPatterns", "severity", "supportsAst", "type"]
13:17:29.353 request_id=GGBS8Oov1coF6WUAAGcB [debug] Formatting pattern: "js-command-injection-exec"
13:17:29.353 request_id=GGBS8Oov1coF6WUAAGcB [debug] Formatted pattern keys: ["astRules", "confidenceRules", "contextRules", "cweId", "description", "examples", "frameworks", "id", "languages", "minConfidence", "name", "owaspCategory", "recommendation", "regex", "regexPatterns", "severity", "supportsAst", "type"]
13:17:29.353 request_id=GGBS8Oov1coF6WUAAGcB [debug] Formatting pattern: "js-command-injection-spawn"
13:17:29.353 request_id=GGBS8Oov1coF6WUAAGcB [debug] Formatted pattern keys: ["astRules", "confidenceRules", "contextRules", "cweId", "description", "examples", "frameworks", "id", "languages", "minConfidence", "name", "owaspCategory", "recommendation", "regex", "regexPatterns", "severity", "supportsAst", "type"]
13:17:29.353 request_id=GGBS8Oov1coF6WUAAGcB [debug] Formatting pattern: "js-path-traversal-join"
13:17:29.353 request_id=GGBS8Oov1coF6WUAAGcB [debug] Formatted pattern keys: ["astRules", "confidenceRules", "contextRules", "cweId", "description", "examples", "frameworks", "id", "languages", "minConfidence", "name", "owaspCategory", "recommendation", "regex", "regexPatterns", "severity", "supportsAst", "type"]
13:17:29.353 request_id=GGBS8Oov1coF6WUAAGcB [debug] Formatting pattern: "js-path-traversal-concat"
13:17:29.353 request_id=GGBS8Oov1coF6WUAAGcB [debug] Formatted pattern keys: ["astRules", "confidenceRules", "contextRules", "cweId", "description", "examples", "frameworks", "id", "languages", "minConfidence", "name", "owaspCategory", "recommendation", "regex", "regexPatterns", "severity", "supportsAst", "type"]
13:17:29.353 request_id=GGBS8Oov1coF6WUAAGcB [debug] Formatting pattern: "js-weak-crypto-md5"
13:17:29.353 request_id=GGBS8Oov1coF6WUAAGcB [debug] Formatted pattern keys: ["astRules", "confidenceRules", "contextRules", "cweId", "description", "examples", "frameworks", "id", "languages", "minConfidence", "name", "owaspCategory", "recommendation", "regex", "regexPatterns", "severity", "supportsAst", "type"]
13:17:29.353 request_id=GGBS8Oov1coF6WUAAGcB [debug] Formatting pattern: "js-weak-crypto-sha1"
13:17:29.353 request_id=GGBS8Oov1coF6WUAAGcB [debug] Formatted pattern keys: ["astRules", "confidenceRules", "contextRules", "cweId", "description", "examples", "frameworks", "id", "languages", "minConfidence", "name", "owaspCategory", "recommendation", "regex", "regexPatterns", "severity", "supportsAst", "type"]
13:17:29.353 request_id=GGBS8Oov1coF6WUAAGcB [debug] Formatting pattern: "js-hardcoded-secret-password"
13:17:29.353 request_id=GGBS8Oov1coF6WUAAGcB [debug] Formatted pattern keys: ["astRules", "confidenceRules", "contextRules", "cweId", "description", "examples", "frameworks", "id", "languages", "minConfidence", "name", "owaspCategory", "recommendation", "regex", "regexPatterns", "severity", "supportsAst", "type"]
13:17:29.353 request_id=GGBS8Oov1coF6WUAAGcB [debug] Formatting pattern: "js-hardcoded-secret-api-key"
13:17:29.353 request_id=GGBS8Oov1coF6WUAAGcB [debug] Formatted pattern keys: ["astRules", "confidenceRules", "contextRules", "cweId", "description", "examples", "frameworks", "id", "languages", "minConfidence", "name", "owaspCategory", "recommendation", "regex", "regexPatterns", "severity", "supportsAst", "type"]
13:17:29.353 request_id=GGBS8Oov1coF6WUAAGcB [debug] Formatting pattern: "js-eval-user-input"
13:17:29.353 request_id=GGBS8Oov1coF6WUAAGcB [debug] Formatted pattern keys: ["astRules", "confidenceRules", "contextRules", "cweId", "description", "examples", "frameworks", "id", "languages", "minConfidence", "name", "owaspCategory", "recommendation", "regex", "regexPatterns", "severity", "supportsAst", "type"]
13:17:29.353 request_id=GGBS8Oov1coF6WUAAGcB [debug] Formatting pattern: "js-unsafe-regex"
13:17:29.353 request_id=GGBS8Oov1coF6WUAAGcB [debug] Formatted pattern keys: ["astRules", "confidenceRules", "contextRules", "cweId", "description", "examples", "frameworks", "id", "languages", "minConfidence", "name", "owaspCategory", "recommendation", "regex", "regexPatterns", "severity", "supportsAst", "type"]
13:17:29.353 request_id=GGBS8Oov1coF6WUAAGcB [debug] Formatting pattern: "js-open-redirect"
13:17:29.353 request_id=GGBS8Oov1coF6WUAAGcB [debug] Formatted pattern keys: ["astRules", "confidenceRules", "contextRules", "cweId", "description", "examples", "frameworks", "id", "languages", "minConfidence", "name", "owaspCategory", "recommendation", "regex", "regexPatterns", "severity", "supportsAst", "type"]
13:17:29.353 request_id=GGBS8Oov1coF6WUAAGcB [debug] Formatting pattern: "js-xxe-external-entities"
13:17:29.353 request_id=GGBS8Oov1coF6WUAAGcB [debug] Formatted pattern keys: ["astRules", "confidenceRules", "contextRules", "cweId", "description", "examples", "frameworks", "id", "languages", "minConfidence", "name", "owaspCategory", "recommendation", "regex", "regexPatterns", "severity", "supportsAst", "type"]
13:17:29.353 request_id=GGBS8Oov1coF6WUAAGcB [debug] Formatting pattern: "js-prototype-pollution"
13:17:29.353 request_id=GGBS8Oov1coF6WUAAGcB [debug] Formatted pattern keys: ["astRules", "confidenceRules", "contextRules", "cweId", "description", "examples", "frameworks", "id", "languages", "minConfidence", "name", "owaspCategory", "recommendation", "regex", "regexPatterns", "severity", "supportsAst", "type"]
13:17:29.353 request_id=GGBS8Oov1coF6WUAAGcB [debug] Formatting pattern: "js-insecure-random"
13:17:29.353 request_id=GGBS8Oov1coF6WUAAGcB [debug] Formatted pattern keys: ["astRules", "confidenceRules", "contextRules", "cweId", "description", "examples", "frameworks", "id", "languages", "minConfidence", "name", "owaspCategory", "recommendation", "regex", "regexPatterns", "severity", "supportsAst", "type"]
13:17:29.353 request_id=GGBS8Oov1coF6WUAAGcB [debug] Formatting pattern: "js-timing-attack"
13:17:29.353 request_id=GGBS8Oov1coF6WUAAGcB [debug] Formatted pattern keys: ["astRules", "confidenceRules", "contextRules", "cweId", "description", "examples", "frameworks", "id", "languages", "minConfidence", "name", "owaspCategory", "recommendation", "regex", "regexPatterns", "severity", "supportsAst", "type"]
13:17:29.353 request_id=GGBS8Oov1coF6WUAAGcB [debug] Formatting pattern: "js-nosql-injection"
13:17:29.353 request_id=GGBS8Oov1coF6WUAAGcB [debug] Formatted pattern keys: ["astRules", "confidenceRules", "contextRules", "cweId", "description", "examples", "frameworks", "id", "languages", "minConfidence", "name", "owaspCategory", "recommendation", "regex", "regexPatterns", "severity", "supportsAst", "type"]
13:17:29.353 request_id=GGBS8Oov1coF6WUAAGcB [debug] Formatting pattern: "js-ldap-injection"
13:17:29.353 request_id=GGBS8Oov1coF6WUAAGcB [debug] Formatted pattern keys: ["astRules", "confidenceRules", "contextRules", "cweId", "description", "examples", "frameworks", "id", "languages", "minConfidence", "name", "owaspCategory", "recommendation", "regex", "regexPatterns", "severity", "supportsAst", "type"]
13:17:29.353 request_id=GGBS8Oov1coF6WUAAGcB [debug] Formatting pattern: "js-xpath-injection"
13:17:29.353 request_id=GGBS8Oov1coF6WUAAGcB [debug] Formatted pattern keys: ["astRules", "confidenceRules", "contextRules", "cweId", "description", "examples", "frameworks", "id", "languages", "minConfidence", "name", "owaspCategory", "recommendation", "regex", "regexPatterns", "severity", "supportsAst", "type"]
13:17:29.353 request_id=GGBS8Oov1coF6WUAAGcB [debug] Formatting pattern: "js-ssrf"
13:17:29.353 request_id=GGBS8Oov1coF6WUAAGcB [debug] Formatted pattern keys: ["astRules", "confidenceRules", "contextRules", "cweId", "description", "examples", "frameworks", "id", "languages", "minConfidence", "name", "owaspCategory", "recommendation", "regex", "regexPatterns", "severity", "supportsAst", "type"]
13:17:29.353 request_id=GGBS8Oov1coF6WUAAGcB [debug] Formatting pattern: "js-insecure-deserialization"
13:17:29.353 request_id=GGBS8Oov1coF6WUAAGcB [debug] Formatted pattern keys: ["astRules", "confidenceRules", "contextRules", "cweId", "description", "examples", "frameworks", "id", "languages", "minConfidence", "name", "owaspCategory", "recommendation", "regex", "regexPatterns", "severity", "supportsAst", "type"]
13:17:29.353 request_id=GGBS8Oov1coF6WUAAGcB [debug] Formatting pattern: "js-missing-csrf"
13:17:29.353 request_id=GGBS8Oov1coF6WUAAGcB [debug] Formatted pattern keys: ["astRules", "confidenceRules", "contextRules", "cweId", "description", "examples", "frameworks", "id", "languages", "minConfidence", "name", "owaspCategory", "recommendation", "regex", "regexPatterns", "severity", "supportsAst", "type"]
13:17:29.353 request_id=GGBS8Oov1coF6WUAAGcB [debug] Formatting pattern: "js-jwt-none-algorithm"
13:17:29.353 request_id=GGBS8Oov1coF6WUAAGcB [debug] Formatted pattern keys: ["astRules", "confidenceRules", "contextRules", "cweId", "description", "examples", "frameworks", "id", "languages", "minConfidence", "name", "owaspCategory", "recommendation", "regex", "regexPatterns", "severity", "supportsAst", "type"]
13:17:29.353 request_id=GGBS8Oov1coF6WUAAGcB [debug] Formatting pattern: "js-debug-console-log"
13:17:29.353 request_id=GGBS8Oov1coF6WUAAGcB [debug] Formatted pattern keys: ["astRules", "confidenceRules", "contextRules", "cweId", "description", "examples", "frameworks", "id", "languages", "minConfidence", "name", "owaspCategory", "recommendation", "regex", "regexPatterns", "severity", "supportsAst", "type"]
13:17:29.354 request_id=GGBS8Oov1coF6WUAAGcB [info] Sent 200 in 5ms
.13:17:29.354 request_id=GGBS8OqItHeijwsAACSS [info] GET /api/v1/patterns
13:17:29.355 request_id=GGBS8OqItHeijwsAACSS [debug] Processing with RsolvWeb.Api.V1.PatternController.index/2
  Parameters: %{"format" => "enhanced", "language" => "javascript"}
  Pipelines: [:api]
13:17:29.355 request_id=GGBS8OqItHeijwsAACSS [info] Pattern API called with params: %{"format" => "enhanced", "language" => "javascript"}
13:17:29.355 request_id=GGBS8OqItHeijwsAACSS [info] Language: javascript, Format: enhanced
13:17:29.355 request_id=GGBS8OqItHeijwsAACSS [debug] QUERY OK source="api_keys" db=0.1ms
SELECT a0."id", a0."key", a0."name", a0."permissions", a0."active", a0."last_used_at", a0."expires_at", a0."customer_id", a0."inserted_at", a0."updated_at" FROM "api_keys" AS a0 WHERE ((a0."key" = $1) AND (a0."active" = $2)) ["rsolv_test_abc123", true]
13:17:29.355 request_id=GGBS8OqItHeijwsAACSS [debug] QUERY OK source="customers" db=0.1ms
SELECT c0."id", c0."name", c0."email", c0."api_key", c0."monthly_limit", c0."current_usage", c0."active", c0."metadata", c0."github_org", c0."plan", c0."user_id", c0."inserted_at", c0."updated_at" FROM "customers" AS c0 WHERE ((c0."api_key" = $1) AND (c0."active" = $2)) ["rsolv_test_abc123", true]
13:17:29.355 request_id=GGBS8OqItHeijwsAACSS [info] API key status: :valid
13:17:29.355 request_id=GGBS8OqItHeijwsAACSS [info] Getting enhanced patterns for javascript
13:17:29.355 request_id=GGBS8OqItHeijwsAACSS [info] Retrieved 30 patterns
13:17:29.355 request_id=GGBS8OqItHeijwsAACSS [debug] Formatting pattern: "js-sql-injection-concat"
13:17:29.355 request_id=GGBS8OqItHeijwsAACSS [debug] Formatted pattern keys: ["astRules", "confidenceRules", "contextRules", "cweId", "description", "examples", "frameworks", "id", "languages", "minConfidence", "name", "owaspCategory", "recommendation", "regex", "regexPatterns", "severity", "supportsAst", "type"]
13:17:29.355 request_id=GGBS8OqItHeijwsAACSS [debug] Formatting pattern: "js-sql-injection-interpolation"
13:17:29.355 request_id=GGBS8OqItHeijwsAACSS [debug] Formatted pattern keys: ["astRules", "confidenceRules", "contextRules", "cweId", "description", "examples", "frameworks", "id", "languages", "minConfidence", "name", "owaspCategory", "recommendation", "regex", "regexPatterns", "severity", "supportsAst", "type"]
13:17:29.355 request_id=GGBS8OqItHeijwsAACSS [debug] Formatting pattern: "js-xss-innerhtml"
13:17:29.355 request_id=GGBS8OqItHeijwsAACSS [debug] Formatted pattern keys: ["astRules", "confidenceRules", "contextRules", "cweId", "description", "examples", "frameworks", "id", "languages", "minConfidence", "name", "owaspCategory", "recommendation", "regex", "regexPatterns", "severity", "supportsAst", "type"]
13:17:29.355 request_id=GGBS8OqItHeijwsAACSS [debug] Formatting pattern: "js-xss-document-write"
13:17:29.355 request_id=GGBS8OqItHeijwsAACSS [debug] Formatted pattern keys: ["astRules", "confidenceRules", "contextRules", "cweId", "description", "examples", "frameworks", "id", "languages", "minConfidence", "name", "owaspCategory", "recommendation", "regex", "regexPatterns", "severity", "supportsAst", "type"]
13:17:29.355 request_id=GGBS8OqItHeijwsAACSS [debug] Formatting pattern: "js-xss-jquery-html"
13:17:29.355 request_id=GGBS8OqItHeijwsAACSS [debug] Formatted pattern keys: ["astRules", "confidenceRules", "contextRules", "cweId", "description", "examples", "frameworks", "id", "languages", "minConfidence", "name", "owaspCategory", "recommendation", "regex", "regexPatterns", "severity", "supportsAst", "type"]
13:17:29.355 request_id=GGBS8OqItHeijwsAACSS [debug] Formatting pattern: "js-xss-react-dangerously"
13:17:29.355 request_id=GGBS8OqItHeijwsAACSS [debug] Formatted pattern keys: ["astRules", "confidenceRules", "contextRules", "cweId", "description", "examples", "frameworks", "id", "languages", "minConfidence", "name", "owaspCategory", "recommendation", "regex", "regexPatterns", "severity", "supportsAst", "type"]
13:17:29.355 request_id=GGBS8OqItHeijwsAACSS [debug] Formatting pattern: "js-xss-dom-manipulation"
13:17:29.355 request_id=GGBS8OqItHeijwsAACSS [debug] Formatted pattern keys: ["astRules", "confidenceRules", "contextRules", "cweId", "description", "examples", "frameworks", "id", "languages", "minConfidence", "name", "owaspCategory", "recommendation", "regex", "regexPatterns", "severity", "supportsAst", "type"]
13:17:29.355 request_id=GGBS8OqItHeijwsAACSS [debug] Formatting pattern: "js-command-injection-exec"
13:17:29.355 request_id=GGBS8OqItHeijwsAACSS [debug] Formatted pattern keys: ["astRules", "confidenceRules", "contextRules", "cweId", "description", "examples", "frameworks", "id", "languages", "minConfidence", "name", "owaspCategory", "recommendation", "regex", "regexPatterns", "severity", "supportsAst", "type"]
13:17:29.355 request_id=GGBS8OqItHeijwsAACSS [debug] Formatting pattern: "js-command-injection-spawn"
13:17:29.355 request_id=GGBS8OqItHeijwsAACSS [debug] Formatted pattern keys: ["astRules", "confidenceRules", "contextRules", "cweId", "description", "examples", "frameworks", "id", "languages", "minConfidence", "name", "owaspCategory", "recommendation", "regex", "regexPatterns", "severity", "supportsAst", "type"]
13:17:29.355 request_id=GGBS8OqItHeijwsAACSS [debug] Formatting pattern: "js-path-traversal-join"
13:17:29.355 request_id=GGBS8OqItHeijwsAACSS [debug] Formatted pattern keys: ["astRules", "confidenceRules", "contextRules", "cweId", "description", "examples", "frameworks", "id", "languages", "minConfidence", "name", "owaspCategory", "recommendation", "regex", "regexPatterns", "severity", "supportsAst", "type"]
13:17:29.355 request_id=GGBS8OqItHeijwsAACSS [debug] Formatting pattern: "js-path-traversal-concat"
13:17:29.355 request_id=GGBS8OqItHeijwsAACSS [debug] Formatted pattern keys: ["astRules", "confidenceRules", "contextRules", "cweId", "description", "examples", "frameworks", "id", "languages", "minConfidence", "name", "owaspCategory", "recommendation", "regex", "regexPatterns", "severity", "supportsAst", "type"]
13:17:29.355 request_id=GGBS8OqItHeijwsAACSS [debug] Formatting pattern: "js-weak-crypto-md5"
13:17:29.355 request_id=GGBS8OqItHeijwsAACSS [debug] Formatted pattern keys: ["astRules", "confidenceRules", "contextRules", "cweId", "description", "examples", "frameworks", "id", "languages", "minConfidence", "name", "owaspCategory", "recommendation", "regex", "regexPatterns", "severity", "supportsAst", "type"]
13:17:29.355 request_id=GGBS8OqItHeijwsAACSS [debug] Formatting pattern: "js-weak-crypto-sha1"
13:17:29.355 request_id=GGBS8OqItHeijwsAACSS [debug] Formatted pattern keys: ["astRules", "confidenceRules", "contextRules", "cweId", "description", "examples", "frameworks", "id", "languages", "minConfidence", "name", "owaspCategory", "recommendation", "regex", "regexPatterns", "severity", "supportsAst", "type"]
13:17:29.355 request_id=GGBS8OqItHeijwsAACSS [debug] Formatting pattern: "js-hardcoded-secret-password"
13:17:29.355 request_id=GGBS8OqItHeijwsAACSS [debug] Formatted pattern keys: ["astRules", "confidenceRules", "contextRules", "cweId", "description", "examples", "frameworks", "id", "languages", "minConfidence", "name", "owaspCategory", "recommendation", "regex", "regexPatterns", "severity", "supportsAst", "type"]
13:17:29.355 request_id=GGBS8OqItHeijwsAACSS [debug] Formatting pattern: "js-hardcoded-secret-api-key"
13:17:29.356 request_id=GGBS8OqItHeijwsAACSS [debug] Formatted pattern keys: ["astRules", "confidenceRules", "contextRules", "cweId", "description", "examples", "frameworks", "id", "languages", "minConfidence", "name", "owaspCategory", "recommendation", "regex", "regexPatterns", "severity", "supportsAst", "type"]
13:17:29.356 request_id=GGBS8OqItHeijwsAACSS [debug] Formatting pattern: "js-eval-user-input"
13:17:29.356 request_id=GGBS8OqItHeijwsAACSS [debug] Formatted pattern keys: ["astRules", "confidenceRules", "contextRules", "cweId", "description", "examples", "frameworks", "id", "languages", "minConfidence", "name", "owaspCategory", "recommendation", "regex", "regexPatterns", "severity", "supportsAst", "type"]
13:17:29.356 request_id=GGBS8OqItHeijwsAACSS [debug] Formatting pattern: "js-unsafe-regex"
13:17:29.356 request_id=GGBS8OqItHeijwsAACSS [debug] Formatted pattern keys: ["astRules", "confidenceRules", "contextRules", "cweId", "description", "examples", "frameworks", "id", "languages", "minConfidence", "name", "owaspCategory", "recommendation", "regex", "regexPatterns", "severity", "supportsAst", "type"]
13:17:29.356 request_id=GGBS8OqItHeijwsAACSS [debug] Formatting pattern: "js-open-redirect"
13:17:29.356 request_id=GGBS8OqItHeijwsAACSS [debug] Formatted pattern keys: ["astRules", "confidenceRules", "contextRules", "cweId", "description", "examples", "frameworks", "id", "languages", "minConfidence", "name", "owaspCategory", "recommendation", "regex", "regexPatterns", "severity", "supportsAst", "type"]
13:17:29.356 request_id=GGBS8OqItHeijwsAACSS [debug] Formatting pattern: "js-xxe-external-entities"
13:17:29.356 request_id=GGBS8OqItHeijwsAACSS [debug] Formatted pattern keys: ["astRules", "confidenceRules", "contextRules", "cweId", "description", "examples", "frameworks", "id", "languages", "minConfidence", "name", "owaspCategory", "recommendation", "regex", "regexPatterns", "severity", "supportsAst", "type"]
13:17:29.356 request_id=GGBS8OqItHeijwsAACSS [debug] Formatting pattern: "js-prototype-pollution"
13:17:29.356 request_id=GGBS8OqItHeijwsAACSS [debug] Formatted pattern keys: ["astRules", "confidenceRules", "contextRules", "cweId", "description", "examples", "frameworks", "id", "languages", "minConfidence", "name", "owaspCategory", "recommendation", "regex", "regexPatterns", "severity", "supportsAst", "type"]
13:17:29.356 request_id=GGBS8OqItHeijwsAACSS [debug] Formatting pattern: "js-insecure-random"
13:17:29.356 request_id=GGBS8OqItHeijwsAACSS [debug] Formatted pattern keys: ["astRules", "confidenceRules", "contextRules", "cweId", "description", "examples", "frameworks", "id", "languages", "minConfidence", "name", "owaspCategory", "recommendation", "regex", "regexPatterns", "severity", "supportsAst", "type"]
13:17:29.356 request_id=GGBS8OqItHeijwsAACSS [debug] Formatting pattern: "js-timing-attack"
13:17:29.356 request_id=GGBS8OqItHeijwsAACSS [debug] Formatted pattern keys: ["astRules", "confidenceRules", "contextRules", "cweId", "description", "examples", "frameworks", "id", "languages", "minConfidence", "name", "owaspCategory", "recommendation", "regex", "regexPatterns", "severity", "supportsAst", "type"]
13:17:29.356 request_id=GGBS8OqItHeijwsAACSS [debug] Formatting pattern: "js-nosql-injection"
13:17:29.356 request_id=GGBS8OqItHeijwsAACSS [debug] Formatted pattern keys: ["astRules", "confidenceRules", "contextRules", "cweId", "description", "examples", "frameworks", "id", "languages", "minConfidence", "name", "owaspCategory", "recommendation", "regex", "regexPatterns", "severity", "supportsAst", "type"]
13:17:29.356 request_id=GGBS8OqItHeijwsAACSS [debug] Formatting pattern: "js-ldap-injection"
13:17:29.356 request_id=GGBS8OqItHeijwsAACSS [debug] Formatted pattern keys: ["astRules", "confidenceRules", "contextRules", "cweId", "description", "examples", "frameworks", "id", "languages", "minConfidence", "name", "owaspCategory", "recommendation", "regex", "regexPatterns", "severity", "supportsAst", "type"]
13:17:29.356 request_id=GGBS8OqItHeijwsAACSS [debug] Formatting pattern: "js-xpath-injection"
13:17:29.356 request_id=GGBS8OqItHeijwsAACSS [debug] Formatted pattern keys: ["astRules", "confidenceRules", "contextRules", "cweId", "description", "examples", "frameworks", "id", "languages", "minConfidence", "name", "owaspCategory", "recommendation", "regex", "regexPatterns", "severity", "supportsAst", "type"]
13:17:29.356 request_id=GGBS8OqItHeijwsAACSS [debug] Formatting pattern: "js-ssrf"
13:17:29.356 request_id=GGBS8OqItHeijwsAACSS [debug] Formatted pattern keys: ["astRules", "confidenceRules", "contextRules", "cweId", "description", "examples", "frameworks", "id", "languages", "minConfidence", "name", "owaspCategory", "recommendation", "regex", "regexPatterns", "severity", "supportsAst", "type"]
13:17:29.356 request_id=GGBS8OqItHeijwsAACSS [debug] Formatting pattern: "js-insecure-deserialization"
13:17:29.356 request_id=GGBS8OqItHeijwsAACSS [debug] Formatted pattern keys: ["astRules", "confidenceRules", "contextRules", "cweId", "description", "examples", "frameworks", "id", "languages", "minConfidence", "name", "owaspCategory", "recommendation", "regex", "regexPatterns", "severity", "supportsAst", "type"]
13:17:29.356 request_id=GGBS8OqItHeijwsAACSS [debug] Formatting pattern: "js-missing-csrf"
13:17:29.356 request_id=GGBS8OqItHeijwsAACSS [debug] Formatted pattern keys: ["astRules", "confidenceRules", "contextRules", "cweId", "description", "examples", "frameworks", "id", "languages", "minConfidence", "name", "owaspCategory", "recommendation", "regex", "regexPatterns", "severity", "supportsAst", "type"]
13:17:29.356 request_id=GGBS8OqItHeijwsAACSS [debug] Formatting pattern: "js-jwt-none-algorithm"
13:17:29.356 request_id=GGBS8OqItHeijwsAACSS [debug] Formatted pattern keys: ["astRules", "confidenceRules", "contextRules", "cweId", "description", "examples", "frameworks", "id", "languages", "minConfidence", "name", "owaspCategory", "recommendation", "regex", "regexPatterns", "severity", "supportsAst", "type"]
13:17:29.356 request_id=GGBS8OqItHeijwsAACSS [debug] Formatting pattern: "js-debug-console-log"
13:17:29.356 request_id=GGBS8OqItHeijwsAACSS [debug] Formatted pattern keys: ["astRules", "confidenceRules", "contextRules", "cweId", "description", "examples", "frameworks", "id", "languages", "minConfidence", "name", "owaspCategory", "recommendation", "regex", "regexPatterns", "severity", "supportsAst", "type"]
13:17:29.356 request_id=GGBS8OqItHeijwsAACSS [info] Sent 200 in 1ms
.13:17:29.357 request_id=GGBS8OqtB0i-qlQAAGeB [info] GET /api/v1/patterns
13:17:29.357 request_id=GGBS8OqtB0i-qlQAAGeB [debug] Processing with RsolvWeb.Api.V1.PatternController.index/2
  Parameters: %{"format" => "standard", "language" => "javascript"}
  Pipelines: [:api]
13:17:29.357 request_id=GGBS8OqtB0i-qlQAAGeB [info] Pattern API called with params: %{"format" => "standard", "language" => "javascript"}
13:17:29.357 request_id=GGBS8OqtB0i-qlQAAGeB [info] Language: javascript, Format: standard
13:17:29.357 request_id=GGBS8OqtB0i-qlQAAGeB [debug] QUERY OK source="api_keys" db=0.0ms
SELECT a0."id", a0."key", a0."name", a0."permissions", a0."active", a0."last_used_at", a0."expires_at", a0."customer_id", a0."inserted_at", a0."updated_at" FROM "api_keys" AS a0 WHERE ((a0."key" = $1) AND (a0."active" = $2)) ["rsolv_test_abc123", true]
13:17:29.357 request_id=GGBS8OqtB0i-qlQAAGeB [debug] QUERY OK source="customers" db=0.2ms
SELECT c0."id", c0."name", c0."email", c0."api_key", c0."monthly_limit", c0."current_usage", c0."active", c0."metadata", c0."github_org", c0."plan", c0."user_id", c0."inserted_at", c0."updated_at" FROM "customers" AS c0 WHERE ((c0."api_key" = $1) AND (c0."active" = $2)) ["rsolv_test_abc123", true]
13:17:29.357 request_id=GGBS8OqtB0i-qlQAAGeB [info] API key status: :valid
13:17:29.357 request_id=GGBS8OqtB0i-qlQAAGeB [info] Getting enhanced patterns for javascript
13:17:29.357 request_id=GGBS8OqtB0i-qlQAAGeB [info] Retrieved 30 patterns
13:17:29.357 request_id=GGBS8OqtB0i-qlQAAGeB [debug] Formatting pattern: "js-sql-injection-concat"
13:17:29.357 request_id=GGBS8OqtB0i-qlQAAGeB [debug] Formatted pattern keys: ["cweId", "description", "examples", "frameworks", "id", "languages", "name", "owaspCategory", "recommendation", "regex", "regexPatterns", "severity", "supportsAst", "type"]
13:17:29.357 request_id=GGBS8OqtB0i-qlQAAGeB [debug] Formatting pattern: "js-sql-injection-interpolation"
13:17:29.357 request_id=GGBS8OqtB0i-qlQAAGeB [debug] Formatted pattern keys: ["cweId", "description", "examples", "frameworks", "id", "languages", "name", "owaspCategory", "recommendation", "regex", "regexPatterns", "severity", "supportsAst", "type"]
13:17:29.357 request_id=GGBS8OqtB0i-qlQAAGeB [debug] Formatting pattern: "js-xss-innerhtml"
13:17:29.357 request_id=GGBS8OqtB0i-qlQAAGeB [debug] Formatted pattern keys: ["cweId", "description", "examples", "frameworks", "id", "languages", "name", "owaspCategory", "recommendation", "regex", "regexPatterns", "severity", "supportsAst", "type"]
13:17:29.357 request_id=GGBS8OqtB0i-qlQAAGeB [debug] Formatting pattern: "js-xss-document-write"
13:17:29.357 request_id=GGBS8OqtB0i-qlQAAGeB [debug] Formatted pattern keys: ["cweId", "description", "examples", "frameworks", "id", "languages", "name", "owaspCategory", "recommendation", "regex", "regexPatterns", "severity", "supportsAst", "type"]
13:17:29.357 request_id=GGBS8OqtB0i-qlQAAGeB [debug] Formatting pattern: "js-xss-jquery-html"
13:17:29.357 request_id=GGBS8OqtB0i-qlQAAGeB [debug] Formatted pattern keys: ["cweId", "description", "examples", "frameworks", "id", "languages", "name", "owaspCategory", "recommendation", "regex", "regexPatterns", "severity", "supportsAst", "type"]
13:17:29.357 request_id=GGBS8OqtB0i-qlQAAGeB [debug] Formatting pattern: "js-xss-react-dangerously"
13:17:29.357 request_id=GGBS8OqtB0i-qlQAAGeB [debug] Formatted pattern keys: ["cweId", "description", "examples", "frameworks", "id", "languages", "name", "owaspCategory", "recommendation", "regex", "regexPatterns", "severity", "supportsAst", "type"]
13:17:29.357 request_id=GGBS8OqtB0i-qlQAAGeB [debug] Formatting pattern: "js-xss-dom-manipulation"
13:17:29.357 request_id=GGBS8OqtB0i-qlQAAGeB [debug] Formatted pattern keys: ["cweId", "description", "examples", "frameworks", "id", "languages", "name", "owaspCategory", "recommendation", "regex", "regexPatterns", "severity", "supportsAst", "type"]
13:17:29.357 request_id=GGBS8OqtB0i-qlQAAGeB [debug] Formatting pattern: "js-command-injection-exec"
13:17:29.358 request_id=GGBS8OqtB0i-qlQAAGeB [debug] Formatted pattern keys: ["cweId", "description", "examples", "frameworks", "id", "languages", "name", "owaspCategory", "recommendation", "regex", "regexPatterns", "severity", "supportsAst", "type"]
13:17:29.358 request_id=GGBS8OqtB0i-qlQAAGeB [debug] Formatting pattern: "js-command-injection-spawn"
13:17:29.358 request_id=GGBS8OqtB0i-qlQAAGeB [debug] Formatted pattern keys: ["cweId", "description", "examples", "frameworks", "id", "languages", "name", "owaspCategory", "recommendation", "regex", "regexPatterns", "severity", "supportsAst", "type"]
13:17:29.358 request_id=GGBS8OqtB0i-qlQAAGeB [debug] Formatting pattern: "js-path-traversal-join"
13:17:29.358 request_id=GGBS8OqtB0i-qlQAAGeB [debug] Formatted pattern keys: ["cweId", "description", "examples", "frameworks", "id", "languages", "name", "owaspCategory", "recommendation", "regex", "regexPatterns", "severity", "supportsAst", "type"]
13:17:29.358 request_id=GGBS8OqtB0i-qlQAAGeB [debug] Formatting pattern: "js-path-traversal-concat"
13:17:29.358 request_id=GGBS8OqtB0i-qlQAAGeB [debug] Formatted pattern keys: ["cweId", "description", "examples", "frameworks", "id", "languages", "name", "owaspCategory", "recommendation", "regex", "regexPatterns", "severity", "supportsAst", "type"]
13:17:29.358 request_id=GGBS8OqtB0i-qlQAAGeB [debug] Formatting pattern: "js-weak-crypto-md5"
13:17:29.358 request_id=GGBS8OqtB0i-qlQAAGeB [debug] Formatted pattern keys: ["cweId", "description", "examples", "frameworks", "id", "languages", "name", "owaspCategory", "recommendation", "regex", "regexPatterns", "severity", "supportsAst", "type"]
13:17:29.358 request_id=GGBS8OqtB0i-qlQAAGeB [debug] Formatting pattern: "js-weak-crypto-sha1"
13:17:29.358 request_id=GGBS8OqtB0i-qlQAAGeB [debug] Formatted pattern keys: ["cweId", "description", "examples", "frameworks", "id", "languages", "name", "owaspCategory", "recommendation", "regex", "regexPatterns", "severity", "supportsAst", "type"]
13:17:29.358 request_id=GGBS8OqtB0i-qlQAAGeB [debug] Formatting pattern: "js-hardcoded-secret-password"
13:17:29.358 request_id=GGBS8OqtB0i-qlQAAGeB [debug] Formatted pattern keys: ["cweId", "description", "examples", "frameworks", "id", "languages", "name", "owaspCategory", "recommendation", "regex", "regexPatterns", "severity", "supportsAst", "type"]
13:17:29.358 request_id=GGBS8OqtB0i-qlQAAGeB [debug] Formatting pattern: "js-hardcoded-secret-api-key"
13:17:29.358 request_id=GGBS8OqtB0i-qlQAAGeB [debug] Formatted pattern keys: ["cweId", "description", "examples", "frameworks", "id", "languages", "name", "owaspCategory", "recommendation", "regex", "regexPatterns", "severity", "supportsAst", "type"]
13:17:29.358 request_id=GGBS8OqtB0i-qlQAAGeB [debug] Formatting pattern: "js-eval-user-input"
13:17:29.358 request_id=GGBS8OqtB0i-qlQAAGeB [debug] Formatted pattern keys: ["cweId", "description", "examples", "frameworks", "id", "languages", "name", "owaspCategory", "recommendation", "regex", "regexPatterns", "severity", "supportsAst", "type"]
13:17:29.358 request_id=GGBS8OqtB0i-qlQAAGeB [debug] Formatting pattern: "js-unsafe-regex"
13:17:29.358 request_id=GGBS8OqtB0i-qlQAAGeB [debug] Formatted pattern keys: ["cweId", "description", "examples", "frameworks", "id", "languages", "name", "owaspCategory", "recommendation", "regex", "regexPatterns", "severity", "supportsAst", "type"]
13:17:29.358 request_id=GGBS8OqtB0i-qlQAAGeB [debug] Formatting pattern: "js-open-redirect"
13:17:29.358 request_id=GGBS8OqtB0i-qlQAAGeB [debug] Formatted pattern keys: ["cweId", "description", "examples", "frameworks", "id", "languages", "name", "owaspCategory", "recommendation", "regex", "regexPatterns", "severity", "supportsAst", "type"]
13:17:29.358 request_id=GGBS8OqtB0i-qlQAAGeB [debug] Formatting pattern: "js-xxe-external-entities"
13:17:29.358 request_id=GGBS8OqtB0i-qlQAAGeB [debug] Formatted pattern keys: ["cweId", "description", "examples", "frameworks", "id", "languages", "name", "owaspCategory", "recommendation", "regex", "regexPatterns", "severity", "supportsAst", "type"]
13:17:29.358 request_id=GGBS8OqtB0i-qlQAAGeB [debug] Formatting pattern: "js-prototype-pollution"
13:17:29.358 request_id=GGBS8OqtB0i-qlQAAGeB [debug] Formatted pattern keys: ["cweId", "description", "examples", "frameworks", "id", "languages", "name", "owaspCategory", "recommendation", "regex", "regexPatterns", "severity", "supportsAst", "type"]
13:17:29.358 request_id=GGBS8OqtB0i-qlQAAGeB [debug] Formatting pattern: "js-insecure-random"
13:17:29.358 request_id=GGBS8OqtB0i-qlQAAGeB [debug] Formatted pattern keys: ["cweId", "description", "examples", "frameworks", "id", "languages", "name", "owaspCategory", "recommendation", "regex", "regexPatterns", "severity", "supportsAst", "type"]
13:17:29.358 request_id=GGBS8OqtB0i-qlQAAGeB [debug] Formatting pattern: "js-timing-attack"
13:17:29.358 request_id=GGBS8OqtB0i-qlQAAGeB [debug] Formatted pattern keys: ["cweId", "description", "examples", "frameworks", "id", "languages", "name", "owaspCategory", "recommendation", "regex", "regexPatterns", "severity", "supportsAst", "type"]
13:17:29.358 request_id=GGBS8OqtB0i-qlQAAGeB [debug] Formatting pattern: "js-nosql-injection"
13:17:29.358 request_id=GGBS8OqtB0i-qlQAAGeB [debug] Formatted pattern keys: ["cweId", "description", "examples", "frameworks", "id", "languages", "name", "owaspCategory", "recommendation", "regex", "regexPatterns", "severity", "supportsAst", "type"]
13:17:29.358 request_id=GGBS8OqtB0i-qlQAAGeB [debug] Formatting pattern: "js-ldap-injection"
13:17:29.358 request_id=GGBS8OqtB0i-qlQAAGeB [debug] Formatted pattern keys: ["cweId", "description", "examples", "frameworks", "id", "languages", "name", "owaspCategory", "recommendation", "regex", "regexPatterns", "severity", "supportsAst", "type"]
13:17:29.358 request_id=GGBS8OqtB0i-qlQAAGeB [debug] Formatting pattern: "js-xpath-injection"
13:17:29.358 request_id=GGBS8OqtB0i-qlQAAGeB [debug] Formatted pattern keys: ["cweId", "description", "examples", "frameworks", "id", "languages", "name", "owaspCategory", "recommendation", "regex", "regexPatterns", "severity", "supportsAst", "type"]
13:17:29.358 request_id=GGBS8OqtB0i-qlQAAGeB [debug] Formatting pattern: "js-ssrf"
13:17:29.358 request_id=GGBS8OqtB0i-qlQAAGeB [debug] Formatted pattern keys: ["cweId", "description", "examples", "frameworks", "id", "languages", "name", "owaspCategory", "recommendation", "regex", "regexPatterns", "severity", "supportsAst", "type"]
13:17:29.358 request_id=GGBS8OqtB0i-qlQAAGeB [debug] Formatting pattern: "js-insecure-deserialization"
13:17:29.358 request_id=GGBS8OqtB0i-qlQAAGeB [debug] Formatted pattern keys: ["cweId", "description", "examples", "frameworks", "id", "languages", "name", "owaspCategory", "recommendation", "regex", "regexPatterns", "severity", "supportsAst", "type"]
13:17:29.358 request_id=GGBS8OqtB0i-qlQAAGeB [debug] Formatting pattern: "js-missing-csrf"
13:17:29.358 request_id=GGBS8OqtB0i-qlQAAGeB [debug] Formatted pattern keys: ["cweId", "description", "examples", "frameworks", "id", "languages", "name", "owaspCategory", "recommendation", "regex", "regexPatterns", "severity", "supportsAst", "type"]
13:17:29.358 request_id=GGBS8OqtB0i-qlQAAGeB [debug] Formatting pattern: "js-jwt-none-algorithm"
13:17:29.358 request_id=GGBS8OqtB0i-qlQAAGeB [debug] Formatted pattern keys: ["cweId", "description", "examples", "frameworks", "id", "languages", "name", "owaspCategory", "recommendation", "regex", "regexPatterns", "severity", "supportsAst", "type"]
13:17:29.358 request_id=GGBS8OqtB0i-qlQAAGeB [debug] Formatting pattern: "js-debug-console-log"
13:17:29.358 request_id=GGBS8OqtB0i-qlQAAGeB [debug] Formatted pattern keys: ["cweId", "description", "examples", "frameworks", "id", "languages", "name", "owaspCategory", "recommendation", "regex", "regexPatterns", "severity", "supportsAst", "type"]
13:17:29.358 request_id=GGBS8OqtB0i-qlQAAGeB [info] Sent 200 in 1ms
.13:17:29.359 request_id=GGBS8OrInhNdvR4AADWF [info] GET /api/v1/patterns
13:17:29.359 request_id=GGBS8OrInhNdvR4AADWF [debug] Processing with RsolvWeb.Api.V1.PatternController.index/2
  Parameters: %{"format" => "enhanced", "language" => "javascript"}
  Pipelines: [:api]
13:17:29.359 request_id=GGBS8OrInhNdvR4AADWF [info] Pattern API called with params: %{"format" => "enhanced", "language" => "javascript"}
13:17:29.359 request_id=GGBS8OrInhNdvR4AADWF [info] Language: javascript, Format: enhanced
13:17:29.359 request_id=GGBS8OrInhNdvR4AADWF [debug] QUERY OK source="api_keys" db=0.0ms
SELECT a0."id", a0."key", a0."name", a0."permissions", a0."active", a0."last_used_at", a0."expires_at", a0."customer_id", a0."inserted_at", a0."updated_at" FROM "api_keys" AS a0 WHERE ((a0."key" = $1) AND (a0."active" = $2)) ["rsolv_test_abc123", true]
13:17:29.359 request_id=GGBS8OrInhNdvR4AADWF [debug] QUERY OK source="customers" db=0.2ms
SELECT c0."id", c0."name", c0."email", c0."api_key", c0."monthly_limit", c0."current_usage", c0."active", c0."metadata", c0."github_org", c0."plan", c0."user_id", c0."inserted_at", c0."updated_at" FROM "customers" AS c0 WHERE ((c0."api_key" = $1) AND (c0."active" = $2)) ["rsolv_test_abc123", true]
13:17:29.359 request_id=GGBS8OrInhNdvR4AADWF [info] API key status: :valid
13:17:29.359 request_id=GGBS8OrInhNdvR4AADWF [info] Getting enhanced patterns for javascript
13:17:29.359 request_id=GGBS8OrInhNdvR4AADWF [info] Retrieved 30 patterns
13:17:29.359 request_id=GGBS8OrInhNdvR4AADWF [debug] Formatting pattern: "js-sql-injection-concat"
13:17:29.359 request_id=GGBS8OrInhNdvR4AADWF [debug] Formatted pattern keys: ["astRules", "confidenceRules", "contextRules", "cweId", "description", "examples", "frameworks", "id", "languages", "minConfidence", "name", "owaspCategory", "recommendation", "regex", "regexPatterns", "severity", "supportsAst", "type"]
13:17:29.359 request_id=GGBS8OrInhNdvR4AADWF [debug] Formatting pattern: "js-sql-injection-interpolation"
13:17:29.359 request_id=GGBS8OrInhNdvR4AADWF [debug] Formatted pattern keys: ["astRules", "confidenceRules", "contextRules", "cweId", "description", "examples", "frameworks", "id", "languages", "minConfidence", "name", "owaspCategory", "recommendation", "regex", "regexPatterns", "severity", "supportsAst", "type"]
13:17:29.359 request_id=GGBS8OrInhNdvR4AADWF [debug] Formatting pattern: "js-xss-innerhtml"
13:17:29.359 request_id=GGBS8OrInhNdvR4AADWF [debug] Formatted pattern keys: ["astRules", "confidenceRules", "contextRules", "cweId", "description", "examples", "frameworks", "id", "languages", "minConfidence", "name", "owaspCategory", "recommendation", "regex", "regexPatterns", "severity", "supportsAst", "type"]
13:17:29.359 request_id=GGBS8OrInhNdvR4AADWF [debug] Formatting pattern: "js-xss-document-write"
13:17:29.359 request_id=GGBS8OrInhNdvR4AADWF [debug] Formatted pattern keys: ["astRules", "confidenceRules", "contextRules", "cweId", "description", "examples", "frameworks", "id", "languages", "minConfidence", "name", "owaspCategory", "recommendation", "regex", "regexPatterns", "severity", "supportsAst", "type"]
13:17:29.359 request_id=GGBS8OrInhNdvR4AADWF [debug] Formatting pattern: "js-xss-jquery-html"
13:17:29.359 request_id=GGBS8OrInhNdvR4AADWF [debug] Formatted pattern keys: ["astRules", "confidenceRules", "contextRules", "cweId", "description", "examples", "frameworks", "id", "languages", "minConfidence", "name", "owaspCategory", "recommendation", "regex", "regexPatterns", "severity", "supportsAst", "type"]
13:17:29.359 request_id=GGBS8OrInhNdvR4AADWF [debug] Formatting pattern: "js-xss-react-dangerously"
13:17:29.359 request_id=GGBS8OrInhNdvR4AADWF [debug] Formatted pattern keys: ["astRules", "confidenceRules", "contextRules", "cweId", "description", "examples", "frameworks", "id", "languages", "minConfidence", "name", "owaspCategory", "recommendation", "regex", "regexPatterns", "severity", "supportsAst", "type"]
13:17:29.359 request_id=GGBS8OrInhNdvR4AADWF [debug] Formatting pattern: "js-xss-dom-manipulation"
13:17:29.359 request_id=GGBS8OrInhNdvR4AADWF [debug] Formatted pattern keys: ["astRules", "confidenceRules", "contextRules", "cweId", "description", "examples", "frameworks", "id", "languages", "minConfidence", "name", "owaspCategory", "recommendation", "regex", "regexPatterns", "severity", "supportsAst", "type"]
13:17:29.360 request_id=GGBS8OrInhNdvR4AADWF [debug] Formatting pattern: "js-command-injection-exec"
13:17:29.360 request_id=GGBS8OrInhNdvR4AADWF [debug] Formatted pattern keys: ["astRules", "confidenceRules", "contextRules", "cweId", "description", "examples", "frameworks", "id", "languages", "minConfidence", "name", "owaspCategory", "recommendation", "regex", "regexPatterns", "severity", "supportsAst", "type"]
13:17:29.360 request_id=GGBS8OrInhNdvR4AADWF [debug] Formatting pattern: "js-command-injection-spawn"
13:17:29.360 request_id=GGBS8OrInhNdvR4AADWF [debug] Formatted pattern keys: ["astRules", "confidenceRules", "contextRules", "cweId", "description", "examples", "frameworks", "id", "languages", "minConfidence", "name", "owaspCategory", "recommendation", "regex", "regexPatterns", "severity", "supportsAst", "type"]
13:17:29.360 request_id=GGBS8OrInhNdvR4AADWF [debug] Formatting pattern: "js-path-traversal-join"
13:17:29.360 request_id=GGBS8OrInhNdvR4AADWF [debug] Formatted pattern keys: ["astRules", "confidenceRules", "contextRules", "cweId", "description", "examples", "frameworks", "id", "languages", "minConfidence", "name", "owaspCategory", "recommendation", "regex", "regexPatterns", "severity", "supportsAst", "type"]
13:17:29.360 request_id=GGBS8OrInhNdvR4AADWF [debug] Formatting pattern: "js-path-traversal-concat"
13:17:29.360 request_id=GGBS8OrInhNdvR4AADWF [debug] Formatted pattern keys: ["astRules", "confidenceRules", "contextRules", "cweId", "description", "examples", "frameworks", "id", "languages", "minConfidence", "name", "owaspCategory", "recommendation", "regex", "regexPatterns", "severity", "supportsAst", "type"]
13:17:29.360 request_id=GGBS8OrInhNdvR4AADWF [debug] Formatting pattern: "js-weak-crypto-md5"
13:17:29.360 request_id=GGBS8OrInhNdvR4AADWF [debug] Formatted pattern keys: ["astRules", "confidenceRules", "contextRules", "cweId", "description", "examples", "frameworks", "id", "languages", "minConfidence", "name", "owaspCategory", "recommendation", "regex", "regexPatterns", "severity", "supportsAst", "type"]
13:17:29.360 request_id=GGBS8OrInhNdvR4AADWF [debug] Formatting pattern: "js-weak-crypto-sha1"
13:17:29.360 request_id=GGBS8OrInhNdvR4AADWF [debug] Formatted pattern keys: ["astRules", "confidenceRules", "contextRules", "cweId", "description", "examples", "frameworks", "id", "languages", "minConfidence", "name", "owaspCategory", "recommendation", "regex", "regexPatterns", "severity", "supportsAst", "type"]
13:17:29.360 request_id=GGBS8OrInhNdvR4AADWF [debug] Formatting pattern: "js-hardcoded-secret-password"
13:17:29.360 request_id=GGBS8OrInhNdvR4AADWF [debug] Formatted pattern keys: ["astRules", "confidenceRules", "contextRules", "cweId", "description", "examples", "frameworks", "id", "languages", "minConfidence", "name", "owaspCategory", "recommendation", "regex", "regexPatterns", "severity", "supportsAst", "type"]
13:17:29.360 request_id=GGBS8OrInhNdvR4AADWF [debug] Formatting pattern: "js-hardcoded-secret-api-key"
13:17:29.360 request_id=GGBS8OrInhNdvR4AADWF [debug] Formatted pattern keys: ["astRules", "confidenceRules", "contextRules", "cweId", "description", "examples", "frameworks", "id", "languages", "minConfidence", "name", "owaspCategory", "recommendation", "regex", "regexPatterns", "severity", "supportsAst", "type"]
13:17:29.360 request_id=GGBS8OrInhNdvR4AADWF [debug] Formatting pattern: "js-eval-user-input"
13:17:29.360 request_id=GGBS8OrInhNdvR4AADWF [debug] Formatted pattern keys: ["astRules", "confidenceRules", "contextRules", "cweId", "description", "examples", "frameworks", "id", "languages", "minConfidence", "name", "owaspCategory", "recommendation", "regex", "regexPatterns", "severity", "supportsAst", "type"]
13:17:29.360 request_id=GGBS8OrInhNdvR4AADWF [debug] Formatting pattern: "js-unsafe-regex"
13:17:29.360 request_id=GGBS8OrInhNdvR4AADWF [debug] Formatted pattern keys: ["astRules", "confidenceRules", "contextRules", "cweId", "description", "examples", "frameworks", "id", "languages", "minConfidence", "name", "owaspCategory", "recommendation", "regex", "regexPatterns", "severity", "supportsAst", "type"]
13:17:29.360 request_id=GGBS8OrInhNdvR4AADWF [debug] Formatting pattern: "js-open-redirect"
13:17:29.360 request_id=GGBS8OrInhNdvR4AADWF [debug] Formatted pattern keys: ["astRules", "confidenceRules", "contextRules", "cweId", "description", "examples", "frameworks", "id", "languages", "minConfidence", "name", "owaspCategory", "recommendation", "regex", "regexPatterns", "severity", "supportsAst", "type"]
13:17:29.360 request_id=GGBS8OrInhNdvR4AADWF [debug] Formatting pattern: "js-xxe-external-entities"
13:17:29.360 request_id=GGBS8OrInhNdvR4AADWF [debug] Formatted pattern keys: ["astRules", "confidenceRules", "contextRules", "cweId", "description", "examples", "frameworks", "id", "languages", "minConfidence", "name", "owaspCategory", "recommendation", "regex", "regexPatterns", "severity", "supportsAst", "type"]
13:17:29.360 request_id=GGBS8OrInhNdvR4AADWF [debug] Formatting pattern: "js-prototype-pollution"
13:17:29.360 request_id=GGBS8OrInhNdvR4AADWF [debug] Formatted pattern keys: ["astRules", "confidenceRules", "contextRules", "cweId", "description", "examples", "frameworks", "id", "languages", "minConfidence", "name", "owaspCategory", "recommendation", "regex", "regexPatterns", "severity", "supportsAst", "type"]
13:17:29.360 request_id=GGBS8OrInhNdvR4AADWF [debug] Formatting pattern: "js-insecure-random"
13:17:29.360 request_id=GGBS8OrInhNdvR4AADWF [debug] Formatted pattern keys: ["astRules", "confidenceRules", "contextRules", "cweId", "description", "examples", "frameworks", "id", "languages", "minConfidence", "name", "owaspCategory", "recommendation", "regex", "regexPatterns", "severity", "supportsAst", "type"]
13:17:29.360 request_id=GGBS8OrInhNdvR4AADWF [debug] Formatting pattern: "js-timing-attack"
13:17:29.360 request_id=GGBS8OrInhNdvR4AADWF [debug] Formatted pattern keys: ["astRules", "confidenceRules", "contextRules", "cweId", "description", "examples", "frameworks", "id", "languages", "minConfidence", "name", "owaspCategory", "recommendation", "regex", "regexPatterns", "severity", "supportsAst", "type"]
13:17:29.360 request_id=GGBS8OrInhNdvR4AADWF [debug] Formatting pattern: "js-nosql-injection"
13:17:29.360 request_id=GGBS8OrInhNdvR4AADWF [debug] Formatted pattern keys: ["astRules", "confidenceRules", "contextRules", "cweId", "description", "examples", "frameworks", "id", "languages", "minConfidence", "name", "owaspCategory", "recommendation", "regex", "regexPatterns", "severity", "supportsAst", "type"]
13:17:29.360 request_id=GGBS8OrInhNdvR4AADWF [debug] Formatting pattern: "js-ldap-injection"
13:17:29.360 request_id=GGBS8OrInhNdvR4AADWF [debug] Formatted pattern keys: ["astRules", "confidenceRules", "contextRules", "cweId", "description", "examples", "frameworks", "id", "languages", "minConfidence", "name", "owaspCategory", "recommendation", "regex", "regexPatterns", "severity", "supportsAst", "type"]
13:17:29.360 request_id=GGBS8OrInhNdvR4AADWF [debug] Formatting pattern: "js-xpath-injection"
13:17:29.360 request_id=GGBS8OrInhNdvR4AADWF [debug] Formatted pattern keys: ["astRules", "confidenceRules", "contextRules", "cweId", "description", "examples", "frameworks", "id", "languages", "minConfidence", "name", "owaspCategory", "recommendation", "regex", "regexPatterns", "severity", "supportsAst", "type"]
13:17:29.360 request_id=GGBS8OrInhNdvR4AADWF [debug] Formatting pattern: "js-ssrf"
13:17:29.360 request_id=GGBS8OrInhNdvR4AADWF [debug] Formatted pattern keys: ["astRules", "confidenceRules", "contextRules", "cweId", "description", "examples", "frameworks", "id", "languages", "minConfidence", "name", "owaspCategory", "recommendation", "regex", "regexPatterns", "severity", "supportsAst", "type"]
13:17:29.360 request_id=GGBS8OrInhNdvR4AADWF [debug] Formatting pattern: "js-insecure-deserialization"
13:17:29.360 request_id=GGBS8OrInhNdvR4AADWF [debug] Formatted pattern keys: ["astRules", "confidenceRules", "contextRules", "cweId", "description", "examples", "frameworks", "id", "languages", "minConfidence", "name", "owaspCategory", "recommendation", "regex", "regexPatterns", "severity", "supportsAst", "type"]
13:17:29.360 request_id=GGBS8OrInhNdvR4AADWF [debug] Formatting pattern: "js-missing-csrf"
13:17:29.360 request_id=GGBS8OrInhNdvR4AADWF [debug] Formatted pattern keys: ["astRules", "confidenceRules", "contextRules", "cweId", "description", "examples", "frameworks", "id", "languages", "minConfidence", "name", "owaspCategory", "recommendation", "regex", "regexPatterns", "severity", "supportsAst", "type"]
13:17:29.360 request_id=GGBS8OrInhNdvR4AADWF [debug] Formatting pattern: "js-jwt-none-algorithm"
13:17:29.360 request_id=GGBS8OrInhNdvR4AADWF [debug] Formatted pattern keys: ["astRules", "confidenceRules", "contextRules", "cweId", "description", "examples", "frameworks", "id", "languages", "minConfidence", "name", "owaspCategory", "recommendation", "regex", "regexPatterns", "severity", "supportsAst", "type"]
13:17:29.360 request_id=GGBS8OrInhNdvR4AADWF [debug] Formatting pattern: "js-debug-console-log"
13:17:29.360 request_id=GGBS8OrInhNdvR4AADWF [debug] Formatted pattern keys: ["astRules", "confidenceRules", "contextRules", "cweId", "description", "examples", "frameworks", "id", "languages", "minConfidence", "name", "owaspCategory", "recommendation", "regex", "regexPatterns", "severity", "supportsAst", "type"]
13:17:29.360 request_id=GGBS8OrInhNdvR4AADWF [info] Sent 200 in 1ms
.13:17:29.361 request_id=GGBS8OruP9VRaM4AAGgB [info] GET /api/v1/patterns/js-xss-dom/metadata
13:17:29.361 request_id=GGBS8OruP9VRaM4AAGgB [debug] Processing with RsolvWeb.PatternController.metadata/2
  Parameters: %{"id" => "js-xss-dom"}
  Pipelines: [:api]
13:17:29.361 request_id=GGBS8OruP9VRaM4AAGgB [info] Sent 404 in 49µs
.13:17:29.361 request_id=GGBS8Orxa6lzxIwAAGiB [info] GET /api/v1/patterns/by-language/javascript
13:17:29.361 request_id=GGBS8Orxa6lzxIwAAGiB [debug] Processing with RsolvWeb.Api.V1.PatternController.by_language/2
  Parameters: %{"language" => "javascript"}
  Pipelines: [:api]
13:17:29.361 request_id=GGBS8Orxa6lzxIwAAGiB [info] Pattern API called with params: %{"language" => "javascript"}
13:17:29.361 request_id=GGBS8Orxa6lzxIwAAGiB [info] Language: javascript, Format: standard
13:17:29.361 request_id=GGBS8Orxa6lzxIwAAGiB [info] API key status: :none
13:17:29.361 request_id=GGBS8Orxa6lzxIwAAGiB [info] Getting demo patterns for javascript
13:17:29.361 request_id=GGBS8Orxa6lzxIwAAGiB [info] Retrieved 5 patterns
13:17:29.361 request_id=GGBS8Orxa6lzxIwAAGiB [debug] Formatting pattern: "js-sql-injection-concat"
13:17:29.361 request_id=GGBS8Orxa6lzxIwAAGiB [debug] Formatted pattern keys: ["cweId", "description", "examples", "frameworks", "id", "languages", "name", "owaspCategory", "recommendation", "regex", "regexPatterns", "severity", "supportsAst", "type"]
13:17:29.361 request_id=GGBS8Orxa6lzxIwAAGiB [debug] Formatting pattern: "js-xss-innerhtml"
13:17:29.361 request_id=GGBS8Orxa6lzxIwAAGiB [debug] Formatted pattern keys: ["cweId", "description", "examples", "frameworks", "id", "languages", "name", "owaspCategory", "recommendation", "regex", "regexPatterns", "severity", "supportsAst", "type"]
13:17:29.361 request_id=GGBS8Orxa6lzxIwAAGiB [debug] Formatting pattern: "js-command-injection-exec"
13:17:29.361 request_id=GGBS8Orxa6lzxIwAAGiB [debug] Formatted pattern keys: ["cweId", "description", "examples", "frameworks", "id", "languages", "name", "owaspCategory", "recommendation", "regex", "regexPatterns", "severity", "supportsAst", "type"]
13:17:29.361 request_id=GGBS8Orxa6lzxIwAAGiB [debug] Formatting pattern: "js-weak-crypto-md5"
13:17:29.361 request_id=GGBS8Orxa6lzxIwAAGiB [debug] Formatted pattern keys: ["cweId", "description", "examples", "frameworks", "id", "languages", "name", "owaspCategory", "recommendation", "regex", "regexPatterns", "severity", "supportsAst", "type"]
13:17:29.361 request_id=GGBS8Orxa6lzxIwAAGiB [debug] Formatting pattern: "js-hardcoded-secret-api-key"
13:17:29.361 request_id=GGBS8Orxa6lzxIwAAGiB [debug] Formatted pattern keys: ["cweId", "description", "examples", "frameworks", "id", "languages", "name", "owaspCategory", "recommendation", "regex", "regexPatterns", "severity", "supportsAst", "type"]
13:17:29.362 request_id=GGBS8Orxa6lzxIwAAGiB [info] Sent 200 in 200µs
.13:17:29.362 request_id=GGBS8Or3X-A6xw4AADgT [info] GET /api/v1/patterns/js-sql-injection-concat/metadata
13:17:29.362 request_id=GGBS8Or3X-A6xw4AADgT [debug] Processing with RsolvWeb.PatternController.metadata/2
  Parameters: %{"id" => "js-sql-injection-concat"}
  Pipelines: [:api]
13:17:29.362 request_id=GGBS8Or3X-A6xw4AADgT [info] Sent 200 in 81µs
.13:17:29.362 request_id=GGBS8Or7TJO4h0sAADiT [info] GET /api/v1/patterns/non-existent-pattern/metadata
13:17:29.362 request_id=GGBS8Or7TJO4h0sAADiT [debug] Processing with RsolvWeb.PatternController.metadata/2
  Parameters: %{"id" => "non-existent-pattern"}
  Pipelines: [:api]
13:17:29.362 request_id=GGBS8Or7TJO4h0sAADiT [info] Sent 404 in 48µs
.13:17:29.362 request_id=GGBS8Or-YWYonb0AACUS [info] GET /api/v1/patterns/by-language/javascript
13:17:29.362 request_id=GGBS8Or-YWYonb0AACUS [debug] Processing with RsolvWeb.Api.V1.PatternController.by_language/2
  Parameters: %{"include_metadata" => "true", "language" => "javascript"}
  Pipelines: [:api]
13:17:29.362 request_id=GGBS8Or-YWYonb0AACUS [info] Pattern API called with params: %{"include_metadata" => "true", "language" => "javascript"}
13:17:29.362 request_id=GGBS8Or-YWYonb0AACUS [info] Language: javascript, Format: standard
13:17:29.362 request_id=GGBS8Or-YWYonb0AACUS [info] API key status: :none
13:17:29.362 request_id=GGBS8Or-YWYonb0AACUS [info] Getting demo patterns for javascript
13:17:29.362 request_id=GGBS8Or-YWYonb0AACUS [info] Retrieved 5 patterns
13:17:29.362 request_id=GGBS8Or-YWYonb0AACUS [debug] Formatting pattern: "js-sql-injection-concat"
13:17:29.362 request_id=GGBS8Or-YWYonb0AACUS [debug] Formatted pattern keys: ["cweId", "description", "examples", "frameworks", "id", "languages", "name", "owaspCategory", "recommendation", "regex", "regexPatterns", "severity", "supportsAst", "type"]
13:17:29.362 request_id=GGBS8Or-YWYonb0AACUS [debug] Formatting pattern: "js-xss-innerhtml"
13:17:29.362 request_id=GGBS8Or-YWYonb0AACUS [debug] Formatted pattern keys: ["cweId", "description", "examples", "frameworks", "id", "languages", "name", "owaspCategory", "recommendation", "regex", "regexPatterns", "severity", "supportsAst", "type"]
13:17:29.362 request_id=GGBS8Or-YWYonb0AACUS [debug] Formatting pattern: "js-command-injection-exec"
13:17:29.362 request_id=GGBS8Or-YWYonb0AACUS [debug] Formatted pattern keys: ["cweId", "description", "examples", "frameworks", "id", "languages", "name", "owaspCategory", "recommendation", "regex", "regexPatterns", "severity", "supportsAst", "type"]
13:17:29.362 request_id=GGBS8Or-YWYonb0AACUS [debug] Formatting pattern: "js-weak-crypto-md5"
13:17:29.362 request_id=GGBS8Or-YWYonb0AACUS [debug] Formatted pattern keys: ["cweId", "description", "examples", "frameworks", "id", "languages", "name", "owaspCategory", "recommendation", "regex", "regexPatterns", "severity", "supportsAst", "type"]
13:17:29.362 request_id=GGBS8Or-YWYonb0AACUS [debug] Formatting pattern: "js-hardcoded-secret-api-key"
13:17:29.362 request_id=GGBS8Or-YWYonb0AACUS [debug] Formatted pattern keys: ["cweId", "description", "examples", "frameworks", "id", "languages", "name", "owaspCategory", "recommendation", "regex", "regexPatterns", "severity", "supportsAst", "type"]
13:17:29.363 request_id=GGBS8Or-YWYonb0AACUS [info] Sent 200 in 386µs
..13:17:29.363 [info] PatternServer: Reloading all patterns...
13:17:29.363 [info] PatternServer: Loaded 170 unique patterns
13:17:29.363 [info] Patterns by language: %{"common" => 1, "django" => 19, "elixir" => 28, "java" => 17, "javascript" => 30, "php" => 25, "python" => 12, "rails" => 18, "ruby" => 20}
13:17:29.369 [notice] SIGTERM received - shutting down

..13:17:29.463 [info] The function passed as a handler with ID "test-handler" is a local function.
This means that it is either an anonymous function or a capture of a function without a module specified. That may cause a performance penalty when calling that handler. For more details see the note in `telemetry:attach/4` documentation.

https://hexdocs.pm/telemetry/telemetry.html#attach/4
..13:17:29.466 [debug] PatternServer: Loading patterns for cobol
..13:17:29.467 [debug] QUERY OK source="early_access_signups" db=0.1ms queue=0.2ms
INSERT INTO "early_access_signups" ("email","inserted_at") VALUES ($1,$2) RETURNING "id" ["test@example.com", ~N[2025-08-29 19:17:29]]
13:17:29.468 [debug] QUERY OK source="early_access_signups" db=0.1ms
SELECT count(e0."id") FROM "early_access_signups" AS e0 []
13:17:29.468 [debug] QUERY OK source="early_access_signups" db=0.0ms
SELECT TRUE FROM "early_access_signups" AS e0 WHERE (e0."email" = $1) LIMIT 1 ["test@example.com"]
13:17:29.468 [debug] QUERY OK source="early_access_signups" db=0.0ms
SELECT TRUE FROM "early_access_signups" AS e0 WHERE (e0."email" = $1) LIMIT 1 ["nonexistent@example.com"]
13:17:29.468 [debug] QUERY OK source="early_access_signups" db=0.0ms
SELECT e0."id", e0."email", e0."name", e0."company", e0."referral_source", e0."utm_source", e0."utm_medium", e0."utm_campaign", e0."inserted_at" FROM "early_access_signups" AS e0 ORDER BY e0."inserted_at" DESC []
.13:17:29.468 [debug] QUERY OK source="email_unsubscribes" db=0.1ms queue=0.1ms
INSERT INTO "email_unsubscribes" ("reason","email","inserted_at") VALUES ($1,$2,$3) RETURNING "id" ["Too many emails", "unsubscribe@example.com", ~N[2025-08-29 19:17:29]]
13:17:29.469 [debug] QUERY OK source="email_unsubscribes" db=0.1ms
SELECT TRUE FROM "email_unsubscribes" AS e0 WHERE (lower(e0."email") = $1) LIMIT 1 ["unsubscribe@example.com"]
13:17:29.469 [debug] QUERY OK source="email_unsubscribes" db=0.0ms
SELECT TRUE FROM "email_unsubscribes" AS e0 WHERE (lower(e0."email") = $1) LIMIT 1 ["active@example.com"]
.13:17:29.469 [debug] QUERY OK db=0.1ms
SELECT create_analytics_partition_if_not_exists($1::date) [~D[2025-08-29]]
13:17:29.469 [debug] QUERY OK source="analytics_events" db=0.1ms
INSERT INTO "analytics_events" ("metadata","event_type","utm_source","utm_medium","visitor_id","page_path","referrer","inserted_at","updated_at") VALUES ($1,$2,$3,$4,$5,$6,$7,$8,$9) RETURNING "id" [%{test: true}, "page_view", "google", "cpc", "test-visitor-123", "/pricing", "https://google.com", ~N[2025-08-29 19:17:29], ~N[2025-08-29 19:17:29]]
13:17:29.470 [debug] QUERY OK source="analytics_events" db=0.1ms
SELECT a0."id", a0."event_type", a0."visitor_id", a0."session_id", a0."page_path", a0."referrer", a0."user_agent", a0."ip_address", a0."utm_source", a0."utm_medium", a0."utm_campaign", a0."utm_term", a0."utm_content", a0."metadata", a0."inserted_at", a0."updated_at" FROM "analytics_events" AS a0 []
13:17:29.472 [debug] QUERY OK source="analytics_events" db=0.1ms queue=0.3ms
SELECT a0."id", a0."event_type", a0."visitor_id", a0."session_id", a0."page_path", a0."referrer", a0."user_agent", a0."ip_address", a0."utm_source", a0."utm_medium", a0."utm_campaign", a0."utm_term", a0."utm_content", a0."metadata", a0."inserted_at", a0."updated_at" FROM "analytics_events" AS a0 WHERE ((a0."inserted_at" >= $1) AND (a0."inserted_at" <= $2)) ORDER BY a0."inserted_at" DESC [~N[2025-08-29 00:00:00], ~N[2025-08-30 23:59:59]]
.13:17:29.473 [debug] QUERY OK source="feedback_entries" db=0.4ms
INSERT INTO "feedback_entries" ("metadata","source","tags","content","inserted_at","updated_at") VALUES ($1,$2,$3,$4,$5,$6) RETURNING "id" [%{user_agent: "Mozilla/5.0", ip_address: "127.0.0.1"}, "early_access_form", [], %{message: "Looking forward to using RSOLV!", email: "feedback@example.com"}, ~N[2025-08-29 19:17:29], ~N[2025-08-29 19:17:29]]
13:17:29.473 [debug] QUERY OK source="feedback_entries" db=0.0ms
SELECT count(f0."id") FROM "feedback_entries" AS f0 []
13:17:29.473 [debug] QUERY OK source="feedback_entries" db=0.0ms
SELECT f0."id", f0."email", f0."message", f0."rating", f0."tags", f0."source", f0."content", f0."metadata", f0."inserted_at", f0."updated_at" FROM "feedback_entries" AS f0 ORDER BY f0."inserted_at" DESC LIMIT $1 [5]
.13:17:29.474 [debug] QUERY OK source="early_access_signups" db=0.1ms queue=0.1ms
INSERT INTO "early_access_signups" ("email","inserted_at") VALUES ($1,$2) RETURNING "id" ["integrated@example.com", ~N[2025-08-29 19:17:29]]
13:17:29.474 [debug] QUERY OK source="early_access_signups" db=0.2ms
SELECT count(e0."id") FROM "early_access_signups" AS e0 []
13:17:29.474 [debug] QUERY OK db=0.1ms
SELECT create_analytics_partition_if_not_exists($1::date) [~D[2025-08-29]]
13:17:29.475 [debug] QUERY OK source="analytics_events" db=0.0ms
INSERT INTO "analytics_events" ("metadata","event_type","visitor_id","inserted_at","updated_at") VALUES ($1,$2,$3,$4,$5) RETURNING "id" [%{email: "integrated@example.com"}, "conversion", "visitor-integrated", ~N[2025-08-29 19:17:29], ~N[2025-08-29 19:17:29]]
13:17:29.475 [debug] QUERY OK source="feedback_entries" db=0.0ms
INSERT INTO "feedback_entries" ("metadata","source","tags","content","inserted_at","updated_at") VALUES ($1,$2,$3,$4,$5,$6) RETURNING "id" [%{}, "survey", [], %{email: "integrated@example.com", rating: 5}, ~N[2025-08-29 19:17:29], ~N[2025-08-29 19:17:29]]
13:17:29.475 [debug] QUERY OK source="email_unsubscribes" db=0.0ms
INSERT INTO "email_unsubscribes" ("reason","email","inserted_at") VALUES ($1,$2,$3) RETURNING "id" ["No longer interested", "integrated@example.com", ~N[2025-08-29 19:17:29]]
13:17:29.475 [debug] QUERY OK source="early_access_signups" db=0.0ms
SELECT TRUE FROM "early_access_signups" AS e0 WHERE (e0."email" = $1) LIMIT 1 ["integrated@example.com"]
13:17:29.475 [debug] QUERY OK source="email_unsubscribes" db=0.0ms
SELECT TRUE FROM "email_unsubscribes" AS e0 WHERE (lower(e0."email") = $1) LIMIT 1 ["integrated@example.com"]
13:17:29.475 [debug] QUERY OK source="analytics_events" db=0.2ms
SELECT count(a0."id") FROM "analytics_events" AS a0 WHERE (a0."event_type" = $1) ["conversion"]
13:17:29.476 [debug] QUERY OK source="feedback_entries" db=0.0ms
SELECT count(f0."id") FROM "feedback_entries" AS f0 []
.13:17:29.476 [debug] QUERY OK db=0.0ms
SELECT create_analytics_partition_if_not_exists($1::date) [~D[2025-08-29]]
13:17:29.476 [debug] QUERY OK source="analytics_events" db=0.1ms
INSERT INTO "analytics_events" ("metadata","event_type","visitor_id","page_path","inserted_at","updated_at") VALUES ($1,$2,$3,$4,$5,$6) RETURNING "id" [%{plan: "pro"}, "conversion", "visitor-1", "/signup", ~N[2025-08-29 19:17:29], ~N[2025-08-29 19:17:29]]
13:17:29.476 [debug] QUERY OK db=0.0ms
SELECT create_analytics_partition_if_not_exists($1::date) [~D[2025-08-29]]
13:17:29.476 [debug] QUERY OK source="analytics_events" db=0.0ms
INSERT INTO "analytics_events" ("metadata","event_type","visitor_id","page_path","inserted_at","updated_at") VALUES ($1,$2,$3,$4,$5,$6) RETURNING "id" [%{plan: "pro"}, "conversion", "visitor-2", "/signup", ~N[2025-08-29 19:17:29], ~N[2025-08-29 19:17:29]]
13:17:29.476 [debug] QUERY OK db=0.0ms
SELECT create_analytics_partition_if_not_exists($1::date) [~D[2025-08-29]]
13:17:29.477 [debug] QUERY OK source="analytics_events" db=0.0ms
INSERT INTO "analytics_events" ("metadata","event_type","visitor_id","page_path","inserted_at","updated_at") VALUES ($1,$2,$3,$4,$5,$6) RETURNING "id" [%{plan: "pro"}, "conversion", "visitor-3", "/signup", ~N[2025-08-29 19:17:29], ~N[2025-08-29 19:17:29]]
13:17:29.477 [debug] QUERY OK db=0.0ms
SELECT create_analytics_partition_if_not_exists($1::date) [~D[2025-08-29]]
13:17:29.477 [debug] QUERY OK source="analytics_events" db=0.0ms
INSERT INTO "analytics_events" ("metadata","event_type","visitor_id","page_path","inserted_at","updated_at") VALUES ($1,$2,$3,$4,$5,$6) RETURNING "id" [%{plan: "pro"}, "conversion", "visitor-4", "/signup", ~N[2025-08-29 19:17:29], ~N[2025-08-29 19:17:29]]
13:17:29.477 [debug] QUERY OK db=0.0ms
SELECT create_analytics_partition_if_not_exists($1::date) [~D[2025-08-29]]
13:17:29.477 [debug] QUERY OK source="analytics_events" db=0.0ms
INSERT INTO "analytics_events" ("metadata","event_type","visitor_id","page_path","inserted_at","updated_at") VALUES ($1,$2,$3,$4,$5,$6) RETURNING "id" [%{plan: "pro"}, "conversion", "visitor-5", "/signup", ~N[2025-08-29 19:17:29], ~N[2025-08-29 19:17:29]]
13:17:29.477 [debug] QUERY OK source="analytics_events" db=0.3ms
SELECT count(a0."id") FROM "analytics_events" AS a0 WHERE (a0."event_type" = $1) ["conversion"]
.13:17:29.478 [debug] QUERY OK source="failed_emails" db=0.0ms
INSERT INTO "failed_emails" ("template","error_message","to_email","email_data","attempts","inserted_at","updated_at") VALUES ($1,$2,$3,$4,$5,$6,$7) RETURNING "id" ["welcome_email", "Mailbox does not exist", "bounce@example.com", %{smtp_code: 550}, 1, ~N[2025-08-29 19:17:29], ~N[2025-08-29 19:17:29]]
13:17:29.478 [debug] QUERY OK source="failed_emails" db=0.0ms queue=0.1ms
SELECT f0."id", f0."to_email", f0."subject", f0."template", f0."error_message", f0."email_data", f0."attempts", f0."inserted_at", f0."updated_at" FROM "failed_emails" AS f0 ORDER BY f0."inserted_at" DESC []
.....

 51) test cache improves performance for repeated validations (RsolvWeb.Api.V1.VulnerabilityValidationPerformanceTest)
     test/rsolv_web/controllers/api/v1/vulnerability_validation_performance_test.exs:29
     ** (exit) :terminating
     stacktrace:
       (kernel 10.2) application_controller.erl:511: :application_controller.call/2
       (kernel 10.2) application.erl:380: :application.enqueue_or_start/6
       (kernel 10.2) application.erl:359: :application.ensure_all_started/3
       (rsolv 0.1.0) test/support/conn_case.ex:36: RsolvWeb.ConnCase.__ex_unit_setup_0/1
       (rsolv 0.1.0) test/support/conn_case.ex:1: RsolvWeb.ConnCase.__ex_unit__/2
       test/rsolv_web/controllers/api/v1/vulnerability_validation_performance_test.exs:1: RsolvWeb.Api.V1.VulnerabilityValidationPerformanceTest.__ex_unit__/2

13:17:29.479 [debug] QUERY OK source="users" db=0.1ms
INSERT INTO "users" ("email","hashed_password","inserted_at","updated_at") VALUES ($1,$2,$3,$4) RETURNING "id" ["test28546@example.com", "dummy_hash", ~U[2025-08-29 19:17:29Z], ~U[2025-08-29 19:17:29Z]]


 52) test batch processing with cache reduces redundant computations (RsolvWeb.Api.V1.VulnerabilityValidationPerformanceTest)
     test/rsolv_web/controllers/api/v1/vulnerability_validation_performance_test.exs:87
     ** (exit) :terminating
     stacktrace:
       (kernel 10.2) application_controller.erl:511: :application_controller.call/2
       (kernel 10.2) application.erl:380: :application.enqueue_or_start/6
       (kernel 10.2) application.erl:359: :application.ensure_all_started/3
       (rsolv 0.1.0) test/support/conn_case.ex:36: RsolvWeb.ConnCase.__ex_unit_setup_0/1
       (rsolv 0.1.0) test/support/conn_case.ex:1: RsolvWeb.ConnCase.__ex_unit__/2
       test/rsolv_web/controllers/api/v1/vulnerability_validation_performance_test.exs:1: RsolvWeb.Api.V1.VulnerabilityValidationPerformanceTest.__ex_unit__/2

13:17:29.479 [debug] QUERY OK source="customers" db=0.1ms
INSERT INTO "customers" ("active","name","metadata","plan","api_key","email","user_id","monthly_limit","current_usage","inserted_at","updated_at") VALUES ($1,$2,$3,$4,$5,$6,$7,$8,$9,$10,$11) RETURNING "id" [true, "Test Customer 28546", %{}, "standard", "test_api_key_28546", "test28546@example.com", 18242, 100, 0, ~N[2025-08-29 19:17:29], ~N[2025-08-29 19:17:29]]
13:17:29.479 [debug] QUERY OK source="forge_accounts" db=0.1ms
INSERT INTO "forge_accounts" ("metadata","namespace","customer_id","forge_type","verified_at","inserted_at","updated_at") VALUES ($1,$2,$3,$4,$5,$6,$7) RETURNING "id" [%{}, "test-org-28546", 17697, :github, ~U[2025-08-29 19:17:29.479460Z], ~U[2025-08-29 19:17:29.479465Z], ~U[2025-08-29 19:17:29.479465Z]]
13:17:29.480 [debug] QUERY OK source="cached_validations" db=0.2ms queue=0.1ms
INSERT INTO "cached_validations" ("reason","cache_key","repository","confidence","forge_account_id","locations","vulnerability_type","file_hashes","is_false_positive","ttl_expires_at","cached_at","inserted_at","updated_at") VALUES ($1,$2,$3,$4,$5,$6,$7,$8,$9,$10,$11,$12,$13) ON CONFLICT ("cache_key") DO UPDATE SET "updated_at" = EXCLUDED."updated_at","inserted_at" = EXCLUDED."inserted_at","forge_account_id" = EXCLUDED."forge_account_id","invalidation_reason" = EXCLUDED."invalidation_reason","invalidated_at" = EXCLUDED."invalidated_at","ttl_expires_at" = EXCLUDED."ttl_expires_at","cached_at" = EXCLUDED."cached_at","full_result" = EXCLUDED."full_result","reason" = EXCLUDED."reason","confidence" = EXCLUDED."confidence","is_false_positive" = EXCLUDED."is_false_positive","file_hashes" = EXCLUDED."file_hashes","locations" = EXCLUDED."locations","vulnerability_type" = EXCLUDED."vulnerability_type","repository" = EXCLUDED."repository","cache_key" = EXCLUDED."cache_key" RETURNING "id","updated_at","inserted_at","forge_account_id","invalidation_reason","invalidated_at","ttl_expires_at","cached_at","full_result","reason","confidence","is_false_positive","file_hashes","locations","vulnerability_type","repository","cache_key" ["Sanitization in database layer", "15850/RSOLV-dev/nodegoat/[lib/database.js:100,routes/user.js:42]:sql-injection", "RSOLV-dev/nodegoat", Decimal.new("0.88"), 15850, [%{line: 42, file_path: "routes/user.js"}, %{line: 100, file_path: "lib/database.js"}], "sql-injection", %{"lib/database.js" => "sha256:db_v1", "routes/user.js" => "sha256:user_v1"}, true, ~U[2025-11-27 19:17:29.479629Z], ~U[2025-08-29 19:17:29.479629Z], ~U[2025-08-29 19:17:29.479683Z], ~U[2025-08-29 19:17:29.479683Z]]
13:17:29.480 [debug] Cached validation stored
13:17:29.480 [debug] QUERY OK source="cached_validations" db=0.0ms
SELECT c0."id", c0."cache_key", c0."repository", c0."vulnerability_type", c0."locations", c0."file_hashes", c0."is_false_positive", c0."confidence", c0."reason", c0."full_result", c0."cached_at", c0."ttl_expires_at", c0."invalidated_at", c0."invalidation_reason", c0."forge_account_id", c0."inserted_at", c0."updated_at" FROM "cached_validations" AS c0 WHERE (c0."cache_key" = $1) AND (c0."invalidated_at" IS NULL) ["15850/RSOLV-dev/nodegoat/[lib/database.js:100,routes/user.js:42]:sql-injection"]
13:17:29.480 [debug] Cache hit
13:17:29.480 [debug] QUERY OK source="cached_validations" db=0.0ms
SELECT c0."id", c0."cache_key", c0."repository", c0."vulnerability_type", c0."locations", c0."file_hashes", c0."is_false_positive", c0."confidence", c0."reason", c0."full_result", c0."cached_at", c0."ttl_expires_at", c0."invalidated_at", c0."invalidation_reason", c0."forge_account_id", c0."inserted_at", c0."updated_at" FROM "cached_validations" AS c0 WHERE (c0."cache_key" = $1) AND (c0."invalidated_at" IS NULL) ["15850/RSOLV-dev/nodegoat/[lib/database.js:100,routes/user.js:42]:sql-injection"]
13:17:29.480 [debug] Cache hit
13:17:29.480 [debug] QUERY OK source="cached_validations" db=0.1ms queue=0.1ms
UPDATE "cached_validations" AS c0 SET "invalidated_at" = $1, "invalidation_reason" = $2 WHERE (c0."forge_account_id" = $3) AND (c0."repository" = $4) AND (c0."invalidated_at" IS NULL) AND (EXISTS (SELECT 1 FROM jsonb_array_elements(c0."locations") AS loc WHERE loc->>'file_path' = $5)) [~U[2025-08-29 19:17:29.480466Z], "file_change", 15850, "RSOLV-dev/nodegoat", "lib/database.js"]
13:17:29.480 [info] Invalidated cache entries for file change
13:17:29.480 [debug] QUERY OK source="cached_validations" db=0.0ms
SELECT c0."id", c0."cache_key", c0."repository", c0."vulnerability_type", c0."locations", c0."file_hashes", c0."is_false_positive", c0."confidence", c0."reason", c0."full_result", c0."cached_at", c0."ttl_expires_at", c0."invalidated_at", c0."invalidation_reason", c0."forge_account_id", c0."inserted_at", c0."updated_at" FROM "cached_validations" AS c0 WHERE (c0."cache_key" = $1) AND (c0."invalidated_at" IS NULL) ["15850/RSOLV-dev/nodegoat/[lib/database.js:100,routes/user.js:42]:sql-injection"]
13:17:29.480 [debug] Cache miss
.13:17:29.481 [debug] QUERY OK source="users" db=0.2ms
INSERT INTO "users" ("email","hashed_password","inserted_at","updated_at") VALUES ($1,$2,$3,$4) RETURNING "id" ["test28930@example.com", "dummy_hash", ~U[2025-08-29 19:17:29Z], ~U[2025-08-29 19:17:29Z]]
13:17:29.481 [debug] QUERY OK source="customers" db=0.2ms
INSERT INTO "customers" ("active","name","metadata","plan","api_key","email","user_id","monthly_limit","current_usage","inserted_at","updated_at") VALUES ($1,$2,$3,$4,$5,$6,$7,$8,$9,$10,$11) RETURNING "id" [true, "Test Customer 28930", %{}, "standard", "test_api_key_28930", "test28930@example.com", 18243, 100, 0, ~N[2025-08-29 19:17:29], ~N[2025-08-29 19:17:29]]
13:17:29.482 [debug] QUERY OK source="forge_accounts" db=0.2ms
INSERT INTO "forge_accounts" ("metadata","namespace","customer_id","forge_type","verified_at","inserted_at","updated_at") VALUES ($1,$2,$3,$4,$5,$6,$7) RETURNING "id" [%{}, "test-org-28930", 17698, :github, ~U[2025-08-29 19:17:29.481787Z], ~U[2025-08-29 19:17:29.481797Z], ~U[2025-08-29 19:17:29.481797Z]]
13:17:29.482 [debug] QUERY OK source="cached_validations" db=0.3ms queue=0.1ms
INSERT INTO "cached_validations" ("reason","cache_key","repository","confidence","forge_account_id","locations","vulnerability_type","file_hashes","is_false_positive","ttl_expires_at","cached_at","inserted_at","updated_at") VALUES ($1,$2,$3,$4,$5,$6,$7,$8,$9,$10,$11,$12,$13) ON CONFLICT ("cache_key") DO UPDATE SET "updated_at" = EXCLUDED."updated_at","inserted_at" = EXCLUDED."inserted_at","forge_account_id" = EXCLUDED."forge_account_id","invalidation_reason" = EXCLUDED."invalidation_reason","invalidated_at" = EXCLUDED."invalidated_at","ttl_expires_at" = EXCLUDED."ttl_expires_at","cached_at" = EXCLUDED."cached_at","full_result" = EXCLUDED."full_result","reason" = EXCLUDED."reason","confidence" = EXCLUDED."confidence","is_false_positive" = EXCLUDED."is_false_positive","file_hashes" = EXCLUDED."file_hashes","locations" = EXCLUDED."locations","vulnerability_type" = EXCLUDED."vulnerability_type","repository" = EXCLUDED."repository","cache_key" = EXCLUDED."cache_key" RETURNING "id","updated_at","inserted_at","forge_account_id","invalidation_reason","invalidated_at","ttl_expires_at","cached_at","full_result","reason","confidence","is_false_positive","file_hashes","locations","vulnerability_type","repository","cache_key" ["Test", "15851/RSOLV-dev/nodegoat/[app.js:42]:sql-injection", "RSOLV-dev/nodegoat", Decimal.new("0.95"), 15851, [%{line: 42, file_path: "app.js"}], "sql-injection", %{"app.js" => "sha256:abc"}, true, ~U[2025-11-27 19:17:29.482104Z], ~U[2025-08-29 19:17:29.482104Z], ~U[2025-08-29 19:17:29.482165Z], ~U[2025-08-29 19:17:29.482165Z]]
13:17:29.482 [debug] Cached validation stored
13:17:29.483 [debug] QUERY OK source="cached_validations" db=0.2ms
SELECT c0."id", c0."cache_key", c0."repository", c0."vulnerability_type", c0."locations", c0."file_hashes", c0."is_false_positive", c0."confidence", c0."reason", c0."full_result", c0."cached_at", c0."ttl_expires_at", c0."invalidated_at", c0."invalidation_reason", c0."forge_account_id", c0."inserted_at", c0."updated_at" FROM "cached_validations" AS c0 WHERE (c0."cache_key" = $1) AND (c0."invalidated_at" IS NULL) ["15851/RSOLV-dev/nodegoat/[app.js:42]:sql-injection"]
13:17:29.483 [debug] Cache hit
13:17:29.483 [debug] QUERY OK source="cached_validations" db=0.0ms
UPDATE "cached_validations" AS c0 SET "ttl_expires_at" = $1 WHERE (c0."id" = $2) [~U[2025-08-28 19:17:29.483116Z], 195912]
13:17:29.483 [debug] QUERY OK source="cached_validations" db=0.0ms
SELECT c0."id", c0."cache_key", c0."repository", c0."vulnerability_type", c0."locations", c0."file_hashes", c0."is_false_positive", c0."confidence", c0."reason", c0."full_result", c0."cached_at", c0."ttl_expires_at", c0."invalidated_at", c0."invalidation_reason", c0."forge_account_id", c0."inserted_at", c0."updated_at" FROM "cached_validations" AS c0 WHERE (c0."cache_key" = $1) AND (c0."invalidated_at" IS NULL) ["15851/RSOLV-dev/nodegoat/[app.js:42]:sql-injection"]
13:17:29.483 [debug] Cache expired
.13:17:29.483 [debug] QUERY OK source="users" db=0.2ms
INSERT INTO "users" ("email","hashed_password","inserted_at","updated_at") VALUES ($1,$2,$3,$4) RETURNING "id" ["test16006@example.com", "dummy_hash", ~U[2025-08-29 19:17:29Z], ~U[2025-08-29 19:17:29Z]]
13:17:29.484 [debug] QUERY OK source="customers" db=0.3ms
INSERT INTO "customers" ("active","name","metadata","plan","api_key","email","user_id","monthly_limit","current_usage","inserted_at","updated_at") VALUES ($1,$2,$3,$4,$5,$6,$7,$8,$9,$10,$11) RETURNING "id" [true, "Test Customer 16006", %{}, "standard", "test_api_key_16006", "test16006@example.com", 18244, 100, 0, ~N[2025-08-29 19:17:29], ~N[2025-08-29 19:17:29]]
13:17:29.484 [debug] QUERY OK source="forge_accounts" db=0.2ms
INSERT INTO "forge_accounts" ("metadata","namespace","customer_id","forge_type","verified_at","inserted_at","updated_at") VALUES ($1,$2,$3,$4,$5,$6,$7) RETURNING "id" [%{}, "test-org-16006", 17699, :github, ~U[2025-08-29 19:17:29.484346Z], ~U[2025-08-29 19:17:29.484353Z], ~U[2025-08-29 19:17:29.484353Z]]
13:17:29.485 [debug] QUERY OK source="cached_validations" db=0.4ms
SELECT c0."id", c0."cache_key", c0."repository", c0."vulnerability_type", c0."locations", c0."file_hashes", c0."is_false_positive", c0."confidence", c0."reason", c0."full_result", c0."cached_at", c0."ttl_expires_at", c0."invalidated_at", c0."invalidation_reason", c0."forge_account_id", c0."inserted_at", c0."updated_at" FROM "cached_validations" AS c0 WHERE (c0."cache_key" = $1) AND (c0."invalidated_at" IS NULL) ["15852/RSOLV-dev/nodegoat/[app.js:42]:sql-injection"]
13:17:29.485 [debug] Cache miss
13:17:29.485 [debug] QUERY OK source="cached_validations" db=0.3ms queue=0.1ms
INSERT INTO "cached_validations" ("reason","cache_key","full_result","repository","confidence","forge_account_id","locations","vulnerability_type","file_hashes","is_false_positive","ttl_expires_at","cached_at","inserted_at","updated_at") VALUES ($1,$2,$3,$4,$5,$6,$7,$8,$9,$10,$11,$12,$13,$14) ON CONFLICT ("cache_key") DO UPDATE SET "updated_at" = EXCLUDED."updated_at","inserted_at" = EXCLUDED."inserted_at","forge_account_id" = EXCLUDED."forge_account_id","invalidation_reason" = EXCLUDED."invalidation_reason","invalidated_at" = EXCLUDED."invalidated_at","ttl_expires_at" = EXCLUDED."ttl_expires_at","cached_at" = EXCLUDED."cached_at","full_result" = EXCLUDED."full_result","reason" = EXCLUDED."reason","confidence" = EXCLUDED."confidence","is_false_positive" = EXCLUDED."is_false_positive","file_hashes" = EXCLUDED."file_hashes","locations" = EXCLUDED."locations","vulnerability_type" = EXCLUDED."vulnerability_type","repository" = EXCLUDED."repository","cache_key" = EXCLUDED."cache_key" RETURNING "id","updated_at","inserted_at","forge_account_id","invalidation_reason","invalidated_at","ttl_expires_at","cached_at","full_result","reason","confidence","is_false_positive","file_hashes","locations","vulnerability_type","repository","cache_key" ["No user input flow detected", "15852/RSOLV-dev/nodegoat/[app.js:42]:sql-injection", %{"astContext" => %{"hasValidation" => true, "inUserInputFlow" => false}}, "RSOLV-dev/nodegoat", Decimal.new("0.95"), 15852, [%{line: 42, file_path: "app.js"}], "sql-injection", %{"app.js" => "sha256:original"}, true, ~U[2025-11-27 19:17:29.485101Z], ~U[2025-08-29 19:17:29.485101Z], ~U[2025-08-29 19:17:29.485153Z], ~U[2025-08-29 19:17:29.485153Z]]
13:17:29.485 [debug] Cached validation stored
13:17:29.485 [debug] QUERY OK source="cached_validations" db=0.1ms
SELECT c0."id", c0."cache_key", c0."repository", c0."vulnerability_type", c0."locations", c0."file_hashes", c0."is_false_positive", c0."confidence", c0."reason", c0."full_result", c0."cached_at", c0."ttl_expires_at", c0."invalidated_at", c0."invalidation_reason", c0."forge_account_id", c0."inserted_at", c0."updated_at" FROM "cached_validations" AS c0 WHERE (c0."cache_key" = $1) AND (c0."invalidated_at" IS NULL) ["15852/RSOLV-dev/nodegoat/[app.js:42]:sql-injection"]
13:17:29.485 [debug] Cache hit
13:17:29.486 [debug] QUERY OK source="cached_validations" db=0.1ms
SELECT c0."id", c0."cache_key", c0."repository", c0."vulnerability_type", c0."locations", c0."file_hashes", c0."is_false_positive", c0."confidence", c0."reason", c0."full_result", c0."cached_at", c0."ttl_expires_at", c0."invalidated_at", c0."invalidation_reason", c0."forge_account_id", c0."inserted_at", c0."updated_at" FROM "cached_validations" AS c0 WHERE (c0."cache_key" = $1) AND (c0."invalidated_at" IS NULL) ["15852/RSOLV-dev/nodegoat/[app.js:42]:sql-injection"]
13:17:29.486 [debug] Cache invalidated by file change
13:17:29.486 [debug] QUERY OK source="cached_validations" db=0.2ms
UPDATE "cached_validations" AS c0 SET "invalidated_at" = $1, "invalidation_reason" = $2 WHERE (c0."forge_account_id" = $3) AND (c0."repository" = $4) AND (c0."invalidated_at" IS NULL) AND (EXISTS (SELECT 1 FROM jsonb_array_elements(c0."locations") AS loc WHERE loc->>'file_path' = $5)) [~U[2025-08-29 19:17:29.486165Z], "file_change", 15852, "RSOLV-dev/nodegoat", "app.js"]
13:17:29.486 [info] Invalidated cache entries for file change
13:17:29.486 [debug] QUERY OK source="cached_validations" db=0.0ms
SELECT c0."id", c0."cache_key", c0."repository", c0."vulnerability_type", c0."locations", c0."file_hashes", c0."is_false_positive", c0."confidence", c0."reason", c0."full_result", c0."cached_at", c0."ttl_expires_at", c0."invalidated_at", c0."invalidation_reason", c0."forge_account_id", c0."inserted_at", c0."updated_at" FROM "cached_validations" AS c0 WHERE (c0."cache_key" = $1) AND (c0."invalidated_at" IS NULL) ["15852/RSOLV-dev/nodegoat/[app.js:42]:sql-injection"]
13:17:29.486 [debug] Cache miss
.13:17:29.487 [debug] QUERY OK source="users" db=0.1ms
INSERT INTO "users" ("email","hashed_password","inserted_at","updated_at") VALUES ($1,$2,$3,$4) RETURNING "id" ["test29186@example.com", "dummy_hash", ~U[2025-08-29 19:17:29Z], ~U[2025-08-29 19:17:29Z]]
13:17:29.487 [debug] QUERY OK source="customers" db=0.1ms
INSERT INTO "customers" ("active","name","metadata","plan","api_key","email","user_id","monthly_limit","current_usage","inserted_at","updated_at") VALUES ($1,$2,$3,$4,$5,$6,$7,$8,$9,$10,$11) RETURNING "id" [true, "Test Customer 29186", %{}, "standard", "test_api_key_29186", "test29186@example.com", 18245, 100, 0, ~N[2025-08-29 19:17:29], ~N[2025-08-29 19:17:29]]
13:17:29.487 [debug] QUERY OK source="forge_accounts" db=0.1ms
INSERT INTO "forge_accounts" ("metadata","namespace","customer_id","forge_type","verified_at","inserted_at","updated_at") VALUES ($1,$2,$3,$4,$5,$6,$7) RETURNING "id" [%{}, "test-org-29186", 17700, :github, ~U[2025-08-29 19:17:29.487225Z], ~U[2025-08-29 19:17:29.487232Z], ~U[2025-08-29 19:17:29.487232Z]]
13:17:29.487 [debug] QUERY OK source="cached_validations" db=0.1ms
SELECT c0."id", c0."cache_key", c0."repository", c0."vulnerability_type", c0."locations", c0."file_hashes", c0."is_false_positive", c0."confidence", c0."reason", c0."full_result", c0."cached_at", c0."ttl_expires_at", c0."invalidated_at", c0."invalidation_reason", c0."forge_account_id", c0."inserted_at", c0."updated_at" FROM "cached_validations" AS c0 WHERE (c0."cache_key" = $1) AND (c0."invalidated_at" IS NULL) ["15853/org/repo/[app.js:1]:xss"]
13:17:29.487 [debug] Cache miss
13:17:29.487 [debug] QUERY OK source="cached_validations" db=0.1ms
INSERT INTO "cached_validations" ("reason","cache_key","repository","confidence","forge_account_id","locations","vulnerability_type","file_hashes","is_false_positive","ttl_expires_at","cached_at","inserted_at","updated_at") VALUES ($1,$2,$3,$4,$5,$6,$7,$8,$9,$10,$11,$12,$13) ON CONFLICT ("cache_key") DO UPDATE SET "updated_at" = EXCLUDED."updated_at","inserted_at" = EXCLUDED."inserted_at","forge_account_id" = EXCLUDED."forge_account_id","invalidation_reason" = EXCLUDED."invalidation_reason","invalidated_at" = EXCLUDED."invalidated_at","ttl_expires_at" = EXCLUDED."ttl_expires_at","cached_at" = EXCLUDED."cached_at","full_result" = EXCLUDED."full_result","reason" = EXCLUDED."reason","confidence" = EXCLUDED."confidence","is_false_positive" = EXCLUDED."is_false_positive","file_hashes" = EXCLUDED."file_hashes","locations" = EXCLUDED."locations","vulnerability_type" = EXCLUDED."vulnerability_type","repository" = EXCLUDED."repository","cache_key" = EXCLUDED."cache_key" RETURNING "id","updated_at","inserted_at","forge_account_id","invalidation_reason","invalidated_at","ttl_expires_at","cached_at","full_result","reason","confidence","is_false_positive","file_hashes","locations","vulnerability_type","repository","cache_key" ["Safe", "15853/org/repo/[app.js:1]:xss", "org/repo", Decimal.new("0.95"), 15853, [%{line: 1, file_path: "app.js"}], "xss", %{"app.js" => "sha256:v1"}, true, ~U[2025-11-27 19:17:29.487594Z], ~U[2025-08-29 19:17:29.487594Z], ~U[2025-08-29 19:17:29.487630Z], ~U[2025-08-29 19:17:29.487630Z]]
13:17:29.487 [debug] Cached validation stored
13:17:29.488 [debug] QUERY OK source="cached_validations" db=0.0ms
SELECT c0."id", c0."cache_key", c0."repository", c0."vulnerability_type", c0."locations", c0."file_hashes", c0."is_false_positive", c0."confidence", c0."reason", c0."full_result", c0."cached_at", c0."ttl_expires_at", c0."invalidated_at", c0."invalidation_reason", c0."forge_account_id", c0."inserted_at", c0."updated_at" FROM "cached_validations" AS c0 WHERE (c0."cache_key" = $1) AND (c0."invalidated_at" IS NULL) ["15853/org/repo/[app.js:1]:xss"]
13:17:29.488 [debug] Cache hit
13:17:29.488 [debug] QUERY OK source="cached_validations" db=0.0ms
SELECT c0."id", c0."cache_key", c0."repository", c0."vulnerability_type", c0."locations", c0."file_hashes", c0."is_false_positive", c0."confidence", c0."reason", c0."full_result", c0."cached_at", c0."ttl_expires_at", c0."invalidated_at", c0."invalidation_reason", c0."forge_account_id", c0."inserted_at", c0."updated_at" FROM "cached_validations" AS c0 WHERE (c0."cache_key" = $1) AND (c0."invalidated_at" IS NULL) ["15853/org/repo/[app.js:1]:xss"]
13:17:29.488 [debug] Cache invalidated by file change
.13:17:29.488 [debug] QUERY OK source="users" db=0.1ms
INSERT INTO "users" ("email","hashed_password","inserted_at","updated_at") VALUES ($1,$2,$3,$4) RETURNING "id" ["test29314@example.com", "dummy_hash", ~U[2025-08-29 19:17:29Z], ~U[2025-08-29 19:17:29Z]]
13:17:29.488 [debug] QUERY OK source="customers" db=0.1ms
INSERT INTO "customers" ("active","name","metadata","plan","api_key","email","user_id","monthly_limit","current_usage","inserted_at","updated_at") VALUES ($1,$2,$3,$4,$5,$6,$7,$8,$9,$10,$11) RETURNING "id" [true, "Test Customer 29314", %{}, "standard", "test_api_key_29314", "test29314@example.com", 18246, 100, 0, ~N[2025-08-29 19:17:29], ~N[2025-08-29 19:17:29]]
13:17:29.489 [debug] QUERY OK source="forge_accounts" db=0.1ms
INSERT INTO "forge_accounts" ("metadata","namespace","customer_id","forge_type","verified_at","inserted_at","updated_at") VALUES ($1,$2,$3,$4,$5,$6,$7) RETURNING "id" [%{}, "test-org-29314", 17701, :github, ~U[2025-08-29 19:17:29.488912Z], ~U[2025-08-29 19:17:29.488918Z], ~U[2025-08-29 19:17:29.488918Z]]
13:17:29.489 [debug] QUERY OK source="cached_validations" db=0.1ms
INSERT INTO "cached_validations" ("reason","cache_key","repository","confidence","forge_account_id","locations","vulnerability_type","file_hashes","is_false_positive","ttl_expires_at","cached_at","inserted_at","updated_at") VALUES ($1,$2,$3,$4,$5,$6,$7,$8,$9,$10,$11,$12,$13) ON CONFLICT ("cache_key") DO UPDATE SET "updated_at" = EXCLUDED."updated_at","inserted_at" = EXCLUDED."inserted_at","forge_account_id" = EXCLUDED."forge_account_id","invalidation_reason" = EXCLUDED."invalidation_reason","invalidated_at" = EXCLUDED."invalidated_at","ttl_expires_at" = EXCLUDED."ttl_expires_at","cached_at" = EXCLUDED."cached_at","full_result" = EXCLUDED."full_result","reason" = EXCLUDED."reason","confidence" = EXCLUDED."confidence","is_false_positive" = EXCLUDED."is_false_positive","file_hashes" = EXCLUDED."file_hashes","locations" = EXCLUDED."locations","vulnerability_type" = EXCLUDED."vulnerability_type","repository" = EXCLUDED."repository","cache_key" = EXCLUDED."cache_key" RETURNING "id","updated_at","inserted_at","forge_account_id","invalidation_reason","invalidated_at","ttl_expires_at","cached_at","full_result","reason","confidence","is_false_positive","file_hashes","locations","vulnerability_type","repository","cache_key" ["Bulk test 1", "15854/RSOLV-dev/large-repo/[file1.js:1]:xss", "RSOLV-dev/large-repo", Decimal.new("0.9"), 15854, [%{line: 1, file_path: "file1.js"}], "xss", %{"file1.js" => "sha256:1"}, true, ~U[2025-11-27 19:17:29.489202Z], ~U[2025-08-29 19:17:29.489202Z], ~U[2025-08-29 19:17:29.489232Z], ~U[2025-08-29 19:17:29.489232Z]]
13:17:29.489 [debug] Cached validation stored
13:17:29.489 [debug] QUERY OK source="cached_validations" db=0.0ms
INSERT INTO "cached_validations" ("reason","cache_key","repository","confidence","forge_account_id","locations","vulnerability_type","file_hashes","is_false_positive","ttl_expires_at","cached_at","inserted_at","updated_at") VALUES ($1,$2,$3,$4,$5,$6,$7,$8,$9,$10,$11,$12,$13) ON CONFLICT ("cache_key") DO UPDATE SET "updated_at" = EXCLUDED."updated_at","inserted_at" = EXCLUDED."inserted_at","forge_account_id" = EXCLUDED."forge_account_id","invalidation_reason" = EXCLUDED."invalidation_reason","invalidated_at" = EXCLUDED."invalidated_at","ttl_expires_at" = EXCLUDED."ttl_expires_at","cached_at" = EXCLUDED."cached_at","full_result" = EXCLUDED."full_result","reason" = EXCLUDED."reason","confidence" = EXCLUDED."confidence","is_false_positive" = EXCLUDED."is_false_positive","file_hashes" = EXCLUDED."file_hashes","locations" = EXCLUDED."locations","vulnerability_type" = EXCLUDED."vulnerability_type","repository" = EXCLUDED."repository","cache_key" = EXCLUDED."cache_key" RETURNING "id","updated_at","inserted_at","forge_account_id","invalidation_reason","invalidated_at","ttl_expires_at","cached_at","full_result","reason","confidence","is_false_positive","file_hashes","locations","vulnerability_type","repository","cache_key" ["Bulk test 2", "15854/RSOLV-dev/large-repo/[file2.js:2]:xss", "RSOLV-dev/large-repo", Decimal.new("0.9"), 15854, [%{line: 2, file_path: "file2.js"}], "xss", %{"file2.js" => "sha256:2"}, true, ~U[2025-11-27 19:17:29.489595Z], ~U[2025-08-29 19:17:29.489595Z], ~U[2025-08-29 19:17:29.489620Z], ~U[2025-08-29 19:17:29.489620Z]]
13:17:29.489 [debug] Cached validation stored
13:17:29.489 [debug] QUERY OK source="cached_validations" db=0.0ms
INSERT INTO "cached_validations" ("reason","cache_key","repository","confidence","forge_account_id","locations","vulnerability_type","file_hashes","is_false_positive","ttl_expires_at","cached_at","inserted_at","updated_at") VALUES ($1,$2,$3,$4,$5,$6,$7,$8,$9,$10,$11,$12,$13) ON CONFLICT ("cache_key") DO UPDATE SET "updated_at" = EXCLUDED."updated_at","inserted_at" = EXCLUDED."inserted_at","forge_account_id" = EXCLUDED."forge_account_id","invalidation_reason" = EXCLUDED."invalidation_reason","invalidated_at" = EXCLUDED."invalidated_at","ttl_expires_at" = EXCLUDED."ttl_expires_at","cached_at" = EXCLUDED."cached_at","full_result" = EXCLUDED."full_result","reason" = EXCLUDED."reason","confidence" = EXCLUDED."confidence","is_false_positive" = EXCLUDED."is_false_positive","file_hashes" = EXCLUDED."file_hashes","locations" = EXCLUDED."locations","vulnerability_type" = EXCLUDED."vulnerability_type","repository" = EXCLUDED."repository","cache_key" = EXCLUDED."cache_key" RETURNING "id","updated_at","inserted_at","forge_account_id","invalidation_reason","invalidated_at","ttl_expires_at","cached_at","full_result","reason","confidence","is_false_positive","file_hashes","locations","vulnerability_type","repository","cache_key" ["Bulk test 3", "15854/RSOLV-dev/large-repo/[file3.js:3]:xss", "RSOLV-dev/large-repo", Decimal.new("0.9"), 15854, [%{line: 3, file_path: "file3.js"}], "xss", %{"file3.js" => "sha256:3"}, true, ~U[2025-11-27 19:17:29.489782Z], ~U[2025-08-29 19:17:29.489782Z], ~U[2025-08-29 19:17:29.489812Z], ~U[2025-08-29 19:17:29.489812Z]]
13:17:29.489 [debug] Cached validation stored
13:17:29.490 [debug] QUERY OK source="cached_validations" db=0.0ms
INSERT INTO "cached_validations" ("reason","cache_key","repository","confidence","forge_account_id","locations","vulnerability_type","file_hashes","is_false_positive","ttl_expires_at","cached_at","inserted_at","updated_at") VALUES ($1,$2,$3,$4,$5,$6,$7,$8,$9,$10,$11,$12,$13) ON CONFLICT ("cache_key") DO UPDATE SET "updated_at" = EXCLUDED."updated_at","inserted_at" = EXCLUDED."inserted_at","forge_account_id" = EXCLUDED."forge_account_id","invalidation_reason" = EXCLUDED."invalidation_reason","invalidated_at" = EXCLUDED."invalidated_at","ttl_expires_at" = EXCLUDED."ttl_expires_at","cached_at" = EXCLUDED."cached_at","full_result" = EXCLUDED."full_result","reason" = EXCLUDED."reason","confidence" = EXCLUDED."confidence","is_false_positive" = EXCLUDED."is_false_positive","file_hashes" = EXCLUDED."file_hashes","locations" = EXCLUDED."locations","vulnerability_type" = EXCLUDED."vulnerability_type","repository" = EXCLUDED."repository","cache_key" = EXCLUDED."cache_key" RETURNING "id","updated_at","inserted_at","forge_account_id","invalidation_reason","invalidated_at","ttl_expires_at","cached_at","full_result","reason","confidence","is_false_positive","file_hashes","locations","vulnerability_type","repository","cache_key" ["Bulk test 4", "15854/RSOLV-dev/large-repo/[file4.js:4]:xss", "RSOLV-dev/large-repo", Decimal.new("0.9"), 15854, [%{line: 4, file_path: "file4.js"}], "xss", %{"file4.js" => "sha256:4"}, true, ~U[2025-11-27 19:17:29.489991Z], ~U[2025-08-29 19:17:29.489991Z], ~U[2025-08-29 19:17:29.490017Z], ~U[2025-08-29 19:17:29.490017Z]]
13:17:29.490 [debug] Cached validation stored
13:17:29.490 [debug] QUERY OK source="cached_validations" db=0.0ms
INSERT INTO "cached_validations" ("reason","cache_key","repository","confidence","forge_account_id","locations","vulnerability_type","file_hashes","is_false_positive","ttl_expires_at","cached_at","inserted_at","updated_at") VALUES ($1,$2,$3,$4,$5,$6,$7,$8,$9,$10,$11,$12,$13) ON CONFLICT ("cache_key") DO UPDATE SET "updated_at" = EXCLUDED."updated_at","inserted_at" = EXCLUDED."inserted_at","forge_account_id" = EXCLUDED."forge_account_id","invalidation_reason" = EXCLUDED."invalidation_reason","invalidated_at" = EXCLUDED."invalidated_at","ttl_expires_at" = EXCLUDED."ttl_expires_at","cached_at" = EXCLUDED."cached_at","full_result" = EXCLUDED."full_result","reason" = EXCLUDED."reason","confidence" = EXCLUDED."confidence","is_false_positive" = EXCLUDED."is_false_positive","file_hashes" = EXCLUDED."file_hashes","locations" = EXCLUDED."locations","vulnerability_type" = EXCLUDED."vulnerability_type","repository" = EXCLUDED."repository","cache_key" = EXCLUDED."cache_key" RETURNING "id","updated_at","inserted_at","forge_account_id","invalidation_reason","invalidated_at","ttl_expires_at","cached_at","full_result","reason","confidence","is_false_positive","file_hashes","locations","vulnerability_type","repository","cache_key" ["Bulk test 5", "15854/RSOLV-dev/large-repo/[file5.js:5]:xss", "RSOLV-dev/large-repo", Decimal.new("0.9"), 15854, [%{line: 5, file_path: "file5.js"}], "xss", %{"file5.js" => "sha256:5"}, true, ~U[2025-11-27 19:17:29.490168Z], ~U[2025-08-29 19:17:29.490168Z], ~U[2025-08-29 19:17:29.490191Z], ~U[2025-08-29 19:17:29.490191Z]]
13:17:29.490 [debug] Cached validation stored
13:17:29.490 [debug] QUERY OK source="cached_validations" db=0.0ms
INSERT INTO "cached_validations" ("reason","cache_key","repository","confidence","forge_account_id","locations","vulnerability_type","file_hashes","is_false_positive","ttl_expires_at","cached_at","inserted_at","updated_at") VALUES ($1,$2,$3,$4,$5,$6,$7,$8,$9,$10,$11,$12,$13) ON CONFLICT ("cache_key") DO UPDATE SET "updated_at" = EXCLUDED."updated_at","inserted_at" = EXCLUDED."inserted_at","forge_account_id" = EXCLUDED."forge_account_id","invalidation_reason" = EXCLUDED."invalidation_reason","invalidated_at" = EXCLUDED."invalidated_at","ttl_expires_at" = EXCLUDED."ttl_expires_at","cached_at" = EXCLUDED."cached_at","full_result" = EXCLUDED."full_result","reason" = EXCLUDED."reason","confidence" = EXCLUDED."confidence","is_false_positive" = EXCLUDED."is_false_positive","file_hashes" = EXCLUDED."file_hashes","locations" = EXCLUDED."locations","vulnerability_type" = EXCLUDED."vulnerability_type","repository" = EXCLUDED."repository","cache_key" = EXCLUDED."cache_key" RETURNING "id","updated_at","inserted_at","forge_account_id","invalidation_reason","invalidated_at","ttl_expires_at","cached_at","full_result","reason","confidence","is_false_positive","file_hashes","locations","vulnerability_type","repository","cache_key" ["Bulk test 6", "15854/RSOLV-dev/large-repo/[file6.js:6]:xss", "RSOLV-dev/large-repo", Decimal.new("0.9"), 15854, [%{line: 6, file_path: "file6.js"}], "xss", %{"file6.js" => "sha256:6"}, true, ~U[2025-11-27 19:17:29.490333Z], ~U[2025-08-29 19:17:29.490333Z], ~U[2025-08-29 19:17:29.490360Z], ~U[2025-08-29 19:17:29.490360Z]]
13:17:29.490 [debug] Cached validation stored
13:17:29.490 [debug] QUERY OK source="cached_validations" db=0.0ms
INSERT INTO "cached_validations" ("reason","cache_key","repository","confidence","forge_account_id","locations","vulnerability_type","file_hashes","is_false_positive","ttl_expires_at","cached_at","inserted_at","updated_at") VALUES ($1,$2,$3,$4,$5,$6,$7,$8,$9,$10,$11,$12,$13) ON CONFLICT ("cache_key") DO UPDATE SET "updated_at" = EXCLUDED."updated_at","inserted_at" = EXCLUDED."inserted_at","forge_account_id" = EXCLUDED."forge_account_id","invalidation_reason" = EXCLUDED."invalidation_reason","invalidated_at" = EXCLUDED."invalidated_at","ttl_expires_at" = EXCLUDED."ttl_expires_at","cached_at" = EXCLUDED."cached_at","full_result" = EXCLUDED."full_result","reason" = EXCLUDED."reason","confidence" = EXCLUDED."confidence","is_false_positive" = EXCLUDED."is_false_positive","file_hashes" = EXCLUDED."file_hashes","locations" = EXCLUDED."locations","vulnerability_type" = EXCLUDED."vulnerability_type","repository" = EXCLUDED."repository","cache_key" = EXCLUDED."cache_key" RETURNING "id","updated_at","inserted_at","forge_account_id","invalidation_reason","invalidated_at","ttl_expires_at","cached_at","full_result","reason","confidence","is_false_positive","file_hashes","locations","vulnerability_type","repository","cache_key" ["Bulk test 7", "15854/RSOLV-dev/large-repo/[file7.js:7]:xss", "RSOLV-dev/large-repo", Decimal.new("0.9"), 15854, [%{line: 7, file_path: "file7.js"}], "xss", %{"file7.js" => "sha256:7"}, true, ~U[2025-11-27 19:17:29.490494Z], ~U[2025-08-29 19:17:29.490494Z], ~U[2025-08-29 19:17:29.490519Z], ~U[2025-08-29 19:17:29.490519Z]]
13:17:29.490 [debug] Cached validation stored
13:17:29.490 [debug] QUERY OK source="cached_validations" db=0.0ms
INSERT INTO "cached_validations" ("reason","cache_key","repository","confidence","forge_account_id","locations","vulnerability_type","file_hashes","is_false_positive","ttl_expires_at","cached_at","inserted_at","updated_at") VALUES ($1,$2,$3,$4,$5,$6,$7,$8,$9,$10,$11,$12,$13) ON CONFLICT ("cache_key") DO UPDATE SET "updated_at" = EXCLUDED."updated_at","inserted_at" = EXCLUDED."inserted_at","forge_account_id" = EXCLUDED."forge_account_id","invalidation_reason" = EXCLUDED."invalidation_reason","invalidated_at" = EXCLUDED."invalidated_at","ttl_expires_at" = EXCLUDED."ttl_expires_at","cached_at" = EXCLUDED."cached_at","full_result" = EXCLUDED."full_result","reason" = EXCLUDED."reason","confidence" = EXCLUDED."confidence","is_false_positive" = EXCLUDED."is_false_positive","file_hashes" = EXCLUDED."file_hashes","locations" = EXCLUDED."locations","vulnerability_type" = EXCLUDED."vulnerability_type","repository" = EXCLUDED."repository","cache_key" = EXCLUDED."cache_key" RETURNING "id","updated_at","inserted_at","forge_account_id","invalidation_reason","invalidated_at","ttl_expires_at","cached_at","full_result","reason","confidence","is_false_positive","file_hashes","locations","vulnerability_type","repository","cache_key" ["Bulk test 8", "15854/RSOLV-dev/large-repo/[file8.js:8]:xss", "RSOLV-dev/large-repo", Decimal.new("0.9"), 15854, [%{line: 8, file_path: "file8.js"}], "xss", %{"file8.js" => "sha256:8"}, true, ~U[2025-11-27 19:17:29.490699Z], ~U[2025-08-29 19:17:29.490699Z], ~U[2025-08-29 19:17:29.490734Z], ~U[2025-08-29 19:17:29.490734Z]]
13:17:29.490 [debug] Cached validation stored
13:17:29.491 [debug] QUERY OK source="cached_validations" db=0.0ms
INSERT INTO "cached_validations" ("reason","cache_key","repository","confidence","forge_account_id","locations","vulnerability_type","file_hashes","is_false_positive","ttl_expires_at","cached_at","inserted_at","updated_at") VALUES ($1,$2,$3,$4,$5,$6,$7,$8,$9,$10,$11,$12,$13) ON CONFLICT ("cache_key") DO UPDATE SET "updated_at" = EXCLUDED."updated_at","inserted_at" = EXCLUDED."inserted_at","forge_account_id" = EXCLUDED."forge_account_id","invalidation_reason" = EXCLUDED."invalidation_reason","invalidated_at" = EXCLUDED."invalidated_at","ttl_expires_at" = EXCLUDED."ttl_expires_at","cached_at" = EXCLUDED."cached_at","full_result" = EXCLUDED."full_result","reason" = EXCLUDED."reason","confidence" = EXCLUDED."confidence","is_false_positive" = EXCLUDED."is_false_positive","file_hashes" = EXCLUDED."file_hashes","locations" = EXCLUDED."locations","vulnerability_type" = EXCLUDED."vulnerability_type","repository" = EXCLUDED."repository","cache_key" = EXCLUDED."cache_key" RETURNING "id","updated_at","inserted_at","forge_account_id","invalidation_reason","invalidated_at","ttl_expires_at","cached_at","full_result","reason","confidence","is_false_positive","file_hashes","locations","vulnerability_type","repository","cache_key" ["Bulk test 9", "15854/RSOLV-dev/large-repo/[file9.js:9]:xss", "RSOLV-dev/large-repo", Decimal.new("0.9"), 15854, [%{line: 9, file_path: "file9.js"}], "xss", %{"file9.js" => "sha256:9"}, true, ~U[2025-11-27 19:17:29.490895Z], ~U[2025-08-29 19:17:29.490895Z], ~U[2025-08-29 19:17:29.490927Z], ~U[2025-08-29 19:17:29.490927Z]]
13:17:29.491 [debug] Cached validation stored
13:17:29.491 [debug] QUERY OK source="cached_validations" db=0.0ms
INSERT INTO "cached_validations" ("reason","cache_key","repository","confidence","forge_account_id","locations","vulnerability_type","file_hashes","is_false_positive","ttl_expires_at","cached_at","inserted_at","updated_at") VALUES ($1,$2,$3,$4,$5,$6,$7,$8,$9,$10,$11,$12,$13) ON CONFLICT ("cache_key") DO UPDATE SET "updated_at" = EXCLUDED."updated_at","inserted_at" = EXCLUDED."inserted_at","forge_account_id" = EXCLUDED."forge_account_id","invalidation_reason" = EXCLUDED."invalidation_reason","invalidated_at" = EXCLUDED."invalidated_at","ttl_expires_at" = EXCLUDED."ttl_expires_at","cached_at" = EXCLUDED."cached_at","full_result" = EXCLUDED."full_result","reason" = EXCLUDED."reason","confidence" = EXCLUDED."confidence","is_false_positive" = EXCLUDED."is_false_positive","file_hashes" = EXCLUDED."file_hashes","locations" = EXCLUDED."locations","vulnerability_type" = EXCLUDED."vulnerability_type","repository" = EXCLUDED."repository","cache_key" = EXCLUDED."cache_key" RETURNING "id","updated_at","inserted_at","forge_account_id","invalidation_reason","invalidated_at","ttl_expires_at","cached_at","full_result","reason","confidence","is_false_positive","file_hashes","locations","vulnerability_type","repository","cache_key" ["Bulk test 10", "15854/RSOLV-dev/large-repo/[file10.js:10]:xss", "RSOLV-dev/large-repo", Decimal.new("0.9"), 15854, [%{line: 10, file_path: "file10.js"}], "xss", %{"file10.js" => "sha256:10"}, true, ~U[2025-11-27 19:17:29.491111Z], ~U[2025-08-29 19:17:29.491111Z], ~U[2025-08-29 19:17:29.491144Z], ~U[2025-08-29 19:17:29.491144Z]]
13:17:29.491 [debug] Cached validation stored
13:17:29.491 [debug] QUERY OK source="cached_validations" db=0.0ms
INSERT INTO "cached_validations" ("reason","cache_key","repository","confidence","forge_account_id","locations","vulnerability_type","file_hashes","is_false_positive","ttl_expires_at","cached_at","inserted_at","updated_at") VALUES ($1,$2,$3,$4,$5,$6,$7,$8,$9,$10,$11,$12,$13) ON CONFLICT ("cache_key") DO UPDATE SET "updated_at" = EXCLUDED."updated_at","inserted_at" = EXCLUDED."inserted_at","forge_account_id" = EXCLUDED."forge_account_id","invalidation_reason" = EXCLUDED."invalidation_reason","invalidated_at" = EXCLUDED."invalidated_at","ttl_expires_at" = EXCLUDED."ttl_expires_at","cached_at" = EXCLUDED."cached_at","full_result" = EXCLUDED."full_result","reason" = EXCLUDED."reason","confidence" = EXCLUDED."confidence","is_false_positive" = EXCLUDED."is_false_positive","file_hashes" = EXCLUDED."file_hashes","locations" = EXCLUDED."locations","vulnerability_type" = EXCLUDED."vulnerability_type","repository" = EXCLUDED."repository","cache_key" = EXCLUDED."cache_key" RETURNING "id","updated_at","inserted_at","forge_account_id","invalidation_reason","invalidated_at","ttl_expires_at","cached_at","full_result","reason","confidence","is_false_positive","file_hashes","locations","vulnerability_type","repository","cache_key" ["Bulk test 11", "15854/RSOLV-dev/large-repo/[file11.js:11]:xss", "RSOLV-dev/large-repo", Decimal.new("0.9"), 15854, [%{line: 11, file_path: "file11.js"}], "xss", %{"file11.js" => "sha256:11"}, true, ~U[2025-11-27 19:17:29.491285Z], ~U[2025-08-29 19:17:29.491285Z], ~U[2025-08-29 19:17:29.491306Z], ~U[2025-08-29 19:17:29.491306Z]]
13:17:29.491 [debug] Cached validation stored
13:17:29.491 [debug] QUERY OK source="cached_validations" db=0.0ms
INSERT INTO "cached_validations" ("reason","cache_key","repository","confidence","forge_account_id","locations","vulnerability_type","file_hashes","is_false_positive","ttl_expires_at","cached_at","inserted_at","updated_at") VALUES ($1,$2,$3,$4,$5,$6,$7,$8,$9,$10,$11,$12,$13) ON CONFLICT ("cache_key") DO UPDATE SET "updated_at" = EXCLUDED."updated_at","inserted_at" = EXCLUDED."inserted_at","forge_account_id" = EXCLUDED."forge_account_id","invalidation_reason" = EXCLUDED."invalidation_reason","invalidated_at" = EXCLUDED."invalidated_at","ttl_expires_at" = EXCLUDED."ttl_expires_at","cached_at" = EXCLUDED."cached_at","full_result" = EXCLUDED."full_result","reason" = EXCLUDED."reason","confidence" = EXCLUDED."confidence","is_false_positive" = EXCLUDED."is_false_positive","file_hashes" = EXCLUDED."file_hashes","locations" = EXCLUDED."locations","vulnerability_type" = EXCLUDED."vulnerability_type","repository" = EXCLUDED."repository","cache_key" = EXCLUDED."cache_key" RETURNING "id","updated_at","inserted_at","forge_account_id","invalidation_reason","invalidated_at","ttl_expires_at","cached_at","full_result","reason","confidence","is_false_positive","file_hashes","locations","vulnerability_type","repository","cache_key" ["Bulk test 12", "15854/RSOLV-dev/large-repo/[file12.js:12]:xss", "RSOLV-dev/large-repo", Decimal.new("0.9"), 15854, [%{line: 12, file_path: "file12.js"}], "xss", %{"file12.js" => "sha256:12"}, true, ~U[2025-11-27 19:17:29.491454Z], ~U[2025-08-29 19:17:29.491454Z], ~U[2025-08-29 19:17:29.491477Z], ~U[2025-08-29 19:17:29.491477Z]]
13:17:29.491 [debug] Cached validation stored
13:17:29.491 [debug] QUERY OK source="cached_validations" db=0.0ms
INSERT INTO "cached_validations" ("reason","cache_key","repository","confidence","forge_account_id","locations","vulnerability_type","file_hashes","is_false_positive","ttl_expires_at","cached_at","inserted_at","updated_at") VALUES ($1,$2,$3,$4,$5,$6,$7,$8,$9,$10,$11,$12,$13) ON CONFLICT ("cache_key") DO UPDATE SET "updated_at" = EXCLUDED."updated_at","inserted_at" = EXCLUDED."inserted_at","forge_account_id" = EXCLUDED."forge_account_id","invalidation_reason" = EXCLUDED."invalidation_reason","invalidated_at" = EXCLUDED."invalidated_at","ttl_expires_at" = EXCLUDED."ttl_expires_at","cached_at" = EXCLUDED."cached_at","full_result" = EXCLUDED."full_result","reason" = EXCLUDED."reason","confidence" = EXCLUDED."confidence","is_false_positive" = EXCLUDED."is_false_positive","file_hashes" = EXCLUDED."file_hashes","locations" = EXCLUDED."locations","vulnerability_type" = EXCLUDED."vulnerability_type","repository" = EXCLUDED."repository","cache_key" = EXCLUDED."cache_key" RETURNING "id","updated_at","inserted_at","forge_account_id","invalidation_reason","invalidated_at","ttl_expires_at","cached_at","full_result","reason","confidence","is_false_positive","file_hashes","locations","vulnerability_type","repository","cache_key" ["Bulk test 13", "15854/RSOLV-dev/large-repo/[file13.js:13]:xss", "RSOLV-dev/large-repo", Decimal.new("0.9"), 15854, [%{line: 13, file_path: "file13.js"}], "xss", %{"file13.js" => "sha256:13"}, true, ~U[2025-11-27 19:17:29.491605Z], ~U[2025-08-29 19:17:29.491605Z], ~U[2025-08-29 19:17:29.491625Z], ~U[2025-08-29 19:17:29.491625Z]]
13:17:29.491 [debug] Cached validation stored
13:17:29.491 [debug] QUERY OK source="cached_validations" db=0.0ms
INSERT INTO "cached_validations" ("reason","cache_key","repository","confidence","forge_account_id","locations","vulnerability_type","file_hashes","is_false_positive","ttl_expires_at","cached_at","inserted_at","updated_at") VALUES ($1,$2,$3,$4,$5,$6,$7,$8,$9,$10,$11,$12,$13) ON CONFLICT ("cache_key") DO UPDATE SET "updated_at" = EXCLUDED."updated_at","inserted_at" = EXCLUDED."inserted_at","forge_account_id" = EXCLUDED."forge_account_id","invalidation_reason" = EXCLUDED."invalidation_reason","invalidated_at" = EXCLUDED."invalidated_at","ttl_expires_at" = EXCLUDED."ttl_expires_at","cached_at" = EXCLUDED."cached_at","full_result" = EXCLUDED."full_result","reason" = EXCLUDED."reason","confidence" = EXCLUDED."confidence","is_false_positive" = EXCLUDED."is_false_positive","file_hashes" = EXCLUDED."file_hashes","locations" = EXCLUDED."locations","vulnerability_type" = EXCLUDED."vulnerability_type","repository" = EXCLUDED."repository","cache_key" = EXCLUDED."cache_key" RETURNING "id","updated_at","inserted_at","forge_account_id","invalidation_reason","invalidated_at","ttl_expires_at","cached_at","full_result","reason","confidence","is_false_positive","file_hashes","locations","vulnerability_type","repository","cache_key" ["Bulk test 14", "15854/RSOLV-dev/large-repo/[file14.js:14]:xss", "RSOLV-dev/large-repo", Decimal.new("0.9"), 15854, [%{line: 14, file_path: "file14.js"}], "xss", %{"file14.js" => "sha256:14"}, true, ~U[2025-11-27 19:17:29.491750Z], ~U[2025-08-29 19:17:29.491750Z], ~U[2025-08-29 19:17:29.491770Z], ~U[2025-08-29 19:17:29.491770Z]]
13:17:29.491 [debug] Cached validation stored
13:17:29.492 [debug] QUERY OK source="cached_validations" db=0.0ms
INSERT INTO "cached_validations" ("reason","cache_key","repository","confidence","forge_account_id","locations","vulnerability_type","file_hashes","is_false_positive","ttl_expires_at","cached_at","inserted_at","updated_at") VALUES ($1,$2,$3,$4,$5,$6,$7,$8,$9,$10,$11,$12,$13) ON CONFLICT ("cache_key") DO UPDATE SET "updated_at" = EXCLUDED."updated_at","inserted_at" = EXCLUDED."inserted_at","forge_account_id" = EXCLUDED."forge_account_id","invalidation_reason" = EXCLUDED."invalidation_reason","invalidated_at" = EXCLUDED."invalidated_at","ttl_expires_at" = EXCLUDED."ttl_expires_at","cached_at" = EXCLUDED."cached_at","full_result" = EXCLUDED."full_result","reason" = EXCLUDED."reason","confidence" = EXCLUDED."confidence","is_false_positive" = EXCLUDED."is_false_positive","file_hashes" = EXCLUDED."file_hashes","locations" = EXCLUDED."locations","vulnerability_type" = EXCLUDED."vulnerability_type","repository" = EXCLUDED."repository","cache_key" = EXCLUDED."cache_key" RETURNING "id","updated_at","inserted_at","forge_account_id","invalidation_reason","invalidated_at","ttl_expires_at","cached_at","full_result","reason","confidence","is_false_positive","file_hashes","locations","vulnerability_type","repository","cache_key" ["Bulk test 15", "15854/RSOLV-dev/large-repo/[file15.js:15]:xss", "RSOLV-dev/large-repo", Decimal.new("0.9"), 15854, [%{line: 15, file_path: "file15.js"}], "xss", %{"file15.js" => "sha256:15"}, true, ~U[2025-11-27 19:17:29.491884Z], ~U[2025-08-29 19:17:29.491884Z], ~U[2025-08-29 19:17:29.491919Z], ~U[2025-08-29 19:17:29.491919Z]]
13:17:29.492 [debug] Cached validation stored
13:17:29.492 [debug] QUERY OK source="cached_validations" db=0.0ms
INSERT INTO "cached_validations" ("reason","cache_key","repository","confidence","forge_account_id","locations","vulnerability_type","file_hashes","is_false_positive","ttl_expires_at","cached_at","inserted_at","updated_at") VALUES ($1,$2,$3,$4,$5,$6,$7,$8,$9,$10,$11,$12,$13) ON CONFLICT ("cache_key") DO UPDATE SET "updated_at" = EXCLUDED."updated_at","inserted_at" = EXCLUDED."inserted_at","forge_account_id" = EXCLUDED."forge_account_id","invalidation_reason" = EXCLUDED."invalidation_reason","invalidated_at" = EXCLUDED."invalidated_at","ttl_expires_at" = EXCLUDED."ttl_expires_at","cached_at" = EXCLUDED."cached_at","full_result" = EXCLUDED."full_result","reason" = EXCLUDED."reason","confidence" = EXCLUDED."confidence","is_false_positive" = EXCLUDED."is_false_positive","file_hashes" = EXCLUDED."file_hashes","locations" = EXCLUDED."locations","vulnerability_type" = EXCLUDED."vulnerability_type","repository" = EXCLUDED."repository","cache_key" = EXCLUDED."cache_key" RETURNING "id","updated_at","inserted_at","forge_account_id","invalidation_reason","invalidated_at","ttl_expires_at","cached_at","full_result","reason","confidence","is_false_positive","file_hashes","locations","vulnerability_type","repository","cache_key" ["Bulk test 16", "15854/RSOLV-dev/large-repo/[file16.js:16]:xss", "RSOLV-dev/large-repo", Decimal.new("0.9"), 15854, [%{line: 16, file_path: "file16.js"}], "xss", %{"file16.js" => "sha256:16"}, true, ~U[2025-11-27 19:17:29.492049Z], ~U[2025-08-29 19:17:29.492049Z], ~U[2025-08-29 19:17:29.492076Z], ~U[2025-08-29 19:17:29.492076Z]]
13:17:29.492 [debug] Cached validation stored
13:17:29.492 [debug] QUERY OK source="cached_validations" db=0.0ms
INSERT INTO "cached_validations" ("reason","cache_key","repository","confidence","forge_account_id","locations","vulnerability_type","file_hashes","is_false_positive","ttl_expires_at","cached_at","inserted_at","updated_at") VALUES ($1,$2,$3,$4,$5,$6,$7,$8,$9,$10,$11,$12,$13) ON CONFLICT ("cache_key") DO UPDATE SET "updated_at" = EXCLUDED."updated_at","inserted_at" = EXCLUDED."inserted_at","forge_account_id" = EXCLUDED."forge_account_id","invalidation_reason" = EXCLUDED."invalidation_reason","invalidated_at" = EXCLUDED."invalidated_at","ttl_expires_at" = EXCLUDED."ttl_expires_at","cached_at" = EXCLUDED."cached_at","full_result" = EXCLUDED."full_result","reason" = EXCLUDED."reason","confidence" = EXCLUDED."confidence","is_false_positive" = EXCLUDED."is_false_positive","file_hashes" = EXCLUDED."file_hashes","locations" = EXCLUDED."locations","vulnerability_type" = EXCLUDED."vulnerability_type","repository" = EXCLUDED."repository","cache_key" = EXCLUDED."cache_key" RETURNING "id","updated_at","inserted_at","forge_account_id","invalidation_reason","invalidated_at","ttl_expires_at","cached_at","full_result","reason","confidence","is_false_positive","file_hashes","locations","vulnerability_type","repository","cache_key" ["Bulk test 17", "15854/RSOLV-dev/large-repo/[file17.js:17]:xss", "RSOLV-dev/large-repo", Decimal.new("0.9"), 15854, [%{line: 17, file_path: "file17.js"}], "xss", %{"file17.js" => "sha256:17"}, true, ~U[2025-11-27 19:17:29.492200Z], ~U[2025-08-29 19:17:29.492200Z], ~U[2025-08-29 19:17:29.492220Z], ~U[2025-08-29 19:17:29.492220Z]]
13:17:29.492 [debug] Cached validation stored
13:17:29.492 [debug] QUERY OK source="cached_validations" db=0.0ms
INSERT INTO "cached_validations" ("reason","cache_key","repository","confidence","forge_account_id","locations","vulnerability_type","file_hashes","is_false_positive","ttl_expires_at","cached_at","inserted_at","updated_at") VALUES ($1,$2,$3,$4,$5,$6,$7,$8,$9,$10,$11,$12,$13) ON CONFLICT ("cache_key") DO UPDATE SET "updated_at" = EXCLUDED."updated_at","inserted_at" = EXCLUDED."inserted_at","forge_account_id" = EXCLUDED."forge_account_id","invalidation_reason" = EXCLUDED."invalidation_reason","invalidated_at" = EXCLUDED."invalidated_at","ttl_expires_at" = EXCLUDED."ttl_expires_at","cached_at" = EXCLUDED."cached_at","full_result" = EXCLUDED."full_result","reason" = EXCLUDED."reason","confidence" = EXCLUDED."confidence","is_false_positive" = EXCLUDED."is_false_positive","file_hashes" = EXCLUDED."file_hashes","locations" = EXCLUDED."locations","vulnerability_type" = EXCLUDED."vulnerability_type","repository" = EXCLUDED."repository","cache_key" = EXCLUDED."cache_key" RETURNING "id","updated_at","inserted_at","forge_account_id","invalidation_reason","invalidated_at","ttl_expires_at","cached_at","full_result","reason","confidence","is_false_positive","file_hashes","locations","vulnerability_type","repository","cache_key" ["Bulk test 18", "15854/RSOLV-dev/large-repo/[file18.js:18]:xss", "RSOLV-dev/large-repo", Decimal.new("0.9"), 15854, [%{line: 18, file_path: "file18.js"}], "xss", %{"file18.js" => "sha256:18"}, true, ~U[2025-11-27 19:17:29.492363Z], ~U[2025-08-29 19:17:29.492363Z], ~U[2025-08-29 19:17:29.492393Z], ~U[2025-08-29 19:17:29.492393Z]]
13:17:29.492 [debug] Cached validation stored
13:17:29.492 [debug] QUERY OK source="cached_validations" db=0.0ms
INSERT INTO "cached_validations" ("reason","cache_key","repository","confidence","forge_account_id","locations","vulnerability_type","file_hashes","is_false_positive","ttl_expires_at","cached_at","inserted_at","updated_at") VALUES ($1,$2,$3,$4,$5,$6,$7,$8,$9,$10,$11,$12,$13) ON CONFLICT ("cache_key") DO UPDATE SET "updated_at" = EXCLUDED."updated_at","inserted_at" = EXCLUDED."inserted_at","forge_account_id" = EXCLUDED."forge_account_id","invalidation_reason" = EXCLUDED."invalidation_reason","invalidated_at" = EXCLUDED."invalidated_at","ttl_expires_at" = EXCLUDED."ttl_expires_at","cached_at" = EXCLUDED."cached_at","full_result" = EXCLUDED."full_result","reason" = EXCLUDED."reason","confidence" = EXCLUDED."confidence","is_false_positive" = EXCLUDED."is_false_positive","file_hashes" = EXCLUDED."file_hashes","locations" = EXCLUDED."locations","vulnerability_type" = EXCLUDED."vulnerability_type","repository" = EXCLUDED."repository","cache_key" = EXCLUDED."cache_key" RETURNING "id","updated_at","inserted_at","forge_account_id","invalidation_reason","invalidated_at","ttl_expires_at","cached_at","full_result","reason","confidence","is_false_positive","file_hashes","locations","vulnerability_type","repository","cache_key" ["Bulk test 19", "15854/RSOLV-dev/large-repo/[file19.js:19]:xss", "RSOLV-dev/large-repo", Decimal.new("0.9"), 15854, [%{line: 19, file_path: "file19.js"}], "xss", %{"file19.js" => "sha256:19"}, true, ~U[2025-11-27 19:17:29.492511Z], ~U[2025-08-29 19:17:29.492511Z], ~U[2025-08-29 19:17:29.492530Z], ~U[2025-08-29 19:17:29.492530Z]]
13:17:29.492 [debug] Cached validation stored
13:17:29.492 [debug] QUERY OK source="cached_validations" db=0.0ms
INSERT INTO "cached_validations" ("reason","cache_key","repository","confidence","forge_account_id","locations","vulnerability_type","file_hashes","is_false_positive","ttl_expires_at","cached_at","inserted_at","updated_at") VALUES ($1,$2,$3,$4,$5,$6,$7,$8,$9,$10,$11,$12,$13) ON CONFLICT ("cache_key") DO UPDATE SET "updated_at" = EXCLUDED."updated_at","inserted_at" = EXCLUDED."inserted_at","forge_account_id" = EXCLUDED."forge_account_id","invalidation_reason" = EXCLUDED."invalidation_reason","invalidated_at" = EXCLUDED."invalidated_at","ttl_expires_at" = EXCLUDED."ttl_expires_at","cached_at" = EXCLUDED."cached_at","full_result" = EXCLUDED."full_result","reason" = EXCLUDED."reason","confidence" = EXCLUDED."confidence","is_false_positive" = EXCLUDED."is_false_positive","file_hashes" = EXCLUDED."file_hashes","locations" = EXCLUDED."locations","vulnerability_type" = EXCLUDED."vulnerability_type","repository" = EXCLUDED."repository","cache_key" = EXCLUDED."cache_key" RETURNING "id","updated_at","inserted_at","forge_account_id","invalidation_reason","invalidated_at","ttl_expires_at","cached_at","full_result","reason","confidence","is_false_positive","file_hashes","locations","vulnerability_type","repository","cache_key" ["Bulk test 20", "15854/RSOLV-dev/large-repo/[file20.js:20]:xss", "RSOLV-dev/large-repo", Decimal.new("0.9"), 15854, [%{line: 20, file_path: "file20.js"}], "xss", %{"file20.js" => "sha256:20"}, true, ~U[2025-11-27 19:17:29.492653Z], ~U[2025-08-29 19:17:29.492653Z], ~U[2025-08-29 19:17:29.492680Z], ~U[2025-08-29 19:17:29.492680Z]]
13:17:29.492 [debug] Cached validation stored
13:17:29.492 [debug] QUERY OK source="cached_validations" db=0.0ms
INSERT INTO "cached_validations" ("reason","cache_key","repository","confidence","forge_account_id","locations","vulnerability_type","file_hashes","is_false_positive","ttl_expires_at","cached_at","inserted_at","updated_at") VALUES ($1,$2,$3,$4,$5,$6,$7,$8,$9,$10,$11,$12,$13) ON CONFLICT ("cache_key") DO UPDATE SET "updated_at" = EXCLUDED."updated_at","inserted_at" = EXCLUDED."inserted_at","forge_account_id" = EXCLUDED."forge_account_id","invalidation_reason" = EXCLUDED."invalidation_reason","invalidated_at" = EXCLUDED."invalidated_at","ttl_expires_at" = EXCLUDED."ttl_expires_at","cached_at" = EXCLUDED."cached_at","full_result" = EXCLUDED."full_result","reason" = EXCLUDED."reason","confidence" = EXCLUDED."confidence","is_false_positive" = EXCLUDED."is_false_positive","file_hashes" = EXCLUDED."file_hashes","locations" = EXCLUDED."locations","vulnerability_type" = EXCLUDED."vulnerability_type","repository" = EXCLUDED."repository","cache_key" = EXCLUDED."cache_key" RETURNING "id","updated_at","inserted_at","forge_account_id","invalidation_reason","invalidated_at","ttl_expires_at","cached_at","full_result","reason","confidence","is_false_positive","file_hashes","locations","vulnerability_type","repository","cache_key" ["Bulk test 21", "15854/RSOLV-dev/large-repo/[file21.js:21]:xss", "RSOLV-dev/large-repo", Decimal.new("0.9"), 15854, [%{line: 21, file_path: "file21.js"}], "xss", %{"file21.js" => "sha256:21"}, true, ~U[2025-11-27 19:17:29.492792Z], ~U[2025-08-29 19:17:29.492792Z], ~U[2025-08-29 19:17:29.492818Z], ~U[2025-08-29 19:17:29.492818Z]]
13:17:29.492 [debug] Cached validation stored
13:17:29.493 [debug] QUERY OK source="cached_validations" db=0.0ms
INSERT INTO "cached_validations" ("reason","cache_key","repository","confidence","forge_account_id","locations","vulnerability_type","file_hashes","is_false_positive","ttl_expires_at","cached_at","inserted_at","updated_at") VALUES ($1,$2,$3,$4,$5,$6,$7,$8,$9,$10,$11,$12,$13) ON CONFLICT ("cache_key") DO UPDATE SET "updated_at" = EXCLUDED."updated_at","inserted_at" = EXCLUDED."inserted_at","forge_account_id" = EXCLUDED."forge_account_id","invalidation_reason" = EXCLUDED."invalidation_reason","invalidated_at" = EXCLUDED."invalidated_at","ttl_expires_at" = EXCLUDED."ttl_expires_at","cached_at" = EXCLUDED."cached_at","full_result" = EXCLUDED."full_result","reason" = EXCLUDED."reason","confidence" = EXCLUDED."confidence","is_false_positive" = EXCLUDED."is_false_positive","file_hashes" = EXCLUDED."file_hashes","locations" = EXCLUDED."locations","vulnerability_type" = EXCLUDED."vulnerability_type","repository" = EXCLUDED."repository","cache_key" = EXCLUDED."cache_key" RETURNING "id","updated_at","inserted_at","forge_account_id","invalidation_reason","invalidated_at","ttl_expires_at","cached_at","full_result","reason","confidence","is_false_positive","file_hashes","locations","vulnerability_type","repository","cache_key" ["Bulk test 22", "15854/RSOLV-dev/large-repo/[file22.js:22]:xss", "RSOLV-dev/large-repo", Decimal.new("0.9"), 15854, [%{line: 22, file_path: "file22.js"}], "xss", %{"file22.js" => "sha256:22"}, true, ~U[2025-11-27 19:17:29.492949Z], ~U[2025-08-29 19:17:29.492949Z], ~U[2025-08-29 19:17:29.492971Z], ~U[2025-08-29 19:17:29.492971Z]]
13:17:29.493 [debug] Cached validation stored
13:17:29.493 [debug] QUERY OK source="cached_validations" db=0.0ms
INSERT INTO "cached_validations" ("reason","cache_key","repository","confidence","forge_account_id","locations","vulnerability_type","file_hashes","is_false_positive","ttl_expires_at","cached_at","inserted_at","updated_at") VALUES ($1,$2,$3,$4,$5,$6,$7,$8,$9,$10,$11,$12,$13) ON CONFLICT ("cache_key") DO UPDATE SET "updated_at" = EXCLUDED."updated_at","inserted_at" = EXCLUDED."inserted_at","forge_account_id" = EXCLUDED."forge_account_id","invalidation_reason" = EXCLUDED."invalidation_reason","invalidated_at" = EXCLUDED."invalidated_at","ttl_expires_at" = EXCLUDED."ttl_expires_at","cached_at" = EXCLUDED."cached_at","full_result" = EXCLUDED."full_result","reason" = EXCLUDED."reason","confidence" = EXCLUDED."confidence","is_false_positive" = EXCLUDED."is_false_positive","file_hashes" = EXCLUDED."file_hashes","locations" = EXCLUDED."locations","vulnerability_type" = EXCLUDED."vulnerability_type","repository" = EXCLUDED."repository","cache_key" = EXCLUDED."cache_key" RETURNING "id","updated_at","inserted_at","forge_account_id","invalidation_reason","invalidated_at","ttl_expires_at","cached_at","full_result","reason","confidence","is_false_positive","file_hashes","locations","vulnerability_type","repository","cache_key" ["Bulk test 23", "15854/RSOLV-dev/large-repo/[file23.js:23]:xss", "RSOLV-dev/large-repo", Decimal.new("0.9"), 15854, [%{line: 23, file_path: "file23.js"}], "xss", %{"file23.js" => "sha256:23"}, true, ~U[2025-11-27 19:17:29.493100Z], ~U[2025-08-29 19:17:29.493100Z], ~U[2025-08-29 19:17:29.493128Z], ~U[2025-08-29 19:17:29.493128Z]]
13:17:29.493 [debug] Cached validation stored
13:17:29.493 [debug] QUERY OK source="cached_validations" db=0.0ms
INSERT INTO "cached_validations" ("reason","cache_key","repository","confidence","forge_account_id","locations","vulnerability_type","file_hashes","is_false_positive","ttl_expires_at","cached_at","inserted_at","updated_at") VALUES ($1,$2,$3,$4,$5,$6,$7,$8,$9,$10,$11,$12,$13) ON CONFLICT ("cache_key") DO UPDATE SET "updated_at" = EXCLUDED."updated_at","inserted_at" = EXCLUDED."inserted_at","forge_account_id" = EXCLUDED."forge_account_id","invalidation_reason" = EXCLUDED."invalidation_reason","invalidated_at" = EXCLUDED."invalidated_at","ttl_expires_at" = EXCLUDED."ttl_expires_at","cached_at" = EXCLUDED."cached_at","full_result" = EXCLUDED."full_result","reason" = EXCLUDED."reason","confidence" = EXCLUDED."confidence","is_false_positive" = EXCLUDED."is_false_positive","file_hashes" = EXCLUDED."file_hashes","locations" = EXCLUDED."locations","vulnerability_type" = EXCLUDED."vulnerability_type","repository" = EXCLUDED."repository","cache_key" = EXCLUDED."cache_key" RETURNING "id","updated_at","inserted_at","forge_account_id","invalidation_reason","invalidated_at","ttl_expires_at","cached_at","full_result","reason","confidence","is_false_positive","file_hashes","locations","vulnerability_type","repository","cache_key" ["Bulk test 24", "15854/RSOLV-dev/large-repo/[file24.js:24]:xss", "RSOLV-dev/large-repo", Decimal.new("0.9"), 15854, [%{line: 24, file_path: "file24.js"}], "xss", %{"file24.js" => "sha256:24"}, true, ~U[2025-11-27 19:17:29.493256Z], ~U[2025-08-29 19:17:29.493256Z], ~U[2025-08-29 19:17:29.493277Z], ~U[2025-08-29 19:17:29.493277Z]]
13:17:29.493 [debug] Cached validation stored
13:17:29.493 [debug] QUERY OK source="cached_validations" db=0.0ms
INSERT INTO "cached_validations" ("reason","cache_key","repository","confidence","forge_account_id","locations","vulnerability_type","file_hashes","is_false_positive","ttl_expires_at","cached_at","inserted_at","updated_at") VALUES ($1,$2,$3,$4,$5,$6,$7,$8,$9,$10,$11,$12,$13) ON CONFLICT ("cache_key") DO UPDATE SET "updated_at" = EXCLUDED."updated_at","inserted_at" = EXCLUDED."inserted_at","forge_account_id" = EXCLUDED."forge_account_id","invalidation_reason" = EXCLUDED."invalidation_reason","invalidated_at" = EXCLUDED."invalidated_at","ttl_expires_at" = EXCLUDED."ttl_expires_at","cached_at" = EXCLUDED."cached_at","full_result" = EXCLUDED."full_result","reason" = EXCLUDED."reason","confidence" = EXCLUDED."confidence","is_false_positive" = EXCLUDED."is_false_positive","file_hashes" = EXCLUDED."file_hashes","locations" = EXCLUDED."locations","vulnerability_type" = EXCLUDED."vulnerability_type","repository" = EXCLUDED."repository","cache_key" = EXCLUDED."cache_key" RETURNING "id","updated_at","inserted_at","forge_account_id","invalidation_reason","invalidated_at","ttl_expires_at","cached_at","full_result","reason","confidence","is_false_positive","file_hashes","locations","vulnerability_type","repository","cache_key" ["Bulk test 25", "15854/RSOLV-dev/large-repo/[file25.js:25]:xss", "RSOLV-dev/large-repo", Decimal.new("0.9"), 15854, [%{line: 25, file_path: "file25.js"}], "xss", %{"file25.js" => "sha256:25"}, true, ~U[2025-11-27 19:17:29.493397Z], ~U[2025-08-29 19:17:29.493397Z], ~U[2025-08-29 19:17:29.493419Z], ~U[2025-08-29 19:17:29.493419Z]]
13:17:29.493 [debug] Cached validation stored
13:17:29.493 [debug] QUERY OK source="cached_validations" db=0.0ms
INSERT INTO "cached_validations" ("reason","cache_key","repository","confidence","forge_account_id","locations","vulnerability_type","file_hashes","is_false_positive","ttl_expires_at","cached_at","inserted_at","updated_at") VALUES ($1,$2,$3,$4,$5,$6,$7,$8,$9,$10,$11,$12,$13) ON CONFLICT ("cache_key") DO UPDATE SET "updated_at" = EXCLUDED."updated_at","inserted_at" = EXCLUDED."inserted_at","forge_account_id" = EXCLUDED."forge_account_id","invalidation_reason" = EXCLUDED."invalidation_reason","invalidated_at" = EXCLUDED."invalidated_at","ttl_expires_at" = EXCLUDED."ttl_expires_at","cached_at" = EXCLUDED."cached_at","full_result" = EXCLUDED."full_result","reason" = EXCLUDED."reason","confidence" = EXCLUDED."confidence","is_false_positive" = EXCLUDED."is_false_positive","file_hashes" = EXCLUDED."file_hashes","locations" = EXCLUDED."locations","vulnerability_type" = EXCLUDED."vulnerability_type","repository" = EXCLUDED."repository","cache_key" = EXCLUDED."cache_key" RETURNING "id","updated_at","inserted_at","forge_account_id","invalidation_reason","invalidated_at","ttl_expires_at","cached_at","full_result","reason","confidence","is_false_positive","file_hashes","locations","vulnerability_type","repository","cache_key" ["Bulk test 26", "15854/RSOLV-dev/large-repo/[file26.js:26]:xss", "RSOLV-dev/large-repo", Decimal.new("0.9"), 15854, [%{line: 26, file_path: "file26.js"}], "xss", %{"file26.js" => "sha256:26"}, true, ~U[2025-11-27 19:17:29.493527Z], ~U[2025-08-29 19:17:29.493527Z], ~U[2025-08-29 19:17:29.493549Z], ~U[2025-08-29 19:17:29.493549Z]]
13:17:29.493 [debug] Cached validation stored
13:17:29.493 [debug] QUERY OK source="cached_validations" db=0.0ms
INSERT INTO "cached_validations" ("reason","cache_key","repository","confidence","forge_account_id","locations","vulnerability_type","file_hashes","is_false_positive","ttl_expires_at","cached_at","inserted_at","updated_at") VALUES ($1,$2,$3,$4,$5,$6,$7,$8,$9,$10,$11,$12,$13) ON CONFLICT ("cache_key") DO UPDATE SET "updated_at" = EXCLUDED."updated_at","inserted_at" = EXCLUDED."inserted_at","forge_account_id" = EXCLUDED."forge_account_id","invalidation_reason" = EXCLUDED."invalidation_reason","invalidated_at" = EXCLUDED."invalidated_at","ttl_expires_at" = EXCLUDED."ttl_expires_at","cached_at" = EXCLUDED."cached_at","full_result" = EXCLUDED."full_result","reason" = EXCLUDED."reason","confidence" = EXCLUDED."confidence","is_false_positive" = EXCLUDED."is_false_positive","file_hashes" = EXCLUDED."file_hashes","locations" = EXCLUDED."locations","vulnerability_type" = EXCLUDED."vulnerability_type","repository" = EXCLUDED."repository","cache_key" = EXCLUDED."cache_key" RETURNING "id","updated_at","inserted_at","forge_account_id","invalidation_reason","invalidated_at","ttl_expires_at","cached_at","full_result","reason","confidence","is_false_positive","file_hashes","locations","vulnerability_type","repository","cache_key" ["Bulk test 27", "15854/RSOLV-dev/large-repo/[file27.js:27]:xss", "RSOLV-dev/large-repo", Decimal.new("0.9"), 15854, [%{line: 27, file_path: "file27.js"}], "xss", %{"file27.js" => "sha256:27"}, true, ~U[2025-11-27 19:17:29.493658Z], ~U[2025-08-29 19:17:29.493658Z], ~U[2025-08-29 19:17:29.493683Z], ~U[2025-08-29 19:17:29.493683Z]]
13:17:29.493 [debug] Cached validation stored
13:17:29.493 [debug] QUERY OK source="cached_validations" db=0.0ms
INSERT INTO "cached_validations" ("reason","cache_key","repository","confidence","forge_account_id","locations","vulnerability_type","file_hashes","is_false_positive","ttl_expires_at","cached_at","inserted_at","updated_at") VALUES ($1,$2,$3,$4,$5,$6,$7,$8,$9,$10,$11,$12,$13) ON CONFLICT ("cache_key") DO UPDATE SET "updated_at" = EXCLUDED."updated_at","inserted_at" = EXCLUDED."inserted_at","forge_account_id" = EXCLUDED."forge_account_id","invalidation_reason" = EXCLUDED."invalidation_reason","invalidated_at" = EXCLUDED."invalidated_at","ttl_expires_at" = EXCLUDED."ttl_expires_at","cached_at" = EXCLUDED."cached_at","full_result" = EXCLUDED."full_result","reason" = EXCLUDED."reason","confidence" = EXCLUDED."confidence","is_false_positive" = EXCLUDED."is_false_positive","file_hashes" = EXCLUDED."file_hashes","locations" = EXCLUDED."locations","vulnerability_type" = EXCLUDED."vulnerability_type","repository" = EXCLUDED."repository","cache_key" = EXCLUDED."cache_key" RETURNING "id","updated_at","inserted_at","forge_account_id","invalidation_reason","invalidated_at","ttl_expires_at","cached_at","full_result","reason","confidence","is_false_positive","file_hashes","locations","vulnerability_type","repository","cache_key" ["Bulk test 28", "15854/RSOLV-dev/large-repo/[file28.js:28]:xss", "RSOLV-dev/large-repo", Decimal.new("0.9"), 15854, [%{line: 28, file_path: "file28.js"}], "xss", %{"file28.js" => "sha256:28"}, true, ~U[2025-11-27 19:17:29.493800Z], ~U[2025-08-29 19:17:29.493800Z], ~U[2025-08-29 19:17:29.493819Z], ~U[2025-08-29 19:17:29.493819Z]]
13:17:29.493 [debug] Cached validation stored
13:17:29.494 [debug] QUERY OK source="cached_validations" db=0.0ms
INSERT INTO "cached_validations" ("reason","cache_key","repository","confidence","forge_account_id","locations","vulnerability_type","file_hashes","is_false_positive","ttl_expires_at","cached_at","inserted_at","updated_at") VALUES ($1,$2,$3,$4,$5,$6,$7,$8,$9,$10,$11,$12,$13) ON CONFLICT ("cache_key") DO UPDATE SET "updated_at" = EXCLUDED."updated_at","inserted_at" = EXCLUDED."inserted_at","forge_account_id" = EXCLUDED."forge_account_id","invalidation_reason" = EXCLUDED."invalidation_reason","invalidated_at" = EXCLUDED."invalidated_at","ttl_expires_at" = EXCLUDED."ttl_expires_at","cached_at" = EXCLUDED."cached_at","full_result" = EXCLUDED."full_result","reason" = EXCLUDED."reason","confidence" = EXCLUDED."confidence","is_false_positive" = EXCLUDED."is_false_positive","file_hashes" = EXCLUDED."file_hashes","locations" = EXCLUDED."locations","vulnerability_type" = EXCLUDED."vulnerability_type","repository" = EXCLUDED."repository","cache_key" = EXCLUDED."cache_key" RETURNING "id","updated_at","inserted_at","forge_account_id","invalidation_reason","invalidated_at","ttl_expires_at","cached_at","full_result","reason","confidence","is_false_positive","file_hashes","locations","vulnerability_type","repository","cache_key" ["Bulk test 29", "15854/RSOLV-dev/large-repo/[file29.js:29]:xss", "RSOLV-dev/large-repo", Decimal.new("0.9"), 15854, [%{line: 29, file_path: "file29.js"}], "xss", %{"file29.js" => "sha256:29"}, true, ~U[2025-11-27 19:17:29.493936Z], ~U[2025-08-29 19:17:29.493936Z], ~U[2025-08-29 19:17:29.493960Z], ~U[2025-08-29 19:17:29.493960Z]]
13:17:29.494 [debug] Cached validation stored
13:17:29.494 [debug] QUERY OK source="cached_validations" db=0.0ms
INSERT INTO "cached_validations" ("reason","cache_key","repository","confidence","forge_account_id","locations","vulnerability_type","file_hashes","is_false_positive","ttl_expires_at","cached_at","inserted_at","updated_at") VALUES ($1,$2,$3,$4,$5,$6,$7,$8,$9,$10,$11,$12,$13) ON CONFLICT ("cache_key") DO UPDATE SET "updated_at" = EXCLUDED."updated_at","inserted_at" = EXCLUDED."inserted_at","forge_account_id" = EXCLUDED."forge_account_id","invalidation_reason" = EXCLUDED."invalidation_reason","invalidated_at" = EXCLUDED."invalidated_at","ttl_expires_at" = EXCLUDED."ttl_expires_at","cached_at" = EXCLUDED."cached_at","full_result" = EXCLUDED."full_result","reason" = EXCLUDED."reason","confidence" = EXCLUDED."confidence","is_false_positive" = EXCLUDED."is_false_positive","file_hashes" = EXCLUDED."file_hashes","locations" = EXCLUDED."locations","vulnerability_type" = EXCLUDED."vulnerability_type","repository" = EXCLUDED."repository","cache_key" = EXCLUDED."cache_key" RETURNING "id","updated_at","inserted_at","forge_account_id","invalidation_reason","invalidated_at","ttl_expires_at","cached_at","full_result","reason","confidence","is_false_positive","file_hashes","locations","vulnerability_type","repository","cache_key" ["Bulk test 30", "15854/RSOLV-dev/large-repo/[file30.js:30]:xss", "RSOLV-dev/large-repo", Decimal.new("0.9"), 15854, [%{line: 30, file_path: "file30.js"}], "xss", %{"file30.js" => "sha256:30"}, true, ~U[2025-11-27 19:17:29.494075Z], ~U[2025-08-29 19:17:29.494075Z], ~U[2025-08-29 19:17:29.494093Z], ~U[2025-08-29 19:17:29.494093Z]]
13:17:29.494 [debug] Cached validation stored
13:17:29.494 [debug] QUERY OK source="cached_validations" db=0.0ms
INSERT INTO "cached_validations" ("reason","cache_key","repository","confidence","forge_account_id","locations","vulnerability_type","file_hashes","is_false_positive","ttl_expires_at","cached_at","inserted_at","updated_at") VALUES ($1,$2,$3,$4,$5,$6,$7,$8,$9,$10,$11,$12,$13) ON CONFLICT ("cache_key") DO UPDATE SET "updated_at" = EXCLUDED."updated_at","inserted_at" = EXCLUDED."inserted_at","forge_account_id" = EXCLUDED."forge_account_id","invalidation_reason" = EXCLUDED."invalidation_reason","invalidated_at" = EXCLUDED."invalidated_at","ttl_expires_at" = EXCLUDED."ttl_expires_at","cached_at" = EXCLUDED."cached_at","full_result" = EXCLUDED."full_result","reason" = EXCLUDED."reason","confidence" = EXCLUDED."confidence","is_false_positive" = EXCLUDED."is_false_positive","file_hashes" = EXCLUDED."file_hashes","locations" = EXCLUDED."locations","vulnerability_type" = EXCLUDED."vulnerability_type","repository" = EXCLUDED."repository","cache_key" = EXCLUDED."cache_key" RETURNING "id","updated_at","inserted_at","forge_account_id","invalidation_reason","invalidated_at","ttl_expires_at","cached_at","full_result","reason","confidence","is_false_positive","file_hashes","locations","vulnerability_type","repository","cache_key" ["Bulk test 31", "15854/RSOLV-dev/large-repo/[file31.js:31]:xss", "RSOLV-dev/large-repo", Decimal.new("0.9"), 15854, [%{line: 31, file_path: "file31.js"}], "xss", %{"file31.js" => "sha256:31"}, true, ~U[2025-11-27 19:17:29.494204Z], ~U[2025-08-29 19:17:29.494204Z], ~U[2025-08-29 19:17:29.494226Z], ~U[2025-08-29 19:17:29.494226Z]]
13:17:29.494 [debug] Cached validation stored
13:17:29.494 [debug] QUERY OK source="cached_validations" db=0.0ms
INSERT INTO "cached_validations" ("reason","cache_key","repository","confidence","forge_account_id","locations","vulnerability_type","file_hashes","is_false_positive","ttl_expires_at","cached_at","inserted_at","updated_at") VALUES ($1,$2,$3,$4,$5,$6,$7,$8,$9,$10,$11,$12,$13) ON CONFLICT ("cache_key") DO UPDATE SET "updated_at" = EXCLUDED."updated_at","inserted_at" = EXCLUDED."inserted_at","forge_account_id" = EXCLUDED."forge_account_id","invalidation_reason" = EXCLUDED."invalidation_reason","invalidated_at" = EXCLUDED."invalidated_at","ttl_expires_at" = EXCLUDED."ttl_expires_at","cached_at" = EXCLUDED."cached_at","full_result" = EXCLUDED."full_result","reason" = EXCLUDED."reason","confidence" = EXCLUDED."confidence","is_false_positive" = EXCLUDED."is_false_positive","file_hashes" = EXCLUDED."file_hashes","locations" = EXCLUDED."locations","vulnerability_type" = EXCLUDED."vulnerability_type","repository" = EXCLUDED."repository","cache_key" = EXCLUDED."cache_key" RETURNING "id","updated_at","inserted_at","forge_account_id","invalidation_reason","invalidated_at","ttl_expires_at","cached_at","full_result","reason","confidence","is_false_positive","file_hashes","locations","vulnerability_type","repository","cache_key" ["Bulk test 32", "15854/RSOLV-dev/large-repo/[file32.js:32]:xss", "RSOLV-dev/large-repo", Decimal.new("0.9"), 15854, [%{line: 32, file_path: "file32.js"}], "xss", %{"file32.js" => "sha256:32"}, true, ~U[2025-11-27 19:17:29.494337Z], ~U[2025-08-29 19:17:29.494337Z], ~U[2025-08-29 19:17:29.494363Z], ~U[2025-08-29 19:17:29.494363Z]]
13:17:29.494 [debug] Cached validation stored
13:17:29.494 [debug] QUERY OK source="cached_validations" db=0.0ms
INSERT INTO "cached_validations" ("reason","cache_key","repository","confidence","forge_account_id","locations","vulnerability_type","file_hashes","is_false_positive","ttl_expires_at","cached_at","inserted_at","updated_at") VALUES ($1,$2,$3,$4,$5,$6,$7,$8,$9,$10,$11,$12,$13) ON CONFLICT ("cache_key") DO UPDATE SET "updated_at" = EXCLUDED."updated_at","inserted_at" = EXCLUDED."inserted_at","forge_account_id" = EXCLUDED."forge_account_id","invalidation_reason" = EXCLUDED."invalidation_reason","invalidated_at" = EXCLUDED."invalidated_at","ttl_expires_at" = EXCLUDED."ttl_expires_at","cached_at" = EXCLUDED."cached_at","full_result" = EXCLUDED."full_result","reason" = EXCLUDED."reason","confidence" = EXCLUDED."confidence","is_false_positive" = EXCLUDED."is_false_positive","file_hashes" = EXCLUDED."file_hashes","locations" = EXCLUDED."locations","vulnerability_type" = EXCLUDED."vulnerability_type","repository" = EXCLUDED."repository","cache_key" = EXCLUDED."cache_key" RETURNING "id","updated_at","inserted_at","forge_account_id","invalidation_reason","invalidated_at","ttl_expires_at","cached_at","full_result","reason","confidence","is_false_positive","file_hashes","locations","vulnerability_type","repository","cache_key" ["Bulk test 33", "15854/RSOLV-dev/large-repo/[file33.js:33]:xss", "RSOLV-dev/large-repo", Decimal.new("0.9"), 15854, [%{line: 33, file_path: "file33.js"}], "xss", %{"file33.js" => "sha256:33"}, true, ~U[2025-11-27 19:17:29.494476Z], ~U[2025-08-29 19:17:29.494476Z], ~U[2025-08-29 19:17:29.494496Z], ~U[2025-08-29 19:17:29.494496Z]]
13:17:29.494 [debug] Cached validation stored
13:17:29.494 [debug] QUERY OK source="cached_validations" db=0.0ms
INSERT INTO "cached_validations" ("reason","cache_key","repository","confidence","forge_account_id","locations","vulnerability_type","file_hashes","is_false_positive","ttl_expires_at","cached_at","inserted_at","updated_at") VALUES ($1,$2,$3,$4,$5,$6,$7,$8,$9,$10,$11,$12,$13) ON CONFLICT ("cache_key") DO UPDATE SET "updated_at" = EXCLUDED."updated_at","inserted_at" = EXCLUDED."inserted_at","forge_account_id" = EXCLUDED."forge_account_id","invalidation_reason" = EXCLUDED."invalidation_reason","invalidated_at" = EXCLUDED."invalidated_at","ttl_expires_at" = EXCLUDED."ttl_expires_at","cached_at" = EXCLUDED."cached_at","full_result" = EXCLUDED."full_result","reason" = EXCLUDED."reason","confidence" = EXCLUDED."confidence","is_false_positive" = EXCLUDED."is_false_positive","file_hashes" = EXCLUDED."file_hashes","locations" = EXCLUDED."locations","vulnerability_type" = EXCLUDED."vulnerability_type","repository" = EXCLUDED."repository","cache_key" = EXCLUDED."cache_key" RETURNING "id","updated_at","inserted_at","forge_account_id","invalidation_reason","invalidated_at","ttl_expires_at","cached_at","full_result","reason","confidence","is_false_positive","file_hashes","locations","vulnerability_type","repository","cache_key" ["Bulk test 34", "15854/RSOLV-dev/large-repo/[file34.js:34]:xss", "RSOLV-dev/large-repo", Decimal.new("0.9"), 15854, [%{line: 34, file_path: "file34.js"}], "xss", %{"file34.js" => "sha256:34"}, true, ~U[2025-11-27 19:17:29.494621Z], ~U[2025-08-29 19:17:29.494621Z], ~U[2025-08-29 19:17:29.494639Z], ~U[2025-08-29 19:17:29.494639Z]]
13:17:29.494 [debug] Cached validation stored
13:17:29.494 [debug] QUERY OK source="cached_validations" db=0.0ms
INSERT INTO "cached_validations" ("reason","cache_key","repository","confidence","forge_account_id","locations","vulnerability_type","file_hashes","is_false_positive","ttl_expires_at","cached_at","inserted_at","updated_at") VALUES ($1,$2,$3,$4,$5,$6,$7,$8,$9,$10,$11,$12,$13) ON CONFLICT ("cache_key") DO UPDATE SET "updated_at" = EXCLUDED."updated_at","inserted_at" = EXCLUDED."inserted_at","forge_account_id" = EXCLUDED."forge_account_id","invalidation_reason" = EXCLUDED."invalidation_reason","invalidated_at" = EXCLUDED."invalidated_at","ttl_expires_at" = EXCLUDED."ttl_expires_at","cached_at" = EXCLUDED."cached_at","full_result" = EXCLUDED."full_result","reason" = EXCLUDED."reason","confidence" = EXCLUDED."confidence","is_false_positive" = EXCLUDED."is_false_positive","file_hashes" = EXCLUDED."file_hashes","locations" = EXCLUDED."locations","vulnerability_type" = EXCLUDED."vulnerability_type","repository" = EXCLUDED."repository","cache_key" = EXCLUDED."cache_key" RETURNING "id","updated_at","inserted_at","forge_account_id","invalidation_reason","invalidated_at","ttl_expires_at","cached_at","full_result","reason","confidence","is_false_positive","file_hashes","locations","vulnerability_type","repository","cache_key" ["Bulk test 35", "15854/RSOLV-dev/large-repo/[file35.js:35]:xss", "RSOLV-dev/large-repo", Decimal.new("0.9"), 15854, [%{line: 35, file_path: "file35.js"}], "xss", %{"file35.js" => "sha256:35"}, true, ~U[2025-11-27 19:17:29.494759Z], ~U[2025-08-29 19:17:29.494759Z], ~U[2025-08-29 19:17:29.494780Z], ~U[2025-08-29 19:17:29.494780Z]]
13:17:29.494 [debug] Cached validation stored
13:17:29.495 [debug] QUERY OK source="cached_validations" db=0.0ms
INSERT INTO "cached_validations" ("reason","cache_key","repository","confidence","forge_account_id","locations","vulnerability_type","file_hashes","is_false_positive","ttl_expires_at","cached_at","inserted_at","updated_at") VALUES ($1,$2,$3,$4,$5,$6,$7,$8,$9,$10,$11,$12,$13) ON CONFLICT ("cache_key") DO UPDATE SET "updated_at" = EXCLUDED."updated_at","inserted_at" = EXCLUDED."inserted_at","forge_account_id" = EXCLUDED."forge_account_id","invalidation_reason" = EXCLUDED."invalidation_reason","invalidated_at" = EXCLUDED."invalidated_at","ttl_expires_at" = EXCLUDED."ttl_expires_at","cached_at" = EXCLUDED."cached_at","full_result" = EXCLUDED."full_result","reason" = EXCLUDED."reason","confidence" = EXCLUDED."confidence","is_false_positive" = EXCLUDED."is_false_positive","file_hashes" = EXCLUDED."file_hashes","locations" = EXCLUDED."locations","vulnerability_type" = EXCLUDED."vulnerability_type","repository" = EXCLUDED."repository","cache_key" = EXCLUDED."cache_key" RETURNING "id","updated_at","inserted_at","forge_account_id","invalidation_reason","invalidated_at","ttl_expires_at","cached_at","full_result","reason","confidence","is_false_positive","file_hashes","locations","vulnerability_type","repository","cache_key" ["Bulk test 36", "15854/RSOLV-dev/large-repo/[file36.js:36]:xss", "RSOLV-dev/large-repo", Decimal.new("0.9"), 15854, [%{line: 36, file_path: "file36.js"}], "xss", %{"file36.js" => "sha256:36"}, true, ~U[2025-11-27 19:17:29.494906Z], ~U[2025-08-29 19:17:29.494906Z], ~U[2025-08-29 19:17:29.494930Z], ~U[2025-08-29 19:17:29.494930Z]]
13:17:29.495 [debug] Cached validation stored
13:17:29.495 [debug] QUERY OK source="cached_validations" db=0.0ms
INSERT INTO "cached_validations" ("reason","cache_key","repository","confidence","forge_account_id","locations","vulnerability_type","file_hashes","is_false_positive","ttl_expires_at","cached_at","inserted_at","updated_at") VALUES ($1,$2,$3,$4,$5,$6,$7,$8,$9,$10,$11,$12,$13) ON CONFLICT ("cache_key") DO UPDATE SET "updated_at" = EXCLUDED."updated_at","inserted_at" = EXCLUDED."inserted_at","forge_account_id" = EXCLUDED."forge_account_id","invalidation_reason" = EXCLUDED."invalidation_reason","invalidated_at" = EXCLUDED."invalidated_at","ttl_expires_at" = EXCLUDED."ttl_expires_at","cached_at" = EXCLUDED."cached_at","full_result" = EXCLUDED."full_result","reason" = EXCLUDED."reason","confidence" = EXCLUDED."confidence","is_false_positive" = EXCLUDED."is_false_positive","file_hashes" = EXCLUDED."file_hashes","locations" = EXCLUDED."locations","vulnerability_type" = EXCLUDED."vulnerability_type","repository" = EXCLUDED."repository","cache_key" = EXCLUDED."cache_key" RETURNING "id","updated_at","inserted_at","forge_account_id","invalidation_reason","invalidated_at","ttl_expires_at","cached_at","full_result","reason","confidence","is_false_positive","file_hashes","locations","vulnerability_type","repository","cache_key" ["Bulk test 37", "15854/RSOLV-dev/large-repo/[file37.js:37]:xss", "RSOLV-dev/large-repo", Decimal.new("0.9"), 15854, [%{line: 37, file_path: "file37.js"}], "xss", %{"file37.js" => "sha256:37"}, true, ~U[2025-11-27 19:17:29.495054Z], ~U[2025-08-29 19:17:29.495054Z], ~U[2025-08-29 19:17:29.495075Z], ~U[2025-08-29 19:17:29.495075Z]]
13:17:29.495 [debug] Cached validation stored
13:17:29.495 [debug] QUERY OK source="cached_validations" db=0.0ms
INSERT INTO "cached_validations" ("reason","cache_key","repository","confidence","forge_account_id","locations","vulnerability_type","file_hashes","is_false_positive","ttl_expires_at","cached_at","inserted_at","updated_at") VALUES ($1,$2,$3,$4,$5,$6,$7,$8,$9,$10,$11,$12,$13) ON CONFLICT ("cache_key") DO UPDATE SET "updated_at" = EXCLUDED."updated_at","inserted_at" = EXCLUDED."inserted_at","forge_account_id" = EXCLUDED."forge_account_id","invalidation_reason" = EXCLUDED."invalidation_reason","invalidated_at" = EXCLUDED."invalidated_at","ttl_expires_at" = EXCLUDED."ttl_expires_at","cached_at" = EXCLUDED."cached_at","full_result" = EXCLUDED."full_result","reason" = EXCLUDED."reason","confidence" = EXCLUDED."confidence","is_false_positive" = EXCLUDED."is_false_positive","file_hashes" = EXCLUDED."file_hashes","locations" = EXCLUDED."locations","vulnerability_type" = EXCLUDED."vulnerability_type","repository" = EXCLUDED."repository","cache_key" = EXCLUDED."cache_key" RETURNING "id","updated_at","inserted_at","forge_account_id","invalidation_reason","invalidated_at","ttl_expires_at","cached_at","full_result","reason","confidence","is_false_positive","file_hashes","locations","vulnerability_type","repository","cache_key" ["Bulk test 38", "15854/RSOLV-dev/large-repo/[file38.js:38]:xss", "RSOLV-dev/large-repo", Decimal.new("0.9"), 15854, [%{line: 38, file_path: "file38.js"}], "xss", %{"file38.js" => "sha256:38"}, true, ~U[2025-11-27 19:17:29.495185Z], ~U[2025-08-29 19:17:29.495185Z], ~U[2025-08-29 19:17:29.495207Z], ~U[2025-08-29 19:17:29.495207Z]]
13:17:29.495 [debug] Cached validation stored
13:17:29.495 [debug] QUERY OK source="cached_validations" db=0.0ms
INSERT INTO "cached_validations" ("reason","cache_key","repository","confidence","forge_account_id","locations","vulnerability_type","file_hashes","is_false_positive","ttl_expires_at","cached_at","inserted_at","updated_at") VALUES ($1,$2,$3,$4,$5,$6,$7,$8,$9,$10,$11,$12,$13) ON CONFLICT ("cache_key") DO UPDATE SET "updated_at" = EXCLUDED."updated_at","inserted_at" = EXCLUDED."inserted_at","forge_account_id" = EXCLUDED."forge_account_id","invalidation_reason" = EXCLUDED."invalidation_reason","invalidated_at" = EXCLUDED."invalidated_at","ttl_expires_at" = EXCLUDED."ttl_expires_at","cached_at" = EXCLUDED."cached_at","full_result" = EXCLUDED."full_result","reason" = EXCLUDED."reason","confidence" = EXCLUDED."confidence","is_false_positive" = EXCLUDED."is_false_positive","file_hashes" = EXCLUDED."file_hashes","locations" = EXCLUDED."locations","vulnerability_type" = EXCLUDED."vulnerability_type","repository" = EXCLUDED."repository","cache_key" = EXCLUDED."cache_key" RETURNING "id","updated_at","inserted_at","forge_account_id","invalidation_reason","invalidated_at","ttl_expires_at","cached_at","full_result","reason","confidence","is_false_positive","file_hashes","locations","vulnerability_type","repository","cache_key" ["Bulk test 39", "15854/RSOLV-dev/large-repo/[file39.js:39]:xss", "RSOLV-dev/large-repo", Decimal.new("0.9"), 15854, [%{line: 39, file_path: "file39.js"}], "xss", %{"file39.js" => "sha256:39"}, true, ~U[2025-11-27 19:17:29.495318Z], ~U[2025-08-29 19:17:29.495318Z], ~U[2025-08-29 19:17:29.495340Z], ~U[2025-08-29 19:17:29.495340Z]]
13:17:29.495 [debug] Cached validation stored
13:17:29.495 [debug] QUERY OK source="cached_validations" db=0.0ms
INSERT INTO "cached_validations" ("reason","cache_key","repository","confidence","forge_account_id","locations","vulnerability_type","file_hashes","is_false_positive","ttl_expires_at","cached_at","inserted_at","updated_at") VALUES ($1,$2,$3,$4,$5,$6,$7,$8,$9,$10,$11,$12,$13) ON CONFLICT ("cache_key") DO UPDATE SET "updated_at" = EXCLUDED."updated_at","inserted_at" = EXCLUDED."inserted_at","forge_account_id" = EXCLUDED."forge_account_id","invalidation_reason" = EXCLUDED."invalidation_reason","invalidated_at" = EXCLUDED."invalidated_at","ttl_expires_at" = EXCLUDED."ttl_expires_at","cached_at" = EXCLUDED."cached_at","full_result" = EXCLUDED."full_result","reason" = EXCLUDED."reason","confidence" = EXCLUDED."confidence","is_false_positive" = EXCLUDED."is_false_positive","file_hashes" = EXCLUDED."file_hashes","locations" = EXCLUDED."locations","vulnerability_type" = EXCLUDED."vulnerability_type","repository" = EXCLUDED."repository","cache_key" = EXCLUDED."cache_key" RETURNING "id","updated_at","inserted_at","forge_account_id","invalidation_reason","invalidated_at","ttl_expires_at","cached_at","full_result","reason","confidence","is_false_positive","file_hashes","locations","vulnerability_type","repository","cache_key" ["Bulk test 40", "15854/RSOLV-dev/large-repo/[file40.js:40]:xss", "RSOLV-dev/large-repo", Decimal.new("0.9"), 15854, [%{line: 40, file_path: "file40.js"}], "xss", %{"file40.js" => "sha256:40"}, true, ~U[2025-11-27 19:17:29.495444Z], ~U[2025-08-29 19:17:29.495444Z], ~U[2025-08-29 19:17:29.495467Z], ~U[2025-08-29 19:17:29.495467Z]]
13:17:29.495 [debug] Cached validation stored
13:17:29.495 [debug] QUERY OK source="cached_validations" db=0.0ms
INSERT INTO "cached_validations" ("reason","cache_key","repository","confidence","forge_account_id","locations","vulnerability_type","file_hashes","is_false_positive","ttl_expires_at","cached_at","inserted_at","updated_at") VALUES ($1,$2,$3,$4,$5,$6,$7,$8,$9,$10,$11,$12,$13) ON CONFLICT ("cache_key") DO UPDATE SET "updated_at" = EXCLUDED."updated_at","inserted_at" = EXCLUDED."inserted_at","forge_account_id" = EXCLUDED."forge_account_id","invalidation_reason" = EXCLUDED."invalidation_reason","invalidated_at" = EXCLUDED."invalidated_at","ttl_expires_at" = EXCLUDED."ttl_expires_at","cached_at" = EXCLUDED."cached_at","full_result" = EXCLUDED."full_result","reason" = EXCLUDED."reason","confidence" = EXCLUDED."confidence","is_false_positive" = EXCLUDED."is_false_positive","file_hashes" = EXCLUDED."file_hashes","locations" = EXCLUDED."locations","vulnerability_type" = EXCLUDED."vulnerability_type","repository" = EXCLUDED."repository","cache_key" = EXCLUDED."cache_key" RETURNING "id","updated_at","inserted_at","forge_account_id","invalidation_reason","invalidated_at","ttl_expires_at","cached_at","full_result","reason","confidence","is_false_positive","file_hashes","locations","vulnerability_type","repository","cache_key" ["Bulk test 41", "15854/RSOLV-dev/large-repo/[file41.js:41]:xss", "RSOLV-dev/large-repo", Decimal.new("0.9"), 15854, [%{line: 41, file_path: "file41.js"}], "xss", %{"file41.js" => "sha256:41"}, true, ~U[2025-11-27 19:17:29.495581Z], ~U[2025-08-29 19:17:29.495581Z], ~U[2025-08-29 19:17:29.495602Z], ~U[2025-08-29 19:17:29.495602Z]]
13:17:29.495 [debug] Cached validation stored
13:17:29.495 [debug] QUERY OK source="cached_validations" db=0.0ms
INSERT INTO "cached_validations" ("reason","cache_key","repository","confidence","forge_account_id","locations","vulnerability_type","file_hashes","is_false_positive","ttl_expires_at","cached_at","inserted_at","updated_at") VALUES ($1,$2,$3,$4,$5,$6,$7,$8,$9,$10,$11,$12,$13) ON CONFLICT ("cache_key") DO UPDATE SET "updated_at" = EXCLUDED."updated_at","inserted_at" = EXCLUDED."inserted_at","forge_account_id" = EXCLUDED."forge_account_id","invalidation_reason" = EXCLUDED."invalidation_reason","invalidated_at" = EXCLUDED."invalidated_at","ttl_expires_at" = EXCLUDED."ttl_expires_at","cached_at" = EXCLUDED."cached_at","full_result" = EXCLUDED."full_result","reason" = EXCLUDED."reason","confidence" = EXCLUDED."confidence","is_false_positive" = EXCLUDED."is_false_positive","file_hashes" = EXCLUDED."file_hashes","locations" = EXCLUDED."locations","vulnerability_type" = EXCLUDED."vulnerability_type","repository" = EXCLUDED."repository","cache_key" = EXCLUDED."cache_key" RETURNING "id","updated_at","inserted_at","forge_account_id","invalidation_reason","invalidated_at","ttl_expires_at","cached_at","full_result","reason","confidence","is_false_positive","file_hashes","locations","vulnerability_type","repository","cache_key" ["Bulk test 42", "15854/RSOLV-dev/large-repo/[file42.js:42]:xss", "RSOLV-dev/large-repo", Decimal.new("0.9"), 15854, [%{line: 42, file_path: "file42.js"}], "xss", %{"file42.js" => "sha256:42"}, true, ~U[2025-11-27 19:17:29.495722Z], ~U[2025-08-29 19:17:29.495722Z], ~U[2025-08-29 19:17:29.495743Z], ~U[2025-08-29 19:17:29.495743Z]]
13:17:29.495 [debug] Cached validation stored
13:17:29.495 [debug] QUERY OK source="cached_validations" db=0.0ms
INSERT INTO "cached_validations" ("reason","cache_key","repository","confidence","forge_account_id","locations","vulnerability_type","file_hashes","is_false_positive","ttl_expires_at","cached_at","inserted_at","updated_at") VALUES ($1,$2,$3,$4,$5,$6,$7,$8,$9,$10,$11,$12,$13) ON CONFLICT ("cache_key") DO UPDATE SET "updated_at" = EXCLUDED."updated_at","inserted_at" = EXCLUDED."inserted_at","forge_account_id" = EXCLUDED."forge_account_id","invalidation_reason" = EXCLUDED."invalidation_reason","invalidated_at" = EXCLUDED."invalidated_at","ttl_expires_at" = EXCLUDED."ttl_expires_at","cached_at" = EXCLUDED."cached_at","full_result" = EXCLUDED."full_result","reason" = EXCLUDED."reason","confidence" = EXCLUDED."confidence","is_false_positive" = EXCLUDED."is_false_positive","file_hashes" = EXCLUDED."file_hashes","locations" = EXCLUDED."locations","vulnerability_type" = EXCLUDED."vulnerability_type","repository" = EXCLUDED."repository","cache_key" = EXCLUDED."cache_key" RETURNING "id","updated_at","inserted_at","forge_account_id","invalidation_reason","invalidated_at","ttl_expires_at","cached_at","full_result","reason","confidence","is_false_positive","file_hashes","locations","vulnerability_type","repository","cache_key" ["Bulk test 43", "15854/RSOLV-dev/large-repo/[file43.js:43]:xss", "RSOLV-dev/large-repo", Decimal.new("0.9"), 15854, [%{line: 43, file_path: "file43.js"}], "xss", %{"file43.js" => "sha256:43"}, true, ~U[2025-11-27 19:17:29.495853Z], ~U[2025-08-29 19:17:29.495853Z], ~U[2025-08-29 19:17:29.495873Z], ~U[2025-08-29 19:17:29.495873Z]]
13:17:29.496 [debug] Cached validation stored
13:17:29.496 [debug] QUERY OK source="cached_validations" db=0.0ms
INSERT INTO "cached_validations" ("reason","cache_key","repository","confidence","forge_account_id","locations","vulnerability_type","file_hashes","is_false_positive","ttl_expires_at","cached_at","inserted_at","updated_at") VALUES ($1,$2,$3,$4,$5,$6,$7,$8,$9,$10,$11,$12,$13) ON CONFLICT ("cache_key") DO UPDATE SET "updated_at" = EXCLUDED."updated_at","inserted_at" = EXCLUDED."inserted_at","forge_account_id" = EXCLUDED."forge_account_id","invalidation_reason" = EXCLUDED."invalidation_reason","invalidated_at" = EXCLUDED."invalidated_at","ttl_expires_at" = EXCLUDED."ttl_expires_at","cached_at" = EXCLUDED."cached_at","full_result" = EXCLUDED."full_result","reason" = EXCLUDED."reason","confidence" = EXCLUDED."confidence","is_false_positive" = EXCLUDED."is_false_positive","file_hashes" = EXCLUDED."file_hashes","locations" = EXCLUDED."locations","vulnerability_type" = EXCLUDED."vulnerability_type","repository" = EXCLUDED."repository","cache_key" = EXCLUDED."cache_key" RETURNING "id","updated_at","inserted_at","forge_account_id","invalidation_reason","invalidated_at","ttl_expires_at","cached_at","full_result","reason","confidence","is_false_positive","file_hashes","locations","vulnerability_type","repository","cache_key" ["Bulk test 44", "15854/RSOLV-dev/large-repo/[file44.js:44]:xss", "RSOLV-dev/large-repo", Decimal.new("0.9"), 15854, [%{line: 44, file_path: "file44.js"}], "xss", %{"file44.js" => "sha256:44"}, true, ~U[2025-11-27 19:17:29.496012Z], ~U[2025-08-29 19:17:29.496012Z], ~U[2025-08-29 19:17:29.496045Z], ~U[2025-08-29 19:17:29.496045Z]]
13:17:29.496 [debug] Cached validation stored
13:17:29.496 [debug] QUERY OK source="cached_validations" db=0.0ms
INSERT INTO "cached_validations" ("reason","cache_key","repository","confidence","forge_account_id","locations","vulnerability_type","file_hashes","is_false_positive","ttl_expires_at","cached_at","inserted_at","updated_at") VALUES ($1,$2,$3,$4,$5,$6,$7,$8,$9,$10,$11,$12,$13) ON CONFLICT ("cache_key") DO UPDATE SET "updated_at" = EXCLUDED."updated_at","inserted_at" = EXCLUDED."inserted_at","forge_account_id" = EXCLUDED."forge_account_id","invalidation_reason" = EXCLUDED."invalidation_reason","invalidated_at" = EXCLUDED."invalidated_at","ttl_expires_at" = EXCLUDED."ttl_expires_at","cached_at" = EXCLUDED."cached_at","full_result" = EXCLUDED."full_result","reason" = EXCLUDED."reason","confidence" = EXCLUDED."confidence","is_false_positive" = EXCLUDED."is_false_positive","file_hashes" = EXCLUDED."file_hashes","locations" = EXCLUDED."locations","vulnerability_type" = EXCLUDED."vulnerability_type","repository" = EXCLUDED."repository","cache_key" = EXCLUDED."cache_key" RETURNING "id","updated_at","inserted_at","forge_account_id","invalidation_reason","invalidated_at","ttl_expires_at","cached_at","full_result","reason","confidence","is_false_positive","file_hashes","locations","vulnerability_type","repository","cache_key" ["Bulk test 45", "15854/RSOLV-dev/large-repo/[file45.js:45]:xss", "RSOLV-dev/large-repo", Decimal.new("0.9"), 15854, [%{line: 45, file_path: "file45.js"}], "xss", %{"file45.js" => "sha256:45"}, true, ~U[2025-11-27 19:17:29.496175Z], ~U[2025-08-29 19:17:29.496175Z], ~U[2025-08-29 19:17:29.496200Z], ~U[2025-08-29 19:17:29.496200Z]]
13:17:29.496 [debug] Cached validation stored
13:17:29.496 [debug] QUERY OK source="cached_validations" db=0.0ms
INSERT INTO "cached_validations" ("reason","cache_key","repository","confidence","forge_account_id","locations","vulnerability_type","file_hashes","is_false_positive","ttl_expires_at","cached_at","inserted_at","updated_at") VALUES ($1,$2,$3,$4,$5,$6,$7,$8,$9,$10,$11,$12,$13) ON CONFLICT ("cache_key") DO UPDATE SET "updated_at" = EXCLUDED."updated_at","inserted_at" = EXCLUDED."inserted_at","forge_account_id" = EXCLUDED."forge_account_id","invalidation_reason" = EXCLUDED."invalidation_reason","invalidated_at" = EXCLUDED."invalidated_at","ttl_expires_at" = EXCLUDED."ttl_expires_at","cached_at" = EXCLUDED."cached_at","full_result" = EXCLUDED."full_result","reason" = EXCLUDED."reason","confidence" = EXCLUDED."confidence","is_false_positive" = EXCLUDED."is_false_positive","file_hashes" = EXCLUDED."file_hashes","locations" = EXCLUDED."locations","vulnerability_type" = EXCLUDED."vulnerability_type","repository" = EXCLUDED."repository","cache_key" = EXCLUDED."cache_key" RETURNING "id","updated_at","inserted_at","forge_account_id","invalidation_reason","invalidated_at","ttl_expires_at","cached_at","full_result","reason","confidence","is_false_positive","file_hashes","locations","vulnerability_type","repository","cache_key" ["Bulk test 46", "15854/RSOLV-dev/large-repo/[file46.js:46]:xss", "RSOLV-dev/large-repo", Decimal.new("0.9"), 15854, [%{line: 46, file_path: "file46.js"}], "xss", %{"file46.js" => "sha256:46"}, true, ~U[2025-11-27 19:17:29.496325Z], ~U[2025-08-29 19:17:29.496325Z], ~U[2025-08-29 19:17:29.496347Z], ~U[2025-08-29 19:17:29.496347Z]]
13:17:29.496 [debug] Cached validation stored
13:17:29.496 [debug] QUERY OK source="cached_validations" db=0.0ms
INSERT INTO "cached_validations" ("reason","cache_key","repository","confidence","forge_account_id","locations","vulnerability_type","file_hashes","is_false_positive","ttl_expires_at","cached_at","inserted_at","updated_at") VALUES ($1,$2,$3,$4,$5,$6,$7,$8,$9,$10,$11,$12,$13) ON CONFLICT ("cache_key") DO UPDATE SET "updated_at" = EXCLUDED."updated_at","inserted_at" = EXCLUDED."inserted_at","forge_account_id" = EXCLUDED."forge_account_id","invalidation_reason" = EXCLUDED."invalidation_reason","invalidated_at" = EXCLUDED."invalidated_at","ttl_expires_at" = EXCLUDED."ttl_expires_at","cached_at" = EXCLUDED."cached_at","full_result" = EXCLUDED."full_result","reason" = EXCLUDED."reason","confidence" = EXCLUDED."confidence","is_false_positive" = EXCLUDED."is_false_positive","file_hashes" = EXCLUDED."file_hashes","locations" = EXCLUDED."locations","vulnerability_type" = EXCLUDED."vulnerability_type","repository" = EXCLUDED."repository","cache_key" = EXCLUDED."cache_key" RETURNING "id","updated_at","inserted_at","forge_account_id","invalidation_reason","invalidated_at","ttl_expires_at","cached_at","full_result","reason","confidence","is_false_positive","file_hashes","locations","vulnerability_type","repository","cache_key" ["Bulk test 47", "15854/RSOLV-dev/large-repo/[file47.js:47]:xss", "RSOLV-dev/large-repo", Decimal.new("0.9"), 15854, [%{line: 47, file_path: "file47.js"}], "xss", %{"file47.js" => "sha256:47"}, true, ~U[2025-11-27 19:17:29.496460Z], ~U[2025-08-29 19:17:29.496460Z], ~U[2025-08-29 19:17:29.496485Z], ~U[2025-08-29 19:17:29.496485Z]]
13:17:29.496 [debug] Cached validation stored
13:17:29.496 [debug] QUERY OK source="cached_validations" db=0.0ms
INSERT INTO "cached_validations" ("reason","cache_key","repository","confidence","forge_account_id","locations","vulnerability_type","file_hashes","is_false_positive","ttl_expires_at","cached_at","inserted_at","updated_at") VALUES ($1,$2,$3,$4,$5,$6,$7,$8,$9,$10,$11,$12,$13) ON CONFLICT ("cache_key") DO UPDATE SET "updated_at" = EXCLUDED."updated_at","inserted_at" = EXCLUDED."inserted_at","forge_account_id" = EXCLUDED."forge_account_id","invalidation_reason" = EXCLUDED."invalidation_reason","invalidated_at" = EXCLUDED."invalidated_at","ttl_expires_at" = EXCLUDED."ttl_expires_at","cached_at" = EXCLUDED."cached_at","full_result" = EXCLUDED."full_result","reason" = EXCLUDED."reason","confidence" = EXCLUDED."confidence","is_false_positive" = EXCLUDED."is_false_positive","file_hashes" = EXCLUDED."file_hashes","locations" = EXCLUDED."locations","vulnerability_type" = EXCLUDED."vulnerability_type","repository" = EXCLUDED."repository","cache_key" = EXCLUDED."cache_key" RETURNING "id","updated_at","inserted_at","forge_account_id","invalidation_reason","invalidated_at","ttl_expires_at","cached_at","full_result","reason","confidence","is_false_positive","file_hashes","locations","vulnerability_type","repository","cache_key" ["Bulk test 48", "15854/RSOLV-dev/large-repo/[file48.js:48]:xss", "RSOLV-dev/large-repo", Decimal.new("0.9"), 15854, [%{line: 48, file_path: "file48.js"}], "xss", %{"file48.js" => "sha256:48"}, true, ~U[2025-11-27 19:17:29.496604Z], ~U[2025-08-29 19:17:29.496604Z], ~U[2025-08-29 19:17:29.496631Z], ~U[2025-08-29 19:17:29.496631Z]]
13:17:29.496 [debug] Cached validation stored
13:17:29.496 [debug] QUERY OK source="cached_validations" db=0.0ms
INSERT INTO "cached_validations" ("reason","cache_key","repository","confidence","forge_account_id","locations","vulnerability_type","file_hashes","is_false_positive","ttl_expires_at","cached_at","inserted_at","updated_at") VALUES ($1,$2,$3,$4,$5,$6,$7,$8,$9,$10,$11,$12,$13) ON CONFLICT ("cache_key") DO UPDATE SET "updated_at" = EXCLUDED."updated_at","inserted_at" = EXCLUDED."inserted_at","forge_account_id" = EXCLUDED."forge_account_id","invalidation_reason" = EXCLUDED."invalidation_reason","invalidated_at" = EXCLUDED."invalidated_at","ttl_expires_at" = EXCLUDED."ttl_expires_at","cached_at" = EXCLUDED."cached_at","full_result" = EXCLUDED."full_result","reason" = EXCLUDED."reason","confidence" = EXCLUDED."confidence","is_false_positive" = EXCLUDED."is_false_positive","file_hashes" = EXCLUDED."file_hashes","locations" = EXCLUDED."locations","vulnerability_type" = EXCLUDED."vulnerability_type","repository" = EXCLUDED."repository","cache_key" = EXCLUDED."cache_key" RETURNING "id","updated_at","inserted_at","forge_account_id","invalidation_reason","invalidated_at","ttl_expires_at","cached_at","full_result","reason","confidence","is_false_positive","file_hashes","locations","vulnerability_type","repository","cache_key" ["Bulk test 49", "15854/RSOLV-dev/large-repo/[file49.js:49]:xss", "RSOLV-dev/large-repo", Decimal.new("0.9"), 15854, [%{line: 49, file_path: "file49.js"}], "xss", %{"file49.js" => "sha256:49"}, true, ~U[2025-11-27 19:17:29.496771Z], ~U[2025-08-29 19:17:29.496771Z], ~U[2025-08-29 19:17:29.496799Z], ~U[2025-08-29 19:17:29.496799Z]]
13:17:29.496 [debug] Cached validation stored
13:17:29.497 [debug] QUERY OK source="cached_validations" db=0.0ms
INSERT INTO "cached_validations" ("reason","cache_key","repository","confidence","forge_account_id","locations","vulnerability_type","file_hashes","is_false_positive","ttl_expires_at","cached_at","inserted_at","updated_at") VALUES ($1,$2,$3,$4,$5,$6,$7,$8,$9,$10,$11,$12,$13) ON CONFLICT ("cache_key") DO UPDATE SET "updated_at" = EXCLUDED."updated_at","inserted_at" = EXCLUDED."inserted_at","forge_account_id" = EXCLUDED."forge_account_id","invalidation_reason" = EXCLUDED."invalidation_reason","invalidated_at" = EXCLUDED."invalidated_at","ttl_expires_at" = EXCLUDED."ttl_expires_at","cached_at" = EXCLUDED."cached_at","full_result" = EXCLUDED."full_result","reason" = EXCLUDED."reason","confidence" = EXCLUDED."confidence","is_false_positive" = EXCLUDED."is_false_positive","file_hashes" = EXCLUDED."file_hashes","locations" = EXCLUDED."locations","vulnerability_type" = EXCLUDED."vulnerability_type","repository" = EXCLUDED."repository","cache_key" = EXCLUDED."cache_key" RETURNING "id","updated_at","inserted_at","forge_account_id","invalidation_reason","invalidated_at","ttl_expires_at","cached_at","full_result","reason","confidence","is_false_positive","file_hashes","locations","vulnerability_type","repository","cache_key" ["Bulk test 50", "15854/RSOLV-dev/large-repo/[file50.js:50]:xss", "RSOLV-dev/large-repo", Decimal.new("0.9"), 15854, [%{line: 50, file_path: "file50.js"}], "xss", %{"file50.js" => "sha256:50"}, true, ~U[2025-11-27 19:17:29.496955Z], ~U[2025-08-29 19:17:29.496955Z], ~U[2025-08-29 19:17:29.496982Z], ~U[2025-08-29 19:17:29.496982Z]]
13:17:29.497 [debug] Cached validation stored
13:17:29.497 [debug] QUERY OK source="cached_validations" db=0.0ms
INSERT INTO "cached_validations" ("reason","cache_key","repository","confidence","forge_account_id","locations","vulnerability_type","file_hashes","is_false_positive","ttl_expires_at","cached_at","inserted_at","updated_at") VALUES ($1,$2,$3,$4,$5,$6,$7,$8,$9,$10,$11,$12,$13) ON CONFLICT ("cache_key") DO UPDATE SET "updated_at" = EXCLUDED."updated_at","inserted_at" = EXCLUDED."inserted_at","forge_account_id" = EXCLUDED."forge_account_id","invalidation_reason" = EXCLUDED."invalidation_reason","invalidated_at" = EXCLUDED."invalidated_at","ttl_expires_at" = EXCLUDED."ttl_expires_at","cached_at" = EXCLUDED."cached_at","full_result" = EXCLUDED."full_result","reason" = EXCLUDED."reason","confidence" = EXCLUDED."confidence","is_false_positive" = EXCLUDED."is_false_positive","file_hashes" = EXCLUDED."file_hashes","locations" = EXCLUDED."locations","vulnerability_type" = EXCLUDED."vulnerability_type","repository" = EXCLUDED."repository","cache_key" = EXCLUDED."cache_key" RETURNING "id","updated_at","inserted_at","forge_account_id","invalidation_reason","invalidated_at","ttl_expires_at","cached_at","full_result","reason","confidence","is_false_positive","file_hashes","locations","vulnerability_type","repository","cache_key" ["Bulk test 51", "15854/RSOLV-dev/large-repo/[file51.js:51]:xss", "RSOLV-dev/large-repo", Decimal.new("0.9"), 15854, [%{line: 51, file_path: "file51.js"}], "xss", %{"file51.js" => "sha256:51"}, true, ~U[2025-11-27 19:17:29.497120Z], ~U[2025-08-29 19:17:29.497120Z], ~U[2025-08-29 19:17:29.497144Z], ~U[2025-08-29 19:17:29.497144Z]]
13:17:29.497 [debug] Cached validation stored
13:17:29.497 [debug] QUERY OK source="cached_validations" db=0.0ms
INSERT INTO "cached_validations" ("reason","cache_key","repository","confidence","forge_account_id","locations","vulnerability_type","file_hashes","is_false_positive","ttl_expires_at","cached_at","inserted_at","updated_at") VALUES ($1,$2,$3,$4,$5,$6,$7,$8,$9,$10,$11,$12,$13) ON CONFLICT ("cache_key") DO UPDATE SET "updated_at" = EXCLUDED."updated_at","inserted_at" = EXCLUDED."inserted_at","forge_account_id" = EXCLUDED."forge_account_id","invalidation_reason" = EXCLUDED."invalidation_reason","invalidated_at" = EXCLUDED."invalidated_at","ttl_expires_at" = EXCLUDED."ttl_expires_at","cached_at" = EXCLUDED."cached_at","full_result" = EXCLUDED."full_result","reason" = EXCLUDED."reason","confidence" = EXCLUDED."confidence","is_false_positive" = EXCLUDED."is_false_positive","file_hashes" = EXCLUDED."file_hashes","locations" = EXCLUDED."locations","vulnerability_type" = EXCLUDED."vulnerability_type","repository" = EXCLUDED."repository","cache_key" = EXCLUDED."cache_key" RETURNING "id","updated_at","inserted_at","forge_account_id","invalidation_reason","invalidated_at","ttl_expires_at","cached_at","full_result","reason","confidence","is_false_positive","file_hashes","locations","vulnerability_type","repository","cache_key" ["Bulk test 52", "15854/RSOLV-dev/large-repo/[file52.js:52]:xss", "RSOLV-dev/large-repo", Decimal.new("0.9"), 15854, [%{line: 52, file_path: "file52.js"}], "xss", %{"file52.js" => "sha256:52"}, true, ~U[2025-11-27 19:17:29.497267Z], ~U[2025-08-29 19:17:29.497267Z], ~U[2025-08-29 19:17:29.497294Z], ~U[2025-08-29 19:17:29.497294Z]]
13:17:29.497 [debug] Cached validation stored
13:17:29.497 [debug] QUERY OK source="cached_validations" db=0.0ms
INSERT INTO "cached_validations" ("reason","cache_key","repository","confidence","forge_account_id","locations","vulnerability_type","file_hashes","is_false_positive","ttl_expires_at","cached_at","inserted_at","updated_at") VALUES ($1,$2,$3,$4,$5,$6,$7,$8,$9,$10,$11,$12,$13) ON CONFLICT ("cache_key") DO UPDATE SET "updated_at" = EXCLUDED."updated_at","inserted_at" = EXCLUDED."inserted_at","forge_account_id" = EXCLUDED."forge_account_id","invalidation_reason" = EXCLUDED."invalidation_reason","invalidated_at" = EXCLUDED."invalidated_at","ttl_expires_at" = EXCLUDED."ttl_expires_at","cached_at" = EXCLUDED."cached_at","full_result" = EXCLUDED."full_result","reason" = EXCLUDED."reason","confidence" = EXCLUDED."confidence","is_false_positive" = EXCLUDED."is_false_positive","file_hashes" = EXCLUDED."file_hashes","locations" = EXCLUDED."locations","vulnerability_type" = EXCLUDED."vulnerability_type","repository" = EXCLUDED."repository","cache_key" = EXCLUDED."cache_key" RETURNING "id","updated_at","inserted_at","forge_account_id","invalidation_reason","invalidated_at","ttl_expires_at","cached_at","full_result","reason","confidence","is_false_positive","file_hashes","locations","vulnerability_type","repository","cache_key" ["Bulk test 53", "15854/RSOLV-dev/large-repo/[file53.js:53]:xss", "RSOLV-dev/large-repo", Decimal.new("0.9"), 15854, [%{line: 53, file_path: "file53.js"}], "xss", %{"file53.js" => "sha256:53"}, true, ~U[2025-11-27 19:17:29.497422Z], ~U[2025-08-29 19:17:29.497422Z], ~U[2025-08-29 19:17:29.497442Z], ~U[2025-08-29 19:17:29.497442Z]]
13:17:29.497 [debug] Cached validation stored
13:17:29.497 [debug] QUERY OK source="cached_validations" db=0.0ms
INSERT INTO "cached_validations" ("reason","cache_key","repository","confidence","forge_account_id","locations","vulnerability_type","file_hashes","is_false_positive","ttl_expires_at","cached_at","inserted_at","updated_at") VALUES ($1,$2,$3,$4,$5,$6,$7,$8,$9,$10,$11,$12,$13) ON CONFLICT ("cache_key") DO UPDATE SET "updated_at" = EXCLUDED."updated_at","inserted_at" = EXCLUDED."inserted_at","forge_account_id" = EXCLUDED."forge_account_id","invalidation_reason" = EXCLUDED."invalidation_reason","invalidated_at" = EXCLUDED."invalidated_at","ttl_expires_at" = EXCLUDED."ttl_expires_at","cached_at" = EXCLUDED."cached_at","full_result" = EXCLUDED."full_result","reason" = EXCLUDED."reason","confidence" = EXCLUDED."confidence","is_false_positive" = EXCLUDED."is_false_positive","file_hashes" = EXCLUDED."file_hashes","locations" = EXCLUDED."locations","vulnerability_type" = EXCLUDED."vulnerability_type","repository" = EXCLUDED."repository","cache_key" = EXCLUDED."cache_key" RETURNING "id","updated_at","inserted_at","forge_account_id","invalidation_reason","invalidated_at","ttl_expires_at","cached_at","full_result","reason","confidence","is_false_positive","file_hashes","locations","vulnerability_type","repository","cache_key" ["Bulk test 54", "15854/RSOLV-dev/large-repo/[file54.js:54]:xss", "RSOLV-dev/large-repo", Decimal.new("0.9"), 15854, [%{line: 54, file_path: "file54.js"}], "xss", %{"file54.js" => "sha256:54"}, true, ~U[2025-11-27 19:17:29.497576Z], ~U[2025-08-29 19:17:29.497576Z], ~U[2025-08-29 19:17:29.497600Z], ~U[2025-08-29 19:17:29.497600Z]]
13:17:29.497 [debug] Cached validation stored
13:17:29.497 [debug] QUERY OK source="cached_validations" db=0.0ms
INSERT INTO "cached_validations" ("reason","cache_key","repository","confidence","forge_account_id","locations","vulnerability_type","file_hashes","is_false_positive","ttl_expires_at","cached_at","inserted_at","updated_at") VALUES ($1,$2,$3,$4,$5,$6,$7,$8,$9,$10,$11,$12,$13) ON CONFLICT ("cache_key") DO UPDATE SET "updated_at" = EXCLUDED."updated_at","inserted_at" = EXCLUDED."inserted_at","forge_account_id" = EXCLUDED."forge_account_id","invalidation_reason" = EXCLUDED."invalidation_reason","invalidated_at" = EXCLUDED."invalidated_at","ttl_expires_at" = EXCLUDED."ttl_expires_at","cached_at" = EXCLUDED."cached_at","full_result" = EXCLUDED."full_result","reason" = EXCLUDED."reason","confidence" = EXCLUDED."confidence","is_false_positive" = EXCLUDED."is_false_positive","file_hashes" = EXCLUDED."file_hashes","locations" = EXCLUDED."locations","vulnerability_type" = EXCLUDED."vulnerability_type","repository" = EXCLUDED."repository","cache_key" = EXCLUDED."cache_key" RETURNING "id","updated_at","inserted_at","forge_account_id","invalidation_reason","invalidated_at","ttl_expires_at","cached_at","full_result","reason","confidence","is_false_positive","file_hashes","locations","vulnerability_type","repository","cache_key" ["Bulk test 55", "15854/RSOLV-dev/large-repo/[file55.js:55]:xss", "RSOLV-dev/large-repo", Decimal.new("0.9"), 15854, [%{line: 55, file_path: "file55.js"}], "xss", %{"file55.js" => "sha256:55"}, true, ~U[2025-11-27 19:17:29.497740Z], ~U[2025-08-29 19:17:29.497740Z], ~U[2025-08-29 19:17:29.497774Z], ~U[2025-08-29 19:17:29.497774Z]]
13:17:29.497 [debug] Cached validation stored
13:17:29.498 [debug] QUERY OK source="cached_validations" db=0.0ms
INSERT INTO "cached_validations" ("reason","cache_key","repository","confidence","forge_account_id","locations","vulnerability_type","file_hashes","is_false_positive","ttl_expires_at","cached_at","inserted_at","updated_at") VALUES ($1,$2,$3,$4,$5,$6,$7,$8,$9,$10,$11,$12,$13) ON CONFLICT ("cache_key") DO UPDATE SET "updated_at" = EXCLUDED."updated_at","inserted_at" = EXCLUDED."inserted_at","forge_account_id" = EXCLUDED."forge_account_id","invalidation_reason" = EXCLUDED."invalidation_reason","invalidated_at" = EXCLUDED."invalidated_at","ttl_expires_at" = EXCLUDED."ttl_expires_at","cached_at" = EXCLUDED."cached_at","full_result" = EXCLUDED."full_result","reason" = EXCLUDED."reason","confidence" = EXCLUDED."confidence","is_false_positive" = EXCLUDED."is_false_positive","file_hashes" = EXCLUDED."file_hashes","locations" = EXCLUDED."locations","vulnerability_type" = EXCLUDED."vulnerability_type","repository" = EXCLUDED."repository","cache_key" = EXCLUDED."cache_key" RETURNING "id","updated_at","inserted_at","forge_account_id","invalidation_reason","invalidated_at","ttl_expires_at","cached_at","full_result","reason","confidence","is_false_positive","file_hashes","locations","vulnerability_type","repository","cache_key" ["Bulk test 56", "15854/RSOLV-dev/large-repo/[file56.js:56]:xss", "RSOLV-dev/large-repo", Decimal.new("0.9"), 15854, [%{line: 56, file_path: "file56.js"}], "xss", %{"file56.js" => "sha256:56"}, true, ~U[2025-11-27 19:17:29.497909Z], ~U[2025-08-29 19:17:29.497909Z], ~U[2025-08-29 19:17:29.497933Z], ~U[2025-08-29 19:17:29.497933Z]]
13:17:29.498 [debug] Cached validation stored
13:17:29.498 [debug] QUERY OK source="cached_validations" db=0.0ms
INSERT INTO "cached_validations" ("reason","cache_key","repository","confidence","forge_account_id","locations","vulnerability_type","file_hashes","is_false_positive","ttl_expires_at","cached_at","inserted_at","updated_at") VALUES ($1,$2,$3,$4,$5,$6,$7,$8,$9,$10,$11,$12,$13) ON CONFLICT ("cache_key") DO UPDATE SET "updated_at" = EXCLUDED."updated_at","inserted_at" = EXCLUDED."inserted_at","forge_account_id" = EXCLUDED."forge_account_id","invalidation_reason" = EXCLUDED."invalidation_reason","invalidated_at" = EXCLUDED."invalidated_at","ttl_expires_at" = EXCLUDED."ttl_expires_at","cached_at" = EXCLUDED."cached_at","full_result" = EXCLUDED."full_result","reason" = EXCLUDED."reason","confidence" = EXCLUDED."confidence","is_false_positive" = EXCLUDED."is_false_positive","file_hashes" = EXCLUDED."file_hashes","locations" = EXCLUDED."locations","vulnerability_type" = EXCLUDED."vulnerability_type","repository" = EXCLUDED."repository","cache_key" = EXCLUDED."cache_key" RETURNING "id","updated_at","inserted_at","forge_account_id","invalidation_reason","invalidated_at","ttl_expires_at","cached_at","full_result","reason","confidence","is_false_positive","file_hashes","locations","vulnerability_type","repository","cache_key" ["Bulk test 57", "15854/RSOLV-dev/large-repo/[file57.js:57]:xss", "RSOLV-dev/large-repo", Decimal.new("0.9"), 15854, [%{line: 57, file_path: "file57.js"}], "xss", %{"file57.js" => "sha256:57"}, true, ~U[2025-11-27 19:17:29.498064Z], ~U[2025-08-29 19:17:29.498064Z], ~U[2025-08-29 19:17:29.498093Z], ~U[2025-08-29 19:17:29.498093Z]]
13:17:29.498 [debug] Cached validation stored
13:17:29.498 [debug] QUERY OK source="cached_validations" db=0.0ms
INSERT INTO "cached_validations" ("reason","cache_key","repository","confidence","forge_account_id","locations","vulnerability_type","file_hashes","is_false_positive","ttl_expires_at","cached_at","inserted_at","updated_at") VALUES ($1,$2,$3,$4,$5,$6,$7,$8,$9,$10,$11,$12,$13) ON CONFLICT ("cache_key") DO UPDATE SET "updated_at" = EXCLUDED."updated_at","inserted_at" = EXCLUDED."inserted_at","forge_account_id" = EXCLUDED."forge_account_id","invalidation_reason" = EXCLUDED."invalidation_reason","invalidated_at" = EXCLUDED."invalidated_at","ttl_expires_at" = EXCLUDED."ttl_expires_at","cached_at" = EXCLUDED."cached_at","full_result" = EXCLUDED."full_result","reason" = EXCLUDED."reason","confidence" = EXCLUDED."confidence","is_false_positive" = EXCLUDED."is_false_positive","file_hashes" = EXCLUDED."file_hashes","locations" = EXCLUDED."locations","vulnerability_type" = EXCLUDED."vulnerability_type","repository" = EXCLUDED."repository","cache_key" = EXCLUDED."cache_key" RETURNING "id","updated_at","inserted_at","forge_account_id","invalidation_reason","invalidated_at","ttl_expires_at","cached_at","full_result","reason","confidence","is_false_positive","file_hashes","locations","vulnerability_type","repository","cache_key" ["Bulk test 58", "15854/RSOLV-dev/large-repo/[file58.js:58]:xss", "RSOLV-dev/large-repo", Decimal.new("0.9"), 15854, [%{line: 58, file_path: "file58.js"}], "xss", %{"file58.js" => "sha256:58"}, true, ~U[2025-11-27 19:17:29.498227Z], ~U[2025-08-29 19:17:29.498227Z], ~U[2025-08-29 19:17:29.498249Z], ~U[2025-08-29 19:17:29.498249Z]]
13:17:29.498 [debug] Cached validation stored
13:17:29.498 [debug] QUERY OK source="cached_validations" db=0.0ms
INSERT INTO "cached_validations" ("reason","cache_key","repository","confidence","forge_account_id","locations","vulnerability_type","file_hashes","is_false_positive","ttl_expires_at","cached_at","inserted_at","updated_at") VALUES ($1,$2,$3,$4,$5,$6,$7,$8,$9,$10,$11,$12,$13) ON CONFLICT ("cache_key") DO UPDATE SET "updated_at" = EXCLUDED."updated_at","inserted_at" = EXCLUDED."inserted_at","forge_account_id" = EXCLUDED."forge_account_id","invalidation_reason" = EXCLUDED."invalidation_reason","invalidated_at" = EXCLUDED."invalidated_at","ttl_expires_at" = EXCLUDED."ttl_expires_at","cached_at" = EXCLUDED."cached_at","full_result" = EXCLUDED."full_result","reason" = EXCLUDED."reason","confidence" = EXCLUDED."confidence","is_false_positive" = EXCLUDED."is_false_positive","file_hashes" = EXCLUDED."file_hashes","locations" = EXCLUDED."locations","vulnerability_type" = EXCLUDED."vulnerability_type","repository" = EXCLUDED."repository","cache_key" = EXCLUDED."cache_key" RETURNING "id","updated_at","inserted_at","forge_account_id","invalidation_reason","invalidated_at","ttl_expires_at","cached_at","full_result","reason","confidence","is_false_positive","file_hashes","locations","vulnerability_type","repository","cache_key" ["Bulk test 59", "15854/RSOLV-dev/large-repo/[file59.js:59]:xss", "RSOLV-dev/large-repo", Decimal.new("0.9"), 15854, [%{line: 59, file_path: "file59.js"}], "xss", %{"file59.js" => "sha256:59"}, true, ~U[2025-11-27 19:17:29.498369Z], ~U[2025-08-29 19:17:29.498369Z], ~U[2025-08-29 19:17:29.498393Z], ~U[2025-08-29 19:17:29.498393Z]]
13:17:29.498 [debug] Cached validation stored
13:17:29.498 [debug] QUERY OK source="cached_validations" db=0.0ms
INSERT INTO "cached_validations" ("reason","cache_key","repository","confidence","forge_account_id","locations","vulnerability_type","file_hashes","is_false_positive","ttl_expires_at","cached_at","inserted_at","updated_at") VALUES ($1,$2,$3,$4,$5,$6,$7,$8,$9,$10,$11,$12,$13) ON CONFLICT ("cache_key") DO UPDATE SET "updated_at" = EXCLUDED."updated_at","inserted_at" = EXCLUDED."inserted_at","forge_account_id" = EXCLUDED."forge_account_id","invalidation_reason" = EXCLUDED."invalidation_reason","invalidated_at" = EXCLUDED."invalidated_at","ttl_expires_at" = EXCLUDED."ttl_expires_at","cached_at" = EXCLUDED."cached_at","full_result" = EXCLUDED."full_result","reason" = EXCLUDED."reason","confidence" = EXCLUDED."confidence","is_false_positive" = EXCLUDED."is_false_positive","file_hashes" = EXCLUDED."file_hashes","locations" = EXCLUDED."locations","vulnerability_type" = EXCLUDED."vulnerability_type","repository" = EXCLUDED."repository","cache_key" = EXCLUDED."cache_key" RETURNING "id","updated_at","inserted_at","forge_account_id","invalidation_reason","invalidated_at","ttl_expires_at","cached_at","full_result","reason","confidence","is_false_positive","file_hashes","locations","vulnerability_type","repository","cache_key" ["Bulk test 60", "15854/RSOLV-dev/large-repo/[file60.js:60]:xss", "RSOLV-dev/large-repo", Decimal.new("0.9"), 15854, [%{line: 60, file_path: "file60.js"}], "xss", %{"file60.js" => "sha256:60"}, true, ~U[2025-11-27 19:17:29.498514Z], ~U[2025-08-29 19:17:29.498514Z], ~U[2025-08-29 19:17:29.498537Z], ~U[2025-08-29 19:17:29.498537Z]]


 53) test performance characteristics bulk operations handle large datasets efficiently (Rsolv.ValidationCacheIntegrationTest)
     test/rsolv/validation_cache_integration_test.exs:388
     ** (exit) exited in: DBConnection.Holder.checkout(#PID<0.7813.0>, [log: #Function<13.132594008/1 in Ecto.Adapters.SQL.with_log/3>, source: "cached_validations", cast_params: ["15854/RSOLV-dev/large-repo/[file50.js:50]:xss"], pool: DBConnection.Ownership, repo: Rsolv.Repo, timeout: 15000, pool_size: 10])
         ** (EXIT) no process: the process is not alive or there's no process currently associated with the given name, possibly because its application isn't started
     code: for i <- 1..100 do
     stacktrace:
       (db_connection 2.7.0) lib/db_connection/holder.ex:97: DBConnection.Holder.checkout/3
       (db_connection 2.7.0) lib/db_connection.ex:1326: DBConnection.checkout/3
       (db_connection 2.7.0) lib/db_connection.ex:1651: DBConnection.run/6
       (db_connection 2.7.0) lib/db_connection.ex:829: DBConnection.execute/4
       (ecto_sql 3.12.1) lib/ecto/adapters/postgres/connection.ex:139: Ecto.Adapters.Postgres.Connection.execute/4
       (ecto_sql 3.12.1) lib/ecto/adapters/sql.ex:1038: Ecto.Adapters.SQL.execute!/5
       (ecto_sql 3.12.1) lib/ecto/adapters/sql.ex:994: Ecto.Adapters.SQL.execute/6
       (ecto 3.12.5) lib/ecto/repo/queryable.ex:232: Ecto.Repo.Queryable.execute/4
       (ecto 3.12.5) lib/ecto/repo/queryable.ex:19: Ecto.Repo.Queryable.all/3
       (ecto 3.12.5) lib/ecto/repo/queryable.ex:154: Ecto.Repo.Queryable.one/3
       (rsolv 0.1.0) lib/rsolv/validation_cache.ex:195: Rsolv.ValidationCache.fetch_cache_entry/1
       (rsolv 0.1.0) lib/rsolv/validation_cache.ex:173: Rsolv.ValidationCache.get/5
       test/rsolv/validation_cache_integration_test.exs:424: anonymous fn/2 in Rsolv.ValidationCacheIntegrationTest."test performance characteristics bulk operations handle large datasets efficiently"/1
       (elixir 1.18.4) lib/enum.ex:4484: Enum.map_range/4
       (elixir 1.18.4) lib/enum.ex:4484: Enum.map_range/4
       (elixir 1.18.4) lib/enum.ex:4484: Enum.map/2
       test/rsolv/validation_cache_integration_test.exs:423: (test)



 54) test performance characteristics cache lookups are fast even with many entries (Rsolv.ValidationCacheIntegrationTest)
     test/rsolv/validation_cache_integration_test.exs:433
     ** (MatchError) no match of right hand side value: {:error, {%RuntimeError{message: "could not lookup Ecto repo Rsolv.Repo because it was not started or it does not exist"}, [{Ecto.Repo.Registry, :lookup, 1, [file: ~c"lib/ecto/repo/registry.ex", line: 22, error_info: %{module: Exception}]}, {Ecto.Adapters.SQL.Sandbox, :lookup_meta!, 1, [file: ~c"lib/ecto/adapters/sql/sandbox.ex", line: 631]}, {Ecto.Adapters.SQL.Sandbox, :checkout, 2, [file: ~c"lib/ecto/adapters/sql/sandbox.ex", line: 536]}, {Ecto.Adapters.SQL.Sandbox, :"-start_owner!/2-fun-0-", 3, [file: ~c"lib/ecto/adapters/sql/sandbox.ex", line: 446]}, {Agent.Server, :init, 1, [file: ~c"lib/agent/server.ex", line: 8]}, {:gen_server, :init_it, 2, [file: ~c"gen_server.erl", line: 2229]}, {:gen_server, :init_it, 6, [file: ~c"gen_server.erl", line: 2184]}, {:proc_lib, :init_p_do_apply, 3, [file: ~c"proc_lib.erl", line: 329]}]}}
     stacktrace:
       (ecto_sql 3.12.1) lib/ecto/adapters/sql/sandbox.ex:443: Ecto.Adapters.SQL.Sandbox.start_owner!/2
       (rsolv 0.1.0) test/support/data_case.ex:33: Rsolv.DataCase.__ex_unit_setup_0/1
       (rsolv 0.1.0) test/support/data_case.ex:1: Rsolv.DataCase.__ex_unit__/2
       test/rsolv/validation_cache_integration_test.exs:1: Rsolv.ValidationCacheIntegrationTest.__ex_unit__/2



 55) test complete cache workflow multiple vulnerabilities in same file with different cache outcomes (Rsolv.ValidationCacheIntegrationTest)
     test/rsolv/validation_cache_integration_test.exs:113
     ** (MatchError) no match of right hand side value: {:error, {%RuntimeError{message: "could not lookup Ecto repo Rsolv.Repo because it was not started or it does not exist"}, [{Ecto.Repo.Registry, :lookup, 1, [file: ~c"lib/ecto/repo/registry.ex", line: 22, error_info: %{module: Exception}]}, {Ecto.Adapters.SQL.Sandbox, :lookup_meta!, 1, [file: ~c"lib/ecto/adapters/sql/sandbox.ex", line: 631]}, {Ecto.Adapters.SQL.Sandbox, :checkout, 2, [file: ~c"lib/ecto/adapters/sql/sandbox.ex", line: 536]}, {Ecto.Adapters.SQL.Sandbox, :"-start_owner!/2-fun-0-", 3, [file: ~c"lib/ecto/adapters/sql/sandbox.ex", line: 446]}, {Agent.Server, :init, 1, [file: ~c"lib/agent/server.ex", line: 8]}, {:gen_server, :init_it, 2, [file: ~c"gen_server.erl", line: 2229]}, {:gen_server, :init_it, 6, [file: ~c"gen_server.erl", line: 2184]}, {:proc_lib, :init_p_do_apply, 3, [file: ~c"proc_lib.erl", line: 329]}]}}
     stacktrace:
       (ecto_sql 3.12.1) lib/ecto/adapters/sql/sandbox.ex:443: Ecto.Adapters.SQL.Sandbox.start_owner!/2
       (rsolv 0.1.0) test/support/data_case.ex:33: Rsolv.DataCase.__ex_unit_setup_0/1
       (rsolv 0.1.0) test/support/data_case.ex:1: Rsolv.DataCase.__ex_unit__/2
       test/rsolv/validation_cache_integration_test.exs:1: Rsolv.ValidationCacheIntegrationTest.__ex_unit__/2



 56) test complete cache workflow forge account isolation in complete workflow (Rsolv.ValidationCacheIntegrationTest)
     test/rsolv/validation_cache_integration_test.exs:289
     ** (MatchError) no match of right hand side value: {:error, {%RuntimeError{message: "could not lookup Ecto repo Rsolv.Repo because it was not started or it does not exist"}, [{Ecto.Repo.Registry, :lookup, 1, [file: ~c"lib/ecto/repo/registry.ex", line: 22, error_info: %{module: Exception}]}, {Ecto.Adapters.SQL.Sandbox, :lookup_meta!, 1, [file: ~c"lib/ecto/adapters/sql/sandbox.ex", line: 631]}, {Ecto.Adapters.SQL.Sandbox, :checkout, 2, [file: ~c"lib/ecto/adapters/sql/sandbox.ex", line: 536]}, {Ecto.Adapters.SQL.Sandbox, :"-start_owner!/2-fun-0-", 3, [file: ~c"lib/ecto/adapters/sql/sandbox.ex", line: 446]}, {Agent.Server, :init, 1, [file: ~c"lib/agent/server.ex", line: 8]}, {:gen_server, :init_it, 2, [file: ~c"gen_server.erl", line: 2229]}, {:gen_server, :init_it, 6, [file: ~c"gen_server.erl", line: 2184]}, {:proc_lib, :init_p_do_apply, 3, [file: ~c"proc_lib.erl", line: 329]}]}}
     stacktrace:
       (ecto_sql 3.12.1) lib/ecto/adapters/sql/sandbox.ex:443: Ecto.Adapters.SQL.Sandbox.start_owner!/2
       (rsolv 0.1.0) test/support/data_case.ex:33: Rsolv.DataCase.__ex_unit_setup_0/1
       (rsolv 0.1.0) test/support/data_case.ex:1: Rsolv.DataCase.__ex_unit__/2
       test/rsolv/validation_cache_integration_test.exs:1: Rsolv.ValidationCacheIntegrationTest.__ex_unit__/2



 57) test download/2 handles different report types (RsolvWeb.ReportControllerTest)
     test/rsolv_web/controllers/report_controller_test.exs:46
     ** (exit) :terminating
     stacktrace:
       (kernel 10.2) application_controller.erl:511: :application_controller.call/2
       (kernel 10.2) application.erl:380: :application.enqueue_or_start/6
       (kernel 10.2) application.erl:359: :application.ensure_all_started/3
       (rsolv 0.1.0) test/support/conn_case.ex:36: RsolvWeb.ConnCase.__ex_unit_setup_0/1
       (rsolv 0.1.0) test/support/conn_case.ex:1: RsolvWeb.ConnCase.__ex_unit__/2
       test/rsolv_web/controllers/report_controller_test.exs:1: RsolvWeb.ReportControllerTest.__ex_unit__/2



 58) test download/2 handles different time periods (RsolvWeb.ReportControllerTest)
     test/rsolv_web/controllers/report_controller_test.exs:61
     ** (exit) :terminating
     stacktrace:
       (kernel 10.2) application_controller.erl:511: :application_controller.call/2
       (kernel 10.2) application.erl:380: :application.enqueue_or_start/6
       (kernel 10.2) application.erl:359: :application.ensure_all_started/3
       (rsolv 0.1.0) test/support/conn_case.ex:36: RsolvWeb.ConnCase.__ex_unit_setup_0/1
       (rsolv 0.1.0) test/support/conn_case.ex:1: RsolvWeb.ConnCase.__ex_unit__/2
       test/rsolv_web/controllers/report_controller_test.exs:1: RsolvWeb.ReportControllerTest.__ex_unit__/2



 59) test download/2 generates CSV report with default parameters (RsolvWeb.ReportControllerTest)
     test/rsolv_web/controllers/report_controller_test.exs:21
     ** (exit) :terminating
     stacktrace:
       (kernel 10.2) application_controller.erl:511: :application_controller.call/2
       (kernel 10.2) application.erl:380: :application.enqueue_or_start/6
       (kernel 10.2) application.erl:359: :application.ensure_all_started/3
       (rsolv 0.1.0) test/support/conn_case.ex:36: RsolvWeb.ConnCase.__ex_unit_setup_0/1
       (rsolv 0.1.0) test/support/conn_case.ex:1: RsolvWeb.ConnCase.__ex_unit__/2
       test/rsolv_web/controllers/report_controller_test.exs:1: RsolvWeb.ReportControllerTest.__ex_unit__/2



 60) test download/2 combines parameters correctly (RsolvWeb.ReportControllerTest)
     test/rsolv_web/controllers/report_controller_test.exs:84
     ** (exit) :terminating
     stacktrace:
       (kernel 10.2) application_controller.erl:511: :application_controller.call/2
       (kernel 10.2) application.erl:380: :application.enqueue_or_start/6
       (kernel 10.2) application.erl:359: :application.ensure_all_started/3
       (rsolv 0.1.0) test/support/conn_case.ex:36: RsolvWeb.ConnCase.__ex_unit_setup_0/1
       (rsolv 0.1.0) test/support/conn_case.ex:1: RsolvWeb.ConnCase.__ex_unit__/2
       test/rsolv_web/controllers/report_controller_test.exs:1: RsolvWeb.ReportControllerTest.__ex_unit__/2



 61) test download/2 handles unknown report type (RsolvWeb.ReportControllerTest)
     test/rsolv_web/controllers/report_controller_test.exs:102
     ** (exit) :terminating
     stacktrace:
       (kernel 10.2) application_controller.erl:511: :application_controller.call/2
       (kernel 10.2) application.erl:380: :application.enqueue_or_start/6
       (kernel 10.2) application.erl:359: :application.ensure_all_started/3
       (rsolv 0.1.0) test/support/conn_case.ex:36: RsolvWeb.ConnCase.__ex_unit_setup_0/1
       (rsolv 0.1.0) test/support/conn_case.ex:1: RsolvWeb.ConnCase.__ex_unit__/2
       test/rsolv_web/controllers/report_controller_test.exs:1: RsolvWeb.ReportControllerTest.__ex_unit__/2



 62) test download/2 handles invalid period (RsolvWeb.ReportControllerTest)
     test/rsolv_web/controllers/report_controller_test.exs:110
     ** (exit) :terminating
     stacktrace:
       (kernel 10.2) application_controller.erl:511: :application_controller.call/2
       (kernel 10.2) application.erl:380: :application.enqueue_or_start/6
       (kernel 10.2) application.erl:359: :application.ensure_all_started/3
       (rsolv 0.1.0) test/support/conn_case.ex:36: RsolvWeb.ConnCase.__ex_unit_setup_0/1
       (rsolv 0.1.0) test/support/conn_case.ex:1: RsolvWeb.ConnCase.__ex_unit__/2
       test/rsolv_web/controllers/report_controller_test.exs:1: RsolvWeb.ReportControllerTest.__ex_unit__/2



 63) test download/2 generates JSON report when format is json (RsolvWeb.ReportControllerTest)
     test/rsolv_web/controllers/report_controller_test.exs:34
     ** (exit) :terminating
     stacktrace:
       (kernel 10.2) application_controller.erl:511: :application_controller.call/2
       (kernel 10.2) application.erl:380: :application.enqueue_or_start/6
       (kernel 10.2) application.erl:359: :application.ensure_all_started/3
       (rsolv 0.1.0) test/support/conn_case.ex:36: RsolvWeb.ConnCase.__ex_unit_setup_0/1
       (rsolv 0.1.0) test/support/conn_case.ex:1: RsolvWeb.ConnCase.__ex_unit__/2
       test/rsolv_web/controllers/report_controller_test.exs:1: RsolvWeb.ReportControllerTest.__ex_unit__/2



 64) test download/2 handles empty data gracefully (RsolvWeb.ReportControllerTest)
     test/rsolv_web/controllers/report_controller_test.exs:76
     ** (exit) :terminating
     stacktrace:
       (kernel 10.2) application_controller.erl:511: :application_controller.call/2
       (kernel 10.2) application.erl:380: :application.enqueue_or_start/6
       (kernel 10.2) application.erl:359: :application.ensure_all_started/3
       (rsolv 0.1.0) test/support/conn_case.ex:36: RsolvWeb.ConnCase.__ex_unit_setup_0/1
       (rsolv 0.1.0) test/support/conn_case.ex:1: RsolvWeb.ConnCase.__ex_unit__/2
       test/rsolv_web/controllers/report_controller_test.exs:1: RsolvWeb.ReportControllerTest.__ex_unit__/2

........
Finished in 29.5 seconds (5.0s async, 24.5s sync)
528 doctests, 3803 tests, 64 failures, 83 excluded, 36 skipped
[os_mon] memory supervisor port (memsup): Erlang has closed
[os_mon] cpu supervisor port (cpu_sup): Erlang has closed
