14:25:01.978 [notice]     :alarm_handler: {:set, {:system_memory_high_watermark, []}}
14:25:01.985 [notice]     :alarm_handler: {:set, {{:disk_almost_full, ~c"/sys/firmware/efi/efivars"}, []}}
14:25:01.985 [notice]     :alarm_handler: {:set, {{:disk_almost_full, ~c"/home"}, []}}
14:25:02.120 [info] Prometheus metrics collection disabled
14:25:02.162 [info] BEAM clustering disabled
14:25:02.162 [info] PatternServer: Loading initial patterns...
14:25:02.170 [info] Created Mnesia rate limiter table on nodes: [:nonode@nohost]
14:25:02.170 [info] Created customer_sessions Mnesia table
14:25:02.172 [info] The function passed as a handler with ID "validation-reporter" is a local function.
This means that it is either an anonymous function or a capture of a function without a module specified. That may cause a performance penalty when calling that handler. For more details see the note in `telemetry:attach/4` documentation.

https://hexdocs.pm/telemetry/telemetry.html#attach/4
TestTracer: Starting at 2025-09-11 20:25:02.230927Z
14:25:02.236 [debug] QUERY OK db=0.1ms queue=0.3ms
SELECT 1 []

🔍 Testing Enhanced Pattern Format...

Pattern ID: js-eval-user-input
✅ Pattern has ast_enhancement/0 function

📋 AST Enhancement Data:
Running ExUnit with seed: 241676, max_cases: 64
Excluding tags: [:integration]

%{
  min_confidence: 0.7,
  ast_rules: %{
    node_type: "CallExpression",
    argument_analysis: %{
      first_arg_contains_user_input: true,
      is_string_type: true,
      not_static_string: true
    },
    callee: %{
      name: "eval",
      alternatives: ["Function", "setTimeout", "setInterval"]
    }
  },
  confidence_rules: %{
    base: 0.5,
    adjustments: %{
      "any_user_input_to_eval" => 0.3,
      "direct_req_body_to_eval" => 0.5,
      "in_build_tool" => -0.9,
      "json_parse_pattern" => -0.7,
      "static_math_expression" => -0.9,
      "url_params_to_eval" => 0.4,
      "uses_vm2_sandbox" => -0.8,
      "webpack_generated" => -1.0
    }
  },
  context_rules: %{
    exclude_paths: [~r/test/, ~r/spec/, ~r/__tests__/, ~r/build/, ~r/dist/],
    exclude_if_sandboxed: true,
    exclude_if_generated_code: true,
    exclude_if_json_parse_only: true,
    exclude_if_math_only: true,
    high_risk_sources: ["req.body", "req.query", "localStorage",
     "location.search"]
  }
}

🔄 Testing JSON serialization...
............................................................❌ JSON encoding failed: %UndefinedFunctionError{module: RSOLVApi.Security.Patterns.JSONSerializer, function: :encode!, arity: 1, reason: nil, message: nil}
.............................................................................................................................................................................................................******................................................................................14:25:02.690 [info] [EMAIL] send_welcome_email called
.......................................................................14:25:02.746 [info] [EMAIL DEBUG] Full email struct before sending
14:25:02.746 [info] [EMAIL DEBUG] Extracted recipient email
**********................................................................................................................................................................................................................................................................................................................................................................................................................................................14:25:03.151 [error] Integrity check failed: expected 9d9d56051b7344b869e54a8ecebf1b39f21fe2449222bbdd135e9a608b216738, got f29bc64a9d3732b4b9035125fdb3285f5b6455778edca72414671e0ca3b2e0de
............................................................14:25:03.160 [debug] QUERY OK source="email_unsubscribes" db=0.4ms queue=162.5ms
SELECT e0."id", e0."email", e0."reason", e0."inserted_at" FROM "email_unsubscribes" AS e0 ORDER BY e0."inserted_at" DESC []
14:25:03.161 [info] [EMAIL DEBUG] Postmark configuration
14:25:03.161 [info] [EMAIL DEBUG] Email configuration
14:25:03.161 [info] [EMAIL] Attempting to send email via Postmark
..................................................................................................................................................................................................................................................................................................................................................................................................................................14:25:03.488 [debug] Sending email with Bamboo.TestAdapter:

%Bamboo.Email{from: {"RSOLV Team", "support@rsolv.dev"}, to: [nil: "test@example.com"], cc: [], bcc: [], subject: "Welcome to RSOLV - Let's fix your first issue in 10 minutes", html_body: "<div style=\"font-family: 'Helvetica Neue', Helvetica, Arial, sans-serif; max-width: 600px; margin: 0 auto; padding: 20px;\">\n  <h1 style=\"color: #2C3E50; margin-bottom: 20px;\">Welcome to RSOLV!</h1>\n  \n  <p>Hi Test,</p>\n  \n  <p>Thanks for trying RSOLV! You're just a few minutes away from automating away your backlog.</p>\n  \n  <p>Here's how to get started:</p>\n  \n  <ol>\n    <li>Install our GitHub Action (copy & paste the code below)</li>\n    <li>Set up your repository secrets</li>\n    <li>Tag your first issues with \"rsolv:automate\"</li>\n  </ol>\n  \n  <div style=\"background-color: #f8f9fa; padding: 15px; border-radius: 5px; margin: 20px 0;\">\n    <pre style=\"margin: 0; overflow-x: auto; white-space: pre-wrap; font-family: monospace;\">name: RSOLV AutoFix\non:\n  issues:\n    types: [opened, edited, labeled]\n\njobs:\n  autofix:\n    runs-on: ubuntu-latest\n    if: contains(github.event.issue.labels.*.name, 'rsolv:automate')\n    steps:\n      - uses: RSOLV-dev/rsolv-action@v1\n        with:\n          github-token: ${{ secrets.GITHUB_TOKEN }}\n          rsolv-api-key: ${{ secrets.RSOLV_API_KEY }}</pre>\n  </div>\n  \n  <p>Need help? Contact us at <a href=\"mailto:support@rsolv.dev\">support@rsolv.dev</a> and we'll personally assist you.</p>\n  \n  <p>Your first 10 fixes are free! After that, you only pay $15 per fix that gets deployed - no credit card required to start.</p>\n  \n  <p>Best,<br>The RSOLV Team</p>\n  \n  <div class=\"footer\" style=\"margin-top: 40px; padding-top: 20px; border-top: 1px solid #e0e0e0; font-size: 0.9em; color: #666;\">\n    <p>\n      P.S. Here's a <a href=\"https://rsolv.dev/docs/getting-started\">2-minute video walkthrough</a> if you prefer.\n    </p>\n    <p>\n      RSOLV, Inc. • support@rsolv.dev • © 2025\n    </p>\n    <p>\n      <a href=\"https://rsolv.dev/unsubscribe?email=test@example.com\">Unsubscribe</a> from these emails.\n    </p>\n  </div>\n</div>\n", text_body: "Welcome to RSOLV!\n\nHi Test,\n\nThanks for trying RSOLV! You're just a few minutes away from automating away your backlog.\n\nHere's how to get started:\n\n1. Install our GitHub Action (check the HTML version for the code snippet)\n2. Set up your repository secrets\n3. Tag your first issues with \"rsolv:automate\"\n\nNeed help? Contact us at support@rsolv.dev and we'll personally assist you.\n\nYour first 10 fixes are free! After that, you only pay $15 per fix that gets deployed - no credit card required to start.\n\nBest,\nThe RSOLV Team\n\nP.S. Check out our 2-minute video walkthrough at https://rsolv.dev/docs/getting-started\n\n---\nTo unsubscribe, visit: https://rsolv.dev/unsubscribe?email=test@example.com\n", headers: %{"X-Postmark-Tag" => "welcome"}, attachments: [], assigns: %{}, private: %{tag: "welcome"}, blocked: false}

14:25:03.488 [info] [EMAIL DEBUG] Raw Postmark response
14:25:03.489 [info] [EMAIL] Email sent successfully via Postmark
.14:25:03.489 [info] [EMAIL] send_early_access_welcome_email called
14:25:03.489 [info] [EMAIL DEBUG] Full email struct before sending
14:25:03.489 [info] [EMAIL DEBUG] Extracted recipient email
14:25:03.489 [info] [EMAIL DEBUG] Postmark configuration
14:25:03.489 [info] [EMAIL DEBUG] Email configuration
14:25:03.489 [info] [EMAIL] Attempting to send email via Postmark
14:25:03.490 [debug] Sending email with Bamboo.TestAdapter:

%Bamboo.Email{from: {"RSOLV Team", "support@rsolv.dev"}, to: [nil: "test@example.com"], cc: [], bcc: [], subject: "Welcome to RSOLV Early Access Program", html_body: "<div style=\"font-family: 'Helvetica Neue', Helvetica, Arial, sans-serif; max-width: 600px; margin: 0 auto; padding: 20px;\">\n  <h1 style=\"color: #2C3E50; margin-bottom: 20px;\">Welcome to RSOLV Early Access Program!</h1>\n\n  <p>Hi Test,</p>\n\n  <p>Thank you for joining our Early Access Program! You're now part of an exclusive group getting first access to RSOLV.</p>\n\n  <p>Here's what you need to know:</p>\n\n  <ul>\n    <li>You have full access to all current features</li>\n    <li>Your feedback is incredibly valuable to us during this phase</li>\n    <li>You'll receive priority support via email</li>\n  </ul>\n\n  <p>To get started with RSOLV:</p>\n\n  <ol>\n    <li><strong>Your API key will be sent in a follow-up email within 24 hours</strong></li>\n    <li>Once you receive your API key, install our GitHub Action (code below)</li>\n    <li>Set up your repository secrets with your API key</li>\n    <li>Tag your first issues with \"rsolv:automate\"</li>\n  </ol>\n\n  <div style=\"background-color: #fff3cd; border: 1px solid #ffeaa7; color: #856404; padding: 10px; border-radius: 5px; margin: 15px 0;\">\n    <strong>⏳ API Key Coming Soon:</strong> We'll send your personal API key within 24 hours. Look for an email with subject \"Your RSOLV API Key\".\n  </div>\n\n  <div style=\"background-color: #f8f9fa; padding: 15px; border-radius: 5px; margin: 20px 0;\">\n    <pre style=\"margin: 0; overflow-x: auto; white-space: pre-wrap; font-family: monospace;\">name: RSOLV AutoFix\non:\n  issues:\n    types: [opened, edited, labeled]\n\njobs:\n  autofix:\n    runs-on: ubuntu-latest\n    if: contains(github.event.issue.labels.*.name, 'rsolv:automate')\n    steps:\n      - uses: RSOLV-dev/rsolv-action@v1\n        with:\n          github-token: ${{ secrets.GITHUB_TOKEN }}\n          rsolv-api-key: ${{ secrets.RSOLV_API_KEY }}</pre>\n  </div>\n\n  <p>Need help? As an Early Access member, you have priority support - contact us at <a href=\"mailto:support@rsolv.dev\">support@rsolv.dev</a> and we'll personally assist you.</p>\n\n  <p>Your trial includes unlimited automated fixes during the Early Access period.</p>\n\n  <div style=\"margin-top: 30px; padding: 15px; border: 1px solid #e0e0e0; border-radius: 5px; background-color: #f9f9f9;\">\n    <h3 style=\"margin-top: 0; color: #2C3E50;\">Early Access Program Benefits</h3>\n    <ul>\n      <li>Unlimited usage during Early Access</li>\n      <li>Priority support and feature requests</li>\n      <li>Exclusive pricing when we launch</li>\n      <li>Direct access to our development team</li>\n    </ul>\n  </div>\n\n  <p>Best,<br>The RSOLV Team</p>\n\n  <div class=\"footer\" style=\"margin-top: 40px; padding-top: 20px; border-top: 1px solid #e0e0e0; font-size: 0.9em; color: #666;\">\n    <p>\n      You're receiving this email because you joined the RSOLV Early Access Program.\n      <br>\n      If you have any questions, simply reply to this email.\n    </p>\n    <p>\n      RSOLV, Inc. • support@rsolv.dev • © 2025\n    </p>\n    <p>\n      <a href=\"https://rsolv.dev/unsubscribe?email=test@example.com\">Unsubscribe</a> from these emails.\n    </p>\n  </div>\n</div>\n", text_body: "Welcome to RSOLV Early Access Program!\n\nHi Test,\n\nThank you for joining our Early Access Program! You're now part of an exclusive group getting first access to RSOLV.\n\nHere's what you need to know:\n- You have full access to all current features\n- Your feedback is incredibly valuable to us during this phase\n- You'll receive priority support via email\n\nTo get started with RSOLV:\n1. Your API key will be sent in a follow-up email within 24 hours\n2. Once you receive your API key, install our GitHub Action\n3. Set up your repository secrets with your API key\n4. Tag your first issues with \"AUTOFIX\"\n\n⏳ API KEY COMING SOON: We'll send your personal API key within 24 hours. Look for an email with subject \"Your RSOLV API Key\".\n\nNeed help? As an Early Access member, you have priority support - contact us at support@rsolv.dev and we'll personally assist you.\n\nYour trial includes unlimited automated fixes during the Early Access period.\n\nEARLY ACCESS PROGRAM BENEFITS:\n* Unlimited usage during Early Access\n* Priority support and feature requests\n* Exclusive pricing when we launch\n* Direct access to our development team\n\nBest,\nThe RSOLV Team\n\n---\nYou're receiving this email because you joined the RSOLV Early Access Program.\nIf you have any questions, simply reply to this email.\n\nRSOLV, Inc. • support@rsolv.dev\n\nTo unsubscribe, visit: https://rsolv.dev/unsubscribe?email=test@example.com\n", headers: %{"X-Postmark-Tag" => "early-access"}, attachments: [], assigns: %{}, private: %{tag: "early-access"}, blocked: false}

14:25:03.490 [info] [EMAIL DEBUG] Raw Postmark response
.14:25:03.490 [info] [EMAIL] Email sent successfully via Postmark
...........................................................14:25:03.531 [debug] QUERY OK source="customers" db=153.7ms queue=1.2ms
INSERT INTO "customers" ("active","name","metadata","email","is_staff","subscription_plan","monthly_limit","current_usage","fixes_quota_this_month","fixes_used_this_month","has_payment_method","rollover_fixes","subscription_status","trial_fixes_limit","trial_fixes_used","inserted_at","updated_at") VALUES ($1,$2,$3,$4,$5,$6,$7,$8,$9,$10,$11,$12,$13,$14,$15,$16,$17) RETURNING "id" [true, "Test Customer 4356", %{}, "test4356@example.com", false, "trial", 100, 15, 0, 0, false, 0, "active", 5, 0, ~N[2025-09-11 20:25:03], ~N[2025-09-11 20:25:03]]
14:25:03.531 [debug] QUERY OK source="customers" db=154.1ms queue=0.9ms
INSERT INTO "customers" ("active","name","metadata","email","is_staff","subscription_plan","monthly_limit","current_usage","fixes_quota_this_month","fixes_used_this_month","has_payment_method","password_hash","rollover_fixes","subscription_status","trial_fixes_limit","trial_fixes_used","inserted_at","updated_at") VALUES ($1,$2,$3,$4,$5,$6,$7,$8,$9,$10,$11,$12,$13,$14,$15,$16,$17,$18) RETURNING "id" [true, "Staff Member", %{}, "customer-576460752303420792@example.com", true, "trial", 100, 0, 0, 0, false, "$2b$12$VTequJ2PfDfU0FYEYWN7MumZkeg4KBaSKbtXSTs.g2vg3G1naf/te", 0, "active", 5, 0, ~N[2025-09-11 20:25:03], ~N[2025-09-11 20:25:03]]
14:25:03.531 [debug] QUERY OK source="customers" db=154.1ms queue=0.9ms
INSERT INTO "customers" ("active","name","metadata","email","is_staff","subscription_plan","monthly_limit","current_usage","fixes_quota_this_month","fixes_used_this_month","has_payment_method","password_hash","rollover_fixes","subscription_status","trial_fixes_limit","trial_fixes_used","inserted_at","updated_at") VALUES ($1,$2,$3,$4,$5,$6,$7,$8,$9,$10,$11,$12,$13,$14,$15,$16,$17,$18) RETURNING "id" [true, "Staff Member", %{}, "customer-576460752303421048@example.com", true, "trial", 100, 0, 0, 0, false, "$2b$12$AbDD7qU2KUvdQ7c5U8XYhe9i6CAZCVoasBkp.Rw5Lal3cmHXBAOxC", 0, "active", 5, 0, ~N[2025-09-11 20:25:03], ~N[2025-09-11 20:25:03]]
14:25:03.531 [debug] QUERY OK source="customers" db=154.1ms queue=0.9ms
INSERT INTO "customers" ("active","name","metadata","email","is_staff","subscription_plan","monthly_limit","current_usage","fixes_quota_this_month","fixes_used_this_month","has_payment_method","password_hash","rollover_fixes","subscription_status","trial_fixes_limit","trial_fixes_used","inserted_at","updated_at") VALUES ($1,$2,$3,$4,$5,$6,$7,$8,$9,$10,$11,$12,$13,$14,$15,$16,$17,$18) RETURNING "id" [true, "Staff Member", %{}, "customer-576460752303420159@example.com", true, "trial", 100, 0, 0, 0, false, "$2b$12$zjB1E7m0Vv/zGJsd0tzITuWlyoFFdZ5608MOgF2O4JQXJIVdioFra", 0, "active", 5, 0, ~N[2025-09-11 20:25:03], ~N[2025-09-11 20:25:03]]
14:25:03.531 [debug] QUERY OK source="customers" db=79.3ms queue=0.6ms
INSERT INTO "customers" ("active","name","metadata","email","is_staff","subscription_plan","monthly_limit","current_usage","fixes_quota_this_month","fixes_used_this_month","has_payment_method","password_hash","rollover_fixes","subscription_status","trial_fixes_limit","trial_fixes_used","inserted_at","updated_at") VALUES ($1,$2,$3,$4,$5,$6,$7,$8,$9,$10,$11,$12,$13,$14,$15,$16,$17,$18) RETURNING "id" [true, "Staff Member", %{}, "customer-576460752303420525@example.com", true, "trial", 100, 0, 0, 0, false, "$2b$12$Ga8H9zfNzEmsS5.PO.G80Owqz5awMe.kvYeNfwkHqZv5BEQZtHFXS", 0, "active", 5, 0, ~N[2025-09-11 20:25:03], ~N[2025-09-11 20:25:03]]
14:25:03.531 [debug] QUERY OK source="customers" db=154.3ms queue=0.9ms
INSERT INTO "customers" ("active","name","metadata","email","is_staff","subscription_plan","monthly_limit","current_usage","fixes_quota_this_month","fixes_used_this_month","has_payment_method","password_hash","rollover_fixes","subscription_status","trial_fixes_limit","trial_fixes_used","inserted_at","updated_at") VALUES ($1,$2,$3,$4,$5,$6,$7,$8,$9,$10,$11,$12,$13,$14,$15,$16,$17,$18) RETURNING "id" [true, "Staff Member", %{}, "customer-576460752303420920@example.com", true, "trial", 100, 0, 0, 0, false, "$2b$12$AUnQAPPcl0H6oFXURCNrnuQ.MNh5MisRjx0D1SaVuOCx0x9ss8q7.", 0, "active", 5, 0, ~N[2025-09-11 20:25:03], ~N[2025-09-11 20:25:03]]
.........................................................................................14:25:03.610 [debug] QUERY OK source="api_keys" db=0.9ms queue=0.5ms
INSERT INTO "api_keys" ("active","name","permissions","key","customer_id","inserted_at","updated_at") VALUES ($1,$2,$3,$4,$5,$6,$7) RETURNING "id" [true, "Test Key", ["full_access"], "rsolv_emgygmEPnWZizxQaDwpxRWhzD36KD9oVPC5OwEBl8VU", 71970, ~U[2025-09-11 20:25:03Z], ~U[2025-09-11 20:25:03Z]]
............................................................................14:25:03.677 [debug] QUERY OK source="customers" db=0.3ms
INSERT INTO "customers" ("active","name","metadata","email","is_staff","subscription_plan","monthly_limit","current_usage","fixes_quota_this_month","fixes_used_this_month","has_payment_method","password_hash","rollover_fixes","subscription_status","trial_fixes_limit","trial_fixes_used","inserted_at","updated_at") VALUES ($1,$2,$3,$4,$5,$6,$7,$8,$9,$10,$11,$12,$13,$14,$15,$16,$17,$18) RETURNING "id" [true, "Test Customer 1", %{}, "test1@example.com", false, "trial", 100, 0, 0, 0, false, "$2b$12$GUh7rSHkUyjpoeYkPaY1WeprW3VXqP.Rpjotlzh4kVKZg83oj82hW", 0, "active", 5, 0, ~N[2025-09-11 20:25:03], ~N[2025-09-11 20:25:03]]
14:25:03.676 [debug] QUERY OK source="customers" db=0.5ms
INSERT INTO "customers" ("active","name","metadata","email","is_staff","subscription_plan","monthly_limit","current_usage","fixes_quota_this_month","fixes_used_this_month","has_payment_method","password_hash","rollover_fixes","subscription_status","trial_fixes_limit","trial_fixes_used","inserted_at","updated_at") VALUES ($1,$2,$3,$4,$5,$6,$7,$8,$9,$10,$11,$12,$13,$14,$15,$16,$17,$18) RETURNING "id" [true, "Original Name", %{}, "edit@example.com", false, "trial", 100, 0, 0, 0, false, "$2b$12$7FzARdoVSfl7VvHJt.IIE.CQbRNWWE6vyNGdEZWtry5J0Bz1ca4Lu", 0, "active", 5, 0, ~N[2025-09-11 20:25:03], ~N[2025-09-11 20:25:03]]
14:25:03.683 [debug] QUERY OK source="customers" db=0.4ms
INSERT INTO "customers" ("active","name","metadata","email","is_staff","subscription_plan","monthly_limit","current_usage","fixes_quota_this_month","fixes_used_this_month","has_payment_method","password_hash","rollover_fixes","subscription_status","trial_fixes_limit","trial_fixes_used","inserted_at","updated_at") VALUES ($1,$2,$3,$4,$5,$6,$7,$8,$9,$10,$11,$12,$13,$14,$15,$16,$17,$18) RETURNING "id" [true, "Active Customer", %{}, "active@example.com", false, "trial", 100, 0, 0, 0, false, "$2b$12$zxm9ZbrFzR0w01LZ6wkNUuXK3EZyFaoQUyBphtoDv4YoRUKx.FnrO", 0, "active", 5, 0, ~N[2025-09-11 20:25:03], ~N[2025-09-11 20:25:03]]
..........14:25:03.693 [debug] QUERY OK source="customers" db=0.5ms
INSERT INTO "customers" ("active","name","metadata","email","is_staff","subscription_plan","monthly_limit","current_usage","fixes_quota_this_month","fixes_used_this_month","has_payment_method","password_hash","rollover_fixes","subscription_status","trial_fixes_limit","trial_fixes_used","inserted_at","updated_at") VALUES ($1,$2,$3,$4,$5,$6,$7,$8,$9,$10,$11,$12,$13,$14,$15,$16,$17,$18) RETURNING "id" [true, "Test Customer", %{}, "test@example.com", false, "trial", 1000, 0, 0, 0, false, "$2b$12$/FPLHiiB373goAYHFNj23uJ2UgDV4Jx5LwLnOnH1EFjyhzb2e.mlO", 0, "active", 5, 0, ~N[2025-09-11 20:25:03], ~N[2025-09-11 20:25:03]]
...................................................................................................................................................................................................14:25:03.821 [debug] QUERY OK source="customers" db=0.3ms
INSERT INTO "customers" ("active","name","metadata","email","is_staff","subscription_plan","monthly_limit","current_usage","fixes_quota_this_month","fixes_used_this_month","has_payment_method","password_hash","rollover_fixes","subscription_status","trial_fixes_limit","trial_fixes_used","inserted_at","updated_at") VALUES ($1,$2,$3,$4,$5,$6,$7,$8,$9,$10,$11,$12,$13,$14,$15,$16,$17,$18) RETURNING "id" [true, "Test Customer 2", %{}, "test2@example.com", false, "trial", 100, 0, 0, 0, false, "$2b$12$HhWjXzy9nP0iVSmqyHVuK.dSPjiK355yrq4bk0kJv9RQj0wpabHX6", 0, "active", 5, 0, ~N[2025-09-11 20:25:03], ~N[2025-09-11 20:25:03]]
..14:25:03.827 [debug] QUERY OK source="customers" db=0.3ms queue=0.2ms
INSERT INTO "customers" ("active","name","metadata","email","is_staff","subscription_plan","monthly_limit","current_usage","fixes_quota_this_month","fixes_used_this_month","has_payment_method","password_hash","rollover_fixes","subscription_status","trial_fixes_limit","trial_fixes_used","inserted_at","updated_at") VALUES ($1,$2,$3,$4,$5,$6,$7,$8,$9,$10,$11,$12,$13,$14,$15,$16,$17,$18) RETURNING "id" [false, "Inactive Customer", %{}, "inactive@example.com", false, "trial", 100, 0, 0, 0, false, "$2b$12$x.eeCjixdjkKIx4J8KNNoe32L9gve/5EOCdGNjlHuHxU3fZyTZeaS", 0, "active", 5, 0, ~N[2025-09-11 20:25:03], ~N[2025-09-11 20:25:03]]
.................................................................14:25:03.885 [debug] QUERY OK source="fun_with_flags_toggles" db=0.5ms queue=0.9ms
INSERT INTO "fun_with_flags_toggles" AS f0 ("enabled","target","flag_name","gate_type") VALUES ($1,$2,$3,$4) ON CONFLICT ("flag_name","gate_type","target") DO UPDATE SET "enabled" = $5 RETURNING "id" [true, "_fwf_none", "core_features", "boolean", true]
14:25:03.887 [debug] QUERY OK source="fun_with_flags_toggles" db=0.3ms queue=0.7ms
SELECT f0."id", f0."flag_name", f0."gate_type", f0."target", f0."enabled" FROM "fun_with_flags_toggles" AS f0 WHERE (f0."flag_name" = $1) ["core_features"]
14:25:03.894 request_id=GGRULE40eR_nvF8AABYR [info] GET /admin/customers
14:25:03.894 request_id=GGRULE0Zt8XI_GYAABWR [info] POST /admin/login
14:25:03.894 request_id=GGRULE0ZkUzB00sAABgG [info] POST /api/v1/vulnerabilities/validate
14:25:03.894 request_id=GGRULE6KoR6E6pwAABiO [info] GET /admin/customers
14:25:03.894 request_id=GGRULE0Zj4Gf4hYAACII [info] GET /admin/customers/71973
14:25:03.894 request_id=GGRULE0ZkBvgoiYAACYD [info] GET /admin/customers/71976
14:25:03.894 request_id=GGRULE0Zk7Arlx4AABkQ [info] POST /early-access
....................................................................................................................................................................................................................................................................................14:25:04.053 [debug] Telemetry event: [:fun_with_flags, :persistence, :write], metadata: %{flag_name: :core_features, gate: %FunWithFlags.Gate{type: :boolean, for: nil, enabled: true}}, measurements: %{system_time: 1757622304051612287}
14:25:04.053 [debug] QUERY OK source="fun_with_flags_toggles" db=0.4ms
INSERT INTO "fun_with_flags_toggles" AS f0 ("enabled","target","flag_name","gate_type") VALUES ($1,$2,$3,$4) ON CONFLICT ("flag_name","gate_type","target") DO UPDATE SET "enabled" = $5 RETURNING "id" [true, "_fwf_none", "interactive_roi_calculator", "boolean", true]
14:25:04.054 [debug] QUERY OK source="fun_with_flags_toggles" db=0.4ms
SELECT f0."id", f0."flag_name", f0."gate_type", f0."target", f0."enabled" FROM "fun_with_flags_toggles" AS f0 WHERE (f0."flag_name" = $1) ["interactive_roi_calculator"]
14:25:04.054 [debug] Telemetry event: [:fun_with_flags, :persistence, :write], metadata: %{flag_name: :interactive_roi_calculator, gate: %FunWithFlags.Gate{type: :boolean, for: nil, enabled: true}}, measurements: %{system_time: 1757622304054305470}
14:25:04.054 [debug] QUERY OK source="fun_with_flags_toggles" db=0.3ms
INSERT INTO "fun_with_flags_toggles" AS f0 ("enabled","target","flag_name","gate_type") VALUES ($1,$2,$3,$4) ON CONFLICT ("flag_name","gate_type","target") DO UPDATE SET "enabled" = $5 RETURNING "id" [true, "_fwf_none", "team_size_field", "boolean", true]
14:25:04.055 [debug] QUERY OK source="fun_with_flags_toggles" db=0.4ms
SELECT f0."id", f0."flag_name", f0."gate_type", f0."target", f0."enabled" FROM "fun_with_flags_toggles" AS f0 WHERE (f0."flag_name" = $1) ["team_size_field"]
14:25:04.055 [debug] Telemetry event: [:fun_with_flags, :persistence, :write], metadata: %{flag_name: :team_size_field, gate: %FunWithFlags.Gate{type: :boolean, for: nil, enabled: true}}, measurements: %{system_time: 1757622304055328764}
14:25:04.055 [debug] QUERY OK source="fun_with_flags_toggles" db=0.3ms
INSERT INTO "fun_with_flags_toggles" AS f0 ("enabled","target","flag_name","gate_type") VALUES ($1,$2,$3,$4) ON CONFLICT ("flag_name","gate_type","target") DO UPDATE SET "enabled" = $5 RETURNING "id" [true, "_fwf_none", "feedback_form", "boolean", true]
14:25:04.056 [debug] QUERY OK source="fun_with_flags_toggles" db=0.2ms
SELECT f0."id", f0."flag_name", f0."gate_type", f0."target", f0."enabled" FROM "fun_with_flags_toggles" AS f0 WHERE (f0."flag_name" = $1) ["feedback_form"]
14:25:04.056 [debug] Telemetry event: [:fun_with_flags, :persistence, :write], metadata: %{flag_name: :feedback_form, gate: %FunWithFlags.Gate{type: :boolean, for: nil, enabled: true}}, measurements: %{system_time: 1757622304056140619}
14:25:04.056 [debug] QUERY OK source="fun_with_flags_toggles" db=0.2ms
SELECT f0."id", f0."flag_name", f0."gate_type", f0."target", f0."enabled" FROM "fun_with_flags_toggles" AS f0 WHERE (f0."flag_name" = $1) ["admin_dashboard"]
.14:25:04.056 [debug] Telemetry event: [:fun_with_flags, :persistence, :read], metadata: %{flag_name: :admin_dashboard, gate: nil}, measurements: %{system_time: 1757622304056632863}
14:25:04.057 [debug] QUERY OK source="fun_with_flags_toggles" db=0.2ms
INSERT INTO "fun_with_flags_toggles" AS f0 ("enabled","target","flag_name","gate_type") VALUES ($1,$2,$3,$4) ON CONFLICT ("flag_name","gate_type","target") DO UPDATE SET "enabled" = $5 RETURNING "id" [true, "_fwf_none", "core_features", "boolean", true]
14:25:04.057 [debug] QUERY OK source="fun_with_flags_toggles" db=0.1ms
SELECT f0."id", f0."flag_name", f0."gate_type", f0."target", f0."enabled" FROM "fun_with_flags_toggles" AS f0 WHERE (f0."flag_name" = $1) ["core_features"]
14:25:04.057 [debug] Telemetry event: [:fun_with_flags, :persistence, :write], metadata: %{flag_name: :core_features, gate: %FunWithFlags.Gate{type: :boolean, for: nil, enabled: true}}, measurements: %{system_time: 1757622304057775431}
14:25:04.058 [debug] QUERY OK source="fun_with_flags_toggles" db=0.1ms
INSERT INTO "fun_with_flags_toggles" AS f0 ("enabled","target","flag_name","gate_type") VALUES ($1,$2,$3,$4) ON CONFLICT ("flag_name","gate_type","target") DO UPDATE SET "enabled" = $5 RETURNING "id" [true, "_fwf_none", "interactive_roi_calculator", "boolean", true]
14:25:04.058 [debug] QUERY OK source="fun_with_flags_toggles" db=0.1ms
SELECT f0."id", f0."flag_name", f0."gate_type", f0."target", f0."enabled" FROM "fun_with_flags_toggles" AS f0 WHERE (f0."flag_name" = $1) ["interactive_roi_calculator"]
14:25:04.058 [debug] Telemetry event: [:fun_with_flags, :persistence, :write], metadata: %{flag_name: :interactive_roi_calculator, gate: %FunWithFlags.Gate{type: :boolean, for: nil, enabled: true}}, measurements: %{system_time: 1757622304058301152}
14:25:04.058 [debug] QUERY OK source="fun_with_flags_toggles" db=0.1ms
INSERT INTO "fun_with_flags_toggles" AS f0 ("enabled","target","flag_name","gate_type") VALUES ($1,$2,$3,$4) ON CONFLICT ("flag_name","gate_type","target") DO UPDATE SET "enabled" = $5 RETURNING "id" [true, "_fwf_none", "team_size_field", "boolean", true]
14:25:04.058 [debug] QUERY OK source="fun_with_flags_toggles" db=0.0ms
SELECT f0."id", f0."flag_name", f0."gate_type", f0."target", f0."enabled" FROM "fun_with_flags_toggles" AS f0 WHERE (f0."flag_name" = $1) ["team_size_field"]
14:25:04.058 [debug] Telemetry event: [:fun_with_flags, :persistence, :write], metadata: %{flag_name: :team_size_field, gate: %FunWithFlags.Gate{type: :boolean, for: nil, enabled: true}}, measurements: %{system_time: 1757622304058697818}
14:25:04.058 [debug] QUERY OK source="fun_with_flags_toggles" db=0.1ms
INSERT INTO "fun_with_flags_toggles" AS f0 ("enabled","target","flag_name","gate_type") VALUES ($1,$2,$3,$4) ON CONFLICT ("flag_name","gate_type","target") DO UPDATE SET "enabled" = $5 RETURNING "id" [true, "_fwf_none", "feedback_form", "boolean", true]
14:25:04.059 [debug] QUERY OK source="fun_with_flags_toggles" db=0.1ms
SELECT f0."id", f0."flag_name", f0."gate_type", f0."target", f0."enabled" FROM "fun_with_flags_toggles" AS f0 WHERE (f0."flag_name" = $1) ["feedback_form"]
14:25:04.059 [debug] Telemetry event: [:fun_with_flags, :persistence, :write], metadata: %{flag_name: :feedback_form, gate: %FunWithFlags.Gate{type: :boolean, for: nil, enabled: true}}, measurements: %{system_time: 1757622304059203950}
14:25:04.059 [debug] QUERY OK source="fun_with_flags_toggles" db=0.1ms
INSERT INTO "fun_with_flags_toggles" AS f0 ("enabled","target","flag_name","gate_type") VALUES ($1,$2,$3,$4) ON CONFLICT ("flag_name","gate_type","target") DO UPDATE SET "enabled" = $5 RETURNING "id" [false, "_fwf_none", "admin_dashboard", "boolean", false]
14:25:04.059 [debug] QUERY OK source="fun_with_flags_toggles" db=0.1ms
SELECT f0."id", f0."flag_name", f0."gate_type", f0."target", f0."enabled" FROM "fun_with_flags_toggles" AS f0 WHERE (f0."flag_name" = $1) ["admin_dashboard"]
14:25:04.059 [debug] Telemetry event: [:fun_with_flags, :persistence, :write], metadata: %{flag_name: :admin_dashboard, gate: %FunWithFlags.Gate{type: :boolean, for: nil, enabled: false}}, measurements: %{system_time: 1757622304059768987}
14:25:04.060 [debug] QUERY OK source="fun_with_flags_toggles" db=0.2ms
INSERT INTO "fun_with_flags_toggles" AS f0 ("enabled","target","flag_name","gate_type") VALUES ($1,$2,$3,$4) ON CONFLICT ("flag_name","gate_type","target") DO UPDATE SET "enabled" = $5 RETURNING "id" [false, "_fwf_none", "api_access", "boolean", false]
14:25:04.060 [debug] QUERY OK source="fun_with_flags_toggles" db=0.1ms
SELECT f0."id", f0."flag_name", f0."gate_type", f0."target", f0."enabled" FROM "fun_with_flags_toggles" AS f0 WHERE (f0."flag_name" = $1) ["api_access"]
14:25:04.060 [debug] Telemetry event: [:fun_with_flags, :persistence, :write], metadata: %{flag_name: :api_access, gate: %FunWithFlags.Gate{type: :boolean, for: nil, enabled: false}}, measurements: %{system_time: 1757622304060280060}
14:25:04.060 [debug] QUERY OK source="fun_with_flags_toggles" db=0.1ms
INSERT INTO "fun_with_flags_toggles" AS f0 ("enabled","target","flag_name","gate_type") VALUES ($1,$2,$3,$4) ON CONFLICT ("flag_name","gate_type","target") DO UPDATE SET "enabled" = $5 RETURNING "id" [false, "_fwf_none", "advanced_analytics", "boolean", false]
14:25:04.060 [debug] QUERY OK source="fun_with_flags_toggles" db=0.1ms
SELECT f0."id", f0."flag_name", f0."gate_type", f0."target", f0."enabled" FROM "fun_with_flags_toggles" AS f0 WHERE (f0."flag_name" = $1) ["advanced_analytics"]
14:25:04.060 [debug] Telemetry event: [:fun_with_flags, :persistence, :write], metadata: %{flag_name: :advanced_analytics, gate: %FunWithFlags.Gate{type: :boolean, for: nil, enabled: false}}, measurements: %{system_time: 1757622304060811301}
14:25:04.061 [debug] Signature verification - received: sha256=invalid
14:25:04.061 [debug] Signature verification - expected: sha256=d7459b1abbcaacb815fba09fa22178f9728c2c341401ace578b4599509ef6659
.......14:25:04.064 [debug] QUERY OK source="fix_attempts" db=0.7ms queue=0.4ms
INSERT INTO "fix_attempts" ("status","metadata","currency","repo_name","pr_number","github_org","issue_number","billing_status","requires_manual_approval","platform","inserted_at","updated_at") VALUES ($1,$2,$3,$4,$5,$6,$7,$8,$9,$10,$11,$12) RETURNING "id" ["pending", %{}, "USD", "test-repo", 42, "test-org", 10, "not_billed", true, "github", ~N[2025-09-11 20:25:04], ~N[2025-09-11 20:25:04]]
14:25:04.064 [info] Routing GitHub event: "pull_request"
.......................................................................................................................................14:25:04.112 [debug] QUERY OK source="fun_with_flags_toggles" db=0.4ms
SELECT f0."id", f0."flag_name", f0."gate_type", f0."target", f0."enabled" FROM "fun_with_flags_toggles" AS f0 WHERE (f0."flag_name" = $1) ["admin_dashboard"]
14:25:04.112 [debug] Telemetry event: [:fun_with_flags, :persistence, :read], metadata: %{flag_name: :admin_dashboard, gate: nil}, measurements: %{system_time: 1757622304112379273}
14:25:04.112 [debug] QUERY OK source="fun_with_flags_toggles" db=0.3ms
SELECT f0."id", f0."flag_name", f0."gate_type", f0."target", f0."enabled" FROM "fun_with_flags_toggles" AS f0 WHERE (f0."flag_name" = $1) ["admin_dashboard"]
14:25:04.112 [debug] Telemetry event: [:fun_with_flags, :persistence, :read], metadata: %{flag_name: :admin_dashboard, gate: nil}, measurements: %{system_time: 1757622304112834168}
14:25:04.113 [debug] QUERY OK source="fun_with_flags_toggles" db=0.1ms
SELECT f0."id", f0."flag_name", f0."gate_type", f0."target", f0."enabled" FROM "fun_with_flags_toggles" AS f0 WHERE (f0."flag_name" = $1) ["api_access"]
14:25:04.113 [debug] Telemetry event: [:fun_with_flags, :persistence, :read], metadata: %{flag_name: :api_access, gate: nil}, measurements: %{system_time: 1757622304113082224}
14:25:04.113 [debug] QUERY OK source="fun_with_flags_toggles" db=0.4ms
SELECT f0."id", f0."flag_name", f0."gate_type", f0."target", f0."enabled" FROM "fun_with_flags_toggles" AS f0 WHERE (f0."flag_name" = $1) ["advanced_analytics"]
14:25:04.113 [debug] Telemetry event: [:fun_with_flags, :persistence, :read], metadata: %{flag_name: :advanced_analytics, gate: nil}, measurements: %{system_time: 1757622304113696285}
.14:25:04.114 [debug] QUERY OK source="fun_with_flags_toggles" db=0.2ms
INSERT INTO "fun_with_flags_toggles" AS f0 ("enabled","target","flag_name","gate_type") VALUES ($1,$2,$3,$4) ON CONFLICT ("flag_name","gate_type","target") DO UPDATE SET "enabled" = $5 RETURNING "id" [true, "_fwf_none", "core_features", "boolean", true]
14:25:04.114 [debug] QUERY OK source="fun_with_flags_toggles" db=0.3ms
SELECT f0."id", f0."flag_name", f0."gate_type", f0."target", f0."enabled" FROM "fun_with_flags_toggles" AS f0 WHERE (f0."flag_name" = $1) ["core_features"]
14:25:04.114 [debug] Telemetry event: [:fun_with_flags, :persistence, :write], metadata: %{flag_name: :core_features, gate: %FunWithFlags.Gate{type: :boolean, for: nil, enabled: true}}, measurements: %{system_time: 1757622304114792378}
14:25:04.115 [debug] QUERY OK source="fun_with_flags_toggles" db=0.1ms
INSERT INTO "fun_with_flags_toggles" AS f0 ("enabled","target","flag_name","gate_type") VALUES ($1,$2,$3,$4) ON CONFLICT ("flag_name","gate_type","target") DO UPDATE SET "enabled" = $5 RETURNING "id" [true, "_fwf_none", "interactive_roi_calculator", "boolean", true]
14:25:04.115 [debug] QUERY OK source="fun_with_flags_toggles" db=0.2ms
SELECT f0."id", f0."flag_name", f0."gate_type", f0."target", f0."enabled" FROM "fun_with_flags_toggles" AS f0 WHERE (f0."flag_name" = $1) ["interactive_roi_calculator"]
14:25:04.115 [debug] Telemetry event: [:fun_with_flags, :persistence, :write], metadata: %{flag_name: :interactive_roi_calculator, gate: %FunWithFlags.Gate{type: :boolean, for: nil, enabled: true}}, measurements: %{system_time: 1757622304115445574}
14:25:04.115 [debug] QUERY OK source="fun_with_flags_toggles" db=0.1ms
INSERT INTO "fun_with_flags_toggles" AS f0 ("enabled","target","flag_name","gate_type") VALUES ($1,$2,$3,$4) ON CONFLICT ("flag_name","gate_type","target") DO UPDATE SET "enabled" = $5 RETURNING "id" [true, "_fwf_none", "team_size_field", "boolean", true]
14:25:04.116 [debug] QUERY OK source="fun_with_flags_toggles" db=0.1ms
SELECT f0."id", f0."flag_name", f0."gate_type", f0."target", f0."enabled" FROM "fun_with_flags_toggles" AS f0 WHERE (f0."flag_name" = $1) ["team_size_field"]
14:25:04.116 [debug] Telemetry event: [:fun_with_flags, :persistence, :write], metadata: %{flag_name: :team_size_field, gate: %FunWithFlags.Gate{type: :boolean, for: nil, enabled: true}}, measurements: %{system_time: 1757622304116139834}
14:25:04.116 [debug] QUERY OK source="fun_with_flags_toggles" db=0.1ms
INSERT INTO "fun_with_flags_toggles" AS f0 ("enabled","target","flag_name","gate_type") VALUES ($1,$2,$3,$4) ON CONFLICT ("flag_name","gate_type","target") DO UPDATE SET "enabled" = $5 RETURNING "id" [true, "_fwf_none", "feedback_form", "boolean", true]
14:25:04.116 [debug] QUERY OK source="fun_with_flags_toggles" db=0.2ms
SELECT f0."id", f0."flag_name", f0."gate_type", f0."target", f0."enabled" FROM "fun_with_flags_toggles" AS f0 WHERE (f0."flag_name" = $1) ["feedback_form"]
.14:25:04.117 [debug] Telemetry event: [:fun_with_flags, :persistence, :write], metadata: %{flag_name: :feedback_form, gate: %FunWithFlags.Gate{type: :boolean, for: nil, enabled: true}}, measurements: %{system_time: 1757622304117081018}
14:25:04.117 [debug] QUERY OK source="fun_with_flags_toggles" db=0.1ms
INSERT INTO "fun_with_flags_toggles" AS f0 ("enabled","target","flag_name","gate_type") VALUES ($1,$2,$3,$4) ON CONFLICT ("flag_name","gate_type","target") DO UPDATE SET "enabled" = $5 RETURNING "id" [true, "_fwf_none", "core_features", "boolean", true]
14:25:04.118 [debug] QUERY OK source="fun_with_flags_toggles" db=0.0ms
SELECT f0."id", f0."flag_name", f0."gate_type", f0."target", f0."enabled" FROM "fun_with_flags_toggles" AS f0 WHERE (f0."flag_name" = $1) ["core_features"]
14:25:04.118 [debug] Telemetry event: [:fun_with_flags, :persistence, :write], metadata: %{flag_name: :core_features, gate: %FunWithFlags.Gate{type: :boolean, for: nil, enabled: true}}, measurements: %{system_time: 1757622304118026250}
14:25:04.118 [debug] QUERY OK source="fun_with_flags_toggles" db=0.1ms
INSERT INTO "fun_with_flags_toggles" AS f0 ("enabled","target","flag_name","gate_type") VALUES ($1,$2,$3,$4) ON CONFLICT ("flag_name","gate_type","target") DO UPDATE SET "enabled" = $5 RETURNING "id" [true, "_fwf_none", "interactive_roi_calculator", "boolean", true]
14:25:04.118 [debug] QUERY OK source="fun_with_flags_toggles" db=0.0ms
SELECT f0."id", f0."flag_name", f0."gate_type", f0."target", f0."enabled" FROM "fun_with_flags_toggles" AS f0 WHERE (f0."flag_name" = $1) ["interactive_roi_calculator"]
14:25:04.118 [debug] Telemetry event: [:fun_with_flags, :persistence, :write], metadata: %{flag_name: :interactive_roi_calculator, gate: %FunWithFlags.Gate{type: :boolean, for: nil, enabled: true}}, measurements: %{system_time: 1757622304118486859}
14:25:04.118 [debug] QUERY OK source="fun_with_flags_toggles" db=0.0ms
INSERT INTO "fun_with_flags_toggles" AS f0 ("enabled","target","flag_name","gate_type") VALUES ($1,$2,$3,$4) ON CONFLICT ("flag_name","gate_type","target") DO UPDATE SET "enabled" = $5 RETURNING "id" [true, "_fwf_none", "team_size_field", "boolean", true]
14:25:04.118 [debug] QUERY OK source="fun_with_flags_toggles" db=0.0ms
SELECT f0."id", f0."flag_name", f0."gate_type", f0."target", f0."enabled" FROM "fun_with_flags_toggles" AS f0 WHERE (f0."flag_name" = $1) ["team_size_field"]
14:25:04.118 [debug] Telemetry event: [:fun_with_flags, :persistence, :write], metadata: %{flag_name: :team_size_field, gate: %FunWithFlags.Gate{type: :boolean, for: nil, enabled: true}}, measurements: %{system_time: 1757622304118849212}
14:25:04.119 [debug] QUERY OK source="fun_with_flags_toggles" db=0.1ms
INSERT INTO "fun_with_flags_toggles" AS f0 ("enabled","target","flag_name","gate_type") VALUES ($1,$2,$3,$4) ON CONFLICT ("flag_name","gate_type","target") DO UPDATE SET "enabled" = $5 RETURNING "id" [true, "_fwf_none", "feedback_form", "boolean", true]
14:25:04.119 [debug] QUERY OK source="fun_with_flags_toggles" db=0.1ms
SELECT f0."id", f0."flag_name", f0."gate_type", f0."target", f0."enabled" FROM "fun_with_flags_toggles" AS f0 WHERE (f0."flag_name" = $1) ["feedback_form"]
.14:25:04.119 [debug] Telemetry event: [:fun_with_flags, :persistence, :write], metadata: %{flag_name: :feedback_form, gate: %FunWithFlags.Gate{type: :boolean, for: nil, enabled: true}}, measurements: %{system_time: 1757622304119384294}
14:25:04.119 [debug] QUERY OK source="fun_with_flags_toggles" db=0.1ms
INSERT INTO "fun_with_flags_toggles" AS f0 ("enabled","target","flag_name","gate_type") VALUES ($1,$2,$3,$4) ON CONFLICT ("flag_name","gate_type","target") DO UPDATE SET "enabled" = $5 RETURNING "id" [true, "_fwf_none", "core_features", "boolean", true]
14:25:04.120 [debug] QUERY OK source="fun_with_flags_toggles" db=0.0ms
SELECT f0."id", f0."flag_name", f0."gate_type", f0."target", f0."enabled" FROM "fun_with_flags_toggles" AS f0 WHERE (f0."flag_name" = $1) ["core_features"]
14:25:04.120 [debug] Telemetry event: [:fun_with_flags, :persistence, :write], metadata: %{flag_name: :core_features, gate: %FunWithFlags.Gate{type: :boolean, for: nil, enabled: true}}, measurements: %{system_time: 1757622304120098382}
14:25:04.120 [debug] QUERY OK source="fun_with_flags_toggles" db=0.0ms
INSERT INTO "fun_with_flags_toggles" AS f0 ("enabled","target","flag_name","gate_type") VALUES ($1,$2,$3,$4) ON CONFLICT ("flag_name","gate_type","target") DO UPDATE SET "enabled" = $5 RETURNING "id" [true, "_fwf_none", "interactive_roi_calculator", "boolean", true]
14:25:04.120 [debug] QUERY OK source="fun_with_flags_toggles" db=0.1ms
SELECT f0."id", f0."flag_name", f0."gate_type", f0."target", f0."enabled" FROM "fun_with_flags_toggles" AS f0 WHERE (f0."flag_name" = $1) ["interactive_roi_calculator"]
.14:25:04.120 [debug] Telemetry event: [:fun_with_flags, :persistence, :write], metadata: %{flag_name: :interactive_roi_calculator, gate: %FunWithFlags.Gate{type: :boolean, for: nil, enabled: true}}, measurements: %{system_time: 1757622304120494806}
.14:25:04.120 [debug] QUERY OK source="fun_with_flags_toggles" db=0.1ms
INSERT INTO "fun_with_flags_toggles" AS f0 ("enabled","target","flag_name","gate_type") VALUES ($1,$2,$3,$4) ON CONFLICT ("flag_name","gate_type","target") DO UPDATE SET "enabled" = $5 RETURNING "id" [true, "_fwf_none", "team_size_field", "boolean", true]
....14:25:04.121 [debug] QUERY OK source="fun_with_flags_toggles" db=0.1ms
SELECT f0."id", f0."flag_name", f0."gate_type", f0."target", f0."enabled" FROM "fun_with_flags_toggles" AS f0 WHERE (f0."flag_name" = $1) ["team_size_field"]
.14:25:04.121 [debug] Telemetry event: [:fun_with_flags, :persistence, :write], metadata: %{flag_name: :team_size_field, gate: %FunWithFlags.Gate{type: :boolean, for: nil, enabled: true}}, measurements: %{system_time: 1757622304121095912}
....14:25:04.121 [debug] QUERY OK source="fun_with_flags_toggles" db=0.1ms
INSERT INTO "fun_with_flags_toggles" AS f0 ("enabled","target","flag_name","gate_type") VALUES ($1,$2,$3,$4) ON CONFLICT ("flag_name","gate_type","target") DO UPDATE SET "enabled" = $5 RETURNING "id" [true, "_fwf_none", "feedback_form", "boolean", true]
14:25:04.121 [debug] QUERY OK source="fun_with_flags_toggles" db=0.1ms
SELECT f0."id", f0."flag_name", f0."gate_type", f0."target", f0."enabled" FROM "fun_with_flags_toggles" AS f0 WHERE (f0."flag_name" = $1) ["feedback_form"]
14:25:04.121 [debug] Telemetry event: [:fun_with_flags, :persistence, :write], metadata: %{flag_name: :feedback_form, gate: %FunWithFlags.Gate{type: :boolean, for: nil, enabled: true}}, measurements: %{system_time: 1757622304121690987}
14:25:04.121 [debug] QUERY OK source="fun_with_flags_toggles" db=0.1ms
SELECT f0."id", f0."flag_name", f0."gate_type", f0."target", f0."enabled" FROM "fun_with_flags_toggles" AS f0 WHERE (f0."flag_name" = $1) ["advanced_analytics"]
14:25:04.121 [debug] Telemetry event: [:fun_with_flags, :persistence, :read], metadata: %{flag_name: :advanced_analytics, gate: nil}, measurements: %{system_time: 1757622304121919200}
14:25:04.122 [debug] QUERY OK source="fun_with_flags_toggles" db=0.1ms
SELECT f0."id", f0."flag_name", f0."gate_type", f0."target", f0."enabled" FROM "fun_with_flags_toggles" AS f0 WHERE (f0."flag_name" = $1) ["advanced_analytics"]
14:25:04.122 [debug] Telemetry event: [:fun_with_flags, :persistence, :read], metadata: %{flag_name: :advanced_analytics, gate: nil}, measurements: %{system_time: 1757622304122171664}
14:25:04.122 [debug] QUERY OK source="fun_with_flags_toggles" db=0.0ms queue=0.1ms
SELECT f0."id", f0."flag_name", f0."gate_type", f0."target", f0."enabled" FROM "fun_with_flags_toggles" AS f0 WHERE (f0."flag_name" = $1) ["advanced_analytics"]
14:25:04.122 [debug] Telemetry event: [:fun_with_flags, :persistence, :read], metadata: %{flag_name: :advanced_analytics, gate: nil}, measurements: %{system_time: 1757622304122476048}
.14:25:04.123 [debug] QUERY OK source="fun_with_flags_toggles" db=0.1ms
INSERT INTO "fun_with_flags_toggles" AS f0 ("enabled","target","flag_name","gate_type") VALUES ($1,$2,$3,$4) ON CONFLICT ("flag_name","gate_type","target") DO UPDATE SET "enabled" = $5 RETURNING "id" [true, "_fwf_none", "core_features", "boolean", true]
14:25:04.123 [debug] QUERY OK source="fun_with_flags_toggles" db=0.1ms
SELECT f0."id", f0."flag_name", f0."gate_type", f0."target", f0."enabled" FROM "fun_with_flags_toggles" AS f0 WHERE (f0."flag_name" = $1) ["core_features"]
14:25:04.123 [debug] Telemetry event: [:fun_with_flags, :persistence, :write], metadata: %{flag_name: :core_features, gate: %FunWithFlags.Gate{type: :boolean, for: nil, enabled: true}}, measurements: %{system_time: 1757622304123422347}
14:25:04.123 [info] Handling pull_request event with action: "closed"
14:25:04.124 [debug] QUERY OK source="fun_with_flags_toggles" db=0.8ms
INSERT INTO "fun_with_flags_toggles" AS f0 ("enabled","target","flag_name","gate_type") VALUES ($1,$2,$3,$4) ON CONFLICT ("flag_name","gate_type","target") DO UPDATE SET "enabled" = $5 RETURNING "id" [true, "_fwf_none", "interactive_roi_calculator", "boolean", true]
14:25:04.124 [debug] QUERY OK source="fun_with_flags_toggles" db=0.1ms
SELECT f0."id", f0."flag_name", f0."gate_type", f0."target", f0."enabled" FROM "fun_with_flags_toggles" AS f0 WHERE (f0."flag_name" = $1) ["interactive_roi_calculator"]
14:25:04.124 [debug] Telemetry event: [:fun_with_flags, :persistence, :write], metadata: %{flag_name: :interactive_roi_calculator, gate: %FunWithFlags.Gate{type: :boolean, for: nil, enabled: true}}, measurements: %{system_time: 1757622304124746189}
14:25:04.125 [debug] QUERY OK source="fun_with_flags_toggles" db=0.1ms
INSERT INTO "fun_with_flags_toggles" AS f0 ("enabled","target","flag_name","gate_type") VALUES ($1,$2,$3,$4) ON CONFLICT ("flag_name","gate_type","target") DO UPDATE SET "enabled" = $5 RETURNING "id" [true, "_fwf_none", "team_size_field", "boolean", true]
14:25:04.125 [debug] QUERY OK source="fun_with_flags_toggles" db=0.1ms
SELECT f0."id", f0."flag_name", f0."gate_type", f0."target", f0."enabled" FROM "fun_with_flags_toggles" AS f0 WHERE (f0."flag_name" = $1) ["team_size_field"]
14:25:04.125 [debug] Telemetry event: [:fun_with_flags, :persistence, :write], metadata: %{flag_name: :team_size_field, gate: %FunWithFlags.Gate{type: :boolean, for: nil, enabled: true}}, measurements: %{system_time: 1757622304125410103}
14:25:04.125 [debug] QUERY OK source="fun_with_flags_toggles" db=0.1ms queue=0.2ms
INSERT INTO "fun_with_flags_toggles" AS f0 ("enabled","target","flag_name","gate_type") VALUES ($1,$2,$3,$4) ON CONFLICT ("flag_name","gate_type","target") DO UPDATE SET "enabled" = $5 RETURNING "id" [true, "_fwf_none", "feedback_form", "boolean", true]
14:25:04.125 [debug] QUERY OK source="fun_with_flags_toggles" db=0.0ms
SELECT f0."id", f0."flag_name", f0."gate_type", f0."target", f0."enabled" FROM "fun_with_flags_toggles" AS f0 WHERE (f0."flag_name" = $1) ["feedback_form"]
14:25:04.126 [debug] Telemetry event: [:fun_with_flags, :persistence, :write], metadata: %{flag_name: :feedback_form, gate: %FunWithFlags.Gate{type: :boolean, for: nil, enabled: true}}, measurements: %{system_time: 1757622304125984509}
14:25:04.126 [debug] QUERY OK source="fun_with_flags_toggles" db=0.4ms
SELECT f0."id", f0."flag_name", f0."gate_type", f0."target", f0."enabled" FROM "fun_with_flags_toggles" AS f0 WHERE (f0."flag_name" = $1) ["admin_dashboard"]
14:25:04.126 [debug] Telemetry event: [:fun_with_flags, :persistence, :read], metadata: %{flag_name: :admin_dashboard, gate: nil}, measurements: %{system_time: 1757622304126614327}
.14:25:04.127 [debug] QUERY OK source="fun_with_flags_toggles" db=0.1ms queue=0.2ms
INSERT INTO "fun_with_flags_toggles" AS f0 ("enabled","target","flag_name","gate_type") VALUES ($1,$2,$3,$4) ON CONFLICT ("flag_name","gate_type","target") DO UPDATE SET "enabled" = $5 RETURNING "id" [true, "_fwf_none", "core_features", "boolean", true]
14:25:04.128 [debug] QUERY OK source="fun_with_flags_toggles" db=0.1ms
SELECT f0."id", f0."flag_name", f0."gate_type", f0."target", f0."enabled" FROM "fun_with_flags_toggles" AS f0 WHERE (f0."flag_name" = $1) ["core_features"]
14:25:04.128 [debug] Telemetry event: [:fun_with_flags, :persistence, :write], metadata: %{flag_name: :core_features, gate: %FunWithFlags.Gate{type: :boolean, for: nil, enabled: true}}, measurements: %{system_time: 1757622304128041572}
14:25:04.128 [debug] QUERY OK source="fun_with_flags_toggles" db=0.4ms
INSERT INTO "fun_with_flags_toggles" AS f0 ("enabled","target","flag_name","gate_type") VALUES ($1,$2,$3,$4) ON CONFLICT ("flag_name","gate_type","target") DO UPDATE SET "enabled" = $5 RETURNING "id" [true, "_fwf_none", "interactive_roi_calculator", "boolean", true]
14:25:04.128 [debug] QUERY OK source="fun_with_flags_toggles" db=0.1ms
SELECT f0."id", f0."flag_name", f0."gate_type", f0."target", f0."enabled" FROM "fun_with_flags_toggles" AS f0 WHERE (f0."flag_name" = $1) ["interactive_roi_calculator"]
14:25:04.128 [debug] Telemetry event: [:fun_with_flags, :persistence, :write], metadata: %{flag_name: :interactive_roi_calculator, gate: %FunWithFlags.Gate{type: :boolean, for: nil, enabled: true}}, measurements: %{system_time: 1757622304128905277}
14:25:04.129 [debug] QUERY OK source="fun_with_flags_toggles" db=0.0ms
INSERT INTO "fun_with_flags_toggles" AS f0 ("enabled","target","flag_name","gate_type") VALUES ($1,$2,$3,$4) ON CONFLICT ("flag_name","gate_type","target") DO UPDATE SET "enabled" = $5 RETURNING "id" [true, "_fwf_none", "team_size_field", "boolean", true]
14:25:04.129 [debug] QUERY OK source="fun_with_flags_toggles" db=0.1ms
SELECT f0."id", f0."flag_name", f0."gate_type", f0."target", f0."enabled" FROM "fun_with_flags_toggles" AS f0 WHERE (f0."flag_name" = $1) ["team_size_field"]
14:25:04.129 [debug] Telemetry event: [:fun_with_flags, :persistence, :write], metadata: %{flag_name: :team_size_field, gate: %FunWithFlags.Gate{type: :boolean, for: nil, enabled: true}}, measurements: %{system_time: 1757622304129354834}
14:25:04.129 [debug] QUERY OK source="fun_with_flags_toggles" db=0.1ms
INSERT INTO "fun_with_flags_toggles" AS f0 ("enabled","target","flag_name","gate_type") VALUES ($1,$2,$3,$4) ON CONFLICT ("flag_name","gate_type","target") DO UPDATE SET "enabled" = $5 RETURNING "id" [true, "_fwf_none", "feedback_form", "boolean", true]
14:25:04.129 [debug] QUERY OK source="fun_with_flags_toggles" db=0.1ms
SELECT f0."id", f0."flag_name", f0."gate_type", f0."target", f0."enabled" FROM "fun_with_flags_toggles" AS f0 WHERE (f0."flag_name" = $1) ["feedback_form"]
14:25:04.129 [debug] Telemetry event: [:fun_with_flags, :persistence, :write], metadata: %{flag_name: :feedback_form, gate: %FunWithFlags.Gate{type: :boolean, for: nil, enabled: true}}, measurements: %{system_time: 1757622304129846949}
.14:25:04.130 [debug] QUERY OK source="fun_with_flags_toggles" db=0.0ms
INSERT INTO "fun_with_flags_toggles" AS f0 ("enabled","target","flag_name","gate_type") VALUES ($1,$2,$3,$4) ON CONFLICT ("flag_name","gate_type","target") DO UPDATE SET "enabled" = $5 RETURNING "id" [true, "_fwf_none", "core_features", "boolean", true]
14:25:04.130 [debug] QUERY OK source="fun_with_flags_toggles" db=0.0ms
SELECT f0."id", f0."flag_name", f0."gate_type", f0."target", f0."enabled" FROM "fun_with_flags_toggles" AS f0 WHERE (f0."flag_name" = $1) ["core_features"]
14:25:04.130 [debug] Telemetry event: [:fun_with_flags, :persistence, :write], metadata: %{flag_name: :core_features, gate: %FunWithFlags.Gate{type: :boolean, for: nil, enabled: true}}, measurements: %{system_time: 1757622304130390484}
14:25:04.130 [debug] QUERY OK source="fun_with_flags_toggles" db=0.0ms
INSERT INTO "fun_with_flags_toggles" AS f0 ("enabled","target","flag_name","gate_type") VALUES ($1,$2,$3,$4) ON CONFLICT ("flag_name","gate_type","target") DO UPDATE SET "enabled" = $5 RETURNING "id" [true, "_fwf_none", "interactive_roi_calculator", "boolean", true]
14:25:04.130 [debug] QUERY OK source="fun_with_flags_toggles" db=0.1ms
SELECT f0."id", f0."flag_name", f0."gate_type", f0."target", f0."enabled" FROM "fun_with_flags_toggles" AS f0 WHERE (f0."flag_name" = $1) ["interactive_roi_calculator"]
14:25:04.130 [debug] Telemetry event: [:fun_with_flags, :persistence, :write], metadata: %{flag_name: :interactive_roi_calculator, gate: %FunWithFlags.Gate{type: :boolean, for: nil, enabled: true}}, measurements: %{system_time: 1757622304130730296}
14:25:04.131 [debug] QUERY OK source="fun_with_flags_toggles" db=0.1ms
INSERT INTO "fun_with_flags_toggles" AS f0 ("enabled","target","flag_name","gate_type") VALUES ($1,$2,$3,$4) ON CONFLICT ("flag_name","gate_type","target") DO UPDATE SET "enabled" = $5 RETURNING "id" [true, "_fwf_none", "team_size_field", "boolean", true]
14:25:04.131 [debug] QUERY OK source="fun_with_flags_toggles" db=0.0ms
SELECT f0."id", f0."flag_name", f0."gate_type", f0."target", f0."enabled" FROM "fun_with_flags_toggles" AS f0 WHERE (f0."flag_name" = $1) ["team_size_field"]
14:25:04.131 [debug] Telemetry event: [:fun_with_flags, :persistence, :write], metadata: %{flag_name: :team_size_field, gate: %FunWithFlags.Gate{type: :boolean, for: nil, enabled: true}}, measurements: %{system_time: 1757622304131259379}
14:25:04.131 [debug] QUERY OK source="fun_with_flags_toggles" db=0.1ms
INSERT INTO "fun_with_flags_toggles" AS f0 ("enabled","target","flag_name","gate_type") VALUES ($1,$2,$3,$4) ON CONFLICT ("flag_name","gate_type","target") DO UPDATE SET "enabled" = $5 RETURNING "id" [true, "_fwf_none", "feedback_form", "boolean", true]
14:25:04.131 [debug] QUERY OK source="fun_with_flags_toggles" db=0.1ms
SELECT f0."id", f0."flag_name", f0."gate_type", f0."target", f0."enabled" FROM "fun_with_flags_toggles" AS f0 WHERE (f0."flag_name" = $1) ["feedback_form"]
14:25:04.131 [debug] Telemetry event: [:fun_with_flags, :persistence, :write], metadata: %{flag_name: :feedback_form, gate: %FunWithFlags.Gate{type: :boolean, for: nil, enabled: true}}, measurements: %{system_time: 1757622304131780446}
14:25:04.132 [debug] QUERY OK source="fun_with_flags_toggles" db=0.1ms
INSERT INTO "fun_with_flags_toggles" AS f0 ("enabled","target","flag_name","gate_type") VALUES ($1,$2,$3,$4) ON CONFLICT ("flag_name","gate_type","target") DO UPDATE SET "enabled" = $5 RETURNING "id" [false, "_fwf_none", "admin_dashboard", "boolean", false]
14:25:04.132 [debug] QUERY OK source="fun_with_flags_toggles" db=0.1ms
SELECT f0."id", f0."flag_name", f0."gate_type", f0."target", f0."enabled" FROM "fun_with_flags_toggles" AS f0 WHERE (f0."flag_name" = $1) ["admin_dashboard"]
14:25:04.132 [debug] Telemetry event: [:fun_with_flags, :persistence, :write], metadata: %{flag_name: :admin_dashboard, gate: %FunWithFlags.Gate{type: :boolean, for: nil, enabled: false}}, measurements: %{system_time: 1757622304132397464}
14:25:04.132 [debug] QUERY OK source="fun_with_flags_toggles" db=0.1ms
INSERT INTO "fun_with_flags_toggles" AS f0 ("enabled","target","flag_name","gate_type") VALUES ($1,$2,$3,$4) ON CONFLICT ("flag_name","gate_type","target") DO UPDATE SET "enabled" = $5 RETURNING "id" [false, "_fwf_none", "api_access", "boolean", false]
...14:25:04.133 [debug] QUERY OK source="fun_with_flags_toggles" db=0.1ms
SELECT f0."id", f0."flag_name", f0."gate_type", f0."target", f0."enabled" FROM "fun_with_flags_toggles" AS f0 WHERE (f0."flag_name" = $1) ["api_access"]
.14:25:04.133 [debug] Telemetry event: [:fun_with_flags, :persistence, :write], metadata: %{flag_name: :api_access, gate: %FunWithFlags.Gate{type: :boolean, for: nil, enabled: false}}, measurements: %{system_time: 1757622304133084275}
.....14:25:04.133 [debug] QUERY OK source="fun_with_flags_toggles" db=0.1ms
INSERT INTO "fun_with_flags_toggles" AS f0 ("enabled","target","flag_name","gate_type") VALUES ($1,$2,$3,$4) ON CONFLICT ("flag_name","gate_type","target") DO UPDATE SET "enabled" = $5 RETURNING "id" [false, "_fwf_none", "advanced_analytics", "boolean", false]
...............14:25:04.133 [debug] QUERY OK source="fun_with_flags_toggles" db=0.1ms
SELECT f0."id", f0."flag_name", f0."gate_type", f0."target", f0."enabled" FROM "fun_with_flags_toggles" AS f0 WHERE (f0."flag_name" = $1) ["advanced_analytics"]
.14:25:04.133 [debug] Telemetry event: [:fun_with_flags, :persistence, :write], metadata: %{flag_name: :advanced_analytics, gate: %FunWithFlags.Gate{type: :boolean, for: nil, enabled: false}}, measurements: %{system_time: 1757622304133667406}
.................................................14:25:04.185 [debug] QUERY OK source="fun_with_flags_toggles" db=0.2ms queue=0.1ms
SELECT f0."id", f0."flag_name", f0."gate_type", f0."target", f0."enabled" FROM "fun_with_flags_toggles" AS f0 WHERE (f0."flag_name" = $1) ["core_features"]
14:25:04.185 [debug] Telemetry event: [:fun_with_flags, :persistence, :read], metadata: %{flag_name: :core_features, gate: nil}, measurements: %{system_time: 1757622304185383656}
14:25:04.185 [debug] QUERY OK source="fun_with_flags_toggles" db=0.1ms
SELECT f0."id", f0."flag_name", f0."gate_type", f0."target", f0."enabled" FROM "fun_with_flags_toggles" AS f0 WHERE (f0."flag_name" = $1) ["interactive_roi_calculator"]
14:25:04.185 [debug] Telemetry event: [:fun_with_flags, :persistence, :read], metadata: %{flag_name: :interactive_roi_calculator, gate: nil}, measurements: %{system_time: 1757622304185758352}
14:25:04.185 [debug] QUERY OK source="fun_with_flags_toggles" db=0.1ms
SELECT f0."id", f0."flag_name", f0."gate_type", f0."target", f0."enabled" FROM "fun_with_flags_toggles" AS f0 WHERE (f0."flag_name" = $1) ["team_size_field"]
14:25:04.186 [debug] Telemetry event: [:fun_with_flags, :persistence, :read], metadata: %{flag_name: :team_size_field, gate: nil}, measurements: %{system_time: 1757622304186007721}
14:25:04.186 [debug] QUERY OK source="fun_with_flags_toggles" db=0.1ms
SELECT f0."id", f0."flag_name", f0."gate_type", f0."target", f0."enabled" FROM "fun_with_flags_toggles" AS f0 WHERE (f0."flag_name" = $1) ["feedback_form"]
14:25:04.186 [debug] Telemetry event: [:fun_with_flags, :persistence, :read], metadata: %{flag_name: :feedback_form, gate: nil}, measurements: %{system_time: 1757622304186286980}
.14:25:04.188 [debug] QUERY OK source="fun_with_flags_toggles" db=0.4ms queue=0.5ms
INSERT INTO "fun_with_flags_toggles" AS f0 ("enabled","target","flag_name","gate_type") VALUES ($1,$2,$3,$4) ON CONFLICT ("flag_name","gate_type","target") DO UPDATE SET "enabled" = $5 RETURNING "id" [true, "_fwf_none", "core_features", "boolean", true]
.........14:25:04.189 [debug] QUERY OK source="fun_with_flags_toggles" db=0.4ms queue=0.3ms
SELECT f0."id", f0."flag_name", f0."gate_type", f0."target", f0."enabled" FROM "fun_with_flags_toggles" AS f0 WHERE (f0."flag_name" = $1) ["core_features"]
.14:25:04.189 [debug] Telemetry event: [:fun_with_flags, :persistence, :write], metadata: %{flag_name: :core_features, gate: %FunWithFlags.Gate{type: :boolean, for: nil, enabled: true}}, measurements: %{system_time: 1757622304189134801}
....14:25:04.189 [debug] QUERY OK source="fun_with_flags_toggles" db=0.2ms
INSERT INTO "fun_with_flags_toggles" AS f0 ("enabled","target","flag_name","gate_type") VALUES ($1,$2,$3,$4) ON CONFLICT ("flag_name","gate_type","target") DO UPDATE SET "enabled" = $5 RETURNING "id" [true, "_fwf_none", "interactive_roi_calculator", "boolean", true]
14:25:04.189 [debug] QUERY OK source="fun_with_flags_toggles" db=0.1ms
SELECT f0."id", f0."flag_name", f0."gate_type", f0."target", f0."enabled" FROM "fun_with_flags_toggles" AS f0 WHERE (f0."flag_name" = $1) ["interactive_roi_calculator"]
14:25:04.189 [debug] Telemetry event: [:fun_with_flags, :persistence, :write], metadata: %{flag_name: :interactive_roi_calculator, gate: %FunWithFlags.Gate{type: :boolean, for: nil, enabled: true}}, measurements: %{system_time: 1757622304189739010}
14:25:04.189 [debug] QUERY OK source="fun_with_flags_toggles" db=0.1ms
INSERT INTO "fun_with_flags_toggles" AS f0 ("enabled","target","flag_name","gate_type") VALUES ($1,$2,$3,$4) ON CONFLICT ("flag_name","gate_type","target") DO UPDATE SET "enabled" = $5 RETURNING "id" [true, "_fwf_none", "team_size_field", "boolean", true]
14:25:04.190 [debug] QUERY OK source="fun_with_flags_toggles" db=0.1ms
SELECT f0."id", f0."flag_name", f0."gate_type", f0."target", f0."enabled" FROM "fun_with_flags_toggles" AS f0 WHERE (f0."flag_name" = $1) ["team_size_field"]
14:25:04.190 [debug] Telemetry event: [:fun_with_flags, :persistence, :write], metadata: %{flag_name: :team_size_field, gate: %FunWithFlags.Gate{type: :boolean, for: nil, enabled: true}}, measurements: %{system_time: 1757622304190193359}
14:25:04.191 [debug] QUERY OK source="fun_with_flags_toggles" db=0.7ms
INSERT INTO "fun_with_flags_toggles" AS f0 ("enabled","target","flag_name","gate_type") VALUES ($1,$2,$3,$4) ON CONFLICT ("flag_name","gate_type","target") DO UPDATE SET "enabled" = $5 RETURNING "id" [true, "_fwf_none", "feedback_form", "boolean", true]
14:25:04.191 [debug] QUERY OK source="fun_with_flags_toggles" db=0.3ms
SELECT f0."id", f0."flag_name", f0."gate_type", f0."target", f0."enabled" FROM "fun_with_flags_toggles" AS f0 WHERE (f0."flag_name" = $1) ["feedback_form"]
14:25:04.191 [debug] Telemetry event: [:fun_with_flags, :persistence, :write], metadata: %{flag_name: :feedback_form, gate: %FunWithFlags.Gate{type: :boolean, for: nil, enabled: true}}, measurements: %{system_time: 1757622304191544523}
.14:25:04.192 [debug] QUERY OK source="fun_with_flags_toggles" db=0.2ms
INSERT INTO "fun_with_flags_toggles" AS f0 ("enabled","target","flag_name","gate_type") VALUES ($1,$2,$3,$4) ON CONFLICT ("flag_name","gate_type","target") DO UPDATE SET "enabled" = $5 RETURNING "id" [true, "_fwf_none", "core_features", "boolean", true]
14:25:04.193 [debug] QUERY OK source="fun_with_flags_toggles" db=0.2ms queue=0.3ms
SELECT f0."id", f0."flag_name", f0."gate_type", f0."target", f0."enabled" FROM "fun_with_flags_toggles" AS f0 WHERE (f0."flag_name" = $1) ["core_features"]
14:25:04.193 [debug] Telemetry event: [:fun_with_flags, :persistence, :write], metadata: %{flag_name: :core_features, gate: %FunWithFlags.Gate{type: :boolean, for: nil, enabled: true}}, measurements: %{system_time: 1757622304193348723}
14:25:04.193 [debug] QUERY OK source="fun_with_flags_toggles" db=0.1ms
INSERT INTO "fun_with_flags_toggles" AS f0 ("enabled","target","flag_name","gate_type") VALUES ($1,$2,$3,$4) ON CONFLICT ("flag_name","gate_type","target") DO UPDATE SET "enabled" = $5 RETURNING "id" [true, "_fwf_none", "interactive_roi_calculator", "boolean", true]
14:25:04.194 [debug] QUERY OK source="fun_with_flags_toggles" db=0.1ms
SELECT f0."id", f0."flag_name", f0."gate_type", f0."target", f0."enabled" FROM "fun_with_flags_toggles" AS f0 WHERE (f0."flag_name" = $1) ["interactive_roi_calculator"]
14:25:04.194 [debug] Telemetry event: [:fun_with_flags, :persistence, :write], metadata: %{flag_name: :interactive_roi_calculator, gate: %FunWithFlags.Gate{type: :boolean, for: nil, enabled: true}}, measurements: %{system_time: 1757622304194034506}
14:25:04.194 [debug] QUERY OK source="fun_with_flags_toggles" db=0.0ms
INSERT INTO "fun_with_flags_toggles" AS f0 ("enabled","target","flag_name","gate_type") VALUES ($1,$2,$3,$4) ON CONFLICT ("flag_name","gate_type","target") DO UPDATE SET "enabled" = $5 RETURNING "id" [true, "_fwf_none", "team_size_field", "boolean", true]
14:25:04.194 [debug] QUERY OK source="fun_with_flags_toggles" db=0.0ms
SELECT f0."id", f0."flag_name", f0."gate_type", f0."target", f0."enabled" FROM "fun_with_flags_toggles" AS f0 WHERE (f0."flag_name" = $1) ["team_size_field"]
14:25:04.194 [debug] Telemetry event: [:fun_with_flags, :persistence, :write], metadata: %{flag_name: :team_size_field, gate: %FunWithFlags.Gate{type: :boolean, for: nil, enabled: true}}, measurements: %{system_time: 1757622304194427851}
14:25:04.194 [debug] QUERY OK source="fun_with_flags_toggles" db=0.0ms
INSERT INTO "fun_with_flags_toggles" AS f0 ("enabled","target","flag_name","gate_type") VALUES ($1,$2,$3,$4) ON CONFLICT ("flag_name","gate_type","target") DO UPDATE SET "enabled" = $5 RETURNING "id" [true, "_fwf_none", "feedback_form", "boolean", true]
14:25:04.194 [debug] QUERY OK source="fun_with_flags_toggles" db=0.0ms
SELECT f0."id", f0."flag_name", f0."gate_type", f0."target", f0."enabled" FROM "fun_with_flags_toggles" AS f0 WHERE (f0."flag_name" = $1) ["feedback_form"]
14:25:04.194 [debug] Telemetry event: [:fun_with_flags, :persistence, :write], metadata: %{flag_name: :feedback_form, gate: %FunWithFlags.Gate{type: :boolean, for: nil, enabled: true}}, measurements: %{system_time: 1757622304194678526}
14:25:04.194 [debug] QUERY OK source="fun_with_flags_toggles" db=0.1ms
SELECT f0."id", f0."flag_name", f0."gate_type", f0."target", f0."enabled" FROM "fun_with_flags_toggles" AS f0 WHERE (f0."flag_name" = $1) ["core_features"]
14:25:04.194 [debug] Telemetry event: [:fun_with_flags, :persistence, :read], metadata: %{flag_name: :core_features, gate: nil}, measurements: %{system_time: 1757622304194933212}
14:25:04.195 [debug] QUERY OK source="fun_with_flags_toggles" db=0.0ms
SELECT f0."id", f0."flag_name", f0."gate_type", f0."target", f0."enabled" FROM "fun_with_flags_toggles" AS f0 WHERE (f0."flag_name" = $1) ["core_features"]
14:25:04.195 [debug] Telemetry event: [:fun_with_flags, :persistence, :read], metadata: %{flag_name: :core_features, gate: nil}, measurements: %{system_time: 1757622304195239683}
14:25:04.195 [debug] QUERY OK source="fun_with_flags_toggles" db=0.1ms
SELECT f0."id", f0."flag_name", f0."gate_type", f0."target", f0."enabled" FROM "fun_with_flags_toggles" AS f0 WHERE (f0."flag_name" = $1) ["core_features"]
14:25:04.195 [debug] Telemetry event: [:fun_with_flags, :persistence, :read], metadata: %{flag_name: :core_features, gate: nil}, measurements: %{system_time: 1757622304195469857}
14:25:04.195 [debug] QUERY OK source="fun_with_flags_toggles" db=0.2ms
SELECT f0."id", f0."flag_name", f0."gate_type", f0."target", f0."enabled" FROM "fun_with_flags_toggles" AS f0 WHERE (f0."flag_name" = $1) ["core_features"]
14:25:04.195 [debug] Telemetry event: [:fun_with_flags, :persistence, :read], metadata: %{flag_name: :core_features, gate: nil}, measurements: %{system_time: 1757622304195862237}
14:25:04.196 [debug] QUERY OK source="fun_with_flags_toggles" db=0.0ms
SELECT f0."id", f0."flag_name", f0."gate_type", f0."target", f0."enabled" FROM "fun_with_flags_toggles" AS f0 WHERE (f0."flag_name" = $1) ["core_features"]
14:25:04.196 [debug] Telemetry event: [:fun_with_flags, :persistence, :read], metadata: %{flag_name: :core_features, gate: nil}, measurements: %{system_time: 1757622304196144714}
.14:25:04.197 [debug] QUERY OK source="fun_with_flags_toggles" db=0.4ms
INSERT INTO "fun_with_flags_toggles" AS f0 ("enabled","target","flag_name","gate_type") VALUES ($1,$2,$3,$4) ON CONFLICT ("flag_name","gate_type","target") DO UPDATE SET "enabled" = $5 RETURNING "id" [true, "_fwf_none", "core_features", "boolean", true]
14:25:04.197 [debug] QUERY OK source="fun_with_flags_toggles" db=0.2ms
SELECT f0."id", f0."flag_name", f0."gate_type", f0."target", f0."enabled" FROM "fun_with_flags_toggles" AS f0 WHERE (f0."flag_name" = $1) ["core_features"]
14:25:04.197 [debug] Telemetry event: [:fun_with_flags, :persistence, :write], metadata: %{flag_name: :core_features, gate: %FunWithFlags.Gate{type: :boolean, for: nil, enabled: true}}, measurements: %{system_time: 1757622304197549228}
14:25:04.198 [debug] QUERY OK source="fun_with_flags_toggles" db=0.3ms
INSERT INTO "fun_with_flags_toggles" AS f0 ("enabled","target","flag_name","gate_type") VALUES ($1,$2,$3,$4) ON CONFLICT ("flag_name","gate_type","target") DO UPDATE SET "enabled" = $5 RETURNING "id" [true, "_fwf_none", "interactive_roi_calculator", "boolean", true]
14:25:04.198 [debug] QUERY OK source="fun_with_flags_toggles" db=0.2ms
SELECT f0."id", f0."flag_name", f0."gate_type", f0."target", f0."enabled" FROM "fun_with_flags_toggles" AS f0 WHERE (f0."flag_name" = $1) ["interactive_roi_calculator"]
14:25:04.198 [debug] Telemetry event: [:fun_with_flags, :persistence, :write], metadata: %{flag_name: :interactive_roi_calculator, gate: %FunWithFlags.Gate{type: :boolean, for: nil, enabled: true}}, measurements: %{system_time: 1757622304198602094}
14:25:04.198 [debug] QUERY OK source="fun_with_flags_toggles" db=0.1ms queue=0.1ms
INSERT INTO "fun_with_flags_toggles" AS f0 ("enabled","target","flag_name","gate_type") VALUES ($1,$2,$3,$4) ON CONFLICT ("flag_name","gate_type","target") DO UPDATE SET "enabled" = $5 RETURNING "id" [true, "_fwf_none", "team_size_field", "boolean", true]
14:25:04.199 [debug] QUERY OK source="fun_with_flags_toggles" db=0.0ms
SELECT f0."id", f0."flag_name", f0."gate_type", f0."target", f0."enabled" FROM "fun_with_flags_toggles" AS f0 WHERE (f0."flag_name" = $1) ["team_size_field"]
14:25:04.199 [debug] Telemetry event: [:fun_with_flags, :persistence, :write], metadata: %{flag_name: :team_size_field, gate: %FunWithFlags.Gate{type: :boolean, for: nil, enabled: true}}, measurements: %{system_time: 1757622304199195571}
14:25:04.199 [debug] QUERY OK source="fun_with_flags_toggles" db=0.1ms
INSERT INTO "fun_with_flags_toggles" AS f0 ("enabled","target","flag_name","gate_type") VALUES ($1,$2,$3,$4) ON CONFLICT ("flag_name","gate_type","target") DO UPDATE SET "enabled" = $5 RETURNING "id" [true, "_fwf_none", "feedback_form", "boolean", true]
14:25:04.199 [debug] QUERY OK source="fun_with_flags_toggles" db=0.1ms
SELECT f0."id", f0."flag_name", f0."gate_type", f0."target", f0."enabled" FROM "fun_with_flags_toggles" AS f0 WHERE (f0."flag_name" = $1) ["feedback_form"]
14:25:04.199 [debug] Telemetry event: [:fun_with_flags, :persistence, :write], metadata: %{flag_name: :feedback_form, gate: %FunWithFlags.Gate{type: :boolean, for: nil, enabled: true}}, measurements: %{system_time: 1757622304199762097}
14:25:04.200 [debug] QUERY OK source="fun_with_flags_toggles" db=0.3ms
INSERT INTO "fun_with_flags_toggles" AS f0 ("enabled","target","flag_name","gate_type") VALUES ($1,$2,$3,$4) ON CONFLICT ("flag_name","gate_type","target") DO UPDATE SET "enabled" = $5 RETURNING "id" [false, "_fwf_none", "admin_dashboard", "boolean", false]
14:25:04.200 [debug] QUERY OK source="fun_with_flags_toggles" db=0.1ms
SELECT f0."id", f0."flag_name", f0."gate_type", f0."target", f0."enabled" FROM "fun_with_flags_toggles" AS f0 WHERE (f0."flag_name" = $1) ["admin_dashboard"]
14:25:04.200 [debug] Telemetry event: [:fun_with_flags, :persistence, :write], metadata: %{flag_name: :admin_dashboard, gate: %FunWithFlags.Gate{type: :boolean, for: nil, enabled: false}}, measurements: %{system_time: 1757622304200586848}
14:25:04.200 [debug] QUERY OK source="fun_with_flags_toggles" db=0.1ms
INSERT INTO "fun_with_flags_toggles" AS f0 ("enabled","target","flag_name","gate_type") VALUES ($1,$2,$3,$4) ON CONFLICT ("flag_name","gate_type","target") DO UPDATE SET "enabled" = $5 RETURNING "id" [false, "_fwf_none", "api_access", "boolean", false]
14:25:04.201 [debug] QUERY OK source="fun_with_flags_toggles" db=0.1ms
SELECT f0."id", f0."flag_name", f0."gate_type", f0."target", f0."enabled" FROM "fun_with_flags_toggles" AS f0 WHERE (f0."flag_name" = $1) ["api_access"]
14:25:04.201 [debug] Telemetry event: [:fun_with_flags, :persistence, :write], metadata: %{flag_name: :api_access, gate: %FunWithFlags.Gate{type: :boolean, for: nil, enabled: false}}, measurements: %{system_time: 1757622304201055696}
14:25:04.201 [debug] QUERY OK source="fun_with_flags_toggles" db=0.2ms
INSERT INTO "fun_with_flags_toggles" AS f0 ("enabled","target","flag_name","gate_type") VALUES ($1,$2,$3,$4) ON CONFLICT ("flag_name","gate_type","target") DO UPDATE SET "enabled" = $5 RETURNING "id" [false, "_fwf_none", "advanced_analytics", "boolean", false]
14:25:04.201 [debug] QUERY OK source="fun_with_flags_toggles" db=0.1ms
SELECT f0."id", f0."flag_name", f0."gate_type", f0."target", f0."enabled" FROM "fun_with_flags_toggles" AS f0 WHERE (f0."flag_name" = $1) ["advanced_analytics"]
14:25:04.201 [debug] Telemetry event: [:fun_with_flags, :persistence, :write], metadata: %{flag_name: :advanced_analytics, gate: %FunWithFlags.Gate{type: :boolean, for: nil, enabled: false}}, measurements: %{system_time: 1757622304201633141}
........................................................................................................14:25:04.252 [debug] QUERY OK source="fun_with_flags_toggles" db=0.2ms
SELECT f0."id", f0."flag_name", f0."gate_type", f0."target", f0."enabled" FROM "fun_with_flags_toggles" AS f0 WHERE (f0."flag_name" = $1) ["unknown_flag"]
14:25:04.252 [debug] Telemetry event: [:fun_with_flags, :persistence, :read], metadata: %{flag_name: :unknown_flag, gate: nil}, measurements: %{system_time: 1757622304252195526}
.14:25:04.253 [debug] QUERY OK source="fun_with_flags_toggles" db=0.2ms
INSERT INTO "fun_with_flags_toggles" AS f0 ("enabled","target","flag_name","gate_type") VALUES ($1,$2,$3,$4) ON CONFLICT ("flag_name","gate_type","target") DO UPDATE SET "enabled" = $5 RETURNING "id" [true, "_fwf_none", "core_features", "boolean", true]
14:25:04.253 [debug] QUERY OK source="fun_with_flags_toggles" db=0.0ms
SELECT f0."id", f0."flag_name", f0."gate_type", f0."target", f0."enabled" FROM "fun_with_flags_toggles" AS f0 WHERE (f0."flag_name" = $1) ["core_features"]
14:25:04.253 [debug] Telemetry event: [:fun_with_flags, :persistence, :write], metadata: %{flag_name: :core_features, gate: %FunWithFlags.Gate{type: :boolean, for: nil, enabled: true}}, measurements: %{system_time: 1757622304253417694}
14:25:04.253 [debug] QUERY OK source="fun_with_flags_toggles" db=0.1ms
INSERT INTO "fun_with_flags_toggles" AS f0 ("enabled","target","flag_name","gate_type") VALUES ($1,$2,$3,$4) ON CONFLICT ("flag_name","gate_type","target") DO UPDATE SET "enabled" = $5 RETURNING "id" [true, "_fwf_none", "interactive_roi_calculator", "boolean", true]
14:25:04.253 [debug] QUERY OK source="fun_with_flags_toggles" db=0.0ms
SELECT f0."id", f0."flag_name", f0."gate_type", f0."target", f0."enabled" FROM "fun_with_flags_toggles" AS f0 WHERE (f0."flag_name" = $1) ["interactive_roi_calculator"]
14:25:04.253 [debug] Telemetry event: [:fun_with_flags, :persistence, :write], metadata: %{flag_name: :interactive_roi_calculator, gate: %FunWithFlags.Gate{type: :boolean, for: nil, enabled: true}}, measurements: %{system_time: 1757622304253809093}
14:25:04.253 [debug] QUERY OK source="fun_with_flags_toggles" db=0.0ms
INSERT INTO "fun_with_flags_toggles" AS f0 ("enabled","target","flag_name","gate_type") VALUES ($1,$2,$3,$4) ON CONFLICT ("flag_name","gate_type","target") DO UPDATE SET "enabled" = $5 RETURNING "id" [true, "_fwf_none", "team_size_field", "boolean", true]
14:25:04.254 [debug] QUERY OK source="fun_with_flags_toggles" db=0.0ms
SELECT f0."id", f0."flag_name", f0."gate_type", f0."target", f0."enabled" FROM "fun_with_flags_toggles" AS f0 WHERE (f0."flag_name" = $1) ["team_size_field"]
14:25:04.254 [debug] Telemetry event: [:fun_with_flags, :persistence, :write], metadata: %{flag_name: :team_size_field, gate: %FunWithFlags.Gate{type: :boolean, for: nil, enabled: true}}, measurements: %{system_time: 1757622304254053919}
14:25:04.254 [debug] QUERY OK source="fun_with_flags_toggles" db=0.1ms
INSERT INTO "fun_with_flags_toggles" AS f0 ("enabled","target","flag_name","gate_type") VALUES ($1,$2,$3,$4) ON CONFLICT ("flag_name","gate_type","target") DO UPDATE SET "enabled" = $5 RETURNING "id" [true, "_fwf_none", "feedback_form", "boolean", true]
14:25:04.254 [debug] QUERY OK source="fun_with_flags_toggles" db=0.0ms
SELECT f0."id", f0."flag_name", f0."gate_type", f0."target", f0."enabled" FROM "fun_with_flags_toggles" AS f0 WHERE (f0."flag_name" = $1) ["feedback_form"]
14:25:04.254 [debug] Telemetry event: [:fun_with_flags, :persistence, :write], metadata: %{flag_name: :feedback_form, gate: %FunWithFlags.Gate{type: :boolean, for: nil, enabled: true}}, measurements: %{system_time: 1757622304254434567}
14:25:04.254 [debug] QUERY OK source="fun_with_flags_toggles" db=0.0ms
SELECT f0."id", f0."flag_name", f0."gate_type", f0."target", f0."enabled" FROM "fun_with_flags_toggles" AS f0 WHERE (f0."flag_name" = $1) ["api_access"]
14:25:04.254 [debug] Telemetry event: [:fun_with_flags, :persistence, :read], metadata: %{flag_name: :api_access, gate: nil}, measurements: %{system_time: 1757622304254638735}
14:25:04.254 [debug] QUERY OK source="fun_with_flags_toggles" db=0.1ms
SELECT f0."id", f0."flag_name", f0."gate_type", f0."target", f0."enabled" FROM "fun_with_flags_toggles" AS f0 WHERE (f0."flag_name" = $1) ["api_access"]
14:25:04.254 [debug] Telemetry event: [:fun_with_flags, :persistence, :read], metadata: %{flag_name: :api_access, gate: nil}, measurements: %{system_time: 1757622304254879328}
........14:25:04.255 [debug] QUERY OK source="fun_with_flags_toggles" db=0.3ms
INSERT INTO "fun_with_flags_toggles" AS f0 ("enabled","target","flag_name","gate_type") VALUES ($1,$2,$3,$4) ON CONFLICT ("flag_name","gate_type","target") DO UPDATE SET "enabled" = $5 RETURNING "id" [true, "_fwf_none", "core_features", "boolean", true]
..14:25:04.256 [debug] QUERY OK source="fun_with_flags_toggles" db=0.3ms
SELECT f0."id", f0."flag_name", f0."gate_type", f0."target", f0."enabled" FROM "fun_with_flags_toggles" AS f0 WHERE (f0."flag_name" = $1) ["core_features"]
14:25:04.256 [debug] Telemetry event: [:fun_with_flags, :persistence, :write], metadata: %{flag_name: :core_features, gate: %FunWithFlags.Gate{type: :boolean, for: nil, enabled: true}}, measurements: %{system_time: 1757622304256217262}
14:25:04.256 [debug] QUERY OK source="fun_with_flags_toggles" db=0.2ms
INSERT INTO "fun_with_flags_toggles" AS f0 ("enabled","target","flag_name","gate_type") VALUES ($1,$2,$3,$4) ON CONFLICT ("flag_name","gate_type","target") DO UPDATE SET "enabled" = $5 RETURNING "id" [true, "_fwf_none", "interactive_roi_calculator", "boolean", true]
14:25:04.256 [debug] QUERY OK source="fun_with_flags_toggles" db=0.1ms
SELECT f0."id", f0."flag_name", f0."gate_type", f0."target", f0."enabled" FROM "fun_with_flags_toggles" AS f0 WHERE (f0."flag_name" = $1) ["interactive_roi_calculator"]
14:25:04.256 [debug] Telemetry event: [:fun_with_flags, :persistence, :write], metadata: %{flag_name: :interactive_roi_calculator, gate: %FunWithFlags.Gate{type: :boolean, for: nil, enabled: true}}, measurements: %{system_time: 1757622304256870805}
14:25:04.257 [debug] QUERY OK source="fun_with_flags_toggles" db=0.1ms
INSERT INTO "fun_with_flags_toggles" AS f0 ("enabled","target","flag_name","gate_type") VALUES ($1,$2,$3,$4) ON CONFLICT ("flag_name","gate_type","target") DO UPDATE SET "enabled" = $5 RETURNING "id" [true, "_fwf_none", "team_size_field", "boolean", true]
14:25:04.257 [debug] QUERY OK source="fun_with_flags_toggles" db=0.1ms
SELECT f0."id", f0."flag_name", f0."gate_type", f0."target", f0."enabled" FROM "fun_with_flags_toggles" AS f0 WHERE (f0."flag_name" = $1) ["team_size_field"]
14:25:04.257 [debug] Telemetry event: [:fun_with_flags, :persistence, :write], metadata: %{flag_name: :team_size_field, gate: %FunWithFlags.Gate{type: :boolean, for: nil, enabled: true}}, measurements: %{system_time: 1757622304257386408}
14:25:04.257 [debug] QUERY OK source="fun_with_flags_toggles" db=0.3ms
INSERT INTO "fun_with_flags_toggles" AS f0 ("enabled","target","flag_name","gate_type") VALUES ($1,$2,$3,$4) ON CONFLICT ("flag_name","gate_type","target") DO UPDATE SET "enabled" = $5 RETURNING "id" [true, "_fwf_none", "feedback_form", "boolean", true]
14:25:04.258 [debug] QUERY OK source="fun_with_flags_toggles" db=0.1ms
SELECT f0."id", f0."flag_name", f0."gate_type", f0."target", f0."enabled" FROM "fun_with_flags_toggles" AS f0 WHERE (f0."flag_name" = $1) ["feedback_form"]
.14:25:04.258 [debug] Telemetry event: [:fun_with_flags, :persistence, :write], metadata: %{flag_name: :feedback_form, gate: %FunWithFlags.Gate{type: :boolean, for: nil, enabled: true}}, measurements: %{system_time: 1757622304258212550}
14:25:04.263 [debug] QUERY OK source="fix_attempts" db=76.9ms queue=0.6ms
SELECT f0."id", f0."github_org", f0."repo_name", f0."issue_number", f0."pr_number", f0."status", f0."merged_at", f0."billing_status", f0."requires_manual_approval", f0."approved_by", f0."approved_at", f0."approval_notes", f0."platform", f0."customer_id", f0."api_key_used", f0."pr_title", f0."pr_url", f0."issue_title", f0."issue_url", f0."commit_sha", f0."merged_by", f0."metadata", f0."amount", f0."currency", f0."billed_at", f0."refunded_at", f0."inserted_at", f0."updated_at" FROM "fix_attempts" AS f0 WHERE (((f0."github_org" = $1) AND (f0."repo_name" = $2)) AND (f0."pr_number" = $3)) ["test-org", "test-repo", 42]
14:25:04.263 [debug] QUERY OK source="fix_attempts" db=0.2ms queue=0.3ms
UPDATE "fix_attempts" SET "status" = $1, "merged_at" = $2, "updated_at" = $3 WHERE "id" = $4 ["merged", ~U[2025-09-11 20:25:04.263114Z], ~N[2025-09-11 20:25:04], 10468]
.14:25:04.264 [info] Routing GitHub event: "unknown_event"
.14:25:04.264 [info] Routing GitHub event: "issues"
.14:25:04.264 [debug] Signature verification - received: sha256=d7459b1abbcaacb815fba09fa22178f9728c2c341401ace578b4599509ef6659
.14:25:04.264 [debug] Signature verification - expected: sha256=d7459b1abbcaacb815fba09fa22178f9728c2c341401ace578b4599509ef6659
....................................................14:25:04.318 [warning] Suspicious pattern detected: ~r/(\{|\[){50,}/
....................................14:25:04.350 [debug] QUERY OK source="customers" db=0.4ms queue=0.2ms
INSERT INTO "customers" ("active","name","metadata","email","is_staff","subscription_plan","monthly_limit","current_usage","fixes_quota_this_month","fixes_used_this_month","has_payment_method","rollover_fixes","subscription_status","trial_fixes_limit","trial_fixes_used","inserted_at","updated_at") VALUES ($1,$2,$3,$4,$5,$6,$7,$8,$9,$10,$11,$12,$13,$14,$15,$16,$17) RETURNING "id" [true, "Test Customer 3597", %{}, "test3597@example.com", false, "trial", 100, 15, 0, 0, false, 0, "active", 5, 0, ~N[2025-09-11 20:25:04], ~N[2025-09-11 20:25:04]]
14:25:04.351 [debug] QUERY OK source="api_keys" db=0.5ms queue=0.2ms
INSERT INTO "api_keys" ("active","name","permissions","key","customer_id","inserted_at","updated_at") VALUES ($1,$2,$3,$4,$5,$6,$7) RETURNING "id" [true, "Test Key", ["full_access"], "rsolv_bnDca6aCe11J9MbG0cOjeAZUl_K2xVxi7gC4fM9XL4A", 71979, ~U[2025-09-11 20:25:04Z], ~U[2025-09-11 20:25:04Z]]
14:25:04.351 request_id=GGRULGwrTNckpGcAACiD [info] GET /api/v1/patterns
..................................................................14:25:04.371 [debug] QUERY OK source="customers" db=0.5ms queue=0.3ms
INSERT INTO "customers" ("active","name","metadata","email","is_staff","subscription_plan","monthly_limit","current_usage","fixes_quota_this_month","fixes_used_this_month","has_payment_method","rollover_fixes","subscription_status","trial_fixes_limit","trial_fixes_used","inserted_at","updated_at") VALUES ($1,$2,$3,$4,$5,$6,$7,$8,$9,$10,$11,$12,$13,$14,$15,$16,$17) RETURNING "id" [true, "Test Customer 4875", %{}, "test4875@example.com", false, "trial", 100, 15, 0, 0, false, 0, "active", 5, 0, ~N[2025-09-11 20:25:04], ~N[2025-09-11 20:25:04]]
14:25:04.372 [debug] QUERY OK source="api_keys" db=1.0ms queue=0.2ms
INSERT INTO "api_keys" ("active","name","permissions","key","customer_id","inserted_at","updated_at") VALUES ($1,$2,$3,$4,$5,$6,$7) RETURNING "id" [true, "Test Key", ["full_access"], "rsolv_gg2U0N9e2TjK5Z11pxHwYawApbcmwjaDPcudoaG5KWs", 71980, ~U[2025-09-11 20:25:04Z], ~U[2025-09-11 20:25:04Z]]
14:25:04.372 request_id=GGRULG1ukSQdfxQAAB0R [info] POST /api/v1/vulnerabilities/validate
................14:25:04.386 [info] AUDIT_EVENT: input_validation_failed
..14:25:04.440 [warning] Suspicious pattern detected: ~r/\bshell_exec/
.14:25:04.441 [info] AUDIT_EVENT: input_validation_failed
.14:25:04.441 [warning] Suspicious pattern detected: ~r/instance_eval/
.14:25:04.441 [info] AUDIT_EVENT: input_validation_failed
.14:25:04.441 [warning] Suspicious pattern detected: ~r/\beval\s*\(/
14:25:04.441 [info] AUDIT_EVENT: input_validation_failed
14:25:04.441 [warning] Suspicious pattern detected: ~r/__import__/
14:25:04.441 [info] AUDIT_EVENT: input_validation_failed
....................................................................................14:25:04.469 [info] AUDIT_EVENT: rate_limit_exceeded
14:25:04.469 [info] AUDIT_EVENT: rate_limit_exceeded
14:25:04.469 [warning] Suspicious pattern detected: ~r/`.*`/
14:25:04.469 [info] AUDIT_EVENT: input_validation_failed
14:25:04.469 [warning] Suspicious pattern detected: ~r/\beval\s*\(/
.14:25:04.469 [info] AUDIT_EVENT: input_validation_failed
.14:25:04.469 [warning] Suspicious pattern detected: ~r/\.\.[\/\\]/
.14:25:04.469 [info] AUDIT_EVENT: input_validation_failed
................................................................................14:25:04.509 request_id=GGRULE6KoR6E6pwAABiO [debug] Processing with RsolvWeb.Admin.CustomerLive.Index.index/2
  Parameters: %{}
  Pipelines: [:browser, :fetch_current_customer, :require_staff_customer]
14:25:04.509 request_id=GGRULE0ZkUzB00sAABgG [debug] Processing with RsolvWeb.Api.V1.VulnerabilityValidationRouter.validate/2
  Parameters: %{"files" => %{"app.js" => "app.post('/calc', (req, res) => {\n  const result = eval(req.body.expression);\n  res.json({result});\n});\n"}, "vulnerabilities" => [%{"code" => "eval(req.body.expression)", "filePath" => "app.js", "id" => "test-vuln", "line" => 5, "patternId" => "eval-injection", "severity" => "critical"}]}
  Pipelines: [:api]
14:25:04.509 request_id=GGRULE0Zt8XI_GYAABWR [debug] Processing with RsolvWeb.Admin.SessionController.create/2
  Parameters: %{"session" => %{"email" => "customer-576460752303420792@example.com", "password" => "[FILTERED]"}}
  Pipelines: [:browser]
14:25:04.509 request_id=GGRULGwrTNckpGcAACiD [debug] Processing with RsolvWeb.Api.V1.PatternController.index/2
  Parameters: %{"format" => "enhanced", "language" => "php"}
  Pipelines: [:api]
14:25:04.509 request_id=GGRULE0ZkBvgoiYAACYD [debug] Processing with RsolvWeb.Admin.CustomerLive.Show.show/2
  Parameters: %{"id" => "71976"}
  Pipelines: [:browser, :fetch_current_customer, :require_staff_customer]
14:25:04.509 request_id=GGRULG1ukSQdfxQAAB0R [debug] Processing with RsolvWeb.Api.V1.VulnerabilityValidationRouter.validate/2
  Parameters: %{"files" => %{"app/utils/safe.js" => "const safeCalculate = (expression) => {\n  // Don't use eval() - it's dangerous\n  // Instead use a safe math parser\n  return mathParser.evaluate(expression);\n};\n"}, "vulnerabilities" => [%{"code" => "// Don't use eval() - it's dangerous", "filePath" => "app/utils/safe.js", "id" => "vuln-456", "line" => 2, "patternId" => "js-eval-injection", "severity" => "critical"}]}
  Pipelines: [:api]
14:25:04.509 request_id=GGRULE40eR_nvF8AABYR [debug] Processing with RsolvWeb.Admin.CustomerLive.Index.index/2
  Parameters: %{}
  Pipelines: [:browser, :fetch_current_customer, :require_staff_customer]
14:25:04.509 request_id=GGRULE0Zk7Arlx4AABkQ [debug] Processing with RsolvWeb.PageController.submit_early_access/2
  Parameters: %{"email" => "user@example.com"}
  Pipelines: [:browser]
14:25:04.509 request_id=GGRULE0Zj4Gf4hYAACII [debug] Processing with RsolvWeb.Admin.CustomerLive.Show.show/2
  Parameters: %{"id" => "71973"}
  Pipelines: [:browser, :fetch_current_customer, :require_staff_customer]
......14:25:04.517 request_id=GGRULG1ukSQdfxQAAB0R [debug] QUERY OK source="fun_with_flags_toggles" db=0.2ms
SELECT f0."id", f0."flag_name", f0."gate_type", f0."target", f0."enabled" FROM "fun_with_flags_toggles" AS f0 WHERE (f0."flag_name" = $1) ["false_positive_caching"]
14:25:04.517 request_id=GGRULG1ukSQdfxQAAB0R [debug] Telemetry event: [:fun_with_flags, :persistence, :read], metadata: %{flag_name: :false_positive_caching, gate: nil}, measurements: %{system_time: 1757622304517153172}
14:25:04.517 request_id=GGRULG1ukSQdfxQAAB0R [debug] Using standard validation controller (feature flag disabled)
14:25:04.517 request_id=GGRULE0ZkUzB00sAABgG [debug] QUERY OK source="fun_with_flags_toggles" db=0.7ms
SELECT f0."id", f0."flag_name", f0."gate_type", f0."target", f0."enabled" FROM "fun_with_flags_toggles" AS f0 WHERE (f0."flag_name" = $1) ["false_positive_caching"]
14:25:04.517 request_id=GGRULE0ZkUzB00sAABgG [debug] Telemetry event: [:fun_with_flags, :persistence, :read], metadata: %{flag_name: :false_positive_caching, gate: nil}, measurements: %{system_time: 1757622304517644350}
14:25:04.517 request_id=GGRULE0ZkUzB00sAABgG [debug] Using standard validation controller (feature flag disabled)
14:25:04.520 request_id=GGRULGwrTNckpGcAACiD [info] Pattern API called with params: %{"format" => "enhanced", "language" => "php"}
14:25:04.520 request_id=GGRULGwrTNckpGcAACiD [info] Language: php, Format: enhanced
14:25:04.520 request_id=GGRULGwrTNckpGcAACiD [info] API key status: :none
14:25:04.520 request_id=GGRULGwrTNckpGcAACiD [info] Getting demo patterns for php
..................................14:25:04.527 request_id=GGRULGwrTNckpGcAACiD [info] Retrieved 3 patterns
14:25:04.527 request_id=GGRULGwrTNckpGcAACiD [debug] Formatting pattern: "php-sql-injection-concat"
14:25:04.528 request_id=GGRULGwrTNckpGcAACiD [debug] Formatted pattern keys: ["cweId", "description", "examples", "frameworks", "id", "languages", "name", "owaspCategory", "recommendation", "regex", "regexPatterns", "severity", "supportsAst", "type"]
14:25:04.528 request_id=GGRULGwrTNckpGcAACiD [debug] Formatting pattern: "php-xss-echo"
14:25:04.528 request_id=GGRULGwrTNckpGcAACiD [debug] Formatted pattern keys: ["cweId", "description", "examples", "frameworks", "id", "languages", "name", "owaspCategory", "recommendation", "regex", "regexPatterns", "severity", "supportsAst", "type"]
14:25:04.528 request_id=GGRULGwrTNckpGcAACiD [debug] Formatting pattern: "php-file-inclusion"
14:25:04.528 request_id=GGRULGwrTNckpGcAACiD [debug] Formatted pattern keys: ["cweId", "description", "examples", "frameworks", "id", "languages", "name", "owaspCategory", "recommendation", "regex", "regexPatterns", "severity", "supportsAst", "type"]
14:25:04.531 request_id=GGRULE40eR_nvF8AABYR [debug] QUERY OK source="customers" db=0.4ms queue=0.3ms
SELECT c0."id", c0."name", c0."email", c0."monthly_limit", c0."current_usage", c0."active", c0."metadata", c0."password_hash", c0."is_staff", c0."admin_level", c0."trial_fixes_used", c0."trial_fixes_limit", c0."stripe_customer_id", c0."subscription_plan", c0."subscription_status", c0."rollover_fixes", c0."payment_method_added_at", c0."trial_expired_at", c0."fixes_used_this_month", c0."fixes_quota_this_month", c0."has_payment_method", c0."inserted_at", c0."updated_at" FROM "customers" AS c0 WHERE (c0."id" = $1) [71972]
14:25:04.531 request_id=GGRULE0ZkBvgoiYAACYD [debug] QUERY OK source="customers" db=0.4ms queue=0.3ms
SELECT c0."id", c0."name", c0."email", c0."monthly_limit", c0."current_usage", c0."active", c0."metadata", c0."password_hash", c0."is_staff", c0."admin_level", c0."trial_fixes_used", c0."trial_fixes_limit", c0."stripe_customer_id", c0."subscription_plan", c0."subscription_status", c0."rollover_fixes", c0."payment_method_added_at", c0."trial_expired_at", c0."fixes_used_this_month", c0."fixes_quota_this_month", c0."has_payment_method", c0."inserted_at", c0."updated_at" FROM "customers" AS c0 WHERE (c0."id" = $1) [71971]
14:25:04.531 request_id=GGRULE6KoR6E6pwAABiO [debug] QUERY OK source="customers" db=0.4ms queue=0.3ms
SELECT c0."id", c0."name", c0."email", c0."monthly_limit", c0."current_usage", c0."active", c0."metadata", c0."password_hash", c0."is_staff", c0."admin_level", c0."trial_fixes_used", c0."trial_fixes_limit", c0."stripe_customer_id", c0."subscription_plan", c0."subscription_status", c0."rollover_fixes", c0."payment_method_added_at", c0."trial_expired_at", c0."fixes_used_this_month", c0."fixes_quota_this_month", c0."has_payment_method", c0."inserted_at", c0."updated_at" FROM "customers" AS c0 WHERE (c0."id" = $1) [71967]
14:25:04.531 request_id=GGRULE0Zj4Gf4hYAACII [debug] QUERY OK source="customers" db=0.3ms queue=0.6ms
SELECT c0."id", c0."name", c0."email", c0."monthly_limit", c0."current_usage", c0."active", c0."metadata", c0."password_hash", c0."is_staff", c0."admin_level", c0."trial_fixes_used", c0."trial_fixes_limit", c0."stripe_customer_id", c0."subscription_plan", c0."subscription_status", c0."rollover_fixes", c0."payment_method_added_at", c0."trial_expired_at", c0."fixes_used_this_month", c0."fixes_quota_this_month", c0."has_payment_method", c0."inserted_at", c0."updated_at" FROM "customers" AS c0 WHERE (c0."id" = $1) [71968]
14:25:04.532 request_id=GGRULE0ZkUzB00sAABgG [debug] QUERY OK source="api_keys" db=0.2ms queue=0.2ms
SELECT a0."id", a0."key", a0."name", a0."permissions", a0."active", a0."last_used_at", a0."expires_at", a0."customer_id", a0."inserted_at", a0."updated_at" FROM "api_keys" AS a0 WHERE ((a0."key" = $1) AND (a0."active" = $2)) ["rsolv_emgygmEPnWZizxQaDwpxRWhzD36KD9oVPC5OwEBl8VU", true]
14:25:04.532 request_id=GGRULG1ukSQdfxQAAB0R [debug] QUERY OK source="api_keys" db=0.1ms queue=0.2ms
SELECT a0."id", a0."key", a0."name", a0."permissions", a0."active", a0."last_used_at", a0."expires_at", a0."customer_id", a0."inserted_at", a0."updated_at" FROM "api_keys" AS a0 WHERE ((a0."key" = $1) AND (a0."active" = $2)) ["rsolv_gg2U0N9e2TjK5Z11pxHwYawApbcmwjaDPcudoaG5KWs", true]
14:25:04.533 request_id=GGRULE0ZkUzB00sAABgG [debug] QUERY OK source="customers" db=0.3ms
SELECT c0."id", c0."name", c0."email", c0."monthly_limit", c0."current_usage", c0."active", c0."metadata", c0."password_hash", c0."is_staff", c0."admin_level", c0."trial_fixes_used", c0."trial_fixes_limit", c0."stripe_customer_id", c0."subscription_plan", c0."subscription_status", c0."rollover_fixes", c0."payment_method_added_at", c0."trial_expired_at", c0."fixes_used_this_month", c0."fixes_quota_this_month", c0."has_payment_method", c0."inserted_at", c0."updated_at" FROM "customers" AS c0 WHERE (c0."id" = $1) [71970]
14:25:04.533 request_id=GGRULG1ukSQdfxQAAB0R [debug] QUERY OK source="customers" db=0.4ms
SELECT c0."id", c0."name", c0."email", c0."monthly_limit", c0."current_usage", c0."active", c0."metadata", c0."password_hash", c0."is_staff", c0."admin_level", c0."trial_fixes_used", c0."trial_fixes_limit", c0."stripe_customer_id", c0."subscription_plan", c0."subscription_status", c0."rollover_fixes", c0."payment_method_added_at", c0."trial_expired_at", c0."fixes_used_this_month", c0."fixes_quota_this_month", c0."has_payment_method", c0."inserted_at", c0."updated_at" FROM "customers" AS c0 WHERE (c0."id" = $1) [71980]
14:25:04.534 request_id=GGRULE0Zt8XI_GYAABWR [debug] QUERY OK source="customers" db=0.3ms queue=0.4ms
SELECT c0."id", c0."name", c0."email", c0."monthly_limit", c0."current_usage", c0."active", c0."metadata", c0."password_hash", c0."is_staff", c0."admin_level", c0."trial_fixes_used", c0."trial_fixes_limit", c0."stripe_customer_id", c0."subscription_plan", c0."subscription_status", c0."rollover_fixes", c0."payment_method_added_at", c0."trial_expired_at", c0."fixes_used_this_month", c0."fixes_quota_this_month", c0."has_payment_method", c0."inserted_at", c0."updated_at" FROM "customers" AS c0 WHERE (c0."email" = $1) ["customer-576460752303420792@example.com"]
14:25:04.535 request_id=GGRULE0Zk7Arlx4AABkQ [debug] QUERY OK source="fun_with_flags_toggles" db=1.1ms
SELECT f0."id", f0."flag_name", f0."gate_type", f0."target", f0."enabled" FROM "fun_with_flags_toggles" AS f0 WHERE (f0."flag_name" = $1) ["early_access_signup"]
14:25:04.535 request_id=GGRULE0Zk7Arlx4AABkQ [debug] Telemetry event: [:fun_with_flags, :persistence, :read], metadata: %{flag_name: :early_access_signup, gate: nil}, measurements: %{system_time: 1757622304535585866}
14:25:04.535 request_id=GGRULGwrTNckpGcAACiD [info] Sent 200 in 184ms
14:25:04.535 request_id=GGRULE0Zk7Arlx4AABkQ [debug] Extracted UTM parameters: %{}
..................................14:25:04.544 request_id=GGRULE0Zk7Arlx4AABkQ [info] Analytics event tracked
14:25:04.544 [debug] QUERY OK source="customers" db=0.4ms queue=0.4ms
INSERT INTO "customers" ("active","name","metadata","email","is_staff","subscription_plan","monthly_limit","current_usage","fixes_quota_this_month","fixes_used_this_month","has_payment_method","rollover_fixes","subscription_status","trial_fixes_limit","trial_fixes_used","inserted_at","updated_at") VALUES ($1,$2,$3,$4,$5,$6,$7,$8,$9,$10,$11,$12,$13,$14,$15,$16,$17) RETURNING "id" [true, "Test Customer 14341", %{}, "test14341@example.com", false, "trial", 100, 15, 0, 0, false, 0, "active", 5, 0, ~N[2025-09-11 20:25:04], ~N[2025-09-11 20:25:04]]
14:25:04.545 [debug] QUERY OK source="api_keys" db=0.3ms queue=0.1ms
INSERT INTO "api_keys" ("active","name","permissions","key","customer_id","inserted_at","updated_at") VALUES ($1,$2,$3,$4,$5,$6,$7) RETURNING "id" [true, "Test Key", ["full_access"], "rsolv_-6tm1DBfu6gajZeH7KEbZVf9lz_RbaiMSNoy7_Ujy8U", 71981, ~U[2025-09-11 20:25:04Z], ~U[2025-09-11 20:25:04Z]]
14:25:04.545 request_id=GGRULHe5-O5nMdYAADiE [info] GET /api/v1/patterns
14:25:04.545 request_id=GGRULHe5-O5nMdYAADiE [debug] Processing with RsolvWeb.Api.V1.PatternController.index/2
  Parameters: %{"format" => "enhanced", "language" => "php"}
  Pipelines: [:api]
14:25:04.545 request_id=GGRULHe5-O5nMdYAADiE [info] Pattern API called with params: %{"format" => "enhanced", "language" => "php"}
14:25:04.545 request_id=GGRULHe5-O5nMdYAADiE [info] Language: php, Format: enhanced
14:25:04.546 request_id=GGRULHe5-O5nMdYAADiE [debug] QUERY OK source="api_keys" db=0.5ms
SELECT a0."id", a0."key", a0."name", a0."permissions", a0."active", a0."last_used_at", a0."expires_at", a0."customer_id", a0."inserted_at", a0."updated_at" FROM "api_keys" AS a0 WHERE ((a0."key" = $1) AND (a0."active" = $2)) ["rsolv_-6tm1DBfu6gajZeH7KEbZVf9lz_RbaiMSNoy7_Ujy8U", true]
14:25:04.546 request_id=GGRULHe5-O5nMdYAADiE [debug] QUERY OK source="customers" db=0.3ms
SELECT c0."id", c0."name", c0."email", c0."monthly_limit", c0."current_usage", c0."active", c0."metadata", c0."password_hash", c0."is_staff", c0."admin_level", c0."trial_fixes_used", c0."trial_fixes_limit", c0."stripe_customer_id", c0."subscription_plan", c0."subscription_status", c0."rollover_fixes", c0."payment_method_added_at", c0."trial_expired_at", c0."fixes_used_this_month", c0."fixes_quota_this_month", c0."has_payment_method", c0."inserted_at", c0."updated_at" FROM "customers" AS c0 WHERE (c0."id" = $1) [71981]
14:25:04.546 request_id=GGRULHe5-O5nMdYAADiE [info] API key status: :valid
14:25:04.546 request_id=GGRULHe5-O5nMdYAADiE [info] Getting enhanced patterns for php
14:25:04.546 request_id=GGRULHe5-O5nMdYAADiE [info] Retrieved 25 patterns
14:25:04.546 request_id=GGRULHe5-O5nMdYAADiE [debug] Formatting pattern: "php-sql-injection-concat"
14:25:04.546 request_id=GGRULHe5-O5nMdYAADiE [debug] Formatted pattern keys: ["astRules", "confidenceRules", "contextRules", "cweId", "description", "examples", "frameworks", "id", "languages", "minConfidence", "name", "owaspCategory", "recommendation", "regex", "regexPatterns", "severity", "supportsAst", "type"]
14:25:04.546 request_id=GGRULHe5-O5nMdYAADiE [debug] Formatting pattern: "php-sql-injection-interpolation"
14:25:04.546 request_id=GGRULHe5-O5nMdYAADiE [debug] Formatted pattern keys: ["astRules", "confidenceRules", "contextRules", "cweId", "description", "examples", "frameworks", "id", "languages", "minConfidence", "name", "owaspCategory", "recommendation", "regex", "regexPatterns", "severity", "supportsAst", "type"]
14:25:04.546 request_id=GGRULHe5-O5nMdYAADiE [debug] Formatting pattern: "php-command-injection"
14:25:04.546 request_id=GGRULHe5-O5nMdYAADiE [debug] Formatted pattern keys: ["astRules", "confidenceRules", "contextRules", "cweId", "description", "examples", "frameworks", "id", "languages", "minConfidence", "name", "owaspCategory", "recommendation", "regex", "regexPatterns", "severity", "supportsAst", "type"]
14:25:04.546 request_id=GGRULHe5-O5nMdYAADiE [debug] Formatting pattern: "php-xss-echo"
14:25:04.546 request_id=GGRULHe5-O5nMdYAADiE [debug] Formatted pattern keys: ["astRules", "confidenceRules", "contextRules", "cweId", "description", "examples", "frameworks", "id", "languages", "minConfidence", "name", "owaspCategory", "recommendation", "regex", "regexPatterns", "severity", "supportsAst", "type"]
14:25:04.546 request_id=GGRULHe5-O5nMdYAADiE [debug] Formatting pattern: "php-xss-print"
14:25:04.546 request_id=GGRULHe5-O5nMdYAADiE [debug] Formatted pattern keys: ["astRules", "confidenceRules", "contextRules", "cweId", "description", "examples", "frameworks", "id", "languages", "minConfidence", "name", "owaspCategory", "recommendation", "regex", "regexPatterns", "severity", "supportsAst", "type"]
14:25:04.546 request_id=GGRULHe5-O5nMdYAADiE [debug] Formatting pattern: "php-file-inclusion"
14:25:04.546 request_id=GGRULHe5-O5nMdYAADiE [debug] Formatted pattern keys: ["astRules", "confidenceRules", "contextRules", "cweId", "description", "examples", "frameworks", "id", "languages", "minConfidence", "name", "owaspCategory", "recommendation", "regex", "regexPatterns", "severity", "supportsAst", "type"]
14:25:04.546 request_id=GGRULHe5-O5nMdYAADiE [debug] Formatting pattern: "php-file-upload-no-validation"
14:25:04.546 request_id=GGRULHe5-O5nMdYAADiE [debug] Formatted pattern keys: ["astRules", "confidenceRules", "contextRules", "cweId", "description", "examples", "frameworks", "id", "languages", "minConfidence", "name", "owaspCategory", "recommendation", "regex", "regexPatterns", "severity", "supportsAst", "type"]
14:25:04.546 request_id=GGRULHe5-O5nMdYAADiE [debug] Formatting pattern: "php-weak-password-hash"
14:25:04.546 request_id=GGRULHe5-O5nMdYAADiE [debug] Formatted pattern keys: ["astRules", "confidenceRules", "contextRules", "cweId", "description", "examples", "frameworks", "id", "languages", "minConfidence", "name", "owaspCategory", "recommendation", "regex", "regexPatterns", "severity", "supportsAst", "type"]
14:25:04.546 request_id=GGRULHe5-O5nMdYAADiE [debug] Formatting pattern: "php-hardcoded-credentials"
14:25:04.546 request_id=GGRULHe5-O5nMdYAADiE [debug] Formatted pattern keys: ["astRules", "confidenceRules", "contextRules", "cweId", "description", "examples", "frameworks", "id", "languages", "minConfidence", "name", "owaspCategory", "recommendation", "regex", "regexPatterns", "severity", "supportsAst", "type"]
14:25:04.546 request_id=GGRULHe5-O5nMdYAADiE [debug] Formatting pattern: "php-insecure-random"
14:25:04.546 request_id=GGRULHe5-O5nMdYAADiE [debug] Formatted pattern keys: ["astRules", "confidenceRules", "contextRules", "cweId", "description", "examples", "frameworks", "id", "languages", "minConfidence", "name", "owaspCategory", "recommendation", "regex", "regexPatterns", "severity", "supportsAst", "type"]
14:25:04.547 request_id=GGRULHe5-O5nMdYAADiE [debug] Formatting pattern: "php-unsafe-deserialization"
14:25:04.547 request_id=GGRULHe5-O5nMdYAADiE [debug] Formatted pattern keys: ["astRules", "confidenceRules", "contextRules", "cweId", "description", "examples", "frameworks", "id", "languages", "minConfidence", "name", "owaspCategory", "recommendation", "regex", "regexPatterns", "severity", "supportsAst", "type"]
14:25:04.547 request_id=GGRULHe5-O5nMdYAADiE [debug] Formatting pattern: "php-xxe-vulnerability"
14:25:04.547 request_id=GGRULHe5-O5nMdYAADiE [debug] Formatted pattern keys: ["astRules", "confidenceRules", "contextRules", "cweId", "description", "examples", "frameworks", "id", "languages", "minConfidence", "name", "owaspCategory", "recommendation", "regex", "regexPatterns", "severity", "supportsAst", "type"]
14:25:04.547 request_id=GGRULHe5-O5nMdYAADiE [debug] Formatting pattern: "php-path-traversal"
14:25:04.547 request_id=GGRULHe5-O5nMdYAADiE [debug] Formatted pattern keys: ["astRules", "confidenceRules", "contextRules", "cweId", "description", "examples", "frameworks", "id", "languages", "minConfidence", "name", "owaspCategory", "recommendation", "regex", "regexPatterns", "severity", "supportsAst", "type"]
14:25:04.547 request_id=GGRULHe5-O5nMdYAADiE [debug] Formatting pattern: "php-ssrf-vulnerability"
14:25:04.547 request_id=GGRULHe5-O5nMdYAADiE [debug] Formatted pattern keys: ["astRules", "confidenceRules", "contextRules", "cweId", "description", "examples", "frameworks", "id", "languages", "minConfidence", "name", "owaspCategory", "recommendation", "regex", "regexPatterns", "severity", "supportsAst", "type"]
14:25:04.547 request_id=GGRULHe5-O5nMdYAADiE [debug] Formatting pattern: "php-session-fixation"
14:25:04.547 request_id=GGRULHe5-O5nMdYAADiE [debug] Formatted pattern keys: ["astRules", "confidenceRules", "contextRules", "cweId", "description", "examples", "frameworks", "id", "languages", "minConfidence", "name", "owaspCategory", "recommendation", "regex", "regexPatterns", "severity", "supportsAst", "type"]
14:25:04.547 request_id=GGRULHe5-O5nMdYAADiE [debug] Formatting pattern: "php-weak-crypto"
14:25:04.547 request_id=GGRULHe5-O5nMdYAADiE [debug] Formatted pattern keys: ["astRules", "confidenceRules", "contextRules", "cweId", "description", "examples", "frameworks", "id", "languages", "minConfidence", "name", "owaspCategory", "recommendation", "regex", "regexPatterns", "severity", "supportsAst", "type"]
14:25:04.547 request_id=GGRULHe5-O5nMdYAADiE [debug] Formatting pattern: "php-ldap-injection"
14:25:04.547 request_id=GGRULHe5-O5nMdYAADiE [debug] Formatted pattern keys: ["astRules", "confidenceRules", "contextRules", "cweId", "description", "examples", "frameworks", "id", "languages", "minConfidence", "name", "owaspCategory", "recommendation", "regex", "regexPatterns", "severity", "supportsAst", "type"]
14:25:04.547 request_id=GGRULHe5-O5nMdYAADiE [debug] Formatting pattern: "php-xpath-injection"
14:25:04.547 request_id=GGRULHe5-O5nMdYAADiE [debug] Formatted pattern keys: ["astRules", "confidenceRules", "contextRules", "cweId", "description", "examples", "frameworks", "id", "languages", "minConfidence", "name", "owaspCategory", "recommendation", "regex", "regexPatterns", "severity", "supportsAst", "type"]
14:25:04.547 request_id=GGRULHe5-O5nMdYAADiE [debug] Formatting pattern: "php-eval-usage"
14:25:04.547 request_id=GGRULHe5-O5nMdYAADiE [debug] Formatted pattern keys: ["astRules", "confidenceRules", "contextRules", "cweId", "description", "examples", "frameworks", "id", "languages", "minConfidence", "name", "owaspCategory", "recommendation", "regex", "regexPatterns", "severity", "supportsAst", "type"]
14:25:04.547 request_id=GGRULHe5-O5nMdYAADiE [debug] Formatting pattern: "php-extract-usage"
14:25:04.547 request_id=GGRULHe5-O5nMdYAADiE [debug] Formatted pattern keys: ["astRules", "confidenceRules", "contextRules", "cweId", "description", "examples", "frameworks", "id", "languages", "minConfidence", "name", "owaspCategory", "recommendation", "regex", "regexPatterns", "severity", "supportsAst", "type"]
14:25:04.547 request_id=GGRULHe5-O5nMdYAADiE [debug] Formatting pattern: "php-register-globals"
14:25:04.547 request_id=GGRULHe5-O5nMdYAADiE [debug] Formatted pattern keys: ["astRules", "confidenceRules", "contextRules", "cweId", "description", "examples", "frameworks", "id", "languages", "minConfidence", "name", "owaspCategory", "recommendation", "regex", "regexPatterns", "severity", "supportsAst", "type"]
14:25:04.547 request_id=GGRULHe5-O5nMdYAADiE [debug] Formatting pattern: "php-open-redirect"
14:25:04.547 request_id=GGRULHe5-O5nMdYAADiE [debug] Formatted pattern keys: ["astRules", "confidenceRules", "contextRules", "cweId", "description", "examples", "frameworks", "id", "languages", "minConfidence", "name", "owaspCategory", "recommendation", "regex", "regexPatterns", "severity", "supportsAst", "type"]
14:25:04.547 request_id=GGRULHe5-O5nMdYAADiE [debug] Formatting pattern: "php-missing-csrf-token"
14:25:04.547 request_id=GGRULHe5-O5nMdYAADiE [debug] Formatted pattern keys: ["astRules", "confidenceRules", "contextRules", "cweId", "description", "examples", "frameworks", "id", "languages", "minConfidence", "name", "owaspCategory", "recommendation", "regex", "regexPatterns", "severity", "supportsAst", "type"]
14:25:04.547 request_id=GGRULHe5-O5nMdYAADiE [debug] Formatting pattern: "php-debug-mode-enabled"
14:25:04.547 request_id=GGRULHe5-O5nMdYAADiE [debug] Formatted pattern keys: ["astRules", "confidenceRules", "contextRules", "cweId", "description", "examples", "frameworks", "id", "languages", "minConfidence", "name", "owaspCategory", "recommendation", "regex", "regexPatterns", "severity", "supportsAst", "type"]
14:25:04.547 request_id=GGRULHe5-O5nMdYAADiE [debug] Formatting pattern: "php-error-display"
14:25:04.547 request_id=GGRULHe5-O5nMdYAADiE [debug] Formatted pattern keys: ["astRules", "confidenceRules", "contextRules", "cweId", "description", "examples", "frameworks", "id", "languages", "minConfidence", "name", "owaspCategory", "recommendation", "regex", "regexPatterns", "severity", "supportsAst", "type"]
14:25:04.547 request_id=GGRULHe5-O5nMdYAADiE [info] Sent 200 in 2ms
.14:25:04.548 [debug] QUERY OK source="customers" db=0.2ms
INSERT INTO "customers" ("active","name","metadata","email","is_staff","subscription_plan","monthly_limit","current_usage","fixes_quota_this_month","fixes_used_this_month","has_payment_method","rollover_fixes","subscription_status","trial_fixes_limit","trial_fixes_used","inserted_at","updated_at") VALUES ($1,$2,$3,$4,$5,$6,$7,$8,$9,$10,$11,$12,$13,$14,$15,$16,$17) RETURNING "id" [true, "Test Customer 14597", %{}, "test14597@example.com", false, "trial", 100, 15, 0, 0, false, 0, "active", 5, 0, ~N[2025-09-11 20:25:04], ~N[2025-09-11 20:25:04]]
14:25:04.549 [debug] QUERY OK source="api_keys" db=0.2ms
INSERT INTO "api_keys" ("active","name","permissions","key","customer_id","inserted_at","updated_at") VALUES ($1,$2,$3,$4,$5,$6,$7) RETURNING "id" [true, "Test Key", ["full_access"], "rsolv_Gf5FeOiT4dA163_o6Vp3dP2pSr1k29Hb_0_7ICoakZ4", 71982, ~U[2025-09-11 20:25:04Z], ~U[2025-09-11 20:25:04Z]]
14:25:04.549 request_id=GGRULHfzWR4MZbcAAFeB [info] GET /api/v1/patterns
14:25:04.549 request_id=GGRULHfzWR4MZbcAAFeB [debug] Processing with RsolvWeb.Api.V1.PatternController.index/2
  Parameters: %{"format" => "enhanced", "language" => "php"}
  Pipelines: [:api]
14:25:04.549 request_id=GGRULHfzWR4MZbcAAFeB [info] Pattern API called with params: %{"format" => "enhanced", "language" => "php"}
14:25:04.549 request_id=GGRULHfzWR4MZbcAAFeB [info] Language: php, Format: enhanced
14:25:04.549 request_id=GGRULHfzWR4MZbcAAFeB [info] API key status: :none
14:25:04.549 request_id=GGRULHfzWR4MZbcAAFeB [info] Getting demo patterns for php
14:25:04.549 request_id=GGRULHfzWR4MZbcAAFeB [info] Retrieved 3 patterns
14:25:04.549 request_id=GGRULHfzWR4MZbcAAFeB [debug] Formatting pattern: "php-sql-injection-concat"
14:25:04.549 request_id=GGRULHfzWR4MZbcAAFeB [debug] Formatted pattern keys: ["cweId", "description", "examples", "frameworks", "id", "languages", "name", "owaspCategory", "recommendation", "regex", "regexPatterns", "severity", "supportsAst", "type"]
14:25:04.549 request_id=GGRULHfzWR4MZbcAAFeB [debug] Formatting pattern: "php-xss-echo"
14:25:04.549 request_id=GGRULHfzWR4MZbcAAFeB [debug] Formatted pattern keys: ["cweId", "description", "examples", "frameworks", "id", "languages", "name", "owaspCategory", "recommendation", "regex", "regexPatterns", "severity", "supportsAst", "type"]
14:25:04.549 request_id=GGRULHfzWR4MZbcAAFeB [debug] Formatting pattern: "php-file-inclusion"
14:25:04.549 request_id=GGRULHfzWR4MZbcAAFeB [debug] Formatted pattern keys: ["cweId", "description", "examples", "frameworks", "id", "languages", "name", "owaspCategory", "recommendation", "regex", "regexPatterns", "severity", "supportsAst", "type"]
14:25:04.549 request_id=GGRULHfzWR4MZbcAAFeB [info] Sent 200 in 196µs
.14:25:04.549 request_id=GGRULG1ukSQdfxQAAB0R [info] Sent 200 in 177ms
14:25:04.549 request_id=GGRULE0ZkUzB00sAABgG [info] Sent 200 in 656ms
14:25:04.549 request_id=GGRULHf-pIzB00sAADAI [info] POST /api/v1/vulnerabilities/validate
.14:25:04.549 request_id=GGRULHf-pIzB00sAADAI [debug] Processing with RsolvWeb.Api.V1.VulnerabilityValidationRouter.validate/2
  Parameters: %{"files" => %{"app.js" => "const userExpression = req.query.expr;\n// Process user input\nconst result = eval(userExpression);\n"}, "vulnerabilities" => [%{"code" => "eval(userExpression)", "filePath" => "app.js", "id" => "test-vuln", "line" => 3, "patternId" => "eval-injection", "severity" => "critical"}]}
  Pipelines: [:api]
14:25:04.550 request_id=GGRULHf-pIzB00sAADAI [debug] QUERY OK source="fun_with_flags_toggles" db=0.1ms
SELECT f0."id", f0."flag_name", f0."gate_type", f0."target", f0."enabled" FROM "fun_with_flags_toggles" AS f0 WHERE (f0."flag_name" = $1) ["false_positive_caching"]
14:25:04.550 request_id=GGRULHf-pIzB00sAADAI [debug] Telemetry event: [:fun_with_flags, :persistence, :read], metadata: %{flag_name: :false_positive_caching, gate: nil}, measurements: %{system_time: 1757622304550184954}
14:25:04.550 request_id=GGRULHf-pIzB00sAADAI [debug] Using standard validation controller (feature flag disabled)
14:25:04.550 [debug] QUERY OK source="customers" db=0.1ms
INSERT INTO "customers" ("active","name","metadata","email","is_staff","subscription_plan","monthly_limit","current_usage","fixes_quota_this_month","fixes_used_this_month","has_payment_method","rollover_fixes","subscription_status","trial_fixes_limit","trial_fixes_used","inserted_at","updated_at") VALUES ($1,$2,$3,$4,$5,$6,$7,$8,$9,$10,$11,$12,$13,$14,$15,$16,$17) RETURNING "id" [true, "Test Customer 5259", %{}, "test5259@example.com", false, "trial", 100, 15, 0, 0, false, 0, "active", 5, 0, ~N[2025-09-11 20:25:04], ~N[2025-09-11 20:25:04]]
14:25:04.550 request_id=GGRULHf-pIzB00sAADAI [debug] QUERY OK source="api_keys" db=0.2ms
SELECT a0."id", a0."key", a0."name", a0."permissions", a0."active", a0."last_used_at", a0."expires_at", a0."customer_id", a0."inserted_at", a0."updated_at" FROM "api_keys" AS a0 WHERE ((a0."key" = $1) AND (a0."active" = $2)) ["rsolv_emgygmEPnWZizxQaDwpxRWhzD36KD9oVPC5OwEBl8VU", true]
14:25:04.550 [debug] QUERY OK source="api_keys" db=0.2ms
INSERT INTO "api_keys" ("active","name","permissions","key","customer_id","inserted_at","updated_at") VALUES ($1,$2,$3,$4,$5,$6,$7) RETURNING "id" [true, "Test Key", ["full_access"], "rsolv_82a0f1utxOhl_g3BcE5-r1tXK_2qs1-prBO5gJFp8E8", 71983, ~U[2025-09-11 20:25:04Z], ~U[2025-09-11 20:25:04Z]]
14:25:04.550 request_id=GGRULHgN8lLQdQ0AABUK [info] POST /api/v1/vulnerabilities/validate
14:25:04.550 request_id=GGRULHf-pIzB00sAADAI [debug] QUERY OK source="customers" db=0.1ms
SELECT c0."id", c0."name", c0."email", c0."monthly_limit", c0."current_usage", c0."active", c0."metadata", c0."password_hash", c0."is_staff", c0."admin_level", c0."trial_fixes_used", c0."trial_fixes_limit", c0."stripe_customer_id", c0."subscription_plan", c0."subscription_status", c0."rollover_fixes", c0."payment_method_added_at", c0."trial_expired_at", c0."fixes_used_this_month", c0."fixes_quota_this_month", c0."has_payment_method", c0."inserted_at", c0."updated_at" FROM "customers" AS c0 WHERE (c0."id" = $1) [71970]
14:25:04.550 request_id=GGRULHgN8lLQdQ0AABUK [debug] Processing with RsolvWeb.Api.V1.VulnerabilityValidationRouter.validate/2
  Parameters: %{"files" => %{}, "vulnerabilities" => [%{"code" => "eval(x)", "filePath" => "missing.js", "id" => "vuln-789", "line" => 10, "patternId" => "js-eval-injection", "severity" => "critical"}]}
  Pipelines: [:api]
14:25:04.551 request_id=GGRULHf-pIzB00sAADAI [info] Sent 200 in 1ms
14:25:04.551 request_id=GGRULHgR_l_B00sAAFgB [info] POST /api/v1/vulnerabilities/validate
14:25:04.551 request_id=GGRULHgR_l_B00sAAFgB [debug] Processing with RsolvWeb.Api.V1.VulnerabilityValidationRouter.validate/2
  Parameters: %{"files" => %{"app.js" => "const four = eval('2 + 2');"}, "vulnerabilities" => [%{"code" => "eval('2 + 2')", "filePath" => "app.js", "id" => "test-vuln", "line" => 1, "patternId" => "eval-injection", "severity" => "critical"}]}
  Pipelines: [:api]
14:25:04.551 request_id=GGRULHgN8lLQdQ0AABUK [debug] QUERY OK source="fun_with_flags_toggles" db=0.3ms
SELECT f0."id", f0."flag_name", f0."gate_type", f0."target", f0."enabled" FROM "fun_with_flags_toggles" AS f0 WHERE (f0."flag_name" = $1) ["false_positive_caching"]
14:25:04.551 request_id=GGRULHgN8lLQdQ0AABUK [debug] Telemetry event: [:fun_with_flags, :persistence, :read], metadata: %{flag_name: :false_positive_caching, gate: nil}, measurements: %{system_time: 1757622304551316520}
14:25:04.551 request_id=GGRULHgR_l_B00sAAFgB [debug] QUERY OK source="fun_with_flags_toggles" db=0.1ms
SELECT f0."id", f0."flag_name", f0."gate_type", f0."target", f0."enabled" FROM "fun_with_flags_toggles" AS f0 WHERE (f0."flag_name" = $1) ["false_positive_caching"]
14:25:04.551 request_id=GGRULHgN8lLQdQ0AABUK [debug] Using standard validation controller (feature flag disabled)
14:25:04.551 request_id=GGRULHgR_l_B00sAAFgB [debug] Telemetry event: [:fun_with_flags, :persistence, :read], metadata: %{flag_name: :false_positive_caching, gate: nil}, measurements: %{system_time: 1757622304551371266}
14:25:04.551 request_id=GGRULHgR_l_B00sAAFgB [debug] Using standard validation controller (feature flag disabled)
14:25:04.551 request_id=GGRULHgN8lLQdQ0AABUK [debug] QUERY OK source="api_keys" db=0.1ms
SELECT a0."id", a0."key", a0."name", a0."permissions", a0."active", a0."last_used_at", a0."expires_at", a0."customer_id", a0."inserted_at", a0."updated_at" FROM "api_keys" AS a0 WHERE ((a0."key" = $1) AND (a0."active" = $2)) ["rsolv_82a0f1utxOhl_g3BcE5-r1tXK_2qs1-prBO5gJFp8E8", true]
14:25:04.551 request_id=GGRULHgR_l_B00sAAFgB [debug] QUERY OK source="api_keys" db=0.2ms
SELECT a0."id", a0."key", a0."name", a0."permissions", a0."active", a0."last_used_at", a0."expires_at", a0."customer_id", a0."inserted_at", a0."updated_at" FROM "api_keys" AS a0 WHERE ((a0."key" = $1) AND (a0."active" = $2)) ["rsolv_emgygmEPnWZizxQaDwpxRWhzD36KD9oVPC5OwEBl8VU", true]
14:25:04.551 request_id=GGRULHgN8lLQdQ0AABUK [debug] QUERY OK source="customers" db=0.1ms
SELECT c0."id", c0."name", c0."email", c0."monthly_limit", c0."current_usage", c0."active", c0."metadata", c0."password_hash", c0."is_staff", c0."admin_level", c0."trial_fixes_used", c0."trial_fixes_limit", c0."stripe_customer_id", c0."subscription_plan", c0."subscription_status", c0."rollover_fixes", c0."payment_method_added_at", c0."trial_expired_at", c0."fixes_used_this_month", c0."fixes_quota_this_month", c0."has_payment_method", c0."inserted_at", c0."updated_at" FROM "customers" AS c0 WHERE (c0."id" = $1) [71983]
14:25:04.551 request_id=GGRULHgN8lLQdQ0AABUK [info] Sent 200 in 1ms
.14:25:04.552 request_id=GGRULHgR_l_B00sAAFgB [debug] QUERY OK source="customers" db=0.2ms
SELECT c0."id", c0."name", c0."email", c0."monthly_limit", c0."current_usage", c0."active", c0."metadata", c0."password_hash", c0."is_staff", c0."admin_level", c0."trial_fixes_used", c0."trial_fixes_limit", c0."stripe_customer_id", c0."subscription_plan", c0."subscription_status", c0."rollover_fixes", c0."payment_method_added_at", c0."trial_expired_at", c0."fixes_used_this_month", c0."fixes_quota_this_month", c0."has_payment_method", c0."inserted_at", c0."updated_at" FROM "customers" AS c0 WHERE (c0."id" = $1) [71970]
14:25:04.552 request_id=GGRULHgR_l_B00sAAFgB [info] Sent 200 in 1ms
.14:25:04.552 [debug] QUERY OK source="customers" db=0.3ms
INSERT INTO "customers" ("active","name","metadata","email","is_staff","subscription_plan","monthly_limit","current_usage","fixes_quota_this_month","fixes_used_this_month","has_payment_method","rollover_fixes","subscription_status","trial_fixes_limit","trial_fixes_used","inserted_at","updated_at") VALUES ($1,$2,$3,$4,$5,$6,$7,$8,$9,$10,$11,$12,$13,$14,$15,$16,$17) RETURNING "id" [true, "Test Customer 14725", %{}, "test14725@example.com", false, "trial", 100, 15, 0, 0, false, 0, "active", 5, 0, ~N[2025-09-11 20:25:04], ~N[2025-09-11 20:25:04]]
14:25:04.552 [debug] QUERY OK source="customers" db=0.1ms
INSERT INTO "customers" ("active","name","metadata","email","is_staff","subscription_plan","monthly_limit","current_usage","fixes_quota_this_month","fixes_used_this_month","has_payment_method","rollover_fixes","subscription_status","trial_fixes_limit","trial_fixes_used","inserted_at","updated_at") VALUES ($1,$2,$3,$4,$5,$6,$7,$8,$9,$10,$11,$12,$13,$14,$15,$16,$17) RETURNING "id" [true, "Test Customer 20230", %{}, "test20230@example.com", false, "trial", 100, 15, 0, 0, false, 0, "active", 5, 0, ~N[2025-09-11 20:25:04], ~N[2025-09-11 20:25:04]]
14:25:04.552 [debug] QUERY OK source="api_keys" db=0.1ms
INSERT INTO "api_keys" ("active","name","permissions","key","customer_id","inserted_at","updated_at") VALUES ($1,$2,$3,$4,$5,$6,$7) RETURNING "id" [true, "Test Key", ["full_access"], "rsolv_ik0T5WMFvJBeKzvV695IBRx0oHtjGJOxzktIeF_P8Ks", 71984, ~U[2025-09-11 20:25:04Z], ~U[2025-09-11 20:25:04Z]]
14:25:04.552 request_id=GGRULHgtbIfezu8AAEUG [info] POST /api/v1/vulnerabilities/validate
14:25:04.552 request_id=GGRULHgtbIfezu8AAEUG [debug] Processing with RsolvWeb.Api.V1.VulnerabilityValidationRouter.validate/2
  Parameters: %{}
  Pipelines: [:api]
14:25:04.553 request_id=GGRULHgtbIfezu8AAEUG [debug] QUERY OK source="fun_with_flags_toggles" db=0.0ms
SELECT f0."id", f0."flag_name", f0."gate_type", f0."target", f0."enabled" FROM "fun_with_flags_toggles" AS f0 WHERE (f0."flag_name" = $1) ["false_positive_caching"]
14:25:04.553 request_id=GGRULHgtbIfezu8AAEUG [debug] Telemetry event: [:fun_with_flags, :persistence, :read], metadata: %{flag_name: :false_positive_caching, gate: nil}, measurements: %{system_time: 1757622304553034390}
14:25:04.553 request_id=GGRULHgtbIfezu8AAEUG [debug] Using standard validation controller (feature flag disabled)
14:25:04.553 request_id=GGRULHgtbIfezu8AAEUG [info] Sent 401 in 184µs
14:25:04.553 [debug] QUERY OK source="api_keys" db=0.1ms
INSERT INTO "api_keys" ("active","name","permissions","key","customer_id","inserted_at","updated_at") VALUES ($1,$2,$3,$4,$5,$6,$7) RETURNING "id" [true, "Test Key", ["full_access"], "rsolv_QwwG17IjY6MAdslvXvQ46vscsc14KqVSYv0WuMjnBx8", 71985, ~U[2025-09-11 20:25:04Z], ~U[2025-09-11 20:25:04Z]]
.14:25:04.553 request_id=GGRULHgxWHTonwgAAB8H [info] POST /api/v1/vulnerabilities/validate
14:25:04.553 request_id=GGRULHgxWHTonwgAAB8H [debug] Processing with RsolvWeb.Api.V1.VulnerabilityValidationRouter.validate/2
  Parameters: %{"files" => %{"app.js" => "# exec(user_input)\nprint('safe')"}, "vulnerabilities" => [%{"code" => "# exec(user_input)", "filePath" => "app.js", "id" => "test-vuln", "line" => 1, "patternId" => "eval-injection", "severity" => "critical"}]}
  Pipelines: [:api]
14:25:04.553 request_id=GGRULHgxWHTonwgAAB8H [debug] QUERY OK source="fun_with_flags_toggles" db=0.0ms
SELECT f0."id", f0."flag_name", f0."gate_type", f0."target", f0."enabled" FROM "fun_with_flags_toggles" AS f0 WHERE (f0."flag_name" = $1) ["false_positive_caching"]
14:25:04.553 request_id=GGRULHgxWHTonwgAAB8H [debug] Telemetry event: [:fun_with_flags, :persistence, :read], metadata: %{flag_name: :false_positive_caching, gate: nil}, measurements: %{system_time: 1757622304553297268}
14:25:04.553 request_id=GGRULHgxWHTonwgAAB8H [debug] Using standard validation controller (feature flag disabled)
14:25:04.553 [debug] QUERY OK source="customers" db=0.0ms
INSERT INTO "customers" ("active","name","metadata","email","is_staff","subscription_plan","monthly_limit","current_usage","fixes_quota_this_month","fixes_used_this_month","has_payment_method","rollover_fixes","subscription_status","trial_fixes_limit","trial_fixes_used","inserted_at","updated_at") VALUES ($1,$2,$3,$4,$5,$6,$7,$8,$9,$10,$11,$12,$13,$14,$15,$16,$17) RETURNING "id" [true, "Test Customer 8072", %{}, "test8072@example.com", false, "trial", 100, 15, 0, 0, false, 0, "active", 5, 0, ~N[2025-09-11 20:25:04], ~N[2025-09-11 20:25:04]]
14:25:04.553 request_id=GGRULHgxWHTonwgAAB8H [debug] QUERY OK source="api_keys" db=0.1ms
SELECT a0."id", a0."key", a0."name", a0."permissions", a0."active", a0."last_used_at", a0."expires_at", a0."customer_id", a0."inserted_at", a0."updated_at" FROM "api_keys" AS a0 WHERE ((a0."key" = $1) AND (a0."active" = $2)) ["rsolv_QwwG17IjY6MAdslvXvQ46vscsc14KqVSYv0WuMjnBx8", true]
14:25:04.553 request_id=GGRULHgxWHTonwgAAB8H [debug] QUERY OK source="customers" db=0.0ms
SELECT c0."id", c0."name", c0."email", c0."monthly_limit", c0."current_usage", c0."active", c0."metadata", c0."password_hash", c0."is_staff", c0."admin_level", c0."trial_fixes_used", c0."trial_fixes_limit", c0."stripe_customer_id", c0."subscription_plan", c0."subscription_status", c0."rollover_fixes", c0."payment_method_added_at", c0."trial_expired_at", c0."fixes_used_this_month", c0."fixes_quota_this_month", c0."has_payment_method", c0."inserted_at", c0."updated_at" FROM "customers" AS c0 WHERE (c0."id" = $1) [71985]
14:25:04.553 request_id=GGRULHgxWHTonwgAAB8H [info] Sent 200 in 487µs
14:25:04.553 request_id=GGRULHg5f5_onwgAAEWG [info] POST /api/v1/vulnerabilities/validate
14:25:04.553 [debug] QUERY OK source="api_keys" db=0.2ms
INSERT INTO "api_keys" ("active","name","permissions","key","customer_id","inserted_at","updated_at") VALUES ($1,$2,$3,$4,$5,$6,$7) RETURNING "id" [true, "Test Key", ["full_access"], "rsolv_0oIpeRHV_DiauOKYZms6el1MBSiLXndmUMJtgvdXyQQ", 71986, ~U[2025-09-11 20:25:04Z], ~U[2025-09-11 20:25:04Z]]
14:25:04.553 request_id=GGRULHg5f5_onwgAAEWG [debug] Processing with RsolvWeb.Api.V1.VulnerabilityValidationRouter.validate/2
  Parameters: %{"files" => %{"app.js" => "\"\"\"\nDangerous:\nexec(user_input)\n\"\"\"\nprint('safe')"}, "vulnerabilities" => [%{"code" => "exec(user_input)", "filePath" => "app.js", "id" => "test-vuln", "line" => 3, "patternId" => "eval-injection", "severity" => "critical"}]}
  Pipelines: [:api]
14:25:04.553 request_id=GGRULHg6hqepNYAAACAH [info] POST /api/v1/vulnerabilities/validate
14:25:04.553 request_id=GGRULHg6hqepNYAAACAH [debug] Processing with RsolvWeb.Api.V1.VulnerabilityValidationRouter.validate/2
  Parameters: %{"files" => %{"file1.js" => "function process(userInput) { return eval(userInput); }", "file2.js" => "const safe = 'eval is bad'; // This is just a string"}, "vulnerabilities" => [%{"code" => "eval(userInput)", "filePath" => "file1.js", "id" => "vuln-1", "line" => 1, "patternId" => "js-eval-injection", "severity" => "critical"}, %{"code" => "const safe = 'eval is bad'", "filePath" => "file2.js", "id" => "vuln-2", "line" => 1, "patternId" => "js-eval-injection", "severity" => "critical"}]}
  Pipelines: [:api]
14:25:04.553 request_id=GGRULHg5f5_onwgAAEWG [debug] QUERY OK source="fun_with_flags_toggles" db=0.0ms
SELECT f0."id", f0."flag_name", f0."gate_type", f0."target", f0."enabled" FROM "fun_with_flags_toggles" AS f0 WHERE (f0."flag_name" = $1) ["false_positive_caching"]
14:25:04.553 request_id=GGRULHg5f5_onwgAAEWG [debug] Telemetry event: [:fun_with_flags, :persistence, :read], metadata: %{flag_name: :false_positive_caching, gate: nil}, measurements: %{system_time: 1757622304553838693}
14:25:04.553 request_id=GGRULHg5f5_onwgAAEWG [debug] Using standard validation controller (feature flag disabled)
14:25:04.553 request_id=GGRULHg6hqepNYAAACAH [debug] QUERY OK source="fun_with_flags_toggles" db=0.0ms
SELECT f0."id", f0."flag_name", f0."gate_type", f0."target", f0."enabled" FROM "fun_with_flags_toggles" AS f0 WHERE (f0."flag_name" = $1) ["false_positive_caching"]
14:25:04.553 request_id=GGRULHg6hqepNYAAACAH [debug] Telemetry event: [:fun_with_flags, :persistence, :read], metadata: %{flag_name: :false_positive_caching, gate: nil}, measurements: %{system_time: 1757622304553931493}
14:25:04.553 request_id=GGRULHg6hqepNYAAACAH [debug] Using standard validation controller (feature flag disabled)
14:25:04.553 request_id=GGRULHg5f5_onwgAAEWG [debug] QUERY OK source="api_keys" db=0.0ms
SELECT a0."id", a0."key", a0."name", a0."permissions", a0."active", a0."last_used_at", a0."expires_at", a0."customer_id", a0."inserted_at", a0."updated_at" FROM "api_keys" AS a0 WHERE ((a0."key" = $1) AND (a0."active" = $2)) ["rsolv_QwwG17IjY6MAdslvXvQ46vscsc14KqVSYv0WuMjnBx8", true]
14:25:04.554 request_id=GGRULHg6hqepNYAAACAH [debug] QUERY OK source="api_keys" db=0.0ms
SELECT a0."id", a0."key", a0."name", a0."permissions", a0."active", a0."last_used_at", a0."expires_at", a0."customer_id", a0."inserted_at", a0."updated_at" FROM "api_keys" AS a0 WHERE ((a0."key" = $1) AND (a0."active" = $2)) ["rsolv_0oIpeRHV_DiauOKYZms6el1MBSiLXndmUMJtgvdXyQQ", true]
14:25:04.554 request_id=GGRULHg5f5_onwgAAEWG [debug] QUERY OK source="customers" db=0.0ms
SELECT c0."id", c0."name", c0."email", c0."monthly_limit", c0."current_usage", c0."active", c0."metadata", c0."password_hash", c0."is_staff", c0."admin_level", c0."trial_fixes_used", c0."trial_fixes_limit", c0."stripe_customer_id", c0."subscription_plan", c0."subscription_status", c0."rollover_fixes", c0."payment_method_added_at", c0."trial_expired_at", c0."fixes_used_this_month", c0."fixes_quota_this_month", c0."has_payment_method", c0."inserted_at", c0."updated_at" FROM "customers" AS c0 WHERE (c0."id" = $1) [71985]
14:25:04.554 request_id=GGRULHg6hqepNYAAACAH [debug] QUERY OK source="customers" db=0.0ms
SELECT c0."id", c0."name", c0."email", c0."monthly_limit", c0."current_usage", c0."active", c0."metadata", c0."password_hash", c0."is_staff", c0."admin_level", c0."trial_fixes_used", c0."trial_fixes_limit", c0."stripe_customer_id", c0."subscription_plan", c0."subscription_status", c0."rollover_fixes", c0."payment_method_added_at", c0."trial_expired_at", c0."fixes_used_this_month", c0."fixes_quota_this_month", c0."has_payment_method", c0."inserted_at", c0."updated_at" FROM "customers" AS c0 WHERE (c0."id" = $1) [71986]
14:25:04.554 request_id=GGRULHg5f5_onwgAAEWG [info] Sent 200 in 506µs
.14:25:04.554 request_id=GGRULHg6hqepNYAAACAH [info] Sent 200 in 522µs
.14:25:04.554 [debug] QUERY OK source="customers" db=0.2ms
INSERT INTO "customers" ("active","name","metadata","email","is_staff","subscription_plan","monthly_limit","current_usage","fixes_quota_this_month","fixes_used_this_month","has_payment_method","rollover_fixes","subscription_status","trial_fixes_limit","trial_fixes_used","inserted_at","updated_at") VALUES ($1,$2,$3,$4,$5,$6,$7,$8,$9,$10,$11,$12,$13,$14,$15,$16,$17) RETURNING "id" [true, "Test Customer 14853", %{}, "test14853@example.com", false, "trial", 100, 15, 0, 0, false, 0, "active", 5, 0, ~N[2025-09-11 20:25:04], ~N[2025-09-11 20:25:04]]
14:25:04.554 [debug] QUERY OK source="customers" db=0.1ms
INSERT INTO "customers" ("active","name","metadata","email","is_staff","subscription_plan","monthly_limit","current_usage","fixes_quota_this_month","fixes_used_this_month","has_payment_method","rollover_fixes","subscription_status","trial_fixes_limit","trial_fixes_used","inserted_at","updated_at") VALUES ($1,$2,$3,$4,$5,$6,$7,$8,$9,$10,$11,$12,$13,$14,$15,$16,$17) RETURNING "id" [true, "Test Customer 20358", %{}, "test20358@example.com", false, "trial", 100, 15, 0, 0, false, 0, "active", 5, 0, ~N[2025-09-11 20:25:04], ~N[2025-09-11 20:25:04]]
14:25:04.555 [debug] QUERY OK source="api_keys" db=0.2ms
INSERT INTO "api_keys" ("active","name","permissions","key","customer_id","inserted_at","updated_at") VALUES ($1,$2,$3,$4,$5,$6,$7) RETURNING "id" [true, "Test Key", ["full_access"], "rsolv_k8vi2Q5JWqIKjQRUCUISe8qEvYYBUOHnfbdzEW1EZzE", 71987, ~U[2025-09-11 20:25:04Z], ~U[2025-09-11 20:25:04Z]]
14:25:04.555 [debug] QUERY OK source="api_keys" db=0.1ms
INSERT INTO "api_keys" ("active","name","permissions","key","customer_id","inserted_at","updated_at") VALUES ($1,$2,$3,$4,$5,$6,$7) RETURNING "id" [true, "Test Key", ["full_access"], "rsolv_pehxkVeNyuV3Pqn1ewPRdz7cPlhQZB44RE2er3K-EEY", 71988, ~U[2025-09-11 20:25:04Z], ~U[2025-09-11 20:25:04Z]]
14:25:04.555 request_id=GGRULHhQXFJaBTwAADqE [info] POST /api/v1/vulnerabilities/validate
14:25:04.555 request_id=GGRULHhQXFJaBTwAADqE [debug] Processing with RsolvWeb.Api.V1.VulnerabilityValidationRouter.validate/2
  Parameters: %{"files" => %{"app/routes/contributions.js" => "const express = require('express');\nconst router = express.Router();\n\nrouter.post('/calculate', (req, res) => {\n  // Line 32: Unsafe eval with user input\n  const preTax = eval(req.body.preTax);\n  const afterTax = preTax * 0.9;\n  res.json({ afterTax });\n});\n\nmodule.exports = router;\n"}, "vulnerabilities" => [%{"code" => "const preTax = eval(req.body.preTax);", "filePath" => "app/routes/contributions.js", "id" => "vuln-123", "line" => 32, "patternId" => "js-eval-injection", "severity" => "critical"}]}
  Pipelines: [:api]
14:25:04.555 request_id=GGRULHhRsVCAuGoAAFAF [info] POST /api/v1/vulnerabilities/validate
14:25:04.555 request_id=GGRULHhQXFJaBTwAADqE [debug] QUERY OK source="fun_with_flags_toggles" db=0.0ms
SELECT f0."id", f0."flag_name", f0."gate_type", f0."target", f0."enabled" FROM "fun_with_flags_toggles" AS f0 WHERE (f0."flag_name" = $1) ["false_positive_caching"]
14:25:04.555 request_id=GGRULHhQXFJaBTwAADqE [debug] Telemetry event: [:fun_with_flags, :persistence, :read], metadata: %{flag_name: :false_positive_caching, gate: nil}, measurements: %{system_time: 1757622304555359512}
14:25:04.555 request_id=GGRULHhQXFJaBTwAADqE [debug] Using standard validation controller (feature flag disabled)
14:25:04.555 request_id=GGRULHhQXFJaBTwAADqE [debug] QUERY OK source="api_keys" db=0.3ms
SELECT a0."id", a0."key", a0."name", a0."permissions", a0."active", a0."last_used_at", a0."expires_at", a0."customer_id", a0."inserted_at", a0."updated_at" FROM "api_keys" AS a0 WHERE ((a0."key" = $1) AND (a0."active" = $2)) ["rsolv_pehxkVeNyuV3Pqn1ewPRdz7cPlhQZB44RE2er3K-EEY", true]
14:25:04.556 request_id=GGRULHhQXFJaBTwAADqE [debug] QUERY OK source="customers" db=0.1ms
SELECT c0."id", c0."name", c0."email", c0."monthly_limit", c0."current_usage", c0."active", c0."metadata", c0."password_hash", c0."is_staff", c0."admin_level", c0."trial_fixes_used", c0."trial_fixes_limit", c0."stripe_customer_id", c0."subscription_plan", c0."subscription_status", c0."rollover_fixes", c0."payment_method_added_at", c0."trial_expired_at", c0."fixes_used_this_month", c0."fixes_quota_this_month", c0."has_payment_method", c0."inserted_at", c0."updated_at" FROM "customers" AS c0 WHERE (c0."id" = $1) [71988]
14:25:04.556 request_id=GGRULHhRsVCAuGoAAFAF [debug] Processing with RsolvWeb.Api.V1.VulnerabilityValidationRouter.validate/2
  Parameters: %{"files" => %{"file54.js" => "// eval(x)", "file56.js" => "// eval(x)", "file78.js" => "// eval(x)", "file43.js" => "eval(x);", "file9.js" => "eval(x);", "file19.js" => "eval(x);", "file96.js" => "// eval(x)", "file74.js" => "// eval(x)", "file47.js" => "eval(x);", "file30.js" => "// eval(x)", "file27.js" => "eval(x);", "file21.js" => "eval(x);", "file53.js" => "eval(x);", "file68.js" => "// eval(x)", "file61.js" => "eval(x);", "file10.js" => "// eval(x)", "file88.js" => "// eval(x)", "file33.js" => "eval(x);", "file26.js" => "// eval(x)", "file91.js" => "eval(x);", "file98.js" => "// eval(x)", "file92.js" => "// eval(x)", "file29.js" => "eval(x);", "file6.js" => "// eval(x)", "file93.js" => "eval(x);", "file76.js" => "// eval(x)", "file41.js" => "eval(x);", "file84.js" => "// eval(x)", "file50.js" => "// eval(x)", "file34.js" => "// eval(x)", "file72.js" => "// eval(x)", "file52.js" => "// eval(x)", "file15.js" => "eval(x);", "file45.js" => "eval(x);", "file86.js" => "// eval(x)", "file11.js" => "eval(x);", "file2.js" => "// eval(x)", "file48.js" => "// eval(x)", "file62.js" => "// eval(x)", "file70.js" => "// eval(x)", "file95.js" => "eval(x);", "file75.js" => "eval(x);", "file63.js" => "eval(x);", "file67.js" => "eval(x);", "file32.js" => "// eval(x)", "file18.js" => "// eval(x)", "file37.js" => "eval(x);", "file38.js" => "// eval(x)", "file89.js" => "eval(x);", ...}, "vulnerabilities" => [%{"code" => "eval(x)", "filePath" => "file1.js", "id" => "vuln-1", "line" => 1, "patternId" => "js-eval-injection", "severity" => "critical"}, %{"code" => "// eval(x)", "filePath" => "file2.js", "id" => "vuln-2", "line" => 1, "patternId" => "js-eval-injection", "severity" => "critical"}, %{"code" => "eval(x)", "filePath" => "file3.js", "id" => "vuln-3", "line" => 1, "patternId" => "js-eval-injection", "severity" => "critical"}, %{"code" => "// eval(x)", "filePath" => "file4.js", "id" => "vuln-4", "line" => 1, "patternId" => "js-eval-injection", "severity" => "critical"}, %{"code" => "eval(x)", "filePath" => "file5.js", "id" => "vuln-5", "line" => 1, "patternId" => "js-eval-injection", "severity" => "critical"}, %{"code" => "// eval(x)", "filePath" => "file6.js", "id" => "vuln-6", "line" => 1, "patternId" => "js-eval-injection", "severity" => "critical"}, %{"code" => "eval(x)", "filePath" => "file7.js", "id" => "vuln-7", "line" => 1, "patternId" => "js-eval-injection", "severity" => "critical"}, %{"code" => "// eval(x)", "filePath" => "file8.js", "id" => "vuln-8", "line" => 1, "patternId" => "js-eval-injection", "severity" => "critical"}, %{"code" => "eval(x)", "filePath" => "file9.js", "id" => "vuln-9", "line" => 1, "patternId" => "js-eval-injection", "severity" => "critical"}, %{"code" => "// eval(x)", "filePath" => "file10.js", "id" => "vuln-10", "line" => 1, "patternId" => "js-eval-injection", "severity" => "critical"}, %{"code" => "eval(x)", "filePath" => "file11.js", "id" => "vuln-11", "line" => 1, "patternId" => "js-eval-injection", "severity" => "critical"}, %{"code" => "// eval(x)", "filePath" => "file12.js", "id" => "vuln-12", "line" => 1, "patternId" => "js-eval-injection", "severity" => "critical"}, %{"code" => "eval(x)", "filePath" => "file13.js", "id" => "vuln-13", "line" => 1, "patternId" => "js-eval-injection", "severity" => "critical"}, %{"code" => "// eval(x)", "filePath" => "file14.js", "id" => "vuln-14", "line" => 1, "patternId" => "js-eval-injection", "severity" => "critical"}, %{"code" => "eval(x)", "filePath" => "file15.js", "id" => "vuln-15", "line" => 1, "patternId" => "js-eval-injection", "severity" => "critical"}, %{"code" => "// eval(x)", "filePath" => "file16.js", "id" => "vuln-16", "line" => 1, "patternId" => "js-eval-injection", "severity" => "critical"}, %{"code" => "eval(x)", "filePath" => "file17.js", "id" => "vuln-17", "line" => 1, "patternId" => "js-eval-injection", "severity" => "critical"}, %{"code" => "// eval(x)", "filePath" => "file18.js", "id" => "vuln-18", "line" => 1, "patternId" => "js-eval-injection", "severity" => "critical"}, %{"code" => "eval(x)", "filePath" => "file19.js", "id" => "vuln-19", "line" => 1, "patternId" => "js-eval-injection", "severity" => "critical"}, %{"code" => "// eval(x)", "filePath" => "file20.js", "id" => "vuln-20", "line" => 1, "patternId" => "js-eval-injection", "severity" => "critical"}, %{"code" => "eval(x)", "filePath" => "file21.js", "id" => "vuln-21", "line" => 1, "patternId" => "js-eval-injection", "severity" => "critical"}, %{"code" => "// eval(x)", "filePath" => "file22.js", "id" => "vuln-22", "line" => 1, "patternId" => "js-eval-injection", "severity" => "critical"}, %{"code" => "eval(x)", "filePath" => "file23.js", "id" => "vuln-23", "line" => 1, "patternId" => "js-eval-injection", "severity" => "critical"}, %{"code" => "// eval(x)", "filePath" => "file24.js", "id" => "vuln-24", "line" => 1, "patternId" => "js-eval-injection", "severity" => "critical"}, %{"code" => "eval(x)", "filePath" => "file25.js", "id" => "vuln-25", "line" => 1, "patternId" => "js-eval-injection", "severity" => "critical"}, %{"code" => "// eval(x)", "filePath" => "file26.js", "id" => "vuln-26", "line" => 1, "patternId" => "js-eval-injection", "severity" => "critical"}, %{"code" => "eval(x)", "filePath" => "file27.js", "id" => "vuln-27", "line" => 1, "patternId" => "js-eval-injection", "severity" => "critical"}, %{"code" => "// eval(x)", "filePath" => "file28.js", "id" => "vuln-28", "line" => 1, "patternId" => "js-eval-injection", "severity" => "critical"}, %{"code" => "eval(x)", "filePath" => "file29.js", "id" => "vuln-29", "line" => 1, "patternId" => "js-eval-injection", "severity" => "critical"}, %{"code" => "// eval(x)", "filePath" => "file30.js", "id" => "vuln-30", "line" => 1, "patternId" => "js-eval-injection", "severity" => "critical"}, %{"code" => "eval(x)", "filePath" => "file31.js", "id" => "vuln-31", "line" => 1, "patternId" => "js-eval-injection", "severity" => "critical"}, %{"code" => "// eval(x)", "filePath" => "file32.js", "id" => "vuln-32", "line" => 1, "patternId" => "js-eval-injection", "severity" => "critical"}, %{"code" => "eval(x)", "filePath" => "file33.js", "id" => "vuln-33", "line" => 1, "patternId" => "js-eval-injection", "severity" => "critical"}, %{"code" => "// eval(x)", "filePath" => "file34.js", "id" => "vuln-34", "line" => 1, "patternId" => "js-eval-injection", "severity" => "critical"}, %{"code" => "eval(x)", "filePath" => "file35.js", "id" => "vuln-35", "line" => 1, "patternId" => "js-eval-injection", "severity" => "critical"}, %{"code" => "// eval(x)", "filePath" => "file36.js", "id" => "vuln-36", "line" => 1, "patternId" => "js-eval-injection", "severity" => "critical"}, %{"code" => "eval(x)", "filePath" => "file37.js", "id" => "vuln-37", "line" => 1, "patternId" => "js-eval-injection", "severity" => "critical"}, %{"code" => "// eval(x)", "filePath" => "file38.js", "id" => "vuln-38", "line" => 1, "patternId" => "js-eval-injection", "severity" => "critical"}, %{"code" => "eval(x)", "filePath" => "file39.js", "id" => "vuln-39", "line" => 1, "patternId" => "js-eval-injection", "severity" => "critical"}, %{"code" => "// eval(x)", "filePath" => "file40.js", "id" => "vuln-40", "line" => 1, "patternId" => "js-eval-injection", "severity" => "critical"}, %{"code" => "eval(x)", "filePath" => "file41.js", "id" => "vuln-41", "line" => 1, "patternId" => "js-eval-injection", "severity" => "critical"}, %{"code" => "// eval(x)", "filePath" => "file42.js", "id" => "vuln-42", "line" => 1, "patternId" => "js-eval-injection", "severity" => "critical"}, %{"code" => "eval(x)", "filePath" => "file43.js", "id" => "vuln-43", "line" => 1, "patternId" => "js-eval-injection", ...}, %{"code" => "// eval(x)", "filePath" => "file44.js", "id" => "vuln-44", "line" => 1, ...}, %{"code" => "eval(x)", "filePath" => "file45.js", "id" => "vuln-45", ...}, %{"code" => "// eval(x)", "filePath" => "file46.js", ...}, %{"code" => "eval(x)", ...}, %{...}, ...]}
  Pipelines: [:api]
14:25:04.556 request_id=GGRULHhQXFJaBTwAADqE [info] Sent 200 in 1ms
.14:25:04.556 request_id=GGRULHhRsVCAuGoAAFAF [debug] QUERY OK source="fun_with_flags_toggles" db=0.1ms
SELECT f0."id", f0."flag_name", f0."gate_type", f0."target", f0."enabled" FROM "fun_with_flags_toggles" AS f0 WHERE (f0."flag_name" = $1) ["false_positive_caching"]
14:25:04.556 request_id=GGRULHhRsVCAuGoAAFAF [debug] Telemetry event: [:fun_with_flags, :persistence, :read], metadata: %{flag_name: :false_positive_caching, gate: nil}, measurements: %{system_time: 1757622304556411765}
14:25:04.556 request_id=GGRULHhRsVCAuGoAAFAF [debug] Using standard validation controller (feature flag disabled)
.14:25:04.556 request_id=GGRULHhRsVCAuGoAAFAF [debug] QUERY OK source="api_keys" db=0.1ms
SELECT a0."id", a0."key", a0."name", a0."permissions", a0."active", a0."last_used_at", a0."expires_at", a0."customer_id", a0."inserted_at", a0."updated_at" FROM "api_keys" AS a0 WHERE ((a0."key" = $1) AND (a0."active" = $2)) ["rsolv_k8vi2Q5JWqIKjQRUCUISe8qEvYYBUOHnfbdzEW1EZzE", true]
.......14:25:04.556 request_id=GGRULHhRsVCAuGoAAFAF [debug] QUERY OK source="customers" db=0.1ms
SELECT c0."id", c0."name", c0."email", c0."monthly_limit", c0."current_usage", c0."active", c0."metadata", c0."password_hash", c0."is_staff", c0."admin_level", c0."trial_fixes_used", c0."trial_fixes_limit", c0."stripe_customer_id", c0."subscription_plan", c0."subscription_status", c0."rollover_fixes", c0."payment_method_added_at", c0."trial_expired_at", c0."fixes_used_this_month", c0."fixes_quota_this_month", c0."has_payment_method", c0."inserted_at", c0."updated_at" FROM "customers" AS c0 WHERE (c0."id" = $1) [71987]
..........14:25:04.560 request_id=GGRULHhRsVCAuGoAAFAF [info] Sent 200 in 5ms
.14:25:04.561 [debug] QUERY OK source="customers" db=0.2ms
INSERT INTO "customers" ("active","name","metadata","email","is_staff","subscription_plan","monthly_limit","current_usage","fixes_quota_this_month","fixes_used_this_month","has_payment_method","rollover_fixes","subscription_status","trial_fixes_limit","trial_fixes_used","inserted_at","updated_at") VALUES ($1,$2,$3,$4,$5,$6,$7,$8,$9,$10,$11,$12,$13,$14,$15,$16,$17) RETURNING "id" [true, "Test Customer 20614", %{}, "test20614@example.com", false, "trial", 100, 15, 0, 0, false, 0, "active", 5, 0, ~N[2025-09-11 20:25:04], ~N[2025-09-11 20:25:04]]
14:25:04.561 [debug] QUERY OK source="api_keys" db=0.1ms
INSERT INTO "api_keys" ("active","name","permissions","key","customer_id","inserted_at","updated_at") VALUES ($1,$2,$3,$4,$5,$6,$7) RETURNING "id" [true, "Test Key", ["full_access"], "rsolv_55yx-BMMsSFzp-6SfgW2BXo5n6FdMTEWSpZo7Bvpm-8", 71989, ~U[2025-09-11 20:25:04Z], ~U[2025-09-11 20:25:04Z]]
14:25:04.562 [info] PatternServer: Loaded 170 unique patterns
14:25:04.562 [info] Patterns by language: %{"common" => 1, "django" => 19, "elixir" => 28, "java" => 17, "javascript" => 30, "php" => 25, "python" => 12, "rails" => 18, "ruby" => 20}
14:25:04.563 request_id=GGRULHjMKAKt2cYAAFEF [info] POST /api/v1/vulnerabilities/validate
14:25:04.563 request_id=GGRULHjMKAKt2cYAAFEF [debug] Processing with RsolvWeb.Api.V1.VulnerabilityValidationRouter.validate/2
  Parameters: %{"files" => %{"app.js" => "console.log('Line 1');\nconsole.log('Line 2');\nconsole.log('Line 3');\nconsole.log('Line 4');\nconsole.log('Line 5');\nconsole.log('Line 6');\nconsole.log('Line 7');\nconsole.log('Line 8');\nconsole.log('Line 9');\nconsole.log('Line 10');\nconsole.log('Line 11');\nconsole.log('Line 12');\nconsole.log('Line 13');\nconsole.log('Line 14');\nconsole.log('Line 15');\nconsole.log('Line 16');\nconsole.log('Line 17');\nconsole.log('Line 18');\nconsole.log('Line 19');\nconsole.log('Line 20');\nconsole.log('Line 21');\nconsole.log('Line 22');\nconsole.log('Line 23');\nconsole.log('Line 24');\nconsole.log('Line 25');\nconsole.log('Line 26');\nconsole.log('Line 27');\nconsole.log('Line 28');\nconsole.log('Line 29');\nconsole.log('Line 30');\nconsole.log('Line 31');\nconsole.log('Line 32');\nconsole.log('Line 33');\nconsole.log('Line 34');\nconsole.log('Line 35');\nconsole.log('Line 36');\nconsole.log('Line 37');\nconsole.log('Line 38');\nconsole.log('Line 39');\nconsole.log('Line 40');\nconsole.log('Line 41');\nconsole.log('Line 42');\nconsole.log('Line 43');\nconsole.log('Line 44');\nconsole.log('Line 45');\nconsole.log('Line 46');\nconsole.log('Line 47');\nconsole.log('Line 48');\nconsole.log('Line 49');\nconsole.log('Line 50');\nconsole.log('Line 51');\nconsole.log('Line 52');\nconsole.log('Line 53');\nconsole.log('Line 54');\nconsole.log('Line 55');\nconsole.log('Line 56');\nconsole.log('Line 57');\nconsole.log('Line 58');\nconsole.log('Line 59');\nconsole.log('Line 60');\nconsole.log('Line 61');\nconsole.log('Line 62');\nconsole.log('Line 63');\nconsole.log('Line 64');\nconsole.log('Line 65');\nconsole.log('Line 66');\nconsole.log('Line 67');\nconsole.log('Line 68');\nconsole.log('Line 69');\nconsole.log('Line 70');\nconsole.log('Line 71');\nconsole.log('Line 72');\nconsole.log('Line 73');\nconsole.log('Line 74');\nconsole.log('Line 75');\nconsole.log('Line 76');\nconsole.log('Line 77');\nconsole.log('Line 78');\nconsole.log('Line 79');\nconsole.log('Line 80');\nconsole.log('Line 81');\nconsole.log('Line 82');\nconsole.log('Line 83');\nconsole.log('Line 84');\nconsole.log('Line 85');\nconsole.log('Line 86');\nconsole.log('Line 87');\nconsole.log('Line 88');\nconsole.log('Line 89');\nconsole.log('Line 90');\nconsole.log('Line 91');\nconsole.log('Line 92');\nconsole.log('Line 93');\nconsole.log('Line 94');\nconsole.log('Line 95');\nconsole.log('Line 96');\nconsole.log('Line 97');\nconsole.log('Line 98');\nconsole.log('Line 99');\nconsole.log('Line 100');\nconsole.log('Line 101');\nconsole.log('Line 102');\nconsole.log('Line 103');\nconsole.log('Line 104');\nconsole.log('Line 105');\nconsole.log('Line 106');\nconsole.log('Line 107');\nconsole.log('Line 108');\nconsole.log('Line 109');\nconsole.log('Line 110');\nconsole.log('Line 111');\nconsole.log('Line 112');\nconsole.log('Line 113');\nconsole.log('Line 114');\nconsole.log('Line 115');\nconsole.log('Line 116');\nconsole.log('Line 117');\nconsole.log('Line 118');\nconsole.log('Line 119');\nconsole.log('Line 120');\nconsole.log('Line 121');\nconsole.log('Line 122');\nconsole.log('Line 123');\nconsole.log('Line 124');\nconsole.log('Line 125');\nconsole.log('Line 126');\nconsole.log('Line 127');\nconsole.log('Line 128');\nconsole.log('Line 129');\nconsole.log('Line 130');\nconsole.log('Line 131');\nconsole.log('Line 132');\nconsole.log('Line 133');\nconsole.log('Line 134');\nconsole.log('Line 135');\nconsole.log('Line 136');\nconsole.log('Line 137');\nconsole.log('Line 138');\nconsole.log('Line 139');\nconsole.log('Line 140');\nconsole.log('Line 141');\nconsole.log('Line 142');\nconsole.log('Line 143');\nconsole.log('Line 144');\nconsole.log('Line 145');\nconsole.log('Line 146');\nconsole.log('Line 147');\nconsole.log('Line 148');\nconsole.log('Line 149');\nconsole.log('Line 150');\nconsole.log('Line 151');\nconsole.log('Line 152');\nconsole.log('Line 153');\nconsole.log('Line 154');\nconsole.log('Line 155');\nconsole.log('Line 156');\nconsole.log('Line 157');\nconsole.log('Line 158');\nconsole.log('Line 159');\nconsole.log('Line 160');\nconsole.log('Line 161');\nconsole.log('Line 162');\nconsole.log('Line 163');\nconsole.log('Line 164');\nconsole.log('Line 165');\nconsole.log('Line 166');\nconsole.log('Line 167');\nconsole.log('Line 168');\ncons" <> ...}, "vulnerabilities" => [%{"code" => "eval(userInput)", "filePath" => "app.js", "id" => "test-vuln", "line" => 10001, "patternId" => "eval-injection", "severity" => "critical"}]}
  Pipelines: [:api]
14:25:04.563 request_id=GGRULHjMKAKt2cYAAFEF [debug] QUERY OK source="fun_with_flags_toggles" db=0.1ms
SELECT f0."id", f0."flag_name", f0."gate_type", f0."target", f0."enabled" FROM "fun_with_flags_toggles" AS f0 WHERE (f0."flag_name" = $1) ["false_positive_caching"]
14:25:04.563 request_id=GGRULHjMKAKt2cYAAFEF [debug] Telemetry event: [:fun_with_flags, :persistence, :read], metadata: %{flag_name: :false_positive_caching, gate: nil}, measurements: %{system_time: 1757622304563710587}
14:25:04.563 request_id=GGRULHjMKAKt2cYAAFEF [debug] Using standard validation controller (feature flag disabled)
14:25:04.564 request_id=GGRULHjMKAKt2cYAAFEF [debug] QUERY OK source="api_keys" db=0.1ms
SELECT a0."id", a0."key", a0."name", a0."permissions", a0."active", a0."last_used_at", a0."expires_at", a0."customer_id", a0."inserted_at", a0."updated_at" FROM "api_keys" AS a0 WHERE ((a0."key" = $1) AND (a0."active" = $2)) ["rsolv_55yx-BMMsSFzp-6SfgW2BXo5n6FdMTEWSpZo7Bvpm-8", true]
14:25:04.564 request_id=GGRULHjMKAKt2cYAAFEF [debug] QUERY OK source="customers" db=0.1ms
SELECT c0."id", c0."name", c0."email", c0."monthly_limit", c0."current_usage", c0."active", c0."metadata", c0."password_hash", c0."is_staff", c0."admin_level", c0."trial_fixes_used", c0."trial_fixes_limit", c0."stripe_customer_id", c0."subscription_plan", c0."subscription_status", c0."rollover_fixes", c0."payment_method_added_at", c0."trial_expired_at", c0."fixes_used_this_month", c0."fixes_quota_this_month", c0."has_payment_method", c0."inserted_at", c0."updated_at" FROM "customers" AS c0 WHERE (c0."id" = $1) [71989]
14:25:04.566 request_id=GGRULE0Zk7Arlx4AABkQ [debug] QUERY OK db=9.8ms queue=0.2ms
SELECT create_analytics_partition_if_not_exists($1::date) [~D[2025-09-11]]
14:25:04.567 request_id=GGRULE0Zk7Arlx4AABkQ [debug] QUERY OK source="analytics_events" db=0.3ms queue=0.2ms
INSERT INTO "analytics_events" ("metadata","event_type","visitor_id","page_path","inserted_at","updated_at") VALUES ($1,$2,$3,$4,$5,$6) RETURNING "id" [%{status: "submit", os: "unknown", form_id: "early-access", browser: "unknown", utm_source_platform: nil, utm_source_campaign: nil, utm_source_content: nil, device_type: "unknown"}, "form_submit", "2b8daf6a712b187fc4dba11f4cdf4de7", "/early-access", ~N[2025-09-11 20:25:04], ~N[2025-09-11 20:25:04]]
14:25:04.567 request_id=GGRULE0Zk7Arlx4AABkQ [info] Form submission received
14:25:04.567 request_id=GGRULE0Zk7Arlx4AABkQ [info] Valid email received for processing: user@example.com, validation passed
14:25:04.567 request_id=GGRULE0Zk7Arlx4AABkQ [debug] Extracted UTM parameters: %{}
14:25:04.571 request_id=GGRULE0Zj4Gf4hYAACII [debug] QUERY OK source="customers" db=0.2ms
SELECT c0."id", c0."name", c0."email", c0."monthly_limit", c0."current_usage", c0."active", c0."metadata", c0."password_hash", c0."is_staff", c0."admin_level", c0."trial_fixes_used", c0."trial_fixes_limit", c0."stripe_customer_id", c0."subscription_plan", c0."subscription_status", c0."rollover_fixes", c0."payment_method_added_at", c0."trial_expired_at", c0."fixes_used_this_month", c0."fixes_quota_this_month", c0."has_payment_method", c0."inserted_at", c0."updated_at" FROM "customers" AS c0 WHERE (c0."id" = $1) [71973]
14:25:04.572 request_id=GGRULE40eR_nvF8AABYR [debug] QUERY OK source="customers" db=0.2ms queue=0.2ms
SELECT count(*) FROM "customers" AS c0 []
14:25:04.572 request_id=GGRULE6KoR6E6pwAABiO [debug] QUERY OK source="customers" db=0.1ms queue=0.3ms
SELECT count(*) FROM "customers" AS c0 []
14:25:04.572 request_id=GGRULE0ZkBvgoiYAACYD [debug] QUERY OK source="customers" db=0.9ms
SELECT c0."id", c0."name", c0."email", c0."monthly_limit", c0."current_usage", c0."active", c0."metadata", c0."password_hash", c0."is_staff", c0."admin_level", c0."trial_fixes_used", c0."trial_fixes_limit", c0."stripe_customer_id", c0."subscription_plan", c0."subscription_status", c0."rollover_fixes", c0."payment_method_added_at", c0."trial_expired_at", c0."fixes_used_this_month", c0."fixes_quota_this_month", c0."has_payment_method", c0."inserted_at", c0."updated_at" FROM "customers" AS c0 WHERE (c0."id" = $1) [71976]
14:25:04.573 request_id=GGRULHjMKAKt2cYAAFEF [info] Sent 200 in 10ms
.14:25:04.573 request_id=GGRULE0Zk7Arlx4AABkQ [debug] QUERY OK source="early_access_signups" db=0.3ms queue=0.2ms
INSERT INTO "early_access_signups" ("name","email","referral_source","inserted_at") VALUES ($1,$2,$3,$4) RETURNING "id" ["User", "user@example.com", "landing_page", ~N[2025-09-11 20:25:04]]
14:25:04.574 [debug] QUERY OK source="customers" db=0.2ms
INSERT INTO "customers" ("active","name","metadata","email","is_staff","subscription_plan","monthly_limit","current_usage","fixes_quota_this_month","fixes_used_this_month","has_payment_method","rollover_fixes","subscription_status","trial_fixes_limit","trial_fixes_used","inserted_at","updated_at") VALUES ($1,$2,$3,$4,$5,$6,$7,$8,$9,$10,$11,$12,$13,$14,$15,$16,$17) RETURNING "id" [true, "Test Customer 5515", %{}, "test5515@example.com", false, "trial", 100, 15, 0, 0, false, 0, "active", 5, 0, ~N[2025-09-11 20:25:04], ~N[2025-09-11 20:25:04]]
14:25:04.574 [debug] QUERY OK source="api_keys" db=0.1ms
INSERT INTO "api_keys" ("active","name","permissions","key","customer_id","inserted_at","updated_at") VALUES ($1,$2,$3,$4,$5,$6,$7) RETURNING "id" [true, "Test Key", ["full_access"], "rsolv_fGnq4zdSBIS973T0LZPSbR_BD3mSArW6qVOdDnjyBmc", 71990, ~U[2025-09-11 20:25:04Z], ~U[2025-09-11 20:25:04Z]]
.14:25:04.574 request_id=GGRULHl8ZnBzOJMAAFKF [info] POST /api/v1/vulnerabilities/validate
..14:25:04.574 request_id=GGRULHl8ZnBzOJMAAFKF [debug] Processing with RsolvWeb.Api.V1.VulnerabilityValidationRouter.validate/2
  Parameters: %{"files" => %{"app.js" => "const warning = 'Never use eval()';"}, "vulnerabilities" => [%{"code" => "const warning = 'Never use eval()'", "filePath" => "app.js", "id" => "test-vuln", "line" => 1, "patternId" => "eval-injection", "severity" => "critical"}]}
  Pipelines: [:api]
......14:25:04.575 request_id=GGRULHl8ZnBzOJMAAFKF [debug] QUERY OK source="fun_with_flags_toggles" db=0.1ms
SELECT f0."id", f0."flag_name", f0."gate_type", f0."target", f0."enabled" FROM "fun_with_flags_toggles" AS f0 WHERE (f0."flag_name" = $1) ["false_positive_caching"]
14:25:04.575 request_id=GGRULHl8ZnBzOJMAAFKF [debug] Telemetry event: [:fun_with_flags, :persistence, :read], metadata: %{flag_name: :false_positive_caching, gate: nil}, measurements: %{system_time: 1757622304575102971}
14:25:04.575 request_id=GGRULHl8ZnBzOJMAAFKF [debug] Using standard validation controller (feature flag disabled)
14:25:04.575 request_id=GGRULHl8ZnBzOJMAAFKF [debug] QUERY OK source="api_keys" db=0.2ms
SELECT a0."id", a0."key", a0."name", a0."permissions", a0."active", a0."last_used_at", a0."expires_at", a0."customer_id", a0."inserted_at", a0."updated_at" FROM "api_keys" AS a0 WHERE ((a0."key" = $1) AND (a0."active" = $2)) ["rsolv_fGnq4zdSBIS973T0LZPSbR_BD3mSArW6qVOdDnjyBmc", true]
14:25:04.575 request_id=GGRULHl8ZnBzOJMAAFKF [debug] QUERY OK source="customers" db=0.1ms
SELECT c0."id", c0."name", c0."email", c0."monthly_limit", c0."current_usage", c0."active", c0."metadata", c0."password_hash", c0."is_staff", c0."admin_level", c0."trial_fixes_used", c0."trial_fixes_limit", c0."stripe_customer_id", c0."subscription_plan", c0."subscription_status", c0."rollover_fixes", c0."payment_method_added_at", c0."trial_expired_at", c0."fixes_used_this_month", c0."fixes_quota_this_month", c0."has_payment_method", c0."inserted_at", c0."updated_at" FROM "customers" AS c0 WHERE (c0."id" = $1) [71990]
14:25:04.575 request_id=GGRULHl8ZnBzOJMAAFKF [info] Sent 200 in 784µs
14:25:04.575 request_id=GGRULHmJMR1zOJMAAFMF [info] POST /api/v1/vulnerabilities/validate
14:25:04.575 request_id=GGRULHmJMR1zOJMAAFMF [debug] Processing with RsolvWeb.Api.V1.VulnerabilityValidationRouter.validate/2
  Parameters: %{"files" => %{"app.js" => "const msg = \"eval() is dangerous\";"}, "vulnerabilities" => [%{"code" => "const msg = \"eval() is dangerous\"", "filePath" => "app.js", "id" => "test-vuln", "line" => 1, "patternId" => "eval-injection", "severity" => "critical"}]}
  Pipelines: [:api]
14:25:04.575 request_id=GGRULHmJMR1zOJMAAFMF [debug] QUERY OK source="fun_with_flags_toggles" db=0.1ms
SELECT f0."id", f0."flag_name", f0."gate_type", f0."target", f0."enabled" FROM "fun_with_flags_toggles" AS f0 WHERE (f0."flag_name" = $1) ["false_positive_caching"]
14:25:04.575 request_id=GGRULHmJMR1zOJMAAFMF [debug] Telemetry event: [:fun_with_flags, :persistence, :read], metadata: %{flag_name: :false_positive_caching, gate: nil}, measurements: %{system_time: 1757622304575965624}
14:25:04.576 request_id=GGRULHmJMR1zOJMAAFMF [debug] Using standard validation controller (feature flag disabled)
14:25:04.576 request_id=GGRULHmJMR1zOJMAAFMF [debug] QUERY OK source="api_keys" db=0.1ms
SELECT a0."id", a0."key", a0."name", a0."permissions", a0."active", a0."last_used_at", a0."expires_at", a0."customer_id", a0."inserted_at", a0."updated_at" FROM "api_keys" AS a0 WHERE ((a0."key" = $1) AND (a0."active" = $2)) ["rsolv_fGnq4zdSBIS973T0LZPSbR_BD3mSArW6qVOdDnjyBmc", true]
14:25:04.576 request_id=GGRULHmJMR1zOJMAAFMF [debug] QUERY OK source="customers" db=0.2ms
SELECT c0."id", c0."name", c0."email", c0."monthly_limit", c0."current_usage", c0."active", c0."metadata", c0."password_hash", c0."is_staff", c0."admin_level", c0."trial_fixes_used", c0."trial_fixes_limit", c0."stripe_customer_id", c0."subscription_plan", c0."subscription_status", c0."rollover_fixes", c0."payment_method_added_at", c0."trial_expired_at", c0."fixes_used_this_month", c0."fixes_quota_this_month", c0."has_payment_method", c0."inserted_at", c0."updated_at" FROM "customers" AS c0 WHERE (c0."id" = $1) [71990]
14:25:04.576 request_id=GGRULHmJMR1zOJMAAFMF [info] Sent 200 in 925µs
14:25:04.576 request_id=GGRULHmYdctzOJMAACEH [info] POST /api/v1/vulnerabilities/validate
14:25:04.576 request_id=GGRULHmYdctzOJMAACEH [debug] Processing with RsolvWeb.Api.V1.VulnerabilityValidationRouter.validate/2
  Parameters: %{"files" => %{"app.js" => "const template = `Don't use eval()`;"}, "vulnerabilities" => [%{"code" => "const template = `Don't use eval()`", "filePath" => "app.js", "id" => "test-vuln", "line" => 1, "patternId" => "eval-injection", "severity" => "critical"}]}
  Pipelines: [:api]
14:25:04.576 request_id=GGRULE0ZkBvgoiYAACYD [debug] QUERY OK source="api_keys" db=0.3ms queue=0.2ms
SELECT a0."id", a0."key", a0."name", a0."permissions", a0."active", a0."last_used_at", a0."expires_at", a0."customer_id", a0."inserted_at", a0."updated_at" FROM "api_keys" AS a0 WHERE (a0."customer_id" = $1) ORDER BY a0."inserted_at" DESC [71976]
14:25:04.576 request_id=GGRULHmYdctzOJMAACEH [debug] QUERY OK source="fun_with_flags_toggles" db=0.1ms
SELECT f0."id", f0."flag_name", f0."gate_type", f0."target", f0."enabled" FROM "fun_with_flags_toggles" AS f0 WHERE (f0."flag_name" = $1) ["false_positive_caching"]
14:25:04.576 request_id=GGRULHmYdctzOJMAACEH [debug] Telemetry event: [:fun_with_flags, :persistence, :read], metadata: %{flag_name: :false_positive_caching, gate: nil}, measurements: %{system_time: 1757622304576958657}
14:25:04.576 request_id=GGRULHmYdctzOJMAACEH [debug] Using standard validation controller (feature flag disabled)
14:25:04.577 request_id=GGRULHmYdctzOJMAACEH [debug] QUERY OK source="api_keys" db=0.1ms
SELECT a0."id", a0."key", a0."name", a0."permissions", a0."active", a0."last_used_at", a0."expires_at", a0."customer_id", a0."inserted_at", a0."updated_at" FROM "api_keys" AS a0 WHERE ((a0."key" = $1) AND (a0."active" = $2)) ["rsolv_fGnq4zdSBIS973T0LZPSbR_BD3mSArW6qVOdDnjyBmc", true]
14:25:04.577 request_id=GGRULE0Zj4Gf4hYAACII [debug] QUERY OK source="api_keys" db=0.3ms queue=0.6ms
SELECT a0."id", a0."key", a0."name", a0."permissions", a0."active", a0."last_used_at", a0."expires_at", a0."customer_id", a0."inserted_at", a0."updated_at" FROM "api_keys" AS a0 WHERE (a0."customer_id" = $1) ORDER BY a0."inserted_at" DESC [71973]
14:25:04.577 request_id=GGRULHmYdctzOJMAACEH [debug] QUERY OK source="customers" db=0.1ms
SELECT c0."id", c0."name", c0."email", c0."monthly_limit", c0."current_usage", c0."active", c0."metadata", c0."password_hash", c0."is_staff", c0."admin_level", c0."trial_fixes_used", c0."trial_fixes_limit", c0."stripe_customer_id", c0."subscription_plan", c0."subscription_status", c0."rollover_fixes", c0."payment_method_added_at", c0."trial_expired_at", c0."fixes_used_this_month", c0."fixes_quota_this_month", c0."has_payment_method", c0."inserted_at", c0."updated_at" FROM "customers" AS c0 WHERE (c0."id" = $1) [71990]
14:25:04.577 request_id=GGRULHmYdctzOJMAACEH [info] Sent 200 in 785µs
14:25:04.577 request_id=GGRULHmlifdzOJMAAFsB [info] POST /api/v1/vulnerabilities/validate
14:25:04.577 request_id=GGRULHmlifdzOJMAAFsB [debug] Processing with RsolvWeb.Api.V1.VulnerabilityValidationRouter.validate/2
  Parameters: %{"files" => %{"app.js" => "const result = eval(userInput);"}, "vulnerabilities" => [%{"code" => "eval(userInput)", "filePath" => "app.js", "id" => "test-vuln", "line" => 1, "patternId" => "eval-injection", "severity" => "critical"}]}
  Pipelines: [:api]
14:25:04.577 request_id=GGRULHmlifdzOJMAAFsB [debug] QUERY OK source="fun_with_flags_toggles" db=0.0ms
SELECT f0."id", f0."flag_name", f0."gate_type", f0."target", f0."enabled" FROM "fun_with_flags_toggles" AS f0 WHERE (f0."flag_name" = $1) ["false_positive_caching"]
14:25:04.577 request_id=GGRULHmlifdzOJMAAFsB [debug] Telemetry event: [:fun_with_flags, :persistence, :read], metadata: %{flag_name: :false_positive_caching, gate: nil}, measurements: %{system_time: 1757622304577722709}
14:25:04.577 request_id=GGRULHmlifdzOJMAAFsB [debug] Using standard validation controller (feature flag disabled)
14:25:04.577 request_id=GGRULHmlifdzOJMAAFsB [debug] QUERY OK source="api_keys" db=0.0ms
SELECT a0."id", a0."key", a0."name", a0."permissions", a0."active", a0."last_used_at", a0."expires_at", a0."customer_id", a0."inserted_at", a0."updated_at" FROM "api_keys" AS a0 WHERE ((a0."key" = $1) AND (a0."active" = $2)) ["rsolv_fGnq4zdSBIS973T0LZPSbR_BD3mSArW6qVOdDnjyBmc", true]
14:25:04.577 request_id=GGRULHmlifdzOJMAAFsB [debug] QUERY OK source="customers" db=0.0ms
SELECT c0."id", c0."name", c0."email", c0."monthly_limit", c0."current_usage", c0."active", c0."metadata", c0."password_hash", c0."is_staff", c0."admin_level", c0."trial_fixes_used", c0."trial_fixes_limit", c0."stripe_customer_id", c0."subscription_plan", c0."subscription_status", c0."rollover_fixes", c0."payment_method_added_at", c0."trial_expired_at", c0."fixes_used_this_month", c0."fixes_quota_this_month", c0."has_payment_method", c0."inserted_at", c0."updated_at" FROM "customers" AS c0 WHERE (c0."id" = $1) [71990]
14:25:04.578 request_id=GGRULHmlifdzOJMAAFsB [info] Sent 200 in 477µs
.14:25:04.578 request_id=GGRULE0Zk7Arlx4AABkQ [debug] QUERY OK source="early_access_signups" db=0.1ms queue=0.1ms
SELECT count(e0."id") FROM "early_access_signups" AS e0 []
14:25:04.578 request_id=GGRULE0Zk7Arlx4AABkQ [info] Successfully saved signup to database
14:25:04.578 [debug] QUERY OK source="customers" db=0.2ms
INSERT INTO "customers" ("active","name","metadata","email","is_staff","subscription_plan","monthly_limit","current_usage","fixes_quota_this_month","fixes_used_this_month","has_payment_method","rollover_fixes","subscription_status","trial_fixes_limit","trial_fixes_used","inserted_at","updated_at") VALUES ($1,$2,$3,$4,$5,$6,$7,$8,$9,$10,$11,$12,$13,$14,$15,$16,$17) RETURNING "id" [true, "Test Customer 5771", %{}, "test5771@example.com", false, "trial", 100, 15, 0, 0, false, 0, "active", 5, 0, ~N[2025-09-11 20:25:04], ~N[2025-09-11 20:25:04]]
14:25:04.578 [debug] QUERY OK source="api_keys" db=0.1ms
INSERT INTO "api_keys" ("active","name","permissions","key","customer_id","inserted_at","updated_at") VALUES ($1,$2,$3,$4,$5,$6,$7) RETURNING "id" [true, "Test Key", ["full_access"], "rsolv_eFaGdxKprfE1GDMPvfNl1C2k5S4P-g2-c4Bv7j3FoqM", 71991, ~U[2025-09-11 20:25:04Z], ~U[2025-09-11 20:25:04Z]]
14:25:04.578 request_id=GGRULHm6ZgGzWCAAACmD [info] POST /api/v1/vulnerabilities/validate
14:25:04.578 request_id=GGRULHm6ZgGzWCAAACmD [debug] Processing with RsolvWeb.Api.V1.VulnerabilityValidationRouter.validate/2
  Parameters: %{"files" => %{"app.js" => "function broken() { eval("}, "vulnerabilities" => [%{"code" => "eval(", "filePath" => "app.js", "id" => "test-vuln", "line" => 1, "patternId" => "eval-injection", "severity" => "critical"}]}
  Pipelines: [:api]
14:25:04.579 request_id=GGRULHm6ZgGzWCAAACmD [debug] QUERY OK source="fun_with_flags_toggles" db=0.0ms
SELECT f0."id", f0."flag_name", f0."gate_type", f0."target", f0."enabled" FROM "fun_with_flags_toggles" AS f0 WHERE (f0."flag_name" = $1) ["false_positive_caching"]
14:25:04.579 request_id=GGRULHm6ZgGzWCAAACmD [debug] Telemetry event: [:fun_with_flags, :persistence, :read], metadata: %{flag_name: :false_positive_caching, gate: nil}, measurements: %{system_time: 1757622304579064906}
14:25:04.579 request_id=GGRULHm6ZgGzWCAAACmD [debug] Using standard validation controller (feature flag disabled)
14:25:04.579 request_id=GGRULHm6ZgGzWCAAACmD [debug] QUERY OK source="api_keys" db=0.1ms
SELECT a0."id", a0."key", a0."name", a0."permissions", a0."active", a0."last_used_at", a0."expires_at", a0."customer_id", a0."inserted_at", a0."updated_at" FROM "api_keys" AS a0 WHERE ((a0."key" = $1) AND (a0."active" = $2)) ["rsolv_eFaGdxKprfE1GDMPvfNl1C2k5S4P-g2-c4Bv7j3FoqM", true]
14:25:04.579 request_id=GGRULHm6ZgGzWCAAACmD [debug] QUERY OK source="customers" db=0.1ms
SELECT c0."id", c0."name", c0."email", c0."monthly_limit", c0."current_usage", c0."active", c0."metadata", c0."password_hash", c0."is_staff", c0."admin_level", c0."trial_fixes_used", c0."trial_fixes_limit", c0."stripe_customer_id", c0."subscription_plan", c0."subscription_status", c0."rollover_fixes", c0."payment_method_added_at", c0."trial_expired_at", c0."fixes_used_this_month", c0."fixes_quota_this_month", c0."has_payment_method", c0."inserted_at", c0."updated_at" FROM "customers" AS c0 WHERE (c0."id" = $1) [71991]
14:25:04.579 request_id=GGRULHm6ZgGzWCAAACmD [info] Sent 200 in 770µs
14:25:04.579 request_id=GGRULE40eR_nvF8AABYR [debug] QUERY OK source="customers" db=0.2ms queue=0.2ms
SELECT c0."id", c0."name", c0."email", c0."monthly_limit", c0."current_usage", c0."active", c0."metadata", c0."password_hash", c0."is_staff", c0."admin_level", c0."trial_fixes_used", c0."trial_fixes_limit", c0."stripe_customer_id", c0."subscription_plan", c0."subscription_status", c0."rollover_fixes", c0."payment_method_added_at", c0."trial_expired_at", c0."fixes_used_this_month", c0."fixes_quota_this_month", c0."has_payment_method", c0."inserted_at", c0."updated_at" FROM "customers" AS c0 ORDER BY c0."inserted_at" DESC LIMIT 20 OFFSET $1 [0]
14:25:04.579 request_id=GGRULHnHaHWzWCAAABcK [info] POST /api/v1/vulnerabilities/validate
14:25:04.579 request_id=GGRULE6KoR6E6pwAABiO [debug] QUERY OK source="customers" db=0.2ms queue=0.3ms
SELECT c0."id", c0."name", c0."email", c0."monthly_limit", c0."current_usage", c0."active", c0."metadata", c0."password_hash", c0."is_staff", c0."admin_level", c0."trial_fixes_used", c0."trial_fixes_limit", c0."stripe_customer_id", c0."subscription_plan", c0."subscription_status", c0."rollover_fixes", c0."payment_method_added_at", c0."trial_expired_at", c0."fixes_used_this_month", c0."fixes_quota_this_month", c0."has_payment_method", c0."inserted_at", c0."updated_at" FROM "customers" AS c0 ORDER BY c0."inserted_at" DESC LIMIT 20 OFFSET $1 [0]
14:25:04.579 request_id=GGRULHnHaHWzWCAAABcK [debug] Processing with RsolvWeb.Api.V1.VulnerabilityValidationRouter.validate/2
  Parameters: %{"files" => %{"app.js" => "eval(user\\nInput);"}, "vulnerabilities" => [%{"code" => "eval(user\\nInput)", "filePath" => "app.js", "id" => "test-vuln", "line" => 1, "patternId" => "eval-injection", "severity" => "critical"}]}
  Pipelines: [:api]
14:25:04.579 request_id=GGRULHnHaHWzWCAAABcK [debug] QUERY OK source="fun_with_flags_toggles" db=0.0ms
SELECT f0."id", f0."flag_name", f0."gate_type", f0."target", f0."enabled" FROM "fun_with_flags_toggles" AS f0 WHERE (f0."flag_name" = $1) ["false_positive_caching"]
14:25:04.580 request_id=GGRULHnHaHWzWCAAABcK [debug] Telemetry event: [:fun_with_flags, :persistence, :read], metadata: %{flag_name: :false_positive_caching, gate: nil}, measurements: %{system_time: 1757622304580017606}
14:25:04.580 request_id=GGRULHnHaHWzWCAAABcK [debug] Using standard validation controller (feature flag disabled)
14:25:04.580 request_id=GGRULHnHaHWzWCAAABcK [debug] QUERY OK source="api_keys" db=0.1ms
SELECT a0."id", a0."key", a0."name", a0."permissions", a0."active", a0."last_used_at", a0."expires_at", a0."customer_id", a0."inserted_at", a0."updated_at" FROM "api_keys" AS a0 WHERE ((a0."key" = $1) AND (a0."active" = $2)) ["rsolv_eFaGdxKprfE1GDMPvfNl1C2k5S4P-g2-c4Bv7j3FoqM", true]
...14:25:04.580 request_id=GGRULHnHaHWzWCAAABcK [debug] QUERY OK source="customers" db=0.1ms
SELECT c0."id", c0."name", c0."email", c0."monthly_limit", c0."current_usage", c0."active", c0."metadata", c0."password_hash", c0."is_staff", c0."admin_level", c0."trial_fixes_used", c0."trial_fixes_limit", c0."stripe_customer_id", c0."subscription_plan", c0."subscription_status", c0."rollover_fixes", c0."payment_method_added_at", c0."trial_expired_at", c0."fixes_used_this_month", c0."fixes_quota_this_month", c0."has_payment_method", c0."inserted_at", c0."updated_at" FROM "customers" AS c0 WHERE (c0."id" = $1) [71991]
..14:25:04.580 request_id=GGRULHnHaHWzWCAAABcK [info] Sent 200 in 759µs
.14:25:04.580 request_id=GGRULHnTvzuzWCAAACoD [info] POST /api/v1/vulnerabilities/validate
...14:25:04.580 request_id=GGRULHnTvzuzWCAAACoD [debug] Processing with RsolvWeb.Api.V1.VulnerabilityValidationRouter.validate/2
  Parameters: %{"files" => %{"app.js" => "const rocket = eval('🚀');"}, "vulnerabilities" => [%{"code" => "eval('🚀')", "filePath" => "app.js", "id" => "test-vuln", "line" => 1, "patternId" => "eval-injection", "severity" => "critical"}]}
  Pipelines: [:api]
.....14:25:04.580 request_id=GGRULHnTvzuzWCAAACoD [debug] QUERY OK source="fun_with_flags_toggles" db=0.0ms
SELECT f0."id", f0."flag_name", f0."gate_type", f0."target", f0."enabled" FROM "fun_with_flags_toggles" AS f0 WHERE (f0."flag_name" = $1) ["false_positive_caching"]
.14:25:04.580 request_id=GGRULHnTvzuzWCAAACoD [debug] Telemetry event: [:fun_with_flags, :persistence, :read], metadata: %{flag_name: :false_positive_caching, gate: nil}, measurements: %{system_time: 1757622304580726965}
.14:25:04.580 request_id=GGRULHnTvzuzWCAAACoD [debug] Using standard validation controller (feature flag disabled)
14:25:04.580 request_id=GGRULHnTvzuzWCAAACoD [debug] QUERY OK source="api_keys" db=0.0ms
SELECT a0."id", a0."key", a0."name", a0."permissions", a0."active", a0."last_used_at", a0."expires_at", a0."customer_id", a0."inserted_at", a0."updated_at" FROM "api_keys" AS a0 WHERE ((a0."key" = $1) AND (a0."active" = $2)) ["rsolv_eFaGdxKprfE1GDMPvfNl1C2k5S4P-g2-c4Bv7j3FoqM", true]
14:25:04.581 request_id=GGRULHnTvzuzWCAAACoD [debug] QUERY OK source="customers" db=0.1ms
SELECT c0."id", c0."name", c0."email", c0."monthly_limit", c0."current_usage", c0."active", c0."metadata", c0."password_hash", c0."is_staff", c0."admin_level", c0."trial_fixes_used", c0."trial_fixes_limit", c0."stripe_customer_id", c0."subscription_plan", c0."subscription_status", c0."rollover_fixes", c0."payment_method_added_at", c0."trial_expired_at", c0."fixes_used_this_month", c0."fixes_quota_this_month", c0."has_payment_method", c0."inserted_at", c0."updated_at" FROM "customers" AS c0 WHERE (c0."id" = $1) [71991]
14:25:04.581 request_id=GGRULHnTvzuzWCAAACoD [info] Sent 200 in 614µs
.14:25:04.581 [debug] QUERY OK source="customers" db=0.1ms
INSERT INTO "customers" ("active","name","metadata","email","is_staff","subscription_plan","monthly_limit","current_usage","fixes_quota_this_month","fixes_used_this_month","has_payment_method","rollover_fixes","subscription_status","trial_fixes_limit","trial_fixes_used","inserted_at","updated_at") VALUES ($1,$2,$3,$4,$5,$6,$7,$8,$9,$10,$11,$12,$13,$14,$15,$16,$17) RETURNING "id" [true, "Test Customer 8712", %{}, "test8712@example.com", false, "trial", 100, 15, 0, 0, false, 0, "active", 5, 0, ~N[2025-09-11 20:25:04], ~N[2025-09-11 20:25:04]]
14:25:04.581 [debug] QUERY OK source="api_keys" db=0.1ms
INSERT INTO "api_keys" ("active","name","permissions","key","customer_id","inserted_at","updated_at") VALUES ($1,$2,$3,$4,$5,$6,$7) RETURNING "id" [true, "Test Key", ["full_access"], "rsolv_qizCAxTUr6SqRHnVfuIB6GywLoqoXaez5KQYsxBdP7o", 71992, ~U[2025-09-11 20:25:04Z], ~U[2025-09-11 20:25:04Z]]
14:25:04.581 request_id=GGRULHnnvvn5wvEAACKH [info] POST /api/v1/vulnerabilities/validate
14:25:04.581 request_id=GGRULHnnvvn5wvEAACKH [debug] Processing with RsolvWeb.Api.V1.VulnerabilityValidationRouter.validate/2
  Parameters: %{"files" => %{"app.js" => "<?php\nif (isset($_POST['code'])) {\n    $result = eval($_POST['code']);\n    echo $result;\n}\n?>\n"}, "vulnerabilities" => [%{"code" => "eval($_POST['code'])", "filePath" => "app.js", "id" => "test-vuln", "line" => 5, "patternId" => "eval-injection", "severity" => "critical"}]}
  Pipelines: [:api]
14:25:04.581 request_id=GGRULE0Zk7Arlx4AABkQ [info] ConvertKit API key present: true
14:25:04.582 request_id=GGRULE0Zk7Arlx4AABkQ [info] ConvertKit API request successful
14:25:04.582 request_id=GGRULE0Zk7Arlx4AABkQ [info] ConvertKit: Successfully added subscriber
14:25:04.582 request_id=GGRULHnnvvn5wvEAACKH [debug] QUERY OK source="fun_with_flags_toggles" db=0.1ms
SELECT f0."id", f0."flag_name", f0."gate_type", f0."target", f0."enabled" FROM "fun_with_flags_toggles" AS f0 WHERE (f0."flag_name" = $1) ["false_positive_caching"]
14:25:04.582 request_id=GGRULE0Zk7Arlx4AABkQ [info] Analytics event tracked
14:25:04.582 request_id=GGRULHnnvvn5wvEAACKH [debug] Telemetry event: [:fun_with_flags, :persistence, :read], metadata: %{flag_name: :false_positive_caching, gate: nil}, measurements: %{system_time: 1757622304582102655}
14:25:04.582 request_id=GGRULHnnvvn5wvEAACKH [debug] Using standard validation controller (feature flag disabled)
14:25:04.582 request_id=GGRULHnnvvn5wvEAACKH [debug] QUERY OK source="api_keys" db=0.1ms
SELECT a0."id", a0."key", a0."name", a0."permissions", a0."active", a0."last_used_at", a0."expires_at", a0."customer_id", a0."inserted_at", a0."updated_at" FROM "api_keys" AS a0 WHERE ((a0."key" = $1) AND (a0."active" = $2)) ["rsolv_qizCAxTUr6SqRHnVfuIB6GywLoqoXaez5KQYsxBdP7o", true]
14:25:04.582 request_id=GGRULHnnvvn5wvEAACKH [debug] QUERY OK source="customers" db=0.0ms
SELECT c0."id", c0."name", c0."email", c0."monthly_limit", c0."current_usage", c0."active", c0."metadata", c0."password_hash", c0."is_staff", c0."admin_level", c0."trial_fixes_used", c0."trial_fixes_limit", c0."stripe_customer_id", c0."subscription_plan", c0."subscription_status", c0."rollover_fixes", c0."payment_method_added_at", c0."trial_expired_at", c0."fixes_used_this_month", c0."fixes_quota_this_month", c0."has_payment_method", c0."inserted_at", c0."updated_at" FROM "customers" AS c0 WHERE (c0."id" = $1) [71992]
14:25:04.582 request_id=GGRULE0Zk7Arlx4AABkQ [debug] QUERY OK db=0.2ms
SELECT create_analytics_partition_if_not_exists($1::date) [~D[2025-09-11]]
14:25:04.582 request_id=GGRULHnnvvn5wvEAACKH [info] Sent 200 in 642µs
.14:25:04.582 request_id=GGRULE0Zk7Arlx4AABkQ [debug] QUERY OK source="analytics_events" db=0.1ms
INSERT INTO "analytics_events" ("metadata","event_type","visitor_id","page_path","inserted_at","updated_at") VALUES ($1,$2,$3,$4,$5,$6) RETURNING "id" [%{status: "success", os: "unknown", source: "landing_page", form_id: "early-access", browser: "unknown", utm_source_platform: nil, utm_source_campaign: nil, utm_source_content: nil, device_type: "unknown", conversion_type: "early_access_signup", email_domain: "example.com"}, "form_success", "2b8daf6a712b187fc4dba11f4cdf4de7", "/early-access", ~N[2025-09-11 20:25:04], ~N[2025-09-11 20:25:04]]
14:25:04.582 request_id=GGRULE0Zk7Arlx4AABkQ [info] Analytics event tracked
14:25:04.582 [debug] QUERY OK source="customers" db=0.0ms
INSERT INTO "customers" ("active","name","metadata","email","is_staff","subscription_plan","monthly_limit","current_usage","fixes_quota_this_month","fixes_used_this_month","has_payment_method","rollover_fixes","subscription_status","trial_fixes_limit","trial_fixes_used","inserted_at","updated_at") VALUES ($1,$2,$3,$4,$5,$6,$7,$8,$9,$10,$11,$12,$13,$14,$15,$16,$17) RETURNING "id" [true, "Test Customer 8968", %{}, "test8968@example.com", false, "trial", 100, 15, 0, 0, false, 0, "active", 5, 0, ~N[2025-09-11 20:25:04], ~N[2025-09-11 20:25:04]]
14:25:04.582 request_id=GGRULE0Zk7Arlx4AABkQ [debug] QUERY OK db=0.1ms
SELECT create_analytics_partition_if_not_exists($1::date) [~D[2025-09-11]]
14:25:04.583 [debug] QUERY OK source="api_keys" db=0.0ms
INSERT INTO "api_keys" ("active","name","permissions","key","customer_id","inserted_at","updated_at") VALUES ($1,$2,$3,$4,$5,$6,$7) RETURNING "id" [true, "Test Key", ["full_access"], "rsolv_U0FKA699MA6IUk3fG9kwDrsMVbFR3_7jmmgJG7WBbBI", 71993, ~U[2025-09-11 20:25:04Z], ~U[2025-09-11 20:25:04Z]]
14:25:04.583 request_id=GGRULHn5mtRmmgAAACOH [info] POST /api/v1/vulnerabilities/validate
14:25:04.583 request_id=GGRULHn5mtRmmgAAACOH [debug] Processing with RsolvWeb.Api.V1.VulnerabilityValidationRouter.validate/2
  Parameters: %{"files" => %{"app.js" => "// eval(userInput)\nconsole.log('safe');"}, "vulnerabilities" => [%{"code" => "// eval(userInput)", "filePath" => "app.js", "id" => "test-vuln", "line" => 1, "patternId" => "eval-injection", "severity" => "critical"}]}
  Pipelines: [:api]
14:25:04.583 request_id=GGRULE0Zk7Arlx4AABkQ [debug] QUERY OK source="analytics_events" db=0.0ms
INSERT INTO "analytics_events" ("metadata","event_type","visitor_id","page_path","inserted_at","updated_at") VALUES ($1,$2,$3,$4,$5,$6) RETURNING "id" [%{os: "unknown", source: "landing_page", form_id: "early-access", browser: "unknown", utm_source_platform: nil, utm_source_campaign: nil, utm_source_content: nil, device_type: "unknown", conversion_type: "early_access_signup", email_domain: "example.com"}, "conversion", "2b8daf6a712b187fc4dba11f4cdf4de7", "/early-access", ~N[2025-09-11 20:25:04], ~N[2025-09-11 20:25:04]]
14:25:04.583 request_id=GGRULHn5mtRmmgAAACOH [debug] QUERY OK source="fun_with_flags_toggles" db=0.0ms
SELECT f0."id", f0."flag_name", f0."gate_type", f0."target", f0."enabled" FROM "fun_with_flags_toggles" AS f0 WHERE (f0."flag_name" = $1) ["false_positive_caching"]
14:25:04.583 request_id=GGRULHn5mtRmmgAAACOH [debug] Telemetry event: [:fun_with_flags, :persistence, :read], metadata: %{flag_name: :false_positive_caching, gate: nil}, measurements: %{system_time: 1757622304583187909}
14:25:04.583 request_id=GGRULHn5mtRmmgAAACOH [debug] Using standard validation controller (feature flag disabled)
14:25:04.583 request_id=GGRULHn5mtRmmgAAACOH [debug] QUERY OK source="api_keys" db=0.0ms
SELECT a0."id", a0."key", a0."name", a0."permissions", a0."active", a0."last_used_at", a0."expires_at", a0."customer_id", a0."inserted_at", a0."updated_at" FROM "api_keys" AS a0 WHERE ((a0."key" = $1) AND (a0."active" = $2)) ["rsolv_U0FKA699MA6IUk3fG9kwDrsMVbFR3_7jmmgJG7WBbBI", true]
14:25:04.583 request_id=GGRULE0Zk7Arlx4AABkQ [debug] QUERY OK source="fun_with_flags_toggles" db=0.1ms
SELECT f0."id", f0."flag_name", f0."gate_type", f0."target", f0."enabled" FROM "fun_with_flags_toggles" AS f0 WHERE (f0."flag_name" = $1) ["welcome_email_sequence"]
14:25:04.583 request_id=GGRULE0Zk7Arlx4AABkQ [debug] Telemetry event: [:fun_with_flags, :persistence, :read], metadata: %{flag_name: :welcome_email_sequence, gate: nil}, measurements: %{system_time: 1757622304583359085}
14:25:04.583 request_id=GGRULE0Zk7Arlx4AABkQ [info] [PAGE CONTROLLER] Welcome email sequence is ENABLED, starting sequence
14:25:04.583 request_id=GGRULE0Zk7Arlx4AABkQ [info] [PAGE CONTROLLER] About to call EmailSequence.start_early_access_onboarding_sequence
14:25:04.583 request_id=GGRULHn5mtRmmgAAACOH [debug] QUERY OK source="customers" db=0.1ms
SELECT c0."id", c0."name", c0."email", c0."monthly_limit", c0."current_usage", c0."active", c0."metadata", c0."password_hash", c0."is_staff", c0."admin_level", c0."trial_fixes_used", c0."trial_fixes_limit", c0."stripe_customer_id", c0."subscription_plan", c0."subscription_status", c0."rollover_fixes", c0."payment_method_added_at", c0."trial_expired_at", c0."fixes_used_this_month", c0."fixes_quota_this_month", c0."has_payment_method", c0."inserted_at", c0."updated_at" FROM "customers" AS c0 WHERE (c0."id" = $1) [71993]
14:25:04.583 request_id=GGRULHn5mtRmmgAAACOH [info] Sent 200 in 502µs
14:25:04.583 request_id=GGRULHoCCcBmmgAAACQH [info] POST /api/v1/vulnerabilities/validate
14:25:04.583 request_id=GGRULHoCCcBmmgAAACQH [debug] Processing with RsolvWeb.Api.V1.VulnerabilityValidationRouter.validate/2
  Parameters: %{"files" => %{"app.js" => "const x = 5; // eval(userInput); // TODO: fix this"}, "vulnerabilities" => [%{"code" => "eval(userInput); // TODO: fix this", "filePath" => "app.js", "id" => "test-vuln", "line" => 1, "patternId" => "eval-injection", "severity" => "critical"}]}
  Pipelines: [:api]
14:25:04.583 request_id=GGRULHoCCcBmmgAAACQH [debug] QUERY OK source="fun_with_flags_toggles" db=0.1ms
SELECT f0."id", f0."flag_name", f0."gate_type", f0."target", f0."enabled" FROM "fun_with_flags_toggles" AS f0 WHERE (f0."flag_name" = $1) ["false_positive_caching"]
14:25:04.583 request_id=GGRULHoCCcBmmgAAACQH [debug] Telemetry event: [:fun_with_flags, :persistence, :read], metadata: %{flag_name: :false_positive_caching, gate: nil}, measurements: %{system_time: 1757622304583888896}
14:25:04.583 request_id=GGRULHoCCcBmmgAAACQH [debug] Using standard validation controller (feature flag disabled)
14:25:04.584 request_id=GGRULHoCCcBmmgAAACQH [debug] QUERY OK source="api_keys" db=0.1ms queue=0.1ms
SELECT a0."id", a0."key", a0."name", a0."permissions", a0."active", a0."last_used_at", a0."expires_at", a0."customer_id", a0."inserted_at", a0."updated_at" FROM "api_keys" AS a0 WHERE ((a0."key" = $1) AND (a0."active" = $2)) ["rsolv_U0FKA699MA6IUk3fG9kwDrsMVbFR3_7jmmgJG7WBbBI", true]
14:25:04.584 request_id=GGRULHoCCcBmmgAAACQH [debug] QUERY OK source="customers" db=0.1ms
SELECT c0."id", c0."name", c0."email", c0."monthly_limit", c0."current_usage", c0."active", c0."metadata", c0."password_hash", c0."is_staff", c0."admin_level", c0."trial_fixes_used", c0."trial_fixes_limit", c0."stripe_customer_id", c0."subscription_plan", c0."subscription_status", c0."rollover_fixes", c0."payment_method_added_at", c0."trial_expired_at", c0."fixes_used_this_month", c0."fixes_quota_this_month", c0."has_payment_method", c0."inserted_at", c0."updated_at" FROM "customers" AS c0 WHERE (c0."id" = $1) [71993]
14:25:04.584 request_id=GGRULHoCCcBmmgAAACQH [info] Sent 200 in 830µs
14:25:04.584 request_id=GGRULHoPgZlmmgAAAFOF [info] POST /api/v1/vulnerabilities/validate
14:25:04.584 request_id=GGRULHoPgZlmmgAAAFOF [debug] Processing with RsolvWeb.Api.V1.VulnerabilityValidationRouter.validate/2
  Parameters: %{"files" => %{"app.js" => "// This is safe\neval(userInput);\n// Another comment"}, "vulnerabilities" => [%{"code" => "eval(userInput)", "filePath" => "app.js", "id" => "test-vuln", "line" => 2, "patternId" => "eval-injection", "severity" => "critical"}]}
  Pipelines: [:api]
14:25:04.584 request_id=GGRULHoPgZlmmgAAAFOF [debug] QUERY OK source="fun_with_flags_toggles" db=0.0ms
SELECT f0."id", f0."flag_name", f0."gate_type", f0."target", f0."enabled" FROM "fun_with_flags_toggles" AS f0 WHERE (f0."flag_name" = $1) ["false_positive_caching"]
14:25:04.584 request_id=GGRULHoPgZlmmgAAAFOF [debug] Telemetry event: [:fun_with_flags, :persistence, :read], metadata: %{flag_name: :false_positive_caching, gate: nil}, measurements: %{system_time: 1757622304584650673}
14:25:04.584 request_id=GGRULHoPgZlmmgAAAFOF [debug] Using standard validation controller (feature flag disabled)
14:25:04.584 request_id=GGRULHoPgZlmmgAAAFOF [debug] QUERY OK source="api_keys" db=0.0ms
SELECT a0."id", a0."key", a0."name", a0."permissions", a0."active", a0."last_used_at", a0."expires_at", a0."customer_id", a0."inserted_at", a0."updated_at" FROM "api_keys" AS a0 WHERE ((a0."key" = $1) AND (a0."active" = $2)) ["rsolv_U0FKA699MA6IUk3fG9kwDrsMVbFR3_7jmmgJG7WBbBI", true]
14:25:04.584 request_id=GGRULHoPgZlmmgAAAFOF [debug] QUERY OK source="customers" db=0.0ms
SELECT c0."id", c0."name", c0."email", c0."monthly_limit", c0."current_usage", c0."active", c0."metadata", c0."password_hash", c0."is_staff", c0."admin_level", c0."trial_fixes_used", c0."trial_fixes_limit", c0."stripe_customer_id", c0."subscription_plan", c0."subscription_status", c0."rollover_fixes", c0."payment_method_added_at", c0."trial_expired_at", c0."fixes_used_this_month", c0."fixes_quota_this_month", c0."has_payment_method", c0."inserted_at", c0."updated_at" FROM "customers" AS c0 WHERE (c0."id" = $1) [71993]
14:25:04.584 request_id=GGRULHoPgZlmmgAAAFOF [info] Sent 200 in 509µs
.14:25:04.585 [debug] QUERY OK source="customers" db=0.1ms
INSERT INTO "customers" ("active","name","metadata","email","is_staff","subscription_plan","monthly_limit","current_usage","fixes_quota_this_month","fixes_used_this_month","has_payment_method","rollover_fixes","subscription_status","trial_fixes_limit","trial_fixes_used","inserted_at","updated_at") VALUES ($1,$2,$3,$4,$5,$6,$7,$8,$9,$10,$11,$12,$13,$14,$15,$16,$17) RETURNING "id" [true, "Test Customer 9352", %{}, "test9352@example.com", false, "trial", 100, 15, 0, 0, false, 0, "active", 5, 0, ~N[2025-09-11 20:25:04], ~N[2025-09-11 20:25:04]]
14:25:04.585 [debug] QUERY OK source="api_keys" db=0.2ms
INSERT INTO "api_keys" ("active","name","permissions","key","customer_id","inserted_at","updated_at") VALUES ($1,$2,$3,$4,$5,$6,$7) RETURNING "id" [true, "Test Key", ["full_access"], "rsolv_eGe-kuTADHYbkjxAlZFJzSFRJNdgW6oqoJNTyLe-dgE", 71994, ~U[2025-09-11 20:25:04Z], ~U[2025-09-11 20:25:04Z]]
14:25:04.585 request_id=GGRULHollspLPAIAABeK [info] POST /api/v1/vulnerabilities/validate
14:25:04.586 request_id=GGRULHollspLPAIAABeK [debug] Processing with RsolvWeb.Api.V1.VulnerabilityValidationRouter.validate/2
  Parameters: %{"files" => %{"app.js" => "@app.route('/execute', methods=['POST'])\ndef execute():\n    code = request.form['code']\n    exec(code)\n    return 'OK'\n"}, "vulnerabilities" => [%{"code" => "exec(request.form['code'])", "filePath" => "app.js", "id" => "test-vuln", "line" => 4, "patternId" => "eval-injection", "severity" => "critical"}]}
  Pipelines: [:api]
14:25:04.586 request_id=GGRULHollspLPAIAABeK [debug] QUERY OK source="fun_with_flags_toggles" db=0.1ms
SELECT f0."id", f0."flag_name", f0."gate_type", f0."target", f0."enabled" FROM "fun_with_flags_toggles" AS f0 WHERE (f0."flag_name" = $1) ["false_positive_caching"]
14:25:04.586 request_id=GGRULHollspLPAIAABeK [debug] Telemetry event: [:fun_with_flags, :persistence, :read], metadata: %{flag_name: :false_positive_caching, gate: nil}, measurements: %{system_time: 1757622304586239928}
14:25:04.586 request_id=GGRULHollspLPAIAABeK [debug] Using standard validation controller (feature flag disabled)
14:25:04.586 request_id=GGRULHollspLPAIAABeK [debug] QUERY OK source="api_keys" db=0.0ms
SELECT a0."id", a0."key", a0."name", a0."permissions", a0."active", a0."last_used_at", a0."expires_at", a0."customer_id", a0."inserted_at", a0."updated_at" FROM "api_keys" AS a0 WHERE ((a0."key" = $1) AND (a0."active" = $2)) ["rsolv_eGe-kuTADHYbkjxAlZFJzSFRJNdgW6oqoJNTyLe-dgE", true]
14:25:04.586 request_id=GGRULHollspLPAIAABeK [debug] QUERY OK source="customers" db=0.0ms
SELECT c0."id", c0."name", c0."email", c0."monthly_limit", c0."current_usage", c0."active", c0."metadata", c0."password_hash", c0."is_staff", c0."admin_level", c0."trial_fixes_used", c0."trial_fixes_limit", c0."stripe_customer_id", c0."subscription_plan", c0."subscription_status", c0."rollover_fixes", c0."payment_method_added_at", c0."trial_expired_at", c0."fixes_used_this_month", c0."fixes_quota_this_month", c0."has_payment_method", c0."inserted_at", c0."updated_at" FROM "customers" AS c0 WHERE (c0."id" = $1) [71994]
14:25:04.586 request_id=GGRULHollspLPAIAABeK [info] Sent 200 in 831µs
.14:25:04.586 request_id=GGRULE0Zk7Arlx4AABkQ [info] [EMAIL SEQUENCE] Starting early access onboarding sequence
14:25:04.586 request_id=GGRULE0Zk7Arlx4AABkQ [info] [EMAIL SEQUENCE] About to call EmailService.send_early_access_welcome_email
14:25:04.586 request_id=GGRULE0Zk7Arlx4AABkQ [info] [EMAIL] send_early_access_welcome_email called
14:25:04.587 request_id=GGRULE0Zk7Arlx4AABkQ [info] [EMAIL DEBUG] Full email struct before sending
14:25:04.587 request_id=GGRULE0Zk7Arlx4AABkQ [info] [EMAIL DEBUG] Extracted recipient email
14:25:04.587 request_id=GGRULE0Zk7Arlx4AABkQ [info] [EMAIL DEBUG] Postmark configuration
14:25:04.587 request_id=GGRULE0Zk7Arlx4AABkQ [info] [EMAIL DEBUG] Email configuration
14:25:04.587 request_id=GGRULE0Zk7Arlx4AABkQ [info] [EMAIL] Attempting to send email via Postmark
14:25:04.587 request_id=GGRULE0Zk7Arlx4AABkQ [debug] Sending email with Bamboo.TestAdapter:

%Bamboo.Email{from: {"RSOLV Team", "support@rsolv.dev"}, to: [nil: "user@example.com"], cc: [], bcc: [], subject: "Welcome to RSOLV Early Access Program", html_body: "<div style=\"font-family: 'Helvetica Neue', Helvetica, Arial, sans-serif; max-width: 600px; margin: 0 auto; padding: 20px;\">\n  <h1 style=\"color: #2C3E50; margin-bottom: 20px;\">Welcome to RSOLV Early Access Program!</h1>\n\n  <p>Hi User,</p>\n\n  <p>Thank you for joining our Early Access Program! You're now part of an exclusive group getting first access to RSOLV.</p>\n\n  <p>Here's what you need to know:</p>\n\n  <ul>\n    <li>You have full access to all current features</li>\n    <li>Your feedback is incredibly valuable to us during this phase</li>\n    <li>You'll receive priority support via email</li>\n  </ul>\n\n  <p>To get started with RSOLV:</p>\n\n  <ol>\n    <li><strong>Your API key will be sent in a follow-up email within 24 hours</strong></li>\n    <li>Once you receive your API key, install our GitHub Action (code below)</li>\n    <li>Set up your repository secrets with your API key</li>\n    <li>Tag your first issues with \"rsolv:automate\"</li>\n  </ol>\n\n  <div style=\"background-color: #fff3cd; border: 1px solid #ffeaa7; color: #856404; padding: 10px; border-radius: 5px; margin: 15px 0;\">\n    <strong>⏳ API Key Coming Soon:</strong> We'll send your personal API key within 24 hours. Look for an email with subject \"Your RSOLV API Key\".\n  </div>\n\n  <div style=\"background-color: #f8f9fa; padding: 15px; border-radius: 5px; margin: 20px 0;\">\n    <pre style=\"margin: 0; overflow-x: auto; white-space: pre-wrap; font-family: monospace;\">name: RSOLV AutoFix\non:\n  issues:\n    types: [opened, edited, labeled]\n\njobs:\n  autofix:\n    runs-on: ubuntu-latest\n    if: contains(github.event.issue.labels.*.name, 'rsolv:automate')\n    steps:\n      - uses: RSOLV-dev/rsolv-action@v1\n        with:\n          github-token: ${{ secrets.GITHUB_TOKEN }}\n          rsolv-api-key: ${{ secrets.RSOLV_API_KEY }}</pre>\n  </div>\n\n  <p>Need help? As an Early Access member, you have priority support - contact us at <a href=\"mailto:support@rsolv.dev\">support@rsolv.dev</a> and we'll personally assist you.</p>\n\n  <p>Your trial includes unlimited automated fixes during the Early Access period.</p>\n\n  <div style=\"margin-top: 30px; padding: 15px; border: 1px solid #e0e0e0; border-radius: 5px; background-color: #f9f9f9;\">\n    <h3 style=\"margin-top: 0; color: #2C3E50;\">Early Access Program Benefits</h3>\n    <ul>\n      <li>Unlimited usage during Early Access</li>\n      <li>Priority support and feature requests</li>\n      <li>Exclusive pricing when we launch</li>\n      <li>Direct access to our development team</li>\n    </ul>\n  </div>\n\n  <p>Best,<br>The RSOLV Team</p>\n\n  <div class=\"footer\" style=\"margin-top: 40px; padding-top: 20px; border-top: 1px solid #e0e0e0; font-size: 0.9em; color: #666;\">\n    <p>\n      You're receiving this email because you joined the RSOLV Early Access Program.\n      <br>\n      If you have any questions, simply reply to this email.\n    </p>\n    <p>\n      RSOLV, Inc. • support@rsolv.dev • © 2025\n    </p>\n    <p>\n      <a href=\"https://rsolv.dev/unsubscribe?email=user@example.com\">Unsubscribe</a> from these emails.\n    </p>\n  </div>\n</div>\n", text_body: "Welcome to RSOLV Early Access Program!\n\nHi User,\n\nThank you for joining our Early Access Program! You're now part of an exclusive group getting first access to RSOLV.\n\nHere's what you need to know:\n- You have full access to all current features\n- Your feedback is incredibly valuable to us during this phase\n- You'll receive priority support via email\n\nTo get started with RSOLV:\n1. Your API key will be sent in a follow-up email within 24 hours\n2. Once you receive your API key, install our GitHub Action\n3. Set up your repository secrets with your API key\n4. Tag your first issues with \"AUTOFIX\"\n\n⏳ API KEY COMING SOON: We'll send your personal API key within 24 hours. Look for an email with subject \"Your RSOLV API Key\".\n\nNeed help? As an Early Access member, you have priority support - contact us at support@rsolv.dev and we'll personally assist you.\n\nYour trial includes unlimited automated fixes during the Early Access period.\n\nEARLY ACCESS PROGRAM BENEFITS:\n* Unlimited usage during Early Access\n* Priority support and feature requests\n* Exclusive pricing when we launch\n* Direct access to our development team\n\nBest,\nThe RSOLV Team\n\n---\nYou're receiving this email because you joined the RSOLV Early Access Program.\nIf you have any questions, simply reply to this email.\n\nRSOLV, Inc. • support@rsolv.dev\n\nTo unsubscribe, visit: https://rsolv.dev/unsubscribe?email=user@example.com\n", headers: %{"X-Postmark-Tag" => "early-access"}, attachments: [], assigns: %{}, private: %{tag: "early-access"}, blocked: false}

14:25:04.587 [debug] QUERY OK source="customers" db=0.2ms
INSERT INTO "customers" ("active","name","metadata","email","is_staff","subscription_plan","monthly_limit","current_usage","fixes_quota_this_month","fixes_used_this_month","has_payment_method","rollover_fixes","subscription_status","trial_fixes_limit","trial_fixes_used","inserted_at","updated_at") VALUES ($1,$2,$3,$4,$5,$6,$7,$8,$9,$10,$11,$12,$13,$14,$15,$16,$17) RETURNING "id" [true, "Test Customer 10884", %{}, "test10884@example.com", false, "trial", 100, 15, 0, 0, false, 0, "active", 5, 0, ~N[2025-09-11 20:25:04], ~N[2025-09-11 20:25:04]]
14:25:04.587 request_id=GGRULE0Zk7Arlx4AABkQ [info] [EMAIL DEBUG] Raw Postmark response
14:25:04.587 request_id=GGRULE0Zk7Arlx4AABkQ [info] [EMAIL] Email sent successfully via Postmark
14:25:04.587 [debug] QUERY OK source="api_keys" db=0.1ms
INSERT INTO "api_keys" ("active","name","permissions","key","customer_id","inserted_at","updated_at") VALUES ($1,$2,$3,$4,$5,$6,$7) RETURNING "id" [true, "Test Key", ["full_access"], "rsolv_bK0Fq60w4yufgxJvYqNACbtdsS3gF-YvkswQmdEmZPM", 71995, ~U[2025-09-11 20:25:04Z], ~U[2025-09-11 20:25:04Z]]
14:25:04.587 request_id=GGRULE0Zk7Arlx4AABkQ [info] [EMAIL SEQUENCE] EmailService.send_early_access_welcome_email returned
14:25:04.587 request_id=GGRULE0Zk7Arlx4AABkQ [info] Attempting to tag subscriber
14:25:04.587 request_id=GGRULE0Zk7Arlx4AABkQ [info] ConvertKit: Attempting to tag user@example.com with tag test_tag_id
14:25:04.587 request_id=GGRULHpB7t6xmHMAAFuB [info] POST /api/v1/vulnerabilities/validate
14:25:04.588 request_id=GGRULHpB7t6xmHMAAFuB [debug] Processing with RsolvWeb.Api.V1.VulnerabilityValidationRouter.validate/2
  Parameters: %{"files" => %{"app.js" => "# eval(user_input)\nputs 'safe'"}, "vulnerabilities" => [%{"code" => "# eval(user_input)", "filePath" => "app.js", "id" => "test-vuln", "line" => 1, "patternId" => "eval-injection", "severity" => "critical"}]}
  Pipelines: [:api]
14:25:04.588 request_id=GGRULE0Zk7Arlx4AABkQ [info] ConvertKit: Successfully tagged user@example.com
14:25:04.588 request_id=GGRULHpB7t6xmHMAAFuB [debug] QUERY OK source="fun_with_flags_toggles" db=0.1ms
SELECT f0."id", f0."flag_name", f0."gate_type", f0."target", f0."enabled" FROM "fun_with_flags_toggles" AS f0 WHERE (f0."flag_name" = $1) ["false_positive_caching"]
14:25:04.588 request_id=GGRULHpB7t6xmHMAAFuB [debug] Telemetry event: [:fun_with_flags, :persistence, :read], metadata: %{flag_name: :false_positive_caching, gate: nil}, measurements: %{system_time: 1757622304588496419}
14:25:04.588 request_id=GGRULHpB7t6xmHMAAFuB [debug] Using standard validation controller (feature flag disabled)
14:25:04.588 request_id=GGRULHpB7t6xmHMAAFuB [debug] QUERY OK source="api_keys" db=0.2ms
SELECT a0."id", a0."key", a0."name", a0."permissions", a0."active", a0."last_used_at", a0."expires_at", a0."customer_id", a0."inserted_at", a0."updated_at" FROM "api_keys" AS a0 WHERE ((a0."key" = $1) AND (a0."active" = $2)) ["rsolv_bK0Fq60w4yufgxJvYqNACbtdsS3gF-YvkswQmdEmZPM", true]
14:25:04.589 request_id=GGRULHpB7t6xmHMAAFuB [debug] QUERY OK source="customers" db=0.1ms
SELECT c0."id", c0."name", c0."email", c0."monthly_limit", c0."current_usage", c0."active", c0."metadata", c0."password_hash", c0."is_staff", c0."admin_level", c0."trial_fixes_used", c0."trial_fixes_limit", c0."stripe_customer_id", c0."subscription_plan", c0."subscription_status", c0."rollover_fixes", c0."payment_method_added_at", c0."trial_expired_at", c0."fixes_used_this_month", c0."fixes_quota_this_month", c0."has_payment_method", c0."inserted_at", c0."updated_at" FROM "customers" AS c0 WHERE (c0."id" = $1) [71995]
14:25:04.589 request_id=GGRULHpB7t6xmHMAAFuB [info] Sent 200 in 1ms
14:25:04.589 request_id=GGRULHpZJRaxmHMAADuE [info] POST /api/v1/vulnerabilities/validate
14:25:04.589 request_id=GGRULHpZJRaxmHMAADuE [debug] Processing with RsolvWeb.Api.V1.VulnerabilityValidationRouter.validate/2
  Parameters: %{"files" => %{"app.js" => "=begin\nDon't do this:\neval(user_input)\n=end\nputs 'safe'"}, "vulnerabilities" => [%{"code" => "eval(user_input)", "filePath" => "app.js", "id" => "test-vuln", "line" => 3, "patternId" => "eval-injection", "severity" => "critical"}]}
  Pipelines: [:api]
14:25:04.589 request_id=GGRULHpZJRaxmHMAADuE [debug] QUERY OK source="fun_with_flags_toggles" db=0.0ms
SELECT f0."id", f0."flag_name", f0."gate_type", f0."target", f0."enabled" FROM "fun_with_flags_toggles" AS f0 WHERE (f0."flag_name" = $1) ["false_positive_caching"]
14:25:04.589 request_id=GGRULHpZJRaxmHMAADuE [debug] Telemetry event: [:fun_with_flags, :persistence, :read], metadata: %{flag_name: :false_positive_caching, gate: nil}, measurements: %{system_time: 1757622304589590279}
14:25:04.589 request_id=GGRULHpZJRaxmHMAADuE [debug] Using standard validation controller (feature flag disabled)
14:25:04.589 request_id=GGRULHpZJRaxmHMAADuE [debug] QUERY OK source="api_keys" db=0.1ms
SELECT a0."id", a0."key", a0."name", a0."permissions", a0."active", a0."last_used_at", a0."expires_at", a0."customer_id", a0."inserted_at", a0."updated_at" FROM "api_keys" AS a0 WHERE ((a0."key" = $1) AND (a0."active" = $2)) ["rsolv_bK0Fq60w4yufgxJvYqNACbtdsS3gF-YvkswQmdEmZPM", true]
14:25:04.590 request_id=GGRULHpZJRaxmHMAADuE [debug] QUERY OK source="customers" db=0.1ms
SELECT c0."id", c0."name", c0."email", c0."monthly_limit", c0."current_usage", c0."active", c0."metadata", c0."password_hash", c0."is_staff", c0."admin_level", c0."trial_fixes_used", c0."trial_fixes_limit", c0."stripe_customer_id", c0."subscription_plan", c0."subscription_status", c0."rollover_fixes", c0."payment_method_added_at", c0."trial_expired_at", c0."fixes_used_this_month", c0."fixes_quota_this_month", c0."has_payment_method", c0."inserted_at", c0."updated_at" FROM "customers" AS c0 WHERE (c0."id" = $1) [71995]
14:25:04.590 request_id=GGRULHpZJRaxmHMAADuE [info] Sent 200 in 814µs
.14:25:04.590 [debug] QUERY OK source="customers" db=0.1ms
INSERT INTO "customers" ("active","name","metadata","email","is_staff","subscription_plan","monthly_limit","current_usage","fixes_quota_this_month","fixes_used_this_month","has_payment_method","rollover_fixes","subscription_status","trial_fixes_limit","trial_fixes_used","inserted_at","updated_at") VALUES ($1,$2,$3,$4,$5,$6,$7,$8,$9,$10,$11,$12,$13,$14,$15,$16,$17) RETURNING "id" [true, "Test Customer 9480", %{}, "test9480@example.com", false, "trial", 100, 15, 0, 0, false, 0, "active", 5, 0, ~N[2025-09-11 20:25:04], ~N[2025-09-11 20:25:04]]
14:25:04.591 [debug] QUERY OK source="api_keys" db=0.1ms
INSERT INTO "api_keys" ("active","name","permissions","key","customer_id","inserted_at","updated_at") VALUES ($1,$2,$3,$4,$5,$6,$7) RETURNING "id" [true, "Test Key", ["full_access"], "rsolv_fiSuXImagImtkEaLSg3Ys_1l0KHqpQORtEts79-5u8o", 71996, ~U[2025-09-11 20:25:04Z], ~U[2025-09-11 20:25:04Z]]
14:25:04.591 request_id=GGRULHp0HcQaXqcAAFQF [info] POST /api/v1/vulnerabilities/validate
14:25:04.591 request_id=GGRULHp0HcQaXqcAAFQF [debug] Processing with RsolvWeb.Api.V1.VulnerabilityValidationRouter.validate/2
  Parameters: %{"files" => %{"app.js" => "/*\n eval(userInput)\n*/\nconsole.log('safe');"}, "vulnerabilities" => [%{"code" => "eval(userInput)", "filePath" => "app.js", "id" => "test-vuln", "line" => 2, "patternId" => "eval-injection", "severity" => "critical"}]}
  Pipelines: [:api]
14:25:04.591 request_id=GGRULHp0HcQaXqcAAFQF [debug] QUERY OK source="fun_with_flags_toggles" db=0.2ms
SELECT f0."id", f0."flag_name", f0."gate_type", f0."target", f0."enabled" FROM "fun_with_flags_toggles" AS f0 WHERE (f0."flag_name" = $1) ["false_positive_caching"]
14:25:04.591 request_id=GGRULHp0HcQaXqcAAFQF [debug] Telemetry event: [:fun_with_flags, :persistence, :read], metadata: %{flag_name: :false_positive_caching, gate: nil}, measurements: %{system_time: 1757622304591390412}
14:25:04.591 request_id=GGRULHp0HcQaXqcAAFQF [debug] Using standard validation controller (feature flag disabled)
14:25:04.591 request_id=GGRULHp0HcQaXqcAAFQF [debug] QUERY OK source="api_keys" db=0.0ms
SELECT a0."id", a0."key", a0."name", a0."permissions", a0."active", a0."last_used_at", a0."expires_at", a0."customer_id", a0."inserted_at", a0."updated_at" FROM "api_keys" AS a0 WHERE ((a0."key" = $1) AND (a0."active" = $2)) ["rsolv_fiSuXImagImtkEaLSg3Ys_1l0KHqpQORtEts79-5u8o", true]
14:25:04.591 request_id=GGRULHp0HcQaXqcAAFQF [debug] QUERY OK source="customers" db=0.0ms
SELECT c0."id", c0."name", c0."email", c0."monthly_limit", c0."current_usage", c0."active", c0."metadata", c0."password_hash", c0."is_staff", c0."admin_level", c0."trial_fixes_used", c0."trial_fixes_limit", c0."stripe_customer_id", c0."subscription_plan", c0."subscription_status", c0."rollover_fixes", c0."payment_method_added_at", c0."trial_expired_at", c0."fixes_used_this_month", c0."fixes_quota_this_month", c0."has_payment_method", c0."inserted_at", c0."updated_at" FROM "customers" AS c0 WHERE (c0."id" = $1) [71996]
14:25:04.591 request_id=GGRULHp0HcQaXqcAAFQF [info] Sent 200 in 606µs
14:25:04.591 request_id=GGRULHp-BN8aXqcAAFSF [info] POST /api/v1/vulnerabilities/validate
14:25:04.591 request_id=GGRULHp-BN8aXqcAAFSF [debug] Processing with RsolvWeb.Api.V1.VulnerabilityValidationRouter.validate/2
  Parameters: %{"files" => %{"app.js" => "/**\n * This is bad:\n * eval(userInput)\n */"}, "vulnerabilities" => [%{"code" => "* eval(userInput)", "filePath" => "app.js", "id" => "test-vuln", "line" => 3, "patternId" => "eval-injection", "severity" => "critical"}]}
  Pipelines: [:api]
14:25:04.591 request_id=GGRULHp-BN8aXqcAAFSF [debug] QUERY OK source="fun_with_flags_toggles" db=0.0ms
SELECT f0."id", f0."flag_name", f0."gate_type", f0."target", f0."enabled" FROM "fun_with_flags_toggles" AS f0 WHERE (f0."flag_name" = $1) ["false_positive_caching"]
14:25:04.591 request_id=GGRULHp-BN8aXqcAAFSF [debug] Telemetry event: [:fun_with_flags, :persistence, :read], metadata: %{flag_name: :false_positive_caching, gate: nil}, measurements: %{system_time: 1757622304591912074}
14:25:04.591 request_id=GGRULHp-BN8aXqcAAFSF [debug] Using standard validation controller (feature flag disabled)
14:25:04.592 request_id=GGRULHp-BN8aXqcAAFSF [debug] QUERY OK source="api_keys" db=0.0ms
SELECT a0."id", a0."key", a0."name", a0."permissions", a0."active", a0."last_used_at", a0."expires_at", a0."customer_id", a0."inserted_at", a0."updated_at" FROM "api_keys" AS a0 WHERE ((a0."key" = $1) AND (a0."active" = $2)) ["rsolv_fiSuXImagImtkEaLSg3Ys_1l0KHqpQORtEts79-5u8o", true]
14:25:04.592 request_id=GGRULHp-BN8aXqcAAFSF [debug] QUERY OK source="customers" db=0.0ms
SELECT c0."id", c0."name", c0."email", c0."monthly_limit", c0."current_usage", c0."active", c0."metadata", c0."password_hash", c0."is_staff", c0."admin_level", c0."trial_fixes_used", c0."trial_fixes_limit", c0."stripe_customer_id", c0."subscription_plan", c0."subscription_status", c0."rollover_fixes", c0."payment_method_added_at", c0."trial_expired_at", c0."fixes_used_this_month", c0."fixes_quota_this_month", c0."has_payment_method", c0."inserted_at", c0."updated_at" FROM "customers" AS c0 WHERE (c0."id" = $1) [71996]
14:25:04.592 request_id=GGRULHp-BN8aXqcAAFSF [info] Sent 200 in 510µs
.14:25:04.592 [debug] QUERY OK source="customers" db=0.1ms
INSERT INTO "customers" ("active","name","metadata","email","is_staff","subscription_plan","monthly_limit","current_usage","fixes_quota_this_month","fixes_used_this_month","has_payment_method","rollover_fixes","subscription_status","trial_fixes_limit","trial_fixes_used","inserted_at","updated_at") VALUES ($1,$2,$3,$4,$5,$6,$7,$8,$9,$10,$11,$12,$13,$14,$15,$16,$17) RETURNING "id" [true, "Test Customer 23554", %{}, "test23554@example.com", false, "trial", 100, 15, 0, 0, false, 0, "active", 5, 0, ~N[2025-09-11 20:25:04], ~N[2025-09-11 20:25:04]]
14:25:04.592 [debug] QUERY OK source="api_keys" db=0.1ms
INSERT INTO "api_keys" ("active","name","permissions","key","customer_id","inserted_at","updated_at") VALUES ($1,$2,$3,$4,$5,$6,$7) RETURNING "id" [true, "Test Key", ["full_access"], "rsolv_CaL-gJUo_MlCfxsNfF9DQRDexlgey1-VK-riI1OyCDA", 71997, ~U[2025-09-11 20:25:04Z], ~U[2025-09-11 20:25:04Z]]
14:25:04.592 request_id=GGRULHqRBTzhP3AAABgK [info] POST /api/v1/vulnerabilities/validate
14:25:04.593 request_id=GGRULE0Zk7Arlx4AABkQ [info] [EmailWorker] schedule_sequence called
14:25:04.593 request_id=GGRULE0Zk7Arlx4AABkQ [info] [EmailWorker] Found sequence
14:25:04.593 request_id=GGRULHqRBTzhP3AAABgK [debug] Processing with RsolvWeb.Api.V1.VulnerabilityValidationRouter.validate/2
  Parameters: %{"files" => %{"app.js" => "message = 'exec() is bad'"}, "vulnerabilities" => [%{"code" => "message = 'exec() is bad'", "filePath" => "app.js", "id" => "test-vuln", "line" => 1, "patternId" => "eval-injection", "severity" => "critical"}]}
  Pipelines: [:api]
14:25:04.593 request_id=GGRULE0Zk7Arlx4AABkQ [info] [EmailWorker] Processing email config
14:25:04.593 request_id=GGRULE0Zk7Arlx4AABkQ [info] [EmailWorker] Skipping immediate email
14:25:04.593 request_id=GGRULE0Zk7Arlx4AABkQ [info] [EmailWorker] Processing email config
14:25:04.593 request_id=GGRULE0Zk7Arlx4AABkQ [info] [EmailWorker] Scheduling email
14:25:04.593 request_id=GGRULE0Zk7Arlx4AABkQ [info] [EmailWorker] Creating Oban job
14:25:04.593 request_id=GGRULHqRBTzhP3AAABgK [debug] QUERY OK source="fun_with_flags_toggles" db=0.1ms
SELECT f0."id", f0."flag_name", f0."gate_type", f0."target", f0."enabled" FROM "fun_with_flags_toggles" AS f0 WHERE (f0."flag_name" = $1) ["false_positive_caching"]
14:25:04.593 request_id=GGRULHqRBTzhP3AAABgK [debug] Telemetry event: [:fun_with_flags, :persistence, :read], metadata: %{flag_name: :false_positive_caching, gate: nil}, measurements: %{system_time: 1757622304593293782}
14:25:04.593 request_id=GGRULHqRBTzhP3AAABgK [debug] Using standard validation controller (feature flag disabled)
14:25:04.593 request_id=GGRULHqRBTzhP3AAABgK [debug] QUERY OK source="api_keys" db=0.1ms
SELECT a0."id", a0."key", a0."name", a0."permissions", a0."active", a0."last_used_at", a0."expires_at", a0."customer_id", a0."inserted_at", a0."updated_at" FROM "api_keys" AS a0 WHERE ((a0."key" = $1) AND (a0."active" = $2)) ["rsolv_CaL-gJUo_MlCfxsNfF9DQRDexlgey1-VK-riI1OyCDA", true]
14:25:04.593 request_id=GGRULHqRBTzhP3AAABgK [debug] QUERY OK source="customers" db=0.1ms
SELECT c0."id", c0."name", c0."email", c0."monthly_limit", c0."current_usage", c0."active", c0."metadata", c0."password_hash", c0."is_staff", c0."admin_level", c0."trial_fixes_used", c0."trial_fixes_limit", c0."stripe_customer_id", c0."subscription_plan", c0."subscription_status", c0."rollover_fixes", c0."payment_method_added_at", c0."trial_expired_at", c0."fixes_used_this_month", c0."fixes_quota_this_month", c0."has_payment_method", c0."inserted_at", c0."updated_at" FROM "customers" AS c0 WHERE (c0."id" = $1) [71997]
14:25:04.593 request_id=GGRULHqRBTzhP3AAABgK [info] Sent 200 in 827µs
14:25:04.593 request_id=GGRULHqezjHhP3AAADEI [info] POST /api/v1/vulnerabilities/validate
14:25:04.593 request_id=GGRULHqezjHhP3AAADEI [debug] Processing with RsolvWeb.Api.V1.VulnerabilityValidationRouter.validate/2
  Parameters: %{"files" => %{"app.js" => "doc = '''exec(user_input)'''"}, "vulnerabilities" => [%{"code" => "doc = '''exec(user_input)'''", "filePath" => "app.js", "id" => "test-vuln", "line" => 1, "patternId" => "eval-injection", "severity" => "critical"}]}
  Pipelines: [:api]
14:25:04.594 request_id=GGRULHqezjHhP3AAADEI [debug] QUERY OK source="fun_with_flags_toggles" db=0.0ms
SELECT f0."id", f0."flag_name", f0."gate_type", f0."target", f0."enabled" FROM "fun_with_flags_toggles" AS f0 WHERE (f0."flag_name" = $1) ["false_positive_caching"]
14:25:04.594 request_id=GGRULHqezjHhP3AAADEI [debug] Telemetry event: [:fun_with_flags, :persistence, :read], metadata: %{flag_name: :false_positive_caching, gate: nil}, measurements: %{system_time: 1757622304594117221}
14:25:04.594 request_id=GGRULHqezjHhP3AAADEI [debug] Using standard validation controller (feature flag disabled)
14:25:04.594 request_id=GGRULHqezjHhP3AAADEI [debug] QUERY OK source="api_keys" db=0.0ms
SELECT a0."id", a0."key", a0."name", a0."permissions", a0."active", a0."last_used_at", a0."expires_at", a0."customer_id", a0."inserted_at", a0."updated_at" FROM "api_keys" AS a0 WHERE ((a0."key" = $1) AND (a0."active" = $2)) ["rsolv_CaL-gJUo_MlCfxsNfF9DQRDexlgey1-VK-riI1OyCDA", true]
14:25:04.594 request_id=GGRULHqezjHhP3AAADEI [debug] QUERY OK source="customers" db=0.0ms
SELECT c0."id", c0."name", c0."email", c0."monthly_limit", c0."current_usage", c0."active", c0."metadata", c0."password_hash", c0."is_staff", c0."admin_level", c0."trial_fixes_used", c0."trial_fixes_limit", c0."stripe_customer_id", c0."subscription_plan", c0."subscription_status", c0."rollover_fixes", c0."payment_method_added_at", c0."trial_expired_at", c0."fixes_used_this_month", c0."fixes_quota_this_month", c0."has_payment_method", c0."inserted_at", c0."updated_at" FROM "customers" AS c0 WHERE (c0."id" = $1) [71997]
14:25:04.594 request_id=GGRULHqezjHhP3AAADEI [info] Sent 200 in 664µs
.14:25:04.595 [debug] QUERY OK source="customers" db=0.2ms
INSERT INTO "customers" ("active","name","metadata","email","is_staff","subscription_plan","monthly_limit","current_usage","fixes_quota_this_month","fixes_used_this_month","has_payment_method","rollover_fixes","subscription_status","trial_fixes_limit","trial_fixes_used","inserted_at","updated_at") VALUES ($1,$2,$3,$4,$5,$6,$7,$8,$9,$10,$11,$12,$13,$14,$15,$16,$17) RETURNING "id" [true, "Test Customer 23682", %{}, "test23682@example.com", false, "trial", 100, 15, 0, 0, false, 0, "active", 5, 0, ~N[2025-09-11 20:25:04], ~N[2025-09-11 20:25:04]]
14:25:04.595 request_id=GGRULE40eR_nvF8AABYR [debug] QUERY OK source="fun_with_flags_toggles" db=0.4ms
SELECT f0."id", f0."flag_name", f0."gate_type", f0."target", f0."enabled" FROM "fun_with_flags_toggles" AS f0 WHERE (f0."flag_name" = $1) ["blog"]
14:25:04.595 request_id=GGRULE40eR_nvF8AABYR [debug] Telemetry event: [:fun_with_flags, :persistence, :read], metadata: %{flag_name: :blog, gate: nil}, measurements: %{system_time: 1757622304595317510}
14:25:04.595 request_id=GGRULE0ZkBvgoiYAACYD [debug] QUERY OK source="fun_with_flags_toggles" db=0.4ms
SELECT f0."id", f0."flag_name", f0."gate_type", f0."target", f0."enabled" FROM "fun_with_flags_toggles" AS f0 WHERE (f0."flag_name" = $1) ["blog"]
14:25:04.595 request_id=GGRULE0ZkBvgoiYAACYD [debug] Telemetry event: [:fun_with_flags, :persistence, :read], metadata: %{flag_name: :blog, gate: nil}, measurements: %{system_time: 1757622304595403634}
14:25:04.595 request_id=GGRULE6KoR6E6pwAABiO [debug] QUERY OK source="fun_with_flags_toggles" db=0.4ms
SELECT f0."id", f0."flag_name", f0."gate_type", f0."target", f0."enabled" FROM "fun_with_flags_toggles" AS f0 WHERE (f0."flag_name" = $1) ["blog"]
14:25:04.595 request_id=GGRULE6KoR6E6pwAABiO [debug] Telemetry event: [:fun_with_flags, :persistence, :read], metadata: %{flag_name: :blog, gate: nil}, measurements: %{system_time: 1757622304595439040}
14:25:04.595 [debug] QUERY OK source="api_keys" db=0.2ms
INSERT INTO "api_keys" ("active","name","permissions","key","customer_id","inserted_at","updated_at") VALUES ($1,$2,$3,$4,$5,$6,$7) RETURNING "id" [true, "Test Key", ["full_access"], "rsolv_ihgJW6EqeL4tDx6m17F3F4d3854ilQBKftAqz-VNzWA", 71998, ~U[2025-09-11 20:25:04Z], ~U[2025-09-11 20:25:04Z]]
14:25:04.595 request_id=GGRULHq4ZrUx--cAACWH [info] POST /api/v1/vulnerabilities/validate
14:25:04.595 request_id=GGRULHq4ZrUx--cAACWH [debug] Processing with RsolvWeb.Api.V1.VulnerabilityValidationRouter.validate/2
  Parameters: %{"files" => %{"app.js" => "def execute\n  result = eval(params[:code])\n  render json: { result: result }\nend\n"}, "vulnerabilities" => [%{"code" => "eval(params[:code])", "filePath" => "app.js", "id" => "test-vuln", "line" => 3, "patternId" => "eval-injection", "severity" => "critical"}]}
  Pipelines: [:api]
14:25:04.595 request_id=GGRULHq4ZrUx--cAACWH [debug] QUERY OK source="fun_with_flags_toggles" db=0.1ms
SELECT f0."id", f0."flag_name", f0."gate_type", f0."target", f0."enabled" FROM "fun_with_flags_toggles" AS f0 WHERE (f0."flag_name" = $1) ["false_positive_caching"]
14:25:04.595 request_id=GGRULHq4ZrUx--cAACWH [debug] Telemetry event: [:fun_with_flags, :persistence, :read], metadata: %{flag_name: :false_positive_caching, gate: nil}, measurements: %{system_time: 1757622304595831704}
14:25:04.595 request_id=GGRULHq4ZrUx--cAACWH [debug] Using standard validation controller (feature flag disabled)
14:25:04.596 request_id=GGRULHq4ZrUx--cAACWH [debug] QUERY OK source="api_keys" db=0.0ms
SELECT a0."id", a0."key", a0."name", a0."permissions", a0."active", a0."last_used_at", a0."expires_at", a0."customer_id", a0."inserted_at", a0."updated_at" FROM "api_keys" AS a0 WHERE ((a0."key" = $1) AND (a0."active" = $2)) ["rsolv_ihgJW6EqeL4tDx6m17F3F4d3854ilQBKftAqz-VNzWA", true]
14:25:04.596 request_id=GGRULHq4ZrUx--cAACWH [debug] QUERY OK source="customers" db=0.0ms
SELECT c0."id", c0."name", c0."email", c0."monthly_limit", c0."current_usage", c0."active", c0."metadata", c0."password_hash", c0."is_staff", c0."admin_level", c0."trial_fixes_used", c0."trial_fixes_limit", c0."stripe_customer_id", c0."subscription_plan", c0."subscription_status", c0."rollover_fixes", c0."payment_method_added_at", c0."trial_expired_at", c0."fixes_used_this_month", c0."fixes_quota_this_month", c0."has_payment_method", c0."inserted_at", c0."updated_at" FROM "customers" AS c0 WHERE (c0."id" = $1) [71998]
14:25:04.596 request_id=GGRULE0Zj4Gf4hYAACII [debug] QUERY OK source="fun_with_flags_toggles" db=1.3ms
SELECT f0."id", f0."flag_name", f0."gate_type", f0."target", f0."enabled" FROM "fun_with_flags_toggles" AS f0 WHERE (f0."flag_name" = $1) ["blog"]
14:25:04.596 request_id=GGRULE0Zj4Gf4hYAACII [debug] Telemetry event: [:fun_with_flags, :persistence, :read], metadata: %{flag_name: :blog, gate: nil}, measurements: %{system_time: 1757622304596260693}
14:25:04.596 request_id=GGRULHq4ZrUx--cAACWH [info] Sent 200 in 771µs
.14:25:04.598 request_id=GGRULE0Zj4Gf4hYAACII [info] Sent 200 in 706ms
14:25:04.598 request_id=GGRULE0ZkBvgoiYAACYD [info] Sent 200 in 706ms
14:25:04.599 request_id=GGRULE40eR_nvF8AABYR [info] Sent 200 in 706ms
14:25:04.599 request_id=GGRULE6KoR6E6pwAABiO [info] Sent 200 in 706ms
14:25:04.600 request_id=GGRULE0Zk7Arlx4AABkQ [info] [EmailWorker] Job created
14:25:04.606 request_id=GGRULE0Zk7Arlx4AABkQ [info] Processing scheduled email
14:25:04.606 request_id=GGRULE0Zk7Arlx4AABkQ [error] Failed to send scheduled email
14:25:04.613 request_id=GGRULE0Zk7Arlx4AABkQ [info] [EmailWorker] Insert result
14:25:04.614 request_id=GGRULE0Zk7Arlx4AABkQ [info] [EmailWorker] Schedule result
14:25:04.614 request_id=GGRULE0Zk7Arlx4AABkQ [info] [EmailWorker] Processing email config
14:25:04.614 request_id=GGRULE0Zk7Arlx4AABkQ [info] [EmailWorker] Scheduling email
14:25:04.614 request_id=GGRULE0Zk7Arlx4AABkQ [info] [EmailWorker] Creating Oban job
14:25:04.614 request_id=GGRULE0Zk7Arlx4AABkQ [info] [EmailWorker] Job created
14:25:04.614 request_id=GGRULE0Zk7Arlx4AABkQ [info] Processing scheduled email
14:25:04.617 request_id=GGRULE0Zk7Arlx4AABkQ [info] [EMAIL DEBUG] Full email struct before sending
14:25:04.617 request_id=GGRULE0Zk7Arlx4AABkQ [info] [EMAIL DEBUG] Extracted recipient email
14:25:04.617 request_id=GGRULE0Zk7Arlx4AABkQ [info] [EMAIL DEBUG] Postmark configuration
14:25:04.617 request_id=GGRULE0Zk7Arlx4AABkQ [info] [EMAIL DEBUG] Email configuration
14:25:04.617 request_id=GGRULE0Zk7Arlx4AABkQ [info] [EMAIL] Attempting to send email via Postmark
14:25:04.617 request_id=GGRULE0Zk7Arlx4AABkQ [debug] Sending email with Bamboo.TestAdapter:

%Bamboo.Email{from: {"RSOLV Team", "support@rsolv.dev"}, to: [nil: "user@example.com"], cc: [], bcc: [], subject: "Verify Your RSOLV Setup - Need Any Help?", html_body: "<!DOCTYPE html>\n<html lang=\"en\">\n<head>\n  <meta charset=\"UTF-8\">\n  <meta name=\"viewport\" content=\"width=device-width, initial-scale=1.0\">\n  <title>Verify Your RSOLV Setup</title>\n  <style>\n    @import url('https://fonts.googleapis.com/css2?family=Space+Grotesk:wght@300;400;500;700&display=swap');\n    \n    body {\n      font-family: 'Space Grotesk', -apple-system, BlinkMacSystemFont, \"Segoe UI\", Roboto, Helvetica, Arial, sans-serif;\n      line-height: 1.6;\n      color: #333;\n      max-width: 600px;\n      margin: 0 auto;\n      padding: 20px;\n      background-color: #f8f9fa;\n    }\n    .container {\n      background-color: #ffffff;\n      border-radius: 8px;\n      padding: 30px;\n      box-shadow: 0 4px 6px rgba(0, 0, 0, 0.05);\n    }\n    .logo {\n      text-align: center;\n      margin-bottom: 30px;\n    }\n    .logo img {\n      max-width: 200px;\n    }\n    h1, h2, h3 {\n      color: #10b981;\n    }\n    .checklist {\n      background-color: #f3f4f6;\n      padding: 20px;\n      border-radius: 8px;\n      margin: 20px 0;\n    }\n    .checklist-item {\n      display: flex;\n      align-items: center;\n      margin-bottom: 15px;\n    }\n    .checklist-item input[type=\"checkbox\"] {\n      margin-right: 10px;\n    }\n    .status-box {\n      background-color: #fff3cd;\n      border: 1px solid #ffeaa7;\n      padding: 15px;\n      border-radius: 8px;\n      margin: 20px 0;\n    }\n    .success-box {\n      background-color: #d4edda;\n      border: 1px solid #c3e6cb;\n      padding: 15px;\n      border-radius: 8px;\n      margin: 20px 0;\n    }\n    .code {\n      background-color: #2d3748;\n      color: #e2e8f0;\n      padding: 15px;\n      border-radius: 5px;\n      font-family: 'Courier New', monospace;\n      overflow-x: auto;\n      margin: 15px 0;\n    }\n    .cta {\n      background-color: #10b981;\n      color: white;\n      padding: 12px 24px;\n      border-radius: 5px;\n      display: inline-block;\n      text-decoration: none;\n      font-weight: bold;\n      margin: 20px 0;\n    }\n    .footer {\n      margin-top: 40px;\n      font-size: 14px;\n      color: #6b7280;\n      border-top: 1px solid #e5e7eb;\n      padding-top: 20px;\n      text-align: center;\n    }\n  </style>\n</head>\n<body>\n  <div class=\"container\">\n    <div class=\"logo\">\n      <img src=\"https://rsolv.dev/images/rsolv_logo_transparent.png\" alt=\"RSOLV Logo\">\n    </div>\n    \n    <h1>Let's Verify Your RSOLV Setup</h1>\n    \n    <p>Hi {@first_name},</p>\n    \n    <p>It's been a few days since you signed up for RSOLV. We want to make sure you're all set up and ready to benefit from automated security scanning and remediation!</p>\n    \n    <div class=\"checklist\">\n      <h3>Quick Setup Checklist:</h3>\n      <div class=\"checklist-item\">\n        <input type=\"checkbox\" disabled> Connected your repositories for security scanning\n      </div>\n      <div class=\"checklist-item\">\n        <input type=\"checkbox\" disabled> Added the GitHub Action workflow for automated fixes\n      </div>\n      <div class=\"checklist-item\">\n        <input type=\"checkbox\" disabled> Set up your RSOLV_API_KEY as a repository secret\n      </div>\n      <div class=\"checklist-item\">\n        <input type=\"checkbox\" disabled> Reviewed security issues found by RSOLV\n      </div>\n      <div class=\"checklist-item\">\n        <input type=\"checkbox\" disabled> Generated and merged your first security fix PR\n      </div>\n    </div>\n    \n    <h2>Need Help with Setup?</h2>\n    \n    <p>If you haven't completed setup yet, here's a quick reminder of the steps:</p>\n    \n    <div class=\"code\">\n# In .github/workflows/rsolv.yml:\nname: RSOLV Security Fixes\n\non:\n  issues:\n    types: [labeled]\n\njobs:\n  security-fix:\n    if: contains(github.event.issue.labels.*.name, 'rsolv:automate')\n    runs-on: ubuntu-latest\n    steps:\n      - uses: rsolv-dev/rsolv-action@v1\n        with:\n          github-token: ${\"{{ secrets.GITHUB_TOKEN }}\"}\n          rsolv-api-key: ${\"{{ secrets.RSOLV_API_KEY }}\"}\n    </div>\n    \n    <div class=\"status-box\">\n      <strong>🎁 Remember:</strong> Your first 10 fixes are completely free! No credit card required. After that, you only pay $15 per fix that gets deployed.\n   " <> ..., text_body: "Let's Verify Your RSOLV Setup\n\nHi User,\n\nIt's been a few days since you signed up for RSOLV. We want to make sure you're all set up and ready to automate your issue resolution!\n\nQuick Setup Checklist:\n[ ] Added the GitHub Action workflow to your repository\n[ ] Set up your RSOLV_API_KEY as a repository secret\n[ ] Tagged your first issue with \"rsolv:automate\"\n[ ] Reviewed and merged your first automated PR\n\nNeed Help with Setup?\nIf you haven't completed setup yet, visit: https://rsolv.dev/docs/getting-started\n\nRemember: Your first 10 fixes are completely free! No credit card required. After that, you only pay $15 per fix that gets deployed.\n\nCommon Questions:\n- Where do I get my API key? Check your welcome email or visit your dashboard\n- Can I use RSOLV on private repos? Yes! RSOLV works with both public and private repositories\n- What types of issues can RSOLV fix? Bug fixes, security vulnerabilities, performance issues, and more\n- How secure is it? We analyze every fix for security vulnerabilities before creating PRs\n\nPro Tip: Start with a simple issue first - something like \"Fix typo in README\" or \"Update deprecated function calls\".\n\nReady to get started? Tag an issue with \"rsolv:automate\" and watch the magic happen!\n\nIf you're stuck or have questions, just reply to this email.\n\nBest regards,\nThe RSOLV Team\n\n---\nTo unsubscribe, visit: https://rsolv.dev/unsubscribe?email=user@example.com\n", headers: %{"X-Postmark-Tag" => "setup-verification"}, attachments: [], assigns: %{}, private: %{tag: "setup-verification"}, blocked: false}

14:25:04.617 request_id=GGRULE0Zk7Arlx4AABkQ [info] [EMAIL DEBUG] Raw Postmark response
14:25:04.617 request_id=GGRULE0Zk7Arlx4AABkQ [info] [EMAIL] Email sent successfully via Postmark
14:25:04.617 request_id=GGRULE0Zk7Arlx4AABkQ [info] Successfully sent scheduled email
14:25:04.617 request_id=GGRULE0Zk7Arlx4AABkQ [info] [EmailWorker] Insert result
14:25:04.617 request_id=GGRULE0Zk7Arlx4AABkQ [info] [EmailWorker] Schedule result
14:25:04.617 request_id=GGRULE0Zk7Arlx4AABkQ [info] [EmailWorker] Processing email config
14:25:04.617 request_id=GGRULE0Zk7Arlx4AABkQ [info] [EmailWorker] Scheduling email
14:25:04.617 request_id=GGRULE0Zk7Arlx4AABkQ [info] [EmailWorker] Creating Oban job
14:25:04.617 request_id=GGRULE0Zk7Arlx4AABkQ [info] [EmailWorker] Job created
14:25:04.617 request_id=GGRULE0Zk7Arlx4AABkQ [info] Processing scheduled email
14:25:04.617 request_id=GGRULE0Zk7Arlx4AABkQ [info] [EMAIL DEBUG] Full email struct before sending
14:25:04.617 request_id=GGRULE0Zk7Arlx4AABkQ [info] [EMAIL DEBUG] Extracted recipient email
14:25:04.617 request_id=GGRULE0Zk7Arlx4AABkQ [info] [EMAIL DEBUG] Postmark configuration
14:25:04.617 request_id=GGRULE0Zk7Arlx4AABkQ [info] [EMAIL DEBUG] Email configuration
14:25:04.617 request_id=GGRULE0Zk7Arlx4AABkQ [info] [EMAIL] Attempting to send email via Postmark
14:25:04.618 request_id=GGRULE0Zk7Arlx4AABkQ [debug] Sending email with Bamboo.TestAdapter:

%Bamboo.Email{from: {"RSOLV Team", "support@rsolv.dev"}, to: [nil: "user@example.com"], cc: [], bcc: [], subject: "Advanced RSOLV Features You Might Have Missed", html_body: "<!DOCTYPE html>\n<html lang=\"en\">\n<head>\n  <meta charset=\"UTF-8\">\n  <meta name=\"viewport\" content=\"width=device-width, initial-scale=1.0\">\n  <title>Advanced RSOLV Features</title>\n  <style>\n    @import url('https://fonts.googleapis.com/css2?family=Space+Grotesk:wght@300;400;500;700&display=swap');\n    \n    body {\n      font-family: 'Space Grotesk', -apple-system, BlinkMacSystemFont, \"Segoe UI\", Roboto, Helvetica, Arial, sans-serif;\n      line-height: 1.6;\n      color: #333;\n      max-width: 600px;\n      margin: 0 auto;\n      padding: 20px;\n      background-color: #f8f9fa;\n    }\n    .container {\n      background-color: #ffffff;\n      border-radius: 8px;\n      padding: 30px;\n      box-shadow: 0 4px 6px rgba(0, 0, 0, 0.05);\n    }\n    .logo {\n      text-align: center;\n      margin-bottom: 30px;\n    }\n    .logo img {\n      max-width: 200px;\n    }\n    h1, h2, h3 {\n      color: #10b981;\n    }\n    .feature-card {\n      background-color: #f3f4f6;\n      padding: 20px;\n      border-radius: 8px;\n      margin-bottom: 20px;\n      border-left: 4px solid #10b981;\n    }\n    .feature-card h3 {\n      margin-top: 0;\n    }\n    .code {\n      background-color: #2d3748;\n      color: #e2e8f0;\n      padding: 15px;\n      border-radius: 5px;\n      font-family: 'Courier New', monospace;\n      overflow-x: auto;\n      margin: 15px 0;\n      font-size: 14px;\n    }\n    .pro-tip {\n      background-color: #fff3cd;\n      border: 1px solid #ffeaa7;\n      padding: 15px;\n      border-radius: 8px;\n      margin: 20px 0;\n    }\n    .security-highlight {\n      background-color: #d4edda;\n      border: 1px solid #c3e6cb;\n      padding: 15px;\n      border-radius: 8px;\n      margin: 20px 0;\n    }\n    .cta {\n      background-color: #10b981;\n      color: white;\n      padding: 12px 24px;\n      border-radius: 5px;\n      display: inline-block;\n      text-decoration: none;\n      font-weight: bold;\n      margin: 20px 0;\n    }\n    .footer {\n      margin-top: 40px;\n      font-size: 14px;\n      color: #6b7280;\n      border-top: 1px solid #e5e7eb;\n      padding-top: 20px;\n      text-align: center;\n    }\n  </style>\n</head>\n<body>\n  <div class=\"container\">\n    <div class=\"logo\">\n      <img src=\"https://rsolv.dev/images/rsolv_logo_transparent.png\" alt=\"RSOLV Logo\">\n    </div>\n    \n    <h1>Unlock the Full Power of RSOLV</h1>\n    \n    <p>Hi {@first_name},</p>\n    \n    <p>You've been using RSOLV for a few days now. Here are some advanced features and techniques that can help you get even more value from automated security scanning and vulnerability remediation:</p>\n    \n    <div class=\"feature-card\">\n      <h3>🎯 Understanding RSOLV's Proactive Scanning</h3>\n      <p>RSOLV continuously scans your repositories for security vulnerabilities and automatically creates issues with detailed remediation plans:</p>\n      <ul>\n        <li><strong>Automated detection:</strong> Scans all files for 180+ vulnerability patterns (and growing)</li>\n        <li><strong>Smart grouping:</strong> Groups similar issues for efficient review</li>\n        <li><strong>Detailed reports:</strong> Shows exact file locations and vulnerable code</li>\n        <li><strong>Fix generation:</strong> Creates secure PRs that address root causes</li>\n      </ul>\n    </div>\n    \n    <div class=\"feature-card\">\n      <h3>🔒 Comprehensive Security Coverage</h3>\n      <p>RSOLV proactively detects and fixes these vulnerability types across your codebase:</p>\n      <ul>\n        <li>SQL/NoSQL injection vulnerabilities</li>\n        <li>Cross-site scripting (XSS) risks</li>\n        <li>Authentication/authorization flaws</li>\n        <li>Insecure cryptographic implementations</li>\n        <li>Hardcoded secrets and API keys</li>\n        <li>Path traversal and open redirects</li>\n        <li>Insecure dependencies and configurations</li>\n      </ul>\n      <p>Each PR includes a detailed security impact assessment and verification tests.</p>\n    </div>\n    \n    <div class=\"security-highlight\">\n      <strong>🛡️ Security Example:</strong> When RSOLV detects unsafe user input handling, it automatically generates fixes with proper sanitization, p" <> ..., text_body: "Unlock the Full Power of RSOLV\n\nHi User,\n\nYou've been using RSOLV for a few days now. Here are some advanced features and techniques:\n\n1. Writing Better Issues for Better Fixes:\n   - Include error messages: Copy the full stack trace\n   - Specify the file/function: \"Fix pagination in UserList.js\"\n   - Describe expected behavior: \"Should show 10 users per page\"\n   - Add context: \"This broke after upgrading to React 18\"\n\n2. Security-First Fixes:\n   RSOLV automatically scans for:\n   - SQL injection vulnerabilities\n   - Cross-site scripting (XSS) risks\n   - Authentication/authorization issues\n   - Insecure dependencies\n   - Hardcoded secrets or API keys\n\n3. Batch Processing:\n   Tag multiple issues with \"rsolv:automate\" and RSOLV creates separate PRs for each.\n\n4. Customizing RSOLV Behavior:\n   Add these tags to your issues:\n   - [performance] - Optimize for speed\n   - [security] - Extra security focus\n   - [minimal] - Smallest possible change\n   - [refactor] - Clean up while fixing\n\nComing Soon:\n- Support for more languages (Go, Rust, PHP)\n- Custom fix preferences per repository\n- Team collaboration features\n- Integration with more platforms\n\nHave a feature request? Just reply to this email!\n\nView advanced documentation: https://rsolv.dev/docs/advanced\n\nBest regards,\nThe RSOLV Team\n\n---\nTo unsubscribe, visit: https://rsolv.dev/unsubscribe?email=user@example.com\n", headers: %{"X-Postmark-Tag" => "feature-deep-dive"}, attachments: [], assigns: %{}, private: %{tag: "feature-deep-dive"}, blocked: false}

14:25:04.618 request_id=GGRULE0Zk7Arlx4AABkQ [info] [EMAIL DEBUG] Raw Postmark response
14:25:04.618 request_id=GGRULE0Zk7Arlx4AABkQ [info] [EMAIL] Email sent successfully via Postmark
14:25:04.618 request_id=GGRULE0Zk7Arlx4AABkQ [info] Successfully sent scheduled email
14:25:04.618 request_id=GGRULE0Zk7Arlx4AABkQ [info] [EmailWorker] Insert result
14:25:04.618 request_id=GGRULE0Zk7Arlx4AABkQ [info] [EmailWorker] Schedule result
14:25:04.618 request_id=GGRULE0Zk7Arlx4AABkQ [info] [EmailWorker] Processing email config
14:25:04.618 request_id=GGRULE0Zk7Arlx4AABkQ [info] [EmailWorker] Scheduling email
14:25:04.618 request_id=GGRULE0Zk7Arlx4AABkQ [info] [EmailWorker] Creating Oban job
14:25:04.618 request_id=GGRULE0Zk7Arlx4AABkQ [info] [EmailWorker] Job created
14:25:04.618 request_id=GGRULE0Zk7Arlx4AABkQ [info] Processing scheduled email
14:25:04.618 request_id=GGRULE0Zk7Arlx4AABkQ [info] [EMAIL DEBUG] Full email struct before sending
14:25:04.618 request_id=GGRULE0Zk7Arlx4AABkQ [info] [EMAIL DEBUG] Extracted recipient email
14:25:04.618 request_id=GGRULE0Zk7Arlx4AABkQ [info] [EMAIL DEBUG] Postmark configuration
14:25:04.618 request_id=GGRULE0Zk7Arlx4AABkQ [info] [EMAIL DEBUG] Email configuration
14:25:04.618 request_id=GGRULE0Zk7Arlx4AABkQ [info] [EMAIL] Attempting to send email via Postmark
14:25:04.618 request_id=GGRULE0Zk7Arlx4AABkQ [debug] Sending email with Bamboo.TestAdapter:

%Bamboo.Email{from: {"RSOLV Team", "support@rsolv.dev"}, to: [nil: "user@example.com"], cc: [], bcc: [], subject: "How's Your Experience with RSOLV?", html_body: "<!DOCTYPE html>\n<html lang=\"en\">\n<head>\n  <meta charset=\"UTF-8\">\n  <meta name=\"viewport\" content=\"width=device-width, initial-scale=1.0\">\n  <title>How's Your RSOLV Experience?</title>\n  <style>\n    @import url('https://fonts.googleapis.com/css2?family=Space+Grotesk:wght@300;400;500;700&display=swap');\n    \n    body {\n      font-family: 'Space Grotesk', -apple-system, BlinkMacSystemFont, \"Segoe UI\", Roboto, Helvetica, Arial, sans-serif;\n      line-height: 1.6;\n      color: #333;\n      max-width: 600px;\n      margin: 0 auto;\n      padding: 20px;\n      background-color: #f8f9fa;\n    }\n    .container {\n      background-color: #ffffff;\n      border-radius: 8px;\n      padding: 30px;\n      box-shadow: 0 4px 6px rgba(0, 0, 0, 0.05);\n    }\n    .logo {\n      text-align: center;\n      margin-bottom: 30px;\n    }\n    .logo img {\n      max-width: 200px;\n    }\n    h1, h2, h3 {\n      color: #10b981;\n    }\n    .survey-card {\n      background-color: #f3f4f6;\n      padding: 20px;\n      border-radius: 8px;\n      margin: 20px 0;\n      text-align: center;\n    }\n    .rating-container {\n      display: flex;\n      justify-content: center;\n      gap: 10px;\n      margin: 20px 0;\n    }\n    .rating-box {\n      width: 40px;\n      height: 40px;\n      border: 2px solid #10b981;\n      border-radius: 8px;\n      display: flex;\n      align-items: center;\n      justify-content: center;\n      text-decoration: none;\n      color: #10b981;\n      font-weight: bold;\n      transition: all 0.3s ease;\n    }\n    .rating-box:hover {\n      background-color: #10b981;\n      color: white;\n    }\n    .question-box {\n      background-color: #f9fafb;\n      padding: 20px;\n      border-radius: 8px;\n      margin: 20px 0;\n      border-left: 4px solid #10b981;\n    }\n    .success-story {\n      background-color: #d4edda;\n      border: 1px solid #c3e6cb;\n      padding: 15px;\n      border-radius: 8px;\n      margin: 20px 0;\n    }\n    .cta {\n      background-color: #10b981;\n      color: white;\n      padding: 12px 24px;\n      border-radius: 5px;\n      display: inline-block;\n      text-decoration: none;\n      font-weight: bold;\n      margin: 20px 0;\n    }\n    .cta-secondary {\n      background-color: #6b7280;\n      color: white;\n      padding: 12px 24px;\n      border-radius: 5px;\n      display: inline-block;\n      text-decoration: none;\n      font-weight: bold;\n      margin: 20px 0;\n    }\n    .footer {\n      margin-top: 40px;\n      font-size: 14px;\n      color: #6b7280;\n      border-top: 1px solid #e5e7eb;\n      padding-top: 20px;\n      text-align: center;\n    }\n  </style>\n</head>\n<body>\n  <div class=\"container\">\n    <div class=\"logo\">\n      <img src=\"https://rsolv.dev/images/rsolv_logo_transparent.png\" alt=\"RSOLV Logo\">\n    </div>\n    \n    <h1>Quick Check-In: How's RSOLV Working for You?</h1>\n    \n    <p>Hi {@first_name},</p>\n    \n    <p>You've been using RSOLV for a week now, and we'd love to hear about your experience! Your feedback helps us make RSOLV better for everyone.</p>\n    \n    <div class=\"survey-card\">\n      <h3>How likely are you to recommend RSOLV to a colleague?</h3>\n      <p>Click a number below:</p>\n      <div class=\"rating-container\">\n        <a href=\"https://rsolv.dev/feedback?rating=1&email={@email}\" class=\"rating-box\">1</a>\n        <a href=\"https://rsolv.dev/feedback?rating=2&email={@email}\" class=\"rating-box\">2</a>\n        <a href=\"https://rsolv.dev/feedback?rating=3&email={@email}\" class=\"rating-box\">3</a>\n        <a href=\"https://rsolv.dev/feedback?rating=4&email={@email}\" class=\"rating-box\">4</a>\n        <a href=\"https://rsolv.dev/feedback?rating=5&email={@email}\" class=\"rating-box\">5</a>\n        <a href=\"https://rsolv.dev/feedback?rating=6&email={@email}\" class=\"rating-box\">6</a>\n        <a href=\"https://rsolv.dev/feedback?rating=7&email={@email}\" class=\"rating-box\">7</a>\n        <a href=\"https://rsolv.dev/feedback?rating=8&email={@email}\" class=\"rating-box\">8</a>\n        <a href=\"https://rsolv.dev/feedback?rating=9&email={@email}\" class=\"rating-box\">9</a>\n        <a href=\"https://rsolv.dev/feedback?rating=10&email={@email}\" class=\"rating-box\">10</a>\n      </div>\n" <> ..., text_body: "Quick Check-In: How's RSOLV Working for You?\n\nHi User,\n\nYou've been using RSOLV for a week now, and we'd love to hear about your experience!\n\nHow likely are you to recommend RSOLV to a colleague?\nRate us from 1-10: https://rsolv.dev/feedback?email=user@example.com\n\nThree Quick Questions:\n1. What's been your favorite RSOLV fix so far?\n2. What feature would you like to see next?\n3. Any challenges or friction points?\n\nJust hit reply and share your thoughts - we read every response!\n\nDid You Know?\nHere are some ways other teams are using RSOLV:\n- Security audits: Tag all security-related issues for automated fixes\n- Tech debt cleanup: Fix deprecated function calls across the codebase\n- Onboarding tool: Let new devs see how fixes should be implemented\n- Weekend warrior: Queue up fixes on Friday, review on Monday\n\nThanks for being an early adopter!\n\nBest regards,\nDylan & The RSOLV Team\n\nP.S. If RSOLV has saved you time this week, we'd love to hear about it!\n\n---\nTo unsubscribe, visit: https://rsolv.dev/unsubscribe?email=user@example.com\n", headers: %{"X-Postmark-Tag" => "feedback-request"}, attachments: [], assigns: %{}, private: %{tag: "feedback-request"}, blocked: false}

14:25:04.619 request_id=GGRULE0Zk7Arlx4AABkQ [info] [EMAIL DEBUG] Raw Postmark response
14:25:04.619 request_id=GGRULE0Zk7Arlx4AABkQ [info] [EMAIL] Email sent successfully via Postmark
14:25:04.619 request_id=GGRULE0Zk7Arlx4AABkQ [info] Successfully sent scheduled email
14:25:04.619 request_id=GGRULE0Zk7Arlx4AABkQ [info] [EmailWorker] Insert result
14:25:04.619 request_id=GGRULE0Zk7Arlx4AABkQ [info] [EmailWorker] Schedule result
14:25:04.619 request_id=GGRULE0Zk7Arlx4AABkQ [info] [EmailWorker] Processing email config
14:25:04.619 request_id=GGRULE0Zk7Arlx4AABkQ [info] [EmailWorker] Scheduling email
14:25:04.619 request_id=GGRULE0Zk7Arlx4AABkQ [info] [EmailWorker] Creating Oban job
14:25:04.619 request_id=GGRULE0Zk7Arlx4AABkQ [info] [EmailWorker] Job created
14:25:04.619 request_id=GGRULE0Zk7Arlx4AABkQ [info] Processing scheduled email
14:25:04.619 request_id=GGRULE0Zk7Arlx4AABkQ [info] [EMAIL DEBUG] Full email struct before sending
14:25:04.619 request_id=GGRULE0Zk7Arlx4AABkQ [info] [EMAIL DEBUG] Extracted recipient email
14:25:04.619 request_id=GGRULE0Zk7Arlx4AABkQ [info] [EMAIL DEBUG] Postmark configuration
14:25:04.619 request_id=GGRULE0Zk7Arlx4AABkQ [info] [EMAIL DEBUG] Email configuration
14:25:04.619 request_id=GGRULE0Zk7Arlx4AABkQ [info] [EMAIL] Attempting to send email via Postmark
14:25:04.619 request_id=GGRULE0Zk7Arlx4AABkQ [debug] Sending email with Bamboo.TestAdapter:

%Bamboo.Email{from: {"RSOLV Team", "support@rsolv.dev"}, to: [nil: "user@example.com"], cc: [], bcc: [], subject: "Your RSOLV Success Report", html_body: "<!DOCTYPE html>\n<html lang=\"en\">\n<head>\n  <meta charset=\"UTF-8\">\n  <meta name=\"viewport\" content=\"width=device-width, initial-scale=1.0\">\n  <title>Your RSOLV Success Report</title>\n  <style>\n    @import url('https://fonts.googleapis.com/css2?family=Space+Grotesk:wght@300;400;500;700&display=swap');\n    \n    body {\n      font-family: 'Space Grotesk', -apple-system, BlinkMacSystemFont, \"Segoe UI\", Roboto, Helvetica, Arial, sans-serif;\n      line-height: 1.6;\n      color: #333;\n      max-width: 600px;\n      margin: 0 auto;\n      padding: 20px;\n      background-color: #f8f9fa;\n    }\n    .container {\n      background-color: #ffffff;\n      border-radius: 8px;\n      padding: 30px;\n      box-shadow: 0 4px 6px rgba(0, 0, 0, 0.05);\n    }\n    .logo {\n      text-align: center;\n      margin-bottom: 30px;\n    }\n    .logo img {\n      max-width: 200px;\n    }\n    h1, h2, h3 {\n      color: #10b981;\n    }\n    .stats-grid {\n      display: grid;\n      grid-template-columns: 1fr 1fr;\n      gap: 20px;\n      margin: 30px 0;\n    }\n    .stat-card {\n      background-color: #f3f4f6;\n      padding: 20px;\n      border-radius: 8px;\n      text-align: center;\n      border-top: 4px solid #10b981;\n    }\n    .stat-number {\n      font-size: 36px;\n      font-weight: bold;\n      color: #10b981;\n      margin: 10px 0;\n    }\n    .stat-label {\n      color: #6b7280;\n      font-size: 14px;\n    }\n    .achievement-banner {\n      background: linear-gradient(135deg, #10b981 0%, #059669 100%);\n      color: white;\n      padding: 20px;\n      border-radius: 8px;\n      text-align: center;\n      margin: 20px 0;\n    }\n    .timeline {\n      margin: 30px 0;\n    }\n    .timeline-item {\n      display: flex;\n      margin-bottom: 20px;\n      align-items: flex-start;\n    }\n    .timeline-marker {\n      width: 40px;\n      height: 40px;\n      background-color: #10b981;\n      color: white;\n      border-radius: 50%;\n      display: flex;\n      align-items: center;\n      justify-content: center;\n      flex-shrink: 0;\n      margin-right: 15px;\n    }\n    .timeline-content {\n      flex-grow: 1;\n    }\n    .pricing-highlight {\n      background-color: #fff3cd;\n      border: 1px solid #ffeaa7;\n      padding: 20px;\n      border-radius: 8px;\n      margin: 20px 0;\n      text-align: center;\n    }\n    .cta {\n      background-color: #10b981;\n      color: white;\n      padding: 12px 24px;\n      border-radius: 5px;\n      display: inline-block;\n      text-decoration: none;\n      font-weight: bold;\n      margin: 20px 0;\n    }\n    .cta-secondary {\n      background-color: #2563eb;\n      color: white;\n      padding: 12px 24px;\n      border-radius: 5px;\n      display: inline-block;\n      text-decoration: none;\n      font-weight: bold;\n      margin: 20px 0;\n    }\n    .footer {\n      margin-top: 40px;\n      font-size: 14px;\n      color: #6b7280;\n      border-top: 1px solid #e5e7eb;\n      padding-top: 20px;\n      text-align: center;\n    }\n    @media (max-width: 600px) {\n      .stats-grid {\n        grid-template-columns: 1fr;\n      }\n    }\n  </style>\n</head>\n<body>\n  <div class=\"container\">\n    <div class=\"logo\">\n      <img src=\"https://rsolv.dev/images/rsolv_logo_transparent.png\" alt=\"RSOLV Logo\">\n    </div>\n    \n    <h1>Your 2-Week RSOLV Success Report 🎉</h1>\n    \n    <p>Hi {@first_name},</p>\n    \n    <p>Congratulations! You've been using RSOLV for two weeks. Here's a snapshot of what we've accomplished together:</p>\n    \n    <div class=\"stats-grid\">\n      <div class=\"stat-card\">\n        <div class=\"stat-label\">Issues Fixed</div>\n        <div class=\"stat-number\">{Map.get(@usage_stats || %{}, :issues_fixed, 0)}</div>\n      </div>\n      <div class=\"stat-card\">\n        <div class=\"stat-label\">PRs Created</div>\n        <div class=\"stat-number\">{Map.get(@usage_stats || %{}, :prs_created, 0)}</div>\n      </div>\n      <div class=\"stat-card\">\n        <div class=\"stat-label\">Time Saved</div>\n        <div class=\"stat-number\">{Map.get(@usage_stats || %{}, :time_saved, \"0 hrs\")}</div>\n      </div>\n      <div class=\"stat-card\">\n        <div class=\"stat-label\">Security Issues Found</div>\n        <div class=\"stat-number\">{Map.ge" <> ..., text_body: "Your 2-Week RSOLV Success Report\n\nHi User,\n\nCongratulations! You've been using RSOLV for two weeks. Here's what we've accomplished together:\n\nYour Stats:\n- Issues Fixed: Check your dashboard\n- PRs Created: Check your dashboard\n- Time Saved: Check your dashboard\n- Security Issues Found: Check your dashboard\n\nYour Trial Status:\nCheck how many free fixes you have remaining at: https://rsolv.dev/dashboard\n\nWhat's Next?\n- Expand to more repositories\n- Automate security audits\n- Clean up tech debt\n- Train your team\n\nNeed Help Scaling Up?\nI'd love to help you get even more value from RSOLV:\n- Schedule a 15-minute optimization call\n- Get best practices for your specific tech stack\n- Learn about volume discounts for teams\n\nJust reply to this email and let me know how I can help!\n\nThanks for being part of the RSOLV community.\n\nBest regards,\nDylan Fitzgerald\nFounder, RSOLV\n\nP.S. If RSOLV has been valuable to your team, I'd be grateful if you could share a quick testimonial.\n\n---\nTo unsubscribe, visit: https://rsolv.dev/unsubscribe?email=user@example.com\n", headers: %{"X-Postmark-Tag" => "success-checkin"}, attachments: [], assigns: %{}, private: %{tag: "success-checkin"}, blocked: false}

14:25:04.619 request_id=GGRULE0Zk7Arlx4AABkQ [info] [EMAIL DEBUG] Raw Postmark response
14:25:04.619 request_id=GGRULE0Zk7Arlx4AABkQ [info] [EMAIL] Email sent successfully via Postmark
14:25:04.619 request_id=GGRULE0Zk7Arlx4AABkQ [info] Successfully sent scheduled email
14:25:04.619 request_id=GGRULE0Zk7Arlx4AABkQ [info] [EmailWorker] Insert result
14:25:04.619 request_id=GGRULE0Zk7Arlx4AABkQ [info] [EmailWorker] Schedule result
14:25:04.619 request_id=GGRULE0Zk7Arlx4AABkQ [info] [PAGE CONTROLLER] EmailSequence.start_early_access_onboarding_sequence returned
14:25:04.620 request_id=GGRULE0Zk7Arlx4AABkQ [debug] Sending email with Bamboo.TestAdapter:

%Bamboo.Email{from: {"RSOLV Team", "support@rsolv.dev"}, to: [nil: "admin@rsolv.dev"], cc: [], bcc: [], subject: "🎉 New RSOLV Signup: user@example.com", html_body: "<!DOCTYPE html>\n<html>\n<head>\n  <meta charset=\"utf-8\">\n  <style>\n    body { font-family: -apple-system, BlinkMacSystemFont, 'Segoe UI', Roboto, sans-serif; line-height: 1.6; color: #333; }\n    .container { max-width: 600px; margin: 0 auto; padding: 20px; }\n    .header { background: #10b981; color: white; padding: 20px; border-radius: 8px 8px 0 0; }\n    .content { background: #f9fafb; padding: 20px; border: 1px solid #e5e7eb; border-radius: 0 0 8px 8px; }\n    .metric { display: inline-block; margin: 10px 20px 10px 0; }\n    .metric-label { font-size: 12px; color: #6b7280; text-transform: uppercase; }\n    .metric-value { font-size: 18px; font-weight: bold; color: #111827; }\n    .details { background: white; padding: 15px; border-radius: 4px; margin: 15px 0; }\n    .detail-row { display: flex; justify-content: space-between; padding: 8px 0; border-bottom: 1px solid #f3f4f6; }\n    .detail-row:last-child { border-bottom: none; }\n    .detail-label { font-weight: 500; color: #6b7280; }\n    .detail-value { color: #111827; }\n    .utm-badge { display: inline-block; background: #dbeafe; color: #1e40af; padding: 2px 8px; border-radius: 4px; font-size: 12px; margin-left: 4px; }\n  </style>\n</head>\n<body>\n  <div class=\"container\">\n    <div class=\"header\">\n      <h1 style=\"margin: 0; font-size: 24px;\">🎉 New RSOLV Signup!</h1>\n      <p style=\"margin: 5px 0 0 0; opacity: 0.9;\">September 11, 2025 at 08:25 PM UTC</p>\n    </div>\n    \n    <div class=\"content\">\n      <div class=\"metric\">\n        <div class=\"metric-label\">Email</div>\n        <div class=\"metric-value\">user@example.com</div>\n      </div>\n      \n      \n      \n      <div class=\"details\">\n        <h3 style=\"margin-top: 0;\">Signup Details</h3>\n        \n        <div class=\"detail-row\">\n          <span class=\"detail-label\">Source</span>\n          <span class=\"detail-value\">\n            landing_page\n            \n          </span>\n        </div>\n        \n        \n        \n        \n        \n        \n      </div>\n      \n      <div style=\"margin-top: 20px; text-align: center;\">\n        <a href=\"https://rsolv.dev/live/dashboard\" style=\"display: inline-block; background: #10b981; color: white; padding: 10px 20px; text-decoration: none; border-radius: 4px;\">\n          View Dashboard\n        </a>\n      </div>\n    </div>\n  </div>\n</body>\n</html>\n", text_body: "🎉 New RSOLV Signup!\n\nEmail: user@example.com\n\nTime: September 11, 2025 at 08:25 PM UTC\n\nSource Details:\n- Source: landing_page\n\n\n\n\n\nView full dashboard: https://rsolv.dev/live/dashboard\n", headers: %{"Message-ID" => "<1757622304.689309@rsolv.dev>", "X-Postmark-Tag" => "admin-notification", "X-Priority" => "1"}, attachments: [], assigns: %{}, private: %{tag: "admin-notification"}, blocked: false}

14:25:04.620 request_id=GGRULE0Zk7Arlx4AABkQ [info] Admin notification sent for new signup
14:25:04.620 request_id=GGRULE0Zk7Arlx4AABkQ [info] Sent 302 in 727ms
14:25:04.620 request_id=GGRULHwxfkUrlx4AACYH [info] POST /early-access
14:25:04.620 request_id=GGRULHwxfkUrlx4AACYH [debug] Processing with RsolvWeb.PageController.submit_early_access/2
  Parameters: %{"email" => "user.name@example.com"}
  Pipelines: [:browser]
14:25:04.620 request_id=GGRULHwxfkUrlx4AACYH [debug] QUERY OK source="fun_with_flags_toggles" db=0.2ms
SELECT f0."id", f0."flag_name", f0."gate_type", f0."target", f0."enabled" FROM "fun_with_flags_toggles" AS f0 WHERE (f0."flag_name" = $1) ["early_access_signup"]
14:25:04.620 request_id=GGRULHwxfkUrlx4AACYH [debug] Telemetry event: [:fun_with_flags, :persistence, :read], metadata: %{flag_name: :early_access_signup, gate: nil}, measurements: %{system_time: 1757622304620711804}
14:25:04.620 request_id=GGRULHwxfkUrlx4AACYH [debug] Extracted UTM parameters: %{}
14:25:04.620 request_id=GGRULHwxfkUrlx4AACYH [info] Analytics event tracked
14:25:04.621 request_id=GGRULHwxfkUrlx4AACYH [debug] QUERY OK db=0.4ms queue=0.1ms
SELECT create_analytics_partition_if_not_exists($1::date) [~D[2025-09-11]]
14:25:04.621 request_id=GGRULHwxfkUrlx4AACYH [debug] QUERY OK source="analytics_events" db=0.1ms
INSERT INTO "analytics_events" ("metadata","event_type","visitor_id","page_path","inserted_at","updated_at") VALUES ($1,$2,$3,$4,$5,$6) RETURNING "id" [%{status: "submit", os: "unknown", form_id: "early-access", browser: "unknown", utm_source_platform: nil, utm_source_campaign: nil, utm_source_content: nil, device_type: "unknown"}, "form_submit", "2d10dde0b25a79a70a93ed4f0f26573a", "/early-access", ~N[2025-09-11 20:25:04], ~N[2025-09-11 20:25:04]]
14:25:04.621 request_id=GGRULHwxfkUrlx4AACYH [info] Form submission received
14:25:04.621 request_id=GGRULHwxfkUrlx4AACYH [info] Valid email received for processing: user.name@example.com, validation passed
14:25:04.621 request_id=GGRULHwxfkUrlx4AACYH [debug] Extracted UTM parameters: %{}
14:25:04.621 request_id=GGRULHwxfkUrlx4AACYH [debug] QUERY OK source="early_access_signups" db=0.0ms
INSERT INTO "early_access_signups" ("name","email","referral_source","inserted_at") VALUES ($1,$2,$3,$4) RETURNING "id" ["User", "user.name@example.com", "landing_page", ~N[2025-09-11 20:25:04]]
14:25:04.622 request_id=GGRULHwxfkUrlx4AACYH [debug] QUERY OK source="early_access_signups" db=0.0ms
SELECT count(e0."id") FROM "early_access_signups" AS e0 []
14:25:04.622 request_id=GGRULHwxfkUrlx4AACYH [info] Successfully saved signup to database
14:25:04.622 request_id=GGRULHwxfkUrlx4AACYH [info] ConvertKit API key present: true
14:25:04.622 request_id=GGRULHwxfkUrlx4AACYH [info] ConvertKit API request successful
14:25:04.622 request_id=GGRULHwxfkUrlx4AACYH [info] ConvertKit: Successfully added subscriber
14:25:04.622 request_id=GGRULHwxfkUrlx4AACYH [info] Analytics event tracked
14:25:04.622 request_id=GGRULHwxfkUrlx4AACYH [debug] QUERY OK db=0.1ms queue=0.1ms
SELECT create_analytics_partition_if_not_exists($1::date) [~D[2025-09-11]]
14:25:04.622 request_id=GGRULHwxfkUrlx4AACYH [debug] QUERY OK source="analytics_events" db=0.1ms
INSERT INTO "analytics_events" ("metadata","event_type","visitor_id","page_path","inserted_at","updated_at") VALUES ($1,$2,$3,$4,$5,$6) RETURNING "id" [%{status: "success", os: "unknown", source: "landing_page", form_id: "early-access", browser: "unknown", utm_source_platform: nil, utm_source_campaign: nil, utm_source_content: nil, device_type: "unknown", conversion_type: "early_access_signup", email_domain: "example.com"}, "form_success", "2d10dde0b25a79a70a93ed4f0f26573a", "/early-access", ~N[2025-09-11 20:25:04], ~N[2025-09-11 20:25:04]]
14:25:04.622 request_id=GGRULHwxfkUrlx4AACYH [info] Analytics event tracked
14:25:04.623 request_id=GGRULHwxfkUrlx4AACYH [debug] QUERY OK db=0.2ms
SELECT create_analytics_partition_if_not_exists($1::date) [~D[2025-09-11]]
14:25:04.623 request_id=GGRULHwxfkUrlx4AACYH [debug] QUERY OK source="analytics_events" db=0.0ms
INSERT INTO "analytics_events" ("metadata","event_type","visitor_id","page_path","inserted_at","updated_at") VALUES ($1,$2,$3,$4,$5,$6) RETURNING "id" [%{os: "unknown", source: "landing_page", form_id: "early-access", browser: "unknown", utm_source_platform: nil, utm_source_campaign: nil, utm_source_content: nil, device_type: "unknown", conversion_type: "early_access_signup", email_domain: "example.com"}, "conversion", "2d10dde0b25a79a70a93ed4f0f26573a", "/early-access", ~N[2025-09-11 20:25:04], ~N[2025-09-11 20:25:04]]
14:25:04.623 request_id=GGRULHwxfkUrlx4AACYH [debug] QUERY OK source="fun_with_flags_toggles" db=0.0ms
SELECT f0."id", f0."flag_name", f0."gate_type", f0."target", f0."enabled" FROM "fun_with_flags_toggles" AS f0 WHERE (f0."flag_name" = $1) ["welcome_email_sequence"]
14:25:04.623 request_id=GGRULHwxfkUrlx4AACYH [debug] Telemetry event: [:fun_with_flags, :persistence, :read], metadata: %{flag_name: :welcome_email_sequence, gate: nil}, measurements: %{system_time: 1757622304623351269}
14:25:04.623 request_id=GGRULHwxfkUrlx4AACYH [info] [PAGE CONTROLLER] Welcome email sequence is ENABLED, starting sequence
14:25:04.623 request_id=GGRULHwxfkUrlx4AACYH [info] [PAGE CONTROLLER] About to call EmailSequence.start_early_access_onboarding_sequence
14:25:04.623 request_id=GGRULHwxfkUrlx4AACYH [info] [EMAIL SEQUENCE] Starting early access onboarding sequence
14:25:04.623 request_id=GGRULHwxfkUrlx4AACYH [info] [EMAIL SEQUENCE] About to call EmailService.send_early_access_welcome_email
14:25:04.623 request_id=GGRULHwxfkUrlx4AACYH [info] [EMAIL] send_early_access_welcome_email called
14:25:04.623 request_id=GGRULHwxfkUrlx4AACYH [info] [EMAIL DEBUG] Full email struct before sending
14:25:04.623 request_id=GGRULHwxfkUrlx4AACYH [info] [EMAIL DEBUG] Extracted recipient email
14:25:04.623 request_id=GGRULHwxfkUrlx4AACYH [info] [EMAIL DEBUG] Postmark configuration
14:25:04.623 request_id=GGRULHwxfkUrlx4AACYH [info] [EMAIL DEBUG] Email configuration
14:25:04.623 request_id=GGRULHwxfkUrlx4AACYH [info] [EMAIL] Attempting to send email via Postmark
14:25:04.623 request_id=GGRULHwxfkUrlx4AACYH [debug] Sending email with Bamboo.TestAdapter:

%Bamboo.Email{from: {"RSOLV Team", "support@rsolv.dev"}, to: [nil: "user.name@example.com"], cc: [], bcc: [], subject: "Welcome to RSOLV Early Access Program", html_body: "<div style=\"font-family: 'Helvetica Neue', Helvetica, Arial, sans-serif; max-width: 600px; margin: 0 auto; padding: 20px;\">\n  <h1 style=\"color: #2C3E50; margin-bottom: 20px;\">Welcome to RSOLV Early Access Program!</h1>\n\n  <p>Hi User,</p>\n\n  <p>Thank you for joining our Early Access Program! You're now part of an exclusive group getting first access to RSOLV.</p>\n\n  <p>Here's what you need to know:</p>\n\n  <ul>\n    <li>You have full access to all current features</li>\n    <li>Your feedback is incredibly valuable to us during this phase</li>\n    <li>You'll receive priority support via email</li>\n  </ul>\n\n  <p>To get started with RSOLV:</p>\n\n  <ol>\n    <li><strong>Your API key will be sent in a follow-up email within 24 hours</strong></li>\n    <li>Once you receive your API key, install our GitHub Action (code below)</li>\n    <li>Set up your repository secrets with your API key</li>\n    <li>Tag your first issues with \"rsolv:automate\"</li>\n  </ol>\n\n  <div style=\"background-color: #fff3cd; border: 1px solid #ffeaa7; color: #856404; padding: 10px; border-radius: 5px; margin: 15px 0;\">\n    <strong>⏳ API Key Coming Soon:</strong> We'll send your personal API key within 24 hours. Look for an email with subject \"Your RSOLV API Key\".\n  </div>\n\n  <div style=\"background-color: #f8f9fa; padding: 15px; border-radius: 5px; margin: 20px 0;\">\n    <pre style=\"margin: 0; overflow-x: auto; white-space: pre-wrap; font-family: monospace;\">name: RSOLV AutoFix\non:\n  issues:\n    types: [opened, edited, labeled]\n\njobs:\n  autofix:\n    runs-on: ubuntu-latest\n    if: contains(github.event.issue.labels.*.name, 'rsolv:automate')\n    steps:\n      - uses: RSOLV-dev/rsolv-action@v1\n        with:\n          github-token: ${{ secrets.GITHUB_TOKEN }}\n          rsolv-api-key: ${{ secrets.RSOLV_API_KEY }}</pre>\n  </div>\n\n  <p>Need help? As an Early Access member, you have priority support - contact us at <a href=\"mailto:support@rsolv.dev\">support@rsolv.dev</a> and we'll personally assist you.</p>\n\n  <p>Your trial includes unlimited automated fixes during the Early Access period.</p>\n\n  <div style=\"margin-top: 30px; padding: 15px; border: 1px solid #e0e0e0; border-radius: 5px; background-color: #f9f9f9;\">\n    <h3 style=\"margin-top: 0; color: #2C3E50;\">Early Access Program Benefits</h3>\n    <ul>\n      <li>Unlimited usage during Early Access</li>\n      <li>Priority support and feature requests</li>\n      <li>Exclusive pricing when we launch</li>\n      <li>Direct access to our development team</li>\n    </ul>\n  </div>\n\n  <p>Best,<br>The RSOLV Team</p>\n\n  <div class=\"footer\" style=\"margin-top: 40px; padding-top: 20px; border-top: 1px solid #e0e0e0; font-size: 0.9em; color: #666;\">\n    <p>\n      You're receiving this email because you joined the RSOLV Early Access Program.\n      <br>\n      If you have any questions, simply reply to this email.\n    </p>\n    <p>\n      RSOLV, Inc. • support@rsolv.dev • © 2025\n    </p>\n    <p>\n      <a href=\"https://rsolv.dev/unsubscribe?email=user.name@example.com\">Unsubscribe</a> from these emails.\n    </p>\n  </div>\n</div>\n", text_body: "Welcome to RSOLV Early Access Program!\n\nHi User,\n\nThank you for joining our Early Access Program! You're now part of an exclusive group getting first access to RSOLV.\n\nHere's what you need to know:\n- You have full access to all current features\n- Your feedback is incredibly valuable to us during this phase\n- You'll receive priority support via email\n\nTo get started with RSOLV:\n1. Your API key will be sent in a follow-up email within 24 hours\n2. Once you receive your API key, install our GitHub Action\n3. Set up your repository secrets with your API key\n4. Tag your first issues with \"AUTOFIX\"\n\n⏳ API KEY COMING SOON: We'll send your personal API key within 24 hours. Look for an email with subject \"Your RSOLV API Key\".\n\nNeed help? As an Early Access member, you have priority support - contact us at support@rsolv.dev and we'll personally assist you.\n\nYour trial includes unlimited automated fixes during the Early Access period.\n\nEARLY ACCESS PROGRAM BENEFITS:\n* Unlimited usage during Early Access\n* Priority support and feature requests\n* Exclusive pricing when we launch\n* Direct access to our development team\n\nBest,\nThe RSOLV Team\n\n---\nYou're receiving this email because you joined the RSOLV Early Access Program.\nIf you have any questions, simply reply to this email.\n\nRSOLV, Inc. • support@rsolv.dev\n\nTo unsubscribe, visit: https://rsolv.dev/unsubscribe?email=user.name@example.com\n", headers: %{"X-Postmark-Tag" => "early-access"}, attachments: [], assigns: %{}, private: %{tag: "early-access"}, blocked: false}

14:25:04.624 request_id=GGRULHwxfkUrlx4AACYH [info] [EMAIL DEBUG] Raw Postmark response
14:25:04.624 request_id=GGRULHwxfkUrlx4AACYH [info] [EMAIL] Email sent successfully via Postmark
14:25:04.624 request_id=GGRULHwxfkUrlx4AACYH [info] [EMAIL SEQUENCE] EmailService.send_early_access_welcome_email returned
14:25:04.624 request_id=GGRULHwxfkUrlx4AACYH [info] Attempting to tag subscriber
14:25:04.624 request_id=GGRULHwxfkUrlx4AACYH [info] ConvertKit: Attempting to tag user.name@example.com with tag test_tag_id
14:25:04.624 request_id=GGRULHwxfkUrlx4AACYH [info] ConvertKit: Successfully tagged user.name@example.com
14:25:04.624 request_id=GGRULHwxfkUrlx4AACYH [info] [EmailWorker] schedule_sequence called
14:25:04.624 request_id=GGRULHwxfkUrlx4AACYH [info] [EmailWorker] Found sequence
14:25:04.624 request_id=GGRULHwxfkUrlx4AACYH [info] [EmailWorker] Processing email config
14:25:04.624 request_id=GGRULHwxfkUrlx4AACYH [info] [EmailWorker] Skipping immediate email
14:25:04.624 request_id=GGRULHwxfkUrlx4AACYH [info] [EmailWorker] Processing email config
14:25:04.624 request_id=GGRULHwxfkUrlx4AACYH [info] [EmailWorker] Scheduling email
14:25:04.624 request_id=GGRULHwxfkUrlx4AACYH [info] [EmailWorker] Creating Oban job
14:25:04.624 request_id=GGRULHwxfkUrlx4AACYH [info] [EmailWorker] Job created
14:25:04.624 request_id=GGRULHwxfkUrlx4AACYH [info] Processing scheduled email
14:25:04.624 request_id=GGRULHwxfkUrlx4AACYH [error] Failed to send scheduled email
14:25:04.624 request_id=GGRULHwxfkUrlx4AACYH [info] [EmailWorker] Insert result
14:25:04.624 request_id=GGRULHwxfkUrlx4AACYH [info] [EmailWorker] Schedule result
14:25:04.624 request_id=GGRULHwxfkUrlx4AACYH [info] [EmailWorker] Processing email config
14:25:04.624 request_id=GGRULHwxfkUrlx4AACYH [info] [EmailWorker] Scheduling email
14:25:04.624 request_id=GGRULHwxfkUrlx4AACYH [info] [EmailWorker] Creating Oban job
14:25:04.624 request_id=GGRULHwxfkUrlx4AACYH [info] [EmailWorker] Job created
14:25:04.624 request_id=GGRULHwxfkUrlx4AACYH [info] Processing scheduled email
14:25:04.624 request_id=GGRULHwxfkUrlx4AACYH [info] [EMAIL DEBUG] Full email struct before sending
14:25:04.624 request_id=GGRULHwxfkUrlx4AACYH [info] [EMAIL DEBUG] Extracted recipient email
14:25:04.624 request_id=GGRULHwxfkUrlx4AACYH [info] [EMAIL DEBUG] Postmark configuration
14:25:04.624 request_id=GGRULHwxfkUrlx4AACYH [info] [EMAIL DEBUG] Email configuration
14:25:04.624 request_id=GGRULHwxfkUrlx4AACYH [info] [EMAIL] Attempting to send email via Postmark
14:25:04.624 request_id=GGRULHwxfkUrlx4AACYH [debug] Sending email with Bamboo.TestAdapter:

%Bamboo.Email{from: {"RSOLV Team", "support@rsolv.dev"}, to: [nil: "user.name@example.com"], cc: [], bcc: [], subject: "Verify Your RSOLV Setup - Need Any Help?", html_body: "<!DOCTYPE html>\n<html lang=\"en\">\n<head>\n  <meta charset=\"UTF-8\">\n  <meta name=\"viewport\" content=\"width=device-width, initial-scale=1.0\">\n  <title>Verify Your RSOLV Setup</title>\n  <style>\n    @import url('https://fonts.googleapis.com/css2?family=Space+Grotesk:wght@300;400;500;700&display=swap');\n    \n    body {\n      font-family: 'Space Grotesk', -apple-system, BlinkMacSystemFont, \"Segoe UI\", Roboto, Helvetica, Arial, sans-serif;\n      line-height: 1.6;\n      color: #333;\n      max-width: 600px;\n      margin: 0 auto;\n      padding: 20px;\n      background-color: #f8f9fa;\n    }\n    .container {\n      background-color: #ffffff;\n      border-radius: 8px;\n      padding: 30px;\n      box-shadow: 0 4px 6px rgba(0, 0, 0, 0.05);\n    }\n    .logo {\n      text-align: center;\n      margin-bottom: 30px;\n    }\n    .logo img {\n      max-width: 200px;\n    }\n    h1, h2, h3 {\n      color: #10b981;\n    }\n    .checklist {\n      background-color: #f3f4f6;\n      padding: 20px;\n      border-radius: 8px;\n      margin: 20px 0;\n    }\n    .checklist-item {\n      display: flex;\n      align-items: center;\n      margin-bottom: 15px;\n    }\n    .checklist-item input[type=\"checkbox\"] {\n      margin-right: 10px;\n    }\n    .status-box {\n      background-color: #fff3cd;\n      border: 1px solid #ffeaa7;\n      padding: 15px;\n      border-radius: 8px;\n      margin: 20px 0;\n    }\n    .success-box {\n      background-color: #d4edda;\n      border: 1px solid #c3e6cb;\n      padding: 15px;\n      border-radius: 8px;\n      margin: 20px 0;\n    }\n    .code {\n      background-color: #2d3748;\n      color: #e2e8f0;\n      padding: 15px;\n      border-radius: 5px;\n      font-family: 'Courier New', monospace;\n      overflow-x: auto;\n      margin: 15px 0;\n    }\n    .cta {\n      background-color: #10b981;\n      color: white;\n      padding: 12px 24px;\n      border-radius: 5px;\n      display: inline-block;\n      text-decoration: none;\n      font-weight: bold;\n      margin: 20px 0;\n    }\n    .footer {\n      margin-top: 40px;\n      font-size: 14px;\n      color: #6b7280;\n      border-top: 1px solid #e5e7eb;\n      padding-top: 20px;\n      text-align: center;\n    }\n  </style>\n</head>\n<body>\n  <div class=\"container\">\n    <div class=\"logo\">\n      <img src=\"https://rsolv.dev/images/rsolv_logo_transparent.png\" alt=\"RSOLV Logo\">\n    </div>\n    \n    <h1>Let's Verify Your RSOLV Setup</h1>\n    \n    <p>Hi {@first_name},</p>\n    \n    <p>It's been a few days since you signed up for RSOLV. We want to make sure you're all set up and ready to benefit from automated security scanning and remediation!</p>\n    \n    <div class=\"checklist\">\n      <h3>Quick Setup Checklist:</h3>\n      <div class=\"checklist-item\">\n        <input type=\"checkbox\" disabled> Connected your repositories for security scanning\n      </div>\n      <div class=\"checklist-item\">\n        <input type=\"checkbox\" disabled> Added the GitHub Action workflow for automated fixes\n      </div>\n      <div class=\"checklist-item\">\n        <input type=\"checkbox\" disabled> Set up your RSOLV_API_KEY as a repository secret\n      </div>\n      <div class=\"checklist-item\">\n        <input type=\"checkbox\" disabled> Reviewed security issues found by RSOLV\n      </div>\n      <div class=\"checklist-item\">\n        <input type=\"checkbox\" disabled> Generated and merged your first security fix PR\n      </div>\n    </div>\n    \n    <h2>Need Help with Setup?</h2>\n    \n    <p>If you haven't completed setup yet, here's a quick reminder of the steps:</p>\n    \n    <div class=\"code\">\n# In .github/workflows/rsolv.yml:\nname: RSOLV Security Fixes\n\non:\n  issues:\n    types: [labeled]\n\njobs:\n  security-fix:\n    if: contains(github.event.issue.labels.*.name, 'rsolv:automate')\n    runs-on: ubuntu-latest\n    steps:\n      - uses: rsolv-dev/rsolv-action@v1\n        with:\n          github-token: ${\"{{ secrets.GITHUB_TOKEN }}\"}\n          rsolv-api-key: ${\"{{ secrets.RSOLV_API_KEY }}\"}\n    </div>\n    \n    <div class=\"status-box\">\n      <strong>🎁 Remember:</strong> Your first 10 fixes are completely free! No credit card required. After that, you only pay $15 per fix that gets deployed.\n   " <> ..., text_body: "Let's Verify Your RSOLV Setup\n\nHi User,\n\nIt's been a few days since you signed up for RSOLV. We want to make sure you're all set up and ready to automate your issue resolution!\n\nQuick Setup Checklist:\n[ ] Added the GitHub Action workflow to your repository\n[ ] Set up your RSOLV_API_KEY as a repository secret\n[ ] Tagged your first issue with \"rsolv:automate\"\n[ ] Reviewed and merged your first automated PR\n\nNeed Help with Setup?\nIf you haven't completed setup yet, visit: https://rsolv.dev/docs/getting-started\n\nRemember: Your first 10 fixes are completely free! No credit card required. After that, you only pay $15 per fix that gets deployed.\n\nCommon Questions:\n- Where do I get my API key? Check your welcome email or visit your dashboard\n- Can I use RSOLV on private repos? Yes! RSOLV works with both public and private repositories\n- What types of issues can RSOLV fix? Bug fixes, security vulnerabilities, performance issues, and more\n- How secure is it? We analyze every fix for security vulnerabilities before creating PRs\n\nPro Tip: Start with a simple issue first - something like \"Fix typo in README\" or \"Update deprecated function calls\".\n\nReady to get started? Tag an issue with \"rsolv:automate\" and watch the magic happen!\n\nIf you're stuck or have questions, just reply to this email.\n\nBest regards,\nThe RSOLV Team\n\n---\nTo unsubscribe, visit: https://rsolv.dev/unsubscribe?email=user.name@example.com\n", headers: %{"X-Postmark-Tag" => "setup-verification"}, attachments: [], assigns: %{}, private: %{tag: "setup-verification"}, blocked: false}

14:25:04.625 request_id=GGRULHwxfkUrlx4AACYH [info] [EMAIL DEBUG] Raw Postmark response
14:25:04.625 request_id=GGRULHwxfkUrlx4AACYH [info] [EMAIL] Email sent successfully via Postmark
14:25:04.625 request_id=GGRULHwxfkUrlx4AACYH [info] Successfully sent scheduled email
14:25:04.625 request_id=GGRULHwxfkUrlx4AACYH [info] [EmailWorker] Insert result
14:25:04.625 request_id=GGRULHwxfkUrlx4AACYH [info] [EmailWorker] Schedule result
14:25:04.625 request_id=GGRULHwxfkUrlx4AACYH [info] [EmailWorker] Processing email config
14:25:04.625 request_id=GGRULHwxfkUrlx4AACYH [info] [EmailWorker] Scheduling email
14:25:04.625 request_id=GGRULHwxfkUrlx4AACYH [info] [EmailWorker] Creating Oban job
14:25:04.625 request_id=GGRULHwxfkUrlx4AACYH [info] [EmailWorker] Job created
14:25:04.625 request_id=GGRULHwxfkUrlx4AACYH [info] Processing scheduled email
14:25:04.625 request_id=GGRULHwxfkUrlx4AACYH [info] [EMAIL DEBUG] Full email struct before sending
14:25:04.625 request_id=GGRULHwxfkUrlx4AACYH [info] [EMAIL DEBUG] Extracted recipient email
14:25:04.625 request_id=GGRULHwxfkUrlx4AACYH [info] [EMAIL DEBUG] Postmark configuration
14:25:04.625 request_id=GGRULHwxfkUrlx4AACYH [info] [EMAIL DEBUG] Email configuration
14:25:04.625 request_id=GGRULHwxfkUrlx4AACYH [info] [EMAIL] Attempting to send email via Postmark
14:25:04.626 request_id=GGRULHwxfkUrlx4AACYH [debug] Sending email with Bamboo.TestAdapter:

%Bamboo.Email{from: {"RSOLV Team", "support@rsolv.dev"}, to: [nil: "user.name@example.com"], cc: [], bcc: [], subject: "Advanced RSOLV Features You Might Have Missed", html_body: "<!DOCTYPE html>\n<html lang=\"en\">\n<head>\n  <meta charset=\"UTF-8\">\n  <meta name=\"viewport\" content=\"width=device-width, initial-scale=1.0\">\n  <title>Advanced RSOLV Features</title>\n  <style>\n    @import url('https://fonts.googleapis.com/css2?family=Space+Grotesk:wght@300;400;500;700&display=swap');\n    \n    body {\n      font-family: 'Space Grotesk', -apple-system, BlinkMacSystemFont, \"Segoe UI\", Roboto, Helvetica, Arial, sans-serif;\n      line-height: 1.6;\n      color: #333;\n      max-width: 600px;\n      margin: 0 auto;\n      padding: 20px;\n      background-color: #f8f9fa;\n    }\n    .container {\n      background-color: #ffffff;\n      border-radius: 8px;\n      padding: 30px;\n      box-shadow: 0 4px 6px rgba(0, 0, 0, 0.05);\n    }\n    .logo {\n      text-align: center;\n      margin-bottom: 30px;\n    }\n    .logo img {\n      max-width: 200px;\n    }\n    h1, h2, h3 {\n      color: #10b981;\n    }\n    .feature-card {\n      background-color: #f3f4f6;\n      padding: 20px;\n      border-radius: 8px;\n      margin-bottom: 20px;\n      border-left: 4px solid #10b981;\n    }\n    .feature-card h3 {\n      margin-top: 0;\n    }\n    .code {\n      background-color: #2d3748;\n      color: #e2e8f0;\n      padding: 15px;\n      border-radius: 5px;\n      font-family: 'Courier New', monospace;\n      overflow-x: auto;\n      margin: 15px 0;\n      font-size: 14px;\n    }\n    .pro-tip {\n      background-color: #fff3cd;\n      border: 1px solid #ffeaa7;\n      padding: 15px;\n      border-radius: 8px;\n      margin: 20px 0;\n    }\n    .security-highlight {\n      background-color: #d4edda;\n      border: 1px solid #c3e6cb;\n      padding: 15px;\n      border-radius: 8px;\n      margin: 20px 0;\n    }\n    .cta {\n      background-color: #10b981;\n      color: white;\n      padding: 12px 24px;\n      border-radius: 5px;\n      display: inline-block;\n      text-decoration: none;\n      font-weight: bold;\n      margin: 20px 0;\n    }\n    .footer {\n      margin-top: 40px;\n      font-size: 14px;\n      color: #6b7280;\n      border-top: 1px solid #e5e7eb;\n      padding-top: 20px;\n      text-align: center;\n    }\n  </style>\n</head>\n<body>\n  <div class=\"container\">\n    <div class=\"logo\">\n      <img src=\"https://rsolv.dev/images/rsolv_logo_transparent.png\" alt=\"RSOLV Logo\">\n    </div>\n    \n    <h1>Unlock the Full Power of RSOLV</h1>\n    \n    <p>Hi {@first_name},</p>\n    \n    <p>You've been using RSOLV for a few days now. Here are some advanced features and techniques that can help you get even more value from automated security scanning and vulnerability remediation:</p>\n    \n    <div class=\"feature-card\">\n      <h3>🎯 Understanding RSOLV's Proactive Scanning</h3>\n      <p>RSOLV continuously scans your repositories for security vulnerabilities and automatically creates issues with detailed remediation plans:</p>\n      <ul>\n        <li><strong>Automated detection:</strong> Scans all files for 180+ vulnerability patterns (and growing)</li>\n        <li><strong>Smart grouping:</strong> Groups similar issues for efficient review</li>\n        <li><strong>Detailed reports:</strong> Shows exact file locations and vulnerable code</li>\n        <li><strong>Fix generation:</strong> Creates secure PRs that address root causes</li>\n      </ul>\n    </div>\n    \n    <div class=\"feature-card\">\n      <h3>🔒 Comprehensive Security Coverage</h3>\n      <p>RSOLV proactively detects and fixes these vulnerability types across your codebase:</p>\n      <ul>\n        <li>SQL/NoSQL injection vulnerabilities</li>\n        <li>Cross-site scripting (XSS) risks</li>\n        <li>Authentication/authorization flaws</li>\n        <li>Insecure cryptographic implementations</li>\n        <li>Hardcoded secrets and API keys</li>\n        <li>Path traversal and open redirects</li>\n        <li>Insecure dependencies and configurations</li>\n      </ul>\n      <p>Each PR includes a detailed security impact assessment and verification tests.</p>\n    </div>\n    \n    <div class=\"security-highlight\">\n      <strong>🛡️ Security Example:</strong> When RSOLV detects unsafe user input handling, it automatically generates fixes with proper sanitization, p" <> ..., text_body: "Unlock the Full Power of RSOLV\n\nHi User,\n\nYou've been using RSOLV for a few days now. Here are some advanced features and techniques:\n\n1. Writing Better Issues for Better Fixes:\n   - Include error messages: Copy the full stack trace\n   - Specify the file/function: \"Fix pagination in UserList.js\"\n   - Describe expected behavior: \"Should show 10 users per page\"\n   - Add context: \"This broke after upgrading to React 18\"\n\n2. Security-First Fixes:\n   RSOLV automatically scans for:\n   - SQL injection vulnerabilities\n   - Cross-site scripting (XSS) risks\n   - Authentication/authorization issues\n   - Insecure dependencies\n   - Hardcoded secrets or API keys\n\n3. Batch Processing:\n   Tag multiple issues with \"rsolv:automate\" and RSOLV creates separate PRs for each.\n\n4. Customizing RSOLV Behavior:\n   Add these tags to your issues:\n   - [performance] - Optimize for speed\n   - [security] - Extra security focus\n   - [minimal] - Smallest possible change\n   - [refactor] - Clean up while fixing\n\nComing Soon:\n- Support for more languages (Go, Rust, PHP)\n- Custom fix preferences per repository\n- Team collaboration features\n- Integration with more platforms\n\nHave a feature request? Just reply to this email!\n\nView advanced documentation: https://rsolv.dev/docs/advanced\n\nBest regards,\nThe RSOLV Team\n\n---\nTo unsubscribe, visit: https://rsolv.dev/unsubscribe?email=user.name@example.com\n", headers: %{"X-Postmark-Tag" => "feature-deep-dive"}, attachments: [], assigns: %{}, private: %{tag: "feature-deep-dive"}, blocked: false}

14:25:04.626 request_id=GGRULHwxfkUrlx4AACYH [info] [EMAIL DEBUG] Raw Postmark response
14:25:04.626 request_id=GGRULHwxfkUrlx4AACYH [info] [EMAIL] Email sent successfully via Postmark
14:25:04.626 request_id=GGRULHwxfkUrlx4AACYH [info] Successfully sent scheduled email
14:25:04.626 request_id=GGRULHwxfkUrlx4AACYH [info] [EmailWorker] Insert result
14:25:04.626 request_id=GGRULHwxfkUrlx4AACYH [info] [EmailWorker] Schedule result
14:25:04.626 request_id=GGRULHwxfkUrlx4AACYH [info] [EmailWorker] Processing email config
14:25:04.626 request_id=GGRULHwxfkUrlx4AACYH [info] [EmailWorker] Scheduling email
14:25:04.626 request_id=GGRULHwxfkUrlx4AACYH [info] [EmailWorker] Creating Oban job
14:25:04.626 request_id=GGRULHwxfkUrlx4AACYH [info] [EmailWorker] Job created
14:25:04.626 request_id=GGRULHwxfkUrlx4AACYH [info] Processing scheduled email
14:25:04.626 request_id=GGRULHwxfkUrlx4AACYH [info] [EMAIL DEBUG] Full email struct before sending
14:25:04.626 request_id=GGRULHwxfkUrlx4AACYH [info] [EMAIL DEBUG] Extracted recipient email
14:25:04.626 request_id=GGRULHwxfkUrlx4AACYH [info] [EMAIL DEBUG] Postmark configuration
14:25:04.626 request_id=GGRULHwxfkUrlx4AACYH [info] [EMAIL DEBUG] Email configuration
14:25:04.626 request_id=GGRULHwxfkUrlx4AACYH [info] [EMAIL] Attempting to send email via Postmark
14:25:04.626 request_id=GGRULHwxfkUrlx4AACYH [debug] Sending email with Bamboo.TestAdapter:

%Bamboo.Email{from: {"RSOLV Team", "support@rsolv.dev"}, to: [nil: "user.name@example.com"], cc: [], bcc: [], subject: "How's Your Experience with RSOLV?", html_body: "<!DOCTYPE html>\n<html lang=\"en\">\n<head>\n  <meta charset=\"UTF-8\">\n  <meta name=\"viewport\" content=\"width=device-width, initial-scale=1.0\">\n  <title>How's Your RSOLV Experience?</title>\n  <style>\n    @import url('https://fonts.googleapis.com/css2?family=Space+Grotesk:wght@300;400;500;700&display=swap');\n    \n    body {\n      font-family: 'Space Grotesk', -apple-system, BlinkMacSystemFont, \"Segoe UI\", Roboto, Helvetica, Arial, sans-serif;\n      line-height: 1.6;\n      color: #333;\n      max-width: 600px;\n      margin: 0 auto;\n      padding: 20px;\n      background-color: #f8f9fa;\n    }\n    .container {\n      background-color: #ffffff;\n      border-radius: 8px;\n      padding: 30px;\n      box-shadow: 0 4px 6px rgba(0, 0, 0, 0.05);\n    }\n    .logo {\n      text-align: center;\n      margin-bottom: 30px;\n    }\n    .logo img {\n      max-width: 200px;\n    }\n    h1, h2, h3 {\n      color: #10b981;\n    }\n    .survey-card {\n      background-color: #f3f4f6;\n      padding: 20px;\n      border-radius: 8px;\n      margin: 20px 0;\n      text-align: center;\n    }\n    .rating-container {\n      display: flex;\n      justify-content: center;\n      gap: 10px;\n      margin: 20px 0;\n    }\n    .rating-box {\n      width: 40px;\n      height: 40px;\n      border: 2px solid #10b981;\n      border-radius: 8px;\n      display: flex;\n      align-items: center;\n      justify-content: center;\n      text-decoration: none;\n      color: #10b981;\n      font-weight: bold;\n      transition: all 0.3s ease;\n    }\n    .rating-box:hover {\n      background-color: #10b981;\n      color: white;\n    }\n    .question-box {\n      background-color: #f9fafb;\n      padding: 20px;\n      border-radius: 8px;\n      margin: 20px 0;\n      border-left: 4px solid #10b981;\n    }\n    .success-story {\n      background-color: #d4edda;\n      border: 1px solid #c3e6cb;\n      padding: 15px;\n      border-radius: 8px;\n      margin: 20px 0;\n    }\n    .cta {\n      background-color: #10b981;\n      color: white;\n      padding: 12px 24px;\n      border-radius: 5px;\n      display: inline-block;\n      text-decoration: none;\n      font-weight: bold;\n      margin: 20px 0;\n    }\n    .cta-secondary {\n      background-color: #6b7280;\n      color: white;\n      padding: 12px 24px;\n      border-radius: 5px;\n      display: inline-block;\n      text-decoration: none;\n      font-weight: bold;\n      margin: 20px 0;\n    }\n    .footer {\n      margin-top: 40px;\n      font-size: 14px;\n      color: #6b7280;\n      border-top: 1px solid #e5e7eb;\n      padding-top: 20px;\n      text-align: center;\n    }\n  </style>\n</head>\n<body>\n  <div class=\"container\">\n    <div class=\"logo\">\n      <img src=\"https://rsolv.dev/images/rsolv_logo_transparent.png\" alt=\"RSOLV Logo\">\n    </div>\n    \n    <h1>Quick Check-In: How's RSOLV Working for You?</h1>\n    \n    <p>Hi {@first_name},</p>\n    \n    <p>You've been using RSOLV for a week now, and we'd love to hear about your experience! Your feedback helps us make RSOLV better for everyone.</p>\n    \n    <div class=\"survey-card\">\n      <h3>How likely are you to recommend RSOLV to a colleague?</h3>\n      <p>Click a number below:</p>\n      <div class=\"rating-container\">\n        <a href=\"https://rsolv.dev/feedback?rating=1&email={@email}\" class=\"rating-box\">1</a>\n        <a href=\"https://rsolv.dev/feedback?rating=2&email={@email}\" class=\"rating-box\">2</a>\n        <a href=\"https://rsolv.dev/feedback?rating=3&email={@email}\" class=\"rating-box\">3</a>\n        <a href=\"https://rsolv.dev/feedback?rating=4&email={@email}\" class=\"rating-box\">4</a>\n        <a href=\"https://rsolv.dev/feedback?rating=5&email={@email}\" class=\"rating-box\">5</a>\n        <a href=\"https://rsolv.dev/feedback?rating=6&email={@email}\" class=\"rating-box\">6</a>\n        <a href=\"https://rsolv.dev/feedback?rating=7&email={@email}\" class=\"rating-box\">7</a>\n        <a href=\"https://rsolv.dev/feedback?rating=8&email={@email}\" class=\"rating-box\">8</a>\n        <a href=\"https://rsolv.dev/feedback?rating=9&email={@email}\" class=\"rating-box\">9</a>\n        <a href=\"https://rsolv.dev/feedback?rating=10&email={@email}\" class=\"rating-box\">10</a>\n      </div>\n" <> ..., text_body: "Quick Check-In: How's RSOLV Working for You?\n\nHi User,\n\nYou've been using RSOLV for a week now, and we'd love to hear about your experience!\n\nHow likely are you to recommend RSOLV to a colleague?\nRate us from 1-10: https://rsolv.dev/feedback?email=user.name@example.com\n\nThree Quick Questions:\n1. What's been your favorite RSOLV fix so far?\n2. What feature would you like to see next?\n3. Any challenges or friction points?\n\nJust hit reply and share your thoughts - we read every response!\n\nDid You Know?\nHere are some ways other teams are using RSOLV:\n- Security audits: Tag all security-related issues for automated fixes\n- Tech debt cleanup: Fix deprecated function calls across the codebase\n- Onboarding tool: Let new devs see how fixes should be implemented\n- Weekend warrior: Queue up fixes on Friday, review on Monday\n\nThanks for being an early adopter!\n\nBest regards,\nDylan & The RSOLV Team\n\nP.S. If RSOLV has saved you time this week, we'd love to hear about it!\n\n---\nTo unsubscribe, visit: https://rsolv.dev/unsubscribe?email=user.name@example.com\n", headers: %{"X-Postmark-Tag" => "feedback-request"}, attachments: [], assigns: %{}, private: %{tag: "feedback-request"}, blocked: false}

14:25:04.626 request_id=GGRULHwxfkUrlx4AACYH [info] [EMAIL DEBUG] Raw Postmark response
14:25:04.626 request_id=GGRULHwxfkUrlx4AACYH [info] [EMAIL] Email sent successfully via Postmark
14:25:04.626 request_id=GGRULHwxfkUrlx4AACYH [info] Successfully sent scheduled email
14:25:04.626 request_id=GGRULHwxfkUrlx4AACYH [info] [EmailWorker] Insert result
14:25:04.627 request_id=GGRULHwxfkUrlx4AACYH [info] [EmailWorker] Schedule result
14:25:04.627 request_id=GGRULHwxfkUrlx4AACYH [info] [EmailWorker] Processing email config
14:25:04.627 request_id=GGRULHwxfkUrlx4AACYH [info] [EmailWorker] Scheduling email
14:25:04.627 request_id=GGRULHwxfkUrlx4AACYH [info] [EmailWorker] Creating Oban job
14:25:04.627 request_id=GGRULHwxfkUrlx4AACYH [info] [EmailWorker] Job created
14:25:04.627 request_id=GGRULHwxfkUrlx4AACYH [info] Processing scheduled email
14:25:04.627 request_id=GGRULHwxfkUrlx4AACYH [info] [EMAIL DEBUG] Full email struct before sending
14:25:04.627 request_id=GGRULHwxfkUrlx4AACYH [info] [EMAIL DEBUG] Extracted recipient email
14:25:04.627 request_id=GGRULHwxfkUrlx4AACYH [info] [EMAIL DEBUG] Postmark configuration
14:25:04.627 request_id=GGRULHwxfkUrlx4AACYH [info] [EMAIL DEBUG] Email configuration
14:25:04.627 request_id=GGRULHwxfkUrlx4AACYH [info] [EMAIL] Attempting to send email via Postmark
14:25:04.627 request_id=GGRULHwxfkUrlx4AACYH [debug] Sending email with Bamboo.TestAdapter:

%Bamboo.Email{from: {"RSOLV Team", "support@rsolv.dev"}, to: [nil: "user.name@example.com"], cc: [], bcc: [], subject: "Your RSOLV Success Report", html_body: "<!DOCTYPE html>\n<html lang=\"en\">\n<head>\n  <meta charset=\"UTF-8\">\n  <meta name=\"viewport\" content=\"width=device-width, initial-scale=1.0\">\n  <title>Your RSOLV Success Report</title>\n  <style>\n    @import url('https://fonts.googleapis.com/css2?family=Space+Grotesk:wght@300;400;500;700&display=swap');\n    \n    body {\n      font-family: 'Space Grotesk', -apple-system, BlinkMacSystemFont, \"Segoe UI\", Roboto, Helvetica, Arial, sans-serif;\n      line-height: 1.6;\n      color: #333;\n      max-width: 600px;\n      margin: 0 auto;\n      padding: 20px;\n      background-color: #f8f9fa;\n    }\n    .container {\n      background-color: #ffffff;\n      border-radius: 8px;\n      padding: 30px;\n      box-shadow: 0 4px 6px rgba(0, 0, 0, 0.05);\n    }\n    .logo {\n      text-align: center;\n      margin-bottom: 30px;\n    }\n    .logo img {\n      max-width: 200px;\n    }\n    h1, h2, h3 {\n      color: #10b981;\n    }\n    .stats-grid {\n      display: grid;\n      grid-template-columns: 1fr 1fr;\n      gap: 20px;\n      margin: 30px 0;\n    }\n    .stat-card {\n      background-color: #f3f4f6;\n      padding: 20px;\n      border-radius: 8px;\n      text-align: center;\n      border-top: 4px solid #10b981;\n    }\n    .stat-number {\n      font-size: 36px;\n      font-weight: bold;\n      color: #10b981;\n      margin: 10px 0;\n    }\n    .stat-label {\n      color: #6b7280;\n      font-size: 14px;\n    }\n    .achievement-banner {\n      background: linear-gradient(135deg, #10b981 0%, #059669 100%);\n      color: white;\n      padding: 20px;\n      border-radius: 8px;\n      text-align: center;\n      margin: 20px 0;\n    }\n    .timeline {\n      margin: 30px 0;\n    }\n    .timeline-item {\n      display: flex;\n      margin-bottom: 20px;\n      align-items: flex-start;\n    }\n    .timeline-marker {\n      width: 40px;\n      height: 40px;\n      background-color: #10b981;\n      color: white;\n      border-radius: 50%;\n      display: flex;\n      align-items: center;\n      justify-content: center;\n      flex-shrink: 0;\n      margin-right: 15px;\n    }\n    .timeline-content {\n      flex-grow: 1;\n    }\n    .pricing-highlight {\n      background-color: #fff3cd;\n      border: 1px solid #ffeaa7;\n      padding: 20px;\n      border-radius: 8px;\n      margin: 20px 0;\n      text-align: center;\n    }\n    .cta {\n      background-color: #10b981;\n      color: white;\n      padding: 12px 24px;\n      border-radius: 5px;\n      display: inline-block;\n      text-decoration: none;\n      font-weight: bold;\n      margin: 20px 0;\n    }\n    .cta-secondary {\n      background-color: #2563eb;\n      color: white;\n      padding: 12px 24px;\n      border-radius: 5px;\n      display: inline-block;\n      text-decoration: none;\n      font-weight: bold;\n      margin: 20px 0;\n    }\n    .footer {\n      margin-top: 40px;\n      font-size: 14px;\n      color: #6b7280;\n      border-top: 1px solid #e5e7eb;\n      padding-top: 20px;\n      text-align: center;\n    }\n    @media (max-width: 600px) {\n      .stats-grid {\n        grid-template-columns: 1fr;\n      }\n    }\n  </style>\n</head>\n<body>\n  <div class=\"container\">\n    <div class=\"logo\">\n      <img src=\"https://rsolv.dev/images/rsolv_logo_transparent.png\" alt=\"RSOLV Logo\">\n    </div>\n    \n    <h1>Your 2-Week RSOLV Success Report 🎉</h1>\n    \n    <p>Hi {@first_name},</p>\n    \n    <p>Congratulations! You've been using RSOLV for two weeks. Here's a snapshot of what we've accomplished together:</p>\n    \n    <div class=\"stats-grid\">\n      <div class=\"stat-card\">\n        <div class=\"stat-label\">Issues Fixed</div>\n        <div class=\"stat-number\">{Map.get(@usage_stats || %{}, :issues_fixed, 0)}</div>\n      </div>\n      <div class=\"stat-card\">\n        <div class=\"stat-label\">PRs Created</div>\n        <div class=\"stat-number\">{Map.get(@usage_stats || %{}, :prs_created, 0)}</div>\n      </div>\n      <div class=\"stat-card\">\n        <div class=\"stat-label\">Time Saved</div>\n        <div class=\"stat-number\">{Map.get(@usage_stats || %{}, :time_saved, \"0 hrs\")}</div>\n      </div>\n      <div class=\"stat-card\">\n        <div class=\"stat-label\">Security Issues Found</div>\n        <div class=\"stat-number\">{Map.ge" <> ..., text_body: "Your 2-Week RSOLV Success Report\n\nHi User,\n\nCongratulations! You've been using RSOLV for two weeks. Here's what we've accomplished together:\n\nYour Stats:\n- Issues Fixed: Check your dashboard\n- PRs Created: Check your dashboard\n- Time Saved: Check your dashboard\n- Security Issues Found: Check your dashboard\n\nYour Trial Status:\nCheck how many free fixes you have remaining at: https://rsolv.dev/dashboard\n\nWhat's Next?\n- Expand to more repositories\n- Automate security audits\n- Clean up tech debt\n- Train your team\n\nNeed Help Scaling Up?\nI'd love to help you get even more value from RSOLV:\n- Schedule a 15-minute optimization call\n- Get best practices for your specific tech stack\n- Learn about volume discounts for teams\n\nJust reply to this email and let me know how I can help!\n\nThanks for being part of the RSOLV community.\n\nBest regards,\nDylan Fitzgerald\nFounder, RSOLV\n\nP.S. If RSOLV has been valuable to your team, I'd be grateful if you could share a quick testimonial.\n\n---\nTo unsubscribe, visit: https://rsolv.dev/unsubscribe?email=user.name@example.com\n", headers: %{"X-Postmark-Tag" => "success-checkin"}, attachments: [], assigns: %{}, private: %{tag: "success-checkin"}, blocked: false}

14:25:04.628 [debug] MOUNT RsolvWeb.Admin.CustomerLive.Index
  Parameters: %{}
  Session: %{"_csrf_token" => "-gJzRHjZQgiFSR8QT3JR3Cph", "customer_token" => "N5flipqVmtIR89J-HLzuHtY4SX-J-5SMg1LjkibQPWQ="}
14:25:04.628 [debug] MOUNT RsolvWeb.Admin.CustomerLive.Show
  Parameters: %{"id" => "71973"}
  Session: %{"_csrf_token" => "s3ULOsy1y7GM_Brbu_zck0Oe", "customer_token" => "VDM6d31c53cI2bD_Cqxpn1NLoM42I8o4dFZXuT2gmmI="}
14:25:04.628 [debug] Replied in 65µs
14:25:04.628 [debug] Replied in 59µs
14:25:04.628 [debug] MOUNT RsolvWeb.Admin.CustomerLive.Index
  Parameters: %{}
  Session: %{"_csrf_token" => "xHjYUfgmNkxmdvFATPC3HhOQ", "customer_token" => "_rELuULUHANAJt120dVPh4D4gXhebCS_no8v4USN89s="}
14:25:04.628 [debug] MOUNT RsolvWeb.Admin.CustomerLive.Show
  Parameters: %{"id" => "71976"}
  Session: %{"_csrf_token" => "H_htCua4dIFisVIyiHkOG6wH", "customer_token" => "8HEDmbfvwyIMzwwpG-Q9NIpvcAFTSkDOf-62fvCExos="}
14:25:04.628 [debug] HANDLE PARAMS in RsolvWeb.Admin.CustomerLive.Show
  Parameters: %{"id" => "71973"}
14:25:04.628 [debug] HANDLE PARAMS in RsolvWeb.Admin.CustomerLive.Index
  Parameters: %{}
14:25:04.628 [debug] Replied in 113µs
14:25:04.628 [debug] Replied in 120µs
14:25:04.628 [debug] HANDLE PARAMS in RsolvWeb.Admin.CustomerLive.Index
  Parameters: %{}
14:25:04.628 request_id=GGRULHwxfkUrlx4AACYH [info] [EMAIL DEBUG] Raw Postmark response
14:25:04.628 request_id=GGRULHwxfkUrlx4AACYH [info] [EMAIL] Email sent successfully via Postmark
14:25:04.628 [debug] HANDLE PARAMS in RsolvWeb.Admin.CustomerLive.Show
  Parameters: %{"id" => "71976"}
14:25:04.628 request_id=GGRULHwxfkUrlx4AACYH [info] Successfully sent scheduled email
14:25:04.628 [debug] QUERY OK source="customers" db=0.1ms
SELECT count(*) FROM "customers" AS c0 []
14:25:04.628 request_id=GGRULHwxfkUrlx4AACYH [info] [EmailWorker] Insert result
14:25:04.628 [debug] QUERY OK source="customers" db=0.2ms
SELECT c0."id", c0."name", c0."email", c0."monthly_limit", c0."current_usage", c0."active", c0."metadata", c0."password_hash", c0."is_staff", c0."admin_level", c0."trial_fixes_used", c0."trial_fixes_limit", c0."stripe_customer_id", c0."subscription_plan", c0."subscription_status", c0."rollover_fixes", c0."payment_method_added_at", c0."trial_expired_at", c0."fixes_used_this_month", c0."fixes_quota_this_month", c0."has_payment_method", c0."inserted_at", c0."updated_at" FROM "customers" AS c0 WHERE (c0."id" = $1) [71976]
14:25:04.628 [debug] QUERY OK source="customers" db=0.2ms
SELECT c0."id", c0."name", c0."email", c0."monthly_limit", c0."current_usage", c0."active", c0."metadata", c0."password_hash", c0."is_staff", c0."admin_level", c0."trial_fixes_used", c0."trial_fixes_limit", c0."stripe_customer_id", c0."subscription_plan", c0."subscription_status", c0."rollover_fixes", c0."payment_method_added_at", c0."trial_expired_at", c0."fixes_used_this_month", c0."fixes_quota_this_month", c0."has_payment_method", c0."inserted_at", c0."updated_at" FROM "customers" AS c0 WHERE (c0."id" = $1) [71973]
14:25:04.628 [debug] QUERY OK source="customers" db=0.2ms
SELECT count(*) FROM "customers" AS c0 []
14:25:04.628 request_id=GGRULHwxfkUrlx4AACYH [info] [EmailWorker] Schedule result
14:25:04.628 request_id=GGRULHwxfkUrlx4AACYH [info] [PAGE CONTROLLER] EmailSequence.start_early_access_onboarding_sequence returned
14:25:04.628 [debug] QUERY OK source="api_keys" db=0.1ms
SELECT a0."id", a0."key", a0."name", a0."permissions", a0."active", a0."last_used_at", a0."expires_at", a0."customer_id", a0."inserted_at", a0."updated_at" FROM "api_keys" AS a0 WHERE (a0."customer_id" = $1) ORDER BY a0."inserted_at" DESC [71973]
14:25:04.628 [debug] Replied in 720µs
14:25:04.628 [debug] QUERY OK source="customers" db=0.2ms
SELECT c0."id", c0."name", c0."email", c0."monthly_limit", c0."current_usage", c0."active", c0."metadata", c0."password_hash", c0."is_staff", c0."admin_level", c0."trial_fixes_used", c0."trial_fixes_limit", c0."stripe_customer_id", c0."subscription_plan", c0."subscription_status", c0."rollover_fixes", c0."payment_method_added_at", c0."trial_expired_at", c0."fixes_used_this_month", c0."fixes_quota_this_month", c0."has_payment_method", c0."inserted_at", c0."updated_at" FROM "customers" AS c0 ORDER BY c0."inserted_at" DESC LIMIT 20 OFFSET $1 [0]
14:25:04.628 [debug] QUERY OK source="api_keys" db=0.2ms
SELECT a0."id", a0."key", a0."name", a0."permissions", a0."active", a0."last_used_at", a0."expires_at", a0."customer_id", a0."inserted_at", a0."updated_at" FROM "api_keys" AS a0 WHERE (a0."customer_id" = $1) ORDER BY a0."inserted_at" DESC [71976]
14:25:04.628 [debug] Replied in 723µs
14:25:04.628 request_id=GGRULHwxfkUrlx4AACYH [debug] Sending email with Bamboo.TestAdapter:

%Bamboo.Email{from: {"RSOLV Team", "support@rsolv.dev"}, to: [nil: "admin@rsolv.dev"], cc: [], bcc: [], subject: "🎉 New RSOLV Signup: user.name@example.com", html_body: "<!DOCTYPE html>\n<html>\n<head>\n  <meta charset=\"utf-8\">\n  <style>\n    body { font-family: -apple-system, BlinkMacSystemFont, 'Segoe UI', Roboto, sans-serif; line-height: 1.6; color: #333; }\n    .container { max-width: 600px; margin: 0 auto; padding: 20px; }\n    .header { background: #10b981; color: white; padding: 20px; border-radius: 8px 8px 0 0; }\n    .content { background: #f9fafb; padding: 20px; border: 1px solid #e5e7eb; border-radius: 0 0 8px 8px; }\n    .metric { display: inline-block; margin: 10px 20px 10px 0; }\n    .metric-label { font-size: 12px; color: #6b7280; text-transform: uppercase; }\n    .metric-value { font-size: 18px; font-weight: bold; color: #111827; }\n    .details { background: white; padding: 15px; border-radius: 4px; margin: 15px 0; }\n    .detail-row { display: flex; justify-content: space-between; padding: 8px 0; border-bottom: 1px solid #f3f4f6; }\n    .detail-row:last-child { border-bottom: none; }\n    .detail-label { font-weight: 500; color: #6b7280; }\n    .detail-value { color: #111827; }\n    .utm-badge { display: inline-block; background: #dbeafe; color: #1e40af; padding: 2px 8px; border-radius: 4px; font-size: 12px; margin-left: 4px; }\n  </style>\n</head>\n<body>\n  <div class=\"container\">\n    <div class=\"header\">\n      <h1 style=\"margin: 0; font-size: 24px;\">🎉 New RSOLV Signup!</h1>\n      <p style=\"margin: 5px 0 0 0; opacity: 0.9;\">September 11, 2025 at 08:25 PM UTC</p>\n    </div>\n    \n    <div class=\"content\">\n      <div class=\"metric\">\n        <div class=\"metric-label\">Email</div>\n        <div class=\"metric-value\">user.name@example.com</div>\n      </div>\n      \n      \n      \n      <div class=\"details\">\n        <h3 style=\"margin-top: 0;\">Signup Details</h3>\n        \n        <div class=\"detail-row\">\n          <span class=\"detail-label\">Source</span>\n          <span class=\"detail-value\">\n            landing_page\n            \n          </span>\n        </div>\n        \n        \n        \n        \n        \n        \n      </div>\n      \n      <div style=\"margin-top: 20px; text-align: center;\">\n        <a href=\"https://rsolv.dev/live/dashboard\" style=\"display: inline-block; background: #10b981; color: white; padding: 10px 20px; text-decoration: none; border-radius: 4px;\">\n          View Dashboard\n        </a>\n      </div>\n    </div>\n  </div>\n</body>\n</html>\n", text_body: "🎉 New RSOLV Signup!\n\nEmail: user.name@example.com\n\nTime: September 11, 2025 at 08:25 PM UTC\n\nSource Details:\n- Source: landing_page\n\n\n\n\n\nView full dashboard: https://rsolv.dev/live/dashboard\n", headers: %{"Message-ID" => "<1757622304.247835@rsolv.dev>", "X-Postmark-Tag" => "admin-notification", "X-Priority" => "1"}, attachments: [], assigns: %{}, private: %{tag: "admin-notification"}, blocked: false}

14:25:04.629 [debug] Replied in 806µs
14:25:04.629 request_id=GGRULHwxfkUrlx4AACYH [info] Admin notification sent for new signup
14:25:04.629 [debug] QUERY OK source="fun_with_flags_toggles" db=0.0ms
SELECT f0."id", f0."flag_name", f0."gate_type", f0."target", f0."enabled" FROM "fun_with_flags_toggles" AS f0 WHERE (f0."flag_name" = $1) ["blog"]
14:25:04.629 [debug] QUERY OK source="customers" db=0.3ms
SELECT c0."id", c0."name", c0."email", c0."monthly_limit", c0."current_usage", c0."active", c0."metadata", c0."password_hash", c0."is_staff", c0."admin_level", c0."trial_fixes_used", c0."trial_fixes_limit", c0."stripe_customer_id", c0."subscription_plan", c0."subscription_status", c0."rollover_fixes", c0."payment_method_added_at", c0."trial_expired_at", c0."fixes_used_this_month", c0."fixes_quota_this_month", c0."has_payment_method", c0."inserted_at", c0."updated_at" FROM "customers" AS c0 ORDER BY c0."inserted_at" DESC LIMIT 20 OFFSET $1 [0]
14:25:04.629 [debug] Telemetry event: [:fun_with_flags, :persistence, :read], metadata: %{flag_name: :blog, gate: nil}, measurements: %{system_time: 1757622304629064831}
14:25:04.629 request_id=GGRULHwxfkUrlx4AACYH [info] Sent 302 in 8ms
14:25:04.629 [debug] Replied in 859µs
14:25:04.629 [debug] QUERY OK source="fun_with_flags_toggles" db=0.0ms
SELECT f0."id", f0."flag_name", f0."gate_type", f0."target", f0."enabled" FROM "fun_with_flags_toggles" AS f0 WHERE (f0."flag_name" = $1) ["blog"]
14:25:04.629 request_id=GGRULHy5EP4rlx4AADGI [info] POST /early-access
14:25:04.629 [debug] Telemetry event: [:fun_with_flags, :persistence, :read], metadata: %{flag_name: :blog, gate: nil}, measurements: %{system_time: 1757622304629140521}
14:25:04.629 [debug] QUERY OK source="fun_with_flags_toggles" db=0.1ms
SELECT f0."id", f0."flag_name", f0."gate_type", f0."target", f0."enabled" FROM "fun_with_flags_toggles" AS f0 WHERE (f0."flag_name" = $1) ["blog"]
14:25:04.629 request_id=GGRULHy5EP4rlx4AADGI [debug] Processing with RsolvWeb.PageController.submit_early_access/2
  Parameters: %{"email" => "user-name@example.com"}
  Pipelines: [:browser]
14:25:04.629 [debug] Telemetry event: [:fun_with_flags, :persistence, :read], metadata: %{flag_name: :blog, gate: nil}, measurements: %{system_time: 1757622304629213015}
14:25:04.629 [debug] QUERY OK source="fun_with_flags_toggles" db=0.0ms
SELECT f0."id", f0."flag_name", f0."gate_type", f0."target", f0."enabled" FROM "fun_with_flags_toggles" AS f0 WHERE (f0."flag_name" = $1) ["blog"]
14:25:04.629 [debug] Telemetry event: [:fun_with_flags, :persistence, :read], metadata: %{flag_name: :blog, gate: nil}, measurements: %{system_time: 1757622304629267781}
14:25:04.629 request_id=GGRULHy5EP4rlx4AADGI [debug] QUERY OK source="fun_with_flags_toggles" db=0.1ms
SELECT f0."id", f0."flag_name", f0."gate_type", f0."target", f0."enabled" FROM "fun_with_flags_toggles" AS f0 WHERE (f0."flag_name" = $1) ["early_access_signup"]
14:25:04.629 request_id=GGRULHy5EP4rlx4AADGI [debug] Telemetry event: [:fun_with_flags, :persistence, :read], metadata: %{flag_name: :early_access_signup, gate: nil}, measurements: %{system_time: 1757622304629433017}
14:25:04.629 request_id=GGRULHy5EP4rlx4AADGI [debug] Extracted UTM parameters: %{}
14:25:04.629 request_id=GGRULHy5EP4rlx4AADGI [info] Analytics event tracked
14:25:04.629 request_id=GGRULHy5EP4rlx4AADGI [debug] QUERY OK db=0.1ms
SELECT create_analytics_partition_if_not_exists($1::date) [~D[2025-09-11]]
14:25:04.630 request_id=GGRULHy5EP4rlx4AADGI [debug] QUERY OK source="analytics_events" db=0.1ms
INSERT INTO "analytics_events" ("metadata","event_type","visitor_id","page_path","inserted_at","updated_at") VALUES ($1,$2,$3,$4,$5,$6) RETURNING "id" [%{status: "submit", os: "unknown", form_id: "early-access", browser: "unknown", utm_source_platform: nil, utm_source_campaign: nil, utm_source_content: nil, device_type: "unknown"}, "form_submit", "06f28e003ec0210d4eec5918150072d1", "/early-access", ~N[2025-09-11 20:25:04], ~N[2025-09-11 20:25:04]]
14:25:04.630 request_id=GGRULHy5EP4rlx4AADGI [info] Form submission received
14:25:04.630 request_id=GGRULHy5EP4rlx4AADGI [info] Valid email received for processing: user-name@example.com, validation passed
14:25:04.630 request_id=GGRULHy5EP4rlx4AADGI [debug] Extracted UTM parameters: %{}
14:25:04.630 request_id=GGRULHy5EP4rlx4AADGI [debug] QUERY OK source="early_access_signups" db=0.1ms
INSERT INTO "early_access_signups" ("name","email","referral_source","inserted_at") VALUES ($1,$2,$3,$4) RETURNING "id" ["Username", "user-name@example.com", "landing_page", ~N[2025-09-11 20:25:04]]
14:25:04.630 request_id=GGRULHy5EP4rlx4AADGI [debug] QUERY OK source="early_access_signups" db=0.0ms
SELECT count(e0."id") FROM "early_access_signups" AS e0 []
14:25:04.630 request_id=GGRULHy5EP4rlx4AADGI [info] Successfully saved signup to database
14:25:04.630 request_id=GGRULHy5EP4rlx4AADGI [info] ConvertKit API key present: true
14:25:04.630 request_id=GGRULHy5EP4rlx4AADGI [info] ConvertKit API request successful
14:25:04.630 request_id=GGRULHy5EP4rlx4AADGI [info] ConvertKit: Successfully added subscriber
14:25:04.630 request_id=GGRULHy5EP4rlx4AADGI [info] Analytics event tracked
14:25:04.630 request_id=GGRULHy5EP4rlx4AADGI [debug] QUERY OK db=0.1ms queue=0.1ms
SELECT create_analytics_partition_if_not_exists($1::date) [~D[2025-09-11]]
14:25:04.631 request_id=GGRULHy5EP4rlx4AADGI [debug] QUERY OK source="analytics_events" db=0.1ms
INSERT INTO "analytics_events" ("metadata","event_type","visitor_id","page_path","inserted_at","updated_at") VALUES ($1,$2,$3,$4,$5,$6) RETURNING "id" [%{status: "success", os: "unknown", source: "landing_page", form_id: "early-access", browser: "unknown", utm_source_platform: nil, utm_source_campaign: nil, utm_source_content: nil, device_type: "unknown", conversion_type: "early_access_signup", email_domain: "example.com"}, "form_success", "06f28e003ec0210d4eec5918150072d1", "/early-access", ~N[2025-09-11 20:25:04], ~N[2025-09-11 20:25:04]]
14:25:04.631 request_id=GGRULHy5EP4rlx4AADGI [info] Analytics event tracked
14:25:04.631 request_id=GGRULHy5EP4rlx4AADGI [debug] QUERY OK db=0.0ms
SELECT create_analytics_partition_if_not_exists($1::date) [~D[2025-09-11]]
.14:25:04.631 request_id=GGRULHy5EP4rlx4AADGI [debug] QUERY OK source="analytics_events" db=0.1ms
INSERT INTO "analytics_events" ("metadata","event_type","visitor_id","page_path","inserted_at","updated_at") VALUES ($1,$2,$3,$4,$5,$6) RETURNING "id" [%{os: "unknown", source: "landing_page", form_id: "early-access", browser: "unknown", utm_source_platform: nil, utm_source_campaign: nil, utm_source_content: nil, device_type: "unknown", conversion_type: "early_access_signup", email_domain: "example.com"}, "conversion", "06f28e003ec0210d4eec5918150072d1", "/early-access", ~N[2025-09-11 20:25:04], ~N[2025-09-11 20:25:04]]
.14:25:04.631 [debug] HANDLE EVENT "open_edit_modal" in RsolvWeb.Admin.CustomerLive.Show
  Parameters: %{}
14:25:04.631 request_id=GGRULHy5EP4rlx4AADGI [debug] QUERY OK source="fun_with_flags_toggles" db=0.1ms
SELECT f0."id", f0."flag_name", f0."gate_type", f0."target", f0."enabled" FROM "fun_with_flags_toggles" AS f0 WHERE (f0."flag_name" = $1) ["welcome_email_sequence"]
14:25:04.631 request_id=GGRULHy5EP4rlx4AADGI [debug] Telemetry event: [:fun_with_flags, :persistence, :read], metadata: %{flag_name: :welcome_email_sequence, gate: nil}, measurements: %{system_time: 1757622304631846639}
14:25:04.631 request_id=GGRULHy5EP4rlx4AADGI [info] [PAGE CONTROLLER] Welcome email sequence is ENABLED, starting sequence
14:25:04.631 request_id=GGRULHy5EP4rlx4AADGI [info] [PAGE CONTROLLER] About to call EmailSequence.start_early_access_onboarding_sequence
14:25:04.631 request_id=GGRULHy5EP4rlx4AADGI [info] [EMAIL SEQUENCE] Starting early access onboarding sequence
14:25:04.631 request_id=GGRULHy5EP4rlx4AADGI [info] [EMAIL SEQUENCE] About to call EmailService.send_early_access_welcome_email
14:25:04.631 request_id=GGRULHy5EP4rlx4AADGI [info] [EMAIL] send_early_access_welcome_email called
14:25:04.631 [debug] HANDLE EVENT "filter" in RsolvWeb.Admin.CustomerLive.Index
  Parameters: %{"status" => "active"}
14:25:04.632 request_id=GGRULHy5EP4rlx4AADGI [info] [EMAIL DEBUG] Full email struct before sending
14:25:04.632 request_id=GGRULHy5EP4rlx4AADGI [info] [EMAIL DEBUG] Extracted recipient email
14:25:04.632 request_id=GGRULHy5EP4rlx4AADGI [info] [EMAIL DEBUG] Postmark configuration
14:25:04.632 request_id=GGRULHy5EP4rlx4AADGI [info] [EMAIL DEBUG] Email configuration
14:25:04.632 request_id=GGRULHy5EP4rlx4AADGI [info] [EMAIL] Attempting to send email via Postmark
14:25:04.632 request_id=GGRULHy5EP4rlx4AADGI [debug] Sending email with Bamboo.TestAdapter:

%Bamboo.Email{from: {"RSOLV Team", "support@rsolv.dev"}, to: [nil: "user-name@example.com"], cc: [], bcc: [], subject: "Welcome to RSOLV Early Access Program", html_body: "<div style=\"font-family: 'Helvetica Neue', Helvetica, Arial, sans-serif; max-width: 600px; margin: 0 auto; padding: 20px;\">\n  <h1 style=\"color: #2C3E50; margin-bottom: 20px;\">Welcome to RSOLV Early Access Program!</h1>\n\n  <p>Hi Username,</p>\n\n  <p>Thank you for joining our Early Access Program! You're now part of an exclusive group getting first access to RSOLV.</p>\n\n  <p>Here's what you need to know:</p>\n\n  <ul>\n    <li>You have full access to all current features</li>\n    <li>Your feedback is incredibly valuable to us during this phase</li>\n    <li>You'll receive priority support via email</li>\n  </ul>\n\n  <p>To get started with RSOLV:</p>\n\n  <ol>\n    <li><strong>Your API key will be sent in a follow-up email within 24 hours</strong></li>\n    <li>Once you receive your API key, install our GitHub Action (code below)</li>\n    <li>Set up your repository secrets with your API key</li>\n    <li>Tag your first issues with \"rsolv:automate\"</li>\n  </ol>\n\n  <div style=\"background-color: #fff3cd; border: 1px solid #ffeaa7; color: #856404; padding: 10px; border-radius: 5px; margin: 15px 0;\">\n    <strong>⏳ API Key Coming Soon:</strong> We'll send your personal API key within 24 hours. Look for an email with subject \"Your RSOLV API Key\".\n  </div>\n\n  <div style=\"background-color: #f8f9fa; padding: 15px; border-radius: 5px; margin: 20px 0;\">\n    <pre style=\"margin: 0; overflow-x: auto; white-space: pre-wrap; font-family: monospace;\">name: RSOLV AutoFix\non:\n  issues:\n    types: [opened, edited, labeled]\n\njobs:\n  autofix:\n    runs-on: ubuntu-latest\n    if: contains(github.event.issue.labels.*.name, 'rsolv:automate')\n    steps:\n      - uses: RSOLV-dev/rsolv-action@v1\n        with:\n          github-token: ${{ secrets.GITHUB_TOKEN }}\n          rsolv-api-key: ${{ secrets.RSOLV_API_KEY }}</pre>\n  </div>\n\n  <p>Need help? As an Early Access member, you have priority support - contact us at <a href=\"mailto:support@rsolv.dev\">support@rsolv.dev</a> and we'll personally assist you.</p>\n\n  <p>Your trial includes unlimited automated fixes during the Early Access period.</p>\n\n  <div style=\"margin-top: 30px; padding: 15px; border: 1px solid #e0e0e0; border-radius: 5px; background-color: #f9f9f9;\">\n    <h3 style=\"margin-top: 0; color: #2C3E50;\">Early Access Program Benefits</h3>\n    <ul>\n      <li>Unlimited usage during Early Access</li>\n      <li>Priority support and feature requests</li>\n      <li>Exclusive pricing when we launch</li>\n      <li>Direct access to our development team</li>\n    </ul>\n  </div>\n\n  <p>Best,<br>The RSOLV Team</p>\n\n  <div class=\"footer\" style=\"margin-top: 40px; padding-top: 20px; border-top: 1px solid #e0e0e0; font-size: 0.9em; color: #666;\">\n    <p>\n      You're receiving this email because you joined the RSOLV Early Access Program.\n      <br>\n      If you have any questions, simply reply to this email.\n    </p>\n    <p>\n      RSOLV, Inc. • support@rsolv.dev • © 2025\n    </p>\n    <p>\n      <a href=\"https://rsolv.dev/unsubscribe?email=user-name@example.com\">Unsubscribe</a> from these emails.\n    </p>\n  </div>\n</div>\n", text_body: "Welcome to RSOLV Early Access Program!\n\nHi Username,\n\nThank you for joining our Early Access Program! You're now part of an exclusive group getting first access to RSOLV.\n\nHere's what you need to know:\n- You have full access to all current features\n- Your feedback is incredibly valuable to us during this phase\n- You'll receive priority support via email\n\nTo get started with RSOLV:\n1. Your API key will be sent in a follow-up email within 24 hours\n2. Once you receive your API key, install our GitHub Action\n3. Set up your repository secrets with your API key\n4. Tag your first issues with \"AUTOFIX\"\n\n⏳ API KEY COMING SOON: We'll send your personal API key within 24 hours. Look for an email with subject \"Your RSOLV API Key\".\n\nNeed help? As an Early Access member, you have priority support - contact us at support@rsolv.dev and we'll personally assist you.\n\nYour trial includes unlimited automated fixes during the Early Access period.\n\nEARLY ACCESS PROGRAM BENEFITS:\n* Unlimited usage during Early Access\n* Priority support and feature requests\n* Exclusive pricing when we launch\n* Direct access to our development team\n\nBest,\nThe RSOLV Team\n\n---\nYou're receiving this email because you joined the RSOLV Early Access Program.\nIf you have any questions, simply reply to this email.\n\nRSOLV, Inc. • support@rsolv.dev\n\nTo unsubscribe, visit: https://rsolv.dev/unsubscribe?email=user-name@example.com\n", headers: %{"X-Postmark-Tag" => "early-access"}, attachments: [], assigns: %{}, private: %{tag: "early-access"}, blocked: false}

14:25:04.632 request_id=GGRULHy5EP4rlx4AADGI [info] [EMAIL DEBUG] Raw Postmark response
14:25:04.632 request_id=GGRULHy5EP4rlx4AADGI [info] [EMAIL] Email sent successfully via Postmark
14:25:04.632 request_id=GGRULHy5EP4rlx4AADGI [info] [EMAIL SEQUENCE] EmailService.send_early_access_welcome_email returned
14:25:04.632 request_id=GGRULHy5EP4rlx4AADGI [info] Attempting to tag subscriber
14:25:04.632 request_id=GGRULHy5EP4rlx4AADGI [info] ConvertKit: Attempting to tag user-name@example.com with tag test_tag_id
14:25:04.632 request_id=GGRULHy5EP4rlx4AADGI [info] ConvertKit: Successfully tagged user-name@example.com
14:25:04.632 request_id=GGRULHy5EP4rlx4AADGI [info] [EmailWorker] schedule_sequence called
14:25:04.632 request_id=GGRULHy5EP4rlx4AADGI [info] [EmailWorker] Found sequence
14:25:04.632 request_id=GGRULHy5EP4rlx4AADGI [info] [EmailWorker] Processing email config
14:25:04.632 request_id=GGRULHy5EP4rlx4AADGI [info] [EmailWorker] Skipping immediate email
14:25:04.632 request_id=GGRULHy5EP4rlx4AADGI [info] [EmailWorker] Processing email config
14:25:04.632 request_id=GGRULHy5EP4rlx4AADGI [info] [EmailWorker] Scheduling email
14:25:04.632 request_id=GGRULHy5EP4rlx4AADGI [info] [EmailWorker] Creating Oban job
14:25:04.632 request_id=GGRULHy5EP4rlx4AADGI [info] [EmailWorker] Job created
14:25:04.632 request_id=GGRULHy5EP4rlx4AADGI [info] Processing scheduled email
14:25:04.632 request_id=GGRULHy5EP4rlx4AADGI [error] Failed to send scheduled email
14:25:04.632 request_id=GGRULHy5EP4rlx4AADGI [info] [EmailWorker] Insert result
14:25:04.632 request_id=GGRULHy5EP4rlx4AADGI [info] [EmailWorker] Schedule result
14:25:04.632 request_id=GGRULHy5EP4rlx4AADGI [info] [EmailWorker] Processing email config
14:25:04.632 request_id=GGRULHy5EP4rlx4AADGI [info] [EmailWorker] Scheduling email
14:25:04.632 request_id=GGRULHy5EP4rlx4AADGI [info] [EmailWorker] Creating Oban job
14:25:04.632 request_id=GGRULHy5EP4rlx4AADGI [info] [EmailWorker] Job created
14:25:04.632 request_id=GGRULHy5EP4rlx4AADGI [info] Processing scheduled email
14:25:04.633 request_id=GGRULHy5EP4rlx4AADGI [info] [EMAIL DEBUG] Full email struct before sending
14:25:04.633 request_id=GGRULHy5EP4rlx4AADGI [info] [EMAIL DEBUG] Extracted recipient email
14:25:04.633 request_id=GGRULHy5EP4rlx4AADGI [info] [EMAIL DEBUG] Postmark configuration
14:25:04.633 request_id=GGRULHy5EP4rlx4AADGI [info] [EMAIL DEBUG] Email configuration
14:25:04.633 request_id=GGRULHy5EP4rlx4AADGI [info] [EMAIL] Attempting to send email via Postmark
14:25:04.633 request_id=GGRULHy5EP4rlx4AADGI [debug] Sending email with Bamboo.TestAdapter:

%Bamboo.Email{from: {"RSOLV Team", "support@rsolv.dev"}, to: [nil: "user-name@example.com"], cc: [], bcc: [], subject: "Verify Your RSOLV Setup - Need Any Help?", html_body: "<!DOCTYPE html>\n<html lang=\"en\">\n<head>\n  <meta charset=\"UTF-8\">\n  <meta name=\"viewport\" content=\"width=device-width, initial-scale=1.0\">\n  <title>Verify Your RSOLV Setup</title>\n  <style>\n    @import url('https://fonts.googleapis.com/css2?family=Space+Grotesk:wght@300;400;500;700&display=swap');\n    \n    body {\n      font-family: 'Space Grotesk', -apple-system, BlinkMacSystemFont, \"Segoe UI\", Roboto, Helvetica, Arial, sans-serif;\n      line-height: 1.6;\n      color: #333;\n      max-width: 600px;\n      margin: 0 auto;\n      padding: 20px;\n      background-color: #f8f9fa;\n    }\n    .container {\n      background-color: #ffffff;\n      border-radius: 8px;\n      padding: 30px;\n      box-shadow: 0 4px 6px rgba(0, 0, 0, 0.05);\n    }\n    .logo {\n      text-align: center;\n      margin-bottom: 30px;\n    }\n    .logo img {\n      max-width: 200px;\n    }\n    h1, h2, h3 {\n      color: #10b981;\n    }\n    .checklist {\n      background-color: #f3f4f6;\n      padding: 20px;\n      border-radius: 8px;\n      margin: 20px 0;\n    }\n    .checklist-item {\n      display: flex;\n      align-items: center;\n      margin-bottom: 15px;\n    }\n    .checklist-item input[type=\"checkbox\"] {\n      margin-right: 10px;\n    }\n    .status-box {\n      background-color: #fff3cd;\n      border: 1px solid #ffeaa7;\n      padding: 15px;\n      border-radius: 8px;\n      margin: 20px 0;\n    }\n    .success-box {\n      background-color: #d4edda;\n      border: 1px solid #c3e6cb;\n      padding: 15px;\n      border-radius: 8px;\n      margin: 20px 0;\n    }\n    .code {\n      background-color: #2d3748;\n      color: #e2e8f0;\n      padding: 15px;\n      border-radius: 5px;\n      font-family: 'Courier New', monospace;\n      overflow-x: auto;\n      margin: 15px 0;\n    }\n    .cta {\n      background-color: #10b981;\n      color: white;\n      padding: 12px 24px;\n      border-radius: 5px;\n      display: inline-block;\n      text-decoration: none;\n      font-weight: bold;\n      margin: 20px 0;\n    }\n    .footer {\n      margin-top: 40px;\n      font-size: 14px;\n      color: #6b7280;\n      border-top: 1px solid #e5e7eb;\n      padding-top: 20px;\n      text-align: center;\n    }\n  </style>\n</head>\n<body>\n  <div class=\"container\">\n    <div class=\"logo\">\n      <img src=\"https://rsolv.dev/images/rsolv_logo_transparent.png\" alt=\"RSOLV Logo\">\n    </div>\n    \n    <h1>Let's Verify Your RSOLV Setup</h1>\n    \n    <p>Hi {@first_name},</p>\n    \n    <p>It's been a few days since you signed up for RSOLV. We want to make sure you're all set up and ready to benefit from automated security scanning and remediation!</p>\n    \n    <div class=\"checklist\">\n      <h3>Quick Setup Checklist:</h3>\n      <div class=\"checklist-item\">\n        <input type=\"checkbox\" disabled> Connected your repositories for security scanning\n      </div>\n      <div class=\"checklist-item\">\n        <input type=\"checkbox\" disabled> Added the GitHub Action workflow for automated fixes\n      </div>\n      <div class=\"checklist-item\">\n        <input type=\"checkbox\" disabled> Set up your RSOLV_API_KEY as a repository secret\n      </div>\n      <div class=\"checklist-item\">\n        <input type=\"checkbox\" disabled> Reviewed security issues found by RSOLV\n      </div>\n      <div class=\"checklist-item\">\n        <input type=\"checkbox\" disabled> Generated and merged your first security fix PR\n      </div>\n    </div>\n    \n    <h2>Need Help with Setup?</h2>\n    \n    <p>If you haven't completed setup yet, here's a quick reminder of the steps:</p>\n    \n    <div class=\"code\">\n# In .github/workflows/rsolv.yml:\nname: RSOLV Security Fixes\n\non:\n  issues:\n    types: [labeled]\n\njobs:\n  security-fix:\n    if: contains(github.event.issue.labels.*.name, 'rsolv:automate')\n    runs-on: ubuntu-latest\n    steps:\n      - uses: rsolv-dev/rsolv-action@v1\n        with:\n          github-token: ${\"{{ secrets.GITHUB_TOKEN }}\"}\n          rsolv-api-key: ${\"{{ secrets.RSOLV_API_KEY }}\"}\n    </div>\n    \n    <div class=\"status-box\">\n      <strong>🎁 Remember:</strong> Your first 10 fixes are completely free! No credit card required. After that, you only pay $15 per fix that gets deployed.\n   " <> ..., text_body: "Let's Verify Your RSOLV Setup\n\nHi Username,\n\nIt's been a few days since you signed up for RSOLV. We want to make sure you're all set up and ready to automate your issue resolution!\n\nQuick Setup Checklist:\n[ ] Added the GitHub Action workflow to your repository\n[ ] Set up your RSOLV_API_KEY as a repository secret\n[ ] Tagged your first issue with \"rsolv:automate\"\n[ ] Reviewed and merged your first automated PR\n\nNeed Help with Setup?\nIf you haven't completed setup yet, visit: https://rsolv.dev/docs/getting-started\n\nRemember: Your first 10 fixes are completely free! No credit card required. After that, you only pay $15 per fix that gets deployed.\n\nCommon Questions:\n- Where do I get my API key? Check your welcome email or visit your dashboard\n- Can I use RSOLV on private repos? Yes! RSOLV works with both public and private repositories\n- What types of issues can RSOLV fix? Bug fixes, security vulnerabilities, performance issues, and more\n- How secure is it? We analyze every fix for security vulnerabilities before creating PRs\n\nPro Tip: Start with a simple issue first - something like \"Fix typo in README\" or \"Update deprecated function calls\".\n\nReady to get started? Tag an issue with \"rsolv:automate\" and watch the magic happen!\n\nIf you're stuck or have questions, just reply to this email.\n\nBest regards,\nThe RSOLV Team\n\n---\nTo unsubscribe, visit: https://rsolv.dev/unsubscribe?email=user-name@example.com\n", headers: %{"X-Postmark-Tag" => "setup-verification"}, attachments: [], assigns: %{}, private: %{tag: "setup-verification"}, blocked: false}

14:25:04.633 request_id=GGRULHy5EP4rlx4AADGI [info] [EMAIL DEBUG] Raw Postmark response
14:25:04.633 request_id=GGRULHy5EP4rlx4AADGI [info] [EMAIL] Email sent successfully via Postmark
.......................................................................................................................................................................................................................................................................................................................................................................14:25:04.916 [debug] QUERY OK source="customers" db=0.5ms queue=0.2ms
INSERT INTO "customers" ("active","name","metadata","email","is_staff","subscription_plan","monthly_limit","current_usage","fixes_quota_this_month","fixes_used_this_month","has_payment_method","password_hash","rollover_fixes","subscription_status","trial_fixes_limit","trial_fixes_used","inserted_at","updated_at") VALUES ($1,$2,$3,$4,$5,$6,$7,$8,$9,$10,$11,$12,$13,$14,$15,$16,$17,$18) RETURNING "id" [true, "Test Customer", %{}, "test@example.com", false, "trial", 100, 0, 0, 0, false, "$2b$12$TQMOAKxzfRHFLSfCQdMnJ.AZSC3WNc1X1lkR7LjsZDGNTOy.S0PLS", 0, "active", 5, 0, ~N[2025-09-11 20:25:04], ~N[2025-09-11 20:25:04]]
14:25:04.916 [debug] QUERY OK source="customers" db=0.2ms queue=0.2ms
INSERT INTO "customers" ("active","name","metadata","email","is_staff","subscription_plan","monthly_limit","current_usage","fixes_quota_this_month","fixes_used_this_month","has_payment_method","password_hash","rollover_fixes","subscription_status","trial_fixes_limit","trial_fixes_used","inserted_at","updated_at") VALUES ($1,$2,$3,$4,$5,$6,$7,$8,$9,$10,$11,$12,$13,$14,$15,$16,$17,$18) RETURNING "id" [true, "Test Customer", %{}, "customer-576460752303399423@example.com", false, "trial", 100, 0, 0, 0, false, "$2b$12$dP4LWK/N8hEPNRK.HVni0ONLRjLUV0Hzz9ag2Gnyqc7uvK2J4AtzG", 0, "active", 5, 0, ~N[2025-09-11 20:25:04], ~N[2025-09-11 20:25:04]]
14:25:04.916 request_id=GGRULI3bH6NfyOkAABiK [info] GET /admin/customers
14:25:04.916 request_id=GGRULI3bH6NfyOkAABiK [debug] Processing with RsolvWeb.Admin.CustomerLive.Index.index/2
  Parameters: %{}
  Pipelines: [:browser, :fetch_current_customer, :require_staff_customer]
14:25:04.916 request_id=GGRULI3bH6NfyOkAABiK [info] Sent 302 in 109µs
14:25:04.917 [debug] QUERY OK source="api_keys" db=0.6ms queue=0.1ms
INSERT INTO "api_keys" ("active","name","permissions","key","customer_id","inserted_at","updated_at") VALUES ($1,$2,$3,$4,$5,$6,$7) RETURNING "id" [true, "Production Key", [], "rsolv_ax82Ak1VSVAaXe_ZNwPDgNAMHVXOBigPztBvKzmTtzw", 72003, ~U[2025-09-11 20:25:04Z], ~U[2025-09-11 20:25:04Z]]
14:25:04.917 [debug] QUERY OK source="api_keys" db=0.1ms queue=0.2ms
INSERT INTO "api_keys" ("active","name","permissions","key","customer_id","inserted_at","updated_at") VALUES ($1,$2,$3,$4,$5,$6,$7) RETURNING "id" [true, "Test Key", [], "rsolv_4kwxf4YabsKuAkh2f4JL7KhbLhfyeTHXRJqUvV6lF_A", 72003, ~U[2025-09-11 20:25:04Z], ~U[2025-09-11 20:25:04Z]]
14:25:04.918 request_id=GGRULI3zcgW8fYAAABkK [info] GET /admin/customers/72003
14:25:04.918 request_id=GGRULI3zcgW8fYAAABkK [debug] Processing with RsolvWeb.Admin.CustomerLive.Show.show/2
  Parameters: %{"id" => "72003"}
  Pipelines: [:browser, :fetch_current_customer, :require_staff_customer]
14:25:04.918 request_id=GGRULI3zcgW8fYAAABkK [debug] QUERY OK source="customers" db=0.3ms
SELECT c0."id", c0."name", c0."email", c0."monthly_limit", c0."current_usage", c0."active", c0."metadata", c0."password_hash", c0."is_staff", c0."admin_level", c0."trial_fixes_used", c0."trial_fixes_limit", c0."stripe_customer_id", c0."subscription_plan", c0."subscription_status", c0."rollover_fixes", c0."payment_method_added_at", c0."trial_expired_at", c0."fixes_used_this_month", c0."fixes_quota_this_month", c0."has_payment_method", c0."inserted_at", c0."updated_at" FROM "customers" AS c0 WHERE (c0."id" = $1) [72000]
14:25:04.918 request_id=GGRULI3zcgW8fYAAABkK [debug] QUERY OK source="customers" db=0.1ms
SELECT c0."id", c0."name", c0."email", c0."monthly_limit", c0."current_usage", c0."active", c0."metadata", c0."password_hash", c0."is_staff", c0."admin_level", c0."trial_fixes_used", c0."trial_fixes_limit", c0."stripe_customer_id", c0."subscription_plan", c0."subscription_status", c0."rollover_fixes", c0."payment_method_added_at", c0."trial_expired_at", c0."fixes_used_this_month", c0."fixes_quota_this_month", c0."has_payment_method", c0."inserted_at", c0."updated_at" FROM "customers" AS c0 WHERE (c0."id" = $1) [72003]
14:25:04.919 request_id=GGRULI3zcgW8fYAAABkK [debug] QUERY OK source="api_keys" db=0.4ms
SELECT a0."id", a0."key", a0."name", a0."permissions", a0."active", a0."last_used_at", a0."expires_at", a0."customer_id", a0."inserted_at", a0."updated_at" FROM "api_keys" AS a0 WHERE (a0."customer_id" = $1) ORDER BY a0."inserted_at" DESC [72003]
14:25:04.919 request_id=GGRULI3bH6NfyOkAABiK [debug] Phoenix.Router halted in :require_staff_customer/2
14:25:04.919 request_id=GGRULI4JxNhfyOkAABmK [info] GET /admin/customers
14:25:04.919 request_id=GGRULI4JxNhfyOkAABmK [debug] Processing with RsolvWeb.Admin.CustomerLive.Index.index/2
  Parameters: %{}
  Pipelines: [:browser, :fetch_current_customer, :require_staff_customer]
14:25:04.919 request_id=GGRULI3zcgW8fYAAABkK [debug] QUERY OK source="fun_with_flags_toggles" db=0.1ms
SELECT f0."id", f0."flag_name", f0."gate_type", f0."target", f0."enabled" FROM "fun_with_flags_toggles" AS f0 WHERE (f0."flag_name" = $1) ["blog"]
14:25:04.919 request_id=GGRULI3zcgW8fYAAABkK [debug] Telemetry event: [:fun_with_flags, :persistence, :read], metadata: %{flag_name: :blog, gate: nil}, measurements: %{system_time: 1757622304919798177}
14:25:04.919 request_id=GGRULI4JxNhfyOkAABmK [debug] QUERY OK source="customers" db=0.1ms
SELECT c0."id", c0."name", c0."email", c0."monthly_limit", c0."current_usage", c0."active", c0."metadata", c0."password_hash", c0."is_staff", c0."admin_level", c0."trial_fixes_used", c0."trial_fixes_limit", c0."stripe_customer_id", c0."subscription_plan", c0."subscription_status", c0."rollover_fixes", c0."payment_method_added_at", c0."trial_expired_at", c0."fixes_used_this_month", c0."fixes_quota_this_month", c0."has_payment_method", c0."inserted_at", c0."updated_at" FROM "customers" AS c0 WHERE (c0."id" = $1) [72004]
14:25:04.920 request_id=GGRULI3zcgW8fYAAABkK [info] Sent 200 in 1ms
14:25:04.920 request_id=GGRULI4JxNhfyOkAABmK [info] Sent 302 in 479µs
14:25:04.920 request_id=GGRULI4JxNhfyOkAABmK [debug] Phoenix.Router halted in :require_staff_customer/2
.14:25:04.922 [debug] QUERY OK source="customers" db=0.2ms queue=0.1ms
INSERT INTO "customers" ("active","name","metadata","email","is_staff","subscription_plan","monthly_limit","current_usage","fixes_quota_this_month","fixes_used_this_month","has_payment_method","password_hash","rollover_fixes","subscription_status","trial_fixes_limit","trial_fixes_used","inserted_at","updated_at") VALUES ($1,$2,$3,$4,$5,$6,$7,$8,$9,$10,$11,$12,$13,$14,$15,$16,$17,$18) RETURNING "id" [true, "Test Customer", %{}, "customer-576460752303401595@example.com", false, "trial", 100, 0, 0, 0, false, "$2b$12$ejwmRJpmkwM.qR/TeH7Qeu5a34kqHSpXVVd1bAyX/.KoQcrMbt6pK", 0, "active", 5, 0, ~N[2025-09-11 20:25:04], ~N[2025-09-11 20:25:04]]
14:25:04.922 request_id=GGRULI4u5U-w5TcAAF6B [info] GET /admin/customers
14:25:04.922 request_id=GGRULI4u5U-w5TcAAF6B [debug] Processing with RsolvWeb.Admin.CustomerLive.Index.index/2
  Parameters: %{}
  Pipelines: [:browser, :fetch_current_customer, :require_staff_customer]
14:25:04.922 request_id=GGRULI4u5U-w5TcAAF6B [info] Sent 302 in 105µs
14:25:04.922 request_id=GGRULI4u5U-w5TcAAF6B [debug] Phoenix.Router halted in :require_staff_customer/2
14:25:04.922 request_id=GGRULI4yyO2w5TcAAAeW [info] GET /admin/customers
14:25:04.922 request_id=GGRULI4yyO2w5TcAAAeW [debug] Processing with RsolvWeb.Admin.CustomerLive.Index.index/2
  Parameters: %{}
  Pipelines: [:browser, :fetch_current_customer, :require_staff_customer]
14:25:04.922 request_id=GGRULI4yyO2w5TcAAAeW [debug] QUERY OK source="customers" db=0.4ms
SELECT c0."id", c0."name", c0."email", c0."monthly_limit", c0."current_usage", c0."active", c0."metadata", c0."password_hash", c0."is_staff", c0."admin_level", c0."trial_fixes_used", c0."trial_fixes_limit", c0."stripe_customer_id", c0."subscription_plan", c0."subscription_status", c0."rollover_fixes", c0."payment_method_added_at", c0."trial_expired_at", c0."fixes_used_this_month", c0."fixes_quota_this_month", c0."has_payment_method", c0."inserted_at", c0."updated_at" FROM "customers" AS c0 WHERE (c0."id" = $1) [72005]
14:25:04.922 request_id=GGRULI4yyO2w5TcAAAeW [info] Sent 302 in 662µs
14:25:04.923 request_id=GGRULI4yyO2w5TcAAAeW [debug] Phoenix.Router halted in :require_staff_customer/2
.14:25:04.924 [debug] QUERY OK source="customers" db=0.5ms queue=0.1ms
INSERT INTO "customers" ("active","name","metadata","email","is_staff","subscription_plan","monthly_limit","current_usage","fixes_quota_this_month","fixes_used_this_month","has_payment_method","password_hash","rollover_fixes","subscription_status","trial_fixes_limit","trial_fixes_used","inserted_at","updated_at") VALUES ($1,$2,$3,$4,$5,$6,$7,$8,$9,$10,$11,$12,$13,$14,$15,$16,$17,$18) RETURNING "id" [true, "Original Name", %{}, "edit@example.com", false, "trial", 100, 0, 0, 0, false, "$2b$12$k9WCa18/zJhHXJYlu9zhK.zuUB6YJsomJvM89ouClsgNHSnJP3lnC", 0, "active", 5, 0, ~N[2025-09-11 20:25:04], ~N[2025-09-11 20:25:04]]
14:25:04.924 request_id=GGRULI5XlJqkbcoAAA6M [info] GET /admin/customers/72006
14:25:04.924 request_id=GGRULI5XlJqkbcoAAA6M [debug] Processing with RsolvWeb.Admin.CustomerLive.Show.show/2
  Parameters: %{"id" => "72006"}
  Pipelines: [:browser, :fetch_current_customer, :require_staff_customer]
14:25:04.925 [debug] MOUNT RsolvWeb.Admin.CustomerLive.Show
  Parameters: %{"id" => "72003"}
  Session: %{"_csrf_token" => "Ms48EANEMV_DzDO4-Owr3nxb", "customer_token" => "e0Ngi4A5RO513mucHDDx8T5BDyq5B4bAfPz_-o3LGq8="}
14:25:04.925 [debug] Replied in 59µs
14:25:04.925 request_id=GGRULI5XlJqkbcoAAA6M [debug] QUERY OK source="customers" db=0.3ms queue=0.2ms
SELECT c0."id", c0."name", c0."email", c0."monthly_limit", c0."current_usage", c0."active", c0."metadata", c0."password_hash", c0."is_staff", c0."admin_level", c0."trial_fixes_used", c0."trial_fixes_limit", c0."stripe_customer_id", c0."subscription_plan", c0."subscription_status", c0."rollover_fixes", c0."payment_method_added_at", c0."trial_expired_at", c0."fixes_used_this_month", c0."fixes_quota_this_month", c0."has_payment_method", c0."inserted_at", c0."updated_at" FROM "customers" AS c0 WHERE (c0."id" = $1) [72002]
14:25:04.925 [debug] HANDLE PARAMS in RsolvWeb.Admin.CustomerLive.Show
  Parameters: %{"id" => "72003"}
14:25:04.925 request_id=GGRULI5XlJqkbcoAAA6M [debug] QUERY OK source="customers" db=0.1ms
SELECT c0."id", c0."name", c0."email", c0."monthly_limit", c0."current_usage", c0."active", c0."metadata", c0."password_hash", c0."is_staff", c0."admin_level", c0."trial_fixes_used", c0."trial_fixes_limit", c0."stripe_customer_id", c0."subscription_plan", c0."subscription_status", c0."rollover_fixes", c0."payment_method_added_at", c0."trial_expired_at", c0."fixes_used_this_month", c0."fixes_quota_this_month", c0."has_payment_method", c0."inserted_at", c0."updated_at" FROM "customers" AS c0 WHERE (c0."id" = $1) [72006]
14:25:04.925 [debug] QUERY OK source="customers" db=0.2ms
SELECT c0."id", c0."name", c0."email", c0."monthly_limit", c0."current_usage", c0."active", c0."metadata", c0."password_hash", c0."is_staff", c0."admin_level", c0."trial_fixes_used", c0."trial_fixes_limit", c0."stripe_customer_id", c0."subscription_plan", c0."subscription_status", c0."rollover_fixes", c0."payment_method_added_at", c0."trial_expired_at", c0."fixes_used_this_month", c0."fixes_quota_this_month", c0."has_payment_method", c0."inserted_at", c0."updated_at" FROM "customers" AS c0 WHERE (c0."id" = $1) [72003]
14:25:04.926 request_id=GGRULI5XlJqkbcoAAA6M [debug] QUERY OK source="api_keys" db=0.4ms
SELECT a0."id", a0."key", a0."name", a0."permissions", a0."active", a0."last_used_at", a0."expires_at", a0."customer_id", a0."inserted_at", a0."updated_at" FROM "api_keys" AS a0 WHERE (a0."customer_id" = $1) ORDER BY a0."inserted_at" DESC [72006]
14:25:04.926 [debug] QUERY OK source="api_keys" db=0.4ms
SELECT a0."id", a0."key", a0."name", a0."permissions", a0."active", a0."last_used_at", a0."expires_at", a0."customer_id", a0."inserted_at", a0."updated_at" FROM "api_keys" AS a0 WHERE (a0."customer_id" = $1) ORDER BY a0."inserted_at" DESC [72003]
14:25:04.926 [debug] Replied in 1ms
14:25:04.927 request_id=GGRULI5XlJqkbcoAAA6M [debug] QUERY OK source="fun_with_flags_toggles" db=0.5ms
SELECT f0."id", f0."flag_name", f0."gate_type", f0."target", f0."enabled" FROM "fun_with_flags_toggles" AS f0 WHERE (f0."flag_name" = $1) ["blog"]
14:25:04.927 [debug] QUERY OK source="fun_with_flags_toggles" db=0.5ms
SELECT f0."id", f0."flag_name", f0."gate_type", f0."target", f0."enabled" FROM "fun_with_flags_toggles" AS f0 WHERE (f0."flag_name" = $1) ["blog"]
14:25:04.927 request_id=GGRULI5XlJqkbcoAAA6M [debug] Telemetry event: [:fun_with_flags, :persistence, :read], metadata: %{flag_name: :blog, gate: nil}, measurements: %{system_time: 1757622304927246485}
14:25:04.927 [debug] Telemetry event: [:fun_with_flags, :persistence, :read], metadata: %{flag_name: :blog, gate: nil}, measurements: %{system_time: 1757622304927262689}
14:25:04.927 request_id=GGRULI5XlJqkbcoAAA6M [info] Sent 200 in 2ms
.14:25:04.933 [debug] MOUNT RsolvWeb.Admin.CustomerLive.Show
  Parameters: %{"id" => "72006"}
  Session: %{"_csrf_token" => "sIyjv3qJcoi01BVK0h5lYm0j", "customer_token" => "arLTqaC63ZhfO98mPEKGlf1ztPjkUpN6ZvJSR2fSRVk="}
14:25:04.933 [debug] Replied in 86µs
14:25:04.933 [debug] HANDLE PARAMS in RsolvWeb.Admin.CustomerLive.Show
  Parameters: %{"id" => "72006"}
14:25:04.934 [debug] QUERY OK source="customers" db=0.7ms queue=0.1ms
SELECT c0."id", c0."name", c0."email", c0."monthly_limit", c0."current_usage", c0."active", c0."metadata", c0."password_hash", c0."is_staff", c0."admin_level", c0."trial_fixes_used", c0."trial_fixes_limit", c0."stripe_customer_id", c0."subscription_plan", c0."subscription_status", c0."rollover_fixes", c0."payment_method_added_at", c0."trial_expired_at", c0."fixes_used_this_month", c0."fixes_quota_this_month", c0."has_payment_method", c0."inserted_at", c0."updated_at" FROM "customers" AS c0 WHERE (c0."id" = $1) [72006]
14:25:04.935 [debug] QUERY OK source="api_keys" db=0.3ms queue=0.1ms
SELECT a0."id", a0."key", a0."name", a0."permissions", a0."active", a0."last_used_at", a0."expires_at", a0."customer_id", a0."inserted_at", a0."updated_at" FROM "api_keys" AS a0 WHERE (a0."customer_id" = $1) ORDER BY a0."inserted_at" DESC [72006]
14:25:04.935 [debug] Replied in 1ms
14:25:04.935 [debug] QUERY OK source="fun_with_flags_toggles" db=0.2ms
SELECT f0."id", f0."flag_name", f0."gate_type", f0."target", f0."enabled" FROM "fun_with_flags_toggles" AS f0 WHERE (f0."flag_name" = $1) ["blog"]
14:25:04.935 [debug] Telemetry event: [:fun_with_flags, :persistence, :read], metadata: %{flag_name: :blog, gate: nil}, measurements: %{system_time: 1757622304935877230}
14:25:04.937 [debug] HANDLE EVENT "open_edit_modal" in RsolvWeb.Admin.CustomerLive.Show
  Parameters: %{}
14:25:04.937 [debug] Replied in 94µs
14:25:04.938 [debug] QUERY OK source="fun_with_flags_toggles" db=0.1ms
SELECT f0."id", f0."flag_name", f0."gate_type", f0."target", f0."enabled" FROM "fun_with_flags_toggles" AS f0 WHERE (f0."flag_name" = $1) ["blog"]
14:25:04.938 [debug] Telemetry event: [:fun_with_flags, :persistence, :read], metadata: %{flag_name: :blog, gate: nil}, measurements: %{system_time: 1757622304938166883}
.14:25:04.953 request_id=GGRULIe2lgPhhcgAAEaG [debug] QUERY OK source="fun_with_flags_toggles" db=0.2ms
SELECT f0."id", f0."flag_name", f0."gate_type", f0."target", f0."enabled" FROM "fun_with_flags_toggles" AS f0 WHERE (f0."flag_name" = $1) ["blog"]
14:25:04.953 request_id=GGRULIe2lgPhhcgAAEaG [debug] Telemetry event: [:fun_with_flags, :persistence, :read], metadata: %{flag_name: :blog, gate: nil}, measurements: %{system_time: 1757622304953138825}
14:25:04.953 request_id=GGRULIe2lgPhhcgAAEaG [info] Sent 200 in 139ms
14:25:04.953 request_id=GGRULJAMMI3hhcgAAF-B [info] POST /admin/login
14:25:04.953 request_id=GGRULJAMMI3hhcgAAF-B [debug] Processing with RsolvWeb.Admin.SessionController.create/2
  Parameters: %{"session" => %{"email" => "rate-limit-test2@example.com", "password" => "[FILTERED]"}}
  Pipelines: [:browser]
14:25:04.953 request_id=GGRULJAMMI3hhcgAAF-B [debug] QUERY OK source="customers" db=0.1ms
SELECT c0."id", c0."name", c0."email", c0."monthly_limit", c0."current_usage", c0."active", c0."metadata", c0."password_hash", c0."is_staff", c0."admin_level", c0."trial_fixes_used", c0."trial_fixes_limit", c0."stripe_customer_id", c0."subscription_plan", c0."subscription_status", c0."rollover_fixes", c0."payment_method_added_at", c0."trial_expired_at", c0."fixes_used_this_month", c0."fixes_quota_this_month", c0."has_payment_method", c0."inserted_at", c0."updated_at" FROM "customers" AS c0 WHERE (c0."email" = $1) ["rate-limit-test2@example.com"]
14:25:05.061 [debug] QUERY OK source="customers" db=0.2ms
INSERT INTO "customers" ("active","name","metadata","email","is_staff","subscription_plan","monthly_limit","current_usage","fixes_quota_this_month","fixes_used_this_month","has_payment_method","password_hash","rollover_fixes","subscription_status","trial_fixes_limit","trial_fixes_used","inserted_at","updated_at") VALUES ($1,$2,$3,$4,$5,$6,$7,$8,$9,$10,$11,$12,$13,$14,$15,$16,$17,$18) RETURNING "id" [true, "Staff Member", %{}, "customer-576460752303418605@example.com", true, "trial", 100, 0, 0, 0, false, "$2b$12$dm7meTz6e.p546rSXTBzMeDCjdT05n/Z5xa9NkzXvbSYZrOKkzrbG", 0, "active", 5, 0, ~N[2025-09-11 20:25:05], ~N[2025-09-11 20:25:05]]
14:25:05.076 [debug] QUERY OK source="customers" db=0.3ms queue=0.3ms
INSERT INTO "customers" ("active","name","metadata","email","is_staff","subscription_plan","monthly_limit","current_usage","fixes_quota_this_month","fixes_used_this_month","has_payment_method","password_hash","rollover_fixes","subscription_status","trial_fixes_limit","trial_fixes_used","inserted_at","updated_at") VALUES ($1,$2,$3,$4,$5,$6,$7,$8,$9,$10,$11,$12,$13,$14,$15,$16,$17,$18) RETURNING "id" [true, "Staff Member", %{}, "customer-576460752303399167@example.com", true, "trial", 100, 0, 0, 0, false, "$2b$12$SLbFGYZQUANgjla6zAR6HejHEa.J61f.6VbQ1x7MsJ7qK0zEdqw9q", 0, "active", 5, 0, ~N[2025-09-11 20:25:05], ~N[2025-09-11 20:25:05]]
14:25:05.089 request_id=GGRULJAMMI3hhcgAAF-B [debug] QUERY OK source="fun_with_flags_toggles" db=0.1ms
SELECT f0."id", f0."flag_name", f0."gate_type", f0."target", f0."enabled" FROM "fun_with_flags_toggles" AS f0 WHERE (f0."flag_name" = $1) ["blog"]
14:25:05.089 request_id=GGRULJAMMI3hhcgAAF-B [debug] Telemetry event: [:fun_with_flags, :persistence, :read], metadata: %{flag_name: :blog, gate: nil}, measurements: %{system_time: 1757622305089779425}
14:25:05.089 request_id=GGRULJAMMI3hhcgAAF-B [info] Sent 200 in 136ms
14:25:05.089 request_id=GGRULJgv_5zhhcgAAFaF [info] POST /admin/login
14:25:05.089 request_id=GGRULJgv_5zhhcgAAFaF [debug] Processing with RsolvWeb.Admin.SessionController.create/2
  Parameters: %{"session" => %{"email" => "rate-limit-test2@example.com", "password" => "[FILTERED]"}}
  Pipelines: [:browser]
14:25:05.090 request_id=GGRULJgv_5zhhcgAAFaF [debug] QUERY OK source="customers" db=0.1ms
SELECT c0."id", c0."name", c0."email", c0."monthly_limit", c0."current_usage", c0."active", c0."metadata", c0."password_hash", c0."is_staff", c0."admin_level", c0."trial_fixes_used", c0."trial_fixes_limit", c0."stripe_customer_id", c0."subscription_plan", c0."subscription_status", c0."rollover_fixes", c0."payment_method_added_at", c0."trial_expired_at", c0."fixes_used_this_month", c0."fixes_quota_this_month", c0."has_payment_method", c0."inserted_at", c0."updated_at" FROM "customers" AS c0 WHERE (c0."email" = $1) ["rate-limit-test2@example.com"]
14:25:05.198 [debug] QUERY OK source="customers" db=0.3ms
INSERT INTO "customers" ("active","name","metadata","email","is_staff","subscription_plan","monthly_limit","current_usage","fixes_quota_this_month","fixes_used_this_month","has_payment_method","password_hash","rollover_fixes","subscription_status","trial_fixes_limit","trial_fixes_used","inserted_at","updated_at") VALUES ($1,$2,$3,$4,$5,$6,$7,$8,$9,$10,$11,$12,$13,$14,$15,$16,$17,$18) RETURNING "id" [true, "Test Customer 1", %{}, "test1@example.com", false, "trial", 100, 0, 0, 0, false, "$2b$12$Z1kRW59VkfKIDKHjJX1Id.eRsmN1u4w/rT27qFWQ1.nQI..oNY83W", 0, "active", 5, 0, ~N[2025-09-11 20:25:05], ~N[2025-09-11 20:25:05]]
14:25:05.213 [debug] QUERY OK source="customers" db=0.3ms
INSERT INTO "customers" ("active","name","metadata","email","is_staff","subscription_plan","monthly_limit","current_usage","fixes_quota_this_month","fixes_used_this_month","has_payment_method","password_hash","rollover_fixes","subscription_status","trial_fixes_limit","trial_fixes_used","inserted_at","updated_at") VALUES ($1,$2,$3,$4,$5,$6,$7,$8,$9,$10,$11,$12,$13,$14,$15,$16,$17,$18) RETURNING "id" [true, "Original Name", %{}, "edit@example.com", false, "trial", 100, 0, 0, 0, false, "$2b$12$geqfCsJu9Wv7UV4TQKFjFeNrP1P.1pSTJWa3M/NoDgCfyQQS.Atyi", 0, "active", 5, 0, ~N[2025-09-11 20:25:05], ~N[2025-09-11 20:25:05]]
14:25:05.213 request_id=GGRULJ-QdxGg1KIAADQI [info] GET /admin/customers/72010
14:25:05.213 request_id=GGRULJ-QdxGg1KIAADQI [debug] Processing with RsolvWeb.Admin.CustomerLive.Show.show/2
  Parameters: %{"id" => "72010"}
  Pipelines: [:browser, :fetch_current_customer, :require_staff_customer]
14:25:05.214 request_id=GGRULJ-QdxGg1KIAADQI [debug] QUERY OK source="customers" db=0.3ms
SELECT c0."id", c0."name", c0."email", c0."monthly_limit", c0."current_usage", c0."active", c0."metadata", c0."password_hash", c0."is_staff", c0."admin_level", c0."trial_fixes_used", c0."trial_fixes_limit", c0."stripe_customer_id", c0."subscription_plan", c0."subscription_status", c0."rollover_fixes", c0."payment_method_added_at", c0."trial_expired_at", c0."fixes_used_this_month", c0."fixes_quota_this_month", c0."has_payment_method", c0."inserted_at", c0."updated_at" FROM "customers" AS c0 WHERE (c0."id" = $1) [72008]
14:25:05.214 request_id=GGRULJ-QdxGg1KIAADQI [debug] QUERY OK source="customers" db=0.1ms
SELECT c0."id", c0."name", c0."email", c0."monthly_limit", c0."current_usage", c0."active", c0."metadata", c0."password_hash", c0."is_staff", c0."admin_level", c0."trial_fixes_used", c0."trial_fixes_limit", c0."stripe_customer_id", c0."subscription_plan", c0."subscription_status", c0."rollover_fixes", c0."payment_method_added_at", c0."trial_expired_at", c0."fixes_used_this_month", c0."fixes_quota_this_month", c0."has_payment_method", c0."inserted_at", c0."updated_at" FROM "customers" AS c0 WHERE (c0."id" = $1) [72010]
14:25:05.214 request_id=GGRULJ-QdxGg1KIAADQI [debug] QUERY OK source="api_keys" db=0.2ms
SELECT a0."id", a0."key", a0."name", a0."permissions", a0."active", a0."last_used_at", a0."expires_at", a0."customer_id", a0."inserted_at", a0."updated_at" FROM "api_keys" AS a0 WHERE (a0."customer_id" = $1) ORDER BY a0."inserted_at" DESC [72010]
14:25:05.214 request_id=GGRULJ-QdxGg1KIAADQI [debug] QUERY OK source="fun_with_flags_toggles" db=0.0ms
SELECT f0."id", f0."flag_name", f0."gate_type", f0."target", f0."enabled" FROM "fun_with_flags_toggles" AS f0 WHERE (f0."flag_name" = $1) ["blog"]
14:25:05.214 request_id=GGRULJ-QdxGg1KIAADQI [debug] Telemetry event: [:fun_with_flags, :persistence, :read], metadata: %{flag_name: :blog, gate: nil}, measurements: %{system_time: 1757622305214972815}
14:25:05.215 request_id=GGRULJ-QdxGg1KIAADQI [info] Sent 200 in 1ms
14:25:05.215 [debug] MOUNT RsolvWeb.Admin.CustomerLive.Show
  Parameters: %{"id" => "72010"}
  Session: %{"_csrf_token" => "E8StW83gP2Rau-lhHZ_iI1XO", "customer_token" => "LiVLXhZNlIVHaS8Db5ytK7ZQkkevaIu-NPWq0YznKgs="}
14:25:05.215 [debug] Replied in 29µs
14:25:05.215 [debug] HANDLE PARAMS in RsolvWeb.Admin.CustomerLive.Show
  Parameters: %{"id" => "72010"}
14:25:05.215 [debug] QUERY OK source="customers" db=0.1ms
SELECT c0."id", c0."name", c0."email", c0."monthly_limit", c0."current_usage", c0."active", c0."metadata", c0."password_hash", c0."is_staff", c0."admin_level", c0."trial_fixes_used", c0."trial_fixes_limit", c0."stripe_customer_id", c0."subscription_plan", c0."subscription_status", c0."rollover_fixes", c0."payment_method_added_at", c0."trial_expired_at", c0."fixes_used_this_month", c0."fixes_quota_this_month", c0."has_payment_method", c0."inserted_at", c0."updated_at" FROM "customers" AS c0 WHERE (c0."id" = $1) [72010]
14:25:05.215 [debug] QUERY OK source="api_keys" db=0.0ms
SELECT a0."id", a0."key", a0."name", a0."permissions", a0."active", a0."last_used_at", a0."expires_at", a0."customer_id", a0."inserted_at", a0."updated_at" FROM "api_keys" AS a0 WHERE (a0."customer_id" = $1) ORDER BY a0."inserted_at" DESC [72010]
14:25:05.215 [debug] Replied in 284µs
14:25:05.215 [debug] QUERY OK source="fun_with_flags_toggles" db=0.0ms
SELECT f0."id", f0."flag_name", f0."gate_type", f0."target", f0."enabled" FROM "fun_with_flags_toggles" AS f0 WHERE (f0."flag_name" = $1) ["blog"]
14:25:05.216 [debug] Telemetry event: [:fun_with_flags, :persistence, :read], metadata: %{flag_name: :blog, gate: nil}, measurements: %{system_time: 1757622305216001273}
14:25:05.216 [debug] HANDLE EVENT "open_edit_modal" in RsolvWeb.Admin.CustomerLive.Show
  Parameters: %{}
14:25:05.216 [debug] Replied in 33µs
14:25:05.216 [debug] QUERY OK source="fun_with_flags_toggles" db=0.1ms
SELECT f0."id", f0."flag_name", f0."gate_type", f0."target", f0."enabled" FROM "fun_with_flags_toggles" AS f0 WHERE (f0."flag_name" = $1) ["blog"]
14:25:05.216 [debug] Telemetry event: [:fun_with_flags, :persistence, :read], metadata: %{flag_name: :blog, gate: nil}, measurements: %{system_time: 1757622305216818466}
14:25:05.217 [debug] HANDLE EVENT "save_customer" in RsolvWeb.Admin.CustomerLive.Show
  Parameters: %{"customer" => %{"active" => "true", "email" => "edit@example.com", "monthly_limit" => "100", "name" => "Success Test"}}
14:25:05.218 [debug] QUERY OK source="customers" db=0.1ms queue=0.1ms
UPDATE "customers" SET "name" = $1, "updated_at" = $2 WHERE "id" = $3 ["Success Test", ~N[2025-09-11 20:25:05], 72010]
14:25:05.218 [debug] QUERY OK source="api_keys" db=0.1ms
SELECT a0."id", a0."key", a0."name", a0."permissions", a0."active", a0."last_used_at", a0."expires_at", a0."customer_id", a0."inserted_at", a0."updated_at" FROM "api_keys" AS a0 WHERE (a0."customer_id" = $1) ORDER BY a0."inserted_at" DESC [72010]
14:25:05.218 [debug] Replied in 624µs
14:25:05.218 [debug] QUERY OK source="fun_with_flags_toggles" db=0.0ms
SELECT f0."id", f0."flag_name", f0."gate_type", f0."target", f0."enabled" FROM "fun_with_flags_toggles" AS f0 WHERE (f0."flag_name" = $1) ["blog"]
14:25:05.218 [debug] Telemetry event: [:fun_with_flags, :persistence, :read], metadata: %{flag_name: :blog, gate: nil}, measurements: %{system_time: 1757622305218451422}
.14:25:05.226 request_id=GGRULJgv_5zhhcgAAFaF [debug] QUERY OK source="fun_with_flags_toggles" db=0.1ms
SELECT f0."id", f0."flag_name", f0."gate_type", f0."target", f0."enabled" FROM "fun_with_flags_toggles" AS f0 WHERE (f0."flag_name" = $1) ["blog"]
14:25:05.226 request_id=GGRULJgv_5zhhcgAAFaF [debug] Telemetry event: [:fun_with_flags, :persistence, :read], metadata: %{flag_name: :blog, gate: nil}, measurements: %{system_time: 1757622305226450367}
14:25:05.226 request_id=GGRULJgv_5zhhcgAAFaF [info] Sent 200 in 136ms
14:25:05.226 request_id=GGRULKBVBwzhhcgAAFcF [info] POST /admin/login
14:25:05.226 request_id=GGRULKBVBwzhhcgAAFcF [debug] Processing with RsolvWeb.Admin.SessionController.create/2
  Parameters: %{"session" => %{"email" => "rate-limit-test2@example.com", "password" => "[FILTERED]"}}
  Pipelines: [:browser]
14:25:05.226 request_id=GGRULKBVBwzhhcgAAFcF [debug] QUERY OK source="customers" db=0.1ms
SELECT c0."id", c0."name", c0."email", c0."monthly_limit", c0."current_usage", c0."active", c0."metadata", c0."password_hash", c0."is_staff", c0."admin_level", c0."trial_fixes_used", c0."trial_fixes_limit", c0."stripe_customer_id", c0."subscription_plan", c0."subscription_status", c0."rollover_fixes", c0."payment_method_added_at", c0."trial_expired_at", c0."fixes_used_this_month", c0."fixes_quota_this_month", c0."has_payment_method", c0."inserted_at", c0."updated_at" FROM "customers" AS c0 WHERE (c0."email" = $1) ["rate-limit-test2@example.com"]
14:25:05.334 [debug] QUERY OK source="customers" db=0.2ms
INSERT INTO "customers" ("active","name","metadata","email","is_staff","subscription_plan","monthly_limit","current_usage","fixes_quota_this_month","fixes_used_this_month","has_payment_method","password_hash","rollover_fixes","subscription_status","trial_fixes_limit","trial_fixes_used","inserted_at","updated_at") VALUES ($1,$2,$3,$4,$5,$6,$7,$8,$9,$10,$11,$12,$13,$14,$15,$16,$17,$18) RETURNING "id" [true, "Test Customer 2", %{}, "test2@example.com", false, "trial", 100, 0, 0, 0, false, "$2b$12$MsH6BBQaHSFJnzzLytz4Bun6/UMkgdcWCacEHaGPwD7Stqr87R2Du", 0, "active", 5, 0, ~N[2025-09-11 20:25:05], ~N[2025-09-11 20:25:05]]
14:25:05.334 request_id=GGRULKbGTclZqL0AAHYC [info] GET /admin/customers
14:25:05.334 request_id=GGRULKbGTclZqL0AAHYC [debug] Processing with RsolvWeb.Admin.CustomerLive.Index.index/2
  Parameters: %{}
  Pipelines: [:browser, :fetch_current_customer, :require_staff_customer]
14:25:05.335 request_id=GGRULKbGTclZqL0AAHYC [debug] QUERY OK source="customers" db=0.2ms
SELECT c0."id", c0."name", c0."email", c0."monthly_limit", c0."current_usage", c0."active", c0."metadata", c0."password_hash", c0."is_staff", c0."admin_level", c0."trial_fixes_used", c0."trial_fixes_limit", c0."stripe_customer_id", c0."subscription_plan", c0."subscription_status", c0."rollover_fixes", c0."payment_method_added_at", c0."trial_expired_at", c0."fixes_used_this_month", c0."fixes_quota_this_month", c0."has_payment_method", c0."inserted_at", c0."updated_at" FROM "customers" AS c0 WHERE (c0."id" = $1) [72007]
14:25:05.335 request_id=GGRULKbGTclZqL0AAHYC [debug] QUERY OK source="customers" db=0.2ms
SELECT count(*) FROM "customers" AS c0 []
14:25:05.335 request_id=GGRULKbGTclZqL0AAHYC [debug] QUERY OK source="customers" db=0.2ms
SELECT c0."id", c0."name", c0."email", c0."monthly_limit", c0."current_usage", c0."active", c0."metadata", c0."password_hash", c0."is_staff", c0."admin_level", c0."trial_fixes_used", c0."trial_fixes_limit", c0."stripe_customer_id", c0."subscription_plan", c0."subscription_status", c0."rollover_fixes", c0."payment_method_added_at", c0."trial_expired_at", c0."fixes_used_this_month", c0."fixes_quota_this_month", c0."has_payment_method", c0."inserted_at", c0."updated_at" FROM "customers" AS c0 ORDER BY c0."inserted_at" DESC LIMIT 20 OFFSET $1 [0]
14:25:05.335 request_id=GGRULKbGTclZqL0AAHYC [debug] QUERY OK source="fun_with_flags_toggles" db=0.0ms
SELECT f0."id", f0."flag_name", f0."gate_type", f0."target", f0."enabled" FROM "fun_with_flags_toggles" AS f0 WHERE (f0."flag_name" = $1) ["blog"]
14:25:05.335 request_id=GGRULKbGTclZqL0AAHYC [debug] Telemetry event: [:fun_with_flags, :persistence, :read], metadata: %{flag_name: :blog, gate: nil}, measurements: %{system_time: 1757622305335709393}
14:25:05.335 request_id=GGRULKbGTclZqL0AAHYC [info] Sent 200 in 1ms
14:25:05.336 [debug] MOUNT RsolvWeb.Admin.CustomerLive.Index
  Parameters: %{}
  Session: %{"_csrf_token" => "rvEvMW7Zw5c6TuJifhn-50Kr", "customer_token" => "xkGrsVQ8ijp_Il40R_weP6cBfoX-XTirYyPEUVLabQI="}
14:25:05.336 [debug] Replied in 47µs
14:25:05.336 [debug] HANDLE PARAMS in RsolvWeb.Admin.CustomerLive.Index
  Parameters: %{}
14:25:05.336 [debug] QUERY OK source="customers" db=0.1ms
SELECT count(*) FROM "customers" AS c0 []
14:25:05.336 [debug] QUERY OK source="customers" db=0.0ms
SELECT c0."id", c0."name", c0."email", c0."monthly_limit", c0."current_usage", c0."active", c0."metadata", c0."password_hash", c0."is_staff", c0."admin_level", c0."trial_fixes_used", c0."trial_fixes_limit", c0."stripe_customer_id", c0."subscription_plan", c0."subscription_status", c0."rollover_fixes", c0."payment_method_added_at", c0."trial_expired_at", c0."fixes_used_this_month", c0."fixes_quota_this_month", c0."has_payment_method", c0."inserted_at", c0."updated_at" FROM "customers" AS c0 ORDER BY c0."inserted_at" DESC LIMIT 20 OFFSET $1 [0]
14:25:05.336 [debug] Replied in 374µs
14:25:05.336 [debug] QUERY OK source="fun_with_flags_toggles" db=0.0ms
SELECT f0."id", f0."flag_name", f0."gate_type", f0."target", f0."enabled" FROM "fun_with_flags_toggles" AS f0 WHERE (f0."flag_name" = $1) ["blog"]
14:25:05.336 [debug] Telemetry event: [:fun_with_flags, :persistence, :read], metadata: %{flag_name: :blog, gate: nil}, measurements: %{system_time: 1757622305336946740}
.14:25:05.355 [debug] QUERY OK source="customers" db=0.2ms
INSERT INTO "customers" ("active","name","metadata","email","is_staff","subscription_plan","monthly_limit","current_usage","fixes_quota_this_month","fixes_used_this_month","has_payment_method","password_hash","rollover_fixes","subscription_status","trial_fixes_limit","trial_fixes_used","inserted_at","updated_at") VALUES ($1,$2,$3,$4,$5,$6,$7,$8,$9,$10,$11,$12,$13,$14,$15,$16,$17,$18) RETURNING "id" [true, "Staff Member", %{}, "customer-576460752303409912@example.com", true, "trial", 100, 0, 0, 0, false, "$2b$12$P0NACHOO5hsZyfyIYO1dIekql4ZDYFbfVSQ8tSzmzEPqyXDhHkKby", 0, "active", 5, 0, ~N[2025-09-11 20:25:05], ~N[2025-09-11 20:25:05]]
14:25:05.362 request_id=GGRULKBVBwzhhcgAAFcF [debug] QUERY OK source="fun_with_flags_toggles" db=0.1ms
SELECT f0."id", f0."flag_name", f0."gate_type", f0."target", f0."enabled" FROM "fun_with_flags_toggles" AS f0 WHERE (f0."flag_name" = $1) ["blog"]
14:25:05.362 request_id=GGRULKBVBwzhhcgAAFcF [debug] Telemetry event: [:fun_with_flags, :persistence, :read], metadata: %{flag_name: :blog, gate: nil}, measurements: %{system_time: 1757622305362793442}
14:25:05.362 request_id=GGRULKBVBwzhhcgAAFcF [info] Sent 200 in 136ms
14:25:05.362 request_id=GGRULKh1rHjhhcgAACwH [info] POST /admin/login
14:25:05.362 request_id=GGRULKh1rHjhhcgAACwH [debug] Processing with RsolvWeb.Admin.SessionController.create/2
  Parameters: %{"session" => %{"email" => "rate-limit-test2@example.com", "password" => "[FILTERED]"}}
  Pipelines: [:browser]
14:25:05.363 request_id=GGRULKh1rHjhhcgAACwH [debug] QUERY OK source="customers" db=0.2ms
SELECT c0."id", c0."name", c0."email", c0."monthly_limit", c0."current_usage", c0."active", c0."metadata", c0."password_hash", c0."is_staff", c0."admin_level", c0."trial_fixes_used", c0."trial_fixes_limit", c0."stripe_customer_id", c0."subscription_plan", c0."subscription_status", c0."rollover_fixes", c0."payment_method_added_at", c0."trial_expired_at", c0."fixes_used_this_month", c0."fixes_quota_this_month", c0."has_payment_method", c0."inserted_at", c0."updated_at" FROM "customers" AS c0 WHERE (c0."email" = $1) ["rate-limit-test2@example.com"]
14:25:05.474 [debug] QUERY OK source="customers" db=0.4ms
INSERT INTO "customers" ("active","name","metadata","email","is_staff","subscription_plan","monthly_limit","current_usage","fixes_quota_this_month","fixes_used_this_month","has_payment_method","password_hash","rollover_fixes","subscription_status","trial_fixes_limit","trial_fixes_used","inserted_at","updated_at") VALUES ($1,$2,$3,$4,$5,$6,$7,$8,$9,$10,$11,$12,$13,$14,$15,$16,$17,$18) RETURNING "id" [true, "Staff Member", %{}, "customer-576460752303398911@example.com", true, "trial", 100, 0, 0, 0, false, "$2b$12$u78qn6GK2RvMwXHVa7oEGOi.V4274UjYDRAZHmmfipRq6/4mtyP76", 0, "active", 5, 0, ~N[2025-09-11 20:25:05], ~N[2025-09-11 20:25:05]]
14:25:05.492 [debug] QUERY OK source="customers" db=0.3ms
INSERT INTO "customers" ("active","name","metadata","email","is_staff","subscription_plan","monthly_limit","current_usage","fixes_quota_this_month","fixes_used_this_month","has_payment_method","password_hash","rollover_fixes","subscription_status","trial_fixes_limit","trial_fixes_used","inserted_at","updated_at") VALUES ($1,$2,$3,$4,$5,$6,$7,$8,$9,$10,$11,$12,$13,$14,$15,$16,$17,$18) RETURNING "id" [true, "Original Name", %{}, "edit@example.com", false, "trial", 100, 0, 0, 0, false, "$2b$12$C.4xCiLqwmAdk0hxXFCkM.ap93t44cHgHNYfidZv1HOOBBfoadSiK", 0, "active", 5, 0, ~N[2025-09-11 20:25:05], ~N[2025-09-11 20:25:05]]
14:25:05.492 request_id=GGRULLAq78qEMIsAAFgF [info] GET /admin/customers/72014
14:25:05.492 request_id=GGRULLAq78qEMIsAAFgF [debug] Processing with RsolvWeb.Admin.CustomerLive.Show.show/2
  Parameters: %{"id" => "72014"}
  Pipelines: [:browser, :fetch_current_customer, :require_staff_customer]
14:25:05.492 request_id=GGRULLAq78qEMIsAAFgF [debug] QUERY OK source="customers" db=0.1ms
SELECT c0."id", c0."name", c0."email", c0."monthly_limit", c0."current_usage", c0."active", c0."metadata", c0."password_hash", c0."is_staff", c0."admin_level", c0."trial_fixes_used", c0."trial_fixes_limit", c0."stripe_customer_id", c0."subscription_plan", c0."subscription_status", c0."rollover_fixes", c0."payment_method_added_at", c0."trial_expired_at", c0."fixes_used_this_month", c0."fixes_quota_this_month", c0."has_payment_method", c0."inserted_at", c0."updated_at" FROM "customers" AS c0 WHERE (c0."id" = $1) [72012]
14:25:05.492 request_id=GGRULLAq78qEMIsAAFgF [debug] QUERY OK source="customers" db=0.1ms
SELECT c0."id", c0."name", c0."email", c0."monthly_limit", c0."current_usage", c0."active", c0."metadata", c0."password_hash", c0."is_staff", c0."admin_level", c0."trial_fixes_used", c0."trial_fixes_limit", c0."stripe_customer_id", c0."subscription_plan", c0."subscription_status", c0."rollover_fixes", c0."payment_method_added_at", c0."trial_expired_at", c0."fixes_used_this_month", c0."fixes_quota_this_month", c0."has_payment_method", c0."inserted_at", c0."updated_at" FROM "customers" AS c0 WHERE (c0."id" = $1) [72014]
14:25:05.493 request_id=GGRULLAq78qEMIsAAFgF [debug] QUERY OK source="api_keys" db=0.1ms
SELECT a0."id", a0."key", a0."name", a0."permissions", a0."active", a0."last_used_at", a0."expires_at", a0."customer_id", a0."inserted_at", a0."updated_at" FROM "api_keys" AS a0 WHERE (a0."customer_id" = $1) ORDER BY a0."inserted_at" DESC [72014]
14:25:05.493 request_id=GGRULLAq78qEMIsAAFgF [debug] QUERY OK source="fun_with_flags_toggles" db=0.0ms
SELECT f0."id", f0."flag_name", f0."gate_type", f0."target", f0."enabled" FROM "fun_with_flags_toggles" AS f0 WHERE (f0."flag_name" = $1) ["blog"]
14:25:05.493 request_id=GGRULLAq78qEMIsAAFgF [debug] Telemetry event: [:fun_with_flags, :persistence, :read], metadata: %{flag_name: :blog, gate: nil}, measurements: %{system_time: 1757622305493217660}
14:25:05.493 request_id=GGRULLAq78qEMIsAAFgF [info] Sent 200 in 1ms
14:25:05.493 [debug] MOUNT RsolvWeb.Admin.CustomerLive.Show
  Parameters: %{"id" => "72014"}
  Session: %{"_csrf_token" => "KGgGRZWod6dAlGD7k3_vxpty", "customer_token" => "jGvIGEJqeYf5Tc3rXUN_TPGAMBCrCft9Yq0AXzAPPjI="}
14:25:05.493 [debug] Replied in 31µs
14:25:05.493 [debug] HANDLE PARAMS in RsolvWeb.Admin.CustomerLive.Show
  Parameters: %{"id" => "72014"}
14:25:05.494 [debug] QUERY OK source="customers" db=0.1ms
SELECT c0."id", c0."name", c0."email", c0."monthly_limit", c0."current_usage", c0."active", c0."metadata", c0."password_hash", c0."is_staff", c0."admin_level", c0."trial_fixes_used", c0."trial_fixes_limit", c0."stripe_customer_id", c0."subscription_plan", c0."subscription_status", c0."rollover_fixes", c0."payment_method_added_at", c0."trial_expired_at", c0."fixes_used_this_month", c0."fixes_quota_this_month", c0."has_payment_method", c0."inserted_at", c0."updated_at" FROM "customers" AS c0 WHERE (c0."id" = $1) [72014]
14:25:05.494 [debug] QUERY OK source="api_keys" db=0.0ms
SELECT a0."id", a0."key", a0."name", a0."permissions", a0."active", a0."last_used_at", a0."expires_at", a0."customer_id", a0."inserted_at", a0."updated_at" FROM "api_keys" AS a0 WHERE (a0."customer_id" = $1) ORDER BY a0."inserted_at" DESC [72014]
14:25:05.494 [debug] Replied in 356µs
14:25:05.494 [debug] QUERY OK source="fun_with_flags_toggles" db=0.0ms
SELECT f0."id", f0."flag_name", f0."gate_type", f0."target", f0."enabled" FROM "fun_with_flags_toggles" AS f0 WHERE (f0."flag_name" = $1) ["blog"]
14:25:05.494 [debug] Telemetry event: [:fun_with_flags, :persistence, :read], metadata: %{flag_name: :blog, gate: nil}, measurements: %{system_time: 1757622305494362212}
14:25:05.494 [debug] HANDLE EVENT "open_edit_modal" in RsolvWeb.Admin.CustomerLive.Show
  Parameters: %{}
14:25:05.495 [debug] Replied in 36µs
14:25:05.495 [debug] QUERY OK source="fun_with_flags_toggles" db=0.1ms
SELECT f0."id", f0."flag_name", f0."gate_type", f0."target", f0."enabled" FROM "fun_with_flags_toggles" AS f0 WHERE (f0."flag_name" = $1) ["blog"]
14:25:05.495 [debug] Telemetry event: [:fun_with_flags, :persistence, :read], metadata: %{flag_name: :blog, gate: nil}, measurements: %{system_time: 1757622305495206911}
14:25:05.496 [debug] HANDLE EVENT "save_customer" in RsolvWeb.Admin.CustomerLive.Show
  Parameters: %{"customer" => %{"active" => "true", "email" => "updated@example.com", "monthly_limit" => "200", "name" => "Updated Name"}}
14:25:05.496 [debug] QUERY OK source="customers" db=0.2ms queue=0.1ms
UPDATE "customers" SET "name" = $1, "email" = $2, "monthly_limit" = $3, "updated_at" = $4 WHERE "id" = $5 ["Updated Name", "updated@example.com", 200, ~N[2025-09-11 20:25:05], 72014]
14:25:05.496 [debug] QUERY OK source="api_keys" db=0.0ms
SELECT a0."id", a0."key", a0."name", a0."permissions", a0."active", a0."last_used_at", a0."expires_at", a0."customer_id", a0."inserted_at", a0."updated_at" FROM "api_keys" AS a0 WHERE (a0."customer_id" = $1) ORDER BY a0."inserted_at" DESC [72014]
14:25:05.496 [debug] Replied in 619µs
14:25:05.496 [debug] QUERY OK source="fun_with_flags_toggles" db=0.0ms
SELECT f0."id", f0."flag_name", f0."gate_type", f0."target", f0."enabled" FROM "fun_with_flags_toggles" AS f0 WHERE (f0."flag_name" = $1) ["blog"]
14:25:05.496 [debug] Telemetry event: [:fun_with_flags, :persistence, :read], metadata: %{flag_name: :blog, gate: nil}, measurements: %{system_time: 1757622305496808655}
14:25:05.497 request_id=GGRULLAq78qEMIsAAFgF [debug] QUERY OK source="customers" db=0.0ms
SELECT c0."id", c0."name", c0."email", c0."monthly_limit", c0."current_usage", c0."active", c0."metadata", c0."password_hash", c0."is_staff", c0."admin_level", c0."trial_fixes_used", c0."trial_fixes_limit", c0."stripe_customer_id", c0."subscription_plan", c0."subscription_status", c0."rollover_fixes", c0."payment_method_added_at", c0."trial_expired_at", c0."fixes_used_this_month", c0."fixes_quota_this_month", c0."has_payment_method", c0."inserted_at", c0."updated_at" FROM "customers" AS c0 WHERE (c0."id" = $1) [72014]
.14:25:05.499 request_id=GGRULKh1rHjhhcgAACwH [debug] QUERY OK source="fun_with_flags_toggles" db=0.1ms
SELECT f0."id", f0."flag_name", f0."gate_type", f0."target", f0."enabled" FROM "fun_with_flags_toggles" AS f0 WHERE (f0."flag_name" = $1) ["blog"]
14:25:05.499 request_id=GGRULKh1rHjhhcgAACwH [debug] Telemetry event: [:fun_with_flags, :persistence, :read], metadata: %{flag_name: :blog, gate: nil}, measurements: %{system_time: 1757622305499202110}
14:25:05.499 request_id=GGRULKh1rHjhhcgAACwH [info] Sent 200 in 136ms
14:25:05.499 request_id=GGRULLCXC0DhhcgAAFkF [info] POST /admin/login
14:25:05.499 request_id=GGRULLCXC0DhhcgAAFkF [debug] Processing with RsolvWeb.Admin.SessionController.create/2
  Parameters: %{"session" => %{"email" => "rate-limit-test2@example.com", "password" => "[FILTERED]"}}
  Pipelines: [:browser]
14:25:05.499 request_id=GGRULLCXC0DhhcgAAFkF [debug] QUERY OK source="customers" db=0.1ms
SELECT c0."id", c0."name", c0."email", c0."monthly_limit", c0."current_usage", c0."active", c0."metadata", c0."password_hash", c0."is_staff", c0."admin_level", c0."trial_fixes_used", c0."trial_fixes_limit", c0."stripe_customer_id", c0."subscription_plan", c0."subscription_status", c0."rollover_fixes", c0."payment_method_added_at", c0."trial_expired_at", c0."fixes_used_this_month", c0."fixes_quota_this_month", c0."has_payment_method", c0."inserted_at", c0."updated_at" FROM "customers" AS c0 WHERE (c0."email" = $1) ["rate-limit-test2@example.com"]
14:25:05.611 [debug] QUERY OK source="customers" db=0.1ms
INSERT INTO "customers" ("active","name","metadata","email","is_staff","subscription_plan","monthly_limit","current_usage","fixes_quota_this_month","fixes_used_this_month","has_payment_method","password_hash","rollover_fixes","subscription_status","trial_fixes_limit","trial_fixes_used","inserted_at","updated_at") VALUES ($1,$2,$3,$4,$5,$6,$7,$8,$9,$10,$11,$12,$13,$14,$15,$16,$17,$18) RETURNING "id" [true, "Alpha", %{}, "alpha@example.com", false, "trial", 100, 0, 0, 0, false, "$2b$12$Xp.QVW4PAzLOdyz/iXzZgONp/TFSCd.Ck8CvyCews.7SWyc3XKZrW", 0, "active", 5, 0, ~N[2025-09-11 20:25:05], ~N[2025-09-11 20:25:05]]
14:25:05.635 request_id=GGRULLCXC0DhhcgAAFkF [debug] QUERY OK source="fun_with_flags_toggles" db=0.1ms
SELECT f0."id", f0."flag_name", f0."gate_type", f0."target", f0."enabled" FROM "fun_with_flags_toggles" AS f0 WHERE (f0."flag_name" = $1) ["blog"]
14:25:05.635 request_id=GGRULLCXC0DhhcgAAFkF [debug] Telemetry event: [:fun_with_flags, :persistence, :read], metadata: %{flag_name: :blog, gate: nil}, measurements: %{system_time: 1757622305635439580}
14:25:05.635 request_id=GGRULLCXC0DhhcgAAFkF [info] Sent 200 in 136ms
14:25:05.635 request_id=GGRULLi2OzjhhcgAAGGB [info] POST /admin/login
14:25:05.635 request_id=GGRULLi2OzjhhcgAAGGB [debug] Processing with RsolvWeb.Admin.SessionController.create/2
  Parameters: %{"session" => %{"email" => "rate-limit-test2@example.com", "password" => "[FILTERED]"}}
  Pipelines: [:browser]
14:25:05.635 request_id=GGRULLi2OzjhhcgAAGGB [debug] QUERY OK source="customers" db=0.1ms
SELECT c0."id", c0."name", c0."email", c0."monthly_limit", c0."current_usage", c0."active", c0."metadata", c0."password_hash", c0."is_staff", c0."admin_level", c0."trial_fixes_used", c0."trial_fixes_limit", c0."stripe_customer_id", c0."subscription_plan", c0."subscription_status", c0."rollover_fixes", c0."payment_method_added_at", c0."trial_expired_at", c0."fixes_used_this_month", c0."fixes_quota_this_month", c0."has_payment_method", c0."inserted_at", c0."updated_at" FROM "customers" AS c0 WHERE (c0."email" = $1) ["rate-limit-test2@example.com"]
14:25:05.747 [debug] QUERY OK source="customers" db=0.2ms
INSERT INTO "customers" ("active","name","metadata","email","is_staff","subscription_plan","monthly_limit","current_usage","fixes_quota_this_month","fixes_used_this_month","has_payment_method","password_hash","rollover_fixes","subscription_status","trial_fixes_limit","trial_fixes_used","inserted_at","updated_at") VALUES ($1,$2,$3,$4,$5,$6,$7,$8,$9,$10,$11,$12,$13,$14,$15,$16,$17,$18) RETURNING "id" [true, "Zulu", %{}, "zulu@example.com", false, "trial", 100, 0, 0, 0, false, "$2b$12$UIpfp4zGFGosIav50ZFBYun5V8SknNgyR5W2O1Ex2VwqMK8tsWLrW", 0, "active", 5, 0, ~N[2025-09-11 20:25:05], ~N[2025-09-11 20:25:05]]
14:25:05.748 request_id=GGRULL9rXukUC4EAAGIB [info] GET /admin/customers
14:25:05.748 request_id=GGRULL9rXukUC4EAAGIB [debug] Processing with RsolvWeb.Admin.CustomerLive.Index.index/2
  Parameters: %{}
  Pipelines: [:browser, :fetch_current_customer, :require_staff_customer]
14:25:05.748 request_id=GGRULL9rXukUC4EAAGIB [debug] QUERY OK source="customers" db=0.2ms
SELECT c0."id", c0."name", c0."email", c0."monthly_limit", c0."current_usage", c0."active", c0."metadata", c0."password_hash", c0."is_staff", c0."admin_level", c0."trial_fixes_used", c0."trial_fixes_limit", c0."stripe_customer_id", c0."subscription_plan", c0."subscription_status", c0."rollover_fixes", c0."payment_method_added_at", c0."trial_expired_at", c0."fixes_used_this_month", c0."fixes_quota_this_month", c0."has_payment_method", c0."inserted_at", c0."updated_at" FROM "customers" AS c0 WHERE (c0."id" = $1) [72013]
14:25:05.748 request_id=GGRULL9rXukUC4EAAGIB [debug] QUERY OK source="customers" db=0.2ms
SELECT count(*) FROM "customers" AS c0 []
14:25:05.749 request_id=GGRULL9rXukUC4EAAGIB [debug] QUERY OK source="customers" db=0.3ms
SELECT c0."id", c0."name", c0."email", c0."monthly_limit", c0."current_usage", c0."active", c0."metadata", c0."password_hash", c0."is_staff", c0."admin_level", c0."trial_fixes_used", c0."trial_fixes_limit", c0."stripe_customer_id", c0."subscription_plan", c0."subscription_status", c0."rollover_fixes", c0."payment_method_added_at", c0."trial_expired_at", c0."fixes_used_this_month", c0."fixes_quota_this_month", c0."has_payment_method", c0."inserted_at", c0."updated_at" FROM "customers" AS c0 ORDER BY c0."inserted_at" DESC LIMIT 20 OFFSET $1 [0]
14:25:05.749 request_id=GGRULL9rXukUC4EAAGIB [debug] QUERY OK source="fun_with_flags_toggles" db=0.0ms
SELECT f0."id", f0."flag_name", f0."gate_type", f0."target", f0."enabled" FROM "fun_with_flags_toggles" AS f0 WHERE (f0."flag_name" = $1) ["blog"]
14:25:05.749 request_id=GGRULL9rXukUC4EAAGIB [debug] Telemetry event: [:fun_with_flags, :persistence, :read], metadata: %{flag_name: :blog, gate: nil}, measurements: %{system_time: 1757622305749454051}
14:25:05.749 request_id=GGRULL9rXukUC4EAAGIB [info] Sent 200 in 1ms
14:25:05.750 [debug] MOUNT RsolvWeb.Admin.CustomerLive.Index
  Parameters: %{}
  Session: %{"_csrf_token" => "46rr2hVOaqEujUPwlZyqe3wX", "customer_token" => "18AjIfJL_w0DLHMCskwvXyfSxGeeRI6kEeUTQbz4Rgg="}
14:25:05.750 [debug] Replied in 49µs
14:25:05.750 [debug] HANDLE PARAMS in RsolvWeb.Admin.CustomerLive.Index
  Parameters: %{}
14:25:05.750 [debug] QUERY OK source="customers" db=0.0ms
SELECT count(*) FROM "customers" AS c0 []
14:25:05.750 [debug] QUERY OK source="customers" db=0.0ms
SELECT c0."id", c0."name", c0."email", c0."monthly_limit", c0."current_usage", c0."active", c0."metadata", c0."password_hash", c0."is_staff", c0."admin_level", c0."trial_fixes_used", c0."trial_fixes_limit", c0."stripe_customer_id", c0."subscription_plan", c0."subscription_status", c0."rollover_fixes", c0."payment_method_added_at", c0."trial_expired_at", c0."fixes_used_this_month", c0."fixes_quota_this_month", c0."has_payment_method", c0."inserted_at", c0."updated_at" FROM "customers" AS c0 ORDER BY c0."inserted_at" DESC LIMIT 20 OFFSET $1 [0]
14:25:05.750 [debug] Replied in 265µs
14:25:05.750 [debug] QUERY OK source="fun_with_flags_toggles" db=0.0ms
SELECT f0."id", f0."flag_name", f0."gate_type", f0."target", f0."enabled" FROM "fun_with_flags_toggles" AS f0 WHERE (f0."flag_name" = $1) ["blog"]
14:25:05.750 [debug] Telemetry event: [:fun_with_flags, :persistence, :read], metadata: %{flag_name: :blog, gate: nil}, measurements: %{system_time: 1757622305750691455}
14:25:05.751 [debug] HANDLE EVENT "sort" in RsolvWeb.Admin.CustomerLive.Index
  Parameters: %{"field" => "name"}
14:25:05.751 [debug] Replied in 48µs
14:25:05.751 [debug] HANDLE PARAMS in RsolvWeb.Admin.CustomerLive.Index
  Parameters: %{"page" => "1", "sort_by" => "name", "sort_order" => "asc", "status" => "all"}
14:25:05.752 [debug] QUERY OK source="customers" db=0.0ms
SELECT count(*) FROM "customers" AS c0 []
14:25:05.752 [debug] QUERY OK source="customers" db=0.1ms queue=0.1ms
SELECT c0."id", c0."name", c0."email", c0."monthly_limit", c0."current_usage", c0."active", c0."metadata", c0."password_hash", c0."is_staff", c0."admin_level", c0."trial_fixes_used", c0."trial_fixes_limit", c0."stripe_customer_id", c0."subscription_plan", c0."subscription_status", c0."rollover_fixes", c0."payment_method_added_at", c0."trial_expired_at", c0."fixes_used_this_month", c0."fixes_quota_this_month", c0."has_payment_method", c0."inserted_at", c0."updated_at" FROM "customers" AS c0 ORDER BY c0."name" LIMIT 20 OFFSET $1 [0]
14:25:05.752 [debug] Replied in 391µs
14:25:05.752 [debug] QUERY OK source="fun_with_flags_toggles" db=0.0ms
SELECT f0."id", f0."flag_name", f0."gate_type", f0."target", f0."enabled" FROM "fun_with_flags_toggles" AS f0 WHERE (f0."flag_name" = $1) ["blog"]
14:25:05.752 [debug] Telemetry event: [:fun_with_flags, :persistence, :read], metadata: %{flag_name: :blog, gate: nil}, measurements: %{system_time: 1757622305752413341}
14:25:05.753 [debug] HANDLE EVENT "sort" in RsolvWeb.Admin.CustomerLive.Index
  Parameters: %{"field" => "name"}
14:25:05.753 [debug] Replied in 41µs
14:25:05.753 [debug] HANDLE PARAMS in RsolvWeb.Admin.CustomerLive.Index
  Parameters: %{"page" => "1", "sort_by" => "name", "sort_order" => "desc", "status" => "all"}
14:25:05.753 [debug] QUERY OK source="customers" db=0.0ms
SELECT count(*) FROM "customers" AS c0 []
14:25:05.753 [debug] QUERY OK source="customers" db=0.0ms
SELECT c0."id", c0."name", c0."email", c0."monthly_limit", c0."current_usage", c0."active", c0."metadata", c0."password_hash", c0."is_staff", c0."admin_level", c0."trial_fixes_used", c0."trial_fixes_limit", c0."stripe_customer_id", c0."subscription_plan", c0."subscription_status", c0."rollover_fixes", c0."payment_method_added_at", c0."trial_expired_at", c0."fixes_used_this_month", c0."fixes_quota_this_month", c0."has_payment_method", c0."inserted_at", c0."updated_at" FROM "customers" AS c0 ORDER BY c0."name" DESC LIMIT 20 OFFSET $1 [0]
14:25:05.754 [debug] Replied in 386µs
14:25:05.754 [debug] QUERY OK source="fun_with_flags_toggles" db=0.0ms
SELECT f0."id", f0."flag_name", f0."gate_type", f0."target", f0."enabled" FROM "fun_with_flags_toggles" AS f0 WHERE (f0."flag_name" = $1) ["blog"]
14:25:05.754 [debug] Telemetry event: [:fun_with_flags, :persistence, :read], metadata: %{flag_name: :blog, gate: nil}, measurements: %{system_time: 1757622305754092796}
.14:25:05.771 request_id=GGRULLi2OzjhhcgAAGGB [debug] QUERY OK source="fun_with_flags_toggles" db=0.1ms
SELECT f0."id", f0."flag_name", f0."gate_type", f0."target", f0."enabled" FROM "fun_with_flags_toggles" AS f0 WHERE (f0."flag_name" = $1) ["blog"]
14:25:05.771 request_id=GGRULLi2OzjhhcgAAGGB [debug] Telemetry event: [:fun_with_flags, :persistence, :read], metadata: %{flag_name: :blog, gate: nil}, measurements: %{system_time: 1757622305771727868}
14:25:05.771 request_id=GGRULLi2OzjhhcgAAGGB [info] Sent 200 in 136ms
14:25:05.771 request_id=GGRULMDVwcjhhcgAAA8M [info] POST /admin/login
14:25:05.771 request_id=GGRULMDVwcjhhcgAAA8M [debug] Processing with RsolvWeb.Admin.SessionController.create/2
  Parameters: %{"session" => %{"email" => "rate-limit-test2@example.com", "password" => "[FILTERED]"}}
  Pipelines: [:browser]
14:25:05.772 request_id=GGRULMDVwcjhhcgAAA8M [debug] QUERY OK source="customers" db=0.1ms
SELECT c0."id", c0."name", c0."email", c0."monthly_limit", c0."current_usage", c0."active", c0."metadata", c0."password_hash", c0."is_staff", c0."admin_level", c0."trial_fixes_used", c0."trial_fixes_limit", c0."stripe_customer_id", c0."subscription_plan", c0."subscription_status", c0."rollover_fixes", c0."payment_method_added_at", c0."trial_expired_at", c0."fixes_used_this_month", c0."fixes_quota_this_month", c0."has_payment_method", c0."inserted_at", c0."updated_at" FROM "customers" AS c0 WHERE (c0."email" = $1) ["rate-limit-test2@example.com"]
14:25:05.892 [debug] QUERY OK source="customers" db=0.3ms
INSERT INTO "customers" ("active","name","metadata","email","is_staff","subscription_plan","monthly_limit","current_usage","fixes_quota_this_month","fixes_used_this_month","has_payment_method","password_hash","rollover_fixes","subscription_status","trial_fixes_limit","trial_fixes_used","inserted_at","updated_at") VALUES ($1,$2,$3,$4,$5,$6,$7,$8,$9,$10,$11,$12,$13,$14,$15,$16,$17,$18) RETURNING "id" [true, "Staff Member", %{}, "customer-576460752303409784@example.com", true, "trial", 100, 0, 0, 0, false, "$2b$12$Pf0jPf7aITWb/5QHxBQyDO29x/s1L5b4zb4daFuXYWx6UAw9ssb5q", 0, "active", 5, 0, ~N[2025-09-11 20:25:05], ~N[2025-09-11 20:25:05]]
14:25:05.908 request_id=GGRULMDVwcjhhcgAAA8M [debug] QUERY OK source="fun_with_flags_toggles" db=0.1ms
SELECT f0."id", f0."flag_name", f0."gate_type", f0."target", f0."enabled" FROM "fun_with_flags_toggles" AS f0 WHERE (f0."flag_name" = $1) ["blog"]
14:25:05.908 request_id=GGRULMDVwcjhhcgAAA8M [debug] Telemetry event: [:fun_with_flags, :persistence, :read], metadata: %{flag_name: :blog, gate: nil}, measurements: %{system_time: 1757622305908695544}
14:25:05.908 request_id=GGRULMDVwcjhhcgAAA8M [info] Sent 200 in 136ms
14:25:05.908 request_id=GGRULMkBMyLhhcgAAA-M [info] POST /admin/login
14:25:05.909 request_id=GGRULMkBMyLhhcgAAA-M [debug] Processing with RsolvWeb.Admin.SessionController.create/2
  Parameters: %{"session" => %{"email" => "rate-limit-test2@example.com", "password" => "[FILTERED]"}}
  Pipelines: [:browser]
14:25:05.909 request_id=GGRULMkBMyLhhcgAAA-M [debug] QUERY OK source="customers" db=0.1ms
SELECT c0."id", c0."name", c0."email", c0."monthly_limit", c0."current_usage", c0."active", c0."metadata", c0."password_hash", c0."is_staff", c0."admin_level", c0."trial_fixes_used", c0."trial_fixes_limit", c0."stripe_customer_id", c0."subscription_plan", c0."subscription_status", c0."rollover_fixes", c0."payment_method_added_at", c0."trial_expired_at", c0."fixes_used_this_month", c0."fixes_quota_this_month", c0."has_payment_method", c0."inserted_at", c0."updated_at" FROM "customers" AS c0 WHERE (c0."email" = $1) ["rate-limit-test2@example.com"]
............14:25:06.029 [debug] QUERY OK source="customers" db=0.2ms
INSERT INTO "customers" ("active","name","metadata","email","is_staff","subscription_plan","monthly_limit","current_usage","fixes_quota_this_month","fixes_used_this_month","has_payment_method","password_hash","rollover_fixes","subscription_status","trial_fixes_limit","trial_fixes_used","inserted_at","updated_at") VALUES ($1,$2,$3,$4,$5,$6,$7,$8,$9,$10,$11,$12,$13,$14,$15,$16,$17,$18) RETURNING "id" [true, "Customer 1", %{}, "customer1@example.com", false, "trial", 100, 0, 0, 0, false, "$2b$12$XOAqqw3oIMHAJ429aDWnQeGUibb5E9LZf1owP9oFJ46ItG1Q.L90e", 0, "active", 5, 0, ~N[2025-09-11 20:25:06], ~N[2025-09-11 20:25:06]]
14:25:06.045 request_id=GGRULMkBMyLhhcgAAA-M [debug] QUERY OK source="fun_with_flags_toggles" db=0.1ms
SELECT f0."id", f0."flag_name", f0."gate_type", f0."target", f0."enabled" FROM "fun_with_flags_toggles" AS f0 WHERE (f0."flag_name" = $1) ["blog"]
14:25:06.045 request_id=GGRULMkBMyLhhcgAAA-M [debug] Telemetry event: [:fun_with_flags, :persistence, :read], metadata: %{flag_name: :blog, gate: nil}, measurements: %{system_time: 1757622306045205452}
14:25:06.045 request_id=GGRULMkBMyLhhcgAAA-M [info] Sent 200 in 136ms
14:25:06.045 request_id=GGRULNEit5bhhcgAADcI [info] POST /admin/login
14:25:06.045 request_id=GGRULNEit5bhhcgAADcI [debug] Processing with RsolvWeb.Admin.SessionController.create/2
  Parameters: %{"session" => %{"email" => "rate-limit-test2@example.com", "password" => "[FILTERED]"}}
  Pipelines: [:browser]
14:25:06.045 request_id=GGRULNEit5bhhcgAADcI [warning] Rate limit exceeded for customer 865D8634AD1988E797AE7C619C569D2A9B3C0C2DA90A59C061CC4EBA1D074816, action: auth_attempt, count: 10, limit: 10
14:25:06.045 request_id=GGRULNEit5bhhcgAADcI [debug] QUERY OK source="fun_with_flags_toggles" db=0.0ms
SELECT f0."id", f0."flag_name", f0."gate_type", f0."target", f0."enabled" FROM "fun_with_flags_toggles" AS f0 WHERE (f0."flag_name" = $1) ["blog"]
14:25:06.045 request_id=GGRULNEit5bhhcgAADcI [debug] Telemetry event: [:fun_with_flags, :persistence, :read], metadata: %{flag_name: :blog, gate: nil}, measurements: %{system_time: 1757622306045605239}
14:25:06.045 request_id=GGRULNEit5bhhcgAADcI [info] Sent 200 in 293µs
.14:25:06.046 request_id=GGRULNEvkSYFGLsAABAM [info] POST /admin/login
14:25:06.046 request_id=GGRULNEvkSYFGLsAABAM [debug] Processing with RsolvWeb.Admin.SessionController.create/2
  Parameters: %{"session" => %{"email" => "rate-limit-test@example.com", "password" => "[FILTERED]"}}
  Pipelines: [:browser]
14:25:06.046 request_id=GGRULNEvkSYFGLsAABAM [debug] QUERY OK source="customers" db=0.3ms
SELECT c0."id", c0."name", c0."email", c0."monthly_limit", c0."current_usage", c0."active", c0."metadata", c0."password_hash", c0."is_staff", c0."admin_level", c0."trial_fixes_used", c0."trial_fixes_limit", c0."stripe_customer_id", c0."subscription_plan", c0."subscription_status", c0."rollover_fixes", c0."payment_method_added_at", c0."trial_expired_at", c0."fixes_used_this_month", c0."fixes_quota_this_month", c0."has_payment_method", c0."inserted_at", c0."updated_at" FROM "customers" AS c0 WHERE (c0."email" = $1) ["rate-limit-test@example.com"]
14:25:06.165 [debug] QUERY OK source="customers" db=0.3ms
INSERT INTO "customers" ("active","name","metadata","email","is_staff","subscription_plan","monthly_limit","current_usage","fixes_quota_this_month","fixes_used_this_month","has_payment_method","password_hash","rollover_fixes","subscription_status","trial_fixes_limit","trial_fixes_used","inserted_at","updated_at") VALUES ($1,$2,$3,$4,$5,$6,$7,$8,$9,$10,$11,$12,$13,$14,$15,$16,$17,$18) RETURNING "id" [true, "Customer 2", %{}, "customer2@example.com", false, "trial", 100, 0, 0, 0, false, "$2b$12$pIkU/gLL/cuGcbIhFAKHqeEbxNv3YjjgzQxZfriFKA505mDowbWZi", 0, "active", 5, 0, ~N[2025-09-11 20:25:06], ~N[2025-09-11 20:25:06]]
14:25:06.182 request_id=GGRULNEvkSYFGLsAABAM [debug] QUERY OK source="fun_with_flags_toggles" db=0.1ms
SELECT f0."id", f0."flag_name", f0."gate_type", f0."target", f0."enabled" FROM "fun_with_flags_toggles" AS f0 WHERE (f0."flag_name" = $1) ["blog"]
14:25:06.182 request_id=GGRULNEvkSYFGLsAABAM [debug] Telemetry event: [:fun_with_flags, :persistence, :read], metadata: %{flag_name: :blog, gate: nil}, measurements: %{system_time: 1757622306182447540}
14:25:06.182 request_id=GGRULNEvkSYFGLsAABAM [info] Sent 200 in 136ms
14:25:06.182 request_id=GGRULNlQ-skFGLsAABCM [info] POST /admin/login
14:25:06.182 request_id=GGRULNlQ-skFGLsAABCM [debug] Processing with RsolvWeb.Admin.SessionController.create/2
  Parameters: %{"session" => %{"email" => "rate-limit-test@example.com", "password" => "[FILTERED]"}}
  Pipelines: [:browser]
14:25:06.183 request_id=GGRULNlQ-skFGLsAABCM [debug] QUERY OK source="customers" db=0.2ms
SELECT c0."id", c0."name", c0."email", c0."monthly_limit", c0."current_usage", c0."active", c0."metadata", c0."password_hash", c0."is_staff", c0."admin_level", c0."trial_fixes_used", c0."trial_fixes_limit", c0."stripe_customer_id", c0."subscription_plan", c0."subscription_status", c0."rollover_fixes", c0."payment_method_added_at", c0."trial_expired_at", c0."fixes_used_this_month", c0."fixes_quota_this_month", c0."has_payment_method", c0."inserted_at", c0."updated_at" FROM "customers" AS c0 WHERE (c0."email" = $1) ["rate-limit-test@example.com"]
14:25:06.302 [debug] QUERY OK source="customers" db=0.2ms
INSERT INTO "customers" ("active","name","metadata","email","is_staff","subscription_plan","monthly_limit","current_usage","fixes_quota_this_month","fixes_used_this_month","has_payment_method","password_hash","rollover_fixes","subscription_status","trial_fixes_limit","trial_fixes_used","inserted_at","updated_at") VALUES ($1,$2,$3,$4,$5,$6,$7,$8,$9,$10,$11,$12,$13,$14,$15,$16,$17,$18) RETURNING "id" [true, "Customer 3", %{}, "customer3@example.com", false, "trial", 100, 0, 0, 0, false, "$2b$12$YEqY.LOGW/M2NIck0KvhluwAzgQlZTCgv3TDLL/p9dDTAnzkax4f2", 0, "active", 5, 0, ~N[2025-09-11 20:25:06], ~N[2025-09-11 20:25:06]]
14:25:06.318 request_id=GGRULNlQ-skFGLsAABCM [debug] QUERY OK source="fun_with_flags_toggles" db=0.2ms
SELECT f0."id", f0."flag_name", f0."gate_type", f0."target", f0."enabled" FROM "fun_with_flags_toggles" AS f0 WHERE (f0."flag_name" = $1) ["blog"]
14:25:06.319 request_id=GGRULNlQ-skFGLsAABCM [debug] Telemetry event: [:fun_with_flags, :persistence, :read], metadata: %{flag_name: :blog, gate: nil}, measurements: %{system_time: 1757622306318993079}
14:25:06.319 request_id=GGRULNlQ-skFGLsAABCM [info] Sent 200 in 136ms
14:25:06.319 request_id=GGRULOF0mIUFGLsAABEM [info] POST /admin/login
14:25:06.319 request_id=GGRULOF0mIUFGLsAABEM [debug] Processing with RsolvWeb.Admin.SessionController.create/2
  Parameters: %{"session" => %{"email" => "rate-limit-test@example.com", "password" => "[FILTERED]"}}
  Pipelines: [:browser]
14:25:06.319 request_id=GGRULOF0mIUFGLsAABEM [debug] QUERY OK source="customers" db=0.2ms
SELECT c0."id", c0."name", c0."email", c0."monthly_limit", c0."current_usage", c0."active", c0."metadata", c0."password_hash", c0."is_staff", c0."admin_level", c0."trial_fixes_used", c0."trial_fixes_limit", c0."stripe_customer_id", c0."subscription_plan", c0."subscription_status", c0."rollover_fixes", c0."payment_method_added_at", c0."trial_expired_at", c0."fixes_used_this_month", c0."fixes_quota_this_month", c0."has_payment_method", c0."inserted_at", c0."updated_at" FROM "customers" AS c0 WHERE (c0."email" = $1) ["rate-limit-test@example.com"]
14:25:06.439 [debug] QUERY OK source="customers" db=0.2ms
INSERT INTO "customers" ("active","name","metadata","email","is_staff","subscription_plan","monthly_limit","current_usage","fixes_quota_this_month","fixes_used_this_month","has_payment_method","password_hash","rollover_fixes","subscription_status","trial_fixes_limit","trial_fixes_used","inserted_at","updated_at") VALUES ($1,$2,$3,$4,$5,$6,$7,$8,$9,$10,$11,$12,$13,$14,$15,$16,$17,$18) RETURNING "id" [true, "Customer 4", %{}, "customer4@example.com", false, "trial", 100, 0, 0, 0, false, "$2b$12$BxjTx.U2vP7P01rZd3H.u.pDXv0i7oGz7D4/nr3RNd2J0nPgm8Wbe", 0, "active", 5, 0, ~N[2025-09-11 20:25:06], ~N[2025-09-11 20:25:06]]
14:25:06.455 request_id=GGRULOF0mIUFGLsAABEM [debug] QUERY OK source="fun_with_flags_toggles" db=0.1ms
SELECT f0."id", f0."flag_name", f0."gate_type", f0."target", f0."enabled" FROM "fun_with_flags_toggles" AS f0 WHERE (f0."flag_name" = $1) ["blog"]
14:25:06.455 request_id=GGRULOF0mIUFGLsAABEM [debug] Telemetry event: [:fun_with_flags, :persistence, :read], metadata: %{flag_name: :blog, gate: nil}, measurements: %{system_time: 1757622306455580089}
14:25:06.455 request_id=GGRULOF0mIUFGLsAABEM [info] Sent 200 in 136ms
14:25:06.455 request_id=GGRULOmZfyAFGLsAABcS [info] POST /admin/login
14:25:06.455 request_id=GGRULOmZfyAFGLsAABcS [debug] Processing with RsolvWeb.Admin.SessionController.create/2
  Parameters: %{"session" => %{"email" => "rate-limit-test@example.com", "password" => "[FILTERED]"}}
  Pipelines: [:browser]
14:25:06.456 request_id=GGRULOmZfyAFGLsAABcS [debug] QUERY OK source="customers" db=0.2ms
SELECT c0."id", c0."name", c0."email", c0."monthly_limit", c0."current_usage", c0."active", c0."metadata", c0."password_hash", c0."is_staff", c0."admin_level", c0."trial_fixes_used", c0."trial_fixes_limit", c0."stripe_customer_id", c0."subscription_plan", c0."subscription_status", c0."rollover_fixes", c0."payment_method_added_at", c0."trial_expired_at", c0."fixes_used_this_month", c0."fixes_quota_this_month", c0."has_payment_method", c0."inserted_at", c0."updated_at" FROM "customers" AS c0 WHERE (c0."email" = $1) ["rate-limit-test@example.com"]
14:25:06.575 [debug] QUERY OK source="customers" db=0.3ms
INSERT INTO "customers" ("active","name","metadata","email","is_staff","subscription_plan","monthly_limit","current_usage","fixes_quota_this_month","fixes_used_this_month","has_payment_method","password_hash","rollover_fixes","subscription_status","trial_fixes_limit","trial_fixes_used","inserted_at","updated_at") VALUES ($1,$2,$3,$4,$5,$6,$7,$8,$9,$10,$11,$12,$13,$14,$15,$16,$17,$18) RETURNING "id" [true, "Customer 5", %{}, "customer5@example.com", false, "trial", 100, 0, 0, 0, false, "$2b$12$G8W0oogfr.uOKF2t/bRmbuvkShXsayEGvM0OWYz0t7qAUGFQOwXme", 0, "active", 5, 0, ~N[2025-09-11 20:25:06], ~N[2025-09-11 20:25:06]]
14:25:06.592 request_id=GGRULOmZfyAFGLsAABcS [debug] QUERY OK source="fun_with_flags_toggles" db=0.2ms
SELECT f0."id", f0."flag_name", f0."gate_type", f0."target", f0."enabled" FROM "fun_with_flags_toggles" AS f0 WHERE (f0."flag_name" = $1) ["blog"]
14:25:06.592 request_id=GGRULOmZfyAFGLsAABcS [debug] Telemetry event: [:fun_with_flags, :persistence, :read], metadata: %{flag_name: :blog, gate: nil}, measurements: %{system_time: 1757622306592324461}
14:25:06.592 request_id=GGRULOmZfyAFGLsAABcS [info] Sent 200 in 136ms
14:25:06.592 request_id=GGRULPHAh9YFGLsAABeS [info] POST /admin/login
14:25:06.592 request_id=GGRULPHAh9YFGLsAABeS [debug] Processing with RsolvWeb.Admin.SessionController.create/2
  Parameters: %{"session" => %{"email" => "rate-limit-test@example.com", "password" => "[FILTERED]"}}
  Pipelines: [:browser]
14:25:06.593 request_id=GGRULPHAh9YFGLsAABeS [debug] QUERY OK source="customers" db=0.1ms
SELECT c0."id", c0."name", c0."email", c0."monthly_limit", c0."current_usage", c0."active", c0."metadata", c0."password_hash", c0."is_staff", c0."admin_level", c0."trial_fixes_used", c0."trial_fixes_limit", c0."stripe_customer_id", c0."subscription_plan", c0."subscription_status", c0."rollover_fixes", c0."payment_method_added_at", c0."trial_expired_at", c0."fixes_used_this_month", c0."fixes_quota_this_month", c0."has_payment_method", c0."inserted_at", c0."updated_at" FROM "customers" AS c0 WHERE (c0."email" = $1) ["rate-limit-test@example.com"]
14:25:06.712 [debug] QUERY OK source="customers" db=0.3ms
INSERT INTO "customers" ("active","name","metadata","email","is_staff","subscription_plan","monthly_limit","current_usage","fixes_quota_this_month","fixes_used_this_month","has_payment_method","password_hash","rollover_fixes","subscription_status","trial_fixes_limit","trial_fixes_used","inserted_at","updated_at") VALUES ($1,$2,$3,$4,$5,$6,$7,$8,$9,$10,$11,$12,$13,$14,$15,$16,$17,$18) RETURNING "id" [true, "Customer 6", %{}, "customer6@example.com", false, "trial", 100, 0, 0, 0, false, "$2b$12$rRlk8MW8pmchocCoON1AJeoV5NVwNDxJXc7cOQLUQTMdFwJ/tlq3G", 0, "active", 5, 0, ~N[2025-09-11 20:25:06], ~N[2025-09-11 20:25:06]]
14:25:06.729 request_id=GGRULPHAh9YFGLsAABeS [debug] QUERY OK source="fun_with_flags_toggles" db=0.2ms
SELECT f0."id", f0."flag_name", f0."gate_type", f0."target", f0."enabled" FROM "fun_with_flags_toggles" AS f0 WHERE (f0."flag_name" = $1) ["blog"]
14:25:06.729 request_id=GGRULPHAh9YFGLsAABeS [debug] Telemetry event: [:fun_with_flags, :persistence, :read], metadata: %{flag_name: :blog, gate: nil}, measurements: %{system_time: 1757622306729204272}
14:25:06.729 request_id=GGRULPHAh9YFGLsAABeS [info] Sent 200 in 136ms
.14:25:06.849 [debug] QUERY OK source="customers" db=0.3ms
INSERT INTO "customers" ("active","name","metadata","email","is_staff","subscription_plan","monthly_limit","current_usage","fixes_quota_this_month","fixes_used_this_month","has_payment_method","password_hash","rollover_fixes","subscription_status","trial_fixes_limit","trial_fixes_used","inserted_at","updated_at") VALUES ($1,$2,$3,$4,$5,$6,$7,$8,$9,$10,$11,$12,$13,$14,$15,$16,$17,$18) RETURNING "id" [true, "Customer 7", %{}, "customer7@example.com", false, "trial", 100, 0, 0, 0, false, "$2b$12$swOCKCp5NT0sq.ePJP24je3u566D5CMQ08P7Oo/gb66ihJCiYrAlK", 0, "active", 5, 0, ~N[2025-09-11 20:25:06], ~N[2025-09-11 20:25:06]]
14:25:06.866 [debug] QUERY OK source="customers" db=0.4ms
INSERT INTO "customers" ("active","name","metadata","email","is_staff","subscription_plan","monthly_limit","current_usage","fixes_quota_this_month","fixes_used_this_month","has_payment_method","password_hash","rollover_fixes","subscription_status","trial_fixes_limit","trial_fixes_used","inserted_at","updated_at") VALUES ($1,$2,$3,$4,$5,$6,$7,$8,$9,$10,$11,$12,$13,$14,$15,$16,$17,$18) RETURNING "id" [true, "Staff Member", %{}, "customer-576460752303417326@example.com", true, "trial", 100, 0, 0, 0, false, "$2b$12$DaRafSQWc/hWaFZVNtgdGeo0HHyB0ZiDVhHZFf9GbscPfnSlSHtNe", 0, "active", 5, 0, ~N[2025-09-11 20:25:06], ~N[2025-09-11 20:25:06]]
14:25:06.866 request_id=GGRULQIbZcqMpssAABiS [info] POST /admin/login
14:25:06.867 request_id=GGRULQIbZcqMpssAABiS [debug] Processing with RsolvWeb.Admin.SessionController.create/2
  Parameters: %{"session" => %{"email" => "customer-576460752303417326@example.com", "password" => "[FILTERED]"}}
  Pipelines: [:browser]
14:25:06.867 request_id=GGRULQIbZcqMpssAABiS [debug] QUERY OK source="customers" db=0.3ms
SELECT c0."id", c0."name", c0."email", c0."monthly_limit", c0."current_usage", c0."active", c0."metadata", c0."password_hash", c0."is_staff", c0."admin_level", c0."trial_fixes_used", c0."trial_fixes_limit", c0."stripe_customer_id", c0."subscription_plan", c0."subscription_status", c0."rollover_fixes", c0."payment_method_added_at", c0."trial_expired_at", c0."fixes_used_this_month", c0."fixes_quota_this_month", c0."has_payment_method", c0."inserted_at", c0."updated_at" FROM "customers" AS c0 WHERE (c0."email" = $1) ["customer-576460752303417326@example.com"]
14:25:06.986 [debug] QUERY OK source="customers" db=0.3ms
INSERT INTO "customers" ("active","name","metadata","email","is_staff","subscription_plan","monthly_limit","current_usage","fixes_quota_this_month","fixes_used_this_month","has_payment_method","password_hash","rollover_fixes","subscription_status","trial_fixes_limit","trial_fixes_used","inserted_at","updated_at") VALUES ($1,$2,$3,$4,$5,$6,$7,$8,$9,$10,$11,$12,$13,$14,$15,$16,$17,$18) RETURNING "id" [true, "Customer 8", %{}, "customer8@example.com", false, "trial", 100, 0, 0, 0, false, "$2b$12$2KlyR9XR2glnBNMb8DdMfOAV365Da5RuHEt5FkH3wUZorQ7N285fK", 0, "active", 5, 0, ~N[2025-09-11 20:25:06], ~N[2025-09-11 20:25:06]]
14:25:07.004 request_id=GGRULQIbZcqMpssAABiS [info] Sent 302 in 137ms
.14:25:07.004 request_id=GGRULQpQ8Q3AlWoAABkS [info] POST /admin/login
14:25:07.004 request_id=GGRULQpQ8Q3AlWoAABkS [debug] Processing with RsolvWeb.Admin.SessionController.create/2
  Parameters: %{"session" => %{"email" => "nonexistent@example.com", "password" => "[FILTERED]"}}
  Pipelines: [:browser]
14:25:07.005 request_id=GGRULQpQ8Q3AlWoAABkS [debug] QUERY OK source="customers" db=0.3ms
SELECT c0."id", c0."name", c0."email", c0."monthly_limit", c0."current_usage", c0."active", c0."metadata", c0."password_hash", c0."is_staff", c0."admin_level", c0."trial_fixes_used", c0."trial_fixes_limit", c0."stripe_customer_id", c0."subscription_plan", c0."subscription_status", c0."rollover_fixes", c0."payment_method_added_at", c0."trial_expired_at", c0."fixes_used_this_month", c0."fixes_quota_this_month", c0."has_payment_method", c0."inserted_at", c0."updated_at" FROM "customers" AS c0 WHERE (c0."email" = $1) ["nonexistent@example.com"]
14:25:07.124 [debug] QUERY OK source="customers" db=0.2ms
INSERT INTO "customers" ("active","name","metadata","email","is_staff","subscription_plan","monthly_limit","current_usage","fixes_quota_this_month","fixes_used_this_month","has_payment_method","password_hash","rollover_fixes","subscription_status","trial_fixes_limit","trial_fixes_used","inserted_at","updated_at") VALUES ($1,$2,$3,$4,$5,$6,$7,$8,$9,$10,$11,$12,$13,$14,$15,$16,$17,$18) RETURNING "id" [true, "Customer 9", %{}, "customer9@example.com", false, "trial", 100, 0, 0, 0, false, "$2b$12$/CaPG3Q2vkMST/HkN8S0h.9CWFgtM0unMwZvwgdfya6uFUTnf1mJG", 0, "active", 5, 0, ~N[2025-09-11 20:25:07], ~N[2025-09-11 20:25:07]]
14:25:07.141 request_id=GGRULQpQ8Q3AlWoAABkS [debug] QUERY OK source="fun_with_flags_toggles" db=0.1ms
SELECT f0."id", f0."flag_name", f0."gate_type", f0."target", f0."enabled" FROM "fun_with_flags_toggles" AS f0 WHERE (f0."flag_name" = $1) ["blog"]
14:25:07.141 request_id=GGRULQpQ8Q3AlWoAABkS [debug] Telemetry event: [:fun_with_flags, :persistence, :read], metadata: %{flag_name: :blog, gate: nil}, measurements: %{system_time: 1757622307141588628}
14:25:07.141 request_id=GGRULQpQ8Q3AlWoAABkS [info] Sent 200 in 137ms
.14:25:07.142 request_id=GGRULRKDDSHxhOMAABmS [info] GET /admin/login
14:25:07.142 request_id=GGRULRKDDSHxhOMAABmS [debug] Processing with RsolvWeb.Admin.SessionController.new/2
  Parameters: %{}
  Pipelines: [:browser]
14:25:07.142 request_id=GGRULRKDDSHxhOMAABmS [debug] QUERY OK source="fun_with_flags_toggles" db=0.1ms
SELECT f0."id", f0."flag_name", f0."gate_type", f0."target", f0."enabled" FROM "fun_with_flags_toggles" AS f0 WHERE (f0."flag_name" = $1) ["blog"]
14:25:07.142 request_id=GGRULRKDDSHxhOMAABmS [debug] Telemetry event: [:fun_with_flags, :persistence, :read], metadata: %{flag_name: :blog, gate: nil}, measurements: %{system_time: 1757622307142698249}
14:25:07.142 request_id=GGRULRKDDSHxhOMAABmS [info] Sent 200 in 636µs
.14:25:07.143 request_id=GGRULRKTb3ADW04AADsI [info] GET /admin/login
14:25:07.143 request_id=GGRULRKTb3ADW04AADsI [debug] Processing with RsolvWeb.Admin.SessionController.new/2
  Parameters: %{}
  Pipelines: [:browser]
14:25:07.143 request_id=GGRULRKTb3ADW04AADsI [debug] QUERY OK source="fun_with_flags_toggles" db=0.1ms
SELECT f0."id", f0."flag_name", f0."gate_type", f0."target", f0."enabled" FROM "fun_with_flags_toggles" AS f0 WHERE (f0."flag_name" = $1) ["blog"]
14:25:07.143 request_id=GGRULRKTb3ADW04AADsI [debug] Telemetry event: [:fun_with_flags, :persistence, :read], metadata: %{flag_name: :blog, gate: nil}, measurements: %{system_time: 1757622307143714138}
14:25:07.143 request_id=GGRULRKTb3ADW04AADsI [info] Sent 200 in 572µs
.14:25:07.144 request_id=GGRULRKhFePsxD0AABGM [info] GET /admin/login
14:25:07.144 request_id=GGRULRKhFePsxD0AABGM [debug] Processing with RsolvWeb.Admin.SessionController.new/2
  Parameters: %{}
  Pipelines: [:browser]
14:25:07.144 request_id=GGRULRKhFePsxD0AABGM [debug] QUERY OK source="fun_with_flags_toggles" db=0.1ms
SELECT f0."id", f0."flag_name", f0."gate_type", f0."target", f0."enabled" FROM "fun_with_flags_toggles" AS f0 WHERE (f0."flag_name" = $1) ["blog"]
14:25:07.144 request_id=GGRULRKhFePsxD0AABGM [debug] Telemetry event: [:fun_with_flags, :persistence, :read], metadata: %{flag_name: :blog, gate: nil}, measurements: %{system_time: 1757622307144435685}
14:25:07.144 request_id=GGRULRKhFePsxD0AABGM [info] Sent 200 in 338µs
.14:25:07.261 [debug] QUERY OK source="customers" db=0.3ms
INSERT INTO "customers" ("active","name","metadata","email","is_staff","subscription_plan","monthly_limit","current_usage","fixes_quota_this_month","fixes_used_this_month","has_payment_method","password_hash","rollover_fixes","subscription_status","trial_fixes_limit","trial_fixes_used","inserted_at","updated_at") VALUES ($1,$2,$3,$4,$5,$6,$7,$8,$9,$10,$11,$12,$13,$14,$15,$16,$17,$18) RETURNING "id" [true, "Customer 10", %{}, "customer10@example.com", false, "trial", 100, 0, 0, 0, false, "$2b$12$Xfx8YeYv/BuUgkruBi9Bt.FfcHUV5sJuLj7cHR6BaYr6xFPq1CIqO", 0, "active", 5, 0, ~N[2025-09-11 20:25:07], ~N[2025-09-11 20:25:07]]
14:25:07.281 [debug] QUERY OK source="customers" db=0.2ms
INSERT INTO "customers" ("active","name","metadata","email","is_staff","subscription_plan","monthly_limit","current_usage","fixes_quota_this_month","fixes_used_this_month","has_payment_method","password_hash","rollover_fixes","subscription_status","trial_fixes_limit","trial_fixes_used","inserted_at","updated_at") VALUES ($1,$2,$3,$4,$5,$6,$7,$8,$9,$10,$11,$12,$13,$14,$15,$16,$17,$18) RETURNING "id" [true, "Test Customer", %{}, "customer-576460752303418868@example.com", false, "trial", 100, 0, 0, 0, false, "$2b$12$/PGbA6JQlcIbtyQqEJuTI.jknfWnvLNK9YoTgx5j505kcUNBC87tO", 0, "active", 5, 0, ~N[2025-09-11 20:25:07], ~N[2025-09-11 20:25:07]]
14:25:07.281 request_id=GGRULRrQ4ifn8gEAABKM [info] POST /admin/login
14:25:07.281 request_id=GGRULRrQ4ifn8gEAABKM [debug] Processing with RsolvWeb.Admin.SessionController.create/2
  Parameters: %{"session" => %{"email" => "customer-576460752303418868@example.com", "password" => "[FILTERED]"}}
  Pipelines: [:browser]
14:25:07.282 request_id=GGRULRrQ4ifn8gEAABKM [debug] QUERY OK source="customers" db=0.2ms
SELECT c0."id", c0."name", c0."email", c0."monthly_limit", c0."current_usage", c0."active", c0."metadata", c0."password_hash", c0."is_staff", c0."admin_level", c0."trial_fixes_used", c0."trial_fixes_limit", c0."stripe_customer_id", c0."subscription_plan", c0."subscription_status", c0."rollover_fixes", c0."payment_method_added_at", c0."trial_expired_at", c0."fixes_used_this_month", c0."fixes_quota_this_month", c0."has_payment_method", c0."inserted_at", c0."updated_at" FROM "customers" AS c0 WHERE (c0."email" = $1) ["customer-576460752303418868@example.com"]
14:25:07.397 [debug] QUERY OK source="customers" db=0.1ms
INSERT INTO "customers" ("active","name","metadata","email","is_staff","subscription_plan","monthly_limit","current_usage","fixes_quota_this_month","fixes_used_this_month","has_payment_method","password_hash","rollover_fixes","subscription_status","trial_fixes_limit","trial_fixes_used","inserted_at","updated_at") VALUES ($1,$2,$3,$4,$5,$6,$7,$8,$9,$10,$11,$12,$13,$14,$15,$16,$17,$18) RETURNING "id" [true, "Customer 11", %{}, "customer11@example.com", false, "trial", 100, 0, 0, 0, false, "$2b$12$zy1qRelPFxsp2txYxiGdCO0gkBFFKKrV3DfldFgiqPmDYeMhxAh8y", 0, "active", 5, 0, ~N[2025-09-11 20:25:07], ~N[2025-09-11 20:25:07]]
14:25:07.418 request_id=GGRULRrQ4ifn8gEAABKM [debug] QUERY OK source="fun_with_flags_toggles" db=0.1ms
SELECT f0."id", f0."flag_name", f0."gate_type", f0."target", f0."enabled" FROM "fun_with_flags_toggles" AS f0 WHERE (f0."flag_name" = $1) ["blog"]
14:25:07.418 request_id=GGRULRrQ4ifn8gEAABKM [debug] Telemetry event: [:fun_with_flags, :persistence, :read], metadata: %{flag_name: :blog, gate: nil}, measurements: %{system_time: 1757622307418462101}
14:25:07.418 request_id=GGRULRrQ4ifn8gEAABKM [info] Sent 200 in 137ms
.14:25:07.531 [debug] QUERY OK source="customers" db=0.2ms queue=0.1ms
INSERT INTO "customers" ("active","name","metadata","email","is_staff","subscription_plan","monthly_limit","current_usage","fixes_quota_this_month","fixes_used_this_month","has_payment_method","password_hash","rollover_fixes","subscription_status","trial_fixes_limit","trial_fixes_used","inserted_at","updated_at") VALUES ($1,$2,$3,$4,$5,$6,$7,$8,$9,$10,$11,$12,$13,$14,$15,$16,$17,$18) RETURNING "id" [true, "Customer 12", %{}, "customer12@example.com", false, "trial", 100, 0, 0, 0, false, "$2b$12$aqXZVJKfM.KeTx7KP4IELOemXvkzDb1K8OI9WlroGf8tLmVwiIZIO", 0, "active", 5, 0, ~N[2025-09-11 20:25:07], ~N[2025-09-11 20:25:07]]
14:25:07.664 [debug] QUERY OK source="customers" db=0.2ms
INSERT INTO "customers" ("active","name","metadata","email","is_staff","subscription_plan","monthly_limit","current_usage","fixes_quota_this_month","fixes_used_this_month","has_payment_method","password_hash","rollover_fixes","subscription_status","trial_fixes_limit","trial_fixes_used","inserted_at","updated_at") VALUES ($1,$2,$3,$4,$5,$6,$7,$8,$9,$10,$11,$12,$13,$14,$15,$16,$17,$18) RETURNING "id" [true, "Customer 13", %{}, "customer13@example.com", false, "trial", 100, 0, 0, 0, false, "$2b$12$FKdhMD0ZxoTC5VpBHH3wXuFYxwf1SHG6LUkgfWK.tO4ac3En4cVT2", 0, "active", 5, 0, ~N[2025-09-11 20:25:07], ~N[2025-09-11 20:25:07]]
14:25:07.798 [debug] QUERY OK source="customers" db=0.3ms
INSERT INTO "customers" ("active","name","metadata","email","is_staff","subscription_plan","monthly_limit","current_usage","fixes_quota_this_month","fixes_used_this_month","has_payment_method","password_hash","rollover_fixes","subscription_status","trial_fixes_limit","trial_fixes_used","inserted_at","updated_at") VALUES ($1,$2,$3,$4,$5,$6,$7,$8,$9,$10,$11,$12,$13,$14,$15,$16,$17,$18) RETURNING "id" [true, "Customer 14", %{}, "customer14@example.com", false, "trial", 100, 0, 0, 0, false, "$2b$12$d4kQjbQxQCCukA9V.1yUy.mB4XloV14cfkXaZ8A2PjWifE02x9Xua", 0, "active", 5, 0, ~N[2025-09-11 20:25:07], ~N[2025-09-11 20:25:07]]
14:25:07.932 [debug] QUERY OK source="customers" db=0.3ms
INSERT INTO "customers" ("active","name","metadata","email","is_staff","subscription_plan","monthly_limit","current_usage","fixes_quota_this_month","fixes_used_this_month","has_payment_method","password_hash","rollover_fixes","subscription_status","trial_fixes_limit","trial_fixes_used","inserted_at","updated_at") VALUES ($1,$2,$3,$4,$5,$6,$7,$8,$9,$10,$11,$12,$13,$14,$15,$16,$17,$18) RETURNING "id" [true, "Customer 15", %{}, "customer15@example.com", false, "trial", 100, 0, 0, 0, false, "$2b$12$oNnGitKHaokzkiPYzu4DxOdL1EeOhhEyXS2fHz/QtA2c0Ew0fiGTa", 0, "active", 5, 0, ~N[2025-09-11 20:25:07], ~N[2025-09-11 20:25:07]]
14:25:08.066 [debug] QUERY OK source="customers" db=0.1ms
INSERT INTO "customers" ("active","name","metadata","email","is_staff","subscription_plan","monthly_limit","current_usage","fixes_quota_this_month","fixes_used_this_month","has_payment_method","password_hash","rollover_fixes","subscription_status","trial_fixes_limit","trial_fixes_used","inserted_at","updated_at") VALUES ($1,$2,$3,$4,$5,$6,$7,$8,$9,$10,$11,$12,$13,$14,$15,$16,$17,$18) RETURNING "id" [true, "Customer 16", %{}, "customer16@example.com", false, "trial", 100, 0, 0, 0, false, "$2b$12$yoZVRcW5ZB2ybIfZs0v15e5TlwLQX7bx3q0lwCFgBw8lvvz0CipyW", 0, "active", 5, 0, ~N[2025-09-11 20:25:08], ~N[2025-09-11 20:25:08]]
14:25:08.197 [debug] QUERY OK source="customers" db=0.1ms
INSERT INTO "customers" ("active","name","metadata","email","is_staff","subscription_plan","monthly_limit","current_usage","fixes_quota_this_month","fixes_used_this_month","has_payment_method","password_hash","rollover_fixes","subscription_status","trial_fixes_limit","trial_fixes_used","inserted_at","updated_at") VALUES ($1,$2,$3,$4,$5,$6,$7,$8,$9,$10,$11,$12,$13,$14,$15,$16,$17,$18) RETURNING "id" [true, "Customer 17", %{}, "customer17@example.com", false, "trial", 100, 0, 0, 0, false, "$2b$12$C5Ly.PE6AAZvn8cgYdieCufIjDkA1x.5J/rHVETzMi2gjdNgGE08W", 0, "active", 5, 0, ~N[2025-09-11 20:25:08], ~N[2025-09-11 20:25:08]]
14:25:08.332 [debug] QUERY OK source="customers" db=0.2ms
INSERT INTO "customers" ("active","name","metadata","email","is_staff","subscription_plan","monthly_limit","current_usage","fixes_quota_this_month","fixes_used_this_month","has_payment_method","password_hash","rollover_fixes","subscription_status","trial_fixes_limit","trial_fixes_used","inserted_at","updated_at") VALUES ($1,$2,$3,$4,$5,$6,$7,$8,$9,$10,$11,$12,$13,$14,$15,$16,$17,$18) RETURNING "id" [true, "Customer 18", %{}, "customer18@example.com", false, "trial", 100, 0, 0, 0, false, "$2b$12$vkJKW9ItaZZbFKSq.hPebuHHG40ee6LZuANwf/SvNgDDzi2v5/RaC", 0, "active", 5, 0, ~N[2025-09-11 20:25:08], ~N[2025-09-11 20:25:08]]
14:25:08.467 [debug] QUERY OK source="customers" db=0.2ms
INSERT INTO "customers" ("active","name","metadata","email","is_staff","subscription_plan","monthly_limit","current_usage","fixes_quota_this_month","fixes_used_this_month","has_payment_method","password_hash","rollover_fixes","subscription_status","trial_fixes_limit","trial_fixes_used","inserted_at","updated_at") VALUES ($1,$2,$3,$4,$5,$6,$7,$8,$9,$10,$11,$12,$13,$14,$15,$16,$17,$18) RETURNING "id" [true, "Customer 19", %{}, "customer19@example.com", false, "trial", 100, 0, 0, 0, false, "$2b$12$mDY/Jj75X/nuCQBH1mjgMOHbjpz2HRn8q3sTqR10CeeZLQUXLgrby", 0, "active", 5, 0, ~N[2025-09-11 20:25:08], ~N[2025-09-11 20:25:08]]
14:25:08.604 [debug] QUERY OK source="customers" db=0.3ms
INSERT INTO "customers" ("active","name","metadata","email","is_staff","subscription_plan","monthly_limit","current_usage","fixes_quota_this_month","fixes_used_this_month","has_payment_method","password_hash","rollover_fixes","subscription_status","trial_fixes_limit","trial_fixes_used","inserted_at","updated_at") VALUES ($1,$2,$3,$4,$5,$6,$7,$8,$9,$10,$11,$12,$13,$14,$15,$16,$17,$18) RETURNING "id" [true, "Customer 20", %{}, "customer20@example.com", false, "trial", 100, 0, 0, 0, false, "$2b$12$gWGVkbOFMOvIzE8GWx6M4ehN57u4rA.hZ3P6.4Sn2bYG9Zubozike", 0, "active", 5, 0, ~N[2025-09-11 20:25:08], ~N[2025-09-11 20:25:08]]
14:25:08.740 [debug] QUERY OK source="customers" db=0.1ms
INSERT INTO "customers" ("active","name","metadata","email","is_staff","subscription_plan","monthly_limit","current_usage","fixes_quota_this_month","fixes_used_this_month","has_payment_method","password_hash","rollover_fixes","subscription_status","trial_fixes_limit","trial_fixes_used","inserted_at","updated_at") VALUES ($1,$2,$3,$4,$5,$6,$7,$8,$9,$10,$11,$12,$13,$14,$15,$16,$17,$18) RETURNING "id" [true, "Customer 21", %{}, "customer21@example.com", false, "trial", 100, 0, 0, 0, false, "$2b$12$4NXkc83Le69cAlm8EFnyWuJRinOSKklqTsg4bgqLxV8SVUYhcNTm2", 0, "active", 5, 0, ~N[2025-09-11 20:25:08], ~N[2025-09-11 20:25:08]]
14:25:08.877 [debug] QUERY OK source="customers" db=0.1ms
INSERT INTO "customers" ("active","name","metadata","email","is_staff","subscription_plan","monthly_limit","current_usage","fixes_quota_this_month","fixes_used_this_month","has_payment_method","password_hash","rollover_fixes","subscription_status","trial_fixes_limit","trial_fixes_used","inserted_at","updated_at") VALUES ($1,$2,$3,$4,$5,$6,$7,$8,$9,$10,$11,$12,$13,$14,$15,$16,$17,$18) RETURNING "id" [true, "Customer 22", %{}, "customer22@example.com", false, "trial", 100, 0, 0, 0, false, "$2b$12$HC0uIzSu1qf56DV8JuRggenJwm8bXu1touM8iVWqliFCjP0dBmfYG", 0, "active", 5, 0, ~N[2025-09-11 20:25:08], ~N[2025-09-11 20:25:08]]
14:25:09.014 [debug] QUERY OK source="customers" db=0.2ms
INSERT INTO "customers" ("active","name","metadata","email","is_staff","subscription_plan","monthly_limit","current_usage","fixes_quota_this_month","fixes_used_this_month","has_payment_method","password_hash","rollover_fixes","subscription_status","trial_fixes_limit","trial_fixes_used","inserted_at","updated_at") VALUES ($1,$2,$3,$4,$5,$6,$7,$8,$9,$10,$11,$12,$13,$14,$15,$16,$17,$18) RETURNING "id" [true, "Customer 23", %{}, "customer23@example.com", false, "trial", 100, 0, 0, 0, false, "$2b$12$dxDtkRMwbInkmNsHjZ2xvuUhQ1Vl0GDeP49majl6ndWIPD6.gnKrm", 0, "active", 5, 0, ~N[2025-09-11 20:25:09], ~N[2025-09-11 20:25:09]]
14:25:09.150 [debug] QUERY OK source="customers" db=0.1ms
INSERT INTO "customers" ("active","name","metadata","email","is_staff","subscription_plan","monthly_limit","current_usage","fixes_quota_this_month","fixes_used_this_month","has_payment_method","password_hash","rollover_fixes","subscription_status","trial_fixes_limit","trial_fixes_used","inserted_at","updated_at") VALUES ($1,$2,$3,$4,$5,$6,$7,$8,$9,$10,$11,$12,$13,$14,$15,$16,$17,$18) RETURNING "id" [true, "Customer 24", %{}, "customer24@example.com", false, "trial", 100, 0, 0, 0, false, "$2b$12$b87KGdjb89xWDgeqsV0MieC4yh4MOa0G8mFrdIivnUZVnAFofg1la", 0, "active", 5, 0, ~N[2025-09-11 20:25:09], ~N[2025-09-11 20:25:09]]
14:25:09.287 [debug] QUERY OK source="customers" db=0.2ms
INSERT INTO "customers" ("active","name","metadata","email","is_staff","subscription_plan","monthly_limit","current_usage","fixes_quota_this_month","fixes_used_this_month","has_payment_method","password_hash","rollover_fixes","subscription_status","trial_fixes_limit","trial_fixes_used","inserted_at","updated_at") VALUES ($1,$2,$3,$4,$5,$6,$7,$8,$9,$10,$11,$12,$13,$14,$15,$16,$17,$18) RETURNING "id" [true, "Customer 25", %{}, "customer25@example.com", false, "trial", 100, 0, 0, 0, false, "$2b$12$qWcreo5r/gEPCB1/PpQTS.QckVgh37EVMnVstbV9FnIQBVsO0JpyO", 0, "active", 5, 0, ~N[2025-09-11 20:25:09], ~N[2025-09-11 20:25:09]]
14:25:09.287 request_id=GGRULZJkOCS2794AACAK [info] GET /admin/customers
14:25:09.287 request_id=GGRULZJkOCS2794AACAK [debug] Processing with RsolvWeb.Admin.CustomerLive.Index.index/2
  Parameters: %{}
  Pipelines: [:browser, :fetch_current_customer, :require_staff_customer]
14:25:09.288 request_id=GGRULZJkOCS2794AACAK [debug] QUERY OK source="customers" db=0.3ms
SELECT c0."id", c0."name", c0."email", c0."monthly_limit", c0."current_usage", c0."active", c0."metadata", c0."password_hash", c0."is_staff", c0."admin_level", c0."trial_fixes_used", c0."trial_fixes_limit", c0."stripe_customer_id", c0."subscription_plan", c0."subscription_status", c0."rollover_fixes", c0."payment_method_added_at", c0."trial_expired_at", c0."fixes_used_this_month", c0."fixes_quota_this_month", c0."has_payment_method", c0."inserted_at", c0."updated_at" FROM "customers" AS c0 WHERE (c0."id" = $1) [72017]
14:25:09.288 request_id=GGRULZJkOCS2794AACAK [debug] QUERY OK source="customers" db=0.1ms
SELECT count(*) FROM "customers" AS c0 []
14:25:09.288 request_id=GGRULZJkOCS2794AACAK [debug] QUERY OK source="customers" db=0.1ms
SELECT c0."id", c0."name", c0."email", c0."monthly_limit", c0."current_usage", c0."active", c0."metadata", c0."password_hash", c0."is_staff", c0."admin_level", c0."trial_fixes_used", c0."trial_fixes_limit", c0."stripe_customer_id", c0."subscription_plan", c0."subscription_status", c0."rollover_fixes", c0."payment_method_added_at", c0."trial_expired_at", c0."fixes_used_this_month", c0."fixes_quota_this_month", c0."has_payment_method", c0."inserted_at", c0."updated_at" FROM "customers" AS c0 ORDER BY c0."inserted_at" DESC LIMIT 20 OFFSET $1 [0]
14:25:09.288 request_id=GGRULZJkOCS2794AACAK [debug] QUERY OK source="fun_with_flags_toggles" db=0.0ms
SELECT f0."id", f0."flag_name", f0."gate_type", f0."target", f0."enabled" FROM "fun_with_flags_toggles" AS f0 WHERE (f0."flag_name" = $1) ["blog"]
14:25:09.288 request_id=GGRULZJkOCS2794AACAK [debug] Telemetry event: [:fun_with_flags, :persistence, :read], metadata: %{flag_name: :blog, gate: nil}, measurements: %{system_time: 1757622309288700071}
14:25:09.288 request_id=GGRULZJkOCS2794AACAK [info] Sent 200 in 1ms
14:25:09.289 [debug] MOUNT RsolvWeb.Admin.CustomerLive.Index
  Parameters: %{}
  Session: %{"_csrf_token" => "a9Iw6mhVM5XFaiTbMHXM0_Vw", "customer_token" => "fyZUSHdga6pp_6kncyrqL28v-RPPsCeIbNBt1Yxyz2U="}
14:25:09.289 [debug] Replied in 23µs
14:25:09.289 [debug] HANDLE PARAMS in RsolvWeb.Admin.CustomerLive.Index
  Parameters: %{}
14:25:09.289 [debug] QUERY OK source="customers" db=0.0ms
SELECT count(*) FROM "customers" AS c0 []
14:25:09.289 [debug] QUERY OK source="customers" db=0.0ms
SELECT c0."id", c0."name", c0."email", c0."monthly_limit", c0."current_usage", c0."active", c0."metadata", c0."password_hash", c0."is_staff", c0."admin_level", c0."trial_fixes_used", c0."trial_fixes_limit", c0."stripe_customer_id", c0."subscription_plan", c0."subscription_status", c0."rollover_fixes", c0."payment_method_added_at", c0."trial_expired_at", c0."fixes_used_this_month", c0."fixes_quota_this_month", c0."has_payment_method", c0."inserted_at", c0."updated_at" FROM "customers" AS c0 ORDER BY c0."inserted_at" DESC LIMIT 20 OFFSET $1 [0]
14:25:09.289 [debug] Replied in 249µs
14:25:09.289 [debug] QUERY OK source="fun_with_flags_toggles" db=0.0ms
SELECT f0."id", f0."flag_name", f0."gate_type", f0."target", f0."enabled" FROM "fun_with_flags_toggles" AS f0 WHERE (f0."flag_name" = $1) ["blog"]
14:25:09.289 [debug] Telemetry event: [:fun_with_flags, :persistence, :read], metadata: %{flag_name: :blog, gate: nil}, measurements: %{system_time: 1757622309289978487}
14:25:09.291 [debug] HANDLE PARAMS in RsolvWeb.Admin.CustomerLive.Index
  Parameters: %{"page" => "2", "sort_by" => "inserted_at", "sort_order" => "desc", "status" => "all"}
14:25:09.291 [debug] QUERY OK source="customers" db=0.0ms
SELECT count(*) FROM "customers" AS c0 []
14:25:09.291 [debug] QUERY OK source="customers" db=0.0ms
SELECT c0."id", c0."name", c0."email", c0."monthly_limit", c0."current_usage", c0."active", c0."metadata", c0."password_hash", c0."is_staff", c0."admin_level", c0."trial_fixes_used", c0."trial_fixes_limit", c0."stripe_customer_id", c0."subscription_plan", c0."subscription_status", c0."rollover_fixes", c0."payment_method_added_at", c0."trial_expired_at", c0."fixes_used_this_month", c0."fixes_quota_this_month", c0."has_payment_method", c0."inserted_at", c0."updated_at" FROM "customers" AS c0 ORDER BY c0."inserted_at" DESC LIMIT 20 OFFSET $1 [20]
14:25:09.291 [debug] Replied in 278µs
14:25:09.291 [debug] QUERY OK source="fun_with_flags_toggles" db=0.0ms
SELECT f0."id", f0."flag_name", f0."gate_type", f0."target", f0."enabled" FROM "fun_with_flags_toggles" AS f0 WHERE (f0."flag_name" = $1) ["blog"]
14:25:09.291 [debug] Telemetry event: [:fun_with_flags, :persistence, :read], metadata: %{flag_name: :blog, gate: nil}, measurements: %{system_time: 1757622309291660879}


  1) test Index paginates customers (RsolvWeb.Admin.CustomerLiveTest)
     test/rsolv_web/live/admin/customer_live_test.exs:35
     Assertion with =~ failed
     code:  assert html =~ "Customer 1"
     left:  "<div id=\"phx-GGRULZJsaJfv3iCK\" data-phx-main=\"\" data-phx-session=\"SFMyNTY.g2gDaAJhBnQAAAAIdwJpZG0AAAAUcGh4LUdHUlVMWkpzYUpmdjNpQ0t3B3Nlc3Npb250AAAAAHcGcm91dGVydxZFbGl4aXIuUnNvbHZXZWIuUm91dGVydwpwYXJlbnRfcGlkdwNuaWx3BHZpZXd3KEVsaXhpci5Sc29sdldlYi5BZG1pbi5DdXN0b21lckxpdmUuSW5kZXh3CHJvb3RfcGlkdwNuaWx3CXJvb3Rfdmlld3coRWxpeGlyLlJzb2x2V2ViLkFkbWluLkN1c3RvbWVyTGl2ZS5JbmRleHcRbGl2ZV9zZXNzaW9uX25hbWV3B2RlZmF1bHRuBgCoEXQ6mQFiAAFRgA.mmYZUB9RK_dJPgopmwSYQLisibHn9_UVkhrim91esws\" data-phx-static=\"SFMyNTY.g2gDaAJhBnQAAAADdwJpZG0AAAAUcGh4LUdHUlVMWkpzYUpmdjNpQ0t3BWZsYXNodAAAAAB3CmFzc2lnbl9uZXdqbgYAqBF0OpkBYgABUYA.ezhep51ENJJ27WV3-lGdrYGKrB7u-oujd6q43SNxmHg\"><header class=\"fixed top-0 left-0 right-0 z-50 transition-all duration-300 bg-white/80 dark:bg-gray-900/80 backdrop-blur-sm\"><div class=\"container mx-auto px-4 sm:px-6 lg:px-8\"><div class=\"flex items-center justify-between py-4 text-sm\"><div class=\"flex items-center gap-4\"><a href=\"/\" class=\"flex items-center\"><img src=\"/images/rsolv_logo_transparent.png\" width=\"100\" alt=\"RSOLV - Automatic Security Detection\" id=\"header-logo\"/></a></div><nav class=\"hidden md:flex items-center gap-8\"><a href=\"#features\" class=\"font-medium text-gray-700 dark:text-white/90 hover:text-gray-900 dark:hover:text-white transition-colors\">Features</a><a href=\"#pricing\" class=\"font-medium text-gray-700 dark:text-white/90 hover:text-gray-900 dark:hover:text-white transition-colors\">Pricing</a><a href=\"#faq\" class=\"font-medium text-gray-700 dark:text-white/90 hover:text-gray-900 dark:hover:text-white transition-colors\">FAQ</a><a href=\"/feedback\" class=\"font-medium text-gray-700 dark:text-white/90 hover:text-gray-900 dark:hover:text-white transition-colors\">Feedback</a><button type=\"button\" data-theme-toggle=\"\" class=\"ml-2 relative inline-flex h-8 w-8 items-center justify-center rounded-lg transition-colors hover:bg-gray-100 dark:hover:bg-gray-800 focus:outline-none focus:ring-2 focus:ring-brand-blue focus:ring-offset-2 dark:focus:ring-offset-gray-900\" aria-label=\"Toggle dark mode\"><!-- Sun icon (visible in dark mode) --><svg class=\"theme-toggle-light-icon hidden dark:block w-5 h-5 text-yellow-400\" fill=\"currentColor\" viewBox=\"0 0 24 24\" stroke=\"none\"><path d=\"M12 3v1m0 16v1m9-9h-1M4 12H3m15.364 6.364l-.707-.707M6.343 6.343l-.707-.707m12.728 0l-.707.707M6.343 17.657l-.707.707M16 12a4 4 0 11-8 0 4 4 0 018 0z\" stroke=\"currentColor\" stroke-width=\"2\" stroke-linecap=\"round\" stroke-linejoin=\"round\" fill=\"none\"></path></svg><!-- Moon icon (visible in light mode) --><svg class=\"theme-toggle-dark-icon block dark:hidden w-5 h-5 text-gray-600 dark:text-gray-400\" fill=\"currentColor\" viewBox=\"0 0 24 24\" stroke=\"none\"><path d=\"M17.293 13.293A8 8 0 016.707 2.707a8.001 8.001 0 1010.586 10.586z\"></path></svg></button><a href=\"/#early-access\" class=\"bg-brand-blue dark:bg-white text-white dark:text-brand-blue font-medium py-2 px-6 rounded-md hover:bg-blue-600 dark:hover:bg-gray-100 transition-colors\">\n          Get Early Access <span aria-hidden=\"true\">→</span></a></nav><!-- Mobile menu button --><div class=\"md:hidden flex items-center gap-2\"><button type=\"button\" data-theme-toggle=\"\" class=\" relative inline-flex h-8 w-8 items-center justify-center rounded-lg transition-colors hover:bg-gray-100 dark:hover:bg-gray-800 focus:outline-none focus:ring-2 focus:ring-brand-blue focus:ring-offset-2 dark:focus:ring-offset-gray-900\" aria-label=\"Toggle dark mode\"><!-- Sun icon (visible in dark mode) --><svg class=\"theme-toggle-light-icon hidden dark:block w-5 h-5 text-yellow-400\" fill=\"currentColor\" viewBox=\"0 0 24 24\" stroke=\"none\"><path d=\"M12 3v1m0 16v1m9-9h-1M4 12H3m15.364 6.364l-.707-.707M6.343 6.343l-.707-.707m12.728 0l-.707.707M6.343 17.657l-.707.707M16 12a4 4 0 11-8 0 4 4 0 018 0z\" stroke=\"currentColor\" stroke-width=\"2\" stroke-linecap=\"round\" stroke-linejoin=\"round\" fill=\"none\"></path></svg><!-- Moon icon (visible in light mode) --><svg class=\"theme-toggle-dark-icon block dark:hidden w-5 h-5 text-gray-600 dark:text-gray-400\" fill=\"currentColor\" viewBox=\"0 0 24 24\" stroke=\"none\"><path d=\"M17.293 13.293A8 8 0 016.707 2.707a8.001 8.001 0 10" <> ...
     right: "Customer 1"
     stacktrace:
       test/rsolv_web/live/admin/customer_live_test.exs:63: (test)

............................14:25:09.296 [debug] PatternServer: Loading patterns for cobol
14:25:09.296 [info] PatternAdapter loading patterns for cobol: found 0 patterns
.14:25:09.296 [info] PatternAdapter loading patterns for javascript: found 30 patterns
14:25:09.296 [debug] Could not load module for pattern js-timing-attack: :nofile
14:25:09.296 [debug] Could not load module for pattern js-missing-csrf: :nofile
..14:25:09.297 [debug] Could not load module for pattern unknown-pattern: :nofile
.14:25:09.297 [info] PatternAdapter loading patterns for javascript: found 30 patterns
14:25:09.297 [debug] Could not load module for pattern js-timing-attack: :nofile
14:25:09.297 [debug] Could not load module for pattern js-missing-csrf: :nofile
.14:25:09.297 [info] PatternAdapter loading patterns for javascript: found 30 patterns
14:25:09.297 [debug] Could not load module for pattern js-timing-attack: :nofile
14:25:09.297 [debug] Could not load module for pattern js-missing-csrf: :nofile
.14:25:09.298 [info] PatternAdapter loading patterns for python: found 12 patterns
...14:25:09.298 [info] PatternAdapter loading patterns for python: found 12 patterns
14:25:09.298 [info] PatternAdapter loading patterns for ruby: found 20 patterns
14:25:09.298 [debug] Could not load module for pattern ruby-broken-access-control-missing-auth: :nofile
14:25:09.298 [debug] Could not load module for pattern ruby-debug-mode: :nofile
14:25:09.299 [info] PatternAdapter loading patterns for javascript: found 30 patterns
14:25:09.299 [debug] Could not load module for pattern js-timing-attack: :nofile
14:25:09.299 [debug] Could not load module for pattern js-missing-csrf: :nofile
14:25:09.299 [info] PatternAdapter loading patterns for php: found 25 patterns
14:25:09.299 [info] PatternAdapter loading patterns for java: found 17 patterns
14:25:09.299 [debug] PatternServer: Loading patterns for go
14:25:09.300 [info] PatternAdapter loading patterns for go: found 0 patterns
.14:25:09.300 [info] PatternAdapter loading patterns for python: found 12 patterns
..14:25:09.300 [info] PatternAdapter loading patterns for javascript: found 30 patterns
14:25:09.300 [debug] Could not load module for pattern js-timing-attack: :nofile
14:25:09.300 [debug] Could not load module for pattern js-missing-csrf: :nofile
..14:25:09.301 request_id=GGRULZM0duOBr-sAABgL [info] GET /api/v1/patterns/js-xss-dom/metadata
14:25:09.301 request_id=GGRULZM0duOBr-sAABgL [debug] Processing with RsolvWeb.Api.V1.PatternController.metadata/2
  Parameters: %{"id" => "js-xss-dom"}
  Pipelines: [:api]
14:25:09.301 request_id=GGRULZM0duOBr-sAABgL [info] Sent 404 in 106µs
.14:25:09.301 request_id=GGRULZM694iTywcAAAcY [info] GET /api/v1/patterns/by-language/javascript
14:25:09.301 request_id=GGRULZM694iTywcAAAcY [debug] Processing with RsolvWeb.Api.V1.PatternController.by_language/2
  Parameters: %{"include_metadata" => "true", "language" => "javascript"}
  Pipelines: [:api]
14:25:09.301 request_id=GGRULZM694iTywcAAAcY [info] Pattern API called with params: %{"include_metadata" => "true", "language" => "javascript"}
14:25:09.301 request_id=GGRULZM694iTywcAAAcY [info] Language: javascript, Format: standard
14:25:09.301 request_id=GGRULZM694iTywcAAAcY [info] API key status: :none
14:25:09.301 request_id=GGRULZM694iTywcAAAcY [info] Getting demo patterns for javascript
14:25:09.301 request_id=GGRULZM694iTywcAAAcY [info] Retrieved 5 patterns
14:25:09.301 request_id=GGRULZM694iTywcAAAcY [debug] Formatting pattern: "js-sql-injection-concat"
14:25:09.301 request_id=GGRULZM694iTywcAAAcY [debug] Formatted pattern keys: ["cweId", "description", "examples", "frameworks", "id", "languages", "name", "owaspCategory", "recommendation", "regex", "regexPatterns", "severity", "supportsAst", "type"]
14:25:09.301 request_id=GGRULZM694iTywcAAAcY [debug] Formatting pattern: "js-xss-innerhtml"
14:25:09.302 request_id=GGRULZM694iTywcAAAcY [debug] Formatted pattern keys: ["cweId", "description", "examples", "frameworks", "id", "languages", "name", "owaspCategory", "recommendation", "regex", "regexPatterns", "severity", "supportsAst", "type"]
14:25:09.302 request_id=GGRULZM694iTywcAAAcY [debug] Formatting pattern: "js-command-injection-exec"
14:25:09.302 request_id=GGRULZM694iTywcAAAcY [debug] Formatted pattern keys: ["cweId", "description", "examples", "frameworks", "id", "languages", "name", "owaspCategory", "recommendation", "regex", "regexPatterns", "severity", "supportsAst", "type"]
14:25:09.302 request_id=GGRULZM694iTywcAAAcY [debug] Formatting pattern: "js-weak-crypto-md5"
14:25:09.302 request_id=GGRULZM694iTywcAAAcY [debug] Formatted pattern keys: ["cweId", "description", "examples", "frameworks", "id", "languages", "name", "owaspCategory", "recommendation", "regex", "regexPatterns", "severity", "supportsAst", "type"]
14:25:09.302 request_id=GGRULZM694iTywcAAAcY [debug] Formatting pattern: "js-hardcoded-secret-api-key"
14:25:09.302 request_id=GGRULZM694iTywcAAAcY [debug] Formatted pattern keys: ["cweId", "description", "examples", "frameworks", "id", "languages", "name", "owaspCategory", "recommendation", "regex", "regexPatterns", "severity", "supportsAst", "type"]
14:25:09.302 request_id=GGRULZM694iTywcAAAcY [info] Sent 200 in 641µs
.14:25:09.302 request_id=GGRULZNMTLrsei8AABUM [info] GET /api/v1/patterns/js-sql-injection-concat/metadata
14:25:09.302 request_id=GGRULZNMTLrsei8AABUM [debug] Processing with RsolvWeb.Api.V1.PatternController.metadata/2
  Parameters: %{"id" => "js-sql-injection-concat"}
  Pipelines: [:api]
14:25:09.302 request_id=GGRULZNMTLrsei8AABUM [info] Sent 200 in 78µs
.14:25:09.303 request_id=GGRULZNR22Lupw0AABiL [info] GET /api/v1/patterns/by-language/javascript
14:25:09.303 request_id=GGRULZNR22Lupw0AABiL [debug] Processing with RsolvWeb.Api.V1.PatternController.by_language/2
  Parameters: %{"language" => "javascript"}
  Pipelines: [:api]
14:25:09.303 request_id=GGRULZNR22Lupw0AABiL [info] Pattern API called with params: %{"language" => "javascript"}
14:25:09.303 request_id=GGRULZNR22Lupw0AABiL [info] Language: javascript, Format: standard
14:25:09.303 request_id=GGRULZNR22Lupw0AABiL [info] API key status: :none
14:25:09.303 request_id=GGRULZNR22Lupw0AABiL [info] Getting demo patterns for javascript
14:25:09.303 request_id=GGRULZNR22Lupw0AABiL [info] Retrieved 5 patterns
14:25:09.303 request_id=GGRULZNR22Lupw0AABiL [debug] Formatting pattern: "js-sql-injection-concat"
14:25:09.303 request_id=GGRULZNR22Lupw0AABiL [debug] Formatted pattern keys: ["cweId", "description", "examples", "frameworks", "id", "languages", "name", "owaspCategory", "recommendation", "regex", "regexPatterns", "severity", "supportsAst", "type"]
14:25:09.303 request_id=GGRULZNR22Lupw0AABiL [debug] Formatting pattern: "js-xss-innerhtml"
14:25:09.303 request_id=GGRULZNR22Lupw0AABiL [debug] Formatted pattern keys: ["cweId", "description", "examples", "frameworks", "id", "languages", "name", "owaspCategory", "recommendation", "regex", "regexPatterns", "severity", "supportsAst", "type"]
14:25:09.303 request_id=GGRULZNR22Lupw0AABiL [debug] Formatting pattern: "js-command-injection-exec"
14:25:09.303 request_id=GGRULZNR22Lupw0AABiL [debug] Formatted pattern keys: ["cweId", "description", "examples", "frameworks", "id", "languages", "name", "owaspCategory", "recommendation", "regex", "regexPatterns", "severity", "supportsAst", "type"]
14:25:09.303 request_id=GGRULZNR22Lupw0AABiL [debug] Formatting pattern: "js-weak-crypto-md5"
14:25:09.303 request_id=GGRULZNR22Lupw0AABiL [debug] Formatted pattern keys: ["cweId", "description", "examples", "frameworks", "id", "languages", "name", "owaspCategory", "recommendation", "regex", "regexPatterns", "severity", "supportsAst", "type"]
14:25:09.303 request_id=GGRULZNR22Lupw0AABiL [debug] Formatting pattern: "js-hardcoded-secret-api-key"
14:25:09.303 request_id=GGRULZNR22Lupw0AABiL [debug] Formatted pattern keys: ["cweId", "description", "examples", "frameworks", "id", "languages", "name", "owaspCategory", "recommendation", "regex", "regexPatterns", "severity", "supportsAst", "type"]
14:25:09.303 request_id=GGRULZNR22Lupw0AABiL [info] Sent 200 in 407µs
.14:25:09.303 request_id=GGRULZNcchmyKQEAABWM [info] GET /api/v1/patterns/non-existent-pattern/metadata
14:25:09.303 request_id=GGRULZNcchmyKQEAABWM [debug] Processing with RsolvWeb.Api.V1.PatternController.metadata/2
  Parameters: %{"id" => "non-existent-pattern"}
  Pipelines: [:api]
14:25:09.303 request_id=GGRULZNcchmyKQEAABWM [info] Sent 404 in 74µs
.14:25:09.304 request_id=GGRULZNih4ToRXgAABkL [info] POST /api/track
14:25:09.304 request_id=GGRULZNih4ToRXgAABkL [debug] Processing with RsolvWeb.TrackController.track/2
  Parameters: %{"type" => "page_view"}
  Pipelines: [:api]
14:25:09.306 request_id=GGRULZNih4ToRXgAABkL [debug] Tracking event received: page_view
14:25:09.306 request_id=GGRULZNih4ToRXgAABkL [info] Analytics event tracked
14:25:09.308 request_id=GGRULZNih4ToRXgAABkL [debug] QUERY OK db=1.5ms queue=0.2ms
SELECT create_analytics_partition_if_not_exists($1::date) [~D[2025-09-11]]
14:25:09.308 request_id=GGRULZNih4ToRXgAABkL [debug] QUERY OK source="analytics_events" db=0.3ms queue=0.1ms
INSERT INTO "analytics_events" ("metadata","event_type","visitor_id","page_path","ip_address","inserted_at","updated_at") VALUES ($1,$2,$3,$4,$5,$6,$7) RETURNING "id" [%{request_path: "/api/track"}, "page_view", "4be950eabc2ebaa2ff23a60662313cb7", "/", "127.0.0.1", ~N[2025-09-11 20:25:09], ~N[2025-09-11 20:25:09]]
14:25:09.308 request_id=GGRULZNih4ToRXgAABkL [info] Sent 201 in 4ms
14:25:09.308 request_id=GGRULZOo8k7oRXgAABoS [info] POST /api/track
14:25:09.308 request_id=GGRULZOo8k7oRXgAABoS [debug] Processing with RsolvWeb.TrackController.track/2
  Parameters: %{"type" => "form_submit"}
  Pipelines: [:api]
14:25:09.309 request_id=GGRULZOo8k7oRXgAABoS [debug] Tracking event received: form_submit
14:25:09.309 request_id=GGRULZOo8k7oRXgAABoS [info] Analytics event tracked
14:25:09.309 request_id=GGRULZOo8k7oRXgAABoS [debug] QUERY OK db=0.2ms
SELECT create_analytics_partition_if_not_exists($1::date) [~D[2025-09-11]]
14:25:09.309 request_id=GGRULZOo8k7oRXgAABoS [debug] QUERY OK source="analytics_events" db=0.1ms
INSERT INTO "analytics_events" ("metadata","event_type","visitor_id","ip_address","inserted_at","updated_at") VALUES ($1,$2,$3,$4,$5,$6) RETURNING "id" [%{status: "submit", form_id: "unknown", request_path: "/api/track"}, "form_submit", "bd9577ad2602a35dd47c95ecbffca4d8", "127.0.0.1", ~N[2025-09-11 20:25:09], ~N[2025-09-11 20:25:09]]
14:25:09.309 request_id=GGRULZOo8k7oRXgAABoS [info] Sent 201 in 732µs
14:25:09.309 request_id=GGRULZO0zLfoRXgAABqS [info] POST /api/track
14:25:09.309 request_id=GGRULZO0zLfoRXgAABqS [debug] Processing with RsolvWeb.TrackController.track/2
  Parameters: %{"type" => "conversion"}
  Pipelines: [:api]
14:25:09.309 request_id=GGRULZO0zLfoRXgAABqS [debug] Tracking event received: conversion
14:25:09.309 request_id=GGRULZO0zLfoRXgAABqS [info] Analytics event tracked
14:25:09.310 request_id=GGRULZO0zLfoRXgAABqS [debug] QUERY OK db=0.1ms
SELECT create_analytics_partition_if_not_exists($1::date) [~D[2025-09-11]]
14:25:09.310 request_id=GGRULZO0zLfoRXgAABqS [debug] QUERY OK source="analytics_events" db=0.1ms
INSERT INTO "analytics_events" ("metadata","event_type","visitor_id","ip_address","inserted_at","updated_at") VALUES ($1,$2,$3,$4,$5,$6) RETURNING "id" [%{request_path: "/api/track", conversion_type: "unknown"}, "conversion", "095883ed032c1cbc88c94c83138330ff", "127.0.0.1", ~N[2025-09-11 20:25:09], ~N[2025-09-11 20:25:09]]
14:25:09.310 request_id=GGRULZO0zLfoRXgAABqS [info] Sent 201 in 581µs
14:25:09.310 request_id=GGRULZO-Q97oRXgAABsS [info] POST /api/track
14:25:09.310 request_id=GGRULZO-Q97oRXgAABsS [debug] Processing with RsolvWeb.TrackController.track/2
  Parameters: %{"type" => "click"}
  Pipelines: [:api]
14:25:09.310 request_id=GGRULZO-Q97oRXgAABsS [debug] Tracking event received: click
14:25:09.310 request_id=GGRULZO-Q97oRXgAABsS [warning] Tracking undefined event: click. Consider adding to @events list.
14:25:09.310 request_id=GGRULZO-Q97oRXgAABsS [info] Analytics event tracked
14:25:09.310 request_id=GGRULZO-Q97oRXgAABsS [debug] QUERY OK db=0.1ms
SELECT create_analytics_partition_if_not_exists($1::date) [~D[2025-09-11]]
14:25:09.310 request_id=GGRULZO-Q97oRXgAABsS [debug] QUERY OK source="analytics_events" db=0.1ms
INSERT INTO "analytics_events" ("metadata","event_type","visitor_id","ip_address","inserted_at","updated_at") VALUES ($1,$2,$3,$4,$5,$6) RETURNING "id" [%{request_path: "/api/track"}, "click", "7d9e136a840e194953a66d865e706c86", "127.0.0.1", ~N[2025-09-11 20:25:09], ~N[2025-09-11 20:25:09]]
14:25:09.310 request_id=GGRULZO-Q97oRXgAABsS [info] Sent 201 in 622µs
..14:25:09.311 request_id=GGRULZPPNktUI-AAAHcC [info] POST /api/track
14:25:09.311 request_id=GGRULZPPNktUI-AAAHcC [debug] Processing with RsolvWeb.TrackController.track/2
  Parameters: %{"data" => %{"test" => "validation"}, "type" => "test"}
  Pipelines: [:api]
14:25:09.311 request_id=GGRULZPPNktUI-AAAHcC [debug] Tracking event received: test
14:25:09.311 request_id=GGRULZPPNktUI-AAAHcC [warning] Tracking undefined event: test. Consider adding to @events list.
14:25:09.311 request_id=GGRULZPPNktUI-AAAHcC [info] Analytics event tracked
14:25:09.313 request_id=GGRULZPPNktUI-AAAHcC [debug] QUERY OK db=1.2ms queue=0.1ms
SELECT create_analytics_partition_if_not_exists($1::date) [~D[2025-09-11]]
14:25:09.313 request_id=GGRULZPPNktUI-AAAHcC [debug] QUERY OK source="analytics_events" db=0.3ms queue=0.1ms
INSERT INTO "analytics_events" ("metadata","event_type","visitor_id","ip_address","inserted_at","updated_at") VALUES ($1,$2,$3,$4,$5,$6) RETURNING "id" [%{test: "validation", request_path: "/api/track"}, "test", "b2a3c020ff0e45d23958658670681b77", "127.0.0.1", ~N[2025-09-11 20:25:09], ~N[2025-09-11 20:25:09]]
14:25:09.313 request_id=GGRULZPPNktUI-AAAHcC [info] Sent 201 in 2ms
.14:25:09.313 request_id=GGRULZP1vi0VHXMAABYM [info] POST /api/track
14:25:09.314 request_id=GGRULZP1vi0VHXMAABYM [debug] Processing with RsolvWeb.TrackController.track/2
  Parameters: %{"type" => "test"}
  Pipelines: [:api]
14:25:09.314 request_id=GGRULZP1vi0VHXMAABYM [debug] Tracking event received: test
14:25:09.314 request_id=GGRULZP1vi0VHXMAABYM [warning] Tracking undefined event: test. Consider adding to @events list.
14:25:09.314 request_id=GGRULZP1vi0VHXMAABYM [info] Analytics event tracked
14:25:09.315 request_id=GGRULZP1vi0VHXMAABYM [debug] QUERY OK db=1.2ms queue=0.1ms
SELECT create_analytics_partition_if_not_exists($1::date) [~D[2025-09-11]]
14:25:09.315 request_id=GGRULZP1vi0VHXMAABYM [debug] QUERY OK source="analytics_events" db=0.1ms
INSERT INTO "analytics_events" ("metadata","event_type","visitor_id","ip_address","inserted_at","updated_at") VALUES ($1,$2,$3,$4,$5,$6) RETURNING "id" [%{request_path: "/api/track"}, "test", "bbc6f4177112b482da33ca72eb8cfef2", "127.0.0.1", ~N[2025-09-11 20:25:09], ~N[2025-09-11 20:25:09]]
14:25:09.315 request_id=GGRULZP1vi0VHXMAABYM [info] Sent 201 in 1ms
.14:25:09.316 request_id=GGRULZQY9bRz-aAAAAeY [info] POST /api/track
14:25:09.316 request_id=GGRULZQY9bRz-aAAAAeY [debug] Processing with RsolvWeb.TrackController.track/2
  Parameters: %{"type" => "page_view"}
  Pipelines: [:api]
14:25:09.316 request_id=GGRULZQY9bRz-aAAAAeY [debug] Tracking event received: page_view
14:25:09.316 request_id=GGRULZQY9bRz-aAAAAeY [info] Analytics event tracked
14:25:09.317 request_id=GGRULZQY9bRz-aAAAAeY [debug] QUERY OK db=0.8ms queue=0.1ms
SELECT create_analytics_partition_if_not_exists($1::date) [~D[2025-09-11]]
14:25:09.317 request_id=GGRULZQY9bRz-aAAAAeY [debug] QUERY OK source="analytics_events" db=0.1ms
INSERT INTO "analytics_events" ("metadata","event_type","visitor_id","page_path","ip_address","inserted_at","updated_at") VALUES ($1,$2,$3,$4,$5,$6,$7) RETURNING "id" [%{request_path: "/api/track"}, "page_view", "0b0f5970cda1037839cc4875eba28096", "/", "127.0.0.1", ~N[2025-09-11 20:25:09], ~N[2025-09-11 20:25:09]]
14:25:09.317 request_id=GGRULZQY9bRz-aAAAAeY [info] Sent 201 in 1ms
....14:25:09.321 [debug] QUERY OK source="fun_with_flags_toggles" db=0.1ms
INSERT INTO "fun_with_flags_toggles" AS f0 ("enabled","target","flag_name","gate_type") VALUES ($1,$2,$3,$4) ON CONFLICT ("flag_name","gate_type","target") DO UPDATE SET "enabled" = $5 RETURNING "id" [false, "_fwf_none", "disabled_test_feature", "boolean", false]
14:25:09.321 [debug] QUERY OK source="fun_with_flags_toggles" db=0.0ms
SELECT f0."id", f0."flag_name", f0."gate_type", f0."target", f0."enabled" FROM "fun_with_flags_toggles" AS f0 WHERE (f0."flag_name" = $1) ["disabled_test_feature"]
14:25:09.321 [debug] Telemetry event: [:fun_with_flags, :persistence, :write], metadata: %{flag_name: :disabled_test_feature, gate: %FunWithFlags.Gate{type: :boolean, for: nil, enabled: false}}, measurements: %{system_time: 1757622309321332132}
14:25:09.321 [debug] QUERY OK source="fun_with_flags_toggles" db=0.0ms
SELECT f0."id", f0."flag_name", f0."gate_type", f0."target", f0."enabled" FROM "fun_with_flags_toggles" AS f0 WHERE (f0."flag_name" = $1) ["disabled_test_feature"]
14:25:09.321 [debug] Telemetry event: [:fun_with_flags, :persistence, :read], metadata: %{flag_name: :disabled_test_feature, gate: nil}, measurements: %{system_time: 1757622309321523503}
14:25:09.321 [warning] Tracking undefined event: feature_disabled_access. Consider adding to @events list.
14:25:09.321 [info] Analytics event tracked
14:25:09.322 [debug] QUERY OK db=1.2ms queue=0.1ms
SELECT create_analytics_partition_if_not_exists($1::date) [~D[2025-09-11]]
14:25:09.323 [debug] QUERY OK source="analytics_events" db=0.2ms queue=0.1ms
INSERT INTO "analytics_events" ("metadata","event_type","visitor_id","inserted_at","updated_at") VALUES ($1,$2,$3,$4,$5) RETURNING "id" [%{path: "/", feature: :disabled_test_feature, method: "GET", remote_ip: "127.0.0.1"}, "feature_disabled_access", "0de43e59da1aa0c1ff73f9d5f6a9d3ec", ~N[2025-09-11 20:25:09], ~N[2025-09-11 20:25:09]]
14:25:09.323 [info] Access attempt to disabled feature
...14:25:09.325 [debug] QUERY OK source="fun_with_flags_toggles" db=0.1ms queue=0.1ms
INSERT INTO "fun_with_flags_toggles" AS f0 ("enabled","target","flag_name","gate_type") VALUES ($1,$2,$3,$4) ON CONFLICT ("flag_name","gate_type","target") DO UPDATE SET "enabled" = $5 RETURNING "id" [true, "_fwf_none", "enabled_test_feature", "boolean", true]
14:25:09.326 [debug] QUERY OK source="fun_with_flags_toggles" db=0.0ms
SELECT f0."id", f0."flag_name", f0."gate_type", f0."target", f0."enabled" FROM "fun_with_flags_toggles" AS f0 WHERE (f0."flag_name" = $1) ["enabled_test_feature"]
14:25:09.326 [debug] Telemetry event: [:fun_with_flags, :persistence, :write], metadata: %{flag_name: :enabled_test_feature, gate: %FunWithFlags.Gate{type: :boolean, for: nil, enabled: true}}, measurements: %{system_time: 1757622309326151240}
14:25:09.326 [debug] QUERY OK source="fun_with_flags_toggles" db=0.0ms
SELECT f0."id", f0."flag_name", f0."gate_type", f0."target", f0."enabled" FROM "fun_with_flags_toggles" AS f0 WHERE (f0."flag_name" = $1) ["enabled_test_feature"]
14:25:09.326 [debug] Telemetry event: [:fun_with_flags, :persistence, :read], metadata: %{flag_name: :enabled_test_feature, gate: nil}, measurements: %{system_time: 1757622309326364658}
...................................14:25:09.328 [debug] QUERY OK source="customers" db=0.0ms
INSERT INTO "customers" ("active","name","metadata","email","is_staff","subscription_plan","monthly_limit","current_usage","fixes_quota_this_month","fixes_used_this_month","has_payment_method","rollover_fixes","subscription_status","trial_fixes_limit","trial_fixes_used","inserted_at","updated_at") VALUES ($1,$2,$3,$4,$5,$6,$7,$8,$9,$10,$11,$12,$13,$14,$15,$16,$17) RETURNING "id" [true, "Test Customer 2073", %{}, "test2073@example.com", false, "trial", 100, 15, 0, 0, false, 0, "active", 5, 0, ~N[2025-09-11 20:25:09], ~N[2025-09-11 20:25:09]]
14:25:09.328 [debug] QUERY OK source="api_keys" db=0.1ms
INSERT INTO "api_keys" ("active","name","permissions","key","customer_id","inserted_at","updated_at") VALUES ($1,$2,$3,$4,$5,$6,$7) RETURNING "id" [true, "Test Key", ["full_access"], "rsolv_wHP_1a44VAW4Vc7_ey2ByBL_vn2ftec0LpU2gCvGN8I", 72045, ~U[2025-09-11 20:25:09Z], ~U[2025-09-11 20:25:09Z]]
14:25:09.328 request_id=GGRULZTZCl9RcjoAAAiY [info] POST /api/v1/vulnerabilities/validate
14:25:09.328 request_id=GGRULZTZCl9RcjoAAAiY [debug] Processing with RsolvWeb.Api.V1.VulnerabilityValidationRouter.validate/2
  Parameters: %{"files" => %{"large.js" => "function test1() { console.log('Line 1'); }\nfunction test2() { console.log('Line 2'); }\nfunction test3() { console.log('Line 3'); }\nfunction test4() { console.log('Line 4'); }\nfunction test5() { console.log('Line 5'); }\nfunction test6() { console.log('Line 6'); }\nfunction test7() { console.log('Line 7'); }\nfunction test8() { console.log('Line 8'); }\nfunction test9() { console.log('Line 9'); }\nfunction test10() { console.log('Line 10'); }\nfunction test11() { console.log('Line 11'); }\nfunction test12() { console.log('Line 12'); }\nfunction test13() { console.log('Line 13'); }\nfunction test14() { console.log('Line 14'); }\nfunction test15() { console.log('Line 15'); }\nfunction test16() { console.log('Line 16'); }\nfunction test17() { console.log('Line 17'); }\nfunction test18() { console.log('Line 18'); }\nfunction test19() { console.log('Line 19'); }\nfunction test20() { console.log('Line 20'); }\nfunction test21() { console.log('Line 21'); }\nfunction test22() { console.log('Line 22'); }\nfunction test23() { console.log('Line 23'); }\nfunction test24() { console.log('Line 24'); }\nfunction test25() { console.log('Line 25'); }\nfunction test26() { console.log('Line 26'); }\nfunction test27() { console.log('Line 27'); }\nfunction test28() { console.log('Line 28'); }\nfunction test29() { console.log('Line 29'); }\nfunction test30() { console.log('Line 30'); }\nfunction test31() { console.log('Line 31'); }\nfunction test32() { console.log('Line 32'); }\nfunction test33() { console.log('Line 33'); }\nfunction test34() { console.log('Line 34'); }\nfunction test35() { console.log('Line 35'); }\nfunction test36() { console.log('Line 36'); }\nfunction test37() { console.log('Line 37'); }\nfunction test38() { console.log('Line 38'); }\nfunction test39() { console.log('Line 39'); }\nfunction test40() { console.log('Line 40'); }\nfunction test41() { console.log('Line 41'); }\nfunction test42() { console.log('Line 42'); }\nfunction test43() { console.log('Line 43'); }\nfunction test44() { console.log('Line 44'); }\nfunction test45() { console.log('Line 45'); }\nfunction test46() { console.log('Line 46'); }\nfunction test47() { console.log('Line 47'); }\nfunction test48() { console.log('Line 48'); }\nfunction test49() { console.log('Line 49'); }\nfunction test50() { console.log('Line 50'); }\nfunction test51() { console.log('Line 51'); }\nfunction test52() { console.log('Line 52'); }\nfunction test53() { console.log('Line 53'); }\nfunction test54() { console.log('Line 54'); }\nfunction test55() { console.log('Line 55'); }\nfunction test56() { console.log('Line 56'); }\nfunction test57() { console.log('Line 57'); }\nfunction test58() { console.log('Line 58'); }\nfunction test59() { console.log('Line 59'); }\nfunction test60() { console.log('Line 60'); }\nfunction test61() { console.log('Line 61'); }\nfunction test62() { console.log('Line 62'); }\nfunction test63() { console.log('Line 63'); }\nfunction test64() { console.log('Line 64'); }\nfunction test65() { console.log('Line 65'); }\nfunction test66() { console.log('Line 66'); }\nfunction test67() { console.log('Line 67'); }\nfunction test68() { console.log('Line 68'); }\nfunction test69() { console.log('Line 69'); }\nfunction test70() { console.log('Line 70'); }\nfunction test71() { console.log('Line 71'); }\nfunction test72() { console.log('Line 72'); }\nfunction test73() { console.log('Line 73'); }\nfunction test74() { console.log('Line 74'); }\nfunction test75() { console.log('Line 75'); }\nfunction test76() { console.log('Line 76'); }\nfunction test77() { console.log('Line 77'); }\nfunction test78() { console.log('Line 78'); }\nfunction test79() { console.log('Line 79'); }\nfunction test80() { console.log('Line 80'); }\nfunction test81() { console.log('Line 81'); }\nfunction test82() { console.log('Line 82'); }\nfunction test83() { console.log('Line 83'); }\nfunction test84() { console.log('Line 84'); }\nfunction test85() { console.log('Line 85'); }\nfunction test86() { console.log('Line 86'); }\nfunction test87() { console.log('Line 87'); }\nfunction test88() { console.log('Line 88'); }\nfunction test89() { console.log('Line 89'); }\nfunction test90() { " <> ...}, "vulnerabilities" => [%{"code" => "eval(userInput)", "filePath" => "large.js", "id" => "perf-vuln", "line" => 50, "patternId" => "js-eval-injection", "severity" => "critical"}]}
  Pipelines: [:api]
14:25:09.329 request_id=GGRULZTZCl9RcjoAAAiY [debug] QUERY OK source="fun_with_flags_toggles" db=0.0ms
SELECT f0."id", f0."flag_name", f0."gate_type", f0."target", f0."enabled" FROM "fun_with_flags_toggles" AS f0 WHERE (f0."flag_name" = $1) ["false_positive_caching"]
14:25:09.329 request_id=GGRULZTZCl9RcjoAAAiY [debug] Telemetry event: [:fun_with_flags, :persistence, :read], metadata: %{flag_name: :false_positive_caching, gate: nil}, measurements: %{system_time: 1757622309329063087}
14:25:09.329 request_id=GGRULZTZCl9RcjoAAAiY [debug] Using standard validation controller (feature flag disabled)
14:25:09.329 request_id=GGRULZTZCl9RcjoAAAiY [debug] QUERY OK source="api_keys" db=0.2ms
SELECT a0."id", a0."key", a0."name", a0."permissions", a0."active", a0."last_used_at", a0."expires_at", a0."customer_id", a0."inserted_at", a0."updated_at" FROM "api_keys" AS a0 WHERE ((a0."key" = $1) AND (a0."active" = $2)) ["rsolv_wHP_1a44VAW4Vc7_ey2ByBL_vn2ftec0LpU2gCvGN8I", true]
14:25:09.329 request_id=GGRULZTZCl9RcjoAAAiY [debug] QUERY OK source="customers" db=0.0ms
SELECT c0."id", c0."name", c0."email", c0."monthly_limit", c0."current_usage", c0."active", c0."metadata", c0."password_hash", c0."is_staff", c0."admin_level", c0."trial_fixes_used", c0."trial_fixes_limit", c0."stripe_customer_id", c0."subscription_plan", c0."subscription_status", c0."rollover_fixes", c0."payment_method_added_at", c0."trial_expired_at", c0."fixes_used_this_month", c0."fixes_quota_this_month", c0."has_payment_method", c0."inserted_at", c0."updated_at" FROM "customers" AS c0 WHERE (c0."id" = $1) [72045]
14:25:09.329 request_id=GGRULZTZCl9RcjoAAAiY [info] Sent 200 in 802µs
14:25:09.329 request_id=GGRULZTmDDtRcjoAAAkY [info] POST /api/v1/vulnerabilities/validate
14:25:09.329 request_id=GGRULZTmDDtRcjoAAAkY [debug] Processing with RsolvWeb.Api.V1.VulnerabilityValidationRouter.validate/2
  Parameters: %{"files" => %{"large.js" => "function test1() { console.log('Line 1'); }\nfunction test2() { console.log('Line 2'); }\nfunction test3() { console.log('Line 3'); }\nfunction test4() { console.log('Line 4'); }\nfunction test5() { console.log('Line 5'); }\nfunction test6() { console.log('Line 6'); }\nfunction test7() { console.log('Line 7'); }\nfunction test8() { console.log('Line 8'); }\nfunction test9() { console.log('Line 9'); }\nfunction test10() { console.log('Line 10'); }\nfunction test11() { console.log('Line 11'); }\nfunction test12() { console.log('Line 12'); }\nfunction test13() { console.log('Line 13'); }\nfunction test14() { console.log('Line 14'); }\nfunction test15() { console.log('Line 15'); }\nfunction test16() { console.log('Line 16'); }\nfunction test17() { console.log('Line 17'); }\nfunction test18() { console.log('Line 18'); }\nfunction test19() { console.log('Line 19'); }\nfunction test20() { console.log('Line 20'); }\nfunction test21() { console.log('Line 21'); }\nfunction test22() { console.log('Line 22'); }\nfunction test23() { console.log('Line 23'); }\nfunction test24() { console.log('Line 24'); }\nfunction test25() { console.log('Line 25'); }\nfunction test26() { console.log('Line 26'); }\nfunction test27() { console.log('Line 27'); }\nfunction test28() { console.log('Line 28'); }\nfunction test29() { console.log('Line 29'); }\nfunction test30() { console.log('Line 30'); }\nfunction test31() { console.log('Line 31'); }\nfunction test32() { console.log('Line 32'); }\nfunction test33() { console.log('Line 33'); }\nfunction test34() { console.log('Line 34'); }\nfunction test35() { console.log('Line 35'); }\nfunction test36() { console.log('Line 36'); }\nfunction test37() { console.log('Line 37'); }\nfunction test38() { console.log('Line 38'); }\nfunction test39() { console.log('Line 39'); }\nfunction test40() { console.log('Line 40'); }\nfunction test41() { console.log('Line 41'); }\nfunction test42() { console.log('Line 42'); }\nfunction test43() { console.log('Line 43'); }\nfunction test44() { console.log('Line 44'); }\nfunction test45() { console.log('Line 45'); }\nfunction test46() { console.log('Line 46'); }\nfunction test47() { console.log('Line 47'); }\nfunction test48() { console.log('Line 48'); }\nfunction test49() { console.log('Line 49'); }\nfunction test50() { console.log('Line 50'); }\nfunction test51() { console.log('Line 51'); }\nfunction test52() { console.log('Line 52'); }\nfunction test53() { console.log('Line 53'); }\nfunction test54() { console.log('Line 54'); }\nfunction test55() { console.log('Line 55'); }\nfunction test56() { console.log('Line 56'); }\nfunction test57() { console.log('Line 57'); }\nfunction test58() { console.log('Line 58'); }\nfunction test59() { console.log('Line 59'); }\nfunction test60() { console.log('Line 60'); }\nfunction test61() { console.log('Line 61'); }\nfunction test62() { console.log('Line 62'); }\nfunction test63() { console.log('Line 63'); }\nfunction test64() { console.log('Line 64'); }\nfunction test65() { console.log('Line 65'); }\nfunction test66() { console.log('Line 66'); }\nfunction test67() { console.log('Line 67'); }\nfunction test68() { console.log('Line 68'); }\nfunction test69() { console.log('Line 69'); }\nfunction test70() { console.log('Line 70'); }\nfunction test71() { console.log('Line 71'); }\nfunction test72() { console.log('Line 72'); }\nfunction test73() { console.log('Line 73'); }\nfunction test74() { console.log('Line 74'); }\nfunction test75() { console.log('Line 75'); }\nfunction test76() { console.log('Line 76'); }\nfunction test77() { console.log('Line 77'); }\nfunction test78() { console.log('Line 78'); }\nfunction test79() { console.log('Line 79'); }\nfunction test80() { console.log('Line 80'); }\nfunction test81() { console.log('Line 81'); }\nfunction test82() { console.log('Line 82'); }\nfunction test83() { console.log('Line 83'); }\nfunction test84() { console.log('Line 84'); }\nfunction test85() { console.log('Line 85'); }\nfunction test86() { console.log('Line 86'); }\nfunction test87() { console.log('Line 87'); }\nfunction test88() { console.log('Line 88'); }\nfunction test89() { console.log('Line 89'); }\nfunction test90() { " <> ...}, "vulnerabilities" => [%{"code" => "eval(userInput)", "filePath" => "large.js", "id" => "perf-vuln", "line" => 50, "patternId" => "js-eval-injection", "severity" => "critical"}]}
  Pipelines: [:api]
14:25:09.329 request_id=GGRULZTmDDtRcjoAAAkY [debug] QUERY OK source="fun_with_flags_toggles" db=0.0ms
SELECT f0."id", f0."flag_name", f0."gate_type", f0."target", f0."enabled" FROM "fun_with_flags_toggles" AS f0 WHERE (f0."flag_name" = $1) ["false_positive_caching"]
14:25:09.329 request_id=GGRULZTmDDtRcjoAAAkY [debug] Telemetry event: [:fun_with_flags, :persistence, :read], metadata: %{flag_name: :false_positive_caching, gate: nil}, measurements: %{system_time: 1757622309329923953}
14:25:09.329 request_id=GGRULZTmDDtRcjoAAAkY [debug] Using standard validation controller (feature flag disabled)
14:25:09.330 request_id=GGRULZTmDDtRcjoAAAkY [debug] QUERY OK source="api_keys" db=0.0ms
SELECT a0."id", a0."key", a0."name", a0."permissions", a0."active", a0."last_used_at", a0."expires_at", a0."customer_id", a0."inserted_at", a0."updated_at" FROM "api_keys" AS a0 WHERE ((a0."key" = $1) AND (a0."active" = $2)) ["rsolv_wHP_1a44VAW4Vc7_ey2ByBL_vn2ftec0LpU2gCvGN8I", true]
14:25:09.330 request_id=GGRULZTmDDtRcjoAAAkY [debug] QUERY OK source="customers" db=0.0ms
SELECT c0."id", c0."name", c0."email", c0."monthly_limit", c0."current_usage", c0."active", c0."metadata", c0."password_hash", c0."is_staff", c0."admin_level", c0."trial_fixes_used", c0."trial_fixes_limit", c0."stripe_customer_id", c0."subscription_plan", c0."subscription_status", c0."rollover_fixes", c0."payment_method_added_at", c0."trial_expired_at", c0."fixes_used_this_month", c0."fixes_quota_this_month", c0."has_payment_method", c0."inserted_at", c0."updated_at" FROM "customers" AS c0 WHERE (c0."id" = $1) [72045]
14:25:09.330 request_id=GGRULZTmDDtRcjoAAAkY [info] Sent 200 in 445µs
First request (cache miss): 857μs
Second request (cache hit): 485μs
Speed improvement: 1.77x
.14:25:09.330 [debug] QUERY OK source="customers" db=0.0ms
INSERT INTO "customers" ("active","name","metadata","email","is_staff","subscription_plan","monthly_limit","current_usage","fixes_quota_this_month","fixes_used_this_month","has_payment_method","rollover_fixes","subscription_status","trial_fixes_limit","trial_fixes_used","inserted_at","updated_at") VALUES ($1,$2,$3,$4,$5,$6,$7,$8,$9,$10,$11,$12,$13,$14,$15,$16,$17) RETURNING "id" [true, "Test Customer 2457", %{}, "test2457@example.com", false, "trial", 100, 15, 0, 0, false, 0, "active", 5, 0, ~N[2025-09-11 20:25:09], ~N[2025-09-11 20:25:09]]
14:25:09.330 [debug] QUERY OK source="api_keys" db=0.1ms
INSERT INTO "api_keys" ("active","name","permissions","key","customer_id","inserted_at","updated_at") VALUES ($1,$2,$3,$4,$5,$6,$7) RETURNING "id" [true, "Test Key", ["full_access"], "rsolv_lI60xp0JVofG4e-Bb59ndt6NdEXLOYZ06MU_SlJ486s", 72046, ~U[2025-09-11 20:25:09Z], ~U[2025-09-11 20:25:09Z]]
14:25:09.330 request_id=GGRULZT4KiNKJu4AABmL [info] POST /api/v1/vulnerabilities/validate
14:25:09.331 request_id=GGRULZT4KiNKJu4AABmL [debug] Processing with RsolvWeb.Api.V1.VulnerabilityValidationRouter.validate/2
  Parameters: %{"files" => %{"file0.js" => "// File 0\neval(input0);\neval(input1);\n", "file1.js" => "// File 1\neval(input0);\neval(input1);\n", "file2.js" => "// File 2\neval(input0);\neval(input1);\n", "file3.js" => "// File 3\neval(input0);\neval(input1);\n", "file4.js" => "// File 4\neval(input0);\neval(input1);\n"}, "vulnerabilities" => [%{"code" => "eval(input1)", "filePath" => "file1.js", "id" => "batch-1", "line" => 2, "patternId" => "js-eval-injection", "severity" => "critical"}, %{"code" => "eval(input1)", "filePath" => "file1.js", "id" => "batch-1-dup", "line" => 2, "patternId" => "js-eval-injection", "severity" => "critical"}, %{"code" => "eval(input0)", "filePath" => "file2.js", "id" => "batch-2", "line" => 3, "patternId" => "js-eval-injection", "severity" => "critical"}, %{"code" => "eval(input0)", "filePath" => "file2.js", "id" => "batch-2-dup", "line" => 3, "patternId" => "js-eval-injection", "severity" => "critical"}, %{"code" => "eval(input1)", "filePath" => "file3.js", "id" => "batch-3", "line" => 1, "patternId" => "js-eval-injection", "severity" => "critical"}, %{"code" => "eval(input1)", "filePath" => "file3.js", "id" => "batch-3-dup", "line" => 1, "patternId" => "js-eval-injection", "severity" => "critical"}, %{"code" => "eval(input0)", "filePath" => "file4.js", "id" => "batch-4", "line" => 2, "patternId" => "js-eval-injection", "severity" => "critical"}, %{"code" => "eval(input0)", "filePath" => "file4.js", "id" => "batch-4-dup", "line" => 2, "patternId" => "js-eval-injection", "severity" => "critical"}, %{"code" => "eval(input1)", "filePath" => "file0.js", "id" => "batch-5", "line" => 3, "patternId" => "js-eval-injection", "severity" => "critical"}, %{"code" => "eval(input1)", "filePath" => "file0.js", "id" => "batch-5-dup", "line" => 3, "patternId" => "js-eval-injection", "severity" => "critical"}, %{"code" => "eval(input0)", "filePath" => "file1.js", "id" => "batch-6", "line" => 1, "patternId" => "js-eval-injection", "severity" => "critical"}, %{"code" => "eval(input0)", "filePath" => "file1.js", "id" => "batch-6-dup", "line" => 1, "patternId" => "js-eval-injection", "severity" => "critical"}, %{"code" => "eval(input1)", "filePath" => "file2.js", "id" => "batch-7", "line" => 2, "patternId" => "js-eval-injection", "severity" => "critical"}, %{"code" => "eval(input1)", "filePath" => "file2.js", "id" => "batch-7-dup", "line" => 2, "patternId" => "js-eval-injection", "severity" => "critical"}, %{"code" => "eval(input0)", "filePath" => "file3.js", "id" => "batch-8", "line" => 3, "patternId" => "js-eval-injection", "severity" => "critical"}, %{"code" => "eval(input0)", "filePath" => "file3.js", "id" => "batch-8-dup", "line" => 3, "patternId" => "js-eval-injection", "severity" => "critical"}, %{"code" => "eval(input1)", "filePath" => "file4.js", "id" => "batch-9", "line" => 1, "patternId" => "js-eval-injection", "severity" => "critical"}, %{"code" => "eval(input1)", "filePath" => "file4.js", "id" => "batch-9-dup", "line" => 1, "patternId" => "js-eval-injection", "severity" => "critical"}, %{"code" => "eval(input0)", "filePath" => "file0.js", "id" => "batch-10", "line" => 2, "patternId" => "js-eval-injection", "severity" => "critical"}, %{"code" => "eval(input0)", "filePath" => "file0.js", "id" => "batch-10-dup", "line" => 2, "patternId" => "js-eval-injection", "severity" => "critical"}, %{"code" => "eval(input1)", "filePath" => "file1.js", "id" => "batch-11", "line" => 3, "patternId" => "js-eval-injection", "severity" => "critical"}, %{"code" => "eval(input1)", "filePath" => "file1.js", "id" => "batch-11-dup", "line" => 3, "patternId" => "js-eval-injection", "severity" => "critical"}, %{"code" => "eval(input0)", "filePath" => "file2.js", "id" => "batch-12", "line" => 1, "patternId" => "js-eval-injection", "severity" => "critical"}, %{"code" => "eval(input0)", "filePath" => "file2.js", "id" => "batch-12-dup", "line" => 1, "patternId" => "js-eval-injection", "severity" => "critical"}, %{"code" => "eval(input1)", "filePath" => "file3.js", "id" => "batch-13", "line" => 2, "patternId" => "js-eval-injection", "severity" => "critical"}, %{"code" => "eval(input1)", "filePath" => "file3.js", "id" => "batch-13-dup", "line" => 2, "patternId" => "js-eval-injection", "severity" => "critical"}, %{"code" => "eval(input0)", "filePath" => "file4.js", "id" => "batch-14", "line" => 3, "patternId" => "js-eval-injection", "severity" => "critical"}, %{"code" => "eval(input0)", "filePath" => "file4.js", "id" => "batch-14-dup", "line" => 3, "patternId" => "js-eval-injection", "severity" => "critical"}, %{"code" => "eval(input1)", "filePath" => "file0.js", "id" => "batch-15", "line" => 1, "patternId" => "js-eval-injection", "severity" => "critical"}, %{"code" => "eval(input1)", "filePath" => "file0.js", "id" => "batch-15-dup", "line" => 1, "patternId" => "js-eval-injection", "severity" => "critical"}, %{"code" => "eval(input0)", "filePath" => "file1.js", "id" => "batch-16", "line" => 2, "patternId" => "js-eval-injection", "severity" => "critical"}, %{"code" => "eval(input0)", "filePath" => "file1.js", "id" => "batch-16-dup", "line" => 2, "patternId" => "js-eval-injection", "severity" => "critical"}, %{"code" => "eval(input1)", "filePath" => "file2.js", "id" => "batch-17", "line" => 3, "patternId" => "js-eval-injection", "severity" => "critical"}, %{"code" => "eval(input1)", "filePath" => "file2.js", "id" => "batch-17-dup", "line" => 3, "patternId" => "js-eval-injection", "severity" => "critical"}, %{"code" => "eval(input0)", "filePath" => "file3.js", "id" => "batch-18", "line" => 1, "patternId" => "js-eval-injection", "severity" => "critical"}, %{"code" => "eval(input0)", "filePath" => "file3.js", "id" => "batch-18-dup", "line" => 1, "patternId" => "js-eval-injection", "severity" => "critical"}, %{"code" => "eval(input1)", "filePath" => "file4.js", "id" => "batch-19", "line" => 2, "patternId" => "js-eval-injection", "severity" => "critical"}, %{"code" => "eval(input1)", "filePath" => "file4.js", "id" => "batch-19-dup", "line" => 2, "patternId" => "js-eval-injection", "severity" => "critical"}, %{"code" => "eval(input0)", "filePath" => "file0.js", "id" => "batch-20", "line" => 3, "patternId" => "js-eval-injection", "severity" => "critical"}, %{"code" => "eval(input0)", "filePath" => "file0.js", "id" => "batch-20-dup", "line" => 3, "patternId" => "js-eval-injection", "severity" => "critical"}, %{"code" => "eval(input1)", "filePath" => "file1.js", "id" => "batch-21", "line" => 1, "patternId" => "js-eval-injection", "severity" => "critical"}, %{"code" => "eval(input1)", "filePath" => "file1.js", "id" => "batch-21-dup", "line" => 1, "patternId" => "js-eval-injection", "severity" => "critical"}, %{"code" => "eval(input0)", "filePath" => "file2.js", "id" => "batch-22", "line" => 2, "patternId" => "js-eval-injection", ...}, %{"code" => "eval(input0)", "filePath" => "file2.js", "id" => "batch-22-dup", "line" => 2, ...}, %{"code" => "eval(input1)", "filePath" => "file3.js", "id" => "batch-23", ...}, %{"code" => "eval(input1)", "filePath" => "file3.js", ...}, %{"code" => "eval(input0)", ...}, %{...}, ...]}
  Pipelines: [:api]
14:25:09.331 request_id=GGRULZT4KiNKJu4AABmL [debug] QUERY OK source="fun_with_flags_toggles" db=0.0ms
SELECT f0."id", f0."flag_name", f0."gate_type", f0."target", f0."enabled" FROM "fun_with_flags_toggles" AS f0 WHERE (f0."flag_name" = $1) ["false_positive_caching"]
14:25:09.331 request_id=GGRULZT4KiNKJu4AABmL [debug] Telemetry event: [:fun_with_flags, :persistence, :read], metadata: %{flag_name: :false_positive_caching, gate: nil}, measurements: %{system_time: 1757622309331522546}
14:25:09.331 request_id=GGRULZT4KiNKJu4AABmL [debug] Using standard validation controller (feature flag disabled)
14:25:09.331 request_id=GGRULZT4KiNKJu4AABmL [debug] QUERY OK source="api_keys" db=0.2ms
SELECT a0."id", a0."key", a0."name", a0."permissions", a0."active", a0."last_used_at", a0."expires_at", a0."customer_id", a0."inserted_at", a0."updated_at" FROM "api_keys" AS a0 WHERE ((a0."key" = $1) AND (a0."active" = $2)) ["rsolv_lI60xp0JVofG4e-Bb59ndt6NdEXLOYZ06MU_SlJ486s", true]
14:25:09.332 request_id=GGRULZT4KiNKJu4AABmL [debug] QUERY OK source="customers" db=0.1ms
SELECT c0."id", c0."name", c0."email", c0."monthly_limit", c0."current_usage", c0."active", c0."metadata", c0."password_hash", c0."is_staff", c0."admin_level", c0."trial_fixes_used", c0."trial_fixes_limit", c0."stripe_customer_id", c0."subscription_plan", c0."subscription_status", c0."rollover_fixes", c0."payment_method_added_at", c0."trial_expired_at", c0."fixes_used_this_month", c0."fixes_quota_this_month", c0."has_payment_method", c0."inserted_at", c0."updated_at" FROM "customers" AS c0 WHERE (c0."id" = $1) [72046]
14:25:09.333 request_id=GGRULZT4KiNKJu4AABmL [info] Sent 200 in 3ms

Batch processing stats:
Total vulnerabilities: 50
Unique computations: 25
Internal cache hits: 25
Processing time: 3ms
..14:25:09.336 [debug] QUERY OK source="fun_with_flags_toggles" db=0.1ms queue=0.1ms
INSERT INTO "fun_with_flags_toggles" AS f0 ("enabled","target","flag_name","gate_type") VALUES ($1,$2,$3,$4) ON CONFLICT ("flag_name","gate_type","target") DO UPDATE SET "enabled" = $5 RETURNING "id" [false, "_fwf_none", "core_features", "boolean", false]
14:25:09.336 [debug] QUERY OK source="fun_with_flags_toggles" db=0.0ms
SELECT f0."id", f0."flag_name", f0."gate_type", f0."target", f0."enabled" FROM "fun_with_flags_toggles" AS f0 WHERE (f0."flag_name" = $1) ["core_features"]
14:25:09.336 [debug] Telemetry event: [:fun_with_flags, :persistence, :write], metadata: %{flag_name: :core_features, gate: %FunWithFlags.Gate{type: :boolean, for: nil, enabled: false}}, measurements: %{system_time: 1757622309336182595}
..14:25:09.339 [debug] QUERY OK source="fun_with_flags_toggles" db=0.1ms queue=0.1ms
INSERT INTO "fun_with_flags_toggles" AS f0 ("enabled","target","flag_name","gate_type") VALUES ($1,$2,$3,$4) ON CONFLICT ("flag_name","gate_type","target") DO UPDATE SET "enabled" = $5 RETURNING "id" [true, "admin@test.com", "admin_dashboard", "actor", true]
14:25:09.339 [debug] QUERY OK source="fun_with_flags_toggles" db=0.0ms
SELECT f0."id", f0."flag_name", f0."gate_type", f0."target", f0."enabled" FROM "fun_with_flags_toggles" AS f0 WHERE (f0."flag_name" = $1) ["admin_dashboard"]
14:25:09.339 [debug] Telemetry event: [:fun_with_flags, :persistence, :write], metadata: %{flag_name: :admin_dashboard, gate: %FunWithFlags.Gate{type: :actor, for: "admin@test.com", enabled: true}}, measurements: %{system_time: 1757622309339208695}
14:25:09.339 [debug] QUERY OK source="fun_with_flags_toggles" db=0.0ms
INSERT INTO "fun_with_flags_toggles" AS f0 ("enabled","target","flag_name","gate_type") VALUES ($1,$2,$3,$4) ON CONFLICT ("flag_name","gate_type","target") DO UPDATE SET "enabled" = $5 RETURNING "id" [false, "_fwf_none", "admin_dashboard", "boolean", false]
14:25:09.339 [debug] QUERY OK source="fun_with_flags_toggles" db=0.0ms
SELECT f0."id", f0."flag_name", f0."gate_type", f0."target", f0."enabled" FROM "fun_with_flags_toggles" AS f0 WHERE (f0."flag_name" = $1) ["admin_dashboard"]
14:25:09.339 [debug] Telemetry event: [:fun_with_flags, :persistence, :write], metadata: %{flag_name: :admin_dashboard, gate: %FunWithFlags.Gate{type: :boolean, for: nil, enabled: false}}, measurements: %{system_time: 1757622309339443960}
........14:25:09.344 [debug] QUERY OK source="customers" db=0.1ms queue=0.1ms
INSERT INTO "customers" ("active","name","metadata","email","is_staff","subscription_plan","monthly_limit","current_usage","fixes_quota_this_month","fixes_used_this_month","has_payment_method","rollover_fixes","subscription_status","trial_fixes_limit","trial_fixes_used","inserted_at","updated_at") VALUES ($1,$2,$3,$4,$5,$6,$7,$8,$9,$10,$11,$12,$13,$14,$15,$16,$17) RETURNING "id" [true, "Test Corp", %{}, "test@example.com", false, "trial", 100, 0, 0, 0, false, 0, "active", 5, 0, ~N[2025-09-11 20:25:09], ~N[2025-09-11 20:25:09]]
14:25:09.346 [debug] QUERY OK source="api_keys" db=0.2ms queue=0.1ms
INSERT INTO "api_keys" ("active","name","permissions","key","customer_id","inserted_at","updated_at") VALUES ($1,$2,$3,$4,$5,$6,$7) RETURNING "id" [true, "Test Key", [], "test_fabd77fe-f5d3-48fe-9dbf-32994a915769", 72047, ~U[2025-09-11 20:25:09Z], ~U[2025-09-11 20:25:09Z]]
14:25:09.347 [debug] QUERY OK source="forge_accounts" db=0.2ms queue=0.1ms
INSERT INTO "forge_accounts" ("metadata","namespace","customer_id","forge_type","verified_at","inserted_at","updated_at") VALUES ($1,$2,$3,$4,$5,$6,$7) RETURNING "id" [%{}, "RSOLV-dev", 72047, :github, ~U[2025-09-11 20:25:09.346158Z], ~U[2025-09-11 20:25:09.347115Z], ~U[2025-09-11 20:25:09.347115Z]]
14:25:09.347 [debug] QUERY OK source="customers" db=0.0ms
INSERT INTO "customers" ("active","name","metadata","email","is_staff","subscription_plan","monthly_limit","current_usage","fixes_quota_this_month","fixes_used_this_month","has_payment_method","rollover_fixes","subscription_status","trial_fixes_limit","trial_fixes_used","inserted_at","updated_at") VALUES ($1,$2,$3,$4,$5,$6,$7,$8,$9,$10,$11,$12,$13,$14,$15,$16,$17) RETURNING "id" [true, "Other Corp", %{}, "other@example.com", false, "trial", 100, 0, 0, 0, false, 0, "active", 5, 0, ~N[2025-09-11 20:25:09], ~N[2025-09-11 20:25:09]]
14:25:09.348 [debug] QUERY OK source="forge_accounts" db=0.1ms
INSERT INTO "forge_accounts" ("metadata","namespace","customer_id","forge_type","verified_at","inserted_at","updated_at") VALUES ($1,$2,$3,$4,$5,$6,$7) RETURNING "id" [%{}, "OTHER-org", 72048, :github, ~U[2025-09-11 20:25:09.347801Z], ~U[2025-09-11 20:25:09.347824Z], ~U[2025-09-11 20:25:09.347824Z]]
14:25:09.349 [debug] QUERY OK source="forge_accounts" db=0.1ms queue=0.2ms
SELECT f0."id", f0."forge_type", f0."namespace", f0."verified_at", f0."metadata", f0."customer_id", f0."inserted_at", f0."updated_at" FROM "forge_accounts" AS f0 WHERE (f0."customer_id" = $1) AND (f0."forge_type" = $2) AND (f0."namespace" = $3) [72047, :github, "OTHER-org"]
.14:25:09.349 [debug] QUERY OK source="customers" db=0.1ms queue=0.1ms
INSERT INTO "customers" ("active","name","metadata","email","is_staff","subscription_plan","monthly_limit","current_usage","fixes_quota_this_month","fixes_used_this_month","has_payment_method","rollover_fixes","subscription_status","trial_fixes_limit","trial_fixes_used","inserted_at","updated_at") VALUES ($1,$2,$3,$4,$5,$6,$7,$8,$9,$10,$11,$12,$13,$14,$15,$16,$17) RETURNING "id" [true, "Test Corp", %{}, "test@example.com", false, "trial", 100, 0, 0, 0, false, 0, "active", 5, 0, ~N[2025-09-11 20:25:09], ~N[2025-09-11 20:25:09]]
14:25:09.350 [debug] QUERY OK source="api_keys" db=0.1ms
INSERT INTO "api_keys" ("active","name","permissions","key","customer_id","inserted_at","updated_at") VALUES ($1,$2,$3,$4,$5,$6,$7) RETURNING "id" [true, "Test Key", [], "test_76456efd-e850-4f04-b980-c34b3fb207ba", 72049, ~U[2025-09-11 20:25:09Z], ~U[2025-09-11 20:25:09Z]]
14:25:09.350 [debug] QUERY OK source="forge_accounts" db=0.2ms queue=0.1ms
INSERT INTO "forge_accounts" ("metadata","namespace","customer_id","forge_type","verified_at","inserted_at","updated_at") VALUES ($1,$2,$3,$4,$5,$6,$7) RETURNING "id" [%{}, "RSOLV-dev", 72049, :github, ~U[2025-09-11 20:25:09.350136Z], ~U[2025-09-11 20:25:09.350155Z], ~U[2025-09-11 20:25:09.350155Z]]
14:25:09.350 [debug] QUERY OK source="forge_accounts" db=0.1ms
INSERT INTO "forge_accounts" ("metadata","namespace","customer_id","forge_type","inserted_at","updated_at") VALUES ($1,$2,$3,$4,$5,$6) RETURNING "id" [%{}, "unverified-org", 72049, :github, ~U[2025-09-11 20:25:09.350580Z], ~U[2025-09-11 20:25:09.350580Z]]
14:25:09.351 [debug] QUERY OK source="forge_accounts" db=0.2ms
SELECT f0."id", f0."forge_type", f0."namespace", f0."verified_at", f0."metadata", f0."customer_id", f0."inserted_at", f0."updated_at" FROM "forge_accounts" AS f0 WHERE (f0."customer_id" = $1) AND (f0."forge_type" = $2) AND (f0."namespace" = $3) [72049, :github, "unverified-org"]
.14:25:09.351 [debug] QUERY OK source="customers" db=0.1ms
INSERT INTO "customers" ("active","name","metadata","email","is_staff","subscription_plan","monthly_limit","current_usage","fixes_quota_this_month","fixes_used_this_month","has_payment_method","rollover_fixes","subscription_status","trial_fixes_limit","trial_fixes_used","inserted_at","updated_at") VALUES ($1,$2,$3,$4,$5,$6,$7,$8,$9,$10,$11,$12,$13,$14,$15,$16,$17) RETURNING "id" [true, "Test Corp", %{}, "test@example.com", false, "trial", 100, 0, 0, 0, false, 0, "active", 5, 0, ~N[2025-09-11 20:25:09], ~N[2025-09-11 20:25:09]]
14:25:09.351 [debug] QUERY OK source="api_keys" db=0.1ms
INSERT INTO "api_keys" ("active","name","permissions","key","customer_id","inserted_at","updated_at") VALUES ($1,$2,$3,$4,$5,$6,$7) RETURNING "id" [true, "Test Key", [], "test_a85d6452-b5b6-4057-ab6b-d2f98fda5362", 72050, ~U[2025-09-11 20:25:09Z], ~U[2025-09-11 20:25:09Z]]
14:25:09.352 [debug] QUERY OK source="forge_accounts" db=0.1ms queue=0.1ms
INSERT INTO "forge_accounts" ("metadata","namespace","customer_id","forge_type","verified_at","inserted_at","updated_at") VALUES ($1,$2,$3,$4,$5,$6,$7) RETURNING "id" [%{}, "RSOLV-dev", 72050, :github, ~U[2025-09-11 20:25:09.351663Z], ~U[2025-09-11 20:25:09.351691Z], ~U[2025-09-11 20:25:09.351691Z]]
14:25:09.352 [debug] QUERY OK source="forge_accounts" db=0.2ms
SELECT f0."id", f0."forge_type", f0."namespace", f0."verified_at", f0."metadata", f0."customer_id", f0."inserted_at", f0."updated_at" FROM "forge_accounts" AS f0 WHERE (f0."customer_id" = $1) AND (f0."forge_type" = $2) AND (f0."namespace" = $3) [72050, :github, "RSOLV-dev"]
14:25:09.353 [debug] QUERY OK source="repositories" db=0.2ms queue=0.1ms
SELECT r0."id", r0."forge_type", r0."namespace", r0."name", r0."full_path", r0."first_seen_at", r0."last_activity_at", r0."metadata", r0."customer_id", r0."inserted_at", r0."updated_at" FROM "repositories" AS r0 WHERE (((r0."forge_type" = $1) AND (r0."namespace" = $2)) AND (r0."name" = $3)) [:github, "RSOLV-dev", "test-repo"]
14:25:09.356 [debug] QUERY OK source="repositories" db=0.2ms queue=0.1ms
INSERT INTO "repositories" ("name","metadata","namespace","customer_id","forge_type","full_path","last_activity_at","first_seen_at","inserted_at","updated_at") VALUES ($1,$2,$3,$4,$5,$6,$7,$8,$9,$10) RETURNING "id" ["test-repo", %{}, "RSOLV-dev", 72050, :github, "RSOLV-dev/test-repo", ~U[2025-09-11 20:25:09.353784Z], ~U[2025-09-11 20:25:09.353784Z], ~U[2025-09-11 20:25:09.356346Z], ~U[2025-09-11 20:25:09.356346Z]]
.14:25:09.357 [debug] QUERY OK source="customers" db=0.1ms
INSERT INTO "customers" ("active","name","metadata","email","is_staff","subscription_plan","monthly_limit","current_usage","fixes_quota_this_month","fixes_used_this_month","has_payment_method","rollover_fixes","subscription_status","trial_fixes_limit","trial_fixes_used","inserted_at","updated_at") VALUES ($1,$2,$3,$4,$5,$6,$7,$8,$9,$10,$11,$12,$13,$14,$15,$16,$17) RETURNING "id" [true, "Test Corp", %{}, "test@example.com", false, "trial", 100, 0, 0, 0, false, 0, "active", 5, 0, ~N[2025-09-11 20:25:09], ~N[2025-09-11 20:25:09]]
14:25:09.357 [debug] QUERY OK source="api_keys" db=0.1ms
INSERT INTO "api_keys" ("active","name","permissions","key","customer_id","inserted_at","updated_at") VALUES ($1,$2,$3,$4,$5,$6,$7) RETURNING "id" [true, "Test Key", [], "test_2051034a-930e-4c72-917c-72a8d3759308", 72051, ~U[2025-09-11 20:25:09Z], ~U[2025-09-11 20:25:09Z]]
14:25:09.357 [debug] QUERY OK source="forge_accounts" db=0.1ms
INSERT INTO "forge_accounts" ("metadata","namespace","customer_id","forge_type","verified_at","inserted_at","updated_at") VALUES ($1,$2,$3,$4,$5,$6,$7) RETURNING "id" [%{}, "RSOLV-dev", 72051, :github, ~U[2025-09-11 20:25:09.357374Z], ~U[2025-09-11 20:25:09.357395Z], ~U[2025-09-11 20:25:09.357395Z]]
14:25:09.357 [debug] QUERY OK source="forge_accounts" db=0.1ms
SELECT f0."id", f0."forge_type", f0."namespace", f0."verified_at", f0."metadata", f0."customer_id", f0."inserted_at", f0."updated_at" FROM "forge_accounts" AS f0 WHERE (f0."customer_id" = $1) AND (f0."forge_type" = $2) AND (f0."namespace" = $3) [72051, :github, "RSOLV-dev"]
14:25:09.358 [debug] QUERY OK source="repositories" db=0.1ms
SELECT r0."id", r0."forge_type", r0."namespace", r0."name", r0."full_path", r0."first_seen_at", r0."last_activity_at", r0."metadata", r0."customer_id", r0."inserted_at", r0."updated_at" FROM "repositories" AS r0 WHERE (((r0."forge_type" = $1) AND (r0."namespace" = $2)) AND (r0."name" = $3)) [:github, "RSOLV-dev", "allowed-repo"]
14:25:09.358 [debug] QUERY OK source="repositories" db=0.1ms
INSERT INTO "repositories" ("name","metadata","namespace","customer_id","forge_type","full_path","last_activity_at","first_seen_at","inserted_at","updated_at") VALUES ($1,$2,$3,$4,$5,$6,$7,$8,$9,$10) RETURNING "id" ["allowed-repo", %{}, "RSOLV-dev", 72051, :github, "RSOLV-dev/allowed-repo", ~U[2025-09-11 20:25:09.358135Z], ~U[2025-09-11 20:25:09.358135Z], ~U[2025-09-11 20:25:09.358142Z], ~U[2025-09-11 20:25:09.358142Z]]
.14:25:09.358 [debug] QUERY OK source="customers" db=0.0ms
INSERT INTO "customers" ("active","name","metadata","email","is_staff","subscription_plan","monthly_limit","current_usage","fixes_quota_this_month","fixes_used_this_month","has_payment_method","rollover_fixes","subscription_status","trial_fixes_limit","trial_fixes_used","inserted_at","updated_at") VALUES ($1,$2,$3,$4,$5,$6,$7,$8,$9,$10,$11,$12,$13,$14,$15,$16,$17) RETURNING "id" [true, "Test Corp", %{}, "test@example.com", false, "trial", 100, 0, 0, 0, false, 0, "active", 5, 0, ~N[2025-09-11 20:25:09], ~N[2025-09-11 20:25:09]]
14:25:09.358 [debug] QUERY OK source="api_keys" db=0.0ms
INSERT INTO "api_keys" ("active","name","permissions","key","customer_id","inserted_at","updated_at") VALUES ($1,$2,$3,$4,$5,$6,$7) RETURNING "id" [true, "Test Key", [], "test_494d1473-956c-4d5b-a28e-fbcbdaae1b9d", 72052, ~U[2025-09-11 20:25:09Z], ~U[2025-09-11 20:25:09Z]]
14:25:09.359 [debug] QUERY OK source="forge_accounts" db=0.1ms
INSERT INTO "forge_accounts" ("metadata","namespace","customer_id","forge_type","verified_at","inserted_at","updated_at") VALUES ($1,$2,$3,$4,$5,$6,$7) RETURNING "id" [%{}, "RSOLV-dev", 72052, :github, ~U[2025-09-11 20:25:09.358839Z], ~U[2025-09-11 20:25:09.358853Z], ~U[2025-09-11 20:25:09.358853Z]]
14:25:09.359 [debug] QUERY OK source="forge_accounts" db=0.1ms
SELECT f0."id", f0."forge_type", f0."namespace", f0."verified_at", f0."metadata", f0."customer_id", f0."inserted_at", f0."updated_at" FROM "forge_accounts" AS f0 WHERE (f0."customer_id" = $1) AND (f0."forge_type" = $2) AND (f0."namespace" = $3) [72052, :github, "RSOLV-dev"]
14:25:09.359 [debug] QUERY OK source="repositories" db=0.1ms
SELECT r0."id", r0."forge_type", r0."namespace", r0."name", r0."full_path", r0."first_seen_at", r0."last_activity_at", r0."metadata", r0."customer_id", r0."inserted_at", r0."updated_at" FROM "repositories" AS r0 WHERE (((r0."forge_type" = $1) AND (r0."namespace" = $2)) AND (r0."name" = $3)) [:github, "RSOLV-dev", "test-repo"]
14:25:09.359 [debug] QUERY OK source="repositories" db=0.1ms
INSERT INTO "repositories" ("name","metadata","namespace","customer_id","forge_type","full_path","last_activity_at","first_seen_at","inserted_at","updated_at") VALUES ($1,$2,$3,$4,$5,$6,$7,$8,$9,$10) RETURNING "id" ["test-repo", %{}, "RSOLV-dev", 72052, :github, "RSOLV-dev/test-repo", ~U[2025-09-11 20:25:09.359542Z], ~U[2025-09-11 20:25:09.359542Z], ~U[2025-09-11 20:25:09.359550Z], ~U[2025-09-11 20:25:09.359550Z]]
14:25:09.359 [debug] QUERY OK source="forge_accounts" db=0.0ms
SELECT f0."id", f0."forge_type", f0."namespace", f0."verified_at", f0."metadata", f0."customer_id", f0."inserted_at", f0."updated_at" FROM "forge_accounts" AS f0 WHERE (f0."customer_id" = $1) AND (f0."forge_type" = $2) AND (f0."namespace" = $3) [72052, :github, "RSOLV-dev"]
14:25:09.359 [debug] QUERY OK source="repositories" db=0.0ms
SELECT r0."id", r0."forge_type", r0."namespace", r0."name", r0."full_path", r0."first_seen_at", r0."last_activity_at", r0."metadata", r0."customer_id", r0."inserted_at", r0."updated_at" FROM "repositories" AS r0 WHERE (((r0."forge_type" = $1) AND (r0."namespace" = $2)) AND (r0."name" = $3)) [:github, "RSOLV-dev", "test-repo"]
14:25:09.360 [debug] QUERY OK source="repositories" db=0.0ms
UPDATE "repositories" SET "last_activity_at" = $1, "updated_at" = $2 WHERE "id" = $3 [~U[2025-09-11 20:25:09.359919Z], ~U[2025-09-11 20:25:09.359926Z], 10983]
.14:25:09.360 [debug] QUERY OK source="customers" db=0.0ms
INSERT INTO "customers" ("active","name","metadata","email","is_staff","subscription_plan","monthly_limit","current_usage","fixes_quota_this_month","fixes_used_this_month","has_payment_method","rollover_fixes","subscription_status","trial_fixes_limit","trial_fixes_used","inserted_at","updated_at") VALUES ($1,$2,$3,$4,$5,$6,$7,$8,$9,$10,$11,$12,$13,$14,$15,$16,$17) RETURNING "id" [true, "Test Corp", %{}, "test@example.com", false, "trial", 100, 0, 0, 0, false, 0, "active", 5, 0, ~N[2025-09-11 20:25:09], ~N[2025-09-11 20:25:09]]
14:25:09.360 [debug] QUERY OK source="api_keys" db=0.0ms
INSERT INTO "api_keys" ("active","name","permissions","key","customer_id","inserted_at","updated_at") VALUES ($1,$2,$3,$4,$5,$6,$7) RETURNING "id" [true, "Test Key", [], "test_c298b96e-bf3d-416b-9cdc-979edd7aaff5", 72053, ~U[2025-09-11 20:25:09Z], ~U[2025-09-11 20:25:09Z]]
14:25:09.360 [debug] QUERY OK source="forge_accounts" db=0.1ms
INSERT INTO "forge_accounts" ("metadata","namespace","customer_id","forge_type","verified_at","inserted_at","updated_at") VALUES ($1,$2,$3,$4,$5,$6,$7) RETURNING "id" [%{}, "RSOLV-dev", 72053, :github, ~U[2025-09-11 20:25:09.360544Z], ~U[2025-09-11 20:25:09.360564Z], ~U[2025-09-11 20:25:09.360564Z]]
14:25:09.361 [debug] QUERY OK source="forge_accounts" db=0.1ms
SELECT f0."id", f0."forge_type", f0."namespace", f0."verified_at", f0."metadata", f0."customer_id", f0."inserted_at", f0."updated_at" FROM "forge_accounts" AS f0 WHERE (f0."customer_id" = $1) AND (f0."forge_type" = $2) AND (f0."namespace" = $3) [72053, :github, "RSOLV-dev"]
14:25:09.361 [debug] QUERY OK source="repositories" db=0.1ms
SELECT r0."id", r0."forge_type", r0."namespace", r0."name", r0."full_path", r0."first_seen_at", r0."last_activity_at", r0."metadata", r0."customer_id", r0."inserted_at", r0."updated_at" FROM "repositories" AS r0 WHERE (((r0."forge_type" = $1) AND (r0."namespace" = $2)) AND (r0."name" = $3)) [:github, "RSOLV-dev", "activity-test"]
14:25:09.361 [debug] QUERY OK source="repositories" db=0.1ms
INSERT INTO "repositories" ("name","metadata","namespace","customer_id","forge_type","full_path","last_activity_at","first_seen_at","inserted_at","updated_at") VALUES ($1,$2,$3,$4,$5,$6,$7,$8,$9,$10) RETURNING "id" ["activity-test", %{}, "RSOLV-dev", 72053, :github, "RSOLV-dev/activity-test", ~U[2025-09-11 20:25:09.361288Z], ~U[2025-09-11 20:25:09.361288Z], ~U[2025-09-11 20:25:09.361296Z], ~U[2025-09-11 20:25:09.361296Z]]
14:25:09.371 [debug] QUERY OK source="forge_accounts" db=0.0ms
SELECT f0."id", f0."forge_type", f0."namespace", f0."verified_at", f0."metadata", f0."customer_id", f0."inserted_at", f0."updated_at" FROM "forge_accounts" AS f0 WHERE (f0."customer_id" = $1) AND (f0."forge_type" = $2) AND (f0."namespace" = $3) [72053, :github, "RSOLV-dev"]
14:25:09.372 [debug] QUERY OK source="repositories" db=0.0ms
SELECT r0."id", r0."forge_type", r0."namespace", r0."name", r0."full_path", r0."first_seen_at", r0."last_activity_at", r0."metadata", r0."customer_id", r0."inserted_at", r0."updated_at" FROM "repositories" AS r0 WHERE (((r0."forge_type" = $1) AND (r0."namespace" = $2)) AND (r0."name" = $3)) [:github, "RSOLV-dev", "activity-test"]
14:25:09.372 [debug] QUERY OK source="repositories" db=0.0ms
UPDATE "repositories" SET "last_activity_at" = $1, "updated_at" = $2 WHERE "id" = $3 [~U[2025-09-11 20:25:09.372044Z], ~U[2025-09-11 20:25:09.372056Z], 10984]
.14:25:09.374 [debug] QUERY OK db=1.5ms
SELECT create_analytics_partition_if_not_exists($1::date) [~D[2025-11-10]]
14:25:09.374 [debug] QUERY OK source="analytics_events" db=0.1ms
INSERT INTO "analytics_events" ("metadata","event_type","visitor_id","inserted_at","updated_at") VALUES ($1,$2,$3,$4,$5) RETURNING "id" [%{test: true}, "future_event", "test_visitor_-576460752303420904", ~N[2025-09-11 20:25:09], ~N[2025-09-11 20:25:09]]
14:25:09.374 [debug] QUERY OK db=0.1ms
  SELECT EXISTS (
    SELECT 1 
    FROM pg_tables 
    WHERE schemaname = 'public' 
      AND tablename = $1
  )
 ["analytics_events_2025_11"]
.14:25:09.376 [debug] QUERY OK db=2.0ms
SELECT create_analytics_partition_if_not_exists($1::date) [~D[2025-12-10]]
14:25:09.377 [debug] QUERY OK db=0.1ms
  SELECT EXISTS (
    SELECT 1 
    FROM pg_tables 
    WHERE schemaname = 'public' 
      AND tablename = $1
  )
 ["analytics_events_2025_12"]
.14:25:09.377 [debug] QUERY OK db=0.1ms
SELECT create_analytics_partition_if_not_exists($1::date) [~D[2025-09-11]]
14:25:09.378 [debug] QUERY OK db=1.3ms
SELECT create_analytics_partition_if_not_exists($1::date) [~D[2025-10-11]]
14:25:09.379 [debug] QUERY OK db=0.0ms
SELECT create_analytics_partition_if_not_exists($1::date) [~D[2025-08-12]]
14:25:09.379 [debug] QUERY OK db=0.2ms queue=0.1ms
  SELECT tablename 
  FROM pg_tables 
  WHERE schemaname = 'public' 
    AND tablename LIKE 'analytics_events_%'
  ORDER BY tablename
 []
..14:25:09.383 [debug] QUERY OK db=1.6ms queue=0.1ms
SELECT create_analytics_partition_if_not_exists($1::date) [~D[2026-01-09]]
14:25:09.383 [debug] QUERY OK db=0.2ms queue=1.9ms
SELECT create_analytics_partition_if_not_exists($1::date) [~D[2026-01-09]]
14:25:09.383 [debug] QUERY OK db=0.1ms queue=2.2ms
SELECT create_analytics_partition_if_not_exists($1::date) [~D[2026-01-09]]
14:25:09.384 [debug] QUERY OK db=0.1ms queue=2.6ms
SELECT create_analytics_partition_if_not_exists($1::date) [~D[2026-01-09]]
14:25:09.384 [debug] QUERY OK db=0.1ms queue=3.0ms
SELECT create_analytics_partition_if_not_exists($1::date) [~D[2026-01-09]]
14:25:09.384 [debug] QUERY OK source="analytics_events" db=0.2ms queue=1.5ms
INSERT INTO "analytics_events" ("metadata","event_type","visitor_id","inserted_at","updated_at") VALUES ($1,$2,$3,$4,$5) RETURNING "id" [%{index: 3}, "concurrent_event_3", "visitor_3", ~N[2025-09-11 20:25:09], ~N[2025-09-11 20:25:09]]
14:25:09.385 [debug] QUERY OK source="analytics_events" db=0.1ms queue=1.4ms
INSERT INTO "analytics_events" ("metadata","event_type","visitor_id","inserted_at","updated_at") VALUES ($1,$2,$3,$4,$5) RETURNING "id" [%{index: 1}, "concurrent_event_1", "visitor_1", ~N[2025-09-11 20:25:09], ~N[2025-09-11 20:25:09]]
14:25:09.385 [debug] QUERY OK source="analytics_events" db=0.1ms queue=1.2ms
INSERT INTO "analytics_events" ("metadata","event_type","visitor_id","inserted_at","updated_at") VALUES ($1,$2,$3,$4,$5) RETURNING "id" [%{index: 2}, "concurrent_event_2", "visitor_2", ~N[2025-09-11 20:25:09], ~N[2025-09-11 20:25:09]]
14:25:09.385 [debug] QUERY OK source="analytics_events" db=0.1ms queue=1.0ms
INSERT INTO "analytics_events" ("metadata","event_type","visitor_id","inserted_at","updated_at") VALUES ($1,$2,$3,$4,$5) RETURNING "id" [%{index: 4}, "concurrent_event_4", "visitor_4", ~N[2025-09-11 20:25:09], ~N[2025-09-11 20:25:09]]
14:25:09.385 [debug] QUERY OK source="analytics_events" db=0.1ms queue=0.7ms
INSERT INTO "analytics_events" ("metadata","event_type","visitor_id","inserted_at","updated_at") VALUES ($1,$2,$3,$4,$5) RETURNING "id" [%{index: 5}, "concurrent_event_5", "visitor_5", ~N[2025-09-11 20:25:09], ~N[2025-09-11 20:25:09]]
14:25:09.385 [debug] QUERY OK db=0.2ms
  SELECT EXISTS (
    SELECT 1 
    FROM pg_tables 
    WHERE schemaname = 'public' 
      AND tablename = $1
  )
 ["analytics_events_2026_01"]
.14:25:09.386 [debug] QUERY OK db=0.3ms queue=0.1ms
SELECT create_analytics_partition_if_not_exists($1::date) [~D[2025-09-11]]
14:25:09.386 [debug] QUERY OK db=0.2ms
  SELECT EXISTS (
    SELECT 1 
    FROM pg_tables 
    WHERE schemaname = 'public' 
      AND tablename = $1
  )
 ["analytics_events_2025_09"]
.14:25:09.389 [debug] QUERY OK db=2.4ms
SELECT create_analytics_partition_if_not_exists($1::date) [~D[2025-07-13]]
14:25:09.390 [debug] QUERY OK db=0.2ms queue=0.1ms
  SELECT EXISTS (
    SELECT 1 
    FROM pg_tables 
    WHERE schemaname = 'public' 
      AND tablename = $1
  )
 ["analytics_events_2025_07"]
.14:25:09.390 [debug] QUERY OK db=0.0ms
SELECT create_analytics_partition_if_not_exists($1::date) [~D[2025-09-11]]
14:25:09.390 [debug] QUERY OK db=0.0ms
SELECT create_analytics_partition_if_not_exists($1::date) [~D[2025-09-11]]
14:25:09.390 [debug] QUERY OK db=0.2ms
  SELECT EXISTS (
    SELECT 1 
    FROM pg_tables 
    WHERE schemaname = 'public' 
      AND tablename = $1
  )
 ["analytics_events_2025_09"]
.14:25:09.391 [debug] QUERY OK db=0.8ms
SELECT create_analytics_partition_if_not_exists($1::date) [~D[2025-09-11]]
14:25:09.392 [debug] QUERY OK source="analytics_events" db=0.1ms
INSERT INTO "analytics_events" ("metadata","event_type","visitor_id","inserted_at","updated_at") VALUES ($1,$2,$3,$4,$5) RETURNING "id" [%{test: true}, "page_view", "test_visitor_-576460752303420776", ~N[2025-09-11 20:25:09], ~N[2025-09-11 20:25:09]]
14:25:09.392 [debug] QUERY OK db=0.1ms
  SELECT EXISTS (
    SELECT 1 
    FROM pg_tables 
    WHERE schemaname = 'public' 
      AND tablename = $1
  )
 ["analytics_events_2025_09"]
.14:25:09.392 [debug] QUERY OK source="customers" db=0.1ms
INSERT INTO "customers" ("active","name","metadata","email","is_staff","subscription_plan","monthly_limit","current_usage","fixes_quota_this_month","fixes_used_this_month","has_payment_method","rollover_fixes","subscription_status","trial_fixes_limit","trial_fixes_used","inserted_at","updated_at") VALUES ($1,$2,$3,$4,$5,$6,$7,$8,$9,$10,$11,$12,$13,$14,$15,$16,$17) RETURNING "id" [true, "Test Customer 2841", %{}, "test2841@example.com", false, "trial", 100, 0, 0, 0, false, 0, "active", 5, 0, ~N[2025-09-11 20:25:09], ~N[2025-09-11 20:25:09]]
14:25:09.393 [debug] QUERY OK source="forge_accounts" db=0.1ms
INSERT INTO "forge_accounts" ("metadata","namespace","customer_id","forge_type","verified_at","inserted_at","updated_at") VALUES ($1,$2,$3,$4,$5,$6,$7) RETURNING "id" [%{}, "test-org-2841", 72054, :github, ~U[2025-09-11 20:25:09.392943Z], ~U[2025-09-11 20:25:09.392950Z], ~U[2025-09-11 20:25:09.392950Z]]
14:25:09.393 [debug] QUERY OK source="api_keys" db=0.0ms
INSERT INTO "api_keys" ("active","name","permissions","key","customer_id","inserted_at","updated_at") VALUES ($1,$2,$3,$4,$5,$6,$7) RETURNING "id" [true, "Test Key", [], "test_a91de382-acac-4dff-b5ea-d69ac725d115", 72054, ~U[2025-09-11 20:25:09Z], ~U[2025-09-11 20:25:09Z]]
14:25:09.393 request_id=GGRULZiwOGldMKgAACEK [info] POST /api/v1/vulnerabilities/validate
14:25:09.393 request_id=GGRULZiwOGldMKgAACEK [debug] Processing with RsolvWeb.Api.V1.VulnerabilityValidationRouter.validate/2
  Parameters: %{"files" => %{"db.js" => %{"content" => "function query(input) { db.query('SELECT * FROM users WHERE id = ?', [input]); }", "hash" => "sha256:db123"}, "ui.js" => %{"content" => "function render(data) { el.textContent = data; }", "hash" => "sha256:ui456"}}, "repository" => "test-org/test-repo", "vulnerabilities" => [%{"code" => "db.query('SELECT * FROM users WHERE id = ?', [input])", "filePath" => "db.js", "id" => "vuln-1", "line" => 10, "locations" => [%{"file_path" => "db.js", "is_primary" => true, "line" => 10}], "type" => "sql-injection"}, %{"code" => "element.textContent = data", "filePath" => "ui.js", "id" => "vuln-2", "line" => 20, "locations" => [%{"file_path" => "ui.js", "is_primary" => true, "line" => 20}], "type" => "xss"}, %{"code" => "db.query('SELECT * FROM users WHERE id = ?', [input])", "filePath" => "db.js", "id" => "vuln-3", "line" => 10, "locations" => [%{"file_path" => "db.js", "is_primary" => true, "line" => 10}], "type" => "sql-injection"}]}
  Pipelines: [:api]
14:25:09.393 request_id=GGRULZiwOGldMKgAACEK [debug] Using cached validation controller (forced via env var)
14:25:09.395 request_id=GGRULZiwOGldMKgAACEK [debug] QUERY OK source="api_keys" db=0.1ms
SELECT a0."id", a0."key", a0."name", a0."permissions", a0."active", a0."last_used_at", a0."expires_at", a0."customer_id", a0."inserted_at", a0."updated_at" FROM "api_keys" AS a0 WHERE ((a0."key" = $1) AND (a0."active" = $2)) ["test_a91de382-acac-4dff-b5ea-d69ac725d115", true]
14:25:09.395 request_id=GGRULZiwOGldMKgAACEK [debug] QUERY OK source="customers" db=0.1ms
SELECT c0."id", c0."name", c0."email", c0."monthly_limit", c0."current_usage", c0."active", c0."metadata", c0."password_hash", c0."is_staff", c0."admin_level", c0."trial_fixes_used", c0."trial_fixes_limit", c0."stripe_customer_id", c0."subscription_plan", c0."subscription_status", c0."rollover_fixes", c0."payment_method_added_at", c0."trial_expired_at", c0."fixes_used_this_month", c0."fixes_quota_this_month", c0."has_payment_method", c0."inserted_at", c0."updated_at" FROM "customers" AS c0 WHERE (c0."id" = $1) [72054]
14:25:09.395 request_id=GGRULZiwOGldMKgAACEK [debug] QUERY OK source="forge_accounts" db=0.0ms
SELECT f0."id", f0."forge_type", f0."namespace", f0."verified_at", f0."metadata", f0."customer_id", f0."inserted_at", f0."updated_at" FROM "forge_accounts" AS f0 WHERE (f0."customer_id" = $1) LIMIT 1 [72054]
14:25:09.400 request_id=GGRULZiwOGldMKgAACEK [debug] QUERY OK source="cached_validations" db=0.2ms queue=0.2ms
SELECT c0."id", c0."cache_key", c0."repository", c0."vulnerability_type", c0."locations", c0."file_hashes", c0."is_false_positive", c0."confidence", c0."reason", c0."full_result", c0."cached_at", c0."ttl_expires_at", c0."invalidated_at", c0."invalidation_reason", c0."forge_account_id", c0."inserted_at", c0."updated_at" FROM "cached_validations" AS c0 WHERE (c0."cache_key" = $1) AND (c0."invalidated_at" IS NULL) ["56641/test-org/test-repo/[db.js:10]:sql-injection"]
14:25:09.400 request_id=GGRULZiwOGldMKgAACEK [debug] Cache miss
14:25:09.406 request_id=GGRULZiwOGldMKgAACEK [debug] QUERY OK source="cached_validations" db=1.7ms queue=0.2ms
INSERT INTO "cached_validations" ("reason","cache_key","full_result","repository","confidence","forge_account_id","locations","vulnerability_type","file_hashes","is_false_positive","ttl_expires_at","cached_at","inserted_at","updated_at") VALUES ($1,$2,$3,$4,$5,$6,$7,$8,$9,$10,$11,$12,$13,$14) ON CONFLICT ("cache_key") DO UPDATE SET "updated_at" = EXCLUDED."updated_at","inserted_at" = EXCLUDED."inserted_at","forge_account_id" = EXCLUDED."forge_account_id","invalidation_reason" = EXCLUDED."invalidation_reason","invalidated_at" = EXCLUDED."invalidated_at","ttl_expires_at" = EXCLUDED."ttl_expires_at","cached_at" = EXCLUDED."cached_at","full_result" = EXCLUDED."full_result","reason" = EXCLUDED."reason","confidence" = EXCLUDED."confidence","is_false_positive" = EXCLUDED."is_false_positive","file_hashes" = EXCLUDED."file_hashes","locations" = EXCLUDED."locations","vulnerability_type" = EXCLUDED."vulnerability_type","repository" = EXCLUDED."repository","cache_key" = EXCLUDED."cache_key" RETURNING "id","updated_at","inserted_at","forge_account_id","invalidation_reason","invalidated_at","ttl_expires_at","cached_at","full_result","reason","confidence","is_false_positive","file_hashes","locations","vulnerability_type","repository","cache_key" ["Using parameterized query - protected from SQL injection", "56641/test-org/test-repo/[db.js:10]:sql-injection", %{"fileClassification" => "application", "hasValidation" => true, "inUserInputFlow" => false, "safePattern" => true}, "test-org/test-repo", Decimal.new("0.95"), 56641, [%{line: 10, file_path: "db.js"}], "sql-injection", %{"db.js" => "sha256:db123"}, true, ~U[2025-12-10 20:25:09.400328Z], ~U[2025-09-11 20:25:09.400328Z], ~U[2025-09-11 20:25:09.402600Z], ~U[2025-09-11 20:25:09.402600Z]]
14:25:09.406 request_id=GGRULZiwOGldMKgAACEK [debug] Cached validation stored
14:25:09.406 request_id=GGRULZiwOGldMKgAACEK [debug] Stored false positive in cache for sql-injection
14:25:09.406 request_id=GGRULZiwOGldMKgAACEK [debug] QUERY OK source="cached_validations" db=0.1ms
SELECT c0."id", c0."cache_key", c0."repository", c0."vulnerability_type", c0."locations", c0."file_hashes", c0."is_false_positive", c0."confidence", c0."reason", c0."full_result", c0."cached_at", c0."ttl_expires_at", c0."invalidated_at", c0."invalidation_reason", c0."forge_account_id", c0."inserted_at", c0."updated_at" FROM "cached_validations" AS c0 WHERE (c0."cache_key" = $1) AND (c0."invalidated_at" IS NULL) ["56641/test-org/test-repo/[ui.js:20]:xss"]
14:25:09.406 request_id=GGRULZiwOGldMKgAACEK [debug] Cache miss
14:25:09.406 request_id=GGRULZiwOGldMKgAACEK [debug] QUERY OK source="cached_validations" db=0.2ms
INSERT INTO "cached_validations" ("reason","cache_key","full_result","repository","confidence","forge_account_id","locations","vulnerability_type","file_hashes","is_false_positive","ttl_expires_at","cached_at","inserted_at","updated_at") VALUES ($1,$2,$3,$4,$5,$6,$7,$8,$9,$10,$11,$12,$13,$14) ON CONFLICT ("cache_key") DO UPDATE SET "updated_at" = EXCLUDED."updated_at","inserted_at" = EXCLUDED."inserted_at","forge_account_id" = EXCLUDED."forge_account_id","invalidation_reason" = EXCLUDED."invalidation_reason","invalidated_at" = EXCLUDED."invalidated_at","ttl_expires_at" = EXCLUDED."ttl_expires_at","cached_at" = EXCLUDED."cached_at","full_result" = EXCLUDED."full_result","reason" = EXCLUDED."reason","confidence" = EXCLUDED."confidence","is_false_positive" = EXCLUDED."is_false_positive","file_hashes" = EXCLUDED."file_hashes","locations" = EXCLUDED."locations","vulnerability_type" = EXCLUDED."vulnerability_type","repository" = EXCLUDED."repository","cache_key" = EXCLUDED."cache_key" RETURNING "id","updated_at","inserted_at","forge_account_id","invalidation_reason","invalidated_at","ttl_expires_at","cached_at","full_result","reason","confidence","is_false_positive","file_hashes","locations","vulnerability_type","repository","cache_key" ["Proper escaping or safe DOM method used", "56641/test-org/test-repo/[ui.js:20]:xss", %{"fileClassification" => "application", "hasValidation" => true, "inUserInputFlow" => false, "safePattern" => true}, "test-org/test-repo", Decimal.new("0.95"), 56641, [%{line: 20, file_path: "ui.js"}], "xss", %{"ui.js" => "sha256:ui456"}, true, ~U[2025-12-10 20:25:09.406571Z], ~U[2025-09-11 20:25:09.406571Z], ~U[2025-09-11 20:25:09.406636Z], ~U[2025-09-11 20:25:09.406636Z]]
14:25:09.406 request_id=GGRULZiwOGldMKgAACEK [debug] Cached validation stored
14:25:09.407 request_id=GGRULZiwOGldMKgAACEK [debug] Stored false positive in cache for xss
14:25:09.407 request_id=GGRULZiwOGldMKgAACEK [debug] QUERY OK source="cached_validations" db=0.2ms queue=0.1ms
SELECT count(*) FROM "cached_validations" AS c0 []
14:25:09.407 request_id=GGRULZiwOGldMKgAACEK [info] Sent 200 in 14ms
14:25:09.407 request_id=GGRULZmJzAddMKgAAAwY [info] POST /api/v1/vulnerabilities/validate
14:25:09.407 request_id=GGRULZmJzAddMKgAAAwY [debug] Processing with RsolvWeb.Api.V1.VulnerabilityValidationRouter.validate/2
  Parameters: %{"files" => %{"db.js" => %{"content" => "function query(input) { db.query('SELECT * FROM users WHERE id = ?', [input]); }", "hash" => "sha256:db123"}, "ui.js" => %{"content" => "function render(data) { el.textContent = data; }", "hash" => "sha256:ui456"}}, "repository" => "test-org/test-repo", "vulnerabilities" => [%{"code" => "db.query('SELECT * FROM users WHERE id = ?', [input])", "filePath" => "db.js", "id" => "vuln-1", "line" => 10, "locations" => [%{"file_path" => "db.js", "is_primary" => true, "line" => 10}], "type" => "sql-injection"}, %{"code" => "element.textContent = data", "filePath" => "ui.js", "id" => "vuln-2", "line" => 20, "locations" => [%{"file_path" => "ui.js", "is_primary" => true, "line" => 20}], "type" => "xss"}, %{"code" => "db.query('SELECT * FROM users WHERE id = ?', [input])", "filePath" => "db.js", "id" => "vuln-3", "line" => 10, "locations" => [%{"file_path" => "db.js", "is_primary" => true, "line" => 10}], "type" => "sql-injection"}]}
  Pipelines: [:api]
14:25:09.407 request_id=GGRULZmJzAddMKgAAAwY [debug] Using cached validation controller (forced via env var)
14:25:09.407 request_id=GGRULZmJzAddMKgAAAwY [debug] QUERY OK source="api_keys" db=0.0ms
SELECT a0."id", a0."key", a0."name", a0."permissions", a0."active", a0."last_used_at", a0."expires_at", a0."customer_id", a0."inserted_at", a0."updated_at" FROM "api_keys" AS a0 WHERE ((a0."key" = $1) AND (a0."active" = $2)) ["test_a91de382-acac-4dff-b5ea-d69ac725d115", true]
14:25:09.407 request_id=GGRULZmJzAddMKgAAAwY [debug] QUERY OK source="customers" db=0.0ms
SELECT c0."id", c0."name", c0."email", c0."monthly_limit", c0."current_usage", c0."active", c0."metadata", c0."password_hash", c0."is_staff", c0."admin_level", c0."trial_fixes_used", c0."trial_fixes_limit", c0."stripe_customer_id", c0."subscription_plan", c0."subscription_status", c0."rollover_fixes", c0."payment_method_added_at", c0."trial_expired_at", c0."fixes_used_this_month", c0."fixes_quota_this_month", c0."has_payment_method", c0."inserted_at", c0."updated_at" FROM "customers" AS c0 WHERE (c0."id" = $1) [72054]
14:25:09.407 request_id=GGRULZmJzAddMKgAAAwY [debug] QUERY OK source="forge_accounts" db=0.0ms
SELECT f0."id", f0."forge_type", f0."namespace", f0."verified_at", f0."metadata", f0."customer_id", f0."inserted_at", f0."updated_at" FROM "forge_accounts" AS f0 WHERE (f0."customer_id" = $1) LIMIT 1 [72054]
14:25:09.408 request_id=GGRULZmJzAddMKgAAAwY [debug] QUERY OK source="cached_validations" db=0.0ms
SELECT c0."id", c0."cache_key", c0."repository", c0."vulnerability_type", c0."locations", c0."file_hashes", c0."is_false_positive", c0."confidence", c0."reason", c0."full_result", c0."cached_at", c0."ttl_expires_at", c0."invalidated_at", c0."invalidation_reason", c0."forge_account_id", c0."inserted_at", c0."updated_at" FROM "cached_validations" AS c0 WHERE (c0."cache_key" = $1) AND (c0."invalidated_at" IS NULL) ["56641/test-org/test-repo/[db.js:10]:sql-injection"]
14:25:09.408 request_id=GGRULZmJzAddMKgAAAwY [debug] Cache hit
14:25:09.408 request_id=GGRULZmJzAddMKgAAAwY [debug] QUERY OK source="cached_validations" db=0.0ms
SELECT c0."id", c0."cache_key", c0."repository", c0."vulnerability_type", c0."locations", c0."file_hashes", c0."is_false_positive", c0."confidence", c0."reason", c0."full_result", c0."cached_at", c0."ttl_expires_at", c0."invalidated_at", c0."invalidation_reason", c0."forge_account_id", c0."inserted_at", c0."updated_at" FROM "cached_validations" AS c0 WHERE (c0."cache_key" = $1) AND (c0."invalidated_at" IS NULL) ["56641/test-org/test-repo/[ui.js:20]:xss"]
14:25:09.408 request_id=GGRULZmJzAddMKgAAAwY [debug] Cache hit
14:25:09.408 request_id=GGRULZmJzAddMKgAAAwY [debug] QUERY OK source="cached_validations" db=0.0ms
SELECT count(*) FROM "cached_validations" AS c0 []
14:25:09.408 request_id=GGRULZmJzAddMKgAAAwY [info] Sent 200 in 647µs
.14:25:09.408 [debug] QUERY OK source="customers" db=0.0ms
INSERT INTO "customers" ("active","name","metadata","email","is_staff","subscription_plan","monthly_limit","current_usage","fixes_quota_this_month","fixes_used_this_month","has_payment_method","rollover_fixes","subscription_status","trial_fixes_limit","trial_fixes_used","inserted_at","updated_at") VALUES ($1,$2,$3,$4,$5,$6,$7,$8,$9,$10,$11,$12,$13,$14,$15,$16,$17) RETURNING "id" [true, "Test Customer 3225", %{}, "test3225@example.com", false, "trial", 100, 0, 0, 0, false, 0, "active", 5, 0, ~N[2025-09-11 20:25:09], ~N[2025-09-11 20:25:09]]
14:25:09.409 [debug] QUERY OK source="forge_accounts" db=0.3ms queue=0.1ms
INSERT INTO "forge_accounts" ("metadata","namespace","customer_id","forge_type","verified_at","inserted_at","updated_at") VALUES ($1,$2,$3,$4,$5,$6,$7) RETURNING "id" [%{}, "test-org-3225", 72055, :github, ~U[2025-09-11 20:25:09.408696Z], ~U[2025-09-11 20:25:09.408703Z], ~U[2025-09-11 20:25:09.408703Z]]
14:25:09.409 [debug] QUERY OK source="api_keys" db=0.2ms queue=0.1ms
INSERT INTO "api_keys" ("active","name","permissions","key","customer_id","inserted_at","updated_at") VALUES ($1,$2,$3,$4,$5,$6,$7) RETURNING "id" [true, "Test Key", [], "test_3853c1ac-4016-4d73-a47c-86ed7fd33565", 72055, ~U[2025-09-11 20:25:09Z], ~U[2025-09-11 20:25:09Z]]
14:25:09.409 request_id=GGRULZmqii1o89cAABwL [info] POST /api/v1/vulnerabilities/validate
14:25:09.409 request_id=GGRULZmqii1o89cAABwL [debug] Processing with RsolvWeb.Api.V1.VulnerabilityValidationRouter.validate/2
  Parameters: %{"files" => %{"app.js" => %{"content" => "function getUser(id) {\n  return db.query(\"SELECT * FROM users WHERE id = $1\", [id]);\n}", "hash" => "sha256:abc789"}}, "repository" => "test/repo", "vulnerabilities" => [%{"code" => "db.query(\"SELECT * FROM users WHERE id = $1\", [id])", "filePath" => "app.js", "id" => "vuln-1", "line" => 5, "locations" => [%{"file_path" => "app.js", "is_primary" => true, "line" => 5}], "type" => "sql-injection"}]}
  Pipelines: [:api]
14:25:09.409 request_id=GGRULZmqii1o89cAABwL [debug] Using cached validation controller (forced via env var)
14:25:09.410 request_id=GGRULZmqii1o89cAABwL [debug] QUERY OK source="api_keys" db=0.2ms
SELECT a0."id", a0."key", a0."name", a0."permissions", a0."active", a0."last_used_at", a0."expires_at", a0."customer_id", a0."inserted_at", a0."updated_at" FROM "api_keys" AS a0 WHERE ((a0."key" = $1) AND (a0."active" = $2)) ["test_3853c1ac-4016-4d73-a47c-86ed7fd33565", true]
14:25:09.410 request_id=GGRULZmqii1o89cAABwL [debug] QUERY OK source="customers" db=0.1ms
SELECT c0."id", c0."name", c0."email", c0."monthly_limit", c0."current_usage", c0."active", c0."metadata", c0."password_hash", c0."is_staff", c0."admin_level", c0."trial_fixes_used", c0."trial_fixes_limit", c0."stripe_customer_id", c0."subscription_plan", c0."subscription_status", c0."rollover_fixes", c0."payment_method_added_at", c0."trial_expired_at", c0."fixes_used_this_month", c0."fixes_quota_this_month", c0."has_payment_method", c0."inserted_at", c0."updated_at" FROM "customers" AS c0 WHERE (c0."id" = $1) [72055]
14:25:09.410 request_id=GGRULZmqii1o89cAABwL [debug] QUERY OK source="forge_accounts" db=0.2ms
SELECT f0."id", f0."forge_type", f0."namespace", f0."verified_at", f0."metadata", f0."customer_id", f0."inserted_at", f0."updated_at" FROM "forge_accounts" AS f0 WHERE (f0."customer_id" = $1) LIMIT 1 [72055]
14:25:09.410 request_id=GGRULZmqii1o89cAABwL [debug] QUERY OK source="cached_validations" db=0.3ms
SELECT c0."id", c0."cache_key", c0."repository", c0."vulnerability_type", c0."locations", c0."file_hashes", c0."is_false_positive", c0."confidence", c0."reason", c0."full_result", c0."cached_at", c0."ttl_expires_at", c0."invalidated_at", c0."invalidation_reason", c0."forge_account_id", c0."inserted_at", c0."updated_at" FROM "cached_validations" AS c0 WHERE (c0."cache_key" = $1) AND (c0."invalidated_at" IS NULL) ["56642/test/repo/[app.js:5]:sql-injection"]
14:25:09.410 request_id=GGRULZmqii1o89cAABwL [debug] Cache miss
14:25:09.411 request_id=GGRULZmqii1o89cAABwL [debug] QUERY OK source="cached_validations" db=0.2ms queue=0.1ms
INSERT INTO "cached_validations" ("reason","cache_key","full_result","repository","confidence","forge_account_id","locations","vulnerability_type","file_hashes","is_false_positive","ttl_expires_at","cached_at","inserted_at","updated_at") VALUES ($1,$2,$3,$4,$5,$6,$7,$8,$9,$10,$11,$12,$13,$14) ON CONFLICT ("cache_key") DO UPDATE SET "updated_at" = EXCLUDED."updated_at","inserted_at" = EXCLUDED."inserted_at","forge_account_id" = EXCLUDED."forge_account_id","invalidation_reason" = EXCLUDED."invalidation_reason","invalidated_at" = EXCLUDED."invalidated_at","ttl_expires_at" = EXCLUDED."ttl_expires_at","cached_at" = EXCLUDED."cached_at","full_result" = EXCLUDED."full_result","reason" = EXCLUDED."reason","confidence" = EXCLUDED."confidence","is_false_positive" = EXCLUDED."is_false_positive","file_hashes" = EXCLUDED."file_hashes","locations" = EXCLUDED."locations","vulnerability_type" = EXCLUDED."vulnerability_type","repository" = EXCLUDED."repository","cache_key" = EXCLUDED."cache_key" RETURNING "id","updated_at","inserted_at","forge_account_id","invalidation_reason","invalidated_at","ttl_expires_at","cached_at","full_result","reason","confidence","is_false_positive","file_hashes","locations","vulnerability_type","repository","cache_key" ["Using parameterized query - protected from SQL injection", "56642/test/repo/[app.js:5]:sql-injection", %{"fileClassification" => "application", "hasValidation" => true, "inUserInputFlow" => false, "safePattern" => true}, "test/repo", Decimal.new("0.95"), 56642, [%{line: 5, file_path: "app.js"}], "sql-injection", %{"app.js" => "sha256:abc789"}, true, ~U[2025-12-10 20:25:09.411035Z], ~U[2025-09-11 20:25:09.411035Z], ~U[2025-09-11 20:25:09.411092Z], ~U[2025-09-11 20:25:09.411092Z]]
14:25:09.411 request_id=GGRULZmqii1o89cAABwL [debug] Cached validation stored
14:25:09.411 request_id=GGRULZmqii1o89cAABwL [debug] Stored false positive in cache for sql-injection
14:25:09.411 request_id=GGRULZmqii1o89cAABwL [debug] QUERY OK source="cached_validations" db=0.2ms
SELECT count(*) FROM "cached_validations" AS c0 []
14:25:09.411 request_id=GGRULZmqii1o89cAABwL [info] Sent 200 in 2ms
14:25:09.412 request_id=GGRULZnOQcdo89cAAByL [info] POST /api/v1/vulnerabilities/validate
14:25:09.412 request_id=GGRULZnOQcdo89cAAByL [debug] Processing with RsolvWeb.Api.V1.VulnerabilityValidationRouter.validate/2
  Parameters: %{"files" => %{"app.js" => %{"content" => "function getUser(id) {\n  return db.query(\"SELECT * FROM users WHERE id = $1\", [id]);\n}", "hash" => "sha256:abc789"}}, "repository" => "test/repo", "vulnerabilities" => [%{"code" => "db.query(\"SELECT * FROM users WHERE id = $1\", [id])", "filePath" => "app.js", "id" => "vuln-1", "line" => 5, "locations" => [%{"file_path" => "app.js", "is_primary" => true, "line" => 5}], "type" => "sql-injection"}]}
  Pipelines: [:api]
14:25:09.412 request_id=GGRULZnOQcdo89cAAByL [debug] Using cached validation controller (forced via env var)
14:25:09.412 request_id=GGRULZnOQcdo89cAAByL [debug] QUERY OK source="api_keys" db=0.1ms
SELECT a0."id", a0."key", a0."name", a0."permissions", a0."active", a0."last_used_at", a0."expires_at", a0."customer_id", a0."inserted_at", a0."updated_at" FROM "api_keys" AS a0 WHERE ((a0."key" = $1) AND (a0."active" = $2)) ["test_3853c1ac-4016-4d73-a47c-86ed7fd33565", true]
14:25:09.412 request_id=GGRULZnOQcdo89cAAByL [debug] QUERY OK source="customers" db=0.0ms
SELECT c0."id", c0."name", c0."email", c0."monthly_limit", c0."current_usage", c0."active", c0."metadata", c0."password_hash", c0."is_staff", c0."admin_level", c0."trial_fixes_used", c0."trial_fixes_limit", c0."stripe_customer_id", c0."subscription_plan", c0."subscription_status", c0."rollover_fixes", c0."payment_method_added_at", c0."trial_expired_at", c0."fixes_used_this_month", c0."fixes_quota_this_month", c0."has_payment_method", c0."inserted_at", c0."updated_at" FROM "customers" AS c0 WHERE (c0."id" = $1) [72055]
14:25:09.412 request_id=GGRULZnOQcdo89cAAByL [debug] QUERY OK source="forge_accounts" db=0.0ms
SELECT f0."id", f0."forge_type", f0."namespace", f0."verified_at", f0."metadata", f0."customer_id", f0."inserted_at", f0."updated_at" FROM "forge_accounts" AS f0 WHERE (f0."customer_id" = $1) LIMIT 1 [72055]
14:25:09.412 request_id=GGRULZnOQcdo89cAAByL [debug] QUERY OK source="cached_validations" db=0.0ms
SELECT c0."id", c0."cache_key", c0."repository", c0."vulnerability_type", c0."locations", c0."file_hashes", c0."is_false_positive", c0."confidence", c0."reason", c0."full_result", c0."cached_at", c0."ttl_expires_at", c0."invalidated_at", c0."invalidation_reason", c0."forge_account_id", c0."inserted_at", c0."updated_at" FROM "cached_validations" AS c0 WHERE (c0."cache_key" = $1) AND (c0."invalidated_at" IS NULL) ["56642/test/repo/[app.js:5]:sql-injection"]
14:25:09.412 request_id=GGRULZnOQcdo89cAAByL [debug] Cache hit
14:25:09.412 request_id=GGRULZnOQcdo89cAAByL [debug] QUERY OK source="cached_validations" db=0.0ms
SELECT count(*) FROM "cached_validations" AS c0 []
14:25:09.412 request_id=GGRULZnOQcdo89cAAByL [info] Sent 200 in 755µs
.14:25:09.413 [debug] QUERY OK source="customers" db=0.0ms
INSERT INTO "customers" ("active","name","metadata","email","is_staff","subscription_plan","monthly_limit","current_usage","fixes_quota_this_month","fixes_used_this_month","has_payment_method","rollover_fixes","subscription_status","trial_fixes_limit","trial_fixes_used","inserted_at","updated_at") VALUES ($1,$2,$3,$4,$5,$6,$7,$8,$9,$10,$11,$12,$13,$14,$15,$16,$17) RETURNING "id" [true, "Test Customer 2709", %{}, "test2709@example.com", false, "trial", 100, 0, 0, 0, false, 0, "active", 5, 0, ~N[2025-09-11 20:25:09], ~N[2025-09-11 20:25:09]]
14:25:09.413 [debug] QUERY OK source="forge_accounts" db=0.1ms
INSERT INTO "forge_accounts" ("metadata","namespace","customer_id","forge_type","verified_at","inserted_at","updated_at") VALUES ($1,$2,$3,$4,$5,$6,$7) RETURNING "id" [%{}, "test-org-2709", 72056, :github, ~U[2025-09-11 20:25:09.413268Z], ~U[2025-09-11 20:25:09.413275Z], ~U[2025-09-11 20:25:09.413275Z]]
14:25:09.413 [debug] QUERY OK source="api_keys" db=0.1ms
INSERT INTO "api_keys" ("active","name","permissions","key","customer_id","inserted_at","updated_at") VALUES ($1,$2,$3,$4,$5,$6,$7) RETURNING "id" [true, "Test Key", [], "test_82feac63-d946-4617-a105-8f4acd883973", 72056, ~U[2025-09-11 20:25:09Z], ~U[2025-09-11 20:25:09Z]]
14:25:09.413 request_id=GGRULZnp5XYypBwAAAsU [info] POST /api/v1/vulnerabilities/validate
14:25:09.413 request_id=GGRULZnp5XYypBwAAAsU [debug] Processing with RsolvWeb.Api.V1.VulnerabilityValidationRouter.validate/2
  Parameters: %{"files" => %{"app/routes/user.js" => %{"content" => "function getUserData(userInput) {\n  return db.query('SELECT * FROM users WHERE id = ?', [userInput]);\n}", "hash" => "sha256:test123"}}, "repository" => "test-org/test-repo", "vulnerabilities" => [%{"code" => "db.query('SELECT * FROM users WHERE id = ?', [userInput])", "filePath" => "app/routes/user.js", "id" => "vuln-1", "line" => 42, "locations" => [%{"file_path" => "app/routes/user.js", "is_primary" => true, "line" => 42}], "type" => "sql-injection"}]}
  Pipelines: [:api]
14:25:09.413 request_id=GGRULZnp5XYypBwAAAsU [debug] Using cached validation controller (forced via env var)
14:25:09.414 request_id=GGRULZnp5XYypBwAAAsU [debug] QUERY OK source="api_keys" db=0.1ms
SELECT a0."id", a0."key", a0."name", a0."permissions", a0."active", a0."last_used_at", a0."expires_at", a0."customer_id", a0."inserted_at", a0."updated_at" FROM "api_keys" AS a0 WHERE ((a0."key" = $1) AND (a0."active" = $2)) ["test_82feac63-d946-4617-a105-8f4acd883973", true]
14:25:09.414 request_id=GGRULZnp5XYypBwAAAsU [debug] QUERY OK source="customers" db=0.0ms
SELECT c0."id", c0."name", c0."email", c0."monthly_limit", c0."current_usage", c0."active", c0."metadata", c0."password_hash", c0."is_staff", c0."admin_level", c0."trial_fixes_used", c0."trial_fixes_limit", c0."stripe_customer_id", c0."subscription_plan", c0."subscription_status", c0."rollover_fixes", c0."payment_method_added_at", c0."trial_expired_at", c0."fixes_used_this_month", c0."fixes_quota_this_month", c0."has_payment_method", c0."inserted_at", c0."updated_at" FROM "customers" AS c0 WHERE (c0."id" = $1) [72056]
14:25:09.414 request_id=GGRULZnp5XYypBwAAAsU [debug] QUERY OK source="forge_accounts" db=0.0ms
SELECT f0."id", f0."forge_type", f0."namespace", f0."verified_at", f0."metadata", f0."customer_id", f0."inserted_at", f0."updated_at" FROM "forge_accounts" AS f0 WHERE (f0."customer_id" = $1) LIMIT 1 [72056]
14:25:09.414 request_id=GGRULZnp5XYypBwAAAsU [debug] QUERY OK source="cached_validations" db=0.1ms
SELECT c0."id", c0."cache_key", c0."repository", c0."vulnerability_type", c0."locations", c0."file_hashes", c0."is_false_positive", c0."confidence", c0."reason", c0."full_result", c0."cached_at", c0."ttl_expires_at", c0."invalidated_at", c0."invalidation_reason", c0."forge_account_id", c0."inserted_at", c0."updated_at" FROM "cached_validations" AS c0 WHERE (c0."cache_key" = $1) AND (c0."invalidated_at" IS NULL) ["56643/test-org/test-repo/[app/routes/user.js:42]:sql-injection"]
14:25:09.414 request_id=GGRULZnp5XYypBwAAAsU [debug] Cache miss
14:25:09.415 request_id=GGRULZnp5XYypBwAAAsU [debug] QUERY OK source="cached_validations" db=0.1ms queue=0.1ms
INSERT INTO "cached_validations" ("reason","cache_key","full_result","repository","confidence","forge_account_id","locations","vulnerability_type","file_hashes","is_false_positive","ttl_expires_at","cached_at","inserted_at","updated_at") VALUES ($1,$2,$3,$4,$5,$6,$7,$8,$9,$10,$11,$12,$13,$14) ON CONFLICT ("cache_key") DO UPDATE SET "updated_at" = EXCLUDED."updated_at","inserted_at" = EXCLUDED."inserted_at","forge_account_id" = EXCLUDED."forge_account_id","invalidation_reason" = EXCLUDED."invalidation_reason","invalidated_at" = EXCLUDED."invalidated_at","ttl_expires_at" = EXCLUDED."ttl_expires_at","cached_at" = EXCLUDED."cached_at","full_result" = EXCLUDED."full_result","reason" = EXCLUDED."reason","confidence" = EXCLUDED."confidence","is_false_positive" = EXCLUDED."is_false_positive","file_hashes" = EXCLUDED."file_hashes","locations" = EXCLUDED."locations","vulnerability_type" = EXCLUDED."vulnerability_type","repository" = EXCLUDED."repository","cache_key" = EXCLUDED."cache_key" RETURNING "id","updated_at","inserted_at","forge_account_id","invalidation_reason","invalidated_at","ttl_expires_at","cached_at","full_result","reason","confidence","is_false_positive","file_hashes","locations","vulnerability_type","repository","cache_key" ["Using parameterized query - protected from SQL injection", "56643/test-org/test-repo/[app/routes/user.js:42]:sql-injection", %{"fileClassification" => "application", "hasValidation" => true, "inUserInputFlow" => false, "safePattern" => true}, "test-org/test-repo", Decimal.new("0.95"), 56643, [%{line: 42, file_path: "app/routes/user.js"}], "sql-injection", %{"app/routes/user.js" => "sha256:test123"}, true, ~U[2025-12-10 20:25:09.414646Z], ~U[2025-09-11 20:25:09.414646Z], ~U[2025-09-11 20:25:09.414686Z], ~U[2025-09-11 20:25:09.414686Z]]
14:25:09.415 request_id=GGRULZnp5XYypBwAAAsU [debug] Cached validation stored
14:25:09.415 request_id=GGRULZnp5XYypBwAAAsU [debug] Stored false positive in cache for sql-injection
14:25:09.415 request_id=GGRULZnp5XYypBwAAAsU [debug] QUERY OK source="cached_validations" db=0.1ms
SELECT count(*) FROM "cached_validations" AS c0 []
14:25:09.415 request_id=GGRULZnp5XYypBwAAAsU [info] Sent 200 in 1ms
14:25:09.415 request_id=GGRULZn_XA4ypBwAAB0L [info] POST /api/v1/vulnerabilities/validate
14:25:09.415 request_id=GGRULZn_XA4ypBwAAB0L [debug] Processing with RsolvWeb.Api.V1.VulnerabilityValidationRouter.validate/2
  Parameters: %{"files" => %{"app/routes/user.js" => %{"content" => "function getUserData(userInput) {\n  return db.query('SELECT * FROM users WHERE id = ?', [userInput]);\n}", "hash" => "sha256:test123"}}, "repository" => "test-org/test-repo", "vulnerabilities" => [%{"code" => "db.query('SELECT * FROM users WHERE id = ?', [userInput])", "filePath" => "app/routes/user.js", "id" => "vuln-1", "line" => 42, "locations" => [%{"file_path" => "app/routes/user.js", "is_primary" => true, "line" => 42}], "type" => "sql-injection"}]}
  Pipelines: [:api]
14:25:09.415 request_id=GGRULZn_XA4ypBwAAB0L [debug] Using cached validation controller (forced via env var)
14:25:09.415 request_id=GGRULZn_XA4ypBwAAB0L [debug] QUERY OK source="api_keys" db=0.0ms
SELECT a0."id", a0."key", a0."name", a0."permissions", a0."active", a0."last_used_at", a0."expires_at", a0."customer_id", a0."inserted_at", a0."updated_at" FROM "api_keys" AS a0 WHERE ((a0."key" = $1) AND (a0."active" = $2)) ["test_82feac63-d946-4617-a105-8f4acd883973", true]
14:25:09.415 request_id=GGRULZn_XA4ypBwAAB0L [debug] QUERY OK source="customers" db=0.0ms
SELECT c0."id", c0."name", c0."email", c0."monthly_limit", c0."current_usage", c0."active", c0."metadata", c0."password_hash", c0."is_staff", c0."admin_level", c0."trial_fixes_used", c0."trial_fixes_limit", c0."stripe_customer_id", c0."subscription_plan", c0."subscription_status", c0."rollover_fixes", c0."payment_method_added_at", c0."trial_expired_at", c0."fixes_used_this_month", c0."fixes_quota_this_month", c0."has_payment_method", c0."inserted_at", c0."updated_at" FROM "customers" AS c0 WHERE (c0."id" = $1) [72056]
14:25:09.415 request_id=GGRULZn_XA4ypBwAAB0L [debug] QUERY OK source="forge_accounts" db=0.0ms
SELECT f0."id", f0."forge_type", f0."namespace", f0."verified_at", f0."metadata", f0."customer_id", f0."inserted_at", f0."updated_at" FROM "forge_accounts" AS f0 WHERE (f0."customer_id" = $1) LIMIT 1 [72056]
14:25:09.415 request_id=GGRULZn_XA4ypBwAAB0L [debug] QUERY OK source="cached_validations" db=0.0ms
SELECT c0."id", c0."cache_key", c0."repository", c0."vulnerability_type", c0."locations", c0."file_hashes", c0."is_false_positive", c0."confidence", c0."reason", c0."full_result", c0."cached_at", c0."ttl_expires_at", c0."invalidated_at", c0."invalidation_reason", c0."forge_account_id", c0."inserted_at", c0."updated_at" FROM "cached_validations" AS c0 WHERE (c0."cache_key" = $1) AND (c0."invalidated_at" IS NULL) ["56643/test-org/test-repo/[app/routes/user.js:42]:sql-injection"]
14:25:09.415 request_id=GGRULZn_XA4ypBwAAB0L [debug] Cache hit
14:25:09.415 request_id=GGRULZn_XA4ypBwAAB0L [debug] QUERY OK source="cached_validations" db=0.0ms
SELECT count(*) FROM "cached_validations" AS c0 []
14:25:09.415 request_id=GGRULZn_XA4ypBwAAB0L [info] Sent 200 in 576µs
.14:25:09.416 [debug] QUERY OK source="customers" db=0.0ms
INSERT INTO "customers" ("active","name","metadata","email","is_staff","subscription_plan","monthly_limit","current_usage","fixes_quota_this_month","fixes_used_this_month","has_payment_method","rollover_fixes","subscription_status","trial_fixes_limit","trial_fixes_used","inserted_at","updated_at") VALUES ($1,$2,$3,$4,$5,$6,$7,$8,$9,$10,$11,$12,$13,$14,$15,$16,$17) RETURNING "id" [true, "Test Customer 3353", %{}, "test3353@example.com", false, "trial", 100, 0, 0, 0, false, 0, "active", 5, 0, ~N[2025-09-11 20:25:09], ~N[2025-09-11 20:25:09]]
14:25:09.416 [debug] QUERY OK source="forge_accounts" db=0.1ms
INSERT INTO "forge_accounts" ("metadata","namespace","customer_id","forge_type","verified_at","inserted_at","updated_at") VALUES ($1,$2,$3,$4,$5,$6,$7) RETURNING "id" [%{}, "test-org-3353", 72057, :github, ~U[2025-09-11 20:25:09.416299Z], ~U[2025-09-11 20:25:09.416305Z], ~U[2025-09-11 20:25:09.416305Z]]
14:25:09.416 [debug] QUERY OK source="api_keys" db=0.0ms
INSERT INTO "api_keys" ("active","name","permissions","key","customer_id","inserted_at","updated_at") VALUES ($1,$2,$3,$4,$5,$6,$7) RETURNING "id" [true, "Test Key", [], "test_8769c944-131b-4bc7-8f00-d18a9102620b", 72057, ~U[2025-09-11 20:25:09Z], ~U[2025-09-11 20:25:09Z]]
14:25:09.416 [debug] QUERY OK source="customers" db=0.0ms
INSERT INTO "customers" ("active","name","metadata","email","is_staff","subscription_plan","monthly_limit","current_usage","fixes_quota_this_month","fixes_used_this_month","has_payment_method","rollover_fixes","subscription_status","trial_fixes_limit","trial_fixes_used","inserted_at","updated_at") VALUES ($1,$2,$3,$4,$5,$6,$7,$8,$9,$10,$11,$12,$13,$14,$15,$16,$17) RETURNING "id" [true, "customer1 Customer 7059", %{}, "customer17059@example.com", false, "trial", 100, 0, 0, 0, false, 0, "active", 5, 0, ~N[2025-09-11 20:25:09], ~N[2025-09-11 20:25:09]]
14:25:09.416 [debug] QUERY OK source="forge_accounts" db=0.0ms
INSERT INTO "forge_accounts" ("metadata","namespace","customer_id","forge_type","verified_at","inserted_at","updated_at") VALUES ($1,$2,$3,$4,$5,$6,$7) RETURNING "id" [%{}, "customer1-org-7059", 72058, :github, ~U[2025-09-11 20:25:09.416840Z], ~U[2025-09-11 20:25:09.416845Z], ~U[2025-09-11 20:25:09.416845Z]]
14:25:09.417 [debug] QUERY OK source="api_keys" db=0.0ms
INSERT INTO "api_keys" ("active","name","permissions","key","customer_id","inserted_at","updated_at") VALUES ($1,$2,$3,$4,$5,$6,$7) RETURNING "id" [true, "Test Key for customer1", [], "rsolv_kTmp35hTdHGuzzIXnE9bhBH7fMBtFFf6_2Jk8QzNZZ4", 72058, ~U[2025-09-11 20:25:09Z], ~U[2025-09-11 20:25:09Z]]
14:25:09.417 [debug] QUERY OK source="customers" db=0.0ms
INSERT INTO "customers" ("active","name","metadata","email","is_staff","subscription_plan","monthly_limit","current_usage","fixes_quota_this_month","fixes_used_this_month","has_payment_method","rollover_fixes","subscription_status","trial_fixes_limit","trial_fixes_used","inserted_at","updated_at") VALUES ($1,$2,$3,$4,$5,$6,$7,$8,$9,$10,$11,$12,$13,$14,$15,$16,$17) RETURNING "id" [true, "customer2 Customer 7187", %{}, "customer27187@example.com", false, "trial", 100, 0, 0, 0, false, 0, "active", 5, 0, ~N[2025-09-11 20:25:09], ~N[2025-09-11 20:25:09]]
14:25:09.417 [debug] QUERY OK source="forge_accounts" db=0.0ms
INSERT INTO "forge_accounts" ("metadata","namespace","customer_id","forge_type","verified_at","inserted_at","updated_at") VALUES ($1,$2,$3,$4,$5,$6,$7) RETURNING "id" [%{}, "customer2-org-7187", 72059, :github, ~U[2025-09-11 20:25:09.417194Z], ~U[2025-09-11 20:25:09.417199Z], ~U[2025-09-11 20:25:09.417199Z]]
14:25:09.417 [debug] QUERY OK source="api_keys" db=0.0ms
INSERT INTO "api_keys" ("active","name","permissions","key","customer_id","inserted_at","updated_at") VALUES ($1,$2,$3,$4,$5,$6,$7) RETURNING "id" [true, "Test Key for customer2", [], "rsolv_j_lty5M5aX208ORHZLzh6PxkQLqcOe0X21ial1FQ8XA", 72059, ~U[2025-09-11 20:25:09Z], ~U[2025-09-11 20:25:09Z]]
14:25:09.417 request_id=GGRULZogQiQxkZwAAB2L [info] POST /api/v1/vulnerabilities/validate
14:25:09.417 request_id=GGRULZogQiQxkZwAAB2L [debug] Processing with RsolvWeb.Api.V1.VulnerabilityValidationRouter.validate/2
  Parameters: %{"files" => %{"shared.js" => %{"content" => "function query(input) { return db.query(input); }", "hash" => "sha256:shared123"}}, "repository" => "shared/repo", "vulnerabilities" => [%{"code" => "db.query('SELECT * FROM users WHERE id = ?', [input])", "filePath" => "shared.js", "id" => "vuln-1", "line" => 42, "locations" => [%{"file_path" => "shared.js", "is_primary" => true, "line" => 42}], "type" => "sql-injection"}]}
  Pipelines: [:api]
14:25:09.417 request_id=GGRULZogQiQxkZwAAB2L [debug] Using cached validation controller (forced via env var)
14:25:09.417 request_id=GGRULZogQiQxkZwAAB2L [debug] QUERY OK source="api_keys" db=0.0ms
SELECT a0."id", a0."key", a0."name", a0."permissions", a0."active", a0."last_used_at", a0."expires_at", a0."customer_id", a0."inserted_at", a0."updated_at" FROM "api_keys" AS a0 WHERE ((a0."key" = $1) AND (a0."active" = $2)) ["rsolv_kTmp35hTdHGuzzIXnE9bhBH7fMBtFFf6_2Jk8QzNZZ4", true]
14:25:09.417 request_id=GGRULZogQiQxkZwAAB2L [debug] QUERY OK source="customers" db=0.0ms
SELECT c0."id", c0."name", c0."email", c0."monthly_limit", c0."current_usage", c0."active", c0."metadata", c0."password_hash", c0."is_staff", c0."admin_level", c0."trial_fixes_used", c0."trial_fixes_limit", c0."stripe_customer_id", c0."subscription_plan", c0."subscription_status", c0."rollover_fixes", c0."payment_method_added_at", c0."trial_expired_at", c0."fixes_used_this_month", c0."fixes_quota_this_month", c0."has_payment_method", c0."inserted_at", c0."updated_at" FROM "customers" AS c0 WHERE (c0."id" = $1) [72058]
14:25:09.417 request_id=GGRULZogQiQxkZwAAB2L [debug] QUERY OK source="forge_accounts" db=0.1ms
SELECT f0."id", f0."forge_type", f0."namespace", f0."verified_at", f0."metadata", f0."customer_id", f0."inserted_at", f0."updated_at" FROM "forge_accounts" AS f0 WHERE (f0."customer_id" = $1) LIMIT 1 [72058]
14:25:09.418 request_id=GGRULZogQiQxkZwAAB2L [debug] QUERY OK source="cached_validations" db=0.1ms
SELECT c0."id", c0."cache_key", c0."repository", c0."vulnerability_type", c0."locations", c0."file_hashes", c0."is_false_positive", c0."confidence", c0."reason", c0."full_result", c0."cached_at", c0."ttl_expires_at", c0."invalidated_at", c0."invalidation_reason", c0."forge_account_id", c0."inserted_at", c0."updated_at" FROM "cached_validations" AS c0 WHERE (c0."cache_key" = $1) AND (c0."invalidated_at" IS NULL) ["56645/shared/repo/[shared.js:42]:sql-injection"]
14:25:09.418 request_id=GGRULZogQiQxkZwAAB2L [debug] Cache miss
14:25:09.418 request_id=GGRULZogQiQxkZwAAB2L [debug] QUERY OK source="cached_validations" db=0.1ms
INSERT INTO "cached_validations" ("reason","cache_key","full_result","repository","confidence","forge_account_id","locations","vulnerability_type","file_hashes","is_false_positive","ttl_expires_at","cached_at","inserted_at","updated_at") VALUES ($1,$2,$3,$4,$5,$6,$7,$8,$9,$10,$11,$12,$13,$14) ON CONFLICT ("cache_key") DO UPDATE SET "updated_at" = EXCLUDED."updated_at","inserted_at" = EXCLUDED."inserted_at","forge_account_id" = EXCLUDED."forge_account_id","invalidation_reason" = EXCLUDED."invalidation_reason","invalidated_at" = EXCLUDED."invalidated_at","ttl_expires_at" = EXCLUDED."ttl_expires_at","cached_at" = EXCLUDED."cached_at","full_result" = EXCLUDED."full_result","reason" = EXCLUDED."reason","confidence" = EXCLUDED."confidence","is_false_positive" = EXCLUDED."is_false_positive","file_hashes" = EXCLUDED."file_hashes","locations" = EXCLUDED."locations","vulnerability_type" = EXCLUDED."vulnerability_type","repository" = EXCLUDED."repository","cache_key" = EXCLUDED."cache_key" RETURNING "id","updated_at","inserted_at","forge_account_id","invalidation_reason","invalidated_at","ttl_expires_at","cached_at","full_result","reason","confidence","is_false_positive","file_hashes","locations","vulnerability_type","repository","cache_key" ["Using parameterized query - protected from SQL injection", "56645/shared/repo/[shared.js:42]:sql-injection", %{"fileClassification" => "application", "hasValidation" => true, "inUserInputFlow" => false, "safePattern" => true}, "shared/repo", Decimal.new("0.95"), 56645, [%{line: 42, file_path: "shared.js"}], "sql-injection", %{"shared.js" => "sha256:shared123"}, true, ~U[2025-12-10 20:25:09.418088Z], ~U[2025-09-11 20:25:09.418088Z], ~U[2025-09-11 20:25:09.418124Z], ~U[2025-09-11 20:25:09.418124Z]]
14:25:09.418 request_id=GGRULZogQiQxkZwAAB2L [debug] Cached validation stored
14:25:09.418 request_id=GGRULZogQiQxkZwAAB2L [debug] Stored false positive in cache for sql-injection
14:25:09.418 request_id=GGRULZogQiQxkZwAAB2L [debug] QUERY OK source="cached_validations" db=0.1ms
SELECT count(*) FROM "cached_validations" AS c0 []
14:25:09.418 request_id=GGRULZogQiQxkZwAAB2L [info] Sent 200 in 1ms
14:25:09.418 request_id=GGRULZo0L4YxkZwAAByS [info] POST /api/v1/vulnerabilities/validate
14:25:09.418 request_id=GGRULZo0L4YxkZwAAByS [debug] Processing with RsolvWeb.Api.V1.VulnerabilityValidationRouter.validate/2
  Parameters: %{"files" => %{"shared.js" => %{"content" => "function query(input) { return db.query(input); }", "hash" => "sha256:shared123"}}, "repository" => "shared/repo", "vulnerabilities" => [%{"code" => "db.query('SELECT * FROM users WHERE id = ?', [input])", "filePath" => "shared.js", "id" => "vuln-1", "line" => 42, "locations" => [%{"file_path" => "shared.js", "is_primary" => true, "line" => 42}], "type" => "sql-injection"}]}
  Pipelines: [:api]
14:25:09.418 request_id=GGRULZo0L4YxkZwAAByS [debug] Using cached validation controller (forced via env var)
14:25:09.418 request_id=GGRULZo0L4YxkZwAAByS [debug] QUERY OK source="api_keys" db=0.0ms
SELECT a0."id", a0."key", a0."name", a0."permissions", a0."active", a0."last_used_at", a0."expires_at", a0."customer_id", a0."inserted_at", a0."updated_at" FROM "api_keys" AS a0 WHERE ((a0."key" = $1) AND (a0."active" = $2)) ["rsolv_j_lty5M5aX208ORHZLzh6PxkQLqcOe0X21ial1FQ8XA", true]
14:25:09.418 request_id=GGRULZo0L4YxkZwAAByS [debug] QUERY OK source="customers" db=0.0ms
SELECT c0."id", c0."name", c0."email", c0."monthly_limit", c0."current_usage", c0."active", c0."metadata", c0."password_hash", c0."is_staff", c0."admin_level", c0."trial_fixes_used", c0."trial_fixes_limit", c0."stripe_customer_id", c0."subscription_plan", c0."subscription_status", c0."rollover_fixes", c0."payment_method_added_at", c0."trial_expired_at", c0."fixes_used_this_month", c0."fixes_quota_this_month", c0."has_payment_method", c0."inserted_at", c0."updated_at" FROM "customers" AS c0 WHERE (c0."id" = $1) [72059]
14:25:09.419 request_id=GGRULZo0L4YxkZwAAByS [debug] QUERY OK source="forge_accounts" db=0.0ms
SELECT f0."id", f0."forge_type", f0."namespace", f0."verified_at", f0."metadata", f0."customer_id", f0."inserted_at", f0."updated_at" FROM "forge_accounts" AS f0 WHERE (f0."customer_id" = $1) LIMIT 1 [72059]
14:25:09.419 request_id=GGRULZo0L4YxkZwAAByS [debug] QUERY OK source="cached_validations" db=0.0ms
SELECT c0."id", c0."cache_key", c0."repository", c0."vulnerability_type", c0."locations", c0."file_hashes", c0."is_false_positive", c0."confidence", c0."reason", c0."full_result", c0."cached_at", c0."ttl_expires_at", c0."invalidated_at", c0."invalidation_reason", c0."forge_account_id", c0."inserted_at", c0."updated_at" FROM "cached_validations" AS c0 WHERE (c0."cache_key" = $1) AND (c0."invalidated_at" IS NULL) ["56646/shared/repo/[shared.js:42]:sql-injection"]
14:25:09.419 request_id=GGRULZo0L4YxkZwAAByS [debug] Cache miss
14:25:09.419 request_id=GGRULZo0L4YxkZwAAByS [debug] QUERY OK source="cached_validations" db=0.1ms
INSERT INTO "cached_validations" ("reason","cache_key","full_result","repository","confidence","forge_account_id","locations","vulnerability_type","file_hashes","is_false_positive","ttl_expires_at","cached_at","inserted_at","updated_at") VALUES ($1,$2,$3,$4,$5,$6,$7,$8,$9,$10,$11,$12,$13,$14) ON CONFLICT ("cache_key") DO UPDATE SET "updated_at" = EXCLUDED."updated_at","inserted_at" = EXCLUDED."inserted_at","forge_account_id" = EXCLUDED."forge_account_id","invalidation_reason" = EXCLUDED."invalidation_reason","invalidated_at" = EXCLUDED."invalidated_at","ttl_expires_at" = EXCLUDED."ttl_expires_at","cached_at" = EXCLUDED."cached_at","full_result" = EXCLUDED."full_result","reason" = EXCLUDED."reason","confidence" = EXCLUDED."confidence","is_false_positive" = EXCLUDED."is_false_positive","file_hashes" = EXCLUDED."file_hashes","locations" = EXCLUDED."locations","vulnerability_type" = EXCLUDED."vulnerability_type","repository" = EXCLUDED."repository","cache_key" = EXCLUDED."cache_key" RETURNING "id","updated_at","inserted_at","forge_account_id","invalidation_reason","invalidated_at","ttl_expires_at","cached_at","full_result","reason","confidence","is_false_positive","file_hashes","locations","vulnerability_type","repository","cache_key" ["Using parameterized query - protected from SQL injection", "56646/shared/repo/[shared.js:42]:sql-injection", %{"fileClassification" => "application", "hasValidation" => true, "inUserInputFlow" => false, "safePattern" => true}, "shared/repo", Decimal.new("0.95"), 56646, [%{line: 42, file_path: "shared.js"}], "sql-injection", %{"shared.js" => "sha256:shared123"}, true, ~U[2025-12-10 20:25:09.419121Z], ~U[2025-09-11 20:25:09.419121Z], ~U[2025-09-11 20:25:09.419158Z], ~U[2025-09-11 20:25:09.419158Z]]
14:25:09.419 request_id=GGRULZo0L4YxkZwAAByS [debug] Cached validation stored
14:25:09.419 request_id=GGRULZo0L4YxkZwAAByS [debug] Stored false positive in cache for sql-injection
14:25:09.419 request_id=GGRULZo0L4YxkZwAAByS [debug] QUERY OK source="cached_validations" db=0.0ms
SELECT count(*) FROM "cached_validations" AS c0 []
14:25:09.419 request_id=GGRULZo0L4YxkZwAAByS [info] Sent 200 in 756µs
14:25:09.419 request_id=GGRULZpAd00xkZwAAB4L [info] POST /api/v1/vulnerabilities/validate
14:25:09.419 request_id=GGRULZpAd00xkZwAAB4L [debug] Processing with RsolvWeb.Api.V1.VulnerabilityValidationRouter.validate/2
  Parameters: %{"files" => %{"shared.js" => %{"content" => "function query(input) { return db.query(input); }", "hash" => "sha256:shared123"}}, "repository" => "shared/repo", "vulnerabilities" => [%{"code" => "db.query('SELECT * FROM users WHERE id = ?', [input])", "filePath" => "shared.js", "id" => "vuln-1", "line" => 42, "locations" => [%{"file_path" => "shared.js", "is_primary" => true, "line" => 42}], "type" => "sql-injection"}]}
  Pipelines: [:api]
14:25:09.419 request_id=GGRULZpAd00xkZwAAB4L [debug] Using cached validation controller (forced via env var)
14:25:09.419 request_id=GGRULZpAd00xkZwAAB4L [debug] QUERY OK source="api_keys" db=0.0ms
SELECT a0."id", a0."key", a0."name", a0."permissions", a0."active", a0."last_used_at", a0."expires_at", a0."customer_id", a0."inserted_at", a0."updated_at" FROM "api_keys" AS a0 WHERE ((a0."key" = $1) AND (a0."active" = $2)) ["rsolv_kTmp35hTdHGuzzIXnE9bhBH7fMBtFFf6_2Jk8QzNZZ4", true]
14:25:09.419 request_id=GGRULZpAd00xkZwAAB4L [debug] QUERY OK source="customers" db=0.0ms
SELECT c0."id", c0."name", c0."email", c0."monthly_limit", c0."current_usage", c0."active", c0."metadata", c0."password_hash", c0."is_staff", c0."admin_level", c0."trial_fixes_used", c0."trial_fixes_limit", c0."stripe_customer_id", c0."subscription_plan", c0."subscription_status", c0."rollover_fixes", c0."payment_method_added_at", c0."trial_expired_at", c0."fixes_used_this_month", c0."fixes_quota_this_month", c0."has_payment_method", c0."inserted_at", c0."updated_at" FROM "customers" AS c0 WHERE (c0."id" = $1) [72058]
14:25:09.419 request_id=GGRULZpAd00xkZwAAB4L [debug] QUERY OK source="forge_accounts" db=0.0ms
SELECT f0."id", f0."forge_type", f0."namespace", f0."verified_at", f0."metadata", f0."customer_id", f0."inserted_at", f0."updated_at" FROM "forge_accounts" AS f0 WHERE (f0."customer_id" = $1) LIMIT 1 [72058]
14:25:09.419 request_id=GGRULZpAd00xkZwAAB4L [debug] QUERY OK source="cached_validations" db=0.0ms
SELECT c0."id", c0."cache_key", c0."repository", c0."vulnerability_type", c0."locations", c0."file_hashes", c0."is_false_positive", c0."confidence", c0."reason", c0."full_result", c0."cached_at", c0."ttl_expires_at", c0."invalidated_at", c0."invalidation_reason", c0."forge_account_id", c0."inserted_at", c0."updated_at" FROM "cached_validations" AS c0 WHERE (c0."cache_key" = $1) AND (c0."invalidated_at" IS NULL) ["56645/shared/repo/[shared.js:42]:sql-injection"]
14:25:09.419 request_id=GGRULZpAd00xkZwAAB4L [debug] Cache hit
14:25:09.419 request_id=GGRULZpAd00xkZwAAB4L [debug] QUERY OK source="cached_validations" db=0.0ms
SELECT count(*) FROM "cached_validations" AS c0 []
14:25:09.419 request_id=GGRULZpAd00xkZwAAB4L [info] Sent 200 in 440µs
14:25:09.420 request_id=GGRULZpH65sxkZwAAB0S [info] POST /api/v1/vulnerabilities/validate
14:25:09.420 request_id=GGRULZpH65sxkZwAAB0S [debug] Processing with RsolvWeb.Api.V1.VulnerabilityValidationRouter.validate/2
  Parameters: %{"files" => %{"shared.js" => %{"content" => "function query(input) { return db.query(input); }", "hash" => "sha256:shared123"}}, "repository" => "shared/repo", "vulnerabilities" => [%{"code" => "db.query('SELECT * FROM users WHERE id = ?', [input])", "filePath" => "shared.js", "id" => "vuln-1", "line" => 42, "locations" => [%{"file_path" => "shared.js", "is_primary" => true, "line" => 42}], "type" => "sql-injection"}]}
  Pipelines: [:api]
14:25:09.420 request_id=GGRULZpH65sxkZwAAB0S [debug] Using cached validation controller (forced via env var)
14:25:09.420 request_id=GGRULZpH65sxkZwAAB0S [debug] QUERY OK source="api_keys" db=0.0ms
SELECT a0."id", a0."key", a0."name", a0."permissions", a0."active", a0."last_used_at", a0."expires_at", a0."customer_id", a0."inserted_at", a0."updated_at" FROM "api_keys" AS a0 WHERE ((a0."key" = $1) AND (a0."active" = $2)) ["rsolv_j_lty5M5aX208ORHZLzh6PxkQLqcOe0X21ial1FQ8XA", true]
14:25:09.420 request_id=GGRULZpH65sxkZwAAB0S [debug] QUERY OK source="customers" db=0.0ms
SELECT c0."id", c0."name", c0."email", c0."monthly_limit", c0."current_usage", c0."active", c0."metadata", c0."password_hash", c0."is_staff", c0."admin_level", c0."trial_fixes_used", c0."trial_fixes_limit", c0."stripe_customer_id", c0."subscription_plan", c0."subscription_status", c0."rollover_fixes", c0."payment_method_added_at", c0."trial_expired_at", c0."fixes_used_this_month", c0."fixes_quota_this_month", c0."has_payment_method", c0."inserted_at", c0."updated_at" FROM "customers" AS c0 WHERE (c0."id" = $1) [72059]
14:25:09.420 request_id=GGRULZpH65sxkZwAAB0S [debug] QUERY OK source="forge_accounts" db=0.0ms
SELECT f0."id", f0."forge_type", f0."namespace", f0."verified_at", f0."metadata", f0."customer_id", f0."inserted_at", f0."updated_at" FROM "forge_accounts" AS f0 WHERE (f0."customer_id" = $1) LIMIT 1 [72059]
14:25:09.420 request_id=GGRULZpH65sxkZwAAB0S [debug] QUERY OK source="cached_validations" db=0.0ms
SELECT c0."id", c0."cache_key", c0."repository", c0."vulnerability_type", c0."locations", c0."file_hashes", c0."is_false_positive", c0."confidence", c0."reason", c0."full_result", c0."cached_at", c0."ttl_expires_at", c0."invalidated_at", c0."invalidation_reason", c0."forge_account_id", c0."inserted_at", c0."updated_at" FROM "cached_validations" AS c0 WHERE (c0."cache_key" = $1) AND (c0."invalidated_at" IS NULL) ["56646/shared/repo/[shared.js:42]:sql-injection"]
14:25:09.420 request_id=GGRULZpH65sxkZwAAB0S [debug] Cache hit
14:25:09.420 request_id=GGRULZpH65sxkZwAAB0S [debug] QUERY OK source="cached_validations" db=0.0ms
SELECT count(*) FROM "cached_validations" AS c0 []
14:25:09.420 request_id=GGRULZpH65sxkZwAAB0S [info] Sent 200 in 475µs
.14:25:09.420 [debug] QUERY OK source="customers" db=0.0ms
INSERT INTO "customers" ("active","name","metadata","email","is_staff","subscription_plan","monthly_limit","current_usage","fixes_quota_this_month","fixes_used_this_month","has_payment_method","rollover_fixes","subscription_status","trial_fixes_limit","trial_fixes_used","inserted_at","updated_at") VALUES ($1,$2,$3,$4,$5,$6,$7,$8,$9,$10,$11,$12,$13,$14,$15,$16,$17) RETURNING "id" [true, "Test Customer 3481", %{}, "test3481@example.com", false, "trial", 100, 0, 0, 0, false, 0, "active", 5, 0, ~N[2025-09-11 20:25:09], ~N[2025-09-11 20:25:09]]
14:25:09.421 [debug] QUERY OK source="forge_accounts" db=0.1ms
INSERT INTO "forge_accounts" ("metadata","namespace","customer_id","forge_type","verified_at","inserted_at","updated_at") VALUES ($1,$2,$3,$4,$5,$6,$7) RETURNING "id" [%{}, "test-org-3481", 72060, :github, ~U[2025-09-11 20:25:09.420875Z], ~U[2025-09-11 20:25:09.420882Z], ~U[2025-09-11 20:25:09.420882Z]]
14:25:09.421 [debug] QUERY OK source="api_keys" db=0.0ms
INSERT INTO "api_keys" ("active","name","permissions","key","customer_id","inserted_at","updated_at") VALUES ($1,$2,$3,$4,$5,$6,$7) RETURNING "id" [true, "Test Key", [], "test_de8cd5d1-0692-4076-9f30-60922bb30532", 72060, ~U[2025-09-11 20:25:09Z], ~U[2025-09-11 20:25:09Z]]
14:25:09.421 request_id=GGRULZpcz2vA_gsAAB6L [info] POST /api/v1/vulnerabilities/validate
14:25:09.421 request_id=GGRULZpcz2vA_gsAAB6L [debug] Processing with RsolvWeb.Api.V1.VulnerabilityValidationRouter.validate/2
  Parameters: %{"files" => %{"app.js" => %{"content" => "function getUser(userId) {\n  return db.query(\"SELECT * FROM users WHERE id = ?\", [userId]);\n}", "hash" => "sha256:original"}}, "repository" => "test-org/test-repo", "vulnerabilities" => [%{"code" => "db.query(\"SELECT * FROM users WHERE id = ?\", [userId])", "filePath" => "app.js", "id" => "vuln-1", "line" => 10, "locations" => [%{"file_path" => "app.js", "is_primary" => true, "line" => 10}], "type" => "sql-injection"}]}
  Pipelines: [:api]
14:25:09.421 request_id=GGRULZpcz2vA_gsAAB6L [debug] Using cached validation controller (forced via env var)
14:25:09.421 request_id=GGRULZpcz2vA_gsAAB6L [debug] QUERY OK source="api_keys" db=0.1ms
SELECT a0."id", a0."key", a0."name", a0."permissions", a0."active", a0."last_used_at", a0."expires_at", a0."customer_id", a0."inserted_at", a0."updated_at" FROM "api_keys" AS a0 WHERE ((a0."key" = $1) AND (a0."active" = $2)) ["test_de8cd5d1-0692-4076-9f30-60922bb30532", true]
14:25:09.421 request_id=GGRULZpcz2vA_gsAAB6L [debug] QUERY OK source="customers" db=0.0ms
SELECT c0."id", c0."name", c0."email", c0."monthly_limit", c0."current_usage", c0."active", c0."metadata", c0."password_hash", c0."is_staff", c0."admin_level", c0."trial_fixes_used", c0."trial_fixes_limit", c0."stripe_customer_id", c0."subscription_plan", c0."subscription_status", c0."rollover_fixes", c0."payment_method_added_at", c0."trial_expired_at", c0."fixes_used_this_month", c0."fixes_quota_this_month", c0."has_payment_method", c0."inserted_at", c0."updated_at" FROM "customers" AS c0 WHERE (c0."id" = $1) [72060]
14:25:09.421 request_id=GGRULZpcz2vA_gsAAB6L [debug] QUERY OK source="forge_accounts" db=0.0ms
SELECT f0."id", f0."forge_type", f0."namespace", f0."verified_at", f0."metadata", f0."customer_id", f0."inserted_at", f0."updated_at" FROM "forge_accounts" AS f0 WHERE (f0."customer_id" = $1) LIMIT 1 [72060]
14:25:09.422 request_id=GGRULZpcz2vA_gsAAB6L [debug] QUERY OK source="cached_validations" db=0.1ms
SELECT c0."id", c0."cache_key", c0."repository", c0."vulnerability_type", c0."locations", c0."file_hashes", c0."is_false_positive", c0."confidence", c0."reason", c0."full_result", c0."cached_at", c0."ttl_expires_at", c0."invalidated_at", c0."invalidation_reason", c0."forge_account_id", c0."inserted_at", c0."updated_at" FROM "cached_validations" AS c0 WHERE (c0."cache_key" = $1) AND (c0."invalidated_at" IS NULL) ["56647/test-org/test-repo/[app.js:10]:sql-injection"]
14:25:09.422 request_id=GGRULZpcz2vA_gsAAB6L [debug] Cache miss
14:25:09.422 request_id=GGRULZpcz2vA_gsAAB6L [debug] QUERY OK source="cached_validations" db=0.1ms
INSERT INTO "cached_validations" ("reason","cache_key","full_result","repository","confidence","forge_account_id","locations","vulnerability_type","file_hashes","is_false_positive","ttl_expires_at","cached_at","inserted_at","updated_at") VALUES ($1,$2,$3,$4,$5,$6,$7,$8,$9,$10,$11,$12,$13,$14) ON CONFLICT ("cache_key") DO UPDATE SET "updated_at" = EXCLUDED."updated_at","inserted_at" = EXCLUDED."inserted_at","forge_account_id" = EXCLUDED."forge_account_id","invalidation_reason" = EXCLUDED."invalidation_reason","invalidated_at" = EXCLUDED."invalidated_at","ttl_expires_at" = EXCLUDED."ttl_expires_at","cached_at" = EXCLUDED."cached_at","full_result" = EXCLUDED."full_result","reason" = EXCLUDED."reason","confidence" = EXCLUDED."confidence","is_false_positive" = EXCLUDED."is_false_positive","file_hashes" = EXCLUDED."file_hashes","locations" = EXCLUDED."locations","vulnerability_type" = EXCLUDED."vulnerability_type","repository" = EXCLUDED."repository","cache_key" = EXCLUDED."cache_key" RETURNING "id","updated_at","inserted_at","forge_account_id","invalidation_reason","invalidated_at","ttl_expires_at","cached_at","full_result","reason","confidence","is_false_positive","file_hashes","locations","vulnerability_type","repository","cache_key" ["Using parameterized query - protected from SQL injection", "56647/test-org/test-repo/[app.js:10]:sql-injection", %{"fileClassification" => "application", "hasValidation" => true, "inUserInputFlow" => false, "safePattern" => true}, "test-org/test-repo", Decimal.new("0.95"), 56647, [%{line: 10, file_path: "app.js"}], "sql-injection", %{"app.js" => "sha256:original"}, true, ~U[2025-12-10 20:25:09.422045Z], ~U[2025-09-11 20:25:09.422045Z], ~U[2025-09-11 20:25:09.422087Z], ~U[2025-09-11 20:25:09.422087Z]]
14:25:09.422 request_id=GGRULZpcz2vA_gsAAB6L [debug] Cached validation stored
14:25:09.422 request_id=GGRULZpcz2vA_gsAAB6L [debug] Stored false positive in cache for sql-injection
14:25:09.422 request_id=GGRULZpcz2vA_gsAAB6L [debug] QUERY OK source="cached_validations" db=0.1ms
SELECT count(*) FROM "cached_validations" AS c0 []
14:25:09.422 request_id=GGRULZpcz2vA_gsAAB6L [info] Sent 200 in 1ms
14:25:09.422 request_id=GGRULZpwQOjA_gsAAB2S [info] POST /api/v1/vulnerabilities/validate
14:25:09.422 request_id=GGRULZpwQOjA_gsAAB2S [debug] Processing with RsolvWeb.Api.V1.VulnerabilityValidationRouter.validate/2
  Parameters: %{"files" => %{"app.js" => %{"content" => "function getUser(userId) {\n  return db.query(\"SELECT * FROM users WHERE id = ?\", [userId]);\n}", "hash" => "sha256:original"}}, "repository" => "test-org/test-repo", "vulnerabilities" => [%{"code" => "db.query(\"SELECT * FROM users WHERE id = ?\", [userId])", "filePath" => "app.js", "id" => "vuln-1", "line" => 10, "locations" => [%{"file_path" => "app.js", "is_primary" => true, "line" => 10}], "type" => "sql-injection"}]}
  Pipelines: [:api]
14:25:09.422 request_id=GGRULZpwQOjA_gsAAB2S [debug] Using cached validation controller (forced via env var)
14:25:09.422 request_id=GGRULZpwQOjA_gsAAB2S [debug] QUERY OK source="api_keys" db=0.0ms
SELECT a0."id", a0."key", a0."name", a0."permissions", a0."active", a0."last_used_at", a0."expires_at", a0."customer_id", a0."inserted_at", a0."updated_at" FROM "api_keys" AS a0 WHERE ((a0."key" = $1) AND (a0."active" = $2)) ["test_de8cd5d1-0692-4076-9f30-60922bb30532", true]
14:25:09.422 request_id=GGRULZpwQOjA_gsAAB2S [debug] QUERY OK source="customers" db=0.0ms
SELECT c0."id", c0."name", c0."email", c0."monthly_limit", c0."current_usage", c0."active", c0."metadata", c0."password_hash", c0."is_staff", c0."admin_level", c0."trial_fixes_used", c0."trial_fixes_limit", c0."stripe_customer_id", c0."subscription_plan", c0."subscription_status", c0."rollover_fixes", c0."payment_method_added_at", c0."trial_expired_at", c0."fixes_used_this_month", c0."fixes_quota_this_month", c0."has_payment_method", c0."inserted_at", c0."updated_at" FROM "customers" AS c0 WHERE (c0."id" = $1) [72060]
14:25:09.422 request_id=GGRULZpwQOjA_gsAAB2S [debug] QUERY OK source="forge_accounts" db=0.0ms
SELECT f0."id", f0."forge_type", f0."namespace", f0."verified_at", f0."metadata", f0."customer_id", f0."inserted_at", f0."updated_at" FROM "forge_accounts" AS f0 WHERE (f0."customer_id" = $1) LIMIT 1 [72060]
14:25:09.423 request_id=GGRULZpwQOjA_gsAAB2S [debug] QUERY OK source="cached_validations" db=0.0ms
SELECT c0."id", c0."cache_key", c0."repository", c0."vulnerability_type", c0."locations", c0."file_hashes", c0."is_false_positive", c0."confidence", c0."reason", c0."full_result", c0."cached_at", c0."ttl_expires_at", c0."invalidated_at", c0."invalidation_reason", c0."forge_account_id", c0."inserted_at", c0."updated_at" FROM "cached_validations" AS c0 WHERE (c0."cache_key" = $1) AND (c0."invalidated_at" IS NULL) ["56647/test-org/test-repo/[app.js:10]:sql-injection"]
14:25:09.423 request_id=GGRULZpwQOjA_gsAAB2S [debug] Cache hit
14:25:09.423 request_id=GGRULZpwQOjA_gsAAB2S [debug] QUERY OK source="cached_validations" db=0.0ms
SELECT count(*) FROM "cached_validations" AS c0 []
14:25:09.423 request_id=GGRULZpwQOjA_gsAAB2S [info] Sent 200 in 492µs
14:25:09.423 request_id=GGRULZp4ca_A_gsAAB8L [info] POST /api/v1/vulnerabilities/validate
14:25:09.423 request_id=GGRULZp4ca_A_gsAAB8L [debug] Processing with RsolvWeb.Api.V1.VulnerabilityValidationRouter.validate/2
  Parameters: %{"files" => %{"app.js" => %{"content" => "const input = req.body.code;\n// Fixed: eval(input);", "hash" => "sha256:modified"}}, "repository" => "test-org/test-repo", "vulnerabilities" => [%{"code" => "db.query(\"SELECT * FROM users WHERE id = ?\", [userId])", "filePath" => "app.js", "id" => "vuln-1", "line" => 10, "locations" => [%{"file_path" => "app.js", "is_primary" => true, "line" => 10}], "type" => "sql-injection"}]}
  Pipelines: [:api]
14:25:09.423 request_id=GGRULZp4ca_A_gsAAB8L [debug] Using cached validation controller (forced via env var)
14:25:09.423 request_id=GGRULZp4ca_A_gsAAB8L [debug] QUERY OK source="api_keys" db=0.0ms
SELECT a0."id", a0."key", a0."name", a0."permissions", a0."active", a0."last_used_at", a0."expires_at", a0."customer_id", a0."inserted_at", a0."updated_at" FROM "api_keys" AS a0 WHERE ((a0."key" = $1) AND (a0."active" = $2)) ["test_de8cd5d1-0692-4076-9f30-60922bb30532", true]
14:25:09.423 request_id=GGRULZp4ca_A_gsAAB8L [debug] QUERY OK source="customers" db=0.0ms
SELECT c0."id", c0."name", c0."email", c0."monthly_limit", c0."current_usage", c0."active", c0."metadata", c0."password_hash", c0."is_staff", c0."admin_level", c0."trial_fixes_used", c0."trial_fixes_limit", c0."stripe_customer_id", c0."subscription_plan", c0."subscription_status", c0."rollover_fixes", c0."payment_method_added_at", c0."trial_expired_at", c0."fixes_used_this_month", c0."fixes_quota_this_month", c0."has_payment_method", c0."inserted_at", c0."updated_at" FROM "customers" AS c0 WHERE (c0."id" = $1) [72060]
14:25:09.423 request_id=GGRULZp4ca_A_gsAAB8L [debug] QUERY OK source="forge_accounts" db=0.0ms
SELECT f0."id", f0."forge_type", f0."namespace", f0."verified_at", f0."metadata", f0."customer_id", f0."inserted_at", f0."updated_at" FROM "forge_accounts" AS f0 WHERE (f0."customer_id" = $1) LIMIT 1 [72060]
14:25:09.423 request_id=GGRULZp4ca_A_gsAAB8L [debug] QUERY OK source="cached_validations" db=0.0ms
SELECT c0."id", c0."cache_key", c0."repository", c0."vulnerability_type", c0."locations", c0."file_hashes", c0."is_false_positive", c0."confidence", c0."reason", c0."full_result", c0."cached_at", c0."ttl_expires_at", c0."invalidated_at", c0."invalidation_reason", c0."forge_account_id", c0."inserted_at", c0."updated_at" FROM "cached_validations" AS c0 WHERE (c0."cache_key" = $1) AND (c0."invalidated_at" IS NULL) ["56647/test-org/test-repo/[app.js:10]:sql-injection"]
14:25:09.423 request_id=GGRULZp4ca_A_gsAAB8L [debug] Cache invalidated by file change
14:25:09.423 request_id=GGRULZp4ca_A_gsAAB8L [debug] QUERY OK source="cached_validations" db=0.1ms
INSERT INTO "cached_validations" ("reason","cache_key","full_result","repository","confidence","forge_account_id","locations","vulnerability_type","file_hashes","is_false_positive","ttl_expires_at","cached_at","inserted_at","updated_at") VALUES ($1,$2,$3,$4,$5,$6,$7,$8,$9,$10,$11,$12,$13,$14) ON CONFLICT ("cache_key") DO UPDATE SET "updated_at" = EXCLUDED."updated_at","inserted_at" = EXCLUDED."inserted_at","forge_account_id" = EXCLUDED."forge_account_id","invalidation_reason" = EXCLUDED."invalidation_reason","invalidated_at" = EXCLUDED."invalidated_at","ttl_expires_at" = EXCLUDED."ttl_expires_at","cached_at" = EXCLUDED."cached_at","full_result" = EXCLUDED."full_result","reason" = EXCLUDED."reason","confidence" = EXCLUDED."confidence","is_false_positive" = EXCLUDED."is_false_positive","file_hashes" = EXCLUDED."file_hashes","locations" = EXCLUDED."locations","vulnerability_type" = EXCLUDED."vulnerability_type","repository" = EXCLUDED."repository","cache_key" = EXCLUDED."cache_key" RETURNING "id","updated_at","inserted_at","forge_account_id","invalidation_reason","invalidated_at","ttl_expires_at","cached_at","full_result","reason","confidence","is_false_positive","file_hashes","locations","vulnerability_type","repository","cache_key" ["Using parameterized query - protected from SQL injection", "56647/test-org/test-repo/[app.js:10]:sql-injection", %{"fileClassification" => "application", "hasValidation" => true, "inUserInputFlow" => false, "safePattern" => true}, "test-org/test-repo", Decimal.new("0.95"), 56647, [%{line: 10, file_path: "app.js"}], "sql-injection", %{"app.js" => "sha256:modified"}, true, ~U[2025-12-10 20:25:09.423571Z], ~U[2025-09-11 20:25:09.423571Z], ~U[2025-09-11 20:25:09.423604Z], ~U[2025-09-11 20:25:09.423604Z]]
14:25:09.423 request_id=GGRULZp4ca_A_gsAAB8L [debug] Cached validation stored
14:25:09.423 request_id=GGRULZp4ca_A_gsAAB8L [debug] Stored false positive in cache for sql-injection
14:25:09.423 request_id=GGRULZp4ca_A_gsAAB8L [debug] QUERY OK source="cached_validations" db=0.0ms
SELECT count(*) FROM "cached_validations" AS c0 []
14:25:09.423 request_id=GGRULZp4ca_A_gsAAB8L [info] Sent 200 in 741µs
.....14:25:09.424 [debug] QUERY OK source="early_access_signups" db=0.0ms
INSERT INTO "early_access_signups" ("email","inserted_at") VALUES ($1,$2) RETURNING "id" ["integrated@example.com", ~N[2025-09-11 20:25:09]]
14:25:09.424 [debug] QUERY OK source="early_access_signups" db=0.1ms
SELECT count(e0."id") FROM "early_access_signups" AS e0 []
14:25:09.424 [debug] QUERY OK db=0.0ms
SELECT create_analytics_partition_if_not_exists($1::date) [~D[2025-09-11]]
14:25:09.425 [debug] QUERY OK source="analytics_events" db=0.0ms
INSERT INTO "analytics_events" ("metadata","event_type","visitor_id","inserted_at","updated_at") VALUES ($1,$2,$3,$4,$5) RETURNING "id" [%{email: "integrated@example.com"}, "conversion", "visitor-integrated", ~N[2025-09-11 20:25:09], ~N[2025-09-11 20:25:09]]
14:25:09.426 [debug] QUERY OK source="feedback_entries" db=0.1ms queue=0.1ms
INSERT INTO "feedback_entries" ("metadata","source","tags","content","inserted_at","updated_at") VALUES ($1,$2,$3,$4,$5,$6) RETURNING "id" [%{}, "survey", [], %{email: "integrated@example.com", rating: 5}, ~N[2025-09-11 20:25:09], ~N[2025-09-11 20:25:09]]
14:25:09.426 [debug] QUERY OK source="email_unsubscribes" db=0.1ms queue=0.1ms
INSERT INTO "email_unsubscribes" ("reason","email","inserted_at") VALUES ($1,$2,$3) RETURNING "id" ["No longer interested", "integrated@example.com", ~N[2025-09-11 20:25:09]]
14:25:09.426 [debug] QUERY OK source="early_access_signups" db=0.0ms
SELECT TRUE FROM "early_access_signups" AS e0 WHERE (e0."email" = $1) LIMIT 1 ["integrated@example.com"]
14:25:09.427 [debug] QUERY OK source="email_unsubscribes" db=0.1ms
SELECT TRUE FROM "email_unsubscribes" AS e0 WHERE (lower(e0."email") = $1) LIMIT 1 ["integrated@example.com"]
14:25:09.427 [debug] QUERY OK source="analytics_events" db=0.3ms
SELECT count(a0."id") FROM "analytics_events" AS a0 WHERE (a0."event_type" = $1) ["conversion"]
14:25:09.427 [debug] QUERY OK source="feedback_entries" db=0.0ms
SELECT count(f0."id") FROM "feedback_entries" AS f0 []
.14:25:09.428 [debug] QUERY OK source="early_access_signups" db=0.1ms queue=0.1ms
INSERT INTO "early_access_signups" ("email","inserted_at") VALUES ($1,$2) RETURNING "id" ["test@example.com", ~N[2025-09-11 20:25:09]]
14:25:09.428 [debug] QUERY OK source="early_access_signups" db=0.1ms
SELECT count(e0."id") FROM "early_access_signups" AS e0 []
14:25:09.428 [debug] QUERY OK source="early_access_signups" db=0.0ms
SELECT TRUE FROM "early_access_signups" AS e0 WHERE (e0."email" = $1) LIMIT 1 ["test@example.com"]
14:25:09.428 [debug] QUERY OK source="early_access_signups" db=0.0ms
SELECT TRUE FROM "early_access_signups" AS e0 WHERE (e0."email" = $1) LIMIT 1 ["nonexistent@example.com"]
14:25:09.428 [debug] QUERY OK source="early_access_signups" db=0.0ms
SELECT e0."id", e0."email", e0."name", e0."company", e0."referral_source", e0."utm_source", e0."utm_medium", e0."utm_campaign", e0."inserted_at" FROM "early_access_signups" AS e0 ORDER BY e0."inserted_at" DESC []
.14:25:09.430 [debug] QUERY OK source="failed_emails" db=0.1ms queue=0.1ms
INSERT INTO "failed_emails" ("template","error_message","attempts","to_email","email_data","inserted_at","updated_at") VALUES ($1,$2,$3,$4,$5,$6,$7) RETURNING "id" ["welcome_email", "Mailbox does not exist", 1, "bounce@example.com", %{smtp_code: 550}, ~N[2025-09-11 20:25:09], ~N[2025-09-11 20:25:09]]
14:25:09.430 [debug] QUERY OK source="failed_emails" db=0.0ms
SELECT f0."id", f0."to_email", f0."subject", f0."template", f0."error_message", f0."email_data", f0."attempts", f0."inserted_at", f0."updated_at" FROM "failed_emails" AS f0 ORDER BY f0."inserted_at" DESC []
.14:25:09.431 [debug] QUERY OK db=0.0ms queue=0.1ms
SELECT create_analytics_partition_if_not_exists($1::date) [~D[2025-09-11]]
14:25:09.431 [debug] QUERY OK source="analytics_events" db=0.1ms
INSERT INTO "analytics_events" ("metadata","event_type","visitor_id","page_path","referrer","utm_source","utm_medium","inserted_at","updated_at") VALUES ($1,$2,$3,$4,$5,$6,$7,$8,$9) RETURNING "id" [%{test: true}, "page_view", "test-visitor-123", "/pricing", "https://google.com", "google", "cpc", ~N[2025-09-11 20:25:09], ~N[2025-09-11 20:25:09]]
14:25:09.431 [debug] QUERY OK source="analytics_events" db=0.3ms queue=0.1ms
SELECT a0."id", a0."event_type", a0."visitor_id", a0."session_id", a0."page_path", a0."referrer", a0."user_agent", a0."ip_address", a0."utm_source", a0."utm_medium", a0."utm_campaign", a0."utm_term", a0."utm_content", a0."metadata", a0."inserted_at", a0."updated_at" FROM "analytics_events" AS a0 []
14:25:09.433 [debug] QUERY OK source="analytics_events" db=0.2ms queue=0.1ms
SELECT a0."id", a0."event_type", a0."visitor_id", a0."session_id", a0."page_path", a0."referrer", a0."user_agent", a0."ip_address", a0."utm_source", a0."utm_medium", a0."utm_campaign", a0."utm_term", a0."utm_content", a0."metadata", a0."inserted_at", a0."updated_at" FROM "analytics_events" AS a0 WHERE ((a0."inserted_at" >= $1) AND (a0."inserted_at" <= $2)) ORDER BY a0."inserted_at" DESC [~N[2025-09-11 00:00:00], ~N[2025-09-12 23:59:59]]
.14:25:09.433 [debug] QUERY OK source="email_unsubscribes" db=0.1ms queue=0.1ms
INSERT INTO "email_unsubscribes" ("reason","email","inserted_at") VALUES ($1,$2,$3) RETURNING "id" ["Too many emails", "unsubscribe@example.com", ~N[2025-09-11 20:25:09]]
14:25:09.434 [debug] QUERY OK source="email_unsubscribes" db=0.1ms
SELECT TRUE FROM "email_unsubscribes" AS e0 WHERE (lower(e0."email") = $1) LIMIT 1 ["unsubscribe@example.com"]
14:25:09.434 [debug] QUERY OK source="email_unsubscribes" db=0.0ms
SELECT TRUE FROM "email_unsubscribes" AS e0 WHERE (lower(e0."email") = $1) LIMIT 1 ["active@example.com"]
.14:25:09.435 [debug] QUERY OK db=0.8ms
SELECT create_analytics_partition_if_not_exists($1::date) [~D[2025-09-11]]
14:25:09.435 [debug] QUERY OK source="analytics_events" db=0.1ms
INSERT INTO "analytics_events" ("metadata","event_type","visitor_id","page_path","inserted_at","updated_at") VALUES ($1,$2,$3,$4,$5,$6) RETURNING "id" [%{plan: "pro"}, "conversion", "visitor-1", "/signup", ~N[2025-09-11 20:25:09], ~N[2025-09-11 20:25:09]]
14:25:09.435 [debug] QUERY OK db=0.1ms
SELECT create_analytics_partition_if_not_exists($1::date) [~D[2025-09-11]]
14:25:09.435 [debug] QUERY OK source="analytics_events" db=0.0ms
INSERT INTO "analytics_events" ("metadata","event_type","visitor_id","page_path","inserted_at","updated_at") VALUES ($1,$2,$3,$4,$5,$6) RETURNING "id" [%{plan: "pro"}, "conversion", "visitor-2", "/signup", ~N[2025-09-11 20:25:09], ~N[2025-09-11 20:25:09]]
14:25:09.435 [debug] QUERY OK db=0.0ms
SELECT create_analytics_partition_if_not_exists($1::date) [~D[2025-09-11]]
14:25:09.435 [debug] QUERY OK source="analytics_events" db=0.0ms
INSERT INTO "analytics_events" ("metadata","event_type","visitor_id","page_path","inserted_at","updated_at") VALUES ($1,$2,$3,$4,$5,$6) RETURNING "id" [%{plan: "pro"}, "conversion", "visitor-3", "/signup", ~N[2025-09-11 20:25:09], ~N[2025-09-11 20:25:09]]
14:25:09.436 [debug] QUERY OK db=0.0ms
SELECT create_analytics_partition_if_not_exists($1::date) [~D[2025-09-11]]
14:25:09.436 [debug] QUERY OK source="analytics_events" db=0.0ms
INSERT INTO "analytics_events" ("metadata","event_type","visitor_id","page_path","inserted_at","updated_at") VALUES ($1,$2,$3,$4,$5,$6) RETURNING "id" [%{plan: "pro"}, "conversion", "visitor-4", "/signup", ~N[2025-09-11 20:25:09], ~N[2025-09-11 20:25:09]]
14:25:09.436 [debug] QUERY OK db=0.0ms
SELECT create_analytics_partition_if_not_exists($1::date) [~D[2025-09-11]]
14:25:09.436 [debug] QUERY OK source="analytics_events" db=0.0ms
INSERT INTO "analytics_events" ("metadata","event_type","visitor_id","page_path","inserted_at","updated_at") VALUES ($1,$2,$3,$4,$5,$6) RETURNING "id" [%{plan: "pro"}, "conversion", "visitor-5", "/signup", ~N[2025-09-11 20:25:09], ~N[2025-09-11 20:25:09]]
14:25:09.436 [debug] QUERY OK source="analytics_events" db=0.2ms
SELECT count(a0."id") FROM "analytics_events" AS a0 WHERE (a0."event_type" = $1) ["conversion"]
.14:25:09.436 [debug] QUERY OK source="feedback_entries" db=0.0ms
INSERT INTO "feedback_entries" ("metadata","source","tags","content","inserted_at","updated_at") VALUES ($1,$2,$3,$4,$5,$6) RETURNING "id" [%{user_agent: "Mozilla/5.0", ip_address: "127.0.0.1"}, "early_access_form", [], %{message: "Looking forward to using RSOLV!", email: "feedback@example.com"}, ~N[2025-09-11 20:25:09], ~N[2025-09-11 20:25:09]]
14:25:09.437 [debug] QUERY OK source="feedback_entries" db=0.0ms
SELECT count(f0."id") FROM "feedback_entries" AS f0 []
14:25:09.437 [debug] QUERY OK source="feedback_entries" db=0.0ms
SELECT f0."id", f0."email", f0."message", f0."rating", f0."tags", f0."source", f0."content", f0."metadata", f0."inserted_at", f0."updated_at" FROM "feedback_entries" AS f0 ORDER BY f0."inserted_at" DESC LIMIT $1 [5]
.14:25:09.437 [debug] QUERY OK source="customers" db=0.0ms
INSERT INTO "customers" ("active","name","metadata","email","is_staff","subscription_plan","monthly_limit","current_usage","fixes_quota_this_month","fixes_used_this_month","has_payment_method","rollover_fixes","subscription_status","trial_fixes_limit","trial_fixes_used","inserted_at","updated_at") VALUES ($1,$2,$3,$4,$5,$6,$7,$8,$9,$10,$11,$12,$13,$14,$15,$16,$17) RETURNING "id" [true, "Test Corp", %{}, "test@example.com", false, "trial", 100, 0, 0, 0, false, 0, "active", 5, 0, ~N[2025-09-11 20:25:09], ~N[2025-09-11 20:25:09]]
14:25:09.437 [debug] QUERY OK source="api_keys" db=0.0ms
INSERT INTO "api_keys" ("active","name","permissions","key","customer_id","inserted_at","updated_at") VALUES ($1,$2,$3,$4,$5,$6,$7) RETURNING "id" [true, "Test Key", [], "test_f914291b-494f-4f14-814e-45b30a19d84b", 72061, ~U[2025-09-11 20:25:09Z], ~U[2025-09-11 20:25:09Z]]
14:25:09.437 [debug] QUERY OK source="forge_accounts" db=0.0ms
INSERT INTO "forge_accounts" ("metadata","namespace","customer_id","forge_type","verified_at","inserted_at","updated_at") VALUES ($1,$2,$3,$4,$5,$6,$7) RETURNING "id" [%{}, "RSOLV-dev", 72061, :github, ~U[2025-09-11 20:25:09.437814Z], ~U[2025-09-11 20:25:09.437828Z], ~U[2025-09-11 20:25:09.437828Z]]
14:25:09.438 [debug] QUERY OK source="repositories" db=0.2ms
SELECT r0."id", r0."forge_type", r0."namespace", r0."name", r0."full_path", r0."first_seen_at", r0."last_activity_at", r0."metadata", r0."customer_id", r0."inserted_at", r0."updated_at" FROM "repositories" AS r0 WHERE (((r0."forge_type" = $1) AND (r0."namespace" = $2)) AND (r0."name" = $3)) [:github, "RSOLV-dev", "new-repo"]
14:25:09.438 request_id=GGRULZteToEFH70AACGL [info] POST /api/v1/phases/store
14:25:09.438 request_id=GGRULZteToEFH70AACGL [debug] Processing with RsolvWeb.Api.V1.PhaseController.store/2
  Parameters: %{"commitSha" => "abc123", "data" => %{"scan" => %{"vulnerabilities" => []}}, "phase" => "scan", "repo" => "RSOLV-dev/new-repo"}
  Pipelines: [:api]
14:25:09.439 request_id=GGRULZteToEFH70AACGL [debug] QUERY OK source="api_keys" db=0.0ms
SELECT a0."id", a0."key", a0."name", a0."permissions", a0."active", a0."last_used_at", a0."expires_at", a0."customer_id", a0."inserted_at", a0."updated_at" FROM "api_keys" AS a0 WHERE ((a0."key" = $1) AND (a0."active" = $2)) ["test_f914291b-494f-4f14-814e-45b30a19d84b", true]
14:25:09.439 request_id=GGRULZteToEFH70AACGL [debug] QUERY OK source="customers" db=0.1ms queue=0.1ms
SELECT c0."id", c0."name", c0."email", c0."monthly_limit", c0."current_usage", c0."active", c0."metadata", c0."password_hash", c0."is_staff", c0."admin_level", c0."trial_fixes_used", c0."trial_fixes_limit", c0."stripe_customer_id", c0."subscription_plan", c0."subscription_status", c0."rollover_fixes", c0."payment_method_added_at", c0."trial_expired_at", c0."fixes_used_this_month", c0."fixes_quota_this_month", c0."has_payment_method", c0."inserted_at", c0."updated_at", c0."id" FROM "customers" AS c0 WHERE (c0."id" = $1) [72061]
14:25:09.441 request_id=GGRULZteToEFH70AACGL [debug] QUERY OK source="customers" db=0.1ms
SELECT c0."id", c0."name", c0."email", c0."monthly_limit", c0."current_usage", c0."active", c0."metadata", c0."password_hash", c0."is_staff", c0."admin_level", c0."trial_fixes_used", c0."trial_fixes_limit", c0."stripe_customer_id", c0."subscription_plan", c0."subscription_status", c0."rollover_fixes", c0."payment_method_added_at", c0."trial_expired_at", c0."fixes_used_this_month", c0."fixes_quota_this_month", c0."has_payment_method", c0."inserted_at", c0."updated_at" FROM "customers" AS c0 WHERE (c0."id" = $1) [72061]
14:25:09.441 request_id=GGRULZteToEFH70AACGL [debug] QUERY OK source="forge_accounts" db=0.1ms
SELECT f0."id", f0."forge_type", f0."namespace", f0."verified_at", f0."metadata", f0."customer_id", f0."inserted_at", f0."updated_at" FROM "forge_accounts" AS f0 WHERE (f0."customer_id" = $1) AND (f0."forge_type" = $2) AND (f0."namespace" = $3) [72061, :github, "RSOLV-dev"]
14:25:09.441 request_id=GGRULZteToEFH70AACGL [debug] QUERY OK source="repositories" db=0.0ms
SELECT r0."id", r0."forge_type", r0."namespace", r0."name", r0."full_path", r0."first_seen_at", r0."last_activity_at", r0."metadata", r0."customer_id", r0."inserted_at", r0."updated_at" FROM "repositories" AS r0 WHERE (((r0."forge_type" = $1) AND (r0."namespace" = $2)) AND (r0."name" = $3)) [:github, "RSOLV-dev", "new-repo"]
14:25:09.442 request_id=GGRULZteToEFH70AACGL [debug] QUERY OK source="repositories" db=0.1ms
INSERT INTO "repositories" ("name","metadata","namespace","customer_id","forge_type","full_path","last_activity_at","first_seen_at","inserted_at","updated_at") VALUES ($1,$2,$3,$4,$5,$6,$7,$8,$9,$10) RETURNING "id" ["new-repo", %{}, "RSOLV-dev", 72061, :github, "RSOLV-dev/new-repo", ~U[2025-09-11 20:25:09.441979Z], ~U[2025-09-11 20:25:09.441979Z], ~U[2025-09-11 20:25:09.441997Z], ~U[2025-09-11 20:25:09.441997Z]]
14:25:09.442 request_id=GGRULZteToEFH70AACGL [debug] QUERY OK source="scan_executions" db=0.2ms
INSERT INTO "scan_executions" ("data","status","started_at","completed_at","commit_sha","vulnerabilities_count","repository_id","api_key_id","inserted_at","updated_at") VALUES ($1,$2,$3,$4,$5,$6,$7,$8,$9,$10) RETURNING "id" [%{"vulnerabilities" => []}, :completed, ~U[2025-09-11 20:25:09.442254Z], ~U[2025-09-11 20:25:09.442254Z], "abc123", 0, 10985, 27925, ~U[2025-09-11 20:25:09.442268Z], ~U[2025-09-11 20:25:09.442268Z]]
14:25:09.442 request_id=GGRULZteToEFH70AACGL [debug] QUERY OK source="repositories" db=0.0ms
SELECT r0."id", r0."forge_type", r0."namespace", r0."name", r0."full_path", r0."first_seen_at", r0."last_activity_at", r0."metadata", r0."customer_id", r0."inserted_at", r0."updated_at", r0."id" FROM "repositories" AS r0 WHERE (r0."id" = $1) [10985]
14:25:09.442 request_id=GGRULZteToEFH70AACGL [info] Sent 200 in 4ms
14:25:09.442 request_id=GGRULZteToEFH70AACGL [debug] QUERY OK source="repositories" db=0.0ms
SELECT r0."id", r0."forge_type", r0."namespace", r0."name", r0."full_path", r0."first_seen_at", r0."last_activity_at", r0."metadata", r0."customer_id", r0."inserted_at", r0."updated_at" FROM "repositories" AS r0 WHERE (((r0."forge_type" = $1) AND (r0."namespace" = $2)) AND (r0."name" = $3)) [:github, "RSOLV-dev", "new-repo"]
.14:25:09.443 [debug] QUERY OK source="customers" db=0.0ms
INSERT INTO "customers" ("active","name","metadata","email","is_staff","subscription_plan","monthly_limit","current_usage","fixes_quota_this_month","fixes_used_this_month","has_payment_method","rollover_fixes","subscription_status","trial_fixes_limit","trial_fixes_used","inserted_at","updated_at") VALUES ($1,$2,$3,$4,$5,$6,$7,$8,$9,$10,$11,$12,$13,$14,$15,$16,$17) RETURNING "id" [true, "Test Corp", %{}, "test@example.com", false, "trial", 100, 0, 0, 0, false, 0, "active", 5, 0, ~N[2025-09-11 20:25:09], ~N[2025-09-11 20:25:09]]
14:25:09.443 [debug] QUERY OK source="api_keys" db=0.0ms
INSERT INTO "api_keys" ("active","name","permissions","key","customer_id","inserted_at","updated_at") VALUES ($1,$2,$3,$4,$5,$6,$7) RETURNING "id" [true, "Test Key", [], "test_db27693b-7aed-4b3e-bf10-26a09d9bc80c", 72062, ~U[2025-09-11 20:25:09Z], ~U[2025-09-11 20:25:09Z]]
14:25:09.443 [debug] QUERY OK source="forge_accounts" db=0.0ms
INSERT INTO "forge_accounts" ("metadata","namespace","customer_id","forge_type","verified_at","inserted_at","updated_at") VALUES ($1,$2,$3,$4,$5,$6,$7) RETURNING "id" [%{}, "RSOLV-dev", 72062, :github, ~U[2025-09-11 20:25:09.443327Z], ~U[2025-09-11 20:25:09.443341Z], ~U[2025-09-11 20:25:09.443341Z]]
14:25:09.443 request_id=GGRULZuuBZk-c1MAACML [info] POST /api/v1/phases/store
14:25:09.443 request_id=GGRULZuuBZk-c1MAACML [debug] Processing with RsolvWeb.Api.V1.PhaseController.store/2
  Parameters: %{"commitSha" => "def456", "data" => %{"mitigation" => %{"issue-123" => %{"commitHash" => "def456", "fixes" => [%{"file" => "app.js", "fixed" => true, "vulnerability" => "xss"}], "prUrl" => "https://github.com/RSOLV-dev/nodegoat-demo/pull/456"}}}, "issueNumber" => 123, "phase" => "mitigation", "repo" => "RSOLV-dev/nodegoat-demo"}
  Pipelines: [:api]
14:25:09.443 request_id=GGRULZuuBZk-c1MAACML [debug] QUERY OK source="api_keys" db=0.0ms
SELECT a0."id", a0."key", a0."name", a0."permissions", a0."active", a0."last_used_at", a0."expires_at", a0."customer_id", a0."inserted_at", a0."updated_at" FROM "api_keys" AS a0 WHERE ((a0."key" = $1) AND (a0."active" = $2)) ["test_db27693b-7aed-4b3e-bf10-26a09d9bc80c", true]
14:25:09.443 request_id=GGRULZuuBZk-c1MAACML [debug] QUERY OK source="customers" db=0.0ms
SELECT c0."id", c0."name", c0."email", c0."monthly_limit", c0."current_usage", c0."active", c0."metadata", c0."password_hash", c0."is_staff", c0."admin_level", c0."trial_fixes_used", c0."trial_fixes_limit", c0."stripe_customer_id", c0."subscription_plan", c0."subscription_status", c0."rollover_fixes", c0."payment_method_added_at", c0."trial_expired_at", c0."fixes_used_this_month", c0."fixes_quota_this_month", c0."has_payment_method", c0."inserted_at", c0."updated_at", c0."id" FROM "customers" AS c0 WHERE (c0."id" = $1) [72062]
14:25:09.443 request_id=GGRULZuuBZk-c1MAACML [debug] QUERY OK source="customers" db=0.0ms
SELECT c0."id", c0."name", c0."email", c0."monthly_limit", c0."current_usage", c0."active", c0."metadata", c0."password_hash", c0."is_staff", c0."admin_level", c0."trial_fixes_used", c0."trial_fixes_limit", c0."stripe_customer_id", c0."subscription_plan", c0."subscription_status", c0."rollover_fixes", c0."payment_method_added_at", c0."trial_expired_at", c0."fixes_used_this_month", c0."fixes_quota_this_month", c0."has_payment_method", c0."inserted_at", c0."updated_at" FROM "customers" AS c0 WHERE (c0."id" = $1) [72062]
14:25:09.443 request_id=GGRULZuuBZk-c1MAACML [debug] QUERY OK source="forge_accounts" db=0.1ms
SELECT f0."id", f0."forge_type", f0."namespace", f0."verified_at", f0."metadata", f0."customer_id", f0."inserted_at", f0."updated_at" FROM "forge_accounts" AS f0 WHERE (f0."customer_id" = $1) AND (f0."forge_type" = $2) AND (f0."namespace" = $3) [72062, :github, "RSOLV-dev"]
14:25:09.444 request_id=GGRULZuuBZk-c1MAACML [debug] QUERY OK source="repositories" db=0.1ms
SELECT r0."id", r0."forge_type", r0."namespace", r0."name", r0."full_path", r0."first_seen_at", r0."last_activity_at", r0."metadata", r0."customer_id", r0."inserted_at", r0."updated_at" FROM "repositories" AS r0 WHERE (((r0."forge_type" = $1) AND (r0."namespace" = $2)) AND (r0."name" = $3)) [:github, "RSOLV-dev", "nodegoat-demo"]
14:25:09.444 request_id=GGRULZuuBZk-c1MAACML [debug] QUERY OK source="repositories" db=0.1ms
INSERT INTO "repositories" ("name","metadata","namespace","customer_id","forge_type","full_path","last_activity_at","first_seen_at","inserted_at","updated_at") VALUES ($1,$2,$3,$4,$5,$6,$7,$8,$9,$10) RETURNING "id" ["nodegoat-demo", %{}, "RSOLV-dev", 72062, :github, "RSOLV-dev/nodegoat-demo", ~U[2025-09-11 20:25:09.444241Z], ~U[2025-09-11 20:25:09.444241Z], ~U[2025-09-11 20:25:09.444251Z], ~U[2025-09-11 20:25:09.444251Z]]
14:25:09.444 request_id=GGRULZuuBZk-c1MAACML [debug] QUERY OK source="mitigation_executions" db=0.2ms
INSERT INTO "mitigation_executions" ("data","status","started_at","completed_at","pr_number","issue_number","pr_url","commit_sha","files_changed","repository_id","api_key_id","inserted_at","updated_at") VALUES ($1,$2,$3,$4,$5,$6,$7,$8,$9,$10,$11,$12,$13) RETURNING "id" [%{"commitHash" => "def456", "files_changed" => 1, "fixes" => [%{"file" => "app.js", "fixed" => true, "vulnerability" => "xss"}], "prUrl" => "https://github.com/RSOLV-dev/nodegoat-demo/pull/456", "pr_number" => 456, "pr_url" => "https://github.com/RSOLV-dev/nodegoat-demo/pull/456"}, :completed, ~U[2025-09-11 20:25:09.444456Z], ~U[2025-09-11 20:25:09.444456Z], 456, 123, "https://github.com/RSOLV-dev/nodegoat-demo/pull/456", "def456", 1, 10986, 27926, ~U[2025-09-11 20:25:09.444476Z], ~U[2025-09-11 20:25:09.444476Z]]
14:25:09.444 request_id=GGRULZuuBZk-c1MAACML [debug] QUERY OK source="repositories" db=0.0ms
SELECT r0."id", r0."forge_type", r0."namespace", r0."name", r0."full_path", r0."first_seen_at", r0."last_activity_at", r0."metadata", r0."customer_id", r0."inserted_at", r0."updated_at", r0."id" FROM "repositories" AS r0 WHERE (r0."id" = $1) [10986]
14:25:09.444 request_id=GGRULZuuBZk-c1MAACML [info] Sent 200 in 1ms
.14:25:09.445 [debug] QUERY OK source="customers" db=0.1ms
INSERT INTO "customers" ("active","name","metadata","email","is_staff","subscription_plan","monthly_limit","current_usage","fixes_quota_this_month","fixes_used_this_month","has_payment_method","rollover_fixes","subscription_status","trial_fixes_limit","trial_fixes_used","inserted_at","updated_at") VALUES ($1,$2,$3,$4,$5,$6,$7,$8,$9,$10,$11,$12,$13,$14,$15,$16,$17) RETURNING "id" [true, "Test Corp", %{}, "test@example.com", false, "trial", 100, 0, 0, 0, false, 0, "active", 5, 0, ~N[2025-09-11 20:25:09], ~N[2025-09-11 20:25:09]]
14:25:09.445 [debug] QUERY OK source="api_keys" db=0.1ms
INSERT INTO "api_keys" ("active","name","permissions","key","customer_id","inserted_at","updated_at") VALUES ($1,$2,$3,$4,$5,$6,$7) RETURNING "id" [true, "Test Key", [], "test_1617ce8f-4b90-4d4a-9204-e89258df4725", 72063, ~U[2025-09-11 20:25:09Z], ~U[2025-09-11 20:25:09Z]]
14:25:09.445 [debug] QUERY OK source="forge_accounts" db=0.1ms
INSERT INTO "forge_accounts" ("metadata","namespace","customer_id","forge_type","verified_at","inserted_at","updated_at") VALUES ($1,$2,$3,$4,$5,$6,$7) RETURNING "id" [%{}, "RSOLV-dev", 72063, :github, ~U[2025-09-11 20:25:09.445561Z], ~U[2025-09-11 20:25:09.445582Z], ~U[2025-09-11 20:25:09.445582Z]]
14:25:09.445 request_id=GGRULZvRXRlBWloAACCS [info] POST /api/v1/phases/store
14:25:09.445 request_id=GGRULZvRXRlBWloAACCS [debug] Processing with RsolvWeb.Api.V1.PhaseController.store/2
  Parameters: %{"commitSha" => "abc123", "data" => %{}, "phase" => "scan", "repo" => "OTHER-org/test"}
  Pipelines: [:api]
14:25:09.445 request_id=GGRULZvRXRlBWloAACCS [debug] QUERY OK source="api_keys" db=0.1ms
SELECT a0."id", a0."key", a0."name", a0."permissions", a0."active", a0."last_used_at", a0."expires_at", a0."customer_id", a0."inserted_at", a0."updated_at" FROM "api_keys" AS a0 WHERE ((a0."key" = $1) AND (a0."active" = $2)) ["test_1617ce8f-4b90-4d4a-9204-e89258df4725", true]
14:25:09.446 request_id=GGRULZvRXRlBWloAACCS [debug] QUERY OK source="customers" db=0.1ms
SELECT c0."id", c0."name", c0."email", c0."monthly_limit", c0."current_usage", c0."active", c0."metadata", c0."password_hash", c0."is_staff", c0."admin_level", c0."trial_fixes_used", c0."trial_fixes_limit", c0."stripe_customer_id", c0."subscription_plan", c0."subscription_status", c0."rollover_fixes", c0."payment_method_added_at", c0."trial_expired_at", c0."fixes_used_this_month", c0."fixes_quota_this_month", c0."has_payment_method", c0."inserted_at", c0."updated_at", c0."id" FROM "customers" AS c0 WHERE (c0."id" = $1) [72063]
14:25:09.446 request_id=GGRULZvRXRlBWloAACCS [debug] QUERY OK source="customers" db=0.0ms
SELECT c0."id", c0."name", c0."email", c0."monthly_limit", c0."current_usage", c0."active", c0."metadata", c0."password_hash", c0."is_staff", c0."admin_level", c0."trial_fixes_used", c0."trial_fixes_limit", c0."stripe_customer_id", c0."subscription_plan", c0."subscription_status", c0."rollover_fixes", c0."payment_method_added_at", c0."trial_expired_at", c0."fixes_used_this_month", c0."fixes_quota_this_month", c0."has_payment_method", c0."inserted_at", c0."updated_at" FROM "customers" AS c0 WHERE (c0."id" = $1) [72063]
14:25:09.446 request_id=GGRULZvRXRlBWloAACCS [debug] QUERY OK source="forge_accounts" db=0.2ms
SELECT f0."id", f0."forge_type", f0."namespace", f0."verified_at", f0."metadata", f0."customer_id", f0."inserted_at", f0."updated_at" FROM "forge_accounts" AS f0 WHERE (f0."customer_id" = $1) AND (f0."forge_type" = $2) AND (f0."namespace" = $3) [72063, :github, "OTHER-org"]
14:25:09.447 request_id=GGRULZvRXRlBWloAACCS [info] Sent 403 in 1ms
.14:25:09.447 [debug] QUERY OK source="customers" db=0.1ms
INSERT INTO "customers" ("active","name","metadata","email","is_staff","subscription_plan","monthly_limit","current_usage","fixes_quota_this_month","fixes_used_this_month","has_payment_method","rollover_fixes","subscription_status","trial_fixes_limit","trial_fixes_used","inserted_at","updated_at") VALUES ($1,$2,$3,$4,$5,$6,$7,$8,$9,$10,$11,$12,$13,$14,$15,$16,$17) RETURNING "id" [true, "Test Corp", %{}, "test@example.com", false, "trial", 100, 0, 0, 0, false, 0, "active", 5, 0, ~N[2025-09-11 20:25:09], ~N[2025-09-11 20:25:09]]
14:25:09.448 [debug] QUERY OK source="api_keys" db=0.0ms
INSERT INTO "api_keys" ("active","name","permissions","key","customer_id","inserted_at","updated_at") VALUES ($1,$2,$3,$4,$5,$6,$7) RETURNING "id" [true, "Test Key", [], "test_61e29d30-7eec-48b1-b7dd-80bba6888339", 72064, ~U[2025-09-11 20:25:09Z], ~U[2025-09-11 20:25:09Z]]
14:25:09.448 [debug] QUERY OK source="forge_accounts" db=0.0ms
INSERT INTO "forge_accounts" ("metadata","namespace","customer_id","forge_type","verified_at","inserted_at","updated_at") VALUES ($1,$2,$3,$4,$5,$6,$7) RETURNING "id" [%{}, "RSOLV-dev", 72064, :github, ~U[2025-09-11 20:25:09.448089Z], ~U[2025-09-11 20:25:09.448104Z], ~U[2025-09-11 20:25:09.448104Z]]
14:25:09.448 request_id=GGRULZv3NQ3OfdAAACES [info] POST /api/v1/phases/store
14:25:09.448 request_id=GGRULZv3NQ3OfdAAACES [debug] Processing with RsolvWeb.Api.V1.PhaseController.store/2
  Parameters: %{"branch" => "main", "commitSha" => "abc123", "data" => %{"scan" => %{"timestamp" => ~U[2025-09-11 20:25:09.448252Z], "vulnerabilities" => [%{"file" => "app.js", "line" => 42, "severity" => "high", "type" => "xss"}]}}, "phase" => "scan", "repo" => "RSOLV-dev/nodegoat-demo"}
  Pipelines: [:api]
14:25:09.448 request_id=GGRULZv3NQ3OfdAAACES [debug] QUERY OK source="api_keys" db=0.1ms
SELECT a0."id", a0."key", a0."name", a0."permissions", a0."active", a0."last_used_at", a0."expires_at", a0."customer_id", a0."inserted_at", a0."updated_at" FROM "api_keys" AS a0 WHERE ((a0."key" = $1) AND (a0."active" = $2)) ["test_61e29d30-7eec-48b1-b7dd-80bba6888339", true]
14:25:09.448 request_id=GGRULZv3NQ3OfdAAACES [debug] QUERY OK source="customers" db=0.1ms
SELECT c0."id", c0."name", c0."email", c0."monthly_limit", c0."current_usage", c0."active", c0."metadata", c0."password_hash", c0."is_staff", c0."admin_level", c0."trial_fixes_used", c0."trial_fixes_limit", c0."stripe_customer_id", c0."subscription_plan", c0."subscription_status", c0."rollover_fixes", c0."payment_method_added_at", c0."trial_expired_at", c0."fixes_used_this_month", c0."fixes_quota_this_month", c0."has_payment_method", c0."inserted_at", c0."updated_at", c0."id" FROM "customers" AS c0 WHERE (c0."id" = $1) [72064]
14:25:09.448 request_id=GGRULZv3NQ3OfdAAACES [debug] QUERY OK source="customers" db=0.0ms
SELECT c0."id", c0."name", c0."email", c0."monthly_limit", c0."current_usage", c0."active", c0."metadata", c0."password_hash", c0."is_staff", c0."admin_level", c0."trial_fixes_used", c0."trial_fixes_limit", c0."stripe_customer_id", c0."subscription_plan", c0."subscription_status", c0."rollover_fixes", c0."payment_method_added_at", c0."trial_expired_at", c0."fixes_used_this_month", c0."fixes_quota_this_month", c0."has_payment_method", c0."inserted_at", c0."updated_at" FROM "customers" AS c0 WHERE (c0."id" = $1) [72064]
14:25:09.448 request_id=GGRULZv3NQ3OfdAAACES [debug] QUERY OK source="forge_accounts" db=0.0ms
SELECT f0."id", f0."forge_type", f0."namespace", f0."verified_at", f0."metadata", f0."customer_id", f0."inserted_at", f0."updated_at" FROM "forge_accounts" AS f0 WHERE (f0."customer_id" = $1) AND (f0."forge_type" = $2) AND (f0."namespace" = $3) [72064, :github, "RSOLV-dev"]
14:25:09.449 request_id=GGRULZv3NQ3OfdAAACES [debug] QUERY OK source="repositories" db=0.1ms
SELECT r0."id", r0."forge_type", r0."namespace", r0."name", r0."full_path", r0."first_seen_at", r0."last_activity_at", r0."metadata", r0."customer_id", r0."inserted_at", r0."updated_at" FROM "repositories" AS r0 WHERE (((r0."forge_type" = $1) AND (r0."namespace" = $2)) AND (r0."name" = $3)) [:github, "RSOLV-dev", "nodegoat-demo"]
14:25:09.449 request_id=GGRULZv3NQ3OfdAAACES [debug] QUERY OK source="repositories" db=0.1ms
INSERT INTO "repositories" ("name","metadata","namespace","customer_id","forge_type","full_path","last_activity_at","first_seen_at","inserted_at","updated_at") VALUES ($1,$2,$3,$4,$5,$6,$7,$8,$9,$10) RETURNING "id" ["nodegoat-demo", %{}, "RSOLV-dev", 72064, :github, "RSOLV-dev/nodegoat-demo", ~U[2025-09-11 20:25:09.449131Z], ~U[2025-09-11 20:25:09.449131Z], ~U[2025-09-11 20:25:09.449141Z], ~U[2025-09-11 20:25:09.449141Z]]
14:25:09.449 request_id=GGRULZv3NQ3OfdAAACES [debug] QUERY OK source="scan_executions" db=0.2ms
INSERT INTO "scan_executions" ("data","status","started_at","branch","completed_at","commit_sha","vulnerabilities_count","repository_id","api_key_id","inserted_at","updated_at") VALUES ($1,$2,$3,$4,$5,$6,$7,$8,$9,$10,$11) RETURNING "id" [%{"timestamp" => ~U[2025-09-11 20:25:09.448252Z], "vulnerabilities" => [%{"file" => "app.js", "line" => 42, "severity" => "high", "type" => "xss"}]}, :completed, ~U[2025-09-11 20:25:09.449368Z], "main", ~U[2025-09-11 20:25:09.449369Z], "abc123", 1, 10987, 27928, ~U[2025-09-11 20:25:09.449388Z], ~U[2025-09-11 20:25:09.449388Z]]
14:25:09.449 request_id=GGRULZv3NQ3OfdAAACES [debug] QUERY OK source="repositories" db=0.0ms
SELECT r0."id", r0."forge_type", r0."namespace", r0."name", r0."full_path", r0."first_seen_at", r0."last_activity_at", r0."metadata", r0."customer_id", r0."inserted_at", r0."updated_at", r0."id" FROM "repositories" AS r0 WHERE (r0."id" = $1) [10987]
14:25:09.449 request_id=GGRULZv3NQ3OfdAAACES [info] Sent 200 in 1ms
14:25:09.450 request_id=GGRULZv3NQ3OfdAAACES [debug] QUERY OK source="scan_executions" db=0.0ms
SELECT s0."id", s0."commit_sha", s0."branch", s0."status", s0."vulnerabilities_count", s0."data", s0."started_at", s0."completed_at", s0."error_message", s0."repository_id", s0."api_key_id", s0."inserted_at", s0."updated_at" FROM "scan_executions" AS s0 WHERE (s0."id" = $1) [4830]
.14:25:09.450 [debug] QUERY OK source="customers" db=0.0ms
INSERT INTO "customers" ("active","name","metadata","email","is_staff","subscription_plan","monthly_limit","current_usage","fixes_quota_this_month","fixes_used_this_month","has_payment_method","rollover_fixes","subscription_status","trial_fixes_limit","trial_fixes_used","inserted_at","updated_at") VALUES ($1,$2,$3,$4,$5,$6,$7,$8,$9,$10,$11,$12,$13,$14,$15,$16,$17) RETURNING "id" [true, "Test Corp", %{}, "test@example.com", false, "trial", 100, 0, 0, 0, false, 0, "active", 5, 0, ~N[2025-09-11 20:25:09], ~N[2025-09-11 20:25:09]]
14:25:09.450 [debug] QUERY OK source="api_keys" db=0.0ms
INSERT INTO "api_keys" ("active","name","permissions","key","customer_id","inserted_at","updated_at") VALUES ($1,$2,$3,$4,$5,$6,$7) RETURNING "id" [true, "Test Key", [], "test_2693f4d8-1825-4076-8109-aa13152729dd", 72065, ~U[2025-09-11 20:25:09Z], ~U[2025-09-11 20:25:09Z]]
14:25:09.450 [debug] QUERY OK source="forge_accounts" db=0.0ms
INSERT INTO "forge_accounts" ("metadata","namespace","customer_id","forge_type","verified_at","inserted_at","updated_at") VALUES ($1,$2,$3,$4,$5,$6,$7) RETURNING "id" [%{}, "RSOLV-dev", 72065, :github, ~U[2025-09-11 20:25:09.450488Z], ~U[2025-09-11 20:25:09.450502Z], ~U[2025-09-11 20:25:09.450502Z]]
14:25:09.450 request_id=GGRULZwcKmsmgW8AACOL [info] POST /api/v1/phases/store
14:25:09.450 request_id=GGRULZwcKmsmgW8AACOL [debug] Processing with RsolvWeb.Api.V1.PhaseController.store/2
  Parameters: %{"commitSha" => "abc123", "data" => %{}, "phase" => "scan", "repo" => "RSOLV-dev/test"}
  Pipelines: [:api]
14:25:09.450 request_id=GGRULZwcKmsmgW8AACOL [debug] QUERY OK source="api_keys" db=0.0ms
SELECT a0."id", a0."key", a0."name", a0."permissions", a0."active", a0."last_used_at", a0."expires_at", a0."customer_id", a0."inserted_at", a0."updated_at" FROM "api_keys" AS a0 WHERE ((a0."key" = $1) AND (a0."active" = $2)) ["invalid_key", true]
.14:25:09.450 request_id=GGRULZwcKmsmgW8AACOL [info] Sent 401 in 133µs
14:25:09.451 [debug] QUERY OK source="customers" db=0.1ms
INSERT INTO "customers" ("active","name","metadata","email","is_staff","subscription_plan","monthly_limit","current_usage","fixes_quota_this_month","fixes_used_this_month","has_payment_method","rollover_fixes","subscription_status","trial_fixes_limit","trial_fixes_used","inserted_at","updated_at") VALUES ($1,$2,$3,$4,$5,$6,$7,$8,$9,$10,$11,$12,$13,$14,$15,$16,$17) RETURNING "id" [true, "Test Corp", %{}, "test@example.com", false, "trial", 100, 0, 0, 0, false, 0, "active", 5, 0, ~N[2025-09-11 20:25:09], ~N[2025-09-11 20:25:09]]
14:25:09.451 [debug] QUERY OK source="api_keys" db=0.0ms
INSERT INTO "api_keys" ("active","name","permissions","key","customer_id","inserted_at","updated_at") VALUES ($1,$2,$3,$4,$5,$6,$7) RETURNING "id" [true, "Test Key", [], "test_6789ac3b-f4a1-4c9a-89a9-e998af312179", 72066, ~U[2025-09-11 20:25:09Z], ~U[2025-09-11 20:25:09Z]]
14:25:09.451 [debug] QUERY OK source="forge_accounts" db=0.0ms
INSERT INTO "forge_accounts" ("metadata","namespace","customer_id","forge_type","verified_at","inserted_at","updated_at") VALUES ($1,$2,$3,$4,$5,$6,$7) RETURNING "id" [%{}, "RSOLV-dev", 72066, :github, ~U[2025-09-11 20:25:09.451355Z], ~U[2025-09-11 20:25:09.451369Z], ~U[2025-09-11 20:25:09.451369Z]]
14:25:09.451 request_id=GGRULZwpBJ8NUrIAAAwU [info] POST /api/v1/phases/store
14:25:09.451 request_id=GGRULZwpBJ8NUrIAAAwU [debug] Processing with RsolvWeb.Api.V1.PhaseController.store/2
  Parameters: %{"commitSha" => "abc123", "data" => %{"validation" => %{"issue-123" => %{"confidence" => 0.95, "validated" => true, "vulnerabilities" => []}}}, "issueNumber" => 123, "phase" => "validation", "repo" => "RSOLV-dev/nodegoat-demo"}
  Pipelines: [:api]
14:25:09.451 request_id=GGRULZwpBJ8NUrIAAAwU [debug] QUERY OK source="api_keys" db=0.0ms
SELECT a0."id", a0."key", a0."name", a0."permissions", a0."active", a0."last_used_at", a0."expires_at", a0."customer_id", a0."inserted_at", a0."updated_at" FROM "api_keys" AS a0 WHERE ((a0."key" = $1) AND (a0."active" = $2)) ["test_6789ac3b-f4a1-4c9a-89a9-e998af312179", true]
14:25:09.451 request_id=GGRULZwpBJ8NUrIAAAwU [debug] QUERY OK source="customers" db=0.1ms
SELECT c0."id", c0."name", c0."email", c0."monthly_limit", c0."current_usage", c0."active", c0."metadata", c0."password_hash", c0."is_staff", c0."admin_level", c0."trial_fixes_used", c0."trial_fixes_limit", c0."stripe_customer_id", c0."subscription_plan", c0."subscription_status", c0."rollover_fixes", c0."payment_method_added_at", c0."trial_expired_at", c0."fixes_used_this_month", c0."fixes_quota_this_month", c0."has_payment_method", c0."inserted_at", c0."updated_at", c0."id" FROM "customers" AS c0 WHERE (c0."id" = $1) [72066]
14:25:09.451 request_id=GGRULZwpBJ8NUrIAAAwU [debug] QUERY OK source="customers" db=0.0ms
SELECT c0."id", c0."name", c0."email", c0."monthly_limit", c0."current_usage", c0."active", c0."metadata", c0."password_hash", c0."is_staff", c0."admin_level", c0."trial_fixes_used", c0."trial_fixes_limit", c0."stripe_customer_id", c0."subscription_plan", c0."subscription_status", c0."rollover_fixes", c0."payment_method_added_at", c0."trial_expired_at", c0."fixes_used_this_month", c0."fixes_quota_this_month", c0."has_payment_method", c0."inserted_at", c0."updated_at" FROM "customers" AS c0 WHERE (c0."id" = $1) [72066]
14:25:09.452 request_id=GGRULZwpBJ8NUrIAAAwU [debug] QUERY OK source="forge_accounts" db=0.0ms
SELECT f0."id", f0."forge_type", f0."namespace", f0."verified_at", f0."metadata", f0."customer_id", f0."inserted_at", f0."updated_at" FROM "forge_accounts" AS f0 WHERE (f0."customer_id" = $1) AND (f0."forge_type" = $2) AND (f0."namespace" = $3) [72066, :github, "RSOLV-dev"]
14:25:09.452 request_id=GGRULZwpBJ8NUrIAAAwU [debug] QUERY OK source="repositories" db=0.0ms
SELECT r0."id", r0."forge_type", r0."namespace", r0."name", r0."full_path", r0."first_seen_at", r0."last_activity_at", r0."metadata", r0."customer_id", r0."inserted_at", r0."updated_at" FROM "repositories" AS r0 WHERE (((r0."forge_type" = $1) AND (r0."namespace" = $2)) AND (r0."name" = $3)) [:github, "RSOLV-dev", "nodegoat-demo"]
14:25:09.452 request_id=GGRULZwpBJ8NUrIAAAwU [debug] QUERY OK source="repositories" db=0.1ms
INSERT INTO "repositories" ("name","metadata","namespace","customer_id","forge_type","full_path","last_activity_at","first_seen_at","inserted_at","updated_at") VALUES ($1,$2,$3,$4,$5,$6,$7,$8,$9,$10) RETURNING "id" ["nodegoat-demo", %{}, "RSOLV-dev", 72066, :github, "RSOLV-dev/nodegoat-demo", ~U[2025-09-11 20:25:09.452118Z], ~U[2025-09-11 20:25:09.452118Z], ~U[2025-09-11 20:25:09.452126Z], ~U[2025-09-11 20:25:09.452126Z]]
14:25:09.452 request_id=GGRULZwpBJ8NUrIAAAwU [debug] QUERY OK source="validation_executions" db=0.2ms
INSERT INTO "validation_executions" ("data","status","started_at","completed_at","issue_number","commit_sha","validated","vulnerabilities_found","repository_id","api_key_id","inserted_at","updated_at") VALUES ($1,$2,$3,$4,$5,$6,$7,$8,$9,$10,$11,$12) RETURNING "id" [%{"confidence" => 0.95, "validated" => true, "vulnerabilities" => []}, :completed, ~U[2025-09-11 20:25:09.452271Z], ~U[2025-09-11 20:25:09.452271Z], 123, "abc123", true, 0, 10988, 27930, ~U[2025-09-11 20:25:09.452301Z], ~U[2025-09-11 20:25:09.452301Z]]
14:25:09.452 request_id=GGRULZwpBJ8NUrIAAAwU [debug] QUERY OK source="repositories" db=0.0ms
SELECT r0."id", r0."forge_type", r0."namespace", r0."name", r0."full_path", r0."first_seen_at", r0."last_activity_at", r0."metadata", r0."customer_id", r0."inserted_at", r0."updated_at", r0."id" FROM "repositories" AS r0 WHERE (r0."id" = $1) [10988]
14:25:09.452 request_id=GGRULZwpBJ8NUrIAAAwU [info] Sent 200 in 1ms
14:25:09.452 request_id=GGRULZwpBJ8NUrIAAAwU [debug] QUERY OK source="validation_executions" db=0.0ms
SELECT v0."id", v0."issue_number", v0."commit_sha", v0."status", v0."validated", v0."vulnerabilities_found", v0."data", v0."started_at", v0."completed_at", v0."error_message", v0."repository_id", v0."api_key_id", v0."inserted_at", v0."updated_at" FROM "validation_executions" AS v0 WHERE (v0."id" = $1) [2077]
.14:25:09.453 [debug] QUERY OK source="customers" db=0.0ms
INSERT INTO "customers" ("active","name","metadata","email","is_staff","subscription_plan","monthly_limit","current_usage","fixes_quota_this_month","fixes_used_this_month","has_payment_method","rollover_fixes","subscription_status","trial_fixes_limit","trial_fixes_used","inserted_at","updated_at") VALUES ($1,$2,$3,$4,$5,$6,$7,$8,$9,$10,$11,$12,$13,$14,$15,$16,$17) RETURNING "id" [true, "Test Corp", %{}, "test@example.com", false, "trial", 100, 0, 0, 0, false, 0, "active", 5, 0, ~N[2025-09-11 20:25:09], ~N[2025-09-11 20:25:09]]
14:25:09.453 [debug] QUERY OK source="api_keys" db=0.0ms
INSERT INTO "api_keys" ("active","name","permissions","key","customer_id","inserted_at","updated_at") VALUES ($1,$2,$3,$4,$5,$6,$7) RETURNING "id" [true, "Test Key", [], "test_19a619d5-e36b-4120-a9a2-ee03b8d3ea38", 72067, ~U[2025-09-11 20:25:09Z], ~U[2025-09-11 20:25:09Z]]
14:25:09.453 [debug] QUERY OK source="forge_accounts" db=0.0ms
INSERT INTO "forge_accounts" ("metadata","namespace","customer_id","forge_type","verified_at","inserted_at","updated_at") VALUES ($1,$2,$3,$4,$5,$6,$7) RETURNING "id" [%{}, "RSOLV-dev", 72067, :github, ~U[2025-09-11 20:25:09.453471Z], ~U[2025-09-11 20:25:09.453485Z], ~U[2025-09-11 20:25:09.453485Z]]
14:25:09.453 request_id=GGRULZxI7VBL4y0AACGS [info] POST /api/v1/phases/store
14:25:09.453 request_id=GGRULZxI7VBL4y0AACGS [debug] Processing with RsolvWeb.Api.V1.PhaseController.store/2
  Parameters: %{"data" => %{}, "phase" => "scan", "repo" => "RSOLV-dev/test"}
  Pipelines: [:api]
14:25:09.453 request_id=GGRULZxI7VBL4y0AACGS [debug] QUERY OK source="api_keys" db=0.0ms
SELECT a0."id", a0."key", a0."name", a0."permissions", a0."active", a0."last_used_at", a0."expires_at", a0."customer_id", a0."inserted_at", a0."updated_at" FROM "api_keys" AS a0 WHERE ((a0."key" = $1) AND (a0."active" = $2)) ["test_19a619d5-e36b-4120-a9a2-ee03b8d3ea38", true]
14:25:09.453 request_id=GGRULZxI7VBL4y0AACGS [debug] QUERY OK source="customers" db=0.1ms
SELECT c0."id", c0."name", c0."email", c0."monthly_limit", c0."current_usage", c0."active", c0."metadata", c0."password_hash", c0."is_staff", c0."admin_level", c0."trial_fixes_used", c0."trial_fixes_limit", c0."stripe_customer_id", c0."subscription_plan", c0."subscription_status", c0."rollover_fixes", c0."payment_method_added_at", c0."trial_expired_at", c0."fixes_used_this_month", c0."fixes_quota_this_month", c0."has_payment_method", c0."inserted_at", c0."updated_at", c0."id" FROM "customers" AS c0 WHERE (c0."id" = $1) [72067]
14:25:09.453 request_id=GGRULZxI7VBL4y0AACGS [info] Sent 400 in 318µs
.14:25:09.454 request_id=GGRULZxRF2vj3vEAAA0U [info] GET /api/v1/patterns/js-sql-injection-interpolation/metadata
14:25:09.454 request_id=GGRULZxRF2vj3vEAAA0U [debug] Processing with RsolvWeb.Api.V1.PatternController.metadata/2
  Parameters: %{"id" => "js-sql-injection-interpolation"}
  Pipelines: [:api]
14:25:09.454 request_id=GGRULZxRF2vj3vEAAA0U [info] Sent 200 in 65µs
.14:25:09.454 [debug] Sending email with Bamboo.TestAdapter:

%Bamboo.Email{from: {"RSOLV Team", "support@rsolv.dev"}, to: [nil: "adapter@test.com"], cc: [], bcc: [], subject: "Welcome to RSOLV Early Access Program", html_body: "<div style=\"font-family: 'Helvetica Neue', Helvetica, Arial, sans-serif; max-width: 600px; margin: 0 auto; padding: 20px;\">\n  <h1 style=\"color: #2C3E50; margin-bottom: 20px;\">Welcome to RSOLV Early Access Program!</h1>\n\n  <p>Hi there,</p>\n\n  <p>Thank you for joining our Early Access Program! You're now part of an exclusive group getting first access to RSOLV.</p>\n\n  <p>Here's what you need to know:</p>\n\n  <ul>\n    <li>You have full access to all current features</li>\n    <li>Your feedback is incredibly valuable to us during this phase</li>\n    <li>You'll receive priority support via email</li>\n  </ul>\n\n  <p>To get started with RSOLV:</p>\n\n  <ol>\n    <li><strong>Your API key will be sent in a follow-up email within 24 hours</strong></li>\n    <li>Once you receive your API key, install our GitHub Action (code below)</li>\n    <li>Set up your repository secrets with your API key</li>\n    <li>Tag your first issues with \"rsolv:automate\"</li>\n  </ol>\n\n  <div style=\"background-color: #fff3cd; border: 1px solid #ffeaa7; color: #856404; padding: 10px; border-radius: 5px; margin: 15px 0;\">\n    <strong>⏳ API Key Coming Soon:</strong> We'll send your personal API key within 24 hours. Look for an email with subject \"Your RSOLV API Key\".\n  </div>\n\n  <div style=\"background-color: #f8f9fa; padding: 15px; border-radius: 5px; margin: 20px 0;\">\n    <pre style=\"margin: 0; overflow-x: auto; white-space: pre-wrap; font-family: monospace;\">name: RSOLV AutoFix\non:\n  issues:\n    types: [opened, edited, labeled]\n\njobs:\n  autofix:\n    runs-on: ubuntu-latest\n    if: contains(github.event.issue.labels.*.name, 'rsolv:automate')\n    steps:\n      - uses: RSOLV-dev/rsolv-action@v1\n        with:\n          github-token: ${{ secrets.GITHUB_TOKEN }}\n          rsolv-api-key: ${{ secrets.RSOLV_API_KEY }}</pre>\n  </div>\n\n  <p>Need help? As an Early Access member, you have priority support - contact us at <a href=\"mailto:support@rsolv.dev\">support@rsolv.dev</a> and we'll personally assist you.</p>\n\n  <p>Your trial includes unlimited automated fixes during the Early Access period.</p>\n\n  <div style=\"margin-top: 30px; padding: 15px; border: 1px solid #e0e0e0; border-radius: 5px; background-color: #f9f9f9;\">\n    <h3 style=\"margin-top: 0; color: #2C3E50;\">Early Access Program Benefits</h3>\n    <ul>\n      <li>Unlimited usage during Early Access</li>\n      <li>Priority support and feature requests</li>\n      <li>Exclusive pricing when we launch</li>\n      <li>Direct access to our development team</li>\n    </ul>\n  </div>\n\n  <p>Best,<br>The RSOLV Team</p>\n\n  <div class=\"footer\" style=\"margin-top: 40px; padding-top: 20px; border-top: 1px solid #e0e0e0; font-size: 0.9em; color: #666;\">\n    <p>\n      You're receiving this email because you joined the RSOLV Early Access Program.\n      <br>\n      If you have any questions, simply reply to this email.\n    </p>\n    <p>\n      RSOLV, Inc. • support@rsolv.dev • © 2025\n    </p>\n    <p>\n      <a href=\"https://rsolv.dev/unsubscribe?email=adapter@test.com\">Unsubscribe</a> from these emails.\n    </p>\n  </div>\n</div>\n", text_body: "Welcome to RSOLV Early Access Program!\n\nHi there,\n\nThank you for joining our Early Access Program! You're now part of an exclusive group getting first access to RSOLV.\n\nHere's what you need to know:\n- You have full access to all current features\n- Your feedback is incredibly valuable to us during this phase\n- You'll receive priority support via email\n\nTo get started with RSOLV:\n1. Your API key will be sent in a follow-up email within 24 hours\n2. Once you receive your API key, install our GitHub Action\n3. Set up your repository secrets with your API key\n4. Tag your first issues with \"AUTOFIX\"\n\n⏳ API KEY COMING SOON: We'll send your personal API key within 24 hours. Look for an email with subject \"Your RSOLV API Key\".\n\nNeed help? As an Early Access member, you have priority support - contact us at support@rsolv.dev and we'll personally assist you.\n\nYour trial includes unlimited automated fixes during the Early Access period.\n\nEARLY ACCESS PROGRAM BENEFITS:\n* Unlimited usage during Early Access\n* Priority support and feature requests\n* Exclusive pricing when we launch\n* Direct access to our development team\n\nBest,\nThe RSOLV Team\n\n---\nYou're receiving this email because you joined the RSOLV Early Access Program.\nIf you have any questions, simply reply to this email.\n\nRSOLV, Inc. • support@rsolv.dev\n\nTo unsubscribe, visit: https://rsolv.dev/unsubscribe?email=adapter@test.com\n", headers: %{"X-Postmark-Tag" => "early-access"}, attachments: [], assigns: %{}, private: %{tag: "early-access"}, blocked: false}

Delivery result: {:ok,
 %Bamboo.Email{
   from: {"RSOLV Team", "support@rsolv.dev"},
   to: [nil: "adapter@test.com"],
   cc: [],
   bcc: [],
   subject: "Welcome to RSOLV Early Access Program",
   html_body: "<div style=\"font-family: 'Helvetica Neue', Helvetica, Arial, sans-serif; max-width: 600px; margin: 0 auto; padding: 20px;\">\n  <h1 style=\"color: #2C3E50; margin-bottom: 20px;\">Welcome to RSOLV Early Access Program!</h1>\n\n  <p>Hi there,</p>\n\n  <p>Thank you for joining our Early Access Program! You're now part of an exclusive group getting first access to RSOLV.</p>\n\n  <p>Here's what you need to know:</p>\n\n  <ul>\n    <li>You have full access to all current features</li>\n    <li>Your feedback is incredibly valuable to us during this phase</li>\n    <li>You'll receive priority support via email</li>\n  </ul>\n\n  <p>To get started with RSOLV:</p>\n\n  <ol>\n    <li><strong>Your API key will be sent in a follow-up email within 24 hours</strong></li>\n    <li>Once you receive your API key, install our GitHub Action (code below)</li>\n    <li>Set up your repository secrets with your API key</li>\n    <li>Tag your first issues with \"rsolv:automate\"</li>\n  </ol>\n\n  <div style=\"background-color: #fff3cd; border: 1px solid #ffeaa7; color: #856404; padding: 10px; border-radius: 5px; margin: 15px 0;\">\n    <strong>⏳ API Key Coming Soon:</strong> We'll send your personal API key within 24 hours. Look for an email with subject \"Your RSOLV API Key\".\n  </div>\n\n  <div style=\"background-color: #f8f9fa; padding: 15px; border-radius: 5px; margin: 20px 0;\">\n    <pre style=\"margin: 0; overflow-x: auto; white-space: pre-wrap; font-family: monospace;\">name: RSOLV AutoFix\non:\n  issues:\n    types: [opened, edited, labeled]\n\njobs:\n  autofix:\n    runs-on: ubuntu-latest\n    if: contains(github.event.issue.labels.*.name, 'rsolv:automate')\n    steps:\n      - uses: RSOLV-dev/rsolv-action@v1\n        with:\n          github-token: ${{ secrets.GITHUB_TOKEN }}\n          rsolv-api-key: ${{ secrets.RSOLV_API_KEY }}</pre>\n  </div>\n\n  <p>Need help? As an Early Access member, you have priority support - contact us at <a href=\"mailto:support@rsolv.dev\">support@rsolv.dev</a> and we'll personally assist you.</p>\n\n  <p>Your trial includes unlimited automated fixes during the Early Access period.</p>\n\n  <div style=\"margin-top: 30px; padding: 15px; border: 1px solid #e0e0e0; border-radius: 5px; background-color: #f9f9f9;\">\n    <h3 style=\"margin-top: 0; color: #2C3E50;\">Early Access Program Benefits</h3>\n    <ul>\n      <li>Unlimited usage during Early Access</li>\n      <li>Priority support and feature requests</li>\n      <li>Exclusive pricing when we launch</li>\n      <li>Direct access to our development team</li>\n    </ul>\n  </div>\n\n  <p>Best,<br>The RSOLV Team</p>\n\n  <div class=\"footer\" style=\"margin-top: 40px; padding-top: 20px; border-top: 1px solid #e0e0e0; font-size: 0.9em; color: #666;\">\n    <p>\n      You're receiving this email because you joined the RSOLV Early Access Program.\n      <br>\n      If you have any questions, simply reply to this email.\n    </p>\n    <p>\n      RSOLV, Inc. • support@rsolv.dev • © 2025\n    </p>\n    <p>\n      <a href=\"https://rsolv.dev/unsubscribe?email=adapter@test.com\">Unsubscribe</a> from these emails.\n    </p>\n  </div>\n</div>\n",
   text_body: "Welcome to RSOLV Early Access Program!\n\nHi there,\n\nThank you for joining our Early Access Program! You're now part of an exclusive group getting first access to RSOLV.\n\nHere's what you need to know:\n- You have full access to all current features\n- Your feedback is incredibly valuable to us during this phase\n- You'll receive priority support via email\n\nTo get started with RSOLV:\n1. Your API key will be sent in a follow-up email within 24 hours\n2. Once you receive your API key, install our GitHub Action\n3. Set up your repository secrets with your API key\n4. Tag your first issues with \"AUTOFIX\"\n\n⏳ API KEY COMING SOON: We'll send your personal API key within 24 hours. Look for an email with subject \"Your RSOLV API Key\".\n\nNeed help? As an Early Access member, you have priority support - contact us at support@rsolv.dev and we'll personally assist you.\n\nYour trial includes unlimited automated fixes during the Early Access period.\n\nEARLY ACCESS PROGRAM BENEFITS:\n* Unlimited usage during Early Access\n* Priority support and feature requests\n* Exclusive pricing when we launch\n* Direct access to our development team\n\nBest,\nThe RSOLV Team\n\n---\nYou're receiving this email because you joined the RSOLV Early Access Program.\nIf you have any questions, simply reply to this email.\n\nRSOLV, Inc. • support@rsolv.dev\n\nTo unsubscribe, visit: https://rsolv.dev/unsubscribe?email=adapter@test.com\n",
   headers: %{"X-Postmark-Tag" => "early-access"},
   attachments: [],
   assigns: %{},
   private: %{tag: "early-access"},
   blocked: false
 }}
.14:25:09.454 [debug] Sending email with Bamboo.TestAdapter:

%Bamboo.Email{from: {"RSOLV Team", "support@rsolv.dev"}, to: [nil: "direct@test.com"], cc: [], bcc: [], subject: "Welcome to RSOLV - Let's fix your first issue in 10 minutes", html_body: "<div style=\"font-family: 'Helvetica Neue', Helvetica, Arial, sans-serif; max-width: 600px; margin: 0 auto; padding: 20px;\">\n  <h1 style=\"color: #2C3E50; margin-bottom: 20px;\">Welcome to RSOLV!</h1>\n  \n  <p>Hi DirectUser,</p>\n  \n  <p>Thanks for trying RSOLV! You're just a few minutes away from automating away your backlog.</p>\n  \n  <p>Here's how to get started:</p>\n  \n  <ol>\n    <li>Install our GitHub Action (copy & paste the code below)</li>\n    <li>Set up your repository secrets</li>\n    <li>Tag your first issues with \"rsolv:automate\"</li>\n  </ol>\n  \n  <div style=\"background-color: #f8f9fa; padding: 15px; border-radius: 5px; margin: 20px 0;\">\n    <pre style=\"margin: 0; overflow-x: auto; white-space: pre-wrap; font-family: monospace;\">name: RSOLV AutoFix\non:\n  issues:\n    types: [opened, edited, labeled]\n\njobs:\n  autofix:\n    runs-on: ubuntu-latest\n    if: contains(github.event.issue.labels.*.name, 'rsolv:automate')\n    steps:\n      - uses: RSOLV-dev/rsolv-action@v1\n        with:\n          github-token: ${{ secrets.GITHUB_TOKEN }}\n          rsolv-api-key: ${{ secrets.RSOLV_API_KEY }}</pre>\n  </div>\n  \n  <p>Need help? Contact us at <a href=\"mailto:support@rsolv.dev\">support@rsolv.dev</a> and we'll personally assist you.</p>\n  \n  <p>Your first 10 fixes are free! After that, you only pay $15 per fix that gets deployed - no credit card required to start.</p>\n  \n  <p>Best,<br>The RSOLV Team</p>\n  \n  <div class=\"footer\" style=\"margin-top: 40px; padding-top: 20px; border-top: 1px solid #e0e0e0; font-size: 0.9em; color: #666;\">\n    <p>\n      P.S. Here's a <a href=\"https://rsolv.dev/docs/getting-started\">2-minute video walkthrough</a> if you prefer.\n    </p>\n    <p>\n      RSOLV, Inc. • support@rsolv.dev • © 2025\n    </p>\n    <p>\n      <a href=\"https://rsolv.dev/unsubscribe?email=direct@test.com\">Unsubscribe</a> from these emails.\n    </p>\n  </div>\n</div>\n", text_body: "Welcome to RSOLV!\n\nHi DirectUser,\n\nThanks for trying RSOLV! You're just a few minutes away from automating away your backlog.\n\nHere's how to get started:\n\n1. Install our GitHub Action (check the HTML version for the code snippet)\n2. Set up your repository secrets\n3. Tag your first issues with \"rsolv:automate\"\n\nNeed help? Contact us at support@rsolv.dev and we'll personally assist you.\n\nYour first 10 fixes are free! After that, you only pay $15 per fix that gets deployed - no credit card required to start.\n\nBest,\nThe RSOLV Team\n\nP.S. Check out our 2-minute video walkthrough at https://rsolv.dev/docs/getting-started\n\n---\nTo unsubscribe, visit: https://rsolv.dev/unsubscribe?email=direct@test.com\n", headers: %{"X-Postmark-Tag" => "welcome"}, attachments: [], assigns: %{}, private: %{tag: "welcome"}, blocked: false}

Mailer.deliver_now result: {:ok,
 %Bamboo.Email{
   from: {"RSOLV Team", "support@rsolv.dev"},
   to: [nil: "direct@test.com"],
   cc: [],
   bcc: [],
   subject: "Welcome to RSOLV - Let's fix your first issue in 10 minutes",
   html_body: "<div style=\"font-family: 'Helvetica Neue', Helvetica, Arial, sans-serif; max-width: 600px; margin: 0 auto; padding: 20px;\">\n  <h1 style=\"color: #2C3E50; margin-bottom: 20px;\">Welcome to RSOLV!</h1>\n  \n  <p>Hi DirectUser,</p>\n  \n  <p>Thanks for trying RSOLV! You're just a few minutes away from automating away your backlog.</p>\n  \n  <p>Here's how to get started:</p>\n  \n  <ol>\n    <li>Install our GitHub Action (copy & paste the code below)</li>\n    <li>Set up your repository secrets</li>\n    <li>Tag your first issues with \"rsolv:automate\"</li>\n  </ol>\n  \n  <div style=\"background-color: #f8f9fa; padding: 15px; border-radius: 5px; margin: 20px 0;\">\n    <pre style=\"margin: 0; overflow-x: auto; white-space: pre-wrap; font-family: monospace;\">name: RSOLV AutoFix\non:\n  issues:\n    types: [opened, edited, labeled]\n\njobs:\n  autofix:\n    runs-on: ubuntu-latest\n    if: contains(github.event.issue.labels.*.name, 'rsolv:automate')\n    steps:\n      - uses: RSOLV-dev/rsolv-action@v1\n        with:\n          github-token: ${{ secrets.GITHUB_TOKEN }}\n          rsolv-api-key: ${{ secrets.RSOLV_API_KEY }}</pre>\n  </div>\n  \n  <p>Need help? Contact us at <a href=\"mailto:support@rsolv.dev\">support@rsolv.dev</a> and we'll personally assist you.</p>\n  \n  <p>Your first 10 fixes are free! After that, you only pay $15 per fix that gets deployed - no credit card required to start.</p>\n  \n  <p>Best,<br>The RSOLV Team</p>\n  \n  <div class=\"footer\" style=\"margin-top: 40px; padding-top: 20px; border-top: 1px solid #e0e0e0; font-size: 0.9em; color: #666;\">\n    <p>\n      P.S. Here's a <a href=\"https://rsolv.dev/docs/getting-started\">2-minute video walkthrough</a> if you prefer.\n    </p>\n    <p>\n      RSOLV, Inc. • support@rsolv.dev • © 2025\n    </p>\n    <p>\n      <a href=\"https://rsolv.dev/unsubscribe?email=direct@test.com\">Unsubscribe</a> from these emails.\n    </p>\n  </div>\n</div>\n",
   text_body: "Welcome to RSOLV!\n\nHi DirectUser,\n\nThanks for trying RSOLV! You're just a few minutes away from automating away your backlog.\n\nHere's how to get started:\n\n1. Install our GitHub Action (check the HTML version for the code snippet)\n2. Set up your repository secrets\n3. Tag your first issues with \"rsolv:automate\"\n\nNeed help? Contact us at support@rsolv.dev and we'll personally assist you.\n\nYour first 10 fixes are free! After that, you only pay $15 per fix that gets deployed - no credit card required to start.\n\nBest,\nThe RSOLV Team\n\nP.S. Check out our 2-minute video walkthrough at https://rsolv.dev/docs/getting-started\n\n---\nTo unsubscribe, visit: https://rsolv.dev/unsubscribe?email=direct@test.com\n",
   headers: %{"X-Postmark-Tag" => "welcome"},
   attachments: [],
   assigns: %{},
   private: %{tag: "welcome"},
   blocked: false
 }}
Delivered emails count: 0
.Mailer config: [adapter: Bamboo.TestAdapter]
..............14:25:09.455 [debug] QUERY OK source="fun_with_flags_toggles" db=0.0ms
INSERT INTO "fun_with_flags_toggles" AS f0 ("enabled","target","flag_name","gate_type") VALUES ($1,$2,$3,$4) ON CONFLICT ("flag_name","gate_type","target") DO UPDATE SET "enabled" = $5 RETURNING "id" [true, "_fwf_none", "blog", "boolean", true]
14:25:09.456 [debug] QUERY OK source="fun_with_flags_toggles" db=0.0ms
SELECT f0."id", f0."flag_name", f0."gate_type", f0."target", f0."enabled" FROM "fun_with_flags_toggles" AS f0 WHERE (f0."flag_name" = $1) ["blog"]
14:25:09.456 [debug] Telemetry event: [:fun_with_flags, :persistence, :write], metadata: %{flag_name: :blog, gate: %FunWithFlags.Gate{type: :boolean, for: nil, enabled: true}}, measurements: %{system_time: 1757622309456088864}
14:25:09.721 [debug] QUERY OK source="fun_with_flags_toggles" db=0.1ms
SELECT f0."id", f0."flag_name", f0."gate_type", f0."target", f0."enabled" FROM "fun_with_flags_toggles" AS f0 WHERE (f0."flag_name" = $1) ["display_draft_blog_posts"]
14:25:09.721 [debug] Telemetry event: [:fun_with_flags, :persistence, :read], metadata: %{flag_name: :display_draft_blog_posts, gate: nil}, measurements: %{system_time: 1757622309721688413}
14:25:09.723 request_id=GGRULaxYjd6SLWkAACQL [info] GET /blog/why-security-fixes-take-30-days
14:25:09.723 request_id=GGRULaxYjd6SLWkAACQL [debug] Processing with RsolvWeb.BlogController.show/2
  Parameters: %{"slug" => "why-security-fixes-take-30-days"}
  Pipelines: [:browser]
14:25:09.724 request_id=GGRULaxYjd6SLWkAACQL [debug] QUERY OK source="fun_with_flags_toggles" db=0.1ms
SELECT f0."id", f0."flag_name", f0."gate_type", f0."target", f0."enabled" FROM "fun_with_flags_toggles" AS f0 WHERE (f0."flag_name" = $1) ["blog"]
14:25:09.724 request_id=GGRULaxYjd6SLWkAACQL [debug] Telemetry event: [:fun_with_flags, :persistence, :read], metadata: %{flag_name: :blog, gate: nil}, measurements: %{system_time: 1757622309724453394}
14:25:09.726 request_id=GGRULaxYjd6SLWkAACQL [debug] QUERY OK source="fun_with_flags_toggles" db=0.0ms
SELECT f0."id", f0."flag_name", f0."gate_type", f0."target", f0."enabled" FROM "fun_with_flags_toggles" AS f0 WHERE (f0."flag_name" = $1) ["blog"]
14:25:09.726 request_id=GGRULaxYjd6SLWkAACQL [debug] Telemetry event: [:fun_with_flags, :persistence, :read], metadata: %{flag_name: :blog, gate: nil}, measurements: %{system_time: 1757622309726518634}
14:25:09.727 request_id=GGRULaxYjd6SLWkAACQL [info] Sent 200 in 4ms
14:25:09.727 [debug] QUERY OK source="fun_with_flags_toggles" db=0.1ms
INSERT INTO "fun_with_flags_toggles" AS f0 ("enabled","target","flag_name","gate_type") VALUES ($1,$2,$3,$4) ON CONFLICT ("flag_name","gate_type","target") DO UPDATE SET "enabled" = $5 RETURNING "id" [false, "_fwf_none", "blog", "boolean", false]
14:25:09.727 [debug] QUERY OK source="fun_with_flags_toggles" db=0.1ms
SELECT f0."id", f0."flag_name", f0."gate_type", f0."target", f0."enabled" FROM "fun_with_flags_toggles" AS f0 WHERE (f0."flag_name" = $1) ["blog"]
14:25:09.727 [debug] Telemetry event: [:fun_with_flags, :persistence, :write], metadata: %{flag_name: :blog, gate: %FunWithFlags.Gate{type: :boolean, for: nil, enabled: false}}, measurements: %{system_time: 1757622309727968930}
.14:25:09.728 [debug] QUERY OK source="fun_with_flags_toggles" db=0.1ms
INSERT INTO "fun_with_flags_toggles" AS f0 ("enabled","target","flag_name","gate_type") VALUES ($1,$2,$3,$4) ON CONFLICT ("flag_name","gate_type","target") DO UPDATE SET "enabled" = $5 RETURNING "id" [true, "_fwf_none", "blog", "boolean", true]
14:25:09.728 [debug] QUERY OK source="fun_with_flags_toggles" db=0.1ms
SELECT f0."id", f0."flag_name", f0."gate_type", f0."target", f0."enabled" FROM "fun_with_flags_toggles" AS f0 WHERE (f0."flag_name" = $1) ["blog"]
14:25:09.728 [debug] Telemetry event: [:fun_with_flags, :persistence, :write], metadata: %{flag_name: :blog, gate: %FunWithFlags.Gate{type: :boolean, for: nil, enabled: true}}, measurements: %{system_time: 1757622309728656426}
14:25:09.728 [debug] QUERY OK source="fun_with_flags_toggles" db=0.1ms
INSERT INTO "fun_with_flags_toggles" AS f0 ("enabled","target","flag_name","gate_type") VALUES ($1,$2,$3,$4) ON CONFLICT ("flag_name","gate_type","target") DO UPDATE SET "enabled" = $5 RETURNING "id" [false, "_fwf_none", "blog", "boolean", false]
14:25:09.729 [debug] QUERY OK source="fun_with_flags_toggles" db=0.0ms
SELECT f0."id", f0."flag_name", f0."gate_type", f0."target", f0."enabled" FROM "fun_with_flags_toggles" AS f0 WHERE (f0."flag_name" = $1) ["blog"]
14:25:09.729 [debug] Telemetry event: [:fun_with_flags, :persistence, :write], metadata: %{flag_name: :blog, gate: %FunWithFlags.Gate{type: :boolean, for: nil, enabled: false}}, measurements: %{system_time: 1757622309729026612}
.14:25:09.729 [debug] QUERY OK source="fun_with_flags_toggles" db=0.1ms queue=0.1ms
INSERT INTO "fun_with_flags_toggles" AS f0 ("enabled","target","flag_name","gate_type") VALUES ($1,$2,$3,$4) ON CONFLICT ("flag_name","gate_type","target") DO UPDATE SET "enabled" = $5 RETURNING "id" [true, "_fwf_none", "blog", "boolean", true]
14:25:09.729 [debug] QUERY OK source="fun_with_flags_toggles" db=0.0ms
SELECT f0."id", f0."flag_name", f0."gate_type", f0."target", f0."enabled" FROM "fun_with_flags_toggles" AS f0 WHERE (f0."flag_name" = $1) ["blog"]
14:25:09.729 [debug] Telemetry event: [:fun_with_flags, :persistence, :write], metadata: %{flag_name: :blog, gate: %FunWithFlags.Gate{type: :boolean, for: nil, enabled: true}}, measurements: %{system_time: 1757622309729610394}
14:25:09.729 [debug] QUERY OK source="fun_with_flags_toggles" db=0.0ms
INSERT INTO "fun_with_flags_toggles" AS f0 ("enabled","target","flag_name","gate_type") VALUES ($1,$2,$3,$4) ON CONFLICT ("flag_name","gate_type","target") DO UPDATE SET "enabled" = $5 RETURNING "id" [false, "_fwf_none", "blog", "boolean", false]
14:25:09.729 [debug] QUERY OK source="fun_with_flags_toggles" db=0.0ms
SELECT f0."id", f0."flag_name", f0."gate_type", f0."target", f0."enabled" FROM "fun_with_flags_toggles" AS f0 WHERE (f0."flag_name" = $1) ["blog"]
14:25:09.729 [debug] Telemetry event: [:fun_with_flags, :persistence, :write], metadata: %{flag_name: :blog, gate: %FunWithFlags.Gate{type: :boolean, for: nil, enabled: false}}, measurements: %{system_time: 1757622309729848733}
.14:25:09.730 [debug] QUERY OK source="fun_with_flags_toggles" db=0.0ms
INSERT INTO "fun_with_flags_toggles" AS f0 ("enabled","target","flag_name","gate_type") VALUES ($1,$2,$3,$4) ON CONFLICT ("flag_name","gate_type","target") DO UPDATE SET "enabled" = $5 RETURNING "id" [true, "_fwf_none", "blog", "boolean", true]
14:25:09.730 [debug] QUERY OK source="fun_with_flags_toggles" db=0.0ms
SELECT f0."id", f0."flag_name", f0."gate_type", f0."target", f0."enabled" FROM "fun_with_flags_toggles" AS f0 WHERE (f0."flag_name" = $1) ["blog"]
14:25:09.730 [debug] Telemetry event: [:fun_with_flags, :persistence, :write], metadata: %{flag_name: :blog, gate: %FunWithFlags.Gate{type: :boolean, for: nil, enabled: true}}, measurements: %{system_time: 1757622309730215528}
14:25:09.730 request_id=GGRULazGBIR2gHIAAA2U [info] GET /blog
14:25:09.730 request_id=GGRULazGBIR2gHIAAA2U [debug] Processing with RsolvWeb.BlogController.index/2
  Parameters: %{}
  Pipelines: [:browser]
14:25:09.730 request_id=GGRULazGBIR2gHIAAA2U [debug] QUERY OK source="fun_with_flags_toggles" db=0.0ms
SELECT f0."id", f0."flag_name", f0."gate_type", f0."target", f0."enabled" FROM "fun_with_flags_toggles" AS f0 WHERE (f0."flag_name" = $1) ["blog"]
14:25:09.730 request_id=GGRULazGBIR2gHIAAA2U [debug] Telemetry event: [:fun_with_flags, :persistence, :read], metadata: %{flag_name: :blog, gate: nil}, measurements: %{system_time: 1757622309730426627}
14:25:09.741 request_id=GGRULazGBIR2gHIAAA2U [debug] QUERY OK source="fun_with_flags_toggles" db=0.0ms
SELECT f0."id", f0."flag_name", f0."gate_type", f0."target", f0."enabled" FROM "fun_with_flags_toggles" AS f0 WHERE (f0."flag_name" = $1) ["display_draft_blog_posts"]
14:25:09.741 request_id=GGRULazGBIR2gHIAAA2U [debug] Telemetry event: [:fun_with_flags, :persistence, :read], metadata: %{flag_name: :display_draft_blog_posts, gate: nil}, measurements: %{system_time: 1757622309741389737}
14:25:09.741 request_id=GGRULazGBIR2gHIAAA2U [debug] QUERY OK source="fun_with_flags_toggles" db=0.0ms
SELECT f0."id", f0."flag_name", f0."gate_type", f0."target", f0."enabled" FROM "fun_with_flags_toggles" AS f0 WHERE (f0."flag_name" = $1) ["blog"]
14:25:09.741 request_id=GGRULazGBIR2gHIAAA2U [debug] Telemetry event: [:fun_with_flags, :persistence, :read], metadata: %{flag_name: :blog, gate: nil}, measurements: %{system_time: 1757622309741536909}
14:25:09.742 request_id=GGRULazGBIR2gHIAAA2U [info] Sent 200 in 12ms
14:25:09.742 [debug] QUERY OK source="fun_with_flags_toggles" db=0.1ms
INSERT INTO "fun_with_flags_toggles" AS f0 ("enabled","target","flag_name","gate_type") VALUES ($1,$2,$3,$4) ON CONFLICT ("flag_name","gate_type","target") DO UPDATE SET "enabled" = $5 RETURNING "id" [false, "_fwf_none", "blog", "boolean", false]
14:25:09.742 [debug] QUERY OK source="fun_with_flags_toggles" db=0.0ms
SELECT f0."id", f0."flag_name", f0."gate_type", f0."target", f0."enabled" FROM "fun_with_flags_toggles" AS f0 WHERE (f0."flag_name" = $1) ["blog"]
14:25:09.742 [debug] Telemetry event: [:fun_with_flags, :persistence, :write], metadata: %{flag_name: :blog, gate: %FunWithFlags.Gate{type: :boolean, for: nil, enabled: false}}, measurements: %{system_time: 1757622309742916889}
.14:25:09.743 [debug] QUERY OK source="fun_with_flags_toggles" db=0.3ms queue=0.1ms
INSERT INTO "fun_with_flags_toggles" AS f0 ("enabled","target","flag_name","gate_type") VALUES ($1,$2,$3,$4) ON CONFLICT ("flag_name","gate_type","target") DO UPDATE SET "enabled" = $5 RETURNING "id" [true, "_fwf_none", "blog", "boolean", true]
14:25:09.744 [debug] QUERY OK source="fun_with_flags_toggles" db=0.1ms
SELECT f0."id", f0."flag_name", f0."gate_type", f0."target", f0."enabled" FROM "fun_with_flags_toggles" AS f0 WHERE (f0."flag_name" = $1) ["blog"]
14:25:09.744 [debug] Telemetry event: [:fun_with_flags, :persistence, :write], metadata: %{flag_name: :blog, gate: %FunWithFlags.Gate{type: :boolean, for: nil, enabled: true}}, measurements: %{system_time: 1757622309744035837}
14:25:09.755 [debug] QUERY OK source="fun_with_flags_toggles" db=0.1ms
SELECT f0."id", f0."flag_name", f0."gate_type", f0."target", f0."enabled" FROM "fun_with_flags_toggles" AS f0 WHERE (f0."flag_name" = $1) ["display_draft_blog_posts"]
14:25:09.755 [debug] Telemetry event: [:fun_with_flags, :persistence, :read], metadata: %{flag_name: :display_draft_blog_posts, gate: nil}, measurements: %{system_time: 1757622309755096451}
14:25:09.756 [debug] QUERY OK source="fun_with_flags_toggles" db=0.1ms
INSERT INTO "fun_with_flags_toggles" AS f0 ("enabled","target","flag_name","gate_type") VALUES ($1,$2,$3,$4) ON CONFLICT ("flag_name","gate_type","target") DO UPDATE SET "enabled" = $5 RETURNING "id" [false, "_fwf_none", "blog", "boolean", false]
14:25:09.757 [debug] QUERY OK source="fun_with_flags_toggles" db=0.0ms
SELECT f0."id", f0."flag_name", f0."gate_type", f0."target", f0."enabled" FROM "fun_with_flags_toggles" AS f0 WHERE (f0."flag_name" = $1) ["blog"]
14:25:09.757 [debug] Telemetry event: [:fun_with_flags, :persistence, :write], metadata: %{flag_name: :blog, gate: %FunWithFlags.Gate{type: :boolean, for: nil, enabled: false}}, measurements: %{system_time: 1757622309757066883}
.14:25:09.757 [debug] QUERY OK source="fun_with_flags_toggles" db=0.1ms queue=0.1ms
INSERT INTO "fun_with_flags_toggles" AS f0 ("enabled","target","flag_name","gate_type") VALUES ($1,$2,$3,$4) ON CONFLICT ("flag_name","gate_type","target") DO UPDATE SET "enabled" = $5 RETURNING "id" [true, "_fwf_none", "blog", "boolean", true]
14:25:09.757 [debug] QUERY OK source="fun_with_flags_toggles" db=0.1ms
SELECT f0."id", f0."flag_name", f0."gate_type", f0."target", f0."enabled" FROM "fun_with_flags_toggles" AS f0 WHERE (f0."flag_name" = $1) ["blog"]
14:25:09.757 [debug] Telemetry event: [:fun_with_flags, :persistence, :write], metadata: %{flag_name: :blog, gate: %FunWithFlags.Gate{type: :boolean, for: nil, enabled: true}}, measurements: %{system_time: 1757622309757918401}
14:25:09.757 request_id=GGRULa5s1X33UbsAACIS [info] GET /blog/rss.xml
14:25:09.758 request_id=GGRULa5s1X33UbsAACIS [debug] Processing with RsolvWeb.BlogController.rss/2
  Parameters: %{}
  Pipelines: [:browser]
14:25:09.758 request_id=GGRULa5s1X33UbsAACIS [debug] QUERY OK source="fun_with_flags_toggles" db=0.1ms
SELECT f0."id", f0."flag_name", f0."gate_type", f0."target", f0."enabled" FROM "fun_with_flags_toggles" AS f0 WHERE (f0."flag_name" = $1) ["blog"]
14:25:09.758 request_id=GGRULa5s1X33UbsAACIS [debug] Telemetry event: [:fun_with_flags, :persistence, :read], metadata: %{flag_name: :blog, gate: nil}, measurements: %{system_time: 1757622309758189815}
14:25:09.768 request_id=GGRULa5s1X33UbsAACIS [info] Sent 200 in 10ms
14:25:09.769 [debug] QUERY OK source="fun_with_flags_toggles" db=0.2ms
INSERT INTO "fun_with_flags_toggles" AS f0 ("enabled","target","flag_name","gate_type") VALUES ($1,$2,$3,$4) ON CONFLICT ("flag_name","gate_type","target") DO UPDATE SET "enabled" = $5 RETURNING "id" [false, "_fwf_none", "blog", "boolean", false]
14:25:09.769 [debug] QUERY OK source="fun_with_flags_toggles" db=0.1ms
SELECT f0."id", f0."flag_name", f0."gate_type", f0."target", f0."enabled" FROM "fun_with_flags_toggles" AS f0 WHERE (f0."flag_name" = $1) ["blog"]
14:25:09.769 [debug] Telemetry event: [:fun_with_flags, :persistence, :write], metadata: %{flag_name: :blog, gate: %FunWithFlags.Gate{type: :boolean, for: nil, enabled: false}}, measurements: %{system_time: 1757622309769530219}
.14:25:09.770 [debug] QUERY OK source="fun_with_flags_toggles" db=0.1ms
INSERT INTO "fun_with_flags_toggles" AS f0 ("enabled","target","flag_name","gate_type") VALUES ($1,$2,$3,$4) ON CONFLICT ("flag_name","gate_type","target") DO UPDATE SET "enabled" = $5 RETURNING "id" [true, "_fwf_none", "blog", "boolean", true]
14:25:09.770 [debug] QUERY OK source="fun_with_flags_toggles" db=0.0ms
SELECT f0."id", f0."flag_name", f0."gate_type", f0."target", f0."enabled" FROM "fun_with_flags_toggles" AS f0 WHERE (f0."flag_name" = $1) ["blog"]
14:25:09.770 [debug] Telemetry event: [:fun_with_flags, :persistence, :write], metadata: %{flag_name: :blog, gate: %FunWithFlags.Gate{type: :boolean, for: nil, enabled: true}}, measurements: %{system_time: 1757622309770328508}
14:25:09.781 [debug] QUERY OK source="fun_with_flags_toggles" db=0.1ms
SELECT f0."id", f0."flag_name", f0."gate_type", f0."target", f0."enabled" FROM "fun_with_flags_toggles" AS f0 WHERE (f0."flag_name" = $1) ["display_draft_blog_posts"]
14:25:09.781 [debug] Telemetry event: [:fun_with_flags, :persistence, :read], metadata: %{flag_name: :display_draft_blog_posts, gate: nil}, measurements: %{system_time: 1757622309781851169}
14:25:09.781 request_id=GGRULa_aH48O9YIAACKS [info] GET /blog/why-security-fixes-take-30-days
14:25:09.781 request_id=GGRULa_aH48O9YIAACKS [debug] Processing with RsolvWeb.BlogController.show/2
  Parameters: %{"slug" => "why-security-fixes-take-30-days"}
  Pipelines: [:browser]
14:25:09.782 request_id=GGRULa_aH48O9YIAACKS [debug] QUERY OK source="fun_with_flags_toggles" db=0.1ms
SELECT f0."id", f0."flag_name", f0."gate_type", f0."target", f0."enabled" FROM "fun_with_flags_toggles" AS f0 WHERE (f0."flag_name" = $1) ["blog"]
14:25:09.782 request_id=GGRULa_aH48O9YIAACKS [debug] Telemetry event: [:fun_with_flags, :persistence, :read], metadata: %{flag_name: :blog, gate: nil}, measurements: %{system_time: 1757622309782156347}
14:25:09.783 request_id=GGRULa_aH48O9YIAACKS [debug] QUERY OK source="fun_with_flags_toggles" db=0.1ms
SELECT f0."id", f0."flag_name", f0."gate_type", f0."target", f0."enabled" FROM "fun_with_flags_toggles" AS f0 WHERE (f0."flag_name" = $1) ["blog"]
14:25:09.783 request_id=GGRULa_aH48O9YIAACKS [debug] Telemetry event: [:fun_with_flags, :persistence, :read], metadata: %{flag_name: :blog, gate: nil}, measurements: %{system_time: 1757622309783948258}
14:25:09.784 request_id=GGRULa_aH48O9YIAACKS [info] Sent 200 in 2ms
14:25:09.784 [debug] QUERY OK source="fun_with_flags_toggles" db=0.1ms
INSERT INTO "fun_with_flags_toggles" AS f0 ("enabled","target","flag_name","gate_type") VALUES ($1,$2,$3,$4) ON CONFLICT ("flag_name","gate_type","target") DO UPDATE SET "enabled" = $5 RETURNING "id" [false, "_fwf_none", "blog", "boolean", false]
14:25:09.784 [debug] QUERY OK source="fun_with_flags_toggles" db=0.1ms
SELECT f0."id", f0."flag_name", f0."gate_type", f0."target", f0."enabled" FROM "fun_with_flags_toggles" AS f0 WHERE (f0."flag_name" = $1) ["blog"]
14:25:09.784 [debug] Telemetry event: [:fun_with_flags, :persistence, :write], metadata: %{flag_name: :blog, gate: %FunWithFlags.Gate{type: :boolean, for: nil, enabled: false}}, measurements: %{system_time: 1757622309784458638}
.14:25:09.784 [debug] QUERY OK source="fun_with_flags_toggles" db=0.1ms
INSERT INTO "fun_with_flags_toggles" AS f0 ("enabled","target","flag_name","gate_type") VALUES ($1,$2,$3,$4) ON CONFLICT ("flag_name","gate_type","target") DO UPDATE SET "enabled" = $5 RETURNING "id" [true, "_fwf_none", "blog", "boolean", true]
14:25:09.785 [debug] QUERY OK source="fun_with_flags_toggles" db=0.0ms
SELECT f0."id", f0."flag_name", f0."gate_type", f0."target", f0."enabled" FROM "fun_with_flags_toggles" AS f0 WHERE (f0."flag_name" = $1) ["blog"]
14:25:09.785 [debug] Telemetry event: [:fun_with_flags, :persistence, :write], metadata: %{flag_name: :blog, gate: %FunWithFlags.Gate{type: :boolean, for: nil, enabled: true}}, measurements: %{system_time: 1757622309785014119}
14:25:09.785 request_id=GGRULbAKFpoLy_0AACMS [info] GET /blog
14:25:09.785 request_id=GGRULbAKFpoLy_0AACMS [debug] Processing with RsolvWeb.BlogController.index/2
  Parameters: %{}
  Pipelines: [:browser]
14:25:09.785 request_id=GGRULbAKFpoLy_0AACMS [debug] QUERY OK source="fun_with_flags_toggles" db=0.1ms
SELECT f0."id", f0."flag_name", f0."gate_type", f0."target", f0."enabled" FROM "fun_with_flags_toggles" AS f0 WHERE (f0."flag_name" = $1) ["blog"]
14:25:09.785 request_id=GGRULbAKFpoLy_0AACMS [debug] Telemetry event: [:fun_with_flags, :persistence, :read], metadata: %{flag_name: :blog, gate: nil}, measurements: %{system_time: 1757622309785242415}
14:25:09.795 request_id=GGRULbAKFpoLy_0AACMS [debug] QUERY OK source="fun_with_flags_toggles" db=0.1ms
SELECT f0."id", f0."flag_name", f0."gate_type", f0."target", f0."enabled" FROM "fun_with_flags_toggles" AS f0 WHERE (f0."flag_name" = $1) ["display_draft_blog_posts"]
14:25:09.796 request_id=GGRULbAKFpoLy_0AACMS [debug] Telemetry event: [:fun_with_flags, :persistence, :read], metadata: %{flag_name: :display_draft_blog_posts, gate: nil}, measurements: %{system_time: 1757622309795998424}
14:25:09.796 request_id=GGRULbAKFpoLy_0AACMS [debug] QUERY OK source="fun_with_flags_toggles" db=0.0ms
SELECT f0."id", f0."flag_name", f0."gate_type", f0."target", f0."enabled" FROM "fun_with_flags_toggles" AS f0 WHERE (f0."flag_name" = $1) ["blog"]
14:25:09.796 request_id=GGRULbAKFpoLy_0AACMS [debug] Telemetry event: [:fun_with_flags, :persistence, :read], metadata: %{flag_name: :blog, gate: nil}, measurements: %{system_time: 1757622309796192511}
14:25:09.796 request_id=GGRULbAKFpoLy_0AACMS [info] Sent 200 in 11ms
14:25:09.796 [debug] QUERY OK source="fun_with_flags_toggles" db=0.1ms
INSERT INTO "fun_with_flags_toggles" AS f0 ("enabled","target","flag_name","gate_type") VALUES ($1,$2,$3,$4) ON CONFLICT ("flag_name","gate_type","target") DO UPDATE SET "enabled" = $5 RETURNING "id" [false, "_fwf_none", "blog", "boolean", false]
14:25:09.796 [debug] QUERY OK source="fun_with_flags_toggles" db=0.0ms
SELECT f0."id", f0."flag_name", f0."gate_type", f0."target", f0."enabled" FROM "fun_with_flags_toggles" AS f0 WHERE (f0."flag_name" = $1) ["blog"]
14:25:09.796 [debug] Telemetry event: [:fun_with_flags, :persistence, :write], metadata: %{flag_name: :blog, gate: %FunWithFlags.Gate{type: :boolean, for: nil, enabled: false}}, measurements: %{system_time: 1757622309796639291}
.14:25:09.797 [debug] QUERY OK source="fun_with_flags_toggles" db=0.1ms
INSERT INTO "fun_with_flags_toggles" AS f0 ("enabled","target","flag_name","gate_type") VALUES ($1,$2,$3,$4) ON CONFLICT ("flag_name","gate_type","target") DO UPDATE SET "enabled" = $5 RETURNING "id" [true, "_fwf_none", "blog", "boolean", true]
14:25:09.797 [debug] QUERY OK source="fun_with_flags_toggles" db=0.0ms
SELECT f0."id", f0."flag_name", f0."gate_type", f0."target", f0."enabled" FROM "fun_with_flags_toggles" AS f0 WHERE (f0."flag_name" = $1) ["blog"]
14:25:09.797 [debug] Telemetry event: [:fun_with_flags, :persistence, :write], metadata: %{flag_name: :blog, gate: %FunWithFlags.Gate{type: :boolean, for: nil, enabled: true}}, measurements: %{system_time: 1757622309797282576}
14:25:09.807 [debug] QUERY OK source="fun_with_flags_toggles" db=0.1ms
SELECT f0."id", f0."flag_name", f0."gate_type", f0."target", f0."enabled" FROM "fun_with_flags_toggles" AS f0 WHERE (f0."flag_name" = $1) ["display_draft_blog_posts"]
14:25:09.807 [debug] Telemetry event: [:fun_with_flags, :persistence, :read], metadata: %{flag_name: :display_draft_blog_posts, gate: nil}, measurements: %{system_time: 1757622309807931657}
14:25:09.809 [debug] QUERY OK source="fun_with_flags_toggles" db=0.1ms
INSERT INTO "fun_with_flags_toggles" AS f0 ("enabled","target","flag_name","gate_type") VALUES ($1,$2,$3,$4) ON CONFLICT ("flag_name","gate_type","target") DO UPDATE SET "enabled" = $5 RETURNING "id" [false, "_fwf_none", "blog", "boolean", false]
14:25:09.810 [debug] QUERY OK source="fun_with_flags_toggles" db=0.0ms
SELECT f0."id", f0."flag_name", f0."gate_type", f0."target", f0."enabled" FROM "fun_with_flags_toggles" AS f0 WHERE (f0."flag_name" = $1) ["blog"]
14:25:09.810 [debug] Telemetry event: [:fun_with_flags, :persistence, :write], metadata: %{flag_name: :blog, gate: %FunWithFlags.Gate{type: :boolean, for: nil, enabled: false}}, measurements: %{system_time: 1757622309810039548}
.14:25:09.810 [debug] QUERY OK source="fun_with_flags_toggles" db=0.1ms
INSERT INTO "fun_with_flags_toggles" AS f0 ("enabled","target","flag_name","gate_type") VALUES ($1,$2,$3,$4) ON CONFLICT ("flag_name","gate_type","target") DO UPDATE SET "enabled" = $5 RETURNING "id" [true, "_fwf_none", "blog", "boolean", true]
14:25:09.810 [debug] QUERY OK source="fun_with_flags_toggles" db=0.0ms
SELECT f0."id", f0."flag_name", f0."gate_type", f0."target", f0."enabled" FROM "fun_with_flags_toggles" AS f0 WHERE (f0."flag_name" = $1) ["blog"]
14:25:09.810 [debug] Telemetry event: [:fun_with_flags, :persistence, :write], metadata: %{flag_name: :blog, gate: %FunWithFlags.Gate{type: :boolean, for: nil, enabled: true}}, measurements: %{system_time: 1757622309810676716}
14:25:09.810 [debug] QUERY OK source="fun_with_flags_toggles" db=0.1ms
INSERT INTO "fun_with_flags_toggles" AS f0 ("enabled","target","flag_name","gate_type") VALUES ($1,$2,$3,$4) ON CONFLICT ("flag_name","gate_type","target") DO UPDATE SET "enabled" = $5 RETURNING "id" [false, "_fwf_none", "blog", "boolean", false]
14:25:09.811 [debug] QUERY OK source="fun_with_flags_toggles" db=0.0ms
SELECT f0."id", f0."flag_name", f0."gate_type", f0."target", f0."enabled" FROM "fun_with_flags_toggles" AS f0 WHERE (f0."flag_name" = $1) ["blog"]
14:25:09.811 [debug] Telemetry event: [:fun_with_flags, :persistence, :write], metadata: %{flag_name: :blog, gate: %FunWithFlags.Gate{type: :boolean, for: nil, enabled: false}}, measurements: %{system_time: 1757622309811020878}
.14:25:09.811 [debug] QUERY OK source="fun_with_flags_toggles" db=0.0ms
INSERT INTO "fun_with_flags_toggles" AS f0 ("enabled","target","flag_name","gate_type") VALUES ($1,$2,$3,$4) ON CONFLICT ("flag_name","gate_type","target") DO UPDATE SET "enabled" = $5 RETURNING "id" [true, "_fwf_none", "blog", "boolean", true]
14:25:09.811 [debug] QUERY OK source="fun_with_flags_toggles" db=0.0ms
SELECT f0."id", f0."flag_name", f0."gate_type", f0."target", f0."enabled" FROM "fun_with_flags_toggles" AS f0 WHERE (f0."flag_name" = $1) ["blog"]
14:25:09.811 [debug] Telemetry event: [:fun_with_flags, :persistence, :write], metadata: %{flag_name: :blog, gate: %FunWithFlags.Gate{type: :boolean, for: nil, enabled: true}}, measurements: %{system_time: 1757622309811446884}
14:25:09.811 [debug] QUERY OK source="fun_with_flags_toggles" db=0.0ms
INSERT INTO "fun_with_flags_toggles" AS f0 ("enabled","target","flag_name","gate_type") VALUES ($1,$2,$3,$4) ON CONFLICT ("flag_name","gate_type","target") DO UPDATE SET "enabled" = $5 RETURNING "id" [false, "_fwf_none", "blog", "boolean", false]
14:25:09.811 [debug] QUERY OK source="fun_with_flags_toggles" db=0.0ms
SELECT f0."id", f0."flag_name", f0."gate_type", f0."target", f0."enabled" FROM "fun_with_flags_toggles" AS f0 WHERE (f0."flag_name" = $1) ["blog"]
14:25:09.811 [debug] Telemetry event: [:fun_with_flags, :persistence, :write], metadata: %{flag_name: :blog, gate: %FunWithFlags.Gate{type: :boolean, for: nil, enabled: false}}, measurements: %{system_time: 1757622309811624995}
14:25:09.811 request_id=GGRULbGgJS6nN64AACOS [info] GET /blog
14:25:09.811 request_id=GGRULbGgJS6nN64AACOS [debug] Processing with RsolvWeb.BlogController.index/2
  Parameters: %{}
  Pipelines: [:browser]
14:25:09.811 request_id=GGRULbGgJS6nN64AACOS [debug] QUERY OK source="fun_with_flags_toggles" db=0.0ms
SELECT f0."id", f0."flag_name", f0."gate_type", f0."target", f0."enabled" FROM "fun_with_flags_toggles" AS f0 WHERE (f0."flag_name" = $1) ["blog"]
14:25:09.811 request_id=GGRULbGgJS6nN64AACOS [debug] Telemetry event: [:fun_with_flags, :persistence, :read], metadata: %{flag_name: :blog, gate: nil}, measurements: %{system_time: 1757622309811813218}
14:25:09.811 request_id=GGRULbGgJS6nN64AACOS [debug] QUERY OK source="fun_with_flags_toggles" db=0.0ms
SELECT f0."id", f0."flag_name", f0."gate_type", f0."target", f0."enabled" FROM "fun_with_flags_toggles" AS f0 WHERE (f0."flag_name" = $1) ["blog"]
14:25:09.811 request_id=GGRULbGgJS6nN64AACOS [debug] Telemetry event: [:fun_with_flags, :persistence, :read], metadata: %{flag_name: :blog, gate: nil}, measurements: %{system_time: 1757622309811933451}
14:25:09.811 request_id=GGRULbGgJS6nN64AACOS [info] Sent 404 in 319µs
14:25:09.812 request_id=GGRULbGgJS6nN64AACOS [debug] RsolvWeb.BlogController halted in :check_blog_feature_flag/2
14:25:09.812 [debug] QUERY OK source="fun_with_flags_toggles" db=0.0ms
INSERT INTO "fun_with_flags_toggles" AS f0 ("enabled","target","flag_name","gate_type") VALUES ($1,$2,$3,$4) ON CONFLICT ("flag_name","gate_type","target") DO UPDATE SET "enabled" = $5 RETURNING "id" [false, "_fwf_none", "blog", "boolean", false]
14:25:09.812 [debug] QUERY OK source="fun_with_flags_toggles" db=0.0ms
SELECT f0."id", f0."flag_name", f0."gate_type", f0."target", f0."enabled" FROM "fun_with_flags_toggles" AS f0 WHERE (f0."flag_name" = $1) ["blog"]
14:25:09.812 [debug] Telemetry event: [:fun_with_flags, :persistence, :write], metadata: %{flag_name: :blog, gate: %FunWithFlags.Gate{type: :boolean, for: nil, enabled: false}}, measurements: %{system_time: 1757622309812204190}
.14:25:09.812 [debug] QUERY OK source="fun_with_flags_toggles" db=0.1ms
INSERT INTO "fun_with_flags_toggles" AS f0 ("enabled","target","flag_name","gate_type") VALUES ($1,$2,$3,$4) ON CONFLICT ("flag_name","gate_type","target") DO UPDATE SET "enabled" = $5 RETURNING "id" [true, "_fwf_none", "blog", "boolean", true]
14:25:09.812 [debug] QUERY OK source="fun_with_flags_toggles" db=0.0ms
SELECT f0."id", f0."flag_name", f0."gate_type", f0."target", f0."enabled" FROM "fun_with_flags_toggles" AS f0 WHERE (f0."flag_name" = $1) ["blog"]
14:25:09.812 [debug] Telemetry event: [:fun_with_flags, :persistence, :write], metadata: %{flag_name: :blog, gate: %FunWithFlags.Gate{type: :boolean, for: nil, enabled: true}}, measurements: %{system_time: 1757622309812824611}
14:25:09.824 [debug] QUERY OK source="fun_with_flags_toggles" db=0.1ms
SELECT f0."id", f0."flag_name", f0."gate_type", f0."target", f0."enabled" FROM "fun_with_flags_toggles" AS f0 WHERE (f0."flag_name" = $1) ["display_draft_blog_posts"]
14:25:09.824 [debug] Telemetry event: [:fun_with_flags, :persistence, :read], metadata: %{flag_name: :display_draft_blog_posts, gate: nil}, measurements: %{system_time: 1757622309824272515}
14:25:09.824 [debug] QUERY OK source="fun_with_flags_toggles" db=0.0ms
INSERT INTO "fun_with_flags_toggles" AS f0 ("enabled","target","flag_name","gate_type") VALUES ($1,$2,$3,$4) ON CONFLICT ("flag_name","gate_type","target") DO UPDATE SET "enabled" = $5 RETURNING "id" [false, "_fwf_none", "blog", "boolean", false]
14:25:09.824 [debug] QUERY OK source="fun_with_flags_toggles" db=0.0ms
SELECT f0."id", f0."flag_name", f0."gate_type", f0."target", f0."enabled" FROM "fun_with_flags_toggles" AS f0 WHERE (f0."flag_name" = $1) ["blog"]
14:25:09.824 [debug] Telemetry event: [:fun_with_flags, :persistence, :write], metadata: %{flag_name: :blog, gate: %FunWithFlags.Gate{type: :boolean, for: nil, enabled: false}}, measurements: %{system_time: 1757622309824603704}
.14:25:09.825 [debug] QUERY OK source="fun_with_flags_toggles" db=0.1ms
INSERT INTO "fun_with_flags_toggles" AS f0 ("enabled","target","flag_name","gate_type") VALUES ($1,$2,$3,$4) ON CONFLICT ("flag_name","gate_type","target") DO UPDATE SET "enabled" = $5 RETURNING "id" [true, "_fwf_none", "blog", "boolean", true]
14:25:09.825 [debug] QUERY OK source="fun_with_flags_toggles" db=0.0ms
SELECT f0."id", f0."flag_name", f0."gate_type", f0."target", f0."enabled" FROM "fun_with_flags_toggles" AS f0 WHERE (f0."flag_name" = $1) ["blog"]
14:25:09.825 [debug] Telemetry event: [:fun_with_flags, :persistence, :write], metadata: %{flag_name: :blog, gate: %FunWithFlags.Gate{type: :boolean, for: nil, enabled: true}}, measurements: %{system_time: 1757622309825155087}
14:25:09.825 request_id=GGRULbJun-BHWKwAACQS [info] GET /blog
14:25:09.825 request_id=GGRULbJun-BHWKwAACQS [debug] Processing with RsolvWeb.BlogController.index/2
  Parameters: %{}
  Pipelines: [:browser]
14:25:09.825 request_id=GGRULbJun-BHWKwAACQS [debug] QUERY OK source="fun_with_flags_toggles" db=0.0ms
SELECT f0."id", f0."flag_name", f0."gate_type", f0."target", f0."enabled" FROM "fun_with_flags_toggles" AS f0 WHERE (f0."flag_name" = $1) ["blog"]
14:25:09.825 request_id=GGRULbJun-BHWKwAACQS [debug] Telemetry event: [:fun_with_flags, :persistence, :read], metadata: %{flag_name: :blog, gate: nil}, measurements: %{system_time: 1757622309825326764}
14:25:09.836 request_id=GGRULbJun-BHWKwAACQS [debug] QUERY OK source="fun_with_flags_toggles" db=0.1ms
SELECT f0."id", f0."flag_name", f0."gate_type", f0."target", f0."enabled" FROM "fun_with_flags_toggles" AS f0 WHERE (f0."flag_name" = $1) ["display_draft_blog_posts"]
14:25:09.836 request_id=GGRULbJun-BHWKwAACQS [debug] Telemetry event: [:fun_with_flags, :persistence, :read], metadata: %{flag_name: :display_draft_blog_posts, gate: nil}, measurements: %{system_time: 1757622309836277600}
14:25:09.836 request_id=GGRULbJun-BHWKwAACQS [debug] QUERY OK source="fun_with_flags_toggles" db=0.0ms
SELECT f0."id", f0."flag_name", f0."gate_type", f0."target", f0."enabled" FROM "fun_with_flags_toggles" AS f0 WHERE (f0."flag_name" = $1) ["blog"]
14:25:09.836 request_id=GGRULbJun-BHWKwAACQS [debug] Telemetry event: [:fun_with_flags, :persistence, :read], metadata: %{flag_name: :blog, gate: nil}, measurements: %{system_time: 1757622309836446283}
14:25:09.836 request_id=GGRULbJun-BHWKwAACQS [info] Sent 200 in 11ms
14:25:09.836 [debug] QUERY OK source="fun_with_flags_toggles" db=0.1ms
INSERT INTO "fun_with_flags_toggles" AS f0 ("enabled","target","flag_name","gate_type") VALUES ($1,$2,$3,$4) ON CONFLICT ("flag_name","gate_type","target") DO UPDATE SET "enabled" = $5 RETURNING "id" [false, "_fwf_none", "blog", "boolean", false]
14:25:09.836 [debug] QUERY OK source="fun_with_flags_toggles" db=0.0ms
SELECT f0."id", f0."flag_name", f0."gate_type", f0."target", f0."enabled" FROM "fun_with_flags_toggles" AS f0 WHERE (f0."flag_name" = $1) ["blog"]
14:25:09.836 [debug] Telemetry event: [:fun_with_flags, :persistence, :write], metadata: %{flag_name: :blog, gate: %FunWithFlags.Gate{type: :boolean, for: nil, enabled: false}}, measurements: %{system_time: 1757622309836838038}
.14:25:09.837 [debug] QUERY OK source="fun_with_flags_toggles" db=0.0ms
INSERT INTO "fun_with_flags_toggles" AS f0 ("enabled","target","flag_name","gate_type") VALUES ($1,$2,$3,$4) ON CONFLICT ("flag_name","gate_type","target") DO UPDATE SET "enabled" = $5 RETURNING "id" [true, "_fwf_none", "blog", "boolean", true]
14:25:09.837 [debug] QUERY OK source="fun_with_flags_toggles" db=0.0ms
SELECT f0."id", f0."flag_name", f0."gate_type", f0."target", f0."enabled" FROM "fun_with_flags_toggles" AS f0 WHERE (f0."flag_name" = $1) ["blog"]
14:25:09.837 [debug] Telemetry event: [:fun_with_flags, :persistence, :write], metadata: %{flag_name: :blog, gate: %FunWithFlags.Gate{type: :boolean, for: nil, enabled: true}}, measurements: %{system_time: 1757622309837297964}
14:25:09.858 [debug] QUERY OK source="fun_with_flags_toggles" db=0.1ms
INSERT INTO "fun_with_flags_toggles" AS f0 ("enabled","target","flag_name","gate_type") VALUES ($1,$2,$3,$4) ON CONFLICT ("flag_name","gate_type","target") DO UPDATE SET "enabled" = $5 RETURNING "id" [false, "_fwf_none", "blog", "boolean", false]
14:25:09.858 [debug] QUERY OK source="fun_with_flags_toggles" db=0.0ms
SELECT f0."id", f0."flag_name", f0."gate_type", f0."target", f0."enabled" FROM "fun_with_flags_toggles" AS f0 WHERE (f0."flag_name" = $1) ["blog"]
14:25:09.858 [debug] Telemetry event: [:fun_with_flags, :persistence, :write], metadata: %{flag_name: :blog, gate: %FunWithFlags.Gate{type: :boolean, for: nil, enabled: false}}, measurements: %{system_time: 1757622309858910714}
.14:25:09.859 [debug] QUERY OK source="fun_with_flags_toggles" db=0.1ms
INSERT INTO "fun_with_flags_toggles" AS f0 ("enabled","target","flag_name","gate_type") VALUES ($1,$2,$3,$4) ON CONFLICT ("flag_name","gate_type","target") DO UPDATE SET "enabled" = $5 RETURNING "id" [true, "_fwf_none", "blog", "boolean", true]
14:25:09.859 [debug] QUERY OK source="fun_with_flags_toggles" db=0.0ms
SELECT f0."id", f0."flag_name", f0."gate_type", f0."target", f0."enabled" FROM "fun_with_flags_toggles" AS f0 WHERE (f0."flag_name" = $1) ["blog"]
14:25:09.859 [debug] Telemetry event: [:fun_with_flags, :persistence, :write], metadata: %{flag_name: :blog, gate: %FunWithFlags.Gate{type: :boolean, for: nil, enabled: true}}, measurements: %{system_time: 1757622309859553198}
14:25:09.859 [debug] QUERY OK source="fun_with_flags_toggles" db=0.0ms
INSERT INTO "fun_with_flags_toggles" AS f0 ("enabled","target","flag_name","gate_type") VALUES ($1,$2,$3,$4) ON CONFLICT ("flag_name","gate_type","target") DO UPDATE SET "enabled" = $5 RETURNING "id" [false, "_fwf_none", "blog", "boolean", false]
14:25:09.859 [debug] QUERY OK source="fun_with_flags_toggles" db=0.0ms
SELECT f0."id", f0."flag_name", f0."gate_type", f0."target", f0."enabled" FROM "fun_with_flags_toggles" AS f0 WHERE (f0."flag_name" = $1) ["blog"]
14:25:09.859 [debug] Telemetry event: [:fun_with_flags, :persistence, :write], metadata: %{flag_name: :blog, gate: %FunWithFlags.Gate{type: :boolean, for: nil, enabled: false}}, measurements: %{system_time: 1757622309859767396}
14:25:09.859 request_id=GGRULbR-wJP5M2wAACSS [info] GET /blog/test-post
14:25:09.859 request_id=GGRULbR-wJP5M2wAACSS [debug] Processing with RsolvWeb.BlogController.show/2
  Parameters: %{"slug" => "test-post"}
  Pipelines: [:browser]
14:25:09.859 request_id=GGRULbR-wJP5M2wAACSS [debug] QUERY OK source="fun_with_flags_toggles" db=0.0ms
SELECT f0."id", f0."flag_name", f0."gate_type", f0."target", f0."enabled" FROM "fun_with_flags_toggles" AS f0 WHERE (f0."flag_name" = $1) ["blog"]
14:25:09.859 request_id=GGRULbR-wJP5M2wAACSS [debug] Telemetry event: [:fun_with_flags, :persistence, :read], metadata: %{flag_name: :blog, gate: nil}, measurements: %{system_time: 1757622309859946355}
14:25:09.860 request_id=GGRULbR-wJP5M2wAACSS [debug] QUERY OK source="fun_with_flags_toggles" db=0.0ms
SELECT f0."id", f0."flag_name", f0."gate_type", f0."target", f0."enabled" FROM "fun_with_flags_toggles" AS f0 WHERE (f0."flag_name" = $1) ["blog"]
14:25:09.860 request_id=GGRULbR-wJP5M2wAACSS [debug] Telemetry event: [:fun_with_flags, :persistence, :read], metadata: %{flag_name: :blog, gate: nil}, measurements: %{system_time: 1757622309860119974}
14:25:09.860 request_id=GGRULbR-wJP5M2wAACSS [info] Sent 404 in 366µs
14:25:09.860 request_id=GGRULbR-wJP5M2wAACSS [debug] RsolvWeb.BlogController halted in :check_blog_feature_flag/2
14:25:09.860 [debug] QUERY OK source="fun_with_flags_toggles" db=0.1ms
INSERT INTO "fun_with_flags_toggles" AS f0 ("enabled","target","flag_name","gate_type") VALUES ($1,$2,$3,$4) ON CONFLICT ("flag_name","gate_type","target") DO UPDATE SET "enabled" = $5 RETURNING "id" [false, "_fwf_none", "blog", "boolean", false]
14:25:09.860 [debug] QUERY OK source="fun_with_flags_toggles" db=0.0ms
SELECT f0."id", f0."flag_name", f0."gate_type", f0."target", f0."enabled" FROM "fun_with_flags_toggles" AS f0 WHERE (f0."flag_name" = $1) ["blog"]
14:25:09.860 [debug] Telemetry event: [:fun_with_flags, :persistence, :write], metadata: %{flag_name: :blog, gate: %FunWithFlags.Gate{type: :boolean, for: nil, enabled: false}}, measurements: %{system_time: 1757622309860472010}
.14:25:09.860 [debug] QUERY OK source="fun_with_flags_toggles" db=0.1ms
INSERT INTO "fun_with_flags_toggles" AS f0 ("enabled","target","flag_name","gate_type") VALUES ($1,$2,$3,$4) ON CONFLICT ("flag_name","gate_type","target") DO UPDATE SET "enabled" = $5 RETURNING "id" [true, "_fwf_none", "blog", "boolean", true]
14:25:09.860 [debug] QUERY OK source="fun_with_flags_toggles" db=0.0ms
SELECT f0."id", f0."flag_name", f0."gate_type", f0."target", f0."enabled" FROM "fun_with_flags_toggles" AS f0 WHERE (f0."flag_name" = $1) ["blog"]
14:25:09.860 [debug] Telemetry event: [:fun_with_flags, :persistence, :write], metadata: %{flag_name: :blog, gate: %FunWithFlags.Gate{type: :boolean, for: nil, enabled: true}}, measurements: %{system_time: 1757622309860967158}
14:25:09.861 [debug] QUERY OK source="fun_with_flags_toggles" db=0.0ms
INSERT INTO "fun_with_flags_toggles" AS f0 ("enabled","target","flag_name","gate_type") VALUES ($1,$2,$3,$4) ON CONFLICT ("flag_name","gate_type","target") DO UPDATE SET "enabled" = $5 RETURNING "id" [false, "_fwf_none", "blog", "boolean", false]
14:25:09.861 [debug] QUERY OK source="fun_with_flags_toggles" db=0.0ms
SELECT f0."id", f0."flag_name", f0."gate_type", f0."target", f0."enabled" FROM "fun_with_flags_toggles" AS f0 WHERE (f0."flag_name" = $1) ["blog"]
14:25:09.861 [debug] Telemetry event: [:fun_with_flags, :persistence, :write], metadata: %{flag_name: :blog, gate: %FunWithFlags.Gate{type: :boolean, for: nil, enabled: false}}, measurements: %{system_time: 1757622309861258884}
.14:25:09.861 [debug] QUERY OK source="fun_with_flags_toggles" db=0.1ms
INSERT INTO "fun_with_flags_toggles" AS f0 ("enabled","target","flag_name","gate_type") VALUES ($1,$2,$3,$4) ON CONFLICT ("flag_name","gate_type","target") DO UPDATE SET "enabled" = $5 RETURNING "id" [true, "_fwf_none", "blog", "boolean", true]
14:25:09.861 [debug] QUERY OK source="fun_with_flags_toggles" db=0.0ms
SELECT f0."id", f0."flag_name", f0."gate_type", f0."target", f0."enabled" FROM "fun_with_flags_toggles" AS f0 WHERE (f0."flag_name" = $1) ["blog"]
14:25:09.861 [debug] Telemetry event: [:fun_with_flags, :persistence, :write], metadata: %{flag_name: :blog, gate: %FunWithFlags.Gate{type: :boolean, for: nil, enabled: true}}, measurements: %{system_time: 1757622309861822176}
14:25:09.862 [debug] QUERY OK source="fun_with_flags_toggles" db=0.0ms
INSERT INTO "fun_with_flags_toggles" AS f0 ("enabled","target","flag_name","gate_type") VALUES ($1,$2,$3,$4) ON CONFLICT ("flag_name","gate_type","target") DO UPDATE SET "enabled" = $5 RETURNING "id" [false, "_fwf_none", "blog", "boolean", false]
14:25:09.862 [debug] QUERY OK source="fun_with_flags_toggles" db=0.0ms
SELECT f0."id", f0."flag_name", f0."gate_type", f0."target", f0."enabled" FROM "fun_with_flags_toggles" AS f0 WHERE (f0."flag_name" = $1) ["blog"]
14:25:09.862 [debug] Telemetry event: [:fun_with_flags, :persistence, :write], metadata: %{flag_name: :blog, gate: %FunWithFlags.Gate{type: :boolean, for: nil, enabled: false}}, measurements: %{system_time: 1757622309862167309}
.14:25:09.862 [debug] QUERY OK source="fun_with_flags_toggles" db=0.1ms
INSERT INTO "fun_with_flags_toggles" AS f0 ("enabled","target","flag_name","gate_type") VALUES ($1,$2,$3,$4) ON CONFLICT ("flag_name","gate_type","target") DO UPDATE SET "enabled" = $5 RETURNING "id" [true, "_fwf_none", "blog", "boolean", true]
14:25:09.862 [debug] QUERY OK source="fun_with_flags_toggles" db=0.1ms
SELECT f0."id", f0."flag_name", f0."gate_type", f0."target", f0."enabled" FROM "fun_with_flags_toggles" AS f0 WHERE (f0."flag_name" = $1) ["blog"]
14:25:09.862 [debug] Telemetry event: [:fun_with_flags, :persistence, :write], metadata: %{flag_name: :blog, gate: %FunWithFlags.Gate{type: :boolean, for: nil, enabled: true}}, measurements: %{system_time: 1757622309862868609}
14:25:09.862 request_id=GGRULbSuI6szBXQAAA4Y [info] GET /blog/nonexistent-post
14:25:09.862 request_id=GGRULbSuI6szBXQAAA4Y [debug] Processing with RsolvWeb.BlogController.show/2
  Parameters: %{"slug" => "nonexistent-post"}
  Pipelines: [:browser]
14:25:09.863 request_id=GGRULbSuI6szBXQAAA4Y [debug] QUERY OK source="fun_with_flags_toggles" db=0.0ms
SELECT f0."id", f0."flag_name", f0."gate_type", f0."target", f0."enabled" FROM "fun_with_flags_toggles" AS f0 WHERE (f0."flag_name" = $1) ["blog"]
14:25:09.863 request_id=GGRULbSuI6szBXQAAA4Y [debug] Telemetry event: [:fun_with_flags, :persistence, :read], metadata: %{flag_name: :blog, gate: nil}, measurements: %{system_time: 1757622309863075188}
14:25:09.863 request_id=GGRULbSuI6szBXQAAA4Y [debug] QUERY OK source="fun_with_flags_toggles" db=0.0ms
SELECT f0."id", f0."flag_name", f0."gate_type", f0."target", f0."enabled" FROM "fun_with_flags_toggles" AS f0 WHERE (f0."flag_name" = $1) ["blog"]
14:25:09.863 request_id=GGRULbSuI6szBXQAAA4Y [debug] Telemetry event: [:fun_with_flags, :persistence, :read], metadata: %{flag_name: :blog, gate: nil}, measurements: %{system_time: 1757622309863250885}
14:25:09.863 request_id=GGRULbSuI6szBXQAAA4Y [info] Sent 404 in 398µs
14:25:09.863 [debug] QUERY OK source="fun_with_flags_toggles" db=0.0ms
INSERT INTO "fun_with_flags_toggles" AS f0 ("enabled","target","flag_name","gate_type") VALUES ($1,$2,$3,$4) ON CONFLICT ("flag_name","gate_type","target") DO UPDATE SET "enabled" = $5 RETURNING "id" [false, "_fwf_none", "blog", "boolean", false]
14:25:09.863 [debug] QUERY OK source="fun_with_flags_toggles" db=0.0ms
SELECT f0."id", f0."flag_name", f0."gate_type", f0."target", f0."enabled" FROM "fun_with_flags_toggles" AS f0 WHERE (f0."flag_name" = $1) ["blog"]
14:25:09.863 [debug] Telemetry event: [:fun_with_flags, :persistence, :write], metadata: %{flag_name: :blog, gate: %FunWithFlags.Gate{type: :boolean, for: nil, enabled: false}}, measurements: %{system_time: 1757622309863574565}
.14:25:09.863 [debug] QUERY OK source="fun_with_flags_toggles" db=0.1ms
INSERT INTO "fun_with_flags_toggles" AS f0 ("enabled","target","flag_name","gate_type") VALUES ($1,$2,$3,$4) ON CONFLICT ("flag_name","gate_type","target") DO UPDATE SET "enabled" = $5 RETURNING "id" [true, "_fwf_none", "blog", "boolean", true]
14:25:09.864 [debug] QUERY OK source="fun_with_flags_toggles" db=0.0ms
SELECT f0."id", f0."flag_name", f0."gate_type", f0."target", f0."enabled" FROM "fun_with_flags_toggles" AS f0 WHERE (f0."flag_name" = $1) ["blog"]
14:25:09.864 [debug] Telemetry event: [:fun_with_flags, :persistence, :write], metadata: %{flag_name: :blog, gate: %FunWithFlags.Gate{type: :boolean, for: nil, enabled: true}}, measurements: %{system_time: 1757622309864039900}
14:25:09.875 [debug] QUERY OK source="fun_with_flags_toggles" db=0.1ms
SELECT f0."id", f0."flag_name", f0."gate_type", f0."target", f0."enabled" FROM "fun_with_flags_toggles" AS f0 WHERE (f0."flag_name" = $1) ["display_draft_blog_posts"]
14:25:09.875 [debug] Telemetry event: [:fun_with_flags, :persistence, :read], metadata: %{flag_name: :display_draft_blog_posts, gate: nil}, measurements: %{system_time: 1757622309875264046}
14:25:09.875 [debug] QUERY OK source="fun_with_flags_toggles" db=0.1ms
INSERT INTO "fun_with_flags_toggles" AS f0 ("enabled","target","flag_name","gate_type") VALUES ($1,$2,$3,$4) ON CONFLICT ("flag_name","gate_type","target") DO UPDATE SET "enabled" = $5 RETURNING "id" [false, "_fwf_none", "blog", "boolean", false]
14:25:09.875 [debug] QUERY OK source="fun_with_flags_toggles" db=0.0ms
SELECT f0."id", f0."flag_name", f0."gate_type", f0."target", f0."enabled" FROM "fun_with_flags_toggles" AS f0 WHERE (f0."flag_name" = $1) ["blog"]
14:25:09.875 [debug] Telemetry event: [:fun_with_flags, :persistence, :write], metadata: %{flag_name: :blog, gate: %FunWithFlags.Gate{type: :boolean, for: nil, enabled: false}}, measurements: %{system_time: 1757622309875674293}
.14:25:09.876 [debug] QUERY OK source="fun_with_flags_toggles" db=0.1ms
INSERT INTO "fun_with_flags_toggles" AS f0 ("enabled","target","flag_name","gate_type") VALUES ($1,$2,$3,$4) ON CONFLICT ("flag_name","gate_type","target") DO UPDATE SET "enabled" = $5 RETURNING "id" [true, "_fwf_none", "blog", "boolean", true]
14:25:09.876 [debug] QUERY OK source="fun_with_flags_toggles" db=0.1ms
SELECT f0."id", f0."flag_name", f0."gate_type", f0."target", f0."enabled" FROM "fun_with_flags_toggles" AS f0 WHERE (f0."flag_name" = $1) ["blog"]
14:25:09.876 [debug] Telemetry event: [:fun_with_flags, :persistence, :write], metadata: %{flag_name: :blog, gate: %FunWithFlags.Gate{type: :boolean, for: nil, enabled: true}}, measurements: %{system_time: 1757622309876401208}
14:25:09.876 request_id=GGRULbV8qRU5dRMAACUS [info] GET /blog
14:25:09.876 request_id=GGRULbV8qRU5dRMAACUS [debug] Processing with RsolvWeb.BlogController.index/2
  Parameters: %{}
  Pipelines: [:browser]
14:25:09.876 request_id=GGRULbV8qRU5dRMAACUS [debug] QUERY OK source="fun_with_flags_toggles" db=0.0ms
SELECT f0."id", f0."flag_name", f0."gate_type", f0."target", f0."enabled" FROM "fun_with_flags_toggles" AS f0 WHERE (f0."flag_name" = $1) ["blog"]
14:25:09.876 request_id=GGRULbV8qRU5dRMAACUS [debug] Telemetry event: [:fun_with_flags, :persistence, :read], metadata: %{flag_name: :blog, gate: nil}, measurements: %{system_time: 1757622309876659734}
14:25:09.887 request_id=GGRULbV8qRU5dRMAACUS [debug] QUERY OK source="fun_with_flags_toggles" db=0.0ms
SELECT f0."id", f0."flag_name", f0."gate_type", f0."target", f0."enabled" FROM "fun_with_flags_toggles" AS f0 WHERE (f0."flag_name" = $1) ["display_draft_blog_posts"]
14:25:09.887 request_id=GGRULbV8qRU5dRMAACUS [debug] Telemetry event: [:fun_with_flags, :persistence, :read], metadata: %{flag_name: :display_draft_blog_posts, gate: nil}, measurements: %{system_time: 1757622309887817918}
14:25:09.887 request_id=GGRULbV8qRU5dRMAACUS [debug] QUERY OK source="fun_with_flags_toggles" db=0.0ms
SELECT f0."id", f0."flag_name", f0."gate_type", f0."target", f0."enabled" FROM "fun_with_flags_toggles" AS f0 WHERE (f0."flag_name" = $1) ["blog"]
14:25:09.888 request_id=GGRULbV8qRU5dRMAACUS [debug] Telemetry event: [:fun_with_flags, :persistence, :read], metadata: %{flag_name: :blog, gate: nil}, measurements: %{system_time: 1757622309887997227}
14:25:09.888 request_id=GGRULbV8qRU5dRMAACUS [info] Sent 200 in 11ms
14:25:09.888 [debug] QUERY OK source="fun_with_flags_toggles" db=0.1ms
INSERT INTO "fun_with_flags_toggles" AS f0 ("enabled","target","flag_name","gate_type") VALUES ($1,$2,$3,$4) ON CONFLICT ("flag_name","gate_type","target") DO UPDATE SET "enabled" = $5 RETURNING "id" [false, "_fwf_none", "blog", "boolean", false]
14:25:09.888 [debug] QUERY OK source="fun_with_flags_toggles" db=0.0ms
SELECT f0."id", f0."flag_name", f0."gate_type", f0."target", f0."enabled" FROM "fun_with_flags_toggles" AS f0 WHERE (f0."flag_name" = $1) ["blog"]
.14:25:09.888 [debug] Telemetry event: [:fun_with_flags, :persistence, :write], metadata: %{flag_name: :blog, gate: %FunWithFlags.Gate{type: :boolean, for: nil, enabled: false}}, measurements: %{system_time: 1757622309888386908}
14:25:09.888 [debug] QUERY OK db=0.0ms
SELECT * FROM forge_accounts LIMIT 1 []
14:25:09.888 [debug] QUERY OK db=0.0ms
SELECT * FROM repositories LIMIT 1 []
14:25:09.889 [debug] QUERY OK db=0.1ms queue=0.1ms
SELECT * FROM scan_executions LIMIT 1 []
14:25:09.889 [debug] QUERY OK db=0.1ms
SELECT * FROM validation_executions LIMIT 1 []
14:25:09.889 [debug] QUERY OK db=0.0ms
SELECT * FROM mitigation_executions LIMIT 1 []
14:25:09.891 [debug] QUERY OK db=1.4ms queue=0.8ms
SELECT column_name FROM information_schema.columns 
                                         WHERE table_name = 'forge_accounts' 
                                         AND column_name IN ('namespace', 'forge_type', 'customer_id') []
14:25:09.892 [debug] QUERY OK db=0.8ms queue=0.1ms
SELECT column_name FROM information_schema.columns 
                                         WHERE table_name = 'repositories' 
                                         AND column_name IN ('namespace', 'name', 'full_path') []
14:25:09.903 [debug] QUERY OK db=10.4ms queue=0.4ms

        SELECT 
          tc.constraint_name,
          tc.table_name,
          kcu.column_name,
          ccu.table_name AS foreign_table_name
        FROM information_schema.table_constraints AS tc 
        JOIN information_schema.key_column_usage AS kcu
          ON tc.constraint_name = kcu.constraint_name
        JOIN information_schema.constraint_column_usage AS ccu
          ON ccu.constraint_name = tc.constraint_name
        WHERE tc.constraint_type = 'FOREIGN KEY' 
          AND tc.table_name IN ('forge_accounts', 'repositories', 'scan_executions', 
                                'validation_executions', 'mitigation_executions')
       []
14:25:09.904 [debug] QUERY OK db=0.0ms
SELECT typname FROM pg_type WHERE typname IN ('forge_type', 'execution_status') []
............14:25:09.904 [debug] QUERY OK source="fun_with_flags_toggles" db=0.1ms
INSERT INTO "fun_with_flags_toggles" AS f0 ("enabled","target","flag_name","gate_type") VALUES ($1,$2,$3,$4) ON CONFLICT ("flag_name","gate_type","target") DO UPDATE SET "enabled" = $5 RETURNING "id" [true, "_fwf_none", "early_access_signup", "boolean", true]
14:25:09.904 [debug] QUERY OK source="fun_with_flags_toggles" db=0.0ms
SELECT f0."id", f0."flag_name", f0."gate_type", f0."target", f0."enabled" FROM "fun_with_flags_toggles" AS f0 WHERE (f0."flag_name" = $1) ["early_access_signup"]
14:25:09.905 [debug] Telemetry event: [:fun_with_flags, :persistence, :write], metadata: %{flag_name: :early_access_signup, gate: %FunWithFlags.Gate{type: :boolean, for: nil, enabled: true}}, measurements: %{system_time: 1757622309904973126}
14:25:09.905 [debug] QUERY OK source="fun_with_flags_toggles" db=0.0ms
INSERT INTO "fun_with_flags_toggles" AS f0 ("enabled","target","flag_name","gate_type") VALUES ($1,$2,$3,$4) ON CONFLICT ("flag_name","gate_type","target") DO UPDATE SET "enabled" = $5 RETURNING "id" [true, "_fwf_none", "welcome_email_sequence", "boolean", true]
14:25:09.905 [debug] QUERY OK source="fun_with_flags_toggles" db=0.0ms
SELECT f0."id", f0."flag_name", f0."gate_type", f0."target", f0."enabled" FROM "fun_with_flags_toggles" AS f0 WHERE (f0."flag_name" = $1) ["welcome_email_sequence"]
14:25:09.905 [debug] Telemetry event: [:fun_with_flags, :persistence, :write], metadata: %{flag_name: :welcome_email_sequence, gate: %FunWithFlags.Gate{type: :boolean, for: nil, enabled: true}}, measurements: %{system_time: 1757622309905177407}
14:25:09.905 request_id=GGRULbc0C8NiEq8AACWS [info] GET /
14:25:09.905 request_id=GGRULbc0C8NiEq8AACWS [debug] Processing with RsolvWeb.HomeLive.index/2
  Parameters: %{}
  Pipelines: [:browser]
14:25:09.909 request_id=GGRULbc0C8NiEq8AACWS [info] Analytics event tracked
14:25:09.909 request_id=GGRULbc0C8NiEq8AACWS [debug] QUERY OK db=0.1ms queue=0.2ms
SELECT create_analytics_partition_if_not_exists($1::date) [~D[2025-09-11]]
14:25:09.909 request_id=GGRULbc0C8NiEq8AACWS [debug] QUERY OK source="analytics_events" db=0.1ms
INSERT INTO "analytics_events" ("metadata","event_type","visitor_id","page_path","inserted_at","updated_at") VALUES ($1,$2,$3,$4,$5,$6) RETURNING "id" [%{}, "page_view", "359c40c203305f3d966a56d64429477e", "/", ~N[2025-09-11 20:25:09], ~N[2025-09-11 20:25:09]]
14:25:09.909 request_id=GGRULbc0C8NiEq8AACWS [debug] QUERY OK source="fun_with_flags_toggles" db=0.0ms
SELECT f0."id", f0."flag_name", f0."gate_type", f0."target", f0."enabled" FROM "fun_with_flags_toggles" AS f0 WHERE (f0."flag_name" = $1) ["blog"]
14:25:09.909 request_id=GGRULbc0C8NiEq8AACWS [debug] Telemetry event: [:fun_with_flags, :persistence, :read], metadata: %{flag_name: :blog, gate: nil}, measurements: %{system_time: 1757622309909853498}
14:25:09.911 request_id=GGRULbc0C8NiEq8AACWS [info] ROI Calculator LiveComponent mounting...
14:25:09.911 request_id=GGRULbc0C8NiEq8AACWS [info] ROI Calculator LiveComponent mounted
14:25:09.916 request_id=GGRULbc0C8NiEq8AACWS [info] Sent 200 in 11ms
14:25:09.918 [debug] MOUNT RsolvWeb.HomeLive
  Parameters: %{}
  Session: %{"_csrf_token" => "1h_wTxagCXDPfoTHDogV0585"}
14:25:09.918 [info] Analytics event tracked
14:25:09.918 [debug] QUERY OK db=0.1ms queue=0.1ms
SELECT create_analytics_partition_if_not_exists($1::date) [~D[2025-09-11]]
14:25:09.918 [debug] QUERY OK source="analytics_events" db=0.0ms
INSERT INTO "analytics_events" ("metadata","event_type","visitor_id","page_path","inserted_at","updated_at") VALUES ($1,$2,$3,$4,$5,$6) RETURNING "id" [%{}, "page_view", "dd26bbb3ec37a699b73392f95c3ca68e", "/", ~N[2025-09-11 20:25:09], ~N[2025-09-11 20:25:09]]
14:25:09.918 [debug] Replied in 568µs
14:25:09.918 [debug] QUERY OK source="fun_with_flags_toggles" db=0.1ms
SELECT f0."id", f0."flag_name", f0."gate_type", f0."target", f0."enabled" FROM "fun_with_flags_toggles" AS f0 WHERE (f0."flag_name" = $1) ["blog"]
14:25:09.918 [debug] Telemetry event: [:fun_with_flags, :persistence, :read], metadata: %{flag_name: :blog, gate: nil}, measurements: %{system_time: 1757622309918972574}
14:25:09.919 [info] ROI Calculator LiveComponent mounting...
14:25:09.919 [info] ROI Calculator LiveComponent mounted
14:25:09.923 [debug] HANDLE EVENT "submit" in RsolvWeb.HomeLive
  Parameters: %{"signup" => %{"company" => "", "email" => "test@example.com"}}
14:25:09.923 [debug] QUERY OK source="fun_with_flags_toggles" db=0.1ms
SELECT f0."id", f0."flag_name", f0."gate_type", f0."target", f0."enabled" FROM "fun_with_flags_toggles" AS f0 WHERE (f0."flag_name" = $1) ["early_access_signup"]
14:25:09.923 [debug] Telemetry event: [:fun_with_flags, :persistence, :read], metadata: %{flag_name: :early_access_signup, gate: nil}, measurements: %{system_time: 1757622309923623734}
14:25:09.923 [info] Analytics event tracked
14:25:09.923 [debug] QUERY OK db=0.0ms
SELECT create_analytics_partition_if_not_exists($1::date) [~D[2025-09-11]]
14:25:09.924 [debug] QUERY OK source="analytics_events" db=0.0ms
INSERT INTO "analytics_events" ("metadata","event_type","visitor_id","page_path","inserted_at","updated_at") VALUES ($1,$2,$3,$4,$5,$6) RETURNING "id" [%{status: "submit", form_id: "early-access"}, "form_submit", "3575c63eb628e42316897b68b9745cd4", "/", ~N[2025-09-11 20:25:09], ~N[2025-09-11 20:25:09]]
14:25:09.924 [info] LiveView form submission received
14:25:09.924 [debug] QUERY OK source="early_access_signups" db=0.2ms queue=0.2ms
INSERT INTO "early_access_signups" ("email","inserted_at") VALUES ($1,$2) RETURNING "id" ["test@example.com", ~N[2025-09-11 20:25:09]]
14:25:09.924 [debug] QUERY OK source="early_access_signups" db=0.2ms
SELECT count(e0."id") FROM "early_access_signups" AS e0 []
14:25:09.924 [info] Successfully saved signup to database: test@example.com
14:25:09.924 [info] ConvertKit API key present: true
14:25:09.925 [info] ConvertKit API request successful
14:25:09.925 [info] ConvertKit: Successfully added subscriber
14:25:09.925 [info] Analytics event tracked
14:25:09.925 [debug] QUERY OK db=0.1ms queue=0.3ms
SELECT create_analytics_partition_if_not_exists($1::date) [~D[2025-09-11]]
14:25:09.925 [debug] QUERY OK source="analytics_events" db=0.1ms
INSERT INTO "analytics_events" ("metadata","event_type","visitor_id","page_path","inserted_at","updated_at") VALUES ($1,$2,$3,$4,$5,$6) RETURNING "id" [%{status: "success", source: "landing_page_liveview", form_id: "early-access", conversion_type: "early_access_signup", email_domain: "example.com"}, "form_success", "3575c63eb628e42316897b68b9745cd4", "/", ~N[2025-09-11 20:25:09], ~N[2025-09-11 20:25:09]]
14:25:09.925 [info] Analytics event tracked
14:25:09.926 [debug] QUERY OK db=0.0ms
SELECT create_analytics_partition_if_not_exists($1::date) [~D[2025-09-11]]
14:25:09.926 [debug] QUERY OK source="analytics_events" db=0.1ms
INSERT INTO "analytics_events" ("metadata","event_type","visitor_id","page_path","inserted_at","updated_at") VALUES ($1,$2,$3,$4,$5,$6) RETURNING "id" [%{source: "landing_page_liveview", form_id: "early-access", conversion_type: "early_access_signup", email_domain: "example.com"}, "conversion", "3575c63eb628e42316897b68b9745cd4", "/", ~N[2025-09-11 20:25:09], ~N[2025-09-11 20:25:09]]
14:25:09.926 [debug] QUERY OK source="fun_with_flags_toggles" db=0.0ms
SELECT f0."id", f0."flag_name", f0."gate_type", f0."target", f0."enabled" FROM "fun_with_flags_toggles" AS f0 WHERE (f0."flag_name" = $1) ["welcome_email_sequence"]
14:25:09.926 [debug] Telemetry event: [:fun_with_flags, :persistence, :read], metadata: %{flag_name: :welcome_email_sequence, gate: nil}, measurements: %{system_time: 1757622309926479981}
14:25:09.926 [info] [EMAIL SEQUENCE] Starting early access onboarding sequence
14:25:09.926 [info] [EMAIL SEQUENCE] About to call EmailService.send_early_access_welcome_email
14:25:09.926 [info] [EMAIL] send_early_access_welcome_email called
14:25:09.926 [info] [EMAIL DEBUG] Full email struct before sending
14:25:09.926 [info] [EMAIL DEBUG] Extracted recipient email
14:25:09.926 [info] [EMAIL DEBUG] Postmark configuration
14:25:09.926 [info] [EMAIL DEBUG] Email configuration
14:25:09.926 [info] [EMAIL] Attempting to send email via Postmark
14:25:09.926 [debug] Sending email with Bamboo.TestAdapter:

%Bamboo.Email{from: {"RSOLV Team", "support@rsolv.dev"}, to: [nil: "test@example.com"], cc: [], bcc: [], subject: "Welcome to RSOLV Early Access Program", html_body: "<div style=\"font-family: 'Helvetica Neue', Helvetica, Arial, sans-serif; max-width: 600px; margin: 0 auto; padding: 20px;\">\n  <h1 style=\"color: #2C3E50; margin-bottom: 20px;\">Welcome to RSOLV Early Access Program!</h1>\n\n  <p>Hi Test,</p>\n\n  <p>Thank you for joining our Early Access Program! You're now part of an exclusive group getting first access to RSOLV.</p>\n\n  <p>Here's what you need to know:</p>\n\n  <ul>\n    <li>You have full access to all current features</li>\n    <li>Your feedback is incredibly valuable to us during this phase</li>\n    <li>You'll receive priority support via email</li>\n  </ul>\n\n  <p>To get started with RSOLV:</p>\n\n  <ol>\n    <li><strong>Your API key will be sent in a follow-up email within 24 hours</strong></li>\n    <li>Once you receive your API key, install our GitHub Action (code below)</li>\n    <li>Set up your repository secrets with your API key</li>\n    <li>Tag your first issues with \"rsolv:automate\"</li>\n  </ol>\n\n  <div style=\"background-color: #fff3cd; border: 1px solid #ffeaa7; color: #856404; padding: 10px; border-radius: 5px; margin: 15px 0;\">\n    <strong>⏳ API Key Coming Soon:</strong> We'll send your personal API key within 24 hours. Look for an email with subject \"Your RSOLV API Key\".\n  </div>\n\n  <div style=\"background-color: #f8f9fa; padding: 15px; border-radius: 5px; margin: 20px 0;\">\n    <pre style=\"margin: 0; overflow-x: auto; white-space: pre-wrap; font-family: monospace;\">name: RSOLV AutoFix\non:\n  issues:\n    types: [opened, edited, labeled]\n\njobs:\n  autofix:\n    runs-on: ubuntu-latest\n    if: contains(github.event.issue.labels.*.name, 'rsolv:automate')\n    steps:\n      - uses: RSOLV-dev/rsolv-action@v1\n        with:\n          github-token: ${{ secrets.GITHUB_TOKEN }}\n          rsolv-api-key: ${{ secrets.RSOLV_API_KEY }}</pre>\n  </div>\n\n  <p>Need help? As an Early Access member, you have priority support - contact us at <a href=\"mailto:support@rsolv.dev\">support@rsolv.dev</a> and we'll personally assist you.</p>\n\n  <p>Your trial includes unlimited automated fixes during the Early Access period.</p>\n\n  <div style=\"margin-top: 30px; padding: 15px; border: 1px solid #e0e0e0; border-radius: 5px; background-color: #f9f9f9;\">\n    <h3 style=\"margin-top: 0; color: #2C3E50;\">Early Access Program Benefits</h3>\n    <ul>\n      <li>Unlimited usage during Early Access</li>\n      <li>Priority support and feature requests</li>\n      <li>Exclusive pricing when we launch</li>\n      <li>Direct access to our development team</li>\n    </ul>\n  </div>\n\n  <p>Best,<br>The RSOLV Team</p>\n\n  <div class=\"footer\" style=\"margin-top: 40px; padding-top: 20px; border-top: 1px solid #e0e0e0; font-size: 0.9em; color: #666;\">\n    <p>\n      You're receiving this email because you joined the RSOLV Early Access Program.\n      <br>\n      If you have any questions, simply reply to this email.\n    </p>\n    <p>\n      RSOLV, Inc. • support@rsolv.dev • © 2025\n    </p>\n    <p>\n      <a href=\"https://rsolv.dev/unsubscribe?email=test@example.com\">Unsubscribe</a> from these emails.\n    </p>\n  </div>\n</div>\n", text_body: "Welcome to RSOLV Early Access Program!\n\nHi Test,\n\nThank you for joining our Early Access Program! You're now part of an exclusive group getting first access to RSOLV.\n\nHere's what you need to know:\n- You have full access to all current features\n- Your feedback is incredibly valuable to us during this phase\n- You'll receive priority support via email\n\nTo get started with RSOLV:\n1. Your API key will be sent in a follow-up email within 24 hours\n2. Once you receive your API key, install our GitHub Action\n3. Set up your repository secrets with your API key\n4. Tag your first issues with \"AUTOFIX\"\n\n⏳ API KEY COMING SOON: We'll send your personal API key within 24 hours. Look for an email with subject \"Your RSOLV API Key\".\n\nNeed help? As an Early Access member, you have priority support - contact us at support@rsolv.dev and we'll personally assist you.\n\nYour trial includes unlimited automated fixes during the Early Access period.\n\nEARLY ACCESS PROGRAM BENEFITS:\n* Unlimited usage during Early Access\n* Priority support and feature requests\n* Exclusive pricing when we launch\n* Direct access to our development team\n\nBest,\nThe RSOLV Team\n\n---\nYou're receiving this email because you joined the RSOLV Early Access Program.\nIf you have any questions, simply reply to this email.\n\nRSOLV, Inc. • support@rsolv.dev\n\nTo unsubscribe, visit: https://rsolv.dev/unsubscribe?email=test@example.com\n", headers: %{"X-Postmark-Tag" => "early-access"}, attachments: [], assigns: %{}, private: %{tag: "early-access"}, blocked: false}

14:25:09.927 [info] [EMAIL DEBUG] Raw Postmark response
14:25:09.927 [info] [EMAIL] Email sent successfully via Postmark
14:25:09.927 [info] [EMAIL SEQUENCE] EmailService.send_early_access_welcome_email returned
14:25:09.927 [info] Attempting to tag subscriber
14:25:09.927 [info] ConvertKit: Attempting to tag test@example.com with tag 7700607
14:25:09.927 [info] ConvertKit: Successfully tagged test@example.com
14:25:09.927 [info] [EmailWorker] schedule_sequence called
14:25:09.927 [info] [EmailWorker] Found sequence
14:25:09.927 [info] [EmailWorker] Processing email config
14:25:09.927 [info] [EmailWorker] Skipping immediate email
14:25:09.927 [info] [EmailWorker] Processing email config
14:25:09.927 [info] [EmailWorker] Scheduling email
14:25:09.927 [info] [EmailWorker] Creating Oban job
14:25:09.927 [info] [EmailWorker] Job created
14:25:09.927 [info] Processing scheduled email
14:25:09.927 [error] Failed to send scheduled email
14:25:09.927 [info] [EmailWorker] Insert result
14:25:09.927 [info] [EmailWorker] Schedule result
14:25:09.927 [info] [EmailWorker] Processing email config
14:25:09.927 [info] [EmailWorker] Scheduling email
14:25:09.927 [info] [EmailWorker] Creating Oban job
14:25:09.928 [info] [EmailWorker] Job created
14:25:09.928 [info] Processing scheduled email
14:25:09.928 [info] [EMAIL DEBUG] Full email struct before sending
14:25:09.928 [info] [EMAIL DEBUG] Extracted recipient email
14:25:09.928 [info] [EMAIL DEBUG] Postmark configuration
14:25:09.928 [info] [EMAIL DEBUG] Email configuration
14:25:09.928 [info] [EMAIL] Attempting to send email via Postmark
14:25:09.928 [debug] Sending email with Bamboo.TestAdapter:

%Bamboo.Email{from: {"RSOLV Team", "support@rsolv.dev"}, to: [nil: "test@example.com"], cc: [], bcc: [], subject: "Verify Your RSOLV Setup - Need Any Help?", html_body: "<!DOCTYPE html>\n<html lang=\"en\">\n<head>\n  <meta charset=\"UTF-8\">\n  <meta name=\"viewport\" content=\"width=device-width, initial-scale=1.0\">\n  <title>Verify Your RSOLV Setup</title>\n  <style>\n    @import url('https://fonts.googleapis.com/css2?family=Space+Grotesk:wght@300;400;500;700&display=swap');\n    \n    body {\n      font-family: 'Space Grotesk', -apple-system, BlinkMacSystemFont, \"Segoe UI\", Roboto, Helvetica, Arial, sans-serif;\n      line-height: 1.6;\n      color: #333;\n      max-width: 600px;\n      margin: 0 auto;\n      padding: 20px;\n      background-color: #f8f9fa;\n    }\n    .container {\n      background-color: #ffffff;\n      border-radius: 8px;\n      padding: 30px;\n      box-shadow: 0 4px 6px rgba(0, 0, 0, 0.05);\n    }\n    .logo {\n      text-align: center;\n      margin-bottom: 30px;\n    }\n    .logo img {\n      max-width: 200px;\n    }\n    h1, h2, h3 {\n      color: #10b981;\n    }\n    .checklist {\n      background-color: #f3f4f6;\n      padding: 20px;\n      border-radius: 8px;\n      margin: 20px 0;\n    }\n    .checklist-item {\n      display: flex;\n      align-items: center;\n      margin-bottom: 15px;\n    }\n    .checklist-item input[type=\"checkbox\"] {\n      margin-right: 10px;\n    }\n    .status-box {\n      background-color: #fff3cd;\n      border: 1px solid #ffeaa7;\n      padding: 15px;\n      border-radius: 8px;\n      margin: 20px 0;\n    }\n    .success-box {\n      background-color: #d4edda;\n      border: 1px solid #c3e6cb;\n      padding: 15px;\n      border-radius: 8px;\n      margin: 20px 0;\n    }\n    .code {\n      background-color: #2d3748;\n      color: #e2e8f0;\n      padding: 15px;\n      border-radius: 5px;\n      font-family: 'Courier New', monospace;\n      overflow-x: auto;\n      margin: 15px 0;\n    }\n    .cta {\n      background-color: #10b981;\n      color: white;\n      padding: 12px 24px;\n      border-radius: 5px;\n      display: inline-block;\n      text-decoration: none;\n      font-weight: bold;\n      margin: 20px 0;\n    }\n    .footer {\n      margin-top: 40px;\n      font-size: 14px;\n      color: #6b7280;\n      border-top: 1px solid #e5e7eb;\n      padding-top: 20px;\n      text-align: center;\n    }\n  </style>\n</head>\n<body>\n  <div class=\"container\">\n    <div class=\"logo\">\n      <img src=\"https://rsolv.dev/images/rsolv_logo_transparent.png\" alt=\"RSOLV Logo\">\n    </div>\n    \n    <h1>Let's Verify Your RSOLV Setup</h1>\n    \n    <p>Hi {@first_name},</p>\n    \n    <p>It's been a few days since you signed up for RSOLV. We want to make sure you're all set up and ready to benefit from automated security scanning and remediation!</p>\n    \n    <div class=\"checklist\">\n      <h3>Quick Setup Checklist:</h3>\n      <div class=\"checklist-item\">\n        <input type=\"checkbox\" disabled> Connected your repositories for security scanning\n      </div>\n      <div class=\"checklist-item\">\n        <input type=\"checkbox\" disabled> Added the GitHub Action workflow for automated fixes\n      </div>\n      <div class=\"checklist-item\">\n        <input type=\"checkbox\" disabled> Set up your RSOLV_API_KEY as a repository secret\n      </div>\n      <div class=\"checklist-item\">\n        <input type=\"checkbox\" disabled> Reviewed security issues found by RSOLV\n      </div>\n      <div class=\"checklist-item\">\n        <input type=\"checkbox\" disabled> Generated and merged your first security fix PR\n      </div>\n    </div>\n    \n    <h2>Need Help with Setup?</h2>\n    \n    <p>If you haven't completed setup yet, here's a quick reminder of the steps:</p>\n    \n    <div class=\"code\">\n# In .github/workflows/rsolv.yml:\nname: RSOLV Security Fixes\n\non:\n  issues:\n    types: [labeled]\n\njobs:\n  security-fix:\n    if: contains(github.event.issue.labels.*.name, 'rsolv:automate')\n    runs-on: ubuntu-latest\n    steps:\n      - uses: rsolv-dev/rsolv-action@v1\n        with:\n          github-token: ${\"{{ secrets.GITHUB_TOKEN }}\"}\n          rsolv-api-key: ${\"{{ secrets.RSOLV_API_KEY }}\"}\n    </div>\n    \n    <div class=\"status-box\">\n      <strong>🎁 Remember:</strong> Your first 10 fixes are completely free! No credit card required. After that, you only pay $15 per fix that gets deployed.\n   " <> ..., text_body: "Let's Verify Your RSOLV Setup\n\nHi Test,\n\nIt's been a few days since you signed up for RSOLV. We want to make sure you're all set up and ready to automate your issue resolution!\n\nQuick Setup Checklist:\n[ ] Added the GitHub Action workflow to your repository\n[ ] Set up your RSOLV_API_KEY as a repository secret\n[ ] Tagged your first issue with \"rsolv:automate\"\n[ ] Reviewed and merged your first automated PR\n\nNeed Help with Setup?\nIf you haven't completed setup yet, visit: https://rsolv.dev/docs/getting-started\n\nRemember: Your first 10 fixes are completely free! No credit card required. After that, you only pay $15 per fix that gets deployed.\n\nCommon Questions:\n- Where do I get my API key? Check your welcome email or visit your dashboard\n- Can I use RSOLV on private repos? Yes! RSOLV works with both public and private repositories\n- What types of issues can RSOLV fix? Bug fixes, security vulnerabilities, performance issues, and more\n- How secure is it? We analyze every fix for security vulnerabilities before creating PRs\n\nPro Tip: Start with a simple issue first - something like \"Fix typo in README\" or \"Update deprecated function calls\".\n\nReady to get started? Tag an issue with \"rsolv:automate\" and watch the magic happen!\n\nIf you're stuck or have questions, just reply to this email.\n\nBest regards,\nThe RSOLV Team\n\n---\nTo unsubscribe, visit: https://rsolv.dev/unsubscribe?email=test@example.com\n", headers: %{"X-Postmark-Tag" => "setup-verification"}, attachments: [], assigns: %{}, private: %{tag: "setup-verification"}, blocked: false}

14:25:09.928 [info] [EMAIL DEBUG] Raw Postmark response
14:25:09.928 [info] [EMAIL] Email sent successfully via Postmark
14:25:09.928 [info] Successfully sent scheduled email
14:25:09.928 [info] [EmailWorker] Insert result
14:25:09.928 [info] [EmailWorker] Schedule result
14:25:09.929 [info] [EmailWorker] Processing email config
14:25:09.929 [info] [EmailWorker] Scheduling email
14:25:09.929 [info] [EmailWorker] Creating Oban job
14:25:09.929 [info] [EmailWorker] Job created
14:25:09.929 [info] Processing scheduled email
14:25:09.929 [info] [EMAIL DEBUG] Full email struct before sending
14:25:09.929 [info] [EMAIL DEBUG] Extracted recipient email
14:25:09.929 [info] [EMAIL DEBUG] Postmark configuration
14:25:09.929 [info] [EMAIL DEBUG] Email configuration
14:25:09.929 [info] [EMAIL] Attempting to send email via Postmark
14:25:09.929 [debug] Sending email with Bamboo.TestAdapter:

%Bamboo.Email{from: {"RSOLV Team", "support@rsolv.dev"}, to: [nil: "test@example.com"], cc: [], bcc: [], subject: "Advanced RSOLV Features You Might Have Missed", html_body: "<!DOCTYPE html>\n<html lang=\"en\">\n<head>\n  <meta charset=\"UTF-8\">\n  <meta name=\"viewport\" content=\"width=device-width, initial-scale=1.0\">\n  <title>Advanced RSOLV Features</title>\n  <style>\n    @import url('https://fonts.googleapis.com/css2?family=Space+Grotesk:wght@300;400;500;700&display=swap');\n    \n    body {\n      font-family: 'Space Grotesk', -apple-system, BlinkMacSystemFont, \"Segoe UI\", Roboto, Helvetica, Arial, sans-serif;\n      line-height: 1.6;\n      color: #333;\n      max-width: 600px;\n      margin: 0 auto;\n      padding: 20px;\n      background-color: #f8f9fa;\n    }\n    .container {\n      background-color: #ffffff;\n      border-radius: 8px;\n      padding: 30px;\n      box-shadow: 0 4px 6px rgba(0, 0, 0, 0.05);\n    }\n    .logo {\n      text-align: center;\n      margin-bottom: 30px;\n    }\n    .logo img {\n      max-width: 200px;\n    }\n    h1, h2, h3 {\n      color: #10b981;\n    }\n    .feature-card {\n      background-color: #f3f4f6;\n      padding: 20px;\n      border-radius: 8px;\n      margin-bottom: 20px;\n      border-left: 4px solid #10b981;\n    }\n    .feature-card h3 {\n      margin-top: 0;\n    }\n    .code {\n      background-color: #2d3748;\n      color: #e2e8f0;\n      padding: 15px;\n      border-radius: 5px;\n      font-family: 'Courier New', monospace;\n      overflow-x: auto;\n      margin: 15px 0;\n      font-size: 14px;\n    }\n    .pro-tip {\n      background-color: #fff3cd;\n      border: 1px solid #ffeaa7;\n      padding: 15px;\n      border-radius: 8px;\n      margin: 20px 0;\n    }\n    .security-highlight {\n      background-color: #d4edda;\n      border: 1px solid #c3e6cb;\n      padding: 15px;\n      border-radius: 8px;\n      margin: 20px 0;\n    }\n    .cta {\n      background-color: #10b981;\n      color: white;\n      padding: 12px 24px;\n      border-radius: 5px;\n      display: inline-block;\n      text-decoration: none;\n      font-weight: bold;\n      margin: 20px 0;\n    }\n    .footer {\n      margin-top: 40px;\n      font-size: 14px;\n      color: #6b7280;\n      border-top: 1px solid #e5e7eb;\n      padding-top: 20px;\n      text-align: center;\n    }\n  </style>\n</head>\n<body>\n  <div class=\"container\">\n    <div class=\"logo\">\n      <img src=\"https://rsolv.dev/images/rsolv_logo_transparent.png\" alt=\"RSOLV Logo\">\n    </div>\n    \n    <h1>Unlock the Full Power of RSOLV</h1>\n    \n    <p>Hi {@first_name},</p>\n    \n    <p>You've been using RSOLV for a few days now. Here are some advanced features and techniques that can help you get even more value from automated security scanning and vulnerability remediation:</p>\n    \n    <div class=\"feature-card\">\n      <h3>🎯 Understanding RSOLV's Proactive Scanning</h3>\n      <p>RSOLV continuously scans your repositories for security vulnerabilities and automatically creates issues with detailed remediation plans:</p>\n      <ul>\n        <li><strong>Automated detection:</strong> Scans all files for 180+ vulnerability patterns (and growing)</li>\n        <li><strong>Smart grouping:</strong> Groups similar issues for efficient review</li>\n        <li><strong>Detailed reports:</strong> Shows exact file locations and vulnerable code</li>\n        <li><strong>Fix generation:</strong> Creates secure PRs that address root causes</li>\n      </ul>\n    </div>\n    \n    <div class=\"feature-card\">\n      <h3>🔒 Comprehensive Security Coverage</h3>\n      <p>RSOLV proactively detects and fixes these vulnerability types across your codebase:</p>\n      <ul>\n        <li>SQL/NoSQL injection vulnerabilities</li>\n        <li>Cross-site scripting (XSS) risks</li>\n        <li>Authentication/authorization flaws</li>\n        <li>Insecure cryptographic implementations</li>\n        <li>Hardcoded secrets and API keys</li>\n        <li>Path traversal and open redirects</li>\n        <li>Insecure dependencies and configurations</li>\n      </ul>\n      <p>Each PR includes a detailed security impact assessment and verification tests.</p>\n    </div>\n    \n    <div class=\"security-highlight\">\n      <strong>🛡️ Security Example:</strong> When RSOLV detects unsafe user input handling, it automatically generates fixes with proper sanitization, p" <> ..., text_body: "Unlock the Full Power of RSOLV\n\nHi Test,\n\nYou've been using RSOLV for a few days now. Here are some advanced features and techniques:\n\n1. Writing Better Issues for Better Fixes:\n   - Include error messages: Copy the full stack trace\n   - Specify the file/function: \"Fix pagination in UserList.js\"\n   - Describe expected behavior: \"Should show 10 users per page\"\n   - Add context: \"This broke after upgrading to React 18\"\n\n2. Security-First Fixes:\n   RSOLV automatically scans for:\n   - SQL injection vulnerabilities\n   - Cross-site scripting (XSS) risks\n   - Authentication/authorization issues\n   - Insecure dependencies\n   - Hardcoded secrets or API keys\n\n3. Batch Processing:\n   Tag multiple issues with \"rsolv:automate\" and RSOLV creates separate PRs for each.\n\n4. Customizing RSOLV Behavior:\n   Add these tags to your issues:\n   - [performance] - Optimize for speed\n   - [security] - Extra security focus\n   - [minimal] - Smallest possible change\n   - [refactor] - Clean up while fixing\n\nComing Soon:\n- Support for more languages (Go, Rust, PHP)\n- Custom fix preferences per repository\n- Team collaboration features\n- Integration with more platforms\n\nHave a feature request? Just reply to this email!\n\nView advanced documentation: https://rsolv.dev/docs/advanced\n\nBest regards,\nThe RSOLV Team\n\n---\nTo unsubscribe, visit: https://rsolv.dev/unsubscribe?email=test@example.com\n", headers: %{"X-Postmark-Tag" => "feature-deep-dive"}, attachments: [], assigns: %{}, private: %{tag: "feature-deep-dive"}, blocked: false}

14:25:09.929 [info] [EMAIL DEBUG] Raw Postmark response
14:25:09.929 [info] [EMAIL] Email sent successfully via Postmark
14:25:09.929 [info] Successfully sent scheduled email
14:25:09.930 [info] [EmailWorker] Insert result
14:25:09.930 [info] [EmailWorker] Schedule result
14:25:09.930 [info] [EmailWorker] Processing email config
14:25:09.930 [info] [EmailWorker] Scheduling email
14:25:09.930 [info] [EmailWorker] Creating Oban job
14:25:09.930 [info] [EmailWorker] Job created
14:25:09.930 [info] Processing scheduled email
14:25:09.930 [info] [EMAIL DEBUG] Full email struct before sending
14:25:09.930 [info] [EMAIL DEBUG] Extracted recipient email
14:25:09.930 [info] [EMAIL DEBUG] Postmark configuration
14:25:09.930 [info] [EMAIL DEBUG] Email configuration
14:25:09.930 [info] [EMAIL] Attempting to send email via Postmark
14:25:09.930 [debug] Sending email with Bamboo.TestAdapter:

%Bamboo.Email{from: {"RSOLV Team", "support@rsolv.dev"}, to: [nil: "test@example.com"], cc: [], bcc: [], subject: "How's Your Experience with RSOLV?", html_body: "<!DOCTYPE html>\n<html lang=\"en\">\n<head>\n  <meta charset=\"UTF-8\">\n  <meta name=\"viewport\" content=\"width=device-width, initial-scale=1.0\">\n  <title>How's Your RSOLV Experience?</title>\n  <style>\n    @import url('https://fonts.googleapis.com/css2?family=Space+Grotesk:wght@300;400;500;700&display=swap');\n    \n    body {\n      font-family: 'Space Grotesk', -apple-system, BlinkMacSystemFont, \"Segoe UI\", Roboto, Helvetica, Arial, sans-serif;\n      line-height: 1.6;\n      color: #333;\n      max-width: 600px;\n      margin: 0 auto;\n      padding: 20px;\n      background-color: #f8f9fa;\n    }\n    .container {\n      background-color: #ffffff;\n      border-radius: 8px;\n      padding: 30px;\n      box-shadow: 0 4px 6px rgba(0, 0, 0, 0.05);\n    }\n    .logo {\n      text-align: center;\n      margin-bottom: 30px;\n    }\n    .logo img {\n      max-width: 200px;\n    }\n    h1, h2, h3 {\n      color: #10b981;\n    }\n    .survey-card {\n      background-color: #f3f4f6;\n      padding: 20px;\n      border-radius: 8px;\n      margin: 20px 0;\n      text-align: center;\n    }\n    .rating-container {\n      display: flex;\n      justify-content: center;\n      gap: 10px;\n      margin: 20px 0;\n    }\n    .rating-box {\n      width: 40px;\n      height: 40px;\n      border: 2px solid #10b981;\n      border-radius: 8px;\n      display: flex;\n      align-items: center;\n      justify-content: center;\n      text-decoration: none;\n      color: #10b981;\n      font-weight: bold;\n      transition: all 0.3s ease;\n    }\n    .rating-box:hover {\n      background-color: #10b981;\n      color: white;\n    }\n    .question-box {\n      background-color: #f9fafb;\n      padding: 20px;\n      border-radius: 8px;\n      margin: 20px 0;\n      border-left: 4px solid #10b981;\n    }\n    .success-story {\n      background-color: #d4edda;\n      border: 1px solid #c3e6cb;\n      padding: 15px;\n      border-radius: 8px;\n      margin: 20px 0;\n    }\n    .cta {\n      background-color: #10b981;\n      color: white;\n      padding: 12px 24px;\n      border-radius: 5px;\n      display: inline-block;\n      text-decoration: none;\n      font-weight: bold;\n      margin: 20px 0;\n    }\n    .cta-secondary {\n      background-color: #6b7280;\n      color: white;\n      padding: 12px 24px;\n      border-radius: 5px;\n      display: inline-block;\n      text-decoration: none;\n      font-weight: bold;\n      margin: 20px 0;\n    }\n    .footer {\n      margin-top: 40px;\n      font-size: 14px;\n      color: #6b7280;\n      border-top: 1px solid #e5e7eb;\n      padding-top: 20px;\n      text-align: center;\n    }\n  </style>\n</head>\n<body>\n  <div class=\"container\">\n    <div class=\"logo\">\n      <img src=\"https://rsolv.dev/images/rsolv_logo_transparent.png\" alt=\"RSOLV Logo\">\n    </div>\n    \n    <h1>Quick Check-In: How's RSOLV Working for You?</h1>\n    \n    <p>Hi {@first_name},</p>\n    \n    <p>You've been using RSOLV for a week now, and we'd love to hear about your experience! Your feedback helps us make RSOLV better for everyone.</p>\n    \n    <div class=\"survey-card\">\n      <h3>How likely are you to recommend RSOLV to a colleague?</h3>\n      <p>Click a number below:</p>\n      <div class=\"rating-container\">\n        <a href=\"https://rsolv.dev/feedback?rating=1&email={@email}\" class=\"rating-box\">1</a>\n        <a href=\"https://rsolv.dev/feedback?rating=2&email={@email}\" class=\"rating-box\">2</a>\n        <a href=\"https://rsolv.dev/feedback?rating=3&email={@email}\" class=\"rating-box\">3</a>\n        <a href=\"https://rsolv.dev/feedback?rating=4&email={@email}\" class=\"rating-box\">4</a>\n        <a href=\"https://rsolv.dev/feedback?rating=5&email={@email}\" class=\"rating-box\">5</a>\n        <a href=\"https://rsolv.dev/feedback?rating=6&email={@email}\" class=\"rating-box\">6</a>\n        <a href=\"https://rsolv.dev/feedback?rating=7&email={@email}\" class=\"rating-box\">7</a>\n        <a href=\"https://rsolv.dev/feedback?rating=8&email={@email}\" class=\"rating-box\">8</a>\n        <a href=\"https://rsolv.dev/feedback?rating=9&email={@email}\" class=\"rating-box\">9</a>\n        <a href=\"https://rsolv.dev/feedback?rating=10&email={@email}\" class=\"rating-box\">10</a>\n      </div>\n" <> ..., text_body: "Quick Check-In: How's RSOLV Working for You?\n\nHi Test,\n\nYou've been using RSOLV for a week now, and we'd love to hear about your experience!\n\nHow likely are you to recommend RSOLV to a colleague?\nRate us from 1-10: https://rsolv.dev/feedback?email=test@example.com\n\nThree Quick Questions:\n1. What's been your favorite RSOLV fix so far?\n2. What feature would you like to see next?\n3. Any challenges or friction points?\n\nJust hit reply and share your thoughts - we read every response!\n\nDid You Know?\nHere are some ways other teams are using RSOLV:\n- Security audits: Tag all security-related issues for automated fixes\n- Tech debt cleanup: Fix deprecated function calls across the codebase\n- Onboarding tool: Let new devs see how fixes should be implemented\n- Weekend warrior: Queue up fixes on Friday, review on Monday\n\nThanks for being an early adopter!\n\nBest regards,\nDylan & The RSOLV Team\n\nP.S. If RSOLV has saved you time this week, we'd love to hear about it!\n\n---\nTo unsubscribe, visit: https://rsolv.dev/unsubscribe?email=test@example.com\n", headers: %{"X-Postmark-Tag" => "feedback-request"}, attachments: [], assigns: %{}, private: %{tag: "feedback-request"}, blocked: false}

14:25:09.931 [info] [EMAIL DEBUG] Raw Postmark response
14:25:09.931 [info] [EMAIL] Email sent successfully via Postmark
14:25:09.931 [info] Successfully sent scheduled email
14:25:09.931 [info] [EmailWorker] Insert result
14:25:09.931 [info] [EmailWorker] Schedule result
14:25:09.931 [info] [EmailWorker] Processing email config
14:25:09.931 [info] [EmailWorker] Scheduling email
14:25:09.931 [info] [EmailWorker] Creating Oban job
14:25:09.931 [info] [EmailWorker] Job created
14:25:09.931 [info] Processing scheduled email
14:25:09.931 [info] [EMAIL DEBUG] Full email struct before sending
14:25:09.931 [info] [EMAIL DEBUG] Extracted recipient email
14:25:09.931 [info] [EMAIL DEBUG] Postmark configuration
14:25:09.931 [info] [EMAIL DEBUG] Email configuration
14:25:09.931 [info] [EMAIL] Attempting to send email via Postmark
14:25:09.932 [debug] Sending email with Bamboo.TestAdapter:

%Bamboo.Email{from: {"RSOLV Team", "support@rsolv.dev"}, to: [nil: "test@example.com"], cc: [], bcc: [], subject: "Your RSOLV Success Report", html_body: "<!DOCTYPE html>\n<html lang=\"en\">\n<head>\n  <meta charset=\"UTF-8\">\n  <meta name=\"viewport\" content=\"width=device-width, initial-scale=1.0\">\n  <title>Your RSOLV Success Report</title>\n  <style>\n    @import url('https://fonts.googleapis.com/css2?family=Space+Grotesk:wght@300;400;500;700&display=swap');\n    \n    body {\n      font-family: 'Space Grotesk', -apple-system, BlinkMacSystemFont, \"Segoe UI\", Roboto, Helvetica, Arial, sans-serif;\n      line-height: 1.6;\n      color: #333;\n      max-width: 600px;\n      margin: 0 auto;\n      padding: 20px;\n      background-color: #f8f9fa;\n    }\n    .container {\n      background-color: #ffffff;\n      border-radius: 8px;\n      padding: 30px;\n      box-shadow: 0 4px 6px rgba(0, 0, 0, 0.05);\n    }\n    .logo {\n      text-align: center;\n      margin-bottom: 30px;\n    }\n    .logo img {\n      max-width: 200px;\n    }\n    h1, h2, h3 {\n      color: #10b981;\n    }\n    .stats-grid {\n      display: grid;\n      grid-template-columns: 1fr 1fr;\n      gap: 20px;\n      margin: 30px 0;\n    }\n    .stat-card {\n      background-color: #f3f4f6;\n      padding: 20px;\n      border-radius: 8px;\n      text-align: center;\n      border-top: 4px solid #10b981;\n    }\n    .stat-number {\n      font-size: 36px;\n      font-weight: bold;\n      color: #10b981;\n      margin: 10px 0;\n    }\n    .stat-label {\n      color: #6b7280;\n      font-size: 14px;\n    }\n    .achievement-banner {\n      background: linear-gradient(135deg, #10b981 0%, #059669 100%);\n      color: white;\n      padding: 20px;\n      border-radius: 8px;\n      text-align: center;\n      margin: 20px 0;\n    }\n    .timeline {\n      margin: 30px 0;\n    }\n    .timeline-item {\n      display: flex;\n      margin-bottom: 20px;\n      align-items: flex-start;\n    }\n    .timeline-marker {\n      width: 40px;\n      height: 40px;\n      background-color: #10b981;\n      color: white;\n      border-radius: 50%;\n      display: flex;\n      align-items: center;\n      justify-content: center;\n      flex-shrink: 0;\n      margin-right: 15px;\n    }\n    .timeline-content {\n      flex-grow: 1;\n    }\n    .pricing-highlight {\n      background-color: #fff3cd;\n      border: 1px solid #ffeaa7;\n      padding: 20px;\n      border-radius: 8px;\n      margin: 20px 0;\n      text-align: center;\n    }\n    .cta {\n      background-color: #10b981;\n      color: white;\n      padding: 12px 24px;\n      border-radius: 5px;\n      display: inline-block;\n      text-decoration: none;\n      font-weight: bold;\n      margin: 20px 0;\n    }\n    .cta-secondary {\n      background-color: #2563eb;\n      color: white;\n      padding: 12px 24px;\n      border-radius: 5px;\n      display: inline-block;\n      text-decoration: none;\n      font-weight: bold;\n      margin: 20px 0;\n    }\n    .footer {\n      margin-top: 40px;\n      font-size: 14px;\n      color: #6b7280;\n      border-top: 1px solid #e5e7eb;\n      padding-top: 20px;\n      text-align: center;\n    }\n    @media (max-width: 600px) {\n      .stats-grid {\n        grid-template-columns: 1fr;\n      }\n    }\n  </style>\n</head>\n<body>\n  <div class=\"container\">\n    <div class=\"logo\">\n      <img src=\"https://rsolv.dev/images/rsolv_logo_transparent.png\" alt=\"RSOLV Logo\">\n    </div>\n    \n    <h1>Your 2-Week RSOLV Success Report 🎉</h1>\n    \n    <p>Hi {@first_name},</p>\n    \n    <p>Congratulations! You've been using RSOLV for two weeks. Here's a snapshot of what we've accomplished together:</p>\n    \n    <div class=\"stats-grid\">\n      <div class=\"stat-card\">\n        <div class=\"stat-label\">Issues Fixed</div>\n        <div class=\"stat-number\">{Map.get(@usage_stats || %{}, :issues_fixed, 0)}</div>\n      </div>\n      <div class=\"stat-card\">\n        <div class=\"stat-label\">PRs Created</div>\n        <div class=\"stat-number\">{Map.get(@usage_stats || %{}, :prs_created, 0)}</div>\n      </div>\n      <div class=\"stat-card\">\n        <div class=\"stat-label\">Time Saved</div>\n        <div class=\"stat-number\">{Map.get(@usage_stats || %{}, :time_saved, \"0 hrs\")}</div>\n      </div>\n      <div class=\"stat-card\">\n        <div class=\"stat-label\">Security Issues Found</div>\n        <div class=\"stat-number\">{Map.ge" <> ..., text_body: "Your 2-Week RSOLV Success Report\n\nHi Test,\n\nCongratulations! You've been using RSOLV for two weeks. Here's what we've accomplished together:\n\nYour Stats:\n- Issues Fixed: Check your dashboard\n- PRs Created: Check your dashboard\n- Time Saved: Check your dashboard\n- Security Issues Found: Check your dashboard\n\nYour Trial Status:\nCheck how many free fixes you have remaining at: https://rsolv.dev/dashboard\n\nWhat's Next?\n- Expand to more repositories\n- Automate security audits\n- Clean up tech debt\n- Train your team\n\nNeed Help Scaling Up?\nI'd love to help you get even more value from RSOLV:\n- Schedule a 15-minute optimization call\n- Get best practices for your specific tech stack\n- Learn about volume discounts for teams\n\nJust reply to this email and let me know how I can help!\n\nThanks for being part of the RSOLV community.\n\nBest regards,\nDylan Fitzgerald\nFounder, RSOLV\n\nP.S. If RSOLV has been valuable to your team, I'd be grateful if you could share a quick testimonial.\n\n---\nTo unsubscribe, visit: https://rsolv.dev/unsubscribe?email=test@example.com\n", headers: %{"X-Postmark-Tag" => "success-checkin"}, attachments: [], assigns: %{}, private: %{tag: "success-checkin"}, blocked: false}

14:25:09.932 [info] [EMAIL DEBUG] Raw Postmark response
14:25:09.932 [info] [EMAIL] Email sent successfully via Postmark
14:25:09.932 [info] Successfully sent scheduled email
14:25:09.932 [info] [EmailWorker] Insert result
14:25:09.932 [info] [EmailWorker] Schedule result
14:25:09.932 [info] [HOME LIVE] About to send admin notification email
14:25:09.932 [debug] Sending email with Bamboo.TestAdapter:

%Bamboo.Email{from: {"RSOLV Team", "support@rsolv.dev"}, to: [nil: "admin@rsolv.dev"], cc: [], bcc: [], subject: "🎉 New RSOLV Signup: test@example.com", html_body: "<!DOCTYPE html>\n<html>\n<head>\n  <meta charset=\"utf-8\">\n  <style>\n    body { font-family: -apple-system, BlinkMacSystemFont, 'Segoe UI', Roboto, sans-serif; line-height: 1.6; color: #333; }\n    .container { max-width: 600px; margin: 0 auto; padding: 20px; }\n    .header { background: #10b981; color: white; padding: 20px; border-radius: 8px 8px 0 0; }\n    .content { background: #f9fafb; padding: 20px; border: 1px solid #e5e7eb; border-radius: 0 0 8px 8px; }\n    .metric { display: inline-block; margin: 10px 20px 10px 0; }\n    .metric-label { font-size: 12px; color: #6b7280; text-transform: uppercase; }\n    .metric-value { font-size: 18px; font-weight: bold; color: #111827; }\n    .details { background: white; padding: 15px; border-radius: 4px; margin: 15px 0; }\n    .detail-row { display: flex; justify-content: space-between; padding: 8px 0; border-bottom: 1px solid #f3f4f6; }\n    .detail-row:last-child { border-bottom: none; }\n    .detail-label { font-weight: 500; color: #6b7280; }\n    .detail-value { color: #111827; }\n    .utm-badge { display: inline-block; background: #dbeafe; color: #1e40af; padding: 2px 8px; border-radius: 4px; font-size: 12px; margin-left: 4px; }\n  </style>\n</head>\n<body>\n  <div class=\"container\">\n    <div class=\"header\">\n      <h1 style=\"margin: 0; font-size: 24px;\">🎉 New RSOLV Signup!</h1>\n      <p style=\"margin: 5px 0 0 0; opacity: 0.9;\">September 11, 2025 at 08:25 PM UTC</p>\n    </div>\n    \n    <div class=\"content\">\n      <div class=\"metric\">\n        <div class=\"metric-label\">Email</div>\n        <div class=\"metric-value\">test@example.com</div>\n      </div>\n      \n      <div class=\"metric\">\n              <div class=\"metric-label\">Company</div>\n              <div class=\"metric-value\"></div>\n            </div>\n      \n      <div class=\"details\">\n        <h3 style=\"margin-top: 0;\">Signup Details</h3>\n        \n        <div class=\"detail-row\">\n          <span class=\"detail-label\">Source</span>\n          <span class=\"detail-value\">\n            landing_page_liveview\n            \n          </span>\n        </div>\n        \n        \n        \n        \n        \n        \n      </div>\n      \n      <div style=\"margin-top: 20px; text-align: center;\">\n        <a href=\"https://rsolv.dev/live/dashboard\" style=\"display: inline-block; background: #10b981; color: white; padding: 10px 20px; text-decoration: none; border-radius: 4px;\">\n          View Dashboard\n        </a>\n      </div>\n    </div>\n  </div>\n</body>\n</html>\n", text_body: "🎉 New RSOLV Signup!\n\nEmail: test@example.com\nCompany: \n\nTime: September 11, 2025 at 08:25 PM UTC\n\nSource Details:\n- Source: landing_page_liveview\n\n\n\n\n\nView full dashboard: https://rsolv.dev/live/dashboard\n", headers: %{"Message-ID" => "<1757622309.128634@rsolv.dev>", "X-Postmark-Tag" => "admin-notification", "X-Priority" => "1"}, attachments: [], assigns: %{}, private: %{tag: "admin-notification"}, blocked: false}

14:25:09.932 [info] [HOME LIVE] Successfully sent admin notification email
14:25:09.932 [debug] Replied in 9ms
.......14:25:10.065 [debug] QUERY OK source="fun_with_flags_toggles" db=0.1ms
SELECT f0."id", f0."flag_name", f0."gate_type", f0."target", f0."enabled" FROM "fun_with_flags_toggles" AS f0 WHERE (f0."flag_name" = $1) ["display_draft_blog_posts"]
14:25:10.065 [debug] Telemetry event: [:fun_with_flags, :persistence, :read], metadata: %{flag_name: :display_draft_blog_posts, gate: nil}, measurements: %{system_time: 1757622310065196865}
..14:25:10.077 [debug] QUERY OK source="fun_with_flags_toggles" db=0.1ms
SELECT f0."id", f0."flag_name", f0."gate_type", f0."target", f0."enabled" FROM "fun_with_flags_toggles" AS f0 WHERE (f0."flag_name" = $1) ["display_draft_blog_posts"]
14:25:10.077 [debug] Telemetry event: [:fun_with_flags, :persistence, :read], metadata: %{flag_name: :display_draft_blog_posts, gate: nil}, measurements: %{system_time: 1757622310077436199}
.14:25:10.089 [debug] QUERY OK source="fun_with_flags_toggles" db=0.1ms
SELECT f0."id", f0."flag_name", f0."gate_type", f0."target", f0."enabled" FROM "fun_with_flags_toggles" AS f0 WHERE (f0."flag_name" = $1) ["display_draft_blog_posts"]
14:25:10.089 [debug] Telemetry event: [:fun_with_flags, :persistence, :read], metadata: %{flag_name: :display_draft_blog_posts, gate: nil}, measurements: %{system_time: 1757622310089177323}
.14:25:10.102 [debug] QUERY OK source="fun_with_flags_toggles" db=0.1ms
SELECT f0."id", f0."flag_name", f0."gate_type", f0."target", f0."enabled" FROM "fun_with_flags_toggles" AS f0 WHERE (f0."flag_name" = $1) ["display_draft_blog_posts"]
14:25:10.102 [debug] Telemetry event: [:fun_with_flags, :persistence, :read], metadata: %{flag_name: :display_draft_blog_posts, gate: nil}, measurements: %{system_time: 1757622310102319698}
.......14:25:14.107 request_id=GGRULrGmFdiQn90AAAgW [info] POST /api/v1/fix-attempts
14:25:14.107 request_id=GGRULrGmFdiQn90AAAgW [debug] Processing with RsolvWeb.FixAttemptController.create/2
  Parameters: %{"github_org" => "test-org"}
  Pipelines: [:api]
14:25:14.109 request_id=GGRULrGmFdiQn90AAAgW [info] Recording fix attempt for PR  from test-org/
14:25:14.109 request_id=GGRULrGmFdiQn90AAAgW [error] Failed to create fix attempt: [repo_name: {"can't be blank", [validation: :required]}, pr_number: {"can't be blank", [validation: :required]}]
14:25:14.109 request_id=GGRULrGmFdiQn90AAAgW [info] Sent 422 in 2ms
.14:25:14.110 request_id=GGRULrHdbQ7RAQQAACcS [info] POST /api/v1/fix-attempts
14:25:14.110 request_id=GGRULrHdbQ7RAQQAACcS [debug] Processing with RsolvWeb.FixAttemptController.create/2
  Parameters: %{"api_key_used" => "rsolv_test_key_123", "github_org" => "test-org", "issue_number" => 123, "issue_title" => "Security vulnerability in login", "issue_url" => "https://github.com/test-org/test-repo/issues/123", "metadata" => %{"branch" => "rsolv/123-fix-auth", "created_by" => "rsolv-action", "labels" => ["rsolv:automated", "security"]}, "pr_number" => 456, "pr_title" => "[RSOLV] Fix authentication vulnerability", "pr_url" => "https://github.com/test-org/test-repo/pull/456", "repo_name" => "test-repo"}
  Pipelines: [:api]
14:25:14.110 request_id=GGRULrHdbQ7RAQQAACcS [info] Recording fix attempt for PR 456 from test-org/test-repo
14:25:14.112 request_id=GGRULrHdbQ7RAQQAACcS [debug] QUERY OK source="fix_attempts" db=1.7ms
SELECT f0."id", f0."github_org", f0."repo_name", f0."issue_number", f0."pr_number", f0."status", f0."merged_at", f0."billing_status", f0."requires_manual_approval", f0."approved_by", f0."approved_at", f0."approval_notes", f0."platform", f0."customer_id", f0."api_key_used", f0."pr_title", f0."pr_url", f0."issue_title", f0."issue_url", f0."commit_sha", f0."merged_by", f0."metadata", f0."amount", f0."currency", f0."billed_at", f0."refunded_at", f0."inserted_at", f0."updated_at" FROM "fix_attempts" AS f0 WHERE (((f0."github_org" = $1) AND (f0."repo_name" = $2)) AND (f0."pr_number" = $3)) ["test-org", "test-repo", 456]
14:25:14.113 request_id=GGRULrHdbQ7RAQQAACcS [debug] QUERY OK source="fix_attempts" db=0.2ms queue=0.2ms
INSERT INTO "fix_attempts" ("status","metadata","currency","repo_name","pr_number","github_org","issue_number","pr_title","pr_url","billing_status","requires_manual_approval","issue_title","issue_url","api_key_used","platform","inserted_at","updated_at") VALUES ($1,$2,$3,$4,$5,$6,$7,$8,$9,$10,$11,$12,$13,$14,$15,$16,$17) RETURNING "id" ["pending", %{"branch" => "rsolv/123-fix-auth", "created_by" => "rsolv-action", "labels" => ["rsolv:automated", "security"]}, "USD", "test-repo", 456, "test-org", 123, "[RSOLV] Fix authentication vulnerability", "https://github.com/test-org/test-repo/pull/456", "not_billed", true, "Security vulnerability in login", "https://github.com/test-org/test-repo/issues/123", "rsolv_test_key_123", "github", ~N[2025-09-11 20:25:14], ~N[2025-09-11 20:25:14]]
14:25:14.113 request_id=GGRULrHdbQ7RAQQAACcS [info] Fix attempt recorded successfully: 10469
14:25:14.113 request_id=GGRULrHdbQ7RAQQAACcS [info] Sent 201 in 2ms
14:25:14.114 request_id=GGRULrHdbQ7RAQQAACcS [debug] QUERY OK source="fix_attempts" db=0.1ms queue=0.1ms
SELECT f0."id", f0."github_org", f0."repo_name", f0."issue_number", f0."pr_number", f0."status", f0."merged_at", f0."billing_status", f0."requires_manual_approval", f0."approved_by", f0."approved_at", f0."approval_notes", f0."platform", f0."customer_id", f0."api_key_used", f0."pr_title", f0."pr_url", f0."issue_title", f0."issue_url", f0."commit_sha", f0."merged_by", f0."metadata", f0."amount", f0."currency", f0."billed_at", f0."refunded_at", f0."inserted_at", f0."updated_at" FROM "fix_attempts" AS f0 WHERE (f0."id" = $1) [10469]
.14:25:14.114 request_id=GGRULrIY5oJj3C0AAAiW [info] POST /api/v1/fix-attempts
14:25:14.114 request_id=GGRULrIY5oJj3C0AAAiW [debug] Processing with RsolvWeb.FixAttemptController.create/2
  Parameters: %{"github_org" => "test-org", "pr_number" => 456, "repo_name" => "test-repo", "status" => "pending"}
  Pipelines: [:api]
14:25:14.114 request_id=GGRULrIY5oJj3C0AAAiW [info] Recording fix attempt for PR 456 from test-org/test-repo
14:25:14.115 request_id=GGRULrIY5oJj3C0AAAiW [debug] QUERY OK source="fix_attempts" db=0.2ms
SELECT f0."id", f0."github_org", f0."repo_name", f0."issue_number", f0."pr_number", f0."status", f0."merged_at", f0."billing_status", f0."requires_manual_approval", f0."approved_by", f0."approved_at", f0."approval_notes", f0."platform", f0."customer_id", f0."api_key_used", f0."pr_title", f0."pr_url", f0."issue_title", f0."issue_url", f0."commit_sha", f0."merged_by", f0."metadata", f0."amount", f0."currency", f0."billed_at", f0."refunded_at", f0."inserted_at", f0."updated_at" FROM "fix_attempts" AS f0 WHERE (((f0."github_org" = $1) AND (f0."repo_name" = $2)) AND (f0."pr_number" = $3)) ["test-org", "test-repo", 456]
14:25:14.115 request_id=GGRULrIY5oJj3C0AAAiW [debug] QUERY OK source="fix_attempts" db=0.1ms queue=0.1ms
INSERT INTO "fix_attempts" ("status","metadata","currency","repo_name","pr_number","github_org","billing_status","requires_manual_approval","platform","inserted_at","updated_at") VALUES ($1,$2,$3,$4,$5,$6,$7,$8,$9,$10,$11) RETURNING "id" ["pending", %{}, "USD", "test-repo", 456, "test-org", "not_billed", true, "github", ~N[2025-09-11 20:25:14], ~N[2025-09-11 20:25:14]]
14:25:14.115 request_id=GGRULrIY5oJj3C0AAAiW [info] Fix attempt recorded successfully: 10470
14:25:14.115 request_id=GGRULrIY5oJj3C0AAAiW [info] Sent 201 in 947µs
14:25:14.115 request_id=GGRULrIoZVxj3C0AAAkW [info] POST /api/v1/fix-attempts
14:25:14.115 request_id=GGRULrIoZVxj3C0AAAkW [debug] Processing with RsolvWeb.FixAttemptController.create/2
  Parameters: %{"github_org" => "test-org", "pr_number" => 456, "repo_name" => "test-repo", "status" => "pending"}
  Pipelines: [:api]
14:25:14.115 request_id=GGRULrIoZVxj3C0AAAkW [info] Recording fix attempt for PR 456 from test-org/test-repo
14:25:14.115 request_id=GGRULrIoZVxj3C0AAAkW [debug] QUERY OK source="fix_attempts" db=0.1ms
SELECT f0."id", f0."github_org", f0."repo_name", f0."issue_number", f0."pr_number", f0."status", f0."merged_at", f0."billing_status", f0."requires_manual_approval", f0."approved_by", f0."approved_at", f0."approval_notes", f0."platform", f0."customer_id", f0."api_key_used", f0."pr_title", f0."pr_url", f0."issue_title", f0."issue_url", f0."commit_sha", f0."merged_by", f0."metadata", f0."amount", f0."currency", f0."billed_at", f0."refunded_at", f0."inserted_at", f0."updated_at" FROM "fix_attempts" AS f0 WHERE (((f0."github_org" = $1) AND (f0."repo_name" = $2)) AND (f0."pr_number" = $3)) ["test-org", "test-repo", 456]
14:25:14.115 request_id=GGRULrIoZVxj3C0AAAkW [warning] Fix attempt already exists for PR 456
14:25:14.115 request_id=GGRULrIoZVxj3C0AAAkW [info] Sent 409 in 362µs
.14:25:14.116 request_id=GGRULrI0VQIMveQAAAmW [info] POST /api/v1/fix-attempts
14:25:14.116 request_id=GGRULrI0VQIMveQAAAmW [debug] Processing with RsolvWeb.FixAttemptController.create/2
  Parameters: %{"api_key_used" => "rsolv_test_key_123", "github_org" => "test-org", "metadata" => %{"branch" => "rsolv/perf-improvements", "created_by" => "rsolv-action", "labels" => ["rsolv:automated", "performance"]}, "pr_number" => 789, "pr_title" => "[RSOLV] Performance improvements", "pr_url" => "https://github.com/test-org/test-repo/pull/789", "repo_name" => "test-repo"}
  Pipelines: [:api]
14:25:14.116 request_id=GGRULrI0VQIMveQAAAmW [info] Recording fix attempt for PR 789 from test-org/test-repo
14:25:14.117 request_id=GGRULrI0VQIMveQAAAmW [debug] QUERY OK source="fix_attempts" db=0.6ms
SELECT f0."id", f0."github_org", f0."repo_name", f0."issue_number", f0."pr_number", f0."status", f0."merged_at", f0."billing_status", f0."requires_manual_approval", f0."approved_by", f0."approved_at", f0."approval_notes", f0."platform", f0."customer_id", f0."api_key_used", f0."pr_title", f0."pr_url", f0."issue_title", f0."issue_url", f0."commit_sha", f0."merged_by", f0."metadata", f0."amount", f0."currency", f0."billed_at", f0."refunded_at", f0."inserted_at", f0."updated_at" FROM "fix_attempts" AS f0 WHERE (((f0."github_org" = $1) AND (f0."repo_name" = $2)) AND (f0."pr_number" = $3)) ["test-org", "test-repo", 789]
14:25:14.117 request_id=GGRULrI0VQIMveQAAAmW [debug] QUERY OK source="fix_attempts" db=0.0ms
INSERT INTO "fix_attempts" ("status","metadata","currency","repo_name","pr_number","github_org","pr_title","pr_url","billing_status","requires_manual_approval","api_key_used","platform","inserted_at","updated_at") VALUES ($1,$2,$3,$4,$5,$6,$7,$8,$9,$10,$11,$12,$13,$14) RETURNING "id" ["pending", %{"branch" => "rsolv/perf-improvements", "created_by" => "rsolv-action", "labels" => ["rsolv:automated", "performance"]}, "USD", "test-repo", 789, "test-org", "[RSOLV] Performance improvements", "https://github.com/test-org/test-repo/pull/789", "not_billed", true, "rsolv_test_key_123", "github", ~N[2025-09-11 20:25:14], ~N[2025-09-11 20:25:14]]
14:25:14.117 request_id=GGRULrI0VQIMveQAAAmW [info] Fix attempt recorded successfully: 10471
14:25:14.117 request_id=GGRULrI0VQIMveQAAAmW [info] Sent 201 in 1ms
14:25:14.117 request_id=GGRULrI0VQIMveQAAAmW [debug] QUERY OK source="fix_attempts" db=0.1ms
SELECT f0."id", f0."github_org", f0."repo_name", f0."issue_number", f0."pr_number", f0."status", f0."merged_at", f0."billing_status", f0."requires_manual_approval", f0."approved_by", f0."approved_at", f0."approval_notes", f0."platform", f0."customer_id", f0."api_key_used", f0."pr_title", f0."pr_url", f0."issue_title", f0."issue_url", f0."commit_sha", f0."merged_by", f0."metadata", f0."amount", f0."currency", f0."billed_at", f0."refunded_at", f0."inserted_at", f0."updated_at" FROM "fix_attempts" AS f0 WHERE (f0."id" = $1) [10471]
.14:25:14.198 [debug] Parser response received
..14:25:14.275 [debug] Parser response received
.14:25:14.348 [debug] Parser response received
..14:25:14.371 [debug] Parser response received
.14:25:14.443 [debug] Parser response received
14:25:14.468 [debug] Parser response received
14:25:14.587 [debug] Parser response received
...14:25:14.661 [debug] Parser response received
.14:25:14.661 request_id=GGRULtK3qrgM77QAAA8Y [info] GET /
14:25:14.661 request_id=GGRULtK3qrgM77QAAA8Y [debug] Processing with RsolvWeb.HomeLive.index/2
  Parameters: %{}
  Pipelines: [:browser]
14:25:14.661 request_id=GGRULtK3qrgM77QAAA8Y [info] Analytics event tracked
14:25:14.662 request_id=GGRULtK3qrgM77QAAA8Y [debug] QUERY OK db=0.2ms queue=0.1ms
SELECT create_analytics_partition_if_not_exists($1::date) [~D[2025-09-11]]
14:25:14.662 request_id=GGRULtK3qrgM77QAAA8Y [debug] QUERY OK source="analytics_events" db=0.1ms queue=0.1ms
INSERT INTO "analytics_events" ("metadata","event_type","visitor_id","page_path","inserted_at","updated_at") VALUES ($1,$2,$3,$4,$5,$6) RETURNING "id" [%{}, "page_view", "097b1dd6376f0bd316df5e37304b67a8", "/", ~N[2025-09-11 20:25:14], ~N[2025-09-11 20:25:14]]
14:25:14.662 request_id=GGRULtK3qrgM77QAAA8Y [debug] QUERY OK source="fun_with_flags_toggles" db=0.0ms
SELECT f0."id", f0."flag_name", f0."gate_type", f0."target", f0."enabled" FROM "fun_with_flags_toggles" AS f0 WHERE (f0."flag_name" = $1) ["blog"]
14:25:14.662 request_id=GGRULtK3qrgM77QAAA8Y [debug] Telemetry event: [:fun_with_flags, :persistence, :read], metadata: %{flag_name: :blog, gate: nil}, measurements: %{system_time: 1757622314662858777}
14:25:14.662 request_id=GGRULtK3qrgM77QAAA8Y [info] ROI Calculator LiveComponent mounting...
14:25:14.662 request_id=GGRULtK3qrgM77QAAA8Y [info] ROI Calculator LiveComponent mounted
14:25:14.663 request_id=GGRULtK3qrgM77QAAA8Y [info] Sent 200 in 1ms
14:25:14.664 [debug] MOUNT RsolvWeb.HomeLive
  Parameters: %{}
  Session: %{"_csrf_token" => "LZEZpS5o1U3wpdkYEpitZHdC"}
14:25:14.664 [info] Analytics event tracked
14:25:14.664 [debug] QUERY OK db=0.1ms
SELECT create_analytics_partition_if_not_exists($1::date) [~D[2025-09-11]]
14:25:14.664 [debug] QUERY OK source="analytics_events" db=0.1ms
INSERT INTO "analytics_events" ("metadata","event_type","visitor_id","page_path","inserted_at","updated_at") VALUES ($1,$2,$3,$4,$5,$6) RETURNING "id" [%{}, "page_view", "d4ddfaddfcf363da8d3241451a130a56", "/", ~N[2025-09-11 20:25:14], ~N[2025-09-11 20:25:14]]
14:25:14.664 [debug] Replied in 593µs
14:25:14.664 [debug] QUERY OK source="fun_with_flags_toggles" db=0.0ms
SELECT f0."id", f0."flag_name", f0."gate_type", f0."target", f0."enabled" FROM "fun_with_flags_toggles" AS f0 WHERE (f0."flag_name" = $1) ["blog"]
14:25:14.664 [debug] Telemetry event: [:fun_with_flags, :persistence, :read], metadata: %{flag_name: :blog, gate: nil}, measurements: %{system_time: 1757622314664986694}
14:25:14.665 [info] ROI Calculator LiveComponent mounting...
14:25:14.665 [info] ROI Calculator LiveComponent mounted
.14:25:14.667 request_id=GGRULtMOXMJJPlIAABAY [info] GET /
14:25:14.667 request_id=GGRULtMOXMJJPlIAABAY [debug] Processing with RsolvWeb.HomeLive.index/2
  Parameters: %{}
  Pipelines: [:browser]
14:25:14.667 request_id=GGRULtMOXMJJPlIAABAY [info] Analytics event tracked
14:25:14.667 request_id=GGRULtMOXMJJPlIAABAY [debug] QUERY OK db=0.2ms
SELECT create_analytics_partition_if_not_exists($1::date) [~D[2025-09-11]]
14:25:14.668 request_id=GGRULtMOXMJJPlIAABAY [debug] QUERY OK source="analytics_events" db=0.1ms
INSERT INTO "analytics_events" ("metadata","event_type","visitor_id","page_path","inserted_at","updated_at") VALUES ($1,$2,$3,$4,$5,$6) RETURNING "id" [%{}, "page_view", "e4fcdc1083cc98bd4d5fd7b319a4f9cb", "/", ~N[2025-09-11 20:25:14], ~N[2025-09-11 20:25:14]]
14:25:14.668 request_id=GGRULtMOXMJJPlIAABAY [debug] QUERY OK source="fun_with_flags_toggles" db=0.0ms
SELECT f0."id", f0."flag_name", f0."gate_type", f0."target", f0."enabled" FROM "fun_with_flags_toggles" AS f0 WHERE (f0."flag_name" = $1) ["blog"]
14:25:14.668 request_id=GGRULtMOXMJJPlIAABAY [debug] Telemetry event: [:fun_with_flags, :persistence, :read], metadata: %{flag_name: :blog, gate: nil}, measurements: %{system_time: 1757622314668443795}
14:25:14.668 request_id=GGRULtMOXMJJPlIAABAY [info] ROI Calculator LiveComponent mounting...
14:25:14.668 request_id=GGRULtMOXMJJPlIAABAY [info] ROI Calculator LiveComponent mounted
14:25:14.668 request_id=GGRULtMOXMJJPlIAABAY [info] Sent 200 in 1ms
14:25:14.670 [debug] MOUNT RsolvWeb.HomeLive
  Parameters: %{}
  Session: %{"_csrf_token" => "ADdtOQPiyrTs3xde6iGrS1nX"}
14:25:14.670 [info] Analytics event tracked
14:25:14.670 [debug] QUERY OK db=0.1ms
SELECT create_analytics_partition_if_not_exists($1::date) [~D[2025-09-11]]
14:25:14.670 [debug] QUERY OK source="analytics_events" db=0.0ms
INSERT INTO "analytics_events" ("metadata","event_type","visitor_id","page_path","inserted_at","updated_at") VALUES ($1,$2,$3,$4,$5,$6) RETURNING "id" [%{}, "page_view", "97ca07897ef8aaf09b404c79513d90ef", "/", ~N[2025-09-11 20:25:14], ~N[2025-09-11 20:25:14]]
14:25:14.670 [debug] Replied in 430µs
14:25:14.670 [debug] QUERY OK source="fun_with_flags_toggles" db=0.0ms
SELECT f0."id", f0."flag_name", f0."gate_type", f0."target", f0."enabled" FROM "fun_with_flags_toggles" AS f0 WHERE (f0."flag_name" = $1) ["blog"]
14:25:14.670 [debug] Telemetry event: [:fun_with_flags, :persistence, :read], metadata: %{flag_name: :blog, gate: nil}, measurements: %{system_time: 1757622314670592012}
14:25:14.670 [info] ROI Calculator LiveComponent mounting...
14:25:14.670 [info] ROI Calculator LiveComponent mounted
14:25:14.673 [debug] HANDLE EVENT "validate" in RsolvWeb.HomeLive
  Parameters: %{"signup" => %{"company" => "", "email" => "invalid-email"}}
14:25:14.673 [debug] Replied in 49µs
14:25:14.673 [debug] QUERY OK source="fun_with_flags_toggles" db=0.1ms
SELECT f0."id", f0."flag_name", f0."gate_type", f0."target", f0."enabled" FROM "fun_with_flags_toggles" AS f0 WHERE (f0."flag_name" = $1) ["blog"]
14:25:14.673 [debug] Telemetry event: [:fun_with_flags, :persistence, :read], metadata: %{flag_name: :blog, gate: nil}, measurements: %{system_time: 1757622314673942066}
.14:25:14.675 request_id=GGRULtOODNA04B0AABEY [info] GET /
14:25:14.675 request_id=GGRULtOODNA04B0AABEY [debug] Processing with RsolvWeb.HomeLive.index/2
  Parameters: %{}
  Pipelines: [:browser]
14:25:14.676 request_id=GGRULtOODNA04B0AABEY [info] Analytics event tracked
14:25:14.676 request_id=GGRULtOODNA04B0AABEY [debug] QUERY OK db=0.0ms
SELECT create_analytics_partition_if_not_exists($1::date) [~D[2025-09-11]]
14:25:14.676 request_id=GGRULtOODNA04B0AABEY [debug] QUERY OK source="analytics_events" db=0.0ms
INSERT INTO "analytics_events" ("metadata","event_type","visitor_id","page_path","inserted_at","updated_at") VALUES ($1,$2,$3,$4,$5,$6) RETURNING "id" [%{}, "page_view", "e781d4ad572724a34b0d9ceaf94f4d25", "/", ~N[2025-09-11 20:25:14], ~N[2025-09-11 20:25:14]]
14:25:14.676 request_id=GGRULtOODNA04B0AABEY [debug] QUERY OK source="fun_with_flags_toggles" db=0.0ms
SELECT f0."id", f0."flag_name", f0."gate_type", f0."target", f0."enabled" FROM "fun_with_flags_toggles" AS f0 WHERE (f0."flag_name" = $1) ["blog"]
14:25:14.676 request_id=GGRULtOODNA04B0AABEY [debug] Telemetry event: [:fun_with_flags, :persistence, :read], metadata: %{flag_name: :blog, gate: nil}, measurements: %{system_time: 1757622314676479190}
14:25:14.676 request_id=GGRULtOODNA04B0AABEY [info] ROI Calculator LiveComponent mounting...
14:25:14.676 request_id=GGRULtOODNA04B0AABEY [info] ROI Calculator LiveComponent mounted
14:25:14.676 request_id=GGRULtOODNA04B0AABEY [info] Sent 200 in 797µs
14:25:14.677 [debug] MOUNT RsolvWeb.HomeLive
  Parameters: %{}
  Session: %{"_csrf_token" => "nhB94EtOGDgUlGB9utCrt-Or"}
14:25:14.677 [info] Analytics event tracked
14:25:14.677 [debug] QUERY OK db=0.0ms queue=0.1ms
SELECT create_analytics_partition_if_not_exists($1::date) [~D[2025-09-11]]
14:25:14.678 [debug] QUERY OK source="analytics_events" db=0.0ms
INSERT INTO "analytics_events" ("metadata","event_type","visitor_id","page_path","inserted_at","updated_at") VALUES ($1,$2,$3,$4,$5,$6) RETURNING "id" [%{}, "page_view", "f8ddb267bb2f42cc121c969c8956ddee", "/", ~N[2025-09-11 20:25:14], ~N[2025-09-11 20:25:14]]
14:25:14.678 [debug] Replied in 465µs
14:25:14.678 [debug] QUERY OK source="fun_with_flags_toggles" db=0.0ms
SELECT f0."id", f0."flag_name", f0."gate_type", f0."target", f0."enabled" FROM "fun_with_flags_toggles" AS f0 WHERE (f0."flag_name" = $1) ["blog"]
14:25:14.678 [debug] Telemetry event: [:fun_with_flags, :persistence, :read], metadata: %{flag_name: :blog, gate: nil}, measurements: %{system_time: 1757622314678267640}
14:25:14.678 [info] ROI Calculator LiveComponent mounting...
14:25:14.678 [info] ROI Calculator LiveComponent mounted
.14:25:14.680 request_id=GGRULtPZj7Mx5VMAAA4V [info] GET /
14:25:14.680 request_id=GGRULtPZj7Mx5VMAAA4V [debug] Processing with RsolvWeb.HomeLive.index/2
  Parameters: %{}
  Pipelines: [:browser]
14:25:14.680 request_id=GGRULtPZj7Mx5VMAAA4V [info] Analytics event tracked
14:25:14.681 request_id=GGRULtPZj7Mx5VMAAA4V [debug] QUERY OK db=0.1ms queue=0.1ms
SELECT create_analytics_partition_if_not_exists($1::date) [~D[2025-09-11]]
14:25:14.681 request_id=GGRULtPZj7Mx5VMAAA4V [debug] QUERY OK source="analytics_events" db=0.1ms queue=0.1ms
INSERT INTO "analytics_events" ("metadata","event_type","visitor_id","page_path","inserted_at","updated_at") VALUES ($1,$2,$3,$4,$5,$6) RETURNING "id" [%{}, "page_view", "0220a67176933fdb654dbfdc81234ef3", "/", ~N[2025-09-11 20:25:14], ~N[2025-09-11 20:25:14]]
14:25:14.681 request_id=GGRULtPZj7Mx5VMAAA4V [debug] QUERY OK source="fun_with_flags_toggles" db=0.0ms
SELECT f0."id", f0."flag_name", f0."gate_type", f0."target", f0."enabled" FROM "fun_with_flags_toggles" AS f0 WHERE (f0."flag_name" = $1) ["blog"]
14:25:14.681 request_id=GGRULtPZj7Mx5VMAAA4V [debug] Telemetry event: [:fun_with_flags, :persistence, :read], metadata: %{flag_name: :blog, gate: nil}, measurements: %{system_time: 1757622314681598986}
14:25:14.681 request_id=GGRULtPZj7Mx5VMAAA4V [info] ROI Calculator LiveComponent mounting...
14:25:14.681 request_id=GGRULtPZj7Mx5VMAAA4V [info] ROI Calculator LiveComponent mounted
14:25:14.681 request_id=GGRULtPZj7Mx5VMAAA4V [info] Sent 200 in 965µs
14:25:14.682 [debug] MOUNT RsolvWeb.HomeLive
  Parameters: %{}
  Session: %{"_csrf_token" => "LKpHzeXUSrI7Rqu5zoUZo70q"}
14:25:14.682 [info] Analytics event tracked
14:25:14.683 [debug] QUERY OK db=0.0ms
SELECT create_analytics_partition_if_not_exists($1::date) [~D[2025-09-11]]
14:25:14.683 [debug] QUERY OK source="analytics_events" db=0.0ms
INSERT INTO "analytics_events" ("metadata","event_type","visitor_id","page_path","inserted_at","updated_at") VALUES ($1,$2,$3,$4,$5,$6) RETURNING "id" [%{}, "page_view", "eb35c8d20f8087854af020b066d69482", "/", ~N[2025-09-11 20:25:14], ~N[2025-09-11 20:25:14]]
14:25:14.683 [debug] Replied in 366µs
14:25:14.683 [debug] QUERY OK source="fun_with_flags_toggles" db=0.0ms
SELECT f0."id", f0."flag_name", f0."gate_type", f0."target", f0."enabled" FROM "fun_with_flags_toggles" AS f0 WHERE (f0."flag_name" = $1) ["blog"]
14:25:14.683 [debug] Telemetry event: [:fun_with_flags, :persistence, :read], metadata: %{flag_name: :blog, gate: nil}, measurements: %{system_time: 1757622314683384912}
14:25:14.683 [info] ROI Calculator LiveComponent mounting...
14:25:14.683 [info] ROI Calculator LiveComponent mounted
.14:25:14.685 request_id=GGRULtQh0hSLwdwAAA8V [info] GET /
14:25:14.685 request_id=GGRULtQh0hSLwdwAAA8V [debug] Processing with RsolvWeb.HomeLive.index/2
  Parameters: %{}
  Pipelines: [:browser]
14:25:14.685 request_id=GGRULtQh0hSLwdwAAA8V [info] Analytics event tracked
14:25:14.685 request_id=GGRULtQh0hSLwdwAAA8V [debug] QUERY OK db=0.1ms
SELECT create_analytics_partition_if_not_exists($1::date) [~D[2025-09-11]]
14:25:14.686 request_id=GGRULtQh0hSLwdwAAA8V [debug] QUERY OK source="analytics_events" db=0.0ms
INSERT INTO "analytics_events" ("metadata","event_type","visitor_id","page_path","inserted_at","updated_at") VALUES ($1,$2,$3,$4,$5,$6) RETURNING "id" [%{}, "page_view", "de7fa569d67409b1c66555e1897f5e98", "/", ~N[2025-09-11 20:25:14], ~N[2025-09-11 20:25:14]]
14:25:14.686 request_id=GGRULtQh0hSLwdwAAA8V [debug] QUERY OK source="fun_with_flags_toggles" db=0.0ms
SELECT f0."id", f0."flag_name", f0."gate_type", f0."target", f0."enabled" FROM "fun_with_flags_toggles" AS f0 WHERE (f0."flag_name" = $1) ["blog"]
14:25:14.686 request_id=GGRULtQh0hSLwdwAAA8V [debug] Telemetry event: [:fun_with_flags, :persistence, :read], metadata: %{flag_name: :blog, gate: nil}, measurements: %{system_time: 1757622314686217503}
14:25:14.686 request_id=GGRULtQh0hSLwdwAAA8V [info] ROI Calculator LiveComponent mounting...
14:25:14.686 request_id=GGRULtQh0hSLwdwAAA8V [info] ROI Calculator LiveComponent mounted
14:25:14.686 request_id=GGRULtQh0hSLwdwAAA8V [info] Sent 200 in 825µs
14:25:14.687 [debug] MOUNT RsolvWeb.HomeLive
  Parameters: %{}
  Session: %{"_csrf_token" => "ViO5hMCOgUcCMEHAkrFSokBC"}
14:25:14.687 [info] Analytics event tracked
14:25:14.687 [debug] QUERY OK db=0.1ms
SELECT create_analytics_partition_if_not_exists($1::date) [~D[2025-09-11]]
14:25:14.687 [debug] QUERY OK source="analytics_events" db=0.0ms
INSERT INTO "analytics_events" ("metadata","event_type","visitor_id","page_path","inserted_at","updated_at") VALUES ($1,$2,$3,$4,$5,$6) RETURNING "id" [%{}, "page_view", "005597e187fd9550396e15777299d5c7", "/", ~N[2025-09-11 20:25:14], ~N[2025-09-11 20:25:14]]
14:25:14.687 [debug] Replied in 386µs
14:25:14.687 [debug] QUERY OK source="fun_with_flags_toggles" db=0.0ms
SELECT f0."id", f0."flag_name", f0."gate_type", f0."target", f0."enabled" FROM "fun_with_flags_toggles" AS f0 WHERE (f0."flag_name" = $1) ["blog"]
14:25:14.687 [debug] Telemetry event: [:fun_with_flags, :persistence, :read], metadata: %{flag_name: :blog, gate: nil}, measurements: %{system_time: 1757622314687938295}
14:25:14.687 [info] ROI Calculator LiveComponent mounting...
14:25:14.687 [info] ROI Calculator LiveComponent mounted
.14:25:14.689 request_id=GGRULtRj3C_qBAsAABAV [info] GET /
14:25:14.689 request_id=GGRULtRj3C_qBAsAABAV [debug] Processing with RsolvWeb.HomeLive.index/2
  Parameters: %{}
  Pipelines: [:browser]
14:25:14.689 request_id=GGRULtRj3C_qBAsAABAV [info] Analytics event tracked
14:25:14.690 request_id=GGRULtRj3C_qBAsAABAV [debug] QUERY OK db=0.0ms
SELECT create_analytics_partition_if_not_exists($1::date) [~D[2025-09-11]]
14:25:14.690 request_id=GGRULtRj3C_qBAsAABAV [debug] QUERY OK source="analytics_events" db=0.0ms
INSERT INTO "analytics_events" ("metadata","event_type","visitor_id","page_path","inserted_at","updated_at") VALUES ($1,$2,$3,$4,$5,$6) RETURNING "id" [%{}, "page_view", "7fcc2ee2f1b881082a0ae9d3a812be79", "/", ~N[2025-09-11 20:25:14], ~N[2025-09-11 20:25:14]]
14:25:14.690 request_id=GGRULtRj3C_qBAsAABAV [debug] QUERY OK source="fun_with_flags_toggles" db=0.0ms
SELECT f0."id", f0."flag_name", f0."gate_type", f0."target", f0."enabled" FROM "fun_with_flags_toggles" AS f0 WHERE (f0."flag_name" = $1) ["blog"]
14:25:14.690 request_id=GGRULtRj3C_qBAsAABAV [debug] Telemetry event: [:fun_with_flags, :persistence, :read], metadata: %{flag_name: :blog, gate: nil}, measurements: %{system_time: 1757622314690460517}
14:25:14.690 request_id=GGRULtRj3C_qBAsAABAV [info] ROI Calculator LiveComponent mounting...
14:25:14.690 request_id=GGRULtRj3C_qBAsAABAV [info] ROI Calculator LiveComponent mounted
14:25:14.690 request_id=GGRULtRj3C_qBAsAABAV [info] Sent 200 in 740µs
14:25:14.691 [debug] MOUNT RsolvWeb.HomeLive
  Parameters: %{}
  Session: %{"_csrf_token" => "Z1cqbJBlb4YIr_3F_bkx_RhT"}
14:25:14.691 [info] Analytics event tracked
14:25:14.691 [debug] QUERY OK db=0.0ms
SELECT create_analytics_partition_if_not_exists($1::date) [~D[2025-09-11]]
14:25:14.691 [debug] QUERY OK source="analytics_events" db=0.0ms
INSERT INTO "analytics_events" ("metadata","event_type","visitor_id","page_path","inserted_at","updated_at") VALUES ($1,$2,$3,$4,$5,$6) RETURNING "id" [%{}, "page_view", "0ab3c4218aa5f81543235937d4743aff", "/", ~N[2025-09-11 20:25:14], ~N[2025-09-11 20:25:14]]
14:25:14.691 [debug] Replied in 335µs
14:25:14.691 [debug] QUERY OK source="fun_with_flags_toggles" db=0.0ms
SELECT f0."id", f0."flag_name", f0."gate_type", f0."target", f0."enabled" FROM "fun_with_flags_toggles" AS f0 WHERE (f0."flag_name" = $1) ["blog"]
14:25:14.691 [debug] Telemetry event: [:fun_with_flags, :persistence, :read], metadata: %{flag_name: :blog, gate: nil}, measurements: %{system_time: 1757622314691966348}
14:25:14.692 [info] ROI Calculator LiveComponent mounting...
14:25:14.692 [info] ROI Calculator LiveComponent mounted
14:25:14.694 [debug] HANDLE EVENT "submit" in RsolvWeb.HomeLive
  Parameters: %{"signup" => %{"company" => "", "email" => "test@company.com"}}
14:25:14.695 [debug] QUERY OK source="fun_with_flags_toggles" db=0.0ms
SELECT f0."id", f0."flag_name", f0."gate_type", f0."target", f0."enabled" FROM "fun_with_flags_toggles" AS f0 WHERE (f0."flag_name" = $1) ["early_access_signup"]
14:25:14.695 [debug] Telemetry event: [:fun_with_flags, :persistence, :read], metadata: %{flag_name: :early_access_signup, gate: nil}, measurements: %{system_time: 1757622314695076084}
14:25:14.695 [info] Analytics event tracked
14:25:14.695 [debug] QUERY OK db=0.0ms
SELECT create_analytics_partition_if_not_exists($1::date) [~D[2025-09-11]]
14:25:14.695 [debug] QUERY OK source="analytics_events" db=0.0ms
INSERT INTO "analytics_events" ("metadata","event_type","visitor_id","page_path","inserted_at","updated_at") VALUES ($1,$2,$3,$4,$5,$6) RETURNING "id" [%{status: "submit", form_id: "early-access"}, "form_submit", "4ed3ffe6d91bd50c44641224c6081090", "/", ~N[2025-09-11 20:25:14], ~N[2025-09-11 20:25:14]]
14:25:14.695 [info] LiveView form submission received
14:25:14.695 [debug] QUERY OK source="early_access_signups" db=0.0ms
INSERT INTO "early_access_signups" ("email","inserted_at") VALUES ($1,$2) RETURNING "id" ["test@company.com", ~N[2025-09-11 20:25:14]]
14:25:14.695 [debug] QUERY OK source="early_access_signups" db=0.1ms
SELECT count(e0."id") FROM "early_access_signups" AS e0 []
14:25:14.695 [info] Successfully saved signup to database: test@company.com
14:25:14.695 [info] ConvertKit API key present: true
14:25:14.695 [info] ConvertKit API request successful
14:25:14.695 [info] ConvertKit: Successfully added subscriber
14:25:14.695 [info] Analytics event tracked
14:25:14.695 [debug] QUERY OK db=0.0ms
SELECT create_analytics_partition_if_not_exists($1::date) [~D[2025-09-11]]
14:25:14.696 [debug] QUERY OK source="analytics_events" db=0.0ms
INSERT INTO "analytics_events" ("metadata","event_type","visitor_id","page_path","inserted_at","updated_at") VALUES ($1,$2,$3,$4,$5,$6) RETURNING "id" [%{status: "success", source: "landing_page_liveview", form_id: "early-access", conversion_type: "early_access_signup", email_domain: "company.com"}, "form_success", "4ed3ffe6d91bd50c44641224c6081090", "/", ~N[2025-09-11 20:25:14], ~N[2025-09-11 20:25:14]]
14:25:14.696 [info] Analytics event tracked
14:25:14.696 [debug] QUERY OK db=0.0ms
SELECT create_analytics_partition_if_not_exists($1::date) [~D[2025-09-11]]
14:25:14.696 [debug] QUERY OK source="analytics_events" db=0.0ms
INSERT INTO "analytics_events" ("metadata","event_type","visitor_id","page_path","inserted_at","updated_at") VALUES ($1,$2,$3,$4,$5,$6) RETURNING "id" [%{source: "landing_page_liveview", form_id: "early-access", conversion_type: "early_access_signup", email_domain: "company.com"}, "conversion", "4ed3ffe6d91bd50c44641224c6081090", "/", ~N[2025-09-11 20:25:14], ~N[2025-09-11 20:25:14]]
14:25:14.696 [debug] QUERY OK source="fun_with_flags_toggles" db=0.0ms
SELECT f0."id", f0."flag_name", f0."gate_type", f0."target", f0."enabled" FROM "fun_with_flags_toggles" AS f0 WHERE (f0."flag_name" = $1) ["welcome_email_sequence"]
14:25:14.696 [debug] Telemetry event: [:fun_with_flags, :persistence, :read], metadata: %{flag_name: :welcome_email_sequence, gate: nil}, measurements: %{system_time: 1757622314696411735}
14:25:14.696 [info] [EMAIL SEQUENCE] Starting early access onboarding sequence
14:25:14.696 [info] [EMAIL SEQUENCE] About to call EmailService.send_early_access_welcome_email
14:25:14.696 [info] [EMAIL] send_early_access_welcome_email called
14:25:14.696 [info] [EMAIL DEBUG] Full email struct before sending
14:25:14.696 [info] [EMAIL DEBUG] Extracted recipient email
14:25:14.696 [info] [EMAIL DEBUG] Postmark configuration
14:25:14.696 [info] [EMAIL DEBUG] Email configuration
14:25:14.696 [info] [EMAIL] Attempting to send email via Postmark
14:25:14.696 [debug] Sending email with Bamboo.TestAdapter:

%Bamboo.Email{from: {"RSOLV Team", "support@rsolv.dev"}, to: [nil: "test@company.com"], cc: [], bcc: [], subject: "Welcome to RSOLV Early Access Program", html_body: "<div style=\"font-family: 'Helvetica Neue', Helvetica, Arial, sans-serif; max-width: 600px; margin: 0 auto; padding: 20px;\">\n  <h1 style=\"color: #2C3E50; margin-bottom: 20px;\">Welcome to RSOLV Early Access Program!</h1>\n\n  <p>Hi Test,</p>\n\n  <p>Thank you for joining our Early Access Program! You're now part of an exclusive group getting first access to RSOLV.</p>\n\n  <p>Here's what you need to know:</p>\n\n  <ul>\n    <li>You have full access to all current features</li>\n    <li>Your feedback is incredibly valuable to us during this phase</li>\n    <li>You'll receive priority support via email</li>\n  </ul>\n\n  <p>To get started with RSOLV:</p>\n\n  <ol>\n    <li><strong>Your API key will be sent in a follow-up email within 24 hours</strong></li>\n    <li>Once you receive your API key, install our GitHub Action (code below)</li>\n    <li>Set up your repository secrets with your API key</li>\n    <li>Tag your first issues with \"rsolv:automate\"</li>\n  </ol>\n\n  <div style=\"background-color: #fff3cd; border: 1px solid #ffeaa7; color: #856404; padding: 10px; border-radius: 5px; margin: 15px 0;\">\n    <strong>⏳ API Key Coming Soon:</strong> We'll send your personal API key within 24 hours. Look for an email with subject \"Your RSOLV API Key\".\n  </div>\n\n  <div style=\"background-color: #f8f9fa; padding: 15px; border-radius: 5px; margin: 20px 0;\">\n    <pre style=\"margin: 0; overflow-x: auto; white-space: pre-wrap; font-family: monospace;\">name: RSOLV AutoFix\non:\n  issues:\n    types: [opened, edited, labeled]\n\njobs:\n  autofix:\n    runs-on: ubuntu-latest\n    if: contains(github.event.issue.labels.*.name, 'rsolv:automate')\n    steps:\n      - uses: RSOLV-dev/rsolv-action@v1\n        with:\n          github-token: ${{ secrets.GITHUB_TOKEN }}\n          rsolv-api-key: ${{ secrets.RSOLV_API_KEY }}</pre>\n  </div>\n\n  <p>Need help? As an Early Access member, you have priority support - contact us at <a href=\"mailto:support@rsolv.dev\">support@rsolv.dev</a> and we'll personally assist you.</p>\n\n  <p>Your trial includes unlimited automated fixes during the Early Access period.</p>\n\n  <div style=\"margin-top: 30px; padding: 15px; border: 1px solid #e0e0e0; border-radius: 5px; background-color: #f9f9f9;\">\n    <h3 style=\"margin-top: 0; color: #2C3E50;\">Early Access Program Benefits</h3>\n    <ul>\n      <li>Unlimited usage during Early Access</li>\n      <li>Priority support and feature requests</li>\n      <li>Exclusive pricing when we launch</li>\n      <li>Direct access to our development team</li>\n    </ul>\n  </div>\n\n  <p>Best,<br>The RSOLV Team</p>\n\n  <div class=\"footer\" style=\"margin-top: 40px; padding-top: 20px; border-top: 1px solid #e0e0e0; font-size: 0.9em; color: #666;\">\n    <p>\n      You're receiving this email because you joined the RSOLV Early Access Program.\n      <br>\n      If you have any questions, simply reply to this email.\n    </p>\n    <p>\n      RSOLV, Inc. • support@rsolv.dev • © 2025\n    </p>\n    <p>\n      <a href=\"https://rsolv.dev/unsubscribe?email=test@company.com\">Unsubscribe</a> from these emails.\n    </p>\n  </div>\n</div>\n", text_body: "Welcome to RSOLV Early Access Program!\n\nHi Test,\n\nThank you for joining our Early Access Program! You're now part of an exclusive group getting first access to RSOLV.\n\nHere's what you need to know:\n- You have full access to all current features\n- Your feedback is incredibly valuable to us during this phase\n- You'll receive priority support via email\n\nTo get started with RSOLV:\n1. Your API key will be sent in a follow-up email within 24 hours\n2. Once you receive your API key, install our GitHub Action\n3. Set up your repository secrets with your API key\n4. Tag your first issues with \"AUTOFIX\"\n\n⏳ API KEY COMING SOON: We'll send your personal API key within 24 hours. Look for an email with subject \"Your RSOLV API Key\".\n\nNeed help? As an Early Access member, you have priority support - contact us at support@rsolv.dev and we'll personally assist you.\n\nYour trial includes unlimited automated fixes during the Early Access period.\n\nEARLY ACCESS PROGRAM BENEFITS:\n* Unlimited usage during Early Access\n* Priority support and feature requests\n* Exclusive pricing when we launch\n* Direct access to our development team\n\nBest,\nThe RSOLV Team\n\n---\nYou're receiving this email because you joined the RSOLV Early Access Program.\nIf you have any questions, simply reply to this email.\n\nRSOLV, Inc. • support@rsolv.dev\n\nTo unsubscribe, visit: https://rsolv.dev/unsubscribe?email=test@company.com\n", headers: %{"X-Postmark-Tag" => "early-access"}, attachments: [], assigns: %{}, private: %{tag: "early-access"}, blocked: false}

14:25:14.696 [info] [EMAIL DEBUG] Raw Postmark response
14:25:14.696 [info] [EMAIL] Email sent successfully via Postmark
14:25:14.696 [info] [EMAIL SEQUENCE] EmailService.send_early_access_welcome_email returned
14:25:14.696 [info] Attempting to tag subscriber
14:25:14.696 [info] ConvertKit: Attempting to tag test@company.com with tag test_tag_id
14:25:14.696 [info] ConvertKit: Successfully tagged test@company.com
14:25:14.696 [info] [EmailWorker] schedule_sequence called
14:25:14.696 [info] [EmailWorker] Found sequence
14:25:14.696 [info] [EmailWorker] Processing email config
14:25:14.696 [info] [EmailWorker] Skipping immediate email
14:25:14.696 [info] [EmailWorker] Processing email config
14:25:14.696 [info] [EmailWorker] Scheduling email
14:25:14.696 [info] [EmailWorker] Creating Oban job
14:25:14.697 [info] [EmailWorker] Job created
14:25:14.697 [info] Processing scheduled email
14:25:14.697 [error] Failed to send scheduled email
14:25:14.697 [info] [EmailWorker] Insert result
14:25:14.697 [info] [EmailWorker] Schedule result
14:25:14.697 [info] [EmailWorker] Processing email config
14:25:14.697 [info] [EmailWorker] Scheduling email
14:25:14.697 [info] [EmailWorker] Creating Oban job
14:25:14.697 [info] [EmailWorker] Job created
14:25:14.697 [info] Processing scheduled email
14:25:14.697 [info] [EMAIL DEBUG] Full email struct before sending
14:25:14.697 [info] [EMAIL DEBUG] Extracted recipient email
14:25:14.697 [info] [EMAIL DEBUG] Postmark configuration
14:25:14.697 [info] [EMAIL DEBUG] Email configuration
14:25:14.697 [info] [EMAIL] Attempting to send email via Postmark
14:25:14.697 [debug] Sending email with Bamboo.TestAdapter:

%Bamboo.Email{from: {"RSOLV Team", "support@rsolv.dev"}, to: [nil: "test@company.com"], cc: [], bcc: [], subject: "Verify Your RSOLV Setup - Need Any Help?", html_body: "<!DOCTYPE html>\n<html lang=\"en\">\n<head>\n  <meta charset=\"UTF-8\">\n  <meta name=\"viewport\" content=\"width=device-width, initial-scale=1.0\">\n  <title>Verify Your RSOLV Setup</title>\n  <style>\n    @import url('https://fonts.googleapis.com/css2?family=Space+Grotesk:wght@300;400;500;700&display=swap');\n    \n    body {\n      font-family: 'Space Grotesk', -apple-system, BlinkMacSystemFont, \"Segoe UI\", Roboto, Helvetica, Arial, sans-serif;\n      line-height: 1.6;\n      color: #333;\n      max-width: 600px;\n      margin: 0 auto;\n      padding: 20px;\n      background-color: #f8f9fa;\n    }\n    .container {\n      background-color: #ffffff;\n      border-radius: 8px;\n      padding: 30px;\n      box-shadow: 0 4px 6px rgba(0, 0, 0, 0.05);\n    }\n    .logo {\n      text-align: center;\n      margin-bottom: 30px;\n    }\n    .logo img {\n      max-width: 200px;\n    }\n    h1, h2, h3 {\n      color: #10b981;\n    }\n    .checklist {\n      background-color: #f3f4f6;\n      padding: 20px;\n      border-radius: 8px;\n      margin: 20px 0;\n    }\n    .checklist-item {\n      display: flex;\n      align-items: center;\n      margin-bottom: 15px;\n    }\n    .checklist-item input[type=\"checkbox\"] {\n      margin-right: 10px;\n    }\n    .status-box {\n      background-color: #fff3cd;\n      border: 1px solid #ffeaa7;\n      padding: 15px;\n      border-radius: 8px;\n      margin: 20px 0;\n    }\n    .success-box {\n      background-color: #d4edda;\n      border: 1px solid #c3e6cb;\n      padding: 15px;\n      border-radius: 8px;\n      margin: 20px 0;\n    }\n    .code {\n      background-color: #2d3748;\n      color: #e2e8f0;\n      padding: 15px;\n      border-radius: 5px;\n      font-family: 'Courier New', monospace;\n      overflow-x: auto;\n      margin: 15px 0;\n    }\n    .cta {\n      background-color: #10b981;\n      color: white;\n      padding: 12px 24px;\n      border-radius: 5px;\n      display: inline-block;\n      text-decoration: none;\n      font-weight: bold;\n      margin: 20px 0;\n    }\n    .footer {\n      margin-top: 40px;\n      font-size: 14px;\n      color: #6b7280;\n      border-top: 1px solid #e5e7eb;\n      padding-top: 20px;\n      text-align: center;\n    }\n  </style>\n</head>\n<body>\n  <div class=\"container\">\n    <div class=\"logo\">\n      <img src=\"https://rsolv.dev/images/rsolv_logo_transparent.png\" alt=\"RSOLV Logo\">\n    </div>\n    \n    <h1>Let's Verify Your RSOLV Setup</h1>\n    \n    <p>Hi {@first_name},</p>\n    \n    <p>It's been a few days since you signed up for RSOLV. We want to make sure you're all set up and ready to benefit from automated security scanning and remediation!</p>\n    \n    <div class=\"checklist\">\n      <h3>Quick Setup Checklist:</h3>\n      <div class=\"checklist-item\">\n        <input type=\"checkbox\" disabled> Connected your repositories for security scanning\n      </div>\n      <div class=\"checklist-item\">\n        <input type=\"checkbox\" disabled> Added the GitHub Action workflow for automated fixes\n      </div>\n      <div class=\"checklist-item\">\n        <input type=\"checkbox\" disabled> Set up your RSOLV_API_KEY as a repository secret\n      </div>\n      <div class=\"checklist-item\">\n        <input type=\"checkbox\" disabled> Reviewed security issues found by RSOLV\n      </div>\n      <div class=\"checklist-item\">\n        <input type=\"checkbox\" disabled> Generated and merged your first security fix PR\n      </div>\n    </div>\n    \n    <h2>Need Help with Setup?</h2>\n    \n    <p>If you haven't completed setup yet, here's a quick reminder of the steps:</p>\n    \n    <div class=\"code\">\n# In .github/workflows/rsolv.yml:\nname: RSOLV Security Fixes\n\non:\n  issues:\n    types: [labeled]\n\njobs:\n  security-fix:\n    if: contains(github.event.issue.labels.*.name, 'rsolv:automate')\n    runs-on: ubuntu-latest\n    steps:\n      - uses: rsolv-dev/rsolv-action@v1\n        with:\n          github-token: ${\"{{ secrets.GITHUB_TOKEN }}\"}\n          rsolv-api-key: ${\"{{ secrets.RSOLV_API_KEY }}\"}\n    </div>\n    \n    <div class=\"status-box\">\n      <strong>🎁 Remember:</strong> Your first 10 fixes are completely free! No credit card required. After that, you only pay $15 per fix that gets deployed.\n   " <> ..., text_body: "Let's Verify Your RSOLV Setup\n\nHi Test,\n\nIt's been a few days since you signed up for RSOLV. We want to make sure you're all set up and ready to automate your issue resolution!\n\nQuick Setup Checklist:\n[ ] Added the GitHub Action workflow to your repository\n[ ] Set up your RSOLV_API_KEY as a repository secret\n[ ] Tagged your first issue with \"rsolv:automate\"\n[ ] Reviewed and merged your first automated PR\n\nNeed Help with Setup?\nIf you haven't completed setup yet, visit: https://rsolv.dev/docs/getting-started\n\nRemember: Your first 10 fixes are completely free! No credit card required. After that, you only pay $15 per fix that gets deployed.\n\nCommon Questions:\n- Where do I get my API key? Check your welcome email or visit your dashboard\n- Can I use RSOLV on private repos? Yes! RSOLV works with both public and private repositories\n- What types of issues can RSOLV fix? Bug fixes, security vulnerabilities, performance issues, and more\n- How secure is it? We analyze every fix for security vulnerabilities before creating PRs\n\nPro Tip: Start with a simple issue first - something like \"Fix typo in README\" or \"Update deprecated function calls\".\n\nReady to get started? Tag an issue with \"rsolv:automate\" and watch the magic happen!\n\nIf you're stuck or have questions, just reply to this email.\n\nBest regards,\nThe RSOLV Team\n\n---\nTo unsubscribe, visit: https://rsolv.dev/unsubscribe?email=test@company.com\n", headers: %{"X-Postmark-Tag" => "setup-verification"}, attachments: [], assigns: %{}, private: %{tag: "setup-verification"}, blocked: false}

14:25:14.697 [info] [EMAIL DEBUG] Raw Postmark response
14:25:14.697 [info] [EMAIL] Email sent successfully via Postmark
14:25:14.697 [info] Successfully sent scheduled email
14:25:14.697 [info] [EmailWorker] Insert result
14:25:14.697 [info] [EmailWorker] Schedule result
14:25:14.697 [info] [EmailWorker] Processing email config
14:25:14.697 [info] [EmailWorker] Scheduling email
14:25:14.697 [info] [EmailWorker] Creating Oban job
14:25:14.697 [info] [EmailWorker] Job created
14:25:14.697 [info] Processing scheduled email
14:25:14.698 [info] [EMAIL DEBUG] Full email struct before sending
14:25:14.698 [info] [EMAIL DEBUG] Extracted recipient email
14:25:14.698 [info] [EMAIL DEBUG] Postmark configuration
14:25:14.698 [info] [EMAIL DEBUG] Email configuration
14:25:14.698 [info] [EMAIL] Attempting to send email via Postmark
14:25:14.698 [debug] Sending email with Bamboo.TestAdapter:

%Bamboo.Email{from: {"RSOLV Team", "support@rsolv.dev"}, to: [nil: "test@company.com"], cc: [], bcc: [], subject: "Advanced RSOLV Features You Might Have Missed", html_body: "<!DOCTYPE html>\n<html lang=\"en\">\n<head>\n  <meta charset=\"UTF-8\">\n  <meta name=\"viewport\" content=\"width=device-width, initial-scale=1.0\">\n  <title>Advanced RSOLV Features</title>\n  <style>\n    @import url('https://fonts.googleapis.com/css2?family=Space+Grotesk:wght@300;400;500;700&display=swap');\n    \n    body {\n      font-family: 'Space Grotesk', -apple-system, BlinkMacSystemFont, \"Segoe UI\", Roboto, Helvetica, Arial, sans-serif;\n      line-height: 1.6;\n      color: #333;\n      max-width: 600px;\n      margin: 0 auto;\n      padding: 20px;\n      background-color: #f8f9fa;\n    }\n    .container {\n      background-color: #ffffff;\n      border-radius: 8px;\n      padding: 30px;\n      box-shadow: 0 4px 6px rgba(0, 0, 0, 0.05);\n    }\n    .logo {\n      text-align: center;\n      margin-bottom: 30px;\n    }\n    .logo img {\n      max-width: 200px;\n    }\n    h1, h2, h3 {\n      color: #10b981;\n    }\n    .feature-card {\n      background-color: #f3f4f6;\n      padding: 20px;\n      border-radius: 8px;\n      margin-bottom: 20px;\n      border-left: 4px solid #10b981;\n    }\n    .feature-card h3 {\n      margin-top: 0;\n    }\n    .code {\n      background-color: #2d3748;\n      color: #e2e8f0;\n      padding: 15px;\n      border-radius: 5px;\n      font-family: 'Courier New', monospace;\n      overflow-x: auto;\n      margin: 15px 0;\n      font-size: 14px;\n    }\n    .pro-tip {\n      background-color: #fff3cd;\n      border: 1px solid #ffeaa7;\n      padding: 15px;\n      border-radius: 8px;\n      margin: 20px 0;\n    }\n    .security-highlight {\n      background-color: #d4edda;\n      border: 1px solid #c3e6cb;\n      padding: 15px;\n      border-radius: 8px;\n      margin: 20px 0;\n    }\n    .cta {\n      background-color: #10b981;\n      color: white;\n      padding: 12px 24px;\n      border-radius: 5px;\n      display: inline-block;\n      text-decoration: none;\n      font-weight: bold;\n      margin: 20px 0;\n    }\n    .footer {\n      margin-top: 40px;\n      font-size: 14px;\n      color: #6b7280;\n      border-top: 1px solid #e5e7eb;\n      padding-top: 20px;\n      text-align: center;\n    }\n  </style>\n</head>\n<body>\n  <div class=\"container\">\n    <div class=\"logo\">\n      <img src=\"https://rsolv.dev/images/rsolv_logo_transparent.png\" alt=\"RSOLV Logo\">\n    </div>\n    \n    <h1>Unlock the Full Power of RSOLV</h1>\n    \n    <p>Hi {@first_name},</p>\n    \n    <p>You've been using RSOLV for a few days now. Here are some advanced features and techniques that can help you get even more value from automated security scanning and vulnerability remediation:</p>\n    \n    <div class=\"feature-card\">\n      <h3>🎯 Understanding RSOLV's Proactive Scanning</h3>\n      <p>RSOLV continuously scans your repositories for security vulnerabilities and automatically creates issues with detailed remediation plans:</p>\n      <ul>\n        <li><strong>Automated detection:</strong> Scans all files for 180+ vulnerability patterns (and growing)</li>\n        <li><strong>Smart grouping:</strong> Groups similar issues for efficient review</li>\n        <li><strong>Detailed reports:</strong> Shows exact file locations and vulnerable code</li>\n        <li><strong>Fix generation:</strong> Creates secure PRs that address root causes</li>\n      </ul>\n    </div>\n    \n    <div class=\"feature-card\">\n      <h3>🔒 Comprehensive Security Coverage</h3>\n      <p>RSOLV proactively detects and fixes these vulnerability types across your codebase:</p>\n      <ul>\n        <li>SQL/NoSQL injection vulnerabilities</li>\n        <li>Cross-site scripting (XSS) risks</li>\n        <li>Authentication/authorization flaws</li>\n        <li>Insecure cryptographic implementations</li>\n        <li>Hardcoded secrets and API keys</li>\n        <li>Path traversal and open redirects</li>\n        <li>Insecure dependencies and configurations</li>\n      </ul>\n      <p>Each PR includes a detailed security impact assessment and verification tests.</p>\n    </div>\n    \n    <div class=\"security-highlight\">\n      <strong>🛡️ Security Example:</strong> When RSOLV detects unsafe user input handling, it automatically generates fixes with proper sanitization, p" <> ..., text_body: "Unlock the Full Power of RSOLV\n\nHi Test,\n\nYou've been using RSOLV for a few days now. Here are some advanced features and techniques:\n\n1. Writing Better Issues for Better Fixes:\n   - Include error messages: Copy the full stack trace\n   - Specify the file/function: \"Fix pagination in UserList.js\"\n   - Describe expected behavior: \"Should show 10 users per page\"\n   - Add context: \"This broke after upgrading to React 18\"\n\n2. Security-First Fixes:\n   RSOLV automatically scans for:\n   - SQL injection vulnerabilities\n   - Cross-site scripting (XSS) risks\n   - Authentication/authorization issues\n   - Insecure dependencies\n   - Hardcoded secrets or API keys\n\n3. Batch Processing:\n   Tag multiple issues with \"rsolv:automate\" and RSOLV creates separate PRs for each.\n\n4. Customizing RSOLV Behavior:\n   Add these tags to your issues:\n   - [performance] - Optimize for speed\n   - [security] - Extra security focus\n   - [minimal] - Smallest possible change\n   - [refactor] - Clean up while fixing\n\nComing Soon:\n- Support for more languages (Go, Rust, PHP)\n- Custom fix preferences per repository\n- Team collaboration features\n- Integration with more platforms\n\nHave a feature request? Just reply to this email!\n\nView advanced documentation: https://rsolv.dev/docs/advanced\n\nBest regards,\nThe RSOLV Team\n\n---\nTo unsubscribe, visit: https://rsolv.dev/unsubscribe?email=test@company.com\n", headers: %{"X-Postmark-Tag" => "feature-deep-dive"}, attachments: [], assigns: %{}, private: %{tag: "feature-deep-dive"}, blocked: false}

14:25:14.698 [info] [EMAIL DEBUG] Raw Postmark response
14:25:14.698 [info] [EMAIL] Email sent successfully via Postmark
14:25:14.698 [info] Successfully sent scheduled email
14:25:14.698 [info] [EmailWorker] Insert result
14:25:14.698 [info] [EmailWorker] Schedule result
14:25:14.698 [info] [EmailWorker] Processing email config
14:25:14.698 [info] [EmailWorker] Scheduling email
14:25:14.698 [info] [EmailWorker] Creating Oban job
14:25:14.698 [info] [EmailWorker] Job created
14:25:14.698 [info] Processing scheduled email
14:25:14.698 [info] [EMAIL DEBUG] Full email struct before sending
14:25:14.698 [info] [EMAIL DEBUG] Extracted recipient email
14:25:14.698 [info] [EMAIL DEBUG] Postmark configuration
14:25:14.698 [info] [EMAIL DEBUG] Email configuration
14:25:14.698 [info] [EMAIL] Attempting to send email via Postmark
14:25:14.698 [debug] Sending email with Bamboo.TestAdapter:

%Bamboo.Email{from: {"RSOLV Team", "support@rsolv.dev"}, to: [nil: "test@company.com"], cc: [], bcc: [], subject: "How's Your Experience with RSOLV?", html_body: "<!DOCTYPE html>\n<html lang=\"en\">\n<head>\n  <meta charset=\"UTF-8\">\n  <meta name=\"viewport\" content=\"width=device-width, initial-scale=1.0\">\n  <title>How's Your RSOLV Experience?</title>\n  <style>\n    @import url('https://fonts.googleapis.com/css2?family=Space+Grotesk:wght@300;400;500;700&display=swap');\n    \n    body {\n      font-family: 'Space Grotesk', -apple-system, BlinkMacSystemFont, \"Segoe UI\", Roboto, Helvetica, Arial, sans-serif;\n      line-height: 1.6;\n      color: #333;\n      max-width: 600px;\n      margin: 0 auto;\n      padding: 20px;\n      background-color: #f8f9fa;\n    }\n    .container {\n      background-color: #ffffff;\n      border-radius: 8px;\n      padding: 30px;\n      box-shadow: 0 4px 6px rgba(0, 0, 0, 0.05);\n    }\n    .logo {\n      text-align: center;\n      margin-bottom: 30px;\n    }\n    .logo img {\n      max-width: 200px;\n    }\n    h1, h2, h3 {\n      color: #10b981;\n    }\n    .survey-card {\n      background-color: #f3f4f6;\n      padding: 20px;\n      border-radius: 8px;\n      margin: 20px 0;\n      text-align: center;\n    }\n    .rating-container {\n      display: flex;\n      justify-content: center;\n      gap: 10px;\n      margin: 20px 0;\n    }\n    .rating-box {\n      width: 40px;\n      height: 40px;\n      border: 2px solid #10b981;\n      border-radius: 8px;\n      display: flex;\n      align-items: center;\n      justify-content: center;\n      text-decoration: none;\n      color: #10b981;\n      font-weight: bold;\n      transition: all 0.3s ease;\n    }\n    .rating-box:hover {\n      background-color: #10b981;\n      color: white;\n    }\n    .question-box {\n      background-color: #f9fafb;\n      padding: 20px;\n      border-radius: 8px;\n      margin: 20px 0;\n      border-left: 4px solid #10b981;\n    }\n    .success-story {\n      background-color: #d4edda;\n      border: 1px solid #c3e6cb;\n      padding: 15px;\n      border-radius: 8px;\n      margin: 20px 0;\n    }\n    .cta {\n      background-color: #10b981;\n      color: white;\n      padding: 12px 24px;\n      border-radius: 5px;\n      display: inline-block;\n      text-decoration: none;\n      font-weight: bold;\n      margin: 20px 0;\n    }\n    .cta-secondary {\n      background-color: #6b7280;\n      color: white;\n      padding: 12px 24px;\n      border-radius: 5px;\n      display: inline-block;\n      text-decoration: none;\n      font-weight: bold;\n      margin: 20px 0;\n    }\n    .footer {\n      margin-top: 40px;\n      font-size: 14px;\n      color: #6b7280;\n      border-top: 1px solid #e5e7eb;\n      padding-top: 20px;\n      text-align: center;\n    }\n  </style>\n</head>\n<body>\n  <div class=\"container\">\n    <div class=\"logo\">\n      <img src=\"https://rsolv.dev/images/rsolv_logo_transparent.png\" alt=\"RSOLV Logo\">\n    </div>\n    \n    <h1>Quick Check-In: How's RSOLV Working for You?</h1>\n    \n    <p>Hi {@first_name},</p>\n    \n    <p>You've been using RSOLV for a week now, and we'd love to hear about your experience! Your feedback helps us make RSOLV better for everyone.</p>\n    \n    <div class=\"survey-card\">\n      <h3>How likely are you to recommend RSOLV to a colleague?</h3>\n      <p>Click a number below:</p>\n      <div class=\"rating-container\">\n        <a href=\"https://rsolv.dev/feedback?rating=1&email={@email}\" class=\"rating-box\">1</a>\n        <a href=\"https://rsolv.dev/feedback?rating=2&email={@email}\" class=\"rating-box\">2</a>\n        <a href=\"https://rsolv.dev/feedback?rating=3&email={@email}\" class=\"rating-box\">3</a>\n        <a href=\"https://rsolv.dev/feedback?rating=4&email={@email}\" class=\"rating-box\">4</a>\n        <a href=\"https://rsolv.dev/feedback?rating=5&email={@email}\" class=\"rating-box\">5</a>\n        <a href=\"https://rsolv.dev/feedback?rating=6&email={@email}\" class=\"rating-box\">6</a>\n        <a href=\"https://rsolv.dev/feedback?rating=7&email={@email}\" class=\"rating-box\">7</a>\n        <a href=\"https://rsolv.dev/feedback?rating=8&email={@email}\" class=\"rating-box\">8</a>\n        <a href=\"https://rsolv.dev/feedback?rating=9&email={@email}\" class=\"rating-box\">9</a>\n        <a href=\"https://rsolv.dev/feedback?rating=10&email={@email}\" class=\"rating-box\">10</a>\n      </div>\n" <> ..., text_body: "Quick Check-In: How's RSOLV Working for You?\n\nHi Test,\n\nYou've been using RSOLV for a week now, and we'd love to hear about your experience!\n\nHow likely are you to recommend RSOLV to a colleague?\nRate us from 1-10: https://rsolv.dev/feedback?email=test@company.com\n\nThree Quick Questions:\n1. What's been your favorite RSOLV fix so far?\n2. What feature would you like to see next?\n3. Any challenges or friction points?\n\nJust hit reply and share your thoughts - we read every response!\n\nDid You Know?\nHere are some ways other teams are using RSOLV:\n- Security audits: Tag all security-related issues for automated fixes\n- Tech debt cleanup: Fix deprecated function calls across the codebase\n- Onboarding tool: Let new devs see how fixes should be implemented\n- Weekend warrior: Queue up fixes on Friday, review on Monday\n\nThanks for being an early adopter!\n\nBest regards,\nDylan & The RSOLV Team\n\nP.S. If RSOLV has saved you time this week, we'd love to hear about it!\n\n---\nTo unsubscribe, visit: https://rsolv.dev/unsubscribe?email=test@company.com\n", headers: %{"X-Postmark-Tag" => "feedback-request"}, attachments: [], assigns: %{}, private: %{tag: "feedback-request"}, blocked: false}

14:25:14.698 [info] [EMAIL DEBUG] Raw Postmark response
14:25:14.698 [info] [EMAIL] Email sent successfully via Postmark
14:25:14.698 [info] Successfully sent scheduled email
14:25:14.699 [info] [EmailWorker] Insert result
14:25:14.699 [info] [EmailWorker] Schedule result
14:25:14.699 [info] [EmailWorker] Processing email config
14:25:14.699 [info] [EmailWorker] Scheduling email
14:25:14.699 [info] [EmailWorker] Creating Oban job
14:25:14.699 [info] [EmailWorker] Job created
14:25:14.699 [info] Processing scheduled email
14:25:14.699 [info] [EMAIL DEBUG] Full email struct before sending
14:25:14.699 [info] [EMAIL DEBUG] Extracted recipient email
14:25:14.699 [info] [EMAIL DEBUG] Postmark configuration
14:25:14.699 [info] [EMAIL DEBUG] Email configuration
14:25:14.699 [info] [EMAIL] Attempting to send email via Postmark
14:25:14.699 [debug] Sending email with Bamboo.TestAdapter:

%Bamboo.Email{from: {"RSOLV Team", "support@rsolv.dev"}, to: [nil: "test@company.com"], cc: [], bcc: [], subject: "Your RSOLV Success Report", html_body: "<!DOCTYPE html>\n<html lang=\"en\">\n<head>\n  <meta charset=\"UTF-8\">\n  <meta name=\"viewport\" content=\"width=device-width, initial-scale=1.0\">\n  <title>Your RSOLV Success Report</title>\n  <style>\n    @import url('https://fonts.googleapis.com/css2?family=Space+Grotesk:wght@300;400;500;700&display=swap');\n    \n    body {\n      font-family: 'Space Grotesk', -apple-system, BlinkMacSystemFont, \"Segoe UI\", Roboto, Helvetica, Arial, sans-serif;\n      line-height: 1.6;\n      color: #333;\n      max-width: 600px;\n      margin: 0 auto;\n      padding: 20px;\n      background-color: #f8f9fa;\n    }\n    .container {\n      background-color: #ffffff;\n      border-radius: 8px;\n      padding: 30px;\n      box-shadow: 0 4px 6px rgba(0, 0, 0, 0.05);\n    }\n    .logo {\n      text-align: center;\n      margin-bottom: 30px;\n    }\n    .logo img {\n      max-width: 200px;\n    }\n    h1, h2, h3 {\n      color: #10b981;\n    }\n    .stats-grid {\n      display: grid;\n      grid-template-columns: 1fr 1fr;\n      gap: 20px;\n      margin: 30px 0;\n    }\n    .stat-card {\n      background-color: #f3f4f6;\n      padding: 20px;\n      border-radius: 8px;\n      text-align: center;\n      border-top: 4px solid #10b981;\n    }\n    .stat-number {\n      font-size: 36px;\n      font-weight: bold;\n      color: #10b981;\n      margin: 10px 0;\n    }\n    .stat-label {\n      color: #6b7280;\n      font-size: 14px;\n    }\n    .achievement-banner {\n      background: linear-gradient(135deg, #10b981 0%, #059669 100%);\n      color: white;\n      padding: 20px;\n      border-radius: 8px;\n      text-align: center;\n      margin: 20px 0;\n    }\n    .timeline {\n      margin: 30px 0;\n    }\n    .timeline-item {\n      display: flex;\n      margin-bottom: 20px;\n      align-items: flex-start;\n    }\n    .timeline-marker {\n      width: 40px;\n      height: 40px;\n      background-color: #10b981;\n      color: white;\n      border-radius: 50%;\n      display: flex;\n      align-items: center;\n      justify-content: center;\n      flex-shrink: 0;\n      margin-right: 15px;\n    }\n    .timeline-content {\n      flex-grow: 1;\n    }\n    .pricing-highlight {\n      background-color: #fff3cd;\n      border: 1px solid #ffeaa7;\n      padding: 20px;\n      border-radius: 8px;\n      margin: 20px 0;\n      text-align: center;\n    }\n    .cta {\n      background-color: #10b981;\n      color: white;\n      padding: 12px 24px;\n      border-radius: 5px;\n      display: inline-block;\n      text-decoration: none;\n      font-weight: bold;\n      margin: 20px 0;\n    }\n    .cta-secondary {\n      background-color: #2563eb;\n      color: white;\n      padding: 12px 24px;\n      border-radius: 5px;\n      display: inline-block;\n      text-decoration: none;\n      font-weight: bold;\n      margin: 20px 0;\n    }\n    .footer {\n      margin-top: 40px;\n      font-size: 14px;\n      color: #6b7280;\n      border-top: 1px solid #e5e7eb;\n      padding-top: 20px;\n      text-align: center;\n    }\n    @media (max-width: 600px) {\n      .stats-grid {\n        grid-template-columns: 1fr;\n      }\n    }\n  </style>\n</head>\n<body>\n  <div class=\"container\">\n    <div class=\"logo\">\n      <img src=\"https://rsolv.dev/images/rsolv_logo_transparent.png\" alt=\"RSOLV Logo\">\n    </div>\n    \n    <h1>Your 2-Week RSOLV Success Report 🎉</h1>\n    \n    <p>Hi {@first_name},</p>\n    \n    <p>Congratulations! You've been using RSOLV for two weeks. Here's a snapshot of what we've accomplished together:</p>\n    \n    <div class=\"stats-grid\">\n      <div class=\"stat-card\">\n        <div class=\"stat-label\">Issues Fixed</div>\n        <div class=\"stat-number\">{Map.get(@usage_stats || %{}, :issues_fixed, 0)}</div>\n      </div>\n      <div class=\"stat-card\">\n        <div class=\"stat-label\">PRs Created</div>\n        <div class=\"stat-number\">{Map.get(@usage_stats || %{}, :prs_created, 0)}</div>\n      </div>\n      <div class=\"stat-card\">\n        <div class=\"stat-label\">Time Saved</div>\n        <div class=\"stat-number\">{Map.get(@usage_stats || %{}, :time_saved, \"0 hrs\")}</div>\n      </div>\n      <div class=\"stat-card\">\n        <div class=\"stat-label\">Security Issues Found</div>\n        <div class=\"stat-number\">{Map.ge" <> ..., text_body: "Your 2-Week RSOLV Success Report\n\nHi Test,\n\nCongratulations! You've been using RSOLV for two weeks. Here's what we've accomplished together:\n\nYour Stats:\n- Issues Fixed: Check your dashboard\n- PRs Created: Check your dashboard\n- Time Saved: Check your dashboard\n- Security Issues Found: Check your dashboard\n\nYour Trial Status:\nCheck how many free fixes you have remaining at: https://rsolv.dev/dashboard\n\nWhat's Next?\n- Expand to more repositories\n- Automate security audits\n- Clean up tech debt\n- Train your team\n\nNeed Help Scaling Up?\nI'd love to help you get even more value from RSOLV:\n- Schedule a 15-minute optimization call\n- Get best practices for your specific tech stack\n- Learn about volume discounts for teams\n\nJust reply to this email and let me know how I can help!\n\nThanks for being part of the RSOLV community.\n\nBest regards,\nDylan Fitzgerald\nFounder, RSOLV\n\nP.S. If RSOLV has been valuable to your team, I'd be grateful if you could share a quick testimonial.\n\n---\nTo unsubscribe, visit: https://rsolv.dev/unsubscribe?email=test@company.com\n", headers: %{"X-Postmark-Tag" => "success-checkin"}, attachments: [], assigns: %{}, private: %{tag: "success-checkin"}, blocked: false}

14:25:14.699 [info] [EMAIL DEBUG] Raw Postmark response
14:25:14.699 [info] [EMAIL] Email sent successfully via Postmark
14:25:14.699 [info] Successfully sent scheduled email
14:25:14.699 [info] [EmailWorker] Insert result
14:25:14.699 [info] [EmailWorker] Schedule result
14:25:14.699 [info] [HOME LIVE] About to send admin notification email
14:25:14.699 [debug] Sending email with Bamboo.TestAdapter:

%Bamboo.Email{from: {"RSOLV Team", "support@rsolv.dev"}, to: [nil: "admin@rsolv.dev"], cc: [], bcc: [], subject: "🎉 New RSOLV Signup: test@company.com", html_body: "<!DOCTYPE html>\n<html>\n<head>\n  <meta charset=\"utf-8\">\n  <style>\n    body { font-family: -apple-system, BlinkMacSystemFont, 'Segoe UI', Roboto, sans-serif; line-height: 1.6; color: #333; }\n    .container { max-width: 600px; margin: 0 auto; padding: 20px; }\n    .header { background: #10b981; color: white; padding: 20px; border-radius: 8px 8px 0 0; }\n    .content { background: #f9fafb; padding: 20px; border: 1px solid #e5e7eb; border-radius: 0 0 8px 8px; }\n    .metric { display: inline-block; margin: 10px 20px 10px 0; }\n    .metric-label { font-size: 12px; color: #6b7280; text-transform: uppercase; }\n    .metric-value { font-size: 18px; font-weight: bold; color: #111827; }\n    .details { background: white; padding: 15px; border-radius: 4px; margin: 15px 0; }\n    .detail-row { display: flex; justify-content: space-between; padding: 8px 0; border-bottom: 1px solid #f3f4f6; }\n    .detail-row:last-child { border-bottom: none; }\n    .detail-label { font-weight: 500; color: #6b7280; }\n    .detail-value { color: #111827; }\n    .utm-badge { display: inline-block; background: #dbeafe; color: #1e40af; padding: 2px 8px; border-radius: 4px; font-size: 12px; margin-left: 4px; }\n  </style>\n</head>\n<body>\n  <div class=\"container\">\n    <div class=\"header\">\n      <h1 style=\"margin: 0; font-size: 24px;\">🎉 New RSOLV Signup!</h1>\n      <p style=\"margin: 5px 0 0 0; opacity: 0.9;\">September 11, 2025 at 08:25 PM UTC</p>\n    </div>\n    \n    <div class=\"content\">\n      <div class=\"metric\">\n        <div class=\"metric-label\">Email</div>\n        <div class=\"metric-value\">test@company.com</div>\n      </div>\n      \n      <div class=\"metric\">\n              <div class=\"metric-label\">Company</div>\n              <div class=\"metric-value\"></div>\n            </div>\n      \n      <div class=\"details\">\n        <h3 style=\"margin-top: 0;\">Signup Details</h3>\n        \n        <div class=\"detail-row\">\n          <span class=\"detail-label\">Source</span>\n          <span class=\"detail-value\">\n            landing_page_liveview\n            \n          </span>\n        </div>\n        \n        \n        \n        \n        \n        \n      </div>\n      \n      <div style=\"margin-top: 20px; text-align: center;\">\n        <a href=\"https://rsolv.dev/live/dashboard\" style=\"display: inline-block; background: #10b981; color: white; padding: 10px 20px; text-decoration: none; border-radius: 4px;\">\n          View Dashboard\n        </a>\n      </div>\n    </div>\n  </div>\n</body>\n</html>\n", text_body: "🎉 New RSOLV Signup!\n\nEmail: test@company.com\nCompany: \n\nTime: September 11, 2025 at 08:25 PM UTC\n\nSource Details:\n- Source: landing_page_liveview\n\n\n\n\n\nView full dashboard: https://rsolv.dev/live/dashboard\n", headers: %{"Message-ID" => "<1757622314.673858@rsolv.dev>", "X-Postmark-Tag" => "admin-notification", "X-Priority" => "1"}, attachments: [], assigns: %{}, private: %{tag: "admin-notification"}, blocked: false}

14:25:14.699 [info] [HOME LIVE] Successfully sent admin notification email
14:25:14.699 [debug] Replied in 4ms
.14:25:14.701 request_id=GGRULtUZZq-t73EAABIY [info] GET /
14:25:14.701 request_id=GGRULtUZZq-t73EAABIY [debug] Processing with RsolvWeb.HomeLive.index/2
  Parameters: %{}
  Pipelines: [:browser]
14:25:14.701 request_id=GGRULtUZZq-t73EAABIY [info] Analytics event tracked
14:25:14.702 request_id=GGRULtUZZq-t73EAABIY [debug] QUERY OK db=0.1ms
SELECT create_analytics_partition_if_not_exists($1::date) [~D[2025-09-11]]
14:25:14.702 request_id=GGRULtUZZq-t73EAABIY [debug] QUERY OK source="analytics_events" db=0.1ms
INSERT INTO "analytics_events" ("metadata","event_type","visitor_id","page_path","inserted_at","updated_at") VALUES ($1,$2,$3,$4,$5,$6) RETURNING "id" [%{}, "page_view", "d678e8f245341a86ef08bcc2dd59d333", "/", ~N[2025-09-11 20:25:14], ~N[2025-09-11 20:25:14]]
14:25:14.702 request_id=GGRULtUZZq-t73EAABIY [debug] QUERY OK source="fun_with_flags_toggles" db=0.0ms
SELECT f0."id", f0."flag_name", f0."gate_type", f0."target", f0."enabled" FROM "fun_with_flags_toggles" AS f0 WHERE (f0."flag_name" = $1) ["blog"]
14:25:14.702 request_id=GGRULtUZZq-t73EAABIY [debug] Telemetry event: [:fun_with_flags, :persistence, :read], metadata: %{flag_name: :blog, gate: nil}, measurements: %{system_time: 1757622314702595284}
14:25:14.702 request_id=GGRULtUZZq-t73EAABIY [info] ROI Calculator LiveComponent mounting...
14:25:14.702 request_id=GGRULtUZZq-t73EAABIY [info] ROI Calculator LiveComponent mounted
14:25:14.702 request_id=GGRULtUZZq-t73EAABIY [info] Sent 200 in 1ms
14:25:14.703 [debug] MOUNT RsolvWeb.HomeLive
  Parameters: %{}
  Session: %{"_csrf_token" => "xM_Wvpwcoq1NQDgNbxXjE4Bj"}
14:25:14.703 [info] Analytics event tracked
14:25:14.703 [debug] QUERY OK db=0.1ms
SELECT create_analytics_partition_if_not_exists($1::date) [~D[2025-09-11]]
14:25:14.704 [debug] QUERY OK source="analytics_events" db=0.0ms
INSERT INTO "analytics_events" ("metadata","event_type","visitor_id","page_path","inserted_at","updated_at") VALUES ($1,$2,$3,$4,$5,$6) RETURNING "id" [%{}, "page_view", "aefef4ea0a3e37264f1118b718d3bdcf", "/", ~N[2025-09-11 20:25:14], ~N[2025-09-11 20:25:14]]
14:25:14.704 [debug] Replied in 403µs
14:25:14.704 [debug] QUERY OK source="fun_with_flags_toggles" db=0.0ms
SELECT f0."id", f0."flag_name", f0."gate_type", f0."target", f0."enabled" FROM "fun_with_flags_toggles" AS f0 WHERE (f0."flag_name" = $1) ["blog"]
14:25:14.704 [debug] Telemetry event: [:fun_with_flags, :persistence, :read], metadata: %{flag_name: :blog, gate: nil}, measurements: %{system_time: 1757622314704212340}
14:25:14.704 [info] ROI Calculator LiveComponent mounting...
14:25:14.704 [info] ROI Calculator LiveComponent mounted
.14:25:14.706 request_id=GGRULtVew8X4Hy8AAHgC [info] POST /api/webhooks/github
14:25:14.706 request_id=GGRULtVew8X4Hy8AAHgC [debug] Processing with RsolvWeb.WebhookController.github/2
  Parameters: %{"action" => "opened", "pull_request" => %{"base" => %{"repo" => %{"name" => "test-repo", "owner" => %{"login" => "test-org"}}}, "body" => "This is a regular PR, not from RSOLV", "number" => 44, "title" => "Regular PR"}}
  Pipelines: [:api]
14:25:14.707 request_id=GGRULtVew8X4Hy8AAHgC [debug] Raw body in controller: "{\"action\":\"opened\",\"pull_request\":{\"base\":{\"repo\":{\"name\":\"test-repo\",\"owner\":{\"login\":\"test-org\"}}},\"body\":\"This is a regular PR, not from RSOLV\",\"number\":44,\"title\":\"Regular PR\"}}"
14:25:14.707 request_id=GGRULtVew8X4Hy8AAHgC [info] Routing GitHub event: "pull_request"
14:25:14.707 request_id=GGRULtVew8X4Hy8AAHgC [info] Handling pull_request event with action: "opened"
14:25:14.707 request_id=GGRULtVew8X4Hy8AAHgC [info] Evaluating PR: Regular PR
14:25:14.707 request_id=GGRULtVew8X4Hy8AAHgC [debug] RSOLV PR identification:
- Has label: 
- Has branch prefix: 
- Has title prefix: false
- Has body pattern: false

14:25:14.707 request_id=GGRULtVew8X4Hy8AAHgC [info] Not a RSOLV PR, ignoring
14:25:14.707 request_id=GGRULtVew8X4Hy8AAHgC [info] Webhook processed successfully: :ignored
14:25:14.707 request_id=GGRULtVew8X4Hy8AAHgC [info] Sent 200 in 1ms
14:25:14.708 request_id=GGRULtVew8X4Hy8AAHgC [debug] QUERY OK source="fix_attempts" db=0.1ms queue=0.2ms
SELECT f0."id", f0."github_org", f0."repo_name", f0."issue_number", f0."pr_number", f0."status", f0."merged_at", f0."billing_status", f0."requires_manual_approval", f0."approved_by", f0."approved_at", f0."approval_notes", f0."platform", f0."customer_id", f0."api_key_used", f0."pr_title", f0."pr_url", f0."issue_title", f0."issue_url", f0."commit_sha", f0."merged_by", f0."metadata", f0."amount", f0."currency", f0."billed_at", f0."refunded_at", f0."inserted_at", f0."updated_at" FROM "fix_attempts" AS f0 WHERE (f0."pr_number" = $1) [44]
.14:25:14.708 request_id=GGRULtWBF8YiLmIAABMY [info] POST /api/webhooks/github
14:25:14.708 request_id=GGRULtWBF8YiLmIAABMY [debug] Processing with RsolvWeb.WebhookController.github/2
  Parameters: %{"action" => "opened", "pull_request" => %{"base" => %{"repo" => %{"name" => "test-repo", "owner" => %{"login" => "test-org"}}}, "body" => "Fixes #100\n\nThis PR addresses the SQL injection vulnerability.\n\nGenerated by RSOLV", "html_url" => "https://github.com/test-org/test-repo/pull/42", "number" => 42, "title" => "Fix SQL injection in user controller"}}
  Pipelines: [:api]
14:25:14.708 request_id=GGRULtWBF8YiLmIAABMY [debug] Raw body in controller: "{\"action\":\"opened\",\"pull_request\":{\"base\":{\"repo\":{\"name\":\"test-repo\",\"owner\":{\"login\":\"test-org\"}}},\"body\":\"Fixes #100\\n\\nThis PR addresses the SQL injection vulnerability.\\n\\nGenerated by RSOLV\",\"html_url\":\"https://github.com/test-org/test-repo/pull/42\",\"number\":42,\"title\":\"Fix SQL injection in user controller\"}}"
14:25:14.708 request_id=GGRULtWBF8YiLmIAABMY [info] Routing GitHub event: "pull_request"
14:25:14.708 request_id=GGRULtWBF8YiLmIAABMY [info] Handling pull_request event with action: "opened"
14:25:14.708 request_id=GGRULtWBF8YiLmIAABMY [info] Evaluating PR: Fix SQL injection in user controller
14:25:14.708 request_id=GGRULtWBF8YiLmIAABMY [debug] RSOLV PR identification:
- Has label: 
- Has branch prefix: 
- Has title prefix: false
- Has body pattern: true

14:25:14.708 request_id=GGRULtWBF8YiLmIAABMY [info] Identified as RSOLV PR, tracking...
14:25:14.708 request_id=GGRULtWBF8YiLmIAABMY [debug] QUERY OK source="fix_attempts" db=0.1ms
SELECT f0."id", f0."github_org", f0."repo_name", f0."issue_number", f0."pr_number", f0."status", f0."merged_at", f0."billing_status", f0."requires_manual_approval", f0."approved_by", f0."approved_at", f0."approval_notes", f0."platform", f0."customer_id", f0."api_key_used", f0."pr_title", f0."pr_url", f0."issue_title", f0."issue_url", f0."commit_sha", f0."merged_by", f0."metadata", f0."amount", f0."currency", f0."billed_at", f0."refunded_at", f0."inserted_at", f0."updated_at" FROM "fix_attempts" AS f0 WHERE (((f0."github_org" = $1) AND (f0."repo_name" = $2)) AND (f0."pr_number" = $3)) ["test-org", "test-repo", 42]
14:25:14.709 request_id=GGRULtWBF8YiLmIAABMY [debug] QUERY OK source="fix_attempts" db=0.1ms queue=0.1ms
INSERT INTO "fix_attempts" ("status","metadata","currency","repo_name","pr_number","github_org","issue_number","pr_title","pr_url","billing_status","requires_manual_approval","platform","inserted_at","updated_at") VALUES ($1,$2,$3,$4,$5,$6,$7,$8,$9,$10,$11,$12,$13,$14) RETURNING "id" ["pending", %{labels: [], branch: nil, created_by: nil, issue_references: [%{type: :number, value: 100}]}, "USD", "test-repo", 42, "test-org", 100, "Fix SQL injection in user controller", "https://github.com/test-org/test-repo/pull/42", "not_billed", true, "github", ~N[2025-09-11 20:25:14], ~N[2025-09-11 20:25:14]]
14:25:14.709 request_id=GGRULtWBF8YiLmIAABMY [info] Webhook processed successfully: :pr_opened
14:25:14.709 request_id=GGRULtWBF8YiLmIAABMY [info] Sent 200 in 754µs
14:25:14.709 request_id=GGRULtWBF8YiLmIAABMY [debug] QUERY OK source="fix_attempts" db=0.1ms
SELECT f0."id", f0."github_org", f0."repo_name", f0."issue_number", f0."pr_number", f0."status", f0."merged_at", f0."billing_status", f0."requires_manual_approval", f0."approved_by", f0."approved_at", f0."approval_notes", f0."platform", f0."customer_id", f0."api_key_used", f0."pr_title", f0."pr_url", f0."issue_title", f0."issue_url", f0."commit_sha", f0."merged_by", f0."metadata", f0."amount", f0."currency", f0."billed_at", f0."refunded_at", f0."inserted_at", f0."updated_at" FROM "fix_attempts" AS f0 WHERE (f0."pr_number" = $1) [42]
14:25:14.709 request_id=GGRULtWQ1ggiLmIAABOY [info] POST /api/webhooks/github
14:25:14.709 request_id=GGRULtWQ1ggiLmIAABOY [debug] Processing with RsolvWeb.WebhookController.github/2
  Parameters: %{"action" => "closed", "pull_request" => %{"base" => %{"repo" => %{"name" => "test-repo", "owner" => %{"login" => "test-org"}}}, "merge_commit_sha" => "abc123def456", "merged" => true, "merged_at" => "2025-06-03T16:00:00Z", "merged_by" => %{"login" => "reviewer"}, "number" => 42}}
  Pipelines: [:api]
14:25:14.709 request_id=GGRULtWQ1ggiLmIAABOY [debug] Raw body in controller: "{\"action\":\"closed\",\"pull_request\":{\"base\":{\"repo\":{\"name\":\"test-repo\",\"owner\":{\"login\":\"test-org\"}}},\"merge_commit_sha\":\"abc123def456\",\"merged\":true,\"merged_at\":\"2025-06-03T16:00:00Z\",\"merged_by\":{\"login\":\"reviewer\"},\"number\":42}}"
14:25:14.709 request_id=GGRULtWQ1ggiLmIAABOY [info] Routing GitHub event: "pull_request"
14:25:14.709 request_id=GGRULtWQ1ggiLmIAABOY [info] Handling pull_request event with action: "closed"
14:25:14.709 request_id=GGRULtWQ1ggiLmIAABOY [debug] QUERY OK source="fix_attempts" db=0.1ms
SELECT f0."id", f0."github_org", f0."repo_name", f0."issue_number", f0."pr_number", f0."status", f0."merged_at", f0."billing_status", f0."requires_manual_approval", f0."approved_by", f0."approved_at", f0."approval_notes", f0."platform", f0."customer_id", f0."api_key_used", f0."pr_title", f0."pr_url", f0."issue_title", f0."issue_url", f0."commit_sha", f0."merged_by", f0."metadata", f0."amount", f0."currency", f0."billed_at", f0."refunded_at", f0."inserted_at", f0."updated_at" FROM "fix_attempts" AS f0 WHERE (((f0."github_org" = $1) AND (f0."repo_name" = $2)) AND (f0."pr_number" = $3)) ["test-org", "test-repo", 42]
14:25:14.710 request_id=GGRULtWQ1ggiLmIAABOY [debug] QUERY OK source="fix_attempts" db=0.1ms
UPDATE "fix_attempts" SET "status" = $1, "merged_at" = $2, "merged_by" = $3, "commit_sha" = $4, "updated_at" = $5 WHERE "id" = $6 ["merged", ~U[2025-06-03 16:00:00.000000Z], "reviewer", "abc123def456", ~N[2025-09-11 20:25:14], 10472]
14:25:14.710 request_id=GGRULtWQ1ggiLmIAABOY [info] Webhook processed successfully: :merged
14:25:14.710 request_id=GGRULtWQ1ggiLmIAABOY [info] Sent 200 in 616µs
14:25:14.710 request_id=GGRULtWQ1ggiLmIAABOY [debug] QUERY OK source="fix_attempts" db=0.1ms
SELECT f0."id", f0."github_org", f0."repo_name", f0."issue_number", f0."pr_number", f0."status", f0."merged_at", f0."billing_status", f0."requires_manual_approval", f0."approved_by", f0."approved_at", f0."approval_notes", f0."platform", f0."customer_id", f0."api_key_used", f0."pr_title", f0."pr_url", f0."issue_title", f0."issue_url", f0."commit_sha", f0."merged_by", f0."metadata", f0."amount", f0."currency", f0."billed_at", f0."refunded_at", f0."inserted_at", f0."updated_at" FROM "fix_attempts" AS f0 WHERE (f0."id" = $1) [10472]
.14:25:14.710 request_id=GGRULtWh-Fy_NBEAAHkC [info] POST /api/webhooks/github
14:25:14.710 request_id=GGRULtWh-Fy_NBEAAHkC [debug] Processing with RsolvWeb.WebhookController.github/2
  Parameters: %{"action" => "opened", "pull_request" => %{"base" => %{"repo" => %{"name" => "test-repo", "owner" => %{"login" => "test-org"}}}, "body" => "Fixes #102\n\nGenerated by RSOLV", "number" => 45, "title" => "Fix security issue"}}
  Pipelines: [:api]
14:25:14.710 request_id=GGRULtWh-Fy_NBEAAHkC [debug] Raw body in controller: "{\"action\":\"opened\",\"pull_request\":{\"base\":{\"repo\":{\"name\":\"test-repo\",\"owner\":{\"login\":\"test-org\"}}},\"body\":\"Fixes #102\\n\\nGenerated by RSOLV\",\"number\":45,\"title\":\"Fix security issue\"}}"
14:25:14.710 request_id=GGRULtWh-Fy_NBEAAHkC [info] Routing GitHub event: "pull_request"
14:25:14.710 request_id=GGRULtWh-Fy_NBEAAHkC [info] Handling pull_request event with action: "opened"
14:25:14.710 request_id=GGRULtWh-Fy_NBEAAHkC [info] Evaluating PR: Fix security issue
14:25:14.710 request_id=GGRULtWh-Fy_NBEAAHkC [debug] RSOLV PR identification:
- Has label: 
- Has branch prefix: 
- Has title prefix: false
- Has body pattern: true

14:25:14.710 request_id=GGRULtWh-Fy_NBEAAHkC [info] Identified as RSOLV PR, tracking...
14:25:14.711 request_id=GGRULtWh-Fy_NBEAAHkC [debug] QUERY OK source="fix_attempts" db=0.1ms
SELECT f0."id", f0."github_org", f0."repo_name", f0."issue_number", f0."pr_number", f0."status", f0."merged_at", f0."billing_status", f0."requires_manual_approval", f0."approved_by", f0."approved_at", f0."approval_notes", f0."platform", f0."customer_id", f0."api_key_used", f0."pr_title", f0."pr_url", f0."issue_title", f0."issue_url", f0."commit_sha", f0."merged_by", f0."metadata", f0."amount", f0."currency", f0."billed_at", f0."refunded_at", f0."inserted_at", f0."updated_at" FROM "fix_attempts" AS f0 WHERE (((f0."github_org" = $1) AND (f0."repo_name" = $2)) AND (f0."pr_number" = $3)) ["test-org", "test-repo", 45]
14:25:14.711 request_id=GGRULtWh-Fy_NBEAAHkC [debug] QUERY OK source="fix_attempts" db=0.1ms
INSERT INTO "fix_attempts" ("status","metadata","currency","repo_name","pr_number","github_org","issue_number","pr_title","billing_status","requires_manual_approval","platform","inserted_at","updated_at") VALUES ($1,$2,$3,$4,$5,$6,$7,$8,$9,$10,$11,$12,$13) RETURNING "id" ["pending", %{labels: [], branch: nil, created_by: nil, issue_references: [%{type: :number, value: 102}]}, "USD", "test-repo", 45, "test-org", 102, "Fix security issue", "not_billed", true, "github", ~N[2025-09-11 20:25:14], ~N[2025-09-11 20:25:14]]
14:25:14.711 request_id=GGRULtWh-Fy_NBEAAHkC [info] Webhook processed successfully: :pr_opened
14:25:14.711 request_id=GGRULtWh-Fy_NBEAAHkC [info] Sent 200 in 726µs
14:25:14.711 request_id=GGRULtWt4uG_NBEAABQY [info] POST /api/webhooks/github
14:25:14.711 request_id=GGRULtWt4uG_NBEAABQY [debug] Processing with RsolvWeb.WebhookController.github/2
  Parameters: %{"action" => "opened", "pull_request" => %{"base" => %{"repo" => %{"name" => "test-repo", "owner" => %{"login" => "test-org"}}}, "body" => "Fixes #102\n\nGenerated by RSOLV", "number" => 45, "title" => "Fix security issue"}}
  Pipelines: [:api]
14:25:14.711 request_id=GGRULtWt4uG_NBEAABQY [debug] Raw body in controller: "{\"action\":\"opened\",\"pull_request\":{\"base\":{\"repo\":{\"name\":\"test-repo\",\"owner\":{\"login\":\"test-org\"}}},\"body\":\"Fixes #102\\n\\nGenerated by RSOLV\",\"number\":45,\"title\":\"Fix security issue\"}}"
14:25:14.711 request_id=GGRULtWt4uG_NBEAABQY [info] Routing GitHub event: "pull_request"
14:25:14.711 request_id=GGRULtWt4uG_NBEAABQY [info] Handling pull_request event with action: "opened"
14:25:14.711 request_id=GGRULtWt4uG_NBEAABQY [info] Evaluating PR: Fix security issue
14:25:14.711 request_id=GGRULtWt4uG_NBEAABQY [debug] RSOLV PR identification:
- Has label: 
- Has branch prefix: 
- Has title prefix: false
- Has body pattern: true

14:25:14.711 request_id=GGRULtWt4uG_NBEAABQY [info] Identified as RSOLV PR, tracking...
14:25:14.711 request_id=GGRULtWt4uG_NBEAABQY [debug] QUERY OK source="fix_attempts" db=0.0ms
SELECT f0."id", f0."github_org", f0."repo_name", f0."issue_number", f0."pr_number", f0."status", f0."merged_at", f0."billing_status", f0."requires_manual_approval", f0."approved_by", f0."approved_at", f0."approval_notes", f0."platform", f0."customer_id", f0."api_key_used", f0."pr_title", f0."pr_url", f0."issue_title", f0."issue_url", f0."commit_sha", f0."merged_by", f0."metadata", f0."amount", f0."currency", f0."billed_at", f0."refunded_at", f0."inserted_at", f0."updated_at" FROM "fix_attempts" AS f0 WHERE (((f0."github_org" = $1) AND (f0."repo_name" = $2)) AND (f0."pr_number" = $3)) ["test-org", "test-repo", 45]
14:25:14.711 request_id=GGRULtWt4uG_NBEAABQY [debug] QUERY OK source="fix_attempts" db=0.0ms
UPDATE "fix_attempts" SET "metadata" = $1, "updated_at" = $2 WHERE "id" = $3 [%{labels: [], branch: nil, created_by: nil, issue_references: [%{type: :number, value: 102}]}, ~N[2025-09-11 20:25:14], 10473]
14:25:14.711 request_id=GGRULtWt4uG_NBEAABQY [info] Webhook processed successfully: :pr_opened
14:25:14.711 request_id=GGRULtWt4uG_NBEAABQY [info] Sent 200 in 444µs
14:25:14.712 request_id=GGRULtWt4uG_NBEAABQY [debug] QUERY OK source="fix_attempts" db=0.0ms
SELECT f0."id", f0."github_org", f0."repo_name", f0."issue_number", f0."pr_number", f0."status", f0."merged_at", f0."billing_status", f0."requires_manual_approval", f0."approved_by", f0."approved_at", f0."approval_notes", f0."platform", f0."customer_id", f0."api_key_used", f0."pr_title", f0."pr_url", f0."issue_title", f0."issue_url", f0."commit_sha", f0."merged_by", f0."metadata", f0."amount", f0."currency", f0."billed_at", f0."refunded_at", f0."inserted_at", f0."updated_at" FROM "fix_attempts" AS f0 WHERE (f0."pr_number" = 45) []
.14:25:14.712 request_id=GGRULtW6lL11GrgAABUY [info] POST /api/webhooks/github
14:25:14.712 request_id=GGRULtW6lL11GrgAABUY [debug] Processing with RsolvWeb.WebhookController.github/2
  Parameters: %{"action" => "opened", "pull_request" => %{"base" => %{"repo" => %{"name" => "test-repo", "owner" => %{"login" => "test-org"}}}, "body" => "Fixes #101\n\nGenerated by RSOLV", "number" => 43, "title" => "Fix XSS vulnerability"}}
  Pipelines: [:api]
14:25:14.712 request_id=GGRULtW6lL11GrgAABUY [debug] Raw body in controller: "{\"action\":\"opened\",\"pull_request\":{\"base\":{\"repo\":{\"name\":\"test-repo\",\"owner\":{\"login\":\"test-org\"}}},\"body\":\"Fixes #101\\n\\nGenerated by RSOLV\",\"number\":43,\"title\":\"Fix XSS vulnerability\"}}"
14:25:14.712 request_id=GGRULtW6lL11GrgAABUY [info] Routing GitHub event: "pull_request"
14:25:14.712 request_id=GGRULtW6lL11GrgAABUY [info] Handling pull_request event with action: "opened"
14:25:14.712 request_id=GGRULtW6lL11GrgAABUY [info] Evaluating PR: Fix XSS vulnerability
14:25:14.712 request_id=GGRULtW6lL11GrgAABUY [debug] RSOLV PR identification:
- Has label: 
- Has branch prefix: 
- Has title prefix: false
- Has body pattern: true

14:25:14.712 request_id=GGRULtW6lL11GrgAABUY [info] Identified as RSOLV PR, tracking...
14:25:14.712 request_id=GGRULtW6lL11GrgAABUY [debug] QUERY OK source="fix_attempts" db=0.3ms
SELECT f0."id", f0."github_org", f0."repo_name", f0."issue_number", f0."pr_number", f0."status", f0."merged_at", f0."billing_status", f0."requires_manual_approval", f0."approved_by", f0."approved_at", f0."approval_notes", f0."platform", f0."customer_id", f0."api_key_used", f0."pr_title", f0."pr_url", f0."issue_title", f0."issue_url", f0."commit_sha", f0."merged_by", f0."metadata", f0."amount", f0."currency", f0."billed_at", f0."refunded_at", f0."inserted_at", f0."updated_at" FROM "fix_attempts" AS f0 WHERE (((f0."github_org" = $1) AND (f0."repo_name" = $2)) AND (f0."pr_number" = $3)) ["test-org", "test-repo", 43]
14:25:14.713 request_id=GGRULtW6lL11GrgAABUY [debug] QUERY OK source="fix_attempts" db=0.0ms
INSERT INTO "fix_attempts" ("status","metadata","currency","repo_name","pr_number","github_org","issue_number","pr_title","billing_status","requires_manual_approval","platform","inserted_at","updated_at") VALUES ($1,$2,$3,$4,$5,$6,$7,$8,$9,$10,$11,$12,$13) RETURNING "id" ["pending", %{labels: [], branch: nil, created_by: nil, issue_references: [%{type: :number, value: 101}]}, "USD", "test-repo", 43, "test-org", 101, "Fix XSS vulnerability", "not_billed", true, "github", ~N[2025-09-11 20:25:14], ~N[2025-09-11 20:25:14]]
14:25:14.713 request_id=GGRULtW6lL11GrgAABUY [info] Webhook processed successfully: :pr_opened
14:25:14.713 request_id=GGRULtW6lL11GrgAABUY [info] Sent 200 in 761µs
14:25:14.713 request_id=GGRULtXG2R11GrgAABWY [info] POST /api/webhooks/github
14:25:14.713 request_id=GGRULtXG2R11GrgAABWY [debug] Processing with RsolvWeb.WebhookController.github/2
  Parameters: %{"action" => "closed", "pull_request" => %{"base" => %{"repo" => %{"name" => "test-repo", "owner" => %{"login" => "test-org"}}}, "merged" => false, "number" => 43}}
  Pipelines: [:api]
14:25:14.713 request_id=GGRULtXG2R11GrgAABWY [debug] Raw body in controller: "{\"action\":\"closed\",\"pull_request\":{\"base\":{\"repo\":{\"name\":\"test-repo\",\"owner\":{\"login\":\"test-org\"}}},\"merged\":false,\"number\":43}}"
14:25:14.713 request_id=GGRULtXG2R11GrgAABWY [info] Routing GitHub event: "pull_request"
14:25:14.713 request_id=GGRULtXG2R11GrgAABWY [info] Handling pull_request event with action: "closed"
14:25:14.713 request_id=GGRULtXG2R11GrgAABWY [debug] QUERY OK source="fix_attempts" db=0.1ms
SELECT f0."id", f0."github_org", f0."repo_name", f0."issue_number", f0."pr_number", f0."status", f0."merged_at", f0."billing_status", f0."requires_manual_approval", f0."approved_by", f0."approved_at", f0."approval_notes", f0."platform", f0."customer_id", f0."api_key_used", f0."pr_title", f0."pr_url", f0."issue_title", f0."issue_url", f0."commit_sha", f0."merged_by", f0."metadata", f0."amount", f0."currency", f0."billed_at", f0."refunded_at", f0."inserted_at", f0."updated_at" FROM "fix_attempts" AS f0 WHERE (((f0."github_org" = $1) AND (f0."repo_name" = $2)) AND (f0."pr_number" = $3)) ["test-org", "test-repo", 43]
14:25:14.713 request_id=GGRULtXG2R11GrgAABWY [debug] QUERY OK source="fix_attempts" db=0.0ms
UPDATE "fix_attempts" SET "status" = $1, "updated_at" = $2 WHERE "id" = $3 ["rejected", ~N[2025-09-11 20:25:14], 10474]
14:25:14.713 request_id=GGRULtXG2R11GrgAABWY [info] Webhook processed successfully: :rejected
14:25:14.713 request_id=GGRULtXG2R11GrgAABWY [info] Sent 200 in 493µs
14:25:14.713 request_id=GGRULtXG2R11GrgAABWY [debug] QUERY OK source="fix_attempts" db=0.1ms
SELECT f0."id", f0."github_org", f0."repo_name", f0."issue_number", f0."pr_number", f0."status", f0."merged_at", f0."billing_status", f0."requires_manual_approval", f0."approved_by", f0."approved_at", f0."approval_notes", f0."platform", f0."customer_id", f0."api_key_used", f0."pr_title", f0."pr_url", f0."issue_title", f0."issue_url", f0."commit_sha", f0."merged_by", f0."metadata", f0."amount", f0."currency", f0."billed_at", f0."refunded_at", f0."inserted_at", f0."updated_at" FROM "fix_attempts" AS f0 WHERE (f0."pr_number" = $1) [43]
.14:25:14.729 [debug] Parser response received
..14:25:14.803 [debug] Parser response received
.14:25:14.878 [debug] Parser response received
....14:25:14.954 [debug] Parser response received
...14:25:15.030 [debug] Parser response received
.14:25:15.168 [debug] QUERY OK source="customers" db=0.1ms queue=0.2ms
INSERT INTO "customers" ("active","name","metadata","email","is_staff","subscription_plan","monthly_limit","current_usage","fixes_quota_this_month","fixes_used_this_month","has_payment_method","password_hash","rollover_fixes","subscription_status","trial_fixes_limit","trial_fixes_used","inserted_at","updated_at") VALUES ($1,$2,$3,$4,$5,$6,$7,$8,$9,$10,$11,$12,$13,$14,$15,$16,$17,$18) RETURNING "id" [true, "New Customer", %{}, "new@example.com", false, "trial", 100, 0, 0, 0, false, "$2b$12$UFZ5E7rwvnmF//1GiNLRBuMv4JAIWaHDI.ixD6E2WARpVZq114Ize", 0, "active", 5, 0, ~N[2025-09-11 20:25:15], ~N[2025-09-11 20:25:15]]
.14:25:15.305 [debug] QUERY OK source="customers" db=0.1ms queue=0.2ms
INSERT INTO "customers" ("active","name","metadata","email","is_staff","subscription_plan","monthly_limit","current_usage","fixes_quota_this_month","fixes_used_this_month","has_payment_method","password_hash","rollover_fixes","subscription_status","trial_fixes_limit","trial_fixes_used","inserted_at","updated_at") VALUES ($1,$2,$3,$4,$5,$6,$7,$8,$9,$10,$11,$12,$13,$14,$15,$16,$17,$18) RETURNING "id" [true, "Test Customer", %{}, "test@example.com", false, "trial", 100, 0, 0, 0, false, "$2b$12$rxcsNxaJlyZp2bv52/3XW.z.0UnxoMX6.Bw/gmtBNctmcCt9NF3Dy", 0, "active", 5, 0, ~N[2025-09-11 20:25:15], ~N[2025-09-11 20:25:15]]
14:25:15.305 [debug] QUERY OK source="customers" db=0.1ms
SELECT c0."id", c0."name", c0."email", c0."monthly_limit", c0."current_usage", c0."active", c0."metadata", c0."password_hash", c0."is_staff", c0."admin_level", c0."trial_fixes_used", c0."trial_fixes_limit", c0."stripe_customer_id", c0."subscription_plan", c0."subscription_status", c0."rollover_fixes", c0."payment_method_added_at", c0."trial_expired_at", c0."fixes_used_this_month", c0."fixes_quota_this_month", c0."has_payment_method", c0."inserted_at", c0."updated_at" FROM "customers" AS c0 WHERE (c0."email" = $1) ["nonexistent@example.com"]
.14:25:15.580 [debug] QUERY OK source="customers" db=0.1ms queue=0.2ms
INSERT INTO "customers" ("active","name","metadata","email","is_staff","subscription_plan","monthly_limit","current_usage","fixes_quota_this_month","fixes_used_this_month","has_payment_method","password_hash","rollover_fixes","subscription_status","trial_fixes_limit","trial_fixes_used","inserted_at","updated_at") VALUES ($1,$2,$3,$4,$5,$6,$7,$8,$9,$10,$11,$12,$13,$14,$15,$16,$17,$18) RETURNING "id" [true, "First", %{}, "duplicate@example.com", false, "trial", 100, 0, 0, 0, false, "$2b$12$/0qmTkTZZiliesxgIW2RsePVTmLrnhxkkhP8D3hDLozNpKAg9OlQi", 0, "active", 5, 0, ~N[2025-09-11 20:25:15], ~N[2025-09-11 20:25:15]]
14:25:15.719 [debug] QUERY ERROR source="customers" db=3.0ms
INSERT INTO "customers" ("active","name","metadata","email","is_staff","subscription_plan","monthly_limit","current_usage","fixes_quota_this_month","fixes_used_this_month","has_payment_method","password_hash","rollover_fixes","subscription_status","trial_fixes_limit","trial_fixes_used","inserted_at","updated_at") VALUES ($1,$2,$3,$4,$5,$6,$7,$8,$9,$10,$11,$12,$13,$14,$15,$16,$17,$18) RETURNING "id" [true, "Second", %{}, "duplicate@example.com", false, "trial", 100, 0, 0, 0, false, "$2b$12$8cKHaWJi5E4gi9aRyzlCJuTwD094UYW5/NfBkAjZFzWgqHu33iE4a", 0, "active", 5, 0, ~N[2025-09-11 20:25:15], ~N[2025-09-11 20:25:15]]
..14:25:15.857 [debug] QUERY OK source="customers" db=0.3ms queue=0.2ms
INSERT INTO "customers" ("active","name","metadata","email","is_staff","subscription_plan","monthly_limit","current_usage","fixes_quota_this_month","fixes_used_this_month","has_payment_method","password_hash","rollover_fixes","subscription_status","trial_fixes_limit","trial_fixes_used","inserted_at","updated_at") VALUES ($1,$2,$3,$4,$5,$6,$7,$8,$9,$10,$11,$12,$13,$14,$15,$16,$17,$18) RETURNING "id" [true, "Test Customer", %{}, "test@example.com", false, "trial", 100, 0, 0, 0, false, "$2b$12$2BlK9MAR8IJ8mwVhCZTCsOMzvFb/okev8zlEmcTNX1ug2KR/Y2wpe", 0, "active", 5, 0, ~N[2025-09-11 20:25:15], ~N[2025-09-11 20:25:15]]
..14:25:16.129 [debug] QUERY OK source="customers" db=0.1ms queue=0.2ms
INSERT INTO "customers" ("active","name","metadata","email","is_staff","subscription_plan","monthly_limit","current_usage","fixes_quota_this_month","fixes_used_this_month","has_payment_method","password_hash","rollover_fixes","subscription_status","trial_fixes_limit","trial_fixes_used","inserted_at","updated_at") VALUES ($1,$2,$3,$4,$5,$6,$7,$8,$9,$10,$11,$12,$13,$14,$15,$16,$17,$18) RETURNING "id" [true, "Secure Customer", %{}, "secure@example.com", false, "trial", 100, 0, 0, 0, false, "$2b$12$18dXeMvjs9h7reDK/FYhNOrmogNnlS2QtlXihOvSTvegNfYrbvZ9q", 0, "active", 5, 0, ~N[2025-09-11 20:25:16], ~N[2025-09-11 20:25:16]]
14:25:16.130 [debug] QUERY OK source="customers" db=0.1ms
SELECT c0."id", c0."name", c0."email", c0."monthly_limit", c0."current_usage", c0."active", c0."metadata", c0."password_hash", c0."is_staff", c0."admin_level", c0."trial_fixes_used", c0."trial_fixes_limit", c0."stripe_customer_id", c0."subscription_plan", c0."subscription_status", c0."rollover_fixes", c0."payment_method_added_at", c0."trial_expired_at", c0."fixes_used_this_month", c0."fixes_quota_this_month", c0."has_payment_method", c0."inserted_at", c0."updated_at" FROM "customers" AS c0 WHERE (c0."id" = $1) [72073]
.TestTracer: 14 seconds since ExUnit start
14:25:16.267 [debug] QUERY OK source="customers" db=0.2ms queue=0.3ms
INSERT INTO "customers" ("active","name","metadata","email","is_staff","subscription_plan","monthly_limit","current_usage","fixes_quota_this_month","fixes_used_this_month","has_payment_method","password_hash","rollover_fixes","subscription_status","trial_fixes_limit","trial_fixes_used","inserted_at","updated_at") VALUES ($1,$2,$3,$4,$5,$6,$7,$8,$9,$10,$11,$12,$13,$14,$15,$16,$17,$18) RETURNING "id" [true, "Test Customer", %{}, "test@example.com", false, "trial", 100, 0, 0, 0, false, "$2b$12$55jyThrLu5pxpv5uNlMoF.5Lw1y1huPUOGFhLFB5YF2JNz5RbL0pG", 0, "active", 5, 0, ~N[2025-09-11 20:25:16], ~N[2025-09-11 20:25:16]]
14:25:16.267 [debug] QUERY OK source="customers" db=0.2ms
SELECT c0."id", c0."name", c0."email", c0."monthly_limit", c0."current_usage", c0."active", c0."metadata", c0."password_hash", c0."is_staff", c0."admin_level", c0."trial_fixes_used", c0."trial_fixes_limit", c0."stripe_customer_id", c0."subscription_plan", c0."subscription_status", c0."rollover_fixes", c0."payment_method_added_at", c0."trial_expired_at", c0."fixes_used_this_month", c0."fixes_quota_this_month", c0."has_payment_method", c0."inserted_at", c0."updated_at" FROM "customers" AS c0 WHERE (c0."email" = $1) ["test@example.com"]
.14:25:16.540 [debug] QUERY OK source="customers" db=0.3ms
INSERT INTO "customers" ("active","name","metadata","email","is_staff","subscription_plan","monthly_limit","current_usage","fixes_quota_this_month","fixes_used_this_month","has_payment_method","password_hash","rollover_fixes","subscription_status","trial_fixes_limit","trial_fixes_used","inserted_at","updated_at") VALUES ($1,$2,$3,$4,$5,$6,$7,$8,$9,$10,$11,$12,$13,$14,$15,$16,$17,$18) RETURNING "id" [true, "Regular Customer", %{}, "regular@example.com", false, "trial", 100, 0, 0, 0, false, "$2b$12$WLSi.NrI2NRs3ITVzadtlOeB5wWJ6LJ.kH5RNSxkhIG5jGJ7nub5y", 0, "active", 5, 0, ~N[2025-09-11 20:25:16], ~N[2025-09-11 20:25:16]]
.14:25:16.677 [debug] QUERY OK source="customers" db=0.2ms
INSERT INTO "customers" ("active","name","metadata","email","is_staff","subscription_plan","monthly_limit","current_usage","fixes_quota_this_month","fixes_used_this_month","has_payment_method","password_hash","rollover_fixes","subscription_status","trial_fixes_limit","trial_fixes_used","inserted_at","updated_at") VALUES ($1,$2,$3,$4,$5,$6,$7,$8,$9,$10,$11,$12,$13,$14,$15,$16,$17,$18) RETURNING "id" [true, "Test Customer", %{}, "test@example.com", false, "trial", 100, 0, 0, 0, false, "$2b$12$bJFA2Qp8ZVa7x0ogmV0wteisuMxj2fYKCgPZglRrs2GVY6dFnZlwG", 0, "active", 5, 0, ~N[2025-09-11 20:25:16], ~N[2025-09-11 20:25:16]]
.14:25:16.950 [debug] QUERY OK source="customers" db=0.2ms
INSERT INTO "customers" ("active","name","metadata","email","is_staff","subscription_plan","monthly_limit","current_usage","fixes_quota_this_month","fixes_used_this_month","has_payment_method","password_hash","rollover_fixes","subscription_status","trial_fixes_limit","trial_fixes_used","inserted_at","updated_at") VALUES ($1,$2,$3,$4,$5,$6,$7,$8,$9,$10,$11,$12,$13,$14,$15,$16,$17,$18) RETURNING "id" [true, "Test Customer", %{}, "test@example.com", false, "trial", 100, 0, 0, 0, false, "$2b$12$/s0F7oF9Xwb9I/7x2PQ3.uzN/1v1pUxYoFSoOEjedqdSndM9M/ckO", 0, "active", 5, 0, ~N[2025-09-11 20:25:16], ~N[2025-09-11 20:25:16]]
14:25:16.950 [debug] QUERY OK source="customers" db=0.2ms
SELECT c0."id", c0."name", c0."email", c0."monthly_limit", c0."current_usage", c0."active", c0."metadata", c0."password_hash", c0."is_staff", c0."admin_level", c0."trial_fixes_used", c0."trial_fixes_limit", c0."stripe_customer_id", c0."subscription_plan", c0."subscription_status", c0."rollover_fixes", c0."payment_method_added_at", c0."trial_expired_at", c0."fixes_used_this_month", c0."fixes_quota_this_month", c0."has_payment_method", c0."inserted_at", c0."updated_at" FROM "customers" AS c0 WHERE (c0."email" = $1) ["test@example.com"]
.14:25:17.223 [debug] QUERY OK source="customers" db=0.2ms queue=0.5ms
INSERT INTO "customers" ("active","name","metadata","email","is_staff","subscription_plan","monthly_limit","current_usage","fixes_quota_this_month","fixes_used_this_month","has_payment_method","password_hash","rollover_fixes","subscription_status","trial_fixes_limit","trial_fixes_used","inserted_at","updated_at") VALUES ($1,$2,$3,$4,$5,$6,$7,$8,$9,$10,$11,$12,$13,$14,$15,$16,$17,$18) RETURNING "id" [true, "Test Customer", %{}, "test@example.com", false, "trial", 100, 0, 0, 0, false, "$2b$12$tsnlkwD023aC7/t1ayCElO7Jexi9oSRFevO0Ngp07Cnxy83gO9dZW", 0, "active", 5, 0, ~N[2025-09-11 20:25:17], ~N[2025-09-11 20:25:17]]
14:25:17.224 [debug] QUERY OK source="customers" db=0.3ms
SELECT c0."id", c0."name", c0."email", c0."monthly_limit", c0."current_usage", c0."active", c0."metadata", c0."password_hash", c0."is_staff", c0."admin_level", c0."trial_fixes_used", c0."trial_fixes_limit", c0."stripe_customer_id", c0."subscription_plan", c0."subscription_status", c0."rollover_fixes", c0."payment_method_added_at", c0."trial_expired_at", c0."fixes_used_this_month", c0."fixes_quota_this_month", c0."has_payment_method", c0."inserted_at", c0."updated_at" FROM "customers" AS c0 WHERE (c0."email" = $1) ["test@example.com"]
TestTracer: 15 seconds since ExUnit start - CRITICAL POINT
14:25:17.355 [debug] QUERY OK source="customers" db=0.2ms
SELECT c0."id", c0."name", c0."email", c0."monthly_limit", c0."current_usage", c0."active", c0."metadata", c0."password_hash", c0."is_staff", c0."admin_level", c0."trial_fixes_used", c0."trial_fixes_limit", c0."stripe_customer_id", c0."subscription_plan", c0."subscription_status", c0."rollover_fixes", c0."payment_method_added_at", c0."trial_expired_at", c0."fixes_used_this_month", c0."fixes_quota_this_month", c0."has_payment_method", c0."inserted_at", c0."updated_at" FROM "customers" AS c0 WHERE (c0."email" = $1) ["test@example.com"]
14:25:17.487 [debug] QUERY OK source="customers" db=0.2ms
SELECT c0."id", c0."name", c0."email", c0."monthly_limit", c0."current_usage", c0."active", c0."metadata", c0."password_hash", c0."is_staff", c0."admin_level", c0."trial_fixes_used", c0."trial_fixes_limit", c0."stripe_customer_id", c0."subscription_plan", c0."subscription_status", c0."rollover_fixes", c0."payment_method_added_at", c0."trial_expired_at", c0."fixes_used_this_month", c0."fixes_quota_this_month", c0."has_payment_method", c0."inserted_at", c0."updated_at" FROM "customers" AS c0 WHERE (c0."email" = $1) ["test@example.com"]
14:25:17.622 [debug] QUERY OK source="customers" db=0.3ms
SELECT c0."id", c0."name", c0."email", c0."monthly_limit", c0."current_usage", c0."active", c0."metadata", c0."password_hash", c0."is_staff", c0."admin_level", c0."trial_fixes_used", c0."trial_fixes_limit", c0."stripe_customer_id", c0."subscription_plan", c0."subscription_status", c0."rollover_fixes", c0."payment_method_added_at", c0."trial_expired_at", c0."fixes_used_this_month", c0."fixes_quota_this_month", c0."has_payment_method", c0."inserted_at", c0."updated_at" FROM "customers" AS c0 WHERE (c0."email" = $1) ["test@example.com"]
14:25:17.755 [debug] QUERY OK source="customers" db=0.3ms
SELECT c0."id", c0."name", c0."email", c0."monthly_limit", c0."current_usage", c0."active", c0."metadata", c0."password_hash", c0."is_staff", c0."admin_level", c0."trial_fixes_used", c0."trial_fixes_limit", c0."stripe_customer_id", c0."subscription_plan", c0."subscription_status", c0."rollover_fixes", c0."payment_method_added_at", c0."trial_expired_at", c0."fixes_used_this_month", c0."fixes_quota_this_month", c0."has_payment_method", c0."inserted_at", c0."updated_at" FROM "customers" AS c0 WHERE (c0."email" = $1) ["test@example.com"]
14:25:17.891 [debug] QUERY OK source="customers" db=0.2ms
SELECT c0."id", c0."name", c0."email", c0."monthly_limit", c0."current_usage", c0."active", c0."metadata", c0."password_hash", c0."is_staff", c0."admin_level", c0."trial_fixes_used", c0."trial_fixes_limit", c0."stripe_customer_id", c0."subscription_plan", c0."subscription_status", c0."rollover_fixes", c0."payment_method_added_at", c0."trial_expired_at", c0."fixes_used_this_month", c0."fixes_quota_this_month", c0."has_payment_method", c0."inserted_at", c0."updated_at" FROM "customers" AS c0 WHERE (c0."email" = $1) ["test@example.com"]
14:25:18.028 [debug] QUERY OK source="customers" db=0.2ms
SELECT c0."id", c0."name", c0."email", c0."monthly_limit", c0."current_usage", c0."active", c0."metadata", c0."password_hash", c0."is_staff", c0."admin_level", c0."trial_fixes_used", c0."trial_fixes_limit", c0."stripe_customer_id", c0."subscription_plan", c0."subscription_status", c0."rollover_fixes", c0."payment_method_added_at", c0."trial_expired_at", c0."fixes_used_this_month", c0."fixes_quota_this_month", c0."has_payment_method", c0."inserted_at", c0."updated_at" FROM "customers" AS c0 WHERE (c0."email" = $1) ["test@example.com"]
14:25:18.164 [debug] QUERY OK source="customers" db=0.2ms
SELECT c0."id", c0."name", c0."email", c0."monthly_limit", c0."current_usage", c0."active", c0."metadata", c0."password_hash", c0."is_staff", c0."admin_level", c0."trial_fixes_used", c0."trial_fixes_limit", c0."stripe_customer_id", c0."subscription_plan", c0."subscription_status", c0."rollover_fixes", c0."payment_method_added_at", c0."trial_expired_at", c0."fixes_used_this_month", c0."fixes_quota_this_month", c0."has_payment_method", c0."inserted_at", c0."updated_at" FROM "customers" AS c0 WHERE (c0."email" = $1) ["test@example.com"]
TestTracer: 16 seconds - SURVIVED!
14:25:18.300 [debug] QUERY OK source="customers" db=0.1ms
SELECT c0."id", c0."name", c0."email", c0."monthly_limit", c0."current_usage", c0."active", c0."metadata", c0."password_hash", c0."is_staff", c0."admin_level", c0."trial_fixes_used", c0."trial_fixes_limit", c0."stripe_customer_id", c0."subscription_plan", c0."subscription_status", c0."rollover_fixes", c0."payment_method_added_at", c0."trial_expired_at", c0."fixes_used_this_month", c0."fixes_quota_this_month", c0."has_payment_method", c0."inserted_at", c0."updated_at" FROM "customers" AS c0 WHERE (c0."email" = $1) ["test@example.com"]
14:25:18.437 [debug] QUERY OK source="customers" db=0.1ms
SELECT c0."id", c0."name", c0."email", c0."monthly_limit", c0."current_usage", c0."active", c0."metadata", c0."password_hash", c0."is_staff", c0."admin_level", c0."trial_fixes_used", c0."trial_fixes_limit", c0."stripe_customer_id", c0."subscription_plan", c0."subscription_status", c0."rollover_fixes", c0."payment_method_added_at", c0."trial_expired_at", c0."fixes_used_this_month", c0."fixes_quota_this_month", c0."has_payment_method", c0."inserted_at", c0."updated_at" FROM "customers" AS c0 WHERE (c0."email" = $1) ["test@example.com"]
14:25:18.573 [warning] Rate limit exceeded for customer 973DFE463EC85785F5F95AF5BA3906EEDB2D931C24E69824A89EA65DBA4E813B, action: auth_attempt, count: 10, limit: 10
.14:25:18.710 [debug] QUERY OK source="customers" db=0.2ms queue=0.3ms
INSERT INTO "customers" ("active","name","metadata","email","is_staff","subscription_plan","monthly_limit","current_usage","admin_level","fixes_quota_this_month","fixes_used_this_month","has_payment_method","password_hash","rollover_fixes","subscription_status","trial_fixes_limit","trial_fixes_used","inserted_at","updated_at") VALUES ($1,$2,$3,$4,$5,$6,$7,$8,$9,$10,$11,$12,$13,$14,$15,$16,$17,$18,$19) RETURNING "id" [true, "Staff Member", %{}, "staff@example.com", true, "trial", 100, 0, "full", 0, 0, false, "$2b$12$UwmkGgNuFbc548bYVBLOBuaLEOZwhyfF7t5PZD1x42c7kdRCiQIrC", 0, "active", 5, 0, ~N[2025-09-11 20:25:18], ~N[2025-09-11 20:25:18]]
..14:25:18.736 request_id=GGRUL8WcSIcNvg0AAAoW [info] GET /contact
14:25:18.736 request_id=GGRUL8WcSIcNvg0AAAoW [debug] Processing with RsolvWeb.ContactLive.index/2
  Parameters: %{}
  Pipelines: [:browser]
14:25:18.738 request_id=GGRUL8WcSIcNvg0AAAoW [info] Analytics event tracked
14:25:18.740 request_id=GGRUL8WcSIcNvg0AAAoW [debug] QUERY OK db=0.9ms queue=0.8ms
SELECT create_analytics_partition_if_not_exists($1::date) [~D[2025-09-11]]
14:25:18.740 request_id=GGRUL8WcSIcNvg0AAAoW [debug] QUERY OK source="analytics_events" db=0.3ms
INSERT INTO "analytics_events" ("metadata","event_type","visitor_id","page_path","inserted_at","updated_at") VALUES ($1,$2,$3,$4,$5,$6) RETURNING "id" [%{form_type: "contact_sales"}, "page_view", "212f4da8ba5fc7c7e46e4eb5eda88226", "/contact", ~N[2025-09-11 20:25:18], ~N[2025-09-11 20:25:18]]
14:25:18.741 request_id=GGRUL8WcSIcNvg0AAAoW [debug] QUERY OK source="fun_with_flags_toggles" db=0.2ms
SELECT f0."id", f0."flag_name", f0."gate_type", f0."target", f0."enabled" FROM "fun_with_flags_toggles" AS f0 WHERE (f0."flag_name" = $1) ["blog"]
14:25:18.741 request_id=GGRUL8WcSIcNvg0AAAoW [debug] Telemetry event: [:fun_with_flags, :persistence, :read], metadata: %{flag_name: :blog, gate: nil}, measurements: %{system_time: 1757622318741221410}
14:25:18.741 request_id=GGRUL8WcSIcNvg0AAAoW [info] Sent 200 in 4ms
14:25:18.741 [debug] MOUNT RsolvWeb.ContactLive
  Parameters: %{}
  Session: %{"_csrf_token" => "q6ZrA3mhRK3jRTp6iXhaiIok"}
14:25:18.741 [info] Analytics event tracked
14:25:18.742 [debug] QUERY OK db=0.1ms queue=0.1ms
SELECT create_analytics_partition_if_not_exists($1::date) [~D[2025-09-11]]
14:25:18.742 [debug] QUERY OK source="analytics_events" db=0.0ms
INSERT INTO "analytics_events" ("metadata","event_type","visitor_id","page_path","inserted_at","updated_at") VALUES ($1,$2,$3,$4,$5,$6) RETURNING "id" [%{form_type: "contact_sales"}, "page_view", "2535eeafa8746bf72090da599c851c26", "/contact", ~N[2025-09-11 20:25:18], ~N[2025-09-11 20:25:18]]
14:25:18.742 [debug] Replied in 549µs
14:25:18.742 [debug] QUERY OK source="fun_with_flags_toggles" db=0.0ms
SELECT f0."id", f0."flag_name", f0."gate_type", f0."target", f0."enabled" FROM "fun_with_flags_toggles" AS f0 WHERE (f0."flag_name" = $1) ["blog"]
14:25:18.742 [debug] Telemetry event: [:fun_with_flags, :persistence, :read], metadata: %{flag_name: :blog, gate: nil}, measurements: %{system_time: 1757622318742592039}
14:25:18.743 [debug] HANDLE EVENT "submit" in RsolvWeb.ContactLive
  Parameters: %{"company" => "Acme Inc", "email" => "john@example.com", "message" => "I'm interested in enterprise features", "name" => "John Doe", "team_size" => "11-50"}
14:25:18.743 [info] Analytics event tracked
14:25:18.743 [debug] QUERY OK db=0.1ms
SELECT create_analytics_partition_if_not_exists($1::date) [~D[2025-09-11]]
14:25:18.743 [debug] QUERY OK source="analytics_events" db=0.0ms
INSERT INTO "analytics_events" ("metadata","event_type","visitor_id","page_path","inserted_at","updated_at") VALUES ($1,$2,$3,$4,$5,$6) RETURNING "id" [%{status: "submit", form_id: "contact", email: "john@example.com", form_type: "contact_sales"}, "form_submit", "397cacc98c3a326dd034cd9c4208546b", "/contact", ~N[2025-09-11 20:25:18], ~N[2025-09-11 20:25:18]]
14:25:18.743 [error] Failed to send contact form email
14:25:18.744 [debug] Replied in 528µs
14:25:18.744 [debug] QUERY OK source="fun_with_flags_toggles" db=0.0ms
SELECT f0."id", f0."flag_name", f0."gate_type", f0."target", f0."enabled" FROM "fun_with_flags_toggles" AS f0 WHERE (f0."flag_name" = $1) ["blog"]
14:25:18.744 [debug] Telemetry event: [:fun_with_flags, :persistence, :read], metadata: %{flag_name: :blog, gate: nil}, measurements: %{system_time: 1757622318744097535}
.14:25:18.764 request_id=GGRUL8c7xpeuFPwAAAqW [info] GET /contact
14:25:18.764 request_id=GGRUL8c7xpeuFPwAAAqW [debug] Processing with RsolvWeb.ContactLive.index/2
  Parameters: %{}
  Pipelines: [:browser]
14:25:18.764 request_id=GGRUL8c7xpeuFPwAAAqW [info] Analytics event tracked
14:25:18.764 request_id=GGRUL8c7xpeuFPwAAAqW [debug] QUERY OK db=0.2ms queue=0.1ms
SELECT create_analytics_partition_if_not_exists($1::date) [~D[2025-09-11]]
14:25:18.764 request_id=GGRUL8c7xpeuFPwAAAqW [debug] QUERY OK source="analytics_events" db=0.1ms
INSERT INTO "analytics_events" ("metadata","event_type","visitor_id","page_path","inserted_at","updated_at") VALUES ($1,$2,$3,$4,$5,$6) RETURNING "id" [%{form_type: "contact_sales"}, "page_view", "1203dbee26a22d51cd78739cf9433574", "/contact", ~N[2025-09-11 20:25:18], ~N[2025-09-11 20:25:18]]
14:25:18.765 request_id=GGRUL8c7xpeuFPwAAAqW [debug] QUERY OK source="fun_with_flags_toggles" db=0.0ms
SELECT f0."id", f0."flag_name", f0."gate_type", f0."target", f0."enabled" FROM "fun_with_flags_toggles" AS f0 WHERE (f0."flag_name" = $1) ["blog"]
14:25:18.765 request_id=GGRUL8c7xpeuFPwAAAqW [debug] Telemetry event: [:fun_with_flags, :persistence, :read], metadata: %{flag_name: :blog, gate: nil}, measurements: %{system_time: 1757622318765019547}
14:25:18.765 request_id=GGRUL8c7xpeuFPwAAAqW [info] Sent 200 in 987µs
14:25:18.765 [debug] MOUNT RsolvWeb.ContactLive
  Parameters: %{}
  Session: %{"_csrf_token" => "rNvP3-J7xvKteZ897vlMHfl-"}
14:25:18.765 [info] Analytics event tracked
14:25:18.766 [debug] QUERY OK db=0.2ms queue=0.1ms
SELECT create_analytics_partition_if_not_exists($1::date) [~D[2025-09-11]]
14:25:18.766 [debug] QUERY OK source="analytics_events" db=0.3ms
INSERT INTO "analytics_events" ("metadata","event_type","visitor_id","page_path","inserted_at","updated_at") VALUES ($1,$2,$3,$4,$5,$6) RETURNING "id" [%{form_type: "contact_sales"}, "page_view", "96c057b5aef518efee2db7e19c8f6a96", "/contact", ~N[2025-09-11 20:25:18], ~N[2025-09-11 20:25:18]]
14:25:18.766 [debug] Replied in 1ms
14:25:18.767 [debug] QUERY OK source="fun_with_flags_toggles" db=0.1ms
SELECT f0."id", f0."flag_name", f0."gate_type", f0."target", f0."enabled" FROM "fun_with_flags_toggles" AS f0 WHERE (f0."flag_name" = $1) ["blog"]
14:25:18.767 [debug] Telemetry event: [:fun_with_flags, :persistence, :read], metadata: %{flag_name: :blog, gate: nil}, measurements: %{system_time: 1757622318767121201}
14:25:18.768 [debug] HANDLE EVENT "submit" in RsolvWeb.ContactLive
  Parameters: %{"company" => "Acme Inc", "email" => "john@example.com", "message" => "I'm interested in enterprise features", "name" => "John Doe", "team_size" => "11-50"}
14:25:18.768 [info] Analytics event tracked
14:25:18.768 [debug] QUERY OK db=0.1ms
SELECT create_analytics_partition_if_not_exists($1::date) [~D[2025-09-11]]
14:25:18.768 [debug] QUERY OK source="analytics_events" db=0.1ms
INSERT INTO "analytics_events" ("metadata","event_type","visitor_id","page_path","inserted_at","updated_at") VALUES ($1,$2,$3,$4,$5,$6) RETURNING "id" [%{status: "submit", form_id: "contact", email: "john@example.com", form_type: "contact_sales"}, "form_submit", "ccba57d654d94d7e0b9026d6b4776328", "/contact", ~N[2025-09-11 20:25:18], ~N[2025-09-11 20:25:18]]
14:25:18.768 [info] Contact form submission sent
14:25:18.768 [info] Analytics event tracked
14:25:18.768 [debug] QUERY OK db=0.0ms
SELECT create_analytics_partition_if_not_exists($1::date) [~D[2025-09-11]]
14:25:18.769 [debug] QUERY OK source="analytics_events" db=0.0ms
INSERT INTO "analytics_events" ("metadata","event_type","visitor_id","inserted_at","updated_at") VALUES ($1,$2,$3,$4,$5) RETURNING "id" [%{message: "I'm interested in enterprise features", name: "John Doe", status: "success", source: "contact_form", form_id: "contact", email: "john@example.com", company: "Acme Inc", team_size: "11-50"}, "form_success", "a324cca6242e2c682272ccf7bd290ac1", ~N[2025-09-11 20:25:18], ~N[2025-09-11 20:25:18]]
14:25:18.769 [debug] Replied in 928µs
14:25:18.769 [debug] QUERY OK source="fun_with_flags_toggles" db=0.0ms
SELECT f0."id", f0."flag_name", f0."gate_type", f0."target", f0."enabled" FROM "fun_with_flags_toggles" AS f0 WHERE (f0."flag_name" = $1) ["blog"]
14:25:18.769 [debug] Telemetry event: [:fun_with_flags, :persistence, :read], metadata: %{flag_name: :blog, gate: nil}, measurements: %{system_time: 1757622318769193892}
.14:25:18.822 request_id=GGRUL8qw3OUclDsAAC8P [info] GET /contact
14:25:18.822 request_id=GGRUL8qw3OUclDsAAC8P [debug] Processing with RsolvWeb.ContactLive.index/2
  Parameters: %{}
  Pipelines: [:browser]
14:25:18.822 request_id=GGRUL8qw3OUclDsAAC8P [debug] QUERY OK source="fun_with_flags_toggles" db=0.2ms
SELECT f0."id", f0."flag_name", f0."gate_type", f0."target", f0."enabled" FROM "fun_with_flags_toggles" AS f0 WHERE (f0."flag_name" = $1) ["blog"]
14:25:18.822 request_id=GGRUL8qw3OUclDsAAC8P [debug] Telemetry event: [:fun_with_flags, :persistence, :read], metadata: %{flag_name: :blog, gate: nil}, measurements: %{system_time: 1757622318822746992}
14:25:18.823 request_id=GGRUL8qw3OUclDsAAC8P [info] Sent 200 in 866µs
14:25:18.824 [debug] MOUNT RsolvWeb.ContactLive
  Parameters: %{}
  Session: %{"_csrf_token" => "phVwLaWi52EKLJ9hq12oRZq8"}
14:25:18.824 [debug] Replied in 123µs
14:25:18.824 [debug] QUERY OK source="fun_with_flags_toggles" db=0.1ms
SELECT f0."id", f0."flag_name", f0."gate_type", f0."target", f0."enabled" FROM "fun_with_flags_toggles" AS f0 WHERE (f0."flag_name" = $1) ["blog"]
14:25:18.824 [debug] Telemetry event: [:fun_with_flags, :persistence, :read], metadata: %{flag_name: :blog, gate: nil}, measurements: %{system_time: 1757622318824727600}
14:25:18.825 [debug] HANDLE EVENT "submit" in RsolvWeb.ContactLive
  Parameters: %{"company" => "Acme Inc", "email" => "john@example.com", "message" => "I'm interested in enterprise features", "name" => "John Doe", "team_size" => "11-50"}
14:25:18.825 [info] Contact form submission sent
14:25:18.825 [debug] Replied in 114µs
14:25:18.825 [debug] QUERY OK source="fun_with_flags_toggles" db=0.0ms
SELECT f0."id", f0."flag_name", f0."gate_type", f0."target", f0."enabled" FROM "fun_with_flags_toggles" AS f0 WHERE (f0."flag_name" = $1) ["blog"]
14:25:18.825 [debug] Telemetry event: [:fun_with_flags, :persistence, :read], metadata: %{flag_name: :blog, gate: nil}, measurements: %{system_time: 1757622318825942513}
.14:25:18.839 request_id=GGRUL8vAwSKYEEkAAA4U [info] GET /contact
14:25:18.840 request_id=GGRUL8vAwSKYEEkAAA4U [debug] Processing with RsolvWeb.ContactLive.index/2
  Parameters: %{}
  Pipelines: [:browser]
14:25:18.842 request_id=GGRUL8vAwSKYEEkAAA4U [info] Analytics event tracked
14:25:18.843 request_id=GGRUL8vAwSKYEEkAAA4U [debug] QUERY OK db=0.1ms queue=0.1ms
SELECT create_analytics_partition_if_not_exists($1::date) [~D[2025-09-11]]
14:25:18.843 request_id=GGRUL8vAwSKYEEkAAA4U [debug] QUERY OK source="analytics_events" db=0.1ms
INSERT INTO "analytics_events" ("metadata","event_type","visitor_id","page_path","inserted_at","updated_at") VALUES ($1,$2,$3,$4,$5,$6) RETURNING "id" [%{form_type: "contact_sales"}, "page_view", "60fe39c3e18deb867110897bc5e3af7d", "/contact", ~N[2025-09-11 20:25:18], ~N[2025-09-11 20:25:18]]
14:25:18.843 request_id=GGRUL8vAwSKYEEkAAA4U [debug] QUERY OK source="fun_with_flags_toggles" db=0.0ms
SELECT f0."id", f0."flag_name", f0."gate_type", f0."target", f0."enabled" FROM "fun_with_flags_toggles" AS f0 WHERE (f0."flag_name" = $1) ["blog"]
14:25:18.843 request_id=GGRUL8vAwSKYEEkAAA4U [debug] Telemetry event: [:fun_with_flags, :persistence, :read], metadata: %{flag_name: :blog, gate: nil}, measurements: %{system_time: 1757622318843585885}
14:25:18.843 request_id=GGRUL8vAwSKYEEkAAA4U [info] Sent 200 in 3ms
14:25:18.844 [debug] MOUNT RsolvWeb.ContactLive
  Parameters: %{}
  Session: %{"_csrf_token" => "N9H-Rz3fKdXkVXot5GtwwpOK"}
14:25:18.844 [info] Analytics event tracked
14:25:18.844 [debug] QUERY OK db=0.0ms
SELECT create_analytics_partition_if_not_exists($1::date) [~D[2025-09-11]]
14:25:18.844 [debug] QUERY OK source="analytics_events" db=0.0ms
INSERT INTO "analytics_events" ("metadata","event_type","visitor_id","page_path","inserted_at","updated_at") VALUES ($1,$2,$3,$4,$5,$6) RETURNING "id" [%{form_type: "contact_sales"}, "page_view", "097224fae50bbfa06694eba1a8f38419", "/contact", ~N[2025-09-11 20:25:18], ~N[2025-09-11 20:25:18]]
14:25:18.844 [debug] Replied in 397µs
14:25:18.844 [debug] QUERY OK source="fun_with_flags_toggles" db=0.0ms
SELECT f0."id", f0."flag_name", f0."gate_type", f0."target", f0."enabled" FROM "fun_with_flags_toggles" AS f0 WHERE (f0."flag_name" = $1) ["blog"]
14:25:18.844 [debug] Telemetry event: [:fun_with_flags, :persistence, :read], metadata: %{flag_name: :blog, gate: nil}, measurements: %{system_time: 1757622318844724701}
14:25:18.845 [debug] HANDLE EVENT "submit" in RsolvWeb.ContactLive
  Parameters: %{"company" => "Acme Inc", "email" => "not-an-email", "message" => "I'm interested in enterprise features", "name" => "John Doe", "team_size" => "11-50"}
14:25:18.845 [info] Analytics event tracked
14:25:18.845 [debug] QUERY OK db=0.0ms
SELECT create_analytics_partition_if_not_exists($1::date) [~D[2025-09-11]]
14:25:18.845 [debug] QUERY OK source="analytics_events" db=0.0ms
INSERT INTO "analytics_events" ("metadata","event_type","visitor_id","inserted_at","updated_at") VALUES ($1,$2,$3,$4,$5) RETURNING "id" [%{status: "error", error_type: "validation", form_id: "contact", error_details: "Email must contain @", email_input: "not-an-email"}, "form_error", "5bf455b87a6b49a48e92b53b1a265740", ~N[2025-09-11 20:25:18], ~N[2025-09-11 20:25:18]]
14:25:18.845 [debug] Replied in 346µs
14:25:18.845 [debug] QUERY OK source="fun_with_flags_toggles" db=0.0ms
SELECT f0."id", f0."flag_name", f0."gate_type", f0."target", f0."enabled" FROM "fun_with_flags_toggles" AS f0 WHERE (f0."flag_name" = $1) ["blog"]
14:25:18.845 [debug] Telemetry event: [:fun_with_flags, :persistence, :read], metadata: %{flag_name: :blog, gate: nil}, measurements: %{system_time: 1757622318845928517}
.14:25:18.874 request_id=GGRUL83QrwDiwx8AAA8U [info] GET /contact
14:25:18.874 request_id=GGRUL83QrwDiwx8AAA8U [debug] Processing with RsolvWeb.ContactLive.index/2
  Parameters: %{}
  Pipelines: [:browser]
14:25:18.874 request_id=GGRUL83QrwDiwx8AAA8U [debug] QUERY OK source="fun_with_flags_toggles" db=0.1ms
SELECT f0."id", f0."flag_name", f0."gate_type", f0."target", f0."enabled" FROM "fun_with_flags_toggles" AS f0 WHERE (f0."flag_name" = $1) ["blog"]
14:25:18.875 request_id=GGRUL83QrwDiwx8AAA8U [debug] Telemetry event: [:fun_with_flags, :persistence, :read], metadata: %{flag_name: :blog, gate: nil}, measurements: %{system_time: 1757622318875002674}
14:25:18.875 request_id=GGRUL83QrwDiwx8AAA8U [info] Sent 200 in 670µs
14:25:18.875 [debug] MOUNT RsolvWeb.ContactLive
  Parameters: %{}
  Session: %{"_csrf_token" => "l0QMSmms3Alhod4_lyYY3HhZ"}
14:25:18.875 [debug] Replied in 74µs
14:25:18.876 [debug] QUERY OK source="fun_with_flags_toggles" db=0.1ms
SELECT f0."id", f0."flag_name", f0."gate_type", f0."target", f0."enabled" FROM "fun_with_flags_toggles" AS f0 WHERE (f0."flag_name" = $1) ["blog"]
14:25:18.876 [debug] Telemetry event: [:fun_with_flags, :persistence, :read], metadata: %{flag_name: :blog, gate: nil}, measurements: %{system_time: 1757622318876251941}
.14:25:18.883 request_id=GGRUL85VvCg2PsUAABaM [info] GET /contact
14:25:18.883 request_id=GGRUL85VvCg2PsUAABaM [debug] Processing with RsolvWeb.ContactLive.index/2
  Parameters: %{}
  Pipelines: [:browser]
14:25:18.884 request_id=GGRUL85VvCg2PsUAABaM [info] Analytics event tracked
14:25:18.885 request_id=GGRUL85VvCg2PsUAABaM [debug] QUERY OK db=0.5ms queue=0.2ms
SELECT create_analytics_partition_if_not_exists($1::date) [~D[2025-09-11]]
14:25:18.886 request_id=GGRUL85VvCg2PsUAABaM [debug] QUERY OK source="analytics_events" db=0.3ms
INSERT INTO "analytics_events" ("metadata","event_type","visitor_id","page_path","inserted_at","updated_at") VALUES ($1,$2,$3,$4,$5,$6) RETURNING "id" [%{form_type: "contact_sales"}, "page_view", "9f99874aeb39df6c9cf019c48e7af581", "/contact", ~N[2025-09-11 20:25:18], ~N[2025-09-11 20:25:18]]
14:25:18.886 request_id=GGRUL85VvCg2PsUAABaM [debug] QUERY OK source="fun_with_flags_toggles" db=0.1ms
SELECT f0."id", f0."flag_name", f0."gate_type", f0."target", f0."enabled" FROM "fun_with_flags_toggles" AS f0 WHERE (f0."flag_name" = $1) ["blog"]
14:25:18.886 request_id=GGRUL85VvCg2PsUAABaM [debug] Telemetry event: [:fun_with_flags, :persistence, :read], metadata: %{flag_name: :blog, gate: nil}, measurements: %{system_time: 1757622318886447914}
14:25:18.886 request_id=GGRUL85VvCg2PsUAABaM [info] Sent 200 in 3ms
14:25:18.887 [debug] MOUNT RsolvWeb.ContactLive
  Parameters: %{}
  Session: %{"_csrf_token" => "nSvjzmnJrvR7P2fVoy7AM56h"}
14:25:18.887 [info] Analytics event tracked
14:25:18.887 [debug] QUERY OK db=0.1ms
SELECT create_analytics_partition_if_not_exists($1::date) [~D[2025-09-11]]
14:25:18.887 [debug] QUERY OK source="analytics_events" db=0.0ms
INSERT INTO "analytics_events" ("metadata","event_type","visitor_id","page_path","inserted_at","updated_at") VALUES ($1,$2,$3,$4,$5,$6) RETURNING "id" [%{form_type: "contact_sales"}, "page_view", "43d96cb1e413f70c12b2c4174f759de9", "/contact", ~N[2025-09-11 20:25:18], ~N[2025-09-11 20:25:18]]
14:25:18.887 [debug] Replied in 433µs
14:25:18.887 [debug] QUERY OK source="fun_with_flags_toggles" db=0.0ms
SELECT f0."id", f0."flag_name", f0."gate_type", f0."target", f0."enabled" FROM "fun_with_flags_toggles" AS f0 WHERE (f0."flag_name" = $1) ["blog"]
14:25:18.887 [debug] Telemetry event: [:fun_with_flags, :persistence, :read], metadata: %{flag_name: :blog, gate: nil}, measurements: %{system_time: 1757622318887509301}
.14:25:18.899 request_id=GGRUL89RwzaDOtUAAAUX [info] GET /contact
14:25:18.899 request_id=GGRUL89RwzaDOtUAAAUX [debug] Processing with RsolvWeb.ContactLive.index/2
  Parameters: %{}
  Pipelines: [:browser]
14:25:18.899 request_id=GGRUL89RwzaDOtUAAAUX [info] Analytics event tracked
14:25:18.900 request_id=GGRUL89RwzaDOtUAAAUX [debug] QUERY OK db=0.1ms queue=0.1ms
SELECT create_analytics_partition_if_not_exists($1::date) [~D[2025-09-11]]
14:25:18.900 request_id=GGRUL89RwzaDOtUAAAUX [debug] QUERY OK source="analytics_events" db=0.1ms queue=0.1ms
INSERT INTO "analytics_events" ("metadata","event_type","visitor_id","page_path","inserted_at","updated_at") VALUES ($1,$2,$3,$4,$5,$6) RETURNING "id" [%{form_type: "contact_sales"}, "page_view", "9fbef9a23bd4f08ecb4442ab76119e2e", "/contact", ~N[2025-09-11 20:25:18], ~N[2025-09-11 20:25:18]]
14:25:18.900 request_id=GGRUL89RwzaDOtUAAAUX [debug] QUERY OK source="fun_with_flags_toggles" db=0.0ms
SELECT f0."id", f0."flag_name", f0."gate_type", f0."target", f0."enabled" FROM "fun_with_flags_toggles" AS f0 WHERE (f0."flag_name" = $1) ["blog"]
14:25:18.901 request_id=GGRUL89RwzaDOtUAAAUX [debug] Telemetry event: [:fun_with_flags, :persistence, :read], metadata: %{flag_name: :blog, gate: nil}, measurements: %{system_time: 1757622318901005394}
14:25:18.901 request_id=GGRUL89RwzaDOtUAAAUX [info] Sent 200 in 1ms
14:25:18.901 [debug] MOUNT RsolvWeb.ContactLive
  Parameters: %{}
  Session: %{"_csrf_token" => "TXz_6RF9Y9S59Usz9uhhxgLY"}
14:25:18.901 [info] Analytics event tracked
14:25:18.901 [debug] QUERY OK db=0.0ms
SELECT create_analytics_partition_if_not_exists($1::date) [~D[2025-09-11]]
14:25:18.902 [debug] QUERY OK source="analytics_events" db=0.0ms
INSERT INTO "analytics_events" ("metadata","event_type","visitor_id","page_path","inserted_at","updated_at") VALUES ($1,$2,$3,$4,$5,$6) RETURNING "id" [%{form_type: "contact_sales"}, "page_view", "b620df90573e758f3acd523ef8513884", "/contact", ~N[2025-09-11 20:25:18], ~N[2025-09-11 20:25:18]]
14:25:18.902 [debug] Replied in 410µs
14:25:18.902 [debug] QUERY OK source="fun_with_flags_toggles" db=0.0ms
SELECT f0."id", f0."flag_name", f0."gate_type", f0."target", f0."enabled" FROM "fun_with_flags_toggles" AS f0 WHERE (f0."flag_name" = $1) ["blog"]
14:25:18.902 [debug] Telemetry event: [:fun_with_flags, :persistence, :read], metadata: %{flag_name: :blog, gate: nil}, measurements: %{system_time: 1757622318902136076}
14:25:18.902 [debug] HANDLE EVENT "submit" in RsolvWeb.ContactLive
  Parameters: %{"company" => "Acme Inc", "email" => "john@example.com", "message" => "I'm interested in enterprise features", "name" => "John Doe", "team_size" => "11-50"}
14:25:18.902 [info] Analytics event tracked
14:25:18.903 [debug] QUERY OK db=0.0ms
SELECT create_analytics_partition_if_not_exists($1::date) [~D[2025-09-11]]
14:25:18.903 [debug] QUERY OK source="analytics_events" db=0.0ms
INSERT INTO "analytics_events" ("metadata","event_type","visitor_id","page_path","inserted_at","updated_at") VALUES ($1,$2,$3,$4,$5,$6) RETURNING "id" [%{status: "submit", form_id: "contact", email: "john@example.com", form_type: "contact_sales"}, "form_submit", "5a3c33508fd49d1f4332f05ddb133d76", "/contact", ~N[2025-09-11 20:25:18], ~N[2025-09-11 20:25:18]]
14:25:18.903 [info] Contact form submission sent
14:25:18.903 [info] Analytics event tracked
14:25:18.903 [debug] QUERY OK db=0.0ms queue=0.1ms
SELECT create_analytics_partition_if_not_exists($1::date) [~D[2025-09-11]]
14:25:18.903 [debug] QUERY OK source="analytics_events" db=0.1ms
INSERT INTO "analytics_events" ("metadata","event_type","visitor_id","inserted_at","updated_at") VALUES ($1,$2,$3,$4,$5) RETURNING "id" [%{message: "I'm interested in enterprise features", name: "John Doe", status: "success", source: "contact_form", form_id: "contact", email: "john@example.com", company: "Acme Inc", team_size: "11-50"}, "form_success", "2d2dc9857efbe11c3389c021fecc533b", ~N[2025-09-11 20:25:18], ~N[2025-09-11 20:25:18]]
14:25:18.903 [debug] Replied in 974µs
14:25:18.903 [debug] QUERY OK source="fun_with_flags_toggles" db=0.0ms
SELECT f0."id", f0."flag_name", f0."gate_type", f0."target", f0."enabled" FROM "fun_with_flags_toggles" AS f0 WHERE (f0."flag_name" = $1) ["blog"]
14:25:18.904 [debug] Telemetry event: [:fun_with_flags, :persistence, :read], metadata: %{flag_name: :blog, gate: nil}, measurements: %{system_time: 1757622318903993797}
.14:25:18.910 request_id=GGRUL8_xncQ_mnkAABQT [info] GET /contact
14:25:18.910 request_id=GGRUL8_xncQ_mnkAABQT [debug] Processing with RsolvWeb.ContactLive.index/2
  Parameters: %{}
  Pipelines: [:browser]
14:25:18.910 request_id=GGRUL8_xncQ_mnkAABQT [info] Analytics event tracked
14:25:18.911 request_id=GGRUL8_xncQ_mnkAABQT [debug] QUERY OK db=0.3ms queue=0.1ms
SELECT create_analytics_partition_if_not_exists($1::date) [~D[2025-09-11]]
14:25:18.911 request_id=GGRUL8_xncQ_mnkAABQT [debug] QUERY OK source="analytics_events" db=0.3ms
INSERT INTO "analytics_events" ("metadata","event_type","visitor_id","page_path","inserted_at","updated_at") VALUES ($1,$2,$3,$4,$5,$6) RETURNING "id" [%{form_type: "contact_sales"}, "page_view", "8a77ea64504d54ca0283d1c3ccfaba14", "/contact", ~N[2025-09-11 20:25:18], ~N[2025-09-11 20:25:18]]
14:25:18.911 request_id=GGRUL8_xncQ_mnkAABQT [debug] QUERY OK source="fun_with_flags_toggles" db=0.1ms
SELECT f0."id", f0."flag_name", f0."gate_type", f0."target", f0."enabled" FROM "fun_with_flags_toggles" AS f0 WHERE (f0."flag_name" = $1) ["blog"]
14:25:18.912 request_id=GGRUL8_xncQ_mnkAABQT [debug] Telemetry event: [:fun_with_flags, :persistence, :read], metadata: %{flag_name: :blog, gate: nil}, measurements: %{system_time: 1757622318911986616}
14:25:18.912 request_id=GGRUL8_xncQ_mnkAABQT [info] Sent 200 in 1ms
14:25:18.912 [debug] MOUNT RsolvWeb.ContactLive
  Parameters: %{}
  Session: %{"_csrf_token" => "1jKwIUUXzqIoj7x0e7Vn0MXh"}
14:25:18.912 [info] Analytics event tracked
14:25:18.913 [debug] QUERY OK db=0.2ms queue=0.1ms
SELECT create_analytics_partition_if_not_exists($1::date) [~D[2025-09-11]]
14:25:18.913 [debug] QUERY OK source="analytics_events" db=0.1ms
INSERT INTO "analytics_events" ("metadata","event_type","visitor_id","page_path","inserted_at","updated_at") VALUES ($1,$2,$3,$4,$5,$6) RETURNING "id" [%{form_type: "contact_sales"}, "page_view", "4c6b3e9656c7fd1d9296bc50c7bc53cd", "/contact", ~N[2025-09-11 20:25:18], ~N[2025-09-11 20:25:18]]
14:25:18.913 [debug] Replied in 703µs
14:25:18.913 [debug] QUERY OK source="fun_with_flags_toggles" db=0.0ms
SELECT f0."id", f0."flag_name", f0."gate_type", f0."target", f0."enabled" FROM "fun_with_flags_toggles" AS f0 WHERE (f0."flag_name" = $1) ["blog"]
14:25:18.913 [debug] Telemetry event: [:fun_with_flags, :persistence, :read], metadata: %{flag_name: :blog, gate: nil}, measurements: %{system_time: 1757622318913660971}
.14:25:18.915 request_id=GGRUL9A6fxxyEzkAAB4R [info] GET /contact
14:25:18.915 request_id=GGRUL9A6fxxyEzkAAB4R [debug] Processing with RsolvWeb.ContactLive.index/2
  Parameters: %{}
  Pipelines: [:browser]
14:25:18.915 request_id=GGRUL9A6fxxyEzkAAB4R [info] Analytics event tracked
14:25:18.915 request_id=GGRUL9A6fxxyEzkAAB4R [debug] QUERY OK db=0.0ms
SELECT create_analytics_partition_if_not_exists($1::date) [~D[2025-09-11]]
14:25:18.915 request_id=GGRUL9A6fxxyEzkAAB4R [debug] QUERY OK source="analytics_events" db=0.0ms
INSERT INTO "analytics_events" ("metadata","event_type","visitor_id","page_path","inserted_at","updated_at") VALUES ($1,$2,$3,$4,$5,$6) RETURNING "id" [%{form_type: "contact_sales"}, "page_view", "31273f5f50e5ee8c7573805a7e294216", "/contact", ~N[2025-09-11 20:25:18], ~N[2025-09-11 20:25:18]]
14:25:18.915 request_id=GGRUL9A6fxxyEzkAAB4R [debug] QUERY OK source="fun_with_flags_toggles" db=0.0ms
SELECT f0."id", f0."flag_name", f0."gate_type", f0."target", f0."enabled" FROM "fun_with_flags_toggles" AS f0 WHERE (f0."flag_name" = $1) ["blog"]
14:25:18.915 request_id=GGRUL9A6fxxyEzkAAB4R [debug] Telemetry event: [:fun_with_flags, :persistence, :read], metadata: %{flag_name: :blog, gate: nil}, measurements: %{system_time: 1757622318915746878}
14:25:18.915 request_id=GGRUL9A6fxxyEzkAAB4R [info] Sent 200 in 808µs
14:25:18.916 [debug] MOUNT RsolvWeb.ContactLive
  Parameters: %{}
  Session: %{"_csrf_token" => "MK6vQrVQen9ffgZeCcyVGhA7"}
14:25:18.916 [info] Analytics event tracked
14:25:18.916 [debug] QUERY OK db=0.0ms
SELECT create_analytics_partition_if_not_exists($1::date) [~D[2025-09-11]]
14:25:18.916 [debug] QUERY OK source="analytics_events" db=0.0ms
INSERT INTO "analytics_events" ("metadata","event_type","visitor_id","page_path","inserted_at","updated_at") VALUES ($1,$2,$3,$4,$5,$6) RETURNING "id" [%{form_type: "contact_sales"}, "page_view", "94b295992070b5f4423d6ad311861bd6", "/contact", ~N[2025-09-11 20:25:18], ~N[2025-09-11 20:25:18]]
14:25:18.916 [debug] Replied in 300µs
14:25:18.916 [debug] QUERY OK source="fun_with_flags_toggles" db=0.0ms
SELECT f0."id", f0."flag_name", f0."gate_type", f0."target", f0."enabled" FROM "fun_with_flags_toggles" AS f0 WHERE (f0."flag_name" = $1) ["blog"]
14:25:18.916 [debug] Telemetry event: [:fun_with_flags, :persistence, :read], metadata: %{flag_name: :blog, gate: nil}, measurements: %{system_time: 1757622318916622562}
14:25:18.917 [debug] HANDLE EVENT "submit" in RsolvWeb.ContactLive
  Parameters: %{"company" => "", "email" => "", "message" => "Test message", "name" => "John Doe", "team_size" => ""}
14:25:18.917 [info] Analytics event tracked
14:25:18.917 [debug] QUERY OK db=0.0ms
SELECT create_analytics_partition_if_not_exists($1::date) [~D[2025-09-11]]
14:25:18.917 [debug] QUERY OK source="analytics_events" db=0.0ms
INSERT INTO "analytics_events" ("metadata","event_type","visitor_id","inserted_at","updated_at") VALUES ($1,$2,$3,$4,$5) RETURNING "id" [%{status: "error", error_type: "validation", form_id: "contact", error_details: nil, email_input: ""}, "form_error", "08073230f311da7e2e0b0590ea754758", ~N[2025-09-11 20:25:18], ~N[2025-09-11 20:25:18]]
14:25:18.917 [debug] Replied in 331µs
.14:25:18.918 [debug] QUERY OK source="fun_with_flags_toggles" db=0.1ms
INSERT INTO "fun_with_flags_toggles" AS f0 ("enabled","target","flag_name","gate_type") VALUES ($1,$2,$3,$4) ON CONFLICT ("flag_name","gate_type","target") DO UPDATE SET "enabled" = $5 RETURNING "id" [true, "_fwf_none", "early_access_signup", "boolean", true]
14:25:18.918 [debug] QUERY OK source="fun_with_flags_toggles" db=0.0ms
SELECT f0."id", f0."flag_name", f0."gate_type", f0."target", f0."enabled" FROM "fun_with_flags_toggles" AS f0 WHERE (f0."flag_name" = $1) ["early_access_signup"]
14:25:18.918 [debug] Telemetry event: [:fun_with_flags, :persistence, :write], metadata: %{flag_name: :early_access_signup, gate: %FunWithFlags.Gate{type: :boolean, for: nil, enabled: true}}, measurements: %{system_time: 1757622318918655499}
14:25:18.918 [debug] QUERY OK source="fun_with_flags_toggles" db=0.1ms
INSERT INTO "fun_with_flags_toggles" AS f0 ("enabled","target","flag_name","gate_type") VALUES ($1,$2,$3,$4) ON CONFLICT ("flag_name","gate_type","target") DO UPDATE SET "enabled" = $5 RETURNING "id" [true, "_fwf_none", "welcome_email_sequence", "boolean", true]
14:25:18.918 [debug] QUERY OK source="fun_with_flags_toggles" db=0.0ms
SELECT f0."id", f0."flag_name", f0."gate_type", f0."target", f0."enabled" FROM "fun_with_flags_toggles" AS f0 WHERE (f0."flag_name" = $1) ["welcome_email_sequence"]
14:25:18.918 [debug] Telemetry event: [:fun_with_flags, :persistence, :write], metadata: %{flag_name: :welcome_email_sequence, gate: %FunWithFlags.Gate{type: :boolean, for: nil, enabled: true}}, measurements: %{system_time: 1757622318918956599}
14:25:18.919 request_id=GGRUL9B3nMZHGvYAAAuW [info] POST /early-access
14:25:18.919 request_id=GGRUL9B3nMZHGvYAAAuW [debug] Processing with RsolvWeb.PageController.submit_early_access/2
  Parameters: %{"email" => "analytics@example.com", "utm_campaign" => "launch", "utm_medium" => "social", "utm_source" => "twitter"}
  Pipelines: [:browser]
14:25:18.919 request_id=GGRUL9B3nMZHGvYAAAuW [debug] QUERY OK source="fun_with_flags_toggles" db=0.0ms
SELECT f0."id", f0."flag_name", f0."gate_type", f0."target", f0."enabled" FROM "fun_with_flags_toggles" AS f0 WHERE (f0."flag_name" = $1) ["early_access_signup"]
14:25:18.919 request_id=GGRUL9B3nMZHGvYAAAuW [debug] Telemetry event: [:fun_with_flags, :persistence, :read], metadata: %{flag_name: :early_access_signup, gate: nil}, measurements: %{system_time: 1757622318919267639}
14:25:18.919 request_id=GGRUL9B3nMZHGvYAAAuW [debug] Extracted UTM parameters: %{utm_source: "twitter", utm_medium: "social", utm_campaign: "launch"}
14:25:18.919 request_id=GGRUL9B3nMZHGvYAAAuW [info] Analytics event tracked
14:25:18.919 request_id=GGRUL9B3nMZHGvYAAAuW [debug] QUERY OK db=0.1ms
SELECT create_analytics_partition_if_not_exists($1::date) [~D[2025-09-11]]
14:25:18.919 request_id=GGRUL9B3nMZHGvYAAAuW [debug] QUERY OK source="analytics_events" db=0.1ms
INSERT INTO "analytics_events" ("metadata","event_type","visitor_id","page_path","utm_source","utm_medium","utm_campaign","inserted_at","updated_at") VALUES ($1,$2,$3,$4,$5,$6,$7,$8,$9) RETURNING "id" [%{status: "submit", os: "unknown", form_id: "early-access", browser: "unknown", utm_source_platform: nil, utm_source_campaign: nil, utm_source_content: nil, device_type: "unknown"}, "form_submit", "cf78ec1f2554e283aeb3924d4081c69c", "/early-access", "twitter", "social", "launch", ~N[2025-09-11 20:25:18], ~N[2025-09-11 20:25:18]]
14:25:18.919 request_id=GGRUL9B3nMZHGvYAAAuW [info] Form submission received
14:25:18.919 request_id=GGRUL9B3nMZHGvYAAAuW [info] Valid email received for processing: analytics@example.com, validation passed
14:25:18.919 request_id=GGRUL9B3nMZHGvYAAAuW [debug] Extracted UTM parameters: %{utm_source: "twitter", utm_medium: "social", utm_campaign: "launch"}
14:25:18.920 request_id=GGRUL9B3nMZHGvYAAAuW [debug] QUERY OK source="early_access_signups" db=0.0ms
INSERT INTO "early_access_signups" ("name","email","utm_source","utm_medium","utm_campaign","referral_source","inserted_at") VALUES ($1,$2,$3,$4,$5,$6,$7) RETURNING "id" ["Analytics", "analytics@example.com", "twitter", "social", "launch", "landing_page", ~N[2025-09-11 20:25:18]]
14:25:18.920 request_id=GGRUL9B3nMZHGvYAAAuW [debug] QUERY OK source="early_access_signups" db=0.0ms
SELECT count(e0."id") FROM "early_access_signups" AS e0 []
14:25:18.920 request_id=GGRUL9B3nMZHGvYAAAuW [info] Successfully saved signup to database
14:25:18.920 request_id=GGRUL9B3nMZHGvYAAAuW [info] ConvertKit API key present: true
14:25:18.920 request_id=GGRUL9B3nMZHGvYAAAuW [info] ConvertKit API request successful
14:25:18.920 request_id=GGRUL9B3nMZHGvYAAAuW [info] ConvertKit: Successfully added subscriber
14:25:18.920 request_id=GGRUL9B3nMZHGvYAAAuW [info] Analytics event tracked
14:25:18.920 request_id=GGRUL9B3nMZHGvYAAAuW [debug] QUERY OK db=0.2ms queue=0.1ms
SELECT create_analytics_partition_if_not_exists($1::date) [~D[2025-09-11]]
14:25:18.920 request_id=GGRUL9B3nMZHGvYAAAuW [debug] QUERY OK source="analytics_events" db=0.0ms
INSERT INTO "analytics_events" ("metadata","event_type","visitor_id","page_path","utm_source","utm_medium","utm_campaign","inserted_at","updated_at") VALUES ($1,$2,$3,$4,$5,$6,$7,$8,$9) RETURNING "id" [%{status: "success", os: "unknown", source: "landing_page", form_id: "early-access", browser: "unknown", utm_source_platform: nil, utm_source_campaign: nil, utm_source_content: nil, device_type: "unknown", conversion_type: "early_access_signup", email_domain: "example.com"}, "form_success", "cf78ec1f2554e283aeb3924d4081c69c", "/early-access", "twitter", "social", "launch", ~N[2025-09-11 20:25:18], ~N[2025-09-11 20:25:18]]
14:25:18.920 request_id=GGRUL9B3nMZHGvYAAAuW [info] Analytics event tracked
14:25:18.920 request_id=GGRUL9B3nMZHGvYAAAuW [debug] QUERY OK db=0.0ms
SELECT create_analytics_partition_if_not_exists($1::date) [~D[2025-09-11]]
14:25:18.921 request_id=GGRUL9B3nMZHGvYAAAuW [debug] QUERY OK source="analytics_events" db=0.0ms
INSERT INTO "analytics_events" ("metadata","event_type","visitor_id","page_path","utm_source","utm_medium","utm_campaign","inserted_at","updated_at") VALUES ($1,$2,$3,$4,$5,$6,$7,$8,$9) RETURNING "id" [%{os: "unknown", source: "landing_page", form_id: "early-access", browser: "unknown", utm_source_platform: nil, utm_source_campaign: nil, utm_source_content: nil, device_type: "unknown", conversion_type: "early_access_signup", email_domain: "example.com"}, "conversion", "cf78ec1f2554e283aeb3924d4081c69c", "/early-access", "twitter", "social", "launch", ~N[2025-09-11 20:25:18], ~N[2025-09-11 20:25:18]]
14:25:18.921 request_id=GGRUL9B3nMZHGvYAAAuW [debug] QUERY OK source="fun_with_flags_toggles" db=0.0ms
SELECT f0."id", f0."flag_name", f0."gate_type", f0."target", f0."enabled" FROM "fun_with_flags_toggles" AS f0 WHERE (f0."flag_name" = $1) ["welcome_email_sequence"]
14:25:18.921 request_id=GGRUL9B3nMZHGvYAAAuW [debug] Telemetry event: [:fun_with_flags, :persistence, :read], metadata: %{flag_name: :welcome_email_sequence, gate: nil}, measurements: %{system_time: 1757622318921184596}
14:25:18.921 request_id=GGRUL9B3nMZHGvYAAAuW [info] [PAGE CONTROLLER] Welcome email sequence is ENABLED, starting sequence
14:25:18.921 request_id=GGRUL9B3nMZHGvYAAAuW [info] [PAGE CONTROLLER] About to call EmailSequence.start_early_access_onboarding_sequence
14:25:18.921 request_id=GGRUL9B3nMZHGvYAAAuW [info] [EMAIL SEQUENCE] Starting early access onboarding sequence
14:25:18.921 request_id=GGRUL9B3nMZHGvYAAAuW [info] [EMAIL SEQUENCE] About to call EmailService.send_early_access_welcome_email
14:25:18.921 request_id=GGRUL9B3nMZHGvYAAAuW [info] [EMAIL] send_early_access_welcome_email called
14:25:18.921 request_id=GGRUL9B3nMZHGvYAAAuW [info] [EMAIL DEBUG] Full email struct before sending
14:25:18.921 request_id=GGRUL9B3nMZHGvYAAAuW [info] [EMAIL DEBUG] Extracted recipient email
14:25:18.921 request_id=GGRUL9B3nMZHGvYAAAuW [info] [EMAIL DEBUG] Postmark configuration
14:25:18.921 request_id=GGRUL9B3nMZHGvYAAAuW [info] [EMAIL DEBUG] Email configuration
14:25:18.921 request_id=GGRUL9B3nMZHGvYAAAuW [info] [EMAIL] Attempting to send email via Postmark
14:25:18.922 request_id=GGRUL9B3nMZHGvYAAAuW [debug] Sending email with Bamboo.TestAdapter:

%Bamboo.Email{from: {"RSOLV Team", "support@rsolv.dev"}, to: [nil: "analytics@example.com"], cc: [], bcc: [], subject: "Welcome to RSOLV Early Access Program", html_body: "<div style=\"font-family: 'Helvetica Neue', Helvetica, Arial, sans-serif; max-width: 600px; margin: 0 auto; padding: 20px;\">\n  <h1 style=\"color: #2C3E50; margin-bottom: 20px;\">Welcome to RSOLV Early Access Program!</h1>\n\n  <p>Hi Analytics,</p>\n\n  <p>Thank you for joining our Early Access Program! You're now part of an exclusive group getting first access to RSOLV.</p>\n\n  <p>Here's what you need to know:</p>\n\n  <ul>\n    <li>You have full access to all current features</li>\n    <li>Your feedback is incredibly valuable to us during this phase</li>\n    <li>You'll receive priority support via email</li>\n  </ul>\n\n  <p>To get started with RSOLV:</p>\n\n  <ol>\n    <li><strong>Your API key will be sent in a follow-up email within 24 hours</strong></li>\n    <li>Once you receive your API key, install our GitHub Action (code below)</li>\n    <li>Set up your repository secrets with your API key</li>\n    <li>Tag your first issues with \"rsolv:automate\"</li>\n  </ol>\n\n  <div style=\"background-color: #fff3cd; border: 1px solid #ffeaa7; color: #856404; padding: 10px; border-radius: 5px; margin: 15px 0;\">\n    <strong>⏳ API Key Coming Soon:</strong> We'll send your personal API key within 24 hours. Look for an email with subject \"Your RSOLV API Key\".\n  </div>\n\n  <div style=\"background-color: #f8f9fa; padding: 15px; border-radius: 5px; margin: 20px 0;\">\n    <pre style=\"margin: 0; overflow-x: auto; white-space: pre-wrap; font-family: monospace;\">name: RSOLV AutoFix\non:\n  issues:\n    types: [opened, edited, labeled]\n\njobs:\n  autofix:\n    runs-on: ubuntu-latest\n    if: contains(github.event.issue.labels.*.name, 'rsolv:automate')\n    steps:\n      - uses: RSOLV-dev/rsolv-action@v1\n        with:\n          github-token: ${{ secrets.GITHUB_TOKEN }}\n          rsolv-api-key: ${{ secrets.RSOLV_API_KEY }}</pre>\n  </div>\n\n  <p>Need help? As an Early Access member, you have priority support - contact us at <a href=\"mailto:support@rsolv.dev\">support@rsolv.dev</a> and we'll personally assist you.</p>\n\n  <p>Your trial includes unlimited automated fixes during the Early Access period.</p>\n\n  <div style=\"margin-top: 30px; padding: 15px; border: 1px solid #e0e0e0; border-radius: 5px; background-color: #f9f9f9;\">\n    <h3 style=\"margin-top: 0; color: #2C3E50;\">Early Access Program Benefits</h3>\n    <ul>\n      <li>Unlimited usage during Early Access</li>\n      <li>Priority support and feature requests</li>\n      <li>Exclusive pricing when we launch</li>\n      <li>Direct access to our development team</li>\n    </ul>\n  </div>\n\n  <p>Best,<br>The RSOLV Team</p>\n\n  <div class=\"footer\" style=\"margin-top: 40px; padding-top: 20px; border-top: 1px solid #e0e0e0; font-size: 0.9em; color: #666;\">\n    <p>\n      You're receiving this email because you joined the RSOLV Early Access Program.\n      <br>\n      If you have any questions, simply reply to this email.\n    </p>\n    <p>\n      RSOLV, Inc. • support@rsolv.dev • © 2025\n    </p>\n    <p>\n      <a href=\"https://rsolv.dev/unsubscribe?email=analytics@example.com\">Unsubscribe</a> from these emails.\n    </p>\n  </div>\n</div>\n", text_body: "Welcome to RSOLV Early Access Program!\n\nHi Analytics,\n\nThank you for joining our Early Access Program! You're now part of an exclusive group getting first access to RSOLV.\n\nHere's what you need to know:\n- You have full access to all current features\n- Your feedback is incredibly valuable to us during this phase\n- You'll receive priority support via email\n\nTo get started with RSOLV:\n1. Your API key will be sent in a follow-up email within 24 hours\n2. Once you receive your API key, install our GitHub Action\n3. Set up your repository secrets with your API key\n4. Tag your first issues with \"AUTOFIX\"\n\n⏳ API KEY COMING SOON: We'll send your personal API key within 24 hours. Look for an email with subject \"Your RSOLV API Key\".\n\nNeed help? As an Early Access member, you have priority support - contact us at support@rsolv.dev and we'll personally assist you.\n\nYour trial includes unlimited automated fixes during the Early Access period.\n\nEARLY ACCESS PROGRAM BENEFITS:\n* Unlimited usage during Early Access\n* Priority support and feature requests\n* Exclusive pricing when we launch\n* Direct access to our development team\n\nBest,\nThe RSOLV Team\n\n---\nYou're receiving this email because you joined the RSOLV Early Access Program.\nIf you have any questions, simply reply to this email.\n\nRSOLV, Inc. • support@rsolv.dev\n\nTo unsubscribe, visit: https://rsolv.dev/unsubscribe?email=analytics@example.com\n", headers: %{"X-Postmark-Tag" => "early-access"}, attachments: [], assigns: %{}, private: %{tag: "early-access"}, blocked: false}

14:25:18.922 request_id=GGRUL9B3nMZHGvYAAAuW [info] [EMAIL DEBUG] Raw Postmark response
14:25:18.922 request_id=GGRUL9B3nMZHGvYAAAuW [info] [EMAIL] Email sent successfully via Postmark
14:25:18.922 request_id=GGRUL9B3nMZHGvYAAAuW [info] [EMAIL SEQUENCE] EmailService.send_early_access_welcome_email returned
14:25:18.922 request_id=GGRUL9B3nMZHGvYAAAuW [info] Attempting to tag subscriber
14:25:18.922 request_id=GGRUL9B3nMZHGvYAAAuW [info] ConvertKit: Attempting to tag analytics@example.com with tag 7700607
14:25:18.922 request_id=GGRUL9B3nMZHGvYAAAuW [info] ConvertKit: Successfully tagged analytics@example.com
14:25:18.922 request_id=GGRUL9B3nMZHGvYAAAuW [info] [EmailWorker] schedule_sequence called
14:25:18.922 request_id=GGRUL9B3nMZHGvYAAAuW [info] [EmailWorker] Found sequence
14:25:18.922 request_id=GGRUL9B3nMZHGvYAAAuW [info] [EmailWorker] Processing email config
14:25:18.922 request_id=GGRUL9B3nMZHGvYAAAuW [info] [EmailWorker] Skipping immediate email
14:25:18.922 request_id=GGRUL9B3nMZHGvYAAAuW [info] [EmailWorker] Processing email config
14:25:18.922 request_id=GGRUL9B3nMZHGvYAAAuW [info] [EmailWorker] Scheduling email
14:25:18.922 request_id=GGRUL9B3nMZHGvYAAAuW [info] [EmailWorker] Creating Oban job
14:25:18.923 request_id=GGRUL9B3nMZHGvYAAAuW [info] [EmailWorker] Job created
14:25:18.923 request_id=GGRUL9B3nMZHGvYAAAuW [info] Processing scheduled email
14:25:18.923 request_id=GGRUL9B3nMZHGvYAAAuW [error] Failed to send scheduled email
14:25:18.923 request_id=GGRUL9B3nMZHGvYAAAuW [info] [EmailWorker] Insert result
14:25:18.923 request_id=GGRUL9B3nMZHGvYAAAuW [info] [EmailWorker] Schedule result
14:25:18.923 request_id=GGRUL9B3nMZHGvYAAAuW [info] [EmailWorker] Processing email config
14:25:18.923 request_id=GGRUL9B3nMZHGvYAAAuW [info] [EmailWorker] Scheduling email
14:25:18.923 request_id=GGRUL9B3nMZHGvYAAAuW [info] [EmailWorker] Creating Oban job
14:25:18.923 request_id=GGRUL9B3nMZHGvYAAAuW [info] [EmailWorker] Job created
14:25:18.923 request_id=GGRUL9B3nMZHGvYAAAuW [info] Processing scheduled email
14:25:18.923 request_id=GGRUL9B3nMZHGvYAAAuW [info] [EMAIL DEBUG] Full email struct before sending
14:25:18.923 request_id=GGRUL9B3nMZHGvYAAAuW [info] [EMAIL DEBUG] Extracted recipient email
14:25:18.923 request_id=GGRUL9B3nMZHGvYAAAuW [info] [EMAIL DEBUG] Postmark configuration
14:25:18.923 request_id=GGRUL9B3nMZHGvYAAAuW [info] [EMAIL DEBUG] Email configuration
14:25:18.923 request_id=GGRUL9B3nMZHGvYAAAuW [info] [EMAIL] Attempting to send email via Postmark
14:25:18.923 request_id=GGRUL9B3nMZHGvYAAAuW [debug] Sending email with Bamboo.TestAdapter:

%Bamboo.Email{from: {"RSOLV Team", "support@rsolv.dev"}, to: [nil: "analytics@example.com"], cc: [], bcc: [], subject: "Verify Your RSOLV Setup - Need Any Help?", html_body: "<!DOCTYPE html>\n<html lang=\"en\">\n<head>\n  <meta charset=\"UTF-8\">\n  <meta name=\"viewport\" content=\"width=device-width, initial-scale=1.0\">\n  <title>Verify Your RSOLV Setup</title>\n  <style>\n    @import url('https://fonts.googleapis.com/css2?family=Space+Grotesk:wght@300;400;500;700&display=swap');\n    \n    body {\n      font-family: 'Space Grotesk', -apple-system, BlinkMacSystemFont, \"Segoe UI\", Roboto, Helvetica, Arial, sans-serif;\n      line-height: 1.6;\n      color: #333;\n      max-width: 600px;\n      margin: 0 auto;\n      padding: 20px;\n      background-color: #f8f9fa;\n    }\n    .container {\n      background-color: #ffffff;\n      border-radius: 8px;\n      padding: 30px;\n      box-shadow: 0 4px 6px rgba(0, 0, 0, 0.05);\n    }\n    .logo {\n      text-align: center;\n      margin-bottom: 30px;\n    }\n    .logo img {\n      max-width: 200px;\n    }\n    h1, h2, h3 {\n      color: #10b981;\n    }\n    .checklist {\n      background-color: #f3f4f6;\n      padding: 20px;\n      border-radius: 8px;\n      margin: 20px 0;\n    }\n    .checklist-item {\n      display: flex;\n      align-items: center;\n      margin-bottom: 15px;\n    }\n    .checklist-item input[type=\"checkbox\"] {\n      margin-right: 10px;\n    }\n    .status-box {\n      background-color: #fff3cd;\n      border: 1px solid #ffeaa7;\n      padding: 15px;\n      border-radius: 8px;\n      margin: 20px 0;\n    }\n    .success-box {\n      background-color: #d4edda;\n      border: 1px solid #c3e6cb;\n      padding: 15px;\n      border-radius: 8px;\n      margin: 20px 0;\n    }\n    .code {\n      background-color: #2d3748;\n      color: #e2e8f0;\n      padding: 15px;\n      border-radius: 5px;\n      font-family: 'Courier New', monospace;\n      overflow-x: auto;\n      margin: 15px 0;\n    }\n    .cta {\n      background-color: #10b981;\n      color: white;\n      padding: 12px 24px;\n      border-radius: 5px;\n      display: inline-block;\n      text-decoration: none;\n      font-weight: bold;\n      margin: 20px 0;\n    }\n    .footer {\n      margin-top: 40px;\n      font-size: 14px;\n      color: #6b7280;\n      border-top: 1px solid #e5e7eb;\n      padding-top: 20px;\n      text-align: center;\n    }\n  </style>\n</head>\n<body>\n  <div class=\"container\">\n    <div class=\"logo\">\n      <img src=\"https://rsolv.dev/images/rsolv_logo_transparent.png\" alt=\"RSOLV Logo\">\n    </div>\n    \n    <h1>Let's Verify Your RSOLV Setup</h1>\n    \n    <p>Hi {@first_name},</p>\n    \n    <p>It's been a few days since you signed up for RSOLV. We want to make sure you're all set up and ready to benefit from automated security scanning and remediation!</p>\n    \n    <div class=\"checklist\">\n      <h3>Quick Setup Checklist:</h3>\n      <div class=\"checklist-item\">\n        <input type=\"checkbox\" disabled> Connected your repositories for security scanning\n      </div>\n      <div class=\"checklist-item\">\n        <input type=\"checkbox\" disabled> Added the GitHub Action workflow for automated fixes\n      </div>\n      <div class=\"checklist-item\">\n        <input type=\"checkbox\" disabled> Set up your RSOLV_API_KEY as a repository secret\n      </div>\n      <div class=\"checklist-item\">\n        <input type=\"checkbox\" disabled> Reviewed security issues found by RSOLV\n      </div>\n      <div class=\"checklist-item\">\n        <input type=\"checkbox\" disabled> Generated and merged your first security fix PR\n      </div>\n    </div>\n    \n    <h2>Need Help with Setup?</h2>\n    \n    <p>If you haven't completed setup yet, here's a quick reminder of the steps:</p>\n    \n    <div class=\"code\">\n# In .github/workflows/rsolv.yml:\nname: RSOLV Security Fixes\n\non:\n  issues:\n    types: [labeled]\n\njobs:\n  security-fix:\n    if: contains(github.event.issue.labels.*.name, 'rsolv:automate')\n    runs-on: ubuntu-latest\n    steps:\n      - uses: rsolv-dev/rsolv-action@v1\n        with:\n          github-token: ${\"{{ secrets.GITHUB_TOKEN }}\"}\n          rsolv-api-key: ${\"{{ secrets.RSOLV_API_KEY }}\"}\n    </div>\n    \n    <div class=\"status-box\">\n      <strong>🎁 Remember:</strong> Your first 10 fixes are completely free! No credit card required. After that, you only pay $15 per fix that gets deployed.\n   " <> ..., text_body: "Let's Verify Your RSOLV Setup\n\nHi Analytics,\n\nIt's been a few days since you signed up for RSOLV. We want to make sure you're all set up and ready to automate your issue resolution!\n\nQuick Setup Checklist:\n[ ] Added the GitHub Action workflow to your repository\n[ ] Set up your RSOLV_API_KEY as a repository secret\n[ ] Tagged your first issue with \"rsolv:automate\"\n[ ] Reviewed and merged your first automated PR\n\nNeed Help with Setup?\nIf you haven't completed setup yet, visit: https://rsolv.dev/docs/getting-started\n\nRemember: Your first 10 fixes are completely free! No credit card required. After that, you only pay $15 per fix that gets deployed.\n\nCommon Questions:\n- Where do I get my API key? Check your welcome email or visit your dashboard\n- Can I use RSOLV on private repos? Yes! RSOLV works with both public and private repositories\n- What types of issues can RSOLV fix? Bug fixes, security vulnerabilities, performance issues, and more\n- How secure is it? We analyze every fix for security vulnerabilities before creating PRs\n\nPro Tip: Start with a simple issue first - something like \"Fix typo in README\" or \"Update deprecated function calls\".\n\nReady to get started? Tag an issue with \"rsolv:automate\" and watch the magic happen!\n\nIf you're stuck or have questions, just reply to this email.\n\nBest regards,\nThe RSOLV Team\n\n---\nTo unsubscribe, visit: https://rsolv.dev/unsubscribe?email=analytics@example.com\n", headers: %{"X-Postmark-Tag" => "setup-verification"}, attachments: [], assigns: %{}, private: %{tag: "setup-verification"}, blocked: false}

14:25:18.923 request_id=GGRUL9B3nMZHGvYAAAuW [info] [EMAIL DEBUG] Raw Postmark response
14:25:18.923 request_id=GGRUL9B3nMZHGvYAAAuW [info] [EMAIL] Email sent successfully via Postmark
14:25:18.923 request_id=GGRUL9B3nMZHGvYAAAuW [info] Successfully sent scheduled email
14:25:18.923 request_id=GGRUL9B3nMZHGvYAAAuW [info] [EmailWorker] Insert result
14:25:18.923 request_id=GGRUL9B3nMZHGvYAAAuW [info] [EmailWorker] Schedule result
14:25:18.923 request_id=GGRUL9B3nMZHGvYAAAuW [info] [EmailWorker] Processing email config
14:25:18.923 request_id=GGRUL9B3nMZHGvYAAAuW [info] [EmailWorker] Scheduling email
14:25:18.923 request_id=GGRUL9B3nMZHGvYAAAuW [info] [EmailWorker] Creating Oban job
14:25:18.923 request_id=GGRUL9B3nMZHGvYAAAuW [info] [EmailWorker] Job created
14:25:18.923 request_id=GGRUL9B3nMZHGvYAAAuW [info] Processing scheduled email
14:25:18.924 request_id=GGRUL9B3nMZHGvYAAAuW [info] [EMAIL DEBUG] Full email struct before sending
14:25:18.924 request_id=GGRUL9B3nMZHGvYAAAuW [info] [EMAIL DEBUG] Extracted recipient email
14:25:18.924 request_id=GGRUL9B3nMZHGvYAAAuW [info] [EMAIL DEBUG] Postmark configuration
14:25:18.924 request_id=GGRUL9B3nMZHGvYAAAuW [info] [EMAIL DEBUG] Email configuration
14:25:18.924 request_id=GGRUL9B3nMZHGvYAAAuW [info] [EMAIL] Attempting to send email via Postmark
14:25:18.924 request_id=GGRUL9B3nMZHGvYAAAuW [debug] Sending email with Bamboo.TestAdapter:

%Bamboo.Email{from: {"RSOLV Team", "support@rsolv.dev"}, to: [nil: "analytics@example.com"], cc: [], bcc: [], subject: "Advanced RSOLV Features You Might Have Missed", html_body: "<!DOCTYPE html>\n<html lang=\"en\">\n<head>\n  <meta charset=\"UTF-8\">\n  <meta name=\"viewport\" content=\"width=device-width, initial-scale=1.0\">\n  <title>Advanced RSOLV Features</title>\n  <style>\n    @import url('https://fonts.googleapis.com/css2?family=Space+Grotesk:wght@300;400;500;700&display=swap');\n    \n    body {\n      font-family: 'Space Grotesk', -apple-system, BlinkMacSystemFont, \"Segoe UI\", Roboto, Helvetica, Arial, sans-serif;\n      line-height: 1.6;\n      color: #333;\n      max-width: 600px;\n      margin: 0 auto;\n      padding: 20px;\n      background-color: #f8f9fa;\n    }\n    .container {\n      background-color: #ffffff;\n      border-radius: 8px;\n      padding: 30px;\n      box-shadow: 0 4px 6px rgba(0, 0, 0, 0.05);\n    }\n    .logo {\n      text-align: center;\n      margin-bottom: 30px;\n    }\n    .logo img {\n      max-width: 200px;\n    }\n    h1, h2, h3 {\n      color: #10b981;\n    }\n    .feature-card {\n      background-color: #f3f4f6;\n      padding: 20px;\n      border-radius: 8px;\n      margin-bottom: 20px;\n      border-left: 4px solid #10b981;\n    }\n    .feature-card h3 {\n      margin-top: 0;\n    }\n    .code {\n      background-color: #2d3748;\n      color: #e2e8f0;\n      padding: 15px;\n      border-radius: 5px;\n      font-family: 'Courier New', monospace;\n      overflow-x: auto;\n      margin: 15px 0;\n      font-size: 14px;\n    }\n    .pro-tip {\n      background-color: #fff3cd;\n      border: 1px solid #ffeaa7;\n      padding: 15px;\n      border-radius: 8px;\n      margin: 20px 0;\n    }\n    .security-highlight {\n      background-color: #d4edda;\n      border: 1px solid #c3e6cb;\n      padding: 15px;\n      border-radius: 8px;\n      margin: 20px 0;\n    }\n    .cta {\n      background-color: #10b981;\n      color: white;\n      padding: 12px 24px;\n      border-radius: 5px;\n      display: inline-block;\n      text-decoration: none;\n      font-weight: bold;\n      margin: 20px 0;\n    }\n    .footer {\n      margin-top: 40px;\n      font-size: 14px;\n      color: #6b7280;\n      border-top: 1px solid #e5e7eb;\n      padding-top: 20px;\n      text-align: center;\n    }\n  </style>\n</head>\n<body>\n  <div class=\"container\">\n    <div class=\"logo\">\n      <img src=\"https://rsolv.dev/images/rsolv_logo_transparent.png\" alt=\"RSOLV Logo\">\n    </div>\n    \n    <h1>Unlock the Full Power of RSOLV</h1>\n    \n    <p>Hi {@first_name},</p>\n    \n    <p>You've been using RSOLV for a few days now. Here are some advanced features and techniques that can help you get even more value from automated security scanning and vulnerability remediation:</p>\n    \n    <div class=\"feature-card\">\n      <h3>🎯 Understanding RSOLV's Proactive Scanning</h3>\n      <p>RSOLV continuously scans your repositories for security vulnerabilities and automatically creates issues with detailed remediation plans:</p>\n      <ul>\n        <li><strong>Automated detection:</strong> Scans all files for 180+ vulnerability patterns (and growing)</li>\n        <li><strong>Smart grouping:</strong> Groups similar issues for efficient review</li>\n        <li><strong>Detailed reports:</strong> Shows exact file locations and vulnerable code</li>\n        <li><strong>Fix generation:</strong> Creates secure PRs that address root causes</li>\n      </ul>\n    </div>\n    \n    <div class=\"feature-card\">\n      <h3>🔒 Comprehensive Security Coverage</h3>\n      <p>RSOLV proactively detects and fixes these vulnerability types across your codebase:</p>\n      <ul>\n        <li>SQL/NoSQL injection vulnerabilities</li>\n        <li>Cross-site scripting (XSS) risks</li>\n        <li>Authentication/authorization flaws</li>\n        <li>Insecure cryptographic implementations</li>\n        <li>Hardcoded secrets and API keys</li>\n        <li>Path traversal and open redirects</li>\n        <li>Insecure dependencies and configurations</li>\n      </ul>\n      <p>Each PR includes a detailed security impact assessment and verification tests.</p>\n    </div>\n    \n    <div class=\"security-highlight\">\n      <strong>🛡️ Security Example:</strong> When RSOLV detects unsafe user input handling, it automatically generates fixes with proper sanitization, p" <> ..., text_body: "Unlock the Full Power of RSOLV\n\nHi Analytics,\n\nYou've been using RSOLV for a few days now. Here are some advanced features and techniques:\n\n1. Writing Better Issues for Better Fixes:\n   - Include error messages: Copy the full stack trace\n   - Specify the file/function: \"Fix pagination in UserList.js\"\n   - Describe expected behavior: \"Should show 10 users per page\"\n   - Add context: \"This broke after upgrading to React 18\"\n\n2. Security-First Fixes:\n   RSOLV automatically scans for:\n   - SQL injection vulnerabilities\n   - Cross-site scripting (XSS) risks\n   - Authentication/authorization issues\n   - Insecure dependencies\n   - Hardcoded secrets or API keys\n\n3. Batch Processing:\n   Tag multiple issues with \"rsolv:automate\" and RSOLV creates separate PRs for each.\n\n4. Customizing RSOLV Behavior:\n   Add these tags to your issues:\n   - [performance] - Optimize for speed\n   - [security] - Extra security focus\n   - [minimal] - Smallest possible change\n   - [refactor] - Clean up while fixing\n\nComing Soon:\n- Support for more languages (Go, Rust, PHP)\n- Custom fix preferences per repository\n- Team collaboration features\n- Integration with more platforms\n\nHave a feature request? Just reply to this email!\n\nView advanced documentation: https://rsolv.dev/docs/advanced\n\nBest regards,\nThe RSOLV Team\n\n---\nTo unsubscribe, visit: https://rsolv.dev/unsubscribe?email=analytics@example.com\n", headers: %{"X-Postmark-Tag" => "feature-deep-dive"}, attachments: [], assigns: %{}, private: %{tag: "feature-deep-dive"}, blocked: false}

14:25:18.924 request_id=GGRUL9B3nMZHGvYAAAuW [info] [EMAIL DEBUG] Raw Postmark response
14:25:18.924 request_id=GGRUL9B3nMZHGvYAAAuW [info] [EMAIL] Email sent successfully via Postmark
14:25:18.924 request_id=GGRUL9B3nMZHGvYAAAuW [info] Successfully sent scheduled email
14:25:18.924 request_id=GGRUL9B3nMZHGvYAAAuW [info] [EmailWorker] Insert result
14:25:18.924 request_id=GGRUL9B3nMZHGvYAAAuW [info] [EmailWorker] Schedule result
14:25:18.924 request_id=GGRUL9B3nMZHGvYAAAuW [info] [EmailWorker] Processing email config
14:25:18.924 request_id=GGRUL9B3nMZHGvYAAAuW [info] [EmailWorker] Scheduling email
14:25:18.924 request_id=GGRUL9B3nMZHGvYAAAuW [info] [EmailWorker] Creating Oban job
14:25:18.924 request_id=GGRUL9B3nMZHGvYAAAuW [info] [EmailWorker] Job created
14:25:18.924 request_id=GGRUL9B3nMZHGvYAAAuW [info] Processing scheduled email
14:25:18.924 request_id=GGRUL9B3nMZHGvYAAAuW [info] [EMAIL DEBUG] Full email struct before sending
14:25:18.924 request_id=GGRUL9B3nMZHGvYAAAuW [info] [EMAIL DEBUG] Extracted recipient email
14:25:18.924 request_id=GGRUL9B3nMZHGvYAAAuW [info] [EMAIL DEBUG] Postmark configuration
14:25:18.924 request_id=GGRUL9B3nMZHGvYAAAuW [info] [EMAIL DEBUG] Email configuration
14:25:18.924 request_id=GGRUL9B3nMZHGvYAAAuW [info] [EMAIL] Attempting to send email via Postmark
14:25:18.924 request_id=GGRUL9B3nMZHGvYAAAuW [debug] Sending email with Bamboo.TestAdapter:

%Bamboo.Email{from: {"RSOLV Team", "support@rsolv.dev"}, to: [nil: "analytics@example.com"], cc: [], bcc: [], subject: "How's Your Experience with RSOLV?", html_body: "<!DOCTYPE html>\n<html lang=\"en\">\n<head>\n  <meta charset=\"UTF-8\">\n  <meta name=\"viewport\" content=\"width=device-width, initial-scale=1.0\">\n  <title>How's Your RSOLV Experience?</title>\n  <style>\n    @import url('https://fonts.googleapis.com/css2?family=Space+Grotesk:wght@300;400;500;700&display=swap');\n    \n    body {\n      font-family: 'Space Grotesk', -apple-system, BlinkMacSystemFont, \"Segoe UI\", Roboto, Helvetica, Arial, sans-serif;\n      line-height: 1.6;\n      color: #333;\n      max-width: 600px;\n      margin: 0 auto;\n      padding: 20px;\n      background-color: #f8f9fa;\n    }\n    .container {\n      background-color: #ffffff;\n      border-radius: 8px;\n      padding: 30px;\n      box-shadow: 0 4px 6px rgba(0, 0, 0, 0.05);\n    }\n    .logo {\n      text-align: center;\n      margin-bottom: 30px;\n    }\n    .logo img {\n      max-width: 200px;\n    }\n    h1, h2, h3 {\n      color: #10b981;\n    }\n    .survey-card {\n      background-color: #f3f4f6;\n      padding: 20px;\n      border-radius: 8px;\n      margin: 20px 0;\n      text-align: center;\n    }\n    .rating-container {\n      display: flex;\n      justify-content: center;\n      gap: 10px;\n      margin: 20px 0;\n    }\n    .rating-box {\n      width: 40px;\n      height: 40px;\n      border: 2px solid #10b981;\n      border-radius: 8px;\n      display: flex;\n      align-items: center;\n      justify-content: center;\n      text-decoration: none;\n      color: #10b981;\n      font-weight: bold;\n      transition: all 0.3s ease;\n    }\n    .rating-box:hover {\n      background-color: #10b981;\n      color: white;\n    }\n    .question-box {\n      background-color: #f9fafb;\n      padding: 20px;\n      border-radius: 8px;\n      margin: 20px 0;\n      border-left: 4px solid #10b981;\n    }\n    .success-story {\n      background-color: #d4edda;\n      border: 1px solid #c3e6cb;\n      padding: 15px;\n      border-radius: 8px;\n      margin: 20px 0;\n    }\n    .cta {\n      background-color: #10b981;\n      color: white;\n      padding: 12px 24px;\n      border-radius: 5px;\n      display: inline-block;\n      text-decoration: none;\n      font-weight: bold;\n      margin: 20px 0;\n    }\n    .cta-secondary {\n      background-color: #6b7280;\n      color: white;\n      padding: 12px 24px;\n      border-radius: 5px;\n      display: inline-block;\n      text-decoration: none;\n      font-weight: bold;\n      margin: 20px 0;\n    }\n    .footer {\n      margin-top: 40px;\n      font-size: 14px;\n      color: #6b7280;\n      border-top: 1px solid #e5e7eb;\n      padding-top: 20px;\n      text-align: center;\n    }\n  </style>\n</head>\n<body>\n  <div class=\"container\">\n    <div class=\"logo\">\n      <img src=\"https://rsolv.dev/images/rsolv_logo_transparent.png\" alt=\"RSOLV Logo\">\n    </div>\n    \n    <h1>Quick Check-In: How's RSOLV Working for You?</h1>\n    \n    <p>Hi {@first_name},</p>\n    \n    <p>You've been using RSOLV for a week now, and we'd love to hear about your experience! Your feedback helps us make RSOLV better for everyone.</p>\n    \n    <div class=\"survey-card\">\n      <h3>How likely are you to recommend RSOLV to a colleague?</h3>\n      <p>Click a number below:</p>\n      <div class=\"rating-container\">\n        <a href=\"https://rsolv.dev/feedback?rating=1&email={@email}\" class=\"rating-box\">1</a>\n        <a href=\"https://rsolv.dev/feedback?rating=2&email={@email}\" class=\"rating-box\">2</a>\n        <a href=\"https://rsolv.dev/feedback?rating=3&email={@email}\" class=\"rating-box\">3</a>\n        <a href=\"https://rsolv.dev/feedback?rating=4&email={@email}\" class=\"rating-box\">4</a>\n        <a href=\"https://rsolv.dev/feedback?rating=5&email={@email}\" class=\"rating-box\">5</a>\n        <a href=\"https://rsolv.dev/feedback?rating=6&email={@email}\" class=\"rating-box\">6</a>\n        <a href=\"https://rsolv.dev/feedback?rating=7&email={@email}\" class=\"rating-box\">7</a>\n        <a href=\"https://rsolv.dev/feedback?rating=8&email={@email}\" class=\"rating-box\">8</a>\n        <a href=\"https://rsolv.dev/feedback?rating=9&email={@email}\" class=\"rating-box\">9</a>\n        <a href=\"https://rsolv.dev/feedback?rating=10&email={@email}\" class=\"rating-box\">10</a>\n      </div>\n" <> ..., text_body: "Quick Check-In: How's RSOLV Working for You?\n\nHi Analytics,\n\nYou've been using RSOLV for a week now, and we'd love to hear about your experience!\n\nHow likely are you to recommend RSOLV to a colleague?\nRate us from 1-10: https://rsolv.dev/feedback?email=analytics@example.com\n\nThree Quick Questions:\n1. What's been your favorite RSOLV fix so far?\n2. What feature would you like to see next?\n3. Any challenges or friction points?\n\nJust hit reply and share your thoughts - we read every response!\n\nDid You Know?\nHere are some ways other teams are using RSOLV:\n- Security audits: Tag all security-related issues for automated fixes\n- Tech debt cleanup: Fix deprecated function calls across the codebase\n- Onboarding tool: Let new devs see how fixes should be implemented\n- Weekend warrior: Queue up fixes on Friday, review on Monday\n\nThanks for being an early adopter!\n\nBest regards,\nDylan & The RSOLV Team\n\nP.S. If RSOLV has saved you time this week, we'd love to hear about it!\n\n---\nTo unsubscribe, visit: https://rsolv.dev/unsubscribe?email=analytics@example.com\n", headers: %{"X-Postmark-Tag" => "feedback-request"}, attachments: [], assigns: %{}, private: %{tag: "feedback-request"}, blocked: false}

14:25:18.924 request_id=GGRUL9B3nMZHGvYAAAuW [info] [EMAIL DEBUG] Raw Postmark response
14:25:18.924 request_id=GGRUL9B3nMZHGvYAAAuW [info] [EMAIL] Email sent successfully via Postmark
14:25:18.924 request_id=GGRUL9B3nMZHGvYAAAuW [info] Successfully sent scheduled email
14:25:18.924 request_id=GGRUL9B3nMZHGvYAAAuW [info] [EmailWorker] Insert result
14:25:18.925 request_id=GGRUL9B3nMZHGvYAAAuW [info] [EmailWorker] Schedule result
14:25:18.925 request_id=GGRUL9B3nMZHGvYAAAuW [info] [EmailWorker] Processing email config
14:25:18.925 request_id=GGRUL9B3nMZHGvYAAAuW [info] [EmailWorker] Scheduling email
14:25:18.925 request_id=GGRUL9B3nMZHGvYAAAuW [info] [EmailWorker] Creating Oban job
14:25:18.925 request_id=GGRUL9B3nMZHGvYAAAuW [info] [EmailWorker] Job created
14:25:18.925 request_id=GGRUL9B3nMZHGvYAAAuW [info] Processing scheduled email
14:25:18.925 request_id=GGRUL9B3nMZHGvYAAAuW [info] [EMAIL DEBUG] Full email struct before sending
14:25:18.925 request_id=GGRUL9B3nMZHGvYAAAuW [info] [EMAIL DEBUG] Extracted recipient email
14:25:18.925 request_id=GGRUL9B3nMZHGvYAAAuW [info] [EMAIL DEBUG] Postmark configuration
14:25:18.925 request_id=GGRUL9B3nMZHGvYAAAuW [info] [EMAIL DEBUG] Email configuration
14:25:18.925 request_id=GGRUL9B3nMZHGvYAAAuW [info] [EMAIL] Attempting to send email via Postmark
14:25:18.925 request_id=GGRUL9B3nMZHGvYAAAuW [debug] Sending email with Bamboo.TestAdapter:

%Bamboo.Email{from: {"RSOLV Team", "support@rsolv.dev"}, to: [nil: "analytics@example.com"], cc: [], bcc: [], subject: "Your RSOLV Success Report", html_body: "<!DOCTYPE html>\n<html lang=\"en\">\n<head>\n  <meta charset=\"UTF-8\">\n  <meta name=\"viewport\" content=\"width=device-width, initial-scale=1.0\">\n  <title>Your RSOLV Success Report</title>\n  <style>\n    @import url('https://fonts.googleapis.com/css2?family=Space+Grotesk:wght@300;400;500;700&display=swap');\n    \n    body {\n      font-family: 'Space Grotesk', -apple-system, BlinkMacSystemFont, \"Segoe UI\", Roboto, Helvetica, Arial, sans-serif;\n      line-height: 1.6;\n      color: #333;\n      max-width: 600px;\n      margin: 0 auto;\n      padding: 20px;\n      background-color: #f8f9fa;\n    }\n    .container {\n      background-color: #ffffff;\n      border-radius: 8px;\n      padding: 30px;\n      box-shadow: 0 4px 6px rgba(0, 0, 0, 0.05);\n    }\n    .logo {\n      text-align: center;\n      margin-bottom: 30px;\n    }\n    .logo img {\n      max-width: 200px;\n    }\n    h1, h2, h3 {\n      color: #10b981;\n    }\n    .stats-grid {\n      display: grid;\n      grid-template-columns: 1fr 1fr;\n      gap: 20px;\n      margin: 30px 0;\n    }\n    .stat-card {\n      background-color: #f3f4f6;\n      padding: 20px;\n      border-radius: 8px;\n      text-align: center;\n      border-top: 4px solid #10b981;\n    }\n    .stat-number {\n      font-size: 36px;\n      font-weight: bold;\n      color: #10b981;\n      margin: 10px 0;\n    }\n    .stat-label {\n      color: #6b7280;\n      font-size: 14px;\n    }\n    .achievement-banner {\n      background: linear-gradient(135deg, #10b981 0%, #059669 100%);\n      color: white;\n      padding: 20px;\n      border-radius: 8px;\n      text-align: center;\n      margin: 20px 0;\n    }\n    .timeline {\n      margin: 30px 0;\n    }\n    .timeline-item {\n      display: flex;\n      margin-bottom: 20px;\n      align-items: flex-start;\n    }\n    .timeline-marker {\n      width: 40px;\n      height: 40px;\n      background-color: #10b981;\n      color: white;\n      border-radius: 50%;\n      display: flex;\n      align-items: center;\n      justify-content: center;\n      flex-shrink: 0;\n      margin-right: 15px;\n    }\n    .timeline-content {\n      flex-grow: 1;\n    }\n    .pricing-highlight {\n      background-color: #fff3cd;\n      border: 1px solid #ffeaa7;\n      padding: 20px;\n      border-radius: 8px;\n      margin: 20px 0;\n      text-align: center;\n    }\n    .cta {\n      background-color: #10b981;\n      color: white;\n      padding: 12px 24px;\n      border-radius: 5px;\n      display: inline-block;\n      text-decoration: none;\n      font-weight: bold;\n      margin: 20px 0;\n    }\n    .cta-secondary {\n      background-color: #2563eb;\n      color: white;\n      padding: 12px 24px;\n      border-radius: 5px;\n      display: inline-block;\n      text-decoration: none;\n      font-weight: bold;\n      margin: 20px 0;\n    }\n    .footer {\n      margin-top: 40px;\n      font-size: 14px;\n      color: #6b7280;\n      border-top: 1px solid #e5e7eb;\n      padding-top: 20px;\n      text-align: center;\n    }\n    @media (max-width: 600px) {\n      .stats-grid {\n        grid-template-columns: 1fr;\n      }\n    }\n  </style>\n</head>\n<body>\n  <div class=\"container\">\n    <div class=\"logo\">\n      <img src=\"https://rsolv.dev/images/rsolv_logo_transparent.png\" alt=\"RSOLV Logo\">\n    </div>\n    \n    <h1>Your 2-Week RSOLV Success Report 🎉</h1>\n    \n    <p>Hi {@first_name},</p>\n    \n    <p>Congratulations! You've been using RSOLV for two weeks. Here's a snapshot of what we've accomplished together:</p>\n    \n    <div class=\"stats-grid\">\n      <div class=\"stat-card\">\n        <div class=\"stat-label\">Issues Fixed</div>\n        <div class=\"stat-number\">{Map.get(@usage_stats || %{}, :issues_fixed, 0)}</div>\n      </div>\n      <div class=\"stat-card\">\n        <div class=\"stat-label\">PRs Created</div>\n        <div class=\"stat-number\">{Map.get(@usage_stats || %{}, :prs_created, 0)}</div>\n      </div>\n      <div class=\"stat-card\">\n        <div class=\"stat-label\">Time Saved</div>\n        <div class=\"stat-number\">{Map.get(@usage_stats || %{}, :time_saved, \"0 hrs\")}</div>\n      </div>\n      <div class=\"stat-card\">\n        <div class=\"stat-label\">Security Issues Found</div>\n        <div class=\"stat-number\">{Map.ge" <> ..., text_body: "Your 2-Week RSOLV Success Report\n\nHi Analytics,\n\nCongratulations! You've been using RSOLV for two weeks. Here's what we've accomplished together:\n\nYour Stats:\n- Issues Fixed: Check your dashboard\n- PRs Created: Check your dashboard\n- Time Saved: Check your dashboard\n- Security Issues Found: Check your dashboard\n\nYour Trial Status:\nCheck how many free fixes you have remaining at: https://rsolv.dev/dashboard\n\nWhat's Next?\n- Expand to more repositories\n- Automate security audits\n- Clean up tech debt\n- Train your team\n\nNeed Help Scaling Up?\nI'd love to help you get even more value from RSOLV:\n- Schedule a 15-minute optimization call\n- Get best practices for your specific tech stack\n- Learn about volume discounts for teams\n\nJust reply to this email and let me know how I can help!\n\nThanks for being part of the RSOLV community.\n\nBest regards,\nDylan Fitzgerald\nFounder, RSOLV\n\nP.S. If RSOLV has been valuable to your team, I'd be grateful if you could share a quick testimonial.\n\n---\nTo unsubscribe, visit: https://rsolv.dev/unsubscribe?email=analytics@example.com\n", headers: %{"X-Postmark-Tag" => "success-checkin"}, attachments: [], assigns: %{}, private: %{tag: "success-checkin"}, blocked: false}

14:25:18.925 request_id=GGRUL9B3nMZHGvYAAAuW [info] [EMAIL DEBUG] Raw Postmark response
14:25:18.925 request_id=GGRUL9B3nMZHGvYAAAuW [info] [EMAIL] Email sent successfully via Postmark
14:25:18.925 request_id=GGRUL9B3nMZHGvYAAAuW [info] Successfully sent scheduled email
14:25:18.925 request_id=GGRUL9B3nMZHGvYAAAuW [info] [EmailWorker] Insert result
14:25:18.925 request_id=GGRUL9B3nMZHGvYAAAuW [info] [EmailWorker] Schedule result
14:25:18.925 request_id=GGRUL9B3nMZHGvYAAAuW [info] [PAGE CONTROLLER] EmailSequence.start_early_access_onboarding_sequence returned
14:25:18.925 request_id=GGRUL9B3nMZHGvYAAAuW [debug] Sending email with Bamboo.TestAdapter:

%Bamboo.Email{from: {"RSOLV Team", "support@rsolv.dev"}, to: [nil: "admin@rsolv.dev"], cc: [], bcc: [], subject: "🎉 New RSOLV Signup: analytics@example.com", html_body: "<!DOCTYPE html>\n<html>\n<head>\n  <meta charset=\"utf-8\">\n  <style>\n    body { font-family: -apple-system, BlinkMacSystemFont, 'Segoe UI', Roboto, sans-serif; line-height: 1.6; color: #333; }\n    .container { max-width: 600px; margin: 0 auto; padding: 20px; }\n    .header { background: #10b981; color: white; padding: 20px; border-radius: 8px 8px 0 0; }\n    .content { background: #f9fafb; padding: 20px; border: 1px solid #e5e7eb; border-radius: 0 0 8px 8px; }\n    .metric { display: inline-block; margin: 10px 20px 10px 0; }\n    .metric-label { font-size: 12px; color: #6b7280; text-transform: uppercase; }\n    .metric-value { font-size: 18px; font-weight: bold; color: #111827; }\n    .details { background: white; padding: 15px; border-radius: 4px; margin: 15px 0; }\n    .detail-row { display: flex; justify-content: space-between; padding: 8px 0; border-bottom: 1px solid #f3f4f6; }\n    .detail-row:last-child { border-bottom: none; }\n    .detail-label { font-weight: 500; color: #6b7280; }\n    .detail-value { color: #111827; }\n    .utm-badge { display: inline-block; background: #dbeafe; color: #1e40af; padding: 2px 8px; border-radius: 4px; font-size: 12px; margin-left: 4px; }\n  </style>\n</head>\n<body>\n  <div class=\"container\">\n    <div class=\"header\">\n      <h1 style=\"margin: 0; font-size: 24px;\">🎉 New RSOLV Signup!</h1>\n      <p style=\"margin: 5px 0 0 0; opacity: 0.9;\">September 11, 2025 at 08:25 PM UTC</p>\n    </div>\n    \n    <div class=\"content\">\n      <div class=\"metric\">\n        <div class=\"metric-label\">Email</div>\n        <div class=\"metric-value\">analytics@example.com</div>\n      </div>\n      \n      \n      \n      <div class=\"details\">\n        <h3 style=\"margin-top: 0;\">Signup Details</h3>\n        \n        <div class=\"detail-row\">\n          <span class=\"detail-label\">Source</span>\n          <span class=\"detail-value\">\n            landing_page\n            <span class=\"utm-badge\">twitter</span>\n          </span>\n        </div>\n        \n        <div class=\"detail-row\">\n                <span class=\"detail-label\">Medium</span>\n                <span class=\"detail-value\">social</span>\n              </div>\n        \n        <div class=\"detail-row\">\n                <span class=\"detail-label\">Campaign</span>\n                <span class=\"detail-value\">launch</span>\n              </div>\n        \n        \n      </div>\n      \n      <div style=\"margin-top: 20px; text-align: center;\">\n        <a href=\"https://rsolv.dev/live/dashboard\" style=\"display: inline-block; background: #10b981; color: white; padding: 10px 20px; text-decoration: none; border-radius: 4px;\">\n          View Dashboard\n        </a>\n      </div>\n    </div>\n  </div>\n</body>\n</html>\n", text_body: "🎉 New RSOLV Signup!\n\nEmail: analytics@example.com\n\nTime: September 11, 2025 at 08:25 PM UTC\n\nSource Details:\n- Source: landing_page\n- UTM Source: twitter\n\n- UTM Medium: social\n\n- UTM Campaign: launch\n\n\n\nView full dashboard: https://rsolv.dev/live/dashboard\n", headers: %{"Message-ID" => "<1757622318.177473@rsolv.dev>", "X-Postmark-Tag" => "admin-notification", "X-Priority" => "1"}, attachments: [], assigns: %{}, private: %{tag: "admin-notification"}, blocked: false}

14:25:18.925 request_id=GGRUL9B3nMZHGvYAAAuW [info] Admin notification sent for new signup
14:25:18.925 request_id=GGRUL9B3nMZHGvYAAAuW [info] Sent 302 in 6ms
.14:25:18.926 [debug] QUERY OK source="fun_with_flags_toggles" db=0.0ms
INSERT INTO "fun_with_flags_toggles" AS f0 ("enabled","target","flag_name","gate_type") VALUES ($1,$2,$3,$4) ON CONFLICT ("flag_name","gate_type","target") DO UPDATE SET "enabled" = $5 RETURNING "id" [true, "_fwf_none", "early_access_signup", "boolean", true]
14:25:18.926 [debug] QUERY OK source="fun_with_flags_toggles" db=0.0ms
SELECT f0."id", f0."flag_name", f0."gate_type", f0."target", f0."enabled" FROM "fun_with_flags_toggles" AS f0 WHERE (f0."flag_name" = $1) ["early_access_signup"]
14:25:18.926 [debug] Telemetry event: [:fun_with_flags, :persistence, :write], metadata: %{flag_name: :early_access_signup, gate: %FunWithFlags.Gate{type: :boolean, for: nil, enabled: true}}, measurements: %{system_time: 1757622318926316303}
14:25:18.926 [debug] QUERY OK source="fun_with_flags_toggles" db=0.0ms
INSERT INTO "fun_with_flags_toggles" AS f0 ("enabled","target","flag_name","gate_type") VALUES ($1,$2,$3,$4) ON CONFLICT ("flag_name","gate_type","target") DO UPDATE SET "enabled" = $5 RETURNING "id" [true, "_fwf_none", "welcome_email_sequence", "boolean", true]
14:25:18.926 [debug] QUERY OK source="fun_with_flags_toggles" db=0.0ms
SELECT f0."id", f0."flag_name", f0."gate_type", f0."target", f0."enabled" FROM "fun_with_flags_toggles" AS f0 WHERE (f0."flag_name" = $1) ["welcome_email_sequence"]
14:25:18.926 [debug] Telemetry event: [:fun_with_flags, :persistence, :write], metadata: %{flag_name: :welcome_email_sequence, gate: %FunWithFlags.Gate{type: :boolean, for: nil, enabled: true}}, measurements: %{system_time: 1757622318926494724}
14:25:18.926 request_id=GGRUL9DqSe6kJ8EAACwD [info] POST /early-access
14:25:18.926 request_id=GGRUL9DqSe6kJ8EAACwD [debug] Processing with RsolvWeb.PageController.submit_early_access/2
  Parameters: %{"email" => "noparams@example.com"}
  Pipelines: [:browser]
14:25:18.926 request_id=GGRUL9DqSe6kJ8EAACwD [debug] QUERY OK source="fun_with_flags_toggles" db=0.0ms
SELECT f0."id", f0."flag_name", f0."gate_type", f0."target", f0."enabled" FROM "fun_with_flags_toggles" AS f0 WHERE (f0."flag_name" = $1) ["early_access_signup"]
14:25:18.926 request_id=GGRUL9DqSe6kJ8EAACwD [debug] Telemetry event: [:fun_with_flags, :persistence, :read], metadata: %{flag_name: :early_access_signup, gate: nil}, measurements: %{system_time: 1757622318926666524}
14:25:18.926 request_id=GGRUL9DqSe6kJ8EAACwD [debug] Extracted UTM parameters: %{}
14:25:18.926 request_id=GGRUL9DqSe6kJ8EAACwD [info] Analytics event tracked
14:25:18.926 request_id=GGRUL9DqSe6kJ8EAACwD [debug] QUERY OK db=0.0ms
SELECT create_analytics_partition_if_not_exists($1::date) [~D[2025-09-11]]
14:25:18.926 request_id=GGRUL9DqSe6kJ8EAACwD [debug] QUERY OK source="analytics_events" db=0.0ms
INSERT INTO "analytics_events" ("metadata","event_type","visitor_id","page_path","inserted_at","updated_at") VALUES ($1,$2,$3,$4,$5,$6) RETURNING "id" [%{status: "submit", os: "unknown", form_id: "early-access", browser: "unknown", utm_source_platform: nil, utm_source_campaign: nil, utm_source_content: nil, device_type: "unknown"}, "form_submit", "896abbfe8eeebf35c971ca4b96c0f811", "/early-access", ~N[2025-09-11 20:25:18], ~N[2025-09-11 20:25:18]]
14:25:18.926 request_id=GGRUL9DqSe6kJ8EAACwD [info] Form submission received
14:25:18.926 request_id=GGRUL9DqSe6kJ8EAACwD [info] Valid email received for processing: noparams@example.com, validation passed
14:25:18.926 request_id=GGRUL9DqSe6kJ8EAACwD [debug] Extracted UTM parameters: %{}
14:25:18.927 request_id=GGRUL9DqSe6kJ8EAACwD [debug] QUERY OK source="early_access_signups" db=0.0ms
INSERT INTO "early_access_signups" ("name","email","referral_source","inserted_at") VALUES ($1,$2,$3,$4) RETURNING "id" ["Noparams", "noparams@example.com", "landing_page", ~N[2025-09-11 20:25:18]]
14:25:18.927 request_id=GGRUL9DqSe6kJ8EAACwD [debug] QUERY OK source="early_access_signups" db=0.1ms
SELECT count(e0."id") FROM "early_access_signups" AS e0 []
14:25:18.927 request_id=GGRUL9DqSe6kJ8EAACwD [info] Successfully saved signup to database
14:25:18.927 request_id=GGRUL9DqSe6kJ8EAACwD [info] ConvertKit API key present: true
14:25:18.927 request_id=GGRUL9DqSe6kJ8EAACwD [info] ConvertKit API request successful
14:25:18.927 request_id=GGRUL9DqSe6kJ8EAACwD [info] ConvertKit: Successfully added subscriber
14:25:18.927 request_id=GGRUL9DqSe6kJ8EAACwD [info] Analytics event tracked
14:25:18.927 request_id=GGRUL9DqSe6kJ8EAACwD [debug] QUERY OK db=0.0ms
SELECT create_analytics_partition_if_not_exists($1::date) [~D[2025-09-11]]
14:25:18.927 request_id=GGRUL9DqSe6kJ8EAACwD [debug] QUERY OK source="analytics_events" db=0.0ms
INSERT INTO "analytics_events" ("metadata","event_type","visitor_id","page_path","inserted_at","updated_at") VALUES ($1,$2,$3,$4,$5,$6) RETURNING "id" [%{status: "success", os: "unknown", source: "landing_page", form_id: "early-access", browser: "unknown", utm_source_platform: nil, utm_source_campaign: nil, utm_source_content: nil, device_type: "unknown", conversion_type: "early_access_signup", email_domain: "example.com"}, "form_success", "896abbfe8eeebf35c971ca4b96c0f811", "/early-access", ~N[2025-09-11 20:25:18], ~N[2025-09-11 20:25:18]]
14:25:18.927 request_id=GGRUL9DqSe6kJ8EAACwD [info] Analytics event tracked
14:25:18.927 request_id=GGRUL9DqSe6kJ8EAACwD [debug] QUERY OK db=0.0ms
SELECT create_analytics_partition_if_not_exists($1::date) [~D[2025-09-11]]
14:25:18.927 request_id=GGRUL9DqSe6kJ8EAACwD [debug] QUERY OK source="analytics_events" db=0.0ms
INSERT INTO "analytics_events" ("metadata","event_type","visitor_id","page_path","inserted_at","updated_at") VALUES ($1,$2,$3,$4,$5,$6) RETURNING "id" [%{os: "unknown", source: "landing_page", form_id: "early-access", browser: "unknown", utm_source_platform: nil, utm_source_campaign: nil, utm_source_content: nil, device_type: "unknown", conversion_type: "early_access_signup", email_domain: "example.com"}, "conversion", "896abbfe8eeebf35c971ca4b96c0f811", "/early-access", ~N[2025-09-11 20:25:18], ~N[2025-09-11 20:25:18]]
14:25:18.927 request_id=GGRUL9DqSe6kJ8EAACwD [debug] QUERY OK source="fun_with_flags_toggles" db=0.0ms
SELECT f0."id", f0."flag_name", f0."gate_type", f0."target", f0."enabled" FROM "fun_with_flags_toggles" AS f0 WHERE (f0."flag_name" = $1) ["welcome_email_sequence"]
14:25:18.927 request_id=GGRUL9DqSe6kJ8EAACwD [debug] Telemetry event: [:fun_with_flags, :persistence, :read], metadata: %{flag_name: :welcome_email_sequence, gate: nil}, measurements: %{system_time: 1757622318927872124}
14:25:18.927 request_id=GGRUL9DqSe6kJ8EAACwD [info] [PAGE CONTROLLER] Welcome email sequence is ENABLED, starting sequence
14:25:18.927 request_id=GGRUL9DqSe6kJ8EAACwD [info] [PAGE CONTROLLER] About to call EmailSequence.start_early_access_onboarding_sequence
14:25:18.927 request_id=GGRUL9DqSe6kJ8EAACwD [info] [EMAIL SEQUENCE] Starting early access onboarding sequence
14:25:18.927 request_id=GGRUL9DqSe6kJ8EAACwD [info] [EMAIL SEQUENCE] About to call EmailService.send_early_access_welcome_email
14:25:18.927 request_id=GGRUL9DqSe6kJ8EAACwD [info] [EMAIL] send_early_access_welcome_email called
14:25:18.928 request_id=GGRUL9DqSe6kJ8EAACwD [info] [EMAIL DEBUG] Full email struct before sending
14:25:18.928 request_id=GGRUL9DqSe6kJ8EAACwD [info] [EMAIL DEBUG] Extracted recipient email
14:25:18.928 request_id=GGRUL9DqSe6kJ8EAACwD [info] [EMAIL DEBUG] Postmark configuration
14:25:18.928 request_id=GGRUL9DqSe6kJ8EAACwD [info] [EMAIL DEBUG] Email configuration
14:25:18.928 request_id=GGRUL9DqSe6kJ8EAACwD [info] [EMAIL] Attempting to send email via Postmark
14:25:18.928 request_id=GGRUL9DqSe6kJ8EAACwD [debug] Sending email with Bamboo.TestAdapter:

%Bamboo.Email{from: {"RSOLV Team", "support@rsolv.dev"}, to: [nil: "noparams@example.com"], cc: [], bcc: [], subject: "Welcome to RSOLV Early Access Program", html_body: "<div style=\"font-family: 'Helvetica Neue', Helvetica, Arial, sans-serif; max-width: 600px; margin: 0 auto; padding: 20px;\">\n  <h1 style=\"color: #2C3E50; margin-bottom: 20px;\">Welcome to RSOLV Early Access Program!</h1>\n\n  <p>Hi Noparams,</p>\n\n  <p>Thank you for joining our Early Access Program! You're now part of an exclusive group getting first access to RSOLV.</p>\n\n  <p>Here's what you need to know:</p>\n\n  <ul>\n    <li>You have full access to all current features</li>\n    <li>Your feedback is incredibly valuable to us during this phase</li>\n    <li>You'll receive priority support via email</li>\n  </ul>\n\n  <p>To get started with RSOLV:</p>\n\n  <ol>\n    <li><strong>Your API key will be sent in a follow-up email within 24 hours</strong></li>\n    <li>Once you receive your API key, install our GitHub Action (code below)</li>\n    <li>Set up your repository secrets with your API key</li>\n    <li>Tag your first issues with \"rsolv:automate\"</li>\n  </ol>\n\n  <div style=\"background-color: #fff3cd; border: 1px solid #ffeaa7; color: #856404; padding: 10px; border-radius: 5px; margin: 15px 0;\">\n    <strong>⏳ API Key Coming Soon:</strong> We'll send your personal API key within 24 hours. Look for an email with subject \"Your RSOLV API Key\".\n  </div>\n\n  <div style=\"background-color: #f8f9fa; padding: 15px; border-radius: 5px; margin: 20px 0;\">\n    <pre style=\"margin: 0; overflow-x: auto; white-space: pre-wrap; font-family: monospace;\">name: RSOLV AutoFix\non:\n  issues:\n    types: [opened, edited, labeled]\n\njobs:\n  autofix:\n    runs-on: ubuntu-latest\n    if: contains(github.event.issue.labels.*.name, 'rsolv:automate')\n    steps:\n      - uses: RSOLV-dev/rsolv-action@v1\n        with:\n          github-token: ${{ secrets.GITHUB_TOKEN }}\n          rsolv-api-key: ${{ secrets.RSOLV_API_KEY }}</pre>\n  </div>\n\n  <p>Need help? As an Early Access member, you have priority support - contact us at <a href=\"mailto:support@rsolv.dev\">support@rsolv.dev</a> and we'll personally assist you.</p>\n\n  <p>Your trial includes unlimited automated fixes during the Early Access period.</p>\n\n  <div style=\"margin-top: 30px; padding: 15px; border: 1px solid #e0e0e0; border-radius: 5px; background-color: #f9f9f9;\">\n    <h3 style=\"margin-top: 0; color: #2C3E50;\">Early Access Program Benefits</h3>\n    <ul>\n      <li>Unlimited usage during Early Access</li>\n      <li>Priority support and feature requests</li>\n      <li>Exclusive pricing when we launch</li>\n      <li>Direct access to our development team</li>\n    </ul>\n  </div>\n\n  <p>Best,<br>The RSOLV Team</p>\n\n  <div class=\"footer\" style=\"margin-top: 40px; padding-top: 20px; border-top: 1px solid #e0e0e0; font-size: 0.9em; color: #666;\">\n    <p>\n      You're receiving this email because you joined the RSOLV Early Access Program.\n      <br>\n      If you have any questions, simply reply to this email.\n    </p>\n    <p>\n      RSOLV, Inc. • support@rsolv.dev • © 2025\n    </p>\n    <p>\n      <a href=\"https://rsolv.dev/unsubscribe?email=noparams@example.com\">Unsubscribe</a> from these emails.\n    </p>\n  </div>\n</div>\n", text_body: "Welcome to RSOLV Early Access Program!\n\nHi Noparams,\n\nThank you for joining our Early Access Program! You're now part of an exclusive group getting first access to RSOLV.\n\nHere's what you need to know:\n- You have full access to all current features\n- Your feedback is incredibly valuable to us during this phase\n- You'll receive priority support via email\n\nTo get started with RSOLV:\n1. Your API key will be sent in a follow-up email within 24 hours\n2. Once you receive your API key, install our GitHub Action\n3. Set up your repository secrets with your API key\n4. Tag your first issues with \"AUTOFIX\"\n\n⏳ API KEY COMING SOON: We'll send your personal API key within 24 hours. Look for an email with subject \"Your RSOLV API Key\".\n\nNeed help? As an Early Access member, you have priority support - contact us at support@rsolv.dev and we'll personally assist you.\n\nYour trial includes unlimited automated fixes during the Early Access period.\n\nEARLY ACCESS PROGRAM BENEFITS:\n* Unlimited usage during Early Access\n* Priority support and feature requests\n* Exclusive pricing when we launch\n* Direct access to our development team\n\nBest,\nThe RSOLV Team\n\n---\nYou're receiving this email because you joined the RSOLV Early Access Program.\nIf you have any questions, simply reply to this email.\n\nRSOLV, Inc. • support@rsolv.dev\n\nTo unsubscribe, visit: https://rsolv.dev/unsubscribe?email=noparams@example.com\n", headers: %{"X-Postmark-Tag" => "early-access"}, attachments: [], assigns: %{}, private: %{tag: "early-access"}, blocked: false}

14:25:18.928 request_id=GGRUL9DqSe6kJ8EAACwD [info] [EMAIL DEBUG] Raw Postmark response
14:25:18.928 request_id=GGRUL9DqSe6kJ8EAACwD [info] [EMAIL] Email sent successfully via Postmark
14:25:18.928 request_id=GGRUL9DqSe6kJ8EAACwD [info] [EMAIL SEQUENCE] EmailService.send_early_access_welcome_email returned
14:25:18.928 request_id=GGRUL9DqSe6kJ8EAACwD [info] Attempting to tag subscriber
14:25:18.928 request_id=GGRUL9DqSe6kJ8EAACwD [info] ConvertKit: Attempting to tag noparams@example.com with tag 7700607
14:25:18.928 request_id=GGRUL9DqSe6kJ8EAACwD [info] ConvertKit: Successfully tagged noparams@example.com
14:25:18.928 request_id=GGRUL9DqSe6kJ8EAACwD [info] [EmailWorker] schedule_sequence called
14:25:18.928 request_id=GGRUL9DqSe6kJ8EAACwD [info] [EmailWorker] Found sequence
14:25:18.928 request_id=GGRUL9DqSe6kJ8EAACwD [info] [EmailWorker] Processing email config
14:25:18.928 request_id=GGRUL9DqSe6kJ8EAACwD [info] [EmailWorker] Skipping immediate email
14:25:18.928 request_id=GGRUL9DqSe6kJ8EAACwD [info] [EmailWorker] Processing email config
14:25:18.928 request_id=GGRUL9DqSe6kJ8EAACwD [info] [EmailWorker] Scheduling email
14:25:18.928 request_id=GGRUL9DqSe6kJ8EAACwD [info] [EmailWorker] Creating Oban job
14:25:18.928 request_id=GGRUL9DqSe6kJ8EAACwD [info] [EmailWorker] Job created
14:25:18.928 request_id=GGRUL9DqSe6kJ8EAACwD [info] Processing scheduled email
14:25:18.928 request_id=GGRUL9DqSe6kJ8EAACwD [error] Failed to send scheduled email
14:25:18.928 request_id=GGRUL9DqSe6kJ8EAACwD [info] [EmailWorker] Insert result
14:25:18.928 request_id=GGRUL9DqSe6kJ8EAACwD [info] [EmailWorker] Schedule result
14:25:18.928 request_id=GGRUL9DqSe6kJ8EAACwD [info] [EmailWorker] Processing email config
14:25:18.928 request_id=GGRUL9DqSe6kJ8EAACwD [info] [EmailWorker] Scheduling email
14:25:18.928 request_id=GGRUL9DqSe6kJ8EAACwD [info] [EmailWorker] Creating Oban job
14:25:18.928 request_id=GGRUL9DqSe6kJ8EAACwD [info] [EmailWorker] Job created
14:25:18.928 request_id=GGRUL9DqSe6kJ8EAACwD [info] Processing scheduled email
14:25:18.928 request_id=GGRUL9DqSe6kJ8EAACwD [info] [EMAIL DEBUG] Full email struct before sending
14:25:18.928 request_id=GGRUL9DqSe6kJ8EAACwD [info] [EMAIL DEBUG] Extracted recipient email
14:25:18.928 request_id=GGRUL9DqSe6kJ8EAACwD [info] [EMAIL DEBUG] Postmark configuration
14:25:18.928 request_id=GGRUL9DqSe6kJ8EAACwD [info] [EMAIL DEBUG] Email configuration
14:25:18.928 request_id=GGRUL9DqSe6kJ8EAACwD [info] [EMAIL] Attempting to send email via Postmark
14:25:18.929 request_id=GGRUL9DqSe6kJ8EAACwD [debug] Sending email with Bamboo.TestAdapter:

%Bamboo.Email{from: {"RSOLV Team", "support@rsolv.dev"}, to: [nil: "noparams@example.com"], cc: [], bcc: [], subject: "Verify Your RSOLV Setup - Need Any Help?", html_body: "<!DOCTYPE html>\n<html lang=\"en\">\n<head>\n  <meta charset=\"UTF-8\">\n  <meta name=\"viewport\" content=\"width=device-width, initial-scale=1.0\">\n  <title>Verify Your RSOLV Setup</title>\n  <style>\n    @import url('https://fonts.googleapis.com/css2?family=Space+Grotesk:wght@300;400;500;700&display=swap');\n    \n    body {\n      font-family: 'Space Grotesk', -apple-system, BlinkMacSystemFont, \"Segoe UI\", Roboto, Helvetica, Arial, sans-serif;\n      line-height: 1.6;\n      color: #333;\n      max-width: 600px;\n      margin: 0 auto;\n      padding: 20px;\n      background-color: #f8f9fa;\n    }\n    .container {\n      background-color: #ffffff;\n      border-radius: 8px;\n      padding: 30px;\n      box-shadow: 0 4px 6px rgba(0, 0, 0, 0.05);\n    }\n    .logo {\n      text-align: center;\n      margin-bottom: 30px;\n    }\n    .logo img {\n      max-width: 200px;\n    }\n    h1, h2, h3 {\n      color: #10b981;\n    }\n    .checklist {\n      background-color: #f3f4f6;\n      padding: 20px;\n      border-radius: 8px;\n      margin: 20px 0;\n    }\n    .checklist-item {\n      display: flex;\n      align-items: center;\n      margin-bottom: 15px;\n    }\n    .checklist-item input[type=\"checkbox\"] {\n      margin-right: 10px;\n    }\n    .status-box {\n      background-color: #fff3cd;\n      border: 1px solid #ffeaa7;\n      padding: 15px;\n      border-radius: 8px;\n      margin: 20px 0;\n    }\n    .success-box {\n      background-color: #d4edda;\n      border: 1px solid #c3e6cb;\n      padding: 15px;\n      border-radius: 8px;\n      margin: 20px 0;\n    }\n    .code {\n      background-color: #2d3748;\n      color: #e2e8f0;\n      padding: 15px;\n      border-radius: 5px;\n      font-family: 'Courier New', monospace;\n      overflow-x: auto;\n      margin: 15px 0;\n    }\n    .cta {\n      background-color: #10b981;\n      color: white;\n      padding: 12px 24px;\n      border-radius: 5px;\n      display: inline-block;\n      text-decoration: none;\n      font-weight: bold;\n      margin: 20px 0;\n    }\n    .footer {\n      margin-top: 40px;\n      font-size: 14px;\n      color: #6b7280;\n      border-top: 1px solid #e5e7eb;\n      padding-top: 20px;\n      text-align: center;\n    }\n  </style>\n</head>\n<body>\n  <div class=\"container\">\n    <div class=\"logo\">\n      <img src=\"https://rsolv.dev/images/rsolv_logo_transparent.png\" alt=\"RSOLV Logo\">\n    </div>\n    \n    <h1>Let's Verify Your RSOLV Setup</h1>\n    \n    <p>Hi {@first_name},</p>\n    \n    <p>It's been a few days since you signed up for RSOLV. We want to make sure you're all set up and ready to benefit from automated security scanning and remediation!</p>\n    \n    <div class=\"checklist\">\n      <h3>Quick Setup Checklist:</h3>\n      <div class=\"checklist-item\">\n        <input type=\"checkbox\" disabled> Connected your repositories for security scanning\n      </div>\n      <div class=\"checklist-item\">\n        <input type=\"checkbox\" disabled> Added the GitHub Action workflow for automated fixes\n      </div>\n      <div class=\"checklist-item\">\n        <input type=\"checkbox\" disabled> Set up your RSOLV_API_KEY as a repository secret\n      </div>\n      <div class=\"checklist-item\">\n        <input type=\"checkbox\" disabled> Reviewed security issues found by RSOLV\n      </div>\n      <div class=\"checklist-item\">\n        <input type=\"checkbox\" disabled> Generated and merged your first security fix PR\n      </div>\n    </div>\n    \n    <h2>Need Help with Setup?</h2>\n    \n    <p>If you haven't completed setup yet, here's a quick reminder of the steps:</p>\n    \n    <div class=\"code\">\n# In .github/workflows/rsolv.yml:\nname: RSOLV Security Fixes\n\non:\n  issues:\n    types: [labeled]\n\njobs:\n  security-fix:\n    if: contains(github.event.issue.labels.*.name, 'rsolv:automate')\n    runs-on: ubuntu-latest\n    steps:\n      - uses: rsolv-dev/rsolv-action@v1\n        with:\n          github-token: ${\"{{ secrets.GITHUB_TOKEN }}\"}\n          rsolv-api-key: ${\"{{ secrets.RSOLV_API_KEY }}\"}\n    </div>\n    \n    <div class=\"status-box\">\n      <strong>🎁 Remember:</strong> Your first 10 fixes are completely free! No credit card required. After that, you only pay $15 per fix that gets deployed.\n   " <> ..., text_body: "Let's Verify Your RSOLV Setup\n\nHi Noparams,\n\nIt's been a few days since you signed up for RSOLV. We want to make sure you're all set up and ready to automate your issue resolution!\n\nQuick Setup Checklist:\n[ ] Added the GitHub Action workflow to your repository\n[ ] Set up your RSOLV_API_KEY as a repository secret\n[ ] Tagged your first issue with \"rsolv:automate\"\n[ ] Reviewed and merged your first automated PR\n\nNeed Help with Setup?\nIf you haven't completed setup yet, visit: https://rsolv.dev/docs/getting-started\n\nRemember: Your first 10 fixes are completely free! No credit card required. After that, you only pay $15 per fix that gets deployed.\n\nCommon Questions:\n- Where do I get my API key? Check your welcome email or visit your dashboard\n- Can I use RSOLV on private repos? Yes! RSOLV works with both public and private repositories\n- What types of issues can RSOLV fix? Bug fixes, security vulnerabilities, performance issues, and more\n- How secure is it? We analyze every fix for security vulnerabilities before creating PRs\n\nPro Tip: Start with a simple issue first - something like \"Fix typo in README\" or \"Update deprecated function calls\".\n\nReady to get started? Tag an issue with \"rsolv:automate\" and watch the magic happen!\n\nIf you're stuck or have questions, just reply to this email.\n\nBest regards,\nThe RSOLV Team\n\n---\nTo unsubscribe, visit: https://rsolv.dev/unsubscribe?email=noparams@example.com\n", headers: %{"X-Postmark-Tag" => "setup-verification"}, attachments: [], assigns: %{}, private: %{tag: "setup-verification"}, blocked: false}

14:25:18.929 request_id=GGRUL9DqSe6kJ8EAACwD [info] [EMAIL DEBUG] Raw Postmark response
14:25:18.929 request_id=GGRUL9DqSe6kJ8EAACwD [info] [EMAIL] Email sent successfully via Postmark
14:25:18.929 request_id=GGRUL9DqSe6kJ8EAACwD [info] Successfully sent scheduled email
14:25:18.929 request_id=GGRUL9DqSe6kJ8EAACwD [info] [EmailWorker] Insert result
14:25:18.929 request_id=GGRUL9DqSe6kJ8EAACwD [info] [EmailWorker] Schedule result
14:25:18.929 request_id=GGRUL9DqSe6kJ8EAACwD [info] [EmailWorker] Processing email config
14:25:18.929 request_id=GGRUL9DqSe6kJ8EAACwD [info] [EmailWorker] Scheduling email
14:25:18.929 request_id=GGRUL9DqSe6kJ8EAACwD [info] [EmailWorker] Creating Oban job
14:25:18.929 request_id=GGRUL9DqSe6kJ8EAACwD [info] [EmailWorker] Job created
14:25:18.929 request_id=GGRUL9DqSe6kJ8EAACwD [info] Processing scheduled email
14:25:18.929 request_id=GGRUL9DqSe6kJ8EAACwD [info] [EMAIL DEBUG] Full email struct before sending
14:25:18.929 request_id=GGRUL9DqSe6kJ8EAACwD [info] [EMAIL DEBUG] Extracted recipient email
14:25:18.929 request_id=GGRUL9DqSe6kJ8EAACwD [info] [EMAIL DEBUG] Postmark configuration
14:25:18.929 request_id=GGRUL9DqSe6kJ8EAACwD [info] [EMAIL DEBUG] Email configuration
14:25:18.929 request_id=GGRUL9DqSe6kJ8EAACwD [info] [EMAIL] Attempting to send email via Postmark
14:25:18.929 request_id=GGRUL9DqSe6kJ8EAACwD [debug] Sending email with Bamboo.TestAdapter:

%Bamboo.Email{from: {"RSOLV Team", "support@rsolv.dev"}, to: [nil: "noparams@example.com"], cc: [], bcc: [], subject: "Advanced RSOLV Features You Might Have Missed", html_body: "<!DOCTYPE html>\n<html lang=\"en\">\n<head>\n  <meta charset=\"UTF-8\">\n  <meta name=\"viewport\" content=\"width=device-width, initial-scale=1.0\">\n  <title>Advanced RSOLV Features</title>\n  <style>\n    @import url('https://fonts.googleapis.com/css2?family=Space+Grotesk:wght@300;400;500;700&display=swap');\n    \n    body {\n      font-family: 'Space Grotesk', -apple-system, BlinkMacSystemFont, \"Segoe UI\", Roboto, Helvetica, Arial, sans-serif;\n      line-height: 1.6;\n      color: #333;\n      max-width: 600px;\n      margin: 0 auto;\n      padding: 20px;\n      background-color: #f8f9fa;\n    }\n    .container {\n      background-color: #ffffff;\n      border-radius: 8px;\n      padding: 30px;\n      box-shadow: 0 4px 6px rgba(0, 0, 0, 0.05);\n    }\n    .logo {\n      text-align: center;\n      margin-bottom: 30px;\n    }\n    .logo img {\n      max-width: 200px;\n    }\n    h1, h2, h3 {\n      color: #10b981;\n    }\n    .feature-card {\n      background-color: #f3f4f6;\n      padding: 20px;\n      border-radius: 8px;\n      margin-bottom: 20px;\n      border-left: 4px solid #10b981;\n    }\n    .feature-card h3 {\n      margin-top: 0;\n    }\n    .code {\n      background-color: #2d3748;\n      color: #e2e8f0;\n      padding: 15px;\n      border-radius: 5px;\n      font-family: 'Courier New', monospace;\n      overflow-x: auto;\n      margin: 15px 0;\n      font-size: 14px;\n    }\n    .pro-tip {\n      background-color: #fff3cd;\n      border: 1px solid #ffeaa7;\n      padding: 15px;\n      border-radius: 8px;\n      margin: 20px 0;\n    }\n    .security-highlight {\n      background-color: #d4edda;\n      border: 1px solid #c3e6cb;\n      padding: 15px;\n      border-radius: 8px;\n      margin: 20px 0;\n    }\n    .cta {\n      background-color: #10b981;\n      color: white;\n      padding: 12px 24px;\n      border-radius: 5px;\n      display: inline-block;\n      text-decoration: none;\n      font-weight: bold;\n      margin: 20px 0;\n    }\n    .footer {\n      margin-top: 40px;\n      font-size: 14px;\n      color: #6b7280;\n      border-top: 1px solid #e5e7eb;\n      padding-top: 20px;\n      text-align: center;\n    }\n  </style>\n</head>\n<body>\n  <div class=\"container\">\n    <div class=\"logo\">\n      <img src=\"https://rsolv.dev/images/rsolv_logo_transparent.png\" alt=\"RSOLV Logo\">\n    </div>\n    \n    <h1>Unlock the Full Power of RSOLV</h1>\n    \n    <p>Hi {@first_name},</p>\n    \n    <p>You've been using RSOLV for a few days now. Here are some advanced features and techniques that can help you get even more value from automated security scanning and vulnerability remediation:</p>\n    \n    <div class=\"feature-card\">\n      <h3>🎯 Understanding RSOLV's Proactive Scanning</h3>\n      <p>RSOLV continuously scans your repositories for security vulnerabilities and automatically creates issues with detailed remediation plans:</p>\n      <ul>\n        <li><strong>Automated detection:</strong> Scans all files for 180+ vulnerability patterns (and growing)</li>\n        <li><strong>Smart grouping:</strong> Groups similar issues for efficient review</li>\n        <li><strong>Detailed reports:</strong> Shows exact file locations and vulnerable code</li>\n        <li><strong>Fix generation:</strong> Creates secure PRs that address root causes</li>\n      </ul>\n    </div>\n    \n    <div class=\"feature-card\">\n      <h3>🔒 Comprehensive Security Coverage</h3>\n      <p>RSOLV proactively detects and fixes these vulnerability types across your codebase:</p>\n      <ul>\n        <li>SQL/NoSQL injection vulnerabilities</li>\n        <li>Cross-site scripting (XSS) risks</li>\n        <li>Authentication/authorization flaws</li>\n        <li>Insecure cryptographic implementations</li>\n        <li>Hardcoded secrets and API keys</li>\n        <li>Path traversal and open redirects</li>\n        <li>Insecure dependencies and configurations</li>\n      </ul>\n      <p>Each PR includes a detailed security impact assessment and verification tests.</p>\n    </div>\n    \n    <div class=\"security-highlight\">\n      <strong>🛡️ Security Example:</strong> When RSOLV detects unsafe user input handling, it automatically generates fixes with proper sanitization, p" <> ..., text_body: "Unlock the Full Power of RSOLV\n\nHi Noparams,\n\nYou've been using RSOLV for a few days now. Here are some advanced features and techniques:\n\n1. Writing Better Issues for Better Fixes:\n   - Include error messages: Copy the full stack trace\n   - Specify the file/function: \"Fix pagination in UserList.js\"\n   - Describe expected behavior: \"Should show 10 users per page\"\n   - Add context: \"This broke after upgrading to React 18\"\n\n2. Security-First Fixes:\n   RSOLV automatically scans for:\n   - SQL injection vulnerabilities\n   - Cross-site scripting (XSS) risks\n   - Authentication/authorization issues\n   - Insecure dependencies\n   - Hardcoded secrets or API keys\n\n3. Batch Processing:\n   Tag multiple issues with \"rsolv:automate\" and RSOLV creates separate PRs for each.\n\n4. Customizing RSOLV Behavior:\n   Add these tags to your issues:\n   - [performance] - Optimize for speed\n   - [security] - Extra security focus\n   - [minimal] - Smallest possible change\n   - [refactor] - Clean up while fixing\n\nComing Soon:\n- Support for more languages (Go, Rust, PHP)\n- Custom fix preferences per repository\n- Team collaboration features\n- Integration with more platforms\n\nHave a feature request? Just reply to this email!\n\nView advanced documentation: https://rsolv.dev/docs/advanced\n\nBest regards,\nThe RSOLV Team\n\n---\nTo unsubscribe, visit: https://rsolv.dev/unsubscribe?email=noparams@example.com\n", headers: %{"X-Postmark-Tag" => "feature-deep-dive"}, attachments: [], assigns: %{}, private: %{tag: "feature-deep-dive"}, blocked: false}

14:25:18.929 request_id=GGRUL9DqSe6kJ8EAACwD [info] [EMAIL DEBUG] Raw Postmark response
14:25:18.929 request_id=GGRUL9DqSe6kJ8EAACwD [info] [EMAIL] Email sent successfully via Postmark
14:25:18.929 request_id=GGRUL9DqSe6kJ8EAACwD [info] Successfully sent scheduled email
14:25:18.929 request_id=GGRUL9DqSe6kJ8EAACwD [info] [EmailWorker] Insert result
14:25:18.929 request_id=GGRUL9DqSe6kJ8EAACwD [info] [EmailWorker] Schedule result
14:25:18.929 request_id=GGRUL9DqSe6kJ8EAACwD [info] [EmailWorker] Processing email config
14:25:18.929 request_id=GGRUL9DqSe6kJ8EAACwD [info] [EmailWorker] Scheduling email
14:25:18.929 request_id=GGRUL9DqSe6kJ8EAACwD [info] [EmailWorker] Creating Oban job
14:25:18.929 request_id=GGRUL9DqSe6kJ8EAACwD [info] [EmailWorker] Job created
14:25:18.930 request_id=GGRUL9DqSe6kJ8EAACwD [info] Processing scheduled email
14:25:18.930 request_id=GGRUL9DqSe6kJ8EAACwD [info] [EMAIL DEBUG] Full email struct before sending
14:25:18.930 request_id=GGRUL9DqSe6kJ8EAACwD [info] [EMAIL DEBUG] Extracted recipient email
14:25:18.930 request_id=GGRUL9DqSe6kJ8EAACwD [info] [EMAIL DEBUG] Postmark configuration
14:25:18.930 request_id=GGRUL9DqSe6kJ8EAACwD [info] [EMAIL DEBUG] Email configuration
14:25:18.930 request_id=GGRUL9DqSe6kJ8EAACwD [info] [EMAIL] Attempting to send email via Postmark
14:25:18.930 request_id=GGRUL9DqSe6kJ8EAACwD [debug] Sending email with Bamboo.TestAdapter:

%Bamboo.Email{from: {"RSOLV Team", "support@rsolv.dev"}, to: [nil: "noparams@example.com"], cc: [], bcc: [], subject: "How's Your Experience with RSOLV?", html_body: "<!DOCTYPE html>\n<html lang=\"en\">\n<head>\n  <meta charset=\"UTF-8\">\n  <meta name=\"viewport\" content=\"width=device-width, initial-scale=1.0\">\n  <title>How's Your RSOLV Experience?</title>\n  <style>\n    @import url('https://fonts.googleapis.com/css2?family=Space+Grotesk:wght@300;400;500;700&display=swap');\n    \n    body {\n      font-family: 'Space Grotesk', -apple-system, BlinkMacSystemFont, \"Segoe UI\", Roboto, Helvetica, Arial, sans-serif;\n      line-height: 1.6;\n      color: #333;\n      max-width: 600px;\n      margin: 0 auto;\n      padding: 20px;\n      background-color: #f8f9fa;\n    }\n    .container {\n      background-color: #ffffff;\n      border-radius: 8px;\n      padding: 30px;\n      box-shadow: 0 4px 6px rgba(0, 0, 0, 0.05);\n    }\n    .logo {\n      text-align: center;\n      margin-bottom: 30px;\n    }\n    .logo img {\n      max-width: 200px;\n    }\n    h1, h2, h3 {\n      color: #10b981;\n    }\n    .survey-card {\n      background-color: #f3f4f6;\n      padding: 20px;\n      border-radius: 8px;\n      margin: 20px 0;\n      text-align: center;\n    }\n    .rating-container {\n      display: flex;\n      justify-content: center;\n      gap: 10px;\n      margin: 20px 0;\n    }\n    .rating-box {\n      width: 40px;\n      height: 40px;\n      border: 2px solid #10b981;\n      border-radius: 8px;\n      display: flex;\n      align-items: center;\n      justify-content: center;\n      text-decoration: none;\n      color: #10b981;\n      font-weight: bold;\n      transition: all 0.3s ease;\n    }\n    .rating-box:hover {\n      background-color: #10b981;\n      color: white;\n    }\n    .question-box {\n      background-color: #f9fafb;\n      padding: 20px;\n      border-radius: 8px;\n      margin: 20px 0;\n      border-left: 4px solid #10b981;\n    }\n    .success-story {\n      background-color: #d4edda;\n      border: 1px solid #c3e6cb;\n      padding: 15px;\n      border-radius: 8px;\n      margin: 20px 0;\n    }\n    .cta {\n      background-color: #10b981;\n      color: white;\n      padding: 12px 24px;\n      border-radius: 5px;\n      display: inline-block;\n      text-decoration: none;\n      font-weight: bold;\n      margin: 20px 0;\n    }\n    .cta-secondary {\n      background-color: #6b7280;\n      color: white;\n      padding: 12px 24px;\n      border-radius: 5px;\n      display: inline-block;\n      text-decoration: none;\n      font-weight: bold;\n      margin: 20px 0;\n    }\n    .footer {\n      margin-top: 40px;\n      font-size: 14px;\n      color: #6b7280;\n      border-top: 1px solid #e5e7eb;\n      padding-top: 20px;\n      text-align: center;\n    }\n  </style>\n</head>\n<body>\n  <div class=\"container\">\n    <div class=\"logo\">\n      <img src=\"https://rsolv.dev/images/rsolv_logo_transparent.png\" alt=\"RSOLV Logo\">\n    </div>\n    \n    <h1>Quick Check-In: How's RSOLV Working for You?</h1>\n    \n    <p>Hi {@first_name},</p>\n    \n    <p>You've been using RSOLV for a week now, and we'd love to hear about your experience! Your feedback helps us make RSOLV better for everyone.</p>\n    \n    <div class=\"survey-card\">\n      <h3>How likely are you to recommend RSOLV to a colleague?</h3>\n      <p>Click a number below:</p>\n      <div class=\"rating-container\">\n        <a href=\"https://rsolv.dev/feedback?rating=1&email={@email}\" class=\"rating-box\">1</a>\n        <a href=\"https://rsolv.dev/feedback?rating=2&email={@email}\" class=\"rating-box\">2</a>\n        <a href=\"https://rsolv.dev/feedback?rating=3&email={@email}\" class=\"rating-box\">3</a>\n        <a href=\"https://rsolv.dev/feedback?rating=4&email={@email}\" class=\"rating-box\">4</a>\n        <a href=\"https://rsolv.dev/feedback?rating=5&email={@email}\" class=\"rating-box\">5</a>\n        <a href=\"https://rsolv.dev/feedback?rating=6&email={@email}\" class=\"rating-box\">6</a>\n        <a href=\"https://rsolv.dev/feedback?rating=7&email={@email}\" class=\"rating-box\">7</a>\n        <a href=\"https://rsolv.dev/feedback?rating=8&email={@email}\" class=\"rating-box\">8</a>\n        <a href=\"https://rsolv.dev/feedback?rating=9&email={@email}\" class=\"rating-box\">9</a>\n        <a href=\"https://rsolv.dev/feedback?rating=10&email={@email}\" class=\"rating-box\">10</a>\n      </div>\n" <> ..., text_body: "Quick Check-In: How's RSOLV Working for You?\n\nHi Noparams,\n\nYou've been using RSOLV for a week now, and we'd love to hear about your experience!\n\nHow likely are you to recommend RSOLV to a colleague?\nRate us from 1-10: https://rsolv.dev/feedback?email=noparams@example.com\n\nThree Quick Questions:\n1. What's been your favorite RSOLV fix so far?\n2. What feature would you like to see next?\n3. Any challenges or friction points?\n\nJust hit reply and share your thoughts - we read every response!\n\nDid You Know?\nHere are some ways other teams are using RSOLV:\n- Security audits: Tag all security-related issues for automated fixes\n- Tech debt cleanup: Fix deprecated function calls across the codebase\n- Onboarding tool: Let new devs see how fixes should be implemented\n- Weekend warrior: Queue up fixes on Friday, review on Monday\n\nThanks for being an early adopter!\n\nBest regards,\nDylan & The RSOLV Team\n\nP.S. If RSOLV has saved you time this week, we'd love to hear about it!\n\n---\nTo unsubscribe, visit: https://rsolv.dev/unsubscribe?email=noparams@example.com\n", headers: %{"X-Postmark-Tag" => "feedback-request"}, attachments: [], assigns: %{}, private: %{tag: "feedback-request"}, blocked: false}

14:25:18.930 request_id=GGRUL9DqSe6kJ8EAACwD [info] [EMAIL DEBUG] Raw Postmark response
14:25:18.930 request_id=GGRUL9DqSe6kJ8EAACwD [info] [EMAIL] Email sent successfully via Postmark
14:25:18.930 request_id=GGRUL9DqSe6kJ8EAACwD [info] Successfully sent scheduled email
14:25:18.930 request_id=GGRUL9DqSe6kJ8EAACwD [info] [EmailWorker] Insert result
14:25:18.930 request_id=GGRUL9DqSe6kJ8EAACwD [info] [EmailWorker] Schedule result
14:25:18.930 request_id=GGRUL9DqSe6kJ8EAACwD [info] [EmailWorker] Processing email config
14:25:18.930 request_id=GGRUL9DqSe6kJ8EAACwD [info] [EmailWorker] Scheduling email
14:25:18.930 request_id=GGRUL9DqSe6kJ8EAACwD [info] [EmailWorker] Creating Oban job
14:25:18.930 request_id=GGRUL9DqSe6kJ8EAACwD [info] [EmailWorker] Job created
14:25:18.930 request_id=GGRUL9DqSe6kJ8EAACwD [info] Processing scheduled email
14:25:18.930 request_id=GGRUL9DqSe6kJ8EAACwD [info] [EMAIL DEBUG] Full email struct before sending
14:25:18.930 request_id=GGRUL9DqSe6kJ8EAACwD [info] [EMAIL DEBUG] Extracted recipient email
14:25:18.930 request_id=GGRUL9DqSe6kJ8EAACwD [info] [EMAIL DEBUG] Postmark configuration
14:25:18.930 request_id=GGRUL9DqSe6kJ8EAACwD [info] [EMAIL DEBUG] Email configuration
14:25:18.930 request_id=GGRUL9DqSe6kJ8EAACwD [info] [EMAIL] Attempting to send email via Postmark
14:25:18.930 request_id=GGRUL9DqSe6kJ8EAACwD [debug] Sending email with Bamboo.TestAdapter:

%Bamboo.Email{from: {"RSOLV Team", "support@rsolv.dev"}, to: [nil: "noparams@example.com"], cc: [], bcc: [], subject: "Your RSOLV Success Report", html_body: "<!DOCTYPE html>\n<html lang=\"en\">\n<head>\n  <meta charset=\"UTF-8\">\n  <meta name=\"viewport\" content=\"width=device-width, initial-scale=1.0\">\n  <title>Your RSOLV Success Report</title>\n  <style>\n    @import url('https://fonts.googleapis.com/css2?family=Space+Grotesk:wght@300;400;500;700&display=swap');\n    \n    body {\n      font-family: 'Space Grotesk', -apple-system, BlinkMacSystemFont, \"Segoe UI\", Roboto, Helvetica, Arial, sans-serif;\n      line-height: 1.6;\n      color: #333;\n      max-width: 600px;\n      margin: 0 auto;\n      padding: 20px;\n      background-color: #f8f9fa;\n    }\n    .container {\n      background-color: #ffffff;\n      border-radius: 8px;\n      padding: 30px;\n      box-shadow: 0 4px 6px rgba(0, 0, 0, 0.05);\n    }\n    .logo {\n      text-align: center;\n      margin-bottom: 30px;\n    }\n    .logo img {\n      max-width: 200px;\n    }\n    h1, h2, h3 {\n      color: #10b981;\n    }\n    .stats-grid {\n      display: grid;\n      grid-template-columns: 1fr 1fr;\n      gap: 20px;\n      margin: 30px 0;\n    }\n    .stat-card {\n      background-color: #f3f4f6;\n      padding: 20px;\n      border-radius: 8px;\n      text-align: center;\n      border-top: 4px solid #10b981;\n    }\n    .stat-number {\n      font-size: 36px;\n      font-weight: bold;\n      color: #10b981;\n      margin: 10px 0;\n    }\n    .stat-label {\n      color: #6b7280;\n      font-size: 14px;\n    }\n    .achievement-banner {\n      background: linear-gradient(135deg, #10b981 0%, #059669 100%);\n      color: white;\n      padding: 20px;\n      border-radius: 8px;\n      text-align: center;\n      margin: 20px 0;\n    }\n    .timeline {\n      margin: 30px 0;\n    }\n    .timeline-item {\n      display: flex;\n      margin-bottom: 20px;\n      align-items: flex-start;\n    }\n    .timeline-marker {\n      width: 40px;\n      height: 40px;\n      background-color: #10b981;\n      color: white;\n      border-radius: 50%;\n      display: flex;\n      align-items: center;\n      justify-content: center;\n      flex-shrink: 0;\n      margin-right: 15px;\n    }\n    .timeline-content {\n      flex-grow: 1;\n    }\n    .pricing-highlight {\n      background-color: #fff3cd;\n      border: 1px solid #ffeaa7;\n      padding: 20px;\n      border-radius: 8px;\n      margin: 20px 0;\n      text-align: center;\n    }\n    .cta {\n      background-color: #10b981;\n      color: white;\n      padding: 12px 24px;\n      border-radius: 5px;\n      display: inline-block;\n      text-decoration: none;\n      font-weight: bold;\n      margin: 20px 0;\n    }\n    .cta-secondary {\n      background-color: #2563eb;\n      color: white;\n      padding: 12px 24px;\n      border-radius: 5px;\n      display: inline-block;\n      text-decoration: none;\n      font-weight: bold;\n      margin: 20px 0;\n    }\n    .footer {\n      margin-top: 40px;\n      font-size: 14px;\n      color: #6b7280;\n      border-top: 1px solid #e5e7eb;\n      padding-top: 20px;\n      text-align: center;\n    }\n    @media (max-width: 600px) {\n      .stats-grid {\n        grid-template-columns: 1fr;\n      }\n    }\n  </style>\n</head>\n<body>\n  <div class=\"container\">\n    <div class=\"logo\">\n      <img src=\"https://rsolv.dev/images/rsolv_logo_transparent.png\" alt=\"RSOLV Logo\">\n    </div>\n    \n    <h1>Your 2-Week RSOLV Success Report 🎉</h1>\n    \n    <p>Hi {@first_name},</p>\n    \n    <p>Congratulations! You've been using RSOLV for two weeks. Here's a snapshot of what we've accomplished together:</p>\n    \n    <div class=\"stats-grid\">\n      <div class=\"stat-card\">\n        <div class=\"stat-label\">Issues Fixed</div>\n        <div class=\"stat-number\">{Map.get(@usage_stats || %{}, :issues_fixed, 0)}</div>\n      </div>\n      <div class=\"stat-card\">\n        <div class=\"stat-label\">PRs Created</div>\n        <div class=\"stat-number\">{Map.get(@usage_stats || %{}, :prs_created, 0)}</div>\n      </div>\n      <div class=\"stat-card\">\n        <div class=\"stat-label\">Time Saved</div>\n        <div class=\"stat-number\">{Map.get(@usage_stats || %{}, :time_saved, \"0 hrs\")}</div>\n      </div>\n      <div class=\"stat-card\">\n        <div class=\"stat-label\">Security Issues Found</div>\n        <div class=\"stat-number\">{Map.ge" <> ..., text_body: "Your 2-Week RSOLV Success Report\n\nHi Noparams,\n\nCongratulations! You've been using RSOLV for two weeks. Here's what we've accomplished together:\n\nYour Stats:\n- Issues Fixed: Check your dashboard\n- PRs Created: Check your dashboard\n- Time Saved: Check your dashboard\n- Security Issues Found: Check your dashboard\n\nYour Trial Status:\nCheck how many free fixes you have remaining at: https://rsolv.dev/dashboard\n\nWhat's Next?\n- Expand to more repositories\n- Automate security audits\n- Clean up tech debt\n- Train your team\n\nNeed Help Scaling Up?\nI'd love to help you get even more value from RSOLV:\n- Schedule a 15-minute optimization call\n- Get best practices for your specific tech stack\n- Learn about volume discounts for teams\n\nJust reply to this email and let me know how I can help!\n\nThanks for being part of the RSOLV community.\n\nBest regards,\nDylan Fitzgerald\nFounder, RSOLV\n\nP.S. If RSOLV has been valuable to your team, I'd be grateful if you could share a quick testimonial.\n\n---\nTo unsubscribe, visit: https://rsolv.dev/unsubscribe?email=noparams@example.com\n", headers: %{"X-Postmark-Tag" => "success-checkin"}, attachments: [], assigns: %{}, private: %{tag: "success-checkin"}, blocked: false}

14:25:18.930 request_id=GGRUL9DqSe6kJ8EAACwD [info] [EMAIL DEBUG] Raw Postmark response
14:25:18.930 request_id=GGRUL9DqSe6kJ8EAACwD [info] [EMAIL] Email sent successfully via Postmark
14:25:18.930 request_id=GGRUL9DqSe6kJ8EAACwD [info] Successfully sent scheduled email
14:25:18.931 request_id=GGRUL9DqSe6kJ8EAACwD [info] [EmailWorker] Insert result
14:25:18.931 request_id=GGRUL9DqSe6kJ8EAACwD [info] [EmailWorker] Schedule result
14:25:18.931 request_id=GGRUL9DqSe6kJ8EAACwD [info] [PAGE CONTROLLER] EmailSequence.start_early_access_onboarding_sequence returned
14:25:18.931 request_id=GGRUL9DqSe6kJ8EAACwD [debug] Sending email with Bamboo.TestAdapter:

%Bamboo.Email{from: {"RSOLV Team", "support@rsolv.dev"}, to: [nil: "admin@rsolv.dev"], cc: [], bcc: [], subject: "🎉 New RSOLV Signup: noparams@example.com", html_body: "<!DOCTYPE html>\n<html>\n<head>\n  <meta charset=\"utf-8\">\n  <style>\n    body { font-family: -apple-system, BlinkMacSystemFont, 'Segoe UI', Roboto, sans-serif; line-height: 1.6; color: #333; }\n    .container { max-width: 600px; margin: 0 auto; padding: 20px; }\n    .header { background: #10b981; color: white; padding: 20px; border-radius: 8px 8px 0 0; }\n    .content { background: #f9fafb; padding: 20px; border: 1px solid #e5e7eb; border-radius: 0 0 8px 8px; }\n    .metric { display: inline-block; margin: 10px 20px 10px 0; }\n    .metric-label { font-size: 12px; color: #6b7280; text-transform: uppercase; }\n    .metric-value { font-size: 18px; font-weight: bold; color: #111827; }\n    .details { background: white; padding: 15px; border-radius: 4px; margin: 15px 0; }\n    .detail-row { display: flex; justify-content: space-between; padding: 8px 0; border-bottom: 1px solid #f3f4f6; }\n    .detail-row:last-child { border-bottom: none; }\n    .detail-label { font-weight: 500; color: #6b7280; }\n    .detail-value { color: #111827; }\n    .utm-badge { display: inline-block; background: #dbeafe; color: #1e40af; padding: 2px 8px; border-radius: 4px; font-size: 12px; margin-left: 4px; }\n  </style>\n</head>\n<body>\n  <div class=\"container\">\n    <div class=\"header\">\n      <h1 style=\"margin: 0; font-size: 24px;\">🎉 New RSOLV Signup!</h1>\n      <p style=\"margin: 5px 0 0 0; opacity: 0.9;\">September 11, 2025 at 08:25 PM UTC</p>\n    </div>\n    \n    <div class=\"content\">\n      <div class=\"metric\">\n        <div class=\"metric-label\">Email</div>\n        <div class=\"metric-value\">noparams@example.com</div>\n      </div>\n      \n      \n      \n      <div class=\"details\">\n        <h3 style=\"margin-top: 0;\">Signup Details</h3>\n        \n        <div class=\"detail-row\">\n          <span class=\"detail-label\">Source</span>\n          <span class=\"detail-value\">\n            landing_page\n            \n          </span>\n        </div>\n        \n        \n        \n        \n        \n        \n      </div>\n      \n      <div style=\"margin-top: 20px; text-align: center;\">\n        <a href=\"https://rsolv.dev/live/dashboard\" style=\"display: inline-block; background: #10b981; color: white; padding: 10px 20px; text-decoration: none; border-radius: 4px;\">\n          View Dashboard\n        </a>\n      </div>\n    </div>\n  </div>\n</body>\n</html>\n", text_body: "🎉 New RSOLV Signup!\n\nEmail: noparams@example.com\n\nTime: September 11, 2025 at 08:25 PM UTC\n\nSource Details:\n- Source: landing_page\n\n\n\n\n\nView full dashboard: https://rsolv.dev/live/dashboard\n", headers: %{"Message-ID" => "<1757622318.346255@rsolv.dev>", "X-Postmark-Tag" => "admin-notification", "X-Priority" => "1"}, attachments: [], assigns: %{}, private: %{tag: "admin-notification"}, blocked: false}

14:25:18.931 request_id=GGRUL9DqSe6kJ8EAACwD [info] Admin notification sent for new signup
14:25:18.931 request_id=GGRUL9DqSe6kJ8EAACwD [info] Sent 302 in 4ms
.14:25:19.004 [debug] Parser response received
14:25:19.076 [debug] Parser response received
.14:25:19.154 [debug] Parser response received
14:25:19.154 [info] PatternAdapter loading patterns for javascript: found 30 patterns
14:25:19.154 [debug] Could not load module for pattern js-timing-attack: :nofile
14:25:19.154 [debug] Could not load module for pattern js-missing-csrf: :nofile
14:25:19.155 [info] AnalysisService: Loaded 30 patterns for javascript
14:25:19.156 [info] AnalysisService: Found 1 matches
14:25:19.156 [debug] Match confidence: 0.3, min_confidence: 0.7, match: %{type: "js-path-traversal-concat", context: %{node_type: "BinaryExpression", depth: 5, parent_type: "ReturnStatement", in_function: "add"}, location: %{depth: 5, end_column: 14, end_line: 2, start_line: 2, start_column: 9}, severity: "medium", pattern_id: "js-path-traversal-concat", pattern_name: "Path Traversal via String Concatenation", recommendation: "Review this code for potential security issues", confidence: 0.3, pattern_type: :path_traversal, min_confidence: 0.7}
.14:25:19.240 [debug] Parser response received
14:25:19.240 [info] AnalysisService: Loaded 30 patterns for javascript
14:25:19.241 [info] AnalysisService: Found 0 matches
.14:25:19.314 [debug] Parser response received
14:25:19.315 [info] AnalysisService: Loaded 30 patterns for javascript
14:25:19.317 [info] AnalysisService: Found 6 matches
14:25:19.317 [debug] Match confidence: 0.6, min_confidence: 0.7, match: %{type: "js-xss-jquery-html", context: %{node_type: "CallExpression", depth: 5, parent_type: "ReturnStatement", in_function: "getUserData"}, location: %{depth: 5, end_column: 63, end_line: 3, start_line: 3, start_column: 9}, severity: "high", pattern_id: "js-xss-jquery-html", pattern_name: "XSS via jQuery html()", recommendation: "Review this code for potential security issues", confidence: 0.6, pattern_type: :xss, min_confidence: 0.7}
14:25:19.317 [debug] Match confidence: 0.3, min_confidence: 0.7, match: %{type: "js-nosql-injection", context: %{node_type: "CallExpression", depth: 5, parent_type: "ReturnStatement", in_function: "getUserData"}, location: %{depth: 5, end_column: 63, end_line: 3, start_line: 3, start_column: 9}, severity: "high", pattern_id: "js-nosql-injection", pattern_name: "NoSQL Injection", recommendation: "Review this code for potential security issues", confidence: 0.3, pattern_type: :nosql_injection, min_confidence: 0.7}
14:25:19.317 [debug] Match confidence: 0.3, min_confidence: 0.8, match: %{type: "js-ldap-injection", context: %{node_type: "CallExpression", depth: 5, parent_type: "ReturnStatement", in_function: "getUserData"}, location: %{depth: 5, end_column: 63, end_line: 3, start_line: 3, start_column: 9}, severity: "high", pattern_id: "js-ldap-injection", pattern_name: "LDAP Injection", recommendation: "Review this code for potential security issues", confidence: 0.3, pattern_type: :ldap_injection, min_confidence: 0.8}
14:25:19.317 [debug] Match confidence: 0.3, min_confidence: 0.8, match: %{type: "js-xpath-injection", context: %{node_type: "CallExpression", depth: 5, parent_type: "ReturnStatement", in_function: "getUserData"}, location: %{depth: 5, end_column: 63, end_line: 3, start_line: 3, start_column: 9}, severity: "high", pattern_id: "js-xpath-injection", pattern_name: "XPath Injection", recommendation: "Review this code for potential security issues", confidence: 0.3, pattern_type: :xpath_injection, min_confidence: 0.8}
14:25:19.317 [debug] Match confidence: 0.3, min_confidence: 0.7, match: %{type: "js-ssrf", context: %{node_type: "CallExpression", depth: 5, parent_type: "ReturnStatement", in_function: "getUserData"}, location: %{depth: 5, end_column: 63, end_line: 3, start_line: 3, start_column: 9}, severity: "medium", pattern_id: "js-ssrf", pattern_name: "Server-Side Request Forgery (SSRF)", recommendation: "Review this code for potential security issues", confidence: 0.3, pattern_type: :ssrf, min_confidence: 0.7}
14:25:19.317 [debug] Match confidence: 0.7, min_confidence: 0.8, match: %{type: "js-insecure-deserialization", context: %{node_type: "CallExpression", depth: 5, parent_type: "ReturnStatement", in_function: "getUserData"}, location: %{depth: 5, end_column: 63, end_line: 3, start_line: 3, start_column: 9}, severity: "medium", pattern_id: "js-insecure-deserialization", pattern_name: "Insecure Deserialization", recommendation: "Review this code for potential security issues", confidence: 0.7, pattern_type: :deserialization, min_confidence: 0.8}
..14:25:19.391 [debug] Parser response received
14:25:19.391 [info] AnalysisService: Loaded 30 patterns for javascript
14:25:19.392 [info] AnalysisService: Found 8 matches
14:25:19.392 [debug] Match confidence: 0.9500000000000002, min_confidence: 0.7, match: %{type: "js-sql-injection-concat", context: %{node_type: "BinaryExpression", depth: 6, parent_type: "VariableDeclarator", in_function: "getUserData"}, location: %{depth: 6, end_column: 58, end_line: 3, start_line: 3, start_column: 16}, severity: "high", pattern_id: "js-sql-injection-concat", pattern_name: "SQL Injection via String Concatenation", recommendation: "Review this code for potential security issues", confidence: 0.9500000000000002, pattern_type: :sql_injection, min_confidence: 0.7}
14:25:19.392 [debug] Match confidence: 0.8, min_confidence: 0.7, match: %{type: "js-xss-jquery-html", context: %{node_type: "CallExpression", depth: 5, parent_type: "ReturnStatement", in_function: "getUserData"}, location: %{depth: 5, end_column: 24, end_line: 4, start_line: 4, start_column: 9}, severity: "high", pattern_id: "js-xss-jquery-html", pattern_name: "XSS via jQuery html()", recommendation: "Review this code for potential security issues", confidence: 0.8, pattern_type: :xss, min_confidence: 0.7}
14:25:19.392 [debug] Match confidence: 0.8500000000000001, min_confidence: 0.7, match: %{type: "js-path-traversal-concat", context: %{node_type: "BinaryExpression", depth: 6, parent_type: "VariableDeclarator", in_function: "getUserData"}, location: %{depth: 6, end_column: 58, end_line: 3, start_line: 3, start_column: 16}, severity: "medium", pattern_id: "js-path-traversal-concat", pattern_name: "Path Traversal via String Concatenation", recommendation: "Review this code for potential security issues", confidence: 0.8500000000000001, pattern_type: :path_traversal, min_confidence: 0.7}
14:25:19.392 [debug] Match confidence: 0.5, min_confidence: 0.7, match: %{type: "js-nosql-injection", context: %{node_type: "CallExpression", depth: 5, parent_type: "ReturnStatement", in_function: "getUserData"}, location: %{depth: 5, end_column: 24, end_line: 4, start_line: 4, start_column: 9}, severity: "high", pattern_id: "js-nosql-injection", pattern_name: "NoSQL Injection", recommendation: "Review this code for potential security issues", confidence: 0.5, pattern_type: :nosql_injection, min_confidence: 0.7}
14:25:19.393 [debug] Match confidence: 0.5, min_confidence: 0.8, match: %{type: "js-ldap-injection", context: %{node_type: "CallExpression", depth: 5, parent_type: "ReturnStatement", in_function: "getUserData"}, location: %{depth: 5, end_column: 24, end_line: 4, start_line: 4, start_column: 9}, severity: "high", pattern_id: "js-ldap-injection", pattern_name: "LDAP Injection", recommendation: "Review this code for potential security issues", confidence: 0.5, pattern_type: :ldap_injection, min_confidence: 0.8}
14:25:19.393 [debug] Match confidence: 0.5, min_confidence: 0.8, match: %{type: "js-xpath-injection", context: %{node_type: "CallExpression", depth: 5, parent_type: "ReturnStatement", in_function: "getUserData"}, location: %{depth: 5, end_column: 24, end_line: 4, start_line: 4, start_column: 9}, severity: "high", pattern_id: "js-xpath-injection", pattern_name: "XPath Injection", recommendation: "Review this code for potential security issues", confidence: 0.5, pattern_type: :xpath_injection, min_confidence: 0.8}
14:25:19.393 [debug] Match confidence: 0.5, min_confidence: 0.7, match: %{type: "js-ssrf", context: %{node_type: "CallExpression", depth: 5, parent_type: "ReturnStatement", in_function: "getUserData"}, location: %{depth: 5, end_column: 24, end_line: 4, start_line: 4, start_column: 9}, severity: "medium", pattern_id: "js-ssrf", pattern_name: "Server-Side Request Forgery (SSRF)", recommendation: "Review this code for potential security issues", confidence: 0.5, pattern_type: :ssrf, min_confidence: 0.7}
14:25:19.393 [debug] Match confidence: 0.8999999999999999, min_confidence: 0.8, match: %{type: "js-insecure-deserialization", context: %{node_type: "CallExpression", depth: 5, parent_type: "ReturnStatement", in_function: "getUserData"}, location: %{depth: 5, end_column: 24, end_line: 4, start_line: 4, start_column: 9}, severity: "medium", pattern_id: "js-insecure-deserialization", pattern_name: "Insecure Deserialization", recommendation: "Review this code for potential security issues", confidence: 0.8999999999999999, pattern_type: :deserialization, min_confidence: 0.8}
.14:25:19.471 [debug] Parser response received
14:25:19.471 [info] AnalysisService: Loaded 30 patterns for javascript
14:25:19.471 [info] AnalysisService: Found 0 matches
14:25:19.472 [info] AnalysisService: Loaded 30 patterns for javascript
14:25:19.472 [info] AnalysisService: Found 0 matches
.14:25:19.551 [debug] Parser response received
14:25:19.551 [info] AnalysisService: Loaded 30 patterns for javascript
14:25:19.552 [info] AnalysisService: Found 8 matches
14:25:19.552 [debug] Match confidence: 0.9500000000000002, min_confidence: 0.7, match: %{type: "js-sql-injection-concat", context: %{node_type: "BinaryExpression", depth: 6, parent_type: "VariableDeclarator", in_function: "handleRequest"}, location: %{depth: 6, end_column: 61, end_line: 3, start_line: 3, start_column: 16}, severity: "high", pattern_id: "js-sql-injection-concat", pattern_name: "SQL Injection via String Concatenation", recommendation: "Review this code for potential security issues", confidence: 0.9500000000000002, pattern_type: :sql_injection, min_confidence: 0.7}
14:25:19.552 [debug] Match confidence: 0.8, min_confidence: 0.7, match: %{type: "js-xss-jquery-html", context: %{node_type: "CallExpression", depth: 5, parent_type: "ExpressionStatement", in_function: "handleRequest"}, location: %{depth: 5, end_column: 17, end_line: 4, start_line: 4, start_column: 2}, severity: "high", pattern_id: "js-xss-jquery-html", pattern_name: "XSS via jQuery html()", recommendation: "Review this code for potential security issues", confidence: 0.8, pattern_type: :xss, min_confidence: 0.7}
14:25:19.552 [debug] Match confidence: 0.8500000000000001, min_confidence: 0.7, match: %{type: "js-path-traversal-concat", context: %{node_type: "BinaryExpression", depth: 6, parent_type: "VariableDeclarator", in_function: "handleRequest"}, location: %{depth: 6, end_column: 61, end_line: 3, start_line: 3, start_column: 16}, severity: "medium", pattern_id: "js-path-traversal-concat", pattern_name: "Path Traversal via String Concatenation", recommendation: "Review this code for potential security issues", confidence: 0.8500000000000001, pattern_type: :path_traversal, min_confidence: 0.7}
14:25:19.552 [debug] Match confidence: 0.5, min_confidence: 0.7, match: %{type: "js-nosql-injection", context: %{node_type: "CallExpression", depth: 5, parent_type: "ExpressionStatement", in_function: "handleRequest"}, location: %{depth: 5, end_column: 17, end_line: 4, start_line: 4, start_column: 2}, severity: "high", pattern_id: "js-nosql-injection", pattern_name: "NoSQL Injection", recommendation: "Review this code for potential security issues", confidence: 0.5, pattern_type: :nosql_injection, min_confidence: 0.7}
14:25:19.552 [debug] Match confidence: 0.5, min_confidence: 0.8, match: %{type: "js-ldap-injection", context: %{node_type: "CallExpression", depth: 5, parent_type: "ExpressionStatement", in_function: "handleRequest"}, location: %{depth: 5, end_column: 17, end_line: 4, start_line: 4, start_column: 2}, severity: "high", pattern_id: "js-ldap-injection", pattern_name: "LDAP Injection", recommendation: "Review this code for potential security issues", confidence: 0.5, pattern_type: :ldap_injection, min_confidence: 0.8}
14:25:19.553 [debug] Match confidence: 0.5, min_confidence: 0.8, match: %{type: "js-xpath-injection", context: %{node_type: "CallExpression", depth: 5, parent_type: "ExpressionStatement", in_function: "handleRequest"}, location: %{depth: 5, end_column: 17, end_line: 4, start_line: 4, start_column: 2}, severity: "high", pattern_id: "js-xpath-injection", pattern_name: "XPath Injection", recommendation: "Review this code for potential security issues", confidence: 0.5, pattern_type: :xpath_injection, min_confidence: 0.8}
14:25:19.553 [debug] Match confidence: 0.5, min_confidence: 0.7, match: %{type: "js-ssrf", context: %{node_type: "CallExpression", depth: 5, parent_type: "ExpressionStatement", in_function: "handleRequest"}, location: %{depth: 5, end_column: 17, end_line: 4, start_line: 4, start_column: 2}, severity: "medium", pattern_id: "js-ssrf", pattern_name: "Server-Side Request Forgery (SSRF)", recommendation: "Review this code for potential security issues", confidence: 0.5, pattern_type: :ssrf, min_confidence: 0.7}
14:25:19.553 [debug] Match confidence: 0.8999999999999999, min_confidence: 0.8, match: %{type: "js-insecure-deserialization", context: %{node_type: "CallExpression", depth: 5, parent_type: "ExpressionStatement", in_function: "handleRequest"}, location: %{depth: 5, end_column: 17, end_line: 4, start_line: 4, start_column: 2}, severity: "medium", pattern_id: "js-insecure-deserialization", pattern_name: "Insecure Deserialization", recommendation: "Review this code for potential security issues", confidence: 0.8999999999999999, pattern_type: :deserialization, min_confidence: 0.8}
..14:25:19.577 [debug] Parser response received
14:25:19.577 [info] PatternAdapter loading patterns for python: found 12 patterns
14:25:19.577 [info] AnalysisService: Loaded 12 patterns for python
14:25:19.577 [info] AnalysisService: Found 5 matches
14:25:19.577 [debug] Match confidence: 0.6, min_confidence: 0.6, match: %{type: "python-command-injection-os-system", context: %{node_type: "Call", depth: 3, parent_type: "Expr", in_function: "run_command"}, location: %{depth: 3, end_column: 0, end_line: 1, start_line: 1, start_column: 0}, severity: "high", pattern_id: "python-command-injection-os-system", pattern_name: "Command Injection via os.system", recommendation: "Review this code for potential security issues", confidence: 0.6, pattern_type: :command_injection, min_confidence: 0.6}
14:25:19.577 [debug] Match confidence: 0.5, min_confidence: 0.8, match: %{type: "python-command-injection-subprocess-shell", context: %{node_type: "Call", depth: 3, parent_type: "Expr", in_function: "run_command"}, location: %{depth: 3, end_column: 0, end_line: 1, start_line: 1, start_column: 0}, severity: "high", pattern_id: "python-command-injection-subprocess-shell", pattern_name: "Command Injection via subprocess with shell=True", recommendation: "Review this code for potential security issues", confidence: 0.5, pattern_type: :command_injection, min_confidence: 0.8}
14:25:19.577 [debug] Match confidence: 0.9, min_confidence: 0.7, match: %{type: "python-unsafe-pickle", context: %{node_type: "Call", depth: 3, parent_type: "Expr", in_function: "run_command"}, location: %{depth: 3, end_column: 0, end_line: 1, start_line: 1, start_column: 0}, severity: "medium", pattern_id: "python-unsafe-pickle", pattern_name: "Insecure Deserialization via pickle", recommendation: "Review this code for potential security issues", confidence: 0.9, pattern_type: :deserialization, min_confidence: 0.7}
14:25:19.577 [debug] Match confidence: 0.85, min_confidence: 0.7, match: %{type: "python-unsafe-eval", context: %{node_type: "Call", depth: 3, parent_type: "Expr", in_function: "run_command"}, location: %{depth: 3, end_column: 0, end_line: 1, start_line: 1, start_column: 0}, severity: "critical", pattern_id: "python-unsafe-eval", pattern_name: "Code Injection via eval()", recommendation: "Review this code for potential security issues", confidence: 0.85, pattern_type: :rce, min_confidence: 0.7}
14:25:19.577 [debug] Match confidence: 0.5, min_confidence: 0.7, match: %{type: "python-path-traversal-open", context: %{node_type: "Call", depth: 3, parent_type: "Expr", in_function: "run_command"}, location: %{depth: 3, end_column: 0, end_line: 1, start_line: 1, start_column: 0}, severity: "medium", pattern_id: "python-path-traversal-open", pattern_name: "Path Traversal via open()", recommendation: "Review this code for potential security issues", confidence: 0.5, pattern_type: :path_traversal, min_confidence: 0.7}
Total findings: 3
Finding types: ["python-command-injection-os-system", "python-unsafe-pickle",
 "python-unsafe-eval"]
.14:25:19.660 [debug] Parser response received
14:25:19.685 [debug] Parser response received
.14:25:19.760 [debug] Parser response received
14:25:19.761 [debug] Parser response received
.14:25:19.838 [debug] Parser response received
.14:25:19.916 [debug] Parser response received
.14:25:19.991 [debug] Parser response received
..14:25:20.065 [debug] Parser response received
..14:25:20.138 [debug] Parser response received
.14:25:20.211 [debug] Parser response received
.14:25:20.292 [debug] Parser response received
..14:25:20.369 [debug] Parser response received
.14:25:20.454 [debug] Parser response received
.14:25:20.533 [debug] Parser response received
.14:25:20.558 [debug] Parser response received
14:25:20.678 [debug] Parser response received
14:25:20.697 [debug] Parser response received
..14:25:20.782 [debug] Parser response received
.14:25:20.856 [debug] Parser response received
14:25:20.856 [info] AnalysisService: Loaded 30 patterns for javascript
14:25:20.857 [info] AnalysisService: Found 0 matches
.14:25:20.933 [debug] Parser response received
14:25:20.933 [info] AnalysisService: Loaded 30 patterns for javascript
14:25:20.934 [info] AnalysisService: Found 0 matches
14:25:20.938 [info] AUDIT_EVENT: code_retention_cleanup
.14:25:21.013 [debug] Parser response received
14:25:21.014 [info] AnalysisService: Loaded 30 patterns for javascript
14:25:21.014 [info] AnalysisService: Found 0 matches
14:25:21.017 [info] AUDIT_EVENT: code_retention_cleanup
.14:25:21.111 [debug] Parser response received
14:25:21.112 [info] AnalysisService: Loaded 30 patterns for javascript
14:25:21.112 [info] AnalysisService: Found 0 matches
14:25:21.116 [info] AUDIT_EVENT: code_retention_report
.14:25:21.187 [debug] Parser response received
14:25:21.188 [info] AnalysisService: Loaded 30 patterns for javascript
14:25:21.188 [info] AnalysisService: Found 0 matches
.14:25:21.261 [debug] Parser response received
14:25:21.262 [info] AnalysisService: Loaded 30 patterns for javascript
14:25:21.262 [info] AnalysisService: Found 0 matches
14:25:21.341 [debug] Parser response received
14:25:21.342 [info] AnalysisService: Loaded 30 patterns for javascript
14:25:21.342 [info] AnalysisService: Found 0 matches
14:25:21.425 [debug] Parser response received
14:25:21.425 [info] AnalysisService: Loaded 30 patterns for javascript
14:25:21.426 [info] AnalysisService: Found 0 matches
.14:25:21.513 [debug] Parser response received
14:25:21.513 [info] AnalysisService: Loaded 30 patterns for javascript
14:25:21.513 [info] AnalysisService: Found 0 matches
.14:25:21.594 [debug] Parser response received
14:25:21.595 [info] AnalysisService: Loaded 30 patterns for javascript
14:25:21.596 [info] AnalysisService: Found 7 matches
14:25:21.596 [debug] Match confidence: 0.8, min_confidence: 0.7, match: %{type: "js-xss-jquery-html", context: %{node_type: "CallExpression", depth: 3, parent_type: "ExpressionStatement"}, location: %{depth: 3, end_column: 15, end_line: 1, start_line: 1, start_column: 0}, severity: "high", pattern_id: "js-xss-jquery-html", pattern_name: "XSS via jQuery html()", recommendation: "Review this code for potential security issues", confidence: 0.8, pattern_type: :xss, min_confidence: 0.7}
14:25:21.596 [debug] Match confidence: 0.7, min_confidence: 0.7, match: %{type: "js-eval-user-input", context: %{node_type: "CallExpression", depth: 3, parent_type: "ExpressionStatement"}, location: %{depth: 3, end_column: 15, end_line: 1, start_line: 1, start_column: 0}, severity: "critical", pattern_id: "js-eval-user-input", pattern_name: "Dangerous eval() with User Input", recommendation: "Review this code for potential security issues", confidence: 0.7, pattern_type: :rce, min_confidence: 0.7}
14:25:21.596 [debug] Match confidence: 0.5, min_confidence: 0.7, match: %{type: "js-nosql-injection", context: %{node_type: "CallExpression", depth: 3, parent_type: "ExpressionStatement"}, location: %{depth: 3, end_column: 15, end_line: 1, start_line: 1, start_column: 0}, severity: "high", pattern_id: "js-nosql-injection", pattern_name: "NoSQL Injection", recommendation: "Review this code for potential security issues", confidence: 0.5, pattern_type: :nosql_injection, min_confidence: 0.7}
14:25:21.596 [debug] Match confidence: 0.5, min_confidence: 0.8, match: %{type: "js-ldap-injection", context: %{node_type: "CallExpression", depth: 3, parent_type: "ExpressionStatement"}, location: %{depth: 3, end_column: 15, end_line: 1, start_line: 1, start_column: 0}, severity: "high", pattern_id: "js-ldap-injection", pattern_name: "LDAP Injection", recommendation: "Review this code for potential security issues", confidence: 0.5, pattern_type: :ldap_injection, min_confidence: 0.8}
14:25:21.596 [debug] Match confidence: 0.5, min_confidence: 0.8, match: %{type: "js-xpath-injection", context: %{node_type: "CallExpression", depth: 3, parent_type: "ExpressionStatement"}, location: %{depth: 3, end_column: 15, end_line: 1, start_line: 1, start_column: 0}, severity: "high", pattern_id: "js-xpath-injection", pattern_name: "XPath Injection", recommendation: "Review this code for potential security issues", confidence: 0.5, pattern_type: :xpath_injection, min_confidence: 0.8}
14:25:21.596 [debug] Match confidence: 0.5, min_confidence: 0.7, match: %{type: "js-ssrf", context: %{node_type: "CallExpression", depth: 3, parent_type: "ExpressionStatement"}, location: %{depth: 3, end_column: 15, end_line: 1, start_line: 1, start_column: 0}, severity: "medium", pattern_id: "js-ssrf", pattern_name: "Server-Side Request Forgery (SSRF)", recommendation: "Review this code for potential security issues", confidence: 0.5, pattern_type: :ssrf, min_confidence: 0.7}
14:25:21.596 [debug] Match confidence: 0.8999999999999999, min_confidence: 0.8, match: %{type: "js-insecure-deserialization", context: %{node_type: "CallExpression", depth: 3, parent_type: "ExpressionStatement"}, location: %{depth: 3, end_column: 15, end_line: 1, start_line: 1, start_column: 0}, severity: "medium", pattern_id: "js-insecure-deserialization", pattern_name: "Insecure Deserialization", recommendation: "Review this code for potential security issues", confidence: 0.8999999999999999, pattern_type: :deserialization, min_confidence: 0.8}
.14:25:21.678 [debug] Parser response received
14:25:21.678 [info] AnalysisService: Loaded 30 patterns for javascript
14:25:21.679 [info] AnalysisService: Found 0 matches
.14:25:21.803 [debug] Parser response received
14:25:21.803 [info] AnalysisService: Loaded 30 patterns for javascript
14:25:21.804 [info] AnalysisService: Found 6 matches
14:25:21.805 [debug] Match confidence: 0.6, min_confidence: 0.7, match: %{type: "js-xss-jquery-html", context: %{node_type: "CallExpression", depth: 5, parent_type: "ReturnStatement", in_function: "processPayment"}, location: %{depth: 5, end_column: 27, end_line: 3, start_line: 3, start_column: 9}, severity: "high", pattern_id: "js-xss-jquery-html", pattern_name: "XSS via jQuery html()", recommendation: "Review this code for potential security issues", confidence: 0.6, pattern_type: :xss, min_confidence: 0.7}
14:25:21.805 [debug] Match confidence: 0.3, min_confidence: 0.7, match: %{type: "js-nosql-injection", context: %{node_type: "CallExpression", depth: 5, parent_type: "ReturnStatement", in_function: "processPayment"}, location: %{depth: 5, end_column: 27, end_line: 3, start_line: 3, start_column: 9}, severity: "high", pattern_id: "js-nosql-injection", pattern_name: "NoSQL Injection", recommendation: "Review this code for potential security issues", confidence: 0.3, pattern_type: :nosql_injection, min_confidence: 0.7}
14:25:21.805 [debug] Match confidence: 0.3, min_confidence: 0.8, match: %{type: "js-ldap-injection", context: %{node_type: "CallExpression", depth: 5, parent_type: "ReturnStatement", in_function: "processPayment"}, location: %{depth: 5, end_column: 27, end_line: 3, start_line: 3, start_column: 9}, severity: "high", pattern_id: "js-ldap-injection", pattern_name: "LDAP Injection", recommendation: "Review this code for potential security issues", confidence: 0.3, pattern_type: :ldap_injection, min_confidence: 0.8}
14:25:21.805 [debug] Match confidence: 0.3, min_confidence: 0.8, match: %{type: "js-xpath-injection", context: %{node_type: "CallExpression", depth: 5, parent_type: "ReturnStatement", in_function: "processPayment"}, location: %{depth: 5, end_column: 27, end_line: 3, start_line: 3, start_column: 9}, severity: "high", pattern_id: "js-xpath-injection", pattern_name: "XPath Injection", recommendation: "Review this code for potential security issues", confidence: 0.3, pattern_type: :xpath_injection, min_confidence: 0.8}
14:25:21.805 [debug] Match confidence: 0.3, min_confidence: 0.7, match: %{type: "js-ssrf", context: %{node_type: "CallExpression", depth: 5, parent_type: "ReturnStatement", in_function: "processPayment"}, location: %{depth: 5, end_column: 27, end_line: 3, start_line: 3, start_column: 9}, severity: "medium", pattern_id: "js-ssrf", pattern_name: "Server-Side Request Forgery (SSRF)", recommendation: "Review this code for potential security issues", confidence: 0.3, pattern_type: :ssrf, min_confidence: 0.7}
14:25:21.805 [debug] Match confidence: 0.7, min_confidence: 0.8, match: %{type: "js-insecure-deserialization", context: %{node_type: "CallExpression", depth: 5, parent_type: "ReturnStatement", in_function: "processPayment"}, location: %{depth: 5, end_column: 27, end_line: 3, start_line: 3, start_column: 9}, severity: "medium", pattern_id: "js-insecure-deserialization", pattern_name: "Insecure Deserialization", recommendation: "Review this code for potential security issues", confidence: 0.7, pattern_type: :deserialization, min_confidence: 0.8}
.14:25:21.805 [debug] QUERY OK source="customers" db=0.1ms queue=0.1ms
INSERT INTO "customers" ("active","name","metadata","email","is_staff","subscription_plan","monthly_limit","current_usage","fixes_quota_this_month","fixes_used_this_month","has_payment_method","rollover_fixes","subscription_status","trial_fixes_limit","trial_fixes_used","inserted_at","updated_at") VALUES ($1,$2,$3,$4,$5,$6,$7,$8,$9,$10,$11,$12,$13,$14,$15,$16,$17) RETURNING "id" [true, "Legacy Test", %{}, "legacy@example.com", false, "trial", 100, 0, 0, 0, false, 0, "active", 5, 0, ~N[2025-09-11 20:25:21], ~N[2025-09-11 20:25:21]]
14:25:21.806 [debug] QUERY OK source="api_keys" db=0.1ms
INSERT INTO "api_keys" ("active","name","permissions","key","customer_id","inserted_at","updated_at") VALUES ($1,$2,$3,$4,$5,$6,$7) RETURNING "id" [true, "Legacy Key", [], "rsolv_2zIUKY2xuMZeAGBuDoLw5zBwIWOql81j5D6KKOPn7RI", 72080, ~U[2025-09-11 20:25:21Z], ~U[2025-09-11 20:25:21Z]]
14:25:21.806 [debug] QUERY OK source="api_keys" db=0.0ms
SELECT a0."id", a0."key", a0."name", a0."permissions", a0."active", a0."last_used_at", a0."expires_at", a0."customer_id", a0."inserted_at", a0."updated_at" FROM "api_keys" AS a0 WHERE ((a0."key" = $1) AND (a0."active" = $2)) ["rsolv_2zIUKY2xuMZeAGBuDoLw5zBwIWOql81j5D6KKOPn7RI", true]
14:25:21.806 [debug] QUERY OK source="customers" db=0.0ms
SELECT c0."id", c0."name", c0."email", c0."monthly_limit", c0."current_usage", c0."active", c0."metadata", c0."password_hash", c0."is_staff", c0."admin_level", c0."trial_fixes_used", c0."trial_fixes_limit", c0."stripe_customer_id", c0."subscription_plan", c0."subscription_status", c0."rollover_fixes", c0."payment_method_added_at", c0."trial_expired_at", c0."fixes_used_this_month", c0."fixes_quota_this_month", c0."has_payment_method", c0."inserted_at", c0."updated_at" FROM "customers" AS c0 WHERE (c0."id" = $1) [72080]
.14:25:21.806 [debug] QUERY OK source="customers" db=0.0ms queue=0.1ms
INSERT INTO "customers" ("active","name","metadata","email","is_staff","subscription_plan","monthly_limit","current_usage","fixes_quota_this_month","fixes_used_this_month","has_payment_method","rollover_fixes","subscription_status","trial_fixes_limit","trial_fixes_used","inserted_at","updated_at") VALUES ($1,$2,$3,$4,$5,$6,$7,$8,$9,$10,$11,$12,$13,$14,$15,$16,$17) RETURNING "id" [true, "Feature Flag Customer", %{}, "flags@example.com", false, "trial", 100, 0, 0, 0, false, 0, "active", 5, 0, ~N[2025-09-11 20:25:21], ~N[2025-09-11 20:25:21]]
.14:25:21.808 [debug] QUERY OK source="customers" db=0.0ms queue=0.1ms
INSERT INTO "customers" ("active","name","metadata","email","is_staff","subscription_plan","monthly_limit","current_usage","fixes_quota_this_month","fixes_used_this_month","has_payment_method","rollover_fixes","subscription_status","trial_fixes_limit","trial_fixes_used","inserted_at","updated_at") VALUES ($1,$2,$3,$4,$5,$6,$7,$8,$9,$10,$11,$12,$13,$14,$15,$16,$17) RETURNING "id" [true, "API Test Customer", %{}, "api@example.com", false, "trial", 100, 0, 0, 0, false, 0, "active", 5, 0, ~N[2025-09-11 20:25:21], ~N[2025-09-11 20:25:21]]
14:25:21.808 [debug] QUERY OK source="api_keys" db=0.1ms
INSERT INTO "api_keys" ("active","name","permissions","key","customer_id","inserted_at","updated_at") VALUES ($1,$2,$3,$4,$5,$6,$7) RETURNING "id" [true, "Test Key", [], "rsolv_MhPqtaPRJTR4h4KTsJqfeteIs25ZK33HmMG0kaf0sC4", 72082, ~U[2025-09-11 20:25:21Z], ~U[2025-09-11 20:25:21Z]]
14:25:21.808 [debug] QUERY OK source="api_keys" db=0.0ms
SELECT a0."id", a0."key", a0."name", a0."permissions", a0."active", a0."last_used_at", a0."expires_at", a0."customer_id", a0."inserted_at", a0."updated_at" FROM "api_keys" AS a0 WHERE ((a0."key" = $1) AND (a0."active" = $2)) ["rsolv_MhPqtaPRJTR4h4KTsJqfeteIs25ZK33HmMG0kaf0sC4", true]
14:25:21.808 [debug] QUERY OK source="customers" db=0.0ms
SELECT c0."id", c0."name", c0."email", c0."monthly_limit", c0."current_usage", c0."active", c0."metadata", c0."password_hash", c0."is_staff", c0."admin_level", c0."trial_fixes_used", c0."trial_fixes_limit", c0."stripe_customer_id", c0."subscription_plan", c0."subscription_status", c0."rollover_fixes", c0."payment_method_added_at", c0."trial_expired_at", c0."fixes_used_this_month", c0."fixes_quota_this_month", c0."has_payment_method", c0."inserted_at", c0."updated_at" FROM "customers" AS c0 WHERE (c0."id" = $1) [72082]
14:25:21.809 [debug] QUERY OK source="api_keys" db=0.0ms
SELECT a0."id", a0."key", a0."name", a0."permissions", a0."active", a0."last_used_at", a0."expires_at", a0."customer_id", a0."inserted_at", a0."updated_at" FROM "api_keys" AS a0 WHERE ((a0."key" = $1) AND (a0."active" = $2)) ["rsolv_MhPqtaPRJTR4h4KTsJqfeteIs25ZK33HmMG0kaf0sC4", true]
14:25:21.809 [debug] QUERY OK source="customers" db=0.0ms
SELECT c0."id", c0."name", c0."email", c0."monthly_limit", c0."current_usage", c0."active", c0."metadata", c0."password_hash", c0."is_staff", c0."admin_level", c0."trial_fixes_used", c0."trial_fixes_limit", c0."stripe_customer_id", c0."subscription_plan", c0."subscription_status", c0."rollover_fixes", c0."payment_method_added_at", c0."trial_expired_at", c0."fixes_used_this_month", c0."fixes_quota_this_month", c0."has_payment_method", c0."inserted_at", c0."updated_at" FROM "customers" AS c0 WHERE (c0."id" = $1) [72082]
.14:25:21.809 [debug] QUERY OK source="customers" db=0.1ms
INSERT INTO "customers" ("active","name","metadata","email","is_staff","subscription_plan","monthly_limit","current_usage","fixes_quota_this_month","fixes_used_this_month","has_payment_method","rollover_fixes","subscription_status","trial_fixes_limit","trial_fixes_used","inserted_at","updated_at") VALUES ($1,$2,$3,$4,$5,$6,$7,$8,$9,$10,$11,$12,$13,$14,$15,$16,$17) RETURNING "id" [true, "Usage Test Customer", %{}, "usage@example.com", false, "trial", 100, 0, 0, 0, false, 0, "active", 5, 0, ~N[2025-09-11 20:25:21], ~N[2025-09-11 20:25:21]]
14:25:21.809 [debug] QUERY OK source="customers" db=0.0ms
UPDATE "customers" AS c0 SET "current_usage" = c0."current_usage" + $1 WHERE (c0."id" = $2) [5, 72083]
14:25:21.809 [debug] QUERY OK source="customers" db=0.1ms
SELECT c0."id", c0."name", c0."email", c0."monthly_limit", c0."current_usage", c0."active", c0."metadata", c0."password_hash", c0."is_staff", c0."admin_level", c0."trial_fixes_used", c0."trial_fixes_limit", c0."stripe_customer_id", c0."subscription_plan", c0."subscription_status", c0."rollover_fixes", c0."payment_method_added_at", c0."trial_expired_at", c0."fixes_used_this_month", c0."fixes_quota_this_month", c0."has_payment_method", c0."inserted_at", c0."updated_at" FROM "customers" AS c0 WHERE (c0."id" = $1) [72083]
14:25:21.810 [info] Usage recorded: %{amount: 3, customer_id: 72083}
14:25:21.811 [debug] QUERY OK source="customers" db=0.1ms
SELECT c0."id", c0."name", c0."email", c0."monthly_limit", c0."current_usage", c0."active", c0."metadata", c0."password_hash", c0."is_staff", c0."admin_level", c0."trial_fixes_used", c0."trial_fixes_limit", c0."stripe_customer_id", c0."subscription_plan", c0."subscription_status", c0."rollover_fixes", c0."payment_method_added_at", c0."trial_expired_at", c0."fixes_used_this_month", c0."fixes_quota_this_month", c0."has_payment_method", c0."inserted_at", c0."updated_at" FROM "customers" AS c0 WHERE (c0."id" = $1) [72083]
.14:25:21.811 [debug] QUERY OK source="customers" db=0.0ms
INSERT INTO "customers" ("active","name","metadata","email","is_staff","subscription_plan","monthly_limit","current_usage","fixes_quota_this_month","fixes_used_this_month","has_payment_method","rollover_fixes","subscription_status","trial_fixes_limit","trial_fixes_used","inserted_at","updated_at") VALUES ($1,$2,$3,$4,$5,$6,$7,$8,$9,$10,$11,$12,$13,$14,$15,$16,$17) RETURNING "id" [true, "Multi-Key Customer", %{}, "multikey@example.com", false, "trial", 100, 0, 0, 0, false, 0, "active", 5, 0, ~N[2025-09-11 20:25:21], ~N[2025-09-11 20:25:21]]
14:25:21.811 [debug] QUERY OK source="api_keys" db=0.0ms
INSERT INTO "api_keys" ("active","name","permissions","key","customer_id","inserted_at","updated_at") VALUES ($1,$2,$3,$4,$5,$6,$7) RETURNING "id" [true, "Production", [], "rsolv_UZAs3YcIXgvhNhK9odh6HUJMJDPIhWgqUXSvVpVc4jg", 72084, ~U[2025-09-11 20:25:21Z], ~U[2025-09-11 20:25:21Z]]
14:25:21.811 [debug] QUERY OK source="api_keys" db=0.0ms
INSERT INTO "api_keys" ("active","name","permissions","key","customer_id","inserted_at","updated_at") VALUES ($1,$2,$3,$4,$5,$6,$7) RETURNING "id" [true, "Development", [], "rsolv_r94LBrt72p8av49Dn_8iDs_daW_zAKQP5Vg8I5wp2Zo", 72084, ~U[2025-09-11 20:25:21Z], ~U[2025-09-11 20:25:21Z]]
14:25:21.811 [debug] QUERY OK source="api_keys" db=0.0ms
SELECT a0."id", a0."key", a0."name", a0."permissions", a0."active", a0."last_used_at", a0."expires_at", a0."customer_id", a0."inserted_at", a0."updated_at" FROM "api_keys" AS a0 WHERE ((a0."key" = $1) AND (a0."active" = $2)) ["rsolv_UZAs3YcIXgvhNhK9odh6HUJMJDPIhWgqUXSvVpVc4jg", true]
14:25:21.811 [debug] QUERY OK source="customers" db=0.0ms
SELECT c0."id", c0."name", c0."email", c0."monthly_limit", c0."current_usage", c0."active", c0."metadata", c0."password_hash", c0."is_staff", c0."admin_level", c0."trial_fixes_used", c0."trial_fixes_limit", c0."stripe_customer_id", c0."subscription_plan", c0."subscription_status", c0."rollover_fixes", c0."payment_method_added_at", c0."trial_expired_at", c0."fixes_used_this_month", c0."fixes_quota_this_month", c0."has_payment_method", c0."inserted_at", c0."updated_at" FROM "customers" AS c0 WHERE (c0."id" = $1) [72084]
14:25:21.811 [debug] QUERY OK source="api_keys" db=0.0ms
SELECT a0."id", a0."key", a0."name", a0."permissions", a0."active", a0."last_used_at", a0."expires_at", a0."customer_id", a0."inserted_at", a0."updated_at" FROM "api_keys" AS a0 WHERE ((a0."key" = $1) AND (a0."active" = $2)) ["rsolv_r94LBrt72p8av49Dn_8iDs_daW_zAKQP5Vg8I5wp2Zo", true]
14:25:21.811 [debug] QUERY OK source="customers" db=0.0ms
SELECT c0."id", c0."name", c0."email", c0."monthly_limit", c0."current_usage", c0."active", c0."metadata", c0."password_hash", c0."is_staff", c0."admin_level", c0."trial_fixes_used", c0."trial_fixes_limit", c0."stripe_customer_id", c0."subscription_plan", c0."subscription_status", c0."rollover_fixes", c0."payment_method_added_at", c0."trial_expired_at", c0."fixes_used_this_month", c0."fixes_quota_this_month", c0."has_payment_method", c0."inserted_at", c0."updated_at" FROM "customers" AS c0 WHERE (c0."id" = $1) [72084]
14:25:21.812 [debug] QUERY OK source="api_keys" db=0.0ms
SELECT a0."id", a0."key", a0."name", a0."permissions", a0."active", a0."last_used_at", a0."expires_at", a0."customer_id", a0."inserted_at", a0."updated_at" FROM "api_keys" AS a0 WHERE (a0."customer_id" = $1) ORDER BY a0."inserted_at" DESC [72084]
.......14:25:22.005 [debug] Parser response received
14:25:22.005 [info] AnalysisService: Loaded 12 patterns for python
14:25:22.005 [info] AnalysisService: Found 1 matches
14:25:22.005 [debug] Match confidence: 1.0, min_confidence: 0.4, match: %{type: "python-sql-injection-concat", context: %{node_type: "BinOp", depth: 2, parent_type: "Assign"}, location: %{depth: 2, end_column: 0, end_line: 1, start_line: 1, start_column: 0}, severity: "high", pattern_id: "python-sql-injection-concat", pattern_name: "SQL Injection via String Concatenation", recommendation: "Review this code for potential security issues", confidence: 1.0, pattern_type: :sql_injection, min_confidence: 0.4}
End-to-End Analysis Result: [
  %Rsolv.AST.AnalysisService.Finding{
    patternId: "python-sql-injection-concat",
    patternName: "SQL Injection via String Concatenation",
    type: "python-sql-injection-concat",
    severity: "high",
    location: %{endColumn: 0, endLine: 1, startColumn: 0, startLine: 1},
    encryptedSnippet: nil,
    confidence: 1.0,
    context: %{
      framework: nil,
      hasValidation: false,
      inTestFile: false,
      nodeType: "BinOp",
      parentNodeType: "Assign",
      usesOrm: false,
      usesSecurePattern: false
    },
    recommendation: "Review this code for potential security issues",
    references: %{}
  }
]
.14:25:22.007 [info] Cleaning up 0 expired sessions
SQL Injection Pattern: %Rsolv.Security.Pattern{
  id: "python-sql-injection-concat",
  name: "SQL Injection via String Concatenation",
  description: "Using string concatenation (+) in SQL queries can lead to SQL injection",
  type: :sql_injection,
  severity: :high,
  languages: ["python"],
  frameworks: nil,
  regex: ~r/\n        # Direct execute with string concatenation\n        \.execute\s*\([^)]*["'].*\+|\n        # String concatenation used in execute call\n        ["'].*\+.*["'].*\.execute|\n        # SQL variable assignment with concatenation  \n        (query|sql|cmd|statement)\s*=\s*.*["'].*\+|\n        # SQL concatenation in parentheses\n        \(["'].*\+.*["']\)\n      /ix,
  cwe_id: "CWE-89",
  owasp_category: "A03:2021",
  recommendation: "Use parameterized queries: cursor.execute('SELECT * FROM users WHERE id = %s', (user_id,))",
  test_cases: %{
    safe: ["cursor.execute(\"SELECT * FROM users WHERE id = %s\", (user_id,))",
     "db.execute(\"DELETE FROM posts WHERE author = ?\", [username])",
     "message = \"Hello \" + username + \"!\"",
     "url = base_url + \"/api/users/\" + user_id"],
    vulnerable: ["cursor.execute(\"SELECT * FROM users WHERE id = \" + user_id)",
     "db.execute(\"DELETE FROM posts WHERE author = '\" + username + \"'\")",
     "conn.execute(\"UPDATE users SET status = '\" + status + \"' WHERE id = \" + str(id))",
     "query = \"SELECT * FROM users WHERE id = \" + user_id; cursor.execute(query)"]
  },
  file_targeting: nil
}
AST Enhancement: %{
  min_confidence: 0.4,
  ast_rules: %{
    node_type: "BinOp",
    op: "Add",
    sql_context: %{contains_sql_pattern: true, left_or_right_is_string: true}
  },
  confidence_rules: %{
    base: 0.5,
    adjustments: %{
      "has_parameterized_query_nearby" => -0.3,
      "has_sql_keywords" => 0.3,
      "has_user_input" => 0.2,
      "in_database_method_call" => 0.3,
      "in_test_code" => -1.0,
      "is_file_path" => -0.4,
      "is_logging_statement" => -0.5,
      "is_url_construction" => -0.4,
      "uses_plus_operator" => 0.1
    }
  },
  context_rules: %{
    exclude_paths: [~r/test/, ~r/spec/, ~r/__tests__/, ~r/migrations/],
    exclude_if_parameterized: true,
    safe_patterns: ["logging", "print", "format", "message", "url", "path",
     "filename"],
    check_variable_assignment: true,
    database_methods: ["execute", "executemany", "executescript"],
    sql_keywords: ["SELECT", "INSERT", "UPDATE", "DELETE", "FROM", "WHERE",
     "JOIN", "UNION"]
  }
}
Expected AST Rules: %{
  node_type: "BinOp",
  op: "Add",
  sql_context: %{contains_sql_pattern: true, left_or_right_is_string: true}
}
Pattern Expected Op: "Add"
.14:25:22.007 [info] Cleaning up 0 expired sessions
Pattern Matching Result: [
  %{
    type: "python-sql-injection-concat",
    context: %{node_type: "BinOp", depth: 2, parent_type: "Assign"},
    location: %{
      depth: 2,
      end_column: 0,
      end_line: 1,
      start_line: 1,
      start_column: 0
    },
    severity: "high",
    pattern_id: "python-sql-injection-concat",
    pattern_name: "SQL Injection via String Concatenation",
    recommendation: "Review this code for potential security issues",
    confidence: 1.0,
    pattern_type: :sql_injection,
    min_confidence: 0.4
  }
]
.14:25:22.008 [info] Cleaning up 0 expired sessions
14:25:22.034 [debug] Parser response received
Raw Python AST: %{
  "body" => [
    %{
      "_col_offset" => 0,
      "_end_col_offset" => 51,
      "_end_lineno" => 1,
      "_lineno" => 1,
      "targets" => [
        %{
          "_col_offset" => 0,
          "_end_col_offset" => 5,
          "_end_lineno" => 1,
          "_lineno" => 1,
          "ctx" => %{"type" => "Store"},
          "id" => "query",
          "type" => "Name"
        }
      ],
      "type" => "Assign",
      "type_comment" => nil,
      "value" => %{
        "_col_offset" => 8,
        "_end_col_offset" => 51,
        "_end_lineno" => 1,
        "_lineno" => 1,
        "left" => %{
          "_col_offset" => 8,
          "_end_col_offset" => 41,
          "_end_lineno" => 1,
          "_lineno" => 1,
          "kind" => nil,
          "type" => "Constant",
          "value" => "SELECT * FROM users WHERE id = "
        },
        "op" => %{"type" => "Add"},
        "right" => %{
          "_col_offset" => 44,
          "_end_col_offset" => 51,
          "_end_lineno" => 1,
          "_lineno" => 1,
          "ctx" => %{"type" => "Load"},
          "id" => "user_id",
          "type" => "Name"
        },
        "type" => "BinOp"
      }
    }
  ],
  "type" => "Module",
  "type_ignores" => []
}
Python AST Operator Structure: %{"type" => "Add"}
14:25:22.034 [debug] Terminated parser e9d1d66c733e97bbc20d745a888c0fd3 for session a64584f8d7d2c818bee04409d8c545cd/python
14:25:22.034 [debug] Cleaned up python parser for session a64584f8d7d2c818bee04409d8c545cd
14:25:22.034 [debug] Cleaned up javascript parser for session a64584f8d7d2c818bee04409d8c545cd
14:25:22.034 [debug] Cleaned up typescript parser for session a64584f8d7d2c818bee04409d8c545cd
14:25:22.034 [debug] Cleaned up java parser for session a64584f8d7d2c818bee04409d8c545cd
14:25:22.034 [debug] Cleaned up php parser for session a64584f8d7d2c818bee04409d8c545cd
.14:25:22.034 [debug] Cleaned up ruby parser for session a64584f8d7d2c818bee04409d8c545cd
14:25:22.034 [debug] Cleaned up go parser for session a64584f8d7d2c818bee04409d8c545cd
14:25:22.034 [info] Cleaning up 0 expired sessions
Pattern Requirements: %{
  min_confidence: 0.4,
  confidence_rules: %{
    base: 0.5,
    adjustments: %{
      "has_parameterized_query_nearby" => -0.3,
      "has_sql_keywords" => 0.3,
      "has_user_input" => 0.2,
      "in_database_method_call" => 0.3,
      "in_test_code" => -1.0,
      "is_file_path" => -0.4,
      "is_logging_statement" => -0.5,
      "is_url_construction" => -0.4,
      "uses_plus_operator" => 0.1
    }
  },
  context_rules: %{
    exclude_paths: [~r/test/, ~r/spec/, ~r/__tests__/, ~r/migrations/],
    exclude_if_parameterized: true,
    safe_patterns: ["logging", "print", "format", "message", "url", "path",
     "filename"],
    check_variable_assignment: true,
    database_methods: ["execute", "executemany", "executescript"],
    sql_keywords: ["SELECT", "INSERT", "UPDATE", "DELETE", "FROM", "WHERE",
     "JOIN", "UNION"]
  }
}
.14:25:22.034 [info] Cleaning up 0 expired sessions
14:25:22.113 [debug] Parser response received
Raw JavaScript AST: %{
  "_end" => 57,
  "_loc" => %{
    "end" => %{"column" => 57, "line" => 1},
    "start" => %{"column" => 0, "line" => 1}
  },
  "_start" => 0,
  "comments" => [],
  "errors" => [],
  "program" => %{
    "_end" => 57,
    "_loc" => %{
      "end" => %{"column" => 57, "line" => 1},
      "start" => %{"column" => 0, "line" => 1}
    },
    "_start" => 0,
    "body" => [
      %{
        "_end" => 57,
        "_loc" => %{
          "end" => %{"column" => 57, "line" => 1},
          "start" => %{"column" => 0, "line" => 1}
        },
        "_start" => 0,
        "declarations" => [
          %{
            "_end" => 56,
            "_loc" => %{
              "end" => %{"column" => 56, "line" => 1},
              "start" => %{"column" => 6, "line" => 1}
            },
            "_start" => 6,
            "id" => %{
              "_end" => 11,
              "_loc" => %{
                "end" => %{"column" => 11, "line" => 1},
                "start" => %{"column" => 6, "line" => 1}
              },
              "_start" => 6,
              "name" => "query",
              "type" => "Identifier"
            },
            "init" => %{
              "_end" => 56,
              "_loc" => %{
                "end" => %{"column" => 56, "line" => 1},
                "start" => %{"column" => 14, "line" => 1}
              },
              "_start" => 14,
              "left" => %{
                "_end" => 47,
                "_loc" => %{
                  "end" => %{"column" => 47, "line" => 1},
                  "start" => %{"column" => 14, "line" => 1}
                },
                "_start" => 14,
                "extra" => %{
                  "raw" => "\"SELECT * FROM users WHERE id = \"",
                  "rawValue" => "SELECT * FROM users WHERE id = "
                },
                "type" => "StringLiteral",
                "value" => "SELECT * FROM users WHERE id = "
              },
              "operator" => "+",
              "right" => %{
                "_end" => 56,
                "_loc" => %{
                  "end" => %{"column" => 56, "line" => 1},
                  "start" => %{"column" => 50, "line" => 1}
                },
                "_start" => 50,
                "name" => "userId",
                "type" => "Identifier"
              },
              "type" => "BinaryExpression"
            },
            "type" => "VariableDeclarator"
          }
        ],
        "kind" => "const",
        "type" => "VariableDeclaration"
      }
    ],
    "directives" => [],
    "extra" => %{"topLevelAwait" => false},
    "interpreter" => nil,
    "sourceType" => "module",
    "type" => "Program"
  },
  "type" => "File"
}
JavaScript AST Operator: "+"
14:25:22.114 [debug] Cleaned up python parser for session 9c53156f5c5da5b27111d583b31417c7
14:25:22.114 [debug] Terminated parser da92b5a2bc921954c5c9b3e5ad7a9deb for session 9c53156f5c5da5b27111d583b31417c7/javascript
14:25:22.114 [debug] Cleaned up javascript parser for session 9c53156f5c5da5b27111d583b31417c7
14:25:22.114 [debug] Cleaned up typescript parser for session 9c53156f5c5da5b27111d583b31417c7
14:25:22.114 [debug] Cleaned up java parser for session 9c53156f5c5da5b27111d583b31417c7
14:25:22.114 [debug] Cleaned up php parser for session 9c53156f5c5da5b27111d583b31417c7
14:25:22.114 [debug] Cleaned up ruby parser for session 9c53156f5c5da5b27111d583b31417c7
14:25:22.114 [debug] Cleaned up go parser for session 9c53156f5c5da5b27111d583b31417c7
.14:25:22.114 [info] Cleaning up 0 expired sessions
Number of Python patterns loaded: 12
Loaded SQL Injection Pattern: %Rsolv.Security.Pattern{
  id: "python-sql-injection-concat",
  name: "SQL Injection via String Concatenation",
  description: "Using string concatenation (+) in SQL queries can lead to SQL injection",
  type: :sql_injection,
  severity: :high,
  languages: ["python"],
  frameworks: nil,
  regex: ~r/\n        # Direct execute with string concatenation\n        \.execute\s*\([^)]*["'].*\+|\n        # String concatenation used in execute call\n        ["'].*\+.*["'].*\.execute|\n        # SQL variable assignment with concatenation  \n        (query|sql|cmd|statement)\s*=\s*.*["'].*\+|\n        # SQL concatenation in parentheses\n        \(["'].*\+.*["']\)\n      /ix,
  cwe_id: "CWE-89",
  owasp_category: "A03:2021",
  recommendation: "Use parameterized queries: cursor.execute('SELECT * FROM users WHERE id = %s', (user_id,))",
  test_cases: %{
    safe: ["cursor.execute(\"SELECT * FROM users WHERE id = %s\", (user_id,))",
     "db.execute(\"DELETE FROM posts WHERE author = ?\", [username])",
     "message = \"Hello \" + username + \"!\"",
     "url = base_url + \"/api/users/\" + user_id"],
    vulnerable: ["cursor.execute(\"SELECT * FROM users WHERE id = \" + user_id)",
     "db.execute(\"DELETE FROM posts WHERE author = '\" + username + \"'\")",
     "conn.execute(\"UPDATE users SET status = '\" + status + \"' WHERE id = \" + str(id))",
     "query = \"SELECT * FROM users WHERE id = \" + user_id; cursor.execute(query)"]
  },
  file_targeting: nil
}
.14:25:22.116 [info] Cleaning up 0 expired sessions
.....................14:25:22.117 request_id=GGRUMI8YGtz3qjUAABgT [info] GET /api/v1/patterns
14:25:22.117 request_id=GGRUMI8YGtz3qjUAABgT [debug] Processing with RsolvWeb.Api.V1.PatternController.index/2
  Parameters: %{"format" => "standard", "language" => "javascript"}
  Pipelines: [:api]
14:25:22.117 request_id=GGRUMI8YGtz3qjUAABgT [info] Pattern API called with params: %{"format" => "standard", "language" => "javascript"}
14:25:22.117 request_id=GGRUMI8YGtz3qjUAABgT [info] Language: javascript, Format: standard
14:25:22.117 request_id=GGRUMI8YGtz3qjUAABgT [info] API key status: :none
14:25:22.117 request_id=GGRUMI8YGtz3qjUAABgT [info] Getting demo patterns for javascript
14:25:22.117 request_id=GGRUMI8YGtz3qjUAABgT [info] Retrieved 5 patterns
14:25:22.117 request_id=GGRUMI8YGtz3qjUAABgT [debug] Formatting pattern: "js-sql-injection-concat"
14:25:22.117 request_id=GGRUMI8YGtz3qjUAABgT [debug] Formatted pattern keys: ["cweId", "description", "examples", "frameworks", "id", "languages", "name", "owaspCategory", "recommendation", "regex", "regexPatterns", "severity", "supportsAst", "type"]
14:25:22.117 request_id=GGRUMI8YGtz3qjUAABgT [debug] Formatting pattern: "js-xss-innerhtml"
14:25:22.117 request_id=GGRUMI8YGtz3qjUAABgT [debug] Formatted pattern keys: ["cweId", "description", "examples", "frameworks", "id", "languages", "name", "owaspCategory", "recommendation", "regex", "regexPatterns", "severity", "supportsAst", "type"]
14:25:22.117 request_id=GGRUMI8YGtz3qjUAABgT [debug] Formatting pattern: "js-command-injection-exec"
14:25:22.117 request_id=GGRUMI8YGtz3qjUAABgT [debug] Formatted pattern keys: ["cweId", "description", "examples", "frameworks", "id", "languages", "name", "owaspCategory", "recommendation", "regex", "regexPatterns", "severity", "supportsAst", "type"]
14:25:22.117 request_id=GGRUMI8YGtz3qjUAABgT [debug] Formatting pattern: "js-weak-crypto-md5"
14:25:22.117 request_id=GGRUMI8YGtz3qjUAABgT [debug] Formatted pattern keys: ["cweId", "description", "examples", "frameworks", "id", "languages", "name", "owaspCategory", "recommendation", "regex", "regexPatterns", "severity", "supportsAst", "type"]
14:25:22.117 request_id=GGRUMI8YGtz3qjUAABgT [debug] Formatting pattern: "js-hardcoded-secret-api-key"
14:25:22.117 request_id=GGRUMI8YGtz3qjUAABgT [debug] Formatted pattern keys: ["cweId", "description", "examples", "frameworks", "id", "languages", "name", "owaspCategory", "recommendation", "regex", "regexPatterns", "severity", "supportsAst", "type"]
14:25:22.117 request_id=GGRUMI8YGtz3qjUAABgT [info] Sent 200 in 441µs
.14:25:22.118 request_id=GGRUMI8mGs67xrQAACeS [info] GET /api/v1/patterns
14:25:22.118 request_id=GGRUMI8mGs67xrQAACeS [debug] Processing with RsolvWeb.Api.V1.PatternController.index/2
  Parameters: %{"format" => "enhanced", "language" => "javascript"}
  Pipelines: [:api]
14:25:22.118 request_id=GGRUMI8mGs67xrQAACeS [info] Pattern API called with params: %{"format" => "enhanced", "language" => "javascript"}
14:25:22.118 request_id=GGRUMI8mGs67xrQAACeS [info] Language: javascript, Format: enhanced
14:25:22.118 request_id=GGRUMI8mGs67xrQAACeS [info] API key status: :none
14:25:22.118 request_id=GGRUMI8mGs67xrQAACeS [info] Getting demo patterns for javascript
14:25:22.118 request_id=GGRUMI8mGs67xrQAACeS [info] Retrieved 5 patterns
14:25:22.118 request_id=GGRUMI8mGs67xrQAACeS [debug] Formatting pattern: "js-sql-injection-concat"
14:25:22.118 request_id=GGRUMI8mGs67xrQAACeS [debug] Formatted pattern keys: ["cweId", "description", "examples", "frameworks", "id", "languages", "name", "owaspCategory", "recommendation", "regex", "regexPatterns", "severity", "supportsAst", "type"]
14:25:22.118 request_id=GGRUMI8mGs67xrQAACeS [debug] Formatting pattern: "js-xss-innerhtml"
14:25:22.118 request_id=GGRUMI8mGs67xrQAACeS [debug] Formatted pattern keys: ["cweId", "description", "examples", "frameworks", "id", "languages", "name", "owaspCategory", "recommendation", "regex", "regexPatterns", "severity", "supportsAst", "type"]
14:25:22.118 request_id=GGRUMI8mGs67xrQAACeS [debug] Formatting pattern: "js-command-injection-exec"
14:25:22.118 request_id=GGRUMI8mGs67xrQAACeS [debug] Formatted pattern keys: ["cweId", "description", "examples", "frameworks", "id", "languages", "name", "owaspCategory", "recommendation", "regex", "regexPatterns", "severity", "supportsAst", "type"]
14:25:22.118 request_id=GGRUMI8mGs67xrQAACeS [debug] Formatting pattern: "js-weak-crypto-md5"
14:25:22.118 request_id=GGRUMI8mGs67xrQAACeS [debug] Formatted pattern keys: ["cweId", "description", "examples", "frameworks", "id", "languages", "name", "owaspCategory", "recommendation", "regex", "regexPatterns", "severity", "supportsAst", "type"]
14:25:22.118 request_id=GGRUMI8mGs67xrQAACeS [debug] Formatting pattern: "js-hardcoded-secret-api-key"
14:25:22.118 request_id=GGRUMI8mGs67xrQAACeS [debug] Formatted pattern keys: ["cweId", "description", "examples", "frameworks", "id", "languages", "name", "owaspCategory", "recommendation", "regex", "regexPatterns", "severity", "supportsAst", "type"]
14:25:22.118 request_id=GGRUMI8mGs67xrQAACeS [info] Sent 200 in 525µs
..................14:25:22.120 [debug] QUERY OK source="customers" db=0.2ms queue=0.2ms
INSERT INTO "customers" ("active","name","metadata","email","is_staff","subscription_plan","monthly_limit","current_usage","fixes_quota_this_month","fixes_used_this_month","has_payment_method","rollover_fixes","subscription_status","trial_fixes_limit","trial_fixes_used","inserted_at","updated_at") VALUES ($1,$2,$3,$4,$5,$6,$7,$8,$9,$10,$11,$12,$13,$14,$15,$16,$17) RETURNING "id" [true, "Test Customer 25730", %{}, "test25730@example.com", false, "trial", 100, 0, 0, 0, false, 0, "active", 5, 0, ~N[2025-09-11 20:25:22], ~N[2025-09-11 20:25:22]]
14:25:22.120 [debug] QUERY OK source="forge_accounts" db=0.4ms
INSERT INTO "forge_accounts" ("metadata","namespace","customer_id","forge_type","verified_at","inserted_at","updated_at") VALUES ($1,$2,$3,$4,$5,$6,$7) RETURNING "id" [%{}, "test-org-25730", 72085, :github, ~U[2025-09-11 20:25:22.120292Z], ~U[2025-09-11 20:25:22.120304Z], ~U[2025-09-11 20:25:22.120304Z]]
14:25:22.121 [debug] QUERY OK source="cached_validations" db=0.3ms queue=0.2ms
INSERT INTO "cached_validations" ("reason","cache_key","repository","confidence","forge_account_id","locations","vulnerability_type","file_hashes","is_false_positive","ttl_expires_at","cached_at","inserted_at","updated_at") VALUES ($1,$2,$3,$4,$5,$6,$7,$8,$9,$10,$11,$12,$13) ON CONFLICT ("cache_key") DO UPDATE SET "updated_at" = EXCLUDED."updated_at","inserted_at" = EXCLUDED."inserted_at","forge_account_id" = EXCLUDED."forge_account_id","invalidation_reason" = EXCLUDED."invalidation_reason","invalidated_at" = EXCLUDED."invalidated_at","ttl_expires_at" = EXCLUDED."ttl_expires_at","cached_at" = EXCLUDED."cached_at","full_result" = EXCLUDED."full_result","reason" = EXCLUDED."reason","confidence" = EXCLUDED."confidence","is_false_positive" = EXCLUDED."is_false_positive","file_hashes" = EXCLUDED."file_hashes","locations" = EXCLUDED."locations","vulnerability_type" = EXCLUDED."vulnerability_type","repository" = EXCLUDED."repository","cache_key" = EXCLUDED."cache_key" RETURNING "id","updated_at","inserted_at","forge_account_id","invalidation_reason","invalidated_at","ttl_expires_at","cached_at","full_result","reason","confidence","is_false_positive","file_hashes","locations","vulnerability_type","repository","cache_key" ["Bulk test 1", "56655/RSOLV-dev/large-repo/[file1.js:1]:xss", "RSOLV-dev/large-repo", Decimal.new("0.9"), 56655, [%{line: 1, file_path: "file1.js"}], "xss", %{"file1.js" => "sha256:1"}, true, ~U[2025-12-10 20:25:22.120893Z], ~U[2025-09-11 20:25:22.120893Z], ~U[2025-09-11 20:25:22.120979Z], ~U[2025-09-11 20:25:22.120979Z]]
14:25:22.121 [debug] Cached validation stored
14:25:22.122 [debug] QUERY OK source="cached_validations" db=0.2ms
INSERT INTO "cached_validations" ("reason","cache_key","repository","confidence","forge_account_id","locations","vulnerability_type","file_hashes","is_false_positive","ttl_expires_at","cached_at","inserted_at","updated_at") VALUES ($1,$2,$3,$4,$5,$6,$7,$8,$9,$10,$11,$12,$13) ON CONFLICT ("cache_key") DO UPDATE SET "updated_at" = EXCLUDED."updated_at","inserted_at" = EXCLUDED."inserted_at","forge_account_id" = EXCLUDED."forge_account_id","invalidation_reason" = EXCLUDED."invalidation_reason","invalidated_at" = EXCLUDED."invalidated_at","ttl_expires_at" = EXCLUDED."ttl_expires_at","cached_at" = EXCLUDED."cached_at","full_result" = EXCLUDED."full_result","reason" = EXCLUDED."reason","confidence" = EXCLUDED."confidence","is_false_positive" = EXCLUDED."is_false_positive","file_hashes" = EXCLUDED."file_hashes","locations" = EXCLUDED."locations","vulnerability_type" = EXCLUDED."vulnerability_type","repository" = EXCLUDED."repository","cache_key" = EXCLUDED."cache_key" RETURNING "id","updated_at","inserted_at","forge_account_id","invalidation_reason","invalidated_at","ttl_expires_at","cached_at","full_result","reason","confidence","is_false_positive","file_hashes","locations","vulnerability_type","repository","cache_key" ["Bulk test 2", "56655/RSOLV-dev/large-repo/[file2.js:2]:xss", "RSOLV-dev/large-repo", Decimal.new("0.9"), 56655, [%{line: 2, file_path: "file2.js"}], "xss", %{"file2.js" => "sha256:2"}, true, ~U[2025-12-10 20:25:22.121700Z], ~U[2025-09-11 20:25:22.121700Z], ~U[2025-09-11 20:25:22.121764Z], ~U[2025-09-11 20:25:22.121764Z]]
14:25:22.122 [debug] Cached validation stored
14:25:22.122 [debug] QUERY OK source="cached_validations" db=0.2ms
INSERT INTO "cached_validations" ("reason","cache_key","repository","confidence","forge_account_id","locations","vulnerability_type","file_hashes","is_false_positive","ttl_expires_at","cached_at","inserted_at","updated_at") VALUES ($1,$2,$3,$4,$5,$6,$7,$8,$9,$10,$11,$12,$13) ON CONFLICT ("cache_key") DO UPDATE SET "updated_at" = EXCLUDED."updated_at","inserted_at" = EXCLUDED."inserted_at","forge_account_id" = EXCLUDED."forge_account_id","invalidation_reason" = EXCLUDED."invalidation_reason","invalidated_at" = EXCLUDED."invalidated_at","ttl_expires_at" = EXCLUDED."ttl_expires_at","cached_at" = EXCLUDED."cached_at","full_result" = EXCLUDED."full_result","reason" = EXCLUDED."reason","confidence" = EXCLUDED."confidence","is_false_positive" = EXCLUDED."is_false_positive","file_hashes" = EXCLUDED."file_hashes","locations" = EXCLUDED."locations","vulnerability_type" = EXCLUDED."vulnerability_type","repository" = EXCLUDED."repository","cache_key" = EXCLUDED."cache_key" RETURNING "id","updated_at","inserted_at","forge_account_id","invalidation_reason","invalidated_at","ttl_expires_at","cached_at","full_result","reason","confidence","is_false_positive","file_hashes","locations","vulnerability_type","repository","cache_key" ["Bulk test 3", "56655/RSOLV-dev/large-repo/[file3.js:3]:xss", "RSOLV-dev/large-repo", Decimal.new("0.9"), 56655, [%{line: 3, file_path: "file3.js"}], "xss", %{"file3.js" => "sha256:3"}, true, ~U[2025-12-10 20:25:22.122174Z], ~U[2025-09-11 20:25:22.122174Z], ~U[2025-09-11 20:25:22.122215Z], ~U[2025-09-11 20:25:22.122215Z]]
14:25:22.122 [debug] Cached validation stored
14:25:22.122 [debug] QUERY OK source="cached_validations" db=0.1ms
INSERT INTO "cached_validations" ("reason","cache_key","repository","confidence","forge_account_id","locations","vulnerability_type","file_hashes","is_false_positive","ttl_expires_at","cached_at","inserted_at","updated_at") VALUES ($1,$2,$3,$4,$5,$6,$7,$8,$9,$10,$11,$12,$13) ON CONFLICT ("cache_key") DO UPDATE SET "updated_at" = EXCLUDED."updated_at","inserted_at" = EXCLUDED."inserted_at","forge_account_id" = EXCLUDED."forge_account_id","invalidation_reason" = EXCLUDED."invalidation_reason","invalidated_at" = EXCLUDED."invalidated_at","ttl_expires_at" = EXCLUDED."ttl_expires_at","cached_at" = EXCLUDED."cached_at","full_result" = EXCLUDED."full_result","reason" = EXCLUDED."reason","confidence" = EXCLUDED."confidence","is_false_positive" = EXCLUDED."is_false_positive","file_hashes" = EXCLUDED."file_hashes","locations" = EXCLUDED."locations","vulnerability_type" = EXCLUDED."vulnerability_type","repository" = EXCLUDED."repository","cache_key" = EXCLUDED."cache_key" RETURNING "id","updated_at","inserted_at","forge_account_id","invalidation_reason","invalidated_at","ttl_expires_at","cached_at","full_result","reason","confidence","is_false_positive","file_hashes","locations","vulnerability_type","repository","cache_key" ["Bulk test 4", "56655/RSOLV-dev/large-repo/[file4.js:4]:xss", "RSOLV-dev/large-repo", Decimal.new("0.9"), 56655, [%{line: 4, file_path: "file4.js"}], "xss", %{"file4.js" => "sha256:4"}, true, ~U[2025-12-10 20:25:22.122585Z], ~U[2025-09-11 20:25:22.122585Z], ~U[2025-09-11 20:25:22.122651Z], ~U[2025-09-11 20:25:22.122651Z]]
14:25:22.122 [debug] Cached validation stored
14:25:22.123 [debug] QUERY OK source="cached_validations" db=0.1ms
INSERT INTO "cached_validations" ("reason","cache_key","repository","confidence","forge_account_id","locations","vulnerability_type","file_hashes","is_false_positive","ttl_expires_at","cached_at","inserted_at","updated_at") VALUES ($1,$2,$3,$4,$5,$6,$7,$8,$9,$10,$11,$12,$13) ON CONFLICT ("cache_key") DO UPDATE SET "updated_at" = EXCLUDED."updated_at","inserted_at" = EXCLUDED."inserted_at","forge_account_id" = EXCLUDED."forge_account_id","invalidation_reason" = EXCLUDED."invalidation_reason","invalidated_at" = EXCLUDED."invalidated_at","ttl_expires_at" = EXCLUDED."ttl_expires_at","cached_at" = EXCLUDED."cached_at","full_result" = EXCLUDED."full_result","reason" = EXCLUDED."reason","confidence" = EXCLUDED."confidence","is_false_positive" = EXCLUDED."is_false_positive","file_hashes" = EXCLUDED."file_hashes","locations" = EXCLUDED."locations","vulnerability_type" = EXCLUDED."vulnerability_type","repository" = EXCLUDED."repository","cache_key" = EXCLUDED."cache_key" RETURNING "id","updated_at","inserted_at","forge_account_id","invalidation_reason","invalidated_at","ttl_expires_at","cached_at","full_result","reason","confidence","is_false_positive","file_hashes","locations","vulnerability_type","repository","cache_key" ["Bulk test 5", "56655/RSOLV-dev/large-repo/[file5.js:5]:xss", "RSOLV-dev/large-repo", Decimal.new("0.9"), 56655, [%{line: 5, file_path: "file5.js"}], "xss", %{"file5.js" => "sha256:5"}, true, ~U[2025-12-10 20:25:22.122976Z], ~U[2025-09-11 20:25:22.122976Z], ~U[2025-09-11 20:25:22.123024Z], ~U[2025-09-11 20:25:22.123024Z]]
14:25:22.123 [debug] Cached validation stored
14:25:22.123 [debug] QUERY OK source="cached_validations" db=0.2ms
INSERT INTO "cached_validations" ("reason","cache_key","repository","confidence","forge_account_id","locations","vulnerability_type","file_hashes","is_false_positive","ttl_expires_at","cached_at","inserted_at","updated_at") VALUES ($1,$2,$3,$4,$5,$6,$7,$8,$9,$10,$11,$12,$13) ON CONFLICT ("cache_key") DO UPDATE SET "updated_at" = EXCLUDED."updated_at","inserted_at" = EXCLUDED."inserted_at","forge_account_id" = EXCLUDED."forge_account_id","invalidation_reason" = EXCLUDED."invalidation_reason","invalidated_at" = EXCLUDED."invalidated_at","ttl_expires_at" = EXCLUDED."ttl_expires_at","cached_at" = EXCLUDED."cached_at","full_result" = EXCLUDED."full_result","reason" = EXCLUDED."reason","confidence" = EXCLUDED."confidence","is_false_positive" = EXCLUDED."is_false_positive","file_hashes" = EXCLUDED."file_hashes","locations" = EXCLUDED."locations","vulnerability_type" = EXCLUDED."vulnerability_type","repository" = EXCLUDED."repository","cache_key" = EXCLUDED."cache_key" RETURNING "id","updated_at","inserted_at","forge_account_id","invalidation_reason","invalidated_at","ttl_expires_at","cached_at","full_result","reason","confidence","is_false_positive","file_hashes","locations","vulnerability_type","repository","cache_key" ["Bulk test 6", "56655/RSOLV-dev/large-repo/[file6.js:6]:xss", "RSOLV-dev/large-repo", Decimal.new("0.9"), 56655, [%{line: 6, file_path: "file6.js"}], "xss", %{"file6.js" => "sha256:6"}, true, ~U[2025-12-10 20:25:22.123301Z], ~U[2025-09-11 20:25:22.123301Z], ~U[2025-09-11 20:25:22.123338Z], ~U[2025-09-11 20:25:22.123338Z]]
14:25:22.123 [debug] Cached validation stored
14:25:22.124 [debug] QUERY OK source="cached_validations" db=0.1ms
INSERT INTO "cached_validations" ("reason","cache_key","repository","confidence","forge_account_id","locations","vulnerability_type","file_hashes","is_false_positive","ttl_expires_at","cached_at","inserted_at","updated_at") VALUES ($1,$2,$3,$4,$5,$6,$7,$8,$9,$10,$11,$12,$13) ON CONFLICT ("cache_key") DO UPDATE SET "updated_at" = EXCLUDED."updated_at","inserted_at" = EXCLUDED."inserted_at","forge_account_id" = EXCLUDED."forge_account_id","invalidation_reason" = EXCLUDED."invalidation_reason","invalidated_at" = EXCLUDED."invalidated_at","ttl_expires_at" = EXCLUDED."ttl_expires_at","cached_at" = EXCLUDED."cached_at","full_result" = EXCLUDED."full_result","reason" = EXCLUDED."reason","confidence" = EXCLUDED."confidence","is_false_positive" = EXCLUDED."is_false_positive","file_hashes" = EXCLUDED."file_hashes","locations" = EXCLUDED."locations","vulnerability_type" = EXCLUDED."vulnerability_type","repository" = EXCLUDED."repository","cache_key" = EXCLUDED."cache_key" RETURNING "id","updated_at","inserted_at","forge_account_id","invalidation_reason","invalidated_at","ttl_expires_at","cached_at","full_result","reason","confidence","is_false_positive","file_hashes","locations","vulnerability_type","repository","cache_key" ["Bulk test 7", "56655/RSOLV-dev/large-repo/[file7.js:7]:xss", "RSOLV-dev/large-repo", Decimal.new("0.9"), 56655, [%{line: 7, file_path: "file7.js"}], "xss", %{"file7.js" => "sha256:7"}, true, ~U[2025-12-10 20:25:22.123715Z], ~U[2025-09-11 20:25:22.123715Z], ~U[2025-09-11 20:25:22.123801Z], ~U[2025-09-11 20:25:22.123801Z]]
14:25:22.124 [debug] Cached validation stored
14:25:22.124 [debug] QUERY OK source="cached_validations" db=0.1ms
INSERT INTO "cached_validations" ("reason","cache_key","repository","confidence","forge_account_id","locations","vulnerability_type","file_hashes","is_false_positive","ttl_expires_at","cached_at","inserted_at","updated_at") VALUES ($1,$2,$3,$4,$5,$6,$7,$8,$9,$10,$11,$12,$13) ON CONFLICT ("cache_key") DO UPDATE SET "updated_at" = EXCLUDED."updated_at","inserted_at" = EXCLUDED."inserted_at","forge_account_id" = EXCLUDED."forge_account_id","invalidation_reason" = EXCLUDED."invalidation_reason","invalidated_at" = EXCLUDED."invalidated_at","ttl_expires_at" = EXCLUDED."ttl_expires_at","cached_at" = EXCLUDED."cached_at","full_result" = EXCLUDED."full_result","reason" = EXCLUDED."reason","confidence" = EXCLUDED."confidence","is_false_positive" = EXCLUDED."is_false_positive","file_hashes" = EXCLUDED."file_hashes","locations" = EXCLUDED."locations","vulnerability_type" = EXCLUDED."vulnerability_type","repository" = EXCLUDED."repository","cache_key" = EXCLUDED."cache_key" RETURNING "id","updated_at","inserted_at","forge_account_id","invalidation_reason","invalidated_at","ttl_expires_at","cached_at","full_result","reason","confidence","is_false_positive","file_hashes","locations","vulnerability_type","repository","cache_key" ["Bulk test 8", "56655/RSOLV-dev/large-repo/[file8.js:8]:xss", "RSOLV-dev/large-repo", Decimal.new("0.9"), 56655, [%{line: 8, file_path: "file8.js"}], "xss", %{"file8.js" => "sha256:8"}, true, ~U[2025-12-10 20:25:22.124081Z], ~U[2025-09-11 20:25:22.124081Z], ~U[2025-09-11 20:25:22.124121Z], ~U[2025-09-11 20:25:22.124121Z]]
14:25:22.124 [debug] Cached validation stored
14:25:22.124 [debug] QUERY OK source="cached_validations" db=0.1ms
INSERT INTO "cached_validations" ("reason","cache_key","repository","confidence","forge_account_id","locations","vulnerability_type","file_hashes","is_false_positive","ttl_expires_at","cached_at","inserted_at","updated_at") VALUES ($1,$2,$3,$4,$5,$6,$7,$8,$9,$10,$11,$12,$13) ON CONFLICT ("cache_key") DO UPDATE SET "updated_at" = EXCLUDED."updated_at","inserted_at" = EXCLUDED."inserted_at","forge_account_id" = EXCLUDED."forge_account_id","invalidation_reason" = EXCLUDED."invalidation_reason","invalidated_at" = EXCLUDED."invalidated_at","ttl_expires_at" = EXCLUDED."ttl_expires_at","cached_at" = EXCLUDED."cached_at","full_result" = EXCLUDED."full_result","reason" = EXCLUDED."reason","confidence" = EXCLUDED."confidence","is_false_positive" = EXCLUDED."is_false_positive","file_hashes" = EXCLUDED."file_hashes","locations" = EXCLUDED."locations","vulnerability_type" = EXCLUDED."vulnerability_type","repository" = EXCLUDED."repository","cache_key" = EXCLUDED."cache_key" RETURNING "id","updated_at","inserted_at","forge_account_id","invalidation_reason","invalidated_at","ttl_expires_at","cached_at","full_result","reason","confidence","is_false_positive","file_hashes","locations","vulnerability_type","repository","cache_key" ["Bulk test 9", "56655/RSOLV-dev/large-repo/[file9.js:9]:xss", "RSOLV-dev/large-repo", Decimal.new("0.9"), 56655, [%{line: 9, file_path: "file9.js"}], "xss", %{"file9.js" => "sha256:9"}, true, ~U[2025-12-10 20:25:22.124374Z], ~U[2025-09-11 20:25:22.124374Z], ~U[2025-09-11 20:25:22.124421Z], ~U[2025-09-11 20:25:22.124421Z]]
14:25:22.124 [debug] Cached validation stored
14:25:22.124 [debug] QUERY OK source="cached_validations" db=0.1ms
INSERT INTO "cached_validations" ("reason","cache_key","repository","confidence","forge_account_id","locations","vulnerability_type","file_hashes","is_false_positive","ttl_expires_at","cached_at","inserted_at","updated_at") VALUES ($1,$2,$3,$4,$5,$6,$7,$8,$9,$10,$11,$12,$13) ON CONFLICT ("cache_key") DO UPDATE SET "updated_at" = EXCLUDED."updated_at","inserted_at" = EXCLUDED."inserted_at","forge_account_id" = EXCLUDED."forge_account_id","invalidation_reason" = EXCLUDED."invalidation_reason","invalidated_at" = EXCLUDED."invalidated_at","ttl_expires_at" = EXCLUDED."ttl_expires_at","cached_at" = EXCLUDED."cached_at","full_result" = EXCLUDED."full_result","reason" = EXCLUDED."reason","confidence" = EXCLUDED."confidence","is_false_positive" = EXCLUDED."is_false_positive","file_hashes" = EXCLUDED."file_hashes","locations" = EXCLUDED."locations","vulnerability_type" = EXCLUDED."vulnerability_type","repository" = EXCLUDED."repository","cache_key" = EXCLUDED."cache_key" RETURNING "id","updated_at","inserted_at","forge_account_id","invalidation_reason","invalidated_at","ttl_expires_at","cached_at","full_result","reason","confidence","is_false_positive","file_hashes","locations","vulnerability_type","repository","cache_key" ["Bulk test 10", "56655/RSOLV-dev/large-repo/[file10.js:10]:xss", "RSOLV-dev/large-repo", Decimal.new("0.9"), 56655, [%{line: 10, file_path: "file10.js"}], "xss", %{"file10.js" => "sha256:10"}, true, ~U[2025-12-10 20:25:22.124649Z], ~U[2025-09-11 20:25:22.124649Z], ~U[2025-09-11 20:25:22.124695Z], ~U[2025-09-11 20:25:22.124695Z]]
14:25:22.124 [debug] Cached validation stored
14:25:22.125 [debug] QUERY OK source="cached_validations" db=0.1ms
INSERT INTO "cached_validations" ("reason","cache_key","repository","confidence","forge_account_id","locations","vulnerability_type","file_hashes","is_false_positive","ttl_expires_at","cached_at","inserted_at","updated_at") VALUES ($1,$2,$3,$4,$5,$6,$7,$8,$9,$10,$11,$12,$13) ON CONFLICT ("cache_key") DO UPDATE SET "updated_at" = EXCLUDED."updated_at","inserted_at" = EXCLUDED."inserted_at","forge_account_id" = EXCLUDED."forge_account_id","invalidation_reason" = EXCLUDED."invalidation_reason","invalidated_at" = EXCLUDED."invalidated_at","ttl_expires_at" = EXCLUDED."ttl_expires_at","cached_at" = EXCLUDED."cached_at","full_result" = EXCLUDED."full_result","reason" = EXCLUDED."reason","confidence" = EXCLUDED."confidence","is_false_positive" = EXCLUDED."is_false_positive","file_hashes" = EXCLUDED."file_hashes","locations" = EXCLUDED."locations","vulnerability_type" = EXCLUDED."vulnerability_type","repository" = EXCLUDED."repository","cache_key" = EXCLUDED."cache_key" RETURNING "id","updated_at","inserted_at","forge_account_id","invalidation_reason","invalidated_at","ttl_expires_at","cached_at","full_result","reason","confidence","is_false_positive","file_hashes","locations","vulnerability_type","repository","cache_key" ["Bulk test 11", "56655/RSOLV-dev/large-repo/[file11.js:11]:xss", "RSOLV-dev/large-repo", Decimal.new("0.9"), 56655, [%{line: 11, file_path: "file11.js"}], "xss", %{"file11.js" => "sha256:11"}, true, ~U[2025-12-10 20:25:22.124942Z], ~U[2025-09-11 20:25:22.124942Z], ~U[2025-09-11 20:25:22.124980Z], ~U[2025-09-11 20:25:22.124980Z]]
14:25:22.125 [debug] Cached validation stored
14:25:22.125 [debug] QUERY OK source="cached_validations" db=0.1ms
INSERT INTO "cached_validations" ("reason","cache_key","repository","confidence","forge_account_id","locations","vulnerability_type","file_hashes","is_false_positive","ttl_expires_at","cached_at","inserted_at","updated_at") VALUES ($1,$2,$3,$4,$5,$6,$7,$8,$9,$10,$11,$12,$13) ON CONFLICT ("cache_key") DO UPDATE SET "updated_at" = EXCLUDED."updated_at","inserted_at" = EXCLUDED."inserted_at","forge_account_id" = EXCLUDED."forge_account_id","invalidation_reason" = EXCLUDED."invalidation_reason","invalidated_at" = EXCLUDED."invalidated_at","ttl_expires_at" = EXCLUDED."ttl_expires_at","cached_at" = EXCLUDED."cached_at","full_result" = EXCLUDED."full_result","reason" = EXCLUDED."reason","confidence" = EXCLUDED."confidence","is_false_positive" = EXCLUDED."is_false_positive","file_hashes" = EXCLUDED."file_hashes","locations" = EXCLUDED."locations","vulnerability_type" = EXCLUDED."vulnerability_type","repository" = EXCLUDED."repository","cache_key" = EXCLUDED."cache_key" RETURNING "id","updated_at","inserted_at","forge_account_id","invalidation_reason","invalidated_at","ttl_expires_at","cached_at","full_result","reason","confidence","is_false_positive","file_hashes","locations","vulnerability_type","repository","cache_key" ["Bulk test 12", "56655/RSOLV-dev/large-repo/[file12.js:12]:xss", "RSOLV-dev/large-repo", Decimal.new("0.9"), 56655, [%{line: 12, file_path: "file12.js"}], "xss", %{"file12.js" => "sha256:12"}, true, ~U[2025-12-10 20:25:22.125281Z], ~U[2025-09-11 20:25:22.125281Z], ~U[2025-09-11 20:25:22.125335Z], ~U[2025-09-11 20:25:22.125335Z]]
14:25:22.125 [debug] Cached validation stored
14:25:22.125 [debug] QUERY OK source="cached_validations" db=0.1ms
INSERT INTO "cached_validations" ("reason","cache_key","repository","confidence","forge_account_id","locations","vulnerability_type","file_hashes","is_false_positive","ttl_expires_at","cached_at","inserted_at","updated_at") VALUES ($1,$2,$3,$4,$5,$6,$7,$8,$9,$10,$11,$12,$13) ON CONFLICT ("cache_key") DO UPDATE SET "updated_at" = EXCLUDED."updated_at","inserted_at" = EXCLUDED."inserted_at","forge_account_id" = EXCLUDED."forge_account_id","invalidation_reason" = EXCLUDED."invalidation_reason","invalidated_at" = EXCLUDED."invalidated_at","ttl_expires_at" = EXCLUDED."ttl_expires_at","cached_at" = EXCLUDED."cached_at","full_result" = EXCLUDED."full_result","reason" = EXCLUDED."reason","confidence" = EXCLUDED."confidence","is_false_positive" = EXCLUDED."is_false_positive","file_hashes" = EXCLUDED."file_hashes","locations" = EXCLUDED."locations","vulnerability_type" = EXCLUDED."vulnerability_type","repository" = EXCLUDED."repository","cache_key" = EXCLUDED."cache_key" RETURNING "id","updated_at","inserted_at","forge_account_id","invalidation_reason","invalidated_at","ttl_expires_at","cached_at","full_result","reason","confidence","is_false_positive","file_hashes","locations","vulnerability_type","repository","cache_key" ["Bulk test 13", "56655/RSOLV-dev/large-repo/[file13.js:13]:xss", "RSOLV-dev/large-repo", Decimal.new("0.9"), 56655, [%{line: 13, file_path: "file13.js"}], "xss", %{"file13.js" => "sha256:13"}, true, ~U[2025-12-10 20:25:22.125603Z], ~U[2025-09-11 20:25:22.125603Z], ~U[2025-09-11 20:25:22.125642Z], ~U[2025-09-11 20:25:22.125642Z]]
14:25:22.125 [debug] Cached validation stored
14:25:22.126 [debug] QUERY OK source="cached_validations" db=0.1ms
INSERT INTO "cached_validations" ("reason","cache_key","repository","confidence","forge_account_id","locations","vulnerability_type","file_hashes","is_false_positive","ttl_expires_at","cached_at","inserted_at","updated_at") VALUES ($1,$2,$3,$4,$5,$6,$7,$8,$9,$10,$11,$12,$13) ON CONFLICT ("cache_key") DO UPDATE SET "updated_at" = EXCLUDED."updated_at","inserted_at" = EXCLUDED."inserted_at","forge_account_id" = EXCLUDED."forge_account_id","invalidation_reason" = EXCLUDED."invalidation_reason","invalidated_at" = EXCLUDED."invalidated_at","ttl_expires_at" = EXCLUDED."ttl_expires_at","cached_at" = EXCLUDED."cached_at","full_result" = EXCLUDED."full_result","reason" = EXCLUDED."reason","confidence" = EXCLUDED."confidence","is_false_positive" = EXCLUDED."is_false_positive","file_hashes" = EXCLUDED."file_hashes","locations" = EXCLUDED."locations","vulnerability_type" = EXCLUDED."vulnerability_type","repository" = EXCLUDED."repository","cache_key" = EXCLUDED."cache_key" RETURNING "id","updated_at","inserted_at","forge_account_id","invalidation_reason","invalidated_at","ttl_expires_at","cached_at","full_result","reason","confidence","is_false_positive","file_hashes","locations","vulnerability_type","repository","cache_key" ["Bulk test 14", "56655/RSOLV-dev/large-repo/[file14.js:14]:xss", "RSOLV-dev/large-repo", Decimal.new("0.9"), 56655, [%{line: 14, file_path: "file14.js"}], "xss", %{"file14.js" => "sha256:14"}, true, ~U[2025-12-10 20:25:22.125957Z], ~U[2025-09-11 20:25:22.125957Z], ~U[2025-09-11 20:25:22.126009Z], ~U[2025-09-11 20:25:22.126009Z]]
14:25:22.126 [debug] Cached validation stored
14:25:22.126 [debug] QUERY OK source="cached_validations" db=0.1ms
INSERT INTO "cached_validations" ("reason","cache_key","repository","confidence","forge_account_id","locations","vulnerability_type","file_hashes","is_false_positive","ttl_expires_at","cached_at","inserted_at","updated_at") VALUES ($1,$2,$3,$4,$5,$6,$7,$8,$9,$10,$11,$12,$13) ON CONFLICT ("cache_key") DO UPDATE SET "updated_at" = EXCLUDED."updated_at","inserted_at" = EXCLUDED."inserted_at","forge_account_id" = EXCLUDED."forge_account_id","invalidation_reason" = EXCLUDED."invalidation_reason","invalidated_at" = EXCLUDED."invalidated_at","ttl_expires_at" = EXCLUDED."ttl_expires_at","cached_at" = EXCLUDED."cached_at","full_result" = EXCLUDED."full_result","reason" = EXCLUDED."reason","confidence" = EXCLUDED."confidence","is_false_positive" = EXCLUDED."is_false_positive","file_hashes" = EXCLUDED."file_hashes","locations" = EXCLUDED."locations","vulnerability_type" = EXCLUDED."vulnerability_type","repository" = EXCLUDED."repository","cache_key" = EXCLUDED."cache_key" RETURNING "id","updated_at","inserted_at","forge_account_id","invalidation_reason","invalidated_at","ttl_expires_at","cached_at","full_result","reason","confidence","is_false_positive","file_hashes","locations","vulnerability_type","repository","cache_key" ["Bulk test 15", "56655/RSOLV-dev/large-repo/[file15.js:15]:xss", "RSOLV-dev/large-repo", Decimal.new("0.9"), 56655, [%{line: 15, file_path: "file15.js"}], "xss", %{"file15.js" => "sha256:15"}, true, ~U[2025-12-10 20:25:22.126256Z], ~U[2025-09-11 20:25:22.126256Z], ~U[2025-09-11 20:25:22.126302Z], ~U[2025-09-11 20:25:22.126302Z]]
14:25:22.126 [debug] Cached validation stored
14:25:22.126 [debug] QUERY OK source="cached_validations" db=0.1ms
INSERT INTO "cached_validations" ("reason","cache_key","repository","confidence","forge_account_id","locations","vulnerability_type","file_hashes","is_false_positive","ttl_expires_at","cached_at","inserted_at","updated_at") VALUES ($1,$2,$3,$4,$5,$6,$7,$8,$9,$10,$11,$12,$13) ON CONFLICT ("cache_key") DO UPDATE SET "updated_at" = EXCLUDED."updated_at","inserted_at" = EXCLUDED."inserted_at","forge_account_id" = EXCLUDED."forge_account_id","invalidation_reason" = EXCLUDED."invalidation_reason","invalidated_at" = EXCLUDED."invalidated_at","ttl_expires_at" = EXCLUDED."ttl_expires_at","cached_at" = EXCLUDED."cached_at","full_result" = EXCLUDED."full_result","reason" = EXCLUDED."reason","confidence" = EXCLUDED."confidence","is_false_positive" = EXCLUDED."is_false_positive","file_hashes" = EXCLUDED."file_hashes","locations" = EXCLUDED."locations","vulnerability_type" = EXCLUDED."vulnerability_type","repository" = EXCLUDED."repository","cache_key" = EXCLUDED."cache_key" RETURNING "id","updated_at","inserted_at","forge_account_id","invalidation_reason","invalidated_at","ttl_expires_at","cached_at","full_result","reason","confidence","is_false_positive","file_hashes","locations","vulnerability_type","repository","cache_key" ["Bulk test 16", "56655/RSOLV-dev/large-repo/[file16.js:16]:xss", "RSOLV-dev/large-repo", Decimal.new("0.9"), 56655, [%{line: 16, file_path: "file16.js"}], "xss", %{"file16.js" => "sha256:16"}, true, ~U[2025-12-10 20:25:22.126587Z], ~U[2025-09-11 20:25:22.126587Z], ~U[2025-09-11 20:25:22.126629Z], ~U[2025-09-11 20:25:22.126629Z]]
14:25:22.126 [debug] Cached validation stored
14:25:22.127 [debug] QUERY OK source="cached_validations" db=0.1ms
INSERT INTO "cached_validations" ("reason","cache_key","repository","confidence","forge_account_id","locations","vulnerability_type","file_hashes","is_false_positive","ttl_expires_at","cached_at","inserted_at","updated_at") VALUES ($1,$2,$3,$4,$5,$6,$7,$8,$9,$10,$11,$12,$13) ON CONFLICT ("cache_key") DO UPDATE SET "updated_at" = EXCLUDED."updated_at","inserted_at" = EXCLUDED."inserted_at","forge_account_id" = EXCLUDED."forge_account_id","invalidation_reason" = EXCLUDED."invalidation_reason","invalidated_at" = EXCLUDED."invalidated_at","ttl_expires_at" = EXCLUDED."ttl_expires_at","cached_at" = EXCLUDED."cached_at","full_result" = EXCLUDED."full_result","reason" = EXCLUDED."reason","confidence" = EXCLUDED."confidence","is_false_positive" = EXCLUDED."is_false_positive","file_hashes" = EXCLUDED."file_hashes","locations" = EXCLUDED."locations","vulnerability_type" = EXCLUDED."vulnerability_type","repository" = EXCLUDED."repository","cache_key" = EXCLUDED."cache_key" RETURNING "id","updated_at","inserted_at","forge_account_id","invalidation_reason","invalidated_at","ttl_expires_at","cached_at","full_result","reason","confidence","is_false_positive","file_hashes","locations","vulnerability_type","repository","cache_key" ["Bulk test 17", "56655/RSOLV-dev/large-repo/[file17.js:17]:xss", "RSOLV-dev/large-repo", Decimal.new("0.9"), 56655, [%{line: 17, file_path: "file17.js"}], "xss", %{"file17.js" => "sha256:17"}, true, ~U[2025-12-10 20:25:22.126867Z], ~U[2025-09-11 20:25:22.126867Z], ~U[2025-09-11 20:25:22.126907Z], ~U[2025-09-11 20:25:22.126907Z]]
14:25:22.127 [debug] Cached validation stored
14:25:22.127 [debug] QUERY OK source="cached_validations" db=0.1ms
INSERT INTO "cached_validations" ("reason","cache_key","repository","confidence","forge_account_id","locations","vulnerability_type","file_hashes","is_false_positive","ttl_expires_at","cached_at","inserted_at","updated_at") VALUES ($1,$2,$3,$4,$5,$6,$7,$8,$9,$10,$11,$12,$13) ON CONFLICT ("cache_key") DO UPDATE SET "updated_at" = EXCLUDED."updated_at","inserted_at" = EXCLUDED."inserted_at","forge_account_id" = EXCLUDED."forge_account_id","invalidation_reason" = EXCLUDED."invalidation_reason","invalidated_at" = EXCLUDED."invalidated_at","ttl_expires_at" = EXCLUDED."ttl_expires_at","cached_at" = EXCLUDED."cached_at","full_result" = EXCLUDED."full_result","reason" = EXCLUDED."reason","confidence" = EXCLUDED."confidence","is_false_positive" = EXCLUDED."is_false_positive","file_hashes" = EXCLUDED."file_hashes","locations" = EXCLUDED."locations","vulnerability_type" = EXCLUDED."vulnerability_type","repository" = EXCLUDED."repository","cache_key" = EXCLUDED."cache_key" RETURNING "id","updated_at","inserted_at","forge_account_id","invalidation_reason","invalidated_at","ttl_expires_at","cached_at","full_result","reason","confidence","is_false_positive","file_hashes","locations","vulnerability_type","repository","cache_key" ["Bulk test 18", "56655/RSOLV-dev/large-repo/[file18.js:18]:xss", "RSOLV-dev/large-repo", Decimal.new("0.9"), 56655, [%{line: 18, file_path: "file18.js"}], "xss", %{"file18.js" => "sha256:18"}, true, ~U[2025-12-10 20:25:22.127163Z], ~U[2025-09-11 20:25:22.127163Z], ~U[2025-09-11 20:25:22.127206Z], ~U[2025-09-11 20:25:22.127206Z]]
14:25:22.127 [debug] Cached validation stored
14:25:22.127 [debug] QUERY OK source="cached_validations" db=0.1ms
INSERT INTO "cached_validations" ("reason","cache_key","repository","confidence","forge_account_id","locations","vulnerability_type","file_hashes","is_false_positive","ttl_expires_at","cached_at","inserted_at","updated_at") VALUES ($1,$2,$3,$4,$5,$6,$7,$8,$9,$10,$11,$12,$13) ON CONFLICT ("cache_key") DO UPDATE SET "updated_at" = EXCLUDED."updated_at","inserted_at" = EXCLUDED."inserted_at","forge_account_id" = EXCLUDED."forge_account_id","invalidation_reason" = EXCLUDED."invalidation_reason","invalidated_at" = EXCLUDED."invalidated_at","ttl_expires_at" = EXCLUDED."ttl_expires_at","cached_at" = EXCLUDED."cached_at","full_result" = EXCLUDED."full_result","reason" = EXCLUDED."reason","confidence" = EXCLUDED."confidence","is_false_positive" = EXCLUDED."is_false_positive","file_hashes" = EXCLUDED."file_hashes","locations" = EXCLUDED."locations","vulnerability_type" = EXCLUDED."vulnerability_type","repository" = EXCLUDED."repository","cache_key" = EXCLUDED."cache_key" RETURNING "id","updated_at","inserted_at","forge_account_id","invalidation_reason","invalidated_at","ttl_expires_at","cached_at","full_result","reason","confidence","is_false_positive","file_hashes","locations","vulnerability_type","repository","cache_key" ["Bulk test 19", "56655/RSOLV-dev/large-repo/[file19.js:19]:xss", "RSOLV-dev/large-repo", Decimal.new("0.9"), 56655, [%{line: 19, file_path: "file19.js"}], "xss", %{"file19.js" => "sha256:19"}, true, ~U[2025-12-10 20:25:22.127459Z], ~U[2025-09-11 20:25:22.127459Z], ~U[2025-09-11 20:25:22.127499Z], ~U[2025-09-11 20:25:22.127499Z]]
14:25:22.127 [debug] Cached validation stored
14:25:22.127 [debug] QUERY OK source="cached_validations" db=0.1ms
INSERT INTO "cached_validations" ("reason","cache_key","repository","confidence","forge_account_id","locations","vulnerability_type","file_hashes","is_false_positive","ttl_expires_at","cached_at","inserted_at","updated_at") VALUES ($1,$2,$3,$4,$5,$6,$7,$8,$9,$10,$11,$12,$13) ON CONFLICT ("cache_key") DO UPDATE SET "updated_at" = EXCLUDED."updated_at","inserted_at" = EXCLUDED."inserted_at","forge_account_id" = EXCLUDED."forge_account_id","invalidation_reason" = EXCLUDED."invalidation_reason","invalidated_at" = EXCLUDED."invalidated_at","ttl_expires_at" = EXCLUDED."ttl_expires_at","cached_at" = EXCLUDED."cached_at","full_result" = EXCLUDED."full_result","reason" = EXCLUDED."reason","confidence" = EXCLUDED."confidence","is_false_positive" = EXCLUDED."is_false_positive","file_hashes" = EXCLUDED."file_hashes","locations" = EXCLUDED."locations","vulnerability_type" = EXCLUDED."vulnerability_type","repository" = EXCLUDED."repository","cache_key" = EXCLUDED."cache_key" RETURNING "id","updated_at","inserted_at","forge_account_id","invalidation_reason","invalidated_at","ttl_expires_at","cached_at","full_result","reason","confidence","is_false_positive","file_hashes","locations","vulnerability_type","repository","cache_key" ["Bulk test 20", "56655/RSOLV-dev/large-repo/[file20.js:20]:xss", "RSOLV-dev/large-repo", Decimal.new("0.9"), 56655, [%{line: 20, file_path: "file20.js"}], "xss", %{"file20.js" => "sha256:20"}, true, ~U[2025-12-10 20:25:22.127744Z], ~U[2025-09-11 20:25:22.127744Z], ~U[2025-09-11 20:25:22.127784Z], ~U[2025-09-11 20:25:22.127784Z]]
14:25:22.128 [debug] Cached validation stored
14:25:22.128 [debug] QUERY OK source="cached_validations" db=0.1ms
INSERT INTO "cached_validations" ("reason","cache_key","repository","confidence","forge_account_id","locations","vulnerability_type","file_hashes","is_false_positive","ttl_expires_at","cached_at","inserted_at","updated_at") VALUES ($1,$2,$3,$4,$5,$6,$7,$8,$9,$10,$11,$12,$13) ON CONFLICT ("cache_key") DO UPDATE SET "updated_at" = EXCLUDED."updated_at","inserted_at" = EXCLUDED."inserted_at","forge_account_id" = EXCLUDED."forge_account_id","invalidation_reason" = EXCLUDED."invalidation_reason","invalidated_at" = EXCLUDED."invalidated_at","ttl_expires_at" = EXCLUDED."ttl_expires_at","cached_at" = EXCLUDED."cached_at","full_result" = EXCLUDED."full_result","reason" = EXCLUDED."reason","confidence" = EXCLUDED."confidence","is_false_positive" = EXCLUDED."is_false_positive","file_hashes" = EXCLUDED."file_hashes","locations" = EXCLUDED."locations","vulnerability_type" = EXCLUDED."vulnerability_type","repository" = EXCLUDED."repository","cache_key" = EXCLUDED."cache_key" RETURNING "id","updated_at","inserted_at","forge_account_id","invalidation_reason","invalidated_at","ttl_expires_at","cached_at","full_result","reason","confidence","is_false_positive","file_hashes","locations","vulnerability_type","repository","cache_key" ["Bulk test 21", "56655/RSOLV-dev/large-repo/[file21.js:21]:xss", "RSOLV-dev/large-repo", Decimal.new("0.9"), 56655, [%{line: 21, file_path: "file21.js"}], "xss", %{"file21.js" => "sha256:21"}, true, ~U[2025-12-10 20:25:22.128036Z], ~U[2025-09-11 20:25:22.128036Z], ~U[2025-09-11 20:25:22.128075Z], ~U[2025-09-11 20:25:22.128075Z]]
14:25:22.128 [debug] Cached validation stored
14:25:22.128 [debug] QUERY OK source="cached_validations" db=0.1ms
INSERT INTO "cached_validations" ("reason","cache_key","repository","confidence","forge_account_id","locations","vulnerability_type","file_hashes","is_false_positive","ttl_expires_at","cached_at","inserted_at","updated_at") VALUES ($1,$2,$3,$4,$5,$6,$7,$8,$9,$10,$11,$12,$13) ON CONFLICT ("cache_key") DO UPDATE SET "updated_at" = EXCLUDED."updated_at","inserted_at" = EXCLUDED."inserted_at","forge_account_id" = EXCLUDED."forge_account_id","invalidation_reason" = EXCLUDED."invalidation_reason","invalidated_at" = EXCLUDED."invalidated_at","ttl_expires_at" = EXCLUDED."ttl_expires_at","cached_at" = EXCLUDED."cached_at","full_result" = EXCLUDED."full_result","reason" = EXCLUDED."reason","confidence" = EXCLUDED."confidence","is_false_positive" = EXCLUDED."is_false_positive","file_hashes" = EXCLUDED."file_hashes","locations" = EXCLUDED."locations","vulnerability_type" = EXCLUDED."vulnerability_type","repository" = EXCLUDED."repository","cache_key" = EXCLUDED."cache_key" RETURNING "id","updated_at","inserted_at","forge_account_id","invalidation_reason","invalidated_at","ttl_expires_at","cached_at","full_result","reason","confidence","is_false_positive","file_hashes","locations","vulnerability_type","repository","cache_key" ["Bulk test 22", "56655/RSOLV-dev/large-repo/[file22.js:22]:xss", "RSOLV-dev/large-repo", Decimal.new("0.9"), 56655, [%{line: 22, file_path: "file22.js"}], "xss", %{"file22.js" => "sha256:22"}, true, ~U[2025-12-10 20:25:22.128346Z], ~U[2025-09-11 20:25:22.128346Z], ~U[2025-09-11 20:25:22.128383Z], ~U[2025-09-11 20:25:22.128383Z]]
14:25:22.128 [debug] Cached validation stored
14:25:22.128 [debug] QUERY OK source="cached_validations" db=0.1ms
INSERT INTO "cached_validations" ("reason","cache_key","repository","confidence","forge_account_id","locations","vulnerability_type","file_hashes","is_false_positive","ttl_expires_at","cached_at","inserted_at","updated_at") VALUES ($1,$2,$3,$4,$5,$6,$7,$8,$9,$10,$11,$12,$13) ON CONFLICT ("cache_key") DO UPDATE SET "updated_at" = EXCLUDED."updated_at","inserted_at" = EXCLUDED."inserted_at","forge_account_id" = EXCLUDED."forge_account_id","invalidation_reason" = EXCLUDED."invalidation_reason","invalidated_at" = EXCLUDED."invalidated_at","ttl_expires_at" = EXCLUDED."ttl_expires_at","cached_at" = EXCLUDED."cached_at","full_result" = EXCLUDED."full_result","reason" = EXCLUDED."reason","confidence" = EXCLUDED."confidence","is_false_positive" = EXCLUDED."is_false_positive","file_hashes" = EXCLUDED."file_hashes","locations" = EXCLUDED."locations","vulnerability_type" = EXCLUDED."vulnerability_type","repository" = EXCLUDED."repository","cache_key" = EXCLUDED."cache_key" RETURNING "id","updated_at","inserted_at","forge_account_id","invalidation_reason","invalidated_at","ttl_expires_at","cached_at","full_result","reason","confidence","is_false_positive","file_hashes","locations","vulnerability_type","repository","cache_key" ["Bulk test 23", "56655/RSOLV-dev/large-repo/[file23.js:23]:xss", "RSOLV-dev/large-repo", Decimal.new("0.9"), 56655, [%{line: 23, file_path: "file23.js"}], "xss", %{"file23.js" => "sha256:23"}, true, ~U[2025-12-10 20:25:22.128666Z], ~U[2025-09-11 20:25:22.128666Z], ~U[2025-09-11 20:25:22.128707Z], ~U[2025-09-11 20:25:22.128707Z]]
14:25:22.128 [debug] Cached validation stored
14:25:22.129 [debug] QUERY OK source="cached_validations" db=0.1ms
INSERT INTO "cached_validations" ("reason","cache_key","repository","confidence","forge_account_id","locations","vulnerability_type","file_hashes","is_false_positive","ttl_expires_at","cached_at","inserted_at","updated_at") VALUES ($1,$2,$3,$4,$5,$6,$7,$8,$9,$10,$11,$12,$13) ON CONFLICT ("cache_key") DO UPDATE SET "updated_at" = EXCLUDED."updated_at","inserted_at" = EXCLUDED."inserted_at","forge_account_id" = EXCLUDED."forge_account_id","invalidation_reason" = EXCLUDED."invalidation_reason","invalidated_at" = EXCLUDED."invalidated_at","ttl_expires_at" = EXCLUDED."ttl_expires_at","cached_at" = EXCLUDED."cached_at","full_result" = EXCLUDED."full_result","reason" = EXCLUDED."reason","confidence" = EXCLUDED."confidence","is_false_positive" = EXCLUDED."is_false_positive","file_hashes" = EXCLUDED."file_hashes","locations" = EXCLUDED."locations","vulnerability_type" = EXCLUDED."vulnerability_type","repository" = EXCLUDED."repository","cache_key" = EXCLUDED."cache_key" RETURNING "id","updated_at","inserted_at","forge_account_id","invalidation_reason","invalidated_at","ttl_expires_at","cached_at","full_result","reason","confidence","is_false_positive","file_hashes","locations","vulnerability_type","repository","cache_key" ["Bulk test 24", "56655/RSOLV-dev/large-repo/[file24.js:24]:xss", "RSOLV-dev/large-repo", Decimal.new("0.9"), 56655, [%{line: 24, file_path: "file24.js"}], "xss", %{"file24.js" => "sha256:24"}, true, ~U[2025-12-10 20:25:22.128956Z], ~U[2025-09-11 20:25:22.128956Z], ~U[2025-09-11 20:25:22.128993Z], ~U[2025-09-11 20:25:22.128993Z]]
14:25:22.129 [debug] Cached validation stored
14:25:22.129 [debug] QUERY OK source="cached_validations" db=0.1ms
INSERT INTO "cached_validations" ("reason","cache_key","repository","confidence","forge_account_id","locations","vulnerability_type","file_hashes","is_false_positive","ttl_expires_at","cached_at","inserted_at","updated_at") VALUES ($1,$2,$3,$4,$5,$6,$7,$8,$9,$10,$11,$12,$13) ON CONFLICT ("cache_key") DO UPDATE SET "updated_at" = EXCLUDED."updated_at","inserted_at" = EXCLUDED."inserted_at","forge_account_id" = EXCLUDED."forge_account_id","invalidation_reason" = EXCLUDED."invalidation_reason","invalidated_at" = EXCLUDED."invalidated_at","ttl_expires_at" = EXCLUDED."ttl_expires_at","cached_at" = EXCLUDED."cached_at","full_result" = EXCLUDED."full_result","reason" = EXCLUDED."reason","confidence" = EXCLUDED."confidence","is_false_positive" = EXCLUDED."is_false_positive","file_hashes" = EXCLUDED."file_hashes","locations" = EXCLUDED."locations","vulnerability_type" = EXCLUDED."vulnerability_type","repository" = EXCLUDED."repository","cache_key" = EXCLUDED."cache_key" RETURNING "id","updated_at","inserted_at","forge_account_id","invalidation_reason","invalidated_at","ttl_expires_at","cached_at","full_result","reason","confidence","is_false_positive","file_hashes","locations","vulnerability_type","repository","cache_key" ["Bulk test 25", "56655/RSOLV-dev/large-repo/[file25.js:25]:xss", "RSOLV-dev/large-repo", Decimal.new("0.9"), 56655, [%{line: 25, file_path: "file25.js"}], "xss", %{"file25.js" => "sha256:25"}, true, ~U[2025-12-10 20:25:22.129244Z], ~U[2025-09-11 20:25:22.129244Z], ~U[2025-09-11 20:25:22.129281Z], ~U[2025-09-11 20:25:22.129281Z]]
14:25:22.129 [debug] Cached validation stored
14:25:22.129 [debug] QUERY OK source="cached_validations" db=0.1ms
INSERT INTO "cached_validations" ("reason","cache_key","repository","confidence","forge_account_id","locations","vulnerability_type","file_hashes","is_false_positive","ttl_expires_at","cached_at","inserted_at","updated_at") VALUES ($1,$2,$3,$4,$5,$6,$7,$8,$9,$10,$11,$12,$13) ON CONFLICT ("cache_key") DO UPDATE SET "updated_at" = EXCLUDED."updated_at","inserted_at" = EXCLUDED."inserted_at","forge_account_id" = EXCLUDED."forge_account_id","invalidation_reason" = EXCLUDED."invalidation_reason","invalidated_at" = EXCLUDED."invalidated_at","ttl_expires_at" = EXCLUDED."ttl_expires_at","cached_at" = EXCLUDED."cached_at","full_result" = EXCLUDED."full_result","reason" = EXCLUDED."reason","confidence" = EXCLUDED."confidence","is_false_positive" = EXCLUDED."is_false_positive","file_hashes" = EXCLUDED."file_hashes","locations" = EXCLUDED."locations","vulnerability_type" = EXCLUDED."vulnerability_type","repository" = EXCLUDED."repository","cache_key" = EXCLUDED."cache_key" RETURNING "id","updated_at","inserted_at","forge_account_id","invalidation_reason","invalidated_at","ttl_expires_at","cached_at","full_result","reason","confidence","is_false_positive","file_hashes","locations","vulnerability_type","repository","cache_key" ["Bulk test 26", "56655/RSOLV-dev/large-repo/[file26.js:26]:xss", "RSOLV-dev/large-repo", Decimal.new("0.9"), 56655, [%{line: 26, file_path: "file26.js"}], "xss", %{"file26.js" => "sha256:26"}, true, ~U[2025-12-10 20:25:22.129526Z], ~U[2025-09-11 20:25:22.129526Z], ~U[2025-09-11 20:25:22.129571Z], ~U[2025-09-11 20:25:22.129571Z]]
14:25:22.129 [debug] Cached validation stored
14:25:22.130 [debug] QUERY OK source="cached_validations" db=0.1ms
INSERT INTO "cached_validations" ("reason","cache_key","repository","confidence","forge_account_id","locations","vulnerability_type","file_hashes","is_false_positive","ttl_expires_at","cached_at","inserted_at","updated_at") VALUES ($1,$2,$3,$4,$5,$6,$7,$8,$9,$10,$11,$12,$13) ON CONFLICT ("cache_key") DO UPDATE SET "updated_at" = EXCLUDED."updated_at","inserted_at" = EXCLUDED."inserted_at","forge_account_id" = EXCLUDED."forge_account_id","invalidation_reason" = EXCLUDED."invalidation_reason","invalidated_at" = EXCLUDED."invalidated_at","ttl_expires_at" = EXCLUDED."ttl_expires_at","cached_at" = EXCLUDED."cached_at","full_result" = EXCLUDED."full_result","reason" = EXCLUDED."reason","confidence" = EXCLUDED."confidence","is_false_positive" = EXCLUDED."is_false_positive","file_hashes" = EXCLUDED."file_hashes","locations" = EXCLUDED."locations","vulnerability_type" = EXCLUDED."vulnerability_type","repository" = EXCLUDED."repository","cache_key" = EXCLUDED."cache_key" RETURNING "id","updated_at","inserted_at","forge_account_id","invalidation_reason","invalidated_at","ttl_expires_at","cached_at","full_result","reason","confidence","is_false_positive","file_hashes","locations","vulnerability_type","repository","cache_key" ["Bulk test 27", "56655/RSOLV-dev/large-repo/[file27.js:27]:xss", "RSOLV-dev/large-repo", Decimal.new("0.9"), 56655, [%{line: 27, file_path: "file27.js"}], "xss", %{"file27.js" => "sha256:27"}, true, ~U[2025-12-10 20:25:22.129825Z], ~U[2025-09-11 20:25:22.129825Z], ~U[2025-09-11 20:25:22.129862Z], ~U[2025-09-11 20:25:22.129862Z]]
14:25:22.130 [debug] Cached validation stored
14:25:22.130 [debug] QUERY OK source="cached_validations" db=0.1ms
INSERT INTO "cached_validations" ("reason","cache_key","repository","confidence","forge_account_id","locations","vulnerability_type","file_hashes","is_false_positive","ttl_expires_at","cached_at","inserted_at","updated_at") VALUES ($1,$2,$3,$4,$5,$6,$7,$8,$9,$10,$11,$12,$13) ON CONFLICT ("cache_key") DO UPDATE SET "updated_at" = EXCLUDED."updated_at","inserted_at" = EXCLUDED."inserted_at","forge_account_id" = EXCLUDED."forge_account_id","invalidation_reason" = EXCLUDED."invalidation_reason","invalidated_at" = EXCLUDED."invalidated_at","ttl_expires_at" = EXCLUDED."ttl_expires_at","cached_at" = EXCLUDED."cached_at","full_result" = EXCLUDED."full_result","reason" = EXCLUDED."reason","confidence" = EXCLUDED."confidence","is_false_positive" = EXCLUDED."is_false_positive","file_hashes" = EXCLUDED."file_hashes","locations" = EXCLUDED."locations","vulnerability_type" = EXCLUDED."vulnerability_type","repository" = EXCLUDED."repository","cache_key" = EXCLUDED."cache_key" RETURNING "id","updated_at","inserted_at","forge_account_id","invalidation_reason","invalidated_at","ttl_expires_at","cached_at","full_result","reason","confidence","is_false_positive","file_hashes","locations","vulnerability_type","repository","cache_key" ["Bulk test 28", "56655/RSOLV-dev/large-repo/[file28.js:28]:xss", "RSOLV-dev/large-repo", Decimal.new("0.9"), 56655, [%{line: 28, file_path: "file28.js"}], "xss", %{"file28.js" => "sha256:28"}, true, ~U[2025-12-10 20:25:22.130155Z], ~U[2025-09-11 20:25:22.130155Z], ~U[2025-09-11 20:25:22.130203Z], ~U[2025-09-11 20:25:22.130203Z]]
14:25:22.130 [debug] Cached validation stored
14:25:22.130 [debug] QUERY OK source="cached_validations" db=0.1ms
INSERT INTO "cached_validations" ("reason","cache_key","repository","confidence","forge_account_id","locations","vulnerability_type","file_hashes","is_false_positive","ttl_expires_at","cached_at","inserted_at","updated_at") VALUES ($1,$2,$3,$4,$5,$6,$7,$8,$9,$10,$11,$12,$13) ON CONFLICT ("cache_key") DO UPDATE SET "updated_at" = EXCLUDED."updated_at","inserted_at" = EXCLUDED."inserted_at","forge_account_id" = EXCLUDED."forge_account_id","invalidation_reason" = EXCLUDED."invalidation_reason","invalidated_at" = EXCLUDED."invalidated_at","ttl_expires_at" = EXCLUDED."ttl_expires_at","cached_at" = EXCLUDED."cached_at","full_result" = EXCLUDED."full_result","reason" = EXCLUDED."reason","confidence" = EXCLUDED."confidence","is_false_positive" = EXCLUDED."is_false_positive","file_hashes" = EXCLUDED."file_hashes","locations" = EXCLUDED."locations","vulnerability_type" = EXCLUDED."vulnerability_type","repository" = EXCLUDED."repository","cache_key" = EXCLUDED."cache_key" RETURNING "id","updated_at","inserted_at","forge_account_id","invalidation_reason","invalidated_at","ttl_expires_at","cached_at","full_result","reason","confidence","is_false_positive","file_hashes","locations","vulnerability_type","repository","cache_key" ["Bulk test 29", "56655/RSOLV-dev/large-repo/[file29.js:29]:xss", "RSOLV-dev/large-repo", Decimal.new("0.9"), 56655, [%{line: 29, file_path: "file29.js"}], "xss", %{"file29.js" => "sha256:29"}, true, ~U[2025-12-10 20:25:22.130492Z], ~U[2025-09-11 20:25:22.130492Z], ~U[2025-09-11 20:25:22.130534Z], ~U[2025-09-11 20:25:22.130534Z]]
14:25:22.130 [debug] Cached validation stored
14:25:22.131 [debug] QUERY OK source="cached_validations" db=0.1ms
INSERT INTO "cached_validations" ("reason","cache_key","repository","confidence","forge_account_id","locations","vulnerability_type","file_hashes","is_false_positive","ttl_expires_at","cached_at","inserted_at","updated_at") VALUES ($1,$2,$3,$4,$5,$6,$7,$8,$9,$10,$11,$12,$13) ON CONFLICT ("cache_key") DO UPDATE SET "updated_at" = EXCLUDED."updated_at","inserted_at" = EXCLUDED."inserted_at","forge_account_id" = EXCLUDED."forge_account_id","invalidation_reason" = EXCLUDED."invalidation_reason","invalidated_at" = EXCLUDED."invalidated_at","ttl_expires_at" = EXCLUDED."ttl_expires_at","cached_at" = EXCLUDED."cached_at","full_result" = EXCLUDED."full_result","reason" = EXCLUDED."reason","confidence" = EXCLUDED."confidence","is_false_positive" = EXCLUDED."is_false_positive","file_hashes" = EXCLUDED."file_hashes","locations" = EXCLUDED."locations","vulnerability_type" = EXCLUDED."vulnerability_type","repository" = EXCLUDED."repository","cache_key" = EXCLUDED."cache_key" RETURNING "id","updated_at","inserted_at","forge_account_id","invalidation_reason","invalidated_at","ttl_expires_at","cached_at","full_result","reason","confidence","is_false_positive","file_hashes","locations","vulnerability_type","repository","cache_key" ["Bulk test 30", "56655/RSOLV-dev/large-repo/[file30.js:30]:xss", "RSOLV-dev/large-repo", Decimal.new("0.9"), 56655, [%{line: 30, file_path: "file30.js"}], "xss", %{"file30.js" => "sha256:30"}, true, ~U[2025-12-10 20:25:22.130811Z], ~U[2025-09-11 20:25:22.130811Z], ~U[2025-09-11 20:25:22.130858Z], ~U[2025-09-11 20:25:22.130858Z]]
14:25:22.131 [debug] Cached validation stored
14:25:22.131 [debug] QUERY OK source="cached_validations" db=0.1ms
INSERT INTO "cached_validations" ("reason","cache_key","repository","confidence","forge_account_id","locations","vulnerability_type","file_hashes","is_false_positive","ttl_expires_at","cached_at","inserted_at","updated_at") VALUES ($1,$2,$3,$4,$5,$6,$7,$8,$9,$10,$11,$12,$13) ON CONFLICT ("cache_key") DO UPDATE SET "updated_at" = EXCLUDED."updated_at","inserted_at" = EXCLUDED."inserted_at","forge_account_id" = EXCLUDED."forge_account_id","invalidation_reason" = EXCLUDED."invalidation_reason","invalidated_at" = EXCLUDED."invalidated_at","ttl_expires_at" = EXCLUDED."ttl_expires_at","cached_at" = EXCLUDED."cached_at","full_result" = EXCLUDED."full_result","reason" = EXCLUDED."reason","confidence" = EXCLUDED."confidence","is_false_positive" = EXCLUDED."is_false_positive","file_hashes" = EXCLUDED."file_hashes","locations" = EXCLUDED."locations","vulnerability_type" = EXCLUDED."vulnerability_type","repository" = EXCLUDED."repository","cache_key" = EXCLUDED."cache_key" RETURNING "id","updated_at","inserted_at","forge_account_id","invalidation_reason","invalidated_at","ttl_expires_at","cached_at","full_result","reason","confidence","is_false_positive","file_hashes","locations","vulnerability_type","repository","cache_key" ["Bulk test 31", "56655/RSOLV-dev/large-repo/[file31.js:31]:xss", "RSOLV-dev/large-repo", Decimal.new("0.9"), 56655, [%{line: 31, file_path: "file31.js"}], "xss", %{"file31.js" => "sha256:31"}, true, ~U[2025-12-10 20:25:22.131129Z], ~U[2025-09-11 20:25:22.131129Z], ~U[2025-09-11 20:25:22.131180Z], ~U[2025-09-11 20:25:22.131180Z]]
14:25:22.131 [debug] Cached validation stored
14:25:22.131 [debug] QUERY OK source="cached_validations" db=0.1ms
INSERT INTO "cached_validations" ("reason","cache_key","repository","confidence","forge_account_id","locations","vulnerability_type","file_hashes","is_false_positive","ttl_expires_at","cached_at","inserted_at","updated_at") VALUES ($1,$2,$3,$4,$5,$6,$7,$8,$9,$10,$11,$12,$13) ON CONFLICT ("cache_key") DO UPDATE SET "updated_at" = EXCLUDED."updated_at","inserted_at" = EXCLUDED."inserted_at","forge_account_id" = EXCLUDED."forge_account_id","invalidation_reason" = EXCLUDED."invalidation_reason","invalidated_at" = EXCLUDED."invalidated_at","ttl_expires_at" = EXCLUDED."ttl_expires_at","cached_at" = EXCLUDED."cached_at","full_result" = EXCLUDED."full_result","reason" = EXCLUDED."reason","confidence" = EXCLUDED."confidence","is_false_positive" = EXCLUDED."is_false_positive","file_hashes" = EXCLUDED."file_hashes","locations" = EXCLUDED."locations","vulnerability_type" = EXCLUDED."vulnerability_type","repository" = EXCLUDED."repository","cache_key" = EXCLUDED."cache_key" RETURNING "id","updated_at","inserted_at","forge_account_id","invalidation_reason","invalidated_at","ttl_expires_at","cached_at","full_result","reason","confidence","is_false_positive","file_hashes","locations","vulnerability_type","repository","cache_key" ["Bulk test 32", "56655/RSOLV-dev/large-repo/[file32.js:32]:xss", "RSOLV-dev/large-repo", Decimal.new("0.9"), 56655, [%{line: 32, file_path: "file32.js"}], "xss", %{"file32.js" => "sha256:32"}, true, ~U[2025-12-10 20:25:22.131446Z], ~U[2025-09-11 20:25:22.131446Z], ~U[2025-09-11 20:25:22.131484Z], ~U[2025-09-11 20:25:22.131484Z]]
14:25:22.131 [debug] Cached validation stored
14:25:22.131 [debug] QUERY OK source="cached_validations" db=0.1ms
INSERT INTO "cached_validations" ("reason","cache_key","repository","confidence","forge_account_id","locations","vulnerability_type","file_hashes","is_false_positive","ttl_expires_at","cached_at","inserted_at","updated_at") VALUES ($1,$2,$3,$4,$5,$6,$7,$8,$9,$10,$11,$12,$13) ON CONFLICT ("cache_key") DO UPDATE SET "updated_at" = EXCLUDED."updated_at","inserted_at" = EXCLUDED."inserted_at","forge_account_id" = EXCLUDED."forge_account_id","invalidation_reason" = EXCLUDED."invalidation_reason","invalidated_at" = EXCLUDED."invalidated_at","ttl_expires_at" = EXCLUDED."ttl_expires_at","cached_at" = EXCLUDED."cached_at","full_result" = EXCLUDED."full_result","reason" = EXCLUDED."reason","confidence" = EXCLUDED."confidence","is_false_positive" = EXCLUDED."is_false_positive","file_hashes" = EXCLUDED."file_hashes","locations" = EXCLUDED."locations","vulnerability_type" = EXCLUDED."vulnerability_type","repository" = EXCLUDED."repository","cache_key" = EXCLUDED."cache_key" RETURNING "id","updated_at","inserted_at","forge_account_id","invalidation_reason","invalidated_at","ttl_expires_at","cached_at","full_result","reason","confidence","is_false_positive","file_hashes","locations","vulnerability_type","repository","cache_key" ["Bulk test 33", "56655/RSOLV-dev/large-repo/[file33.js:33]:xss", "RSOLV-dev/large-repo", Decimal.new("0.9"), 56655, [%{line: 33, file_path: "file33.js"}], "xss", %{"file33.js" => "sha256:33"}, true, ~U[2025-12-10 20:25:22.131727Z], ~U[2025-09-11 20:25:22.131727Z], ~U[2025-09-11 20:25:22.131778Z], ~U[2025-09-11 20:25:22.131778Z]]
14:25:22.132 [debug] Cached validation stored
14:25:22.132 [debug] QUERY OK source="cached_validations" db=0.1ms
INSERT INTO "cached_validations" ("reason","cache_key","repository","confidence","forge_account_id","locations","vulnerability_type","file_hashes","is_false_positive","ttl_expires_at","cached_at","inserted_at","updated_at") VALUES ($1,$2,$3,$4,$5,$6,$7,$8,$9,$10,$11,$12,$13) ON CONFLICT ("cache_key") DO UPDATE SET "updated_at" = EXCLUDED."updated_at","inserted_at" = EXCLUDED."inserted_at","forge_account_id" = EXCLUDED."forge_account_id","invalidation_reason" = EXCLUDED."invalidation_reason","invalidated_at" = EXCLUDED."invalidated_at","ttl_expires_at" = EXCLUDED."ttl_expires_at","cached_at" = EXCLUDED."cached_at","full_result" = EXCLUDED."full_result","reason" = EXCLUDED."reason","confidence" = EXCLUDED."confidence","is_false_positive" = EXCLUDED."is_false_positive","file_hashes" = EXCLUDED."file_hashes","locations" = EXCLUDED."locations","vulnerability_type" = EXCLUDED."vulnerability_type","repository" = EXCLUDED."repository","cache_key" = EXCLUDED."cache_key" RETURNING "id","updated_at","inserted_at","forge_account_id","invalidation_reason","invalidated_at","ttl_expires_at","cached_at","full_result","reason","confidence","is_false_positive","file_hashes","locations","vulnerability_type","repository","cache_key" ["Bulk test 34", "56655/RSOLV-dev/large-repo/[file34.js:34]:xss", "RSOLV-dev/large-repo", Decimal.new("0.9"), 56655, [%{line: 34, file_path: "file34.js"}], "xss", %{"file34.js" => "sha256:34"}, true, ~U[2025-12-10 20:25:22.132038Z], ~U[2025-09-11 20:25:22.132038Z], ~U[2025-09-11 20:25:22.132076Z], ~U[2025-09-11 20:25:22.132076Z]]
14:25:22.132 [debug] Cached validation stored
14:25:22.132 [debug] QUERY OK source="cached_validations" db=0.1ms
INSERT INTO "cached_validations" ("reason","cache_key","repository","confidence","forge_account_id","locations","vulnerability_type","file_hashes","is_false_positive","ttl_expires_at","cached_at","inserted_at","updated_at") VALUES ($1,$2,$3,$4,$5,$6,$7,$8,$9,$10,$11,$12,$13) ON CONFLICT ("cache_key") DO UPDATE SET "updated_at" = EXCLUDED."updated_at","inserted_at" = EXCLUDED."inserted_at","forge_account_id" = EXCLUDED."forge_account_id","invalidation_reason" = EXCLUDED."invalidation_reason","invalidated_at" = EXCLUDED."invalidated_at","ttl_expires_at" = EXCLUDED."ttl_expires_at","cached_at" = EXCLUDED."cached_at","full_result" = EXCLUDED."full_result","reason" = EXCLUDED."reason","confidence" = EXCLUDED."confidence","is_false_positive" = EXCLUDED."is_false_positive","file_hashes" = EXCLUDED."file_hashes","locations" = EXCLUDED."locations","vulnerability_type" = EXCLUDED."vulnerability_type","repository" = EXCLUDED."repository","cache_key" = EXCLUDED."cache_key" RETURNING "id","updated_at","inserted_at","forge_account_id","invalidation_reason","invalidated_at","ttl_expires_at","cached_at","full_result","reason","confidence","is_false_positive","file_hashes","locations","vulnerability_type","repository","cache_key" ["Bulk test 35", "56655/RSOLV-dev/large-repo/[file35.js:35]:xss", "RSOLV-dev/large-repo", Decimal.new("0.9"), 56655, [%{line: 35, file_path: "file35.js"}], "xss", %{"file35.js" => "sha256:35"}, true, ~U[2025-12-10 20:25:22.132314Z], ~U[2025-09-11 20:25:22.132314Z], ~U[2025-09-11 20:25:22.132357Z], ~U[2025-09-11 20:25:22.132357Z]]
14:25:22.132 [debug] Cached validation stored
14:25:22.132 [debug] QUERY OK source="cached_validations" db=0.1ms
INSERT INTO "cached_validations" ("reason","cache_key","repository","confidence","forge_account_id","locations","vulnerability_type","file_hashes","is_false_positive","ttl_expires_at","cached_at","inserted_at","updated_at") VALUES ($1,$2,$3,$4,$5,$6,$7,$8,$9,$10,$11,$12,$13) ON CONFLICT ("cache_key") DO UPDATE SET "updated_at" = EXCLUDED."updated_at","inserted_at" = EXCLUDED."inserted_at","forge_account_id" = EXCLUDED."forge_account_id","invalidation_reason" = EXCLUDED."invalidation_reason","invalidated_at" = EXCLUDED."invalidated_at","ttl_expires_at" = EXCLUDED."ttl_expires_at","cached_at" = EXCLUDED."cached_at","full_result" = EXCLUDED."full_result","reason" = EXCLUDED."reason","confidence" = EXCLUDED."confidence","is_false_positive" = EXCLUDED."is_false_positive","file_hashes" = EXCLUDED."file_hashes","locations" = EXCLUDED."locations","vulnerability_type" = EXCLUDED."vulnerability_type","repository" = EXCLUDED."repository","cache_key" = EXCLUDED."cache_key" RETURNING "id","updated_at","inserted_at","forge_account_id","invalidation_reason","invalidated_at","ttl_expires_at","cached_at","full_result","reason","confidence","is_false_positive","file_hashes","locations","vulnerability_type","repository","cache_key" ["Bulk test 36", "56655/RSOLV-dev/large-repo/[file36.js:36]:xss", "RSOLV-dev/large-repo", Decimal.new("0.9"), 56655, [%{line: 36, file_path: "file36.js"}], "xss", %{"file36.js" => "sha256:36"}, true, ~U[2025-12-10 20:25:22.132599Z], ~U[2025-09-11 20:25:22.132599Z], ~U[2025-09-11 20:25:22.132635Z], ~U[2025-09-11 20:25:22.132635Z]]
14:25:22.132 [debug] Cached validation stored
14:25:22.133 [debug] QUERY OK source="cached_validations" db=0.1ms
INSERT INTO "cached_validations" ("reason","cache_key","repository","confidence","forge_account_id","locations","vulnerability_type","file_hashes","is_false_positive","ttl_expires_at","cached_at","inserted_at","updated_at") VALUES ($1,$2,$3,$4,$5,$6,$7,$8,$9,$10,$11,$12,$13) ON CONFLICT ("cache_key") DO UPDATE SET "updated_at" = EXCLUDED."updated_at","inserted_at" = EXCLUDED."inserted_at","forge_account_id" = EXCLUDED."forge_account_id","invalidation_reason" = EXCLUDED."invalidation_reason","invalidated_at" = EXCLUDED."invalidated_at","ttl_expires_at" = EXCLUDED."ttl_expires_at","cached_at" = EXCLUDED."cached_at","full_result" = EXCLUDED."full_result","reason" = EXCLUDED."reason","confidence" = EXCLUDED."confidence","is_false_positive" = EXCLUDED."is_false_positive","file_hashes" = EXCLUDED."file_hashes","locations" = EXCLUDED."locations","vulnerability_type" = EXCLUDED."vulnerability_type","repository" = EXCLUDED."repository","cache_key" = EXCLUDED."cache_key" RETURNING "id","updated_at","inserted_at","forge_account_id","invalidation_reason","invalidated_at","ttl_expires_at","cached_at","full_result","reason","confidence","is_false_positive","file_hashes","locations","vulnerability_type","repository","cache_key" ["Bulk test 37", "56655/RSOLV-dev/large-repo/[file37.js:37]:xss", "RSOLV-dev/large-repo", Decimal.new("0.9"), 56655, [%{line: 37, file_path: "file37.js"}], "xss", %{"file37.js" => "sha256:37"}, true, ~U[2025-12-10 20:25:22.132872Z], ~U[2025-09-11 20:25:22.132872Z], ~U[2025-09-11 20:25:22.132915Z], ~U[2025-09-11 20:25:22.132915Z]]
14:25:22.133 [debug] Cached validation stored
14:25:22.133 [debug] QUERY OK source="cached_validations" db=0.1ms
INSERT INTO "cached_validations" ("reason","cache_key","repository","confidence","forge_account_id","locations","vulnerability_type","file_hashes","is_false_positive","ttl_expires_at","cached_at","inserted_at","updated_at") VALUES ($1,$2,$3,$4,$5,$6,$7,$8,$9,$10,$11,$12,$13) ON CONFLICT ("cache_key") DO UPDATE SET "updated_at" = EXCLUDED."updated_at","inserted_at" = EXCLUDED."inserted_at","forge_account_id" = EXCLUDED."forge_account_id","invalidation_reason" = EXCLUDED."invalidation_reason","invalidated_at" = EXCLUDED."invalidated_at","ttl_expires_at" = EXCLUDED."ttl_expires_at","cached_at" = EXCLUDED."cached_at","full_result" = EXCLUDED."full_result","reason" = EXCLUDED."reason","confidence" = EXCLUDED."confidence","is_false_positive" = EXCLUDED."is_false_positive","file_hashes" = EXCLUDED."file_hashes","locations" = EXCLUDED."locations","vulnerability_type" = EXCLUDED."vulnerability_type","repository" = EXCLUDED."repository","cache_key" = EXCLUDED."cache_key" RETURNING "id","updated_at","inserted_at","forge_account_id","invalidation_reason","invalidated_at","ttl_expires_at","cached_at","full_result","reason","confidence","is_false_positive","file_hashes","locations","vulnerability_type","repository","cache_key" ["Bulk test 38", "56655/RSOLV-dev/large-repo/[file38.js:38]:xss", "RSOLV-dev/large-repo", Decimal.new("0.9"), 56655, [%{line: 38, file_path: "file38.js"}], "xss", %{"file38.js" => "sha256:38"}, true, ~U[2025-12-10 20:25:22.133151Z], ~U[2025-09-11 20:25:22.133151Z], ~U[2025-09-11 20:25:22.133187Z], ~U[2025-09-11 20:25:22.133187Z]]
14:25:22.133 [debug] Cached validation stored
14:25:22.133 [debug] QUERY OK source="cached_validations" db=0.1ms
INSERT INTO "cached_validations" ("reason","cache_key","repository","confidence","forge_account_id","locations","vulnerability_type","file_hashes","is_false_positive","ttl_expires_at","cached_at","inserted_at","updated_at") VALUES ($1,$2,$3,$4,$5,$6,$7,$8,$9,$10,$11,$12,$13) ON CONFLICT ("cache_key") DO UPDATE SET "updated_at" = EXCLUDED."updated_at","inserted_at" = EXCLUDED."inserted_at","forge_account_id" = EXCLUDED."forge_account_id","invalidation_reason" = EXCLUDED."invalidation_reason","invalidated_at" = EXCLUDED."invalidated_at","ttl_expires_at" = EXCLUDED."ttl_expires_at","cached_at" = EXCLUDED."cached_at","full_result" = EXCLUDED."full_result","reason" = EXCLUDED."reason","confidence" = EXCLUDED."confidence","is_false_positive" = EXCLUDED."is_false_positive","file_hashes" = EXCLUDED."file_hashes","locations" = EXCLUDED."locations","vulnerability_type" = EXCLUDED."vulnerability_type","repository" = EXCLUDED."repository","cache_key" = EXCLUDED."cache_key" RETURNING "id","updated_at","inserted_at","forge_account_id","invalidation_reason","invalidated_at","ttl_expires_at","cached_at","full_result","reason","confidence","is_false_positive","file_hashes","locations","vulnerability_type","repository","cache_key" ["Bulk test 39", "56655/RSOLV-dev/large-repo/[file39.js:39]:xss", "RSOLV-dev/large-repo", Decimal.new("0.9"), 56655, [%{line: 39, file_path: "file39.js"}], "xss", %{"file39.js" => "sha256:39"}, true, ~U[2025-12-10 20:25:22.133433Z], ~U[2025-09-11 20:25:22.133433Z], ~U[2025-09-11 20:25:22.133468Z], ~U[2025-09-11 20:25:22.133468Z]]
14:25:22.133 [debug] Cached validation stored
14:25:22.133 [debug] QUERY OK source="cached_validations" db=0.1ms
INSERT INTO "cached_validations" ("reason","cache_key","repository","confidence","forge_account_id","locations","vulnerability_type","file_hashes","is_false_positive","ttl_expires_at","cached_at","inserted_at","updated_at") VALUES ($1,$2,$3,$4,$5,$6,$7,$8,$9,$10,$11,$12,$13) ON CONFLICT ("cache_key") DO UPDATE SET "updated_at" = EXCLUDED."updated_at","inserted_at" = EXCLUDED."inserted_at","forge_account_id" = EXCLUDED."forge_account_id","invalidation_reason" = EXCLUDED."invalidation_reason","invalidated_at" = EXCLUDED."invalidated_at","ttl_expires_at" = EXCLUDED."ttl_expires_at","cached_at" = EXCLUDED."cached_at","full_result" = EXCLUDED."full_result","reason" = EXCLUDED."reason","confidence" = EXCLUDED."confidence","is_false_positive" = EXCLUDED."is_false_positive","file_hashes" = EXCLUDED."file_hashes","locations" = EXCLUDED."locations","vulnerability_type" = EXCLUDED."vulnerability_type","repository" = EXCLUDED."repository","cache_key" = EXCLUDED."cache_key" RETURNING "id","updated_at","inserted_at","forge_account_id","invalidation_reason","invalidated_at","ttl_expires_at","cached_at","full_result","reason","confidence","is_false_positive","file_hashes","locations","vulnerability_type","repository","cache_key" ["Bulk test 40", "56655/RSOLV-dev/large-repo/[file40.js:40]:xss", "RSOLV-dev/large-repo", Decimal.new("0.9"), 56655, [%{line: 40, file_path: "file40.js"}], "xss", %{"file40.js" => "sha256:40"}, true, ~U[2025-12-10 20:25:22.133709Z], ~U[2025-09-11 20:25:22.133709Z], ~U[2025-09-11 20:25:22.133752Z], ~U[2025-09-11 20:25:22.133752Z]]
14:25:22.133 [debug] Cached validation stored
14:25:22.134 [debug] QUERY OK source="cached_validations" db=0.1ms
INSERT INTO "cached_validations" ("reason","cache_key","repository","confidence","forge_account_id","locations","vulnerability_type","file_hashes","is_false_positive","ttl_expires_at","cached_at","inserted_at","updated_at") VALUES ($1,$2,$3,$4,$5,$6,$7,$8,$9,$10,$11,$12,$13) ON CONFLICT ("cache_key") DO UPDATE SET "updated_at" = EXCLUDED."updated_at","inserted_at" = EXCLUDED."inserted_at","forge_account_id" = EXCLUDED."forge_account_id","invalidation_reason" = EXCLUDED."invalidation_reason","invalidated_at" = EXCLUDED."invalidated_at","ttl_expires_at" = EXCLUDED."ttl_expires_at","cached_at" = EXCLUDED."cached_at","full_result" = EXCLUDED."full_result","reason" = EXCLUDED."reason","confidence" = EXCLUDED."confidence","is_false_positive" = EXCLUDED."is_false_positive","file_hashes" = EXCLUDED."file_hashes","locations" = EXCLUDED."locations","vulnerability_type" = EXCLUDED."vulnerability_type","repository" = EXCLUDED."repository","cache_key" = EXCLUDED."cache_key" RETURNING "id","updated_at","inserted_at","forge_account_id","invalidation_reason","invalidated_at","ttl_expires_at","cached_at","full_result","reason","confidence","is_false_positive","file_hashes","locations","vulnerability_type","repository","cache_key" ["Bulk test 41", "56655/RSOLV-dev/large-repo/[file41.js:41]:xss", "RSOLV-dev/large-repo", Decimal.new("0.9"), 56655, [%{line: 41, file_path: "file41.js"}], "xss", %{"file41.js" => "sha256:41"}, true, ~U[2025-12-10 20:25:22.133997Z], ~U[2025-09-11 20:25:22.133997Z], ~U[2025-09-11 20:25:22.134035Z], ~U[2025-09-11 20:25:22.134035Z]]
14:25:22.134 [debug] Cached validation stored
14:25:22.134 [debug] QUERY OK source="cached_validations" db=0.1ms
INSERT INTO "cached_validations" ("reason","cache_key","repository","confidence","forge_account_id","locations","vulnerability_type","file_hashes","is_false_positive","ttl_expires_at","cached_at","inserted_at","updated_at") VALUES ($1,$2,$3,$4,$5,$6,$7,$8,$9,$10,$11,$12,$13) ON CONFLICT ("cache_key") DO UPDATE SET "updated_at" = EXCLUDED."updated_at","inserted_at" = EXCLUDED."inserted_at","forge_account_id" = EXCLUDED."forge_account_id","invalidation_reason" = EXCLUDED."invalidation_reason","invalidated_at" = EXCLUDED."invalidated_at","ttl_expires_at" = EXCLUDED."ttl_expires_at","cached_at" = EXCLUDED."cached_at","full_result" = EXCLUDED."full_result","reason" = EXCLUDED."reason","confidence" = EXCLUDED."confidence","is_false_positive" = EXCLUDED."is_false_positive","file_hashes" = EXCLUDED."file_hashes","locations" = EXCLUDED."locations","vulnerability_type" = EXCLUDED."vulnerability_type","repository" = EXCLUDED."repository","cache_key" = EXCLUDED."cache_key" RETURNING "id","updated_at","inserted_at","forge_account_id","invalidation_reason","invalidated_at","ttl_expires_at","cached_at","full_result","reason","confidence","is_false_positive","file_hashes","locations","vulnerability_type","repository","cache_key" ["Bulk test 42", "56655/RSOLV-dev/large-repo/[file42.js:42]:xss", "RSOLV-dev/large-repo", Decimal.new("0.9"), 56655, [%{line: 42, file_path: "file42.js"}], "xss", %{"file42.js" => "sha256:42"}, true, ~U[2025-12-10 20:25:22.134272Z], ~U[2025-09-11 20:25:22.134272Z], ~U[2025-09-11 20:25:22.134307Z], ~U[2025-09-11 20:25:22.134307Z]]
14:25:22.134 [debug] Cached validation stored
14:25:22.134 [debug] QUERY OK source="cached_validations" db=0.1ms
INSERT INTO "cached_validations" ("reason","cache_key","repository","confidence","forge_account_id","locations","vulnerability_type","file_hashes","is_false_positive","ttl_expires_at","cached_at","inserted_at","updated_at") VALUES ($1,$2,$3,$4,$5,$6,$7,$8,$9,$10,$11,$12,$13) ON CONFLICT ("cache_key") DO UPDATE SET "updated_at" = EXCLUDED."updated_at","inserted_at" = EXCLUDED."inserted_at","forge_account_id" = EXCLUDED."forge_account_id","invalidation_reason" = EXCLUDED."invalidation_reason","invalidated_at" = EXCLUDED."invalidated_at","ttl_expires_at" = EXCLUDED."ttl_expires_at","cached_at" = EXCLUDED."cached_at","full_result" = EXCLUDED."full_result","reason" = EXCLUDED."reason","confidence" = EXCLUDED."confidence","is_false_positive" = EXCLUDED."is_false_positive","file_hashes" = EXCLUDED."file_hashes","locations" = EXCLUDED."locations","vulnerability_type" = EXCLUDED."vulnerability_type","repository" = EXCLUDED."repository","cache_key" = EXCLUDED."cache_key" RETURNING "id","updated_at","inserted_at","forge_account_id","invalidation_reason","invalidated_at","ttl_expires_at","cached_at","full_result","reason","confidence","is_false_positive","file_hashes","locations","vulnerability_type","repository","cache_key" ["Bulk test 43", "56655/RSOLV-dev/large-repo/[file43.js:43]:xss", "RSOLV-dev/large-repo", Decimal.new("0.9"), 56655, [%{line: 43, file_path: "file43.js"}], "xss", %{"file43.js" => "sha256:43"}, true, ~U[2025-12-10 20:25:22.134546Z], ~U[2025-09-11 20:25:22.134546Z], ~U[2025-09-11 20:25:22.134583Z], ~U[2025-09-11 20:25:22.134583Z]]
14:25:22.134 [debug] Cached validation stored
14:25:22.135 [debug] QUERY OK source="cached_validations" db=0.1ms
INSERT INTO "cached_validations" ("reason","cache_key","repository","confidence","forge_account_id","locations","vulnerability_type","file_hashes","is_false_positive","ttl_expires_at","cached_at","inserted_at","updated_at") VALUES ($1,$2,$3,$4,$5,$6,$7,$8,$9,$10,$11,$12,$13) ON CONFLICT ("cache_key") DO UPDATE SET "updated_at" = EXCLUDED."updated_at","inserted_at" = EXCLUDED."inserted_at","forge_account_id" = EXCLUDED."forge_account_id","invalidation_reason" = EXCLUDED."invalidation_reason","invalidated_at" = EXCLUDED."invalidated_at","ttl_expires_at" = EXCLUDED."ttl_expires_at","cached_at" = EXCLUDED."cached_at","full_result" = EXCLUDED."full_result","reason" = EXCLUDED."reason","confidence" = EXCLUDED."confidence","is_false_positive" = EXCLUDED."is_false_positive","file_hashes" = EXCLUDED."file_hashes","locations" = EXCLUDED."locations","vulnerability_type" = EXCLUDED."vulnerability_type","repository" = EXCLUDED."repository","cache_key" = EXCLUDED."cache_key" RETURNING "id","updated_at","inserted_at","forge_account_id","invalidation_reason","invalidated_at","ttl_expires_at","cached_at","full_result","reason","confidence","is_false_positive","file_hashes","locations","vulnerability_type","repository","cache_key" ["Bulk test 44", "56655/RSOLV-dev/large-repo/[file44.js:44]:xss", "RSOLV-dev/large-repo", Decimal.new("0.9"), 56655, [%{line: 44, file_path: "file44.js"}], "xss", %{"file44.js" => "sha256:44"}, true, ~U[2025-12-10 20:25:22.134839Z], ~U[2025-09-11 20:25:22.134839Z], ~U[2025-09-11 20:25:22.134876Z], ~U[2025-09-11 20:25:22.134876Z]]
14:25:22.135 [debug] Cached validation stored
14:25:22.135 [debug] QUERY OK source="cached_validations" db=0.1ms
INSERT INTO "cached_validations" ("reason","cache_key","repository","confidence","forge_account_id","locations","vulnerability_type","file_hashes","is_false_positive","ttl_expires_at","cached_at","inserted_at","updated_at") VALUES ($1,$2,$3,$4,$5,$6,$7,$8,$9,$10,$11,$12,$13) ON CONFLICT ("cache_key") DO UPDATE SET "updated_at" = EXCLUDED."updated_at","inserted_at" = EXCLUDED."inserted_at","forge_account_id" = EXCLUDED."forge_account_id","invalidation_reason" = EXCLUDED."invalidation_reason","invalidated_at" = EXCLUDED."invalidated_at","ttl_expires_at" = EXCLUDED."ttl_expires_at","cached_at" = EXCLUDED."cached_at","full_result" = EXCLUDED."full_result","reason" = EXCLUDED."reason","confidence" = EXCLUDED."confidence","is_false_positive" = EXCLUDED."is_false_positive","file_hashes" = EXCLUDED."file_hashes","locations" = EXCLUDED."locations","vulnerability_type" = EXCLUDED."vulnerability_type","repository" = EXCLUDED."repository","cache_key" = EXCLUDED."cache_key" RETURNING "id","updated_at","inserted_at","forge_account_id","invalidation_reason","invalidated_at","ttl_expires_at","cached_at","full_result","reason","confidence","is_false_positive","file_hashes","locations","vulnerability_type","repository","cache_key" ["Bulk test 45", "56655/RSOLV-dev/large-repo/[file45.js:45]:xss", "RSOLV-dev/large-repo", Decimal.new("0.9"), 56655, [%{line: 45, file_path: "file45.js"}], "xss", %{"file45.js" => "sha256:45"}, true, ~U[2025-12-10 20:25:22.135171Z], ~U[2025-09-11 20:25:22.135171Z], ~U[2025-09-11 20:25:22.135202Z], ~U[2025-09-11 20:25:22.135202Z]]
14:25:22.135 [debug] Cached validation stored
14:25:22.135 [debug] QUERY OK source="cached_validations" db=0.1ms
INSERT INTO "cached_validations" ("reason","cache_key","repository","confidence","forge_account_id","locations","vulnerability_type","file_hashes","is_false_positive","ttl_expires_at","cached_at","inserted_at","updated_at") VALUES ($1,$2,$3,$4,$5,$6,$7,$8,$9,$10,$11,$12,$13) ON CONFLICT ("cache_key") DO UPDATE SET "updated_at" = EXCLUDED."updated_at","inserted_at" = EXCLUDED."inserted_at","forge_account_id" = EXCLUDED."forge_account_id","invalidation_reason" = EXCLUDED."invalidation_reason","invalidated_at" = EXCLUDED."invalidated_at","ttl_expires_at" = EXCLUDED."ttl_expires_at","cached_at" = EXCLUDED."cached_at","full_result" = EXCLUDED."full_result","reason" = EXCLUDED."reason","confidence" = EXCLUDED."confidence","is_false_positive" = EXCLUDED."is_false_positive","file_hashes" = EXCLUDED."file_hashes","locations" = EXCLUDED."locations","vulnerability_type" = EXCLUDED."vulnerability_type","repository" = EXCLUDED."repository","cache_key" = EXCLUDED."cache_key" RETURNING "id","updated_at","inserted_at","forge_account_id","invalidation_reason","invalidated_at","ttl_expires_at","cached_at","full_result","reason","confidence","is_false_positive","file_hashes","locations","vulnerability_type","repository","cache_key" ["Bulk test 46", "56655/RSOLV-dev/large-repo/[file46.js:46]:xss", "RSOLV-dev/large-repo", Decimal.new("0.9"), 56655, [%{line: 46, file_path: "file46.js"}], "xss", %{"file46.js" => "sha256:46"}, true, ~U[2025-12-10 20:25:22.135402Z], ~U[2025-09-11 20:25:22.135402Z], ~U[2025-09-11 20:25:22.135429Z], ~U[2025-09-11 20:25:22.135429Z]]
14:25:22.135 [debug] Cached validation stored
14:25:22.135 [debug] QUERY OK source="cached_validations" db=0.1ms
INSERT INTO "cached_validations" ("reason","cache_key","repository","confidence","forge_account_id","locations","vulnerability_type","file_hashes","is_false_positive","ttl_expires_at","cached_at","inserted_at","updated_at") VALUES ($1,$2,$3,$4,$5,$6,$7,$8,$9,$10,$11,$12,$13) ON CONFLICT ("cache_key") DO UPDATE SET "updated_at" = EXCLUDED."updated_at","inserted_at" = EXCLUDED."inserted_at","forge_account_id" = EXCLUDED."forge_account_id","invalidation_reason" = EXCLUDED."invalidation_reason","invalidated_at" = EXCLUDED."invalidated_at","ttl_expires_at" = EXCLUDED."ttl_expires_at","cached_at" = EXCLUDED."cached_at","full_result" = EXCLUDED."full_result","reason" = EXCLUDED."reason","confidence" = EXCLUDED."confidence","is_false_positive" = EXCLUDED."is_false_positive","file_hashes" = EXCLUDED."file_hashes","locations" = EXCLUDED."locations","vulnerability_type" = EXCLUDED."vulnerability_type","repository" = EXCLUDED."repository","cache_key" = EXCLUDED."cache_key" RETURNING "id","updated_at","inserted_at","forge_account_id","invalidation_reason","invalidated_at","ttl_expires_at","cached_at","full_result","reason","confidence","is_false_positive","file_hashes","locations","vulnerability_type","repository","cache_key" ["Bulk test 47", "56655/RSOLV-dev/large-repo/[file47.js:47]:xss", "RSOLV-dev/large-repo", Decimal.new("0.9"), 56655, [%{line: 47, file_path: "file47.js"}], "xss", %{"file47.js" => "sha256:47"}, true, ~U[2025-12-10 20:25:22.135626Z], ~U[2025-09-11 20:25:22.135626Z], ~U[2025-09-11 20:25:22.135653Z], ~U[2025-09-11 20:25:22.135653Z]]
14:25:22.135 [debug] Cached validation stored
14:25:22.136 [debug] QUERY OK source="cached_validations" db=0.0ms
INSERT INTO "cached_validations" ("reason","cache_key","repository","confidence","forge_account_id","locations","vulnerability_type","file_hashes","is_false_positive","ttl_expires_at","cached_at","inserted_at","updated_at") VALUES ($1,$2,$3,$4,$5,$6,$7,$8,$9,$10,$11,$12,$13) ON CONFLICT ("cache_key") DO UPDATE SET "updated_at" = EXCLUDED."updated_at","inserted_at" = EXCLUDED."inserted_at","forge_account_id" = EXCLUDED."forge_account_id","invalidation_reason" = EXCLUDED."invalidation_reason","invalidated_at" = EXCLUDED."invalidated_at","ttl_expires_at" = EXCLUDED."ttl_expires_at","cached_at" = EXCLUDED."cached_at","full_result" = EXCLUDED."full_result","reason" = EXCLUDED."reason","confidence" = EXCLUDED."confidence","is_false_positive" = EXCLUDED."is_false_positive","file_hashes" = EXCLUDED."file_hashes","locations" = EXCLUDED."locations","vulnerability_type" = EXCLUDED."vulnerability_type","repository" = EXCLUDED."repository","cache_key" = EXCLUDED."cache_key" RETURNING "id","updated_at","inserted_at","forge_account_id","invalidation_reason","invalidated_at","ttl_expires_at","cached_at","full_result","reason","confidence","is_false_positive","file_hashes","locations","vulnerability_type","repository","cache_key" ["Bulk test 48", "56655/RSOLV-dev/large-repo/[file48.js:48]:xss", "RSOLV-dev/large-repo", Decimal.new("0.9"), 56655, [%{line: 48, file_path: "file48.js"}], "xss", %{"file48.js" => "sha256:48"}, true, ~U[2025-12-10 20:25:22.135843Z], ~U[2025-09-11 20:25:22.135843Z], ~U[2025-09-11 20:25:22.135867Z], ~U[2025-09-11 20:25:22.135867Z]]
14:25:22.136 [debug] Cached validation stored
14:25:22.136 [debug] QUERY OK source="cached_validations" db=0.0ms
INSERT INTO "cached_validations" ("reason","cache_key","repository","confidence","forge_account_id","locations","vulnerability_type","file_hashes","is_false_positive","ttl_expires_at","cached_at","inserted_at","updated_at") VALUES ($1,$2,$3,$4,$5,$6,$7,$8,$9,$10,$11,$12,$13) ON CONFLICT ("cache_key") DO UPDATE SET "updated_at" = EXCLUDED."updated_at","inserted_at" = EXCLUDED."inserted_at","forge_account_id" = EXCLUDED."forge_account_id","invalidation_reason" = EXCLUDED."invalidation_reason","invalidated_at" = EXCLUDED."invalidated_at","ttl_expires_at" = EXCLUDED."ttl_expires_at","cached_at" = EXCLUDED."cached_at","full_result" = EXCLUDED."full_result","reason" = EXCLUDED."reason","confidence" = EXCLUDED."confidence","is_false_positive" = EXCLUDED."is_false_positive","file_hashes" = EXCLUDED."file_hashes","locations" = EXCLUDED."locations","vulnerability_type" = EXCLUDED."vulnerability_type","repository" = EXCLUDED."repository","cache_key" = EXCLUDED."cache_key" RETURNING "id","updated_at","inserted_at","forge_account_id","invalidation_reason","invalidated_at","ttl_expires_at","cached_at","full_result","reason","confidence","is_false_positive","file_hashes","locations","vulnerability_type","repository","cache_key" ["Bulk test 49", "56655/RSOLV-dev/large-repo/[file49.js:49]:xss", "RSOLV-dev/large-repo", Decimal.new("0.9"), 56655, [%{line: 49, file_path: "file49.js"}], "xss", %{"file49.js" => "sha256:49"}, true, ~U[2025-12-10 20:25:22.136050Z], ~U[2025-09-11 20:25:22.136050Z], ~U[2025-09-11 20:25:22.136075Z], ~U[2025-09-11 20:25:22.136075Z]]
14:25:22.136 [debug] Cached validation stored
14:25:22.136 [debug] QUERY OK source="cached_validations" db=0.0ms
INSERT INTO "cached_validations" ("reason","cache_key","repository","confidence","forge_account_id","locations","vulnerability_type","file_hashes","is_false_positive","ttl_expires_at","cached_at","inserted_at","updated_at") VALUES ($1,$2,$3,$4,$5,$6,$7,$8,$9,$10,$11,$12,$13) ON CONFLICT ("cache_key") DO UPDATE SET "updated_at" = EXCLUDED."updated_at","inserted_at" = EXCLUDED."inserted_at","forge_account_id" = EXCLUDED."forge_account_id","invalidation_reason" = EXCLUDED."invalidation_reason","invalidated_at" = EXCLUDED."invalidated_at","ttl_expires_at" = EXCLUDED."ttl_expires_at","cached_at" = EXCLUDED."cached_at","full_result" = EXCLUDED."full_result","reason" = EXCLUDED."reason","confidence" = EXCLUDED."confidence","is_false_positive" = EXCLUDED."is_false_positive","file_hashes" = EXCLUDED."file_hashes","locations" = EXCLUDED."locations","vulnerability_type" = EXCLUDED."vulnerability_type","repository" = EXCLUDED."repository","cache_key" = EXCLUDED."cache_key" RETURNING "id","updated_at","inserted_at","forge_account_id","invalidation_reason","invalidated_at","ttl_expires_at","cached_at","full_result","reason","confidence","is_false_positive","file_hashes","locations","vulnerability_type","repository","cache_key" ["Bulk test 50", "56655/RSOLV-dev/large-repo/[file50.js:50]:xss", "RSOLV-dev/large-repo", Decimal.new("0.9"), 56655, [%{line: 50, file_path: "file50.js"}], "xss", %{"file50.js" => "sha256:50"}, true, ~U[2025-12-10 20:25:22.136250Z], ~U[2025-09-11 20:25:22.136250Z], ~U[2025-09-11 20:25:22.136273Z], ~U[2025-09-11 20:25:22.136273Z]]
14:25:22.136 [debug] Cached validation stored
14:25:22.136 [debug] QUERY OK source="cached_validations" db=0.1ms
INSERT INTO "cached_validations" ("reason","cache_key","repository","confidence","forge_account_id","locations","vulnerability_type","file_hashes","is_false_positive","ttl_expires_at","cached_at","inserted_at","updated_at") VALUES ($1,$2,$3,$4,$5,$6,$7,$8,$9,$10,$11,$12,$13) ON CONFLICT ("cache_key") DO UPDATE SET "updated_at" = EXCLUDED."updated_at","inserted_at" = EXCLUDED."inserted_at","forge_account_id" = EXCLUDED."forge_account_id","invalidation_reason" = EXCLUDED."invalidation_reason","invalidated_at" = EXCLUDED."invalidated_at","ttl_expires_at" = EXCLUDED."ttl_expires_at","cached_at" = EXCLUDED."cached_at","full_result" = EXCLUDED."full_result","reason" = EXCLUDED."reason","confidence" = EXCLUDED."confidence","is_false_positive" = EXCLUDED."is_false_positive","file_hashes" = EXCLUDED."file_hashes","locations" = EXCLUDED."locations","vulnerability_type" = EXCLUDED."vulnerability_type","repository" = EXCLUDED."repository","cache_key" = EXCLUDED."cache_key" RETURNING "id","updated_at","inserted_at","forge_account_id","invalidation_reason","invalidated_at","ttl_expires_at","cached_at","full_result","reason","confidence","is_false_positive","file_hashes","locations","vulnerability_type","repository","cache_key" ["Bulk test 51", "56655/RSOLV-dev/large-repo/[file51.js:51]:xss", "RSOLV-dev/large-repo", Decimal.new("0.9"), 56655, [%{line: 51, file_path: "file51.js"}], "xss", %{"file51.js" => "sha256:51"}, true, ~U[2025-12-10 20:25:22.136445Z], ~U[2025-09-11 20:25:22.136445Z], ~U[2025-09-11 20:25:22.136470Z], ~U[2025-09-11 20:25:22.136470Z]]
14:25:22.136 [debug] Cached validation stored
14:25:22.136 [debug] QUERY OK source="cached_validations" db=0.1ms
INSERT INTO "cached_validations" ("reason","cache_key","repository","confidence","forge_account_id","locations","vulnerability_type","file_hashes","is_false_positive","ttl_expires_at","cached_at","inserted_at","updated_at") VALUES ($1,$2,$3,$4,$5,$6,$7,$8,$9,$10,$11,$12,$13) ON CONFLICT ("cache_key") DO UPDATE SET "updated_at" = EXCLUDED."updated_at","inserted_at" = EXCLUDED."inserted_at","forge_account_id" = EXCLUDED."forge_account_id","invalidation_reason" = EXCLUDED."invalidation_reason","invalidated_at" = EXCLUDED."invalidated_at","ttl_expires_at" = EXCLUDED."ttl_expires_at","cached_at" = EXCLUDED."cached_at","full_result" = EXCLUDED."full_result","reason" = EXCLUDED."reason","confidence" = EXCLUDED."confidence","is_false_positive" = EXCLUDED."is_false_positive","file_hashes" = EXCLUDED."file_hashes","locations" = EXCLUDED."locations","vulnerability_type" = EXCLUDED."vulnerability_type","repository" = EXCLUDED."repository","cache_key" = EXCLUDED."cache_key" RETURNING "id","updated_at","inserted_at","forge_account_id","invalidation_reason","invalidated_at","ttl_expires_at","cached_at","full_result","reason","confidence","is_false_positive","file_hashes","locations","vulnerability_type","repository","cache_key" ["Bulk test 52", "56655/RSOLV-dev/large-repo/[file52.js:52]:xss", "RSOLV-dev/large-repo", Decimal.new("0.9"), 56655, [%{line: 52, file_path: "file52.js"}], "xss", %{"file52.js" => "sha256:52"}, true, ~U[2025-12-10 20:25:22.136647Z], ~U[2025-09-11 20:25:22.136647Z], ~U[2025-09-11 20:25:22.136687Z], ~U[2025-09-11 20:25:22.136687Z]]
14:25:22.136 [debug] Cached validation stored
14:25:22.137 [debug] QUERY OK source="cached_validations" db=0.1ms
INSERT INTO "cached_validations" ("reason","cache_key","repository","confidence","forge_account_id","locations","vulnerability_type","file_hashes","is_false_positive","ttl_expires_at","cached_at","inserted_at","updated_at") VALUES ($1,$2,$3,$4,$5,$6,$7,$8,$9,$10,$11,$12,$13) ON CONFLICT ("cache_key") DO UPDATE SET "updated_at" = EXCLUDED."updated_at","inserted_at" = EXCLUDED."inserted_at","forge_account_id" = EXCLUDED."forge_account_id","invalidation_reason" = EXCLUDED."invalidation_reason","invalidated_at" = EXCLUDED."invalidated_at","ttl_expires_at" = EXCLUDED."ttl_expires_at","cached_at" = EXCLUDED."cached_at","full_result" = EXCLUDED."full_result","reason" = EXCLUDED."reason","confidence" = EXCLUDED."confidence","is_false_positive" = EXCLUDED."is_false_positive","file_hashes" = EXCLUDED."file_hashes","locations" = EXCLUDED."locations","vulnerability_type" = EXCLUDED."vulnerability_type","repository" = EXCLUDED."repository","cache_key" = EXCLUDED."cache_key" RETURNING "id","updated_at","inserted_at","forge_account_id","invalidation_reason","invalidated_at","ttl_expires_at","cached_at","full_result","reason","confidence","is_false_positive","file_hashes","locations","vulnerability_type","repository","cache_key" ["Bulk test 53", "56655/RSOLV-dev/large-repo/[file53.js:53]:xss", "RSOLV-dev/large-repo", Decimal.new("0.9"), 56655, [%{line: 53, file_path: "file53.js"}], "xss", %{"file53.js" => "sha256:53"}, true, ~U[2025-12-10 20:25:22.136897Z], ~U[2025-09-11 20:25:22.136897Z], ~U[2025-09-11 20:25:22.136923Z], ~U[2025-09-11 20:25:22.136923Z]]
14:25:22.137 [debug] Cached validation stored
14:25:22.137 [debug] QUERY OK source="cached_validations" db=0.0ms
INSERT INTO "cached_validations" ("reason","cache_key","repository","confidence","forge_account_id","locations","vulnerability_type","file_hashes","is_false_positive","ttl_expires_at","cached_at","inserted_at","updated_at") VALUES ($1,$2,$3,$4,$5,$6,$7,$8,$9,$10,$11,$12,$13) ON CONFLICT ("cache_key") DO UPDATE SET "updated_at" = EXCLUDED."updated_at","inserted_at" = EXCLUDED."inserted_at","forge_account_id" = EXCLUDED."forge_account_id","invalidation_reason" = EXCLUDED."invalidation_reason","invalidated_at" = EXCLUDED."invalidated_at","ttl_expires_at" = EXCLUDED."ttl_expires_at","cached_at" = EXCLUDED."cached_at","full_result" = EXCLUDED."full_result","reason" = EXCLUDED."reason","confidence" = EXCLUDED."confidence","is_false_positive" = EXCLUDED."is_false_positive","file_hashes" = EXCLUDED."file_hashes","locations" = EXCLUDED."locations","vulnerability_type" = EXCLUDED."vulnerability_type","repository" = EXCLUDED."repository","cache_key" = EXCLUDED."cache_key" RETURNING "id","updated_at","inserted_at","forge_account_id","invalidation_reason","invalidated_at","ttl_expires_at","cached_at","full_result","reason","confidence","is_false_positive","file_hashes","locations","vulnerability_type","repository","cache_key" ["Bulk test 54", "56655/RSOLV-dev/large-repo/[file54.js:54]:xss", "RSOLV-dev/large-repo", Decimal.new("0.9"), 56655, [%{line: 54, file_path: "file54.js"}], "xss", %{"file54.js" => "sha256:54"}, true, ~U[2025-12-10 20:25:22.137110Z], ~U[2025-09-11 20:25:22.137110Z], ~U[2025-09-11 20:25:22.137139Z], ~U[2025-09-11 20:25:22.137139Z]]
14:25:22.137 [debug] Cached validation stored
14:25:22.137 [debug] QUERY OK source="cached_validations" db=0.0ms
INSERT INTO "cached_validations" ("reason","cache_key","repository","confidence","forge_account_id","locations","vulnerability_type","file_hashes","is_false_positive","ttl_expires_at","cached_at","inserted_at","updated_at") VALUES ($1,$2,$3,$4,$5,$6,$7,$8,$9,$10,$11,$12,$13) ON CONFLICT ("cache_key") DO UPDATE SET "updated_at" = EXCLUDED."updated_at","inserted_at" = EXCLUDED."inserted_at","forge_account_id" = EXCLUDED."forge_account_id","invalidation_reason" = EXCLUDED."invalidation_reason","invalidated_at" = EXCLUDED."invalidated_at","ttl_expires_at" = EXCLUDED."ttl_expires_at","cached_at" = EXCLUDED."cached_at","full_result" = EXCLUDED."full_result","reason" = EXCLUDED."reason","confidence" = EXCLUDED."confidence","is_false_positive" = EXCLUDED."is_false_positive","file_hashes" = EXCLUDED."file_hashes","locations" = EXCLUDED."locations","vulnerability_type" = EXCLUDED."vulnerability_type","repository" = EXCLUDED."repository","cache_key" = EXCLUDED."cache_key" RETURNING "id","updated_at","inserted_at","forge_account_id","invalidation_reason","invalidated_at","ttl_expires_at","cached_at","full_result","reason","confidence","is_false_positive","file_hashes","locations","vulnerability_type","repository","cache_key" ["Bulk test 55", "56655/RSOLV-dev/large-repo/[file55.js:55]:xss", "RSOLV-dev/large-repo", Decimal.new("0.9"), 56655, [%{line: 55, file_path: "file55.js"}], "xss", %{"file55.js" => "sha256:55"}, true, ~U[2025-12-10 20:25:22.137289Z], ~U[2025-09-11 20:25:22.137289Z], ~U[2025-09-11 20:25:22.137311Z], ~U[2025-09-11 20:25:22.137311Z]]
14:25:22.137 [debug] Cached validation stored
14:25:22.137 [debug] QUERY OK source="cached_validations" db=0.0ms
INSERT INTO "cached_validations" ("reason","cache_key","repository","confidence","forge_account_id","locations","vulnerability_type","file_hashes","is_false_positive","ttl_expires_at","cached_at","inserted_at","updated_at") VALUES ($1,$2,$3,$4,$5,$6,$7,$8,$9,$10,$11,$12,$13) ON CONFLICT ("cache_key") DO UPDATE SET "updated_at" = EXCLUDED."updated_at","inserted_at" = EXCLUDED."inserted_at","forge_account_id" = EXCLUDED."forge_account_id","invalidation_reason" = EXCLUDED."invalidation_reason","invalidated_at" = EXCLUDED."invalidated_at","ttl_expires_at" = EXCLUDED."ttl_expires_at","cached_at" = EXCLUDED."cached_at","full_result" = EXCLUDED."full_result","reason" = EXCLUDED."reason","confidence" = EXCLUDED."confidence","is_false_positive" = EXCLUDED."is_false_positive","file_hashes" = EXCLUDED."file_hashes","locations" = EXCLUDED."locations","vulnerability_type" = EXCLUDED."vulnerability_type","repository" = EXCLUDED."repository","cache_key" = EXCLUDED."cache_key" RETURNING "id","updated_at","inserted_at","forge_account_id","invalidation_reason","invalidated_at","ttl_expires_at","cached_at","full_result","reason","confidence","is_false_positive","file_hashes","locations","vulnerability_type","repository","cache_key" ["Bulk test 56", "56655/RSOLV-dev/large-repo/[file56.js:56]:xss", "RSOLV-dev/large-repo", Decimal.new("0.9"), 56655, [%{line: 56, file_path: "file56.js"}], "xss", %{"file56.js" => "sha256:56"}, true, ~U[2025-12-10 20:25:22.137447Z], ~U[2025-09-11 20:25:22.137447Z], ~U[2025-09-11 20:25:22.137475Z], ~U[2025-09-11 20:25:22.137475Z]]
14:25:22.137 [debug] Cached validation stored
14:25:22.137 [debug] QUERY OK source="cached_validations" db=0.0ms
INSERT INTO "cached_validations" ("reason","cache_key","repository","confidence","forge_account_id","locations","vulnerability_type","file_hashes","is_false_positive","ttl_expires_at","cached_at","inserted_at","updated_at") VALUES ($1,$2,$3,$4,$5,$6,$7,$8,$9,$10,$11,$12,$13) ON CONFLICT ("cache_key") DO UPDATE SET "updated_at" = EXCLUDED."updated_at","inserted_at" = EXCLUDED."inserted_at","forge_account_id" = EXCLUDED."forge_account_id","invalidation_reason" = EXCLUDED."invalidation_reason","invalidated_at" = EXCLUDED."invalidated_at","ttl_expires_at" = EXCLUDED."ttl_expires_at","cached_at" = EXCLUDED."cached_at","full_result" = EXCLUDED."full_result","reason" = EXCLUDED."reason","confidence" = EXCLUDED."confidence","is_false_positive" = EXCLUDED."is_false_positive","file_hashes" = EXCLUDED."file_hashes","locations" = EXCLUDED."locations","vulnerability_type" = EXCLUDED."vulnerability_type","repository" = EXCLUDED."repository","cache_key" = EXCLUDED."cache_key" RETURNING "id","updated_at","inserted_at","forge_account_id","invalidation_reason","invalidated_at","ttl_expires_at","cached_at","full_result","reason","confidence","is_false_positive","file_hashes","locations","vulnerability_type","repository","cache_key" ["Bulk test 57", "56655/RSOLV-dev/large-repo/[file57.js:57]:xss", "RSOLV-dev/large-repo", Decimal.new("0.9"), 56655, [%{line: 57, file_path: "file57.js"}], "xss", %{"file57.js" => "sha256:57"}, true, ~U[2025-12-10 20:25:22.137620Z], ~U[2025-09-11 20:25:22.137620Z], ~U[2025-09-11 20:25:22.137643Z], ~U[2025-09-11 20:25:22.137643Z]]
14:25:22.137 [debug] Cached validation stored
14:25:22.137 [debug] QUERY OK source="cached_validations" db=0.0ms
INSERT INTO "cached_validations" ("reason","cache_key","repository","confidence","forge_account_id","locations","vulnerability_type","file_hashes","is_false_positive","ttl_expires_at","cached_at","inserted_at","updated_at") VALUES ($1,$2,$3,$4,$5,$6,$7,$8,$9,$10,$11,$12,$13) ON CONFLICT ("cache_key") DO UPDATE SET "updated_at" = EXCLUDED."updated_at","inserted_at" = EXCLUDED."inserted_at","forge_account_id" = EXCLUDED."forge_account_id","invalidation_reason" = EXCLUDED."invalidation_reason","invalidated_at" = EXCLUDED."invalidated_at","ttl_expires_at" = EXCLUDED."ttl_expires_at","cached_at" = EXCLUDED."cached_at","full_result" = EXCLUDED."full_result","reason" = EXCLUDED."reason","confidence" = EXCLUDED."confidence","is_false_positive" = EXCLUDED."is_false_positive","file_hashes" = EXCLUDED."file_hashes","locations" = EXCLUDED."locations","vulnerability_type" = EXCLUDED."vulnerability_type","repository" = EXCLUDED."repository","cache_key" = EXCLUDED."cache_key" RETURNING "id","updated_at","inserted_at","forge_account_id","invalidation_reason","invalidated_at","ttl_expires_at","cached_at","full_result","reason","confidence","is_false_positive","file_hashes","locations","vulnerability_type","repository","cache_key" ["Bulk test 58", "56655/RSOLV-dev/large-repo/[file58.js:58]:xss", "RSOLV-dev/large-repo", Decimal.new("0.9"), 56655, [%{line: 58, file_path: "file58.js"}], "xss", %{"file58.js" => "sha256:58"}, true, ~U[2025-12-10 20:25:22.137781Z], ~U[2025-09-11 20:25:22.137781Z], ~U[2025-09-11 20:25:22.137809Z], ~U[2025-09-11 20:25:22.137809Z]]
14:25:22.137 [debug] Cached validation stored
14:25:22.138 [debug] QUERY OK source="cached_validations" db=0.0ms
INSERT INTO "cached_validations" ("reason","cache_key","repository","confidence","forge_account_id","locations","vulnerability_type","file_hashes","is_false_positive","ttl_expires_at","cached_at","inserted_at","updated_at") VALUES ($1,$2,$3,$4,$5,$6,$7,$8,$9,$10,$11,$12,$13) ON CONFLICT ("cache_key") DO UPDATE SET "updated_at" = EXCLUDED."updated_at","inserted_at" = EXCLUDED."inserted_at","forge_account_id" = EXCLUDED."forge_account_id","invalidation_reason" = EXCLUDED."invalidation_reason","invalidated_at" = EXCLUDED."invalidated_at","ttl_expires_at" = EXCLUDED."ttl_expires_at","cached_at" = EXCLUDED."cached_at","full_result" = EXCLUDED."full_result","reason" = EXCLUDED."reason","confidence" = EXCLUDED."confidence","is_false_positive" = EXCLUDED."is_false_positive","file_hashes" = EXCLUDED."file_hashes","locations" = EXCLUDED."locations","vulnerability_type" = EXCLUDED."vulnerability_type","repository" = EXCLUDED."repository","cache_key" = EXCLUDED."cache_key" RETURNING "id","updated_at","inserted_at","forge_account_id","invalidation_reason","invalidated_at","ttl_expires_at","cached_at","full_result","reason","confidence","is_false_positive","file_hashes","locations","vulnerability_type","repository","cache_key" ["Bulk test 59", "56655/RSOLV-dev/large-repo/[file59.js:59]:xss", "RSOLV-dev/large-repo", Decimal.new("0.9"), 56655, [%{line: 59, file_path: "file59.js"}], "xss", %{"file59.js" => "sha256:59"}, true, ~U[2025-12-10 20:25:22.137952Z], ~U[2025-09-11 20:25:22.137952Z], ~U[2025-09-11 20:25:22.137973Z], ~U[2025-09-11 20:25:22.137973Z]]
14:25:22.138 [debug] Cached validation stored
14:25:22.138 [debug] QUERY OK source="cached_validations" db=0.0ms
INSERT INTO "cached_validations" ("reason","cache_key","repository","confidence","forge_account_id","locations","vulnerability_type","file_hashes","is_false_positive","ttl_expires_at","cached_at","inserted_at","updated_at") VALUES ($1,$2,$3,$4,$5,$6,$7,$8,$9,$10,$11,$12,$13) ON CONFLICT ("cache_key") DO UPDATE SET "updated_at" = EXCLUDED."updated_at","inserted_at" = EXCLUDED."inserted_at","forge_account_id" = EXCLUDED."forge_account_id","invalidation_reason" = EXCLUDED."invalidation_reason","invalidated_at" = EXCLUDED."invalidated_at","ttl_expires_at" = EXCLUDED."ttl_expires_at","cached_at" = EXCLUDED."cached_at","full_result" = EXCLUDED."full_result","reason" = EXCLUDED."reason","confidence" = EXCLUDED."confidence","is_false_positive" = EXCLUDED."is_false_positive","file_hashes" = EXCLUDED."file_hashes","locations" = EXCLUDED."locations","vulnerability_type" = EXCLUDED."vulnerability_type","repository" = EXCLUDED."repository","cache_key" = EXCLUDED."cache_key" RETURNING "id","updated_at","inserted_at","forge_account_id","invalidation_reason","invalidated_at","ttl_expires_at","cached_at","full_result","reason","confidence","is_false_positive","file_hashes","locations","vulnerability_type","repository","cache_key" ["Bulk test 60", "56655/RSOLV-dev/large-repo/[file60.js:60]:xss", "RSOLV-dev/large-repo", Decimal.new("0.9"), 56655, [%{line: 60, file_path: "file60.js"}], "xss", %{"file60.js" => "sha256:60"}, true, ~U[2025-12-10 20:25:22.138105Z], ~U[2025-09-11 20:25:22.138105Z], ~U[2025-09-11 20:25:22.138136Z], ~U[2025-09-11 20:25:22.138136Z]]
14:25:22.138 [debug] Cached validation stored
14:25:22.138 [debug] QUERY OK source="cached_validations" db=0.0ms
INSERT INTO "cached_validations" ("reason","cache_key","repository","confidence","forge_account_id","locations","vulnerability_type","file_hashes","is_false_positive","ttl_expires_at","cached_at","inserted_at","updated_at") VALUES ($1,$2,$3,$4,$5,$6,$7,$8,$9,$10,$11,$12,$13) ON CONFLICT ("cache_key") DO UPDATE SET "updated_at" = EXCLUDED."updated_at","inserted_at" = EXCLUDED."inserted_at","forge_account_id" = EXCLUDED."forge_account_id","invalidation_reason" = EXCLUDED."invalidation_reason","invalidated_at" = EXCLUDED."invalidated_at","ttl_expires_at" = EXCLUDED."ttl_expires_at","cached_at" = EXCLUDED."cached_at","full_result" = EXCLUDED."full_result","reason" = EXCLUDED."reason","confidence" = EXCLUDED."confidence","is_false_positive" = EXCLUDED."is_false_positive","file_hashes" = EXCLUDED."file_hashes","locations" = EXCLUDED."locations","vulnerability_type" = EXCLUDED."vulnerability_type","repository" = EXCLUDED."repository","cache_key" = EXCLUDED."cache_key" RETURNING "id","updated_at","inserted_at","forge_account_id","invalidation_reason","invalidated_at","ttl_expires_at","cached_at","full_result","reason","confidence","is_false_positive","file_hashes","locations","vulnerability_type","repository","cache_key" ["Bulk test 61", "56655/RSOLV-dev/large-repo/[file61.js:61]:xss", "RSOLV-dev/large-repo", Decimal.new("0.9"), 56655, [%{line: 61, file_path: "file61.js"}], "xss", %{"file61.js" => "sha256:61"}, true, ~U[2025-12-10 20:25:22.138280Z], ~U[2025-09-11 20:25:22.138280Z], ~U[2025-09-11 20:25:22.138304Z], ~U[2025-09-11 20:25:22.138304Z]]
14:25:22.138 [debug] Cached validation stored
14:25:22.138 [debug] QUERY OK source="cached_validations" db=0.0ms
INSERT INTO "cached_validations" ("reason","cache_key","repository","confidence","forge_account_id","locations","vulnerability_type","file_hashes","is_false_positive","ttl_expires_at","cached_at","inserted_at","updated_at") VALUES ($1,$2,$3,$4,$5,$6,$7,$8,$9,$10,$11,$12,$13) ON CONFLICT ("cache_key") DO UPDATE SET "updated_at" = EXCLUDED."updated_at","inserted_at" = EXCLUDED."inserted_at","forge_account_id" = EXCLUDED."forge_account_id","invalidation_reason" = EXCLUDED."invalidation_reason","invalidated_at" = EXCLUDED."invalidated_at","ttl_expires_at" = EXCLUDED."ttl_expires_at","cached_at" = EXCLUDED."cached_at","full_result" = EXCLUDED."full_result","reason" = EXCLUDED."reason","confidence" = EXCLUDED."confidence","is_false_positive" = EXCLUDED."is_false_positive","file_hashes" = EXCLUDED."file_hashes","locations" = EXCLUDED."locations","vulnerability_type" = EXCLUDED."vulnerability_type","repository" = EXCLUDED."repository","cache_key" = EXCLUDED."cache_key" RETURNING "id","updated_at","inserted_at","forge_account_id","invalidation_reason","invalidated_at","ttl_expires_at","cached_at","full_result","reason","confidence","is_false_positive","file_hashes","locations","vulnerability_type","repository","cache_key" ["Bulk test 62", "56655/RSOLV-dev/large-repo/[file62.js:62]:xss", "RSOLV-dev/large-repo", Decimal.new("0.9"), 56655, [%{line: 62, file_path: "file62.js"}], "xss", %{"file62.js" => "sha256:62"}, true, ~U[2025-12-10 20:25:22.138436Z], ~U[2025-09-11 20:25:22.138436Z], ~U[2025-09-11 20:25:22.138463Z], ~U[2025-09-11 20:25:22.138463Z]]
14:25:22.138 [debug] Cached validation stored
14:25:22.138 [debug] QUERY OK source="cached_validations" db=0.0ms
INSERT INTO "cached_validations" ("reason","cache_key","repository","confidence","forge_account_id","locations","vulnerability_type","file_hashes","is_false_positive","ttl_expires_at","cached_at","inserted_at","updated_at") VALUES ($1,$2,$3,$4,$5,$6,$7,$8,$9,$10,$11,$12,$13) ON CONFLICT ("cache_key") DO UPDATE SET "updated_at" = EXCLUDED."updated_at","inserted_at" = EXCLUDED."inserted_at","forge_account_id" = EXCLUDED."forge_account_id","invalidation_reason" = EXCLUDED."invalidation_reason","invalidated_at" = EXCLUDED."invalidated_at","ttl_expires_at" = EXCLUDED."ttl_expires_at","cached_at" = EXCLUDED."cached_at","full_result" = EXCLUDED."full_result","reason" = EXCLUDED."reason","confidence" = EXCLUDED."confidence","is_false_positive" = EXCLUDED."is_false_positive","file_hashes" = EXCLUDED."file_hashes","locations" = EXCLUDED."locations","vulnerability_type" = EXCLUDED."vulnerability_type","repository" = EXCLUDED."repository","cache_key" = EXCLUDED."cache_key" RETURNING "id","updated_at","inserted_at","forge_account_id","invalidation_reason","invalidated_at","ttl_expires_at","cached_at","full_result","reason","confidence","is_false_positive","file_hashes","locations","vulnerability_type","repository","cache_key" ["Bulk test 63", "56655/RSOLV-dev/large-repo/[file63.js:63]:xss", "RSOLV-dev/large-repo", Decimal.new("0.9"), 56655, [%{line: 63, file_path: "file63.js"}], "xss", %{"file63.js" => "sha256:63"}, true, ~U[2025-12-10 20:25:22.138597Z], ~U[2025-09-11 20:25:22.138597Z], ~U[2025-09-11 20:25:22.138619Z], ~U[2025-09-11 20:25:22.138619Z]]
14:25:22.138 [debug] Cached validation stored
14:25:22.138 [debug] QUERY OK source="cached_validations" db=0.0ms
INSERT INTO "cached_validations" ("reason","cache_key","repository","confidence","forge_account_id","locations","vulnerability_type","file_hashes","is_false_positive","ttl_expires_at","cached_at","inserted_at","updated_at") VALUES ($1,$2,$3,$4,$5,$6,$7,$8,$9,$10,$11,$12,$13) ON CONFLICT ("cache_key") DO UPDATE SET "updated_at" = EXCLUDED."updated_at","inserted_at" = EXCLUDED."inserted_at","forge_account_id" = EXCLUDED."forge_account_id","invalidation_reason" = EXCLUDED."invalidation_reason","invalidated_at" = EXCLUDED."invalidated_at","ttl_expires_at" = EXCLUDED."ttl_expires_at","cached_at" = EXCLUDED."cached_at","full_result" = EXCLUDED."full_result","reason" = EXCLUDED."reason","confidence" = EXCLUDED."confidence","is_false_positive" = EXCLUDED."is_false_positive","file_hashes" = EXCLUDED."file_hashes","locations" = EXCLUDED."locations","vulnerability_type" = EXCLUDED."vulnerability_type","repository" = EXCLUDED."repository","cache_key" = EXCLUDED."cache_key" RETURNING "id","updated_at","inserted_at","forge_account_id","invalidation_reason","invalidated_at","ttl_expires_at","cached_at","full_result","reason","confidence","is_false_positive","file_hashes","locations","vulnerability_type","repository","cache_key" ["Bulk test 64", "56655/RSOLV-dev/large-repo/[file64.js:64]:xss", "RSOLV-dev/large-repo", Decimal.new("0.9"), 56655, [%{line: 64, file_path: "file64.js"}], "xss", %{"file64.js" => "sha256:64"}, true, ~U[2025-12-10 20:25:22.138752Z], ~U[2025-09-11 20:25:22.138752Z], ~U[2025-09-11 20:25:22.138780Z], ~U[2025-09-11 20:25:22.138780Z]]
14:25:22.138 [debug] Cached validation stored
14:25:22.139 [debug] QUERY OK source="cached_validations" db=0.0ms
INSERT INTO "cached_validations" ("reason","cache_key","repository","confidence","forge_account_id","locations","vulnerability_type","file_hashes","is_false_positive","ttl_expires_at","cached_at","inserted_at","updated_at") VALUES ($1,$2,$3,$4,$5,$6,$7,$8,$9,$10,$11,$12,$13) ON CONFLICT ("cache_key") DO UPDATE SET "updated_at" = EXCLUDED."updated_at","inserted_at" = EXCLUDED."inserted_at","forge_account_id" = EXCLUDED."forge_account_id","invalidation_reason" = EXCLUDED."invalidation_reason","invalidated_at" = EXCLUDED."invalidated_at","ttl_expires_at" = EXCLUDED."ttl_expires_at","cached_at" = EXCLUDED."cached_at","full_result" = EXCLUDED."full_result","reason" = EXCLUDED."reason","confidence" = EXCLUDED."confidence","is_false_positive" = EXCLUDED."is_false_positive","file_hashes" = EXCLUDED."file_hashes","locations" = EXCLUDED."locations","vulnerability_type" = EXCLUDED."vulnerability_type","repository" = EXCLUDED."repository","cache_key" = EXCLUDED."cache_key" RETURNING "id","updated_at","inserted_at","forge_account_id","invalidation_reason","invalidated_at","ttl_expires_at","cached_at","full_result","reason","confidence","is_false_positive","file_hashes","locations","vulnerability_type","repository","cache_key" ["Bulk test 65", "56655/RSOLV-dev/large-repo/[file65.js:65]:xss", "RSOLV-dev/large-repo", Decimal.new("0.9"), 56655, [%{line: 65, file_path: "file65.js"}], "xss", %{"file65.js" => "sha256:65"}, true, ~U[2025-12-10 20:25:22.138941Z], ~U[2025-09-11 20:25:22.138941Z], ~U[2025-09-11 20:25:22.138971Z], ~U[2025-09-11 20:25:22.138971Z]]
14:25:22.139 [debug] Cached validation stored
14:25:22.139 [debug] QUERY OK source="cached_validations" db=0.0ms
INSERT INTO "cached_validations" ("reason","cache_key","repository","confidence","forge_account_id","locations","vulnerability_type","file_hashes","is_false_positive","ttl_expires_at","cached_at","inserted_at","updated_at") VALUES ($1,$2,$3,$4,$5,$6,$7,$8,$9,$10,$11,$12,$13) ON CONFLICT ("cache_key") DO UPDATE SET "updated_at" = EXCLUDED."updated_at","inserted_at" = EXCLUDED."inserted_at","forge_account_id" = EXCLUDED."forge_account_id","invalidation_reason" = EXCLUDED."invalidation_reason","invalidated_at" = EXCLUDED."invalidated_at","ttl_expires_at" = EXCLUDED."ttl_expires_at","cached_at" = EXCLUDED."cached_at","full_result" = EXCLUDED."full_result","reason" = EXCLUDED."reason","confidence" = EXCLUDED."confidence","is_false_positive" = EXCLUDED."is_false_positive","file_hashes" = EXCLUDED."file_hashes","locations" = EXCLUDED."locations","vulnerability_type" = EXCLUDED."vulnerability_type","repository" = EXCLUDED."repository","cache_key" = EXCLUDED."cache_key" RETURNING "id","updated_at","inserted_at","forge_account_id","invalidation_reason","invalidated_at","ttl_expires_at","cached_at","full_result","reason","confidence","is_false_positive","file_hashes","locations","vulnerability_type","repository","cache_key" ["Bulk test 66", "56655/RSOLV-dev/large-repo/[file66.js:66]:xss", "RSOLV-dev/large-repo", Decimal.new("0.9"), 56655, [%{line: 66, file_path: "file66.js"}], "xss", %{"file66.js" => "sha256:66"}, true, ~U[2025-12-10 20:25:22.139124Z], ~U[2025-09-11 20:25:22.139124Z], ~U[2025-09-11 20:25:22.139156Z], ~U[2025-09-11 20:25:22.139156Z]]
14:25:22.139 [debug] Cached validation stored
14:25:22.139 [debug] QUERY OK source="cached_validations" db=0.0ms
INSERT INTO "cached_validations" ("reason","cache_key","repository","confidence","forge_account_id","locations","vulnerability_type","file_hashes","is_false_positive","ttl_expires_at","cached_at","inserted_at","updated_at") VALUES ($1,$2,$3,$4,$5,$6,$7,$8,$9,$10,$11,$12,$13) ON CONFLICT ("cache_key") DO UPDATE SET "updated_at" = EXCLUDED."updated_at","inserted_at" = EXCLUDED."inserted_at","forge_account_id" = EXCLUDED."forge_account_id","invalidation_reason" = EXCLUDED."invalidation_reason","invalidated_at" = EXCLUDED."invalidated_at","ttl_expires_at" = EXCLUDED."ttl_expires_at","cached_at" = EXCLUDED."cached_at","full_result" = EXCLUDED."full_result","reason" = EXCLUDED."reason","confidence" = EXCLUDED."confidence","is_false_positive" = EXCLUDED."is_false_positive","file_hashes" = EXCLUDED."file_hashes","locations" = EXCLUDED."locations","vulnerability_type" = EXCLUDED."vulnerability_type","repository" = EXCLUDED."repository","cache_key" = EXCLUDED."cache_key" RETURNING "id","updated_at","inserted_at","forge_account_id","invalidation_reason","invalidated_at","ttl_expires_at","cached_at","full_result","reason","confidence","is_false_positive","file_hashes","locations","vulnerability_type","repository","cache_key" ["Bulk test 67", "56655/RSOLV-dev/large-repo/[file67.js:67]:xss", "RSOLV-dev/large-repo", Decimal.new("0.9"), 56655, [%{line: 67, file_path: "file67.js"}], "xss", %{"file67.js" => "sha256:67"}, true, ~U[2025-12-10 20:25:22.139312Z], ~U[2025-09-11 20:25:22.139312Z], ~U[2025-09-11 20:25:22.139340Z], ~U[2025-09-11 20:25:22.139340Z]]
14:25:22.139 [debug] Cached validation stored
14:25:22.139 [debug] QUERY OK source="cached_validations" db=0.0ms
INSERT INTO "cached_validations" ("reason","cache_key","repository","confidence","forge_account_id","locations","vulnerability_type","file_hashes","is_false_positive","ttl_expires_at","cached_at","inserted_at","updated_at") VALUES ($1,$2,$3,$4,$5,$6,$7,$8,$9,$10,$11,$12,$13) ON CONFLICT ("cache_key") DO UPDATE SET "updated_at" = EXCLUDED."updated_at","inserted_at" = EXCLUDED."inserted_at","forge_account_id" = EXCLUDED."forge_account_id","invalidation_reason" = EXCLUDED."invalidation_reason","invalidated_at" = EXCLUDED."invalidated_at","ttl_expires_at" = EXCLUDED."ttl_expires_at","cached_at" = EXCLUDED."cached_at","full_result" = EXCLUDED."full_result","reason" = EXCLUDED."reason","confidence" = EXCLUDED."confidence","is_false_positive" = EXCLUDED."is_false_positive","file_hashes" = EXCLUDED."file_hashes","locations" = EXCLUDED."locations","vulnerability_type" = EXCLUDED."vulnerability_type","repository" = EXCLUDED."repository","cache_key" = EXCLUDED."cache_key" RETURNING "id","updated_at","inserted_at","forge_account_id","invalidation_reason","invalidated_at","ttl_expires_at","cached_at","full_result","reason","confidence","is_false_positive","file_hashes","locations","vulnerability_type","repository","cache_key" ["Bulk test 68", "56655/RSOLV-dev/large-repo/[file68.js:68]:xss", "RSOLV-dev/large-repo", Decimal.new("0.9"), 56655, [%{line: 68, file_path: "file68.js"}], "xss", %{"file68.js" => "sha256:68"}, true, ~U[2025-12-10 20:25:22.139502Z], ~U[2025-09-11 20:25:22.139502Z], ~U[2025-09-11 20:25:22.139535Z], ~U[2025-09-11 20:25:22.139535Z]]
14:25:22.139 [debug] Cached validation stored
14:25:22.139 [debug] QUERY OK source="cached_validations" db=0.0ms
INSERT INTO "cached_validations" ("reason","cache_key","repository","confidence","forge_account_id","locations","vulnerability_type","file_hashes","is_false_positive","ttl_expires_at","cached_at","inserted_at","updated_at") VALUES ($1,$2,$3,$4,$5,$6,$7,$8,$9,$10,$11,$12,$13) ON CONFLICT ("cache_key") DO UPDATE SET "updated_at" = EXCLUDED."updated_at","inserted_at" = EXCLUDED."inserted_at","forge_account_id" = EXCLUDED."forge_account_id","invalidation_reason" = EXCLUDED."invalidation_reason","invalidated_at" = EXCLUDED."invalidated_at","ttl_expires_at" = EXCLUDED."ttl_expires_at","cached_at" = EXCLUDED."cached_at","full_result" = EXCLUDED."full_result","reason" = EXCLUDED."reason","confidence" = EXCLUDED."confidence","is_false_positive" = EXCLUDED."is_false_positive","file_hashes" = EXCLUDED."file_hashes","locations" = EXCLUDED."locations","vulnerability_type" = EXCLUDED."vulnerability_type","repository" = EXCLUDED."repository","cache_key" = EXCLUDED."cache_key" RETURNING "id","updated_at","inserted_at","forge_account_id","invalidation_reason","invalidated_at","ttl_expires_at","cached_at","full_result","reason","confidence","is_false_positive","file_hashes","locations","vulnerability_type","repository","cache_key" ["Bulk test 69", "56655/RSOLV-dev/large-repo/[file69.js:69]:xss", "RSOLV-dev/large-repo", Decimal.new("0.9"), 56655, [%{line: 69, file_path: "file69.js"}], "xss", %{"file69.js" => "sha256:69"}, true, ~U[2025-12-10 20:25:22.139702Z], ~U[2025-09-11 20:25:22.139702Z], ~U[2025-09-11 20:25:22.139731Z], ~U[2025-09-11 20:25:22.139731Z]]
14:25:22.139 [debug] Cached validation stored
14:25:22.140 [debug] QUERY OK source="cached_validations" db=0.0ms
INSERT INTO "cached_validations" ("reason","cache_key","repository","confidence","forge_account_id","locations","vulnerability_type","file_hashes","is_false_positive","ttl_expires_at","cached_at","inserted_at","updated_at") VALUES ($1,$2,$3,$4,$5,$6,$7,$8,$9,$10,$11,$12,$13) ON CONFLICT ("cache_key") DO UPDATE SET "updated_at" = EXCLUDED."updated_at","inserted_at" = EXCLUDED."inserted_at","forge_account_id" = EXCLUDED."forge_account_id","invalidation_reason" = EXCLUDED."invalidation_reason","invalidated_at" = EXCLUDED."invalidated_at","ttl_expires_at" = EXCLUDED."ttl_expires_at","cached_at" = EXCLUDED."cached_at","full_result" = EXCLUDED."full_result","reason" = EXCLUDED."reason","confidence" = EXCLUDED."confidence","is_false_positive" = EXCLUDED."is_false_positive","file_hashes" = EXCLUDED."file_hashes","locations" = EXCLUDED."locations","vulnerability_type" = EXCLUDED."vulnerability_type","repository" = EXCLUDED."repository","cache_key" = EXCLUDED."cache_key" RETURNING "id","updated_at","inserted_at","forge_account_id","invalidation_reason","invalidated_at","ttl_expires_at","cached_at","full_result","reason","confidence","is_false_positive","file_hashes","locations","vulnerability_type","repository","cache_key" ["Bulk test 70", "56655/RSOLV-dev/large-repo/[file70.js:70]:xss", "RSOLV-dev/large-repo", Decimal.new("0.9"), 56655, [%{line: 70, file_path: "file70.js"}], "xss", %{"file70.js" => "sha256:70"}, true, ~U[2025-12-10 20:25:22.139893Z], ~U[2025-09-11 20:25:22.139893Z], ~U[2025-09-11 20:25:22.139924Z], ~U[2025-09-11 20:25:22.139924Z]]
14:25:22.140 [debug] Cached validation stored
14:25:22.140 [debug] QUERY OK source="cached_validations" db=0.0ms
INSERT INTO "cached_validations" ("reason","cache_key","repository","confidence","forge_account_id","locations","vulnerability_type","file_hashes","is_false_positive","ttl_expires_at","cached_at","inserted_at","updated_at") VALUES ($1,$2,$3,$4,$5,$6,$7,$8,$9,$10,$11,$12,$13) ON CONFLICT ("cache_key") DO UPDATE SET "updated_at" = EXCLUDED."updated_at","inserted_at" = EXCLUDED."inserted_at","forge_account_id" = EXCLUDED."forge_account_id","invalidation_reason" = EXCLUDED."invalidation_reason","invalidated_at" = EXCLUDED."invalidated_at","ttl_expires_at" = EXCLUDED."ttl_expires_at","cached_at" = EXCLUDED."cached_at","full_result" = EXCLUDED."full_result","reason" = EXCLUDED."reason","confidence" = EXCLUDED."confidence","is_false_positive" = EXCLUDED."is_false_positive","file_hashes" = EXCLUDED."file_hashes","locations" = EXCLUDED."locations","vulnerability_type" = EXCLUDED."vulnerability_type","repository" = EXCLUDED."repository","cache_key" = EXCLUDED."cache_key" RETURNING "id","updated_at","inserted_at","forge_account_id","invalidation_reason","invalidated_at","ttl_expires_at","cached_at","full_result","reason","confidence","is_false_positive","file_hashes","locations","vulnerability_type","repository","cache_key" ["Bulk test 71", "56655/RSOLV-dev/large-repo/[file71.js:71]:xss", "RSOLV-dev/large-repo", Decimal.new("0.9"), 56655, [%{line: 71, file_path: "file71.js"}], "xss", %{"file71.js" => "sha256:71"}, true, ~U[2025-12-10 20:25:22.140078Z], ~U[2025-09-11 20:25:22.140078Z], ~U[2025-09-11 20:25:22.140111Z], ~U[2025-09-11 20:25:22.140111Z]]
14:25:22.140 [debug] Cached validation stored
14:25:22.140 [debug] QUERY OK source="cached_validations" db=0.1ms
INSERT INTO "cached_validations" ("reason","cache_key","repository","confidence","forge_account_id","locations","vulnerability_type","file_hashes","is_false_positive","ttl_expires_at","cached_at","inserted_at","updated_at") VALUES ($1,$2,$3,$4,$5,$6,$7,$8,$9,$10,$11,$12,$13) ON CONFLICT ("cache_key") DO UPDATE SET "updated_at" = EXCLUDED."updated_at","inserted_at" = EXCLUDED."inserted_at","forge_account_id" = EXCLUDED."forge_account_id","invalidation_reason" = EXCLUDED."invalidation_reason","invalidated_at" = EXCLUDED."invalidated_at","ttl_expires_at" = EXCLUDED."ttl_expires_at","cached_at" = EXCLUDED."cached_at","full_result" = EXCLUDED."full_result","reason" = EXCLUDED."reason","confidence" = EXCLUDED."confidence","is_false_positive" = EXCLUDED."is_false_positive","file_hashes" = EXCLUDED."file_hashes","locations" = EXCLUDED."locations","vulnerability_type" = EXCLUDED."vulnerability_type","repository" = EXCLUDED."repository","cache_key" = EXCLUDED."cache_key" RETURNING "id","updated_at","inserted_at","forge_account_id","invalidation_reason","invalidated_at","ttl_expires_at","cached_at","full_result","reason","confidence","is_false_positive","file_hashes","locations","vulnerability_type","repository","cache_key" ["Bulk test 72", "56655/RSOLV-dev/large-repo/[file72.js:72]:xss", "RSOLV-dev/large-repo", Decimal.new("0.9"), 56655, [%{line: 72, file_path: "file72.js"}], "xss", %{"file72.js" => "sha256:72"}, true, ~U[2025-12-10 20:25:22.140254Z], ~U[2025-09-11 20:25:22.140254Z], ~U[2025-09-11 20:25:22.140283Z], ~U[2025-09-11 20:25:22.140283Z]]
14:25:22.140 [debug] Cached validation stored
14:25:22.140 [debug] QUERY OK source="cached_validations" db=0.2ms
INSERT INTO "cached_validations" ("reason","cache_key","repository","confidence","forge_account_id","locations","vulnerability_type","file_hashes","is_false_positive","ttl_expires_at","cached_at","inserted_at","updated_at") VALUES ($1,$2,$3,$4,$5,$6,$7,$8,$9,$10,$11,$12,$13) ON CONFLICT ("cache_key") DO UPDATE SET "updated_at" = EXCLUDED."updated_at","inserted_at" = EXCLUDED."inserted_at","forge_account_id" = EXCLUDED."forge_account_id","invalidation_reason" = EXCLUDED."invalidation_reason","invalidated_at" = EXCLUDED."invalidated_at","ttl_expires_at" = EXCLUDED."ttl_expires_at","cached_at" = EXCLUDED."cached_at","full_result" = EXCLUDED."full_result","reason" = EXCLUDED."reason","confidence" = EXCLUDED."confidence","is_false_positive" = EXCLUDED."is_false_positive","file_hashes" = EXCLUDED."file_hashes","locations" = EXCLUDED."locations","vulnerability_type" = EXCLUDED."vulnerability_type","repository" = EXCLUDED."repository","cache_key" = EXCLUDED."cache_key" RETURNING "id","updated_at","inserted_at","forge_account_id","invalidation_reason","invalidated_at","ttl_expires_at","cached_at","full_result","reason","confidence","is_false_positive","file_hashes","locations","vulnerability_type","repository","cache_key" ["Bulk test 73", "56655/RSOLV-dev/large-repo/[file73.js:73]:xss", "RSOLV-dev/large-repo", Decimal.new("0.9"), 56655, [%{line: 73, file_path: "file73.js"}], "xss", %{"file73.js" => "sha256:73"}, true, ~U[2025-12-10 20:25:22.140549Z], ~U[2025-09-11 20:25:22.140549Z], ~U[2025-09-11 20:25:22.140604Z], ~U[2025-09-11 20:25:22.140604Z]]
14:25:22.140 [debug] Cached validation stored
14:25:22.141 [debug] QUERY OK source="cached_validations" db=0.1ms
INSERT INTO "cached_validations" ("reason","cache_key","repository","confidence","forge_account_id","locations","vulnerability_type","file_hashes","is_false_positive","ttl_expires_at","cached_at","inserted_at","updated_at") VALUES ($1,$2,$3,$4,$5,$6,$7,$8,$9,$10,$11,$12,$13) ON CONFLICT ("cache_key") DO UPDATE SET "updated_at" = EXCLUDED."updated_at","inserted_at" = EXCLUDED."inserted_at","forge_account_id" = EXCLUDED."forge_account_id","invalidation_reason" = EXCLUDED."invalidation_reason","invalidated_at" = EXCLUDED."invalidated_at","ttl_expires_at" = EXCLUDED."ttl_expires_at","cached_at" = EXCLUDED."cached_at","full_result" = EXCLUDED."full_result","reason" = EXCLUDED."reason","confidence" = EXCLUDED."confidence","is_false_positive" = EXCLUDED."is_false_positive","file_hashes" = EXCLUDED."file_hashes","locations" = EXCLUDED."locations","vulnerability_type" = EXCLUDED."vulnerability_type","repository" = EXCLUDED."repository","cache_key" = EXCLUDED."cache_key" RETURNING "id","updated_at","inserted_at","forge_account_id","invalidation_reason","invalidated_at","ttl_expires_at","cached_at","full_result","reason","confidence","is_false_positive","file_hashes","locations","vulnerability_type","repository","cache_key" ["Bulk test 74", "56655/RSOLV-dev/large-repo/[file74.js:74]:xss", "RSOLV-dev/large-repo", Decimal.new("0.9"), 56655, [%{line: 74, file_path: "file74.js"}], "xss", %{"file74.js" => "sha256:74"}, true, ~U[2025-12-10 20:25:22.140994Z], ~U[2025-09-11 20:25:22.140994Z], ~U[2025-09-11 20:25:22.141037Z], ~U[2025-09-11 20:25:22.141037Z]]
14:25:22.141 [debug] Cached validation stored
14:25:22.141 [debug] QUERY OK source="cached_validations" db=0.1ms
INSERT INTO "cached_validations" ("reason","cache_key","repository","confidence","forge_account_id","locations","vulnerability_type","file_hashes","is_false_positive","ttl_expires_at","cached_at","inserted_at","updated_at") VALUES ($1,$2,$3,$4,$5,$6,$7,$8,$9,$10,$11,$12,$13) ON CONFLICT ("cache_key") DO UPDATE SET "updated_at" = EXCLUDED."updated_at","inserted_at" = EXCLUDED."inserted_at","forge_account_id" = EXCLUDED."forge_account_id","invalidation_reason" = EXCLUDED."invalidation_reason","invalidated_at" = EXCLUDED."invalidated_at","ttl_expires_at" = EXCLUDED."ttl_expires_at","cached_at" = EXCLUDED."cached_at","full_result" = EXCLUDED."full_result","reason" = EXCLUDED."reason","confidence" = EXCLUDED."confidence","is_false_positive" = EXCLUDED."is_false_positive","file_hashes" = EXCLUDED."file_hashes","locations" = EXCLUDED."locations","vulnerability_type" = EXCLUDED."vulnerability_type","repository" = EXCLUDED."repository","cache_key" = EXCLUDED."cache_key" RETURNING "id","updated_at","inserted_at","forge_account_id","invalidation_reason","invalidated_at","ttl_expires_at","cached_at","full_result","reason","confidence","is_false_positive","file_hashes","locations","vulnerability_type","repository","cache_key" ["Bulk test 75", "56655/RSOLV-dev/large-repo/[file75.js:75]:xss", "RSOLV-dev/large-repo", Decimal.new("0.9"), 56655, [%{line: 75, file_path: "file75.js"}], "xss", %{"file75.js" => "sha256:75"}, true, ~U[2025-12-10 20:25:22.141338Z], ~U[2025-09-11 20:25:22.141338Z], ~U[2025-09-11 20:25:22.141383Z], ~U[2025-09-11 20:25:22.141383Z]]
14:25:22.141 [debug] Cached validation stored
14:25:22.141 [debug] QUERY OK source="cached_validations" db=0.1ms
INSERT INTO "cached_validations" ("reason","cache_key","repository","confidence","forge_account_id","locations","vulnerability_type","file_hashes","is_false_positive","ttl_expires_at","cached_at","inserted_at","updated_at") VALUES ($1,$2,$3,$4,$5,$6,$7,$8,$9,$10,$11,$12,$13) ON CONFLICT ("cache_key") DO UPDATE SET "updated_at" = EXCLUDED."updated_at","inserted_at" = EXCLUDED."inserted_at","forge_account_id" = EXCLUDED."forge_account_id","invalidation_reason" = EXCLUDED."invalidation_reason","invalidated_at" = EXCLUDED."invalidated_at","ttl_expires_at" = EXCLUDED."ttl_expires_at","cached_at" = EXCLUDED."cached_at","full_result" = EXCLUDED."full_result","reason" = EXCLUDED."reason","confidence" = EXCLUDED."confidence","is_false_positive" = EXCLUDED."is_false_positive","file_hashes" = EXCLUDED."file_hashes","locations" = EXCLUDED."locations","vulnerability_type" = EXCLUDED."vulnerability_type","repository" = EXCLUDED."repository","cache_key" = EXCLUDED."cache_key" RETURNING "id","updated_at","inserted_at","forge_account_id","invalidation_reason","invalidated_at","ttl_expires_at","cached_at","full_result","reason","confidence","is_false_positive","file_hashes","locations","vulnerability_type","repository","cache_key" ["Bulk test 76", "56655/RSOLV-dev/large-repo/[file76.js:76]:xss", "RSOLV-dev/large-repo", Decimal.new("0.9"), 56655, [%{line: 76, file_path: "file76.js"}], "xss", %{"file76.js" => "sha256:76"}, true, ~U[2025-12-10 20:25:22.141643Z], ~U[2025-09-11 20:25:22.141643Z], ~U[2025-09-11 20:25:22.141689Z], ~U[2025-09-11 20:25:22.141689Z]]
14:25:22.141 [debug] Cached validation stored
14:25:22.142 [debug] QUERY OK source="cached_validations" db=0.1ms
INSERT INTO "cached_validations" ("reason","cache_key","repository","confidence","forge_account_id","locations","vulnerability_type","file_hashes","is_false_positive","ttl_expires_at","cached_at","inserted_at","updated_at") VALUES ($1,$2,$3,$4,$5,$6,$7,$8,$9,$10,$11,$12,$13) ON CONFLICT ("cache_key") DO UPDATE SET "updated_at" = EXCLUDED."updated_at","inserted_at" = EXCLUDED."inserted_at","forge_account_id" = EXCLUDED."forge_account_id","invalidation_reason" = EXCLUDED."invalidation_reason","invalidated_at" = EXCLUDED."invalidated_at","ttl_expires_at" = EXCLUDED."ttl_expires_at","cached_at" = EXCLUDED."cached_at","full_result" = EXCLUDED."full_result","reason" = EXCLUDED."reason","confidence" = EXCLUDED."confidence","is_false_positive" = EXCLUDED."is_false_positive","file_hashes" = EXCLUDED."file_hashes","locations" = EXCLUDED."locations","vulnerability_type" = EXCLUDED."vulnerability_type","repository" = EXCLUDED."repository","cache_key" = EXCLUDED."cache_key" RETURNING "id","updated_at","inserted_at","forge_account_id","invalidation_reason","invalidated_at","ttl_expires_at","cached_at","full_result","reason","confidence","is_false_positive","file_hashes","locations","vulnerability_type","repository","cache_key" ["Bulk test 77", "56655/RSOLV-dev/large-repo/[file77.js:77]:xss", "RSOLV-dev/large-repo", Decimal.new("0.9"), 56655, [%{line: 77, file_path: "file77.js"}], "xss", %{"file77.js" => "sha256:77"}, true, ~U[2025-12-10 20:25:22.141974Z], ~U[2025-09-11 20:25:22.141974Z], ~U[2025-09-11 20:25:22.142017Z], ~U[2025-09-11 20:25:22.142017Z]]
14:25:22.142 [debug] Cached validation stored
14:25:22.142 [debug] QUERY OK source="cached_validations" db=0.1ms
INSERT INTO "cached_validations" ("reason","cache_key","repository","confidence","forge_account_id","locations","vulnerability_type","file_hashes","is_false_positive","ttl_expires_at","cached_at","inserted_at","updated_at") VALUES ($1,$2,$3,$4,$5,$6,$7,$8,$9,$10,$11,$12,$13) ON CONFLICT ("cache_key") DO UPDATE SET "updated_at" = EXCLUDED."updated_at","inserted_at" = EXCLUDED."inserted_at","forge_account_id" = EXCLUDED."forge_account_id","invalidation_reason" = EXCLUDED."invalidation_reason","invalidated_at" = EXCLUDED."invalidated_at","ttl_expires_at" = EXCLUDED."ttl_expires_at","cached_at" = EXCLUDED."cached_at","full_result" = EXCLUDED."full_result","reason" = EXCLUDED."reason","confidence" = EXCLUDED."confidence","is_false_positive" = EXCLUDED."is_false_positive","file_hashes" = EXCLUDED."file_hashes","locations" = EXCLUDED."locations","vulnerability_type" = EXCLUDED."vulnerability_type","repository" = EXCLUDED."repository","cache_key" = EXCLUDED."cache_key" RETURNING "id","updated_at","inserted_at","forge_account_id","invalidation_reason","invalidated_at","ttl_expires_at","cached_at","full_result","reason","confidence","is_false_positive","file_hashes","locations","vulnerability_type","repository","cache_key" ["Bulk test 78", "56655/RSOLV-dev/large-repo/[file78.js:78]:xss", "RSOLV-dev/large-repo", Decimal.new("0.9"), 56655, [%{line: 78, file_path: "file78.js"}], "xss", %{"file78.js" => "sha256:78"}, true, ~U[2025-12-10 20:25:22.142280Z], ~U[2025-09-11 20:25:22.142280Z], ~U[2025-09-11 20:25:22.142355Z], ~U[2025-09-11 20:25:22.142355Z]]
14:25:22.142 [debug] Cached validation stored
14:25:22.142 [debug] QUERY OK source="cached_validations" db=0.1ms
INSERT INTO "cached_validations" ("reason","cache_key","repository","confidence","forge_account_id","locations","vulnerability_type","file_hashes","is_false_positive","ttl_expires_at","cached_at","inserted_at","updated_at") VALUES ($1,$2,$3,$4,$5,$6,$7,$8,$9,$10,$11,$12,$13) ON CONFLICT ("cache_key") DO UPDATE SET "updated_at" = EXCLUDED."updated_at","inserted_at" = EXCLUDED."inserted_at","forge_account_id" = EXCLUDED."forge_account_id","invalidation_reason" = EXCLUDED."invalidation_reason","invalidated_at" = EXCLUDED."invalidated_at","ttl_expires_at" = EXCLUDED."ttl_expires_at","cached_at" = EXCLUDED."cached_at","full_result" = EXCLUDED."full_result","reason" = EXCLUDED."reason","confidence" = EXCLUDED."confidence","is_false_positive" = EXCLUDED."is_false_positive","file_hashes" = EXCLUDED."file_hashes","locations" = EXCLUDED."locations","vulnerability_type" = EXCLUDED."vulnerability_type","repository" = EXCLUDED."repository","cache_key" = EXCLUDED."cache_key" RETURNING "id","updated_at","inserted_at","forge_account_id","invalidation_reason","invalidated_at","ttl_expires_at","cached_at","full_result","reason","confidence","is_false_positive","file_hashes","locations","vulnerability_type","repository","cache_key" ["Bulk test 79", "56655/RSOLV-dev/large-repo/[file79.js:79]:xss", "RSOLV-dev/large-repo", Decimal.new("0.9"), 56655, [%{line: 79, file_path: "file79.js"}], "xss", %{"file79.js" => "sha256:79"}, true, ~U[2025-12-10 20:25:22.142637Z], ~U[2025-09-11 20:25:22.142637Z], ~U[2025-09-11 20:25:22.142678Z], ~U[2025-09-11 20:25:22.142678Z]]
14:25:22.142 [debug] Cached validation stored
14:25:22.143 [debug] QUERY OK source="cached_validations" db=0.1ms
INSERT INTO "cached_validations" ("reason","cache_key","repository","confidence","forge_account_id","locations","vulnerability_type","file_hashes","is_false_positive","ttl_expires_at","cached_at","inserted_at","updated_at") VALUES ($1,$2,$3,$4,$5,$6,$7,$8,$9,$10,$11,$12,$13) ON CONFLICT ("cache_key") DO UPDATE SET "updated_at" = EXCLUDED."updated_at","inserted_at" = EXCLUDED."inserted_at","forge_account_id" = EXCLUDED."forge_account_id","invalidation_reason" = EXCLUDED."invalidation_reason","invalidated_at" = EXCLUDED."invalidated_at","ttl_expires_at" = EXCLUDED."ttl_expires_at","cached_at" = EXCLUDED."cached_at","full_result" = EXCLUDED."full_result","reason" = EXCLUDED."reason","confidence" = EXCLUDED."confidence","is_false_positive" = EXCLUDED."is_false_positive","file_hashes" = EXCLUDED."file_hashes","locations" = EXCLUDED."locations","vulnerability_type" = EXCLUDED."vulnerability_type","repository" = EXCLUDED."repository","cache_key" = EXCLUDED."cache_key" RETURNING "id","updated_at","inserted_at","forge_account_id","invalidation_reason","invalidated_at","ttl_expires_at","cached_at","full_result","reason","confidence","is_false_positive","file_hashes","locations","vulnerability_type","repository","cache_key" ["Bulk test 80", "56655/RSOLV-dev/large-repo/[file80.js:80]:xss", "RSOLV-dev/large-repo", Decimal.new("0.9"), 56655, [%{line: 80, file_path: "file80.js"}], "xss", %{"file80.js" => "sha256:80"}, true, ~U[2025-12-10 20:25:22.142957Z], ~U[2025-09-11 20:25:22.142957Z], ~U[2025-09-11 20:25:22.143010Z], ~U[2025-09-11 20:25:22.143010Z]]
14:25:22.143 [debug] Cached validation stored
14:25:22.143 [debug] QUERY OK source="cached_validations" db=0.1ms
INSERT INTO "cached_validations" ("reason","cache_key","repository","confidence","forge_account_id","locations","vulnerability_type","file_hashes","is_false_positive","ttl_expires_at","cached_at","inserted_at","updated_at") VALUES ($1,$2,$3,$4,$5,$6,$7,$8,$9,$10,$11,$12,$13) ON CONFLICT ("cache_key") DO UPDATE SET "updated_at" = EXCLUDED."updated_at","inserted_at" = EXCLUDED."inserted_at","forge_account_id" = EXCLUDED."forge_account_id","invalidation_reason" = EXCLUDED."invalidation_reason","invalidated_at" = EXCLUDED."invalidated_at","ttl_expires_at" = EXCLUDED."ttl_expires_at","cached_at" = EXCLUDED."cached_at","full_result" = EXCLUDED."full_result","reason" = EXCLUDED."reason","confidence" = EXCLUDED."confidence","is_false_positive" = EXCLUDED."is_false_positive","file_hashes" = EXCLUDED."file_hashes","locations" = EXCLUDED."locations","vulnerability_type" = EXCLUDED."vulnerability_type","repository" = EXCLUDED."repository","cache_key" = EXCLUDED."cache_key" RETURNING "id","updated_at","inserted_at","forge_account_id","invalidation_reason","invalidated_at","ttl_expires_at","cached_at","full_result","reason","confidence","is_false_positive","file_hashes","locations","vulnerability_type","repository","cache_key" ["Bulk test 81", "56655/RSOLV-dev/large-repo/[file81.js:81]:xss", "RSOLV-dev/large-repo", Decimal.new("0.9"), 56655, [%{line: 81, file_path: "file81.js"}], "xss", %{"file81.js" => "sha256:81"}, true, ~U[2025-12-10 20:25:22.143282Z], ~U[2025-09-11 20:25:22.143282Z], ~U[2025-09-11 20:25:22.143328Z], ~U[2025-09-11 20:25:22.143328Z]]
14:25:22.143 [debug] Cached validation stored
14:25:22.143 [debug] QUERY OK source="cached_validations" db=0.1ms
INSERT INTO "cached_validations" ("reason","cache_key","repository","confidence","forge_account_id","locations","vulnerability_type","file_hashes","is_false_positive","ttl_expires_at","cached_at","inserted_at","updated_at") VALUES ($1,$2,$3,$4,$5,$6,$7,$8,$9,$10,$11,$12,$13) ON CONFLICT ("cache_key") DO UPDATE SET "updated_at" = EXCLUDED."updated_at","inserted_at" = EXCLUDED."inserted_at","forge_account_id" = EXCLUDED."forge_account_id","invalidation_reason" = EXCLUDED."invalidation_reason","invalidated_at" = EXCLUDED."invalidated_at","ttl_expires_at" = EXCLUDED."ttl_expires_at","cached_at" = EXCLUDED."cached_at","full_result" = EXCLUDED."full_result","reason" = EXCLUDED."reason","confidence" = EXCLUDED."confidence","is_false_positive" = EXCLUDED."is_false_positive","file_hashes" = EXCLUDED."file_hashes","locations" = EXCLUDED."locations","vulnerability_type" = EXCLUDED."vulnerability_type","repository" = EXCLUDED."repository","cache_key" = EXCLUDED."cache_key" RETURNING "id","updated_at","inserted_at","forge_account_id","invalidation_reason","invalidated_at","ttl_expires_at","cached_at","full_result","reason","confidence","is_false_positive","file_hashes","locations","vulnerability_type","repository","cache_key" ["Bulk test 82", "56655/RSOLV-dev/large-repo/[file82.js:82]:xss", "RSOLV-dev/large-repo", Decimal.new("0.9"), 56655, [%{line: 82, file_path: "file82.js"}], "xss", %{"file82.js" => "sha256:82"}, true, ~U[2025-12-10 20:25:22.143591Z], ~U[2025-09-11 20:25:22.143591Z], ~U[2025-09-11 20:25:22.143638Z], ~U[2025-09-11 20:25:22.143638Z]]
14:25:22.143 [debug] Cached validation stored
14:25:22.144 [debug] QUERY OK source="cached_validations" db=0.1ms
INSERT INTO "cached_validations" ("reason","cache_key","repository","confidence","forge_account_id","locations","vulnerability_type","file_hashes","is_false_positive","ttl_expires_at","cached_at","inserted_at","updated_at") VALUES ($1,$2,$3,$4,$5,$6,$7,$8,$9,$10,$11,$12,$13) ON CONFLICT ("cache_key") DO UPDATE SET "updated_at" = EXCLUDED."updated_at","inserted_at" = EXCLUDED."inserted_at","forge_account_id" = EXCLUDED."forge_account_id","invalidation_reason" = EXCLUDED."invalidation_reason","invalidated_at" = EXCLUDED."invalidated_at","ttl_expires_at" = EXCLUDED."ttl_expires_at","cached_at" = EXCLUDED."cached_at","full_result" = EXCLUDED."full_result","reason" = EXCLUDED."reason","confidence" = EXCLUDED."confidence","is_false_positive" = EXCLUDED."is_false_positive","file_hashes" = EXCLUDED."file_hashes","locations" = EXCLUDED."locations","vulnerability_type" = EXCLUDED."vulnerability_type","repository" = EXCLUDED."repository","cache_key" = EXCLUDED."cache_key" RETURNING "id","updated_at","inserted_at","forge_account_id","invalidation_reason","invalidated_at","ttl_expires_at","cached_at","full_result","reason","confidence","is_false_positive","file_hashes","locations","vulnerability_type","repository","cache_key" ["Bulk test 83", "56655/RSOLV-dev/large-repo/[file83.js:83]:xss", "RSOLV-dev/large-repo", Decimal.new("0.9"), 56655, [%{line: 83, file_path: "file83.js"}], "xss", %{"file83.js" => "sha256:83"}, true, ~U[2025-12-10 20:25:22.143916Z], ~U[2025-09-11 20:25:22.143916Z], ~U[2025-09-11 20:25:22.143965Z], ~U[2025-09-11 20:25:22.143965Z]]
14:25:22.144 [debug] Cached validation stored
14:25:22.144 [debug] QUERY OK source="cached_validations" db=0.1ms
INSERT INTO "cached_validations" ("reason","cache_key","repository","confidence","forge_account_id","locations","vulnerability_type","file_hashes","is_false_positive","ttl_expires_at","cached_at","inserted_at","updated_at") VALUES ($1,$2,$3,$4,$5,$6,$7,$8,$9,$10,$11,$12,$13) ON CONFLICT ("cache_key") DO UPDATE SET "updated_at" = EXCLUDED."updated_at","inserted_at" = EXCLUDED."inserted_at","forge_account_id" = EXCLUDED."forge_account_id","invalidation_reason" = EXCLUDED."invalidation_reason","invalidated_at" = EXCLUDED."invalidated_at","ttl_expires_at" = EXCLUDED."ttl_expires_at","cached_at" = EXCLUDED."cached_at","full_result" = EXCLUDED."full_result","reason" = EXCLUDED."reason","confidence" = EXCLUDED."confidence","is_false_positive" = EXCLUDED."is_false_positive","file_hashes" = EXCLUDED."file_hashes","locations" = EXCLUDED."locations","vulnerability_type" = EXCLUDED."vulnerability_type","repository" = EXCLUDED."repository","cache_key" = EXCLUDED."cache_key" RETURNING "id","updated_at","inserted_at","forge_account_id","invalidation_reason","invalidated_at","ttl_expires_at","cached_at","full_result","reason","confidence","is_false_positive","file_hashes","locations","vulnerability_type","repository","cache_key" ["Bulk test 84", "56655/RSOLV-dev/large-repo/[file84.js:84]:xss", "RSOLV-dev/large-repo", Decimal.new("0.9"), 56655, [%{line: 84, file_path: "file84.js"}], "xss", %{"file84.js" => "sha256:84"}, true, ~U[2025-12-10 20:25:22.144299Z], ~U[2025-09-11 20:25:22.144299Z], ~U[2025-09-11 20:25:22.144351Z], ~U[2025-09-11 20:25:22.144351Z]]
14:25:22.144 [debug] Cached validation stored
14:25:22.144 [debug] QUERY OK source="cached_validations" db=0.1ms
INSERT INTO "cached_validations" ("reason","cache_key","repository","confidence","forge_account_id","locations","vulnerability_type","file_hashes","is_false_positive","ttl_expires_at","cached_at","inserted_at","updated_at") VALUES ($1,$2,$3,$4,$5,$6,$7,$8,$9,$10,$11,$12,$13) ON CONFLICT ("cache_key") DO UPDATE SET "updated_at" = EXCLUDED."updated_at","inserted_at" = EXCLUDED."inserted_at","forge_account_id" = EXCLUDED."forge_account_id","invalidation_reason" = EXCLUDED."invalidation_reason","invalidated_at" = EXCLUDED."invalidated_at","ttl_expires_at" = EXCLUDED."ttl_expires_at","cached_at" = EXCLUDED."cached_at","full_result" = EXCLUDED."full_result","reason" = EXCLUDED."reason","confidence" = EXCLUDED."confidence","is_false_positive" = EXCLUDED."is_false_positive","file_hashes" = EXCLUDED."file_hashes","locations" = EXCLUDED."locations","vulnerability_type" = EXCLUDED."vulnerability_type","repository" = EXCLUDED."repository","cache_key" = EXCLUDED."cache_key" RETURNING "id","updated_at","inserted_at","forge_account_id","invalidation_reason","invalidated_at","ttl_expires_at","cached_at","full_result","reason","confidence","is_false_positive","file_hashes","locations","vulnerability_type","repository","cache_key" ["Bulk test 85", "56655/RSOLV-dev/large-repo/[file85.js:85]:xss", "RSOLV-dev/large-repo", Decimal.new("0.9"), 56655, [%{line: 85, file_path: "file85.js"}], "xss", %{"file85.js" => "sha256:85"}, true, ~U[2025-12-10 20:25:22.144644Z], ~U[2025-09-11 20:25:22.144644Z], ~U[2025-09-11 20:25:22.144699Z], ~U[2025-09-11 20:25:22.144699Z]]
14:25:22.144 [debug] Cached validation stored
14:25:22.145 [debug] QUERY OK source="cached_validations" db=0.1ms
INSERT INTO "cached_validations" ("reason","cache_key","repository","confidence","forge_account_id","locations","vulnerability_type","file_hashes","is_false_positive","ttl_expires_at","cached_at","inserted_at","updated_at") VALUES ($1,$2,$3,$4,$5,$6,$7,$8,$9,$10,$11,$12,$13) ON CONFLICT ("cache_key") DO UPDATE SET "updated_at" = EXCLUDED."updated_at","inserted_at" = EXCLUDED."inserted_at","forge_account_id" = EXCLUDED."forge_account_id","invalidation_reason" = EXCLUDED."invalidation_reason","invalidated_at" = EXCLUDED."invalidated_at","ttl_expires_at" = EXCLUDED."ttl_expires_at","cached_at" = EXCLUDED."cached_at","full_result" = EXCLUDED."full_result","reason" = EXCLUDED."reason","confidence" = EXCLUDED."confidence","is_false_positive" = EXCLUDED."is_false_positive","file_hashes" = EXCLUDED."file_hashes","locations" = EXCLUDED."locations","vulnerability_type" = EXCLUDED."vulnerability_type","repository" = EXCLUDED."repository","cache_key" = EXCLUDED."cache_key" RETURNING "id","updated_at","inserted_at","forge_account_id","invalidation_reason","invalidated_at","ttl_expires_at","cached_at","full_result","reason","confidence","is_false_positive","file_hashes","locations","vulnerability_type","repository","cache_key" ["Bulk test 86", "56655/RSOLV-dev/large-repo/[file86.js:86]:xss", "RSOLV-dev/large-repo", Decimal.new("0.9"), 56655, [%{line: 86, file_path: "file86.js"}], "xss", %{"file86.js" => "sha256:86"}, true, ~U[2025-12-10 20:25:22.144998Z], ~U[2025-09-11 20:25:22.144998Z], ~U[2025-09-11 20:25:22.145045Z], ~U[2025-09-11 20:25:22.145045Z]]
14:25:22.145 [debug] Cached validation stored
14:25:22.145 [debug] QUERY OK source="cached_validations" db=0.0ms
INSERT INTO "cached_validations" ("reason","cache_key","repository","confidence","forge_account_id","locations","vulnerability_type","file_hashes","is_false_positive","ttl_expires_at","cached_at","inserted_at","updated_at") VALUES ($1,$2,$3,$4,$5,$6,$7,$8,$9,$10,$11,$12,$13) ON CONFLICT ("cache_key") DO UPDATE SET "updated_at" = EXCLUDED."updated_at","inserted_at" = EXCLUDED."inserted_at","forge_account_id" = EXCLUDED."forge_account_id","invalidation_reason" = EXCLUDED."invalidation_reason","invalidated_at" = EXCLUDED."invalidated_at","ttl_expires_at" = EXCLUDED."ttl_expires_at","cached_at" = EXCLUDED."cached_at","full_result" = EXCLUDED."full_result","reason" = EXCLUDED."reason","confidence" = EXCLUDED."confidence","is_false_positive" = EXCLUDED."is_false_positive","file_hashes" = EXCLUDED."file_hashes","locations" = EXCLUDED."locations","vulnerability_type" = EXCLUDED."vulnerability_type","repository" = EXCLUDED."repository","cache_key" = EXCLUDED."cache_key" RETURNING "id","updated_at","inserted_at","forge_account_id","invalidation_reason","invalidated_at","ttl_expires_at","cached_at","full_result","reason","confidence","is_false_positive","file_hashes","locations","vulnerability_type","repository","cache_key" ["Bulk test 87", "56655/RSOLV-dev/large-repo/[file87.js:87]:xss", "RSOLV-dev/large-repo", Decimal.new("0.9"), 56655, [%{line: 87, file_path: "file87.js"}], "xss", %{"file87.js" => "sha256:87"}, true, ~U[2025-12-10 20:25:22.145297Z], ~U[2025-09-11 20:25:22.145297Z], ~U[2025-09-11 20:25:22.145335Z], ~U[2025-09-11 20:25:22.145335Z]]
14:25:22.145 [debug] Cached validation stored
14:25:22.145 [debug] QUERY OK source="cached_validations" db=0.0ms
INSERT INTO "cached_validations" ("reason","cache_key","repository","confidence","forge_account_id","locations","vulnerability_type","file_hashes","is_false_positive","ttl_expires_at","cached_at","inserted_at","updated_at") VALUES ($1,$2,$3,$4,$5,$6,$7,$8,$9,$10,$11,$12,$13) ON CONFLICT ("cache_key") DO UPDATE SET "updated_at" = EXCLUDED."updated_at","inserted_at" = EXCLUDED."inserted_at","forge_account_id" = EXCLUDED."forge_account_id","invalidation_reason" = EXCLUDED."invalidation_reason","invalidated_at" = EXCLUDED."invalidated_at","ttl_expires_at" = EXCLUDED."ttl_expires_at","cached_at" = EXCLUDED."cached_at","full_result" = EXCLUDED."full_result","reason" = EXCLUDED."reason","confidence" = EXCLUDED."confidence","is_false_positive" = EXCLUDED."is_false_positive","file_hashes" = EXCLUDED."file_hashes","locations" = EXCLUDED."locations","vulnerability_type" = EXCLUDED."vulnerability_type","repository" = EXCLUDED."repository","cache_key" = EXCLUDED."cache_key" RETURNING "id","updated_at","inserted_at","forge_account_id","invalidation_reason","invalidated_at","ttl_expires_at","cached_at","full_result","reason","confidence","is_false_positive","file_hashes","locations","vulnerability_type","repository","cache_key" ["Bulk test 88", "56655/RSOLV-dev/large-repo/[file88.js:88]:xss", "RSOLV-dev/large-repo", Decimal.new("0.9"), 56655, [%{line: 88, file_path: "file88.js"}], "xss", %{"file88.js" => "sha256:88"}, true, ~U[2025-12-10 20:25:22.145524Z], ~U[2025-09-11 20:25:22.145524Z], ~U[2025-09-11 20:25:22.145558Z], ~U[2025-09-11 20:25:22.145558Z]]
14:25:22.145 [debug] Cached validation stored
14:25:22.145 [debug] QUERY OK source="cached_validations" db=0.0ms
INSERT INTO "cached_validations" ("reason","cache_key","repository","confidence","forge_account_id","locations","vulnerability_type","file_hashes","is_false_positive","ttl_expires_at","cached_at","inserted_at","updated_at") VALUES ($1,$2,$3,$4,$5,$6,$7,$8,$9,$10,$11,$12,$13) ON CONFLICT ("cache_key") DO UPDATE SET "updated_at" = EXCLUDED."updated_at","inserted_at" = EXCLUDED."inserted_at","forge_account_id" = EXCLUDED."forge_account_id","invalidation_reason" = EXCLUDED."invalidation_reason","invalidated_at" = EXCLUDED."invalidated_at","ttl_expires_at" = EXCLUDED."ttl_expires_at","cached_at" = EXCLUDED."cached_at","full_result" = EXCLUDED."full_result","reason" = EXCLUDED."reason","confidence" = EXCLUDED."confidence","is_false_positive" = EXCLUDED."is_false_positive","file_hashes" = EXCLUDED."file_hashes","locations" = EXCLUDED."locations","vulnerability_type" = EXCLUDED."vulnerability_type","repository" = EXCLUDED."repository","cache_key" = EXCLUDED."cache_key" RETURNING "id","updated_at","inserted_at","forge_account_id","invalidation_reason","invalidated_at","ttl_expires_at","cached_at","full_result","reason","confidence","is_false_positive","file_hashes","locations","vulnerability_type","repository","cache_key" ["Bulk test 89", "56655/RSOLV-dev/large-repo/[file89.js:89]:xss", "RSOLV-dev/large-repo", Decimal.new("0.9"), 56655, [%{line: 89, file_path: "file89.js"}], "xss", %{"file89.js" => "sha256:89"}, true, ~U[2025-12-10 20:25:22.145715Z], ~U[2025-09-11 20:25:22.145715Z], ~U[2025-09-11 20:25:22.145744Z], ~U[2025-09-11 20:25:22.145744Z]]
14:25:22.145 [debug] Cached validation stored
14:25:22.146 [debug] QUERY OK source="cached_validations" db=0.0ms
INSERT INTO "cached_validations" ("reason","cache_key","repository","confidence","forge_account_id","locations","vulnerability_type","file_hashes","is_false_positive","ttl_expires_at","cached_at","inserted_at","updated_at") VALUES ($1,$2,$3,$4,$5,$6,$7,$8,$9,$10,$11,$12,$13) ON CONFLICT ("cache_key") DO UPDATE SET "updated_at" = EXCLUDED."updated_at","inserted_at" = EXCLUDED."inserted_at","forge_account_id" = EXCLUDED."forge_account_id","invalidation_reason" = EXCLUDED."invalidation_reason","invalidated_at" = EXCLUDED."invalidated_at","ttl_expires_at" = EXCLUDED."ttl_expires_at","cached_at" = EXCLUDED."cached_at","full_result" = EXCLUDED."full_result","reason" = EXCLUDED."reason","confidence" = EXCLUDED."confidence","is_false_positive" = EXCLUDED."is_false_positive","file_hashes" = EXCLUDED."file_hashes","locations" = EXCLUDED."locations","vulnerability_type" = EXCLUDED."vulnerability_type","repository" = EXCLUDED."repository","cache_key" = EXCLUDED."cache_key" RETURNING "id","updated_at","inserted_at","forge_account_id","invalidation_reason","invalidated_at","ttl_expires_at","cached_at","full_result","reason","confidence","is_false_positive","file_hashes","locations","vulnerability_type","repository","cache_key" ["Bulk test 90", "56655/RSOLV-dev/large-repo/[file90.js:90]:xss", "RSOLV-dev/large-repo", Decimal.new("0.9"), 56655, [%{line: 90, file_path: "file90.js"}], "xss", %{"file90.js" => "sha256:90"}, true, ~U[2025-12-10 20:25:22.145905Z], ~U[2025-09-11 20:25:22.145905Z], ~U[2025-09-11 20:25:22.145939Z], ~U[2025-09-11 20:25:22.145939Z]]
14:25:22.146 [debug] Cached validation stored
14:25:22.146 [debug] QUERY OK source="cached_validations" db=0.0ms
INSERT INTO "cached_validations" ("reason","cache_key","repository","confidence","forge_account_id","locations","vulnerability_type","file_hashes","is_false_positive","ttl_expires_at","cached_at","inserted_at","updated_at") VALUES ($1,$2,$3,$4,$5,$6,$7,$8,$9,$10,$11,$12,$13) ON CONFLICT ("cache_key") DO UPDATE SET "updated_at" = EXCLUDED."updated_at","inserted_at" = EXCLUDED."inserted_at","forge_account_id" = EXCLUDED."forge_account_id","invalidation_reason" = EXCLUDED."invalidation_reason","invalidated_at" = EXCLUDED."invalidated_at","ttl_expires_at" = EXCLUDED."ttl_expires_at","cached_at" = EXCLUDED."cached_at","full_result" = EXCLUDED."full_result","reason" = EXCLUDED."reason","confidence" = EXCLUDED."confidence","is_false_positive" = EXCLUDED."is_false_positive","file_hashes" = EXCLUDED."file_hashes","locations" = EXCLUDED."locations","vulnerability_type" = EXCLUDED."vulnerability_type","repository" = EXCLUDED."repository","cache_key" = EXCLUDED."cache_key" RETURNING "id","updated_at","inserted_at","forge_account_id","invalidation_reason","invalidated_at","ttl_expires_at","cached_at","full_result","reason","confidence","is_false_positive","file_hashes","locations","vulnerability_type","repository","cache_key" ["Bulk test 91", "56655/RSOLV-dev/large-repo/[file91.js:91]:xss", "RSOLV-dev/large-repo", Decimal.new("0.9"), 56655, [%{line: 91, file_path: "file91.js"}], "xss", %{"file91.js" => "sha256:91"}, true, ~U[2025-12-10 20:25:22.146106Z], ~U[2025-09-11 20:25:22.146106Z], ~U[2025-09-11 20:25:22.146132Z], ~U[2025-09-11 20:25:22.146132Z]]
14:25:22.146 [debug] Cached validation stored
14:25:22.146 [debug] QUERY OK source="cached_validations" db=0.0ms
INSERT INTO "cached_validations" ("reason","cache_key","repository","confidence","forge_account_id","locations","vulnerability_type","file_hashes","is_false_positive","ttl_expires_at","cached_at","inserted_at","updated_at") VALUES ($1,$2,$3,$4,$5,$6,$7,$8,$9,$10,$11,$12,$13) ON CONFLICT ("cache_key") DO UPDATE SET "updated_at" = EXCLUDED."updated_at","inserted_at" = EXCLUDED."inserted_at","forge_account_id" = EXCLUDED."forge_account_id","invalidation_reason" = EXCLUDED."invalidation_reason","invalidated_at" = EXCLUDED."invalidated_at","ttl_expires_at" = EXCLUDED."ttl_expires_at","cached_at" = EXCLUDED."cached_at","full_result" = EXCLUDED."full_result","reason" = EXCLUDED."reason","confidence" = EXCLUDED."confidence","is_false_positive" = EXCLUDED."is_false_positive","file_hashes" = EXCLUDED."file_hashes","locations" = EXCLUDED."locations","vulnerability_type" = EXCLUDED."vulnerability_type","repository" = EXCLUDED."repository","cache_key" = EXCLUDED."cache_key" RETURNING "id","updated_at","inserted_at","forge_account_id","invalidation_reason","invalidated_at","ttl_expires_at","cached_at","full_result","reason","confidence","is_false_positive","file_hashes","locations","vulnerability_type","repository","cache_key" ["Bulk test 92", "56655/RSOLV-dev/large-repo/[file92.js:92]:xss", "RSOLV-dev/large-repo", Decimal.new("0.9"), 56655, [%{line: 92, file_path: "file92.js"}], "xss", %{"file92.js" => "sha256:92"}, true, ~U[2025-12-10 20:25:22.146310Z], ~U[2025-09-11 20:25:22.146310Z], ~U[2025-09-11 20:25:22.146336Z], ~U[2025-09-11 20:25:22.146336Z]]
14:25:22.146 [debug] Cached validation stored
14:25:22.146 [debug] QUERY OK source="cached_validations" db=0.0ms
INSERT INTO "cached_validations" ("reason","cache_key","repository","confidence","forge_account_id","locations","vulnerability_type","file_hashes","is_false_positive","ttl_expires_at","cached_at","inserted_at","updated_at") VALUES ($1,$2,$3,$4,$5,$6,$7,$8,$9,$10,$11,$12,$13) ON CONFLICT ("cache_key") DO UPDATE SET "updated_at" = EXCLUDED."updated_at","inserted_at" = EXCLUDED."inserted_at","forge_account_id" = EXCLUDED."forge_account_id","invalidation_reason" = EXCLUDED."invalidation_reason","invalidated_at" = EXCLUDED."invalidated_at","ttl_expires_at" = EXCLUDED."ttl_expires_at","cached_at" = EXCLUDED."cached_at","full_result" = EXCLUDED."full_result","reason" = EXCLUDED."reason","confidence" = EXCLUDED."confidence","is_false_positive" = EXCLUDED."is_false_positive","file_hashes" = EXCLUDED."file_hashes","locations" = EXCLUDED."locations","vulnerability_type" = EXCLUDED."vulnerability_type","repository" = EXCLUDED."repository","cache_key" = EXCLUDED."cache_key" RETURNING "id","updated_at","inserted_at","forge_account_id","invalidation_reason","invalidated_at","ttl_expires_at","cached_at","full_result","reason","confidence","is_false_positive","file_hashes","locations","vulnerability_type","repository","cache_key" ["Bulk test 93", "56655/RSOLV-dev/large-repo/[file93.js:93]:xss", "RSOLV-dev/large-repo", Decimal.new("0.9"), 56655, [%{line: 93, file_path: "file93.js"}], "xss", %{"file93.js" => "sha256:93"}, true, ~U[2025-12-10 20:25:22.146479Z], ~U[2025-09-11 20:25:22.146479Z], ~U[2025-09-11 20:25:22.146508Z], ~U[2025-09-11 20:25:22.146508Z]]
14:25:22.146 [debug] Cached validation stored
14:25:22.146 [debug] QUERY OK source="cached_validations" db=0.0ms
INSERT INTO "cached_validations" ("reason","cache_key","repository","confidence","forge_account_id","locations","vulnerability_type","file_hashes","is_false_positive","ttl_expires_at","cached_at","inserted_at","updated_at") VALUES ($1,$2,$3,$4,$5,$6,$7,$8,$9,$10,$11,$12,$13) ON CONFLICT ("cache_key") DO UPDATE SET "updated_at" = EXCLUDED."updated_at","inserted_at" = EXCLUDED."inserted_at","forge_account_id" = EXCLUDED."forge_account_id","invalidation_reason" = EXCLUDED."invalidation_reason","invalidated_at" = EXCLUDED."invalidated_at","ttl_expires_at" = EXCLUDED."ttl_expires_at","cached_at" = EXCLUDED."cached_at","full_result" = EXCLUDED."full_result","reason" = EXCLUDED."reason","confidence" = EXCLUDED."confidence","is_false_positive" = EXCLUDED."is_false_positive","file_hashes" = EXCLUDED."file_hashes","locations" = EXCLUDED."locations","vulnerability_type" = EXCLUDED."vulnerability_type","repository" = EXCLUDED."repository","cache_key" = EXCLUDED."cache_key" RETURNING "id","updated_at","inserted_at","forge_account_id","invalidation_reason","invalidated_at","ttl_expires_at","cached_at","full_result","reason","confidence","is_false_positive","file_hashes","locations","vulnerability_type","repository","cache_key" ["Bulk test 94", "56655/RSOLV-dev/large-repo/[file94.js:94]:xss", "RSOLV-dev/large-repo", Decimal.new("0.9"), 56655, [%{line: 94, file_path: "file94.js"}], "xss", %{"file94.js" => "sha256:94"}, true, ~U[2025-12-10 20:25:22.146651Z], ~U[2025-09-11 20:25:22.146651Z], ~U[2025-09-11 20:25:22.146680Z], ~U[2025-09-11 20:25:22.146680Z]]
14:25:22.146 [debug] Cached validation stored
14:25:22.147 [debug] QUERY OK source="cached_validations" db=0.0ms
INSERT INTO "cached_validations" ("reason","cache_key","repository","confidence","forge_account_id","locations","vulnerability_type","file_hashes","is_false_positive","ttl_expires_at","cached_at","inserted_at","updated_at") VALUES ($1,$2,$3,$4,$5,$6,$7,$8,$9,$10,$11,$12,$13) ON CONFLICT ("cache_key") DO UPDATE SET "updated_at" = EXCLUDED."updated_at","inserted_at" = EXCLUDED."inserted_at","forge_account_id" = EXCLUDED."forge_account_id","invalidation_reason" = EXCLUDED."invalidation_reason","invalidated_at" = EXCLUDED."invalidated_at","ttl_expires_at" = EXCLUDED."ttl_expires_at","cached_at" = EXCLUDED."cached_at","full_result" = EXCLUDED."full_result","reason" = EXCLUDED."reason","confidence" = EXCLUDED."confidence","is_false_positive" = EXCLUDED."is_false_positive","file_hashes" = EXCLUDED."file_hashes","locations" = EXCLUDED."locations","vulnerability_type" = EXCLUDED."vulnerability_type","repository" = EXCLUDED."repository","cache_key" = EXCLUDED."cache_key" RETURNING "id","updated_at","inserted_at","forge_account_id","invalidation_reason","invalidated_at","ttl_expires_at","cached_at","full_result","reason","confidence","is_false_positive","file_hashes","locations","vulnerability_type","repository","cache_key" ["Bulk test 95", "56655/RSOLV-dev/large-repo/[file95.js:95]:xss", "RSOLV-dev/large-repo", Decimal.new("0.9"), 56655, [%{line: 95, file_path: "file95.js"}], "xss", %{"file95.js" => "sha256:95"}, true, ~U[2025-12-10 20:25:22.146858Z], ~U[2025-09-11 20:25:22.146858Z], ~U[2025-09-11 20:25:22.146889Z], ~U[2025-09-11 20:25:22.146889Z]]
14:25:22.147 [debug] Cached validation stored
14:25:22.147 [debug] QUERY OK source="cached_validations" db=0.0ms
INSERT INTO "cached_validations" ("reason","cache_key","repository","confidence","forge_account_id","locations","vulnerability_type","file_hashes","is_false_positive","ttl_expires_at","cached_at","inserted_at","updated_at") VALUES ($1,$2,$3,$4,$5,$6,$7,$8,$9,$10,$11,$12,$13) ON CONFLICT ("cache_key") DO UPDATE SET "updated_at" = EXCLUDED."updated_at","inserted_at" = EXCLUDED."inserted_at","forge_account_id" = EXCLUDED."forge_account_id","invalidation_reason" = EXCLUDED."invalidation_reason","invalidated_at" = EXCLUDED."invalidated_at","ttl_expires_at" = EXCLUDED."ttl_expires_at","cached_at" = EXCLUDED."cached_at","full_result" = EXCLUDED."full_result","reason" = EXCLUDED."reason","confidence" = EXCLUDED."confidence","is_false_positive" = EXCLUDED."is_false_positive","file_hashes" = EXCLUDED."file_hashes","locations" = EXCLUDED."locations","vulnerability_type" = EXCLUDED."vulnerability_type","repository" = EXCLUDED."repository","cache_key" = EXCLUDED."cache_key" RETURNING "id","updated_at","inserted_at","forge_account_id","invalidation_reason","invalidated_at","ttl_expires_at","cached_at","full_result","reason","confidence","is_false_positive","file_hashes","locations","vulnerability_type","repository","cache_key" ["Bulk test 96", "56655/RSOLV-dev/large-repo/[file96.js:96]:xss", "RSOLV-dev/large-repo", Decimal.new("0.9"), 56655, [%{line: 96, file_path: "file96.js"}], "xss", %{"file96.js" => "sha256:96"}, true, ~U[2025-12-10 20:25:22.147055Z], ~U[2025-09-11 20:25:22.147055Z], ~U[2025-09-11 20:25:22.147083Z], ~U[2025-09-11 20:25:22.147083Z]]
14:25:22.147 [debug] Cached validation stored
14:25:22.147 [debug] QUERY OK source="cached_validations" db=0.0ms
INSERT INTO "cached_validations" ("reason","cache_key","repository","confidence","forge_account_id","locations","vulnerability_type","file_hashes","is_false_positive","ttl_expires_at","cached_at","inserted_at","updated_at") VALUES ($1,$2,$3,$4,$5,$6,$7,$8,$9,$10,$11,$12,$13) ON CONFLICT ("cache_key") DO UPDATE SET "updated_at" = EXCLUDED."updated_at","inserted_at" = EXCLUDED."inserted_at","forge_account_id" = EXCLUDED."forge_account_id","invalidation_reason" = EXCLUDED."invalidation_reason","invalidated_at" = EXCLUDED."invalidated_at","ttl_expires_at" = EXCLUDED."ttl_expires_at","cached_at" = EXCLUDED."cached_at","full_result" = EXCLUDED."full_result","reason" = EXCLUDED."reason","confidence" = EXCLUDED."confidence","is_false_positive" = EXCLUDED."is_false_positive","file_hashes" = EXCLUDED."file_hashes","locations" = EXCLUDED."locations","vulnerability_type" = EXCLUDED."vulnerability_type","repository" = EXCLUDED."repository","cache_key" = EXCLUDED."cache_key" RETURNING "id","updated_at","inserted_at","forge_account_id","invalidation_reason","invalidated_at","ttl_expires_at","cached_at","full_result","reason","confidence","is_false_positive","file_hashes","locations","vulnerability_type","repository","cache_key" ["Bulk test 97", "56655/RSOLV-dev/large-repo/[file97.js:97]:xss", "RSOLV-dev/large-repo", Decimal.new("0.9"), 56655, [%{line: 97, file_path: "file97.js"}], "xss", %{"file97.js" => "sha256:97"}, true, ~U[2025-12-10 20:25:22.147225Z], ~U[2025-09-11 20:25:22.147225Z], ~U[2025-09-11 20:25:22.147255Z], ~U[2025-09-11 20:25:22.147255Z]]
14:25:22.147 [debug] Cached validation stored
14:25:22.147 [debug] QUERY OK source="cached_validations" db=0.0ms
INSERT INTO "cached_validations" ("reason","cache_key","repository","confidence","forge_account_id","locations","vulnerability_type","file_hashes","is_false_positive","ttl_expires_at","cached_at","inserted_at","updated_at") VALUES ($1,$2,$3,$4,$5,$6,$7,$8,$9,$10,$11,$12,$13) ON CONFLICT ("cache_key") DO UPDATE SET "updated_at" = EXCLUDED."updated_at","inserted_at" = EXCLUDED."inserted_at","forge_account_id" = EXCLUDED."forge_account_id","invalidation_reason" = EXCLUDED."invalidation_reason","invalidated_at" = EXCLUDED."invalidated_at","ttl_expires_at" = EXCLUDED."ttl_expires_at","cached_at" = EXCLUDED."cached_at","full_result" = EXCLUDED."full_result","reason" = EXCLUDED."reason","confidence" = EXCLUDED."confidence","is_false_positive" = EXCLUDED."is_false_positive","file_hashes" = EXCLUDED."file_hashes","locations" = EXCLUDED."locations","vulnerability_type" = EXCLUDED."vulnerability_type","repository" = EXCLUDED."repository","cache_key" = EXCLUDED."cache_key" RETURNING "id","updated_at","inserted_at","forge_account_id","invalidation_reason","invalidated_at","ttl_expires_at","cached_at","full_result","reason","confidence","is_false_positive","file_hashes","locations","vulnerability_type","repository","cache_key" ["Bulk test 98", "56655/RSOLV-dev/large-repo/[file98.js:98]:xss", "RSOLV-dev/large-repo", Decimal.new("0.9"), 56655, [%{line: 98, file_path: "file98.js"}], "xss", %{"file98.js" => "sha256:98"}, true, ~U[2025-12-10 20:25:22.147381Z], ~U[2025-09-11 20:25:22.147381Z], ~U[2025-09-11 20:25:22.147408Z], ~U[2025-09-11 20:25:22.147408Z]]
14:25:22.147 [debug] Cached validation stored
14:25:22.147 [debug] QUERY OK source="cached_validations" db=0.0ms
INSERT INTO "cached_validations" ("reason","cache_key","repository","confidence","forge_account_id","locations","vulnerability_type","file_hashes","is_false_positive","ttl_expires_at","cached_at","inserted_at","updated_at") VALUES ($1,$2,$3,$4,$5,$6,$7,$8,$9,$10,$11,$12,$13) ON CONFLICT ("cache_key") DO UPDATE SET "updated_at" = EXCLUDED."updated_at","inserted_at" = EXCLUDED."inserted_at","forge_account_id" = EXCLUDED."forge_account_id","invalidation_reason" = EXCLUDED."invalidation_reason","invalidated_at" = EXCLUDED."invalidated_at","ttl_expires_at" = EXCLUDED."ttl_expires_at","cached_at" = EXCLUDED."cached_at","full_result" = EXCLUDED."full_result","reason" = EXCLUDED."reason","confidence" = EXCLUDED."confidence","is_false_positive" = EXCLUDED."is_false_positive","file_hashes" = EXCLUDED."file_hashes","locations" = EXCLUDED."locations","vulnerability_type" = EXCLUDED."vulnerability_type","repository" = EXCLUDED."repository","cache_key" = EXCLUDED."cache_key" RETURNING "id","updated_at","inserted_at","forge_account_id","invalidation_reason","invalidated_at","ttl_expires_at","cached_at","full_result","reason","confidence","is_false_positive","file_hashes","locations","vulnerability_type","repository","cache_key" ["Bulk test 99", "56655/RSOLV-dev/large-repo/[file99.js:99]:xss", "RSOLV-dev/large-repo", Decimal.new("0.9"), 56655, [%{line: 99, file_path: "file99.js"}], "xss", %{"file99.js" => "sha256:99"}, true, ~U[2025-12-10 20:25:22.147535Z], ~U[2025-09-11 20:25:22.147535Z], ~U[2025-09-11 20:25:22.147556Z], ~U[2025-09-11 20:25:22.147556Z]]
14:25:22.147 [debug] Cached validation stored
14:25:22.147 [debug] QUERY OK source="cached_validations" db=0.0ms
INSERT INTO "cached_validations" ("reason","cache_key","repository","confidence","forge_account_id","locations","vulnerability_type","file_hashes","is_false_positive","ttl_expires_at","cached_at","inserted_at","updated_at") VALUES ($1,$2,$3,$4,$5,$6,$7,$8,$9,$10,$11,$12,$13) ON CONFLICT ("cache_key") DO UPDATE SET "updated_at" = EXCLUDED."updated_at","inserted_at" = EXCLUDED."inserted_at","forge_account_id" = EXCLUDED."forge_account_id","invalidation_reason" = EXCLUDED."invalidation_reason","invalidated_at" = EXCLUDED."invalidated_at","ttl_expires_at" = EXCLUDED."ttl_expires_at","cached_at" = EXCLUDED."cached_at","full_result" = EXCLUDED."full_result","reason" = EXCLUDED."reason","confidence" = EXCLUDED."confidence","is_false_positive" = EXCLUDED."is_false_positive","file_hashes" = EXCLUDED."file_hashes","locations" = EXCLUDED."locations","vulnerability_type" = EXCLUDED."vulnerability_type","repository" = EXCLUDED."repository","cache_key" = EXCLUDED."cache_key" RETURNING "id","updated_at","inserted_at","forge_account_id","invalidation_reason","invalidated_at","ttl_expires_at","cached_at","full_result","reason","confidence","is_false_positive","file_hashes","locations","vulnerability_type","repository","cache_key" ["Bulk test 100", "56655/RSOLV-dev/large-repo/[file100.js:100]:xss", "RSOLV-dev/large-repo", Decimal.new("0.9"), 56655, [%{line: 100, file_path: "file100.js"}], "xss", %{"file100.js" => "sha256:100"}, true, ~U[2025-12-10 20:25:22.147686Z], ~U[2025-09-11 20:25:22.147686Z], ~U[2025-09-11 20:25:22.147714Z], ~U[2025-09-11 20:25:22.147714Z]]
14:25:22.147 [debug] Cached validation stored
14:25:22.149 [debug] QUERY OK source="cached_validations" db=1.1ms queue=0.1ms
UPDATE "cached_validations" AS c0 SET "invalidated_at" = $1, "invalidation_reason" = $2 WHERE (c0."forge_account_id" = $3) AND (c0."repository" = $4) AND (c0."invalidated_at" IS NULL) [~U[2025-09-11 20:25:22.147857Z], "repository_change", 56655, "RSOLV-dev/large-repo"]
14:25:22.149 [info] Invalidated all cache entries for repository
14:25:22.149 [debug] QUERY OK source="cached_validations" db=0.0ms
SELECT c0."id", c0."cache_key", c0."repository", c0."vulnerability_type", c0."locations", c0."file_hashes", c0."is_false_positive", c0."confidence", c0."reason", c0."full_result", c0."cached_at", c0."ttl_expires_at", c0."invalidated_at", c0."invalidation_reason", c0."forge_account_id", c0."inserted_at", c0."updated_at" FROM "cached_validations" AS c0 WHERE (c0."cache_key" = $1) AND (c0."invalidated_at" IS NULL) ["56655/RSOLV-dev/large-repo/[file1.js:1]:xss"]
14:25:22.149 [debug] Cache miss
14:25:22.149 [debug] QUERY OK source="cached_validations" db=0.0ms
SELECT c0."id", c0."cache_key", c0."repository", c0."vulnerability_type", c0."locations", c0."file_hashes", c0."is_false_positive", c0."confidence", c0."reason", c0."full_result", c0."cached_at", c0."ttl_expires_at", c0."invalidated_at", c0."invalidation_reason", c0."forge_account_id", c0."inserted_at", c0."updated_at" FROM "cached_validations" AS c0 WHERE (c0."cache_key" = $1) AND (c0."invalidated_at" IS NULL) ["56655/RSOLV-dev/large-repo/[file2.js:2]:xss"]
14:25:22.149 [debug] Cache miss
14:25:22.149 [debug] QUERY OK source="cached_validations" db=0.0ms
SELECT c0."id", c0."cache_key", c0."repository", c0."vulnerability_type", c0."locations", c0."file_hashes", c0."is_false_positive", c0."confidence", c0."reason", c0."full_result", c0."cached_at", c0."ttl_expires_at", c0."invalidated_at", c0."invalidation_reason", c0."forge_account_id", c0."inserted_at", c0."updated_at" FROM "cached_validations" AS c0 WHERE (c0."cache_key" = $1) AND (c0."invalidated_at" IS NULL) ["56655/RSOLV-dev/large-repo/[file3.js:3]:xss"]
14:25:22.149 [debug] Cache miss
14:25:22.149 [debug] QUERY OK source="cached_validations" db=0.0ms
SELECT c0."id", c0."cache_key", c0."repository", c0."vulnerability_type", c0."locations", c0."file_hashes", c0."is_false_positive", c0."confidence", c0."reason", c0."full_result", c0."cached_at", c0."ttl_expires_at", c0."invalidated_at", c0."invalidation_reason", c0."forge_account_id", c0."inserted_at", c0."updated_at" FROM "cached_validations" AS c0 WHERE (c0."cache_key" = $1) AND (c0."invalidated_at" IS NULL) ["56655/RSOLV-dev/large-repo/[file4.js:4]:xss"]
14:25:22.149 [debug] Cache miss
14:25:22.149 [debug] QUERY OK source="cached_validations" db=0.0ms
SELECT c0."id", c0."cache_key", c0."repository", c0."vulnerability_type", c0."locations", c0."file_hashes", c0."is_false_positive", c0."confidence", c0."reason", c0."full_result", c0."cached_at", c0."ttl_expires_at", c0."invalidated_at", c0."invalidation_reason", c0."forge_account_id", c0."inserted_at", c0."updated_at" FROM "cached_validations" AS c0 WHERE (c0."cache_key" = $1) AND (c0."invalidated_at" IS NULL) ["56655/RSOLV-dev/large-repo/[file5.js:5]:xss"]
14:25:22.149 [debug] Cache miss
14:25:22.149 [debug] QUERY OK source="cached_validations" db=0.0ms
SELECT c0."id", c0."cache_key", c0."repository", c0."vulnerability_type", c0."locations", c0."file_hashes", c0."is_false_positive", c0."confidence", c0."reason", c0."full_result", c0."cached_at", c0."ttl_expires_at", c0."invalidated_at", c0."invalidation_reason", c0."forge_account_id", c0."inserted_at", c0."updated_at" FROM "cached_validations" AS c0 WHERE (c0."cache_key" = $1) AND (c0."invalidated_at" IS NULL) ["56655/RSOLV-dev/large-repo/[file6.js:6]:xss"]
14:25:22.149 [debug] Cache miss
14:25:22.149 [debug] QUERY OK source="cached_validations" db=0.0ms
SELECT c0."id", c0."cache_key", c0."repository", c0."vulnerability_type", c0."locations", c0."file_hashes", c0."is_false_positive", c0."confidence", c0."reason", c0."full_result", c0."cached_at", c0."ttl_expires_at", c0."invalidated_at", c0."invalidation_reason", c0."forge_account_id", c0."inserted_at", c0."updated_at" FROM "cached_validations" AS c0 WHERE (c0."cache_key" = $1) AND (c0."invalidated_at" IS NULL) ["56655/RSOLV-dev/large-repo/[file7.js:7]:xss"]
14:25:22.149 [debug] Cache miss
14:25:22.149 [debug] QUERY OK source="cached_validations" db=0.0ms
SELECT c0."id", c0."cache_key", c0."repository", c0."vulnerability_type", c0."locations", c0."file_hashes", c0."is_false_positive", c0."confidence", c0."reason", c0."full_result", c0."cached_at", c0."ttl_expires_at", c0."invalidated_at", c0."invalidation_reason", c0."forge_account_id", c0."inserted_at", c0."updated_at" FROM "cached_validations" AS c0 WHERE (c0."cache_key" = $1) AND (c0."invalidated_at" IS NULL) ["56655/RSOLV-dev/large-repo/[file8.js:8]:xss"]
14:25:22.149 [debug] Cache miss
14:25:22.149 [debug] QUERY OK source="cached_validations" db=0.0ms
SELECT c0."id", c0."cache_key", c0."repository", c0."vulnerability_type", c0."locations", c0."file_hashes", c0."is_false_positive", c0."confidence", c0."reason", c0."full_result", c0."cached_at", c0."ttl_expires_at", c0."invalidated_at", c0."invalidation_reason", c0."forge_account_id", c0."inserted_at", c0."updated_at" FROM "cached_validations" AS c0 WHERE (c0."cache_key" = $1) AND (c0."invalidated_at" IS NULL) ["56655/RSOLV-dev/large-repo/[file9.js:9]:xss"]
14:25:22.149 [debug] Cache miss
14:25:22.149 [debug] QUERY OK source="cached_validations" db=0.0ms
SELECT c0."id", c0."cache_key", c0."repository", c0."vulnerability_type", c0."locations", c0."file_hashes", c0."is_false_positive", c0."confidence", c0."reason", c0."full_result", c0."cached_at", c0."ttl_expires_at", c0."invalidated_at", c0."invalidation_reason", c0."forge_account_id", c0."inserted_at", c0."updated_at" FROM "cached_validations" AS c0 WHERE (c0."cache_key" = $1) AND (c0."invalidated_at" IS NULL) ["56655/RSOLV-dev/large-repo/[file10.js:10]:xss"]
14:25:22.149 [debug] Cache miss
14:25:22.149 [debug] QUERY OK source="cached_validations" db=0.0ms
SELECT c0."id", c0."cache_key", c0."repository", c0."vulnerability_type", c0."locations", c0."file_hashes", c0."is_false_positive", c0."confidence", c0."reason", c0."full_result", c0."cached_at", c0."ttl_expires_at", c0."invalidated_at", c0."invalidation_reason", c0."forge_account_id", c0."inserted_at", c0."updated_at" FROM "cached_validations" AS c0 WHERE (c0."cache_key" = $1) AND (c0."invalidated_at" IS NULL) ["56655/RSOLV-dev/large-repo/[file11.js:11]:xss"]
14:25:22.149 [debug] Cache miss
14:25:22.149 [debug] QUERY OK source="cached_validations" db=0.0ms
SELECT c0."id", c0."cache_key", c0."repository", c0."vulnerability_type", c0."locations", c0."file_hashes", c0."is_false_positive", c0."confidence", c0."reason", c0."full_result", c0."cached_at", c0."ttl_expires_at", c0."invalidated_at", c0."invalidation_reason", c0."forge_account_id", c0."inserted_at", c0."updated_at" FROM "cached_validations" AS c0 WHERE (c0."cache_key" = $1) AND (c0."invalidated_at" IS NULL) ["56655/RSOLV-dev/large-repo/[file12.js:12]:xss"]
14:25:22.150 [debug] Cache miss
14:25:22.150 [debug] QUERY OK source="cached_validations" db=0.0ms
SELECT c0."id", c0."cache_key", c0."repository", c0."vulnerability_type", c0."locations", c0."file_hashes", c0."is_false_positive", c0."confidence", c0."reason", c0."full_result", c0."cached_at", c0."ttl_expires_at", c0."invalidated_at", c0."invalidation_reason", c0."forge_account_id", c0."inserted_at", c0."updated_at" FROM "cached_validations" AS c0 WHERE (c0."cache_key" = $1) AND (c0."invalidated_at" IS NULL) ["56655/RSOLV-dev/large-repo/[file13.js:13]:xss"]
14:25:22.150 [debug] Cache miss
14:25:22.150 [debug] QUERY OK source="cached_validations" db=0.0ms
SELECT c0."id", c0."cache_key", c0."repository", c0."vulnerability_type", c0."locations", c0."file_hashes", c0."is_false_positive", c0."confidence", c0."reason", c0."full_result", c0."cached_at", c0."ttl_expires_at", c0."invalidated_at", c0."invalidation_reason", c0."forge_account_id", c0."inserted_at", c0."updated_at" FROM "cached_validations" AS c0 WHERE (c0."cache_key" = $1) AND (c0."invalidated_at" IS NULL) ["56655/RSOLV-dev/large-repo/[file14.js:14]:xss"]
14:25:22.150 [debug] Cache miss
14:25:22.150 [debug] QUERY OK source="cached_validations" db=0.0ms
SELECT c0."id", c0."cache_key", c0."repository", c0."vulnerability_type", c0."locations", c0."file_hashes", c0."is_false_positive", c0."confidence", c0."reason", c0."full_result", c0."cached_at", c0."ttl_expires_at", c0."invalidated_at", c0."invalidation_reason", c0."forge_account_id", c0."inserted_at", c0."updated_at" FROM "cached_validations" AS c0 WHERE (c0."cache_key" = $1) AND (c0."invalidated_at" IS NULL) ["56655/RSOLV-dev/large-repo/[file15.js:15]:xss"]
14:25:22.150 [debug] Cache miss
14:25:22.150 [debug] QUERY OK source="cached_validations" db=0.0ms
SELECT c0."id", c0."cache_key", c0."repository", c0."vulnerability_type", c0."locations", c0."file_hashes", c0."is_false_positive", c0."confidence", c0."reason", c0."full_result", c0."cached_at", c0."ttl_expires_at", c0."invalidated_at", c0."invalidation_reason", c0."forge_account_id", c0."inserted_at", c0."updated_at" FROM "cached_validations" AS c0 WHERE (c0."cache_key" = $1) AND (c0."invalidated_at" IS NULL) ["56655/RSOLV-dev/large-repo/[file16.js:16]:xss"]
14:25:22.150 [debug] Cache miss
14:25:22.150 [debug] QUERY OK source="cached_validations" db=0.0ms
SELECT c0."id", c0."cache_key", c0."repository", c0."vulnerability_type", c0."locations", c0."file_hashes", c0."is_false_positive", c0."confidence", c0."reason", c0."full_result", c0."cached_at", c0."ttl_expires_at", c0."invalidated_at", c0."invalidation_reason", c0."forge_account_id", c0."inserted_at", c0."updated_at" FROM "cached_validations" AS c0 WHERE (c0."cache_key" = $1) AND (c0."invalidated_at" IS NULL) ["56655/RSOLV-dev/large-repo/[file17.js:17]:xss"]
14:25:22.150 [debug] Cache miss
14:25:22.150 [debug] QUERY OK source="cached_validations" db=0.0ms
SELECT c0."id", c0."cache_key", c0."repository", c0."vulnerability_type", c0."locations", c0."file_hashes", c0."is_false_positive", c0."confidence", c0."reason", c0."full_result", c0."cached_at", c0."ttl_expires_at", c0."invalidated_at", c0."invalidation_reason", c0."forge_account_id", c0."inserted_at", c0."updated_at" FROM "cached_validations" AS c0 WHERE (c0."cache_key" = $1) AND (c0."invalidated_at" IS NULL) ["56655/RSOLV-dev/large-repo/[file18.js:18]:xss"]
14:25:22.150 [debug] Cache miss
14:25:22.150 [debug] QUERY OK source="cached_validations" db=0.0ms
SELECT c0."id", c0."cache_key", c0."repository", c0."vulnerability_type", c0."locations", c0."file_hashes", c0."is_false_positive", c0."confidence", c0."reason", c0."full_result", c0."cached_at", c0."ttl_expires_at", c0."invalidated_at", c0."invalidation_reason", c0."forge_account_id", c0."inserted_at", c0."updated_at" FROM "cached_validations" AS c0 WHERE (c0."cache_key" = $1) AND (c0."invalidated_at" IS NULL) ["56655/RSOLV-dev/large-repo/[file19.js:19]:xss"]
14:25:22.150 [debug] Cache miss
14:25:22.150 [debug] QUERY OK source="cached_validations" db=0.0ms
SELECT c0."id", c0."cache_key", c0."repository", c0."vulnerability_type", c0."locations", c0."file_hashes", c0."is_false_positive", c0."confidence", c0."reason", c0."full_result", c0."cached_at", c0."ttl_expires_at", c0."invalidated_at", c0."invalidation_reason", c0."forge_account_id", c0."inserted_at", c0."updated_at" FROM "cached_validations" AS c0 WHERE (c0."cache_key" = $1) AND (c0."invalidated_at" IS NULL) ["56655/RSOLV-dev/large-repo/[file20.js:20]:xss"]
14:25:22.150 [debug] Cache miss
14:25:22.150 [debug] QUERY OK source="cached_validations" db=0.0ms
SELECT c0."id", c0."cache_key", c0."repository", c0."vulnerability_type", c0."locations", c0."file_hashes", c0."is_false_positive", c0."confidence", c0."reason", c0."full_result", c0."cached_at", c0."ttl_expires_at", c0."invalidated_at", c0."invalidation_reason", c0."forge_account_id", c0."inserted_at", c0."updated_at" FROM "cached_validations" AS c0 WHERE (c0."cache_key" = $1) AND (c0."invalidated_at" IS NULL) ["56655/RSOLV-dev/large-repo/[file21.js:21]:xss"]
14:25:22.150 [debug] Cache miss
14:25:22.150 [debug] QUERY OK source="cached_validations" db=0.0ms
SELECT c0."id", c0."cache_key", c0."repository", c0."vulnerability_type", c0."locations", c0."file_hashes", c0."is_false_positive", c0."confidence", c0."reason", c0."full_result", c0."cached_at", c0."ttl_expires_at", c0."invalidated_at", c0."invalidation_reason", c0."forge_account_id", c0."inserted_at", c0."updated_at" FROM "cached_validations" AS c0 WHERE (c0."cache_key" = $1) AND (c0."invalidated_at" IS NULL) ["56655/RSOLV-dev/large-repo/[file22.js:22]:xss"]
14:25:22.150 [debug] Cache miss
14:25:22.150 [debug] QUERY OK source="cached_validations" db=0.1ms
SELECT c0."id", c0."cache_key", c0."repository", c0."vulnerability_type", c0."locations", c0."file_hashes", c0."is_false_positive", c0."confidence", c0."reason", c0."full_result", c0."cached_at", c0."ttl_expires_at", c0."invalidated_at", c0."invalidation_reason", c0."forge_account_id", c0."inserted_at", c0."updated_at" FROM "cached_validations" AS c0 WHERE (c0."cache_key" = $1) AND (c0."invalidated_at" IS NULL) ["56655/RSOLV-dev/large-repo/[file23.js:23]:xss"]
14:25:22.150 [debug] Cache miss
14:25:22.151 [debug] QUERY OK source="cached_validations" db=0.1ms
SELECT c0."id", c0."cache_key", c0."repository", c0."vulnerability_type", c0."locations", c0."file_hashes", c0."is_false_positive", c0."confidence", c0."reason", c0."full_result", c0."cached_at", c0."ttl_expires_at", c0."invalidated_at", c0."invalidation_reason", c0."forge_account_id", c0."inserted_at", c0."updated_at" FROM "cached_validations" AS c0 WHERE (c0."cache_key" = $1) AND (c0."invalidated_at" IS NULL) ["56655/RSOLV-dev/large-repo/[file24.js:24]:xss"]
14:25:22.151 [debug] Cache miss
14:25:22.151 [debug] QUERY OK source="cached_validations" db=0.0ms
SELECT c0."id", c0."cache_key", c0."repository", c0."vulnerability_type", c0."locations", c0."file_hashes", c0."is_false_positive", c0."confidence", c0."reason", c0."full_result", c0."cached_at", c0."ttl_expires_at", c0."invalidated_at", c0."invalidation_reason", c0."forge_account_id", c0."inserted_at", c0."updated_at" FROM "cached_validations" AS c0 WHERE (c0."cache_key" = $1) AND (c0."invalidated_at" IS NULL) ["56655/RSOLV-dev/large-repo/[file25.js:25]:xss"]
14:25:22.151 [debug] Cache miss
14:25:22.151 [debug] QUERY OK source="cached_validations" db=0.0ms
SELECT c0."id", c0."cache_key", c0."repository", c0."vulnerability_type", c0."locations", c0."file_hashes", c0."is_false_positive", c0."confidence", c0."reason", c0."full_result", c0."cached_at", c0."ttl_expires_at", c0."invalidated_at", c0."invalidation_reason", c0."forge_account_id", c0."inserted_at", c0."updated_at" FROM "cached_validations" AS c0 WHERE (c0."cache_key" = $1) AND (c0."invalidated_at" IS NULL) ["56655/RSOLV-dev/large-repo/[file26.js:26]:xss"]
14:25:22.151 [debug] Cache miss
14:25:22.151 [debug] QUERY OK source="cached_validations" db=0.0ms
SELECT c0."id", c0."cache_key", c0."repository", c0."vulnerability_type", c0."locations", c0."file_hashes", c0."is_false_positive", c0."confidence", c0."reason", c0."full_result", c0."cached_at", c0."ttl_expires_at", c0."invalidated_at", c0."invalidation_reason", c0."forge_account_id", c0."inserted_at", c0."updated_at" FROM "cached_validations" AS c0 WHERE (c0."cache_key" = $1) AND (c0."invalidated_at" IS NULL) ["56655/RSOLV-dev/large-repo/[file27.js:27]:xss"]
14:25:22.151 [debug] Cache miss
14:25:22.151 [debug] QUERY OK source="cached_validations" db=0.1ms
SELECT c0."id", c0."cache_key", c0."repository", c0."vulnerability_type", c0."locations", c0."file_hashes", c0."is_false_positive", c0."confidence", c0."reason", c0."full_result", c0."cached_at", c0."ttl_expires_at", c0."invalidated_at", c0."invalidation_reason", c0."forge_account_id", c0."inserted_at", c0."updated_at" FROM "cached_validations" AS c0 WHERE (c0."cache_key" = $1) AND (c0."invalidated_at" IS NULL) ["56655/RSOLV-dev/large-repo/[file28.js:28]:xss"]
14:25:22.151 [debug] Cache miss
14:25:22.151 [debug] QUERY OK source="cached_validations" db=0.1ms
SELECT c0."id", c0."cache_key", c0."repository", c0."vulnerability_type", c0."locations", c0."file_hashes", c0."is_false_positive", c0."confidence", c0."reason", c0."full_result", c0."cached_at", c0."ttl_expires_at", c0."invalidated_at", c0."invalidation_reason", c0."forge_account_id", c0."inserted_at", c0."updated_at" FROM "cached_validations" AS c0 WHERE (c0."cache_key" = $1) AND (c0."invalidated_at" IS NULL) ["56655/RSOLV-dev/large-repo/[file29.js:29]:xss"]
14:25:22.151 [debug] Cache miss
14:25:22.151 [debug] QUERY OK source="cached_validations" db=0.1ms
SELECT c0."id", c0."cache_key", c0."repository", c0."vulnerability_type", c0."locations", c0."file_hashes", c0."is_false_positive", c0."confidence", c0."reason", c0."full_result", c0."cached_at", c0."ttl_expires_at", c0."invalidated_at", c0."invalidation_reason", c0."forge_account_id", c0."inserted_at", c0."updated_at" FROM "cached_validations" AS c0 WHERE (c0."cache_key" = $1) AND (c0."invalidated_at" IS NULL) ["56655/RSOLV-dev/large-repo/[file30.js:30]:xss"]
14:25:22.151 [debug] Cache miss
14:25:22.151 [debug] QUERY OK source="cached_validations" db=0.1ms
SELECT c0."id", c0."cache_key", c0."repository", c0."vulnerability_type", c0."locations", c0."file_hashes", c0."is_false_positive", c0."confidence", c0."reason", c0."full_result", c0."cached_at", c0."ttl_expires_at", c0."invalidated_at", c0."invalidation_reason", c0."forge_account_id", c0."inserted_at", c0."updated_at" FROM "cached_validations" AS c0 WHERE (c0."cache_key" = $1) AND (c0."invalidated_at" IS NULL) ["56655/RSOLV-dev/large-repo/[file31.js:31]:xss"]
14:25:22.151 [debug] Cache miss
14:25:22.152 [debug] QUERY OK source="cached_validations" db=0.0ms
SELECT c0."id", c0."cache_key", c0."repository", c0."vulnerability_type", c0."locations", c0."file_hashes", c0."is_false_positive", c0."confidence", c0."reason", c0."full_result", c0."cached_at", c0."ttl_expires_at", c0."invalidated_at", c0."invalidation_reason", c0."forge_account_id", c0."inserted_at", c0."updated_at" FROM "cached_validations" AS c0 WHERE (c0."cache_key" = $1) AND (c0."invalidated_at" IS NULL) ["56655/RSOLV-dev/large-repo/[file32.js:32]:xss"]
14:25:22.152 [debug] Cache miss
14:25:22.152 [debug] QUERY OK source="cached_validations" db=0.0ms
SELECT c0."id", c0."cache_key", c0."repository", c0."vulnerability_type", c0."locations", c0."file_hashes", c0."is_false_positive", c0."confidence", c0."reason", c0."full_result", c0."cached_at", c0."ttl_expires_at", c0."invalidated_at", c0."invalidation_reason", c0."forge_account_id", c0."inserted_at", c0."updated_at" FROM "cached_validations" AS c0 WHERE (c0."cache_key" = $1) AND (c0."invalidated_at" IS NULL) ["56655/RSOLV-dev/large-repo/[file33.js:33]:xss"]
14:25:22.152 [debug] Cache miss
14:25:22.152 [debug] QUERY OK source="cached_validations" db=0.0ms
SELECT c0."id", c0."cache_key", c0."repository", c0."vulnerability_type", c0."locations", c0."file_hashes", c0."is_false_positive", c0."confidence", c0."reason", c0."full_result", c0."cached_at", c0."ttl_expires_at", c0."invalidated_at", c0."invalidation_reason", c0."forge_account_id", c0."inserted_at", c0."updated_at" FROM "cached_validations" AS c0 WHERE (c0."cache_key" = $1) AND (c0."invalidated_at" IS NULL) ["56655/RSOLV-dev/large-repo/[file34.js:34]:xss"]
14:25:22.152 [debug] Cache miss
14:25:22.152 [debug] QUERY OK source="cached_validations" db=0.0ms
SELECT c0."id", c0."cache_key", c0."repository", c0."vulnerability_type", c0."locations", c0."file_hashes", c0."is_false_positive", c0."confidence", c0."reason", c0."full_result", c0."cached_at", c0."ttl_expires_at", c0."invalidated_at", c0."invalidation_reason", c0."forge_account_id", c0."inserted_at", c0."updated_at" FROM "cached_validations" AS c0 WHERE (c0."cache_key" = $1) AND (c0."invalidated_at" IS NULL) ["56655/RSOLV-dev/large-repo/[file35.js:35]:xss"]
14:25:22.152 [debug] Cache miss
14:25:22.152 [debug] QUERY OK source="cached_validations" db=0.0ms
SELECT c0."id", c0."cache_key", c0."repository", c0."vulnerability_type", c0."locations", c0."file_hashes", c0."is_false_positive", c0."confidence", c0."reason", c0."full_result", c0."cached_at", c0."ttl_expires_at", c0."invalidated_at", c0."invalidation_reason", c0."forge_account_id", c0."inserted_at", c0."updated_at" FROM "cached_validations" AS c0 WHERE (c0."cache_key" = $1) AND (c0."invalidated_at" IS NULL) ["56655/RSOLV-dev/large-repo/[file36.js:36]:xss"]
14:25:22.152 [debug] Cache miss
14:25:22.152 [debug] QUERY OK source="cached_validations" db=0.0ms
SELECT c0."id", c0."cache_key", c0."repository", c0."vulnerability_type", c0."locations", c0."file_hashes", c0."is_false_positive", c0."confidence", c0."reason", c0."full_result", c0."cached_at", c0."ttl_expires_at", c0."invalidated_at", c0."invalidation_reason", c0."forge_account_id", c0."inserted_at", c0."updated_at" FROM "cached_validations" AS c0 WHERE (c0."cache_key" = $1) AND (c0."invalidated_at" IS NULL) ["56655/RSOLV-dev/large-repo/[file37.js:37]:xss"]
14:25:22.152 [debug] Cache miss
14:25:22.152 [debug] QUERY OK source="cached_validations" db=0.0ms
SELECT c0."id", c0."cache_key", c0."repository", c0."vulnerability_type", c0."locations", c0."file_hashes", c0."is_false_positive", c0."confidence", c0."reason", c0."full_result", c0."cached_at", c0."ttl_expires_at", c0."invalidated_at", c0."invalidation_reason", c0."forge_account_id", c0."inserted_at", c0."updated_at" FROM "cached_validations" AS c0 WHERE (c0."cache_key" = $1) AND (c0."invalidated_at" IS NULL) ["56655/RSOLV-dev/large-repo/[file38.js:38]:xss"]
14:25:22.152 [debug] Cache miss
14:25:22.152 [debug] QUERY OK source="cached_validations" db=0.0ms
SELECT c0."id", c0."cache_key", c0."repository", c0."vulnerability_type", c0."locations", c0."file_hashes", c0."is_false_positive", c0."confidence", c0."reason", c0."full_result", c0."cached_at", c0."ttl_expires_at", c0."invalidated_at", c0."invalidation_reason", c0."forge_account_id", c0."inserted_at", c0."updated_at" FROM "cached_validations" AS c0 WHERE (c0."cache_key" = $1) AND (c0."invalidated_at" IS NULL) ["56655/RSOLV-dev/large-repo/[file39.js:39]:xss"]
14:25:22.152 [debug] Cache miss
14:25:22.152 [debug] QUERY OK source="cached_validations" db=0.1ms
SELECT c0."id", c0."cache_key", c0."repository", c0."vulnerability_type", c0."locations", c0."file_hashes", c0."is_false_positive", c0."confidence", c0."reason", c0."full_result", c0."cached_at", c0."ttl_expires_at", c0."invalidated_at", c0."invalidation_reason", c0."forge_account_id", c0."inserted_at", c0."updated_at" FROM "cached_validations" AS c0 WHERE (c0."cache_key" = $1) AND (c0."invalidated_at" IS NULL) ["56655/RSOLV-dev/large-repo/[file40.js:40]:xss"]
14:25:22.152 [debug] Cache miss
14:25:22.152 [debug] QUERY OK source="cached_validations" db=0.0ms
SELECT c0."id", c0."cache_key", c0."repository", c0."vulnerability_type", c0."locations", c0."file_hashes", c0."is_false_positive", c0."confidence", c0."reason", c0."full_result", c0."cached_at", c0."ttl_expires_at", c0."invalidated_at", c0."invalidation_reason", c0."forge_account_id", c0."inserted_at", c0."updated_at" FROM "cached_validations" AS c0 WHERE (c0."cache_key" = $1) AND (c0."invalidated_at" IS NULL) ["56655/RSOLV-dev/large-repo/[file41.js:41]:xss"]
14:25:22.152 [debug] Cache miss
14:25:22.152 [debug] QUERY OK source="cached_validations" db=0.0ms
SELECT c0."id", c0."cache_key", c0."repository", c0."vulnerability_type", c0."locations", c0."file_hashes", c0."is_false_positive", c0."confidence", c0."reason", c0."full_result", c0."cached_at", c0."ttl_expires_at", c0."invalidated_at", c0."invalidation_reason", c0."forge_account_id", c0."inserted_at", c0."updated_at" FROM "cached_validations" AS c0 WHERE (c0."cache_key" = $1) AND (c0."invalidated_at" IS NULL) ["56655/RSOLV-dev/large-repo/[file42.js:42]:xss"]
14:25:22.152 [debug] Cache miss
14:25:22.152 [debug] QUERY OK source="cached_validations" db=0.0ms
SELECT c0."id", c0."cache_key", c0."repository", c0."vulnerability_type", c0."locations", c0."file_hashes", c0."is_false_positive", c0."confidence", c0."reason", c0."full_result", c0."cached_at", c0."ttl_expires_at", c0."invalidated_at", c0."invalidation_reason", c0."forge_account_id", c0."inserted_at", c0."updated_at" FROM "cached_validations" AS c0 WHERE (c0."cache_key" = $1) AND (c0."invalidated_at" IS NULL) ["56655/RSOLV-dev/large-repo/[file43.js:43]:xss"]
14:25:22.152 [debug] Cache miss
14:25:22.152 [debug] QUERY OK source="cached_validations" db=0.0ms
SELECT c0."id", c0."cache_key", c0."repository", c0."vulnerability_type", c0."locations", c0."file_hashes", c0."is_false_positive", c0."confidence", c0."reason", c0."full_result", c0."cached_at", c0."ttl_expires_at", c0."invalidated_at", c0."invalidation_reason", c0."forge_account_id", c0."inserted_at", c0."updated_at" FROM "cached_validations" AS c0 WHERE (c0."cache_key" = $1) AND (c0."invalidated_at" IS NULL) ["56655/RSOLV-dev/large-repo/[file44.js:44]:xss"]
14:25:22.152 [debug] Cache miss
14:25:22.152 [debug] QUERY OK source="cached_validations" db=0.0ms
SELECT c0."id", c0."cache_key", c0."repository", c0."vulnerability_type", c0."locations", c0."file_hashes", c0."is_false_positive", c0."confidence", c0."reason", c0."full_result", c0."cached_at", c0."ttl_expires_at", c0."invalidated_at", c0."invalidation_reason", c0."forge_account_id", c0."inserted_at", c0."updated_at" FROM "cached_validations" AS c0 WHERE (c0."cache_key" = $1) AND (c0."invalidated_at" IS NULL) ["56655/RSOLV-dev/large-repo/[file45.js:45]:xss"]
14:25:22.152 [debug] Cache miss
14:25:22.152 [debug] QUERY OK source="cached_validations" db=0.0ms
SELECT c0."id", c0."cache_key", c0."repository", c0."vulnerability_type", c0."locations", c0."file_hashes", c0."is_false_positive", c0."confidence", c0."reason", c0."full_result", c0."cached_at", c0."ttl_expires_at", c0."invalidated_at", c0."invalidation_reason", c0."forge_account_id", c0."inserted_at", c0."updated_at" FROM "cached_validations" AS c0 WHERE (c0."cache_key" = $1) AND (c0."invalidated_at" IS NULL) ["56655/RSOLV-dev/large-repo/[file46.js:46]:xss"]
14:25:22.152 [debug] Cache miss
14:25:22.152 [debug] QUERY OK source="cached_validations" db=0.1ms
SELECT c0."id", c0."cache_key", c0."repository", c0."vulnerability_type", c0."locations", c0."file_hashes", c0."is_false_positive", c0."confidence", c0."reason", c0."full_result", c0."cached_at", c0."ttl_expires_at", c0."invalidated_at", c0."invalidation_reason", c0."forge_account_id", c0."inserted_at", c0."updated_at" FROM "cached_validations" AS c0 WHERE (c0."cache_key" = $1) AND (c0."invalidated_at" IS NULL) ["56655/RSOLV-dev/large-repo/[file47.js:47]:xss"]
14:25:22.152 [debug] Cache miss
14:25:22.153 [debug] QUERY OK source="cached_validations" db=0.1ms
SELECT c0."id", c0."cache_key", c0."repository", c0."vulnerability_type", c0."locations", c0."file_hashes", c0."is_false_positive", c0."confidence", c0."reason", c0."full_result", c0."cached_at", c0."ttl_expires_at", c0."invalidated_at", c0."invalidation_reason", c0."forge_account_id", c0."inserted_at", c0."updated_at" FROM "cached_validations" AS c0 WHERE (c0."cache_key" = $1) AND (c0."invalidated_at" IS NULL) ["56655/RSOLV-dev/large-repo/[file48.js:48]:xss"]
14:25:22.153 [debug] Cache miss
14:25:22.153 [debug] QUERY OK source="cached_validations" db=0.1ms
SELECT c0."id", c0."cache_key", c0."repository", c0."vulnerability_type", c0."locations", c0."file_hashes", c0."is_false_positive", c0."confidence", c0."reason", c0."full_result", c0."cached_at", c0."ttl_expires_at", c0."invalidated_at", c0."invalidation_reason", c0."forge_account_id", c0."inserted_at", c0."updated_at" FROM "cached_validations" AS c0 WHERE (c0."cache_key" = $1) AND (c0."invalidated_at" IS NULL) ["56655/RSOLV-dev/large-repo/[file49.js:49]:xss"]
14:25:22.153 [debug] Cache miss
14:25:22.153 [debug] QUERY OK source="cached_validations" db=0.0ms
SELECT c0."id", c0."cache_key", c0."repository", c0."vulnerability_type", c0."locations", c0."file_hashes", c0."is_false_positive", c0."confidence", c0."reason", c0."full_result", c0."cached_at", c0."ttl_expires_at", c0."invalidated_at", c0."invalidation_reason", c0."forge_account_id", c0."inserted_at", c0."updated_at" FROM "cached_validations" AS c0 WHERE (c0."cache_key" = $1) AND (c0."invalidated_at" IS NULL) ["56655/RSOLV-dev/large-repo/[file50.js:50]:xss"]
14:25:22.153 [debug] Cache miss
14:25:22.153 [debug] QUERY OK source="cached_validations" db=0.1ms
SELECT c0."id", c0."cache_key", c0."repository", c0."vulnerability_type", c0."locations", c0."file_hashes", c0."is_false_positive", c0."confidence", c0."reason", c0."full_result", c0."cached_at", c0."ttl_expires_at", c0."invalidated_at", c0."invalidation_reason", c0."forge_account_id", c0."inserted_at", c0."updated_at" FROM "cached_validations" AS c0 WHERE (c0."cache_key" = $1) AND (c0."invalidated_at" IS NULL) ["56655/RSOLV-dev/large-repo/[file51.js:51]:xss"]
14:25:22.153 [debug] Cache miss
14:25:22.153 [debug] QUERY OK source="cached_validations" db=0.1ms
SELECT c0."id", c0."cache_key", c0."repository", c0."vulnerability_type", c0."locations", c0."file_hashes", c0."is_false_positive", c0."confidence", c0."reason", c0."full_result", c0."cached_at", c0."ttl_expires_at", c0."invalidated_at", c0."invalidation_reason", c0."forge_account_id", c0."inserted_at", c0."updated_at" FROM "cached_validations" AS c0 WHERE (c0."cache_key" = $1) AND (c0."invalidated_at" IS NULL) ["56655/RSOLV-dev/large-repo/[file52.js:52]:xss"]
14:25:22.153 [debug] Cache miss
14:25:22.153 [debug] QUERY OK source="cached_validations" db=0.1ms
SELECT c0."id", c0."cache_key", c0."repository", c0."vulnerability_type", c0."locations", c0."file_hashes", c0."is_false_positive", c0."confidence", c0."reason", c0."full_result", c0."cached_at", c0."ttl_expires_at", c0."invalidated_at", c0."invalidation_reason", c0."forge_account_id", c0."inserted_at", c0."updated_at" FROM "cached_validations" AS c0 WHERE (c0."cache_key" = $1) AND (c0."invalidated_at" IS NULL) ["56655/RSOLV-dev/large-repo/[file53.js:53]:xss"]
14:25:22.153 [debug] Cache miss
14:25:22.153 [debug] QUERY OK source="cached_validations" db=0.0ms
SELECT c0."id", c0."cache_key", c0."repository", c0."vulnerability_type", c0."locations", c0."file_hashes", c0."is_false_positive", c0."confidence", c0."reason", c0."full_result", c0."cached_at", c0."ttl_expires_at", c0."invalidated_at", c0."invalidation_reason", c0."forge_account_id", c0."inserted_at", c0."updated_at" FROM "cached_validations" AS c0 WHERE (c0."cache_key" = $1) AND (c0."invalidated_at" IS NULL) ["56655/RSOLV-dev/large-repo/[file54.js:54]:xss"]
14:25:22.153 [debug] Cache miss
14:25:22.153 [debug] QUERY OK source="cached_validations" db=0.0ms
SELECT c0."id", c0."cache_key", c0."repository", c0."vulnerability_type", c0."locations", c0."file_hashes", c0."is_false_positive", c0."confidence", c0."reason", c0."full_result", c0."cached_at", c0."ttl_expires_at", c0."invalidated_at", c0."invalidation_reason", c0."forge_account_id", c0."inserted_at", c0."updated_at" FROM "cached_validations" AS c0 WHERE (c0."cache_key" = $1) AND (c0."invalidated_at" IS NULL) ["56655/RSOLV-dev/large-repo/[file55.js:55]:xss"]
14:25:22.153 [debug] Cache miss
14:25:22.154 [debug] QUERY OK source="cached_validations" db=0.0ms
SELECT c0."id", c0."cache_key", c0."repository", c0."vulnerability_type", c0."locations", c0."file_hashes", c0."is_false_positive", c0."confidence", c0."reason", c0."full_result", c0."cached_at", c0."ttl_expires_at", c0."invalidated_at", c0."invalidation_reason", c0."forge_account_id", c0."inserted_at", c0."updated_at" FROM "cached_validations" AS c0 WHERE (c0."cache_key" = $1) AND (c0."invalidated_at" IS NULL) ["56655/RSOLV-dev/large-repo/[file56.js:56]:xss"]
14:25:22.154 [debug] Cache miss
14:25:22.154 [debug] QUERY OK source="cached_validations" db=0.0ms
SELECT c0."id", c0."cache_key", c0."repository", c0."vulnerability_type", c0."locations", c0."file_hashes", c0."is_false_positive", c0."confidence", c0."reason", c0."full_result", c0."cached_at", c0."ttl_expires_at", c0."invalidated_at", c0."invalidation_reason", c0."forge_account_id", c0."inserted_at", c0."updated_at" FROM "cached_validations" AS c0 WHERE (c0."cache_key" = $1) AND (c0."invalidated_at" IS NULL) ["56655/RSOLV-dev/large-repo/[file57.js:57]:xss"]
14:25:22.154 [debug] Cache miss
14:25:22.154 [debug] QUERY OK source="cached_validations" db=0.0ms
SELECT c0."id", c0."cache_key", c0."repository", c0."vulnerability_type", c0."locations", c0."file_hashes", c0."is_false_positive", c0."confidence", c0."reason", c0."full_result", c0."cached_at", c0."ttl_expires_at", c0."invalidated_at", c0."invalidation_reason", c0."forge_account_id", c0."inserted_at", c0."updated_at" FROM "cached_validations" AS c0 WHERE (c0."cache_key" = $1) AND (c0."invalidated_at" IS NULL) ["56655/RSOLV-dev/large-repo/[file58.js:58]:xss"]
14:25:22.154 [debug] Cache miss
14:25:22.154 [debug] QUERY OK source="cached_validations" db=0.0ms
SELECT c0."id", c0."cache_key", c0."repository", c0."vulnerability_type", c0."locations", c0."file_hashes", c0."is_false_positive", c0."confidence", c0."reason", c0."full_result", c0."cached_at", c0."ttl_expires_at", c0."invalidated_at", c0."invalidation_reason", c0."forge_account_id", c0."inserted_at", c0."updated_at" FROM "cached_validations" AS c0 WHERE (c0."cache_key" = $1) AND (c0."invalidated_at" IS NULL) ["56655/RSOLV-dev/large-repo/[file59.js:59]:xss"]
14:25:22.154 [debug] Cache miss
14:25:22.154 [debug] QUERY OK source="cached_validations" db=0.0ms
SELECT c0."id", c0."cache_key", c0."repository", c0."vulnerability_type", c0."locations", c0."file_hashes", c0."is_false_positive", c0."confidence", c0."reason", c0."full_result", c0."cached_at", c0."ttl_expires_at", c0."invalidated_at", c0."invalidation_reason", c0."forge_account_id", c0."inserted_at", c0."updated_at" FROM "cached_validations" AS c0 WHERE (c0."cache_key" = $1) AND (c0."invalidated_at" IS NULL) ["56655/RSOLV-dev/large-repo/[file60.js:60]:xss"]
14:25:22.154 [debug] Cache miss
14:25:22.154 [debug] QUERY OK source="cached_validations" db=0.0ms
SELECT c0."id", c0."cache_key", c0."repository", c0."vulnerability_type", c0."locations", c0."file_hashes", c0."is_false_positive", c0."confidence", c0."reason", c0."full_result", c0."cached_at", c0."ttl_expires_at", c0."invalidated_at", c0."invalidation_reason", c0."forge_account_id", c0."inserted_at", c0."updated_at" FROM "cached_validations" AS c0 WHERE (c0."cache_key" = $1) AND (c0."invalidated_at" IS NULL) ["56655/RSOLV-dev/large-repo/[file61.js:61]:xss"]
14:25:22.154 [debug] Cache miss
14:25:22.154 [debug] QUERY OK source="cached_validations" db=0.0ms
SELECT c0."id", c0."cache_key", c0."repository", c0."vulnerability_type", c0."locations", c0."file_hashes", c0."is_false_positive", c0."confidence", c0."reason", c0."full_result", c0."cached_at", c0."ttl_expires_at", c0."invalidated_at", c0."invalidation_reason", c0."forge_account_id", c0."inserted_at", c0."updated_at" FROM "cached_validations" AS c0 WHERE (c0."cache_key" = $1) AND (c0."invalidated_at" IS NULL) ["56655/RSOLV-dev/large-repo/[file62.js:62]:xss"]
14:25:22.154 [debug] Cache miss
14:25:22.154 [debug] QUERY OK source="cached_validations" db=0.0ms
SELECT c0."id", c0."cache_key", c0."repository", c0."vulnerability_type", c0."locations", c0."file_hashes", c0."is_false_positive", c0."confidence", c0."reason", c0."full_result", c0."cached_at", c0."ttl_expires_at", c0."invalidated_at", c0."invalidation_reason", c0."forge_account_id", c0."inserted_at", c0."updated_at" FROM "cached_validations" AS c0 WHERE (c0."cache_key" = $1) AND (c0."invalidated_at" IS NULL) ["56655/RSOLV-dev/large-repo/[file63.js:63]:xss"]
14:25:22.154 [debug] Cache miss
14:25:22.154 [debug] QUERY OK source="cached_validations" db=0.0ms
SELECT c0."id", c0."cache_key", c0."repository", c0."vulnerability_type", c0."locations", c0."file_hashes", c0."is_false_positive", c0."confidence", c0."reason", c0."full_result", c0."cached_at", c0."ttl_expires_at", c0."invalidated_at", c0."invalidation_reason", c0."forge_account_id", c0."inserted_at", c0."updated_at" FROM "cached_validations" AS c0 WHERE (c0."cache_key" = $1) AND (c0."invalidated_at" IS NULL) ["56655/RSOLV-dev/large-repo/[file64.js:64]:xss"]
14:25:22.154 [debug] Cache miss
14:25:22.154 [debug] QUERY OK source="cached_validations" db=0.0ms
SELECT c0."id", c0."cache_key", c0."repository", c0."vulnerability_type", c0."locations", c0."file_hashes", c0."is_false_positive", c0."confidence", c0."reason", c0."full_result", c0."cached_at", c0."ttl_expires_at", c0."invalidated_at", c0."invalidation_reason", c0."forge_account_id", c0."inserted_at", c0."updated_at" FROM "cached_validations" AS c0 WHERE (c0."cache_key" = $1) AND (c0."invalidated_at" IS NULL) ["56655/RSOLV-dev/large-repo/[file65.js:65]:xss"]
14:25:22.154 [debug] Cache miss
14:25:22.154 [debug] QUERY OK source="cached_validations" db=0.0ms
SELECT c0."id", c0."cache_key", c0."repository", c0."vulnerability_type", c0."locations", c0."file_hashes", c0."is_false_positive", c0."confidence", c0."reason", c0."full_result", c0."cached_at", c0."ttl_expires_at", c0."invalidated_at", c0."invalidation_reason", c0."forge_account_id", c0."inserted_at", c0."updated_at" FROM "cached_validations" AS c0 WHERE (c0."cache_key" = $1) AND (c0."invalidated_at" IS NULL) ["56655/RSOLV-dev/large-repo/[file66.js:66]:xss"]
14:25:22.154 [debug] Cache miss
14:25:22.154 [debug] QUERY OK source="cached_validations" db=0.1ms
SELECT c0."id", c0."cache_key", c0."repository", c0."vulnerability_type", c0."locations", c0."file_hashes", c0."is_false_positive", c0."confidence", c0."reason", c0."full_result", c0."cached_at", c0."ttl_expires_at", c0."invalidated_at", c0."invalidation_reason", c0."forge_account_id", c0."inserted_at", c0."updated_at" FROM "cached_validations" AS c0 WHERE (c0."cache_key" = $1) AND (c0."invalidated_at" IS NULL) ["56655/RSOLV-dev/large-repo/[file67.js:67]:xss"]
14:25:22.154 [debug] Cache miss
14:25:22.154 [debug] QUERY OK source="cached_validations" db=0.0ms
SELECT c0."id", c0."cache_key", c0."repository", c0."vulnerability_type", c0."locations", c0."file_hashes", c0."is_false_positive", c0."confidence", c0."reason", c0."full_result", c0."cached_at", c0."ttl_expires_at", c0."invalidated_at", c0."invalidation_reason", c0."forge_account_id", c0."inserted_at", c0."updated_at" FROM "cached_validations" AS c0 WHERE (c0."cache_key" = $1) AND (c0."invalidated_at" IS NULL) ["56655/RSOLV-dev/large-repo/[file68.js:68]:xss"]
14:25:22.154 [debug] Cache miss
14:25:22.154 [debug] QUERY OK source="cached_validations" db=0.0ms
SELECT c0."id", c0."cache_key", c0."repository", c0."vulnerability_type", c0."locations", c0."file_hashes", c0."is_false_positive", c0."confidence", c0."reason", c0."full_result", c0."cached_at", c0."ttl_expires_at", c0."invalidated_at", c0."invalidation_reason", c0."forge_account_id", c0."inserted_at", c0."updated_at" FROM "cached_validations" AS c0 WHERE (c0."cache_key" = $1) AND (c0."invalidated_at" IS NULL) ["56655/RSOLV-dev/large-repo/[file69.js:69]:xss"]
14:25:22.154 [debug] Cache miss
14:25:22.155 [debug] QUERY OK source="cached_validations" db=0.0ms
SELECT c0."id", c0."cache_key", c0."repository", c0."vulnerability_type", c0."locations", c0."file_hashes", c0."is_false_positive", c0."confidence", c0."reason", c0."full_result", c0."cached_at", c0."ttl_expires_at", c0."invalidated_at", c0."invalidation_reason", c0."forge_account_id", c0."inserted_at", c0."updated_at" FROM "cached_validations" AS c0 WHERE (c0."cache_key" = $1) AND (c0."invalidated_at" IS NULL) ["56655/RSOLV-dev/large-repo/[file70.js:70]:xss"]
14:25:22.155 [debug] Cache miss
14:25:22.155 [debug] QUERY OK source="cached_validations" db=0.0ms
SELECT c0."id", c0."cache_key", c0."repository", c0."vulnerability_type", c0."locations", c0."file_hashes", c0."is_false_positive", c0."confidence", c0."reason", c0."full_result", c0."cached_at", c0."ttl_expires_at", c0."invalidated_at", c0."invalidation_reason", c0."forge_account_id", c0."inserted_at", c0."updated_at" FROM "cached_validations" AS c0 WHERE (c0."cache_key" = $1) AND (c0."invalidated_at" IS NULL) ["56655/RSOLV-dev/large-repo/[file71.js:71]:xss"]
14:25:22.155 [debug] Cache miss
14:25:22.155 [debug] QUERY OK source="cached_validations" db=0.0ms
SELECT c0."id", c0."cache_key", c0."repository", c0."vulnerability_type", c0."locations", c0."file_hashes", c0."is_false_positive", c0."confidence", c0."reason", c0."full_result", c0."cached_at", c0."ttl_expires_at", c0."invalidated_at", c0."invalidation_reason", c0."forge_account_id", c0."inserted_at", c0."updated_at" FROM "cached_validations" AS c0 WHERE (c0."cache_key" = $1) AND (c0."invalidated_at" IS NULL) ["56655/RSOLV-dev/large-repo/[file72.js:72]:xss"]
14:25:22.155 [debug] Cache miss
14:25:22.155 [debug] QUERY OK source="cached_validations" db=0.0ms
SELECT c0."id", c0."cache_key", c0."repository", c0."vulnerability_type", c0."locations", c0."file_hashes", c0."is_false_positive", c0."confidence", c0."reason", c0."full_result", c0."cached_at", c0."ttl_expires_at", c0."invalidated_at", c0."invalidation_reason", c0."forge_account_id", c0."inserted_at", c0."updated_at" FROM "cached_validations" AS c0 WHERE (c0."cache_key" = $1) AND (c0."invalidated_at" IS NULL) ["56655/RSOLV-dev/large-repo/[file73.js:73]:xss"]
14:25:22.155 [debug] Cache miss
14:25:22.155 [debug] QUERY OK source="cached_validations" db=0.0ms
SELECT c0."id", c0."cache_key", c0."repository", c0."vulnerability_type", c0."locations", c0."file_hashes", c0."is_false_positive", c0."confidence", c0."reason", c0."full_result", c0."cached_at", c0."ttl_expires_at", c0."invalidated_at", c0."invalidation_reason", c0."forge_account_id", c0."inserted_at", c0."updated_at" FROM "cached_validations" AS c0 WHERE (c0."cache_key" = $1) AND (c0."invalidated_at" IS NULL) ["56655/RSOLV-dev/large-repo/[file74.js:74]:xss"]
14:25:22.155 [debug] Cache miss
14:25:22.155 [debug] QUERY OK source="cached_validations" db=0.0ms
SELECT c0."id", c0."cache_key", c0."repository", c0."vulnerability_type", c0."locations", c0."file_hashes", c0."is_false_positive", c0."confidence", c0."reason", c0."full_result", c0."cached_at", c0."ttl_expires_at", c0."invalidated_at", c0."invalidation_reason", c0."forge_account_id", c0."inserted_at", c0."updated_at" FROM "cached_validations" AS c0 WHERE (c0."cache_key" = $1) AND (c0."invalidated_at" IS NULL) ["56655/RSOLV-dev/large-repo/[file75.js:75]:xss"]
14:25:22.155 [debug] Cache miss
14:25:22.155 [debug] QUERY OK source="cached_validations" db=0.0ms
SELECT c0."id", c0."cache_key", c0."repository", c0."vulnerability_type", c0."locations", c0."file_hashes", c0."is_false_positive", c0."confidence", c0."reason", c0."full_result", c0."cached_at", c0."ttl_expires_at", c0."invalidated_at", c0."invalidation_reason", c0."forge_account_id", c0."inserted_at", c0."updated_at" FROM "cached_validations" AS c0 WHERE (c0."cache_key" = $1) AND (c0."invalidated_at" IS NULL) ["56655/RSOLV-dev/large-repo/[file76.js:76]:xss"]
14:25:22.155 [debug] Cache miss
14:25:22.155 [debug] QUERY OK source="cached_validations" db=0.0ms
SELECT c0."id", c0."cache_key", c0."repository", c0."vulnerability_type", c0."locations", c0."file_hashes", c0."is_false_positive", c0."confidence", c0."reason", c0."full_result", c0."cached_at", c0."ttl_expires_at", c0."invalidated_at", c0."invalidation_reason", c0."forge_account_id", c0."inserted_at", c0."updated_at" FROM "cached_validations" AS c0 WHERE (c0."cache_key" = $1) AND (c0."invalidated_at" IS NULL) ["56655/RSOLV-dev/large-repo/[file77.js:77]:xss"]
14:25:22.155 [debug] Cache miss
14:25:22.155 [debug] QUERY OK source="cached_validations" db=0.0ms
SELECT c0."id", c0."cache_key", c0."repository", c0."vulnerability_type", c0."locations", c0."file_hashes", c0."is_false_positive", c0."confidence", c0."reason", c0."full_result", c0."cached_at", c0."ttl_expires_at", c0."invalidated_at", c0."invalidation_reason", c0."forge_account_id", c0."inserted_at", c0."updated_at" FROM "cached_validations" AS c0 WHERE (c0."cache_key" = $1) AND (c0."invalidated_at" IS NULL) ["56655/RSOLV-dev/large-repo/[file78.js:78]:xss"]
14:25:22.155 [debug] Cache miss
14:25:22.155 [debug] QUERY OK source="cached_validations" db=0.0ms
SELECT c0."id", c0."cache_key", c0."repository", c0."vulnerability_type", c0."locations", c0."file_hashes", c0."is_false_positive", c0."confidence", c0."reason", c0."full_result", c0."cached_at", c0."ttl_expires_at", c0."invalidated_at", c0."invalidation_reason", c0."forge_account_id", c0."inserted_at", c0."updated_at" FROM "cached_validations" AS c0 WHERE (c0."cache_key" = $1) AND (c0."invalidated_at" IS NULL) ["56655/RSOLV-dev/large-repo/[file79.js:79]:xss"]
14:25:22.155 [debug] Cache miss
14:25:22.155 [debug] QUERY OK source="cached_validations" db=0.0ms
SELECT c0."id", c0."cache_key", c0."repository", c0."vulnerability_type", c0."locations", c0."file_hashes", c0."is_false_positive", c0."confidence", c0."reason", c0."full_result", c0."cached_at", c0."ttl_expires_at", c0."invalidated_at", c0."invalidation_reason", c0."forge_account_id", c0."inserted_at", c0."updated_at" FROM "cached_validations" AS c0 WHERE (c0."cache_key" = $1) AND (c0."invalidated_at" IS NULL) ["56655/RSOLV-dev/large-repo/[file80.js:80]:xss"]
14:25:22.155 [debug] Cache miss
14:25:22.155 [debug] QUERY OK source="cached_validations" db=0.0ms
SELECT c0."id", c0."cache_key", c0."repository", c0."vulnerability_type", c0."locations", c0."file_hashes", c0."is_false_positive", c0."confidence", c0."reason", c0."full_result", c0."cached_at", c0."ttl_expires_at", c0."invalidated_at", c0."invalidation_reason", c0."forge_account_id", c0."inserted_at", c0."updated_at" FROM "cached_validations" AS c0 WHERE (c0."cache_key" = $1) AND (c0."invalidated_at" IS NULL) ["56655/RSOLV-dev/large-repo/[file81.js:81]:xss"]
14:25:22.155 [debug] Cache miss
14:25:22.155 [debug] QUERY OK source="cached_validations" db=0.0ms
SELECT c0."id", c0."cache_key", c0."repository", c0."vulnerability_type", c0."locations", c0."file_hashes", c0."is_false_positive", c0."confidence", c0."reason", c0."full_result", c0."cached_at", c0."ttl_expires_at", c0."invalidated_at", c0."invalidation_reason", c0."forge_account_id", c0."inserted_at", c0."updated_at" FROM "cached_validations" AS c0 WHERE (c0."cache_key" = $1) AND (c0."invalidated_at" IS NULL) ["56655/RSOLV-dev/large-repo/[file82.js:82]:xss"]
14:25:22.155 [debug] Cache miss
14:25:22.156 [debug] QUERY OK source="cached_validations" db=0.0ms
SELECT c0."id", c0."cache_key", c0."repository", c0."vulnerability_type", c0."locations", c0."file_hashes", c0."is_false_positive", c0."confidence", c0."reason", c0."full_result", c0."cached_at", c0."ttl_expires_at", c0."invalidated_at", c0."invalidation_reason", c0."forge_account_id", c0."inserted_at", c0."updated_at" FROM "cached_validations" AS c0 WHERE (c0."cache_key" = $1) AND (c0."invalidated_at" IS NULL) ["56655/RSOLV-dev/large-repo/[file83.js:83]:xss"]
14:25:22.156 [debug] Cache miss
14:25:22.156 [debug] QUERY OK source="cached_validations" db=0.0ms
SELECT c0."id", c0."cache_key", c0."repository", c0."vulnerability_type", c0."locations", c0."file_hashes", c0."is_false_positive", c0."confidence", c0."reason", c0."full_result", c0."cached_at", c0."ttl_expires_at", c0."invalidated_at", c0."invalidation_reason", c0."forge_account_id", c0."inserted_at", c0."updated_at" FROM "cached_validations" AS c0 WHERE (c0."cache_key" = $1) AND (c0."invalidated_at" IS NULL) ["56655/RSOLV-dev/large-repo/[file84.js:84]:xss"]
14:25:22.156 [debug] Cache miss
14:25:22.156 [debug] QUERY OK source="cached_validations" db=0.0ms
SELECT c0."id", c0."cache_key", c0."repository", c0."vulnerability_type", c0."locations", c0."file_hashes", c0."is_false_positive", c0."confidence", c0."reason", c0."full_result", c0."cached_at", c0."ttl_expires_at", c0."invalidated_at", c0."invalidation_reason", c0."forge_account_id", c0."inserted_at", c0."updated_at" FROM "cached_validations" AS c0 WHERE (c0."cache_key" = $1) AND (c0."invalidated_at" IS NULL) ["56655/RSOLV-dev/large-repo/[file85.js:85]:xss"]
14:25:22.156 [debug] Cache miss
14:25:22.156 [debug] QUERY OK source="cached_validations" db=0.0ms
SELECT c0."id", c0."cache_key", c0."repository", c0."vulnerability_type", c0."locations", c0."file_hashes", c0."is_false_positive", c0."confidence", c0."reason", c0."full_result", c0."cached_at", c0."ttl_expires_at", c0."invalidated_at", c0."invalidation_reason", c0."forge_account_id", c0."inserted_at", c0."updated_at" FROM "cached_validations" AS c0 WHERE (c0."cache_key" = $1) AND (c0."invalidated_at" IS NULL) ["56655/RSOLV-dev/large-repo/[file86.js:86]:xss"]
14:25:22.156 [debug] Cache miss
14:25:22.156 [debug] QUERY OK source="cached_validations" db=0.0ms
SELECT c0."id", c0."cache_key", c0."repository", c0."vulnerability_type", c0."locations", c0."file_hashes", c0."is_false_positive", c0."confidence", c0."reason", c0."full_result", c0."cached_at", c0."ttl_expires_at", c0."invalidated_at", c0."invalidation_reason", c0."forge_account_id", c0."inserted_at", c0."updated_at" FROM "cached_validations" AS c0 WHERE (c0."cache_key" = $1) AND (c0."invalidated_at" IS NULL) ["56655/RSOLV-dev/large-repo/[file87.js:87]:xss"]
14:25:22.156 [debug] Cache miss
14:25:22.156 [debug] QUERY OK source="cached_validations" db=0.0ms
SELECT c0."id", c0."cache_key", c0."repository", c0."vulnerability_type", c0."locations", c0."file_hashes", c0."is_false_positive", c0."confidence", c0."reason", c0."full_result", c0."cached_at", c0."ttl_expires_at", c0."invalidated_at", c0."invalidation_reason", c0."forge_account_id", c0."inserted_at", c0."updated_at" FROM "cached_validations" AS c0 WHERE (c0."cache_key" = $1) AND (c0."invalidated_at" IS NULL) ["56655/RSOLV-dev/large-repo/[file88.js:88]:xss"]
14:25:22.156 [debug] Cache miss
14:25:22.156 [debug] QUERY OK source="cached_validations" db=0.0ms
SELECT c0."id", c0."cache_key", c0."repository", c0."vulnerability_type", c0."locations", c0."file_hashes", c0."is_false_positive", c0."confidence", c0."reason", c0."full_result", c0."cached_at", c0."ttl_expires_at", c0."invalidated_at", c0."invalidation_reason", c0."forge_account_id", c0."inserted_at", c0."updated_at" FROM "cached_validations" AS c0 WHERE (c0."cache_key" = $1) AND (c0."invalidated_at" IS NULL) ["56655/RSOLV-dev/large-repo/[file89.js:89]:xss"]
14:25:22.156 [debug] Cache miss
14:25:22.157 [debug] QUERY OK source="cached_validations" db=0.1ms
SELECT c0."id", c0."cache_key", c0."repository", c0."vulnerability_type", c0."locations", c0."file_hashes", c0."is_false_positive", c0."confidence", c0."reason", c0."full_result", c0."cached_at", c0."ttl_expires_at", c0."invalidated_at", c0."invalidation_reason", c0."forge_account_id", c0."inserted_at", c0."updated_at" FROM "cached_validations" AS c0 WHERE (c0."cache_key" = $1) AND (c0."invalidated_at" IS NULL) ["56655/RSOLV-dev/large-repo/[file90.js:90]:xss"]
14:25:22.157 [debug] Cache miss
14:25:22.157 [debug] QUERY OK source="cached_validations" db=0.0ms
SELECT c0."id", c0."cache_key", c0."repository", c0."vulnerability_type", c0."locations", c0."file_hashes", c0."is_false_positive", c0."confidence", c0."reason", c0."full_result", c0."cached_at", c0."ttl_expires_at", c0."invalidated_at", c0."invalidation_reason", c0."forge_account_id", c0."inserted_at", c0."updated_at" FROM "cached_validations" AS c0 WHERE (c0."cache_key" = $1) AND (c0."invalidated_at" IS NULL) ["56655/RSOLV-dev/large-repo/[file91.js:91]:xss"]
14:25:22.157 [debug] Cache miss
14:25:22.157 [debug] QUERY OK source="cached_validations" db=0.0ms
SELECT c0."id", c0."cache_key", c0."repository", c0."vulnerability_type", c0."locations", c0."file_hashes", c0."is_false_positive", c0."confidence", c0."reason", c0."full_result", c0."cached_at", c0."ttl_expires_at", c0."invalidated_at", c0."invalidation_reason", c0."forge_account_id", c0."inserted_at", c0."updated_at" FROM "cached_validations" AS c0 WHERE (c0."cache_key" = $1) AND (c0."invalidated_at" IS NULL) ["56655/RSOLV-dev/large-repo/[file92.js:92]:xss"]
14:25:22.157 [debug] Cache miss
14:25:22.157 [debug] QUERY OK source="cached_validations" db=0.0ms
SELECT c0."id", c0."cache_key", c0."repository", c0."vulnerability_type", c0."locations", c0."file_hashes", c0."is_false_positive", c0."confidence", c0."reason", c0."full_result", c0."cached_at", c0."ttl_expires_at", c0."invalidated_at", c0."invalidation_reason", c0."forge_account_id", c0."inserted_at", c0."updated_at" FROM "cached_validations" AS c0 WHERE (c0."cache_key" = $1) AND (c0."invalidated_at" IS NULL) ["56655/RSOLV-dev/large-repo/[file93.js:93]:xss"]
14:25:22.157 [debug] Cache miss
14:25:22.157 [debug] QUERY OK source="cached_validations" db=0.0ms
SELECT c0."id", c0."cache_key", c0."repository", c0."vulnerability_type", c0."locations", c0."file_hashes", c0."is_false_positive", c0."confidence", c0."reason", c0."full_result", c0."cached_at", c0."ttl_expires_at", c0."invalidated_at", c0."invalidation_reason", c0."forge_account_id", c0."inserted_at", c0."updated_at" FROM "cached_validations" AS c0 WHERE (c0."cache_key" = $1) AND (c0."invalidated_at" IS NULL) ["56655/RSOLV-dev/large-repo/[file94.js:94]:xss"]
14:25:22.157 [debug] Cache miss
14:25:22.157 [debug] QUERY OK source="cached_validations" db=0.0ms
SELECT c0."id", c0."cache_key", c0."repository", c0."vulnerability_type", c0."locations", c0."file_hashes", c0."is_false_positive", c0."confidence", c0."reason", c0."full_result", c0."cached_at", c0."ttl_expires_at", c0."invalidated_at", c0."invalidation_reason", c0."forge_account_id", c0."inserted_at", c0."updated_at" FROM "cached_validations" AS c0 WHERE (c0."cache_key" = $1) AND (c0."invalidated_at" IS NULL) ["56655/RSOLV-dev/large-repo/[file95.js:95]:xss"]
14:25:22.157 [debug] Cache miss
14:25:22.157 [debug] QUERY OK source="cached_validations" db=0.0ms
SELECT c0."id", c0."cache_key", c0."repository", c0."vulnerability_type", c0."locations", c0."file_hashes", c0."is_false_positive", c0."confidence", c0."reason", c0."full_result", c0."cached_at", c0."ttl_expires_at", c0."invalidated_at", c0."invalidation_reason", c0."forge_account_id", c0."inserted_at", c0."updated_at" FROM "cached_validations" AS c0 WHERE (c0."cache_key" = $1) AND (c0."invalidated_at" IS NULL) ["56655/RSOLV-dev/large-repo/[file96.js:96]:xss"]
14:25:22.157 [debug] Cache miss
14:25:22.157 [debug] QUERY OK source="cached_validations" db=0.0ms
SELECT c0."id", c0."cache_key", c0."repository", c0."vulnerability_type", c0."locations", c0."file_hashes", c0."is_false_positive", c0."confidence", c0."reason", c0."full_result", c0."cached_at", c0."ttl_expires_at", c0."invalidated_at", c0."invalidation_reason", c0."forge_account_id", c0."inserted_at", c0."updated_at" FROM "cached_validations" AS c0 WHERE (c0."cache_key" = $1) AND (c0."invalidated_at" IS NULL) ["56655/RSOLV-dev/large-repo/[file97.js:97]:xss"]
14:25:22.157 [debug] Cache miss
14:25:22.157 [debug] QUERY OK source="cached_validations" db=0.0ms
SELECT c0."id", c0."cache_key", c0."repository", c0."vulnerability_type", c0."locations", c0."file_hashes", c0."is_false_positive", c0."confidence", c0."reason", c0."full_result", c0."cached_at", c0."ttl_expires_at", c0."invalidated_at", c0."invalidation_reason", c0."forge_account_id", c0."inserted_at", c0."updated_at" FROM "cached_validations" AS c0 WHERE (c0."cache_key" = $1) AND (c0."invalidated_at" IS NULL) ["56655/RSOLV-dev/large-repo/[file98.js:98]:xss"]
14:25:22.157 [debug] Cache miss
14:25:22.158 [debug] QUERY OK source="cached_validations" db=0.0ms
SELECT c0."id", c0."cache_key", c0."repository", c0."vulnerability_type", c0."locations", c0."file_hashes", c0."is_false_positive", c0."confidence", c0."reason", c0."full_result", c0."cached_at", c0."ttl_expires_at", c0."invalidated_at", c0."invalidation_reason", c0."forge_account_id", c0."inserted_at", c0."updated_at" FROM "cached_validations" AS c0 WHERE (c0."cache_key" = $1) AND (c0."invalidated_at" IS NULL) ["56655/RSOLV-dev/large-repo/[file99.js:99]:xss"]
14:25:22.158 [debug] Cache miss
14:25:22.158 [debug] QUERY OK source="cached_validations" db=0.0ms
SELECT c0."id", c0."cache_key", c0."repository", c0."vulnerability_type", c0."locations", c0."file_hashes", c0."is_false_positive", c0."confidence", c0."reason", c0."full_result", c0."cached_at", c0."ttl_expires_at", c0."invalidated_at", c0."invalidation_reason", c0."forge_account_id", c0."inserted_at", c0."updated_at" FROM "cached_validations" AS c0 WHERE (c0."cache_key" = $1) AND (c0."invalidated_at" IS NULL) ["56655/RSOLV-dev/large-repo/[file100.js:100]:xss"]
14:25:22.158 [debug] Cache miss
.14:25:22.158 [debug] QUERY OK source="customers" db=0.1ms
INSERT INTO "customers" ("active","name","metadata","email","is_staff","subscription_plan","monthly_limit","current_usage","fixes_quota_this_month","fixes_used_this_month","has_payment_method","rollover_fixes","subscription_status","trial_fixes_limit","trial_fixes_used","inserted_at","updated_at") VALUES ($1,$2,$3,$4,$5,$6,$7,$8,$9,$10,$11,$12,$13,$14,$15,$16,$17) RETURNING "id" [true, "Test Customer 25858", %{}, "test25858@example.com", false, "trial", 100, 0, 0, 0, false, 0, "active", 5, 0, ~N[2025-09-11 20:25:22], ~N[2025-09-11 20:25:22]]
14:25:22.159 [debug] QUERY OK source="forge_accounts" db=0.1ms
INSERT INTO "forge_accounts" ("metadata","namespace","customer_id","forge_type","verified_at","inserted_at","updated_at") VALUES ($1,$2,$3,$4,$5,$6,$7) RETURNING "id" [%{}, "test-org-25858", 72086, :github, ~U[2025-09-11 20:25:22.158821Z], ~U[2025-09-11 20:25:22.158831Z], ~U[2025-09-11 20:25:22.158831Z]]
14:25:22.159 [debug] QUERY OK source="cached_validations" db=0.3ms queue=0.2ms
INSERT INTO "cached_validations" ("reason","cache_key","repository","confidence","forge_account_id","locations","vulnerability_type","file_hashes","is_false_positive","ttl_expires_at","cached_at","inserted_at","updated_at") VALUES ($1,$2,$3,$4,$5,$6,$7,$8,$9,$10,$11,$12,$13) ON CONFLICT ("cache_key") DO UPDATE SET "updated_at" = EXCLUDED."updated_at","inserted_at" = EXCLUDED."inserted_at","forge_account_id" = EXCLUDED."forge_account_id","invalidation_reason" = EXCLUDED."invalidation_reason","invalidated_at" = EXCLUDED."invalidated_at","ttl_expires_at" = EXCLUDED."ttl_expires_at","cached_at" = EXCLUDED."cached_at","full_result" = EXCLUDED."full_result","reason" = EXCLUDED."reason","confidence" = EXCLUDED."confidence","is_false_positive" = EXCLUDED."is_false_positive","file_hashes" = EXCLUDED."file_hashes","locations" = EXCLUDED."locations","vulnerability_type" = EXCLUDED."vulnerability_type","repository" = EXCLUDED."repository","cache_key" = EXCLUDED."cache_key" RETURNING "id","updated_at","inserted_at","forge_account_id","invalidation_reason","invalidated_at","ttl_expires_at","cached_at","full_result","reason","confidence","is_false_positive","file_hashes","locations","vulnerability_type","repository","cache_key" ["Sanitization in database layer", "56656/RSOLV-dev/nodegoat/[lib/database.js:100,routes/user.js:42]:sql-injection", "RSOLV-dev/nodegoat", Decimal.new("0.88"), 56656, [%{line: 42, file_path: "routes/user.js"}, %{line: 100, file_path: "lib/database.js"}], "sql-injection", %{"lib/database.js" => "sha256:db_v1", "routes/user.js" => "sha256:user_v1"}, true, ~U[2025-12-10 20:25:22.159074Z], ~U[2025-09-11 20:25:22.159074Z], ~U[2025-09-11 20:25:22.159124Z], ~U[2025-09-11 20:25:22.159124Z]]
14:25:22.159 [debug] Cached validation stored
14:25:22.160 [debug] QUERY OK source="cached_validations" db=0.2ms
SELECT c0."id", c0."cache_key", c0."repository", c0."vulnerability_type", c0."locations", c0."file_hashes", c0."is_false_positive", c0."confidence", c0."reason", c0."full_result", c0."cached_at", c0."ttl_expires_at", c0."invalidated_at", c0."invalidation_reason", c0."forge_account_id", c0."inserted_at", c0."updated_at" FROM "cached_validations" AS c0 WHERE (c0."cache_key" = $1) AND (c0."invalidated_at" IS NULL) ["56656/RSOLV-dev/nodegoat/[lib/database.js:100,routes/user.js:42]:sql-injection"]
14:25:22.160 [debug] Cache hit
14:25:22.160 [debug] QUERY OK source="cached_validations" db=0.0ms
SELECT c0."id", c0."cache_key", c0."repository", c0."vulnerability_type", c0."locations", c0."file_hashes", c0."is_false_positive", c0."confidence", c0."reason", c0."full_result", c0."cached_at", c0."ttl_expires_at", c0."invalidated_at", c0."invalidation_reason", c0."forge_account_id", c0."inserted_at", c0."updated_at" FROM "cached_validations" AS c0 WHERE (c0."cache_key" = $1) AND (c0."invalidated_at" IS NULL) ["56656/RSOLV-dev/nodegoat/[lib/database.js:100,routes/user.js:42]:sql-injection"]
14:25:22.160 [debug] Cache hit
14:25:22.160 [debug] QUERY OK source="cached_validations" db=0.2ms queue=0.1ms
UPDATE "cached_validations" AS c0 SET "invalidated_at" = $1, "invalidation_reason" = $2 WHERE (c0."forge_account_id" = $3) AND (c0."repository" = $4) AND (c0."invalidated_at" IS NULL) AND (EXISTS (SELECT 1 FROM jsonb_array_elements(c0."locations") AS loc WHERE loc->>'file_path' = $5)) [~U[2025-09-11 20:25:22.160368Z], "file_change", 56656, "RSOLV-dev/nodegoat", "lib/database.js"]
14:25:22.160 [info] Invalidated cache entries for file change
14:25:22.160 [debug] QUERY OK source="cached_validations" db=0.0ms
SELECT c0."id", c0."cache_key", c0."repository", c0."vulnerability_type", c0."locations", c0."file_hashes", c0."is_false_positive", c0."confidence", c0."reason", c0."full_result", c0."cached_at", c0."ttl_expires_at", c0."invalidated_at", c0."invalidation_reason", c0."forge_account_id", c0."inserted_at", c0."updated_at" FROM "cached_validations" AS c0 WHERE (c0."cache_key" = $1) AND (c0."invalidated_at" IS NULL) ["56656/RSOLV-dev/nodegoat/[lib/database.js:100,routes/user.js:42]:sql-injection"]
14:25:22.160 [debug] Cache miss
.14:25:22.161 [debug] QUERY OK source="customers" db=0.1ms
INSERT INTO "customers" ("active","name","metadata","email","is_staff","subscription_plan","monthly_limit","current_usage","fixes_quota_this_month","fixes_used_this_month","has_payment_method","rollover_fixes","subscription_status","trial_fixes_limit","trial_fixes_used","inserted_at","updated_at") VALUES ($1,$2,$3,$4,$5,$6,$7,$8,$9,$10,$11,$12,$13,$14,$15,$16,$17) RETURNING "id" [true, "Test Customer 26114", %{}, "test26114@example.com", false, "trial", 100, 0, 0, 0, false, 0, "active", 5, 0, ~N[2025-09-11 20:25:22], ~N[2025-09-11 20:25:22]]
14:25:22.161 [debug] QUERY OK source="forge_accounts" db=0.1ms
INSERT INTO "forge_accounts" ("metadata","namespace","customer_id","forge_type","verified_at","inserted_at","updated_at") VALUES ($1,$2,$3,$4,$5,$6,$7) RETURNING "id" [%{}, "test-org-26114", 72087, :github, ~U[2025-09-11 20:25:22.161518Z], ~U[2025-09-11 20:25:22.161528Z], ~U[2025-09-11 20:25:22.161528Z]]
14:25:22.161 [debug] QUERY OK source="customers" db=0.1ms
INSERT INTO "customers" ("active","name","metadata","email","is_staff","subscription_plan","monthly_limit","current_usage","fixes_quota_this_month","fixes_used_this_month","has_payment_method","rollover_fixes","subscription_status","trial_fixes_limit","trial_fixes_used","inserted_at","updated_at") VALUES ($1,$2,$3,$4,$5,$6,$7,$8,$9,$10,$11,$12,$13,$14,$15,$16,$17) RETURNING "id" [true, "Test Customer 26242", %{}, "test26242@example.com", false, "trial", 100, 0, 0, 0, false, 0, "active", 5, 0, ~N[2025-09-11 20:25:22], ~N[2025-09-11 20:25:22]]
14:25:22.162 [debug] QUERY OK source="forge_accounts" db=0.1ms
INSERT INTO "forge_accounts" ("metadata","namespace","customer_id","forge_type","verified_at","inserted_at","updated_at") VALUES ($1,$2,$3,$4,$5,$6,$7) RETURNING "id" [%{}, "test-org-26242", 72088, :github, ~U[2025-09-11 20:25:22.161958Z], ~U[2025-09-11 20:25:22.161966Z], ~U[2025-09-11 20:25:22.161966Z]]
14:25:22.162 [debug] QUERY OK source="cached_validations" db=0.1ms queue=0.1ms
INSERT INTO "cached_validations" ("reason","cache_key","repository","confidence","forge_account_id","locations","vulnerability_type","file_hashes","is_false_positive","ttl_expires_at","cached_at","inserted_at","updated_at") VALUES ($1,$2,$3,$4,$5,$6,$7,$8,$9,$10,$11,$12,$13) ON CONFLICT ("cache_key") DO UPDATE SET "updated_at" = EXCLUDED."updated_at","inserted_at" = EXCLUDED."inserted_at","forge_account_id" = EXCLUDED."forge_account_id","invalidation_reason" = EXCLUDED."invalidation_reason","invalidated_at" = EXCLUDED."invalidated_at","ttl_expires_at" = EXCLUDED."ttl_expires_at","cached_at" = EXCLUDED."cached_at","full_result" = EXCLUDED."full_result","reason" = EXCLUDED."reason","confidence" = EXCLUDED."confidence","is_false_positive" = EXCLUDED."is_false_positive","file_hashes" = EXCLUDED."file_hashes","locations" = EXCLUDED."locations","vulnerability_type" = EXCLUDED."vulnerability_type","repository" = EXCLUDED."repository","cache_key" = EXCLUDED."cache_key" RETURNING "id","updated_at","inserted_at","forge_account_id","invalidation_reason","invalidated_at","ttl_expires_at","cached_at","full_result","reason","confidence","is_false_positive","file_hashes","locations","vulnerability_type","repository","cache_key" ["Safe", "56657/shared/repo/[app.js:42]:sql-injection", "shared/repo", Decimal.new("0.95"), 56657, [%{line: 42, file_path: "app.js"}], "sql-injection", %{"app.js" => "sha256:shared"}, true, ~U[2025-12-10 20:25:22.162155Z], ~U[2025-09-11 20:25:22.162155Z], ~U[2025-09-11 20:25:22.162201Z], ~U[2025-09-11 20:25:22.162201Z]]
14:25:22.162 [debug] Cached validation stored
14:25:22.162 [debug] QUERY OK source="cached_validations" db=0.1ms
INSERT INTO "cached_validations" ("reason","cache_key","repository","confidence","forge_account_id","locations","vulnerability_type","file_hashes","is_false_positive","ttl_expires_at","cached_at","inserted_at","updated_at") VALUES ($1,$2,$3,$4,$5,$6,$7,$8,$9,$10,$11,$12,$13) ON CONFLICT ("cache_key") DO UPDATE SET "updated_at" = EXCLUDED."updated_at","inserted_at" = EXCLUDED."inserted_at","forge_account_id" = EXCLUDED."forge_account_id","invalidation_reason" = EXCLUDED."invalidation_reason","invalidated_at" = EXCLUDED."invalidated_at","ttl_expires_at" = EXCLUDED."ttl_expires_at","cached_at" = EXCLUDED."cached_at","full_result" = EXCLUDED."full_result","reason" = EXCLUDED."reason","confidence" = EXCLUDED."confidence","is_false_positive" = EXCLUDED."is_false_positive","file_hashes" = EXCLUDED."file_hashes","locations" = EXCLUDED."locations","vulnerability_type" = EXCLUDED."vulnerability_type","repository" = EXCLUDED."repository","cache_key" = EXCLUDED."cache_key" RETURNING "id","updated_at","inserted_at","forge_account_id","invalidation_reason","invalidated_at","ttl_expires_at","cached_at","full_result","reason","confidence","is_false_positive","file_hashes","locations","vulnerability_type","repository","cache_key" ["Safe", "56658/shared/repo/[app.js:42]:sql-injection", "shared/repo", Decimal.new("0.95"), 56658, [%{line: 42, file_path: "app.js"}], "sql-injection", %{"app.js" => "sha256:shared"}, true, ~U[2025-12-10 20:25:22.162657Z], ~U[2025-09-11 20:25:22.162657Z], ~U[2025-09-11 20:25:22.162702Z], ~U[2025-09-11 20:25:22.162702Z]]
14:25:22.163 [debug] Cached validation stored
14:25:22.163 [debug] QUERY OK source="cached_validations" db=0.1ms
SELECT c0."id", c0."cache_key", c0."repository", c0."vulnerability_type", c0."locations", c0."file_hashes", c0."is_false_positive", c0."confidence", c0."reason", c0."full_result", c0."cached_at", c0."ttl_expires_at", c0."invalidated_at", c0."invalidation_reason", c0."forge_account_id", c0."inserted_at", c0."updated_at" FROM "cached_validations" AS c0 WHERE (c0."cache_key" = $1) AND (c0."invalidated_at" IS NULL) ["56657/shared/repo/[app.js:42]:sql-injection"]
14:25:22.163 [debug] Cache hit
14:25:22.163 [debug] QUERY OK source="cached_validations" db=0.1ms
SELECT c0."id", c0."cache_key", c0."repository", c0."vulnerability_type", c0."locations", c0."file_hashes", c0."is_false_positive", c0."confidence", c0."reason", c0."full_result", c0."cached_at", c0."ttl_expires_at", c0."invalidated_at", c0."invalidation_reason", c0."forge_account_id", c0."inserted_at", c0."updated_at" FROM "cached_validations" AS c0 WHERE (c0."cache_key" = $1) AND (c0."invalidated_at" IS NULL) ["56658/shared/repo/[app.js:42]:sql-injection"]
14:25:22.163 [debug] Cache hit
14:25:22.163 [debug] QUERY OK source="cached_validations" db=0.2ms
UPDATE "cached_validations" AS c0 SET "invalidated_at" = $1, "invalidation_reason" = $2 WHERE (c0."forge_account_id" = $3) AND (c0."repository" = $4) AND (c0."invalidated_at" IS NULL) [~U[2025-09-11 20:25:22.163447Z], "repository_change", 56657, "shared/repo"]
14:25:22.163 [info] Invalidated all cache entries for repository
14:25:22.163 [debug] QUERY OK source="cached_validations" db=0.0ms
SELECT c0."id", c0."cache_key", c0."repository", c0."vulnerability_type", c0."locations", c0."file_hashes", c0."is_false_positive", c0."confidence", c0."reason", c0."full_result", c0."cached_at", c0."ttl_expires_at", c0."invalidated_at", c0."invalidation_reason", c0."forge_account_id", c0."inserted_at", c0."updated_at" FROM "cached_validations" AS c0 WHERE (c0."cache_key" = $1) AND (c0."invalidated_at" IS NULL) ["56657/shared/repo/[app.js:42]:sql-injection"]
14:25:22.163 [debug] Cache miss
14:25:22.164 [debug] QUERY OK source="cached_validations" db=0.0ms
SELECT c0."id", c0."cache_key", c0."repository", c0."vulnerability_type", c0."locations", c0."file_hashes", c0."is_false_positive", c0."confidence", c0."reason", c0."full_result", c0."cached_at", c0."ttl_expires_at", c0."invalidated_at", c0."invalidation_reason", c0."forge_account_id", c0."inserted_at", c0."updated_at" FROM "cached_validations" AS c0 WHERE (c0."cache_key" = $1) AND (c0."invalidated_at" IS NULL) ["56658/shared/repo/[app.js:42]:sql-injection"]
14:25:22.164 [debug] Cache hit
.14:25:22.164 [debug] QUERY OK source="customers" db=0.1ms
INSERT INTO "customers" ("active","name","metadata","email","is_staff","subscription_plan","monthly_limit","current_usage","fixes_quota_this_month","fixes_used_this_month","has_payment_method","rollover_fixes","subscription_status","trial_fixes_limit","trial_fixes_used","inserted_at","updated_at") VALUES ($1,$2,$3,$4,$5,$6,$7,$8,$9,$10,$11,$12,$13,$14,$15,$16,$17) RETURNING "id" [true, "Test Customer 31235", %{}, "test31235@example.com", false, "trial", 100, 0, 0, 0, false, 0, "active", 5, 0, ~N[2025-09-11 20:25:22], ~N[2025-09-11 20:25:22]]
14:25:22.164 [debug] QUERY OK source="forge_accounts" db=0.1ms
INSERT INTO "forge_accounts" ("metadata","namespace","customer_id","forge_type","verified_at","inserted_at","updated_at") VALUES ($1,$2,$3,$4,$5,$6,$7) RETURNING "id" [%{}, "test-org-31235", 72089, :github, ~U[2025-09-11 20:25:22.164538Z], ~U[2025-09-11 20:25:22.164547Z], ~U[2025-09-11 20:25:22.164547Z]]
14:25:22.165 [debug] QUERY OK source="cached_validations" db=0.1ms queue=0.1ms
INSERT INTO "cached_validations" ("reason","cache_key","repository","confidence","forge_account_id","locations","vulnerability_type","file_hashes","is_false_positive","ttl_expires_at","cached_at","inserted_at","updated_at") VALUES ($1,$2,$3,$4,$5,$6,$7,$8,$9,$10,$11,$12,$13) ON CONFLICT ("cache_key") DO UPDATE SET "updated_at" = EXCLUDED."updated_at","inserted_at" = EXCLUDED."inserted_at","forge_account_id" = EXCLUDED."forge_account_id","invalidation_reason" = EXCLUDED."invalidation_reason","invalidated_at" = EXCLUDED."invalidated_at","ttl_expires_at" = EXCLUDED."ttl_expires_at","cached_at" = EXCLUDED."cached_at","full_result" = EXCLUDED."full_result","reason" = EXCLUDED."reason","confidence" = EXCLUDED."confidence","is_false_positive" = EXCLUDED."is_false_positive","file_hashes" = EXCLUDED."file_hashes","locations" = EXCLUDED."locations","vulnerability_type" = EXCLUDED."vulnerability_type","repository" = EXCLUDED."repository","cache_key" = EXCLUDED."cache_key" RETURNING "id","updated_at","inserted_at","forge_account_id","invalidation_reason","invalidated_at","ttl_expires_at","cached_at","full_result","reason","confidence","is_false_positive","file_hashes","locations","vulnerability_type","repository","cache_key" ["Performance test entry 1", "56659/RSOLV-dev/perf-test/[path/to/file1.js:10]:eval", "RSOLV-dev/perf-test", Decimal.new("0.51"), 56659, [%{line: 10, file_path: "path/to/file1.js"}], "eval", %{"path/to/file1.js" => "sha256:content1"}, false, ~U[2025-12-10 20:25:22.164797Z], ~U[2025-09-11 20:25:22.164797Z], ~U[2025-09-11 20:25:22.164848Z], ~U[2025-09-11 20:25:22.164848Z]]
14:25:22.165 [debug] Cached validation stored
14:25:22.165 [debug] QUERY OK source="cached_validations" db=0.1ms
INSERT INTO "cached_validations" ("reason","cache_key","repository","confidence","forge_account_id","locations","vulnerability_type","file_hashes","is_false_positive","ttl_expires_at","cached_at","inserted_at","updated_at") VALUES ($1,$2,$3,$4,$5,$6,$7,$8,$9,$10,$11,$12,$13) ON CONFLICT ("cache_key") DO UPDATE SET "updated_at" = EXCLUDED."updated_at","inserted_at" = EXCLUDED."inserted_at","forge_account_id" = EXCLUDED."forge_account_id","invalidation_reason" = EXCLUDED."invalidation_reason","invalidated_at" = EXCLUDED."invalidated_at","ttl_expires_at" = EXCLUDED."ttl_expires_at","cached_at" = EXCLUDED."cached_at","full_result" = EXCLUDED."full_result","reason" = EXCLUDED."reason","confidence" = EXCLUDED."confidence","is_false_positive" = EXCLUDED."is_false_positive","file_hashes" = EXCLUDED."file_hashes","locations" = EXCLUDED."locations","vulnerability_type" = EXCLUDED."vulnerability_type","repository" = EXCLUDED."repository","cache_key" = EXCLUDED."cache_key" RETURNING "id","updated_at","inserted_at","forge_account_id","invalidation_reason","invalidated_at","ttl_expires_at","cached_at","full_result","reason","confidence","is_false_positive","file_hashes","locations","vulnerability_type","repository","cache_key" ["Performance test entry 2", "56659/RSOLV-dev/perf-test/[path/to/file2.js:20]:sql-injection", "RSOLV-dev/perf-test", Decimal.new("0.52"), 56659, [%{line: 20, file_path: "path/to/file2.js"}], "sql-injection", %{"path/to/file2.js" => "sha256:content2"}, true, ~U[2025-12-10 20:25:22.165305Z], ~U[2025-09-11 20:25:22.165305Z], ~U[2025-09-11 20:25:22.165358Z], ~U[2025-09-11 20:25:22.165358Z]]
14:25:22.165 [debug] Cached validation stored
14:25:22.165 [debug] QUERY OK source="cached_validations" db=0.1ms
INSERT INTO "cached_validations" ("reason","cache_key","repository","confidence","forge_account_id","locations","vulnerability_type","file_hashes","is_false_positive","ttl_expires_at","cached_at","inserted_at","updated_at") VALUES ($1,$2,$3,$4,$5,$6,$7,$8,$9,$10,$11,$12,$13) ON CONFLICT ("cache_key") DO UPDATE SET "updated_at" = EXCLUDED."updated_at","inserted_at" = EXCLUDED."inserted_at","forge_account_id" = EXCLUDED."forge_account_id","invalidation_reason" = EXCLUDED."invalidation_reason","invalidated_at" = EXCLUDED."invalidated_at","ttl_expires_at" = EXCLUDED."ttl_expires_at","cached_at" = EXCLUDED."cached_at","full_result" = EXCLUDED."full_result","reason" = EXCLUDED."reason","confidence" = EXCLUDED."confidence","is_false_positive" = EXCLUDED."is_false_positive","file_hashes" = EXCLUDED."file_hashes","locations" = EXCLUDED."locations","vulnerability_type" = EXCLUDED."vulnerability_type","repository" = EXCLUDED."repository","cache_key" = EXCLUDED."cache_key" RETURNING "id","updated_at","inserted_at","forge_account_id","invalidation_reason","invalidated_at","ttl_expires_at","cached_at","full_result","reason","confidence","is_false_positive","file_hashes","locations","vulnerability_type","repository","cache_key" ["Performance test entry 3", "56659/RSOLV-dev/perf-test/[path/to/file3.js:30]:xss", "RSOLV-dev/perf-test", Decimal.new("0.53"), 56659, [%{line: 30, file_path: "path/to/file3.js"}], "xss", %{"path/to/file3.js" => "sha256:content3"}, false, ~U[2025-12-10 20:25:22.165648Z], ~U[2025-09-11 20:25:22.165648Z], ~U[2025-09-11 20:25:22.165686Z], ~U[2025-09-11 20:25:22.165686Z]]
14:25:22.165 [debug] Cached validation stored
14:25:22.166 [debug] QUERY OK source="cached_validations" db=0.1ms
INSERT INTO "cached_validations" ("reason","cache_key","repository","confidence","forge_account_id","locations","vulnerability_type","file_hashes","is_false_positive","ttl_expires_at","cached_at","inserted_at","updated_at") VALUES ($1,$2,$3,$4,$5,$6,$7,$8,$9,$10,$11,$12,$13) ON CONFLICT ("cache_key") DO UPDATE SET "updated_at" = EXCLUDED."updated_at","inserted_at" = EXCLUDED."inserted_at","forge_account_id" = EXCLUDED."forge_account_id","invalidation_reason" = EXCLUDED."invalidation_reason","invalidated_at" = EXCLUDED."invalidated_at","ttl_expires_at" = EXCLUDED."ttl_expires_at","cached_at" = EXCLUDED."cached_at","full_result" = EXCLUDED."full_result","reason" = EXCLUDED."reason","confidence" = EXCLUDED."confidence","is_false_positive" = EXCLUDED."is_false_positive","file_hashes" = EXCLUDED."file_hashes","locations" = EXCLUDED."locations","vulnerability_type" = EXCLUDED."vulnerability_type","repository" = EXCLUDED."repository","cache_key" = EXCLUDED."cache_key" RETURNING "id","updated_at","inserted_at","forge_account_id","invalidation_reason","invalidated_at","ttl_expires_at","cached_at","full_result","reason","confidence","is_false_positive","file_hashes","locations","vulnerability_type","repository","cache_key" ["Performance test entry 4", "56659/RSOLV-dev/perf-test/[path/to/file4.js:40]:sql-injection", "RSOLV-dev/perf-test", Decimal.new("0.54"), 56659, [%{line: 40, file_path: "path/to/file4.js"}], "sql-injection", %{"path/to/file4.js" => "sha256:content4"}, true, ~U[2025-12-10 20:25:22.165986Z], ~U[2025-09-11 20:25:22.165986Z], ~U[2025-09-11 20:25:22.166023Z], ~U[2025-09-11 20:25:22.166023Z]]
14:25:22.166 [debug] Cached validation stored
14:25:22.166 [debug] QUERY OK source="cached_validations" db=0.1ms
INSERT INTO "cached_validations" ("reason","cache_key","repository","confidence","forge_account_id","locations","vulnerability_type","file_hashes","is_false_positive","ttl_expires_at","cached_at","inserted_at","updated_at") VALUES ($1,$2,$3,$4,$5,$6,$7,$8,$9,$10,$11,$12,$13) ON CONFLICT ("cache_key") DO UPDATE SET "updated_at" = EXCLUDED."updated_at","inserted_at" = EXCLUDED."inserted_at","forge_account_id" = EXCLUDED."forge_account_id","invalidation_reason" = EXCLUDED."invalidation_reason","invalidated_at" = EXCLUDED."invalidated_at","ttl_expires_at" = EXCLUDED."ttl_expires_at","cached_at" = EXCLUDED."cached_at","full_result" = EXCLUDED."full_result","reason" = EXCLUDED."reason","confidence" = EXCLUDED."confidence","is_false_positive" = EXCLUDED."is_false_positive","file_hashes" = EXCLUDED."file_hashes","locations" = EXCLUDED."locations","vulnerability_type" = EXCLUDED."vulnerability_type","repository" = EXCLUDED."repository","cache_key" = EXCLUDED."cache_key" RETURNING "id","updated_at","inserted_at","forge_account_id","invalidation_reason","invalidated_at","ttl_expires_at","cached_at","full_result","reason","confidence","is_false_positive","file_hashes","locations","vulnerability_type","repository","cache_key" ["Performance test entry 5", "56659/RSOLV-dev/perf-test/[path/to/file5.js:50]:eval", "RSOLV-dev/perf-test", Decimal.new("0.55"), 56659, [%{line: 50, file_path: "path/to/file5.js"}], "eval", %{"path/to/file5.js" => "sha256:content5"}, false, ~U[2025-12-10 20:25:22.166305Z], ~U[2025-09-11 20:25:22.166305Z], ~U[2025-09-11 20:25:22.166348Z], ~U[2025-09-11 20:25:22.166348Z]]
14:25:22.166 [debug] Cached validation stored
14:25:22.166 [debug] QUERY OK source="cached_validations" db=0.1ms
INSERT INTO "cached_validations" ("reason","cache_key","repository","confidence","forge_account_id","locations","vulnerability_type","file_hashes","is_false_positive","ttl_expires_at","cached_at","inserted_at","updated_at") VALUES ($1,$2,$3,$4,$5,$6,$7,$8,$9,$10,$11,$12,$13) ON CONFLICT ("cache_key") DO UPDATE SET "updated_at" = EXCLUDED."updated_at","inserted_at" = EXCLUDED."inserted_at","forge_account_id" = EXCLUDED."forge_account_id","invalidation_reason" = EXCLUDED."invalidation_reason","invalidated_at" = EXCLUDED."invalidated_at","ttl_expires_at" = EXCLUDED."ttl_expires_at","cached_at" = EXCLUDED."cached_at","full_result" = EXCLUDED."full_result","reason" = EXCLUDED."reason","confidence" = EXCLUDED."confidence","is_false_positive" = EXCLUDED."is_false_positive","file_hashes" = EXCLUDED."file_hashes","locations" = EXCLUDED."locations","vulnerability_type" = EXCLUDED."vulnerability_type","repository" = EXCLUDED."repository","cache_key" = EXCLUDED."cache_key" RETURNING "id","updated_at","inserted_at","forge_account_id","invalidation_reason","invalidated_at","ttl_expires_at","cached_at","full_result","reason","confidence","is_false_positive","file_hashes","locations","vulnerability_type","repository","cache_key" ["Performance test entry 6", "56659/RSOLV-dev/perf-test/[path/to/file6.js:60]:xss", "RSOLV-dev/perf-test", Decimal.new("0.56"), 56659, [%{line: 60, file_path: "path/to/file6.js"}], "xss", %{"path/to/file6.js" => "sha256:content6"}, true, ~U[2025-12-10 20:25:22.166643Z], ~U[2025-09-11 20:25:22.166643Z], ~U[2025-09-11 20:25:22.166680Z], ~U[2025-09-11 20:25:22.166680Z]]
14:25:22.166 [debug] Cached validation stored
14:25:22.167 [debug] QUERY OK source="cached_validations" db=0.1ms
INSERT INTO "cached_validations" ("reason","cache_key","repository","confidence","forge_account_id","locations","vulnerability_type","file_hashes","is_false_positive","ttl_expires_at","cached_at","inserted_at","updated_at") VALUES ($1,$2,$3,$4,$5,$6,$7,$8,$9,$10,$11,$12,$13) ON CONFLICT ("cache_key") DO UPDATE SET "updated_at" = EXCLUDED."updated_at","inserted_at" = EXCLUDED."inserted_at","forge_account_id" = EXCLUDED."forge_account_id","invalidation_reason" = EXCLUDED."invalidation_reason","invalidated_at" = EXCLUDED."invalidated_at","ttl_expires_at" = EXCLUDED."ttl_expires_at","cached_at" = EXCLUDED."cached_at","full_result" = EXCLUDED."full_result","reason" = EXCLUDED."reason","confidence" = EXCLUDED."confidence","is_false_positive" = EXCLUDED."is_false_positive","file_hashes" = EXCLUDED."file_hashes","locations" = EXCLUDED."locations","vulnerability_type" = EXCLUDED."vulnerability_type","repository" = EXCLUDED."repository","cache_key" = EXCLUDED."cache_key" RETURNING "id","updated_at","inserted_at","forge_account_id","invalidation_reason","invalidated_at","ttl_expires_at","cached_at","full_result","reason","confidence","is_false_positive","file_hashes","locations","vulnerability_type","repository","cache_key" ["Performance test entry 7", "56659/RSOLV-dev/perf-test/[path/to/file7.js:70]:eval", "RSOLV-dev/perf-test", Decimal.new("0.5700000000000001"), 56659, [%{line: 70, file_path: "path/to/file7.js"}], "eval", %{"path/to/file7.js" => "sha256:content7"}, false, ~U[2025-12-10 20:25:22.166954Z], ~U[2025-09-11 20:25:22.166954Z], ~U[2025-09-11 20:25:22.166991Z], ~U[2025-09-11 20:25:22.166991Z]]
14:25:22.167 [debug] Cached validation stored
14:25:22.167 [debug] QUERY OK source="cached_validations" db=0.1ms
INSERT INTO "cached_validations" ("reason","cache_key","repository","confidence","forge_account_id","locations","vulnerability_type","file_hashes","is_false_positive","ttl_expires_at","cached_at","inserted_at","updated_at") VALUES ($1,$2,$3,$4,$5,$6,$7,$8,$9,$10,$11,$12,$13) ON CONFLICT ("cache_key") DO UPDATE SET "updated_at" = EXCLUDED."updated_at","inserted_at" = EXCLUDED."inserted_at","forge_account_id" = EXCLUDED."forge_account_id","invalidation_reason" = EXCLUDED."invalidation_reason","invalidated_at" = EXCLUDED."invalidated_at","ttl_expires_at" = EXCLUDED."ttl_expires_at","cached_at" = EXCLUDED."cached_at","full_result" = EXCLUDED."full_result","reason" = EXCLUDED."reason","confidence" = EXCLUDED."confidence","is_false_positive" = EXCLUDED."is_false_positive","file_hashes" = EXCLUDED."file_hashes","locations" = EXCLUDED."locations","vulnerability_type" = EXCLUDED."vulnerability_type","repository" = EXCLUDED."repository","cache_key" = EXCLUDED."cache_key" RETURNING "id","updated_at","inserted_at","forge_account_id","invalidation_reason","invalidated_at","ttl_expires_at","cached_at","full_result","reason","confidence","is_false_positive","file_hashes","locations","vulnerability_type","repository","cache_key" ["Performance test entry 8", "56659/RSOLV-dev/perf-test/[path/to/file8.js:80]:sql-injection", "RSOLV-dev/perf-test", Decimal.new("0.58"), 56659, [%{line: 80, file_path: "path/to/file8.js"}], "sql-injection", %{"path/to/file8.js" => "sha256:content8"}, true, ~U[2025-12-10 20:25:22.167258Z], ~U[2025-09-11 20:25:22.167258Z], ~U[2025-09-11 20:25:22.167303Z], ~U[2025-09-11 20:25:22.167303Z]]
14:25:22.167 [debug] Cached validation stored
14:25:22.167 [debug] QUERY OK source="cached_validations" db=0.1ms
INSERT INTO "cached_validations" ("reason","cache_key","repository","confidence","forge_account_id","locations","vulnerability_type","file_hashes","is_false_positive","ttl_expires_at","cached_at","inserted_at","updated_at") VALUES ($1,$2,$3,$4,$5,$6,$7,$8,$9,$10,$11,$12,$13) ON CONFLICT ("cache_key") DO UPDATE SET "updated_at" = EXCLUDED."updated_at","inserted_at" = EXCLUDED."inserted_at","forge_account_id" = EXCLUDED."forge_account_id","invalidation_reason" = EXCLUDED."invalidation_reason","invalidated_at" = EXCLUDED."invalidated_at","ttl_expires_at" = EXCLUDED."ttl_expires_at","cached_at" = EXCLUDED."cached_at","full_result" = EXCLUDED."full_result","reason" = EXCLUDED."reason","confidence" = EXCLUDED."confidence","is_false_positive" = EXCLUDED."is_false_positive","file_hashes" = EXCLUDED."file_hashes","locations" = EXCLUDED."locations","vulnerability_type" = EXCLUDED."vulnerability_type","repository" = EXCLUDED."repository","cache_key" = EXCLUDED."cache_key" RETURNING "id","updated_at","inserted_at","forge_account_id","invalidation_reason","invalidated_at","ttl_expires_at","cached_at","full_result","reason","confidence","is_false_positive","file_hashes","locations","vulnerability_type","repository","cache_key" ["Performance test entry 9", "56659/RSOLV-dev/perf-test/[path/to/file9.js:90]:xss", "RSOLV-dev/perf-test", Decimal.new("0.59"), 56659, [%{line: 90, file_path: "path/to/file9.js"}], "xss", %{"path/to/file9.js" => "sha256:content9"}, false, ~U[2025-12-10 20:25:22.167583Z], ~U[2025-09-11 20:25:22.167583Z], ~U[2025-09-11 20:25:22.167624Z], ~U[2025-09-11 20:25:22.167624Z]]
14:25:22.167 [debug] Cached validation stored
14:25:22.168 [debug] QUERY OK source="cached_validations" db=0.1ms
INSERT INTO "cached_validations" ("reason","cache_key","repository","confidence","forge_account_id","locations","vulnerability_type","file_hashes","is_false_positive","ttl_expires_at","cached_at","inserted_at","updated_at") VALUES ($1,$2,$3,$4,$5,$6,$7,$8,$9,$10,$11,$12,$13) ON CONFLICT ("cache_key") DO UPDATE SET "updated_at" = EXCLUDED."updated_at","inserted_at" = EXCLUDED."inserted_at","forge_account_id" = EXCLUDED."forge_account_id","invalidation_reason" = EXCLUDED."invalidation_reason","invalidated_at" = EXCLUDED."invalidated_at","ttl_expires_at" = EXCLUDED."ttl_expires_at","cached_at" = EXCLUDED."cached_at","full_result" = EXCLUDED."full_result","reason" = EXCLUDED."reason","confidence" = EXCLUDED."confidence","is_false_positive" = EXCLUDED."is_false_positive","file_hashes" = EXCLUDED."file_hashes","locations" = EXCLUDED."locations","vulnerability_type" = EXCLUDED."vulnerability_type","repository" = EXCLUDED."repository","cache_key" = EXCLUDED."cache_key" RETURNING "id","updated_at","inserted_at","forge_account_id","invalidation_reason","invalidated_at","ttl_expires_at","cached_at","full_result","reason","confidence","is_false_positive","file_hashes","locations","vulnerability_type","repository","cache_key" ["Performance test entry 10", "56659/RSOLV-dev/perf-test/[path/to/file10.js:100]:sql-injection", "RSOLV-dev/perf-test", Decimal.new("0.6"), 56659, [%{line: 100, file_path: "path/to/file10.js"}], "sql-injection", %{"path/to/file10.js" => "sha256:content10"}, true, ~U[2025-12-10 20:25:22.167951Z], ~U[2025-09-11 20:25:22.167951Z], ~U[2025-09-11 20:25:22.167989Z], ~U[2025-09-11 20:25:22.167989Z]]
14:25:22.168 [debug] Cached validation stored
14:25:22.168 [debug] QUERY OK source="cached_validations" db=0.1ms
INSERT INTO "cached_validations" ("reason","cache_key","repository","confidence","forge_account_id","locations","vulnerability_type","file_hashes","is_false_positive","ttl_expires_at","cached_at","inserted_at","updated_at") VALUES ($1,$2,$3,$4,$5,$6,$7,$8,$9,$10,$11,$12,$13) ON CONFLICT ("cache_key") DO UPDATE SET "updated_at" = EXCLUDED."updated_at","inserted_at" = EXCLUDED."inserted_at","forge_account_id" = EXCLUDED."forge_account_id","invalidation_reason" = EXCLUDED."invalidation_reason","invalidated_at" = EXCLUDED."invalidated_at","ttl_expires_at" = EXCLUDED."ttl_expires_at","cached_at" = EXCLUDED."cached_at","full_result" = EXCLUDED."full_result","reason" = EXCLUDED."reason","confidence" = EXCLUDED."confidence","is_false_positive" = EXCLUDED."is_false_positive","file_hashes" = EXCLUDED."file_hashes","locations" = EXCLUDED."locations","vulnerability_type" = EXCLUDED."vulnerability_type","repository" = EXCLUDED."repository","cache_key" = EXCLUDED."cache_key" RETURNING "id","updated_at","inserted_at","forge_account_id","invalidation_reason","invalidated_at","ttl_expires_at","cached_at","full_result","reason","confidence","is_false_positive","file_hashes","locations","vulnerability_type","repository","cache_key" ["Performance test entry 11", "56659/RSOLV-dev/perf-test/[path/to/file11.js:110]:eval", "RSOLV-dev/perf-test", Decimal.new("0.61"), 56659, [%{line: 110, file_path: "path/to/file11.js"}], "eval", %{"path/to/file11.js" => "sha256:content11"}, false, ~U[2025-12-10 20:25:22.168264Z], ~U[2025-09-11 20:25:22.168264Z], ~U[2025-09-11 20:25:22.168310Z], ~U[2025-09-11 20:25:22.168310Z]]
14:25:22.168 [debug] Cached validation stored
14:25:22.168 [debug] QUERY OK source="cached_validations" db=0.1ms
INSERT INTO "cached_validations" ("reason","cache_key","repository","confidence","forge_account_id","locations","vulnerability_type","file_hashes","is_false_positive","ttl_expires_at","cached_at","inserted_at","updated_at") VALUES ($1,$2,$3,$4,$5,$6,$7,$8,$9,$10,$11,$12,$13) ON CONFLICT ("cache_key") DO UPDATE SET "updated_at" = EXCLUDED."updated_at","inserted_at" = EXCLUDED."inserted_at","forge_account_id" = EXCLUDED."forge_account_id","invalidation_reason" = EXCLUDED."invalidation_reason","invalidated_at" = EXCLUDED."invalidated_at","ttl_expires_at" = EXCLUDED."ttl_expires_at","cached_at" = EXCLUDED."cached_at","full_result" = EXCLUDED."full_result","reason" = EXCLUDED."reason","confidence" = EXCLUDED."confidence","is_false_positive" = EXCLUDED."is_false_positive","file_hashes" = EXCLUDED."file_hashes","locations" = EXCLUDED."locations","vulnerability_type" = EXCLUDED."vulnerability_type","repository" = EXCLUDED."repository","cache_key" = EXCLUDED."cache_key" RETURNING "id","updated_at","inserted_at","forge_account_id","invalidation_reason","invalidated_at","ttl_expires_at","cached_at","full_result","reason","confidence","is_false_positive","file_hashes","locations","vulnerability_type","repository","cache_key" ["Performance test entry 12", "56659/RSOLV-dev/perf-test/[path/to/file12.js:120]:xss", "RSOLV-dev/perf-test", Decimal.new("0.62"), 56659, [%{line: 120, file_path: "path/to/file12.js"}], "xss", %{"path/to/file12.js" => "sha256:content12"}, true, ~U[2025-12-10 20:25:22.168559Z], ~U[2025-09-11 20:25:22.168559Z], ~U[2025-09-11 20:25:22.168605Z], ~U[2025-09-11 20:25:22.168605Z]]
14:25:22.168 [debug] Cached validation stored
14:25:22.169 [debug] QUERY OK source="cached_validations" db=0.1ms
INSERT INTO "cached_validations" ("reason","cache_key","repository","confidence","forge_account_id","locations","vulnerability_type","file_hashes","is_false_positive","ttl_expires_at","cached_at","inserted_at","updated_at") VALUES ($1,$2,$3,$4,$5,$6,$7,$8,$9,$10,$11,$12,$13) ON CONFLICT ("cache_key") DO UPDATE SET "updated_at" = EXCLUDED."updated_at","inserted_at" = EXCLUDED."inserted_at","forge_account_id" = EXCLUDED."forge_account_id","invalidation_reason" = EXCLUDED."invalidation_reason","invalidated_at" = EXCLUDED."invalidated_at","ttl_expires_at" = EXCLUDED."ttl_expires_at","cached_at" = EXCLUDED."cached_at","full_result" = EXCLUDED."full_result","reason" = EXCLUDED."reason","confidence" = EXCLUDED."confidence","is_false_positive" = EXCLUDED."is_false_positive","file_hashes" = EXCLUDED."file_hashes","locations" = EXCLUDED."locations","vulnerability_type" = EXCLUDED."vulnerability_type","repository" = EXCLUDED."repository","cache_key" = EXCLUDED."cache_key" RETURNING "id","updated_at","inserted_at","forge_account_id","invalidation_reason","invalidated_at","ttl_expires_at","cached_at","full_result","reason","confidence","is_false_positive","file_hashes","locations","vulnerability_type","repository","cache_key" ["Performance test entry 13", "56659/RSOLV-dev/perf-test/[path/to/file13.js:130]:eval", "RSOLV-dev/perf-test", Decimal.new("0.63"), 56659, [%{line: 130, file_path: "path/to/file13.js"}], "eval", %{"path/to/file13.js" => "sha256:content13"}, false, ~U[2025-12-10 20:25:22.168870Z], ~U[2025-09-11 20:25:22.168870Z], ~U[2025-09-11 20:25:22.168912Z], ~U[2025-09-11 20:25:22.168912Z]]
14:25:22.169 [debug] Cached validation stored
14:25:22.169 [debug] QUERY OK source="cached_validations" db=0.0ms
INSERT INTO "cached_validations" ("reason","cache_key","repository","confidence","forge_account_id","locations","vulnerability_type","file_hashes","is_false_positive","ttl_expires_at","cached_at","inserted_at","updated_at") VALUES ($1,$2,$3,$4,$5,$6,$7,$8,$9,$10,$11,$12,$13) ON CONFLICT ("cache_key") DO UPDATE SET "updated_at" = EXCLUDED."updated_at","inserted_at" = EXCLUDED."inserted_at","forge_account_id" = EXCLUDED."forge_account_id","invalidation_reason" = EXCLUDED."invalidation_reason","invalidated_at" = EXCLUDED."invalidated_at","ttl_expires_at" = EXCLUDED."ttl_expires_at","cached_at" = EXCLUDED."cached_at","full_result" = EXCLUDED."full_result","reason" = EXCLUDED."reason","confidence" = EXCLUDED."confidence","is_false_positive" = EXCLUDED."is_false_positive","file_hashes" = EXCLUDED."file_hashes","locations" = EXCLUDED."locations","vulnerability_type" = EXCLUDED."vulnerability_type","repository" = EXCLUDED."repository","cache_key" = EXCLUDED."cache_key" RETURNING "id","updated_at","inserted_at","forge_account_id","invalidation_reason","invalidated_at","ttl_expires_at","cached_at","full_result","reason","confidence","is_false_positive","file_hashes","locations","vulnerability_type","repository","cache_key" ["Performance test entry 14", "56659/RSOLV-dev/perf-test/[path/to/file14.js:140]:sql-injection", "RSOLV-dev/perf-test", Decimal.new("0.64"), 56659, [%{line: 140, file_path: "path/to/file14.js"}], "sql-injection", %{"path/to/file14.js" => "sha256:content14"}, true, ~U[2025-12-10 20:25:22.169113Z], ~U[2025-09-11 20:25:22.169113Z], ~U[2025-09-11 20:25:22.169141Z], ~U[2025-09-11 20:25:22.169141Z]]
14:25:22.169 [debug] Cached validation stored
14:25:22.169 [debug] QUERY OK source="cached_validations" db=0.0ms
INSERT INTO "cached_validations" ("reason","cache_key","repository","confidence","forge_account_id","locations","vulnerability_type","file_hashes","is_false_positive","ttl_expires_at","cached_at","inserted_at","updated_at") VALUES ($1,$2,$3,$4,$5,$6,$7,$8,$9,$10,$11,$12,$13) ON CONFLICT ("cache_key") DO UPDATE SET "updated_at" = EXCLUDED."updated_at","inserted_at" = EXCLUDED."inserted_at","forge_account_id" = EXCLUDED."forge_account_id","invalidation_reason" = EXCLUDED."invalidation_reason","invalidated_at" = EXCLUDED."invalidated_at","ttl_expires_at" = EXCLUDED."ttl_expires_at","cached_at" = EXCLUDED."cached_at","full_result" = EXCLUDED."full_result","reason" = EXCLUDED."reason","confidence" = EXCLUDED."confidence","is_false_positive" = EXCLUDED."is_false_positive","file_hashes" = EXCLUDED."file_hashes","locations" = EXCLUDED."locations","vulnerability_type" = EXCLUDED."vulnerability_type","repository" = EXCLUDED."repository","cache_key" = EXCLUDED."cache_key" RETURNING "id","updated_at","inserted_at","forge_account_id","invalidation_reason","invalidated_at","ttl_expires_at","cached_at","full_result","reason","confidence","is_false_positive","file_hashes","locations","vulnerability_type","repository","cache_key" ["Performance test entry 15", "56659/RSOLV-dev/perf-test/[path/to/file15.js:150]:xss", "RSOLV-dev/perf-test", Decimal.new("0.65"), 56659, [%{line: 150, file_path: "path/to/file15.js"}], "xss", %{"path/to/file15.js" => "sha256:content15"}, false, ~U[2025-12-10 20:25:22.169322Z], ~U[2025-09-11 20:25:22.169322Z], ~U[2025-09-11 20:25:22.169350Z], ~U[2025-09-11 20:25:22.169350Z]]
14:25:22.169 [debug] Cached validation stored
14:25:22.169 [debug] QUERY OK source="cached_validations" db=0.0ms
INSERT INTO "cached_validations" ("reason","cache_key","repository","confidence","forge_account_id","locations","vulnerability_type","file_hashes","is_false_positive","ttl_expires_at","cached_at","inserted_at","updated_at") VALUES ($1,$2,$3,$4,$5,$6,$7,$8,$9,$10,$11,$12,$13) ON CONFLICT ("cache_key") DO UPDATE SET "updated_at" = EXCLUDED."updated_at","inserted_at" = EXCLUDED."inserted_at","forge_account_id" = EXCLUDED."forge_account_id","invalidation_reason" = EXCLUDED."invalidation_reason","invalidated_at" = EXCLUDED."invalidated_at","ttl_expires_at" = EXCLUDED."ttl_expires_at","cached_at" = EXCLUDED."cached_at","full_result" = EXCLUDED."full_result","reason" = EXCLUDED."reason","confidence" = EXCLUDED."confidence","is_false_positive" = EXCLUDED."is_false_positive","file_hashes" = EXCLUDED."file_hashes","locations" = EXCLUDED."locations","vulnerability_type" = EXCLUDED."vulnerability_type","repository" = EXCLUDED."repository","cache_key" = EXCLUDED."cache_key" RETURNING "id","updated_at","inserted_at","forge_account_id","invalidation_reason","invalidated_at","ttl_expires_at","cached_at","full_result","reason","confidence","is_false_positive","file_hashes","locations","vulnerability_type","repository","cache_key" ["Performance test entry 16", "56659/RSOLV-dev/perf-test/[path/to/file16.js:160]:sql-injection", "RSOLV-dev/perf-test", Decimal.new("0.66"), 56659, [%{line: 160, file_path: "path/to/file16.js"}], "sql-injection", %{"path/to/file16.js" => "sha256:content16"}, true, ~U[2025-12-10 20:25:22.169501Z], ~U[2025-09-11 20:25:22.169501Z], ~U[2025-09-11 20:25:22.169534Z], ~U[2025-09-11 20:25:22.169534Z]]
14:25:22.169 [debug] Cached validation stored
14:25:22.169 [debug] QUERY OK source="cached_validations" db=0.0ms
INSERT INTO "cached_validations" ("reason","cache_key","repository","confidence","forge_account_id","locations","vulnerability_type","file_hashes","is_false_positive","ttl_expires_at","cached_at","inserted_at","updated_at") VALUES ($1,$2,$3,$4,$5,$6,$7,$8,$9,$10,$11,$12,$13) ON CONFLICT ("cache_key") DO UPDATE SET "updated_at" = EXCLUDED."updated_at","inserted_at" = EXCLUDED."inserted_at","forge_account_id" = EXCLUDED."forge_account_id","invalidation_reason" = EXCLUDED."invalidation_reason","invalidated_at" = EXCLUDED."invalidated_at","ttl_expires_at" = EXCLUDED."ttl_expires_at","cached_at" = EXCLUDED."cached_at","full_result" = EXCLUDED."full_result","reason" = EXCLUDED."reason","confidence" = EXCLUDED."confidence","is_false_positive" = EXCLUDED."is_false_positive","file_hashes" = EXCLUDED."file_hashes","locations" = EXCLUDED."locations","vulnerability_type" = EXCLUDED."vulnerability_type","repository" = EXCLUDED."repository","cache_key" = EXCLUDED."cache_key" RETURNING "id","updated_at","inserted_at","forge_account_id","invalidation_reason","invalidated_at","ttl_expires_at","cached_at","full_result","reason","confidence","is_false_positive","file_hashes","locations","vulnerability_type","repository","cache_key" ["Performance test entry 17", "56659/RSOLV-dev/perf-test/[path/to/file17.js:170]:eval", "RSOLV-dev/perf-test", Decimal.new("0.67"), 56659, [%{line: 170, file_path: "path/to/file17.js"}], "eval", %{"path/to/file17.js" => "sha256:content17"}, false, ~U[2025-12-10 20:25:22.169679Z], ~U[2025-09-11 20:25:22.169679Z], ~U[2025-09-11 20:25:22.169704Z], ~U[2025-09-11 20:25:22.169704Z]]
14:25:22.169 [debug] Cached validation stored
14:25:22.169 [debug] QUERY OK source="cached_validations" db=0.0ms
INSERT INTO "cached_validations" ("reason","cache_key","repository","confidence","forge_account_id","locations","vulnerability_type","file_hashes","is_false_positive","ttl_expires_at","cached_at","inserted_at","updated_at") VALUES ($1,$2,$3,$4,$5,$6,$7,$8,$9,$10,$11,$12,$13) ON CONFLICT ("cache_key") DO UPDATE SET "updated_at" = EXCLUDED."updated_at","inserted_at" = EXCLUDED."inserted_at","forge_account_id" = EXCLUDED."forge_account_id","invalidation_reason" = EXCLUDED."invalidation_reason","invalidated_at" = EXCLUDED."invalidated_at","ttl_expires_at" = EXCLUDED."ttl_expires_at","cached_at" = EXCLUDED."cached_at","full_result" = EXCLUDED."full_result","reason" = EXCLUDED."reason","confidence" = EXCLUDED."confidence","is_false_positive" = EXCLUDED."is_false_positive","file_hashes" = EXCLUDED."file_hashes","locations" = EXCLUDED."locations","vulnerability_type" = EXCLUDED."vulnerability_type","repository" = EXCLUDED."repository","cache_key" = EXCLUDED."cache_key" RETURNING "id","updated_at","inserted_at","forge_account_id","invalidation_reason","invalidated_at","ttl_expires_at","cached_at","full_result","reason","confidence","is_false_positive","file_hashes","locations","vulnerability_type","repository","cache_key" ["Performance test entry 18", "56659/RSOLV-dev/perf-test/[path/to/file18.js:180]:xss", "RSOLV-dev/perf-test", Decimal.new("0.6799999999999999"), 56659, [%{line: 180, file_path: "path/to/file18.js"}], "xss", %{"path/to/file18.js" => "sha256:content18"}, true, ~U[2025-12-10 20:25:22.169846Z], ~U[2025-09-11 20:25:22.169846Z], ~U[2025-09-11 20:25:22.169872Z], ~U[2025-09-11 20:25:22.169872Z]]
14:25:22.169 [debug] Cached validation stored
14:25:22.170 [debug] QUERY OK source="cached_validations" db=0.0ms
INSERT INTO "cached_validations" ("reason","cache_key","repository","confidence","forge_account_id","locations","vulnerability_type","file_hashes","is_false_positive","ttl_expires_at","cached_at","inserted_at","updated_at") VALUES ($1,$2,$3,$4,$5,$6,$7,$8,$9,$10,$11,$12,$13) ON CONFLICT ("cache_key") DO UPDATE SET "updated_at" = EXCLUDED."updated_at","inserted_at" = EXCLUDED."inserted_at","forge_account_id" = EXCLUDED."forge_account_id","invalidation_reason" = EXCLUDED."invalidation_reason","invalidated_at" = EXCLUDED."invalidated_at","ttl_expires_at" = EXCLUDED."ttl_expires_at","cached_at" = EXCLUDED."cached_at","full_result" = EXCLUDED."full_result","reason" = EXCLUDED."reason","confidence" = EXCLUDED."confidence","is_false_positive" = EXCLUDED."is_false_positive","file_hashes" = EXCLUDED."file_hashes","locations" = EXCLUDED."locations","vulnerability_type" = EXCLUDED."vulnerability_type","repository" = EXCLUDED."repository","cache_key" = EXCLUDED."cache_key" RETURNING "id","updated_at","inserted_at","forge_account_id","invalidation_reason","invalidated_at","ttl_expires_at","cached_at","full_result","reason","confidence","is_false_positive","file_hashes","locations","vulnerability_type","repository","cache_key" ["Performance test entry 19", "56659/RSOLV-dev/perf-test/[path/to/file19.js:190]:eval", "RSOLV-dev/perf-test", Decimal.new("0.69"), 56659, [%{line: 190, file_path: "path/to/file19.js"}], "eval", %{"path/to/file19.js" => "sha256:content19"}, false, ~U[2025-12-10 20:25:22.170001Z], ~U[2025-09-11 20:25:22.170001Z], ~U[2025-09-11 20:25:22.170032Z], ~U[2025-09-11 20:25:22.170032Z]]
14:25:22.170 [debug] Cached validation stored
14:25:22.170 [debug] QUERY OK source="cached_validations" db=0.0ms
INSERT INTO "cached_validations" ("reason","cache_key","repository","confidence","forge_account_id","locations","vulnerability_type","file_hashes","is_false_positive","ttl_expires_at","cached_at","inserted_at","updated_at") VALUES ($1,$2,$3,$4,$5,$6,$7,$8,$9,$10,$11,$12,$13) ON CONFLICT ("cache_key") DO UPDATE SET "updated_at" = EXCLUDED."updated_at","inserted_at" = EXCLUDED."inserted_at","forge_account_id" = EXCLUDED."forge_account_id","invalidation_reason" = EXCLUDED."invalidation_reason","invalidated_at" = EXCLUDED."invalidated_at","ttl_expires_at" = EXCLUDED."ttl_expires_at","cached_at" = EXCLUDED."cached_at","full_result" = EXCLUDED."full_result","reason" = EXCLUDED."reason","confidence" = EXCLUDED."confidence","is_false_positive" = EXCLUDED."is_false_positive","file_hashes" = EXCLUDED."file_hashes","locations" = EXCLUDED."locations","vulnerability_type" = EXCLUDED."vulnerability_type","repository" = EXCLUDED."repository","cache_key" = EXCLUDED."cache_key" RETURNING "id","updated_at","inserted_at","forge_account_id","invalidation_reason","invalidated_at","ttl_expires_at","cached_at","full_result","reason","confidence","is_false_positive","file_hashes","locations","vulnerability_type","repository","cache_key" ["Performance test entry 20", "56659/RSOLV-dev/perf-test/[path/to/file20.js:200]:sql-injection", "RSOLV-dev/perf-test", Decimal.new("0.7"), 56659, [%{line: 200, file_path: "path/to/file20.js"}], "sql-injection", %{"path/to/file20.js" => "sha256:content20"}, true, ~U[2025-12-10 20:25:22.170179Z], ~U[2025-09-11 20:25:22.170179Z], ~U[2025-09-11 20:25:22.170204Z], ~U[2025-09-11 20:25:22.170204Z]]
14:25:22.170 [debug] Cached validation stored
14:25:22.170 [debug] QUERY OK source="cached_validations" db=0.0ms
INSERT INTO "cached_validations" ("reason","cache_key","repository","confidence","forge_account_id","locations","vulnerability_type","file_hashes","is_false_positive","ttl_expires_at","cached_at","inserted_at","updated_at") VALUES ($1,$2,$3,$4,$5,$6,$7,$8,$9,$10,$11,$12,$13) ON CONFLICT ("cache_key") DO UPDATE SET "updated_at" = EXCLUDED."updated_at","inserted_at" = EXCLUDED."inserted_at","forge_account_id" = EXCLUDED."forge_account_id","invalidation_reason" = EXCLUDED."invalidation_reason","invalidated_at" = EXCLUDED."invalidated_at","ttl_expires_at" = EXCLUDED."ttl_expires_at","cached_at" = EXCLUDED."cached_at","full_result" = EXCLUDED."full_result","reason" = EXCLUDED."reason","confidence" = EXCLUDED."confidence","is_false_positive" = EXCLUDED."is_false_positive","file_hashes" = EXCLUDED."file_hashes","locations" = EXCLUDED."locations","vulnerability_type" = EXCLUDED."vulnerability_type","repository" = EXCLUDED."repository","cache_key" = EXCLUDED."cache_key" RETURNING "id","updated_at","inserted_at","forge_account_id","invalidation_reason","invalidated_at","ttl_expires_at","cached_at","full_result","reason","confidence","is_false_positive","file_hashes","locations","vulnerability_type","repository","cache_key" ["Performance test entry 21", "56659/RSOLV-dev/perf-test/[path/to/file21.js:210]:xss", "RSOLV-dev/perf-test", Decimal.new("0.71"), 56659, [%{line: 210, file_path: "path/to/file21.js"}], "xss", %{"path/to/file21.js" => "sha256:content21"}, false, ~U[2025-12-10 20:25:22.170370Z], ~U[2025-09-11 20:25:22.170370Z], ~U[2025-09-11 20:25:22.170396Z], ~U[2025-09-11 20:25:22.170396Z]]
14:25:22.170 [debug] Cached validation stored
14:25:22.170 [debug] QUERY OK source="cached_validations" db=0.0ms
INSERT INTO "cached_validations" ("reason","cache_key","repository","confidence","forge_account_id","locations","vulnerability_type","file_hashes","is_false_positive","ttl_expires_at","cached_at","inserted_at","updated_at") VALUES ($1,$2,$3,$4,$5,$6,$7,$8,$9,$10,$11,$12,$13) ON CONFLICT ("cache_key") DO UPDATE SET "updated_at" = EXCLUDED."updated_at","inserted_at" = EXCLUDED."inserted_at","forge_account_id" = EXCLUDED."forge_account_id","invalidation_reason" = EXCLUDED."invalidation_reason","invalidated_at" = EXCLUDED."invalidated_at","ttl_expires_at" = EXCLUDED."ttl_expires_at","cached_at" = EXCLUDED."cached_at","full_result" = EXCLUDED."full_result","reason" = EXCLUDED."reason","confidence" = EXCLUDED."confidence","is_false_positive" = EXCLUDED."is_false_positive","file_hashes" = EXCLUDED."file_hashes","locations" = EXCLUDED."locations","vulnerability_type" = EXCLUDED."vulnerability_type","repository" = EXCLUDED."repository","cache_key" = EXCLUDED."cache_key" RETURNING "id","updated_at","inserted_at","forge_account_id","invalidation_reason","invalidated_at","ttl_expires_at","cached_at","full_result","reason","confidence","is_false_positive","file_hashes","locations","vulnerability_type","repository","cache_key" ["Performance test entry 22", "56659/RSOLV-dev/perf-test/[path/to/file22.js:220]:sql-injection", "RSOLV-dev/perf-test", Decimal.new("0.72"), 56659, [%{line: 220, file_path: "path/to/file22.js"}], "sql-injection", %{"path/to/file22.js" => "sha256:content22"}, true, ~U[2025-12-10 20:25:22.170530Z], ~U[2025-09-11 20:25:22.170530Z], ~U[2025-09-11 20:25:22.170561Z], ~U[2025-09-11 20:25:22.170561Z]]
14:25:22.170 [debug] Cached validation stored
14:25:22.170 [debug] QUERY OK source="cached_validations" db=0.0ms
INSERT INTO "cached_validations" ("reason","cache_key","repository","confidence","forge_account_id","locations","vulnerability_type","file_hashes","is_false_positive","ttl_expires_at","cached_at","inserted_at","updated_at") VALUES ($1,$2,$3,$4,$5,$6,$7,$8,$9,$10,$11,$12,$13) ON CONFLICT ("cache_key") DO UPDATE SET "updated_at" = EXCLUDED."updated_at","inserted_at" = EXCLUDED."inserted_at","forge_account_id" = EXCLUDED."forge_account_id","invalidation_reason" = EXCLUDED."invalidation_reason","invalidated_at" = EXCLUDED."invalidated_at","ttl_expires_at" = EXCLUDED."ttl_expires_at","cached_at" = EXCLUDED."cached_at","full_result" = EXCLUDED."full_result","reason" = EXCLUDED."reason","confidence" = EXCLUDED."confidence","is_false_positive" = EXCLUDED."is_false_positive","file_hashes" = EXCLUDED."file_hashes","locations" = EXCLUDED."locations","vulnerability_type" = EXCLUDED."vulnerability_type","repository" = EXCLUDED."repository","cache_key" = EXCLUDED."cache_key" RETURNING "id","updated_at","inserted_at","forge_account_id","invalidation_reason","invalidated_at","ttl_expires_at","cached_at","full_result","reason","confidence","is_false_positive","file_hashes","locations","vulnerability_type","repository","cache_key" ["Performance test entry 23", "56659/RSOLV-dev/perf-test/[path/to/file23.js:230]:eval", "RSOLV-dev/perf-test", Decimal.new("0.73"), 56659, [%{line: 230, file_path: "path/to/file23.js"}], "eval", %{"path/to/file23.js" => "sha256:content23"}, false, ~U[2025-12-10 20:25:22.170708Z], ~U[2025-09-11 20:25:22.170708Z], ~U[2025-09-11 20:25:22.170731Z], ~U[2025-09-11 20:25:22.170731Z]]
14:25:22.170 [debug] Cached validation stored
14:25:22.171 [debug] QUERY OK source="cached_validations" db=0.0ms
INSERT INTO "cached_validations" ("reason","cache_key","repository","confidence","forge_account_id","locations","vulnerability_type","file_hashes","is_false_positive","ttl_expires_at","cached_at","inserted_at","updated_at") VALUES ($1,$2,$3,$4,$5,$6,$7,$8,$9,$10,$11,$12,$13) ON CONFLICT ("cache_key") DO UPDATE SET "updated_at" = EXCLUDED."updated_at","inserted_at" = EXCLUDED."inserted_at","forge_account_id" = EXCLUDED."forge_account_id","invalidation_reason" = EXCLUDED."invalidation_reason","invalidated_at" = EXCLUDED."invalidated_at","ttl_expires_at" = EXCLUDED."ttl_expires_at","cached_at" = EXCLUDED."cached_at","full_result" = EXCLUDED."full_result","reason" = EXCLUDED."reason","confidence" = EXCLUDED."confidence","is_false_positive" = EXCLUDED."is_false_positive","file_hashes" = EXCLUDED."file_hashes","locations" = EXCLUDED."locations","vulnerability_type" = EXCLUDED."vulnerability_type","repository" = EXCLUDED."repository","cache_key" = EXCLUDED."cache_key" RETURNING "id","updated_at","inserted_at","forge_account_id","invalidation_reason","invalidated_at","ttl_expires_at","cached_at","full_result","reason","confidence","is_false_positive","file_hashes","locations","vulnerability_type","repository","cache_key" ["Performance test entry 24", "56659/RSOLV-dev/perf-test/[path/to/file24.js:240]:xss", "RSOLV-dev/perf-test", Decimal.new("0.74"), 56659, [%{line: 240, file_path: "path/to/file24.js"}], "xss", %{"path/to/file24.js" => "sha256:content24"}, true, ~U[2025-12-10 20:25:22.170881Z], ~U[2025-09-11 20:25:22.170881Z], ~U[2025-09-11 20:25:22.170906Z], ~U[2025-09-11 20:25:22.170906Z]]
14:25:22.171 [debug] Cached validation stored
14:25:22.171 [debug] QUERY OK source="cached_validations" db=0.0ms
INSERT INTO "cached_validations" ("reason","cache_key","repository","confidence","forge_account_id","locations","vulnerability_type","file_hashes","is_false_positive","ttl_expires_at","cached_at","inserted_at","updated_at") VALUES ($1,$2,$3,$4,$5,$6,$7,$8,$9,$10,$11,$12,$13) ON CONFLICT ("cache_key") DO UPDATE SET "updated_at" = EXCLUDED."updated_at","inserted_at" = EXCLUDED."inserted_at","forge_account_id" = EXCLUDED."forge_account_id","invalidation_reason" = EXCLUDED."invalidation_reason","invalidated_at" = EXCLUDED."invalidated_at","ttl_expires_at" = EXCLUDED."ttl_expires_at","cached_at" = EXCLUDED."cached_at","full_result" = EXCLUDED."full_result","reason" = EXCLUDED."reason","confidence" = EXCLUDED."confidence","is_false_positive" = EXCLUDED."is_false_positive","file_hashes" = EXCLUDED."file_hashes","locations" = EXCLUDED."locations","vulnerability_type" = EXCLUDED."vulnerability_type","repository" = EXCLUDED."repository","cache_key" = EXCLUDED."cache_key" RETURNING "id","updated_at","inserted_at","forge_account_id","invalidation_reason","invalidated_at","ttl_expires_at","cached_at","full_result","reason","confidence","is_false_positive","file_hashes","locations","vulnerability_type","repository","cache_key" ["Performance test entry 25", "56659/RSOLV-dev/perf-test/[path/to/file25.js:250]:eval", "RSOLV-dev/perf-test", Decimal.new("0.75"), 56659, [%{line: 250, file_path: "path/to/file25.js"}], "eval", %{"path/to/file25.js" => "sha256:content25"}, false, ~U[2025-12-10 20:25:22.171043Z], ~U[2025-09-11 20:25:22.171043Z], ~U[2025-09-11 20:25:22.171072Z], ~U[2025-09-11 20:25:22.171072Z]]
14:25:22.171 [debug] Cached validation stored
14:25:22.171 [debug] QUERY OK source="cached_validations" db=0.0ms
INSERT INTO "cached_validations" ("reason","cache_key","repository","confidence","forge_account_id","locations","vulnerability_type","file_hashes","is_false_positive","ttl_expires_at","cached_at","inserted_at","updated_at") VALUES ($1,$2,$3,$4,$5,$6,$7,$8,$9,$10,$11,$12,$13) ON CONFLICT ("cache_key") DO UPDATE SET "updated_at" = EXCLUDED."updated_at","inserted_at" = EXCLUDED."inserted_at","forge_account_id" = EXCLUDED."forge_account_id","invalidation_reason" = EXCLUDED."invalidation_reason","invalidated_at" = EXCLUDED."invalidated_at","ttl_expires_at" = EXCLUDED."ttl_expires_at","cached_at" = EXCLUDED."cached_at","full_result" = EXCLUDED."full_result","reason" = EXCLUDED."reason","confidence" = EXCLUDED."confidence","is_false_positive" = EXCLUDED."is_false_positive","file_hashes" = EXCLUDED."file_hashes","locations" = EXCLUDED."locations","vulnerability_type" = EXCLUDED."vulnerability_type","repository" = EXCLUDED."repository","cache_key" = EXCLUDED."cache_key" RETURNING "id","updated_at","inserted_at","forge_account_id","invalidation_reason","invalidated_at","ttl_expires_at","cached_at","full_result","reason","confidence","is_false_positive","file_hashes","locations","vulnerability_type","repository","cache_key" ["Performance test entry 26", "56659/RSOLV-dev/perf-test/[path/to/file26.js:260]:sql-injection", "RSOLV-dev/perf-test", Decimal.new("0.76"), 56659, [%{line: 260, file_path: "path/to/file26.js"}], "sql-injection", %{"path/to/file26.js" => "sha256:content26"}, true, ~U[2025-12-10 20:25:22.171226Z], ~U[2025-09-11 20:25:22.171226Z], ~U[2025-09-11 20:25:22.171256Z], ~U[2025-09-11 20:25:22.171256Z]]
14:25:22.171 [debug] Cached validation stored
14:25:22.171 [debug] QUERY OK source="cached_validations" db=0.0ms
INSERT INTO "cached_validations" ("reason","cache_key","repository","confidence","forge_account_id","locations","vulnerability_type","file_hashes","is_false_positive","ttl_expires_at","cached_at","inserted_at","updated_at") VALUES ($1,$2,$3,$4,$5,$6,$7,$8,$9,$10,$11,$12,$13) ON CONFLICT ("cache_key") DO UPDATE SET "updated_at" = EXCLUDED."updated_at","inserted_at" = EXCLUDED."inserted_at","forge_account_id" = EXCLUDED."forge_account_id","invalidation_reason" = EXCLUDED."invalidation_reason","invalidated_at" = EXCLUDED."invalidated_at","ttl_expires_at" = EXCLUDED."ttl_expires_at","cached_at" = EXCLUDED."cached_at","full_result" = EXCLUDED."full_result","reason" = EXCLUDED."reason","confidence" = EXCLUDED."confidence","is_false_positive" = EXCLUDED."is_false_positive","file_hashes" = EXCLUDED."file_hashes","locations" = EXCLUDED."locations","vulnerability_type" = EXCLUDED."vulnerability_type","repository" = EXCLUDED."repository","cache_key" = EXCLUDED."cache_key" RETURNING "id","updated_at","inserted_at","forge_account_id","invalidation_reason","invalidated_at","ttl_expires_at","cached_at","full_result","reason","confidence","is_false_positive","file_hashes","locations","vulnerability_type","repository","cache_key" ["Performance test entry 27", "56659/RSOLV-dev/perf-test/[path/to/file27.js:270]:xss", "RSOLV-dev/perf-test", Decimal.new("0.77"), 56659, [%{line: 270, file_path: "path/to/file27.js"}], "xss", %{"path/to/file27.js" => "sha256:content27"}, false, ~U[2025-12-10 20:25:22.171402Z], ~U[2025-09-11 20:25:22.171402Z], ~U[2025-09-11 20:25:22.171424Z], ~U[2025-09-11 20:25:22.171424Z]]
14:25:22.171 [debug] Cached validation stored
14:25:22.171 [debug] QUERY OK source="cached_validations" db=0.0ms
INSERT INTO "cached_validations" ("reason","cache_key","repository","confidence","forge_account_id","locations","vulnerability_type","file_hashes","is_false_positive","ttl_expires_at","cached_at","inserted_at","updated_at") VALUES ($1,$2,$3,$4,$5,$6,$7,$8,$9,$10,$11,$12,$13) ON CONFLICT ("cache_key") DO UPDATE SET "updated_at" = EXCLUDED."updated_at","inserted_at" = EXCLUDED."inserted_at","forge_account_id" = EXCLUDED."forge_account_id","invalidation_reason" = EXCLUDED."invalidation_reason","invalidated_at" = EXCLUDED."invalidated_at","ttl_expires_at" = EXCLUDED."ttl_expires_at","cached_at" = EXCLUDED."cached_at","full_result" = EXCLUDED."full_result","reason" = EXCLUDED."reason","confidence" = EXCLUDED."confidence","is_false_positive" = EXCLUDED."is_false_positive","file_hashes" = EXCLUDED."file_hashes","locations" = EXCLUDED."locations","vulnerability_type" = EXCLUDED."vulnerability_type","repository" = EXCLUDED."repository","cache_key" = EXCLUDED."cache_key" RETURNING "id","updated_at","inserted_at","forge_account_id","invalidation_reason","invalidated_at","ttl_expires_at","cached_at","full_result","reason","confidence","is_false_positive","file_hashes","locations","vulnerability_type","repository","cache_key" ["Performance test entry 28", "56659/RSOLV-dev/perf-test/[path/to/file28.js:280]:sql-injection", "RSOLV-dev/perf-test", Decimal.new("0.78"), 56659, [%{line: 280, file_path: "path/to/file28.js"}], "sql-injection", %{"path/to/file28.js" => "sha256:content28"}, true, ~U[2025-12-10 20:25:22.171570Z], ~U[2025-09-11 20:25:22.171570Z], ~U[2025-09-11 20:25:22.171591Z], ~U[2025-09-11 20:25:22.171591Z]]
14:25:22.171 [debug] Cached validation stored
14:25:22.171 [debug] QUERY OK source="cached_validations" db=0.0ms
INSERT INTO "cached_validations" ("reason","cache_key","repository","confidence","forge_account_id","locations","vulnerability_type","file_hashes","is_false_positive","ttl_expires_at","cached_at","inserted_at","updated_at") VALUES ($1,$2,$3,$4,$5,$6,$7,$8,$9,$10,$11,$12,$13) ON CONFLICT ("cache_key") DO UPDATE SET "updated_at" = EXCLUDED."updated_at","inserted_at" = EXCLUDED."inserted_at","forge_account_id" = EXCLUDED."forge_account_id","invalidation_reason" = EXCLUDED."invalidation_reason","invalidated_at" = EXCLUDED."invalidated_at","ttl_expires_at" = EXCLUDED."ttl_expires_at","cached_at" = EXCLUDED."cached_at","full_result" = EXCLUDED."full_result","reason" = EXCLUDED."reason","confidence" = EXCLUDED."confidence","is_false_positive" = EXCLUDED."is_false_positive","file_hashes" = EXCLUDED."file_hashes","locations" = EXCLUDED."locations","vulnerability_type" = EXCLUDED."vulnerability_type","repository" = EXCLUDED."repository","cache_key" = EXCLUDED."cache_key" RETURNING "id","updated_at","inserted_at","forge_account_id","invalidation_reason","invalidated_at","ttl_expires_at","cached_at","full_result","reason","confidence","is_false_positive","file_hashes","locations","vulnerability_type","repository","cache_key" ["Performance test entry 29", "56659/RSOLV-dev/perf-test/[path/to/file29.js:290]:eval", "RSOLV-dev/perf-test", Decimal.new("0.79"), 56659, [%{line: 290, file_path: "path/to/file29.js"}], "eval", %{"path/to/file29.js" => "sha256:content29"}, false, ~U[2025-12-10 20:25:22.171734Z], ~U[2025-09-11 20:25:22.171734Z], ~U[2025-09-11 20:25:22.171772Z], ~U[2025-09-11 20:25:22.171772Z]]
14:25:22.171 [debug] Cached validation stored
14:25:22.172 [debug] QUERY OK source="cached_validations" db=0.0ms
INSERT INTO "cached_validations" ("reason","cache_key","repository","confidence","forge_account_id","locations","vulnerability_type","file_hashes","is_false_positive","ttl_expires_at","cached_at","inserted_at","updated_at") VALUES ($1,$2,$3,$4,$5,$6,$7,$8,$9,$10,$11,$12,$13) ON CONFLICT ("cache_key") DO UPDATE SET "updated_at" = EXCLUDED."updated_at","inserted_at" = EXCLUDED."inserted_at","forge_account_id" = EXCLUDED."forge_account_id","invalidation_reason" = EXCLUDED."invalidation_reason","invalidated_at" = EXCLUDED."invalidated_at","ttl_expires_at" = EXCLUDED."ttl_expires_at","cached_at" = EXCLUDED."cached_at","full_result" = EXCLUDED."full_result","reason" = EXCLUDED."reason","confidence" = EXCLUDED."confidence","is_false_positive" = EXCLUDED."is_false_positive","file_hashes" = EXCLUDED."file_hashes","locations" = EXCLUDED."locations","vulnerability_type" = EXCLUDED."vulnerability_type","repository" = EXCLUDED."repository","cache_key" = EXCLUDED."cache_key" RETURNING "id","updated_at","inserted_at","forge_account_id","invalidation_reason","invalidated_at","ttl_expires_at","cached_at","full_result","reason","confidence","is_false_positive","file_hashes","locations","vulnerability_type","repository","cache_key" ["Performance test entry 30", "56659/RSOLV-dev/perf-test/[path/to/file30.js:300]:xss", "RSOLV-dev/perf-test", Decimal.new("0.8"), 56659, [%{line: 300, file_path: "path/to/file30.js"}], "xss", %{"path/to/file30.js" => "sha256:content30"}, true, ~U[2025-12-10 20:25:22.171911Z], ~U[2025-09-11 20:25:22.171911Z], ~U[2025-09-11 20:25:22.171935Z], ~U[2025-09-11 20:25:22.171935Z]]
14:25:22.172 [debug] Cached validation stored
14:25:22.172 [debug] QUERY OK source="cached_validations" db=0.0ms
INSERT INTO "cached_validations" ("reason","cache_key","repository","confidence","forge_account_id","locations","vulnerability_type","file_hashes","is_false_positive","ttl_expires_at","cached_at","inserted_at","updated_at") VALUES ($1,$2,$3,$4,$5,$6,$7,$8,$9,$10,$11,$12,$13) ON CONFLICT ("cache_key") DO UPDATE SET "updated_at" = EXCLUDED."updated_at","inserted_at" = EXCLUDED."inserted_at","forge_account_id" = EXCLUDED."forge_account_id","invalidation_reason" = EXCLUDED."invalidation_reason","invalidated_at" = EXCLUDED."invalidated_at","ttl_expires_at" = EXCLUDED."ttl_expires_at","cached_at" = EXCLUDED."cached_at","full_result" = EXCLUDED."full_result","reason" = EXCLUDED."reason","confidence" = EXCLUDED."confidence","is_false_positive" = EXCLUDED."is_false_positive","file_hashes" = EXCLUDED."file_hashes","locations" = EXCLUDED."locations","vulnerability_type" = EXCLUDED."vulnerability_type","repository" = EXCLUDED."repository","cache_key" = EXCLUDED."cache_key" RETURNING "id","updated_at","inserted_at","forge_account_id","invalidation_reason","invalidated_at","ttl_expires_at","cached_at","full_result","reason","confidence","is_false_positive","file_hashes","locations","vulnerability_type","repository","cache_key" ["Performance test entry 31", "56659/RSOLV-dev/perf-test/[path/to/file31.js:310]:eval", "RSOLV-dev/perf-test", Decimal.new("0.81"), 56659, [%{line: 310, file_path: "path/to/file31.js"}], "eval", %{"path/to/file31.js" => "sha256:content31"}, false, ~U[2025-12-10 20:25:22.172072Z], ~U[2025-09-11 20:25:22.172072Z], ~U[2025-09-11 20:25:22.172100Z], ~U[2025-09-11 20:25:22.172100Z]]
14:25:22.172 [debug] Cached validation stored
14:25:22.172 [debug] QUERY OK source="cached_validations" db=0.0ms
INSERT INTO "cached_validations" ("reason","cache_key","repository","confidence","forge_account_id","locations","vulnerability_type","file_hashes","is_false_positive","ttl_expires_at","cached_at","inserted_at","updated_at") VALUES ($1,$2,$3,$4,$5,$6,$7,$8,$9,$10,$11,$12,$13) ON CONFLICT ("cache_key") DO UPDATE SET "updated_at" = EXCLUDED."updated_at","inserted_at" = EXCLUDED."inserted_at","forge_account_id" = EXCLUDED."forge_account_id","invalidation_reason" = EXCLUDED."invalidation_reason","invalidated_at" = EXCLUDED."invalidated_at","ttl_expires_at" = EXCLUDED."ttl_expires_at","cached_at" = EXCLUDED."cached_at","full_result" = EXCLUDED."full_result","reason" = EXCLUDED."reason","confidence" = EXCLUDED."confidence","is_false_positive" = EXCLUDED."is_false_positive","file_hashes" = EXCLUDED."file_hashes","locations" = EXCLUDED."locations","vulnerability_type" = EXCLUDED."vulnerability_type","repository" = EXCLUDED."repository","cache_key" = EXCLUDED."cache_key" RETURNING "id","updated_at","inserted_at","forge_account_id","invalidation_reason","invalidated_at","ttl_expires_at","cached_at","full_result","reason","confidence","is_false_positive","file_hashes","locations","vulnerability_type","repository","cache_key" ["Performance test entry 32", "56659/RSOLV-dev/perf-test/[path/to/file32.js:320]:sql-injection", "RSOLV-dev/perf-test", Decimal.new("0.8200000000000001"), 56659, [%{line: 320, file_path: "path/to/file32.js"}], "sql-injection", %{"path/to/file32.js" => "sha256:content32"}, true, ~U[2025-12-10 20:25:22.172246Z], ~U[2025-09-11 20:25:22.172246Z], ~U[2025-09-11 20:25:22.172273Z], ~U[2025-09-11 20:25:22.172273Z]]
14:25:22.172 [debug] Cached validation stored
14:25:22.172 [debug] QUERY OK source="cached_validations" db=0.0ms
INSERT INTO "cached_validations" ("reason","cache_key","repository","confidence","forge_account_id","locations","vulnerability_type","file_hashes","is_false_positive","ttl_expires_at","cached_at","inserted_at","updated_at") VALUES ($1,$2,$3,$4,$5,$6,$7,$8,$9,$10,$11,$12,$13) ON CONFLICT ("cache_key") DO UPDATE SET "updated_at" = EXCLUDED."updated_at","inserted_at" = EXCLUDED."inserted_at","forge_account_id" = EXCLUDED."forge_account_id","invalidation_reason" = EXCLUDED."invalidation_reason","invalidated_at" = EXCLUDED."invalidated_at","ttl_expires_at" = EXCLUDED."ttl_expires_at","cached_at" = EXCLUDED."cached_at","full_result" = EXCLUDED."full_result","reason" = EXCLUDED."reason","confidence" = EXCLUDED."confidence","is_false_positive" = EXCLUDED."is_false_positive","file_hashes" = EXCLUDED."file_hashes","locations" = EXCLUDED."locations","vulnerability_type" = EXCLUDED."vulnerability_type","repository" = EXCLUDED."repository","cache_key" = EXCLUDED."cache_key" RETURNING "id","updated_at","inserted_at","forge_account_id","invalidation_reason","invalidated_at","ttl_expires_at","cached_at","full_result","reason","confidence","is_false_positive","file_hashes","locations","vulnerability_type","repository","cache_key" ["Performance test entry 33", "56659/RSOLV-dev/perf-test/[path/to/file33.js:330]:xss", "RSOLV-dev/perf-test", Decimal.new("0.8300000000000001"), 56659, [%{line: 330, file_path: "path/to/file33.js"}], "xss", %{"path/to/file33.js" => "sha256:content33"}, false, ~U[2025-12-10 20:25:22.172435Z], ~U[2025-09-11 20:25:22.172435Z], ~U[2025-09-11 20:25:22.172465Z], ~U[2025-09-11 20:25:22.172465Z]]
14:25:22.172 [debug] Cached validation stored
14:25:22.172 [debug] QUERY OK source="cached_validations" db=0.0ms
INSERT INTO "cached_validations" ("reason","cache_key","repository","confidence","forge_account_id","locations","vulnerability_type","file_hashes","is_false_positive","ttl_expires_at","cached_at","inserted_at","updated_at") VALUES ($1,$2,$3,$4,$5,$6,$7,$8,$9,$10,$11,$12,$13) ON CONFLICT ("cache_key") DO UPDATE SET "updated_at" = EXCLUDED."updated_at","inserted_at" = EXCLUDED."inserted_at","forge_account_id" = EXCLUDED."forge_account_id","invalidation_reason" = EXCLUDED."invalidation_reason","invalidated_at" = EXCLUDED."invalidated_at","ttl_expires_at" = EXCLUDED."ttl_expires_at","cached_at" = EXCLUDED."cached_at","full_result" = EXCLUDED."full_result","reason" = EXCLUDED."reason","confidence" = EXCLUDED."confidence","is_false_positive" = EXCLUDED."is_false_positive","file_hashes" = EXCLUDED."file_hashes","locations" = EXCLUDED."locations","vulnerability_type" = EXCLUDED."vulnerability_type","repository" = EXCLUDED."repository","cache_key" = EXCLUDED."cache_key" RETURNING "id","updated_at","inserted_at","forge_account_id","invalidation_reason","invalidated_at","ttl_expires_at","cached_at","full_result","reason","confidence","is_false_positive","file_hashes","locations","vulnerability_type","repository","cache_key" ["Performance test entry 34", "56659/RSOLV-dev/perf-test/[path/to/file34.js:340]:sql-injection", "RSOLV-dev/perf-test", Decimal.new("0.8400000000000001"), 56659, [%{line: 340, file_path: "path/to/file34.js"}], "sql-injection", %{"path/to/file34.js" => "sha256:content34"}, true, ~U[2025-12-10 20:25:22.172601Z], ~U[2025-09-11 20:25:22.172601Z], ~U[2025-09-11 20:25:22.172623Z], ~U[2025-09-11 20:25:22.172623Z]]
14:25:22.172 [debug] Cached validation stored
14:25:22.172 [debug] QUERY OK source="cached_validations" db=0.0ms
INSERT INTO "cached_validations" ("reason","cache_key","repository","confidence","forge_account_id","locations","vulnerability_type","file_hashes","is_false_positive","ttl_expires_at","cached_at","inserted_at","updated_at") VALUES ($1,$2,$3,$4,$5,$6,$7,$8,$9,$10,$11,$12,$13) ON CONFLICT ("cache_key") DO UPDATE SET "updated_at" = EXCLUDED."updated_at","inserted_at" = EXCLUDED."inserted_at","forge_account_id" = EXCLUDED."forge_account_id","invalidation_reason" = EXCLUDED."invalidation_reason","invalidated_at" = EXCLUDED."invalidated_at","ttl_expires_at" = EXCLUDED."ttl_expires_at","cached_at" = EXCLUDED."cached_at","full_result" = EXCLUDED."full_result","reason" = EXCLUDED."reason","confidence" = EXCLUDED."confidence","is_false_positive" = EXCLUDED."is_false_positive","file_hashes" = EXCLUDED."file_hashes","locations" = EXCLUDED."locations","vulnerability_type" = EXCLUDED."vulnerability_type","repository" = EXCLUDED."repository","cache_key" = EXCLUDED."cache_key" RETURNING "id","updated_at","inserted_at","forge_account_id","invalidation_reason","invalidated_at","ttl_expires_at","cached_at","full_result","reason","confidence","is_false_positive","file_hashes","locations","vulnerability_type","repository","cache_key" ["Performance test entry 35", "56659/RSOLV-dev/perf-test/[path/to/file35.js:350]:eval", "RSOLV-dev/perf-test", Decimal.new("0.85"), 56659, [%{line: 350, file_path: "path/to/file35.js"}], "eval", %{"path/to/file35.js" => "sha256:content35"}, false, ~U[2025-12-10 20:25:22.172773Z], ~U[2025-09-11 20:25:22.172773Z], ~U[2025-09-11 20:25:22.172797Z], ~U[2025-09-11 20:25:22.172797Z]]
14:25:22.172 [debug] Cached validation stored
14:25:22.173 [debug] QUERY OK source="cached_validations" db=0.0ms
INSERT INTO "cached_validations" ("reason","cache_key","repository","confidence","forge_account_id","locations","vulnerability_type","file_hashes","is_false_positive","ttl_expires_at","cached_at","inserted_at","updated_at") VALUES ($1,$2,$3,$4,$5,$6,$7,$8,$9,$10,$11,$12,$13) ON CONFLICT ("cache_key") DO UPDATE SET "updated_at" = EXCLUDED."updated_at","inserted_at" = EXCLUDED."inserted_at","forge_account_id" = EXCLUDED."forge_account_id","invalidation_reason" = EXCLUDED."invalidation_reason","invalidated_at" = EXCLUDED."invalidated_at","ttl_expires_at" = EXCLUDED."ttl_expires_at","cached_at" = EXCLUDED."cached_at","full_result" = EXCLUDED."full_result","reason" = EXCLUDED."reason","confidence" = EXCLUDED."confidence","is_false_positive" = EXCLUDED."is_false_positive","file_hashes" = EXCLUDED."file_hashes","locations" = EXCLUDED."locations","vulnerability_type" = EXCLUDED."vulnerability_type","repository" = EXCLUDED."repository","cache_key" = EXCLUDED."cache_key" RETURNING "id","updated_at","inserted_at","forge_account_id","invalidation_reason","invalidated_at","ttl_expires_at","cached_at","full_result","reason","confidence","is_false_positive","file_hashes","locations","vulnerability_type","repository","cache_key" ["Performance test entry 36", "56659/RSOLV-dev/perf-test/[path/to/file36.js:360]:xss", "RSOLV-dev/perf-test", Decimal.new("0.86"), 56659, [%{line: 360, file_path: "path/to/file36.js"}], "xss", %{"path/to/file36.js" => "sha256:content36"}, true, ~U[2025-12-10 20:25:22.172921Z], ~U[2025-09-11 20:25:22.172921Z], ~U[2025-09-11 20:25:22.172953Z], ~U[2025-09-11 20:25:22.172953Z]]
14:25:22.173 [debug] Cached validation stored
14:25:22.173 [debug] QUERY OK source="cached_validations" db=0.0ms
INSERT INTO "cached_validations" ("reason","cache_key","repository","confidence","forge_account_id","locations","vulnerability_type","file_hashes","is_false_positive","ttl_expires_at","cached_at","inserted_at","updated_at") VALUES ($1,$2,$3,$4,$5,$6,$7,$8,$9,$10,$11,$12,$13) ON CONFLICT ("cache_key") DO UPDATE SET "updated_at" = EXCLUDED."updated_at","inserted_at" = EXCLUDED."inserted_at","forge_account_id" = EXCLUDED."forge_account_id","invalidation_reason" = EXCLUDED."invalidation_reason","invalidated_at" = EXCLUDED."invalidated_at","ttl_expires_at" = EXCLUDED."ttl_expires_at","cached_at" = EXCLUDED."cached_at","full_result" = EXCLUDED."full_result","reason" = EXCLUDED."reason","confidence" = EXCLUDED."confidence","is_false_positive" = EXCLUDED."is_false_positive","file_hashes" = EXCLUDED."file_hashes","locations" = EXCLUDED."locations","vulnerability_type" = EXCLUDED."vulnerability_type","repository" = EXCLUDED."repository","cache_key" = EXCLUDED."cache_key" RETURNING "id","updated_at","inserted_at","forge_account_id","invalidation_reason","invalidated_at","ttl_expires_at","cached_at","full_result","reason","confidence","is_false_positive","file_hashes","locations","vulnerability_type","repository","cache_key" ["Performance test entry 37", "56659/RSOLV-dev/perf-test/[path/to/file37.js:370]:eval", "RSOLV-dev/perf-test", Decimal.new("0.87"), 56659, [%{line: 370, file_path: "path/to/file37.js"}], "eval", %{"path/to/file37.js" => "sha256:content37"}, false, ~U[2025-12-10 20:25:22.173095Z], ~U[2025-09-11 20:25:22.173095Z], ~U[2025-09-11 20:25:22.173117Z], ~U[2025-09-11 20:25:22.173117Z]]
14:25:22.173 [debug] Cached validation stored
14:25:22.173 [debug] QUERY OK source="cached_validations" db=0.0ms
INSERT INTO "cached_validations" ("reason","cache_key","repository","confidence","forge_account_id","locations","vulnerability_type","file_hashes","is_false_positive","ttl_expires_at","cached_at","inserted_at","updated_at") VALUES ($1,$2,$3,$4,$5,$6,$7,$8,$9,$10,$11,$12,$13) ON CONFLICT ("cache_key") DO UPDATE SET "updated_at" = EXCLUDED."updated_at","inserted_at" = EXCLUDED."inserted_at","forge_account_id" = EXCLUDED."forge_account_id","invalidation_reason" = EXCLUDED."invalidation_reason","invalidated_at" = EXCLUDED."invalidated_at","ttl_expires_at" = EXCLUDED."ttl_expires_at","cached_at" = EXCLUDED."cached_at","full_result" = EXCLUDED."full_result","reason" = EXCLUDED."reason","confidence" = EXCLUDED."confidence","is_false_positive" = EXCLUDED."is_false_positive","file_hashes" = EXCLUDED."file_hashes","locations" = EXCLUDED."locations","vulnerability_type" = EXCLUDED."vulnerability_type","repository" = EXCLUDED."repository","cache_key" = EXCLUDED."cache_key" RETURNING "id","updated_at","inserted_at","forge_account_id","invalidation_reason","invalidated_at","ttl_expires_at","cached_at","full_result","reason","confidence","is_false_positive","file_hashes","locations","vulnerability_type","repository","cache_key" ["Performance test entry 38", "56659/RSOLV-dev/perf-test/[path/to/file38.js:380]:sql-injection", "RSOLV-dev/perf-test", Decimal.new("0.88"), 56659, [%{line: 380, file_path: "path/to/file38.js"}], "sql-injection", %{"path/to/file38.js" => "sha256:content38"}, true, ~U[2025-12-10 20:25:22.173264Z], ~U[2025-09-11 20:25:22.173264Z], ~U[2025-09-11 20:25:22.173295Z], ~U[2025-09-11 20:25:22.173295Z]]
14:25:22.173 [debug] Cached validation stored
14:25:22.173 [debug] QUERY OK source="cached_validations" db=0.0ms
INSERT INTO "cached_validations" ("reason","cache_key","repository","confidence","forge_account_id","locations","vulnerability_type","file_hashes","is_false_positive","ttl_expires_at","cached_at","inserted_at","updated_at") VALUES ($1,$2,$3,$4,$5,$6,$7,$8,$9,$10,$11,$12,$13) ON CONFLICT ("cache_key") DO UPDATE SET "updated_at" = EXCLUDED."updated_at","inserted_at" = EXCLUDED."inserted_at","forge_account_id" = EXCLUDED."forge_account_id","invalidation_reason" = EXCLUDED."invalidation_reason","invalidated_at" = EXCLUDED."invalidated_at","ttl_expires_at" = EXCLUDED."ttl_expires_at","cached_at" = EXCLUDED."cached_at","full_result" = EXCLUDED."full_result","reason" = EXCLUDED."reason","confidence" = EXCLUDED."confidence","is_false_positive" = EXCLUDED."is_false_positive","file_hashes" = EXCLUDED."file_hashes","locations" = EXCLUDED."locations","vulnerability_type" = EXCLUDED."vulnerability_type","repository" = EXCLUDED."repository","cache_key" = EXCLUDED."cache_key" RETURNING "id","updated_at","inserted_at","forge_account_id","invalidation_reason","invalidated_at","ttl_expires_at","cached_at","full_result","reason","confidence","is_false_positive","file_hashes","locations","vulnerability_type","repository","cache_key" ["Performance test entry 39", "56659/RSOLV-dev/perf-test/[path/to/file39.js:390]:xss", "RSOLV-dev/perf-test", Decimal.new("0.89"), 56659, [%{line: 390, file_path: "path/to/file39.js"}], "xss", %{"path/to/file39.js" => "sha256:content39"}, false, ~U[2025-12-10 20:25:22.173451Z], ~U[2025-09-11 20:25:22.173451Z], ~U[2025-09-11 20:25:22.173475Z], ~U[2025-09-11 20:25:22.173475Z]]
14:25:22.173 [debug] Cached validation stored
14:25:22.173 [debug] QUERY OK source="cached_validations" db=0.0ms
INSERT INTO "cached_validations" ("reason","cache_key","repository","confidence","forge_account_id","locations","vulnerability_type","file_hashes","is_false_positive","ttl_expires_at","cached_at","inserted_at","updated_at") VALUES ($1,$2,$3,$4,$5,$6,$7,$8,$9,$10,$11,$12,$13) ON CONFLICT ("cache_key") DO UPDATE SET "updated_at" = EXCLUDED."updated_at","inserted_at" = EXCLUDED."inserted_at","forge_account_id" = EXCLUDED."forge_account_id","invalidation_reason" = EXCLUDED."invalidation_reason","invalidated_at" = EXCLUDED."invalidated_at","ttl_expires_at" = EXCLUDED."ttl_expires_at","cached_at" = EXCLUDED."cached_at","full_result" = EXCLUDED."full_result","reason" = EXCLUDED."reason","confidence" = EXCLUDED."confidence","is_false_positive" = EXCLUDED."is_false_positive","file_hashes" = EXCLUDED."file_hashes","locations" = EXCLUDED."locations","vulnerability_type" = EXCLUDED."vulnerability_type","repository" = EXCLUDED."repository","cache_key" = EXCLUDED."cache_key" RETURNING "id","updated_at","inserted_at","forge_account_id","invalidation_reason","invalidated_at","ttl_expires_at","cached_at","full_result","reason","confidence","is_false_positive","file_hashes","locations","vulnerability_type","repository","cache_key" ["Performance test entry 40", "56659/RSOLV-dev/perf-test/[path/to/file40.js:400]:sql-injection", "RSOLV-dev/perf-test", Decimal.new("0.9"), 56659, [%{line: 400, file_path: "path/to/file40.js"}], "sql-injection", %{"path/to/file40.js" => "sha256:content40"}, true, ~U[2025-12-10 20:25:22.173604Z], ~U[2025-09-11 20:25:22.173604Z], ~U[2025-09-11 20:25:22.173635Z], ~U[2025-09-11 20:25:22.173635Z]]
14:25:22.173 [debug] Cached validation stored
14:25:22.173 [debug] QUERY OK source="cached_validations" db=0.0ms
INSERT INTO "cached_validations" ("reason","cache_key","repository","confidence","forge_account_id","locations","vulnerability_type","file_hashes","is_false_positive","ttl_expires_at","cached_at","inserted_at","updated_at") VALUES ($1,$2,$3,$4,$5,$6,$7,$8,$9,$10,$11,$12,$13) ON CONFLICT ("cache_key") DO UPDATE SET "updated_at" = EXCLUDED."updated_at","inserted_at" = EXCLUDED."inserted_at","forge_account_id" = EXCLUDED."forge_account_id","invalidation_reason" = EXCLUDED."invalidation_reason","invalidated_at" = EXCLUDED."invalidated_at","ttl_expires_at" = EXCLUDED."ttl_expires_at","cached_at" = EXCLUDED."cached_at","full_result" = EXCLUDED."full_result","reason" = EXCLUDED."reason","confidence" = EXCLUDED."confidence","is_false_positive" = EXCLUDED."is_false_positive","file_hashes" = EXCLUDED."file_hashes","locations" = EXCLUDED."locations","vulnerability_type" = EXCLUDED."vulnerability_type","repository" = EXCLUDED."repository","cache_key" = EXCLUDED."cache_key" RETURNING "id","updated_at","inserted_at","forge_account_id","invalidation_reason","invalidated_at","ttl_expires_at","cached_at","full_result","reason","confidence","is_false_positive","file_hashes","locations","vulnerability_type","repository","cache_key" ["Performance test entry 41", "56659/RSOLV-dev/perf-test/[path/to/file41.js:410]:eval", "RSOLV-dev/perf-test", Decimal.new("0.9099999999999999"), 56659, [%{line: 410, file_path: "path/to/file41.js"}], "eval", %{"path/to/file41.js" => "sha256:content41"}, false, ~U[2025-12-10 20:25:22.173783Z], ~U[2025-09-11 20:25:22.173783Z], ~U[2025-09-11 20:25:22.173807Z], ~U[2025-09-11 20:25:22.173807Z]]
14:25:22.173 [debug] Cached validation stored
14:25:22.174 [debug] QUERY OK source="cached_validations" db=0.0ms
INSERT INTO "cached_validations" ("reason","cache_key","repository","confidence","forge_account_id","locations","vulnerability_type","file_hashes","is_false_positive","ttl_expires_at","cached_at","inserted_at","updated_at") VALUES ($1,$2,$3,$4,$5,$6,$7,$8,$9,$10,$11,$12,$13) ON CONFLICT ("cache_key") DO UPDATE SET "updated_at" = EXCLUDED."updated_at","inserted_at" = EXCLUDED."inserted_at","forge_account_id" = EXCLUDED."forge_account_id","invalidation_reason" = EXCLUDED."invalidation_reason","invalidated_at" = EXCLUDED."invalidated_at","ttl_expires_at" = EXCLUDED."ttl_expires_at","cached_at" = EXCLUDED."cached_at","full_result" = EXCLUDED."full_result","reason" = EXCLUDED."reason","confidence" = EXCLUDED."confidence","is_false_positive" = EXCLUDED."is_false_positive","file_hashes" = EXCLUDED."file_hashes","locations" = EXCLUDED."locations","vulnerability_type" = EXCLUDED."vulnerability_type","repository" = EXCLUDED."repository","cache_key" = EXCLUDED."cache_key" RETURNING "id","updated_at","inserted_at","forge_account_id","invalidation_reason","invalidated_at","ttl_expires_at","cached_at","full_result","reason","confidence","is_false_positive","file_hashes","locations","vulnerability_type","repository","cache_key" ["Performance test entry 42", "56659/RSOLV-dev/perf-test/[path/to/file42.js:420]:xss", "RSOLV-dev/perf-test", Decimal.new("0.9199999999999999"), 56659, [%{line: 420, file_path: "path/to/file42.js"}], "xss", %{"path/to/file42.js" => "sha256:content42"}, true, ~U[2025-12-10 20:25:22.173954Z], ~U[2025-09-11 20:25:22.173954Z], ~U[2025-09-11 20:25:22.173985Z], ~U[2025-09-11 20:25:22.173985Z]]
14:25:22.174 [debug] Cached validation stored
14:25:22.174 [debug] QUERY OK source="cached_validations" db=0.0ms
INSERT INTO "cached_validations" ("reason","cache_key","repository","confidence","forge_account_id","locations","vulnerability_type","file_hashes","is_false_positive","ttl_expires_at","cached_at","inserted_at","updated_at") VALUES ($1,$2,$3,$4,$5,$6,$7,$8,$9,$10,$11,$12,$13) ON CONFLICT ("cache_key") DO UPDATE SET "updated_at" = EXCLUDED."updated_at","inserted_at" = EXCLUDED."inserted_at","forge_account_id" = EXCLUDED."forge_account_id","invalidation_reason" = EXCLUDED."invalidation_reason","invalidated_at" = EXCLUDED."invalidated_at","ttl_expires_at" = EXCLUDED."ttl_expires_at","cached_at" = EXCLUDED."cached_at","full_result" = EXCLUDED."full_result","reason" = EXCLUDED."reason","confidence" = EXCLUDED."confidence","is_false_positive" = EXCLUDED."is_false_positive","file_hashes" = EXCLUDED."file_hashes","locations" = EXCLUDED."locations","vulnerability_type" = EXCLUDED."vulnerability_type","repository" = EXCLUDED."repository","cache_key" = EXCLUDED."cache_key" RETURNING "id","updated_at","inserted_at","forge_account_id","invalidation_reason","invalidated_at","ttl_expires_at","cached_at","full_result","reason","confidence","is_false_positive","file_hashes","locations","vulnerability_type","repository","cache_key" ["Performance test entry 43", "56659/RSOLV-dev/perf-test/[path/to/file43.js:430]:eval", "RSOLV-dev/perf-test", Decimal.new("0.9299999999999999"), 56659, [%{line: 430, file_path: "path/to/file43.js"}], "eval", %{"path/to/file43.js" => "sha256:content43"}, false, ~U[2025-12-10 20:25:22.174128Z], ~U[2025-09-11 20:25:22.174128Z], ~U[2025-09-11 20:25:22.174152Z], ~U[2025-09-11 20:25:22.174152Z]]
14:25:22.174 [debug] Cached validation stored
14:25:22.174 [debug] QUERY OK source="cached_validations" db=0.0ms
INSERT INTO "cached_validations" ("reason","cache_key","repository","confidence","forge_account_id","locations","vulnerability_type","file_hashes","is_false_positive","ttl_expires_at","cached_at","inserted_at","updated_at") VALUES ($1,$2,$3,$4,$5,$6,$7,$8,$9,$10,$11,$12,$13) ON CONFLICT ("cache_key") DO UPDATE SET "updated_at" = EXCLUDED."updated_at","inserted_at" = EXCLUDED."inserted_at","forge_account_id" = EXCLUDED."forge_account_id","invalidation_reason" = EXCLUDED."invalidation_reason","invalidated_at" = EXCLUDED."invalidated_at","ttl_expires_at" = EXCLUDED."ttl_expires_at","cached_at" = EXCLUDED."cached_at","full_result" = EXCLUDED."full_result","reason" = EXCLUDED."reason","confidence" = EXCLUDED."confidence","is_false_positive" = EXCLUDED."is_false_positive","file_hashes" = EXCLUDED."file_hashes","locations" = EXCLUDED."locations","vulnerability_type" = EXCLUDED."vulnerability_type","repository" = EXCLUDED."repository","cache_key" = EXCLUDED."cache_key" RETURNING "id","updated_at","inserted_at","forge_account_id","invalidation_reason","invalidated_at","ttl_expires_at","cached_at","full_result","reason","confidence","is_false_positive","file_hashes","locations","vulnerability_type","repository","cache_key" ["Performance test entry 44", "56659/RSOLV-dev/perf-test/[path/to/file44.js:440]:sql-injection", "RSOLV-dev/perf-test", Decimal.new("0.94"), 56659, [%{line: 440, file_path: "path/to/file44.js"}], "sql-injection", %{"path/to/file44.js" => "sha256:content44"}, true, ~U[2025-12-10 20:25:22.174289Z], ~U[2025-09-11 20:25:22.174289Z], ~U[2025-09-11 20:25:22.174319Z], ~U[2025-09-11 20:25:22.174319Z]]
14:25:22.174 [debug] Cached validation stored
14:25:22.174 [debug] QUERY OK source="cached_validations" db=0.0ms
INSERT INTO "cached_validations" ("reason","cache_key","repository","confidence","forge_account_id","locations","vulnerability_type","file_hashes","is_false_positive","ttl_expires_at","cached_at","inserted_at","updated_at") VALUES ($1,$2,$3,$4,$5,$6,$7,$8,$9,$10,$11,$12,$13) ON CONFLICT ("cache_key") DO UPDATE SET "updated_at" = EXCLUDED."updated_at","inserted_at" = EXCLUDED."inserted_at","forge_account_id" = EXCLUDED."forge_account_id","invalidation_reason" = EXCLUDED."invalidation_reason","invalidated_at" = EXCLUDED."invalidated_at","ttl_expires_at" = EXCLUDED."ttl_expires_at","cached_at" = EXCLUDED."cached_at","full_result" = EXCLUDED."full_result","reason" = EXCLUDED."reason","confidence" = EXCLUDED."confidence","is_false_positive" = EXCLUDED."is_false_positive","file_hashes" = EXCLUDED."file_hashes","locations" = EXCLUDED."locations","vulnerability_type" = EXCLUDED."vulnerability_type","repository" = EXCLUDED."repository","cache_key" = EXCLUDED."cache_key" RETURNING "id","updated_at","inserted_at","forge_account_id","invalidation_reason","invalidated_at","ttl_expires_at","cached_at","full_result","reason","confidence","is_false_positive","file_hashes","locations","vulnerability_type","repository","cache_key" ["Performance test entry 45", "56659/RSOLV-dev/perf-test/[path/to/file45.js:450]:xss", "RSOLV-dev/perf-test", Decimal.new("0.95"), 56659, [%{line: 450, file_path: "path/to/file45.js"}], "xss", %{"path/to/file45.js" => "sha256:content45"}, false, ~U[2025-12-10 20:25:22.174470Z], ~U[2025-09-11 20:25:22.174470Z], ~U[2025-09-11 20:25:22.174494Z], ~U[2025-09-11 20:25:22.174494Z]]
14:25:22.174 [debug] Cached validation stored
14:25:22.174 [debug] QUERY OK source="cached_validations" db=0.0ms
INSERT INTO "cached_validations" ("reason","cache_key","repository","confidence","forge_account_id","locations","vulnerability_type","file_hashes","is_false_positive","ttl_expires_at","cached_at","inserted_at","updated_at") VALUES ($1,$2,$3,$4,$5,$6,$7,$8,$9,$10,$11,$12,$13) ON CONFLICT ("cache_key") DO UPDATE SET "updated_at" = EXCLUDED."updated_at","inserted_at" = EXCLUDED."inserted_at","forge_account_id" = EXCLUDED."forge_account_id","invalidation_reason" = EXCLUDED."invalidation_reason","invalidated_at" = EXCLUDED."invalidated_at","ttl_expires_at" = EXCLUDED."ttl_expires_at","cached_at" = EXCLUDED."cached_at","full_result" = EXCLUDED."full_result","reason" = EXCLUDED."reason","confidence" = EXCLUDED."confidence","is_false_positive" = EXCLUDED."is_false_positive","file_hashes" = EXCLUDED."file_hashes","locations" = EXCLUDED."locations","vulnerability_type" = EXCLUDED."vulnerability_type","repository" = EXCLUDED."repository","cache_key" = EXCLUDED."cache_key" RETURNING "id","updated_at","inserted_at","forge_account_id","invalidation_reason","invalidated_at","ttl_expires_at","cached_at","full_result","reason","confidence","is_false_positive","file_hashes","locations","vulnerability_type","repository","cache_key" ["Performance test entry 46", "56659/RSOLV-dev/perf-test/[path/to/file46.js:460]:sql-injection", "RSOLV-dev/perf-test", Decimal.new("0.96"), 56659, [%{line: 460, file_path: "path/to/file46.js"}], "sql-injection", %{"path/to/file46.js" => "sha256:content46"}, true, ~U[2025-12-10 20:25:22.174635Z], ~U[2025-09-11 20:25:22.174635Z], ~U[2025-09-11 20:25:22.174659Z], ~U[2025-09-11 20:25:22.174659Z]]
14:25:22.174 [debug] Cached validation stored
14:25:22.174 [debug] QUERY OK source="cached_validations" db=0.0ms
INSERT INTO "cached_validations" ("reason","cache_key","repository","confidence","forge_account_id","locations","vulnerability_type","file_hashes","is_false_positive","ttl_expires_at","cached_at","inserted_at","updated_at") VALUES ($1,$2,$3,$4,$5,$6,$7,$8,$9,$10,$11,$12,$13) ON CONFLICT ("cache_key") DO UPDATE SET "updated_at" = EXCLUDED."updated_at","inserted_at" = EXCLUDED."inserted_at","forge_account_id" = EXCLUDED."forge_account_id","invalidation_reason" = EXCLUDED."invalidation_reason","invalidated_at" = EXCLUDED."invalidated_at","ttl_expires_at" = EXCLUDED."ttl_expires_at","cached_at" = EXCLUDED."cached_at","full_result" = EXCLUDED."full_result","reason" = EXCLUDED."reason","confidence" = EXCLUDED."confidence","is_false_positive" = EXCLUDED."is_false_positive","file_hashes" = EXCLUDED."file_hashes","locations" = EXCLUDED."locations","vulnerability_type" = EXCLUDED."vulnerability_type","repository" = EXCLUDED."repository","cache_key" = EXCLUDED."cache_key" RETURNING "id","updated_at","inserted_at","forge_account_id","invalidation_reason","invalidated_at","ttl_expires_at","cached_at","full_result","reason","confidence","is_false_positive","file_hashes","locations","vulnerability_type","repository","cache_key" ["Performance test entry 47", "56659/RSOLV-dev/perf-test/[path/to/file47.js:470]:eval", "RSOLV-dev/perf-test", Decimal.new("0.97"), 56659, [%{line: 470, file_path: "path/to/file47.js"}], "eval", %{"path/to/file47.js" => "sha256:content47"}, false, ~U[2025-12-10 20:25:22.174801Z], ~U[2025-09-11 20:25:22.174801Z], ~U[2025-09-11 20:25:22.174824Z], ~U[2025-09-11 20:25:22.174824Z]]
14:25:22.174 [debug] Cached validation stored
14:25:22.175 [debug] QUERY OK source="cached_validations" db=0.0ms
INSERT INTO "cached_validations" ("reason","cache_key","repository","confidence","forge_account_id","locations","vulnerability_type","file_hashes","is_false_positive","ttl_expires_at","cached_at","inserted_at","updated_at") VALUES ($1,$2,$3,$4,$5,$6,$7,$8,$9,$10,$11,$12,$13) ON CONFLICT ("cache_key") DO UPDATE SET "updated_at" = EXCLUDED."updated_at","inserted_at" = EXCLUDED."inserted_at","forge_account_id" = EXCLUDED."forge_account_id","invalidation_reason" = EXCLUDED."invalidation_reason","invalidated_at" = EXCLUDED."invalidated_at","ttl_expires_at" = EXCLUDED."ttl_expires_at","cached_at" = EXCLUDED."cached_at","full_result" = EXCLUDED."full_result","reason" = EXCLUDED."reason","confidence" = EXCLUDED."confidence","is_false_positive" = EXCLUDED."is_false_positive","file_hashes" = EXCLUDED."file_hashes","locations" = EXCLUDED."locations","vulnerability_type" = EXCLUDED."vulnerability_type","repository" = EXCLUDED."repository","cache_key" = EXCLUDED."cache_key" RETURNING "id","updated_at","inserted_at","forge_account_id","invalidation_reason","invalidated_at","ttl_expires_at","cached_at","full_result","reason","confidence","is_false_positive","file_hashes","locations","vulnerability_type","repository","cache_key" ["Performance test entry 48", "56659/RSOLV-dev/perf-test/[path/to/file48.js:480]:xss", "RSOLV-dev/perf-test", Decimal.new("0.98"), 56659, [%{line: 480, file_path: "path/to/file48.js"}], "xss", %{"path/to/file48.js" => "sha256:content48"}, true, ~U[2025-12-10 20:25:22.174959Z], ~U[2025-09-11 20:25:22.174959Z], ~U[2025-09-11 20:25:22.174986Z], ~U[2025-09-11 20:25:22.174986Z]]
14:25:22.175 [debug] Cached validation stored
14:25:22.175 [debug] QUERY OK source="cached_validations" db=0.0ms
INSERT INTO "cached_validations" ("reason","cache_key","repository","confidence","forge_account_id","locations","vulnerability_type","file_hashes","is_false_positive","ttl_expires_at","cached_at","inserted_at","updated_at") VALUES ($1,$2,$3,$4,$5,$6,$7,$8,$9,$10,$11,$12,$13) ON CONFLICT ("cache_key") DO UPDATE SET "updated_at" = EXCLUDED."updated_at","inserted_at" = EXCLUDED."inserted_at","forge_account_id" = EXCLUDED."forge_account_id","invalidation_reason" = EXCLUDED."invalidation_reason","invalidated_at" = EXCLUDED."invalidated_at","ttl_expires_at" = EXCLUDED."ttl_expires_at","cached_at" = EXCLUDED."cached_at","full_result" = EXCLUDED."full_result","reason" = EXCLUDED."reason","confidence" = EXCLUDED."confidence","is_false_positive" = EXCLUDED."is_false_positive","file_hashes" = EXCLUDED."file_hashes","locations" = EXCLUDED."locations","vulnerability_type" = EXCLUDED."vulnerability_type","repository" = EXCLUDED."repository","cache_key" = EXCLUDED."cache_key" RETURNING "id","updated_at","inserted_at","forge_account_id","invalidation_reason","invalidated_at","ttl_expires_at","cached_at","full_result","reason","confidence","is_false_positive","file_hashes","locations","vulnerability_type","repository","cache_key" ["Performance test entry 49", "56659/RSOLV-dev/perf-test/[path/to/file49.js:490]:eval", "RSOLV-dev/perf-test", Decimal.new("0.99"), 56659, [%{line: 490, file_path: "path/to/file49.js"}], "eval", %{"path/to/file49.js" => "sha256:content49"}, false, ~U[2025-12-10 20:25:22.175119Z], ~U[2025-09-11 20:25:22.175119Z], ~U[2025-09-11 20:25:22.175143Z], ~U[2025-09-11 20:25:22.175143Z]]
14:25:22.175 [debug] Cached validation stored
14:25:22.175 [debug] QUERY OK source="cached_validations" db=0.0ms
INSERT INTO "cached_validations" ("reason","cache_key","repository","confidence","forge_account_id","locations","vulnerability_type","file_hashes","is_false_positive","ttl_expires_at","cached_at","inserted_at","updated_at") VALUES ($1,$2,$3,$4,$5,$6,$7,$8,$9,$10,$11,$12,$13) ON CONFLICT ("cache_key") DO UPDATE SET "updated_at" = EXCLUDED."updated_at","inserted_at" = EXCLUDED."inserted_at","forge_account_id" = EXCLUDED."forge_account_id","invalidation_reason" = EXCLUDED."invalidation_reason","invalidated_at" = EXCLUDED."invalidated_at","ttl_expires_at" = EXCLUDED."ttl_expires_at","cached_at" = EXCLUDED."cached_at","full_result" = EXCLUDED."full_result","reason" = EXCLUDED."reason","confidence" = EXCLUDED."confidence","is_false_positive" = EXCLUDED."is_false_positive","file_hashes" = EXCLUDED."file_hashes","locations" = EXCLUDED."locations","vulnerability_type" = EXCLUDED."vulnerability_type","repository" = EXCLUDED."repository","cache_key" = EXCLUDED."cache_key" RETURNING "id","updated_at","inserted_at","forge_account_id","invalidation_reason","invalidated_at","ttl_expires_at","cached_at","full_result","reason","confidence","is_false_positive","file_hashes","locations","vulnerability_type","repository","cache_key" ["Performance test entry 50", "56659/RSOLV-dev/perf-test/[path/to/file50.js:500]:sql-injection", "RSOLV-dev/perf-test", Decimal.new("0.5"), 56659, [%{line: 500, file_path: "path/to/file50.js"}], "sql-injection", %{"path/to/file50.js" => "sha256:content50"}, true, ~U[2025-12-10 20:25:22.175274Z], ~U[2025-09-11 20:25:22.175274Z], ~U[2025-09-11 20:25:22.175302Z], ~U[2025-09-11 20:25:22.175302Z]]
14:25:22.175 [debug] Cached validation stored
14:25:22.175 [debug] QUERY OK source="cached_validations" db=0.0ms
INSERT INTO "cached_validations" ("reason","cache_key","repository","confidence","forge_account_id","locations","vulnerability_type","file_hashes","is_false_positive","ttl_expires_at","cached_at","inserted_at","updated_at") VALUES ($1,$2,$3,$4,$5,$6,$7,$8,$9,$10,$11,$12,$13) ON CONFLICT ("cache_key") DO UPDATE SET "updated_at" = EXCLUDED."updated_at","inserted_at" = EXCLUDED."inserted_at","forge_account_id" = EXCLUDED."forge_account_id","invalidation_reason" = EXCLUDED."invalidation_reason","invalidated_at" = EXCLUDED."invalidated_at","ttl_expires_at" = EXCLUDED."ttl_expires_at","cached_at" = EXCLUDED."cached_at","full_result" = EXCLUDED."full_result","reason" = EXCLUDED."reason","confidence" = EXCLUDED."confidence","is_false_positive" = EXCLUDED."is_false_positive","file_hashes" = EXCLUDED."file_hashes","locations" = EXCLUDED."locations","vulnerability_type" = EXCLUDED."vulnerability_type","repository" = EXCLUDED."repository","cache_key" = EXCLUDED."cache_key" RETURNING "id","updated_at","inserted_at","forge_account_id","invalidation_reason","invalidated_at","ttl_expires_at","cached_at","full_result","reason","confidence","is_false_positive","file_hashes","locations","vulnerability_type","repository","cache_key" ["Performance test entry 51", "56659/RSOLV-dev/perf-test/[path/to/file51.js:510]:xss", "RSOLV-dev/perf-test", Decimal.new("0.51"), 56659, [%{line: 510, file_path: "path/to/file51.js"}], "xss", %{"path/to/file51.js" => "sha256:content51"}, false, ~U[2025-12-10 20:25:22.175430Z], ~U[2025-09-11 20:25:22.175430Z], ~U[2025-09-11 20:25:22.175451Z], ~U[2025-09-11 20:25:22.175451Z]]
14:25:22.175 [debug] Cached validation stored
14:25:22.175 [debug] QUERY OK source="cached_validations" db=0.0ms
INSERT INTO "cached_validations" ("reason","cache_key","repository","confidence","forge_account_id","locations","vulnerability_type","file_hashes","is_false_positive","ttl_expires_at","cached_at","inserted_at","updated_at") VALUES ($1,$2,$3,$4,$5,$6,$7,$8,$9,$10,$11,$12,$13) ON CONFLICT ("cache_key") DO UPDATE SET "updated_at" = EXCLUDED."updated_at","inserted_at" = EXCLUDED."inserted_at","forge_account_id" = EXCLUDED."forge_account_id","invalidation_reason" = EXCLUDED."invalidation_reason","invalidated_at" = EXCLUDED."invalidated_at","ttl_expires_at" = EXCLUDED."ttl_expires_at","cached_at" = EXCLUDED."cached_at","full_result" = EXCLUDED."full_result","reason" = EXCLUDED."reason","confidence" = EXCLUDED."confidence","is_false_positive" = EXCLUDED."is_false_positive","file_hashes" = EXCLUDED."file_hashes","locations" = EXCLUDED."locations","vulnerability_type" = EXCLUDED."vulnerability_type","repository" = EXCLUDED."repository","cache_key" = EXCLUDED."cache_key" RETURNING "id","updated_at","inserted_at","forge_account_id","invalidation_reason","invalidated_at","ttl_expires_at","cached_at","full_result","reason","confidence","is_false_positive","file_hashes","locations","vulnerability_type","repository","cache_key" ["Performance test entry 52", "56659/RSOLV-dev/perf-test/[path/to/file52.js:520]:sql-injection", "RSOLV-dev/perf-test", Decimal.new("0.52"), 56659, [%{line: 520, file_path: "path/to/file52.js"}], "sql-injection", %{"path/to/file52.js" => "sha256:content52"}, true, ~U[2025-12-10 20:25:22.175580Z], ~U[2025-09-11 20:25:22.175580Z], ~U[2025-09-11 20:25:22.175602Z], ~U[2025-09-11 20:25:22.175602Z]]
14:25:22.175 [debug] Cached validation stored
14:25:22.175 [debug] QUERY OK source="cached_validations" db=0.0ms
INSERT INTO "cached_validations" ("reason","cache_key","repository","confidence","forge_account_id","locations","vulnerability_type","file_hashes","is_false_positive","ttl_expires_at","cached_at","inserted_at","updated_at") VALUES ($1,$2,$3,$4,$5,$6,$7,$8,$9,$10,$11,$12,$13) ON CONFLICT ("cache_key") DO UPDATE SET "updated_at" = EXCLUDED."updated_at","inserted_at" = EXCLUDED."inserted_at","forge_account_id" = EXCLUDED."forge_account_id","invalidation_reason" = EXCLUDED."invalidation_reason","invalidated_at" = EXCLUDED."invalidated_at","ttl_expires_at" = EXCLUDED."ttl_expires_at","cached_at" = EXCLUDED."cached_at","full_result" = EXCLUDED."full_result","reason" = EXCLUDED."reason","confidence" = EXCLUDED."confidence","is_false_positive" = EXCLUDED."is_false_positive","file_hashes" = EXCLUDED."file_hashes","locations" = EXCLUDED."locations","vulnerability_type" = EXCLUDED."vulnerability_type","repository" = EXCLUDED."repository","cache_key" = EXCLUDED."cache_key" RETURNING "id","updated_at","inserted_at","forge_account_id","invalidation_reason","invalidated_at","ttl_expires_at","cached_at","full_result","reason","confidence","is_false_positive","file_hashes","locations","vulnerability_type","repository","cache_key" ["Performance test entry 53", "56659/RSOLV-dev/perf-test/[path/to/file53.js:530]:eval", "RSOLV-dev/perf-test", Decimal.new("0.53"), 56659, [%{line: 530, file_path: "path/to/file53.js"}], "eval", %{"path/to/file53.js" => "sha256:content53"}, false, ~U[2025-12-10 20:25:22.175716Z], ~U[2025-09-11 20:25:22.175716Z], ~U[2025-09-11 20:25:22.175750Z], ~U[2025-09-11 20:25:22.175750Z]]
14:25:22.175 [debug] Cached validation stored
14:25:22.176 [debug] QUERY OK source="cached_validations" db=0.0ms
INSERT INTO "cached_validations" ("reason","cache_key","repository","confidence","forge_account_id","locations","vulnerability_type","file_hashes","is_false_positive","ttl_expires_at","cached_at","inserted_at","updated_at") VALUES ($1,$2,$3,$4,$5,$6,$7,$8,$9,$10,$11,$12,$13) ON CONFLICT ("cache_key") DO UPDATE SET "updated_at" = EXCLUDED."updated_at","inserted_at" = EXCLUDED."inserted_at","forge_account_id" = EXCLUDED."forge_account_id","invalidation_reason" = EXCLUDED."invalidation_reason","invalidated_at" = EXCLUDED."invalidated_at","ttl_expires_at" = EXCLUDED."ttl_expires_at","cached_at" = EXCLUDED."cached_at","full_result" = EXCLUDED."full_result","reason" = EXCLUDED."reason","confidence" = EXCLUDED."confidence","is_false_positive" = EXCLUDED."is_false_positive","file_hashes" = EXCLUDED."file_hashes","locations" = EXCLUDED."locations","vulnerability_type" = EXCLUDED."vulnerability_type","repository" = EXCLUDED."repository","cache_key" = EXCLUDED."cache_key" RETURNING "id","updated_at","inserted_at","forge_account_id","invalidation_reason","invalidated_at","ttl_expires_at","cached_at","full_result","reason","confidence","is_false_positive","file_hashes","locations","vulnerability_type","repository","cache_key" ["Performance test entry 54", "56659/RSOLV-dev/perf-test/[path/to/file54.js:540]:xss", "RSOLV-dev/perf-test", Decimal.new("0.54"), 56659, [%{line: 540, file_path: "path/to/file54.js"}], "xss", %{"path/to/file54.js" => "sha256:content54"}, true, ~U[2025-12-10 20:25:22.175900Z], ~U[2025-09-11 20:25:22.175900Z], ~U[2025-09-11 20:25:22.175922Z], ~U[2025-09-11 20:25:22.175922Z]]
14:25:22.176 [debug] Cached validation stored
14:25:22.176 [debug] QUERY OK source="cached_validations" db=0.0ms
INSERT INTO "cached_validations" ("reason","cache_key","repository","confidence","forge_account_id","locations","vulnerability_type","file_hashes","is_false_positive","ttl_expires_at","cached_at","inserted_at","updated_at") VALUES ($1,$2,$3,$4,$5,$6,$7,$8,$9,$10,$11,$12,$13) ON CONFLICT ("cache_key") DO UPDATE SET "updated_at" = EXCLUDED."updated_at","inserted_at" = EXCLUDED."inserted_at","forge_account_id" = EXCLUDED."forge_account_id","invalidation_reason" = EXCLUDED."invalidation_reason","invalidated_at" = EXCLUDED."invalidated_at","ttl_expires_at" = EXCLUDED."ttl_expires_at","cached_at" = EXCLUDED."cached_at","full_result" = EXCLUDED."full_result","reason" = EXCLUDED."reason","confidence" = EXCLUDED."confidence","is_false_positive" = EXCLUDED."is_false_positive","file_hashes" = EXCLUDED."file_hashes","locations" = EXCLUDED."locations","vulnerability_type" = EXCLUDED."vulnerability_type","repository" = EXCLUDED."repository","cache_key" = EXCLUDED."cache_key" RETURNING "id","updated_at","inserted_at","forge_account_id","invalidation_reason","invalidated_at","ttl_expires_at","cached_at","full_result","reason","confidence","is_false_positive","file_hashes","locations","vulnerability_type","repository","cache_key" ["Performance test entry 55", "56659/RSOLV-dev/perf-test/[path/to/file55.js:550]:eval", "RSOLV-dev/perf-test", Decimal.new("0.55"), 56659, [%{line: 550, file_path: "path/to/file55.js"}], "eval", %{"path/to/file55.js" => "sha256:content55"}, false, ~U[2025-12-10 20:25:22.176048Z], ~U[2025-09-11 20:25:22.176048Z], ~U[2025-09-11 20:25:22.176074Z], ~U[2025-09-11 20:25:22.176074Z]]
14:25:22.176 [debug] Cached validation stored
14:25:22.176 [debug] QUERY OK source="cached_validations" db=0.1ms
INSERT INTO "cached_validations" ("reason","cache_key","repository","confidence","forge_account_id","locations","vulnerability_type","file_hashes","is_false_positive","ttl_expires_at","cached_at","inserted_at","updated_at") VALUES ($1,$2,$3,$4,$5,$6,$7,$8,$9,$10,$11,$12,$13) ON CONFLICT ("cache_key") DO UPDATE SET "updated_at" = EXCLUDED."updated_at","inserted_at" = EXCLUDED."inserted_at","forge_account_id" = EXCLUDED."forge_account_id","invalidation_reason" = EXCLUDED."invalidation_reason","invalidated_at" = EXCLUDED."invalidated_at","ttl_expires_at" = EXCLUDED."ttl_expires_at","cached_at" = EXCLUDED."cached_at","full_result" = EXCLUDED."full_result","reason" = EXCLUDED."reason","confidence" = EXCLUDED."confidence","is_false_positive" = EXCLUDED."is_false_positive","file_hashes" = EXCLUDED."file_hashes","locations" = EXCLUDED."locations","vulnerability_type" = EXCLUDED."vulnerability_type","repository" = EXCLUDED."repository","cache_key" = EXCLUDED."cache_key" RETURNING "id","updated_at","inserted_at","forge_account_id","invalidation_reason","invalidated_at","ttl_expires_at","cached_at","full_result","reason","confidence","is_false_positive","file_hashes","locations","vulnerability_type","repository","cache_key" ["Performance test entry 56", "56659/RSOLV-dev/perf-test/[path/to/file56.js:560]:sql-injection", "RSOLV-dev/perf-test", Decimal.new("0.56"), 56659, [%{line: 560, file_path: "path/to/file56.js"}], "sql-injection", %{"path/to/file56.js" => "sha256:content56"}, true, ~U[2025-12-10 20:25:22.176205Z], ~U[2025-09-11 20:25:22.176205Z], ~U[2025-09-11 20:25:22.176225Z], ~U[2025-09-11 20:25:22.176225Z]]
14:25:22.176 [debug] Cached validation stored
14:25:22.176 [debug] QUERY OK source="cached_validations" db=0.1ms
INSERT INTO "cached_validations" ("reason","cache_key","repository","confidence","forge_account_id","locations","vulnerability_type","file_hashes","is_false_positive","ttl_expires_at","cached_at","inserted_at","updated_at") VALUES ($1,$2,$3,$4,$5,$6,$7,$8,$9,$10,$11,$12,$13) ON CONFLICT ("cache_key") DO UPDATE SET "updated_at" = EXCLUDED."updated_at","inserted_at" = EXCLUDED."inserted_at","forge_account_id" = EXCLUDED."forge_account_id","invalidation_reason" = EXCLUDED."invalidation_reason","invalidated_at" = EXCLUDED."invalidated_at","ttl_expires_at" = EXCLUDED."ttl_expires_at","cached_at" = EXCLUDED."cached_at","full_result" = EXCLUDED."full_result","reason" = EXCLUDED."reason","confidence" = EXCLUDED."confidence","is_false_positive" = EXCLUDED."is_false_positive","file_hashes" = EXCLUDED."file_hashes","locations" = EXCLUDED."locations","vulnerability_type" = EXCLUDED."vulnerability_type","repository" = EXCLUDED."repository","cache_key" = EXCLUDED."cache_key" RETURNING "id","updated_at","inserted_at","forge_account_id","invalidation_reason","invalidated_at","ttl_expires_at","cached_at","full_result","reason","confidence","is_false_positive","file_hashes","locations","vulnerability_type","repository","cache_key" ["Performance test entry 57", "56659/RSOLV-dev/perf-test/[path/to/file57.js:570]:xss", "RSOLV-dev/perf-test", Decimal.new("0.5700000000000001"), 56659, [%{line: 570, file_path: "path/to/file57.js"}], "xss", %{"path/to/file57.js" => "sha256:content57"}, false, ~U[2025-12-10 20:25:22.176578Z], ~U[2025-09-11 20:25:22.176578Z], ~U[2025-09-11 20:25:22.176623Z], ~U[2025-09-11 20:25:22.176623Z]]
14:25:22.176 [debug] Cached validation stored
14:25:22.176 [debug] QUERY OK source="cached_validations" db=0.0ms
INSERT INTO "cached_validations" ("reason","cache_key","repository","confidence","forge_account_id","locations","vulnerability_type","file_hashes","is_false_positive","ttl_expires_at","cached_at","inserted_at","updated_at") VALUES ($1,$2,$3,$4,$5,$6,$7,$8,$9,$10,$11,$12,$13) ON CONFLICT ("cache_key") DO UPDATE SET "updated_at" = EXCLUDED."updated_at","inserted_at" = EXCLUDED."inserted_at","forge_account_id" = EXCLUDED."forge_account_id","invalidation_reason" = EXCLUDED."invalidation_reason","invalidated_at" = EXCLUDED."invalidated_at","ttl_expires_at" = EXCLUDED."ttl_expires_at","cached_at" = EXCLUDED."cached_at","full_result" = EXCLUDED."full_result","reason" = EXCLUDED."reason","confidence" = EXCLUDED."confidence","is_false_positive" = EXCLUDED."is_false_positive","file_hashes" = EXCLUDED."file_hashes","locations" = EXCLUDED."locations","vulnerability_type" = EXCLUDED."vulnerability_type","repository" = EXCLUDED."repository","cache_key" = EXCLUDED."cache_key" RETURNING "id","updated_at","inserted_at","forge_account_id","invalidation_reason","invalidated_at","ttl_expires_at","cached_at","full_result","reason","confidence","is_false_positive","file_hashes","locations","vulnerability_type","repository","cache_key" ["Performance test entry 58", "56659/RSOLV-dev/perf-test/[path/to/file58.js:580]:sql-injection", "RSOLV-dev/perf-test", Decimal.new("0.58"), 56659, [%{line: 580, file_path: "path/to/file58.js"}], "sql-injection", %{"path/to/file58.js" => "sha256:content58"}, true, ~U[2025-12-10 20:25:22.176847Z], ~U[2025-09-11 20:25:22.176847Z], ~U[2025-09-11 20:25:22.176868Z], ~U[2025-09-11 20:25:22.176868Z]]
14:25:22.176 [debug] Cached validation stored
14:25:22.177 [debug] QUERY OK source="cached_validations" db=0.0ms
INSERT INTO "cached_validations" ("reason","cache_key","repository","confidence","forge_account_id","locations","vulnerability_type","file_hashes","is_false_positive","ttl_expires_at","cached_at","inserted_at","updated_at") VALUES ($1,$2,$3,$4,$5,$6,$7,$8,$9,$10,$11,$12,$13) ON CONFLICT ("cache_key") DO UPDATE SET "updated_at" = EXCLUDED."updated_at","inserted_at" = EXCLUDED."inserted_at","forge_account_id" = EXCLUDED."forge_account_id","invalidation_reason" = EXCLUDED."invalidation_reason","invalidated_at" = EXCLUDED."invalidated_at","ttl_expires_at" = EXCLUDED."ttl_expires_at","cached_at" = EXCLUDED."cached_at","full_result" = EXCLUDED."full_result","reason" = EXCLUDED."reason","confidence" = EXCLUDED."confidence","is_false_positive" = EXCLUDED."is_false_positive","file_hashes" = EXCLUDED."file_hashes","locations" = EXCLUDED."locations","vulnerability_type" = EXCLUDED."vulnerability_type","repository" = EXCLUDED."repository","cache_key" = EXCLUDED."cache_key" RETURNING "id","updated_at","inserted_at","forge_account_id","invalidation_reason","invalidated_at","ttl_expires_at","cached_at","full_result","reason","confidence","is_false_positive","file_hashes","locations","vulnerability_type","repository","cache_key" ["Performance test entry 59", "56659/RSOLV-dev/perf-test/[path/to/file59.js:590]:eval", "RSOLV-dev/perf-test", Decimal.new("0.59"), 56659, [%{line: 590, file_path: "path/to/file59.js"}], "eval", %{"path/to/file59.js" => "sha256:content59"}, false, ~U[2025-12-10 20:25:22.177000Z], ~U[2025-09-11 20:25:22.177000Z], ~U[2025-09-11 20:25:22.177029Z], ~U[2025-09-11 20:25:22.177029Z]]
14:25:22.177 [debug] Cached validation stored
14:25:22.177 [debug] QUERY OK source="cached_validations" db=0.0ms
INSERT INTO "cached_validations" ("reason","cache_key","repository","confidence","forge_account_id","locations","vulnerability_type","file_hashes","is_false_positive","ttl_expires_at","cached_at","inserted_at","updated_at") VALUES ($1,$2,$3,$4,$5,$6,$7,$8,$9,$10,$11,$12,$13) ON CONFLICT ("cache_key") DO UPDATE SET "updated_at" = EXCLUDED."updated_at","inserted_at" = EXCLUDED."inserted_at","forge_account_id" = EXCLUDED."forge_account_id","invalidation_reason" = EXCLUDED."invalidation_reason","invalidated_at" = EXCLUDED."invalidated_at","ttl_expires_at" = EXCLUDED."ttl_expires_at","cached_at" = EXCLUDED."cached_at","full_result" = EXCLUDED."full_result","reason" = EXCLUDED."reason","confidence" = EXCLUDED."confidence","is_false_positive" = EXCLUDED."is_false_positive","file_hashes" = EXCLUDED."file_hashes","locations" = EXCLUDED."locations","vulnerability_type" = EXCLUDED."vulnerability_type","repository" = EXCLUDED."repository","cache_key" = EXCLUDED."cache_key" RETURNING "id","updated_at","inserted_at","forge_account_id","invalidation_reason","invalidated_at","ttl_expires_at","cached_at","full_result","reason","confidence","is_false_positive","file_hashes","locations","vulnerability_type","repository","cache_key" ["Performance test entry 60", "56659/RSOLV-dev/perf-test/[path/to/file60.js:600]:xss", "RSOLV-dev/perf-test", Decimal.new("0.6"), 56659, [%{line: 600, file_path: "path/to/file60.js"}], "xss", %{"path/to/file60.js" => "sha256:content60"}, true, ~U[2025-12-10 20:25:22.177164Z], ~U[2025-09-11 20:25:22.177164Z], ~U[2025-09-11 20:25:22.177187Z], ~U[2025-09-11 20:25:22.177187Z]]
14:25:22.177 [debug] Cached validation stored
14:25:22.177 [debug] QUERY OK source="cached_validations" db=0.1ms
INSERT INTO "cached_validations" ("reason","cache_key","repository","confidence","forge_account_id","locations","vulnerability_type","file_hashes","is_false_positive","ttl_expires_at","cached_at","inserted_at","updated_at") VALUES ($1,$2,$3,$4,$5,$6,$7,$8,$9,$10,$11,$12,$13) ON CONFLICT ("cache_key") DO UPDATE SET "updated_at" = EXCLUDED."updated_at","inserted_at" = EXCLUDED."inserted_at","forge_account_id" = EXCLUDED."forge_account_id","invalidation_reason" = EXCLUDED."invalidation_reason","invalidated_at" = EXCLUDED."invalidated_at","ttl_expires_at" = EXCLUDED."ttl_expires_at","cached_at" = EXCLUDED."cached_at","full_result" = EXCLUDED."full_result","reason" = EXCLUDED."reason","confidence" = EXCLUDED."confidence","is_false_positive" = EXCLUDED."is_false_positive","file_hashes" = EXCLUDED."file_hashes","locations" = EXCLUDED."locations","vulnerability_type" = EXCLUDED."vulnerability_type","repository" = EXCLUDED."repository","cache_key" = EXCLUDED."cache_key" RETURNING "id","updated_at","inserted_at","forge_account_id","invalidation_reason","invalidated_at","ttl_expires_at","cached_at","full_result","reason","confidence","is_false_positive","file_hashes","locations","vulnerability_type","repository","cache_key" ["Performance test entry 61", "56659/RSOLV-dev/perf-test/[path/to/file61.js:610]:eval", "RSOLV-dev/perf-test", Decimal.new("0.61"), 56659, [%{line: 610, file_path: "path/to/file61.js"}], "eval", %{"path/to/file61.js" => "sha256:content61"}, false, ~U[2025-12-10 20:25:22.177316Z], ~U[2025-09-11 20:25:22.177316Z], ~U[2025-09-11 20:25:22.177342Z], ~U[2025-09-11 20:25:22.177342Z]]
14:25:22.177 [debug] Cached validation stored
14:25:22.177 [debug] QUERY OK source="cached_validations" db=0.1ms
INSERT INTO "cached_validations" ("reason","cache_key","repository","confidence","forge_account_id","locations","vulnerability_type","file_hashes","is_false_positive","ttl_expires_at","cached_at","inserted_at","updated_at") VALUES ($1,$2,$3,$4,$5,$6,$7,$8,$9,$10,$11,$12,$13) ON CONFLICT ("cache_key") DO UPDATE SET "updated_at" = EXCLUDED."updated_at","inserted_at" = EXCLUDED."inserted_at","forge_account_id" = EXCLUDED."forge_account_id","invalidation_reason" = EXCLUDED."invalidation_reason","invalidated_at" = EXCLUDED."invalidated_at","ttl_expires_at" = EXCLUDED."ttl_expires_at","cached_at" = EXCLUDED."cached_at","full_result" = EXCLUDED."full_result","reason" = EXCLUDED."reason","confidence" = EXCLUDED."confidence","is_false_positive" = EXCLUDED."is_false_positive","file_hashes" = EXCLUDED."file_hashes","locations" = EXCLUDED."locations","vulnerability_type" = EXCLUDED."vulnerability_type","repository" = EXCLUDED."repository","cache_key" = EXCLUDED."cache_key" RETURNING "id","updated_at","inserted_at","forge_account_id","invalidation_reason","invalidated_at","ttl_expires_at","cached_at","full_result","reason","confidence","is_false_positive","file_hashes","locations","vulnerability_type","repository","cache_key" ["Performance test entry 62", "56659/RSOLV-dev/perf-test/[path/to/file62.js:620]:sql-injection", "RSOLV-dev/perf-test", Decimal.new("0.62"), 56659, [%{line: 620, file_path: "path/to/file62.js"}], "sql-injection", %{"path/to/file62.js" => "sha256:content62"}, true, ~U[2025-12-10 20:25:22.177628Z], ~U[2025-09-11 20:25:22.177628Z], ~U[2025-09-11 20:25:22.177674Z], ~U[2025-09-11 20:25:22.177674Z]]
14:25:22.177 [debug] Cached validation stored
14:25:22.178 [debug] QUERY OK source="cached_validations" db=0.1ms
INSERT INTO "cached_validations" ("reason","cache_key","repository","confidence","forge_account_id","locations","vulnerability_type","file_hashes","is_false_positive","ttl_expires_at","cached_at","inserted_at","updated_at") VALUES ($1,$2,$3,$4,$5,$6,$7,$8,$9,$10,$11,$12,$13) ON CONFLICT ("cache_key") DO UPDATE SET "updated_at" = EXCLUDED."updated_at","inserted_at" = EXCLUDED."inserted_at","forge_account_id" = EXCLUDED."forge_account_id","invalidation_reason" = EXCLUDED."invalidation_reason","invalidated_at" = EXCLUDED."invalidated_at","ttl_expires_at" = EXCLUDED."ttl_expires_at","cached_at" = EXCLUDED."cached_at","full_result" = EXCLUDED."full_result","reason" = EXCLUDED."reason","confidence" = EXCLUDED."confidence","is_false_positive" = EXCLUDED."is_false_positive","file_hashes" = EXCLUDED."file_hashes","locations" = EXCLUDED."locations","vulnerability_type" = EXCLUDED."vulnerability_type","repository" = EXCLUDED."repository","cache_key" = EXCLUDED."cache_key" RETURNING "id","updated_at","inserted_at","forge_account_id","invalidation_reason","invalidated_at","ttl_expires_at","cached_at","full_result","reason","confidence","is_false_positive","file_hashes","locations","vulnerability_type","repository","cache_key" ["Performance test entry 63", "56659/RSOLV-dev/perf-test/[path/to/file63.js:630]:xss", "RSOLV-dev/perf-test", Decimal.new("0.63"), 56659, [%{line: 630, file_path: "path/to/file63.js"}], "xss", %{"path/to/file63.js" => "sha256:content63"}, false, ~U[2025-12-10 20:25:22.177983Z], ~U[2025-09-11 20:25:22.177983Z], ~U[2025-09-11 20:25:22.178023Z], ~U[2025-09-11 20:25:22.178023Z]]
14:25:22.178 [debug] Cached validation stored
14:25:22.178 [debug] QUERY OK source="cached_validations" db=0.1ms
INSERT INTO "cached_validations" ("reason","cache_key","repository","confidence","forge_account_id","locations","vulnerability_type","file_hashes","is_false_positive","ttl_expires_at","cached_at","inserted_at","updated_at") VALUES ($1,$2,$3,$4,$5,$6,$7,$8,$9,$10,$11,$12,$13) ON CONFLICT ("cache_key") DO UPDATE SET "updated_at" = EXCLUDED."updated_at","inserted_at" = EXCLUDED."inserted_at","forge_account_id" = EXCLUDED."forge_account_id","invalidation_reason" = EXCLUDED."invalidation_reason","invalidated_at" = EXCLUDED."invalidated_at","ttl_expires_at" = EXCLUDED."ttl_expires_at","cached_at" = EXCLUDED."cached_at","full_result" = EXCLUDED."full_result","reason" = EXCLUDED."reason","confidence" = EXCLUDED."confidence","is_false_positive" = EXCLUDED."is_false_positive","file_hashes" = EXCLUDED."file_hashes","locations" = EXCLUDED."locations","vulnerability_type" = EXCLUDED."vulnerability_type","repository" = EXCLUDED."repository","cache_key" = EXCLUDED."cache_key" RETURNING "id","updated_at","inserted_at","forge_account_id","invalidation_reason","invalidated_at","ttl_expires_at","cached_at","full_result","reason","confidence","is_false_positive","file_hashes","locations","vulnerability_type","repository","cache_key" ["Performance test entry 64", "56659/RSOLV-dev/perf-test/[path/to/file64.js:640]:sql-injection", "RSOLV-dev/perf-test", Decimal.new("0.64"), 56659, [%{line: 640, file_path: "path/to/file64.js"}], "sql-injection", %{"path/to/file64.js" => "sha256:content64"}, true, ~U[2025-12-10 20:25:22.178354Z], ~U[2025-09-11 20:25:22.178354Z], ~U[2025-09-11 20:25:22.178395Z], ~U[2025-09-11 20:25:22.178395Z]]
14:25:22.178 [debug] Cached validation stored
14:25:22.179 [debug] QUERY OK source="cached_validations" db=0.1ms
INSERT INTO "cached_validations" ("reason","cache_key","repository","confidence","forge_account_id","locations","vulnerability_type","file_hashes","is_false_positive","ttl_expires_at","cached_at","inserted_at","updated_at") VALUES ($1,$2,$3,$4,$5,$6,$7,$8,$9,$10,$11,$12,$13) ON CONFLICT ("cache_key") DO UPDATE SET "updated_at" = EXCLUDED."updated_at","inserted_at" = EXCLUDED."inserted_at","forge_account_id" = EXCLUDED."forge_account_id","invalidation_reason" = EXCLUDED."invalidation_reason","invalidated_at" = EXCLUDED."invalidated_at","ttl_expires_at" = EXCLUDED."ttl_expires_at","cached_at" = EXCLUDED."cached_at","full_result" = EXCLUDED."full_result","reason" = EXCLUDED."reason","confidence" = EXCLUDED."confidence","is_false_positive" = EXCLUDED."is_false_positive","file_hashes" = EXCLUDED."file_hashes","locations" = EXCLUDED."locations","vulnerability_type" = EXCLUDED."vulnerability_type","repository" = EXCLUDED."repository","cache_key" = EXCLUDED."cache_key" RETURNING "id","updated_at","inserted_at","forge_account_id","invalidation_reason","invalidated_at","ttl_expires_at","cached_at","full_result","reason","confidence","is_false_positive","file_hashes","locations","vulnerability_type","repository","cache_key" ["Performance test entry 65", "56659/RSOLV-dev/perf-test/[path/to/file65.js:650]:eval", "RSOLV-dev/perf-test", Decimal.new("0.65"), 56659, [%{line: 650, file_path: "path/to/file65.js"}], "eval", %{"path/to/file65.js" => "sha256:content65"}, false, ~U[2025-12-10 20:25:22.178702Z], ~U[2025-09-11 20:25:22.178702Z], ~U[2025-09-11 20:25:22.178752Z], ~U[2025-09-11 20:25:22.178752Z]]
14:25:22.179 [debug] Cached validation stored
14:25:22.179 [debug] QUERY OK source="cached_validations" db=0.1ms
INSERT INTO "cached_validations" ("reason","cache_key","repository","confidence","forge_account_id","locations","vulnerability_type","file_hashes","is_false_positive","ttl_expires_at","cached_at","inserted_at","updated_at") VALUES ($1,$2,$3,$4,$5,$6,$7,$8,$9,$10,$11,$12,$13) ON CONFLICT ("cache_key") DO UPDATE SET "updated_at" = EXCLUDED."updated_at","inserted_at" = EXCLUDED."inserted_at","forge_account_id" = EXCLUDED."forge_account_id","invalidation_reason" = EXCLUDED."invalidation_reason","invalidated_at" = EXCLUDED."invalidated_at","ttl_expires_at" = EXCLUDED."ttl_expires_at","cached_at" = EXCLUDED."cached_at","full_result" = EXCLUDED."full_result","reason" = EXCLUDED."reason","confidence" = EXCLUDED."confidence","is_false_positive" = EXCLUDED."is_false_positive","file_hashes" = EXCLUDED."file_hashes","locations" = EXCLUDED."locations","vulnerability_type" = EXCLUDED."vulnerability_type","repository" = EXCLUDED."repository","cache_key" = EXCLUDED."cache_key" RETURNING "id","updated_at","inserted_at","forge_account_id","invalidation_reason","invalidated_at","ttl_expires_at","cached_at","full_result","reason","confidence","is_false_positive","file_hashes","locations","vulnerability_type","repository","cache_key" ["Performance test entry 66", "56659/RSOLV-dev/perf-test/[path/to/file66.js:660]:xss", "RSOLV-dev/perf-test", Decimal.new("0.66"), 56659, [%{line: 660, file_path: "path/to/file66.js"}], "xss", %{"path/to/file66.js" => "sha256:content66"}, true, ~U[2025-12-10 20:25:22.179048Z], ~U[2025-09-11 20:25:22.179048Z], ~U[2025-09-11 20:25:22.179087Z], ~U[2025-09-11 20:25:22.179087Z]]
14:25:22.179 [debug] Cached validation stored
14:25:22.179 [debug] QUERY OK source="cached_validations" db=0.1ms
INSERT INTO "cached_validations" ("reason","cache_key","repository","confidence","forge_account_id","locations","vulnerability_type","file_hashes","is_false_positive","ttl_expires_at","cached_at","inserted_at","updated_at") VALUES ($1,$2,$3,$4,$5,$6,$7,$8,$9,$10,$11,$12,$13) ON CONFLICT ("cache_key") DO UPDATE SET "updated_at" = EXCLUDED."updated_at","inserted_at" = EXCLUDED."inserted_at","forge_account_id" = EXCLUDED."forge_account_id","invalidation_reason" = EXCLUDED."invalidation_reason","invalidated_at" = EXCLUDED."invalidated_at","ttl_expires_at" = EXCLUDED."ttl_expires_at","cached_at" = EXCLUDED."cached_at","full_result" = EXCLUDED."full_result","reason" = EXCLUDED."reason","confidence" = EXCLUDED."confidence","is_false_positive" = EXCLUDED."is_false_positive","file_hashes" = EXCLUDED."file_hashes","locations" = EXCLUDED."locations","vulnerability_type" = EXCLUDED."vulnerability_type","repository" = EXCLUDED."repository","cache_key" = EXCLUDED."cache_key" RETURNING "id","updated_at","inserted_at","forge_account_id","invalidation_reason","invalidated_at","ttl_expires_at","cached_at","full_result","reason","confidence","is_false_positive","file_hashes","locations","vulnerability_type","repository","cache_key" ["Performance test entry 67", "56659/RSOLV-dev/perf-test/[path/to/file67.js:670]:eval", "RSOLV-dev/perf-test", Decimal.new("0.67"), 56659, [%{line: 670, file_path: "path/to/file67.js"}], "eval", %{"path/to/file67.js" => "sha256:content67"}, false, ~U[2025-12-10 20:25:22.179381Z], ~U[2025-09-11 20:25:22.179381Z], ~U[2025-09-11 20:25:22.179433Z], ~U[2025-09-11 20:25:22.179433Z]]
14:25:22.179 [debug] Cached validation stored
14:25:22.179 [debug] QUERY OK source="cached_validations" db=0.1ms
INSERT INTO "cached_validations" ("reason","cache_key","repository","confidence","forge_account_id","locations","vulnerability_type","file_hashes","is_false_positive","ttl_expires_at","cached_at","inserted_at","updated_at") VALUES ($1,$2,$3,$4,$5,$6,$7,$8,$9,$10,$11,$12,$13) ON CONFLICT ("cache_key") DO UPDATE SET "updated_at" = EXCLUDED."updated_at","inserted_at" = EXCLUDED."inserted_at","forge_account_id" = EXCLUDED."forge_account_id","invalidation_reason" = EXCLUDED."invalidation_reason","invalidated_at" = EXCLUDED."invalidated_at","ttl_expires_at" = EXCLUDED."ttl_expires_at","cached_at" = EXCLUDED."cached_at","full_result" = EXCLUDED."full_result","reason" = EXCLUDED."reason","confidence" = EXCLUDED."confidence","is_false_positive" = EXCLUDED."is_false_positive","file_hashes" = EXCLUDED."file_hashes","locations" = EXCLUDED."locations","vulnerability_type" = EXCLUDED."vulnerability_type","repository" = EXCLUDED."repository","cache_key" = EXCLUDED."cache_key" RETURNING "id","updated_at","inserted_at","forge_account_id","invalidation_reason","invalidated_at","ttl_expires_at","cached_at","full_result","reason","confidence","is_false_positive","file_hashes","locations","vulnerability_type","repository","cache_key" ["Performance test entry 68", "56659/RSOLV-dev/perf-test/[path/to/file68.js:680]:sql-injection", "RSOLV-dev/perf-test", Decimal.new("0.6799999999999999"), 56659, [%{line: 680, file_path: "path/to/file68.js"}], "sql-injection", %{"path/to/file68.js" => "sha256:content68"}, true, ~U[2025-12-10 20:25:22.179758Z], ~U[2025-09-11 20:25:22.179758Z], ~U[2025-09-11 20:25:22.179799Z], ~U[2025-09-11 20:25:22.179799Z]]
14:25:22.180 [debug] Cached validation stored
14:25:22.180 [debug] QUERY OK source="cached_validations" db=0.0ms
INSERT INTO "cached_validations" ("reason","cache_key","repository","confidence","forge_account_id","locations","vulnerability_type","file_hashes","is_false_positive","ttl_expires_at","cached_at","inserted_at","updated_at") VALUES ($1,$2,$3,$4,$5,$6,$7,$8,$9,$10,$11,$12,$13) ON CONFLICT ("cache_key") DO UPDATE SET "updated_at" = EXCLUDED."updated_at","inserted_at" = EXCLUDED."inserted_at","forge_account_id" = EXCLUDED."forge_account_id","invalidation_reason" = EXCLUDED."invalidation_reason","invalidated_at" = EXCLUDED."invalidated_at","ttl_expires_at" = EXCLUDED."ttl_expires_at","cached_at" = EXCLUDED."cached_at","full_result" = EXCLUDED."full_result","reason" = EXCLUDED."reason","confidence" = EXCLUDED."confidence","is_false_positive" = EXCLUDED."is_false_positive","file_hashes" = EXCLUDED."file_hashes","locations" = EXCLUDED."locations","vulnerability_type" = EXCLUDED."vulnerability_type","repository" = EXCLUDED."repository","cache_key" = EXCLUDED."cache_key" RETURNING "id","updated_at","inserted_at","forge_account_id","invalidation_reason","invalidated_at","ttl_expires_at","cached_at","full_result","reason","confidence","is_false_positive","file_hashes","locations","vulnerability_type","repository","cache_key" ["Performance test entry 69", "56659/RSOLV-dev/perf-test/[path/to/file69.js:690]:xss", "RSOLV-dev/perf-test", Decimal.new("0.69"), 56659, [%{line: 690, file_path: "path/to/file69.js"}], "xss", %{"path/to/file69.js" => "sha256:content69"}, false, ~U[2025-12-10 20:25:22.180027Z], ~U[2025-09-11 20:25:22.180027Z], ~U[2025-09-11 20:25:22.180059Z], ~U[2025-09-11 20:25:22.180059Z]]
14:25:22.180 [debug] Cached validation stored
14:25:22.180 [debug] QUERY OK source="cached_validations" db=0.0ms
INSERT INTO "cached_validations" ("reason","cache_key","repository","confidence","forge_account_id","locations","vulnerability_type","file_hashes","is_false_positive","ttl_expires_at","cached_at","inserted_at","updated_at") VALUES ($1,$2,$3,$4,$5,$6,$7,$8,$9,$10,$11,$12,$13) ON CONFLICT ("cache_key") DO UPDATE SET "updated_at" = EXCLUDED."updated_at","inserted_at" = EXCLUDED."inserted_at","forge_account_id" = EXCLUDED."forge_account_id","invalidation_reason" = EXCLUDED."invalidation_reason","invalidated_at" = EXCLUDED."invalidated_at","ttl_expires_at" = EXCLUDED."ttl_expires_at","cached_at" = EXCLUDED."cached_at","full_result" = EXCLUDED."full_result","reason" = EXCLUDED."reason","confidence" = EXCLUDED."confidence","is_false_positive" = EXCLUDED."is_false_positive","file_hashes" = EXCLUDED."file_hashes","locations" = EXCLUDED."locations","vulnerability_type" = EXCLUDED."vulnerability_type","repository" = EXCLUDED."repository","cache_key" = EXCLUDED."cache_key" RETURNING "id","updated_at","inserted_at","forge_account_id","invalidation_reason","invalidated_at","ttl_expires_at","cached_at","full_result","reason","confidence","is_false_positive","file_hashes","locations","vulnerability_type","repository","cache_key" ["Performance test entry 70", "56659/RSOLV-dev/perf-test/[path/to/file70.js:700]:sql-injection", "RSOLV-dev/perf-test", Decimal.new("0.7"), 56659, [%{line: 700, file_path: "path/to/file70.js"}], "sql-injection", %{"path/to/file70.js" => "sha256:content70"}, true, ~U[2025-12-10 20:25:22.180231Z], ~U[2025-09-11 20:25:22.180231Z], ~U[2025-09-11 20:25:22.180267Z], ~U[2025-09-11 20:25:22.180267Z]]
14:25:22.180 [debug] Cached validation stored
14:25:22.180 [debug] QUERY OK source="cached_validations" db=0.0ms
INSERT INTO "cached_validations" ("reason","cache_key","repository","confidence","forge_account_id","locations","vulnerability_type","file_hashes","is_false_positive","ttl_expires_at","cached_at","inserted_at","updated_at") VALUES ($1,$2,$3,$4,$5,$6,$7,$8,$9,$10,$11,$12,$13) ON CONFLICT ("cache_key") DO UPDATE SET "updated_at" = EXCLUDED."updated_at","inserted_at" = EXCLUDED."inserted_at","forge_account_id" = EXCLUDED."forge_account_id","invalidation_reason" = EXCLUDED."invalidation_reason","invalidated_at" = EXCLUDED."invalidated_at","ttl_expires_at" = EXCLUDED."ttl_expires_at","cached_at" = EXCLUDED."cached_at","full_result" = EXCLUDED."full_result","reason" = EXCLUDED."reason","confidence" = EXCLUDED."confidence","is_false_positive" = EXCLUDED."is_false_positive","file_hashes" = EXCLUDED."file_hashes","locations" = EXCLUDED."locations","vulnerability_type" = EXCLUDED."vulnerability_type","repository" = EXCLUDED."repository","cache_key" = EXCLUDED."cache_key" RETURNING "id","updated_at","inserted_at","forge_account_id","invalidation_reason","invalidated_at","ttl_expires_at","cached_at","full_result","reason","confidence","is_false_positive","file_hashes","locations","vulnerability_type","repository","cache_key" ["Performance test entry 71", "56659/RSOLV-dev/perf-test/[path/to/file71.js:710]:eval", "RSOLV-dev/perf-test", Decimal.new("0.71"), 56659, [%{line: 710, file_path: "path/to/file71.js"}], "eval", %{"path/to/file71.js" => "sha256:content71"}, false, ~U[2025-12-10 20:25:22.180438Z], ~U[2025-09-11 20:25:22.180438Z], ~U[2025-09-11 20:25:22.180464Z], ~U[2025-09-11 20:25:22.180464Z]]
14:25:22.180 [debug] Cached validation stored
14:25:22.180 [debug] QUERY OK source="cached_validations" db=0.0ms
INSERT INTO "cached_validations" ("reason","cache_key","repository","confidence","forge_account_id","locations","vulnerability_type","file_hashes","is_false_positive","ttl_expires_at","cached_at","inserted_at","updated_at") VALUES ($1,$2,$3,$4,$5,$6,$7,$8,$9,$10,$11,$12,$13) ON CONFLICT ("cache_key") DO UPDATE SET "updated_at" = EXCLUDED."updated_at","inserted_at" = EXCLUDED."inserted_at","forge_account_id" = EXCLUDED."forge_account_id","invalidation_reason" = EXCLUDED."invalidation_reason","invalidated_at" = EXCLUDED."invalidated_at","ttl_expires_at" = EXCLUDED."ttl_expires_at","cached_at" = EXCLUDED."cached_at","full_result" = EXCLUDED."full_result","reason" = EXCLUDED."reason","confidence" = EXCLUDED."confidence","is_false_positive" = EXCLUDED."is_false_positive","file_hashes" = EXCLUDED."file_hashes","locations" = EXCLUDED."locations","vulnerability_type" = EXCLUDED."vulnerability_type","repository" = EXCLUDED."repository","cache_key" = EXCLUDED."cache_key" RETURNING "id","updated_at","inserted_at","forge_account_id","invalidation_reason","invalidated_at","ttl_expires_at","cached_at","full_result","reason","confidence","is_false_positive","file_hashes","locations","vulnerability_type","repository","cache_key" ["Performance test entry 72", "56659/RSOLV-dev/perf-test/[path/to/file72.js:720]:xss", "RSOLV-dev/perf-test", Decimal.new("0.72"), 56659, [%{line: 720, file_path: "path/to/file72.js"}], "xss", %{"path/to/file72.js" => "sha256:content72"}, true, ~U[2025-12-10 20:25:22.180607Z], ~U[2025-09-11 20:25:22.180607Z], ~U[2025-09-11 20:25:22.180643Z], ~U[2025-09-11 20:25:22.180643Z]]
14:25:22.180 [debug] Cached validation stored
14:25:22.181 [debug] QUERY OK source="cached_validations" db=0.0ms
INSERT INTO "cached_validations" ("reason","cache_key","repository","confidence","forge_account_id","locations","vulnerability_type","file_hashes","is_false_positive","ttl_expires_at","cached_at","inserted_at","updated_at") VALUES ($1,$2,$3,$4,$5,$6,$7,$8,$9,$10,$11,$12,$13) ON CONFLICT ("cache_key") DO UPDATE SET "updated_at" = EXCLUDED."updated_at","inserted_at" = EXCLUDED."inserted_at","forge_account_id" = EXCLUDED."forge_account_id","invalidation_reason" = EXCLUDED."invalidation_reason","invalidated_at" = EXCLUDED."invalidated_at","ttl_expires_at" = EXCLUDED."ttl_expires_at","cached_at" = EXCLUDED."cached_at","full_result" = EXCLUDED."full_result","reason" = EXCLUDED."reason","confidence" = EXCLUDED."confidence","is_false_positive" = EXCLUDED."is_false_positive","file_hashes" = EXCLUDED."file_hashes","locations" = EXCLUDED."locations","vulnerability_type" = EXCLUDED."vulnerability_type","repository" = EXCLUDED."repository","cache_key" = EXCLUDED."cache_key" RETURNING "id","updated_at","inserted_at","forge_account_id","invalidation_reason","invalidated_at","ttl_expires_at","cached_at","full_result","reason","confidence","is_false_positive","file_hashes","locations","vulnerability_type","repository","cache_key" ["Performance test entry 73", "56659/RSOLV-dev/perf-test/[path/to/file73.js:730]:eval", "RSOLV-dev/perf-test", Decimal.new("0.73"), 56659, [%{line: 730, file_path: "path/to/file73.js"}], "eval", %{"path/to/file73.js" => "sha256:content73"}, false, ~U[2025-12-10 20:25:22.180829Z], ~U[2025-09-11 20:25:22.180829Z], ~U[2025-09-11 20:25:22.180867Z], ~U[2025-09-11 20:25:22.180867Z]]
14:25:22.181 [debug] Cached validation stored
14:25:22.181 [debug] QUERY OK source="cached_validations" db=0.0ms
INSERT INTO "cached_validations" ("reason","cache_key","repository","confidence","forge_account_id","locations","vulnerability_type","file_hashes","is_false_positive","ttl_expires_at","cached_at","inserted_at","updated_at") VALUES ($1,$2,$3,$4,$5,$6,$7,$8,$9,$10,$11,$12,$13) ON CONFLICT ("cache_key") DO UPDATE SET "updated_at" = EXCLUDED."updated_at","inserted_at" = EXCLUDED."inserted_at","forge_account_id" = EXCLUDED."forge_account_id","invalidation_reason" = EXCLUDED."invalidation_reason","invalidated_at" = EXCLUDED."invalidated_at","ttl_expires_at" = EXCLUDED."ttl_expires_at","cached_at" = EXCLUDED."cached_at","full_result" = EXCLUDED."full_result","reason" = EXCLUDED."reason","confidence" = EXCLUDED."confidence","is_false_positive" = EXCLUDED."is_false_positive","file_hashes" = EXCLUDED."file_hashes","locations" = EXCLUDED."locations","vulnerability_type" = EXCLUDED."vulnerability_type","repository" = EXCLUDED."repository","cache_key" = EXCLUDED."cache_key" RETURNING "id","updated_at","inserted_at","forge_account_id","invalidation_reason","invalidated_at","ttl_expires_at","cached_at","full_result","reason","confidence","is_false_positive","file_hashes","locations","vulnerability_type","repository","cache_key" ["Performance test entry 74", "56659/RSOLV-dev/perf-test/[path/to/file74.js:740]:sql-injection", "RSOLV-dev/perf-test", Decimal.new("0.74"), 56659, [%{line: 740, file_path: "path/to/file74.js"}], "sql-injection", %{"path/to/file74.js" => "sha256:content74"}, true, ~U[2025-12-10 20:25:22.181038Z], ~U[2025-09-11 20:25:22.181038Z], ~U[2025-09-11 20:25:22.181071Z], ~U[2025-09-11 20:25:22.181071Z]]
14:25:22.181 [debug] Cached validation stored
14:25:22.181 [debug] QUERY OK source="cached_validations" db=0.0ms
INSERT INTO "cached_validations" ("reason","cache_key","repository","confidence","forge_account_id","locations","vulnerability_type","file_hashes","is_false_positive","ttl_expires_at","cached_at","inserted_at","updated_at") VALUES ($1,$2,$3,$4,$5,$6,$7,$8,$9,$10,$11,$12,$13) ON CONFLICT ("cache_key") DO UPDATE SET "updated_at" = EXCLUDED."updated_at","inserted_at" = EXCLUDED."inserted_at","forge_account_id" = EXCLUDED."forge_account_id","invalidation_reason" = EXCLUDED."invalidation_reason","invalidated_at" = EXCLUDED."invalidated_at","ttl_expires_at" = EXCLUDED."ttl_expires_at","cached_at" = EXCLUDED."cached_at","full_result" = EXCLUDED."full_result","reason" = EXCLUDED."reason","confidence" = EXCLUDED."confidence","is_false_positive" = EXCLUDED."is_false_positive","file_hashes" = EXCLUDED."file_hashes","locations" = EXCLUDED."locations","vulnerability_type" = EXCLUDED."vulnerability_type","repository" = EXCLUDED."repository","cache_key" = EXCLUDED."cache_key" RETURNING "id","updated_at","inserted_at","forge_account_id","invalidation_reason","invalidated_at","ttl_expires_at","cached_at","full_result","reason","confidence","is_false_positive","file_hashes","locations","vulnerability_type","repository","cache_key" ["Performance test entry 75", "56659/RSOLV-dev/perf-test/[path/to/file75.js:750]:xss", "RSOLV-dev/perf-test", Decimal.new("0.75"), 56659, [%{line: 750, file_path: "path/to/file75.js"}], "xss", %{"path/to/file75.js" => "sha256:content75"}, false, ~U[2025-12-10 20:25:22.181224Z], ~U[2025-09-11 20:25:22.181224Z], ~U[2025-09-11 20:25:22.181252Z], ~U[2025-09-11 20:25:22.181252Z]]
14:25:22.181 [debug] Cached validation stored
14:25:22.181 [debug] QUERY OK source="cached_validations" db=0.0ms
INSERT INTO "cached_validations" ("reason","cache_key","repository","confidence","forge_account_id","locations","vulnerability_type","file_hashes","is_false_positive","ttl_expires_at","cached_at","inserted_at","updated_at") VALUES ($1,$2,$3,$4,$5,$6,$7,$8,$9,$10,$11,$12,$13) ON CONFLICT ("cache_key") DO UPDATE SET "updated_at" = EXCLUDED."updated_at","inserted_at" = EXCLUDED."inserted_at","forge_account_id" = EXCLUDED."forge_account_id","invalidation_reason" = EXCLUDED."invalidation_reason","invalidated_at" = EXCLUDED."invalidated_at","ttl_expires_at" = EXCLUDED."ttl_expires_at","cached_at" = EXCLUDED."cached_at","full_result" = EXCLUDED."full_result","reason" = EXCLUDED."reason","confidence" = EXCLUDED."confidence","is_false_positive" = EXCLUDED."is_false_positive","file_hashes" = EXCLUDED."file_hashes","locations" = EXCLUDED."locations","vulnerability_type" = EXCLUDED."vulnerability_type","repository" = EXCLUDED."repository","cache_key" = EXCLUDED."cache_key" RETURNING "id","updated_at","inserted_at","forge_account_id","invalidation_reason","invalidated_at","ttl_expires_at","cached_at","full_result","reason","confidence","is_false_positive","file_hashes","locations","vulnerability_type","repository","cache_key" ["Performance test entry 76", "56659/RSOLV-dev/perf-test/[path/to/file76.js:760]:sql-injection", "RSOLV-dev/perf-test", Decimal.new("0.76"), 56659, [%{line: 760, file_path: "path/to/file76.js"}], "sql-injection", %{"path/to/file76.js" => "sha256:content76"}, true, ~U[2025-12-10 20:25:22.181411Z], ~U[2025-09-11 20:25:22.181411Z], ~U[2025-09-11 20:25:22.181445Z], ~U[2025-09-11 20:25:22.181445Z]]
14:25:22.181 [debug] Cached validation stored
14:25:22.181 [debug] QUERY OK source="cached_validations" db=0.0ms
INSERT INTO "cached_validations" ("reason","cache_key","repository","confidence","forge_account_id","locations","vulnerability_type","file_hashes","is_false_positive","ttl_expires_at","cached_at","inserted_at","updated_at") VALUES ($1,$2,$3,$4,$5,$6,$7,$8,$9,$10,$11,$12,$13) ON CONFLICT ("cache_key") DO UPDATE SET "updated_at" = EXCLUDED."updated_at","inserted_at" = EXCLUDED."inserted_at","forge_account_id" = EXCLUDED."forge_account_id","invalidation_reason" = EXCLUDED."invalidation_reason","invalidated_at" = EXCLUDED."invalidated_at","ttl_expires_at" = EXCLUDED."ttl_expires_at","cached_at" = EXCLUDED."cached_at","full_result" = EXCLUDED."full_result","reason" = EXCLUDED."reason","confidence" = EXCLUDED."confidence","is_false_positive" = EXCLUDED."is_false_positive","file_hashes" = EXCLUDED."file_hashes","locations" = EXCLUDED."locations","vulnerability_type" = EXCLUDED."vulnerability_type","repository" = EXCLUDED."repository","cache_key" = EXCLUDED."cache_key" RETURNING "id","updated_at","inserted_at","forge_account_id","invalidation_reason","invalidated_at","ttl_expires_at","cached_at","full_result","reason","confidence","is_false_positive","file_hashes","locations","vulnerability_type","repository","cache_key" ["Performance test entry 77", "56659/RSOLV-dev/perf-test/[path/to/file77.js:770]:eval", "RSOLV-dev/perf-test", Decimal.new("0.77"), 56659, [%{line: 770, file_path: "path/to/file77.js"}], "eval", %{"path/to/file77.js" => "sha256:content77"}, false, ~U[2025-12-10 20:25:22.181605Z], ~U[2025-09-11 20:25:22.181605Z], ~U[2025-09-11 20:25:22.181637Z], ~U[2025-09-11 20:25:22.181637Z]]
14:25:22.181 [debug] Cached validation stored
14:25:22.181 [debug] QUERY OK source="cached_validations" db=0.0ms
INSERT INTO "cached_validations" ("reason","cache_key","repository","confidence","forge_account_id","locations","vulnerability_type","file_hashes","is_false_positive","ttl_expires_at","cached_at","inserted_at","updated_at") VALUES ($1,$2,$3,$4,$5,$6,$7,$8,$9,$10,$11,$12,$13) ON CONFLICT ("cache_key") DO UPDATE SET "updated_at" = EXCLUDED."updated_at","inserted_at" = EXCLUDED."inserted_at","forge_account_id" = EXCLUDED."forge_account_id","invalidation_reason" = EXCLUDED."invalidation_reason","invalidated_at" = EXCLUDED."invalidated_at","ttl_expires_at" = EXCLUDED."ttl_expires_at","cached_at" = EXCLUDED."cached_at","full_result" = EXCLUDED."full_result","reason" = EXCLUDED."reason","confidence" = EXCLUDED."confidence","is_false_positive" = EXCLUDED."is_false_positive","file_hashes" = EXCLUDED."file_hashes","locations" = EXCLUDED."locations","vulnerability_type" = EXCLUDED."vulnerability_type","repository" = EXCLUDED."repository","cache_key" = EXCLUDED."cache_key" RETURNING "id","updated_at","inserted_at","forge_account_id","invalidation_reason","invalidated_at","ttl_expires_at","cached_at","full_result","reason","confidence","is_false_positive","file_hashes","locations","vulnerability_type","repository","cache_key" ["Performance test entry 78", "56659/RSOLV-dev/perf-test/[path/to/file78.js:780]:xss", "RSOLV-dev/perf-test", Decimal.new("0.78"), 56659, [%{line: 780, file_path: "path/to/file78.js"}], "xss", %{"path/to/file78.js" => "sha256:content78"}, true, ~U[2025-12-10 20:25:22.181816Z], ~U[2025-09-11 20:25:22.181816Z], ~U[2025-09-11 20:25:22.181857Z], ~U[2025-09-11 20:25:22.181857Z]]
14:25:22.182 [debug] Cached validation stored
14:25:22.182 [debug] QUERY OK source="cached_validations" db=0.0ms
INSERT INTO "cached_validations" ("reason","cache_key","repository","confidence","forge_account_id","locations","vulnerability_type","file_hashes","is_false_positive","ttl_expires_at","cached_at","inserted_at","updated_at") VALUES ($1,$2,$3,$4,$5,$6,$7,$8,$9,$10,$11,$12,$13) ON CONFLICT ("cache_key") DO UPDATE SET "updated_at" = EXCLUDED."updated_at","inserted_at" = EXCLUDED."inserted_at","forge_account_id" = EXCLUDED."forge_account_id","invalidation_reason" = EXCLUDED."invalidation_reason","invalidated_at" = EXCLUDED."invalidated_at","ttl_expires_at" = EXCLUDED."ttl_expires_at","cached_at" = EXCLUDED."cached_at","full_result" = EXCLUDED."full_result","reason" = EXCLUDED."reason","confidence" = EXCLUDED."confidence","is_false_positive" = EXCLUDED."is_false_positive","file_hashes" = EXCLUDED."file_hashes","locations" = EXCLUDED."locations","vulnerability_type" = EXCLUDED."vulnerability_type","repository" = EXCLUDED."repository","cache_key" = EXCLUDED."cache_key" RETURNING "id","updated_at","inserted_at","forge_account_id","invalidation_reason","invalidated_at","ttl_expires_at","cached_at","full_result","reason","confidence","is_false_positive","file_hashes","locations","vulnerability_type","repository","cache_key" ["Performance test entry 79", "56659/RSOLV-dev/perf-test/[path/to/file79.js:790]:eval", "RSOLV-dev/perf-test", Decimal.new("0.79"), 56659, [%{line: 790, file_path: "path/to/file79.js"}], "eval", %{"path/to/file79.js" => "sha256:content79"}, false, ~U[2025-12-10 20:25:22.182016Z], ~U[2025-09-11 20:25:22.182016Z], ~U[2025-09-11 20:25:22.182043Z], ~U[2025-09-11 20:25:22.182043Z]]
14:25:22.182 [debug] Cached validation stored
14:25:22.182 [debug] QUERY OK source="cached_validations" db=0.0ms
INSERT INTO "cached_validations" ("reason","cache_key","repository","confidence","forge_account_id","locations","vulnerability_type","file_hashes","is_false_positive","ttl_expires_at","cached_at","inserted_at","updated_at") VALUES ($1,$2,$3,$4,$5,$6,$7,$8,$9,$10,$11,$12,$13) ON CONFLICT ("cache_key") DO UPDATE SET "updated_at" = EXCLUDED."updated_at","inserted_at" = EXCLUDED."inserted_at","forge_account_id" = EXCLUDED."forge_account_id","invalidation_reason" = EXCLUDED."invalidation_reason","invalidated_at" = EXCLUDED."invalidated_at","ttl_expires_at" = EXCLUDED."ttl_expires_at","cached_at" = EXCLUDED."cached_at","full_result" = EXCLUDED."full_result","reason" = EXCLUDED."reason","confidence" = EXCLUDED."confidence","is_false_positive" = EXCLUDED."is_false_positive","file_hashes" = EXCLUDED."file_hashes","locations" = EXCLUDED."locations","vulnerability_type" = EXCLUDED."vulnerability_type","repository" = EXCLUDED."repository","cache_key" = EXCLUDED."cache_key" RETURNING "id","updated_at","inserted_at","forge_account_id","invalidation_reason","invalidated_at","ttl_expires_at","cached_at","full_result","reason","confidence","is_false_positive","file_hashes","locations","vulnerability_type","repository","cache_key" ["Performance test entry 80", "56659/RSOLV-dev/perf-test/[path/to/file80.js:800]:sql-injection", "RSOLV-dev/perf-test", Decimal.new("0.8"), 56659, [%{line: 800, file_path: "path/to/file80.js"}], "sql-injection", %{"path/to/file80.js" => "sha256:content80"}, true, ~U[2025-12-10 20:25:22.182203Z], ~U[2025-09-11 20:25:22.182203Z], ~U[2025-09-11 20:25:22.182232Z], ~U[2025-09-11 20:25:22.182232Z]]
14:25:22.182 [debug] Cached validation stored
14:25:22.182 [debug] QUERY OK source="cached_validations" db=0.0ms
INSERT INTO "cached_validations" ("reason","cache_key","repository","confidence","forge_account_id","locations","vulnerability_type","file_hashes","is_false_positive","ttl_expires_at","cached_at","inserted_at","updated_at") VALUES ($1,$2,$3,$4,$5,$6,$7,$8,$9,$10,$11,$12,$13) ON CONFLICT ("cache_key") DO UPDATE SET "updated_at" = EXCLUDED."updated_at","inserted_at" = EXCLUDED."inserted_at","forge_account_id" = EXCLUDED."forge_account_id","invalidation_reason" = EXCLUDED."invalidation_reason","invalidated_at" = EXCLUDED."invalidated_at","ttl_expires_at" = EXCLUDED."ttl_expires_at","cached_at" = EXCLUDED."cached_at","full_result" = EXCLUDED."full_result","reason" = EXCLUDED."reason","confidence" = EXCLUDED."confidence","is_false_positive" = EXCLUDED."is_false_positive","file_hashes" = EXCLUDED."file_hashes","locations" = EXCLUDED."locations","vulnerability_type" = EXCLUDED."vulnerability_type","repository" = EXCLUDED."repository","cache_key" = EXCLUDED."cache_key" RETURNING "id","updated_at","inserted_at","forge_account_id","invalidation_reason","invalidated_at","ttl_expires_at","cached_at","full_result","reason","confidence","is_false_positive","file_hashes","locations","vulnerability_type","repository","cache_key" ["Performance test entry 81", "56659/RSOLV-dev/perf-test/[path/to/file81.js:810]:xss", "RSOLV-dev/perf-test", Decimal.new("0.81"), 56659, [%{line: 810, file_path: "path/to/file81.js"}], "xss", %{"path/to/file81.js" => "sha256:content81"}, false, ~U[2025-12-10 20:25:22.182375Z], ~U[2025-09-11 20:25:22.182375Z], ~U[2025-09-11 20:25:22.182399Z], ~U[2025-09-11 20:25:22.182399Z]]
14:25:22.182 [debug] Cached validation stored
14:25:22.182 [debug] QUERY OK source="cached_validations" db=0.0ms
INSERT INTO "cached_validations" ("reason","cache_key","repository","confidence","forge_account_id","locations","vulnerability_type","file_hashes","is_false_positive","ttl_expires_at","cached_at","inserted_at","updated_at") VALUES ($1,$2,$3,$4,$5,$6,$7,$8,$9,$10,$11,$12,$13) ON CONFLICT ("cache_key") DO UPDATE SET "updated_at" = EXCLUDED."updated_at","inserted_at" = EXCLUDED."inserted_at","forge_account_id" = EXCLUDED."forge_account_id","invalidation_reason" = EXCLUDED."invalidation_reason","invalidated_at" = EXCLUDED."invalidated_at","ttl_expires_at" = EXCLUDED."ttl_expires_at","cached_at" = EXCLUDED."cached_at","full_result" = EXCLUDED."full_result","reason" = EXCLUDED."reason","confidence" = EXCLUDED."confidence","is_false_positive" = EXCLUDED."is_false_positive","file_hashes" = EXCLUDED."file_hashes","locations" = EXCLUDED."locations","vulnerability_type" = EXCLUDED."vulnerability_type","repository" = EXCLUDED."repository","cache_key" = EXCLUDED."cache_key" RETURNING "id","updated_at","inserted_at","forge_account_id","invalidation_reason","invalidated_at","ttl_expires_at","cached_at","full_result","reason","confidence","is_false_positive","file_hashes","locations","vulnerability_type","repository","cache_key" ["Performance test entry 82", "56659/RSOLV-dev/perf-test/[path/to/file82.js:820]:sql-injection", "RSOLV-dev/perf-test", Decimal.new("0.8200000000000001"), 56659, [%{line: 820, file_path: "path/to/file82.js"}], "sql-injection", %{"path/to/file82.js" => "sha256:content82"}, true, ~U[2025-12-10 20:25:22.182554Z], ~U[2025-09-11 20:25:22.182554Z], ~U[2025-09-11 20:25:22.182577Z], ~U[2025-09-11 20:25:22.182577Z]]
14:25:22.182 [debug] Cached validation stored
14:25:22.182 [debug] QUERY OK source="cached_validations" db=0.0ms
INSERT INTO "cached_validations" ("reason","cache_key","repository","confidence","forge_account_id","locations","vulnerability_type","file_hashes","is_false_positive","ttl_expires_at","cached_at","inserted_at","updated_at") VALUES ($1,$2,$3,$4,$5,$6,$7,$8,$9,$10,$11,$12,$13) ON CONFLICT ("cache_key") DO UPDATE SET "updated_at" = EXCLUDED."updated_at","inserted_at" = EXCLUDED."inserted_at","forge_account_id" = EXCLUDED."forge_account_id","invalidation_reason" = EXCLUDED."invalidation_reason","invalidated_at" = EXCLUDED."invalidated_at","ttl_expires_at" = EXCLUDED."ttl_expires_at","cached_at" = EXCLUDED."cached_at","full_result" = EXCLUDED."full_result","reason" = EXCLUDED."reason","confidence" = EXCLUDED."confidence","is_false_positive" = EXCLUDED."is_false_positive","file_hashes" = EXCLUDED."file_hashes","locations" = EXCLUDED."locations","vulnerability_type" = EXCLUDED."vulnerability_type","repository" = EXCLUDED."repository","cache_key" = EXCLUDED."cache_key" RETURNING "id","updated_at","inserted_at","forge_account_id","invalidation_reason","invalidated_at","ttl_expires_at","cached_at","full_result","reason","confidence","is_false_positive","file_hashes","locations","vulnerability_type","repository","cache_key" ["Performance test entry 83", "56659/RSOLV-dev/perf-test/[path/to/file83.js:830]:eval", "RSOLV-dev/perf-test", Decimal.new("0.8300000000000001"), 56659, [%{line: 830, file_path: "path/to/file83.js"}], "eval", %{"path/to/file83.js" => "sha256:content83"}, false, ~U[2025-12-10 20:25:22.182713Z], ~U[2025-09-11 20:25:22.182713Z], ~U[2025-09-11 20:25:22.182740Z], ~U[2025-09-11 20:25:22.182740Z]]
14:25:22.182 [debug] Cached validation stored
14:25:22.182 [debug] QUERY OK source="cached_validations" db=0.0ms
INSERT INTO "cached_validations" ("reason","cache_key","repository","confidence","forge_account_id","locations","vulnerability_type","file_hashes","is_false_positive","ttl_expires_at","cached_at","inserted_at","updated_at") VALUES ($1,$2,$3,$4,$5,$6,$7,$8,$9,$10,$11,$12,$13) ON CONFLICT ("cache_key") DO UPDATE SET "updated_at" = EXCLUDED."updated_at","inserted_at" = EXCLUDED."inserted_at","forge_account_id" = EXCLUDED."forge_account_id","invalidation_reason" = EXCLUDED."invalidation_reason","invalidated_at" = EXCLUDED."invalidated_at","ttl_expires_at" = EXCLUDED."ttl_expires_at","cached_at" = EXCLUDED."cached_at","full_result" = EXCLUDED."full_result","reason" = EXCLUDED."reason","confidence" = EXCLUDED."confidence","is_false_positive" = EXCLUDED."is_false_positive","file_hashes" = EXCLUDED."file_hashes","locations" = EXCLUDED."locations","vulnerability_type" = EXCLUDED."vulnerability_type","repository" = EXCLUDED."repository","cache_key" = EXCLUDED."cache_key" RETURNING "id","updated_at","inserted_at","forge_account_id","invalidation_reason","invalidated_at","ttl_expires_at","cached_at","full_result","reason","confidence","is_false_positive","file_hashes","locations","vulnerability_type","repository","cache_key" ["Performance test entry 84", "56659/RSOLV-dev/perf-test/[path/to/file84.js:840]:xss", "RSOLV-dev/perf-test", Decimal.new("0.8400000000000001"), 56659, [%{line: 840, file_path: "path/to/file84.js"}], "xss", %{"path/to/file84.js" => "sha256:content84"}, true, ~U[2025-12-10 20:25:22.182864Z], ~U[2025-09-11 20:25:22.182864Z], ~U[2025-09-11 20:25:22.182891Z], ~U[2025-09-11 20:25:22.182891Z]]
14:25:22.183 [debug] Cached validation stored
14:25:22.183 [debug] QUERY OK source="cached_validations" db=0.0ms
INSERT INTO "cached_validations" ("reason","cache_key","repository","confidence","forge_account_id","locations","vulnerability_type","file_hashes","is_false_positive","ttl_expires_at","cached_at","inserted_at","updated_at") VALUES ($1,$2,$3,$4,$5,$6,$7,$8,$9,$10,$11,$12,$13) ON CONFLICT ("cache_key") DO UPDATE SET "updated_at" = EXCLUDED."updated_at","inserted_at" = EXCLUDED."inserted_at","forge_account_id" = EXCLUDED."forge_account_id","invalidation_reason" = EXCLUDED."invalidation_reason","invalidated_at" = EXCLUDED."invalidated_at","ttl_expires_at" = EXCLUDED."ttl_expires_at","cached_at" = EXCLUDED."cached_at","full_result" = EXCLUDED."full_result","reason" = EXCLUDED."reason","confidence" = EXCLUDED."confidence","is_false_positive" = EXCLUDED."is_false_positive","file_hashes" = EXCLUDED."file_hashes","locations" = EXCLUDED."locations","vulnerability_type" = EXCLUDED."vulnerability_type","repository" = EXCLUDED."repository","cache_key" = EXCLUDED."cache_key" RETURNING "id","updated_at","inserted_at","forge_account_id","invalidation_reason","invalidated_at","ttl_expires_at","cached_at","full_result","reason","confidence","is_false_positive","file_hashes","locations","vulnerability_type","repository","cache_key" ["Performance test entry 85", "56659/RSOLV-dev/perf-test/[path/to/file85.js:850]:eval", "RSOLV-dev/perf-test", Decimal.new("0.85"), 56659, [%{line: 850, file_path: "path/to/file85.js"}], "eval", %{"path/to/file85.js" => "sha256:content85"}, false, ~U[2025-12-10 20:25:22.183010Z], ~U[2025-09-11 20:25:22.183010Z], ~U[2025-09-11 20:25:22.183035Z], ~U[2025-09-11 20:25:22.183035Z]]
14:25:22.183 [debug] Cached validation stored
14:25:22.183 [debug] QUERY OK source="cached_validations" db=0.0ms
INSERT INTO "cached_validations" ("reason","cache_key","repository","confidence","forge_account_id","locations","vulnerability_type","file_hashes","is_false_positive","ttl_expires_at","cached_at","inserted_at","updated_at") VALUES ($1,$2,$3,$4,$5,$6,$7,$8,$9,$10,$11,$12,$13) ON CONFLICT ("cache_key") DO UPDATE SET "updated_at" = EXCLUDED."updated_at","inserted_at" = EXCLUDED."inserted_at","forge_account_id" = EXCLUDED."forge_account_id","invalidation_reason" = EXCLUDED."invalidation_reason","invalidated_at" = EXCLUDED."invalidated_at","ttl_expires_at" = EXCLUDED."ttl_expires_at","cached_at" = EXCLUDED."cached_at","full_result" = EXCLUDED."full_result","reason" = EXCLUDED."reason","confidence" = EXCLUDED."confidence","is_false_positive" = EXCLUDED."is_false_positive","file_hashes" = EXCLUDED."file_hashes","locations" = EXCLUDED."locations","vulnerability_type" = EXCLUDED."vulnerability_type","repository" = EXCLUDED."repository","cache_key" = EXCLUDED."cache_key" RETURNING "id","updated_at","inserted_at","forge_account_id","invalidation_reason","invalidated_at","ttl_expires_at","cached_at","full_result","reason","confidence","is_false_positive","file_hashes","locations","vulnerability_type","repository","cache_key" ["Performance test entry 86", "56659/RSOLV-dev/perf-test/[path/to/file86.js:860]:sql-injection", "RSOLV-dev/perf-test", Decimal.new("0.86"), 56659, [%{line: 860, file_path: "path/to/file86.js"}], "sql-injection", %{"path/to/file86.js" => "sha256:content86"}, true, ~U[2025-12-10 20:25:22.183162Z], ~U[2025-09-11 20:25:22.183162Z], ~U[2025-09-11 20:25:22.183191Z], ~U[2025-09-11 20:25:22.183191Z]]
14:25:22.183 [debug] Cached validation stored
14:25:22.183 [debug] QUERY OK source="cached_validations" db=0.0ms
INSERT INTO "cached_validations" ("reason","cache_key","repository","confidence","forge_account_id","locations","vulnerability_type","file_hashes","is_false_positive","ttl_expires_at","cached_at","inserted_at","updated_at") VALUES ($1,$2,$3,$4,$5,$6,$7,$8,$9,$10,$11,$12,$13) ON CONFLICT ("cache_key") DO UPDATE SET "updated_at" = EXCLUDED."updated_at","inserted_at" = EXCLUDED."inserted_at","forge_account_id" = EXCLUDED."forge_account_id","invalidation_reason" = EXCLUDED."invalidation_reason","invalidated_at" = EXCLUDED."invalidated_at","ttl_expires_at" = EXCLUDED."ttl_expires_at","cached_at" = EXCLUDED."cached_at","full_result" = EXCLUDED."full_result","reason" = EXCLUDED."reason","confidence" = EXCLUDED."confidence","is_false_positive" = EXCLUDED."is_false_positive","file_hashes" = EXCLUDED."file_hashes","locations" = EXCLUDED."locations","vulnerability_type" = EXCLUDED."vulnerability_type","repository" = EXCLUDED."repository","cache_key" = EXCLUDED."cache_key" RETURNING "id","updated_at","inserted_at","forge_account_id","invalidation_reason","invalidated_at","ttl_expires_at","cached_at","full_result","reason","confidence","is_false_positive","file_hashes","locations","vulnerability_type","repository","cache_key" ["Performance test entry 87", "56659/RSOLV-dev/perf-test/[path/to/file87.js:870]:xss", "RSOLV-dev/perf-test", Decimal.new("0.87"), 56659, [%{line: 870, file_path: "path/to/file87.js"}], "xss", %{"path/to/file87.js" => "sha256:content87"}, false, ~U[2025-12-10 20:25:22.183318Z], ~U[2025-09-11 20:25:22.183318Z], ~U[2025-09-11 20:25:22.183340Z], ~U[2025-09-11 20:25:22.183340Z]]
14:25:22.183 [debug] Cached validation stored
14:25:22.183 [debug] QUERY OK source="cached_validations" db=0.0ms
INSERT INTO "cached_validations" ("reason","cache_key","repository","confidence","forge_account_id","locations","vulnerability_type","file_hashes","is_false_positive","ttl_expires_at","cached_at","inserted_at","updated_at") VALUES ($1,$2,$3,$4,$5,$6,$7,$8,$9,$10,$11,$12,$13) ON CONFLICT ("cache_key") DO UPDATE SET "updated_at" = EXCLUDED."updated_at","inserted_at" = EXCLUDED."inserted_at","forge_account_id" = EXCLUDED."forge_account_id","invalidation_reason" = EXCLUDED."invalidation_reason","invalidated_at" = EXCLUDED."invalidated_at","ttl_expires_at" = EXCLUDED."ttl_expires_at","cached_at" = EXCLUDED."cached_at","full_result" = EXCLUDED."full_result","reason" = EXCLUDED."reason","confidence" = EXCLUDED."confidence","is_false_positive" = EXCLUDED."is_false_positive","file_hashes" = EXCLUDED."file_hashes","locations" = EXCLUDED."locations","vulnerability_type" = EXCLUDED."vulnerability_type","repository" = EXCLUDED."repository","cache_key" = EXCLUDED."cache_key" RETURNING "id","updated_at","inserted_at","forge_account_id","invalidation_reason","invalidated_at","ttl_expires_at","cached_at","full_result","reason","confidence","is_false_positive","file_hashes","locations","vulnerability_type","repository","cache_key" ["Performance test entry 88", "56659/RSOLV-dev/perf-test/[path/to/file88.js:880]:sql-injection", "RSOLV-dev/perf-test", Decimal.new("0.88"), 56659, [%{line: 880, file_path: "path/to/file88.js"}], "sql-injection", %{"path/to/file88.js" => "sha256:content88"}, true, ~U[2025-12-10 20:25:22.183480Z], ~U[2025-09-11 20:25:22.183480Z], ~U[2025-09-11 20:25:22.183507Z], ~U[2025-09-11 20:25:22.183507Z]]
14:25:22.183 [debug] Cached validation stored
14:25:22.183 [debug] QUERY OK source="cached_validations" db=0.0ms
INSERT INTO "cached_validations" ("reason","cache_key","repository","confidence","forge_account_id","locations","vulnerability_type","file_hashes","is_false_positive","ttl_expires_at","cached_at","inserted_at","updated_at") VALUES ($1,$2,$3,$4,$5,$6,$7,$8,$9,$10,$11,$12,$13) ON CONFLICT ("cache_key") DO UPDATE SET "updated_at" = EXCLUDED."updated_at","inserted_at" = EXCLUDED."inserted_at","forge_account_id" = EXCLUDED."forge_account_id","invalidation_reason" = EXCLUDED."invalidation_reason","invalidated_at" = EXCLUDED."invalidated_at","ttl_expires_at" = EXCLUDED."ttl_expires_at","cached_at" = EXCLUDED."cached_at","full_result" = EXCLUDED."full_result","reason" = EXCLUDED."reason","confidence" = EXCLUDED."confidence","is_false_positive" = EXCLUDED."is_false_positive","file_hashes" = EXCLUDED."file_hashes","locations" = EXCLUDED."locations","vulnerability_type" = EXCLUDED."vulnerability_type","repository" = EXCLUDED."repository","cache_key" = EXCLUDED."cache_key" RETURNING "id","updated_at","inserted_at","forge_account_id","invalidation_reason","invalidated_at","ttl_expires_at","cached_at","full_result","reason","confidence","is_false_positive","file_hashes","locations","vulnerability_type","repository","cache_key" ["Performance test entry 89", "56659/RSOLV-dev/perf-test/[path/to/file89.js:890]:eval", "RSOLV-dev/perf-test", Decimal.new("0.89"), 56659, [%{line: 890, file_path: "path/to/file89.js"}], "eval", %{"path/to/file89.js" => "sha256:content89"}, false, ~U[2025-12-10 20:25:22.183646Z], ~U[2025-09-11 20:25:22.183646Z], ~U[2025-09-11 20:25:22.183672Z], ~U[2025-09-11 20:25:22.183672Z]]
14:25:22.183 [debug] Cached validation stored
14:25:22.183 [debug] QUERY OK source="cached_validations" db=0.0ms
INSERT INTO "cached_validations" ("reason","cache_key","repository","confidence","forge_account_id","locations","vulnerability_type","file_hashes","is_false_positive","ttl_expires_at","cached_at","inserted_at","updated_at") VALUES ($1,$2,$3,$4,$5,$6,$7,$8,$9,$10,$11,$12,$13) ON CONFLICT ("cache_key") DO UPDATE SET "updated_at" = EXCLUDED."updated_at","inserted_at" = EXCLUDED."inserted_at","forge_account_id" = EXCLUDED."forge_account_id","invalidation_reason" = EXCLUDED."invalidation_reason","invalidated_at" = EXCLUDED."invalidated_at","ttl_expires_at" = EXCLUDED."ttl_expires_at","cached_at" = EXCLUDED."cached_at","full_result" = EXCLUDED."full_result","reason" = EXCLUDED."reason","confidence" = EXCLUDED."confidence","is_false_positive" = EXCLUDED."is_false_positive","file_hashes" = EXCLUDED."file_hashes","locations" = EXCLUDED."locations","vulnerability_type" = EXCLUDED."vulnerability_type","repository" = EXCLUDED."repository","cache_key" = EXCLUDED."cache_key" RETURNING "id","updated_at","inserted_at","forge_account_id","invalidation_reason","invalidated_at","ttl_expires_at","cached_at","full_result","reason","confidence","is_false_positive","file_hashes","locations","vulnerability_type","repository","cache_key" ["Performance test entry 90", "56659/RSOLV-dev/perf-test/[path/to/file90.js:900]:xss", "RSOLV-dev/perf-test", Decimal.new("0.9"), 56659, [%{line: 900, file_path: "path/to/file90.js"}], "xss", %{"path/to/file90.js" => "sha256:content90"}, true, ~U[2025-12-10 20:25:22.183811Z], ~U[2025-09-11 20:25:22.183811Z], ~U[2025-09-11 20:25:22.183834Z], ~U[2025-09-11 20:25:22.183834Z]]
14:25:22.183 [debug] Cached validation stored
14:25:22.184 [debug] QUERY OK source="cached_validations" db=0.0ms
INSERT INTO "cached_validations" ("reason","cache_key","repository","confidence","forge_account_id","locations","vulnerability_type","file_hashes","is_false_positive","ttl_expires_at","cached_at","inserted_at","updated_at") VALUES ($1,$2,$3,$4,$5,$6,$7,$8,$9,$10,$11,$12,$13) ON CONFLICT ("cache_key") DO UPDATE SET "updated_at" = EXCLUDED."updated_at","inserted_at" = EXCLUDED."inserted_at","forge_account_id" = EXCLUDED."forge_account_id","invalidation_reason" = EXCLUDED."invalidation_reason","invalidated_at" = EXCLUDED."invalidated_at","ttl_expires_at" = EXCLUDED."ttl_expires_at","cached_at" = EXCLUDED."cached_at","full_result" = EXCLUDED."full_result","reason" = EXCLUDED."reason","confidence" = EXCLUDED."confidence","is_false_positive" = EXCLUDED."is_false_positive","file_hashes" = EXCLUDED."file_hashes","locations" = EXCLUDED."locations","vulnerability_type" = EXCLUDED."vulnerability_type","repository" = EXCLUDED."repository","cache_key" = EXCLUDED."cache_key" RETURNING "id","updated_at","inserted_at","forge_account_id","invalidation_reason","invalidated_at","ttl_expires_at","cached_at","full_result","reason","confidence","is_false_positive","file_hashes","locations","vulnerability_type","repository","cache_key" ["Performance test entry 91", "56659/RSOLV-dev/perf-test/[path/to/file91.js:910]:eval", "RSOLV-dev/perf-test", Decimal.new("0.9099999999999999"), 56659, [%{line: 910, file_path: "path/to/file91.js"}], "eval", %{"path/to/file91.js" => "sha256:content91"}, false, ~U[2025-12-10 20:25:22.183955Z], ~U[2025-09-11 20:25:22.183955Z], ~U[2025-09-11 20:25:22.183979Z], ~U[2025-09-11 20:25:22.183979Z]]
14:25:22.184 [debug] Cached validation stored
14:25:22.184 [debug] QUERY OK source="cached_validations" db=0.0ms
INSERT INTO "cached_validations" ("reason","cache_key","repository","confidence","forge_account_id","locations","vulnerability_type","file_hashes","is_false_positive","ttl_expires_at","cached_at","inserted_at","updated_at") VALUES ($1,$2,$3,$4,$5,$6,$7,$8,$9,$10,$11,$12,$13) ON CONFLICT ("cache_key") DO UPDATE SET "updated_at" = EXCLUDED."updated_at","inserted_at" = EXCLUDED."inserted_at","forge_account_id" = EXCLUDED."forge_account_id","invalidation_reason" = EXCLUDED."invalidation_reason","invalidated_at" = EXCLUDED."invalidated_at","ttl_expires_at" = EXCLUDED."ttl_expires_at","cached_at" = EXCLUDED."cached_at","full_result" = EXCLUDED."full_result","reason" = EXCLUDED."reason","confidence" = EXCLUDED."confidence","is_false_positive" = EXCLUDED."is_false_positive","file_hashes" = EXCLUDED."file_hashes","locations" = EXCLUDED."locations","vulnerability_type" = EXCLUDED."vulnerability_type","repository" = EXCLUDED."repository","cache_key" = EXCLUDED."cache_key" RETURNING "id","updated_at","inserted_at","forge_account_id","invalidation_reason","invalidated_at","ttl_expires_at","cached_at","full_result","reason","confidence","is_false_positive","file_hashes","locations","vulnerability_type","repository","cache_key" ["Performance test entry 92", "56659/RSOLV-dev/perf-test/[path/to/file92.js:920]:sql-injection", "RSOLV-dev/perf-test", Decimal.new("0.9199999999999999"), 56659, [%{line: 920, file_path: "path/to/file92.js"}], "sql-injection", %{"path/to/file92.js" => "sha256:content92"}, true, ~U[2025-12-10 20:25:22.184096Z], ~U[2025-09-11 20:25:22.184096Z], ~U[2025-09-11 20:25:22.184122Z], ~U[2025-09-11 20:25:22.184122Z]]
14:25:22.184 [debug] Cached validation stored
14:25:22.184 [debug] QUERY OK source="cached_validations" db=0.0ms
INSERT INTO "cached_validations" ("reason","cache_key","repository","confidence","forge_account_id","locations","vulnerability_type","file_hashes","is_false_positive","ttl_expires_at","cached_at","inserted_at","updated_at") VALUES ($1,$2,$3,$4,$5,$6,$7,$8,$9,$10,$11,$12,$13) ON CONFLICT ("cache_key") DO UPDATE SET "updated_at" = EXCLUDED."updated_at","inserted_at" = EXCLUDED."inserted_at","forge_account_id" = EXCLUDED."forge_account_id","invalidation_reason" = EXCLUDED."invalidation_reason","invalidated_at" = EXCLUDED."invalidated_at","ttl_expires_at" = EXCLUDED."ttl_expires_at","cached_at" = EXCLUDED."cached_at","full_result" = EXCLUDED."full_result","reason" = EXCLUDED."reason","confidence" = EXCLUDED."confidence","is_false_positive" = EXCLUDED."is_false_positive","file_hashes" = EXCLUDED."file_hashes","locations" = EXCLUDED."locations","vulnerability_type" = EXCLUDED."vulnerability_type","repository" = EXCLUDED."repository","cache_key" = EXCLUDED."cache_key" RETURNING "id","updated_at","inserted_at","forge_account_id","invalidation_reason","invalidated_at","ttl_expires_at","cached_at","full_result","reason","confidence","is_false_positive","file_hashes","locations","vulnerability_type","repository","cache_key" ["Performance test entry 93", "56659/RSOLV-dev/perf-test/[path/to/file93.js:930]:xss", "RSOLV-dev/perf-test", Decimal.new("0.9299999999999999"), 56659, [%{line: 930, file_path: "path/to/file93.js"}], "xss", %{"path/to/file93.js" => "sha256:content93"}, false, ~U[2025-12-10 20:25:22.184241Z], ~U[2025-09-11 20:25:22.184241Z], ~U[2025-09-11 20:25:22.184266Z], ~U[2025-09-11 20:25:22.184266Z]]
14:25:22.184 [debug] Cached validation stored
14:25:22.184 [debug] QUERY OK source="cached_validations" db=0.0ms
INSERT INTO "cached_validations" ("reason","cache_key","repository","confidence","forge_account_id","locations","vulnerability_type","file_hashes","is_false_positive","ttl_expires_at","cached_at","inserted_at","updated_at") VALUES ($1,$2,$3,$4,$5,$6,$7,$8,$9,$10,$11,$12,$13) ON CONFLICT ("cache_key") DO UPDATE SET "updated_at" = EXCLUDED."updated_at","inserted_at" = EXCLUDED."inserted_at","forge_account_id" = EXCLUDED."forge_account_id","invalidation_reason" = EXCLUDED."invalidation_reason","invalidated_at" = EXCLUDED."invalidated_at","ttl_expires_at" = EXCLUDED."ttl_expires_at","cached_at" = EXCLUDED."cached_at","full_result" = EXCLUDED."full_result","reason" = EXCLUDED."reason","confidence" = EXCLUDED."confidence","is_false_positive" = EXCLUDED."is_false_positive","file_hashes" = EXCLUDED."file_hashes","locations" = EXCLUDED."locations","vulnerability_type" = EXCLUDED."vulnerability_type","repository" = EXCLUDED."repository","cache_key" = EXCLUDED."cache_key" RETURNING "id","updated_at","inserted_at","forge_account_id","invalidation_reason","invalidated_at","ttl_expires_at","cached_at","full_result","reason","confidence","is_false_positive","file_hashes","locations","vulnerability_type","repository","cache_key" ["Performance test entry 94", "56659/RSOLV-dev/perf-test/[path/to/file94.js:940]:sql-injection", "RSOLV-dev/perf-test", Decimal.new("0.94"), 56659, [%{line: 940, file_path: "path/to/file94.js"}], "sql-injection", %{"path/to/file94.js" => "sha256:content94"}, true, ~U[2025-12-10 20:25:22.184395Z], ~U[2025-09-11 20:25:22.184395Z], ~U[2025-09-11 20:25:22.184418Z], ~U[2025-09-11 20:25:22.184418Z]]
14:25:22.184 [debug] Cached validation stored
14:25:22.184 [debug] QUERY OK source="cached_validations" db=0.0ms
INSERT INTO "cached_validations" ("reason","cache_key","repository","confidence","forge_account_id","locations","vulnerability_type","file_hashes","is_false_positive","ttl_expires_at","cached_at","inserted_at","updated_at") VALUES ($1,$2,$3,$4,$5,$6,$7,$8,$9,$10,$11,$12,$13) ON CONFLICT ("cache_key") DO UPDATE SET "updated_at" = EXCLUDED."updated_at","inserted_at" = EXCLUDED."inserted_at","forge_account_id" = EXCLUDED."forge_account_id","invalidation_reason" = EXCLUDED."invalidation_reason","invalidated_at" = EXCLUDED."invalidated_at","ttl_expires_at" = EXCLUDED."ttl_expires_at","cached_at" = EXCLUDED."cached_at","full_result" = EXCLUDED."full_result","reason" = EXCLUDED."reason","confidence" = EXCLUDED."confidence","is_false_positive" = EXCLUDED."is_false_positive","file_hashes" = EXCLUDED."file_hashes","locations" = EXCLUDED."locations","vulnerability_type" = EXCLUDED."vulnerability_type","repository" = EXCLUDED."repository","cache_key" = EXCLUDED."cache_key" RETURNING "id","updated_at","inserted_at","forge_account_id","invalidation_reason","invalidated_at","ttl_expires_at","cached_at","full_result","reason","confidence","is_false_positive","file_hashes","locations","vulnerability_type","repository","cache_key" ["Performance test entry 95", "56659/RSOLV-dev/perf-test/[path/to/file95.js:950]:eval", "RSOLV-dev/perf-test", Decimal.new("0.95"), 56659, [%{line: 950, file_path: "path/to/file95.js"}], "eval", %{"path/to/file95.js" => "sha256:content95"}, false, ~U[2025-12-10 20:25:22.184545Z], ~U[2025-09-11 20:25:22.184545Z], ~U[2025-09-11 20:25:22.184568Z], ~U[2025-09-11 20:25:22.184568Z]]
14:25:22.184 [debug] Cached validation stored
14:25:22.184 [debug] QUERY OK source="cached_validations" db=0.0ms
INSERT INTO "cached_validations" ("reason","cache_key","repository","confidence","forge_account_id","locations","vulnerability_type","file_hashes","is_false_positive","ttl_expires_at","cached_at","inserted_at","updated_at") VALUES ($1,$2,$3,$4,$5,$6,$7,$8,$9,$10,$11,$12,$13) ON CONFLICT ("cache_key") DO UPDATE SET "updated_at" = EXCLUDED."updated_at","inserted_at" = EXCLUDED."inserted_at","forge_account_id" = EXCLUDED."forge_account_id","invalidation_reason" = EXCLUDED."invalidation_reason","invalidated_at" = EXCLUDED."invalidated_at","ttl_expires_at" = EXCLUDED."ttl_expires_at","cached_at" = EXCLUDED."cached_at","full_result" = EXCLUDED."full_result","reason" = EXCLUDED."reason","confidence" = EXCLUDED."confidence","is_false_positive" = EXCLUDED."is_false_positive","file_hashes" = EXCLUDED."file_hashes","locations" = EXCLUDED."locations","vulnerability_type" = EXCLUDED."vulnerability_type","repository" = EXCLUDED."repository","cache_key" = EXCLUDED."cache_key" RETURNING "id","updated_at","inserted_at","forge_account_id","invalidation_reason","invalidated_at","ttl_expires_at","cached_at","full_result","reason","confidence","is_false_positive","file_hashes","locations","vulnerability_type","repository","cache_key" ["Performance test entry 96", "56659/RSOLV-dev/perf-test/[path/to/file96.js:960]:xss", "RSOLV-dev/perf-test", Decimal.new("0.96"), 56659, [%{line: 960, file_path: "path/to/file96.js"}], "xss", %{"path/to/file96.js" => "sha256:content96"}, true, ~U[2025-12-10 20:25:22.184689Z], ~U[2025-09-11 20:25:22.184689Z], ~U[2025-09-11 20:25:22.184710Z], ~U[2025-09-11 20:25:22.184710Z]]
14:25:22.184 [debug] Cached validation stored
14:25:22.184 [debug] QUERY OK source="cached_validations" db=0.0ms
INSERT INTO "cached_validations" ("reason","cache_key","repository","confidence","forge_account_id","locations","vulnerability_type","file_hashes","is_false_positive","ttl_expires_at","cached_at","inserted_at","updated_at") VALUES ($1,$2,$3,$4,$5,$6,$7,$8,$9,$10,$11,$12,$13) ON CONFLICT ("cache_key") DO UPDATE SET "updated_at" = EXCLUDED."updated_at","inserted_at" = EXCLUDED."inserted_at","forge_account_id" = EXCLUDED."forge_account_id","invalidation_reason" = EXCLUDED."invalidation_reason","invalidated_at" = EXCLUDED."invalidated_at","ttl_expires_at" = EXCLUDED."ttl_expires_at","cached_at" = EXCLUDED."cached_at","full_result" = EXCLUDED."full_result","reason" = EXCLUDED."reason","confidence" = EXCLUDED."confidence","is_false_positive" = EXCLUDED."is_false_positive","file_hashes" = EXCLUDED."file_hashes","locations" = EXCLUDED."locations","vulnerability_type" = EXCLUDED."vulnerability_type","repository" = EXCLUDED."repository","cache_key" = EXCLUDED."cache_key" RETURNING "id","updated_at","inserted_at","forge_account_id","invalidation_reason","invalidated_at","ttl_expires_at","cached_at","full_result","reason","confidence","is_false_positive","file_hashes","locations","vulnerability_type","repository","cache_key" ["Performance test entry 97", "56659/RSOLV-dev/perf-test/[path/to/file97.js:970]:eval", "RSOLV-dev/perf-test", Decimal.new("0.97"), 56659, [%{line: 970, file_path: "path/to/file97.js"}], "eval", %{"path/to/file97.js" => "sha256:content97"}, false, ~U[2025-12-10 20:25:22.184854Z], ~U[2025-09-11 20:25:22.184854Z], ~U[2025-09-11 20:25:22.184875Z], ~U[2025-09-11 20:25:22.184875Z]]
14:25:22.184 [debug] Cached validation stored
14:25:22.185 [debug] QUERY OK source="cached_validations" db=0.0ms
INSERT INTO "cached_validations" ("reason","cache_key","repository","confidence","forge_account_id","locations","vulnerability_type","file_hashes","is_false_positive","ttl_expires_at","cached_at","inserted_at","updated_at") VALUES ($1,$2,$3,$4,$5,$6,$7,$8,$9,$10,$11,$12,$13) ON CONFLICT ("cache_key") DO UPDATE SET "updated_at" = EXCLUDED."updated_at","inserted_at" = EXCLUDED."inserted_at","forge_account_id" = EXCLUDED."forge_account_id","invalidation_reason" = EXCLUDED."invalidation_reason","invalidated_at" = EXCLUDED."invalidated_at","ttl_expires_at" = EXCLUDED."ttl_expires_at","cached_at" = EXCLUDED."cached_at","full_result" = EXCLUDED."full_result","reason" = EXCLUDED."reason","confidence" = EXCLUDED."confidence","is_false_positive" = EXCLUDED."is_false_positive","file_hashes" = EXCLUDED."file_hashes","locations" = EXCLUDED."locations","vulnerability_type" = EXCLUDED."vulnerability_type","repository" = EXCLUDED."repository","cache_key" = EXCLUDED."cache_key" RETURNING "id","updated_at","inserted_at","forge_account_id","invalidation_reason","invalidated_at","ttl_expires_at","cached_at","full_result","reason","confidence","is_false_positive","file_hashes","locations","vulnerability_type","repository","cache_key" ["Performance test entry 98", "56659/RSOLV-dev/perf-test/[path/to/file98.js:980]:sql-injection", "RSOLV-dev/perf-test", Decimal.new("0.98"), 56659, [%{line: 980, file_path: "path/to/file98.js"}], "sql-injection", %{"path/to/file98.js" => "sha256:content98"}, true, ~U[2025-12-10 20:25:22.184991Z], ~U[2025-09-11 20:25:22.184991Z], ~U[2025-09-11 20:25:22.185018Z], ~U[2025-09-11 20:25:22.185018Z]]
14:25:22.185 [debug] Cached validation stored
14:25:22.185 [debug] QUERY OK source="cached_validations" db=0.0ms
INSERT INTO "cached_validations" ("reason","cache_key","repository","confidence","forge_account_id","locations","vulnerability_type","file_hashes","is_false_positive","ttl_expires_at","cached_at","inserted_at","updated_at") VALUES ($1,$2,$3,$4,$5,$6,$7,$8,$9,$10,$11,$12,$13) ON CONFLICT ("cache_key") DO UPDATE SET "updated_at" = EXCLUDED."updated_at","inserted_at" = EXCLUDED."inserted_at","forge_account_id" = EXCLUDED."forge_account_id","invalidation_reason" = EXCLUDED."invalidation_reason","invalidated_at" = EXCLUDED."invalidated_at","ttl_expires_at" = EXCLUDED."ttl_expires_at","cached_at" = EXCLUDED."cached_at","full_result" = EXCLUDED."full_result","reason" = EXCLUDED."reason","confidence" = EXCLUDED."confidence","is_false_positive" = EXCLUDED."is_false_positive","file_hashes" = EXCLUDED."file_hashes","locations" = EXCLUDED."locations","vulnerability_type" = EXCLUDED."vulnerability_type","repository" = EXCLUDED."repository","cache_key" = EXCLUDED."cache_key" RETURNING "id","updated_at","inserted_at","forge_account_id","invalidation_reason","invalidated_at","ttl_expires_at","cached_at","full_result","reason","confidence","is_false_positive","file_hashes","locations","vulnerability_type","repository","cache_key" ["Performance test entry 99", "56659/RSOLV-dev/perf-test/[path/to/file99.js:990]:xss", "RSOLV-dev/perf-test", Decimal.new("0.99"), 56659, [%{line: 990, file_path: "path/to/file99.js"}], "xss", %{"path/to/file99.js" => "sha256:content99"}, false, ~U[2025-12-10 20:25:22.185154Z], ~U[2025-09-11 20:25:22.185154Z], ~U[2025-09-11 20:25:22.185176Z], ~U[2025-09-11 20:25:22.185176Z]]
14:25:22.185 [debug] Cached validation stored
14:25:22.185 [debug] QUERY OK source="cached_validations" db=0.0ms
INSERT INTO "cached_validations" ("reason","cache_key","repository","confidence","forge_account_id","locations","vulnerability_type","file_hashes","is_false_positive","ttl_expires_at","cached_at","inserted_at","updated_at") VALUES ($1,$2,$3,$4,$5,$6,$7,$8,$9,$10,$11,$12,$13) ON CONFLICT ("cache_key") DO UPDATE SET "updated_at" = EXCLUDED."updated_at","inserted_at" = EXCLUDED."inserted_at","forge_account_id" = EXCLUDED."forge_account_id","invalidation_reason" = EXCLUDED."invalidation_reason","invalidated_at" = EXCLUDED."invalidated_at","ttl_expires_at" = EXCLUDED."ttl_expires_at","cached_at" = EXCLUDED."cached_at","full_result" = EXCLUDED."full_result","reason" = EXCLUDED."reason","confidence" = EXCLUDED."confidence","is_false_positive" = EXCLUDED."is_false_positive","file_hashes" = EXCLUDED."file_hashes","locations" = EXCLUDED."locations","vulnerability_type" = EXCLUDED."vulnerability_type","repository" = EXCLUDED."repository","cache_key" = EXCLUDED."cache_key" RETURNING "id","updated_at","inserted_at","forge_account_id","invalidation_reason","invalidated_at","ttl_expires_at","cached_at","full_result","reason","confidence","is_false_positive","file_hashes","locations","vulnerability_type","repository","cache_key" ["Performance test entry 100", "56659/RSOLV-dev/perf-test/[path/to/file100.js:1000]:sql-injection", "RSOLV-dev/perf-test", Decimal.new("0.5"), 56659, [%{line: 1000, file_path: "path/to/file100.js"}], "sql-injection", %{"path/to/file100.js" => "sha256:content100"}, true, ~U[2025-12-10 20:25:22.185298Z], ~U[2025-09-11 20:25:22.185298Z], ~U[2025-09-11 20:25:22.185323Z], ~U[2025-09-11 20:25:22.185323Z]]
14:25:22.185 [debug] Cached validation stored
14:25:22.185 [debug] QUERY OK source="cached_validations" db=0.0ms
INSERT INTO "cached_validations" ("reason","cache_key","repository","confidence","forge_account_id","locations","vulnerability_type","file_hashes","is_false_positive","ttl_expires_at","cached_at","inserted_at","updated_at") VALUES ($1,$2,$3,$4,$5,$6,$7,$8,$9,$10,$11,$12,$13) ON CONFLICT ("cache_key") DO UPDATE SET "updated_at" = EXCLUDED."updated_at","inserted_at" = EXCLUDED."inserted_at","forge_account_id" = EXCLUDED."forge_account_id","invalidation_reason" = EXCLUDED."invalidation_reason","invalidated_at" = EXCLUDED."invalidated_at","ttl_expires_at" = EXCLUDED."ttl_expires_at","cached_at" = EXCLUDED."cached_at","full_result" = EXCLUDED."full_result","reason" = EXCLUDED."reason","confidence" = EXCLUDED."confidence","is_false_positive" = EXCLUDED."is_false_positive","file_hashes" = EXCLUDED."file_hashes","locations" = EXCLUDED."locations","vulnerability_type" = EXCLUDED."vulnerability_type","repository" = EXCLUDED."repository","cache_key" = EXCLUDED."cache_key" RETURNING "id","updated_at","inserted_at","forge_account_id","invalidation_reason","invalidated_at","ttl_expires_at","cached_at","full_result","reason","confidence","is_false_positive","file_hashes","locations","vulnerability_type","repository","cache_key" ["Performance test entry 101", "56659/RSOLV-dev/perf-test/[path/to/file101.js:1010]:eval", "RSOLV-dev/perf-test", Decimal.new("0.51"), 56659, [%{line: 1010, file_path: "path/to/file101.js"}], "eval", %{"path/to/file101.js" => "sha256:content101"}, false, ~U[2025-12-10 20:25:22.185446Z], ~U[2025-09-11 20:25:22.185446Z], ~U[2025-09-11 20:25:22.185467Z], ~U[2025-09-11 20:25:22.185467Z]]
14:25:22.185 [debug] Cached validation stored
14:25:22.185 [debug] QUERY OK source="cached_validations" db=0.0ms
INSERT INTO "cached_validations" ("reason","cache_key","repository","confidence","forge_account_id","locations","vulnerability_type","file_hashes","is_false_positive","ttl_expires_at","cached_at","inserted_at","updated_at") VALUES ($1,$2,$3,$4,$5,$6,$7,$8,$9,$10,$11,$12,$13) ON CONFLICT ("cache_key") DO UPDATE SET "updated_at" = EXCLUDED."updated_at","inserted_at" = EXCLUDED."inserted_at","forge_account_id" = EXCLUDED."forge_account_id","invalidation_reason" = EXCLUDED."invalidation_reason","invalidated_at" = EXCLUDED."invalidated_at","ttl_expires_at" = EXCLUDED."ttl_expires_at","cached_at" = EXCLUDED."cached_at","full_result" = EXCLUDED."full_result","reason" = EXCLUDED."reason","confidence" = EXCLUDED."confidence","is_false_positive" = EXCLUDED."is_false_positive","file_hashes" = EXCLUDED."file_hashes","locations" = EXCLUDED."locations","vulnerability_type" = EXCLUDED."vulnerability_type","repository" = EXCLUDED."repository","cache_key" = EXCLUDED."cache_key" RETURNING "id","updated_at","inserted_at","forge_account_id","invalidation_reason","invalidated_at","ttl_expires_at","cached_at","full_result","reason","confidence","is_false_positive","file_hashes","locations","vulnerability_type","repository","cache_key" ["Performance test entry 102", "56659/RSOLV-dev/perf-test/[path/to/file102.js:1020]:xss", "RSOLV-dev/perf-test", Decimal.new("0.52"), 56659, [%{line: 1020, file_path: "path/to/file102.js"}], "xss", %{"path/to/file102.js" => "sha256:content102"}, true, ~U[2025-12-10 20:25:22.185595Z], ~U[2025-09-11 20:25:22.185595Z], ~U[2025-09-11 20:25:22.185621Z], ~U[2025-09-11 20:25:22.185621Z]]
14:25:22.185 [debug] Cached validation stored
14:25:22.185 [debug] QUERY OK source="cached_validations" db=0.0ms
INSERT INTO "cached_validations" ("reason","cache_key","repository","confidence","forge_account_id","locations","vulnerability_type","file_hashes","is_false_positive","ttl_expires_at","cached_at","inserted_at","updated_at") VALUES ($1,$2,$3,$4,$5,$6,$7,$8,$9,$10,$11,$12,$13) ON CONFLICT ("cache_key") DO UPDATE SET "updated_at" = EXCLUDED."updated_at","inserted_at" = EXCLUDED."inserted_at","forge_account_id" = EXCLUDED."forge_account_id","invalidation_reason" = EXCLUDED."invalidation_reason","invalidated_at" = EXCLUDED."invalidated_at","ttl_expires_at" = EXCLUDED."ttl_expires_at","cached_at" = EXCLUDED."cached_at","full_result" = EXCLUDED."full_result","reason" = EXCLUDED."reason","confidence" = EXCLUDED."confidence","is_false_positive" = EXCLUDED."is_false_positive","file_hashes" = EXCLUDED."file_hashes","locations" = EXCLUDED."locations","vulnerability_type" = EXCLUDED."vulnerability_type","repository" = EXCLUDED."repository","cache_key" = EXCLUDED."cache_key" RETURNING "id","updated_at","inserted_at","forge_account_id","invalidation_reason","invalidated_at","ttl_expires_at","cached_at","full_result","reason","confidence","is_false_positive","file_hashes","locations","vulnerability_type","repository","cache_key" ["Performance test entry 103", "56659/RSOLV-dev/perf-test/[path/to/file103.js:1030]:eval", "RSOLV-dev/perf-test", Decimal.new("0.53"), 56659, [%{line: 1030, file_path: "path/to/file103.js"}], "eval", %{"path/to/file103.js" => "sha256:content103"}, false, ~U[2025-12-10 20:25:22.185767Z], ~U[2025-09-11 20:25:22.185767Z], ~U[2025-09-11 20:25:22.185797Z], ~U[2025-09-11 20:25:22.185797Z]]
14:25:22.185 [debug] Cached validation stored
14:25:22.186 [debug] QUERY OK source="cached_validations" db=0.0ms
INSERT INTO "cached_validations" ("reason","cache_key","repository","confidence","forge_account_id","locations","vulnerability_type","file_hashes","is_false_positive","ttl_expires_at","cached_at","inserted_at","updated_at") VALUES ($1,$2,$3,$4,$5,$6,$7,$8,$9,$10,$11,$12,$13) ON CONFLICT ("cache_key") DO UPDATE SET "updated_at" = EXCLUDED."updated_at","inserted_at" = EXCLUDED."inserted_at","forge_account_id" = EXCLUDED."forge_account_id","invalidation_reason" = EXCLUDED."invalidation_reason","invalidated_at" = EXCLUDED."invalidated_at","ttl_expires_at" = EXCLUDED."ttl_expires_at","cached_at" = EXCLUDED."cached_at","full_result" = EXCLUDED."full_result","reason" = EXCLUDED."reason","confidence" = EXCLUDED."confidence","is_false_positive" = EXCLUDED."is_false_positive","file_hashes" = EXCLUDED."file_hashes","locations" = EXCLUDED."locations","vulnerability_type" = EXCLUDED."vulnerability_type","repository" = EXCLUDED."repository","cache_key" = EXCLUDED."cache_key" RETURNING "id","updated_at","inserted_at","forge_account_id","invalidation_reason","invalidated_at","ttl_expires_at","cached_at","full_result","reason","confidence","is_false_positive","file_hashes","locations","vulnerability_type","repository","cache_key" ["Performance test entry 104", "56659/RSOLV-dev/perf-test/[path/to/file104.js:1040]:sql-injection", "RSOLV-dev/perf-test", Decimal.new("0.54"), 56659, [%{line: 1040, file_path: "path/to/file104.js"}], "sql-injection", %{"path/to/file104.js" => "sha256:content104"}, true, ~U[2025-12-10 20:25:22.185922Z], ~U[2025-09-11 20:25:22.185922Z], ~U[2025-09-11 20:25:22.185949Z], ~U[2025-09-11 20:25:22.185949Z]]
14:25:22.186 [debug] Cached validation stored
14:25:22.186 [debug] QUERY OK source="cached_validations" db=0.0ms
INSERT INTO "cached_validations" ("reason","cache_key","repository","confidence","forge_account_id","locations","vulnerability_type","file_hashes","is_false_positive","ttl_expires_at","cached_at","inserted_at","updated_at") VALUES ($1,$2,$3,$4,$5,$6,$7,$8,$9,$10,$11,$12,$13) ON CONFLICT ("cache_key") DO UPDATE SET "updated_at" = EXCLUDED."updated_at","inserted_at" = EXCLUDED."inserted_at","forge_account_id" = EXCLUDED."forge_account_id","invalidation_reason" = EXCLUDED."invalidation_reason","invalidated_at" = EXCLUDED."invalidated_at","ttl_expires_at" = EXCLUDED."ttl_expires_at","cached_at" = EXCLUDED."cached_at","full_result" = EXCLUDED."full_result","reason" = EXCLUDED."reason","confidence" = EXCLUDED."confidence","is_false_positive" = EXCLUDED."is_false_positive","file_hashes" = EXCLUDED."file_hashes","locations" = EXCLUDED."locations","vulnerability_type" = EXCLUDED."vulnerability_type","repository" = EXCLUDED."repository","cache_key" = EXCLUDED."cache_key" RETURNING "id","updated_at","inserted_at","forge_account_id","invalidation_reason","invalidated_at","ttl_expires_at","cached_at","full_result","reason","confidence","is_false_positive","file_hashes","locations","vulnerability_type","repository","cache_key" ["Performance test entry 105", "56659/RSOLV-dev/perf-test/[path/to/file105.js:1050]:xss", "RSOLV-dev/perf-test", Decimal.new("0.55"), 56659, [%{line: 1050, file_path: "path/to/file105.js"}], "xss", %{"path/to/file105.js" => "sha256:content105"}, false, ~U[2025-12-10 20:25:22.186071Z], ~U[2025-09-11 20:25:22.186071Z], ~U[2025-09-11 20:25:22.186098Z], ~U[2025-09-11 20:25:22.186098Z]]
14:25:22.186 [debug] Cached validation stored
14:25:22.186 [debug] QUERY OK source="cached_validations" db=0.0ms
INSERT INTO "cached_validations" ("reason","cache_key","repository","confidence","forge_account_id","locations","vulnerability_type","file_hashes","is_false_positive","ttl_expires_at","cached_at","inserted_at","updated_at") VALUES ($1,$2,$3,$4,$5,$6,$7,$8,$9,$10,$11,$12,$13) ON CONFLICT ("cache_key") DO UPDATE SET "updated_at" = EXCLUDED."updated_at","inserted_at" = EXCLUDED."inserted_at","forge_account_id" = EXCLUDED."forge_account_id","invalidation_reason" = EXCLUDED."invalidation_reason","invalidated_at" = EXCLUDED."invalidated_at","ttl_expires_at" = EXCLUDED."ttl_expires_at","cached_at" = EXCLUDED."cached_at","full_result" = EXCLUDED."full_result","reason" = EXCLUDED."reason","confidence" = EXCLUDED."confidence","is_false_positive" = EXCLUDED."is_false_positive","file_hashes" = EXCLUDED."file_hashes","locations" = EXCLUDED."locations","vulnerability_type" = EXCLUDED."vulnerability_type","repository" = EXCLUDED."repository","cache_key" = EXCLUDED."cache_key" RETURNING "id","updated_at","inserted_at","forge_account_id","invalidation_reason","invalidated_at","ttl_expires_at","cached_at","full_result","reason","confidence","is_false_positive","file_hashes","locations","vulnerability_type","repository","cache_key" ["Performance test entry 106", "56659/RSOLV-dev/perf-test/[path/to/file106.js:1060]:sql-injection", "RSOLV-dev/perf-test", Decimal.new("0.56"), 56659, [%{line: 1060, file_path: "path/to/file106.js"}], "sql-injection", %{"path/to/file106.js" => "sha256:content106"}, true, ~U[2025-12-10 20:25:22.186218Z], ~U[2025-09-11 20:25:22.186218Z], ~U[2025-09-11 20:25:22.186239Z], ~U[2025-09-11 20:25:22.186239Z]]
14:25:22.186 [debug] Cached validation stored
14:25:22.186 [debug] QUERY OK source="cached_validations" db=0.0ms
INSERT INTO "cached_validations" ("reason","cache_key","repository","confidence","forge_account_id","locations","vulnerability_type","file_hashes","is_false_positive","ttl_expires_at","cached_at","inserted_at","updated_at") VALUES ($1,$2,$3,$4,$5,$6,$7,$8,$9,$10,$11,$12,$13) ON CONFLICT ("cache_key") DO UPDATE SET "updated_at" = EXCLUDED."updated_at","inserted_at" = EXCLUDED."inserted_at","forge_account_id" = EXCLUDED."forge_account_id","invalidation_reason" = EXCLUDED."invalidation_reason","invalidated_at" = EXCLUDED."invalidated_at","ttl_expires_at" = EXCLUDED."ttl_expires_at","cached_at" = EXCLUDED."cached_at","full_result" = EXCLUDED."full_result","reason" = EXCLUDED."reason","confidence" = EXCLUDED."confidence","is_false_positive" = EXCLUDED."is_false_positive","file_hashes" = EXCLUDED."file_hashes","locations" = EXCLUDED."locations","vulnerability_type" = EXCLUDED."vulnerability_type","repository" = EXCLUDED."repository","cache_key" = EXCLUDED."cache_key" RETURNING "id","updated_at","inserted_at","forge_account_id","invalidation_reason","invalidated_at","ttl_expires_at","cached_at","full_result","reason","confidence","is_false_positive","file_hashes","locations","vulnerability_type","repository","cache_key" ["Performance test entry 107", "56659/RSOLV-dev/perf-test/[path/to/file107.js:1070]:eval", "RSOLV-dev/perf-test", Decimal.new("0.5700000000000001"), 56659, [%{line: 1070, file_path: "path/to/file107.js"}], "eval", %{"path/to/file107.js" => "sha256:content107"}, false, ~U[2025-12-10 20:25:22.186359Z], ~U[2025-09-11 20:25:22.186359Z], ~U[2025-09-11 20:25:22.186387Z], ~U[2025-09-11 20:25:22.186387Z]]
14:25:22.186 [debug] Cached validation stored
14:25:22.186 [debug] QUERY OK source="cached_validations" db=0.0ms
INSERT INTO "cached_validations" ("reason","cache_key","repository","confidence","forge_account_id","locations","vulnerability_type","file_hashes","is_false_positive","ttl_expires_at","cached_at","inserted_at","updated_at") VALUES ($1,$2,$3,$4,$5,$6,$7,$8,$9,$10,$11,$12,$13) ON CONFLICT ("cache_key") DO UPDATE SET "updated_at" = EXCLUDED."updated_at","inserted_at" = EXCLUDED."inserted_at","forge_account_id" = EXCLUDED."forge_account_id","invalidation_reason" = EXCLUDED."invalidation_reason","invalidated_at" = EXCLUDED."invalidated_at","ttl_expires_at" = EXCLUDED."ttl_expires_at","cached_at" = EXCLUDED."cached_at","full_result" = EXCLUDED."full_result","reason" = EXCLUDED."reason","confidence" = EXCLUDED."confidence","is_false_positive" = EXCLUDED."is_false_positive","file_hashes" = EXCLUDED."file_hashes","locations" = EXCLUDED."locations","vulnerability_type" = EXCLUDED."vulnerability_type","repository" = EXCLUDED."repository","cache_key" = EXCLUDED."cache_key" RETURNING "id","updated_at","inserted_at","forge_account_id","invalidation_reason","invalidated_at","ttl_expires_at","cached_at","full_result","reason","confidence","is_false_positive","file_hashes","locations","vulnerability_type","repository","cache_key" ["Performance test entry 108", "56659/RSOLV-dev/perf-test/[path/to/file108.js:1080]:xss", "RSOLV-dev/perf-test", Decimal.new("0.58"), 56659, [%{line: 1080, file_path: "path/to/file108.js"}], "xss", %{"path/to/file108.js" => "sha256:content108"}, true, ~U[2025-12-10 20:25:22.186513Z], ~U[2025-09-11 20:25:22.186513Z], ~U[2025-09-11 20:25:22.186534Z], ~U[2025-09-11 20:25:22.186534Z]]
14:25:22.186 [debug] Cached validation stored
14:25:22.186 [debug] QUERY OK source="cached_validations" db=0.0ms
INSERT INTO "cached_validations" ("reason","cache_key","repository","confidence","forge_account_id","locations","vulnerability_type","file_hashes","is_false_positive","ttl_expires_at","cached_at","inserted_at","updated_at") VALUES ($1,$2,$3,$4,$5,$6,$7,$8,$9,$10,$11,$12,$13) ON CONFLICT ("cache_key") DO UPDATE SET "updated_at" = EXCLUDED."updated_at","inserted_at" = EXCLUDED."inserted_at","forge_account_id" = EXCLUDED."forge_account_id","invalidation_reason" = EXCLUDED."invalidation_reason","invalidated_at" = EXCLUDED."invalidated_at","ttl_expires_at" = EXCLUDED."ttl_expires_at","cached_at" = EXCLUDED."cached_at","full_result" = EXCLUDED."full_result","reason" = EXCLUDED."reason","confidence" = EXCLUDED."confidence","is_false_positive" = EXCLUDED."is_false_positive","file_hashes" = EXCLUDED."file_hashes","locations" = EXCLUDED."locations","vulnerability_type" = EXCLUDED."vulnerability_type","repository" = EXCLUDED."repository","cache_key" = EXCLUDED."cache_key" RETURNING "id","updated_at","inserted_at","forge_account_id","invalidation_reason","invalidated_at","ttl_expires_at","cached_at","full_result","reason","confidence","is_false_positive","file_hashes","locations","vulnerability_type","repository","cache_key" ["Performance test entry 109", "56659/RSOLV-dev/perf-test/[path/to/file109.js:1090]:eval", "RSOLV-dev/perf-test", Decimal.new("0.59"), 56659, [%{line: 1090, file_path: "path/to/file109.js"}], "eval", %{"path/to/file109.js" => "sha256:content109"}, false, ~U[2025-12-10 20:25:22.186676Z], ~U[2025-09-11 20:25:22.186676Z], ~U[2025-09-11 20:25:22.186697Z], ~U[2025-09-11 20:25:22.186697Z]]
14:25:22.186 [debug] Cached validation stored
14:25:22.186 [debug] QUERY OK source="cached_validations" db=0.0ms
INSERT INTO "cached_validations" ("reason","cache_key","repository","confidence","forge_account_id","locations","vulnerability_type","file_hashes","is_false_positive","ttl_expires_at","cached_at","inserted_at","updated_at") VALUES ($1,$2,$3,$4,$5,$6,$7,$8,$9,$10,$11,$12,$13) ON CONFLICT ("cache_key") DO UPDATE SET "updated_at" = EXCLUDED."updated_at","inserted_at" = EXCLUDED."inserted_at","forge_account_id" = EXCLUDED."forge_account_id","invalidation_reason" = EXCLUDED."invalidation_reason","invalidated_at" = EXCLUDED."invalidated_at","ttl_expires_at" = EXCLUDED."ttl_expires_at","cached_at" = EXCLUDED."cached_at","full_result" = EXCLUDED."full_result","reason" = EXCLUDED."reason","confidence" = EXCLUDED."confidence","is_false_positive" = EXCLUDED."is_false_positive","file_hashes" = EXCLUDED."file_hashes","locations" = EXCLUDED."locations","vulnerability_type" = EXCLUDED."vulnerability_type","repository" = EXCLUDED."repository","cache_key" = EXCLUDED."cache_key" RETURNING "id","updated_at","inserted_at","forge_account_id","invalidation_reason","invalidated_at","ttl_expires_at","cached_at","full_result","reason","confidence","is_false_positive","file_hashes","locations","vulnerability_type","repository","cache_key" ["Performance test entry 110", "56659/RSOLV-dev/perf-test/[path/to/file110.js:1100]:sql-injection", "RSOLV-dev/perf-test", Decimal.new("0.6"), 56659, [%{line: 1100, file_path: "path/to/file110.js"}], "sql-injection", %{"path/to/file110.js" => "sha256:content110"}, true, ~U[2025-12-10 20:25:22.186822Z], ~U[2025-09-11 20:25:22.186822Z], ~U[2025-09-11 20:25:22.186849Z], ~U[2025-09-11 20:25:22.186849Z]]
14:25:22.186 [debug] Cached validation stored
14:25:22.187 [debug] QUERY OK source="cached_validations" db=0.0ms
INSERT INTO "cached_validations" ("reason","cache_key","repository","confidence","forge_account_id","locations","vulnerability_type","file_hashes","is_false_positive","ttl_expires_at","cached_at","inserted_at","updated_at") VALUES ($1,$2,$3,$4,$5,$6,$7,$8,$9,$10,$11,$12,$13) ON CONFLICT ("cache_key") DO UPDATE SET "updated_at" = EXCLUDED."updated_at","inserted_at" = EXCLUDED."inserted_at","forge_account_id" = EXCLUDED."forge_account_id","invalidation_reason" = EXCLUDED."invalidation_reason","invalidated_at" = EXCLUDED."invalidated_at","ttl_expires_at" = EXCLUDED."ttl_expires_at","cached_at" = EXCLUDED."cached_at","full_result" = EXCLUDED."full_result","reason" = EXCLUDED."reason","confidence" = EXCLUDED."confidence","is_false_positive" = EXCLUDED."is_false_positive","file_hashes" = EXCLUDED."file_hashes","locations" = EXCLUDED."locations","vulnerability_type" = EXCLUDED."vulnerability_type","repository" = EXCLUDED."repository","cache_key" = EXCLUDED."cache_key" RETURNING "id","updated_at","inserted_at","forge_account_id","invalidation_reason","invalidated_at","ttl_expires_at","cached_at","full_result","reason","confidence","is_false_positive","file_hashes","locations","vulnerability_type","repository","cache_key" ["Performance test entry 111", "56659/RSOLV-dev/perf-test/[path/to/file111.js:1110]:xss", "RSOLV-dev/perf-test", Decimal.new("0.61"), 56659, [%{line: 1110, file_path: "path/to/file111.js"}], "xss", %{"path/to/file111.js" => "sha256:content111"}, false, ~U[2025-12-10 20:25:22.186985Z], ~U[2025-09-11 20:25:22.186985Z], ~U[2025-09-11 20:25:22.187004Z], ~U[2025-09-11 20:25:22.187004Z]]
14:25:22.187 [debug] Cached validation stored
14:25:22.187 [debug] QUERY OK source="cached_validations" db=0.0ms
INSERT INTO "cached_validations" ("reason","cache_key","repository","confidence","forge_account_id","locations","vulnerability_type","file_hashes","is_false_positive","ttl_expires_at","cached_at","inserted_at","updated_at") VALUES ($1,$2,$3,$4,$5,$6,$7,$8,$9,$10,$11,$12,$13) ON CONFLICT ("cache_key") DO UPDATE SET "updated_at" = EXCLUDED."updated_at","inserted_at" = EXCLUDED."inserted_at","forge_account_id" = EXCLUDED."forge_account_id","invalidation_reason" = EXCLUDED."invalidation_reason","invalidated_at" = EXCLUDED."invalidated_at","ttl_expires_at" = EXCLUDED."ttl_expires_at","cached_at" = EXCLUDED."cached_at","full_result" = EXCLUDED."full_result","reason" = EXCLUDED."reason","confidence" = EXCLUDED."confidence","is_false_positive" = EXCLUDED."is_false_positive","file_hashes" = EXCLUDED."file_hashes","locations" = EXCLUDED."locations","vulnerability_type" = EXCLUDED."vulnerability_type","repository" = EXCLUDED."repository","cache_key" = EXCLUDED."cache_key" RETURNING "id","updated_at","inserted_at","forge_account_id","invalidation_reason","invalidated_at","ttl_expires_at","cached_at","full_result","reason","confidence","is_false_positive","file_hashes","locations","vulnerability_type","repository","cache_key" ["Performance test entry 112", "56659/RSOLV-dev/perf-test/[path/to/file112.js:1120]:sql-injection", "RSOLV-dev/perf-test", Decimal.new("0.62"), 56659, [%{line: 1120, file_path: "path/to/file112.js"}], "sql-injection", %{"path/to/file112.js" => "sha256:content112"}, true, ~U[2025-12-10 20:25:22.187123Z], ~U[2025-09-11 20:25:22.187123Z], ~U[2025-09-11 20:25:22.187145Z], ~U[2025-09-11 20:25:22.187145Z]]
14:25:22.187 [debug] Cached validation stored
14:25:22.187 [debug] QUERY OK source="cached_validations" db=0.0ms
INSERT INTO "cached_validations" ("reason","cache_key","repository","confidence","forge_account_id","locations","vulnerability_type","file_hashes","is_false_positive","ttl_expires_at","cached_at","inserted_at","updated_at") VALUES ($1,$2,$3,$4,$5,$6,$7,$8,$9,$10,$11,$12,$13) ON CONFLICT ("cache_key") DO UPDATE SET "updated_at" = EXCLUDED."updated_at","inserted_at" = EXCLUDED."inserted_at","forge_account_id" = EXCLUDED."forge_account_id","invalidation_reason" = EXCLUDED."invalidation_reason","invalidated_at" = EXCLUDED."invalidated_at","ttl_expires_at" = EXCLUDED."ttl_expires_at","cached_at" = EXCLUDED."cached_at","full_result" = EXCLUDED."full_result","reason" = EXCLUDED."reason","confidence" = EXCLUDED."confidence","is_false_positive" = EXCLUDED."is_false_positive","file_hashes" = EXCLUDED."file_hashes","locations" = EXCLUDED."locations","vulnerability_type" = EXCLUDED."vulnerability_type","repository" = EXCLUDED."repository","cache_key" = EXCLUDED."cache_key" RETURNING "id","updated_at","inserted_at","forge_account_id","invalidation_reason","invalidated_at","ttl_expires_at","cached_at","full_result","reason","confidence","is_false_positive","file_hashes","locations","vulnerability_type","repository","cache_key" ["Performance test entry 113", "56659/RSOLV-dev/perf-test/[path/to/file113.js:1130]:eval", "RSOLV-dev/perf-test", Decimal.new("0.63"), 56659, [%{line: 1130, file_path: "path/to/file113.js"}], "eval", %{"path/to/file113.js" => "sha256:content113"}, false, ~U[2025-12-10 20:25:22.187267Z], ~U[2025-09-11 20:25:22.187267Z], ~U[2025-09-11 20:25:22.187296Z], ~U[2025-09-11 20:25:22.187296Z]]
14:25:22.187 [debug] Cached validation stored
14:25:22.187 [debug] QUERY OK source="cached_validations" db=0.0ms
INSERT INTO "cached_validations" ("reason","cache_key","repository","confidence","forge_account_id","locations","vulnerability_type","file_hashes","is_false_positive","ttl_expires_at","cached_at","inserted_at","updated_at") VALUES ($1,$2,$3,$4,$5,$6,$7,$8,$9,$10,$11,$12,$13) ON CONFLICT ("cache_key") DO UPDATE SET "updated_at" = EXCLUDED."updated_at","inserted_at" = EXCLUDED."inserted_at","forge_account_id" = EXCLUDED."forge_account_id","invalidation_reason" = EXCLUDED."invalidation_reason","invalidated_at" = EXCLUDED."invalidated_at","ttl_expires_at" = EXCLUDED."ttl_expires_at","cached_at" = EXCLUDED."cached_at","full_result" = EXCLUDED."full_result","reason" = EXCLUDED."reason","confidence" = EXCLUDED."confidence","is_false_positive" = EXCLUDED."is_false_positive","file_hashes" = EXCLUDED."file_hashes","locations" = EXCLUDED."locations","vulnerability_type" = EXCLUDED."vulnerability_type","repository" = EXCLUDED."repository","cache_key" = EXCLUDED."cache_key" RETURNING "id","updated_at","inserted_at","forge_account_id","invalidation_reason","invalidated_at","ttl_expires_at","cached_at","full_result","reason","confidence","is_false_positive","file_hashes","locations","vulnerability_type","repository","cache_key" ["Performance test entry 114", "56659/RSOLV-dev/perf-test/[path/to/file114.js:1140]:xss", "RSOLV-dev/perf-test", Decimal.new("0.64"), 56659, [%{line: 1140, file_path: "path/to/file114.js"}], "xss", %{"path/to/file114.js" => "sha256:content114"}, true, ~U[2025-12-10 20:25:22.187424Z], ~U[2025-09-11 20:25:22.187424Z], ~U[2025-09-11 20:25:22.187443Z], ~U[2025-09-11 20:25:22.187443Z]]
14:25:22.187 [debug] Cached validation stored
14:25:22.187 [debug] QUERY OK source="cached_validations" db=0.0ms
INSERT INTO "cached_validations" ("reason","cache_key","repository","confidence","forge_account_id","locations","vulnerability_type","file_hashes","is_false_positive","ttl_expires_at","cached_at","inserted_at","updated_at") VALUES ($1,$2,$3,$4,$5,$6,$7,$8,$9,$10,$11,$12,$13) ON CONFLICT ("cache_key") DO UPDATE SET "updated_at" = EXCLUDED."updated_at","inserted_at" = EXCLUDED."inserted_at","forge_account_id" = EXCLUDED."forge_account_id","invalidation_reason" = EXCLUDED."invalidation_reason","invalidated_at" = EXCLUDED."invalidated_at","ttl_expires_at" = EXCLUDED."ttl_expires_at","cached_at" = EXCLUDED."cached_at","full_result" = EXCLUDED."full_result","reason" = EXCLUDED."reason","confidence" = EXCLUDED."confidence","is_false_positive" = EXCLUDED."is_false_positive","file_hashes" = EXCLUDED."file_hashes","locations" = EXCLUDED."locations","vulnerability_type" = EXCLUDED."vulnerability_type","repository" = EXCLUDED."repository","cache_key" = EXCLUDED."cache_key" RETURNING "id","updated_at","inserted_at","forge_account_id","invalidation_reason","invalidated_at","ttl_expires_at","cached_at","full_result","reason","confidence","is_false_positive","file_hashes","locations","vulnerability_type","repository","cache_key" ["Performance test entry 115", "56659/RSOLV-dev/perf-test/[path/to/file115.js:1150]:eval", "RSOLV-dev/perf-test", Decimal.new("0.65"), 56659, [%{line: 1150, file_path: "path/to/file115.js"}], "eval", %{"path/to/file115.js" => "sha256:content115"}, false, ~U[2025-12-10 20:25:22.187565Z], ~U[2025-09-11 20:25:22.187565Z], ~U[2025-09-11 20:25:22.187586Z], ~U[2025-09-11 20:25:22.187586Z]]
14:25:22.187 [debug] Cached validation stored
14:25:22.187 [debug] QUERY OK source="cached_validations" db=0.0ms
INSERT INTO "cached_validations" ("reason","cache_key","repository","confidence","forge_account_id","locations","vulnerability_type","file_hashes","is_false_positive","ttl_expires_at","cached_at","inserted_at","updated_at") VALUES ($1,$2,$3,$4,$5,$6,$7,$8,$9,$10,$11,$12,$13) ON CONFLICT ("cache_key") DO UPDATE SET "updated_at" = EXCLUDED."updated_at","inserted_at" = EXCLUDED."inserted_at","forge_account_id" = EXCLUDED."forge_account_id","invalidation_reason" = EXCLUDED."invalidation_reason","invalidated_at" = EXCLUDED."invalidated_at","ttl_expires_at" = EXCLUDED."ttl_expires_at","cached_at" = EXCLUDED."cached_at","full_result" = EXCLUDED."full_result","reason" = EXCLUDED."reason","confidence" = EXCLUDED."confidence","is_false_positive" = EXCLUDED."is_false_positive","file_hashes" = EXCLUDED."file_hashes","locations" = EXCLUDED."locations","vulnerability_type" = EXCLUDED."vulnerability_type","repository" = EXCLUDED."repository","cache_key" = EXCLUDED."cache_key" RETURNING "id","updated_at","inserted_at","forge_account_id","invalidation_reason","invalidated_at","ttl_expires_at","cached_at","full_result","reason","confidence","is_false_positive","file_hashes","locations","vulnerability_type","repository","cache_key" ["Performance test entry 116", "56659/RSOLV-dev/perf-test/[path/to/file116.js:1160]:sql-injection", "RSOLV-dev/perf-test", Decimal.new("0.66"), 56659, [%{line: 1160, file_path: "path/to/file116.js"}], "sql-injection", %{"path/to/file116.js" => "sha256:content116"}, true, ~U[2025-12-10 20:25:22.187741Z], ~U[2025-09-11 20:25:22.187741Z], ~U[2025-09-11 20:25:22.187765Z], ~U[2025-09-11 20:25:22.187765Z]]
14:25:22.187 [debug] Cached validation stored
14:25:22.188 [debug] QUERY OK source="cached_validations" db=0.0ms
INSERT INTO "cached_validations" ("reason","cache_key","repository","confidence","forge_account_id","locations","vulnerability_type","file_hashes","is_false_positive","ttl_expires_at","cached_at","inserted_at","updated_at") VALUES ($1,$2,$3,$4,$5,$6,$7,$8,$9,$10,$11,$12,$13) ON CONFLICT ("cache_key") DO UPDATE SET "updated_at" = EXCLUDED."updated_at","inserted_at" = EXCLUDED."inserted_at","forge_account_id" = EXCLUDED."forge_account_id","invalidation_reason" = EXCLUDED."invalidation_reason","invalidated_at" = EXCLUDED."invalidated_at","ttl_expires_at" = EXCLUDED."ttl_expires_at","cached_at" = EXCLUDED."cached_at","full_result" = EXCLUDED."full_result","reason" = EXCLUDED."reason","confidence" = EXCLUDED."confidence","is_false_positive" = EXCLUDED."is_false_positive","file_hashes" = EXCLUDED."file_hashes","locations" = EXCLUDED."locations","vulnerability_type" = EXCLUDED."vulnerability_type","repository" = EXCLUDED."repository","cache_key" = EXCLUDED."cache_key" RETURNING "id","updated_at","inserted_at","forge_account_id","invalidation_reason","invalidated_at","ttl_expires_at","cached_at","full_result","reason","confidence","is_false_positive","file_hashes","locations","vulnerability_type","repository","cache_key" ["Performance test entry 117", "56659/RSOLV-dev/perf-test/[path/to/file117.js:1170]:xss", "RSOLV-dev/perf-test", Decimal.new("0.67"), 56659, [%{line: 1170, file_path: "path/to/file117.js"}], "xss", %{"path/to/file117.js" => "sha256:content117"}, false, ~U[2025-12-10 20:25:22.187901Z], ~U[2025-09-11 20:25:22.187901Z], ~U[2025-09-11 20:25:22.187928Z], ~U[2025-09-11 20:25:22.187928Z]]
14:25:22.188 [debug] Cached validation stored
14:25:22.188 [debug] QUERY OK source="cached_validations" db=0.0ms
INSERT INTO "cached_validations" ("reason","cache_key","repository","confidence","forge_account_id","locations","vulnerability_type","file_hashes","is_false_positive","ttl_expires_at","cached_at","inserted_at","updated_at") VALUES ($1,$2,$3,$4,$5,$6,$7,$8,$9,$10,$11,$12,$13) ON CONFLICT ("cache_key") DO UPDATE SET "updated_at" = EXCLUDED."updated_at","inserted_at" = EXCLUDED."inserted_at","forge_account_id" = EXCLUDED."forge_account_id","invalidation_reason" = EXCLUDED."invalidation_reason","invalidated_at" = EXCLUDED."invalidated_at","ttl_expires_at" = EXCLUDED."ttl_expires_at","cached_at" = EXCLUDED."cached_at","full_result" = EXCLUDED."full_result","reason" = EXCLUDED."reason","confidence" = EXCLUDED."confidence","is_false_positive" = EXCLUDED."is_false_positive","file_hashes" = EXCLUDED."file_hashes","locations" = EXCLUDED."locations","vulnerability_type" = EXCLUDED."vulnerability_type","repository" = EXCLUDED."repository","cache_key" = EXCLUDED."cache_key" RETURNING "id","updated_at","inserted_at","forge_account_id","invalidation_reason","invalidated_at","ttl_expires_at","cached_at","full_result","reason","confidence","is_false_positive","file_hashes","locations","vulnerability_type","repository","cache_key" ["Performance test entry 118", "56659/RSOLV-dev/perf-test/[path/to/file118.js:1180]:sql-injection", "RSOLV-dev/perf-test", Decimal.new("0.6799999999999999"), 56659, [%{line: 1180, file_path: "path/to/file118.js"}], "sql-injection", %{"path/to/file118.js" => "sha256:content118"}, true, ~U[2025-12-10 20:25:22.188054Z], ~U[2025-09-11 20:25:22.188054Z], ~U[2025-09-11 20:25:22.188076Z], ~U[2025-09-11 20:25:22.188076Z]]
14:25:22.188 [debug] Cached validation stored
14:25:22.188 [debug] QUERY OK source="cached_validations" db=0.0ms
INSERT INTO "cached_validations" ("reason","cache_key","repository","confidence","forge_account_id","locations","vulnerability_type","file_hashes","is_false_positive","ttl_expires_at","cached_at","inserted_at","updated_at") VALUES ($1,$2,$3,$4,$5,$6,$7,$8,$9,$10,$11,$12,$13) ON CONFLICT ("cache_key") DO UPDATE SET "updated_at" = EXCLUDED."updated_at","inserted_at" = EXCLUDED."inserted_at","forge_account_id" = EXCLUDED."forge_account_id","invalidation_reason" = EXCLUDED."invalidation_reason","invalidated_at" = EXCLUDED."invalidated_at","ttl_expires_at" = EXCLUDED."ttl_expires_at","cached_at" = EXCLUDED."cached_at","full_result" = EXCLUDED."full_result","reason" = EXCLUDED."reason","confidence" = EXCLUDED."confidence","is_false_positive" = EXCLUDED."is_false_positive","file_hashes" = EXCLUDED."file_hashes","locations" = EXCLUDED."locations","vulnerability_type" = EXCLUDED."vulnerability_type","repository" = EXCLUDED."repository","cache_key" = EXCLUDED."cache_key" RETURNING "id","updated_at","inserted_at","forge_account_id","invalidation_reason","invalidated_at","ttl_expires_at","cached_at","full_result","reason","confidence","is_false_positive","file_hashes","locations","vulnerability_type","repository","cache_key" ["Performance test entry 119", "56659/RSOLV-dev/perf-test/[path/to/file119.js:1190]:eval", "RSOLV-dev/perf-test", Decimal.new("0.69"), 56659, [%{line: 1190, file_path: "path/to/file119.js"}], "eval", %{"path/to/file119.js" => "sha256:content119"}, false, ~U[2025-12-10 20:25:22.188196Z], ~U[2025-09-11 20:25:22.188196Z], ~U[2025-09-11 20:25:22.188217Z], ~U[2025-09-11 20:25:22.188217Z]]
14:25:22.188 [debug] Cached validation stored
14:25:22.188 [debug] QUERY OK source="cached_validations" db=0.0ms
INSERT INTO "cached_validations" ("reason","cache_key","repository","confidence","forge_account_id","locations","vulnerability_type","file_hashes","is_false_positive","ttl_expires_at","cached_at","inserted_at","updated_at") VALUES ($1,$2,$3,$4,$5,$6,$7,$8,$9,$10,$11,$12,$13) ON CONFLICT ("cache_key") DO UPDATE SET "updated_at" = EXCLUDED."updated_at","inserted_at" = EXCLUDED."inserted_at","forge_account_id" = EXCLUDED."forge_account_id","invalidation_reason" = EXCLUDED."invalidation_reason","invalidated_at" = EXCLUDED."invalidated_at","ttl_expires_at" = EXCLUDED."ttl_expires_at","cached_at" = EXCLUDED."cached_at","full_result" = EXCLUDED."full_result","reason" = EXCLUDED."reason","confidence" = EXCLUDED."confidence","is_false_positive" = EXCLUDED."is_false_positive","file_hashes" = EXCLUDED."file_hashes","locations" = EXCLUDED."locations","vulnerability_type" = EXCLUDED."vulnerability_type","repository" = EXCLUDED."repository","cache_key" = EXCLUDED."cache_key" RETURNING "id","updated_at","inserted_at","forge_account_id","invalidation_reason","invalidated_at","ttl_expires_at","cached_at","full_result","reason","confidence","is_false_positive","file_hashes","locations","vulnerability_type","repository","cache_key" ["Performance test entry 120", "56659/RSOLV-dev/perf-test/[path/to/file120.js:1200]:xss", "RSOLV-dev/perf-test", Decimal.new("0.7"), 56659, [%{line: 1200, file_path: "path/to/file120.js"}], "xss", %{"path/to/file120.js" => "sha256:content120"}, true, ~U[2025-12-10 20:25:22.188327Z], ~U[2025-09-11 20:25:22.188327Z], ~U[2025-09-11 20:25:22.188354Z], ~U[2025-09-11 20:25:22.188354Z]]
14:25:22.188 [debug] Cached validation stored
14:25:22.188 [debug] QUERY OK source="cached_validations" db=0.0ms
INSERT INTO "cached_validations" ("reason","cache_key","repository","confidence","forge_account_id","locations","vulnerability_type","file_hashes","is_false_positive","ttl_expires_at","cached_at","inserted_at","updated_at") VALUES ($1,$2,$3,$4,$5,$6,$7,$8,$9,$10,$11,$12,$13) ON CONFLICT ("cache_key") DO UPDATE SET "updated_at" = EXCLUDED."updated_at","inserted_at" = EXCLUDED."inserted_at","forge_account_id" = EXCLUDED."forge_account_id","invalidation_reason" = EXCLUDED."invalidation_reason","invalidated_at" = EXCLUDED."invalidated_at","ttl_expires_at" = EXCLUDED."ttl_expires_at","cached_at" = EXCLUDED."cached_at","full_result" = EXCLUDED."full_result","reason" = EXCLUDED."reason","confidence" = EXCLUDED."confidence","is_false_positive" = EXCLUDED."is_false_positive","file_hashes" = EXCLUDED."file_hashes","locations" = EXCLUDED."locations","vulnerability_type" = EXCLUDED."vulnerability_type","repository" = EXCLUDED."repository","cache_key" = EXCLUDED."cache_key" RETURNING "id","updated_at","inserted_at","forge_account_id","invalidation_reason","invalidated_at","ttl_expires_at","cached_at","full_result","reason","confidence","is_false_positive","file_hashes","locations","vulnerability_type","repository","cache_key" ["Performance test entry 121", "56659/RSOLV-dev/perf-test/[path/to/file121.js:1210]:eval", "RSOLV-dev/perf-test", Decimal.new("0.71"), 56659, [%{line: 1210, file_path: "path/to/file121.js"}], "eval", %{"path/to/file121.js" => "sha256:content121"}, false, ~U[2025-12-10 20:25:22.188471Z], ~U[2025-09-11 20:25:22.188471Z], ~U[2025-09-11 20:25:22.188492Z], ~U[2025-09-11 20:25:22.188492Z]]
14:25:22.188 [debug] Cached validation stored
14:25:22.188 [debug] QUERY OK source="cached_validations" db=0.0ms
INSERT INTO "cached_validations" ("reason","cache_key","repository","confidence","forge_account_id","locations","vulnerability_type","file_hashes","is_false_positive","ttl_expires_at","cached_at","inserted_at","updated_at") VALUES ($1,$2,$3,$4,$5,$6,$7,$8,$9,$10,$11,$12,$13) ON CONFLICT ("cache_key") DO UPDATE SET "updated_at" = EXCLUDED."updated_at","inserted_at" = EXCLUDED."inserted_at","forge_account_id" = EXCLUDED."forge_account_id","invalidation_reason" = EXCLUDED."invalidation_reason","invalidated_at" = EXCLUDED."invalidated_at","ttl_expires_at" = EXCLUDED."ttl_expires_at","cached_at" = EXCLUDED."cached_at","full_result" = EXCLUDED."full_result","reason" = EXCLUDED."reason","confidence" = EXCLUDED."confidence","is_false_positive" = EXCLUDED."is_false_positive","file_hashes" = EXCLUDED."file_hashes","locations" = EXCLUDED."locations","vulnerability_type" = EXCLUDED."vulnerability_type","repository" = EXCLUDED."repository","cache_key" = EXCLUDED."cache_key" RETURNING "id","updated_at","inserted_at","forge_account_id","invalidation_reason","invalidated_at","ttl_expires_at","cached_at","full_result","reason","confidence","is_false_positive","file_hashes","locations","vulnerability_type","repository","cache_key" ["Performance test entry 122", "56659/RSOLV-dev/perf-test/[path/to/file122.js:1220]:sql-injection", "RSOLV-dev/perf-test", Decimal.new("0.72"), 56659, [%{line: 1220, file_path: "path/to/file122.js"}], "sql-injection", %{"path/to/file122.js" => "sha256:content122"}, true, ~U[2025-12-10 20:25:22.188650Z], ~U[2025-09-11 20:25:22.188650Z], ~U[2025-09-11 20:25:22.188682Z], ~U[2025-09-11 20:25:22.188682Z]]
14:25:22.188 [debug] Cached validation stored
14:25:22.188 [debug] QUERY OK source="cached_validations" db=0.0ms
INSERT INTO "cached_validations" ("reason","cache_key","repository","confidence","forge_account_id","locations","vulnerability_type","file_hashes","is_false_positive","ttl_expires_at","cached_at","inserted_at","updated_at") VALUES ($1,$2,$3,$4,$5,$6,$7,$8,$9,$10,$11,$12,$13) ON CONFLICT ("cache_key") DO UPDATE SET "updated_at" = EXCLUDED."updated_at","inserted_at" = EXCLUDED."inserted_at","forge_account_id" = EXCLUDED."forge_account_id","invalidation_reason" = EXCLUDED."invalidation_reason","invalidated_at" = EXCLUDED."invalidated_at","ttl_expires_at" = EXCLUDED."ttl_expires_at","cached_at" = EXCLUDED."cached_at","full_result" = EXCLUDED."full_result","reason" = EXCLUDED."reason","confidence" = EXCLUDED."confidence","is_false_positive" = EXCLUDED."is_false_positive","file_hashes" = EXCLUDED."file_hashes","locations" = EXCLUDED."locations","vulnerability_type" = EXCLUDED."vulnerability_type","repository" = EXCLUDED."repository","cache_key" = EXCLUDED."cache_key" RETURNING "id","updated_at","inserted_at","forge_account_id","invalidation_reason","invalidated_at","ttl_expires_at","cached_at","full_result","reason","confidence","is_false_positive","file_hashes","locations","vulnerability_type","repository","cache_key" ["Performance test entry 123", "56659/RSOLV-dev/perf-test/[path/to/file123.js:1230]:xss", "RSOLV-dev/perf-test", Decimal.new("0.73"), 56659, [%{line: 1230, file_path: "path/to/file123.js"}], "xss", %{"path/to/file123.js" => "sha256:content123"}, false, ~U[2025-12-10 20:25:22.188838Z], ~U[2025-09-11 20:25:22.188838Z], ~U[2025-09-11 20:25:22.188873Z], ~U[2025-09-11 20:25:22.188873Z]]
14:25:22.189 [debug] Cached validation stored
14:25:22.189 [debug] QUERY OK source="cached_validations" db=0.0ms
INSERT INTO "cached_validations" ("reason","cache_key","repository","confidence","forge_account_id","locations","vulnerability_type","file_hashes","is_false_positive","ttl_expires_at","cached_at","inserted_at","updated_at") VALUES ($1,$2,$3,$4,$5,$6,$7,$8,$9,$10,$11,$12,$13) ON CONFLICT ("cache_key") DO UPDATE SET "updated_at" = EXCLUDED."updated_at","inserted_at" = EXCLUDED."inserted_at","forge_account_id" = EXCLUDED."forge_account_id","invalidation_reason" = EXCLUDED."invalidation_reason","invalidated_at" = EXCLUDED."invalidated_at","ttl_expires_at" = EXCLUDED."ttl_expires_at","cached_at" = EXCLUDED."cached_at","full_result" = EXCLUDED."full_result","reason" = EXCLUDED."reason","confidence" = EXCLUDED."confidence","is_false_positive" = EXCLUDED."is_false_positive","file_hashes" = EXCLUDED."file_hashes","locations" = EXCLUDED."locations","vulnerability_type" = EXCLUDED."vulnerability_type","repository" = EXCLUDED."repository","cache_key" = EXCLUDED."cache_key" RETURNING "id","updated_at","inserted_at","forge_account_id","invalidation_reason","invalidated_at","ttl_expires_at","cached_at","full_result","reason","confidence","is_false_positive","file_hashes","locations","vulnerability_type","repository","cache_key" ["Performance test entry 124", "56659/RSOLV-dev/perf-test/[path/to/file124.js:1240]:sql-injection", "RSOLV-dev/perf-test", Decimal.new("0.74"), 56659, [%{line: 1240, file_path: "path/to/file124.js"}], "sql-injection", %{"path/to/file124.js" => "sha256:content124"}, true, ~U[2025-12-10 20:25:22.189014Z], ~U[2025-09-11 20:25:22.189014Z], ~U[2025-09-11 20:25:22.189039Z], ~U[2025-09-11 20:25:22.189039Z]]
14:25:22.189 [debug] Cached validation stored
14:25:22.189 [debug] QUERY OK source="cached_validations" db=0.0ms
INSERT INTO "cached_validations" ("reason","cache_key","repository","confidence","forge_account_id","locations","vulnerability_type","file_hashes","is_false_positive","ttl_expires_at","cached_at","inserted_at","updated_at") VALUES ($1,$2,$3,$4,$5,$6,$7,$8,$9,$10,$11,$12,$13) ON CONFLICT ("cache_key") DO UPDATE SET "updated_at" = EXCLUDED."updated_at","inserted_at" = EXCLUDED."inserted_at","forge_account_id" = EXCLUDED."forge_account_id","invalidation_reason" = EXCLUDED."invalidation_reason","invalidated_at" = EXCLUDED."invalidated_at","ttl_expires_at" = EXCLUDED."ttl_expires_at","cached_at" = EXCLUDED."cached_at","full_result" = EXCLUDED."full_result","reason" = EXCLUDED."reason","confidence" = EXCLUDED."confidence","is_false_positive" = EXCLUDED."is_false_positive","file_hashes" = EXCLUDED."file_hashes","locations" = EXCLUDED."locations","vulnerability_type" = EXCLUDED."vulnerability_type","repository" = EXCLUDED."repository","cache_key" = EXCLUDED."cache_key" RETURNING "id","updated_at","inserted_at","forge_account_id","invalidation_reason","invalidated_at","ttl_expires_at","cached_at","full_result","reason","confidence","is_false_positive","file_hashes","locations","vulnerability_type","repository","cache_key" ["Performance test entry 125", "56659/RSOLV-dev/perf-test/[path/to/file125.js:1250]:eval", "RSOLV-dev/perf-test", Decimal.new("0.75"), 56659, [%{line: 1250, file_path: "path/to/file125.js"}], "eval", %{"path/to/file125.js" => "sha256:content125"}, false, ~U[2025-12-10 20:25:22.189183Z], ~U[2025-09-11 20:25:22.189183Z], ~U[2025-09-11 20:25:22.189211Z], ~U[2025-09-11 20:25:22.189211Z]]
14:25:22.189 [debug] Cached validation stored
14:25:22.189 [debug] QUERY OK source="cached_validations" db=0.0ms
INSERT INTO "cached_validations" ("reason","cache_key","repository","confidence","forge_account_id","locations","vulnerability_type","file_hashes","is_false_positive","ttl_expires_at","cached_at","inserted_at","updated_at") VALUES ($1,$2,$3,$4,$5,$6,$7,$8,$9,$10,$11,$12,$13) ON CONFLICT ("cache_key") DO UPDATE SET "updated_at" = EXCLUDED."updated_at","inserted_at" = EXCLUDED."inserted_at","forge_account_id" = EXCLUDED."forge_account_id","invalidation_reason" = EXCLUDED."invalidation_reason","invalidated_at" = EXCLUDED."invalidated_at","ttl_expires_at" = EXCLUDED."ttl_expires_at","cached_at" = EXCLUDED."cached_at","full_result" = EXCLUDED."full_result","reason" = EXCLUDED."reason","confidence" = EXCLUDED."confidence","is_false_positive" = EXCLUDED."is_false_positive","file_hashes" = EXCLUDED."file_hashes","locations" = EXCLUDED."locations","vulnerability_type" = EXCLUDED."vulnerability_type","repository" = EXCLUDED."repository","cache_key" = EXCLUDED."cache_key" RETURNING "id","updated_at","inserted_at","forge_account_id","invalidation_reason","invalidated_at","ttl_expires_at","cached_at","full_result","reason","confidence","is_false_positive","file_hashes","locations","vulnerability_type","repository","cache_key" ["Performance test entry 126", "56659/RSOLV-dev/perf-test/[path/to/file126.js:1260]:xss", "RSOLV-dev/perf-test", Decimal.new("0.76"), 56659, [%{line: 1260, file_path: "path/to/file126.js"}], "xss", %{"path/to/file126.js" => "sha256:content126"}, true, ~U[2025-12-10 20:25:22.189343Z], ~U[2025-09-11 20:25:22.189343Z], ~U[2025-09-11 20:25:22.189364Z], ~U[2025-09-11 20:25:22.189364Z]]
14:25:22.189 [debug] Cached validation stored
14:25:22.189 [debug] QUERY OK source="cached_validations" db=0.0ms
INSERT INTO "cached_validations" ("reason","cache_key","repository","confidence","forge_account_id","locations","vulnerability_type","file_hashes","is_false_positive","ttl_expires_at","cached_at","inserted_at","updated_at") VALUES ($1,$2,$3,$4,$5,$6,$7,$8,$9,$10,$11,$12,$13) ON CONFLICT ("cache_key") DO UPDATE SET "updated_at" = EXCLUDED."updated_at","inserted_at" = EXCLUDED."inserted_at","forge_account_id" = EXCLUDED."forge_account_id","invalidation_reason" = EXCLUDED."invalidation_reason","invalidated_at" = EXCLUDED."invalidated_at","ttl_expires_at" = EXCLUDED."ttl_expires_at","cached_at" = EXCLUDED."cached_at","full_result" = EXCLUDED."full_result","reason" = EXCLUDED."reason","confidence" = EXCLUDED."confidence","is_false_positive" = EXCLUDED."is_false_positive","file_hashes" = EXCLUDED."file_hashes","locations" = EXCLUDED."locations","vulnerability_type" = EXCLUDED."vulnerability_type","repository" = EXCLUDED."repository","cache_key" = EXCLUDED."cache_key" RETURNING "id","updated_at","inserted_at","forge_account_id","invalidation_reason","invalidated_at","ttl_expires_at","cached_at","full_result","reason","confidence","is_false_positive","file_hashes","locations","vulnerability_type","repository","cache_key" ["Performance test entry 127", "56659/RSOLV-dev/perf-test/[path/to/file127.js:1270]:eval", "RSOLV-dev/perf-test", Decimal.new("0.77"), 56659, [%{line: 1270, file_path: "path/to/file127.js"}], "eval", %{"path/to/file127.js" => "sha256:content127"}, false, ~U[2025-12-10 20:25:22.189510Z], ~U[2025-09-11 20:25:22.189510Z], ~U[2025-09-11 20:25:22.189534Z], ~U[2025-09-11 20:25:22.189534Z]]
14:25:22.189 [debug] Cached validation stored
14:25:22.189 [debug] QUERY OK source="cached_validations" db=0.0ms
INSERT INTO "cached_validations" ("reason","cache_key","repository","confidence","forge_account_id","locations","vulnerability_type","file_hashes","is_false_positive","ttl_expires_at","cached_at","inserted_at","updated_at") VALUES ($1,$2,$3,$4,$5,$6,$7,$8,$9,$10,$11,$12,$13) ON CONFLICT ("cache_key") DO UPDATE SET "updated_at" = EXCLUDED."updated_at","inserted_at" = EXCLUDED."inserted_at","forge_account_id" = EXCLUDED."forge_account_id","invalidation_reason" = EXCLUDED."invalidation_reason","invalidated_at" = EXCLUDED."invalidated_at","ttl_expires_at" = EXCLUDED."ttl_expires_at","cached_at" = EXCLUDED."cached_at","full_result" = EXCLUDED."full_result","reason" = EXCLUDED."reason","confidence" = EXCLUDED."confidence","is_false_positive" = EXCLUDED."is_false_positive","file_hashes" = EXCLUDED."file_hashes","locations" = EXCLUDED."locations","vulnerability_type" = EXCLUDED."vulnerability_type","repository" = EXCLUDED."repository","cache_key" = EXCLUDED."cache_key" RETURNING "id","updated_at","inserted_at","forge_account_id","invalidation_reason","invalidated_at","ttl_expires_at","cached_at","full_result","reason","confidence","is_false_positive","file_hashes","locations","vulnerability_type","repository","cache_key" ["Performance test entry 128", "56659/RSOLV-dev/perf-test/[path/to/file128.js:1280]:sql-injection", "RSOLV-dev/perf-test", Decimal.new("0.78"), 56659, [%{line: 1280, file_path: "path/to/file128.js"}], "sql-injection", %{"path/to/file128.js" => "sha256:content128"}, true, ~U[2025-12-10 20:25:22.189686Z], ~U[2025-09-11 20:25:22.189686Z], ~U[2025-09-11 20:25:22.189710Z], ~U[2025-09-11 20:25:22.189710Z]]
14:25:22.189 [debug] Cached validation stored
14:25:22.189 [debug] QUERY OK source="cached_validations" db=0.0ms
INSERT INTO "cached_validations" ("reason","cache_key","repository","confidence","forge_account_id","locations","vulnerability_type","file_hashes","is_false_positive","ttl_expires_at","cached_at","inserted_at","updated_at") VALUES ($1,$2,$3,$4,$5,$6,$7,$8,$9,$10,$11,$12,$13) ON CONFLICT ("cache_key") DO UPDATE SET "updated_at" = EXCLUDED."updated_at","inserted_at" = EXCLUDED."inserted_at","forge_account_id" = EXCLUDED."forge_account_id","invalidation_reason" = EXCLUDED."invalidation_reason","invalidated_at" = EXCLUDED."invalidated_at","ttl_expires_at" = EXCLUDED."ttl_expires_at","cached_at" = EXCLUDED."cached_at","full_result" = EXCLUDED."full_result","reason" = EXCLUDED."reason","confidence" = EXCLUDED."confidence","is_false_positive" = EXCLUDED."is_false_positive","file_hashes" = EXCLUDED."file_hashes","locations" = EXCLUDED."locations","vulnerability_type" = EXCLUDED."vulnerability_type","repository" = EXCLUDED."repository","cache_key" = EXCLUDED."cache_key" RETURNING "id","updated_at","inserted_at","forge_account_id","invalidation_reason","invalidated_at","ttl_expires_at","cached_at","full_result","reason","confidence","is_false_positive","file_hashes","locations","vulnerability_type","repository","cache_key" ["Performance test entry 129", "56659/RSOLV-dev/perf-test/[path/to/file129.js:1290]:xss", "RSOLV-dev/perf-test", Decimal.new("0.79"), 56659, [%{line: 1290, file_path: "path/to/file129.js"}], "xss", %{"path/to/file129.js" => "sha256:content129"}, false, ~U[2025-12-10 20:25:22.189844Z], ~U[2025-09-11 20:25:22.189844Z], ~U[2025-09-11 20:25:22.189877Z], ~U[2025-09-11 20:25:22.189877Z]]
14:25:22.189 [debug] Cached validation stored
14:25:22.190 [debug] QUERY OK source="cached_validations" db=0.0ms
INSERT INTO "cached_validations" ("reason","cache_key","repository","confidence","forge_account_id","locations","vulnerability_type","file_hashes","is_false_positive","ttl_expires_at","cached_at","inserted_at","updated_at") VALUES ($1,$2,$3,$4,$5,$6,$7,$8,$9,$10,$11,$12,$13) ON CONFLICT ("cache_key") DO UPDATE SET "updated_at" = EXCLUDED."updated_at","inserted_at" = EXCLUDED."inserted_at","forge_account_id" = EXCLUDED."forge_account_id","invalidation_reason" = EXCLUDED."invalidation_reason","invalidated_at" = EXCLUDED."invalidated_at","ttl_expires_at" = EXCLUDED."ttl_expires_at","cached_at" = EXCLUDED."cached_at","full_result" = EXCLUDED."full_result","reason" = EXCLUDED."reason","confidence" = EXCLUDED."confidence","is_false_positive" = EXCLUDED."is_false_positive","file_hashes" = EXCLUDED."file_hashes","locations" = EXCLUDED."locations","vulnerability_type" = EXCLUDED."vulnerability_type","repository" = EXCLUDED."repository","cache_key" = EXCLUDED."cache_key" RETURNING "id","updated_at","inserted_at","forge_account_id","invalidation_reason","invalidated_at","ttl_expires_at","cached_at","full_result","reason","confidence","is_false_positive","file_hashes","locations","vulnerability_type","repository","cache_key" ["Performance test entry 130", "56659/RSOLV-dev/perf-test/[path/to/file130.js:1300]:sql-injection", "RSOLV-dev/perf-test", Decimal.new("0.8"), 56659, [%{line: 1300, file_path: "path/to/file130.js"}], "sql-injection", %{"path/to/file130.js" => "sha256:content130"}, true, ~U[2025-12-10 20:25:22.190002Z], ~U[2025-09-11 20:25:22.190002Z], ~U[2025-09-11 20:25:22.190024Z], ~U[2025-09-11 20:25:22.190024Z]]
14:25:22.190 [debug] Cached validation stored
14:25:22.190 [debug] QUERY OK source="cached_validations" db=0.0ms
INSERT INTO "cached_validations" ("reason","cache_key","repository","confidence","forge_account_id","locations","vulnerability_type","file_hashes","is_false_positive","ttl_expires_at","cached_at","inserted_at","updated_at") VALUES ($1,$2,$3,$4,$5,$6,$7,$8,$9,$10,$11,$12,$13) ON CONFLICT ("cache_key") DO UPDATE SET "updated_at" = EXCLUDED."updated_at","inserted_at" = EXCLUDED."inserted_at","forge_account_id" = EXCLUDED."forge_account_id","invalidation_reason" = EXCLUDED."invalidation_reason","invalidated_at" = EXCLUDED."invalidated_at","ttl_expires_at" = EXCLUDED."ttl_expires_at","cached_at" = EXCLUDED."cached_at","full_result" = EXCLUDED."full_result","reason" = EXCLUDED."reason","confidence" = EXCLUDED."confidence","is_false_positive" = EXCLUDED."is_false_positive","file_hashes" = EXCLUDED."file_hashes","locations" = EXCLUDED."locations","vulnerability_type" = EXCLUDED."vulnerability_type","repository" = EXCLUDED."repository","cache_key" = EXCLUDED."cache_key" RETURNING "id","updated_at","inserted_at","forge_account_id","invalidation_reason","invalidated_at","ttl_expires_at","cached_at","full_result","reason","confidence","is_false_positive","file_hashes","locations","vulnerability_type","repository","cache_key" ["Performance test entry 131", "56659/RSOLV-dev/perf-test/[path/to/file131.js:1310]:eval", "RSOLV-dev/perf-test", Decimal.new("0.81"), 56659, [%{line: 1310, file_path: "path/to/file131.js"}], "eval", %{"path/to/file131.js" => "sha256:content131"}, false, ~U[2025-12-10 20:25:22.190156Z], ~U[2025-09-11 20:25:22.190156Z], ~U[2025-09-11 20:25:22.190185Z], ~U[2025-09-11 20:25:22.190185Z]]
14:25:22.190 [debug] Cached validation stored
14:25:22.190 [debug] QUERY OK source="cached_validations" db=0.0ms
INSERT INTO "cached_validations" ("reason","cache_key","repository","confidence","forge_account_id","locations","vulnerability_type","file_hashes","is_false_positive","ttl_expires_at","cached_at","inserted_at","updated_at") VALUES ($1,$2,$3,$4,$5,$6,$7,$8,$9,$10,$11,$12,$13) ON CONFLICT ("cache_key") DO UPDATE SET "updated_at" = EXCLUDED."updated_at","inserted_at" = EXCLUDED."inserted_at","forge_account_id" = EXCLUDED."forge_account_id","invalidation_reason" = EXCLUDED."invalidation_reason","invalidated_at" = EXCLUDED."invalidated_at","ttl_expires_at" = EXCLUDED."ttl_expires_at","cached_at" = EXCLUDED."cached_at","full_result" = EXCLUDED."full_result","reason" = EXCLUDED."reason","confidence" = EXCLUDED."confidence","is_false_positive" = EXCLUDED."is_false_positive","file_hashes" = EXCLUDED."file_hashes","locations" = EXCLUDED."locations","vulnerability_type" = EXCLUDED."vulnerability_type","repository" = EXCLUDED."repository","cache_key" = EXCLUDED."cache_key" RETURNING "id","updated_at","inserted_at","forge_account_id","invalidation_reason","invalidated_at","ttl_expires_at","cached_at","full_result","reason","confidence","is_false_positive","file_hashes","locations","vulnerability_type","repository","cache_key" ["Performance test entry 132", "56659/RSOLV-dev/perf-test/[path/to/file132.js:1320]:xss", "RSOLV-dev/perf-test", Decimal.new("0.8200000000000001"), 56659, [%{line: 1320, file_path: "path/to/file132.js"}], "xss", %{"path/to/file132.js" => "sha256:content132"}, true, ~U[2025-12-10 20:25:22.190322Z], ~U[2025-09-11 20:25:22.190322Z], ~U[2025-09-11 20:25:22.190347Z], ~U[2025-09-11 20:25:22.190347Z]]
14:25:22.190 [debug] Cached validation stored
14:25:22.190 [debug] QUERY OK source="cached_validations" db=0.0ms
INSERT INTO "cached_validations" ("reason","cache_key","repository","confidence","forge_account_id","locations","vulnerability_type","file_hashes","is_false_positive","ttl_expires_at","cached_at","inserted_at","updated_at") VALUES ($1,$2,$3,$4,$5,$6,$7,$8,$9,$10,$11,$12,$13) ON CONFLICT ("cache_key") DO UPDATE SET "updated_at" = EXCLUDED."updated_at","inserted_at" = EXCLUDED."inserted_at","forge_account_id" = EXCLUDED."forge_account_id","invalidation_reason" = EXCLUDED."invalidation_reason","invalidated_at" = EXCLUDED."invalidated_at","ttl_expires_at" = EXCLUDED."ttl_expires_at","cached_at" = EXCLUDED."cached_at","full_result" = EXCLUDED."full_result","reason" = EXCLUDED."reason","confidence" = EXCLUDED."confidence","is_false_positive" = EXCLUDED."is_false_positive","file_hashes" = EXCLUDED."file_hashes","locations" = EXCLUDED."locations","vulnerability_type" = EXCLUDED."vulnerability_type","repository" = EXCLUDED."repository","cache_key" = EXCLUDED."cache_key" RETURNING "id","updated_at","inserted_at","forge_account_id","invalidation_reason","invalidated_at","ttl_expires_at","cached_at","full_result","reason","confidence","is_false_positive","file_hashes","locations","vulnerability_type","repository","cache_key" ["Performance test entry 133", "56659/RSOLV-dev/perf-test/[path/to/file133.js:1330]:eval", "RSOLV-dev/perf-test", Decimal.new("0.8300000000000001"), 56659, [%{line: 1330, file_path: "path/to/file133.js"}], "eval", %{"path/to/file133.js" => "sha256:content133"}, false, ~U[2025-12-10 20:25:22.190481Z], ~U[2025-09-11 20:25:22.190481Z], ~U[2025-09-11 20:25:22.190513Z], ~U[2025-09-11 20:25:22.190513Z]]
14:25:22.190 [debug] Cached validation stored
14:25:22.190 [debug] QUERY OK source="cached_validations" db=0.0ms
INSERT INTO "cached_validations" ("reason","cache_key","repository","confidence","forge_account_id","locations","vulnerability_type","file_hashes","is_false_positive","ttl_expires_at","cached_at","inserted_at","updated_at") VALUES ($1,$2,$3,$4,$5,$6,$7,$8,$9,$10,$11,$12,$13) ON CONFLICT ("cache_key") DO UPDATE SET "updated_at" = EXCLUDED."updated_at","inserted_at" = EXCLUDED."inserted_at","forge_account_id" = EXCLUDED."forge_account_id","invalidation_reason" = EXCLUDED."invalidation_reason","invalidated_at" = EXCLUDED."invalidated_at","ttl_expires_at" = EXCLUDED."ttl_expires_at","cached_at" = EXCLUDED."cached_at","full_result" = EXCLUDED."full_result","reason" = EXCLUDED."reason","confidence" = EXCLUDED."confidence","is_false_positive" = EXCLUDED."is_false_positive","file_hashes" = EXCLUDED."file_hashes","locations" = EXCLUDED."locations","vulnerability_type" = EXCLUDED."vulnerability_type","repository" = EXCLUDED."repository","cache_key" = EXCLUDED."cache_key" RETURNING "id","updated_at","inserted_at","forge_account_id","invalidation_reason","invalidated_at","ttl_expires_at","cached_at","full_result","reason","confidence","is_false_positive","file_hashes","locations","vulnerability_type","repository","cache_key" ["Performance test entry 134", "56659/RSOLV-dev/perf-test/[path/to/file134.js:1340]:sql-injection", "RSOLV-dev/perf-test", Decimal.new("0.8400000000000001"), 56659, [%{line: 1340, file_path: "path/to/file134.js"}], "sql-injection", %{"path/to/file134.js" => "sha256:content134"}, true, ~U[2025-12-10 20:25:22.190654Z], ~U[2025-09-11 20:25:22.190654Z], ~U[2025-09-11 20:25:22.190679Z], ~U[2025-09-11 20:25:22.190679Z]]
14:25:22.190 [debug] Cached validation stored
14:25:22.190 [debug] QUERY OK source="cached_validations" db=0.0ms
INSERT INTO "cached_validations" ("reason","cache_key","repository","confidence","forge_account_id","locations","vulnerability_type","file_hashes","is_false_positive","ttl_expires_at","cached_at","inserted_at","updated_at") VALUES ($1,$2,$3,$4,$5,$6,$7,$8,$9,$10,$11,$12,$13) ON CONFLICT ("cache_key") DO UPDATE SET "updated_at" = EXCLUDED."updated_at","inserted_at" = EXCLUDED."inserted_at","forge_account_id" = EXCLUDED."forge_account_id","invalidation_reason" = EXCLUDED."invalidation_reason","invalidated_at" = EXCLUDED."invalidated_at","ttl_expires_at" = EXCLUDED."ttl_expires_at","cached_at" = EXCLUDED."cached_at","full_result" = EXCLUDED."full_result","reason" = EXCLUDED."reason","confidence" = EXCLUDED."confidence","is_false_positive" = EXCLUDED."is_false_positive","file_hashes" = EXCLUDED."file_hashes","locations" = EXCLUDED."locations","vulnerability_type" = EXCLUDED."vulnerability_type","repository" = EXCLUDED."repository","cache_key" = EXCLUDED."cache_key" RETURNING "id","updated_at","inserted_at","forge_account_id","invalidation_reason","invalidated_at","ttl_expires_at","cached_at","full_result","reason","confidence","is_false_positive","file_hashes","locations","vulnerability_type","repository","cache_key" ["Performance test entry 135", "56659/RSOLV-dev/perf-test/[path/to/file135.js:1350]:xss", "RSOLV-dev/perf-test", Decimal.new("0.85"), 56659, [%{line: 1350, file_path: "path/to/file135.js"}], "xss", %{"path/to/file135.js" => "sha256:content135"}, false, ~U[2025-12-10 20:25:22.190814Z], ~U[2025-09-11 20:25:22.190814Z], ~U[2025-09-11 20:25:22.190842Z], ~U[2025-09-11 20:25:22.190842Z]]
14:25:22.190 [debug] Cached validation stored
14:25:22.191 [debug] QUERY OK source="cached_validations" db=0.0ms
INSERT INTO "cached_validations" ("reason","cache_key","repository","confidence","forge_account_id","locations","vulnerability_type","file_hashes","is_false_positive","ttl_expires_at","cached_at","inserted_at","updated_at") VALUES ($1,$2,$3,$4,$5,$6,$7,$8,$9,$10,$11,$12,$13) ON CONFLICT ("cache_key") DO UPDATE SET "updated_at" = EXCLUDED."updated_at","inserted_at" = EXCLUDED."inserted_at","forge_account_id" = EXCLUDED."forge_account_id","invalidation_reason" = EXCLUDED."invalidation_reason","invalidated_at" = EXCLUDED."invalidated_at","ttl_expires_at" = EXCLUDED."ttl_expires_at","cached_at" = EXCLUDED."cached_at","full_result" = EXCLUDED."full_result","reason" = EXCLUDED."reason","confidence" = EXCLUDED."confidence","is_false_positive" = EXCLUDED."is_false_positive","file_hashes" = EXCLUDED."file_hashes","locations" = EXCLUDED."locations","vulnerability_type" = EXCLUDED."vulnerability_type","repository" = EXCLUDED."repository","cache_key" = EXCLUDED."cache_key" RETURNING "id","updated_at","inserted_at","forge_account_id","invalidation_reason","invalidated_at","ttl_expires_at","cached_at","full_result","reason","confidence","is_false_positive","file_hashes","locations","vulnerability_type","repository","cache_key" ["Performance test entry 136", "56659/RSOLV-dev/perf-test/[path/to/file136.js:1360]:sql-injection", "RSOLV-dev/perf-test", Decimal.new("0.86"), 56659, [%{line: 1360, file_path: "path/to/file136.js"}], "sql-injection", %{"path/to/file136.js" => "sha256:content136"}, true, ~U[2025-12-10 20:25:22.190979Z], ~U[2025-09-11 20:25:22.190979Z], ~U[2025-09-11 20:25:22.191004Z], ~U[2025-09-11 20:25:22.191004Z]]
14:25:22.191 [debug] Cached validation stored
14:25:22.191 [debug] QUERY OK source="cached_validations" db=0.0ms
INSERT INTO "cached_validations" ("reason","cache_key","repository","confidence","forge_account_id","locations","vulnerability_type","file_hashes","is_false_positive","ttl_expires_at","cached_at","inserted_at","updated_at") VALUES ($1,$2,$3,$4,$5,$6,$7,$8,$9,$10,$11,$12,$13) ON CONFLICT ("cache_key") DO UPDATE SET "updated_at" = EXCLUDED."updated_at","inserted_at" = EXCLUDED."inserted_at","forge_account_id" = EXCLUDED."forge_account_id","invalidation_reason" = EXCLUDED."invalidation_reason","invalidated_at" = EXCLUDED."invalidated_at","ttl_expires_at" = EXCLUDED."ttl_expires_at","cached_at" = EXCLUDED."cached_at","full_result" = EXCLUDED."full_result","reason" = EXCLUDED."reason","confidence" = EXCLUDED."confidence","is_false_positive" = EXCLUDED."is_false_positive","file_hashes" = EXCLUDED."file_hashes","locations" = EXCLUDED."locations","vulnerability_type" = EXCLUDED."vulnerability_type","repository" = EXCLUDED."repository","cache_key" = EXCLUDED."cache_key" RETURNING "id","updated_at","inserted_at","forge_account_id","invalidation_reason","invalidated_at","ttl_expires_at","cached_at","full_result","reason","confidence","is_false_positive","file_hashes","locations","vulnerability_type","repository","cache_key" ["Performance test entry 137", "56659/RSOLV-dev/perf-test/[path/to/file137.js:1370]:eval", "RSOLV-dev/perf-test", Decimal.new("0.87"), 56659, [%{line: 1370, file_path: "path/to/file137.js"}], "eval", %{"path/to/file137.js" => "sha256:content137"}, false, ~U[2025-12-10 20:25:22.191136Z], ~U[2025-09-11 20:25:22.191136Z], ~U[2025-09-11 20:25:22.191163Z], ~U[2025-09-11 20:25:22.191163Z]]
14:25:22.191 [debug] Cached validation stored
14:25:22.191 [debug] QUERY OK source="cached_validations" db=0.0ms
INSERT INTO "cached_validations" ("reason","cache_key","repository","confidence","forge_account_id","locations","vulnerability_type","file_hashes","is_false_positive","ttl_expires_at","cached_at","inserted_at","updated_at") VALUES ($1,$2,$3,$4,$5,$6,$7,$8,$9,$10,$11,$12,$13) ON CONFLICT ("cache_key") DO UPDATE SET "updated_at" = EXCLUDED."updated_at","inserted_at" = EXCLUDED."inserted_at","forge_account_id" = EXCLUDED."forge_account_id","invalidation_reason" = EXCLUDED."invalidation_reason","invalidated_at" = EXCLUDED."invalidated_at","ttl_expires_at" = EXCLUDED."ttl_expires_at","cached_at" = EXCLUDED."cached_at","full_result" = EXCLUDED."full_result","reason" = EXCLUDED."reason","confidence" = EXCLUDED."confidence","is_false_positive" = EXCLUDED."is_false_positive","file_hashes" = EXCLUDED."file_hashes","locations" = EXCLUDED."locations","vulnerability_type" = EXCLUDED."vulnerability_type","repository" = EXCLUDED."repository","cache_key" = EXCLUDED."cache_key" RETURNING "id","updated_at","inserted_at","forge_account_id","invalidation_reason","invalidated_at","ttl_expires_at","cached_at","full_result","reason","confidence","is_false_positive","file_hashes","locations","vulnerability_type","repository","cache_key" ["Performance test entry 138", "56659/RSOLV-dev/perf-test/[path/to/file138.js:1380]:xss", "RSOLV-dev/perf-test", Decimal.new("0.88"), 56659, [%{line: 1380, file_path: "path/to/file138.js"}], "xss", %{"path/to/file138.js" => "sha256:content138"}, true, ~U[2025-12-10 20:25:22.191288Z], ~U[2025-09-11 20:25:22.191288Z], ~U[2025-09-11 20:25:22.191308Z], ~U[2025-09-11 20:25:22.191308Z]]
14:25:22.191 [debug] Cached validation stored
14:25:22.191 [debug] QUERY OK source="cached_validations" db=0.0ms
INSERT INTO "cached_validations" ("reason","cache_key","repository","confidence","forge_account_id","locations","vulnerability_type","file_hashes","is_false_positive","ttl_expires_at","cached_at","inserted_at","updated_at") VALUES ($1,$2,$3,$4,$5,$6,$7,$8,$9,$10,$11,$12,$13) ON CONFLICT ("cache_key") DO UPDATE SET "updated_at" = EXCLUDED."updated_at","inserted_at" = EXCLUDED."inserted_at","forge_account_id" = EXCLUDED."forge_account_id","invalidation_reason" = EXCLUDED."invalidation_reason","invalidated_at" = EXCLUDED."invalidated_at","ttl_expires_at" = EXCLUDED."ttl_expires_at","cached_at" = EXCLUDED."cached_at","full_result" = EXCLUDED."full_result","reason" = EXCLUDED."reason","confidence" = EXCLUDED."confidence","is_false_positive" = EXCLUDED."is_false_positive","file_hashes" = EXCLUDED."file_hashes","locations" = EXCLUDED."locations","vulnerability_type" = EXCLUDED."vulnerability_type","repository" = EXCLUDED."repository","cache_key" = EXCLUDED."cache_key" RETURNING "id","updated_at","inserted_at","forge_account_id","invalidation_reason","invalidated_at","ttl_expires_at","cached_at","full_result","reason","confidence","is_false_positive","file_hashes","locations","vulnerability_type","repository","cache_key" ["Performance test entry 139", "56659/RSOLV-dev/perf-test/[path/to/file139.js:1390]:eval", "RSOLV-dev/perf-test", Decimal.new("0.89"), 56659, [%{line: 1390, file_path: "path/to/file139.js"}], "eval", %{"path/to/file139.js" => "sha256:content139"}, false, ~U[2025-12-10 20:25:22.191444Z], ~U[2025-09-11 20:25:22.191444Z], ~U[2025-09-11 20:25:22.191476Z], ~U[2025-09-11 20:25:22.191476Z]]
14:25:22.191 [debug] Cached validation stored
14:25:22.191 [debug] QUERY OK source="cached_validations" db=0.0ms
INSERT INTO "cached_validations" ("reason","cache_key","repository","confidence","forge_account_id","locations","vulnerability_type","file_hashes","is_false_positive","ttl_expires_at","cached_at","inserted_at","updated_at") VALUES ($1,$2,$3,$4,$5,$6,$7,$8,$9,$10,$11,$12,$13) ON CONFLICT ("cache_key") DO UPDATE SET "updated_at" = EXCLUDED."updated_at","inserted_at" = EXCLUDED."inserted_at","forge_account_id" = EXCLUDED."forge_account_id","invalidation_reason" = EXCLUDED."invalidation_reason","invalidated_at" = EXCLUDED."invalidated_at","ttl_expires_at" = EXCLUDED."ttl_expires_at","cached_at" = EXCLUDED."cached_at","full_result" = EXCLUDED."full_result","reason" = EXCLUDED."reason","confidence" = EXCLUDED."confidence","is_false_positive" = EXCLUDED."is_false_positive","file_hashes" = EXCLUDED."file_hashes","locations" = EXCLUDED."locations","vulnerability_type" = EXCLUDED."vulnerability_type","repository" = EXCLUDED."repository","cache_key" = EXCLUDED."cache_key" RETURNING "id","updated_at","inserted_at","forge_account_id","invalidation_reason","invalidated_at","ttl_expires_at","cached_at","full_result","reason","confidence","is_false_positive","file_hashes","locations","vulnerability_type","repository","cache_key" ["Performance test entry 140", "56659/RSOLV-dev/perf-test/[path/to/file140.js:1400]:sql-injection", "RSOLV-dev/perf-test", Decimal.new("0.9"), 56659, [%{line: 1400, file_path: "path/to/file140.js"}], "sql-injection", %{"path/to/file140.js" => "sha256:content140"}, true, ~U[2025-12-10 20:25:22.191628Z], ~U[2025-09-11 20:25:22.191628Z], ~U[2025-09-11 20:25:22.191652Z], ~U[2025-09-11 20:25:22.191652Z]]
14:25:22.191 [debug] Cached validation stored
14:25:22.191 [debug] QUERY OK source="cached_validations" db=0.0ms
INSERT INTO "cached_validations" ("reason","cache_key","repository","confidence","forge_account_id","locations","vulnerability_type","file_hashes","is_false_positive","ttl_expires_at","cached_at","inserted_at","updated_at") VALUES ($1,$2,$3,$4,$5,$6,$7,$8,$9,$10,$11,$12,$13) ON CONFLICT ("cache_key") DO UPDATE SET "updated_at" = EXCLUDED."updated_at","inserted_at" = EXCLUDED."inserted_at","forge_account_id" = EXCLUDED."forge_account_id","invalidation_reason" = EXCLUDED."invalidation_reason","invalidated_at" = EXCLUDED."invalidated_at","ttl_expires_at" = EXCLUDED."ttl_expires_at","cached_at" = EXCLUDED."cached_at","full_result" = EXCLUDED."full_result","reason" = EXCLUDED."reason","confidence" = EXCLUDED."confidence","is_false_positive" = EXCLUDED."is_false_positive","file_hashes" = EXCLUDED."file_hashes","locations" = EXCLUDED."locations","vulnerability_type" = EXCLUDED."vulnerability_type","repository" = EXCLUDED."repository","cache_key" = EXCLUDED."cache_key" RETURNING "id","updated_at","inserted_at","forge_account_id","invalidation_reason","invalidated_at","ttl_expires_at","cached_at","full_result","reason","confidence","is_false_positive","file_hashes","locations","vulnerability_type","repository","cache_key" ["Performance test entry 141", "56659/RSOLV-dev/perf-test/[path/to/file141.js:1410]:xss", "RSOLV-dev/perf-test", Decimal.new("0.9099999999999999"), 56659, [%{line: 1410, file_path: "path/to/file141.js"}], "xss", %{"path/to/file141.js" => "sha256:content141"}, false, ~U[2025-12-10 20:25:22.191783Z], ~U[2025-09-11 20:25:22.191783Z], ~U[2025-09-11 20:25:22.191812Z], ~U[2025-09-11 20:25:22.191812Z]]
14:25:22.191 [debug] Cached validation stored
14:25:22.192 [debug] QUERY OK source="cached_validations" db=0.0ms
INSERT INTO "cached_validations" ("reason","cache_key","repository","confidence","forge_account_id","locations","vulnerability_type","file_hashes","is_false_positive","ttl_expires_at","cached_at","inserted_at","updated_at") VALUES ($1,$2,$3,$4,$5,$6,$7,$8,$9,$10,$11,$12,$13) ON CONFLICT ("cache_key") DO UPDATE SET "updated_at" = EXCLUDED."updated_at","inserted_at" = EXCLUDED."inserted_at","forge_account_id" = EXCLUDED."forge_account_id","invalidation_reason" = EXCLUDED."invalidation_reason","invalidated_at" = EXCLUDED."invalidated_at","ttl_expires_at" = EXCLUDED."ttl_expires_at","cached_at" = EXCLUDED."cached_at","full_result" = EXCLUDED."full_result","reason" = EXCLUDED."reason","confidence" = EXCLUDED."confidence","is_false_positive" = EXCLUDED."is_false_positive","file_hashes" = EXCLUDED."file_hashes","locations" = EXCLUDED."locations","vulnerability_type" = EXCLUDED."vulnerability_type","repository" = EXCLUDED."repository","cache_key" = EXCLUDED."cache_key" RETURNING "id","updated_at","inserted_at","forge_account_id","invalidation_reason","invalidated_at","ttl_expires_at","cached_at","full_result","reason","confidence","is_false_positive","file_hashes","locations","vulnerability_type","repository","cache_key" ["Performance test entry 142", "56659/RSOLV-dev/perf-test/[path/to/file142.js:1420]:sql-injection", "RSOLV-dev/perf-test", Decimal.new("0.9199999999999999"), 56659, [%{line: 1420, file_path: "path/to/file142.js"}], "sql-injection", %{"path/to/file142.js" => "sha256:content142"}, true, ~U[2025-12-10 20:25:22.191932Z], ~U[2025-09-11 20:25:22.191932Z], ~U[2025-09-11 20:25:22.191952Z], ~U[2025-09-11 20:25:22.191952Z]]
14:25:22.192 [debug] Cached validation stored
14:25:22.192 [debug] QUERY OK source="cached_validations" db=0.0ms
INSERT INTO "cached_validations" ("reason","cache_key","repository","confidence","forge_account_id","locations","vulnerability_type","file_hashes","is_false_positive","ttl_expires_at","cached_at","inserted_at","updated_at") VALUES ($1,$2,$3,$4,$5,$6,$7,$8,$9,$10,$11,$12,$13) ON CONFLICT ("cache_key") DO UPDATE SET "updated_at" = EXCLUDED."updated_at","inserted_at" = EXCLUDED."inserted_at","forge_account_id" = EXCLUDED."forge_account_id","invalidation_reason" = EXCLUDED."invalidation_reason","invalidated_at" = EXCLUDED."invalidated_at","ttl_expires_at" = EXCLUDED."ttl_expires_at","cached_at" = EXCLUDED."cached_at","full_result" = EXCLUDED."full_result","reason" = EXCLUDED."reason","confidence" = EXCLUDED."confidence","is_false_positive" = EXCLUDED."is_false_positive","file_hashes" = EXCLUDED."file_hashes","locations" = EXCLUDED."locations","vulnerability_type" = EXCLUDED."vulnerability_type","repository" = EXCLUDED."repository","cache_key" = EXCLUDED."cache_key" RETURNING "id","updated_at","inserted_at","forge_account_id","invalidation_reason","invalidated_at","ttl_expires_at","cached_at","full_result","reason","confidence","is_false_positive","file_hashes","locations","vulnerability_type","repository","cache_key" ["Performance test entry 143", "56659/RSOLV-dev/perf-test/[path/to/file143.js:1430]:eval", "RSOLV-dev/perf-test", Decimal.new("0.9299999999999999"), 56659, [%{line: 1430, file_path: "path/to/file143.js"}], "eval", %{"path/to/file143.js" => "sha256:content143"}, false, ~U[2025-12-10 20:25:22.192070Z], ~U[2025-09-11 20:25:22.192070Z], ~U[2025-09-11 20:25:22.192091Z], ~U[2025-09-11 20:25:22.192091Z]]
14:25:22.192 [debug] Cached validation stored
14:25:22.192 [debug] QUERY OK source="cached_validations" db=0.0ms
INSERT INTO "cached_validations" ("reason","cache_key","repository","confidence","forge_account_id","locations","vulnerability_type","file_hashes","is_false_positive","ttl_expires_at","cached_at","inserted_at","updated_at") VALUES ($1,$2,$3,$4,$5,$6,$7,$8,$9,$10,$11,$12,$13) ON CONFLICT ("cache_key") DO UPDATE SET "updated_at" = EXCLUDED."updated_at","inserted_at" = EXCLUDED."inserted_at","forge_account_id" = EXCLUDED."forge_account_id","invalidation_reason" = EXCLUDED."invalidation_reason","invalidated_at" = EXCLUDED."invalidated_at","ttl_expires_at" = EXCLUDED."ttl_expires_at","cached_at" = EXCLUDED."cached_at","full_result" = EXCLUDED."full_result","reason" = EXCLUDED."reason","confidence" = EXCLUDED."confidence","is_false_positive" = EXCLUDED."is_false_positive","file_hashes" = EXCLUDED."file_hashes","locations" = EXCLUDED."locations","vulnerability_type" = EXCLUDED."vulnerability_type","repository" = EXCLUDED."repository","cache_key" = EXCLUDED."cache_key" RETURNING "id","updated_at","inserted_at","forge_account_id","invalidation_reason","invalidated_at","ttl_expires_at","cached_at","full_result","reason","confidence","is_false_positive","file_hashes","locations","vulnerability_type","repository","cache_key" ["Performance test entry 144", "56659/RSOLV-dev/perf-test/[path/to/file144.js:1440]:xss", "RSOLV-dev/perf-test", Decimal.new("0.94"), 56659, [%{line: 1440, file_path: "path/to/file144.js"}], "xss", %{"path/to/file144.js" => "sha256:content144"}, true, ~U[2025-12-10 20:25:22.192209Z], ~U[2025-09-11 20:25:22.192209Z], ~U[2025-09-11 20:25:22.192235Z], ~U[2025-09-11 20:25:22.192235Z]]
14:25:22.192 [debug] Cached validation stored
14:25:22.192 [debug] QUERY OK source="cached_validations" db=0.0ms
INSERT INTO "cached_validations" ("reason","cache_key","repository","confidence","forge_account_id","locations","vulnerability_type","file_hashes","is_false_positive","ttl_expires_at","cached_at","inserted_at","updated_at") VALUES ($1,$2,$3,$4,$5,$6,$7,$8,$9,$10,$11,$12,$13) ON CONFLICT ("cache_key") DO UPDATE SET "updated_at" = EXCLUDED."updated_at","inserted_at" = EXCLUDED."inserted_at","forge_account_id" = EXCLUDED."forge_account_id","invalidation_reason" = EXCLUDED."invalidation_reason","invalidated_at" = EXCLUDED."invalidated_at","ttl_expires_at" = EXCLUDED."ttl_expires_at","cached_at" = EXCLUDED."cached_at","full_result" = EXCLUDED."full_result","reason" = EXCLUDED."reason","confidence" = EXCLUDED."confidence","is_false_positive" = EXCLUDED."is_false_positive","file_hashes" = EXCLUDED."file_hashes","locations" = EXCLUDED."locations","vulnerability_type" = EXCLUDED."vulnerability_type","repository" = EXCLUDED."repository","cache_key" = EXCLUDED."cache_key" RETURNING "id","updated_at","inserted_at","forge_account_id","invalidation_reason","invalidated_at","ttl_expires_at","cached_at","full_result","reason","confidence","is_false_positive","file_hashes","locations","vulnerability_type","repository","cache_key" ["Performance test entry 145", "56659/RSOLV-dev/perf-test/[path/to/file145.js:1450]:eval", "RSOLV-dev/perf-test", Decimal.new("0.95"), 56659, [%{line: 1450, file_path: "path/to/file145.js"}], "eval", %{"path/to/file145.js" => "sha256:content145"}, false, ~U[2025-12-10 20:25:22.192360Z], ~U[2025-09-11 20:25:22.192360Z], ~U[2025-09-11 20:25:22.192380Z], ~U[2025-09-11 20:25:22.192380Z]]
14:25:22.192 [debug] Cached validation stored
14:25:22.192 [debug] QUERY OK source="cached_validations" db=0.0ms
INSERT INTO "cached_validations" ("reason","cache_key","repository","confidence","forge_account_id","locations","vulnerability_type","file_hashes","is_false_positive","ttl_expires_at","cached_at","inserted_at","updated_at") VALUES ($1,$2,$3,$4,$5,$6,$7,$8,$9,$10,$11,$12,$13) ON CONFLICT ("cache_key") DO UPDATE SET "updated_at" = EXCLUDED."updated_at","inserted_at" = EXCLUDED."inserted_at","forge_account_id" = EXCLUDED."forge_account_id","invalidation_reason" = EXCLUDED."invalidation_reason","invalidated_at" = EXCLUDED."invalidated_at","ttl_expires_at" = EXCLUDED."ttl_expires_at","cached_at" = EXCLUDED."cached_at","full_result" = EXCLUDED."full_result","reason" = EXCLUDED."reason","confidence" = EXCLUDED."confidence","is_false_positive" = EXCLUDED."is_false_positive","file_hashes" = EXCLUDED."file_hashes","locations" = EXCLUDED."locations","vulnerability_type" = EXCLUDED."vulnerability_type","repository" = EXCLUDED."repository","cache_key" = EXCLUDED."cache_key" RETURNING "id","updated_at","inserted_at","forge_account_id","invalidation_reason","invalidated_at","ttl_expires_at","cached_at","full_result","reason","confidence","is_false_positive","file_hashes","locations","vulnerability_type","repository","cache_key" ["Performance test entry 146", "56659/RSOLV-dev/perf-test/[path/to/file146.js:1460]:sql-injection", "RSOLV-dev/perf-test", Decimal.new("0.96"), 56659, [%{line: 1460, file_path: "path/to/file146.js"}], "sql-injection", %{"path/to/file146.js" => "sha256:content146"}, true, ~U[2025-12-10 20:25:22.192519Z], ~U[2025-09-11 20:25:22.192519Z], ~U[2025-09-11 20:25:22.192539Z], ~U[2025-09-11 20:25:22.192539Z]]
14:25:22.192 [debug] Cached validation stored
14:25:22.192 [debug] QUERY OK source="cached_validations" db=0.0ms
INSERT INTO "cached_validations" ("reason","cache_key","repository","confidence","forge_account_id","locations","vulnerability_type","file_hashes","is_false_positive","ttl_expires_at","cached_at","inserted_at","updated_at") VALUES ($1,$2,$3,$4,$5,$6,$7,$8,$9,$10,$11,$12,$13) ON CONFLICT ("cache_key") DO UPDATE SET "updated_at" = EXCLUDED."updated_at","inserted_at" = EXCLUDED."inserted_at","forge_account_id" = EXCLUDED."forge_account_id","invalidation_reason" = EXCLUDED."invalidation_reason","invalidated_at" = EXCLUDED."invalidated_at","ttl_expires_at" = EXCLUDED."ttl_expires_at","cached_at" = EXCLUDED."cached_at","full_result" = EXCLUDED."full_result","reason" = EXCLUDED."reason","confidence" = EXCLUDED."confidence","is_false_positive" = EXCLUDED."is_false_positive","file_hashes" = EXCLUDED."file_hashes","locations" = EXCLUDED."locations","vulnerability_type" = EXCLUDED."vulnerability_type","repository" = EXCLUDED."repository","cache_key" = EXCLUDED."cache_key" RETURNING "id","updated_at","inserted_at","forge_account_id","invalidation_reason","invalidated_at","ttl_expires_at","cached_at","full_result","reason","confidence","is_false_positive","file_hashes","locations","vulnerability_type","repository","cache_key" ["Performance test entry 147", "56659/RSOLV-dev/perf-test/[path/to/file147.js:1470]:xss", "RSOLV-dev/perf-test", Decimal.new("0.97"), 56659, [%{line: 1470, file_path: "path/to/file147.js"}], "xss", %{"path/to/file147.js" => "sha256:content147"}, false, ~U[2025-12-10 20:25:22.192659Z], ~U[2025-09-11 20:25:22.192659Z], ~U[2025-09-11 20:25:22.192678Z], ~U[2025-09-11 20:25:22.192678Z]]
14:25:22.192 [debug] Cached validation stored
14:25:22.192 [debug] QUERY OK source="cached_validations" db=0.0ms
INSERT INTO "cached_validations" ("reason","cache_key","repository","confidence","forge_account_id","locations","vulnerability_type","file_hashes","is_false_positive","ttl_expires_at","cached_at","inserted_at","updated_at") VALUES ($1,$2,$3,$4,$5,$6,$7,$8,$9,$10,$11,$12,$13) ON CONFLICT ("cache_key") DO UPDATE SET "updated_at" = EXCLUDED."updated_at","inserted_at" = EXCLUDED."inserted_at","forge_account_id" = EXCLUDED."forge_account_id","invalidation_reason" = EXCLUDED."invalidation_reason","invalidated_at" = EXCLUDED."invalidated_at","ttl_expires_at" = EXCLUDED."ttl_expires_at","cached_at" = EXCLUDED."cached_at","full_result" = EXCLUDED."full_result","reason" = EXCLUDED."reason","confidence" = EXCLUDED."confidence","is_false_positive" = EXCLUDED."is_false_positive","file_hashes" = EXCLUDED."file_hashes","locations" = EXCLUDED."locations","vulnerability_type" = EXCLUDED."vulnerability_type","repository" = EXCLUDED."repository","cache_key" = EXCLUDED."cache_key" RETURNING "id","updated_at","inserted_at","forge_account_id","invalidation_reason","invalidated_at","ttl_expires_at","cached_at","full_result","reason","confidence","is_false_positive","file_hashes","locations","vulnerability_type","repository","cache_key" ["Performance test entry 148", "56659/RSOLV-dev/perf-test/[path/to/file148.js:1480]:sql-injection", "RSOLV-dev/perf-test", Decimal.new("0.98"), 56659, [%{line: 1480, file_path: "path/to/file148.js"}], "sql-injection", %{"path/to/file148.js" => "sha256:content148"}, true, ~U[2025-12-10 20:25:22.192812Z], ~U[2025-09-11 20:25:22.192812Z], ~U[2025-09-11 20:25:22.192849Z], ~U[2025-09-11 20:25:22.192849Z]]
14:25:22.192 [debug] Cached validation stored
14:25:22.193 [debug] QUERY OK source="cached_validations" db=0.0ms
INSERT INTO "cached_validations" ("reason","cache_key","repository","confidence","forge_account_id","locations","vulnerability_type","file_hashes","is_false_positive","ttl_expires_at","cached_at","inserted_at","updated_at") VALUES ($1,$2,$3,$4,$5,$6,$7,$8,$9,$10,$11,$12,$13) ON CONFLICT ("cache_key") DO UPDATE SET "updated_at" = EXCLUDED."updated_at","inserted_at" = EXCLUDED."inserted_at","forge_account_id" = EXCLUDED."forge_account_id","invalidation_reason" = EXCLUDED."invalidation_reason","invalidated_at" = EXCLUDED."invalidated_at","ttl_expires_at" = EXCLUDED."ttl_expires_at","cached_at" = EXCLUDED."cached_at","full_result" = EXCLUDED."full_result","reason" = EXCLUDED."reason","confidence" = EXCLUDED."confidence","is_false_positive" = EXCLUDED."is_false_positive","file_hashes" = EXCLUDED."file_hashes","locations" = EXCLUDED."locations","vulnerability_type" = EXCLUDED."vulnerability_type","repository" = EXCLUDED."repository","cache_key" = EXCLUDED."cache_key" RETURNING "id","updated_at","inserted_at","forge_account_id","invalidation_reason","invalidated_at","ttl_expires_at","cached_at","full_result","reason","confidence","is_false_positive","file_hashes","locations","vulnerability_type","repository","cache_key" ["Performance test entry 149", "56659/RSOLV-dev/perf-test/[path/to/file149.js:1490]:eval", "RSOLV-dev/perf-test", Decimal.new("0.99"), 56659, [%{line: 1490, file_path: "path/to/file149.js"}], "eval", %{"path/to/file149.js" => "sha256:content149"}, false, ~U[2025-12-10 20:25:22.192994Z], ~U[2025-09-11 20:25:22.192994Z], ~U[2025-09-11 20:25:22.193020Z], ~U[2025-09-11 20:25:22.193020Z]]
14:25:22.193 [debug] Cached validation stored
14:25:22.193 [debug] QUERY OK source="cached_validations" db=0.0ms
INSERT INTO "cached_validations" ("reason","cache_key","repository","confidence","forge_account_id","locations","vulnerability_type","file_hashes","is_false_positive","ttl_expires_at","cached_at","inserted_at","updated_at") VALUES ($1,$2,$3,$4,$5,$6,$7,$8,$9,$10,$11,$12,$13) ON CONFLICT ("cache_key") DO UPDATE SET "updated_at" = EXCLUDED."updated_at","inserted_at" = EXCLUDED."inserted_at","forge_account_id" = EXCLUDED."forge_account_id","invalidation_reason" = EXCLUDED."invalidation_reason","invalidated_at" = EXCLUDED."invalidated_at","ttl_expires_at" = EXCLUDED."ttl_expires_at","cached_at" = EXCLUDED."cached_at","full_result" = EXCLUDED."full_result","reason" = EXCLUDED."reason","confidence" = EXCLUDED."confidence","is_false_positive" = EXCLUDED."is_false_positive","file_hashes" = EXCLUDED."file_hashes","locations" = EXCLUDED."locations","vulnerability_type" = EXCLUDED."vulnerability_type","repository" = EXCLUDED."repository","cache_key" = EXCLUDED."cache_key" RETURNING "id","updated_at","inserted_at","forge_account_id","invalidation_reason","invalidated_at","ttl_expires_at","cached_at","full_result","reason","confidence","is_false_positive","file_hashes","locations","vulnerability_type","repository","cache_key" ["Performance test entry 150", "56659/RSOLV-dev/perf-test/[path/to/file150.js:1500]:xss", "RSOLV-dev/perf-test", Decimal.new("0.5"), 56659, [%{line: 1500, file_path: "path/to/file150.js"}], "xss", %{"path/to/file150.js" => "sha256:content150"}, true, ~U[2025-12-10 20:25:22.193156Z], ~U[2025-09-11 20:25:22.193156Z], ~U[2025-09-11 20:25:22.193181Z], ~U[2025-09-11 20:25:22.193181Z]]
14:25:22.193 [debug] Cached validation stored
14:25:22.193 [debug] QUERY OK source="cached_validations" db=0.0ms
INSERT INTO "cached_validations" ("reason","cache_key","repository","confidence","forge_account_id","locations","vulnerability_type","file_hashes","is_false_positive","ttl_expires_at","cached_at","inserted_at","updated_at") VALUES ($1,$2,$3,$4,$5,$6,$7,$8,$9,$10,$11,$12,$13) ON CONFLICT ("cache_key") DO UPDATE SET "updated_at" = EXCLUDED."updated_at","inserted_at" = EXCLUDED."inserted_at","forge_account_id" = EXCLUDED."forge_account_id","invalidation_reason" = EXCLUDED."invalidation_reason","invalidated_at" = EXCLUDED."invalidated_at","ttl_expires_at" = EXCLUDED."ttl_expires_at","cached_at" = EXCLUDED."cached_at","full_result" = EXCLUDED."full_result","reason" = EXCLUDED."reason","confidence" = EXCLUDED."confidence","is_false_positive" = EXCLUDED."is_false_positive","file_hashes" = EXCLUDED."file_hashes","locations" = EXCLUDED."locations","vulnerability_type" = EXCLUDED."vulnerability_type","repository" = EXCLUDED."repository","cache_key" = EXCLUDED."cache_key" RETURNING "id","updated_at","inserted_at","forge_account_id","invalidation_reason","invalidated_at","ttl_expires_at","cached_at","full_result","reason","confidence","is_false_positive","file_hashes","locations","vulnerability_type","repository","cache_key" ["Performance test entry 151", "56659/RSOLV-dev/perf-test/[path/to/file151.js:1510]:eval", "RSOLV-dev/perf-test", Decimal.new("0.51"), 56659, [%{line: 1510, file_path: "path/to/file151.js"}], "eval", %{"path/to/file151.js" => "sha256:content151"}, false, ~U[2025-12-10 20:25:22.193312Z], ~U[2025-09-11 20:25:22.193312Z], ~U[2025-09-11 20:25:22.193340Z], ~U[2025-09-11 20:25:22.193340Z]]
14:25:22.193 [debug] Cached validation stored
14:25:22.193 [debug] QUERY OK source="cached_validations" db=0.0ms
INSERT INTO "cached_validations" ("reason","cache_key","repository","confidence","forge_account_id","locations","vulnerability_type","file_hashes","is_false_positive","ttl_expires_at","cached_at","inserted_at","updated_at") VALUES ($1,$2,$3,$4,$5,$6,$7,$8,$9,$10,$11,$12,$13) ON CONFLICT ("cache_key") DO UPDATE SET "updated_at" = EXCLUDED."updated_at","inserted_at" = EXCLUDED."inserted_at","forge_account_id" = EXCLUDED."forge_account_id","invalidation_reason" = EXCLUDED."invalidation_reason","invalidated_at" = EXCLUDED."invalidated_at","ttl_expires_at" = EXCLUDED."ttl_expires_at","cached_at" = EXCLUDED."cached_at","full_result" = EXCLUDED."full_result","reason" = EXCLUDED."reason","confidence" = EXCLUDED."confidence","is_false_positive" = EXCLUDED."is_false_positive","file_hashes" = EXCLUDED."file_hashes","locations" = EXCLUDED."locations","vulnerability_type" = EXCLUDED."vulnerability_type","repository" = EXCLUDED."repository","cache_key" = EXCLUDED."cache_key" RETURNING "id","updated_at","inserted_at","forge_account_id","invalidation_reason","invalidated_at","ttl_expires_at","cached_at","full_result","reason","confidence","is_false_positive","file_hashes","locations","vulnerability_type","repository","cache_key" ["Performance test entry 152", "56659/RSOLV-dev/perf-test/[path/to/file152.js:1520]:sql-injection", "RSOLV-dev/perf-test", Decimal.new("0.52"), 56659, [%{line: 1520, file_path: "path/to/file152.js"}], "sql-injection", %{"path/to/file152.js" => "sha256:content152"}, true, ~U[2025-12-10 20:25:22.193476Z], ~U[2025-09-11 20:25:22.193476Z], ~U[2025-09-11 20:25:22.193506Z], ~U[2025-09-11 20:25:22.193506Z]]
14:25:22.193 [debug] Cached validation stored
14:25:22.193 [debug] QUERY OK source="cached_validations" db=0.0ms
INSERT INTO "cached_validations" ("reason","cache_key","repository","confidence","forge_account_id","locations","vulnerability_type","file_hashes","is_false_positive","ttl_expires_at","cached_at","inserted_at","updated_at") VALUES ($1,$2,$3,$4,$5,$6,$7,$8,$9,$10,$11,$12,$13) ON CONFLICT ("cache_key") DO UPDATE SET "updated_at" = EXCLUDED."updated_at","inserted_at" = EXCLUDED."inserted_at","forge_account_id" = EXCLUDED."forge_account_id","invalidation_reason" = EXCLUDED."invalidation_reason","invalidated_at" = EXCLUDED."invalidated_at","ttl_expires_at" = EXCLUDED."ttl_expires_at","cached_at" = EXCLUDED."cached_at","full_result" = EXCLUDED."full_result","reason" = EXCLUDED."reason","confidence" = EXCLUDED."confidence","is_false_positive" = EXCLUDED."is_false_positive","file_hashes" = EXCLUDED."file_hashes","locations" = EXCLUDED."locations","vulnerability_type" = EXCLUDED."vulnerability_type","repository" = EXCLUDED."repository","cache_key" = EXCLUDED."cache_key" RETURNING "id","updated_at","inserted_at","forge_account_id","invalidation_reason","invalidated_at","ttl_expires_at","cached_at","full_result","reason","confidence","is_false_positive","file_hashes","locations","vulnerability_type","repository","cache_key" ["Performance test entry 153", "56659/RSOLV-dev/perf-test/[path/to/file153.js:1530]:xss", "RSOLV-dev/perf-test", Decimal.new("0.53"), 56659, [%{line: 1530, file_path: "path/to/file153.js"}], "xss", %{"path/to/file153.js" => "sha256:content153"}, false, ~U[2025-12-10 20:25:22.193640Z], ~U[2025-09-11 20:25:22.193640Z], ~U[2025-09-11 20:25:22.193664Z], ~U[2025-09-11 20:25:22.193664Z]]
14:25:22.193 [debug] Cached validation stored
14:25:22.193 [debug] QUERY OK source="cached_validations" db=0.0ms
INSERT INTO "cached_validations" ("reason","cache_key","repository","confidence","forge_account_id","locations","vulnerability_type","file_hashes","is_false_positive","ttl_expires_at","cached_at","inserted_at","updated_at") VALUES ($1,$2,$3,$4,$5,$6,$7,$8,$9,$10,$11,$12,$13) ON CONFLICT ("cache_key") DO UPDATE SET "updated_at" = EXCLUDED."updated_at","inserted_at" = EXCLUDED."inserted_at","forge_account_id" = EXCLUDED."forge_account_id","invalidation_reason" = EXCLUDED."invalidation_reason","invalidated_at" = EXCLUDED."invalidated_at","ttl_expires_at" = EXCLUDED."ttl_expires_at","cached_at" = EXCLUDED."cached_at","full_result" = EXCLUDED."full_result","reason" = EXCLUDED."reason","confidence" = EXCLUDED."confidence","is_false_positive" = EXCLUDED."is_false_positive","file_hashes" = EXCLUDED."file_hashes","locations" = EXCLUDED."locations","vulnerability_type" = EXCLUDED."vulnerability_type","repository" = EXCLUDED."repository","cache_key" = EXCLUDED."cache_key" RETURNING "id","updated_at","inserted_at","forge_account_id","invalidation_reason","invalidated_at","ttl_expires_at","cached_at","full_result","reason","confidence","is_false_positive","file_hashes","locations","vulnerability_type","repository","cache_key" ["Performance test entry 154", "56659/RSOLV-dev/perf-test/[path/to/file154.js:1540]:sql-injection", "RSOLV-dev/perf-test", Decimal.new("0.54"), 56659, [%{line: 1540, file_path: "path/to/file154.js"}], "sql-injection", %{"path/to/file154.js" => "sha256:content154"}, true, ~U[2025-12-10 20:25:22.193823Z], ~U[2025-09-11 20:25:22.193823Z], ~U[2025-09-11 20:25:22.193846Z], ~U[2025-09-11 20:25:22.193846Z]]
14:25:22.193 [debug] Cached validation stored
14:25:22.194 [debug] QUERY OK source="cached_validations" db=0.0ms
INSERT INTO "cached_validations" ("reason","cache_key","repository","confidence","forge_account_id","locations","vulnerability_type","file_hashes","is_false_positive","ttl_expires_at","cached_at","inserted_at","updated_at") VALUES ($1,$2,$3,$4,$5,$6,$7,$8,$9,$10,$11,$12,$13) ON CONFLICT ("cache_key") DO UPDATE SET "updated_at" = EXCLUDED."updated_at","inserted_at" = EXCLUDED."inserted_at","forge_account_id" = EXCLUDED."forge_account_id","invalidation_reason" = EXCLUDED."invalidation_reason","invalidated_at" = EXCLUDED."invalidated_at","ttl_expires_at" = EXCLUDED."ttl_expires_at","cached_at" = EXCLUDED."cached_at","full_result" = EXCLUDED."full_result","reason" = EXCLUDED."reason","confidence" = EXCLUDED."confidence","is_false_positive" = EXCLUDED."is_false_positive","file_hashes" = EXCLUDED."file_hashes","locations" = EXCLUDED."locations","vulnerability_type" = EXCLUDED."vulnerability_type","repository" = EXCLUDED."repository","cache_key" = EXCLUDED."cache_key" RETURNING "id","updated_at","inserted_at","forge_account_id","invalidation_reason","invalidated_at","ttl_expires_at","cached_at","full_result","reason","confidence","is_false_positive","file_hashes","locations","vulnerability_type","repository","cache_key" ["Performance test entry 155", "56659/RSOLV-dev/perf-test/[path/to/file155.js:1550]:eval", "RSOLV-dev/perf-test", Decimal.new("0.55"), 56659, [%{line: 1550, file_path: "path/to/file155.js"}], "eval", %{"path/to/file155.js" => "sha256:content155"}, false, ~U[2025-12-10 20:25:22.193981Z], ~U[2025-09-11 20:25:22.193981Z], ~U[2025-09-11 20:25:22.194003Z], ~U[2025-09-11 20:25:22.194003Z]]
14:25:22.194 [debug] Cached validation stored
14:25:22.194 [debug] QUERY OK source="cached_validations" db=0.0ms
INSERT INTO "cached_validations" ("reason","cache_key","repository","confidence","forge_account_id","locations","vulnerability_type","file_hashes","is_false_positive","ttl_expires_at","cached_at","inserted_at","updated_at") VALUES ($1,$2,$3,$4,$5,$6,$7,$8,$9,$10,$11,$12,$13) ON CONFLICT ("cache_key") DO UPDATE SET "updated_at" = EXCLUDED."updated_at","inserted_at" = EXCLUDED."inserted_at","forge_account_id" = EXCLUDED."forge_account_id","invalidation_reason" = EXCLUDED."invalidation_reason","invalidated_at" = EXCLUDED."invalidated_at","ttl_expires_at" = EXCLUDED."ttl_expires_at","cached_at" = EXCLUDED."cached_at","full_result" = EXCLUDED."full_result","reason" = EXCLUDED."reason","confidence" = EXCLUDED."confidence","is_false_positive" = EXCLUDED."is_false_positive","file_hashes" = EXCLUDED."file_hashes","locations" = EXCLUDED."locations","vulnerability_type" = EXCLUDED."vulnerability_type","repository" = EXCLUDED."repository","cache_key" = EXCLUDED."cache_key" RETURNING "id","updated_at","inserted_at","forge_account_id","invalidation_reason","invalidated_at","ttl_expires_at","cached_at","full_result","reason","confidence","is_false_positive","file_hashes","locations","vulnerability_type","repository","cache_key" ["Performance test entry 156", "56659/RSOLV-dev/perf-test/[path/to/file156.js:1560]:xss", "RSOLV-dev/perf-test", Decimal.new("0.56"), 56659, [%{line: 1560, file_path: "path/to/file156.js"}], "xss", %{"path/to/file156.js" => "sha256:content156"}, true, ~U[2025-12-10 20:25:22.194134Z], ~U[2025-09-11 20:25:22.194134Z], ~U[2025-09-11 20:25:22.194168Z], ~U[2025-09-11 20:25:22.194168Z]]
14:25:22.194 [debug] Cached validation stored
14:25:22.194 [debug] QUERY OK source="cached_validations" db=0.0ms
INSERT INTO "cached_validations" ("reason","cache_key","repository","confidence","forge_account_id","locations","vulnerability_type","file_hashes","is_false_positive","ttl_expires_at","cached_at","inserted_at","updated_at") VALUES ($1,$2,$3,$4,$5,$6,$7,$8,$9,$10,$11,$12,$13) ON CONFLICT ("cache_key") DO UPDATE SET "updated_at" = EXCLUDED."updated_at","inserted_at" = EXCLUDED."inserted_at","forge_account_id" = EXCLUDED."forge_account_id","invalidation_reason" = EXCLUDED."invalidation_reason","invalidated_at" = EXCLUDED."invalidated_at","ttl_expires_at" = EXCLUDED."ttl_expires_at","cached_at" = EXCLUDED."cached_at","full_result" = EXCLUDED."full_result","reason" = EXCLUDED."reason","confidence" = EXCLUDED."confidence","is_false_positive" = EXCLUDED."is_false_positive","file_hashes" = EXCLUDED."file_hashes","locations" = EXCLUDED."locations","vulnerability_type" = EXCLUDED."vulnerability_type","repository" = EXCLUDED."repository","cache_key" = EXCLUDED."cache_key" RETURNING "id","updated_at","inserted_at","forge_account_id","invalidation_reason","invalidated_at","ttl_expires_at","cached_at","full_result","reason","confidence","is_false_positive","file_hashes","locations","vulnerability_type","repository","cache_key" ["Performance test entry 157", "56659/RSOLV-dev/perf-test/[path/to/file157.js:1570]:eval", "RSOLV-dev/perf-test", Decimal.new("0.5700000000000001"), 56659, [%{line: 1570, file_path: "path/to/file157.js"}], "eval", %{"path/to/file157.js" => "sha256:content157"}, false, ~U[2025-12-10 20:25:22.194300Z], ~U[2025-09-11 20:25:22.194300Z], ~U[2025-09-11 20:25:22.194323Z], ~U[2025-09-11 20:25:22.194323Z]]
14:25:22.194 [debug] Cached validation stored
14:25:22.194 [debug] QUERY OK source="cached_validations" db=0.0ms
INSERT INTO "cached_validations" ("reason","cache_key","repository","confidence","forge_account_id","locations","vulnerability_type","file_hashes","is_false_positive","ttl_expires_at","cached_at","inserted_at","updated_at") VALUES ($1,$2,$3,$4,$5,$6,$7,$8,$9,$10,$11,$12,$13) ON CONFLICT ("cache_key") DO UPDATE SET "updated_at" = EXCLUDED."updated_at","inserted_at" = EXCLUDED."inserted_at","forge_account_id" = EXCLUDED."forge_account_id","invalidation_reason" = EXCLUDED."invalidation_reason","invalidated_at" = EXCLUDED."invalidated_at","ttl_expires_at" = EXCLUDED."ttl_expires_at","cached_at" = EXCLUDED."cached_at","full_result" = EXCLUDED."full_result","reason" = EXCLUDED."reason","confidence" = EXCLUDED."confidence","is_false_positive" = EXCLUDED."is_false_positive","file_hashes" = EXCLUDED."file_hashes","locations" = EXCLUDED."locations","vulnerability_type" = EXCLUDED."vulnerability_type","repository" = EXCLUDED."repository","cache_key" = EXCLUDED."cache_key" RETURNING "id","updated_at","inserted_at","forge_account_id","invalidation_reason","invalidated_at","ttl_expires_at","cached_at","full_result","reason","confidence","is_false_positive","file_hashes","locations","vulnerability_type","repository","cache_key" ["Performance test entry 158", "56659/RSOLV-dev/perf-test/[path/to/file158.js:1580]:sql-injection", "RSOLV-dev/perf-test", Decimal.new("0.58"), 56659, [%{line: 1580, file_path: "path/to/file158.js"}], "sql-injection", %{"path/to/file158.js" => "sha256:content158"}, true, ~U[2025-12-10 20:25:22.194461Z], ~U[2025-09-11 20:25:22.194461Z], ~U[2025-09-11 20:25:22.194485Z], ~U[2025-09-11 20:25:22.194485Z]]
14:25:22.194 [debug] Cached validation stored
14:25:22.194 [debug] QUERY OK source="cached_validations" db=0.0ms
INSERT INTO "cached_validations" ("reason","cache_key","repository","confidence","forge_account_id","locations","vulnerability_type","file_hashes","is_false_positive","ttl_expires_at","cached_at","inserted_at","updated_at") VALUES ($1,$2,$3,$4,$5,$6,$7,$8,$9,$10,$11,$12,$13) ON CONFLICT ("cache_key") DO UPDATE SET "updated_at" = EXCLUDED."updated_at","inserted_at" = EXCLUDED."inserted_at","forge_account_id" = EXCLUDED."forge_account_id","invalidation_reason" = EXCLUDED."invalidation_reason","invalidated_at" = EXCLUDED."invalidated_at","ttl_expires_at" = EXCLUDED."ttl_expires_at","cached_at" = EXCLUDED."cached_at","full_result" = EXCLUDED."full_result","reason" = EXCLUDED."reason","confidence" = EXCLUDED."confidence","is_false_positive" = EXCLUDED."is_false_positive","file_hashes" = EXCLUDED."file_hashes","locations" = EXCLUDED."locations","vulnerability_type" = EXCLUDED."vulnerability_type","repository" = EXCLUDED."repository","cache_key" = EXCLUDED."cache_key" RETURNING "id","updated_at","inserted_at","forge_account_id","invalidation_reason","invalidated_at","ttl_expires_at","cached_at","full_result","reason","confidence","is_false_positive","file_hashes","locations","vulnerability_type","repository","cache_key" ["Performance test entry 159", "56659/RSOLV-dev/perf-test/[path/to/file159.js:1590]:xss", "RSOLV-dev/perf-test", Decimal.new("0.59"), 56659, [%{line: 1590, file_path: "path/to/file159.js"}], "xss", %{"path/to/file159.js" => "sha256:content159"}, false, ~U[2025-12-10 20:25:22.194609Z], ~U[2025-09-11 20:25:22.194609Z], ~U[2025-09-11 20:25:22.194633Z], ~U[2025-09-11 20:25:22.194633Z]]
14:25:22.194 [debug] Cached validation stored
14:25:22.194 [debug] QUERY OK source="cached_validations" db=0.0ms
INSERT INTO "cached_validations" ("reason","cache_key","repository","confidence","forge_account_id","locations","vulnerability_type","file_hashes","is_false_positive","ttl_expires_at","cached_at","inserted_at","updated_at") VALUES ($1,$2,$3,$4,$5,$6,$7,$8,$9,$10,$11,$12,$13) ON CONFLICT ("cache_key") DO UPDATE SET "updated_at" = EXCLUDED."updated_at","inserted_at" = EXCLUDED."inserted_at","forge_account_id" = EXCLUDED."forge_account_id","invalidation_reason" = EXCLUDED."invalidation_reason","invalidated_at" = EXCLUDED."invalidated_at","ttl_expires_at" = EXCLUDED."ttl_expires_at","cached_at" = EXCLUDED."cached_at","full_result" = EXCLUDED."full_result","reason" = EXCLUDED."reason","confidence" = EXCLUDED."confidence","is_false_positive" = EXCLUDED."is_false_positive","file_hashes" = EXCLUDED."file_hashes","locations" = EXCLUDED."locations","vulnerability_type" = EXCLUDED."vulnerability_type","repository" = EXCLUDED."repository","cache_key" = EXCLUDED."cache_key" RETURNING "id","updated_at","inserted_at","forge_account_id","invalidation_reason","invalidated_at","ttl_expires_at","cached_at","full_result","reason","confidence","is_false_positive","file_hashes","locations","vulnerability_type","repository","cache_key" ["Performance test entry 160", "56659/RSOLV-dev/perf-test/[path/to/file160.js:1600]:sql-injection", "RSOLV-dev/perf-test", Decimal.new("0.6"), 56659, [%{line: 1600, file_path: "path/to/file160.js"}], "sql-injection", %{"path/to/file160.js" => "sha256:content160"}, true, ~U[2025-12-10 20:25:22.194750Z], ~U[2025-09-11 20:25:22.194750Z], ~U[2025-09-11 20:25:22.194780Z], ~U[2025-09-11 20:25:22.194780Z]]
14:25:22.194 [debug] Cached validation stored
14:25:22.195 [debug] QUERY OK source="cached_validations" db=0.0ms
INSERT INTO "cached_validations" ("reason","cache_key","repository","confidence","forge_account_id","locations","vulnerability_type","file_hashes","is_false_positive","ttl_expires_at","cached_at","inserted_at","updated_at") VALUES ($1,$2,$3,$4,$5,$6,$7,$8,$9,$10,$11,$12,$13) ON CONFLICT ("cache_key") DO UPDATE SET "updated_at" = EXCLUDED."updated_at","inserted_at" = EXCLUDED."inserted_at","forge_account_id" = EXCLUDED."forge_account_id","invalidation_reason" = EXCLUDED."invalidation_reason","invalidated_at" = EXCLUDED."invalidated_at","ttl_expires_at" = EXCLUDED."ttl_expires_at","cached_at" = EXCLUDED."cached_at","full_result" = EXCLUDED."full_result","reason" = EXCLUDED."reason","confidence" = EXCLUDED."confidence","is_false_positive" = EXCLUDED."is_false_positive","file_hashes" = EXCLUDED."file_hashes","locations" = EXCLUDED."locations","vulnerability_type" = EXCLUDED."vulnerability_type","repository" = EXCLUDED."repository","cache_key" = EXCLUDED."cache_key" RETURNING "id","updated_at","inserted_at","forge_account_id","invalidation_reason","invalidated_at","ttl_expires_at","cached_at","full_result","reason","confidence","is_false_positive","file_hashes","locations","vulnerability_type","repository","cache_key" ["Performance test entry 161", "56659/RSOLV-dev/perf-test/[path/to/file161.js:1610]:eval", "RSOLV-dev/perf-test", Decimal.new("0.61"), 56659, [%{line: 1610, file_path: "path/to/file161.js"}], "eval", %{"path/to/file161.js" => "sha256:content161"}, false, ~U[2025-12-10 20:25:22.194945Z], ~U[2025-09-11 20:25:22.194945Z], ~U[2025-09-11 20:25:22.194968Z], ~U[2025-09-11 20:25:22.194968Z]]
14:25:22.195 [debug] Cached validation stored
14:25:22.195 [debug] QUERY OK source="cached_validations" db=0.0ms
INSERT INTO "cached_validations" ("reason","cache_key","repository","confidence","forge_account_id","locations","vulnerability_type","file_hashes","is_false_positive","ttl_expires_at","cached_at","inserted_at","updated_at") VALUES ($1,$2,$3,$4,$5,$6,$7,$8,$9,$10,$11,$12,$13) ON CONFLICT ("cache_key") DO UPDATE SET "updated_at" = EXCLUDED."updated_at","inserted_at" = EXCLUDED."inserted_at","forge_account_id" = EXCLUDED."forge_account_id","invalidation_reason" = EXCLUDED."invalidation_reason","invalidated_at" = EXCLUDED."invalidated_at","ttl_expires_at" = EXCLUDED."ttl_expires_at","cached_at" = EXCLUDED."cached_at","full_result" = EXCLUDED."full_result","reason" = EXCLUDED."reason","confidence" = EXCLUDED."confidence","is_false_positive" = EXCLUDED."is_false_positive","file_hashes" = EXCLUDED."file_hashes","locations" = EXCLUDED."locations","vulnerability_type" = EXCLUDED."vulnerability_type","repository" = EXCLUDED."repository","cache_key" = EXCLUDED."cache_key" RETURNING "id","updated_at","inserted_at","forge_account_id","invalidation_reason","invalidated_at","ttl_expires_at","cached_at","full_result","reason","confidence","is_false_positive","file_hashes","locations","vulnerability_type","repository","cache_key" ["Performance test entry 162", "56659/RSOLV-dev/perf-test/[path/to/file162.js:1620]:xss", "RSOLV-dev/perf-test", Decimal.new("0.62"), 56659, [%{line: 1620, file_path: "path/to/file162.js"}], "xss", %{"path/to/file162.js" => "sha256:content162"}, true, ~U[2025-12-10 20:25:22.195101Z], ~U[2025-09-11 20:25:22.195101Z], ~U[2025-09-11 20:25:22.195129Z], ~U[2025-09-11 20:25:22.195129Z]]
14:25:22.195 [debug] Cached validation stored
14:25:22.195 [debug] QUERY OK source="cached_validations" db=0.0ms
INSERT INTO "cached_validations" ("reason","cache_key","repository","confidence","forge_account_id","locations","vulnerability_type","file_hashes","is_false_positive","ttl_expires_at","cached_at","inserted_at","updated_at") VALUES ($1,$2,$3,$4,$5,$6,$7,$8,$9,$10,$11,$12,$13) ON CONFLICT ("cache_key") DO UPDATE SET "updated_at" = EXCLUDED."updated_at","inserted_at" = EXCLUDED."inserted_at","forge_account_id" = EXCLUDED."forge_account_id","invalidation_reason" = EXCLUDED."invalidation_reason","invalidated_at" = EXCLUDED."invalidated_at","ttl_expires_at" = EXCLUDED."ttl_expires_at","cached_at" = EXCLUDED."cached_at","full_result" = EXCLUDED."full_result","reason" = EXCLUDED."reason","confidence" = EXCLUDED."confidence","is_false_positive" = EXCLUDED."is_false_positive","file_hashes" = EXCLUDED."file_hashes","locations" = EXCLUDED."locations","vulnerability_type" = EXCLUDED."vulnerability_type","repository" = EXCLUDED."repository","cache_key" = EXCLUDED."cache_key" RETURNING "id","updated_at","inserted_at","forge_account_id","invalidation_reason","invalidated_at","ttl_expires_at","cached_at","full_result","reason","confidence","is_false_positive","file_hashes","locations","vulnerability_type","repository","cache_key" ["Performance test entry 163", "56659/RSOLV-dev/perf-test/[path/to/file163.js:1630]:eval", "RSOLV-dev/perf-test", Decimal.new("0.63"), 56659, [%{line: 1630, file_path: "path/to/file163.js"}], "eval", %{"path/to/file163.js" => "sha256:content163"}, false, ~U[2025-12-10 20:25:22.195264Z], ~U[2025-09-11 20:25:22.195264Z], ~U[2025-09-11 20:25:22.195286Z], ~U[2025-09-11 20:25:22.195286Z]]
14:25:22.195 [debug] Cached validation stored
14:25:22.195 [debug] QUERY OK source="cached_validations" db=0.0ms
INSERT INTO "cached_validations" ("reason","cache_key","repository","confidence","forge_account_id","locations","vulnerability_type","file_hashes","is_false_positive","ttl_expires_at","cached_at","inserted_at","updated_at") VALUES ($1,$2,$3,$4,$5,$6,$7,$8,$9,$10,$11,$12,$13) ON CONFLICT ("cache_key") DO UPDATE SET "updated_at" = EXCLUDED."updated_at","inserted_at" = EXCLUDED."inserted_at","forge_account_id" = EXCLUDED."forge_account_id","invalidation_reason" = EXCLUDED."invalidation_reason","invalidated_at" = EXCLUDED."invalidated_at","ttl_expires_at" = EXCLUDED."ttl_expires_at","cached_at" = EXCLUDED."cached_at","full_result" = EXCLUDED."full_result","reason" = EXCLUDED."reason","confidence" = EXCLUDED."confidence","is_false_positive" = EXCLUDED."is_false_positive","file_hashes" = EXCLUDED."file_hashes","locations" = EXCLUDED."locations","vulnerability_type" = EXCLUDED."vulnerability_type","repository" = EXCLUDED."repository","cache_key" = EXCLUDED."cache_key" RETURNING "id","updated_at","inserted_at","forge_account_id","invalidation_reason","invalidated_at","ttl_expires_at","cached_at","full_result","reason","confidence","is_false_positive","file_hashes","locations","vulnerability_type","repository","cache_key" ["Performance test entry 164", "56659/RSOLV-dev/perf-test/[path/to/file164.js:1640]:sql-injection", "RSOLV-dev/perf-test", Decimal.new("0.64"), 56659, [%{line: 1640, file_path: "path/to/file164.js"}], "sql-injection", %{"path/to/file164.js" => "sha256:content164"}, true, ~U[2025-12-10 20:25:22.195426Z], ~U[2025-09-11 20:25:22.195426Z], ~U[2025-09-11 20:25:22.195450Z], ~U[2025-09-11 20:25:22.195450Z]]
14:25:22.195 [debug] Cached validation stored
14:25:22.195 [debug] QUERY OK source="cached_validations" db=0.0ms
INSERT INTO "cached_validations" ("reason","cache_key","repository","confidence","forge_account_id","locations","vulnerability_type","file_hashes","is_false_positive","ttl_expires_at","cached_at","inserted_at","updated_at") VALUES ($1,$2,$3,$4,$5,$6,$7,$8,$9,$10,$11,$12,$13) ON CONFLICT ("cache_key") DO UPDATE SET "updated_at" = EXCLUDED."updated_at","inserted_at" = EXCLUDED."inserted_at","forge_account_id" = EXCLUDED."forge_account_id","invalidation_reason" = EXCLUDED."invalidation_reason","invalidated_at" = EXCLUDED."invalidated_at","ttl_expires_at" = EXCLUDED."ttl_expires_at","cached_at" = EXCLUDED."cached_at","full_result" = EXCLUDED."full_result","reason" = EXCLUDED."reason","confidence" = EXCLUDED."confidence","is_false_positive" = EXCLUDED."is_false_positive","file_hashes" = EXCLUDED."file_hashes","locations" = EXCLUDED."locations","vulnerability_type" = EXCLUDED."vulnerability_type","repository" = EXCLUDED."repository","cache_key" = EXCLUDED."cache_key" RETURNING "id","updated_at","inserted_at","forge_account_id","invalidation_reason","invalidated_at","ttl_expires_at","cached_at","full_result","reason","confidence","is_false_positive","file_hashes","locations","vulnerability_type","repository","cache_key" ["Performance test entry 165", "56659/RSOLV-dev/perf-test/[path/to/file165.js:1650]:xss", "RSOLV-dev/perf-test", Decimal.new("0.65"), 56659, [%{line: 1650, file_path: "path/to/file165.js"}], "xss", %{"path/to/file165.js" => "sha256:content165"}, false, ~U[2025-12-10 20:25:22.195582Z], ~U[2025-09-11 20:25:22.195582Z], ~U[2025-09-11 20:25:22.195612Z], ~U[2025-09-11 20:25:22.195612Z]]
14:25:22.195 [debug] Cached validation stored
14:25:22.195 [debug] QUERY OK source="cached_validations" db=0.0ms
INSERT INTO "cached_validations" ("reason","cache_key","repository","confidence","forge_account_id","locations","vulnerability_type","file_hashes","is_false_positive","ttl_expires_at","cached_at","inserted_at","updated_at") VALUES ($1,$2,$3,$4,$5,$6,$7,$8,$9,$10,$11,$12,$13) ON CONFLICT ("cache_key") DO UPDATE SET "updated_at" = EXCLUDED."updated_at","inserted_at" = EXCLUDED."inserted_at","forge_account_id" = EXCLUDED."forge_account_id","invalidation_reason" = EXCLUDED."invalidation_reason","invalidated_at" = EXCLUDED."invalidated_at","ttl_expires_at" = EXCLUDED."ttl_expires_at","cached_at" = EXCLUDED."cached_at","full_result" = EXCLUDED."full_result","reason" = EXCLUDED."reason","confidence" = EXCLUDED."confidence","is_false_positive" = EXCLUDED."is_false_positive","file_hashes" = EXCLUDED."file_hashes","locations" = EXCLUDED."locations","vulnerability_type" = EXCLUDED."vulnerability_type","repository" = EXCLUDED."repository","cache_key" = EXCLUDED."cache_key" RETURNING "id","updated_at","inserted_at","forge_account_id","invalidation_reason","invalidated_at","ttl_expires_at","cached_at","full_result","reason","confidence","is_false_positive","file_hashes","locations","vulnerability_type","repository","cache_key" ["Performance test entry 166", "56659/RSOLV-dev/perf-test/[path/to/file166.js:1660]:sql-injection", "RSOLV-dev/perf-test", Decimal.new("0.66"), 56659, [%{line: 1660, file_path: "path/to/file166.js"}], "sql-injection", %{"path/to/file166.js" => "sha256:content166"}, true, ~U[2025-12-10 20:25:22.195743Z], ~U[2025-09-11 20:25:22.195743Z], ~U[2025-09-11 20:25:22.195764Z], ~U[2025-09-11 20:25:22.195764Z]]
14:25:22.195 [debug] Cached validation stored
14:25:22.196 [debug] QUERY OK source="cached_validations" db=0.0ms
INSERT INTO "cached_validations" ("reason","cache_key","repository","confidence","forge_account_id","locations","vulnerability_type","file_hashes","is_false_positive","ttl_expires_at","cached_at","inserted_at","updated_at") VALUES ($1,$2,$3,$4,$5,$6,$7,$8,$9,$10,$11,$12,$13) ON CONFLICT ("cache_key") DO UPDATE SET "updated_at" = EXCLUDED."updated_at","inserted_at" = EXCLUDED."inserted_at","forge_account_id" = EXCLUDED."forge_account_id","invalidation_reason" = EXCLUDED."invalidation_reason","invalidated_at" = EXCLUDED."invalidated_at","ttl_expires_at" = EXCLUDED."ttl_expires_at","cached_at" = EXCLUDED."cached_at","full_result" = EXCLUDED."full_result","reason" = EXCLUDED."reason","confidence" = EXCLUDED."confidence","is_false_positive" = EXCLUDED."is_false_positive","file_hashes" = EXCLUDED."file_hashes","locations" = EXCLUDED."locations","vulnerability_type" = EXCLUDED."vulnerability_type","repository" = EXCLUDED."repository","cache_key" = EXCLUDED."cache_key" RETURNING "id","updated_at","inserted_at","forge_account_id","invalidation_reason","invalidated_at","ttl_expires_at","cached_at","full_result","reason","confidence","is_false_positive","file_hashes","locations","vulnerability_type","repository","cache_key" ["Performance test entry 167", "56659/RSOLV-dev/perf-test/[path/to/file167.js:1670]:eval", "RSOLV-dev/perf-test", Decimal.new("0.67"), 56659, [%{line: 1670, file_path: "path/to/file167.js"}], "eval", %{"path/to/file167.js" => "sha256:content167"}, false, ~U[2025-12-10 20:25:22.195913Z], ~U[2025-09-11 20:25:22.195913Z], ~U[2025-09-11 20:25:22.195938Z], ~U[2025-09-11 20:25:22.195938Z]]
14:25:22.196 [debug] Cached validation stored
14:25:22.196 [debug] QUERY OK source="cached_validations" db=0.0ms
INSERT INTO "cached_validations" ("reason","cache_key","repository","confidence","forge_account_id","locations","vulnerability_type","file_hashes","is_false_positive","ttl_expires_at","cached_at","inserted_at","updated_at") VALUES ($1,$2,$3,$4,$5,$6,$7,$8,$9,$10,$11,$12,$13) ON CONFLICT ("cache_key") DO UPDATE SET "updated_at" = EXCLUDED."updated_at","inserted_at" = EXCLUDED."inserted_at","forge_account_id" = EXCLUDED."forge_account_id","invalidation_reason" = EXCLUDED."invalidation_reason","invalidated_at" = EXCLUDED."invalidated_at","ttl_expires_at" = EXCLUDED."ttl_expires_at","cached_at" = EXCLUDED."cached_at","full_result" = EXCLUDED."full_result","reason" = EXCLUDED."reason","confidence" = EXCLUDED."confidence","is_false_positive" = EXCLUDED."is_false_positive","file_hashes" = EXCLUDED."file_hashes","locations" = EXCLUDED."locations","vulnerability_type" = EXCLUDED."vulnerability_type","repository" = EXCLUDED."repository","cache_key" = EXCLUDED."cache_key" RETURNING "id","updated_at","inserted_at","forge_account_id","invalidation_reason","invalidated_at","ttl_expires_at","cached_at","full_result","reason","confidence","is_false_positive","file_hashes","locations","vulnerability_type","repository","cache_key" ["Performance test entry 168", "56659/RSOLV-dev/perf-test/[path/to/file168.js:1680]:xss", "RSOLV-dev/perf-test", Decimal.new("0.6799999999999999"), 56659, [%{line: 1680, file_path: "path/to/file168.js"}], "xss", %{"path/to/file168.js" => "sha256:content168"}, true, ~U[2025-12-10 20:25:22.196095Z], ~U[2025-09-11 20:25:22.196095Z], ~U[2025-09-11 20:25:22.196124Z], ~U[2025-09-11 20:25:22.196124Z]]
14:25:22.196 [debug] Cached validation stored
14:25:22.196 [debug] QUERY OK source="cached_validations" db=0.0ms
INSERT INTO "cached_validations" ("reason","cache_key","repository","confidence","forge_account_id","locations","vulnerability_type","file_hashes","is_false_positive","ttl_expires_at","cached_at","inserted_at","updated_at") VALUES ($1,$2,$3,$4,$5,$6,$7,$8,$9,$10,$11,$12,$13) ON CONFLICT ("cache_key") DO UPDATE SET "updated_at" = EXCLUDED."updated_at","inserted_at" = EXCLUDED."inserted_at","forge_account_id" = EXCLUDED."forge_account_id","invalidation_reason" = EXCLUDED."invalidation_reason","invalidated_at" = EXCLUDED."invalidated_at","ttl_expires_at" = EXCLUDED."ttl_expires_at","cached_at" = EXCLUDED."cached_at","full_result" = EXCLUDED."full_result","reason" = EXCLUDED."reason","confidence" = EXCLUDED."confidence","is_false_positive" = EXCLUDED."is_false_positive","file_hashes" = EXCLUDED."file_hashes","locations" = EXCLUDED."locations","vulnerability_type" = EXCLUDED."vulnerability_type","repository" = EXCLUDED."repository","cache_key" = EXCLUDED."cache_key" RETURNING "id","updated_at","inserted_at","forge_account_id","invalidation_reason","invalidated_at","ttl_expires_at","cached_at","full_result","reason","confidence","is_false_positive","file_hashes","locations","vulnerability_type","repository","cache_key" ["Performance test entry 169", "56659/RSOLV-dev/perf-test/[path/to/file169.js:1690]:eval", "RSOLV-dev/perf-test", Decimal.new("0.69"), 56659, [%{line: 1690, file_path: "path/to/file169.js"}], "eval", %{"path/to/file169.js" => "sha256:content169"}, false, ~U[2025-12-10 20:25:22.196255Z], ~U[2025-09-11 20:25:22.196255Z], ~U[2025-09-11 20:25:22.196277Z], ~U[2025-09-11 20:25:22.196277Z]]
14:25:22.196 [debug] Cached validation stored
14:25:22.196 [debug] QUERY OK source="cached_validations" db=0.0ms
INSERT INTO "cached_validations" ("reason","cache_key","repository","confidence","forge_account_id","locations","vulnerability_type","file_hashes","is_false_positive","ttl_expires_at","cached_at","inserted_at","updated_at") VALUES ($1,$2,$3,$4,$5,$6,$7,$8,$9,$10,$11,$12,$13) ON CONFLICT ("cache_key") DO UPDATE SET "updated_at" = EXCLUDED."updated_at","inserted_at" = EXCLUDED."inserted_at","forge_account_id" = EXCLUDED."forge_account_id","invalidation_reason" = EXCLUDED."invalidation_reason","invalidated_at" = EXCLUDED."invalidated_at","ttl_expires_at" = EXCLUDED."ttl_expires_at","cached_at" = EXCLUDED."cached_at","full_result" = EXCLUDED."full_result","reason" = EXCLUDED."reason","confidence" = EXCLUDED."confidence","is_false_positive" = EXCLUDED."is_false_positive","file_hashes" = EXCLUDED."file_hashes","locations" = EXCLUDED."locations","vulnerability_type" = EXCLUDED."vulnerability_type","repository" = EXCLUDED."repository","cache_key" = EXCLUDED."cache_key" RETURNING "id","updated_at","inserted_at","forge_account_id","invalidation_reason","invalidated_at","ttl_expires_at","cached_at","full_result","reason","confidence","is_false_positive","file_hashes","locations","vulnerability_type","repository","cache_key" ["Performance test entry 170", "56659/RSOLV-dev/perf-test/[path/to/file170.js:1700]:sql-injection", "RSOLV-dev/perf-test", Decimal.new("0.7"), 56659, [%{line: 1700, file_path: "path/to/file170.js"}], "sql-injection", %{"path/to/file170.js" => "sha256:content170"}, true, ~U[2025-12-10 20:25:22.196407Z], ~U[2025-09-11 20:25:22.196407Z], ~U[2025-09-11 20:25:22.196432Z], ~U[2025-09-11 20:25:22.196432Z]]
14:25:22.196 [debug] Cached validation stored
14:25:22.196 [debug] QUERY OK source="cached_validations" db=0.0ms
INSERT INTO "cached_validations" ("reason","cache_key","repository","confidence","forge_account_id","locations","vulnerability_type","file_hashes","is_false_positive","ttl_expires_at","cached_at","inserted_at","updated_at") VALUES ($1,$2,$3,$4,$5,$6,$7,$8,$9,$10,$11,$12,$13) ON CONFLICT ("cache_key") DO UPDATE SET "updated_at" = EXCLUDED."updated_at","inserted_at" = EXCLUDED."inserted_at","forge_account_id" = EXCLUDED."forge_account_id","invalidation_reason" = EXCLUDED."invalidation_reason","invalidated_at" = EXCLUDED."invalidated_at","ttl_expires_at" = EXCLUDED."ttl_expires_at","cached_at" = EXCLUDED."cached_at","full_result" = EXCLUDED."full_result","reason" = EXCLUDED."reason","confidence" = EXCLUDED."confidence","is_false_positive" = EXCLUDED."is_false_positive","file_hashes" = EXCLUDED."file_hashes","locations" = EXCLUDED."locations","vulnerability_type" = EXCLUDED."vulnerability_type","repository" = EXCLUDED."repository","cache_key" = EXCLUDED."cache_key" RETURNING "id","updated_at","inserted_at","forge_account_id","invalidation_reason","invalidated_at","ttl_expires_at","cached_at","full_result","reason","confidence","is_false_positive","file_hashes","locations","vulnerability_type","repository","cache_key" ["Performance test entry 171", "56659/RSOLV-dev/perf-test/[path/to/file171.js:1710]:xss", "RSOLV-dev/perf-test", Decimal.new("0.71"), 56659, [%{line: 1710, file_path: "path/to/file171.js"}], "xss", %{"path/to/file171.js" => "sha256:content171"}, false, ~U[2025-12-10 20:25:22.196562Z], ~U[2025-09-11 20:25:22.196562Z], ~U[2025-09-11 20:25:22.196582Z], ~U[2025-09-11 20:25:22.196582Z]]
14:25:22.196 [debug] Cached validation stored
14:25:22.196 [debug] QUERY OK source="cached_validations" db=0.0ms
INSERT INTO "cached_validations" ("reason","cache_key","repository","confidence","forge_account_id","locations","vulnerability_type","file_hashes","is_false_positive","ttl_expires_at","cached_at","inserted_at","updated_at") VALUES ($1,$2,$3,$4,$5,$6,$7,$8,$9,$10,$11,$12,$13) ON CONFLICT ("cache_key") DO UPDATE SET "updated_at" = EXCLUDED."updated_at","inserted_at" = EXCLUDED."inserted_at","forge_account_id" = EXCLUDED."forge_account_id","invalidation_reason" = EXCLUDED."invalidation_reason","invalidated_at" = EXCLUDED."invalidated_at","ttl_expires_at" = EXCLUDED."ttl_expires_at","cached_at" = EXCLUDED."cached_at","full_result" = EXCLUDED."full_result","reason" = EXCLUDED."reason","confidence" = EXCLUDED."confidence","is_false_positive" = EXCLUDED."is_false_positive","file_hashes" = EXCLUDED."file_hashes","locations" = EXCLUDED."locations","vulnerability_type" = EXCLUDED."vulnerability_type","repository" = EXCLUDED."repository","cache_key" = EXCLUDED."cache_key" RETURNING "id","updated_at","inserted_at","forge_account_id","invalidation_reason","invalidated_at","ttl_expires_at","cached_at","full_result","reason","confidence","is_false_positive","file_hashes","locations","vulnerability_type","repository","cache_key" ["Performance test entry 172", "56659/RSOLV-dev/perf-test/[path/to/file172.js:1720]:sql-injection", "RSOLV-dev/perf-test", Decimal.new("0.72"), 56659, [%{line: 1720, file_path: "path/to/file172.js"}], "sql-injection", %{"path/to/file172.js" => "sha256:content172"}, true, ~U[2025-12-10 20:25:22.196711Z], ~U[2025-09-11 20:25:22.196711Z], ~U[2025-09-11 20:25:22.196731Z], ~U[2025-09-11 20:25:22.196731Z]]
14:25:22.196 [debug] Cached validation stored
14:25:22.197 [debug] QUERY OK source="cached_validations" db=0.0ms
INSERT INTO "cached_validations" ("reason","cache_key","repository","confidence","forge_account_id","locations","vulnerability_type","file_hashes","is_false_positive","ttl_expires_at","cached_at","inserted_at","updated_at") VALUES ($1,$2,$3,$4,$5,$6,$7,$8,$9,$10,$11,$12,$13) ON CONFLICT ("cache_key") DO UPDATE SET "updated_at" = EXCLUDED."updated_at","inserted_at" = EXCLUDED."inserted_at","forge_account_id" = EXCLUDED."forge_account_id","invalidation_reason" = EXCLUDED."invalidation_reason","invalidated_at" = EXCLUDED."invalidated_at","ttl_expires_at" = EXCLUDED."ttl_expires_at","cached_at" = EXCLUDED."cached_at","full_result" = EXCLUDED."full_result","reason" = EXCLUDED."reason","confidence" = EXCLUDED."confidence","is_false_positive" = EXCLUDED."is_false_positive","file_hashes" = EXCLUDED."file_hashes","locations" = EXCLUDED."locations","vulnerability_type" = EXCLUDED."vulnerability_type","repository" = EXCLUDED."repository","cache_key" = EXCLUDED."cache_key" RETURNING "id","updated_at","inserted_at","forge_account_id","invalidation_reason","invalidated_at","ttl_expires_at","cached_at","full_result","reason","confidence","is_false_positive","file_hashes","locations","vulnerability_type","repository","cache_key" ["Performance test entry 173", "56659/RSOLV-dev/perf-test/[path/to/file173.js:1730]:eval", "RSOLV-dev/perf-test", Decimal.new("0.73"), 56659, [%{line: 1730, file_path: "path/to/file173.js"}], "eval", %{"path/to/file173.js" => "sha256:content173"}, false, ~U[2025-12-10 20:25:22.196869Z], ~U[2025-09-11 20:25:22.196869Z], ~U[2025-09-11 20:25:22.196904Z], ~U[2025-09-11 20:25:22.196904Z]]
14:25:22.197 [debug] Cached validation stored
14:25:22.197 [debug] QUERY OK source="cached_validations" db=0.0ms
INSERT INTO "cached_validations" ("reason","cache_key","repository","confidence","forge_account_id","locations","vulnerability_type","file_hashes","is_false_positive","ttl_expires_at","cached_at","inserted_at","updated_at") VALUES ($1,$2,$3,$4,$5,$6,$7,$8,$9,$10,$11,$12,$13) ON CONFLICT ("cache_key") DO UPDATE SET "updated_at" = EXCLUDED."updated_at","inserted_at" = EXCLUDED."inserted_at","forge_account_id" = EXCLUDED."forge_account_id","invalidation_reason" = EXCLUDED."invalidation_reason","invalidated_at" = EXCLUDED."invalidated_at","ttl_expires_at" = EXCLUDED."ttl_expires_at","cached_at" = EXCLUDED."cached_at","full_result" = EXCLUDED."full_result","reason" = EXCLUDED."reason","confidence" = EXCLUDED."confidence","is_false_positive" = EXCLUDED."is_false_positive","file_hashes" = EXCLUDED."file_hashes","locations" = EXCLUDED."locations","vulnerability_type" = EXCLUDED."vulnerability_type","repository" = EXCLUDED."repository","cache_key" = EXCLUDED."cache_key" RETURNING "id","updated_at","inserted_at","forge_account_id","invalidation_reason","invalidated_at","ttl_expires_at","cached_at","full_result","reason","confidence","is_false_positive","file_hashes","locations","vulnerability_type","repository","cache_key" ["Performance test entry 174", "56659/RSOLV-dev/perf-test/[path/to/file174.js:1740]:xss", "RSOLV-dev/perf-test", Decimal.new("0.74"), 56659, [%{line: 1740, file_path: "path/to/file174.js"}], "xss", %{"path/to/file174.js" => "sha256:content174"}, true, ~U[2025-12-10 20:25:22.197050Z], ~U[2025-09-11 20:25:22.197050Z], ~U[2025-09-11 20:25:22.197082Z], ~U[2025-09-11 20:25:22.197082Z]]
14:25:22.197 [debug] Cached validation stored
14:25:22.197 [debug] QUERY OK source="cached_validations" db=0.0ms
INSERT INTO "cached_validations" ("reason","cache_key","repository","confidence","forge_account_id","locations","vulnerability_type","file_hashes","is_false_positive","ttl_expires_at","cached_at","inserted_at","updated_at") VALUES ($1,$2,$3,$4,$5,$6,$7,$8,$9,$10,$11,$12,$13) ON CONFLICT ("cache_key") DO UPDATE SET "updated_at" = EXCLUDED."updated_at","inserted_at" = EXCLUDED."inserted_at","forge_account_id" = EXCLUDED."forge_account_id","invalidation_reason" = EXCLUDED."invalidation_reason","invalidated_at" = EXCLUDED."invalidated_at","ttl_expires_at" = EXCLUDED."ttl_expires_at","cached_at" = EXCLUDED."cached_at","full_result" = EXCLUDED."full_result","reason" = EXCLUDED."reason","confidence" = EXCLUDED."confidence","is_false_positive" = EXCLUDED."is_false_positive","file_hashes" = EXCLUDED."file_hashes","locations" = EXCLUDED."locations","vulnerability_type" = EXCLUDED."vulnerability_type","repository" = EXCLUDED."repository","cache_key" = EXCLUDED."cache_key" RETURNING "id","updated_at","inserted_at","forge_account_id","invalidation_reason","invalidated_at","ttl_expires_at","cached_at","full_result","reason","confidence","is_false_positive","file_hashes","locations","vulnerability_type","repository","cache_key" ["Performance test entry 175", "56659/RSOLV-dev/perf-test/[path/to/file175.js:1750]:eval", "RSOLV-dev/perf-test", Decimal.new("0.75"), 56659, [%{line: 1750, file_path: "path/to/file175.js"}], "eval", %{"path/to/file175.js" => "sha256:content175"}, false, ~U[2025-12-10 20:25:22.197210Z], ~U[2025-09-11 20:25:22.197210Z], ~U[2025-09-11 20:25:22.197232Z], ~U[2025-09-11 20:25:22.197232Z]]
14:25:22.197 [debug] Cached validation stored
14:25:22.197 [debug] QUERY OK source="cached_validations" db=0.0ms
INSERT INTO "cached_validations" ("reason","cache_key","repository","confidence","forge_account_id","locations","vulnerability_type","file_hashes","is_false_positive","ttl_expires_at","cached_at","inserted_at","updated_at") VALUES ($1,$2,$3,$4,$5,$6,$7,$8,$9,$10,$11,$12,$13) ON CONFLICT ("cache_key") DO UPDATE SET "updated_at" = EXCLUDED."updated_at","inserted_at" = EXCLUDED."inserted_at","forge_account_id" = EXCLUDED."forge_account_id","invalidation_reason" = EXCLUDED."invalidation_reason","invalidated_at" = EXCLUDED."invalidated_at","ttl_expires_at" = EXCLUDED."ttl_expires_at","cached_at" = EXCLUDED."cached_at","full_result" = EXCLUDED."full_result","reason" = EXCLUDED."reason","confidence" = EXCLUDED."confidence","is_false_positive" = EXCLUDED."is_false_positive","file_hashes" = EXCLUDED."file_hashes","locations" = EXCLUDED."locations","vulnerability_type" = EXCLUDED."vulnerability_type","repository" = EXCLUDED."repository","cache_key" = EXCLUDED."cache_key" RETURNING "id","updated_at","inserted_at","forge_account_id","invalidation_reason","invalidated_at","ttl_expires_at","cached_at","full_result","reason","confidence","is_false_positive","file_hashes","locations","vulnerability_type","repository","cache_key" ["Performance test entry 176", "56659/RSOLV-dev/perf-test/[path/to/file176.js:1760]:sql-injection", "RSOLV-dev/perf-test", Decimal.new("0.76"), 56659, [%{line: 1760, file_path: "path/to/file176.js"}], "sql-injection", %{"path/to/file176.js" => "sha256:content176"}, true, ~U[2025-12-10 20:25:22.197362Z], ~U[2025-09-11 20:25:22.197362Z], ~U[2025-09-11 20:25:22.197389Z], ~U[2025-09-11 20:25:22.197389Z]]
14:25:22.197 [debug] Cached validation stored
14:25:22.197 [debug] QUERY OK source="cached_validations" db=0.0ms
INSERT INTO "cached_validations" ("reason","cache_key","repository","confidence","forge_account_id","locations","vulnerability_type","file_hashes","is_false_positive","ttl_expires_at","cached_at","inserted_at","updated_at") VALUES ($1,$2,$3,$4,$5,$6,$7,$8,$9,$10,$11,$12,$13) ON CONFLICT ("cache_key") DO UPDATE SET "updated_at" = EXCLUDED."updated_at","inserted_at" = EXCLUDED."inserted_at","forge_account_id" = EXCLUDED."forge_account_id","invalidation_reason" = EXCLUDED."invalidation_reason","invalidated_at" = EXCLUDED."invalidated_at","ttl_expires_at" = EXCLUDED."ttl_expires_at","cached_at" = EXCLUDED."cached_at","full_result" = EXCLUDED."full_result","reason" = EXCLUDED."reason","confidence" = EXCLUDED."confidence","is_false_positive" = EXCLUDED."is_false_positive","file_hashes" = EXCLUDED."file_hashes","locations" = EXCLUDED."locations","vulnerability_type" = EXCLUDED."vulnerability_type","repository" = EXCLUDED."repository","cache_key" = EXCLUDED."cache_key" RETURNING "id","updated_at","inserted_at","forge_account_id","invalidation_reason","invalidated_at","ttl_expires_at","cached_at","full_result","reason","confidence","is_false_positive","file_hashes","locations","vulnerability_type","repository","cache_key" ["Performance test entry 177", "56659/RSOLV-dev/perf-test/[path/to/file177.js:1770]:xss", "RSOLV-dev/perf-test", Decimal.new("0.77"), 56659, [%{line: 1770, file_path: "path/to/file177.js"}], "xss", %{"path/to/file177.js" => "sha256:content177"}, false, ~U[2025-12-10 20:25:22.197522Z], ~U[2025-09-11 20:25:22.197522Z], ~U[2025-09-11 20:25:22.197544Z], ~U[2025-09-11 20:25:22.197544Z]]
14:25:22.197 [debug] Cached validation stored
14:25:22.197 [debug] QUERY OK source="cached_validations" db=0.0ms
INSERT INTO "cached_validations" ("reason","cache_key","repository","confidence","forge_account_id","locations","vulnerability_type","file_hashes","is_false_positive","ttl_expires_at","cached_at","inserted_at","updated_at") VALUES ($1,$2,$3,$4,$5,$6,$7,$8,$9,$10,$11,$12,$13) ON CONFLICT ("cache_key") DO UPDATE SET "updated_at" = EXCLUDED."updated_at","inserted_at" = EXCLUDED."inserted_at","forge_account_id" = EXCLUDED."forge_account_id","invalidation_reason" = EXCLUDED."invalidation_reason","invalidated_at" = EXCLUDED."invalidated_at","ttl_expires_at" = EXCLUDED."ttl_expires_at","cached_at" = EXCLUDED."cached_at","full_result" = EXCLUDED."full_result","reason" = EXCLUDED."reason","confidence" = EXCLUDED."confidence","is_false_positive" = EXCLUDED."is_false_positive","file_hashes" = EXCLUDED."file_hashes","locations" = EXCLUDED."locations","vulnerability_type" = EXCLUDED."vulnerability_type","repository" = EXCLUDED."repository","cache_key" = EXCLUDED."cache_key" RETURNING "id","updated_at","inserted_at","forge_account_id","invalidation_reason","invalidated_at","ttl_expires_at","cached_at","full_result","reason","confidence","is_false_positive","file_hashes","locations","vulnerability_type","repository","cache_key" ["Performance test entry 178", "56659/RSOLV-dev/perf-test/[path/to/file178.js:1780]:sql-injection", "RSOLV-dev/perf-test", Decimal.new("0.78"), 56659, [%{line: 1780, file_path: "path/to/file178.js"}], "sql-injection", %{"path/to/file178.js" => "sha256:content178"}, true, ~U[2025-12-10 20:25:22.197676Z], ~U[2025-09-11 20:25:22.197676Z], ~U[2025-09-11 20:25:22.197707Z], ~U[2025-09-11 20:25:22.197707Z]]
14:25:22.197 [debug] Cached validation stored
14:25:22.198 [debug] QUERY OK source="cached_validations" db=0.0ms
INSERT INTO "cached_validations" ("reason","cache_key","repository","confidence","forge_account_id","locations","vulnerability_type","file_hashes","is_false_positive","ttl_expires_at","cached_at","inserted_at","updated_at") VALUES ($1,$2,$3,$4,$5,$6,$7,$8,$9,$10,$11,$12,$13) ON CONFLICT ("cache_key") DO UPDATE SET "updated_at" = EXCLUDED."updated_at","inserted_at" = EXCLUDED."inserted_at","forge_account_id" = EXCLUDED."forge_account_id","invalidation_reason" = EXCLUDED."invalidation_reason","invalidated_at" = EXCLUDED."invalidated_at","ttl_expires_at" = EXCLUDED."ttl_expires_at","cached_at" = EXCLUDED."cached_at","full_result" = EXCLUDED."full_result","reason" = EXCLUDED."reason","confidence" = EXCLUDED."confidence","is_false_positive" = EXCLUDED."is_false_positive","file_hashes" = EXCLUDED."file_hashes","locations" = EXCLUDED."locations","vulnerability_type" = EXCLUDED."vulnerability_type","repository" = EXCLUDED."repository","cache_key" = EXCLUDED."cache_key" RETURNING "id","updated_at","inserted_at","forge_account_id","invalidation_reason","invalidated_at","ttl_expires_at","cached_at","full_result","reason","confidence","is_false_positive","file_hashes","locations","vulnerability_type","repository","cache_key" ["Performance test entry 179", "56659/RSOLV-dev/perf-test/[path/to/file179.js:1790]:eval", "RSOLV-dev/perf-test", Decimal.new("0.79"), 56659, [%{line: 1790, file_path: "path/to/file179.js"}], "eval", %{"path/to/file179.js" => "sha256:content179"}, false, ~U[2025-12-10 20:25:22.197855Z], ~U[2025-09-11 20:25:22.197855Z], ~U[2025-09-11 20:25:22.197878Z], ~U[2025-09-11 20:25:22.197878Z]]
14:25:22.198 [debug] Cached validation stored
14:25:22.198 [debug] QUERY OK source="cached_validations" db=0.0ms
INSERT INTO "cached_validations" ("reason","cache_key","repository","confidence","forge_account_id","locations","vulnerability_type","file_hashes","is_false_positive","ttl_expires_at","cached_at","inserted_at","updated_at") VALUES ($1,$2,$3,$4,$5,$6,$7,$8,$9,$10,$11,$12,$13) ON CONFLICT ("cache_key") DO UPDATE SET "updated_at" = EXCLUDED."updated_at","inserted_at" = EXCLUDED."inserted_at","forge_account_id" = EXCLUDED."forge_account_id","invalidation_reason" = EXCLUDED."invalidation_reason","invalidated_at" = EXCLUDED."invalidated_at","ttl_expires_at" = EXCLUDED."ttl_expires_at","cached_at" = EXCLUDED."cached_at","full_result" = EXCLUDED."full_result","reason" = EXCLUDED."reason","confidence" = EXCLUDED."confidence","is_false_positive" = EXCLUDED."is_false_positive","file_hashes" = EXCLUDED."file_hashes","locations" = EXCLUDED."locations","vulnerability_type" = EXCLUDED."vulnerability_type","repository" = EXCLUDED."repository","cache_key" = EXCLUDED."cache_key" RETURNING "id","updated_at","inserted_at","forge_account_id","invalidation_reason","invalidated_at","ttl_expires_at","cached_at","full_result","reason","confidence","is_false_positive","file_hashes","locations","vulnerability_type","repository","cache_key" ["Performance test entry 180", "56659/RSOLV-dev/perf-test/[path/to/file180.js:1800]:xss", "RSOLV-dev/perf-test", Decimal.new("0.8"), 56659, [%{line: 1800, file_path: "path/to/file180.js"}], "xss", %{"path/to/file180.js" => "sha256:content180"}, true, ~U[2025-12-10 20:25:22.198030Z], ~U[2025-09-11 20:25:22.198030Z], ~U[2025-09-11 20:25:22.198052Z], ~U[2025-09-11 20:25:22.198052Z]]
14:25:22.198 [debug] Cached validation stored
14:25:22.198 [debug] QUERY OK source="cached_validations" db=0.0ms
INSERT INTO "cached_validations" ("reason","cache_key","repository","confidence","forge_account_id","locations","vulnerability_type","file_hashes","is_false_positive","ttl_expires_at","cached_at","inserted_at","updated_at") VALUES ($1,$2,$3,$4,$5,$6,$7,$8,$9,$10,$11,$12,$13) ON CONFLICT ("cache_key") DO UPDATE SET "updated_at" = EXCLUDED."updated_at","inserted_at" = EXCLUDED."inserted_at","forge_account_id" = EXCLUDED."forge_account_id","invalidation_reason" = EXCLUDED."invalidation_reason","invalidated_at" = EXCLUDED."invalidated_at","ttl_expires_at" = EXCLUDED."ttl_expires_at","cached_at" = EXCLUDED."cached_at","full_result" = EXCLUDED."full_result","reason" = EXCLUDED."reason","confidence" = EXCLUDED."confidence","is_false_positive" = EXCLUDED."is_false_positive","file_hashes" = EXCLUDED."file_hashes","locations" = EXCLUDED."locations","vulnerability_type" = EXCLUDED."vulnerability_type","repository" = EXCLUDED."repository","cache_key" = EXCLUDED."cache_key" RETURNING "id","updated_at","inserted_at","forge_account_id","invalidation_reason","invalidated_at","ttl_expires_at","cached_at","full_result","reason","confidence","is_false_positive","file_hashes","locations","vulnerability_type","repository","cache_key" ["Performance test entry 181", "56659/RSOLV-dev/perf-test/[path/to/file181.js:1810]:eval", "RSOLV-dev/perf-test", Decimal.new("0.81"), 56659, [%{line: 1810, file_path: "path/to/file181.js"}], "eval", %{"path/to/file181.js" => "sha256:content181"}, false, ~U[2025-12-10 20:25:22.198187Z], ~U[2025-09-11 20:25:22.198187Z], ~U[2025-09-11 20:25:22.198211Z], ~U[2025-09-11 20:25:22.198211Z]]
14:25:22.198 [debug] Cached validation stored
14:25:22.198 [debug] QUERY OK source="cached_validations" db=0.0ms
INSERT INTO "cached_validations" ("reason","cache_key","repository","confidence","forge_account_id","locations","vulnerability_type","file_hashes","is_false_positive","ttl_expires_at","cached_at","inserted_at","updated_at") VALUES ($1,$2,$3,$4,$5,$6,$7,$8,$9,$10,$11,$12,$13) ON CONFLICT ("cache_key") DO UPDATE SET "updated_at" = EXCLUDED."updated_at","inserted_at" = EXCLUDED."inserted_at","forge_account_id" = EXCLUDED."forge_account_id","invalidation_reason" = EXCLUDED."invalidation_reason","invalidated_at" = EXCLUDED."invalidated_at","ttl_expires_at" = EXCLUDED."ttl_expires_at","cached_at" = EXCLUDED."cached_at","full_result" = EXCLUDED."full_result","reason" = EXCLUDED."reason","confidence" = EXCLUDED."confidence","is_false_positive" = EXCLUDED."is_false_positive","file_hashes" = EXCLUDED."file_hashes","locations" = EXCLUDED."locations","vulnerability_type" = EXCLUDED."vulnerability_type","repository" = EXCLUDED."repository","cache_key" = EXCLUDED."cache_key" RETURNING "id","updated_at","inserted_at","forge_account_id","invalidation_reason","invalidated_at","ttl_expires_at","cached_at","full_result","reason","confidence","is_false_positive","file_hashes","locations","vulnerability_type","repository","cache_key" ["Performance test entry 182", "56659/RSOLV-dev/perf-test/[path/to/file182.js:1820]:sql-injection", "RSOLV-dev/perf-test", Decimal.new("0.8200000000000001"), 56659, [%{line: 1820, file_path: "path/to/file182.js"}], "sql-injection", %{"path/to/file182.js" => "sha256:content182"}, true, ~U[2025-12-10 20:25:22.198340Z], ~U[2025-09-11 20:25:22.198340Z], ~U[2025-09-11 20:25:22.198366Z], ~U[2025-09-11 20:25:22.198366Z]]
14:25:22.198 [debug] Cached validation stored
14:25:22.198 [debug] QUERY OK source="cached_validations" db=0.0ms
INSERT INTO "cached_validations" ("reason","cache_key","repository","confidence","forge_account_id","locations","vulnerability_type","file_hashes","is_false_positive","ttl_expires_at","cached_at","inserted_at","updated_at") VALUES ($1,$2,$3,$4,$5,$6,$7,$8,$9,$10,$11,$12,$13) ON CONFLICT ("cache_key") DO UPDATE SET "updated_at" = EXCLUDED."updated_at","inserted_at" = EXCLUDED."inserted_at","forge_account_id" = EXCLUDED."forge_account_id","invalidation_reason" = EXCLUDED."invalidation_reason","invalidated_at" = EXCLUDED."invalidated_at","ttl_expires_at" = EXCLUDED."ttl_expires_at","cached_at" = EXCLUDED."cached_at","full_result" = EXCLUDED."full_result","reason" = EXCLUDED."reason","confidence" = EXCLUDED."confidence","is_false_positive" = EXCLUDED."is_false_positive","file_hashes" = EXCLUDED."file_hashes","locations" = EXCLUDED."locations","vulnerability_type" = EXCLUDED."vulnerability_type","repository" = EXCLUDED."repository","cache_key" = EXCLUDED."cache_key" RETURNING "id","updated_at","inserted_at","forge_account_id","invalidation_reason","invalidated_at","ttl_expires_at","cached_at","full_result","reason","confidence","is_false_positive","file_hashes","locations","vulnerability_type","repository","cache_key" ["Performance test entry 183", "56659/RSOLV-dev/perf-test/[path/to/file183.js:1830]:xss", "RSOLV-dev/perf-test", Decimal.new("0.8300000000000001"), 56659, [%{line: 1830, file_path: "path/to/file183.js"}], "xss", %{"path/to/file183.js" => "sha256:content183"}, false, ~U[2025-12-10 20:25:22.198500Z], ~U[2025-09-11 20:25:22.198500Z], ~U[2025-09-11 20:25:22.198522Z], ~U[2025-09-11 20:25:22.198522Z]]
14:25:22.198 [debug] Cached validation stored
14:25:22.198 [debug] QUERY OK source="cached_validations" db=0.0ms
INSERT INTO "cached_validations" ("reason","cache_key","repository","confidence","forge_account_id","locations","vulnerability_type","file_hashes","is_false_positive","ttl_expires_at","cached_at","inserted_at","updated_at") VALUES ($1,$2,$3,$4,$5,$6,$7,$8,$9,$10,$11,$12,$13) ON CONFLICT ("cache_key") DO UPDATE SET "updated_at" = EXCLUDED."updated_at","inserted_at" = EXCLUDED."inserted_at","forge_account_id" = EXCLUDED."forge_account_id","invalidation_reason" = EXCLUDED."invalidation_reason","invalidated_at" = EXCLUDED."invalidated_at","ttl_expires_at" = EXCLUDED."ttl_expires_at","cached_at" = EXCLUDED."cached_at","full_result" = EXCLUDED."full_result","reason" = EXCLUDED."reason","confidence" = EXCLUDED."confidence","is_false_positive" = EXCLUDED."is_false_positive","file_hashes" = EXCLUDED."file_hashes","locations" = EXCLUDED."locations","vulnerability_type" = EXCLUDED."vulnerability_type","repository" = EXCLUDED."repository","cache_key" = EXCLUDED."cache_key" RETURNING "id","updated_at","inserted_at","forge_account_id","invalidation_reason","invalidated_at","ttl_expires_at","cached_at","full_result","reason","confidence","is_false_positive","file_hashes","locations","vulnerability_type","repository","cache_key" ["Performance test entry 184", "56659/RSOLV-dev/perf-test/[path/to/file184.js:1840]:sql-injection", "RSOLV-dev/perf-test", Decimal.new("0.8400000000000001"), 56659, [%{line: 1840, file_path: "path/to/file184.js"}], "sql-injection", %{"path/to/file184.js" => "sha256:content184"}, true, ~U[2025-12-10 20:25:22.198649Z], ~U[2025-09-11 20:25:22.198649Z], ~U[2025-09-11 20:25:22.198670Z], ~U[2025-09-11 20:25:22.198670Z]]
14:25:22.198 [debug] Cached validation stored
14:25:22.198 [debug] QUERY OK source="cached_validations" db=0.0ms
INSERT INTO "cached_validations" ("reason","cache_key","repository","confidence","forge_account_id","locations","vulnerability_type","file_hashes","is_false_positive","ttl_expires_at","cached_at","inserted_at","updated_at") VALUES ($1,$2,$3,$4,$5,$6,$7,$8,$9,$10,$11,$12,$13) ON CONFLICT ("cache_key") DO UPDATE SET "updated_at" = EXCLUDED."updated_at","inserted_at" = EXCLUDED."inserted_at","forge_account_id" = EXCLUDED."forge_account_id","invalidation_reason" = EXCLUDED."invalidation_reason","invalidated_at" = EXCLUDED."invalidated_at","ttl_expires_at" = EXCLUDED."ttl_expires_at","cached_at" = EXCLUDED."cached_at","full_result" = EXCLUDED."full_result","reason" = EXCLUDED."reason","confidence" = EXCLUDED."confidence","is_false_positive" = EXCLUDED."is_false_positive","file_hashes" = EXCLUDED."file_hashes","locations" = EXCLUDED."locations","vulnerability_type" = EXCLUDED."vulnerability_type","repository" = EXCLUDED."repository","cache_key" = EXCLUDED."cache_key" RETURNING "id","updated_at","inserted_at","forge_account_id","invalidation_reason","invalidated_at","ttl_expires_at","cached_at","full_result","reason","confidence","is_false_positive","file_hashes","locations","vulnerability_type","repository","cache_key" ["Performance test entry 185", "56659/RSOLV-dev/perf-test/[path/to/file185.js:1850]:eval", "RSOLV-dev/perf-test", Decimal.new("0.85"), 56659, [%{line: 1850, file_path: "path/to/file185.js"}], "eval", %{"path/to/file185.js" => "sha256:content185"}, false, ~U[2025-12-10 20:25:22.198829Z], ~U[2025-09-11 20:25:22.198829Z], ~U[2025-09-11 20:25:22.198858Z], ~U[2025-09-11 20:25:22.198858Z]]
14:25:22.198 [debug] Cached validation stored
14:25:22.199 [debug] QUERY OK source="cached_validations" db=0.0ms
INSERT INTO "cached_validations" ("reason","cache_key","repository","confidence","forge_account_id","locations","vulnerability_type","file_hashes","is_false_positive","ttl_expires_at","cached_at","inserted_at","updated_at") VALUES ($1,$2,$3,$4,$5,$6,$7,$8,$9,$10,$11,$12,$13) ON CONFLICT ("cache_key") DO UPDATE SET "updated_at" = EXCLUDED."updated_at","inserted_at" = EXCLUDED."inserted_at","forge_account_id" = EXCLUDED."forge_account_id","invalidation_reason" = EXCLUDED."invalidation_reason","invalidated_at" = EXCLUDED."invalidated_at","ttl_expires_at" = EXCLUDED."ttl_expires_at","cached_at" = EXCLUDED."cached_at","full_result" = EXCLUDED."full_result","reason" = EXCLUDED."reason","confidence" = EXCLUDED."confidence","is_false_positive" = EXCLUDED."is_false_positive","file_hashes" = EXCLUDED."file_hashes","locations" = EXCLUDED."locations","vulnerability_type" = EXCLUDED."vulnerability_type","repository" = EXCLUDED."repository","cache_key" = EXCLUDED."cache_key" RETURNING "id","updated_at","inserted_at","forge_account_id","invalidation_reason","invalidated_at","ttl_expires_at","cached_at","full_result","reason","confidence","is_false_positive","file_hashes","locations","vulnerability_type","repository","cache_key" ["Performance test entry 186", "56659/RSOLV-dev/perf-test/[path/to/file186.js:1860]:xss", "RSOLV-dev/perf-test", Decimal.new("0.86"), 56659, [%{line: 1860, file_path: "path/to/file186.js"}], "xss", %{"path/to/file186.js" => "sha256:content186"}, true, ~U[2025-12-10 20:25:22.198995Z], ~U[2025-09-11 20:25:22.198995Z], ~U[2025-09-11 20:25:22.199026Z], ~U[2025-09-11 20:25:22.199026Z]]
14:25:22.199 [debug] Cached validation stored
14:25:22.199 [debug] QUERY OK source="cached_validations" db=0.0ms
INSERT INTO "cached_validations" ("reason","cache_key","repository","confidence","forge_account_id","locations","vulnerability_type","file_hashes","is_false_positive","ttl_expires_at","cached_at","inserted_at","updated_at") VALUES ($1,$2,$3,$4,$5,$6,$7,$8,$9,$10,$11,$12,$13) ON CONFLICT ("cache_key") DO UPDATE SET "updated_at" = EXCLUDED."updated_at","inserted_at" = EXCLUDED."inserted_at","forge_account_id" = EXCLUDED."forge_account_id","invalidation_reason" = EXCLUDED."invalidation_reason","invalidated_at" = EXCLUDED."invalidated_at","ttl_expires_at" = EXCLUDED."ttl_expires_at","cached_at" = EXCLUDED."cached_at","full_result" = EXCLUDED."full_result","reason" = EXCLUDED."reason","confidence" = EXCLUDED."confidence","is_false_positive" = EXCLUDED."is_false_positive","file_hashes" = EXCLUDED."file_hashes","locations" = EXCLUDED."locations","vulnerability_type" = EXCLUDED."vulnerability_type","repository" = EXCLUDED."repository","cache_key" = EXCLUDED."cache_key" RETURNING "id","updated_at","inserted_at","forge_account_id","invalidation_reason","invalidated_at","ttl_expires_at","cached_at","full_result","reason","confidence","is_false_positive","file_hashes","locations","vulnerability_type","repository","cache_key" ["Performance test entry 187", "56659/RSOLV-dev/perf-test/[path/to/file187.js:1870]:eval", "RSOLV-dev/perf-test", Decimal.new("0.87"), 56659, [%{line: 1870, file_path: "path/to/file187.js"}], "eval", %{"path/to/file187.js" => "sha256:content187"}, false, ~U[2025-12-10 20:25:22.199164Z], ~U[2025-09-11 20:25:22.199164Z], ~U[2025-09-11 20:25:22.199187Z], ~U[2025-09-11 20:25:22.199187Z]]
14:25:22.199 [debug] Cached validation stored
14:25:22.199 [debug] QUERY OK source="cached_validations" db=0.0ms
INSERT INTO "cached_validations" ("reason","cache_key","repository","confidence","forge_account_id","locations","vulnerability_type","file_hashes","is_false_positive","ttl_expires_at","cached_at","inserted_at","updated_at") VALUES ($1,$2,$3,$4,$5,$6,$7,$8,$9,$10,$11,$12,$13) ON CONFLICT ("cache_key") DO UPDATE SET "updated_at" = EXCLUDED."updated_at","inserted_at" = EXCLUDED."inserted_at","forge_account_id" = EXCLUDED."forge_account_id","invalidation_reason" = EXCLUDED."invalidation_reason","invalidated_at" = EXCLUDED."invalidated_at","ttl_expires_at" = EXCLUDED."ttl_expires_at","cached_at" = EXCLUDED."cached_at","full_result" = EXCLUDED."full_result","reason" = EXCLUDED."reason","confidence" = EXCLUDED."confidence","is_false_positive" = EXCLUDED."is_false_positive","file_hashes" = EXCLUDED."file_hashes","locations" = EXCLUDED."locations","vulnerability_type" = EXCLUDED."vulnerability_type","repository" = EXCLUDED."repository","cache_key" = EXCLUDED."cache_key" RETURNING "id","updated_at","inserted_at","forge_account_id","invalidation_reason","invalidated_at","ttl_expires_at","cached_at","full_result","reason","confidence","is_false_positive","file_hashes","locations","vulnerability_type","repository","cache_key" ["Performance test entry 188", "56659/RSOLV-dev/perf-test/[path/to/file188.js:1880]:sql-injection", "RSOLV-dev/perf-test", Decimal.new("0.88"), 56659, [%{line: 1880, file_path: "path/to/file188.js"}], "sql-injection", %{"path/to/file188.js" => "sha256:content188"}, true, ~U[2025-12-10 20:25:22.199320Z], ~U[2025-09-11 20:25:22.199320Z], ~U[2025-09-11 20:25:22.199348Z], ~U[2025-09-11 20:25:22.199348Z]]
14:25:22.199 [debug] Cached validation stored
14:25:22.199 [debug] QUERY OK source="cached_validations" db=0.0ms
INSERT INTO "cached_validations" ("reason","cache_key","repository","confidence","forge_account_id","locations","vulnerability_type","file_hashes","is_false_positive","ttl_expires_at","cached_at","inserted_at","updated_at") VALUES ($1,$2,$3,$4,$5,$6,$7,$8,$9,$10,$11,$12,$13) ON CONFLICT ("cache_key") DO UPDATE SET "updated_at" = EXCLUDED."updated_at","inserted_at" = EXCLUDED."inserted_at","forge_account_id" = EXCLUDED."forge_account_id","invalidation_reason" = EXCLUDED."invalidation_reason","invalidated_at" = EXCLUDED."invalidated_at","ttl_expires_at" = EXCLUDED."ttl_expires_at","cached_at" = EXCLUDED."cached_at","full_result" = EXCLUDED."full_result","reason" = EXCLUDED."reason","confidence" = EXCLUDED."confidence","is_false_positive" = EXCLUDED."is_false_positive","file_hashes" = EXCLUDED."file_hashes","locations" = EXCLUDED."locations","vulnerability_type" = EXCLUDED."vulnerability_type","repository" = EXCLUDED."repository","cache_key" = EXCLUDED."cache_key" RETURNING "id","updated_at","inserted_at","forge_account_id","invalidation_reason","invalidated_at","ttl_expires_at","cached_at","full_result","reason","confidence","is_false_positive","file_hashes","locations","vulnerability_type","repository","cache_key" ["Performance test entry 189", "56659/RSOLV-dev/perf-test/[path/to/file189.js:1890]:xss", "RSOLV-dev/perf-test", Decimal.new("0.89"), 56659, [%{line: 1890, file_path: "path/to/file189.js"}], "xss", %{"path/to/file189.js" => "sha256:content189"}, false, ~U[2025-12-10 20:25:22.199501Z], ~U[2025-09-11 20:25:22.199501Z], ~U[2025-09-11 20:25:22.199528Z], ~U[2025-09-11 20:25:22.199528Z]]
14:25:22.199 [debug] Cached validation stored
14:25:22.199 [debug] QUERY OK source="cached_validations" db=0.0ms
INSERT INTO "cached_validations" ("reason","cache_key","repository","confidence","forge_account_id","locations","vulnerability_type","file_hashes","is_false_positive","ttl_expires_at","cached_at","inserted_at","updated_at") VALUES ($1,$2,$3,$4,$5,$6,$7,$8,$9,$10,$11,$12,$13) ON CONFLICT ("cache_key") DO UPDATE SET "updated_at" = EXCLUDED."updated_at","inserted_at" = EXCLUDED."inserted_at","forge_account_id" = EXCLUDED."forge_account_id","invalidation_reason" = EXCLUDED."invalidation_reason","invalidated_at" = EXCLUDED."invalidated_at","ttl_expires_at" = EXCLUDED."ttl_expires_at","cached_at" = EXCLUDED."cached_at","full_result" = EXCLUDED."full_result","reason" = EXCLUDED."reason","confidence" = EXCLUDED."confidence","is_false_positive" = EXCLUDED."is_false_positive","file_hashes" = EXCLUDED."file_hashes","locations" = EXCLUDED."locations","vulnerability_type" = EXCLUDED."vulnerability_type","repository" = EXCLUDED."repository","cache_key" = EXCLUDED."cache_key" RETURNING "id","updated_at","inserted_at","forge_account_id","invalidation_reason","invalidated_at","ttl_expires_at","cached_at","full_result","reason","confidence","is_false_positive","file_hashes","locations","vulnerability_type","repository","cache_key" ["Performance test entry 190", "56659/RSOLV-dev/perf-test/[path/to/file190.js:1900]:sql-injection", "RSOLV-dev/perf-test", Decimal.new("0.9"), 56659, [%{line: 1900, file_path: "path/to/file190.js"}], "sql-injection", %{"path/to/file190.js" => "sha256:content190"}, true, ~U[2025-12-10 20:25:22.199663Z], ~U[2025-09-11 20:25:22.199663Z], ~U[2025-09-11 20:25:22.199688Z], ~U[2025-09-11 20:25:22.199688Z]]
14:25:22.199 [debug] Cached validation stored
14:25:22.199 [debug] QUERY OK source="cached_validations" db=0.0ms
INSERT INTO "cached_validations" ("reason","cache_key","repository","confidence","forge_account_id","locations","vulnerability_type","file_hashes","is_false_positive","ttl_expires_at","cached_at","inserted_at","updated_at") VALUES ($1,$2,$3,$4,$5,$6,$7,$8,$9,$10,$11,$12,$13) ON CONFLICT ("cache_key") DO UPDATE SET "updated_at" = EXCLUDED."updated_at","inserted_at" = EXCLUDED."inserted_at","forge_account_id" = EXCLUDED."forge_account_id","invalidation_reason" = EXCLUDED."invalidation_reason","invalidated_at" = EXCLUDED."invalidated_at","ttl_expires_at" = EXCLUDED."ttl_expires_at","cached_at" = EXCLUDED."cached_at","full_result" = EXCLUDED."full_result","reason" = EXCLUDED."reason","confidence" = EXCLUDED."confidence","is_false_positive" = EXCLUDED."is_false_positive","file_hashes" = EXCLUDED."file_hashes","locations" = EXCLUDED."locations","vulnerability_type" = EXCLUDED."vulnerability_type","repository" = EXCLUDED."repository","cache_key" = EXCLUDED."cache_key" RETURNING "id","updated_at","inserted_at","forge_account_id","invalidation_reason","invalidated_at","ttl_expires_at","cached_at","full_result","reason","confidence","is_false_positive","file_hashes","locations","vulnerability_type","repository","cache_key" ["Performance test entry 191", "56659/RSOLV-dev/perf-test/[path/to/file191.js:1910]:eval", "RSOLV-dev/perf-test", Decimal.new("0.9099999999999999"), 56659, [%{line: 1910, file_path: "path/to/file191.js"}], "eval", %{"path/to/file191.js" => "sha256:content191"}, false, ~U[2025-12-10 20:25:22.199831Z], ~U[2025-09-11 20:25:22.199831Z], ~U[2025-09-11 20:25:22.199856Z], ~U[2025-09-11 20:25:22.199856Z]]
14:25:22.199 [debug] Cached validation stored
14:25:22.200 [debug] QUERY OK source="cached_validations" db=0.0ms
INSERT INTO "cached_validations" ("reason","cache_key","repository","confidence","forge_account_id","locations","vulnerability_type","file_hashes","is_false_positive","ttl_expires_at","cached_at","inserted_at","updated_at") VALUES ($1,$2,$3,$4,$5,$6,$7,$8,$9,$10,$11,$12,$13) ON CONFLICT ("cache_key") DO UPDATE SET "updated_at" = EXCLUDED."updated_at","inserted_at" = EXCLUDED."inserted_at","forge_account_id" = EXCLUDED."forge_account_id","invalidation_reason" = EXCLUDED."invalidation_reason","invalidated_at" = EXCLUDED."invalidated_at","ttl_expires_at" = EXCLUDED."ttl_expires_at","cached_at" = EXCLUDED."cached_at","full_result" = EXCLUDED."full_result","reason" = EXCLUDED."reason","confidence" = EXCLUDED."confidence","is_false_positive" = EXCLUDED."is_false_positive","file_hashes" = EXCLUDED."file_hashes","locations" = EXCLUDED."locations","vulnerability_type" = EXCLUDED."vulnerability_type","repository" = EXCLUDED."repository","cache_key" = EXCLUDED."cache_key" RETURNING "id","updated_at","inserted_at","forge_account_id","invalidation_reason","invalidated_at","ttl_expires_at","cached_at","full_result","reason","confidence","is_false_positive","file_hashes","locations","vulnerability_type","repository","cache_key" ["Performance test entry 192", "56659/RSOLV-dev/perf-test/[path/to/file192.js:1920]:xss", "RSOLV-dev/perf-test", Decimal.new("0.9199999999999999"), 56659, [%{line: 1920, file_path: "path/to/file192.js"}], "xss", %{"path/to/file192.js" => "sha256:content192"}, true, ~U[2025-12-10 20:25:22.199994Z], ~U[2025-09-11 20:25:22.199994Z], ~U[2025-09-11 20:25:22.200020Z], ~U[2025-09-11 20:25:22.200020Z]]
14:25:22.200 [debug] Cached validation stored
14:25:22.200 [debug] QUERY OK source="cached_validations" db=0.0ms
INSERT INTO "cached_validations" ("reason","cache_key","repository","confidence","forge_account_id","locations","vulnerability_type","file_hashes","is_false_positive","ttl_expires_at","cached_at","inserted_at","updated_at") VALUES ($1,$2,$3,$4,$5,$6,$7,$8,$9,$10,$11,$12,$13) ON CONFLICT ("cache_key") DO UPDATE SET "updated_at" = EXCLUDED."updated_at","inserted_at" = EXCLUDED."inserted_at","forge_account_id" = EXCLUDED."forge_account_id","invalidation_reason" = EXCLUDED."invalidation_reason","invalidated_at" = EXCLUDED."invalidated_at","ttl_expires_at" = EXCLUDED."ttl_expires_at","cached_at" = EXCLUDED."cached_at","full_result" = EXCLUDED."full_result","reason" = EXCLUDED."reason","confidence" = EXCLUDED."confidence","is_false_positive" = EXCLUDED."is_false_positive","file_hashes" = EXCLUDED."file_hashes","locations" = EXCLUDED."locations","vulnerability_type" = EXCLUDED."vulnerability_type","repository" = EXCLUDED."repository","cache_key" = EXCLUDED."cache_key" RETURNING "id","updated_at","inserted_at","forge_account_id","invalidation_reason","invalidated_at","ttl_expires_at","cached_at","full_result","reason","confidence","is_false_positive","file_hashes","locations","vulnerability_type","repository","cache_key" ["Performance test entry 193", "56659/RSOLV-dev/perf-test/[path/to/file193.js:1930]:eval", "RSOLV-dev/perf-test", Decimal.new("0.9299999999999999"), 56659, [%{line: 1930, file_path: "path/to/file193.js"}], "eval", %{"path/to/file193.js" => "sha256:content193"}, false, ~U[2025-12-10 20:25:22.200150Z], ~U[2025-09-11 20:25:22.200150Z], ~U[2025-09-11 20:25:22.200178Z], ~U[2025-09-11 20:25:22.200178Z]]
14:25:22.200 [debug] Cached validation stored
14:25:22.200 [debug] QUERY OK source="cached_validations" db=0.0ms
INSERT INTO "cached_validations" ("reason","cache_key","repository","confidence","forge_account_id","locations","vulnerability_type","file_hashes","is_false_positive","ttl_expires_at","cached_at","inserted_at","updated_at") VALUES ($1,$2,$3,$4,$5,$6,$7,$8,$9,$10,$11,$12,$13) ON CONFLICT ("cache_key") DO UPDATE SET "updated_at" = EXCLUDED."updated_at","inserted_at" = EXCLUDED."inserted_at","forge_account_id" = EXCLUDED."forge_account_id","invalidation_reason" = EXCLUDED."invalidation_reason","invalidated_at" = EXCLUDED."invalidated_at","ttl_expires_at" = EXCLUDED."ttl_expires_at","cached_at" = EXCLUDED."cached_at","full_result" = EXCLUDED."full_result","reason" = EXCLUDED."reason","confidence" = EXCLUDED."confidence","is_false_positive" = EXCLUDED."is_false_positive","file_hashes" = EXCLUDED."file_hashes","locations" = EXCLUDED."locations","vulnerability_type" = EXCLUDED."vulnerability_type","repository" = EXCLUDED."repository","cache_key" = EXCLUDED."cache_key" RETURNING "id","updated_at","inserted_at","forge_account_id","invalidation_reason","invalidated_at","ttl_expires_at","cached_at","full_result","reason","confidence","is_false_positive","file_hashes","locations","vulnerability_type","repository","cache_key" ["Performance test entry 194", "56659/RSOLV-dev/perf-test/[path/to/file194.js:1940]:sql-injection", "RSOLV-dev/perf-test", Decimal.new("0.94"), 56659, [%{line: 1940, file_path: "path/to/file194.js"}], "sql-injection", %{"path/to/file194.js" => "sha256:content194"}, true, ~U[2025-12-10 20:25:22.200310Z], ~U[2025-09-11 20:25:22.200310Z], ~U[2025-09-11 20:25:22.200334Z], ~U[2025-09-11 20:25:22.200334Z]]
14:25:22.200 [debug] Cached validation stored
14:25:22.200 [debug] QUERY OK source="cached_validations" db=0.0ms
INSERT INTO "cached_validations" ("reason","cache_key","repository","confidence","forge_account_id","locations","vulnerability_type","file_hashes","is_false_positive","ttl_expires_at","cached_at","inserted_at","updated_at") VALUES ($1,$2,$3,$4,$5,$6,$7,$8,$9,$10,$11,$12,$13) ON CONFLICT ("cache_key") DO UPDATE SET "updated_at" = EXCLUDED."updated_at","inserted_at" = EXCLUDED."inserted_at","forge_account_id" = EXCLUDED."forge_account_id","invalidation_reason" = EXCLUDED."invalidation_reason","invalidated_at" = EXCLUDED."invalidated_at","ttl_expires_at" = EXCLUDED."ttl_expires_at","cached_at" = EXCLUDED."cached_at","full_result" = EXCLUDED."full_result","reason" = EXCLUDED."reason","confidence" = EXCLUDED."confidence","is_false_positive" = EXCLUDED."is_false_positive","file_hashes" = EXCLUDED."file_hashes","locations" = EXCLUDED."locations","vulnerability_type" = EXCLUDED."vulnerability_type","repository" = EXCLUDED."repository","cache_key" = EXCLUDED."cache_key" RETURNING "id","updated_at","inserted_at","forge_account_id","invalidation_reason","invalidated_at","ttl_expires_at","cached_at","full_result","reason","confidence","is_false_positive","file_hashes","locations","vulnerability_type","repository","cache_key" ["Performance test entry 195", "56659/RSOLV-dev/perf-test/[path/to/file195.js:1950]:xss", "RSOLV-dev/perf-test", Decimal.new("0.95"), 56659, [%{line: 1950, file_path: "path/to/file195.js"}], "xss", %{"path/to/file195.js" => "sha256:content195"}, false, ~U[2025-12-10 20:25:22.200467Z], ~U[2025-09-11 20:25:22.200467Z], ~U[2025-09-11 20:25:22.200492Z], ~U[2025-09-11 20:25:22.200492Z]]
14:25:22.200 [debug] Cached validation stored
14:25:22.200 [debug] QUERY OK source="cached_validations" db=0.0ms
INSERT INTO "cached_validations" ("reason","cache_key","repository","confidence","forge_account_id","locations","vulnerability_type","file_hashes","is_false_positive","ttl_expires_at","cached_at","inserted_at","updated_at") VALUES ($1,$2,$3,$4,$5,$6,$7,$8,$9,$10,$11,$12,$13) ON CONFLICT ("cache_key") DO UPDATE SET "updated_at" = EXCLUDED."updated_at","inserted_at" = EXCLUDED."inserted_at","forge_account_id" = EXCLUDED."forge_account_id","invalidation_reason" = EXCLUDED."invalidation_reason","invalidated_at" = EXCLUDED."invalidated_at","ttl_expires_at" = EXCLUDED."ttl_expires_at","cached_at" = EXCLUDED."cached_at","full_result" = EXCLUDED."full_result","reason" = EXCLUDED."reason","confidence" = EXCLUDED."confidence","is_false_positive" = EXCLUDED."is_false_positive","file_hashes" = EXCLUDED."file_hashes","locations" = EXCLUDED."locations","vulnerability_type" = EXCLUDED."vulnerability_type","repository" = EXCLUDED."repository","cache_key" = EXCLUDED."cache_key" RETURNING "id","updated_at","inserted_at","forge_account_id","invalidation_reason","invalidated_at","ttl_expires_at","cached_at","full_result","reason","confidence","is_false_positive","file_hashes","locations","vulnerability_type","repository","cache_key" ["Performance test entry 196", "56659/RSOLV-dev/perf-test/[path/to/file196.js:1960]:sql-injection", "RSOLV-dev/perf-test", Decimal.new("0.96"), 56659, [%{line: 1960, file_path: "path/to/file196.js"}], "sql-injection", %{"path/to/file196.js" => "sha256:content196"}, true, ~U[2025-12-10 20:25:22.200620Z], ~U[2025-09-11 20:25:22.200620Z], ~U[2025-09-11 20:25:22.200647Z], ~U[2025-09-11 20:25:22.200647Z]]
14:25:22.200 [debug] Cached validation stored
14:25:22.200 [debug] QUERY OK source="cached_validations" db=0.0ms
INSERT INTO "cached_validations" ("reason","cache_key","repository","confidence","forge_account_id","locations","vulnerability_type","file_hashes","is_false_positive","ttl_expires_at","cached_at","inserted_at","updated_at") VALUES ($1,$2,$3,$4,$5,$6,$7,$8,$9,$10,$11,$12,$13) ON CONFLICT ("cache_key") DO UPDATE SET "updated_at" = EXCLUDED."updated_at","inserted_at" = EXCLUDED."inserted_at","forge_account_id" = EXCLUDED."forge_account_id","invalidation_reason" = EXCLUDED."invalidation_reason","invalidated_at" = EXCLUDED."invalidated_at","ttl_expires_at" = EXCLUDED."ttl_expires_at","cached_at" = EXCLUDED."cached_at","full_result" = EXCLUDED."full_result","reason" = EXCLUDED."reason","confidence" = EXCLUDED."confidence","is_false_positive" = EXCLUDED."is_false_positive","file_hashes" = EXCLUDED."file_hashes","locations" = EXCLUDED."locations","vulnerability_type" = EXCLUDED."vulnerability_type","repository" = EXCLUDED."repository","cache_key" = EXCLUDED."cache_key" RETURNING "id","updated_at","inserted_at","forge_account_id","invalidation_reason","invalidated_at","ttl_expires_at","cached_at","full_result","reason","confidence","is_false_positive","file_hashes","locations","vulnerability_type","repository","cache_key" ["Performance test entry 197", "56659/RSOLV-dev/perf-test/[path/to/file197.js:1970]:eval", "RSOLV-dev/perf-test", Decimal.new("0.97"), 56659, [%{line: 1970, file_path: "path/to/file197.js"}], "eval", %{"path/to/file197.js" => "sha256:content197"}, false, ~U[2025-12-10 20:25:22.200778Z], ~U[2025-09-11 20:25:22.200778Z], ~U[2025-09-11 20:25:22.200805Z], ~U[2025-09-11 20:25:22.200805Z]]
14:25:22.200 [debug] Cached validation stored
14:25:22.201 [debug] QUERY OK source="cached_validations" db=0.0ms
INSERT INTO "cached_validations" ("reason","cache_key","repository","confidence","forge_account_id","locations","vulnerability_type","file_hashes","is_false_positive","ttl_expires_at","cached_at","inserted_at","updated_at") VALUES ($1,$2,$3,$4,$5,$6,$7,$8,$9,$10,$11,$12,$13) ON CONFLICT ("cache_key") DO UPDATE SET "updated_at" = EXCLUDED."updated_at","inserted_at" = EXCLUDED."inserted_at","forge_account_id" = EXCLUDED."forge_account_id","invalidation_reason" = EXCLUDED."invalidation_reason","invalidated_at" = EXCLUDED."invalidated_at","ttl_expires_at" = EXCLUDED."ttl_expires_at","cached_at" = EXCLUDED."cached_at","full_result" = EXCLUDED."full_result","reason" = EXCLUDED."reason","confidence" = EXCLUDED."confidence","is_false_positive" = EXCLUDED."is_false_positive","file_hashes" = EXCLUDED."file_hashes","locations" = EXCLUDED."locations","vulnerability_type" = EXCLUDED."vulnerability_type","repository" = EXCLUDED."repository","cache_key" = EXCLUDED."cache_key" RETURNING "id","updated_at","inserted_at","forge_account_id","invalidation_reason","invalidated_at","ttl_expires_at","cached_at","full_result","reason","confidence","is_false_positive","file_hashes","locations","vulnerability_type","repository","cache_key" ["Performance test entry 198", "56659/RSOLV-dev/perf-test/[path/to/file198.js:1980]:xss", "RSOLV-dev/perf-test", Decimal.new("0.98"), 56659, [%{line: 1980, file_path: "path/to/file198.js"}], "xss", %{"path/to/file198.js" => "sha256:content198"}, true, ~U[2025-12-10 20:25:22.200937Z], ~U[2025-09-11 20:25:22.200937Z], ~U[2025-09-11 20:25:22.200958Z], ~U[2025-09-11 20:25:22.200958Z]]
14:25:22.201 [debug] Cached validation stored
14:25:22.201 [debug] QUERY OK source="cached_validations" db=0.0ms
INSERT INTO "cached_validations" ("reason","cache_key","repository","confidence","forge_account_id","locations","vulnerability_type","file_hashes","is_false_positive","ttl_expires_at","cached_at","inserted_at","updated_at") VALUES ($1,$2,$3,$4,$5,$6,$7,$8,$9,$10,$11,$12,$13) ON CONFLICT ("cache_key") DO UPDATE SET "updated_at" = EXCLUDED."updated_at","inserted_at" = EXCLUDED."inserted_at","forge_account_id" = EXCLUDED."forge_account_id","invalidation_reason" = EXCLUDED."invalidation_reason","invalidated_at" = EXCLUDED."invalidated_at","ttl_expires_at" = EXCLUDED."ttl_expires_at","cached_at" = EXCLUDED."cached_at","full_result" = EXCLUDED."full_result","reason" = EXCLUDED."reason","confidence" = EXCLUDED."confidence","is_false_positive" = EXCLUDED."is_false_positive","file_hashes" = EXCLUDED."file_hashes","locations" = EXCLUDED."locations","vulnerability_type" = EXCLUDED."vulnerability_type","repository" = EXCLUDED."repository","cache_key" = EXCLUDED."cache_key" RETURNING "id","updated_at","inserted_at","forge_account_id","invalidation_reason","invalidated_at","ttl_expires_at","cached_at","full_result","reason","confidence","is_false_positive","file_hashes","locations","vulnerability_type","repository","cache_key" ["Performance test entry 199", "56659/RSOLV-dev/perf-test/[path/to/file199.js:1990]:eval", "RSOLV-dev/perf-test", Decimal.new("0.99"), 56659, [%{line: 1990, file_path: "path/to/file199.js"}], "eval", %{"path/to/file199.js" => "sha256:content199"}, false, ~U[2025-12-10 20:25:22.201096Z], ~U[2025-09-11 20:25:22.201096Z], ~U[2025-09-11 20:25:22.201126Z], ~U[2025-09-11 20:25:22.201126Z]]
14:25:22.201 [debug] Cached validation stored
14:25:22.201 [debug] QUERY OK source="cached_validations" db=0.0ms
INSERT INTO "cached_validations" ("reason","cache_key","repository","confidence","forge_account_id","locations","vulnerability_type","file_hashes","is_false_positive","ttl_expires_at","cached_at","inserted_at","updated_at") VALUES ($1,$2,$3,$4,$5,$6,$7,$8,$9,$10,$11,$12,$13) ON CONFLICT ("cache_key") DO UPDATE SET "updated_at" = EXCLUDED."updated_at","inserted_at" = EXCLUDED."inserted_at","forge_account_id" = EXCLUDED."forge_account_id","invalidation_reason" = EXCLUDED."invalidation_reason","invalidated_at" = EXCLUDED."invalidated_at","ttl_expires_at" = EXCLUDED."ttl_expires_at","cached_at" = EXCLUDED."cached_at","full_result" = EXCLUDED."full_result","reason" = EXCLUDED."reason","confidence" = EXCLUDED."confidence","is_false_positive" = EXCLUDED."is_false_positive","file_hashes" = EXCLUDED."file_hashes","locations" = EXCLUDED."locations","vulnerability_type" = EXCLUDED."vulnerability_type","repository" = EXCLUDED."repository","cache_key" = EXCLUDED."cache_key" RETURNING "id","updated_at","inserted_at","forge_account_id","invalidation_reason","invalidated_at","ttl_expires_at","cached_at","full_result","reason","confidence","is_false_positive","file_hashes","locations","vulnerability_type","repository","cache_key" ["Performance test entry 200", "56659/RSOLV-dev/perf-test/[path/to/file200.js:2000]:sql-injection", "RSOLV-dev/perf-test", Decimal.new("0.5"), 56659, [%{line: 2000, file_path: "path/to/file200.js"}], "sql-injection", %{"path/to/file200.js" => "sha256:content200"}, true, ~U[2025-12-10 20:25:22.201258Z], ~U[2025-09-11 20:25:22.201258Z], ~U[2025-09-11 20:25:22.201281Z], ~U[2025-09-11 20:25:22.201281Z]]
14:25:22.201 [debug] Cached validation stored
14:25:22.201 [debug] QUERY OK source="cached_validations" db=0.0ms
INSERT INTO "cached_validations" ("reason","cache_key","repository","confidence","forge_account_id","locations","vulnerability_type","file_hashes","is_false_positive","ttl_expires_at","cached_at","inserted_at","updated_at") VALUES ($1,$2,$3,$4,$5,$6,$7,$8,$9,$10,$11,$12,$13) ON CONFLICT ("cache_key") DO UPDATE SET "updated_at" = EXCLUDED."updated_at","inserted_at" = EXCLUDED."inserted_at","forge_account_id" = EXCLUDED."forge_account_id","invalidation_reason" = EXCLUDED."invalidation_reason","invalidated_at" = EXCLUDED."invalidated_at","ttl_expires_at" = EXCLUDED."ttl_expires_at","cached_at" = EXCLUDED."cached_at","full_result" = EXCLUDED."full_result","reason" = EXCLUDED."reason","confidence" = EXCLUDED."confidence","is_false_positive" = EXCLUDED."is_false_positive","file_hashes" = EXCLUDED."file_hashes","locations" = EXCLUDED."locations","vulnerability_type" = EXCLUDED."vulnerability_type","repository" = EXCLUDED."repository","cache_key" = EXCLUDED."cache_key" RETURNING "id","updated_at","inserted_at","forge_account_id","invalidation_reason","invalidated_at","ttl_expires_at","cached_at","full_result","reason","confidence","is_false_positive","file_hashes","locations","vulnerability_type","repository","cache_key" ["Performance test entry 201", "56659/RSOLV-dev/perf-test/[path/to/file201.js:2010]:xss", "RSOLV-dev/perf-test", Decimal.new("0.51"), 56659, [%{line: 2010, file_path: "path/to/file201.js"}], "xss", %{"path/to/file201.js" => "sha256:content201"}, false, ~U[2025-12-10 20:25:22.201419Z], ~U[2025-09-11 20:25:22.201419Z], ~U[2025-09-11 20:25:22.201445Z], ~U[2025-09-11 20:25:22.201445Z]]
14:25:22.201 [debug] Cached validation stored
14:25:22.201 [debug] QUERY OK source="cached_validations" db=0.0ms
INSERT INTO "cached_validations" ("reason","cache_key","repository","confidence","forge_account_id","locations","vulnerability_type","file_hashes","is_false_positive","ttl_expires_at","cached_at","inserted_at","updated_at") VALUES ($1,$2,$3,$4,$5,$6,$7,$8,$9,$10,$11,$12,$13) ON CONFLICT ("cache_key") DO UPDATE SET "updated_at" = EXCLUDED."updated_at","inserted_at" = EXCLUDED."inserted_at","forge_account_id" = EXCLUDED."forge_account_id","invalidation_reason" = EXCLUDED."invalidation_reason","invalidated_at" = EXCLUDED."invalidated_at","ttl_expires_at" = EXCLUDED."ttl_expires_at","cached_at" = EXCLUDED."cached_at","full_result" = EXCLUDED."full_result","reason" = EXCLUDED."reason","confidence" = EXCLUDED."confidence","is_false_positive" = EXCLUDED."is_false_positive","file_hashes" = EXCLUDED."file_hashes","locations" = EXCLUDED."locations","vulnerability_type" = EXCLUDED."vulnerability_type","repository" = EXCLUDED."repository","cache_key" = EXCLUDED."cache_key" RETURNING "id","updated_at","inserted_at","forge_account_id","invalidation_reason","invalidated_at","ttl_expires_at","cached_at","full_result","reason","confidence","is_false_positive","file_hashes","locations","vulnerability_type","repository","cache_key" ["Performance test entry 202", "56659/RSOLV-dev/perf-test/[path/to/file202.js:2020]:sql-injection", "RSOLV-dev/perf-test", Decimal.new("0.52"), 56659, [%{line: 2020, file_path: "path/to/file202.js"}], "sql-injection", %{"path/to/file202.js" => "sha256:content202"}, true, ~U[2025-12-10 20:25:22.201569Z], ~U[2025-09-11 20:25:22.201569Z], ~U[2025-09-11 20:25:22.201590Z], ~U[2025-09-11 20:25:22.201590Z]]
14:25:22.201 [debug] Cached validation stored
14:25:22.201 [debug] QUERY OK source="cached_validations" db=0.0ms
INSERT INTO "cached_validations" ("reason","cache_key","repository","confidence","forge_account_id","locations","vulnerability_type","file_hashes","is_false_positive","ttl_expires_at","cached_at","inserted_at","updated_at") VALUES ($1,$2,$3,$4,$5,$6,$7,$8,$9,$10,$11,$12,$13) ON CONFLICT ("cache_key") DO UPDATE SET "updated_at" = EXCLUDED."updated_at","inserted_at" = EXCLUDED."inserted_at","forge_account_id" = EXCLUDED."forge_account_id","invalidation_reason" = EXCLUDED."invalidation_reason","invalidated_at" = EXCLUDED."invalidated_at","ttl_expires_at" = EXCLUDED."ttl_expires_at","cached_at" = EXCLUDED."cached_at","full_result" = EXCLUDED."full_result","reason" = EXCLUDED."reason","confidence" = EXCLUDED."confidence","is_false_positive" = EXCLUDED."is_false_positive","file_hashes" = EXCLUDED."file_hashes","locations" = EXCLUDED."locations","vulnerability_type" = EXCLUDED."vulnerability_type","repository" = EXCLUDED."repository","cache_key" = EXCLUDED."cache_key" RETURNING "id","updated_at","inserted_at","forge_account_id","invalidation_reason","invalidated_at","ttl_expires_at","cached_at","full_result","reason","confidence","is_false_positive","file_hashes","locations","vulnerability_type","repository","cache_key" ["Performance test entry 203", "56659/RSOLV-dev/perf-test/[path/to/file203.js:2030]:eval", "RSOLV-dev/perf-test", Decimal.new("0.53"), 56659, [%{line: 2030, file_path: "path/to/file203.js"}], "eval", %{"path/to/file203.js" => "sha256:content203"}, false, ~U[2025-12-10 20:25:22.201721Z], ~U[2025-09-11 20:25:22.201721Z], ~U[2025-09-11 20:25:22.201752Z], ~U[2025-09-11 20:25:22.201752Z]]
14:25:22.201 [debug] Cached validation stored
14:25:22.202 [debug] QUERY OK source="cached_validations" db=0.0ms
INSERT INTO "cached_validations" ("reason","cache_key","repository","confidence","forge_account_id","locations","vulnerability_type","file_hashes","is_false_positive","ttl_expires_at","cached_at","inserted_at","updated_at") VALUES ($1,$2,$3,$4,$5,$6,$7,$8,$9,$10,$11,$12,$13) ON CONFLICT ("cache_key") DO UPDATE SET "updated_at" = EXCLUDED."updated_at","inserted_at" = EXCLUDED."inserted_at","forge_account_id" = EXCLUDED."forge_account_id","invalidation_reason" = EXCLUDED."invalidation_reason","invalidated_at" = EXCLUDED."invalidated_at","ttl_expires_at" = EXCLUDED."ttl_expires_at","cached_at" = EXCLUDED."cached_at","full_result" = EXCLUDED."full_result","reason" = EXCLUDED."reason","confidence" = EXCLUDED."confidence","is_false_positive" = EXCLUDED."is_false_positive","file_hashes" = EXCLUDED."file_hashes","locations" = EXCLUDED."locations","vulnerability_type" = EXCLUDED."vulnerability_type","repository" = EXCLUDED."repository","cache_key" = EXCLUDED."cache_key" RETURNING "id","updated_at","inserted_at","forge_account_id","invalidation_reason","invalidated_at","ttl_expires_at","cached_at","full_result","reason","confidence","is_false_positive","file_hashes","locations","vulnerability_type","repository","cache_key" ["Performance test entry 204", "56659/RSOLV-dev/perf-test/[path/to/file204.js:2040]:xss", "RSOLV-dev/perf-test", Decimal.new("0.54"), 56659, [%{line: 2040, file_path: "path/to/file204.js"}], "xss", %{"path/to/file204.js" => "sha256:content204"}, true, ~U[2025-12-10 20:25:22.201905Z], ~U[2025-09-11 20:25:22.201905Z], ~U[2025-09-11 20:25:22.201929Z], ~U[2025-09-11 20:25:22.201929Z]]
14:25:22.202 [debug] Cached validation stored
14:25:22.202 [debug] QUERY OK source="cached_validations" db=0.0ms
INSERT INTO "cached_validations" ("reason","cache_key","repository","confidence","forge_account_id","locations","vulnerability_type","file_hashes","is_false_positive","ttl_expires_at","cached_at","inserted_at","updated_at") VALUES ($1,$2,$3,$4,$5,$6,$7,$8,$9,$10,$11,$12,$13) ON CONFLICT ("cache_key") DO UPDATE SET "updated_at" = EXCLUDED."updated_at","inserted_at" = EXCLUDED."inserted_at","forge_account_id" = EXCLUDED."forge_account_id","invalidation_reason" = EXCLUDED."invalidation_reason","invalidated_at" = EXCLUDED."invalidated_at","ttl_expires_at" = EXCLUDED."ttl_expires_at","cached_at" = EXCLUDED."cached_at","full_result" = EXCLUDED."full_result","reason" = EXCLUDED."reason","confidence" = EXCLUDED."confidence","is_false_positive" = EXCLUDED."is_false_positive","file_hashes" = EXCLUDED."file_hashes","locations" = EXCLUDED."locations","vulnerability_type" = EXCLUDED."vulnerability_type","repository" = EXCLUDED."repository","cache_key" = EXCLUDED."cache_key" RETURNING "id","updated_at","inserted_at","forge_account_id","invalidation_reason","invalidated_at","ttl_expires_at","cached_at","full_result","reason","confidence","is_false_positive","file_hashes","locations","vulnerability_type","repository","cache_key" ["Performance test entry 205", "56659/RSOLV-dev/perf-test/[path/to/file205.js:2050]:eval", "RSOLV-dev/perf-test", Decimal.new("0.55"), 56659, [%{line: 2050, file_path: "path/to/file205.js"}], "eval", %{"path/to/file205.js" => "sha256:content205"}, false, ~U[2025-12-10 20:25:22.202074Z], ~U[2025-09-11 20:25:22.202074Z], ~U[2025-09-11 20:25:22.202099Z], ~U[2025-09-11 20:25:22.202099Z]]
14:25:22.202 [debug] Cached validation stored
14:25:22.202 [debug] QUERY OK source="cached_validations" db=0.1ms
INSERT INTO "cached_validations" ("reason","cache_key","repository","confidence","forge_account_id","locations","vulnerability_type","file_hashes","is_false_positive","ttl_expires_at","cached_at","inserted_at","updated_at") VALUES ($1,$2,$3,$4,$5,$6,$7,$8,$9,$10,$11,$12,$13) ON CONFLICT ("cache_key") DO UPDATE SET "updated_at" = EXCLUDED."updated_at","inserted_at" = EXCLUDED."inserted_at","forge_account_id" = EXCLUDED."forge_account_id","invalidation_reason" = EXCLUDED."invalidation_reason","invalidated_at" = EXCLUDED."invalidated_at","ttl_expires_at" = EXCLUDED."ttl_expires_at","cached_at" = EXCLUDED."cached_at","full_result" = EXCLUDED."full_result","reason" = EXCLUDED."reason","confidence" = EXCLUDED."confidence","is_false_positive" = EXCLUDED."is_false_positive","file_hashes" = EXCLUDED."file_hashes","locations" = EXCLUDED."locations","vulnerability_type" = EXCLUDED."vulnerability_type","repository" = EXCLUDED."repository","cache_key" = EXCLUDED."cache_key" RETURNING "id","updated_at","inserted_at","forge_account_id","invalidation_reason","invalidated_at","ttl_expires_at","cached_at","full_result","reason","confidence","is_false_positive","file_hashes","locations","vulnerability_type","repository","cache_key" ["Performance test entry 206", "56659/RSOLV-dev/perf-test/[path/to/file206.js:2060]:sql-injection", "RSOLV-dev/perf-test", Decimal.new("0.56"), 56659, [%{line: 2060, file_path: "path/to/file206.js"}], "sql-injection", %{"path/to/file206.js" => "sha256:content206"}, true, ~U[2025-12-10 20:25:22.202227Z], ~U[2025-09-11 20:25:22.202227Z], ~U[2025-09-11 20:25:22.202254Z], ~U[2025-09-11 20:25:22.202254Z]]
14:25:22.202 [debug] Cached validation stored
14:25:22.202 [debug] QUERY OK source="cached_validations" db=0.0ms
INSERT INTO "cached_validations" ("reason","cache_key","repository","confidence","forge_account_id","locations","vulnerability_type","file_hashes","is_false_positive","ttl_expires_at","cached_at","inserted_at","updated_at") VALUES ($1,$2,$3,$4,$5,$6,$7,$8,$9,$10,$11,$12,$13) ON CONFLICT ("cache_key") DO UPDATE SET "updated_at" = EXCLUDED."updated_at","inserted_at" = EXCLUDED."inserted_at","forge_account_id" = EXCLUDED."forge_account_id","invalidation_reason" = EXCLUDED."invalidation_reason","invalidated_at" = EXCLUDED."invalidated_at","ttl_expires_at" = EXCLUDED."ttl_expires_at","cached_at" = EXCLUDED."cached_at","full_result" = EXCLUDED."full_result","reason" = EXCLUDED."reason","confidence" = EXCLUDED."confidence","is_false_positive" = EXCLUDED."is_false_positive","file_hashes" = EXCLUDED."file_hashes","locations" = EXCLUDED."locations","vulnerability_type" = EXCLUDED."vulnerability_type","repository" = EXCLUDED."repository","cache_key" = EXCLUDED."cache_key" RETURNING "id","updated_at","inserted_at","forge_account_id","invalidation_reason","invalidated_at","ttl_expires_at","cached_at","full_result","reason","confidence","is_false_positive","file_hashes","locations","vulnerability_type","repository","cache_key" ["Performance test entry 207", "56659/RSOLV-dev/perf-test/[path/to/file207.js:2070]:xss", "RSOLV-dev/perf-test", Decimal.new("0.5700000000000001"), 56659, [%{line: 2070, file_path: "path/to/file207.js"}], "xss", %{"path/to/file207.js" => "sha256:content207"}, false, ~U[2025-12-10 20:25:22.202455Z], ~U[2025-09-11 20:25:22.202455Z], ~U[2025-09-11 20:25:22.202482Z], ~U[2025-09-11 20:25:22.202482Z]]
14:25:22.202 [debug] Cached validation stored
14:25:22.202 [debug] QUERY OK source="cached_validations" db=0.0ms
INSERT INTO "cached_validations" ("reason","cache_key","repository","confidence","forge_account_id","locations","vulnerability_type","file_hashes","is_false_positive","ttl_expires_at","cached_at","inserted_at","updated_at") VALUES ($1,$2,$3,$4,$5,$6,$7,$8,$9,$10,$11,$12,$13) ON CONFLICT ("cache_key") DO UPDATE SET "updated_at" = EXCLUDED."updated_at","inserted_at" = EXCLUDED."inserted_at","forge_account_id" = EXCLUDED."forge_account_id","invalidation_reason" = EXCLUDED."invalidation_reason","invalidated_at" = EXCLUDED."invalidated_at","ttl_expires_at" = EXCLUDED."ttl_expires_at","cached_at" = EXCLUDED."cached_at","full_result" = EXCLUDED."full_result","reason" = EXCLUDED."reason","confidence" = EXCLUDED."confidence","is_false_positive" = EXCLUDED."is_false_positive","file_hashes" = EXCLUDED."file_hashes","locations" = EXCLUDED."locations","vulnerability_type" = EXCLUDED."vulnerability_type","repository" = EXCLUDED."repository","cache_key" = EXCLUDED."cache_key" RETURNING "id","updated_at","inserted_at","forge_account_id","invalidation_reason","invalidated_at","ttl_expires_at","cached_at","full_result","reason","confidence","is_false_positive","file_hashes","locations","vulnerability_type","repository","cache_key" ["Performance test entry 208", "56659/RSOLV-dev/perf-test/[path/to/file208.js:2080]:sql-injection", "RSOLV-dev/perf-test", Decimal.new("0.58"), 56659, [%{line: 2080, file_path: "path/to/file208.js"}], "sql-injection", %{"path/to/file208.js" => "sha256:content208"}, true, ~U[2025-12-10 20:25:22.202622Z], ~U[2025-09-11 20:25:22.202622Z], ~U[2025-09-11 20:25:22.202643Z], ~U[2025-09-11 20:25:22.202643Z]]
14:25:22.202 [debug] Cached validation stored
14:25:22.202 [debug] QUERY OK source="cached_validations" db=0.0ms
INSERT INTO "cached_validations" ("reason","cache_key","repository","confidence","forge_account_id","locations","vulnerability_type","file_hashes","is_false_positive","ttl_expires_at","cached_at","inserted_at","updated_at") VALUES ($1,$2,$3,$4,$5,$6,$7,$8,$9,$10,$11,$12,$13) ON CONFLICT ("cache_key") DO UPDATE SET "updated_at" = EXCLUDED."updated_at","inserted_at" = EXCLUDED."inserted_at","forge_account_id" = EXCLUDED."forge_account_id","invalidation_reason" = EXCLUDED."invalidation_reason","invalidated_at" = EXCLUDED."invalidated_at","ttl_expires_at" = EXCLUDED."ttl_expires_at","cached_at" = EXCLUDED."cached_at","full_result" = EXCLUDED."full_result","reason" = EXCLUDED."reason","confidence" = EXCLUDED."confidence","is_false_positive" = EXCLUDED."is_false_positive","file_hashes" = EXCLUDED."file_hashes","locations" = EXCLUDED."locations","vulnerability_type" = EXCLUDED."vulnerability_type","repository" = EXCLUDED."repository","cache_key" = EXCLUDED."cache_key" RETURNING "id","updated_at","inserted_at","forge_account_id","invalidation_reason","invalidated_at","ttl_expires_at","cached_at","full_result","reason","confidence","is_false_positive","file_hashes","locations","vulnerability_type","repository","cache_key" ["Performance test entry 209", "56659/RSOLV-dev/perf-test/[path/to/file209.js:2090]:eval", "RSOLV-dev/perf-test", Decimal.new("0.59"), 56659, [%{line: 2090, file_path: "path/to/file209.js"}], "eval", %{"path/to/file209.js" => "sha256:content209"}, false, ~U[2025-12-10 20:25:22.202789Z], ~U[2025-09-11 20:25:22.202789Z], ~U[2025-09-11 20:25:22.202820Z], ~U[2025-09-11 20:25:22.202820Z]]
14:25:22.202 [debug] Cached validation stored
14:25:22.203 [debug] QUERY OK source="cached_validations" db=0.0ms
INSERT INTO "cached_validations" ("reason","cache_key","repository","confidence","forge_account_id","locations","vulnerability_type","file_hashes","is_false_positive","ttl_expires_at","cached_at","inserted_at","updated_at") VALUES ($1,$2,$3,$4,$5,$6,$7,$8,$9,$10,$11,$12,$13) ON CONFLICT ("cache_key") DO UPDATE SET "updated_at" = EXCLUDED."updated_at","inserted_at" = EXCLUDED."inserted_at","forge_account_id" = EXCLUDED."forge_account_id","invalidation_reason" = EXCLUDED."invalidation_reason","invalidated_at" = EXCLUDED."invalidated_at","ttl_expires_at" = EXCLUDED."ttl_expires_at","cached_at" = EXCLUDED."cached_at","full_result" = EXCLUDED."full_result","reason" = EXCLUDED."reason","confidence" = EXCLUDED."confidence","is_false_positive" = EXCLUDED."is_false_positive","file_hashes" = EXCLUDED."file_hashes","locations" = EXCLUDED."locations","vulnerability_type" = EXCLUDED."vulnerability_type","repository" = EXCLUDED."repository","cache_key" = EXCLUDED."cache_key" RETURNING "id","updated_at","inserted_at","forge_account_id","invalidation_reason","invalidated_at","ttl_expires_at","cached_at","full_result","reason","confidence","is_false_positive","file_hashes","locations","vulnerability_type","repository","cache_key" ["Performance test entry 210", "56659/RSOLV-dev/perf-test/[path/to/file210.js:2100]:xss", "RSOLV-dev/perf-test", Decimal.new("0.6"), 56659, [%{line: 2100, file_path: "path/to/file210.js"}], "xss", %{"path/to/file210.js" => "sha256:content210"}, true, ~U[2025-12-10 20:25:22.202968Z], ~U[2025-09-11 20:25:22.202968Z], ~U[2025-09-11 20:25:22.202994Z], ~U[2025-09-11 20:25:22.202994Z]]
14:25:22.203 [debug] Cached validation stored
14:25:22.203 [debug] QUERY OK source="cached_validations" db=0.0ms
INSERT INTO "cached_validations" ("reason","cache_key","repository","confidence","forge_account_id","locations","vulnerability_type","file_hashes","is_false_positive","ttl_expires_at","cached_at","inserted_at","updated_at") VALUES ($1,$2,$3,$4,$5,$6,$7,$8,$9,$10,$11,$12,$13) ON CONFLICT ("cache_key") DO UPDATE SET "updated_at" = EXCLUDED."updated_at","inserted_at" = EXCLUDED."inserted_at","forge_account_id" = EXCLUDED."forge_account_id","invalidation_reason" = EXCLUDED."invalidation_reason","invalidated_at" = EXCLUDED."invalidated_at","ttl_expires_at" = EXCLUDED."ttl_expires_at","cached_at" = EXCLUDED."cached_at","full_result" = EXCLUDED."full_result","reason" = EXCLUDED."reason","confidence" = EXCLUDED."confidence","is_false_positive" = EXCLUDED."is_false_positive","file_hashes" = EXCLUDED."file_hashes","locations" = EXCLUDED."locations","vulnerability_type" = EXCLUDED."vulnerability_type","repository" = EXCLUDED."repository","cache_key" = EXCLUDED."cache_key" RETURNING "id","updated_at","inserted_at","forge_account_id","invalidation_reason","invalidated_at","ttl_expires_at","cached_at","full_result","reason","confidence","is_false_positive","file_hashes","locations","vulnerability_type","repository","cache_key" ["Performance test entry 211", "56659/RSOLV-dev/perf-test/[path/to/file211.js:2110]:eval", "RSOLV-dev/perf-test", Decimal.new("0.61"), 56659, [%{line: 2110, file_path: "path/to/file211.js"}], "eval", %{"path/to/file211.js" => "sha256:content211"}, false, ~U[2025-12-10 20:25:22.203133Z], ~U[2025-09-11 20:25:22.203133Z], ~U[2025-09-11 20:25:22.203158Z], ~U[2025-09-11 20:25:22.203158Z]]
14:25:22.203 [debug] Cached validation stored
14:25:22.203 [debug] QUERY OK source="cached_validations" db=0.0ms
INSERT INTO "cached_validations" ("reason","cache_key","repository","confidence","forge_account_id","locations","vulnerability_type","file_hashes","is_false_positive","ttl_expires_at","cached_at","inserted_at","updated_at") VALUES ($1,$2,$3,$4,$5,$6,$7,$8,$9,$10,$11,$12,$13) ON CONFLICT ("cache_key") DO UPDATE SET "updated_at" = EXCLUDED."updated_at","inserted_at" = EXCLUDED."inserted_at","forge_account_id" = EXCLUDED."forge_account_id","invalidation_reason" = EXCLUDED."invalidation_reason","invalidated_at" = EXCLUDED."invalidated_at","ttl_expires_at" = EXCLUDED."ttl_expires_at","cached_at" = EXCLUDED."cached_at","full_result" = EXCLUDED."full_result","reason" = EXCLUDED."reason","confidence" = EXCLUDED."confidence","is_false_positive" = EXCLUDED."is_false_positive","file_hashes" = EXCLUDED."file_hashes","locations" = EXCLUDED."locations","vulnerability_type" = EXCLUDED."vulnerability_type","repository" = EXCLUDED."repository","cache_key" = EXCLUDED."cache_key" RETURNING "id","updated_at","inserted_at","forge_account_id","invalidation_reason","invalidated_at","ttl_expires_at","cached_at","full_result","reason","confidence","is_false_positive","file_hashes","locations","vulnerability_type","repository","cache_key" ["Performance test entry 212", "56659/RSOLV-dev/perf-test/[path/to/file212.js:2120]:sql-injection", "RSOLV-dev/perf-test", Decimal.new("0.62"), 56659, [%{line: 2120, file_path: "path/to/file212.js"}], "sql-injection", %{"path/to/file212.js" => "sha256:content212"}, true, ~U[2025-12-10 20:25:22.203292Z], ~U[2025-09-11 20:25:22.203292Z], ~U[2025-09-11 20:25:22.203313Z], ~U[2025-09-11 20:25:22.203313Z]]
14:25:22.203 [debug] Cached validation stored
14:25:22.203 [debug] QUERY OK source="cached_validations" db=0.0ms
INSERT INTO "cached_validations" ("reason","cache_key","repository","confidence","forge_account_id","locations","vulnerability_type","file_hashes","is_false_positive","ttl_expires_at","cached_at","inserted_at","updated_at") VALUES ($1,$2,$3,$4,$5,$6,$7,$8,$9,$10,$11,$12,$13) ON CONFLICT ("cache_key") DO UPDATE SET "updated_at" = EXCLUDED."updated_at","inserted_at" = EXCLUDED."inserted_at","forge_account_id" = EXCLUDED."forge_account_id","invalidation_reason" = EXCLUDED."invalidation_reason","invalidated_at" = EXCLUDED."invalidated_at","ttl_expires_at" = EXCLUDED."ttl_expires_at","cached_at" = EXCLUDED."cached_at","full_result" = EXCLUDED."full_result","reason" = EXCLUDED."reason","confidence" = EXCLUDED."confidence","is_false_positive" = EXCLUDED."is_false_positive","file_hashes" = EXCLUDED."file_hashes","locations" = EXCLUDED."locations","vulnerability_type" = EXCLUDED."vulnerability_type","repository" = EXCLUDED."repository","cache_key" = EXCLUDED."cache_key" RETURNING "id","updated_at","inserted_at","forge_account_id","invalidation_reason","invalidated_at","ttl_expires_at","cached_at","full_result","reason","confidence","is_false_positive","file_hashes","locations","vulnerability_type","repository","cache_key" ["Performance test entry 213", "56659/RSOLV-dev/perf-test/[path/to/file213.js:2130]:xss", "RSOLV-dev/perf-test", Decimal.new("0.63"), 56659, [%{line: 2130, file_path: "path/to/file213.js"}], "xss", %{"path/to/file213.js" => "sha256:content213"}, false, ~U[2025-12-10 20:25:22.203433Z], ~U[2025-09-11 20:25:22.203433Z], ~U[2025-09-11 20:25:22.203460Z], ~U[2025-09-11 20:25:22.203460Z]]
14:25:22.203 [debug] Cached validation stored
14:25:22.203 [debug] QUERY OK source="cached_validations" db=0.0ms
INSERT INTO "cached_validations" ("reason","cache_key","repository","confidence","forge_account_id","locations","vulnerability_type","file_hashes","is_false_positive","ttl_expires_at","cached_at","inserted_at","updated_at") VALUES ($1,$2,$3,$4,$5,$6,$7,$8,$9,$10,$11,$12,$13) ON CONFLICT ("cache_key") DO UPDATE SET "updated_at" = EXCLUDED."updated_at","inserted_at" = EXCLUDED."inserted_at","forge_account_id" = EXCLUDED."forge_account_id","invalidation_reason" = EXCLUDED."invalidation_reason","invalidated_at" = EXCLUDED."invalidated_at","ttl_expires_at" = EXCLUDED."ttl_expires_at","cached_at" = EXCLUDED."cached_at","full_result" = EXCLUDED."full_result","reason" = EXCLUDED."reason","confidence" = EXCLUDED."confidence","is_false_positive" = EXCLUDED."is_false_positive","file_hashes" = EXCLUDED."file_hashes","locations" = EXCLUDED."locations","vulnerability_type" = EXCLUDED."vulnerability_type","repository" = EXCLUDED."repository","cache_key" = EXCLUDED."cache_key" RETURNING "id","updated_at","inserted_at","forge_account_id","invalidation_reason","invalidated_at","ttl_expires_at","cached_at","full_result","reason","confidence","is_false_positive","file_hashes","locations","vulnerability_type","repository","cache_key" ["Performance test entry 214", "56659/RSOLV-dev/perf-test/[path/to/file214.js:2140]:sql-injection", "RSOLV-dev/perf-test", Decimal.new("0.64"), 56659, [%{line: 2140, file_path: "path/to/file214.js"}], "sql-injection", %{"path/to/file214.js" => "sha256:content214"}, true, ~U[2025-12-10 20:25:22.203591Z], ~U[2025-09-11 20:25:22.203591Z], ~U[2025-09-11 20:25:22.203614Z], ~U[2025-09-11 20:25:22.203614Z]]
14:25:22.203 [debug] Cached validation stored
14:25:22.203 [debug] QUERY OK source="cached_validations" db=0.0ms
INSERT INTO "cached_validations" ("reason","cache_key","repository","confidence","forge_account_id","locations","vulnerability_type","file_hashes","is_false_positive","ttl_expires_at","cached_at","inserted_at","updated_at") VALUES ($1,$2,$3,$4,$5,$6,$7,$8,$9,$10,$11,$12,$13) ON CONFLICT ("cache_key") DO UPDATE SET "updated_at" = EXCLUDED."updated_at","inserted_at" = EXCLUDED."inserted_at","forge_account_id" = EXCLUDED."forge_account_id","invalidation_reason" = EXCLUDED."invalidation_reason","invalidated_at" = EXCLUDED."invalidated_at","ttl_expires_at" = EXCLUDED."ttl_expires_at","cached_at" = EXCLUDED."cached_at","full_result" = EXCLUDED."full_result","reason" = EXCLUDED."reason","confidence" = EXCLUDED."confidence","is_false_positive" = EXCLUDED."is_false_positive","file_hashes" = EXCLUDED."file_hashes","locations" = EXCLUDED."locations","vulnerability_type" = EXCLUDED."vulnerability_type","repository" = EXCLUDED."repository","cache_key" = EXCLUDED."cache_key" RETURNING "id","updated_at","inserted_at","forge_account_id","invalidation_reason","invalidated_at","ttl_expires_at","cached_at","full_result","reason","confidence","is_false_positive","file_hashes","locations","vulnerability_type","repository","cache_key" ["Performance test entry 215", "56659/RSOLV-dev/perf-test/[path/to/file215.js:2150]:eval", "RSOLV-dev/perf-test", Decimal.new("0.65"), 56659, [%{line: 2150, file_path: "path/to/file215.js"}], "eval", %{"path/to/file215.js" => "sha256:content215"}, false, ~U[2025-12-10 20:25:22.203740Z], ~U[2025-09-11 20:25:22.203740Z], ~U[2025-09-11 20:25:22.203766Z], ~U[2025-09-11 20:25:22.203766Z]]
14:25:22.203 [debug] Cached validation stored
14:25:22.204 [debug] QUERY OK source="cached_validations" db=0.1ms
INSERT INTO "cached_validations" ("reason","cache_key","repository","confidence","forge_account_id","locations","vulnerability_type","file_hashes","is_false_positive","ttl_expires_at","cached_at","inserted_at","updated_at") VALUES ($1,$2,$3,$4,$5,$6,$7,$8,$9,$10,$11,$12,$13) ON CONFLICT ("cache_key") DO UPDATE SET "updated_at" = EXCLUDED."updated_at","inserted_at" = EXCLUDED."inserted_at","forge_account_id" = EXCLUDED."forge_account_id","invalidation_reason" = EXCLUDED."invalidation_reason","invalidated_at" = EXCLUDED."invalidated_at","ttl_expires_at" = EXCLUDED."ttl_expires_at","cached_at" = EXCLUDED."cached_at","full_result" = EXCLUDED."full_result","reason" = EXCLUDED."reason","confidence" = EXCLUDED."confidence","is_false_positive" = EXCLUDED."is_false_positive","file_hashes" = EXCLUDED."file_hashes","locations" = EXCLUDED."locations","vulnerability_type" = EXCLUDED."vulnerability_type","repository" = EXCLUDED."repository","cache_key" = EXCLUDED."cache_key" RETURNING "id","updated_at","inserted_at","forge_account_id","invalidation_reason","invalidated_at","ttl_expires_at","cached_at","full_result","reason","confidence","is_false_positive","file_hashes","locations","vulnerability_type","repository","cache_key" ["Performance test entry 216", "56659/RSOLV-dev/perf-test/[path/to/file216.js:2160]:xss", "RSOLV-dev/perf-test", Decimal.new("0.66"), 56659, [%{line: 2160, file_path: "path/to/file216.js"}], "xss", %{"path/to/file216.js" => "sha256:content216"}, true, ~U[2025-12-10 20:25:22.203890Z], ~U[2025-09-11 20:25:22.203890Z], ~U[2025-09-11 20:25:22.203910Z], ~U[2025-09-11 20:25:22.203910Z]]
14:25:22.204 [debug] Cached validation stored
14:25:22.204 [debug] QUERY OK source="cached_validations" db=0.0ms
INSERT INTO "cached_validations" ("reason","cache_key","repository","confidence","forge_account_id","locations","vulnerability_type","file_hashes","is_false_positive","ttl_expires_at","cached_at","inserted_at","updated_at") VALUES ($1,$2,$3,$4,$5,$6,$7,$8,$9,$10,$11,$12,$13) ON CONFLICT ("cache_key") DO UPDATE SET "updated_at" = EXCLUDED."updated_at","inserted_at" = EXCLUDED."inserted_at","forge_account_id" = EXCLUDED."forge_account_id","invalidation_reason" = EXCLUDED."invalidation_reason","invalidated_at" = EXCLUDED."invalidated_at","ttl_expires_at" = EXCLUDED."ttl_expires_at","cached_at" = EXCLUDED."cached_at","full_result" = EXCLUDED."full_result","reason" = EXCLUDED."reason","confidence" = EXCLUDED."confidence","is_false_positive" = EXCLUDED."is_false_positive","file_hashes" = EXCLUDED."file_hashes","locations" = EXCLUDED."locations","vulnerability_type" = EXCLUDED."vulnerability_type","repository" = EXCLUDED."repository","cache_key" = EXCLUDED."cache_key" RETURNING "id","updated_at","inserted_at","forge_account_id","invalidation_reason","invalidated_at","ttl_expires_at","cached_at","full_result","reason","confidence","is_false_positive","file_hashes","locations","vulnerability_type","repository","cache_key" ["Performance test entry 217", "56659/RSOLV-dev/perf-test/[path/to/file217.js:2170]:eval", "RSOLV-dev/perf-test", Decimal.new("0.67"), 56659, [%{line: 2170, file_path: "path/to/file217.js"}], "eval", %{"path/to/file217.js" => "sha256:content217"}, false, ~U[2025-12-10 20:25:22.204094Z], ~U[2025-09-11 20:25:22.204094Z], ~U[2025-09-11 20:25:22.204115Z], ~U[2025-09-11 20:25:22.204115Z]]
14:25:22.204 [debug] Cached validation stored
14:25:22.204 [debug] QUERY OK source="cached_validations" db=0.0ms
INSERT INTO "cached_validations" ("reason","cache_key","repository","confidence","forge_account_id","locations","vulnerability_type","file_hashes","is_false_positive","ttl_expires_at","cached_at","inserted_at","updated_at") VALUES ($1,$2,$3,$4,$5,$6,$7,$8,$9,$10,$11,$12,$13) ON CONFLICT ("cache_key") DO UPDATE SET "updated_at" = EXCLUDED."updated_at","inserted_at" = EXCLUDED."inserted_at","forge_account_id" = EXCLUDED."forge_account_id","invalidation_reason" = EXCLUDED."invalidation_reason","invalidated_at" = EXCLUDED."invalidated_at","ttl_expires_at" = EXCLUDED."ttl_expires_at","cached_at" = EXCLUDED."cached_at","full_result" = EXCLUDED."full_result","reason" = EXCLUDED."reason","confidence" = EXCLUDED."confidence","is_false_positive" = EXCLUDED."is_false_positive","file_hashes" = EXCLUDED."file_hashes","locations" = EXCLUDED."locations","vulnerability_type" = EXCLUDED."vulnerability_type","repository" = EXCLUDED."repository","cache_key" = EXCLUDED."cache_key" RETURNING "id","updated_at","inserted_at","forge_account_id","invalidation_reason","invalidated_at","ttl_expires_at","cached_at","full_result","reason","confidence","is_false_positive","file_hashes","locations","vulnerability_type","repository","cache_key" ["Performance test entry 218", "56659/RSOLV-dev/perf-test/[path/to/file218.js:2180]:sql-injection", "RSOLV-dev/perf-test", Decimal.new("0.6799999999999999"), 56659, [%{line: 2180, file_path: "path/to/file218.js"}], "sql-injection", %{"path/to/file218.js" => "sha256:content218"}, true, ~U[2025-12-10 20:25:22.204239Z], ~U[2025-09-11 20:25:22.204239Z], ~U[2025-09-11 20:25:22.204271Z], ~U[2025-09-11 20:25:22.204271Z]]
14:25:22.204 [debug] Cached validation stored
14:25:22.204 [debug] QUERY OK source="cached_validations" db=0.0ms
INSERT INTO "cached_validations" ("reason","cache_key","repository","confidence","forge_account_id","locations","vulnerability_type","file_hashes","is_false_positive","ttl_expires_at","cached_at","inserted_at","updated_at") VALUES ($1,$2,$3,$4,$5,$6,$7,$8,$9,$10,$11,$12,$13) ON CONFLICT ("cache_key") DO UPDATE SET "updated_at" = EXCLUDED."updated_at","inserted_at" = EXCLUDED."inserted_at","forge_account_id" = EXCLUDED."forge_account_id","invalidation_reason" = EXCLUDED."invalidation_reason","invalidated_at" = EXCLUDED."invalidated_at","ttl_expires_at" = EXCLUDED."ttl_expires_at","cached_at" = EXCLUDED."cached_at","full_result" = EXCLUDED."full_result","reason" = EXCLUDED."reason","confidence" = EXCLUDED."confidence","is_false_positive" = EXCLUDED."is_false_positive","file_hashes" = EXCLUDED."file_hashes","locations" = EXCLUDED."locations","vulnerability_type" = EXCLUDED."vulnerability_type","repository" = EXCLUDED."repository","cache_key" = EXCLUDED."cache_key" RETURNING "id","updated_at","inserted_at","forge_account_id","invalidation_reason","invalidated_at","ttl_expires_at","cached_at","full_result","reason","confidence","is_false_positive","file_hashes","locations","vulnerability_type","repository","cache_key" ["Performance test entry 219", "56659/RSOLV-dev/perf-test/[path/to/file219.js:2190]:xss", "RSOLV-dev/perf-test", Decimal.new("0.69"), 56659, [%{line: 2190, file_path: "path/to/file219.js"}], "xss", %{"path/to/file219.js" => "sha256:content219"}, false, ~U[2025-12-10 20:25:22.204415Z], ~U[2025-09-11 20:25:22.204415Z], ~U[2025-09-11 20:25:22.204441Z], ~U[2025-09-11 20:25:22.204441Z]]
14:25:22.204 [debug] Cached validation stored
14:25:22.204 [debug] QUERY OK source="cached_validations" db=0.0ms
INSERT INTO "cached_validations" ("reason","cache_key","repository","confidence","forge_account_id","locations","vulnerability_type","file_hashes","is_false_positive","ttl_expires_at","cached_at","inserted_at","updated_at") VALUES ($1,$2,$3,$4,$5,$6,$7,$8,$9,$10,$11,$12,$13) ON CONFLICT ("cache_key") DO UPDATE SET "updated_at" = EXCLUDED."updated_at","inserted_at" = EXCLUDED."inserted_at","forge_account_id" = EXCLUDED."forge_account_id","invalidation_reason" = EXCLUDED."invalidation_reason","invalidated_at" = EXCLUDED."invalidated_at","ttl_expires_at" = EXCLUDED."ttl_expires_at","cached_at" = EXCLUDED."cached_at","full_result" = EXCLUDED."full_result","reason" = EXCLUDED."reason","confidence" = EXCLUDED."confidence","is_false_positive" = EXCLUDED."is_false_positive","file_hashes" = EXCLUDED."file_hashes","locations" = EXCLUDED."locations","vulnerability_type" = EXCLUDED."vulnerability_type","repository" = EXCLUDED."repository","cache_key" = EXCLUDED."cache_key" RETURNING "id","updated_at","inserted_at","forge_account_id","invalidation_reason","invalidated_at","ttl_expires_at","cached_at","full_result","reason","confidence","is_false_positive","file_hashes","locations","vulnerability_type","repository","cache_key" ["Performance test entry 220", "56659/RSOLV-dev/perf-test/[path/to/file220.js:2200]:sql-injection", "RSOLV-dev/perf-test", Decimal.new("0.7"), 56659, [%{line: 2200, file_path: "path/to/file220.js"}], "sql-injection", %{"path/to/file220.js" => "sha256:content220"}, true, ~U[2025-12-10 20:25:22.204565Z], ~U[2025-09-11 20:25:22.204565Z], ~U[2025-09-11 20:25:22.204590Z], ~U[2025-09-11 20:25:22.204590Z]]
14:25:22.204 [debug] Cached validation stored
14:25:22.204 [debug] QUERY OK source="cached_validations" db=0.0ms
INSERT INTO "cached_validations" ("reason","cache_key","repository","confidence","forge_account_id","locations","vulnerability_type","file_hashes","is_false_positive","ttl_expires_at","cached_at","inserted_at","updated_at") VALUES ($1,$2,$3,$4,$5,$6,$7,$8,$9,$10,$11,$12,$13) ON CONFLICT ("cache_key") DO UPDATE SET "updated_at" = EXCLUDED."updated_at","inserted_at" = EXCLUDED."inserted_at","forge_account_id" = EXCLUDED."forge_account_id","invalidation_reason" = EXCLUDED."invalidation_reason","invalidated_at" = EXCLUDED."invalidated_at","ttl_expires_at" = EXCLUDED."ttl_expires_at","cached_at" = EXCLUDED."cached_at","full_result" = EXCLUDED."full_result","reason" = EXCLUDED."reason","confidence" = EXCLUDED."confidence","is_false_positive" = EXCLUDED."is_false_positive","file_hashes" = EXCLUDED."file_hashes","locations" = EXCLUDED."locations","vulnerability_type" = EXCLUDED."vulnerability_type","repository" = EXCLUDED."repository","cache_key" = EXCLUDED."cache_key" RETURNING "id","updated_at","inserted_at","forge_account_id","invalidation_reason","invalidated_at","ttl_expires_at","cached_at","full_result","reason","confidence","is_false_positive","file_hashes","locations","vulnerability_type","repository","cache_key" ["Performance test entry 221", "56659/RSOLV-dev/perf-test/[path/to/file221.js:2210]:eval", "RSOLV-dev/perf-test", Decimal.new("0.71"), 56659, [%{line: 2210, file_path: "path/to/file221.js"}], "eval", %{"path/to/file221.js" => "sha256:content221"}, false, ~U[2025-12-10 20:25:22.204720Z], ~U[2025-09-11 20:25:22.204720Z], ~U[2025-09-11 20:25:22.204748Z], ~U[2025-09-11 20:25:22.204748Z]]
14:25:22.204 [debug] Cached validation stored
14:25:22.205 [debug] QUERY OK source="cached_validations" db=0.0ms
INSERT INTO "cached_validations" ("reason","cache_key","repository","confidence","forge_account_id","locations","vulnerability_type","file_hashes","is_false_positive","ttl_expires_at","cached_at","inserted_at","updated_at") VALUES ($1,$2,$3,$4,$5,$6,$7,$8,$9,$10,$11,$12,$13) ON CONFLICT ("cache_key") DO UPDATE SET "updated_at" = EXCLUDED."updated_at","inserted_at" = EXCLUDED."inserted_at","forge_account_id" = EXCLUDED."forge_account_id","invalidation_reason" = EXCLUDED."invalidation_reason","invalidated_at" = EXCLUDED."invalidated_at","ttl_expires_at" = EXCLUDED."ttl_expires_at","cached_at" = EXCLUDED."cached_at","full_result" = EXCLUDED."full_result","reason" = EXCLUDED."reason","confidence" = EXCLUDED."confidence","is_false_positive" = EXCLUDED."is_false_positive","file_hashes" = EXCLUDED."file_hashes","locations" = EXCLUDED."locations","vulnerability_type" = EXCLUDED."vulnerability_type","repository" = EXCLUDED."repository","cache_key" = EXCLUDED."cache_key" RETURNING "id","updated_at","inserted_at","forge_account_id","invalidation_reason","invalidated_at","ttl_expires_at","cached_at","full_result","reason","confidence","is_false_positive","file_hashes","locations","vulnerability_type","repository","cache_key" ["Performance test entry 222", "56659/RSOLV-dev/perf-test/[path/to/file222.js:2220]:xss", "RSOLV-dev/perf-test", Decimal.new("0.72"), 56659, [%{line: 2220, file_path: "path/to/file222.js"}], "xss", %{"path/to/file222.js" => "sha256:content222"}, true, ~U[2025-12-10 20:25:22.204887Z], ~U[2025-09-11 20:25:22.204887Z], ~U[2025-09-11 20:25:22.204911Z], ~U[2025-09-11 20:25:22.204911Z]]
14:25:22.205 [debug] Cached validation stored
14:25:22.205 [debug] QUERY OK source="cached_validations" db=0.0ms
INSERT INTO "cached_validations" ("reason","cache_key","repository","confidence","forge_account_id","locations","vulnerability_type","file_hashes","is_false_positive","ttl_expires_at","cached_at","inserted_at","updated_at") VALUES ($1,$2,$3,$4,$5,$6,$7,$8,$9,$10,$11,$12,$13) ON CONFLICT ("cache_key") DO UPDATE SET "updated_at" = EXCLUDED."updated_at","inserted_at" = EXCLUDED."inserted_at","forge_account_id" = EXCLUDED."forge_account_id","invalidation_reason" = EXCLUDED."invalidation_reason","invalidated_at" = EXCLUDED."invalidated_at","ttl_expires_at" = EXCLUDED."ttl_expires_at","cached_at" = EXCLUDED."cached_at","full_result" = EXCLUDED."full_result","reason" = EXCLUDED."reason","confidence" = EXCLUDED."confidence","is_false_positive" = EXCLUDED."is_false_positive","file_hashes" = EXCLUDED."file_hashes","locations" = EXCLUDED."locations","vulnerability_type" = EXCLUDED."vulnerability_type","repository" = EXCLUDED."repository","cache_key" = EXCLUDED."cache_key" RETURNING "id","updated_at","inserted_at","forge_account_id","invalidation_reason","invalidated_at","ttl_expires_at","cached_at","full_result","reason","confidence","is_false_positive","file_hashes","locations","vulnerability_type","repository","cache_key" ["Performance test entry 223", "56659/RSOLV-dev/perf-test/[path/to/file223.js:2230]:eval", "RSOLV-dev/perf-test", Decimal.new("0.73"), 56659, [%{line: 2230, file_path: "path/to/file223.js"}], "eval", %{"path/to/file223.js" => "sha256:content223"}, false, ~U[2025-12-10 20:25:22.205035Z], ~U[2025-09-11 20:25:22.205035Z], ~U[2025-09-11 20:25:22.205053Z], ~U[2025-09-11 20:25:22.205053Z]]
14:25:22.205 [debug] Cached validation stored
14:25:22.205 [debug] QUERY OK source="cached_validations" db=0.0ms
INSERT INTO "cached_validations" ("reason","cache_key","repository","confidence","forge_account_id","locations","vulnerability_type","file_hashes","is_false_positive","ttl_expires_at","cached_at","inserted_at","updated_at") VALUES ($1,$2,$3,$4,$5,$6,$7,$8,$9,$10,$11,$12,$13) ON CONFLICT ("cache_key") DO UPDATE SET "updated_at" = EXCLUDED."updated_at","inserted_at" = EXCLUDED."inserted_at","forge_account_id" = EXCLUDED."forge_account_id","invalidation_reason" = EXCLUDED."invalidation_reason","invalidated_at" = EXCLUDED."invalidated_at","ttl_expires_at" = EXCLUDED."ttl_expires_at","cached_at" = EXCLUDED."cached_at","full_result" = EXCLUDED."full_result","reason" = EXCLUDED."reason","confidence" = EXCLUDED."confidence","is_false_positive" = EXCLUDED."is_false_positive","file_hashes" = EXCLUDED."file_hashes","locations" = EXCLUDED."locations","vulnerability_type" = EXCLUDED."vulnerability_type","repository" = EXCLUDED."repository","cache_key" = EXCLUDED."cache_key" RETURNING "id","updated_at","inserted_at","forge_account_id","invalidation_reason","invalidated_at","ttl_expires_at","cached_at","full_result","reason","confidence","is_false_positive","file_hashes","locations","vulnerability_type","repository","cache_key" ["Performance test entry 224", "56659/RSOLV-dev/perf-test/[path/to/file224.js:2240]:sql-injection", "RSOLV-dev/perf-test", Decimal.new("0.74"), 56659, [%{line: 2240, file_path: "path/to/file224.js"}], "sql-injection", %{"path/to/file224.js" => "sha256:content224"}, true, ~U[2025-12-10 20:25:22.205177Z], ~U[2025-09-11 20:25:22.205177Z], ~U[2025-09-11 20:25:22.205198Z], ~U[2025-09-11 20:25:22.205198Z]]
14:25:22.205 [debug] Cached validation stored
14:25:22.205 [debug] QUERY OK source="cached_validations" db=0.0ms
INSERT INTO "cached_validations" ("reason","cache_key","repository","confidence","forge_account_id","locations","vulnerability_type","file_hashes","is_false_positive","ttl_expires_at","cached_at","inserted_at","updated_at") VALUES ($1,$2,$3,$4,$5,$6,$7,$8,$9,$10,$11,$12,$13) ON CONFLICT ("cache_key") DO UPDATE SET "updated_at" = EXCLUDED."updated_at","inserted_at" = EXCLUDED."inserted_at","forge_account_id" = EXCLUDED."forge_account_id","invalidation_reason" = EXCLUDED."invalidation_reason","invalidated_at" = EXCLUDED."invalidated_at","ttl_expires_at" = EXCLUDED."ttl_expires_at","cached_at" = EXCLUDED."cached_at","full_result" = EXCLUDED."full_result","reason" = EXCLUDED."reason","confidence" = EXCLUDED."confidence","is_false_positive" = EXCLUDED."is_false_positive","file_hashes" = EXCLUDED."file_hashes","locations" = EXCLUDED."locations","vulnerability_type" = EXCLUDED."vulnerability_type","repository" = EXCLUDED."repository","cache_key" = EXCLUDED."cache_key" RETURNING "id","updated_at","inserted_at","forge_account_id","invalidation_reason","invalidated_at","ttl_expires_at","cached_at","full_result","reason","confidence","is_false_positive","file_hashes","locations","vulnerability_type","repository","cache_key" ["Performance test entry 225", "56659/RSOLV-dev/perf-test/[path/to/file225.js:2250]:xss", "RSOLV-dev/perf-test", Decimal.new("0.75"), 56659, [%{line: 2250, file_path: "path/to/file225.js"}], "xss", %{"path/to/file225.js" => "sha256:content225"}, false, ~U[2025-12-10 20:25:22.205328Z], ~U[2025-09-11 20:25:22.205328Z], ~U[2025-09-11 20:25:22.205349Z], ~U[2025-09-11 20:25:22.205349Z]]
14:25:22.205 [debug] Cached validation stored
14:25:22.205 [debug] QUERY OK source="cached_validations" db=0.0ms
INSERT INTO "cached_validations" ("reason","cache_key","repository","confidence","forge_account_id","locations","vulnerability_type","file_hashes","is_false_positive","ttl_expires_at","cached_at","inserted_at","updated_at") VALUES ($1,$2,$3,$4,$5,$6,$7,$8,$9,$10,$11,$12,$13) ON CONFLICT ("cache_key") DO UPDATE SET "updated_at" = EXCLUDED."updated_at","inserted_at" = EXCLUDED."inserted_at","forge_account_id" = EXCLUDED."forge_account_id","invalidation_reason" = EXCLUDED."invalidation_reason","invalidated_at" = EXCLUDED."invalidated_at","ttl_expires_at" = EXCLUDED."ttl_expires_at","cached_at" = EXCLUDED."cached_at","full_result" = EXCLUDED."full_result","reason" = EXCLUDED."reason","confidence" = EXCLUDED."confidence","is_false_positive" = EXCLUDED."is_false_positive","file_hashes" = EXCLUDED."file_hashes","locations" = EXCLUDED."locations","vulnerability_type" = EXCLUDED."vulnerability_type","repository" = EXCLUDED."repository","cache_key" = EXCLUDED."cache_key" RETURNING "id","updated_at","inserted_at","forge_account_id","invalidation_reason","invalidated_at","ttl_expires_at","cached_at","full_result","reason","confidence","is_false_positive","file_hashes","locations","vulnerability_type","repository","cache_key" ["Performance test entry 226", "56659/RSOLV-dev/perf-test/[path/to/file226.js:2260]:sql-injection", "RSOLV-dev/perf-test", Decimal.new("0.76"), 56659, [%{line: 2260, file_path: "path/to/file226.js"}], "sql-injection", %{"path/to/file226.js" => "sha256:content226"}, true, ~U[2025-12-10 20:25:22.205495Z], ~U[2025-09-11 20:25:22.205495Z], ~U[2025-09-11 20:25:22.205535Z], ~U[2025-09-11 20:25:22.205535Z]]
14:25:22.205 [debug] Cached validation stored
14:25:22.205 [debug] QUERY OK source="cached_validations" db=0.0ms
INSERT INTO "cached_validations" ("reason","cache_key","repository","confidence","forge_account_id","locations","vulnerability_type","file_hashes","is_false_positive","ttl_expires_at","cached_at","inserted_at","updated_at") VALUES ($1,$2,$3,$4,$5,$6,$7,$8,$9,$10,$11,$12,$13) ON CONFLICT ("cache_key") DO UPDATE SET "updated_at" = EXCLUDED."updated_at","inserted_at" = EXCLUDED."inserted_at","forge_account_id" = EXCLUDED."forge_account_id","invalidation_reason" = EXCLUDED."invalidation_reason","invalidated_at" = EXCLUDED."invalidated_at","ttl_expires_at" = EXCLUDED."ttl_expires_at","cached_at" = EXCLUDED."cached_at","full_result" = EXCLUDED."full_result","reason" = EXCLUDED."reason","confidence" = EXCLUDED."confidence","is_false_positive" = EXCLUDED."is_false_positive","file_hashes" = EXCLUDED."file_hashes","locations" = EXCLUDED."locations","vulnerability_type" = EXCLUDED."vulnerability_type","repository" = EXCLUDED."repository","cache_key" = EXCLUDED."cache_key" RETURNING "id","updated_at","inserted_at","forge_account_id","invalidation_reason","invalidated_at","ttl_expires_at","cached_at","full_result","reason","confidence","is_false_positive","file_hashes","locations","vulnerability_type","repository","cache_key" ["Performance test entry 227", "56659/RSOLV-dev/perf-test/[path/to/file227.js:2270]:eval", "RSOLV-dev/perf-test", Decimal.new("0.77"), 56659, [%{line: 2270, file_path: "path/to/file227.js"}], "eval", %{"path/to/file227.js" => "sha256:content227"}, false, ~U[2025-12-10 20:25:22.205688Z], ~U[2025-09-11 20:25:22.205688Z], ~U[2025-09-11 20:25:22.205714Z], ~U[2025-09-11 20:25:22.205714Z]]
14:25:22.205 [debug] Cached validation stored
14:25:22.206 [debug] QUERY OK source="cached_validations" db=0.0ms
INSERT INTO "cached_validations" ("reason","cache_key","repository","confidence","forge_account_id","locations","vulnerability_type","file_hashes","is_false_positive","ttl_expires_at","cached_at","inserted_at","updated_at") VALUES ($1,$2,$3,$4,$5,$6,$7,$8,$9,$10,$11,$12,$13) ON CONFLICT ("cache_key") DO UPDATE SET "updated_at" = EXCLUDED."updated_at","inserted_at" = EXCLUDED."inserted_at","forge_account_id" = EXCLUDED."forge_account_id","invalidation_reason" = EXCLUDED."invalidation_reason","invalidated_at" = EXCLUDED."invalidated_at","ttl_expires_at" = EXCLUDED."ttl_expires_at","cached_at" = EXCLUDED."cached_at","full_result" = EXCLUDED."full_result","reason" = EXCLUDED."reason","confidence" = EXCLUDED."confidence","is_false_positive" = EXCLUDED."is_false_positive","file_hashes" = EXCLUDED."file_hashes","locations" = EXCLUDED."locations","vulnerability_type" = EXCLUDED."vulnerability_type","repository" = EXCLUDED."repository","cache_key" = EXCLUDED."cache_key" RETURNING "id","updated_at","inserted_at","forge_account_id","invalidation_reason","invalidated_at","ttl_expires_at","cached_at","full_result","reason","confidence","is_false_positive","file_hashes","locations","vulnerability_type","repository","cache_key" ["Performance test entry 228", "56659/RSOLV-dev/perf-test/[path/to/file228.js:2280]:xss", "RSOLV-dev/perf-test", Decimal.new("0.78"), 56659, [%{line: 2280, file_path: "path/to/file228.js"}], "xss", %{"path/to/file228.js" => "sha256:content228"}, true, ~U[2025-12-10 20:25:22.205887Z], ~U[2025-09-11 20:25:22.205887Z], ~U[2025-09-11 20:25:22.205913Z], ~U[2025-09-11 20:25:22.205913Z]]
14:25:22.206 [debug] Cached validation stored
14:25:22.206 [debug] QUERY OK source="cached_validations" db=0.0ms
INSERT INTO "cached_validations" ("reason","cache_key","repository","confidence","forge_account_id","locations","vulnerability_type","file_hashes","is_false_positive","ttl_expires_at","cached_at","inserted_at","updated_at") VALUES ($1,$2,$3,$4,$5,$6,$7,$8,$9,$10,$11,$12,$13) ON CONFLICT ("cache_key") DO UPDATE SET "updated_at" = EXCLUDED."updated_at","inserted_at" = EXCLUDED."inserted_at","forge_account_id" = EXCLUDED."forge_account_id","invalidation_reason" = EXCLUDED."invalidation_reason","invalidated_at" = EXCLUDED."invalidated_at","ttl_expires_at" = EXCLUDED."ttl_expires_at","cached_at" = EXCLUDED."cached_at","full_result" = EXCLUDED."full_result","reason" = EXCLUDED."reason","confidence" = EXCLUDED."confidence","is_false_positive" = EXCLUDED."is_false_positive","file_hashes" = EXCLUDED."file_hashes","locations" = EXCLUDED."locations","vulnerability_type" = EXCLUDED."vulnerability_type","repository" = EXCLUDED."repository","cache_key" = EXCLUDED."cache_key" RETURNING "id","updated_at","inserted_at","forge_account_id","invalidation_reason","invalidated_at","ttl_expires_at","cached_at","full_result","reason","confidence","is_false_positive","file_hashes","locations","vulnerability_type","repository","cache_key" ["Performance test entry 229", "56659/RSOLV-dev/perf-test/[path/to/file229.js:2290]:eval", "RSOLV-dev/perf-test", Decimal.new("0.79"), 56659, [%{line: 2290, file_path: "path/to/file229.js"}], "eval", %{"path/to/file229.js" => "sha256:content229"}, false, ~U[2025-12-10 20:25:22.206059Z], ~U[2025-09-11 20:25:22.206059Z], ~U[2025-09-11 20:25:22.206090Z], ~U[2025-09-11 20:25:22.206090Z]]
14:25:22.206 [debug] Cached validation stored
14:25:22.206 [debug] QUERY OK source="cached_validations" db=0.0ms
INSERT INTO "cached_validations" ("reason","cache_key","repository","confidence","forge_account_id","locations","vulnerability_type","file_hashes","is_false_positive","ttl_expires_at","cached_at","inserted_at","updated_at") VALUES ($1,$2,$3,$4,$5,$6,$7,$8,$9,$10,$11,$12,$13) ON CONFLICT ("cache_key") DO UPDATE SET "updated_at" = EXCLUDED."updated_at","inserted_at" = EXCLUDED."inserted_at","forge_account_id" = EXCLUDED."forge_account_id","invalidation_reason" = EXCLUDED."invalidation_reason","invalidated_at" = EXCLUDED."invalidated_at","ttl_expires_at" = EXCLUDED."ttl_expires_at","cached_at" = EXCLUDED."cached_at","full_result" = EXCLUDED."full_result","reason" = EXCLUDED."reason","confidence" = EXCLUDED."confidence","is_false_positive" = EXCLUDED."is_false_positive","file_hashes" = EXCLUDED."file_hashes","locations" = EXCLUDED."locations","vulnerability_type" = EXCLUDED."vulnerability_type","repository" = EXCLUDED."repository","cache_key" = EXCLUDED."cache_key" RETURNING "id","updated_at","inserted_at","forge_account_id","invalidation_reason","invalidated_at","ttl_expires_at","cached_at","full_result","reason","confidence","is_false_positive","file_hashes","locations","vulnerability_type","repository","cache_key" ["Performance test entry 230", "56659/RSOLV-dev/perf-test/[path/to/file230.js:2300]:sql-injection", "RSOLV-dev/perf-test", Decimal.new("0.8"), 56659, [%{line: 2300, file_path: "path/to/file230.js"}], "sql-injection", %{"path/to/file230.js" => "sha256:content230"}, true, ~U[2025-12-10 20:25:22.206242Z], ~U[2025-09-11 20:25:22.206242Z], ~U[2025-09-11 20:25:22.206265Z], ~U[2025-09-11 20:25:22.206265Z]]
14:25:22.206 [debug] Cached validation stored
14:25:22.206 [debug] QUERY OK source="cached_validations" db=0.0ms
INSERT INTO "cached_validations" ("reason","cache_key","repository","confidence","forge_account_id","locations","vulnerability_type","file_hashes","is_false_positive","ttl_expires_at","cached_at","inserted_at","updated_at") VALUES ($1,$2,$3,$4,$5,$6,$7,$8,$9,$10,$11,$12,$13) ON CONFLICT ("cache_key") DO UPDATE SET "updated_at" = EXCLUDED."updated_at","inserted_at" = EXCLUDED."inserted_at","forge_account_id" = EXCLUDED."forge_account_id","invalidation_reason" = EXCLUDED."invalidation_reason","invalidated_at" = EXCLUDED."invalidated_at","ttl_expires_at" = EXCLUDED."ttl_expires_at","cached_at" = EXCLUDED."cached_at","full_result" = EXCLUDED."full_result","reason" = EXCLUDED."reason","confidence" = EXCLUDED."confidence","is_false_positive" = EXCLUDED."is_false_positive","file_hashes" = EXCLUDED."file_hashes","locations" = EXCLUDED."locations","vulnerability_type" = EXCLUDED."vulnerability_type","repository" = EXCLUDED."repository","cache_key" = EXCLUDED."cache_key" RETURNING "id","updated_at","inserted_at","forge_account_id","invalidation_reason","invalidated_at","ttl_expires_at","cached_at","full_result","reason","confidence","is_false_positive","file_hashes","locations","vulnerability_type","repository","cache_key" ["Performance test entry 231", "56659/RSOLV-dev/perf-test/[path/to/file231.js:2310]:xss", "RSOLV-dev/perf-test", Decimal.new("0.81"), 56659, [%{line: 2310, file_path: "path/to/file231.js"}], "xss", %{"path/to/file231.js" => "sha256:content231"}, false, ~U[2025-12-10 20:25:22.206408Z], ~U[2025-09-11 20:25:22.206408Z], ~U[2025-09-11 20:25:22.206432Z], ~U[2025-09-11 20:25:22.206432Z]]
14:25:22.206 [debug] Cached validation stored
14:25:22.206 [debug] QUERY OK source="cached_validations" db=0.0ms
INSERT INTO "cached_validations" ("reason","cache_key","repository","confidence","forge_account_id","locations","vulnerability_type","file_hashes","is_false_positive","ttl_expires_at","cached_at","inserted_at","updated_at") VALUES ($1,$2,$3,$4,$5,$6,$7,$8,$9,$10,$11,$12,$13) ON CONFLICT ("cache_key") DO UPDATE SET "updated_at" = EXCLUDED."updated_at","inserted_at" = EXCLUDED."inserted_at","forge_account_id" = EXCLUDED."forge_account_id","invalidation_reason" = EXCLUDED."invalidation_reason","invalidated_at" = EXCLUDED."invalidated_at","ttl_expires_at" = EXCLUDED."ttl_expires_at","cached_at" = EXCLUDED."cached_at","full_result" = EXCLUDED."full_result","reason" = EXCLUDED."reason","confidence" = EXCLUDED."confidence","is_false_positive" = EXCLUDED."is_false_positive","file_hashes" = EXCLUDED."file_hashes","locations" = EXCLUDED."locations","vulnerability_type" = EXCLUDED."vulnerability_type","repository" = EXCLUDED."repository","cache_key" = EXCLUDED."cache_key" RETURNING "id","updated_at","inserted_at","forge_account_id","invalidation_reason","invalidated_at","ttl_expires_at","cached_at","full_result","reason","confidence","is_false_positive","file_hashes","locations","vulnerability_type","repository","cache_key" ["Performance test entry 232", "56659/RSOLV-dev/perf-test/[path/to/file232.js:2320]:sql-injection", "RSOLV-dev/perf-test", Decimal.new("0.8200000000000001"), 56659, [%{line: 2320, file_path: "path/to/file232.js"}], "sql-injection", %{"path/to/file232.js" => "sha256:content232"}, true, ~U[2025-12-10 20:25:22.206559Z], ~U[2025-09-11 20:25:22.206559Z], ~U[2025-09-11 20:25:22.206587Z], ~U[2025-09-11 20:25:22.206587Z]]
14:25:22.206 [debug] Cached validation stored
14:25:22.206 [debug] QUERY OK source="cached_validations" db=0.0ms
INSERT INTO "cached_validations" ("reason","cache_key","repository","confidence","forge_account_id","locations","vulnerability_type","file_hashes","is_false_positive","ttl_expires_at","cached_at","inserted_at","updated_at") VALUES ($1,$2,$3,$4,$5,$6,$7,$8,$9,$10,$11,$12,$13) ON CONFLICT ("cache_key") DO UPDATE SET "updated_at" = EXCLUDED."updated_at","inserted_at" = EXCLUDED."inserted_at","forge_account_id" = EXCLUDED."forge_account_id","invalidation_reason" = EXCLUDED."invalidation_reason","invalidated_at" = EXCLUDED."invalidated_at","ttl_expires_at" = EXCLUDED."ttl_expires_at","cached_at" = EXCLUDED."cached_at","full_result" = EXCLUDED."full_result","reason" = EXCLUDED."reason","confidence" = EXCLUDED."confidence","is_false_positive" = EXCLUDED."is_false_positive","file_hashes" = EXCLUDED."file_hashes","locations" = EXCLUDED."locations","vulnerability_type" = EXCLUDED."vulnerability_type","repository" = EXCLUDED."repository","cache_key" = EXCLUDED."cache_key" RETURNING "id","updated_at","inserted_at","forge_account_id","invalidation_reason","invalidated_at","ttl_expires_at","cached_at","full_result","reason","confidence","is_false_positive","file_hashes","locations","vulnerability_type","repository","cache_key" ["Performance test entry 233", "56659/RSOLV-dev/perf-test/[path/to/file233.js:2330]:eval", "RSOLV-dev/perf-test", Decimal.new("0.8300000000000001"), 56659, [%{line: 2330, file_path: "path/to/file233.js"}], "eval", %{"path/to/file233.js" => "sha256:content233"}, false, ~U[2025-12-10 20:25:22.206733Z], ~U[2025-09-11 20:25:22.206733Z], ~U[2025-09-11 20:25:22.206762Z], ~U[2025-09-11 20:25:22.206762Z]]
14:25:22.206 [debug] Cached validation stored
14:25:22.207 [debug] QUERY OK source="cached_validations" db=0.0ms
INSERT INTO "cached_validations" ("reason","cache_key","repository","confidence","forge_account_id","locations","vulnerability_type","file_hashes","is_false_positive","ttl_expires_at","cached_at","inserted_at","updated_at") VALUES ($1,$2,$3,$4,$5,$6,$7,$8,$9,$10,$11,$12,$13) ON CONFLICT ("cache_key") DO UPDATE SET "updated_at" = EXCLUDED."updated_at","inserted_at" = EXCLUDED."inserted_at","forge_account_id" = EXCLUDED."forge_account_id","invalidation_reason" = EXCLUDED."invalidation_reason","invalidated_at" = EXCLUDED."invalidated_at","ttl_expires_at" = EXCLUDED."ttl_expires_at","cached_at" = EXCLUDED."cached_at","full_result" = EXCLUDED."full_result","reason" = EXCLUDED."reason","confidence" = EXCLUDED."confidence","is_false_positive" = EXCLUDED."is_false_positive","file_hashes" = EXCLUDED."file_hashes","locations" = EXCLUDED."locations","vulnerability_type" = EXCLUDED."vulnerability_type","repository" = EXCLUDED."repository","cache_key" = EXCLUDED."cache_key" RETURNING "id","updated_at","inserted_at","forge_account_id","invalidation_reason","invalidated_at","ttl_expires_at","cached_at","full_result","reason","confidence","is_false_positive","file_hashes","locations","vulnerability_type","repository","cache_key" ["Performance test entry 234", "56659/RSOLV-dev/perf-test/[path/to/file234.js:2340]:xss", "RSOLV-dev/perf-test", Decimal.new("0.8400000000000001"), 56659, [%{line: 2340, file_path: "path/to/file234.js"}], "xss", %{"path/to/file234.js" => "sha256:content234"}, true, ~U[2025-12-10 20:25:22.206903Z], ~U[2025-09-11 20:25:22.206903Z], ~U[2025-09-11 20:25:22.206932Z], ~U[2025-09-11 20:25:22.206932Z]]
14:25:22.207 [debug] Cached validation stored
14:25:22.207 [debug] QUERY OK source="cached_validations" db=0.0ms
INSERT INTO "cached_validations" ("reason","cache_key","repository","confidence","forge_account_id","locations","vulnerability_type","file_hashes","is_false_positive","ttl_expires_at","cached_at","inserted_at","updated_at") VALUES ($1,$2,$3,$4,$5,$6,$7,$8,$9,$10,$11,$12,$13) ON CONFLICT ("cache_key") DO UPDATE SET "updated_at" = EXCLUDED."updated_at","inserted_at" = EXCLUDED."inserted_at","forge_account_id" = EXCLUDED."forge_account_id","invalidation_reason" = EXCLUDED."invalidation_reason","invalidated_at" = EXCLUDED."invalidated_at","ttl_expires_at" = EXCLUDED."ttl_expires_at","cached_at" = EXCLUDED."cached_at","full_result" = EXCLUDED."full_result","reason" = EXCLUDED."reason","confidence" = EXCLUDED."confidence","is_false_positive" = EXCLUDED."is_false_positive","file_hashes" = EXCLUDED."file_hashes","locations" = EXCLUDED."locations","vulnerability_type" = EXCLUDED."vulnerability_type","repository" = EXCLUDED."repository","cache_key" = EXCLUDED."cache_key" RETURNING "id","updated_at","inserted_at","forge_account_id","invalidation_reason","invalidated_at","ttl_expires_at","cached_at","full_result","reason","confidence","is_false_positive","file_hashes","locations","vulnerability_type","repository","cache_key" ["Performance test entry 235", "56659/RSOLV-dev/perf-test/[path/to/file235.js:2350]:eval", "RSOLV-dev/perf-test", Decimal.new("0.85"), 56659, [%{line: 2350, file_path: "path/to/file235.js"}], "eval", %{"path/to/file235.js" => "sha256:content235"}, false, ~U[2025-12-10 20:25:22.207057Z], ~U[2025-09-11 20:25:22.207057Z], ~U[2025-09-11 20:25:22.207081Z], ~U[2025-09-11 20:25:22.207081Z]]
14:25:22.207 [debug] Cached validation stored
14:25:22.207 [debug] QUERY OK source="cached_validations" db=0.0ms
INSERT INTO "cached_validations" ("reason","cache_key","repository","confidence","forge_account_id","locations","vulnerability_type","file_hashes","is_false_positive","ttl_expires_at","cached_at","inserted_at","updated_at") VALUES ($1,$2,$3,$4,$5,$6,$7,$8,$9,$10,$11,$12,$13) ON CONFLICT ("cache_key") DO UPDATE SET "updated_at" = EXCLUDED."updated_at","inserted_at" = EXCLUDED."inserted_at","forge_account_id" = EXCLUDED."forge_account_id","invalidation_reason" = EXCLUDED."invalidation_reason","invalidated_at" = EXCLUDED."invalidated_at","ttl_expires_at" = EXCLUDED."ttl_expires_at","cached_at" = EXCLUDED."cached_at","full_result" = EXCLUDED."full_result","reason" = EXCLUDED."reason","confidence" = EXCLUDED."confidence","is_false_positive" = EXCLUDED."is_false_positive","file_hashes" = EXCLUDED."file_hashes","locations" = EXCLUDED."locations","vulnerability_type" = EXCLUDED."vulnerability_type","repository" = EXCLUDED."repository","cache_key" = EXCLUDED."cache_key" RETURNING "id","updated_at","inserted_at","forge_account_id","invalidation_reason","invalidated_at","ttl_expires_at","cached_at","full_result","reason","confidence","is_false_positive","file_hashes","locations","vulnerability_type","repository","cache_key" ["Performance test entry 236", "56659/RSOLV-dev/perf-test/[path/to/file236.js:2360]:sql-injection", "RSOLV-dev/perf-test", Decimal.new("0.86"), 56659, [%{line: 2360, file_path: "path/to/file236.js"}], "sql-injection", %{"path/to/file236.js" => "sha256:content236"}, true, ~U[2025-12-10 20:25:22.207209Z], ~U[2025-09-11 20:25:22.207209Z], ~U[2025-09-11 20:25:22.207234Z], ~U[2025-09-11 20:25:22.207234Z]]
14:25:22.207 [debug] Cached validation stored
14:25:22.207 [debug] QUERY OK source="cached_validations" db=0.0ms
INSERT INTO "cached_validations" ("reason","cache_key","repository","confidence","forge_account_id","locations","vulnerability_type","file_hashes","is_false_positive","ttl_expires_at","cached_at","inserted_at","updated_at") VALUES ($1,$2,$3,$4,$5,$6,$7,$8,$9,$10,$11,$12,$13) ON CONFLICT ("cache_key") DO UPDATE SET "updated_at" = EXCLUDED."updated_at","inserted_at" = EXCLUDED."inserted_at","forge_account_id" = EXCLUDED."forge_account_id","invalidation_reason" = EXCLUDED."invalidation_reason","invalidated_at" = EXCLUDED."invalidated_at","ttl_expires_at" = EXCLUDED."ttl_expires_at","cached_at" = EXCLUDED."cached_at","full_result" = EXCLUDED."full_result","reason" = EXCLUDED."reason","confidence" = EXCLUDED."confidence","is_false_positive" = EXCLUDED."is_false_positive","file_hashes" = EXCLUDED."file_hashes","locations" = EXCLUDED."locations","vulnerability_type" = EXCLUDED."vulnerability_type","repository" = EXCLUDED."repository","cache_key" = EXCLUDED."cache_key" RETURNING "id","updated_at","inserted_at","forge_account_id","invalidation_reason","invalidated_at","ttl_expires_at","cached_at","full_result","reason","confidence","is_false_positive","file_hashes","locations","vulnerability_type","repository","cache_key" ["Performance test entry 237", "56659/RSOLV-dev/perf-test/[path/to/file237.js:2370]:xss", "RSOLV-dev/perf-test", Decimal.new("0.87"), 56659, [%{line: 2370, file_path: "path/to/file237.js"}], "xss", %{"path/to/file237.js" => "sha256:content237"}, false, ~U[2025-12-10 20:25:22.207366Z], ~U[2025-09-11 20:25:22.207366Z], ~U[2025-09-11 20:25:22.207394Z], ~U[2025-09-11 20:25:22.207394Z]]
14:25:22.207 [debug] Cached validation stored
14:25:22.207 [debug] QUERY OK source="cached_validations" db=0.0ms
INSERT INTO "cached_validations" ("reason","cache_key","repository","confidence","forge_account_id","locations","vulnerability_type","file_hashes","is_false_positive","ttl_expires_at","cached_at","inserted_at","updated_at") VALUES ($1,$2,$3,$4,$5,$6,$7,$8,$9,$10,$11,$12,$13) ON CONFLICT ("cache_key") DO UPDATE SET "updated_at" = EXCLUDED."updated_at","inserted_at" = EXCLUDED."inserted_at","forge_account_id" = EXCLUDED."forge_account_id","invalidation_reason" = EXCLUDED."invalidation_reason","invalidated_at" = EXCLUDED."invalidated_at","ttl_expires_at" = EXCLUDED."ttl_expires_at","cached_at" = EXCLUDED."cached_at","full_result" = EXCLUDED."full_result","reason" = EXCLUDED."reason","confidence" = EXCLUDED."confidence","is_false_positive" = EXCLUDED."is_false_positive","file_hashes" = EXCLUDED."file_hashes","locations" = EXCLUDED."locations","vulnerability_type" = EXCLUDED."vulnerability_type","repository" = EXCLUDED."repository","cache_key" = EXCLUDED."cache_key" RETURNING "id","updated_at","inserted_at","forge_account_id","invalidation_reason","invalidated_at","ttl_expires_at","cached_at","full_result","reason","confidence","is_false_positive","file_hashes","locations","vulnerability_type","repository","cache_key" ["Performance test entry 238", "56659/RSOLV-dev/perf-test/[path/to/file238.js:2380]:sql-injection", "RSOLV-dev/perf-test", Decimal.new("0.88"), 56659, [%{line: 2380, file_path: "path/to/file238.js"}], "sql-injection", %{"path/to/file238.js" => "sha256:content238"}, true, ~U[2025-12-10 20:25:22.207537Z], ~U[2025-09-11 20:25:22.207537Z], ~U[2025-09-11 20:25:22.207562Z], ~U[2025-09-11 20:25:22.207562Z]]
14:25:22.207 [debug] Cached validation stored
14:25:22.207 [debug] QUERY OK source="cached_validations" db=0.0ms
INSERT INTO "cached_validations" ("reason","cache_key","repository","confidence","forge_account_id","locations","vulnerability_type","file_hashes","is_false_positive","ttl_expires_at","cached_at","inserted_at","updated_at") VALUES ($1,$2,$3,$4,$5,$6,$7,$8,$9,$10,$11,$12,$13) ON CONFLICT ("cache_key") DO UPDATE SET "updated_at" = EXCLUDED."updated_at","inserted_at" = EXCLUDED."inserted_at","forge_account_id" = EXCLUDED."forge_account_id","invalidation_reason" = EXCLUDED."invalidation_reason","invalidated_at" = EXCLUDED."invalidated_at","ttl_expires_at" = EXCLUDED."ttl_expires_at","cached_at" = EXCLUDED."cached_at","full_result" = EXCLUDED."full_result","reason" = EXCLUDED."reason","confidence" = EXCLUDED."confidence","is_false_positive" = EXCLUDED."is_false_positive","file_hashes" = EXCLUDED."file_hashes","locations" = EXCLUDED."locations","vulnerability_type" = EXCLUDED."vulnerability_type","repository" = EXCLUDED."repository","cache_key" = EXCLUDED."cache_key" RETURNING "id","updated_at","inserted_at","forge_account_id","invalidation_reason","invalidated_at","ttl_expires_at","cached_at","full_result","reason","confidence","is_false_positive","file_hashes","locations","vulnerability_type","repository","cache_key" ["Performance test entry 239", "56659/RSOLV-dev/perf-test/[path/to/file239.js:2390]:eval", "RSOLV-dev/perf-test", Decimal.new("0.89"), 56659, [%{line: 2390, file_path: "path/to/file239.js"}], "eval", %{"path/to/file239.js" => "sha256:content239"}, false, ~U[2025-12-10 20:25:22.207691Z], ~U[2025-09-11 20:25:22.207691Z], ~U[2025-09-11 20:25:22.207712Z], ~U[2025-09-11 20:25:22.207712Z]]
14:25:22.207 [debug] Cached validation stored
14:25:22.207 [debug] QUERY OK source="cached_validations" db=0.0ms
INSERT INTO "cached_validations" ("reason","cache_key","repository","confidence","forge_account_id","locations","vulnerability_type","file_hashes","is_false_positive","ttl_expires_at","cached_at","inserted_at","updated_at") VALUES ($1,$2,$3,$4,$5,$6,$7,$8,$9,$10,$11,$12,$13) ON CONFLICT ("cache_key") DO UPDATE SET "updated_at" = EXCLUDED."updated_at","inserted_at" = EXCLUDED."inserted_at","forge_account_id" = EXCLUDED."forge_account_id","invalidation_reason" = EXCLUDED."invalidation_reason","invalidated_at" = EXCLUDED."invalidated_at","ttl_expires_at" = EXCLUDED."ttl_expires_at","cached_at" = EXCLUDED."cached_at","full_result" = EXCLUDED."full_result","reason" = EXCLUDED."reason","confidence" = EXCLUDED."confidence","is_false_positive" = EXCLUDED."is_false_positive","file_hashes" = EXCLUDED."file_hashes","locations" = EXCLUDED."locations","vulnerability_type" = EXCLUDED."vulnerability_type","repository" = EXCLUDED."repository","cache_key" = EXCLUDED."cache_key" RETURNING "id","updated_at","inserted_at","forge_account_id","invalidation_reason","invalidated_at","ttl_expires_at","cached_at","full_result","reason","confidence","is_false_positive","file_hashes","locations","vulnerability_type","repository","cache_key" ["Performance test entry 240", "56659/RSOLV-dev/perf-test/[path/to/file240.js:2400]:xss", "RSOLV-dev/perf-test", Decimal.new("0.9"), 56659, [%{line: 2400, file_path: "path/to/file240.js"}], "xss", %{"path/to/file240.js" => "sha256:content240"}, true, ~U[2025-12-10 20:25:22.207837Z], ~U[2025-09-11 20:25:22.207837Z], ~U[2025-09-11 20:25:22.207865Z], ~U[2025-09-11 20:25:22.207865Z]]
14:25:22.207 [debug] Cached validation stored
14:25:22.208 [debug] QUERY OK source="cached_validations" db=0.0ms
INSERT INTO "cached_validations" ("reason","cache_key","repository","confidence","forge_account_id","locations","vulnerability_type","file_hashes","is_false_positive","ttl_expires_at","cached_at","inserted_at","updated_at") VALUES ($1,$2,$3,$4,$5,$6,$7,$8,$9,$10,$11,$12,$13) ON CONFLICT ("cache_key") DO UPDATE SET "updated_at" = EXCLUDED."updated_at","inserted_at" = EXCLUDED."inserted_at","forge_account_id" = EXCLUDED."forge_account_id","invalidation_reason" = EXCLUDED."invalidation_reason","invalidated_at" = EXCLUDED."invalidated_at","ttl_expires_at" = EXCLUDED."ttl_expires_at","cached_at" = EXCLUDED."cached_at","full_result" = EXCLUDED."full_result","reason" = EXCLUDED."reason","confidence" = EXCLUDED."confidence","is_false_positive" = EXCLUDED."is_false_positive","file_hashes" = EXCLUDED."file_hashes","locations" = EXCLUDED."locations","vulnerability_type" = EXCLUDED."vulnerability_type","repository" = EXCLUDED."repository","cache_key" = EXCLUDED."cache_key" RETURNING "id","updated_at","inserted_at","forge_account_id","invalidation_reason","invalidated_at","ttl_expires_at","cached_at","full_result","reason","confidence","is_false_positive","file_hashes","locations","vulnerability_type","repository","cache_key" ["Performance test entry 241", "56659/RSOLV-dev/perf-test/[path/to/file241.js:2410]:eval", "RSOLV-dev/perf-test", Decimal.new("0.9099999999999999"), 56659, [%{line: 2410, file_path: "path/to/file241.js"}], "eval", %{"path/to/file241.js" => "sha256:content241"}, false, ~U[2025-12-10 20:25:22.207994Z], ~U[2025-09-11 20:25:22.207994Z], ~U[2025-09-11 20:25:22.208020Z], ~U[2025-09-11 20:25:22.208020Z]]
14:25:22.208 [debug] Cached validation stored
14:25:22.208 [debug] QUERY OK source="cached_validations" db=0.0ms
INSERT INTO "cached_validations" ("reason","cache_key","repository","confidence","forge_account_id","locations","vulnerability_type","file_hashes","is_false_positive","ttl_expires_at","cached_at","inserted_at","updated_at") VALUES ($1,$2,$3,$4,$5,$6,$7,$8,$9,$10,$11,$12,$13) ON CONFLICT ("cache_key") DO UPDATE SET "updated_at" = EXCLUDED."updated_at","inserted_at" = EXCLUDED."inserted_at","forge_account_id" = EXCLUDED."forge_account_id","invalidation_reason" = EXCLUDED."invalidation_reason","invalidated_at" = EXCLUDED."invalidated_at","ttl_expires_at" = EXCLUDED."ttl_expires_at","cached_at" = EXCLUDED."cached_at","full_result" = EXCLUDED."full_result","reason" = EXCLUDED."reason","confidence" = EXCLUDED."confidence","is_false_positive" = EXCLUDED."is_false_positive","file_hashes" = EXCLUDED."file_hashes","locations" = EXCLUDED."locations","vulnerability_type" = EXCLUDED."vulnerability_type","repository" = EXCLUDED."repository","cache_key" = EXCLUDED."cache_key" RETURNING "id","updated_at","inserted_at","forge_account_id","invalidation_reason","invalidated_at","ttl_expires_at","cached_at","full_result","reason","confidence","is_false_positive","file_hashes","locations","vulnerability_type","repository","cache_key" ["Performance test entry 242", "56659/RSOLV-dev/perf-test/[path/to/file242.js:2420]:sql-injection", "RSOLV-dev/perf-test", Decimal.new("0.9199999999999999"), 56659, [%{line: 2420, file_path: "path/to/file242.js"}], "sql-injection", %{"path/to/file242.js" => "sha256:content242"}, true, ~U[2025-12-10 20:25:22.208144Z], ~U[2025-09-11 20:25:22.208144Z], ~U[2025-09-11 20:25:22.208166Z], ~U[2025-09-11 20:25:22.208166Z]]
14:25:22.208 [debug] Cached validation stored
14:25:22.208 [debug] QUERY OK source="cached_validations" db=0.0ms
INSERT INTO "cached_validations" ("reason","cache_key","repository","confidence","forge_account_id","locations","vulnerability_type","file_hashes","is_false_positive","ttl_expires_at","cached_at","inserted_at","updated_at") VALUES ($1,$2,$3,$4,$5,$6,$7,$8,$9,$10,$11,$12,$13) ON CONFLICT ("cache_key") DO UPDATE SET "updated_at" = EXCLUDED."updated_at","inserted_at" = EXCLUDED."inserted_at","forge_account_id" = EXCLUDED."forge_account_id","invalidation_reason" = EXCLUDED."invalidation_reason","invalidated_at" = EXCLUDED."invalidated_at","ttl_expires_at" = EXCLUDED."ttl_expires_at","cached_at" = EXCLUDED."cached_at","full_result" = EXCLUDED."full_result","reason" = EXCLUDED."reason","confidence" = EXCLUDED."confidence","is_false_positive" = EXCLUDED."is_false_positive","file_hashes" = EXCLUDED."file_hashes","locations" = EXCLUDED."locations","vulnerability_type" = EXCLUDED."vulnerability_type","repository" = EXCLUDED."repository","cache_key" = EXCLUDED."cache_key" RETURNING "id","updated_at","inserted_at","forge_account_id","invalidation_reason","invalidated_at","ttl_expires_at","cached_at","full_result","reason","confidence","is_false_positive","file_hashes","locations","vulnerability_type","repository","cache_key" ["Performance test entry 243", "56659/RSOLV-dev/perf-test/[path/to/file243.js:2430]:xss", "RSOLV-dev/perf-test", Decimal.new("0.9299999999999999"), 56659, [%{line: 2430, file_path: "path/to/file243.js"}], "xss", %{"path/to/file243.js" => "sha256:content243"}, false, ~U[2025-12-10 20:25:22.208290Z], ~U[2025-09-11 20:25:22.208290Z], ~U[2025-09-11 20:25:22.208313Z], ~U[2025-09-11 20:25:22.208313Z]]
14:25:22.208 [debug] Cached validation stored
14:25:22.208 [debug] QUERY OK source="cached_validations" db=0.0ms
INSERT INTO "cached_validations" ("reason","cache_key","repository","confidence","forge_account_id","locations","vulnerability_type","file_hashes","is_false_positive","ttl_expires_at","cached_at","inserted_at","updated_at") VALUES ($1,$2,$3,$4,$5,$6,$7,$8,$9,$10,$11,$12,$13) ON CONFLICT ("cache_key") DO UPDATE SET "updated_at" = EXCLUDED."updated_at","inserted_at" = EXCLUDED."inserted_at","forge_account_id" = EXCLUDED."forge_account_id","invalidation_reason" = EXCLUDED."invalidation_reason","invalidated_at" = EXCLUDED."invalidated_at","ttl_expires_at" = EXCLUDED."ttl_expires_at","cached_at" = EXCLUDED."cached_at","full_result" = EXCLUDED."full_result","reason" = EXCLUDED."reason","confidence" = EXCLUDED."confidence","is_false_positive" = EXCLUDED."is_false_positive","file_hashes" = EXCLUDED."file_hashes","locations" = EXCLUDED."locations","vulnerability_type" = EXCLUDED."vulnerability_type","repository" = EXCLUDED."repository","cache_key" = EXCLUDED."cache_key" RETURNING "id","updated_at","inserted_at","forge_account_id","invalidation_reason","invalidated_at","ttl_expires_at","cached_at","full_result","reason","confidence","is_false_positive","file_hashes","locations","vulnerability_type","repository","cache_key" ["Performance test entry 244", "56659/RSOLV-dev/perf-test/[path/to/file244.js:2440]:sql-injection", "RSOLV-dev/perf-test", Decimal.new("0.94"), 56659, [%{line: 2440, file_path: "path/to/file244.js"}], "sql-injection", %{"path/to/file244.js" => "sha256:content244"}, true, ~U[2025-12-10 20:25:22.208435Z], ~U[2025-09-11 20:25:22.208435Z], ~U[2025-09-11 20:25:22.208460Z], ~U[2025-09-11 20:25:22.208460Z]]
14:25:22.208 [debug] Cached validation stored
14:25:22.208 [debug] QUERY OK source="cached_validations" db=0.0ms
INSERT INTO "cached_validations" ("reason","cache_key","repository","confidence","forge_account_id","locations","vulnerability_type","file_hashes","is_false_positive","ttl_expires_at","cached_at","inserted_at","updated_at") VALUES ($1,$2,$3,$4,$5,$6,$7,$8,$9,$10,$11,$12,$13) ON CONFLICT ("cache_key") DO UPDATE SET "updated_at" = EXCLUDED."updated_at","inserted_at" = EXCLUDED."inserted_at","forge_account_id" = EXCLUDED."forge_account_id","invalidation_reason" = EXCLUDED."invalidation_reason","invalidated_at" = EXCLUDED."invalidated_at","ttl_expires_at" = EXCLUDED."ttl_expires_at","cached_at" = EXCLUDED."cached_at","full_result" = EXCLUDED."full_result","reason" = EXCLUDED."reason","confidence" = EXCLUDED."confidence","is_false_positive" = EXCLUDED."is_false_positive","file_hashes" = EXCLUDED."file_hashes","locations" = EXCLUDED."locations","vulnerability_type" = EXCLUDED."vulnerability_type","repository" = EXCLUDED."repository","cache_key" = EXCLUDED."cache_key" RETURNING "id","updated_at","inserted_at","forge_account_id","invalidation_reason","invalidated_at","ttl_expires_at","cached_at","full_result","reason","confidence","is_false_positive","file_hashes","locations","vulnerability_type","repository","cache_key" ["Performance test entry 245", "56659/RSOLV-dev/perf-test/[path/to/file245.js:2450]:eval", "RSOLV-dev/perf-test", Decimal.new("0.95"), 56659, [%{line: 2450, file_path: "path/to/file245.js"}], "eval", %{"path/to/file245.js" => "sha256:content245"}, false, ~U[2025-12-10 20:25:22.208583Z], ~U[2025-09-11 20:25:22.208583Z], ~U[2025-09-11 20:25:22.208607Z], ~U[2025-09-11 20:25:22.208607Z]]
14:25:22.208 [debug] Cached validation stored
14:25:22.208 [debug] QUERY OK source="cached_validations" db=0.0ms
INSERT INTO "cached_validations" ("reason","cache_key","repository","confidence","forge_account_id","locations","vulnerability_type","file_hashes","is_false_positive","ttl_expires_at","cached_at","inserted_at","updated_at") VALUES ($1,$2,$3,$4,$5,$6,$7,$8,$9,$10,$11,$12,$13) ON CONFLICT ("cache_key") DO UPDATE SET "updated_at" = EXCLUDED."updated_at","inserted_at" = EXCLUDED."inserted_at","forge_account_id" = EXCLUDED."forge_account_id","invalidation_reason" = EXCLUDED."invalidation_reason","invalidated_at" = EXCLUDED."invalidated_at","ttl_expires_at" = EXCLUDED."ttl_expires_at","cached_at" = EXCLUDED."cached_at","full_result" = EXCLUDED."full_result","reason" = EXCLUDED."reason","confidence" = EXCLUDED."confidence","is_false_positive" = EXCLUDED."is_false_positive","file_hashes" = EXCLUDED."file_hashes","locations" = EXCLUDED."locations","vulnerability_type" = EXCLUDED."vulnerability_type","repository" = EXCLUDED."repository","cache_key" = EXCLUDED."cache_key" RETURNING "id","updated_at","inserted_at","forge_account_id","invalidation_reason","invalidated_at","ttl_expires_at","cached_at","full_result","reason","confidence","is_false_positive","file_hashes","locations","vulnerability_type","repository","cache_key" ["Performance test entry 246", "56659/RSOLV-dev/perf-test/[path/to/file246.js:2460]:xss", "RSOLV-dev/perf-test", Decimal.new("0.96"), 56659, [%{line: 2460, file_path: "path/to/file246.js"}], "xss", %{"path/to/file246.js" => "sha256:content246"}, true, ~U[2025-12-10 20:25:22.208766Z], ~U[2025-09-11 20:25:22.208766Z], ~U[2025-09-11 20:25:22.208794Z], ~U[2025-09-11 20:25:22.208794Z]]
14:25:22.208 [debug] Cached validation stored
14:25:22.209 [debug] QUERY OK source="cached_validations" db=0.0ms
INSERT INTO "cached_validations" ("reason","cache_key","repository","confidence","forge_account_id","locations","vulnerability_type","file_hashes","is_false_positive","ttl_expires_at","cached_at","inserted_at","updated_at") VALUES ($1,$2,$3,$4,$5,$6,$7,$8,$9,$10,$11,$12,$13) ON CONFLICT ("cache_key") DO UPDATE SET "updated_at" = EXCLUDED."updated_at","inserted_at" = EXCLUDED."inserted_at","forge_account_id" = EXCLUDED."forge_account_id","invalidation_reason" = EXCLUDED."invalidation_reason","invalidated_at" = EXCLUDED."invalidated_at","ttl_expires_at" = EXCLUDED."ttl_expires_at","cached_at" = EXCLUDED."cached_at","full_result" = EXCLUDED."full_result","reason" = EXCLUDED."reason","confidence" = EXCLUDED."confidence","is_false_positive" = EXCLUDED."is_false_positive","file_hashes" = EXCLUDED."file_hashes","locations" = EXCLUDED."locations","vulnerability_type" = EXCLUDED."vulnerability_type","repository" = EXCLUDED."repository","cache_key" = EXCLUDED."cache_key" RETURNING "id","updated_at","inserted_at","forge_account_id","invalidation_reason","invalidated_at","ttl_expires_at","cached_at","full_result","reason","confidence","is_false_positive","file_hashes","locations","vulnerability_type","repository","cache_key" ["Performance test entry 247", "56659/RSOLV-dev/perf-test/[path/to/file247.js:2470]:eval", "RSOLV-dev/perf-test", Decimal.new("0.97"), 56659, [%{line: 2470, file_path: "path/to/file247.js"}], "eval", %{"path/to/file247.js" => "sha256:content247"}, false, ~U[2025-12-10 20:25:22.208923Z], ~U[2025-09-11 20:25:22.208923Z], ~U[2025-09-11 20:25:22.208952Z], ~U[2025-09-11 20:25:22.208952Z]]
14:25:22.209 [debug] Cached validation stored
14:25:22.209 [debug] QUERY OK source="cached_validations" db=0.0ms
INSERT INTO "cached_validations" ("reason","cache_key","repository","confidence","forge_account_id","locations","vulnerability_type","file_hashes","is_false_positive","ttl_expires_at","cached_at","inserted_at","updated_at") VALUES ($1,$2,$3,$4,$5,$6,$7,$8,$9,$10,$11,$12,$13) ON CONFLICT ("cache_key") DO UPDATE SET "updated_at" = EXCLUDED."updated_at","inserted_at" = EXCLUDED."inserted_at","forge_account_id" = EXCLUDED."forge_account_id","invalidation_reason" = EXCLUDED."invalidation_reason","invalidated_at" = EXCLUDED."invalidated_at","ttl_expires_at" = EXCLUDED."ttl_expires_at","cached_at" = EXCLUDED."cached_at","full_result" = EXCLUDED."full_result","reason" = EXCLUDED."reason","confidence" = EXCLUDED."confidence","is_false_positive" = EXCLUDED."is_false_positive","file_hashes" = EXCLUDED."file_hashes","locations" = EXCLUDED."locations","vulnerability_type" = EXCLUDED."vulnerability_type","repository" = EXCLUDED."repository","cache_key" = EXCLUDED."cache_key" RETURNING "id","updated_at","inserted_at","forge_account_id","invalidation_reason","invalidated_at","ttl_expires_at","cached_at","full_result","reason","confidence","is_false_positive","file_hashes","locations","vulnerability_type","repository","cache_key" ["Performance test entry 248", "56659/RSOLV-dev/perf-test/[path/to/file248.js:2480]:sql-injection", "RSOLV-dev/perf-test", Decimal.new("0.98"), 56659, [%{line: 2480, file_path: "path/to/file248.js"}], "sql-injection", %{"path/to/file248.js" => "sha256:content248"}, true, ~U[2025-12-10 20:25:22.209075Z], ~U[2025-09-11 20:25:22.209075Z], ~U[2025-09-11 20:25:22.209095Z], ~U[2025-09-11 20:25:22.209095Z]]
14:25:22.209 [debug] Cached validation stored
14:25:22.209 [debug] QUERY OK source="cached_validations" db=0.0ms
INSERT INTO "cached_validations" ("reason","cache_key","repository","confidence","forge_account_id","locations","vulnerability_type","file_hashes","is_false_positive","ttl_expires_at","cached_at","inserted_at","updated_at") VALUES ($1,$2,$3,$4,$5,$6,$7,$8,$9,$10,$11,$12,$13) ON CONFLICT ("cache_key") DO UPDATE SET "updated_at" = EXCLUDED."updated_at","inserted_at" = EXCLUDED."inserted_at","forge_account_id" = EXCLUDED."forge_account_id","invalidation_reason" = EXCLUDED."invalidation_reason","invalidated_at" = EXCLUDED."invalidated_at","ttl_expires_at" = EXCLUDED."ttl_expires_at","cached_at" = EXCLUDED."cached_at","full_result" = EXCLUDED."full_result","reason" = EXCLUDED."reason","confidence" = EXCLUDED."confidence","is_false_positive" = EXCLUDED."is_false_positive","file_hashes" = EXCLUDED."file_hashes","locations" = EXCLUDED."locations","vulnerability_type" = EXCLUDED."vulnerability_type","repository" = EXCLUDED."repository","cache_key" = EXCLUDED."cache_key" RETURNING "id","updated_at","inserted_at","forge_account_id","invalidation_reason","invalidated_at","ttl_expires_at","cached_at","full_result","reason","confidence","is_false_positive","file_hashes","locations","vulnerability_type","repository","cache_key" ["Performance test entry 249", "56659/RSOLV-dev/perf-test/[path/to/file249.js:2490]:xss", "RSOLV-dev/perf-test", Decimal.new("0.99"), 56659, [%{line: 2490, file_path: "path/to/file249.js"}], "xss", %{"path/to/file249.js" => "sha256:content249"}, false, ~U[2025-12-10 20:25:22.209217Z], ~U[2025-09-11 20:25:22.209217Z], ~U[2025-09-11 20:25:22.209242Z], ~U[2025-09-11 20:25:22.209242Z]]
14:25:22.209 [debug] Cached validation stored
14:25:22.209 [debug] QUERY OK source="cached_validations" db=0.0ms
INSERT INTO "cached_validations" ("reason","cache_key","repository","confidence","forge_account_id","locations","vulnerability_type","file_hashes","is_false_positive","ttl_expires_at","cached_at","inserted_at","updated_at") VALUES ($1,$2,$3,$4,$5,$6,$7,$8,$9,$10,$11,$12,$13) ON CONFLICT ("cache_key") DO UPDATE SET "updated_at" = EXCLUDED."updated_at","inserted_at" = EXCLUDED."inserted_at","forge_account_id" = EXCLUDED."forge_account_id","invalidation_reason" = EXCLUDED."invalidation_reason","invalidated_at" = EXCLUDED."invalidated_at","ttl_expires_at" = EXCLUDED."ttl_expires_at","cached_at" = EXCLUDED."cached_at","full_result" = EXCLUDED."full_result","reason" = EXCLUDED."reason","confidence" = EXCLUDED."confidence","is_false_positive" = EXCLUDED."is_false_positive","file_hashes" = EXCLUDED."file_hashes","locations" = EXCLUDED."locations","vulnerability_type" = EXCLUDED."vulnerability_type","repository" = EXCLUDED."repository","cache_key" = EXCLUDED."cache_key" RETURNING "id","updated_at","inserted_at","forge_account_id","invalidation_reason","invalidated_at","ttl_expires_at","cached_at","full_result","reason","confidence","is_false_positive","file_hashes","locations","vulnerability_type","repository","cache_key" ["Performance test entry 250", "56659/RSOLV-dev/perf-test/[path/to/file250.js:2500]:sql-injection", "RSOLV-dev/perf-test", Decimal.new("0.5"), 56659, [%{line: 2500, file_path: "path/to/file250.js"}], "sql-injection", %{"path/to/file250.js" => "sha256:content250"}, true, ~U[2025-12-10 20:25:22.209356Z], ~U[2025-09-11 20:25:22.209356Z], ~U[2025-09-11 20:25:22.209375Z], ~U[2025-09-11 20:25:22.209375Z]]
14:25:22.209 [debug] Cached validation stored
...................*.....................14:25:22.478 [info] Port 8e6f58f9c14b8b9566e28ed7d48cbf9c idle timeout reached
..14:25:22.750 [warning] Port exited with status 1
14:25:22.750 [error] GenServer #PID<0.7713.0> terminating
** (stop) {:port_exit, 1}
Last message: {#Port<0.150>, {:exit_status, 1}}
State: %Rsolv.AST.PortWorker{id: "b68fa137affe73b693e0036db686a1a1", port: #Port<0.150>, config: %{args: ["-u", "/home/dylan/dev/rsolv/test/rsolv/ast/fixtures/crash_parser.py"], command: "python3", id: "b68fa137affe73b693e0036db686a1a1", max_restarts: 3, language: "python"}, buffer: "", requests: %{}, health_check_timer: nil, idle_timer: nil, sandbox_config: %{type: "python", spawn_opts: [max_heap_size: 64000000, monitor: true, link: false], security: %{}, limits: %{max_heap_size: 64000000, max_reductions: 2000000, timeout_ms: 30000, max_ports: 1, max_ets_tables: 5}, allowed_modules: [:file, :binary, :string, :unicode], port_env: [{~c"PATH", ~c"/usr/bin:/bin"}, {~c"HOME", ~c"/tmp"}, {~c"TMPDIR", ~c"/tmp"}, {~c"RSOLV_SANDBOX", ~c"beam"}, {~c"NO_PROXY", ~c"*"}, {~c"http_proxy", []}, {~c"https_proxy", []}, {~c"LANG", ~c"C"}, {~c"LC_ALL", ~c"C"}, {~c"SECURITY_READ_ONLY_FS", ~c"false"}, {~c"SECURITY_NO_NETWORK", ~c"false"}, {~c"PYTHONPATH", ~c"/tmp"}, {~c"PYTHONDONTWRITEBYTECODE", ~c"1"}, {~c"PYTHONUNBUFFERED", ~c"1"}], resource_tracker_name: :sandbox_python_fa697c00}, resource_tracker: :sandbox_python_fa697c00}
.........14:25:24.196 [warning] Port exited with status 1
14:25:24.196 [error] GenServer #PID<0.7794.0> terminating
** (stop) {:port_exit, 1}
Last message: {#Port<0.214>, {:exit_status, 1}}
State: %Rsolv.AST.PortWorker{id: "58c6c2cf0d624b46299667fb8868fda5", port: #Port<0.214>, config: %{args: ["-u", "/home/dylan/dev/rsolv/test/rsolv/ast/fixtures/always_crash_parser.py"], command: "python3", id: "58c6c2cf0d624b46299667fb8868fda5", max_restarts: 3, language: "python"}, buffer: "", requests: %{}, health_check_timer: nil, idle_timer: nil, sandbox_config: %{type: "python", spawn_opts: [max_heap_size: 64000000, monitor: true, link: false], security: %{}, limits: %{max_heap_size: 64000000, max_reductions: 2000000, timeout_ms: 30000, max_ports: 1, max_ets_tables: 5}, allowed_modules: [:file, :binary, :string, :unicode], port_env: [{~c"PATH", ~c"/usr/bin:/bin"}, {~c"HOME", ~c"/tmp"}, {~c"TMPDIR", ~c"/tmp"}, {~c"RSOLV_SANDBOX", ~c"beam"}, {~c"NO_PROXY", ~c"*"}, {~c"http_proxy", []}, {~c"https_proxy", []}, {~c"LANG", ~c"C"}, {~c"LC_ALL", ~c"C"}, {~c"SECURITY_READ_ONLY_FS", ~c"false"}, {~c"SECURITY_NO_NETWORK", ~c"false"}, {~c"PYTHONPATH", ~c"/tmp"}, {~c"PYTHONDONTWRITEBYTECODE", ~c"1"}, {~c"PYTHONUNBUFFERED", ~c"1"}], resource_tracker_name: :sandbox_python_ca051b0d}, resource_tracker: :sandbox_python_ca051b0d}
14:25:24.218 [warning] Port exited with status 1
14:25:24.218 [error] GenServer #PID<0.7796.0> terminating
** (stop) {:port_exit, 1}
Last message: {#Port<0.215>, {:exit_status, 1}}
State: %Rsolv.AST.PortWorker{id: "58c6c2cf0d624b46299667fb8868fda5", port: #Port<0.215>, config: %{args: ["-u", "/home/dylan/dev/rsolv/test/rsolv/ast/fixtures/always_crash_parser.py"], command: "python3", id: "58c6c2cf0d624b46299667fb8868fda5", max_restarts: 3, language: "python"}, buffer: "", requests: %{}, health_check_timer: nil, idle_timer: nil, sandbox_config: %{type: "python", spawn_opts: [max_heap_size: 64000000, monitor: true, link: false], security: %{}, limits: %{max_heap_size: 64000000, max_reductions: 2000000, timeout_ms: 30000, max_ports: 1, max_ets_tables: 5}, allowed_modules: [:file, :binary, :string, :unicode], port_env: [{~c"PATH", ~c"/usr/bin:/bin"}, {~c"HOME", ~c"/tmp"}, {~c"TMPDIR", ~c"/tmp"}, {~c"RSOLV_SANDBOX", ~c"beam"}, {~c"NO_PROXY", ~c"*"}, {~c"http_proxy", []}, {~c"https_proxy", []}, {~c"LANG", ~c"C"}, {~c"LC_ALL", ~c"C"}, {~c"SECURITY_READ_ONLY_FS", ~c"false"}, {~c"SECURITY_NO_NETWORK", ~c"false"}, {~c"PYTHONPATH", ~c"/tmp"}, {~c"PYTHONDONTWRITEBYTECODE", ~c"1"}, {~c"PYTHONUNBUFFERED", ~c"1"}], resource_tracker_name: :sandbox_python_fc6de41d}, resource_tracker: :sandbox_python_fc6de41d}
14:25:24.238 [warning] Port exited with status 1
14:25:24.238 [error] GenServer #PID<0.7798.0> terminating
** (stop) {:port_exit, 1}
Last message: {#Port<0.216>, {:exit_status, 1}}
State: %Rsolv.AST.PortWorker{id: "58c6c2cf0d624b46299667fb8868fda5", port: #Port<0.216>, config: %{args: ["-u", "/home/dylan/dev/rsolv/test/rsolv/ast/fixtures/always_crash_parser.py"], command: "python3", id: "58c6c2cf0d624b46299667fb8868fda5", max_restarts: 3, language: "python"}, buffer: "", requests: %{}, health_check_timer: nil, idle_timer: nil, sandbox_config: %{type: "python", spawn_opts: [max_heap_size: 64000000, monitor: true, link: false], security: %{}, limits: %{max_heap_size: 64000000, max_reductions: 2000000, timeout_ms: 30000, max_ports: 1, max_ets_tables: 5}, allowed_modules: [:file, :binary, :string, :unicode], port_env: [{~c"PATH", ~c"/usr/bin:/bin"}, {~c"HOME", ~c"/tmp"}, {~c"TMPDIR", ~c"/tmp"}, {~c"RSOLV_SANDBOX", ~c"beam"}, {~c"NO_PROXY", ~c"*"}, {~c"http_proxy", []}, {~c"https_proxy", []}, {~c"LANG", ~c"C"}, {~c"LC_ALL", ~c"C"}, {~c"SECURITY_READ_ONLY_FS", ~c"false"}, {~c"SECURITY_NO_NETWORK", ~c"false"}, {~c"PYTHONPATH", ~c"/tmp"}, {~c"PYTHONDONTWRITEBYTECODE", ~c"1"}, {~c"PYTHONUNBUFFERED", ~c"1"}], resource_tracker_name: :sandbox_python_c135dfe7}, resource_tracker: :sandbox_python_c135dfe7}
14:25:24.261 [warning] Port exited with status 1
14:25:24.261 [error] GenServer #PID<0.7800.0> terminating
** (stop) {:port_exit, 1}
Last message: {#Port<0.217>, {:exit_status, 1}}
State: %Rsolv.AST.PortWorker{id: "58c6c2cf0d624b46299667fb8868fda5", port: #Port<0.217>, config: %{args: ["-u", "/home/dylan/dev/rsolv/test/rsolv/ast/fixtures/always_crash_parser.py"], command: "python3", id: "58c6c2cf0d624b46299667fb8868fda5", max_restarts: 3, language: "python"}, buffer: "", requests: %{}, health_check_timer: nil, idle_timer: nil, sandbox_config: %{type: "python", spawn_opts: [max_heap_size: 64000000, monitor: true, link: false], security: %{}, limits: %{max_heap_size: 64000000, max_reductions: 2000000, timeout_ms: 30000, max_ports: 1, max_ets_tables: 5}, allowed_modules: [:file, :binary, :string, :unicode], port_env: [{~c"PATH", ~c"/usr/bin:/bin"}, {~c"HOME", ~c"/tmp"}, {~c"TMPDIR", ~c"/tmp"}, {~c"RSOLV_SANDBOX", ~c"beam"}, {~c"NO_PROXY", ~c"*"}, {~c"http_proxy", []}, {~c"https_proxy", []}, {~c"LANG", ~c"C"}, {~c"LC_ALL", ~c"C"}, {~c"SECURITY_READ_ONLY_FS", ~c"false"}, {~c"SECURITY_NO_NETWORK", ~c"false"}, {~c"PYTHONPATH", ~c"/tmp"}, {~c"PYTHONDONTWRITEBYTECODE", ~c"1"}, {~c"PYTHONUNBUFFERED", ~c"1"}], resource_tracker_name: :sandbox_python_94482ee9}, resource_tracker: :sandbox_python_94482ee9}
.......14:25:25.501 request_id=GGRUMVjMa3qtTLMAADQD [info] POST /api/v1/vulnerabilities/validate
14:25:25.501 request_id=GGRUMVjMa3qtTLMAADQD [debug] Processing with RsolvWeb.Api.V1.VulnerabilityValidationRouter.validate/2
  Parameters: %{"files" => %{"/app/models/user.js" => "function getUser(userId) {\n  return db.query('SELECT * FROM users WHERE id = $1', [userId]);\n}\n"}, "vulnerabilities" => [%{"code" => "db.query('SELECT * FROM users WHERE id = $1', [userId])", "filePath" => "/app/models/user.js", "id" => "vuln-3", "line" => 25, "type" => "sql_injection"}]}
  Pipelines: [:api]
14:25:25.501 request_id=GGRUMVjMa3qtTLMAADQD [debug] QUERY OK source="fun_with_flags_toggles" db=0.2ms
SELECT f0."id", f0."flag_name", f0."gate_type", f0."target", f0."enabled" FROM "fun_with_flags_toggles" AS f0 WHERE (f0."flag_name" = $1) ["false_positive_caching"]
14:25:25.501 request_id=GGRUMVjMa3qtTLMAADQD [debug] Telemetry event: [:fun_with_flags, :persistence, :read], metadata: %{flag_name: :false_positive_caching, gate: nil}, measurements: %{system_time: 1757622325501847188}
14:25:25.501 request_id=GGRUMVjMa3qtTLMAADQD [debug] Using standard validation controller (feature flag disabled)
14:25:25.502 request_id=GGRUMVjMa3qtTLMAADQD [info] Sent 200 in 829µs
.14:25:25.517 request_id=GGRUMVnBJ1sEoq4AAFmF [info] POST /api/v1/vulnerabilities/validate
14:25:25.517 request_id=GGRUMVnBJ1sEoq4AAFmF [debug] Processing with RsolvWeb.Api.V1.VulnerabilityValidationRouter.validate/2
  Parameters: %{"files" => %{"/config/webpack.config.js" => "// Webpack config\nconst config = {\n  plugins: [{\n    apply: (compiler) => {\n      element.innerHTML = userInput;\n    }\n  }]\n};\n"}, "vulnerabilities" => [%{"code" => "element.innerHTML = userInput", "filePath" => "/config/webpack.config.js", "id" => "vuln-5", "line" => 50, "type" => "xss"}]}
  Pipelines: [:api]
14:25:25.517 request_id=GGRUMVnBJ1sEoq4AAFmF [debug] QUERY OK source="fun_with_flags_toggles" db=0.1ms
SELECT f0."id", f0."flag_name", f0."gate_type", f0."target", f0."enabled" FROM "fun_with_flags_toggles" AS f0 WHERE (f0."flag_name" = $1) ["false_positive_caching"]
14:25:25.517 request_id=GGRUMVnBJ1sEoq4AAFmF [debug] Telemetry event: [:fun_with_flags, :persistence, :read], metadata: %{flag_name: :false_positive_caching, gate: nil}, measurements: %{system_time: 1757622325517734204}
14:25:25.517 request_id=GGRUMVnBJ1sEoq4AAFmF [debug] Using standard validation controller (feature flag disabled)
14:25:25.517 request_id=GGRUMVnBJ1sEoq4AAFmF [info] Sent 200 in 626µs
.14:25:25.535 request_id=GGRUMVrSKZ2jgAoAACYO [info] POST /api/v1/vulnerabilities/validate
14:25:25.535 request_id=GGRUMVrSKZ2jgAoAACYO [debug] Processing with RsolvWeb.Api.V1.VulnerabilityValidationRouter.validate/2
  Parameters: %{"files" => %{"/vendor/bootstrap/bootstrap.min.js" => "// Minified bootstrap code\nif (e.code === DOMException.QUOTA_EXCEEDED_ERR) {\n  // Handle quota exceeded\n}\n"}, "vulnerabilities" => [%{"code" => "e.code === DOMException.QUOTA_EXCEEDED_ERR", "filePath" => "/vendor/bootstrap/bootstrap.min.js", "id" => "vuln-1", "line" => 100, "type" => "timing_attack"}]}
  Pipelines: [:api]
14:25:25.535 request_id=GGRUMVrSKZ2jgAoAACYO [debug] QUERY OK source="fun_with_flags_toggles" db=0.2ms
SELECT f0."id", f0."flag_name", f0."gate_type", f0."target", f0."enabled" FROM "fun_with_flags_toggles" AS f0 WHERE (f0."flag_name" = $1) ["false_positive_caching"]
14:25:25.535 request_id=GGRUMVrSKZ2jgAoAACYO [debug] Telemetry event: [:fun_with_flags, :persistence, :read], metadata: %{flag_name: :false_positive_caching, gate: nil}, measurements: %{system_time: 1757622325535699063}
14:25:25.535 request_id=GGRUMVrSKZ2jgAoAACYO [debug] Using standard validation controller (feature flag disabled)
14:25:25.535 request_id=GGRUMVrSKZ2jgAoAACYO [info] Sent 200 in 693µs
.14:25:25.553 request_id=GGRUMVvqcuriL50AAEcG [info] POST /api/v1/vulnerabilities/validate
14:25:25.553 request_id=GGRUMVvqcuriL50AAEcG [debug] Processing with RsolvWeb.Api.V1.VulnerabilityValidationRouter.validate/2
  Parameters: %{"files" => %{"/app/controllers/user.js" => "app.post('/user', (req, res) => {\n  const result = db.query('SELECT * FROM users WHERE id = ' + req.body.userId);\n  res.json(result);\n});\n"}, "vulnerabilities" => [%{"code" => "db.query('SELECT * FROM users WHERE id = ' + req.body.userId)", "filePath" => "/app/controllers/user.js", "id" => "vuln-4", "line" => 15, "type" => "sql_injection"}]}
  Pipelines: [:api]
14:25:25.554 request_id=GGRUMVvqcuriL50AAEcG [debug] QUERY OK source="fun_with_flags_toggles" db=0.3ms
SELECT f0."id", f0."flag_name", f0."gate_type", f0."target", f0."enabled" FROM "fun_with_flags_toggles" AS f0 WHERE (f0."flag_name" = $1) ["false_positive_caching"]
14:25:25.554 request_id=GGRUMVvqcuriL50AAEcG [debug] Telemetry event: [:fun_with_flags, :persistence, :read], metadata: %{flag_name: :false_positive_caching, gate: nil}, measurements: %{system_time: 1757622325554351630}
14:25:25.554 request_id=GGRUMVvqcuriL50AAEcG [debug] Using standard validation controller (feature flag disabled)
14:25:25.554 request_id=GGRUMVvqcuriL50AAEcG [info] Sent 200 in 1ms
.14:25:25.571 request_id=GGRUMVz5PQd_1hUAADSD [info] POST /api/v1/vulnerabilities/validate
14:25:25.571 request_id=GGRUMVz5PQd_1hUAADSD [debug] Processing with RsolvWeb.Api.V1.VulnerabilityValidationRouter.validate/2
  Parameters: %{"files" => %{"/test/integration/db_test.js" => "// Test file\nconst testId = 'test-123';\ndb.query('SELECT * FROM users WHERE id = ' + testId);\n"}, "vulnerabilities" => [%{"code" => "db.query('SELECT * FROM users WHERE id = ' + testId)", "filePath" => "/test/integration/db_test.js", "id" => "vuln-2", "line" => 50, "type" => "sql_injection"}]}
  Pipelines: [:api]
14:25:25.571 request_id=GGRUMVz5PQd_1hUAADSD [debug] QUERY OK source="fun_with_flags_toggles" db=0.1ms
SELECT f0."id", f0."flag_name", f0."gate_type", f0."target", f0."enabled" FROM "fun_with_flags_toggles" AS f0 WHERE (f0."flag_name" = $1) ["false_positive_caching"]
14:25:25.571 request_id=GGRUMVz5PQd_1hUAADSD [debug] Telemetry event: [:fun_with_flags, :persistence, :read], metadata: %{flag_name: :false_positive_caching, gate: nil}, measurements: %{system_time: 1757622325571698521}
14:25:25.571 request_id=GGRUMVz5PQd_1hUAADSD [debug] Using standard validation controller (feature flag disabled)
14:25:25.571 request_id=GGRUMVz5PQd_1hUAADSD [info] Sent 200 in 566µs
.14:25:25.587 request_id=GGRUMV30PvRU_E4AACSL [info] POST /api/v1/vulnerabilities/validate
14:25:25.587 request_id=GGRUMV30PvRU_E4AACSL [debug] Processing with RsolvWeb.Api.V1.VulnerabilityValidationRouter.validate/2
  Parameters: %{"files" => %{"/app/controller.js" => "query('SELECT * FROM users WHERE id = ' + userInput)", "/app/model.js" => "db.query('SELECT * FROM users WHERE id = ?', [id])", "/node_modules/jquery/jquery.min.js" => "status === HTTP_OK", "/test/db_test.js" => "query('SELECT * FROM test')"}, "vulnerabilities" => [%{"code" => "status === HTTP_OK", "filePath" => "/node_modules/jquery/jquery.min.js", "id" => "fp-1", "line" => 1, "type" => "timing_attack"}, %{"code" => "query('SELECT * FROM test')", "filePath" => "/test/db_test.js", "id" => "fp-2", "line" => 1, "type" => "sql_injection"}, %{"code" => "db.query('SELECT * FROM users WHERE id = ?', [id])", "filePath" => "/app/model.js", "id" => "fp-3", "line" => 1, "type" => "sql_injection"}, %{"code" => "query('SELECT * FROM users WHERE id = ' + userInput)", "filePath" => "/app/controller.js", "id" => "real-1", "line" => 1, "type" => "sql_injection"}]}
  Pipelines: [:api]
14:25:25.588 request_id=GGRUMV30PvRU_E4AACSL [debug] QUERY OK source="fun_with_flags_toggles" db=0.1ms
SELECT f0."id", f0."flag_name", f0."gate_type", f0."target", f0."enabled" FROM "fun_with_flags_toggles" AS f0 WHERE (f0."flag_name" = $1) ["false_positive_caching"]
14:25:25.588 request_id=GGRUMV30PvRU_E4AACSL [debug] Telemetry event: [:fun_with_flags, :persistence, :read], metadata: %{flag_name: :false_positive_caching, gate: nil}, measurements: %{system_time: 1757622325588163627}
14:25:25.588 request_id=GGRUMV30PvRU_E4AACSL [debug] Using standard validation controller (feature flag disabled)
14:25:25.588 request_id=GGRUMV30PvRU_E4AACSL [info] Sent 200 in 659µs
.....................14:25:25.594 [debug] QUERY OK source="customers" db=0.2ms
INSERT INTO "customers" ("active","name","metadata","email","is_staff","subscription_plan","monthly_limit","current_usage","fixes_quota_this_month","fixes_used_this_month","has_payment_method","rollover_fixes","subscription_status","trial_fixes_limit","trial_fixes_used","inserted_at","updated_at") VALUES ($1,$2,$3,$4,$5,$6,$7,$8,$9,$10,$11,$12,$13,$14,$15,$16,$17) RETURNING "id" [true, "Test Customer 8077", %{}, "test8077@example.com", false, "trial", 100, 15, 0, 0, false, 0, "active", 5, 0, ~N[2025-09-11 20:25:25], ~N[2025-09-11 20:25:25]]
14:25:25.595 [debug] QUERY OK source="api_keys" db=0.1ms
INSERT INTO "api_keys" ("active","name","permissions","key","customer_id","inserted_at","updated_at") VALUES ($1,$2,$3,$4,$5,$6,$7) RETURNING "id" [true, "Test Key", ["full_access"], "rsolv_v-ubijae7yXrYmXP-bGRR0-Dz9d5ca8HACagUcw4c20", 72094, ~U[2025-09-11 20:25:25Z], ~U[2025-09-11 20:25:25Z]]
14:25:25.595 request_id=GGRUMV5kDuGLp44AACyH [info] POST /api/v1/vulnerabilities/validate
14:25:25.595 request_id=GGRUMV5kDuGLp44AACyH [debug] Processing with RsolvWeb.Api.V1.VulnerabilityValidationRouter.validate/2
  Parameters: %{"files" => %{"test.js" => "// Line 1\neval(x);\n// More code"}, "vulnerabilities" => [%{"code" => "eval(x)", "filePath" => "test.js", "id" => "vuln-ttl", "line" => 1, "patternId" => "js-eval-injection", "severity" => "critical"}]}
  Pipelines: [:api]
14:25:25.595 request_id=GGRUMV5kDuGLp44AACyH [debug] QUERY OK source="fun_with_flags_toggles" db=0.0ms
SELECT f0."id", f0."flag_name", f0."gate_type", f0."target", f0."enabled" FROM "fun_with_flags_toggles" AS f0 WHERE (f0."flag_name" = $1) ["false_positive_caching"]
14:25:25.595 request_id=GGRUMV5kDuGLp44AACyH [debug] Telemetry event: [:fun_with_flags, :persistence, :read], metadata: %{flag_name: :false_positive_caching, gate: nil}, measurements: %{system_time: 1757622325595352931}
14:25:25.595 request_id=GGRUMV5kDuGLp44AACyH [debug] Using standard validation controller (feature flag disabled)
14:25:25.596 request_id=GGRUMV5kDuGLp44AACyH [debug] QUERY OK source="api_keys" db=0.1ms
SELECT a0."id", a0."key", a0."name", a0."permissions", a0."active", a0."last_used_at", a0."expires_at", a0."customer_id", a0."inserted_at", a0."updated_at" FROM "api_keys" AS a0 WHERE ((a0."key" = $1) AND (a0."active" = $2)) ["rsolv_v-ubijae7yXrYmXP-bGRR0-Dz9d5ca8HACagUcw4c20", true]
14:25:25.596 request_id=GGRUMV5kDuGLp44AACyH [debug] QUERY OK source="customers" db=0.0ms
SELECT c0."id", c0."name", c0."email", c0."monthly_limit", c0."current_usage", c0."active", c0."metadata", c0."password_hash", c0."is_staff", c0."admin_level", c0."trial_fixes_used", c0."trial_fixes_limit", c0."stripe_customer_id", c0."subscription_plan", c0."subscription_status", c0."rollover_fixes", c0."payment_method_added_at", c0."trial_expired_at", c0."fixes_used_this_month", c0."fixes_quota_this_month", c0."has_payment_method", c0."inserted_at", c0."updated_at" FROM "customers" AS c0 WHERE (c0."id" = $1) [72094]
14:25:25.597 request_id=GGRUMV5kDuGLp44AACyH [info] Sent 200 in 1ms
14:25:25.597 request_id=GGRUMV6DgfiLp44AAC0H [info] POST /api/v1/vulnerabilities/validate
14:25:25.597 request_id=GGRUMV6DgfiLp44AAC0H [debug] Processing with RsolvWeb.Api.V1.VulnerabilityValidationRouter.validate/2
  Parameters: %{"files" => %{"test.js" => "// Line 1\neval(x);\n// More code"}, "vulnerabilities" => [%{"code" => "eval(x)", "filePath" => "test.js", "id" => "vuln-ttl", "line" => 1, "patternId" => "js-eval-injection", "severity" => "critical"}]}
  Pipelines: [:api]
14:25:25.597 request_id=GGRUMV6DgfiLp44AAC0H [debug] QUERY OK source="fun_with_flags_toggles" db=0.0ms
SELECT f0."id", f0."flag_name", f0."gate_type", f0."target", f0."enabled" FROM "fun_with_flags_toggles" AS f0 WHERE (f0."flag_name" = $1) ["false_positive_caching"]
14:25:25.597 request_id=GGRUMV6DgfiLp44AAC0H [debug] Telemetry event: [:fun_with_flags, :persistence, :read], metadata: %{flag_name: :false_positive_caching, gate: nil}, measurements: %{system_time: 1757622325597376415}
14:25:25.597 request_id=GGRUMV6DgfiLp44AAC0H [debug] Using standard validation controller (feature flag disabled)
14:25:25.597 request_id=GGRUMV6DgfiLp44AAC0H [debug] QUERY OK source="api_keys" db=0.0ms
SELECT a0."id", a0."key", a0."name", a0."permissions", a0."active", a0."last_used_at", a0."expires_at", a0."customer_id", a0."inserted_at", a0."updated_at" FROM "api_keys" AS a0 WHERE ((a0."key" = $1) AND (a0."active" = $2)) ["rsolv_v-ubijae7yXrYmXP-bGRR0-Dz9d5ca8HACagUcw4c20", true]
14:25:25.597 request_id=GGRUMV6DgfiLp44AAC0H [debug] QUERY OK source="customers" db=0.0ms
SELECT c0."id", c0."name", c0."email", c0."monthly_limit", c0."current_usage", c0."active", c0."metadata", c0."password_hash", c0."is_staff", c0."admin_level", c0."trial_fixes_used", c0."trial_fixes_limit", c0."stripe_customer_id", c0."subscription_plan", c0."subscription_status", c0."rollover_fixes", c0."payment_method_added_at", c0."trial_expired_at", c0."fixes_used_this_month", c0."fixes_quota_this_month", c0."has_payment_method", c0."inserted_at", c0."updated_at" FROM "customers" AS c0 WHERE (c0."id" = $1) [72094]
14:25:25.597 request_id=GGRUMV6DgfiLp44AAC0H [info] Sent 200 in 550µs
14:25:25.749 request_id=GGRUMWeSWQyLp44AAC2H [info] POST /api/v1/vulnerabilities/validate
14:25:25.749 request_id=GGRUMWeSWQyLp44AAC2H [debug] Processing with RsolvWeb.Api.V1.VulnerabilityValidationRouter.validate/2
  Parameters: %{"files" => %{"test.js" => "// Line 1\neval(x);\n// More code"}, "vulnerabilities" => [%{"code" => "eval(x)", "filePath" => "test.js", "id" => "vuln-ttl", "line" => 1, "patternId" => "js-eval-injection", "severity" => "critical"}]}
  Pipelines: [:api]
14:25:25.750 request_id=GGRUMWeSWQyLp44AAC2H [debug] QUERY OK source="fun_with_flags_toggles" db=0.7ms
SELECT f0."id", f0."flag_name", f0."gate_type", f0."target", f0."enabled" FROM "fun_with_flags_toggles" AS f0 WHERE (f0."flag_name" = $1) ["false_positive_caching"]
14:25:25.751 request_id=GGRUMWeSWQyLp44AAC2H [debug] Telemetry event: [:fun_with_flags, :persistence, :read], metadata: %{flag_name: :false_positive_caching, gate: nil}, measurements: %{system_time: 1757622325750940389}
14:25:25.751 request_id=GGRUMWeSWQyLp44AAC2H [debug] Using standard validation controller (feature flag disabled)
14:25:25.751 request_id=GGRUMWeSWQyLp44AAC2H [debug] QUERY OK source="api_keys" db=0.5ms
SELECT a0."id", a0."key", a0."name", a0."permissions", a0."active", a0."last_used_at", a0."expires_at", a0."customer_id", a0."inserted_at", a0."updated_at" FROM "api_keys" AS a0 WHERE ((a0."key" = $1) AND (a0."active" = $2)) ["rsolv_v-ubijae7yXrYmXP-bGRR0-Dz9d5ca8HACagUcw4c20", true]
14:25:25.752 request_id=GGRUMWeSWQyLp44AAC2H [debug] QUERY OK source="customers" db=0.2ms
SELECT c0."id", c0."name", c0."email", c0."monthly_limit", c0."current_usage", c0."active", c0."metadata", c0."password_hash", c0."is_staff", c0."admin_level", c0."trial_fixes_used", c0."trial_fixes_limit", c0."stripe_customer_id", c0."subscription_plan", c0."subscription_status", c0."rollover_fixes", c0."payment_method_added_at", c0."trial_expired_at", c0."fixes_used_this_month", c0."fixes_quota_this_month", c0."has_payment_method", c0."inserted_at", c0."updated_at" FROM "customers" AS c0 WHERE (c0."id" = $1) [72094]
14:25:25.753 request_id=GGRUMWeSWQyLp44AAC2H [info] Sent 200 in 3ms
.14:25:25.755 [debug] QUERY OK source="customers" db=0.5ms queue=0.6ms
INSERT INTO "customers" ("active","name","metadata","email","is_staff","subscription_plan","monthly_limit","current_usage","fixes_quota_this_month","fixes_used_this_month","has_payment_method","rollover_fixes","subscription_status","trial_fixes_limit","trial_fixes_used","inserted_at","updated_at") VALUES ($1,$2,$3,$4,$5,$6,$7,$8,$9,$10,$11,$12,$13,$14,$15,$16,$17) RETURNING "id" [true, "Test Customer 8205", %{}, "test8205@example.com", false, "trial", 100, 15, 0, 0, false, 0, "active", 5, 0, ~N[2025-09-11 20:25:25], ~N[2025-09-11 20:25:25]]
14:25:25.756 [debug] QUERY OK source="api_keys" db=0.8ms
INSERT INTO "api_keys" ("active","name","permissions","key","customer_id","inserted_at","updated_at") VALUES ($1,$2,$3,$4,$5,$6,$7) RETURNING "id" [true, "Test Key", ["full_access"], "rsolv_Qqi13075fEr0svKuv1GZThy2P6e5pHhlvhmdomgRwes", 72095, ~U[2025-09-11 20:25:25Z], ~U[2025-09-11 20:25:25Z]]
14:25:25.757 request_id=GGRUMWgMGCjkVXMAACCM [info] POST /api/v1/vulnerabilities/validate
14:25:25.757 request_id=GGRUMWgMGCjkVXMAACCM [debug] Processing with RsolvWeb.Api.V1.VulnerabilityValidationRouter.validate/2
  Parameters: %{"files" => %{"test.js" => "// Line 1\neval(x);\n// More code"}, "vulnerabilities" => [%{"code" => "eval(x)", "filePath" => "test.js", "id" => "vuln-clear", "line" => 1, "patternId" => "js-eval-injection", "severity" => "critical"}]}
  Pipelines: [:api]
14:25:25.757 request_id=GGRUMWgMGCjkVXMAACCM [debug] QUERY OK source="fun_with_flags_toggles" db=0.1ms
SELECT f0."id", f0."flag_name", f0."gate_type", f0."target", f0."enabled" FROM "fun_with_flags_toggles" AS f0 WHERE (f0."flag_name" = $1) ["false_positive_caching"]
14:25:25.757 request_id=GGRUMWgMGCjkVXMAACCM [debug] Telemetry event: [:fun_with_flags, :persistence, :read], metadata: %{flag_name: :false_positive_caching, gate: nil}, measurements: %{system_time: 1757622325757691391}
14:25:25.757 request_id=GGRUMWgMGCjkVXMAACCM [debug] Using standard validation controller (feature flag disabled)
14:25:25.757 request_id=GGRUMWgMGCjkVXMAACCM [debug] QUERY OK source="api_keys" db=0.0ms
SELECT a0."id", a0."key", a0."name", a0."permissions", a0."active", a0."last_used_at", a0."expires_at", a0."customer_id", a0."inserted_at", a0."updated_at" FROM "api_keys" AS a0 WHERE ((a0."key" = $1) AND (a0."active" = $2)) ["rsolv_Qqi13075fEr0svKuv1GZThy2P6e5pHhlvhmdomgRwes", true]
14:25:25.757 request_id=GGRUMWgMGCjkVXMAACCM [debug] QUERY OK source="customers" db=0.0ms
SELECT c0."id", c0."name", c0."email", c0."monthly_limit", c0."current_usage", c0."active", c0."metadata", c0."password_hash", c0."is_staff", c0."admin_level", c0."trial_fixes_used", c0."trial_fixes_limit", c0."stripe_customer_id", c0."subscription_plan", c0."subscription_status", c0."rollover_fixes", c0."payment_method_added_at", c0."trial_expired_at", c0."fixes_used_this_month", c0."fixes_quota_this_month", c0."has_payment_method", c0."inserted_at", c0."updated_at" FROM "customers" AS c0 WHERE (c0."id" = $1) [72095]
14:25:25.758 request_id=GGRUMWgMGCjkVXMAACCM [info] Sent 200 in 904µs
14:25:25.758 request_id=GGRUMWgbFHjkVXMAACEM [info] POST /api/v1/vulnerabilities/validate
14:25:25.758 request_id=GGRUMWgbFHjkVXMAACEM [debug] Processing with RsolvWeb.Api.V1.VulnerabilityValidationRouter.validate/2
  Parameters: %{"files" => %{"test.js" => "// Line 1\neval(x);\n// More code"}, "vulnerabilities" => [%{"code" => "eval(x)", "filePath" => "test.js", "id" => "vuln-clear", "line" => 1, "patternId" => "js-eval-injection", "severity" => "critical"}]}
  Pipelines: [:api]
14:25:25.758 request_id=GGRUMWgbFHjkVXMAACEM [debug] QUERY OK source="fun_with_flags_toggles" db=0.0ms
SELECT f0."id", f0."flag_name", f0."gate_type", f0."target", f0."enabled" FROM "fun_with_flags_toggles" AS f0 WHERE (f0."flag_name" = $1) ["false_positive_caching"]
14:25:25.758 request_id=GGRUMWgbFHjkVXMAACEM [debug] Telemetry event: [:fun_with_flags, :persistence, :read], metadata: %{flag_name: :false_positive_caching, gate: nil}, measurements: %{system_time: 1757622325758222728}
14:25:25.758 request_id=GGRUMWgbFHjkVXMAACEM [debug] Using standard validation controller (feature flag disabled)
14:25:25.758 request_id=GGRUMWgbFHjkVXMAACEM [debug] QUERY OK source="api_keys" db=0.0ms
SELECT a0."id", a0."key", a0."name", a0."permissions", a0."active", a0."last_used_at", a0."expires_at", a0."customer_id", a0."inserted_at", a0."updated_at" FROM "api_keys" AS a0 WHERE ((a0."key" = $1) AND (a0."active" = $2)) ["rsolv_Qqi13075fEr0svKuv1GZThy2P6e5pHhlvhmdomgRwes", true]
14:25:25.758 request_id=GGRUMWgbFHjkVXMAACEM [debug] QUERY OK source="customers" db=0.0ms
SELECT c0."id", c0."name", c0."email", c0."monthly_limit", c0."current_usage", c0."active", c0."metadata", c0."password_hash", c0."is_staff", c0."admin_level", c0."trial_fixes_used", c0."trial_fixes_limit", c0."stripe_customer_id", c0."subscription_plan", c0."subscription_status", c0."rollover_fixes", c0."payment_method_added_at", c0."trial_expired_at", c0."fixes_used_this_month", c0."fixes_quota_this_month", c0."has_payment_method", c0."inserted_at", c0."updated_at" FROM "customers" AS c0 WHERE (c0."id" = $1) [72095]
14:25:25.758 request_id=GGRUMWgbFHjkVXMAACEM [info] Sent 200 in 413µs
.14:25:25.759 [debug] QUERY OK source="customers" db=0.2ms
INSERT INTO "customers" ("active","name","metadata","email","is_staff","subscription_plan","monthly_limit","current_usage","fixes_quota_this_month","fixes_used_this_month","has_payment_method","rollover_fixes","subscription_status","trial_fixes_limit","trial_fixes_used","inserted_at","updated_at") VALUES ($1,$2,$3,$4,$5,$6,$7,$8,$9,$10,$11,$12,$13,$14,$15,$16,$17) RETURNING "id" [true, "Test Customer 11784", %{}, "test11784@example.com", false, "trial", 100, 15, 0, 0, false, 0, "active", 5, 0, ~N[2025-09-11 20:25:25], ~N[2025-09-11 20:25:25]]
14:25:25.765 [debug] QUERY OK source="api_keys" db=6.6ms
INSERT INTO "api_keys" ("active","name","permissions","key","customer_id","inserted_at","updated_at") VALUES ($1,$2,$3,$4,$5,$6,$7) RETURNING "id" [true, "Test Key", ["full_access"], "rsolv_kqiuFKbTF_KfRpFVvBqt1yyoA9h3-NJ9mi04YEAwsSQ", 72096, ~U[2025-09-11 20:25:25Z], ~U[2025-09-11 20:25:25Z]]
14:25:25.766 request_id=GGRUMWiWLB-3V24AADUD [info] POST /api/v1/vulnerabilities/validate
14:25:25.766 request_id=GGRUMWiWLB-3V24AADUD [debug] Processing with RsolvWeb.Api.V1.VulnerabilityValidationRouter.validate/2
  Parameters: %{"files" => %{"app/routes/test.js" => "const userInput = req.body.expr;\neval(userInput);"}, "vulnerabilities" => [%{"code" => "eval(userInput)", "filePath" => "app/routes/test.js", "id" => "vuln-123", "line" => 42, "patternId" => "js-eval-injection", "severity" => "critical"}]}
  Pipelines: [:api]
14:25:25.767 request_id=GGRUMWiWLB-3V24AADUD [debug] QUERY OK source="fun_with_flags_toggles" db=0.3ms queue=0.1ms
SELECT f0."id", f0."flag_name", f0."gate_type", f0."target", f0."enabled" FROM "fun_with_flags_toggles" AS f0 WHERE (f0."flag_name" = $1) ["false_positive_caching"]
14:25:25.767 request_id=GGRUMWiWLB-3V24AADUD [debug] Telemetry event: [:fun_with_flags, :persistence, :read], metadata: %{flag_name: :false_positive_caching, gate: nil}, measurements: %{system_time: 1757622325767058613}
14:25:25.767 request_id=GGRUMWiWLB-3V24AADUD [debug] Using standard validation controller (feature flag disabled)
14:25:25.767 request_id=GGRUMWiWLB-3V24AADUD [debug] QUERY OK source="api_keys" db=0.3ms
SELECT a0."id", a0."key", a0."name", a0."permissions", a0."active", a0."last_used_at", a0."expires_at", a0."customer_id", a0."inserted_at", a0."updated_at" FROM "api_keys" AS a0 WHERE ((a0."key" = $1) AND (a0."active" = $2)) ["rsolv_kqiuFKbTF_KfRpFVvBqt1yyoA9h3-NJ9mi04YEAwsSQ", true]
14:25:25.768 request_id=GGRUMWiWLB-3V24AADUD [debug] QUERY OK source="customers" db=0.3ms
SELECT c0."id", c0."name", c0."email", c0."monthly_limit", c0."current_usage", c0."active", c0."metadata", c0."password_hash", c0."is_staff", c0."admin_level", c0."trial_fixes_used", c0."trial_fixes_limit", c0."stripe_customer_id", c0."subscription_plan", c0."subscription_status", c0."rollover_fixes", c0."payment_method_added_at", c0."trial_expired_at", c0."fixes_used_this_month", c0."fixes_quota_this_month", c0."has_payment_method", c0."inserted_at", c0."updated_at" FROM "customers" AS c0 WHERE (c0."id" = $1) [72096]
14:25:25.768 request_id=GGRUMWiWLB-3V24AADUD [info] Sent 200 in 2ms
14:25:25.768 request_id=GGRUMWi8y3W3V24AADWD [info] POST /api/v1/vulnerabilities/validate
14:25:25.768 request_id=GGRUMWi8y3W3V24AADWD [debug] Processing with RsolvWeb.Api.V1.VulnerabilityValidationRouter.validate/2
  Parameters: %{"files" => %{"app/routes/test.js" => "const userInput = req.body.expr;\neval(userInput);"}, "vulnerabilities" => [%{"code" => "eval(userInput)", "filePath" => "app/routes/test.js", "id" => "vuln-123", "line" => 42, "patternId" => "js-eval-injection", "severity" => "critical"}]}
  Pipelines: [:api]
14:25:25.769 request_id=GGRUMWi8y3W3V24AADWD [debug] QUERY OK source="fun_with_flags_toggles" db=0.3ms
SELECT f0."id", f0."flag_name", f0."gate_type", f0."target", f0."enabled" FROM "fun_with_flags_toggles" AS f0 WHERE (f0."flag_name" = $1) ["false_positive_caching"]
14:25:25.769 request_id=GGRUMWi8y3W3V24AADWD [debug] Telemetry event: [:fun_with_flags, :persistence, :read], metadata: %{flag_name: :false_positive_caching, gate: nil}, measurements: %{system_time: 1757622325769553871}
14:25:25.769 request_id=GGRUMWi8y3W3V24AADWD [debug] Using standard validation controller (feature flag disabled)
14:25:25.770 request_id=GGRUMWi8y3W3V24AADWD [debug] QUERY OK source="api_keys" db=0.2ms
SELECT a0."id", a0."key", a0."name", a0."permissions", a0."active", a0."last_used_at", a0."expires_at", a0."customer_id", a0."inserted_at", a0."updated_at" FROM "api_keys" AS a0 WHERE ((a0."key" = $1) AND (a0."active" = $2)) ["rsolv_kqiuFKbTF_KfRpFVvBqt1yyoA9h3-NJ9mi04YEAwsSQ", true]
14:25:25.770 request_id=GGRUMWi8y3W3V24AADWD [debug] QUERY OK source="customers" db=0.1ms
SELECT c0."id", c0."name", c0."email", c0."monthly_limit", c0."current_usage", c0."active", c0."metadata", c0."password_hash", c0."is_staff", c0."admin_level", c0."trial_fixes_used", c0."trial_fixes_limit", c0."stripe_customer_id", c0."subscription_plan", c0."subscription_status", c0."rollover_fixes", c0."payment_method_added_at", c0."trial_expired_at", c0."fixes_used_this_month", c0."fixes_quota_this_month", c0."has_payment_method", c0."inserted_at", c0."updated_at" FROM "customers" AS c0 WHERE (c0."id" = $1) [72096]
14:25:25.770 request_id=GGRUMWi8y3W3V24AADWD [info] Sent 200 in 1ms
.14:25:25.773 [debug] QUERY OK source="customers" db=0.6ms
INSERT INTO "customers" ("active","name","metadata","email","is_staff","subscription_plan","monthly_limit","current_usage","fixes_quota_this_month","fixes_used_this_month","has_payment_method","rollover_fixes","subscription_status","trial_fixes_limit","trial_fixes_used","inserted_at","updated_at") VALUES ($1,$2,$3,$4,$5,$6,$7,$8,$9,$10,$11,$12,$13,$14,$15,$16,$17) RETURNING "id" [true, "Test Customer 8589", %{}, "test8589@example.com", false, "trial", 100, 15, 0, 0, false, 0, "active", 5, 0, ~N[2025-09-11 20:25:25], ~N[2025-09-11 20:25:25]]
14:25:25.774 [debug] QUERY OK source="api_keys" db=0.6ms
INSERT INTO "api_keys" ("active","name","permissions","key","customer_id","inserted_at","updated_at") VALUES ($1,$2,$3,$4,$5,$6,$7) RETURNING "id" [true, "Test Key", ["full_access"], "rsolv_kFyk240z43Ty_HA4Bi5bm9U_BCPyx3McD-YUSs-uL-w", 72097, ~U[2025-09-11 20:25:25Z], ~U[2025-09-11 20:25:25Z]]
14:25:25.774 request_id=GGRUMWkQQyT9ktAAACIM [info] POST /api/v1/vulnerabilities/validate
14:25:25.774 request_id=GGRUMWkQQyT9ktAAACIM [debug] Processing with RsolvWeb.Api.V1.VulnerabilityValidationRouter.validate/2
  Parameters: %{"files" => %{"a.js" => "eval(x);", "b.js" => "eval(y);"}, "vulnerabilities" => [%{"code" => "eval(x)", "filePath" => "a.js", "id" => "vuln-1", "line" => 1, "patternId" => "eval", "severity" => "critical"}, %{"code" => "eval(y)", "filePath" => "b.js", "id" => "vuln-2", "line" => 2, "patternId" => "eval", "severity" => "critical"}, %{"code" => "eval(x)", "filePath" => "a.js", "id" => "vuln-3", "line" => 1, "patternId" => "eval", "severity" => "critical"}, %{"code" => "eval(y)", "filePath" => "b.js", "id" => "vuln-4", "line" => 2, "patternId" => "eval", "severity" => "critical"}]}
  Pipelines: [:api]
14:25:25.774 request_id=GGRUMWkQQyT9ktAAACIM [debug] QUERY OK source="fun_with_flags_toggles" db=0.1ms
SELECT f0."id", f0."flag_name", f0."gate_type", f0."target", f0."enabled" FROM "fun_with_flags_toggles" AS f0 WHERE (f0."flag_name" = $1) ["false_positive_caching"]
14:25:25.774 request_id=GGRUMWkQQyT9ktAAACIM [debug] Telemetry event: [:fun_with_flags, :persistence, :read], metadata: %{flag_name: :false_positive_caching, gate: nil}, measurements: %{system_time: 1757622325774814643}
14:25:25.774 request_id=GGRUMWkQQyT9ktAAACIM [debug] Using standard validation controller (feature flag disabled)
14:25:25.775 request_id=GGRUMWkQQyT9ktAAACIM [debug] QUERY OK source="api_keys" db=0.6ms
SELECT a0."id", a0."key", a0."name", a0."permissions", a0."active", a0."last_used_at", a0."expires_at", a0."customer_id", a0."inserted_at", a0."updated_at" FROM "api_keys" AS a0 WHERE ((a0."key" = $1) AND (a0."active" = $2)) ["rsolv_kFyk240z43Ty_HA4Bi5bm9U_BCPyx3McD-YUSs-uL-w", true]
14:25:25.776 request_id=GGRUMWkQQyT9ktAAACIM [debug] QUERY OK source="customers" db=0.3ms
SELECT c0."id", c0."name", c0."email", c0."monthly_limit", c0."current_usage", c0."active", c0."metadata", c0."password_hash", c0."is_staff", c0."admin_level", c0."trial_fixes_used", c0."trial_fixes_limit", c0."stripe_customer_id", c0."subscription_plan", c0."subscription_status", c0."rollover_fixes", c0."payment_method_added_at", c0."trial_expired_at", c0."fixes_used_this_month", c0."fixes_quota_this_month", c0."has_payment_method", c0."inserted_at", c0."updated_at" FROM "customers" AS c0 WHERE (c0."id" = $1) [72097]
14:25:25.776 request_id=GGRUMWkQQyT9ktAAACIM [info] Sent 200 in 2ms
.14:25:25.777 [debug] QUERY OK source="customers" db=0.3ms
INSERT INTO "customers" ("active","name","metadata","email","is_staff","subscription_plan","monthly_limit","current_usage","fixes_quota_this_month","fixes_used_this_month","has_payment_method","rollover_fixes","subscription_status","trial_fixes_limit","trial_fixes_used","inserted_at","updated_at") VALUES ($1,$2,$3,$4,$5,$6,$7,$8,$9,$10,$11,$12,$13,$14,$15,$16,$17) RETURNING "id" [true, "Test Customer 11022", %{}, "test11022@example.com", false, "trial", 100, 15, 0, 0, false, 0, "active", 5, 0, ~N[2025-09-11 20:25:25], ~N[2025-09-11 20:25:25]]
14:25:25.778 [debug] QUERY OK source="api_keys" db=0.3ms
INSERT INTO "api_keys" ("active","name","permissions","key","customer_id","inserted_at","updated_at") VALUES ($1,$2,$3,$4,$5,$6,$7) RETURNING "id" [true, "Test Key", ["full_access"], "rsolv_O8FEZgSwq-ven6V7q5rGOydShHMEZFItv3AIYGMoQJE", 72098, ~U[2025-09-11 20:25:25Z], ~U[2025-09-11 20:25:25Z]]
14:25:25.778 request_id=GGRUMWlRRJ6zAoMAACuN [info] POST /api/v1/vulnerabilities/validate
14:25:25.778 request_id=GGRUMWlRRJ6zAoMAACuN [debug] Processing with RsolvWeb.Api.V1.VulnerabilityValidationRouter.validate/2
  Parameters: %{"files" => %{"test.js" => "// Line 1\neval(userInput);\n// More code"}, "vulnerabilities" => [%{"code" => "eval(userInput)", "filePath" => "test.js", "id" => "vuln-1", "line" => 42, "patternId" => "js-eval-injection", "severity" => "critical"}]}
  Pipelines: [:api]
14:25:25.778 request_id=GGRUMWlRRJ6zAoMAACuN [debug] QUERY OK source="fun_with_flags_toggles" db=0.1ms
SELECT f0."id", f0."flag_name", f0."gate_type", f0."target", f0."enabled" FROM "fun_with_flags_toggles" AS f0 WHERE (f0."flag_name" = $1) ["false_positive_caching"]
14:25:25.778 request_id=GGRUMWlRRJ6zAoMAACuN [debug] Telemetry event: [:fun_with_flags, :persistence, :read], metadata: %{flag_name: :false_positive_caching, gate: nil}, measurements: %{system_time: 1757622325778873777}
14:25:25.778 request_id=GGRUMWlRRJ6zAoMAACuN [debug] Using standard validation controller (feature flag disabled)
14:25:25.779 request_id=GGRUMWlRRJ6zAoMAACuN [debug] QUERY OK source="api_keys" db=0.1ms
SELECT a0."id", a0."key", a0."name", a0."permissions", a0."active", a0."last_used_at", a0."expires_at", a0."customer_id", a0."inserted_at", a0."updated_at" FROM "api_keys" AS a0 WHERE ((a0."key" = $1) AND (a0."active" = $2)) ["rsolv_O8FEZgSwq-ven6V7q5rGOydShHMEZFItv3AIYGMoQJE", true]
14:25:25.779 request_id=GGRUMWlRRJ6zAoMAACuN [debug] QUERY OK source="customers" db=0.1ms
SELECT c0."id", c0."name", c0."email", c0."monthly_limit", c0."current_usage", c0."active", c0."metadata", c0."password_hash", c0."is_staff", c0."admin_level", c0."trial_fixes_used", c0."trial_fixes_limit", c0."stripe_customer_id", c0."subscription_plan", c0."subscription_status", c0."rollover_fixes", c0."payment_method_added_at", c0."trial_expired_at", c0."fixes_used_this_month", c0."fixes_quota_this_month", c0."has_payment_method", c0."inserted_at", c0."updated_at" FROM "customers" AS c0 WHERE (c0."id" = $1) [72098]
14:25:25.779 request_id=GGRUMWlRRJ6zAoMAACuN [info] Sent 200 in 1ms
14:25:25.779 request_id=GGRUMWlmQjazAoMAACwN [info] POST /api/v1/vulnerabilities/validate
14:25:25.779 request_id=GGRUMWlmQjazAoMAACwN [debug] Processing with RsolvWeb.Api.V1.VulnerabilityValidationRouter.validate/2
  Parameters: %{"files" => %{"test.js" => "// Line 1\neval(userInput);\n// More code"}, "vulnerabilities" => [%{"code" => "eval(userInput)", "filePath" => "test.js", "id" => "vuln-1", "line" => 43, "patternId" => "js-eval-injection", "severity" => "critical"}]}
  Pipelines: [:api]
14:25:25.780 request_id=GGRUMWlmQjazAoMAACwN [debug] QUERY OK source="fun_with_flags_toggles" db=0.0ms
SELECT f0."id", f0."flag_name", f0."gate_type", f0."target", f0."enabled" FROM "fun_with_flags_toggles" AS f0 WHERE (f0."flag_name" = $1) ["false_positive_caching"]
14:25:25.780 request_id=GGRUMWlmQjazAoMAACwN [debug] Telemetry event: [:fun_with_flags, :persistence, :read], metadata: %{flag_name: :false_positive_caching, gate: nil}, measurements: %{system_time: 1757622325780137880}
14:25:25.780 request_id=GGRUMWlmQjazAoMAACwN [debug] Using standard validation controller (feature flag disabled)
14:25:25.780 request_id=GGRUMWlmQjazAoMAACwN [debug] QUERY OK source="api_keys" db=0.1ms
SELECT a0."id", a0."key", a0."name", a0."permissions", a0."active", a0."last_used_at", a0."expires_at", a0."customer_id", a0."inserted_at", a0."updated_at" FROM "api_keys" AS a0 WHERE ((a0."key" = $1) AND (a0."active" = $2)) ["rsolv_O8FEZgSwq-ven6V7q5rGOydShHMEZFItv3AIYGMoQJE", true]
14:25:25.780 request_id=GGRUMWlmQjazAoMAACwN [debug] QUERY OK source="customers" db=0.1ms
SELECT c0."id", c0."name", c0."email", c0."monthly_limit", c0."current_usage", c0."active", c0."metadata", c0."password_hash", c0."is_staff", c0."admin_level", c0."trial_fixes_used", c0."trial_fixes_limit", c0."stripe_customer_id", c0."subscription_plan", c0."subscription_status", c0."rollover_fixes", c0."payment_method_added_at", c0."trial_expired_at", c0."fixes_used_this_month", c0."fixes_quota_this_month", c0."has_payment_method", c0."inserted_at", c0."updated_at" FROM "customers" AS c0 WHERE (c0."id" = $1) [72098]
14:25:25.780 request_id=GGRUMWlmQjazAoMAACwN [info] Sent 200 in 909µs
.14:25:25.781 [debug] QUERY OK source="customers" db=0.1ms
INSERT INTO "customers" ("active","name","metadata","email","is_staff","subscription_plan","monthly_limit","current_usage","fixes_quota_this_month","fixes_used_this_month","has_payment_method","rollover_fixes","subscription_status","trial_fixes_limit","trial_fixes_used","inserted_at","updated_at") VALUES ($1,$2,$3,$4,$5,$6,$7,$8,$9,$10,$11,$12,$13,$14,$15,$16,$17) RETURNING "id" [true, "Test Customer 8845", %{}, "test8845@example.com", false, "trial", 100, 15, 0, 0, false, 0, "active", 5, 0, ~N[2025-09-11 20:25:25], ~N[2025-09-11 20:25:25]]
14:25:25.781 [debug] QUERY OK source="api_keys" db=0.1ms
INSERT INTO "api_keys" ("active","name","permissions","key","customer_id","inserted_at","updated_at") VALUES ($1,$2,$3,$4,$5,$6,$7) RETURNING "id" [true, "Test Key", ["full_access"], "rsolv_MR465N-N882zNx0Vf_mXlwGMB2cUexJ_YjhK2N64XXY", 72099, ~U[2025-09-11 20:25:25Z], ~U[2025-09-11 20:25:25Z]]
14:25:25.781 request_id=GGRUMWmExYbMDpMAACyN [info] POST /api/v1/vulnerabilities/validate
14:25:25.781 request_id=GGRUMWmExYbMDpMAACyN [debug] Processing with RsolvWeb.Api.V1.VulnerabilityValidationRouter.validate/2
  Parameters: %{"files" => %{"test.js" => "// Line 1\neval(x1);\n// More code"}, "vulnerabilities" => [%{"code" => "eval(x1)", "filePath" => "test.js", "id" => "vuln-1", "line" => 1, "patternId" => "js-eval-injection", "severity" => "critical"}]}
  Pipelines: [:api]
14:25:25.782 request_id=GGRUMWmExYbMDpMAACyN [debug] QUERY OK source="fun_with_flags_toggles" db=0.0ms
SELECT f0."id", f0."flag_name", f0."gate_type", f0."target", f0."enabled" FROM "fun_with_flags_toggles" AS f0 WHERE (f0."flag_name" = $1) ["false_positive_caching"]
14:25:25.782 request_id=GGRUMWmExYbMDpMAACyN [debug] Telemetry event: [:fun_with_flags, :persistence, :read], metadata: %{flag_name: :false_positive_caching, gate: nil}, measurements: %{system_time: 1757622325782037453}
14:25:25.782 request_id=GGRUMWmExYbMDpMAACyN [debug] Using standard validation controller (feature flag disabled)
14:25:25.782 request_id=GGRUMWmExYbMDpMAACyN [debug] QUERY OK source="api_keys" db=0.0ms
SELECT a0."id", a0."key", a0."name", a0."permissions", a0."active", a0."last_used_at", a0."expires_at", a0."customer_id", a0."inserted_at", a0."updated_at" FROM "api_keys" AS a0 WHERE ((a0."key" = $1) AND (a0."active" = $2)) ["rsolv_MR465N-N882zNx0Vf_mXlwGMB2cUexJ_YjhK2N64XXY", true]
14:25:25.782 request_id=GGRUMWmExYbMDpMAACyN [debug] QUERY OK source="customers" db=0.0ms
SELECT c0."id", c0."name", c0."email", c0."monthly_limit", c0."current_usage", c0."active", c0."metadata", c0."password_hash", c0."is_staff", c0."admin_level", c0."trial_fixes_used", c0."trial_fixes_limit", c0."stripe_customer_id", c0."subscription_plan", c0."subscription_status", c0."rollover_fixes", c0."payment_method_added_at", c0."trial_expired_at", c0."fixes_used_this_month", c0."fixes_quota_this_month", c0."has_payment_method", c0."inserted_at", c0."updated_at" FROM "customers" AS c0 WHERE (c0."id" = $1) [72099]
14:25:25.782 request_id=GGRUMWmExYbMDpMAACyN [info] Sent 200 in 672µs
14:25:25.782 request_id=GGRUMWmQQVnMDpMAACMM [info] POST /api/v1/vulnerabilities/validate
14:25:25.782 request_id=GGRUMWmQQVnMDpMAACMM [debug] Processing with RsolvWeb.Api.V1.VulnerabilityValidationRouter.validate/2
  Parameters: %{"files" => %{"test.js" => "// Line 1\neval(x2);\n// More code"}, "vulnerabilities" => [%{"code" => "eval(x2)", "filePath" => "test.js", "id" => "vuln-2", "line" => 2, "patternId" => "js-eval-injection", "severity" => "critical"}]}
  Pipelines: [:api]
14:25:25.782 request_id=GGRUMWmQQVnMDpMAACMM [debug] QUERY OK source="fun_with_flags_toggles" db=0.0ms
SELECT f0."id", f0."flag_name", f0."gate_type", f0."target", f0."enabled" FROM "fun_with_flags_toggles" AS f0 WHERE (f0."flag_name" = $1) ["false_positive_caching"]
14:25:25.782 request_id=GGRUMWmQQVnMDpMAACMM [debug] Telemetry event: [:fun_with_flags, :persistence, :read], metadata: %{flag_name: :false_positive_caching, gate: nil}, measurements: %{system_time: 1757622325782747428}
14:25:25.782 request_id=GGRUMWmQQVnMDpMAACMM [debug] Using standard validation controller (feature flag disabled)
14:25:25.782 request_id=GGRUMWmQQVnMDpMAACMM [debug] QUERY OK source="api_keys" db=0.0ms
SELECT a0."id", a0."key", a0."name", a0."permissions", a0."active", a0."last_used_at", a0."expires_at", a0."customer_id", a0."inserted_at", a0."updated_at" FROM "api_keys" AS a0 WHERE ((a0."key" = $1) AND (a0."active" = $2)) ["rsolv_MR465N-N882zNx0Vf_mXlwGMB2cUexJ_YjhK2N64XXY", true]
14:25:25.782 request_id=GGRUMWmQQVnMDpMAACMM [debug] QUERY OK source="customers" db=0.0ms
SELECT c0."id", c0."name", c0."email", c0."monthly_limit", c0."current_usage", c0."active", c0."metadata", c0."password_hash", c0."is_staff", c0."admin_level", c0."trial_fixes_used", c0."trial_fixes_limit", c0."stripe_customer_id", c0."subscription_plan", c0."subscription_status", c0."rollover_fixes", c0."payment_method_added_at", c0."trial_expired_at", c0."fixes_used_this_month", c0."fixes_quota_this_month", c0."has_payment_method", c0."inserted_at", c0."updated_at" FROM "customers" AS c0 WHERE (c0."id" = $1) [72099]
14:25:25.783 request_id=GGRUMWmQQVnMDpMAACMM [info] Sent 200 in 561µs
14:25:25.783 request_id=GGRUMWmZxm3MDpMAACOM [info] POST /api/v1/vulnerabilities/validate
14:25:25.783 request_id=GGRUMWmZxm3MDpMAACOM [debug] Processing with RsolvWeb.Api.V1.VulnerabilityValidationRouter.validate/2
  Parameters: %{"files" => %{"test.js" => "// Line 1\neval(x3);\n// More code"}, "vulnerabilities" => [%{"code" => "eval(x3)", "filePath" => "test.js", "id" => "vuln-3", "line" => 3, "patternId" => "js-eval-injection", "severity" => "critical"}]}
  Pipelines: [:api]
14:25:25.783 request_id=GGRUMWmZxm3MDpMAACOM [debug] QUERY OK source="fun_with_flags_toggles" db=0.0ms
SELECT f0."id", f0."flag_name", f0."gate_type", f0."target", f0."enabled" FROM "fun_with_flags_toggles" AS f0 WHERE (f0."flag_name" = $1) ["false_positive_caching"]
14:25:25.783 request_id=GGRUMWmZxm3MDpMAACOM [debug] Telemetry event: [:fun_with_flags, :persistence, :read], metadata: %{flag_name: :false_positive_caching, gate: nil}, measurements: %{system_time: 1757622325783335944}
14:25:25.783 request_id=GGRUMWmZxm3MDpMAACOM [debug] Using standard validation controller (feature flag disabled)
14:25:25.783 request_id=GGRUMWmZxm3MDpMAACOM [debug] QUERY OK source="api_keys" db=0.0ms
SELECT a0."id", a0."key", a0."name", a0."permissions", a0."active", a0."last_used_at", a0."expires_at", a0."customer_id", a0."inserted_at", a0."updated_at" FROM "api_keys" AS a0 WHERE ((a0."key" = $1) AND (a0."active" = $2)) ["rsolv_MR465N-N882zNx0Vf_mXlwGMB2cUexJ_YjhK2N64XXY", true]
14:25:25.783 request_id=GGRUMWmZxm3MDpMAACOM [debug] QUERY OK source="customers" db=0.0ms
SELECT c0."id", c0."name", c0."email", c0."monthly_limit", c0."current_usage", c0."active", c0."metadata", c0."password_hash", c0."is_staff", c0."admin_level", c0."trial_fixes_used", c0."trial_fixes_limit", c0."stripe_customer_id", c0."subscription_plan", c0."subscription_status", c0."rollover_fixes", c0."payment_method_added_at", c0."trial_expired_at", c0."fixes_used_this_month", c0."fixes_quota_this_month", c0."has_payment_method", c0."inserted_at", c0."updated_at" FROM "customers" AS c0 WHERE (c0."id" = $1) [72099]
14:25:25.783 request_id=GGRUMWmZxm3MDpMAACOM [info] Sent 200 in 555µs
14:25:25.783 request_id=GGRUMWmjfu_MDpMAAGsB [info] POST /api/v1/vulnerabilities/validate
14:25:25.783 request_id=GGRUMWmjfu_MDpMAAGsB [debug] Processing with RsolvWeb.Api.V1.VulnerabilityValidationRouter.validate/2
  Parameters: %{"files" => %{"test.js" => "// Line 1\neval(x1);\n// More code"}, "vulnerabilities" => [%{"code" => "eval(x1)", "filePath" => "test.js", "id" => "vuln-1", "line" => 1, "patternId" => "js-eval-injection", "severity" => "critical"}]}
  Pipelines: [:api]
14:25:25.784 request_id=GGRUMWmjfu_MDpMAAGsB [debug] QUERY OK source="fun_with_flags_toggles" db=0.0ms
SELECT f0."id", f0."flag_name", f0."gate_type", f0."target", f0."enabled" FROM "fun_with_flags_toggles" AS f0 WHERE (f0."flag_name" = $1) ["false_positive_caching"]
14:25:25.784 request_id=GGRUMWmjfu_MDpMAAGsB [debug] Telemetry event: [:fun_with_flags, :persistence, :read], metadata: %{flag_name: :false_positive_caching, gate: nil}, measurements: %{system_time: 1757622325784020408}
14:25:25.784 request_id=GGRUMWmjfu_MDpMAAGsB [debug] Using standard validation controller (feature flag disabled)
14:25:25.784 request_id=GGRUMWmjfu_MDpMAAGsB [debug] QUERY OK source="api_keys" db=0.0ms
SELECT a0."id", a0."key", a0."name", a0."permissions", a0."active", a0."last_used_at", a0."expires_at", a0."customer_id", a0."inserted_at", a0."updated_at" FROM "api_keys" AS a0 WHERE ((a0."key" = $1) AND (a0."active" = $2)) ["rsolv_MR465N-N882zNx0Vf_mXlwGMB2cUexJ_YjhK2N64XXY", true]
14:25:25.784 request_id=GGRUMWmjfu_MDpMAAGsB [debug] QUERY OK source="customers" db=0.1ms
SELECT c0."id", c0."name", c0."email", c0."monthly_limit", c0."current_usage", c0."active", c0."metadata", c0."password_hash", c0."is_staff", c0."admin_level", c0."trial_fixes_used", c0."trial_fixes_limit", c0."stripe_customer_id", c0."subscription_plan", c0."subscription_status", c0."rollover_fixes", c0."payment_method_added_at", c0."trial_expired_at", c0."fixes_used_this_month", c0."fixes_quota_this_month", c0."has_payment_method", c0."inserted_at", c0."updated_at" FROM "customers" AS c0 WHERE (c0."id" = $1) [72099]
14:25:25.784 request_id=GGRUMWmjfu_MDpMAAGsB [info] Sent 200 in 626µs
14:25:25.784 request_id=GGRUMWmtzIbMDpMAAGuB [info] POST /api/v1/vulnerabilities/validate
14:25:25.784 request_id=GGRUMWmtzIbMDpMAAGuB [debug] Processing with RsolvWeb.Api.V1.VulnerabilityValidationRouter.validate/2
  Parameters: %{"files" => %{"test.js" => "// Line 1\neval(x2);\n// More code"}, "vulnerabilities" => [%{"code" => "eval(x2)", "filePath" => "test.js", "id" => "vuln-2", "line" => 2, "patternId" => "js-eval-injection", "severity" => "critical"}]}
  Pipelines: [:api]
14:25:25.784 request_id=GGRUMWmtzIbMDpMAAGuB [debug] QUERY OK source="fun_with_flags_toggles" db=0.0ms
SELECT f0."id", f0."flag_name", f0."gate_type", f0."target", f0."enabled" FROM "fun_with_flags_toggles" AS f0 WHERE (f0."flag_name" = $1) ["false_positive_caching"]
14:25:25.784 request_id=GGRUMWmtzIbMDpMAAGuB [debug] Telemetry event: [:fun_with_flags, :persistence, :read], metadata: %{flag_name: :false_positive_caching, gate: nil}, measurements: %{system_time: 1757622325784660659}
14:25:25.784 request_id=GGRUMWmtzIbMDpMAAGuB [debug] Using standard validation controller (feature flag disabled)
14:25:25.784 request_id=GGRUMWmtzIbMDpMAAGuB [debug] QUERY OK source="api_keys" db=0.0ms
SELECT a0."id", a0."key", a0."name", a0."permissions", a0."active", a0."last_used_at", a0."expires_at", a0."customer_id", a0."inserted_at", a0."updated_at" FROM "api_keys" AS a0 WHERE ((a0."key" = $1) AND (a0."active" = $2)) ["rsolv_MR465N-N882zNx0Vf_mXlwGMB2cUexJ_YjhK2N64XXY", true]
14:25:25.784 request_id=GGRUMWmtzIbMDpMAAGuB [debug] QUERY OK source="customers" db=0.0ms
SELECT c0."id", c0."name", c0."email", c0."monthly_limit", c0."current_usage", c0."active", c0."metadata", c0."password_hash", c0."is_staff", c0."admin_level", c0."trial_fixes_used", c0."trial_fixes_limit", c0."stripe_customer_id", c0."subscription_plan", c0."subscription_status", c0."rollover_fixes", c0."payment_method_added_at", c0."trial_expired_at", c0."fixes_used_this_month", c0."fixes_quota_this_month", c0."has_payment_method", c0."inserted_at", c0."updated_at" FROM "customers" AS c0 WHERE (c0."id" = $1) [72099]
14:25:25.784 request_id=GGRUMWmtzIbMDpMAAGuB [info] Sent 200 in 495µs
14:25:25.785 request_id=GGRUMWm2KN3MDpMAAC0N [info] POST /api/v1/vulnerabilities/validate
14:25:25.785 request_id=GGRUMWm2KN3MDpMAAC0N [debug] Processing with RsolvWeb.Api.V1.VulnerabilityValidationRouter.validate/2
  Parameters: %{"files" => %{"test.js" => "// Line 1\neval(x3);\n// More code"}, "vulnerabilities" => [%{"code" => "eval(x3)", "filePath" => "test.js", "id" => "vuln-3", "line" => 3, "patternId" => "js-eval-injection", "severity" => "critical"}]}
  Pipelines: [:api]
14:25:25.785 request_id=GGRUMWm2KN3MDpMAAC0N [debug] QUERY OK source="fun_with_flags_toggles" db=0.0ms
SELECT f0."id", f0."flag_name", f0."gate_type", f0."target", f0."enabled" FROM "fun_with_flags_toggles" AS f0 WHERE (f0."flag_name" = $1) ["false_positive_caching"]
14:25:25.785 request_id=GGRUMWm2KN3MDpMAAC0N [debug] Telemetry event: [:fun_with_flags, :persistence, :read], metadata: %{flag_name: :false_positive_caching, gate: nil}, measurements: %{system_time: 1757622325785203166}
14:25:25.785 request_id=GGRUMWm2KN3MDpMAAC0N [debug] Using standard validation controller (feature flag disabled)
14:25:25.785 request_id=GGRUMWm2KN3MDpMAAC0N [debug] QUERY OK source="api_keys" db=0.0ms
SELECT a0."id", a0."key", a0."name", a0."permissions", a0."active", a0."last_used_at", a0."expires_at", a0."customer_id", a0."inserted_at", a0."updated_at" FROM "api_keys" AS a0 WHERE ((a0."key" = $1) AND (a0."active" = $2)) ["rsolv_MR465N-N882zNx0Vf_mXlwGMB2cUexJ_YjhK2N64XXY", true]
14:25:25.785 request_id=GGRUMWm2KN3MDpMAAC0N [debug] QUERY OK source="customers" db=0.0ms
SELECT c0."id", c0."name", c0."email", c0."monthly_limit", c0."current_usage", c0."active", c0."metadata", c0."password_hash", c0."is_staff", c0."admin_level", c0."trial_fixes_used", c0."trial_fixes_limit", c0."stripe_customer_id", c0."subscription_plan", c0."subscription_status", c0."rollover_fixes", c0."payment_method_added_at", c0."trial_expired_at", c0."fixes_used_this_month", c0."fixes_quota_this_month", c0."has_payment_method", c0."inserted_at", c0."updated_at" FROM "customers" AS c0 WHERE (c0."id" = $1) [72099]
14:25:25.785 request_id=GGRUMWm2KN3MDpMAAC0N [info] Sent 200 in 451µs
.14:25:25.786 [debug] QUERY OK source="email_unsubscribes" db=0.1ms queue=0.1ms
INSERT INTO "email_unsubscribes" ("reason","email","inserted_at") VALUES ($1,$2,$3) RETURNING "id" ["User request", "opted-out@example.com", ~N[2025-09-11 20:25:25]]
14:25:25.786 [info] [EMAIL] send_welcome_email called
14:25:25.786 [info] [EMAIL DEBUG] Full email struct before sending
14:25:25.786 [info] [EMAIL DEBUG] Extracted recipient email
14:25:25.786 [debug] QUERY OK source="email_unsubscribes" db=0.1ms
SELECT e0."id", e0."email", e0."reason", e0."inserted_at" FROM "email_unsubscribes" AS e0 ORDER BY e0."inserted_at" DESC []
14:25:25.786 [info] [EMAIL] Skipping email to unsubscribed recipient
.14:25:25.888 [info] [EMAIL] send_welcome_email called
14:25:25.889 [info] [EMAIL DEBUG] Full email struct before sending
14:25:25.889 [info] [EMAIL DEBUG] Extracted recipient email
14:25:25.891 [debug] QUERY OK source="email_unsubscribes" db=1.4ms
SELECT e0."id", e0."email", e0."reason", e0."inserted_at" FROM "email_unsubscribes" AS e0 ORDER BY e0."inserted_at" DESC []
14:25:25.891 [info] [EMAIL DEBUG] Postmark configuration
14:25:25.891 [info] [EMAIL DEBUG] Email configuration
14:25:25.891 [info] [EMAIL] Attempting to send email via Postmark
14:25:25.892 [debug] Sending email with Bamboo.TestAdapter:

%Bamboo.Email{from: {"RSOLV Team", "support@rsolv.dev"}, to: [nil: "local@example.com"], cc: [], bcc: [], subject: "Welcome to RSOLV - Let's fix your first issue in 10 minutes", html_body: "<div style=\"font-family: 'Helvetica Neue', Helvetica, Arial, sans-serif; max-width: 600px; margin: 0 auto; padding: 20px;\">\n  <h1 style=\"color: #2C3E50; margin-bottom: 20px;\">Welcome to RSOLV!</h1>\n  \n  <p>Hi there,</p>\n  \n  <p>Thanks for trying RSOLV! You're just a few minutes away from automating away your backlog.</p>\n  \n  <p>Here's how to get started:</p>\n  \n  <ol>\n    <li>Install our GitHub Action (copy & paste the code below)</li>\n    <li>Set up your repository secrets</li>\n    <li>Tag your first issues with \"rsolv:automate\"</li>\n  </ol>\n  \n  <div style=\"background-color: #f8f9fa; padding: 15px; border-radius: 5px; margin: 20px 0;\">\n    <pre style=\"margin: 0; overflow-x: auto; white-space: pre-wrap; font-family: monospace;\">name: RSOLV AutoFix\non:\n  issues:\n    types: [opened, edited, labeled]\n\njobs:\n  autofix:\n    runs-on: ubuntu-latest\n    if: contains(github.event.issue.labels.*.name, 'rsolv:automate')\n    steps:\n      - uses: RSOLV-dev/rsolv-action@v1\n        with:\n          github-token: ${{ secrets.GITHUB_TOKEN }}\n          rsolv-api-key: ${{ secrets.RSOLV_API_KEY }}</pre>\n  </div>\n  \n  <p>Need help? Contact us at <a href=\"mailto:support@rsolv.dev\">support@rsolv.dev</a> and we'll personally assist you.</p>\n  \n  <p>Your first 10 fixes are free! After that, you only pay $15 per fix that gets deployed - no credit card required to start.</p>\n  \n  <p>Best,<br>The RSOLV Team</p>\n  \n  <div class=\"footer\" style=\"margin-top: 40px; padding-top: 20px; border-top: 1px solid #e0e0e0; font-size: 0.9em; color: #666;\">\n    <p>\n      P.S. Here's a <a href=\"https://rsolv.dev/docs/getting-started\">2-minute video walkthrough</a> if you prefer.\n    </p>\n    <p>\n      RSOLV, Inc. • support@rsolv.dev • © 2025\n    </p>\n    <p>\n      <a href=\"https://rsolv.dev/unsubscribe?email=local@example.com\">Unsubscribe</a> from these emails.\n    </p>\n  </div>\n</div>\n", text_body: "Welcome to RSOLV!\n\nHi there,\n\nThanks for trying RSOLV! You're just a few minutes away from automating away your backlog.\n\nHere's how to get started:\n\n1. Install our GitHub Action (check the HTML version for the code snippet)\n2. Set up your repository secrets\n3. Tag your first issues with \"rsolv:automate\"\n\nNeed help? Contact us at support@rsolv.dev and we'll personally assist you.\n\nYour first 10 fixes are free! After that, you only pay $15 per fix that gets deployed - no credit card required to start.\n\nBest,\nThe RSOLV Team\n\nP.S. Check out our 2-minute video walkthrough at https://rsolv.dev/docs/getting-started\n\n---\nTo unsubscribe, visit: https://rsolv.dev/unsubscribe?email=local@example.com\n", headers: %{"X-Postmark-Tag" => "welcome"}, attachments: [], assigns: %{}, private: %{tag: "welcome"}, blocked: false}

14:25:25.893 [info] [EMAIL DEBUG] Raw Postmark response
14:25:25.893 [info] [EMAIL] Email sent successfully via Postmark
.14:25:25.894 [info] [EMAIL] send_welcome_email called
14:25:25.896 [info] [EMAIL DEBUG] Full email struct before sending
14:25:25.896 [info] [EMAIL DEBUG] Extracted recipient email
14:25:25.896 [debug] QUERY OK source="email_unsubscribes" db=0.3ms
SELECT e0."id", e0."email", e0."reason", e0."inserted_at" FROM "email_unsubscribes" AS e0 ORDER BY e0."inserted_at" DESC []
14:25:25.896 [info] [EMAIL DEBUG] Postmark configuration
14:25:25.897 [info] [EMAIL DEBUG] Email configuration
14:25:25.897 [info] [EMAIL] Attempting to send email via Postmark
14:25:25.897 [debug] Sending email with Bamboo.TestAdapter:

%Bamboo.Email{from: {"RSOLV Team", "support@rsolv.dev"}, to: [nil: "fresh@example.com"], cc: [], bcc: [], subject: "Welcome to RSOLV - Let's fix your first issue in 10 minutes", html_body: "<div style=\"font-family: 'Helvetica Neue', Helvetica, Arial, sans-serif; max-width: 600px; margin: 0 auto; padding: 20px;\">\n  <h1 style=\"color: #2C3E50; margin-bottom: 20px;\">Welcome to RSOLV!</h1>\n  \n  <p>Hi FreshUser,</p>\n  \n  <p>Thanks for trying RSOLV! You're just a few minutes away from automating away your backlog.</p>\n  \n  <p>Here's how to get started:</p>\n  \n  <ol>\n    <li>Install our GitHub Action (copy & paste the code below)</li>\n    <li>Set up your repository secrets</li>\n    <li>Tag your first issues with \"rsolv:automate\"</li>\n  </ol>\n  \n  <div style=\"background-color: #f8f9fa; padding: 15px; border-radius: 5px; margin: 20px 0;\">\n    <pre style=\"margin: 0; overflow-x: auto; white-space: pre-wrap; font-family: monospace;\">name: RSOLV AutoFix\non:\n  issues:\n    types: [opened, edited, labeled]\n\njobs:\n  autofix:\n    runs-on: ubuntu-latest\n    if: contains(github.event.issue.labels.*.name, 'rsolv:automate')\n    steps:\n      - uses: RSOLV-dev/rsolv-action@v1\n        with:\n          github-token: ${{ secrets.GITHUB_TOKEN }}\n          rsolv-api-key: ${{ secrets.RSOLV_API_KEY }}</pre>\n  </div>\n  \n  <p>Need help? Contact us at <a href=\"mailto:support@rsolv.dev\">support@rsolv.dev</a> and we'll personally assist you.</p>\n  \n  <p>Your first 10 fixes are free! After that, you only pay $15 per fix that gets deployed - no credit card required to start.</p>\n  \n  <p>Best,<br>The RSOLV Team</p>\n  \n  <div class=\"footer\" style=\"margin-top: 40px; padding-top: 20px; border-top: 1px solid #e0e0e0; font-size: 0.9em; color: #666;\">\n    <p>\n      P.S. Here's a <a href=\"https://rsolv.dev/docs/getting-started\">2-minute video walkthrough</a> if you prefer.\n    </p>\n    <p>\n      RSOLV, Inc. • support@rsolv.dev • © 2025\n    </p>\n    <p>\n      <a href=\"https://rsolv.dev/unsubscribe?email=fresh@example.com\">Unsubscribe</a> from these emails.\n    </p>\n  </div>\n</div>\n", text_body: "Welcome to RSOLV!\n\nHi FreshUser,\n\nThanks for trying RSOLV! You're just a few minutes away from automating away your backlog.\n\nHere's how to get started:\n\n1. Install our GitHub Action (check the HTML version for the code snippet)\n2. Set up your repository secrets\n3. Tag your first issues with \"rsolv:automate\"\n\nNeed help? Contact us at support@rsolv.dev and we'll personally assist you.\n\nYour first 10 fixes are free! After that, you only pay $15 per fix that gets deployed - no credit card required to start.\n\nBest,\nThe RSOLV Team\n\nP.S. Check out our 2-minute video walkthrough at https://rsolv.dev/docs/getting-started\n\n---\nTo unsubscribe, visit: https://rsolv.dev/unsubscribe?email=fresh@example.com\n", headers: %{"X-Postmark-Tag" => "welcome"}, attachments: [], assigns: %{}, private: %{tag: "welcome"}, blocked: false}

14:25:25.897 [info] [EMAIL DEBUG] Raw Postmark response
14:25:25.897 [info] [EMAIL] Email sent successfully via Postmark
.14:25:25.897 [info] [EMAIL] send_early_access_welcome_email called
14:25:25.897 [info] [EMAIL DEBUG] Full email struct before sending
14:25:25.897 [info] [EMAIL DEBUG] Extracted recipient email
14:25:25.897 [debug] QUERY OK source="email_unsubscribes" db=0.1ms
SELECT e0."id", e0."email", e0."reason", e0."inserted_at" FROM "email_unsubscribes" AS e0 ORDER BY e0."inserted_at" DESC []
14:25:25.897 [info] [EMAIL DEBUG] Postmark configuration
14:25:25.897 [info] [EMAIL DEBUG] Email configuration
14:25:25.897 [info] [EMAIL] Attempting to send email via Postmark
14:25:25.898 [debug] Sending email with Bamboo.TestAdapter:

%Bamboo.Email{from: {"RSOLV Team", "support@rsolv.dev"}, to: [nil: "structure@example.com"], cc: [], bcc: [], subject: "Welcome to RSOLV Early Access Program", html_body: "<div style=\"font-family: 'Helvetica Neue', Helvetica, Arial, sans-serif; max-width: 600px; margin: 0 auto; padding: 20px;\">\n  <h1 style=\"color: #2C3E50; margin-bottom: 20px;\">Welcome to RSOLV Early Access Program!</h1>\n\n  <p>Hi there,</p>\n\n  <p>Thank you for joining our Early Access Program! You're now part of an exclusive group getting first access to RSOLV.</p>\n\n  <p>Here's what you need to know:</p>\n\n  <ul>\n    <li>You have full access to all current features</li>\n    <li>Your feedback is incredibly valuable to us during this phase</li>\n    <li>You'll receive priority support via email</li>\n  </ul>\n\n  <p>To get started with RSOLV:</p>\n\n  <ol>\n    <li><strong>Your API key will be sent in a follow-up email within 24 hours</strong></li>\n    <li>Once you receive your API key, install our GitHub Action (code below)</li>\n    <li>Set up your repository secrets with your API key</li>\n    <li>Tag your first issues with \"rsolv:automate\"</li>\n  </ol>\n\n  <div style=\"background-color: #fff3cd; border: 1px solid #ffeaa7; color: #856404; padding: 10px; border-radius: 5px; margin: 15px 0;\">\n    <strong>⏳ API Key Coming Soon:</strong> We'll send your personal API key within 24 hours. Look for an email with subject \"Your RSOLV API Key\".\n  </div>\n\n  <div style=\"background-color: #f8f9fa; padding: 15px; border-radius: 5px; margin: 20px 0;\">\n    <pre style=\"margin: 0; overflow-x: auto; white-space: pre-wrap; font-family: monospace;\">name: RSOLV AutoFix\non:\n  issues:\n    types: [opened, edited, labeled]\n\njobs:\n  autofix:\n    runs-on: ubuntu-latest\n    if: contains(github.event.issue.labels.*.name, 'rsolv:automate')\n    steps:\n      - uses: RSOLV-dev/rsolv-action@v1\n        with:\n          github-token: ${{ secrets.GITHUB_TOKEN }}\n          rsolv-api-key: ${{ secrets.RSOLV_API_KEY }}</pre>\n  </div>\n\n  <p>Need help? As an Early Access member, you have priority support - contact us at <a href=\"mailto:support@rsolv.dev\">support@rsolv.dev</a> and we'll personally assist you.</p>\n\n  <p>Your trial includes unlimited automated fixes during the Early Access period.</p>\n\n  <div style=\"margin-top: 30px; padding: 15px; border: 1px solid #e0e0e0; border-radius: 5px; background-color: #f9f9f9;\">\n    <h3 style=\"margin-top: 0; color: #2C3E50;\">Early Access Program Benefits</h3>\n    <ul>\n      <li>Unlimited usage during Early Access</li>\n      <li>Priority support and feature requests</li>\n      <li>Exclusive pricing when we launch</li>\n      <li>Direct access to our development team</li>\n    </ul>\n  </div>\n\n  <p>Best,<br>The RSOLV Team</p>\n\n  <div class=\"footer\" style=\"margin-top: 40px; padding-top: 20px; border-top: 1px solid #e0e0e0; font-size: 0.9em; color: #666;\">\n    <p>\n      You're receiving this email because you joined the RSOLV Early Access Program.\n      <br>\n      If you have any questions, simply reply to this email.\n    </p>\n    <p>\n      RSOLV, Inc. • support@rsolv.dev • © 2025\n    </p>\n    <p>\n      <a href=\"https://rsolv.dev/unsubscribe?email=structure@example.com\">Unsubscribe</a> from these emails.\n    </p>\n  </div>\n</div>\n", text_body: "Welcome to RSOLV Early Access Program!\n\nHi there,\n\nThank you for joining our Early Access Program! You're now part of an exclusive group getting first access to RSOLV.\n\nHere's what you need to know:\n- You have full access to all current features\n- Your feedback is incredibly valuable to us during this phase\n- You'll receive priority support via email\n\nTo get started with RSOLV:\n1. Your API key will be sent in a follow-up email within 24 hours\n2. Once you receive your API key, install our GitHub Action\n3. Set up your repository secrets with your API key\n4. Tag your first issues with \"AUTOFIX\"\n\n⏳ API KEY COMING SOON: We'll send your personal API key within 24 hours. Look for an email with subject \"Your RSOLV API Key\".\n\nNeed help? As an Early Access member, you have priority support - contact us at support@rsolv.dev and we'll personally assist you.\n\nYour trial includes unlimited automated fixes during the Early Access period.\n\nEARLY ACCESS PROGRAM BENEFITS:\n* Unlimited usage during Early Access\n* Priority support and feature requests\n* Exclusive pricing when we launch\n* Direct access to our development team\n\nBest,\nThe RSOLV Team\n\n---\nYou're receiving this email because you joined the RSOLV Early Access Program.\nIf you have any questions, simply reply to this email.\n\nRSOLV, Inc. • support@rsolv.dev\n\nTo unsubscribe, visit: https://rsolv.dev/unsubscribe?email=structure@example.com\n", headers: %{"X-Postmark-Tag" => "early-access"}, attachments: [], assigns: %{}, private: %{tag: "early-access"}, blocked: false}

14:25:25.898 [info] [EMAIL DEBUG] Raw Postmark response
14:25:25.898 [info] [EMAIL] Email sent successfully via Postmark
.14:25:25.898 [info] [EMAIL] send_early_access_welcome_email called
14:25:25.898 [info] [EMAIL DEBUG] Full email struct before sending
14:25:25.898 [info] [EMAIL DEBUG] Extracted recipient email
14:25:25.898 [debug] QUERY OK source="email_unsubscribes" db=0.1ms
SELECT e0."id", e0."email", e0."reason", e0."inserted_at" FROM "email_unsubscribes" AS e0 ORDER BY e0."inserted_at" DESC []
14:25:25.898 [info] [EMAIL DEBUG] Postmark configuration
14:25:25.898 [info] [EMAIL DEBUG] Email configuration
14:25:25.898 [info] [EMAIL] Attempting to send email via Postmark
14:25:25.898 [debug] Sending email with Bamboo.TestAdapter:

%Bamboo.Email{from: {"RSOLV Team", "support@rsolv.dev"}, to: [nil: "earlybird@example.com"], cc: [], bcc: [], subject: "Welcome to RSOLV Early Access Program", html_body: "<div style=\"font-family: 'Helvetica Neue', Helvetica, Arial, sans-serif; max-width: 600px; margin: 0 auto; padding: 20px;\">\n  <h1 style=\"color: #2C3E50; margin-bottom: 20px;\">Welcome to RSOLV Early Access Program!</h1>\n\n  <p>Hi EarlyBird,</p>\n\n  <p>Thank you for joining our Early Access Program! You're now part of an exclusive group getting first access to RSOLV.</p>\n\n  <p>Here's what you need to know:</p>\n\n  <ul>\n    <li>You have full access to all current features</li>\n    <li>Your feedback is incredibly valuable to us during this phase</li>\n    <li>You'll receive priority support via email</li>\n  </ul>\n\n  <p>To get started with RSOLV:</p>\n\n  <ol>\n    <li><strong>Your API key will be sent in a follow-up email within 24 hours</strong></li>\n    <li>Once you receive your API key, install our GitHub Action (code below)</li>\n    <li>Set up your repository secrets with your API key</li>\n    <li>Tag your first issues with \"rsolv:automate\"</li>\n  </ol>\n\n  <div style=\"background-color: #fff3cd; border: 1px solid #ffeaa7; color: #856404; padding: 10px; border-radius: 5px; margin: 15px 0;\">\n    <strong>⏳ API Key Coming Soon:</strong> We'll send your personal API key within 24 hours. Look for an email with subject \"Your RSOLV API Key\".\n  </div>\n\n  <div style=\"background-color: #f8f9fa; padding: 15px; border-radius: 5px; margin: 20px 0;\">\n    <pre style=\"margin: 0; overflow-x: auto; white-space: pre-wrap; font-family: monospace;\">name: RSOLV AutoFix\non:\n  issues:\n    types: [opened, edited, labeled]\n\njobs:\n  autofix:\n    runs-on: ubuntu-latest\n    if: contains(github.event.issue.labels.*.name, 'rsolv:automate')\n    steps:\n      - uses: RSOLV-dev/rsolv-action@v1\n        with:\n          github-token: ${{ secrets.GITHUB_TOKEN }}\n          rsolv-api-key: ${{ secrets.RSOLV_API_KEY }}</pre>\n  </div>\n\n  <p>Need help? As an Early Access member, you have priority support - contact us at <a href=\"mailto:support@rsolv.dev\">support@rsolv.dev</a> and we'll personally assist you.</p>\n\n  <p>Your trial includes unlimited automated fixes during the Early Access period.</p>\n\n  <div style=\"margin-top: 30px; padding: 15px; border: 1px solid #e0e0e0; border-radius: 5px; background-color: #f9f9f9;\">\n    <h3 style=\"margin-top: 0; color: #2C3E50;\">Early Access Program Benefits</h3>\n    <ul>\n      <li>Unlimited usage during Early Access</li>\n      <li>Priority support and feature requests</li>\n      <li>Exclusive pricing when we launch</li>\n      <li>Direct access to our development team</li>\n    </ul>\n  </div>\n\n  <p>Best,<br>The RSOLV Team</p>\n\n  <div class=\"footer\" style=\"margin-top: 40px; padding-top: 20px; border-top: 1px solid #e0e0e0; font-size: 0.9em; color: #666;\">\n    <p>\n      You're receiving this email because you joined the RSOLV Early Access Program.\n      <br>\n      If you have any questions, simply reply to this email.\n    </p>\n    <p>\n      RSOLV, Inc. • support@rsolv.dev • © 2025\n    </p>\n    <p>\n      <a href=\"https://rsolv.dev/unsubscribe?email=earlybird@example.com\">Unsubscribe</a> from these emails.\n    </p>\n  </div>\n</div>\n", text_body: "Welcome to RSOLV Early Access Program!\n\nHi EarlyBird,\n\nThank you for joining our Early Access Program! You're now part of an exclusive group getting first access to RSOLV.\n\nHere's what you need to know:\n- You have full access to all current features\n- Your feedback is incredibly valuable to us during this phase\n- You'll receive priority support via email\n\nTo get started with RSOLV:\n1. Your API key will be sent in a follow-up email within 24 hours\n2. Once you receive your API key, install our GitHub Action\n3. Set up your repository secrets with your API key\n4. Tag your first issues with \"AUTOFIX\"\n\n⏳ API KEY COMING SOON: We'll send your personal API key within 24 hours. Look for an email with subject \"Your RSOLV API Key\".\n\nNeed help? As an Early Access member, you have priority support - contact us at support@rsolv.dev and we'll personally assist you.\n\nYour trial includes unlimited automated fixes during the Early Access period.\n\nEARLY ACCESS PROGRAM BENEFITS:\n* Unlimited usage during Early Access\n* Priority support and feature requests\n* Exclusive pricing when we launch\n* Direct access to our development team\n\nBest,\nThe RSOLV Team\n\n---\nYou're receiving this email because you joined the RSOLV Early Access Program.\nIf you have any questions, simply reply to this email.\n\nRSOLV, Inc. • support@rsolv.dev\n\nTo unsubscribe, visit: https://rsolv.dev/unsubscribe?email=earlybird@example.com\n", headers: %{"X-Postmark-Tag" => "early-access"}, attachments: [], assigns: %{}, private: %{tag: "early-access"}, blocked: false}

14:25:25.899 [info] [EMAIL DEBUG] Raw Postmark response
14:25:25.899 [info] [EMAIL] Email sent successfully via Postmark
.....14:25:28.101 [info] Cleaning up 2 expired sessions
..14:25:28.102 [debug] Cleaned up python parser for session b61573e0934f67419740301caa23f3a1
14:25:28.102 [debug] Cleaned up javascript parser for session b61573e0934f67419740301caa23f3a1
14:25:28.102 [debug] Cleaned up typescript parser for session b61573e0934f67419740301caa23f3a1
14:25:28.102 [debug] Cleaned up java parser for session b61573e0934f67419740301caa23f3a1
14:25:28.102 [debug] Cleaned up php parser for session b61573e0934f67419740301caa23f3a1
14:25:28.102 [debug] Cleaned up ruby parser for session b61573e0934f67419740301caa23f3a1
14:25:28.102 [debug] Cleaned up go parser for session b61573e0934f67419740301caa23f3a1
..........14:25:29.207 [debug] Cleaned up python parser for session 290176ae2725b49c363688a93557dd25
14:25:29.208 [debug] Cleaned up javascript parser for session 290176ae2725b49c363688a93557dd25
14:25:29.208 [debug] Cleaned up typescript parser for session 290176ae2725b49c363688a93557dd25
14:25:29.208 [debug] Cleaned up java parser for session 290176ae2725b49c363688a93557dd25
14:25:29.208 [debug] Cleaned up php parser for session 290176ae2725b49c363688a93557dd25
14:25:29.208 [debug] Cleaned up ruby parser for session 290176ae2725b49c363688a93557dd25
.14:25:29.208 [debug] Cleaned up go parser for session 290176ae2725b49c363688a93557dd25
.14:25:29.212 request_id=GGRUMjYDbf8c-TEAACeJ [info] GET /api/v1/patterns
14:25:29.212 request_id=GGRUMjYDbf8c-TEAACeJ [debug] Processing with RsolvWeb.Api.V1.PatternController.index/2
  Parameters: %{"format" => "enhanced", "language" => "elixir"}
  Pipelines: [:api]
14:25:29.212 request_id=GGRUMjYDbf8c-TEAACeJ [info] Pattern API called with params: %{"format" => "enhanced", "language" => "elixir"}
14:25:29.212 request_id=GGRUMjYDbf8c-TEAACeJ [info] Language: elixir, Format: enhanced
14:25:29.212 request_id=GGRUMjYDbf8c-TEAACeJ [info] API key status: :none
14:25:29.212 request_id=GGRUMjYDbf8c-TEAACeJ [info] Getting demo patterns for elixir
14:25:29.212 request_id=GGRUMjYDbf8c-TEAACeJ [info] Retrieved 1 patterns
14:25:29.212 request_id=GGRUMjYDbf8c-TEAACeJ [debug] Formatting pattern: "elixir-sql-injection-interpolation"
14:25:29.212 request_id=GGRUMjYDbf8c-TEAACeJ [debug] Formatted pattern keys: ["cweId", "description", "examples", "frameworks", "id", "languages", "name", "owaspCategory", "recommendation", "regex", "regexPatterns", "severity", "supportsAst", "type"]
14:25:29.212 request_id=GGRUMjYDbf8c-TEAACeJ [info] Sent 200 in 213µs
.....14:25:29.216 request_id=GGRUMjY20HTj9W0AACUL [info] GET /api/v1/patterns
14:25:29.216 request_id=GGRUMjY20HTj9W0AACUL [debug] Processing with RsolvWeb.Api.V1.PatternController.index/2
  Parameters: %{"format" => "enhanced", "language" => "elixir"}
  Pipelines: [:api]
14:25:29.216 request_id=GGRUMjY20HTj9W0AACUL [info] Pattern API called with params: %{"format" => "enhanced", "language" => "elixir"}
14:25:29.216 request_id=GGRUMjY20HTj9W0AACUL [info] Language: elixir, Format: enhanced
14:25:29.216 request_id=GGRUMjY20HTj9W0AACUL [info] API key status: :none
14:25:29.216 request_id=GGRUMjY20HTj9W0AACUL [info] Getting demo patterns for elixir
14:25:29.216 request_id=GGRUMjY20HTj9W0AACUL [info] Retrieved 1 patterns
14:25:29.216 request_id=GGRUMjY20HTj9W0AACUL [debug] Formatting pattern: "elixir-sql-injection-interpolation"
14:25:29.216 request_id=GGRUMjY20HTj9W0AACUL [debug] Formatted pattern keys: ["cweId", "description", "examples", "frameworks", "id", "languages", "name", "owaspCategory", "recommendation", "regex", "regexPatterns", "severity", "supportsAst", "type"]
14:25:29.216 request_id=GGRUMjY20HTj9W0AACUL [info] Sent 200 in 623µs
.*14:25:29.217 [debug] QUERY OK source="customers" db=0.4ms
INSERT INTO "customers" ("active","name","metadata","email","is_staff","subscription_plan","monthly_limit","current_usage","fixes_quota_this_month","fixes_used_this_month","has_payment_method","rollover_fixes","subscription_status","trial_fixes_limit","trial_fixes_used","inserted_at","updated_at") VALUES ($1,$2,$3,$4,$5,$6,$7,$8,$9,$10,$11,$12,$13,$14,$15,$16,$17) RETURNING "id" [true, "Test Customer 9612", %{}, "test9612@example.com", false, "trial", 100, 15, 0, 0, false, 0, "active", 5, 0, ~N[2025-09-11 20:25:29], ~N[2025-09-11 20:25:29]]
14:25:29.218 [debug] QUERY OK source="api_keys" db=0.4ms
INSERT INTO "api_keys" ("active","name","permissions","key","customer_id","inserted_at","updated_at") VALUES ($1,$2,$3,$4,$5,$6,$7) RETURNING "id" [true, "Test Key", ["full_access"], "rsolv_wmctNfs-EaLLEg_By3KnN8Wh2zswRf6nAnrJqow8u_g", 72100, ~U[2025-09-11 20:25:29Z], ~U[2025-09-11 20:25:29Z]]
14:25:29.218 request_id=GGRUMjZfwojf_R8AACYL [info] POST /api/v1/ast/analyze
14:25:29.218 request_id=GGRUMjZfwojf_R8AACYL [debug] Processing with RsolvWeb.Api.V1.ASTController.analyze/2
  Parameters: %{}
  Pipelines: [:api]
14:25:29.222 request_id=GGRUMjZfwojf_R8AACYL [debug] QUERY OK source="api_keys" db=0.4ms
SELECT a0."id", a0."key", a0."name", a0."permissions", a0."active", a0."last_used_at", a0."expires_at", a0."customer_id", a0."inserted_at", a0."updated_at" FROM "api_keys" AS a0 WHERE ((a0."key" = $1) AND (a0."active" = $2)) ["rsolv_wmctNfs-EaLLEg_By3KnN8Wh2zswRf6nAnrJqow8u_g", true]
14:25:29.223 request_id=GGRUMjZfwojf_R8AACYL [debug] QUERY OK source="customers" db=0.3ms
SELECT c0."id", c0."name", c0."email", c0."monthly_limit", c0."current_usage", c0."active", c0."metadata", c0."password_hash", c0."is_staff", c0."admin_level", c0."trial_fixes_used", c0."trial_fixes_limit", c0."stripe_customer_id", c0."subscription_plan", c0."subscription_status", c0."rollover_fixes", c0."payment_method_added_at", c0."trial_expired_at", c0."fixes_used_this_month", c0."fixes_quota_this_month", c0."has_payment_method", c0."inserted_at", c0."updated_at" FROM "customers" AS c0 WHERE (c0."id" = $1) [72100]
14:25:29.223 request_id=GGRUMjZfwojf_R8AACYL [debug] No rate limit config for action ast_analysis, using default: 100/minute
14:25:29.223 request_id=GGRUMjZfwojf_R8AACYL [info] Sent 400 in 4ms
.14:25:29.224 [debug] QUERY OK source="customers" db=0.4ms
INSERT INTO "customers" ("active","name","metadata","email","is_staff","subscription_plan","monthly_limit","current_usage","fixes_quota_this_month","fixes_used_this_month","has_payment_method","rollover_fixes","subscription_status","trial_fixes_limit","trial_fixes_used","inserted_at","updated_at") VALUES ($1,$2,$3,$4,$5,$6,$7,$8,$9,$10,$11,$12,$13,$14,$15,$16,$17) RETURNING "id" [true, "Test Customer 15241", %{}, "test15241@example.com", false, "trial", 100, 15, 0, 0, false, 0, "active", 5, 0, ~N[2025-09-11 20:25:29], ~N[2025-09-11 20:25:29]]
14:25:29.225 [debug] QUERY OK source="api_keys" db=0.2ms
INSERT INTO "api_keys" ("active","name","permissions","key","customer_id","inserted_at","updated_at") VALUES ($1,$2,$3,$4,$5,$6,$7) RETURNING "id" [true, "Test Key", ["full_access"], "rsolv_XXfJu21Nxu4HotRYo6-E6yadPRVDym2Tus8wO7WjbxU", 72101, ~U[2025-09-11 20:25:29Z], ~U[2025-09-11 20:25:29Z]]
14:25:29.225 request_id=GGRUMjbENwihQQwAADwI [info] POST /api/v1/ast/analyze
14:25:29.225 request_id=GGRUMjbENwihQQwAADwI [debug] Processing with RsolvWeb.Api.V1.ASTController.analyze/2
  Parameters: %{"files" => [%{"encryptedContent" => "WGJ65syaNw+5+aim", "encryption" => %{"algorithm" => "aes-256-gcm", "authTag" => "pU0visz6+PxaJmFXdSEFSg==", "iv" => "TuYcOWwxm+6HYsZwGe8v2Q=="}, "metadata" => %{"contentHash" => "3F41CBB303012F33212C92326B27F6CC604FD414E20315CB10F2BE7F1F6BB83C", "language" => "javascript", "size" => 12}, "path" => "safe.js"}, %{"encryptedContent" => "6LzC2hNGLrpst6/3a6kaeeiJccgBPoPyuPl0VWy9KxJO0XE/aUh4L0iONuMFFCAwqGUBzC4yPf27K/iBr+cbSQnwmQ==", "encryption" => %{"algorithm" => "aes-256-gcm", "authTag" => "pfG/BhiKAnCLKmtu/VjJKA==", "iv" => "LD17Il1Riaa0c7N7SlkE8g=="}, "metadata" => %{"contentHash" => "8D89CE9D817ED3D9408AEE7D33AF407B18BBFA277CE3706DD3D7ECC64D8C8564", "language" => "python", "size" => 67}, "path" => "unsafe.py"}], "options" => %{"includeSecurityPatterns" => true, "patternFormat" => "enhanced"}, "sessionId" => "578299ba8dde22eb60d49ae4af500beb"}
  Pipelines: [:api]
14:25:29.225 request_id=GGRUMjbENwihQQwAADwI [debug] QUERY OK source="api_keys" db=0.3ms
SELECT a0."id", a0."key", a0."name", a0."permissions", a0."active", a0."last_used_at", a0."expires_at", a0."customer_id", a0."inserted_at", a0."updated_at" FROM "api_keys" AS a0 WHERE ((a0."key" = $1) AND (a0."active" = $2)) ["rsolv_XXfJu21Nxu4HotRYo6-E6yadPRVDym2Tus8wO7WjbxU", true]
14:25:29.226 request_id=GGRUMjbENwihQQwAADwI [debug] QUERY OK source="customers" db=0.1ms
SELECT c0."id", c0."name", c0."email", c0."monthly_limit", c0."current_usage", c0."active", c0."metadata", c0."password_hash", c0."is_staff", c0."admin_level", c0."trial_fixes_used", c0."trial_fixes_limit", c0."stripe_customer_id", c0."subscription_plan", c0."subscription_status", c0."rollover_fixes", c0."payment_method_added_at", c0."trial_expired_at", c0."fixes_used_this_month", c0."fixes_quota_this_month", c0."has_payment_method", c0."inserted_at", c0."updated_at" FROM "customers" AS c0 WHERE (c0."id" = $1) [72101]
14:25:29.226 request_id=GGRUMjbENwihQQwAADwI [debug] No rate limit config for action ast_analysis, using default: 100/minute
14:25:29.312 [debug] Parser response received
14:25:29.312 [info] AnalysisService: Loaded 30 patterns for javascript
14:25:29.313 [info] AnalysisService: Found 0 matches
14:25:29.337 [debug] Parser response received
14:25:29.338 [info] AnalysisService: Loaded 12 patterns for python
14:25:29.338 [info] AnalysisService: Found 5 matches
14:25:29.338 [debug] Match confidence: 0.6, min_confidence: 0.6, match: %{type: "python-command-injection-os-system", context: %{node_type: "Call", depth: 3, parent_type: "Expr", in_function: "run"}, location: %{depth: 3, end_column: 0, end_line: 1, start_line: 1, start_column: 0}, severity: "high", pattern_id: "python-command-injection-os-system", pattern_name: "Command Injection via os.system", recommendation: "Review this code for potential security issues", confidence: 0.6, pattern_type: :command_injection, min_confidence: 0.6}
14:25:29.338 [debug] Match confidence: 0.5, min_confidence: 0.8, match: %{type: "python-command-injection-subprocess-shell", context: %{node_type: "Call", depth: 3, parent_type: "Expr", in_function: "run"}, location: %{depth: 3, end_column: 0, end_line: 1, start_line: 1, start_column: 0}, severity: "high", pattern_id: "python-command-injection-subprocess-shell", pattern_name: "Command Injection via subprocess with shell=True", recommendation: "Review this code for potential security issues", confidence: 0.5, pattern_type: :command_injection, min_confidence: 0.8}
14:25:29.338 [debug] Match confidence: 0.9, min_confidence: 0.7, match: %{type: "python-unsafe-pickle", context: %{node_type: "Call", depth: 3, parent_type: "Expr", in_function: "run"}, location: %{depth: 3, end_column: 0, end_line: 1, start_line: 1, start_column: 0}, severity: "medium", pattern_id: "python-unsafe-pickle", pattern_name: "Insecure Deserialization via pickle", recommendation: "Review this code for potential security issues", confidence: 0.9, pattern_type: :deserialization, min_confidence: 0.7}
14:25:29.338 [debug] Match confidence: 0.85, min_confidence: 0.7, match: %{type: "python-unsafe-eval", context: %{node_type: "Call", depth: 3, parent_type: "Expr", in_function: "run"}, location: %{depth: 3, end_column: 0, end_line: 1, start_line: 1, start_column: 0}, severity: "critical", pattern_id: "python-unsafe-eval", pattern_name: "Code Injection via eval()", recommendation: "Review this code for potential security issues", confidence: 0.85, pattern_type: :rce, min_confidence: 0.7}
14:25:29.338 [debug] Match confidence: 0.5, min_confidence: 0.7, match: %{type: "python-path-traversal-open", context: %{node_type: "Call", depth: 3, parent_type: "Expr", in_function: "run"}, location: %{depth: 3, end_column: 0, end_line: 1, start_line: 1, start_column: 0}, severity: "medium", pattern_id: "python-path-traversal-open", pattern_name: "Path Traversal via open()", recommendation: "Review this code for potential security issues", confidence: 0.5, pattern_type: :path_traversal, min_confidence: 0.7}
14:25:29.340 request_id=GGRUMjbENwihQQwAADwI [info] Sent 200 in 115ms
.14:25:29.341 [debug] QUERY OK source="customers" db=0.2ms
INSERT INTO "customers" ("active","name","metadata","email","is_staff","subscription_plan","monthly_limit","current_usage","fixes_quota_this_month","fixes_used_this_month","has_payment_method","rollover_fixes","subscription_status","trial_fixes_limit","trial_fixes_used","inserted_at","updated_at") VALUES ($1,$2,$3,$4,$5,$6,$7,$8,$9,$10,$11,$12,$13,$14,$15,$16,$17) RETURNING "id" [true, "Test Customer 11912", %{}, "test11912@example.com", false, "trial", 100, 15, 0, 0, false, 0, "active", 5, 0, ~N[2025-09-11 20:25:29], ~N[2025-09-11 20:25:29]]
14:25:29.341 [debug] QUERY OK source="api_keys" db=0.5ms
INSERT INTO "api_keys" ("active","name","permissions","key","customer_id","inserted_at","updated_at") VALUES ($1,$2,$3,$4,$5,$6,$7) RETURNING "id" [true, "Test Key", ["full_access"], "rsolv_vlbIx8dCZcJpoeO7AnwRiixzNfUMDL46HTtGrgVAoJ8", 72102, ~U[2025-09-11 20:25:29Z], ~U[2025-09-11 20:25:29Z]]
14:25:29.342 request_id=GGRUMj2-IIVSb0wAAC8H [info] POST /api/v1/ast/analyze
14:25:29.342 request_id=GGRUMj2-IIVSb0wAAC8H [debug] Processing with RsolvWeb.Api.V1.ASTController.analyze/2
  Parameters: %{"files" => [%{"encryptedContent" => "zKDcckw+6xSI2SsV", "encryption" => %{"algorithm" => "aes-256-gcm", "authTag" => "kcsv6HtDghEkRQW0dk5K/g==", "iv" => "6u9C0a6aWI/ydxELcV8Kxw=="}, "metadata" => %{"contentHash" => "3F41CBB303012F33212C92326B27F6CC604FD414E20315CB10F2BE7F1F6BB83C", "language" => "javascript", "size" => 12}, "path" => "file1.js"}, %{"encryptedContent" => "U8+vbHh7sLE57A5E", "encryption" => %{"algorithm" => "aes-256-gcm", "authTag" => "xGk9Dk17LAc8z9M3VeaP3g==", "iv" => "0P2/t5wohkoLToFQK4oMnw=="}, "metadata" => %{"contentHash" => "37A6BD6AB3DC44CBFF494010B42F1C7A5C350D9DF5BF7ACE6990BB874967F4C1", "language" => "javascript", "size" => 12}, "path" => "file2.js"}, %{"encryptedContent" => "U9so2VyB9xyK+CpR", "encryption" => %{"algorithm" => "aes-256-gcm", "authTag" => "6cAcamTkQEglquki79EX4w==", "iv" => "iTDWHyX6v5X5yjpgTYdCrA=="}, "metadata" => %{"contentHash" => "F850C7FE3A73622D2B6F6CDFB7E9A11F87FF64606132B5345D8058751515CCD4", "language" => "javascript", "size" => 12}, "path" => "file3.js"}, %{"encryptedContent" => "UaQdljbNmQNuoOkh", "encryption" => %{"algorithm" => "aes-256-gcm", "authTag" => "R+STHvKSY88pX2bCev9YYA==", "iv" => "L5iooBxfYmtngsM9CJu/1A=="}, "metadata" => %{"contentHash" => "3BA369F0AE8D49633DAAA83796D38592C015096990D550B663201D06440668E3", "language" => "javascript", "size" => 12}, "path" => "file4.js"}, %{"encryptedContent" => "UDhdCU2RN5yTvJ+p", "encryption" => %{"algorithm" => "aes-256-gcm", "authTag" => "dqrFsL274Gr0m2zh2n0pSg==", "iv" => "SB+7M3nJoWOl5SbZa8+wmA=="}, "metadata" => %{"contentHash" => "4C8496DD315AC5FA2CA45B720DC7EDC6F9FBF6AA010DE380BD3DBDBFA4CFF4F4", "language" => "javascript", "size" => 12}, "path" => "file5.js"}, %{"encryptedContent" => "nUR+ZRv/7zk5Dh8y", "encryption" => %{"algorithm" => "aes-256-gcm", "authTag" => "ByONSGMQMiNrr09Ur5zjfA==", "iv" => "myERJeB9KZbpzvnhiXRy4A=="}, "metadata" => %{"contentHash" => "F85ECCD766AD4ECB4A23283C27184F68989D43BED69300F7B952991F6D5E1DB6", "language" => "javascript", "size" => 12}, "path" => "file6.js"}, %{"encryptedContent" => "2cj2Z+DpcO4dyW2L", "encryption" => %{"algorithm" => "aes-256-gcm", "authTag" => "TYLhH530hbPNZTEts6C9BA==", "iv" => "GBhGvKcA+FTaH0EUVqt4jA=="}, "metadata" => %{"contentHash" => "7306BF2EFF951B9E88CDD20E32DE061BCFBBAE7500646467567DAD16E7556F70", "language" => "javascript", "size" => 12}, "path" => "file7.js"}, %{"encryptedContent" => "R13NNOT2N7IIdInX", "encryption" => %{"algorithm" => "aes-256-gcm", "authTag" => "gb8S656EHgmiZpCjiOPTOA==", "iv" => "TEu2ZxmgGV08/9icPRYlcQ=="}, "metadata" => %{"contentHash" => "B41B46CFA4A663DFB897D46A4D8A588E7DADBE69B4E520E6FC093A9E7174DCB6", "language" => "javascript", "size" => 12}, "path" => "file8.js"}, %{"encryptedContent" => "12gV4drc+dYque1G", "encryption" => %{"algorithm" => "aes-256-gcm", "authTag" => "NXcys72/G5tXYYX8x6RxaA==", "iv" => "HwnK5FKE/Xh8cKNgo88fyQ=="}, "metadata" => %{"contentHash" => "0DCDE3584FEC1AC095F492F3736D6C6CD80AE35F6D2C14599B09BAE39C61B796", "language" => "javascript", "size" => 12}, "path" => "file9.js"}, %{"encryptedContent" => "t1H64aMXbS1vpjrmSA==", "encryption" => %{"algorithm" => "aes-256-gcm", "authTag" => "oTS88jfChR+GfXyEUHJCoA==", "iv" => "Vsb+BA0Wpc1WP2pp0vI4Vg=="}, "metadata" => %{"contentHash" => "447A05B6324789CFF819D8E175D24DB61D8F878145504ADC9F5BD6437C430A56", "language" => "javascript", "size" => 13}, "path" => "file10.js"}, %{"encryptedContent" => "AiuLJCYbOtGB0QzQ/Q==", "encryption" => %{"algorithm" => "aes-256-gcm", "authTag" => "SwV9mIl/PU8wBtwlYNQ28w==", "iv" => "SBrKwCUwKqJJqkv+mLiORg=="}, "metadata" => %{"contentHash" => "3C5CF53539AE35CE74056A05C450EF9D15931AD7305DF289E7032A5927CCAA62", "language" => "javascript", "size" => 13}, "path" => "file11.js"}], "options" => %{}, "sessionId" => "a42579b09487ad6cc4a9c2cc575c0a65"}
  Pipelines: [:api]
14:25:29.342 request_id=GGRUMj2-IIVSb0wAAC8H [debug] QUERY OK source="api_keys" db=0.1ms
SELECT a0."id", a0."key", a0."name", a0."permissions", a0."active", a0."last_used_at", a0."expires_at", a0."customer_id", a0."inserted_at", a0."updated_at" FROM "api_keys" AS a0 WHERE ((a0."key" = $1) AND (a0."active" = $2)) ["rsolv_vlbIx8dCZcJpoeO7AnwRiixzNfUMDL46HTtGrgVAoJ8", true]
14:25:29.342 request_id=GGRUMj2-IIVSb0wAAC8H [debug] QUERY OK source="customers" db=0.0ms
SELECT c0."id", c0."name", c0."email", c0."monthly_limit", c0."current_usage", c0."active", c0."metadata", c0."password_hash", c0."is_staff", c0."admin_level", c0."trial_fixes_used", c0."trial_fixes_limit", c0."stripe_customer_id", c0."subscription_plan", c0."subscription_status", c0."rollover_fixes", c0."payment_method_added_at", c0."trial_expired_at", c0."fixes_used_this_month", c0."fixes_quota_this_month", c0."has_payment_method", c0."inserted_at", c0."updated_at" FROM "customers" AS c0 WHERE (c0."id" = $1) [72102]
14:25:29.342 request_id=GGRUMj2-IIVSb0wAAC8H [debug] No rate limit config for action ast_analysis, using default: 100/minute
14:25:29.342 request_id=GGRUMj2-IIVSb0wAAC8H [info] Sent 400 in 677µs
.14:25:29.343 [debug] QUERY OK source="customers" db=0.1ms queue=0.1ms
INSERT INTO "customers" ("active","name","metadata","email","is_staff","subscription_plan","monthly_limit","current_usage","fixes_quota_this_month","fixes_used_this_month","has_payment_method","rollover_fixes","subscription_status","trial_fixes_limit","trial_fixes_used","inserted_at","updated_at") VALUES ($1,$2,$3,$4,$5,$6,$7,$8,$9,$10,$11,$12,$13,$14,$15,$16,$17) RETURNING "id" [true, "Test Customer 12168", %{}, "test12168@example.com", false, "trial", 100, 15, 0, 0, false, 0, "active", 5, 0, ~N[2025-09-11 20:25:29], ~N[2025-09-11 20:25:29]]
14:25:29.343 [debug] QUERY OK source="api_keys" db=0.1ms
INSERT INTO "api_keys" ("active","name","permissions","key","customer_id","inserted_at","updated_at") VALUES ($1,$2,$3,$4,$5,$6,$7) RETURNING "id" [true, "Test Key", ["full_access"], "rsolv_sIDJqFXeNX-lkKDej-Eo7TPT83iFzYv-c4uakMx3rM4", 72103, ~U[2025-09-11 20:25:29Z], ~U[2025-09-11 20:25:29Z]]
14:25:29.343 request_id=GGRUMj3VMS6ZtwoAADAH [info] POST /api/v1/ast/analyze
14:25:29.343 request_id=GGRUMj3VMS6ZtwoAADAH [debug] Processing with RsolvWeb.Api.V1.ASTController.analyze/2
  Parameters: %{}
  Pipelines: [:api]
14:25:29.343 request_id=GGRUMj3VMS6ZtwoAADAH [info] Sent 401 in 50µs
.14:25:29.344 [debug] QUERY OK source="customers" db=0.1ms
INSERT INTO "customers" ("active","name","metadata","email","is_staff","subscription_plan","monthly_limit","current_usage","fixes_quota_this_month","fixes_used_this_month","has_payment_method","rollover_fixes","subscription_status","trial_fixes_limit","trial_fixes_used","inserted_at","updated_at") VALUES ($1,$2,$3,$4,$5,$6,$7,$8,$9,$10,$11,$12,$13,$14,$15,$16,$17) RETURNING "id" [true, "Test Customer 12424", %{}, "test12424@example.com", false, "trial", 100, 15, 0, 0, false, 0, "active", 5, 0, ~N[2025-09-11 20:25:29], ~N[2025-09-11 20:25:29]]
14:25:29.344 [debug] QUERY OK source="api_keys" db=0.1ms
INSERT INTO "api_keys" ("active","name","permissions","key","customer_id","inserted_at","updated_at") VALUES ($1,$2,$3,$4,$5,$6,$7) RETURNING "id" [true, "Test Key", ["full_access"], "rsolv_DTTfoZs8X3WVW_JuaG4cix33UhbfoN_hrMXAlcHxMys", 72104, ~U[2025-09-11 20:25:29Z], ~U[2025-09-11 20:25:29Z]]
14:25:29.344 request_id=GGRUMj3iCCCxgiUAADEH [info] POST /api/v1/ast/analyze
14:25:29.344 request_id=GGRUMj3iCCCxgiUAADEH [debug] Processing with RsolvWeb.Api.V1.ASTController.analyze/2
  Parameters: %{"files" => [%{"encryptedContent" => "LgELzCj7cx7VNro4l8lqBR7C10FH+IB9kL2ZJeYUGkmXBJu/CIwBcJXfo85qHwaRmchAek6V1LizQkVYcU7270LT8NoK03o15OJ7xynPuu9DEY5o3IBzwVMBtk6RzKrBCe/W", "encryption" => %{"algorithm" => "aes-256-gcm", "authTag" => "VH7dnABE/FZ312DqnDTb+w==", "iv" => "cRW0n7RCem0dvT1/fQmUYg=="}, "metadata" => %{"contentHash" => "7F8C7930566FBB3CF69691AFFF749DAF0A4CCD25CBD3A01A01D907D57F5BEB52", "language" => "javascript", "size" => 99}, "path" => "test.js"}], "options" => %{"includeSecurityPatterns" => true, "patternFormat" => "enhanced"}, "requestId" => "test-request-123", "sessionId" => "abe3803aab8d7813da47b26a2d7fd83e"}
  Pipelines: [:api]
14:25:29.344 request_id=GGRUMj3iCCCxgiUAADEH [debug] QUERY OK source="api_keys" db=0.1ms
SELECT a0."id", a0."key", a0."name", a0."permissions", a0."active", a0."last_used_at", a0."expires_at", a0."customer_id", a0."inserted_at", a0."updated_at" FROM "api_keys" AS a0 WHERE ((a0."key" = $1) AND (a0."active" = $2)) ["rsolv_DTTfoZs8X3WVW_JuaG4cix33UhbfoN_hrMXAlcHxMys", true]
14:25:29.345 request_id=GGRUMj3iCCCxgiUAADEH [debug] QUERY OK source="customers" db=0.1ms
SELECT c0."id", c0."name", c0."email", c0."monthly_limit", c0."current_usage", c0."active", c0."metadata", c0."password_hash", c0."is_staff", c0."admin_level", c0."trial_fixes_used", c0."trial_fixes_limit", c0."stripe_customer_id", c0."subscription_plan", c0."subscription_status", c0."rollover_fixes", c0."payment_method_added_at", c0."trial_expired_at", c0."fixes_used_this_month", c0."fixes_quota_this_month", c0."has_payment_method", c0."inserted_at", c0."updated_at" FROM "customers" AS c0 WHERE (c0."id" = $1) [72104]
14:25:29.345 request_id=GGRUMj3iCCCxgiUAADEH [debug] No rate limit config for action ast_analysis, using default: 100/minute
14:25:29.432 [debug] Parser response received
14:25:29.432 [info] AnalysisService: Loaded 30 patterns for javascript
14:25:29.433 [info] AnalysisService: Found 8 matches
14:25:29.433 [debug] Match confidence: 0.9500000000000002, min_confidence: 0.7, match: %{type: "js-sql-injection-concat", context: %{node_type: "BinaryExpression", depth: 6, parent_type: "VariableDeclarator", in_function: "test"}, location: %{depth: 6, end_column: 58, end_line: 2, start_line: 2, start_column: 16}, severity: "high", pattern_id: "js-sql-injection-concat", pattern_name: "SQL Injection via String Concatenation", recommendation: "Review this code for potential security issues", confidence: 0.9500000000000002, pattern_type: :sql_injection, min_confidence: 0.7}
14:25:29.433 [debug] Match confidence: 0.8, min_confidence: 0.7, match: %{type: "js-xss-jquery-html", context: %{node_type: "CallExpression", depth: 5, parent_type: "ExpressionStatement", in_function: "test"}, location: %{depth: 5, end_column: 17, end_line: 3, start_line: 3, start_column: 2}, severity: "high", pattern_id: "js-xss-jquery-html", pattern_name: "XSS via jQuery html()", recommendation: "Review this code for potential security issues", confidence: 0.8, pattern_type: :xss, min_confidence: 0.7}
14:25:29.433 [debug] Match confidence: 0.8500000000000001, min_confidence: 0.7, match: %{type: "js-path-traversal-concat", context: %{node_type: "BinaryExpression", depth: 6, parent_type: "VariableDeclarator", in_function: "test"}, location: %{depth: 6, end_column: 58, end_line: 2, start_line: 2, start_column: 16}, severity: "medium", pattern_id: "js-path-traversal-concat", pattern_name: "Path Traversal via String Concatenation", recommendation: "Review this code for potential security issues", confidence: 0.8500000000000001, pattern_type: :path_traversal, min_confidence: 0.7}
14:25:29.433 [debug] Match confidence: 0.5, min_confidence: 0.7, match: %{type: "js-nosql-injection", context: %{node_type: "CallExpression", depth: 5, parent_type: "ExpressionStatement", in_function: "test"}, location: %{depth: 5, end_column: 17, end_line: 3, start_line: 3, start_column: 2}, severity: "high", pattern_id: "js-nosql-injection", pattern_name: "NoSQL Injection", recommendation: "Review this code for potential security issues", confidence: 0.5, pattern_type: :nosql_injection, min_confidence: 0.7}
14:25:29.433 [debug] Match confidence: 0.5, min_confidence: 0.8, match: %{type: "js-ldap-injection", context: %{node_type: "CallExpression", depth: 5, parent_type: "ExpressionStatement", in_function: "test"}, location: %{depth: 5, end_column: 17, end_line: 3, start_line: 3, start_column: 2}, severity: "high", pattern_id: "js-ldap-injection", pattern_name: "LDAP Injection", recommendation: "Review this code for potential security issues", confidence: 0.5, pattern_type: :ldap_injection, min_confidence: 0.8}
14:25:29.433 [debug] Match confidence: 0.5, min_confidence: 0.8, match: %{type: "js-xpath-injection", context: %{node_type: "CallExpression", depth: 5, parent_type: "ExpressionStatement", in_function: "test"}, location: %{depth: 5, end_column: 17, end_line: 3, start_line: 3, start_column: 2}, severity: "high", pattern_id: "js-xpath-injection", pattern_name: "XPath Injection", recommendation: "Review this code for potential security issues", confidence: 0.5, pattern_type: :xpath_injection, min_confidence: 0.8}
14:25:29.433 [debug] Match confidence: 0.5, min_confidence: 0.7, match: %{type: "js-ssrf", context: %{node_type: "CallExpression", depth: 5, parent_type: "ExpressionStatement", in_function: "test"}, location: %{depth: 5, end_column: 17, end_line: 3, start_line: 3, start_column: 2}, severity: "medium", pattern_id: "js-ssrf", pattern_name: "Server-Side Request Forgery (SSRF)", recommendation: "Review this code for potential security issues", confidence: 0.5, pattern_type: :ssrf, min_confidence: 0.7}
14:25:29.433 [debug] Match confidence: 0.8999999999999999, min_confidence: 0.8, match: %{type: "js-insecure-deserialization", context: %{node_type: "CallExpression", depth: 5, parent_type: "ExpressionStatement", in_function: "test"}, location: %{depth: 5, end_column: 17, end_line: 3, start_line: 3, start_column: 2}, severity: "medium", pattern_id: "js-insecure-deserialization", pattern_name: "Insecure Deserialization", recommendation: "Review this code for potential security issues", confidence: 0.8999999999999999, pattern_type: :deserialization, min_confidence: 0.8}
14:25:29.433 request_id=GGRUMj3iCCCxgiUAADEH [info] Sent 200 in 89ms
.14:25:29.434 [debug] QUERY OK source="customers" db=0.3ms
INSERT INTO "customers" ("active","name","metadata","email","is_staff","subscription_plan","monthly_limit","current_usage","fixes_quota_this_month","fixes_used_this_month","has_payment_method","rollover_fixes","subscription_status","trial_fixes_limit","trial_fixes_used","inserted_at","updated_at") VALUES ($1,$2,$3,$4,$5,$6,$7,$8,$9,$10,$11,$12,$13,$14,$15,$16,$17) RETURNING "id" [true, "Test Customer 27906", %{}, "test27906@example.com", false, "trial", 100, 15, 0, 0, false, 0, "active", 5, 0, ~N[2025-09-11 20:25:29], ~N[2025-09-11 20:25:29]]
14:25:29.435 [debug] QUERY OK source="api_keys" db=0.1ms
INSERT INTO "api_keys" ("active","name","permissions","key","customer_id","inserted_at","updated_at") VALUES ($1,$2,$3,$4,$5,$6,$7) RETURNING "id" [true, "Test Key", ["full_access"], "rsolv_qjynDdKUX-ia4Ium5gltrPm34Z2wW-CKEnhib1gNoc0", 72105, ~U[2025-09-11 20:25:29Z], ~U[2025-09-11 20:25:29Z]]
14:25:29.435 request_id=GGRUMkNIBux0b9IAAG2B [info] POST /api/v1/ast/analyze
14:25:29.435 request_id=GGRUMkNIBux0b9IAAG2B [debug] Processing with RsolvWeb.Api.V1.ASTController.analyze/2
  Parameters: %{}
  Pipelines: [:api]
14:25:29.435 request_id=GGRUMkNIBux0b9IAAG2B [debug] QUERY OK source="api_keys" db=0.0ms
SELECT a0."id", a0."key", a0."name", a0."permissions", a0."active", a0."last_used_at", a0."expires_at", a0."customer_id", a0."inserted_at", a0."updated_at" FROM "api_keys" AS a0 WHERE ((a0."key" = $1) AND (a0."active" = $2)) ["invalid-key", true]
14:25:29.435 request_id=GGRUMkNIBux0b9IAAG2B [info] Sent 401 in 181µs
.14:25:29.435 [debug] QUERY OK source="customers" db=0.1ms
INSERT INTO "customers" ("active","name","metadata","email","is_staff","subscription_plan","monthly_limit","current_usage","fixes_quota_this_month","fixes_used_this_month","has_payment_method","rollover_fixes","subscription_status","trial_fixes_limit","trial_fixes_used","inserted_at","updated_at") VALUES ($1,$2,$3,$4,$5,$6,$7,$8,$9,$10,$11,$12,$13,$14,$15,$16,$17) RETURNING "id" [true, "Test Customer 15497", %{}, "test15497@example.com", false, "trial", 100, 15, 0, 0, false, 0, "active", 5, 0, ~N[2025-09-11 20:25:29], ~N[2025-09-11 20:25:29]]
14:25:29.436 [debug] QUERY OK source="api_keys" db=0.1ms
INSERT INTO "api_keys" ("active","name","permissions","key","customer_id","inserted_at","updated_at") VALUES ($1,$2,$3,$4,$5,$6,$7) RETURNING "id" [true, "Test Key", ["full_access"], "rsolv_bg1Ltb3uRGJCVOY43Zqb-CxdeDo-DXTlG0rBkUA2I1w", 72106, ~U[2025-09-11 20:25:29Z], ~U[2025-09-11 20:25:29Z]]
14:25:29.436 request_id=GGRUMkNXohzsys8AADGH [info] POST /api/v1/ast/analyze
14:25:29.436 request_id=GGRUMkNXohzsys8AADGH [debug] Processing with RsolvWeb.Api.V1.ASTController.analyze/2
  Parameters: %{"files" => [%{"encryptedContent" => "Th8OzPjBAKhuomar", "encryption" => %{"algorithm" => "aes-256-gcm", "authTag" => "G6eX+DZY1hFEUeCp4YWF5Q==", "iv" => "Vc8Fxtf6zyPWT4Jq9rFW0A=="}, "metadata" => %{"contentHash" => "3F41CBB303012F33212C92326B27F6CC604FD414E20315CB10F2BE7F1F6BB83C", "language" => "javascript", "size" => 11534336}, "path" => "large.js"}], "options" => %{}, "sessionId" => "4ba4300d011075a5f466b6337cd9acaf"}
  Pipelines: [:api]
14:25:29.436 request_id=GGRUMkNXohzsys8AADGH [debug] QUERY OK source="api_keys" db=0.0ms
SELECT a0."id", a0."key", a0."name", a0."permissions", a0."active", a0."last_used_at", a0."expires_at", a0."customer_id", a0."inserted_at", a0."updated_at" FROM "api_keys" AS a0 WHERE ((a0."key" = $1) AND (a0."active" = $2)) ["rsolv_bg1Ltb3uRGJCVOY43Zqb-CxdeDo-DXTlG0rBkUA2I1w", true]
14:25:29.436 request_id=GGRUMkNXohzsys8AADGH [debug] QUERY OK source="customers" db=0.0ms
SELECT c0."id", c0."name", c0."email", c0."monthly_limit", c0."current_usage", c0."active", c0."metadata", c0."password_hash", c0."is_staff", c0."admin_level", c0."trial_fixes_used", c0."trial_fixes_limit", c0."stripe_customer_id", c0."subscription_plan", c0."subscription_status", c0."rollover_fixes", c0."payment_method_added_at", c0."trial_expired_at", c0."fixes_used_this_month", c0."fixes_quota_this_month", c0."has_payment_method", c0."inserted_at", c0."updated_at" FROM "customers" AS c0 WHERE (c0."id" = $1) [72106]
14:25:29.436 request_id=GGRUMkNXohzsys8AADGH [debug] No rate limit config for action ast_analysis, using default: 100/minute
14:25:29.436 request_id=GGRUMkNXohzsys8AADGH [info] Sent 400 in 513µs
.14:25:29.437 request_id=GGRUMkNlfQhKyD0AACgJ [info] GET /
14:25:29.437 request_id=GGRUMkNlfQhKyD0AACgJ [debug] Processing with RsolvWeb.HomeLive.index/2
  Parameters: %{}
  Pipelines: [:browser]
14:25:29.437 request_id=GGRUMkNlfQhKyD0AACgJ [info] Analytics event tracked
14:25:29.437 request_id=GGRUMkNlfQhKyD0AACgJ [debug] QUERY OK db=0.1ms queue=0.1ms
SELECT create_analytics_partition_if_not_exists($1::date) [~D[2025-09-11]]
14:25:29.437 request_id=GGRUMkNlfQhKyD0AACgJ [debug] QUERY OK source="analytics_events" db=0.1ms
INSERT INTO "analytics_events" ("metadata","event_type","visitor_id","page_path","inserted_at","updated_at") VALUES ($1,$2,$3,$4,$5,$6) RETURNING "id" [%{}, "page_view", "561c5c298aeae9b1fbe6e8701df5d502", "/", ~N[2025-09-11 20:25:29], ~N[2025-09-11 20:25:29]]
14:25:29.438 request_id=GGRUMkNlfQhKyD0AACgJ [debug] QUERY OK source="fun_with_flags_toggles" db=0.1ms
SELECT f0."id", f0."flag_name", f0."gate_type", f0."target", f0."enabled" FROM "fun_with_flags_toggles" AS f0 WHERE (f0."flag_name" = $1) ["blog"]
14:25:29.438 request_id=GGRUMkNlfQhKyD0AACgJ [debug] Telemetry event: [:fun_with_flags, :persistence, :read], metadata: %{flag_name: :blog, gate: nil}, measurements: %{system_time: 1757622329438101817}
14:25:29.438 request_id=GGRUMkNlfQhKyD0AACgJ [info] ROI Calculator LiveComponent mounting...
14:25:29.438 request_id=GGRUMkNlfQhKyD0AACgJ [info] ROI Calculator LiveComponent mounted
14:25:29.438 request_id=GGRUMkNlfQhKyD0AACgJ [info] Sent 200 in 1ms
14:25:29.439 [debug] MOUNT RsolvWeb.HomeLive
  Parameters: %{}
  Session: %{"_csrf_token" => "KUGgyGhQJQCb8FUl3wSBceI1"}
14:25:29.439 [info] Analytics event tracked
14:25:29.439 [debug] QUERY OK db=0.0ms queue=0.1ms
SELECT create_analytics_partition_if_not_exists($1::date) [~D[2025-09-11]]
14:25:29.439 [debug] QUERY OK source="analytics_events" db=0.0ms
INSERT INTO "analytics_events" ("metadata","event_type","visitor_id","page_path","inserted_at","updated_at") VALUES ($1,$2,$3,$4,$5,$6) RETURNING "id" [%{}, "page_view", "109dc4856895bc64248ffc1a5d5b6f38", "/", ~N[2025-09-11 20:25:29], ~N[2025-09-11 20:25:29]]
14:25:29.439 [debug] Replied in 401µs
14:25:29.439 [debug] QUERY OK source="fun_with_flags_toggles" db=0.0ms
SELECT f0."id", f0."flag_name", f0."gate_type", f0."target", f0."enabled" FROM "fun_with_flags_toggles" AS f0 WHERE (f0."flag_name" = $1) ["blog"]
14:25:29.439 [debug] Telemetry event: [:fun_with_flags, :persistence, :read], metadata: %{flag_name: :blog, gate: nil}, measurements: %{system_time: 1757622329439895652}
14:25:29.439 [info] ROI Calculator LiveComponent mounting...
14:25:29.439 [info] ROI Calculator LiveComponent mounted
.14:25:29.442 request_id=GGRUMkOwr9G0XPwAAG4B [info] GET /
14:25:29.442 request_id=GGRUMkOwr9G0XPwAAG4B [debug] Processing with RsolvWeb.HomeLive.index/2
  Parameters: %{}
  Pipelines: [:browser]
14:25:29.442 request_id=GGRUMkOwr9G0XPwAAG4B [info] Analytics event tracked
14:25:29.442 request_id=GGRUMkOwr9G0XPwAAG4B [debug] QUERY OK db=0.0ms
SELECT create_analytics_partition_if_not_exists($1::date) [~D[2025-09-11]]
14:25:29.442 request_id=GGRUMkOwr9G0XPwAAG4B [debug] QUERY OK source="analytics_events" db=0.0ms
INSERT INTO "analytics_events" ("metadata","event_type","visitor_id","page_path","inserted_at","updated_at") VALUES ($1,$2,$3,$4,$5,$6) RETURNING "id" [%{}, "page_view", "73f320f8e6f965c675536c25d8bbcceb", "/", ~N[2025-09-11 20:25:29], ~N[2025-09-11 20:25:29]]
14:25:29.442 request_id=GGRUMkOwr9G0XPwAAG4B [debug] QUERY OK source="fun_with_flags_toggles" db=0.0ms
SELECT f0."id", f0."flag_name", f0."gate_type", f0."target", f0."enabled" FROM "fun_with_flags_toggles" AS f0 WHERE (f0."flag_name" = $1) ["blog"]
14:25:29.442 request_id=GGRUMkOwr9G0XPwAAG4B [debug] Telemetry event: [:fun_with_flags, :persistence, :read], metadata: %{flag_name: :blog, gate: nil}, measurements: %{system_time: 1757622329442605633}
14:25:29.442 request_id=GGRUMkOwr9G0XPwAAG4B [info] ROI Calculator LiveComponent mounting...
14:25:29.442 request_id=GGRUMkOwr9G0XPwAAG4B [info] ROI Calculator LiveComponent mounted
14:25:29.442 request_id=GGRUMkOwr9G0XPwAAG4B [info] Sent 200 in 694µs
14:25:29.443 [debug] MOUNT RsolvWeb.HomeLive
  Parameters: %{}
  Session: %{"_csrf_token" => "fAKpma9pH5mm8xqulUZkVqav"}
14:25:29.443 [info] Analytics event tracked
14:25:29.444 [debug] QUERY OK db=0.0ms
SELECT create_analytics_partition_if_not_exists($1::date) [~D[2025-09-11]]
14:25:29.444 [debug] QUERY OK source="analytics_events" db=0.0ms
INSERT INTO "analytics_events" ("metadata","event_type","visitor_id","page_path","inserted_at","updated_at") VALUES ($1,$2,$3,$4,$5,$6) RETURNING "id" [%{}, "page_view", "d07225fb32db8d0993f1ae0d1b242826", "/", ~N[2025-09-11 20:25:29], ~N[2025-09-11 20:25:29]]
14:25:29.444 [debug] Replied in 418µs
14:25:29.444 [debug] QUERY OK source="fun_with_flags_toggles" db=0.0ms
SELECT f0."id", f0."flag_name", f0."gate_type", f0."target", f0."enabled" FROM "fun_with_flags_toggles" AS f0 WHERE (f0."flag_name" = $1) ["blog"]
14:25:29.444 [debug] Telemetry event: [:fun_with_flags, :persistence, :read], metadata: %{flag_name: :blog, gate: nil}, measurements: %{system_time: 1757622329444292986}
14:25:29.444 [info] ROI Calculator LiveComponent mounting...
14:25:29.444 [info] ROI Calculator LiveComponent mounted
.14:25:29.446 request_id=GGRUMkP4SvZsvUMAAG8B [info] GET /
14:25:29.446 request_id=GGRUMkP4SvZsvUMAAG8B [debug] Processing with RsolvWeb.HomeLive.index/2
  Parameters: %{}
  Pipelines: [:browser]
14:25:29.446 request_id=GGRUMkP4SvZsvUMAAG8B [info] Analytics event tracked
14:25:29.447 request_id=GGRUMkP4SvZsvUMAAG8B [debug] QUERY OK db=0.0ms
SELECT create_analytics_partition_if_not_exists($1::date) [~D[2025-09-11]]
14:25:29.447 request_id=GGRUMkP4SvZsvUMAAG8B [debug] QUERY OK source="analytics_events" db=0.0ms
INSERT INTO "analytics_events" ("metadata","event_type","visitor_id","page_path","inserted_at","updated_at") VALUES ($1,$2,$3,$4,$5,$6) RETURNING "id" [%{}, "page_view", "ff8d3ac97d103aca93dd28a3519b9b77", "/", ~N[2025-09-11 20:25:29], ~N[2025-09-11 20:25:29]]
14:25:29.447 request_id=GGRUMkP4SvZsvUMAAG8B [debug] QUERY OK source="fun_with_flags_toggles" db=0.0ms
SELECT f0."id", f0."flag_name", f0."gate_type", f0."target", f0."enabled" FROM "fun_with_flags_toggles" AS f0 WHERE (f0."flag_name" = $1) ["blog"]
14:25:29.447 request_id=GGRUMkP4SvZsvUMAAG8B [debug] Telemetry event: [:fun_with_flags, :persistence, :read], metadata: %{flag_name: :blog, gate: nil}, measurements: %{system_time: 1757622329447560301}
14:25:29.447 request_id=GGRUMkP4SvZsvUMAAG8B [info] ROI Calculator LiveComponent mounting...
14:25:29.447 request_id=GGRUMkP4SvZsvUMAAG8B [info] ROI Calculator LiveComponent mounted
14:25:29.447 request_id=GGRUMkP4SvZsvUMAAG8B [info] Sent 200 in 975µs
14:25:29.448 [debug] MOUNT RsolvWeb.HomeLive
  Parameters: %{}
  Session: %{"_csrf_token" => "Rq-HTxRmZouH5ba7IR2_hGp5"}
14:25:29.448 [info] Analytics event tracked
14:25:29.448 [debug] QUERY OK db=0.0ms
SELECT create_analytics_partition_if_not_exists($1::date) [~D[2025-09-11]]
14:25:29.449 [debug] QUERY OK source="analytics_events" db=0.0ms
INSERT INTO "analytics_events" ("metadata","event_type","visitor_id","page_path","inserted_at","updated_at") VALUES ($1,$2,$3,$4,$5,$6) RETURNING "id" [%{}, "page_view", "a278adf16526686cc440cb6526664ffd", "/", ~N[2025-09-11 20:25:29], ~N[2025-09-11 20:25:29]]
14:25:29.449 [debug] Replied in 419µs
14:25:29.449 [debug] QUERY OK source="fun_with_flags_toggles" db=0.0ms
SELECT f0."id", f0."flag_name", f0."gate_type", f0."target", f0."enabled" FROM "fun_with_flags_toggles" AS f0 WHERE (f0."flag_name" = $1) ["blog"]
14:25:29.449 [debug] Telemetry event: [:fun_with_flags, :persistence, :read], metadata: %{flag_name: :blog, gate: nil}, measurements: %{system_time: 1757622329449298752}
14:25:29.449 [info] ROI Calculator LiveComponent mounting...
14:25:29.449 [info] ROI Calculator LiveComponent mounted
.14:25:29.451 request_id=GGRUMkQ_AsDcuUcAACkJ [info] GET /
14:25:29.451 request_id=GGRUMkQ_AsDcuUcAACkJ [debug] Processing with RsolvWeb.HomeLive.index/2
  Parameters: %{}
  Pipelines: [:browser]
14:25:29.451 request_id=GGRUMkQ_AsDcuUcAACkJ [info] Analytics event tracked
14:25:29.451 request_id=GGRUMkQ_AsDcuUcAACkJ [debug] QUERY OK db=0.1ms queue=0.1ms
SELECT create_analytics_partition_if_not_exists($1::date) [~D[2025-09-11]]
14:25:29.452 request_id=GGRUMkQ_AsDcuUcAACkJ [debug] QUERY OK source="analytics_events" db=0.0ms queue=0.1ms
INSERT INTO "analytics_events" ("metadata","event_type","visitor_id","page_path","inserted_at","updated_at") VALUES ($1,$2,$3,$4,$5,$6) RETURNING "id" [%{}, "page_view", "56d6e1bd5bcb4270c92010dfafe87b5c", "/", ~N[2025-09-11 20:25:29], ~N[2025-09-11 20:25:29]]
14:25:29.452 request_id=GGRUMkQ_AsDcuUcAACkJ [debug] QUERY OK source="fun_with_flags_toggles" db=0.0ms
SELECT f0."id", f0."flag_name", f0."gate_type", f0."target", f0."enabled" FROM "fun_with_flags_toggles" AS f0 WHERE (f0."flag_name" = $1) ["blog"]
14:25:29.452 request_id=GGRUMkQ_AsDcuUcAACkJ [debug] Telemetry event: [:fun_with_flags, :persistence, :read], metadata: %{flag_name: :blog, gate: nil}, measurements: %{system_time: 1757622329452247824}
14:25:29.452 request_id=GGRUMkQ_AsDcuUcAACkJ [info] ROI Calculator LiveComponent mounting...
14:25:29.452 request_id=GGRUMkQ_AsDcuUcAACkJ [info] ROI Calculator LiveComponent mounted
14:25:29.452 request_id=GGRUMkQ_AsDcuUcAACkJ [info] Sent 200 in 993µs
14:25:29.453 [debug] MOUNT RsolvWeb.HomeLive
  Parameters: %{}
  Session: %{"_csrf_token" => "haDYoQNS42TZE7Fm-ojgTCay"}
14:25:29.453 [info] Analytics event tracked
14:25:29.453 [debug] QUERY OK db=0.0ms
SELECT create_analytics_partition_if_not_exists($1::date) [~D[2025-09-11]]
14:25:29.453 [debug] QUERY OK source="analytics_events" db=0.0ms
INSERT INTO "analytics_events" ("metadata","event_type","visitor_id","page_path","inserted_at","updated_at") VALUES ($1,$2,$3,$4,$5,$6) RETURNING "id" [%{}, "page_view", "5dc7943bb3248b61da4568c09db85b61", "/", ~N[2025-09-11 20:25:29], ~N[2025-09-11 20:25:29]]
14:25:29.453 [debug] Replied in 302µs
14:25:29.453 [debug] QUERY OK source="fun_with_flags_toggles" db=0.0ms
SELECT f0."id", f0."flag_name", f0."gate_type", f0."target", f0."enabled" FROM "fun_with_flags_toggles" AS f0 WHERE (f0."flag_name" = $1) ["blog"]
14:25:29.453 [debug] Telemetry event: [:fun_with_flags, :persistence, :read], metadata: %{flag_name: :blog, gate: nil}, measurements: %{system_time: 1757622329453681155}
14:25:29.453 [info] ROI Calculator LiveComponent mounting...
14:25:29.453 [info] ROI Calculator LiveComponent mounted
.14:25:29.455 request_id=GGRUMkR-MQCWSGkAACaL [info] GET /
14:25:29.455 request_id=GGRUMkR-MQCWSGkAACaL [debug] Processing with RsolvWeb.HomeLive.index/2
  Parameters: %{}
  Pipelines: [:browser]
14:25:29.455 request_id=GGRUMkR-MQCWSGkAACaL [info] Analytics event tracked
14:25:29.455 request_id=GGRUMkR-MQCWSGkAACaL [debug] QUERY OK db=0.0ms
SELECT create_analytics_partition_if_not_exists($1::date) [~D[2025-09-11]]
14:25:29.455 request_id=GGRUMkR-MQCWSGkAACaL [debug] QUERY OK source="analytics_events" db=0.0ms
INSERT INTO "analytics_events" ("metadata","event_type","visitor_id","page_path","inserted_at","updated_at") VALUES ($1,$2,$3,$4,$5,$6) RETURNING "id" [%{}, "page_view", "109935ac513e0f6678b3bf5f66e248b8", "/", ~N[2025-09-11 20:25:29], ~N[2025-09-11 20:25:29]]
14:25:29.456 request_id=GGRUMkR-MQCWSGkAACaL [debug] QUERY OK source="fun_with_flags_toggles" db=0.0ms
SELECT f0."id", f0."flag_name", f0."gate_type", f0."target", f0."enabled" FROM "fun_with_flags_toggles" AS f0 WHERE (f0."flag_name" = $1) ["blog"]
14:25:29.456 request_id=GGRUMkR-MQCWSGkAACaL [debug] Telemetry event: [:fun_with_flags, :persistence, :read], metadata: %{flag_name: :blog, gate: nil}, measurements: %{system_time: 1757622329456098495}
14:25:29.456 request_id=GGRUMkR-MQCWSGkAACaL [info] ROI Calculator LiveComponent mounting...
14:25:29.456 request_id=GGRUMkR-MQCWSGkAACaL [info] ROI Calculator LiveComponent mounted
14:25:29.456 request_id=GGRUMkR-MQCWSGkAACaL [info] Sent 200 in 695µs
14:25:29.457 [debug] MOUNT RsolvWeb.HomeLive
  Parameters: %{}
  Session: %{"_csrf_token" => "u6h8UN29C6njGuzLb81x-gVi"}
14:25:29.457 [info] Analytics event tracked
14:25:29.457 [debug] QUERY OK db=0.0ms
SELECT create_analytics_partition_if_not_exists($1::date) [~D[2025-09-11]]
14:25:29.457 [debug] QUERY OK source="analytics_events" db=0.0ms
INSERT INTO "analytics_events" ("metadata","event_type","visitor_id","page_path","inserted_at","updated_at") VALUES ($1,$2,$3,$4,$5,$6) RETURNING "id" [%{}, "page_view", "ee84c3bb6f9a65c664fdb920d0008032", "/", ~N[2025-09-11 20:25:29], ~N[2025-09-11 20:25:29]]
14:25:29.457 [debug] Replied in 290µs
14:25:29.457 [debug] QUERY OK source="fun_with_flags_toggles" db=0.0ms
SELECT f0."id", f0."flag_name", f0."gate_type", f0."target", f0."enabled" FROM "fun_with_flags_toggles" AS f0 WHERE (f0."flag_name" = $1) ["blog"]
14:25:29.457 [debug] Telemetry event: [:fun_with_flags, :persistence, :read], metadata: %{flag_name: :blog, gate: nil}, measurements: %{system_time: 1757622329457567365}
14:25:29.457 [info] ROI Calculator LiveComponent mounting...
14:25:29.457 [info] ROI Calculator LiveComponent mounted
...........14:25:29.460 request_id=GGRUMkTEecgtd7wAAD0I [info] GET /api/v1/patterns/nonexistent-pattern/metadata
14:25:29.460 request_id=GGRUMkTEecgtd7wAAD0I [debug] Processing with RsolvWeb.Api.V1.PatternController.metadata/2
  Parameters: %{"id" => "nonexistent-pattern"}
  Pipelines: [:api]
14:25:29.460 request_id=GGRUMkTEecgtd7wAAD0I [info] Sent 404 in 106µs
.14:25:29.460 request_id=GGRUMkTJvTqWJhMAACeL [info] GET /api/v1/patterns/js-sql-injection-concat/metadata
14:25:29.460 request_id=GGRUMkTJvTqWJhMAACeL [debug] Processing with RsolvWeb.Api.V1.PatternController.metadata/2
  Parameters: %{"id" => "js-sql-injection-concat"}
  Pipelines: [:api]
14:25:29.460 request_id=GGRUMkTJvTqWJhMAACeL [info] Sent 200 in 71µs
14:25:29.460 request_id=GGRUMkTLe_KWJhMAACgL [info] GET /api/v1/patterns/js-sql-injection-interpolation/metadata
14:25:29.460 request_id=GGRUMkTLe_KWJhMAACgL [debug] Processing with RsolvWeb.Api.V1.PatternController.metadata/2
  Parameters: %{"id" => "js-sql-injection-interpolation"}
  Pipelines: [:api]
14:25:29.460 request_id=GGRUMkTLe_KWJhMAACgL [info] Sent 200 in 46µs
.14:25:29.460 request_id=GGRUMkTMnPSWJhMAACiL [info] GET /api/v1/patterns/js-xss-innerhtml/metadata
14:25:29.460 request_id=GGRUMkTMnPSWJhMAACiL [debug] Processing with RsolvWeb.Api.V1.PatternController.metadata/2
  Parameters: %{"id" => "js-xss-innerhtml"}
  Pipelines: [:api]
14:25:29.460 request_id=GGRUMkTMnPSWJhMAACiL [info] Sent 200 in 36µs
14:25:29.460 request_id=GGRUMkTNw5-WJhMAACkL [info] GET /api/v1/patterns/js-xss-document-write/metadata
14:25:29.460 request_id=GGRUMkTNw5-WJhMAACkL [debug] Processing with RsolvWeb.Api.V1.PatternController.metadata/2
  Parameters: %{"id" => "js-xss-document-write"}
  Pipelines: [:api]
14:25:29.460 request_id=GGRUMkTNw5-WJhMAACkL [info] Sent 200 in 35µs
14:25:29.460 request_id=GGRUMkTOx3aWJhMAACmL [info] GET /api/v1/patterns/js-command-injection-exec/metadata
14:25:29.460 request_id=GGRUMkTOx3aWJhMAACmL [debug] Processing with RsolvWeb.Api.V1.PatternController.metadata/2
  Parameters: %{"id" => "js-command-injection-exec"}
  Pipelines: [:api]
14:25:29.460 request_id=GGRUMkTOx3aWJhMAACmL [info] Sent 200 in 26µs
14:25:29.461 request_id=GGRUMkTR2zYVb4sAADIH [info] GET /api/v1/patterns/js-command-injection-exec/metadata
14:25:29.461 request_id=GGRUMkTR2zYVb4sAADIH [debug] Processing with RsolvWeb.Api.V1.PatternController.metadata/2
  Parameters: %{"id" => "js-command-injection-exec"}
  Pipelines: [:api]
14:25:29.461 request_id=GGRUMkTR2zYVb4sAADIH [info] Sent 200 in 62µs
.14:25:29.461 request_id=GGRUMkTWn6YB4O8AADKH [info] GET /api/v1/patterns/non-existent-pattern/metadata
14:25:29.461 request_id=GGRUMkTWn6YB4O8AADKH [debug] Processing with RsolvWeb.Api.V1.PatternController.metadata/2
  Parameters: %{"id" => "non-existent-pattern"}
  Pipelines: [:api]
14:25:29.461 request_id=GGRUMkTWn6YB4O8AADKH [info] Sent 404 in 35µs
.14:25:29.461 [debug] QUERY OK source="customers" db=0.0ms
INSERT INTO "customers" ("active","name","metadata","email","is_staff","subscription_plan","monthly_limit","current_usage","fixes_quota_this_month","fixes_used_this_month","has_payment_method","rollover_fixes","subscription_status","trial_fixes_limit","trial_fixes_used","inserted_at","updated_at") VALUES ($1,$2,$3,$4,$5,$6,$7,$8,$9,$10,$11,$12,$13,$14,$15,$16,$17) RETURNING "id" [true, "Test Customer 10764", %{}, "test10764@example.com", false, "trial", 100, 0, 0, 0, false, 0, "active", 5, 0, ~N[2025-09-11 20:25:29], ~N[2025-09-11 20:25:29]]
14:25:29.461 [debug] QUERY OK source="forge_accounts" db=0.1ms
INSERT INTO "forge_accounts" ("metadata","namespace","customer_id","forge_type","verified_at","inserted_at","updated_at") VALUES ($1,$2,$3,$4,$5,$6,$7) RETURNING "id" [%{}, "test-org-10764", 72107, :github, ~U[2025-09-11 20:25:29.461762Z], ~U[2025-09-11 20:25:29.461770Z], ~U[2025-09-11 20:25:29.461770Z]]
14:25:29.462 [debug] QUERY OK source="cached_validations" db=0.3ms
UPDATE "cached_validations" AS c0 SET "invalidated_at" = $1, "invalidation_reason" = $2 WHERE (c0."forge_account_id" = $3) AND (c0."repository" = $4) AND (c0."invalidated_at" IS NULL) AND (EXISTS (SELECT 1 FROM jsonb_array_elements(c0."locations") AS loc WHERE loc->>'file_path' = $5)) [~U[2025-09-11 20:25:29.461965Z], "file_change", 56664, "RSOLV-dev/nodegoat", "nonexistent.js"]
14:25:29.462 [info] Invalidated cache entries for file change
.14:25:29.462 [debug] QUERY OK source="customers" db=0.0ms
INSERT INTO "customers" ("active","name","metadata","email","is_staff","subscription_plan","monthly_limit","current_usage","fixes_quota_this_month","fixes_used_this_month","has_payment_method","rollover_fixes","subscription_status","trial_fixes_limit","trial_fixes_used","inserted_at","updated_at") VALUES ($1,$2,$3,$4,$5,$6,$7,$8,$9,$10,$11,$12,$13,$14,$15,$16,$17) RETURNING "id" [true, "Test Customer 10892", %{}, "test10892@example.com", false, "trial", 100, 0, 0, 0, false, 0, "active", 5, 0, ~N[2025-09-11 20:25:29], ~N[2025-09-11 20:25:29]]
14:25:29.462 [debug] QUERY OK source="forge_accounts" db=0.0ms
INSERT INTO "forge_accounts" ("metadata","namespace","customer_id","forge_type","verified_at","inserted_at","updated_at") VALUES ($1,$2,$3,$4,$5,$6,$7) RETURNING "id" [%{}, "test-org-10892", 72108, :github, ~U[2025-09-11 20:25:29.462654Z], ~U[2025-09-11 20:25:29.462660Z], ~U[2025-09-11 20:25:29.462660Z]]
14:25:29.463 [debug] QUERY OK source="cached_validations" db=0.2ms queue=0.1ms
INSERT INTO "cached_validations" ("reason","cache_key","repository","confidence","forge_account_id","locations","vulnerability_type","file_hashes","is_false_positive","ttl_expires_at","cached_at","inserted_at","updated_at") VALUES ($1,$2,$3,$4,$5,$6,$7,$8,$9,$10,$11,$12,$13) ON CONFLICT ("cache_key") DO UPDATE SET "updated_at" = EXCLUDED."updated_at","inserted_at" = EXCLUDED."inserted_at","forge_account_id" = EXCLUDED."forge_account_id","invalidation_reason" = EXCLUDED."invalidation_reason","invalidated_at" = EXCLUDED."invalidated_at","ttl_expires_at" = EXCLUDED."ttl_expires_at","cached_at" = EXCLUDED."cached_at","full_result" = EXCLUDED."full_result","reason" = EXCLUDED."reason","confidence" = EXCLUDED."confidence","is_false_positive" = EXCLUDED."is_false_positive","file_hashes" = EXCLUDED."file_hashes","locations" = EXCLUDED."locations","vulnerability_type" = EXCLUDED."vulnerability_type","repository" = EXCLUDED."repository","cache_key" = EXCLUDED."cache_key" RETURNING "id","updated_at","inserted_at","forge_account_id","invalidation_reason","invalidated_at","ttl_expires_at","cached_at","full_result","reason","confidence","is_false_positive","file_hashes","locations","vulnerability_type","repository","cache_key" ["No user input flow detected", "56665/RSOLV-dev/nodegoat/[app.js:42]:sql-injection", "RSOLV-dev/nodegoat", Decimal.new("0.95"), 56665, [%{line: 42, file_path: "app.js"}], "sql-injection", %{"app.js" => "sha256:abc123"}, true, ~U[2025-12-10 20:25:29.462791Z], ~U[2025-09-11 20:25:29.462791Z], ~U[2025-09-11 20:25:29.462844Z], ~U[2025-09-11 20:25:29.462844Z]]
14:25:29.463 [debug] Cached validation stored
14:25:29.463 [debug] QUERY OK source="cached_validations" db=0.1ms
SELECT c0."id", c0."cache_key", c0."repository", c0."vulnerability_type", c0."locations", c0."file_hashes", c0."is_false_positive", c0."confidence", c0."reason", c0."full_result", c0."cached_at", c0."ttl_expires_at", c0."invalidated_at", c0."invalidation_reason", c0."forge_account_id", c0."inserted_at", c0."updated_at" FROM "cached_validations" AS c0 WHERE (c0."cache_key" = $1) AND (c0."invalidated_at" IS NULL) ["56665/RSOLV-dev/nodegoat/[app.js:42]:sql-injection"]
14:25:29.463 [debug] Cache hit
14:25:29.463 [debug] QUERY OK source="cached_validations" db=0.0ms
SELECT c0."id", c0."cache_key", c0."repository", c0."vulnerability_type", c0."locations", c0."file_hashes", c0."is_false_positive", c0."confidence", c0."reason", c0."full_result", c0."cached_at", c0."ttl_expires_at", c0."invalidated_at", c0."invalidation_reason", c0."forge_account_id", c0."inserted_at", c0."updated_at" FROM "cached_validations" AS c0 WHERE (c0."id" = $1) [785134]
14:25:29.463 [debug] QUERY OK source="cached_validations" db=0.0ms
UPDATE "cached_validations" SET "invalidated_at" = $1, "invalidation_reason" = $2, "updated_at" = $3 WHERE "id" = $4 [~U[2025-09-11 20:25:29.463705Z], "manual", ~U[2025-09-11 20:25:29.463716Z], 785134]
14:25:29.463 [info] Cache entry invalidated
14:25:29.463 [debug] QUERY OK source="cached_validations" db=0.0ms
SELECT c0."id", c0."cache_key", c0."repository", c0."vulnerability_type", c0."locations", c0."file_hashes", c0."is_false_positive", c0."confidence", c0."reason", c0."full_result", c0."cached_at", c0."ttl_expires_at", c0."invalidated_at", c0."invalidation_reason", c0."forge_account_id", c0."inserted_at", c0."updated_at" FROM "cached_validations" AS c0 WHERE (c0."cache_key" = $1) AND (c0."invalidated_at" IS NULL) ["56665/RSOLV-dev/nodegoat/[app.js:42]:sql-injection"]
14:25:29.463 [debug] Cache miss
.14:25:29.464 [debug] QUERY OK source="customers" db=0.1ms
INSERT INTO "customers" ("active","name","metadata","email","is_staff","subscription_plan","monthly_limit","current_usage","fixes_quota_this_month","fixes_used_this_month","has_payment_method","rollover_fixes","subscription_status","trial_fixes_limit","trial_fixes_used","inserted_at","updated_at") VALUES ($1,$2,$3,$4,$5,$6,$7,$8,$9,$10,$11,$12,$13,$14,$15,$16,$17) RETURNING "id" [true, "Test Customer 11020", %{}, "test11020@example.com", false, "trial", 100, 0, 0, 0, false, 0, "active", 5, 0, ~N[2025-09-11 20:25:29], ~N[2025-09-11 20:25:29]]
14:25:29.464 [debug] QUERY OK source="forge_accounts" db=0.0ms
INSERT INTO "forge_accounts" ("metadata","namespace","customer_id","forge_type","verified_at","inserted_at","updated_at") VALUES ($1,$2,$3,$4,$5,$6,$7) RETURNING "id" [%{}, "test-org-11020", 72109, :github, ~U[2025-09-11 20:25:29.464286Z], ~U[2025-09-11 20:25:29.464292Z], ~U[2025-09-11 20:25:29.464292Z]]
14:25:29.464 [debug] QUERY OK source="cached_validations" db=0.1ms
INSERT INTO "cached_validations" ("reason","cache_key","repository","confidence","forge_account_id","locations","vulnerability_type","file_hashes","is_false_positive","ttl_expires_at","cached_at","inserted_at","updated_at") VALUES ($1,$2,$3,$4,$5,$6,$7,$8,$9,$10,$11,$12,$13) ON CONFLICT ("cache_key") DO UPDATE SET "updated_at" = EXCLUDED."updated_at","inserted_at" = EXCLUDED."inserted_at","forge_account_id" = EXCLUDED."forge_account_id","invalidation_reason" = EXCLUDED."invalidation_reason","invalidated_at" = EXCLUDED."invalidated_at","ttl_expires_at" = EXCLUDED."ttl_expires_at","cached_at" = EXCLUDED."cached_at","full_result" = EXCLUDED."full_result","reason" = EXCLUDED."reason","confidence" = EXCLUDED."confidence","is_false_positive" = EXCLUDED."is_false_positive","file_hashes" = EXCLUDED."file_hashes","locations" = EXCLUDED."locations","vulnerability_type" = EXCLUDED."vulnerability_type","repository" = EXCLUDED."repository","cache_key" = EXCLUDED."cache_key" RETURNING "id","updated_at","inserted_at","forge_account_id","invalidation_reason","invalidated_at","ttl_expires_at","cached_at","full_result","reason","confidence","is_false_positive","file_hashes","locations","vulnerability_type","repository","cache_key" ["No user input flow detected", "56666/RSOLV-dev/nodegoat/[app.js:42]:sql-injection", "RSOLV-dev/nodegoat", Decimal.new("0.95"), 56666, [%{line: 42, file_path: "app.js"}], "sql-injection", %{"app.js" => "sha256:abc123"}, true, ~U[2025-12-10 20:25:29.464424Z], ~U[2025-09-11 20:25:29.464424Z], ~U[2025-09-11 20:25:29.464461Z], ~U[2025-09-11 20:25:29.464461Z]]
14:25:29.464 [debug] Cached validation stored
14:25:29.464 [debug] QUERY OK source="cached_validations" db=0.0ms
INSERT INTO "cached_validations" ("reason","cache_key","repository","confidence","forge_account_id","locations","vulnerability_type","file_hashes","is_false_positive","ttl_expires_at","cached_at","inserted_at","updated_at") VALUES ($1,$2,$3,$4,$5,$6,$7,$8,$9,$10,$11,$12,$13) ON CONFLICT ("cache_key") DO UPDATE SET "updated_at" = EXCLUDED."updated_at","inserted_at" = EXCLUDED."inserted_at","forge_account_id" = EXCLUDED."forge_account_id","invalidation_reason" = EXCLUDED."invalidation_reason","invalidated_at" = EXCLUDED."invalidated_at","ttl_expires_at" = EXCLUDED."ttl_expires_at","cached_at" = EXCLUDED."cached_at","full_result" = EXCLUDED."full_result","reason" = EXCLUDED."reason","confidence" = EXCLUDED."confidence","is_false_positive" = EXCLUDED."is_false_positive","file_hashes" = EXCLUDED."file_hashes","locations" = EXCLUDED."locations","vulnerability_type" = EXCLUDED."vulnerability_type","repository" = EXCLUDED."repository","cache_key" = EXCLUDED."cache_key" RETURNING "id","updated_at","inserted_at","forge_account_id","invalidation_reason","invalidated_at","ttl_expires_at","cached_at","full_result","reason","confidence","is_false_positive","file_hashes","locations","vulnerability_type","repository","cache_key" ["No user input flow detected", "56666/RSOLV-dev/nodegoat/[app.js:42]:xss", "RSOLV-dev/nodegoat", Decimal.new("0.95"), 56666, [%{line: 42, file_path: "app.js"}], "xss", %{"app.js" => "sha256:abc123"}, true, ~U[2025-12-10 20:25:29.464665Z], ~U[2025-09-11 20:25:29.464665Z], ~U[2025-09-11 20:25:29.464690Z], ~U[2025-09-11 20:25:29.464690Z]]
14:25:29.464 [debug] Cached validation stored
14:25:29.465 [debug] QUERY OK source="cached_validations" db=0.0ms
INSERT INTO "cached_validations" ("reason","cache_key","repository","confidence","forge_account_id","locations","vulnerability_type","file_hashes","is_false_positive","ttl_expires_at","cached_at","inserted_at","updated_at") VALUES ($1,$2,$3,$4,$5,$6,$7,$8,$9,$10,$11,$12,$13) ON CONFLICT ("cache_key") DO UPDATE SET "updated_at" = EXCLUDED."updated_at","inserted_at" = EXCLUDED."inserted_at","forge_account_id" = EXCLUDED."forge_account_id","invalidation_reason" = EXCLUDED."invalidation_reason","invalidated_at" = EXCLUDED."invalidated_at","ttl_expires_at" = EXCLUDED."ttl_expires_at","cached_at" = EXCLUDED."cached_at","full_result" = EXCLUDED."full_result","reason" = EXCLUDED."reason","confidence" = EXCLUDED."confidence","is_false_positive" = EXCLUDED."is_false_positive","file_hashes" = EXCLUDED."file_hashes","locations" = EXCLUDED."locations","vulnerability_type" = EXCLUDED."vulnerability_type","repository" = EXCLUDED."repository","cache_key" = EXCLUDED."cache_key" RETURNING "id","updated_at","inserted_at","forge_account_id","invalidation_reason","invalidated_at","ttl_expires_at","cached_at","full_result","reason","confidence","is_false_positive","file_hashes","locations","vulnerability_type","repository","cache_key" ["No user input flow detected", "56666/RSOLV-dev/other-repo/[app.js:42]:sql-injection", "RSOLV-dev/other-repo", Decimal.new("0.95"), 56666, [%{line: 42, file_path: "app.js"}], "sql-injection", %{"app.js" => "sha256:abc123"}, true, ~U[2025-12-10 20:25:29.464861Z], ~U[2025-09-11 20:25:29.464861Z], ~U[2025-09-11 20:25:29.464891Z], ~U[2025-09-11 20:25:29.464891Z]]
14:25:29.465 [debug] Cached validation stored
14:25:29.465 [debug] QUERY OK source="cached_validations" db=0.1ms
UPDATE "cached_validations" AS c0 SET "invalidated_at" = $1, "invalidation_reason" = $2 WHERE (c0."forge_account_id" = $3) AND (c0."repository" = $4) AND (c0."invalidated_at" IS NULL) [~U[2025-09-11 20:25:29.465052Z], "repository_change", 56666, "RSOLV-dev/nodegoat"]
14:25:29.465 [info] Invalidated all cache entries for repository
14:25:29.465 [debug] QUERY OK source="cached_validations" db=0.0ms
SELECT c0."id", c0."cache_key", c0."repository", c0."vulnerability_type", c0."locations", c0."file_hashes", c0."is_false_positive", c0."confidence", c0."reason", c0."full_result", c0."cached_at", c0."ttl_expires_at", c0."invalidated_at", c0."invalidation_reason", c0."forge_account_id", c0."inserted_at", c0."updated_at" FROM "cached_validations" AS c0 WHERE (c0."cache_key" = $1) AND (c0."invalidated_at" IS NULL) ["56666/RSOLV-dev/other-repo/[app.js:42]:sql-injection"]
14:25:29.465 [debug] Cache hit
.14:25:29.465 [debug] QUERY OK source="customers" db=0.1ms
INSERT INTO "customers" ("active","name","metadata","email","is_staff","subscription_plan","monthly_limit","current_usage","fixes_quota_this_month","fixes_used_this_month","has_payment_method","rollover_fixes","subscription_status","trial_fixes_limit","trial_fixes_used","inserted_at","updated_at") VALUES ($1,$2,$3,$4,$5,$6,$7,$8,$9,$10,$11,$12,$13,$14,$15,$16,$17) RETURNING "id" [true, "Test Customer 11662", %{}, "test11662@example.com", false, "trial", 100, 0, 0, 0, false, 0, "active", 5, 0, ~N[2025-09-11 20:25:29], ~N[2025-09-11 20:25:29]]
14:25:29.465 [debug] QUERY OK source="forge_accounts" db=0.1ms
INSERT INTO "forge_accounts" ("metadata","namespace","customer_id","forge_type","verified_at","inserted_at","updated_at") VALUES ($1,$2,$3,$4,$5,$6,$7) RETURNING "id" [%{}, "test-org-11662", 72110, :github, ~U[2025-09-11 20:25:29.465629Z], ~U[2025-09-11 20:25:29.465636Z], ~U[2025-09-11 20:25:29.465636Z]]
14:25:29.465 [debug] QUERY OK source="cached_validations" db=0.0ms
INSERT INTO "cached_validations" ("reason","cache_key","repository","confidence","forge_account_id","locations","vulnerability_type","file_hashes","is_false_positive","ttl_expires_at","cached_at","inserted_at","updated_at") VALUES ($1,$2,$3,$4,$5,$6,$7,$8,$9,$10,$11,$12,$13) ON CONFLICT ("cache_key") DO UPDATE SET "updated_at" = EXCLUDED."updated_at","inserted_at" = EXCLUDED."inserted_at","forge_account_id" = EXCLUDED."forge_account_id","invalidation_reason" = EXCLUDED."invalidation_reason","invalidated_at" = EXCLUDED."invalidated_at","ttl_expires_at" = EXCLUDED."ttl_expires_at","cached_at" = EXCLUDED."cached_at","full_result" = EXCLUDED."full_result","reason" = EXCLUDED."reason","confidence" = EXCLUDED."confidence","is_false_positive" = EXCLUDED."is_false_positive","file_hashes" = EXCLUDED."file_hashes","locations" = EXCLUDED."locations","vulnerability_type" = EXCLUDED."vulnerability_type","repository" = EXCLUDED."repository","cache_key" = EXCLUDED."cache_key" RETURNING "id","updated_at","inserted_at","forge_account_id","invalidation_reason","invalidated_at","ttl_expires_at","cached_at","full_result","reason","confidence","is_false_positive","file_hashes","locations","vulnerability_type","repository","cache_key" ["No user input flow detected", "56667/RSOLV-dev/nodegoat/[app.js:42]:sql-injection", "RSOLV-dev/nodegoat", Decimal.new("0.95"), 56667, [%{line: 42, file_path: "app.js"}], "sql-injection", %{"app.js" => "sha256:abc123"}, true, ~U[2025-12-10 20:25:29.465797Z], ~U[2025-09-11 20:25:29.465797Z], ~U[2025-09-11 20:25:29.465833Z], ~U[2025-09-11 20:25:29.465833Z]]
14:25:29.466 [debug] Cached validation stored
14:25:29.466 [debug] QUERY OK source="cached_validations" db=0.0ms
INSERT INTO "cached_validations" ("reason","cache_key","repository","confidence","forge_account_id","locations","vulnerability_type","file_hashes","is_false_positive","ttl_expires_at","cached_at","inserted_at","updated_at") VALUES ($1,$2,$3,$4,$5,$6,$7,$8,$9,$10,$11,$12,$13) ON CONFLICT ("cache_key") DO UPDATE SET "updated_at" = EXCLUDED."updated_at","inserted_at" = EXCLUDED."inserted_at","forge_account_id" = EXCLUDED."forge_account_id","invalidation_reason" = EXCLUDED."invalidation_reason","invalidated_at" = EXCLUDED."invalidated_at","ttl_expires_at" = EXCLUDED."ttl_expires_at","cached_at" = EXCLUDED."cached_at","full_result" = EXCLUDED."full_result","reason" = EXCLUDED."reason","confidence" = EXCLUDED."confidence","is_false_positive" = EXCLUDED."is_false_positive","file_hashes" = EXCLUDED."file_hashes","locations" = EXCLUDED."locations","vulnerability_type" = EXCLUDED."vulnerability_type","repository" = EXCLUDED."repository","cache_key" = EXCLUDED."cache_key" RETURNING "id","updated_at","inserted_at","forge_account_id","invalidation_reason","invalidated_at","ttl_expires_at","cached_at","full_result","reason","confidence","is_false_positive","file_hashes","locations","vulnerability_type","repository","cache_key" ["No user input flow detected", "56667/RSOLV-dev/nodegoat/[app.js:100]:xss", "RSOLV-dev/nodegoat", Decimal.new("0.95"), 56667, [%{line: 100, file_path: "app.js"}], "xss", %{"app.js" => "sha256:abc123"}, true, ~U[2025-12-10 20:25:29.466030Z], ~U[2025-09-11 20:25:29.466030Z], ~U[2025-09-11 20:25:29.466055Z], ~U[2025-09-11 20:25:29.466055Z]]
14:25:29.466 [debug] Cached validation stored
14:25:29.466 [debug] QUERY OK source="cached_validations" db=0.0ms
INSERT INTO "cached_validations" ("reason","cache_key","repository","confidence","forge_account_id","locations","vulnerability_type","file_hashes","is_false_positive","ttl_expires_at","cached_at","inserted_at","updated_at") VALUES ($1,$2,$3,$4,$5,$6,$7,$8,$9,$10,$11,$12,$13) ON CONFLICT ("cache_key") DO UPDATE SET "updated_at" = EXCLUDED."updated_at","inserted_at" = EXCLUDED."inserted_at","forge_account_id" = EXCLUDED."forge_account_id","invalidation_reason" = EXCLUDED."invalidation_reason","invalidated_at" = EXCLUDED."invalidated_at","ttl_expires_at" = EXCLUDED."ttl_expires_at","cached_at" = EXCLUDED."cached_at","full_result" = EXCLUDED."full_result","reason" = EXCLUDED."reason","confidence" = EXCLUDED."confidence","is_false_positive" = EXCLUDED."is_false_positive","file_hashes" = EXCLUDED."file_hashes","locations" = EXCLUDED."locations","vulnerability_type" = EXCLUDED."vulnerability_type","repository" = EXCLUDED."repository","cache_key" = EXCLUDED."cache_key" RETURNING "id","updated_at","inserted_at","forge_account_id","invalidation_reason","invalidated_at","ttl_expires_at","cached_at","full_result","reason","confidence","is_false_positive","file_hashes","locations","vulnerability_type","repository","cache_key" ["No user input flow detected", "56667/RSOLV-dev/nodegoat/[lib/other.js:10]:eval", "RSOLV-dev/nodegoat", Decimal.new("0.95"), 56667, [%{line: 10, file_path: "lib/other.js"}], "eval", %{"lib/other.js" => "sha256:xyz"}, true, ~U[2025-12-10 20:25:29.466192Z], ~U[2025-09-11 20:25:29.466192Z], ~U[2025-09-11 20:25:29.466226Z], ~U[2025-09-11 20:25:29.466226Z]]
14:25:29.466 [debug] Cached validation stored
14:25:29.466 [debug] QUERY OK source="cached_validations" db=0.1ms
UPDATE "cached_validations" AS c0 SET "invalidated_at" = $1, "invalidation_reason" = $2 WHERE (c0."forge_account_id" = $3) AND (c0."repository" = $4) AND (c0."invalidated_at" IS NULL) AND (EXISTS (SELECT 1 FROM jsonb_array_elements(c0."locations") AS loc WHERE loc->>'file_path' = $5)) [~U[2025-09-11 20:25:29.466361Z], "file_change", 56667, "RSOLV-dev/nodegoat", "app.js"]
14:25:29.466 [info] Invalidated cache entries for file change
14:25:29.466 [debug] QUERY OK source="cached_validations" db=0.0ms
SELECT c0."id", c0."cache_key", c0."repository", c0."vulnerability_type", c0."locations", c0."file_hashes", c0."is_false_positive", c0."confidence", c0."reason", c0."full_result", c0."cached_at", c0."ttl_expires_at", c0."invalidated_at", c0."invalidation_reason", c0."forge_account_id", c0."inserted_at", c0."updated_at" FROM "cached_validations" AS c0 WHERE (c0."cache_key" = $1) AND (c0."invalidated_at" IS NULL) ["56667/RSOLV-dev/nodegoat/[app.js:42]:sql-injection"]
14:25:29.466 [debug] Cache miss
14:25:29.466 [debug] QUERY OK source="cached_validations" db=0.0ms
SELECT c0."id", c0."cache_key", c0."repository", c0."vulnerability_type", c0."locations", c0."file_hashes", c0."is_false_positive", c0."confidence", c0."reason", c0."full_result", c0."cached_at", c0."ttl_expires_at", c0."invalidated_at", c0."invalidation_reason", c0."forge_account_id", c0."inserted_at", c0."updated_at" FROM "cached_validations" AS c0 WHERE (c0."cache_key" = $1) AND (c0."invalidated_at" IS NULL) ["56667/RSOLV-dev/nodegoat/[lib/other.js:10]:eval"]
14:25:29.466 [debug] Cache hit
.14:25:29.466 [debug] QUERY OK source="customers" db=0.0ms
INSERT INTO "customers" ("active","name","metadata","email","is_staff","subscription_plan","monthly_limit","current_usage","fixes_quota_this_month","fixes_used_this_month","has_payment_method","rollover_fixes","subscription_status","trial_fixes_limit","trial_fixes_used","inserted_at","updated_at") VALUES ($1,$2,$3,$4,$5,$6,$7,$8,$9,$10,$11,$12,$13,$14,$15,$16,$17) RETURNING "id" [true, "Test Customer 13192", %{}, "test13192@example.com", false, "trial", 100, 0, 0, 0, false, 0, "active", 5, 0, ~N[2025-09-11 20:25:29], ~N[2025-09-11 20:25:29]]
14:25:29.467 [debug] QUERY OK source="forge_accounts" db=0.0ms
INSERT INTO "forge_accounts" ("metadata","namespace","customer_id","forge_type","verified_at","inserted_at","updated_at") VALUES ($1,$2,$3,$4,$5,$6,$7) RETURNING "id" [%{}, "test-org-13192", 72111, :github, ~U[2025-09-11 20:25:29.466998Z], ~U[2025-09-11 20:25:29.467004Z], ~U[2025-09-11 20:25:29.467004Z]]
14:25:29.467 [debug] QUERY OK source="customers" db=0.0ms
INSERT INTO "customers" ("active","name","metadata","email","is_staff","subscription_plan","monthly_limit","current_usage","fixes_quota_this_month","fixes_used_this_month","has_payment_method","rollover_fixes","subscription_status","trial_fixes_limit","trial_fixes_used","inserted_at","updated_at") VALUES ($1,$2,$3,$4,$5,$6,$7,$8,$9,$10,$11,$12,$13,$14,$15,$16,$17) RETURNING "id" [true, "Test Customer 13320", %{}, "test13320@example.com", false, "trial", 100, 0, 0, 0, false, 0, "active", 5, 0, ~N[2025-09-11 20:25:29], ~N[2025-09-11 20:25:29]]
14:25:29.467 [debug] QUERY OK source="forge_accounts" db=0.0ms
INSERT INTO "forge_accounts" ("metadata","namespace","customer_id","forge_type","verified_at","inserted_at","updated_at") VALUES ($1,$2,$3,$4,$5,$6,$7) RETURNING "id" [%{}, "test-org-13320", 72112, :github, ~U[2025-09-11 20:25:29.467229Z], ~U[2025-09-11 20:25:29.467235Z], ~U[2025-09-11 20:25:29.467235Z]]
14:25:29.467 [debug] QUERY OK source="cached_validations" db=0.1ms
INSERT INTO "cached_validations" ("reason","cache_key","repository","confidence","forge_account_id","locations","vulnerability_type","file_hashes","is_false_positive","ttl_expires_at","cached_at","inserted_at","updated_at") VALUES ($1,$2,$3,$4,$5,$6,$7,$8,$9,$10,$11,$12,$13) ON CONFLICT ("cache_key") DO UPDATE SET "updated_at" = EXCLUDED."updated_at","inserted_at" = EXCLUDED."inserted_at","forge_account_id" = EXCLUDED."forge_account_id","invalidation_reason" = EXCLUDED."invalidation_reason","invalidated_at" = EXCLUDED."invalidated_at","ttl_expires_at" = EXCLUDED."ttl_expires_at","cached_at" = EXCLUDED."cached_at","full_result" = EXCLUDED."full_result","reason" = EXCLUDED."reason","confidence" = EXCLUDED."confidence","is_false_positive" = EXCLUDED."is_false_positive","file_hashes" = EXCLUDED."file_hashes","locations" = EXCLUDED."locations","vulnerability_type" = EXCLUDED."vulnerability_type","repository" = EXCLUDED."repository","cache_key" = EXCLUDED."cache_key" RETURNING "id","updated_at","inserted_at","forge_account_id","invalidation_reason","invalidated_at","ttl_expires_at","cached_at","full_result","reason","confidence","is_false_positive","file_hashes","locations","vulnerability_type","repository","cache_key" ["No user input flow detected", "56668/RSOLV-dev/nodegoat/[app.js:42]:sql-injection", "RSOLV-dev/nodegoat", Decimal.new("0.95"), 56668, [%{line: 42, file_path: "app.js"}], "sql-injection", %{"app.js" => "sha256:abc123"}, true, ~U[2025-12-10 20:25:29.467325Z], ~U[2025-09-11 20:25:29.467325Z], ~U[2025-09-11 20:25:29.467358Z], ~U[2025-09-11 20:25:29.467358Z]]
14:25:29.467 [debug] Cached validation stored
14:25:29.467 [debug] QUERY OK source="cached_validations" db=0.0ms
INSERT INTO "cached_validations" ("reason","cache_key","repository","confidence","forge_account_id","locations","vulnerability_type","file_hashes","is_false_positive","ttl_expires_at","cached_at","inserted_at","updated_at") VALUES ($1,$2,$3,$4,$5,$6,$7,$8,$9,$10,$11,$12,$13) ON CONFLICT ("cache_key") DO UPDATE SET "updated_at" = EXCLUDED."updated_at","inserted_at" = EXCLUDED."inserted_at","forge_account_id" = EXCLUDED."forge_account_id","invalidation_reason" = EXCLUDED."invalidation_reason","invalidated_at" = EXCLUDED."invalidated_at","ttl_expires_at" = EXCLUDED."ttl_expires_at","cached_at" = EXCLUDED."cached_at","full_result" = EXCLUDED."full_result","reason" = EXCLUDED."reason","confidence" = EXCLUDED."confidence","is_false_positive" = EXCLUDED."is_false_positive","file_hashes" = EXCLUDED."file_hashes","locations" = EXCLUDED."locations","vulnerability_type" = EXCLUDED."vulnerability_type","repository" = EXCLUDED."repository","cache_key" = EXCLUDED."cache_key" RETURNING "id","updated_at","inserted_at","forge_account_id","invalidation_reason","invalidated_at","ttl_expires_at","cached_at","full_result","reason","confidence","is_false_positive","file_hashes","locations","vulnerability_type","repository","cache_key" ["No user input flow detected", "56669/RSOLV-dev/nodegoat/[app.js:42]:sql-injection", "RSOLV-dev/nodegoat", Decimal.new("0.95"), 56669, [%{line: 42, file_path: "app.js"}], "sql-injection", %{"app.js" => "sha256:abc123"}, true, ~U[2025-12-10 20:25:29.467553Z], ~U[2025-09-11 20:25:29.467553Z], ~U[2025-09-11 20:25:29.467583Z], ~U[2025-09-11 20:25:29.467583Z]]
14:25:29.467 [debug] Cached validation stored
14:25:29.467 [debug] QUERY OK source="cached_validations" db=0.0ms
UPDATE "cached_validations" AS c0 SET "invalidated_at" = $1, "invalidation_reason" = $2 WHERE (c0."forge_account_id" = $3) AND (c0."repository" = $4) AND (c0."invalidated_at" IS NULL) AND (EXISTS (SELECT 1 FROM jsonb_array_elements(c0."locations") AS loc WHERE loc->>'file_path' = $5)) [~U[2025-09-11 20:25:29.467725Z], "file_change", 56668, "RSOLV-dev/nodegoat", "app.js"]
14:25:29.467 [info] Invalidated cache entries for file change
14:25:29.467 [debug] QUERY OK source="cached_validations" db=0.0ms
SELECT c0."id", c0."cache_key", c0."repository", c0."vulnerability_type", c0."locations", c0."file_hashes", c0."is_false_positive", c0."confidence", c0."reason", c0."full_result", c0."cached_at", c0."ttl_expires_at", c0."invalidated_at", c0."invalidation_reason", c0."forge_account_id", c0."inserted_at", c0."updated_at" FROM "cached_validations" AS c0 WHERE (c0."cache_key" = $1) AND (c0."invalidated_at" IS NULL) ["56669/RSOLV-dev/nodegoat/[app.js:42]:sql-injection"]
14:25:29.467 [debug] Cache hit
.14:25:29.468 [debug] QUERY OK source="customers" db=0.1ms
INSERT INTO "customers" ("active","name","metadata","email","is_staff","subscription_plan","monthly_limit","current_usage","fixes_quota_this_month","fixes_used_this_month","has_payment_method","rollover_fixes","subscription_status","trial_fixes_limit","trial_fixes_used","inserted_at","updated_at") VALUES ($1,$2,$3,$4,$5,$6,$7,$8,$9,$10,$11,$12,$13,$14,$15,$16,$17) RETURNING "id" [true, "Test Customer 11790", %{}, "test11790@example.com", false, "trial", 100, 0, 0, 0, false, 0, "active", 5, 0, ~N[2025-09-11 20:25:29], ~N[2025-09-11 20:25:29]]
14:25:29.468 [debug] QUERY OK source="forge_accounts" db=0.0ms
INSERT INTO "forge_accounts" ("metadata","namespace","customer_id","forge_type","verified_at","inserted_at","updated_at") VALUES ($1,$2,$3,$4,$5,$6,$7) RETURNING "id" [%{}, "test-org-11790", 72113, :github, ~U[2025-09-11 20:25:29.468270Z], ~U[2025-09-11 20:25:29.468279Z], ~U[2025-09-11 20:25:29.468279Z]]
14:25:29.468 [debug] QUERY OK source="cached_validations" db=0.1ms
INSERT INTO "cached_validations" ("reason","cache_key","repository","confidence","forge_account_id","locations","vulnerability_type","file_hashes","is_false_positive","ttl_expires_at","cached_at","inserted_at","updated_at") VALUES ($1,$2,$3,$4,$5,$6,$7,$8,$9,$10,$11,$12,$13) ON CONFLICT ("cache_key") DO UPDATE SET "updated_at" = EXCLUDED."updated_at","inserted_at" = EXCLUDED."inserted_at","forge_account_id" = EXCLUDED."forge_account_id","invalidation_reason" = EXCLUDED."invalidation_reason","invalidated_at" = EXCLUDED."invalidated_at","ttl_expires_at" = EXCLUDED."ttl_expires_at","cached_at" = EXCLUDED."cached_at","full_result" = EXCLUDED."full_result","reason" = EXCLUDED."reason","confidence" = EXCLUDED."confidence","is_false_positive" = EXCLUDED."is_false_positive","file_hashes" = EXCLUDED."file_hashes","locations" = EXCLUDED."locations","vulnerability_type" = EXCLUDED."vulnerability_type","repository" = EXCLUDED."repository","cache_key" = EXCLUDED."cache_key" RETURNING "id","updated_at","inserted_at","forge_account_id","invalidation_reason","invalidated_at","ttl_expires_at","cached_at","full_result","reason","confidence","is_false_positive","file_hashes","locations","vulnerability_type","repository","cache_key" ["No user input flow detected", "56670/RSOLV-dev/nodegoat/[app.js:42]:sql-injection", "RSOLV-dev/nodegoat", Decimal.new("0.95"), 56670, [%{line: 42, file_path: "app.js"}], "sql-injection", %{"app.js" => "sha256:abc123"}, true, ~U[2025-12-10 20:25:29.468441Z], ~U[2025-09-11 20:25:29.468441Z], ~U[2025-09-11 20:25:29.468473Z], ~U[2025-09-11 20:25:29.468473Z]]
14:25:29.468 [debug] Cached validation stored
14:25:29.468 [debug] QUERY OK source="cached_validations" db=0.0ms
SELECT c0."id", c0."cache_key", c0."repository", c0."vulnerability_type", c0."locations", c0."file_hashes", c0."is_false_positive", c0."confidence", c0."reason", c0."full_result", c0."cached_at", c0."ttl_expires_at", c0."invalidated_at", c0."invalidation_reason", c0."forge_account_id", c0."inserted_at", c0."updated_at" FROM "cached_validations" AS c0 WHERE (c0."id" = $1) [785143]
14:25:29.469 [debug] QUERY OK source="cached_validations" db=0.0ms
UPDATE "cached_validations" SET "invalidated_at" = $1, "invalidation_reason" = $2, "updated_at" = $3 WHERE "id" = $4 [~U[2025-09-11 20:25:29.468901Z], "file_change", ~U[2025-09-11 20:25:29.468907Z], 785143]
14:25:29.469 [info] Cache entry invalidated
.14:25:29.469 [debug] QUERY OK source="cached_validations" db=0.1ms
SELECT c0."id", c0."cache_key", c0."repository", c0."vulnerability_type", c0."locations", c0."file_hashes", c0."is_false_positive", c0."confidence", c0."reason", c0."full_result", c0."cached_at", c0."ttl_expires_at", c0."invalidated_at", c0."invalidation_reason", c0."forge_account_id", c0."inserted_at", c0."updated_at" FROM "cached_validations" AS c0 WHERE (c0."id" = $1) [999999]
.14:25:29.469 [debug] QUERY OK source="customers" db=0.0ms
INSERT INTO "customers" ("active","name","metadata","email","is_staff","subscription_plan","monthly_limit","current_usage","fixes_quota_this_month","fixes_used_this_month","has_payment_method","rollover_fixes","subscription_status","trial_fixes_limit","trial_fixes_used","inserted_at","updated_at") VALUES ($1,$2,$3,$4,$5,$6,$7,$8,$9,$10,$11,$12,$13,$14,$15,$16,$17) RETURNING "id" [true, "Test Customer 10762", %{}, "test10762@example.com", false, "trial", 100, 0, 0, 0, false, 0, "active", 5, 0, ~N[2025-09-11 20:25:29], ~N[2025-09-11 20:25:29]]
14:25:29.469 [debug] QUERY OK source="forge_accounts" db=0.0ms
INSERT INTO "forge_accounts" ("metadata","namespace","customer_id","forge_type","verified_at","inserted_at","updated_at") VALUES ($1,$2,$3,$4,$5,$6,$7) RETURNING "id" [%{}, "test-org-10762", 72114, :github, ~U[2025-09-11 20:25:29.469566Z], ~U[2025-09-11 20:25:29.469572Z], ~U[2025-09-11 20:25:29.469572Z]]
14:25:29.470 [debug] QUERY OK source="cached_validations" db=0.2ms queue=0.1ms
INSERT INTO "cached_validations" ("reason","cache_key","repository","confidence","forge_account_id","locations","vulnerability_type","file_hashes","is_false_positive","ttl_expires_at","cached_at","inserted_at","updated_at") VALUES ($1,$2,$3,$4,$5,$6,$7,$8,$9,$10,$11,$12,$13) ON CONFLICT ("cache_key") DO UPDATE SET "updated_at" = EXCLUDED."updated_at","inserted_at" = EXCLUDED."inserted_at","forge_account_id" = EXCLUDED."forge_account_id","invalidation_reason" = EXCLUDED."invalidation_reason","invalidated_at" = EXCLUDED."invalidated_at","ttl_expires_at" = EXCLUDED."ttl_expires_at","cached_at" = EXCLUDED."cached_at","full_result" = EXCLUDED."full_result","reason" = EXCLUDED."reason","confidence" = EXCLUDED."confidence","is_false_positive" = EXCLUDED."is_false_positive","file_hashes" = EXCLUDED."file_hashes","locations" = EXCLUDED."locations","vulnerability_type" = EXCLUDED."vulnerability_type","repository" = EXCLUDED."repository","cache_key" = EXCLUDED."cache_key" RETURNING "id","updated_at","inserted_at","forge_account_id","invalidation_reason","invalidated_at","ttl_expires_at","cached_at","full_result","reason","confidence","is_false_positive","file_hashes","locations","vulnerability_type","repository","cache_key" ["No user input flow detected", "56671/RSOLV-dev/nodegoat/[app.js:42]:xss", "RSOLV-dev/nodegoat", Decimal.new("0.95"), 56671, [%{line: 42, file_path: "app.js"}], "xss", %{"app.js" => "sha256:abc123"}, true, ~U[2025-12-10 20:25:29.469707Z], ~U[2025-09-11 20:25:29.469707Z], ~U[2025-09-11 20:25:29.469817Z], ~U[2025-09-11 20:25:29.469817Z]]
14:25:29.470 [debug] Cached validation stored
14:25:29.470 [debug] QUERY OK source="cached_validations" db=0.1ms
SELECT c0."id", c0."cache_key", c0."repository", c0."vulnerability_type", c0."locations", c0."file_hashes", c0."is_false_positive", c0."confidence", c0."reason", c0."full_result", c0."cached_at", c0."ttl_expires_at", c0."invalidated_at", c0."invalidation_reason", c0."forge_account_id", c0."inserted_at", c0."updated_at" FROM "cached_validations" AS c0 WHERE (c0."id" = $1) [785144]
14:25:29.470 [debug] QUERY OK source="cached_validations" db=0.0ms
UPDATE "cached_validations" SET "invalidated_at" = $1, "invalidation_reason" = $2, "updated_at" = $3 WHERE "id" = $4 [~U[2025-09-11 20:25:29.470412Z], "file_change", ~U[2025-09-11 20:25:29.470424Z], 785144]
14:25:29.470 [info] Cache entry invalidated
14:25:29.470 [debug] QUERY OK source="cached_validations" db=0.0ms
INSERT INTO "cached_validations" ("reason","cache_key","repository","confidence","forge_account_id","locations","vulnerability_type","file_hashes","is_false_positive","ttl_expires_at","cached_at","inserted_at","updated_at") VALUES ($1,$2,$3,$4,$5,$6,$7,$8,$9,$10,$11,$12,$13) ON CONFLICT ("cache_key") DO UPDATE SET "updated_at" = EXCLUDED."updated_at","inserted_at" = EXCLUDED."inserted_at","forge_account_id" = EXCLUDED."forge_account_id","invalidation_reason" = EXCLUDED."invalidation_reason","invalidated_at" = EXCLUDED."invalidated_at","ttl_expires_at" = EXCLUDED."ttl_expires_at","cached_at" = EXCLUDED."cached_at","full_result" = EXCLUDED."full_result","reason" = EXCLUDED."reason","confidence" = EXCLUDED."confidence","is_false_positive" = EXCLUDED."is_false_positive","file_hashes" = EXCLUDED."file_hashes","locations" = EXCLUDED."locations","vulnerability_type" = EXCLUDED."vulnerability_type","repository" = EXCLUDED."repository","cache_key" = EXCLUDED."cache_key" RETURNING "id","updated_at","inserted_at","forge_account_id","invalidation_reason","invalidated_at","ttl_expires_at","cached_at","full_result","reason","confidence","is_false_positive","file_hashes","locations","vulnerability_type","repository","cache_key" ["No user input flow detected", "56671/RSOLV-dev/nodegoat/[app.js:42]:hardcoded-secret", "RSOLV-dev/nodegoat", Decimal.new("0.95"), 56671, [%{line: 42, file_path: "app.js"}], "hardcoded-secret", %{"app.js" => "sha256:abc123"}, true, ~U[2025-12-10 20:25:29.470579Z], ~U[2025-09-11 20:25:29.470579Z], ~U[2025-09-11 20:25:29.470614Z], ~U[2025-09-11 20:25:29.470614Z]]
14:25:29.470 [debug] Cached validation stored
14:25:29.470 [debug] QUERY OK source="cached_validations" db=0.0ms
SELECT c0."id", c0."cache_key", c0."repository", c0."vulnerability_type", c0."locations", c0."file_hashes", c0."is_false_positive", c0."confidence", c0."reason", c0."full_result", c0."cached_at", c0."ttl_expires_at", c0."invalidated_at", c0."invalidation_reason", c0."forge_account_id", c0."inserted_at", c0."updated_at" FROM "cached_validations" AS c0 WHERE (c0."id" = $1) [785145]
14:25:29.470 [debug] QUERY OK source="cached_validations" db=0.0ms
UPDATE "cached_validations" SET "invalidated_at" = $1, "invalidation_reason" = $2, "updated_at" = $3 WHERE "id" = $4 [~U[2025-09-11 20:25:29.470881Z], "ttl_expired", ~U[2025-09-11 20:25:29.470885Z], 785145]
14:25:29.470 [info] Cache entry invalidated
14:25:29.471 [debug] QUERY OK source="cached_validations" db=0.0ms
INSERT INTO "cached_validations" ("reason","cache_key","repository","confidence","forge_account_id","locations","vulnerability_type","file_hashes","is_false_positive","ttl_expires_at","cached_at","inserted_at","updated_at") VALUES ($1,$2,$3,$4,$5,$6,$7,$8,$9,$10,$11,$12,$13) ON CONFLICT ("cache_key") DO UPDATE SET "updated_at" = EXCLUDED."updated_at","inserted_at" = EXCLUDED."inserted_at","forge_account_id" = EXCLUDED."forge_account_id","invalidation_reason" = EXCLUDED."invalidation_reason","invalidated_at" = EXCLUDED."invalidated_at","ttl_expires_at" = EXCLUDED."ttl_expires_at","cached_at" = EXCLUDED."cached_at","full_result" = EXCLUDED."full_result","reason" = EXCLUDED."reason","confidence" = EXCLUDED."confidence","is_false_positive" = EXCLUDED."is_false_positive","file_hashes" = EXCLUDED."file_hashes","locations" = EXCLUDED."locations","vulnerability_type" = EXCLUDED."vulnerability_type","repository" = EXCLUDED."repository","cache_key" = EXCLUDED."cache_key" RETURNING "id","updated_at","inserted_at","forge_account_id","invalidation_reason","invalidated_at","ttl_expires_at","cached_at","full_result","reason","confidence","is_false_positive","file_hashes","locations","vulnerability_type","repository","cache_key" ["No user input flow detected", "56671/RSOLV-dev/nodegoat/[app.js:42]:eval", "RSOLV-dev/nodegoat", Decimal.new("0.95"), 56671, [%{line: 42, file_path: "app.js"}], "eval", %{"app.js" => "sha256:abc123"}, true, ~U[2025-12-10 20:25:29.470973Z], ~U[2025-09-11 20:25:29.470973Z], ~U[2025-09-11 20:25:29.471012Z], ~U[2025-09-11 20:25:29.471012Z]]
14:25:29.471 [debug] Cached validation stored
14:25:29.471 [debug] QUERY OK source="cached_validations" db=0.0ms
SELECT c0."id", c0."cache_key", c0."repository", c0."vulnerability_type", c0."locations", c0."file_hashes", c0."is_false_positive", c0."confidence", c0."reason", c0."full_result", c0."cached_at", c0."ttl_expires_at", c0."invalidated_at", c0."invalidation_reason", c0."forge_account_id", c0."inserted_at", c0."updated_at" FROM "cached_validations" AS c0 WHERE (c0."id" = $1) [785146]
14:25:29.471 [debug] QUERY OK source="cached_validations" db=0.0ms
UPDATE "cached_validations" SET "invalidated_at" = $1, "invalidation_reason" = $2, "updated_at" = $3 WHERE "id" = $4 [~U[2025-09-11 20:25:29.471242Z], "manual", ~U[2025-09-11 20:25:29.471246Z], 785146]
14:25:29.471 [info] Cache entry invalidated
.14:25:29.471 [debug] QUERY OK source="customers" db=0.0ms
INSERT INTO "customers" ("active","name","metadata","email","is_staff","subscription_plan","monthly_limit","current_usage","fixes_quota_this_month","fixes_used_this_month","has_payment_method","rollover_fixes","subscription_status","trial_fixes_limit","trial_fixes_used","inserted_at","updated_at") VALUES ($1,$2,$3,$4,$5,$6,$7,$8,$9,$10,$11,$12,$13,$14,$15,$16,$17) RETURNING "id" [true, "Test Customer 10890", %{}, "test10890@example.com", false, "trial", 100, 0, 0, 0, false, 0, "active", 5, 0, ~N[2025-09-11 20:25:29], ~N[2025-09-11 20:25:29]]
14:25:29.471 [debug] QUERY OK source="forge_accounts" db=0.0ms
INSERT INTO "forge_accounts" ("metadata","namespace","customer_id","forge_type","verified_at","inserted_at","updated_at") VALUES ($1,$2,$3,$4,$5,$6,$7) RETURNING "id" [%{}, "test-org-10890", 72115, :github, ~U[2025-09-11 20:25:29.471611Z], ~U[2025-09-11 20:25:29.471616Z], ~U[2025-09-11 20:25:29.471616Z]]
14:25:29.471 [debug] QUERY OK source="cached_validations" db=0.1ms
INSERT INTO "cached_validations" ("reason","cache_key","repository","confidence","forge_account_id","locations","vulnerability_type","file_hashes","is_false_positive","ttl_expires_at","cached_at","inserted_at","updated_at") VALUES ($1,$2,$3,$4,$5,$6,$7,$8,$9,$10,$11,$12,$13) ON CONFLICT ("cache_key") DO UPDATE SET "updated_at" = EXCLUDED."updated_at","inserted_at" = EXCLUDED."inserted_at","forge_account_id" = EXCLUDED."forge_account_id","invalidation_reason" = EXCLUDED."invalidation_reason","invalidated_at" = EXCLUDED."invalidated_at","ttl_expires_at" = EXCLUDED."ttl_expires_at","cached_at" = EXCLUDED."cached_at","full_result" = EXCLUDED."full_result","reason" = EXCLUDED."reason","confidence" = EXCLUDED."confidence","is_false_positive" = EXCLUDED."is_false_positive","file_hashes" = EXCLUDED."file_hashes","locations" = EXCLUDED."locations","vulnerability_type" = EXCLUDED."vulnerability_type","repository" = EXCLUDED."repository","cache_key" = EXCLUDED."cache_key" RETURNING "id","updated_at","inserted_at","forge_account_id","invalidation_reason","invalidated_at","ttl_expires_at","cached_at","full_result","reason","confidence","is_false_positive","file_hashes","locations","vulnerability_type","repository","cache_key" ["No user input flow detected", "56672/RSOLV-dev/nodegoat/[app.js:42,lib/db.js:10]:sql-injection", "RSOLV-dev/nodegoat", Decimal.new("0.95"), 56672, [%{line: 42, file_path: "app.js"}, %{line: 10, file_path: "lib/db.js"}], "sql-injection", %{"app.js" => "sha256:abc", "lib/db.js" => "sha256:def"}, true, ~U[2025-12-10 20:25:29.471746Z], ~U[2025-09-11 20:25:29.471746Z], ~U[2025-09-11 20:25:29.471780Z], ~U[2025-09-11 20:25:29.471780Z]]
14:25:29.471 [debug] Cached validation stored
14:25:29.472 [debug] QUERY OK source="cached_validations" db=0.0ms
UPDATE "cached_validations" AS c0 SET "invalidated_at" = $1, "invalidation_reason" = $2 WHERE (c0."forge_account_id" = $3) AND (c0."repository" = $4) AND (c0."invalidated_at" IS NULL) AND (EXISTS (SELECT 1 FROM jsonb_array_elements(c0."locations") AS loc WHERE loc->>'file_path' = $5)) [~U[2025-09-11 20:25:29.471973Z], "file_change", 56672, "RSOLV-dev/nodegoat", "lib/db.js"]
14:25:29.472 [info] Invalidated cache entries for file change
14:25:29.472 [debug] QUERY OK source="cached_validations" db=0.0ms
SELECT c0."id", c0."cache_key", c0."repository", c0."vulnerability_type", c0."locations", c0."file_hashes", c0."is_false_positive", c0."confidence", c0."reason", c0."full_result", c0."cached_at", c0."ttl_expires_at", c0."invalidated_at", c0."invalidation_reason", c0."forge_account_id", c0."inserted_at", c0."updated_at" FROM "cached_validations" AS c0 WHERE (c0."cache_key" = $1) AND (c0."invalidated_at" IS NULL) ["56672/RSOLV-dev/nodegoat/[app.js:42,lib/db.js:10]:sql-injection"]
14:25:29.472 [debug] Cache miss
.14:25:29.472 [debug] No rate limit config for action action, using default: 100/minute
14:25:29.472 [debug] No rate limit config for action action, using default: 100/minute
14:25:29.472 [debug] No rate limit config for action action, using default: 100/minute
14:25:29.472 [debug] No rate limit config for action action, using default: 100/minute
14:25:29.472 [debug] No rate limit config for action action, using default: 100/minute
14:25:29.472 [debug] No rate limit config for action action, using default: 100/minute
14:25:29.472 [debug] No rate limit config for action action, using default: 100/minute
14:25:29.472 [debug] No rate limit config for action action, using default: 100/minute
14:25:29.472 [debug] No rate limit config for action action, using default: 100/minute
14:25:29.472 [debug] No rate limit config for action action, using default: 100/minute
14:25:29.472 [debug] No rate limit config for action action, using default: 100/minute
14:25:29.472 [debug] No rate limit config for action action, using default: 100/minute
14:25:29.472 [debug] No rate limit config for action action, using default: 100/minute
14:25:29.472 [debug] No rate limit config for action action, using default: 100/minute
14:25:29.472 [debug] No rate limit config for action action, using default: 100/minute
14:25:29.472 [debug] No rate limit config for action action, using default: 100/minute
14:25:29.472 [debug] No rate limit config for action action, using default: 100/minute
14:25:29.472 [debug] No rate limit config for action action, using default: 100/minute
14:25:29.472 [debug] No rate limit config for action action, using default: 100/minute
14:25:29.472 [debug] No rate limit config for action action, using default: 100/minute
14:25:29.472 [debug] No rate limit config for action action, using default: 100/minute
14:25:29.472 [debug] No rate limit config for action action, using default: 100/minute
14:25:29.472 [debug] No rate limit config for action action, using default: 100/minute
14:25:29.472 [debug] No rate limit config for action action, using default: 100/minute
14:25:29.473 [debug] No rate limit config for action action, using default: 100/minute
14:25:29.473 [debug] No rate limit config for action action, using default: 100/minute
14:25:29.473 [debug] No rate limit config for action action, using default: 100/minute
14:25:29.473 [debug] No rate limit config for action action, using default: 100/minute
14:25:29.473 [debug] No rate limit config for action action, using default: 100/minute
14:25:29.473 [debug] No rate limit config for action action, using default: 100/minute
14:25:29.473 [debug] No rate limit config for action action, using default: 100/minute
14:25:29.473 [debug] No rate limit config for action action, using default: 100/minute
14:25:29.473 [debug] No rate limit config for action action, using default: 100/minute
14:25:29.473 [debug] No rate limit config for action action, using default: 100/minute
14:25:29.473 [debug] No rate limit config for action action, using default: 100/minute
14:25:29.473 [debug] No rate limit config for action action, using default: 100/minute
14:25:29.473 [debug] No rate limit config for action action, using default: 100/minute
14:25:29.473 [debug] No rate limit config for action action, using default: 100/minute
14:25:29.473 [debug] No rate limit config for action action, using default: 100/minute
14:25:29.473 [debug] No rate limit config for action action, using default: 100/minute
14:25:29.473 [debug] No rate limit config for action action, using default: 100/minute
14:25:29.473 [debug] No rate limit config for action action, using default: 100/minute
14:25:29.473 [debug] No rate limit config for action action, using default: 100/minute
14:25:29.473 [debug] No rate limit config for action action, using default: 100/minute
14:25:29.473 [debug] No rate limit config for action action, using default: 100/minute
14:25:29.473 [debug] No rate limit config for action action, using default: 100/minute
14:25:29.473 [debug] No rate limit config for action action, using default: 100/minute
14:25:29.473 [debug] No rate limit config for action action, using default: 100/minute
14:25:29.473 [debug] No rate limit config for action action, using default: 100/minute
14:25:29.473 [debug] No rate limit config for action action, using default: 100/minute
14:25:29.473 [debug] No rate limit config for action action, using default: 100/minute
.14:25:29.473 [debug] No rate limit config for action action, using default: 100/minute
14:25:29.473 [debug] No rate limit config for action action, using default: 100/minute
14:25:29.473 [debug] No rate limit config for action action, using default: 100/minute
14:25:29.473 [debug] No rate limit config for action action, using default: 100/minute
14:25:29.473 [debug] No rate limit config for action action, using default: 100/minute
14:25:29.473 [debug] No rate limit config for action action, using default: 100/minute
14:25:29.473 [debug] No rate limit config for action action, using default: 100/minute
14:25:29.473 [debug] No rate limit config for action action, using default: 100/minute
14:25:29.473 [debug] No rate limit config for action action, using default: 100/minute
14:25:29.473 [debug] No rate limit config for action action, using default: 100/minute
14:25:29.473 [debug] No rate limit config for action action, using default: 100/minute
14:25:29.473 [debug] No rate limit config for action action, using default: 100/minute
14:25:29.473 [debug] No rate limit config for action action, using default: 100/minute
14:25:29.474 [debug] No rate limit config for action action, using default: 100/minute
14:25:29.474 [debug] No rate limit config for action action, using default: 100/minute
14:25:29.474 [debug] No rate limit config for action action, using default: 100/minute
14:25:29.474 [debug] No rate limit config for action action, using default: 100/minute
14:25:29.474 [debug] No rate limit config for action action, using default: 100/minute
14:25:29.474 [debug] No rate limit config for action action, using default: 100/minute
14:25:29.474 [debug] No rate limit config for action action, using default: 100/minute
14:25:29.474 [debug] No rate limit config for action action, using default: 100/minute
14:25:29.474 [debug] No rate limit config for action action, using default: 100/minute
14:25:29.474 [debug] No rate limit config for action action, using default: 100/minute
14:25:29.474 [debug] No rate limit config for action action, using default: 100/minute
14:25:29.474 [debug] No rate limit config for action action, using default: 100/minute
14:25:29.474 [debug] No rate limit config for action action, using default: 100/minute
14:25:29.474 [debug] No rate limit config for action action, using default: 100/minute
14:25:29.474 [debug] No rate limit config for action action, using default: 100/minute
14:25:29.474 [debug] No rate limit config for action action, using default: 100/minute
14:25:29.474 [debug] No rate limit config for action action, using default: 100/minute
14:25:29.474 [debug] No rate limit config for action action, using default: 100/minute
14:25:29.474 [debug] No rate limit config for action action, using default: 100/minute
14:25:29.474 [debug] No rate limit config for action action, using default: 100/minute
14:25:29.474 [debug] No rate limit config for action action, using default: 100/minute
14:25:29.474 [debug] No rate limit config for action action, using default: 100/minute
14:25:29.474 [debug] No rate limit config for action action, using default: 100/minute
14:25:29.474 [debug] No rate limit config for action action, using default: 100/minute
14:25:29.474 [debug] No rate limit config for action action, using default: 100/minute
14:25:29.474 [debug] No rate limit config for action action, using default: 100/minute
14:25:29.474 [debug] No rate limit config for action action, using default: 100/minute
14:25:29.474 [debug] No rate limit config for action action, using default: 100/minute
14:25:29.474 [debug] No rate limit config for action action, using default: 100/minute
14:25:29.475 [debug] No rate limit config for action action, using default: 100/minute
14:25:29.475 [debug] No rate limit config for action action, using default: 100/minute
14:25:29.475 [debug] No rate limit config for action action, using default: 100/minute
14:25:29.475 [debug] No rate limit config for action action, using default: 100/minute
14:25:29.475 [debug] No rate limit config for action action, using default: 100/minute
14:25:29.475 [debug] No rate limit config for action action, using default: 100/minute
14:25:29.475 [debug] No rate limit config for action action, using default: 100/minute
14:25:29.475 [debug] No rate limit config for action action, using default: 100/minute
14:25:29.475 [debug] No rate limit config for action action, using default: 100/minute
14:25:29.475 [debug] No rate limit config for action action, using default: 100/minute
14:25:29.475 [debug] No rate limit config for action action, using default: 100/minute
14:25:29.475 [debug] No rate limit config for action action, using default: 100/minute
14:25:29.475 [debug] No rate limit config for action action, using default: 100/minute
14:25:29.475 [debug] No rate limit config for action action, using default: 100/minute
14:25:29.475 [debug] No rate limit config for action action, using default: 100/minute
14:25:29.475 [debug] No rate limit config for action action, using default: 100/minute
14:25:29.475 [debug] No rate limit config for action action, using default: 100/minute
14:25:29.475 [debug] No rate limit config for action action, using default: 100/minute
14:25:29.475 [debug] No rate limit config for action action, using default: 100/minute
14:25:29.475 [debug] No rate limit config for action action, using default: 100/minute
14:25:29.475 [debug] No rate limit config for action action, using default: 100/minute
14:25:29.475 [debug] No rate limit config for action action, using default: 100/minute
14:25:29.475 [debug] No rate limit config for action action, using default: 100/minute
14:25:29.475 [debug] No rate limit config for action action, using default: 100/minute
14:25:29.475 [debug] No rate limit config for action action, using default: 100/minute
14:25:29.475 [debug] No rate limit config for action action, using default: 100/minute
14:25:29.475 [debug] No rate limit config for action action, using default: 100/minute
14:25:29.475 [debug] No rate limit config for action action, using default: 100/minute
14:25:29.475 [debug] No rate limit config for action action, using default: 100/minute
14:25:29.475 [debug] No rate limit config for action action, using default: 100/minute
14:25:29.475 [debug] No rate limit config for action action, using default: 100/minute
14:25:29.475 [debug] No rate limit config for action action, using default: 100/minute
14:25:29.475 [debug] No rate limit config for action action, using default: 100/minute
14:25:29.476 [debug] No rate limit config for action action, using default: 100/minute
14:25:29.476 [debug] No rate limit config for action action, using default: 100/minute
14:25:29.476 [debug] No rate limit config for action action, using default: 100/minute
14:25:29.476 [debug] No rate limit config for action action, using default: 100/minute
14:25:29.476 [debug] No rate limit config for action action, using default: 100/minute
14:25:29.476 [debug] No rate limit config for action action, using default: 100/minute
14:25:29.476 [debug] No rate limit config for action action, using default: 100/minute
14:25:29.476 [debug] No rate limit config for action action, using default: 100/minute
14:25:29.476 [debug] No rate limit config for action action, using default: 100/minute
14:25:29.476 [debug] No rate limit config for action action, using default: 100/minute
14:25:29.476 [debug] No rate limit config for action action, using default: 100/minute
14:25:29.476 [debug] No rate limit config for action action, using default: 100/minute
14:25:29.476 [debug] No rate limit config for action action, using default: 100/minute
14:25:29.476 [debug] No rate limit config for action action, using default: 100/minute
14:25:29.476 [debug] No rate limit config for action action, using default: 100/minute
14:25:29.476 [debug] No rate limit config for action action, using default: 100/minute
14:25:29.476 [debug] No rate limit config for action action, using default: 100/minute
14:25:29.476 [debug] No rate limit config for action action, using default: 100/minute
14:25:29.476 [debug] No rate limit config for action action, using default: 100/minute
14:25:29.476 [debug] No rate limit config for action action, using default: 100/minute
14:25:29.476 [debug] No rate limit config for action action, using default: 100/minute
14:25:29.476 [debug] No rate limit config for action action, using default: 100/minute
14:25:29.476 [debug] No rate limit config for action action, using default: 100/minute
14:25:29.476 [debug] No rate limit config for action action, using default: 100/minute
14:25:29.476 [debug] No rate limit config for action action, using default: 100/minute
14:25:29.476 [debug] No rate limit config for action action, using default: 100/minute
14:25:29.476 [warning] Rate limit exceeded for customer customer-1, action: action, count: 100, limit: 100
14:25:29.476 [debug] No rate limit config for action action, using default: 100/minute
14:25:29.476 [debug] No rate limit config for action action, using default: 100/minute
14:25:29.476 [debug] No rate limit config for action action, using default: 100/minute
14:25:29.476 [debug] No rate limit config for action action, using default: 100/minute
14:25:29.476 [debug] No rate limit config for action action, using default: 100/minute
14:25:29.476 [debug] No rate limit config for action action, using default: 100/minute
14:25:29.476 [debug] No rate limit config for action action, using default: 100/minute
14:25:29.476 [debug] No rate limit config for action action, using default: 100/minute
14:25:29.476 [debug] No rate limit config for action action, using default: 100/minute
14:25:29.476 [debug] No rate limit config for action action, using default: 100/minute
14:25:29.476 [debug] No rate limit config for action action, using default: 100/minute
14:25:29.476 [debug] No rate limit config for action action, using default: 100/minute
14:25:29.476 [debug] No rate limit config for action action, using default: 100/minute
14:25:29.476 [debug] No rate limit config for action action, using default: 100/minute
14:25:29.476 [debug] No rate limit config for action action, using default: 100/minute
14:25:29.476 [debug] No rate limit config for action action, using default: 100/minute
14:25:29.477 [debug] No rate limit config for action action, using default: 100/minute
14:25:29.477 [debug] No rate limit config for action action, using default: 100/minute
14:25:29.477 [debug] No rate limit config for action action, using default: 100/minute
14:25:29.477 [debug] No rate limit config for action action, using default: 100/minute
14:25:29.477 [debug] No rate limit config for action action, using default: 100/minute
14:25:29.477 [debug] No rate limit config for action action, using default: 100/minute
14:25:29.477 [debug] No rate limit config for action action, using default: 100/minute
14:25:29.477 [debug] No rate limit config for action action, using default: 100/minute
14:25:29.477 [debug] No rate limit config for action action, using default: 100/minute
14:25:29.477 [debug] No rate limit config for action action, using default: 100/minute
14:25:29.477 [debug] No rate limit config for action action, using default: 100/minute
14:25:29.477 [debug] No rate limit config for action action, using default: 100/minute
14:25:29.477 [debug] No rate limit config for action action, using default: 100/minute
14:25:29.477 [debug] No rate limit config for action action, using default: 100/minute
14:25:29.477 [debug] No rate limit config for action action, using default: 100/minute
14:25:29.477 [debug] No rate limit config for action action, using default: 100/minute
14:25:29.477 [debug] No rate limit config for action action, using default: 100/minute
14:25:29.477 [debug] No rate limit config for action action, using default: 100/minute
14:25:29.477 [debug] No rate limit config for action action, using default: 100/minute
14:25:29.477 [debug] No rate limit config for action action, using default: 100/minute
14:25:29.477 [debug] No rate limit config for action action, using default: 100/minute
14:25:29.477 [debug] No rate limit config for action action, using default: 100/minute
14:25:29.477 [debug] No rate limit config for action action, using default: 100/minute
14:25:29.477 [debug] No rate limit config for action action, using default: 100/minute
14:25:29.477 [debug] No rate limit config for action action, using default: 100/minute
14:25:29.477 [debug] No rate limit config for action action, using default: 100/minute
14:25:29.477 [debug] No rate limit config for action action, using default: 100/minute
14:25:29.477 [debug] No rate limit config for action action, using default: 100/minute
14:25:29.477 [debug] No rate limit config for action action, using default: 100/minute
14:25:29.477 [debug] No rate limit config for action action, using default: 100/minute
14:25:29.477 [debug] No rate limit config for action action, using default: 100/minute
14:25:29.477 [debug] No rate limit config for action action, using default: 100/minute
14:25:29.477 [debug] No rate limit config for action action, using default: 100/minute
14:25:29.477 [debug] No rate limit config for action action, using default: 100/minute
14:25:29.477 [debug] No rate limit config for action action, using default: 100/minute
14:25:29.477 [debug] No rate limit config for action action, using default: 100/minute
14:25:29.477 [debug] No rate limit config for action action, using default: 100/minute
14:25:29.477 [debug] No rate limit config for action action, using default: 100/minute
14:25:29.477 [debug] No rate limit config for action action, using default: 100/minute
14:25:29.477 [debug] No rate limit config for action action, using default: 100/minute
14:25:29.477 [debug] No rate limit config for action action, using default: 100/minute
14:25:29.478 [debug] No rate limit config for action action, using default: 100/minute
14:25:29.478 [debug] No rate limit config for action action, using default: 100/minute
14:25:29.478 [debug] No rate limit config for action action, using default: 100/minute
14:25:29.478 [debug] No rate limit config for action action, using default: 100/minute
14:25:29.478 [debug] No rate limit config for action action, using default: 100/minute
14:25:29.478 [debug] No rate limit config for action action, using default: 100/minute
14:25:29.478 [debug] No rate limit config for action action, using default: 100/minute
14:25:29.478 [debug] No rate limit config for action action, using default: 100/minute
14:25:29.478 [debug] No rate limit config for action action, using default: 100/minute
14:25:29.478 [debug] No rate limit config for action action, using default: 100/minute
14:25:29.478 [debug] No rate limit config for action action, using default: 100/minute
14:25:29.478 [debug] No rate limit config for action action, using default: 100/minute
14:25:29.478 [debug] No rate limit config for action action, using default: 100/minute
14:25:29.478 [debug] No rate limit config for action action, using default: 100/minute
14:25:29.478 [debug] No rate limit config for action action, using default: 100/minute
14:25:29.478 [debug] No rate limit config for action action, using default: 100/minute
14:25:29.478 [debug] No rate limit config for action action, using default: 100/minute
14:25:29.478 [debug] No rate limit config for action action, using default: 100/minute
14:25:29.478 [debug] No rate limit config for action action, using default: 100/minute
14:25:29.478 [debug] No rate limit config for action action, using default: 100/minute
14:25:29.478 [debug] No rate limit config for action action, using default: 100/minute
14:25:29.478 [debug] No rate limit config for action action, using default: 100/minute
14:25:29.478 [debug] No rate limit config for action action, using default: 100/minute
14:25:29.478 [debug] No rate limit config for action action, using default: 100/minute
14:25:29.478 [debug] No rate limit config for action action, using default: 100/minute
14:25:29.478 [debug] No rate limit config for action action, using default: 100/minute
14:25:29.478 [debug] No rate limit config for action action, using default: 100/minute
14:25:29.478 [debug] No rate limit config for action action, using default: 100/minute
14:25:29.478 [debug] No rate limit config for action action, using default: 100/minute
14:25:29.478 [debug] No rate limit config for action action, using default: 100/minute
14:25:29.478 [debug] No rate limit config for action action, using default: 100/minute
14:25:29.478 [debug] No rate limit config for action action, using default: 100/minute
14:25:29.478 [debug] No rate limit config for action action, using default: 100/minute
14:25:29.478 [debug] No rate limit config for action action, using default: 100/minute
14:25:29.478 [debug] No rate limit config for action action, using default: 100/minute
14:25:29.478 [debug] No rate limit config for action action, using default: 100/minute
14:25:29.478 [debug] No rate limit config for action action, using default: 100/minute
14:25:29.478 [debug] No rate limit config for action action, using default: 100/minute
14:25:29.478 [debug] No rate limit config for action action, using default: 100/minute
14:25:29.478 [debug] No rate limit config for action action, using default: 100/minute
14:25:29.478 [debug] No rate limit config for action action, using default: 100/minute
14:25:29.478 [debug] No rate limit config for action action, using default: 100/minute
14:25:29.478 [debug] No rate limit config for action action, using default: 100/minute
14:25:29.478 [debug] No rate limit config for action action, using default: 100/minute
14:25:29.478 [warning] Rate limit exceeded for customer customer-2, action: action, count: 100, limit: 100
..14:25:29.479 [debug] No rate limit config for action restart-action, using default: 100/minute
.14:25:29.479 [debug] No rate limit config for action test-action, using default: 100/minute
14:25:29.479 [debug] No rate limit config for action test-action, using default: 100/minute
14:25:29.479 [debug] No rate limit config for action test-action, using default: 100/minute
14:25:29.479 [debug] No rate limit config for action test-action, using default: 100/minute
14:25:29.479 [debug] No rate limit config for action test-action, using default: 100/minute
14:25:29.479 [debug] No rate limit config for action test-action, using default: 100/minute
14:25:29.479 [debug] No rate limit config for action test-action, using default: 100/minute
14:25:29.479 [debug] No rate limit config for action test-action, using default: 100/minute
14:25:29.479 [debug] No rate limit config for action test-action, using default: 100/minute
14:25:29.479 [debug] No rate limit config for action test-action, using default: 100/minute
14:25:29.479 [debug] No rate limit config for action test-action, using default: 100/minute
14:25:29.479 [debug] No rate limit config for action test-action, using default: 100/minute
14:25:29.479 [debug] No rate limit config for action test-action, using default: 100/minute
14:25:29.479 [debug] No rate limit config for action test-action, using default: 100/minute
14:25:29.479 [debug] No rate limit config for action test-action, using default: 100/minute
14:25:29.479 [debug] No rate limit config for action test-action, using default: 100/minute
14:25:29.479 [debug] No rate limit config for action test-action, using default: 100/minute
14:25:29.479 [debug] No rate limit config for action test-action, using default: 100/minute
14:25:29.479 [debug] No rate limit config for action test-action, using default: 100/minute
14:25:29.479 [debug] No rate limit config for action test-action, using default: 100/minute
14:25:29.479 [debug] No rate limit config for action test-action, using default: 100/minute
14:25:29.479 [debug] No rate limit config for action test-action, using default: 100/minute
14:25:29.479 [debug] No rate limit config for action test-action, using default: 100/minute
14:25:29.479 [debug] No rate limit config for action test-action, using default: 100/minute
14:25:29.479 [debug] No rate limit config for action test-action, using default: 100/minute
14:25:29.479 [debug] No rate limit config for action test-action, using default: 100/minute
14:25:29.479 [debug] No rate limit config for action test-action, using default: 100/minute
14:25:29.479 [debug] No rate limit config for action test-action, using default: 100/minute
14:25:29.479 [debug] No rate limit config for action test-action, using default: 100/minute
14:25:29.479 [debug] No rate limit config for action test-action, using default: 100/minute
14:25:29.479 [debug] No rate limit config for action test-action, using default: 100/minute
14:25:29.480 [debug] No rate limit config for action test-action, using default: 100/minute
14:25:29.480 [debug] No rate limit config for action test-action, using default: 100/minute
14:25:29.480 [debug] No rate limit config for action test-action, using default: 100/minute
14:25:29.480 [debug] No rate limit config for action test-action, using default: 100/minute
14:25:29.480 [debug] No rate limit config for action test-action, using default: 100/minute
14:25:29.480 [debug] No rate limit config for action test-action, using default: 100/minute
14:25:29.480 [debug] No rate limit config for action test-action, using default: 100/minute
14:25:29.480 [debug] No rate limit config for action test-action, using default: 100/minute
14:25:29.480 [debug] No rate limit config for action test-action, using default: 100/minute
14:25:29.480 [debug] No rate limit config for action test-action, using default: 100/minute
14:25:29.480 [debug] No rate limit config for action test-action, using default: 100/minute
14:25:29.480 [debug] No rate limit config for action test-action, using default: 100/minute
14:25:29.480 [debug] No rate limit config for action test-action, using default: 100/minute
14:25:29.480 [debug] No rate limit config for action test-action, using default: 100/minute
14:25:29.480 [debug] No rate limit config for action test-action, using default: 100/minute
14:25:29.480 [debug] No rate limit config for action test-action, using default: 100/minute
14:25:29.480 [debug] No rate limit config for action test-action, using default: 100/minute
14:25:29.480 [debug] No rate limit config for action test-action, using default: 100/minute
14:25:29.480 [debug] No rate limit config for action test-action, using default: 100/minute
14:25:29.480 [debug] No rate limit config for action test-action, using default: 100/minute
14:25:29.480 [debug] No rate limit config for action test-action, using default: 100/minute
14:25:29.480 [debug] No rate limit config for action test-action, using default: 100/minute
14:25:29.480 [debug] No rate limit config for action test-action, using default: 100/minute
14:25:29.480 [debug] No rate limit config for action test-action, using default: 100/minute
14:25:29.480 [debug] No rate limit config for action test-action, using default: 100/minute
14:25:29.480 [debug] No rate limit config for action test-action, using default: 100/minute
14:25:29.480 [debug] No rate limit config for action test-action, using default: 100/minute
14:25:29.480 [debug] No rate limit config for action test-action, using default: 100/minute
14:25:29.480 [debug] No rate limit config for action test-action, using default: 100/minute
14:25:29.480 [debug] No rate limit config for action test-action, using default: 100/minute
14:25:29.480 [debug] No rate limit config for action test-action, using default: 100/minute
14:25:29.480 [debug] No rate limit config for action test-action, using default: 100/minute
14:25:29.480 [debug] No rate limit config for action test-action, using default: 100/minute
14:25:29.480 [debug] No rate limit config for action test-action, using default: 100/minute
14:25:29.480 [debug] No rate limit config for action test-action, using default: 100/minute
14:25:29.480 [debug] No rate limit config for action test-action, using default: 100/minute
14:25:29.480 [debug] No rate limit config for action test-action, using default: 100/minute
14:25:29.480 [debug] No rate limit config for action test-action, using default: 100/minute
14:25:29.480 [debug] No rate limit config for action test-action, using default: 100/minute
14:25:29.480 [debug] No rate limit config for action test-action, using default: 100/minute
14:25:29.480 [debug] No rate limit config for action test-action, using default: 100/minute
14:25:29.480 [debug] No rate limit config for action test-action, using default: 100/minute
14:25:29.480 [debug] No rate limit config for action test-action, using default: 100/minute
14:25:29.480 [debug] No rate limit config for action test-action, using default: 100/minute
14:25:29.480 [debug] No rate limit config for action test-action, using default: 100/minute
14:25:29.480 [debug] No rate limit config for action test-action, using default: 100/minute
14:25:29.480 [debug] No rate limit config for action test-action, using default: 100/minute
14:25:29.481 [debug] No rate limit config for action test-action, using default: 100/minute
14:25:29.481 [debug] No rate limit config for action test-action, using default: 100/minute
14:25:29.481 [debug] No rate limit config for action test-action, using default: 100/minute
14:25:29.481 [debug] No rate limit config for action test-action, using default: 100/minute
14:25:29.481 [debug] No rate limit config for action test-action, using default: 100/minute
14:25:29.481 [debug] No rate limit config for action test-action, using default: 100/minute
14:25:29.481 [debug] No rate limit config for action test-action, using default: 100/minute
14:25:29.481 [debug] No rate limit config for action test-action, using default: 100/minute
14:25:29.481 [debug] No rate limit config for action test-action, using default: 100/minute
14:25:29.481 [debug] No rate limit config for action test-action, using default: 100/minute
14:25:29.481 [debug] No rate limit config for action test-action, using default: 100/minute
14:25:29.481 [debug] No rate limit config for action test-action, using default: 100/minute
14:25:29.481 [debug] No rate limit config for action test-action, using default: 100/minute
14:25:29.481 [debug] No rate limit config for action test-action, using default: 100/minute
14:25:29.481 [debug] No rate limit config for action test-action, using default: 100/minute
14:25:29.481 [debug] No rate limit config for action test-action, using default: 100/minute
14:25:29.481 [debug] No rate limit config for action test-action, using default: 100/minute
14:25:29.481 [debug] No rate limit config for action test-action, using default: 100/minute
14:25:29.481 [debug] No rate limit config for action test-action, using default: 100/minute
14:25:29.481 [debug] No rate limit config for action test-action, using default: 100/minute
14:25:29.481 [debug] No rate limit config for action test-action, using default: 100/minute
14:25:29.481 [debug] No rate limit config for action test-action, using default: 100/minute
14:25:29.481 [debug] No rate limit config for action test-action, using default: 100/minute
14:25:29.481 [warning] Rate limit exceeded for customer test-customer, action: test-action, count: 100, limit: 100
14:25:29.481 [debug] No rate limit config for action test-action, using default: 100/minute
.14:25:29.481 [debug] No rate limit config for action dist-action, using default: 100/minute
14:25:29.481 [debug] No rate limit config for action dist-action, using default: 100/minute
14:25:29.481 [debug] No rate limit config for action dist-action, using default: 100/minute
14:25:29.481 [debug] No rate limit config for action dist-action, using default: 100/minute
14:25:29.481 [debug] No rate limit config for action dist-action, using default: 100/minute
14:25:29.481 [debug] No rate limit config for action dist-action, using default: 100/minute
14:25:29.481 [debug] No rate limit config for action dist-action, using default: 100/minute
14:25:29.481 [debug] No rate limit config for action dist-action, using default: 100/minute
14:25:29.481 [debug] No rate limit config for action dist-action, using default: 100/minute
14:25:29.481 [debug] No rate limit config for action dist-action, using default: 100/minute
14:25:29.481 [debug] No rate limit config for action dist-action, using default: 100/minute
14:25:29.481 [debug] No rate limit config for action dist-action, using default: 100/minute
14:25:29.481 [debug] No rate limit config for action dist-action, using default: 100/minute
14:25:29.481 [debug] No rate limit config for action dist-action, using default: 100/minute
14:25:29.482 [debug] No rate limit config for action dist-action, using default: 100/minute
14:25:29.482 [debug] No rate limit config for action dist-action, using default: 100/minute
14:25:29.482 [debug] No rate limit config for action dist-action, using default: 100/minute
14:25:29.482 [debug] No rate limit config for action dist-action, using default: 100/minute
14:25:29.482 [debug] No rate limit config for action dist-action, using default: 100/minute
14:25:29.482 [debug] No rate limit config for action dist-action, using default: 100/minute
14:25:29.482 [debug] No rate limit config for action dist-action, using default: 100/minute
14:25:29.482 [debug] No rate limit config for action dist-action, using default: 100/minute
14:25:29.482 [debug] No rate limit config for action dist-action, using default: 100/minute
14:25:29.482 [debug] No rate limit config for action dist-action, using default: 100/minute
14:25:29.482 [debug] No rate limit config for action dist-action, using default: 100/minute
14:25:29.482 [debug] No rate limit config for action dist-action, using default: 100/minute
14:25:29.482 [debug] No rate limit config for action dist-action, using default: 100/minute
14:25:29.482 [debug] No rate limit config for action dist-action, using default: 100/minute
14:25:29.482 [debug] No rate limit config for action dist-action, using default: 100/minute
14:25:29.482 [debug] No rate limit config for action dist-action, using default: 100/minute
14:25:29.482 [debug] No rate limit config for action dist-action, using default: 100/minute
14:25:29.482 [debug] No rate limit config for action dist-action, using default: 100/minute
14:25:29.482 [debug] No rate limit config for action dist-action, using default: 100/minute
14:25:29.482 [debug] No rate limit config for action dist-action, using default: 100/minute
14:25:29.482 [debug] No rate limit config for action dist-action, using default: 100/minute
14:25:29.482 [debug] No rate limit config for action dist-action, using default: 100/minute
14:25:29.482 [debug] No rate limit config for action dist-action, using default: 100/minute
14:25:29.482 [debug] No rate limit config for action dist-action, using default: 100/minute
14:25:29.482 [debug] No rate limit config for action dist-action, using default: 100/minute
14:25:29.482 [debug] No rate limit config for action dist-action, using default: 100/minute
14:25:29.482 [debug] No rate limit config for action dist-action, using default: 100/minute
14:25:29.482 [debug] No rate limit config for action dist-action, using default: 100/minute
14:25:29.482 [debug] No rate limit config for action dist-action, using default: 100/minute
14:25:29.482 [debug] No rate limit config for action dist-action, using default: 100/minute
14:25:29.482 [debug] No rate limit config for action dist-action, using default: 100/minute
14:25:29.482 [debug] No rate limit config for action dist-action, using default: 100/minute
14:25:29.482 [debug] No rate limit config for action dist-action, using default: 100/minute
14:25:29.482 [debug] No rate limit config for action dist-action, using default: 100/minute
14:25:29.482 [debug] No rate limit config for action dist-action, using default: 100/minute
14:25:29.482 [debug] No rate limit config for action dist-action, using default: 100/minute
14:25:29.482 [debug] No rate limit config for action dist-action, using default: 100/minute
14:25:29.482 [debug] No rate limit config for action dist-action, using default: 100/minute
14:25:29.482 [debug] No rate limit config for action dist-action, using default: 100/minute
14:25:29.482 [debug] No rate limit config for action dist-action, using default: 100/minute
14:25:29.482 [debug] No rate limit config for action dist-action, using default: 100/minute
14:25:29.482 [debug] No rate limit config for action dist-action, using default: 100/minute
14:25:29.482 [debug] No rate limit config for action dist-action, using default: 100/minute
14:25:29.482 [debug] No rate limit config for action dist-action, using default: 100/minute
14:25:29.483 [debug] No rate limit config for action dist-action, using default: 100/minute
14:25:29.483 [debug] No rate limit config for action dist-action, using default: 100/minute
14:25:29.483 [debug] No rate limit config for action dist-action, using default: 100/minute
14:25:29.483 [debug] No rate limit config for action dist-action, using default: 100/minute
14:25:29.483 [debug] No rate limit config for action dist-action, using default: 100/minute
14:25:29.483 [debug] No rate limit config for action dist-action, using default: 100/minute
14:25:29.483 [debug] No rate limit config for action dist-action, using default: 100/minute
14:25:29.483 [debug] No rate limit config for action dist-action, using default: 100/minute
14:25:29.483 [debug] No rate limit config for action dist-action, using default: 100/minute
14:25:29.483 [debug] No rate limit config for action dist-action, using default: 100/minute
14:25:29.483 [debug] No rate limit config for action dist-action, using default: 100/minute
14:25:29.483 [debug] No rate limit config for action dist-action, using default: 100/minute
14:25:29.483 [debug] No rate limit config for action dist-action, using default: 100/minute
14:25:29.483 [debug] No rate limit config for action dist-action, using default: 100/minute
14:25:29.483 [debug] No rate limit config for action dist-action, using default: 100/minute
14:25:29.483 [debug] No rate limit config for action dist-action, using default: 100/minute
14:25:29.483 [debug] No rate limit config for action dist-action, using default: 100/minute
14:25:29.483 [debug] No rate limit config for action dist-action, using default: 100/minute
14:25:29.483 [debug] No rate limit config for action dist-action, using default: 100/minute
14:25:29.483 [debug] No rate limit config for action dist-action, using default: 100/minute
14:25:29.483 [debug] No rate limit config for action dist-action, using default: 100/minute
14:25:29.483 [debug] No rate limit config for action dist-action, using default: 100/minute
14:25:29.483 [debug] No rate limit config for action dist-action, using default: 100/minute
14:25:29.483 [debug] No rate limit config for action dist-action, using default: 100/minute
14:25:29.483 [debug] No rate limit config for action dist-action, using default: 100/minute
14:25:29.483 [debug] No rate limit config for action dist-action, using default: 100/minute
14:25:29.483 [debug] No rate limit config for action dist-action, using default: 100/minute
14:25:29.483 [debug] No rate limit config for action dist-action, using default: 100/minute
14:25:29.483 [debug] No rate limit config for action dist-action, using default: 100/minute
14:25:29.483 [debug] No rate limit config for action dist-action, using default: 100/minute
14:25:29.483 [debug] No rate limit config for action dist-action, using default: 100/minute
14:25:29.483 [debug] No rate limit config for action dist-action, using default: 100/minute
14:25:29.483 [debug] No rate limit config for action dist-action, using default: 100/minute
14:25:29.483 [debug] No rate limit config for action dist-action, using default: 100/minute
14:25:29.483 [debug] No rate limit config for action dist-action, using default: 100/minute
14:25:29.483 [debug] No rate limit config for action dist-action, using default: 100/minute
14:25:29.483 [debug] No rate limit config for action dist-action, using default: 100/minute
14:25:29.483 [debug] No rate limit config for action dist-action, using default: 100/minute
14:25:29.483 [debug] No rate limit config for action dist-action, using default: 100/minute
14:25:29.483 [debug] No rate limit config for action dist-action, using default: 100/minute
14:25:29.483 [debug] No rate limit config for action dist-action, using default: 100/minute
14:25:29.483 [debug] No rate limit config for action dist-action, using default: 100/minute
14:25:29.483 [debug] No rate limit config for action dist-action, using default: 100/minute
14:25:29.483 [warning] Rate limit exceeded for customer dist-test-customer, action: dist-action, count: 100, limit: 100
.14:25:29.484 [debug] No rate limit config for action test-action, using default: 100/minute
14:25:29.484 [debug] No rate limit config for action test-action, using default: 100/minute
14:25:29.484 [debug] No rate limit config for action test-action, using default: 100/minute
14:25:29.484 [debug] No rate limit config for action test-action, using default: 100/minute
14:25:29.484 [debug] No rate limit config for action test-action, using default: 100/minute
14:25:29.484 [debug] No rate limit config for action test-action, using default: 100/minute
14:25:29.484 [debug] No rate limit config for action test-action, using default: 100/minute
14:25:29.484 [debug] No rate limit config for action test-action, using default: 100/minute
14:25:29.484 [debug] No rate limit config for action test-action, using default: 100/minute
14:25:29.484 [debug] No rate limit config for action test-action, using default: 100/minute
14:25:29.484 [debug] No rate limit config for action test-action, using default: 100/minute
14:25:29.484 [debug] No rate limit config for action test-action, using default: 100/minute
14:25:29.484 [debug] No rate limit config for action test-action, using default: 100/minute
14:25:29.484 [debug] No rate limit config for action test-action, using default: 100/minute
14:25:29.484 [debug] No rate limit config for action test-action, using default: 100/minute
14:25:29.484 [debug] No rate limit config for action test-action, using default: 100/minute
14:25:29.484 [debug] No rate limit config for action test-action, using default: 100/minute
14:25:29.484 [debug] No rate limit config for action test-action, using default: 100/minute
14:25:29.484 [debug] No rate limit config for action test-action, using default: 100/minute
14:25:29.484 [debug] No rate limit config for action test-action, using default: 100/minute
14:25:29.484 [debug] No rate limit config for action test-action, using default: 100/minute
14:25:29.484 [debug] No rate limit config for action test-action, using default: 100/minute
14:25:29.484 [debug] No rate limit config for action test-action, using default: 100/minute
14:25:29.484 [debug] No rate limit config for action test-action, using default: 100/minute
14:25:29.484 [debug] No rate limit config for action test-action, using default: 100/minute
14:25:29.484 [debug] No rate limit config for action test-action, using default: 100/minute
14:25:29.484 [debug] No rate limit config for action test-action, using default: 100/minute
14:25:29.484 [debug] No rate limit config for action test-action, using default: 100/minute
14:25:29.484 [debug] No rate limit config for action test-action, using default: 100/minute
14:25:29.484 [debug] No rate limit config for action test-action, using default: 100/minute
14:25:29.484 [debug] No rate limit config for action test-action, using default: 100/minute
14:25:29.484 [debug] No rate limit config for action test-action, using default: 100/minute
14:25:29.484 [debug] No rate limit config for action test-action, using default: 100/minute
14:25:29.484 [debug] No rate limit config for action test-action, using default: 100/minute
14:25:29.484 [debug] No rate limit config for action test-action, using default: 100/minute
14:25:29.484 [debug] No rate limit config for action test-action, using default: 100/minute
14:25:29.484 [debug] No rate limit config for action test-action, using default: 100/minute
14:25:29.484 [debug] No rate limit config for action test-action, using default: 100/minute
14:25:29.484 [debug] No rate limit config for action test-action, using default: 100/minute
14:25:29.484 [debug] No rate limit config for action test-action, using default: 100/minute
14:25:29.484 [debug] No rate limit config for action test-action, using default: 100/minute
14:25:29.484 [debug] No rate limit config for action test-action, using default: 100/minute
14:25:29.484 [debug] No rate limit config for action test-action, using default: 100/minute
14:25:29.485 [debug] No rate limit config for action test-action, using default: 100/minute
14:25:29.485 [debug] No rate limit config for action test-action, using default: 100/minute
14:25:29.485 [debug] No rate limit config for action test-action, using default: 100/minute
14:25:29.485 [debug] No rate limit config for action test-action, using default: 100/minute
14:25:29.485 [debug] No rate limit config for action test-action, using default: 100/minute
14:25:29.485 [debug] No rate limit config for action test-action, using default: 100/minute
14:25:29.485 [debug] No rate limit config for action test-action, using default: 100/minute
14:25:29.485 [debug] No rate limit config for action test-action, using default: 100/minute
14:25:29.485 [debug] No rate limit config for action test-action, using default: 100/minute
14:25:29.485 [debug] No rate limit config for action test-action, using default: 100/minute
14:25:29.485 [debug] No rate limit config for action test-action, using default: 100/minute
14:25:29.485 [debug] No rate limit config for action test-action, using default: 100/minute
14:25:29.485 [debug] No rate limit config for action test-action, using default: 100/minute
14:25:29.485 [debug] No rate limit config for action test-action, using default: 100/minute
14:25:29.485 [debug] No rate limit config for action test-action, using default: 100/minute
14:25:29.485 [debug] No rate limit config for action test-action, using default: 100/minute
14:25:29.485 [debug] No rate limit config for action test-action, using default: 100/minute
14:25:29.485 [debug] No rate limit config for action test-action, using default: 100/minute
14:25:29.485 [debug] No rate limit config for action test-action, using default: 100/minute
14:25:29.485 [debug] No rate limit config for action test-action, using default: 100/minute
14:25:29.485 [debug] No rate limit config for action test-action, using default: 100/minute
14:25:29.485 [debug] No rate limit config for action test-action, using default: 100/minute
14:25:29.485 [debug] No rate limit config for action test-action, using default: 100/minute
14:25:29.485 [debug] No rate limit config for action test-action, using default: 100/minute
14:25:29.485 [debug] No rate limit config for action test-action, using default: 100/minute
14:25:29.485 [debug] No rate limit config for action test-action, using default: 100/minute
14:25:29.485 [debug] No rate limit config for action test-action, using default: 100/minute
14:25:29.485 [debug] No rate limit config for action test-action, using default: 100/minute
14:25:29.485 [debug] No rate limit config for action test-action, using default: 100/minute
14:25:29.485 [debug] No rate limit config for action test-action, using default: 100/minute
14:25:29.485 [debug] No rate limit config for action test-action, using default: 100/minute
14:25:29.485 [debug] No rate limit config for action test-action, using default: 100/minute
14:25:29.485 [debug] No rate limit config for action test-action, using default: 100/minute
14:25:29.485 [debug] No rate limit config for action test-action, using default: 100/minute
14:25:29.485 [debug] No rate limit config for action test-action, using default: 100/minute
14:25:29.485 [debug] No rate limit config for action test-action, using default: 100/minute
14:25:29.485 [debug] No rate limit config for action test-action, using default: 100/minute
14:25:29.485 [debug] No rate limit config for action test-action, using default: 100/minute
14:25:29.485 [debug] No rate limit config for action test-action, using default: 100/minute
14:25:29.485 [debug] No rate limit config for action test-action, using default: 100/minute
14:25:29.485 [debug] No rate limit config for action test-action, using default: 100/minute
14:25:29.485 [debug] No rate limit config for action test-action, using default: 100/minute
14:25:29.485 [debug] No rate limit config for action test-action, using default: 100/minute
14:25:29.485 [debug] No rate limit config for action test-action, using default: 100/minute
14:25:29.485 [debug] No rate limit config for action test-action, using default: 100/minute
14:25:29.485 [debug] No rate limit config for action test-action, using default: 100/minute
14:25:29.486 [debug] No rate limit config for action test-action, using default: 100/minute
14:25:29.486 [debug] No rate limit config for action test-action, using default: 100/minute
14:25:29.486 [debug] No rate limit config for action test-action, using default: 100/minute
14:25:29.486 [debug] No rate limit config for action test-action, using default: 100/minute
14:25:29.486 [debug] No rate limit config for action test-action, using default: 100/minute
14:25:29.486 [debug] No rate limit config for action test-action, using default: 100/minute
14:25:29.486 [debug] No rate limit config for action test-action, using default: 100/minute
14:25:29.486 [debug] No rate limit config for action test-action, using default: 100/minute
14:25:29.486 [debug] No rate limit config for action test-action, using default: 100/minute
14:25:29.486 [debug] No rate limit config for action test-action, using default: 100/minute
14:25:29.486 [debug] No rate limit config for action test-action, using default: 100/minute
.14:25:29.486 [debug] No rate limit config for action action-1, using default: 100/minute
14:25:29.486 [debug] No rate limit config for action action-1, using default: 100/minute
14:25:29.486 [debug] No rate limit config for action action-1, using default: 100/minute
14:25:29.486 [debug] No rate limit config for action action-1, using default: 100/minute
14:25:29.486 [debug] No rate limit config for action action-1, using default: 100/minute
14:25:29.486 [debug] No rate limit config for action action-1, using default: 100/minute
14:25:29.486 [debug] No rate limit config for action action-1, using default: 100/minute
14:25:29.486 [debug] No rate limit config for action action-1, using default: 100/minute
14:25:29.486 [debug] No rate limit config for action action-1, using default: 100/minute
14:25:29.486 [debug] No rate limit config for action action-1, using default: 100/minute
14:25:29.486 [debug] No rate limit config for action action-1, using default: 100/minute
14:25:29.486 [debug] No rate limit config for action action-1, using default: 100/minute
14:25:29.486 [debug] No rate limit config for action action-1, using default: 100/minute
14:25:29.486 [debug] No rate limit config for action action-1, using default: 100/minute
14:25:29.486 [debug] No rate limit config for action action-1, using default: 100/minute
14:25:29.486 [debug] No rate limit config for action action-1, using default: 100/minute
14:25:29.486 [debug] No rate limit config for action action-1, using default: 100/minute
14:25:29.486 [debug] No rate limit config for action action-1, using default: 100/minute
14:25:29.486 [debug] No rate limit config for action action-1, using default: 100/minute
14:25:29.486 [debug] No rate limit config for action action-1, using default: 100/minute
14:25:29.486 [debug] No rate limit config for action action-1, using default: 100/minute
14:25:29.486 [debug] No rate limit config for action action-1, using default: 100/minute
14:25:29.486 [debug] No rate limit config for action action-1, using default: 100/minute
14:25:29.486 [debug] No rate limit config for action action-1, using default: 100/minute
14:25:29.486 [debug] No rate limit config for action action-1, using default: 100/minute
14:25:29.486 [debug] No rate limit config for action action-1, using default: 100/minute
14:25:29.486 [debug] No rate limit config for action action-1, using default: 100/minute
14:25:29.486 [debug] No rate limit config for action action-1, using default: 100/minute
14:25:29.486 [debug] No rate limit config for action action-1, using default: 100/minute
14:25:29.487 [debug] No rate limit config for action action-1, using default: 100/minute
14:25:29.487 [debug] No rate limit config for action action-1, using default: 100/minute
14:25:29.487 [debug] No rate limit config for action action-1, using default: 100/minute
14:25:29.487 [debug] No rate limit config for action action-1, using default: 100/minute
14:25:29.487 [debug] No rate limit config for action action-1, using default: 100/minute
14:25:29.487 [debug] No rate limit config for action action-1, using default: 100/minute
14:25:29.487 [debug] No rate limit config for action action-1, using default: 100/minute
14:25:29.487 [debug] No rate limit config for action action-1, using default: 100/minute
14:25:29.487 [debug] No rate limit config for action action-1, using default: 100/minute
14:25:29.487 [debug] No rate limit config for action action-1, using default: 100/minute
14:25:29.487 [debug] No rate limit config for action action-1, using default: 100/minute
14:25:29.487 [debug] No rate limit config for action action-1, using default: 100/minute
14:25:29.487 [debug] No rate limit config for action action-1, using default: 100/minute
14:25:29.487 [debug] No rate limit config for action action-1, using default: 100/minute
14:25:29.487 [debug] No rate limit config for action action-1, using default: 100/minute
14:25:29.487 [debug] No rate limit config for action action-1, using default: 100/minute
14:25:29.487 [debug] No rate limit config for action action-1, using default: 100/minute
14:25:29.487 [debug] No rate limit config for action action-1, using default: 100/minute
14:25:29.487 [debug] No rate limit config for action action-1, using default: 100/minute
14:25:29.487 [debug] No rate limit config for action action-1, using default: 100/minute
14:25:29.487 [debug] No rate limit config for action action-1, using default: 100/minute
14:25:29.487 [debug] No rate limit config for action action-1, using default: 100/minute
14:25:29.487 [debug] No rate limit config for action action-1, using default: 100/minute
14:25:29.487 [debug] No rate limit config for action action-1, using default: 100/minute
14:25:29.487 [debug] No rate limit config for action action-1, using default: 100/minute
14:25:29.487 [debug] No rate limit config for action action-1, using default: 100/minute
14:25:29.487 [debug] No rate limit config for action action-1, using default: 100/minute
14:25:29.487 [debug] No rate limit config for action action-1, using default: 100/minute
14:25:29.487 [debug] No rate limit config for action action-1, using default: 100/minute
14:25:29.487 [debug] No rate limit config for action action-1, using default: 100/minute
14:25:29.487 [debug] No rate limit config for action action-1, using default: 100/minute
14:25:29.487 [debug] No rate limit config for action action-1, using default: 100/minute
14:25:29.487 [debug] No rate limit config for action action-1, using default: 100/minute
14:25:29.487 [debug] No rate limit config for action action-1, using default: 100/minute
14:25:29.487 [debug] No rate limit config for action action-1, using default: 100/minute
14:25:29.487 [debug] No rate limit config for action action-1, using default: 100/minute
14:25:29.487 [debug] No rate limit config for action action-1, using default: 100/minute
14:25:29.487 [debug] No rate limit config for action action-1, using default: 100/minute
14:25:29.487 [debug] No rate limit config for action action-1, using default: 100/minute
14:25:29.487 [debug] No rate limit config for action action-1, using default: 100/minute
14:25:29.487 [debug] No rate limit config for action action-1, using default: 100/minute
14:25:29.487 [debug] No rate limit config for action action-1, using default: 100/minute
14:25:29.487 [debug] No rate limit config for action action-1, using default: 100/minute
14:25:29.487 [debug] No rate limit config for action action-1, using default: 100/minute
14:25:29.488 [debug] No rate limit config for action action-1, using default: 100/minute
14:25:29.488 [debug] No rate limit config for action action-1, using default: 100/minute
14:25:29.488 [debug] No rate limit config for action action-1, using default: 100/minute
14:25:29.488 [debug] No rate limit config for action action-1, using default: 100/minute
14:25:29.488 [debug] No rate limit config for action action-1, using default: 100/minute
14:25:29.488 [debug] No rate limit config for action action-1, using default: 100/minute
14:25:29.488 [debug] No rate limit config for action action-1, using default: 100/minute
14:25:29.488 [debug] No rate limit config for action action-1, using default: 100/minute
14:25:29.488 [debug] No rate limit config for action action-1, using default: 100/minute
14:25:29.488 [debug] No rate limit config for action action-1, using default: 100/minute
14:25:29.488 [debug] No rate limit config for action action-1, using default: 100/minute
14:25:29.488 [debug] No rate limit config for action action-1, using default: 100/minute
14:25:29.488 [debug] No rate limit config for action action-1, using default: 100/minute
14:25:29.488 [debug] No rate limit config for action action-1, using default: 100/minute
14:25:29.488 [debug] No rate limit config for action action-1, using default: 100/minute
14:25:29.488 [debug] No rate limit config for action action-1, using default: 100/minute
14:25:29.488 [debug] No rate limit config for action action-1, using default: 100/minute
14:25:29.488 [debug] No rate limit config for action action-1, using default: 100/minute
14:25:29.488 [debug] No rate limit config for action action-1, using default: 100/minute
14:25:29.488 [debug] No rate limit config for action action-1, using default: 100/minute
14:25:29.488 [debug] No rate limit config for action action-1, using default: 100/minute
14:25:29.488 [debug] No rate limit config for action action-1, using default: 100/minute
14:25:29.488 [debug] No rate limit config for action action-1, using default: 100/minute
14:25:29.488 [debug] No rate limit config for action action-1, using default: 100/minute
14:25:29.488 [debug] No rate limit config for action action-1, using default: 100/minute
14:25:29.488 [debug] No rate limit config for action action-1, using default: 100/minute
14:25:29.488 [debug] No rate limit config for action action-1, using default: 100/minute
14:25:29.488 [debug] No rate limit config for action action-1, using default: 100/minute
14:25:29.488 [warning] Rate limit exceeded for customer test-customer, action: action-1, count: 100, limit: 100
14:25:29.488 [debug] No rate limit config for action action-2, using default: 100/minute
14:25:29.488 [debug] No rate limit config for action action-2, using default: 100/minute
14:25:29.488 [debug] No rate limit config for action action-2, using default: 100/minute
14:25:29.488 [debug] No rate limit config for action action-2, using default: 100/minute
14:25:29.488 [debug] No rate limit config for action action-2, using default: 100/minute
14:25:29.489 [debug] No rate limit config for action action-2, using default: 100/minute
14:25:29.489 [debug] No rate limit config for action action-2, using default: 100/minute
14:25:29.489 [debug] No rate limit config for action action-2, using default: 100/minute
14:25:29.489 [debug] No rate limit config for action action-2, using default: 100/minute
14:25:29.489 [debug] No rate limit config for action action-2, using default: 100/minute
14:25:29.489 [debug] No rate limit config for action action-2, using default: 100/minute
14:25:29.489 [debug] No rate limit config for action action-2, using default: 100/minute
14:25:29.489 [debug] No rate limit config for action action-2, using default: 100/minute
14:25:29.489 [debug] No rate limit config for action action-2, using default: 100/minute
14:25:29.489 [debug] No rate limit config for action action-2, using default: 100/minute
14:25:29.489 [debug] No rate limit config for action action-2, using default: 100/minute
14:25:29.489 [debug] No rate limit config for action action-2, using default: 100/minute
14:25:29.489 [debug] No rate limit config for action action-2, using default: 100/minute
14:25:29.489 [debug] No rate limit config for action action-2, using default: 100/minute
14:25:29.489 [debug] No rate limit config for action action-2, using default: 100/minute
14:25:29.489 [debug] No rate limit config for action action-2, using default: 100/minute
14:25:29.489 [debug] No rate limit config for action action-2, using default: 100/minute
14:25:29.489 [debug] No rate limit config for action action-2, using default: 100/minute
14:25:29.489 [debug] No rate limit config for action action-2, using default: 100/minute
14:25:29.489 [debug] No rate limit config for action action-2, using default: 100/minute
14:25:29.489 [debug] No rate limit config for action action-2, using default: 100/minute
14:25:29.489 [debug] No rate limit config for action action-2, using default: 100/minute
14:25:29.489 [debug] No rate limit config for action action-2, using default: 100/minute
14:25:29.489 [debug] No rate limit config for action action-2, using default: 100/minute
14:25:29.489 [debug] No rate limit config for action action-2, using default: 100/minute
14:25:29.489 [debug] No rate limit config for action action-2, using default: 100/minute
14:25:29.489 [debug] No rate limit config for action action-2, using default: 100/minute
14:25:29.489 [debug] No rate limit config for action action-2, using default: 100/minute
..............Total signups in DB: 1
14:25:29.629 request_id=GGRUMkiBxj0w5FwAAEgG [debug] QUERY OK source="early_access_signups" db=1.3ms queue=0.1ms
SELECT e0."id", e0."email", e0."name", e0."company", e0."referral_source", e0."utm_source", e0."utm_medium", e0."utm_campaign", e0."inserted_at" FROM "early_access_signups" AS e0 ORDER BY e0."inserted_at" DESC []
All emails: ["test_integration@example.com"]
14:25:29.631 request_id=GGRUMkiBxj0w5FwAAEgG [debug] QUERY OK source="early_access_signups" db=0.4ms queue=0.6ms
SELECT e0."id", e0."email", e0."name", e0."company", e0."referral_source", e0."utm_source", e0."utm_medium", e0."utm_campaign", e0."inserted_at" FROM "early_access_signups" AS e0 WHERE (e0."email" = $1) ["test_integration@example.com"]
.14:25:29.633 request_id=GGRUMk8WEO56iCkAADYD [info] POST /early-access
14:25:29.633 request_id=GGRUMk8WEO56iCkAADYD [debug] Processing with RsolvWeb.PageController.submit_early_access/2
  Parameters: %{"email" => "invalid-email"}
  Pipelines: [:browser]
14:25:29.634 request_id=GGRUMk8WEO56iCkAADYD [debug] QUERY OK source="fun_with_flags_toggles" db=0.3ms
SELECT f0."id", f0."flag_name", f0."gate_type", f0."target", f0."enabled" FROM "fun_with_flags_toggles" AS f0 WHERE (f0."flag_name" = $1) ["early_access_signup"]
14:25:29.634 request_id=GGRUMk8WEO56iCkAADYD [debug] Telemetry event: [:fun_with_flags, :persistence, :read], metadata: %{flag_name: :early_access_signup, gate: nil}, measurements: %{system_time: 1757622329634280266}
14:25:29.634 request_id=GGRUMk8WEO56iCkAADYD [debug] Extracted UTM parameters: %{}
14:25:29.634 request_id=GGRUMk8WEO56iCkAADYD [info] Analytics event tracked
14:25:29.635 request_id=GGRUMk8WEO56iCkAADYD [debug] QUERY OK db=0.3ms queue=0.3ms
SELECT create_analytics_partition_if_not_exists($1::date) [~D[2025-09-11]]
14:25:29.636 request_id=GGRUMk8WEO56iCkAADYD [debug] QUERY OK source="analytics_events" db=0.4ms
INSERT INTO "analytics_events" ("metadata","event_type","visitor_id","page_path","inserted_at","updated_at") VALUES ($1,$2,$3,$4,$5,$6) RETURNING "id" [%{status: "submit", os: "unknown", form_id: "early-access", browser: "unknown", utm_source_platform: nil, utm_source_campaign: nil, utm_source_content: nil, device_type: "unknown"}, "form_submit", "ff8dc91d7f2db2cb226aad575f4c89a5", "/early-access", ~N[2025-09-11 20:25:29], ~N[2025-09-11 20:25:29]]
14:25:29.636 request_id=GGRUMk8WEO56iCkAADYD [info] Form submission received
14:25:29.636 request_id=GGRUMk8WEO56iCkAADYD [info] Analytics event tracked
14:25:29.636 request_id=GGRUMk8WEO56iCkAADYD [debug] QUERY OK db=0.1ms queue=0.3ms
SELECT create_analytics_partition_if_not_exists($1::date) [~D[2025-09-11]]
14:25:29.636 request_id=GGRUMk8WEO56iCkAADYD [debug] QUERY OK source="analytics_events" db=0.0ms
INSERT INTO "analytics_events" ("metadata","event_type","visitor_id","page_path","inserted_at","updated_at") VALUES ($1,$2,$3,$4,$5,$6) RETURNING "id" [%{status: "error", os: "unknown", error_type: "validation", form_id: "early-access", browser: "unknown", error_details: "Email must contain @", utm_source_platform: nil, utm_source_campaign: nil, utm_source_content: nil, device_type: "unknown", email_input: "invalid-email"}, "form_error", "ff8dc91d7f2db2cb226aad575f4c89a5", "/early-access", ~N[2025-09-11 20:25:29], ~N[2025-09-11 20:25:29]]
14:25:29.636 request_id=GGRUMk8WEO56iCkAADYD [info] Sent 302 in 3ms
14:25:29.636 request_id=GGRUMk8WEO56iCkAADYD [debug] QUERY OK source="early_access_signups" db=0.0ms
SELECT e0."id", e0."email", e0."name", e0."company", e0."referral_source", e0."utm_source", e0."utm_medium", e0."utm_campaign", e0."inserted_at" FROM "early_access_signups" AS e0 WHERE (e0."email" = $1) ["invalid-email"]
.14:25:29.637 request_id=GGRUMk9S-GfRfQAAADaD [info] POST /early-access
14:25:29.637 request_id=GGRUMk9S-GfRfQAAADaD [debug] Processing with RsolvWeb.PageController.submit_early_access/2
  Parameters: %{"email" => "test_integration@example.com"}
  Pipelines: [:browser]
14:25:29.637 request_id=GGRUMk9S-GfRfQAAADaD [debug] QUERY OK source="fun_with_flags_toggles" db=0.0ms
SELECT f0."id", f0."flag_name", f0."gate_type", f0."target", f0."enabled" FROM "fun_with_flags_toggles" AS f0 WHERE (f0."flag_name" = $1) ["early_access_signup"]
14:25:29.637 request_id=GGRUMk9S-GfRfQAAADaD [debug] Telemetry event: [:fun_with_flags, :persistence, :read], metadata: %{flag_name: :early_access_signup, gate: nil}, measurements: %{system_time: 1757622329637456102}
14:25:29.637 request_id=GGRUMk9S-GfRfQAAADaD [debug] Extracted UTM parameters: %{}
14:25:29.637 request_id=GGRUMk9S-GfRfQAAADaD [info] Analytics event tracked
14:25:29.637 request_id=GGRUMk9S-GfRfQAAADaD [debug] QUERY OK db=0.0ms
SELECT create_analytics_partition_if_not_exists($1::date) [~D[2025-09-11]]
14:25:29.637 request_id=GGRUMk9S-GfRfQAAADaD [debug] QUERY OK source="analytics_events" db=0.0ms
INSERT INTO "analytics_events" ("metadata","event_type","visitor_id","page_path","inserted_at","updated_at") VALUES ($1,$2,$3,$4,$5,$6) RETURNING "id" [%{status: "submit", os: "unknown", form_id: "early-access", browser: "unknown", utm_source_platform: nil, utm_source_campaign: nil, utm_source_content: nil, device_type: "unknown"}, "form_submit", "a85e7e884a88f3a2b4269ff0cf8de04c", "/early-access", ~N[2025-09-11 20:25:29], ~N[2025-09-11 20:25:29]]
14:25:29.637 request_id=GGRUMk9S-GfRfQAAADaD [info] Form submission received
14:25:29.637 request_id=GGRUMk9S-GfRfQAAADaD [info] Valid email received for processing: test_integration@example.com, validation passed
14:25:29.637 request_id=GGRUMk9S-GfRfQAAADaD [debug] Extracted UTM parameters: %{}
14:25:29.638 request_id=GGRUMk9S-GfRfQAAADaD [debug] QUERY OK source="early_access_signups" db=0.0ms
INSERT INTO "early_access_signups" ("name","email","referral_source","inserted_at") VALUES ($1,$2,$3,$4) RETURNING "id" ["Testintegration", "test_integration@example.com", "landing_page", ~N[2025-09-11 20:25:29]]
14:25:29.638 request_id=GGRUMk9S-GfRfQAAADaD [debug] QUERY OK source="early_access_signups" db=0.2ms
SELECT count(e0."id") FROM "early_access_signups" AS e0 []
14:25:29.638 request_id=GGRUMk9S-GfRfQAAADaD [info] Successfully saved signup to database
14:25:29.638 request_id=GGRUMk9S-GfRfQAAADaD [info] ConvertKit API key present: true
14:25:29.638 request_id=GGRUMk9S-GfRfQAAADaD [error] ConvertKit HTTP request failed
14:25:29.638 request_id=GGRUMk9S-GfRfQAAADaD [warning] ConvertKit: Failed to add subscriber via primary endpoint
14:25:29.638 request_id=GGRUMk9S-GfRfQAAADaD [info] ConvertKit: Trying fallback to form-specific endpoint
14:25:29.638 request_id=GGRUMk9S-GfRfQAAADaD [info] ConvertKit: Using form-specific endpoint as fallback for test_integration@example.com
14:25:29.638 request_id=GGRUMk9S-GfRfQAAADaD [error] ConvertKit HTTP request failed
14:25:29.638 request_id=GGRUMk9S-GfRfQAAADaD [error] ConvertKit: Failed to add subscriber via fallback endpoint
14:25:29.638 request_id=GGRUMk9S-GfRfQAAADaD [info] Analytics event tracked
14:25:29.638 request_id=GGRUMk9S-GfRfQAAADaD [debug] QUERY OK db=0.0ms
SELECT create_analytics_partition_if_not_exists($1::date) [~D[2025-09-11]]
14:25:29.638 request_id=GGRUMk9S-GfRfQAAADaD [debug] QUERY OK source="analytics_events" db=0.1ms
INSERT INTO "analytics_events" ("metadata","event_type","visitor_id","page_path","inserted_at","updated_at") VALUES ($1,$2,$3,$4,$5,$6) RETURNING "id" [%{status: "success", os: "unknown", source: "landing_page", form_id: "early-access", browser: "unknown", utm_source_platform: nil, utm_source_campaign: nil, utm_source_content: nil, device_type: "unknown", conversion_type: "early_access_signup", email_domain: "example.com"}, "form_success", "a85e7e884a88f3a2b4269ff0cf8de04c", "/early-access", ~N[2025-09-11 20:25:29], ~N[2025-09-11 20:25:29]]
14:25:29.639 request_id=GGRUMk9S-GfRfQAAADaD [info] Analytics event tracked
14:25:29.639 request_id=GGRUMk9S-GfRfQAAADaD [debug] QUERY OK db=0.0ms queue=0.1ms
SELECT create_analytics_partition_if_not_exists($1::date) [~D[2025-09-11]]
14:25:29.639 request_id=GGRUMk9S-GfRfQAAADaD [debug] QUERY OK source="analytics_events" db=0.0ms
INSERT INTO "analytics_events" ("metadata","event_type","visitor_id","page_path","inserted_at","updated_at") VALUES ($1,$2,$3,$4,$5,$6) RETURNING "id" [%{os: "unknown", source: "landing_page", form_id: "early-access", browser: "unknown", utm_source_platform: nil, utm_source_campaign: nil, utm_source_content: nil, device_type: "unknown", conversion_type: "early_access_signup", email_domain: "example.com"}, "conversion", "a85e7e884a88f3a2b4269ff0cf8de04c", "/early-access", ~N[2025-09-11 20:25:29], ~N[2025-09-11 20:25:29]]
14:25:29.639 request_id=GGRUMk9S-GfRfQAAADaD [debug] QUERY OK source="fun_with_flags_toggles" db=0.0ms
SELECT f0."id", f0."flag_name", f0."gate_type", f0."target", f0."enabled" FROM "fun_with_flags_toggles" AS f0 WHERE (f0."flag_name" = $1) ["welcome_email_sequence"]
14:25:29.639 request_id=GGRUMk9S-GfRfQAAADaD [debug] Telemetry event: [:fun_with_flags, :persistence, :read], metadata: %{flag_name: :welcome_email_sequence, gate: nil}, measurements: %{system_time: 1757622329639384814}
14:25:29.639 request_id=GGRUMk9S-GfRfQAAADaD [info] [PAGE CONTROLLER] Welcome email sequence is ENABLED, starting sequence
14:25:29.639 request_id=GGRUMk9S-GfRfQAAADaD [info] [PAGE CONTROLLER] About to call EmailSequence.start_early_access_onboarding_sequence
14:25:29.639 request_id=GGRUMk9S-GfRfQAAADaD [info] [EMAIL SEQUENCE] Starting early access onboarding sequence
14:25:29.639 request_id=GGRUMk9S-GfRfQAAADaD [info] [EMAIL SEQUENCE] About to call EmailService.send_early_access_welcome_email
14:25:29.639 request_id=GGRUMk9S-GfRfQAAADaD [info] [EMAIL] send_early_access_welcome_email called
14:25:29.639 request_id=GGRUMk9S-GfRfQAAADaD [info] [EMAIL DEBUG] Full email struct before sending
14:25:29.639 request_id=GGRUMk9S-GfRfQAAADaD [info] [EMAIL DEBUG] Extracted recipient email
14:25:29.639 request_id=GGRUMk9S-GfRfQAAADaD [info] [EMAIL DEBUG] Postmark configuration
14:25:29.639 request_id=GGRUMk9S-GfRfQAAADaD [info] [EMAIL DEBUG] Email configuration
14:25:29.639 request_id=GGRUMk9S-GfRfQAAADaD [info] [EMAIL] Attempting to send email via Postmark
14:25:29.639 request_id=GGRUMk9S-GfRfQAAADaD [debug] Sending email with Bamboo.TestAdapter:

%Bamboo.Email{from: {"RSOLV Team", "support@rsolv.dev"}, to: [nil: "test_integration@example.com"], cc: [], bcc: [], subject: "Welcome to RSOLV Early Access Program", html_body: "<div style=\"font-family: 'Helvetica Neue', Helvetica, Arial, sans-serif; max-width: 600px; margin: 0 auto; padding: 20px;\">\n  <h1 style=\"color: #2C3E50; margin-bottom: 20px;\">Welcome to RSOLV Early Access Program!</h1>\n\n  <p>Hi Testintegration,</p>\n\n  <p>Thank you for joining our Early Access Program! You're now part of an exclusive group getting first access to RSOLV.</p>\n\n  <p>Here's what you need to know:</p>\n\n  <ul>\n    <li>You have full access to all current features</li>\n    <li>Your feedback is incredibly valuable to us during this phase</li>\n    <li>You'll receive priority support via email</li>\n  </ul>\n\n  <p>To get started with RSOLV:</p>\n\n  <ol>\n    <li><strong>Your API key will be sent in a follow-up email within 24 hours</strong></li>\n    <li>Once you receive your API key, install our GitHub Action (code below)</li>\n    <li>Set up your repository secrets with your API key</li>\n    <li>Tag your first issues with \"rsolv:automate\"</li>\n  </ol>\n\n  <div style=\"background-color: #fff3cd; border: 1px solid #ffeaa7; color: #856404; padding: 10px; border-radius: 5px; margin: 15px 0;\">\n    <strong>⏳ API Key Coming Soon:</strong> We'll send your personal API key within 24 hours. Look for an email with subject \"Your RSOLV API Key\".\n  </div>\n\n  <div style=\"background-color: #f8f9fa; padding: 15px; border-radius: 5px; margin: 20px 0;\">\n    <pre style=\"margin: 0; overflow-x: auto; white-space: pre-wrap; font-family: monospace;\">name: RSOLV AutoFix\non:\n  issues:\n    types: [opened, edited, labeled]\n\njobs:\n  autofix:\n    runs-on: ubuntu-latest\n    if: contains(github.event.issue.labels.*.name, 'rsolv:automate')\n    steps:\n      - uses: RSOLV-dev/rsolv-action@v1\n        with:\n          github-token: ${{ secrets.GITHUB_TOKEN }}\n          rsolv-api-key: ${{ secrets.RSOLV_API_KEY }}</pre>\n  </div>\n\n  <p>Need help? As an Early Access member, you have priority support - contact us at <a href=\"mailto:support@rsolv.dev\">support@rsolv.dev</a> and we'll personally assist you.</p>\n\n  <p>Your trial includes unlimited automated fixes during the Early Access period.</p>\n\n  <div style=\"margin-top: 30px; padding: 15px; border: 1px solid #e0e0e0; border-radius: 5px; background-color: #f9f9f9;\">\n    <h3 style=\"margin-top: 0; color: #2C3E50;\">Early Access Program Benefits</h3>\n    <ul>\n      <li>Unlimited usage during Early Access</li>\n      <li>Priority support and feature requests</li>\n      <li>Exclusive pricing when we launch</li>\n      <li>Direct access to our development team</li>\n    </ul>\n  </div>\n\n  <p>Best,<br>The RSOLV Team</p>\n\n  <div class=\"footer\" style=\"margin-top: 40px; padding-top: 20px; border-top: 1px solid #e0e0e0; font-size: 0.9em; color: #666;\">\n    <p>\n      You're receiving this email because you joined the RSOLV Early Access Program.\n      <br>\n      If you have any questions, simply reply to this email.\n    </p>\n    <p>\n      RSOLV, Inc. • support@rsolv.dev • © 2025\n    </p>\n    <p>\n      <a href=\"https://rsolv.dev/unsubscribe?email=test_integration@example.com\">Unsubscribe</a> from these emails.\n    </p>\n  </div>\n</div>\n", text_body: "Welcome to RSOLV Early Access Program!\n\nHi Testintegration,\n\nThank you for joining our Early Access Program! You're now part of an exclusive group getting first access to RSOLV.\n\nHere's what you need to know:\n- You have full access to all current features\n- Your feedback is incredibly valuable to us during this phase\n- You'll receive priority support via email\n\nTo get started with RSOLV:\n1. Your API key will be sent in a follow-up email within 24 hours\n2. Once you receive your API key, install our GitHub Action\n3. Set up your repository secrets with your API key\n4. Tag your first issues with \"AUTOFIX\"\n\n⏳ API KEY COMING SOON: We'll send your personal API key within 24 hours. Look for an email with subject \"Your RSOLV API Key\".\n\nNeed help? As an Early Access member, you have priority support - contact us at support@rsolv.dev and we'll personally assist you.\n\nYour trial includes unlimited automated fixes during the Early Access period.\n\nEARLY ACCESS PROGRAM BENEFITS:\n* Unlimited usage during Early Access\n* Priority support and feature requests\n* Exclusive pricing when we launch\n* Direct access to our development team\n\nBest,\nThe RSOLV Team\n\n---\nYou're receiving this email because you joined the RSOLV Early Access Program.\nIf you have any questions, simply reply to this email.\n\nRSOLV, Inc. • support@rsolv.dev\n\nTo unsubscribe, visit: https://rsolv.dev/unsubscribe?email=test_integration@example.com\n", headers: %{"X-Postmark-Tag" => "early-access"}, attachments: [], assigns: %{}, private: %{tag: "early-access"}, blocked: false}

14:25:29.639 request_id=GGRUMk9S-GfRfQAAADaD [info] [EMAIL DEBUG] Raw Postmark response
14:25:29.639 request_id=GGRUMk9S-GfRfQAAADaD [info] [EMAIL] Email sent successfully via Postmark
14:25:29.640 request_id=GGRUMk9S-GfRfQAAADaD [info] [EMAIL SEQUENCE] EmailService.send_early_access_welcome_email returned
14:25:29.640 request_id=GGRUMk9S-GfRfQAAADaD [info] Attempting to tag subscriber
14:25:29.640 request_id=GGRUMk9S-GfRfQAAADaD [info] ConvertKit: Attempting to tag test_integration@example.com with tag test_tag_id
14:25:29.640 request_id=GGRUMk9S-GfRfQAAADaD [warning] ConvertKit: Immediate tagging failed, adding to tagging queue
14:25:29.641 request_id=GGRUMk9S-GfRfQAAADaD [info] Processing tagging job for test_integration@example.com with tag test_tag_id
14:25:29.641 request_id=GGRUMk9S-GfRfQAAADaD [debug] Using HTTP client: Rsolv.HTTPClientMock
14:25:29.641 request_id=GGRUMk9S-GfRfQAAADaD [error] Failed to tag test_integration@example.com with tag test_tag_id: HTTP Error: :econnrefused
14:25:29.641 request_id=GGRUMk9S-GfRfQAAADaD [info] [EmailWorker] schedule_sequence called
14:25:29.641 request_id=GGRUMk9S-GfRfQAAADaD [info] [EmailWorker] Found sequence
14:25:29.641 request_id=GGRUMk9S-GfRfQAAADaD [info] [EmailWorker] Processing email config
14:25:29.641 request_id=GGRUMk9S-GfRfQAAADaD [info] [EmailWorker] Skipping immediate email
14:25:29.641 request_id=GGRUMk9S-GfRfQAAADaD [info] [EmailWorker] Processing email config
14:25:29.641 request_id=GGRUMk9S-GfRfQAAADaD [info] [EmailWorker] Scheduling email
14:25:29.641 request_id=GGRUMk9S-GfRfQAAADaD [info] [EmailWorker] Creating Oban job
14:25:29.642 request_id=GGRUMk9S-GfRfQAAADaD [info] [EmailWorker] Job created
14:25:29.642 request_id=GGRUMk9S-GfRfQAAADaD [info] Processing scheduled email
14:25:29.642 request_id=GGRUMk9S-GfRfQAAADaD [error] Failed to send scheduled email
14:25:29.642 request_id=GGRUMk9S-GfRfQAAADaD [info] [EmailWorker] Insert result
14:25:29.642 request_id=GGRUMk9S-GfRfQAAADaD [info] [EmailWorker] Schedule result
14:25:29.642 request_id=GGRUMk9S-GfRfQAAADaD [info] [EmailWorker] Processing email config
14:25:29.642 request_id=GGRUMk9S-GfRfQAAADaD [info] [EmailWorker] Scheduling email
14:25:29.642 request_id=GGRUMk9S-GfRfQAAADaD [info] [EmailWorker] Creating Oban job
14:25:29.642 request_id=GGRUMk9S-GfRfQAAADaD [info] [EmailWorker] Job created
14:25:29.642 request_id=GGRUMk9S-GfRfQAAADaD [info] Processing scheduled email
14:25:29.642 request_id=GGRUMk9S-GfRfQAAADaD [info] [EMAIL DEBUG] Full email struct before sending
14:25:29.642 request_id=GGRUMk9S-GfRfQAAADaD [info] [EMAIL DEBUG] Extracted recipient email
14:25:29.642 request_id=GGRUMk9S-GfRfQAAADaD [info] [EMAIL DEBUG] Postmark configuration
14:25:29.642 request_id=GGRUMk9S-GfRfQAAADaD [info] [EMAIL DEBUG] Email configuration
14:25:29.642 request_id=GGRUMk9S-GfRfQAAADaD [info] [EMAIL] Attempting to send email via Postmark
14:25:29.643 request_id=GGRUMk9S-GfRfQAAADaD [debug] Sending email with Bamboo.TestAdapter:

%Bamboo.Email{from: {"RSOLV Team", "support@rsolv.dev"}, to: [nil: "test_integration@example.com"], cc: [], bcc: [], subject: "Verify Your RSOLV Setup - Need Any Help?", html_body: "<!DOCTYPE html>\n<html lang=\"en\">\n<head>\n  <meta charset=\"UTF-8\">\n  <meta name=\"viewport\" content=\"width=device-width, initial-scale=1.0\">\n  <title>Verify Your RSOLV Setup</title>\n  <style>\n    @import url('https://fonts.googleapis.com/css2?family=Space+Grotesk:wght@300;400;500;700&display=swap');\n    \n    body {\n      font-family: 'Space Grotesk', -apple-system, BlinkMacSystemFont, \"Segoe UI\", Roboto, Helvetica, Arial, sans-serif;\n      line-height: 1.6;\n      color: #333;\n      max-width: 600px;\n      margin: 0 auto;\n      padding: 20px;\n      background-color: #f8f9fa;\n    }\n    .container {\n      background-color: #ffffff;\n      border-radius: 8px;\n      padding: 30px;\n      box-shadow: 0 4px 6px rgba(0, 0, 0, 0.05);\n    }\n    .logo {\n      text-align: center;\n      margin-bottom: 30px;\n    }\n    .logo img {\n      max-width: 200px;\n    }\n    h1, h2, h3 {\n      color: #10b981;\n    }\n    .checklist {\n      background-color: #f3f4f6;\n      padding: 20px;\n      border-radius: 8px;\n      margin: 20px 0;\n    }\n    .checklist-item {\n      display: flex;\n      align-items: center;\n      margin-bottom: 15px;\n    }\n    .checklist-item input[type=\"checkbox\"] {\n      margin-right: 10px;\n    }\n    .status-box {\n      background-color: #fff3cd;\n      border: 1px solid #ffeaa7;\n      padding: 15px;\n      border-radius: 8px;\n      margin: 20px 0;\n    }\n    .success-box {\n      background-color: #d4edda;\n      border: 1px solid #c3e6cb;\n      padding: 15px;\n      border-radius: 8px;\n      margin: 20px 0;\n    }\n    .code {\n      background-color: #2d3748;\n      color: #e2e8f0;\n      padding: 15px;\n      border-radius: 5px;\n      font-family: 'Courier New', monospace;\n      overflow-x: auto;\n      margin: 15px 0;\n    }\n    .cta {\n      background-color: #10b981;\n      color: white;\n      padding: 12px 24px;\n      border-radius: 5px;\n      display: inline-block;\n      text-decoration: none;\n      font-weight: bold;\n      margin: 20px 0;\n    }\n    .footer {\n      margin-top: 40px;\n      font-size: 14px;\n      color: #6b7280;\n      border-top: 1px solid #e5e7eb;\n      padding-top: 20px;\n      text-align: center;\n    }\n  </style>\n</head>\n<body>\n  <div class=\"container\">\n    <div class=\"logo\">\n      <img src=\"https://rsolv.dev/images/rsolv_logo_transparent.png\" alt=\"RSOLV Logo\">\n    </div>\n    \n    <h1>Let's Verify Your RSOLV Setup</h1>\n    \n    <p>Hi {@first_name},</p>\n    \n    <p>It's been a few days since you signed up for RSOLV. We want to make sure you're all set up and ready to benefit from automated security scanning and remediation!</p>\n    \n    <div class=\"checklist\">\n      <h3>Quick Setup Checklist:</h3>\n      <div class=\"checklist-item\">\n        <input type=\"checkbox\" disabled> Connected your repositories for security scanning\n      </div>\n      <div class=\"checklist-item\">\n        <input type=\"checkbox\" disabled> Added the GitHub Action workflow for automated fixes\n      </div>\n      <div class=\"checklist-item\">\n        <input type=\"checkbox\" disabled> Set up your RSOLV_API_KEY as a repository secret\n      </div>\n      <div class=\"checklist-item\">\n        <input type=\"checkbox\" disabled> Reviewed security issues found by RSOLV\n      </div>\n      <div class=\"checklist-item\">\n        <input type=\"checkbox\" disabled> Generated and merged your first security fix PR\n      </div>\n    </div>\n    \n    <h2>Need Help with Setup?</h2>\n    \n    <p>If you haven't completed setup yet, here's a quick reminder of the steps:</p>\n    \n    <div class=\"code\">\n# In .github/workflows/rsolv.yml:\nname: RSOLV Security Fixes\n\non:\n  issues:\n    types: [labeled]\n\njobs:\n  security-fix:\n    if: contains(github.event.issue.labels.*.name, 'rsolv:automate')\n    runs-on: ubuntu-latest\n    steps:\n      - uses: rsolv-dev/rsolv-action@v1\n        with:\n          github-token: ${\"{{ secrets.GITHUB_TOKEN }}\"}\n          rsolv-api-key: ${\"{{ secrets.RSOLV_API_KEY }}\"}\n    </div>\n    \n    <div class=\"status-box\">\n      <strong>🎁 Remember:</strong> Your first 10 fixes are completely free! No credit card required. After that, you only pay $15 per fix that gets deployed.\n   " <> ..., text_body: "Let's Verify Your RSOLV Setup\n\nHi Testintegration,\n\nIt's been a few days since you signed up for RSOLV. We want to make sure you're all set up and ready to automate your issue resolution!\n\nQuick Setup Checklist:\n[ ] Added the GitHub Action workflow to your repository\n[ ] Set up your RSOLV_API_KEY as a repository secret\n[ ] Tagged your first issue with \"rsolv:automate\"\n[ ] Reviewed and merged your first automated PR\n\nNeed Help with Setup?\nIf you haven't completed setup yet, visit: https://rsolv.dev/docs/getting-started\n\nRemember: Your first 10 fixes are completely free! No credit card required. After that, you only pay $15 per fix that gets deployed.\n\nCommon Questions:\n- Where do I get my API key? Check your welcome email or visit your dashboard\n- Can I use RSOLV on private repos? Yes! RSOLV works with both public and private repositories\n- What types of issues can RSOLV fix? Bug fixes, security vulnerabilities, performance issues, and more\n- How secure is it? We analyze every fix for security vulnerabilities before creating PRs\n\nPro Tip: Start with a simple issue first - something like \"Fix typo in README\" or \"Update deprecated function calls\".\n\nReady to get started? Tag an issue with \"rsolv:automate\" and watch the magic happen!\n\nIf you're stuck or have questions, just reply to this email.\n\nBest regards,\nThe RSOLV Team\n\n---\nTo unsubscribe, visit: https://rsolv.dev/unsubscribe?email=test_integration@example.com\n", headers: %{"X-Postmark-Tag" => "setup-verification"}, attachments: [], assigns: %{}, private: %{tag: "setup-verification"}, blocked: false}

14:25:29.643 request_id=GGRUMk9S-GfRfQAAADaD [info] [EMAIL DEBUG] Raw Postmark response
14:25:29.643 request_id=GGRUMk9S-GfRfQAAADaD [info] [EMAIL] Email sent successfully via Postmark
14:25:29.643 request_id=GGRUMk9S-GfRfQAAADaD [info] Successfully sent scheduled email
14:25:29.643 request_id=GGRUMk9S-GfRfQAAADaD [info] [EmailWorker] Insert result
14:25:29.643 request_id=GGRUMk9S-GfRfQAAADaD [info] [EmailWorker] Schedule result
14:25:29.643 request_id=GGRUMk9S-GfRfQAAADaD [info] [EmailWorker] Processing email config
14:25:29.643 request_id=GGRUMk9S-GfRfQAAADaD [info] [EmailWorker] Scheduling email
14:25:29.643 request_id=GGRUMk9S-GfRfQAAADaD [info] [EmailWorker] Creating Oban job
14:25:29.643 request_id=GGRUMk9S-GfRfQAAADaD [info] [EmailWorker] Job created
14:25:29.643 request_id=GGRUMk9S-GfRfQAAADaD [info] Processing scheduled email
14:25:29.643 request_id=GGRUMk9S-GfRfQAAADaD [info] [EMAIL DEBUG] Full email struct before sending
14:25:29.644 request_id=GGRUMk9S-GfRfQAAADaD [info] [EMAIL DEBUG] Extracted recipient email
14:25:29.644 request_id=GGRUMk9S-GfRfQAAADaD [info] [EMAIL DEBUG] Postmark configuration
14:25:29.644 request_id=GGRUMk9S-GfRfQAAADaD [info] [EMAIL DEBUG] Email configuration
14:25:29.644 request_id=GGRUMk9S-GfRfQAAADaD [info] [EMAIL] Attempting to send email via Postmark
14:25:29.644 request_id=GGRUMk9S-GfRfQAAADaD [debug] Sending email with Bamboo.TestAdapter:

%Bamboo.Email{from: {"RSOLV Team", "support@rsolv.dev"}, to: [nil: "test_integration@example.com"], cc: [], bcc: [], subject: "Advanced RSOLV Features You Might Have Missed", html_body: "<!DOCTYPE html>\n<html lang=\"en\">\n<head>\n  <meta charset=\"UTF-8\">\n  <meta name=\"viewport\" content=\"width=device-width, initial-scale=1.0\">\n  <title>Advanced RSOLV Features</title>\n  <style>\n    @import url('https://fonts.googleapis.com/css2?family=Space+Grotesk:wght@300;400;500;700&display=swap');\n    \n    body {\n      font-family: 'Space Grotesk', -apple-system, BlinkMacSystemFont, \"Segoe UI\", Roboto, Helvetica, Arial, sans-serif;\n      line-height: 1.6;\n      color: #333;\n      max-width: 600px;\n      margin: 0 auto;\n      padding: 20px;\n      background-color: #f8f9fa;\n    }\n    .container {\n      background-color: #ffffff;\n      border-radius: 8px;\n      padding: 30px;\n      box-shadow: 0 4px 6px rgba(0, 0, 0, 0.05);\n    }\n    .logo {\n      text-align: center;\n      margin-bottom: 30px;\n    }\n    .logo img {\n      max-width: 200px;\n    }\n    h1, h2, h3 {\n      color: #10b981;\n    }\n    .feature-card {\n      background-color: #f3f4f6;\n      padding: 20px;\n      border-radius: 8px;\n      margin-bottom: 20px;\n      border-left: 4px solid #10b981;\n    }\n    .feature-card h3 {\n      margin-top: 0;\n    }\n    .code {\n      background-color: #2d3748;\n      color: #e2e8f0;\n      padding: 15px;\n      border-radius: 5px;\n      font-family: 'Courier New', monospace;\n      overflow-x: auto;\n      margin: 15px 0;\n      font-size: 14px;\n    }\n    .pro-tip {\n      background-color: #fff3cd;\n      border: 1px solid #ffeaa7;\n      padding: 15px;\n      border-radius: 8px;\n      margin: 20px 0;\n    }\n    .security-highlight {\n      background-color: #d4edda;\n      border: 1px solid #c3e6cb;\n      padding: 15px;\n      border-radius: 8px;\n      margin: 20px 0;\n    }\n    .cta {\n      background-color: #10b981;\n      color: white;\n      padding: 12px 24px;\n      border-radius: 5px;\n      display: inline-block;\n      text-decoration: none;\n      font-weight: bold;\n      margin: 20px 0;\n    }\n    .footer {\n      margin-top: 40px;\n      font-size: 14px;\n      color: #6b7280;\n      border-top: 1px solid #e5e7eb;\n      padding-top: 20px;\n      text-align: center;\n    }\n  </style>\n</head>\n<body>\n  <div class=\"container\">\n    <div class=\"logo\">\n      <img src=\"https://rsolv.dev/images/rsolv_logo_transparent.png\" alt=\"RSOLV Logo\">\n    </div>\n    \n    <h1>Unlock the Full Power of RSOLV</h1>\n    \n    <p>Hi {@first_name},</p>\n    \n    <p>You've been using RSOLV for a few days now. Here are some advanced features and techniques that can help you get even more value from automated security scanning and vulnerability remediation:</p>\n    \n    <div class=\"feature-card\">\n      <h3>🎯 Understanding RSOLV's Proactive Scanning</h3>\n      <p>RSOLV continuously scans your repositories for security vulnerabilities and automatically creates issues with detailed remediation plans:</p>\n      <ul>\n        <li><strong>Automated detection:</strong> Scans all files for 180+ vulnerability patterns (and growing)</li>\n        <li><strong>Smart grouping:</strong> Groups similar issues for efficient review</li>\n        <li><strong>Detailed reports:</strong> Shows exact file locations and vulnerable code</li>\n        <li><strong>Fix generation:</strong> Creates secure PRs that address root causes</li>\n      </ul>\n    </div>\n    \n    <div class=\"feature-card\">\n      <h3>🔒 Comprehensive Security Coverage</h3>\n      <p>RSOLV proactively detects and fixes these vulnerability types across your codebase:</p>\n      <ul>\n        <li>SQL/NoSQL injection vulnerabilities</li>\n        <li>Cross-site scripting (XSS) risks</li>\n        <li>Authentication/authorization flaws</li>\n        <li>Insecure cryptographic implementations</li>\n        <li>Hardcoded secrets and API keys</li>\n        <li>Path traversal and open redirects</li>\n        <li>Insecure dependencies and configurations</li>\n      </ul>\n      <p>Each PR includes a detailed security impact assessment and verification tests.</p>\n    </div>\n    \n    <div class=\"security-highlight\">\n      <strong>🛡️ Security Example:</strong> When RSOLV detects unsafe user input handling, it automatically generates fixes with proper sanitization, p" <> ..., text_body: "Unlock the Full Power of RSOLV\n\nHi Testintegration,\n\nYou've been using RSOLV for a few days now. Here are some advanced features and techniques:\n\n1. Writing Better Issues for Better Fixes:\n   - Include error messages: Copy the full stack trace\n   - Specify the file/function: \"Fix pagination in UserList.js\"\n   - Describe expected behavior: \"Should show 10 users per page\"\n   - Add context: \"This broke after upgrading to React 18\"\n\n2. Security-First Fixes:\n   RSOLV automatically scans for:\n   - SQL injection vulnerabilities\n   - Cross-site scripting (XSS) risks\n   - Authentication/authorization issues\n   - Insecure dependencies\n   - Hardcoded secrets or API keys\n\n3. Batch Processing:\n   Tag multiple issues with \"rsolv:automate\" and RSOLV creates separate PRs for each.\n\n4. Customizing RSOLV Behavior:\n   Add these tags to your issues:\n   - [performance] - Optimize for speed\n   - [security] - Extra security focus\n   - [minimal] - Smallest possible change\n   - [refactor] - Clean up while fixing\n\nComing Soon:\n- Support for more languages (Go, Rust, PHP)\n- Custom fix preferences per repository\n- Team collaboration features\n- Integration with more platforms\n\nHave a feature request? Just reply to this email!\n\nView advanced documentation: https://rsolv.dev/docs/advanced\n\nBest regards,\nThe RSOLV Team\n\n---\nTo unsubscribe, visit: https://rsolv.dev/unsubscribe?email=test_integration@example.com\n", headers: %{"X-Postmark-Tag" => "feature-deep-dive"}, attachments: [], assigns: %{}, private: %{tag: "feature-deep-dive"}, blocked: false}

14:25:29.644 request_id=GGRUMk9S-GfRfQAAADaD [info] [EMAIL DEBUG] Raw Postmark response
14:25:29.644 request_id=GGRUMk9S-GfRfQAAADaD [info] [EMAIL] Email sent successfully via Postmark
14:25:29.644 request_id=GGRUMk9S-GfRfQAAADaD [info] Successfully sent scheduled email
14:25:29.644 request_id=GGRUMk9S-GfRfQAAADaD [info] [EmailWorker] Insert result
14:25:29.644 request_id=GGRUMk9S-GfRfQAAADaD [info] [EmailWorker] Schedule result
14:25:29.644 request_id=GGRUMk9S-GfRfQAAADaD [info] [EmailWorker] Processing email config
14:25:29.644 request_id=GGRUMk9S-GfRfQAAADaD [info] [EmailWorker] Scheduling email
14:25:29.644 request_id=GGRUMk9S-GfRfQAAADaD [info] [EmailWorker] Creating Oban job
14:25:29.644 request_id=GGRUMk9S-GfRfQAAADaD [info] [EmailWorker] Job created
14:25:29.644 request_id=GGRUMk9S-GfRfQAAADaD [info] Processing scheduled email
14:25:29.644 request_id=GGRUMk9S-GfRfQAAADaD [info] [EMAIL DEBUG] Full email struct before sending
14:25:29.644 request_id=GGRUMk9S-GfRfQAAADaD [info] [EMAIL DEBUG] Extracted recipient email
14:25:29.644 request_id=GGRUMk9S-GfRfQAAADaD [info] [EMAIL DEBUG] Postmark configuration
14:25:29.644 request_id=GGRUMk9S-GfRfQAAADaD [info] [EMAIL DEBUG] Email configuration
14:25:29.644 request_id=GGRUMk9S-GfRfQAAADaD [info] [EMAIL] Attempting to send email via Postmark
14:25:29.645 request_id=GGRUMk9S-GfRfQAAADaD [debug] Sending email with Bamboo.TestAdapter:

%Bamboo.Email{from: {"RSOLV Team", "support@rsolv.dev"}, to: [nil: "test_integration@example.com"], cc: [], bcc: [], subject: "How's Your Experience with RSOLV?", html_body: "<!DOCTYPE html>\n<html lang=\"en\">\n<head>\n  <meta charset=\"UTF-8\">\n  <meta name=\"viewport\" content=\"width=device-width, initial-scale=1.0\">\n  <title>How's Your RSOLV Experience?</title>\n  <style>\n    @import url('https://fonts.googleapis.com/css2?family=Space+Grotesk:wght@300;400;500;700&display=swap');\n    \n    body {\n      font-family: 'Space Grotesk', -apple-system, BlinkMacSystemFont, \"Segoe UI\", Roboto, Helvetica, Arial, sans-serif;\n      line-height: 1.6;\n      color: #333;\n      max-width: 600px;\n      margin: 0 auto;\n      padding: 20px;\n      background-color: #f8f9fa;\n    }\n    .container {\n      background-color: #ffffff;\n      border-radius: 8px;\n      padding: 30px;\n      box-shadow: 0 4px 6px rgba(0, 0, 0, 0.05);\n    }\n    .logo {\n      text-align: center;\n      margin-bottom: 30px;\n    }\n    .logo img {\n      max-width: 200px;\n    }\n    h1, h2, h3 {\n      color: #10b981;\n    }\n    .survey-card {\n      background-color: #f3f4f6;\n      padding: 20px;\n      border-radius: 8px;\n      margin: 20px 0;\n      text-align: center;\n    }\n    .rating-container {\n      display: flex;\n      justify-content: center;\n      gap: 10px;\n      margin: 20px 0;\n    }\n    .rating-box {\n      width: 40px;\n      height: 40px;\n      border: 2px solid #10b981;\n      border-radius: 8px;\n      display: flex;\n      align-items: center;\n      justify-content: center;\n      text-decoration: none;\n      color: #10b981;\n      font-weight: bold;\n      transition: all 0.3s ease;\n    }\n    .rating-box:hover {\n      background-color: #10b981;\n      color: white;\n    }\n    .question-box {\n      background-color: #f9fafb;\n      padding: 20px;\n      border-radius: 8px;\n      margin: 20px 0;\n      border-left: 4px solid #10b981;\n    }\n    .success-story {\n      background-color: #d4edda;\n      border: 1px solid #c3e6cb;\n      padding: 15px;\n      border-radius: 8px;\n      margin: 20px 0;\n    }\n    .cta {\n      background-color: #10b981;\n      color: white;\n      padding: 12px 24px;\n      border-radius: 5px;\n      display: inline-block;\n      text-decoration: none;\n      font-weight: bold;\n      margin: 20px 0;\n    }\n    .cta-secondary {\n      background-color: #6b7280;\n      color: white;\n      padding: 12px 24px;\n      border-radius: 5px;\n      display: inline-block;\n      text-decoration: none;\n      font-weight: bold;\n      margin: 20px 0;\n    }\n    .footer {\n      margin-top: 40px;\n      font-size: 14px;\n      color: #6b7280;\n      border-top: 1px solid #e5e7eb;\n      padding-top: 20px;\n      text-align: center;\n    }\n  </style>\n</head>\n<body>\n  <div class=\"container\">\n    <div class=\"logo\">\n      <img src=\"https://rsolv.dev/images/rsolv_logo_transparent.png\" alt=\"RSOLV Logo\">\n    </div>\n    \n    <h1>Quick Check-In: How's RSOLV Working for You?</h1>\n    \n    <p>Hi {@first_name},</p>\n    \n    <p>You've been using RSOLV for a week now, and we'd love to hear about your experience! Your feedback helps us make RSOLV better for everyone.</p>\n    \n    <div class=\"survey-card\">\n      <h3>How likely are you to recommend RSOLV to a colleague?</h3>\n      <p>Click a number below:</p>\n      <div class=\"rating-container\">\n        <a href=\"https://rsolv.dev/feedback?rating=1&email={@email}\" class=\"rating-box\">1</a>\n        <a href=\"https://rsolv.dev/feedback?rating=2&email={@email}\" class=\"rating-box\">2</a>\n        <a href=\"https://rsolv.dev/feedback?rating=3&email={@email}\" class=\"rating-box\">3</a>\n        <a href=\"https://rsolv.dev/feedback?rating=4&email={@email}\" class=\"rating-box\">4</a>\n        <a href=\"https://rsolv.dev/feedback?rating=5&email={@email}\" class=\"rating-box\">5</a>\n        <a href=\"https://rsolv.dev/feedback?rating=6&email={@email}\" class=\"rating-box\">6</a>\n        <a href=\"https://rsolv.dev/feedback?rating=7&email={@email}\" class=\"rating-box\">7</a>\n        <a href=\"https://rsolv.dev/feedback?rating=8&email={@email}\" class=\"rating-box\">8</a>\n        <a href=\"https://rsolv.dev/feedback?rating=9&email={@email}\" class=\"rating-box\">9</a>\n        <a href=\"https://rsolv.dev/feedback?rating=10&email={@email}\" class=\"rating-box\">10</a>\n      </div>\n" <> ..., text_body: "Quick Check-In: How's RSOLV Working for You?\n\nHi Testintegration,\n\nYou've been using RSOLV for a week now, and we'd love to hear about your experience!\n\nHow likely are you to recommend RSOLV to a colleague?\nRate us from 1-10: https://rsolv.dev/feedback?email=test_integration@example.com\n\nThree Quick Questions:\n1. What's been your favorite RSOLV fix so far?\n2. What feature would you like to see next?\n3. Any challenges or friction points?\n\nJust hit reply and share your thoughts - we read every response!\n\nDid You Know?\nHere are some ways other teams are using RSOLV:\n- Security audits: Tag all security-related issues for automated fixes\n- Tech debt cleanup: Fix deprecated function calls across the codebase\n- Onboarding tool: Let new devs see how fixes should be implemented\n- Weekend warrior: Queue up fixes on Friday, review on Monday\n\nThanks for being an early adopter!\n\nBest regards,\nDylan & The RSOLV Team\n\nP.S. If RSOLV has saved you time this week, we'd love to hear about it!\n\n---\nTo unsubscribe, visit: https://rsolv.dev/unsubscribe?email=test_integration@example.com\n", headers: %{"X-Postmark-Tag" => "feedback-request"}, attachments: [], assigns: %{}, private: %{tag: "feedback-request"}, blocked: false}

14:25:29.645 request_id=GGRUMk9S-GfRfQAAADaD [info] [EMAIL DEBUG] Raw Postmark response
14:25:29.645 request_id=GGRUMk9S-GfRfQAAADaD [info] [EMAIL] Email sent successfully via Postmark
14:25:29.645 request_id=GGRUMk9S-GfRfQAAADaD [info] Successfully sent scheduled email
14:25:29.645 request_id=GGRUMk9S-GfRfQAAADaD [info] [EmailWorker] Insert result
14:25:29.645 request_id=GGRUMk9S-GfRfQAAADaD [info] [EmailWorker] Schedule result
14:25:29.645 request_id=GGRUMk9S-GfRfQAAADaD [info] [EmailWorker] Processing email config
14:25:29.645 request_id=GGRUMk9S-GfRfQAAADaD [info] [EmailWorker] Scheduling email
14:25:29.645 request_id=GGRUMk9S-GfRfQAAADaD [info] [EmailWorker] Creating Oban job
14:25:29.645 request_id=GGRUMk9S-GfRfQAAADaD [info] [EmailWorker] Job created
14:25:29.645 request_id=GGRUMk9S-GfRfQAAADaD [info] Processing scheduled email
14:25:29.645 request_id=GGRUMk9S-GfRfQAAADaD [info] [EMAIL DEBUG] Full email struct before sending
14:25:29.645 request_id=GGRUMk9S-GfRfQAAADaD [info] [EMAIL DEBUG] Extracted recipient email
14:25:29.645 request_id=GGRUMk9S-GfRfQAAADaD [info] [EMAIL DEBUG] Postmark configuration
14:25:29.645 request_id=GGRUMk9S-GfRfQAAADaD [info] [EMAIL DEBUG] Email configuration
14:25:29.645 request_id=GGRUMk9S-GfRfQAAADaD [info] [EMAIL] Attempting to send email via Postmark
14:25:29.645 request_id=GGRUMk9S-GfRfQAAADaD [debug] Sending email with Bamboo.TestAdapter:

%Bamboo.Email{from: {"RSOLV Team", "support@rsolv.dev"}, to: [nil: "test_integration@example.com"], cc: [], bcc: [], subject: "Your RSOLV Success Report", html_body: "<!DOCTYPE html>\n<html lang=\"en\">\n<head>\n  <meta charset=\"UTF-8\">\n  <meta name=\"viewport\" content=\"width=device-width, initial-scale=1.0\">\n  <title>Your RSOLV Success Report</title>\n  <style>\n    @import url('https://fonts.googleapis.com/css2?family=Space+Grotesk:wght@300;400;500;700&display=swap');\n    \n    body {\n      font-family: 'Space Grotesk', -apple-system, BlinkMacSystemFont, \"Segoe UI\", Roboto, Helvetica, Arial, sans-serif;\n      line-height: 1.6;\n      color: #333;\n      max-width: 600px;\n      margin: 0 auto;\n      padding: 20px;\n      background-color: #f8f9fa;\n    }\n    .container {\n      background-color: #ffffff;\n      border-radius: 8px;\n      padding: 30px;\n      box-shadow: 0 4px 6px rgba(0, 0, 0, 0.05);\n    }\n    .logo {\n      text-align: center;\n      margin-bottom: 30px;\n    }\n    .logo img {\n      max-width: 200px;\n    }\n    h1, h2, h3 {\n      color: #10b981;\n    }\n    .stats-grid {\n      display: grid;\n      grid-template-columns: 1fr 1fr;\n      gap: 20px;\n      margin: 30px 0;\n    }\n    .stat-card {\n      background-color: #f3f4f6;\n      padding: 20px;\n      border-radius: 8px;\n      text-align: center;\n      border-top: 4px solid #10b981;\n    }\n    .stat-number {\n      font-size: 36px;\n      font-weight: bold;\n      color: #10b981;\n      margin: 10px 0;\n    }\n    .stat-label {\n      color: #6b7280;\n      font-size: 14px;\n    }\n    .achievement-banner {\n      background: linear-gradient(135deg, #10b981 0%, #059669 100%);\n      color: white;\n      padding: 20px;\n      border-radius: 8px;\n      text-align: center;\n      margin: 20px 0;\n    }\n    .timeline {\n      margin: 30px 0;\n    }\n    .timeline-item {\n      display: flex;\n      margin-bottom: 20px;\n      align-items: flex-start;\n    }\n    .timeline-marker {\n      width: 40px;\n      height: 40px;\n      background-color: #10b981;\n      color: white;\n      border-radius: 50%;\n      display: flex;\n      align-items: center;\n      justify-content: center;\n      flex-shrink: 0;\n      margin-right: 15px;\n    }\n    .timeline-content {\n      flex-grow: 1;\n    }\n    .pricing-highlight {\n      background-color: #fff3cd;\n      border: 1px solid #ffeaa7;\n      padding: 20px;\n      border-radius: 8px;\n      margin: 20px 0;\n      text-align: center;\n    }\n    .cta {\n      background-color: #10b981;\n      color: white;\n      padding: 12px 24px;\n      border-radius: 5px;\n      display: inline-block;\n      text-decoration: none;\n      font-weight: bold;\n      margin: 20px 0;\n    }\n    .cta-secondary {\n      background-color: #2563eb;\n      color: white;\n      padding: 12px 24px;\n      border-radius: 5px;\n      display: inline-block;\n      text-decoration: none;\n      font-weight: bold;\n      margin: 20px 0;\n    }\n    .footer {\n      margin-top: 40px;\n      font-size: 14px;\n      color: #6b7280;\n      border-top: 1px solid #e5e7eb;\n      padding-top: 20px;\n      text-align: center;\n    }\n    @media (max-width: 600px) {\n      .stats-grid {\n        grid-template-columns: 1fr;\n      }\n    }\n  </style>\n</head>\n<body>\n  <div class=\"container\">\n    <div class=\"logo\">\n      <img src=\"https://rsolv.dev/images/rsolv_logo_transparent.png\" alt=\"RSOLV Logo\">\n    </div>\n    \n    <h1>Your 2-Week RSOLV Success Report 🎉</h1>\n    \n    <p>Hi {@first_name},</p>\n    \n    <p>Congratulations! You've been using RSOLV for two weeks. Here's a snapshot of what we've accomplished together:</p>\n    \n    <div class=\"stats-grid\">\n      <div class=\"stat-card\">\n        <div class=\"stat-label\">Issues Fixed</div>\n        <div class=\"stat-number\">{Map.get(@usage_stats || %{}, :issues_fixed, 0)}</div>\n      </div>\n      <div class=\"stat-card\">\n        <div class=\"stat-label\">PRs Created</div>\n        <div class=\"stat-number\">{Map.get(@usage_stats || %{}, :prs_created, 0)}</div>\n      </div>\n      <div class=\"stat-card\">\n        <div class=\"stat-label\">Time Saved</div>\n        <div class=\"stat-number\">{Map.get(@usage_stats || %{}, :time_saved, \"0 hrs\")}</div>\n      </div>\n      <div class=\"stat-card\">\n        <div class=\"stat-label\">Security Issues Found</div>\n        <div class=\"stat-number\">{Map.ge" <> ..., text_body: "Your 2-Week RSOLV Success Report\n\nHi Testintegration,\n\nCongratulations! You've been using RSOLV for two weeks. Here's what we've accomplished together:\n\nYour Stats:\n- Issues Fixed: Check your dashboard\n- PRs Created: Check your dashboard\n- Time Saved: Check your dashboard\n- Security Issues Found: Check your dashboard\n\nYour Trial Status:\nCheck how many free fixes you have remaining at: https://rsolv.dev/dashboard\n\nWhat's Next?\n- Expand to more repositories\n- Automate security audits\n- Clean up tech debt\n- Train your team\n\nNeed Help Scaling Up?\nI'd love to help you get even more value from RSOLV:\n- Schedule a 15-minute optimization call\n- Get best practices for your specific tech stack\n- Learn about volume discounts for teams\n\nJust reply to this email and let me know how I can help!\n\nThanks for being part of the RSOLV community.\n\nBest regards,\nDylan Fitzgerald\nFounder, RSOLV\n\nP.S. If RSOLV has been valuable to your team, I'd be grateful if you could share a quick testimonial.\n\n---\nTo unsubscribe, visit: https://rsolv.dev/unsubscribe?email=test_integration@example.com\n", headers: %{"X-Postmark-Tag" => "success-checkin"}, attachments: [], assigns: %{}, private: %{tag: "success-checkin"}, blocked: false}

14:25:29.646 request_id=GGRUMk9S-GfRfQAAADaD [info] [EMAIL DEBUG] Raw Postmark response
14:25:29.646 request_id=GGRUMk9S-GfRfQAAADaD [info] [EMAIL] Email sent successfully via Postmark
14:25:29.646 request_id=GGRUMk9S-GfRfQAAADaD [info] Successfully sent scheduled email
14:25:29.646 request_id=GGRUMk9S-GfRfQAAADaD [info] [EmailWorker] Insert result
14:25:29.646 request_id=GGRUMk9S-GfRfQAAADaD [info] [EmailWorker] Schedule result
14:25:29.646 request_id=GGRUMk9S-GfRfQAAADaD [info] [PAGE CONTROLLER] EmailSequence.start_early_access_onboarding_sequence returned
14:25:29.646 request_id=GGRUMk9S-GfRfQAAADaD [debug] Sending email with Bamboo.TestAdapter:

%Bamboo.Email{from: {"RSOLV Team", "support@rsolv.dev"}, to: [nil: "admin@rsolv.dev"], cc: [], bcc: [], subject: "🎉 New RSOLV Signup: test_integration@example.com", html_body: "<!DOCTYPE html>\n<html>\n<head>\n  <meta charset=\"utf-8\">\n  <style>\n    body { font-family: -apple-system, BlinkMacSystemFont, 'Segoe UI', Roboto, sans-serif; line-height: 1.6; color: #333; }\n    .container { max-width: 600px; margin: 0 auto; padding: 20px; }\n    .header { background: #10b981; color: white; padding: 20px; border-radius: 8px 8px 0 0; }\n    .content { background: #f9fafb; padding: 20px; border: 1px solid #e5e7eb; border-radius: 0 0 8px 8px; }\n    .metric { display: inline-block; margin: 10px 20px 10px 0; }\n    .metric-label { font-size: 12px; color: #6b7280; text-transform: uppercase; }\n    .metric-value { font-size: 18px; font-weight: bold; color: #111827; }\n    .details { background: white; padding: 15px; border-radius: 4px; margin: 15px 0; }\n    .detail-row { display: flex; justify-content: space-between; padding: 8px 0; border-bottom: 1px solid #f3f4f6; }\n    .detail-row:last-child { border-bottom: none; }\n    .detail-label { font-weight: 500; color: #6b7280; }\n    .detail-value { color: #111827; }\n    .utm-badge { display: inline-block; background: #dbeafe; color: #1e40af; padding: 2px 8px; border-radius: 4px; font-size: 12px; margin-left: 4px; }\n  </style>\n</head>\n<body>\n  <div class=\"container\">\n    <div class=\"header\">\n      <h1 style=\"margin: 0; font-size: 24px;\">🎉 New RSOLV Signup!</h1>\n      <p style=\"margin: 5px 0 0 0; opacity: 0.9;\">September 11, 2025 at 08:25 PM UTC</p>\n    </div>\n    \n    <div class=\"content\">\n      <div class=\"metric\">\n        <div class=\"metric-label\">Email</div>\n        <div class=\"metric-value\">test_integration@example.com</div>\n      </div>\n      \n      \n      \n      <div class=\"details\">\n        <h3 style=\"margin-top: 0;\">Signup Details</h3>\n        \n        <div class=\"detail-row\">\n          <span class=\"detail-label\">Source</span>\n          <span class=\"detail-value\">\n            landing_page\n            \n          </span>\n        </div>\n        \n        \n        \n        \n        \n        \n      </div>\n      \n      <div style=\"margin-top: 20px; text-align: center;\">\n        <a href=\"https://rsolv.dev/live/dashboard\" style=\"display: inline-block; background: #10b981; color: white; padding: 10px 20px; text-decoration: none; border-radius: 4px;\">\n          View Dashboard\n        </a>\n      </div>\n    </div>\n  </div>\n</body>\n</html>\n", text_body: "🎉 New RSOLV Signup!\n\nEmail: test_integration@example.com\n\nTime: September 11, 2025 at 08:25 PM UTC\n\nSource Details:\n- Source: landing_page\n\n\n\n\n\nView full dashboard: https://rsolv.dev/live/dashboard\n", headers: %{"Message-ID" => "<1757622329.358036@rsolv.dev>", "X-Postmark-Tag" => "admin-notification", "X-Priority" => "1"}, attachments: [], assigns: %{}, private: %{tag: "admin-notification"}, blocked: false}

14:25:29.646 request_id=GGRUMk9S-GfRfQAAADaD [info] Admin notification sent for new signup
14:25:29.646 request_id=GGRUMk9S-GfRfQAAADaD [info] Sent 302 in 9ms
14:25:29.646 request_id=GGRUMk9S-GfRfQAAADaD [debug] QUERY OK source="early_access_signups" db=0.1ms
SELECT e0."id", e0."email", e0."name", e0."company", e0."referral_source", e0."utm_source", e0."utm_medium", e0."utm_campaign", e0."inserted_at" FROM "early_access_signups" AS e0 WHERE (e0."email" = $1) ["test_integration@example.com"]
.14:25:29.647 [debug] QUERY OK source="customers" db=0.1ms
INSERT INTO "customers" ("active","name","metadata","email","is_staff","subscription_plan","monthly_limit","current_usage","fixes_quota_this_month","fixes_used_this_month","has_payment_method","rollover_fixes","subscription_status","trial_fixes_limit","trial_fixes_used","inserted_at","updated_at") VALUES ($1,$2,$3,$4,$5,$6,$7,$8,$9,$10,$11,$12,$13,$14,$15,$16,$17) RETURNING "id" [true, "Test Customer 23046", %{}, "test23046@example.com", false, "standard", 100, 15, 0, 0, false, 0, "active", 5, 0, ~N[2025-09-11 20:25:29], ~N[2025-09-11 20:25:29]]
14:25:29.647 [debug] QUERY OK source="api_keys" db=0.1ms
INSERT INTO "api_keys" ("active","name","permissions","key","customer_id","inserted_at","updated_at") VALUES ($1,$2,$3,$4,$5,$6,$7) RETURNING "id" [true, "Test Key", ["full_access"], "rsolv_HGW_eNi5dCHcT6Q-wvu3_-YbOShof0RWOEHgubJIBNA", 72124, ~U[2025-09-11 20:25:29Z], ~U[2025-09-11 20:25:29Z]]
14:25:29.648 [info] [Credentials] Starting create_temporary_credential for customer 72124, provider anthropic
14:25:29.648 [info] [Credentials] Getting provider key for anthropic
.14:25:29.648 [info] [Credentials] Got provider key for anthropic
14:25:29.648 [info] Created temporary credential for customer 72124, provider anthropic
14:25:29.649 [debug] QUERY OK source="customers" db=0.1ms
INSERT INTO "customers" ("active","name","metadata","email","is_staff","subscription_plan","monthly_limit","current_usage","fixes_quota_this_month","fixes_used_this_month","has_payment_method","rollover_fixes","subscription_status","trial_fixes_limit","trial_fixes_used","inserted_at","updated_at") VALUES ($1,$2,$3,$4,$5,$6,$7,$8,$9,$10,$11,$12,$13,$14,$15,$16,$17) RETURNING "id" [true, "Test Customer 18567", %{}, "test18567@example.com", false, "standard", 100, 15, 0, 0, false, 0, "active", 5, 0, ~N[2025-09-11 20:25:29], ~N[2025-09-11 20:25:29]]
14:25:29.649 [debug] QUERY OK source="api_keys" db=0.0ms
INSERT INTO "api_keys" ("active","name","permissions","key","customer_id","inserted_at","updated_at") VALUES ($1,$2,$3,$4,$5,$6,$7) RETURNING "id" [true, "Test Key", ["full_access"], "rsolv_pP3wmzooS0eOUCrgsvHiqqj9yFShXq0eM70fCXPQGK8", 72125, ~U[2025-09-11 20:25:29Z], ~U[2025-09-11 20:25:29Z]]
14:25:29.649 request_id=GGRUMlAKJugmNP8AAEkG [info] POST /api/v1/credentials/exchange
14:25:29.649 request_id=GGRUMlAKJugmNP8AAEkG [debug] Processing with RsolvWeb.CredentialController.exchange/2
  Parameters: %{"api_key" => "rsolv_pP3wmzooS0eOUCrgsvHiqqj9yFShXq0eM70fCXPQGK8", "providers" => ["anthropic"], "ttl_minutes" => 60}
  Pipelines: [:api]
14:25:29.650 request_id=GGRUMlAKJugmNP8AAEkG [info] [CredentialController] Starting exchange with params: %{"api_key" => "rsolv_pP3wmzooS0eOUCrgsvHiqqj9yFShXq0eM70fCXPQGK8", "providers" => ["anthropic"], "ttl_minutes" => 60}
14:25:29.650 request_id=GGRUMlAKJugmNP8AAEkG [info] [CredentialController] Authenticating API key: rsolv_pP3wmzooS0eOUCrgsvHiqqj9yFShXq0eM70fCXPQGK8
14:25:29.650 request_id=GGRUMlAKJugmNP8AAEkG [debug] QUERY OK source="api_keys" db=0.1ms
SELECT a0."id", a0."key", a0."name", a0."permissions", a0."active", a0."last_used_at", a0."expires_at", a0."customer_id", a0."inserted_at", a0."updated_at" FROM "api_keys" AS a0 WHERE ((a0."key" = $1) AND (a0."active" = $2)) ["rsolv_pP3wmzooS0eOUCrgsvHiqqj9yFShXq0eM70fCXPQGK8", true]
14:25:29.650 request_id=GGRUMlAKJugmNP8AAEkG [debug] QUERY OK source="customers" db=0.0ms
SELECT c0."id", c0."name", c0."email", c0."monthly_limit", c0."current_usage", c0."active", c0."metadata", c0."password_hash", c0."is_staff", c0."admin_level", c0."trial_fixes_used", c0."trial_fixes_limit", c0."stripe_customer_id", c0."subscription_plan", c0."subscription_status", c0."rollover_fixes", c0."payment_method_added_at", c0."trial_expired_at", c0."fixes_used_this_month", c0."fixes_quota_this_month", c0."has_payment_method", c0."inserted_at", c0."updated_at" FROM "customers" AS c0 WHERE (c0."id" = $1) [72125]
14:25:29.650 request_id=GGRUMlAKJugmNP8AAEkG [info] [CredentialController] Found customer: Test Customer 18567 (ID: 72125)
14:25:29.651 request_id=GGRUMlAKJugmNP8AAEkG [info] [CredentialController] About to call generate_credentials
14:25:29.651 request_id=GGRUMlAKJugmNP8AAEkG [info] Starting credential generation for customer 72125, providers: ["anthropic"]
14:25:29.651 request_id=GGRUMlAKJugmNP8AAEkG [info] Generating credential for provider: anthropic
14:25:29.651 request_id=GGRUMlAKJugmNP8AAEkG [info] [Credentials] Starting create_temporary_credential for customer 72125, provider anthropic
14:25:29.651 request_id=GGRUMlAKJugmNP8AAEkG [info] [Credentials] Getting provider key for anthropic
14:25:29.651 request_id=GGRUMlAKJugmNP8AAEkG [info] [Credentials] Got provider key for anthropic
14:25:29.651 request_id=GGRUMlAKJugmNP8AAEkG [info] Created temporary credential for customer 72125, provider anthropic
14:25:29.651 request_id=GGRUMlAKJugmNP8AAEkG [info] Successfully generated 1 credentials
14:25:29.651 request_id=GGRUMlAKJugmNP8AAEkG [info] [CredentialController] generate_credentials succeeded
14:25:29.651 request_id=GGRUMlAKJugmNP8AAEkG [info] Updating credential cred_2pkJhCMvdbU metadata: %{github_job_id: "test-job-123", github_run_id: "test-run-456"}
14:25:29.651 request_id=GGRUMlAKJugmNP8AAEkG [info] Found 2 stored credentials, looking for cred_2pkJhCMvdbU
14:25:29.651 request_id=GGRUMlAKJugmNP8AAEkG [info] Found and updating credential cred_2pkJhCMvdbU
.14:25:29.651 request_id=GGRUMlAKJugmNP8AAEkG [info] Successfully updated credential cred_2pkJhCMvdbU in storage
14:25:29.651 request_id=GGRUMlAKJugmNP8AAEkG [info] Sent 200 in 1ms
14:25:29.651 request_id=GGRUMlAKJugmNP8AAEkG [info] get_latest_credential: Found 2 total credentials
14:25:29.651 request_id=GGRUMlAKJugmNP8AAEkG [info] get_latest_credential: Found 1 credentials for customer 72125
14:25:29.651 request_id=GGRUMlAKJugmNP8AAEkG [info] get_latest_credential: Returning credential cred_2pkJhCMvdbU, github_job_id: test-job-123
14:25:29.651 [debug] QUERY OK source="customers" db=0.1ms
INSERT INTO "customers" ("active","name","metadata","email","is_staff","subscription_plan","monthly_limit","current_usage","fixes_quota_this_month","fixes_used_this_month","has_payment_method","rollover_fixes","subscription_status","trial_fixes_limit","trial_fixes_used","inserted_at","updated_at") VALUES ($1,$2,$3,$4,$5,$6,$7,$8,$9,$10,$11,$12,$13,$14,$15,$16,$17) RETURNING "id" [true, "Test Customer 23174", %{}, "test23174@example.com", false, "standard", 100, 15, 0, 0, false, 0, "active", 5, 0, ~N[2025-09-11 20:25:29], ~N[2025-09-11 20:25:29]]
14:25:29.651 [debug] QUERY OK source="api_keys" db=0.1ms
INSERT INTO "api_keys" ("active","name","permissions","key","customer_id","inserted_at","updated_at") VALUES ($1,$2,$3,$4,$5,$6,$7) RETURNING "id" [true, "Test Key", ["full_access"], "rsolv_pKRFo_vyV6qGZvrj3WdzraNsXIDckGxgkm6uRzwjwhY", 72126, ~U[2025-09-11 20:25:29Z], ~U[2025-09-11 20:25:29Z]]
14:25:29.651 request_id=GGRUMlAyKzEkK0UAACwJ [info] POST /api/v1/credentials/exchange
14:25:29.651 request_id=GGRUMlAyKzEkK0UAACwJ [debug] Processing with RsolvWeb.CredentialController.exchange/2
  Parameters: %{"api_key" => "rsolv_pKRFo_vyV6qGZvrj3WdzraNsXIDckGxgkm6uRzwjwhY", "providers" => ["anthropic"], "ttl_minutes" => 60}
  Pipelines: [:api]
14:25:29.651 request_id=GGRUMlAyKzEkK0UAACwJ [info] [CredentialController] Starting exchange with params: %{"api_key" => "rsolv_pKRFo_vyV6qGZvrj3WdzraNsXIDckGxgkm6uRzwjwhY", "providers" => ["anthropic"], "ttl_minutes" => 60}
14:25:29.651 request_id=GGRUMlAyKzEkK0UAACwJ [info] [CredentialController] Authenticating API key: rsolv_pKRFo_vyV6qGZvrj3WdzraNsXIDckGxgkm6uRzwjwhY
14:25:29.652 request_id=GGRUMlAyKzEkK0UAACwJ [debug] QUERY OK source="api_keys" db=0.1ms
SELECT a0."id", a0."key", a0."name", a0."permissions", a0."active", a0."last_used_at", a0."expires_at", a0."customer_id", a0."inserted_at", a0."updated_at" FROM "api_keys" AS a0 WHERE ((a0."key" = $1) AND (a0."active" = $2)) ["rsolv_pKRFo_vyV6qGZvrj3WdzraNsXIDckGxgkm6uRzwjwhY", true]
14:25:29.652 request_id=GGRUMlAyKzEkK0UAACwJ [debug] QUERY OK source="customers" db=0.1ms
SELECT c0."id", c0."name", c0."email", c0."monthly_limit", c0."current_usage", c0."active", c0."metadata", c0."password_hash", c0."is_staff", c0."admin_level", c0."trial_fixes_used", c0."trial_fixes_limit", c0."stripe_customer_id", c0."subscription_plan", c0."subscription_status", c0."rollover_fixes", c0."payment_method_added_at", c0."trial_expired_at", c0."fixes_used_this_month", c0."fixes_quota_this_month", c0."has_payment_method", c0."inserted_at", c0."updated_at" FROM "customers" AS c0 WHERE (c0."id" = $1) [72126]
14:25:29.652 request_id=GGRUMlAyKzEkK0UAACwJ [info] [CredentialController] Found customer: Test Customer 23174 (ID: 72126)
14:25:29.652 request_id=GGRUMlAyKzEkK0UAACwJ [info] [CredentialController] About to call generate_credentials
14:25:29.652 request_id=GGRUMlAyKzEkK0UAACwJ [info] Starting credential generation for customer 72126, providers: ["anthropic"]
14:25:29.652 request_id=GGRUMlAyKzEkK0UAACwJ [info] Generating credential for provider: anthropic
14:25:29.652 request_id=GGRUMlAyKzEkK0UAACwJ [info] [Credentials] Starting create_temporary_credential for customer 72126, provider anthropic
14:25:29.652 request_id=GGRUMlAyKzEkK0UAACwJ [info] [Credentials] Getting provider key for anthropic
14:25:29.652 request_id=GGRUMlAyKzEkK0UAACwJ [info] [Credentials] Got provider key for anthropic
14:25:29.652 request_id=GGRUMlAyKzEkK0UAACwJ [info] Created temporary credential for customer 72126, provider anthropic
14:25:29.652 request_id=GGRUMlAyKzEkK0UAACwJ [info] Successfully generated 1 credentials
14:25:29.652 request_id=GGRUMlAyKzEkK0UAACwJ [info] [CredentialController] generate_credentials succeeded
14:25:29.652 request_id=GGRUMlAyKzEkK0UAACwJ [info] Sent 200 in 966µs
.14:25:29.653 [debug] QUERY OK source="customers" db=0.3ms
INSERT INTO "customers" ("active","name","metadata","email","is_staff","subscription_plan","monthly_limit","current_usage","fixes_quota_this_month","fixes_used_this_month","has_payment_method","rollover_fixes","subscription_status","trial_fixes_limit","trial_fixes_used","inserted_at","updated_at") VALUES ($1,$2,$3,$4,$5,$6,$7,$8,$9,$10,$11,$12,$13,$14,$15,$16,$17) RETURNING "id" [true, "Test Customer 11402", %{}, "test11402@example.com", false, "standard", 100, 15, 0, 0, false, 0, "active", 5, 0, ~N[2025-09-11 20:25:29], ~N[2025-09-11 20:25:29]]
14:25:29.654 [debug] QUERY OK source="api_keys" db=0.4ms
INSERT INTO "api_keys" ("active","name","permissions","key","customer_id","inserted_at","updated_at") VALUES ($1,$2,$3,$4,$5,$6,$7) RETURNING "id" [true, "Test Key", ["full_access"], "rsolv_hZxKvYqf30AMpfuFqAts7dGs20JVxfJiQx5Oe3XllFI", 72127, ~U[2025-09-11 20:25:29Z], ~U[2025-09-11 20:25:29Z]]
14:25:29.654 request_id=GGRUMlBYXcW0n44AAICC [info] POST /api/v1/credentials/exchange
14:25:29.654 request_id=GGRUMlBYXcW0n44AAICC [debug] Processing with RsolvWeb.CredentialController.exchange/2
  Parameters: %{"api_key" => "rsolv_hZxKvYqf30AMpfuFqAts7dGs20JVxfJiQx5Oe3XllFI", "providers" => ["anthropic", "openai", "openrouter"], "ttl_minutes" => 60}
  Pipelines: [:api]
14:25:29.654 request_id=GGRUMlBYXcW0n44AAICC [info] [CredentialController] Starting exchange with params: %{"api_key" => "rsolv_hZxKvYqf30AMpfuFqAts7dGs20JVxfJiQx5Oe3XllFI", "providers" => ["anthropic", "openai", "openrouter"], "ttl_minutes" => 60}
14:25:29.654 request_id=GGRUMlBYXcW0n44AAICC [info] [CredentialController] Authenticating API key: rsolv_hZxKvYqf30AMpfuFqAts7dGs20JVxfJiQx5Oe3XllFI
14:25:29.654 request_id=GGRUMlBYXcW0n44AAICC [debug] QUERY OK source="api_keys" db=0.1ms
SELECT a0."id", a0."key", a0."name", a0."permissions", a0."active", a0."last_used_at", a0."expires_at", a0."customer_id", a0."inserted_at", a0."updated_at" FROM "api_keys" AS a0 WHERE ((a0."key" = $1) AND (a0."active" = $2)) ["rsolv_hZxKvYqf30AMpfuFqAts7dGs20JVxfJiQx5Oe3XllFI", true]
14:25:29.654 request_id=GGRUMlBYXcW0n44AAICC [debug] QUERY OK source="customers" db=0.0ms
SELECT c0."id", c0."name", c0."email", c0."monthly_limit", c0."current_usage", c0."active", c0."metadata", c0."password_hash", c0."is_staff", c0."admin_level", c0."trial_fixes_used", c0."trial_fixes_limit", c0."stripe_customer_id", c0."subscription_plan", c0."subscription_status", c0."rollover_fixes", c0."payment_method_added_at", c0."trial_expired_at", c0."fixes_used_this_month", c0."fixes_quota_this_month", c0."has_payment_method", c0."inserted_at", c0."updated_at" FROM "customers" AS c0 WHERE (c0."id" = $1) [72127]
14:25:29.654 request_id=GGRUMlBYXcW0n44AAICC [info] [CredentialController] Found customer: Test Customer 11402 (ID: 72127)
14:25:29.654 request_id=GGRUMlBYXcW0n44AAICC [info] [CredentialController] About to call generate_credentials
14:25:29.654 request_id=GGRUMlBYXcW0n44AAICC [info] Starting credential generation for customer 72127, providers: ["anthropic", "openai", "openrouter"]
14:25:29.654 request_id=GGRUMlBYXcW0n44AAICC [info] Generating credential for provider: anthropic
14:25:29.655 request_id=GGRUMlBYXcW0n44AAICC [info] [Credentials] Starting create_temporary_credential for customer 72127, provider anthropic
14:25:29.655 request_id=GGRUMlBYXcW0n44AAICC [info] [Credentials] Getting provider key for anthropic
14:25:29.655 request_id=GGRUMlBYXcW0n44AAICC [info] [Credentials] Got provider key for anthropic
14:25:29.655 request_id=GGRUMlBYXcW0n44AAICC [info] Created temporary credential for customer 72127, provider anthropic
14:25:29.655 request_id=GGRUMlBYXcW0n44AAICC [info] Generating credential for provider: openai
14:25:29.655 request_id=GGRUMlBYXcW0n44AAICC [info] [Credentials] Starting create_temporary_credential for customer 72127, provider openai
14:25:29.655 request_id=GGRUMlBYXcW0n44AAICC [info] [Credentials] Getting provider key for openai
14:25:29.655 request_id=GGRUMlBYXcW0n44AAICC [info] [Credentials] Got provider key for openai
14:25:29.655 request_id=GGRUMlBYXcW0n44AAICC [info] Created temporary credential for customer 72127, provider openai
14:25:29.655 request_id=GGRUMlBYXcW0n44AAICC [info] Generating credential for provider: openrouter
14:25:29.655 request_id=GGRUMlBYXcW0n44AAICC [info] [Credentials] Starting create_temporary_credential for customer 72127, provider openrouter
14:25:29.655 request_id=GGRUMlBYXcW0n44AAICC [info] [Credentials] Getting provider key for openrouter
14:25:29.655 request_id=GGRUMlBYXcW0n44AAICC [info] [Credentials] Got provider key for openrouter
14:25:29.655 request_id=GGRUMlBYXcW0n44AAICC [info] Created temporary credential for customer 72127, provider openrouter
14:25:29.655 request_id=GGRUMlBYXcW0n44AAICC [info] Successfully generated 3 credentials
14:25:29.655 request_id=GGRUMlBYXcW0n44AAICC [info] [CredentialController] generate_credentials succeeded
14:25:29.655 request_id=GGRUMlBYXcW0n44AAICC [info] Sent 200 in 1ms
.14:25:29.656 [debug] QUERY OK source="customers" db=0.2ms
INSERT INTO "customers" ("active","name","metadata","email","is_staff","subscription_plan","monthly_limit","current_usage","fixes_quota_this_month","fixes_used_this_month","has_payment_method","rollover_fixes","subscription_status","trial_fixes_limit","trial_fixes_used","inserted_at","updated_at") VALUES ($1,$2,$3,$4,$5,$6,$7,$8,$9,$10,$11,$12,$13,$14,$15,$16,$17) RETURNING "id" [true, "Test Customer 15753", %{}, "test15753@example.com", false, "standard", 100, 15, 0, 0, false, 0, "active", 5, 0, ~N[2025-09-11 20:25:29], ~N[2025-09-11 20:25:29]]
14:25:29.657 [debug] QUERY OK source="api_keys" db=0.2ms
INSERT INTO "api_keys" ("active","name","permissions","key","customer_id","inserted_at","updated_at") VALUES ($1,$2,$3,$4,$5,$6,$7) RETURNING "id" [true, "Test Key", ["full_access"], "rsolv_ZfmD_89yZ5SW7t9OpIDG5MRhXe_CuiV4qPUl7GX_OlY", 72128, ~U[2025-09-11 20:25:29Z], ~U[2025-09-11 20:25:29Z]]
14:25:29.657 [info] [Credentials] Starting create_temporary_credential for customer 72128, provider anthropic
14:25:29.657 [info] [Credentials] Getting provider key for anthropic
14:25:29.657 [info] [Credentials] Got provider key for anthropic
14:25:29.657 [info] Created temporary credential for customer 72128, provider anthropic
.14:25:29.657 request_id=GGRUMlCOf_ljiQMAACuL [info] GET /api/v1/patterns
14:25:29.658 request_id=GGRUMlCOf_ljiQMAACuL [debug] Processing with RsolvWeb.Api.V1.PatternController.index/2
  Parameters: %{"format" => "enhanced", "language" => "java"}
  Pipelines: [:api]
14:25:29.658 request_id=GGRUMlCOf_ljiQMAACuL [info] Pattern API called with params: %{"format" => "enhanced", "language" => "java"}
14:25:29.658 request_id=GGRUMlCOf_ljiQMAACuL [info] Language: java, Format: enhanced
14:25:29.658 request_id=GGRUMlCOf_ljiQMAACuL [info] API key status: :none
14:25:29.658 request_id=GGRUMlCOf_ljiQMAACuL [info] Getting demo patterns for java
14:25:29.658 request_id=GGRUMlCOf_ljiQMAACuL [info] Retrieved 3 patterns
14:25:29.658 request_id=GGRUMlCOf_ljiQMAACuL [debug] Formatting pattern: "java-sql-injection-statement"
14:25:29.658 request_id=GGRUMlCOf_ljiQMAACuL [debug] Formatted pattern keys: ["cweId", "description", "examples", "frameworks", "id", "languages", "name", "owaspCategory", "recommendation", "regex", "regexPatterns", "severity", "supportsAst", "type"]
14:25:29.658 request_id=GGRUMlCOf_ljiQMAACuL [debug] Formatting pattern: "java-xxe-documentbuilder"
14:25:29.658 request_id=GGRUMlCOf_ljiQMAACuL [debug] Formatted pattern keys: ["cweId", "description", "examples", "frameworks", "id", "languages", "name", "owaspCategory", "recommendation", "regex", "regexPatterns", "severity", "supportsAst", "type"]
14:25:29.658 request_id=GGRUMlCOf_ljiQMAACuL [debug] Formatting pattern: "java-weak-random"
14:25:29.658 request_id=GGRUMlCOf_ljiQMAACuL [debug] Formatted pattern keys: ["cweId", "description", "examples", "frameworks", "id", "languages", "name", "owaspCategory", "recommendation", "regex", "regexPatterns", "severity", "supportsAst", "type"]
14:25:29.658 request_id=GGRUMlCOf_ljiQMAACuL [info] Sent 200 in 353µs
.14:25:29.658 [debug] QUERY OK source="customers" db=0.2ms
INSERT INTO "customers" ("active","name","metadata","email","is_staff","subscription_plan","monthly_limit","current_usage","fixes_quota_this_month","fixes_used_this_month","has_payment_method","rollover_fixes","subscription_status","trial_fixes_limit","trial_fixes_used","inserted_at","updated_at") VALUES ($1,$2,$3,$4,$5,$6,$7,$8,$9,$10,$11,$12,$13,$14,$15,$16,$17) RETURNING "id" [true, "Test Customer 11530", %{}, "test11530@example.com", false, "trial", 100, 15, 0, 0, false, 0, "active", 5, 0, ~N[2025-09-11 20:25:29], ~N[2025-09-11 20:25:29]]
14:25:29.659 [debug] QUERY OK source="api_keys" db=0.1ms
INSERT INTO "api_keys" ("active","name","permissions","key","customer_id","inserted_at","updated_at") VALUES ($1,$2,$3,$4,$5,$6,$7) RETURNING "id" [true, "Test Key", ["full_access"], "rsolv_YLNIFO-oPUB6USLmfxAtAQzbNQh2JE-w0VilcxwjLHk", 72129, ~U[2025-09-11 20:25:29Z], ~U[2025-09-11 20:25:29Z]]
14:25:29.659 request_id=GGRUMlCjtmnEYEIAADcD [info] GET /api/v1/patterns
14:25:29.659 request_id=GGRUMlCjtmnEYEIAADcD [debug] Processing with RsolvWeb.Api.V1.PatternController.index/2
  Parameters: %{"language" => "javascript"}
  Pipelines: [:api]
14:25:29.659 request_id=GGRUMlCjtmnEYEIAADcD [info] Pattern API called with params: %{"language" => "javascript"}
14:25:29.659 request_id=GGRUMlCjtmnEYEIAADcD [info] Language: javascript, Format: standard
14:25:29.659 request_id=GGRUMlCjtmnEYEIAADcD [debug] QUERY OK source="api_keys" db=0.1ms
SELECT a0."id", a0."key", a0."name", a0."permissions", a0."active", a0."last_used_at", a0."expires_at", a0."customer_id", a0."inserted_at", a0."updated_at" FROM "api_keys" AS a0 WHERE ((a0."key" = $1) AND (a0."active" = $2)) ["invalid_key_that_does_not_exist_12345", true]
14:25:29.659 request_id=GGRUMlCjtmnEYEIAADcD [info] API key status: :invalid
14:25:29.659 request_id=GGRUMlCjtmnEYEIAADcD [warning] Invalid API key provided
14:25:29.659 request_id=GGRUMlCjtmnEYEIAADcD [info] Sent 401 in 286µs
14:25:29.659 request_id=GGRUMlCjtmnEYEIAADcD [debug] RsolvWeb.Api.V1.PatternController halted in :action/2
.14:25:29.659 request_id=GGRUMlCro2hEghEAAFsF [info] GET /api/v1/patterns
14:25:29.659 request_id=GGRUMlCro2hEghEAAFsF [debug] Processing with RsolvWeb.Api.V1.PatternController.index/2
  Parameters: %{"language" => "javascript"}
  Pipelines: [:api]
14:25:29.659 request_id=GGRUMlCro2hEghEAAFsF [info] Pattern API called with params: %{"language" => "javascript"}
14:25:29.659 request_id=GGRUMlCro2hEghEAAFsF [info] Language: javascript, Format: standard
14:25:29.659 request_id=GGRUMlCro2hEghEAAFsF [info] API key status: :none
14:25:29.659 request_id=GGRUMlCro2hEghEAAFsF [info] Getting demo patterns for javascript
14:25:29.659 request_id=GGRUMlCro2hEghEAAFsF [info] Retrieved 5 patterns
14:25:29.659 request_id=GGRUMlCro2hEghEAAFsF [debug] Formatting pattern: "js-sql-injection-concat"
14:25:29.660 request_id=GGRUMlCro2hEghEAAFsF [debug] Formatted pattern keys: ["cweId", "description", "examples", "frameworks", "id", "languages", "name", "owaspCategory", "recommendation", "regex", "regexPatterns", "severity", "supportsAst", "type"]
14:25:29.660 request_id=GGRUMlCro2hEghEAAFsF [debug] Formatting pattern: "js-xss-innerhtml"
14:25:29.660 request_id=GGRUMlCro2hEghEAAFsF [debug] Formatted pattern keys: ["cweId", "description", "examples", "frameworks", "id", "languages", "name", "owaspCategory", "recommendation", "regex", "regexPatterns", "severity", "supportsAst", "type"]
14:25:29.660 request_id=GGRUMlCro2hEghEAAFsF [debug] Formatting pattern: "js-command-injection-exec"
14:25:29.660 request_id=GGRUMlCro2hEghEAAFsF [debug] Formatted pattern keys: ["cweId", "description", "examples", "frameworks", "id", "languages", "name", "owaspCategory", "recommendation", "regex", "regexPatterns", "severity", "supportsAst", "type"]
14:25:29.660 request_id=GGRUMlCro2hEghEAAFsF [debug] Formatting pattern: "js-weak-crypto-md5"
14:25:29.660 request_id=GGRUMlCro2hEghEAAFsF [debug] Formatted pattern keys: ["cweId", "description", "examples", "frameworks", "id", "languages", "name", "owaspCategory", "recommendation", "regex", "regexPatterns", "severity", "supportsAst", "type"]
14:25:29.660 request_id=GGRUMlCro2hEghEAAFsF [debug] Formatting pattern: "js-hardcoded-secret-api-key"
14:25:29.660 request_id=GGRUMlCro2hEghEAAFsF [debug] Formatted pattern keys: ["cweId", "description", "examples", "frameworks", "id", "languages", "name", "owaspCategory", "recommendation", "regex", "regexPatterns", "severity", "supportsAst", "type"]
14:25:29.660 request_id=GGRUMlCro2hEghEAAFsF [info] Sent 200 in 270µs
.14:25:29.660 [debug] QUERY OK source="customers" db=0.1ms
INSERT INTO "customers" ("active","name","metadata","email","is_staff","subscription_plan","monthly_limit","current_usage","fixes_quota_this_month","fixes_used_this_month","has_payment_method","rollover_fixes","subscription_status","trial_fixes_limit","trial_fixes_used","inserted_at","updated_at") VALUES ($1,$2,$3,$4,$5,$6,$7,$8,$9,$10,$11,$12,$13,$14,$15,$16,$17) RETURNING "id" [true, "Test Customer 23430", %{}, "test23430@example.com", false, "trial", 100, 15, 0, 0, false, 0, "active", 5, 0, ~N[2025-09-11 20:25:29], ~N[2025-09-11 20:25:29]]
14:25:29.660 [debug] QUERY OK source="api_keys" db=0.1ms
INSERT INTO "api_keys" ("active","name","permissions","key","customer_id","inserted_at","updated_at") VALUES ($1,$2,$3,$4,$5,$6,$7) RETURNING "id" [true, "Test Key", ["full_access"], "rsolv_eilCJ_P-ZT0MRWvf0Z_uPJ7G7pA9F0Ls2Cpl3TkPqAs", 72130, ~U[2025-09-11 20:25:29Z], ~U[2025-09-11 20:25:29Z]]
14:25:29.660 request_id=GGRUMlC5CwSZ3twAAC2J [info] GET /api/v1/patterns
14:25:29.660 request_id=GGRUMlC5CwSZ3twAAC2J [debug] Processing with RsolvWeb.Api.V1.PatternController.index/2
  Parameters: %{"language" => "javascript"}
  Pipelines: [:api]
14:25:29.660 request_id=GGRUMlC5CwSZ3twAAC2J [info] Pattern API called with params: %{"language" => "javascript"}
14:25:29.660 request_id=GGRUMlC5CwSZ3twAAC2J [info] Language: javascript, Format: standard
14:25:29.660 request_id=GGRUMlC5CwSZ3twAAC2J [debug] QUERY OK source="api_keys" db=0.0ms
SELECT a0."id", a0."key", a0."name", a0."permissions", a0."active", a0."last_used_at", a0."expires_at", a0."customer_id", a0."inserted_at", a0."updated_at" FROM "api_keys" AS a0 WHERE ((a0."key" = $1) AND (a0."active" = $2)) ["rsolv_eilCJ_P-ZT0MRWvf0Z_uPJ7G7pA9F0Ls2Cpl3TkPqAs", true]
14:25:29.661 request_id=GGRUMlC5CwSZ3twAAC2J [debug] QUERY OK source="customers" db=0.0ms
SELECT c0."id", c0."name", c0."email", c0."monthly_limit", c0."current_usage", c0."active", c0."metadata", c0."password_hash", c0."is_staff", c0."admin_level", c0."trial_fixes_used", c0."trial_fixes_limit", c0."stripe_customer_id", c0."subscription_plan", c0."subscription_status", c0."rollover_fixes", c0."payment_method_added_at", c0."trial_expired_at", c0."fixes_used_this_month", c0."fixes_quota_this_month", c0."has_payment_method", c0."inserted_at", c0."updated_at" FROM "customers" AS c0 WHERE (c0."id" = $1) [72130]
14:25:29.661 request_id=GGRUMlC5CwSZ3twAAC2J [info] API key status: :valid
14:25:29.661 request_id=GGRUMlC5CwSZ3twAAC2J [info] Getting enhanced patterns for javascript
14:25:29.661 request_id=GGRUMlC5CwSZ3twAAC2J [info] Retrieved 30 patterns
14:25:29.661 request_id=GGRUMlC5CwSZ3twAAC2J [debug] Formatting pattern: "js-sql-injection-concat"
14:25:29.661 request_id=GGRUMlC5CwSZ3twAAC2J [debug] Formatted pattern keys: ["cweId", "description", "examples", "frameworks", "id", "languages", "name", "owaspCategory", "recommendation", "regex", "regexPatterns", "severity", "supportsAst", "type"]
14:25:29.661 request_id=GGRUMlC5CwSZ3twAAC2J [debug] Formatting pattern: "js-sql-injection-interpolation"
14:25:29.661 request_id=GGRUMlC5CwSZ3twAAC2J [debug] Formatted pattern keys: ["cweId", "description", "examples", "frameworks", "id", "languages", "name", "owaspCategory", "recommendation", "regex", "regexPatterns", "severity", "supportsAst", "type"]
14:25:29.661 request_id=GGRUMlC5CwSZ3twAAC2J [debug] Formatting pattern: "js-xss-innerhtml"
14:25:29.661 request_id=GGRUMlC5CwSZ3twAAC2J [debug] Formatted pattern keys: ["cweId", "description", "examples", "frameworks", "id", "languages", "name", "owaspCategory", "recommendation", "regex", "regexPatterns", "severity", "supportsAst", "type"]
14:25:29.661 request_id=GGRUMlC5CwSZ3twAAC2J [debug] Formatting pattern: "js-xss-document-write"
14:25:29.661 request_id=GGRUMlC5CwSZ3twAAC2J [debug] Formatted pattern keys: ["cweId", "description", "examples", "frameworks", "id", "languages", "name", "owaspCategory", "recommendation", "regex", "regexPatterns", "severity", "supportsAst", "type"]
14:25:29.661 request_id=GGRUMlC5CwSZ3twAAC2J [debug] Formatting pattern: "js-xss-jquery-html"
14:25:29.661 request_id=GGRUMlC5CwSZ3twAAC2J [debug] Formatted pattern keys: ["cweId", "description", "examples", "frameworks", "id", "languages", "name", "owaspCategory", "recommendation", "regex", "regexPatterns", "severity", "supportsAst", "type"]
14:25:29.661 request_id=GGRUMlC5CwSZ3twAAC2J [debug] Formatting pattern: "js-xss-react-dangerously"
14:25:29.661 request_id=GGRUMlC5CwSZ3twAAC2J [debug] Formatted pattern keys: ["cweId", "description", "examples", "frameworks", "id", "languages", "name", "owaspCategory", "recommendation", "regex", "regexPatterns", "severity", "supportsAst", "type"]
14:25:29.661 request_id=GGRUMlC5CwSZ3twAAC2J [debug] Formatting pattern: "js-xss-dom-manipulation"
14:25:29.661 request_id=GGRUMlC5CwSZ3twAAC2J [debug] Formatted pattern keys: ["cweId", "description", "examples", "frameworks", "id", "languages", "name", "owaspCategory", "recommendation", "regex", "regexPatterns", "severity", "supportsAst", "type"]
14:25:29.661 request_id=GGRUMlC5CwSZ3twAAC2J [debug] Formatting pattern: "js-command-injection-exec"
14:25:29.661 request_id=GGRUMlC5CwSZ3twAAC2J [debug] Formatted pattern keys: ["cweId", "description", "examples", "frameworks", "id", "languages", "name", "owaspCategory", "recommendation", "regex", "regexPatterns", "severity", "supportsAst", "type"]
14:25:29.661 request_id=GGRUMlC5CwSZ3twAAC2J [debug] Formatting pattern: "js-command-injection-spawn"
14:25:29.661 request_id=GGRUMlC5CwSZ3twAAC2J [debug] Formatted pattern keys: ["cweId", "description", "examples", "frameworks", "id", "languages", "name", "owaspCategory", "recommendation", "regex", "regexPatterns", "severity", "supportsAst", "type"]
14:25:29.661 request_id=GGRUMlC5CwSZ3twAAC2J [debug] Formatting pattern: "js-path-traversal-join"
14:25:29.661 request_id=GGRUMlC5CwSZ3twAAC2J [debug] Formatted pattern keys: ["cweId", "description", "examples", "frameworks", "id", "languages", "name", "owaspCategory", "recommendation", "regex", "regexPatterns", "severity", "supportsAst", "type"]
14:25:29.661 request_id=GGRUMlC5CwSZ3twAAC2J [debug] Formatting pattern: "js-path-traversal-concat"
14:25:29.661 request_id=GGRUMlC5CwSZ3twAAC2J [debug] Formatted pattern keys: ["cweId", "description", "examples", "frameworks", "id", "languages", "name", "owaspCategory", "recommendation", "regex", "regexPatterns", "severity", "supportsAst", "type"]
14:25:29.661 request_id=GGRUMlC5CwSZ3twAAC2J [debug] Formatting pattern: "js-weak-crypto-md5"
14:25:29.661 request_id=GGRUMlC5CwSZ3twAAC2J [debug] Formatted pattern keys: ["cweId", "description", "examples", "frameworks", "id", "languages", "name", "owaspCategory", "recommendation", "regex", "regexPatterns", "severity", "supportsAst", "type"]
14:25:29.661 request_id=GGRUMlC5CwSZ3twAAC2J [debug] Formatting pattern: "js-weak-crypto-sha1"
14:25:29.661 request_id=GGRUMlC5CwSZ3twAAC2J [debug] Formatted pattern keys: ["cweId", "description", "examples", "frameworks", "id", "languages", "name", "owaspCategory", "recommendation", "regex", "regexPatterns", "severity", "supportsAst", "type"]
14:25:29.661 request_id=GGRUMlC5CwSZ3twAAC2J [debug] Formatting pattern: "js-hardcoded-secret-password"
14:25:29.661 request_id=GGRUMlC5CwSZ3twAAC2J [debug] Formatted pattern keys: ["cweId", "description", "examples", "frameworks", "id", "languages", "name", "owaspCategory", "recommendation", "regex", "regexPatterns", "severity", "supportsAst", "type"]
14:25:29.661 request_id=GGRUMlC5CwSZ3twAAC2J [debug] Formatting pattern: "js-hardcoded-secret-api-key"
14:25:29.661 request_id=GGRUMlC5CwSZ3twAAC2J [debug] Formatted pattern keys: ["cweId", "description", "examples", "frameworks", "id", "languages", "name", "owaspCategory", "recommendation", "regex", "regexPatterns", "severity", "supportsAst", "type"]
14:25:29.661 request_id=GGRUMlC5CwSZ3twAAC2J [debug] Formatting pattern: "js-eval-user-input"
14:25:29.661 request_id=GGRUMlC5CwSZ3twAAC2J [debug] Formatted pattern keys: ["cweId", "description", "examples", "frameworks", "id", "languages", "name", "owaspCategory", "recommendation", "regex", "regexPatterns", "severity", "supportsAst", "type"]
14:25:29.661 request_id=GGRUMlC5CwSZ3twAAC2J [debug] Formatting pattern: "js-unsafe-regex"
14:25:29.661 request_id=GGRUMlC5CwSZ3twAAC2J [debug] Formatted pattern keys: ["cweId", "description", "examples", "frameworks", "id", "languages", "name", "owaspCategory", "recommendation", "regex", "regexPatterns", "severity", "supportsAst", "type"]
14:25:29.661 request_id=GGRUMlC5CwSZ3twAAC2J [debug] Formatting pattern: "js-open-redirect"
14:25:29.661 request_id=GGRUMlC5CwSZ3twAAC2J [debug] Formatted pattern keys: ["cweId", "description", "examples", "frameworks", "id", "languages", "name", "owaspCategory", "recommendation", "regex", "regexPatterns", "severity", "supportsAst", "type"]
14:25:29.661 request_id=GGRUMlC5CwSZ3twAAC2J [debug] Formatting pattern: "js-xxe-external-entities"
14:25:29.661 request_id=GGRUMlC5CwSZ3twAAC2J [debug] Formatted pattern keys: ["cweId", "description", "examples", "frameworks", "id", "languages", "name", "owaspCategory", "recommendation", "regex", "regexPatterns", "severity", "supportsAst", "type"]
14:25:29.661 request_id=GGRUMlC5CwSZ3twAAC2J [debug] Formatting pattern: "js-prototype-pollution"
14:25:29.661 request_id=GGRUMlC5CwSZ3twAAC2J [debug] Formatted pattern keys: ["cweId", "description", "examples", "frameworks", "id", "languages", "name", "owaspCategory", "recommendation", "regex", "regexPatterns", "severity", "supportsAst", "type"]
14:25:29.661 request_id=GGRUMlC5CwSZ3twAAC2J [debug] Formatting pattern: "js-insecure-random"
14:25:29.661 request_id=GGRUMlC5CwSZ3twAAC2J [debug] Formatted pattern keys: ["cweId", "description", "examples", "frameworks", "id", "languages", "name", "owaspCategory", "recommendation", "regex", "regexPatterns", "severity", "supportsAst", "type"]
14:25:29.661 request_id=GGRUMlC5CwSZ3twAAC2J [debug] Formatting pattern: "js-timing-attack"
14:25:29.661 request_id=GGRUMlC5CwSZ3twAAC2J [debug] Formatted pattern keys: ["cweId", "description", "examples", "frameworks", "id", "languages", "name", "owaspCategory", "recommendation", "regex", "regexPatterns", "severity", "supportsAst", "type"]
14:25:29.661 request_id=GGRUMlC5CwSZ3twAAC2J [debug] Formatting pattern: "js-nosql-injection"
14:25:29.661 request_id=GGRUMlC5CwSZ3twAAC2J [debug] Formatted pattern keys: ["cweId", "description", "examples", "frameworks", "id", "languages", "name", "owaspCategory", "recommendation", "regex", "regexPatterns", "severity", "supportsAst", "type"]
14:25:29.661 request_id=GGRUMlC5CwSZ3twAAC2J [debug] Formatting pattern: "js-ldap-injection"
14:25:29.661 request_id=GGRUMlC5CwSZ3twAAC2J [debug] Formatted pattern keys: ["cweId", "description", "examples", "frameworks", "id", "languages", "name", "owaspCategory", "recommendation", "regex", "regexPatterns", "severity", "supportsAst", "type"]
14:25:29.661 request_id=GGRUMlC5CwSZ3twAAC2J [debug] Formatting pattern: "js-xpath-injection"
14:25:29.661 request_id=GGRUMlC5CwSZ3twAAC2J [debug] Formatted pattern keys: ["cweId", "description", "examples", "frameworks", "id", "languages", "name", "owaspCategory", "recommendation", "regex", "regexPatterns", "severity", "supportsAst", "type"]
14:25:29.661 request_id=GGRUMlC5CwSZ3twAAC2J [debug] Formatting pattern: "js-ssrf"
14:25:29.661 request_id=GGRUMlC5CwSZ3twAAC2J [debug] Formatted pattern keys: ["cweId", "description", "examples", "frameworks", "id", "languages", "name", "owaspCategory", "recommendation", "regex", "regexPatterns", "severity", "supportsAst", "type"]
14:25:29.661 request_id=GGRUMlC5CwSZ3twAAC2J [debug] Formatting pattern: "js-insecure-deserialization"
14:25:29.661 request_id=GGRUMlC5CwSZ3twAAC2J [debug] Formatted pattern keys: ["cweId", "description", "examples", "frameworks", "id", "languages", "name", "owaspCategory", "recommendation", "regex", "regexPatterns", "severity", "supportsAst", "type"]
14:25:29.661 request_id=GGRUMlC5CwSZ3twAAC2J [debug] Formatting pattern: "js-missing-csrf"
14:25:29.661 request_id=GGRUMlC5CwSZ3twAAC2J [debug] Formatted pattern keys: ["cweId", "description", "examples", "frameworks", "id", "languages", "name", "owaspCategory", "recommendation", "regex", "regexPatterns", "severity", "supportsAst", "type"]
14:25:29.661 request_id=GGRUMlC5CwSZ3twAAC2J [debug] Formatting pattern: "js-jwt-none-algorithm"
14:25:29.661 request_id=GGRUMlC5CwSZ3twAAC2J [debug] Formatted pattern keys: ["cweId", "description", "examples", "frameworks", "id", "languages", "name", "owaspCategory", "recommendation", "regex", "regexPatterns", "severity", "supportsAst", "type"]
14:25:29.661 request_id=GGRUMlC5CwSZ3twAAC2J [debug] Formatting pattern: "js-debug-console-log"
14:25:29.661 request_id=GGRUMlC5CwSZ3twAAC2J [debug] Formatted pattern keys: ["cweId", "description", "examples", "frameworks", "id", "languages", "name", "owaspCategory", "recommendation", "regex", "regexPatterns", "severity", "supportsAst", "type"]
14:25:29.661 request_id=GGRUMlC5CwSZ3twAAC2J [info] Sent 200 in 1ms
.14:25:29.662 request_id=GGRUMlDSnh6bSWMAAC4J [info] GET /api/v1/patterns
14:25:29.662 request_id=GGRUMlDSnh6bSWMAAC4J [debug] Processing with RsolvWeb.Api.V1.PatternController.index/2
  Parameters: %{"format" => "unknown_format", "language" => "javascript"}
  Pipelines: [:api]
14:25:29.662 request_id=GGRUMlDSnh6bSWMAAC4J [info] Pattern API called with params: %{"format" => "unknown_format", "language" => "javascript"}
14:25:29.662 request_id=GGRUMlDSnh6bSWMAAC4J [info] Language: javascript, Format: standard
14:25:29.662 request_id=GGRUMlDSnh6bSWMAAC4J [info] API key status: :none
14:25:29.662 request_id=GGRUMlDSnh6bSWMAAC4J [info] Getting demo patterns for javascript
14:25:29.662 request_id=GGRUMlDSnh6bSWMAAC4J [info] Retrieved 5 patterns
14:25:29.662 request_id=GGRUMlDSnh6bSWMAAC4J [debug] Formatting pattern: "js-sql-injection-concat"
14:25:29.662 request_id=GGRUMlDSnh6bSWMAAC4J [debug] Formatted pattern keys: ["cweId", "description", "examples", "frameworks", "id", "languages", "name", "owaspCategory", "recommendation", "regex", "regexPatterns", "severity", "supportsAst", "type"]
14:25:29.662 request_id=GGRUMlDSnh6bSWMAAC4J [debug] Formatting pattern: "js-xss-innerhtml"
14:25:29.662 request_id=GGRUMlDSnh6bSWMAAC4J [debug] Formatted pattern keys: ["cweId", "description", "examples", "frameworks", "id", "languages", "name", "owaspCategory", "recommendation", "regex", "regexPatterns", "severity", "supportsAst", "type"]
14:25:29.662 request_id=GGRUMlDSnh6bSWMAAC4J [debug] Formatting pattern: "js-command-injection-exec"
14:25:29.662 request_id=GGRUMlDSnh6bSWMAAC4J [debug] Formatted pattern keys: ["cweId", "description", "examples", "frameworks", "id", "languages", "name", "owaspCategory", "recommendation", "regex", "regexPatterns", "severity", "supportsAst", "type"]
14:25:29.662 request_id=GGRUMlDSnh6bSWMAAC4J [debug] Formatting pattern: "js-weak-crypto-md5"
14:25:29.662 request_id=GGRUMlDSnh6bSWMAAC4J [debug] Formatted pattern keys: ["cweId", "description", "examples", "frameworks", "id", "languages", "name", "owaspCategory", "recommendation", "regex", "regexPatterns", "severity", "supportsAst", "type"]
14:25:29.662 request_id=GGRUMlDSnh6bSWMAAC4J [debug] Formatting pattern: "js-hardcoded-secret-api-key"
14:25:29.662 request_id=GGRUMlDSnh6bSWMAAC4J [debug] Formatted pattern keys: ["cweId", "description", "examples", "frameworks", "id", "languages", "name", "owaspCategory", "recommendation", "regex", "regexPatterns", "severity", "supportsAst", "type"]
14:25:29.662 request_id=GGRUMlDSnh6bSWMAAC4J [info] Sent 200 in 218µs
.14:25:29.662 [debug] QUERY OK source="customers" db=0.0ms
INSERT INTO "customers" ("active","name","metadata","email","is_staff","subscription_plan","monthly_limit","current_usage","fixes_quota_this_month","fixes_used_this_month","has_payment_method","rollover_fixes","subscription_status","trial_fixes_limit","trial_fixes_used","inserted_at","updated_at") VALUES ($1,$2,$3,$4,$5,$6,$7,$8,$9,$10,$11,$12,$13,$14,$15,$16,$17) RETURNING "id" [true, "Test Customer 23558", %{}, "test23558@example.com", false, "trial", 100, 15, 0, 0, false, 0, "active", 5, 0, ~N[2025-09-11 20:25:29], ~N[2025-09-11 20:25:29]]
14:25:29.663 [debug] QUERY OK source="api_keys" db=0.0ms
INSERT INTO "api_keys" ("active","name","permissions","key","customer_id","inserted_at","updated_at") VALUES ($1,$2,$3,$4,$5,$6,$7) RETURNING "id" [true, "Test Key", ["full_access"], "rsolv_XvgMsQJ9b0nksUnJbWJ8mVajmViqG2KmYXVgJfe6dX0", 72131, ~U[2025-09-11 20:25:29Z], ~U[2025-09-11 20:25:29Z]]
14:25:29.663 request_id=GGRUMlDd4qioJ7wAAFyF [info] GET /api/v1/patterns
14:25:29.663 request_id=GGRUMlDd4qioJ7wAAFyF [debug] Processing with RsolvWeb.Api.V1.PatternController.index/2
  Parameters: %{"language" => "javascript"}
  Pipelines: [:api]
14:25:29.663 request_id=GGRUMlDd4qioJ7wAAFyF [info] Pattern API called with params: %{"language" => "javascript"}
14:25:29.663 request_id=GGRUMlDd4qioJ7wAAFyF [info] Language: javascript, Format: standard
14:25:29.663 request_id=GGRUMlDd4qioJ7wAAFyF [debug] QUERY OK source="api_keys" db=0.0ms
SELECT a0."id", a0."key", a0."name", a0."permissions", a0."active", a0."last_used_at", a0."expires_at", a0."customer_id", a0."inserted_at", a0."updated_at" FROM "api_keys" AS a0 WHERE ((a0."key" = $1) AND (a0."active" = $2)) ["rsolv_XvgMsQJ9b0nksUnJbWJ8mVajmViqG2KmYXVgJfe6dX0", true]
14:25:29.663 request_id=GGRUMlDd4qioJ7wAAFyF [debug] QUERY OK source="customers" db=0.0ms
SELECT c0."id", c0."name", c0."email", c0."monthly_limit", c0."current_usage", c0."active", c0."metadata", c0."password_hash", c0."is_staff", c0."admin_level", c0."trial_fixes_used", c0."trial_fixes_limit", c0."stripe_customer_id", c0."subscription_plan", c0."subscription_status", c0."rollover_fixes", c0."payment_method_added_at", c0."trial_expired_at", c0."fixes_used_this_month", c0."fixes_quota_this_month", c0."has_payment_method", c0."inserted_at", c0."updated_at" FROM "customers" AS c0 WHERE (c0."id" = $1) [72131]
14:25:29.663 request_id=GGRUMlDd4qioJ7wAAFyF [info] API key status: :valid
14:25:29.663 request_id=GGRUMlDd4qioJ7wAAFyF [info] Getting enhanced patterns for javascript
14:25:29.663 request_id=GGRUMlDd4qioJ7wAAFyF [info] Retrieved 30 patterns
14:25:29.663 request_id=GGRUMlDd4qioJ7wAAFyF [debug] Formatting pattern: "js-sql-injection-concat"
14:25:29.663 request_id=GGRUMlDd4qioJ7wAAFyF [debug] Formatted pattern keys: ["cweId", "description", "examples", "frameworks", "id", "languages", "name", "owaspCategory", "recommendation", "regex", "regexPatterns", "severity", "supportsAst", "type"]
14:25:29.663 request_id=GGRUMlDd4qioJ7wAAFyF [debug] Formatting pattern: "js-sql-injection-interpolation"
14:25:29.663 request_id=GGRUMlDd4qioJ7wAAFyF [debug] Formatted pattern keys: ["cweId", "description", "examples", "frameworks", "id", "languages", "name", "owaspCategory", "recommendation", "regex", "regexPatterns", "severity", "supportsAst", "type"]
14:25:29.663 request_id=GGRUMlDd4qioJ7wAAFyF [debug] Formatting pattern: "js-xss-innerhtml"
14:25:29.663 request_id=GGRUMlDd4qioJ7wAAFyF [debug] Formatted pattern keys: ["cweId", "description", "examples", "frameworks", "id", "languages", "name", "owaspCategory", "recommendation", "regex", "regexPatterns", "severity", "supportsAst", "type"]
14:25:29.663 request_id=GGRUMlDd4qioJ7wAAFyF [debug] Formatting pattern: "js-xss-document-write"
14:25:29.663 request_id=GGRUMlDd4qioJ7wAAFyF [debug] Formatted pattern keys: ["cweId", "description", "examples", "frameworks", "id", "languages", "name", "owaspCategory", "recommendation", "regex", "regexPatterns", "severity", "supportsAst", "type"]
14:25:29.663 request_id=GGRUMlDd4qioJ7wAAFyF [debug] Formatting pattern: "js-xss-jquery-html"
14:25:29.663 request_id=GGRUMlDd4qioJ7wAAFyF [debug] Formatted pattern keys: ["cweId", "description", "examples", "frameworks", "id", "languages", "name", "owaspCategory", "recommendation", "regex", "regexPatterns", "severity", "supportsAst", "type"]
14:25:29.663 request_id=GGRUMlDd4qioJ7wAAFyF [debug] Formatting pattern: "js-xss-react-dangerously"
14:25:29.663 request_id=GGRUMlDd4qioJ7wAAFyF [debug] Formatted pattern keys: ["cweId", "description", "examples", "frameworks", "id", "languages", "name", "owaspCategory", "recommendation", "regex", "regexPatterns", "severity", "supportsAst", "type"]
14:25:29.663 request_id=GGRUMlDd4qioJ7wAAFyF [debug] Formatting pattern: "js-xss-dom-manipulation"
14:25:29.663 request_id=GGRUMlDd4qioJ7wAAFyF [debug] Formatted pattern keys: ["cweId", "description", "examples", "frameworks", "id", "languages", "name", "owaspCategory", "recommendation", "regex", "regexPatterns", "severity", "supportsAst", "type"]
14:25:29.663 request_id=GGRUMlDd4qioJ7wAAFyF [debug] Formatting pattern: "js-command-injection-exec"
14:25:29.663 request_id=GGRUMlDd4qioJ7wAAFyF [debug] Formatted pattern keys: ["cweId", "description", "examples", "frameworks", "id", "languages", "name", "owaspCategory", "recommendation", "regex", "regexPatterns", "severity", "supportsAst", "type"]
14:25:29.663 request_id=GGRUMlDd4qioJ7wAAFyF [debug] Formatting pattern: "js-command-injection-spawn"
14:25:29.663 request_id=GGRUMlDd4qioJ7wAAFyF [debug] Formatted pattern keys: ["cweId", "description", "examples", "frameworks", "id", "languages", "name", "owaspCategory", "recommendation", "regex", "regexPatterns", "severity", "supportsAst", "type"]
14:25:29.663 request_id=GGRUMlDd4qioJ7wAAFyF [debug] Formatting pattern: "js-path-traversal-join"
14:25:29.663 request_id=GGRUMlDd4qioJ7wAAFyF [debug] Formatted pattern keys: ["cweId", "description", "examples", "frameworks", "id", "languages", "name", "owaspCategory", "recommendation", "regex", "regexPatterns", "severity", "supportsAst", "type"]
14:25:29.663 request_id=GGRUMlDd4qioJ7wAAFyF [debug] Formatting pattern: "js-path-traversal-concat"
14:25:29.663 request_id=GGRUMlDd4qioJ7wAAFyF [debug] Formatted pattern keys: ["cweId", "description", "examples", "frameworks", "id", "languages", "name", "owaspCategory", "recommendation", "regex", "regexPatterns", "severity", "supportsAst", "type"]
14:25:29.663 request_id=GGRUMlDd4qioJ7wAAFyF [debug] Formatting pattern: "js-weak-crypto-md5"
14:25:29.663 request_id=GGRUMlDd4qioJ7wAAFyF [debug] Formatted pattern keys: ["cweId", "description", "examples", "frameworks", "id", "languages", "name", "owaspCategory", "recommendation", "regex", "regexPatterns", "severity", "supportsAst", "type"]
14:25:29.663 request_id=GGRUMlDd4qioJ7wAAFyF [debug] Formatting pattern: "js-weak-crypto-sha1"
14:25:29.663 request_id=GGRUMlDd4qioJ7wAAFyF [debug] Formatted pattern keys: ["cweId", "description", "examples", "frameworks", "id", "languages", "name", "owaspCategory", "recommendation", "regex", "regexPatterns", "severity", "supportsAst", "type"]
14:25:29.663 request_id=GGRUMlDd4qioJ7wAAFyF [debug] Formatting pattern: "js-hardcoded-secret-password"
14:25:29.663 request_id=GGRUMlDd4qioJ7wAAFyF [debug] Formatted pattern keys: ["cweId", "description", "examples", "frameworks", "id", "languages", "name", "owaspCategory", "recommendation", "regex", "regexPatterns", "severity", "supportsAst", "type"]
14:25:29.663 request_id=GGRUMlDd4qioJ7wAAFyF [debug] Formatting pattern: "js-hardcoded-secret-api-key"
14:25:29.663 request_id=GGRUMlDd4qioJ7wAAFyF [debug] Formatted pattern keys: ["cweId", "description", "examples", "frameworks", "id", "languages", "name", "owaspCategory", "recommendation", "regex", "regexPatterns", "severity", "supportsAst", "type"]
14:25:29.663 request_id=GGRUMlDd4qioJ7wAAFyF [debug] Formatting pattern: "js-eval-user-input"
14:25:29.663 request_id=GGRUMlDd4qioJ7wAAFyF [debug] Formatted pattern keys: ["cweId", "description", "examples", "frameworks", "id", "languages", "name", "owaspCategory", "recommendation", "regex", "regexPatterns", "severity", "supportsAst", "type"]
14:25:29.663 request_id=GGRUMlDd4qioJ7wAAFyF [debug] Formatting pattern: "js-unsafe-regex"
14:25:29.663 request_id=GGRUMlDd4qioJ7wAAFyF [debug] Formatted pattern keys: ["cweId", "description", "examples", "frameworks", "id", "languages", "name", "owaspCategory", "recommendation", "regex", "regexPatterns", "severity", "supportsAst", "type"]
14:25:29.663 request_id=GGRUMlDd4qioJ7wAAFyF [debug] Formatting pattern: "js-open-redirect"
14:25:29.663 request_id=GGRUMlDd4qioJ7wAAFyF [debug] Formatted pattern keys: ["cweId", "description", "examples", "frameworks", "id", "languages", "name", "owaspCategory", "recommendation", "regex", "regexPatterns", "severity", "supportsAst", "type"]
14:25:29.663 request_id=GGRUMlDd4qioJ7wAAFyF [debug] Formatting pattern: "js-xxe-external-entities"
14:25:29.663 request_id=GGRUMlDd4qioJ7wAAFyF [debug] Formatted pattern keys: ["cweId", "description", "examples", "frameworks", "id", "languages", "name", "owaspCategory", "recommendation", "regex", "regexPatterns", "severity", "supportsAst", "type"]
14:25:29.663 request_id=GGRUMlDd4qioJ7wAAFyF [debug] Formatting pattern: "js-prototype-pollution"
14:25:29.663 request_id=GGRUMlDd4qioJ7wAAFyF [debug] Formatted pattern keys: ["cweId", "description", "examples", "frameworks", "id", "languages", "name", "owaspCategory", "recommendation", "regex", "regexPatterns", "severity", "supportsAst", "type"]
14:25:29.663 request_id=GGRUMlDd4qioJ7wAAFyF [debug] Formatting pattern: "js-insecure-random"
14:25:29.664 request_id=GGRUMlDd4qioJ7wAAFyF [debug] Formatted pattern keys: ["cweId", "description", "examples", "frameworks", "id", "languages", "name", "owaspCategory", "recommendation", "regex", "regexPatterns", "severity", "supportsAst", "type"]
14:25:29.664 request_id=GGRUMlDd4qioJ7wAAFyF [debug] Formatting pattern: "js-timing-attack"
14:25:29.664 request_id=GGRUMlDd4qioJ7wAAFyF [debug] Formatted pattern keys: ["cweId", "description", "examples", "frameworks", "id", "languages", "name", "owaspCategory", "recommendation", "regex", "regexPatterns", "severity", "supportsAst", "type"]
14:25:29.664 request_id=GGRUMlDd4qioJ7wAAFyF [debug] Formatting pattern: "js-nosql-injection"
14:25:29.664 request_id=GGRUMlDd4qioJ7wAAFyF [debug] Formatted pattern keys: ["cweId", "description", "examples", "frameworks", "id", "languages", "name", "owaspCategory", "recommendation", "regex", "regexPatterns", "severity", "supportsAst", "type"]
14:25:29.664 request_id=GGRUMlDd4qioJ7wAAFyF [debug] Formatting pattern: "js-ldap-injection"
14:25:29.664 request_id=GGRUMlDd4qioJ7wAAFyF [debug] Formatted pattern keys: ["cweId", "description", "examples", "frameworks", "id", "languages", "name", "owaspCategory", "recommendation", "regex", "regexPatterns", "severity", "supportsAst", "type"]
14:25:29.664 request_id=GGRUMlDd4qioJ7wAAFyF [debug] Formatting pattern: "js-xpath-injection"
14:25:29.664 request_id=GGRUMlDd4qioJ7wAAFyF [debug] Formatted pattern keys: ["cweId", "description", "examples", "frameworks", "id", "languages", "name", "owaspCategory", "recommendation", "regex", "regexPatterns", "severity", "supportsAst", "type"]
14:25:29.664 request_id=GGRUMlDd4qioJ7wAAFyF [debug] Formatting pattern: "js-ssrf"
14:25:29.664 request_id=GGRUMlDd4qioJ7wAAFyF [debug] Formatted pattern keys: ["cweId", "description", "examples", "frameworks", "id", "languages", "name", "owaspCategory", "recommendation", "regex", "regexPatterns", "severity", "supportsAst", "type"]
14:25:29.664 request_id=GGRUMlDd4qioJ7wAAFyF [debug] Formatting pattern: "js-insecure-deserialization"
14:25:29.664 request_id=GGRUMlDd4qioJ7wAAFyF [debug] Formatted pattern keys: ["cweId", "description", "examples", "frameworks", "id", "languages", "name", "owaspCategory", "recommendation", "regex", "regexPatterns", "severity", "supportsAst", "type"]
14:25:29.664 request_id=GGRUMlDd4qioJ7wAAFyF [debug] Formatting pattern: "js-missing-csrf"
14:25:29.664 request_id=GGRUMlDd4qioJ7wAAFyF [debug] Formatted pattern keys: ["cweId", "description", "examples", "frameworks", "id", "languages", "name", "owaspCategory", "recommendation", "regex", "regexPatterns", "severity", "supportsAst", "type"]
14:25:29.664 request_id=GGRUMlDd4qioJ7wAAFyF [debug] Formatting pattern: "js-jwt-none-algorithm"
14:25:29.664 request_id=GGRUMlDd4qioJ7wAAFyF [debug] Formatted pattern keys: ["cweId", "description", "examples", "frameworks", "id", "languages", "name", "owaspCategory", "recommendation", "regex", "regexPatterns", "severity", "supportsAst", "type"]
14:25:29.664 request_id=GGRUMlDd4qioJ7wAAFyF [debug] Formatting pattern: "js-debug-console-log"
14:25:29.664 request_id=GGRUMlDd4qioJ7wAAFyF [debug] Formatted pattern keys: ["cweId", "description", "examples", "frameworks", "id", "languages", "name", "owaspCategory", "recommendation", "regex", "regexPatterns", "severity", "supportsAst", "type"]
14:25:29.664 request_id=GGRUMlDd4qioJ7wAAFyF [info] Sent 200 in 1ms
.14:25:29.665 [debug] QUERY OK source="customers" db=0.1ms
INSERT INTO "customers" ("active","name","metadata","email","is_staff","subscription_plan","monthly_limit","current_usage","fixes_quota_this_month","fixes_used_this_month","has_payment_method","rollover_fixes","subscription_status","trial_fixes_limit","trial_fixes_used","inserted_at","updated_at") VALUES ($1,$2,$3,$4,$5,$6,$7,$8,$9,$10,$11,$12,$13,$14,$15,$16,$17) RETURNING "id" [true, "Test Customer 11914", %{}, "test11914@example.com", false, "trial", 100, 15, 0, 0, false, 0, "active", 5, 0, ~N[2025-09-11 20:25:29], ~N[2025-09-11 20:25:29]]
14:25:29.665 [debug] QUERY OK source="api_keys" db=0.0ms
INSERT INTO "api_keys" ("active","name","permissions","key","customer_id","inserted_at","updated_at") VALUES ($1,$2,$3,$4,$5,$6,$7) RETURNING "id" [true, "Test Key", ["full_access"], "rsolv_0AErmDNHXb_4tuLEKZAwghkqF41w2o2UdZ08nkFUlxI", 72132, ~U[2025-09-11 20:25:29Z], ~U[2025-09-11 20:25:29Z]]
14:25:29.665 request_id=GGRUMlEIMlKxK9gAAC8J [info] GET /api/v1/patterns
14:25:29.665 request_id=GGRUMlEIMlKxK9gAAC8J [debug] Processing with RsolvWeb.Api.V1.PatternController.index/2
  Parameters: %{"language" => "javascript"}
  Pipelines: [:api]
14:25:29.665 request_id=GGRUMlEIMlKxK9gAAC8J [info] Pattern API called with params: %{"language" => "javascript"}
14:25:29.665 request_id=GGRUMlEIMlKxK9gAAC8J [info] Language: javascript, Format: standard
14:25:29.666 request_id=GGRUMlEIMlKxK9gAAC8J [debug] QUERY OK source="api_keys" db=0.0ms
SELECT a0."id", a0."key", a0."name", a0."permissions", a0."active", a0."last_used_at", a0."expires_at", a0."customer_id", a0."inserted_at", a0."updated_at" FROM "api_keys" AS a0 WHERE ((a0."key" = $1) AND (a0."active" = $2)) ["rsolv_0AErmDNHXb_4tuLEKZAwghkqF41w2o2UdZ08nkFUlxI", true]
14:25:29.666 request_id=GGRUMlEIMlKxK9gAAC8J [debug] QUERY OK source="customers" db=0.0ms
SELECT c0."id", c0."name", c0."email", c0."monthly_limit", c0."current_usage", c0."active", c0."metadata", c0."password_hash", c0."is_staff", c0."admin_level", c0."trial_fixes_used", c0."trial_fixes_limit", c0."stripe_customer_id", c0."subscription_plan", c0."subscription_status", c0."rollover_fixes", c0."payment_method_added_at", c0."trial_expired_at", c0."fixes_used_this_month", c0."fixes_quota_this_month", c0."has_payment_method", c0."inserted_at", c0."updated_at" FROM "customers" AS c0 WHERE (c0."id" = $1) [72132]
14:25:29.666 request_id=GGRUMlEIMlKxK9gAAC8J [info] API key status: :valid
14:25:29.666 request_id=GGRUMlEIMlKxK9gAAC8J [info] Getting enhanced patterns for javascript
14:25:29.666 request_id=GGRUMlEIMlKxK9gAAC8J [info] Retrieved 30 patterns
14:25:29.666 request_id=GGRUMlEIMlKxK9gAAC8J [debug] Formatting pattern: "js-sql-injection-concat"
14:25:29.666 request_id=GGRUMlEIMlKxK9gAAC8J [debug] Formatted pattern keys: ["cweId", "description", "examples", "frameworks", "id", "languages", "name", "owaspCategory", "recommendation", "regex", "regexPatterns", "severity", "supportsAst", "type"]
14:25:29.666 request_id=GGRUMlEIMlKxK9gAAC8J [debug] Formatting pattern: "js-sql-injection-interpolation"
14:25:29.666 request_id=GGRUMlEIMlKxK9gAAC8J [debug] Formatted pattern keys: ["cweId", "description", "examples", "frameworks", "id", "languages", "name", "owaspCategory", "recommendation", "regex", "regexPatterns", "severity", "supportsAst", "type"]
14:25:29.666 request_id=GGRUMlEIMlKxK9gAAC8J [debug] Formatting pattern: "js-xss-innerhtml"
14:25:29.666 request_id=GGRUMlEIMlKxK9gAAC8J [debug] Formatted pattern keys: ["cweId", "description", "examples", "frameworks", "id", "languages", "name", "owaspCategory", "recommendation", "regex", "regexPatterns", "severity", "supportsAst", "type"]
14:25:29.666 request_id=GGRUMlEIMlKxK9gAAC8J [debug] Formatting pattern: "js-xss-document-write"
14:25:29.666 request_id=GGRUMlEIMlKxK9gAAC8J [debug] Formatted pattern keys: ["cweId", "description", "examples", "frameworks", "id", "languages", "name", "owaspCategory", "recommendation", "regex", "regexPatterns", "severity", "supportsAst", "type"]
14:25:29.666 request_id=GGRUMlEIMlKxK9gAAC8J [debug] Formatting pattern: "js-xss-jquery-html"
14:25:29.666 request_id=GGRUMlEIMlKxK9gAAC8J [debug] Formatted pattern keys: ["cweId", "description", "examples", "frameworks", "id", "languages", "name", "owaspCategory", "recommendation", "regex", "regexPatterns", "severity", "supportsAst", "type"]
14:25:29.666 request_id=GGRUMlEIMlKxK9gAAC8J [debug] Formatting pattern: "js-xss-react-dangerously"
14:25:29.666 request_id=GGRUMlEIMlKxK9gAAC8J [debug] Formatted pattern keys: ["cweId", "description", "examples", "frameworks", "id", "languages", "name", "owaspCategory", "recommendation", "regex", "regexPatterns", "severity", "supportsAst", "type"]
14:25:29.666 request_id=GGRUMlEIMlKxK9gAAC8J [debug] Formatting pattern: "js-xss-dom-manipulation"
14:25:29.666 request_id=GGRUMlEIMlKxK9gAAC8J [debug] Formatted pattern keys: ["cweId", "description", "examples", "frameworks", "id", "languages", "name", "owaspCategory", "recommendation", "regex", "regexPatterns", "severity", "supportsAst", "type"]
14:25:29.666 request_id=GGRUMlEIMlKxK9gAAC8J [debug] Formatting pattern: "js-command-injection-exec"
14:25:29.666 request_id=GGRUMlEIMlKxK9gAAC8J [debug] Formatted pattern keys: ["cweId", "description", "examples", "frameworks", "id", "languages", "name", "owaspCategory", "recommendation", "regex", "regexPatterns", "severity", "supportsAst", "type"]
14:25:29.666 request_id=GGRUMlEIMlKxK9gAAC8J [debug] Formatting pattern: "js-command-injection-spawn"
14:25:29.666 request_id=GGRUMlEIMlKxK9gAAC8J [debug] Formatted pattern keys: ["cweId", "description", "examples", "frameworks", "id", "languages", "name", "owaspCategory", "recommendation", "regex", "regexPatterns", "severity", "supportsAst", "type"]
14:25:29.666 request_id=GGRUMlEIMlKxK9gAAC8J [debug] Formatting pattern: "js-path-traversal-join"
14:25:29.666 request_id=GGRUMlEIMlKxK9gAAC8J [debug] Formatted pattern keys: ["cweId", "description", "examples", "frameworks", "id", "languages", "name", "owaspCategory", "recommendation", "regex", "regexPatterns", "severity", "supportsAst", "type"]
14:25:29.666 request_id=GGRUMlEIMlKxK9gAAC8J [debug] Formatting pattern: "js-path-traversal-concat"
14:25:29.666 request_id=GGRUMlEIMlKxK9gAAC8J [debug] Formatted pattern keys: ["cweId", "description", "examples", "frameworks", "id", "languages", "name", "owaspCategory", "recommendation", "regex", "regexPatterns", "severity", "supportsAst", "type"]
14:25:29.666 request_id=GGRUMlEIMlKxK9gAAC8J [debug] Formatting pattern: "js-weak-crypto-md5"
14:25:29.666 request_id=GGRUMlEIMlKxK9gAAC8J [debug] Formatted pattern keys: ["cweId", "description", "examples", "frameworks", "id", "languages", "name", "owaspCategory", "recommendation", "regex", "regexPatterns", "severity", "supportsAst", "type"]
14:25:29.666 request_id=GGRUMlEIMlKxK9gAAC8J [debug] Formatting pattern: "js-weak-crypto-sha1"
14:25:29.666 request_id=GGRUMlEIMlKxK9gAAC8J [debug] Formatted pattern keys: ["cweId", "description", "examples", "frameworks", "id", "languages", "name", "owaspCategory", "recommendation", "regex", "regexPatterns", "severity", "supportsAst", "type"]
14:25:29.666 request_id=GGRUMlEIMlKxK9gAAC8J [debug] Formatting pattern: "js-hardcoded-secret-password"
14:25:29.666 request_id=GGRUMlEIMlKxK9gAAC8J [debug] Formatted pattern keys: ["cweId", "description", "examples", "frameworks", "id", "languages", "name", "owaspCategory", "recommendation", "regex", "regexPatterns", "severity", "supportsAst", "type"]
14:25:29.666 request_id=GGRUMlEIMlKxK9gAAC8J [debug] Formatting pattern: "js-hardcoded-secret-api-key"
14:25:29.666 request_id=GGRUMlEIMlKxK9gAAC8J [debug] Formatted pattern keys: ["cweId", "description", "examples", "frameworks", "id", "languages", "name", "owaspCategory", "recommendation", "regex", "regexPatterns", "severity", "supportsAst", "type"]
14:25:29.666 request_id=GGRUMlEIMlKxK9gAAC8J [debug] Formatting pattern: "js-eval-user-input"
14:25:29.666 request_id=GGRUMlEIMlKxK9gAAC8J [debug] Formatted pattern keys: ["cweId", "description", "examples", "frameworks", "id", "languages", "name", "owaspCategory", "recommendation", "regex", "regexPatterns", "severity", "supportsAst", "type"]
14:25:29.666 request_id=GGRUMlEIMlKxK9gAAC8J [debug] Formatting pattern: "js-unsafe-regex"
14:25:29.666 request_id=GGRUMlEIMlKxK9gAAC8J [debug] Formatted pattern keys: ["cweId", "description", "examples", "frameworks", "id", "languages", "name", "owaspCategory", "recommendation", "regex", "regexPatterns", "severity", "supportsAst", "type"]
14:25:29.666 request_id=GGRUMlEIMlKxK9gAAC8J [debug] Formatting pattern: "js-open-redirect"
14:25:29.666 request_id=GGRUMlEIMlKxK9gAAC8J [debug] Formatted pattern keys: ["cweId", "description", "examples", "frameworks", "id", "languages", "name", "owaspCategory", "recommendation", "regex", "regexPatterns", "severity", "supportsAst", "type"]
14:25:29.666 request_id=GGRUMlEIMlKxK9gAAC8J [debug] Formatting pattern: "js-xxe-external-entities"
14:25:29.666 request_id=GGRUMlEIMlKxK9gAAC8J [debug] Formatted pattern keys: ["cweId", "description", "examples", "frameworks", "id", "languages", "name", "owaspCategory", "recommendation", "regex", "regexPatterns", "severity", "supportsAst", "type"]
14:25:29.666 request_id=GGRUMlEIMlKxK9gAAC8J [debug] Formatting pattern: "js-prototype-pollution"
14:25:29.666 request_id=GGRUMlEIMlKxK9gAAC8J [debug] Formatted pattern keys: ["cweId", "description", "examples", "frameworks", "id", "languages", "name", "owaspCategory", "recommendation", "regex", "regexPatterns", "severity", "supportsAst", "type"]
14:25:29.666 request_id=GGRUMlEIMlKxK9gAAC8J [debug] Formatting pattern: "js-insecure-random"
14:25:29.666 request_id=GGRUMlEIMlKxK9gAAC8J [debug] Formatted pattern keys: ["cweId", "description", "examples", "frameworks", "id", "languages", "name", "owaspCategory", "recommendation", "regex", "regexPatterns", "severity", "supportsAst", "type"]
14:25:29.666 request_id=GGRUMlEIMlKxK9gAAC8J [debug] Formatting pattern: "js-timing-attack"
14:25:29.666 request_id=GGRUMlEIMlKxK9gAAC8J [debug] Formatted pattern keys: ["cweId", "description", "examples", "frameworks", "id", "languages", "name", "owaspCategory", "recommendation", "regex", "regexPatterns", "severity", "supportsAst", "type"]
14:25:29.666 request_id=GGRUMlEIMlKxK9gAAC8J [debug] Formatting pattern: "js-nosql-injection"
14:25:29.666 request_id=GGRUMlEIMlKxK9gAAC8J [debug] Formatted pattern keys: ["cweId", "description", "examples", "frameworks", "id", "languages", "name", "owaspCategory", "recommendation", "regex", "regexPatterns", "severity", "supportsAst", "type"]
14:25:29.666 request_id=GGRUMlEIMlKxK9gAAC8J [debug] Formatting pattern: "js-ldap-injection"
14:25:29.666 request_id=GGRUMlEIMlKxK9gAAC8J [debug] Formatted pattern keys: ["cweId", "description", "examples", "frameworks", "id", "languages", "name", "owaspCategory", "recommendation", "regex", "regexPatterns", "severity", "supportsAst", "type"]
14:25:29.666 request_id=GGRUMlEIMlKxK9gAAC8J [debug] Formatting pattern: "js-xpath-injection"
14:25:29.666 request_id=GGRUMlEIMlKxK9gAAC8J [debug] Formatted pattern keys: ["cweId", "description", "examples", "frameworks", "id", "languages", "name", "owaspCategory", "recommendation", "regex", "regexPatterns", "severity", "supportsAst", "type"]
14:25:29.666 request_id=GGRUMlEIMlKxK9gAAC8J [debug] Formatting pattern: "js-ssrf"
14:25:29.666 request_id=GGRUMlEIMlKxK9gAAC8J [debug] Formatted pattern keys: ["cweId", "description", "examples", "frameworks", "id", "languages", "name", "owaspCategory", "recommendation", "regex", "regexPatterns", "severity", "supportsAst", "type"]
.......14:25:29.710 [debug] QUERY OK source="fun_with_flags_toggles" db=0.0ms
DELETE FROM "fun_with_flags_toggles" AS f0 WHERE (f0."flag_name" = $1) ["admin_dashboard"]
14:25:29.710 [debug] QUERY OK source="fun_with_flags_toggles" db=0.0ms
SELECT f0."id", f0."flag_name", f0."gate_type", f0."target", f0."enabled" FROM "fun_with_flags_toggles" AS f0 WHERE (f0."flag_name" = $1) ["admin_dashboard"]
14:25:29.710 [debug] Telemetry event: [:fun_with_flags, :persistence, :delete_flag], metadata: %{flag_name: :admin_dashboard, gate: nil}, measurements: %{system_time: 1757622329710605130}
.14:25:29.711 [debug] QUERY OK source="fun_with_flags_toggles" db=0.1ms
INSERT INTO "fun_with_flags_toggles" AS f0 ("enabled","target","flag_name","gate_type") VALUES ($1,$2,$3,$4) ON CONFLICT ("flag_name","gate_type","target") DO UPDATE SET "enabled" = $5 RETURNING "id" [true, "_fwf_none", "admin_dashboard", "boolean", true]
14:25:29.711 [debug] QUERY OK source="fun_with_flags_toggles" db=0.0ms
SELECT f0."id", f0."flag_name", f0."gate_type", f0."target", f0."enabled" FROM "fun_with_flags_toggles" AS f0 WHERE (f0."flag_name" = $1) ["admin_dashboard"]
14:25:29.711 [debug] Telemetry event: [:fun_with_flags, :persistence, :write], metadata: %{flag_name: :admin_dashboard, gate: %FunWithFlags.Gate{type: :boolean, for: nil, enabled: true}}, measurements: %{system_time: 1757622329711313636}
14:25:29.722 [debug] QUERY OK source="analytics_events" db=0.6ms
SELECT a0."id", a0."event_type", a0."visitor_id", a0."session_id", a0."page_path", a0."referrer", a0."user_agent", a0."ip_address", a0."utm_source", a0."utm_medium", a0."utm_campaign", a0."utm_term", a0."utm_content", a0."metadata", a0."inserted_at", a0."updated_at" FROM "analytics_events" AS a0 WHERE (a0."event_type" = 'conversion') AND (a0."inserted_at"::date >= $1) AND (a0."inserted_at"::date <= $2) [~D[2025-08-12], ~D[2025-09-11]]
14:25:29.722 [info] Analytics report downloaded, report_type: conversions, format: csv, period: 30d, record_count: 0
14:25:29.722 [debug] QUERY OK source="fun_with_flags_toggles" db=0.1ms
DELETE FROM "fun_with_flags_toggles" AS f0 WHERE (f0."flag_name" = $1) ["admin_dashboard"]
14:25:29.722 [debug] QUERY OK source="fun_with_flags_toggles" db=0.0ms
SELECT f0."id", f0."flag_name", f0."gate_type", f0."target", f0."enabled" FROM "fun_with_flags_toggles" AS f0 WHERE (f0."flag_name" = $1) ["admin_dashboard"]
14:25:29.723 [debug] Telemetry event: [:fun_with_flags, :persistence, :delete_flag], metadata: %{flag_name: :admin_dashboard, gate: nil}, measurements: %{system_time: 1757622329723013008}
.14:25:29.723 [debug] QUERY OK source="fun_with_flags_toggles" db=0.1ms
INSERT INTO "fun_with_flags_toggles" AS f0 ("enabled","target","flag_name","gate_type") VALUES ($1,$2,$3,$4) ON CONFLICT ("flag_name","gate_type","target") DO UPDATE SET "enabled" = $5 RETURNING "id" [true, "_fwf_none", "admin_dashboard", "boolean", true]
14:25:29.723 [debug] QUERY OK source="fun_with_flags_toggles" db=0.0ms
SELECT f0."id", f0."flag_name", f0."gate_type", f0."target", f0."enabled" FROM "fun_with_flags_toggles" AS f0 WHERE (f0."flag_name" = $1) ["admin_dashboard"]
14:25:29.723 [debug] Telemetry event: [:fun_with_flags, :persistence, :write], metadata: %{flag_name: :admin_dashboard, gate: %FunWithFlags.Gate{type: :boolean, for: nil, enabled: true}}, measurements: %{system_time: 1757622329723894515}
14:25:29.735 [debug] QUERY OK source="analytics_events" db=0.6ms
SELECT a0."id", a0."event_type", a0."visitor_id", a0."session_id", a0."page_path", a0."referrer", a0."user_agent", a0."ip_address", a0."utm_source", a0."utm_medium", a0."utm_campaign", a0."utm_term", a0."utm_content", a0."metadata", a0."inserted_at", a0."updated_at" FROM "analytics_events" AS a0 WHERE (a0."event_type" = 'conversion') AND (a0."inserted_at"::date >= $1) AND (a0."inserted_at"::date <= $2) [~D[2025-08-12], ~D[2025-09-11]]
14:25:29.735 [info] Analytics report downloaded, report_type: conversions, format: csv, period: invalid, record_count: 0
14:25:29.735 [debug] QUERY OK source="fun_with_flags_toggles" db=0.2ms
DELETE FROM "fun_with_flags_toggles" AS f0 WHERE (f0."flag_name" = $1) ["admin_dashboard"]
14:25:29.736 [debug] QUERY OK source="fun_with_flags_toggles" db=0.1ms
SELECT f0."id", f0."flag_name", f0."gate_type", f0."target", f0."enabled" FROM "fun_with_flags_toggles" AS f0 WHERE (f0."flag_name" = $1) ["admin_dashboard"]
14:25:29.736 [debug] Telemetry event: [:fun_with_flags, :persistence, :delete_flag], metadata: %{flag_name: :admin_dashboard, gate: nil}, measurements: %{system_time: 1757622329736088571}
.14:25:29.736 [debug] QUERY OK source="fun_with_flags_toggles" db=0.1ms
INSERT INTO "fun_with_flags_toggles" AS f0 ("enabled","target","flag_name","gate_type") VALUES ($1,$2,$3,$4) ON CONFLICT ("flag_name","gate_type","target") DO UPDATE SET "enabled" = $5 RETURNING "id" [true, "_fwf_none", "admin_dashboard", "boolean", true]
14:25:29.736 [debug] QUERY OK source="fun_with_flags_toggles" db=0.0ms
SELECT f0."id", f0."flag_name", f0."gate_type", f0."target", f0."enabled" FROM "fun_with_flags_toggles" AS f0 WHERE (f0."flag_name" = $1) ["admin_dashboard"]
14:25:29.736 [debug] Telemetry event: [:fun_with_flags, :persistence, :write], metadata: %{flag_name: :admin_dashboard, gate: %FunWithFlags.Gate{type: :boolean, for: nil, enabled: true}}, measurements: %{system_time: 1757622329736928363}
14:25:29.748 [debug] QUERY OK source="fun_with_flags_toggles" db=0.0ms
DELETE FROM "fun_with_flags_toggles" AS f0 WHERE (f0."flag_name" = $1) ["admin_dashboard"]
14:25:29.748 [debug] QUERY OK source="fun_with_flags_toggles" db=0.0ms
SELECT f0."id", f0."flag_name", f0."gate_type", f0."target", f0."enabled" FROM "fun_with_flags_toggles" AS f0 WHERE (f0."flag_name" = $1) ["admin_dashboard"]
14:25:29.748 [debug] Telemetry event: [:fun_with_flags, :persistence, :delete_flag], metadata: %{flag_name: :admin_dashboard, gate: nil}, measurements: %{system_time: 1757622329748952672}
.14:25:29.749 [debug] QUERY OK source="fun_with_flags_toggles" db=0.0ms
INSERT INTO "fun_with_flags_toggles" AS f0 ("enabled","target","flag_name","gate_type") VALUES ($1,$2,$3,$4) ON CONFLICT ("flag_name","gate_type","target") DO UPDATE SET "enabled" = $5 RETURNING "id" [true, "_fwf_none", "admin_dashboard", "boolean", true]
14:25:29.749 [debug] QUERY OK source="fun_with_flags_toggles" db=0.0ms
SELECT f0."id", f0."flag_name", f0."gate_type", f0."target", f0."enabled" FROM "fun_with_flags_toggles" AS f0 WHERE (f0."flag_name" = $1) ["admin_dashboard"]
14:25:29.749 [debug] Telemetry event: [:fun_with_flags, :persistence, :write], metadata: %{flag_name: :admin_dashboard, gate: %FunWithFlags.Gate{type: :boolean, for: nil, enabled: true}}, measurements: %{system_time: 1757622329749502878}
14:25:29.761 [debug] QUERY OK source="fun_with_flags_toggles" db=0.0ms
DELETE FROM "fun_with_flags_toggles" AS f0 WHERE (f0."flag_name" = $1) ["admin_dashboard"]
14:25:29.762 [debug] QUERY OK source="fun_with_flags_toggles" db=0.0ms
SELECT f0."id", f0."flag_name", f0."gate_type", f0."target", f0."enabled" FROM "fun_with_flags_toggles" AS f0 WHERE (f0."flag_name" = $1) ["admin_dashboard"]
14:25:29.762 [debug] Telemetry event: [:fun_with_flags, :persistence, :delete_flag], metadata: %{flag_name: :admin_dashboard, gate: nil}, measurements: %{system_time: 1757622329762017333}
.14:25:29.762 [debug] QUERY OK source="fun_with_flags_toggles" db=0.0ms
INSERT INTO "fun_with_flags_toggles" AS f0 ("enabled","target","flag_name","gate_type") VALUES ($1,$2,$3,$4) ON CONFLICT ("flag_name","gate_type","target") DO UPDATE SET "enabled" = $5 RETURNING "id" [true, "_fwf_none", "admin_dashboard", "boolean", true]
14:25:29.762 [debug] QUERY OK source="fun_with_flags_toggles" db=0.0ms
SELECT f0."id", f0."flag_name", f0."gate_type", f0."target", f0."enabled" FROM "fun_with_flags_toggles" AS f0 WHERE (f0."flag_name" = $1) ["admin_dashboard"]
14:25:29.762 [debug] Telemetry event: [:fun_with_flags, :persistence, :write], metadata: %{flag_name: :admin_dashboard, gate: %FunWithFlags.Gate{type: :boolean, for: nil, enabled: true}}, measurements: %{system_time: 1757622329762504722}
14:25:29.774 [debug] QUERY OK source="fun_with_flags_toggles" db=0.2ms
DELETE FROM "fun_with_flags_toggles" AS f0 WHERE (f0."flag_name" = $1) ["admin_dashboard"]
14:25:29.774 [debug] QUERY OK source="fun_with_flags_toggles" db=0.0ms
SELECT f0."id", f0."flag_name", f0."gate_type", f0."target", f0."enabled" FROM "fun_with_flags_toggles" AS f0 WHERE (f0."flag_name" = $1) ["admin_dashboard"]
14:25:29.774 [debug] Telemetry event: [:fun_with_flags, :persistence, :delete_flag], metadata: %{flag_name: :admin_dashboard, gate: nil}, measurements: %{system_time: 1757622329774420270}
.14:25:29.775 [debug] QUERY OK source="fun_with_flags_toggles" db=0.2ms
INSERT INTO "fun_with_flags_toggles" AS f0 ("enabled","target","flag_name","gate_type") VALUES ($1,$2,$3,$4) ON CONFLICT ("flag_name","gate_type","target") DO UPDATE SET "enabled" = $5 RETURNING "id" [true, "_fwf_none", "admin_dashboard", "boolean", true]
14:25:29.775 [debug] QUERY OK source="fun_with_flags_toggles" db=0.3ms
SELECT f0."id", f0."flag_name", f0."gate_type", f0."target", f0."enabled" FROM "fun_with_flags_toggles" AS f0 WHERE (f0."flag_name" = $1) ["admin_dashboard"]
14:25:29.776 [debug] Telemetry event: [:fun_with_flags, :persistence, :write], metadata: %{flag_name: :admin_dashboard, gate: %FunWithFlags.Gate{type: :boolean, for: nil, enabled: true}}, measurements: %{system_time: 1757622329775956423}
14:25:29.790 [debug] QUERY OK source="fun_with_flags_toggles" db=0.4ms
DELETE FROM "fun_with_flags_toggles" AS f0 WHERE (f0."flag_name" = $1) ["admin_dashboard"]
14:25:29.790 [debug] QUERY OK source="fun_with_flags_toggles" db=0.3ms
SELECT f0."id", f0."flag_name", f0."gate_type", f0."target", f0."enabled" FROM "fun_with_flags_toggles" AS f0 WHERE (f0."flag_name" = $1) ["admin_dashboard"]
.14:25:29.790 [debug] Telemetry event: [:fun_with_flags, :persistence, :delete_flag], metadata: %{flag_name: :admin_dashboard, gate: nil}, measurements: %{system_time: 1757622329790752671}
14:25:29.792 [info] Attempting to tag subscriber
14:25:29.792 [info] ConvertKit: Attempting to tag test@example.com with tag test_tag_id
14:25:29.792 [warning] ConvertKit: Immediate tagging failed, adding to tagging queue
14:25:29.792 [info] Processing tagging job for test@example.com with tag test_tag_id
14:25:29.792 [debug] Using HTTP client: Rsolv.HTTPClientMock
14:25:29.793 [error] Failed to tag test@example.com with tag test_tag_id: HTTP Error: :econnrefused
.14:25:29.794 [info] ConvertKit API key present: true
14:25:29.794 [error] ConvertKit HTTP request failed
14:25:29.794 [warning] ConvertKit: Failed to add subscriber via primary endpoint
14:25:29.794 [info] ConvertKit: Trying fallback to form-specific endpoint
14:25:29.794 [info] ConvertKit: Using form-specific endpoint as fallback for test@example.com
14:25:29.794 [error] ConvertKit HTTP request failed
14:25:29.794 [error] ConvertKit: Failed to add subscriber via fallback endpoint
.14:25:29.795 [info] ConvertKit: Attempting to unsubscribe user
14:25:29.795 [info] ConvertKit: No subscribers found for email
14:25:29.795 [info] ConvertKit: Subscriber not found for unsubscribe
.14:25:29.796 [info] ConvertKit: Attempting to unsubscribe user
14:25:29.796 [info] ConvertKit: Attempting to unsubscribe subscriber
14:25:29.797 [info] ConvertKit: Successfully unsubscribed user
.14:25:29.797 [info] ConvertKit API key present: false
14:25:29.797 [warning] ConvertKit API key not configured
.14:25:29.798 [info] Attempting to tag subscriber
14:25:29.798 [warning] ConvertKit API key not configured for tagging
.14:25:29.799 [info] ConvertKit: Attempting to unsubscribe user
14:25:29.799 [info] ConvertKit: Attempting to unsubscribe subscriber
14:25:29.799 [error] ConvertKit: Failed to unsubscribe user
14:25:29.799 [debug] QUERY OK source="email_unsubscribes" db=0.2ms
INSERT INTO "email_unsubscribes" ("reason","email","inserted_at") VALUES ($1,$2,$3) RETURNING "id" ["ConvertKit API failure - unsubscribe recorded locally", "test@example.com", ~N[2025-09-11 20:25:29]]
14:25:29.800 [debug] QUERY OK source="email_unsubscribes" db=0.1ms queue=0.1ms
SELECT e0."id", e0."email", e0."reason", e0."inserted_at" FROM "email_unsubscribes" AS e0 WHERE (e0."email" = $1) ["test@example.com"]
.14:25:29.800 [info] ConvertKit API key present: true
14:25:29.800 [info] ConvertKit API request successful
14:25:29.800 [info] ConvertKit: Successfully added subscriber
.14:25:29.801 [info] ConvertKit: Attempting to unsubscribe user
14:25:29.801 [warning] ConvertKit API key not configured for unsubscribing
.14:25:29.801 [info] ConvertKit API key present: true
14:25:29.801 [info] ConvertKit API request successful
14:25:29.802 [info] ConvertKit: Successfully added subscriber
.14:25:29.802 [info] ConvertKit API key present: true
14:25:29.802 [error] ConvertKit HTTP request failed
14:25:29.802 [warning] ConvertKit: Failed to add subscriber via primary endpoint
14:25:29.802 [info] ConvertKit: Trying fallback to form-specific endpoint
14:25:29.802 [info] ConvertKit: Using form-specific endpoint as fallback for test@example.com
14:25:29.802 [info] ConvertKit API request successful
14:25:29.802 [info] ConvertKit: Successfully added subscriber via fallback endpoint
.14:25:29.803 [info] Attempting to tag subscriber
14:25:29.803 [info] ConvertKit: Attempting to tag test@example.com with tag test_tag_id
14:25:29.803 [info] ConvertKit: Successfully tagged test@example.com
.14:25:29.803 [info] ConvertKit: Attempting to unsubscribe user
14:25:29.803 [warning] ConvertKit: Failed to look up subscriber
14:25:29.803 [info] ConvertKit: Subscriber not found for unsubscribe
.14:25:29.816 request_id=GGRUMln9oNpp7wYAACKK [info] POST /api/v1/vulnerabilities/validate
14:25:29.816 request_id=GGRUMln9oNpp7wYAACKK [debug] Processing with RsolvWeb.Api.V1.VulnerabilityValidationRouter.validate/2
  Parameters: %{"files" => %{"/vendor/lib/processor.js" => "// Vendor file with direct user input\neval(req.body.code);\n"}, "vulnerabilities" => [%{"code" => "eval(req.body.code)", "filePath" => "/vendor/lib/processor.js", "id" => "taint-7", "line" => 2, "type" => "code_injection"}]}
  Pipelines: [:api]
14:25:29.816 request_id=GGRUMln9oNpp7wYAACKK [debug] QUERY OK source="fun_with_flags_toggles" db=0.2ms
SELECT f0."id", f0."flag_name", f0."gate_type", f0."target", f0."enabled" FROM "fun_with_flags_toggles" AS f0 WHERE (f0."flag_name" = $1) ["false_positive_caching"]
14:25:29.816 request_id=GGRUMln9oNpp7wYAACKK [debug] Telemetry event: [:fun_with_flags, :persistence, :read], metadata: %{flag_name: :false_positive_caching, gate: nil}, measurements: %{system_time: 1757622329816828271}
14:25:29.816 request_id=GGRUMln9oNpp7wYAACKK [debug] Using standard validation controller (feature flag disabled)
14:25:29.817 request_id=GGRUMln9oNpp7wYAACKK [info] Sent 200 in 875µs
.14:25:29.831 request_id=GGRUMlrnRmgLZ38AACMK [info] POST /api/v1/vulnerabilities/validate
14:25:29.831 request_id=GGRUMlrnRmgLZ38AACMK [debug] Processing with RsolvWeb.Api.V1.VulnerabilityValidationRouter.validate/2
  Parameters: %{"files" => %{"/app/processor.js" => "const input = req.query.data;\nconst processed = input;\nconst final = processed;\neval(final);\n"}, "vulnerabilities" => [%{"code" => "eval(final)", "filePath" => "/app/processor.js", "id" => "taint-3", "line" => 4, "type" => "code_injection"}]}
  Pipelines: [:api]
14:25:29.831 request_id=GGRUMlrnRmgLZ38AACMK [debug] QUERY OK source="fun_with_flags_toggles" db=0.1ms
SELECT f0."id", f0."flag_name", f0."gate_type", f0."target", f0."enabled" FROM "fun_with_flags_toggles" AS f0 WHERE (f0."flag_name" = $1) ["false_positive_caching"]
14:25:29.831 request_id=GGRUMlrnRmgLZ38AACMK [debug] Telemetry event: [:fun_with_flags, :persistence, :read], metadata: %{flag_name: :false_positive_caching, gate: nil}, measurements: %{system_time: 1757622329831897245}
14:25:29.831 request_id=GGRUMlrnRmgLZ38AACMK [debug] Using standard validation controller (feature flag disabled)
14:25:29.832 request_id=GGRUMlrnRmgLZ38AACMK [info] Sent 200 in 511µs
.14:25:29.847 request_id=GGRUMlvTkIG2bYIAACQM [info] POST /api/v1/vulnerabilities/validate
14:25:29.847 request_id=GGRUMlvTkIG2bYIAACQM [debug] Processing with RsolvWeb.Api.V1.VulnerabilityValidationRouter.validate/2
  Parameters: %{"files" => %{"/app/secure.js" => "app.post('/safe', (req, res) => {\n  const input = req.body.code;\n  const cleaned = sanitize(input);\n  eval(cleaned);\n});\n"}, "vulnerabilities" => [%{"code" => "eval(cleaned)", "filePath" => "/app/secure.js", "id" => "taint-5", "line" => 4, "type" => "code_injection"}]}
  Pipelines: [:api]
14:25:29.847 request_id=GGRUMlvTkIG2bYIAACQM [debug] QUERY OK source="fun_with_flags_toggles" db=0.2ms
SELECT f0."id", f0."flag_name", f0."gate_type", f0."target", f0."enabled" FROM "fun_with_flags_toggles" AS f0 WHERE (f0."flag_name" = $1) ["false_positive_caching"]
14:25:29.847 request_id=GGRUMlvTkIG2bYIAACQM [debug] Telemetry event: [:fun_with_flags, :persistence, :read], metadata: %{flag_name: :false_positive_caching, gate: nil}, measurements: %{system_time: 1757622329847473067}
14:25:29.847 request_id=GGRUMlvTkIG2bYIAACQM [debug] Using standard validation controller (feature flag disabled)
14:25:29.847 request_id=GGRUMlvTkIG2bYIAACQM [info] Sent 200 in 635µs
.14:25:29.863 request_id=GGRUMlzJmgKQ-F4AAD2E [info] POST /api/v1/vulnerabilities/validate
14:25:29.863 request_id=GGRUMlzJmgKQ-F4AAD2E [debug] Processing with RsolvWeb.Api.V1.VulnerabilityValidationRouter.validate/2
  Parameters: %{"files" => %{"/app/routes/contributions.js" => "app.post('/contributions', isLoggedIn, (req, res) => {\n  const preTax = req.body.preTax;\n  const afterTax = req.body.afterTax;\n  const roth = req.body.roth;\n  \n  // Vulnerable: Server-side JavaScript injection\n  const preTaxTotal = eval(preTax);\n  const afterTaxTotal = eval(afterTax);\n  const rothTotal = eval(roth);\n  \n  res.json({\n    preTax: preTaxTotal,\n    afterTax: afterTaxTotal,\n    roth: rothTotal\n  });\n});\n"}, "vulnerabilities" => [%{"code" => "eval(preTax)", "filePath" => "/app/routes/contributions.js", "id" => "nodegoat-eval", "line" => 8, "type" => "code_injection"}]}
  Pipelines: [:api]
14:25:29.863 request_id=GGRUMlzJmgKQ-F4AAD2E [debug] QUERY OK source="fun_with_flags_toggles" db=0.1ms
SELECT f0."id", f0."flag_name", f0."gate_type", f0."target", f0."enabled" FROM "fun_with_flags_toggles" AS f0 WHERE (f0."flag_name" = $1) ["false_positive_caching"]
14:25:29.863 request_id=GGRUMlzJmgKQ-F4AAD2E [debug] Telemetry event: [:fun_with_flags, :persistence, :read], metadata: %{flag_name: :false_positive_caching, gate: nil}, measurements: %{system_time: 1757622329863581125}
14:25:29.863 request_id=GGRUMlzJmgKQ-F4AAD2E [debug] Using standard validation controller (feature flag disabled)
14:25:29.864 request_id=GGRUMlzJmgKQ-F4AAD2E [info] Sent 200 in 840µs
.14:25:29.879 request_id=GGRUMl29Rea3nf4AADiD [info] POST /api/v1/vulnerabilities/validate
14:25:29.879 request_id=GGRUMl29Rea3nf4AADiD [debug] Processing with RsolvWeb.Api.V1.VulnerabilityValidationRouter.validate/2
  Parameters: %{"files" => %{"/app/routes.js" => "app.post('/execute', (req, res) => {\n  // Direct user input to eval\n  eval(req.body.code);\n  res.json({status: 'executed'});\n});\n"}, "vulnerabilities" => [%{"code" => "eval(req.body.code)", "filePath" => "/app/routes.js", "id" => "taint-1", "line" => 3, "type" => "code_injection"}]}
  Pipelines: [:api]
14:25:29.879 request_id=GGRUMl29Rea3nf4AADiD [debug] QUERY OK source="fun_with_flags_toggles" db=0.1ms
SELECT f0."id", f0."flag_name", f0."gate_type", f0."target", f0."enabled" FROM "fun_with_flags_toggles" AS f0 WHERE (f0."flag_name" = $1) ["false_positive_caching"]
14:25:29.879 request_id=GGRUMl29Rea3nf4AADiD [debug] Telemetry event: [:fun_with_flags, :persistence, :read], metadata: %{flag_name: :false_positive_caching, gate: nil}, measurements: %{system_time: 1757622329879509827}
14:25:29.879 request_id=GGRUMl29Rea3nf4AADiD [debug] Using standard validation controller (feature flag disabled)
14:25:29.879 request_id=GGRUMl29Rea3nf4AADiD [info] Sent 200 in 577µs
.14:25:29.894 request_id=GGRUMl6pa_KmJHoAADkD [info] POST /api/v1/vulnerabilities/validate
14:25:29.894 request_id=GGRUMl6pa_KmJHoAADkD [debug] Processing with RsolvWeb.Api.V1.VulnerabilityValidationRouter.validate/2
  Parameters: %{"files" => %{"/app/handler.js" => "const config = loadConfig();\neval(userExpression);\n"}, "vulnerabilities" => [%{"code" => "eval(userExpression)", "filePath" => "/app/handler.js", "id" => "taint-4", "line" => 2, "type" => "code_injection"}]}
  Pipelines: [:api]
14:25:29.894 request_id=GGRUMl6pa_KmJHoAADkD [debug] QUERY OK source="fun_with_flags_toggles" db=0.1ms
SELECT f0."id", f0."flag_name", f0."gate_type", f0."target", f0."enabled" FROM "fun_with_flags_toggles" AS f0 WHERE (f0."flag_name" = $1) ["false_positive_caching"]
14:25:29.894 request_id=GGRUMl6pa_KmJHoAADkD [debug] Telemetry event: [:fun_with_flags, :persistence, :read], metadata: %{flag_name: :false_positive_caching, gate: nil}, measurements: %{system_time: 1757622329894931335}
14:25:29.894 request_id=GGRUMl6pa_KmJHoAADkD [debug] Using standard validation controller (feature flag disabled)
14:25:29.895 request_id=GGRUMl6pa_KmJHoAADkD [info] Sent 200 in 473µs
.14:25:29.907 request_id=GGRUMl9wlRmw2IAAAHEB [info] POST /api/v1/vulnerabilities/validate
14:25:29.907 request_id=GGRUMl9wlRmw2IAAAHEB [debug] Processing with RsolvWeb.Api.V1.VulnerabilityValidationRouter.validate/2
  Parameters: %{"files" => %{"/app/controller.js" => "app.post('/run', (req, res) => {\n  const userCode = req.body.script;\n  // Single hop taint\n  eval(userCode);\n  res.json({done: true});\n});\n"}, "vulnerabilities" => [%{"code" => "eval(userCode)", "filePath" => "/app/controller.js", "id" => "taint-2", "line" => 4, "type" => "code_injection"}]}
  Pipelines: [:api]
14:25:29.907 request_id=GGRUMl9wlRmw2IAAAHEB [debug] QUERY OK source="fun_with_flags_toggles" db=0.1ms
SELECT f0."id", f0."flag_name", f0."gate_type", f0."target", f0."enabled" FROM "fun_with_flags_toggles" AS f0 WHERE (f0."flag_name" = $1) ["false_positive_caching"]
14:25:29.908 request_id=GGRUMl9wlRmw2IAAAHEB [debug] Telemetry event: [:fun_with_flags, :persistence, :read], metadata: %{flag_name: :false_positive_caching, gate: nil}, measurements: %{system_time: 1757622329907993841}
14:25:29.908 request_id=GGRUMl9wlRmw2IAAAHEB [debug] Using standard validation controller (feature flag disabled)
14:25:29.908 request_id=GGRUMl9wlRmw2IAAAHEB [info] Sent 200 in 577µs
.14:25:29.921 request_id=GGRUMmBDizTDL3cAAEmG [info] POST /api/v1/vulnerabilities/validate
14:25:29.921 request_id=GGRUMmBDizTDL3cAAEmG [debug] Processing with RsolvWeb.Api.V1.VulnerabilityValidationRouter.validate/2
  Parameters: %{"files" => %{"/app/mystery.js" => "const config = loadConfiguration();\neval(config);\n"}, "vulnerabilities" => [%{"code" => "eval(config)", "filePath" => "/app/mystery.js", "id" => "taint-6", "line" => 2, "type" => "code_injection"}]}
  Pipelines: [:api]
14:25:29.921 request_id=GGRUMmBDizTDL3cAAEmG [debug] QUERY OK source="fun_with_flags_toggles" db=0.1ms
SELECT f0."id", f0."flag_name", f0."gate_type", f0."target", f0."enabled" FROM "fun_with_flags_toggles" AS f0 WHERE (f0."flag_name" = $1) ["false_positive_caching"]
14:25:29.921 request_id=GGRUMmBDizTDL3cAAEmG [debug] Telemetry event: [:fun_with_flags, :persistence, :read], metadata: %{flag_name: :false_positive_caching, gate: nil}, measurements: %{system_time: 1757622329921930606}
14:25:29.921 request_id=GGRUMmBDizTDL3cAAEmG [debug] Using standard validation controller (feature flag disabled)
14:25:29.922 request_id=GGRUMmBDizTDL3cAAEmG [info] Sent 200 in 687µs
.**14:25:29.927 [debug] QUERY OK db=0.1ms queue=0.1ms
SELECT version 
FROM schema_migrations 
ORDER BY version DESC 
LIMIT 5
 []
..14:25:30.143 [debug] QUERY OK db=0.5ms queue=0.3ms
SELECT COUNT(*) FROM information_schema.tables WHERE table_schema = 'public' []
.14:25:30.143 request_id=GGRUMm2AvyVENIAAAF4F [info] GET /api/v1/patterns/js-xss-document-write/metadata
14:25:30.143 request_id=GGRUMm2AvyVENIAAAF4F [debug] Processing with RsolvWeb.Api.V1.PatternController.metadata/2
  Parameters: %{"id" => "js-xss-document-write"}
  Pipelines: [:api]
14:25:30.143 request_id=GGRUMm2AvyVENIAAAF4F [info] Sent 200 in 149µs
.

RFC-031 Encryption Performance Benchmark
==================================================

Encryption/Decryption Performance:
Size		Encrypt		Decrypt		Throughput
--------------------------------------------------
1KB		0.01ms		0.0ms		88.8 MB/s
10KB		0.0ms		0.0ms		2441.4 MB/s
100KB		0.02ms		0.02ms		4882.8 MB/s
1MB		0.18ms		0.5ms		5494.5 MB/s
5MB		1.45ms		1.06ms		3450.7 MB/s

File Transmission Performance:
Size		Prepare		Receive
--------------------------------------------------
1KB		0.02ms		0.01ms
10KB		0.03ms		0.05ms
100KB		0.22ms		0.48ms

Concurrent Operations (50 x 10KB):
--------------------------------------------------
Sequential: 0.19ms (0.0ms per op)
Concurrent: 0.31ms (0.01ms per op)
Speedup: 0.61x

Benchmark complete!

.14:25:30.151 request_id=GGRUMm35glujQOAAAF6F [info] POST /api/webhooks/github
14:25:30.151 request_id=GGRUMm35glujQOAAAF6F [debug] Processing with RsolvWeb.WebhookController.github/2
  Parameters: %{"action" => "opened"}
  Pipelines: [:api]
14:25:30.151 request_id=GGRUMm35glujQOAAAF6F [debug] Raw body in controller: "{\"action\":\"opened\"}"
14:25:30.151 request_id=GGRUMm35glujQOAAAF6F [debug] Signature verification - received: sha256=invalid
14:25:30.151 request_id=GGRUMm35glujQOAAAF6F [debug] Signature verification - expected: sha256=9c2644369191c6d003cf18efe3165e64c54b5ae5e50b281fa747a39f2f657311
14:25:30.151 request_id=GGRUMm35glujQOAAAF6F [info] Sent 401 in 218µs
.14:25:30.152 request_id=GGRUMm4CzJBbagsAADmD [info] POST /api/webhooks/github
14:25:30.152 request_id=GGRUMm4CzJBbagsAADmD [debug] Processing with RsolvWeb.WebhookController.github/2
  Parameters: %{"action" => "opened", "pull_request" => %{"base" => %{"repo" => %{"name" => "test-repo", "owner" => %{"login" => "test-org"}}}, "body" => "Fixes #456\n\nGenerated by RSOLV", "head" => %{"ref" => "rsolv/fix-sql-injection"}, "html_url" => "https://github.com/test-org/test-repo/pull/123", "labels" => [%{"name" => "rsolv:automated"}], "number" => 123, "title" => "[RSOLV] Fix SQL injection vulnerability", "user" => %{"login" => "rsolv-bot"}}}
  Pipelines: [:api]
14:25:30.152 request_id=GGRUMm4CzJBbagsAADmD [debug] Raw body in controller: "{\"action\":\"opened\",\"pull_request\":{\"base\":{\"repo\":{\"name\":\"test-repo\",\"owner\":{\"login\":\"test-org\"}}},\"body\":\"Fixes #456\\n\\nGenerated by RSOLV\",\"head\":{\"ref\":\"rsolv/fix-sql-injection\"},\"html_url\":\"https://github.com/test-org/test-repo/pull/123\",\"labels\":[{\"name\":\"rsolv:automated\"}],\"number\":123,\"title\":\"[RSOLV] Fix SQL injection vulnerability\",\"user\":{\"login\":\"rsolv-bot\"}}}"
14:25:30.152 request_id=GGRUMm4CzJBbagsAADmD [info] Routing GitHub event: "pull_request"
14:25:30.152 request_id=GGRUMm4CzJBbagsAADmD [info] Handling pull_request event with action: "opened"
14:25:30.152 request_id=GGRUMm4CzJBbagsAADmD [info] Evaluating PR: [RSOLV] Fix SQL injection vulnerability
14:25:30.152 request_id=GGRUMm4CzJBbagsAADmD [debug] RSOLV PR identification:
- Has label: true
- Has branch prefix: true
- Has title prefix: true
- Has body pattern: true

14:25:30.152 request_id=GGRUMm4CzJBbagsAADmD [info] Identified as RSOLV PR, tracking...
14:25:30.153 request_id=GGRUMm4CzJBbagsAADmD [debug] QUERY OK source="fix_attempts" db=0.5ms
SELECT f0."id", f0."github_org", f0."repo_name", f0."issue_number", f0."pr_number", f0."status", f0."merged_at", f0."billing_status", f0."requires_manual_approval", f0."approved_by", f0."approved_at", f0."approval_notes", f0."platform", f0."customer_id", f0."api_key_used", f0."pr_title", f0."pr_url", f0."issue_title", f0."issue_url", f0."commit_sha", f0."merged_by", f0."metadata", f0."amount", f0."currency", f0."billed_at", f0."refunded_at", f0."inserted_at", f0."updated_at" FROM "fix_attempts" AS f0 WHERE (((f0."github_org" = $1) AND (f0."repo_name" = $2)) AND (f0."pr_number" = $3)) ["test-org", "test-repo", 123]
14:25:30.153 request_id=GGRUMm4CzJBbagsAADmD [debug] QUERY OK source="fix_attempts" db=0.2ms queue=0.1ms
INSERT INTO "fix_attempts" ("status","metadata","currency","repo_name","pr_number","github_org","issue_number","pr_title","pr_url","billing_status","requires_manual_approval","platform","inserted_at","updated_at") VALUES ($1,$2,$3,$4,$5,$6,$7,$8,$9,$10,$11,$12,$13,$14) RETURNING "id" ["pending", %{labels: ["rsolv:automated"], branch: "rsolv/fix-sql-injection", created_by: "rsolv-bot", issue_references: [%{type: :number, value: 456}]}, "USD", "test-repo", 123, "test-org", 456, "[RSOLV] Fix SQL injection vulnerability", "https://github.com/test-org/test-repo/pull/123", "not_billed", true, "github", ~N[2025-09-11 20:25:30], ~N[2025-09-11 20:25:30]]
14:25:30.153 request_id=GGRUMm4CzJBbagsAADmD [info] Webhook processed successfully: :pr_opened
14:25:30.153 request_id=GGRUMm4CzJBbagsAADmD [info] Sent 200 in 1ms
14:25:30.154 request_id=GGRUMm4CzJBbagsAADmD [debug] QUERY OK source="fix_attempts" db=0.1ms queue=0.1ms
SELECT f0."id", f0."github_org", f0."repo_name", f0."issue_number", f0."pr_number", f0."status", f0."merged_at", f0."billing_status", f0."requires_manual_approval", f0."approved_by", f0."approved_at", f0."approval_notes", f0."platform", f0."customer_id", f0."api_key_used", f0."pr_title", f0."pr_url", f0."issue_title", f0."issue_url", f0."commit_sha", f0."merged_by", f0."metadata", f0."amount", f0."currency", f0."billed_at", f0."refunded_at", f0."inserted_at", f0."updated_at" FROM "fix_attempts" AS f0 WHERE ((f0."pr_number" = $1) AND (f0."github_org" = $2)) [123, "test-org"]
.14:25:30.154 request_id=GGRUMm4lZr-Y_FoAAF-F [info] POST /api/webhooks/github
14:25:30.154 request_id=GGRUMm4lZr-Y_FoAAF-F [debug] Processing with RsolvWeb.WebhookController.github/2
  Parameters: %{}
  Pipelines: [:api]
14:25:30.154 request_id=GGRUMm4lZr-Y_FoAAF-F [info] Sent 401 in 82µs
.14:25:30.155 [debug] QUERY OK source="fix_attempts" db=0.1ms queue=0.1ms
INSERT INTO "fix_attempts" ("status","metadata","currency","repo_name","pr_number","github_org","billing_status","requires_manual_approval","platform","inserted_at","updated_at") VALUES ($1,$2,$3,$4,$5,$6,$7,$8,$9,$10,$11) RETURNING "id" ["pending", %{}, "USD", "test-repo", 124, "test-org", "not_billed", true, "github", ~N[2025-09-11 20:25:30], ~N[2025-09-11 20:25:30]]
14:25:30.155 request_id=GGRUMm4w6ZCLSmwAADOJ [info] POST /api/webhooks/github
14:25:30.155 request_id=GGRUMm4w6ZCLSmwAADOJ [debug] Processing with RsolvWeb.WebhookController.github/2
  Parameters: %{"action" => "closed", "pull_request" => %{"base" => %{"repo" => %{"name" => "test-repo", "owner" => %{"login" => "test-org"}}}, "merge_commit_sha" => "abc123", "merged" => true, "merged_at" => "2025-06-03T10:00:00Z", "merged_by" => %{"login" => "test-user"}, "number" => 124}}
  Pipelines: [:api]
14:25:30.155 request_id=GGRUMm4w6ZCLSmwAADOJ [debug] Raw body in controller: "{\"action\":\"closed\",\"pull_request\":{\"base\":{\"repo\":{\"name\":\"test-repo\",\"owner\":{\"login\":\"test-org\"}}},\"merge_commit_sha\":\"abc123\",\"merged\":true,\"merged_at\":\"2025-06-03T10:00:00Z\",\"merged_by\":{\"login\":\"test-user\"},\"number\":124}}"
14:25:30.155 request_id=GGRUMm4w6ZCLSmwAADOJ [info] Routing GitHub event: "pull_request"
14:25:30.155 request_id=GGRUMm4w6ZCLSmwAADOJ [info] Handling pull_request event with action: "closed"
14:25:30.155 request_id=GGRUMm4w6ZCLSmwAADOJ [debug] QUERY OK source="fix_attempts" db=0.1ms
SELECT f0."id", f0."github_org", f0."repo_name", f0."issue_number", f0."pr_number", f0."status", f0."merged_at", f0."billing_status", f0."requires_manual_approval", f0."approved_by", f0."approved_at", f0."approval_notes", f0."platform", f0."customer_id", f0."api_key_used", f0."pr_title", f0."pr_url", f0."issue_title", f0."issue_url", f0."commit_sha", f0."merged_by", f0."metadata", f0."amount", f0."currency", f0."billed_at", f0."refunded_at", f0."inserted_at", f0."updated_at" FROM "fix_attempts" AS f0 WHERE (((f0."github_org" = $1) AND (f0."repo_name" = $2)) AND (f0."pr_number" = $3)) ["test-org", "test-repo", 124]
14:25:30.155 request_id=GGRUMm4w6ZCLSmwAADOJ [debug] QUERY OK source="fix_attempts" db=0.1ms
UPDATE "fix_attempts" SET "status" = $1, "merged_at" = $2, "merged_by" = $3, "commit_sha" = $4, "updated_at" = $5 WHERE "id" = $6 ["merged", ~U[2025-06-03 10:00:00.000000Z], "test-user", "abc123", ~N[2025-09-11 20:25:30], 10476]
14:25:30.155 request_id=GGRUMm4w6ZCLSmwAADOJ [info] Webhook processed successfully: :merged
14:25:30.155 request_id=GGRUMm4w6ZCLSmwAADOJ [info] Sent 200 in 767µs
14:25:30.156 request_id=GGRUMm4w6ZCLSmwAADOJ [debug] QUERY OK source="fix_attempts" db=0.1ms
SELECT f0."id", f0."github_org", f0."repo_name", f0."issue_number", f0."pr_number", f0."status", f0."merged_at", f0."billing_status", f0."requires_manual_approval", f0."approved_by", f0."approved_at", f0."approval_notes", f0."platform", f0."customer_id", f0."api_key_used", f0."pr_title", f0."pr_url", f0."issue_title", f0."issue_url", f0."commit_sha", f0."merged_by", f0."metadata", f0."amount", f0."currency", f0."billed_at", f0."refunded_at", f0."inserted_at", f0."updated_at" FROM "fix_attempts" AS f0 WHERE (f0."pr_number" = $1) [124]
.14:25:30.156 [debug] QUERY OK source="email_unsubscribes" db=0.1ms queue=0.1ms
INSERT INTO "email_unsubscribes" ("reason","email","inserted_at") VALUES ($1,$2,$3) RETURNING "id" ["No longer interested", "test1@example.com", ~N[2025-09-11 20:25:30]]
14:25:30.156 [debug] QUERY OK source="email_unsubscribes" db=0.0ms queue=0.1ms
INSERT INTO "email_unsubscribes" ("email","inserted_at") VALUES ($1,$2) RETURNING "id" ["test2@example.com", ~N[2025-09-11 20:25:30]]
14:25:30.157 [debug] QUERY OK source="email_unsubscribes" db=0.0ms
SELECT e0."id", e0."email", e0."reason", e0."inserted_at" FROM "email_unsubscribes" AS e0 ORDER BY e0."inserted_at" DESC []
.14:25:30.159 [debug] QUERY OK source="email_unsubscribes" db=0.1ms queue=0.1ms
INSERT INTO "email_unsubscribes" ("email","inserted_at") VALUES ($1,$2) RETURNING "id" ["unsub@example.com", ~N[2025-09-11 20:25:30]]
14:25:30.160 [debug] QUERY OK source="email_unsubscribes" db=0.1ms
SELECT TRUE FROM "email_unsubscribes" AS e0 WHERE (lower(e0."email") = $1) LIMIT 1 ["unsub@example.com"]
14:25:30.160 [debug] QUERY OK source="email_unsubscribes" db=0.0ms
SELECT TRUE FROM "email_unsubscribes" AS e0 WHERE (lower(e0."email") = $1) LIMIT 1 ["unsub@example.com"]
.14:25:30.160 [debug] QUERY OK source="failed_emails" db=0.1ms queue=0.1ms
INSERT INTO "failed_emails" ("error_message","attempts","to_email","inserted_at","updated_at") VALUES ($1,$2,$3,$4,$5) RETURNING "id" ["Initial error", 1, "test@example.com", ~N[2025-09-11 20:25:30], ~N[2025-09-11 20:25:30]]
14:25:30.160 [debug] QUERY OK source="failed_emails" db=0.1ms
UPDATE "failed_emails" SET "attempts" = $1, "updated_at" = $2 WHERE "id" = $3 [2, ~N[2025-09-11 20:25:30], 5450]
.14:25:30.161 [debug] QUERY OK source="failed_emails" db=0.1ms queue=0.1ms
INSERT INTO "failed_emails" ("error_message","attempts","to_email","inserted_at","updated_at") VALUES ($1,$2,$3,$4,$5) RETURNING "id" ["Test error", 1, "test1@example.com", ~N[2025-09-11 20:25:30], ~N[2025-09-11 20:25:30]]
14:25:30.161 [debug] QUERY OK source="failed_emails" db=0.0ms
INSERT INTO "failed_emails" ("error_message","attempts","to_email","inserted_at","updated_at") VALUES ($1,$2,$3,$4,$5) RETURNING "id" ["Test error", 1, "test2@example.com", ~N[2025-09-11 20:25:30], ~N[2025-09-11 20:25:30]]
14:25:30.161 [debug] QUERY OK source="failed_emails" db=0.0ms
INSERT INTO "failed_emails" ("error_message","attempts","to_email","inserted_at","updated_at") VALUES ($1,$2,$3,$4,$5) RETURNING "id" ["Test error", 1, "test3@example.com", ~N[2025-09-11 20:25:30], ~N[2025-09-11 20:25:30]]
14:25:30.161 [debug] QUERY OK source="failed_emails" db=0.0ms
INSERT INTO "failed_emails" ("error_message","attempts","to_email","inserted_at","updated_at") VALUES ($1,$2,$3,$4,$5) RETURNING "id" ["Test error", 1, "test4@example.com", ~N[2025-09-11 20:25:30], ~N[2025-09-11 20:25:30]]
14:25:30.161 [debug] QUERY OK source="failed_emails" db=0.0ms
INSERT INTO "failed_emails" ("error_message","attempts","to_email","inserted_at","updated_at") VALUES ($1,$2,$3,$4,$5) RETURNING "id" ["Test error", 1, "test5@example.com", ~N[2025-09-11 20:25:30], ~N[2025-09-11 20:25:30]]
14:25:30.161 [debug] QUERY OK source="failed_emails" db=0.0ms
SELECT f0."id", f0."to_email", f0."subject", f0."template", f0."error_message", f0."email_data", f0."attempts", f0."inserted_at", f0."updated_at" FROM "failed_emails" AS f0 ORDER BY f0."inserted_at" DESC LIMIT $1 [3]
.14:25:30.162 [debug] QUERY OK source="email_unsubscribes" db=0.1ms queue=0.1ms
INSERT INTO "email_unsubscribes" ("email","inserted_at") VALUES ($1,$2) RETURNING "id" ["test@example.com", ~N[2025-09-11 20:25:30]]
14:25:30.162 [debug] QUERY OK source="email_unsubscribes" db=0.1ms
SELECT e0."id", e0."email", e0."reason", e0."inserted_at" FROM "email_unsubscribes" AS e0 WHERE (e0."email" = $1) ["test@example.com"]
.14:25:30.163 [debug] QUERY OK source="failed_emails" db=0.3ms queue=0.3ms
INSERT INTO "failed_emails" ("template","error_message","attempts","subject","to_email","email_data","inserted_at","updated_at") VALUES ($1,$2,$3,$4,$5,$6,$7,$8) RETURNING "id" ["welcome", "Connection timeout", 1, "Test Subject", "test@example.com", %{foo: "bar"}, ~N[2025-09-11 20:25:30], ~N[2025-09-11 20:25:30]]
.14:25:30.163 [debug] QUERY OK source="email_unsubscribes" db=0.1ms
INSERT INTO "email_unsubscribes" ("reason","email","inserted_at") VALUES ($1,$2,$3) RETURNING "id" ["User request via unsubscribe page", "test@example.com", ~N[2025-09-11 20:25:30]]
.14:25:30.164 [debug] QUERY OK source="email_unsubscribes" db=0.1ms
SELECT TRUE FROM "email_unsubscribes" AS e0 WHERE (lower(e0."email") = $1) LIMIT 1 ["notunsubscribed@example.com"]
..14:25:30.164 [debug] QUERY OK source="email_unsubscribes" db=0.1ms
INSERT INTO "email_unsubscribes" ("email","inserted_at") VALUES ($1,$2) RETURNING "id" ["older@example.com", ~N[2025-09-11 20:25:30]]
14:25:30.165 [debug] QUERY OK source="email_unsubscribes" db=0.0ms
INSERT INTO "email_unsubscribes" ("email","inserted_at") VALUES ($1,$2) RETURNING "id" ["newer@example.com", ~N[2025-09-11 20:25:30]]
14:25:30.165 [debug] QUERY OK source="email_unsubscribes" db=0.0ms
SELECT e0."id", e0."email", e0."reason", e0."inserted_at" FROM "email_unsubscribes" AS e0 ORDER BY e0."inserted_at" DESC []
......................14:25:30.165 [warning] Failed to warm parser javascript/3c9c61202923ed7960f0ef62cb6a57a3: :port_not_found
14:25:30.166 [warning] Failed to warm parser javascript/a62c9f2f5c5592b3af9eac5529b19e31: :port_not_found
14:25:30.216 [warning] Parser crashed: javascript/3c9c61202923ed7960f0ef62cb6a57a3
..14:25:30.217 [warning] Failed to warm parser javascript/c472d1be6657563993b0edffa55427f5: :port_not_found
14:25:30.218 [warning] Failed to warm parser javascript/c02682b294ecf4ddcb35a5e94f9df0cf: :port_not_found
14:25:30.218 [info] Scaling up javascript pool
.14:25:30.246 [debug] Parser warmed: python/1a681607f22783e2f487b104ec5a932a
14:25:30.246 [debug] Parser warmed: python/da16de0abedc00f98e7e718c6f78ab33
14:25:30.253 [debug] Parser warmed: python/f81b49ff0de8f048f8cbcce1f3a8a7e9
14:25:30.300 [debug] Parser warmed: javascript/528786ffb1c20e567038d5b632410efc
14:25:30.307 [debug] Parser warmed: javascript/f3e8d6e4e4d0623dcb70622f08abedea
14:25:30.310 [debug] Parser warmed: javascript/4a32b68ce516550c0cd745de3f790e3d
.14:25:30.407 [debug] Parser warmed: javascript/2d40b05398f3393e7f24ea84fbf2b374
14:25:30.413 [debug] Parser warmed: javascript/56c900645a6cc3d79ed4df7f52e7c023
.14:25:30.451 [debug] Parser warmed: python/53f02ecaace6a5876061efba12f33653
14:25:30.456 [debug] Parser warmed: python/b211a94b2795c2fc9610c24e93a07778
14:25:30.457 [debug] Parser warmed: python/f4ef6a2a10880eacc2c5b6a5f6427488
14:25:30.505 [debug] Parser warmed: javascript/ee723e786cf2e80dad5736eeed1ff841
14:25:30.512 [debug] Parser warmed: javascript/bb4bb98de95dd2372fa36a0b8fd7fdb2
14:25:30.523 [debug] Parser warmed: javascript/bb165dc3b5f7e0051d0fc57991228e2e
.14:25:30.672 [debug] Parser warmed: javascript/d183144a624ec156ed4762a5ce81d9c3
14:25:30.674 [debug] Parser warmed: javascript/525da007a82024376d368637d24865b7
14:25:30.674 [debug] Parser warmed: javascript/b27b943d254165983c8467477d076687
14:25:30.677 [debug] Parser warmed: javascript/9ad0b35bc50cc2ee63139021cdd4b16a
14:25:30.682 [debug] Parser warmed: javascript/3b9c6268643c7b3aaa1336a3b2ffbfa6
14:25:30.894 [info] Scaling down javascript pool
.14:25:31.033 [debug] Parser warmed: python/84dde5c01df70750eb7f078fac5252f6
14:25:31.034 [debug] Parser warmed: python/0add0646e484e79f3cc838735a0effe0
14:25:31.040 [debug] Parser warmed: python/9534270aa4f19627418c0a90acf2a40e
14:25:31.090 [debug] Parser warmed: javascript/db70a58048b3231d5bb84360872d9b98
14:25:31.091 [debug] Parser warmed: javascript/c3dc960b8611b257e93b244bd5af853d
14:25:31.094 [debug] Parser warmed: javascript/bdeacf392e89a2992d1e6fca899c4091
.14:25:31.177 [debug] Parser warmed: javascript/18503d69ecf5635e3bf7bf3c4d028da3
14:25:31.180 [debug] Parser warmed: javascript/4af55ce22d6b2f4c60c106d5a706d26a
.14:25:31.289 [debug] Parser warmed: javascript/f7b8723ae273ff430165d2e0324e7b76
14:25:31.290 [debug] Parser warmed: javascript/05930cbd420d86fad9575c1e1640973a
.14:25:31.395 [debug] Parser warmed: javascript/62a046ff64dc9262c3201fb34790d054
14:25:31.396 [debug] Parser warmed: javascript/75d8e8627f0f4c2eaa5aaee35bbe3d22
.14:25:31.414 [debug] QUERY OK source="fun_with_flags_toggles" db=0.2ms
INSERT INTO "fun_with_flags_toggles" AS f0 ("enabled","target","flag_name","gate_type") VALUES ($1,$2,$3,$4) ON CONFLICT ("flag_name","gate_type","target") DO UPDATE SET "enabled" = $5 RETURNING "id" [true, "_fwf_none", "early_access_signup", "boolean", true]
14:25:31.415 [debug] QUERY OK source="fun_with_flags_toggles" db=0.1ms
SELECT f0."id", f0."flag_name", f0."gate_type", f0."target", f0."enabled" FROM "fun_with_flags_toggles" AS f0 WHERE (f0."flag_name" = $1) ["early_access_signup"]
14:25:31.415 [debug] Telemetry event: [:fun_with_flags, :persistence, :write], metadata: %{flag_name: :early_access_signup, gate: %FunWithFlags.Gate{type: :boolean, for: nil, enabled: true}}, measurements: %{system_time: 1757622331415171628}
14:25:31.415 [debug] QUERY OK source="fun_with_flags_toggles" db=0.1ms
INSERT INTO "fun_with_flags_toggles" AS f0 ("enabled","target","flag_name","gate_type") VALUES ($1,$2,$3,$4) ON CONFLICT ("flag_name","gate_type","target") DO UPDATE SET "enabled" = $5 RETURNING "id" [true, "_fwf_none", "welcome_email_sequence", "boolean", true]
14:25:31.415 [debug] QUERY OK source="fun_with_flags_toggles" db=0.1ms
SELECT f0."id", f0."flag_name", f0."gate_type", f0."target", f0."enabled" FROM "fun_with_flags_toggles" AS f0 WHERE (f0."flag_name" = $1) ["welcome_email_sequence"]
14:25:31.416 [debug] Telemetry event: [:fun_with_flags, :persistence, :write], metadata: %{flag_name: :welcome_email_sequence, gate: %FunWithFlags.Gate{type: :boolean, for: nil, enabled: true}}, measurements: %{system_time: 1757622331415975910}
14:25:31.416 request_id=GGRUMrlaHFzo7M8AAGCF [info] POST /early-access
14:25:31.416 request_id=GGRUMrlaHFzo7M8AAGCF [debug] Processing with RsolvWeb.PageController.submit_early_access/2
  Parameters: %{"email" => "test@example.com"}
  Pipelines: [:browser]
14:25:31.416 request_id=GGRUMrlaHFzo7M8AAGCF [debug] QUERY OK source="fun_with_flags_toggles" db=0.1ms
SELECT f0."id", f0."flag_name", f0."gate_type", f0."target", f0."enabled" FROM "fun_with_flags_toggles" AS f0 WHERE (f0."flag_name" = $1) ["early_access_signup"]
14:25:31.416 request_id=GGRUMrlaHFzo7M8AAGCF [debug] Telemetry event: [:fun_with_flags, :persistence, :read], metadata: %{flag_name: :early_access_signup, gate: nil}, measurements: %{system_time: 1757622331416507008}
14:25:31.416 request_id=GGRUMrlaHFzo7M8AAGCF [debug] Extracted UTM parameters: %{}
14:25:31.416 request_id=GGRUMrlaHFzo7M8AAGCF [info] Analytics event tracked
14:25:31.417 request_id=GGRUMrlaHFzo7M8AAGCF [debug] QUERY OK db=0.2ms queue=0.1ms
SELECT create_analytics_partition_if_not_exists($1::date) [~D[2025-09-11]]
14:25:31.417 request_id=GGRUMrlaHFzo7M8AAGCF [debug] QUERY OK source="analytics_events" db=0.2ms
INSERT INTO "analytics_events" ("metadata","event_type","visitor_id","page_path","inserted_at","updated_at") VALUES ($1,$2,$3,$4,$5,$6) RETURNING "id" [%{status: "submit", os: "unknown", form_id: "early-access", browser: "unknown", utm_source_platform: nil, utm_source_campaign: nil, utm_source_content: nil, device_type: "unknown"}, "form_submit", "6fed6670a915e8b3a8e65cbd93a92bfc", "/early-access", ~N[2025-09-11 20:25:31], ~N[2025-09-11 20:25:31]]
14:25:31.417 request_id=GGRUMrlaHFzo7M8AAGCF [info] Form submission received
14:25:31.417 request_id=GGRUMrlaHFzo7M8AAGCF [info] Valid email received for processing: test@example.com, validation passed
14:25:31.417 request_id=GGRUMrlaHFzo7M8AAGCF [debug] Extracted UTM parameters: %{}
14:25:31.418 request_id=GGRUMrlaHFzo7M8AAGCF [debug] QUERY OK source="early_access_signups" db=0.1ms queue=0.2ms
INSERT INTO "early_access_signups" ("name","email","referral_source","inserted_at") VALUES ($1,$2,$3,$4) RETURNING "id" ["Test", "test@example.com", "landing_page", ~N[2025-09-11 20:25:31]]
14:25:31.418 request_id=GGRUMrlaHFzo7M8AAGCF [debug] QUERY OK source="early_access_signups" db=0.1ms
SELECT count(e0."id") FROM "early_access_signups" AS e0 []
14:25:31.418 request_id=GGRUMrlaHFzo7M8AAGCF [info] Successfully saved signup to database
Mock HTTP POST called with URL: https://api.convertkit.com/v3/subscribers
14:25:31.418 request_id=GGRUMrlaHFzo7M8AAGCF [info] ConvertKit API key present: true
14:25:31.418 request_id=GGRUMrlaHFzo7M8AAGCF [info] ConvertKit API request successful
14:25:31.418 request_id=GGRUMrlaHFzo7M8AAGCF [info] ConvertKit: Successfully added subscriber
14:25:31.418 request_id=GGRUMrlaHFzo7M8AAGCF [info] Analytics event tracked
14:25:31.419 request_id=GGRUMrlaHFzo7M8AAGCF [debug] QUERY OK db=0.1ms queue=0.1ms
SELECT create_analytics_partition_if_not_exists($1::date) [~D[2025-09-11]]
14:25:31.419 request_id=GGRUMrlaHFzo7M8AAGCF [debug] QUERY OK source="analytics_events" db=0.1ms
INSERT INTO "analytics_events" ("metadata","event_type","visitor_id","page_path","inserted_at","updated_at") VALUES ($1,$2,$3,$4,$5,$6) RETURNING "id" [%{status: "success", os: "unknown", source: "landing_page", form_id: "early-access", browser: "unknown", utm_source_platform: nil, utm_source_campaign: nil, utm_source_content: nil, device_type: "unknown", conversion_type: "early_access_signup", email_domain: "example.com"}, "form_success", "6fed6670a915e8b3a8e65cbd93a92bfc", "/early-access", ~N[2025-09-11 20:25:31], ~N[2025-09-11 20:25:31]]
14:25:31.419 request_id=GGRUMrlaHFzo7M8AAGCF [info] Analytics event tracked
14:25:31.420 request_id=GGRUMrlaHFzo7M8AAGCF [debug] QUERY OK db=0.1ms queue=0.2ms
SELECT create_analytics_partition_if_not_exists($1::date) [~D[2025-09-11]]
14:25:31.420 request_id=GGRUMrlaHFzo7M8AAGCF [debug] QUERY OK source="analytics_events" db=0.1ms
INSERT INTO "analytics_events" ("metadata","event_type","visitor_id","page_path","inserted_at","updated_at") VALUES ($1,$2,$3,$4,$5,$6) RETURNING "id" [%{os: "unknown", source: "landing_page", form_id: "early-access", browser: "unknown", utm_source_platform: nil, utm_source_campaign: nil, utm_source_content: nil, device_type: "unknown", conversion_type: "early_access_signup", email_domain: "example.com"}, "conversion", "6fed6670a915e8b3a8e65cbd93a92bfc", "/early-access", ~N[2025-09-11 20:25:31], ~N[2025-09-11 20:25:31]]
14:25:31.420 request_id=GGRUMrlaHFzo7M8AAGCF [debug] QUERY OK source="fun_with_flags_toggles" db=0.0ms
SELECT f0."id", f0."flag_name", f0."gate_type", f0."target", f0."enabled" FROM "fun_with_flags_toggles" AS f0 WHERE (f0."flag_name" = $1) ["welcome_email_sequence"]
14:25:31.420 request_id=GGRUMrlaHFzo7M8AAGCF [debug] Telemetry event: [:fun_with_flags, :persistence, :read], metadata: %{flag_name: :welcome_email_sequence, gate: nil}, measurements: %{system_time: 1757622331420799612}
14:25:31.420 request_id=GGRUMrlaHFzo7M8AAGCF [info] [PAGE CONTROLLER] Welcome email sequence is ENABLED, starting sequence
14:25:31.420 request_id=GGRUMrlaHFzo7M8AAGCF [info] [PAGE CONTROLLER] About to call EmailSequence.start_early_access_onboarding_sequence
14:25:31.420 request_id=GGRUMrlaHFzo7M8AAGCF [info] [EMAIL SEQUENCE] Starting early access onboarding sequence
14:25:31.420 request_id=GGRUMrlaHFzo7M8AAGCF [info] [EMAIL SEQUENCE] About to call EmailService.send_early_access_welcome_email
14:25:31.420 request_id=GGRUMrlaHFzo7M8AAGCF [info] [EMAIL] send_early_access_welcome_email called
14:25:31.421 request_id=GGRUMrlaHFzo7M8AAGCF [info] [EMAIL DEBUG] Full email struct before sending
14:25:31.421 request_id=GGRUMrlaHFzo7M8AAGCF [info] [EMAIL DEBUG] Extracted recipient email
14:25:31.421 request_id=GGRUMrlaHFzo7M8AAGCF [info] [EMAIL DEBUG] Postmark configuration
14:25:31.421 request_id=GGRUMrlaHFzo7M8AAGCF [info] [EMAIL DEBUG] Email configuration
14:25:31.421 request_id=GGRUMrlaHFzo7M8AAGCF [info] [EMAIL] Attempting to send email via Postmark
14:25:31.421 request_id=GGRUMrlaHFzo7M8AAGCF [debug] Sending email with Bamboo.TestAdapter:

%Bamboo.Email{from: {"RSOLV Team", "support@rsolv.dev"}, to: [nil: "test@example.com"], cc: [], bcc: [], subject: "Welcome to RSOLV Early Access Program", html_body: "<div style=\"font-family: 'Helvetica Neue', Helvetica, Arial, sans-serif; max-width: 600px; margin: 0 auto; padding: 20px;\">\n  <h1 style=\"color: #2C3E50; margin-bottom: 20px;\">Welcome to RSOLV Early Access Program!</h1>\n\n  <p>Hi Test,</p>\n\n  <p>Thank you for joining our Early Access Program! You're now part of an exclusive group getting first access to RSOLV.</p>\n\n  <p>Here's what you need to know:</p>\n\n  <ul>\n    <li>You have full access to all current features</li>\n    <li>Your feedback is incredibly valuable to us during this phase</li>\n    <li>You'll receive priority support via email</li>\n  </ul>\n\n  <p>To get started with RSOLV:</p>\n\n  <ol>\n    <li><strong>Your API key will be sent in a follow-up email within 24 hours</strong></li>\n    <li>Once you receive your API key, install our GitHub Action (code below)</li>\n    <li>Set up your repository secrets with your API key</li>\n    <li>Tag your first issues with \"rsolv:automate\"</li>\n  </ol>\n\n  <div style=\"background-color: #fff3cd; border: 1px solid #ffeaa7; color: #856404; padding: 10px; border-radius: 5px; margin: 15px 0;\">\n    <strong>⏳ API Key Coming Soon:</strong> We'll send your personal API key within 24 hours. Look for an email with subject \"Your RSOLV API Key\".\n  </div>\n\n  <div style=\"background-color: #f8f9fa; padding: 15px; border-radius: 5px; margin: 20px 0;\">\n    <pre style=\"margin: 0; overflow-x: auto; white-space: pre-wrap; font-family: monospace;\">name: RSOLV AutoFix\non:\n  issues:\n    types: [opened, edited, labeled]\n\njobs:\n  autofix:\n    runs-on: ubuntu-latest\n    if: contains(github.event.issue.labels.*.name, 'rsolv:automate')\n    steps:\n      - uses: RSOLV-dev/rsolv-action@v1\n        with:\n          github-token: ${{ secrets.GITHUB_TOKEN }}\n          rsolv-api-key: ${{ secrets.RSOLV_API_KEY }}</pre>\n  </div>\n\n  <p>Need help? As an Early Access member, you have priority support - contact us at <a href=\"mailto:support@rsolv.dev\">support@rsolv.dev</a> and we'll personally assist you.</p>\n\n  <p>Your trial includes unlimited automated fixes during the Early Access period.</p>\n\n  <div style=\"margin-top: 30px; padding: 15px; border: 1px solid #e0e0e0; border-radius: 5px; background-color: #f9f9f9;\">\n    <h3 style=\"margin-top: 0; color: #2C3E50;\">Early Access Program Benefits</h3>\n    <ul>\n      <li>Unlimited usage during Early Access</li>\n      <li>Priority support and feature requests</li>\n      <li>Exclusive pricing when we launch</li>\n      <li>Direct access to our development team</li>\n    </ul>\n  </div>\n\n  <p>Best,<br>The RSOLV Team</p>\n\n  <div class=\"footer\" style=\"margin-top: 40px; padding-top: 20px; border-top: 1px solid #e0e0e0; font-size: 0.9em; color: #666;\">\n    <p>\n      You're receiving this email because you joined the RSOLV Early Access Program.\n      <br>\n      If you have any questions, simply reply to this email.\n    </p>\n    <p>\n      RSOLV, Inc. • support@rsolv.dev • © 2025\n    </p>\n    <p>\n      <a href=\"https://rsolv.dev/unsubscribe?email=test@example.com\">Unsubscribe</a> from these emails.\n    </p>\n  </div>\n</div>\n", text_body: "Welcome to RSOLV Early Access Program!\n\nHi Test,\n\nThank you for joining our Early Access Program! You're now part of an exclusive group getting first access to RSOLV.\n\nHere's what you need to know:\n- You have full access to all current features\n- Your feedback is incredibly valuable to us during this phase\n- You'll receive priority support via email\n\nTo get started with RSOLV:\n1. Your API key will be sent in a follow-up email within 24 hours\n2. Once you receive your API key, install our GitHub Action\n3. Set up your repository secrets with your API key\n4. Tag your first issues with \"AUTOFIX\"\n\n⏳ API KEY COMING SOON: We'll send your personal API key within 24 hours. Look for an email with subject \"Your RSOLV API Key\".\n\nNeed help? As an Early Access member, you have priority support - contact us at support@rsolv.dev and we'll personally assist you.\n\nYour trial includes unlimited automated fixes during the Early Access period.\n\nEARLY ACCESS PROGRAM BENEFITS:\n* Unlimited usage during Early Access\n* Priority support and feature requests\n* Exclusive pricing when we launch\n* Direct access to our development team\n\nBest,\nThe RSOLV Team\n\n---\nYou're receiving this email because you joined the RSOLV Early Access Program.\nIf you have any questions, simply reply to this email.\n\nRSOLV, Inc. • support@rsolv.dev\n\nTo unsubscribe, visit: https://rsolv.dev/unsubscribe?email=test@example.com\n", headers: %{"X-Postmark-Tag" => "early-access"}, attachments: [], assigns: %{}, private: %{tag: "early-access"}, blocked: false}

14:25:31.421 request_id=GGRUMrlaHFzo7M8AAGCF [info] [EMAIL DEBUG] Raw Postmark response
14:25:31.421 request_id=GGRUMrlaHFzo7M8AAGCF [info] [EMAIL] Email sent successfully via Postmark
14:25:31.421 request_id=GGRUMrlaHFzo7M8AAGCF [info] [EMAIL SEQUENCE] EmailService.send_early_access_welcome_email returned
14:25:31.421 request_id=GGRUMrlaHFzo7M8AAGCF [info] Attempting to tag subscriber
14:25:31.421 request_id=GGRUMrlaHFzo7M8AAGCF [info] ConvertKit: Attempting to tag test@example.com with tag 7700607
Mock HTTP POST called with URL: https://api.convertkit.com/v3/tags/7700607/subscribe
14:25:31.421 request_id=GGRUMrlaHFzo7M8AAGCF [info] ConvertKit: Successfully tagged test@example.com
14:25:31.421 request_id=GGRUMrlaHFzo7M8AAGCF [info] [EmailWorker] schedule_sequence called
14:25:31.421 request_id=GGRUMrlaHFzo7M8AAGCF [info] [EmailWorker] Found sequence
14:25:31.421 request_id=GGRUMrlaHFzo7M8AAGCF [info] [EmailWorker] Processing email config
14:25:31.422 request_id=GGRUMrlaHFzo7M8AAGCF [info] [EmailWorker] Skipping immediate email
14:25:31.422 request_id=GGRUMrlaHFzo7M8AAGCF [info] [EmailWorker] Processing email config
14:25:31.422 request_id=GGRUMrlaHFzo7M8AAGCF [info] [EmailWorker] Scheduling email
14:25:31.422 request_id=GGRUMrlaHFzo7M8AAGCF [info] [EmailWorker] Creating Oban job
14:25:31.422 request_id=GGRUMrlaHFzo7M8AAGCF [info] [EmailWorker] Job created
14:25:31.422 request_id=GGRUMrlaHFzo7M8AAGCF [info] Processing scheduled email
14:25:31.422 request_id=GGRUMrlaHFzo7M8AAGCF [error] Failed to send scheduled email
14:25:31.422 request_id=GGRUMrlaHFzo7M8AAGCF [info] [EmailWorker] Insert result
14:25:31.422 request_id=GGRUMrlaHFzo7M8AAGCF [info] [EmailWorker] Schedule result
14:25:31.422 request_id=GGRUMrlaHFzo7M8AAGCF [info] [EmailWorker] Processing email config
14:25:31.422 request_id=GGRUMrlaHFzo7M8AAGCF [info] [EmailWorker] Scheduling email
14:25:31.422 request_id=GGRUMrlaHFzo7M8AAGCF [info] [EmailWorker] Creating Oban job
14:25:31.422 request_id=GGRUMrlaHFzo7M8AAGCF [info] [EmailWorker] Job created
14:25:31.422 request_id=GGRUMrlaHFzo7M8AAGCF [info] Processing scheduled email
14:25:31.423 request_id=GGRUMrlaHFzo7M8AAGCF [info] [EMAIL DEBUG] Full email struct before sending
14:25:31.423 request_id=GGRUMrlaHFzo7M8AAGCF [info] [EMAIL DEBUG] Extracted recipient email
14:25:31.423 request_id=GGRUMrlaHFzo7M8AAGCF [info] [EMAIL DEBUG] Postmark configuration
14:25:31.423 request_id=GGRUMrlaHFzo7M8AAGCF [info] [EMAIL DEBUG] Email configuration
14:25:31.423 request_id=GGRUMrlaHFzo7M8AAGCF [info] [EMAIL] Attempting to send email via Postmark
14:25:31.423 request_id=GGRUMrlaHFzo7M8AAGCF [debug] Sending email with Bamboo.TestAdapter:

%Bamboo.Email{from: {"RSOLV Team", "support@rsolv.dev"}, to: [nil: "test@example.com"], cc: [], bcc: [], subject: "Verify Your RSOLV Setup - Need Any Help?", html_body: "<!DOCTYPE html>\n<html lang=\"en\">\n<head>\n  <meta charset=\"UTF-8\">\n  <meta name=\"viewport\" content=\"width=device-width, initial-scale=1.0\">\n  <title>Verify Your RSOLV Setup</title>\n  <style>\n    @import url('https://fonts.googleapis.com/css2?family=Space+Grotesk:wght@300;400;500;700&display=swap');\n    \n    body {\n      font-family: 'Space Grotesk', -apple-system, BlinkMacSystemFont, \"Segoe UI\", Roboto, Helvetica, Arial, sans-serif;\n      line-height: 1.6;\n      color: #333;\n      max-width: 600px;\n      margin: 0 auto;\n      padding: 20px;\n      background-color: #f8f9fa;\n    }\n    .container {\n      background-color: #ffffff;\n      border-radius: 8px;\n      padding: 30px;\n      box-shadow: 0 4px 6px rgba(0, 0, 0, 0.05);\n    }\n    .logo {\n      text-align: center;\n      margin-bottom: 30px;\n    }\n    .logo img {\n      max-width: 200px;\n    }\n    h1, h2, h3 {\n      color: #10b981;\n    }\n    .checklist {\n      background-color: #f3f4f6;\n      padding: 20px;\n      border-radius: 8px;\n      margin: 20px 0;\n    }\n    .checklist-item {\n      display: flex;\n      align-items: center;\n      margin-bottom: 15px;\n    }\n    .checklist-item input[type=\"checkbox\"] {\n      margin-right: 10px;\n    }\n    .status-box {\n      background-color: #fff3cd;\n      border: 1px solid #ffeaa7;\n      padding: 15px;\n      border-radius: 8px;\n      margin: 20px 0;\n    }\n    .success-box {\n      background-color: #d4edda;\n      border: 1px solid #c3e6cb;\n      padding: 15px;\n      border-radius: 8px;\n      margin: 20px 0;\n    }\n    .code {\n      background-color: #2d3748;\n      color: #e2e8f0;\n      padding: 15px;\n      border-radius: 5px;\n      font-family: 'Courier New', monospace;\n      overflow-x: auto;\n      margin: 15px 0;\n    }\n    .cta {\n      background-color: #10b981;\n      color: white;\n      padding: 12px 24px;\n      border-radius: 5px;\n      display: inline-block;\n      text-decoration: none;\n      font-weight: bold;\n      margin: 20px 0;\n    }\n    .footer {\n      margin-top: 40px;\n      font-size: 14px;\n      color: #6b7280;\n      border-top: 1px solid #e5e7eb;\n      padding-top: 20px;\n      text-align: center;\n    }\n  </style>\n</head>\n<body>\n  <div class=\"container\">\n    <div class=\"logo\">\n      <img src=\"https://rsolv.dev/images/rsolv_logo_transparent.png\" alt=\"RSOLV Logo\">\n    </div>\n    \n    <h1>Let's Verify Your RSOLV Setup</h1>\n    \n    <p>Hi {@first_name},</p>\n    \n    <p>It's been a few days since you signed up for RSOLV. We want to make sure you're all set up and ready to benefit from automated security scanning and remediation!</p>\n    \n    <div class=\"checklist\">\n      <h3>Quick Setup Checklist:</h3>\n      <div class=\"checklist-item\">\n        <input type=\"checkbox\" disabled> Connected your repositories for security scanning\n      </div>\n      <div class=\"checklist-item\">\n        <input type=\"checkbox\" disabled> Added the GitHub Action workflow for automated fixes\n      </div>\n      <div class=\"checklist-item\">\n        <input type=\"checkbox\" disabled> Set up your RSOLV_API_KEY as a repository secret\n      </div>\n      <div class=\"checklist-item\">\n        <input type=\"checkbox\" disabled> Reviewed security issues found by RSOLV\n      </div>\n      <div class=\"checklist-item\">\n        <input type=\"checkbox\" disabled> Generated and merged your first security fix PR\n      </div>\n    </div>\n    \n    <h2>Need Help with Setup?</h2>\n    \n    <p>If you haven't completed setup yet, here's a quick reminder of the steps:</p>\n    \n    <div class=\"code\">\n# In .github/workflows/rsolv.yml:\nname: RSOLV Security Fixes\n\non:\n  issues:\n    types: [labeled]\n\njobs:\n  security-fix:\n    if: contains(github.event.issue.labels.*.name, 'rsolv:automate')\n    runs-on: ubuntu-latest\n    steps:\n      - uses: rsolv-dev/rsolv-action@v1\n        with:\n          github-token: ${\"{{ secrets.GITHUB_TOKEN }}\"}\n          rsolv-api-key: ${\"{{ secrets.RSOLV_API_KEY }}\"}\n    </div>\n    \n    <div class=\"status-box\">\n      <strong>🎁 Remember:</strong> Your first 10 fixes are completely free! No credit card required. After that, you only pay $15 per fix that gets deployed.\n   " <> ..., text_body: "Let's Verify Your RSOLV Setup\n\nHi Test,\n\nIt's been a few days since you signed up for RSOLV. We want to make sure you're all set up and ready to automate your issue resolution!\n\nQuick Setup Checklist:\n[ ] Added the GitHub Action workflow to your repository\n[ ] Set up your RSOLV_API_KEY as a repository secret\n[ ] Tagged your first issue with \"rsolv:automate\"\n[ ] Reviewed and merged your first automated PR\n\nNeed Help with Setup?\nIf you haven't completed setup yet, visit: https://rsolv.dev/docs/getting-started\n\nRemember: Your first 10 fixes are completely free! No credit card required. After that, you only pay $15 per fix that gets deployed.\n\nCommon Questions:\n- Where do I get my API key? Check your welcome email or visit your dashboard\n- Can I use RSOLV on private repos? Yes! RSOLV works with both public and private repositories\n- What types of issues can RSOLV fix? Bug fixes, security vulnerabilities, performance issues, and more\n- How secure is it? We analyze every fix for security vulnerabilities before creating PRs\n\nPro Tip: Start with a simple issue first - something like \"Fix typo in README\" or \"Update deprecated function calls\".\n\nReady to get started? Tag an issue with \"rsolv:automate\" and watch the magic happen!\n\nIf you're stuck or have questions, just reply to this email.\n\nBest regards,\nThe RSOLV Team\n\n---\nTo unsubscribe, visit: https://rsolv.dev/unsubscribe?email=test@example.com\n", headers: %{"X-Postmark-Tag" => "setup-verification"}, attachments: [], assigns: %{}, private: %{tag: "setup-verification"}, blocked: false}

14:25:31.423 request_id=GGRUMrlaHFzo7M8AAGCF [info] [EMAIL DEBUG] Raw Postmark response
14:25:31.423 request_id=GGRUMrlaHFzo7M8AAGCF [info] [EMAIL] Email sent successfully via Postmark
14:25:31.423 request_id=GGRUMrlaHFzo7M8AAGCF [info] Successfully sent scheduled email
14:25:31.423 request_id=GGRUMrlaHFzo7M8AAGCF [info] [EmailWorker] Insert result
14:25:31.424 request_id=GGRUMrlaHFzo7M8AAGCF [info] [EmailWorker] Schedule result
14:25:31.424 request_id=GGRUMrlaHFzo7M8AAGCF [info] [EmailWorker] Processing email config
14:25:31.424 request_id=GGRUMrlaHFzo7M8AAGCF [info] [EmailWorker] Scheduling email
14:25:31.424 request_id=GGRUMrlaHFzo7M8AAGCF [info] [EmailWorker] Creating Oban job
14:25:31.424 request_id=GGRUMrlaHFzo7M8AAGCF [info] [EmailWorker] Job created
14:25:31.424 request_id=GGRUMrlaHFzo7M8AAGCF [info] Processing scheduled email
14:25:31.424 request_id=GGRUMrlaHFzo7M8AAGCF [info] [EMAIL DEBUG] Full email struct before sending
14:25:31.424 request_id=GGRUMrlaHFzo7M8AAGCF [info] [EMAIL DEBUG] Extracted recipient email
14:25:31.424 request_id=GGRUMrlaHFzo7M8AAGCF [info] [EMAIL DEBUG] Postmark configuration
14:25:31.424 request_id=GGRUMrlaHFzo7M8AAGCF [info] [EMAIL DEBUG] Email configuration
14:25:31.424 request_id=GGRUMrlaHFzo7M8AAGCF [info] [EMAIL] Attempting to send email via Postmark
14:25:31.424 request_id=GGRUMrlaHFzo7M8AAGCF [debug] Sending email with Bamboo.TestAdapter:

%Bamboo.Email{from: {"RSOLV Team", "support@rsolv.dev"}, to: [nil: "test@example.com"], cc: [], bcc: [], subject: "Advanced RSOLV Features You Might Have Missed", html_body: "<!DOCTYPE html>\n<html lang=\"en\">\n<head>\n  <meta charset=\"UTF-8\">\n  <meta name=\"viewport\" content=\"width=device-width, initial-scale=1.0\">\n  <title>Advanced RSOLV Features</title>\n  <style>\n    @import url('https://fonts.googleapis.com/css2?family=Space+Grotesk:wght@300;400;500;700&display=swap');\n    \n    body {\n      font-family: 'Space Grotesk', -apple-system, BlinkMacSystemFont, \"Segoe UI\", Roboto, Helvetica, Arial, sans-serif;\n      line-height: 1.6;\n      color: #333;\n      max-width: 600px;\n      margin: 0 auto;\n      padding: 20px;\n      background-color: #f8f9fa;\n    }\n    .container {\n      background-color: #ffffff;\n      border-radius: 8px;\n      padding: 30px;\n      box-shadow: 0 4px 6px rgba(0, 0, 0, 0.05);\n    }\n    .logo {\n      text-align: center;\n      margin-bottom: 30px;\n    }\n    .logo img {\n      max-width: 200px;\n    }\n    h1, h2, h3 {\n      color: #10b981;\n    }\n    .feature-card {\n      background-color: #f3f4f6;\n      padding: 20px;\n      border-radius: 8px;\n      margin-bottom: 20px;\n      border-left: 4px solid #10b981;\n    }\n    .feature-card h3 {\n      margin-top: 0;\n    }\n    .code {\n      background-color: #2d3748;\n      color: #e2e8f0;\n      padding: 15px;\n      border-radius: 5px;\n      font-family: 'Courier New', monospace;\n      overflow-x: auto;\n      margin: 15px 0;\n      font-size: 14px;\n    }\n    .pro-tip {\n      background-color: #fff3cd;\n      border: 1px solid #ffeaa7;\n      padding: 15px;\n      border-radius: 8px;\n      margin: 20px 0;\n    }\n    .security-highlight {\n      background-color: #d4edda;\n      border: 1px solid #c3e6cb;\n      padding: 15px;\n      border-radius: 8px;\n      margin: 20px 0;\n    }\n    .cta {\n      background-color: #10b981;\n      color: white;\n      padding: 12px 24px;\n      border-radius: 5px;\n      display: inline-block;\n      text-decoration: none;\n      font-weight: bold;\n      margin: 20px 0;\n    }\n    .footer {\n      margin-top: 40px;\n      font-size: 14px;\n      color: #6b7280;\n      border-top: 1px solid #e5e7eb;\n      padding-top: 20px;\n      text-align: center;\n    }\n  </style>\n</head>\n<body>\n  <div class=\"container\">\n    <div class=\"logo\">\n      <img src=\"https://rsolv.dev/images/rsolv_logo_transparent.png\" alt=\"RSOLV Logo\">\n    </div>\n    \n    <h1>Unlock the Full Power of RSOLV</h1>\n    \n    <p>Hi {@first_name},</p>\n    \n    <p>You've been using RSOLV for a few days now. Here are some advanced features and techniques that can help you get even more value from automated security scanning and vulnerability remediation:</p>\n    \n    <div class=\"feature-card\">\n      <h3>🎯 Understanding RSOLV's Proactive Scanning</h3>\n      <p>RSOLV continuously scans your repositories for security vulnerabilities and automatically creates issues with detailed remediation plans:</p>\n      <ul>\n        <li><strong>Automated detection:</strong> Scans all files for 180+ vulnerability patterns (and growing)</li>\n        <li><strong>Smart grouping:</strong> Groups similar issues for efficient review</li>\n        <li><strong>Detailed reports:</strong> Shows exact file locations and vulnerable code</li>\n        <li><strong>Fix generation:</strong> Creates secure PRs that address root causes</li>\n      </ul>\n    </div>\n    \n    <div class=\"feature-card\">\n      <h3>🔒 Comprehensive Security Coverage</h3>\n      <p>RSOLV proactively detects and fixes these vulnerability types across your codebase:</p>\n      <ul>\n        <li>SQL/NoSQL injection vulnerabilities</li>\n        <li>Cross-site scripting (XSS) risks</li>\n        <li>Authentication/authorization flaws</li>\n        <li>Insecure cryptographic implementations</li>\n        <li>Hardcoded secrets and API keys</li>\n        <li>Path traversal and open redirects</li>\n        <li>Insecure dependencies and configurations</li>\n      </ul>\n      <p>Each PR includes a detailed security impact assessment and verification tests.</p>\n    </div>\n    \n    <div class=\"security-highlight\">\n      <strong>🛡️ Security Example:</strong> When RSOLV detects unsafe user input handling, it automatically generates fixes with proper sanitization, p" <> ..., text_body: "Unlock the Full Power of RSOLV\n\nHi Test,\n\nYou've been using RSOLV for a few days now. Here are some advanced features and techniques:\n\n1. Writing Better Issues for Better Fixes:\n   - Include error messages: Copy the full stack trace\n   - Specify the file/function: \"Fix pagination in UserList.js\"\n   - Describe expected behavior: \"Should show 10 users per page\"\n   - Add context: \"This broke after upgrading to React 18\"\n\n2. Security-First Fixes:\n   RSOLV automatically scans for:\n   - SQL injection vulnerabilities\n   - Cross-site scripting (XSS) risks\n   - Authentication/authorization issues\n   - Insecure dependencies\n   - Hardcoded secrets or API keys\n\n3. Batch Processing:\n   Tag multiple issues with \"rsolv:automate\" and RSOLV creates separate PRs for each.\n\n4. Customizing RSOLV Behavior:\n   Add these tags to your issues:\n   - [performance] - Optimize for speed\n   - [security] - Extra security focus\n   - [minimal] - Smallest possible change\n   - [refactor] - Clean up while fixing\n\nComing Soon:\n- Support for more languages (Go, Rust, PHP)\n- Custom fix preferences per repository\n- Team collaboration features\n- Integration with more platforms\n\nHave a feature request? Just reply to this email!\n\nView advanced documentation: https://rsolv.dev/docs/advanced\n\nBest regards,\nThe RSOLV Team\n\n---\nTo unsubscribe, visit: https://rsolv.dev/unsubscribe?email=test@example.com\n", headers: %{"X-Postmark-Tag" => "feature-deep-dive"}, attachments: [], assigns: %{}, private: %{tag: "feature-deep-dive"}, blocked: false}

14:25:31.425 request_id=GGRUMrlaHFzo7M8AAGCF [info] [EMAIL DEBUG] Raw Postmark response
14:25:31.425 request_id=GGRUMrlaHFzo7M8AAGCF [info] [EMAIL] Email sent successfully via Postmark
14:25:31.425 request_id=GGRUMrlaHFzo7M8AAGCF [info] Successfully sent scheduled email
14:25:31.425 request_id=GGRUMrlaHFzo7M8AAGCF [info] [EmailWorker] Insert result
14:25:31.425 request_id=GGRUMrlaHFzo7M8AAGCF [info] [EmailWorker] Schedule result
14:25:31.425 request_id=GGRUMrlaHFzo7M8AAGCF [info] [EmailWorker] Processing email config
14:25:31.425 request_id=GGRUMrlaHFzo7M8AAGCF [info] [EmailWorker] Scheduling email
14:25:31.425 request_id=GGRUMrlaHFzo7M8AAGCF [info] [EmailWorker] Creating Oban job
14:25:31.425 request_id=GGRUMrlaHFzo7M8AAGCF [info] [EmailWorker] Job created
14:25:31.425 request_id=GGRUMrlaHFzo7M8AAGCF [info] Processing scheduled email
14:25:31.425 request_id=GGRUMrlaHFzo7M8AAGCF [info] [EMAIL DEBUG] Full email struct before sending
14:25:31.425 request_id=GGRUMrlaHFzo7M8AAGCF [info] [EMAIL DEBUG] Extracted recipient email
14:25:31.425 request_id=GGRUMrlaHFzo7M8AAGCF [info] [EMAIL DEBUG] Postmark configuration
14:25:31.425 request_id=GGRUMrlaHFzo7M8AAGCF [info] [EMAIL DEBUG] Email configuration
14:25:31.425 request_id=GGRUMrlaHFzo7M8AAGCF [info] [EMAIL] Attempting to send email via Postmark
14:25:31.426 request_id=GGRUMrlaHFzo7M8AAGCF [debug] Sending email with Bamboo.TestAdapter:

%Bamboo.Email{from: {"RSOLV Team", "support@rsolv.dev"}, to: [nil: "test@example.com"], cc: [], bcc: [], subject: "How's Your Experience with RSOLV?", html_body: "<!DOCTYPE html>\n<html lang=\"en\">\n<head>\n  <meta charset=\"UTF-8\">\n  <meta name=\"viewport\" content=\"width=device-width, initial-scale=1.0\">\n  <title>How's Your RSOLV Experience?</title>\n  <style>\n    @import url('https://fonts.googleapis.com/css2?family=Space+Grotesk:wght@300;400;500;700&display=swap');\n    \n    body {\n      font-family: 'Space Grotesk', -apple-system, BlinkMacSystemFont, \"Segoe UI\", Roboto, Helvetica, Arial, sans-serif;\n      line-height: 1.6;\n      color: #333;\n      max-width: 600px;\n      margin: 0 auto;\n      padding: 20px;\n      background-color: #f8f9fa;\n    }\n    .container {\n      background-color: #ffffff;\n      border-radius: 8px;\n      padding: 30px;\n      box-shadow: 0 4px 6px rgba(0, 0, 0, 0.05);\n    }\n    .logo {\n      text-align: center;\n      margin-bottom: 30px;\n    }\n    .logo img {\n      max-width: 200px;\n    }\n    h1, h2, h3 {\n      color: #10b981;\n    }\n    .survey-card {\n      background-color: #f3f4f6;\n      padding: 20px;\n      border-radius: 8px;\n      margin: 20px 0;\n      text-align: center;\n    }\n    .rating-container {\n      display: flex;\n      justify-content: center;\n      gap: 10px;\n      margin: 20px 0;\n    }\n    .rating-box {\n      width: 40px;\n      height: 40px;\n      border: 2px solid #10b981;\n      border-radius: 8px;\n      display: flex;\n      align-items: center;\n      justify-content: center;\n      text-decoration: none;\n      color: #10b981;\n      font-weight: bold;\n      transition: all 0.3s ease;\n    }\n    .rating-box:hover {\n      background-color: #10b981;\n      color: white;\n    }\n    .question-box {\n      background-color: #f9fafb;\n      padding: 20px;\n      border-radius: 8px;\n      margin: 20px 0;\n      border-left: 4px solid #10b981;\n    }\n    .success-story {\n      background-color: #d4edda;\n      border: 1px solid #c3e6cb;\n      padding: 15px;\n      border-radius: 8px;\n      margin: 20px 0;\n    }\n    .cta {\n      background-color: #10b981;\n      color: white;\n      padding: 12px 24px;\n      border-radius: 5px;\n      display: inline-block;\n      text-decoration: none;\n      font-weight: bold;\n      margin: 20px 0;\n    }\n    .cta-secondary {\n      background-color: #6b7280;\n      color: white;\n      padding: 12px 24px;\n      border-radius: 5px;\n      display: inline-block;\n      text-decoration: none;\n      font-weight: bold;\n      margin: 20px 0;\n    }\n    .footer {\n      margin-top: 40px;\n      font-size: 14px;\n      color: #6b7280;\n      border-top: 1px solid #e5e7eb;\n      padding-top: 20px;\n      text-align: center;\n    }\n  </style>\n</head>\n<body>\n  <div class=\"container\">\n    <div class=\"logo\">\n      <img src=\"https://rsolv.dev/images/rsolv_logo_transparent.png\" alt=\"RSOLV Logo\">\n    </div>\n    \n    <h1>Quick Check-In: How's RSOLV Working for You?</h1>\n    \n    <p>Hi {@first_name},</p>\n    \n    <p>You've been using RSOLV for a week now, and we'd love to hear about your experience! Your feedback helps us make RSOLV better for everyone.</p>\n    \n    <div class=\"survey-card\">\n      <h3>How likely are you to recommend RSOLV to a colleague?</h3>\n      <p>Click a number below:</p>\n      <div class=\"rating-container\">\n        <a href=\"https://rsolv.dev/feedback?rating=1&email={@email}\" class=\"rating-box\">1</a>\n        <a href=\"https://rsolv.dev/feedback?rating=2&email={@email}\" class=\"rating-box\">2</a>\n        <a href=\"https://rsolv.dev/feedback?rating=3&email={@email}\" class=\"rating-box\">3</a>\n        <a href=\"https://rsolv.dev/feedback?rating=4&email={@email}\" class=\"rating-box\">4</a>\n        <a href=\"https://rsolv.dev/feedback?rating=5&email={@email}\" class=\"rating-box\">5</a>\n        <a href=\"https://rsolv.dev/feedback?rating=6&email={@email}\" class=\"rating-box\">6</a>\n        <a href=\"https://rsolv.dev/feedback?rating=7&email={@email}\" class=\"rating-box\">7</a>\n        <a href=\"https://rsolv.dev/feedback?rating=8&email={@email}\" class=\"rating-box\">8</a>\n        <a href=\"https://rsolv.dev/feedback?rating=9&email={@email}\" class=\"rating-box\">9</a>\n        <a href=\"https://rsolv.dev/feedback?rating=10&email={@email}\" class=\"rating-box\">10</a>\n      </div>\n" <> ..., text_body: "Quick Check-In: How's RSOLV Working for You?\n\nHi Test,\n\nYou've been using RSOLV for a week now, and we'd love to hear about your experience!\n\nHow likely are you to recommend RSOLV to a colleague?\nRate us from 1-10: https://rsolv.dev/feedback?email=test@example.com\n\nThree Quick Questions:\n1. What's been your favorite RSOLV fix so far?\n2. What feature would you like to see next?\n3. Any challenges or friction points?\n\nJust hit reply and share your thoughts - we read every response!\n\nDid You Know?\nHere are some ways other teams are using RSOLV:\n- Security audits: Tag all security-related issues for automated fixes\n- Tech debt cleanup: Fix deprecated function calls across the codebase\n- Onboarding tool: Let new devs see how fixes should be implemented\n- Weekend warrior: Queue up fixes on Friday, review on Monday\n\nThanks for being an early adopter!\n\nBest regards,\nDylan & The RSOLV Team\n\nP.S. If RSOLV has saved you time this week, we'd love to hear about it!\n\n---\nTo unsubscribe, visit: https://rsolv.dev/unsubscribe?email=test@example.com\n", headers: %{"X-Postmark-Tag" => "feedback-request"}, attachments: [], assigns: %{}, private: %{tag: "feedback-request"}, blocked: false}

14:25:31.426 request_id=GGRUMrlaHFzo7M8AAGCF [info] [EMAIL DEBUG] Raw Postmark response
14:25:31.426 request_id=GGRUMrlaHFzo7M8AAGCF [info] [EMAIL] Email sent successfully via Postmark
14:25:31.426 request_id=GGRUMrlaHFzo7M8AAGCF [info] Successfully sent scheduled email
14:25:31.426 request_id=GGRUMrlaHFzo7M8AAGCF [info] [EmailWorker] Insert result
14:25:31.426 request_id=GGRUMrlaHFzo7M8AAGCF [info] [EmailWorker] Schedule result
14:25:31.426 request_id=GGRUMrlaHFzo7M8AAGCF [info] [EmailWorker] Processing email config
14:25:31.426 request_id=GGRUMrlaHFzo7M8AAGCF [info] [EmailWorker] Scheduling email
14:25:31.426 request_id=GGRUMrlaHFzo7M8AAGCF [info] [EmailWorker] Creating Oban job
14:25:31.426 request_id=GGRUMrlaHFzo7M8AAGCF [info] [EmailWorker] Job created
14:25:31.426 request_id=GGRUMrlaHFzo7M8AAGCF [info] Processing scheduled email
14:25:31.426 request_id=GGRUMrlaHFzo7M8AAGCF [info] [EMAIL DEBUG] Full email struct before sending
14:25:31.426 request_id=GGRUMrlaHFzo7M8AAGCF [info] [EMAIL DEBUG] Extracted recipient email
14:25:31.426 request_id=GGRUMrlaHFzo7M8AAGCF [info] [EMAIL DEBUG] Postmark configuration
14:25:31.426 request_id=GGRUMrlaHFzo7M8AAGCF [info] [EMAIL DEBUG] Email configuration
14:25:31.426 request_id=GGRUMrlaHFzo7M8AAGCF [info] [EMAIL] Attempting to send email via Postmark
14:25:31.427 request_id=GGRUMrlaHFzo7M8AAGCF [debug] Sending email with Bamboo.TestAdapter:

%Bamboo.Email{from: {"RSOLV Team", "support@rsolv.dev"}, to: [nil: "test@example.com"], cc: [], bcc: [], subject: "Your RSOLV Success Report", html_body: "<!DOCTYPE html>\n<html lang=\"en\">\n<head>\n  <meta charset=\"UTF-8\">\n  <meta name=\"viewport\" content=\"width=device-width, initial-scale=1.0\">\n  <title>Your RSOLV Success Report</title>\n  <style>\n    @import url('https://fonts.googleapis.com/css2?family=Space+Grotesk:wght@300;400;500;700&display=swap');\n    \n    body {\n      font-family: 'Space Grotesk', -apple-system, BlinkMacSystemFont, \"Segoe UI\", Roboto, Helvetica, Arial, sans-serif;\n      line-height: 1.6;\n      color: #333;\n      max-width: 600px;\n      margin: 0 auto;\n      padding: 20px;\n      background-color: #f8f9fa;\n    }\n    .container {\n      background-color: #ffffff;\n      border-radius: 8px;\n      padding: 30px;\n      box-shadow: 0 4px 6px rgba(0, 0, 0, 0.05);\n    }\n    .logo {\n      text-align: center;\n      margin-bottom: 30px;\n    }\n    .logo img {\n      max-width: 200px;\n    }\n    h1, h2, h3 {\n      color: #10b981;\n    }\n    .stats-grid {\n      display: grid;\n      grid-template-columns: 1fr 1fr;\n      gap: 20px;\n      margin: 30px 0;\n    }\n    .stat-card {\n      background-color: #f3f4f6;\n      padding: 20px;\n      border-radius: 8px;\n      text-align: center;\n      border-top: 4px solid #10b981;\n    }\n    .stat-number {\n      font-size: 36px;\n      font-weight: bold;\n      color: #10b981;\n      margin: 10px 0;\n    }\n    .stat-label {\n      color: #6b7280;\n      font-size: 14px;\n    }\n    .achievement-banner {\n      background: linear-gradient(135deg, #10b981 0%, #059669 100%);\n      color: white;\n      padding: 20px;\n      border-radius: 8px;\n      text-align: center;\n      margin: 20px 0;\n    }\n    .timeline {\n      margin: 30px 0;\n    }\n    .timeline-item {\n      display: flex;\n      margin-bottom: 20px;\n      align-items: flex-start;\n    }\n    .timeline-marker {\n      width: 40px;\n      height: 40px;\n      background-color: #10b981;\n      color: white;\n      border-radius: 50%;\n      display: flex;\n      align-items: center;\n      justify-content: center;\n      flex-shrink: 0;\n      margin-right: 15px;\n    }\n    .timeline-content {\n      flex-grow: 1;\n    }\n    .pricing-highlight {\n      background-color: #fff3cd;\n      border: 1px solid #ffeaa7;\n      padding: 20px;\n      border-radius: 8px;\n      margin: 20px 0;\n      text-align: center;\n    }\n    .cta {\n      background-color: #10b981;\n      color: white;\n      padding: 12px 24px;\n      border-radius: 5px;\n      display: inline-block;\n      text-decoration: none;\n      font-weight: bold;\n      margin: 20px 0;\n    }\n    .cta-secondary {\n      background-color: #2563eb;\n      color: white;\n      padding: 12px 24px;\n      border-radius: 5px;\n      display: inline-block;\n      text-decoration: none;\n      font-weight: bold;\n      margin: 20px 0;\n    }\n    .footer {\n      margin-top: 40px;\n      font-size: 14px;\n      color: #6b7280;\n      border-top: 1px solid #e5e7eb;\n      padding-top: 20px;\n      text-align: center;\n    }\n    @media (max-width: 600px) {\n      .stats-grid {\n        grid-template-columns: 1fr;\n      }\n    }\n  </style>\n</head>\n<body>\n  <div class=\"container\">\n    <div class=\"logo\">\n      <img src=\"https://rsolv.dev/images/rsolv_logo_transparent.png\" alt=\"RSOLV Logo\">\n    </div>\n    \n    <h1>Your 2-Week RSOLV Success Report 🎉</h1>\n    \n    <p>Hi {@first_name},</p>\n    \n    <p>Congratulations! You've been using RSOLV for two weeks. Here's a snapshot of what we've accomplished together:</p>\n    \n    <div class=\"stats-grid\">\n      <div class=\"stat-card\">\n        <div class=\"stat-label\">Issues Fixed</div>\n        <div class=\"stat-number\">{Map.get(@usage_stats || %{}, :issues_fixed, 0)}</div>\n      </div>\n      <div class=\"stat-card\">\n        <div class=\"stat-label\">PRs Created</div>\n        <div class=\"stat-number\">{Map.get(@usage_stats || %{}, :prs_created, 0)}</div>\n      </div>\n      <div class=\"stat-card\">\n        <div class=\"stat-label\">Time Saved</div>\n        <div class=\"stat-number\">{Map.get(@usage_stats || %{}, :time_saved, \"0 hrs\")}</div>\n      </div>\n      <div class=\"stat-card\">\n        <div class=\"stat-label\">Security Issues Found</div>\n        <div class=\"stat-number\">{Map.ge" <> ..., text_body: "Your 2-Week RSOLV Success Report\n\nHi Test,\n\nCongratulations! You've been using RSOLV for two weeks. Here's what we've accomplished together:\n\nYour Stats:\n- Issues Fixed: Check your dashboard\n- PRs Created: Check your dashboard\n- Time Saved: Check your dashboard\n- Security Issues Found: Check your dashboard\n\nYour Trial Status:\nCheck how many free fixes you have remaining at: https://rsolv.dev/dashboard\n\nWhat's Next?\n- Expand to more repositories\n- Automate security audits\n- Clean up tech debt\n- Train your team\n\nNeed Help Scaling Up?\nI'd love to help you get even more value from RSOLV:\n- Schedule a 15-minute optimization call\n- Get best practices for your specific tech stack\n- Learn about volume discounts for teams\n\nJust reply to this email and let me know how I can help!\n\nThanks for being part of the RSOLV community.\n\nBest regards,\nDylan Fitzgerald\nFounder, RSOLV\n\nP.S. If RSOLV has been valuable to your team, I'd be grateful if you could share a quick testimonial.\n\n---\nTo unsubscribe, visit: https://rsolv.dev/unsubscribe?email=test@example.com\n", headers: %{"X-Postmark-Tag" => "success-checkin"}, attachments: [], assigns: %{}, private: %{tag: "success-checkin"}, blocked: false}

14:25:31.427 request_id=GGRUMrlaHFzo7M8AAGCF [info] [EMAIL DEBUG] Raw Postmark response
14:25:31.427 request_id=GGRUMrlaHFzo7M8AAGCF [info] [EMAIL] Email sent successfully via Postmark
14:25:31.427 request_id=GGRUMrlaHFzo7M8AAGCF [info] Successfully sent scheduled email
14:25:31.427 request_id=GGRUMrlaHFzo7M8AAGCF [info] [EmailWorker] Insert result
14:25:31.427 request_id=GGRUMrlaHFzo7M8AAGCF [info] [EmailWorker] Schedule result
14:25:31.427 request_id=GGRUMrlaHFzo7M8AAGCF [info] [PAGE CONTROLLER] EmailSequence.start_early_access_onboarding_sequence returned
14:25:31.427 request_id=GGRUMrlaHFzo7M8AAGCF [debug] Sending email with Bamboo.TestAdapter:

%Bamboo.Email{from: {"RSOLV Team", "support@rsolv.dev"}, to: [nil: "admin@rsolv.dev"], cc: [], bcc: [], subject: "🎉 New RSOLV Signup: test@example.com", html_body: "<!DOCTYPE html>\n<html>\n<head>\n  <meta charset=\"utf-8\">\n  <style>\n    body { font-family: -apple-system, BlinkMacSystemFont, 'Segoe UI', Roboto, sans-serif; line-height: 1.6; color: #333; }\n    .container { max-width: 600px; margin: 0 auto; padding: 20px; }\n    .header { background: #10b981; color: white; padding: 20px; border-radius: 8px 8px 0 0; }\n    .content { background: #f9fafb; padding: 20px; border: 1px solid #e5e7eb; border-radius: 0 0 8px 8px; }\n    .metric { display: inline-block; margin: 10px 20px 10px 0; }\n    .metric-label { font-size: 12px; color: #6b7280; text-transform: uppercase; }\n    .metric-value { font-size: 18px; font-weight: bold; color: #111827; }\n    .details { background: white; padding: 15px; border-radius: 4px; margin: 15px 0; }\n    .detail-row { display: flex; justify-content: space-between; padding: 8px 0; border-bottom: 1px solid #f3f4f6; }\n    .detail-row:last-child { border-bottom: none; }\n    .detail-label { font-weight: 500; color: #6b7280; }\n    .detail-value { color: #111827; }\n    .utm-badge { display: inline-block; background: #dbeafe; color: #1e40af; padding: 2px 8px; border-radius: 4px; font-size: 12px; margin-left: 4px; }\n  </style>\n</head>\n<body>\n  <div class=\"container\">\n    <div class=\"header\">\n      <h1 style=\"margin: 0; font-size: 24px;\">🎉 New RSOLV Signup!</h1>\n      <p style=\"margin: 5px 0 0 0; opacity: 0.9;\">September 11, 2025 at 08:25 PM UTC</p>\n    </div>\n    \n    <div class=\"content\">\n      <div class=\"metric\">\n        <div class=\"metric-label\">Email</div>\n        <div class=\"metric-value\">test@example.com</div>\n      </div>\n      \n      \n      \n      <div class=\"details\">\n        <h3 style=\"margin-top: 0;\">Signup Details</h3>\n        \n        <div class=\"detail-row\">\n          <span class=\"detail-label\">Source</span>\n          <span class=\"detail-value\">\n            landing_page\n            \n          </span>\n        </div>\n        \n        \n        \n        \n        \n        \n      </div>\n      \n      <div style=\"margin-top: 20px; text-align: center;\">\n        <a href=\"https://rsolv.dev/live/dashboard\" style=\"display: inline-block; background: #10b981; color: white; padding: 10px 20px; text-decoration: none; border-radius: 4px;\">\n          View Dashboard\n        </a>\n      </div>\n    </div>\n  </div>\n</body>\n</html>\n", text_body: "🎉 New RSOLV Signup!\n\nEmail: test@example.com\n\nTime: September 11, 2025 at 08:25 PM UTC\n\nSource Details:\n- Source: landing_page\n\n\n\n\n\nView full dashboard: https://rsolv.dev/live/dashboard\n", headers: %{"Message-ID" => "<1757622331.693340@rsolv.dev>", "X-Postmark-Tag" => "admin-notification", "X-Priority" => "1"}, attachments: [], assigns: %{}, private: %{tag: "admin-notification"}, blocked: false}

14:25:31.427 request_id=GGRUMrlaHFzo7M8AAGCF [info] Admin notification sent for new signup
14:25:31.427 request_id=GGRUMrlaHFzo7M8AAGCF [info] Sent 302 in 11ms
.14:25:31.428 [debug] QUERY OK source="fun_with_flags_toggles" db=0.1ms
INSERT INTO "fun_with_flags_toggles" AS f0 ("enabled","target","flag_name","gate_type") VALUES ($1,$2,$3,$4) ON CONFLICT ("flag_name","gate_type","target") DO UPDATE SET "enabled" = $5 RETURNING "id" [true, "_fwf_none", "early_access_signup", "boolean", true]
14:25:31.429 [debug] QUERY OK source="fun_with_flags_toggles" db=0.2ms
SELECT f0."id", f0."flag_name", f0."gate_type", f0."target", f0."enabled" FROM "fun_with_flags_toggles" AS f0 WHERE (f0."flag_name" = $1) ["early_access_signup"]
14:25:31.429 [debug] Telemetry event: [:fun_with_flags, :persistence, :write], metadata: %{flag_name: :early_access_signup, gate: %FunWithFlags.Gate{type: :boolean, for: nil, enabled: true}}, measurements: %{system_time: 1757622331429093397}
14:25:31.429 [debug] QUERY OK source="fun_with_flags_toggles" db=0.2ms
INSERT INTO "fun_with_flags_toggles" AS f0 ("enabled","target","flag_name","gate_type") VALUES ($1,$2,$3,$4) ON CONFLICT ("flag_name","gate_type","target") DO UPDATE SET "enabled" = $5 RETURNING "id" [true, "_fwf_none", "welcome_email_sequence", "boolean", true]
14:25:31.429 [debug] QUERY OK source="fun_with_flags_toggles" db=0.1ms
SELECT f0."id", f0."flag_name", f0."gate_type", f0."target", f0."enabled" FROM "fun_with_flags_toggles" AS f0 WHERE (f0."flag_name" = $1) ["welcome_email_sequence"]
14:25:31.429 [debug] Telemetry event: [:fun_with_flags, :persistence, :write], metadata: %{flag_name: :welcome_email_sequence, gate: %FunWithFlags.Gate{type: :boolean, for: nil, enabled: true}}, measurements: %{system_time: 1757622331429867146}
14:25:31.429 request_id=GGRUMrotcYV_BoMAAE4G [info] POST /early-access
14:25:31.430 request_id=GGRUMrotcYV_BoMAAE4G [debug] Processing with RsolvWeb.PageController.submit_early_access/2
  Parameters: %{"email" => "tester@example.com", "signup" => %{"email" => "tester@example.com"}}
  Pipelines: [:browser]
14:25:31.430 request_id=GGRUMrotcYV_BoMAAE4G [debug] QUERY OK source="fun_with_flags_toggles" db=0.1ms
SELECT f0."id", f0."flag_name", f0."gate_type", f0."target", f0."enabled" FROM "fun_with_flags_toggles" AS f0 WHERE (f0."flag_name" = $1) ["early_access_signup"]
14:25:31.430 request_id=GGRUMrotcYV_BoMAAE4G [debug] Telemetry event: [:fun_with_flags, :persistence, :read], metadata: %{flag_name: :early_access_signup, gate: nil}, measurements: %{system_time: 1757622331430352287}
14:25:31.430 request_id=GGRUMrotcYV_BoMAAE4G [debug] Extracted UTM parameters: %{}
14:25:31.430 request_id=GGRUMrotcYV_BoMAAE4G [info] Analytics event tracked
14:25:31.430 request_id=GGRUMrotcYV_BoMAAE4G [debug] QUERY OK db=0.1ms queue=0.1ms
SELECT create_analytics_partition_if_not_exists($1::date) [~D[2025-09-11]]
14:25:31.430 request_id=GGRUMrotcYV_BoMAAE4G [debug] QUERY OK source="analytics_events" db=0.1ms
INSERT INTO "analytics_events" ("metadata","event_type","visitor_id","page_path","inserted_at","updated_at") VALUES ($1,$2,$3,$4,$5,$6) RETURNING "id" [%{status: "submit", os: "unknown", form_id: "early-access", browser: "unknown", utm_source_platform: nil, utm_source_campaign: nil, utm_source_content: nil, device_type: "unknown"}, "form_submit", "89e2f952cd29cd5d90e6ed4c969a718f", "/early-access", ~N[2025-09-11 20:25:31], ~N[2025-09-11 20:25:31]]
14:25:31.430 request_id=GGRUMrotcYV_BoMAAE4G [info] Form submission received
14:25:31.430 request_id=GGRUMrotcYV_BoMAAE4G [info] Valid email received for processing: tester@example.com, validation passed
14:25:31.431 request_id=GGRUMrotcYV_BoMAAE4G [debug] Extracted UTM parameters: %{}
14:25:31.431 request_id=GGRUMrotcYV_BoMAAE4G [debug] QUERY OK source="early_access_signups" db=0.0ms
INSERT INTO "early_access_signups" ("name","email","referral_source","inserted_at") VALUES ($1,$2,$3,$4) RETURNING "id" ["Tester", "tester@example.com", "landing_page", ~N[2025-09-11 20:25:31]]
14:25:31.431 request_id=GGRUMrotcYV_BoMAAE4G [debug] QUERY OK source="early_access_signups" db=0.0ms
SELECT count(e0."id") FROM "early_access_signups" AS e0 []
14:25:31.431 request_id=GGRUMrotcYV_BoMAAE4G [info] Successfully saved signup to database
14:25:31.431 request_id=GGRUMrotcYV_BoMAAE4G [info] ConvertKit API key present: true
Mock HTTP POST called with URL: https://api.convertkit.com/v3/subscribers
14:25:31.431 request_id=GGRUMrotcYV_BoMAAE4G [info] ConvertKit API request successful
14:25:31.431 request_id=GGRUMrotcYV_BoMAAE4G [info] ConvertKit: Successfully added subscriber
14:25:31.431 request_id=GGRUMrotcYV_BoMAAE4G [info] Analytics event tracked
14:25:31.431 request_id=GGRUMrotcYV_BoMAAE4G [debug] QUERY OK db=0.1ms queue=0.1ms
SELECT create_analytics_partition_if_not_exists($1::date) [~D[2025-09-11]]
14:25:31.432 request_id=GGRUMrotcYV_BoMAAE4G [debug] QUERY OK source="analytics_events" db=0.2ms
INSERT INTO "analytics_events" ("metadata","event_type","visitor_id","page_path","inserted_at","updated_at") VALUES ($1,$2,$3,$4,$5,$6) RETURNING "id" [%{status: "success", os: "unknown", source: "landing_page", form_id: "early-access", browser: "unknown", utm_source_platform: nil, utm_source_campaign: nil, utm_source_content: nil, device_type: "unknown", conversion_type: "early_access_signup", email_domain: "example.com"}, "form_success", "89e2f952cd29cd5d90e6ed4c969a718f", "/early-access", ~N[2025-09-11 20:25:31], ~N[2025-09-11 20:25:31]]
14:25:31.432 request_id=GGRUMrotcYV_BoMAAE4G [info] Analytics event tracked
14:25:31.432 request_id=GGRUMrotcYV_BoMAAE4G [debug] QUERY OK db=0.0ms
SELECT create_analytics_partition_if_not_exists($1::date) [~D[2025-09-11]]
14:25:31.432 request_id=GGRUMrotcYV_BoMAAE4G [debug] QUERY OK source="analytics_events" db=0.1ms
INSERT INTO "analytics_events" ("metadata","event_type","visitor_id","page_path","inserted_at","updated_at") VALUES ($1,$2,$3,$4,$5,$6) RETURNING "id" [%{os: "unknown", source: "landing_page", form_id: "early-access", browser: "unknown", utm_source_platform: nil, utm_source_campaign: nil, utm_source_content: nil, device_type: "unknown", conversion_type: "early_access_signup", email_domain: "example.com"}, "conversion", "89e2f952cd29cd5d90e6ed4c969a718f", "/early-access", ~N[2025-09-11 20:25:31], ~N[2025-09-11 20:25:31]]
14:25:31.432 request_id=GGRUMrotcYV_BoMAAE4G [debug] QUERY OK source="fun_with_flags_toggles" db=0.0ms
SELECT f0."id", f0."flag_name", f0."gate_type", f0."target", f0."enabled" FROM "fun_with_flags_toggles" AS f0 WHERE (f0."flag_name" = $1) ["welcome_email_sequence"]
14:25:31.432 request_id=GGRUMrotcYV_BoMAAE4G [debug] Telemetry event: [:fun_with_flags, :persistence, :read], metadata: %{flag_name: :welcome_email_sequence, gate: nil}, measurements: %{system_time: 1757622331432870751}
14:25:31.432 request_id=GGRUMrotcYV_BoMAAE4G [info] [PAGE CONTROLLER] Welcome email sequence is ENABLED, starting sequence
14:25:31.432 request_id=GGRUMrotcYV_BoMAAE4G [info] [PAGE CONTROLLER] About to call EmailSequence.start_early_access_onboarding_sequence
14:25:31.432 request_id=GGRUMrotcYV_BoMAAE4G [info] [EMAIL SEQUENCE] Starting early access onboarding sequence
14:25:31.432 request_id=GGRUMrotcYV_BoMAAE4G [info] [EMAIL SEQUENCE] About to call EmailService.send_early_access_welcome_email
14:25:31.432 request_id=GGRUMrotcYV_BoMAAE4G [info] [EMAIL] send_early_access_welcome_email called
14:25:31.433 request_id=GGRUMrotcYV_BoMAAE4G [info] [EMAIL DEBUG] Full email struct before sending
14:25:31.433 request_id=GGRUMrotcYV_BoMAAE4G [info] [EMAIL DEBUG] Extracted recipient email
14:25:31.433 request_id=GGRUMrotcYV_BoMAAE4G [info] [EMAIL DEBUG] Postmark configuration
14:25:31.433 request_id=GGRUMrotcYV_BoMAAE4G [info] [EMAIL DEBUG] Email configuration
14:25:31.433 request_id=GGRUMrotcYV_BoMAAE4G [info] [EMAIL] Attempting to send email via Postmark
14:25:31.433 request_id=GGRUMrotcYV_BoMAAE4G [debug] Sending email with Bamboo.TestAdapter:

%Bamboo.Email{from: {"RSOLV Team", "support@rsolv.dev"}, to: [nil: "tester@example.com"], cc: [], bcc: [], subject: "Welcome to RSOLV Early Access Program", html_body: "<div style=\"font-family: 'Helvetica Neue', Helvetica, Arial, sans-serif; max-width: 600px; margin: 0 auto; padding: 20px;\">\n  <h1 style=\"color: #2C3E50; margin-bottom: 20px;\">Welcome to RSOLV Early Access Program!</h1>\n\n  <p>Hi Tester,</p>\n\n  <p>Thank you for joining our Early Access Program! You're now part of an exclusive group getting first access to RSOLV.</p>\n\n  <p>Here's what you need to know:</p>\n\n  <ul>\n    <li>You have full access to all current features</li>\n    <li>Your feedback is incredibly valuable to us during this phase</li>\n    <li>You'll receive priority support via email</li>\n  </ul>\n\n  <p>To get started with RSOLV:</p>\n\n  <ol>\n    <li><strong>Your API key will be sent in a follow-up email within 24 hours</strong></li>\n    <li>Once you receive your API key, install our GitHub Action (code below)</li>\n    <li>Set up your repository secrets with your API key</li>\n    <li>Tag your first issues with \"rsolv:automate\"</li>\n  </ol>\n\n  <div style=\"background-color: #fff3cd; border: 1px solid #ffeaa7; color: #856404; padding: 10px; border-radius: 5px; margin: 15px 0;\">\n    <strong>⏳ API Key Coming Soon:</strong> We'll send your personal API key within 24 hours. Look for an email with subject \"Your RSOLV API Key\".\n  </div>\n\n  <div style=\"background-color: #f8f9fa; padding: 15px; border-radius: 5px; margin: 20px 0;\">\n    <pre style=\"margin: 0; overflow-x: auto; white-space: pre-wrap; font-family: monospace;\">name: RSOLV AutoFix\non:\n  issues:\n    types: [opened, edited, labeled]\n\njobs:\n  autofix:\n    runs-on: ubuntu-latest\n    if: contains(github.event.issue.labels.*.name, 'rsolv:automate')\n    steps:\n      - uses: RSOLV-dev/rsolv-action@v1\n        with:\n          github-token: ${{ secrets.GITHUB_TOKEN }}\n          rsolv-api-key: ${{ secrets.RSOLV_API_KEY }}</pre>\n  </div>\n\n  <p>Need help? As an Early Access member, you have priority support - contact us at <a href=\"mailto:support@rsolv.dev\">support@rsolv.dev</a> and we'll personally assist you.</p>\n\n  <p>Your trial includes unlimited automated fixes during the Early Access period.</p>\n\n  <div style=\"margin-top: 30px; padding: 15px; border: 1px solid #e0e0e0; border-radius: 5px; background-color: #f9f9f9;\">\n    <h3 style=\"margin-top: 0; color: #2C3E50;\">Early Access Program Benefits</h3>\n    <ul>\n      <li>Unlimited usage during Early Access</li>\n      <li>Priority support and feature requests</li>\n      <li>Exclusive pricing when we launch</li>\n      <li>Direct access to our development team</li>\n    </ul>\n  </div>\n\n  <p>Best,<br>The RSOLV Team</p>\n\n  <div class=\"footer\" style=\"margin-top: 40px; padding-top: 20px; border-top: 1px solid #e0e0e0; font-size: 0.9em; color: #666;\">\n    <p>\n      You're receiving this email because you joined the RSOLV Early Access Program.\n      <br>\n      If you have any questions, simply reply to this email.\n    </p>\n    <p>\n      RSOLV, Inc. • support@rsolv.dev • © 2025\n    </p>\n    <p>\n      <a href=\"https://rsolv.dev/unsubscribe?email=tester@example.com\">Unsubscribe</a> from these emails.\n    </p>\n  </div>\n</div>\n", text_body: "Welcome to RSOLV Early Access Program!\n\nHi Tester,\n\nThank you for joining our Early Access Program! You're now part of an exclusive group getting first access to RSOLV.\n\nHere's what you need to know:\n- You have full access to all current features\n- Your feedback is incredibly valuable to us during this phase\n- You'll receive priority support via email\n\nTo get started with RSOLV:\n1. Your API key will be sent in a follow-up email within 24 hours\n2. Once you receive your API key, install our GitHub Action\n3. Set up your repository secrets with your API key\n4. Tag your first issues with \"AUTOFIX\"\n\n⏳ API KEY COMING SOON: We'll send your personal API key within 24 hours. Look for an email with subject \"Your RSOLV API Key\".\n\nNeed help? As an Early Access member, you have priority support - contact us at support@rsolv.dev and we'll personally assist you.\n\nYour trial includes unlimited automated fixes during the Early Access period.\n\nEARLY ACCESS PROGRAM BENEFITS:\n* Unlimited usage during Early Access\n* Priority support and feature requests\n* Exclusive pricing when we launch\n* Direct access to our development team\n\nBest,\nThe RSOLV Team\n\n---\nYou're receiving this email because you joined the RSOLV Early Access Program.\nIf you have any questions, simply reply to this email.\n\nRSOLV, Inc. • support@rsolv.dev\n\nTo unsubscribe, visit: https://rsolv.dev/unsubscribe?email=tester@example.com\n", headers: %{"X-Postmark-Tag" => "early-access"}, attachments: [], assigns: %{}, private: %{tag: "early-access"}, blocked: false}

14:25:31.433 request_id=GGRUMrotcYV_BoMAAE4G [info] [EMAIL DEBUG] Raw Postmark response
14:25:31.433 request_id=GGRUMrotcYV_BoMAAE4G [info] [EMAIL] Email sent successfully via Postmark
14:25:31.433 request_id=GGRUMrotcYV_BoMAAE4G [info] [EMAIL SEQUENCE] EmailService.send_early_access_welcome_email returned
14:25:31.433 request_id=GGRUMrotcYV_BoMAAE4G [info] Attempting to tag subscriber
14:25:31.433 request_id=GGRUMrotcYV_BoMAAE4G [info] ConvertKit: Attempting to tag tester@example.com with tag 7700607
Mock HTTP POST called with URL: https://api.convertkit.com/v3/tags/7700607/subscribe
14:25:31.433 request_id=GGRUMrotcYV_BoMAAE4G [info] ConvertKit: Successfully tagged tester@example.com
14:25:31.433 request_id=GGRUMrotcYV_BoMAAE4G [info] [EmailWorker] schedule_sequence called
14:25:31.433 request_id=GGRUMrotcYV_BoMAAE4G [info] [EmailWorker] Found sequence
14:25:31.433 request_id=GGRUMrotcYV_BoMAAE4G [info] [EmailWorker] Processing email config
14:25:31.433 request_id=GGRUMrotcYV_BoMAAE4G [info] [EmailWorker] Skipping immediate email
14:25:31.433 request_id=GGRUMrotcYV_BoMAAE4G [info] [EmailWorker] Processing email config
14:25:31.433 request_id=GGRUMrotcYV_BoMAAE4G [info] [EmailWorker] Scheduling email
14:25:31.433 request_id=GGRUMrotcYV_BoMAAE4G [info] [EmailWorker] Creating Oban job
14:25:31.433 request_id=GGRUMrotcYV_BoMAAE4G [info] [EmailWorker] Job created
14:25:31.433 request_id=GGRUMrotcYV_BoMAAE4G [info] Processing scheduled email
14:25:31.433 request_id=GGRUMrotcYV_BoMAAE4G [error] Failed to send scheduled email
14:25:31.433 request_id=GGRUMrotcYV_BoMAAE4G [info] [EmailWorker] Insert result
14:25:31.434 request_id=GGRUMrotcYV_BoMAAE4G [info] [EmailWorker] Schedule result
14:25:31.434 request_id=GGRUMrotcYV_BoMAAE4G [info] [EmailWorker] Processing email config
14:25:31.434 request_id=GGRUMrotcYV_BoMAAE4G [info] [EmailWorker] Scheduling email
14:25:31.434 request_id=GGRUMrotcYV_BoMAAE4G [info] [EmailWorker] Creating Oban job
14:25:31.434 request_id=GGRUMrotcYV_BoMAAE4G [info] [EmailWorker] Job created
14:25:31.434 request_id=GGRUMrotcYV_BoMAAE4G [info] Processing scheduled email
14:25:31.434 request_id=GGRUMrotcYV_BoMAAE4G [info] [EMAIL DEBUG] Full email struct before sending
14:25:31.434 request_id=GGRUMrotcYV_BoMAAE4G [info] [EMAIL DEBUG] Extracted recipient email
14:25:31.434 request_id=GGRUMrotcYV_BoMAAE4G [info] [EMAIL DEBUG] Postmark configuration
14:25:31.434 request_id=GGRUMrotcYV_BoMAAE4G [info] [EMAIL DEBUG] Email configuration
14:25:31.434 request_id=GGRUMrotcYV_BoMAAE4G [info] [EMAIL] Attempting to send email via Postmark
14:25:31.434 request_id=GGRUMrotcYV_BoMAAE4G [debug] Sending email with Bamboo.TestAdapter:

%Bamboo.Email{from: {"RSOLV Team", "support@rsolv.dev"}, to: [nil: "tester@example.com"], cc: [], bcc: [], subject: "Verify Your RSOLV Setup - Need Any Help?", html_body: "<!DOCTYPE html>\n<html lang=\"en\">\n<head>\n  <meta charset=\"UTF-8\">\n  <meta name=\"viewport\" content=\"width=device-width, initial-scale=1.0\">\n  <title>Verify Your RSOLV Setup</title>\n  <style>\n    @import url('https://fonts.googleapis.com/css2?family=Space+Grotesk:wght@300;400;500;700&display=swap');\n    \n    body {\n      font-family: 'Space Grotesk', -apple-system, BlinkMacSystemFont, \"Segoe UI\", Roboto, Helvetica, Arial, sans-serif;\n      line-height: 1.6;\n      color: #333;\n      max-width: 600px;\n      margin: 0 auto;\n      padding: 20px;\n      background-color: #f8f9fa;\n    }\n    .container {\n      background-color: #ffffff;\n      border-radius: 8px;\n      padding: 30px;\n      box-shadow: 0 4px 6px rgba(0, 0, 0, 0.05);\n    }\n    .logo {\n      text-align: center;\n      margin-bottom: 30px;\n    }\n    .logo img {\n      max-width: 200px;\n    }\n    h1, h2, h3 {\n      color: #10b981;\n    }\n    .checklist {\n      background-color: #f3f4f6;\n      padding: 20px;\n      border-radius: 8px;\n      margin: 20px 0;\n    }\n    .checklist-item {\n      display: flex;\n      align-items: center;\n      margin-bottom: 15px;\n    }\n    .checklist-item input[type=\"checkbox\"] {\n      margin-right: 10px;\n    }\n    .status-box {\n      background-color: #fff3cd;\n      border: 1px solid #ffeaa7;\n      padding: 15px;\n      border-radius: 8px;\n      margin: 20px 0;\n    }\n    .success-box {\n      background-color: #d4edda;\n      border: 1px solid #c3e6cb;\n      padding: 15px;\n      border-radius: 8px;\n      margin: 20px 0;\n    }\n    .code {\n      background-color: #2d3748;\n      color: #e2e8f0;\n      padding: 15px;\n      border-radius: 5px;\n      font-family: 'Courier New', monospace;\n      overflow-x: auto;\n      margin: 15px 0;\n    }\n    .cta {\n      background-color: #10b981;\n      color: white;\n      padding: 12px 24px;\n      border-radius: 5px;\n      display: inline-block;\n      text-decoration: none;\n      font-weight: bold;\n      margin: 20px 0;\n    }\n    .footer {\n      margin-top: 40px;\n      font-size: 14px;\n      color: #6b7280;\n      border-top: 1px solid #e5e7eb;\n      padding-top: 20px;\n      text-align: center;\n    }\n  </style>\n</head>\n<body>\n  <div class=\"container\">\n    <div class=\"logo\">\n      <img src=\"https://rsolv.dev/images/rsolv_logo_transparent.png\" alt=\"RSOLV Logo\">\n    </div>\n    \n    <h1>Let's Verify Your RSOLV Setup</h1>\n    \n    <p>Hi {@first_name},</p>\n    \n    <p>It's been a few days since you signed up for RSOLV. We want to make sure you're all set up and ready to benefit from automated security scanning and remediation!</p>\n    \n    <div class=\"checklist\">\n      <h3>Quick Setup Checklist:</h3>\n      <div class=\"checklist-item\">\n        <input type=\"checkbox\" disabled> Connected your repositories for security scanning\n      </div>\n      <div class=\"checklist-item\">\n        <input type=\"checkbox\" disabled> Added the GitHub Action workflow for automated fixes\n      </div>\n      <div class=\"checklist-item\">\n        <input type=\"checkbox\" disabled> Set up your RSOLV_API_KEY as a repository secret\n      </div>\n      <div class=\"checklist-item\">\n        <input type=\"checkbox\" disabled> Reviewed security issues found by RSOLV\n      </div>\n      <div class=\"checklist-item\">\n        <input type=\"checkbox\" disabled> Generated and merged your first security fix PR\n      </div>\n    </div>\n    \n    <h2>Need Help with Setup?</h2>\n    \n    <p>If you haven't completed setup yet, here's a quick reminder of the steps:</p>\n    \n    <div class=\"code\">\n# In .github/workflows/rsolv.yml:\nname: RSOLV Security Fixes\n\non:\n  issues:\n    types: [labeled]\n\njobs:\n  security-fix:\n    if: contains(github.event.issue.labels.*.name, 'rsolv:automate')\n    runs-on: ubuntu-latest\n    steps:\n      - uses: rsolv-dev/rsolv-action@v1\n        with:\n          github-token: ${\"{{ secrets.GITHUB_TOKEN }}\"}\n          rsolv-api-key: ${\"{{ secrets.RSOLV_API_KEY }}\"}\n    </div>\n    \n    <div class=\"status-box\">\n      <strong>🎁 Remember:</strong> Your first 10 fixes are completely free! No credit card required. After that, you only pay $15 per fix that gets deployed.\n   " <> ..., text_body: "Let's Verify Your RSOLV Setup\n\nHi Tester,\n\nIt's been a few days since you signed up for RSOLV. We want to make sure you're all set up and ready to automate your issue resolution!\n\nQuick Setup Checklist:\n[ ] Added the GitHub Action workflow to your repository\n[ ] Set up your RSOLV_API_KEY as a repository secret\n[ ] Tagged your first issue with \"rsolv:automate\"\n[ ] Reviewed and merged your first automated PR\n\nNeed Help with Setup?\nIf you haven't completed setup yet, visit: https://rsolv.dev/docs/getting-started\n\nRemember: Your first 10 fixes are completely free! No credit card required. After that, you only pay $15 per fix that gets deployed.\n\nCommon Questions:\n- Where do I get my API key? Check your welcome email or visit your dashboard\n- Can I use RSOLV on private repos? Yes! RSOLV works with both public and private repositories\n- What types of issues can RSOLV fix? Bug fixes, security vulnerabilities, performance issues, and more\n- How secure is it? We analyze every fix for security vulnerabilities before creating PRs\n\nPro Tip: Start with a simple issue first - something like \"Fix typo in README\" or \"Update deprecated function calls\".\n\nReady to get started? Tag an issue with \"rsolv:automate\" and watch the magic happen!\n\nIf you're stuck or have questions, just reply to this email.\n\nBest regards,\nThe RSOLV Team\n\n---\nTo unsubscribe, visit: https://rsolv.dev/unsubscribe?email=tester@example.com\n", headers: %{"X-Postmark-Tag" => "setup-verification"}, attachments: [], assigns: %{}, private: %{tag: "setup-verification"}, blocked: false}

14:25:31.434 request_id=GGRUMrotcYV_BoMAAE4G [info] [EMAIL DEBUG] Raw Postmark response
14:25:31.434 request_id=GGRUMrotcYV_BoMAAE4G [info] [EMAIL] Email sent successfully via Postmark
14:25:31.434 request_id=GGRUMrotcYV_BoMAAE4G [info] Successfully sent scheduled email
14:25:31.434 request_id=GGRUMrotcYV_BoMAAE4G [info] [EmailWorker] Insert result
14:25:31.434 request_id=GGRUMrotcYV_BoMAAE4G [info] [EmailWorker] Schedule result
14:25:31.434 request_id=GGRUMrotcYV_BoMAAE4G [info] [EmailWorker] Processing email config
14:25:31.434 request_id=GGRUMrotcYV_BoMAAE4G [info] [EmailWorker] Scheduling email
14:25:31.434 request_id=GGRUMrotcYV_BoMAAE4G [info] [EmailWorker] Creating Oban job
14:25:31.434 request_id=GGRUMrotcYV_BoMAAE4G [info] [EmailWorker] Job created
14:25:31.434 request_id=GGRUMrotcYV_BoMAAE4G [info] Processing scheduled email
14:25:31.435 request_id=GGRUMrotcYV_BoMAAE4G [info] [EMAIL DEBUG] Full email struct before sending
14:25:31.435 request_id=GGRUMrotcYV_BoMAAE4G [info] [EMAIL DEBUG] Extracted recipient email
14:25:31.435 request_id=GGRUMrotcYV_BoMAAE4G [info] [EMAIL DEBUG] Postmark configuration
14:25:31.435 request_id=GGRUMrotcYV_BoMAAE4G [info] [EMAIL DEBUG] Email configuration
14:25:31.435 request_id=GGRUMrotcYV_BoMAAE4G [info] [EMAIL] Attempting to send email via Postmark
14:25:31.435 request_id=GGRUMrotcYV_BoMAAE4G [debug] Sending email with Bamboo.TestAdapter:

%Bamboo.Email{from: {"RSOLV Team", "support@rsolv.dev"}, to: [nil: "tester@example.com"], cc: [], bcc: [], subject: "Advanced RSOLV Features You Might Have Missed", html_body: "<!DOCTYPE html>\n<html lang=\"en\">\n<head>\n  <meta charset=\"UTF-8\">\n  <meta name=\"viewport\" content=\"width=device-width, initial-scale=1.0\">\n  <title>Advanced RSOLV Features</title>\n  <style>\n    @import url('https://fonts.googleapis.com/css2?family=Space+Grotesk:wght@300;400;500;700&display=swap');\n    \n    body {\n      font-family: 'Space Grotesk', -apple-system, BlinkMacSystemFont, \"Segoe UI\", Roboto, Helvetica, Arial, sans-serif;\n      line-height: 1.6;\n      color: #333;\n      max-width: 600px;\n      margin: 0 auto;\n      padding: 20px;\n      background-color: #f8f9fa;\n    }\n    .container {\n      background-color: #ffffff;\n      border-radius: 8px;\n      padding: 30px;\n      box-shadow: 0 4px 6px rgba(0, 0, 0, 0.05);\n    }\n    .logo {\n      text-align: center;\n      margin-bottom: 30px;\n    }\n    .logo img {\n      max-width: 200px;\n    }\n    h1, h2, h3 {\n      color: #10b981;\n    }\n    .feature-card {\n      background-color: #f3f4f6;\n      padding: 20px;\n      border-radius: 8px;\n      margin-bottom: 20px;\n      border-left: 4px solid #10b981;\n    }\n    .feature-card h3 {\n      margin-top: 0;\n    }\n    .code {\n      background-color: #2d3748;\n      color: #e2e8f0;\n      padding: 15px;\n      border-radius: 5px;\n      font-family: 'Courier New', monospace;\n      overflow-x: auto;\n      margin: 15px 0;\n      font-size: 14px;\n    }\n    .pro-tip {\n      background-color: #fff3cd;\n      border: 1px solid #ffeaa7;\n      padding: 15px;\n      border-radius: 8px;\n      margin: 20px 0;\n    }\n    .security-highlight {\n      background-color: #d4edda;\n      border: 1px solid #c3e6cb;\n      padding: 15px;\n      border-radius: 8px;\n      margin: 20px 0;\n    }\n    .cta {\n      background-color: #10b981;\n      color: white;\n      padding: 12px 24px;\n      border-radius: 5px;\n      display: inline-block;\n      text-decoration: none;\n      font-weight: bold;\n      margin: 20px 0;\n    }\n    .footer {\n      margin-top: 40px;\n      font-size: 14px;\n      color: #6b7280;\n      border-top: 1px solid #e5e7eb;\n      padding-top: 20px;\n      text-align: center;\n    }\n  </style>\n</head>\n<body>\n  <div class=\"container\">\n    <div class=\"logo\">\n      <img src=\"https://rsolv.dev/images/rsolv_logo_transparent.png\" alt=\"RSOLV Logo\">\n    </div>\n    \n    <h1>Unlock the Full Power of RSOLV</h1>\n    \n    <p>Hi {@first_name},</p>\n    \n    <p>You've been using RSOLV for a few days now. Here are some advanced features and techniques that can help you get even more value from automated security scanning and vulnerability remediation:</p>\n    \n    <div class=\"feature-card\">\n      <h3>🎯 Understanding RSOLV's Proactive Scanning</h3>\n      <p>RSOLV continuously scans your repositories for security vulnerabilities and automatically creates issues with detailed remediation plans:</p>\n      <ul>\n        <li><strong>Automated detection:</strong> Scans all files for 180+ vulnerability patterns (and growing)</li>\n        <li><strong>Smart grouping:</strong> Groups similar issues for efficient review</li>\n        <li><strong>Detailed reports:</strong> Shows exact file locations and vulnerable code</li>\n        <li><strong>Fix generation:</strong> Creates secure PRs that address root causes</li>\n      </ul>\n    </div>\n    \n    <div class=\"feature-card\">\n      <h3>🔒 Comprehensive Security Coverage</h3>\n      <p>RSOLV proactively detects and fixes these vulnerability types across your codebase:</p>\n      <ul>\n        <li>SQL/NoSQL injection vulnerabilities</li>\n        <li>Cross-site scripting (XSS) risks</li>\n        <li>Authentication/authorization flaws</li>\n        <li>Insecure cryptographic implementations</li>\n        <li>Hardcoded secrets and API keys</li>\n        <li>Path traversal and open redirects</li>\n        <li>Insecure dependencies and configurations</li>\n      </ul>\n      <p>Each PR includes a detailed security impact assessment and verification tests.</p>\n    </div>\n    \n    <div class=\"security-highlight\">\n      <strong>🛡️ Security Example:</strong> When RSOLV detects unsafe user input handling, it automatically generates fixes with proper sanitization, p" <> ..., text_body: "Unlock the Full Power of RSOLV\n\nHi Tester,\n\nYou've been using RSOLV for a few days now. Here are some advanced features and techniques:\n\n1. Writing Better Issues for Better Fixes:\n   - Include error messages: Copy the full stack trace\n   - Specify the file/function: \"Fix pagination in UserList.js\"\n   - Describe expected behavior: \"Should show 10 users per page\"\n   - Add context: \"This broke after upgrading to React 18\"\n\n2. Security-First Fixes:\n   RSOLV automatically scans for:\n   - SQL injection vulnerabilities\n   - Cross-site scripting (XSS) risks\n   - Authentication/authorization issues\n   - Insecure dependencies\n   - Hardcoded secrets or API keys\n\n3. Batch Processing:\n   Tag multiple issues with \"rsolv:automate\" and RSOLV creates separate PRs for each.\n\n4. Customizing RSOLV Behavior:\n   Add these tags to your issues:\n   - [performance] - Optimize for speed\n   - [security] - Extra security focus\n   - [minimal] - Smallest possible change\n   - [refactor] - Clean up while fixing\n\nComing Soon:\n- Support for more languages (Go, Rust, PHP)\n- Custom fix preferences per repository\n- Team collaboration features\n- Integration with more platforms\n\nHave a feature request? Just reply to this email!\n\nView advanced documentation: https://rsolv.dev/docs/advanced\n\nBest regards,\nThe RSOLV Team\n\n---\nTo unsubscribe, visit: https://rsolv.dev/unsubscribe?email=tester@example.com\n", headers: %{"X-Postmark-Tag" => "feature-deep-dive"}, attachments: [], assigns: %{}, private: %{tag: "feature-deep-dive"}, blocked: false}

14:25:31.435 request_id=GGRUMrotcYV_BoMAAE4G [info] [EMAIL DEBUG] Raw Postmark response
14:25:31.435 request_id=GGRUMrotcYV_BoMAAE4G [info] [EMAIL] Email sent successfully via Postmark
14:25:31.435 request_id=GGRUMrotcYV_BoMAAE4G [info] Successfully sent scheduled email
14:25:31.435 request_id=GGRUMrotcYV_BoMAAE4G [info] [EmailWorker] Insert result
14:25:31.435 request_id=GGRUMrotcYV_BoMAAE4G [info] [EmailWorker] Schedule result
14:25:31.435 request_id=GGRUMrotcYV_BoMAAE4G [info] [EmailWorker] Processing email config
14:25:31.435 request_id=GGRUMrotcYV_BoMAAE4G [info] [EmailWorker] Scheduling email
14:25:31.435 request_id=GGRUMrotcYV_BoMAAE4G [info] [EmailWorker] Creating Oban job
14:25:31.435 request_id=GGRUMrotcYV_BoMAAE4G [info] [EmailWorker] Job created
14:25:31.435 request_id=GGRUMrotcYV_BoMAAE4G [info] Processing scheduled email
14:25:31.435 request_id=GGRUMrotcYV_BoMAAE4G [info] [EMAIL DEBUG] Full email struct before sending
14:25:31.435 request_id=GGRUMrotcYV_BoMAAE4G [info] [EMAIL DEBUG] Extracted recipient email
14:25:31.435 request_id=GGRUMrotcYV_BoMAAE4G [info] [EMAIL DEBUG] Postmark configuration
14:25:31.435 request_id=GGRUMrotcYV_BoMAAE4G [info] [EMAIL DEBUG] Email configuration
14:25:31.435 request_id=GGRUMrotcYV_BoMAAE4G [info] [EMAIL] Attempting to send email via Postmark
14:25:31.436 request_id=GGRUMrotcYV_BoMAAE4G [debug] Sending email with Bamboo.TestAdapter:

%Bamboo.Email{from: {"RSOLV Team", "support@rsolv.dev"}, to: [nil: "tester@example.com"], cc: [], bcc: [], subject: "How's Your Experience with RSOLV?", html_body: "<!DOCTYPE html>\n<html lang=\"en\">\n<head>\n  <meta charset=\"UTF-8\">\n  <meta name=\"viewport\" content=\"width=device-width, initial-scale=1.0\">\n  <title>How's Your RSOLV Experience?</title>\n  <style>\n    @import url('https://fonts.googleapis.com/css2?family=Space+Grotesk:wght@300;400;500;700&display=swap');\n    \n    body {\n      font-family: 'Space Grotesk', -apple-system, BlinkMacSystemFont, \"Segoe UI\", Roboto, Helvetica, Arial, sans-serif;\n      line-height: 1.6;\n      color: #333;\n      max-width: 600px;\n      margin: 0 auto;\n      padding: 20px;\n      background-color: #f8f9fa;\n    }\n    .container {\n      background-color: #ffffff;\n      border-radius: 8px;\n      padding: 30px;\n      box-shadow: 0 4px 6px rgba(0, 0, 0, 0.05);\n    }\n    .logo {\n      text-align: center;\n      margin-bottom: 30px;\n    }\n    .logo img {\n      max-width: 200px;\n    }\n    h1, h2, h3 {\n      color: #10b981;\n    }\n    .survey-card {\n      background-color: #f3f4f6;\n      padding: 20px;\n      border-radius: 8px;\n      margin: 20px 0;\n      text-align: center;\n    }\n    .rating-container {\n      display: flex;\n      justify-content: center;\n      gap: 10px;\n      margin: 20px 0;\n    }\n    .rating-box {\n      width: 40px;\n      height: 40px;\n      border: 2px solid #10b981;\n      border-radius: 8px;\n      display: flex;\n      align-items: center;\n      justify-content: center;\n      text-decoration: none;\n      color: #10b981;\n      font-weight: bold;\n      transition: all 0.3s ease;\n    }\n    .rating-box:hover {\n      background-color: #10b981;\n      color: white;\n    }\n    .question-box {\n      background-color: #f9fafb;\n      padding: 20px;\n      border-radius: 8px;\n      margin: 20px 0;\n      border-left: 4px solid #10b981;\n    }\n    .success-story {\n      background-color: #d4edda;\n      border: 1px solid #c3e6cb;\n      padding: 15px;\n      border-radius: 8px;\n      margin: 20px 0;\n    }\n    .cta {\n      background-color: #10b981;\n      color: white;\n      padding: 12px 24px;\n      border-radius: 5px;\n      display: inline-block;\n      text-decoration: none;\n      font-weight: bold;\n      margin: 20px 0;\n    }\n    .cta-secondary {\n      background-color: #6b7280;\n      color: white;\n      padding: 12px 24px;\n      border-radius: 5px;\n      display: inline-block;\n      text-decoration: none;\n      font-weight: bold;\n      margin: 20px 0;\n    }\n    .footer {\n      margin-top: 40px;\n      font-size: 14px;\n      color: #6b7280;\n      border-top: 1px solid #e5e7eb;\n      padding-top: 20px;\n      text-align: center;\n    }\n  </style>\n</head>\n<body>\n  <div class=\"container\">\n    <div class=\"logo\">\n      <img src=\"https://rsolv.dev/images/rsolv_logo_transparent.png\" alt=\"RSOLV Logo\">\n    </div>\n    \n    <h1>Quick Check-In: How's RSOLV Working for You?</h1>\n    \n    <p>Hi {@first_name},</p>\n    \n    <p>You've been using RSOLV for a week now, and we'd love to hear about your experience! Your feedback helps us make RSOLV better for everyone.</p>\n    \n    <div class=\"survey-card\">\n      <h3>How likely are you to recommend RSOLV to a colleague?</h3>\n      <p>Click a number below:</p>\n      <div class=\"rating-container\">\n        <a href=\"https://rsolv.dev/feedback?rating=1&email={@email}\" class=\"rating-box\">1</a>\n        <a href=\"https://rsolv.dev/feedback?rating=2&email={@email}\" class=\"rating-box\">2</a>\n        <a href=\"https://rsolv.dev/feedback?rating=3&email={@email}\" class=\"rating-box\">3</a>\n        <a href=\"https://rsolv.dev/feedback?rating=4&email={@email}\" class=\"rating-box\">4</a>\n        <a href=\"https://rsolv.dev/feedback?rating=5&email={@email}\" class=\"rating-box\">5</a>\n        <a href=\"https://rsolv.dev/feedback?rating=6&email={@email}\" class=\"rating-box\">6</a>\n        <a href=\"https://rsolv.dev/feedback?rating=7&email={@email}\" class=\"rating-box\">7</a>\n        <a href=\"https://rsolv.dev/feedback?rating=8&email={@email}\" class=\"rating-box\">8</a>\n        <a href=\"https://rsolv.dev/feedback?rating=9&email={@email}\" class=\"rating-box\">9</a>\n        <a href=\"https://rsolv.dev/feedback?rating=10&email={@email}\" class=\"rating-box\">10</a>\n      </div>\n" <> ..., text_body: "Quick Check-In: How's RSOLV Working for You?\n\nHi Tester,\n\nYou've been using RSOLV for a week now, and we'd love to hear about your experience!\n\nHow likely are you to recommend RSOLV to a colleague?\nRate us from 1-10: https://rsolv.dev/feedback?email=tester@example.com\n\nThree Quick Questions:\n1. What's been your favorite RSOLV fix so far?\n2. What feature would you like to see next?\n3. Any challenges or friction points?\n\nJust hit reply and share your thoughts - we read every response!\n\nDid You Know?\nHere are some ways other teams are using RSOLV:\n- Security audits: Tag all security-related issues for automated fixes\n- Tech debt cleanup: Fix deprecated function calls across the codebase\n- Onboarding tool: Let new devs see how fixes should be implemented\n- Weekend warrior: Queue up fixes on Friday, review on Monday\n\nThanks for being an early adopter!\n\nBest regards,\nDylan & The RSOLV Team\n\nP.S. If RSOLV has saved you time this week, we'd love to hear about it!\n\n---\nTo unsubscribe, visit: https://rsolv.dev/unsubscribe?email=tester@example.com\n", headers: %{"X-Postmark-Tag" => "feedback-request"}, attachments: [], assigns: %{}, private: %{tag: "feedback-request"}, blocked: false}

14:25:31.436 request_id=GGRUMrotcYV_BoMAAE4G [info] [EMAIL DEBUG] Raw Postmark response
14:25:31.436 request_id=GGRUMrotcYV_BoMAAE4G [info] [EMAIL] Email sent successfully via Postmark
14:25:31.436 request_id=GGRUMrotcYV_BoMAAE4G [info] Successfully sent scheduled email
14:25:31.436 request_id=GGRUMrotcYV_BoMAAE4G [info] [EmailWorker] Insert result
14:25:31.436 request_id=GGRUMrotcYV_BoMAAE4G [info] [EmailWorker] Schedule result
14:25:31.436 request_id=GGRUMrotcYV_BoMAAE4G [info] [EmailWorker] Processing email config
14:25:31.436 request_id=GGRUMrotcYV_BoMAAE4G [info] [EmailWorker] Scheduling email
14:25:31.436 request_id=GGRUMrotcYV_BoMAAE4G [info] [EmailWorker] Creating Oban job
14:25:31.436 request_id=GGRUMrotcYV_BoMAAE4G [info] [EmailWorker] Job created
14:25:31.436 request_id=GGRUMrotcYV_BoMAAE4G [info] Processing scheduled email
14:25:31.436 request_id=GGRUMrotcYV_BoMAAE4G [info] [EMAIL DEBUG] Full email struct before sending
14:25:31.436 request_id=GGRUMrotcYV_BoMAAE4G [info] [EMAIL DEBUG] Extracted recipient email
14:25:31.436 request_id=GGRUMrotcYV_BoMAAE4G [info] [EMAIL DEBUG] Postmark configuration
14:25:31.436 request_id=GGRUMrotcYV_BoMAAE4G [info] [EMAIL DEBUG] Email configuration
14:25:31.436 request_id=GGRUMrotcYV_BoMAAE4G [info] [EMAIL] Attempting to send email via Postmark
14:25:31.436 request_id=GGRUMrotcYV_BoMAAE4G [debug] Sending email with Bamboo.TestAdapter:

%Bamboo.Email{from: {"RSOLV Team", "support@rsolv.dev"}, to: [nil: "tester@example.com"], cc: [], bcc: [], subject: "Your RSOLV Success Report", html_body: "<!DOCTYPE html>\n<html lang=\"en\">\n<head>\n  <meta charset=\"UTF-8\">\n  <meta name=\"viewport\" content=\"width=device-width, initial-scale=1.0\">\n  <title>Your RSOLV Success Report</title>\n  <style>\n    @import url('https://fonts.googleapis.com/css2?family=Space+Grotesk:wght@300;400;500;700&display=swap');\n    \n    body {\n      font-family: 'Space Grotesk', -apple-system, BlinkMacSystemFont, \"Segoe UI\", Roboto, Helvetica, Arial, sans-serif;\n      line-height: 1.6;\n      color: #333;\n      max-width: 600px;\n      margin: 0 auto;\n      padding: 20px;\n      background-color: #f8f9fa;\n    }\n    .container {\n      background-color: #ffffff;\n      border-radius: 8px;\n      padding: 30px;\n      box-shadow: 0 4px 6px rgba(0, 0, 0, 0.05);\n    }\n    .logo {\n      text-align: center;\n      margin-bottom: 30px;\n    }\n    .logo img {\n      max-width: 200px;\n    }\n    h1, h2, h3 {\n      color: #10b981;\n    }\n    .stats-grid {\n      display: grid;\n      grid-template-columns: 1fr 1fr;\n      gap: 20px;\n      margin: 30px 0;\n    }\n    .stat-card {\n      background-color: #f3f4f6;\n      padding: 20px;\n      border-radius: 8px;\n      text-align: center;\n      border-top: 4px solid #10b981;\n    }\n    .stat-number {\n      font-size: 36px;\n      font-weight: bold;\n      color: #10b981;\n      margin: 10px 0;\n    }\n    .stat-label {\n      color: #6b7280;\n      font-size: 14px;\n    }\n    .achievement-banner {\n      background: linear-gradient(135deg, #10b981 0%, #059669 100%);\n      color: white;\n      padding: 20px;\n      border-radius: 8px;\n      text-align: center;\n      margin: 20px 0;\n    }\n    .timeline {\n      margin: 30px 0;\n    }\n    .timeline-item {\n      display: flex;\n      margin-bottom: 20px;\n      align-items: flex-start;\n    }\n    .timeline-marker {\n      width: 40px;\n      height: 40px;\n      background-color: #10b981;\n      color: white;\n      border-radius: 50%;\n      display: flex;\n      align-items: center;\n      justify-content: center;\n      flex-shrink: 0;\n      margin-right: 15px;\n    }\n    .timeline-content {\n      flex-grow: 1;\n    }\n    .pricing-highlight {\n      background-color: #fff3cd;\n      border: 1px solid #ffeaa7;\n      padding: 20px;\n      border-radius: 8px;\n      margin: 20px 0;\n      text-align: center;\n    }\n    .cta {\n      background-color: #10b981;\n      color: white;\n      padding: 12px 24px;\n      border-radius: 5px;\n      display: inline-block;\n      text-decoration: none;\n      font-weight: bold;\n      margin: 20px 0;\n    }\n    .cta-secondary {\n      background-color: #2563eb;\n      color: white;\n      padding: 12px 24px;\n      border-radius: 5px;\n      display: inline-block;\n      text-decoration: none;\n      font-weight: bold;\n      margin: 20px 0;\n    }\n    .footer {\n      margin-top: 40px;\n      font-size: 14px;\n      color: #6b7280;\n      border-top: 1px solid #e5e7eb;\n      padding-top: 20px;\n      text-align: center;\n    }\n    @media (max-width: 600px) {\n      .stats-grid {\n        grid-template-columns: 1fr;\n      }\n    }\n  </style>\n</head>\n<body>\n  <div class=\"container\">\n    <div class=\"logo\">\n      <img src=\"https://rsolv.dev/images/rsolv_logo_transparent.png\" alt=\"RSOLV Logo\">\n    </div>\n    \n    <h1>Your 2-Week RSOLV Success Report 🎉</h1>\n    \n    <p>Hi {@first_name},</p>\n    \n    <p>Congratulations! You've been using RSOLV for two weeks. Here's a snapshot of what we've accomplished together:</p>\n    \n    <div class=\"stats-grid\">\n      <div class=\"stat-card\">\n        <div class=\"stat-label\">Issues Fixed</div>\n        <div class=\"stat-number\">{Map.get(@usage_stats || %{}, :issues_fixed, 0)}</div>\n      </div>\n      <div class=\"stat-card\">\n        <div class=\"stat-label\">PRs Created</div>\n        <div class=\"stat-number\">{Map.get(@usage_stats || %{}, :prs_created, 0)}</div>\n      </div>\n      <div class=\"stat-card\">\n        <div class=\"stat-label\">Time Saved</div>\n        <div class=\"stat-number\">{Map.get(@usage_stats || %{}, :time_saved, \"0 hrs\")}</div>\n      </div>\n      <div class=\"stat-card\">\n        <div class=\"stat-label\">Security Issues Found</div>\n        <div class=\"stat-number\">{Map.ge" <> ..., text_body: "Your 2-Week RSOLV Success Report\n\nHi Tester,\n\nCongratulations! You've been using RSOLV for two weeks. Here's what we've accomplished together:\n\nYour Stats:\n- Issues Fixed: Check your dashboard\n- PRs Created: Check your dashboard\n- Time Saved: Check your dashboard\n- Security Issues Found: Check your dashboard\n\nYour Trial Status:\nCheck how many free fixes you have remaining at: https://rsolv.dev/dashboard\n\nWhat's Next?\n- Expand to more repositories\n- Automate security audits\n- Clean up tech debt\n- Train your team\n\nNeed Help Scaling Up?\nI'd love to help you get even more value from RSOLV:\n- Schedule a 15-minute optimization call\n- Get best practices for your specific tech stack\n- Learn about volume discounts for teams\n\nJust reply to this email and let me know how I can help!\n\nThanks for being part of the RSOLV community.\n\nBest regards,\nDylan Fitzgerald\nFounder, RSOLV\n\nP.S. If RSOLV has been valuable to your team, I'd be grateful if you could share a quick testimonial.\n\n---\nTo unsubscribe, visit: https://rsolv.dev/unsubscribe?email=tester@example.com\n", headers: %{"X-Postmark-Tag" => "success-checkin"}, attachments: [], assigns: %{}, private: %{tag: "success-checkin"}, blocked: false}

14:25:31.436 request_id=GGRUMrotcYV_BoMAAE4G [info] [EMAIL DEBUG] Raw Postmark response
14:25:31.436 request_id=GGRUMrotcYV_BoMAAE4G [info] [EMAIL] Email sent successfully via Postmark
14:25:31.436 request_id=GGRUMrotcYV_BoMAAE4G [info] Successfully sent scheduled email
14:25:31.436 request_id=GGRUMrotcYV_BoMAAE4G [info] [EmailWorker] Insert result
14:25:31.436 request_id=GGRUMrotcYV_BoMAAE4G [info] [EmailWorker] Schedule result
14:25:31.436 request_id=GGRUMrotcYV_BoMAAE4G [info] [PAGE CONTROLLER] EmailSequence.start_early_access_onboarding_sequence returned
14:25:31.437 request_id=GGRUMrotcYV_BoMAAE4G [debug] Sending email with Bamboo.TestAdapter:

%Bamboo.Email{from: {"RSOLV Team", "support@rsolv.dev"}, to: [nil: "admin@rsolv.dev"], cc: [], bcc: [], subject: "🎉 New RSOLV Signup: tester@example.com", html_body: "<!DOCTYPE html>\n<html>\n<head>\n  <meta charset=\"utf-8\">\n  <style>\n    body { font-family: -apple-system, BlinkMacSystemFont, 'Segoe UI', Roboto, sans-serif; line-height: 1.6; color: #333; }\n    .container { max-width: 600px; margin: 0 auto; padding: 20px; }\n    .header { background: #10b981; color: white; padding: 20px; border-radius: 8px 8px 0 0; }\n    .content { background: #f9fafb; padding: 20px; border: 1px solid #e5e7eb; border-radius: 0 0 8px 8px; }\n    .metric { display: inline-block; margin: 10px 20px 10px 0; }\n    .metric-label { font-size: 12px; color: #6b7280; text-transform: uppercase; }\n    .metric-value { font-size: 18px; font-weight: bold; color: #111827; }\n    .details { background: white; padding: 15px; border-radius: 4px; margin: 15px 0; }\n    .detail-row { display: flex; justify-content: space-between; padding: 8px 0; border-bottom: 1px solid #f3f4f6; }\n    .detail-row:last-child { border-bottom: none; }\n    .detail-label { font-weight: 500; color: #6b7280; }\n    .detail-value { color: #111827; }\n    .utm-badge { display: inline-block; background: #dbeafe; color: #1e40af; padding: 2px 8px; border-radius: 4px; font-size: 12px; margin-left: 4px; }\n  </style>\n</head>\n<body>\n  <div class=\"container\">\n    <div class=\"header\">\n      <h1 style=\"margin: 0; font-size: 24px;\">🎉 New RSOLV Signup!</h1>\n      <p style=\"margin: 5px 0 0 0; opacity: 0.9;\">September 11, 2025 at 08:25 PM UTC</p>\n    </div>\n    \n    <div class=\"content\">\n      <div class=\"metric\">\n        <div class=\"metric-label\">Email</div>\n        <div class=\"metric-value\">tester@example.com</div>\n      </div>\n      \n      \n      \n      <div class=\"details\">\n        <h3 style=\"margin-top: 0;\">Signup Details</h3>\n        \n        <div class=\"detail-row\">\n          <span class=\"detail-label\">Source</span>\n          <span class=\"detail-value\">\n            landing_page\n            \n          </span>\n        </div>\n        \n        \n        \n        \n        \n        \n      </div>\n      \n      <div style=\"margin-top: 20px; text-align: center;\">\n        <a href=\"https://rsolv.dev/live/dashboard\" style=\"display: inline-block; background: #10b981; color: white; padding: 10px 20px; text-decoration: none; border-radius: 4px;\">\n          View Dashboard\n        </a>\n      </div>\n    </div>\n  </div>\n</body>\n</html>\n", text_body: "🎉 New RSOLV Signup!\n\nEmail: tester@example.com\n\nTime: September 11, 2025 at 08:25 PM UTC\n\nSource Details:\n- Source: landing_page\n\n\n\n\n\nView full dashboard: https://rsolv.dev/live/dashboard\n", headers: %{"Message-ID" => "<1757622331.26202@rsolv.dev>", "X-Postmark-Tag" => "admin-notification", "X-Priority" => "1"}, attachments: [], assigns: %{}, private: %{tag: "admin-notification"}, blocked: false}

14:25:31.437 request_id=GGRUMrotcYV_BoMAAE4G [info] Admin notification sent for new signup
14:25:31.437 request_id=GGRUMrotcYV_BoMAAE4G [info] Sent 302 in 7ms
.14:25:31.447 [warning] Suspicious pattern detected: ~r/\beval\s*\(/
14:25:31.447 [info] AUDIT_EVENT: input_validation_failed
14:25:31.447 [warning] Suspicious pattern detected: ~r/__import__/
14:25:31.447 [info] AUDIT_EVENT: input_validation_failed
.14:25:31.458 [warning] Suspicious pattern detected: ~r/__import__/
.14:25:31.458 [info] AUDIT_EVENT: input_validation_failed
14:25:31.469 [info] AUDIT_EVENT: session_created
14:25:31.469 [info] AUDIT_EVENT: malicious_input_detected
.14:25:31.481 [info] AUDIT_EVENT: rate_limit_exceeded
.**14:25:31.518 [debug] Parser response received
14:25:31.519 [info] Cleaning up 0 expired sessions
14:25:31.519 [debug] Cleaned up python parser for session 5bfd0f27bcfc18d435afe7ccf87f5524
14:25:31.519 [debug] Cleaned up javascript parser for session 5bfd0f27bcfc18d435afe7ccf87f5524
14:25:31.519 [debug] Cleaned up typescript parser for session 5bfd0f27bcfc18d435afe7ccf87f5524
14:25:31.519 [debug] Cleaned up java parser for session 5bfd0f27bcfc18d435afe7ccf87f5524
14:25:31.519 [debug] Cleaned up php parser for session 5bfd0f27bcfc18d435afe7ccf87f5524
14:25:31.519 [debug] Cleaned up ruby parser for session 5bfd0f27bcfc18d435afe7ccf87f5524
14:25:31.519 [debug] Cleaned up go parser for session 5bfd0f27bcfc18d435afe7ccf87f5524
.14:25:31.556 [debug] Parser response received
14:25:31.556 [info] Cleaning up 0 expired sessions
14:25:31.556 [debug] Cleaned up python parser for session 771548111cd586aa15a57775ffa1f599
14:25:31.556 [debug] Cleaned up javascript parser for session 771548111cd586aa15a57775ffa1f599
14:25:31.556 [debug] Cleaned up typescript parser for session 771548111cd586aa15a57775ffa1f599
14:25:31.556 [debug] Cleaned up java parser for session 771548111cd586aa15a57775ffa1f599
14:25:31.556 [debug] Cleaned up php parser for session 771548111cd586aa15a57775ffa1f599
14:25:31.556 [debug] Cleaned up ruby parser for session 771548111cd586aa15a57775ffa1f599
.14:25:31.556 [debug] Cleaned up go parser for session 771548111cd586aa15a57775ffa1f599
14:25:31.574 [debug] Parser response received
14:25:31.574 [info] Cleaning up 0 expired sessions
14:25:31.574 [debug] Cleaned up python parser for session 4e46cde5dc85f1c82b56e19951a2adab
14:25:31.574 [debug] Cleaned up javascript parser for session 4e46cde5dc85f1c82b56e19951a2adab
14:25:31.574 [debug] Cleaned up typescript parser for session 4e46cde5dc85f1c82b56e19951a2adab
14:25:31.574 [debug] Cleaned up java parser for session 4e46cde5dc85f1c82b56e19951a2adab
14:25:31.574 [debug] Cleaned up php parser for session 4e46cde5dc85f1c82b56e19951a2adab
14:25:31.574 [debug] Cleaned up ruby parser for session 4e46cde5dc85f1c82b56e19951a2adab
14:25:31.574 [debug] Cleaned up go parser for session 4e46cde5dc85f1c82b56e19951a2adab
.14:25:31.692 [debug] Parser response received
14:25:31.692 [info] Cleaning up 0 expired sessions
14:25:31.692 [debug] Cleaned up python parser for session 4e07af80bec3d54d092d95d8328c81cc
14:25:31.692 [debug] Cleaned up javascript parser for session 4e07af80bec3d54d092d95d8328c81cc
14:25:31.692 [debug] Cleaned up typescript parser for session 4e07af80bec3d54d092d95d8328c81cc
14:25:31.692 [debug] Cleaned up java parser for session 4e07af80bec3d54d092d95d8328c81cc
14:25:31.692 [debug] Cleaned up php parser for session 4e07af80bec3d54d092d95d8328c81cc
14:25:31.692 [debug] Cleaned up ruby parser for session 4e07af80bec3d54d092d95d8328c81cc
14:25:31.692 [debug] Cleaned up go parser for session 4e07af80bec3d54d092d95d8328c81cc
.14:25:31.713 [debug] Parser response received
14:25:31.714 [debug] Parser response received
14:25:31.714 [info] Cleaning up 0 expired sessions
14:25:31.714 [debug] Cleaned up python parser for session c2a473a2d2843623b8c26b3f94c65581
14:25:31.714 [debug] Cleaned up javascript parser for session c2a473a2d2843623b8c26b3f94c65581
14:25:31.714 [debug] Cleaned up typescript parser for session c2a473a2d2843623b8c26b3f94c65581
14:25:31.714 [debug] Cleaned up java parser for session c2a473a2d2843623b8c26b3f94c65581
14:25:31.714 [debug] Cleaned up php parser for session c2a473a2d2843623b8c26b3f94c65581
14:25:31.714 [debug] Cleaned up ruby parser for session c2a473a2d2843623b8c26b3f94c65581
14:25:31.714 [debug] Cleaned up go parser for session c2a473a2d2843623b8c26b3f94c65581
.14:25:31.732 [debug] Parser response received
14:25:31.732 [debug] Parser response received
14:25:31.732 [debug] Parser response received
14:25:31.733 [debug] Parser response received
14:25:31.818 [debug] Parser response received
14:25:31.819 [debug] Parser response received
14:25:31.819 [debug] Parser response received
14:25:31.820 [debug] Parser response received
14:25:31.820 [debug] Parser response received
14:25:31.820 [debug] Parser response received
Average parsing time with concurrency: 70598.1μs
14:25:31.820 [info] Cleaning up 0 expired sessions
14:25:31.820 [debug] Cleaned up python parser for session 11f4bf5fe10ad0f2e216ad466e52d15d
14:25:31.820 [debug] Cleaned up javascript parser for session 11f4bf5fe10ad0f2e216ad466e52d15d
14:25:31.820 [debug] Cleaned up typescript parser for session 11f4bf5fe10ad0f2e216ad466e52d15d
14:25:31.820 [debug] Cleaned up java parser for session 11f4bf5fe10ad0f2e216ad466e52d15d
14:25:31.820 [debug] Cleaned up php parser for session 11f4bf5fe10ad0f2e216ad466e52d15d
14:25:31.820 [debug] Cleaned up ruby parser for session 11f4bf5fe10ad0f2e216ad466e52d15d
14:25:31.820 [debug] Cleaned up go parser for session 11f4bf5fe10ad0f2e216ad466e52d15d
.14:25:31.900 [debug] Parser response received
14:25:31.900 [info] Cleaning up 0 expired sessions
14:25:31.900 [debug] Cleaned up python parser for session 61e255b003b60e4a8e0be194cc011ee9
14:25:31.900 [debug] Cleaned up javascript parser for session 61e255b003b60e4a8e0be194cc011ee9
14:25:31.900 [debug] Cleaned up typescript parser for session 61e255b003b60e4a8e0be194cc011ee9
14:25:31.900 [debug] Cleaned up java parser for session 61e255b003b60e4a8e0be194cc011ee9
14:25:31.900 [debug] Cleaned up php parser for session 61e255b003b60e4a8e0be194cc011ee9
14:25:31.900 [debug] Cleaned up ruby parser for session 61e255b003b60e4a8e0be194cc011ee9
14:25:31.900 [debug] Cleaned up go parser for session 61e255b003b60e4a8e0be194cc011ee9
.14:25:31.917 [debug] Parser response received
14:25:31.917 [info] Cleaning up 0 expired sessions
14:25:31.917 [debug] Cleaned up python parser for session e1653e1783d446fa0ddd3d06bd5af198
14:25:31.917 [debug] Cleaned up javascript parser for session e1653e1783d446fa0ddd3d06bd5af198
14:25:31.917 [debug] Cleaned up typescript parser for session e1653e1783d446fa0ddd3d06bd5af198
14:25:31.917 [debug] Cleaned up java parser for session e1653e1783d446fa0ddd3d06bd5af198
14:25:31.917 [debug] Cleaned up php parser for session e1653e1783d446fa0ddd3d06bd5af198
14:25:31.917 [debug] Cleaned up ruby parser for session e1653e1783d446fa0ddd3d06bd5af198
.14:25:31.917 [debug] Cleaned up go parser for session e1653e1783d446fa0ddd3d06bd5af198
14:25:32.204 [debug] Parser response received
14:25:32.204 [info] Cleaning up 0 expired sessions
14:25:32.204 [debug] Cleaned up python parser for session c9de447a5ae523f36c7b3eca2407019d
14:25:32.204 [debug] Cleaned up javascript parser for session c9de447a5ae523f36c7b3eca2407019d
.14:25:32.204 [debug] Cleaned up typescript parser for session c9de447a5ae523f36c7b3eca2407019d
14:25:32.204 [debug] Cleaned up java parser for session c9de447a5ae523f36c7b3eca2407019d
14:25:32.204 [debug] Cleaned up php parser for session c9de447a5ae523f36c7b3eca2407019d
14:25:32.204 [debug] Cleaned up ruby parser for session c9de447a5ae523f36c7b3eca2407019d
14:25:32.204 [debug] Cleaned up go parser for session c9de447a5ae523f36c7b3eca2407019d
14:25:32.221 [debug] Parser response received
14:25:32.221 [info] Cleaning up 0 expired sessions
14:25:32.221 [debug] Cleaned up python parser for session 5209572c5aef1afeff4812c93b09729a
14:25:32.221 [debug] Cleaned up javascript parser for session 5209572c5aef1afeff4812c93b09729a
14:25:32.221 [debug] Cleaned up typescript parser for session 5209572c5aef1afeff4812c93b09729a
14:25:32.221 [debug] Cleaned up java parser for session 5209572c5aef1afeff4812c93b09729a
14:25:32.221 [debug] Cleaned up php parser for session 5209572c5aef1afeff4812c93b09729a
14:25:32.221 [debug] Cleaned up ruby parser for session 5209572c5aef1afeff4812c93b09729a
14:25:32.221 [debug] Cleaned up go parser for session 5209572c5aef1afeff4812c93b09729a
.python parsing took 47617μs
14:25:32.269 [debug] Parser response received
14:25:32.349 [debug] Parser response received
javascript parsing took 80507μs
14:25:32.350 [info] Cleaning up 0 expired sessions
14:25:32.350 [debug] Cleaned up python parser for session fdd4cfea2e8bda35820aff6020db31dc
.14:25:32.350 [debug] Cleaned up javascript parser for session fdd4cfea2e8bda35820aff6020db31dc
14:25:32.350 [debug] Cleaned up typescript parser for session fdd4cfea2e8bda35820aff6020db31dc
14:25:32.350 [debug] Cleaned up java parser for session fdd4cfea2e8bda35820aff6020db31dc
14:25:32.350 [debug] Cleaned up php parser for session fdd4cfea2e8bda35820aff6020db31dc
14:25:32.350 [debug] Cleaned up ruby parser for session fdd4cfea2e8bda35820aff6020db31dc
14:25:32.350 [debug] Cleaned up go parser for session fdd4cfea2e8bda35820aff6020db31dc
14:25:32.372 [debug] Parser response received
14:25:32.372 [debug] Parser response received
14:25:32.373 [info] Cleaning up 0 expired sessions
14:25:32.373 [debug] Cleaned up python parser for session dd96fa4b1c80b643c9236fd4a2a9e024
14:25:32.373 [debug] Cleaned up javascript parser for session dd96fa4b1c80b643c9236fd4a2a9e024
.14:25:32.373 [debug] Cleaned up typescript parser for session dd96fa4b1c80b643c9236fd4a2a9e024
14:25:32.373 [debug] Cleaned up java parser for session dd96fa4b1c80b643c9236fd4a2a9e024
14:25:32.373 [debug] Cleaned up php parser for session dd96fa4b1c80b643c9236fd4a2a9e024
14:25:32.373 [debug] Cleaned up ruby parser for session dd96fa4b1c80b643c9236fd4a2a9e024
14:25:32.373 [debug] Cleaned up go parser for session dd96fa4b1c80b643c9236fd4a2a9e024
14:25:32.398 [debug] Parser response received
14:25:32.398 [debug] Parser response received
14:25:32.398 [info] Cleaning up 0 expired sessions
14:25:32.398 [debug] Cleaned up python parser for session 53749d78b0ae42fbf5bcdb94b28e9c88
14:25:32.398 [debug] Cleaned up javascript parser for session 53749d78b0ae42fbf5bcdb94b28e9c88
14:25:32.398 [debug] Cleaned up typescript parser for session 53749d78b0ae42fbf5bcdb94b28e9c88
14:25:32.398 [debug] Cleaned up java parser for session 53749d78b0ae42fbf5bcdb94b28e9c88
14:25:32.398 [debug] Cleaned up php parser for session 53749d78b0ae42fbf5bcdb94b28e9c88
14:25:32.398 [debug] Cleaned up ruby parser for session 53749d78b0ae42fbf5bcdb94b28e9c88
14:25:32.398 [debug] Cleaned up go parser for session 53749d78b0ae42fbf5bcdb94b28e9c88
.14:25:32.414 [debug] Parser response received
14:25:32.415 [debug] Parser response received
14:25:32.502 [debug] Parser response received
14:25:32.502 [info] Cleaning up 0 expired sessions
14:25:32.502 [debug] Cleaned up python parser for session 4ac7720986d74f863eeb3fef2a4b024a
14:25:32.502 [debug] Cleaned up javascript parser for session 4ac7720986d74f863eeb3fef2a4b024a
14:25:32.502 [debug] Cleaned up typescript parser for session 4ac7720986d74f863eeb3fef2a4b024a
14:25:32.502 [debug] Cleaned up java parser for session 4ac7720986d74f863eeb3fef2a4b024a
14:25:32.502 [debug] Cleaned up php parser for session 4ac7720986d74f863eeb3fef2a4b024a
14:25:32.502 [debug] Cleaned up ruby parser for session 4ac7720986d74f863eeb3fef2a4b024a
14:25:32.502 [debug] Cleaned up go parser for session 4ac7720986d74f863eeb3fef2a4b024a
.14:25:32.625 [debug] Parser response received
14:25:32.625 [info] Cleaning up 0 expired sessions
14:25:32.625 [debug] Cleaned up python parser for session 8eff3367af102fc0a4e522ebafef3a7a
14:25:32.625 [debug] Cleaned up javascript parser for session 8eff3367af102fc0a4e522ebafef3a7a
.14:25:32.625 [debug] Cleaned up typescript parser for session 8eff3367af102fc0a4e522ebafef3a7a
14:25:32.625 [debug] Cleaned up java parser for session 8eff3367af102fc0a4e522ebafef3a7a
14:25:32.625 [debug] Cleaned up php parser for session 8eff3367af102fc0a4e522ebafef3a7a
14:25:32.625 [debug] Cleaned up ruby parser for session 8eff3367af102fc0a4e522ebafef3a7a
14:25:32.625 [debug] Cleaned up go parser for session 8eff3367af102fc0a4e522ebafef3a7a
14:25:32.703 [debug] Parser response received
14:25:32.703 [info] Cleaning up 0 expired sessions
14:25:32.703 [debug] Cleaned up python parser for session 03c4f18a3bdcd178337dd6c7e026ae6b
14:25:32.703 [debug] Cleaned up javascript parser for session 03c4f18a3bdcd178337dd6c7e026ae6b
14:25:32.703 [debug] Cleaned up typescript parser for session 03c4f18a3bdcd178337dd6c7e026ae6b
14:25:32.703 [debug] Cleaned up java parser for session 03c4f18a3bdcd178337dd6c7e026ae6b
14:25:32.703 [debug] Cleaned up php parser for session 03c4f18a3bdcd178337dd6c7e026ae6b
14:25:32.703 [debug] Cleaned up ruby parser for session 03c4f18a3bdcd178337dd6c7e026ae6b
14:25:32.703 [debug] Cleaned up go parser for session 03c4f18a3bdcd178337dd6c7e026ae6b
.14:25:33.007 [debug] Parser response received
14:25:33.008 [info] Cleaning up 0 expired sessions
14:25:33.008 [debug] Cleaned up python parser for session a12f93a408826e02ed230beb0491338c
14:25:33.008 [debug] Cleaned up javascript parser for session a12f93a408826e02ed230beb0491338c
14:25:33.008 [debug] Cleaned up typescript parser for session a12f93a408826e02ed230beb0491338c
.14:25:33.008 [debug] Cleaned up java parser for session a12f93a408826e02ed230beb0491338c
14:25:33.008 [debug] Cleaned up php parser for session a12f93a408826e02ed230beb0491338c
14:25:33.008 [debug] Cleaned up ruby parser for session a12f93a408826e02ed230beb0491338c
14:25:33.008 [debug] Cleaned up go parser for session a12f93a408826e02ed230beb0491338c
14:25:33.008 [info] AUDIT_EVENT: test_event
14:25:33.008 [info] AUDIT_EVENT: test_event
.14:25:33.008 [info] AUDIT_EVENT: test1
.14:25:33.008 [info] AUDIT_EVENT: test2
14:25:33.008 [info] AUDIT_EVENT: rate_limit_exceeded
.14:25:33.008 [info] AUDIT_EVENT: any_event
.14:25:33.008 [info] AUDIT_EVENT: test_event
.14:25:33.008 [info] AUDIT_EVENT: parser_spawned
14:25:33.008 [info] AUDIT_EVENT: parser_timeout
14:25:33.008 [info] AUDIT_EVENT: parser_crashed
.14:25:33.008 [info] AUDIT_EVENT: code_exfiltration_attempt
14:25:33.009 [info] AUDIT_EVENT: test_event
.14:25:33.009 [info] AUDIT_EVENT: session_created
14:25:33.009 [info] AUDIT_EVENT: file_encrypted
14:25:33.009 [info] AUDIT_EVENT: ast_parsed
14:25:33.009 [info] AUDIT_EVENT: session_cleaned
.14:25:33.009 [info] AUDIT_EVENT: api_call
.14:25:33.009 [info] AUDIT_EVENT: parser_spawned
.14:25:33.009 [info] AUDIT_EVENT: event1
14:25:33.009 [info] AUDIT_EVENT: event2
14:25:33.009 [info] AUDIT_EVENT: unrelated
.14:25:33.009 [info] AUDIT_EVENT: session_created
14:25:33.009 [info] AUDIT_EVENT: file_encrypted
.14:25:33.009 [info] AUDIT_EVENT: parser_spawned
.14:25:33.009 [info] AUDIT_EVENT: malicious_input_detected
..14:25:33.009 [info] AUDIT_EVENT: test_event
14:25:33.009 [info] AUDIT_EVENT: test_event
14:25:33.009 [info] AUDIT_EVENT: test_event
14:25:33.009 [info] AUDIT_EVENT: test_event
14:25:33.009 [info] AUDIT_EVENT: test_event
.14:25:33.009 [info] AUDIT_EVENT: old_event
14:25:33.009 [info] AUDIT_EVENT: recent_event
.14:25:33.009 [info] AUDIT_EVENT: malicious_input_detected
14:25:33.009 [info] AUDIT_EVENT: malicious_input_detected
14:25:33.009 [info] AUDIT_EVENT: rate_limit_exceeded
14:25:33.009 [info] AUDIT_EVENT: parser_spawned
..14:25:33.010 [warning] Tracking undefined event: button_click. Consider adding to @events list.
14:25:33.010 [info] Analytics event tracked
14:25:33.010 [debug] QUERY OK db=0.1ms queue=0.1ms
SELECT create_analytics_partition_if_not_exists($1::date) [~D[2025-09-11]]
14:25:33.010 [debug] QUERY OK source="analytics_events" db=0.0ms
INSERT INTO "analytics_events" ("metadata","event_type","visitor_id","inserted_at","updated_at") VALUES ($1,$2,$3,$4,$5) RETURNING "id" [%{button_id: "cta_signup", page: "/pricing"}, "button_click", "d20042fd01e4a663e377088b09799fa1", ~N[2025-09-11 20:25:33], ~N[2025-09-11 20:25:33]]
14:25:33.113 [debug] QUERY OK source="analytics_events" db=0.9ms queue=0.8ms
SELECT a0."id", a0."event_type", a0."visitor_id", a0."session_id", a0."page_path", a0."referrer", a0."user_agent", a0."ip_address", a0."utm_source", a0."utm_medium", a0."utm_campaign", a0."utm_term", a0."utm_content", a0."metadata", a0."inserted_at", a0."updated_at" FROM "analytics_events" AS a0 WHERE (a0."event_type" = $1) ORDER BY a0."inserted_at" DESC ["button_click"]
...14:25:33.116 [info] Analytics event tracked
14:25:33.118 [debug] QUERY OK db=0.8ms queue=0.4ms
SELECT create_analytics_partition_if_not_exists($1::date) [~D[2025-09-11]]
14:25:33.119 [debug] QUERY OK source="analytics_events" db=0.4ms queue=0.2ms
INSERT INTO "analytics_events" ("metadata","event_type","visitor_id","page_path","referrer","inserted_at","updated_at") VALUES ($1,$2,$3,$4,$5,$6,$7) RETURNING "id" [%{"user_id" => "12345"}, "page_view", "d86ae55f59de32beb3fb41dfd7c7296e", "/test", "https://example.com", ~N[2025-09-11 20:25:33], ~N[2025-09-11 20:25:33]]
14:25:33.119 [info] Analytics event tracked
14:25:33.119 [debug] QUERY OK db=0.2ms queue=0.2ms
SELECT create_analytics_partition_if_not_exists($1::date) [~D[2025-09-11]]
14:25:33.120 [debug] QUERY OK source="analytics_events" db=0.2ms queue=0.2ms
INSERT INTO "analytics_events" ("metadata","event_type","visitor_id","page_path","inserted_at","updated_at") VALUES ($1,$2,$3,$4,$5,$6) RETURNING "id" [%{}, "page_view", "5088a093eb46f72508156a95d908c01d", "/test", ~N[2025-09-11 20:25:33], ~N[2025-09-11 20:25:33]]
14:25:33.120 [info] Analytics event tracked
14:25:33.121 [debug] QUERY OK db=0.2ms queue=0.3ms
SELECT create_analytics_partition_if_not_exists($1::date) [~D[2025-09-11]]
14:25:33.122 [debug] QUERY OK source="analytics_events" db=0.6ms
INSERT INTO "analytics_events" ("metadata","event_type","visitor_id","page_path","inserted_at","updated_at") VALUES ($1,$2,$3,$4,$5,$6) RETURNING "id" [%{"campaign" => "test"}, "page_view", "2ebf0793f105c62d209720a9488e1b58", "/test", ~N[2025-09-11 20:25:33], ~N[2025-09-11 20:25:33]]
14:25:33.223 [debug] QUERY OK source="analytics_events" db=0.7ms
SELECT a0."id", a0."event_type", a0."visitor_id", a0."session_id", a0."page_path", a0."referrer", a0."user_agent", a0."ip_address", a0."utm_source", a0."utm_medium", a0."utm_campaign", a0."utm_term", a0."utm_content", a0."metadata", a0."inserted_at", a0."updated_at" FROM "analytics_events" AS a0 WHERE (a0."event_type" = $1) ORDER BY a0."inserted_at" DESC ["page_view"]
...14:25:33.225 [info] Analytics event tracked
14:25:33.226 [debug] QUERY OK db=0.3ms queue=0.3ms
SELECT create_analytics_partition_if_not_exists($1::date) [~D[2025-09-11]]
14:25:33.227 [debug] QUERY OK source="analytics_events" db=0.2ms queue=0.3ms
INSERT INTO "analytics_events" ("metadata","event_type","visitor_id","page_path","referrer","utm_source","utm_medium","utm_campaign","inserted_at","updated_at") VALUES ($1,$2,$3,$4,$5,$6,$7,$8,$9,$10) RETURNING "id" [%{}, "page_view", "80ff3426c7a7ea6f3e213af08fea982c", "/blog/security-patterns", "https://twitter.com", "twitter", "social", "security_awareness", ~N[2025-09-11 20:25:33], ~N[2025-09-11 20:25:33]]
14:25:33.329 [debug] QUERY OK source="analytics_events" db=1.4ms
SELECT a0."id", a0."event_type", a0."visitor_id", a0."session_id", a0."page_path", a0."referrer", a0."user_agent", a0."ip_address", a0."utm_source", a0."utm_medium", a0."utm_campaign", a0."utm_term", a0."utm_content", a0."metadata", a0."inserted_at", a0."updated_at" FROM "analytics_events" AS a0 WHERE (a0."event_type" = $1) ORDER BY a0."inserted_at" DESC ["page_view"]
..14:25:33.336 [info] Analytics event tracked
14:25:33.337 [debug] QUERY OK db=0.3ms queue=0.1ms
SELECT create_analytics_partition_if_not_exists($1::date) [~D[2025-09-11]]
14:25:33.337 [debug] QUERY OK source="analytics_events" db=0.1ms queue=0.1ms
INSERT INTO "analytics_events" ("metadata","event_type","visitor_id","page_path","referrer","inserted_at","updated_at") VALUES ($1,$2,$3,$4,$5,$6,$7) RETURNING "id" [%{}, "page_view", "5bb1cd2dd1bf4beebd41279acab24424", "/", "https://google.com", ~N[2025-09-11 20:25:33], ~N[2025-09-11 20:25:33]]
14:25:33.337 [info] Analytics event tracked
14:25:33.337 [debug] QUERY OK db=0.0ms
SELECT create_analytics_partition_if_not_exists($1::date) [~D[2025-09-11]]
14:25:33.338 [debug] QUERY OK source="analytics_events" db=0.0ms
INSERT INTO "analytics_events" ("metadata","event_type","visitor_id","page_path","referrer","inserted_at","updated_at") VALUES ($1,$2,$3,$4,$5,$6,$7) RETURNING "id" [%{}, "page_view", "834c979460b09108d221b346027755a9", "/blog", "https://google.com", ~N[2025-09-11 20:25:33], ~N[2025-09-11 20:25:33]]
14:25:33.338 [warning] Tracking undefined event: search. Consider adding to @events list.
14:25:33.338 [info] Analytics event tracked
14:25:33.338 [debug] QUERY OK db=0.0ms
SELECT create_analytics_partition_if_not_exists($1::date) [~D[2025-09-11]]
14:25:33.338 [debug] QUERY OK source="analytics_events" db=0.0ms
INSERT INTO "analytics_events" ("metadata","event_type","visitor_id","inserted_at","updated_at") VALUES ($1,$2,$3,$4,$5) RETURNING "id" [%{query: "security"}, "search", "144fca148026a2be12e33dc56d9d93ad", ~N[2025-09-11 20:25:33], ~N[2025-09-11 20:25:33]]
14:25:33.338 [info] Analytics event tracked
14:25:33.338 [debug] QUERY OK db=0.0ms
SELECT create_analytics_partition_if_not_exists($1::date) [~D[2025-09-11]]
14:25:33.338 [debug] QUERY OK source="analytics_events" db=0.0ms
INSERT INTO "analytics_events" ("metadata","event_type","visitor_id","inserted_at","updated_at") VALUES ($1,$2,$3,$4,$5) RETURNING "id" [%{conversion_type: "newsletter_signup"}, "conversion", "0ef83b64b7b2e81316cc667bff07faf4", ~N[2025-09-11 20:25:33], ~N[2025-09-11 20:25:33]]
14:25:33.440 [debug] QUERY OK source="analytics_events" db=1.0ms
SELECT a0."id", a0."event_type", a0."visitor_id", a0."session_id", a0."page_path", a0."referrer", a0."user_agent", a0."ip_address", a0."utm_source", a0."utm_medium", a0."utm_campaign", a0."utm_term", a0."utm_content", a0."metadata", a0."inserted_at", a0."updated_at" FROM "analytics_events" AS a0 []
14:25:33.440 [debug] QUERY OK source="analytics_events" db=0.4ms
SELECT a0."id", a0."event_type", a0."visitor_id", a0."session_id", a0."page_path", a0."referrer", a0."user_agent", a0."ip_address", a0."utm_source", a0."utm_medium", a0."utm_campaign", a0."utm_term", a0."utm_content", a0."metadata", a0."inserted_at", a0."updated_at" FROM "analytics_events" AS a0 []
.14:25:33.441 [info] Analytics event tracked
14:25:33.443 [debug] QUERY OK db=0.6ms queue=0.6ms
SELECT create_analytics_partition_if_not_exists($1::date) [~D[2025-09-11]]
14:25:33.445 [debug] QUERY OK source="analytics_events" db=0.4ms queue=0.4ms
INSERT INTO "analytics_events" ("metadata","event_type","visitor_id","inserted_at","updated_at") VALUES ($1,$2,$3,$4,$5) RETURNING "id" [%{email: "test@example.com", conversion_type: "early_access_signup"}, "conversion", "4ed34f40dffdea0234b92a134919be6d", ~N[2025-09-11 20:25:33], ~N[2025-09-11 20:25:33]]
14:25:33.547 [debug] QUERY OK source="analytics_events" db=1.2ms queue=0.1ms
SELECT a0."id", a0."event_type", a0."visitor_id", a0."session_id", a0."page_path", a0."referrer", a0."user_agent", a0."ip_address", a0."utm_source", a0."utm_medium", a0."utm_campaign", a0."utm_term", a0."utm_content", a0."metadata", a0."inserted_at", a0."updated_at" FROM "analytics_events" AS a0 WHERE (a0."event_type" = $1) ORDER BY a0."inserted_at" DESC ["conversion"]
14:25:33.648 [debug] QUERY OK source="analytics_events" db=0.9ms queue=0.1ms
SELECT a0."id", a0."event_type", a0."visitor_id", a0."session_id", a0."page_path", a0."referrer", a0."user_agent", a0."ip_address", a0."utm_source", a0."utm_medium", a0."utm_campaign", a0."utm_term", a0."utm_content", a0."metadata", a0."inserted_at", a0."updated_at" FROM "analytics_events" AS a0 WHERE (a0."event_type" = $1) ORDER BY a0."inserted_at" DESC ["conversion"]
.14:25:33.651 [debug] QUERY OK db=0.4ms queue=0.4ms
SELECT create_analytics_partition_if_not_exists($1::date) [~D[2025-09-11]]
14:25:33.652 [debug] QUERY OK source="analytics_events" db=0.6ms
INSERT INTO "analytics_events" ("metadata","event_type","visitor_id","inserted_at","updated_at") VALUES ($1,$2,$3,$4,$5) RETURNING "id" [%{test: true}, "test_dated_event", "test_visitor_456", ~N[2025-09-11 20:25:33], ~N[2025-09-11 20:25:33]]
14:25:33.652 [debug] QUERY OK source="analytics_events" db=0.4ms
SELECT a0."id", a0."event_type", a0."visitor_id", a0."session_id", a0."page_path", a0."referrer", a0."user_agent", a0."ip_address", a0."utm_source", a0."utm_medium", a0."utm_campaign", a0."utm_term", a0."utm_content", a0."metadata", a0."inserted_at", a0."updated_at" FROM "analytics_events" AS a0 []
...14:25:33.655 [debug] QUERY OK source="customers" db=0.4ms
INSERT INTO "customers" ("active","name","metadata","email","is_staff","subscription_plan","monthly_limit","current_usage","fixes_quota_this_month","fixes_used_this_month","has_payment_method","rollover_fixes","subscription_status","trial_fixes_limit","trial_fixes_used","inserted_at","updated_at") VALUES ($1,$2,$3,$4,$5,$6,$7,$8,$9,$10,$11,$12,$13,$14,$15,$16,$17) RETURNING "id" [true, "Test Customer 14852", %{}, "test14852@example.com", false, "trial", 100, 0, 0, 0, false, 0, "active", 5, 0, ~N[2025-09-11 20:25:33], ~N[2025-09-11 20:25:33]]
14:25:33.656 [debug] QUERY OK source="forge_accounts" db=0.5ms
INSERT INTO "forge_accounts" ("metadata","namespace","customer_id","forge_type","verified_at","inserted_at","updated_at") VALUES ($1,$2,$3,$4,$5,$6,$7) RETURNING "id" [%{}, "test-org-14852", 72138, :github, ~U[2025-09-11 20:25:33.655472Z], ~U[2025-09-11 20:25:33.655508Z], ~U[2025-09-11 20:25:33.655508Z]]
14:25:33.657 [debug] QUERY OK source="cached_validations" db=0.4ms queue=0.4ms
INSERT INTO "cached_validations" ("reason","cache_key","full_result","repository","confidence","forge_account_id","locations","vulnerability_type","file_hashes","is_false_positive","ttl_expires_at","cached_at","inserted_at","updated_at") VALUES ($1,$2,$3,$4,$5,$6,$7,$8,$9,$10,$11,$12,$13,$14) ON CONFLICT ("cache_key") DO UPDATE SET "updated_at" = EXCLUDED."updated_at","inserted_at" = EXCLUDED."inserted_at","forge_account_id" = EXCLUDED."forge_account_id","invalidation_reason" = EXCLUDED."invalidation_reason","invalidated_at" = EXCLUDED."invalidated_at","ttl_expires_at" = EXCLUDED."ttl_expires_at","cached_at" = EXCLUDED."cached_at","full_result" = EXCLUDED."full_result","reason" = EXCLUDED."reason","confidence" = EXCLUDED."confidence","is_false_positive" = EXCLUDED."is_false_positive","file_hashes" = EXCLUDED."file_hashes","locations" = EXCLUDED."locations","vulnerability_type" = EXCLUDED."vulnerability_type","repository" = EXCLUDED."repository","cache_key" = EXCLUDED."cache_key" RETURNING "id","updated_at","inserted_at","forge_account_id","invalidation_reason","invalidated_at","ttl_expires_at","cached_at","full_result","reason","confidence","is_false_positive","file_hashes","locations","vulnerability_type","repository","cache_key" ["No user input flow detected", "56680/RSOLV-dev/nodegoat/[app.js:42]:sql-injection", %{"astContext" => %{"hasValidation" => true, "inUserInputFlow" => false}, "originalCode" => "db.query(userInput)"}, "RSOLV-dev/nodegoat", Decimal.new("0.95"), 56680, [%{line: 42, file_path: "app.js"}], "sql-injection", %{"app.js" => "sha256:abc123"}, true, ~U[2025-12-10 20:25:33.656326Z], ~U[2025-09-11 20:25:33.656326Z], ~U[2025-09-11 20:25:33.656516Z], ~U[2025-09-11 20:25:33.656516Z]]
.14:25:33.657 [debug] Cached validation stored
14:25:33.658 [debug] QUERY OK source="customers" db=0.3ms
INSERT INTO "customers" ("active","name","metadata","email","is_staff","subscription_plan","monthly_limit","current_usage","fixes_quota_this_month","fixes_used_this_month","has_payment_method","rollover_fixes","subscription_status","trial_fixes_limit","trial_fixes_used","inserted_at","updated_at") VALUES ($1,$2,$3,$4,$5,$6,$7,$8,$9,$10,$11,$12,$13,$14,$15,$16,$17) RETURNING "id" [true, "Test Customer 14980", %{}, "test14980@example.com", false, "trial", 100, 0, 0, 0, false, 0, "active", 5, 0, ~N[2025-09-11 20:25:33], ~N[2025-09-11 20:25:33]]
14:25:33.659 [debug] QUERY OK source="forge_accounts" db=0.3ms
INSERT INTO "forge_accounts" ("metadata","namespace","customer_id","forge_type","verified_at","inserted_at","updated_at") VALUES ($1,$2,$3,$4,$5,$6,$7) RETURNING "id" [%{}, "test-org-14980", 72139, :github, ~U[2025-09-11 20:25:33.658952Z], ~U[2025-09-11 20:25:33.658979Z], ~U[2025-09-11 20:25:33.658979Z]]
14:25:33.660 [debug] QUERY OK source="cached_validations" db=0.3ms
INSERT INTO "cached_validations" ("reason","cache_key","repository","confidence","forge_account_id","locations","vulnerability_type","file_hashes","is_false_positive","ttl_expires_at","cached_at","inserted_at","updated_at") VALUES ($1,$2,$3,$4,$5,$6,$7,$8,$9,$10,$11,$12,$13) ON CONFLICT ("cache_key") DO UPDATE SET "updated_at" = EXCLUDED."updated_at","inserted_at" = EXCLUDED."inserted_at","forge_account_id" = EXCLUDED."forge_account_id","invalidation_reason" = EXCLUDED."invalidation_reason","invalidated_at" = EXCLUDED."invalidated_at","ttl_expires_at" = EXCLUDED."ttl_expires_at","cached_at" = EXCLUDED."cached_at","full_result" = EXCLUDED."full_result","reason" = EXCLUDED."reason","confidence" = EXCLUDED."confidence","is_false_positive" = EXCLUDED."is_false_positive","file_hashes" = EXCLUDED."file_hashes","locations" = EXCLUDED."locations","vulnerability_type" = EXCLUDED."vulnerability_type","repository" = EXCLUDED."repository","cache_key" = EXCLUDED."cache_key" RETURNING "id","updated_at","inserted_at","forge_account_id","invalidation_reason","invalidated_at","ttl_expires_at","cached_at","full_result","reason","confidence","is_false_positive","file_hashes","locations","vulnerability_type","repository","cache_key" ["No user input flow detected", "56681/RSOLV-dev/nodegoat/[app.js:42]:sql-injection", "RSOLV-dev/nodegoat", Decimal.new("0.95"), 56681, [%{line: 42, file_path: "app.js"}], "sql-injection", %{"app.js" => "sha256:abc123"}, true, ~U[2025-12-10 20:25:33.659504Z], ~U[2025-09-11 20:25:33.659504Z], ~U[2025-09-11 20:25:33.659607Z], ~U[2025-09-11 20:25:33.659607Z]]
.14:25:33.660 [debug] Cached validation stored
14:25:33.660 [debug] QUERY OK source="customers" db=0.1ms
INSERT INTO "customers" ("active","name","metadata","email","is_staff","subscription_plan","monthly_limit","current_usage","fixes_quota_this_month","fixes_used_this_month","has_payment_method","rollover_fixes","subscription_status","trial_fixes_limit","trial_fixes_used","inserted_at","updated_at") VALUES ($1,$2,$3,$4,$5,$6,$7,$8,$9,$10,$11,$12,$13,$14,$15,$16,$17) RETURNING "id" [true, "Test Customer 15108", %{}, "test15108@example.com", false, "trial", 100, 0, 0, 0, false, 0, "active", 5, 0, ~N[2025-09-11 20:25:33], ~N[2025-09-11 20:25:33]]
14:25:33.661 [debug] QUERY OK source="forge_accounts" db=0.1ms
INSERT INTO "forge_accounts" ("metadata","namespace","customer_id","forge_type","verified_at","inserted_at","updated_at") VALUES ($1,$2,$3,$4,$5,$6,$7) RETURNING "id" [%{}, "test-org-15108", 72140, :github, ~U[2025-09-11 20:25:33.660925Z], ~U[2025-09-11 20:25:33.660943Z], ~U[2025-09-11 20:25:33.660943Z]]
14:25:33.661 [debug] QUERY OK source="customers" db=0.0ms
INSERT INTO "customers" ("active","name","metadata","email","is_staff","subscription_plan","monthly_limit","current_usage","fixes_quota_this_month","fixes_used_this_month","has_payment_method","rollover_fixes","subscription_status","trial_fixes_limit","trial_fixes_used","inserted_at","updated_at") VALUES ($1,$2,$3,$4,$5,$6,$7,$8,$9,$10,$11,$12,$13,$14,$15,$16,$17) RETURNING "id" [true, "Test Customer 13834", %{}, "test13834@example.com", false, "trial", 100, 0, 0, 0, false, 0, "active", 5, 0, ~N[2025-09-11 20:25:33], ~N[2025-09-11 20:25:33]]
14:25:33.661 [debug] QUERY OK source="forge_accounts" db=0.0ms
INSERT INTO "forge_accounts" ("metadata","namespace","customer_id","forge_type","verified_at","inserted_at","updated_at") VALUES ($1,$2,$3,$4,$5,$6,$7) RETURNING "id" [%{}, "test-org-13834", 72141, :github, ~U[2025-09-11 20:25:33.661387Z], ~U[2025-09-11 20:25:33.661397Z], ~U[2025-09-11 20:25:33.661397Z]]
14:25:33.661 [debug] QUERY OK source="cached_validations" db=0.2ms
INSERT INTO "cached_validations" ("reason","cache_key","repository","confidence","forge_account_id","locations","vulnerability_type","file_hashes","is_false_positive","ttl_expires_at","cached_at","inserted_at","updated_at") VALUES ($1,$2,$3,$4,$5,$6,$7,$8,$9,$10,$11,$12,$13) ON CONFLICT ("cache_key") DO UPDATE SET "updated_at" = EXCLUDED."updated_at","inserted_at" = EXCLUDED."inserted_at","forge_account_id" = EXCLUDED."forge_account_id","invalidation_reason" = EXCLUDED."invalidation_reason","invalidated_at" = EXCLUDED."invalidated_at","ttl_expires_at" = EXCLUDED."ttl_expires_at","cached_at" = EXCLUDED."cached_at","full_result" = EXCLUDED."full_result","reason" = EXCLUDED."reason","confidence" = EXCLUDED."confidence","is_false_positive" = EXCLUDED."is_false_positive","file_hashes" = EXCLUDED."file_hashes","locations" = EXCLUDED."locations","vulnerability_type" = EXCLUDED."vulnerability_type","repository" = EXCLUDED."repository","cache_key" = EXCLUDED."cache_key" RETURNING "id","updated_at","inserted_at","forge_account_id","invalidation_reason","invalidated_at","ttl_expires_at","cached_at","full_result","reason","confidence","is_false_positive","file_hashes","locations","vulnerability_type","repository","cache_key" ["No user input flow detected", "56682/RSOLV-dev/nodegoat/[app.js:42]:sql-injection", "RSOLV-dev/nodegoat", Decimal.new("0.95"), 56682, [%{line: 42, file_path: "app.js"}], "sql-injection", %{"app.js" => "sha256:abc123"}, true, ~U[2025-12-10 20:25:33.661557Z], ~U[2025-09-11 20:25:33.661557Z], ~U[2025-09-11 20:25:33.661631Z], ~U[2025-09-11 20:25:33.661631Z]]
14:25:33.662 [debug] Cached validation stored
14:25:33.662 [debug] QUERY OK source="cached_validations" db=0.1ms
INSERT INTO "cached_validations" ("reason","cache_key","repository","confidence","forge_account_id","locations","vulnerability_type","file_hashes","is_false_positive","ttl_expires_at","cached_at","inserted_at","updated_at") VALUES ($1,$2,$3,$4,$5,$6,$7,$8,$9,$10,$11,$12,$13) ON CONFLICT ("cache_key") DO UPDATE SET "updated_at" = EXCLUDED."updated_at","inserted_at" = EXCLUDED."inserted_at","forge_account_id" = EXCLUDED."forge_account_id","invalidation_reason" = EXCLUDED."invalidation_reason","invalidated_at" = EXCLUDED."invalidated_at","ttl_expires_at" = EXCLUDED."ttl_expires_at","cached_at" = EXCLUDED."cached_at","full_result" = EXCLUDED."full_result","reason" = EXCLUDED."reason","confidence" = EXCLUDED."confidence","is_false_positive" = EXCLUDED."is_false_positive","file_hashes" = EXCLUDED."file_hashes","locations" = EXCLUDED."locations","vulnerability_type" = EXCLUDED."vulnerability_type","repository" = EXCLUDED."repository","cache_key" = EXCLUDED."cache_key" RETURNING "id","updated_at","inserted_at","forge_account_id","invalidation_reason","invalidated_at","ttl_expires_at","cached_at","full_result","reason","confidence","is_false_positive","file_hashes","locations","vulnerability_type","repository","cache_key" ["No user input flow detected", "56683/RSOLV-dev/nodegoat/[app.js:42]:sql-injection", "RSOLV-dev/nodegoat", Decimal.new("0.95"), 56683, [%{line: 42, file_path: "app.js"}], "sql-injection", %{"app.js" => "sha256:abc123"}, true, ~U[2025-12-10 20:25:33.662040Z], ~U[2025-09-11 20:25:33.662040Z], ~U[2025-09-11 20:25:33.662108Z], ~U[2025-09-11 20:25:33.662108Z]]
14:25:33.662 [debug] Cached validation stored
.14:25:33.663 [debug] QUERY OK source="customers" db=0.2ms
INSERT INTO "customers" ("active","name","metadata","email","is_staff","subscription_plan","monthly_limit","current_usage","fixes_quota_this_month","fixes_used_this_month","has_payment_method","rollover_fixes","subscription_status","trial_fixes_limit","trial_fixes_used","inserted_at","updated_at") VALUES ($1,$2,$3,$4,$5,$6,$7,$8,$9,$10,$11,$12,$13,$14,$15,$16,$17) RETURNING "id" [true, "Test Customer 25990", %{}, "test25990@example.com", false, "trial", 100, 0, 0, 0, false, 0, "active", 5, 0, ~N[2025-09-11 20:25:33], ~N[2025-09-11 20:25:33]]
14:25:33.663 [debug] QUERY OK source="forge_accounts" db=0.2ms
INSERT INTO "forge_accounts" ("metadata","namespace","customer_id","forge_type","verified_at","inserted_at","updated_at") VALUES ($1,$2,$3,$4,$5,$6,$7) RETURNING "id" [%{}, "test-org-25990", 72142, :github, ~U[2025-09-11 20:25:33.663136Z], ~U[2025-09-11 20:25:33.663147Z], ~U[2025-09-11 20:25:33.663147Z]]
14:25:33.663 [warning] Failed to store cached validation
.14:25:33.663 [debug] QUERY OK source="customers" db=0.1ms
INSERT INTO "customers" ("active","name","metadata","email","is_staff","subscription_plan","monthly_limit","current_usage","fixes_quota_this_month","fixes_used_this_month","has_payment_method","rollover_fixes","subscription_status","trial_fixes_limit","trial_fixes_used","inserted_at","updated_at") VALUES ($1,$2,$3,$4,$5,$6,$7,$8,$9,$10,$11,$12,$13,$14,$15,$16,$17) RETURNING "id" [true, "Test Customer 26118", %{}, "test26118@example.com", false, "trial", 100, 0, 0, 0, false, 0, "active", 5, 0, ~N[2025-09-11 20:25:33], ~N[2025-09-11 20:25:33]]
14:25:33.664 [debug] QUERY OK source="forge_accounts" db=0.1ms
INSERT INTO "forge_accounts" ("metadata","namespace","customer_id","forge_type","verified_at","inserted_at","updated_at") VALUES ($1,$2,$3,$4,$5,$6,$7) RETURNING "id" [%{}, "test-org-26118", 72143, :github, ~U[2025-09-11 20:25:33.664023Z], ~U[2025-09-11 20:25:33.664032Z], ~U[2025-09-11 20:25:33.664032Z]]
14:25:33.664 [debug] QUERY OK source="cached_validations" db=0.1ms
INSERT INTO "cached_validations" ("reason","cache_key","repository","confidence","forge_account_id","locations","vulnerability_type","file_hashes","is_false_positive","ttl_expires_at","cached_at","inserted_at","updated_at") VALUES ($1,$2,$3,$4,$5,$6,$7,$8,$9,$10,$11,$12,$13) ON CONFLICT ("cache_key") DO UPDATE SET "updated_at" = EXCLUDED."updated_at","inserted_at" = EXCLUDED."inserted_at","forge_account_id" = EXCLUDED."forge_account_id","invalidation_reason" = EXCLUDED."invalidation_reason","invalidated_at" = EXCLUDED."invalidated_at","ttl_expires_at" = EXCLUDED."ttl_expires_at","cached_at" = EXCLUDED."cached_at","full_result" = EXCLUDED."full_result","reason" = EXCLUDED."reason","confidence" = EXCLUDED."confidence","is_false_positive" = EXCLUDED."is_false_positive","file_hashes" = EXCLUDED."file_hashes","locations" = EXCLUDED."locations","vulnerability_type" = EXCLUDED."vulnerability_type","repository" = EXCLUDED."repository","cache_key" = EXCLUDED."cache_key" RETURNING "id","updated_at","inserted_at","forge_account_id","invalidation_reason","invalidated_at","ttl_expires_at","cached_at","full_result","reason","confidence","is_false_positive","file_hashes","locations","vulnerability_type","repository","cache_key" ["No user input flow detected", "56685/RSOLV-dev/nodegoat/[app.js:42]:sql-injection", "RSOLV-dev/nodegoat", Decimal.new("0.95"), 56685, [%{line: 42, file_path: "app.js"}], "sql-injection", %{"app.js" => "sha256:abc123"}, true, ~U[2025-12-10 20:25:33.664301Z], ~U[2025-09-11 20:25:33.664301Z], ~U[2025-09-11 20:25:33.664354Z], ~U[2025-09-11 20:25:33.664354Z]]
14:25:33.664 [debug] Cached validation stored
.14:25:33.665 [debug] QUERY OK source="customers" db=0.1ms
INSERT INTO "customers" ("active","name","metadata","email","is_staff","subscription_plan","monthly_limit","current_usage","fixes_quota_this_month","fixes_used_this_month","has_payment_method","rollover_fixes","subscription_status","trial_fixes_limit","trial_fixes_used","inserted_at","updated_at") VALUES ($1,$2,$3,$4,$5,$6,$7,$8,$9,$10,$11,$12,$13,$14,$15,$16,$17) RETURNING "id" [true, "Test Customer 15877", %{}, "test15877@example.com", false, "trial", 100, 0, 0, 0, false, 0, "active", 5, 0, ~N[2025-09-11 20:25:33], ~N[2025-09-11 20:25:33]]
14:25:33.665 [debug] QUERY OK source="forge_accounts" db=0.1ms
INSERT INTO "forge_accounts" ("metadata","namespace","customer_id","forge_type","verified_at","inserted_at","updated_at") VALUES ($1,$2,$3,$4,$5,$6,$7) RETURNING "id" [%{}, "test-org-15877", 72144, :github, ~U[2025-09-11 20:25:33.665089Z], ~U[2025-09-11 20:25:33.665100Z], ~U[2025-09-11 20:25:33.665100Z]]
14:25:33.665 [debug] QUERY OK source="cached_validations" db=0.1ms
INSERT INTO "cached_validations" ("reason","cache_key","repository","confidence","forge_account_id","locations","vulnerability_type","file_hashes","is_false_positive","ttl_expires_at","cached_at","inserted_at","updated_at") VALUES ($1,$2,$3,$4,$5,$6,$7,$8,$9,$10,$11,$12,$13) ON CONFLICT ("cache_key") DO UPDATE SET "updated_at" = EXCLUDED."updated_at","inserted_at" = EXCLUDED."inserted_at","forge_account_id" = EXCLUDED."forge_account_id","invalidation_reason" = EXCLUDED."invalidation_reason","invalidated_at" = EXCLUDED."invalidated_at","ttl_expires_at" = EXCLUDED."ttl_expires_at","cached_at" = EXCLUDED."cached_at","full_result" = EXCLUDED."full_result","reason" = EXCLUDED."reason","confidence" = EXCLUDED."confidence","is_false_positive" = EXCLUDED."is_false_positive","file_hashes" = EXCLUDED."file_hashes","locations" = EXCLUDED."locations","vulnerability_type" = EXCLUDED."vulnerability_type","repository" = EXCLUDED."repository","cache_key" = EXCLUDED."cache_key" RETURNING "id","updated_at","inserted_at","forge_account_id","invalidation_reason","invalidated_at","ttl_expires_at","cached_at","full_result","reason","confidence","is_false_positive","file_hashes","locations","vulnerability_type","repository","cache_key" ["No user input flow detected", "56686/RSOLV-dev/nodegoat/[app.js:42]:sql-injection", "RSOLV-dev/nodegoat", Decimal.new("0.95"), 56686, [%{line: 42, file_path: "app.js"}], "sql-injection", %{"app.js" => "sha256:abc123"}, true, ~U[2025-12-10 20:25:33.665277Z], ~U[2025-09-11 20:25:33.665277Z], ~U[2025-09-11 20:25:33.665320Z], ~U[2025-09-11 20:25:33.665320Z]]
14:25:33.665 [debug] Cached validation stored
14:25:33.665 [debug] QUERY OK source="cached_validations" db=0.1ms
INSERT INTO "cached_validations" ("reason","cache_key","repository","confidence","forge_account_id","locations","vulnerability_type","file_hashes","is_false_positive","ttl_expires_at","cached_at","inserted_at","updated_at") VALUES ($1,$2,$3,$4,$5,$6,$7,$8,$9,$10,$11,$12,$13) ON CONFLICT ("cache_key") DO UPDATE SET "updated_at" = EXCLUDED."updated_at","inserted_at" = EXCLUDED."inserted_at","forge_account_id" = EXCLUDED."forge_account_id","invalidation_reason" = EXCLUDED."invalidation_reason","invalidated_at" = EXCLUDED."invalidated_at","ttl_expires_at" = EXCLUDED."ttl_expires_at","cached_at" = EXCLUDED."cached_at","full_result" = EXCLUDED."full_result","reason" = EXCLUDED."reason","confidence" = EXCLUDED."confidence","is_false_positive" = EXCLUDED."is_false_positive","file_hashes" = EXCLUDED."file_hashes","locations" = EXCLUDED."locations","vulnerability_type" = EXCLUDED."vulnerability_type","repository" = EXCLUDED."repository","cache_key" = EXCLUDED."cache_key" RETURNING "id","updated_at","inserted_at","forge_account_id","invalidation_reason","invalidated_at","ttl_expires_at","cached_at","full_result","reason","confidence","is_false_positive","file_hashes","locations","vulnerability_type","repository","cache_key" ["No user input flow detected", "56686/RSOLV-dev/nodegoat/[app.js:42]:sql-injection", "RSOLV-dev/nodegoat", Decimal.new("0.99"), 56686, [%{line: 42, file_path: "app.js"}], "sql-injection", %{"app.js" => "sha256:abc123"}, true, ~U[2025-12-10 20:25:33.665583Z], ~U[2025-09-11 20:25:33.665583Z], ~U[2025-09-11 20:25:33.665616Z], ~U[2025-09-11 20:25:33.665616Z]]
14:25:33.665 [debug] Cached validation stored
.14:25:33.666 [debug] QUERY OK source="customers" db=0.1ms
INSERT INTO "customers" ("active","name","metadata","email","is_staff","subscription_plan","monthly_limit","current_usage","fixes_quota_this_month","fixes_used_this_month","has_payment_method","rollover_fixes","subscription_status","trial_fixes_limit","trial_fixes_used","inserted_at","updated_at") VALUES ($1,$2,$3,$4,$5,$6,$7,$8,$9,$10,$11,$12,$13,$14,$15,$16,$17) RETURNING "id" [true, "Test Customer 16005", %{}, "test16005@example.com", false, "trial", 100, 0, 0, 0, false, 0, "active", 5, 0, ~N[2025-09-11 20:25:33], ~N[2025-09-11 20:25:33]]
14:25:33.666 [debug] QUERY OK source="forge_accounts" db=0.1ms
INSERT INTO "forge_accounts" ("metadata","namespace","customer_id","forge_type","verified_at","inserted_at","updated_at") VALUES ($1,$2,$3,$4,$5,$6,$7) RETURNING "id" [%{}, "test-org-16005", 72145, :github, ~U[2025-09-11 20:25:33.666239Z], ~U[2025-09-11 20:25:33.666247Z], ~U[2025-09-11 20:25:33.666247Z]]
14:25:33.666 [debug] QUERY OK source="cached_validations" db=0.1ms
INSERT INTO "cached_validations" ("reason","cache_key","repository","confidence","forge_account_id","locations","vulnerability_type","file_hashes","is_false_positive","ttl_expires_at","cached_at","inserted_at","updated_at") VALUES ($1,$2,$3,$4,$5,$6,$7,$8,$9,$10,$11,$12,$13) ON CONFLICT ("cache_key") DO UPDATE SET "updated_at" = EXCLUDED."updated_at","inserted_at" = EXCLUDED."inserted_at","forge_account_id" = EXCLUDED."forge_account_id","invalidation_reason" = EXCLUDED."invalidation_reason","invalidated_at" = EXCLUDED."invalidated_at","ttl_expires_at" = EXCLUDED."ttl_expires_at","cached_at" = EXCLUDED."cached_at","full_result" = EXCLUDED."full_result","reason" = EXCLUDED."reason","confidence" = EXCLUDED."confidence","is_false_positive" = EXCLUDED."is_false_positive","file_hashes" = EXCLUDED."file_hashes","locations" = EXCLUDED."locations","vulnerability_type" = EXCLUDED."vulnerability_type","repository" = EXCLUDED."repository","cache_key" = EXCLUDED."cache_key" RETURNING "id","updated_at","inserted_at","forge_account_id","invalidation_reason","invalidated_at","ttl_expires_at","cached_at","full_result","reason","confidence","is_false_positive","file_hashes","locations","vulnerability_type","repository","cache_key" ["No user input flow detected", "56687/RSOLV-dev/nodegoat/[app.js:42]:sql-injection", "RSOLV-dev/nodegoat", Decimal.new("0.95"), 56687, [%{line: 42, file_path: "app.js"}], "sql-injection", %{"app.js" => "sha256:abc123"}, true, ~U[2025-12-10 20:25:33.666415Z], ~U[2025-09-11 20:25:33.666415Z], ~U[2025-09-11 20:25:33.666461Z], ~U[2025-09-11 20:25:33.666461Z]]
14:25:33.666 [debug] Cached validation stored
.14:25:33.667 [debug] QUERY OK source="customers" db=0.0ms
INSERT INTO "customers" ("active","name","metadata","email","is_staff","subscription_plan","monthly_limit","current_usage","fixes_quota_this_month","fixes_used_this_month","has_payment_method","rollover_fixes","subscription_status","trial_fixes_limit","trial_fixes_used","inserted_at","updated_at") VALUES ($1,$2,$3,$4,$5,$6,$7,$8,$9,$10,$11,$12,$13,$14,$15,$16,$17) RETURNING "id" [true, "Test Customer 13962", %{}, "test13962@example.com", false, "trial", 100, 0, 0, 0, false, 0, "active", 5, 0, ~N[2025-09-11 20:25:33], ~N[2025-09-11 20:25:33]]
14:25:33.667 [debug] QUERY OK source="forge_accounts" db=0.0ms
INSERT INTO "forge_accounts" ("metadata","namespace","customer_id","forge_type","verified_at","inserted_at","updated_at") VALUES ($1,$2,$3,$4,$5,$6,$7) RETURNING "id" [%{}, "test-org-13962", 72146, :github, ~U[2025-09-11 20:25:33.667091Z], ~U[2025-09-11 20:25:33.667099Z], ~U[2025-09-11 20:25:33.667099Z]]
14:25:33.667 [debug] QUERY OK source="cached_validations" db=0.1ms
INSERT INTO "cached_validations" ("reason","cache_key","repository","confidence","forge_account_id","locations","vulnerability_type","file_hashes","is_false_positive","ttl_expires_at","cached_at","inserted_at","updated_at") VALUES ($1,$2,$3,$4,$5,$6,$7,$8,$9,$10,$11,$12,$13) ON CONFLICT ("cache_key") DO UPDATE SET "updated_at" = EXCLUDED."updated_at","inserted_at" = EXCLUDED."inserted_at","forge_account_id" = EXCLUDED."forge_account_id","invalidation_reason" = EXCLUDED."invalidation_reason","invalidated_at" = EXCLUDED."invalidated_at","ttl_expires_at" = EXCLUDED."ttl_expires_at","cached_at" = EXCLUDED."cached_at","full_result" = EXCLUDED."full_result","reason" = EXCLUDED."reason","confidence" = EXCLUDED."confidence","is_false_positive" = EXCLUDED."is_false_positive","file_hashes" = EXCLUDED."file_hashes","locations" = EXCLUDED."locations","vulnerability_type" = EXCLUDED."vulnerability_type","repository" = EXCLUDED."repository","cache_key" = EXCLUDED."cache_key" RETURNING "id","updated_at","inserted_at","forge_account_id","invalidation_reason","invalidated_at","ttl_expires_at","cached_at","full_result","reason","confidence","is_false_positive","file_hashes","locations","vulnerability_type","repository","cache_key" ["No user input flow detected", "56688/RSOLV-dev/nodegoat/[app.js:42,lib/db.js:10]:sql-injection", "RSOLV-dev/nodegoat", Decimal.new("0.95"), 56688, [%{line: 42, file_path: "app.js"}, %{line: 10, file_path: "lib/db.js"}], "sql-injection", %{"app.js" => "sha256:abc123", "lib/db.js" => "sha256:def456"}, true, ~U[2025-12-10 20:25:33.667251Z], ~U[2025-09-11 20:25:33.667251Z], ~U[2025-09-11 20:25:33.667296Z], ~U[2025-09-11 20:25:33.667296Z]]
14:25:33.667 [debug] Cached validation stored
.....................14:25:33.668 [debug] QUERY OK source="fun_with_flags_toggles" db=0.0ms
INSERT INTO "fun_with_flags_toggles" AS f0 ("enabled","target","flag_name","gate_type") VALUES ($1,$2,$3,$4) ON CONFLICT ("flag_name","gate_type","target") DO UPDATE SET "enabled" = $5 RETURNING "id" [true, "_fwf_none", "test_flag", "boolean", true]
14:25:33.668 [debug] QUERY OK source="fun_with_flags_toggles" db=0.0ms
SELECT f0."id", f0."flag_name", f0."gate_type", f0."target", f0."enabled" FROM "fun_with_flags_toggles" AS f0 WHERE (f0."flag_name" = $1) ["test_flag"]
14:25:33.668 [debug] Telemetry event: [:fun_with_flags, :persistence, :write], metadata: %{flag_name: :test_flag, gate: %FunWithFlags.Gate{type: :boolean, for: nil, enabled: true}}, measurements: %{system_time: 1757622333668800282}
14:25:33.668 [debug] QUERY OK source="fun_with_flags_toggles" db=0.0ms
SELECT f0."id", f0."flag_name", f0."gate_type", f0."target", f0."enabled" FROM "fun_with_flags_toggles" AS f0 WHERE (f0."flag_name" = $1) ["test_flag"]
14:25:33.669 [debug] Telemetry event: [:fun_with_flags, :persistence, :read], metadata: %{flag_name: :test_flag, gate: nil}, measurements: %{system_time: 1757622333668987711}
14:25:33.669 [debug] QUERY OK source="fun_with_flags_toggles" db=0.0ms
SELECT f0."id", f0."flag_name", f0."gate_type", f0."target", f0."enabled" FROM "fun_with_flags_toggles" AS f0 WHERE (f0."flag_name" = $1) ["test_flag"]
14:25:33.669 [debug] Telemetry event: [:fun_with_flags, :persistence, :read], metadata: %{flag_name: :test_flag, gate: nil}, measurements: %{system_time: 1757622333669135973}
14:25:33.669 [debug] QUERY OK source="fun_with_flags_toggles" db=0.0ms
INSERT INTO "fun_with_flags_toggles" AS f0 ("enabled","target","flag_name","gate_type") VALUES ($1,$2,$3,$4) ON CONFLICT ("flag_name","gate_type","target") DO UPDATE SET "enabled" = $5 RETURNING "id" [false, "_fwf_none", "test_flag", "boolean", false]
14:25:33.669 [debug] QUERY OK source="fun_with_flags_toggles" db=0.0ms
SELECT f0."id", f0."flag_name", f0."gate_type", f0."target", f0."enabled" FROM "fun_with_flags_toggles" AS f0 WHERE (f0."flag_name" = $1) ["test_flag"]
14:25:33.669 [debug] Telemetry event: [:fun_with_flags, :persistence, :write], metadata: %{flag_name: :test_flag, gate: %FunWithFlags.Gate{type: :boolean, for: nil, enabled: false}}, measurements: %{system_time: 1757622333669468954}
..14:25:33.670 [debug] QUERY OK source="fun_with_flags_toggles" db=0.1ms
INSERT INTO "fun_with_flags_toggles" AS f0 ("enabled","target","flag_name","gate_type") VALUES ($1,$2,$3,$4) ON CONFLICT ("flag_name","gate_type","target") DO UPDATE SET "enabled" = $5 RETURNING "id" [true, "_fwf_none", "early_access_signup", "boolean", true]
14:25:33.670 [debug] QUERY OK source="fun_with_flags_toggles" db=0.0ms
SELECT f0."id", f0."flag_name", f0."gate_type", f0."target", f0."enabled" FROM "fun_with_flags_toggles" AS f0 WHERE (f0."flag_name" = $1) ["early_access_signup"]
14:25:33.670 [debug] Telemetry event: [:fun_with_flags, :persistence, :write], metadata: %{flag_name: :early_access_signup, gate: %FunWithFlags.Gate{type: :boolean, for: nil, enabled: true}}, measurements: %{system_time: 1757622333670111399}
14:25:33.670 [debug] QUERY OK source="fun_with_flags_toggles" db=0.0ms
INSERT INTO "fun_with_flags_toggles" AS f0 ("enabled","target","flag_name","gate_type") VALUES ($1,$2,$3,$4) ON CONFLICT ("flag_name","gate_type","target") DO UPDATE SET "enabled" = $5 RETURNING "id" [true, "_fwf_none", "welcome_email_sequence", "boolean", true]
14:25:33.670 [debug] QUERY OK source="fun_with_flags_toggles" db=0.0ms
SELECT f0."id", f0."flag_name", f0."gate_type", f0."target", f0."enabled" FROM "fun_with_flags_toggles" AS f0 WHERE (f0."flag_name" = $1) ["welcome_email_sequence"]
14:25:33.670 [debug] Telemetry event: [:fun_with_flags, :persistence, :write], metadata: %{flag_name: :welcome_email_sequence, gate: %FunWithFlags.Gate{type: :boolean, for: nil, enabled: true}}, measurements: %{system_time: 1757622333670295023}
14:25:33.670 request_id=GGRUMz-23D0l-GMAAGaF [info] POST /early-access
14:25:33.670 request_id=GGRUMz-23D0l-GMAAGaF [debug] Processing with RsolvWeb.PageController.submit_early_access/2
  Parameters: %{"email" => "minimal@example.com"}
  Pipelines: [:browser]
14:25:33.670 request_id=GGRUMz-23D0l-GMAAGaF [debug] QUERY OK source="fun_with_flags_toggles" db=0.0ms
SELECT f0."id", f0."flag_name", f0."gate_type", f0."target", f0."enabled" FROM "fun_with_flags_toggles" AS f0 WHERE (f0."flag_name" = $1) ["early_access_signup"]
14:25:33.670 request_id=GGRUMz-23D0l-GMAAGaF [debug] Telemetry event: [:fun_with_flags, :persistence, :read], metadata: %{flag_name: :early_access_signup, gate: nil}, measurements: %{system_time: 1757622333670531520}
14:25:33.670 request_id=GGRUMz-23D0l-GMAAGaF [debug] Extracted UTM parameters: %{}
14:25:33.670 request_id=GGRUMz-23D0l-GMAAGaF [info] Analytics event tracked
14:25:33.670 request_id=GGRUMz-23D0l-GMAAGaF [debug] QUERY OK db=0.0ms
SELECT create_analytics_partition_if_not_exists($1::date) [~D[2025-09-11]]
14:25:33.670 request_id=GGRUMz-23D0l-GMAAGaF [debug] QUERY OK source="analytics_events" db=0.0ms
INSERT INTO "analytics_events" ("metadata","event_type","visitor_id","page_path","inserted_at","updated_at") VALUES ($1,$2,$3,$4,$5,$6) RETURNING "id" [%{status: "submit", os: "unknown", form_id: "early-access", browser: "unknown", utm_source_platform: nil, utm_source_campaign: nil, utm_source_content: nil, device_type: "unknown"}, "form_submit", "dc219c66d21d4e45f55afc4a40f3a275", "/early-access", ~N[2025-09-11 20:25:33], ~N[2025-09-11 20:25:33]]
14:25:33.670 request_id=GGRUMz-23D0l-GMAAGaF [info] Form submission received
14:25:33.670 request_id=GGRUMz-23D0l-GMAAGaF [info] Valid email received for processing: minimal@example.com, validation passed
14:25:33.670 request_id=GGRUMz-23D0l-GMAAGaF [debug] Extracted UTM parameters: %{}
14:25:33.670 request_id=GGRUMz-23D0l-GMAAGaF [debug] QUERY OK source="early_access_signups" db=0.0ms
INSERT INTO "early_access_signups" ("name","email","referral_source","inserted_at") VALUES ($1,$2,$3,$4) RETURNING "id" ["Minimal", "minimal@example.com", "landing_page", ~N[2025-09-11 20:25:33]]
14:25:33.671 request_id=GGRUMz-23D0l-GMAAGaF [debug] QUERY OK source="early_access_signups" db=0.0ms
SELECT count(e0."id") FROM "early_access_signups" AS e0 []
14:25:33.671 request_id=GGRUMz-23D0l-GMAAGaF [info] Successfully saved signup to database
14:25:33.671 request_id=GGRUMz-23D0l-GMAAGaF [info] ConvertKit API key present: true
14:25:33.671 request_id=GGRUMz-23D0l-GMAAGaF [info] ConvertKit API request successful
14:25:33.671 request_id=GGRUMz-23D0l-GMAAGaF [info] ConvertKit: Successfully added subscriber
14:25:33.671 request_id=GGRUMz-23D0l-GMAAGaF [info] Analytics event tracked
14:25:33.671 request_id=GGRUMz-23D0l-GMAAGaF [debug] QUERY OK db=0.0ms
SELECT create_analytics_partition_if_not_exists($1::date) [~D[2025-09-11]]
14:25:33.671 request_id=GGRUMz-23D0l-GMAAGaF [debug] QUERY OK source="analytics_events" db=0.0ms
INSERT INTO "analytics_events" ("metadata","event_type","visitor_id","page_path","inserted_at","updated_at") VALUES ($1,$2,$3,$4,$5,$6) RETURNING "id" [%{status: "success", os: "unknown", source: "landing_page", form_id: "early-access", browser: "unknown", utm_source_platform: nil, utm_source_campaign: nil, utm_source_content: nil, device_type: "unknown", conversion_type: "early_access_signup", email_domain: "example.com"}, "form_success", "dc219c66d21d4e45f55afc4a40f3a275", "/early-access", ~N[2025-09-11 20:25:33], ~N[2025-09-11 20:25:33]]
14:25:33.671 request_id=GGRUMz-23D0l-GMAAGaF [info] Analytics event tracked
14:25:33.671 request_id=GGRUMz-23D0l-GMAAGaF [debug] QUERY OK db=0.0ms
SELECT create_analytics_partition_if_not_exists($1::date) [~D[2025-09-11]]
14:25:33.671 request_id=GGRUMz-23D0l-GMAAGaF [debug] QUERY OK source="analytics_events" db=0.0ms
INSERT INTO "analytics_events" ("metadata","event_type","visitor_id","page_path","inserted_at","updated_at") VALUES ($1,$2,$3,$4,$5,$6) RETURNING "id" [%{os: "unknown", source: "landing_page", form_id: "early-access", browser: "unknown", utm_source_platform: nil, utm_source_campaign: nil, utm_source_content: nil, device_type: "unknown", conversion_type: "early_access_signup", email_domain: "example.com"}, "conversion", "dc219c66d21d4e45f55afc4a40f3a275", "/early-access", ~N[2025-09-11 20:25:33], ~N[2025-09-11 20:25:33]]
14:25:33.671 request_id=GGRUMz-23D0l-GMAAGaF [debug] QUERY OK source="fun_with_flags_toggles" db=0.0ms
SELECT f0."id", f0."flag_name", f0."gate_type", f0."target", f0."enabled" FROM "fun_with_flags_toggles" AS f0 WHERE (f0."flag_name" = $1) ["welcome_email_sequence"]
14:25:33.671 request_id=GGRUMz-23D0l-GMAAGaF [debug] Telemetry event: [:fun_with_flags, :persistence, :read], metadata: %{flag_name: :welcome_email_sequence, gate: nil}, measurements: %{system_time: 1757622333671637351}
14:25:33.671 request_id=GGRUMz-23D0l-GMAAGaF [info] [PAGE CONTROLLER] Welcome email sequence is ENABLED, starting sequence
14:25:33.671 request_id=GGRUMz-23D0l-GMAAGaF [info] [PAGE CONTROLLER] About to call EmailSequence.start_early_access_onboarding_sequence
14:25:33.671 request_id=GGRUMz-23D0l-GMAAGaF [info] [EMAIL SEQUENCE] Starting early access onboarding sequence
14:25:33.671 request_id=GGRUMz-23D0l-GMAAGaF [info] [EMAIL SEQUENCE] About to call EmailService.send_early_access_welcome_email
14:25:33.671 request_id=GGRUMz-23D0l-GMAAGaF [info] [EMAIL] send_early_access_welcome_email called
14:25:33.671 request_id=GGRUMz-23D0l-GMAAGaF [info] [EMAIL DEBUG] Full email struct before sending
14:25:33.671 request_id=GGRUMz-23D0l-GMAAGaF [info] [EMAIL DEBUG] Extracted recipient email
14:25:33.671 request_id=GGRUMz-23D0l-GMAAGaF [info] [EMAIL DEBUG] Postmark configuration
14:25:33.671 request_id=GGRUMz-23D0l-GMAAGaF [info] [EMAIL DEBUG] Email configuration
14:25:33.671 request_id=GGRUMz-23D0l-GMAAGaF [info] [EMAIL] Attempting to send email via Postmark
14:25:33.671 request_id=GGRUMz-23D0l-GMAAGaF [debug] Sending email with Bamboo.TestAdapter:

%Bamboo.Email{from: {"RSOLV Team", "support@rsolv.dev"}, to: [nil: "minimal@example.com"], cc: [], bcc: [], subject: "Welcome to RSOLV Early Access Program", html_body: "<div style=\"font-family: 'Helvetica Neue', Helvetica, Arial, sans-serif; max-width: 600px; margin: 0 auto; padding: 20px;\">\n  <h1 style=\"color: #2C3E50; margin-bottom: 20px;\">Welcome to RSOLV Early Access Program!</h1>\n\n  <p>Hi Minimal,</p>\n\n  <p>Thank you for joining our Early Access Program! You're now part of an exclusive group getting first access to RSOLV.</p>\n\n  <p>Here's what you need to know:</p>\n\n  <ul>\n    <li>You have full access to all current features</li>\n    <li>Your feedback is incredibly valuable to us during this phase</li>\n    <li>You'll receive priority support via email</li>\n  </ul>\n\n  <p>To get started with RSOLV:</p>\n\n  <ol>\n    <li><strong>Your API key will be sent in a follow-up email within 24 hours</strong></li>\n    <li>Once you receive your API key, install our GitHub Action (code below)</li>\n    <li>Set up your repository secrets with your API key</li>\n    <li>Tag your first issues with \"rsolv:automate\"</li>\n  </ol>\n\n  <div style=\"background-color: #fff3cd; border: 1px solid #ffeaa7; color: #856404; padding: 10px; border-radius: 5px; margin: 15px 0;\">\n    <strong>⏳ API Key Coming Soon:</strong> We'll send your personal API key within 24 hours. Look for an email with subject \"Your RSOLV API Key\".\n  </div>\n\n  <div style=\"background-color: #f8f9fa; padding: 15px; border-radius: 5px; margin: 20px 0;\">\n    <pre style=\"margin: 0; overflow-x: auto; white-space: pre-wrap; font-family: monospace;\">name: RSOLV AutoFix\non:\n  issues:\n    types: [opened, edited, labeled]\n\njobs:\n  autofix:\n    runs-on: ubuntu-latest\n    if: contains(github.event.issue.labels.*.name, 'rsolv:automate')\n    steps:\n      - uses: RSOLV-dev/rsolv-action@v1\n        with:\n          github-token: ${{ secrets.GITHUB_TOKEN }}\n          rsolv-api-key: ${{ secrets.RSOLV_API_KEY }}</pre>\n  </div>\n\n  <p>Need help? As an Early Access member, you have priority support - contact us at <a href=\"mailto:support@rsolv.dev\">support@rsolv.dev</a> and we'll personally assist you.</p>\n\n  <p>Your trial includes unlimited automated fixes during the Early Access period.</p>\n\n  <div style=\"margin-top: 30px; padding: 15px; border: 1px solid #e0e0e0; border-radius: 5px; background-color: #f9f9f9;\">\n    <h3 style=\"margin-top: 0; color: #2C3E50;\">Early Access Program Benefits</h3>\n    <ul>\n      <li>Unlimited usage during Early Access</li>\n      <li>Priority support and feature requests</li>\n      <li>Exclusive pricing when we launch</li>\n      <li>Direct access to our development team</li>\n    </ul>\n  </div>\n\n  <p>Best,<br>The RSOLV Team</p>\n\n  <div class=\"footer\" style=\"margin-top: 40px; padding-top: 20px; border-top: 1px solid #e0e0e0; font-size: 0.9em; color: #666;\">\n    <p>\n      You're receiving this email because you joined the RSOLV Early Access Program.\n      <br>\n      If you have any questions, simply reply to this email.\n    </p>\n    <p>\n      RSOLV, Inc. • support@rsolv.dev • © 2025\n    </p>\n    <p>\n      <a href=\"https://rsolv.dev/unsubscribe?email=minimal@example.com\">Unsubscribe</a> from these emails.\n    </p>\n  </div>\n</div>\n", text_body: "Welcome to RSOLV Early Access Program!\n\nHi Minimal,\n\nThank you for joining our Early Access Program! You're now part of an exclusive group getting first access to RSOLV.\n\nHere's what you need to know:\n- You have full access to all current features\n- Your feedback is incredibly valuable to us during this phase\n- You'll receive priority support via email\n\nTo get started with RSOLV:\n1. Your API key will be sent in a follow-up email within 24 hours\n2. Once you receive your API key, install our GitHub Action\n3. Set up your repository secrets with your API key\n4. Tag your first issues with \"AUTOFIX\"\n\n⏳ API KEY COMING SOON: We'll send your personal API key within 24 hours. Look for an email with subject \"Your RSOLV API Key\".\n\nNeed help? As an Early Access member, you have priority support - contact us at support@rsolv.dev and we'll personally assist you.\n\nYour trial includes unlimited automated fixes during the Early Access period.\n\nEARLY ACCESS PROGRAM BENEFITS:\n* Unlimited usage during Early Access\n* Priority support and feature requests\n* Exclusive pricing when we launch\n* Direct access to our development team\n\nBest,\nThe RSOLV Team\n\n---\nYou're receiving this email because you joined the RSOLV Early Access Program.\nIf you have any questions, simply reply to this email.\n\nRSOLV, Inc. • support@rsolv.dev\n\nTo unsubscribe, visit: https://rsolv.dev/unsubscribe?email=minimal@example.com\n", headers: %{"X-Postmark-Tag" => "early-access"}, attachments: [], assigns: %{}, private: %{tag: "early-access"}, blocked: false}

14:25:33.672 request_id=GGRUMz-23D0l-GMAAGaF [info] [EMAIL DEBUG] Raw Postmark response
14:25:33.672 request_id=GGRUMz-23D0l-GMAAGaF [info] [EMAIL] Email sent successfully via Postmark
14:25:33.672 request_id=GGRUMz-23D0l-GMAAGaF [info] [EMAIL SEQUENCE] EmailService.send_early_access_welcome_email returned
14:25:33.672 request_id=GGRUMz-23D0l-GMAAGaF [info] Attempting to tag subscriber
14:25:33.672 request_id=GGRUMz-23D0l-GMAAGaF [info] ConvertKit: Attempting to tag minimal@example.com with tag 7700607
14:25:33.672 request_id=GGRUMz-23D0l-GMAAGaF [info] ConvertKit: Successfully tagged minimal@example.com
14:25:33.672 request_id=GGRUMz-23D0l-GMAAGaF [info] [EmailWorker] schedule_sequence called
14:25:33.672 request_id=GGRUMz-23D0l-GMAAGaF [info] [EmailWorker] Found sequence
14:25:33.672 request_id=GGRUMz-23D0l-GMAAGaF [info] [EmailWorker] Processing email config
14:25:33.672 request_id=GGRUMz-23D0l-GMAAGaF [info] [EmailWorker] Skipping immediate email
14:25:33.672 request_id=GGRUMz-23D0l-GMAAGaF [info] [EmailWorker] Processing email config
14:25:33.672 request_id=GGRUMz-23D0l-GMAAGaF [info] [EmailWorker] Scheduling email
14:25:33.672 request_id=GGRUMz-23D0l-GMAAGaF [info] [EmailWorker] Creating Oban job
14:25:33.672 request_id=GGRUMz-23D0l-GMAAGaF [info] [EmailWorker] Job created
14:25:33.672 request_id=GGRUMz-23D0l-GMAAGaF [info] Processing scheduled email
14:25:33.672 request_id=GGRUMz-23D0l-GMAAGaF [error] Failed to send scheduled email
14:25:33.672 request_id=GGRUMz-23D0l-GMAAGaF [info] [EmailWorker] Insert result
14:25:33.672 request_id=GGRUMz-23D0l-GMAAGaF [info] [EmailWorker] Schedule result
14:25:33.672 request_id=GGRUMz-23D0l-GMAAGaF [info] [EmailWorker] Processing email config
14:25:33.672 request_id=GGRUMz-23D0l-GMAAGaF [info] [EmailWorker] Scheduling email
14:25:33.672 request_id=GGRUMz-23D0l-GMAAGaF [info] [EmailWorker] Creating Oban job
14:25:33.672 request_id=GGRUMz-23D0l-GMAAGaF [info] [EmailWorker] Job created
14:25:33.672 request_id=GGRUMz-23D0l-GMAAGaF [info] Processing scheduled email
14:25:33.672 request_id=GGRUMz-23D0l-GMAAGaF [info] [EMAIL DEBUG] Full email struct before sending
14:25:33.672 request_id=GGRUMz-23D0l-GMAAGaF [info] [EMAIL DEBUG] Extracted recipient email
14:25:33.672 request_id=GGRUMz-23D0l-GMAAGaF [info] [EMAIL DEBUG] Postmark configuration
14:25:33.672 request_id=GGRUMz-23D0l-GMAAGaF [info] [EMAIL DEBUG] Email configuration
14:25:33.672 request_id=GGRUMz-23D0l-GMAAGaF [info] [EMAIL] Attempting to send email via Postmark
14:25:33.672 request_id=GGRUMz-23D0l-GMAAGaF [debug] Sending email with Bamboo.TestAdapter:

%Bamboo.Email{from: {"RSOLV Team", "support@rsolv.dev"}, to: [nil: "minimal@example.com"], cc: [], bcc: [], subject: "Verify Your RSOLV Setup - Need Any Help?", html_body: "<!DOCTYPE html>\n<html lang=\"en\">\n<head>\n  <meta charset=\"UTF-8\">\n  <meta name=\"viewport\" content=\"width=device-width, initial-scale=1.0\">\n  <title>Verify Your RSOLV Setup</title>\n  <style>\n    @import url('https://fonts.googleapis.com/css2?family=Space+Grotesk:wght@300;400;500;700&display=swap');\n    \n    body {\n      font-family: 'Space Grotesk', -apple-system, BlinkMacSystemFont, \"Segoe UI\", Roboto, Helvetica, Arial, sans-serif;\n      line-height: 1.6;\n      color: #333;\n      max-width: 600px;\n      margin: 0 auto;\n      padding: 20px;\n      background-color: #f8f9fa;\n    }\n    .container {\n      background-color: #ffffff;\n      border-radius: 8px;\n      padding: 30px;\n      box-shadow: 0 4px 6px rgba(0, 0, 0, 0.05);\n    }\n    .logo {\n      text-align: center;\n      margin-bottom: 30px;\n    }\n    .logo img {\n      max-width: 200px;\n    }\n    h1, h2, h3 {\n      color: #10b981;\n    }\n    .checklist {\n      background-color: #f3f4f6;\n      padding: 20px;\n      border-radius: 8px;\n      margin: 20px 0;\n    }\n    .checklist-item {\n      display: flex;\n      align-items: center;\n      margin-bottom: 15px;\n    }\n    .checklist-item input[type=\"checkbox\"] {\n      margin-right: 10px;\n    }\n    .status-box {\n      background-color: #fff3cd;\n      border: 1px solid #ffeaa7;\n      padding: 15px;\n      border-radius: 8px;\n      margin: 20px 0;\n    }\n    .success-box {\n      background-color: #d4edda;\n      border: 1px solid #c3e6cb;\n      padding: 15px;\n      border-radius: 8px;\n      margin: 20px 0;\n    }\n    .code {\n      background-color: #2d3748;\n      color: #e2e8f0;\n      padding: 15px;\n      border-radius: 5px;\n      font-family: 'Courier New', monospace;\n      overflow-x: auto;\n      margin: 15px 0;\n    }\n    .cta {\n      background-color: #10b981;\n      color: white;\n      padding: 12px 24px;\n      border-radius: 5px;\n      display: inline-block;\n      text-decoration: none;\n      font-weight: bold;\n      margin: 20px 0;\n    }\n    .footer {\n      margin-top: 40px;\n      font-size: 14px;\n      color: #6b7280;\n      border-top: 1px solid #e5e7eb;\n      padding-top: 20px;\n      text-align: center;\n    }\n  </style>\n</head>\n<body>\n  <div class=\"container\">\n    <div class=\"logo\">\n      <img src=\"https://rsolv.dev/images/rsolv_logo_transparent.png\" alt=\"RSOLV Logo\">\n    </div>\n    \n    <h1>Let's Verify Your RSOLV Setup</h1>\n    \n    <p>Hi {@first_name},</p>\n    \n    <p>It's been a few days since you signed up for RSOLV. We want to make sure you're all set up and ready to benefit from automated security scanning and remediation!</p>\n    \n    <div class=\"checklist\">\n      <h3>Quick Setup Checklist:</h3>\n      <div class=\"checklist-item\">\n        <input type=\"checkbox\" disabled> Connected your repositories for security scanning\n      </div>\n      <div class=\"checklist-item\">\n        <input type=\"checkbox\" disabled> Added the GitHub Action workflow for automated fixes\n      </div>\n      <div class=\"checklist-item\">\n        <input type=\"checkbox\" disabled> Set up your RSOLV_API_KEY as a repository secret\n      </div>\n      <div class=\"checklist-item\">\n        <input type=\"checkbox\" disabled> Reviewed security issues found by RSOLV\n      </div>\n      <div class=\"checklist-item\">\n        <input type=\"checkbox\" disabled> Generated and merged your first security fix PR\n      </div>\n    </div>\n    \n    <h2>Need Help with Setup?</h2>\n    \n    <p>If you haven't completed setup yet, here's a quick reminder of the steps:</p>\n    \n    <div class=\"code\">\n# In .github/workflows/rsolv.yml:\nname: RSOLV Security Fixes\n\non:\n  issues:\n    types: [labeled]\n\njobs:\n  security-fix:\n    if: contains(github.event.issue.labels.*.name, 'rsolv:automate')\n    runs-on: ubuntu-latest\n    steps:\n      - uses: rsolv-dev/rsolv-action@v1\n        with:\n          github-token: ${\"{{ secrets.GITHUB_TOKEN }}\"}\n          rsolv-api-key: ${\"{{ secrets.RSOLV_API_KEY }}\"}\n    </div>\n    \n    <div class=\"status-box\">\n      <strong>🎁 Remember:</strong> Your first 10 fixes are completely free! No credit card required. After that, you only pay $15 per fix that gets deployed.\n   " <> ..., text_body: "Let's Verify Your RSOLV Setup\n\nHi Minimal,\n\nIt's been a few days since you signed up for RSOLV. We want to make sure you're all set up and ready to automate your issue resolution!\n\nQuick Setup Checklist:\n[ ] Added the GitHub Action workflow to your repository\n[ ] Set up your RSOLV_API_KEY as a repository secret\n[ ] Tagged your first issue with \"rsolv:automate\"\n[ ] Reviewed and merged your first automated PR\n\nNeed Help with Setup?\nIf you haven't completed setup yet, visit: https://rsolv.dev/docs/getting-started\n\nRemember: Your first 10 fixes are completely free! No credit card required. After that, you only pay $15 per fix that gets deployed.\n\nCommon Questions:\n- Where do I get my API key? Check your welcome email or visit your dashboard\n- Can I use RSOLV on private repos? Yes! RSOLV works with both public and private repositories\n- What types of issues can RSOLV fix? Bug fixes, security vulnerabilities, performance issues, and more\n- How secure is it? We analyze every fix for security vulnerabilities before creating PRs\n\nPro Tip: Start with a simple issue first - something like \"Fix typo in README\" or \"Update deprecated function calls\".\n\nReady to get started? Tag an issue with \"rsolv:automate\" and watch the magic happen!\n\nIf you're stuck or have questions, just reply to this email.\n\nBest regards,\nThe RSOLV Team\n\n---\nTo unsubscribe, visit: https://rsolv.dev/unsubscribe?email=minimal@example.com\n", headers: %{"X-Postmark-Tag" => "setup-verification"}, attachments: [], assigns: %{}, private: %{tag: "setup-verification"}, blocked: false}

14:25:33.672 request_id=GGRUMz-23D0l-GMAAGaF [info] [EMAIL DEBUG] Raw Postmark response
14:25:33.672 request_id=GGRUMz-23D0l-GMAAGaF [info] [EMAIL] Email sent successfully via Postmark
14:25:33.672 request_id=GGRUMz-23D0l-GMAAGaF [info] Successfully sent scheduled email
14:25:33.673 request_id=GGRUMz-23D0l-GMAAGaF [info] [EmailWorker] Insert result
14:25:33.673 request_id=GGRUMz-23D0l-GMAAGaF [info] [EmailWorker] Schedule result
14:25:33.673 request_id=GGRUMz-23D0l-GMAAGaF [info] [EmailWorker] Processing email config
14:25:33.673 request_id=GGRUMz-23D0l-GMAAGaF [info] [EmailWorker] Scheduling email
14:25:33.673 request_id=GGRUMz-23D0l-GMAAGaF [info] [EmailWorker] Creating Oban job
14:25:33.673 request_id=GGRUMz-23D0l-GMAAGaF [info] [EmailWorker] Job created
14:25:33.673 request_id=GGRUMz-23D0l-GMAAGaF [info] Processing scheduled email
14:25:33.673 request_id=GGRUMz-23D0l-GMAAGaF [info] [EMAIL DEBUG] Full email struct before sending
14:25:33.673 request_id=GGRUMz-23D0l-GMAAGaF [info] [EMAIL DEBUG] Extracted recipient email
14:25:33.673 request_id=GGRUMz-23D0l-GMAAGaF [info] [EMAIL DEBUG] Postmark configuration
14:25:33.673 request_id=GGRUMz-23D0l-GMAAGaF [info] [EMAIL DEBUG] Email configuration
14:25:33.673 request_id=GGRUMz-23D0l-GMAAGaF [info] [EMAIL] Attempting to send email via Postmark
14:25:33.673 request_id=GGRUMz-23D0l-GMAAGaF [debug] Sending email with Bamboo.TestAdapter:

%Bamboo.Email{from: {"RSOLV Team", "support@rsolv.dev"}, to: [nil: "minimal@example.com"], cc: [], bcc: [], subject: "Advanced RSOLV Features You Might Have Missed", html_body: "<!DOCTYPE html>\n<html lang=\"en\">\n<head>\n  <meta charset=\"UTF-8\">\n  <meta name=\"viewport\" content=\"width=device-width, initial-scale=1.0\">\n  <title>Advanced RSOLV Features</title>\n  <style>\n    @import url('https://fonts.googleapis.com/css2?family=Space+Grotesk:wght@300;400;500;700&display=swap');\n    \n    body {\n      font-family: 'Space Grotesk', -apple-system, BlinkMacSystemFont, \"Segoe UI\", Roboto, Helvetica, Arial, sans-serif;\n      line-height: 1.6;\n      color: #333;\n      max-width: 600px;\n      margin: 0 auto;\n      padding: 20px;\n      background-color: #f8f9fa;\n    }\n    .container {\n      background-color: #ffffff;\n      border-radius: 8px;\n      padding: 30px;\n      box-shadow: 0 4px 6px rgba(0, 0, 0, 0.05);\n    }\n    .logo {\n      text-align: center;\n      margin-bottom: 30px;\n    }\n    .logo img {\n      max-width: 200px;\n    }\n    h1, h2, h3 {\n      color: #10b981;\n    }\n    .feature-card {\n      background-color: #f3f4f6;\n      padding: 20px;\n      border-radius: 8px;\n      margin-bottom: 20px;\n      border-left: 4px solid #10b981;\n    }\n    .feature-card h3 {\n      margin-top: 0;\n    }\n    .code {\n      background-color: #2d3748;\n      color: #e2e8f0;\n      padding: 15px;\n      border-radius: 5px;\n      font-family: 'Courier New', monospace;\n      overflow-x: auto;\n      margin: 15px 0;\n      font-size: 14px;\n    }\n    .pro-tip {\n      background-color: #fff3cd;\n      border: 1px solid #ffeaa7;\n      padding: 15px;\n      border-radius: 8px;\n      margin: 20px 0;\n    }\n    .security-highlight {\n      background-color: #d4edda;\n      border: 1px solid #c3e6cb;\n      padding: 15px;\n      border-radius: 8px;\n      margin: 20px 0;\n    }\n    .cta {\n      background-color: #10b981;\n      color: white;\n      padding: 12px 24px;\n      border-radius: 5px;\n      display: inline-block;\n      text-decoration: none;\n      font-weight: bold;\n      margin: 20px 0;\n    }\n    .footer {\n      margin-top: 40px;\n      font-size: 14px;\n      color: #6b7280;\n      border-top: 1px solid #e5e7eb;\n      padding-top: 20px;\n      text-align: center;\n    }\n  </style>\n</head>\n<body>\n  <div class=\"container\">\n    <div class=\"logo\">\n      <img src=\"https://rsolv.dev/images/rsolv_logo_transparent.png\" alt=\"RSOLV Logo\">\n    </div>\n    \n    <h1>Unlock the Full Power of RSOLV</h1>\n    \n    <p>Hi {@first_name},</p>\n    \n    <p>You've been using RSOLV for a few days now. Here are some advanced features and techniques that can help you get even more value from automated security scanning and vulnerability remediation:</p>\n    \n    <div class=\"feature-card\">\n      <h3>🎯 Understanding RSOLV's Proactive Scanning</h3>\n      <p>RSOLV continuously scans your repositories for security vulnerabilities and automatically creates issues with detailed remediation plans:</p>\n      <ul>\n        <li><strong>Automated detection:</strong> Scans all files for 180+ vulnerability patterns (and growing)</li>\n        <li><strong>Smart grouping:</strong> Groups similar issues for efficient review</li>\n        <li><strong>Detailed reports:</strong> Shows exact file locations and vulnerable code</li>\n        <li><strong>Fix generation:</strong> Creates secure PRs that address root causes</li>\n      </ul>\n    </div>\n    \n    <div class=\"feature-card\">\n      <h3>🔒 Comprehensive Security Coverage</h3>\n      <p>RSOLV proactively detects and fixes these vulnerability types across your codebase:</p>\n      <ul>\n        <li>SQL/NoSQL injection vulnerabilities</li>\n        <li>Cross-site scripting (XSS) risks</li>\n        <li>Authentication/authorization flaws</li>\n        <li>Insecure cryptographic implementations</li>\n        <li>Hardcoded secrets and API keys</li>\n        <li>Path traversal and open redirects</li>\n        <li>Insecure dependencies and configurations</li>\n      </ul>\n      <p>Each PR includes a detailed security impact assessment and verification tests.</p>\n    </div>\n    \n    <div class=\"security-highlight\">\n      <strong>🛡️ Security Example:</strong> When RSOLV detects unsafe user input handling, it automatically generates fixes with proper sanitization, p" <> ..., text_body: "Unlock the Full Power of RSOLV\n\nHi Minimal,\n\nYou've been using RSOLV for a few days now. Here are some advanced features and techniques:\n\n1. Writing Better Issues for Better Fixes:\n   - Include error messages: Copy the full stack trace\n   - Specify the file/function: \"Fix pagination in UserList.js\"\n   - Describe expected behavior: \"Should show 10 users per page\"\n   - Add context: \"This broke after upgrading to React 18\"\n\n2. Security-First Fixes:\n   RSOLV automatically scans for:\n   - SQL injection vulnerabilities\n   - Cross-site scripting (XSS) risks\n   - Authentication/authorization issues\n   - Insecure dependencies\n   - Hardcoded secrets or API keys\n\n3. Batch Processing:\n   Tag multiple issues with \"rsolv:automate\" and RSOLV creates separate PRs for each.\n\n4. Customizing RSOLV Behavior:\n   Add these tags to your issues:\n   - [performance] - Optimize for speed\n   - [security] - Extra security focus\n   - [minimal] - Smallest possible change\n   - [refactor] - Clean up while fixing\n\nComing Soon:\n- Support for more languages (Go, Rust, PHP)\n- Custom fix preferences per repository\n- Team collaboration features\n- Integration with more platforms\n\nHave a feature request? Just reply to this email!\n\nView advanced documentation: https://rsolv.dev/docs/advanced\n\nBest regards,\nThe RSOLV Team\n\n---\nTo unsubscribe, visit: https://rsolv.dev/unsubscribe?email=minimal@example.com\n", headers: %{"X-Postmark-Tag" => "feature-deep-dive"}, attachments: [], assigns: %{}, private: %{tag: "feature-deep-dive"}, blocked: false}

14:25:33.673 request_id=GGRUMz-23D0l-GMAAGaF [info] [EMAIL DEBUG] Raw Postmark response
14:25:33.673 request_id=GGRUMz-23D0l-GMAAGaF [info] [EMAIL] Email sent successfully via Postmark
14:25:33.673 request_id=GGRUMz-23D0l-GMAAGaF [info] Successfully sent scheduled email
14:25:33.673 request_id=GGRUMz-23D0l-GMAAGaF [info] [EmailWorker] Insert result
14:25:33.673 request_id=GGRUMz-23D0l-GMAAGaF [info] [EmailWorker] Schedule result
14:25:33.673 request_id=GGRUMz-23D0l-GMAAGaF [info] [EmailWorker] Processing email config
14:25:33.673 request_id=GGRUMz-23D0l-GMAAGaF [info] [EmailWorker] Scheduling email
14:25:33.673 request_id=GGRUMz-23D0l-GMAAGaF [info] [EmailWorker] Creating Oban job
14:25:33.673 request_id=GGRUMz-23D0l-GMAAGaF [info] [EmailWorker] Job created
14:25:33.673 request_id=GGRUMz-23D0l-GMAAGaF [info] Processing scheduled email
14:25:33.673 request_id=GGRUMz-23D0l-GMAAGaF [info] [EMAIL DEBUG] Full email struct before sending
14:25:33.673 request_id=GGRUMz-23D0l-GMAAGaF [info] [EMAIL DEBUG] Extracted recipient email
14:25:33.673 request_id=GGRUMz-23D0l-GMAAGaF [info] [EMAIL DEBUG] Postmark configuration
14:25:33.673 request_id=GGRUMz-23D0l-GMAAGaF [info] [EMAIL DEBUG] Email configuration
14:25:33.673 request_id=GGRUMz-23D0l-GMAAGaF [info] [EMAIL] Attempting to send email via Postmark
14:25:33.674 request_id=GGRUMz-23D0l-GMAAGaF [debug] Sending email with Bamboo.TestAdapter:

%Bamboo.Email{from: {"RSOLV Team", "support@rsolv.dev"}, to: [nil: "minimal@example.com"], cc: [], bcc: [], subject: "How's Your Experience with RSOLV?", html_body: "<!DOCTYPE html>\n<html lang=\"en\">\n<head>\n  <meta charset=\"UTF-8\">\n  <meta name=\"viewport\" content=\"width=device-width, initial-scale=1.0\">\n  <title>How's Your RSOLV Experience?</title>\n  <style>\n    @import url('https://fonts.googleapis.com/css2?family=Space+Grotesk:wght@300;400;500;700&display=swap');\n    \n    body {\n      font-family: 'Space Grotesk', -apple-system, BlinkMacSystemFont, \"Segoe UI\", Roboto, Helvetica, Arial, sans-serif;\n      line-height: 1.6;\n      color: #333;\n      max-width: 600px;\n      margin: 0 auto;\n      padding: 20px;\n      background-color: #f8f9fa;\n    }\n    .container {\n      background-color: #ffffff;\n      border-radius: 8px;\n      padding: 30px;\n      box-shadow: 0 4px 6px rgba(0, 0, 0, 0.05);\n    }\n    .logo {\n      text-align: center;\n      margin-bottom: 30px;\n    }\n    .logo img {\n      max-width: 200px;\n    }\n    h1, h2, h3 {\n      color: #10b981;\n    }\n    .survey-card {\n      background-color: #f3f4f6;\n      padding: 20px;\n      border-radius: 8px;\n      margin: 20px 0;\n      text-align: center;\n    }\n    .rating-container {\n      display: flex;\n      justify-content: center;\n      gap: 10px;\n      margin: 20px 0;\n    }\n    .rating-box {\n      width: 40px;\n      height: 40px;\n      border: 2px solid #10b981;\n      border-radius: 8px;\n      display: flex;\n      align-items: center;\n      justify-content: center;\n      text-decoration: none;\n      color: #10b981;\n      font-weight: bold;\n      transition: all 0.3s ease;\n    }\n    .rating-box:hover {\n      background-color: #10b981;\n      color: white;\n    }\n    .question-box {\n      background-color: #f9fafb;\n      padding: 20px;\n      border-radius: 8px;\n      margin: 20px 0;\n      border-left: 4px solid #10b981;\n    }\n    .success-story {\n      background-color: #d4edda;\n      border: 1px solid #c3e6cb;\n      padding: 15px;\n      border-radius: 8px;\n      margin: 20px 0;\n    }\n    .cta {\n      background-color: #10b981;\n      color: white;\n      padding: 12px 24px;\n      border-radius: 5px;\n      display: inline-block;\n      text-decoration: none;\n      font-weight: bold;\n      margin: 20px 0;\n    }\n    .cta-secondary {\n      background-color: #6b7280;\n      color: white;\n      padding: 12px 24px;\n      border-radius: 5px;\n      display: inline-block;\n      text-decoration: none;\n      font-weight: bold;\n      margin: 20px 0;\n    }\n    .footer {\n      margin-top: 40px;\n      font-size: 14px;\n      color: #6b7280;\n      border-top: 1px solid #e5e7eb;\n      padding-top: 20px;\n      text-align: center;\n    }\n  </style>\n</head>\n<body>\n  <div class=\"container\">\n    <div class=\"logo\">\n      <img src=\"https://rsolv.dev/images/rsolv_logo_transparent.png\" alt=\"RSOLV Logo\">\n    </div>\n    \n    <h1>Quick Check-In: How's RSOLV Working for You?</h1>\n    \n    <p>Hi {@first_name},</p>\n    \n    <p>You've been using RSOLV for a week now, and we'd love to hear about your experience! Your feedback helps us make RSOLV better for everyone.</p>\n    \n    <div class=\"survey-card\">\n      <h3>How likely are you to recommend RSOLV to a colleague?</h3>\n      <p>Click a number below:</p>\n      <div class=\"rating-container\">\n        <a href=\"https://rsolv.dev/feedback?rating=1&email={@email}\" class=\"rating-box\">1</a>\n        <a href=\"https://rsolv.dev/feedback?rating=2&email={@email}\" class=\"rating-box\">2</a>\n        <a href=\"https://rsolv.dev/feedback?rating=3&email={@email}\" class=\"rating-box\">3</a>\n        <a href=\"https://rsolv.dev/feedback?rating=4&email={@email}\" class=\"rating-box\">4</a>\n        <a href=\"https://rsolv.dev/feedback?rating=5&email={@email}\" class=\"rating-box\">5</a>\n        <a href=\"https://rsolv.dev/feedback?rating=6&email={@email}\" class=\"rating-box\">6</a>\n        <a href=\"https://rsolv.dev/feedback?rating=7&email={@email}\" class=\"rating-box\">7</a>\n        <a href=\"https://rsolv.dev/feedback?rating=8&email={@email}\" class=\"rating-box\">8</a>\n        <a href=\"https://rsolv.dev/feedback?rating=9&email={@email}\" class=\"rating-box\">9</a>\n        <a href=\"https://rsolv.dev/feedback?rating=10&email={@email}\" class=\"rating-box\">10</a>\n      </div>\n" <> ..., text_body: "Quick Check-In: How's RSOLV Working for You?\n\nHi Minimal,\n\nYou've been using RSOLV for a week now, and we'd love to hear about your experience!\n\nHow likely are you to recommend RSOLV to a colleague?\nRate us from 1-10: https://rsolv.dev/feedback?email=minimal@example.com\n\nThree Quick Questions:\n1. What's been your favorite RSOLV fix so far?\n2. What feature would you like to see next?\n3. Any challenges or friction points?\n\nJust hit reply and share your thoughts - we read every response!\n\nDid You Know?\nHere are some ways other teams are using RSOLV:\n- Security audits: Tag all security-related issues for automated fixes\n- Tech debt cleanup: Fix deprecated function calls across the codebase\n- Onboarding tool: Let new devs see how fixes should be implemented\n- Weekend warrior: Queue up fixes on Friday, review on Monday\n\nThanks for being an early adopter!\n\nBest regards,\nDylan & The RSOLV Team\n\nP.S. If RSOLV has saved you time this week, we'd love to hear about it!\n\n---\nTo unsubscribe, visit: https://rsolv.dev/unsubscribe?email=minimal@example.com\n", headers: %{"X-Postmark-Tag" => "feedback-request"}, attachments: [], assigns: %{}, private: %{tag: "feedback-request"}, blocked: false}

14:25:33.674 request_id=GGRUMz-23D0l-GMAAGaF [info] [EMAIL DEBUG] Raw Postmark response
14:25:33.674 request_id=GGRUMz-23D0l-GMAAGaF [info] [EMAIL] Email sent successfully via Postmark
14:25:33.674 request_id=GGRUMz-23D0l-GMAAGaF [info] Successfully sent scheduled email
14:25:33.674 request_id=GGRUMz-23D0l-GMAAGaF [info] [EmailWorker] Insert result
14:25:33.674 request_id=GGRUMz-23D0l-GMAAGaF [info] [EmailWorker] Schedule result
14:25:33.674 request_id=GGRUMz-23D0l-GMAAGaF [info] [EmailWorker] Processing email config
14:25:33.674 request_id=GGRUMz-23D0l-GMAAGaF [info] [EmailWorker] Scheduling email
14:25:33.674 request_id=GGRUMz-23D0l-GMAAGaF [info] [EmailWorker] Creating Oban job
14:25:33.674 request_id=GGRUMz-23D0l-GMAAGaF [info] [EmailWorker] Job created
14:25:33.674 request_id=GGRUMz-23D0l-GMAAGaF [info] Processing scheduled email
14:25:33.674 request_id=GGRUMz-23D0l-GMAAGaF [info] [EMAIL DEBUG] Full email struct before sending
14:25:33.674 request_id=GGRUMz-23D0l-GMAAGaF [info] [EMAIL DEBUG] Extracted recipient email
14:25:33.674 request_id=GGRUMz-23D0l-GMAAGaF [info] [EMAIL DEBUG] Postmark configuration
14:25:33.674 request_id=GGRUMz-23D0l-GMAAGaF [info] [EMAIL DEBUG] Email configuration
14:25:33.674 request_id=GGRUMz-23D0l-GMAAGaF [info] [EMAIL] Attempting to send email via Postmark
14:25:33.674 request_id=GGRUMz-23D0l-GMAAGaF [debug] Sending email with Bamboo.TestAdapter:

%Bamboo.Email{from: {"RSOLV Team", "support@rsolv.dev"}, to: [nil: "minimal@example.com"], cc: [], bcc: [], subject: "Your RSOLV Success Report", html_body: "<!DOCTYPE html>\n<html lang=\"en\">\n<head>\n  <meta charset=\"UTF-8\">\n  <meta name=\"viewport\" content=\"width=device-width, initial-scale=1.0\">\n  <title>Your RSOLV Success Report</title>\n  <style>\n    @import url('https://fonts.googleapis.com/css2?family=Space+Grotesk:wght@300;400;500;700&display=swap');\n    \n    body {\n      font-family: 'Space Grotesk', -apple-system, BlinkMacSystemFont, \"Segoe UI\", Roboto, Helvetica, Arial, sans-serif;\n      line-height: 1.6;\n      color: #333;\n      max-width: 600px;\n      margin: 0 auto;\n      padding: 20px;\n      background-color: #f8f9fa;\n    }\n    .container {\n      background-color: #ffffff;\n      border-radius: 8px;\n      padding: 30px;\n      box-shadow: 0 4px 6px rgba(0, 0, 0, 0.05);\n    }\n    .logo {\n      text-align: center;\n      margin-bottom: 30px;\n    }\n    .logo img {\n      max-width: 200px;\n    }\n    h1, h2, h3 {\n      color: #10b981;\n    }\n    .stats-grid {\n      display: grid;\n      grid-template-columns: 1fr 1fr;\n      gap: 20px;\n      margin: 30px 0;\n    }\n    .stat-card {\n      background-color: #f3f4f6;\n      padding: 20px;\n      border-radius: 8px;\n      text-align: center;\n      border-top: 4px solid #10b981;\n    }\n    .stat-number {\n      font-size: 36px;\n      font-weight: bold;\n      color: #10b981;\n      margin: 10px 0;\n    }\n    .stat-label {\n      color: #6b7280;\n      font-size: 14px;\n    }\n    .achievement-banner {\n      background: linear-gradient(135deg, #10b981 0%, #059669 100%);\n      color: white;\n      padding: 20px;\n      border-radius: 8px;\n      text-align: center;\n      margin: 20px 0;\n    }\n    .timeline {\n      margin: 30px 0;\n    }\n    .timeline-item {\n      display: flex;\n      margin-bottom: 20px;\n      align-items: flex-start;\n    }\n    .timeline-marker {\n      width: 40px;\n      height: 40px;\n      background-color: #10b981;\n      color: white;\n      border-radius: 50%;\n      display: flex;\n      align-items: center;\n      justify-content: center;\n      flex-shrink: 0;\n      margin-right: 15px;\n    }\n    .timeline-content {\n      flex-grow: 1;\n    }\n    .pricing-highlight {\n      background-color: #fff3cd;\n      border: 1px solid #ffeaa7;\n      padding: 20px;\n      border-radius: 8px;\n      margin: 20px 0;\n      text-align: center;\n    }\n    .cta {\n      background-color: #10b981;\n      color: white;\n      padding: 12px 24px;\n      border-radius: 5px;\n      display: inline-block;\n      text-decoration: none;\n      font-weight: bold;\n      margin: 20px 0;\n    }\n    .cta-secondary {\n      background-color: #2563eb;\n      color: white;\n      padding: 12px 24px;\n      border-radius: 5px;\n      display: inline-block;\n      text-decoration: none;\n      font-weight: bold;\n      margin: 20px 0;\n    }\n    .footer {\n      margin-top: 40px;\n      font-size: 14px;\n      color: #6b7280;\n      border-top: 1px solid #e5e7eb;\n      padding-top: 20px;\n      text-align: center;\n    }\n    @media (max-width: 600px) {\n      .stats-grid {\n        grid-template-columns: 1fr;\n      }\n    }\n  </style>\n</head>\n<body>\n  <div class=\"container\">\n    <div class=\"logo\">\n      <img src=\"https://rsolv.dev/images/rsolv_logo_transparent.png\" alt=\"RSOLV Logo\">\n    </div>\n    \n    <h1>Your 2-Week RSOLV Success Report 🎉</h1>\n    \n    <p>Hi {@first_name},</p>\n    \n    <p>Congratulations! You've been using RSOLV for two weeks. Here's a snapshot of what we've accomplished together:</p>\n    \n    <div class=\"stats-grid\">\n      <div class=\"stat-card\">\n        <div class=\"stat-label\">Issues Fixed</div>\n        <div class=\"stat-number\">{Map.get(@usage_stats || %{}, :issues_fixed, 0)}</div>\n      </div>\n      <div class=\"stat-card\">\n        <div class=\"stat-label\">PRs Created</div>\n        <div class=\"stat-number\">{Map.get(@usage_stats || %{}, :prs_created, 0)}</div>\n      </div>\n      <div class=\"stat-card\">\n        <div class=\"stat-label\">Time Saved</div>\n        <div class=\"stat-number\">{Map.get(@usage_stats || %{}, :time_saved, \"0 hrs\")}</div>\n      </div>\n      <div class=\"stat-card\">\n        <div class=\"stat-label\">Security Issues Found</div>\n        <div class=\"stat-number\">{Map.ge" <> ..., text_body: "Your 2-Week RSOLV Success Report\n\nHi Minimal,\n\nCongratulations! You've been using RSOLV for two weeks. Here's what we've accomplished together:\n\nYour Stats:\n- Issues Fixed: Check your dashboard\n- PRs Created: Check your dashboard\n- Time Saved: Check your dashboard\n- Security Issues Found: Check your dashboard\n\nYour Trial Status:\nCheck how many free fixes you have remaining at: https://rsolv.dev/dashboard\n\nWhat's Next?\n- Expand to more repositories\n- Automate security audits\n- Clean up tech debt\n- Train your team\n\nNeed Help Scaling Up?\nI'd love to help you get even more value from RSOLV:\n- Schedule a 15-minute optimization call\n- Get best practices for your specific tech stack\n- Learn about volume discounts for teams\n\nJust reply to this email and let me know how I can help!\n\nThanks for being part of the RSOLV community.\n\nBest regards,\nDylan Fitzgerald\nFounder, RSOLV\n\nP.S. If RSOLV has been valuable to your team, I'd be grateful if you could share a quick testimonial.\n\n---\nTo unsubscribe, visit: https://rsolv.dev/unsubscribe?email=minimal@example.com\n", headers: %{"X-Postmark-Tag" => "success-checkin"}, attachments: [], assigns: %{}, private: %{tag: "success-checkin"}, blocked: false}

14:25:33.674 request_id=GGRUMz-23D0l-GMAAGaF [info] [EMAIL DEBUG] Raw Postmark response
14:25:33.674 request_id=GGRUMz-23D0l-GMAAGaF [info] [EMAIL] Email sent successfully via Postmark
14:25:33.674 request_id=GGRUMz-23D0l-GMAAGaF [info] Successfully sent scheduled email
14:25:33.674 request_id=GGRUMz-23D0l-GMAAGaF [info] [EmailWorker] Insert result
14:25:33.674 request_id=GGRUMz-23D0l-GMAAGaF [info] [EmailWorker] Schedule result
14:25:33.674 request_id=GGRUMz-23D0l-GMAAGaF [info] [PAGE CONTROLLER] EmailSequence.start_early_access_onboarding_sequence returned
14:25:33.674 request_id=GGRUMz-23D0l-GMAAGaF [debug] Sending email with Bamboo.TestAdapter:

%Bamboo.Email{from: {"RSOLV Team", "support@rsolv.dev"}, to: [nil: "admin@rsolv.dev"], cc: [], bcc: [], subject: "🎉 New RSOLV Signup: minimal@example.com", html_body: "<!DOCTYPE html>\n<html>\n<head>\n  <meta charset=\"utf-8\">\n  <style>\n    body { font-family: -apple-system, BlinkMacSystemFont, 'Segoe UI', Roboto, sans-serif; line-height: 1.6; color: #333; }\n    .container { max-width: 600px; margin: 0 auto; padding: 20px; }\n    .header { background: #10b981; color: white; padding: 20px; border-radius: 8px 8px 0 0; }\n    .content { background: #f9fafb; padding: 20px; border: 1px solid #e5e7eb; border-radius: 0 0 8px 8px; }\n    .metric { display: inline-block; margin: 10px 20px 10px 0; }\n    .metric-label { font-size: 12px; color: #6b7280; text-transform: uppercase; }\n    .metric-value { font-size: 18px; font-weight: bold; color: #111827; }\n    .details { background: white; padding: 15px; border-radius: 4px; margin: 15px 0; }\n    .detail-row { display: flex; justify-content: space-between; padding: 8px 0; border-bottom: 1px solid #f3f4f6; }\n    .detail-row:last-child { border-bottom: none; }\n    .detail-label { font-weight: 500; color: #6b7280; }\n    .detail-value { color: #111827; }\n    .utm-badge { display: inline-block; background: #dbeafe; color: #1e40af; padding: 2px 8px; border-radius: 4px; font-size: 12px; margin-left: 4px; }\n  </style>\n</head>\n<body>\n  <div class=\"container\">\n    <div class=\"header\">\n      <h1 style=\"margin: 0; font-size: 24px;\">🎉 New RSOLV Signup!</h1>\n      <p style=\"margin: 5px 0 0 0; opacity: 0.9;\">September 11, 2025 at 08:25 PM UTC</p>\n    </div>\n    \n    <div class=\"content\">\n      <div class=\"metric\">\n        <div class=\"metric-label\">Email</div>\n        <div class=\"metric-value\">minimal@example.com</div>\n      </div>\n      \n      \n      \n      <div class=\"details\">\n        <h3 style=\"margin-top: 0;\">Signup Details</h3>\n        \n        <div class=\"detail-row\">\n          <span class=\"detail-label\">Source</span>\n          <span class=\"detail-value\">\n            landing_page\n            \n          </span>\n        </div>\n        \n        \n        \n        \n        \n        \n      </div>\n      \n      <div style=\"margin-top: 20px; text-align: center;\">\n        <a href=\"https://rsolv.dev/live/dashboard\" style=\"display: inline-block; background: #10b981; color: white; padding: 10px 20px; text-decoration: none; border-radius: 4px;\">\n          View Dashboard\n        </a>\n      </div>\n    </div>\n  </div>\n</body>\n</html>\n", text_body: "🎉 New RSOLV Signup!\n\nEmail: minimal@example.com\n\nTime: September 11, 2025 at 08:25 PM UTC\n\nSource Details:\n- Source: landing_page\n\n\n\n\n\nView full dashboard: https://rsolv.dev/live/dashboard\n", headers: %{"Message-ID" => "<1757622333.226577@rsolv.dev>", "X-Postmark-Tag" => "admin-notification", "X-Priority" => "1"}, attachments: [], assigns: %{}, private: %{tag: "admin-notification"}, blocked: false}

14:25:33.674 request_id=GGRUMz-23D0l-GMAAGaF [info] Admin notification sent for new signup
14:25:33.674 request_id=GGRUMz-23D0l-GMAAGaF [info] Sent 302 in 4ms
.14:25:33.675 [debug] QUERY OK source="fun_with_flags_toggles" db=0.0ms
INSERT INTO "fun_with_flags_toggles" AS f0 ("enabled","target","flag_name","gate_type") VALUES ($1,$2,$3,$4) ON CONFLICT ("flag_name","gate_type","target") DO UPDATE SET "enabled" = $5 RETURNING "id" [true, "_fwf_none", "early_access_signup", "boolean", true]
14:25:33.675 [debug] QUERY OK source="fun_with_flags_toggles" db=0.0ms
SELECT f0."id", f0."flag_name", f0."gate_type", f0."target", f0."enabled" FROM "fun_with_flags_toggles" AS f0 WHERE (f0."flag_name" = $1) ["early_access_signup"]
14:25:33.675 [debug] Telemetry event: [:fun_with_flags, :persistence, :write], metadata: %{flag_name: :early_access_signup, gate: %FunWithFlags.Gate{type: :boolean, for: nil, enabled: true}}, measurements: %{system_time: 1757622333675428208}
14:25:33.675 [debug] QUERY OK source="fun_with_flags_toggles" db=0.0ms
INSERT INTO "fun_with_flags_toggles" AS f0 ("enabled","target","flag_name","gate_type") VALUES ($1,$2,$3,$4) ON CONFLICT ("flag_name","gate_type","target") DO UPDATE SET "enabled" = $5 RETURNING "id" [true, "_fwf_none", "welcome_email_sequence", "boolean", true]
14:25:33.675 [debug] QUERY OK source="fun_with_flags_toggles" db=0.0ms
SELECT f0."id", f0."flag_name", f0."gate_type", f0."target", f0."enabled" FROM "fun_with_flags_toggles" AS f0 WHERE (f0."flag_name" = $1) ["welcome_email_sequence"]
14:25:33.675 [debug] Telemetry event: [:fun_with_flags, :persistence, :write], metadata: %{flag_name: :welcome_email_sequence, gate: %FunWithFlags.Gate{type: :boolean, for: nil, enabled: true}}, measurements: %{system_time: 1757622333675595715}
14:25:33.675 request_id=GGRUM0AH228ST9kAAD-E [info] POST /early-access
14:25:33.675 request_id=GGRUM0AH228ST9kAAD-E [debug] Processing with RsolvWeb.PageController.submit_early_access/2
  Parameters: %{"email" => "newuser@example.com", "signup" => %{"company" => "Test Corp", "email" => "newuser@example.com"}, "utm_campaign" => "launch", "utm_medium" => "social", "utm_source" => "twitter"}
  Pipelines: [:browser]
14:25:33.675 request_id=GGRUM0AH228ST9kAAD-E [debug] QUERY OK source="fun_with_flags_toggles" db=0.0ms
SELECT f0."id", f0."flag_name", f0."gate_type", f0."target", f0."enabled" FROM "fun_with_flags_toggles" AS f0 WHERE (f0."flag_name" = $1) ["early_access_signup"]
14:25:33.675 request_id=GGRUM0AH228ST9kAAD-E [debug] Telemetry event: [:fun_with_flags, :persistence, :read], metadata: %{flag_name: :early_access_signup, gate: nil}, measurements: %{system_time: 1757622333675978846}
14:25:33.676 request_id=GGRUM0AH228ST9kAAD-E [debug] Extracted UTM parameters: %{utm_source: "twitter", utm_medium: "social", utm_campaign: "launch"}
14:25:33.676 request_id=GGRUM0AH228ST9kAAD-E [info] Analytics event tracked
14:25:33.676 request_id=GGRUM0AH228ST9kAAD-E [debug] QUERY OK db=0.1ms
SELECT create_analytics_partition_if_not_exists($1::date) [~D[2025-09-11]]
14:25:33.676 request_id=GGRUM0AH228ST9kAAD-E [debug] QUERY OK source="analytics_events" db=0.1ms queue=0.1ms
INSERT INTO "analytics_events" ("metadata","event_type","visitor_id","page_path","utm_source","utm_medium","utm_campaign","inserted_at","updated_at") VALUES ($1,$2,$3,$4,$5,$6,$7,$8,$9) RETURNING "id" [%{status: "submit", os: "unknown", form_id: "early-access", browser: "unknown", utm_source_platform: nil, utm_source_campaign: nil, utm_source_content: nil, device_type: "unknown"}, "form_submit", "cdb1e6c5a2a19eab2068f76ea44ec05a", "/early-access", "twitter", "social", "launch", ~N[2025-09-11 20:25:33], ~N[2025-09-11 20:25:33]]
14:25:33.676 request_id=GGRUM0AH228ST9kAAD-E [info] Form submission received
14:25:33.676 request_id=GGRUM0AH228ST9kAAD-E [info] Valid email received for processing: newuser@example.com, validation passed
14:25:33.676 request_id=GGRUM0AH228ST9kAAD-E [debug] Extracted UTM parameters: %{utm_source: "twitter", utm_medium: "social", utm_campaign: "launch"}
14:25:33.676 request_id=GGRUM0AH228ST9kAAD-E [debug] QUERY OK source="early_access_signups" db=0.0ms
INSERT INTO "early_access_signups" ("name","email","utm_source","utm_medium","utm_campaign","referral_source","inserted_at") VALUES ($1,$2,$3,$4,$5,$6,$7) RETURNING "id" ["Newuser", "newuser@example.com", "twitter", "social", "launch", "landing_page", ~N[2025-09-11 20:25:33]]
14:25:33.677 request_id=GGRUM0AH228ST9kAAD-E [debug] QUERY OK source="early_access_signups" db=0.1ms
SELECT count(e0."id") FROM "early_access_signups" AS e0 []
14:25:33.677 request_id=GGRUM0AH228ST9kAAD-E [info] Successfully saved signup to database
14:25:33.677 request_id=GGRUM0AH228ST9kAAD-E [info] ConvertKit API key present: true
14:25:33.677 request_id=GGRUM0AH228ST9kAAD-E [info] ConvertKit API request successful
14:25:33.677 request_id=GGRUM0AH228ST9kAAD-E [info] ConvertKit: Successfully added subscriber
14:25:33.677 request_id=GGRUM0AH228ST9kAAD-E [info] Analytics event tracked
14:25:33.677 request_id=GGRUM0AH228ST9kAAD-E [debug] QUERY OK db=0.0ms
SELECT create_analytics_partition_if_not_exists($1::date) [~D[2025-09-11]]
14:25:33.677 request_id=GGRUM0AH228ST9kAAD-E [debug] QUERY OK source="analytics_events" db=0.0ms
INSERT INTO "analytics_events" ("metadata","event_type","visitor_id","page_path","utm_source","utm_medium","utm_campaign","inserted_at","updated_at") VALUES ($1,$2,$3,$4,$5,$6,$7,$8,$9) RETURNING "id" [%{status: "success", os: "unknown", source: "landing_page", form_id: "early-access", browser: "unknown", utm_source_platform: nil, utm_source_campaign: nil, utm_source_content: nil, device_type: "unknown", conversion_type: "early_access_signup", email_domain: "example.com"}, "form_success", "cdb1e6c5a2a19eab2068f76ea44ec05a", "/early-access", "twitter", "social", "launch", ~N[2025-09-11 20:25:33], ~N[2025-09-11 20:25:33]]
14:25:33.677 request_id=GGRUM0AH228ST9kAAD-E [info] Analytics event tracked
14:25:33.677 request_id=GGRUM0AH228ST9kAAD-E [debug] QUERY OK db=0.0ms
SELECT create_analytics_partition_if_not_exists($1::date) [~D[2025-09-11]]
14:25:33.677 request_id=GGRUM0AH228ST9kAAD-E [debug] QUERY OK source="analytics_events" db=0.0ms
INSERT INTO "analytics_events" ("metadata","event_type","visitor_id","page_path","utm_source","utm_medium","utm_campaign","inserted_at","updated_at") VALUES ($1,$2,$3,$4,$5,$6,$7,$8,$9) RETURNING "id" [%{os: "unknown", source: "landing_page", form_id: "early-access", browser: "unknown", utm_source_platform: nil, utm_source_campaign: nil, utm_source_content: nil, device_type: "unknown", conversion_type: "early_access_signup", email_domain: "example.com"}, "conversion", "cdb1e6c5a2a19eab2068f76ea44ec05a", "/early-access", "twitter", "social", "launch", ~N[2025-09-11 20:25:33], ~N[2025-09-11 20:25:33]]
14:25:33.677 request_id=GGRUM0AH228ST9kAAD-E [debug] QUERY OK source="fun_with_flags_toggles" db=0.0ms
SELECT f0."id", f0."flag_name", f0."gate_type", f0."target", f0."enabled" FROM "fun_with_flags_toggles" AS f0 WHERE (f0."flag_name" = $1) ["welcome_email_sequence"]
14:25:33.677 request_id=GGRUM0AH228ST9kAAD-E [debug] Telemetry event: [:fun_with_flags, :persistence, :read], metadata: %{flag_name: :welcome_email_sequence, gate: nil}, measurements: %{system_time: 1757622333677772903}
14:25:33.677 request_id=GGRUM0AH228ST9kAAD-E [info] [PAGE CONTROLLER] Welcome email sequence is ENABLED, starting sequence
14:25:33.677 request_id=GGRUM0AH228ST9kAAD-E [info] [PAGE CONTROLLER] About to call EmailSequence.start_early_access_onboarding_sequence
14:25:33.677 request_id=GGRUM0AH228ST9kAAD-E [info] [EMAIL SEQUENCE] Starting early access onboarding sequence
14:25:33.677 request_id=GGRUM0AH228ST9kAAD-E [info] [EMAIL SEQUENCE] About to call EmailService.send_early_access_welcome_email
14:25:33.677 request_id=GGRUM0AH228ST9kAAD-E [info] [EMAIL] send_early_access_welcome_email called
14:25:33.677 request_id=GGRUM0AH228ST9kAAD-E [info] [EMAIL DEBUG] Full email struct before sending
14:25:33.677 request_id=GGRUM0AH228ST9kAAD-E [info] [EMAIL DEBUG] Extracted recipient email
14:25:33.677 request_id=GGRUM0AH228ST9kAAD-E [info] [EMAIL DEBUG] Postmark configuration
14:25:33.677 request_id=GGRUM0AH228ST9kAAD-E [info] [EMAIL DEBUG] Email configuration
14:25:33.677 request_id=GGRUM0AH228ST9kAAD-E [info] [EMAIL] Attempting to send email via Postmark
14:25:33.678 request_id=GGRUM0AH228ST9kAAD-E [debug] Sending email with Bamboo.TestAdapter:

%Bamboo.Email{from: {"RSOLV Team", "support@rsolv.dev"}, to: [nil: "newuser@example.com"], cc: [], bcc: [], subject: "Welcome to RSOLV Early Access Program", html_body: "<div style=\"font-family: 'Helvetica Neue', Helvetica, Arial, sans-serif; max-width: 600px; margin: 0 auto; padding: 20px;\">\n  <h1 style=\"color: #2C3E50; margin-bottom: 20px;\">Welcome to RSOLV Early Access Program!</h1>\n\n  <p>Hi Newuser,</p>\n\n  <p>Thank you for joining our Early Access Program! You're now part of an exclusive group getting first access to RSOLV.</p>\n\n  <p>Here's what you need to know:</p>\n\n  <ul>\n    <li>You have full access to all current features</li>\n    <li>Your feedback is incredibly valuable to us during this phase</li>\n    <li>You'll receive priority support via email</li>\n  </ul>\n\n  <p>To get started with RSOLV:</p>\n\n  <ol>\n    <li><strong>Your API key will be sent in a follow-up email within 24 hours</strong></li>\n    <li>Once you receive your API key, install our GitHub Action (code below)</li>\n    <li>Set up your repository secrets with your API key</li>\n    <li>Tag your first issues with \"rsolv:automate\"</li>\n  </ol>\n\n  <div style=\"background-color: #fff3cd; border: 1px solid #ffeaa7; color: #856404; padding: 10px; border-radius: 5px; margin: 15px 0;\">\n    <strong>⏳ API Key Coming Soon:</strong> We'll send your personal API key within 24 hours. Look for an email with subject \"Your RSOLV API Key\".\n  </div>\n\n  <div style=\"background-color: #f8f9fa; padding: 15px; border-radius: 5px; margin: 20px 0;\">\n    <pre style=\"margin: 0; overflow-x: auto; white-space: pre-wrap; font-family: monospace;\">name: RSOLV AutoFix\non:\n  issues:\n    types: [opened, edited, labeled]\n\njobs:\n  autofix:\n    runs-on: ubuntu-latest\n    if: contains(github.event.issue.labels.*.name, 'rsolv:automate')\n    steps:\n      - uses: RSOLV-dev/rsolv-action@v1\n        with:\n          github-token: ${{ secrets.GITHUB_TOKEN }}\n          rsolv-api-key: ${{ secrets.RSOLV_API_KEY }}</pre>\n  </div>\n\n  <p>Need help? As an Early Access member, you have priority support - contact us at <a href=\"mailto:support@rsolv.dev\">support@rsolv.dev</a> and we'll personally assist you.</p>\n\n  <p>Your trial includes unlimited automated fixes during the Early Access period.</p>\n\n  <div style=\"margin-top: 30px; padding: 15px; border: 1px solid #e0e0e0; border-radius: 5px; background-color: #f9f9f9;\">\n    <h3 style=\"margin-top: 0; color: #2C3E50;\">Early Access Program Benefits</h3>\n    <ul>\n      <li>Unlimited usage during Early Access</li>\n      <li>Priority support and feature requests</li>\n      <li>Exclusive pricing when we launch</li>\n      <li>Direct access to our development team</li>\n    </ul>\n  </div>\n\n  <p>Best,<br>The RSOLV Team</p>\n\n  <div class=\"footer\" style=\"margin-top: 40px; padding-top: 20px; border-top: 1px solid #e0e0e0; font-size: 0.9em; color: #666;\">\n    <p>\n      You're receiving this email because you joined the RSOLV Early Access Program.\n      <br>\n      If you have any questions, simply reply to this email.\n    </p>\n    <p>\n      RSOLV, Inc. • support@rsolv.dev • © 2025\n    </p>\n    <p>\n      <a href=\"https://rsolv.dev/unsubscribe?email=newuser@example.com\">Unsubscribe</a> from these emails.\n    </p>\n  </div>\n</div>\n", text_body: "Welcome to RSOLV Early Access Program!\n\nHi Newuser,\n\nThank you for joining our Early Access Program! You're now part of an exclusive group getting first access to RSOLV.\n\nHere's what you need to know:\n- You have full access to all current features\n- Your feedback is incredibly valuable to us during this phase\n- You'll receive priority support via email\n\nTo get started with RSOLV:\n1. Your API key will be sent in a follow-up email within 24 hours\n2. Once you receive your API key, install our GitHub Action\n3. Set up your repository secrets with your API key\n4. Tag your first issues with \"AUTOFIX\"\n\n⏳ API KEY COMING SOON: We'll send your personal API key within 24 hours. Look for an email with subject \"Your RSOLV API Key\".\n\nNeed help? As an Early Access member, you have priority support - contact us at support@rsolv.dev and we'll personally assist you.\n\nYour trial includes unlimited automated fixes during the Early Access period.\n\nEARLY ACCESS PROGRAM BENEFITS:\n* Unlimited usage during Early Access\n* Priority support and feature requests\n* Exclusive pricing when we launch\n* Direct access to our development team\n\nBest,\nThe RSOLV Team\n\n---\nYou're receiving this email because you joined the RSOLV Early Access Program.\nIf you have any questions, simply reply to this email.\n\nRSOLV, Inc. • support@rsolv.dev\n\nTo unsubscribe, visit: https://rsolv.dev/unsubscribe?email=newuser@example.com\n", headers: %{"X-Postmark-Tag" => "early-access"}, attachments: [], assigns: %{}, private: %{tag: "early-access"}, blocked: false}

14:25:33.678 request_id=GGRUM0AH228ST9kAAD-E [info] [EMAIL DEBUG] Raw Postmark response
14:25:33.678 request_id=GGRUM0AH228ST9kAAD-E [info] [EMAIL] Email sent successfully via Postmark
14:25:33.678 request_id=GGRUM0AH228ST9kAAD-E [info] [EMAIL SEQUENCE] EmailService.send_early_access_welcome_email returned
14:25:33.678 request_id=GGRUM0AH228ST9kAAD-E [info] Attempting to tag subscriber
14:25:33.678 request_id=GGRUM0AH228ST9kAAD-E [info] ConvertKit: Attempting to tag newuser@example.com with tag 7700607
14:25:33.678 request_id=GGRUM0AH228ST9kAAD-E [info] ConvertKit: Successfully tagged newuser@example.com
14:25:33.678 request_id=GGRUM0AH228ST9kAAD-E [info] [EmailWorker] schedule_sequence called
14:25:33.678 request_id=GGRUM0AH228ST9kAAD-E [info] [EmailWorker] Found sequence
14:25:33.678 request_id=GGRUM0AH228ST9kAAD-E [info] [EmailWorker] Processing email config
14:25:33.678 request_id=GGRUM0AH228ST9kAAD-E [info] [EmailWorker] Skipping immediate email
14:25:33.678 request_id=GGRUM0AH228ST9kAAD-E [info] [EmailWorker] Processing email config
14:25:33.678 request_id=GGRUM0AH228ST9kAAD-E [info] [EmailWorker] Scheduling email
14:25:33.678 request_id=GGRUM0AH228ST9kAAD-E [info] [EmailWorker] Creating Oban job
14:25:33.678 request_id=GGRUM0AH228ST9kAAD-E [info] [EmailWorker] Job created
14:25:33.678 request_id=GGRUM0AH228ST9kAAD-E [info] Processing scheduled email
14:25:33.678 request_id=GGRUM0AH228ST9kAAD-E [error] Failed to send scheduled email
14:25:33.678 request_id=GGRUM0AH228ST9kAAD-E [info] [EmailWorker] Insert result
14:25:33.678 request_id=GGRUM0AH228ST9kAAD-E [info] [EmailWorker] Schedule result
14:25:33.678 request_id=GGRUM0AH228ST9kAAD-E [info] [EmailWorker] Processing email config
14:25:33.678 request_id=GGRUM0AH228ST9kAAD-E [info] [EmailWorker] Scheduling email
14:25:33.678 request_id=GGRUM0AH228ST9kAAD-E [info] [EmailWorker] Creating Oban job
14:25:33.678 request_id=GGRUM0AH228ST9kAAD-E [info] [EmailWorker] Job created
14:25:33.678 request_id=GGRUM0AH228ST9kAAD-E [info] Processing scheduled email
14:25:33.678 request_id=GGRUM0AH228ST9kAAD-E [info] [EMAIL DEBUG] Full email struct before sending
14:25:33.678 request_id=GGRUM0AH228ST9kAAD-E [info] [EMAIL DEBUG] Extracted recipient email
14:25:33.678 request_id=GGRUM0AH228ST9kAAD-E [info] [EMAIL DEBUG] Postmark configuration
14:25:33.678 request_id=GGRUM0AH228ST9kAAD-E [info] [EMAIL DEBUG] Email configuration
14:25:33.678 request_id=GGRUM0AH228ST9kAAD-E [info] [EMAIL] Attempting to send email via Postmark
14:25:33.678 request_id=GGRUM0AH228ST9kAAD-E [debug] Sending email with Bamboo.TestAdapter:

%Bamboo.Email{from: {"RSOLV Team", "support@rsolv.dev"}, to: [nil: "newuser@example.com"], cc: [], bcc: [], subject: "Verify Your RSOLV Setup - Need Any Help?", html_body: "<!DOCTYPE html>\n<html lang=\"en\">\n<head>\n  <meta charset=\"UTF-8\">\n  <meta name=\"viewport\" content=\"width=device-width, initial-scale=1.0\">\n  <title>Verify Your RSOLV Setup</title>\n  <style>\n    @import url('https://fonts.googleapis.com/css2?family=Space+Grotesk:wght@300;400;500;700&display=swap');\n    \n    body {\n      font-family: 'Space Grotesk', -apple-system, BlinkMacSystemFont, \"Segoe UI\", Roboto, Helvetica, Arial, sans-serif;\n      line-height: 1.6;\n      color: #333;\n      max-width: 600px;\n      margin: 0 auto;\n      padding: 20px;\n      background-color: #f8f9fa;\n    }\n    .container {\n      background-color: #ffffff;\n      border-radius: 8px;\n      padding: 30px;\n      box-shadow: 0 4px 6px rgba(0, 0, 0, 0.05);\n    }\n    .logo {\n      text-align: center;\n      margin-bottom: 30px;\n    }\n    .logo img {\n      max-width: 200px;\n    }\n    h1, h2, h3 {\n      color: #10b981;\n    }\n    .checklist {\n      background-color: #f3f4f6;\n      padding: 20px;\n      border-radius: 8px;\n      margin: 20px 0;\n    }\n    .checklist-item {\n      display: flex;\n      align-items: center;\n      margin-bottom: 15px;\n    }\n    .checklist-item input[type=\"checkbox\"] {\n      margin-right: 10px;\n    }\n    .status-box {\n      background-color: #fff3cd;\n      border: 1px solid #ffeaa7;\n      padding: 15px;\n      border-radius: 8px;\n      margin: 20px 0;\n    }\n    .success-box {\n      background-color: #d4edda;\n      border: 1px solid #c3e6cb;\n      padding: 15px;\n      border-radius: 8px;\n      margin: 20px 0;\n    }\n    .code {\n      background-color: #2d3748;\n      color: #e2e8f0;\n      padding: 15px;\n      border-radius: 5px;\n      font-family: 'Courier New', monospace;\n      overflow-x: auto;\n      margin: 15px 0;\n    }\n    .cta {\n      background-color: #10b981;\n      color: white;\n      padding: 12px 24px;\n      border-radius: 5px;\n      display: inline-block;\n      text-decoration: none;\n      font-weight: bold;\n      margin: 20px 0;\n    }\n    .footer {\n      margin-top: 40px;\n      font-size: 14px;\n      color: #6b7280;\n      border-top: 1px solid #e5e7eb;\n      padding-top: 20px;\n      text-align: center;\n    }\n  </style>\n</head>\n<body>\n  <div class=\"container\">\n    <div class=\"logo\">\n      <img src=\"https://rsolv.dev/images/rsolv_logo_transparent.png\" alt=\"RSOLV Logo\">\n    </div>\n    \n    <h1>Let's Verify Your RSOLV Setup</h1>\n    \n    <p>Hi {@first_name},</p>\n    \n    <p>It's been a few days since you signed up for RSOLV. We want to make sure you're all set up and ready to benefit from automated security scanning and remediation!</p>\n    \n    <div class=\"checklist\">\n      <h3>Quick Setup Checklist:</h3>\n      <div class=\"checklist-item\">\n        <input type=\"checkbox\" disabled> Connected your repositories for security scanning\n      </div>\n      <div class=\"checklist-item\">\n        <input type=\"checkbox\" disabled> Added the GitHub Action workflow for automated fixes\n      </div>\n      <div class=\"checklist-item\">\n        <input type=\"checkbox\" disabled> Set up your RSOLV_API_KEY as a repository secret\n      </div>\n      <div class=\"checklist-item\">\n        <input type=\"checkbox\" disabled> Reviewed security issues found by RSOLV\n      </div>\n      <div class=\"checklist-item\">\n        <input type=\"checkbox\" disabled> Generated and merged your first security fix PR\n      </div>\n    </div>\n    \n    <h2>Need Help with Setup?</h2>\n    \n    <p>If you haven't completed setup yet, here's a quick reminder of the steps:</p>\n    \n    <div class=\"code\">\n# In .github/workflows/rsolv.yml:\nname: RSOLV Security Fixes\n\non:\n  issues:\n    types: [labeled]\n\njobs:\n  security-fix:\n    if: contains(github.event.issue.labels.*.name, 'rsolv:automate')\n    runs-on: ubuntu-latest\n    steps:\n      - uses: rsolv-dev/rsolv-action@v1\n        with:\n          github-token: ${\"{{ secrets.GITHUB_TOKEN }}\"}\n          rsolv-api-key: ${\"{{ secrets.RSOLV_API_KEY }}\"}\n    </div>\n    \n    <div class=\"status-box\">\n      <strong>🎁 Remember:</strong> Your first 10 fixes are completely free! No credit card required. After that, you only pay $15 per fix that gets deployed.\n   " <> ..., text_body: "Let's Verify Your RSOLV Setup\n\nHi Newuser,\n\nIt's been a few days since you signed up for RSOLV. We want to make sure you're all set up and ready to automate your issue resolution!\n\nQuick Setup Checklist:\n[ ] Added the GitHub Action workflow to your repository\n[ ] Set up your RSOLV_API_KEY as a repository secret\n[ ] Tagged your first issue with \"rsolv:automate\"\n[ ] Reviewed and merged your first automated PR\n\nNeed Help with Setup?\nIf you haven't completed setup yet, visit: https://rsolv.dev/docs/getting-started\n\nRemember: Your first 10 fixes are completely free! No credit card required. After that, you only pay $15 per fix that gets deployed.\n\nCommon Questions:\n- Where do I get my API key? Check your welcome email or visit your dashboard\n- Can I use RSOLV on private repos? Yes! RSOLV works with both public and private repositories\n- What types of issues can RSOLV fix? Bug fixes, security vulnerabilities, performance issues, and more\n- How secure is it? We analyze every fix for security vulnerabilities before creating PRs\n\nPro Tip: Start with a simple issue first - something like \"Fix typo in README\" or \"Update deprecated function calls\".\n\nReady to get started? Tag an issue with \"rsolv:automate\" and watch the magic happen!\n\nIf you're stuck or have questions, just reply to this email.\n\nBest regards,\nThe RSOLV Team\n\n---\nTo unsubscribe, visit: https://rsolv.dev/unsubscribe?email=newuser@example.com\n", headers: %{"X-Postmark-Tag" => "setup-verification"}, attachments: [], assigns: %{}, private: %{tag: "setup-verification"}, blocked: false}

14:25:33.679 request_id=GGRUM0AH228ST9kAAD-E [info] [EMAIL DEBUG] Raw Postmark response
14:25:33.679 request_id=GGRUM0AH228ST9kAAD-E [info] [EMAIL] Email sent successfully via Postmark
14:25:33.679 request_id=GGRUM0AH228ST9kAAD-E [info] Successfully sent scheduled email
14:25:33.679 request_id=GGRUM0AH228ST9kAAD-E [info] [EmailWorker] Insert result
14:25:33.679 request_id=GGRUM0AH228ST9kAAD-E [info] [EmailWorker] Schedule result
14:25:33.679 request_id=GGRUM0AH228ST9kAAD-E [info] [EmailWorker] Processing email config
14:25:33.679 request_id=GGRUM0AH228ST9kAAD-E [info] [EmailWorker] Scheduling email
14:25:33.679 request_id=GGRUM0AH228ST9kAAD-E [info] [EmailWorker] Creating Oban job
14:25:33.679 request_id=GGRUM0AH228ST9kAAD-E [info] [EmailWorker] Job created
14:25:33.679 request_id=GGRUM0AH228ST9kAAD-E [info] Processing scheduled email
14:25:33.679 request_id=GGRUM0AH228ST9kAAD-E [info] [EMAIL DEBUG] Full email struct before sending
14:25:33.679 request_id=GGRUM0AH228ST9kAAD-E [info] [EMAIL DEBUG] Extracted recipient email
14:25:33.679 request_id=GGRUM0AH228ST9kAAD-E [info] [EMAIL DEBUG] Postmark configuration
14:25:33.679 request_id=GGRUM0AH228ST9kAAD-E [info] [EMAIL DEBUG] Email configuration
14:25:33.679 request_id=GGRUM0AH228ST9kAAD-E [info] [EMAIL] Attempting to send email via Postmark
14:25:33.679 request_id=GGRUM0AH228ST9kAAD-E [debug] Sending email with Bamboo.TestAdapter:

%Bamboo.Email{from: {"RSOLV Team", "support@rsolv.dev"}, to: [nil: "newuser@example.com"], cc: [], bcc: [], subject: "Advanced RSOLV Features You Might Have Missed", html_body: "<!DOCTYPE html>\n<html lang=\"en\">\n<head>\n  <meta charset=\"UTF-8\">\n  <meta name=\"viewport\" content=\"width=device-width, initial-scale=1.0\">\n  <title>Advanced RSOLV Features</title>\n  <style>\n    @import url('https://fonts.googleapis.com/css2?family=Space+Grotesk:wght@300;400;500;700&display=swap');\n    \n    body {\n      font-family: 'Space Grotesk', -apple-system, BlinkMacSystemFont, \"Segoe UI\", Roboto, Helvetica, Arial, sans-serif;\n      line-height: 1.6;\n      color: #333;\n      max-width: 600px;\n      margin: 0 auto;\n      padding: 20px;\n      background-color: #f8f9fa;\n    }\n    .container {\n      background-color: #ffffff;\n      border-radius: 8px;\n      padding: 30px;\n      box-shadow: 0 4px 6px rgba(0, 0, 0, 0.05);\n    }\n    .logo {\n      text-align: center;\n      margin-bottom: 30px;\n    }\n    .logo img {\n      max-width: 200px;\n    }\n    h1, h2, h3 {\n      color: #10b981;\n    }\n    .feature-card {\n      background-color: #f3f4f6;\n      padding: 20px;\n      border-radius: 8px;\n      margin-bottom: 20px;\n      border-left: 4px solid #10b981;\n    }\n    .feature-card h3 {\n      margin-top: 0;\n    }\n    .code {\n      background-color: #2d3748;\n      color: #e2e8f0;\n      padding: 15px;\n      border-radius: 5px;\n      font-family: 'Courier New', monospace;\n      overflow-x: auto;\n      margin: 15px 0;\n      font-size: 14px;\n    }\n    .pro-tip {\n      background-color: #fff3cd;\n      border: 1px solid #ffeaa7;\n      padding: 15px;\n      border-radius: 8px;\n      margin: 20px 0;\n    }\n    .security-highlight {\n      background-color: #d4edda;\n      border: 1px solid #c3e6cb;\n      padding: 15px;\n      border-radius: 8px;\n      margin: 20px 0;\n    }\n    .cta {\n      background-color: #10b981;\n      color: white;\n      padding: 12px 24px;\n      border-radius: 5px;\n      display: inline-block;\n      text-decoration: none;\n      font-weight: bold;\n      margin: 20px 0;\n    }\n    .footer {\n      margin-top: 40px;\n      font-size: 14px;\n      color: #6b7280;\n      border-top: 1px solid #e5e7eb;\n      padding-top: 20px;\n      text-align: center;\n    }\n  </style>\n</head>\n<body>\n  <div class=\"container\">\n    <div class=\"logo\">\n      <img src=\"https://rsolv.dev/images/rsolv_logo_transparent.png\" alt=\"RSOLV Logo\">\n    </div>\n    \n    <h1>Unlock the Full Power of RSOLV</h1>\n    \n    <p>Hi {@first_name},</p>\n    \n    <p>You've been using RSOLV for a few days now. Here are some advanced features and techniques that can help you get even more value from automated security scanning and vulnerability remediation:</p>\n    \n    <div class=\"feature-card\">\n      <h3>🎯 Understanding RSOLV's Proactive Scanning</h3>\n      <p>RSOLV continuously scans your repositories for security vulnerabilities and automatically creates issues with detailed remediation plans:</p>\n      <ul>\n        <li><strong>Automated detection:</strong> Scans all files for 180+ vulnerability patterns (and growing)</li>\n        <li><strong>Smart grouping:</strong> Groups similar issues for efficient review</li>\n        <li><strong>Detailed reports:</strong> Shows exact file locations and vulnerable code</li>\n        <li><strong>Fix generation:</strong> Creates secure PRs that address root causes</li>\n      </ul>\n    </div>\n    \n    <div class=\"feature-card\">\n      <h3>🔒 Comprehensive Security Coverage</h3>\n      <p>RSOLV proactively detects and fixes these vulnerability types across your codebase:</p>\n      <ul>\n        <li>SQL/NoSQL injection vulnerabilities</li>\n        <li>Cross-site scripting (XSS) risks</li>\n        <li>Authentication/authorization flaws</li>\n        <li>Insecure cryptographic implementations</li>\n        <li>Hardcoded secrets and API keys</li>\n        <li>Path traversal and open redirects</li>\n        <li>Insecure dependencies and configurations</li>\n      </ul>\n      <p>Each PR includes a detailed security impact assessment and verification tests.</p>\n    </div>\n    \n    <div class=\"security-highlight\">\n      <strong>🛡️ Security Example:</strong> When RSOLV detects unsafe user input handling, it automatically generates fixes with proper sanitization, p" <> ..., text_body: "Unlock the Full Power of RSOLV\n\nHi Newuser,\n\nYou've been using RSOLV for a few days now. Here are some advanced features and techniques:\n\n1. Writing Better Issues for Better Fixes:\n   - Include error messages: Copy the full stack trace\n   - Specify the file/function: \"Fix pagination in UserList.js\"\n   - Describe expected behavior: \"Should show 10 users per page\"\n   - Add context: \"This broke after upgrading to React 18\"\n\n2. Security-First Fixes:\n   RSOLV automatically scans for:\n   - SQL injection vulnerabilities\n   - Cross-site scripting (XSS) risks\n   - Authentication/authorization issues\n   - Insecure dependencies\n   - Hardcoded secrets or API keys\n\n3. Batch Processing:\n   Tag multiple issues with \"rsolv:automate\" and RSOLV creates separate PRs for each.\n\n4. Customizing RSOLV Behavior:\n   Add these tags to your issues:\n   - [performance] - Optimize for speed\n   - [security] - Extra security focus\n   - [minimal] - Smallest possible change\n   - [refactor] - Clean up while fixing\n\nComing Soon:\n- Support for more languages (Go, Rust, PHP)\n- Custom fix preferences per repository\n- Team collaboration features\n- Integration with more platforms\n\nHave a feature request? Just reply to this email!\n\nView advanced documentation: https://rsolv.dev/docs/advanced\n\nBest regards,\nThe RSOLV Team\n\n---\nTo unsubscribe, visit: https://rsolv.dev/unsubscribe?email=newuser@example.com\n", headers: %{"X-Postmark-Tag" => "feature-deep-dive"}, attachments: [], assigns: %{}, private: %{tag: "feature-deep-dive"}, blocked: false}

14:25:33.679 request_id=GGRUM0AH228ST9kAAD-E [info] [EMAIL DEBUG] Raw Postmark response
14:25:33.679 request_id=GGRUM0AH228ST9kAAD-E [info] [EMAIL] Email sent successfully via Postmark
14:25:33.679 request_id=GGRUM0AH228ST9kAAD-E [info] Successfully sent scheduled email
14:25:33.679 request_id=GGRUM0AH228ST9kAAD-E [info] [EmailWorker] Insert result
14:25:33.679 request_id=GGRUM0AH228ST9kAAD-E [info] [EmailWorker] Schedule result
14:25:33.679 request_id=GGRUM0AH228ST9kAAD-E [info] [EmailWorker] Processing email config
14:25:33.679 request_id=GGRUM0AH228ST9kAAD-E [info] [EmailWorker] Scheduling email
14:25:33.679 request_id=GGRUM0AH228ST9kAAD-E [info] [EmailWorker] Creating Oban job
14:25:33.679 request_id=GGRUM0AH228ST9kAAD-E [info] [EmailWorker] Job created
14:25:33.679 request_id=GGRUM0AH228ST9kAAD-E [info] Processing scheduled email
14:25:33.679 request_id=GGRUM0AH228ST9kAAD-E [info] [EMAIL DEBUG] Full email struct before sending
14:25:33.679 request_id=GGRUM0AH228ST9kAAD-E [info] [EMAIL DEBUG] Extracted recipient email
14:25:33.679 request_id=GGRUM0AH228ST9kAAD-E [info] [EMAIL DEBUG] Postmark configuration
14:25:33.680 request_id=GGRUM0AH228ST9kAAD-E [info] [EMAIL DEBUG] Email configuration
14:25:33.680 request_id=GGRUM0AH228ST9kAAD-E [info] [EMAIL] Attempting to send email via Postmark
14:25:33.680 request_id=GGRUM0AH228ST9kAAD-E [debug] Sending email with Bamboo.TestAdapter:

%Bamboo.Email{from: {"RSOLV Team", "support@rsolv.dev"}, to: [nil: "newuser@example.com"], cc: [], bcc: [], subject: "How's Your Experience with RSOLV?", html_body: "<!DOCTYPE html>\n<html lang=\"en\">\n<head>\n  <meta charset=\"UTF-8\">\n  <meta name=\"viewport\" content=\"width=device-width, initial-scale=1.0\">\n  <title>How's Your RSOLV Experience?</title>\n  <style>\n    @import url('https://fonts.googleapis.com/css2?family=Space+Grotesk:wght@300;400;500;700&display=swap');\n    \n    body {\n      font-family: 'Space Grotesk', -apple-system, BlinkMacSystemFont, \"Segoe UI\", Roboto, Helvetica, Arial, sans-serif;\n      line-height: 1.6;\n      color: #333;\n      max-width: 600px;\n      margin: 0 auto;\n      padding: 20px;\n      background-color: #f8f9fa;\n    }\n    .container {\n      background-color: #ffffff;\n      border-radius: 8px;\n      padding: 30px;\n      box-shadow: 0 4px 6px rgba(0, 0, 0, 0.05);\n    }\n    .logo {\n      text-align: center;\n      margin-bottom: 30px;\n    }\n    .logo img {\n      max-width: 200px;\n    }\n    h1, h2, h3 {\n      color: #10b981;\n    }\n    .survey-card {\n      background-color: #f3f4f6;\n      padding: 20px;\n      border-radius: 8px;\n      margin: 20px 0;\n      text-align: center;\n    }\n    .rating-container {\n      display: flex;\n      justify-content: center;\n      gap: 10px;\n      margin: 20px 0;\n    }\n    .rating-box {\n      width: 40px;\n      height: 40px;\n      border: 2px solid #10b981;\n      border-radius: 8px;\n      display: flex;\n      align-items: center;\n      justify-content: center;\n      text-decoration: none;\n      color: #10b981;\n      font-weight: bold;\n      transition: all 0.3s ease;\n    }\n    .rating-box:hover {\n      background-color: #10b981;\n      color: white;\n    }\n    .question-box {\n      background-color: #f9fafb;\n      padding: 20px;\n      border-radius: 8px;\n      margin: 20px 0;\n      border-left: 4px solid #10b981;\n    }\n    .success-story {\n      background-color: #d4edda;\n      border: 1px solid #c3e6cb;\n      padding: 15px;\n      border-radius: 8px;\n      margin: 20px 0;\n    }\n    .cta {\n      background-color: #10b981;\n      color: white;\n      padding: 12px 24px;\n      border-radius: 5px;\n      display: inline-block;\n      text-decoration: none;\n      font-weight: bold;\n      margin: 20px 0;\n    }\n    .cta-secondary {\n      background-color: #6b7280;\n      color: white;\n      padding: 12px 24px;\n      border-radius: 5px;\n      display: inline-block;\n      text-decoration: none;\n      font-weight: bold;\n      margin: 20px 0;\n    }\n    .footer {\n      margin-top: 40px;\n      font-size: 14px;\n      color: #6b7280;\n      border-top: 1px solid #e5e7eb;\n      padding-top: 20px;\n      text-align: center;\n    }\n  </style>\n</head>\n<body>\n  <div class=\"container\">\n    <div class=\"logo\">\n      <img src=\"https://rsolv.dev/images/rsolv_logo_transparent.png\" alt=\"RSOLV Logo\">\n    </div>\n    \n    <h1>Quick Check-In: How's RSOLV Working for You?</h1>\n    \n    <p>Hi {@first_name},</p>\n    \n    <p>You've been using RSOLV for a week now, and we'd love to hear about your experience! Your feedback helps us make RSOLV better for everyone.</p>\n    \n    <div class=\"survey-card\">\n      <h3>How likely are you to recommend RSOLV to a colleague?</h3>\n      <p>Click a number below:</p>\n      <div class=\"rating-container\">\n        <a href=\"https://rsolv.dev/feedback?rating=1&email={@email}\" class=\"rating-box\">1</a>\n        <a href=\"https://rsolv.dev/feedback?rating=2&email={@email}\" class=\"rating-box\">2</a>\n        <a href=\"https://rsolv.dev/feedback?rating=3&email={@email}\" class=\"rating-box\">3</a>\n        <a href=\"https://rsolv.dev/feedback?rating=4&email={@email}\" class=\"rating-box\">4</a>\n        <a href=\"https://rsolv.dev/feedback?rating=5&email={@email}\" class=\"rating-box\">5</a>\n        <a href=\"https://rsolv.dev/feedback?rating=6&email={@email}\" class=\"rating-box\">6</a>\n        <a href=\"https://rsolv.dev/feedback?rating=7&email={@email}\" class=\"rating-box\">7</a>\n        <a href=\"https://rsolv.dev/feedback?rating=8&email={@email}\" class=\"rating-box\">8</a>\n        <a href=\"https://rsolv.dev/feedback?rating=9&email={@email}\" class=\"rating-box\">9</a>\n        <a href=\"https://rsolv.dev/feedback?rating=10&email={@email}\" class=\"rating-box\">10</a>\n      </div>\n" <> ..., text_body: "Quick Check-In: How's RSOLV Working for You?\n\nHi Newuser,\n\nYou've been using RSOLV for a week now, and we'd love to hear about your experience!\n\nHow likely are you to recommend RSOLV to a colleague?\nRate us from 1-10: https://rsolv.dev/feedback?email=newuser@example.com\n\nThree Quick Questions:\n1. What's been your favorite RSOLV fix so far?\n2. What feature would you like to see next?\n3. Any challenges or friction points?\n\nJust hit reply and share your thoughts - we read every response!\n\nDid You Know?\nHere are some ways other teams are using RSOLV:\n- Security audits: Tag all security-related issues for automated fixes\n- Tech debt cleanup: Fix deprecated function calls across the codebase\n- Onboarding tool: Let new devs see how fixes should be implemented\n- Weekend warrior: Queue up fixes on Friday, review on Monday\n\nThanks for being an early adopter!\n\nBest regards,\nDylan & The RSOLV Team\n\nP.S. If RSOLV has saved you time this week, we'd love to hear about it!\n\n---\nTo unsubscribe, visit: https://rsolv.dev/unsubscribe?email=newuser@example.com\n", headers: %{"X-Postmark-Tag" => "feedback-request"}, attachments: [], assigns: %{}, private: %{tag: "feedback-request"}, blocked: false}

14:25:33.680 request_id=GGRUM0AH228ST9kAAD-E [info] [EMAIL DEBUG] Raw Postmark response
14:25:33.680 request_id=GGRUM0AH228ST9kAAD-E [info] [EMAIL] Email sent successfully via Postmark
14:25:33.680 request_id=GGRUM0AH228ST9kAAD-E [info] Successfully sent scheduled email
14:25:33.680 request_id=GGRUM0AH228ST9kAAD-E [info] [EmailWorker] Insert result
14:25:33.680 request_id=GGRUM0AH228ST9kAAD-E [info] [EmailWorker] Schedule result
14:25:33.680 request_id=GGRUM0AH228ST9kAAD-E [info] [EmailWorker] Processing email config
14:25:33.680 request_id=GGRUM0AH228ST9kAAD-E [info] [EmailWorker] Scheduling email
14:25:33.680 request_id=GGRUM0AH228ST9kAAD-E [info] [EmailWorker] Creating Oban job
14:25:33.680 request_id=GGRUM0AH228ST9kAAD-E [info] [EmailWorker] Job created
14:25:33.680 request_id=GGRUM0AH228ST9kAAD-E [info] Processing scheduled email
14:25:33.681 request_id=GGRUM0AH228ST9kAAD-E [info] [EMAIL DEBUG] Full email struct before sending
14:25:33.681 request_id=GGRUM0AH228ST9kAAD-E [info] [EMAIL DEBUG] Extracted recipient email
14:25:33.681 request_id=GGRUM0AH228ST9kAAD-E [info] [EMAIL DEBUG] Postmark configuration
14:25:33.681 request_id=GGRUM0AH228ST9kAAD-E [info] [EMAIL DEBUG] Email configuration
14:25:33.681 request_id=GGRUM0AH228ST9kAAD-E [info] [EMAIL] Attempting to send email via Postmark
14:25:33.681 request_id=GGRUM0AH228ST9kAAD-E [debug] Sending email with Bamboo.TestAdapter:

%Bamboo.Email{from: {"RSOLV Team", "support@rsolv.dev"}, to: [nil: "newuser@example.com"], cc: [], bcc: [], subject: "Your RSOLV Success Report", html_body: "<!DOCTYPE html>\n<html lang=\"en\">\n<head>\n  <meta charset=\"UTF-8\">\n  <meta name=\"viewport\" content=\"width=device-width, initial-scale=1.0\">\n  <title>Your RSOLV Success Report</title>\n  <style>\n    @import url('https://fonts.googleapis.com/css2?family=Space+Grotesk:wght@300;400;500;700&display=swap');\n    \n    body {\n      font-family: 'Space Grotesk', -apple-system, BlinkMacSystemFont, \"Segoe UI\", Roboto, Helvetica, Arial, sans-serif;\n      line-height: 1.6;\n      color: #333;\n      max-width: 600px;\n      margin: 0 auto;\n      padding: 20px;\n      background-color: #f8f9fa;\n    }\n    .container {\n      background-color: #ffffff;\n      border-radius: 8px;\n      padding: 30px;\n      box-shadow: 0 4px 6px rgba(0, 0, 0, 0.05);\n    }\n    .logo {\n      text-align: center;\n      margin-bottom: 30px;\n    }\n    .logo img {\n      max-width: 200px;\n    }\n    h1, h2, h3 {\n      color: #10b981;\n    }\n    .stats-grid {\n      display: grid;\n      grid-template-columns: 1fr 1fr;\n      gap: 20px;\n      margin: 30px 0;\n    }\n    .stat-card {\n      background-color: #f3f4f6;\n      padding: 20px;\n      border-radius: 8px;\n      text-align: center;\n      border-top: 4px solid #10b981;\n    }\n    .stat-number {\n      font-size: 36px;\n      font-weight: bold;\n      color: #10b981;\n      margin: 10px 0;\n    }\n    .stat-label {\n      color: #6b7280;\n      font-size: 14px;\n    }\n    .achievement-banner {\n      background: linear-gradient(135deg, #10b981 0%, #059669 100%);\n      color: white;\n      padding: 20px;\n      border-radius: 8px;\n      text-align: center;\n      margin: 20px 0;\n    }\n    .timeline {\n      margin: 30px 0;\n    }\n    .timeline-item {\n      display: flex;\n      margin-bottom: 20px;\n      align-items: flex-start;\n    }\n    .timeline-marker {\n      width: 40px;\n      height: 40px;\n      background-color: #10b981;\n      color: white;\n      border-radius: 50%;\n      display: flex;\n      align-items: center;\n      justify-content: center;\n      flex-shrink: 0;\n      margin-right: 15px;\n    }\n    .timeline-content {\n      flex-grow: 1;\n    }\n    .pricing-highlight {\n      background-color: #fff3cd;\n      border: 1px solid #ffeaa7;\n      padding: 20px;\n      border-radius: 8px;\n      margin: 20px 0;\n      text-align: center;\n    }\n    .cta {\n      background-color: #10b981;\n      color: white;\n      padding: 12px 24px;\n      border-radius: 5px;\n      display: inline-block;\n      text-decoration: none;\n      font-weight: bold;\n      margin: 20px 0;\n    }\n    .cta-secondary {\n      background-color: #2563eb;\n      color: white;\n      padding: 12px 24px;\n      border-radius: 5px;\n      display: inline-block;\n      text-decoration: none;\n      font-weight: bold;\n      margin: 20px 0;\n    }\n    .footer {\n      margin-top: 40px;\n      font-size: 14px;\n      color: #6b7280;\n      border-top: 1px solid #e5e7eb;\n      padding-top: 20px;\n      text-align: center;\n    }\n    @media (max-width: 600px) {\n      .stats-grid {\n        grid-template-columns: 1fr;\n      }\n    }\n  </style>\n</head>\n<body>\n  <div class=\"container\">\n    <div class=\"logo\">\n      <img src=\"https://rsolv.dev/images/rsolv_logo_transparent.png\" alt=\"RSOLV Logo\">\n    </div>\n    \n    <h1>Your 2-Week RSOLV Success Report 🎉</h1>\n    \n    <p>Hi {@first_name},</p>\n    \n    <p>Congratulations! You've been using RSOLV for two weeks. Here's a snapshot of what we've accomplished together:</p>\n    \n    <div class=\"stats-grid\">\n      <div class=\"stat-card\">\n        <div class=\"stat-label\">Issues Fixed</div>\n        <div class=\"stat-number\">{Map.get(@usage_stats || %{}, :issues_fixed, 0)}</div>\n      </div>\n      <div class=\"stat-card\">\n        <div class=\"stat-label\">PRs Created</div>\n        <div class=\"stat-number\">{Map.get(@usage_stats || %{}, :prs_created, 0)}</div>\n      </div>\n      <div class=\"stat-card\">\n        <div class=\"stat-label\">Time Saved</div>\n        <div class=\"stat-number\">{Map.get(@usage_stats || %{}, :time_saved, \"0 hrs\")}</div>\n      </div>\n      <div class=\"stat-card\">\n        <div class=\"stat-label\">Security Issues Found</div>\n        <div class=\"stat-number\">{Map.ge" <> ..., text_body: "Your 2-Week RSOLV Success Report\n\nHi Newuser,\n\nCongratulations! You've been using RSOLV for two weeks. Here's what we've accomplished together:\n\nYour Stats:\n- Issues Fixed: Check your dashboard\n- PRs Created: Check your dashboard\n- Time Saved: Check your dashboard\n- Security Issues Found: Check your dashboard\n\nYour Trial Status:\nCheck how many free fixes you have remaining at: https://rsolv.dev/dashboard\n\nWhat's Next?\n- Expand to more repositories\n- Automate security audits\n- Clean up tech debt\n- Train your team\n\nNeed Help Scaling Up?\nI'd love to help you get even more value from RSOLV:\n- Schedule a 15-minute optimization call\n- Get best practices for your specific tech stack\n- Learn about volume discounts for teams\n\nJust reply to this email and let me know how I can help!\n\nThanks for being part of the RSOLV community.\n\nBest regards,\nDylan Fitzgerald\nFounder, RSOLV\n\nP.S. If RSOLV has been valuable to your team, I'd be grateful if you could share a quick testimonial.\n\n---\nTo unsubscribe, visit: https://rsolv.dev/unsubscribe?email=newuser@example.com\n", headers: %{"X-Postmark-Tag" => "success-checkin"}, attachments: [], assigns: %{}, private: %{tag: "success-checkin"}, blocked: false}

14:25:33.681 request_id=GGRUM0AH228ST9kAAD-E [info] [EMAIL DEBUG] Raw Postmark response
14:25:33.681 request_id=GGRUM0AH228ST9kAAD-E [info] [EMAIL] Email sent successfully via Postmark
14:25:33.681 request_id=GGRUM0AH228ST9kAAD-E [info] Successfully sent scheduled email
14:25:33.681 request_id=GGRUM0AH228ST9kAAD-E [info] [EmailWorker] Insert result
14:25:33.681 request_id=GGRUM0AH228ST9kAAD-E [info] [EmailWorker] Schedule result
14:25:33.681 request_id=GGRUM0AH228ST9kAAD-E [info] [PAGE CONTROLLER] EmailSequence.start_early_access_onboarding_sequence returned
14:25:33.681 request_id=GGRUM0AH228ST9kAAD-E [debug] Sending email with Bamboo.TestAdapter:

%Bamboo.Email{from: {"RSOLV Team", "support@rsolv.dev"}, to: [nil: "admin@rsolv.dev"], cc: [], bcc: [], subject: "🎉 New RSOLV Signup: newuser@example.com", html_body: "<!DOCTYPE html>\n<html>\n<head>\n  <meta charset=\"utf-8\">\n  <style>\n    body { font-family: -apple-system, BlinkMacSystemFont, 'Segoe UI', Roboto, sans-serif; line-height: 1.6; color: #333; }\n    .container { max-width: 600px; margin: 0 auto; padding: 20px; }\n    .header { background: #10b981; color: white; padding: 20px; border-radius: 8px 8px 0 0; }\n    .content { background: #f9fafb; padding: 20px; border: 1px solid #e5e7eb; border-radius: 0 0 8px 8px; }\n    .metric { display: inline-block; margin: 10px 20px 10px 0; }\n    .metric-label { font-size: 12px; color: #6b7280; text-transform: uppercase; }\n    .metric-value { font-size: 18px; font-weight: bold; color: #111827; }\n    .details { background: white; padding: 15px; border-radius: 4px; margin: 15px 0; }\n    .detail-row { display: flex; justify-content: space-between; padding: 8px 0; border-bottom: 1px solid #f3f4f6; }\n    .detail-row:last-child { border-bottom: none; }\n    .detail-label { font-weight: 500; color: #6b7280; }\n    .detail-value { color: #111827; }\n    .utm-badge { display: inline-block; background: #dbeafe; color: #1e40af; padding: 2px 8px; border-radius: 4px; font-size: 12px; margin-left: 4px; }\n  </style>\n</head>\n<body>\n  <div class=\"container\">\n    <div class=\"header\">\n      <h1 style=\"margin: 0; font-size: 24px;\">🎉 New RSOLV Signup!</h1>\n      <p style=\"margin: 5px 0 0 0; opacity: 0.9;\">September 11, 2025 at 08:25 PM UTC</p>\n    </div>\n    \n    <div class=\"content\">\n      <div class=\"metric\">\n        <div class=\"metric-label\">Email</div>\n        <div class=\"metric-value\">newuser@example.com</div>\n      </div>\n      \n      <div class=\"metric\">\n              <div class=\"metric-label\">Company</div>\n              <div class=\"metric-value\">Test Corp</div>\n            </div>\n      \n      <div class=\"details\">\n        <h3 style=\"margin-top: 0;\">Signup Details</h3>\n        \n        <div class=\"detail-row\">\n          <span class=\"detail-label\">Source</span>\n          <span class=\"detail-value\">\n            landing_page\n            <span class=\"utm-badge\">twitter</span>\n          </span>\n        </div>\n        \n        <div class=\"detail-row\">\n                <span class=\"detail-label\">Medium</span>\n                <span class=\"detail-value\">social</span>\n              </div>\n        \n        <div class=\"detail-row\">\n                <span class=\"detail-label\">Campaign</span>\n                <span class=\"detail-value\">launch</span>\n              </div>\n        \n        \n      </div>\n      \n      <div style=\"margin-top: 20px; text-align: center;\">\n        <a href=\"https://rsolv.dev/live/dashboard\" style=\"display: inline-block; background: #10b981; color: white; padding: 10px 20px; text-decoration: none; border-radius: 4px;\">\n          View Dashboard\n        </a>\n      </div>\n    </div>\n  </div>\n</body>\n</html>\n", text_body: "🎉 New RSOLV Signup!\n\nEmail: newuser@example.com\nCompany: Test Corp\n\nTime: September 11, 2025 at 08:25 PM UTC\n\nSource Details:\n- Source: landing_page\n- UTM Source: twitter\n\n- UTM Medium: social\n\n- UTM Campaign: launch\n\n\n\nView full dashboard: https://rsolv.dev/live/dashboard\n", headers: %{"Message-ID" => "<1757622333.908986@rsolv.dev>", "X-Postmark-Tag" => "admin-notification", "X-Priority" => "1"}, attachments: [], assigns: %{}, private: %{tag: "admin-notification"}, blocked: false}

14:25:33.681 request_id=GGRUM0AH228ST9kAAD-E [info] Admin notification sent for new signup
14:25:33.681 request_id=GGRUM0AH228ST9kAAD-E [info] Sent 302 in 5ms
.14:25:33.682 [debug] QUERY OK source="fun_with_flags_toggles" db=0.2ms
INSERT INTO "fun_with_flags_toggles" AS f0 ("enabled","target","flag_name","gate_type") VALUES ($1,$2,$3,$4) ON CONFLICT ("flag_name","gate_type","target") DO UPDATE SET "enabled" = $5 RETURNING "id" [true, "_fwf_none", "early_access_signup", "boolean", true]
14:25:33.682 [debug] QUERY OK source="fun_with_flags_toggles" db=0.0ms
SELECT f0."id", f0."flag_name", f0."gate_type", f0."target", f0."enabled" FROM "fun_with_flags_toggles" AS f0 WHERE (f0."flag_name" = $1) ["early_access_signup"]
14:25:33.682 [debug] Telemetry event: [:fun_with_flags, :persistence, :write], metadata: %{flag_name: :early_access_signup, gate: %FunWithFlags.Gate{type: :boolean, for: nil, enabled: true}}, measurements: %{system_time: 1757622333682307820}
14:25:33.682 [debug] QUERY OK source="fun_with_flags_toggles" db=0.0ms
INSERT INTO "fun_with_flags_toggles" AS f0 ("enabled","target","flag_name","gate_type") VALUES ($1,$2,$3,$4) ON CONFLICT ("flag_name","gate_type","target") DO UPDATE SET "enabled" = $5 RETURNING "id" [true, "_fwf_none", "welcome_email_sequence", "boolean", true]
14:25:33.682 [debug] QUERY OK source="fun_with_flags_toggles" db=0.0ms
SELECT f0."id", f0."flag_name", f0."gate_type", f0."target", f0."enabled" FROM "fun_with_flags_toggles" AS f0 WHERE (f0."flag_name" = $1) ["welcome_email_sequence"]
14:25:33.682 [debug] Telemetry event: [:fun_with_flags, :persistence, :write], metadata: %{flag_name: :welcome_email_sequence, gate: %FunWithFlags.Gate{type: :boolean, for: nil, enabled: true}}, measurements: %{system_time: 1757622333682498701}
14:25:33.682 request_id=GGRUM0BxAjzdNqgAAEAE [info] POST /early-access
14:25:33.682 request_id=GGRUM0BxAjzdNqgAAEAE [debug] Processing with RsolvWeb.PageController.submit_early_access/2
  Parameters: %{"email" => "utm@example.com", "utm_campaign" => "beta_launch", "utm_medium" => "forum", "utm_source" => "hackernews"}
  Pipelines: [:browser]
14:25:33.682 request_id=GGRUM0BxAjzdNqgAAEAE [debug] QUERY OK source="fun_with_flags_toggles" db=0.0ms
SELECT f0."id", f0."flag_name", f0."gate_type", f0."target", f0."enabled" FROM "fun_with_flags_toggles" AS f0 WHERE (f0."flag_name" = $1) ["early_access_signup"]
14:25:33.682 request_id=GGRUM0BxAjzdNqgAAEAE [debug] Telemetry event: [:fun_with_flags, :persistence, :read], metadata: %{flag_name: :early_access_signup, gate: nil}, measurements: %{system_time: 1757622333682673789}
14:25:33.682 request_id=GGRUM0BxAjzdNqgAAEAE [debug] Extracted UTM parameters: %{utm_source: "hackernews", utm_medium: "forum", utm_campaign: "beta_launch"}
14:25:33.682 request_id=GGRUM0BxAjzdNqgAAEAE [info] Analytics event tracked
14:25:33.682 request_id=GGRUM0BxAjzdNqgAAEAE [debug] QUERY OK db=0.0ms
SELECT create_analytics_partition_if_not_exists($1::date) [~D[2025-09-11]]
14:25:33.682 request_id=GGRUM0BxAjzdNqgAAEAE [debug] QUERY OK source="analytics_events" db=0.0ms
INSERT INTO "analytics_events" ("metadata","event_type","visitor_id","page_path","referrer","utm_source","utm_medium","utm_campaign","inserted_at","updated_at") VALUES ($1,$2,$3,$4,$5,$6,$7,$8,$9,$10) RETURNING "id" [%{status: "submit", os: "unknown", form_id: "early-access", browser: "unknown", utm_source_platform: nil, utm_source_campaign: nil, utm_source_content: nil, device_type: "unknown"}, "form_submit", "1ace99d638deff437a53d6259e9de16c", "/early-access", "https://twitter.com/some_post", "hackernews", "forum", "beta_launch", ~N[2025-09-11 20:25:33], ~N[2025-09-11 20:25:33]]
14:25:33.682 request_id=GGRUM0BxAjzdNqgAAEAE [info] Form submission received
14:25:33.682 request_id=GGRUM0BxAjzdNqgAAEAE [info] Valid email received for processing: utm@example.com, validation passed
14:25:33.683 request_id=GGRUM0BxAjzdNqgAAEAE [debug] Extracted UTM parameters: %{utm_source: "hackernews", utm_medium: "forum", utm_campaign: "beta_launch"}
14:25:33.683 request_id=GGRUM0BxAjzdNqgAAEAE [debug] QUERY OK source="early_access_signups" db=0.0ms
INSERT INTO "early_access_signups" ("name","email","utm_source","utm_medium","utm_campaign","referral_source","inserted_at") VALUES ($1,$2,$3,$4,$5,$6,$7) RETURNING "id" ["Utm", "utm@example.com", "hackernews", "forum", "beta_launch", "landing_page", ~N[2025-09-11 20:25:33]]
14:25:33.683 request_id=GGRUM0BxAjzdNqgAAEAE [debug] QUERY OK source="early_access_signups" db=0.0ms
SELECT count(e0."id") FROM "early_access_signups" AS e0 []
14:25:33.683 request_id=GGRUM0BxAjzdNqgAAEAE [info] Successfully saved signup to database
14:25:33.683 request_id=GGRUM0BxAjzdNqgAAEAE [info] ConvertKit API key present: true
14:25:33.683 request_id=GGRUM0BxAjzdNqgAAEAE [info] ConvertKit API request successful
14:25:33.683 request_id=GGRUM0BxAjzdNqgAAEAE [info] ConvertKit: Successfully added subscriber
14:25:33.683 request_id=GGRUM0BxAjzdNqgAAEAE [info] Analytics event tracked
14:25:33.683 request_id=GGRUM0BxAjzdNqgAAEAE [debug] QUERY OK db=0.0ms
SELECT create_analytics_partition_if_not_exists($1::date) [~D[2025-09-11]]
14:25:33.683 request_id=GGRUM0BxAjzdNqgAAEAE [debug] QUERY OK source="analytics_events" db=0.0ms
INSERT INTO "analytics_events" ("metadata","event_type","visitor_id","page_path","referrer","utm_source","utm_medium","utm_campaign","inserted_at","updated_at") VALUES ($1,$2,$3,$4,$5,$6,$7,$8,$9,$10) RETURNING "id" [%{status: "success", os: "unknown", source: "landing_page", form_id: "early-access", browser: "unknown", utm_source_platform: nil, utm_source_campaign: nil, utm_source_content: nil, device_type: "unknown", conversion_type: "early_access_signup", email_domain: "example.com"}, "form_success", "1ace99d638deff437a53d6259e9de16c", "/early-access", "https://twitter.com/some_post", "hackernews", "forum", "beta_launch", ~N[2025-09-11 20:25:33], ~N[2025-09-11 20:25:33]]
14:25:33.683 request_id=GGRUM0BxAjzdNqgAAEAE [info] Analytics event tracked
14:25:33.683 request_id=GGRUM0BxAjzdNqgAAEAE [debug] QUERY OK db=0.0ms
SELECT create_analytics_partition_if_not_exists($1::date) [~D[2025-09-11]]
14:25:33.683 request_id=GGRUM0BxAjzdNqgAAEAE [debug] QUERY OK source="analytics_events" db=0.0ms
INSERT INTO "analytics_events" ("metadata","event_type","visitor_id","page_path","referrer","utm_source","utm_medium","utm_campaign","inserted_at","updated_at") VALUES ($1,$2,$3,$4,$5,$6,$7,$8,$9,$10) RETURNING "id" [%{os: "unknown", source: "landing_page", form_id: "early-access", browser: "unknown", utm_source_platform: nil, utm_source_campaign: nil, utm_source_content: nil, device_type: "unknown", conversion_type: "early_access_signup", email_domain: "example.com"}, "conversion", "1ace99d638deff437a53d6259e9de16c", "/early-access", "https://twitter.com/some_post", "hackernews", "forum", "beta_launch", ~N[2025-09-11 20:25:33], ~N[2025-09-11 20:25:33]]
14:25:33.683 request_id=GGRUM0BxAjzdNqgAAEAE [debug] QUERY OK source="fun_with_flags_toggles" db=0.0ms
SELECT f0."id", f0."flag_name", f0."gate_type", f0."target", f0."enabled" FROM "fun_with_flags_toggles" AS f0 WHERE (f0."flag_name" = $1) ["welcome_email_sequence"]
14:25:33.683 request_id=GGRUM0BxAjzdNqgAAEAE [debug] Telemetry event: [:fun_with_flags, :persistence, :read], metadata: %{flag_name: :welcome_email_sequence, gate: nil}, measurements: %{system_time: 1757622333683768098}
14:25:33.683 request_id=GGRUM0BxAjzdNqgAAEAE [info] [PAGE CONTROLLER] Welcome email sequence is ENABLED, starting sequence
14:25:33.683 request_id=GGRUM0BxAjzdNqgAAEAE [info] [PAGE CONTROLLER] About to call EmailSequence.start_early_access_onboarding_sequence
14:25:33.683 request_id=GGRUM0BxAjzdNqgAAEAE [info] [EMAIL SEQUENCE] Starting early access onboarding sequence
14:25:33.683 request_id=GGRUM0BxAjzdNqgAAEAE [info] [EMAIL SEQUENCE] About to call EmailService.send_early_access_welcome_email
14:25:33.683 request_id=GGRUM0BxAjzdNqgAAEAE [info] [EMAIL] send_early_access_welcome_email called
14:25:33.683 request_id=GGRUM0BxAjzdNqgAAEAE [info] [EMAIL DEBUG] Full email struct before sending
14:25:33.683 request_id=GGRUM0BxAjzdNqgAAEAE [info] [EMAIL DEBUG] Extracted recipient email
14:25:33.683 request_id=GGRUM0BxAjzdNqgAAEAE [info] [EMAIL DEBUG] Postmark configuration
14:25:33.683 request_id=GGRUM0BxAjzdNqgAAEAE [info] [EMAIL DEBUG] Email configuration
14:25:33.683 request_id=GGRUM0BxAjzdNqgAAEAE [info] [EMAIL] Attempting to send email via Postmark
14:25:33.684 request_id=GGRUM0BxAjzdNqgAAEAE [debug] Sending email with Bamboo.TestAdapter:

%Bamboo.Email{from: {"RSOLV Team", "support@rsolv.dev"}, to: [nil: "utm@example.com"], cc: [], bcc: [], subject: "Welcome to RSOLV Early Access Program", html_body: "<div style=\"font-family: 'Helvetica Neue', Helvetica, Arial, sans-serif; max-width: 600px; margin: 0 auto; padding: 20px;\">\n  <h1 style=\"color: #2C3E50; margin-bottom: 20px;\">Welcome to RSOLV Early Access Program!</h1>\n\n  <p>Hi Utm,</p>\n\n  <p>Thank you for joining our Early Access Program! You're now part of an exclusive group getting first access to RSOLV.</p>\n\n  <p>Here's what you need to know:</p>\n\n  <ul>\n    <li>You have full access to all current features</li>\n    <li>Your feedback is incredibly valuable to us during this phase</li>\n    <li>You'll receive priority support via email</li>\n  </ul>\n\n  <p>To get started with RSOLV:</p>\n\n  <ol>\n    <li><strong>Your API key will be sent in a follow-up email within 24 hours</strong></li>\n    <li>Once you receive your API key, install our GitHub Action (code below)</li>\n    <li>Set up your repository secrets with your API key</li>\n    <li>Tag your first issues with \"rsolv:automate\"</li>\n  </ol>\n\n  <div style=\"background-color: #fff3cd; border: 1px solid #ffeaa7; color: #856404; padding: 10px; border-radius: 5px; margin: 15px 0;\">\n    <strong>⏳ API Key Coming Soon:</strong> We'll send your personal API key within 24 hours. Look for an email with subject \"Your RSOLV API Key\".\n  </div>\n\n  <div style=\"background-color: #f8f9fa; padding: 15px; border-radius: 5px; margin: 20px 0;\">\n    <pre style=\"margin: 0; overflow-x: auto; white-space: pre-wrap; font-family: monospace;\">name: RSOLV AutoFix\non:\n  issues:\n    types: [opened, edited, labeled]\n\njobs:\n  autofix:\n    runs-on: ubuntu-latest\n    if: contains(github.event.issue.labels.*.name, 'rsolv:automate')\n    steps:\n      - uses: RSOLV-dev/rsolv-action@v1\n        with:\n          github-token: ${{ secrets.GITHUB_TOKEN }}\n          rsolv-api-key: ${{ secrets.RSOLV_API_KEY }}</pre>\n  </div>\n\n  <p>Need help? As an Early Access member, you have priority support - contact us at <a href=\"mailto:support@rsolv.dev\">support@rsolv.dev</a> and we'll personally assist you.</p>\n\n  <p>Your trial includes unlimited automated fixes during the Early Access period.</p>\n\n  <div style=\"margin-top: 30px; padding: 15px; border: 1px solid #e0e0e0; border-radius: 5px; background-color: #f9f9f9;\">\n    <h3 style=\"margin-top: 0; color: #2C3E50;\">Early Access Program Benefits</h3>\n    <ul>\n      <li>Unlimited usage during Early Access</li>\n      <li>Priority support and feature requests</li>\n      <li>Exclusive pricing when we launch</li>\n      <li>Direct access to our development team</li>\n    </ul>\n  </div>\n\n  <p>Best,<br>The RSOLV Team</p>\n\n  <div class=\"footer\" style=\"margin-top: 40px; padding-top: 20px; border-top: 1px solid #e0e0e0; font-size: 0.9em; color: #666;\">\n    <p>\n      You're receiving this email because you joined the RSOLV Early Access Program.\n      <br>\n      If you have any questions, simply reply to this email.\n    </p>\n    <p>\n      RSOLV, Inc. • support@rsolv.dev • © 2025\n    </p>\n    <p>\n      <a href=\"https://rsolv.dev/unsubscribe?email=utm@example.com\">Unsubscribe</a> from these emails.\n    </p>\n  </div>\n</div>\n", text_body: "Welcome to RSOLV Early Access Program!\n\nHi Utm,\n\nThank you for joining our Early Access Program! You're now part of an exclusive group getting first access to RSOLV.\n\nHere's what you need to know:\n- You have full access to all current features\n- Your feedback is incredibly valuable to us during this phase\n- You'll receive priority support via email\n\nTo get started with RSOLV:\n1. Your API key will be sent in a follow-up email within 24 hours\n2. Once you receive your API key, install our GitHub Action\n3. Set up your repository secrets with your API key\n4. Tag your first issues with \"AUTOFIX\"\n\n⏳ API KEY COMING SOON: We'll send your personal API key within 24 hours. Look for an email with subject \"Your RSOLV API Key\".\n\nNeed help? As an Early Access member, you have priority support - contact us at support@rsolv.dev and we'll personally assist you.\n\nYour trial includes unlimited automated fixes during the Early Access period.\n\nEARLY ACCESS PROGRAM BENEFITS:\n* Unlimited usage during Early Access\n* Priority support and feature requests\n* Exclusive pricing when we launch\n* Direct access to our development team\n\nBest,\nThe RSOLV Team\n\n---\nYou're receiving this email because you joined the RSOLV Early Access Program.\nIf you have any questions, simply reply to this email.\n\nRSOLV, Inc. • support@rsolv.dev\n\nTo unsubscribe, visit: https://rsolv.dev/unsubscribe?email=utm@example.com\n", headers: %{"X-Postmark-Tag" => "early-access"}, attachments: [], assigns: %{}, private: %{tag: "early-access"}, blocked: false}

14:25:33.684 request_id=GGRUM0BxAjzdNqgAAEAE [info] [EMAIL DEBUG] Raw Postmark response
14:25:33.684 request_id=GGRUM0BxAjzdNqgAAEAE [info] [EMAIL] Email sent successfully via Postmark
14:25:33.684 request_id=GGRUM0BxAjzdNqgAAEAE [info] [EMAIL SEQUENCE] EmailService.send_early_access_welcome_email returned
14:25:33.684 request_id=GGRUM0BxAjzdNqgAAEAE [info] Attempting to tag subscriber
14:25:33.684 request_id=GGRUM0BxAjzdNqgAAEAE [info] ConvertKit: Attempting to tag utm@example.com with tag 7700607
14:25:33.684 request_id=GGRUM0BxAjzdNqgAAEAE [info] ConvertKit: Successfully tagged utm@example.com
14:25:33.684 request_id=GGRUM0BxAjzdNqgAAEAE [info] [EmailWorker] schedule_sequence called
14:25:33.684 request_id=GGRUM0BxAjzdNqgAAEAE [info] [EmailWorker] Found sequence
14:25:33.684 request_id=GGRUM0BxAjzdNqgAAEAE [info] [EmailWorker] Processing email config
14:25:33.684 request_id=GGRUM0BxAjzdNqgAAEAE [info] [EmailWorker] Skipping immediate email
14:25:33.684 request_id=GGRUM0BxAjzdNqgAAEAE [info] [EmailWorker] Processing email config
14:25:33.684 request_id=GGRUM0BxAjzdNqgAAEAE [info] [EmailWorker] Scheduling email
14:25:33.684 request_id=GGRUM0BxAjzdNqgAAEAE [info] [EmailWorker] Creating Oban job
14:25:33.684 request_id=GGRUM0BxAjzdNqgAAEAE [info] [EmailWorker] Job created
14:25:33.684 request_id=GGRUM0BxAjzdNqgAAEAE [info] Processing scheduled email
14:25:33.684 request_id=GGRUM0BxAjzdNqgAAEAE [error] Failed to send scheduled email
14:25:33.684 request_id=GGRUM0BxAjzdNqgAAEAE [info] [EmailWorker] Insert result
14:25:33.684 request_id=GGRUM0BxAjzdNqgAAEAE [info] [EmailWorker] Schedule result
14:25:33.684 request_id=GGRUM0BxAjzdNqgAAEAE [info] [EmailWorker] Processing email config
14:25:33.684 request_id=GGRUM0BxAjzdNqgAAEAE [info] [EmailWorker] Scheduling email
14:25:33.684 request_id=GGRUM0BxAjzdNqgAAEAE [info] [EmailWorker] Creating Oban job
14:25:33.684 request_id=GGRUM0BxAjzdNqgAAEAE [info] [EmailWorker] Job created
14:25:33.684 request_id=GGRUM0BxAjzdNqgAAEAE [info] Processing scheduled email
14:25:33.684 request_id=GGRUM0BxAjzdNqgAAEAE [info] [EMAIL DEBUG] Full email struct before sending
14:25:33.684 request_id=GGRUM0BxAjzdNqgAAEAE [info] [EMAIL DEBUG] Extracted recipient email
14:25:33.684 request_id=GGRUM0BxAjzdNqgAAEAE [info] [EMAIL DEBUG] Postmark configuration
14:25:33.684 request_id=GGRUM0BxAjzdNqgAAEAE [info] [EMAIL DEBUG] Email configuration
14:25:33.684 request_id=GGRUM0BxAjzdNqgAAEAE [info] [EMAIL] Attempting to send email via Postmark
14:25:33.684 request_id=GGRUM0BxAjzdNqgAAEAE [debug] Sending email with Bamboo.TestAdapter:

%Bamboo.Email{from: {"RSOLV Team", "support@rsolv.dev"}, to: [nil: "utm@example.com"], cc: [], bcc: [], subject: "Verify Your RSOLV Setup - Need Any Help?", html_body: "<!DOCTYPE html>\n<html lang=\"en\">\n<head>\n  <meta charset=\"UTF-8\">\n  <meta name=\"viewport\" content=\"width=device-width, initial-scale=1.0\">\n  <title>Verify Your RSOLV Setup</title>\n  <style>\n    @import url('https://fonts.googleapis.com/css2?family=Space+Grotesk:wght@300;400;500;700&display=swap');\n    \n    body {\n      font-family: 'Space Grotesk', -apple-system, BlinkMacSystemFont, \"Segoe UI\", Roboto, Helvetica, Arial, sans-serif;\n      line-height: 1.6;\n      color: #333;\n      max-width: 600px;\n      margin: 0 auto;\n      padding: 20px;\n      background-color: #f8f9fa;\n    }\n    .container {\n      background-color: #ffffff;\n      border-radius: 8px;\n      padding: 30px;\n      box-shadow: 0 4px 6px rgba(0, 0, 0, 0.05);\n    }\n    .logo {\n      text-align: center;\n      margin-bottom: 30px;\n    }\n    .logo img {\n      max-width: 200px;\n    }\n    h1, h2, h3 {\n      color: #10b981;\n    }\n    .checklist {\n      background-color: #f3f4f6;\n      padding: 20px;\n      border-radius: 8px;\n      margin: 20px 0;\n    }\n    .checklist-item {\n      display: flex;\n      align-items: center;\n      margin-bottom: 15px;\n    }\n    .checklist-item input[type=\"checkbox\"] {\n      margin-right: 10px;\n    }\n    .status-box {\n      background-color: #fff3cd;\n      border: 1px solid #ffeaa7;\n      padding: 15px;\n      border-radius: 8px;\n      margin: 20px 0;\n    }\n    .success-box {\n      background-color: #d4edda;\n      border: 1px solid #c3e6cb;\n      padding: 15px;\n      border-radius: 8px;\n      margin: 20px 0;\n    }\n    .code {\n      background-color: #2d3748;\n      color: #e2e8f0;\n      padding: 15px;\n      border-radius: 5px;\n      font-family: 'Courier New', monospace;\n      overflow-x: auto;\n      margin: 15px 0;\n    }\n    .cta {\n      background-color: #10b981;\n      color: white;\n      padding: 12px 24px;\n      border-radius: 5px;\n      display: inline-block;\n      text-decoration: none;\n      font-weight: bold;\n      margin: 20px 0;\n    }\n    .footer {\n      margin-top: 40px;\n      font-size: 14px;\n      color: #6b7280;\n      border-top: 1px solid #e5e7eb;\n      padding-top: 20px;\n      text-align: center;\n    }\n  </style>\n</head>\n<body>\n  <div class=\"container\">\n    <div class=\"logo\">\n      <img src=\"https://rsolv.dev/images/rsolv_logo_transparent.png\" alt=\"RSOLV Logo\">\n    </div>\n    \n    <h1>Let's Verify Your RSOLV Setup</h1>\n    \n    <p>Hi {@first_name},</p>\n    \n    <p>It's been a few days since you signed up for RSOLV. We want to make sure you're all set up and ready to benefit from automated security scanning and remediation!</p>\n    \n    <div class=\"checklist\">\n      <h3>Quick Setup Checklist:</h3>\n      <div class=\"checklist-item\">\n        <input type=\"checkbox\" disabled> Connected your repositories for security scanning\n      </div>\n      <div class=\"checklist-item\">\n        <input type=\"checkbox\" disabled> Added the GitHub Action workflow for automated fixes\n      </div>\n      <div class=\"checklist-item\">\n        <input type=\"checkbox\" disabled> Set up your RSOLV_API_KEY as a repository secret\n      </div>\n      <div class=\"checklist-item\">\n        <input type=\"checkbox\" disabled> Reviewed security issues found by RSOLV\n      </div>\n      <div class=\"checklist-item\">\n        <input type=\"checkbox\" disabled> Generated and merged your first security fix PR\n      </div>\n    </div>\n    \n    <h2>Need Help with Setup?</h2>\n    \n    <p>If you haven't completed setup yet, here's a quick reminder of the steps:</p>\n    \n    <div class=\"code\">\n# In .github/workflows/rsolv.yml:\nname: RSOLV Security Fixes\n\non:\n  issues:\n    types: [labeled]\n\njobs:\n  security-fix:\n    if: contains(github.event.issue.labels.*.name, 'rsolv:automate')\n    runs-on: ubuntu-latest\n    steps:\n      - uses: rsolv-dev/rsolv-action@v1\n        with:\n          github-token: ${\"{{ secrets.GITHUB_TOKEN }}\"}\n          rsolv-api-key: ${\"{{ secrets.RSOLV_API_KEY }}\"}\n    </div>\n    \n    <div class=\"status-box\">\n      <strong>🎁 Remember:</strong> Your first 10 fixes are completely free! No credit card required. After that, you only pay $15 per fix that gets deployed.\n   " <> ..., text_body: "Let's Verify Your RSOLV Setup\n\nHi Utm,\n\nIt's been a few days since you signed up for RSOLV. We want to make sure you're all set up and ready to automate your issue resolution!\n\nQuick Setup Checklist:\n[ ] Added the GitHub Action workflow to your repository\n[ ] Set up your RSOLV_API_KEY as a repository secret\n[ ] Tagged your first issue with \"rsolv:automate\"\n[ ] Reviewed and merged your first automated PR\n\nNeed Help with Setup?\nIf you haven't completed setup yet, visit: https://rsolv.dev/docs/getting-started\n\nRemember: Your first 10 fixes are completely free! No credit card required. After that, you only pay $15 per fix that gets deployed.\n\nCommon Questions:\n- Where do I get my API key? Check your welcome email or visit your dashboard\n- Can I use RSOLV on private repos? Yes! RSOLV works with both public and private repositories\n- What types of issues can RSOLV fix? Bug fixes, security vulnerabilities, performance issues, and more\n- How secure is it? We analyze every fix for security vulnerabilities before creating PRs\n\nPro Tip: Start with a simple issue first - something like \"Fix typo in README\" or \"Update deprecated function calls\".\n\nReady to get started? Tag an issue with \"rsolv:automate\" and watch the magic happen!\n\nIf you're stuck or have questions, just reply to this email.\n\nBest regards,\nThe RSOLV Team\n\n---\nTo unsubscribe, visit: https://rsolv.dev/unsubscribe?email=utm@example.com\n", headers: %{"X-Postmark-Tag" => "setup-verification"}, attachments: [], assigns: %{}, private: %{tag: "setup-verification"}, blocked: false}

14:25:33.685 request_id=GGRUM0BxAjzdNqgAAEAE [info] [EMAIL DEBUG] Raw Postmark response
14:25:33.685 request_id=GGRUM0BxAjzdNqgAAEAE [info] [EMAIL] Email sent successfully via Postmark
14:25:33.685 request_id=GGRUM0BxAjzdNqgAAEAE [info] Successfully sent scheduled email
14:25:33.685 request_id=GGRUM0BxAjzdNqgAAEAE [info] [EmailWorker] Insert result
14:25:33.685 request_id=GGRUM0BxAjzdNqgAAEAE [info] [EmailWorker] Schedule result
14:25:33.685 request_id=GGRUM0BxAjzdNqgAAEAE [info] [EmailWorker] Processing email config
14:25:33.685 request_id=GGRUM0BxAjzdNqgAAEAE [info] [EmailWorker] Scheduling email
14:25:33.685 request_id=GGRUM0BxAjzdNqgAAEAE [info] [EmailWorker] Creating Oban job
14:25:33.685 request_id=GGRUM0BxAjzdNqgAAEAE [info] [EmailWorker] Job created
14:25:33.685 request_id=GGRUM0BxAjzdNqgAAEAE [info] Processing scheduled email
14:25:33.685 request_id=GGRUM0BxAjzdNqgAAEAE [info] [EMAIL DEBUG] Full email struct before sending
14:25:33.685 request_id=GGRUM0BxAjzdNqgAAEAE [info] [EMAIL DEBUG] Extracted recipient email
14:25:33.685 request_id=GGRUM0BxAjzdNqgAAEAE [info] [EMAIL DEBUG] Postmark configuration
14:25:33.685 request_id=GGRUM0BxAjzdNqgAAEAE [info] [EMAIL DEBUG] Email configuration
14:25:33.685 request_id=GGRUM0BxAjzdNqgAAEAE [info] [EMAIL] Attempting to send email via Postmark
14:25:33.685 request_id=GGRUM0BxAjzdNqgAAEAE [debug] Sending email with Bamboo.TestAdapter:

%Bamboo.Email{from: {"RSOLV Team", "support@rsolv.dev"}, to: [nil: "utm@example.com"], cc: [], bcc: [], subject: "Advanced RSOLV Features You Might Have Missed", html_body: "<!DOCTYPE html>\n<html lang=\"en\">\n<head>\n  <meta charset=\"UTF-8\">\n  <meta name=\"viewport\" content=\"width=device-width, initial-scale=1.0\">\n  <title>Advanced RSOLV Features</title>\n  <style>\n    @import url('https://fonts.googleapis.com/css2?family=Space+Grotesk:wght@300;400;500;700&display=swap');\n    \n    body {\n      font-family: 'Space Grotesk', -apple-system, BlinkMacSystemFont, \"Segoe UI\", Roboto, Helvetica, Arial, sans-serif;\n      line-height: 1.6;\n      color: #333;\n      max-width: 600px;\n      margin: 0 auto;\n      padding: 20px;\n      background-color: #f8f9fa;\n    }\n    .container {\n      background-color: #ffffff;\n      border-radius: 8px;\n      padding: 30px;\n      box-shadow: 0 4px 6px rgba(0, 0, 0, 0.05);\n    }\n    .logo {\n      text-align: center;\n      margin-bottom: 30px;\n    }\n    .logo img {\n      max-width: 200px;\n    }\n    h1, h2, h3 {\n      color: #10b981;\n    }\n    .feature-card {\n      background-color: #f3f4f6;\n      padding: 20px;\n      border-radius: 8px;\n      margin-bottom: 20px;\n      border-left: 4px solid #10b981;\n    }\n    .feature-card h3 {\n      margin-top: 0;\n    }\n    .code {\n      background-color: #2d3748;\n      color: #e2e8f0;\n      padding: 15px;\n      border-radius: 5px;\n      font-family: 'Courier New', monospace;\n      overflow-x: auto;\n      margin: 15px 0;\n      font-size: 14px;\n    }\n    .pro-tip {\n      background-color: #fff3cd;\n      border: 1px solid #ffeaa7;\n      padding: 15px;\n      border-radius: 8px;\n      margin: 20px 0;\n    }\n    .security-highlight {\n      background-color: #d4edda;\n      border: 1px solid #c3e6cb;\n      padding: 15px;\n      border-radius: 8px;\n      margin: 20px 0;\n    }\n    .cta {\n      background-color: #10b981;\n      color: white;\n      padding: 12px 24px;\n      border-radius: 5px;\n      display: inline-block;\n      text-decoration: none;\n      font-weight: bold;\n      margin: 20px 0;\n    }\n    .footer {\n      margin-top: 40px;\n      font-size: 14px;\n      color: #6b7280;\n      border-top: 1px solid #e5e7eb;\n      padding-top: 20px;\n      text-align: center;\n    }\n  </style>\n</head>\n<body>\n  <div class=\"container\">\n    <div class=\"logo\">\n      <img src=\"https://rsolv.dev/images/rsolv_logo_transparent.png\" alt=\"RSOLV Logo\">\n    </div>\n    \n    <h1>Unlock the Full Power of RSOLV</h1>\n    \n    <p>Hi {@first_name},</p>\n    \n    <p>You've been using RSOLV for a few days now. Here are some advanced features and techniques that can help you get even more value from automated security scanning and vulnerability remediation:</p>\n    \n    <div class=\"feature-card\">\n      <h3>🎯 Understanding RSOLV's Proactive Scanning</h3>\n      <p>RSOLV continuously scans your repositories for security vulnerabilities and automatically creates issues with detailed remediation plans:</p>\n      <ul>\n        <li><strong>Automated detection:</strong> Scans all files for 180+ vulnerability patterns (and growing)</li>\n        <li><strong>Smart grouping:</strong> Groups similar issues for efficient review</li>\n        <li><strong>Detailed reports:</strong> Shows exact file locations and vulnerable code</li>\n        <li><strong>Fix generation:</strong> Creates secure PRs that address root causes</li>\n      </ul>\n    </div>\n    \n    <div class=\"feature-card\">\n      <h3>🔒 Comprehensive Security Coverage</h3>\n      <p>RSOLV proactively detects and fixes these vulnerability types across your codebase:</p>\n      <ul>\n        <li>SQL/NoSQL injection vulnerabilities</li>\n        <li>Cross-site scripting (XSS) risks</li>\n        <li>Authentication/authorization flaws</li>\n        <li>Insecure cryptographic implementations</li>\n        <li>Hardcoded secrets and API keys</li>\n        <li>Path traversal and open redirects</li>\n        <li>Insecure dependencies and configurations</li>\n      </ul>\n      <p>Each PR includes a detailed security impact assessment and verification tests.</p>\n    </div>\n    \n    <div class=\"security-highlight\">\n      <strong>🛡️ Security Example:</strong> When RSOLV detects unsafe user input handling, it automatically generates fixes with proper sanitization, p" <> ..., text_body: "Unlock the Full Power of RSOLV\n\nHi Utm,\n\nYou've been using RSOLV for a few days now. Here are some advanced features and techniques:\n\n1. Writing Better Issues for Better Fixes:\n   - Include error messages: Copy the full stack trace\n   - Specify the file/function: \"Fix pagination in UserList.js\"\n   - Describe expected behavior: \"Should show 10 users per page\"\n   - Add context: \"This broke after upgrading to React 18\"\n\n2. Security-First Fixes:\n   RSOLV automatically scans for:\n   - SQL injection vulnerabilities\n   - Cross-site scripting (XSS) risks\n   - Authentication/authorization issues\n   - Insecure dependencies\n   - Hardcoded secrets or API keys\n\n3. Batch Processing:\n   Tag multiple issues with \"rsolv:automate\" and RSOLV creates separate PRs for each.\n\n4. Customizing RSOLV Behavior:\n   Add these tags to your issues:\n   - [performance] - Optimize for speed\n   - [security] - Extra security focus\n   - [minimal] - Smallest possible change\n   - [refactor] - Clean up while fixing\n\nComing Soon:\n- Support for more languages (Go, Rust, PHP)\n- Custom fix preferences per repository\n- Team collaboration features\n- Integration with more platforms\n\nHave a feature request? Just reply to this email!\n\nView advanced documentation: https://rsolv.dev/docs/advanced\n\nBest regards,\nThe RSOLV Team\n\n---\nTo unsubscribe, visit: https://rsolv.dev/unsubscribe?email=utm@example.com\n", headers: %{"X-Postmark-Tag" => "feature-deep-dive"}, attachments: [], assigns: %{}, private: %{tag: "feature-deep-dive"}, blocked: false}

14:25:33.685 request_id=GGRUM0BxAjzdNqgAAEAE [info] [EMAIL DEBUG] Raw Postmark response
14:25:33.685 request_id=GGRUM0BxAjzdNqgAAEAE [info] [EMAIL] Email sent successfully via Postmark
14:25:33.685 request_id=GGRUM0BxAjzdNqgAAEAE [info] Successfully sent scheduled email
14:25:33.685 request_id=GGRUM0BxAjzdNqgAAEAE [info] [EmailWorker] Insert result
14:25:33.685 request_id=GGRUM0BxAjzdNqgAAEAE [info] [EmailWorker] Schedule result
14:25:33.685 request_id=GGRUM0BxAjzdNqgAAEAE [info] [EmailWorker] Processing email config
14:25:33.685 request_id=GGRUM0BxAjzdNqgAAEAE [info] [EmailWorker] Scheduling email
14:25:33.685 request_id=GGRUM0BxAjzdNqgAAEAE [info] [EmailWorker] Creating Oban job
14:25:33.685 request_id=GGRUM0BxAjzdNqgAAEAE [info] [EmailWorker] Job created
14:25:33.685 request_id=GGRUM0BxAjzdNqgAAEAE [info] Processing scheduled email
14:25:33.686 request_id=GGRUM0BxAjzdNqgAAEAE [info] [EMAIL DEBUG] Full email struct before sending
14:25:33.686 request_id=GGRUM0BxAjzdNqgAAEAE [info] [EMAIL DEBUG] Extracted recipient email
14:25:33.686 request_id=GGRUM0BxAjzdNqgAAEAE [info] [EMAIL DEBUG] Postmark configuration
14:25:33.686 request_id=GGRUM0BxAjzdNqgAAEAE [info] [EMAIL DEBUG] Email configuration
14:25:33.686 request_id=GGRUM0BxAjzdNqgAAEAE [info] [EMAIL] Attempting to send email via Postmark
14:25:33.686 request_id=GGRUM0BxAjzdNqgAAEAE [debug] Sending email with Bamboo.TestAdapter:

%Bamboo.Email{from: {"RSOLV Team", "support@rsolv.dev"}, to: [nil: "utm@example.com"], cc: [], bcc: [], subject: "How's Your Experience with RSOLV?", html_body: "<!DOCTYPE html>\n<html lang=\"en\">\n<head>\n  <meta charset=\"UTF-8\">\n  <meta name=\"viewport\" content=\"width=device-width, initial-scale=1.0\">\n  <title>How's Your RSOLV Experience?</title>\n  <style>\n    @import url('https://fonts.googleapis.com/css2?family=Space+Grotesk:wght@300;400;500;700&display=swap');\n    \n    body {\n      font-family: 'Space Grotesk', -apple-system, BlinkMacSystemFont, \"Segoe UI\", Roboto, Helvetica, Arial, sans-serif;\n      line-height: 1.6;\n      color: #333;\n      max-width: 600px;\n      margin: 0 auto;\n      padding: 20px;\n      background-color: #f8f9fa;\n    }\n    .container {\n      background-color: #ffffff;\n      border-radius: 8px;\n      padding: 30px;\n      box-shadow: 0 4px 6px rgba(0, 0, 0, 0.05);\n    }\n    .logo {\n      text-align: center;\n      margin-bottom: 30px;\n    }\n    .logo img {\n      max-width: 200px;\n    }\n    h1, h2, h3 {\n      color: #10b981;\n    }\n    .survey-card {\n      background-color: #f3f4f6;\n      padding: 20px;\n      border-radius: 8px;\n      margin: 20px 0;\n      text-align: center;\n    }\n    .rating-container {\n      display: flex;\n      justify-content: center;\n      gap: 10px;\n      margin: 20px 0;\n    }\n    .rating-box {\n      width: 40px;\n      height: 40px;\n      border: 2px solid #10b981;\n      border-radius: 8px;\n      display: flex;\n      align-items: center;\n      justify-content: center;\n      text-decoration: none;\n      color: #10b981;\n      font-weight: bold;\n      transition: all 0.3s ease;\n    }\n    .rating-box:hover {\n      background-color: #10b981;\n      color: white;\n    }\n    .question-box {\n      background-color: #f9fafb;\n      padding: 20px;\n      border-radius: 8px;\n      margin: 20px 0;\n      border-left: 4px solid #10b981;\n    }\n    .success-story {\n      background-color: #d4edda;\n      border: 1px solid #c3e6cb;\n      padding: 15px;\n      border-radius: 8px;\n      margin: 20px 0;\n    }\n    .cta {\n      background-color: #10b981;\n      color: white;\n      padding: 12px 24px;\n      border-radius: 5px;\n      display: inline-block;\n      text-decoration: none;\n      font-weight: bold;\n      margin: 20px 0;\n    }\n    .cta-secondary {\n      background-color: #6b7280;\n      color: white;\n      padding: 12px 24px;\n      border-radius: 5px;\n      display: inline-block;\n      text-decoration: none;\n      font-weight: bold;\n      margin: 20px 0;\n    }\n    .footer {\n      margin-top: 40px;\n      font-size: 14px;\n      color: #6b7280;\n      border-top: 1px solid #e5e7eb;\n      padding-top: 20px;\n      text-align: center;\n    }\n  </style>\n</head>\n<body>\n  <div class=\"container\">\n    <div class=\"logo\">\n      <img src=\"https://rsolv.dev/images/rsolv_logo_transparent.png\" alt=\"RSOLV Logo\">\n    </div>\n    \n    <h1>Quick Check-In: How's RSOLV Working for You?</h1>\n    \n    <p>Hi {@first_name},</p>\n    \n    <p>You've been using RSOLV for a week now, and we'd love to hear about your experience! Your feedback helps us make RSOLV better for everyone.</p>\n    \n    <div class=\"survey-card\">\n      <h3>How likely are you to recommend RSOLV to a colleague?</h3>\n      <p>Click a number below:</p>\n      <div class=\"rating-container\">\n        <a href=\"https://rsolv.dev/feedback?rating=1&email={@email}\" class=\"rating-box\">1</a>\n        <a href=\"https://rsolv.dev/feedback?rating=2&email={@email}\" class=\"rating-box\">2</a>\n        <a href=\"https://rsolv.dev/feedback?rating=3&email={@email}\" class=\"rating-box\">3</a>\n        <a href=\"https://rsolv.dev/feedback?rating=4&email={@email}\" class=\"rating-box\">4</a>\n        <a href=\"https://rsolv.dev/feedback?rating=5&email={@email}\" class=\"rating-box\">5</a>\n        <a href=\"https://rsolv.dev/feedback?rating=6&email={@email}\" class=\"rating-box\">6</a>\n        <a href=\"https://rsolv.dev/feedback?rating=7&email={@email}\" class=\"rating-box\">7</a>\n        <a href=\"https://rsolv.dev/feedback?rating=8&email={@email}\" class=\"rating-box\">8</a>\n        <a href=\"https://rsolv.dev/feedback?rating=9&email={@email}\" class=\"rating-box\">9</a>\n        <a href=\"https://rsolv.dev/feedback?rating=10&email={@email}\" class=\"rating-box\">10</a>\n      </div>\n" <> ..., text_body: "Quick Check-In: How's RSOLV Working for You?\n\nHi Utm,\n\nYou've been using RSOLV for a week now, and we'd love to hear about your experience!\n\nHow likely are you to recommend RSOLV to a colleague?\nRate us from 1-10: https://rsolv.dev/feedback?email=utm@example.com\n\nThree Quick Questions:\n1. What's been your favorite RSOLV fix so far?\n2. What feature would you like to see next?\n3. Any challenges or friction points?\n\nJust hit reply and share your thoughts - we read every response!\n\nDid You Know?\nHere are some ways other teams are using RSOLV:\n- Security audits: Tag all security-related issues for automated fixes\n- Tech debt cleanup: Fix deprecated function calls across the codebase\n- Onboarding tool: Let new devs see how fixes should be implemented\n- Weekend warrior: Queue up fixes on Friday, review on Monday\n\nThanks for being an early adopter!\n\nBest regards,\nDylan & The RSOLV Team\n\nP.S. If RSOLV has saved you time this week, we'd love to hear about it!\n\n---\nTo unsubscribe, visit: https://rsolv.dev/unsubscribe?email=utm@example.com\n", headers: %{"X-Postmark-Tag" => "feedback-request"}, attachments: [], assigns: %{}, private: %{tag: "feedback-request"}, blocked: false}

14:25:33.686 request_id=GGRUM0BxAjzdNqgAAEAE [info] [EMAIL DEBUG] Raw Postmark response
14:25:33.686 request_id=GGRUM0BxAjzdNqgAAEAE [info] [EMAIL] Email sent successfully via Postmark
14:25:33.686 request_id=GGRUM0BxAjzdNqgAAEAE [info] Successfully sent scheduled email
14:25:33.686 request_id=GGRUM0BxAjzdNqgAAEAE [info] [EmailWorker] Insert result
14:25:33.686 request_id=GGRUM0BxAjzdNqgAAEAE [info] [EmailWorker] Schedule result
14:25:33.686 request_id=GGRUM0BxAjzdNqgAAEAE [info] [EmailWorker] Processing email config
14:25:33.686 request_id=GGRUM0BxAjzdNqgAAEAE [info] [EmailWorker] Scheduling email
14:25:33.686 request_id=GGRUM0BxAjzdNqgAAEAE [info] [EmailWorker] Creating Oban job
14:25:33.686 request_id=GGRUM0BxAjzdNqgAAEAE [info] [EmailWorker] Job created
14:25:33.686 request_id=GGRUM0BxAjzdNqgAAEAE [info] Processing scheduled email
14:25:33.686 request_id=GGRUM0BxAjzdNqgAAEAE [info] [EMAIL DEBUG] Full email struct before sending
14:25:33.686 request_id=GGRUM0BxAjzdNqgAAEAE [info] [EMAIL DEBUG] Extracted recipient email
14:25:33.686 request_id=GGRUM0BxAjzdNqgAAEAE [info] [EMAIL DEBUG] Postmark configuration
14:25:33.686 request_id=GGRUM0BxAjzdNqgAAEAE [info] [EMAIL DEBUG] Email configuration
14:25:33.686 request_id=GGRUM0BxAjzdNqgAAEAE [info] [EMAIL] Attempting to send email via Postmark
14:25:33.686 request_id=GGRUM0BxAjzdNqgAAEAE [debug] Sending email with Bamboo.TestAdapter:

%Bamboo.Email{from: {"RSOLV Team", "support@rsolv.dev"}, to: [nil: "utm@example.com"], cc: [], bcc: [], subject: "Your RSOLV Success Report", html_body: "<!DOCTYPE html>\n<html lang=\"en\">\n<head>\n  <meta charset=\"UTF-8\">\n  <meta name=\"viewport\" content=\"width=device-width, initial-scale=1.0\">\n  <title>Your RSOLV Success Report</title>\n  <style>\n    @import url('https://fonts.googleapis.com/css2?family=Space+Grotesk:wght@300;400;500;700&display=swap');\n    \n    body {\n      font-family: 'Space Grotesk', -apple-system, BlinkMacSystemFont, \"Segoe UI\", Roboto, Helvetica, Arial, sans-serif;\n      line-height: 1.6;\n      color: #333;\n      max-width: 600px;\n      margin: 0 auto;\n      padding: 20px;\n      background-color: #f8f9fa;\n    }\n    .container {\n      background-color: #ffffff;\n      border-radius: 8px;\n      padding: 30px;\n      box-shadow: 0 4px 6px rgba(0, 0, 0, 0.05);\n    }\n    .logo {\n      text-align: center;\n      margin-bottom: 30px;\n    }\n    .logo img {\n      max-width: 200px;\n    }\n    h1, h2, h3 {\n      color: #10b981;\n    }\n    .stats-grid {\n      display: grid;\n      grid-template-columns: 1fr 1fr;\n      gap: 20px;\n      margin: 30px 0;\n    }\n    .stat-card {\n      background-color: #f3f4f6;\n      padding: 20px;\n      border-radius: 8px;\n      text-align: center;\n      border-top: 4px solid #10b981;\n    }\n    .stat-number {\n      font-size: 36px;\n      font-weight: bold;\n      color: #10b981;\n      margin: 10px 0;\n    }\n    .stat-label {\n      color: #6b7280;\n      font-size: 14px;\n    }\n    .achievement-banner {\n      background: linear-gradient(135deg, #10b981 0%, #059669 100%);\n      color: white;\n      padding: 20px;\n      border-radius: 8px;\n      text-align: center;\n      margin: 20px 0;\n    }\n    .timeline {\n      margin: 30px 0;\n    }\n    .timeline-item {\n      display: flex;\n      margin-bottom: 20px;\n      align-items: flex-start;\n    }\n    .timeline-marker {\n      width: 40px;\n      height: 40px;\n      background-color: #10b981;\n      color: white;\n      border-radius: 50%;\n      display: flex;\n      align-items: center;\n      justify-content: center;\n      flex-shrink: 0;\n      margin-right: 15px;\n    }\n    .timeline-content {\n      flex-grow: 1;\n    }\n    .pricing-highlight {\n      background-color: #fff3cd;\n      border: 1px solid #ffeaa7;\n      padding: 20px;\n      border-radius: 8px;\n      margin: 20px 0;\n      text-align: center;\n    }\n    .cta {\n      background-color: #10b981;\n      color: white;\n      padding: 12px 24px;\n      border-radius: 5px;\n      display: inline-block;\n      text-decoration: none;\n      font-weight: bold;\n      margin: 20px 0;\n    }\n    .cta-secondary {\n      background-color: #2563eb;\n      color: white;\n      padding: 12px 24px;\n      border-radius: 5px;\n      display: inline-block;\n      text-decoration: none;\n      font-weight: bold;\n      margin: 20px 0;\n    }\n    .footer {\n      margin-top: 40px;\n      font-size: 14px;\n      color: #6b7280;\n      border-top: 1px solid #e5e7eb;\n      padding-top: 20px;\n      text-align: center;\n    }\n    @media (max-width: 600px) {\n      .stats-grid {\n        grid-template-columns: 1fr;\n      }\n    }\n  </style>\n</head>\n<body>\n  <div class=\"container\">\n    <div class=\"logo\">\n      <img src=\"https://rsolv.dev/images/rsolv_logo_transparent.png\" alt=\"RSOLV Logo\">\n    </div>\n    \n    <h1>Your 2-Week RSOLV Success Report 🎉</h1>\n    \n    <p>Hi {@first_name},</p>\n    \n    <p>Congratulations! You've been using RSOLV for two weeks. Here's a snapshot of what we've accomplished together:</p>\n    \n    <div class=\"stats-grid\">\n      <div class=\"stat-card\">\n        <div class=\"stat-label\">Issues Fixed</div>\n        <div class=\"stat-number\">{Map.get(@usage_stats || %{}, :issues_fixed, 0)}</div>\n      </div>\n      <div class=\"stat-card\">\n        <div class=\"stat-label\">PRs Created</div>\n        <div class=\"stat-number\">{Map.get(@usage_stats || %{}, :prs_created, 0)}</div>\n      </div>\n      <div class=\"stat-card\">\n        <div class=\"stat-label\">Time Saved</div>\n        <div class=\"stat-number\">{Map.get(@usage_stats || %{}, :time_saved, \"0 hrs\")}</div>\n      </div>\n      <div class=\"stat-card\">\n        <div class=\"stat-label\">Security Issues Found</div>\n        <div class=\"stat-number\">{Map.ge" <> ..., text_body: "Your 2-Week RSOLV Success Report\n\nHi Utm,\n\nCongratulations! You've been using RSOLV for two weeks. Here's what we've accomplished together:\n\nYour Stats:\n- Issues Fixed: Check your dashboard\n- PRs Created: Check your dashboard\n- Time Saved: Check your dashboard\n- Security Issues Found: Check your dashboard\n\nYour Trial Status:\nCheck how many free fixes you have remaining at: https://rsolv.dev/dashboard\n\nWhat's Next?\n- Expand to more repositories\n- Automate security audits\n- Clean up tech debt\n- Train your team\n\nNeed Help Scaling Up?\nI'd love to help you get even more value from RSOLV:\n- Schedule a 15-minute optimization call\n- Get best practices for your specific tech stack\n- Learn about volume discounts for teams\n\nJust reply to this email and let me know how I can help!\n\nThanks for being part of the RSOLV community.\n\nBest regards,\nDylan Fitzgerald\nFounder, RSOLV\n\nP.S. If RSOLV has been valuable to your team, I'd be grateful if you could share a quick testimonial.\n\n---\nTo unsubscribe, visit: https://rsolv.dev/unsubscribe?email=utm@example.com\n", headers: %{"X-Postmark-Tag" => "success-checkin"}, attachments: [], assigns: %{}, private: %{tag: "success-checkin"}, blocked: false}

14:25:33.686 request_id=GGRUM0BxAjzdNqgAAEAE [info] [EMAIL DEBUG] Raw Postmark response
14:25:33.686 request_id=GGRUM0BxAjzdNqgAAEAE [info] [EMAIL] Email sent successfully via Postmark
14:25:33.686 request_id=GGRUM0BxAjzdNqgAAEAE [info] Successfully sent scheduled email
14:25:33.686 request_id=GGRUM0BxAjzdNqgAAEAE [info] [EmailWorker] Insert result
14:25:33.686 request_id=GGRUM0BxAjzdNqgAAEAE [info] [EmailWorker] Schedule result
14:25:33.687 request_id=GGRUM0BxAjzdNqgAAEAE [info] [PAGE CONTROLLER] EmailSequence.start_early_access_onboarding_sequence returned
14:25:33.687 request_id=GGRUM0BxAjzdNqgAAEAE [debug] Sending email with Bamboo.TestAdapter:

%Bamboo.Email{from: {"RSOLV Team", "support@rsolv.dev"}, to: [nil: "admin@rsolv.dev"], cc: [], bcc: [], subject: "🎉 New RSOLV Signup: utm@example.com", html_body: "<!DOCTYPE html>\n<html>\n<head>\n  <meta charset=\"utf-8\">\n  <style>\n    body { font-family: -apple-system, BlinkMacSystemFont, 'Segoe UI', Roboto, sans-serif; line-height: 1.6; color: #333; }\n    .container { max-width: 600px; margin: 0 auto; padding: 20px; }\n    .header { background: #10b981; color: white; padding: 20px; border-radius: 8px 8px 0 0; }\n    .content { background: #f9fafb; padding: 20px; border: 1px solid #e5e7eb; border-radius: 0 0 8px 8px; }\n    .metric { display: inline-block; margin: 10px 20px 10px 0; }\n    .metric-label { font-size: 12px; color: #6b7280; text-transform: uppercase; }\n    .metric-value { font-size: 18px; font-weight: bold; color: #111827; }\n    .details { background: white; padding: 15px; border-radius: 4px; margin: 15px 0; }\n    .detail-row { display: flex; justify-content: space-between; padding: 8px 0; border-bottom: 1px solid #f3f4f6; }\n    .detail-row:last-child { border-bottom: none; }\n    .detail-label { font-weight: 500; color: #6b7280; }\n    .detail-value { color: #111827; }\n    .utm-badge { display: inline-block; background: #dbeafe; color: #1e40af; padding: 2px 8px; border-radius: 4px; font-size: 12px; margin-left: 4px; }\n  </style>\n</head>\n<body>\n  <div class=\"container\">\n    <div class=\"header\">\n      <h1 style=\"margin: 0; font-size: 24px;\">🎉 New RSOLV Signup!</h1>\n      <p style=\"margin: 5px 0 0 0; opacity: 0.9;\">September 11, 2025 at 08:25 PM UTC</p>\n    </div>\n    \n    <div class=\"content\">\n      <div class=\"metric\">\n        <div class=\"metric-label\">Email</div>\n        <div class=\"metric-value\">utm@example.com</div>\n      </div>\n      \n      \n      \n      <div class=\"details\">\n        <h3 style=\"margin-top: 0;\">Signup Details</h3>\n        \n        <div class=\"detail-row\">\n          <span class=\"detail-label\">Source</span>\n          <span class=\"detail-value\">\n            landing_page\n            <span class=\"utm-badge\">hackernews</span>\n          </span>\n        </div>\n        \n        <div class=\"detail-row\">\n                <span class=\"detail-label\">Medium</span>\n                <span class=\"detail-value\">forum</span>\n              </div>\n        \n        <div class=\"detail-row\">\n                <span class=\"detail-label\">Campaign</span>\n                <span class=\"detail-value\">beta_launch</span>\n              </div>\n        \n        <div class=\"detail-row\">\n                <span class=\"detail-label\">Referrer</span>\n                <span class=\"detail-value\">https://twitter.com/some_post</span>\n              </div>\n      </div>\n      \n      <div style=\"margin-top: 20px; text-align: center;\">\n        <a href=\"https://rsolv.dev/live/dashboard\" style=\"display: inline-block; background: #10b981; color: white; padding: 10px 20px; text-decoration: none; border-radius: 4px;\">\n          View Dashboard\n        </a>\n      </div>\n    </div>\n  </div>\n</body>\n</html>\n", text_body: "🎉 New RSOLV Signup!\n\nEmail: utm@example.com\n\nTime: September 11, 2025 at 08:25 PM UTC\n\nSource Details:\n- Source: landing_page\n- UTM Source: hackernews\n\n- UTM Medium: forum\n\n- UTM Campaign: beta_launch\n\n- Referrer: https://twitter.com/some_post\n\n\nView full dashboard: https://rsolv.dev/live/dashboard\n", headers: %{"Message-ID" => "<1757622333.711409@rsolv.dev>", "X-Postmark-Tag" => "admin-notification", "X-Priority" => "1"}, attachments: [], assigns: %{}, private: %{tag: "admin-notification"}, blocked: false}

14:25:33.687 request_id=GGRUM0BxAjzdNqgAAEAE [info] Admin notification sent for new signup
14:25:33.687 request_id=GGRUM0BxAjzdNqgAAEAE [info] Sent 302 in 4ms
.14:25:33.764 [debug] Parser response received
14:25:33.764 [info] AnalysisService: Loaded 30 patterns for javascript
14:25:33.766 [info] AnalysisService: Found 8 matches
14:25:33.766 [debug] Match confidence: 0.6000000000000001, min_confidence: 0.6, match: %{type: "js-xss-innerhtml", context: %{node_type: "AssignmentExpression", depth: 5, parent_type: "ExpressionStatement", in_function: "displayMessage"}, location: %{depth: 5, end_column: 57, end_line: 2, start_line: 2, start_column: 2}, severity: "high", pattern_id: "js-xss-innerhtml", pattern_name: "Cross-Site Scripting (XSS) via innerHTML", recommendation: "Review this code for potential security issues", confidence: 0.6000000000000001, pattern_type: :xss, min_confidence: 0.6}
14:25:33.766 [debug] Match confidence: 0.6, min_confidence: 0.7, match: %{type: "js-xss-jquery-html", context: %{node_type: "CallExpression", depth: 7, parent_type: "MemberExpression", in_function: "displayMessage"}, location: %{depth: 7, end_column: 35, end_line: 2, start_line: 2, start_column: 2}, severity: "high", pattern_id: "js-xss-jquery-html", pattern_name: "XSS via jQuery html()", recommendation: "Review this code for potential security issues", confidence: 0.6, pattern_type: :xss, min_confidence: 0.7}
14:25:33.766 [debug] Match confidence: 0.5, min_confidence: 0.7, match: %{type: "js-prototype-pollution", context: %{node_type: "AssignmentExpression", depth: 5, parent_type: "ExpressionStatement", in_function: "displayMessage"}, location: %{depth: 5, end_column: 57, end_line: 2, start_line: 2, start_column: 2}, severity: "medium", pattern_id: "js-prototype-pollution", pattern_name: "Prototype Pollution", recommendation: "Review this code for potential security issues", confidence: 0.5, pattern_type: :deserialization, min_confidence: 0.7}
14:25:33.766 [debug] Match confidence: 0.3, min_confidence: 0.7, match: %{type: "js-nosql-injection", context: %{node_type: "CallExpression", depth: 7, parent_type: "MemberExpression", in_function: "displayMessage"}, location: %{depth: 7, end_column: 35, end_line: 2, start_line: 2, start_column: 2}, severity: "high", pattern_id: "js-nosql-injection", pattern_name: "NoSQL Injection", recommendation: "Review this code for potential security issues", confidence: 0.3, pattern_type: :nosql_injection, min_confidence: 0.7}
14:25:33.766 [debug] Match confidence: 0.3, min_confidence: 0.8, match: %{type: "js-ldap-injection", context: %{node_type: "CallExpression", depth: 7, parent_type: "MemberExpression", in_function: "displayMessage"}, location: %{depth: 7, end_column: 35, end_line: 2, start_line: 2, start_column: 2}, severity: "high", pattern_id: "js-ldap-injection", pattern_name: "LDAP Injection", recommendation: "Review this code for potential security issues", confidence: 0.3, pattern_type: :ldap_injection, min_confidence: 0.8}
14:25:33.766 [debug] Match confidence: 0.3, min_confidence: 0.8, match: %{type: "js-xpath-injection", context: %{node_type: "CallExpression", depth: 7, parent_type: "MemberExpression", in_function: "displayMessage"}, location: %{depth: 7, end_column: 35, end_line: 2, start_line: 2, start_column: 2}, severity: "high", pattern_id: "js-xpath-injection", pattern_name: "XPath Injection", recommendation: "Review this code for potential security issues", confidence: 0.3, pattern_type: :xpath_injection, min_confidence: 0.8}
14:25:33.766 [debug] Match confidence: 0.3, min_confidence: 0.7, match: %{type: "js-ssrf", context: %{node_type: "CallExpression", depth: 7, parent_type: "MemberExpression", in_function: "displayMessage"}, location: %{depth: 7, end_column: 35, end_line: 2, start_line: 2, start_column: 2}, severity: "medium", pattern_id: "js-ssrf", pattern_name: "Server-Side Request Forgery (SSRF)", recommendation: "Review this code for potential security issues", confidence: 0.3, pattern_type: :ssrf, min_confidence: 0.7}
14:25:33.766 [debug] Match confidence: 0.7, min_confidence: 0.8, match: %{type: "js-insecure-deserialization", context: %{node_type: "CallExpression", depth: 7, parent_type: "MemberExpression", in_function: "displayMessage"}, location: %{depth: 7, end_column: 35, end_line: 2, start_line: 2, start_column: 2}, severity: "medium", pattern_id: "js-insecure-deserialization", pattern_name: "Insecure Deserialization", recommendation: "Review this code for potential security issues", confidence: 0.7, pattern_type: :deserialization, min_confidence: 0.8}
14:25:33.848 [debug] Parser response received
14:25:33.849 [info] AnalysisService: Loaded 30 patterns for javascript
14:25:33.850 [info] AnalysisService: Found 7 matches
14:25:33.850 [debug] Match confidence: 0.6, min_confidence: 0.7, match: %{type: "js-xss-jquery-html", context: %{node_type: "CallExpression", depth: 7, parent_type: "MemberExpression", in_function: "displayMessage"}, location: %{depth: 7, end_column: 35, end_line: 2, start_line: 2, start_column: 2}, severity: "high", pattern_id: "js-xss-jquery-html", pattern_name: "XSS via jQuery html()", recommendation: "Review this code for potential security issues", confidence: 0.6, pattern_type: :xss, min_confidence: 0.7}
14:25:33.850 [debug] Match confidence: 0.5, min_confidence: 0.7, match: %{type: "js-prototype-pollution", context: %{node_type: "AssignmentExpression", depth: 5, parent_type: "ExpressionStatement", in_function: "displayMessage"}, location: %{depth: 5, end_column: 59, end_line: 2, start_line: 2, start_column: 2}, severity: "medium", pattern_id: "js-prototype-pollution", pattern_name: "Prototype Pollution", recommendation: "Review this code for potential security issues", confidence: 0.5, pattern_type: :deserialization, min_confidence: 0.7}
14:25:33.850 [debug] Match confidence: 0.3, min_confidence: 0.7, match: %{type: "js-nosql-injection", context: %{node_type: "CallExpression", depth: 7, parent_type: "MemberExpression", in_function: "displayMessage"}, location: %{depth: 7, end_column: 35, end_line: 2, start_line: 2, start_column: 2}, severity: "high", pattern_id: "js-nosql-injection", pattern_name: "NoSQL Injection", recommendation: "Review this code for potential security issues", confidence: 0.3, pattern_type: :nosql_injection, min_confidence: 0.7}
14:25:33.850 [debug] Match confidence: 0.3, min_confidence: 0.8, match: %{type: "js-ldap-injection", context: %{node_type: "CallExpression", depth: 7, parent_type: "MemberExpression", in_function: "displayMessage"}, location: %{depth: 7, end_column: 35, end_line: 2, start_line: 2, start_column: 2}, severity: "high", pattern_id: "js-ldap-injection", pattern_name: "LDAP Injection", recommendation: "Review this code for potential security issues", confidence: 0.3, pattern_type: :ldap_injection, min_confidence: 0.8}
14:25:33.850 [debug] Match confidence: 0.3, min_confidence: 0.8, match: %{type: "js-xpath-injection", context: %{node_type: "CallExpression", depth: 7, parent_type: "MemberExpression", in_function: "displayMessage"}, location: %{depth: 7, end_column: 35, end_line: 2, start_line: 2, start_column: 2}, severity: "high", pattern_id: "js-xpath-injection", pattern_name: "XPath Injection", recommendation: "Review this code for potential security issues", confidence: 0.3, pattern_type: :xpath_injection, min_confidence: 0.8}
14:25:33.850 [debug] Match confidence: 0.3, min_confidence: 0.7, match: %{type: "js-ssrf", context: %{node_type: "CallExpression", depth: 7, parent_type: "MemberExpression", in_function: "displayMessage"}, location: %{depth: 7, end_column: 35, end_line: 2, start_line: 2, start_column: 2}, severity: "medium", pattern_id: "js-ssrf", pattern_name: "Server-Side Request Forgery (SSRF)", recommendation: "Review this code for potential security issues", confidence: 0.3, pattern_type: :ssrf, min_confidence: 0.7}
14:25:33.850 [debug] Match confidence: 0.7, min_confidence: 0.8, match: %{type: "js-insecure-deserialization", context: %{node_type: "CallExpression", depth: 7, parent_type: "MemberExpression", in_function: "displayMessage"}, location: %{depth: 7, end_column: 35, end_line: 2, start_line: 2, start_column: 2}, severity: "medium", pattern_id: "js-insecure-deserialization", pattern_name: "Insecure Deserialization", recommendation: "Review this code for potential security issues", confidence: 0.7, pattern_type: :deserialization, min_confidence: 0.8}
..14:25:33.928 [debug] Parser response received
14:25:33.929 [info] AnalysisService: Loaded 30 patterns for javascript
14:25:33.932 [info] AnalysisService: Found 19 matches
14:25:33.932 [debug] Match confidence: 0.6, min_confidence: 0.7, match: %{type: "js-xss-jquery-html", context: %{node_type: "CallExpression", depth: 7, parent_type: "ExpressionStatement", in_function: "complexFunction1"}, location: %{depth: 7, end_column: 32, end_line: 4, start_line: 4, start_column: 4}, severity: "high", pattern_id: "js-xss-jquery-html", pattern_name: "XSS via jQuery html()", recommendation: "Review this code for potential security issues", confidence: 0.6, pattern_type: :xss, min_confidence: 0.7}
14:25:33.932 [debug] Match confidence: 0.6, min_confidence: 0.7, match: %{type: "js-xss-jquery-html", context: %{node_type: "CallExpression", depth: 9, parent_type: "BinaryExpression", in_function: "complexFunction1"}, location: %{depth: 9, end_column: 27, end_line: 4, start_line: 4, start_column: 14}, severity: "high", pattern_id: "js-xss-jquery-html", pattern_name: "XSS via jQuery html()", recommendation: "Review this code for potential security issues", confidence: 0.6, pattern_type: :xss, min_confidence: 0.7}
14:25:33.932 [debug] Match confidence: 0.6, min_confidence: 0.7, match: %{type: "js-xss-jquery-html", context: %{node_type: "CallExpression", depth: 5, parent_type: "ReturnStatement", in_function: "complexFunction1"}, location: %{depth: 5, end_column: 40, end_line: 6, start_line: 6, start_column: 9}, severity: "high", pattern_id: "js-xss-jquery-html", pattern_name: "XSS via jQuery html()", recommendation: "Review this code for potential security issues", confidence: 0.6, pattern_type: :xss, min_confidence: 0.7}
14:25:33.932 [debug] Match confidence: 0.3, min_confidence: 0.7, match: %{type: "js-path-traversal-concat", context: %{node_type: "BinaryExpression", depth: 7, parent_type: "ArrowFunctionExpression", in_function: "complexFunction1"}, location: %{depth: 7, end_column: 36, end_line: 6, start_line: 6, start_column: 31}, severity: "medium", pattern_id: "js-path-traversal-concat", pattern_name: "Path Traversal via String Concatenation", recommendation: "Review this code for potential security issues", confidence: 0.3, pattern_type: :path_traversal, min_confidence: 0.7}
14:25:33.932 [debug] Match confidence: 0.3, min_confidence: 0.7, match: %{type: "js-nosql-injection", context: %{node_type: "CallExpression", depth: 7, parent_type: "ExpressionStatement", in_function: "complexFunction1"}, location: %{depth: 7, end_column: 32, end_line: 4, start_line: 4, start_column: 4}, severity: "high", pattern_id: "js-nosql-injection", pattern_name: "NoSQL Injection", recommendation: "Review this code for potential security issues", confidence: 0.3, pattern_type: :nosql_injection, min_confidence: 0.7}
14:25:33.932 [debug] Match confidence: 0.3, min_confidence: 0.7, match: %{type: "js-nosql-injection", context: %{node_type: "CallExpression", depth: 9, parent_type: "BinaryExpression", in_function: "complexFunction1"}, location: %{depth: 9, end_column: 27, end_line: 4, start_line: 4, start_column: 14}, severity: "high", pattern_id: "js-nosql-injection", pattern_name: "NoSQL Injection", recommendation: "Review this code for potential security issues", confidence: 0.3, pattern_type: :nosql_injection, min_confidence: 0.7}
14:25:33.932 [debug] Match confidence: 0.3, min_confidence: 0.7, match: %{type: "js-nosql-injection", context: %{node_type: "CallExpression", depth: 5, parent_type: "ReturnStatement", in_function: "complexFunction1"}, location: %{depth: 5, end_column: 40, end_line: 6, start_line: 6, start_column: 9}, severity: "high", pattern_id: "js-nosql-injection", pattern_name: "NoSQL Injection", recommendation: "Review this code for potential security issues", confidence: 0.3, pattern_type: :nosql_injection, min_confidence: 0.7}
14:25:33.932 [debug] Match confidence: 0.3, min_confidence: 0.8, match: %{type: "js-ldap-injection", context: %{node_type: "CallExpression", depth: 7, parent_type: "ExpressionStatement", in_function: "complexFunction1"}, location: %{depth: 7, end_column: 32, end_line: 4, start_line: 4, start_column: 4}, severity: "high", pattern_id: "js-ldap-injection", pattern_name: "LDAP Injection", recommendation: "Review this code for potential security issues", confidence: 0.3, pattern_type: :ldap_injection, min_confidence: 0.8}
14:25:33.932 [debug] Match confidence: 0.3, min_confidence: 0.8, match: %{type: "js-ldap-injection", context: %{node_type: "CallExpression", depth: 9, parent_type: "BinaryExpression", in_function: "complexFunction1"}, location: %{depth: 9, end_column: 27, end_line: 4, start_line: 4, start_column: 14}, severity: "high", pattern_id: "js-ldap-injection", pattern_name: "LDAP Injection", recommendation: "Review this code for potential security issues", confidence: 0.3, pattern_type: :ldap_injection, min_confidence: 0.8}
14:25:33.932 [debug] Match confidence: 0.3, min_confidence: 0.8, match: %{type: "js-ldap-injection", context: %{node_type: "CallExpression", depth: 5, parent_type: "ReturnStatement", in_function: "complexFunction1"}, location: %{depth: 5, end_column: 40, end_line: 6, start_line: 6, start_column: 9}, severity: "high", pattern_id: "js-ldap-injection", pattern_name: "LDAP Injection", recommendation: "Review this code for potential security issues", confidence: 0.3, pattern_type: :ldap_injection, min_confidence: 0.8}
14:25:33.932 [debug] Match confidence: 0.3, min_confidence: 0.8, match: %{type: "js-xpath-injection", context: %{node_type: "CallExpression", depth: 7, parent_type: "ExpressionStatement", in_function: "complexFunction1"}, location: %{depth: 7, end_column: 32, end_line: 4, start_line: 4, start_column: 4}, severity: "high", pattern_id: "js-xpath-injection", pattern_name: "XPath Injection", recommendation: "Review this code for potential security issues", confidence: 0.3, pattern_type: :xpath_injection, min_confidence: 0.8}
14:25:33.932 [debug] Match confidence: 0.3, min_confidence: 0.8, match: %{type: "js-xpath-injection", context: %{node_type: "CallExpression", depth: 9, parent_type: "BinaryExpression", in_function: "complexFunction1"}, location: %{depth: 9, end_column: 27, end_line: 4, start_line: 4, start_column: 14}, severity: "high", pattern_id: "js-xpath-injection", pattern_name: "XPath Injection", recommendation: "Review this code for potential security issues", confidence: 0.3, pattern_type: :xpath_injection, min_confidence: 0.8}
14:25:33.932 [debug] Match confidence: 0.3, min_confidence: 0.8, match: %{type: "js-xpath-injection", context: %{node_type: "CallExpression", depth: 5, parent_type: "ReturnStatement", in_function: "complexFunction1"}, location: %{depth: 5, end_column: 40, end_line: 6, start_line: 6, start_column: 9}, severity: "high", pattern_id: "js-xpath-injection", pattern_name: "XPath Injection", recommendation: "Review this code for potential security issues", confidence: 0.3, pattern_type: :xpath_injection, min_confidence: 0.8}
14:25:33.932 [debug] Match confidence: 0.3, min_confidence: 0.7, match: %{type: "js-ssrf", context: %{node_type: "CallExpression", depth: 7, parent_type: "ExpressionStatement", in_function: "complexFunction1"}, location: %{depth: 7, end_column: 32, end_line: 4, start_line: 4, start_column: 4}, severity: "medium", pattern_id: "js-ssrf", pattern_name: "Server-Side Request Forgery (SSRF)", recommendation: "Review this code for potential security issues", confidence: 0.3, pattern_type: :ssrf, min_confidence: 0.7}
14:25:33.932 [debug] Match confidence: 0.3, min_confidence: 0.7, match: %{type: "js-ssrf", context: %{node_type: "CallExpression", depth: 9, parent_type: "BinaryExpression", in_function: "complexFunction1"}, location: %{depth: 9, end_column: 27, end_line: 4, start_line: 4, start_column: 14}, severity: "medium", pattern_id: "js-ssrf", pattern_name: "Server-Side Request Forgery (SSRF)", recommendation: "Review this code for potential security issues", confidence: 0.3, pattern_type: :ssrf, min_confidence: 0.7}
14:25:33.932 [debug] Match confidence: 0.3, min_confidence: 0.7, match: %{type: "js-ssrf", context: %{node_type: "CallExpression", depth: 5, parent_type: "ReturnStatement", in_function: "complexFunction1"}, location: %{depth: 5, end_column: 40, end_line: 6, start_line: 6, start_column: 9}, severity: "medium", pattern_id: "js-ssrf", pattern_name: "Server-Side Request Forgery (SSRF)", recommendation: "Review this code for potential security issues", confidence: 0.3, pattern_type: :ssrf, min_confidence: 0.7}
14:25:33.932 [debug] Match confidence: 0.7, min_confidence: 0.8, match: %{type: "js-insecure-deserialization", context: %{node_type: "CallExpression", depth: 7, parent_type: "ExpressionStatement", in_function: "complexFunction1"}, location: %{depth: 7, end_column: 32, end_line: 4, start_line: 4, start_column: 4}, severity: "medium", pattern_id: "js-insecure-deserialization", pattern_name: "Insecure Deserialization", recommendation: "Review this code for potential security issues", confidence: 0.7, pattern_type: :deserialization, min_confidence: 0.8}
14:25:33.932 [debug] Match confidence: 0.7, min_confidence: 0.8, match: %{type: "js-insecure-deserialization", context: %{node_type: "CallExpression", depth: 9, parent_type: "BinaryExpression", in_function: "complexFunction1"}, location: %{depth: 9, end_column: 27, end_line: 4, start_line: 4, start_column: 14}, severity: "medium", pattern_id: "js-insecure-deserialization", pattern_name: "Insecure Deserialization", recommendation: "Review this code for potential security issues", confidence: 0.7, pattern_type: :deserialization, min_confidence: 0.8}
14:25:33.932 [debug] Match confidence: 0.7, min_confidence: 0.8, match: %{type: "js-insecure-deserialization", context: %{node_type: "CallExpression", depth: 5, parent_type: "ReturnStatement", in_function: "complexFunction1"}, location: %{depth: 5, end_column: 40, end_line: 6, start_line: 6, start_column: 9}, severity: "medium", pattern_id: "js-insecure-deserialization", pattern_name: "Insecure Deserialization", recommendation: "Review this code for potential security issues", confidence: 0.7, pattern_type: :deserialization, min_confidence: 0.8}
14:25:34.010 [debug] Parser response received
14:25:34.010 [info] AnalysisService: Loaded 30 patterns for javascript
14:25:34.013 [info] AnalysisService: Found 19 matches
14:25:34.014 [debug] Match confidence: 0.6, min_confidence: 0.7, match: %{type: "js-xss-jquery-html", context: %{node_type: "CallExpression", depth: 7, parent_type: "ExpressionStatement", in_function: "complexFunction2"}, location: %{depth: 7, end_column: 32, end_line: 4, start_line: 4, start_column: 4}, severity: "high", pattern_id: "js-xss-jquery-html", pattern_name: "XSS via jQuery html()", recommendation: "Review this code for potential security issues", confidence: 0.6, pattern_type: :xss, min_confidence: 0.7}
14:25:34.014 [debug] Match confidence: 0.6, min_confidence: 0.7, match: %{type: "js-xss-jquery-html", context: %{node_type: "CallExpression", depth: 9, parent_type: "BinaryExpression", in_function: "complexFunction2"}, location: %{depth: 9, end_column: 27, end_line: 4, start_line: 4, start_column: 14}, severity: "high", pattern_id: "js-xss-jquery-html", pattern_name: "XSS via jQuery html()", recommendation: "Review this code for potential security issues", confidence: 0.6, pattern_type: :xss, min_confidence: 0.7}
14:25:34.014 [debug] Match confidence: 0.6, min_confidence: 0.7, match: %{type: "js-xss-jquery-html", context: %{node_type: "CallExpression", depth: 5, parent_type: "ReturnStatement", in_function: "complexFunction2"}, location: %{depth: 5, end_column: 40, end_line: 6, start_line: 6, start_column: 9}, severity: "high", pattern_id: "js-xss-jquery-html", pattern_name: "XSS via jQuery html()", recommendation: "Review this code for potential security issues", confidence: 0.6, pattern_type: :xss, min_confidence: 0.7}
14:25:34.014 [debug] Match confidence: 0.3, min_confidence: 0.7, match: %{type: "js-path-traversal-concat", context: %{node_type: "BinaryExpression", depth: 7, parent_type: "ArrowFunctionExpression", in_function: "complexFunction2"}, location: %{depth: 7, end_column: 36, end_line: 6, start_line: 6, start_column: 31}, severity: "medium", pattern_id: "js-path-traversal-concat", pattern_name: "Path Traversal via String Concatenation", recommendation: "Review this code for potential security issues", confidence: 0.3, pattern_type: :path_traversal, min_confidence: 0.7}
14:25:34.014 [debug] Match confidence: 0.3, min_confidence: 0.7, match: %{type: "js-nosql-injection", context: %{node_type: "CallExpression", depth: 7, parent_type: "ExpressionStatement", in_function: "complexFunction2"}, location: %{depth: 7, end_column: 32, end_line: 4, start_line: 4, start_column: 4}, severity: "high", pattern_id: "js-nosql-injection", pattern_name: "NoSQL Injection", recommendation: "Review this code for potential security issues", confidence: 0.3, pattern_type: :nosql_injection, min_confidence: 0.7}
14:25:34.014 [debug] Match confidence: 0.3, min_confidence: 0.7, match: %{type: "js-nosql-injection", context: %{node_type: "CallExpression", depth: 9, parent_type: "BinaryExpression", in_function: "complexFunction2"}, location: %{depth: 9, end_column: 27, end_line: 4, start_line: 4, start_column: 14}, severity: "high", pattern_id: "js-nosql-injection", pattern_name: "NoSQL Injection", recommendation: "Review this code for potential security issues", confidence: 0.3, pattern_type: :nosql_injection, min_confidence: 0.7}
14:25:34.014 [debug] Match confidence: 0.3, min_confidence: 0.7, match: %{type: "js-nosql-injection", context: %{node_type: "CallExpression", depth: 5, parent_type: "ReturnStatement", in_function: "complexFunction2"}, location: %{depth: 5, end_column: 40, end_line: 6, start_line: 6, start_column: 9}, severity: "high", pattern_id: "js-nosql-injection", pattern_name: "NoSQL Injection", recommendation: "Review this code for potential security issues", confidence: 0.3, pattern_type: :nosql_injection, min_confidence: 0.7}
14:25:34.014 [debug] Match confidence: 0.3, min_confidence: 0.8, match: %{type: "js-ldap-injection", context: %{node_type: "CallExpression", depth: 7, parent_type: "ExpressionStatement", in_function: "complexFunction2"}, location: %{depth: 7, end_column: 32, end_line: 4, start_line: 4, start_column: 4}, severity: "high", pattern_id: "js-ldap-injection", pattern_name: "LDAP Injection", recommendation: "Review this code for potential security issues", confidence: 0.3, pattern_type: :ldap_injection, min_confidence: 0.8}
14:25:34.014 [debug] Match confidence: 0.3, min_confidence: 0.8, match: %{type: "js-ldap-injection", context: %{node_type: "CallExpression", depth: 9, parent_type: "BinaryExpression", in_function: "complexFunction2"}, location: %{depth: 9, end_column: 27, end_line: 4, start_line: 4, start_column: 14}, severity: "high", pattern_id: "js-ldap-injection", pattern_name: "LDAP Injection", recommendation: "Review this code for potential security issues", confidence: 0.3, pattern_type: :ldap_injection, min_confidence: 0.8}
14:25:34.014 [debug] Match confidence: 0.3, min_confidence: 0.8, match: %{type: "js-ldap-injection", context: %{node_type: "CallExpression", depth: 5, parent_type: "ReturnStatement", in_function: "complexFunction2"}, location: %{depth: 5, end_column: 40, end_line: 6, start_line: 6, start_column: 9}, severity: "high", pattern_id: "js-ldap-injection", pattern_name: "LDAP Injection", recommendation: "Review this code for potential security issues", confidence: 0.3, pattern_type: :ldap_injection, min_confidence: 0.8}
14:25:34.014 [debug] Match confidence: 0.3, min_confidence: 0.8, match: %{type: "js-xpath-injection", context: %{node_type: "CallExpression", depth: 7, parent_type: "ExpressionStatement", in_function: "complexFunction2"}, location: %{depth: 7, end_column: 32, end_line: 4, start_line: 4, start_column: 4}, severity: "high", pattern_id: "js-xpath-injection", pattern_name: "XPath Injection", recommendation: "Review this code for potential security issues", confidence: 0.3, pattern_type: :xpath_injection, min_confidence: 0.8}
14:25:34.014 [debug] Match confidence: 0.3, min_confidence: 0.8, match: %{type: "js-xpath-injection", context: %{node_type: "CallExpression", depth: 9, parent_type: "BinaryExpression", in_function: "complexFunction2"}, location: %{depth: 9, end_column: 27, end_line: 4, start_line: 4, start_column: 14}, severity: "high", pattern_id: "js-xpath-injection", pattern_name: "XPath Injection", recommendation: "Review this code for potential security issues", confidence: 0.3, pattern_type: :xpath_injection, min_confidence: 0.8}
14:25:34.014 [debug] Match confidence: 0.3, min_confidence: 0.8, match: %{type: "js-xpath-injection", context: %{node_type: "CallExpression", depth: 5, parent_type: "ReturnStatement", in_function: "complexFunction2"}, location: %{depth: 5, end_column: 40, end_line: 6, start_line: 6, start_column: 9}, severity: "high", pattern_id: "js-xpath-injection", pattern_name: "XPath Injection", recommendation: "Review this code for potential security issues", confidence: 0.3, pattern_type: :xpath_injection, min_confidence: 0.8}
14:25:34.014 [debug] Match confidence: 0.3, min_confidence: 0.7, match: %{type: "js-ssrf", context: %{node_type: "CallExpression", depth: 7, parent_type: "ExpressionStatement", in_function: "complexFunction2"}, location: %{depth: 7, end_column: 32, end_line: 4, start_line: 4, start_column: 4}, severity: "medium", pattern_id: "js-ssrf", pattern_name: "Server-Side Request Forgery (SSRF)", recommendation: "Review this code for potential security issues", confidence: 0.3, pattern_type: :ssrf, min_confidence: 0.7}
14:25:34.014 [debug] Match confidence: 0.3, min_confidence: 0.7, match: %{type: "js-ssrf", context: %{node_type: "CallExpression", depth: 9, parent_type: "BinaryExpression", in_function: "complexFunction2"}, location: %{depth: 9, end_column: 27, end_line: 4, start_line: 4, start_column: 14}, severity: "medium", pattern_id: "js-ssrf", pattern_name: "Server-Side Request Forgery (SSRF)", recommendation: "Review this code for potential security issues", confidence: 0.3, pattern_type: :ssrf, min_confidence: 0.7}
14:25:34.014 [debug] Match confidence: 0.3, min_confidence: 0.7, match: %{type: "js-ssrf", context: %{node_type: "CallExpression", depth: 5, parent_type: "ReturnStatement", in_function: "complexFunction2"}, location: %{depth: 5, end_column: 40, end_line: 6, start_line: 6, start_column: 9}, severity: "medium", pattern_id: "js-ssrf", pattern_name: "Server-Side Request Forgery (SSRF)", recommendation: "Review this code for potential security issues", confidence: 0.3, pattern_type: :ssrf, min_confidence: 0.7}
14:25:34.014 [debug] Match confidence: 0.7, min_confidence: 0.8, match: %{type: "js-insecure-deserialization", context: %{node_type: "CallExpression", depth: 7, parent_type: "ExpressionStatement", in_function: "complexFunction2"}, location: %{depth: 7, end_column: 32, end_line: 4, start_line: 4, start_column: 4}, severity: "medium", pattern_id: "js-insecure-deserialization", pattern_name: "Insecure Deserialization", recommendation: "Review this code for potential security issues", confidence: 0.7, pattern_type: :deserialization, min_confidence: 0.8}
14:25:34.014 [debug] Match confidence: 0.7, min_confidence: 0.8, match: %{type: "js-insecure-deserialization", context: %{node_type: "CallExpression", depth: 9, parent_type: "BinaryExpression", in_function: "complexFunction2"}, location: %{depth: 9, end_column: 27, end_line: 4, start_line: 4, start_column: 14}, severity: "medium", pattern_id: "js-insecure-deserialization", pattern_name: "Insecure Deserialization", recommendation: "Review this code for potential security issues", confidence: 0.7, pattern_type: :deserialization, min_confidence: 0.8}
14:25:34.014 [debug] Match confidence: 0.7, min_confidence: 0.8, match: %{type: "js-insecure-deserialization", context: %{node_type: "CallExpression", depth: 5, parent_type: "ReturnStatement", in_function: "complexFunction2"}, location: %{depth: 5, end_column: 40, end_line: 6, start_line: 6, start_column: 9}, severity: "medium", pattern_id: "js-insecure-deserialization", pattern_name: "Insecure Deserialization", recommendation: "Review this code for potential security issues", confidence: 0.7, pattern_type: :deserialization, min_confidence: 0.8}
14:25:34.094 [debug] Parser response received
14:25:34.094 [info] AnalysisService: Loaded 30 patterns for javascript
14:25:34.098 [info] AnalysisService: Found 19 matches
14:25:34.098 [debug] Match confidence: 0.6, min_confidence: 0.7, match: %{type: "js-xss-jquery-html", context: %{node_type: "CallExpression", depth: 7, parent_type: "ExpressionStatement", in_function: "complexFunction3"}, location: %{depth: 7, end_column: 32, end_line: 4, start_line: 4, start_column: 4}, severity: "high", pattern_id: "js-xss-jquery-html", pattern_name: "XSS via jQuery html()", recommendation: "Review this code for potential security issues", confidence: 0.6, pattern_type: :xss, min_confidence: 0.7}
14:25:34.098 [debug] Match confidence: 0.6, min_confidence: 0.7, match: %{type: "js-xss-jquery-html", context: %{node_type: "CallExpression", depth: 9, parent_type: "BinaryExpression", in_function: "complexFunction3"}, location: %{depth: 9, end_column: 27, end_line: 4, start_line: 4, start_column: 14}, severity: "high", pattern_id: "js-xss-jquery-html", pattern_name: "XSS via jQuery html()", recommendation: "Review this code for potential security issues", confidence: 0.6, pattern_type: :xss, min_confidence: 0.7}
14:25:34.098 [debug] Match confidence: 0.6, min_confidence: 0.7, match: %{type: "js-xss-jquery-html", context: %{node_type: "CallExpression", depth: 5, parent_type: "ReturnStatement", in_function: "complexFunction3"}, location: %{depth: 5, end_column: 40, end_line: 6, start_line: 6, start_column: 9}, severity: "high", pattern_id: "js-xss-jquery-html", pattern_name: "XSS via jQuery html()", recommendation: "Review this code for potential security issues", confidence: 0.6, pattern_type: :xss, min_confidence: 0.7}
14:25:34.098 [debug] Match confidence: 0.3, min_confidence: 0.7, match: %{type: "js-path-traversal-concat", context: %{node_type: "BinaryExpression", depth: 7, parent_type: "ArrowFunctionExpression", in_function: "complexFunction3"}, location: %{depth: 7, end_column: 36, end_line: 6, start_line: 6, start_column: 31}, severity: "medium", pattern_id: "js-path-traversal-concat", pattern_name: "Path Traversal via String Concatenation", recommendation: "Review this code for potential security issues", confidence: 0.3, pattern_type: :path_traversal, min_confidence: 0.7}
14:25:34.098 [debug] Match confidence: 0.3, min_confidence: 0.7, match: %{type: "js-nosql-injection", context: %{node_type: "CallExpression", depth: 7, parent_type: "ExpressionStatement", in_function: "complexFunction3"}, location: %{depth: 7, end_column: 32, end_line: 4, start_line: 4, start_column: 4}, severity: "high", pattern_id: "js-nosql-injection", pattern_name: "NoSQL Injection", recommendation: "Review this code for potential security issues", confidence: 0.3, pattern_type: :nosql_injection, min_confidence: 0.7}
14:25:34.098 [debug] Match confidence: 0.3, min_confidence: 0.7, match: %{type: "js-nosql-injection", context: %{node_type: "CallExpression", depth: 9, parent_type: "BinaryExpression", in_function: "complexFunction3"}, location: %{depth: 9, end_column: 27, end_line: 4, start_line: 4, start_column: 14}, severity: "high", pattern_id: "js-nosql-injection", pattern_name: "NoSQL Injection", recommendation: "Review this code for potential security issues", confidence: 0.3, pattern_type: :nosql_injection, min_confidence: 0.7}
14:25:34.098 [debug] Match confidence: 0.3, min_confidence: 0.7, match: %{type: "js-nosql-injection", context: %{node_type: "CallExpression", depth: 5, parent_type: "ReturnStatement", in_function: "complexFunction3"}, location: %{depth: 5, end_column: 40, end_line: 6, start_line: 6, start_column: 9}, severity: "high", pattern_id: "js-nosql-injection", pattern_name: "NoSQL Injection", recommendation: "Review this code for potential security issues", confidence: 0.3, pattern_type: :nosql_injection, min_confidence: 0.7}
14:25:34.098 [debug] Match confidence: 0.3, min_confidence: 0.8, match: %{type: "js-ldap-injection", context: %{node_type: "CallExpression", depth: 7, parent_type: "ExpressionStatement", in_function: "complexFunction3"}, location: %{depth: 7, end_column: 32, end_line: 4, start_line: 4, start_column: 4}, severity: "high", pattern_id: "js-ldap-injection", pattern_name: "LDAP Injection", recommendation: "Review this code for potential security issues", confidence: 0.3, pattern_type: :ldap_injection, min_confidence: 0.8}
14:25:34.098 [debug] Match confidence: 0.3, min_confidence: 0.8, match: %{type: "js-ldap-injection", context: %{node_type: "CallExpression", depth: 9, parent_type: "BinaryExpression", in_function: "complexFunction3"}, location: %{depth: 9, end_column: 27, end_line: 4, start_line: 4, start_column: 14}, severity: "high", pattern_id: "js-ldap-injection", pattern_name: "LDAP Injection", recommendation: "Review this code for potential security issues", confidence: 0.3, pattern_type: :ldap_injection, min_confidence: 0.8}
14:25:34.098 [debug] Match confidence: 0.3, min_confidence: 0.8, match: %{type: "js-ldap-injection", context: %{node_type: "CallExpression", depth: 5, parent_type: "ReturnStatement", in_function: "complexFunction3"}, location: %{depth: 5, end_column: 40, end_line: 6, start_line: 6, start_column: 9}, severity: "high", pattern_id: "js-ldap-injection", pattern_name: "LDAP Injection", recommendation: "Review this code for potential security issues", confidence: 0.3, pattern_type: :ldap_injection, min_confidence: 0.8}
14:25:34.098 [debug] Match confidence: 0.3, min_confidence: 0.8, match: %{type: "js-xpath-injection", context: %{node_type: "CallExpression", depth: 7, parent_type: "ExpressionStatement", in_function: "complexFunction3"}, location: %{depth: 7, end_column: 32, end_line: 4, start_line: 4, start_column: 4}, severity: "high", pattern_id: "js-xpath-injection", pattern_name: "XPath Injection", recommendation: "Review this code for potential security issues", confidence: 0.3, pattern_type: :xpath_injection, min_confidence: 0.8}
14:25:34.098 [debug] Match confidence: 0.3, min_confidence: 0.8, match: %{type: "js-xpath-injection", context: %{node_type: "CallExpression", depth: 9, parent_type: "BinaryExpression", in_function: "complexFunction3"}, location: %{depth: 9, end_column: 27, end_line: 4, start_line: 4, start_column: 14}, severity: "high", pattern_id: "js-xpath-injection", pattern_name: "XPath Injection", recommendation: "Review this code for potential security issues", confidence: 0.3, pattern_type: :xpath_injection, min_confidence: 0.8}
14:25:34.098 [debug] Match confidence: 0.3, min_confidence: 0.8, match: %{type: "js-xpath-injection", context: %{node_type: "CallExpression", depth: 5, parent_type: "ReturnStatement", in_function: "complexFunction3"}, location: %{depth: 5, end_column: 40, end_line: 6, start_line: 6, start_column: 9}, severity: "high", pattern_id: "js-xpath-injection", pattern_name: "XPath Injection", recommendation: "Review this code for potential security issues", confidence: 0.3, pattern_type: :xpath_injection, min_confidence: 0.8}
14:25:34.098 [debug] Match confidence: 0.3, min_confidence: 0.7, match: %{type: "js-ssrf", context: %{node_type: "CallExpression", depth: 7, parent_type: "ExpressionStatement", in_function: "complexFunction3"}, location: %{depth: 7, end_column: 32, end_line: 4, start_line: 4, start_column: 4}, severity: "medium", pattern_id: "js-ssrf", pattern_name: "Server-Side Request Forgery (SSRF)", recommendation: "Review this code for potential security issues", confidence: 0.3, pattern_type: :ssrf, min_confidence: 0.7}
14:25:34.098 [debug] Match confidence: 0.3, min_confidence: 0.7, match: %{type: "js-ssrf", context: %{node_type: "CallExpression", depth: 9, parent_type: "BinaryExpression", in_function: "complexFunction3"}, location: %{depth: 9, end_column: 27, end_line: 4, start_line: 4, start_column: 14}, severity: "medium", pattern_id: "js-ssrf", pattern_name: "Server-Side Request Forgery (SSRF)", recommendation: "Review this code for potential security issues", confidence: 0.3, pattern_type: :ssrf, min_confidence: 0.7}
14:25:34.098 [debug] Match confidence: 0.3, min_confidence: 0.7, match: %{type: "js-ssrf", context: %{node_type: "CallExpression", depth: 5, parent_type: "ReturnStatement", in_function: "complexFunction3"}, location: %{depth: 5, end_column: 40, end_line: 6, start_line: 6, start_column: 9}, severity: "medium", pattern_id: "js-ssrf", pattern_name: "Server-Side Request Forgery (SSRF)", recommendation: "Review this code for potential security issues", confidence: 0.3, pattern_type: :ssrf, min_confidence: 0.7}
14:25:34.098 [debug] Match confidence: 0.7, min_confidence: 0.8, match: %{type: "js-insecure-deserialization", context: %{node_type: "CallExpression", depth: 7, parent_type: "ExpressionStatement", in_function: "complexFunction3"}, location: %{depth: 7, end_column: 32, end_line: 4, start_line: 4, start_column: 4}, severity: "medium", pattern_id: "js-insecure-deserialization", pattern_name: "Insecure Deserialization", recommendation: "Review this code for potential security issues", confidence: 0.7, pattern_type: :deserialization, min_confidence: 0.8}
14:25:34.098 [debug] Match confidence: 0.7, min_confidence: 0.8, match: %{type: "js-insecure-deserialization", context: %{node_type: "CallExpression", depth: 9, parent_type: "BinaryExpression", in_function: "complexFunction3"}, location: %{depth: 9, end_column: 27, end_line: 4, start_line: 4, start_column: 14}, severity: "medium", pattern_id: "js-insecure-deserialization", pattern_name: "Insecure Deserialization", recommendation: "Review this code for potential security issues", confidence: 0.7, pattern_type: :deserialization, min_confidence: 0.8}
14:25:34.098 [debug] Match confidence: 0.7, min_confidence: 0.8, match: %{type: "js-insecure-deserialization", context: %{node_type: "CallExpression", depth: 5, parent_type: "ReturnStatement", in_function: "complexFunction3"}, location: %{depth: 5, end_column: 40, end_line: 6, start_line: 6, start_column: 9}, severity: "medium", pattern_id: "js-insecure-deserialization", pattern_name: "Insecure Deserialization", recommendation: "Review this code for potential security issues", confidence: 0.7, pattern_type: :deserialization, min_confidence: 0.8}
14:25:34.177 [debug] Parser response received
14:25:34.177 [info] AnalysisService: Loaded 30 patterns for javascript
14:25:34.181 [info] AnalysisService: Found 19 matches
14:25:34.181 [debug] Match confidence: 0.6, min_confidence: 0.7, match: %{type: "js-xss-jquery-html", context: %{node_type: "CallExpression", depth: 7, parent_type: "ExpressionStatement", in_function: "complexFunction4"}, location: %{depth: 7, end_column: 32, end_line: 4, start_line: 4, start_column: 4}, severity: "high", pattern_id: "js-xss-jquery-html", pattern_name: "XSS via jQuery html()", recommendation: "Review this code for potential security issues", confidence: 0.6, pattern_type: :xss, min_confidence: 0.7}
14:25:34.181 [debug] Match confidence: 0.6, min_confidence: 0.7, match: %{type: "js-xss-jquery-html", context: %{node_type: "CallExpression", depth: 9, parent_type: "BinaryExpression", in_function: "complexFunction4"}, location: %{depth: 9, end_column: 27, end_line: 4, start_line: 4, start_column: 14}, severity: "high", pattern_id: "js-xss-jquery-html", pattern_name: "XSS via jQuery html()", recommendation: "Review this code for potential security issues", confidence: 0.6, pattern_type: :xss, min_confidence: 0.7}
14:25:34.181 [debug] Match confidence: 0.6, min_confidence: 0.7, match: %{type: "js-xss-jquery-html", context: %{node_type: "CallExpression", depth: 5, parent_type: "ReturnStatement", in_function: "complexFunction4"}, location: %{depth: 5, end_column: 40, end_line: 6, start_line: 6, start_column: 9}, severity: "high", pattern_id: "js-xss-jquery-html", pattern_name: "XSS via jQuery html()", recommendation: "Review this code for potential security issues", confidence: 0.6, pattern_type: :xss, min_confidence: 0.7}
14:25:34.181 [debug] Match confidence: 0.3, min_confidence: 0.7, match: %{type: "js-path-traversal-concat", context: %{node_type: "BinaryExpression", depth: 7, parent_type: "ArrowFunctionExpression", in_function: "complexFunction4"}, location: %{depth: 7, end_column: 36, end_line: 6, start_line: 6, start_column: 31}, severity: "medium", pattern_id: "js-path-traversal-concat", pattern_name: "Path Traversal via String Concatenation", recommendation: "Review this code for potential security issues", confidence: 0.3, pattern_type: :path_traversal, min_confidence: 0.7}
14:25:34.181 [debug] Match confidence: 0.3, min_confidence: 0.7, match: %{type: "js-nosql-injection", context: %{node_type: "CallExpression", depth: 7, parent_type: "ExpressionStatement", in_function: "complexFunction4"}, location: %{depth: 7, end_column: 32, end_line: 4, start_line: 4, start_column: 4}, severity: "high", pattern_id: "js-nosql-injection", pattern_name: "NoSQL Injection", recommendation: "Review this code for potential security issues", confidence: 0.3, pattern_type: :nosql_injection, min_confidence: 0.7}
14:25:34.181 [debug] Match confidence: 0.3, min_confidence: 0.7, match: %{type: "js-nosql-injection", context: %{node_type: "CallExpression", depth: 9, parent_type: "BinaryExpression", in_function: "complexFunction4"}, location: %{depth: 9, end_column: 27, end_line: 4, start_line: 4, start_column: 14}, severity: "high", pattern_id: "js-nosql-injection", pattern_name: "NoSQL Injection", recommendation: "Review this code for potential security issues", confidence: 0.3, pattern_type: :nosql_injection, min_confidence: 0.7}
14:25:34.181 [debug] Match confidence: 0.3, min_confidence: 0.7, match: %{type: "js-nosql-injection", context: %{node_type: "CallExpression", depth: 5, parent_type: "ReturnStatement", in_function: "complexFunction4"}, location: %{depth: 5, end_column: 40, end_line: 6, start_line: 6, start_column: 9}, severity: "high", pattern_id: "js-nosql-injection", pattern_name: "NoSQL Injection", recommendation: "Review this code for potential security issues", confidence: 0.3, pattern_type: :nosql_injection, min_confidence: 0.7}
14:25:34.181 [debug] Match confidence: 0.3, min_confidence: 0.8, match: %{type: "js-ldap-injection", context: %{node_type: "CallExpression", depth: 7, parent_type: "ExpressionStatement", in_function: "complexFunction4"}, location: %{depth: 7, end_column: 32, end_line: 4, start_line: 4, start_column: 4}, severity: "high", pattern_id: "js-ldap-injection", pattern_name: "LDAP Injection", recommendation: "Review this code for potential security issues", confidence: 0.3, pattern_type: :ldap_injection, min_confidence: 0.8}
14:25:34.181 [debug] Match confidence: 0.3, min_confidence: 0.8, match: %{type: "js-ldap-injection", context: %{node_type: "CallExpression", depth: 9, parent_type: "BinaryExpression", in_function: "complexFunction4"}, location: %{depth: 9, end_column: 27, end_line: 4, start_line: 4, start_column: 14}, severity: "high", pattern_id: "js-ldap-injection", pattern_name: "LDAP Injection", recommendation: "Review this code for potential security issues", confidence: 0.3, pattern_type: :ldap_injection, min_confidence: 0.8}
14:25:34.181 [debug] Match confidence: 0.3, min_confidence: 0.8, match: %{type: "js-ldap-injection", context: %{node_type: "CallExpression", depth: 5, parent_type: "ReturnStatement", in_function: "complexFunction4"}, location: %{depth: 5, end_column: 40, end_line: 6, start_line: 6, start_column: 9}, severity: "high", pattern_id: "js-ldap-injection", pattern_name: "LDAP Injection", recommendation: "Review this code for potential security issues", confidence: 0.3, pattern_type: :ldap_injection, min_confidence: 0.8}
14:25:34.181 [debug] Match confidence: 0.3, min_confidence: 0.8, match: %{type: "js-xpath-injection", context: %{node_type: "CallExpression", depth: 7, parent_type: "ExpressionStatement", in_function: "complexFunction4"}, location: %{depth: 7, end_column: 32, end_line: 4, start_line: 4, start_column: 4}, severity: "high", pattern_id: "js-xpath-injection", pattern_name: "XPath Injection", recommendation: "Review this code for potential security issues", confidence: 0.3, pattern_type: :xpath_injection, min_confidence: 0.8}
14:25:34.181 [debug] Match confidence: 0.3, min_confidence: 0.8, match: %{type: "js-xpath-injection", context: %{node_type: "CallExpression", depth: 9, parent_type: "BinaryExpression", in_function: "complexFunction4"}, location: %{depth: 9, end_column: 27, end_line: 4, start_line: 4, start_column: 14}, severity: "high", pattern_id: "js-xpath-injection", pattern_name: "XPath Injection", recommendation: "Review this code for potential security issues", confidence: 0.3, pattern_type: :xpath_injection, min_confidence: 0.8}
14:25:34.181 [debug] Match confidence: 0.3, min_confidence: 0.8, match: %{type: "js-xpath-injection", context: %{node_type: "CallExpression", depth: 5, parent_type: "ReturnStatement", in_function: "complexFunction4"}, location: %{depth: 5, end_column: 40, end_line: 6, start_line: 6, start_column: 9}, severity: "high", pattern_id: "js-xpath-injection", pattern_name: "XPath Injection", recommendation: "Review this code for potential security issues", confidence: 0.3, pattern_type: :xpath_injection, min_confidence: 0.8}
14:25:34.181 [debug] Match confidence: 0.3, min_confidence: 0.7, match: %{type: "js-ssrf", context: %{node_type: "CallExpression", depth: 7, parent_type: "ExpressionStatement", in_function: "complexFunction4"}, location: %{depth: 7, end_column: 32, end_line: 4, start_line: 4, start_column: 4}, severity: "medium", pattern_id: "js-ssrf", pattern_name: "Server-Side Request Forgery (SSRF)", recommendation: "Review this code for potential security issues", confidence: 0.3, pattern_type: :ssrf, min_confidence: 0.7}
14:25:34.181 [debug] Match confidence: 0.3, min_confidence: 0.7, match: %{type: "js-ssrf", context: %{node_type: "CallExpression", depth: 9, parent_type: "BinaryExpression", in_function: "complexFunction4"}, location: %{depth: 9, end_column: 27, end_line: 4, start_line: 4, start_column: 14}, severity: "medium", pattern_id: "js-ssrf", pattern_name: "Server-Side Request Forgery (SSRF)", recommendation: "Review this code for potential security issues", confidence: 0.3, pattern_type: :ssrf, min_confidence: 0.7}
14:25:34.181 [debug] Match confidence: 0.3, min_confidence: 0.7, match: %{type: "js-ssrf", context: %{node_type: "CallExpression", depth: 5, parent_type: "ReturnStatement", in_function: "complexFunction4"}, location: %{depth: 5, end_column: 40, end_line: 6, start_line: 6, start_column: 9}, severity: "medium", pattern_id: "js-ssrf", pattern_name: "Server-Side Request Forgery (SSRF)", recommendation: "Review this code for potential security issues", confidence: 0.3, pattern_type: :ssrf, min_confidence: 0.7}
14:25:34.181 [debug] Match confidence: 0.7, min_confidence: 0.8, match: %{type: "js-insecure-deserialization", context: %{node_type: "CallExpression", depth: 7, parent_type: "ExpressionStatement", in_function: "complexFunction4"}, location: %{depth: 7, end_column: 32, end_line: 4, start_line: 4, start_column: 4}, severity: "medium", pattern_id: "js-insecure-deserialization", pattern_name: "Insecure Deserialization", recommendation: "Review this code for potential security issues", confidence: 0.7, pattern_type: :deserialization, min_confidence: 0.8}
14:25:34.181 [debug] Match confidence: 0.7, min_confidence: 0.8, match: %{type: "js-insecure-deserialization", context: %{node_type: "CallExpression", depth: 9, parent_type: "BinaryExpression", in_function: "complexFunction4"}, location: %{depth: 9, end_column: 27, end_line: 4, start_line: 4, start_column: 14}, severity: "medium", pattern_id: "js-insecure-deserialization", pattern_name: "Insecure Deserialization", recommendation: "Review this code for potential security issues", confidence: 0.7, pattern_type: :deserialization, min_confidence: 0.8}
14:25:34.181 [debug] Match confidence: 0.7, min_confidence: 0.8, match: %{type: "js-insecure-deserialization", context: %{node_type: "CallExpression", depth: 5, parent_type: "ReturnStatement", in_function: "complexFunction4"}, location: %{depth: 5, end_column: 40, end_line: 6, start_line: 6, start_column: 9}, severity: "medium", pattern_id: "js-insecure-deserialization", pattern_name: "Insecure Deserialization", recommendation: "Review this code for potential security issues", confidence: 0.7, pattern_type: :deserialization, min_confidence: 0.8}
14:25:34.263 [debug] Parser response received
14:25:34.263 [info] AnalysisService: Loaded 30 patterns for javascript
14:25:34.266 [info] AnalysisService: Found 19 matches
14:25:34.266 [debug] Match confidence: 0.6, min_confidence: 0.7, match: %{type: "js-xss-jquery-html", context: %{node_type: "CallExpression", depth: 7, parent_type: "ExpressionStatement", in_function: "complexFunction5"}, location: %{depth: 7, end_column: 32, end_line: 4, start_line: 4, start_column: 4}, severity: "high", pattern_id: "js-xss-jquery-html", pattern_name: "XSS via jQuery html()", recommendation: "Review this code for potential security issues", confidence: 0.6, pattern_type: :xss, min_confidence: 0.7}
14:25:34.266 [debug] Match confidence: 0.6, min_confidence: 0.7, match: %{type: "js-xss-jquery-html", context: %{node_type: "CallExpression", depth: 9, parent_type: "BinaryExpression", in_function: "complexFunction5"}, location: %{depth: 9, end_column: 27, end_line: 4, start_line: 4, start_column: 14}, severity: "high", pattern_id: "js-xss-jquery-html", pattern_name: "XSS via jQuery html()", recommendation: "Review this code for potential security issues", confidence: 0.6, pattern_type: :xss, min_confidence: 0.7}
14:25:34.266 [debug] Match confidence: 0.6, min_confidence: 0.7, match: %{type: "js-xss-jquery-html", context: %{node_type: "CallExpression", depth: 5, parent_type: "ReturnStatement", in_function: "complexFunction5"}, location: %{depth: 5, end_column: 40, end_line: 6, start_line: 6, start_column: 9}, severity: "high", pattern_id: "js-xss-jquery-html", pattern_name: "XSS via jQuery html()", recommendation: "Review this code for potential security issues", confidence: 0.6, pattern_type: :xss, min_confidence: 0.7}
14:25:34.266 [debug] Match confidence: 0.3, min_confidence: 0.7, match: %{type: "js-path-traversal-concat", context: %{node_type: "BinaryExpression", depth: 7, parent_type: "ArrowFunctionExpression", in_function: "complexFunction5"}, location: %{depth: 7, end_column: 36, end_line: 6, start_line: 6, start_column: 31}, severity: "medium", pattern_id: "js-path-traversal-concat", pattern_name: "Path Traversal via String Concatenation", recommendation: "Review this code for potential security issues", confidence: 0.3, pattern_type: :path_traversal, min_confidence: 0.7}
14:25:34.266 [debug] Match confidence: 0.3, min_confidence: 0.7, match: %{type: "js-nosql-injection", context: %{node_type: "CallExpression", depth: 7, parent_type: "ExpressionStatement", in_function: "complexFunction5"}, location: %{depth: 7, end_column: 32, end_line: 4, start_line: 4, start_column: 4}, severity: "high", pattern_id: "js-nosql-injection", pattern_name: "NoSQL Injection", recommendation: "Review this code for potential security issues", confidence: 0.3, pattern_type: :nosql_injection, min_confidence: 0.7}
14:25:34.266 [debug] Match confidence: 0.3, min_confidence: 0.7, match: %{type: "js-nosql-injection", context: %{node_type: "CallExpression", depth: 9, parent_type: "BinaryExpression", in_function: "complexFunction5"}, location: %{depth: 9, end_column: 27, end_line: 4, start_line: 4, start_column: 14}, severity: "high", pattern_id: "js-nosql-injection", pattern_name: "NoSQL Injection", recommendation: "Review this code for potential security issues", confidence: 0.3, pattern_type: :nosql_injection, min_confidence: 0.7}
14:25:34.266 [debug] Match confidence: 0.3, min_confidence: 0.7, match: %{type: "js-nosql-injection", context: %{node_type: "CallExpression", depth: 5, parent_type: "ReturnStatement", in_function: "complexFunction5"}, location: %{depth: 5, end_column: 40, end_line: 6, start_line: 6, start_column: 9}, severity: "high", pattern_id: "js-nosql-injection", pattern_name: "NoSQL Injection", recommendation: "Review this code for potential security issues", confidence: 0.3, pattern_type: :nosql_injection, min_confidence: 0.7}
14:25:34.266 [debug] Match confidence: 0.3, min_confidence: 0.8, match: %{type: "js-ldap-injection", context: %{node_type: "CallExpression", depth: 7, parent_type: "ExpressionStatement", in_function: "complexFunction5"}, location: %{depth: 7, end_column: 32, end_line: 4, start_line: 4, start_column: 4}, severity: "high", pattern_id: "js-ldap-injection", pattern_name: "LDAP Injection", recommendation: "Review this code for potential security issues", confidence: 0.3, pattern_type: :ldap_injection, min_confidence: 0.8}
14:25:34.266 [debug] Match confidence: 0.3, min_confidence: 0.8, match: %{type: "js-ldap-injection", context: %{node_type: "CallExpression", depth: 9, parent_type: "BinaryExpression", in_function: "complexFunction5"}, location: %{depth: 9, end_column: 27, end_line: 4, start_line: 4, start_column: 14}, severity: "high", pattern_id: "js-ldap-injection", pattern_name: "LDAP Injection", recommendation: "Review this code for potential security issues", confidence: 0.3, pattern_type: :ldap_injection, min_confidence: 0.8}
14:25:34.266 [debug] Match confidence: 0.3, min_confidence: 0.8, match: %{type: "js-ldap-injection", context: %{node_type: "CallExpression", depth: 5, parent_type: "ReturnStatement", in_function: "complexFunction5"}, location: %{depth: 5, end_column: 40, end_line: 6, start_line: 6, start_column: 9}, severity: "high", pattern_id: "js-ldap-injection", pattern_name: "LDAP Injection", recommendation: "Review this code for potential security issues", confidence: 0.3, pattern_type: :ldap_injection, min_confidence: 0.8}
14:25:34.266 [debug] Match confidence: 0.3, min_confidence: 0.8, match: %{type: "js-xpath-injection", context: %{node_type: "CallExpression", depth: 7, parent_type: "ExpressionStatement", in_function: "complexFunction5"}, location: %{depth: 7, end_column: 32, end_line: 4, start_line: 4, start_column: 4}, severity: "high", pattern_id: "js-xpath-injection", pattern_name: "XPath Injection", recommendation: "Review this code for potential security issues", confidence: 0.3, pattern_type: :xpath_injection, min_confidence: 0.8}
14:25:34.267 [debug] Match confidence: 0.3, min_confidence: 0.8, match: %{type: "js-xpath-injection", context: %{node_type: "CallExpression", depth: 9, parent_type: "BinaryExpression", in_function: "complexFunction5"}, location: %{depth: 9, end_column: 27, end_line: 4, start_line: 4, start_column: 14}, severity: "high", pattern_id: "js-xpath-injection", pattern_name: "XPath Injection", recommendation: "Review this code for potential security issues", confidence: 0.3, pattern_type: :xpath_injection, min_confidence: 0.8}
14:25:34.267 [debug] Match confidence: 0.3, min_confidence: 0.8, match: %{type: "js-xpath-injection", context: %{node_type: "CallExpression", depth: 5, parent_type: "ReturnStatement", in_function: "complexFunction5"}, location: %{depth: 5, end_column: 40, end_line: 6, start_line: 6, start_column: 9}, severity: "high", pattern_id: "js-xpath-injection", pattern_name: "XPath Injection", recommendation: "Review this code for potential security issues", confidence: 0.3, pattern_type: :xpath_injection, min_confidence: 0.8}
14:25:34.267 [debug] Match confidence: 0.3, min_confidence: 0.7, match: %{type: "js-ssrf", context: %{node_type: "CallExpression", depth: 7, parent_type: "ExpressionStatement", in_function: "complexFunction5"}, location: %{depth: 7, end_column: 32, end_line: 4, start_line: 4, start_column: 4}, severity: "medium", pattern_id: "js-ssrf", pattern_name: "Server-Side Request Forgery (SSRF)", recommendation: "Review this code for potential security issues", confidence: 0.3, pattern_type: :ssrf, min_confidence: 0.7}
14:25:34.267 [debug] Match confidence: 0.3, min_confidence: 0.7, match: %{type: "js-ssrf", context: %{node_type: "CallExpression", depth: 9, parent_type: "BinaryExpression", in_function: "complexFunction5"}, location: %{depth: 9, end_column: 27, end_line: 4, start_line: 4, start_column: 14}, severity: "medium", pattern_id: "js-ssrf", pattern_name: "Server-Side Request Forgery (SSRF)", recommendation: "Review this code for potential security issues", confidence: 0.3, pattern_type: :ssrf, min_confidence: 0.7}
14:25:34.267 [debug] Match confidence: 0.3, min_confidence: 0.7, match: %{type: "js-ssrf", context: %{node_type: "CallExpression", depth: 5, parent_type: "ReturnStatement", in_function: "complexFunction5"}, location: %{depth: 5, end_column: 40, end_line: 6, start_line: 6, start_column: 9}, severity: "medium", pattern_id: "js-ssrf", pattern_name: "Server-Side Request Forgery (SSRF)", recommendation: "Review this code for potential security issues", confidence: 0.3, pattern_type: :ssrf, min_confidence: 0.7}
14:25:34.267 [debug] Match confidence: 0.7, min_confidence: 0.8, match: %{type: "js-insecure-deserialization", context: %{node_type: "CallExpression", depth: 7, parent_type: "ExpressionStatement", in_function: "complexFunction5"}, location: %{depth: 7, end_column: 32, end_line: 4, start_line: 4, start_column: 4}, severity: "medium", pattern_id: "js-insecure-deserialization", pattern_name: "Insecure Deserialization", recommendation: "Review this code for potential security issues", confidence: 0.7, pattern_type: :deserialization, min_confidence: 0.8}
14:25:34.267 [debug] Match confidence: 0.7, min_confidence: 0.8, match: %{type: "js-insecure-deserialization", context: %{node_type: "CallExpression", depth: 9, parent_type: "BinaryExpression", in_function: "complexFunction5"}, location: %{depth: 9, end_column: 27, end_line: 4, start_line: 4, start_column: 14}, severity: "medium", pattern_id: "js-insecure-deserialization", pattern_name: "Insecure Deserialization", recommendation: "Review this code for potential security issues", confidence: 0.7, pattern_type: :deserialization, min_confidence: 0.8}
14:25:34.267 [debug] Match confidence: 0.7, min_confidence: 0.8, match: %{type: "js-insecure-deserialization", context: %{node_type: "CallExpression", depth: 5, parent_type: "ReturnStatement", in_function: "complexFunction5"}, location: %{depth: 5, end_column: 40, end_line: 6, start_line: 6, start_column: 9}, severity: "medium", pattern_id: "js-insecure-deserialization", pattern_name: "Insecure Deserialization", recommendation: "Review this code for potential security issues", confidence: 0.7, pattern_type: :deserialization, min_confidence: 0.8}
14:25:34.353 [debug] Parser response received
14:25:34.353 [info] AnalysisService: Loaded 30 patterns for javascript
14:25:34.356 [info] AnalysisService: Found 19 matches
14:25:34.356 [debug] Match confidence: 0.6, min_confidence: 0.7, match: %{type: "js-xss-jquery-html", context: %{node_type: "CallExpression", depth: 7, parent_type: "ExpressionStatement", in_function: "complexFunction6"}, location: %{depth: 7, end_column: 32, end_line: 4, start_line: 4, start_column: 4}, severity: "high", pattern_id: "js-xss-jquery-html", pattern_name: "XSS via jQuery html()", recommendation: "Review this code for potential security issues", confidence: 0.6, pattern_type: :xss, min_confidence: 0.7}
14:25:34.356 [debug] Match confidence: 0.6, min_confidence: 0.7, match: %{type: "js-xss-jquery-html", context: %{node_type: "CallExpression", depth: 9, parent_type: "BinaryExpression", in_function: "complexFunction6"}, location: %{depth: 9, end_column: 27, end_line: 4, start_line: 4, start_column: 14}, severity: "high", pattern_id: "js-xss-jquery-html", pattern_name: "XSS via jQuery html()", recommendation: "Review this code for potential security issues", confidence: 0.6, pattern_type: :xss, min_confidence: 0.7}
14:25:34.356 [debug] Match confidence: 0.6, min_confidence: 0.7, match: %{type: "js-xss-jquery-html", context: %{node_type: "CallExpression", depth: 5, parent_type: "ReturnStatement", in_function: "complexFunction6"}, location: %{depth: 5, end_column: 40, end_line: 6, start_line: 6, start_column: 9}, severity: "high", pattern_id: "js-xss-jquery-html", pattern_name: "XSS via jQuery html()", recommendation: "Review this code for potential security issues", confidence: 0.6, pattern_type: :xss, min_confidence: 0.7}
14:25:34.356 [debug] Match confidence: 0.3, min_confidence: 0.7, match: %{type: "js-path-traversal-concat", context: %{node_type: "BinaryExpression", depth: 7, parent_type: "ArrowFunctionExpression", in_function: "complexFunction6"}, location: %{depth: 7, end_column: 36, end_line: 6, start_line: 6, start_column: 31}, severity: "medium", pattern_id: "js-path-traversal-concat", pattern_name: "Path Traversal via String Concatenation", recommendation: "Review this code for potential security issues", confidence: 0.3, pattern_type: :path_traversal, min_confidence: 0.7}
14:25:34.356 [debug] Match confidence: 0.3, min_confidence: 0.7, match: %{type: "js-nosql-injection", context: %{node_type: "CallExpression", depth: 7, parent_type: "ExpressionStatement", in_function: "complexFunction6"}, location: %{depth: 7, end_column: 32, end_line: 4, start_line: 4, start_column: 4}, severity: "high", pattern_id: "js-nosql-injection", pattern_name: "NoSQL Injection", recommendation: "Review this code for potential security issues", confidence: 0.3, pattern_type: :nosql_injection, min_confidence: 0.7}
14:25:34.356 [debug] Match confidence: 0.3, min_confidence: 0.7, match: %{type: "js-nosql-injection", context: %{node_type: "CallExpression", depth: 9, parent_type: "BinaryExpression", in_function: "complexFunction6"}, location: %{depth: 9, end_column: 27, end_line: 4, start_line: 4, start_column: 14}, severity: "high", pattern_id: "js-nosql-injection", pattern_name: "NoSQL Injection", recommendation: "Review this code for potential security issues", confidence: 0.3, pattern_type: :nosql_injection, min_confidence: 0.7}
14:25:34.356 [debug] Match confidence: 0.3, min_confidence: 0.7, match: %{type: "js-nosql-injection", context: %{node_type: "CallExpression", depth: 5, parent_type: "ReturnStatement", in_function: "complexFunction6"}, location: %{depth: 5, end_column: 40, end_line: 6, start_line: 6, start_column: 9}, severity: "high", pattern_id: "js-nosql-injection", pattern_name: "NoSQL Injection", recommendation: "Review this code for potential security issues", confidence: 0.3, pattern_type: :nosql_injection, min_confidence: 0.7}
14:25:34.356 [debug] Match confidence: 0.3, min_confidence: 0.8, match: %{type: "js-ldap-injection", context: %{node_type: "CallExpression", depth: 7, parent_type: "ExpressionStatement", in_function: "complexFunction6"}, location: %{depth: 7, end_column: 32, end_line: 4, start_line: 4, start_column: 4}, severity: "high", pattern_id: "js-ldap-injection", pattern_name: "LDAP Injection", recommendation: "Review this code for potential security issues", confidence: 0.3, pattern_type: :ldap_injection, min_confidence: 0.8}
14:25:34.356 [debug] Match confidence: 0.3, min_confidence: 0.8, match: %{type: "js-ldap-injection", context: %{node_type: "CallExpression", depth: 9, parent_type: "BinaryExpression", in_function: "complexFunction6"}, location: %{depth: 9, end_column: 27, end_line: 4, start_line: 4, start_column: 14}, severity: "high", pattern_id: "js-ldap-injection", pattern_name: "LDAP Injection", recommendation: "Review this code for potential security issues", confidence: 0.3, pattern_type: :ldap_injection, min_confidence: 0.8}
14:25:34.356 [debug] Match confidence: 0.3, min_confidence: 0.8, match: %{type: "js-ldap-injection", context: %{node_type: "CallExpression", depth: 5, parent_type: "ReturnStatement", in_function: "complexFunction6"}, location: %{depth: 5, end_column: 40, end_line: 6, start_line: 6, start_column: 9}, severity: "high", pattern_id: "js-ldap-injection", pattern_name: "LDAP Injection", recommendation: "Review this code for potential security issues", confidence: 0.3, pattern_type: :ldap_injection, min_confidence: 0.8}
14:25:34.356 [debug] Match confidence: 0.3, min_confidence: 0.8, match: %{type: "js-xpath-injection", context: %{node_type: "CallExpression", depth: 7, parent_type: "ExpressionStatement", in_function: "complexFunction6"}, location: %{depth: 7, end_column: 32, end_line: 4, start_line: 4, start_column: 4}, severity: "high", pattern_id: "js-xpath-injection", pattern_name: "XPath Injection", recommendation: "Review this code for potential security issues", confidence: 0.3, pattern_type: :xpath_injection, min_confidence: 0.8}
14:25:34.357 [debug] Match confidence: 0.3, min_confidence: 0.8, match: %{type: "js-xpath-injection", context: %{node_type: "CallExpression", depth: 9, parent_type: "BinaryExpression", in_function: "complexFunction6"}, location: %{depth: 9, end_column: 27, end_line: 4, start_line: 4, start_column: 14}, severity: "high", pattern_id: "js-xpath-injection", pattern_name: "XPath Injection", recommendation: "Review this code for potential security issues", confidence: 0.3, pattern_type: :xpath_injection, min_confidence: 0.8}
14:25:34.357 [debug] Match confidence: 0.3, min_confidence: 0.8, match: %{type: "js-xpath-injection", context: %{node_type: "CallExpression", depth: 5, parent_type: "ReturnStatement", in_function: "complexFunction6"}, location: %{depth: 5, end_column: 40, end_line: 6, start_line: 6, start_column: 9}, severity: "high", pattern_id: "js-xpath-injection", pattern_name: "XPath Injection", recommendation: "Review this code for potential security issues", confidence: 0.3, pattern_type: :xpath_injection, min_confidence: 0.8}
14:25:34.357 [debug] Match confidence: 0.3, min_confidence: 0.7, match: %{type: "js-ssrf", context: %{node_type: "CallExpression", depth: 7, parent_type: "ExpressionStatement", in_function: "complexFunction6"}, location: %{depth: 7, end_column: 32, end_line: 4, start_line: 4, start_column: 4}, severity: "medium", pattern_id: "js-ssrf", pattern_name: "Server-Side Request Forgery (SSRF)", recommendation: "Review this code for potential security issues", confidence: 0.3, pattern_type: :ssrf, min_confidence: 0.7}
14:25:34.357 [debug] Match confidence: 0.3, min_confidence: 0.7, match: %{type: "js-ssrf", context: %{node_type: "CallExpression", depth: 9, parent_type: "BinaryExpression", in_function: "complexFunction6"}, location: %{depth: 9, end_column: 27, end_line: 4, start_line: 4, start_column: 14}, severity: "medium", pattern_id: "js-ssrf", pattern_name: "Server-Side Request Forgery (SSRF)", recommendation: "Review this code for potential security issues", confidence: 0.3, pattern_type: :ssrf, min_confidence: 0.7}
14:25:34.357 [debug] Match confidence: 0.3, min_confidence: 0.7, match: %{type: "js-ssrf", context: %{node_type: "CallExpression", depth: 5, parent_type: "ReturnStatement", in_function: "complexFunction6"}, location: %{depth: 5, end_column: 40, end_line: 6, start_line: 6, start_column: 9}, severity: "medium", pattern_id: "js-ssrf", pattern_name: "Server-Side Request Forgery (SSRF)", recommendation: "Review this code for potential security issues", confidence: 0.3, pattern_type: :ssrf, min_confidence: 0.7}
14:25:34.357 [debug] Match confidence: 0.7, min_confidence: 0.8, match: %{type: "js-insecure-deserialization", context: %{node_type: "CallExpression", depth: 7, parent_type: "ExpressionStatement", in_function: "complexFunction6"}, location: %{depth: 7, end_column: 32, end_line: 4, start_line: 4, start_column: 4}, severity: "medium", pattern_id: "js-insecure-deserialization", pattern_name: "Insecure Deserialization", recommendation: "Review this code for potential security issues", confidence: 0.7, pattern_type: :deserialization, min_confidence: 0.8}
14:25:34.357 [debug] Match confidence: 0.7, min_confidence: 0.8, match: %{type: "js-insecure-deserialization", context: %{node_type: "CallExpression", depth: 9, parent_type: "BinaryExpression", in_function: "complexFunction6"}, location: %{depth: 9, end_column: 27, end_line: 4, start_line: 4, start_column: 14}, severity: "medium", pattern_id: "js-insecure-deserialization", pattern_name: "Insecure Deserialization", recommendation: "Review this code for potential security issues", confidence: 0.7, pattern_type: :deserialization, min_confidence: 0.8}
14:25:34.357 [debug] Match confidence: 0.7, min_confidence: 0.8, match: %{type: "js-insecure-deserialization", context: %{node_type: "CallExpression", depth: 5, parent_type: "ReturnStatement", in_function: "complexFunction6"}, location: %{depth: 5, end_column: 40, end_line: 6, start_line: 6, start_column: 9}, severity: "medium", pattern_id: "js-insecure-deserialization", pattern_name: "Insecure Deserialization", recommendation: "Review this code for potential security issues", confidence: 0.7, pattern_type: :deserialization, min_confidence: 0.8}
14:25:34.441 [debug] Parser response received
14:25:34.441 [info] AnalysisService: Loaded 30 patterns for javascript
14:25:34.445 [info] AnalysisService: Found 19 matches
14:25:34.445 [debug] Match confidence: 0.6, min_confidence: 0.7, match: %{type: "js-xss-jquery-html", context: %{node_type: "CallExpression", depth: 7, parent_type: "ExpressionStatement", in_function: "complexFunction7"}, location: %{depth: 7, end_column: 32, end_line: 4, start_line: 4, start_column: 4}, severity: "high", pattern_id: "js-xss-jquery-html", pattern_name: "XSS via jQuery html()", recommendation: "Review this code for potential security issues", confidence: 0.6, pattern_type: :xss, min_confidence: 0.7}
14:25:34.445 [debug] Match confidence: 0.6, min_confidence: 0.7, match: %{type: "js-xss-jquery-html", context: %{node_type: "CallExpression", depth: 9, parent_type: "BinaryExpression", in_function: "complexFunction7"}, location: %{depth: 9, end_column: 27, end_line: 4, start_line: 4, start_column: 14}, severity: "high", pattern_id: "js-xss-jquery-html", pattern_name: "XSS via jQuery html()", recommendation: "Review this code for potential security issues", confidence: 0.6, pattern_type: :xss, min_confidence: 0.7}
14:25:34.445 [debug] Match confidence: 0.6, min_confidence: 0.7, match: %{type: "js-xss-jquery-html", context: %{node_type: "CallExpression", depth: 5, parent_type: "ReturnStatement", in_function: "complexFunction7"}, location: %{depth: 5, end_column: 40, end_line: 6, start_line: 6, start_column: 9}, severity: "high", pattern_id: "js-xss-jquery-html", pattern_name: "XSS via jQuery html()", recommendation: "Review this code for potential security issues", confidence: 0.6, pattern_type: :xss, min_confidence: 0.7}
14:25:34.445 [debug] Match confidence: 0.3, min_confidence: 0.7, match: %{type: "js-path-traversal-concat", context: %{node_type: "BinaryExpression", depth: 7, parent_type: "ArrowFunctionExpression", in_function: "complexFunction7"}, location: %{depth: 7, end_column: 36, end_line: 6, start_line: 6, start_column: 31}, severity: "medium", pattern_id: "js-path-traversal-concat", pattern_name: "Path Traversal via String Concatenation", recommendation: "Review this code for potential security issues", confidence: 0.3, pattern_type: :path_traversal, min_confidence: 0.7}
14:25:34.445 [debug] Match confidence: 0.3, min_confidence: 0.7, match: %{type: "js-nosql-injection", context: %{node_type: "CallExpression", depth: 7, parent_type: "ExpressionStatement", in_function: "complexFunction7"}, location: %{depth: 7, end_column: 32, end_line: 4, start_line: 4, start_column: 4}, severity: "high", pattern_id: "js-nosql-injection", pattern_name: "NoSQL Injection", recommendation: "Review this code for potential security issues", confidence: 0.3, pattern_type: :nosql_injection, min_confidence: 0.7}
14:25:34.445 [debug] Match confidence: 0.3, min_confidence: 0.7, match: %{type: "js-nosql-injection", context: %{node_type: "CallExpression", depth: 9, parent_type: "BinaryExpression", in_function: "complexFunction7"}, location: %{depth: 9, end_column: 27, end_line: 4, start_line: 4, start_column: 14}, severity: "high", pattern_id: "js-nosql-injection", pattern_name: "NoSQL Injection", recommendation: "Review this code for potential security issues", confidence: 0.3, pattern_type: :nosql_injection, min_confidence: 0.7}
14:25:34.445 [debug] Match confidence: 0.3, min_confidence: 0.7, match: %{type: "js-nosql-injection", context: %{node_type: "CallExpression", depth: 5, parent_type: "ReturnStatement", in_function: "complexFunction7"}, location: %{depth: 5, end_column: 40, end_line: 6, start_line: 6, start_column: 9}, severity: "high", pattern_id: "js-nosql-injection", pattern_name: "NoSQL Injection", recommendation: "Review this code for potential security issues", confidence: 0.3, pattern_type: :nosql_injection, min_confidence: 0.7}
14:25:34.445 [debug] Match confidence: 0.3, min_confidence: 0.8, match: %{type: "js-ldap-injection", context: %{node_type: "CallExpression", depth: 7, parent_type: "ExpressionStatement", in_function: "complexFunction7"}, location: %{depth: 7, end_column: 32, end_line: 4, start_line: 4, start_column: 4}, severity: "high", pattern_id: "js-ldap-injection", pattern_name: "LDAP Injection", recommendation: "Review this code for potential security issues", confidence: 0.3, pattern_type: :ldap_injection, min_confidence: 0.8}
14:25:34.445 [debug] Match confidence: 0.3, min_confidence: 0.8, match: %{type: "js-ldap-injection", context: %{node_type: "CallExpression", depth: 9, parent_type: "BinaryExpression", in_function: "complexFunction7"}, location: %{depth: 9, end_column: 27, end_line: 4, start_line: 4, start_column: 14}, severity: "high", pattern_id: "js-ldap-injection", pattern_name: "LDAP Injection", recommendation: "Review this code for potential security issues", confidence: 0.3, pattern_type: :ldap_injection, min_confidence: 0.8}
14:25:34.445 [debug] Match confidence: 0.3, min_confidence: 0.8, match: %{type: "js-ldap-injection", context: %{node_type: "CallExpression", depth: 5, parent_type: "ReturnStatement", in_function: "complexFunction7"}, location: %{depth: 5, end_column: 40, end_line: 6, start_line: 6, start_column: 9}, severity: "high", pattern_id: "js-ldap-injection", pattern_name: "LDAP Injection", recommendation: "Review this code for potential security issues", confidence: 0.3, pattern_type: :ldap_injection, min_confidence: 0.8}
14:25:34.446 [debug] Match confidence: 0.3, min_confidence: 0.8, match: %{type: "js-xpath-injection", context: %{node_type: "CallExpression", depth: 7, parent_type: "ExpressionStatement", in_function: "complexFunction7"}, location: %{depth: 7, end_column: 32, end_line: 4, start_line: 4, start_column: 4}, severity: "high", pattern_id: "js-xpath-injection", pattern_name: "XPath Injection", recommendation: "Review this code for potential security issues", confidence: 0.3, pattern_type: :xpath_injection, min_confidence: 0.8}
14:25:34.446 [debug] Match confidence: 0.3, min_confidence: 0.8, match: %{type: "js-xpath-injection", context: %{node_type: "CallExpression", depth: 9, parent_type: "BinaryExpression", in_function: "complexFunction7"}, location: %{depth: 9, end_column: 27, end_line: 4, start_line: 4, start_column: 14}, severity: "high", pattern_id: "js-xpath-injection", pattern_name: "XPath Injection", recommendation: "Review this code for potential security issues", confidence: 0.3, pattern_type: :xpath_injection, min_confidence: 0.8}
14:25:34.446 [debug] Match confidence: 0.3, min_confidence: 0.8, match: %{type: "js-xpath-injection", context: %{node_type: "CallExpression", depth: 5, parent_type: "ReturnStatement", in_function: "complexFunction7"}, location: %{depth: 5, end_column: 40, end_line: 6, start_line: 6, start_column: 9}, severity: "high", pattern_id: "js-xpath-injection", pattern_name: "XPath Injection", recommendation: "Review this code for potential security issues", confidence: 0.3, pattern_type: :xpath_injection, min_confidence: 0.8}
14:25:34.446 [debug] Match confidence: 0.3, min_confidence: 0.7, match: %{type: "js-ssrf", context: %{node_type: "CallExpression", depth: 7, parent_type: "ExpressionStatement", in_function: "complexFunction7"}, location: %{depth: 7, end_column: 32, end_line: 4, start_line: 4, start_column: 4}, severity: "medium", pattern_id: "js-ssrf", pattern_name: "Server-Side Request Forgery (SSRF)", recommendation: "Review this code for potential security issues", confidence: 0.3, pattern_type: :ssrf, min_confidence: 0.7}
14:25:34.446 [debug] Match confidence: 0.3, min_confidence: 0.7, match: %{type: "js-ssrf", context: %{node_type: "CallExpression", depth: 9, parent_type: "BinaryExpression", in_function: "complexFunction7"}, location: %{depth: 9, end_column: 27, end_line: 4, start_line: 4, start_column: 14}, severity: "medium", pattern_id: "js-ssrf", pattern_name: "Server-Side Request Forgery (SSRF)", recommendation: "Review this code for potential security issues", confidence: 0.3, pattern_type: :ssrf, min_confidence: 0.7}
14:25:34.446 [debug] Match confidence: 0.3, min_confidence: 0.7, match: %{type: "js-ssrf", context: %{node_type: "CallExpression", depth: 5, parent_type: "ReturnStatement", in_function: "complexFunction7"}, location: %{depth: 5, end_column: 40, end_line: 6, start_line: 6, start_column: 9}, severity: "medium", pattern_id: "js-ssrf", pattern_name: "Server-Side Request Forgery (SSRF)", recommendation: "Review this code for potential security issues", confidence: 0.3, pattern_type: :ssrf, min_confidence: 0.7}
14:25:34.446 [debug] Match confidence: 0.7, min_confidence: 0.8, match: %{type: "js-insecure-deserialization", context: %{node_type: "CallExpression", depth: 7, parent_type: "ExpressionStatement", in_function: "complexFunction7"}, location: %{depth: 7, end_column: 32, end_line: 4, start_line: 4, start_column: 4}, severity: "medium", pattern_id: "js-insecure-deserialization", pattern_name: "Insecure Deserialization", recommendation: "Review this code for potential security issues", confidence: 0.7, pattern_type: :deserialization, min_confidence: 0.8}
14:25:34.446 [debug] Match confidence: 0.7, min_confidence: 0.8, match: %{type: "js-insecure-deserialization", context: %{node_type: "CallExpression", depth: 9, parent_type: "BinaryExpression", in_function: "complexFunction7"}, location: %{depth: 9, end_column: 27, end_line: 4, start_line: 4, start_column: 14}, severity: "medium", pattern_id: "js-insecure-deserialization", pattern_name: "Insecure Deserialization", recommendation: "Review this code for potential security issues", confidence: 0.7, pattern_type: :deserialization, min_confidence: 0.8}
14:25:34.446 [debug] Match confidence: 0.7, min_confidence: 0.8, match: %{type: "js-insecure-deserialization", context: %{node_type: "CallExpression", depth: 5, parent_type: "ReturnStatement", in_function: "complexFunction7"}, location: %{depth: 5, end_column: 40, end_line: 6, start_line: 6, start_column: 9}, severity: "medium", pattern_id: "js-insecure-deserialization", pattern_name: "Insecure Deserialization", recommendation: "Review this code for potential security issues", confidence: 0.7, pattern_type: :deserialization, min_confidence: 0.8}
14:25:34.528 [debug] Parser response received
14:25:34.528 [info] AnalysisService: Loaded 30 patterns for javascript
14:25:34.531 [info] AnalysisService: Found 19 matches
14:25:34.531 [debug] Match confidence: 0.6, min_confidence: 0.7, match: %{type: "js-xss-jquery-html", context: %{node_type: "CallExpression", depth: 7, parent_type: "ExpressionStatement", in_function: "complexFunction8"}, location: %{depth: 7, end_column: 32, end_line: 4, start_line: 4, start_column: 4}, severity: "high", pattern_id: "js-xss-jquery-html", pattern_name: "XSS via jQuery html()", recommendation: "Review this code for potential security issues", confidence: 0.6, pattern_type: :xss, min_confidence: 0.7}
14:25:34.531 [debug] Match confidence: 0.6, min_confidence: 0.7, match: %{type: "js-xss-jquery-html", context: %{node_type: "CallExpression", depth: 9, parent_type: "BinaryExpression", in_function: "complexFunction8"}, location: %{depth: 9, end_column: 27, end_line: 4, start_line: 4, start_column: 14}, severity: "high", pattern_id: "js-xss-jquery-html", pattern_name: "XSS via jQuery html()", recommendation: "Review this code for potential security issues", confidence: 0.6, pattern_type: :xss, min_confidence: 0.7}
14:25:34.531 [debug] Match confidence: 0.6, min_confidence: 0.7, match: %{type: "js-xss-jquery-html", context: %{node_type: "CallExpression", depth: 5, parent_type: "ReturnStatement", in_function: "complexFunction8"}, location: %{depth: 5, end_column: 40, end_line: 6, start_line: 6, start_column: 9}, severity: "high", pattern_id: "js-xss-jquery-html", pattern_name: "XSS via jQuery html()", recommendation: "Review this code for potential security issues", confidence: 0.6, pattern_type: :xss, min_confidence: 0.7}
14:25:34.531 [debug] Match confidence: 0.3, min_confidence: 0.7, match: %{type: "js-path-traversal-concat", context: %{node_type: "BinaryExpression", depth: 7, parent_type: "ArrowFunctionExpression", in_function: "complexFunction8"}, location: %{depth: 7, end_column: 36, end_line: 6, start_line: 6, start_column: 31}, severity: "medium", pattern_id: "js-path-traversal-concat", pattern_name: "Path Traversal via String Concatenation", recommendation: "Review this code for potential security issues", confidence: 0.3, pattern_type: :path_traversal, min_confidence: 0.7}
14:25:34.531 [debug] Match confidence: 0.3, min_confidence: 0.7, match: %{type: "js-nosql-injection", context: %{node_type: "CallExpression", depth: 7, parent_type: "ExpressionStatement", in_function: "complexFunction8"}, location: %{depth: 7, end_column: 32, end_line: 4, start_line: 4, start_column: 4}, severity: "high", pattern_id: "js-nosql-injection", pattern_name: "NoSQL Injection", recommendation: "Review this code for potential security issues", confidence: 0.3, pattern_type: :nosql_injection, min_confidence: 0.7}
14:25:34.531 [debug] Match confidence: 0.3, min_confidence: 0.7, match: %{type: "js-nosql-injection", context: %{node_type: "CallExpression", depth: 9, parent_type: "BinaryExpression", in_function: "complexFunction8"}, location: %{depth: 9, end_column: 27, end_line: 4, start_line: 4, start_column: 14}, severity: "high", pattern_id: "js-nosql-injection", pattern_name: "NoSQL Injection", recommendation: "Review this code for potential security issues", confidence: 0.3, pattern_type: :nosql_injection, min_confidence: 0.7}
14:25:34.531 [debug] Match confidence: 0.3, min_confidence: 0.7, match: %{type: "js-nosql-injection", context: %{node_type: "CallExpression", depth: 5, parent_type: "ReturnStatement", in_function: "complexFunction8"}, location: %{depth: 5, end_column: 40, end_line: 6, start_line: 6, start_column: 9}, severity: "high", pattern_id: "js-nosql-injection", pattern_name: "NoSQL Injection", recommendation: "Review this code for potential security issues", confidence: 0.3, pattern_type: :nosql_injection, min_confidence: 0.7}
14:25:34.531 [debug] Match confidence: 0.3, min_confidence: 0.8, match: %{type: "js-ldap-injection", context: %{node_type: "CallExpression", depth: 7, parent_type: "ExpressionStatement", in_function: "complexFunction8"}, location: %{depth: 7, end_column: 32, end_line: 4, start_line: 4, start_column: 4}, severity: "high", pattern_id: "js-ldap-injection", pattern_name: "LDAP Injection", recommendation: "Review this code for potential security issues", confidence: 0.3, pattern_type: :ldap_injection, min_confidence: 0.8}
14:25:34.531 [debug] Match confidence: 0.3, min_confidence: 0.8, match: %{type: "js-ldap-injection", context: %{node_type: "CallExpression", depth: 9, parent_type: "BinaryExpression", in_function: "complexFunction8"}, location: %{depth: 9, end_column: 27, end_line: 4, start_line: 4, start_column: 14}, severity: "high", pattern_id: "js-ldap-injection", pattern_name: "LDAP Injection", recommendation: "Review this code for potential security issues", confidence: 0.3, pattern_type: :ldap_injection, min_confidence: 0.8}
14:25:34.531 [debug] Match confidence: 0.3, min_confidence: 0.8, match: %{type: "js-ldap-injection", context: %{node_type: "CallExpression", depth: 5, parent_type: "ReturnStatement", in_function: "complexFunction8"}, location: %{depth: 5, end_column: 40, end_line: 6, start_line: 6, start_column: 9}, severity: "high", pattern_id: "js-ldap-injection", pattern_name: "LDAP Injection", recommendation: "Review this code for potential security issues", confidence: 0.3, pattern_type: :ldap_injection, min_confidence: 0.8}
14:25:34.531 [debug] Match confidence: 0.3, min_confidence: 0.8, match: %{type: "js-xpath-injection", context: %{node_type: "CallExpression", depth: 7, parent_type: "ExpressionStatement", in_function: "complexFunction8"}, location: %{depth: 7, end_column: 32, end_line: 4, start_line: 4, start_column: 4}, severity: "high", pattern_id: "js-xpath-injection", pattern_name: "XPath Injection", recommendation: "Review this code for potential security issues", confidence: 0.3, pattern_type: :xpath_injection, min_confidence: 0.8}
14:25:34.531 [debug] Match confidence: 0.3, min_confidence: 0.8, match: %{type: "js-xpath-injection", context: %{node_type: "CallExpression", depth: 9, parent_type: "BinaryExpression", in_function: "complexFunction8"}, location: %{depth: 9, end_column: 27, end_line: 4, start_line: 4, start_column: 14}, severity: "high", pattern_id: "js-xpath-injection", pattern_name: "XPath Injection", recommendation: "Review this code for potential security issues", confidence: 0.3, pattern_type: :xpath_injection, min_confidence: 0.8}
14:25:34.531 [debug] Match confidence: 0.3, min_confidence: 0.8, match: %{type: "js-xpath-injection", context: %{node_type: "CallExpression", depth: 5, parent_type: "ReturnStatement", in_function: "complexFunction8"}, location: %{depth: 5, end_column: 40, end_line: 6, start_line: 6, start_column: 9}, severity: "high", pattern_id: "js-xpath-injection", pattern_name: "XPath Injection", recommendation: "Review this code for potential security issues", confidence: 0.3, pattern_type: :xpath_injection, min_confidence: 0.8}
14:25:34.532 [debug] Match confidence: 0.3, min_confidence: 0.7, match: %{type: "js-ssrf", context: %{node_type: "CallExpression", depth: 7, parent_type: "ExpressionStatement", in_function: "complexFunction8"}, location: %{depth: 7, end_column: 32, end_line: 4, start_line: 4, start_column: 4}, severity: "medium", pattern_id: "js-ssrf", pattern_name: "Server-Side Request Forgery (SSRF)", recommendation: "Review this code for potential security issues", confidence: 0.3, pattern_type: :ssrf, min_confidence: 0.7}
14:25:34.532 [debug] Match confidence: 0.3, min_confidence: 0.7, match: %{type: "js-ssrf", context: %{node_type: "CallExpression", depth: 9, parent_type: "BinaryExpression", in_function: "complexFunction8"}, location: %{depth: 9, end_column: 27, end_line: 4, start_line: 4, start_column: 14}, severity: "medium", pattern_id: "js-ssrf", pattern_name: "Server-Side Request Forgery (SSRF)", recommendation: "Review this code for potential security issues", confidence: 0.3, pattern_type: :ssrf, min_confidence: 0.7}
14:25:34.532 [debug] Match confidence: 0.3, min_confidence: 0.7, match: %{type: "js-ssrf", context: %{node_type: "CallExpression", depth: 5, parent_type: "ReturnStatement", in_function: "complexFunction8"}, location: %{depth: 5, end_column: 40, end_line: 6, start_line: 6, start_column: 9}, severity: "medium", pattern_id: "js-ssrf", pattern_name: "Server-Side Request Forgery (SSRF)", recommendation: "Review this code for potential security issues", confidence: 0.3, pattern_type: :ssrf, min_confidence: 0.7}
14:25:34.532 [debug] Match confidence: 0.7, min_confidence: 0.8, match: %{type: "js-insecure-deserialization", context: %{node_type: "CallExpression", depth: 7, parent_type: "ExpressionStatement", in_function: "complexFunction8"}, location: %{depth: 7, end_column: 32, end_line: 4, start_line: 4, start_column: 4}, severity: "medium", pattern_id: "js-insecure-deserialization", pattern_name: "Insecure Deserialization", recommendation: "Review this code for potential security issues", confidence: 0.7, pattern_type: :deserialization, min_confidence: 0.8}
14:25:34.532 [debug] Match confidence: 0.7, min_confidence: 0.8, match: %{type: "js-insecure-deserialization", context: %{node_type: "CallExpression", depth: 9, parent_type: "BinaryExpression", in_function: "complexFunction8"}, location: %{depth: 9, end_column: 27, end_line: 4, start_line: 4, start_column: 14}, severity: "medium", pattern_id: "js-insecure-deserialization", pattern_name: "Insecure Deserialization", recommendation: "Review this code for potential security issues", confidence: 0.7, pattern_type: :deserialization, min_confidence: 0.8}
14:25:34.532 [debug] Match confidence: 0.7, min_confidence: 0.8, match: %{type: "js-insecure-deserialization", context: %{node_type: "CallExpression", depth: 5, parent_type: "ReturnStatement", in_function: "complexFunction8"}, location: %{depth: 5, end_column: 40, end_line: 6, start_line: 6, start_column: 9}, severity: "medium", pattern_id: "js-insecure-deserialization", pattern_name: "Insecure Deserialization", recommendation: "Review this code for potential security issues", confidence: 0.7, pattern_type: :deserialization, min_confidence: 0.8}
14:25:34.532 [info] AnalysisService: Loaded 30 patterns for javascript
14:25:34.535 [info] AnalysisService: Found 19 matches
14:25:34.535 [debug] Match confidence: 0.6, min_confidence: 0.7, match: %{type: "js-xss-jquery-html", context: %{node_type: "CallExpression", depth: 7, parent_type: "ExpressionStatement", in_function: "complexFunction1"}, location: %{depth: 7, end_column: 32, end_line: 4, start_line: 4, start_column: 4}, severity: "high", pattern_id: "js-xss-jquery-html", pattern_name: "XSS via jQuery html()", recommendation: "Review this code for potential security issues", confidence: 0.6, pattern_type: :xss, min_confidence: 0.7}
14:25:34.535 [debug] Match confidence: 0.6, min_confidence: 0.7, match: %{type: "js-xss-jquery-html", context: %{node_type: "CallExpression", depth: 9, parent_type: "BinaryExpression", in_function: "complexFunction1"}, location: %{depth: 9, end_column: 27, end_line: 4, start_line: 4, start_column: 14}, severity: "high", pattern_id: "js-xss-jquery-html", pattern_name: "XSS via jQuery html()", recommendation: "Review this code for potential security issues", confidence: 0.6, pattern_type: :xss, min_confidence: 0.7}
14:25:34.535 [debug] Match confidence: 0.6, min_confidence: 0.7, match: %{type: "js-xss-jquery-html", context: %{node_type: "CallExpression", depth: 5, parent_type: "ReturnStatement", in_function: "complexFunction1"}, location: %{depth: 5, end_column: 40, end_line: 6, start_line: 6, start_column: 9}, severity: "high", pattern_id: "js-xss-jquery-html", pattern_name: "XSS via jQuery html()", recommendation: "Review this code for potential security issues", confidence: 0.6, pattern_type: :xss, min_confidence: 0.7}
14:25:34.535 [debug] Match confidence: 0.3, min_confidence: 0.7, match: %{type: "js-path-traversal-concat", context: %{node_type: "BinaryExpression", depth: 7, parent_type: "ArrowFunctionExpression", in_function: "complexFunction1"}, location: %{depth: 7, end_column: 36, end_line: 6, start_line: 6, start_column: 31}, severity: "medium", pattern_id: "js-path-traversal-concat", pattern_name: "Path Traversal via String Concatenation", recommendation: "Review this code for potential security issues", confidence: 0.3, pattern_type: :path_traversal, min_confidence: 0.7}
14:25:34.535 [debug] Match confidence: 0.3, min_confidence: 0.7, match: %{type: "js-nosql-injection", context: %{node_type: "CallExpression", depth: 7, parent_type: "ExpressionStatement", in_function: "complexFunction1"}, location: %{depth: 7, end_column: 32, end_line: 4, start_line: 4, start_column: 4}, severity: "high", pattern_id: "js-nosql-injection", pattern_name: "NoSQL Injection", recommendation: "Review this code for potential security issues", confidence: 0.3, pattern_type: :nosql_injection, min_confidence: 0.7}
14:25:34.535 [debug] Match confidence: 0.3, min_confidence: 0.7, match: %{type: "js-nosql-injection", context: %{node_type: "CallExpression", depth: 9, parent_type: "BinaryExpression", in_function: "complexFunction1"}, location: %{depth: 9, end_column: 27, end_line: 4, start_line: 4, start_column: 14}, severity: "high", pattern_id: "js-nosql-injection", pattern_name: "NoSQL Injection", recommendation: "Review this code for potential security issues", confidence: 0.3, pattern_type: :nosql_injection, min_confidence: 0.7}
14:25:34.535 [debug] Match confidence: 0.3, min_confidence: 0.7, match: %{type: "js-nosql-injection", context: %{node_type: "CallExpression", depth: 5, parent_type: "ReturnStatement", in_function: "complexFunction1"}, location: %{depth: 5, end_column: 40, end_line: 6, start_line: 6, start_column: 9}, severity: "high", pattern_id: "js-nosql-injection", pattern_name: "NoSQL Injection", recommendation: "Review this code for potential security issues", confidence: 0.3, pattern_type: :nosql_injection, min_confidence: 0.7}
14:25:34.535 [debug] Match confidence: 0.3, min_confidence: 0.8, match: %{type: "js-ldap-injection", context: %{node_type: "CallExpression", depth: 7, parent_type: "ExpressionStatement", in_function: "complexFunction1"}, location: %{depth: 7, end_column: 32, end_line: 4, start_line: 4, start_column: 4}, severity: "high", pattern_id: "js-ldap-injection", pattern_name: "LDAP Injection", recommendation: "Review this code for potential security issues", confidence: 0.3, pattern_type: :ldap_injection, min_confidence: 0.8}
14:25:34.535 [debug] Match confidence: 0.3, min_confidence: 0.8, match: %{type: "js-ldap-injection", context: %{node_type: "CallExpression", depth: 9, parent_type: "BinaryExpression", in_function: "complexFunction1"}, location: %{depth: 9, end_column: 27, end_line: 4, start_line: 4, start_column: 14}, severity: "high", pattern_id: "js-ldap-injection", pattern_name: "LDAP Injection", recommendation: "Review this code for potential security issues", confidence: 0.3, pattern_type: :ldap_injection, min_confidence: 0.8}
14:25:34.536 [debug] Match confidence: 0.3, min_confidence: 0.8, match: %{type: "js-ldap-injection", context: %{node_type: "CallExpression", depth: 5, parent_type: "ReturnStatement", in_function: "complexFunction1"}, location: %{depth: 5, end_column: 40, end_line: 6, start_line: 6, start_column: 9}, severity: "high", pattern_id: "js-ldap-injection", pattern_name: "LDAP Injection", recommendation: "Review this code for potential security issues", confidence: 0.3, pattern_type: :ldap_injection, min_confidence: 0.8}
14:25:34.536 [debug] Match confidence: 0.3, min_confidence: 0.8, match: %{type: "js-xpath-injection", context: %{node_type: "CallExpression", depth: 7, parent_type: "ExpressionStatement", in_function: "complexFunction1"}, location: %{depth: 7, end_column: 32, end_line: 4, start_line: 4, start_column: 4}, severity: "high", pattern_id: "js-xpath-injection", pattern_name: "XPath Injection", recommendation: "Review this code for potential security issues", confidence: 0.3, pattern_type: :xpath_injection, min_confidence: 0.8}
14:25:34.536 [debug] Match confidence: 0.3, min_confidence: 0.8, match: %{type: "js-xpath-injection", context: %{node_type: "CallExpression", depth: 9, parent_type: "BinaryExpression", in_function: "complexFunction1"}, location: %{depth: 9, end_column: 27, end_line: 4, start_line: 4, start_column: 14}, severity: "high", pattern_id: "js-xpath-injection", pattern_name: "XPath Injection", recommendation: "Review this code for potential security issues", confidence: 0.3, pattern_type: :xpath_injection, min_confidence: 0.8}
14:25:34.536 [debug] Match confidence: 0.3, min_confidence: 0.8, match: %{type: "js-xpath-injection", context: %{node_type: "CallExpression", depth: 5, parent_type: "ReturnStatement", in_function: "complexFunction1"}, location: %{depth: 5, end_column: 40, end_line: 6, start_line: 6, start_column: 9}, severity: "high", pattern_id: "js-xpath-injection", pattern_name: "XPath Injection", recommendation: "Review this code for potential security issues", confidence: 0.3, pattern_type: :xpath_injection, min_confidence: 0.8}
14:25:34.536 [debug] Match confidence: 0.3, min_confidence: 0.7, match: %{type: "js-ssrf", context: %{node_type: "CallExpression", depth: 7, parent_type: "ExpressionStatement", in_function: "complexFunction1"}, location: %{depth: 7, end_column: 32, end_line: 4, start_line: 4, start_column: 4}, severity: "medium", pattern_id: "js-ssrf", pattern_name: "Server-Side Request Forgery (SSRF)", recommendation: "Review this code for potential security issues", confidence: 0.3, pattern_type: :ssrf, min_confidence: 0.7}
14:25:34.536 [debug] Match confidence: 0.3, min_confidence: 0.7, match: %{type: "js-ssrf", context: %{node_type: "CallExpression", depth: 9, parent_type: "BinaryExpression", in_function: "complexFunction1"}, location: %{depth: 9, end_column: 27, end_line: 4, start_line: 4, start_column: 14}, severity: "medium", pattern_id: "js-ssrf", pattern_name: "Server-Side Request Forgery (SSRF)", recommendation: "Review this code for potential security issues", confidence: 0.3, pattern_type: :ssrf, min_confidence: 0.7}
14:25:34.536 [debug] Match confidence: 0.3, min_confidence: 0.7, match: %{type: "js-ssrf", context: %{node_type: "CallExpression", depth: 5, parent_type: "ReturnStatement", in_function: "complexFunction1"}, location: %{depth: 5, end_column: 40, end_line: 6, start_line: 6, start_column: 9}, severity: "medium", pattern_id: "js-ssrf", pattern_name: "Server-Side Request Forgery (SSRF)", recommendation: "Review this code for potential security issues", confidence: 0.3, pattern_type: :ssrf, min_confidence: 0.7}
14:25:34.536 [debug] Match confidence: 0.7, min_confidence: 0.8, match: %{type: "js-insecure-deserialization", context: %{node_type: "CallExpression", depth: 7, parent_type: "ExpressionStatement", in_function: "complexFunction1"}, location: %{depth: 7, end_column: 32, end_line: 4, start_line: 4, start_column: 4}, severity: "medium", pattern_id: "js-insecure-deserialization", pattern_name: "Insecure Deserialization", recommendation: "Review this code for potential security issues", confidence: 0.7, pattern_type: :deserialization, min_confidence: 0.8}
14:25:34.536 [debug] Match confidence: 0.7, min_confidence: 0.8, match: %{type: "js-insecure-deserialization", context: %{node_type: "CallExpression", depth: 9, parent_type: "BinaryExpression", in_function: "complexFunction1"}, location: %{depth: 9, end_column: 27, end_line: 4, start_line: 4, start_column: 14}, severity: "medium", pattern_id: "js-insecure-deserialization", pattern_name: "Insecure Deserialization", recommendation: "Review this code for potential security issues", confidence: 0.7, pattern_type: :deserialization, min_confidence: 0.8}
14:25:34.536 [debug] Match confidence: 0.7, min_confidence: 0.8, match: %{type: "js-insecure-deserialization", context: %{node_type: "CallExpression", depth: 5, parent_type: "ReturnStatement", in_function: "complexFunction1"}, location: %{depth: 5, end_column: 40, end_line: 6, start_line: 6, start_column: 9}, severity: "medium", pattern_id: "js-insecure-deserialization", pattern_name: "Insecure Deserialization", recommendation: "Review this code for potential security issues", confidence: 0.7, pattern_type: :deserialization, min_confidence: 0.8}
14:25:34.536 [info] AnalysisService: Loaded 30 patterns for javascript
14:25:34.540 [info] AnalysisService: Found 19 matches
14:25:34.540 [debug] Match confidence: 0.6, min_confidence: 0.7, match: %{type: "js-xss-jquery-html", context: %{node_type: "CallExpression", depth: 7, parent_type: "ExpressionStatement", in_function: "complexFunction2"}, location: %{depth: 7, end_column: 32, end_line: 4, start_line: 4, start_column: 4}, severity: "high", pattern_id: "js-xss-jquery-html", pattern_name: "XSS via jQuery html()", recommendation: "Review this code for potential security issues", confidence: 0.6, pattern_type: :xss, min_confidence: 0.7}
14:25:34.540 [debug] Match confidence: 0.6, min_confidence: 0.7, match: %{type: "js-xss-jquery-html", context: %{node_type: "CallExpression", depth: 9, parent_type: "BinaryExpression", in_function: "complexFunction2"}, location: %{depth: 9, end_column: 27, end_line: 4, start_line: 4, start_column: 14}, severity: "high", pattern_id: "js-xss-jquery-html", pattern_name: "XSS via jQuery html()", recommendation: "Review this code for potential security issues", confidence: 0.6, pattern_type: :xss, min_confidence: 0.7}
14:25:34.540 [debug] Match confidence: 0.6, min_confidence: 0.7, match: %{type: "js-xss-jquery-html", context: %{node_type: "CallExpression", depth: 5, parent_type: "ReturnStatement", in_function: "complexFunction2"}, location: %{depth: 5, end_column: 40, end_line: 6, start_line: 6, start_column: 9}, severity: "high", pattern_id: "js-xss-jquery-html", pattern_name: "XSS via jQuery html()", recommendation: "Review this code for potential security issues", confidence: 0.6, pattern_type: :xss, min_confidence: 0.7}
14:25:34.540 [debug] Match confidence: 0.3, min_confidence: 0.7, match: %{type: "js-path-traversal-concat", context: %{node_type: "BinaryExpression", depth: 7, parent_type: "ArrowFunctionExpression", in_function: "complexFunction2"}, location: %{depth: 7, end_column: 36, end_line: 6, start_line: 6, start_column: 31}, severity: "medium", pattern_id: "js-path-traversal-concat", pattern_name: "Path Traversal via String Concatenation", recommendation: "Review this code for potential security issues", confidence: 0.3, pattern_type: :path_traversal, min_confidence: 0.7}
14:25:34.540 [debug] Match confidence: 0.3, min_confidence: 0.7, match: %{type: "js-nosql-injection", context: %{node_type: "CallExpression", depth: 7, parent_type: "ExpressionStatement", in_function: "complexFunction2"}, location: %{depth: 7, end_column: 32, end_line: 4, start_line: 4, start_column: 4}, severity: "high", pattern_id: "js-nosql-injection", pattern_name: "NoSQL Injection", recommendation: "Review this code for potential security issues", confidence: 0.3, pattern_type: :nosql_injection, min_confidence: 0.7}
14:25:34.540 [debug] Match confidence: 0.3, min_confidence: 0.7, match: %{type: "js-nosql-injection", context: %{node_type: "CallExpression", depth: 9, parent_type: "BinaryExpression", in_function: "complexFunction2"}, location: %{depth: 9, end_column: 27, end_line: 4, start_line: 4, start_column: 14}, severity: "high", pattern_id: "js-nosql-injection", pattern_name: "NoSQL Injection", recommendation: "Review this code for potential security issues", confidence: 0.3, pattern_type: :nosql_injection, min_confidence: 0.7}
14:25:34.540 [debug] Match confidence: 0.3, min_confidence: 0.7, match: %{type: "js-nosql-injection", context: %{node_type: "CallExpression", depth: 5, parent_type: "ReturnStatement", in_function: "complexFunction2"}, location: %{depth: 5, end_column: 40, end_line: 6, start_line: 6, start_column: 9}, severity: "high", pattern_id: "js-nosql-injection", pattern_name: "NoSQL Injection", recommendation: "Review this code for potential security issues", confidence: 0.3, pattern_type: :nosql_injection, min_confidence: 0.7}
14:25:34.540 [debug] Match confidence: 0.3, min_confidence: 0.8, match: %{type: "js-ldap-injection", context: %{node_type: "CallExpression", depth: 7, parent_type: "ExpressionStatement", in_function: "complexFunction2"}, location: %{depth: 7, end_column: 32, end_line: 4, start_line: 4, start_column: 4}, severity: "high", pattern_id: "js-ldap-injection", pattern_name: "LDAP Injection", recommendation: "Review this code for potential security issues", confidence: 0.3, pattern_type: :ldap_injection, min_confidence: 0.8}
14:25:34.540 [debug] Match confidence: 0.3, min_confidence: 0.8, match: %{type: "js-ldap-injection", context: %{node_type: "CallExpression", depth: 9, parent_type: "BinaryExpression", in_function: "complexFunction2"}, location: %{depth: 9, end_column: 27, end_line: 4, start_line: 4, start_column: 14}, severity: "high", pattern_id: "js-ldap-injection", pattern_name: "LDAP Injection", recommendation: "Review this code for potential security issues", confidence: 0.3, pattern_type: :ldap_injection, min_confidence: 0.8}
14:25:34.540 [debug] Match confidence: 0.3, min_confidence: 0.8, match: %{type: "js-ldap-injection", context: %{node_type: "CallExpression", depth: 5, parent_type: "ReturnStatement", in_function: "complexFunction2"}, location: %{depth: 5, end_column: 40, end_line: 6, start_line: 6, start_column: 9}, severity: "high", pattern_id: "js-ldap-injection", pattern_name: "LDAP Injection", recommendation: "Review this code for potential security issues", confidence: 0.3, pattern_type: :ldap_injection, min_confidence: 0.8}
14:25:34.540 [debug] Match confidence: 0.3, min_confidence: 0.8, match: %{type: "js-xpath-injection", context: %{node_type: "CallExpression", depth: 7, parent_type: "ExpressionStatement", in_function: "complexFunction2"}, location: %{depth: 7, end_column: 32, end_line: 4, start_line: 4, start_column: 4}, severity: "high", pattern_id: "js-xpath-injection", pattern_name: "XPath Injection", recommendation: "Review this code for potential security issues", confidence: 0.3, pattern_type: :xpath_injection, min_confidence: 0.8}
14:25:34.540 [debug] Match confidence: 0.3, min_confidence: 0.8, match: %{type: "js-xpath-injection", context: %{node_type: "CallExpression", depth: 9, parent_type: "BinaryExpression", in_function: "complexFunction2"}, location: %{depth: 9, end_column: 27, end_line: 4, start_line: 4, start_column: 14}, severity: "high", pattern_id: "js-xpath-injection", pattern_name: "XPath Injection", recommendation: "Review this code for potential security issues", confidence: 0.3, pattern_type: :xpath_injection, min_confidence: 0.8}
14:25:34.540 [debug] Match confidence: 0.3, min_confidence: 0.8, match: %{type: "js-xpath-injection", context: %{node_type: "CallExpression", depth: 5, parent_type: "ReturnStatement", in_function: "complexFunction2"}, location: %{depth: 5, end_column: 40, end_line: 6, start_line: 6, start_column: 9}, severity: "high", pattern_id: "js-xpath-injection", pattern_name: "XPath Injection", recommendation: "Review this code for potential security issues", confidence: 0.3, pattern_type: :xpath_injection, min_confidence: 0.8}
14:25:34.540 [debug] Match confidence: 0.3, min_confidence: 0.7, match: %{type: "js-ssrf", context: %{node_type: "CallExpression", depth: 7, parent_type: "ExpressionStatement", in_function: "complexFunction2"}, location: %{depth: 7, end_column: 32, end_line: 4, start_line: 4, start_column: 4}, severity: "medium", pattern_id: "js-ssrf", pattern_name: "Server-Side Request Forgery (SSRF)", recommendation: "Review this code for potential security issues", confidence: 0.3, pattern_type: :ssrf, min_confidence: 0.7}
14:25:34.540 [debug] Match confidence: 0.3, min_confidence: 0.7, match: %{type: "js-ssrf", context: %{node_type: "CallExpression", depth: 9, parent_type: "BinaryExpression", in_function: "complexFunction2"}, location: %{depth: 9, end_column: 27, end_line: 4, start_line: 4, start_column: 14}, severity: "medium", pattern_id: "js-ssrf", pattern_name: "Server-Side Request Forgery (SSRF)", recommendation: "Review this code for potential security issues", confidence: 0.3, pattern_type: :ssrf, min_confidence: 0.7}
14:25:34.540 [debug] Match confidence: 0.3, min_confidence: 0.7, match: %{type: "js-ssrf", context: %{node_type: "CallExpression", depth: 5, parent_type: "ReturnStatement", in_function: "complexFunction2"}, location: %{depth: 5, end_column: 40, end_line: 6, start_line: 6, start_column: 9}, severity: "medium", pattern_id: "js-ssrf", pattern_name: "Server-Side Request Forgery (SSRF)", recommendation: "Review this code for potential security issues", confidence: 0.3, pattern_type: :ssrf, min_confidence: 0.7}
14:25:34.540 [debug] Match confidence: 0.7, min_confidence: 0.8, match: %{type: "js-insecure-deserialization", context: %{node_type: "CallExpression", depth: 7, parent_type: "ExpressionStatement", in_function: "complexFunction2"}, location: %{depth: 7, end_column: 32, end_line: 4, start_line: 4, start_column: 4}, severity: "medium", pattern_id: "js-insecure-deserialization", pattern_name: "Insecure Deserialization", recommendation: "Review this code for potential security issues", confidence: 0.7, pattern_type: :deserialization, min_confidence: 0.8}
14:25:34.540 [debug] Match confidence: 0.7, min_confidence: 0.8, match: %{type: "js-insecure-deserialization", context: %{node_type: "CallExpression", depth: 9, parent_type: "BinaryExpression", in_function: "complexFunction2"}, location: %{depth: 9, end_column: 27, end_line: 4, start_line: 4, start_column: 14}, severity: "medium", pattern_id: "js-insecure-deserialization", pattern_name: "Insecure Deserialization", recommendation: "Review this code for potential security issues", confidence: 0.7, pattern_type: :deserialization, min_confidence: 0.8}
14:25:34.541 [debug] Match confidence: 0.7, min_confidence: 0.8, match: %{type: "js-insecure-deserialization", context: %{node_type: "CallExpression", depth: 5, parent_type: "ReturnStatement", in_function: "complexFunction2"}, location: %{depth: 5, end_column: 40, end_line: 6, start_line: 6, start_column: 9}, severity: "medium", pattern_id: "js-insecure-deserialization", pattern_name: "Insecure Deserialization", recommendation: "Review this code for potential security issues", confidence: 0.7, pattern_type: :deserialization, min_confidence: 0.8}
14:25:34.541 [info] AnalysisService: Loaded 30 patterns for javascript
14:25:34.544 [info] AnalysisService: Found 19 matches
14:25:34.544 [debug] Match confidence: 0.6, min_confidence: 0.7, match: %{type: "js-xss-jquery-html", context: %{node_type: "CallExpression", depth: 7, parent_type: "ExpressionStatement", in_function: "complexFunction3"}, location: %{depth: 7, end_column: 32, end_line: 4, start_line: 4, start_column: 4}, severity: "high", pattern_id: "js-xss-jquery-html", pattern_name: "XSS via jQuery html()", recommendation: "Review this code for potential security issues", confidence: 0.6, pattern_type: :xss, min_confidence: 0.7}
14:25:34.544 [debug] Match confidence: 0.6, min_confidence: 0.7, match: %{type: "js-xss-jquery-html", context: %{node_type: "CallExpression", depth: 9, parent_type: "BinaryExpression", in_function: "complexFunction3"}, location: %{depth: 9, end_column: 27, end_line: 4, start_line: 4, start_column: 14}, severity: "high", pattern_id: "js-xss-jquery-html", pattern_name: "XSS via jQuery html()", recommendation: "Review this code for potential security issues", confidence: 0.6, pattern_type: :xss, min_confidence: 0.7}
14:25:34.544 [debug] Match confidence: 0.6, min_confidence: 0.7, match: %{type: "js-xss-jquery-html", context: %{node_type: "CallExpression", depth: 5, parent_type: "ReturnStatement", in_function: "complexFunction3"}, location: %{depth: 5, end_column: 40, end_line: 6, start_line: 6, start_column: 9}, severity: "high", pattern_id: "js-xss-jquery-html", pattern_name: "XSS via jQuery html()", recommendation: "Review this code for potential security issues", confidence: 0.6, pattern_type: :xss, min_confidence: 0.7}
14:25:34.544 [debug] Match confidence: 0.3, min_confidence: 0.7, match: %{type: "js-path-traversal-concat", context: %{node_type: "BinaryExpression", depth: 7, parent_type: "ArrowFunctionExpression", in_function: "complexFunction3"}, location: %{depth: 7, end_column: 36, end_line: 6, start_line: 6, start_column: 31}, severity: "medium", pattern_id: "js-path-traversal-concat", pattern_name: "Path Traversal via String Concatenation", recommendation: "Review this code for potential security issues", confidence: 0.3, pattern_type: :path_traversal, min_confidence: 0.7}
14:25:34.544 [debug] Match confidence: 0.3, min_confidence: 0.7, match: %{type: "js-nosql-injection", context: %{node_type: "CallExpression", depth: 7, parent_type: "ExpressionStatement", in_function: "complexFunction3"}, location: %{depth: 7, end_column: 32, end_line: 4, start_line: 4, start_column: 4}, severity: "high", pattern_id: "js-nosql-injection", pattern_name: "NoSQL Injection", recommendation: "Review this code for potential security issues", confidence: 0.3, pattern_type: :nosql_injection, min_confidence: 0.7}
14:25:34.544 [debug] Match confidence: 0.3, min_confidence: 0.7, match: %{type: "js-nosql-injection", context: %{node_type: "CallExpression", depth: 9, parent_type: "BinaryExpression", in_function: "complexFunction3"}, location: %{depth: 9, end_column: 27, end_line: 4, start_line: 4, start_column: 14}, severity: "high", pattern_id: "js-nosql-injection", pattern_name: "NoSQL Injection", recommendation: "Review this code for potential security issues", confidence: 0.3, pattern_type: :nosql_injection, min_confidence: 0.7}
14:25:34.545 [debug] Match confidence: 0.3, min_confidence: 0.7, match: %{type: "js-nosql-injection", context: %{node_type: "CallExpression", depth: 5, parent_type: "ReturnStatement", in_function: "complexFunction3"}, location: %{depth: 5, end_column: 40, end_line: 6, start_line: 6, start_column: 9}, severity: "high", pattern_id: "js-nosql-injection", pattern_name: "NoSQL Injection", recommendation: "Review this code for potential security issues", confidence: 0.3, pattern_type: :nosql_injection, min_confidence: 0.7}
14:25:34.545 [debug] Match confidence: 0.3, min_confidence: 0.8, match: %{type: "js-ldap-injection", context: %{node_type: "CallExpression", depth: 7, parent_type: "ExpressionStatement", in_function: "complexFunction3"}, location: %{depth: 7, end_column: 32, end_line: 4, start_line: 4, start_column: 4}, severity: "high", pattern_id: "js-ldap-injection", pattern_name: "LDAP Injection", recommendation: "Review this code for potential security issues", confidence: 0.3, pattern_type: :ldap_injection, min_confidence: 0.8}
14:25:34.545 [debug] Match confidence: 0.3, min_confidence: 0.8, match: %{type: "js-ldap-injection", context: %{node_type: "CallExpression", depth: 9, parent_type: "BinaryExpression", in_function: "complexFunction3"}, location: %{depth: 9, end_column: 27, end_line: 4, start_line: 4, start_column: 14}, severity: "high", pattern_id: "js-ldap-injection", pattern_name: "LDAP Injection", recommendation: "Review this code for potential security issues", confidence: 0.3, pattern_type: :ldap_injection, min_confidence: 0.8}
14:25:34.545 [debug] Match confidence: 0.3, min_confidence: 0.8, match: %{type: "js-ldap-injection", context: %{node_type: "CallExpression", depth: 5, parent_type: "ReturnStatement", in_function: "complexFunction3"}, location: %{depth: 5, end_column: 40, end_line: 6, start_line: 6, start_column: 9}, severity: "high", pattern_id: "js-ldap-injection", pattern_name: "LDAP Injection", recommendation: "Review this code for potential security issues", confidence: 0.3, pattern_type: :ldap_injection, min_confidence: 0.8}
14:25:34.545 [debug] Match confidence: 0.3, min_confidence: 0.8, match: %{type: "js-xpath-injection", context: %{node_type: "CallExpression", depth: 7, parent_type: "ExpressionStatement", in_function: "complexFunction3"}, location: %{depth: 7, end_column: 32, end_line: 4, start_line: 4, start_column: 4}, severity: "high", pattern_id: "js-xpath-injection", pattern_name: "XPath Injection", recommendation: "Review this code for potential security issues", confidence: 0.3, pattern_type: :xpath_injection, min_confidence: 0.8}
14:25:34.545 [debug] Match confidence: 0.3, min_confidence: 0.8, match: %{type: "js-xpath-injection", context: %{node_type: "CallExpression", depth: 9, parent_type: "BinaryExpression", in_function: "complexFunction3"}, location: %{depth: 9, end_column: 27, end_line: 4, start_line: 4, start_column: 14}, severity: "high", pattern_id: "js-xpath-injection", pattern_name: "XPath Injection", recommendation: "Review this code for potential security issues", confidence: 0.3, pattern_type: :xpath_injection, min_confidence: 0.8}
14:25:34.545 [debug] Match confidence: 0.3, min_confidence: 0.8, match: %{type: "js-xpath-injection", context: %{node_type: "CallExpression", depth: 5, parent_type: "ReturnStatement", in_function: "complexFunction3"}, location: %{depth: 5, end_column: 40, end_line: 6, start_line: 6, start_column: 9}, severity: "high", pattern_id: "js-xpath-injection", pattern_name: "XPath Injection", recommendation: "Review this code for potential security issues", confidence: 0.3, pattern_type: :xpath_injection, min_confidence: 0.8}
14:25:34.545 [debug] Match confidence: 0.3, min_confidence: 0.7, match: %{type: "js-ssrf", context: %{node_type: "CallExpression", depth: 7, parent_type: "ExpressionStatement", in_function: "complexFunction3"}, location: %{depth: 7, end_column: 32, end_line: 4, start_line: 4, start_column: 4}, severity: "medium", pattern_id: "js-ssrf", pattern_name: "Server-Side Request Forgery (SSRF)", recommendation: "Review this code for potential security issues", confidence: 0.3, pattern_type: :ssrf, min_confidence: 0.7}
14:25:34.545 [debug] Match confidence: 0.3, min_confidence: 0.7, match: %{type: "js-ssrf", context: %{node_type: "CallExpression", depth: 9, parent_type: "BinaryExpression", in_function: "complexFunction3"}, location: %{depth: 9, end_column: 27, end_line: 4, start_line: 4, start_column: 14}, severity: "medium", pattern_id: "js-ssrf", pattern_name: "Server-Side Request Forgery (SSRF)", recommendation: "Review this code for potential security issues", confidence: 0.3, pattern_type: :ssrf, min_confidence: 0.7}
14:25:34.545 [debug] Match confidence: 0.3, min_confidence: 0.7, match: %{type: "js-ssrf", context: %{node_type: "CallExpression", depth: 5, parent_type: "ReturnStatement", in_function: "complexFunction3"}, location: %{depth: 5, end_column: 40, end_line: 6, start_line: 6, start_column: 9}, severity: "medium", pattern_id: "js-ssrf", pattern_name: "Server-Side Request Forgery (SSRF)", recommendation: "Review this code for potential security issues", confidence: 0.3, pattern_type: :ssrf, min_confidence: 0.7}
14:25:34.545 [debug] Match confidence: 0.7, min_confidence: 0.8, match: %{type: "js-insecure-deserialization", context: %{node_type: "CallExpression", depth: 7, parent_type: "ExpressionStatement", in_function: "complexFunction3"}, location: %{depth: 7, end_column: 32, end_line: 4, start_line: 4, start_column: 4}, severity: "medium", pattern_id: "js-insecure-deserialization", pattern_name: "Insecure Deserialization", recommendation: "Review this code for potential security issues", confidence: 0.7, pattern_type: :deserialization, min_confidence: 0.8}
14:25:34.545 [debug] Match confidence: 0.7, min_confidence: 0.8, match: %{type: "js-insecure-deserialization", context: %{node_type: "CallExpression", depth: 9, parent_type: "BinaryExpression", in_function: "complexFunction3"}, location: %{depth: 9, end_column: 27, end_line: 4, start_line: 4, start_column: 14}, severity: "medium", pattern_id: "js-insecure-deserialization", pattern_name: "Insecure Deserialization", recommendation: "Review this code for potential security issues", confidence: 0.7, pattern_type: :deserialization, min_confidence: 0.8}
14:25:34.545 [debug] Match confidence: 0.7, min_confidence: 0.8, match: %{type: "js-insecure-deserialization", context: %{node_type: "CallExpression", depth: 5, parent_type: "ReturnStatement", in_function: "complexFunction3"}, location: %{depth: 5, end_column: 40, end_line: 6, start_line: 6, start_column: 9}, severity: "medium", pattern_id: "js-insecure-deserialization", pattern_name: "Insecure Deserialization", recommendation: "Review this code for potential security issues", confidence: 0.7, pattern_type: :deserialization, min_confidence: 0.8}
14:25:34.545 [info] AnalysisService: Loaded 30 patterns for javascript
14:25:34.548 [info] AnalysisService: Found 19 matches
14:25:34.548 [debug] Match confidence: 0.6, min_confidence: 0.7, match: %{type: "js-xss-jquery-html", context: %{node_type: "CallExpression", depth: 7, parent_type: "ExpressionStatement", in_function: "complexFunction4"}, location: %{depth: 7, end_column: 32, end_line: 4, start_line: 4, start_column: 4}, severity: "high", pattern_id: "js-xss-jquery-html", pattern_name: "XSS via jQuery html()", recommendation: "Review this code for potential security issues", confidence: 0.6, pattern_type: :xss, min_confidence: 0.7}
14:25:34.548 [debug] Match confidence: 0.6, min_confidence: 0.7, match: %{type: "js-xss-jquery-html", context: %{node_type: "CallExpression", depth: 9, parent_type: "BinaryExpression", in_function: "complexFunction4"}, location: %{depth: 9, end_column: 27, end_line: 4, start_line: 4, start_column: 14}, severity: "high", pattern_id: "js-xss-jquery-html", pattern_name: "XSS via jQuery html()", recommendation: "Review this code for potential security issues", confidence: 0.6, pattern_type: :xss, min_confidence: 0.7}
14:25:34.548 [debug] Match confidence: 0.6, min_confidence: 0.7, match: %{type: "js-xss-jquery-html", context: %{node_type: "CallExpression", depth: 5, parent_type: "ReturnStatement", in_function: "complexFunction4"}, location: %{depth: 5, end_column: 40, end_line: 6, start_line: 6, start_column: 9}, severity: "high", pattern_id: "js-xss-jquery-html", pattern_name: "XSS via jQuery html()", recommendation: "Review this code for potential security issues", confidence: 0.6, pattern_type: :xss, min_confidence: 0.7}
14:25:34.548 [debug] Match confidence: 0.3, min_confidence: 0.7, match: %{type: "js-path-traversal-concat", context: %{node_type: "BinaryExpression", depth: 7, parent_type: "ArrowFunctionExpression", in_function: "complexFunction4"}, location: %{depth: 7, end_column: 36, end_line: 6, start_line: 6, start_column: 31}, severity: "medium", pattern_id: "js-path-traversal-concat", pattern_name: "Path Traversal via String Concatenation", recommendation: "Review this code for potential security issues", confidence: 0.3, pattern_type: :path_traversal, min_confidence: 0.7}
14:25:34.548 [debug] Match confidence: 0.3, min_confidence: 0.7, match: %{type: "js-nosql-injection", context: %{node_type: "CallExpression", depth: 7, parent_type: "ExpressionStatement", in_function: "complexFunction4"}, location: %{depth: 7, end_column: 32, end_line: 4, start_line: 4, start_column: 4}, severity: "high", pattern_id: "js-nosql-injection", pattern_name: "NoSQL Injection", recommendation: "Review this code for potential security issues", confidence: 0.3, pattern_type: :nosql_injection, min_confidence: 0.7}
14:25:34.548 [debug] Match confidence: 0.3, min_confidence: 0.7, match: %{type: "js-nosql-injection", context: %{node_type: "CallExpression", depth: 9, parent_type: "BinaryExpression", in_function: "complexFunction4"}, location: %{depth: 9, end_column: 27, end_line: 4, start_line: 4, start_column: 14}, severity: "high", pattern_id: "js-nosql-injection", pattern_name: "NoSQL Injection", recommendation: "Review this code for potential security issues", confidence: 0.3, pattern_type: :nosql_injection, min_confidence: 0.7}
14:25:34.548 [debug] Match confidence: 0.3, min_confidence: 0.7, match: %{type: "js-nosql-injection", context: %{node_type: "CallExpression", depth: 5, parent_type: "ReturnStatement", in_function: "complexFunction4"}, location: %{depth: 5, end_column: 40, end_line: 6, start_line: 6, start_column: 9}, severity: "high", pattern_id: "js-nosql-injection", pattern_name: "NoSQL Injection", recommendation: "Review this code for potential security issues", confidence: 0.3, pattern_type: :nosql_injection, min_confidence: 0.7}
14:25:34.548 [debug] Match confidence: 0.3, min_confidence: 0.8, match: %{type: "js-ldap-injection", context: %{node_type: "CallExpression", depth: 7, parent_type: "ExpressionStatement", in_function: "complexFunction4"}, location: %{depth: 7, end_column: 32, end_line: 4, start_line: 4, start_column: 4}, severity: "high", pattern_id: "js-ldap-injection", pattern_name: "LDAP Injection", recommendation: "Review this code for potential security issues", confidence: 0.3, pattern_type: :ldap_injection, min_confidence: 0.8}
14:25:34.548 [debug] Match confidence: 0.3, min_confidence: 0.8, match: %{type: "js-ldap-injection", context: %{node_type: "CallExpression", depth: 9, parent_type: "BinaryExpression", in_function: "complexFunction4"}, location: %{depth: 9, end_column: 27, end_line: 4, start_line: 4, start_column: 14}, severity: "high", pattern_id: "js-ldap-injection", pattern_name: "LDAP Injection", recommendation: "Review this code for potential security issues", confidence: 0.3, pattern_type: :ldap_injection, min_confidence: 0.8}
14:25:34.548 [debug] Match confidence: 0.3, min_confidence: 0.8, match: %{type: "js-ldap-injection", context: %{node_type: "CallExpression", depth: 5, parent_type: "ReturnStatement", in_function: "complexFunction4"}, location: %{depth: 5, end_column: 40, end_line: 6, start_line: 6, start_column: 9}, severity: "high", pattern_id: "js-ldap-injection", pattern_name: "LDAP Injection", recommendation: "Review this code for potential security issues", confidence: 0.3, pattern_type: :ldap_injection, min_confidence: 0.8}
14:25:34.548 [debug] Match confidence: 0.3, min_confidence: 0.8, match: %{type: "js-xpath-injection", context: %{node_type: "CallExpression", depth: 7, parent_type: "ExpressionStatement", in_function: "complexFunction4"}, location: %{depth: 7, end_column: 32, end_line: 4, start_line: 4, start_column: 4}, severity: "high", pattern_id: "js-xpath-injection", pattern_name: "XPath Injection", recommendation: "Review this code for potential security issues", confidence: 0.3, pattern_type: :xpath_injection, min_confidence: 0.8}
14:25:34.548 [debug] Match confidence: 0.3, min_confidence: 0.8, match: %{type: "js-xpath-injection", context: %{node_type: "CallExpression", depth: 9, parent_type: "BinaryExpression", in_function: "complexFunction4"}, location: %{depth: 9, end_column: 27, end_line: 4, start_line: 4, start_column: 14}, severity: "high", pattern_id: "js-xpath-injection", pattern_name: "XPath Injection", recommendation: "Review this code for potential security issues", confidence: 0.3, pattern_type: :xpath_injection, min_confidence: 0.8}
14:25:34.548 [debug] Match confidence: 0.3, min_confidence: 0.8, match: %{type: "js-xpath-injection", context: %{node_type: "CallExpression", depth: 5, parent_type: "ReturnStatement", in_function: "complexFunction4"}, location: %{depth: 5, end_column: 40, end_line: 6, start_line: 6, start_column: 9}, severity: "high", pattern_id: "js-xpath-injection", pattern_name: "XPath Injection", recommendation: "Review this code for potential security issues", confidence: 0.3, pattern_type: :xpath_injection, min_confidence: 0.8}
14:25:34.549 [debug] Match confidence: 0.3, min_confidence: 0.7, match: %{type: "js-ssrf", context: %{node_type: "CallExpression", depth: 7, parent_type: "ExpressionStatement", in_function: "complexFunction4"}, location: %{depth: 7, end_column: 32, end_line: 4, start_line: 4, start_column: 4}, severity: "medium", pattern_id: "js-ssrf", pattern_name: "Server-Side Request Forgery (SSRF)", recommendation: "Review this code for potential security issues", confidence: 0.3, pattern_type: :ssrf, min_confidence: 0.7}
14:25:34.549 [debug] Match confidence: 0.3, min_confidence: 0.7, match: %{type: "js-ssrf", context: %{node_type: "CallExpression", depth: 9, parent_type: "BinaryExpression", in_function: "complexFunction4"}, location: %{depth: 9, end_column: 27, end_line: 4, start_line: 4, start_column: 14}, severity: "medium", pattern_id: "js-ssrf", pattern_name: "Server-Side Request Forgery (SSRF)", recommendation: "Review this code for potential security issues", confidence: 0.3, pattern_type: :ssrf, min_confidence: 0.7}
14:25:34.549 [debug] Match confidence: 0.3, min_confidence: 0.7, match: %{type: "js-ssrf", context: %{node_type: "CallExpression", depth: 5, parent_type: "ReturnStatement", in_function: "complexFunction4"}, location: %{depth: 5, end_column: 40, end_line: 6, start_line: 6, start_column: 9}, severity: "medium", pattern_id: "js-ssrf", pattern_name: "Server-Side Request Forgery (SSRF)", recommendation: "Review this code for potential security issues", confidence: 0.3, pattern_type: :ssrf, min_confidence: 0.7}
14:25:34.549 [debug] Match confidence: 0.7, min_confidence: 0.8, match: %{type: "js-insecure-deserialization", context: %{node_type: "CallExpression", depth: 7, parent_type: "ExpressionStatement", in_function: "complexFunction4"}, location: %{depth: 7, end_column: 32, end_line: 4, start_line: 4, start_column: 4}, severity: "medium", pattern_id: "js-insecure-deserialization", pattern_name: "Insecure Deserialization", recommendation: "Review this code for potential security issues", confidence: 0.7, pattern_type: :deserialization, min_confidence: 0.8}
14:25:34.549 [debug] Match confidence: 0.7, min_confidence: 0.8, match: %{type: "js-insecure-deserialization", context: %{node_type: "CallExpression", depth: 9, parent_type: "BinaryExpression", in_function: "complexFunction4"}, location: %{depth: 9, end_column: 27, end_line: 4, start_line: 4, start_column: 14}, severity: "medium", pattern_id: "js-insecure-deserialization", pattern_name: "Insecure Deserialization", recommendation: "Review this code for potential security issues", confidence: 0.7, pattern_type: :deserialization, min_confidence: 0.8}
14:25:34.549 [debug] Match confidence: 0.7, min_confidence: 0.8, match: %{type: "js-insecure-deserialization", context: %{node_type: "CallExpression", depth: 5, parent_type: "ReturnStatement", in_function: "complexFunction4"}, location: %{depth: 5, end_column: 40, end_line: 6, start_line: 6, start_column: 9}, severity: "medium", pattern_id: "js-insecure-deserialization", pattern_name: "Insecure Deserialization", recommendation: "Review this code for potential security issues", confidence: 0.7, pattern_type: :deserialization, min_confidence: 0.8}
14:25:34.549 [info] AnalysisService: Loaded 30 patterns for javascript
14:25:34.552 [info] AnalysisService: Found 19 matches
14:25:34.552 [debug] Match confidence: 0.6, min_confidence: 0.7, match: %{type: "js-xss-jquery-html", context: %{node_type: "CallExpression", depth: 7, parent_type: "ExpressionStatement", in_function: "complexFunction5"}, location: %{depth: 7, end_column: 32, end_line: 4, start_line: 4, start_column: 4}, severity: "high", pattern_id: "js-xss-jquery-html", pattern_name: "XSS via jQuery html()", recommendation: "Review this code for potential security issues", confidence: 0.6, pattern_type: :xss, min_confidence: 0.7}
14:25:34.552 [debug] Match confidence: 0.6, min_confidence: 0.7, match: %{type: "js-xss-jquery-html", context: %{node_type: "CallExpression", depth: 9, parent_type: "BinaryExpression", in_function: "complexFunction5"}, location: %{depth: 9, end_column: 27, end_line: 4, start_line: 4, start_column: 14}, severity: "high", pattern_id: "js-xss-jquery-html", pattern_name: "XSS via jQuery html()", recommendation: "Review this code for potential security issues", confidence: 0.6, pattern_type: :xss, min_confidence: 0.7}
14:25:34.552 [debug] Match confidence: 0.6, min_confidence: 0.7, match: %{type: "js-xss-jquery-html", context: %{node_type: "CallExpression", depth: 5, parent_type: "ReturnStatement", in_function: "complexFunction5"}, location: %{depth: 5, end_column: 40, end_line: 6, start_line: 6, start_column: 9}, severity: "high", pattern_id: "js-xss-jquery-html", pattern_name: "XSS via jQuery html()", recommendation: "Review this code for potential security issues", confidence: 0.6, pattern_type: :xss, min_confidence: 0.7}
14:25:34.552 [debug] Match confidence: 0.3, min_confidence: 0.7, match: %{type: "js-path-traversal-concat", context: %{node_type: "BinaryExpression", depth: 7, parent_type: "ArrowFunctionExpression", in_function: "complexFunction5"}, location: %{depth: 7, end_column: 36, end_line: 6, start_line: 6, start_column: 31}, severity: "medium", pattern_id: "js-path-traversal-concat", pattern_name: "Path Traversal via String Concatenation", recommendation: "Review this code for potential security issues", confidence: 0.3, pattern_type: :path_traversal, min_confidence: 0.7}
14:25:34.552 [debug] Match confidence: 0.3, min_confidence: 0.7, match: %{type: "js-nosql-injection", context: %{node_type: "CallExpression", depth: 7, parent_type: "ExpressionStatement", in_function: "complexFunction5"}, location: %{depth: 7, end_column: 32, end_line: 4, start_line: 4, start_column: 4}, severity: "high", pattern_id: "js-nosql-injection", pattern_name: "NoSQL Injection", recommendation: "Review this code for potential security issues", confidence: 0.3, pattern_type: :nosql_injection, min_confidence: 0.7}
14:25:34.552 [debug] Match confidence: 0.3, min_confidence: 0.7, match: %{type: "js-nosql-injection", context: %{node_type: "CallExpression", depth: 9, parent_type: "BinaryExpression", in_function: "complexFunction5"}, location: %{depth: 9, end_column: 27, end_line: 4, start_line: 4, start_column: 14}, severity: "high", pattern_id: "js-nosql-injection", pattern_name: "NoSQL Injection", recommendation: "Review this code for potential security issues", confidence: 0.3, pattern_type: :nosql_injection, min_confidence: 0.7}
14:25:34.552 [debug] Match confidence: 0.3, min_confidence: 0.7, match: %{type: "js-nosql-injection", context: %{node_type: "CallExpression", depth: 5, parent_type: "ReturnStatement", in_function: "complexFunction5"}, location: %{depth: 5, end_column: 40, end_line: 6, start_line: 6, start_column: 9}, severity: "high", pattern_id: "js-nosql-injection", pattern_name: "NoSQL Injection", recommendation: "Review this code for potential security issues", confidence: 0.3, pattern_type: :nosql_injection, min_confidence: 0.7}
14:25:34.552 [debug] Match confidence: 0.3, min_confidence: 0.8, match: %{type: "js-ldap-injection", context: %{node_type: "CallExpression", depth: 7, parent_type: "ExpressionStatement", in_function: "complexFunction5"}, location: %{depth: 7, end_column: 32, end_line: 4, start_line: 4, start_column: 4}, severity: "high", pattern_id: "js-ldap-injection", pattern_name: "LDAP Injection", recommendation: "Review this code for potential security issues", confidence: 0.3, pattern_type: :ldap_injection, min_confidence: 0.8}
14:25:34.552 [debug] Match confidence: 0.3, min_confidence: 0.8, match: %{type: "js-ldap-injection", context: %{node_type: "CallExpression", depth: 9, parent_type: "BinaryExpression", in_function: "complexFunction5"}, location: %{depth: 9, end_column: 27, end_line: 4, start_line: 4, start_column: 14}, severity: "high", pattern_id: "js-ldap-injection", pattern_name: "LDAP Injection", recommendation: "Review this code for potential security issues", confidence: 0.3, pattern_type: :ldap_injection, min_confidence: 0.8}
14:25:34.552 [debug] Match confidence: 0.3, min_confidence: 0.8, match: %{type: "js-ldap-injection", context: %{node_type: "CallExpression", depth: 5, parent_type: "ReturnStatement", in_function: "complexFunction5"}, location: %{depth: 5, end_column: 40, end_line: 6, start_line: 6, start_column: 9}, severity: "high", pattern_id: "js-ldap-injection", pattern_name: "LDAP Injection", recommendation: "Review this code for potential security issues", confidence: 0.3, pattern_type: :ldap_injection, min_confidence: 0.8}
14:25:34.552 [debug] Match confidence: 0.3, min_confidence: 0.8, match: %{type: "js-xpath-injection", context: %{node_type: "CallExpression", depth: 7, parent_type: "ExpressionStatement", in_function: "complexFunction5"}, location: %{depth: 7, end_column: 32, end_line: 4, start_line: 4, start_column: 4}, severity: "high", pattern_id: "js-xpath-injection", pattern_name: "XPath Injection", recommendation: "Review this code for potential security issues", confidence: 0.3, pattern_type: :xpath_injection, min_confidence: 0.8}
14:25:34.552 [debug] Match confidence: 0.3, min_confidence: 0.8, match: %{type: "js-xpath-injection", context: %{node_type: "CallExpression", depth: 9, parent_type: "BinaryExpression", in_function: "complexFunction5"}, location: %{depth: 9, end_column: 27, end_line: 4, start_line: 4, start_column: 14}, severity: "high", pattern_id: "js-xpath-injection", pattern_name: "XPath Injection", recommendation: "Review this code for potential security issues", confidence: 0.3, pattern_type: :xpath_injection, min_confidence: 0.8}
14:25:34.552 [debug] Match confidence: 0.3, min_confidence: 0.8, match: %{type: "js-xpath-injection", context: %{node_type: "CallExpression", depth: 5, parent_type: "ReturnStatement", in_function: "complexFunction5"}, location: %{depth: 5, end_column: 40, end_line: 6, start_line: 6, start_column: 9}, severity: "high", pattern_id: "js-xpath-injection", pattern_name: "XPath Injection", recommendation: "Review this code for potential security issues", confidence: 0.3, pattern_type: :xpath_injection, min_confidence: 0.8}
14:25:34.552 [debug] Match confidence: 0.3, min_confidence: 0.7, match: %{type: "js-ssrf", context: %{node_type: "CallExpression", depth: 7, parent_type: "ExpressionStatement", in_function: "complexFunction5"}, location: %{depth: 7, end_column: 32, end_line: 4, start_line: 4, start_column: 4}, severity: "medium", pattern_id: "js-ssrf", pattern_name: "Server-Side Request Forgery (SSRF)", recommendation: "Review this code for potential security issues", confidence: 0.3, pattern_type: :ssrf, min_confidence: 0.7}
14:25:34.552 [debug] Match confidence: 0.3, min_confidence: 0.7, match: %{type: "js-ssrf", context: %{node_type: "CallExpression", depth: 9, parent_type: "BinaryExpression", in_function: "complexFunction5"}, location: %{depth: 9, end_column: 27, end_line: 4, start_line: 4, start_column: 14}, severity: "medium", pattern_id: "js-ssrf", pattern_name: "Server-Side Request Forgery (SSRF)", recommendation: "Review this code for potential security issues", confidence: 0.3, pattern_type: :ssrf, min_confidence: 0.7}
14:25:34.552 [debug] Match confidence: 0.3, min_confidence: 0.7, match: %{type: "js-ssrf", context: %{node_type: "CallExpression", depth: 5, parent_type: "ReturnStatement", in_function: "complexFunction5"}, location: %{depth: 5, end_column: 40, end_line: 6, start_line: 6, start_column: 9}, severity: "medium", pattern_id: "js-ssrf", pattern_name: "Server-Side Request Forgery (SSRF)", recommendation: "Review this code for potential security issues", confidence: 0.3, pattern_type: :ssrf, min_confidence: 0.7}
14:25:34.552 [debug] Match confidence: 0.7, min_confidence: 0.8, match: %{type: "js-insecure-deserialization", context: %{node_type: "CallExpression", depth: 7, parent_type: "ExpressionStatement", in_function: "complexFunction5"}, location: %{depth: 7, end_column: 32, end_line: 4, start_line: 4, start_column: 4}, severity: "medium", pattern_id: "js-insecure-deserialization", pattern_name: "Insecure Deserialization", recommendation: "Review this code for potential security issues", confidence: 0.7, pattern_type: :deserialization, min_confidence: 0.8}
14:25:34.552 [debug] Match confidence: 0.7, min_confidence: 0.8, match: %{type: "js-insecure-deserialization", context: %{node_type: "CallExpression", depth: 9, parent_type: "BinaryExpression", in_function: "complexFunction5"}, location: %{depth: 9, end_column: 27, end_line: 4, start_line: 4, start_column: 14}, severity: "medium", pattern_id: "js-insecure-deserialization", pattern_name: "Insecure Deserialization", recommendation: "Review this code for potential security issues", confidence: 0.7, pattern_type: :deserialization, min_confidence: 0.8}
14:25:34.552 [debug] Match confidence: 0.7, min_confidence: 0.8, match: %{type: "js-insecure-deserialization", context: %{node_type: "CallExpression", depth: 5, parent_type: "ReturnStatement", in_function: "complexFunction5"}, location: %{depth: 5, end_column: 40, end_line: 6, start_line: 6, start_column: 9}, severity: "medium", pattern_id: "js-insecure-deserialization", pattern_name: "Insecure Deserialization", recommendation: "Review this code for potential security issues", confidence: 0.7, pattern_type: :deserialization, min_confidence: 0.8}
14:25:34.552 [info] AnalysisService: Loaded 30 patterns for javascript
14:25:34.556 [info] AnalysisService: Found 19 matches
14:25:34.556 [debug] Match confidence: 0.6, min_confidence: 0.7, match: %{type: "js-xss-jquery-html", context: %{node_type: "CallExpression", depth: 7, parent_type: "ExpressionStatement", in_function: "complexFunction6"}, location: %{depth: 7, end_column: 32, end_line: 4, start_line: 4, start_column: 4}, severity: "high", pattern_id: "js-xss-jquery-html", pattern_name: "XSS via jQuery html()", recommendation: "Review this code for potential security issues", confidence: 0.6, pattern_type: :xss, min_confidence: 0.7}
14:25:34.556 [debug] Match confidence: 0.6, min_confidence: 0.7, match: %{type: "js-xss-jquery-html", context: %{node_type: "CallExpression", depth: 9, parent_type: "BinaryExpression", in_function: "complexFunction6"}, location: %{depth: 9, end_column: 27, end_line: 4, start_line: 4, start_column: 14}, severity: "high", pattern_id: "js-xss-jquery-html", pattern_name: "XSS via jQuery html()", recommendation: "Review this code for potential security issues", confidence: 0.6, pattern_type: :xss, min_confidence: 0.7}
14:25:34.556 [debug] Match confidence: 0.6, min_confidence: 0.7, match: %{type: "js-xss-jquery-html", context: %{node_type: "CallExpression", depth: 5, parent_type: "ReturnStatement", in_function: "complexFunction6"}, location: %{depth: 5, end_column: 40, end_line: 6, start_line: 6, start_column: 9}, severity: "high", pattern_id: "js-xss-jquery-html", pattern_name: "XSS via jQuery html()", recommendation: "Review this code for potential security issues", confidence: 0.6, pattern_type: :xss, min_confidence: 0.7}
14:25:34.556 [debug] Match confidence: 0.3, min_confidence: 0.7, match: %{type: "js-path-traversal-concat", context: %{node_type: "BinaryExpression", depth: 7, parent_type: "ArrowFunctionExpression", in_function: "complexFunction6"}, location: %{depth: 7, end_column: 36, end_line: 6, start_line: 6, start_column: 31}, severity: "medium", pattern_id: "js-path-traversal-concat", pattern_name: "Path Traversal via String Concatenation", recommendation: "Review this code for potential security issues", confidence: 0.3, pattern_type: :path_traversal, min_confidence: 0.7}
14:25:34.556 [debug] Match confidence: 0.3, min_confidence: 0.7, match: %{type: "js-nosql-injection", context: %{node_type: "CallExpression", depth: 7, parent_type: "ExpressionStatement", in_function: "complexFunction6"}, location: %{depth: 7, end_column: 32, end_line: 4, start_line: 4, start_column: 4}, severity: "high", pattern_id: "js-nosql-injection", pattern_name: "NoSQL Injection", recommendation: "Review this code for potential security issues", confidence: 0.3, pattern_type: :nosql_injection, min_confidence: 0.7}
14:25:34.556 [debug] Match confidence: 0.3, min_confidence: 0.7, match: %{type: "js-nosql-injection", context: %{node_type: "CallExpression", depth: 9, parent_type: "BinaryExpression", in_function: "complexFunction6"}, location: %{depth: 9, end_column: 27, end_line: 4, start_line: 4, start_column: 14}, severity: "high", pattern_id: "js-nosql-injection", pattern_name: "NoSQL Injection", recommendation: "Review this code for potential security issues", confidence: 0.3, pattern_type: :nosql_injection, min_confidence: 0.7}
14:25:34.556 [debug] Match confidence: 0.3, min_confidence: 0.7, match: %{type: "js-nosql-injection", context: %{node_type: "CallExpression", depth: 5, parent_type: "ReturnStatement", in_function: "complexFunction6"}, location: %{depth: 5, end_column: 40, end_line: 6, start_line: 6, start_column: 9}, severity: "high", pattern_id: "js-nosql-injection", pattern_name: "NoSQL Injection", recommendation: "Review this code for potential security issues", confidence: 0.3, pattern_type: :nosql_injection, min_confidence: 0.7}
14:25:34.556 [debug] Match confidence: 0.3, min_confidence: 0.8, match: %{type: "js-ldap-injection", context: %{node_type: "CallExpression", depth: 7, parent_type: "ExpressionStatement", in_function: "complexFunction6"}, location: %{depth: 7, end_column: 32, end_line: 4, start_line: 4, start_column: 4}, severity: "high", pattern_id: "js-ldap-injection", pattern_name: "LDAP Injection", recommendation: "Review this code for potential security issues", confidence: 0.3, pattern_type: :ldap_injection, min_confidence: 0.8}
14:25:34.556 [debug] Match confidence: 0.3, min_confidence: 0.8, match: %{type: "js-ldap-injection", context: %{node_type: "CallExpression", depth: 9, parent_type: "BinaryExpression", in_function: "complexFunction6"}, location: %{depth: 9, end_column: 27, end_line: 4, start_line: 4, start_column: 14}, severity: "high", pattern_id: "js-ldap-injection", pattern_name: "LDAP Injection", recommendation: "Review this code for potential security issues", confidence: 0.3, pattern_type: :ldap_injection, min_confidence: 0.8}
14:25:34.556 [debug] Match confidence: 0.3, min_confidence: 0.8, match: %{type: "js-ldap-injection", context: %{node_type: "CallExpression", depth: 5, parent_type: "ReturnStatement", in_function: "complexFunction6"}, location: %{depth: 5, end_column: 40, end_line: 6, start_line: 6, start_column: 9}, severity: "high", pattern_id: "js-ldap-injection", pattern_name: "LDAP Injection", recommendation: "Review this code for potential security issues", confidence: 0.3, pattern_type: :ldap_injection, min_confidence: 0.8}
14:25:34.556 [debug] Match confidence: 0.3, min_confidence: 0.8, match: %{type: "js-xpath-injection", context: %{node_type: "CallExpression", depth: 7, parent_type: "ExpressionStatement", in_function: "complexFunction6"}, location: %{depth: 7, end_column: 32, end_line: 4, start_line: 4, start_column: 4}, severity: "high", pattern_id: "js-xpath-injection", pattern_name: "XPath Injection", recommendation: "Review this code for potential security issues", confidence: 0.3, pattern_type: :xpath_injection, min_confidence: 0.8}
14:25:34.556 [debug] Match confidence: 0.3, min_confidence: 0.8, match: %{type: "js-xpath-injection", context: %{node_type: "CallExpression", depth: 9, parent_type: "BinaryExpression", in_function: "complexFunction6"}, location: %{depth: 9, end_column: 27, end_line: 4, start_line: 4, start_column: 14}, severity: "high", pattern_id: "js-xpath-injection", pattern_name: "XPath Injection", recommendation: "Review this code for potential security issues", confidence: 0.3, pattern_type: :xpath_injection, min_confidence: 0.8}
14:25:34.556 [debug] Match confidence: 0.3, min_confidence: 0.8, match: %{type: "js-xpath-injection", context: %{node_type: "CallExpression", depth: 5, parent_type: "ReturnStatement", in_function: "complexFunction6"}, location: %{depth: 5, end_column: 40, end_line: 6, start_line: 6, start_column: 9}, severity: "high", pattern_id: "js-xpath-injection", pattern_name: "XPath Injection", recommendation: "Review this code for potential security issues", confidence: 0.3, pattern_type: :xpath_injection, min_confidence: 0.8}
14:25:34.556 [debug] Match confidence: 0.3, min_confidence: 0.7, match: %{type: "js-ssrf", context: %{node_type: "CallExpression", depth: 7, parent_type: "ExpressionStatement", in_function: "complexFunction6"}, location: %{depth: 7, end_column: 32, end_line: 4, start_line: 4, start_column: 4}, severity: "medium", pattern_id: "js-ssrf", pattern_name: "Server-Side Request Forgery (SSRF)", recommendation: "Review this code for potential security issues", confidence: 0.3, pattern_type: :ssrf, min_confidence: 0.7}
14:25:34.556 [debug] Match confidence: 0.3, min_confidence: 0.7, match: %{type: "js-ssrf", context: %{node_type: "CallExpression", depth: 9, parent_type: "BinaryExpression", in_function: "complexFunction6"}, location: %{depth: 9, end_column: 27, end_line: 4, start_line: 4, start_column: 14}, severity: "medium", pattern_id: "js-ssrf", pattern_name: "Server-Side Request Forgery (SSRF)", recommendation: "Review this code for potential security issues", confidence: 0.3, pattern_type: :ssrf, min_confidence: 0.7}
14:25:34.556 [debug] Match confidence: 0.3, min_confidence: 0.7, match: %{type: "js-ssrf", context: %{node_type: "CallExpression", depth: 5, parent_type: "ReturnStatement", in_function: "complexFunction6"}, location: %{depth: 5, end_column: 40, end_line: 6, start_line: 6, start_column: 9}, severity: "medium", pattern_id: "js-ssrf", pattern_name: "Server-Side Request Forgery (SSRF)", recommendation: "Review this code for potential security issues", confidence: 0.3, pattern_type: :ssrf, min_confidence: 0.7}
14:25:34.556 [debug] Match confidence: 0.7, min_confidence: 0.8, match: %{type: "js-insecure-deserialization", context: %{node_type: "CallExpression", depth: 7, parent_type: "ExpressionStatement", in_function: "complexFunction6"}, location: %{depth: 7, end_column: 32, end_line: 4, start_line: 4, start_column: 4}, severity: "medium", pattern_id: "js-insecure-deserialization", pattern_name: "Insecure Deserialization", recommendation: "Review this code for potential security issues", confidence: 0.7, pattern_type: :deserialization, min_confidence: 0.8}
14:25:34.556 [debug] Match confidence: 0.7, min_confidence: 0.8, match: %{type: "js-insecure-deserialization", context: %{node_type: "CallExpression", depth: 9, parent_type: "BinaryExpression", in_function: "complexFunction6"}, location: %{depth: 9, end_column: 27, end_line: 4, start_line: 4, start_column: 14}, severity: "medium", pattern_id: "js-insecure-deserialization", pattern_name: "Insecure Deserialization", recommendation: "Review this code for potential security issues", confidence: 0.7, pattern_type: :deserialization, min_confidence: 0.8}
14:25:34.556 [debug] Match confidence: 0.7, min_confidence: 0.8, match: %{type: "js-insecure-deserialization", context: %{node_type: "CallExpression", depth: 5, parent_type: "ReturnStatement", in_function: "complexFunction6"}, location: %{depth: 5, end_column: 40, end_line: 6, start_line: 6, start_column: 9}, severity: "medium", pattern_id: "js-insecure-deserialization", pattern_name: "Insecure Deserialization", recommendation: "Review this code for potential security issues", confidence: 0.7, pattern_type: :deserialization, min_confidence: 0.8}
14:25:34.556 [info] AnalysisService: Loaded 30 patterns for javascript
14:25:34.560 [info] AnalysisService: Found 19 matches
14:25:34.560 [debug] Match confidence: 0.6, min_confidence: 0.7, match: %{type: "js-xss-jquery-html", context: %{node_type: "CallExpression", depth: 7, parent_type: "ExpressionStatement", in_function: "complexFunction7"}, location: %{depth: 7, end_column: 32, end_line: 4, start_line: 4, start_column: 4}, severity: "high", pattern_id: "js-xss-jquery-html", pattern_name: "XSS via jQuery html()", recommendation: "Review this code for potential security issues", confidence: 0.6, pattern_type: :xss, min_confidence: 0.7}
14:25:34.560 [debug] Match confidence: 0.6, min_confidence: 0.7, match: %{type: "js-xss-jquery-html", context: %{node_type: "CallExpression", depth: 9, parent_type: "BinaryExpression", in_function: "complexFunction7"}, location: %{depth: 9, end_column: 27, end_line: 4, start_line: 4, start_column: 14}, severity: "high", pattern_id: "js-xss-jquery-html", pattern_name: "XSS via jQuery html()", recommendation: "Review this code for potential security issues", confidence: 0.6, pattern_type: :xss, min_confidence: 0.7}
14:25:34.560 [debug] Match confidence: 0.6, min_confidence: 0.7, match: %{type: "js-xss-jquery-html", context: %{node_type: "CallExpression", depth: 5, parent_type: "ReturnStatement", in_function: "complexFunction7"}, location: %{depth: 5, end_column: 40, end_line: 6, start_line: 6, start_column: 9}, severity: "high", pattern_id: "js-xss-jquery-html", pattern_name: "XSS via jQuery html()", recommendation: "Review this code for potential security issues", confidence: 0.6, pattern_type: :xss, min_confidence: 0.7}
14:25:34.560 [debug] Match confidence: 0.3, min_confidence: 0.7, match: %{type: "js-path-traversal-concat", context: %{node_type: "BinaryExpression", depth: 7, parent_type: "ArrowFunctionExpression", in_function: "complexFunction7"}, location: %{depth: 7, end_column: 36, end_line: 6, start_line: 6, start_column: 31}, severity: "medium", pattern_id: "js-path-traversal-concat", pattern_name: "Path Traversal via String Concatenation", recommendation: "Review this code for potential security issues", confidence: 0.3, pattern_type: :path_traversal, min_confidence: 0.7}
14:25:34.560 [debug] Match confidence: 0.3, min_confidence: 0.7, match: %{type: "js-nosql-injection", context: %{node_type: "CallExpression", depth: 7, parent_type: "ExpressionStatement", in_function: "complexFunction7"}, location: %{depth: 7, end_column: 32, end_line: 4, start_line: 4, start_column: 4}, severity: "high", pattern_id: "js-nosql-injection", pattern_name: "NoSQL Injection", recommendation: "Review this code for potential security issues", confidence: 0.3, pattern_type: :nosql_injection, min_confidence: 0.7}
14:25:34.560 [debug] Match confidence: 0.3, min_confidence: 0.7, match: %{type: "js-nosql-injection", context: %{node_type: "CallExpression", depth: 9, parent_type: "BinaryExpression", in_function: "complexFunction7"}, location: %{depth: 9, end_column: 27, end_line: 4, start_line: 4, start_column: 14}, severity: "high", pattern_id: "js-nosql-injection", pattern_name: "NoSQL Injection", recommendation: "Review this code for potential security issues", confidence: 0.3, pattern_type: :nosql_injection, min_confidence: 0.7}
14:25:34.560 [debug] Match confidence: 0.3, min_confidence: 0.7, match: %{type: "js-nosql-injection", context: %{node_type: "CallExpression", depth: 5, parent_type: "ReturnStatement", in_function: "complexFunction7"}, location: %{depth: 5, end_column: 40, end_line: 6, start_line: 6, start_column: 9}, severity: "high", pattern_id: "js-nosql-injection", pattern_name: "NoSQL Injection", recommendation: "Review this code for potential security issues", confidence: 0.3, pattern_type: :nosql_injection, min_confidence: 0.7}
14:25:34.560 [debug] Match confidence: 0.3, min_confidence: 0.8, match: %{type: "js-ldap-injection", context: %{node_type: "CallExpression", depth: 7, parent_type: "ExpressionStatement", in_function: "complexFunction7"}, location: %{depth: 7, end_column: 32, end_line: 4, start_line: 4, start_column: 4}, severity: "high", pattern_id: "js-ldap-injection", pattern_name: "LDAP Injection", recommendation: "Review this code for potential security issues", confidence: 0.3, pattern_type: :ldap_injection, min_confidence: 0.8}
14:25:34.560 [debug] Match confidence: 0.3, min_confidence: 0.8, match: %{type: "js-ldap-injection", context: %{node_type: "CallExpression", depth: 9, parent_type: "BinaryExpression", in_function: "complexFunction7"}, location: %{depth: 9, end_column: 27, end_line: 4, start_line: 4, start_column: 14}, severity: "high", pattern_id: "js-ldap-injection", pattern_name: "LDAP Injection", recommendation: "Review this code for potential security issues", confidence: 0.3, pattern_type: :ldap_injection, min_confidence: 0.8}
14:25:34.560 [debug] Match confidence: 0.3, min_confidence: 0.8, match: %{type: "js-ldap-injection", context: %{node_type: "CallExpression", depth: 5, parent_type: "ReturnStatement", in_function: "complexFunction7"}, location: %{depth: 5, end_column: 40, end_line: 6, start_line: 6, start_column: 9}, severity: "high", pattern_id: "js-ldap-injection", pattern_name: "LDAP Injection", recommendation: "Review this code for potential security issues", confidence: 0.3, pattern_type: :ldap_injection, min_confidence: 0.8}
14:25:34.560 [debug] Match confidence: 0.3, min_confidence: 0.8, match: %{type: "js-xpath-injection", context: %{node_type: "CallExpression", depth: 7, parent_type: "ExpressionStatement", in_function: "complexFunction7"}, location: %{depth: 7, end_column: 32, end_line: 4, start_line: 4, start_column: 4}, severity: "high", pattern_id: "js-xpath-injection", pattern_name: "XPath Injection", recommendation: "Review this code for potential security issues", confidence: 0.3, pattern_type: :xpath_injection, min_confidence: 0.8}
14:25:34.560 [debug] Match confidence: 0.3, min_confidence: 0.8, match: %{type: "js-xpath-injection", context: %{node_type: "CallExpression", depth: 9, parent_type: "BinaryExpression", in_function: "complexFunction7"}, location: %{depth: 9, end_column: 27, end_line: 4, start_line: 4, start_column: 14}, severity: "high", pattern_id: "js-xpath-injection", pattern_name: "XPath Injection", recommendation: "Review this code for potential security issues", confidence: 0.3, pattern_type: :xpath_injection, min_confidence: 0.8}
14:25:34.560 [debug] Match confidence: 0.3, min_confidence: 0.8, match: %{type: "js-xpath-injection", context: %{node_type: "CallExpression", depth: 5, parent_type: "ReturnStatement", in_function: "complexFunction7"}, location: %{depth: 5, end_column: 40, end_line: 6, start_line: 6, start_column: 9}, severity: "high", pattern_id: "js-xpath-injection", pattern_name: "XPath Injection", recommendation: "Review this code for potential security issues", confidence: 0.3, pattern_type: :xpath_injection, min_confidence: 0.8}
14:25:34.560 [debug] Match confidence: 0.3, min_confidence: 0.7, match: %{type: "js-ssrf", context: %{node_type: "CallExpression", depth: 7, parent_type: "ExpressionStatement", in_function: "complexFunction7"}, location: %{depth: 7, end_column: 32, end_line: 4, start_line: 4, start_column: 4}, severity: "medium", pattern_id: "js-ssrf", pattern_name: "Server-Side Request Forgery (SSRF)", recommendation: "Review this code for potential security issues", confidence: 0.3, pattern_type: :ssrf, min_confidence: 0.7}
14:25:34.560 [debug] Match confidence: 0.3, min_confidence: 0.7, match: %{type: "js-ssrf", context: %{node_type: "CallExpression", depth: 9, parent_type: "BinaryExpression", in_function: "complexFunction7"}, location: %{depth: 9, end_column: 27, end_line: 4, start_line: 4, start_column: 14}, severity: "medium", pattern_id: "js-ssrf", pattern_name: "Server-Side Request Forgery (SSRF)", recommendation: "Review this code for potential security issues", confidence: 0.3, pattern_type: :ssrf, min_confidence: 0.7}
14:25:34.560 [debug] Match confidence: 0.3, min_confidence: 0.7, match: %{type: "js-ssrf", context: %{node_type: "CallExpression", depth: 5, parent_type: "ReturnStatement", in_function: "complexFunction7"}, location: %{depth: 5, end_column: 40, end_line: 6, start_line: 6, start_column: 9}, severity: "medium", pattern_id: "js-ssrf", pattern_name: "Server-Side Request Forgery (SSRF)", recommendation: "Review this code for potential security issues", confidence: 0.3, pattern_type: :ssrf, min_confidence: 0.7}
14:25:34.560 [debug] Match confidence: 0.7, min_confidence: 0.8, match: %{type: "js-insecure-deserialization", context: %{node_type: "CallExpression", depth: 7, parent_type: "ExpressionStatement", in_function: "complexFunction7"}, location: %{depth: 7, end_column: 32, end_line: 4, start_line: 4, start_column: 4}, severity: "medium", pattern_id: "js-insecure-deserialization", pattern_name: "Insecure Deserialization", recommendation: "Review this code for potential security issues", confidence: 0.7, pattern_type: :deserialization, min_confidence: 0.8}
14:25:34.560 [debug] Match confidence: 0.7, min_confidence: 0.8, match: %{type: "js-insecure-deserialization", context: %{node_type: "CallExpression", depth: 9, parent_type: "BinaryExpression", in_function: "complexFunction7"}, location: %{depth: 9, end_column: 27, end_line: 4, start_line: 4, start_column: 14}, severity: "medium", pattern_id: "js-insecure-deserialization", pattern_name: "Insecure Deserialization", recommendation: "Review this code for potential security issues", confidence: 0.7, pattern_type: :deserialization, min_confidence: 0.8}
14:25:34.560 [debug] Match confidence: 0.7, min_confidence: 0.8, match: %{type: "js-insecure-deserialization", context: %{node_type: "CallExpression", depth: 5, parent_type: "ReturnStatement", in_function: "complexFunction7"}, location: %{depth: 5, end_column: 40, end_line: 6, start_line: 6, start_column: 9}, severity: "medium", pattern_id: "js-insecure-deserialization", pattern_name: "Insecure Deserialization", recommendation: "Review this code for potential security issues", confidence: 0.7, pattern_type: :deserialization, min_confidence: 0.8}
14:25:34.560 [info] AnalysisService: Loaded 30 patterns for javascript
14:25:34.563 [info] AnalysisService: Found 19 matches
14:25:34.563 [debug] Match confidence: 0.6, min_confidence: 0.7, match: %{type: "js-xss-jquery-html", context: %{node_type: "CallExpression", depth: 7, parent_type: "ExpressionStatement", in_function: "complexFunction8"}, location: %{depth: 7, end_column: 32, end_line: 4, start_line: 4, start_column: 4}, severity: "high", pattern_id: "js-xss-jquery-html", pattern_name: "XSS via jQuery html()", recommendation: "Review this code for potential security issues", confidence: 0.6, pattern_type: :xss, min_confidence: 0.7}
14:25:34.563 [debug] Match confidence: 0.6, min_confidence: 0.7, match: %{type: "js-xss-jquery-html", context: %{node_type: "CallExpression", depth: 9, parent_type: "BinaryExpression", in_function: "complexFunction8"}, location: %{depth: 9, end_column: 27, end_line: 4, start_line: 4, start_column: 14}, severity: "high", pattern_id: "js-xss-jquery-html", pattern_name: "XSS via jQuery html()", recommendation: "Review this code for potential security issues", confidence: 0.6, pattern_type: :xss, min_confidence: 0.7}
14:25:34.563 [debug] Match confidence: 0.6, min_confidence: 0.7, match: %{type: "js-xss-jquery-html", context: %{node_type: "CallExpression", depth: 5, parent_type: "ReturnStatement", in_function: "complexFunction8"}, location: %{depth: 5, end_column: 40, end_line: 6, start_line: 6, start_column: 9}, severity: "high", pattern_id: "js-xss-jquery-html", pattern_name: "XSS via jQuery html()", recommendation: "Review this code for potential security issues", confidence: 0.6, pattern_type: :xss, min_confidence: 0.7}
14:25:34.563 [debug] Match confidence: 0.3, min_confidence: 0.7, match: %{type: "js-path-traversal-concat", context: %{node_type: "BinaryExpression", depth: 7, parent_type: "ArrowFunctionExpression", in_function: "complexFunction8"}, location: %{depth: 7, end_column: 36, end_line: 6, start_line: 6, start_column: 31}, severity: "medium", pattern_id: "js-path-traversal-concat", pattern_name: "Path Traversal via String Concatenation", recommendation: "Review this code for potential security issues", confidence: 0.3, pattern_type: :path_traversal, min_confidence: 0.7}
14:25:34.563 [debug] Match confidence: 0.3, min_confidence: 0.7, match: %{type: "js-nosql-injection", context: %{node_type: "CallExpression", depth: 7, parent_type: "ExpressionStatement", in_function: "complexFunction8"}, location: %{depth: 7, end_column: 32, end_line: 4, start_line: 4, start_column: 4}, severity: "high", pattern_id: "js-nosql-injection", pattern_name: "NoSQL Injection", recommendation: "Review this code for potential security issues", confidence: 0.3, pattern_type: :nosql_injection, min_confidence: 0.7}
14:25:34.563 [debug] Match confidence: 0.3, min_confidence: 0.7, match: %{type: "js-nosql-injection", context: %{node_type: "CallExpression", depth: 9, parent_type: "BinaryExpression", in_function: "complexFunction8"}, location: %{depth: 9, end_column: 27, end_line: 4, start_line: 4, start_column: 14}, severity: "high", pattern_id: "js-nosql-injection", pattern_name: "NoSQL Injection", recommendation: "Review this code for potential security issues", confidence: 0.3, pattern_type: :nosql_injection, min_confidence: 0.7}
14:25:34.563 [debug] Match confidence: 0.3, min_confidence: 0.7, match: %{type: "js-nosql-injection", context: %{node_type: "CallExpression", depth: 5, parent_type: "ReturnStatement", in_function: "complexFunction8"}, location: %{depth: 5, end_column: 40, end_line: 6, start_line: 6, start_column: 9}, severity: "high", pattern_id: "js-nosql-injection", pattern_name: "NoSQL Injection", recommendation: "Review this code for potential security issues", confidence: 0.3, pattern_type: :nosql_injection, min_confidence: 0.7}
14:25:34.563 [debug] Match confidence: 0.3, min_confidence: 0.8, match: %{type: "js-ldap-injection", context: %{node_type: "CallExpression", depth: 7, parent_type: "ExpressionStatement", in_function: "complexFunction8"}, location: %{depth: 7, end_column: 32, end_line: 4, start_line: 4, start_column: 4}, severity: "high", pattern_id: "js-ldap-injection", pattern_name: "LDAP Injection", recommendation: "Review this code for potential security issues", confidence: 0.3, pattern_type: :ldap_injection, min_confidence: 0.8}
14:25:34.563 [debug] Match confidence: 0.3, min_confidence: 0.8, match: %{type: "js-ldap-injection", context: %{node_type: "CallExpression", depth: 9, parent_type: "BinaryExpression", in_function: "complexFunction8"}, location: %{depth: 9, end_column: 27, end_line: 4, start_line: 4, start_column: 14}, severity: "high", pattern_id: "js-ldap-injection", pattern_name: "LDAP Injection", recommendation: "Review this code for potential security issues", confidence: 0.3, pattern_type: :ldap_injection, min_confidence: 0.8}
14:25:34.563 [debug] Match confidence: 0.3, min_confidence: 0.8, match: %{type: "js-ldap-injection", context: %{node_type: "CallExpression", depth: 5, parent_type: "ReturnStatement", in_function: "complexFunction8"}, location: %{depth: 5, end_column: 40, end_line: 6, start_line: 6, start_column: 9}, severity: "high", pattern_id: "js-ldap-injection", pattern_name: "LDAP Injection", recommendation: "Review this code for potential security issues", confidence: 0.3, pattern_type: :ldap_injection, min_confidence: 0.8}
14:25:34.563 [debug] Match confidence: 0.3, min_confidence: 0.8, match: %{type: "js-xpath-injection", context: %{node_type: "CallExpression", depth: 7, parent_type: "ExpressionStatement", in_function: "complexFunction8"}, location: %{depth: 7, end_column: 32, end_line: 4, start_line: 4, start_column: 4}, severity: "high", pattern_id: "js-xpath-injection", pattern_name: "XPath Injection", recommendation: "Review this code for potential security issues", confidence: 0.3, pattern_type: :xpath_injection, min_confidence: 0.8}
14:25:34.564 [debug] Match confidence: 0.3, min_confidence: 0.8, match: %{type: "js-xpath-injection", context: %{node_type: "CallExpression", depth: 9, parent_type: "BinaryExpression", in_function: "complexFunction8"}, location: %{depth: 9, end_column: 27, end_line: 4, start_line: 4, start_column: 14}, severity: "high", pattern_id: "js-xpath-injection", pattern_name: "XPath Injection", recommendation: "Review this code for potential security issues", confidence: 0.3, pattern_type: :xpath_injection, min_confidence: 0.8}
14:25:34.564 [debug] Match confidence: 0.3, min_confidence: 0.8, match: %{type: "js-xpath-injection", context: %{node_type: "CallExpression", depth: 5, parent_type: "ReturnStatement", in_function: "complexFunction8"}, location: %{depth: 5, end_column: 40, end_line: 6, start_line: 6, start_column: 9}, severity: "high", pattern_id: "js-xpath-injection", pattern_name: "XPath Injection", recommendation: "Review this code for potential security issues", confidence: 0.3, pattern_type: :xpath_injection, min_confidence: 0.8}
14:25:34.564 [debug] Match confidence: 0.3, min_confidence: 0.7, match: %{type: "js-ssrf", context: %{node_type: "CallExpression", depth: 7, parent_type: "ExpressionStatement", in_function: "complexFunction8"}, location: %{depth: 7, end_column: 32, end_line: 4, start_line: 4, start_column: 4}, severity: "medium", pattern_id: "js-ssrf", pattern_name: "Server-Side Request Forgery (SSRF)", recommendation: "Review this code for potential security issues", confidence: 0.3, pattern_type: :ssrf, min_confidence: 0.7}
14:25:34.564 [debug] Match confidence: 0.3, min_confidence: 0.7, match: %{type: "js-ssrf", context: %{node_type: "CallExpression", depth: 9, parent_type: "BinaryExpression", in_function: "complexFunction8"}, location: %{depth: 9, end_column: 27, end_line: 4, start_line: 4, start_column: 14}, severity: "medium", pattern_id: "js-ssrf", pattern_name: "Server-Side Request Forgery (SSRF)", recommendation: "Review this code for potential security issues", confidence: 0.3, pattern_type: :ssrf, min_confidence: 0.7}
14:25:34.564 [debug] Match confidence: 0.3, min_confidence: 0.7, match: %{type: "js-ssrf", context: %{node_type: "CallExpression", depth: 5, parent_type: "ReturnStatement", in_function: "complexFunction8"}, location: %{depth: 5, end_column: 40, end_line: 6, start_line: 6, start_column: 9}, severity: "medium", pattern_id: "js-ssrf", pattern_name: "Server-Side Request Forgery (SSRF)", recommendation: "Review this code for potential security issues", confidence: 0.3, pattern_type: :ssrf, min_confidence: 0.7}
14:25:34.564 [debug] Match confidence: 0.7, min_confidence: 0.8, match: %{type: "js-insecure-deserialization", context: %{node_type: "CallExpression", depth: 7, parent_type: "ExpressionStatement", in_function: "complexFunction8"}, location: %{depth: 7, end_column: 32, end_line: 4, start_line: 4, start_column: 4}, severity: "medium", pattern_id: "js-insecure-deserialization", pattern_name: "Insecure Deserialization", recommendation: "Review this code for potential security issues", confidence: 0.7, pattern_type: :deserialization, min_confidence: 0.8}
14:25:34.564 [debug] Match confidence: 0.7, min_confidence: 0.8, match: %{type: "js-insecure-deserialization", context: %{node_type: "CallExpression", depth: 9, parent_type: "BinaryExpression", in_function: "complexFunction8"}, location: %{depth: 9, end_column: 27, end_line: 4, start_line: 4, start_column: 14}, severity: "medium", pattern_id: "js-insecure-deserialization", pattern_name: "Insecure Deserialization", recommendation: "Review this code for potential security issues", confidence: 0.7, pattern_type: :deserialization, min_confidence: 0.8}
14:25:34.564 [debug] Match confidence: 0.7, min_confidence: 0.8, match: %{type: "js-insecure-deserialization", context: %{node_type: "CallExpression", depth: 5, parent_type: "ReturnStatement", in_function: "complexFunction8"}, location: %{depth: 5, end_column: 40, end_line: 6, start_line: 6, start_column: 9}, severity: "medium", pattern_id: "js-insecure-deserialization", pattern_name: "Insecure Deserialization", recommendation: "Review this code for potential security issues", confidence: 0.7, pattern_type: :deserialization, min_confidence: 0.8}
.14:25:34.647 [debug] Parser response received
14:25:34.647 [info] AnalysisService: Loaded 30 patterns for javascript
14:25:34.648 [info] AnalysisService: Found 0 matches
14:25:34.725 [debug] Parser response received
14:25:34.746 [debug] Parser response received
14:25:34.746 [info] AnalysisService: Loaded 12 patterns for python
14:25:34.747 [info] AnalysisService: Found 0 matches
.14:25:34.827 [debug] Parser response received
14:25:34.827 [info] AnalysisService: Loaded 30 patterns for javascript
14:25:34.828 [info] AnalysisService: Found 8 matches
14:25:34.828 [debug] Match confidence: 0.6000000000000001, min_confidence: 0.6, match: %{type: "js-xss-innerhtml", context: %{node_type: "AssignmentExpression", depth: 3, parent_type: "ExpressionStatement"}, location: %{depth: 3, end_column: 55, end_line: 1, start_line: 1, start_column: 0}, severity: "high", pattern_id: "js-xss-innerhtml", pattern_name: "Cross-Site Scripting (XSS) via innerHTML", recommendation: "Review this code for potential security issues", confidence: 0.6000000000000001, pattern_type: :xss, min_confidence: 0.6}
14:25:34.828 [debug] Match confidence: 0.6, min_confidence: 0.7, match: %{type: "js-xss-jquery-html", context: %{node_type: "CallExpression", depth: 5, parent_type: "MemberExpression"}, location: %{depth: 5, end_column: 33, end_line: 1, start_line: 1, start_column: 0}, severity: "high", pattern_id: "js-xss-jquery-html", pattern_name: "XSS via jQuery html()", recommendation: "Review this code for potential security issues", confidence: 0.6, pattern_type: :xss, min_confidence: 0.7}
14:25:34.828 [debug] Match confidence: 0.5, min_confidence: 0.7, match: %{type: "js-prototype-pollution", context: %{node_type: "AssignmentExpression", depth: 3, parent_type: "ExpressionStatement"}, location: %{depth: 3, end_column: 55, end_line: 1, start_line: 1, start_column: 0}, severity: "medium", pattern_id: "js-prototype-pollution", pattern_name: "Prototype Pollution", recommendation: "Review this code for potential security issues", confidence: 0.5, pattern_type: :deserialization, min_confidence: 0.7}
14:25:34.828 [debug] Match confidence: 0.3, min_confidence: 0.7, match: %{type: "js-nosql-injection", context: %{node_type: "CallExpression", depth: 5, parent_type: "MemberExpression"}, location: %{depth: 5, end_column: 33, end_line: 1, start_line: 1, start_column: 0}, severity: "high", pattern_id: "js-nosql-injection", pattern_name: "NoSQL Injection", recommendation: "Review this code for potential security issues", confidence: 0.3, pattern_type: :nosql_injection, min_confidence: 0.7}
14:25:34.828 [debug] Match confidence: 0.3, min_confidence: 0.8, match: %{type: "js-ldap-injection", context: %{node_type: "CallExpression", depth: 5, parent_type: "MemberExpression"}, location: %{depth: 5, end_column: 33, end_line: 1, start_line: 1, start_column: 0}, severity: "high", pattern_id: "js-ldap-injection", pattern_name: "LDAP Injection", recommendation: "Review this code for potential security issues", confidence: 0.3, pattern_type: :ldap_injection, min_confidence: 0.8}
14:25:34.828 [debug] Match confidence: 0.3, min_confidence: 0.8, match: %{type: "js-xpath-injection", context: %{node_type: "CallExpression", depth: 5, parent_type: "MemberExpression"}, location: %{depth: 5, end_column: 33, end_line: 1, start_line: 1, start_column: 0}, severity: "high", pattern_id: "js-xpath-injection", pattern_name: "XPath Injection", recommendation: "Review this code for potential security issues", confidence: 0.3, pattern_type: :xpath_injection, min_confidence: 0.8}
14:25:34.828 [debug] Match confidence: 0.3, min_confidence: 0.7, match: %{type: "js-ssrf", context: %{node_type: "CallExpression", depth: 5, parent_type: "MemberExpression"}, location: %{depth: 5, end_column: 33, end_line: 1, start_line: 1, start_column: 0}, severity: "medium", pattern_id: "js-ssrf", pattern_name: "Server-Side Request Forgery (SSRF)", recommendation: "Review this code for potential security issues", confidence: 0.3, pattern_type: :ssrf, min_confidence: 0.7}
14:25:34.828 [debug] Match confidence: 0.7, min_confidence: 0.8, match: %{type: "js-insecure-deserialization", context: %{node_type: "CallExpression", depth: 5, parent_type: "MemberExpression"}, location: %{depth: 5, end_column: 33, end_line: 1, start_line: 1, start_column: 0}, severity: "medium", pattern_id: "js-insecure-deserialization", pattern_name: "Insecure Deserialization", recommendation: "Review this code for potential security issues", confidence: 0.7, pattern_type: :deserialization, min_confidence: 0.8}
14:25:34.848 [debug] Parser response received
14:25:34.849 [info] AnalysisService: Loaded 12 patterns for python
14:25:34.849 [info] AnalysisService: Found 1 matches
14:25:34.849 [debug] Match confidence: 0.5, min_confidence: 0.7, match: %{type: "python-sql-injection-fstring", context: %{node_type: "JoinedStr", depth: 2, parent_type: "Assign"}, location: %{depth: 2, end_column: 0, end_line: 1, start_line: 1, start_column: 0}, severity: "high", pattern_id: "python-sql-injection-fstring", pattern_name: "SQL Injection via F-String Formatting", recommendation: "Review this code for potential security issues", confidence: 0.5, pattern_type: :sql_injection, min_confidence: 0.7}
.14:25:34.925 [debug] Parser response received
14:25:34.925 [info] AnalysisService: Loaded 30 patterns for javascript
14:25:34.925 [info] AnalysisService: Found 0 matches
14:25:35.003 [debug] Parser response received
14:25:35.003 [info] AnalysisService: Loaded 30 patterns for javascript
14:25:35.004 [info] AnalysisService: Found 0 matches
14:25:35.004 [info] AnalysisService: Loaded 30 patterns for javascript
14:25:35.005 [info] AnalysisService: Found 0 matches
14:25:35.005 [info] AnalysisService: Loaded 30 patterns for javascript
14:25:35.005 [info] AnalysisService: Found 0 matches
.14:25:35.089 [debug] Parser response received
14:25:35.089 [info] AnalysisService: Loaded 30 patterns for javascript
14:25:35.112 [info] AnalysisService: Found 0 matches
14:25:35.194 [debug] Parser response received
14:25:35.194 [info] AnalysisService: Loaded 30 patterns for javascript
14:25:35.218 [info] AnalysisService: Found 0 matches
14:25:35.303 [debug] Parser response received
14:25:35.303 [info] AnalysisService: Loaded 30 patterns for javascript
14:25:35.333 [info] AnalysisService: Found 0 matches
14:25:35.414 [debug] Parser response received
14:25:35.415 [info] AnalysisService: Loaded 30 patterns for javascript
14:25:35.443 [info] AnalysisService: Found 0 matches
14:25:35.526 [debug] Parser response received
14:25:35.527 [info] AnalysisService: Loaded 30 patterns for javascript
14:25:35.550 [info] AnalysisService: Found 0 matches
14:25:35.632 [debug] Parser response received
14:25:35.633 [info] AnalysisService: Loaded 30 patterns for javascript
14:25:35.656 [info] AnalysisService: Found 0 matches
14:25:35.756 [debug] Parser response received
14:25:35.756 [info] AnalysisService: Loaded 30 patterns for javascript
14:25:35.779 [info] AnalysisService: Found 0 matches
14:25:35.860 [debug] Parser response received
14:25:35.861 [info] AnalysisService: Loaded 30 patterns for javascript
14:25:35.884 [info] AnalysisService: Found 0 matches
14:25:35.966 [debug] Parser response received
14:25:35.966 [info] AnalysisService: Loaded 30 patterns for javascript
14:25:35.990 [info] AnalysisService: Found 0 matches
14:25:36.072 [debug] Parser response received
14:25:36.073 [info] AnalysisService: Loaded 30 patterns for javascript
14:25:36.100 [info] AnalysisService: Found 0 matches
..14:25:36.219 [debug] Parser response received
14:25:36.220 [info] AnalysisService: Loaded 30 patterns for javascript
14:25:36.220 [info] AnalysisService: Found 0 matches
14:25:36.295 [debug] Parser response received
14:25:36.295 [info] AnalysisService: Loaded 30 patterns for javascript
14:25:36.296 [info] AnalysisService: Found 0 matches
14:25:36.371 [debug] Parser response received
14:25:36.372 [info] AnalysisService: Loaded 30 patterns for javascript
14:25:36.373 [info] AnalysisService: Found 0 matches
14:25:36.477 [debug] Parser response received
14:25:36.477 [info] AnalysisService: Loaded 30 patterns for javascript
14:25:36.478 [info] AnalysisService: Found 0 matches
14:25:36.554 [debug] Parser response received
14:25:36.554 [info] AnalysisService: Loaded 30 patterns for javascript
14:25:36.555 [info] AnalysisService: Found 0 matches
14:25:36.632 [debug] Parser response received
14:25:36.632 [info] AnalysisService: Loaded 30 patterns for javascript
14:25:36.633 [info] AnalysisService: Found 0 matches
14:25:36.736 [debug] Parser response received
14:25:36.736 [info] AnalysisService: Loaded 30 patterns for javascript
14:25:36.737 [info] AnalysisService: Found 0 matches
14:25:36.818 [debug] Parser response received
14:25:36.818 [info] AnalysisService: Loaded 30 patterns for javascript
14:25:36.819 [info] AnalysisService: Found 0 matches
14:25:36.900 [debug] Parser response received
14:25:36.900 [info] AnalysisService: Loaded 30 patterns for javascript
14:25:36.901 [info] AnalysisService: Found 0 matches
14:25:36.981 [debug] Parser response received
14:25:36.981 [info] AnalysisService: Loaded 30 patterns for javascript
14:25:36.982 [info] AnalysisService: Found 0 matches
....14:25:37.156 [debug] Parser response received
14:25:37.156 [info] AnalysisService: Loaded 30 patterns for javascript
14:25:37.158 [info] AnalysisService: Found 0 matches
14:25:37.240 [debug] Parser response received
14:25:37.240 [info] AnalysisService: Loaded 30 patterns for javascript
14:25:37.241 [info] AnalysisService: Found 0 matches
14:25:37.316 [debug] Parser response received
14:25:37.316 [info] AnalysisService: Loaded 30 patterns for javascript
14:25:37.316 [info] AnalysisService: Found 0 matches
14:25:37.394 [debug] Parser response received
14:25:37.395 [info] AnalysisService: Loaded 30 patterns for javascript
14:25:37.395 [info] AnalysisService: Found 0 matches
14:25:37.475 [debug] Parser response received
14:25:37.475 [info] AnalysisService: Loaded 30 patterns for javascript
14:25:37.476 [info] AnalysisService: Found 0 matches
14:25:37.558 [debug] Parser response received
14:25:37.558 [info] AnalysisService: Loaded 30 patterns for javascript
14:25:37.558 [info] AnalysisService: Found 0 matches
14:25:37.642 [debug] Parser response received
14:25:37.642 [info] AnalysisService: Loaded 30 patterns for javascript
14:25:37.642 [info] AnalysisService: Found 0 matches
14:25:37.718 [debug] Parser response received
14:25:37.718 [info] AnalysisService: Loaded 30 patterns for javascript
14:25:37.718 [info] AnalysisService: Found 0 matches
14:25:37.796 [debug] Parser response received
14:25:37.796 [info] AnalysisService: Loaded 30 patterns for javascript
14:25:37.797 [info] AnalysisService: Found 0 matches
14:25:37.881 [debug] Parser response received
14:25:37.881 [info] AnalysisService: Loaded 30 patterns for javascript
14:25:37.882 [info] AnalysisService: Found 0 matches
14:25:37.957 [debug] Parser response received
14:25:37.958 [info] AnalysisService: Loaded 30 patterns for javascript
14:25:37.958 [info] AnalysisService: Found 0 matches
14:25:38.034 [debug] Parser response received
14:25:38.034 [info] AnalysisService: Loaded 30 patterns for javascript
14:25:38.034 [info] AnalysisService: Found 0 matches
14:25:38.118 [debug] Parser response received
14:25:38.118 [info] AnalysisService: Loaded 30 patterns for javascript
14:25:38.118 [info] AnalysisService: Found 0 matches
14:25:38.201 [debug] Parser response received
14:25:38.201 [info] AnalysisService: Loaded 30 patterns for javascript
14:25:38.202 [info] AnalysisService: Found 0 matches
14:25:38.276 [debug] Parser response received
14:25:38.276 [info] AnalysisService: Loaded 30 patterns for javascript
14:25:38.277 [info] AnalysisService: Found 0 matches
14:25:38.346 [debug] Parser response received
14:25:38.346 [info] AnalysisService: Loaded 30 patterns for javascript
14:25:38.347 [info] AnalysisService: Found 0 matches
14:25:38.420 [debug] Parser response received
14:25:38.420 [info] AnalysisService: Loaded 30 patterns for javascript
14:25:38.421 [info] AnalysisService: Found 0 matches
14:25:38.500 [debug] Parser response received
14:25:38.500 [info] AnalysisService: Loaded 30 patterns for javascript
14:25:38.500 [info] AnalysisService: Found 0 matches
14:25:38.585 [debug] Parser response received
14:25:38.585 [info] AnalysisService: Loaded 30 patterns for javascript
14:25:38.585 [info] AnalysisService: Found 0 matches
14:25:38.663 [debug] Parser response received
14:25:38.663 [info] AnalysisService: Loaded 30 patterns for javascript
14:25:38.664 [info] AnalysisService: Found 0 matches
.14:25:38.664 [debug] QUERY OK source="customers" db=0.1ms
INSERT INTO "customers" ("active","name","metadata","email","is_staff","subscription_plan","monthly_limit","current_usage","fixes_quota_this_month","fixes_used_this_month","has_payment_method","rollover_fixes","subscription_status","trial_fixes_limit","trial_fixes_used","inserted_at","updated_at") VALUES ($1,$2,$3,$4,$5,$6,$7,$8,$9,$10,$11,$12,$13,$14,$15,$16,$17) RETURNING "id" [true, "Test Customer 29058", %{}, "test29058@example.com", false, "trial", 100, 0, 0, 0, false, 0, "active", 5, 0, ~N[2025-09-11 20:25:38], ~N[2025-09-11 20:25:38]]
14:25:38.665 [debug] QUERY OK source="forge_accounts" db=0.1ms
INSERT INTO "forge_accounts" ("metadata","namespace","customer_id","forge_type","verified_at","inserted_at","updated_at") VALUES ($1,$2,$3,$4,$5,$6,$7) RETURNING "id" [%{}, "test-org-29058", 72147, :github, ~U[2025-09-11 20:25:38.664765Z], ~U[2025-09-11 20:25:38.664775Z], ~U[2025-09-11 20:25:38.664775Z]]
14:25:38.665 [debug] QUERY OK source="customers" db=0.0ms
INSERT INTO "customers" ("active","name","metadata","email","is_staff","subscription_plan","monthly_limit","current_usage","fixes_quota_this_month","fixes_used_this_month","has_payment_method","rollover_fixes","subscription_status","trial_fixes_limit","trial_fixes_used","inserted_at","updated_at") VALUES ($1,$2,$3,$4,$5,$6,$7,$8,$9,$10,$11,$12,$13,$14,$15,$16,$17) RETURNING "id" [true, "Test Customer 33027", %{}, "test33027@example.com", false, "trial", 100, 0, 0, 0, false, 0, "active", 5, 0, ~N[2025-09-11 20:25:38], ~N[2025-09-11 20:25:38]]
14:25:38.665 [debug] QUERY OK source="forge_accounts" db=0.0ms
INSERT INTO "forge_accounts" ("metadata","namespace","customer_id","forge_type","verified_at","inserted_at","updated_at") VALUES ($1,$2,$3,$4,$5,$6,$7) RETURNING "id" [%{}, "test-org-33027", 72148, :github, ~U[2025-09-11 20:25:38.665193Z], ~U[2025-09-11 20:25:38.665200Z], ~U[2025-09-11 20:25:38.665200Z]]
14:25:38.665 [debug] QUERY OK source="cached_validations" db=0.1ms queue=0.1ms
INSERT INTO "cached_validations" ("reason","cache_key","repository","confidence","forge_account_id","locations","vulnerability_type","file_hashes","is_false_positive","ttl_expires_at","cached_at","inserted_at","updated_at") VALUES ($1,$2,$3,$4,$5,$6,$7,$8,$9,$10,$11,$12,$13) ON CONFLICT ("cache_key") DO UPDATE SET "updated_at" = EXCLUDED."updated_at","inserted_at" = EXCLUDED."inserted_at","forge_account_id" = EXCLUDED."forge_account_id","invalidation_reason" = EXCLUDED."invalidation_reason","invalidated_at" = EXCLUDED."invalidated_at","ttl_expires_at" = EXCLUDED."ttl_expires_at","cached_at" = EXCLUDED."cached_at","full_result" = EXCLUDED."full_result","reason" = EXCLUDED."reason","confidence" = EXCLUDED."confidence","is_false_positive" = EXCLUDED."is_false_positive","file_hashes" = EXCLUDED."file_hashes","locations" = EXCLUDED."locations","vulnerability_type" = EXCLUDED."vulnerability_type","repository" = EXCLUDED."repository","cache_key" = EXCLUDED."cache_key" RETURNING "id","updated_at","inserted_at","forge_account_id","invalidation_reason","invalidated_at","ttl_expires_at","cached_at","full_result","reason","confidence","is_false_positive","file_hashes","locations","vulnerability_type","repository","cache_key" ["No user input flow detected", "56689/RSOLV-dev/nodegoat/[app.js:42]:sql-injection", "RSOLV-dev/nodegoat", Decimal.new("0.95"), 56689, [%{line: 42, file_path: "app.js"}], "sql-injection", %{"app.js" => "sha256:abc123"}, true, ~U[2025-12-10 20:25:38.665304Z], ~U[2025-09-11 20:25:38.665304Z], ~U[2025-09-11 20:25:38.665377Z], ~U[2025-09-11 20:25:38.665377Z]]
14:25:38.665 [debug] Cached validation stored
14:25:38.665 [debug] QUERY OK source="cached_validations" db=0.0ms
SELECT c0."id", c0."cache_key", c0."repository", c0."vulnerability_type", c0."locations", c0."file_hashes", c0."is_false_positive", c0."confidence", c0."reason", c0."full_result", c0."cached_at", c0."ttl_expires_at", c0."invalidated_at", c0."invalidation_reason", c0."forge_account_id", c0."inserted_at", c0."updated_at" FROM "cached_validations" AS c0 WHERE (c0."cache_key" = $1) AND (c0."invalidated_at" IS NULL) ["56690/RSOLV-dev/nodegoat/[app.js:42]:sql-injection"]
14:25:38.665 [debug] Cache miss
.14:25:38.666 [debug] QUERY OK source="customers" db=0.0ms
INSERT INTO "customers" ("active","name","metadata","email","is_staff","subscription_plan","monthly_limit","current_usage","fixes_quota_this_month","fixes_used_this_month","has_payment_method","rollover_fixes","subscription_status","trial_fixes_limit","trial_fixes_used","inserted_at","updated_at") VALUES ($1,$2,$3,$4,$5,$6,$7,$8,$9,$10,$11,$12,$13,$14,$15,$16,$17) RETURNING "id" [true, "Test Customer 33155", %{}, "test33155@example.com", false, "trial", 100, 0, 0, 0, false, 0, "active", 5, 0, ~N[2025-09-11 20:25:38], ~N[2025-09-11 20:25:38]]
14:25:38.666 [debug] QUERY OK source="forge_accounts" db=0.0ms
INSERT INTO "forge_accounts" ("metadata","namespace","customer_id","forge_type","verified_at","inserted_at","updated_at") VALUES ($1,$2,$3,$4,$5,$6,$7) RETURNING "id" [%{}, "test-org-33155", 72149, :github, ~U[2025-09-11 20:25:38.666157Z], ~U[2025-09-11 20:25:38.666164Z], ~U[2025-09-11 20:25:38.666164Z]]
14:25:38.666 [debug] QUERY OK source="cached_validations" db=0.1ms
INSERT INTO "cached_validations" ("reason","cache_key","repository","confidence","forge_account_id","locations","vulnerability_type","file_hashes","is_false_positive","ttl_expires_at","cached_at","inserted_at","updated_at") VALUES ($1,$2,$3,$4,$5,$6,$7,$8,$9,$10,$11,$12,$13) ON CONFLICT ("cache_key") DO UPDATE SET "updated_at" = EXCLUDED."updated_at","inserted_at" = EXCLUDED."inserted_at","forge_account_id" = EXCLUDED."forge_account_id","invalidation_reason" = EXCLUDED."invalidation_reason","invalidated_at" = EXCLUDED."invalidated_at","ttl_expires_at" = EXCLUDED."ttl_expires_at","cached_at" = EXCLUDED."cached_at","full_result" = EXCLUDED."full_result","reason" = EXCLUDED."reason","confidence" = EXCLUDED."confidence","is_false_positive" = EXCLUDED."is_false_positive","file_hashes" = EXCLUDED."file_hashes","locations" = EXCLUDED."locations","vulnerability_type" = EXCLUDED."vulnerability_type","repository" = EXCLUDED."repository","cache_key" = EXCLUDED."cache_key" RETURNING "id","updated_at","inserted_at","forge_account_id","invalidation_reason","invalidated_at","ttl_expires_at","cached_at","full_result","reason","confidence","is_false_positive","file_hashes","locations","vulnerability_type","repository","cache_key" ["No user input flow detected", "56691/RSOLV-dev/nodegoat/[app.js:42]:sql-injection", "RSOLV-dev/nodegoat", Decimal.new("0.95"), 56691, [%{line: 42, file_path: "app.js"}], "sql-injection", %{"app.js" => "sha256:abc123"}, true, ~U[2025-12-10 20:25:38.666308Z], ~U[2025-09-11 20:25:38.666308Z], ~U[2025-09-11 20:25:38.666339Z], ~U[2025-09-11 20:25:38.666339Z]]
14:25:38.666 [debug] Cached validation stored
14:25:38.666 [debug] QUERY OK source="cached_validations" db=0.1ms
UPDATE "cached_validations" AS c0 SET "ttl_expires_at" = $1 WHERE (c0."forge_account_id" = $2) [~U[2025-09-10 20:25:38.666293Z], 56691]
14:25:38.666 [debug] QUERY OK source="cached_validations" db=0.0ms
SELECT c0."id", c0."cache_key", c0."repository", c0."vulnerability_type", c0."locations", c0."file_hashes", c0."is_false_positive", c0."confidence", c0."reason", c0."full_result", c0."cached_at", c0."ttl_expires_at", c0."invalidated_at", c0."invalidation_reason", c0."forge_account_id", c0."inserted_at", c0."updated_at" FROM "cached_validations" AS c0 WHERE (c0."cache_key" = $1) AND (c0."invalidated_at" IS NULL) ["56691/RSOLV-dev/nodegoat/[app.js:42]:sql-injection"]
14:25:38.666 [debug] Cache expired
.14:25:38.667 [debug] QUERY OK source="customers" db=0.0ms
INSERT INTO "customers" ("active","name","metadata","email","is_staff","subscription_plan","monthly_limit","current_usage","fixes_quota_this_month","fixes_used_this_month","has_payment_method","rollover_fixes","subscription_status","trial_fixes_limit","trial_fixes_used","inserted_at","updated_at") VALUES ($1,$2,$3,$4,$5,$6,$7,$8,$9,$10,$11,$12,$13,$14,$15,$16,$17) RETURNING "id" [true, "Test Customer 33411", %{}, "test33411@example.com", false, "trial", 100, 0, 0, 0, false, 0, "active", 5, 0, ~N[2025-09-11 20:25:38], ~N[2025-09-11 20:25:38]]
14:25:38.667 [debug] QUERY OK source="forge_accounts" db=0.0ms
INSERT INTO "forge_accounts" ("metadata","namespace","customer_id","forge_type","verified_at","inserted_at","updated_at") VALUES ($1,$2,$3,$4,$5,$6,$7) RETURNING "id" [%{}, "test-org-33411", 72150, :github, ~U[2025-09-11 20:25:38.667214Z], ~U[2025-09-11 20:25:38.667221Z], ~U[2025-09-11 20:25:38.667221Z]]
14:25:38.667 [debug] QUERY OK source="cached_validations" db=0.0ms
INSERT INTO "cached_validations" ("reason","cache_key","repository","confidence","forge_account_id","locations","vulnerability_type","file_hashes","is_false_positive","ttl_expires_at","cached_at","inserted_at","updated_at") VALUES ($1,$2,$3,$4,$5,$6,$7,$8,$9,$10,$11,$12,$13) ON CONFLICT ("cache_key") DO UPDATE SET "updated_at" = EXCLUDED."updated_at","inserted_at" = EXCLUDED."inserted_at","forge_account_id" = EXCLUDED."forge_account_id","invalidation_reason" = EXCLUDED."invalidation_reason","invalidated_at" = EXCLUDED."invalidated_at","ttl_expires_at" = EXCLUDED."ttl_expires_at","cached_at" = EXCLUDED."cached_at","full_result" = EXCLUDED."full_result","reason" = EXCLUDED."reason","confidence" = EXCLUDED."confidence","is_false_positive" = EXCLUDED."is_false_positive","file_hashes" = EXCLUDED."file_hashes","locations" = EXCLUDED."locations","vulnerability_type" = EXCLUDED."vulnerability_type","repository" = EXCLUDED."repository","cache_key" = EXCLUDED."cache_key" RETURNING "id","updated_at","inserted_at","forge_account_id","invalidation_reason","invalidated_at","ttl_expires_at","cached_at","full_result","reason","confidence","is_false_positive","file_hashes","locations","vulnerability_type","repository","cache_key" ["No user input flow detected", "56692/RSOLV-dev/nodegoat/[app.js:42]:sql-injection", "RSOLV-dev/nodegoat", Decimal.new("0.95"), 56692, [%{line: 42, file_path: "app.js"}], "sql-injection", %{"app.js" => "sha256:abc123"}, true, ~U[2025-12-10 20:25:38.667365Z], ~U[2025-09-11 20:25:38.667365Z], ~U[2025-09-11 20:25:38.667403Z], ~U[2025-09-11 20:25:38.667403Z]]
14:25:38.667 [debug] Cached validation stored
14:25:38.667 [debug] QUERY OK source="cached_validations" db=0.0ms
SELECT c0."id", c0."cache_key", c0."repository", c0."vulnerability_type", c0."locations", c0."file_hashes", c0."is_false_positive", c0."confidence", c0."reason", c0."full_result", c0."cached_at", c0."ttl_expires_at", c0."invalidated_at", c0."invalidation_reason", c0."forge_account_id", c0."inserted_at", c0."updated_at" FROM "cached_validations" AS c0 WHERE (c0."cache_key" = $1) AND (c0."invalidated_at" IS NULL) ["56692/RSOLV-dev/nodegoat/[app.js:42]:sql-injection"]
14:25:38.667 [debug] Cache hit
.14:25:38.667 [debug] QUERY OK source="customers" db=0.0ms
INSERT INTO "customers" ("active","name","metadata","email","is_staff","subscription_plan","monthly_limit","current_usage","fixes_quota_this_month","fixes_used_this_month","has_payment_method","rollover_fixes","subscription_status","trial_fixes_limit","trial_fixes_used","inserted_at","updated_at") VALUES ($1,$2,$3,$4,$5,$6,$7,$8,$9,$10,$11,$12,$13,$14,$15,$16,$17) RETURNING "id" [true, "Test Customer 33539", %{}, "test33539@example.com", false, "trial", 100, 0, 0, 0, false, 0, "active", 5, 0, ~N[2025-09-11 20:25:38], ~N[2025-09-11 20:25:38]]
14:25:38.668 [debug] QUERY OK source="forge_accounts" db=0.0ms
INSERT INTO "forge_accounts" ("metadata","namespace","customer_id","forge_type","verified_at","inserted_at","updated_at") VALUES ($1,$2,$3,$4,$5,$6,$7) RETURNING "id" [%{}, "test-org-33539", 72151, :github, ~U[2025-09-11 20:25:38.667941Z], ~U[2025-09-11 20:25:38.667947Z], ~U[2025-09-11 20:25:38.667947Z]]
14:25:38.668 [debug] QUERY OK source="cached_validations" db=0.0ms
INSERT INTO "cached_validations" ("reason","cache_key","repository","confidence","forge_account_id","locations","vulnerability_type","file_hashes","is_false_positive","ttl_expires_at","cached_at","inserted_at","updated_at") VALUES ($1,$2,$3,$4,$5,$6,$7,$8,$9,$10,$11,$12,$13) ON CONFLICT ("cache_key") DO UPDATE SET "updated_at" = EXCLUDED."updated_at","inserted_at" = EXCLUDED."inserted_at","forge_account_id" = EXCLUDED."forge_account_id","invalidation_reason" = EXCLUDED."invalidation_reason","invalidated_at" = EXCLUDED."invalidated_at","ttl_expires_at" = EXCLUDED."ttl_expires_at","cached_at" = EXCLUDED."cached_at","full_result" = EXCLUDED."full_result","reason" = EXCLUDED."reason","confidence" = EXCLUDED."confidence","is_false_positive" = EXCLUDED."is_false_positive","file_hashes" = EXCLUDED."file_hashes","locations" = EXCLUDED."locations","vulnerability_type" = EXCLUDED."vulnerability_type","repository" = EXCLUDED."repository","cache_key" = EXCLUDED."cache_key" RETURNING "id","updated_at","inserted_at","forge_account_id","invalidation_reason","invalidated_at","ttl_expires_at","cached_at","full_result","reason","confidence","is_false_positive","file_hashes","locations","vulnerability_type","repository","cache_key" ["No user input flow detected", "56693/RSOLV-dev/nodegoat/[app.js:42]:sql-injection", "RSOLV-dev/nodegoat", Decimal.new("0.95"), 56693, [%{line: 42, file_path: "app.js"}], "sql-injection", %{"app.js" => "sha256:abc123"}, true, ~U[2025-12-10 20:25:38.668061Z], ~U[2025-09-11 20:25:38.668061Z], ~U[2025-09-11 20:25:38.668097Z], ~U[2025-09-11 20:25:38.668097Z]]
14:25:38.668 [debug] Cached validation stored
14:25:38.668 [debug] QUERY OK source="cached_validations" db=0.1ms
SELECT c0."id", c0."cache_key", c0."repository", c0."vulnerability_type", c0."locations", c0."file_hashes", c0."is_false_positive", c0."confidence", c0."reason", c0."full_result", c0."cached_at", c0."ttl_expires_at", c0."invalidated_at", c0."invalidation_reason", c0."forge_account_id", c0."inserted_at", c0."updated_at" FROM "cached_validations" AS c0 WHERE (c0."cache_key" = $1) AND (c0."invalidated_at" IS NULL) ["56693/RSOLV-dev/nodegoat/[app.js:42]:sql-injection"]
14:25:38.668 [debug] Cache hit
.14:25:38.668 [debug] QUERY OK source="customers" db=0.0ms
INSERT INTO "customers" ("active","name","metadata","email","is_staff","subscription_plan","monthly_limit","current_usage","fixes_quota_this_month","fixes_used_this_month","has_payment_method","rollover_fixes","subscription_status","trial_fixes_limit","trial_fixes_used","inserted_at","updated_at") VALUES ($1,$2,$3,$4,$5,$6,$7,$8,$9,$10,$11,$12,$13,$14,$15,$16,$17) RETURNING "id" [true, "Test Customer 29186", %{}, "test29186@example.com", false, "trial", 100, 0, 0, 0, false, 0, "active", 5, 0, ~N[2025-09-11 20:25:38], ~N[2025-09-11 20:25:38]]
14:25:38.668 [debug] QUERY OK source="forge_accounts" db=0.1ms
INSERT INTO "forge_accounts" ("metadata","namespace","customer_id","forge_type","verified_at","inserted_at","updated_at") VALUES ($1,$2,$3,$4,$5,$6,$7) RETURNING "id" [%{}, "test-org-29186", 72152, :github, ~U[2025-09-11 20:25:38.668694Z], ~U[2025-09-11 20:25:38.668701Z], ~U[2025-09-11 20:25:38.668701Z]]
14:25:38.669 [debug] QUERY OK source="cached_validations" db=0.1ms
INSERT INTO "cached_validations" ("reason","cache_key","repository","confidence","forge_account_id","locations","vulnerability_type","file_hashes","is_false_positive","ttl_expires_at","cached_at","inserted_at","updated_at") VALUES ($1,$2,$3,$4,$5,$6,$7,$8,$9,$10,$11,$12,$13) ON CONFLICT ("cache_key") DO UPDATE SET "updated_at" = EXCLUDED."updated_at","inserted_at" = EXCLUDED."inserted_at","forge_account_id" = EXCLUDED."forge_account_id","invalidation_reason" = EXCLUDED."invalidation_reason","invalidated_at" = EXCLUDED."invalidated_at","ttl_expires_at" = EXCLUDED."ttl_expires_at","cached_at" = EXCLUDED."cached_at","full_result" = EXCLUDED."full_result","reason" = EXCLUDED."reason","confidence" = EXCLUDED."confidence","is_false_positive" = EXCLUDED."is_false_positive","file_hashes" = EXCLUDED."file_hashes","locations" = EXCLUDED."locations","vulnerability_type" = EXCLUDED."vulnerability_type","repository" = EXCLUDED."repository","cache_key" = EXCLUDED."cache_key" RETURNING "id","updated_at","inserted_at","forge_account_id","invalidation_reason","invalidated_at","ttl_expires_at","cached_at","full_result","reason","confidence","is_false_positive","file_hashes","locations","vulnerability_type","repository","cache_key" ["No user input flow detected", "56694/RSOLV-dev/nodegoat/[app.js:42]:sql-injection", "RSOLV-dev/nodegoat", Decimal.new("0.95"), 56694, [%{line: 42, file_path: "app.js"}], "sql-injection", %{"app.js" => "sha256:abc123"}, true, ~U[2025-12-10 20:25:38.668890Z], ~U[2025-09-11 20:25:38.668890Z], ~U[2025-09-11 20:25:38.668925Z], ~U[2025-09-11 20:25:38.668925Z]]
14:25:38.669 [debug] Cached validation stored
14:25:38.669 [debug] QUERY OK source="cached_validations" db=0.0ms
SELECT c0."id", c0."cache_key", c0."repository", c0."vulnerability_type", c0."locations", c0."file_hashes", c0."is_false_positive", c0."confidence", c0."reason", c0."full_result", c0."cached_at", c0."ttl_expires_at", c0."invalidated_at", c0."invalidation_reason", c0."forge_account_id", c0."inserted_at", c0."updated_at" FROM "cached_validations" AS c0 WHERE (c0."cache_key" = $1) AND (c0."invalidated_at" IS NULL) ["56694/RSOLV-dev/nodegoat/[app.js:42]:sql-injection"]
14:25:38.669 [debug] Cache hit
.14:25:38.669 [debug] QUERY OK source="customers" db=0.0ms
INSERT INTO "customers" ("active","name","metadata","email","is_staff","subscription_plan","monthly_limit","current_usage","fixes_quota_this_month","fixes_used_this_month","has_payment_method","rollover_fixes","subscription_status","trial_fixes_limit","trial_fixes_used","inserted_at","updated_at") VALUES ($1,$2,$3,$4,$5,$6,$7,$8,$9,$10,$11,$12,$13,$14,$15,$16,$17) RETURNING "id" [true, "Test Customer 33667", %{}, "test33667@example.com", false, "trial", 100, 0, 0, 0, false, 0, "active", 5, 0, ~N[2025-09-11 20:25:38], ~N[2025-09-11 20:25:38]]
14:25:38.669 [debug] QUERY OK source="forge_accounts" db=0.0ms
INSERT INTO "forge_accounts" ("metadata","namespace","customer_id","forge_type","verified_at","inserted_at","updated_at") VALUES ($1,$2,$3,$4,$5,$6,$7) RETURNING "id" [%{}, "test-org-33667", 72153, :github, ~U[2025-09-11 20:25:38.669501Z], ~U[2025-09-11 20:25:38.669506Z], ~U[2025-09-11 20:25:38.669506Z]]
14:25:38.669 [debug] QUERY OK source="cached_validations" db=0.1ms
INSERT INTO "cached_validations" ("reason","cache_key","repository","confidence","forge_account_id","locations","vulnerability_type","file_hashes","is_false_positive","ttl_expires_at","cached_at","inserted_at","updated_at") VALUES ($1,$2,$3,$4,$5,$6,$7,$8,$9,$10,$11,$12,$13) ON CONFLICT ("cache_key") DO UPDATE SET "updated_at" = EXCLUDED."updated_at","inserted_at" = EXCLUDED."inserted_at","forge_account_id" = EXCLUDED."forge_account_id","invalidation_reason" = EXCLUDED."invalidation_reason","invalidated_at" = EXCLUDED."invalidated_at","ttl_expires_at" = EXCLUDED."ttl_expires_at","cached_at" = EXCLUDED."cached_at","full_result" = EXCLUDED."full_result","reason" = EXCLUDED."reason","confidence" = EXCLUDED."confidence","is_false_positive" = EXCLUDED."is_false_positive","file_hashes" = EXCLUDED."file_hashes","locations" = EXCLUDED."locations","vulnerability_type" = EXCLUDED."vulnerability_type","repository" = EXCLUDED."repository","cache_key" = EXCLUDED."cache_key" RETURNING "id","updated_at","inserted_at","forge_account_id","invalidation_reason","invalidated_at","ttl_expires_at","cached_at","full_result","reason","confidence","is_false_positive","file_hashes","locations","vulnerability_type","repository","cache_key" ["No user input flow detected", "56695/RSOLV-dev/nodegoat/[app.js:42]:sql-injection", "RSOLV-dev/nodegoat", Decimal.new("0.95"), 56695, [%{line: 42, file_path: "app.js"}], "sql-injection", %{"app.js" => "sha256:abc123"}, true, ~U[2025-12-10 20:25:38.669597Z], ~U[2025-09-11 20:25:38.669597Z], ~U[2025-09-11 20:25:38.669633Z], ~U[2025-09-11 20:25:38.669633Z]]
14:25:38.669 [debug] Cached validation stored
14:25:38.669 [debug] QUERY OK source="cached_validations" db=0.0ms
SELECT c0."id", c0."cache_key", c0."repository", c0."vulnerability_type", c0."locations", c0."file_hashes", c0."is_false_positive", c0."confidence", c0."reason", c0."full_result", c0."cached_at", c0."ttl_expires_at", c0."invalidated_at", c0."invalidation_reason", c0."forge_account_id", c0."inserted_at", c0."updated_at" FROM "cached_validations" AS c0 WHERE (c0."cache_key" = $1) AND (c0."invalidated_at" IS NULL) ["56695/RSOLV-dev/nodegoat/[app.js:42]:sql-injection"]
14:25:38.669 [debug] Cache invalidated by file change
.14:25:38.670 [debug] QUERY OK source="customers" db=0.0ms
INSERT INTO "customers" ("active","name","metadata","email","is_staff","subscription_plan","monthly_limit","current_usage","fixes_quota_this_month","fixes_used_this_month","has_payment_method","rollover_fixes","subscription_status","trial_fixes_limit","trial_fixes_used","inserted_at","updated_at") VALUES ($1,$2,$3,$4,$5,$6,$7,$8,$9,$10,$11,$12,$13,$14,$15,$16,$17) RETURNING "id" [true, "Test Customer 33795", %{}, "test33795@example.com", false, "trial", 100, 0, 0, 0, false, 0, "active", 5, 0, ~N[2025-09-11 20:25:38], ~N[2025-09-11 20:25:38]]
14:25:38.670 [debug] QUERY OK source="forge_accounts" db=0.0ms
INSERT INTO "forge_accounts" ("metadata","namespace","customer_id","forge_type","verified_at","inserted_at","updated_at") VALUES ($1,$2,$3,$4,$5,$6,$7) RETURNING "id" [%{}, "test-org-33795", 72154, :github, ~U[2025-09-11 20:25:38.670184Z], ~U[2025-09-11 20:25:38.670189Z], ~U[2025-09-11 20:25:38.670189Z]]
14:25:38.670 [debug] QUERY OK source="cached_validations" db=0.0ms
SELECT c0."id", c0."cache_key", c0."repository", c0."vulnerability_type", c0."locations", c0."file_hashes", c0."is_false_positive", c0."confidence", c0."reason", c0."full_result", c0."cached_at", c0."ttl_expires_at", c0."invalidated_at", c0."invalidation_reason", c0."forge_account_id", c0."inserted_at", c0."updated_at" FROM "cached_validations" AS c0 WHERE (c0."cache_key" = $1) AND (c0."invalidated_at" IS NULL) ["56696/nonexistent/repo/[app.js:1]:xss"]
14:25:38.670 [debug] Cache miss
.14:25:38.670 [debug] QUERY OK source="customers" db=0.0ms
INSERT INTO "customers" ("active","name","metadata","email","is_staff","subscription_plan","monthly_limit","current_usage","fixes_quota_this_month","fixes_used_this_month","has_payment_method","rollover_fixes","subscription_status","trial_fixes_limit","trial_fixes_used","inserted_at","updated_at") VALUES ($1,$2,$3,$4,$5,$6,$7,$8,$9,$10,$11,$12,$13,$14,$15,$16,$17) RETURNING "id" [true, "Test Customer 29314", %{}, "test29314@example.com", false, "trial", 100, 0, 0, 0, false, 0, "active", 5, 0, ~N[2025-09-11 20:25:38], ~N[2025-09-11 20:25:38]]
14:25:38.670 [debug] QUERY OK source="forge_accounts" db=0.0ms
INSERT INTO "forge_accounts" ("metadata","namespace","customer_id","forge_type","verified_at","inserted_at","updated_at") VALUES ($1,$2,$3,$4,$5,$6,$7) RETURNING "id" [%{}, "test-org-29314", 72155, :github, ~U[2025-09-11 20:25:38.670613Z], ~U[2025-09-11 20:25:38.670618Z], ~U[2025-09-11 20:25:38.670618Z]]
14:25:38.670 [debug] QUERY OK source="cached_validations" db=0.0ms
INSERT INTO "cached_validations" ("reason","cache_key","repository","confidence","forge_account_id","locations","vulnerability_type","file_hashes","is_false_positive","ttl_expires_at","cached_at","inserted_at","updated_at") VALUES ($1,$2,$3,$4,$5,$6,$7,$8,$9,$10,$11,$12,$13) ON CONFLICT ("cache_key") DO UPDATE SET "updated_at" = EXCLUDED."updated_at","inserted_at" = EXCLUDED."inserted_at","forge_account_id" = EXCLUDED."forge_account_id","invalidation_reason" = EXCLUDED."invalidation_reason","invalidated_at" = EXCLUDED."invalidated_at","ttl_expires_at" = EXCLUDED."ttl_expires_at","cached_at" = EXCLUDED."cached_at","full_result" = EXCLUDED."full_result","reason" = EXCLUDED."reason","confidence" = EXCLUDED."confidence","is_false_positive" = EXCLUDED."is_false_positive","file_hashes" = EXCLUDED."file_hashes","locations" = EXCLUDED."locations","vulnerability_type" = EXCLUDED."vulnerability_type","repository" = EXCLUDED."repository","cache_key" = EXCLUDED."cache_key" RETURNING "id","updated_at","inserted_at","forge_account_id","invalidation_reason","invalidated_at","ttl_expires_at","cached_at","full_result","reason","confidence","is_false_positive","file_hashes","locations","vulnerability_type","repository","cache_key" ["No user input flow detected", "56697/RSOLV-dev/nodegoat/[app.js:42,lib/db.js:10]:sql-injection", "RSOLV-dev/nodegoat", Decimal.new("0.95"), 56697, [%{line: 42, file_path: "app.js"}, %{line: 10, file_path: "lib/db.js"}], "sql-injection", %{"app.js" => "sha256:abc123", "lib/db.js" => "sha256:def456"}, true, ~U[2025-12-10 20:25:38.670708Z], ~U[2025-09-11 20:25:38.670708Z], ~U[2025-09-11 20:25:38.670748Z], ~U[2025-09-11 20:25:38.670748Z]]
14:25:38.670 [debug] Cached validation stored
14:25:38.671 [debug] QUERY OK source="cached_validations" db=0.0ms
SELECT c0."id", c0."cache_key", c0."repository", c0."vulnerability_type", c0."locations", c0."file_hashes", c0."is_false_positive", c0."confidence", c0."reason", c0."full_result", c0."cached_at", c0."ttl_expires_at", c0."invalidated_at", c0."invalidation_reason", c0."forge_account_id", c0."inserted_at", c0."updated_at" FROM "cached_validations" AS c0 WHERE (c0."cache_key" = $1) AND (c0."invalidated_at" IS NULL) ["56697/RSOLV-dev/nodegoat/[app.js:42,lib/db.js:10]:sql-injection"]
14:25:38.671 [debug] Cache hit
.*********14:25:38.671 request_id=GGRUNGnMBtCvi0QAAHMB [info] GET /
14:25:38.671 request_id=GGRUNGnMBtCvi0QAAHMB [debug] Processing with RsolvWeb.HomeLive.index/2
  Parameters: %{}
  Pipelines: [:browser]
14:25:38.671 request_id=GGRUNGnMBtCvi0QAAHMB [info] Analytics event tracked
14:25:38.671 request_id=GGRUNGnMBtCvi0QAAHMB [debug] QUERY OK db=0.0ms
SELECT create_analytics_partition_if_not_exists($1::date) [~D[2025-09-11]]
14:25:38.671 request_id=GGRUNGnMBtCvi0QAAHMB [debug] QUERY OK source="analytics_events" db=0.0ms
INSERT INTO "analytics_events" ("metadata","event_type","visitor_id","page_path","inserted_at","updated_at") VALUES ($1,$2,$3,$4,$5,$6) RETURNING "id" [%{}, "page_view", "ed46c1e836f0994d64c516f2fcc59f65", "/", ~N[2025-09-11 20:25:38], ~N[2025-09-11 20:25:38]]
14:25:38.671 request_id=GGRUNGnMBtCvi0QAAHMB [debug] QUERY OK source="fun_with_flags_toggles" db=0.0ms
SELECT f0."id", f0."flag_name", f0."gate_type", f0."target", f0."enabled" FROM "fun_with_flags_toggles" AS f0 WHERE (f0."flag_name" = $1) ["blog"]
14:25:38.671 request_id=GGRUNGnMBtCvi0QAAHMB [debug] Telemetry event: [:fun_with_flags, :persistence, :read], metadata: %{flag_name: :blog, gate: nil}, measurements: %{system_time: 1757622338671917065}
14:25:38.671 request_id=GGRUNGnMBtCvi0QAAHMB [info] ROI Calculator LiveComponent mounting...
14:25:38.671 request_id=GGRUNGnMBtCvi0QAAHMB [info] ROI Calculator LiveComponent mounted
14:25:38.672 request_id=GGRUNGnMBtCvi0QAAHMB [info] Sent 200 in 769µs
.14:25:38.672 [debug] QUERY OK source="fun_with_flags_toggles" db=0.0ms
SELECT f0."id", f0."flag_name", f0."gate_type", f0."target", f0."enabled" FROM "fun_with_flags_toggles" AS f0 WHERE (f0."flag_name" = $1) ["feedback_form"]
14:25:38.672 [debug] Telemetry event: [:fun_with_flags, :persistence, :read], metadata: %{flag_name: :feedback_form, gate: nil}, measurements: %{system_time: 1757622338672406442}
14:25:38.672 request_id=GGRUNGncthXj29UAAISC [info] GET /feedback
14:25:38.672 request_id=GGRUNGncthXj29UAAISC [debug] Processing with RsolvWeb.PageController.feedback/2
  Parameters: %{}
  Pipelines: [:browser]
14:25:38.672 request_id=GGRUNGncthXj29UAAISC [debug] QUERY OK source="fun_with_flags_toggles" db=0.0ms
SELECT f0."id", f0."flag_name", f0."gate_type", f0."target", f0."enabled" FROM "fun_with_flags_toggles" AS f0 WHERE (f0."flag_name" = $1) ["feedback_form"]
14:25:38.672 request_id=GGRUNGncthXj29UAAISC [debug] Telemetry event: [:fun_with_flags, :persistence, :read], metadata: %{flag_name: :feedback_form, gate: nil}, measurements: %{system_time: 1757622338672567955}
14:25:38.672 request_id=GGRUNGncthXj29UAAISC [debug] Extracted UTM parameters: %{}
14:25:38.672 request_id=GGRUNGncthXj29UAAISC [info] Analytics event tracked
14:25:38.672 request_id=GGRUNGncthXj29UAAISC [debug] QUERY OK db=0.0ms
SELECT create_analytics_partition_if_not_exists($1::date) [~D[2025-09-11]]
14:25:38.672 request_id=GGRUNGncthXj29UAAISC [debug] QUERY OK source="analytics_events" db=0.0ms
INSERT INTO "analytics_events" ("metadata","event_type","visitor_id","page_path","inserted_at","updated_at") VALUES ($1,$2,$3,$4,$5,$6) RETURNING "id" [%{os: "unknown", browser: "unknown", utm_source_platform: nil, utm_source_campaign: nil, utm_source_content: nil, device_type: "unknown"}, "page_view", "9f07d5bf33dced22b1048e87893a01cc", "/feedback", ~N[2025-09-11 20:25:38], ~N[2025-09-11 20:25:38]]
14:25:38.672 request_id=GGRUNGncthXj29UAAISC [debug] Extracted UTM parameters: %{}
14:25:38.672 request_id=GGRUNGncthXj29UAAISC [info] Analytics event tracked
14:25:38.673 request_id=GGRUNGncthXj29UAAISC [debug] QUERY OK db=0.0ms
SELECT create_analytics_partition_if_not_exists($1::date) [~D[2025-09-11]]
14:25:38.673 request_id=GGRUNGncthXj29UAAISC [debug] QUERY OK source="analytics_events" db=0.0ms
INSERT INTO "analytics_events" ("metadata","event_type","visitor_id","page_path","inserted_at","updated_at") VALUES ($1,$2,$3,$4,$5,$6) RETURNING "id" [%{os: "unknown", browser: "unknown", utm_source_platform: nil, utm_source_campaign: nil, utm_source_content: nil, device_type: "unknown", duration_seconds: nil, section_id: "feedback_page"}, "section_view", "e206db56d9541dd8c527ab86bdcbdcdc", "/feedback", ~N[2025-09-11 20:25:38], ~N[2025-09-11 20:25:38]]
14:25:38.673 request_id=GGRUNGncthXj29UAAISC [debug] QUERY OK source="fun_with_flags_toggles" db=0.0ms
SELECT f0."id", f0."flag_name", f0."gate_type", f0."target", f0."enabled" FROM "fun_with_flags_toggles" AS f0 WHERE (f0."flag_name" = $1) ["blog"]
14:25:38.673 request_id=GGRUNGncthXj29UAAISC [debug] Telemetry event: [:fun_with_flags, :persistence, :read], metadata: %{flag_name: :blog, gate: nil}, measurements: %{system_time: 1757622338673250101}
14:25:38.673 request_id=GGRUNGncthXj29UAAISC [info] Sent 200 in 858µs
.14:25:38.673 request_id=GGRUNGnsuv-TYAIAAIUC [info] GET /
14:25:38.673 request_id=GGRUNGnsuv-TYAIAAIUC [debug] Processing with RsolvWeb.HomeLive.index/2
  Parameters: %{}
  Pipelines: [:browser]
14:25:38.673 request_id=GGRUNGnsuv-TYAIAAIUC [info] Analytics event tracked
14:25:38.673 request_id=GGRUNGnsuv-TYAIAAIUC [debug] QUERY OK db=0.0ms
SELECT create_analytics_partition_if_not_exists($1::date) [~D[2025-09-11]]
14:25:38.673 request_id=GGRUNGnsuv-TYAIAAIUC [debug] QUERY OK source="analytics_events" db=0.0ms
INSERT INTO "analytics_events" ("metadata","event_type","visitor_id","page_path","inserted_at","updated_at") VALUES ($1,$2,$3,$4,$5,$6) RETURNING "id" [%{}, "page_view", "3cc0dcc14c9229ee264a489a9744235b", "/", ~N[2025-09-11 20:25:38], ~N[2025-09-11 20:25:38]]
14:25:38.673 request_id=GGRUNGnsuv-TYAIAAIUC [debug] QUERY OK source="fun_with_flags_toggles" db=0.0ms
SELECT f0."id", f0."flag_name", f0."gate_type", f0."target", f0."enabled" FROM "fun_with_flags_toggles" AS f0 WHERE (f0."flag_name" = $1) ["blog"]
14:25:38.673 request_id=GGRUNGnsuv-TYAIAAIUC [debug] Telemetry event: [:fun_with_flags, :persistence, :read], metadata: %{flag_name: :blog, gate: nil}, measurements: %{system_time: 1757622338673918087}
14:25:38.673 request_id=GGRUNGnsuv-TYAIAAIUC [info] ROI Calculator LiveComponent mounting...
14:25:38.673 request_id=GGRUNGnsuv-TYAIAAIUC [info] ROI Calculator LiveComponent mounted
14:25:38.674 request_id=GGRUNGnsuv-TYAIAAIUC [info] Sent 200 in 587µs
.14:25:38.674 request_id=GGRUNGn4iRhXIgkAAHQB [info] GET /feedback
14:25:38.674 request_id=GGRUNGn4iRhXIgkAAHQB [debug] Processing with RsolvWeb.PageController.feedback/2
  Parameters: %{}
  Pipelines: [:browser]
14:25:38.674 request_id=GGRUNGn4iRhXIgkAAHQB [debug] QUERY OK source="fun_with_flags_toggles" db=0.0ms
SELECT f0."id", f0."flag_name", f0."gate_type", f0."target", f0."enabled" FROM "fun_with_flags_toggles" AS f0 WHERE (f0."flag_name" = $1) ["feedback_form"]
14:25:38.674 request_id=GGRUNGn4iRhXIgkAAHQB [debug] Telemetry event: [:fun_with_flags, :persistence, :read], metadata: %{flag_name: :feedback_form, gate: nil}, measurements: %{system_time: 1757622338674469650}
14:25:38.674 request_id=GGRUNGn4iRhXIgkAAHQB [debug] Extracted UTM parameters: %{}
14:25:38.674 request_id=GGRUNGn4iRhXIgkAAHQB [info] Analytics event tracked
14:25:38.674 request_id=GGRUNGn4iRhXIgkAAHQB [debug] QUERY OK db=0.0ms
SELECT create_analytics_partition_if_not_exists($1::date) [~D[2025-09-11]]
14:25:38.674 request_id=GGRUNGn4iRhXIgkAAHQB [debug] QUERY OK source="analytics_events" db=0.0ms
INSERT INTO "analytics_events" ("metadata","event_type","visitor_id","page_path","inserted_at","updated_at") VALUES ($1,$2,$3,$4,$5,$6) RETURNING "id" [%{os: "unknown", browser: "unknown", utm_source_platform: nil, utm_source_campaign: nil, utm_source_content: nil, device_type: "unknown"}, "page_view", "6f404ac95182850342ce11d1da4220a7", "/feedback", ~N[2025-09-11 20:25:38], ~N[2025-09-11 20:25:38]]
14:25:38.674 request_id=GGRUNGn4iRhXIgkAAHQB [debug] Extracted UTM parameters: %{}
14:25:38.674 request_id=GGRUNGn4iRhXIgkAAHQB [info] Analytics event tracked
14:25:38.674 request_id=GGRUNGn4iRhXIgkAAHQB [debug] QUERY OK db=0.0ms
SELECT create_analytics_partition_if_not_exists($1::date) [~D[2025-09-11]]
14:25:38.674 request_id=GGRUNGn4iRhXIgkAAHQB [debug] QUERY OK source="analytics_events" db=0.0ms
INSERT INTO "analytics_events" ("metadata","event_type","visitor_id","page_path","inserted_at","updated_at") VALUES ($1,$2,$3,$4,$5,$6) RETURNING "id" [%{os: "unknown", browser: "unknown", utm_source_platform: nil, utm_source_campaign: nil, utm_source_content: nil, device_type: "unknown", duration_seconds: nil, section_id: "feedback_page"}, "section_view", "bbff2873372ea0719139134fceba9113", "/feedback", ~N[2025-09-11 20:25:38], ~N[2025-09-11 20:25:38]]
14:25:38.675 request_id=GGRUNGn4iRhXIgkAAHQB [debug] QUERY OK source="fun_with_flags_toggles" db=0.0ms
SELECT f0."id", f0."flag_name", f0."gate_type", f0."target", f0."enabled" FROM "fun_with_flags_toggles" AS f0 WHERE (f0."flag_name" = $1) ["blog"]
14:25:38.675 request_id=GGRUNGn4iRhXIgkAAHQB [debug] Telemetry event: [:fun_with_flags, :persistence, :read], metadata: %{flag_name: :blog, gate: nil}, measurements: %{system_time: 1757622338675048830}
14:25:38.675 request_id=GGRUNGn4iRhXIgkAAHQB [info] Sent 200 in 832µs
.....14:25:38.677 [info] PatternServer: Reloading all patterns...
14:25:38.678 [info] PatternServer: Loaded 170 unique patterns
14:25:38.678 [info] Patterns by language: %{"common" => 1, "django" => 19, "elixir" => 28, "java" => 17, "javascript" => 30, "php" => 25, "python" => 12, "rails" => 18, "ruby" => 20}
..14:25:38.779 [info] The function passed as a handler with ID "test-handler" is a local function.
This means that it is either an anonymous function or a capture of a function without a module specified. That may cause a performance penalty when calling that handler. For more details see the note in `telemetry:attach/4` documentation.

https://hexdocs.pm/telemetry/telemetry.html#attach/4
.*14:25:38.782 [debug] QUERY OK source="customers" db=0.6ms queue=0.1ms
INSERT INTO "customers" ("active","name","metadata","email","is_staff","subscription_plan","monthly_limit","current_usage","fixes_quota_this_month","fixes_used_this_month","has_payment_method","rollover_fixes","subscription_status","trial_fixes_limit","trial_fixes_used","inserted_at","updated_at") VALUES ($1,$2,$3,$4,$5,$6,$7,$8,$9,$10,$11,$12,$13,$14,$15,$16,$17) RETURNING "id" [true, "Test Customer 31874", %{}, "test31874@example.com", false, "standard", 100, 15, 0, 0, false, 0, "active", 5, 0, ~N[2025-09-11 20:25:38], ~N[2025-09-11 20:25:38]]
14:25:38.784 [debug] QUERY OK source="api_keys" db=0.8ms queue=0.1ms
INSERT INTO "api_keys" ("active","name","permissions","key","customer_id","inserted_at","updated_at") VALUES ($1,$2,$3,$4,$5,$6,$7) RETURNING "id" [true, "Test Key", ["full_access"], "rsolv_Jl_8aDAeI0eFTOyv2LngVCYErYzkBcjfzvI49jhOzls", 72156, ~U[2025-09-11 20:25:38Z], ~U[2025-09-11 20:25:38Z]]
14:25:38.784 request_id=GGRUNHCG3YnwEQkAAH0B [info] POST /api/v1/credentials/exchange
14:25:38.784 request_id=GGRUNHCG3YnwEQkAAH0B [debug] Processing with RsolvWeb.CredentialController.exchange/2
  Parameters: %{"api_key" => "rsolv_Jl_8aDAeI0eFTOyv2LngVCYErYzkBcjfzvI49jhOzls", "providers" => ["anthropic"], "ttl_minutes" => 1440}
  Pipelines: [:api]
14:25:38.784 request_id=GGRUNHCG3YnwEQkAAH0B [info] [CredentialController] Starting exchange with params: %{"api_key" => "rsolv_Jl_8aDAeI0eFTOyv2LngVCYErYzkBcjfzvI49jhOzls", "providers" => ["anthropic"], "ttl_minutes" => 1440}
14:25:38.784 request_id=GGRUNHCG3YnwEQkAAH0B [info] [CredentialController] Authenticating API key: rsolv_Jl_8aDAeI0eFTOyv2LngVCYErYzkBcjfzvI49jhOzls
14:25:38.790 request_id=GGRUNHCG3YnwEQkAAH0B [debug] QUERY OK source="api_keys" db=0.2ms
SELECT a0."id", a0."key", a0."name", a0."permissions", a0."active", a0."last_used_at", a0."expires_at", a0."customer_id", a0."inserted_at", a0."updated_at" FROM "api_keys" AS a0 WHERE ((a0."key" = $1) AND (a0."active" = $2)) ["rsolv_Jl_8aDAeI0eFTOyv2LngVCYErYzkBcjfzvI49jhOzls", true]
14:25:38.790 request_id=GGRUNHCG3YnwEQkAAH0B [debug] QUERY OK source="customers" db=0.1ms
SELECT c0."id", c0."name", c0."email", c0."monthly_limit", c0."current_usage", c0."active", c0."metadata", c0."password_hash", c0."is_staff", c0."admin_level", c0."trial_fixes_used", c0."trial_fixes_limit", c0."stripe_customer_id", c0."subscription_plan", c0."subscription_status", c0."rollover_fixes", c0."payment_method_added_at", c0."trial_expired_at", c0."fixes_used_this_month", c0."fixes_quota_this_month", c0."has_payment_method", c0."inserted_at", c0."updated_at" FROM "customers" AS c0 WHERE (c0."id" = $1) [72156]
14:25:38.790 request_id=GGRUNHCG3YnwEQkAAH0B [info] [CredentialController] Found customer: Test Customer 31874 (ID: 72156)
14:25:38.790 request_id=GGRUNHCG3YnwEQkAAH0B [info] [CredentialController] About to call generate_credentials
14:25:38.790 request_id=GGRUNHCG3YnwEQkAAH0B [info] Starting credential generation for customer 72156, providers: ["anthropic"]
14:25:38.790 request_id=GGRUNHCG3YnwEQkAAH0B [info] Generating credential for provider: anthropic
14:25:38.790 request_id=GGRUNHCG3YnwEQkAAH0B [info] [Credentials] Starting create_temporary_credential for customer 72156, provider anthropic
14:25:38.790 request_id=GGRUNHCG3YnwEQkAAH0B [info] [Credentials] Getting provider key for anthropic
14:25:38.790 request_id=GGRUNHCG3YnwEQkAAH0B [info] [Credentials] Got provider key for anthropic
14:25:38.790 request_id=GGRUNHCG3YnwEQkAAH0B [info] Created temporary credential for customer 72156, provider anthropic
14:25:38.790 request_id=GGRUNHCG3YnwEQkAAH0B [info] Successfully generated 1 credentials
14:25:38.790 request_id=GGRUNHCG3YnwEQkAAH0B [info] [CredentialController] generate_credentials succeeded
14:25:38.790 request_id=GGRUNHCG3YnwEQkAAH0B [info] Sent 200 in 6ms
.14:25:38.791 [debug] QUERY OK source="customers" db=0.2ms queue=0.3ms
INSERT INTO "customers" ("active","name","metadata","email","is_staff","subscription_plan","monthly_limit","current_usage","fixes_quota_this_month","fixes_used_this_month","has_payment_method","rollover_fixes","subscription_status","trial_fixes_limit","trial_fixes_used","inserted_at","updated_at") VALUES ($1,$2,$3,$4,$5,$6,$7,$8,$9,$10,$11,$12,$13,$14,$15,$16,$17) RETURNING "id" [true, "Test Customer 9485", %{}, "test9485@example.com", false, "standard", 100, 15, 0, 0, false, 0, "active", 5, 0, ~N[2025-09-11 20:25:38], ~N[2025-09-11 20:25:38]]
14:25:38.792 [debug] QUERY OK source="api_keys" db=0.2ms
INSERT INTO "api_keys" ("active","name","permissions","key","customer_id","inserted_at","updated_at") VALUES ($1,$2,$3,$4,$5,$6,$7) RETURNING "id" [true, "Test Key", ["full_access"], "rsolv_zXaGcuePG8CPiwMWPeVVAxkuFL8rICB7DBygyEZXBuM", 72157, ~U[2025-09-11 20:25:38Z], ~U[2025-09-11 20:25:38Z]]
14:25:38.792 [debug] QUERY OK source="customers" db=0.2ms queue=0.1ms
UPDATE "customers" SET "current_usage" = $1, "updated_at" = $2 WHERE "id" = $3 [100, ~N[2025-09-11 20:25:38], 72157]
14:25:38.792 request_id=GGRUNHEHhjbfbzQAAH2B [info] POST /api/v1/credentials/exchange
14:25:38.792 request_id=GGRUNHEHhjbfbzQAAH2B [debug] Processing with RsolvWeb.CredentialController.exchange/2
  Parameters: %{"api_key" => "rsolv_zXaGcuePG8CPiwMWPeVVAxkuFL8rICB7DBygyEZXBuM", "providers" => ["anthropic"], "ttl_minutes" => 60}
  Pipelines: [:api]
14:25:38.793 request_id=GGRUNHEHhjbfbzQAAH2B [info] [CredentialController] Starting exchange with params: %{"api_key" => "rsolv_zXaGcuePG8CPiwMWPeVVAxkuFL8rICB7DBygyEZXBuM", "providers" => ["anthropic"], "ttl_minutes" => 60}
14:25:38.793 request_id=GGRUNHEHhjbfbzQAAH2B [info] [CredentialController] Authenticating API key: rsolv_zXaGcuePG8CPiwMWPeVVAxkuFL8rICB7DBygyEZXBuM
14:25:38.793 request_id=GGRUNHEHhjbfbzQAAH2B [debug] QUERY OK source="api_keys" db=0.3ms
SELECT a0."id", a0."key", a0."name", a0."permissions", a0."active", a0."last_used_at", a0."expires_at", a0."customer_id", a0."inserted_at", a0."updated_at" FROM "api_keys" AS a0 WHERE ((a0."key" = $1) AND (a0."active" = $2)) ["rsolv_zXaGcuePG8CPiwMWPeVVAxkuFL8rICB7DBygyEZXBuM", true]
14:25:38.794 request_id=GGRUNHEHhjbfbzQAAH2B [debug] QUERY OK source="customers" db=0.3ms
SELECT c0."id", c0."name", c0."email", c0."monthly_limit", c0."current_usage", c0."active", c0."metadata", c0."password_hash", c0."is_staff", c0."admin_level", c0."trial_fixes_used", c0."trial_fixes_limit", c0."stripe_customer_id", c0."subscription_plan", c0."subscription_status", c0."rollover_fixes", c0."payment_method_added_at", c0."trial_expired_at", c0."fixes_used_this_month", c0."fixes_quota_this_month", c0."has_payment_method", c0."inserted_at", c0."updated_at" FROM "customers" AS c0 WHERE (c0."id" = $1) [72157]
14:25:38.794 request_id=GGRUNHEHhjbfbzQAAH2B [info] [CredentialController] Found customer: Test Customer 9485 (ID: 72157)
14:25:38.794 request_id=GGRUNHEHhjbfbzQAAH2B [info] Sent 403 in 1ms
.14:25:38.797 [debug] QUERY OK source="customers" db=0.6ms queue=0.1ms
INSERT INTO "customers" ("active","name","metadata","email","is_staff","subscription_plan","monthly_limit","current_usage","fixes_quota_this_month","fixes_used_this_month","has_payment_method","rollover_fixes","subscription_status","trial_fixes_limit","trial_fixes_used","inserted_at","updated_at") VALUES ($1,$2,$3,$4,$5,$6,$7,$8,$9,$10,$11,$12,$13,$14,$15,$16,$17) RETURNING "id" [true, "Test Customer 32258", %{}, "test32258@example.com", false, "standard", 100, 15, 0, 0, false, 0, "active", 5, 0, ~N[2025-09-11 20:25:38], ~N[2025-09-11 20:25:38]]
14:25:38.798 [debug] QUERY OK source="api_keys" db=0.5ms
INSERT INTO "api_keys" ("active","name","permissions","key","customer_id","inserted_at","updated_at") VALUES ($1,$2,$3,$4,$5,$6,$7) RETURNING "id" [true, "Test Key", ["full_access"], "rsolv_E6NZDiaHfpqTB-u0HSz8JOmjSVsK58vxn8x11OZIX_I", 72158, ~U[2025-09-11 20:25:38Z], ~U[2025-09-11 20:25:38Z]]
14:25:38.798 [info] [Credentials] Starting create_temporary_credential for customer 72158, provider anthropic
14:25:38.798 [info] [Credentials] Getting provider key for anthropic
14:25:38.798 [info] [Credentials] Got provider key for anthropic
14:25:38.798 [info] Created temporary credential for customer 72158, provider anthropic
14:25:38.798 request_id=GGRUNHFh0DY5jMEAAH6B [info] POST /api/v1/credentials/exchange
14:25:38.798 request_id=GGRUNHFh0DY5jMEAAH6B [debug] Processing with RsolvWeb.CredentialController.exchange/2
  Parameters: %{"api_key" => "rsolv_E6NZDiaHfpqTB-u0HSz8JOmjSVsK58vxn8x11OZIX_I", "providers" => ["anthropic"], "ttl_minutes" => 5}
  Pipelines: [:api]
14:25:38.798 request_id=GGRUNHFh0DY5jMEAAH6B [info] [CredentialController] Starting exchange with params: %{"api_key" => "rsolv_E6NZDiaHfpqTB-u0HSz8JOmjSVsK58vxn8x11OZIX_I", "providers" => ["anthropic"], "ttl_minutes" => 5}
14:25:38.798 request_id=GGRUNHFh0DY5jMEAAH6B [info] [CredentialController] Authenticating API key: rsolv_E6NZDiaHfpqTB-u0HSz8JOmjSVsK58vxn8x11OZIX_I
14:25:38.799 request_id=GGRUNHFh0DY5jMEAAH6B [debug] QUERY OK source="api_keys" db=0.7ms
SELECT a0."id", a0."key", a0."name", a0."permissions", a0."active", a0."last_used_at", a0."expires_at", a0."customer_id", a0."inserted_at", a0."updated_at" FROM "api_keys" AS a0 WHERE ((a0."key" = $1) AND (a0."active" = $2)) ["rsolv_E6NZDiaHfpqTB-u0HSz8JOmjSVsK58vxn8x11OZIX_I", true]
14:25:38.800 request_id=GGRUNHFh0DY5jMEAAH6B [debug] QUERY OK source="customers" db=0.4ms queue=0.1ms
SELECT c0."id", c0."name", c0."email", c0."monthly_limit", c0."current_usage", c0."active", c0."metadata", c0."password_hash", c0."is_staff", c0."admin_level", c0."trial_fixes_used", c0."trial_fixes_limit", c0."stripe_customer_id", c0."subscription_plan", c0."subscription_status", c0."rollover_fixes", c0."payment_method_added_at", c0."trial_expired_at", c0."fixes_used_this_month", c0."fixes_quota_this_month", c0."has_payment_method", c0."inserted_at", c0."updated_at" FROM "customers" AS c0 WHERE (c0."id" = $1) [72158]
14:25:38.800 request_id=GGRUNHFh0DY5jMEAAH6B [info] [CredentialController] Found customer: Test Customer 32258 (ID: 72158)
14:25:38.801 request_id=GGRUNHFh0DY5jMEAAH6B [info] [CredentialController] About to call generate_credentials
14:25:38.801 request_id=GGRUNHFh0DY5jMEAAH6B [info] Starting credential generation for customer 72158, providers: ["anthropic"]
14:25:38.801 request_id=GGRUNHFh0DY5jMEAAH6B [info] Generating credential for provider: anthropic
14:25:38.801 request_id=GGRUNHFh0DY5jMEAAH6B [info] [Credentials] Starting create_temporary_credential for customer 72158, provider anthropic
14:25:38.801 request_id=GGRUNHFh0DY5jMEAAH6B [info] [Credentials] Getting provider key for anthropic
14:25:38.801 request_id=GGRUNHFh0DY5jMEAAH6B [info] [Credentials] Got provider key for anthropic
14:25:38.801 request_id=GGRUNHFh0DY5jMEAAH6B [info] Created temporary credential for customer 72158, provider anthropic
14:25:38.801 request_id=GGRUNHFh0DY5jMEAAH6B [info] Successfully generated 1 credentials
14:25:38.801 request_id=GGRUNHFh0DY5jMEAAH6B [info] [CredentialController] generate_credentials succeeded
14:25:38.801 request_id=GGRUNHFh0DY5jMEAAH6B [info] Sent 200 in 2ms
14:25:38.902 request_id=GGRUNHeZjdw5jMEAAH8B [info] POST /api/v1/credentials/refresh
14:25:38.903 request_id=GGRUNHeZjdw5jMEAAH8B [debug] Processing with RsolvWeb.CredentialController.refresh/2
  Parameters: %{"api_key" => "rsolv_E6NZDiaHfpqTB-u0HSz8JOmjSVsK58vxn8x11OZIX_I", "credential_id" => "cred_bV_Lpp0Hn1I"}
  Pipelines: [:api]
14:25:38.903 request_id=GGRUNHeZjdw5jMEAAH8B [info] [CredentialController] Authenticating API key: rsolv_E6NZDiaHfpqTB-u0HSz8JOmjSVsK58vxn8x11OZIX_I
14:25:38.904 request_id=GGRUNHeZjdw5jMEAAH8B [debug] QUERY OK source="api_keys" db=0.4ms
SELECT a0."id", a0."key", a0."name", a0."permissions", a0."active", a0."last_used_at", a0."expires_at", a0."customer_id", a0."inserted_at", a0."updated_at" FROM "api_keys" AS a0 WHERE ((a0."key" = $1) AND (a0."active" = $2)) ["rsolv_E6NZDiaHfpqTB-u0HSz8JOmjSVsK58vxn8x11OZIX_I", true]
14:25:38.904 request_id=GGRUNHeZjdw5jMEAAH8B [debug] QUERY OK source="customers" db=0.3ms
SELECT c0."id", c0."name", c0."email", c0."monthly_limit", c0."current_usage", c0."active", c0."metadata", c0."password_hash", c0."is_staff", c0."admin_level", c0."trial_fixes_used", c0."trial_fixes_limit", c0."stripe_customer_id", c0."subscription_plan", c0."subscription_status", c0."rollover_fixes", c0."payment_method_added_at", c0."trial_expired_at", c0."fixes_used_this_month", c0."fixes_quota_this_month", c0."has_payment_method", c0."inserted_at", c0."updated_at" FROM "customers" AS c0 WHERE (c0."id" = $1) [72158]
14:25:38.904 request_id=GGRUNHeZjdw5jMEAAH8B [info] [CredentialController] Found customer: Test Customer 32258 (ID: 72158)
14:25:38.904 request_id=GGRUNHeZjdw5jMEAAH8B [info] Revoking credential cred_bV_Lpp0Hn1I
14:25:38.904 request_id=GGRUNHeZjdw5jMEAAH8B [info] [Credentials] Starting create_temporary_credential for customer 72158, provider anthropic
14:25:38.904 request_id=GGRUNHeZjdw5jMEAAH8B [info] [Credentials] Getting provider key for anthropic
14:25:38.904 request_id=GGRUNHeZjdw5jMEAAH8B [info] [Credentials] Got provider key for anthropic
14:25:38.905 request_id=GGRUNHeZjdw5jMEAAH8B [info] Created temporary credential for customer 72158, provider anthropic
14:25:38.905 request_id=GGRUNHeZjdw5jMEAAH8B [info] Sent 200 in 2ms
.14:25:38.908 [debug] QUERY OK source="customers" db=0.5ms queue=0.1ms
INSERT INTO "customers" ("active","name","metadata","email","is_staff","subscription_plan","monthly_limit","current_usage","fixes_quota_this_month","fixes_used_this_month","has_payment_method","rollover_fixes","subscription_status","trial_fixes_limit","trial_fixes_used","inserted_at","updated_at") VALUES ($1,$2,$3,$4,$5,$6,$7,$8,$9,$10,$11,$12,$13,$14,$15,$16,$17) RETURNING "id" [true, "Test Customer 14856", %{}, "test14856@example.com", false, "standard", 100, 15, 0, 0, false, 0, "active", 5, 0, ~N[2025-09-11 20:25:38], ~N[2025-09-11 20:25:38]]
14:25:38.909 [debug] QUERY OK source="api_keys" db=0.4ms queue=0.1ms
INSERT INTO "api_keys" ("active","name","permissions","key","customer_id","inserted_at","updated_at") VALUES ($1,$2,$3,$4,$5,$6,$7) RETURNING "id" [true, "Test Key", ["full_access"], "rsolv_O7SnChfHXGUedMVwiSjbnSRFp5wsNxJVCTQ0zEcvNWI", 72159, ~U[2025-09-11 20:25:38Z], ~U[2025-09-11 20:25:38Z]]
14:25:38.909 request_id=GGRUNHgEV1wATQoAAH-B [info] POST /api/v1/credentials/exchange
14:25:38.910 request_id=GGRUNHgEV1wATQoAAH-B [debug] Processing with RsolvWeb.CredentialController.exchange/2
  Parameters: %{"api_key" => "rsolv_O7SnChfHXGUedMVwiSjbnSRFp5wsNxJVCTQ0zEcvNWI", "providers" => ["anthropic"], "ttl_minutes" => 60}
  Pipelines: [:api]
14:25:38.910 request_id=GGRUNHgEV1wATQoAAH-B [info] [CredentialController] Starting exchange with params: %{"api_key" => "rsolv_O7SnChfHXGUedMVwiSjbnSRFp5wsNxJVCTQ0zEcvNWI", "providers" => ["anthropic"], "ttl_minutes" => 60}
14:25:38.910 request_id=GGRUNHgEV1wATQoAAH-B [info] [CredentialController] Authenticating API key: rsolv_O7SnChfHXGUedMVwiSjbnSRFp5wsNxJVCTQ0zEcvNWI
14:25:38.910 request_id=GGRUNHgEV1wATQoAAH-B [debug] QUERY OK source="api_keys" db=0.0ms
SELECT a0."id", a0."key", a0."name", a0."permissions", a0."active", a0."last_used_at", a0."expires_at", a0."customer_id", a0."inserted_at", a0."updated_at" FROM "api_keys" AS a0 WHERE ((a0."key" = $1) AND (a0."active" = $2)) ["rsolv_O7SnChfHXGUedMVwiSjbnSRFp5wsNxJVCTQ0zEcvNWI", true]
14:25:38.910 request_id=GGRUNHgEV1wATQoAAH-B [debug] QUERY OK source="customers" db=0.0ms
SELECT c0."id", c0."name", c0."email", c0."monthly_limit", c0."current_usage", c0."active", c0."metadata", c0."password_hash", c0."is_staff", c0."admin_level", c0."trial_fixes_used", c0."trial_fixes_limit", c0."stripe_customer_id", c0."subscription_plan", c0."subscription_status", c0."rollover_fixes", c0."payment_method_added_at", c0."trial_expired_at", c0."fixes_used_this_month", c0."fixes_quota_this_month", c0."has_payment_method", c0."inserted_at", c0."updated_at" FROM "customers" AS c0 WHERE (c0."id" = $1) [72159]
14:25:38.910 request_id=GGRUNHgEV1wATQoAAH-B [info] [CredentialController] Found customer: Test Customer 14856 (ID: 72159)
14:25:38.910 request_id=GGRUNHgEV1wATQoAAH-B [info] [CredentialController] About to call generate_credentials
14:25:38.910 request_id=GGRUNHgEV1wATQoAAH-B [info] Starting credential generation for customer 72159, providers: ["anthropic"]
14:25:38.910 request_id=GGRUNHgEV1wATQoAAH-B [info] Generating credential for provider: anthropic
14:25:38.910 request_id=GGRUNHgEV1wATQoAAH-B [info] [Credentials] Starting create_temporary_credential for customer 72159, provider anthropic
14:25:38.911 request_id=GGRUNHgEV1wATQoAAH-B [info] [Credentials] Getting provider key for anthropic
14:25:38.911 request_id=GGRUNHgEV1wATQoAAH-B [info] [Credentials] Got provider key for anthropic
14:25:38.911 request_id=GGRUNHgEV1wATQoAAH-B [info] Created temporary credential for customer 72159, provider anthropic
14:25:38.911 request_id=GGRUNHgEV1wATQoAAH-B [info] Successfully generated 1 credentials
14:25:38.911 request_id=GGRUNHgEV1wATQoAAH-B [info] [CredentialController] generate_credentials succeeded
14:25:38.911 request_id=GGRUNHgEV1wATQoAAH-B [info] Updating credential cred_T29oW2ArQtQ metadata: %{github_job_id: "job_123", github_run_id: "run_456"}
14:25:38.911 request_id=GGRUNHgEV1wATQoAAH-B [info] Found 1 stored credentials, looking for cred_T29oW2ArQtQ
14:25:38.911 request_id=GGRUNHgEV1wATQoAAH-B [info] Found and updating credential cred_T29oW2ArQtQ
14:25:38.911 request_id=GGRUNHgEV1wATQoAAH-B [info] Successfully updated credential cred_T29oW2ArQtQ in storage
14:25:38.911 request_id=GGRUNHgEV1wATQoAAH-B [info] Sent 200 in 1ms
14:25:38.911 request_id=GGRUNHgEV1wATQoAAH-B [info] get_latest_credential: Found 1 total credentials
14:25:38.911 request_id=GGRUNHgEV1wATQoAAH-B [info] get_latest_credential: Found 1 credentials for customer 72159
14:25:38.911 request_id=GGRUNHgEV1wATQoAAH-B [info] get_latest_credential: Returning credential cred_T29oW2ArQtQ, github_job_id: job_123
.14:25:38.912 [debug] QUERY OK source="customers" db=0.1ms
INSERT INTO "customers" ("active","name","metadata","email","is_staff","subscription_plan","monthly_limit","current_usage","fixes_quota_this_month","fixes_used_this_month","has_payment_method","rollover_fixes","subscription_status","trial_fixes_limit","trial_fixes_used","inserted_at","updated_at") VALUES ($1,$2,$3,$4,$5,$6,$7,$8,$9,$10,$11,$12,$13,$14,$15,$16,$17) RETURNING "id" [true, "Test Customer 16132", %{}, "test16132@example.com", false, "standard", 100, 15, 0, 0, false, 0, "active", 5, 0, ~N[2025-09-11 20:25:38], ~N[2025-09-11 20:25:38]]
14:25:38.912 [debug] QUERY OK source="api_keys" db=0.2ms
INSERT INTO "api_keys" ("active","name","permissions","key","customer_id","inserted_at","updated_at") VALUES ($1,$2,$3,$4,$5,$6,$7) RETURNING "id" [true, "Test Key", ["full_access"], "rsolv_8J4C5oaNInWWhjIL5kgkacF9A-HbieT6RS7JzLgLF4g", 72160, ~U[2025-09-11 20:25:38Z], ~U[2025-09-11 20:25:38Z]]
14:25:38.912 [warning] Rate limit exceeded for customer 72160, action: credential_exchange, count: 10, limit: 10
.14:25:38.913 [debug] QUERY OK source="customers" db=0.0ms
INSERT INTO "customers" ("active","name","metadata","email","is_staff","subscription_plan","monthly_limit","current_usage","fixes_quota_this_month","fixes_used_this_month","has_payment_method","rollover_fixes","subscription_status","trial_fixes_limit","trial_fixes_used","inserted_at","updated_at") VALUES ($1,$2,$3,$4,$5,$6,$7,$8,$9,$10,$11,$12,$13,$14,$15,$16,$17) RETURNING "id" [true, "Test Customer 16260", %{}, "test16260@example.com", false, "standard", 100, 15, 0, 0, false, 0, "active", 5, 0, ~N[2025-09-11 20:25:38], ~N[2025-09-11 20:25:38]]
14:25:38.913 [debug] QUERY OK source="api_keys" db=0.0ms
INSERT INTO "api_keys" ("active","name","permissions","key","customer_id","inserted_at","updated_at") VALUES ($1,$2,$3,$4,$5,$6,$7) RETURNING "id" [true, "Test Key", ["full_access"], "rsolv_hRDabUQMG6dLkxlWeQjvqKjDZ7BBoMcZu-xlA4vat-s", 72161, ~U[2025-09-11 20:25:38Z], ~U[2025-09-11 20:25:38Z]]
14:25:38.913 [info] Counting active credentials for customer 72161
14:25:38.913 request_id=GGRUNHg96ic7ymUAAIAB [info] POST /api/v1/credentials/exchange
14:25:38.913 request_id=GGRUNHg96ic7ymUAAIAB [debug] Processing with RsolvWeb.CredentialController.exchange/2
  Parameters: %{"api_key" => "rsolv_hRDabUQMG6dLkxlWeQjvqKjDZ7BBoMcZu-xlA4vat-s", "providers" => ["anthropic"], "ttl_minutes" => 60}
  Pipelines: [:api]
14:25:38.913 request_id=GGRUNHg96ic7ymUAAIAB [info] [CredentialController] Starting exchange with params: %{"api_key" => "rsolv_hRDabUQMG6dLkxlWeQjvqKjDZ7BBoMcZu-xlA4vat-s", "providers" => ["anthropic"], "ttl_minutes" => 60}
14:25:38.913 request_id=GGRUNHg96ic7ymUAAIAB [info] [CredentialController] Authenticating API key: rsolv_hRDabUQMG6dLkxlWeQjvqKjDZ7BBoMcZu-xlA4vat-s
14:25:38.913 request_id=GGRUNHg96ic7ymUAAIAB [debug] QUERY OK source="api_keys" db=0.0ms
SELECT a0."id", a0."key", a0."name", a0."permissions", a0."active", a0."last_used_at", a0."expires_at", a0."customer_id", a0."inserted_at", a0."updated_at" FROM "api_keys" AS a0 WHERE ((a0."key" = $1) AND (a0."active" = $2)) ["rsolv_hRDabUQMG6dLkxlWeQjvqKjDZ7BBoMcZu-xlA4vat-s", true]
14:25:38.913 request_id=GGRUNHg96ic7ymUAAIAB [debug] QUERY OK source="customers" db=0.0ms
SELECT c0."id", c0."name", c0."email", c0."monthly_limit", c0."current_usage", c0."active", c0."metadata", c0."password_hash", c0."is_staff", c0."admin_level", c0."trial_fixes_used", c0."trial_fixes_limit", c0."stripe_customer_id", c0."subscription_plan", c0."subscription_status", c0."rollover_fixes", c0."payment_method_added_at", c0."trial_expired_at", c0."fixes_used_this_month", c0."fixes_quota_this_month", c0."has_payment_method", c0."inserted_at", c0."updated_at" FROM "customers" AS c0 WHERE (c0."id" = $1) [72161]
14:25:38.913 request_id=GGRUNHg96ic7ymUAAIAB [info] [CredentialController] Found customer: Test Customer 16260 (ID: 72161)
14:25:38.913 request_id=GGRUNHg96ic7ymUAAIAB [info] [CredentialController] About to call generate_credentials
14:25:38.913 request_id=GGRUNHg96ic7ymUAAIAB [info] Starting credential generation for customer 72161, providers: ["anthropic"]
14:25:38.914 request_id=GGRUNHg96ic7ymUAAIAB [info] Generating credential for provider: anthropic
14:25:38.914 request_id=GGRUNHg96ic7ymUAAIAB [info] [Credentials] Starting create_temporary_credential for customer 72161, provider anthropic
14:25:38.914 request_id=GGRUNHg96ic7ymUAAIAB [info] [Credentials] Getting provider key for anthropic
14:25:38.914 request_id=GGRUNHg96ic7ymUAAIAB [info] [Credentials] Got provider key for anthropic
14:25:38.914 request_id=GGRUNHg96ic7ymUAAIAB [info] Created temporary credential for customer 72161, provider anthropic
14:25:38.914 request_id=GGRUNHg96ic7ymUAAIAB [info] Successfully generated 1 credentials
14:25:38.914 request_id=GGRUNHg96ic7ymUAAIAB [info] [CredentialController] generate_credentials succeeded
14:25:38.914 request_id=GGRUNHg96ic7ymUAAIAB [info] Sent 200 in 721µs
14:25:38.914 request_id=GGRUNHg96ic7ymUAAIAB [info] Counting active credentials for customer 72161
.14:25:38.914 [debug] QUERY OK source="customers" db=0.1ms
INSERT INTO "customers" ("active","name","metadata","email","is_staff","subscription_plan","monthly_limit","current_usage","fixes_quota_this_month","fixes_used_this_month","has_payment_method","rollover_fixes","subscription_status","trial_fixes_limit","trial_fixes_used","inserted_at","updated_at") VALUES ($1,$2,$3,$4,$5,$6,$7,$8,$9,$10,$11,$12,$13,$14,$15,$16,$17) RETURNING "id" [true, "Test Customer 14984", %{}, "test14984@example.com", false, "standard", 100, 15, 0, 0, false, 0, "active", 5, 0, ~N[2025-09-11 20:25:38], ~N[2025-09-11 20:25:38]]
14:25:38.915 [debug] QUERY OK source="api_keys" db=0.1ms
INSERT INTO "api_keys" ("active","name","permissions","key","customer_id","inserted_at","updated_at") VALUES ($1,$2,$3,$4,$5,$6,$7) RETURNING "id" [true, "Test Key", ["full_access"], "rsolv_BwhtUUgBJdnCWZHCOLQSyHhfFmx4ftpEcnlhaazIceM", 72162, ~U[2025-09-11 20:25:38Z], ~U[2025-09-11 20:25:38Z]]
14:25:38.915 [info] [Credentials] Starting create_temporary_credential for customer 72162, provider anthropic
14:25:38.915 [info] [Credentials] Getting provider key for anthropic
14:25:38.915 [info] [Credentials] Got provider key for anthropic
14:25:38.915 [info] Created temporary credential for customer 72162, provider anthropic
14:25:38.915 request_id=GGRUNHhZzzeUAAkAAEAD [info] POST /api/v1/credentials/refresh
14:25:38.915 request_id=GGRUNHhZzzeUAAkAAEAD [debug] Processing with RsolvWeb.CredentialController.refresh/2
  Parameters: %{"api_key" => "rsolv_BwhtUUgBJdnCWZHCOLQSyHhfFmx4ftpEcnlhaazIceM", "credential_id" => "nonexistent"}
  Pipelines: [:api]
14:25:38.915 request_id=GGRUNHhZzzeUAAkAAEAD [info] [CredentialController] Authenticating API key: rsolv_BwhtUUgBJdnCWZHCOLQSyHhfFmx4ftpEcnlhaazIceM
14:25:38.915 request_id=GGRUNHhZzzeUAAkAAEAD [debug] QUERY OK source="api_keys" db=0.1ms
SELECT a0."id", a0."key", a0."name", a0."permissions", a0."active", a0."last_used_at", a0."expires_at", a0."customer_id", a0."inserted_at", a0."updated_at" FROM "api_keys" AS a0 WHERE ((a0."key" = $1) AND (a0."active" = $2)) ["rsolv_BwhtUUgBJdnCWZHCOLQSyHhfFmx4ftpEcnlhaazIceM", true]
14:25:38.915 request_id=GGRUNHhZzzeUAAkAAEAD [debug] QUERY OK source="customers" db=0.0ms
SELECT c0."id", c0."name", c0."email", c0."monthly_limit", c0."current_usage", c0."active", c0."metadata", c0."password_hash", c0."is_staff", c0."admin_level", c0."trial_fixes_used", c0."trial_fixes_limit", c0."stripe_customer_id", c0."subscription_plan", c0."subscription_status", c0."rollover_fixes", c0."payment_method_added_at", c0."trial_expired_at", c0."fixes_used_this_month", c0."fixes_quota_this_month", c0."has_payment_method", c0."inserted_at", c0."updated_at" FROM "customers" AS c0 WHERE (c0."id" = $1) [72162]
14:25:38.915 request_id=GGRUNHhZzzeUAAkAAEAD [info] [CredentialController] Found customer: Test Customer 14984 (ID: 72162)
14:25:38.916 request_id=GGRUNHhZzzeUAAkAAEAD [info] Sent 404 in 469µs
.14:25:38.917 [debug] QUERY OK source="customers" db=0.1ms queue=0.6ms
INSERT INTO "customers" ("active","name","metadata","email","is_staff","subscription_plan","monthly_limit","current_usage","fixes_quota_this_month","fixes_used_this_month","has_payment_method","rollover_fixes","subscription_status","trial_fixes_limit","trial_fixes_used","inserted_at","updated_at") VALUES ($1,$2,$3,$4,$5,$6,$7,$8,$9,$10,$11,$12,$13,$14,$15,$16,$17) RETURNING "id" [true, "Test Customer 9483", %{}, "test9483@example.com", false, "standard", 100, 15, 0, 0, false, 0, "active", 5, 0, ~N[2025-09-11 20:25:38], ~N[2025-09-11 20:25:38]]
14:25:38.917 [debug] QUERY OK source="api_keys" db=0.1ms
INSERT INTO "api_keys" ("active","name","permissions","key","customer_id","inserted_at","updated_at") VALUES ($1,$2,$3,$4,$5,$6,$7) RETURNING "id" [true, "Test Key", ["full_access"], "rsolv_eXMGt-oPylxVQwfFhktOwAL6fQKoYEsc3SB5HbJYpY4", 72163, ~U[2025-09-11 20:25:38Z], ~U[2025-09-11 20:25:38Z]]
14:25:38.917 request_id=GGRUNHh3-0gX-DQAAICB [info] POST /api/v1/credentials/exchange
14:25:38.917 request_id=GGRUNHh3-0gX-DQAAICB [debug] Processing with RsolvWeb.CredentialController.exchange/2
  Parameters: %{"api_key" => "rsolv_eXMGt-oPylxVQwfFhktOwAL6fQKoYEsc3SB5HbJYpY4", "providers" => ["anthropic", "openai"], "ttl_minutes" => 60}
  Pipelines: [:api]
14:25:38.917 request_id=GGRUNHh3-0gX-DQAAICB [info] [CredentialController] Starting exchange with params: %{"api_key" => "rsolv_eXMGt-oPylxVQwfFhktOwAL6fQKoYEsc3SB5HbJYpY4", "providers" => ["anthropic", "openai"], "ttl_minutes" => 60}
14:25:38.917 request_id=GGRUNHh3-0gX-DQAAICB [info] [CredentialController] Authenticating API key: rsolv_eXMGt-oPylxVQwfFhktOwAL6fQKoYEsc3SB5HbJYpY4
14:25:38.917 request_id=GGRUNHh3-0gX-DQAAICB [debug] QUERY OK source="api_keys" db=0.0ms
SELECT a0."id", a0."key", a0."name", a0."permissions", a0."active", a0."last_used_at", a0."expires_at", a0."customer_id", a0."inserted_at", a0."updated_at" FROM "api_keys" AS a0 WHERE ((a0."key" = $1) AND (a0."active" = $2)) ["rsolv_eXMGt-oPylxVQwfFhktOwAL6fQKoYEsc3SB5HbJYpY4", true]
14:25:38.917 request_id=GGRUNHh3-0gX-DQAAICB [debug] QUERY OK source="customers" db=0.0ms
SELECT c0."id", c0."name", c0."email", c0."monthly_limit", c0."current_usage", c0."active", c0."metadata", c0."password_hash", c0."is_staff", c0."admin_level", c0."trial_fixes_used", c0."trial_fixes_limit", c0."stripe_customer_id", c0."subscription_plan", c0."subscription_status", c0."rollover_fixes", c0."payment_method_added_at", c0."trial_expired_at", c0."fixes_used_this_month", c0."fixes_quota_this_month", c0."has_payment_method", c0."inserted_at", c0."updated_at" FROM "customers" AS c0 WHERE (c0."id" = $1) [72163]
14:25:38.917 request_id=GGRUNHh3-0gX-DQAAICB [info] [CredentialController] Found customer: Test Customer 9483 (ID: 72163)
14:25:38.917 request_id=GGRUNHh3-0gX-DQAAICB [info] [CredentialController] About to call generate_credentials
14:25:38.917 request_id=GGRUNHh3-0gX-DQAAICB [info] Starting credential generation for customer 72163, providers: ["anthropic", "openai"]
14:25:38.917 request_id=GGRUNHh3-0gX-DQAAICB [info] Generating credential for provider: anthropic
14:25:38.917 request_id=GGRUNHh3-0gX-DQAAICB [info] [Credentials] Starting create_temporary_credential for customer 72163, provider anthropic
14:25:38.917 request_id=GGRUNHh3-0gX-DQAAICB [info] [Credentials] Getting provider key for anthropic
14:25:38.917 request_id=GGRUNHh3-0gX-DQAAICB [info] [Credentials] Got provider key for anthropic
14:25:38.917 request_id=GGRUNHh3-0gX-DQAAICB [info] Created temporary credential for customer 72163, provider anthropic
14:25:38.917 request_id=GGRUNHh3-0gX-DQAAICB [info] Generating credential for provider: openai
14:25:38.917 request_id=GGRUNHh3-0gX-DQAAICB [info] [Credentials] Starting create_temporary_credential for customer 72163, provider openai
14:25:38.917 request_id=GGRUNHh3-0gX-DQAAICB [info] [Credentials] Getting provider key for openai
14:25:38.917 request_id=GGRUNHh3-0gX-DQAAICB [info] [Credentials] Got provider key for openai
14:25:38.917 request_id=GGRUNHh3-0gX-DQAAICB [info] Created temporary credential for customer 72163, provider openai
14:25:38.917 request_id=GGRUNHh3-0gX-DQAAICB [info] Successfully generated 2 credentials
14:25:38.917 request_id=GGRUNHh3-0gX-DQAAICB [info] [CredentialController] generate_credentials succeeded
14:25:38.917 request_id=GGRUNHh3-0gX-DQAAICB [info] Sent 200 in 467µs
.14:25:38.919 [debug] QUERY OK source="customers" db=0.3ms
INSERT INTO "customers" ("active","name","metadata","email","is_staff","subscription_plan","monthly_limit","current_usage","fixes_quota_this_month","fixes_used_this_month","has_payment_method","rollover_fixes","subscription_status","trial_fixes_limit","trial_fixes_used","inserted_at","updated_at") VALUES ($1,$2,$3,$4,$5,$6,$7,$8,$9,$10,$11,$12,$13,$14,$15,$16,$17) RETURNING "id" [true, "Test Customer 21895", %{}, "test21895@example.com", false, "standard", 100, 15, 0, 0, false, 0, "active", 5, 0, ~N[2025-09-11 20:25:38], ~N[2025-09-11 20:25:38]]
14:25:38.920 [debug] QUERY OK source="api_keys" db=0.4ms queue=0.1ms
INSERT INTO "api_keys" ("active","name","permissions","key","customer_id","inserted_at","updated_at") VALUES ($1,$2,$3,$4,$5,$6,$7) RETURNING "id" [true, "Test Key", ["full_access"], "rsolv_sZ8NhOQ3QWnGZCJO8Ro9I9WhuNkYKc26ebtEoSI2WP4", 72164, ~U[2025-09-11 20:25:38Z], ~U[2025-09-11 20:25:38Z]]
14:25:38.920 request_id=GGRUNHig7Qv-NioAAIEB [info] POST /api/v1/credentials/exchange
14:25:38.920 request_id=GGRUNHig7Qv-NioAAIEB [debug] Processing with RsolvWeb.CredentialController.exchange/2
  Parameters: %{"api_key" => "rsolv_sZ8NhOQ3QWnGZCJO8Ro9I9WhuNkYKc26ebtEoSI2WP4", "providers" => ["anthropic"], "ttl_minutes" => 60}
  Pipelines: [:api]
14:25:38.920 request_id=GGRUNHig7Qv-NioAAIEB [info] [CredentialController] Starting exchange with params: %{"api_key" => "rsolv_sZ8NhOQ3QWnGZCJO8Ro9I9WhuNkYKc26ebtEoSI2WP4", "providers" => ["anthropic"], "ttl_minutes" => 60}
14:25:38.920 request_id=GGRUNHig7Qv-NioAAIEB [info] [CredentialController] Authenticating API key: rsolv_sZ8NhOQ3QWnGZCJO8Ro9I9WhuNkYKc26ebtEoSI2WP4
14:25:38.920 request_id=GGRUNHig7Qv-NioAAIEB [debug] QUERY OK source="api_keys" db=0.3ms
SELECT a0."id", a0."key", a0."name", a0."permissions", a0."active", a0."last_used_at", a0."expires_at", a0."customer_id", a0."inserted_at", a0."updated_at" FROM "api_keys" AS a0 WHERE ((a0."key" = $1) AND (a0."active" = $2)) ["rsolv_sZ8NhOQ3QWnGZCJO8Ro9I9WhuNkYKc26ebtEoSI2WP4", true]
14:25:38.921 request_id=GGRUNHig7Qv-NioAAIEB [debug] QUERY OK source="customers" db=0.1ms
SELECT c0."id", c0."name", c0."email", c0."monthly_limit", c0."current_usage", c0."active", c0."metadata", c0."password_hash", c0."is_staff", c0."admin_level", c0."trial_fixes_used", c0."trial_fixes_limit", c0."stripe_customer_id", c0."subscription_plan", c0."subscription_status", c0."rollover_fixes", c0."payment_method_added_at", c0."trial_expired_at", c0."fixes_used_this_month", c0."fixes_quota_this_month", c0."has_payment_method", c0."inserted_at", c0."updated_at" FROM "customers" AS c0 WHERE (c0."id" = $1) [72164]
14:25:38.921 request_id=GGRUNHig7Qv-NioAAIEB [info] [CredentialController] Found customer: Test Customer 21895 (ID: 72164)
14:25:38.921 request_id=GGRUNHig7Qv-NioAAIEB [info] [CredentialController] About to call generate_credentials
14:25:38.921 request_id=GGRUNHig7Qv-NioAAIEB [info] Starting credential generation for customer 72164, providers: ["anthropic"]
14:25:38.921 request_id=GGRUNHig7Qv-NioAAIEB [info] Generating credential for provider: anthropic
14:25:38.921 request_id=GGRUNHig7Qv-NioAAIEB [info] [Credentials] Starting create_temporary_credential for customer 72164, provider anthropic
14:25:38.921 request_id=GGRUNHig7Qv-NioAAIEB [info] [Credentials] Getting provider key for anthropic
14:25:38.921 request_id=GGRUNHig7Qv-NioAAIEB [info] [Credentials] Got provider key for anthropic
14:25:38.921 request_id=GGRUNHig7Qv-NioAAIEB [info] Created temporary credential for customer 72164, provider anthropic
14:25:38.921 request_id=GGRUNHig7Qv-NioAAIEB [info] Successfully generated 1 credentials
14:25:38.921 request_id=GGRUNHig7Qv-NioAAIEB [info] [CredentialController] generate_credentials succeeded
.14:25:38.921 request_id=GGRUNHig7Qv-NioAAIEB [info] Sent 200 in 1ms
14:25:38.922 [debug] QUERY OK source="customers" db=0.2ms
INSERT INTO "customers" ("active","name","metadata","email","is_staff","subscription_plan","monthly_limit","current_usage","fixes_quota_this_month","fixes_used_this_month","has_payment_method","rollover_fixes","subscription_status","trial_fixes_limit","trial_fixes_used","inserted_at","updated_at") VALUES ($1,$2,$3,$4,$5,$6,$7,$8,$9,$10,$11,$12,$13,$14,$15,$16,$17) RETURNING "id" [true, "Test Customer 17673", %{}, "test17673@example.com", false, "standard", 100, 15, 0, 0, false, 0, "active", 5, 0, ~N[2025-09-11 20:25:38], ~N[2025-09-11 20:25:38]]
14:25:38.922 [debug] QUERY OK source="api_keys" db=0.1ms
INSERT INTO "api_keys" ("active","name","permissions","key","customer_id","inserted_at","updated_at") VALUES ($1,$2,$3,$4,$5,$6,$7) RETURNING "id" [true, "Test Key", ["full_access"], "rsolv_lahnlVe7nHhZH-iwmrcxhHjV-hlDwnRB7BjE4lENgwU", 72165, ~U[2025-09-11 20:25:38Z], ~U[2025-09-11 20:25:38Z]]
14:25:38.922 request_id=GGRUNHjGA2C-kF4AAEOE [info] POST /api/v1/usage/report
14:25:38.922 request_id=GGRUNHjGA2C-kF4AAEOE [debug] Processing with RsolvWeb.CredentialController.report_usage/2
  Parameters: %{"api_key" => "invalid", "provider" => "anthropic", "request_count" => 1, "tokens_used" => 1500}
  Pipelines: [:api]
14:25:38.922 request_id=GGRUNHjGA2C-kF4AAEOE [info] [CredentialController] Authenticating API key: invalid
14:25:38.922 request_id=GGRUNHjGA2C-kF4AAEOE [debug] QUERY OK source="api_keys" db=0.0ms
SELECT a0."id", a0."key", a0."name", a0."permissions", a0."active", a0."last_used_at", a0."expires_at", a0."customer_id", a0."inserted_at", a0."updated_at" FROM "api_keys" AS a0 WHERE ((a0."key" = $1) AND (a0."active" = $2)) ["invalid", true]
14:25:38.922 request_id=GGRUNHjGA2C-kF4AAEOE [error] [CredentialController] No customer found for API key: invalid
14:25:38.922 request_id=GGRUNHjGA2C-kF4AAEOE [info] Sent 401 in 249µs
.14:25:38.923 [debug] QUERY OK source="customers" db=0.1ms queue=0.1ms
INSERT INTO "customers" ("active","name","metadata","email","is_staff","subscription_plan","monthly_limit","current_usage","fixes_quota_this_month","fixes_used_this_month","has_payment_method","rollover_fixes","subscription_status","trial_fixes_limit","trial_fixes_used","inserted_at","updated_at") VALUES ($1,$2,$3,$4,$5,$6,$7,$8,$9,$10,$11,$12,$13,$14,$15,$16,$17) RETURNING "id" [true, "Test Customer 14474", %{}, "test14474@example.com", false, "standard", 100, 15, 0, 0, false, 0, "active", 5, 0, ~N[2025-09-11 20:25:38], ~N[2025-09-11 20:25:38]]
14:25:38.923 [debug] QUERY OK source="api_keys" db=0.1ms
INSERT INTO "api_keys" ("active","name","permissions","key","customer_id","inserted_at","updated_at") VALUES ($1,$2,$3,$4,$5,$6,$7) RETURNING "id" [true, "Test Key", ["full_access"], "rsolv_aZnHshftD3ZhjQonqX4bBnQgb_XTwku3WuOny4lecP4", 72166, ~U[2025-09-11 20:25:38Z], ~U[2025-09-11 20:25:38Z]]
14:25:38.924 request_id=GGRUNHjbNf6kUC8AAIGB [info] POST /api/v1/credentials/exchange
14:25:38.924 request_id=GGRUNHjbNf6kUC8AAIGB [debug] Processing with RsolvWeb.CredentialController.exchange/2
  Parameters: %{"api_key" => "invalid_key", "providers" => ["anthropic"], "ttl_minutes" => 60}
  Pipelines: [:api]
14:25:38.924 request_id=GGRUNHjbNf6kUC8AAIGB [info] [CredentialController] Starting exchange with params: %{"api_key" => "invalid_key", "providers" => ["anthropic"], "ttl_minutes" => 60}
14:25:38.924 request_id=GGRUNHjbNf6kUC8AAIGB [info] [CredentialController] Authenticating API key: invalid_key
14:25:38.924 request_id=GGRUNHjbNf6kUC8AAIGB [debug] QUERY OK source="api_keys" db=0.1ms
SELECT a0."id", a0."key", a0."name", a0."permissions", a0."active", a0."last_used_at", a0."expires_at", a0."customer_id", a0."inserted_at", a0."updated_at" FROM "api_keys" AS a0 WHERE ((a0."key" = $1) AND (a0."active" = $2)) ["invalid_key", true]
14:25:38.924 request_id=GGRUNHjbNf6kUC8AAIGB [error] [CredentialController] No customer found for API key: invalid_key
14:25:38.924 request_id=GGRUNHjbNf6kUC8AAIGB [info] Sent 401 in 447µs
.14:25:38.925 [debug] QUERY OK source="customers" db=0.1ms
INSERT INTO "customers" ("active","name","metadata","email","is_staff","subscription_plan","monthly_limit","current_usage","fixes_quota_this_month","fixes_used_this_month","has_payment_method","rollover_fixes","subscription_status","trial_fixes_limit","trial_fixes_used","inserted_at","updated_at") VALUES ($1,$2,$3,$4,$5,$6,$7,$8,$9,$10,$11,$12,$13,$14,$15,$16,$17) RETURNING "id" [true, "Test Customer 22023", %{}, "test22023@example.com", false, "standard", 100, 15, 0, 0, false, 0, "active", 5, 0, ~N[2025-09-11 20:25:38], ~N[2025-09-11 20:25:38]]
14:25:38.925 [debug] QUERY OK source="api_keys" db=0.1ms
INSERT INTO "api_keys" ("active","name","permissions","key","customer_id","inserted_at","updated_at") VALUES ($1,$2,$3,$4,$5,$6,$7) RETURNING "id" [true, "Test Key", ["full_access"], "rsolv_ZjmPZf8UnJIG9HDzQYSIx_iQFntYVhQ1xRSDtgwYktQ", 72167, ~U[2025-09-11 20:25:38Z], ~U[2025-09-11 20:25:38Z]]
14:25:38.925 request_id=GGRUNHjvE-Anf6MAAFaG [info] POST /api/v1/credentials/exchange
14:25:38.925 request_id=GGRUNHjvE-Anf6MAAFaG [debug] Processing with RsolvWeb.CredentialController.exchange/2
  Parameters: %{}
  Pipelines: [:api]
14:25:38.925 request_id=GGRUNHjvE-Anf6MAAFaG [info] [CredentialController] Starting exchange with params: %{}
14:25:38.925 request_id=GGRUNHjvE-Anf6MAAFaG [info] Sent 400 in 60µs
.14:25:38.925 [debug] QUERY OK source="customers" db=0.0ms
INSERT INTO "customers" ("active","name","metadata","email","is_staff","subscription_plan","monthly_limit","current_usage","fixes_quota_this_month","fixes_used_this_month","has_payment_method","rollover_fixes","subscription_status","trial_fixes_limit","trial_fixes_used","inserted_at","updated_at") VALUES ($1,$2,$3,$4,$5,$6,$7,$8,$9,$10,$11,$12,$13,$14,$15,$16,$17) RETURNING "id" [true, "Test Customer 22279", %{}, "test22279@example.com", false, "standard", 100, 15, 0, 0, false, 0, "active", 5, 0, ~N[2025-09-11 20:25:38], ~N[2025-09-11 20:25:38]]
14:25:38.925 [debug] QUERY OK source="api_keys" db=0.0ms
INSERT INTO "api_keys" ("active","name","permissions","key","customer_id","inserted_at","updated_at") VALUES ($1,$2,$3,$4,$5,$6,$7) RETURNING "id" [true, "Test Key", ["full_access"], "rsolv_dqNUYaJsUZGl4ee1XRas-Z-gNRmdC3NArqjztobz2cw", 72168, ~U[2025-09-11 20:25:38Z], ~U[2025-09-11 20:25:38Z]]
14:25:38.925 [info] [Credentials] Starting create_temporary_credential for customer 72168, provider anthropic
14:25:38.925 [info] [Credentials] Getting provider key for anthropic
14:25:38.925 [info] [Credentials] Got provider key for anthropic
14:25:38.925 [info] Created temporary credential for customer 72168, provider anthropic
14:25:38.926 [debug] QUERY OK source="customers" db=0.0ms
INSERT INTO "customers" ("active","name","metadata","email","is_staff","subscription_plan","monthly_limit","current_usage","fixes_quota_this_month","fixes_used_this_month","has_payment_method","rollover_fixes","subscription_status","trial_fixes_limit","trial_fixes_used","inserted_at","updated_at") VALUES ($1,$2,$3,$4,$5,$6,$7,$8,$9,$10,$11,$12,$13,$14,$15,$16,$17) RETURNING "id" [true, "Other Customer 27526", %{}, "other27526@example.com", false, "trial", 100, 0, 0, 0, false, 0, "active", 5, 0, ~N[2025-09-11 20:25:38], ~N[2025-09-11 20:25:38]]
14:25:38.926 [info] [Credentials] Starting create_temporary_credential for customer 72169, provider anthropic
14:25:38.926 [info] [Credentials] Getting provider key for anthropic
14:25:38.926 [info] [Credentials] Got provider key for anthropic
14:25:38.926 [info] Created temporary credential for customer 72169, provider anthropic
14:25:38.926 request_id=GGRUNHj8xZC8eNsAAGwF [info] POST /api/v1/credentials/refresh
14:25:38.926 request_id=GGRUNHj8xZC8eNsAAGwF [debug] Processing with RsolvWeb.CredentialController.refresh/2
  Parameters: %{"api_key" => "rsolv_dqNUYaJsUZGl4ee1XRas-Z-gNRmdC3NArqjztobz2cw", "credential_id" => "cred_yWU02lP7Exk"}
  Pipelines: [:api]
14:25:38.926 request_id=GGRUNHj8xZC8eNsAAGwF [info] [CredentialController] Authenticating API key: rsolv_dqNUYaJsUZGl4ee1XRas-Z-gNRmdC3NArqjztobz2cw
14:25:38.926 request_id=GGRUNHj8xZC8eNsAAGwF [debug] QUERY OK source="api_keys" db=0.0ms
SELECT a0."id", a0."key", a0."name", a0."permissions", a0."active", a0."last_used_at", a0."expires_at", a0."customer_id", a0."inserted_at", a0."updated_at" FROM "api_keys" AS a0 WHERE ((a0."key" = $1) AND (a0."active" = $2)) ["rsolv_dqNUYaJsUZGl4ee1XRas-Z-gNRmdC3NArqjztobz2cw", true]
14:25:38.926 request_id=GGRUNHj8xZC8eNsAAGwF [debug] QUERY OK source="customers" db=0.0ms
SELECT c0."id", c0."name", c0."email", c0."monthly_limit", c0."current_usage", c0."active", c0."metadata", c0."password_hash", c0."is_staff", c0."admin_level", c0."trial_fixes_used", c0."trial_fixes_limit", c0."stripe_customer_id", c0."subscription_plan", c0."subscription_status", c0."rollover_fixes", c0."payment_method_added_at", c0."trial_expired_at", c0."fixes_used_this_month", c0."fixes_quota_this_month", c0."has_payment_method", c0."inserted_at", c0."updated_at" FROM "customers" AS c0 WHERE (c0."id" = $1) [72168]
14:25:38.926 request_id=GGRUNHj8xZC8eNsAAGwF [info] [CredentialController] Found customer: Test Customer 22279 (ID: 72168)
14:25:38.926 request_id=GGRUNHj8xZC8eNsAAGwF [info] Sent 403 in 291µs
.14:25:38.927 [debug] QUERY OK source="customers" db=0.1ms
INSERT INTO "customers" ("active","name","metadata","email","is_staff","subscription_plan","monthly_limit","current_usage","fixes_quota_this_month","fixes_used_this_month","has_payment_method","rollover_fixes","subscription_status","trial_fixes_limit","trial_fixes_used","inserted_at","updated_at") VALUES ($1,$2,$3,$4,$5,$6,$7,$8,$9,$10,$11,$12,$13,$14,$15,$16,$17) RETURNING "id" [true, "Test Customer 27782", %{}, "test27782@example.com", false, "standard", 100, 15, 0, 0, false, 0, "active", 5, 0, ~N[2025-09-11 20:25:38], ~N[2025-09-11 20:25:38]]
14:25:38.927 [debug] QUERY OK source="api_keys" db=0.1ms
INSERT INTO "api_keys" ("active","name","permissions","key","customer_id","inserted_at","updated_at") VALUES ($1,$2,$3,$4,$5,$6,$7) RETURNING "id" [true, "Test Key", ["full_access"], "rsolv_6I2Zv4-OJvs1qNdlyi8gjYLKjjmLsR_7VyUCohmHY24", 72170, ~U[2025-09-11 20:25:38Z], ~U[2025-09-11 20:25:38Z]]
14:25:38.927 [debug] QUERY OK source="customers" db=0.0ms
SELECT c0."id", c0."name", c0."email", c0."monthly_limit", c0."current_usage", c0."active", c0."metadata", c0."password_hash", c0."is_staff", c0."admin_level", c0."trial_fixes_used", c0."trial_fixes_limit", c0."stripe_customer_id", c0."subscription_plan", c0."subscription_status", c0."rollover_fixes", c0."payment_method_added_at", c0."trial_expired_at", c0."fixes_used_this_month", c0."fixes_quota_this_month", c0."has_payment_method", c0."inserted_at", c0."updated_at" FROM "customers" AS c0 WHERE (c0."id" = $1) [72170]
14:25:38.927 request_id=GGRUNHkST1vtpRUAADsH [info] POST /api/v1/usage/report
14:25:38.927 request_id=GGRUNHkST1vtpRUAADsH [debug] Processing with RsolvWeb.CredentialController.report_usage/2
  Parameters: %{"api_key" => "rsolv_6I2Zv4-OJvs1qNdlyi8gjYLKjjmLsR_7VyUCohmHY24", "job_id" => "gh_job_123", "provider" => "anthropic", "request_count" => 1, "tokens_used" => 2000}
  Pipelines: [:api]
14:25:38.927 request_id=GGRUNHkST1vtpRUAADsH [info] [CredentialController] Authenticating API key: rsolv_6I2Zv4-OJvs1qNdlyi8gjYLKjjmLsR_7VyUCohmHY24
14:25:38.927 request_id=GGRUNHkST1vtpRUAADsH [debug] QUERY OK source="api_keys" db=0.0ms
SELECT a0."id", a0."key", a0."name", a0."permissions", a0."active", a0."last_used_at", a0."expires_at", a0."customer_id", a0."inserted_at", a0."updated_at" FROM "api_keys" AS a0 WHERE ((a0."key" = $1) AND (a0."active" = $2)) ["rsolv_6I2Zv4-OJvs1qNdlyi8gjYLKjjmLsR_7VyUCohmHY24", true]
14:25:38.927 request_id=GGRUNHkST1vtpRUAADsH [debug] QUERY OK source="customers" db=0.0ms
SELECT c0."id", c0."name", c0."email", c0."monthly_limit", c0."current_usage", c0."active", c0."metadata", c0."password_hash", c0."is_staff", c0."admin_level", c0."trial_fixes_used", c0."trial_fixes_limit", c0."stripe_customer_id", c0."subscription_plan", c0."subscription_status", c0."rollover_fixes", c0."payment_method_added_at", c0."trial_expired_at", c0."fixes_used_this_month", c0."fixes_quota_this_month", c0."has_payment_method", c0."inserted_at", c0."updated_at" FROM "customers" AS c0 WHERE (c0."id" = $1) [72170]
14:25:38.927 request_id=GGRUNHkST1vtpRUAADsH [info] [CredentialController] Found customer: Test Customer 27782 (ID: 72170)
14:25:38.927 request_id=GGRUNHkST1vtpRUAADsH [info] Usage recorded: %{provider: "anthropic", job_id: "gh_job_123", customer_id: 72170, request_count: 1, tokens_used: 2000}
14:25:38.928 request_id=GGRUNHkST1vtpRUAADsH [debug] QUERY OK source="customers" db=0.1ms
UPDATE "customers" SET "current_usage" = $1, "updated_at" = $2 WHERE "id" = $3 [16, ~N[2025-09-11 20:25:38], 72170]
14:25:38.928 request_id=GGRUNHkST1vtpRUAADsH [info] Sent 200 in 540µs
14:25:38.928 request_id=GGRUNHkST1vtpRUAADsH [debug] QUERY OK source="customers" db=0.0ms
SELECT c0."id", c0."name", c0."email", c0."monthly_limit", c0."current_usage", c0."active", c0."metadata", c0."password_hash", c0."is_staff", c0."admin_level", c0."trial_fixes_used", c0."trial_fixes_limit", c0."stripe_customer_id", c0."subscription_plan", c0."subscription_status", c0."rollover_fixes", c0."payment_method_added_at", c0."trial_expired_at", c0."fixes_used_this_month", c0."fixes_quota_this_month", c0."has_payment_method", c0."inserted_at", c0."updated_at" FROM "customers" AS c0 WHERE (c0."id" = $1) [72170]
.******14:25:38.929 [debug] QUERY OK source="feedback_entries" db=0.2ms queue=0.2ms
INSERT INTO "feedback_entries" ("message","metadata","source","tags","email","inserted_at","content","updated_at","rating") VALUES ($1,$2,$3,$4,$5,$6,$7,$8,$9) RETURNING "id" ["Great product!", %{}, "feedback_form", ["ui", "performance"], "test@example.com", ~N[2023-01-01 10:00:00], %{}, ~N[2023-01-01 10:00:00], 5]
14:25:38.929 [debug] QUERY OK source="feedback_entries" db=0.1ms
INSERT INTO "feedback_entries" ("message","metadata","source","tags","email","inserted_at","content","updated_at","rating") VALUES ($1,$2,$3,$4,$5,$6,$7,$8,$9) RETURNING "id" ["Great product!", %{}, "feedback_form", ["ui", "performance"], "new@example.com", ~N[2023-01-02 10:00:00], %{}, ~N[2023-01-02 10:00:00], 5]
14:25:38.930 [debug] QUERY OK source="feedback_entries" db=0.3ms
SELECT f0."id", f0."email", f0."message", f0."rating", f0."tags", f0."source", f0."content", f0."metadata", f0."inserted_at", f0."updated_at" FROM "feedback_entries" AS f0 ORDER BY f0."inserted_at" DESC LIMIT $1 [10]
.14:25:38.930 [debug] QUERY OK source="feedback_entries" db=0.1ms queue=0.1ms
INSERT INTO "feedback_entries" ("message","metadata","source","tags","email","content","rating","inserted_at","updated_at") VALUES ($1,$2,$3,$4,$5,$6,$7,$8,$9) RETURNING "id" ["Great product!", %{}, "feedback_form", ["ui", "performance"], "test@example.com", %{}, 5, ~N[2025-09-11 20:25:38], ~N[2025-09-11 20:25:38]]
14:25:38.931 [debug] QUERY OK source="feedback_entries" db=0.0ms
INSERT INTO "feedback_entries" ("message","metadata","source","tags","email","content","rating","inserted_at","updated_at") VALUES ($1,$2,$3,$4,$5,$6,$7,$8,$9) RETURNING "id" ["Great product!", %{}, "feedback_form", ["ui", "performance"], "another@example.com", %{}, 5, ~N[2025-09-11 20:25:38], ~N[2025-09-11 20:25:38]]
14:25:38.931 [debug] QUERY OK source="feedback_entries" db=0.0ms
SELECT f0."id", f0."email", f0."message", f0."rating", f0."tags", f0."source", f0."content", f0."metadata", f0."inserted_at", f0."updated_at" FROM "feedback_entries" AS f0 []
.14:25:38.931 [debug] QUERY OK source="feedback_entries" db=0.0ms
INSERT INTO "feedback_entries" ("message","metadata","source","tags","email","content","rating","inserted_at","updated_at") VALUES ($1,$2,$3,$4,$5,$6,$7,$8,$9) RETURNING "id" ["Great product!", %{}, "feedback_form", ["ui", "performance"], "user@example.com", %{}, 5, ~N[2025-09-11 20:25:38], ~N[2025-09-11 20:25:38]]
14:25:38.931 [debug] QUERY OK source="feedback_entries" db=0.0ms
INSERT INTO "feedback_entries" ("message","metadata","source","tags","email","content","rating","inserted_at","updated_at") VALUES ($1,$2,$3,$4,$5,$6,$7,$8,$9) RETURNING "id" ["Another feedback", %{}, "feedback_form", ["ui", "performance"], "user@example.com", %{}, 5, ~N[2025-09-11 20:25:38], ~N[2025-09-11 20:25:38]]
14:25:38.932 [debug] QUERY OK source="feedback_entries" db=0.1ms
INSERT INTO "feedback_entries" ("message","metadata","source","tags","email","content","rating","inserted_at","updated_at") VALUES ($1,$2,$3,$4,$5,$6,$7,$8,$9) RETURNING "id" ["Great product!", %{}, "feedback_form", ["ui", "performance"], "other@example.com", %{}, 5, ~N[2025-09-11 20:25:38], ~N[2025-09-11 20:25:38]]
14:25:38.932 [debug] QUERY OK source="feedback_entries" db=0.1ms queue=0.1ms
SELECT f0."id", f0."email", f0."message", f0."rating", f0."tags", f0."source", f0."content", f0."metadata", f0."inserted_at", f0."updated_at" FROM "feedback_entries" AS f0 WHERE (f0."email" = $1) ["user@example.com"]
.14:25:38.932 [debug] QUERY OK source="feedback_entries" db=0.1ms queue=0.1ms
INSERT INTO "feedback_entries" ("message","metadata","source","tags","email","content","rating","inserted_at","updated_at") VALUES ($1,$2,$3,$4,$5,$6,$7,$8,$9) RETURNING "id" ["Great product!", %{}, "feedback_form", ["ui", "performance"], "test@example.com", %{}, 5, ~N[2025-09-11 20:25:38], ~N[2025-09-11 20:25:38]]
14:25:38.933 [debug] QUERY OK source="feedback_entries" db=0.0ms
INSERT INTO "feedback_entries" ("message","metadata","source","tags","email","content","rating","inserted_at","updated_at") VALUES ($1,$2,$3,$4,$5,$6,$7,$8,$9) RETURNING "id" ["Great product!", %{}, "feedback_form", [], "another@example.com", %{}, 5, ~N[2025-09-11 20:25:38], ~N[2025-09-11 20:25:38]]
14:25:38.933 [debug] QUERY OK source="feedback_entries" db=0.1ms
SELECT f0."id", f0."email", f0."message", f0."rating", f0."tags", f0."source", f0."content", f0."metadata", f0."inserted_at", f0."updated_at" FROM "feedback_entries" AS f0 []
.14:25:38.933 [debug] QUERY OK source="feedback_entries" db=0.0ms
INSERT INTO "feedback_entries" ("message","metadata","source","tags","email","content","rating","inserted_at","updated_at") VALUES ($1,$2,$3,$4,$5,$6,$7,$8,$9) RETURNING "id" ["Great product!", %{}, "feedback_form", ["ui", "performance"], "test@example.com", %{}, 5, ~N[2025-09-11 20:25:38], ~N[2025-09-11 20:25:38]]
.14:25:38.933 [debug] QUERY OK source="feedback_entries" db=0.0ms
INSERT INTO "feedback_entries" ("message","metadata","source","tags","email","content","rating","inserted_at","updated_at") VALUES ($1,$2,$3,$4,$5,$6,$7,$8,$9) RETURNING "id" ["Great product!", %{}, "feedback_form", ["ui", "performance"], "test@example.com", %{}, 5, ~N[2025-09-11 20:25:38], ~N[2025-09-11 20:25:38]]
14:25:38.934 [debug] QUERY OK source="feedback_entries" db=0.0ms
SELECT f0."id", f0."email", f0."message", f0."rating", f0."tags", f0."source", f0."content", f0."metadata", f0."inserted_at", f0."updated_at" FROM "feedback_entries" AS f0 WHERE (f0."id" = $1) [15878]
..14:25:38.934 [debug] QUERY OK source="feedback_entries" db=0.2ms
SELECT count(f0."id") FROM "feedback_entries" AS f0 []
14:25:38.935 [debug] QUERY OK source="feedback_entries" db=0.1ms queue=0.1ms
INSERT INTO "feedback_entries" ("message","metadata","source","tags","email","content","rating","inserted_at","updated_at") VALUES ($1,$2,$3,$4,$5,$6,$7,$8,$9) RETURNING "id" ["Great product!", %{}, "feedback_form", ["ui", "performance"], "test@example.com", %{}, 5, ~N[2025-09-11 20:25:38], ~N[2025-09-11 20:25:38]]
14:25:38.935 [debug] QUERY OK source="feedback_entries" db=0.0ms
SELECT count(f0."id") FROM "feedback_entries" AS f0 []
14:25:38.935 [debug] QUERY OK source="feedback_entries" db=0.1ms
INSERT INTO "feedback_entries" ("message","metadata","source","tags","email","content","rating","inserted_at","updated_at") VALUES ($1,$2,$3,$4,$5,$6,$7,$8,$9) RETURNING "id" ["Great product!", %{}, "feedback_form", ["ui", "performance"], "another@example.com", %{}, 5, ~N[2025-09-11 20:25:38], ~N[2025-09-11 20:25:38]]
14:25:38.935 [debug] QUERY OK source="feedback_entries" db=0.0ms
SELECT count(f0."id") FROM "feedback_entries" AS f0 []
.14:25:38.935 [info] [EMAIL] send_welcome_email called
14:25:38.936 [info] [EMAIL DEBUG] Full email struct before sending
14:25:38.936 [info] [EMAIL DEBUG] Extracted recipient email
14:25:38.936 [info] [EMAIL DEBUG] Postmark configuration
14:25:38.936 [info] [EMAIL DEBUG] Email configuration
14:25:38.936 [info] [EMAIL] Attempting to send email via Postmark
14:25:38.936 [debug] Sending email with Bamboo.TestAdapter:

%Bamboo.Email{from: {"RSOLV Team", "support@rsolv.dev"}, to: [nil: "test@example.com"], cc: [], bcc: [], subject: "Welcome to RSOLV - Let's fix your first issue in 10 minutes", html_body: "<div style=\"font-family: 'Helvetica Neue', Helvetica, Arial, sans-serif; max-width: 600px; margin: 0 auto; padding: 20px;\">\n  <h1 style=\"color: #2C3E50; margin-bottom: 20px;\">Welcome to RSOLV!</h1>\n  \n  <p>Hi TestUser,</p>\n  \n  <p>Thanks for trying RSOLV! You're just a few minutes away from automating away your backlog.</p>\n  \n  <p>Here's how to get started:</p>\n  \n  <ol>\n    <li>Install our GitHub Action (copy & paste the code below)</li>\n    <li>Set up your repository secrets</li>\n    <li>Tag your first issues with \"rsolv:automate\"</li>\n  </ol>\n  \n  <div style=\"background-color: #f8f9fa; padding: 15px; border-radius: 5px; margin: 20px 0;\">\n    <pre style=\"margin: 0; overflow-x: auto; white-space: pre-wrap; font-family: monospace;\">name: RSOLV AutoFix\non:\n  issues:\n    types: [opened, edited, labeled]\n\njobs:\n  autofix:\n    runs-on: ubuntu-latest\n    if: contains(github.event.issue.labels.*.name, 'rsolv:automate')\n    steps:\n      - uses: RSOLV-dev/rsolv-action@v1\n        with:\n          github-token: ${{ secrets.GITHUB_TOKEN }}\n          rsolv-api-key: ${{ secrets.RSOLV_API_KEY }}</pre>\n  </div>\n  \n  <p>Need help? Contact us at <a href=\"mailto:support@rsolv.dev\">support@rsolv.dev</a> and we'll personally assist you.</p>\n  \n  <p>Your first 10 fixes are free! After that, you only pay $15 per fix that gets deployed - no credit card required to start.</p>\n  \n  <p>Best,<br>The RSOLV Team</p>\n  \n  <div class=\"footer\" style=\"margin-top: 40px; padding-top: 20px; border-top: 1px solid #e0e0e0; font-size: 0.9em; color: #666;\">\n    <p>\n      P.S. Here's a <a href=\"https://rsolv.dev/docs/getting-started\">2-minute video walkthrough</a> if you prefer.\n    </p>\n    <p>\n      RSOLV, Inc. • support@rsolv.dev • © 2025\n    </p>\n    <p>\n      <a href=\"https://rsolv.dev/unsubscribe?email=test@example.com\">Unsubscribe</a> from these emails.\n    </p>\n  </div>\n</div>\n", text_body: "Welcome to RSOLV!\n\nHi TestUser,\n\nThanks for trying RSOLV! You're just a few minutes away from automating away your backlog.\n\nHere's how to get started:\n\n1. Install our GitHub Action (check the HTML version for the code snippet)\n2. Set up your repository secrets\n3. Tag your first issues with \"rsolv:automate\"\n\nNeed help? Contact us at support@rsolv.dev and we'll personally assist you.\n\nYour first 10 fixes are free! After that, you only pay $15 per fix that gets deployed - no credit card required to start.\n\nBest,\nThe RSOLV Team\n\nP.S. Check out our 2-minute video walkthrough at https://rsolv.dev/docs/getting-started\n\n---\nTo unsubscribe, visit: https://rsolv.dev/unsubscribe?email=test@example.com\n", headers: %{"X-Postmark-Tag" => "welcome"}, attachments: [], assigns: %{}, private: %{tag: "welcome"}, blocked: false}

14:25:38.936 [info] [EMAIL DEBUG] Raw Postmark response
14:25:38.936 [info] [EMAIL] Email sent successfully via Postmark
EmailService result: {:ok,
 %{
   status: "sent",
   email: {:ok,
    %Bamboo.Email{
      from: {"RSOLV Team", "support@rsolv.dev"},
      to: [nil: "test@example.com"],
      cc: [],
      bcc: [],
      subject: "Welcome to RSOLV - Let's fix your first issue in 10 minutes",
      html_body: "<div style=\"font-family: 'Helvetica Neue', Helvetica, Arial, sans-serif; max-width: 600px; margin: 0 auto; padding: 20px;\">\n  <h1 style=\"color: #2C3E50; margin-bottom: 20px;\">Welcome to RSOLV!</h1>\n  \n  <p>Hi TestUser,</p>\n  \n  <p>Thanks for trying RSOLV! You're just a few minutes away from automating away your backlog.</p>\n  \n  <p>Here's how to get started:</p>\n  \n  <ol>\n    <li>Install our GitHub Action (copy & paste the code below)</li>\n    <li>Set up your repository secrets</li>\n    <li>Tag your first issues with \"rsolv:automate\"</li>\n  </ol>\n  \n  <div style=\"background-color: #f8f9fa; padding: 15px; border-radius: 5px; margin: 20px 0;\">\n    <pre style=\"margin: 0; overflow-x: auto; white-space: pre-wrap; font-family: monospace;\">name: RSOLV AutoFix\non:\n  issues:\n    types: [opened, edited, labeled]\n\njobs:\n  autofix:\n    runs-on: ubuntu-latest\n    if: contains(github.event.issue.labels.*.name, 'rsolv:automate')\n    steps:\n      - uses: RSOLV-dev/rsolv-action@v1\n        with:\n          github-token: ${{ secrets.GITHUB_TOKEN }}\n          rsolv-api-key: ${{ secrets.RSOLV_API_KEY }}</pre>\n  </div>\n  \n  <p>Need help? Contact us at <a href=\"mailto:support@rsolv.dev\">support@rsolv.dev</a> and we'll personally assist you.</p>\n  \n  <p>Your first 10 fixes are free! After that, you only pay $15 per fix that gets deployed - no credit card required to start.</p>\n  \n  <p>Best,<br>The RSOLV Team</p>\n  \n  <div class=\"footer\" style=\"margin-top: 40px; padding-top: 20px; border-top: 1px solid #e0e0e0; font-size: 0.9em; color: #666;\">\n    <p>\n      P.S. Here's a <a href=\"https://rsolv.dev/docs/getting-started\">2-minute video walkthrough</a> if you prefer.\n    </p>\n    <p>\n      RSOLV, Inc. • support@rsolv.dev • © 2025\n    </p>\n    <p>\n      <a href=\"https://rsolv.dev/unsubscribe?email=test@example.com\">Unsubscribe</a> from these emails.\n    </p>\n  </div>\n</div>\n",
      text_body: "Welcome to RSOLV!\n\nHi TestUser,\n\nThanks for trying RSOLV! You're just a few minutes away from automating away your backlog.\n\nHere's how to get started:\n\n1. Install our GitHub Action (check the HTML version for the code snippet)\n2. Set up your repository secrets\n3. Tag your first issues with \"rsolv:automate\"\n\nNeed help? Contact us at support@rsolv.dev and we'll personally assist you.\n\nYour first 10 fixes are free! After that, you only pay $15 per fix that gets deployed - no credit card required to start.\n\nBest,\nThe RSOLV Team\n\nP.S. Check out our 2-minute video walkthrough at https://rsolv.dev/docs/getting-started\n\n---\nTo unsubscribe, visit: https://rsolv.dev/unsubscribe?email=test@example.com\n",
      headers: %{"X-Postmark-Tag" => "welcome"},
      attachments: [],
      assigns: %{},
      private: %{tag: "welcome"},
      blocked: false
    }}
 }}
Number of delivered emails: 0
.14:25:38.936 [info] [EMAIL] send_early_access_welcome_email called
14:25:38.937 [info] [EMAIL DEBUG] Full email struct before sending
14:25:38.937 [info] [EMAIL DEBUG] Extracted recipient email
14:25:38.937 [info] [EMAIL DEBUG] Postmark configuration
14:25:38.937 [info] [EMAIL DEBUG] Email configuration
14:25:38.937 [info] [EMAIL] Attempting to send email via Postmark
14:25:38.937 [debug] Sending email with Bamboo.TestAdapter:

%Bamboo.Email{from: {"RSOLV Team", "support@rsolv.dev"}, to: [nil: "early@test.com"], cc: [], bcc: [], subject: "Welcome to RSOLV Early Access Program", html_body: "<div style=\"font-family: 'Helvetica Neue', Helvetica, Arial, sans-serif; max-width: 600px; margin: 0 auto; padding: 20px;\">\n  <h1 style=\"color: #2C3E50; margin-bottom: 20px;\">Welcome to RSOLV Early Access Program!</h1>\n\n  <p>Hi EarlyBird,</p>\n\n  <p>Thank you for joining our Early Access Program! You're now part of an exclusive group getting first access to RSOLV.</p>\n\n  <p>Here's what you need to know:</p>\n\n  <ul>\n    <li>You have full access to all current features</li>\n    <li>Your feedback is incredibly valuable to us during this phase</li>\n    <li>You'll receive priority support via email</li>\n  </ul>\n\n  <p>To get started with RSOLV:</p>\n\n  <ol>\n    <li><strong>Your API key will be sent in a follow-up email within 24 hours</strong></li>\n    <li>Once you receive your API key, install our GitHub Action (code below)</li>\n    <li>Set up your repository secrets with your API key</li>\n    <li>Tag your first issues with \"rsolv:automate\"</li>\n  </ol>\n\n  <div style=\"background-color: #fff3cd; border: 1px solid #ffeaa7; color: #856404; padding: 10px; border-radius: 5px; margin: 15px 0;\">\n    <strong>⏳ API Key Coming Soon:</strong> We'll send your personal API key within 24 hours. Look for an email with subject \"Your RSOLV API Key\".\n  </div>\n\n  <div style=\"background-color: #f8f9fa; padding: 15px; border-radius: 5px; margin: 20px 0;\">\n    <pre style=\"margin: 0; overflow-x: auto; white-space: pre-wrap; font-family: monospace;\">name: RSOLV AutoFix\non:\n  issues:\n    types: [opened, edited, labeled]\n\njobs:\n  autofix:\n    runs-on: ubuntu-latest\n    if: contains(github.event.issue.labels.*.name, 'rsolv:automate')\n    steps:\n      - uses: RSOLV-dev/rsolv-action@v1\n        with:\n          github-token: ${{ secrets.GITHUB_TOKEN }}\n          rsolv-api-key: ${{ secrets.RSOLV_API_KEY }}</pre>\n  </div>\n\n  <p>Need help? As an Early Access member, you have priority support - contact us at <a href=\"mailto:support@rsolv.dev\">support@rsolv.dev</a> and we'll personally assist you.</p>\n\n  <p>Your trial includes unlimited automated fixes during the Early Access period.</p>\n\n  <div style=\"margin-top: 30px; padding: 15px; border: 1px solid #e0e0e0; border-radius: 5px; background-color: #f9f9f9;\">\n    <h3 style=\"margin-top: 0; color: #2C3E50;\">Early Access Program Benefits</h3>\n    <ul>\n      <li>Unlimited usage during Early Access</li>\n      <li>Priority support and feature requests</li>\n      <li>Exclusive pricing when we launch</li>\n      <li>Direct access to our development team</li>\n    </ul>\n  </div>\n\n  <p>Best,<br>The RSOLV Team</p>\n\n  <div class=\"footer\" style=\"margin-top: 40px; padding-top: 20px; border-top: 1px solid #e0e0e0; font-size: 0.9em; color: #666;\">\n    <p>\n      You're receiving this email because you joined the RSOLV Early Access Program.\n      <br>\n      If you have any questions, simply reply to this email.\n    </p>\n    <p>\n      RSOLV, Inc. • support@rsolv.dev • © 2025\n    </p>\n    <p>\n      <a href=\"https://rsolv.dev/unsubscribe?email=early@test.com\">Unsubscribe</a> from these emails.\n    </p>\n  </div>\n</div>\n", text_body: "Welcome to RSOLV Early Access Program!\n\nHi EarlyBird,\n\nThank you for joining our Early Access Program! You're now part of an exclusive group getting first access to RSOLV.\n\nHere's what you need to know:\n- You have full access to all current features\n- Your feedback is incredibly valuable to us during this phase\n- You'll receive priority support via email\n\nTo get started with RSOLV:\n1. Your API key will be sent in a follow-up email within 24 hours\n2. Once you receive your API key, install our GitHub Action\n3. Set up your repository secrets with your API key\n4. Tag your first issues with \"AUTOFIX\"\n\n⏳ API KEY COMING SOON: We'll send your personal API key within 24 hours. Look for an email with subject \"Your RSOLV API Key\".\n\nNeed help? As an Early Access member, you have priority support - contact us at support@rsolv.dev and we'll personally assist you.\n\nYour trial includes unlimited automated fixes during the Early Access period.\n\nEARLY ACCESS PROGRAM BENEFITS:\n* Unlimited usage during Early Access\n* Priority support and feature requests\n* Exclusive pricing when we launch\n* Direct access to our development team\n\nBest,\nThe RSOLV Team\n\n---\nYou're receiving this email because you joined the RSOLV Early Access Program.\nIf you have any questions, simply reply to this email.\n\nRSOLV, Inc. • support@rsolv.dev\n\nTo unsubscribe, visit: https://rsolv.dev/unsubscribe?email=early@test.com\n", headers: %{"X-Postmark-Tag" => "early-access"}, attachments: [], assigns: %{}, private: %{tag: "early-access"}, blocked: false}

14:25:38.937 [info] [EMAIL DEBUG] Raw Postmark response
14:25:38.937 [info] [EMAIL] Email sent successfully via Postmark
Early access result: {:ok,
 %{
   status: "sent",
   email: {:ok,
    %Bamboo.Email{
      from: {"RSOLV Team", "support@rsolv.dev"},
      to: [nil: "early@test.com"],
      cc: [],
      bcc: [],
      subject: "Welcome to RSOLV Early Access Program",
      html_body: "<div style=\"font-family: 'Helvetica Neue', Helvetica, Arial, sans-serif; max-width: 600px; margin: 0 auto; padding: 20px;\">\n  <h1 style=\"color: #2C3E50; margin-bottom: 20px;\">Welcome to RSOLV Early Access Program!</h1>\n\n  <p>Hi EarlyBird,</p>\n\n  <p>Thank you for joining our Early Access Program! You're now part of an exclusive group getting first access to RSOLV.</p>\n\n  <p>Here's what you need to know:</p>\n\n  <ul>\n    <li>You have full access to all current features</li>\n    <li>Your feedback is incredibly valuable to us during this phase</li>\n    <li>You'll receive priority support via email</li>\n  </ul>\n\n  <p>To get started with RSOLV:</p>\n\n  <ol>\n    <li><strong>Your API key will be sent in a follow-up email within 24 hours</strong></li>\n    <li>Once you receive your API key, install our GitHub Action (code below)</li>\n    <li>Set up your repository secrets with your API key</li>\n    <li>Tag your first issues with \"rsolv:automate\"</li>\n  </ol>\n\n  <div style=\"background-color: #fff3cd; border: 1px solid #ffeaa7; color: #856404; padding: 10px; border-radius: 5px; margin: 15px 0;\">\n    <strong>⏳ API Key Coming Soon:</strong> We'll send your personal API key within 24 hours. Look for an email with subject \"Your RSOLV API Key\".\n  </div>\n\n  <div style=\"background-color: #f8f9fa; padding: 15px; border-radius: 5px; margin: 20px 0;\">\n    <pre style=\"margin: 0; overflow-x: auto; white-space: pre-wrap; font-family: monospace;\">name: RSOLV AutoFix\non:\n  issues:\n    types: [opened, edited, labeled]\n\njobs:\n  autofix:\n    runs-on: ubuntu-latest\n    if: contains(github.event.issue.labels.*.name, 'rsolv:automate')\n    steps:\n      - uses: RSOLV-dev/rsolv-action@v1\n        with:\n          github-token: ${{ secrets.GITHUB_TOKEN }}\n          rsolv-api-key: ${{ secrets.RSOLV_API_KEY }}</pre>\n  </div>\n\n  <p>Need help? As an Early Access member, you have priority support - contact us at <a href=\"mailto:support@rsolv.dev\">support@rsolv.dev</a> and we'll personally assist you.</p>\n\n  <p>Your trial includes unlimited automated fixes during the Early Access period.</p>\n\n  <div style=\"margin-top: 30px; padding: 15px; border: 1px solid #e0e0e0; border-radius: 5px; background-color: #f9f9f9;\">\n    <h3 style=\"margin-top: 0; color: #2C3E50;\">Early Access Program Benefits</h3>\n    <ul>\n      <li>Unlimited usage during Early Access</li>\n      <li>Priority support and feature requests</li>\n      <li>Exclusive pricing when we launch</li>\n      <li>Direct access to our development team</li>\n    </ul>\n  </div>\n\n  <p>Best,<br>The RSOLV Team</p>\n\n  <div class=\"footer\" style=\"margin-top: 40px; padding-top: 20px; border-top: 1px solid #e0e0e0; font-size: 0.9em; color: #666;\">\n    <p>\n      You're receiving this email because you joined the RSOLV Early Access Program.\n      <br>\n      If you have any questions, simply reply to this email.\n    </p>\n    <p>\n      RSOLV, Inc. • support@rsolv.dev • © 2025\n    </p>\n    <p>\n      <a href=\"https://rsolv.dev/unsubscribe?email=early@test.com\">Unsubscribe</a> from these emails.\n    </p>\n  </div>\n</div>\n",
      text_body: "Welcome to RSOLV Early Access Program!\n\nHi EarlyBird,\n\nThank you for joining our Early Access Program! You're now part of an exclusive group getting first access to RSOLV.\n\nHere's what you need to know:\n- You have full access to all current features\n- Your feedback is incredibly valuable to us during this phase\n- You'll receive priority support via email\n\nTo get started with RSOLV:\n1. Your API key will be sent in a follow-up email within 24 hours\n2. Once you receive your API key, install our GitHub Action\n3. Set up your repository secrets with your API key\n4. Tag your first issues with \"AUTOFIX\"\n\n⏳ API KEY COMING SOON: We'll send your personal API key within 24 hours. Look for an email with subject \"Your RSOLV API Key\".\n\nNeed help? As an Early Access member, you have priority support - contact us at support@rsolv.dev and we'll personally assist you.\n\nYour trial includes unlimited automated fixes during the Early Access period.\n\nEARLY ACCESS PROGRAM BENEFITS:\n* Unlimited usage during Early Access\n* Priority support and feature requests\n* Exclusive pricing when we launch\n* Direct access to our development team\n\nBest,\nThe RSOLV Team\n\n---\nYou're receiving this email because you joined the RSOLV Early Access Program.\nIf you have any questions, simply reply to this email.\n\nRSOLV, Inc. • support@rsolv.dev\n\nTo unsubscribe, visit: https://rsolv.dev/unsubscribe?email=early@test.com\n",
      headers: %{"X-Postmark-Tag" => "early-access"},
      attachments: [],
      assigns: %{},
      private: %{tag: "early-access"},
      blocked: false
    }}
 }}
.....14:25:38.939 request_id=GGRUNHnEfYDcrFMAAC0L [info] POST /unsubscribe
14:25:38.939 request_id=GGRUNHnEfYDcrFMAAC0L [debug] Processing with RsolvWeb.PageController.process_unsubscribe/2
  Parameters: %{"email" => "test@example.com"}
  Pipelines: [:browser]
14:25:38.939 request_id=GGRUNHnEfYDcrFMAAC0L [debug] Extracted UTM parameters: %{}
14:25:38.939 request_id=GGRUNHnEfYDcrFMAAC0L [info] Analytics event tracked
14:25:38.939 request_id=GGRUNHnEfYDcrFMAAC0L [debug] QUERY OK db=0.1ms queue=0.1ms
SELECT create_analytics_partition_if_not_exists($1::date) [~D[2025-09-11]]
14:25:38.939 request_id=GGRUNHnEfYDcrFMAAC0L [debug] QUERY OK source="analytics_events" db=0.1ms
INSERT INTO "analytics_events" ("metadata","event_type","visitor_id","page_path","inserted_at","updated_at") VALUES ($1,$2,$3,$4,$5,$6) RETURNING "id" [%{status: "submit", os: "unknown", form_id: "unsubscribe", browser: "unknown", utm_source_platform: nil, utm_source_campaign: nil, utm_source_content: nil, device_type: "unknown"}, "form_submit", "9227b99ed4805717375d31f543c27fba", "/unsubscribe", ~N[2025-09-11 20:25:38], ~N[2025-09-11 20:25:38]]
14:25:38.940 request_id=GGRUNHnEfYDcrFMAAC0L [debug] QUERY OK source="email_unsubscribes" db=0.1ms queue=0.1ms
INSERT INTO "email_unsubscribes" ("reason","email","inserted_at") VALUES ($1,$2,$3) RETURNING "id" ["User request via unsubscribe page", "test@example.com", ~N[2025-09-11 20:25:38]]
14:25:38.940 request_id=GGRUNHnEfYDcrFMAAC0L [info] Successfully recorded unsubscribe for test@example.com
14:25:38.940 request_id=GGRUNHnEfYDcrFMAAC0L [warning] Tracking undefined event: unsubscribe_success. Consider adding to @events list.
14:25:38.940 request_id=GGRUNHnEfYDcrFMAAC0L [info] Analytics event tracked
14:25:38.940 request_id=GGRUNHnEfYDcrFMAAC0L [debug] QUERY OK db=0.0ms
SELECT create_analytics_partition_if_not_exists($1::date) [~D[2025-09-11]]
14:25:38.940 request_id=GGRUNHnEfYDcrFMAAC0L [debug] QUERY OK source="analytics_events" db=0.0ms
INSERT INTO "analytics_events" ("metadata","event_type","visitor_id","inserted_at","updated_at") VALUES ($1,$2,$3,$4,$5) RETURNING "id" [%{email: "test@example.com"}, "unsubscribe_success", "903d05d1ab8c908f21d56138a815def7", ~N[2025-09-11 20:25:38], ~N[2025-09-11 20:25:38]]
14:25:38.940 request_id=GGRUNHnEfYDcrFMAAC0L [info] Attempting to unsubscribe from ConvertKit: test@example.com
14:25:38.940 request_id=GGRUNHnEfYDcrFMAAC0L [info] ConvertKit: Attempting to unsubscribe user
14:25:38.940 request_id=GGRUNHnEfYDcrFMAAC0L [info] ConvertKit: Attempting to unsubscribe subscriber
14:25:38.940 request_id=GGRUNHnEfYDcrFMAAC0L [info] ConvertKit: Successfully unsubscribed user
14:25:38.940 request_id=GGRUNHnEfYDcrFMAAC0L [debug] QUERY OK source="fun_with_flags_toggles" db=0.0ms
SELECT f0."id", f0."flag_name", f0."gate_type", f0."target", f0."enabled" FROM "fun_with_flags_toggles" AS f0 WHERE (f0."flag_name" = $1) ["blog"]
14:25:38.940 request_id=GGRUNHnEfYDcrFMAAC0L [debug] Telemetry event: [:fun_with_flags, :persistence, :read], metadata: %{flag_name: :blog, gate: nil}, measurements: %{system_time: 1757622338940779236}
14:25:38.943 request_id=GGRUNHnEfYDcrFMAAC0L [info] Sent 200 in 3ms
.14:25:38.943 request_id=GGRUNHoBozxF8sQAAC2L [info] GET /unsubscribe
14:25:38.943 request_id=GGRUNHoBozxF8sQAAC2L [debug] Processing with RsolvWeb.PageController.unsubscribe/2
  Parameters: %{}
  Pipelines: [:browser]
14:25:38.943 request_id=GGRUNHoBozxF8sQAAC2L [debug] Extracted UTM parameters: %{}
14:25:38.943 request_id=GGRUNHoBozxF8sQAAC2L [info] Analytics event tracked
14:25:38.943 request_id=GGRUNHoBozxF8sQAAC2L [debug] QUERY OK db=0.0ms
SELECT create_analytics_partition_if_not_exists($1::date) [~D[2025-09-11]]
14:25:38.943 request_id=GGRUNHoBozxF8sQAAC2L [debug] QUERY OK source="analytics_events" db=0.1ms
INSERT INTO "analytics_events" ("metadata","event_type","visitor_id","page_path","inserted_at","updated_at") VALUES ($1,$2,$3,$4,$5,$6) RETURNING "id" [%{os: "unknown", browser: "unknown", utm_source_platform: nil, utm_source_campaign: nil, utm_source_content: nil, device_type: "unknown"}, "page_view", "e6dae93c8a758132aaad35ad0b2336f5", "/unsubscribe", ~N[2025-09-11 20:25:38], ~N[2025-09-11 20:25:38]]
14:25:38.943 request_id=GGRUNHoBozxF8sQAAC2L [debug] QUERY OK source="fun_with_flags_toggles" db=0.0ms
SELECT f0."id", f0."flag_name", f0."gate_type", f0."target", f0."enabled" FROM "fun_with_flags_toggles" AS f0 WHERE (f0."flag_name" = $1) ["blog"]
14:25:38.943 request_id=GGRUNHoBozxF8sQAAC2L [debug] Telemetry event: [:fun_with_flags, :persistence, :read], metadata: %{flag_name: :blog, gate: nil}, measurements: %{system_time: 1757622338943950005}
14:25:38.944 request_id=GGRUNHoBozxF8sQAAC2L [info] Sent 200 in 751µs
.14:25:38.944 request_id=GGRUNHoQLNCUkuAAAC6N [info] POST /unsubscribe
14:25:38.944 request_id=GGRUNHoQLNCUkuAAAC6N [debug] Processing with RsolvWeb.PageController.process_unsubscribe/2
  Parameters: %{"email" => ""}
  Pipelines: [:browser]
14:25:38.944 request_id=GGRUNHoQLNCUkuAAAC6N [debug] Extracted UTM parameters: %{}
14:25:38.944 request_id=GGRUNHoQLNCUkuAAAC6N [info] Analytics event tracked
14:25:38.944 request_id=GGRUNHoQLNCUkuAAAC6N [debug] QUERY OK db=0.0ms
SELECT create_analytics_partition_if_not_exists($1::date) [~D[2025-09-11]]
14:25:38.944 request_id=GGRUNHoQLNCUkuAAAC6N [debug] QUERY OK source="analytics_events" db=0.0ms
INSERT INTO "analytics_events" ("metadata","event_type","visitor_id","page_path","inserted_at","updated_at") VALUES ($1,$2,$3,$4,$5,$6) RETURNING "id" [%{status: "submit", os: "unknown", form_id: "unsubscribe", browser: "unknown", utm_source_platform: nil, utm_source_campaign: nil, utm_source_content: nil, device_type: "unknown"}, "form_submit", "33f35c9b33d4911f9fa26c4b43705539", "/unsubscribe", ~N[2025-09-11 20:25:38], ~N[2025-09-11 20:25:38]]
14:25:38.944 request_id=GGRUNHoQLNCUkuAAAC6N [info] Analytics event tracked
14:25:38.944 request_id=GGRUNHoQLNCUkuAAAC6N [debug] QUERY OK db=0.0ms
SELECT create_analytics_partition_if_not_exists($1::date) [~D[2025-09-11]]
14:25:38.944 request_id=GGRUNHoQLNCUkuAAAC6N [debug] QUERY OK source="analytics_events" db=0.0ms
INSERT INTO "analytics_events" ("metadata","event_type","visitor_id","inserted_at","updated_at") VALUES ($1,$2,$3,$4,$5) RETURNING "id" [%{status: "error", error_type: "validation", form_id: "unsubscribe", error_details: "Invalid email format", email_input: ""}, "form_error", "d17b15f131a54eb97b7e8f4bba09bf8b", ~N[2025-09-11 20:25:38], ~N[2025-09-11 20:25:38]]
14:25:38.945 request_id=GGRUNHoQLNCUkuAAAC6N [debug] QUERY OK source="fun_with_flags_toggles" db=0.0ms
SELECT f0."id", f0."flag_name", f0."gate_type", f0."target", f0."enabled" FROM "fun_with_flags_toggles" AS f0 WHERE (f0."flag_name" = $1) ["blog"]
14:25:38.945 request_id=GGRUNHoQLNCUkuAAAC6N [debug] Telemetry event: [:fun_with_flags, :persistence, :read], metadata: %{flag_name: :blog, gate: nil}, measurements: %{system_time: 1757622338945066111}
14:25:38.945 request_id=GGRUNHoQLNCUkuAAAC6N [info] Sent 200 in 937µs
.14:25:38.945 request_id=GGRUNHohrLYPYGYAAC8N [info] GET /unsubscribe
14:25:38.945 request_id=GGRUNHohrLYPYGYAAC8N [debug] Processing with RsolvWeb.PageController.unsubscribe/2
  Parameters: %{"email" => "test@example.com"}
  Pipelines: [:browser]
14:25:38.945 request_id=GGRUNHohrLYPYGYAAC8N [debug] Extracted UTM parameters: %{}
14:25:38.945 request_id=GGRUNHohrLYPYGYAAC8N [info] Analytics event tracked
14:25:38.945 request_id=GGRUNHohrLYPYGYAAC8N [debug] QUERY OK db=0.0ms
SELECT create_analytics_partition_if_not_exists($1::date) [~D[2025-09-11]]
14:25:38.945 request_id=GGRUNHohrLYPYGYAAC8N [debug] QUERY OK source="analytics_events" db=0.0ms
INSERT INTO "analytics_events" ("metadata","event_type","visitor_id","page_path","inserted_at","updated_at") VALUES ($1,$2,$3,$4,$5,$6) RETURNING "id" [%{os: "unknown", browser: "unknown", utm_source_platform: nil, utm_source_campaign: nil, utm_source_content: nil, device_type: "unknown"}, "page_view", "285ebeea6f06e200b62333449237b306", "/unsubscribe", ~N[2025-09-11 20:25:38], ~N[2025-09-11 20:25:38]]
14:25:38.945 request_id=GGRUNHohrLYPYGYAAC8N [warning] Tracking undefined event: unsubscribe_page_view. Consider adding to @events list.
14:25:38.945 request_id=GGRUNHohrLYPYGYAAC8N [info] Analytics event tracked
14:25:38.945 request_id=GGRUNHohrLYPYGYAAC8N [debug] QUERY OK db=0.0ms
SELECT create_analytics_partition_if_not_exists($1::date) [~D[2025-09-11]]
14:25:38.946 request_id=GGRUNHohrLYPYGYAAC8N [debug] QUERY OK source="analytics_events" db=0.0ms
INSERT INTO "analytics_events" ("metadata","event_type","visitor_id","inserted_at","updated_at") VALUES ($1,$2,$3,$4,$5) RETURNING "id" [%{email: "test@example.com"}, "unsubscribe_page_view", "682538e4764bf2b549891065d9bb9513", ~N[2025-09-11 20:25:38], ~N[2025-09-11 20:25:38]]
14:25:38.946 request_id=GGRUNHohrLYPYGYAAC8N [debug] QUERY OK source="fun_with_flags_toggles" db=0.0ms
SELECT f0."id", f0."flag_name", f0."gate_type", f0."target", f0."enabled" FROM "fun_with_flags_toggles" AS f0 WHERE (f0."flag_name" = $1) ["blog"]
14:25:38.946 request_id=GGRUNHohrLYPYGYAAC8N [debug] Telemetry event: [:fun_with_flags, :persistence, :read], metadata: %{flag_name: :blog, gate: nil}, measurements: %{system_time: 1757622338946182372}
14:25:38.946 request_id=GGRUNHohrLYPYGYAAC8N [info] Sent 200 in 904µs
......................14:25:39.016 [debug] Parser response received
14:25:39.017 [info] AnalysisService: Loaded 30 patterns for javascript
14:25:39.018 [info] AnalysisService: Found 13 matches
14:25:39.018 [debug] Match confidence: 0.65, min_confidence: 0.7, match: %{type: "js-xss-jquery-html", context: %{node_type: "CallExpression", depth: 4, parent_type: "VariableDeclarator"}, location: %{depth: 4, end_column: 32, end_line: 1, start_line: 1, start_column: 15}, severity: "high", pattern_id: "js-xss-jquery-html", pattern_name: "XSS via jQuery html()", recommendation: "Review this code for potential security issues", confidence: 0.65, pattern_type: :xss, min_confidence: 0.7}
14:25:39.018 [debug] Match confidence: 0.65, min_confidence: 0.7, match: %{type: "js-xss-jquery-html", context: %{node_type: "CallExpression", depth: 4, parent_type: "VariableDeclarator"}, location: %{depth: 4, end_column: 38, end_line: 2, start_line: 2, start_column: 13}, severity: "high", pattern_id: "js-xss-jquery-html", pattern_name: "XSS via jQuery html()", recommendation: "Review this code for potential security issues", confidence: 0.65, pattern_type: :xss, min_confidence: 0.7}
14:25:39.018 [debug] Match confidence: 0.9500000000000001, min_confidence: 0.7, match: %{type: "js-weak-crypto-sha1", context: %{node_type: "CallExpression", depth: 4, parent_type: "VariableDeclarator"}, location: %{depth: 4, end_column: 38, end_line: 2, start_line: 2, start_column: 13}, severity: "medium", pattern_id: "js-weak-crypto-sha1", pattern_name: "Weak Cryptography - SHA1", recommendation: "Review this code for potential security issues", confidence: 0.9500000000000001, pattern_type: :weak_crypto, min_confidence: 0.7}
14:25:39.018 [debug] Match confidence: 0.35, min_confidence: 0.7, match: %{type: "js-nosql-injection", context: %{node_type: "CallExpression", depth: 4, parent_type: "VariableDeclarator"}, location: %{depth: 4, end_column: 32, end_line: 1, start_line: 1, start_column: 15}, severity: "high", pattern_id: "js-nosql-injection", pattern_name: "NoSQL Injection", recommendation: "Review this code for potential security issues", confidence: 0.35, pattern_type: :nosql_injection, min_confidence: 0.7}
14:25:39.018 [debug] Match confidence: 0.35, min_confidence: 0.7, match: %{type: "js-nosql-injection", context: %{node_type: "CallExpression", depth: 4, parent_type: "VariableDeclarator"}, location: %{depth: 4, end_column: 38, end_line: 2, start_line: 2, start_column: 13}, severity: "high", pattern_id: "js-nosql-injection", pattern_name: "NoSQL Injection", recommendation: "Review this code for potential security issues", confidence: 0.35, pattern_type: :nosql_injection, min_confidence: 0.7}
14:25:39.018 [debug] Match confidence: 0.35, min_confidence: 0.8, match: %{type: "js-ldap-injection", context: %{node_type: "CallExpression", depth: 4, parent_type: "VariableDeclarator"}, location: %{depth: 4, end_column: 32, end_line: 1, start_line: 1, start_column: 15}, severity: "high", pattern_id: "js-ldap-injection", pattern_name: "LDAP Injection", recommendation: "Review this code for potential security issues", confidence: 0.35, pattern_type: :ldap_injection, min_confidence: 0.8}
14:25:39.018 [debug] Match confidence: 0.35, min_confidence: 0.8, match: %{type: "js-ldap-injection", context: %{node_type: "CallExpression", depth: 4, parent_type: "VariableDeclarator"}, location: %{depth: 4, end_column: 38, end_line: 2, start_line: 2, start_column: 13}, severity: "high", pattern_id: "js-ldap-injection", pattern_name: "LDAP Injection", recommendation: "Review this code for potential security issues", confidence: 0.35, pattern_type: :ldap_injection, min_confidence: 0.8}
14:25:39.018 [debug] Match confidence: 0.35, min_confidence: 0.8, match: %{type: "js-xpath-injection", context: %{node_type: "CallExpression", depth: 4, parent_type: "VariableDeclarator"}, location: %{depth: 4, end_column: 32, end_line: 1, start_line: 1, start_column: 15}, severity: "high", pattern_id: "js-xpath-injection", pattern_name: "XPath Injection", recommendation: "Review this code for potential security issues", confidence: 0.35, pattern_type: :xpath_injection, min_confidence: 0.8}
14:25:39.018 [debug] Match confidence: 0.35, min_confidence: 0.8, match: %{type: "js-xpath-injection", context: %{node_type: "CallExpression", depth: 4, parent_type: "VariableDeclarator"}, location: %{depth: 4, end_column: 38, end_line: 2, start_line: 2, start_column: 13}, severity: "high", pattern_id: "js-xpath-injection", pattern_name: "XPath Injection", recommendation: "Review this code for potential security issues", confidence: 0.35, pattern_type: :xpath_injection, min_confidence: 0.8}
14:25:39.018 [debug] Match confidence: 0.35, min_confidence: 0.7, match: %{type: "js-ssrf", context: %{node_type: "CallExpression", depth: 4, parent_type: "VariableDeclarator"}, location: %{depth: 4, end_column: 32, end_line: 1, start_line: 1, start_column: 15}, severity: "medium", pattern_id: "js-ssrf", pattern_name: "Server-Side Request Forgery (SSRF)", recommendation: "Review this code for potential security issues", confidence: 0.35, pattern_type: :ssrf, min_confidence: 0.7}
14:25:39.018 [debug] Match confidence: 0.35, min_confidence: 0.7, match: %{type: "js-ssrf", context: %{node_type: "CallExpression", depth: 4, parent_type: "VariableDeclarator"}, location: %{depth: 4, end_column: 38, end_line: 2, start_line: 2, start_column: 13}, severity: "medium", pattern_id: "js-ssrf", pattern_name: "Server-Side Request Forgery (SSRF)", recommendation: "Review this code for potential security issues", confidence: 0.35, pattern_type: :ssrf, min_confidence: 0.7}
14:25:39.018 [debug] Match confidence: 0.75, min_confidence: 0.8, match: %{type: "js-insecure-deserialization", context: %{node_type: "CallExpression", depth: 4, parent_type: "VariableDeclarator"}, location: %{depth: 4, end_column: 32, end_line: 1, start_line: 1, start_column: 15}, severity: "medium", pattern_id: "js-insecure-deserialization", pattern_name: "Insecure Deserialization", recommendation: "Review this code for potential security issues", confidence: 0.75, pattern_type: :deserialization, min_confidence: 0.8}
14:25:39.018 [debug] Match confidence: 0.75, min_confidence: 0.8, match: %{type: "js-insecure-deserialization", context: %{node_type: "CallExpression", depth: 4, parent_type: "VariableDeclarator"}, location: %{depth: 4, end_column: 38, end_line: 2, start_line: 2, start_column: 13}, severity: "medium", pattern_id: "js-insecure-deserialization", pattern_name: "Insecure Deserialization", recommendation: "Review this code for potential security issues", confidence: 0.75, pattern_type: :deserialization, min_confidence: 0.8}
.14:25:39.092 [debug] Parser response received
14:25:39.092 [info] AnalysisService: Loaded 30 patterns for javascript
14:25:39.094 [info] AnalysisService: Found 13 matches
14:25:39.094 [debug] Match confidence: 0.65, min_confidence: 0.7, match: %{type: "js-xss-jquery-html", context: %{node_type: "CallExpression", depth: 4, parent_type: "VariableDeclarator"}, location: %{depth: 4, end_column: 32, end_line: 1, start_line: 1, start_column: 15}, severity: "high", pattern_id: "js-xss-jquery-html", pattern_name: "XSS via jQuery html()", recommendation: "Review this code for potential security issues", confidence: 0.65, pattern_type: :xss, min_confidence: 0.7}
14:25:39.094 [debug] Match confidence: 0.65, min_confidence: 0.7, match: %{type: "js-xss-jquery-html", context: %{node_type: "CallExpression", depth: 4, parent_type: "VariableDeclarator"}, location: %{depth: 4, end_column: 37, end_line: 2, start_line: 2, start_column: 13}, severity: "high", pattern_id: "js-xss-jquery-html", pattern_name: "XSS via jQuery html()", recommendation: "Review this code for potential security issues", confidence: 0.65, pattern_type: :xss, min_confidence: 0.7}
14:25:39.094 [debug] Match confidence: 0.9500000000000001, min_confidence: 0.7, match: %{type: "js-weak-crypto-md5", context: %{node_type: "CallExpression", depth: 4, parent_type: "VariableDeclarator"}, location: %{depth: 4, end_column: 37, end_line: 2, start_line: 2, start_column: 13}, severity: "medium", pattern_id: "js-weak-crypto-md5", pattern_name: "Weak Cryptography - MD5", recommendation: "Review this code for potential security issues", confidence: 0.9500000000000001, pattern_type: :weak_crypto, min_confidence: 0.7}
14:25:39.094 [debug] Match confidence: 0.35, min_confidence: 0.7, match: %{type: "js-nosql-injection", context: %{node_type: "CallExpression", depth: 4, parent_type: "VariableDeclarator"}, location: %{depth: 4, end_column: 32, end_line: 1, start_line: 1, start_column: 15}, severity: "high", pattern_id: "js-nosql-injection", pattern_name: "NoSQL Injection", recommendation: "Review this code for potential security issues", confidence: 0.35, pattern_type: :nosql_injection, min_confidence: 0.7}
14:25:39.094 [debug] Match confidence: 0.35, min_confidence: 0.7, match: %{type: "js-nosql-injection", context: %{node_type: "CallExpression", depth: 4, parent_type: "VariableDeclarator"}, location: %{depth: 4, end_column: 37, end_line: 2, start_line: 2, start_column: 13}, severity: "high", pattern_id: "js-nosql-injection", pattern_name: "NoSQL Injection", recommendation: "Review this code for potential security issues", confidence: 0.35, pattern_type: :nosql_injection, min_confidence: 0.7}
14:25:39.094 [debug] Match confidence: 0.35, min_confidence: 0.8, match: %{type: "js-ldap-injection", context: %{node_type: "CallExpression", depth: 4, parent_type: "VariableDeclarator"}, location: %{depth: 4, end_column: 32, end_line: 1, start_line: 1, start_column: 15}, severity: "high", pattern_id: "js-ldap-injection", pattern_name: "LDAP Injection", recommendation: "Review this code for potential security issues", confidence: 0.35, pattern_type: :ldap_injection, min_confidence: 0.8}
14:25:39.094 [debug] Match confidence: 0.35, min_confidence: 0.8, match: %{type: "js-ldap-injection", context: %{node_type: "CallExpression", depth: 4, parent_type: "VariableDeclarator"}, location: %{depth: 4, end_column: 37, end_line: 2, start_line: 2, start_column: 13}, severity: "high", pattern_id: "js-ldap-injection", pattern_name: "LDAP Injection", recommendation: "Review this code for potential security issues", confidence: 0.35, pattern_type: :ldap_injection, min_confidence: 0.8}
14:25:39.094 [debug] Match confidence: 0.35, min_confidence: 0.8, match: %{type: "js-xpath-injection", context: %{node_type: "CallExpression", depth: 4, parent_type: "VariableDeclarator"}, location: %{depth: 4, end_column: 32, end_line: 1, start_line: 1, start_column: 15}, severity: "high", pattern_id: "js-xpath-injection", pattern_name: "XPath Injection", recommendation: "Review this code for potential security issues", confidence: 0.35, pattern_type: :xpath_injection, min_confidence: 0.8}
14:25:39.094 [debug] Match confidence: 0.35, min_confidence: 0.8, match: %{type: "js-xpath-injection", context: %{node_type: "CallExpression", depth: 4, parent_type: "VariableDeclarator"}, location: %{depth: 4, end_column: 37, end_line: 2, start_line: 2, start_column: 13}, severity: "high", pattern_id: "js-xpath-injection", pattern_name: "XPath Injection", recommendation: "Review this code for potential security issues", confidence: 0.35, pattern_type: :xpath_injection, min_confidence: 0.8}
14:25:39.094 [debug] Match confidence: 0.35, min_confidence: 0.7, match: %{type: "js-ssrf", context: %{node_type: "CallExpression", depth: 4, parent_type: "VariableDeclarator"}, location: %{depth: 4, end_column: 32, end_line: 1, start_line: 1, start_column: 15}, severity: "medium", pattern_id: "js-ssrf", pattern_name: "Server-Side Request Forgery (SSRF)", recommendation: "Review this code for potential security issues", confidence: 0.35, pattern_type: :ssrf, min_confidence: 0.7}
14:25:39.094 [debug] Match confidence: 0.35, min_confidence: 0.7, match: %{type: "js-ssrf", context: %{node_type: "CallExpression", depth: 4, parent_type: "VariableDeclarator"}, location: %{depth: 4, end_column: 37, end_line: 2, start_line: 2, start_column: 13}, severity: "medium", pattern_id: "js-ssrf", pattern_name: "Server-Side Request Forgery (SSRF)", recommendation: "Review this code for potential security issues", confidence: 0.35, pattern_type: :ssrf, min_confidence: 0.7}
14:25:39.094 [debug] Match confidence: 0.75, min_confidence: 0.8, match: %{type: "js-insecure-deserialization", context: %{node_type: "CallExpression", depth: 4, parent_type: "VariableDeclarator"}, location: %{depth: 4, end_column: 32, end_line: 1, start_line: 1, start_column: 15}, severity: "medium", pattern_id: "js-insecure-deserialization", pattern_name: "Insecure Deserialization", recommendation: "Review this code for potential security issues", confidence: 0.75, pattern_type: :deserialization, min_confidence: 0.8}
14:25:39.094 [debug] Match confidence: 0.75, min_confidence: 0.8, match: %{type: "js-insecure-deserialization", context: %{node_type: "CallExpression", depth: 4, parent_type: "VariableDeclarator"}, location: %{depth: 4, end_column: 37, end_line: 2, start_line: 2, start_column: 13}, severity: "medium", pattern_id: "js-insecure-deserialization", pattern_name: "Insecure Deserialization", recommendation: "Review this code for potential security issues", confidence: 0.75, pattern_type: :deserialization, min_confidence: 0.8}
.14:25:39.182 [debug] Parser response received
14:25:39.182 [info] AnalysisService: Loaded 30 patterns for javascript
14:25:39.184 [info] AnalysisService: Found 18 matches
14:25:39.184 [debug] Match confidence: 0.65, min_confidence: 0.7, match: %{type: "js-xss-jquery-html", context: %{node_type: "CallExpression", depth: 4, parent_type: "VariableDeclarator"}, location: %{depth: 4, end_column: 32, end_line: 1, start_line: 1, start_column: 15}, severity: "high", pattern_id: "js-xss-jquery-html", pattern_name: "XSS via jQuery html()", recommendation: "Review this code for potential security issues", confidence: 0.65, pattern_type: :xss, min_confidence: 0.7}
14:25:39.184 [debug] Match confidence: 0.65, min_confidence: 0.7, match: %{type: "js-xss-jquery-html", context: %{node_type: "CallExpression", depth: 4, parent_type: "VariableDeclarator"}, location: %{depth: 4, end_column: 40, end_line: 2, start_line: 2, start_column: 13}, severity: "high", pattern_id: "js-xss-jquery-html", pattern_name: "XSS via jQuery html()", recommendation: "Review this code for potential security issues", confidence: 0.65, pattern_type: :xss, min_confidence: 0.7}
14:25:39.184 [debug] Match confidence: 0.65, min_confidence: 0.7, match: %{type: "js-xss-jquery-html", context: %{node_type: "CallExpression", depth: 4, parent_type: "VariableDeclarator"}, location: %{depth: 4, end_column: 37, end_line: 3, start_line: 3, start_column: 15}, severity: "high", pattern_id: "js-xss-jquery-html", pattern_name: "XSS via jQuery html()", recommendation: "Review this code for potential security issues", confidence: 0.65, pattern_type: :xss, min_confidence: 0.7}
14:25:39.184 [debug] Match confidence: 0.35, min_confidence: 0.7, match: %{type: "js-nosql-injection", context: %{node_type: "CallExpression", depth: 4, parent_type: "VariableDeclarator"}, location: %{depth: 4, end_column: 32, end_line: 1, start_line: 1, start_column: 15}, severity: "high", pattern_id: "js-nosql-injection", pattern_name: "NoSQL Injection", recommendation: "Review this code for potential security issues", confidence: 0.35, pattern_type: :nosql_injection, min_confidence: 0.7}
14:25:39.184 [debug] Match confidence: 0.35, min_confidence: 0.7, match: %{type: "js-nosql-injection", context: %{node_type: "CallExpression", depth: 4, parent_type: "VariableDeclarator"}, location: %{depth: 4, end_column: 40, end_line: 2, start_line: 2, start_column: 13}, severity: "high", pattern_id: "js-nosql-injection", pattern_name: "NoSQL Injection", recommendation: "Review this code for potential security issues", confidence: 0.35, pattern_type: :nosql_injection, min_confidence: 0.7}
14:25:39.184 [debug] Match confidence: 0.35, min_confidence: 0.7, match: %{type: "js-nosql-injection", context: %{node_type: "CallExpression", depth: 4, parent_type: "VariableDeclarator"}, location: %{depth: 4, end_column: 37, end_line: 3, start_line: 3, start_column: 15}, severity: "high", pattern_id: "js-nosql-injection", pattern_name: "NoSQL Injection", recommendation: "Review this code for potential security issues", confidence: 0.35, pattern_type: :nosql_injection, min_confidence: 0.7}
14:25:39.184 [debug] Match confidence: 0.35, min_confidence: 0.8, match: %{type: "js-ldap-injection", context: %{node_type: "CallExpression", depth: 4, parent_type: "VariableDeclarator"}, location: %{depth: 4, end_column: 32, end_line: 1, start_line: 1, start_column: 15}, severity: "high", pattern_id: "js-ldap-injection", pattern_name: "LDAP Injection", recommendation: "Review this code for potential security issues", confidence: 0.35, pattern_type: :ldap_injection, min_confidence: 0.8}
14:25:39.184 [debug] Match confidence: 0.35, min_confidence: 0.8, match: %{type: "js-ldap-injection", context: %{node_type: "CallExpression", depth: 4, parent_type: "VariableDeclarator"}, location: %{depth: 4, end_column: 40, end_line: 2, start_line: 2, start_column: 13}, severity: "high", pattern_id: "js-ldap-injection", pattern_name: "LDAP Injection", recommendation: "Review this code for potential security issues", confidence: 0.35, pattern_type: :ldap_injection, min_confidence: 0.8}
14:25:39.184 [debug] Match confidence: 0.35, min_confidence: 0.8, match: %{type: "js-ldap-injection", context: %{node_type: "CallExpression", depth: 4, parent_type: "VariableDeclarator"}, location: %{depth: 4, end_column: 37, end_line: 3, start_line: 3, start_column: 15}, severity: "high", pattern_id: "js-ldap-injection", pattern_name: "LDAP Injection", recommendation: "Review this code for potential security issues", confidence: 0.35, pattern_type: :ldap_injection, min_confidence: 0.8}
14:25:39.184 [debug] Match confidence: 0.35, min_confidence: 0.8, match: %{type: "js-xpath-injection", context: %{node_type: "CallExpression", depth: 4, parent_type: "VariableDeclarator"}, location: %{depth: 4, end_column: 32, end_line: 1, start_line: 1, start_column: 15}, severity: "high", pattern_id: "js-xpath-injection", pattern_name: "XPath Injection", recommendation: "Review this code for potential security issues", confidence: 0.35, pattern_type: :xpath_injection, min_confidence: 0.8}
14:25:39.184 [debug] Match confidence: 0.35, min_confidence: 0.8, match: %{type: "js-xpath-injection", context: %{node_type: "CallExpression", depth: 4, parent_type: "VariableDeclarator"}, location: %{depth: 4, end_column: 40, end_line: 2, start_line: 2, start_column: 13}, severity: "high", pattern_id: "js-xpath-injection", pattern_name: "XPath Injection", recommendation: "Review this code for potential security issues", confidence: 0.35, pattern_type: :xpath_injection, min_confidence: 0.8}
14:25:39.184 [debug] Match confidence: 0.35, min_confidence: 0.8, match: %{type: "js-xpath-injection", context: %{node_type: "CallExpression", depth: 4, parent_type: "VariableDeclarator"}, location: %{depth: 4, end_column: 37, end_line: 3, start_line: 3, start_column: 15}, severity: "high", pattern_id: "js-xpath-injection", pattern_name: "XPath Injection", recommendation: "Review this code for potential security issues", confidence: 0.35, pattern_type: :xpath_injection, min_confidence: 0.8}
14:25:39.184 [debug] Match confidence: 0.35, min_confidence: 0.7, match: %{type: "js-ssrf", context: %{node_type: "CallExpression", depth: 4, parent_type: "VariableDeclarator"}, location: %{depth: 4, end_column: 32, end_line: 1, start_line: 1, start_column: 15}, severity: "medium", pattern_id: "js-ssrf", pattern_name: "Server-Side Request Forgery (SSRF)", recommendation: "Review this code for potential security issues", confidence: 0.35, pattern_type: :ssrf, min_confidence: 0.7}
14:25:39.184 [debug] Match confidence: 0.35, min_confidence: 0.7, match: %{type: "js-ssrf", context: %{node_type: "CallExpression", depth: 4, parent_type: "VariableDeclarator"}, location: %{depth: 4, end_column: 40, end_line: 2, start_line: 2, start_column: 13}, severity: "medium", pattern_id: "js-ssrf", pattern_name: "Server-Side Request Forgery (SSRF)", recommendation: "Review this code for potential security issues", confidence: 0.35, pattern_type: :ssrf, min_confidence: 0.7}
14:25:39.184 [debug] Match confidence: 0.35, min_confidence: 0.7, match: %{type: "js-ssrf", context: %{node_type: "CallExpression", depth: 4, parent_type: "VariableDeclarator"}, location: %{depth: 4, end_column: 37, end_line: 3, start_line: 3, start_column: 15}, severity: "medium", pattern_id: "js-ssrf", pattern_name: "Server-Side Request Forgery (SSRF)", recommendation: "Review this code for potential security issues", confidence: 0.35, pattern_type: :ssrf, min_confidence: 0.7}
14:25:39.184 [debug] Match confidence: 0.75, min_confidence: 0.8, match: %{type: "js-insecure-deserialization", context: %{node_type: "CallExpression", depth: 4, parent_type: "VariableDeclarator"}, location: %{depth: 4, end_column: 32, end_line: 1, start_line: 1, start_column: 15}, severity: "medium", pattern_id: "js-insecure-deserialization", pattern_name: "Insecure Deserialization", recommendation: "Review this code for potential security issues", confidence: 0.75, pattern_type: :deserialization, min_confidence: 0.8}
14:25:39.184 [debug] Match confidence: 0.75, min_confidence: 0.8, match: %{type: "js-insecure-deserialization", context: %{node_type: "CallExpression", depth: 4, parent_type: "VariableDeclarator"}, location: %{depth: 4, end_column: 40, end_line: 2, start_line: 2, start_column: 13}, severity: "medium", pattern_id: "js-insecure-deserialization", pattern_name: "Insecure Deserialization", recommendation: "Review this code for potential security issues", confidence: 0.75, pattern_type: :deserialization, min_confidence: 0.8}
14:25:39.184 [debug] Match confidence: 0.75, min_confidence: 0.8, match: %{type: "js-insecure-deserialization", context: %{node_type: "CallExpression", depth: 4, parent_type: "VariableDeclarator"}, location: %{depth: 4, end_column: 37, end_line: 3, start_line: 3, start_column: 15}, severity: "medium", pattern_id: "js-insecure-deserialization", pattern_name: "Insecure Deserialization", recommendation: "Review this code for potential security issues", confidence: 0.75, pattern_type: :deserialization, min_confidence: 0.8}
.14:25:39.259 [debug] Parser response received
14:25:39.260 [info] AnalysisService: Loaded 30 patterns for javascript
14:25:39.261 [info] AnalysisService: Found 7 matches
14:25:39.261 [debug] Match confidence: 0.6, min_confidence: 0.7, match: %{type: "js-xss-jquery-html", context: %{node_type: "CallExpression", depth: 3, parent_type: "ExpressionStatement"}, location: %{depth: 3, end_column: 33, end_line: 2, start_line: 2, start_column: 0}, severity: "high", pattern_id: "js-xss-jquery-html", pattern_name: "XSS via jQuery html()", recommendation: "Review this code for potential security issues", confidence: 0.6, pattern_type: :xss, min_confidence: 0.7}
14:25:39.261 [debug] Match confidence: 0.5, min_confidence: 0.7, match: %{type: "js-path-traversal-concat", context: %{node_type: "BinaryExpression", depth: 4, parent_type: "CallExpression", argument_position: 0}, location: %{depth: 4, end_column: 32, end_line: 2, start_line: 2, start_column: 12}, severity: "medium", pattern_id: "js-path-traversal-concat", pattern_name: "Path Traversal via String Concatenation", recommendation: "Review this code for potential security issues", confidence: 0.5, pattern_type: :path_traversal, min_confidence: 0.7}
.14:25:39.261 [debug] Match confidence: 0.3, min_confidence: 0.7, match: %{type: "js-nosql-injection", context: %{node_type: "CallExpression", depth: 3, parent_type: "ExpressionStatement"}, location: %{depth: 3, end_column: 33, end_line: 2, start_line: 2, start_column: 0}, severity: "high", pattern_id: "js-nosql-injection", pattern_name: "NoSQL Injection", recommendation: "Review this code for potential security issues", confidence: 0.3, pattern_type: :nosql_injection, min_confidence: 0.7}
14:25:39.261 [debug] Match confidence: 0.3, min_confidence: 0.8, match: %{type: "js-ldap-injection", context: %{node_type: "CallExpression", depth: 3, parent_type: "ExpressionStatement"}, location: %{depth: 3, end_column: 33, end_line: 2, start_line: 2, start_column: 0}, severity: "high", pattern_id: "js-ldap-injection", pattern_name: "LDAP Injection", recommendation: "Review this code for potential security issues", confidence: 0.3, pattern_type: :ldap_injection, min_confidence: 0.8}
14:25:39.261 [debug] Match confidence: 0.3, min_confidence: 0.8, match: %{type: "js-xpath-injection", context: %{node_type: "CallExpression", depth: 3, parent_type: "ExpressionStatement"}, location: %{depth: 3, end_column: 33, end_line: 2, start_line: 2, start_column: 0}, severity: "high", pattern_id: "js-xpath-injection", pattern_name: "XPath Injection", recommendation: "Review this code for potential security issues", confidence: 0.3, pattern_type: :xpath_injection, min_confidence: 0.8}
14:25:39.261 [debug] Match confidence: 0.3, min_confidence: 0.7, match: %{type: "js-ssrf", context: %{node_type: "CallExpression", depth: 3, parent_type: "ExpressionStatement"}, location: %{depth: 3, end_column: 33, end_line: 2, start_line: 2, start_column: 0}, severity: "medium", pattern_id: "js-ssrf", pattern_name: "Server-Side Request Forgery (SSRF)", recommendation: "Review this code for potential security issues", confidence: 0.3, pattern_type: :ssrf, min_confidence: 0.7}
14:25:39.261 [debug] Match confidence: 0.7, min_confidence: 0.8, match: %{type: "js-insecure-deserialization", context: %{node_type: "CallExpression", depth: 3, parent_type: "ExpressionStatement"}, location: %{depth: 3, end_column: 33, end_line: 2, start_line: 2, start_column: 0}, severity: "medium", pattern_id: "js-insecure-deserialization", pattern_name: "Insecure Deserialization", recommendation: "Review this code for potential security issues", confidence: 0.7, pattern_type: :deserialization, min_confidence: 0.8}
.....14:25:39.262 [debug] QUERY OK source="customers" db=0.1ms
INSERT INTO "customers" ("active","name","metadata","email","is_staff","subscription_plan","monthly_limit","current_usage","fixes_quota_this_month","fixes_used_this_month","has_payment_method","rollover_fixes","subscription_status","trial_fixes_limit","trial_fixes_used","inserted_at","updated_at") VALUES ($1,$2,$3,$4,$5,$6,$7,$8,$9,$10,$11,$12,$13,$14,$15,$16,$17) RETURNING "id" [true, "Test Customer 11788", %{}, "test11788@example.com", false, "trial", 100, 0, 0, 0, false, 0, "active", 5, 0, ~N[2025-09-11 20:25:39], ~N[2025-09-11 20:25:39]]
14:25:39.262 [debug] QUERY OK source="forge_accounts" db=0.0ms
INSERT INTO "forge_accounts" ("metadata","namespace","customer_id","forge_type","verified_at","inserted_at","updated_at") VALUES ($1,$2,$3,$4,$5,$6,$7) RETURNING "id" [%{}, "test-org", 72171, :github, ~U[2025-09-11 20:25:39.262075Z], ~U[2025-09-11 20:25:39.262083Z], ~U[2025-09-11 20:25:39.262083Z]]
.14:25:39.262 [debug] QUERY OK source="customers" db=0.0ms
INSERT INTO "customers" ("active","name","metadata","email","is_staff","subscription_plan","monthly_limit","current_usage","fixes_quota_this_month","fixes_used_this_month","has_payment_method","rollover_fixes","subscription_status","trial_fixes_limit","trial_fixes_used","inserted_at","updated_at") VALUES ($1,$2,$3,$4,$5,$6,$7,$8,$9,$10,$11,$12,$13,$14,$15,$16,$17) RETURNING "id" [true, "Test Customer 11916", %{}, "test11916@example.com", false, "trial", 100, 0, 0, 0, false, 0, "active", 5, 0, ~N[2025-09-11 20:25:39], ~N[2025-09-11 20:25:39]]
14:25:39.262 [debug] QUERY OK source="forge_accounts" db=0.0ms
INSERT INTO "forge_accounts" ("metadata","namespace","customer_id","forge_type","verified_at","inserted_at","updated_at") VALUES ($1,$2,$3,$4,$5,$6,$7) RETURNING "id" [%{}, "test-org", 72172, :github, ~U[2025-09-11 20:25:39.262487Z], ~U[2025-09-11 20:25:39.262493Z], ~U[2025-09-11 20:25:39.262493Z]]
.14:25:39.263 [debug] QUERY OK source="customers" db=0.1ms
INSERT INTO "customers" ("active","name","metadata","email","is_staff","subscription_plan","monthly_limit","current_usage","fixes_quota_this_month","fixes_used_this_month","has_payment_method","rollover_fixes","subscription_status","trial_fixes_limit","trial_fixes_used","inserted_at","updated_at") VALUES ($1,$2,$3,$4,$5,$6,$7,$8,$9,$10,$11,$12,$13,$14,$15,$16,$17) RETURNING "id" [true, "Test Customer 28038", %{}, "test28038@example.com", false, "trial", 100, 0, 0, 0, false, 0, "active", 5, 0, ~N[2025-09-11 20:25:39], ~N[2025-09-11 20:25:39]]
14:25:39.263 [debug] QUERY OK source="forge_accounts" db=0.1ms
INSERT INTO "forge_accounts" ("metadata","namespace","customer_id","forge_type","verified_at","inserted_at","updated_at") VALUES ($1,$2,$3,$4,$5,$6,$7) RETURNING "id" [%{}, "test-org", 72173, :github, ~U[2025-09-11 20:25:39.263066Z], ~U[2025-09-11 20:25:39.263074Z], ~U[2025-09-11 20:25:39.263074Z]]
.14:25:39.263 [debug] QUERY OK source="customers" db=0.1ms
INSERT INTO "customers" ("active","name","metadata","email","is_staff","subscription_plan","monthly_limit","current_usage","fixes_quota_this_month","fixes_used_this_month","has_payment_method","rollover_fixes","subscription_status","trial_fixes_limit","trial_fixes_used","inserted_at","updated_at") VALUES ($1,$2,$3,$4,$5,$6,$7,$8,$9,$10,$11,$12,$13,$14,$15,$16,$17) RETURNING "id" [true, "Test Customer 12044", %{}, "test12044@example.com", false, "trial", 100, 0, 0, 0, false, 0, "active", 5, 0, ~N[2025-09-11 20:25:39], ~N[2025-09-11 20:25:39]]
14:25:39.263 [debug] QUERY OK source="forge_accounts" db=0.1ms
INSERT INTO "forge_accounts" ("metadata","namespace","customer_id","forge_type","verified_at","inserted_at","updated_at") VALUES ($1,$2,$3,$4,$5,$6,$7) RETURNING "id" [%{}, "test-org", 72174, :github, ~U[2025-09-11 20:25:39.263685Z], ~U[2025-09-11 20:25:39.263691Z], ~U[2025-09-11 20:25:39.263691Z]]
.14:25:39.264 [debug] QUERY OK source="customers" db=0.1ms
INSERT INTO "customers" ("active","name","metadata","email","is_staff","subscription_plan","monthly_limit","current_usage","fixes_quota_this_month","fixes_used_this_month","has_payment_method","rollover_fixes","subscription_status","trial_fixes_limit","trial_fixes_used","inserted_at","updated_at") VALUES ($1,$2,$3,$4,$5,$6,$7,$8,$9,$10,$11,$12,$13,$14,$15,$16,$17) RETURNING "id" [true, "Test Customer 28166", %{}, "test28166@example.com", false, "trial", 100, 0, 0, 0, false, 0, "active", 5, 0, ~N[2025-09-11 20:25:39], ~N[2025-09-11 20:25:39]]
14:25:39.264 [debug] QUERY OK source="forge_accounts" db=0.1ms
INSERT INTO "forge_accounts" ("metadata","namespace","customer_id","forge_type","verified_at","inserted_at","updated_at") VALUES ($1,$2,$3,$4,$5,$6,$7) RETURNING "id" [%{}, "test-org", 72175, :github, ~U[2025-09-11 20:25:39.264264Z], ~U[2025-09-11 20:25:39.264271Z], ~U[2025-09-11 20:25:39.264271Z]]
.14:25:39.264 [debug] QUERY OK source="customers" db=0.0ms
INSERT INTO "customers" ("active","name","metadata","email","is_staff","subscription_plan","monthly_limit","current_usage","fixes_quota_this_month","fixes_used_this_month","has_payment_method","rollover_fixes","subscription_status","trial_fixes_limit","trial_fixes_used","inserted_at","updated_at") VALUES ($1,$2,$3,$4,$5,$6,$7,$8,$9,$10,$11,$12,$13,$14,$15,$16,$17) RETURNING "id" [true, "Test Customer 12172", %{}, "test12172@example.com", false, "trial", 100, 0, 0, 0, false, 0, "active", 5, 0, ~N[2025-09-11 20:25:39], ~N[2025-09-11 20:25:39]]
14:25:39.264 [debug] QUERY OK source="forge_accounts" db=0.0ms
INSERT INTO "forge_accounts" ("metadata","namespace","customer_id","forge_type","verified_at","inserted_at","updated_at") VALUES ($1,$2,$3,$4,$5,$6,$7) RETURNING "id" [%{}, "test-org", 72176, :github, ~U[2025-09-11 20:25:39.264698Z], ~U[2025-09-11 20:25:39.264703Z], ~U[2025-09-11 20:25:39.264703Z]]
14:25:39.264 [debug] QUERY OK source="customers" db=0.0ms
INSERT INTO "customers" ("active","name","metadata","email","is_staff","subscription_plan","monthly_limit","current_usage","fixes_quota_this_month","fixes_used_this_month","has_payment_method","rollover_fixes","subscription_status","trial_fixes_limit","trial_fixes_used","inserted_at","updated_at") VALUES ($1,$2,$3,$4,$5,$6,$7,$8,$9,$10,$11,$12,$13,$14,$15,$16,$17) RETURNING "id" [true, "Test Customer 12300", %{}, "test12300@example.com", false, "trial", 100, 0, 0, 0, false, 0, "active", 5, 0, ~N[2025-09-11 20:25:39], ~N[2025-09-11 20:25:39]]
14:25:39.265 [debug] QUERY OK source="forge_accounts" db=0.0ms
INSERT INTO "forge_accounts" ("metadata","namespace","customer_id","forge_type","verified_at","inserted_at","updated_at") VALUES ($1,$2,$3,$4,$5,$6,$7) RETURNING "id" [%{}, "test-org", 72177, :github, ~U[2025-09-11 20:25:39.264958Z], ~U[2025-09-11 20:25:39.264962Z], ~U[2025-09-11 20:25:39.264962Z]]
.*14:25:39.265 [debug] QUERY OK source="api_keys" db=0.0ms
SELECT a0."id", a0."key", a0."name", a0."permissions", a0."active", a0."last_used_at", a0."expires_at", a0."customer_id", a0."inserted_at", a0."updated_at" FROM "api_keys" AS a0 WHERE ((a0."key" = $1) AND (a0."active" = $2)) ["random_key_xyz", true]
14:25:39.265 [debug] QUERY OK source="api_keys" db=0.0ms
SELECT a0."id", a0."key", a0."name", a0."permissions", a0."active", a0."last_used_at", a0."expires_at", a0."customer_id", a0."inserted_at", a0."updated_at" FROM "api_keys" AS a0 WHERE ((a0."key" = $1) AND (a0."active" = $2)) ["", true]
.14:25:39.265 [debug] QUERY OK source="customers" db=0.0ms
INSERT INTO "customers" ("active","name","metadata","email","is_staff","subscription_plan","monthly_limit","current_usage","fixes_quota_this_month","fixes_used_this_month","has_payment_method","rollover_fixes","subscription_status","trial_fixes_limit","trial_fixes_used","inserted_at","updated_at") VALUES ($1,$2,$3,$4,$5,$6,$7,$8,$9,$10,$11,$12,$13,$14,$15,$16,$17) RETURNING "id" [false, "Inactive Customer", %{}, "inactive@example.com", false, "trial", 100, 0, 0, 0, false, 0, "active", 5, 0, ~N[2025-09-11 20:25:39], ~N[2025-09-11 20:25:39]]
14:25:39.266 [debug] QUERY OK source="api_keys" db=0.0ms
INSERT INTO "api_keys" ("active","name","permissions","key","customer_id","inserted_at","updated_at") VALUES ($1,$2,$3,$4,$5,$6,$7) RETURNING "id" [true, "Test API Key", ["full_access"], "rsolv_wr0baRDAyIIBDHMcFxw1O81J0FcMIVPZvyM3MyjG8hU", 72178, ~U[2025-09-11 20:25:39Z], ~U[2025-09-11 20:25:39Z]]
14:25:39.266 [debug] QUERY OK source="api_keys" db=0.0ms
SELECT a0."id", a0."key", a0."name", a0."permissions", a0."active", a0."last_used_at", a0."expires_at", a0."customer_id", a0."inserted_at", a0."updated_at" FROM "api_keys" AS a0 WHERE ((a0."key" = $1) AND (a0."active" = $2)) ["rsolv_wr0baRDAyIIBDHMcFxw1O81J0FcMIVPZvyM3MyjG8hU", true]
14:25:39.266 [debug] QUERY OK source="customers" db=0.0ms
SELECT c0."id", c0."name", c0."email", c0."monthly_limit", c0."current_usage", c0."active", c0."metadata", c0."password_hash", c0."is_staff", c0."admin_level", c0."trial_fixes_used", c0."trial_fixes_limit", c0."stripe_customer_id", c0."subscription_plan", c0."subscription_status", c0."rollover_fixes", c0."payment_method_added_at", c0."trial_expired_at", c0."fixes_used_this_month", c0."fixes_quota_this_month", c0."has_payment_method", c0."inserted_at", c0."updated_at" FROM "customers" AS c0 WHERE (c0."id" = $1) [72178]
.14:25:39.266 [debug] QUERY OK source="customers" db=0.0ms
INSERT INTO "customers" ("active","name","metadata","email","is_staff","subscription_plan","monthly_limit","current_usage","fixes_quota_this_month","fixes_used_this_month","has_payment_method","rollover_fixes","subscription_status","trial_fixes_limit","trial_fixes_used","inserted_at","updated_at") VALUES ($1,$2,$3,$4,$5,$6,$7,$8,$9,$10,$11,$12,$13,$14,$15,$16,$17) RETURNING "id" [true, "Test Customer", %{"flags" => ["ai_access", "enterprise_access"]}, "test@example.com", false, "enterprise", 100, 0, 0, 0, false, 0, "active", 5, 0, ~N[2025-09-11 20:25:39], ~N[2025-09-11 20:25:39]]
14:25:39.266 [debug] QUERY OK source="api_keys" db=0.0ms
INSERT INTO "api_keys" ("active","name","permissions","key","customer_id","inserted_at","updated_at") VALUES ($1,$2,$3,$4,$5,$6,$7) RETURNING "id" [true, "Test API Key", ["full_access"], "rsolv_BvbOPOWny-xv1xontQcui3bTa5V7MPGR3CcLBd7em8g", 72179, ~U[2025-09-11 20:25:39Z], ~U[2025-09-11 20:25:39Z]]
14:25:39.266 [debug] QUERY OK source="api_keys" db=0.0ms
SELECT a0."id", a0."key", a0."name", a0."permissions", a0."active", a0."last_used_at", a0."expires_at", a0."customer_id", a0."inserted_at", a0."updated_at" FROM "api_keys" AS a0 WHERE ((a0."key" = $1) AND (a0."active" = $2)) ["rsolv_BvbOPOWny-xv1xontQcui3bTa5V7MPGR3CcLBd7em8g", true]
14:25:39.266 [debug] QUERY OK source="customers" db=0.0ms
SELECT c0."id", c0."name", c0."email", c0."monthly_limit", c0."current_usage", c0."active", c0."metadata", c0."password_hash", c0."is_staff", c0."admin_level", c0."trial_fixes_used", c0."trial_fixes_limit", c0."stripe_customer_id", c0."subscription_plan", c0."subscription_status", c0."rollover_fixes", c0."payment_method_added_at", c0."trial_expired_at", c0."fixes_used_this_month", c0."fixes_quota_this_month", c0."has_payment_method", c0."inserted_at", c0."updated_at" FROM "customers" AS c0 WHERE (c0."id" = $1) [72179]
...................********14:25:39.267 [debug] QUERY OK source="feedback_entries" db=0.0ms queue=0.1ms
INSERT INTO "feedback_entries" ("metadata","source","tags","email","content","rating","inserted_at","updated_at") VALUES ($1,$2,$3,$4,$5,$6,$7,$8) RETURNING "id" [%{}, "test", [], "user1@example.com", %{}, 5, ~N[2025-09-11 20:25:39], ~N[2025-09-11 20:25:39]]
14:25:39.267 [debug] QUERY OK source="feedback_entries" db=0.0ms
INSERT INTO "feedback_entries" ("metadata","source","tags","email","content","rating","inserted_at","updated_at") VALUES ($1,$2,$3,$4,$5,$6,$7,$8) RETURNING "id" [%{}, "test", [], "user2@example.com", %{}, 4, ~N[2025-09-11 20:25:39], ~N[2025-09-11 20:25:39]]
14:25:39.268 [debug] QUERY OK source="feedback_entries" db=0.0ms
INSERT INTO "feedback_entries" ("metadata","source","tags","email","content","rating","inserted_at","updated_at") VALUES ($1,$2,$3,$4,$5,$6,$7,$8) RETURNING "id" [%{}, "test", [], "user3@example.com", %{}, 5, ~N[2025-09-11 20:25:39], ~N[2025-09-11 20:25:39]]
14:25:39.268 request_id=GGRUNI1diLHiqasAAC-N [info] GET /api/feedback/stats
14:25:39.268 request_id=GGRUNI1diLHiqasAAC-N [debug] Processing with RsolvWeb.API.FeedbackController.stats/2
  Parameters: %{}
  Pipelines: [:api]
14:25:39.270 request_id=GGRUNI1diLHiqasAAC-N [debug] QUERY OK source="feedback_entries" db=0.2ms
SELECT count(f0."id") FROM "feedback_entries" AS f0 []
14:25:39.270 request_id=GGRUNI1diLHiqasAAC-N [debug] QUERY OK source="feedback_entries" db=0.1ms
SELECT f0."id", f0."email", f0."message", f0."rating", f0."tags", f0."source", f0."content", f0."metadata", f0."inserted_at", f0."updated_at" FROM "feedback_entries" AS f0 ORDER BY f0."inserted_at" DESC LIMIT $1 [10]
14:25:39.270 request_id=GGRUNI1diLHiqasAAC-N [debug] QUERY OK source="feedback_entries" db=0.0ms
SELECT f0."id", f0."email", f0."message", f0."rating", f0."tags", f0."source", f0."content", f0."metadata", f0."inserted_at", f0."updated_at" FROM "feedback_entries" AS f0 []
14:25:39.272 request_id=GGRUNI1diLHiqasAAC-N [info] Sent 200 in 4ms
.14:25:39.272 request_id=GGRUNI2fbwkWK3YAAIMB [info] POST /api/feedback
14:25:39.272 request_id=GGRUNI2fbwkWK3YAAIMB [debug] Processing with RsolvWeb.API.FeedbackController.create/2
  Parameters: %{"email" => "invalid"}
  Pipelines: [:api]
14:25:39.272 request_id=GGRUNI2fbwkWK3YAAIMB [info] Received feedback submission
14:25:39.272 request_id=GGRUNI2fbwkWK3YAAIMB [info] Sent 422 in 98µs
.14:25:39.272 [debug] QUERY OK source="feedback_entries" db=0.1ms queue=0.1ms
INSERT INTO "feedback_entries" ("message","metadata","source","tags","email","content","inserted_at","updated_at") VALUES ($1,$2,$3,$4,$5,$6,$7,$8) RETURNING "id" ["Test feedback", %{}, "test", [], "test@example.com", %{}, ~N[2025-09-11 20:25:39], ~N[2025-09-11 20:25:39]]
14:25:39.273 request_id=GGRUNI2yne-ExesAAIOB [info] GET /api/feedback/15884
14:25:39.273 request_id=GGRUNI2yne-ExesAAIOB [debug] Processing with RsolvWeb.API.FeedbackController.show/2
  Parameters: %{"id" => "15884"}
  Pipelines: [:api]
14:25:39.273 request_id=GGRUNI2yne-ExesAAIOB [debug] QUERY OK source="feedback_entries" db=0.1ms
SELECT f0."id", f0."email", f0."message", f0."rating", f0."tags", f0."source", f0."content", f0."metadata", f0."inserted_at", f0."updated_at" FROM "feedback_entries" AS f0 WHERE (f0."id" = $1) [15884]
14:25:39.273 request_id=GGRUNI2yne-ExesAAIOB [info] Sent 200 in 287µs
.14:25:39.274 request_id=GGRUNI27Vp7gPoQAAIQB [info] POST /api/feedback
14:25:39.274 request_id=GGRUNI27Vp7gPoQAAIQB [debug] Processing with RsolvWeb.API.FeedbackController.create/2
  Parameters: %{"email" => "test@example.com", "message" => "Great product!", "rating" => 5, "tags" => ["ui", "performance"]}
  Pipelines: [:api]
14:25:39.274 request_id=GGRUNI27Vp7gPoQAAIQB [info] Received feedback submission
14:25:39.274 request_id=GGRUNI27Vp7gPoQAAIQB [debug] QUERY OK source="feedback_entries" db=0.1ms queue=0.1ms
INSERT INTO "feedback_entries" ("message","metadata","source","tags","email","content","rating","inserted_at","updated_at") VALUES ($1,$2,$3,$4,$5,$6,$7,$8,$9) RETURNING "id" ["Great product!", %{}, "api", ["ui", "performance"], "test@example.com", %{}, 5, ~N[2025-09-11 20:25:39], ~N[2025-09-11 20:25:39]]
14:25:39.274 request_id=GGRUNI27Vp7gPoQAAIQB [info] Sent 201 in 368µs
.14:25:39.274 [debug] QUERY OK source="feedback_entries" db=0.0ms
INSERT INTO "feedback_entries" ("message","metadata","source","tags","email","content","inserted_at","updated_at") VALUES ($1,$2,$3,$4,$5,$6,$7,$8) RETURNING "id" ["Feedback 1", %{}, "test", [], "user1@example.com", %{}, ~N[2025-09-11 20:25:39], ~N[2025-09-11 20:25:39]]
14:25:39.275 [debug] QUERY OK source="feedback_entries" db=0.0ms
INSERT INTO "feedback_entries" ("message","metadata","source","tags","email","content","inserted_at","updated_at") VALUES ($1,$2,$3,$4,$5,$6,$7,$8) RETURNING "id" ["Feedback 2", %{}, "test", [], "user2@example.com", %{}, ~N[2025-09-11 20:25:39], ~N[2025-09-11 20:25:39]]
14:25:39.275 request_id=GGRUNI3IqzrMhPEAAISB [info] GET /api/feedback
14:25:39.275 request_id=GGRUNI3IqzrMhPEAAISB [debug] Processing with RsolvWeb.API.FeedbackController.index/2
  Parameters: %{}
  Pipelines: [:api]
14:25:39.275 request_id=GGRUNI3IqzrMhPEAAISB [debug] QUERY OK source="feedback_entries" db=0.0ms
SELECT f0."id", f0."email", f0."message", f0."rating", f0."tags", f0."source", f0."content", f0."metadata", f0."inserted_at", f0."updated_at" FROM "feedback_entries" AS f0 []
14:25:39.275 request_id=GGRUNI3IqzrMhPEAAISB [info] Sent 200 in 185µs
.14:25:39.275 request_id=GGRUNI3OIrcLwF8AADCL [info] POST /api/feedback
14:25:39.275 request_id=GGRUNI3OIrcLwF8AADCL [debug] Processing with RsolvWeb.API.FeedbackController.create/2
  Parameters: %{"content" => "Content field test", "email" => "test@example.com", "rating" => 5, "tags" => ["ui", "performance"]}
  Pipelines: [:api]
14:25:39.275 request_id=GGRUNI3OIrcLwF8AADCL [info] Received feedback submission
14:25:39.275 request_id=GGRUNI3OIrcLwF8AADCL [debug] QUERY OK source="feedback_entries" db=0.1ms
INSERT INTO "feedback_entries" ("message","metadata","source","tags","email","content","rating","inserted_at","updated_at") VALUES ($1,$2,$3,$4,$5,$6,$7,$8,$9) RETURNING "id" ["Content field test", %{}, "api", ["ui", "performance"], "test@example.com", %{}, 5, ~N[2025-09-11 20:25:39], ~N[2025-09-11 20:25:39]]
14:25:39.275 request_id=GGRUNI3OIrcLwF8AADCL [info] Sent 201 in 360µs
.14:25:39.276 request_id=GGRUNI3Ws84HmB4AADAN [info] GET /api/feedback/999999
14:25:39.276 request_id=GGRUNI3Ws84HmB4AADAN [debug] Processing with RsolvWeb.API.FeedbackController.show/2
  Parameters: %{"id" => "999999"}
  Pipelines: [:api]
14:25:39.276 request_id=GGRUNI3Ws84HmB4AADAN [debug] QUERY OK source="feedback_entries" db=0.3ms
SELECT f0."id", f0."email", f0."message", f0."rating", f0."tags", f0."source", f0."content", f0."metadata", f0."inserted_at", f0."updated_at" FROM "feedback_entries" AS f0 WHERE (f0."id" = $1) [999999]
14:25:39.279 request_id=GGRUNI3Ws84HmB4AADAN [info] Sent 404 in 3ms
.......14:25:39.280 request_id=GGRUNI4YY5a5_xAAAECD [info] GET /sitemap.xml
14:25:39.280 request_id=GGRUNI4YY5a5_xAAAECD [debug] Processing with RsolvWeb.SitemapController.index/2
  Parameters: %{}
  Pipelines: [:browser]
14:25:39.293 request_id=GGRUNI4YY5a5_xAAAECD [debug] QUERY OK source="fun_with_flags_toggles" db=0.0ms
SELECT f0."id", f0."flag_name", f0."gate_type", f0."target", f0."enabled" FROM "fun_with_flags_toggles" AS f0 WHERE (f0."flag_name" = $1) ["display_draft_blog_posts"]
14:25:39.293 request_id=GGRUNI4YY5a5_xAAAECD [debug] Telemetry event: [:fun_with_flags, :persistence, :read], metadata: %{flag_name: :display_draft_blog_posts, gate: nil}, measurements: %{system_time: 1757622339293358912}
14:25:39.293 request_id=GGRUNI4YY5a5_xAAAECD [info] Sent 200 in 13ms
.14:25:39.293 request_id=GGRUNI7kkeiKrRAAAEED [info] GET /sitemap.xml
14:25:39.293 request_id=GGRUNI7kkeiKrRAAAEED [debug] Processing with RsolvWeb.SitemapController.index/2
  Parameters: %{}
  Pipelines: [:browser]
14:25:39.305 request_id=GGRUNI7kkeiKrRAAAEED [debug] QUERY OK source="fun_with_flags_toggles" db=0.0ms
SELECT f0."id", f0."flag_name", f0."gate_type", f0."target", f0."enabled" FROM "fun_with_flags_toggles" AS f0 WHERE (f0."flag_name" = $1) ["display_draft_blog_posts"]
14:25:39.305 request_id=GGRUNI7kkeiKrRAAAEED [debug] Telemetry event: [:fun_with_flags, :persistence, :read], metadata: %{flag_name: :display_draft_blog_posts, gate: nil}, measurements: %{system_time: 1757622339305586646}
14:25:39.305 request_id=GGRUNI7kkeiKrRAAAEED [info] Sent 200 in 11ms
.14:25:39.306 [info] [EMAIL] send_early_access_welcome_email called
14:25:39.306 [info] [EMAIL DEBUG] Full email struct before sending
14:25:39.306 [info] [EMAIL DEBUG] Extracted recipient email
14:25:39.306 [info] [EMAIL DEBUG] Postmark configuration
14:25:39.306 [info] [EMAIL DEBUG] Email configuration
14:25:39.306 [info] [EMAIL] Attempting to send email via Postmark
14:25:39.306 [debug] Sending email with Bamboo.TestAdapter:

%Bamboo.Email{from: {"RSOLV Team", "support@rsolv.dev"}, to: [nil: "content@example.com"], cc: [], bcc: [], subject: "Welcome to RSOLV Early Access Program", html_body: "<div style=\"font-family: 'Helvetica Neue', Helvetica, Arial, sans-serif; max-width: 600px; margin: 0 auto; padding: 20px;\">\n  <h1 style=\"color: #2C3E50; margin-bottom: 20px;\">Welcome to RSOLV Early Access Program!</h1>\n\n  <p>Hi ContentUser,</p>\n\n  <p>Thank you for joining our Early Access Program! You're now part of an exclusive group getting first access to RSOLV.</p>\n\n  <p>Here's what you need to know:</p>\n\n  <ul>\n    <li>You have full access to all current features</li>\n    <li>Your feedback is incredibly valuable to us during this phase</li>\n    <li>You'll receive priority support via email</li>\n  </ul>\n\n  <p>To get started with RSOLV:</p>\n\n  <ol>\n    <li><strong>Your API key will be sent in a follow-up email within 24 hours</strong></li>\n    <li>Once you receive your API key, install our GitHub Action (code below)</li>\n    <li>Set up your repository secrets with your API key</li>\n    <li>Tag your first issues with \"rsolv:automate\"</li>\n  </ol>\n\n  <div style=\"background-color: #fff3cd; border: 1px solid #ffeaa7; color: #856404; padding: 10px; border-radius: 5px; margin: 15px 0;\">\n    <strong>⏳ API Key Coming Soon:</strong> We'll send your personal API key within 24 hours. Look for an email with subject \"Your RSOLV API Key\".\n  </div>\n\n  <div style=\"background-color: #f8f9fa; padding: 15px; border-radius: 5px; margin: 20px 0;\">\n    <pre style=\"margin: 0; overflow-x: auto; white-space: pre-wrap; font-family: monospace;\">name: RSOLV AutoFix\non:\n  issues:\n    types: [opened, edited, labeled]\n\njobs:\n  autofix:\n    runs-on: ubuntu-latest\n    if: contains(github.event.issue.labels.*.name, 'rsolv:automate')\n    steps:\n      - uses: RSOLV-dev/rsolv-action@v1\n        with:\n          github-token: ${{ secrets.GITHUB_TOKEN }}\n          rsolv-api-key: ${{ secrets.RSOLV_API_KEY }}</pre>\n  </div>\n\n  <p>Need help? As an Early Access member, you have priority support - contact us at <a href=\"mailto:support@rsolv.dev\">support@rsolv.dev</a> and we'll personally assist you.</p>\n\n  <p>Your trial includes unlimited automated fixes during the Early Access period.</p>\n\n  <div style=\"margin-top: 30px; padding: 15px; border: 1px solid #e0e0e0; border-radius: 5px; background-color: #f9f9f9;\">\n    <h3 style=\"margin-top: 0; color: #2C3E50;\">Early Access Program Benefits</h3>\n    <ul>\n      <li>Unlimited usage during Early Access</li>\n      <li>Priority support and feature requests</li>\n      <li>Exclusive pricing when we launch</li>\n      <li>Direct access to our development team</li>\n    </ul>\n  </div>\n\n  <p>Best,<br>The RSOLV Team</p>\n\n  <div class=\"footer\" style=\"margin-top: 40px; padding-top: 20px; border-top: 1px solid #e0e0e0; font-size: 0.9em; color: #666;\">\n    <p>\n      You're receiving this email because you joined the RSOLV Early Access Program.\n      <br>\n      If you have any questions, simply reply to this email.\n    </p>\n    <p>\n      RSOLV, Inc. • support@rsolv.dev • © 2025\n    </p>\n    <p>\n      <a href=\"https://rsolv.dev/unsubscribe?email=content@example.com\">Unsubscribe</a> from these emails.\n    </p>\n  </div>\n</div>\n", text_body: "Welcome to RSOLV Early Access Program!\n\nHi ContentUser,\n\nThank you for joining our Early Access Program! You're now part of an exclusive group getting first access to RSOLV.\n\nHere's what you need to know:\n- You have full access to all current features\n- Your feedback is incredibly valuable to us during this phase\n- You'll receive priority support via email\n\nTo get started with RSOLV:\n1. Your API key will be sent in a follow-up email within 24 hours\n2. Once you receive your API key, install our GitHub Action\n3. Set up your repository secrets with your API key\n4. Tag your first issues with \"AUTOFIX\"\n\n⏳ API KEY COMING SOON: We'll send your personal API key within 24 hours. Look for an email with subject \"Your RSOLV API Key\".\n\nNeed help? As an Early Access member, you have priority support - contact us at support@rsolv.dev and we'll personally assist you.\n\nYour trial includes unlimited automated fixes during the Early Access period.\n\nEARLY ACCESS PROGRAM BENEFITS:\n* Unlimited usage during Early Access\n* Priority support and feature requests\n* Exclusive pricing when we launch\n* Direct access to our development team\n\nBest,\nThe RSOLV Team\n\n---\nYou're receiving this email because you joined the RSOLV Early Access Program.\nIf you have any questions, simply reply to this email.\n\nRSOLV, Inc. • support@rsolv.dev\n\nTo unsubscribe, visit: https://rsolv.dev/unsubscribe?email=content@example.com\n", headers: %{"X-Postmark-Tag" => "early-access"}, attachments: [], assigns: %{}, private: %{tag: "early-access"}, blocked: false}

14:25:39.306 [info] [EMAIL DEBUG] Raw Postmark response
14:25:39.306 [info] [EMAIL] Email sent successfully via Postmark
.14:25:39.306 [info] [EMAIL] send_welcome_email called
14:25:39.306 [info] [EMAIL DEBUG] Full email struct before sending
14:25:39.306 [info] [EMAIL DEBUG] Extracted recipient email
14:25:39.306 [info] [EMAIL DEBUG] Postmark configuration
14:25:39.306 [info] [EMAIL DEBUG] Email configuration
14:25:39.306 [info] [EMAIL] Attempting to send email via Postmark
14:25:39.306 [debug] Sending email with Bamboo.TestAdapter:

%Bamboo.Email{from: {"RSOLV Team", "support@rsolv.dev"}, to: [nil: "dev@example.com"], cc: [], bcc: [], subject: "Welcome to RSOLV - Let's fix your first issue in 10 minutes", html_body: "<div style=\"font-family: 'Helvetica Neue', Helvetica, Arial, sans-serif; max-width: 600px; margin: 0 auto; padding: 20px;\">\n  <h1 style=\"color: #2C3E50; margin-bottom: 20px;\">Welcome to RSOLV!</h1>\n  \n  <p>Hi there,</p>\n  \n  <p>Thanks for trying RSOLV! You're just a few minutes away from automating away your backlog.</p>\n  \n  <p>Here's how to get started:</p>\n  \n  <ol>\n    <li>Install our GitHub Action (copy & paste the code below)</li>\n    <li>Set up your repository secrets</li>\n    <li>Tag your first issues with \"rsolv:automate\"</li>\n  </ol>\n  \n  <div style=\"background-color: #f8f9fa; padding: 15px; border-radius: 5px; margin: 20px 0;\">\n    <pre style=\"margin: 0; overflow-x: auto; white-space: pre-wrap; font-family: monospace;\">name: RSOLV AutoFix\non:\n  issues:\n    types: [opened, edited, labeled]\n\njobs:\n  autofix:\n    runs-on: ubuntu-latest\n    if: contains(github.event.issue.labels.*.name, 'rsolv:automate')\n    steps:\n      - uses: RSOLV-dev/rsolv-action@v1\n        with:\n          github-token: ${{ secrets.GITHUB_TOKEN }}\n          rsolv-api-key: ${{ secrets.RSOLV_API_KEY }}</pre>\n  </div>\n  \n  <p>Need help? Contact us at <a href=\"mailto:support@rsolv.dev\">support@rsolv.dev</a> and we'll personally assist you.</p>\n  \n  <p>Your first 10 fixes are free! After that, you only pay $15 per fix that gets deployed - no credit card required to start.</p>\n  \n  <p>Best,<br>The RSOLV Team</p>\n  \n  <div class=\"footer\" style=\"margin-top: 40px; padding-top: 20px; border-top: 1px solid #e0e0e0; font-size: 0.9em; color: #666;\">\n    <p>\n      P.S. Here's a <a href=\"https://rsolv.dev/docs/getting-started\">2-minute video walkthrough</a> if you prefer.\n    </p>\n    <p>\n      RSOLV, Inc. • support@rsolv.dev • © 2025\n    </p>\n    <p>\n      <a href=\"https://rsolv.dev/unsubscribe?email=dev@example.com\">Unsubscribe</a> from these emails.\n    </p>\n  </div>\n</div>\n", text_body: "Welcome to RSOLV!\n\nHi there,\n\nThanks for trying RSOLV! You're just a few minutes away from automating away your backlog.\n\nHere's how to get started:\n\n1. Install our GitHub Action (check the HTML version for the code snippet)\n2. Set up your repository secrets\n3. Tag your first issues with \"rsolv:automate\"\n\nNeed help? Contact us at support@rsolv.dev and we'll personally assist you.\n\nYour first 10 fixes are free! After that, you only pay $15 per fix that gets deployed - no credit card required to start.\n\nBest,\nThe RSOLV Team\n\nP.S. Check out our 2-minute video walkthrough at https://rsolv.dev/docs/getting-started\n\n---\nTo unsubscribe, visit: https://rsolv.dev/unsubscribe?email=dev@example.com\n", headers: %{"X-Postmark-Tag" => "welcome"}, attachments: [], assigns: %{}, private: %{tag: "welcome"}, blocked: false}

14:25:39.306 [info] [EMAIL DEBUG] Raw Postmark response
14:25:39.306 [info] [EMAIL] Email sent successfully via Postmark
.14:25:39.307 [info] [EMAIL] send_welcome_email called
14:25:39.307 [info] [EMAIL DEBUG] Full email struct before sending
14:25:39.307 [info] [EMAIL DEBUG] Extracted recipient email
14:25:39.307 [info] [EMAIL DEBUG] Postmark configuration
14:25:39.307 [info] [EMAIL DEBUG] Email configuration
14:25:39.307 [info] [EMAIL] Attempting to send email via Postmark
14:25:39.307 [debug] Sending email with Bamboo.TestAdapter:

%Bamboo.Email{from: {"RSOLV Team", "support@rsolv.dev"}, to: [nil: "test@example.com"], cc: [], bcc: [], subject: "Welcome to RSOLV - Let's fix your first issue in 10 minutes", html_body: "<div style=\"font-family: 'Helvetica Neue', Helvetica, Arial, sans-serif; max-width: 600px; margin: 0 auto; padding: 20px;\">\n  <h1 style=\"color: #2C3E50; margin-bottom: 20px;\">Welcome to RSOLV!</h1>\n  \n  <p>Hi TestUser,</p>\n  \n  <p>Thanks for trying RSOLV! You're just a few minutes away from automating away your backlog.</p>\n  \n  <p>Here's how to get started:</p>\n  \n  <ol>\n    <li>Install our GitHub Action (copy & paste the code below)</li>\n    <li>Set up your repository secrets</li>\n    <li>Tag your first issues with \"rsolv:automate\"</li>\n  </ol>\n  \n  <div style=\"background-color: #f8f9fa; padding: 15px; border-radius: 5px; margin: 20px 0;\">\n    <pre style=\"margin: 0; overflow-x: auto; white-space: pre-wrap; font-family: monospace;\">name: RSOLV AutoFix\non:\n  issues:\n    types: [opened, edited, labeled]\n\njobs:\n  autofix:\n    runs-on: ubuntu-latest\n    if: contains(github.event.issue.labels.*.name, 'rsolv:automate')\n    steps:\n      - uses: RSOLV-dev/rsolv-action@v1\n        with:\n          github-token: ${{ secrets.GITHUB_TOKEN }}\n          rsolv-api-key: ${{ secrets.RSOLV_API_KEY }}</pre>\n  </div>\n  \n  <p>Need help? Contact us at <a href=\"mailto:support@rsolv.dev\">support@rsolv.dev</a> and we'll personally assist you.</p>\n  \n  <p>Your first 10 fixes are free! After that, you only pay $15 per fix that gets deployed - no credit card required to start.</p>\n  \n  <p>Best,<br>The RSOLV Team</p>\n  \n  <div class=\"footer\" style=\"margin-top: 40px; padding-top: 20px; border-top: 1px solid #e0e0e0; font-size: 0.9em; color: #666;\">\n    <p>\n      P.S. Here's a <a href=\"https://rsolv.dev/docs/getting-started\">2-minute video walkthrough</a> if you prefer.\n    </p>\n    <p>\n      RSOLV, Inc. • support@rsolv.dev • © 2025\n    </p>\n    <p>\n      <a href=\"https://rsolv.dev/unsubscribe?email=test@example.com\">Unsubscribe</a> from these emails.\n    </p>\n  </div>\n</div>\n", text_body: "Welcome to RSOLV!\n\nHi TestUser,\n\nThanks for trying RSOLV! You're just a few minutes away from automating away your backlog.\n\nHere's how to get started:\n\n1. Install our GitHub Action (check the HTML version for the code snippet)\n2. Set up your repository secrets\n3. Tag your first issues with \"rsolv:automate\"\n\nNeed help? Contact us at support@rsolv.dev and we'll personally assist you.\n\nYour first 10 fixes are free! After that, you only pay $15 per fix that gets deployed - no credit card required to start.\n\nBest,\nThe RSOLV Team\n\nP.S. Check out our 2-minute video walkthrough at https://rsolv.dev/docs/getting-started\n\n---\nTo unsubscribe, visit: https://rsolv.dev/unsubscribe?email=test@example.com\n", headers: %{"X-Postmark-Tag" => "welcome"}, attachments: [], assigns: %{}, private: %{tag: "welcome"}, blocked: false}

14:25:39.307 [info] [EMAIL DEBUG] Raw Postmark response
14:25:39.307 [info] [EMAIL] Email sent successfully via Postmark
.14:25:39.307 [debug] QUERY OK source="email_unsubscribes" db=0.1ms
INSERT INTO "email_unsubscribes" ("reason","email","inserted_at") VALUES ($1,$2,$3) RETURNING "id" ["User request", "unsubscribed@example.com", ~N[2025-09-11 20:25:39]]
14:25:39.307 [info] [EMAIL] send_welcome_email called
14:25:39.307 [info] [EMAIL DEBUG] Full email struct before sending
14:25:39.307 [info] [EMAIL DEBUG] Extracted recipient email
14:25:39.307 [debug] QUERY OK source="email_unsubscribes" db=0.1ms
SELECT e0."id", e0."email", e0."reason", e0."inserted_at" FROM "email_unsubscribes" AS e0 ORDER BY e0."inserted_at" DESC []
14:25:39.308 [info] [EMAIL] Skipping email to unsubscribed recipient
.14:25:39.410 [info] [EMAIL] send_early_access_welcome_email called
14:25:39.411 [info] [EMAIL DEBUG] Full email struct before sending
14:25:39.411 [info] [EMAIL DEBUG] Extracted recipient email
14:25:39.411 [info] [EMAIL DEBUG] Postmark configuration
14:25:39.411 [info] [EMAIL DEBUG] Email configuration
14:25:39.411 [info] [EMAIL] Attempting to send email via Postmark
14:25:39.412 [debug] Sending email with Bamboo.TestAdapter:

%Bamboo.Email{from: {"RSOLV Team", "support@rsolv.dev"}, to: [nil: "early@example.com"], cc: [], bcc: [], subject: "Welcome to RSOLV Early Access Program", html_body: "<div style=\"font-family: 'Helvetica Neue', Helvetica, Arial, sans-serif; max-width: 600px; margin: 0 auto; padding: 20px;\">\n  <h1 style=\"color: #2C3E50; margin-bottom: 20px;\">Welcome to RSOLV Early Access Program!</h1>\n\n  <p>Hi EarlyUser,</p>\n\n  <p>Thank you for joining our Early Access Program! You're now part of an exclusive group getting first access to RSOLV.</p>\n\n  <p>Here's what you need to know:</p>\n\n  <ul>\n    <li>You have full access to all current features</li>\n    <li>Your feedback is incredibly valuable to us during this phase</li>\n    <li>You'll receive priority support via email</li>\n  </ul>\n\n  <p>To get started with RSOLV:</p>\n\n  <ol>\n    <li><strong>Your API key will be sent in a follow-up email within 24 hours</strong></li>\n    <li>Once you receive your API key, install our GitHub Action (code below)</li>\n    <li>Set up your repository secrets with your API key</li>\n    <li>Tag your first issues with \"rsolv:automate\"</li>\n  </ol>\n\n  <div style=\"background-color: #fff3cd; border: 1px solid #ffeaa7; color: #856404; padding: 10px; border-radius: 5px; margin: 15px 0;\">\n    <strong>⏳ API Key Coming Soon:</strong> We'll send your personal API key within 24 hours. Look for an email with subject \"Your RSOLV API Key\".\n  </div>\n\n  <div style=\"background-color: #f8f9fa; padding: 15px; border-radius: 5px; margin: 20px 0;\">\n    <pre style=\"margin: 0; overflow-x: auto; white-space: pre-wrap; font-family: monospace;\">name: RSOLV AutoFix\non:\n  issues:\n    types: [opened, edited, labeled]\n\njobs:\n  autofix:\n    runs-on: ubuntu-latest\n    if: contains(github.event.issue.labels.*.name, 'rsolv:automate')\n    steps:\n      - uses: RSOLV-dev/rsolv-action@v1\n        with:\n          github-token: ${{ secrets.GITHUB_TOKEN }}\n          rsolv-api-key: ${{ secrets.RSOLV_API_KEY }}</pre>\n  </div>\n\n  <p>Need help? As an Early Access member, you have priority support - contact us at <a href=\"mailto:support@rsolv.dev\">support@rsolv.dev</a> and we'll personally assist you.</p>\n\n  <p>Your trial includes unlimited automated fixes during the Early Access period.</p>\n\n  <div style=\"margin-top: 30px; padding: 15px; border: 1px solid #e0e0e0; border-radius: 5px; background-color: #f9f9f9;\">\n    <h3 style=\"margin-top: 0; color: #2C3E50;\">Early Access Program Benefits</h3>\n    <ul>\n      <li>Unlimited usage during Early Access</li>\n      <li>Priority support and feature requests</li>\n      <li>Exclusive pricing when we launch</li>\n      <li>Direct access to our development team</li>\n    </ul>\n  </div>\n\n  <p>Best,<br>The RSOLV Team</p>\n\n  <div class=\"footer\" style=\"margin-top: 40px; padding-top: 20px; border-top: 1px solid #e0e0e0; font-size: 0.9em; color: #666;\">\n    <p>\n      You're receiving this email because you joined the RSOLV Early Access Program.\n      <br>\n      If you have any questions, simply reply to this email.\n    </p>\n    <p>\n      RSOLV, Inc. • support@rsolv.dev • © 2025\n    </p>\n    <p>\n      <a href=\"https://rsolv.dev/unsubscribe?email=early@example.com\">Unsubscribe</a> from these emails.\n    </p>\n  </div>\n</div>\n", text_body: "Welcome to RSOLV Early Access Program!\n\nHi EarlyUser,\n\nThank you for joining our Early Access Program! You're now part of an exclusive group getting first access to RSOLV.\n\nHere's what you need to know:\n- You have full access to all current features\n- Your feedback is incredibly valuable to us during this phase\n- You'll receive priority support via email\n\nTo get started with RSOLV:\n1. Your API key will be sent in a follow-up email within 24 hours\n2. Once you receive your API key, install our GitHub Action\n3. Set up your repository secrets with your API key\n4. Tag your first issues with \"AUTOFIX\"\n\n⏳ API KEY COMING SOON: We'll send your personal API key within 24 hours. Look for an email with subject \"Your RSOLV API Key\".\n\nNeed help? As an Early Access member, you have priority support - contact us at support@rsolv.dev and we'll personally assist you.\n\nYour trial includes unlimited automated fixes during the Early Access period.\n\nEARLY ACCESS PROGRAM BENEFITS:\n* Unlimited usage during Early Access\n* Priority support and feature requests\n* Exclusive pricing when we launch\n* Direct access to our development team\n\nBest,\nThe RSOLV Team\n\n---\nYou're receiving this email because you joined the RSOLV Early Access Program.\nIf you have any questions, simply reply to this email.\n\nRSOLV, Inc. • support@rsolv.dev\n\nTo unsubscribe, visit: https://rsolv.dev/unsubscribe?email=early@example.com\n", headers: %{"X-Postmark-Tag" => "early-access"}, attachments: [], assigns: %{}, private: %{tag: "early-access"}, blocked: false}

14:25:39.412 [info] [EMAIL DEBUG] Raw Postmark response
14:25:39.412 [info] [EMAIL] Email sent successfully via Postmark
.***************14:25:39.416 [debug] QUERY OK source="customers" db=0.7ms
INSERT INTO "customers" ("active","name","metadata","email","is_staff","subscription_plan","monthly_limit","current_usage","fixes_quota_this_month","fixes_used_this_month","has_payment_method","rollover_fixes","subscription_status","trial_fixes_limit","trial_fixes_used","inserted_at","updated_at") VALUES ($1,$2,$3,$4,$5,$6,$7,$8,$9,$10,$11,$12,$13,$14,$15,$16,$17) RETURNING "id" [true, "Test Customer 12430", %{}, "test12430@example.com", false, "trial", 100, 15, 0, 0, false, 0, "active", 5, 0, ~N[2025-09-11 20:25:39], ~N[2025-09-11 20:25:39]]
14:25:39.417 [debug] QUERY OK source="api_keys" db=0.3ms
INSERT INTO "api_keys" ("active","name","permissions","key","customer_id","inserted_at","updated_at") VALUES ($1,$2,$3,$4,$5,$6,$7) RETURNING "id" [true, "Test Key", ["full_access"], "rsolv_rcibNtgCBFwEQVQkniT_QESE-oRxqxytba6p3Iy04CU", 72180, ~U[2025-09-11 20:25:39Z], ~U[2025-09-11 20:25:39Z]]
14:25:39.417 request_id=GGRUNJZDhVSqQoMAACWK [info] GET /api/v1/patterns
14:25:39.417 request_id=GGRUNJZDhVSqQoMAACWK [debug] Processing with RsolvWeb.Api.V1.PatternController.index/2
  Parameters: %{"format" => "enhanced", "language" => "javascript"}
  Pipelines: [:api]
14:25:39.417 request_id=GGRUNJZDhVSqQoMAACWK [info] Pattern API called with params: %{"format" => "enhanced", "language" => "javascript"}
14:25:39.417 request_id=GGRUNJZDhVSqQoMAACWK [info] Language: javascript, Format: enhanced
14:25:39.417 request_id=GGRUNJZDhVSqQoMAACWK [info] API key status: :none
14:25:39.417 request_id=GGRUNJZDhVSqQoMAACWK [info] Getting demo patterns for javascript
14:25:39.417 request_id=GGRUNJZDhVSqQoMAACWK [info] Retrieved 5 patterns
14:25:39.417 request_id=GGRUNJZDhVSqQoMAACWK [debug] Formatting pattern: "js-sql-injection-concat"
14:25:39.417 request_id=GGRUNJZDhVSqQoMAACWK [debug] Formatted pattern keys: ["cweId", "description", "examples", "frameworks", "id", "languages", "name", "owaspCategory", "recommendation", "regex", "regexPatterns", "severity", "supportsAst", "type"]
14:25:39.417 request_id=GGRUNJZDhVSqQoMAACWK [debug] Formatting pattern: "js-xss-innerhtml"
14:25:39.418 request_id=GGRUNJZDhVSqQoMAACWK [debug] Formatted pattern keys: ["cweId", "description", "examples", "frameworks", "id", "languages", "name", "owaspCategory", "recommendation", "regex", "regexPatterns", "severity", "supportsAst", "type"]
14:25:39.418 request_id=GGRUNJZDhVSqQoMAACWK [debug] Formatting pattern: "js-command-injection-exec"
14:25:39.418 request_id=GGRUNJZDhVSqQoMAACWK [debug] Formatted pattern keys: ["cweId", "description", "examples", "frameworks", "id", "languages", "name", "owaspCategory", "recommendation", "regex", "regexPatterns", "severity", "supportsAst", "type"]
14:25:39.418 request_id=GGRUNJZDhVSqQoMAACWK [debug] Formatting pattern: "js-weak-crypto-md5"
14:25:39.418 request_id=GGRUNJZDhVSqQoMAACWK [debug] Formatted pattern keys: ["cweId", "description", "examples", "frameworks", "id", "languages", "name", "owaspCategory", "recommendation", "regex", "regexPatterns", "severity", "supportsAst", "type"]
14:25:39.418 request_id=GGRUNJZDhVSqQoMAACWK [debug] Formatting pattern: "js-hardcoded-secret-api-key"
14:25:39.418 request_id=GGRUNJZDhVSqQoMAACWK [debug] Formatted pattern keys: ["cweId", "description", "examples", "frameworks", "id", "languages", "name", "owaspCategory", "recommendation", "regex", "regexPatterns", "severity", "supportsAst", "type"]
14:25:39.418 request_id=GGRUNJZDhVSqQoMAACWK [info] Sent 200 in 1ms
.14:25:39.421 [debug] QUERY OK source="customers" db=0.7ms queue=0.1ms
INSERT INTO "customers" ("active","name","metadata","email","is_staff","subscription_plan","monthly_limit","current_usage","fixes_quota_this_month","fixes_used_this_month","has_payment_method","rollover_fixes","subscription_status","trial_fixes_limit","trial_fixes_used","inserted_at","updated_at") VALUES ($1,$2,$3,$4,$5,$6,$7,$8,$9,$10,$11,$12,$13,$14,$15,$16,$17) RETURNING "id" [true, "Test Customer 34050", %{}, "test34050@example.com", false, "trial", 100, 15, 0, 0, false, 0, "active", 5, 0, ~N[2025-09-11 20:25:39], ~N[2025-09-11 20:25:39]]
14:25:39.422 [debug] QUERY OK source="api_keys" db=0.6ms queue=0.1ms
INSERT INTO "api_keys" ("active","name","permissions","key","customer_id","inserted_at","updated_at") VALUES ($1,$2,$3,$4,$5,$6,$7) RETURNING "id" [true, "Test Key", ["full_access"], "rsolv_E4n8buWhr84bWxUbaVoQNiZwcLkY183LM0nHWpM2zdI", 72181, ~U[2025-09-11 20:25:39Z], ~U[2025-09-11 20:25:39Z]]
14:25:39.422 request_id=GGRUNJaSQLwdBi8AADEL [info] GET /api/v1/patterns
14:25:39.422 request_id=GGRUNJaSQLwdBi8AADEL [debug] Processing with RsolvWeb.Api.V1.PatternController.index/2
  Parameters: %{"format" => "enhanced", "language" => "javascript"}
  Pipelines: [:api]
14:25:39.422 request_id=GGRUNJaSQLwdBi8AADEL [info] Pattern API called with params: %{"format" => "enhanced", "language" => "javascript"}
14:25:39.422 request_id=GGRUNJaSQLwdBi8AADEL [info] Language: javascript, Format: enhanced
14:25:39.423 request_id=GGRUNJaSQLwdBi8AADEL [debug] QUERY OK source="api_keys" db=0.3ms queue=0.1ms
SELECT a0."id", a0."key", a0."name", a0."permissions", a0."active", a0."last_used_at", a0."expires_at", a0."customer_id", a0."inserted_at", a0."updated_at" FROM "api_keys" AS a0 WHERE ((a0."key" = $1) AND (a0."active" = $2)) ["rsolv_E4n8buWhr84bWxUbaVoQNiZwcLkY183LM0nHWpM2zdI", true]
14:25:39.424 request_id=GGRUNJaSQLwdBi8AADEL [debug] QUERY OK source="customers" db=0.3ms
SELECT c0."id", c0."name", c0."email", c0."monthly_limit", c0."current_usage", c0."active", c0."metadata", c0."password_hash", c0."is_staff", c0."admin_level", c0."trial_fixes_used", c0."trial_fixes_limit", c0."stripe_customer_id", c0."subscription_plan", c0."subscription_status", c0."rollover_fixes", c0."payment_method_added_at", c0."trial_expired_at", c0."fixes_used_this_month", c0."fixes_quota_this_month", c0."has_payment_method", c0."inserted_at", c0."updated_at" FROM "customers" AS c0 WHERE (c0."id" = $1) [72181]
14:25:39.424 request_id=GGRUNJaSQLwdBi8AADEL [info] API key status: :valid
14:25:39.424 request_id=GGRUNJaSQLwdBi8AADEL [info] Getting enhanced patterns for javascript
14:25:39.425 request_id=GGRUNJaSQLwdBi8AADEL [info] Retrieved 30 patterns
14:25:39.425 request_id=GGRUNJaSQLwdBi8AADEL [debug] Formatting pattern: "js-sql-injection-concat"
14:25:39.425 request_id=GGRUNJaSQLwdBi8AADEL [debug] Formatted pattern keys: ["astRules", "confidenceRules", "contextRules", "cweId", "description", "examples", "frameworks", "id", "languages", "minConfidence", "name", "owaspCategory", "recommendation", "regex", "regexPatterns", "severity", "supportsAst", "type"]
14:25:39.425 request_id=GGRUNJaSQLwdBi8AADEL [debug] Formatting pattern: "js-sql-injection-interpolation"
14:25:39.425 request_id=GGRUNJaSQLwdBi8AADEL [debug] Formatted pattern keys: ["astRules", "confidenceRules", "contextRules", "cweId", "description", "examples", "frameworks", "id", "languages", "minConfidence", "name", "owaspCategory", "recommendation", "regex", "regexPatterns", "severity", "supportsAst", "type"]
14:25:39.425 request_id=GGRUNJaSQLwdBi8AADEL [debug] Formatting pattern: "js-xss-innerhtml"
14:25:39.425 request_id=GGRUNJaSQLwdBi8AADEL [debug] Formatted pattern keys: ["astRules", "confidenceRules", "contextRules", "cweId", "description", "examples", "frameworks", "id", "languages", "minConfidence", "name", "owaspCategory", "recommendation", "regex", "regexPatterns", "severity", "supportsAst", "type"]
14:25:39.425 request_id=GGRUNJaSQLwdBi8AADEL [debug] Formatting pattern: "js-xss-document-write"
14:25:39.425 request_id=GGRUNJaSQLwdBi8AADEL [debug] Formatted pattern keys: ["astRules", "confidenceRules", "contextRules", "cweId", "description", "examples", "frameworks", "id", "languages", "minConfidence", "name", "owaspCategory", "recommendation", "regex", "regexPatterns", "severity", "supportsAst", "type"]
14:25:39.425 request_id=GGRUNJaSQLwdBi8AADEL [debug] Formatting pattern: "js-xss-jquery-html"
14:25:39.425 request_id=GGRUNJaSQLwdBi8AADEL [debug] Formatted pattern keys: ["astRules", "confidenceRules", "contextRules", "cweId", "description", "examples", "frameworks", "id", "languages", "minConfidence", "name", "owaspCategory", "recommendation", "regex", "regexPatterns", "severity", "supportsAst", "type"]
14:25:39.425 request_id=GGRUNJaSQLwdBi8AADEL [debug] Formatting pattern: "js-xss-react-dangerously"
14:25:39.425 request_id=GGRUNJaSQLwdBi8AADEL [debug] Formatted pattern keys: ["astRules", "confidenceRules", "contextRules", "cweId", "description", "examples", "frameworks", "id", "languages", "minConfidence", "name", "owaspCategory", "recommendation", "regex", "regexPatterns", "severity", "supportsAst", "type"]
14:25:39.425 request_id=GGRUNJaSQLwdBi8AADEL [debug] Formatting pattern: "js-xss-dom-manipulation"
14:25:39.425 request_id=GGRUNJaSQLwdBi8AADEL [debug] Formatted pattern keys: ["astRules", "confidenceRules", "contextRules", "cweId", "description", "examples", "frameworks", "id", "languages", "minConfidence", "name", "owaspCategory", "recommendation", "regex", "regexPatterns", "severity", "supportsAst", "type"]
14:25:39.425 request_id=GGRUNJaSQLwdBi8AADEL [debug] Formatting pattern: "js-command-injection-exec"
14:25:39.425 request_id=GGRUNJaSQLwdBi8AADEL [debug] Formatted pattern keys: ["astRules", "confidenceRules", "contextRules", "cweId", "description", "examples", "frameworks", "id", "languages", "minConfidence", "name", "owaspCategory", "recommendation", "regex", "regexPatterns", "severity", "supportsAst", "type"]
14:25:39.425 request_id=GGRUNJaSQLwdBi8AADEL [debug] Formatting pattern: "js-command-injection-spawn"
14:25:39.425 request_id=GGRUNJaSQLwdBi8AADEL [debug] Formatted pattern keys: ["astRules", "confidenceRules", "contextRules", "cweId", "description", "examples", "frameworks", "id", "languages", "minConfidence", "name", "owaspCategory", "recommendation", "regex", "regexPatterns", "severity", "supportsAst", "type"]
14:25:39.425 request_id=GGRUNJaSQLwdBi8AADEL [debug] Formatting pattern: "js-path-traversal-join"
14:25:39.426 request_id=GGRUNJaSQLwdBi8AADEL [debug] Formatted pattern keys: ["astRules", "confidenceRules", "contextRules", "cweId", "description", "examples", "frameworks", "id", "languages", "minConfidence", "name", "owaspCategory", "recommendation", "regex", "regexPatterns", "severity", "supportsAst", "type"]
14:25:39.426 request_id=GGRUNJaSQLwdBi8AADEL [debug] Formatting pattern: "js-path-traversal-concat"
14:25:39.426 request_id=GGRUNJaSQLwdBi8AADEL [debug] Formatted pattern keys: ["astRules", "confidenceRules", "contextRules", "cweId", "description", "examples", "frameworks", "id", "languages", "minConfidence", "name", "owaspCategory", "recommendation", "regex", "regexPatterns", "severity", "supportsAst", "type"]
14:25:39.426 request_id=GGRUNJaSQLwdBi8AADEL [debug] Formatting pattern: "js-weak-crypto-md5"
14:25:39.426 request_id=GGRUNJaSQLwdBi8AADEL [debug] Formatted pattern keys: ["astRules", "confidenceRules", "contextRules", "cweId", "description", "examples", "frameworks", "id", "languages", "minConfidence", "name", "owaspCategory", "recommendation", "regex", "regexPatterns", "severity", "supportsAst", "type"]
14:25:39.426 request_id=GGRUNJaSQLwdBi8AADEL [debug] Formatting pattern: "js-weak-crypto-sha1"
14:25:39.426 request_id=GGRUNJaSQLwdBi8AADEL [debug] Formatted pattern keys: ["astRules", "confidenceRules", "contextRules", "cweId", "description", "examples", "frameworks", "id", "languages", "minConfidence", "name", "owaspCategory", "recommendation", "regex", "regexPatterns", "severity", "supportsAst", "type"]
14:25:39.426 request_id=GGRUNJaSQLwdBi8AADEL [debug] Formatting pattern: "js-hardcoded-secret-password"
14:25:39.426 request_id=GGRUNJaSQLwdBi8AADEL [debug] Formatted pattern keys: ["astRules", "confidenceRules", "contextRules", "cweId", "description", "examples", "frameworks", "id", "languages", "minConfidence", "name", "owaspCategory", "recommendation", "regex", "regexPatterns", "severity", "supportsAst", "type"]
14:25:39.426 request_id=GGRUNJaSQLwdBi8AADEL [debug] Formatting pattern: "js-hardcoded-secret-api-key"
14:25:39.426 request_id=GGRUNJaSQLwdBi8AADEL [debug] Formatted pattern keys: ["astRules", "confidenceRules", "contextRules", "cweId", "description", "examples", "frameworks", "id", "languages", "minConfidence", "name", "owaspCategory", "recommendation", "regex", "regexPatterns", "severity", "supportsAst", "type"]
14:25:39.426 request_id=GGRUNJaSQLwdBi8AADEL [debug] Formatting pattern: "js-eval-user-input"
14:25:39.426 request_id=GGRUNJaSQLwdBi8AADEL [debug] Formatted pattern keys: ["astRules", "confidenceRules", "contextRules", "cweId", "description", "examples", "frameworks", "id", "languages", "minConfidence", "name", "owaspCategory", "recommendation", "regex", "regexPatterns", "severity", "supportsAst", "type"]
14:25:39.426 request_id=GGRUNJaSQLwdBi8AADEL [debug] Formatting pattern: "js-unsafe-regex"
14:25:39.426 request_id=GGRUNJaSQLwdBi8AADEL [debug] Formatted pattern keys: ["astRules", "confidenceRules", "contextRules", "cweId", "description", "examples", "frameworks", "id", "languages", "minConfidence", "name", "owaspCategory", "recommendation", "regex", "regexPatterns", "severity", "supportsAst", "type"]
14:25:39.426 request_id=GGRUNJaSQLwdBi8AADEL [debug] Formatting pattern: "js-open-redirect"
14:25:39.426 request_id=GGRUNJaSQLwdBi8AADEL [debug] Formatted pattern keys: ["astRules", "confidenceRules", "contextRules", "cweId", "description", "examples", "frameworks", "id", "languages", "minConfidence", "name", "owaspCategory", "recommendation", "regex", "regexPatterns", "severity", "supportsAst", "type"]
14:25:39.426 request_id=GGRUNJaSQLwdBi8AADEL [debug] Formatting pattern: "js-xxe-external-entities"
14:25:39.426 request_id=GGRUNJaSQLwdBi8AADEL [debug] Formatted pattern keys: ["astRules", "confidenceRules", "contextRules", "cweId", "description", "examples", "frameworks", "id", "languages", "minConfidence", "name", "owaspCategory", "recommendation", "regex", "regexPatterns", "severity", "supportsAst", "type"]
14:25:39.426 request_id=GGRUNJaSQLwdBi8AADEL [debug] Formatting pattern: "js-prototype-pollution"
14:25:39.426 request_id=GGRUNJaSQLwdBi8AADEL [debug] Formatted pattern keys: ["astRules", "confidenceRules", "contextRules", "cweId", "description", "examples", "frameworks", "id", "languages", "minConfidence", "name", "owaspCategory", "recommendation", "regex", "regexPatterns", "severity", "supportsAst", "type"]
14:25:39.426 request_id=GGRUNJaSQLwdBi8AADEL [debug] Formatting pattern: "js-insecure-random"
14:25:39.426 request_id=GGRUNJaSQLwdBi8AADEL [debug] Formatted pattern keys: ["astRules", "confidenceRules", "contextRules", "cweId", "description", "examples", "frameworks", "id", "languages", "minConfidence", "name", "owaspCategory", "recommendation", "regex", "regexPatterns", "severity", "supportsAst", "type"]
14:25:39.426 request_id=GGRUNJaSQLwdBi8AADEL [debug] Formatting pattern: "js-timing-attack"
14:25:39.426 request_id=GGRUNJaSQLwdBi8AADEL [debug] Formatted pattern keys: ["astRules", "confidenceRules", "contextRules", "cweId", "description", "examples", "frameworks", "id", "languages", "minConfidence", "name", "owaspCategory", "recommendation", "regex", "regexPatterns", "severity", "supportsAst", "type"]
14:25:39.426 request_id=GGRUNJaSQLwdBi8AADEL [debug] Formatting pattern: "js-nosql-injection"
14:25:39.426 request_id=GGRUNJaSQLwdBi8AADEL [debug] Formatted pattern keys: ["astRules", "confidenceRules", "contextRules", "cweId", "description", "examples", "frameworks", "id", "languages", "minConfidence", "name", "owaspCategory", "recommendation", "regex", "regexPatterns", "severity", "supportsAst", "type"]
14:25:39.426 request_id=GGRUNJaSQLwdBi8AADEL [debug] Formatting pattern: "js-ldap-injection"
14:25:39.426 request_id=GGRUNJaSQLwdBi8AADEL [debug] Formatted pattern keys: ["astRules", "confidenceRules", "contextRules", "cweId", "description", "examples", "frameworks", "id", "languages", "minConfidence", "name", "owaspCategory", "recommendation", "regex", "regexPatterns", "severity", "supportsAst", "type"]
14:25:39.426 request_id=GGRUNJaSQLwdBi8AADEL [debug] Formatting pattern: "js-xpath-injection"
14:25:39.427 request_id=GGRUNJaSQLwdBi8AADEL [debug] Formatted pattern keys: ["astRules", "confidenceRules", "contextRules", "cweId", "description", "examples", "frameworks", "id", "languages", "minConfidence", "name", "owaspCategory", "recommendation", "regex", "regexPatterns", "severity", "supportsAst", "type"]
14:25:39.427 request_id=GGRUNJaSQLwdBi8AADEL [debug] Formatting pattern: "js-ssrf"
14:25:39.427 request_id=GGRUNJaSQLwdBi8AADEL [debug] Formatted pattern keys: ["astRules", "confidenceRules", "contextRules", "cweId", "description", "examples", "frameworks", "id", "languages", "minConfidence", "name", "owaspCategory", "recommendation", "regex", "regexPatterns", "severity", "supportsAst", "type"]
14:25:39.427 request_id=GGRUNJaSQLwdBi8AADEL [debug] Formatting pattern: "js-insecure-deserialization"
14:25:39.427 request_id=GGRUNJaSQLwdBi8AADEL [debug] Formatted pattern keys: ["astRules", "confidenceRules", "contextRules", "cweId", "description", "examples", "frameworks", "id", "languages", "minConfidence", "name", "owaspCategory", "recommendation", "regex", "regexPatterns", "severity", "supportsAst", "type"]
14:25:39.427 request_id=GGRUNJaSQLwdBi8AADEL [debug] Formatting pattern: "js-missing-csrf"
14:25:39.427 request_id=GGRUNJaSQLwdBi8AADEL [debug] Formatted pattern keys: ["astRules", "confidenceRules", "contextRules", "cweId", "description", "examples", "frameworks", "id", "languages", "minConfidence", "name", "owaspCategory", "recommendation", "regex", "regexPatterns", "severity", "supportsAst", "type"]
14:25:39.427 request_id=GGRUNJaSQLwdBi8AADEL [debug] Formatting pattern: "js-jwt-none-algorithm"
14:25:39.427 request_id=GGRUNJaSQLwdBi8AADEL [debug] Formatted pattern keys: ["astRules", "confidenceRules", "contextRules", "cweId", "description", "examples", "frameworks", "id", "languages", "minConfidence", "name", "owaspCategory", "recommendation", "regex", "regexPatterns", "severity", "supportsAst", "type"]
14:25:39.427 request_id=GGRUNJaSQLwdBi8AADEL [debug] Formatting pattern: "js-debug-console-log"
14:25:39.427 request_id=GGRUNJaSQLwdBi8AADEL [debug] Formatted pattern keys: ["astRules", "confidenceRules", "contextRules", "cweId", "description", "examples", "frameworks", "id", "languages", "minConfidence", "name", "owaspCategory", "recommendation", "regex", "regexPatterns", "severity", "supportsAst", "type"]
14:25:39.428 request_id=GGRUNJaSQLwdBi8AADEL [info] Sent 200 in 5ms
.14:25:39.429 [debug] QUERY OK source="customers" db=0.1ms
INSERT INTO "customers" ("active","name","metadata","email","is_staff","subscription_plan","monthly_limit","current_usage","fixes_quota_this_month","fixes_used_this_month","has_payment_method","rollover_fixes","subscription_status","trial_fixes_limit","trial_fixes_used","inserted_at","updated_at") VALUES ($1,$2,$3,$4,$5,$6,$7,$8,$9,$10,$11,$12,$13,$14,$15,$16,$17) RETURNING "id" [true, "Test Customer 9739", %{}, "test9739@example.com", false, "trial", 100, 15, 0, 0, false, 0, "active", 5, 0, ~N[2025-09-11 20:25:39], ~N[2025-09-11 20:25:39]]
14:25:39.430 [debug] QUERY OK source="api_keys" db=0.2ms
INSERT INTO "api_keys" ("active","name","permissions","key","customer_id","inserted_at","updated_at") VALUES ($1,$2,$3,$4,$5,$6,$7) RETURNING "id" [true, "Test Key", ["full_access"], "rsolv_2p8D5HC74sxA5FTifOVp87k7ZXcmgVJVUZVeGhSmFaQ", 72182, ~U[2025-09-11 20:25:39Z], ~U[2025-09-11 20:25:39Z]]
14:25:39.430 request_id=GGRUNJcHgzwIyt8AACaK [info] GET /api/v1/patterns
14:25:39.430 request_id=GGRUNJcHgzwIyt8AACaK [debug] Processing with RsolvWeb.Api.V1.PatternController.index/2
  Parameters: %{"format" => "enhanced", "language" => "javascript"}
  Pipelines: [:api]
14:25:39.430 request_id=GGRUNJcHgzwIyt8AACaK [info] Pattern API called with params: %{"format" => "enhanced", "language" => "javascript"}
14:25:39.430 request_id=GGRUNJcHgzwIyt8AACaK [info] Language: javascript, Format: enhanced
14:25:39.430 request_id=GGRUNJcHgzwIyt8AACaK [debug] QUERY OK source="api_keys" db=0.1ms
SELECT a0."id", a0."key", a0."name", a0."permissions", a0."active", a0."last_used_at", a0."expires_at", a0."customer_id", a0."inserted_at", a0."updated_at" FROM "api_keys" AS a0 WHERE ((a0."key" = $1) AND (a0."active" = $2)) ["rsolv_2p8D5HC74sxA5FTifOVp87k7ZXcmgVJVUZVeGhSmFaQ", true]
14:25:39.430 request_id=GGRUNJcHgzwIyt8AACaK [debug] QUERY OK source="customers" db=0.0ms
SELECT c0."id", c0."name", c0."email", c0."monthly_limit", c0."current_usage", c0."active", c0."metadata", c0."password_hash", c0."is_staff", c0."admin_level", c0."trial_fixes_used", c0."trial_fixes_limit", c0."stripe_customer_id", c0."subscription_plan", c0."subscription_status", c0."rollover_fixes", c0."payment_method_added_at", c0."trial_expired_at", c0."fixes_used_this_month", c0."fixes_quota_this_month", c0."has_payment_method", c0."inserted_at", c0."updated_at" FROM "customers" AS c0 WHERE (c0."id" = $1) [72182]
14:25:39.430 request_id=GGRUNJcHgzwIyt8AACaK [info] API key status: :valid
14:25:39.430 request_id=GGRUNJcHgzwIyt8AACaK [info] Getting enhanced patterns for javascript
14:25:39.431 request_id=GGRUNJcHgzwIyt8AACaK [info] Retrieved 30 patterns
14:25:39.431 request_id=GGRUNJcHgzwIyt8AACaK [debug] Formatting pattern: "js-sql-injection-concat"
14:25:39.431 request_id=GGRUNJcHgzwIyt8AACaK [debug] Formatted pattern keys: ["astRules", "confidenceRules", "contextRules", "cweId", "description", "examples", "frameworks", "id", "languages", "minConfidence", "name", "owaspCategory", "recommendation", "regex", "regexPatterns", "severity", "supportsAst", "type"]
14:25:39.431 request_id=GGRUNJcHgzwIyt8AACaK [debug] Formatting pattern: "js-sql-injection-interpolation"
14:25:39.431 request_id=GGRUNJcHgzwIyt8AACaK [debug] Formatted pattern keys: ["astRules", "confidenceRules", "contextRules", "cweId", "description", "examples", "frameworks", "id", "languages", "minConfidence", "name", "owaspCategory", "recommendation", "regex", "regexPatterns", "severity", "supportsAst", "type"]
14:25:39.431 request_id=GGRUNJcHgzwIyt8AACaK [debug] Formatting pattern: "js-xss-innerhtml"
14:25:39.431 request_id=GGRUNJcHgzwIyt8AACaK [debug] Formatted pattern keys: ["astRules", "confidenceRules", "contextRules", "cweId", "description", "examples", "frameworks", "id", "languages", "minConfidence", "name", "owaspCategory", "recommendation", "regex", "regexPatterns", "severity", "supportsAst", "type"]
14:25:39.431 request_id=GGRUNJcHgzwIyt8AACaK [debug] Formatting pattern: "js-xss-document-write"
14:25:39.431 request_id=GGRUNJcHgzwIyt8AACaK [debug] Formatted pattern keys: ["astRules", "confidenceRules", "contextRules", "cweId", "description", "examples", "frameworks", "id", "languages", "minConfidence", "name", "owaspCategory", "recommendation", "regex", "regexPatterns", "severity", "supportsAst", "type"]
14:25:39.431 request_id=GGRUNJcHgzwIyt8AACaK [debug] Formatting pattern: "js-xss-jquery-html"
14:25:39.431 request_id=GGRUNJcHgzwIyt8AACaK [debug] Formatted pattern keys: ["astRules", "confidenceRules", "contextRules", "cweId", "description", "examples", "frameworks", "id", "languages", "minConfidence", "name", "owaspCategory", "recommendation", "regex", "regexPatterns", "severity", "supportsAst", "type"]
14:25:39.431 request_id=GGRUNJcHgzwIyt8AACaK [debug] Formatting pattern: "js-xss-react-dangerously"
14:25:39.431 request_id=GGRUNJcHgzwIyt8AACaK [debug] Formatted pattern keys: ["astRules", "confidenceRules", "contextRules", "cweId", "description", "examples", "frameworks", "id", "languages", "minConfidence", "name", "owaspCategory", "recommendation", "regex", "regexPatterns", "severity", "supportsAst", "type"]
14:25:39.431 request_id=GGRUNJcHgzwIyt8AACaK [debug] Formatting pattern: "js-xss-dom-manipulation"
14:25:39.431 request_id=GGRUNJcHgzwIyt8AACaK [debug] Formatted pattern keys: ["astRules", "confidenceRules", "contextRules", "cweId", "description", "examples", "frameworks", "id", "languages", "minConfidence", "name", "owaspCategory", "recommendation", "regex", "regexPatterns", "severity", "supportsAst", "type"]
14:25:39.431 request_id=GGRUNJcHgzwIyt8AACaK [debug] Formatting pattern: "js-command-injection-exec"
14:25:39.431 request_id=GGRUNJcHgzwIyt8AACaK [debug] Formatted pattern keys: ["astRules", "confidenceRules", "contextRules", "cweId", "description", "examples", "frameworks", "id", "languages", "minConfidence", "name", "owaspCategory", "recommendation", "regex", "regexPatterns", "severity", "supportsAst", "type"]
14:25:39.431 request_id=GGRUNJcHgzwIyt8AACaK [debug] Formatting pattern: "js-command-injection-spawn"
14:25:39.431 request_id=GGRUNJcHgzwIyt8AACaK [debug] Formatted pattern keys: ["astRules", "confidenceRules", "contextRules", "cweId", "description", "examples", "frameworks", "id", "languages", "minConfidence", "name", "owaspCategory", "recommendation", "regex", "regexPatterns", "severity", "supportsAst", "type"]
14:25:39.431 request_id=GGRUNJcHgzwIyt8AACaK [debug] Formatting pattern: "js-path-traversal-join"
14:25:39.431 request_id=GGRUNJcHgzwIyt8AACaK [debug] Formatted pattern keys: ["astRules", "confidenceRules", "contextRules", "cweId", "description", "examples", "frameworks", "id", "languages", "minConfidence", "name", "owaspCategory", "recommendation", "regex", "regexPatterns", "severity", "supportsAst", "type"]
14:25:39.431 request_id=GGRUNJcHgzwIyt8AACaK [debug] Formatting pattern: "js-path-traversal-concat"
14:25:39.431 request_id=GGRUNJcHgzwIyt8AACaK [debug] Formatted pattern keys: ["astRules", "confidenceRules", "contextRules", "cweId", "description", "examples", "frameworks", "id", "languages", "minConfidence", "name", "owaspCategory", "recommendation", "regex", "regexPatterns", "severity", "supportsAst", "type"]
14:25:39.431 request_id=GGRUNJcHgzwIyt8AACaK [debug] Formatting pattern: "js-weak-crypto-md5"
14:25:39.431 request_id=GGRUNJcHgzwIyt8AACaK [debug] Formatted pattern keys: ["astRules", "confidenceRules", "contextRules", "cweId", "description", "examples", "frameworks", "id", "languages", "minConfidence", "name", "owaspCategory", "recommendation", "regex", "regexPatterns", "severity", "supportsAst", "type"]
14:25:39.431 request_id=GGRUNJcHgzwIyt8AACaK [debug] Formatting pattern: "js-weak-crypto-sha1"
14:25:39.431 request_id=GGRUNJcHgzwIyt8AACaK [debug] Formatted pattern keys: ["astRules", "confidenceRules", "contextRules", "cweId", "description", "examples", "frameworks", "id", "languages", "minConfidence", "name", "owaspCategory", "recommendation", "regex", "regexPatterns", "severity", "supportsAst", "type"]
14:25:39.431 request_id=GGRUNJcHgzwIyt8AACaK [debug] Formatting pattern: "js-hardcoded-secret-password"
14:25:39.431 request_id=GGRUNJcHgzwIyt8AACaK [debug] Formatted pattern keys: ["astRules", "confidenceRules", "contextRules", "cweId", "description", "examples", "frameworks", "id", "languages", "minConfidence", "name", "owaspCategory", "recommendation", "regex", "regexPatterns", "severity", "supportsAst", "type"]
14:25:39.431 request_id=GGRUNJcHgzwIyt8AACaK [debug] Formatting pattern: "js-hardcoded-secret-api-key"
14:25:39.431 request_id=GGRUNJcHgzwIyt8AACaK [debug] Formatted pattern keys: ["astRules", "confidenceRules", "contextRules", "cweId", "description", "examples", "frameworks", "id", "languages", "minConfidence", "name", "owaspCategory", "recommendation", "regex", "regexPatterns", "severity", "supportsAst", "type"]
14:25:39.431 request_id=GGRUNJcHgzwIyt8AACaK [debug] Formatting pattern: "js-eval-user-input"
14:25:39.431 request_id=GGRUNJcHgzwIyt8AACaK [debug] Formatted pattern keys: ["astRules", "confidenceRules", "contextRules", "cweId", "description", "examples", "frameworks", "id", "languages", "minConfidence", "name", "owaspCategory", "recommendation", "regex", "regexPatterns", "severity", "supportsAst", "type"]
14:25:39.431 request_id=GGRUNJcHgzwIyt8AACaK [debug] Formatting pattern: "js-unsafe-regex"
14:25:39.431 request_id=GGRUNJcHgzwIyt8AACaK [debug] Formatted pattern keys: ["astRules", "confidenceRules", "contextRules", "cweId", "description", "examples", "frameworks", "id", "languages", "minConfidence", "name", "owaspCategory", "recommendation", "regex", "regexPatterns", "severity", "supportsAst", "type"]
14:25:39.431 request_id=GGRUNJcHgzwIyt8AACaK [debug] Formatting pattern: "js-open-redirect"
14:25:39.431 request_id=GGRUNJcHgzwIyt8AACaK [debug] Formatted pattern keys: ["astRules", "confidenceRules", "contextRules", "cweId", "description", "examples", "frameworks", "id", "languages", "minConfidence", "name", "owaspCategory", "recommendation", "regex", "regexPatterns", "severity", "supportsAst", "type"]
14:25:39.431 request_id=GGRUNJcHgzwIyt8AACaK [debug] Formatting pattern: "js-xxe-external-entities"
14:25:39.431 request_id=GGRUNJcHgzwIyt8AACaK [debug] Formatted pattern keys: ["astRules", "confidenceRules", "contextRules", "cweId", "description", "examples", "frameworks", "id", "languages", "minConfidence", "name", "owaspCategory", "recommendation", "regex", "regexPatterns", "severity", "supportsAst", "type"]
14:25:39.431 request_id=GGRUNJcHgzwIyt8AACaK [debug] Formatting pattern: "js-prototype-pollution"
14:25:39.431 request_id=GGRUNJcHgzwIyt8AACaK [debug] Formatted pattern keys: ["astRules", "confidenceRules", "contextRules", "cweId", "description", "examples", "frameworks", "id", "languages", "minConfidence", "name", "owaspCategory", "recommendation", "regex", "regexPatterns", "severity", "supportsAst", "type"]
14:25:39.431 request_id=GGRUNJcHgzwIyt8AACaK [debug] Formatting pattern: "js-insecure-random"
14:25:39.431 request_id=GGRUNJcHgzwIyt8AACaK [debug] Formatted pattern keys: ["astRules", "confidenceRules", "contextRules", "cweId", "description", "examples", "frameworks", "id", "languages", "minConfidence", "name", "owaspCategory", "recommendation", "regex", "regexPatterns", "severity", "supportsAst", "type"]
14:25:39.431 request_id=GGRUNJcHgzwIyt8AACaK [debug] Formatting pattern: "js-timing-attack"
14:25:39.431 request_id=GGRUNJcHgzwIyt8AACaK [debug] Formatted pattern keys: ["astRules", "confidenceRules", "contextRules", "cweId", "description", "examples", "frameworks", "id", "languages", "minConfidence", "name", "owaspCategory", "recommendation", "regex", "regexPatterns", "severity", "supportsAst", "type"]
14:25:39.431 request_id=GGRUNJcHgzwIyt8AACaK [debug] Formatting pattern: "js-nosql-injection"
14:25:39.431 request_id=GGRUNJcHgzwIyt8AACaK [debug] Formatted pattern keys: ["astRules", "confidenceRules", "contextRules", "cweId", "description", "examples", "frameworks", "id", "languages", "minConfidence", "name", "owaspCategory", "recommendation", "regex", "regexPatterns", "severity", "supportsAst", "type"]
14:25:39.431 request_id=GGRUNJcHgzwIyt8AACaK [debug] Formatting pattern: "js-ldap-injection"
14:25:39.431 request_id=GGRUNJcHgzwIyt8AACaK [debug] Formatted pattern keys: ["astRules", "confidenceRules", "contextRules", "cweId", "description", "examples", "frameworks", "id", "languages", "minConfidence", "name", "owaspCategory", "recommendation", "regex", "regexPatterns", "severity", "supportsAst", "type"]
14:25:39.431 request_id=GGRUNJcHgzwIyt8AACaK [debug] Formatting pattern: "js-xpath-injection"
14:25:39.431 request_id=GGRUNJcHgzwIyt8AACaK [debug] Formatted pattern keys: ["astRules", "confidenceRules", "contextRules", "cweId", "description", "examples", "frameworks", "id", "languages", "minConfidence", "name", "owaspCategory", "recommendation", "regex", "regexPatterns", "severity", "supportsAst", "type"]
14:25:39.432 request_id=GGRUNJcHgzwIyt8AACaK [debug] Formatting pattern: "js-ssrf"
14:25:39.432 request_id=GGRUNJcHgzwIyt8AACaK [debug] Formatted pattern keys: ["astRules", "confidenceRules", "contextRules", "cweId", "description", "examples", "frameworks", "id", "languages", "minConfidence", "name", "owaspCategory", "recommendation", "regex", "regexPatterns", "severity", "supportsAst", "type"]
14:25:39.432 request_id=GGRUNJcHgzwIyt8AACaK [debug] Formatting pattern: "js-insecure-deserialization"
14:25:39.432 request_id=GGRUNJcHgzwIyt8AACaK [debug] Formatted pattern keys: ["astRules", "confidenceRules", "contextRules", "cweId", "description", "examples", "frameworks", "id", "languages", "minConfidence", "name", "owaspCategory", "recommendation", "regex", "regexPatterns", "severity", "supportsAst", "type"]
14:25:39.432 request_id=GGRUNJcHgzwIyt8AACaK [debug] Formatting pattern: "js-missing-csrf"
14:25:39.432 request_id=GGRUNJcHgzwIyt8AACaK [debug] Formatted pattern keys: ["astRules", "confidenceRules", "contextRules", "cweId", "description", "examples", "frameworks", "id", "languages", "minConfidence", "name", "owaspCategory", "recommendation", "regex", "regexPatterns", "severity", "supportsAst", "type"]
14:25:39.432 request_id=GGRUNJcHgzwIyt8AACaK [debug] Formatting pattern: "js-jwt-none-algorithm"
14:25:39.432 request_id=GGRUNJcHgzwIyt8AACaK [debug] Formatted pattern keys: ["astRules", "confidenceRules", "contextRules", "cweId", "description", "examples", "frameworks", "id", "languages", "minConfidence", "name", "owaspCategory", "recommendation", "regex", "regexPatterns", "severity", "supportsAst", "type"]
14:25:39.432 request_id=GGRUNJcHgzwIyt8AACaK [debug] Formatting pattern: "js-debug-console-log"
14:25:39.432 request_id=GGRUNJcHgzwIyt8AACaK [debug] Formatted pattern keys: ["astRules", "confidenceRules", "contextRules", "cweId", "description", "examples", "frameworks", "id", "languages", "minConfidence", "name", "owaspCategory", "recommendation", "regex", "regexPatterns", "severity", "supportsAst", "type"]
14:25:39.433 request_id=GGRUNJcHgzwIyt8AACaK [info] Sent 200 in 3ms
.14:25:39.434 [debug] QUERY OK source="customers" db=0.1ms
INSERT INTO "customers" ("active","name","metadata","email","is_staff","subscription_plan","monthly_limit","current_usage","fixes_quota_this_month","fixes_used_this_month","has_payment_method","rollover_fixes","subscription_status","trial_fixes_limit","trial_fixes_used","inserted_at","updated_at") VALUES ($1,$2,$3,$4,$5,$6,$7,$8,$9,$10,$11,$12,$13,$14,$15,$16,$17) RETURNING "id" [true, "Test Customer 28294", %{}, "test28294@example.com", false, "trial", 100, 15, 0, 0, false, 0, "active", 5, 0, ~N[2025-09-11 20:25:39], ~N[2025-09-11 20:25:39]]
14:25:39.434 [debug] QUERY OK source="api_keys" db=0.0ms
INSERT INTO "api_keys" ("active","name","permissions","key","customer_id","inserted_at","updated_at") VALUES ($1,$2,$3,$4,$5,$6,$7) RETURNING "id" [true, "Test Key", ["full_access"], "rsolv_LcK7ePWHx_YPsIGETcp_yijES5mRWMgIeahGPCdEiUw", 72183, ~U[2025-09-11 20:25:39Z], ~U[2025-09-11 20:25:39Z]]
14:25:39.434 request_id=GGRUNJdK6m4pWIEAAG8F [info] GET /api/v1/patterns
14:25:39.434 request_id=GGRUNJdK6m4pWIEAAG8F [debug] Processing with RsolvWeb.Api.V1.PatternController.index/2
  Parameters: %{"format" => "enhanced", "language" => "javascript"}
  Pipelines: [:api]
14:25:39.434 request_id=GGRUNJdK6m4pWIEAAG8F [info] Pattern API called with params: %{"format" => "enhanced", "language" => "javascript"}
14:25:39.434 request_id=GGRUNJdK6m4pWIEAAG8F [info] Language: javascript, Format: enhanced
14:25:39.434 request_id=GGRUNJdK6m4pWIEAAG8F [debug] QUERY OK source="api_keys" db=0.0ms
SELECT a0."id", a0."key", a0."name", a0."permissions", a0."active", a0."last_used_at", a0."expires_at", a0."customer_id", a0."inserted_at", a0."updated_at" FROM "api_keys" AS a0 WHERE ((a0."key" = $1) AND (a0."active" = $2)) ["rsolv_LcK7ePWHx_YPsIGETcp_yijES5mRWMgIeahGPCdEiUw", true]
14:25:39.434 request_id=GGRUNJdK6m4pWIEAAG8F [debug] QUERY OK source="customers" db=0.0ms
SELECT c0."id", c0."name", c0."email", c0."monthly_limit", c0."current_usage", c0."active", c0."metadata", c0."password_hash", c0."is_staff", c0."admin_level", c0."trial_fixes_used", c0."trial_fixes_limit", c0."stripe_customer_id", c0."subscription_plan", c0."subscription_status", c0."rollover_fixes", c0."payment_method_added_at", c0."trial_expired_at", c0."fixes_used_this_month", c0."fixes_quota_this_month", c0."has_payment_method", c0."inserted_at", c0."updated_at" FROM "customers" AS c0 WHERE (c0."id" = $1) [72183]
14:25:39.434 request_id=GGRUNJdK6m4pWIEAAG8F [info] API key status: :valid
14:25:39.434 request_id=GGRUNJdK6m4pWIEAAG8F [info] Getting enhanced patterns for javascript
14:25:39.435 request_id=GGRUNJdK6m4pWIEAAG8F [info] Retrieved 30 patterns
14:25:39.435 request_id=GGRUNJdK6m4pWIEAAG8F [debug] Formatting pattern: "js-sql-injection-concat"
14:25:39.435 request_id=GGRUNJdK6m4pWIEAAG8F [debug] Formatted pattern keys: ["astRules", "confidenceRules", "contextRules", "cweId", "description", "examples", "frameworks", "id", "languages", "minConfidence", "name", "owaspCategory", "recommendation", "regex", "regexPatterns", "severity", "supportsAst", "type"]
14:25:39.435 request_id=GGRUNJdK6m4pWIEAAG8F [debug] Formatting pattern: "js-sql-injection-interpolation"
14:25:39.435 request_id=GGRUNJdK6m4pWIEAAG8F [debug] Formatted pattern keys: ["astRules", "confidenceRules", "contextRules", "cweId", "description", "examples", "frameworks", "id", "languages", "minConfidence", "name", "owaspCategory", "recommendation", "regex", "regexPatterns", "severity", "supportsAst", "type"]
14:25:39.435 request_id=GGRUNJdK6m4pWIEAAG8F [debug] Formatting pattern: "js-xss-innerhtml"
14:25:39.435 request_id=GGRUNJdK6m4pWIEAAG8F [debug] Formatted pattern keys: ["astRules", "confidenceRules", "contextRules", "cweId", "description", "examples", "frameworks", "id", "languages", "minConfidence", "name", "owaspCategory", "recommendation", "regex", "regexPatterns", "severity", "supportsAst", "type"]
14:25:39.435 request_id=GGRUNJdK6m4pWIEAAG8F [debug] Formatting pattern: "js-xss-document-write"
14:25:39.435 request_id=GGRUNJdK6m4pWIEAAG8F [debug] Formatted pattern keys: ["astRules", "confidenceRules", "contextRules", "cweId", "description", "examples", "frameworks", "id", "languages", "minConfidence", "name", "owaspCategory", "recommendation", "regex", "regexPatterns", "severity", "supportsAst", "type"]
14:25:39.435 request_id=GGRUNJdK6m4pWIEAAG8F [debug] Formatting pattern: "js-xss-jquery-html"
14:25:39.435 request_id=GGRUNJdK6m4pWIEAAG8F [debug] Formatted pattern keys: ["astRules", "confidenceRules", "contextRules", "cweId", "description", "examples", "frameworks", "id", "languages", "minConfidence", "name", "owaspCategory", "recommendation", "regex", "regexPatterns", "severity", "supportsAst", "type"]
14:25:39.435 request_id=GGRUNJdK6m4pWIEAAG8F [debug] Formatting pattern: "js-xss-react-dangerously"
14:25:39.435 request_id=GGRUNJdK6m4pWIEAAG8F [debug] Formatted pattern keys: ["astRules", "confidenceRules", "contextRules", "cweId", "description", "examples", "frameworks", "id", "languages", "minConfidence", "name", "owaspCategory", "recommendation", "regex", "regexPatterns", "severity", "supportsAst", "type"]
14:25:39.435 request_id=GGRUNJdK6m4pWIEAAG8F [debug] Formatting pattern: "js-xss-dom-manipulation"
14:25:39.435 request_id=GGRUNJdK6m4pWIEAAG8F [debug] Formatted pattern keys: ["astRules", "confidenceRules", "contextRules", "cweId", "description", "examples", "frameworks", "id", "languages", "minConfidence", "name", "owaspCategory", "recommendation", "regex", "regexPatterns", "severity", "supportsAst", "type"]
14:25:39.435 request_id=GGRUNJdK6m4pWIEAAG8F [debug] Formatting pattern: "js-command-injection-exec"
14:25:39.435 request_id=GGRUNJdK6m4pWIEAAG8F [debug] Formatted pattern keys: ["astRules", "confidenceRules", "contextRules", "cweId", "description", "examples", "frameworks", "id", "languages", "minConfidence", "name", "owaspCategory", "recommendation", "regex", "regexPatterns", "severity", "supportsAst", "type"]
14:25:39.435 request_id=GGRUNJdK6m4pWIEAAG8F [debug] Formatting pattern: "js-command-injection-spawn"
14:25:39.435 request_id=GGRUNJdK6m4pWIEAAG8F [debug] Formatted pattern keys: ["astRules", "confidenceRules", "contextRules", "cweId", "description", "examples", "frameworks", "id", "languages", "minConfidence", "name", "owaspCategory", "recommendation", "regex", "regexPatterns", "severity", "supportsAst", "type"]
14:25:39.435 request_id=GGRUNJdK6m4pWIEAAG8F [debug] Formatting pattern: "js-path-traversal-join"
14:25:39.435 request_id=GGRUNJdK6m4pWIEAAG8F [debug] Formatted pattern keys: ["astRules", "confidenceRules", "contextRules", "cweId", "description", "examples", "frameworks", "id", "languages", "minConfidence", "name", "owaspCategory", "recommendation", "regex", "regexPatterns", "severity", "supportsAst", "type"]
14:25:39.435 request_id=GGRUNJdK6m4pWIEAAG8F [debug] Formatting pattern: "js-path-traversal-concat"
14:25:39.435 request_id=GGRUNJdK6m4pWIEAAG8F [debug] Formatted pattern keys: ["astRules", "confidenceRules", "contextRules", "cweId", "description", "examples", "frameworks", "id", "languages", "minConfidence", "name", "owaspCategory", "recommendation", "regex", "regexPatterns", "severity", "supportsAst", "type"]
14:25:39.435 request_id=GGRUNJdK6m4pWIEAAG8F [debug] Formatting pattern: "js-weak-crypto-md5"
14:25:39.435 request_id=GGRUNJdK6m4pWIEAAG8F [debug] Formatted pattern keys: ["astRules", "confidenceRules", "contextRules", "cweId", "description", "examples", "frameworks", "id", "languages", "minConfidence", "name", "owaspCategory", "recommendation", "regex", "regexPatterns", "severity", "supportsAst", "type"]
14:25:39.435 request_id=GGRUNJdK6m4pWIEAAG8F [debug] Formatting pattern: "js-weak-crypto-sha1"
14:25:39.435 request_id=GGRUNJdK6m4pWIEAAG8F [debug] Formatted pattern keys: ["astRules", "confidenceRules", "contextRules", "cweId", "description", "examples", "frameworks", "id", "languages", "minConfidence", "name", "owaspCategory", "recommendation", "regex", "regexPatterns", "severity", "supportsAst", "type"]
14:25:39.435 request_id=GGRUNJdK6m4pWIEAAG8F [debug] Formatting pattern: "js-hardcoded-secret-password"
14:25:39.435 request_id=GGRUNJdK6m4pWIEAAG8F [debug] Formatted pattern keys: ["astRules", "confidenceRules", "contextRules", "cweId", "description", "examples", "frameworks", "id", "languages", "minConfidence", "name", "owaspCategory", "recommendation", "regex", "regexPatterns", "severity", "supportsAst", "type"]
14:25:39.435 request_id=GGRUNJdK6m4pWIEAAG8F [debug] Formatting pattern: "js-hardcoded-secret-api-key"
14:25:39.435 request_id=GGRUNJdK6m4pWIEAAG8F [debug] Formatted pattern keys: ["astRules", "confidenceRules", "contextRules", "cweId", "description", "examples", "frameworks", "id", "languages", "minConfidence", "name", "owaspCategory", "recommendation", "regex", "regexPatterns", "severity", "supportsAst", "type"]
14:25:39.435 request_id=GGRUNJdK6m4pWIEAAG8F [debug] Formatting pattern: "js-eval-user-input"
14:25:39.435 request_id=GGRUNJdK6m4pWIEAAG8F [debug] Formatted pattern keys: ["astRules", "confidenceRules", "contextRules", "cweId", "description", "examples", "frameworks", "id", "languages", "minConfidence", "name", "owaspCategory", "recommendation", "regex", "regexPatterns", "severity", "supportsAst", "type"]
14:25:39.435 request_id=GGRUNJdK6m4pWIEAAG8F [debug] Formatting pattern: "js-unsafe-regex"
14:25:39.435 request_id=GGRUNJdK6m4pWIEAAG8F [debug] Formatted pattern keys: ["astRules", "confidenceRules", "contextRules", "cweId", "description", "examples", "frameworks", "id", "languages", "minConfidence", "name", "owaspCategory", "recommendation", "regex", "regexPatterns", "severity", "supportsAst", "type"]
14:25:39.435 request_id=GGRUNJdK6m4pWIEAAG8F [debug] Formatting pattern: "js-open-redirect"
14:25:39.435 request_id=GGRUNJdK6m4pWIEAAG8F [debug] Formatted pattern keys: ["astRules", "confidenceRules", "contextRules", "cweId", "description", "examples", "frameworks", "id", "languages", "minConfidence", "name", "owaspCategory", "recommendation", "regex", "regexPatterns", "severity", "supportsAst", "type"]
14:25:39.435 request_id=GGRUNJdK6m4pWIEAAG8F [debug] Formatting pattern: "js-xxe-external-entities"
14:25:39.435 request_id=GGRUNJdK6m4pWIEAAG8F [debug] Formatted pattern keys: ["astRules", "confidenceRules", "contextRules", "cweId", "description", "examples", "frameworks", "id", "languages", "minConfidence", "name", "owaspCategory", "recommendation", "regex", "regexPatterns", "severity", "supportsAst", "type"]
14:25:39.435 request_id=GGRUNJdK6m4pWIEAAG8F [debug] Formatting pattern: "js-prototype-pollution"
14:25:39.435 request_id=GGRUNJdK6m4pWIEAAG8F [debug] Formatted pattern keys: ["astRules", "confidenceRules", "contextRules", "cweId", "description", "examples", "frameworks", "id", "languages", "minConfidence", "name", "owaspCategory", "recommendation", "regex", "regexPatterns", "severity", "supportsAst", "type"]
14:25:39.435 request_id=GGRUNJdK6m4pWIEAAG8F [debug] Formatting pattern: "js-insecure-random"
14:25:39.435 request_id=GGRUNJdK6m4pWIEAAG8F [debug] Formatted pattern keys: ["astRules", "confidenceRules", "contextRules", "cweId", "description", "examples", "frameworks", "id", "languages", "minConfidence", "name", "owaspCategory", "recommendation", "regex", "regexPatterns", "severity", "supportsAst", "type"]
14:25:39.435 request_id=GGRUNJdK6m4pWIEAAG8F [debug] Formatting pattern: "js-timing-attack"
14:25:39.435 request_id=GGRUNJdK6m4pWIEAAG8F [debug] Formatted pattern keys: ["astRules", "confidenceRules", "contextRules", "cweId", "description", "examples", "frameworks", "id", "languages", "minConfidence", "name", "owaspCategory", "recommendation", "regex", "regexPatterns", "severity", "supportsAst", "type"]
14:25:39.435 request_id=GGRUNJdK6m4pWIEAAG8F [debug] Formatting pattern: "js-nosql-injection"
14:25:39.435 request_id=GGRUNJdK6m4pWIEAAG8F [debug] Formatted pattern keys: ["astRules", "confidenceRules", "contextRules", "cweId", "description", "examples", "frameworks", "id", "languages", "minConfidence", "name", "owaspCategory", "recommendation", "regex", "regexPatterns", "severity", "supportsAst", "type"]
14:25:39.435 request_id=GGRUNJdK6m4pWIEAAG8F [debug] Formatting pattern: "js-ldap-injection"
14:25:39.435 request_id=GGRUNJdK6m4pWIEAAG8F [debug] Formatted pattern keys: ["astRules", "confidenceRules", "contextRules", "cweId", "description", "examples", "frameworks", "id", "languages", "minConfidence", "name", "owaspCategory", "recommendation", "regex", "regexPatterns", "severity", "supportsAst", "type"]
14:25:39.435 request_id=GGRUNJdK6m4pWIEAAG8F [debug] Formatting pattern: "js-xpath-injection"
14:25:39.435 request_id=GGRUNJdK6m4pWIEAAG8F [debug] Formatted pattern keys: ["astRules", "confidenceRules", "contextRules", "cweId", "description", "examples", "frameworks", "id", "languages", "minConfidence", "name", "owaspCategory", "recommendation", "regex", "regexPatterns", "severity", "supportsAst", "type"]
14:25:39.435 request_id=GGRUNJdK6m4pWIEAAG8F [debug] Formatting pattern: "js-ssrf"
14:25:39.435 request_id=GGRUNJdK6m4pWIEAAG8F [debug] Formatted pattern keys: ["astRules", "confidenceRules", "contextRules", "cweId", "description", "examples", "frameworks", "id", "languages", "minConfidence", "name", "owaspCategory", "recommendation", "regex", "regexPatterns", "severity", "supportsAst", "type"]
14:25:39.436 request_id=GGRUNJdK6m4pWIEAAG8F [debug] Formatting pattern: "js-insecure-deserialization"
14:25:39.436 request_id=GGRUNJdK6m4pWIEAAG8F [debug] Formatted pattern keys: ["astRules", "confidenceRules", "contextRules", "cweId", "description", "examples", "frameworks", "id", "languages", "minConfidence", "name", "owaspCategory", "recommendation", "regex", "regexPatterns", "severity", "supportsAst", "type"]
14:25:39.436 request_id=GGRUNJdK6m4pWIEAAG8F [debug] Formatting pattern: "js-missing-csrf"
14:25:39.436 request_id=GGRUNJdK6m4pWIEAAG8F [debug] Formatted pattern keys: ["astRules", "confidenceRules", "contextRules", "cweId", "description", "examples", "frameworks", "id", "languages", "minConfidence", "name", "owaspCategory", "recommendation", "regex", "regexPatterns", "severity", "supportsAst", "type"]
14:25:39.436 request_id=GGRUNJdK6m4pWIEAAG8F [debug] Formatting pattern: "js-jwt-none-algorithm"
14:25:39.436 request_id=GGRUNJdK6m4pWIEAAG8F [debug] Formatted pattern keys: ["astRules", "confidenceRules", "contextRules", "cweId", "description", "examples", "frameworks", "id", "languages", "minConfidence", "name", "owaspCategory", "recommendation", "regex", "regexPatterns", "severity", "supportsAst", "type"]
14:25:39.436 request_id=GGRUNJdK6m4pWIEAAG8F [debug] Formatting pattern: "js-debug-console-log"
14:25:39.436 request_id=GGRUNJdK6m4pWIEAAG8F [debug] Formatted pattern keys: ["astRules", "confidenceRules", "contextRules", "cweId", "description", "examples", "frameworks", "id", "languages", "minConfidence", "name", "owaspCategory", "recommendation", "regex", "regexPatterns", "severity", "supportsAst", "type"]
14:25:39.436 request_id=GGRUNJdK6m4pWIEAAG8F [info] Sent 200 in 2ms
.14:25:39.437 [debug] QUERY OK source="customers" db=0.0ms
INSERT INTO "customers" ("active","name","metadata","email","is_staff","subscription_plan","monthly_limit","current_usage","fixes_quota_this_month","fixes_used_this_month","has_payment_method","rollover_fixes","subscription_status","trial_fixes_limit","trial_fixes_used","inserted_at","updated_at") VALUES ($1,$2,$3,$4,$5,$6,$7,$8,$9,$10,$11,$12,$13,$14,$15,$16,$17) RETURNING "id" [true, "Test Customer 9995", %{}, "test9995@example.com", false, "trial", 100, 15, 0, 0, false, 0, "active", 5, 0, ~N[2025-09-11 20:25:39], ~N[2025-09-11 20:25:39]]
14:25:39.438 [debug] QUERY OK source="api_keys" db=0.1ms
INSERT INTO "api_keys" ("active","name","permissions","key","customer_id","inserted_at","updated_at") VALUES ($1,$2,$3,$4,$5,$6,$7) RETURNING "id" [true, "Test Key", ["full_access"], "rsolv_hAL9yHqUIuNTJCkHJuY6XQE4gbOuzbkzQanxOiJUcIY", 72184, ~U[2025-09-11 20:25:39Z], ~U[2025-09-11 20:25:39Z]]
14:25:39.438 request_id=GGRUNJeAdomLnuoAADkJ [info] GET /api/v1/patterns
14:25:39.438 request_id=GGRUNJeAdomLnuoAADkJ [debug] Processing with RsolvWeb.Api.V1.PatternController.index/2
  Parameters: %{"format" => "standard", "language" => "javascript"}
  Pipelines: [:api]
14:25:39.438 request_id=GGRUNJeAdomLnuoAADkJ [info] Pattern API called with params: %{"format" => "standard", "language" => "javascript"}
14:25:39.438 request_id=GGRUNJeAdomLnuoAADkJ [info] Language: javascript, Format: standard
14:25:39.438 request_id=GGRUNJeAdomLnuoAADkJ [debug] QUERY OK source="api_keys" db=0.0ms
SELECT a0."id", a0."key", a0."name", a0."permissions", a0."active", a0."last_used_at", a0."expires_at", a0."customer_id", a0."inserted_at", a0."updated_at" FROM "api_keys" AS a0 WHERE ((a0."key" = $1) AND (a0."active" = $2)) ["rsolv_hAL9yHqUIuNTJCkHJuY6XQE4gbOuzbkzQanxOiJUcIY", true]
14:25:39.438 request_id=GGRUNJeAdomLnuoAADkJ [debug] QUERY OK source="customers" db=0.0ms
SELECT c0."id", c0."name", c0."email", c0."monthly_limit", c0."current_usage", c0."active", c0."metadata", c0."password_hash", c0."is_staff", c0."admin_level", c0."trial_fixes_used", c0."trial_fixes_limit", c0."stripe_customer_id", c0."subscription_plan", c0."subscription_status", c0."rollover_fixes", c0."payment_method_added_at", c0."trial_expired_at", c0."fixes_used_this_month", c0."fixes_quota_this_month", c0."has_payment_method", c0."inserted_at", c0."updated_at" FROM "customers" AS c0 WHERE (c0."id" = $1) [72184]
14:25:39.438 request_id=GGRUNJeAdomLnuoAADkJ [info] API key status: :valid
14:25:39.438 request_id=GGRUNJeAdomLnuoAADkJ [info] Getting enhanced patterns for javascript
14:25:39.438 request_id=GGRUNJeAdomLnuoAADkJ [info] Retrieved 30 patterns
14:25:39.438 request_id=GGRUNJeAdomLnuoAADkJ [debug] Formatting pattern: "js-sql-injection-concat"
14:25:39.438 request_id=GGRUNJeAdomLnuoAADkJ [debug] Formatted pattern keys: ["cweId", "description", "examples", "frameworks", "id", "languages", "name", "owaspCategory", "recommendation", "regex", "regexPatterns", "severity", "supportsAst", "type"]
14:25:39.438 request_id=GGRUNJeAdomLnuoAADkJ [debug] Formatting pattern: "js-sql-injection-interpolation"
14:25:39.438 request_id=GGRUNJeAdomLnuoAADkJ [debug] Formatted pattern keys: ["cweId", "description", "examples", "frameworks", "id", "languages", "name", "owaspCategory", "recommendation", "regex", "regexPatterns", "severity", "supportsAst", "type"]
14:25:39.438 request_id=GGRUNJeAdomLnuoAADkJ [debug] Formatting pattern: "js-xss-innerhtml"
14:25:39.438 request_id=GGRUNJeAdomLnuoAADkJ [debug] Formatted pattern keys: ["cweId", "description", "examples", "frameworks", "id", "languages", "name", "owaspCategory", "recommendation", "regex", "regexPatterns", "severity", "supportsAst", "type"]
14:25:39.438 request_id=GGRUNJeAdomLnuoAADkJ [debug] Formatting pattern: "js-xss-document-write"
14:25:39.438 request_id=GGRUNJeAdomLnuoAADkJ [debug] Formatted pattern keys: ["cweId", "description", "examples", "frameworks", "id", "languages", "name", "owaspCategory", "recommendation", "regex", "regexPatterns", "severity", "supportsAst", "type"]
14:25:39.438 request_id=GGRUNJeAdomLnuoAADkJ [debug] Formatting pattern: "js-xss-jquery-html"
14:25:39.438 request_id=GGRUNJeAdomLnuoAADkJ [debug] Formatted pattern keys: ["cweId", "description", "examples", "frameworks", "id", "languages", "name", "owaspCategory", "recommendation", "regex", "regexPatterns", "severity", "supportsAst", "type"]
14:25:39.438 request_id=GGRUNJeAdomLnuoAADkJ [debug] Formatting pattern: "js-xss-react-dangerously"
14:25:39.438 request_id=GGRUNJeAdomLnuoAADkJ [debug] Formatted pattern keys: ["cweId", "description", "examples", "frameworks", "id", "languages", "name", "owaspCategory", "recommendation", "regex", "regexPatterns", "severity", "supportsAst", "type"]
14:25:39.438 request_id=GGRUNJeAdomLnuoAADkJ [debug] Formatting pattern: "js-xss-dom-manipulation"
14:25:39.438 request_id=GGRUNJeAdomLnuoAADkJ [debug] Formatted pattern keys: ["cweId", "description", "examples", "frameworks", "id", "languages", "name", "owaspCategory", "recommendation", "regex", "regexPatterns", "severity", "supportsAst", "type"]
14:25:39.438 request_id=GGRUNJeAdomLnuoAADkJ [debug] Formatting pattern: "js-command-injection-exec"
14:25:39.438 request_id=GGRUNJeAdomLnuoAADkJ [debug] Formatted pattern keys: ["cweId", "description", "examples", "frameworks", "id", "languages", "name", "owaspCategory", "recommendation", "regex", "regexPatterns", "severity", "supportsAst", "type"]
14:25:39.438 request_id=GGRUNJeAdomLnuoAADkJ [debug] Formatting pattern: "js-command-injection-spawn"
14:25:39.438 request_id=GGRUNJeAdomLnuoAADkJ [debug] Formatted pattern keys: ["cweId", "description", "examples", "frameworks", "id", "languages", "name", "owaspCategory", "recommendation", "regex", "regexPatterns", "severity", "supportsAst", "type"]
14:25:39.438 request_id=GGRUNJeAdomLnuoAADkJ [debug] Formatting pattern: "js-path-traversal-join"
14:25:39.438 request_id=GGRUNJeAdomLnuoAADkJ [debug] Formatted pattern keys: ["cweId", "description", "examples", "frameworks", "id", "languages", "name", "owaspCategory", "recommendation", "regex", "regexPatterns", "severity", "supportsAst", "type"]
14:25:39.438 request_id=GGRUNJeAdomLnuoAADkJ [debug] Formatting pattern: "js-path-traversal-concat"
14:25:39.438 request_id=GGRUNJeAdomLnuoAADkJ [debug] Formatted pattern keys: ["cweId", "description", "examples", "frameworks", "id", "languages", "name", "owaspCategory", "recommendation", "regex", "regexPatterns", "severity", "supportsAst", "type"]
14:25:39.438 request_id=GGRUNJeAdomLnuoAADkJ [debug] Formatting pattern: "js-weak-crypto-md5"
14:25:39.438 request_id=GGRUNJeAdomLnuoAADkJ [debug] Formatted pattern keys: ["cweId", "description", "examples", "frameworks", "id", "languages", "name", "owaspCategory", "recommendation", "regex", "regexPatterns", "severity", "supportsAst", "type"]
14:25:39.438 request_id=GGRUNJeAdomLnuoAADkJ [debug] Formatting pattern: "js-weak-crypto-sha1"
14:25:39.438 request_id=GGRUNJeAdomLnuoAADkJ [debug] Formatted pattern keys: ["cweId", "description", "examples", "frameworks", "id", "languages", "name", "owaspCategory", "recommendation", "regex", "regexPatterns", "severity", "supportsAst", "type"]
14:25:39.438 request_id=GGRUNJeAdomLnuoAADkJ [debug] Formatting pattern: "js-hardcoded-secret-password"
14:25:39.438 request_id=GGRUNJeAdomLnuoAADkJ [debug] Formatted pattern keys: ["cweId", "description", "examples", "frameworks", "id", "languages", "name", "owaspCategory", "recommendation", "regex", "regexPatterns", "severity", "supportsAst", "type"]
14:25:39.438 request_id=GGRUNJeAdomLnuoAADkJ [debug] Formatting pattern: "js-hardcoded-secret-api-key"
14:25:39.438 request_id=GGRUNJeAdomLnuoAADkJ [debug] Formatted pattern keys: ["cweId", "description", "examples", "frameworks", "id", "languages", "name", "owaspCategory", "recommendation", "regex", "regexPatterns", "severity", "supportsAst", "type"]
14:25:39.438 request_id=GGRUNJeAdomLnuoAADkJ [debug] Formatting pattern: "js-eval-user-input"
14:25:39.438 request_id=GGRUNJeAdomLnuoAADkJ [debug] Formatted pattern keys: ["cweId", "description", "examples", "frameworks", "id", "languages", "name", "owaspCategory", "recommendation", "regex", "regexPatterns", "severity", "supportsAst", "type"]
14:25:39.438 request_id=GGRUNJeAdomLnuoAADkJ [debug] Formatting pattern: "js-unsafe-regex"
14:25:39.438 request_id=GGRUNJeAdomLnuoAADkJ [debug] Formatted pattern keys: ["cweId", "description", "examples", "frameworks", "id", "languages", "name", "owaspCategory", "recommendation", "regex", "regexPatterns", "severity", "supportsAst", "type"]
14:25:39.438 request_id=GGRUNJeAdomLnuoAADkJ [debug] Formatting pattern: "js-open-redirect"
14:25:39.438 request_id=GGRUNJeAdomLnuoAADkJ [debug] Formatted pattern keys: ["cweId", "description", "examples", "frameworks", "id", "languages", "name", "owaspCategory", "recommendation", "regex", "regexPatterns", "severity", "supportsAst", "type"]
14:25:39.438 request_id=GGRUNJeAdomLnuoAADkJ [debug] Formatting pattern: "js-xxe-external-entities"
14:25:39.438 request_id=GGRUNJeAdomLnuoAADkJ [debug] Formatted pattern keys: ["cweId", "description", "examples", "frameworks", "id", "languages", "name", "owaspCategory", "recommendation", "regex", "regexPatterns", "severity", "supportsAst", "type"]
14:25:39.438 request_id=GGRUNJeAdomLnuoAADkJ [debug] Formatting pattern: "js-prototype-pollution"
14:25:39.438 request_id=GGRUNJeAdomLnuoAADkJ [debug] Formatted pattern keys: ["cweId", "description", "examples", "frameworks", "id", "languages", "name", "owaspCategory", "recommendation", "regex", "regexPatterns", "severity", "supportsAst", "type"]
14:25:39.438 request_id=GGRUNJeAdomLnuoAADkJ [debug] Formatting pattern: "js-insecure-random"
14:25:39.438 request_id=GGRUNJeAdomLnuoAADkJ [debug] Formatted pattern keys: ["cweId", "description", "examples", "frameworks", "id", "languages", "name", "owaspCategory", "recommendation", "regex", "regexPatterns", "severity", "supportsAst", "type"]
14:25:39.438 request_id=GGRUNJeAdomLnuoAADkJ [debug] Formatting pattern: "js-timing-attack"
14:25:39.439 request_id=GGRUNJeAdomLnuoAADkJ [debug] Formatted pattern keys: ["cweId", "description", "examples", "frameworks", "id", "languages", "name", "owaspCategory", "recommendation", "regex", "regexPatterns", "severity", "supportsAst", "type"]
14:25:39.439 request_id=GGRUNJeAdomLnuoAADkJ [debug] Formatting pattern: "js-nosql-injection"
14:25:39.439 request_id=GGRUNJeAdomLnuoAADkJ [debug] Formatted pattern keys: ["cweId", "description", "examples", "frameworks", "id", "languages", "name", "owaspCategory", "recommendation", "regex", "regexPatterns", "severity", "supportsAst", "type"]
14:25:39.439 request_id=GGRUNJeAdomLnuoAADkJ [debug] Formatting pattern: "js-ldap-injection"
14:25:39.439 request_id=GGRUNJeAdomLnuoAADkJ [debug] Formatted pattern keys: ["cweId", "description", "examples", "frameworks", "id", "languages", "name", "owaspCategory", "recommendation", "regex", "regexPatterns", "severity", "supportsAst", "type"]
14:25:39.439 request_id=GGRUNJeAdomLnuoAADkJ [debug] Formatting pattern: "js-xpath-injection"
14:25:39.439 request_id=GGRUNJeAdomLnuoAADkJ [debug] Formatted pattern keys: ["cweId", "description", "examples", "frameworks", "id", "languages", "name", "owaspCategory", "recommendation", "regex", "regexPatterns", "severity", "supportsAst", "type"]
14:25:39.439 request_id=GGRUNJeAdomLnuoAADkJ [debug] Formatting pattern: "js-ssrf"
14:25:39.439 request_id=GGRUNJeAdomLnuoAADkJ [debug] Formatted pattern keys: ["cweId", "description", "examples", "frameworks", "id", "languages", "name", "owaspCategory", "recommendation", "regex", "regexPatterns", "severity", "supportsAst", "type"]
14:25:39.439 request_id=GGRUNJeAdomLnuoAADkJ [debug] Formatting pattern: "js-insecure-deserialization"
14:25:39.439 request_id=GGRUNJeAdomLnuoAADkJ [debug] Formatted pattern keys: ["cweId", "description", "examples", "frameworks", "id", "languages", "name", "owaspCategory", "recommendation", "regex", "regexPatterns", "severity", "supportsAst", "type"]
14:25:39.439 request_id=GGRUNJeAdomLnuoAADkJ [debug] Formatting pattern: "js-missing-csrf"
14:25:39.439 request_id=GGRUNJeAdomLnuoAADkJ [debug] Formatted pattern keys: ["cweId", "description", "examples", "frameworks", "id", "languages", "name", "owaspCategory", "recommendation", "regex", "regexPatterns", "severity", "supportsAst", "type"]
14:25:39.439 request_id=GGRUNJeAdomLnuoAADkJ [debug] Formatting pattern: "js-jwt-none-algorithm"
14:25:39.439 request_id=GGRUNJeAdomLnuoAADkJ [debug] Formatted pattern keys: ["cweId", "description", "examples", "frameworks", "id", "languages", "name", "owaspCategory", "recommendation", "regex", "regexPatterns", "severity", "supportsAst", "type"]
14:25:39.439 request_id=GGRUNJeAdomLnuoAADkJ [debug] Formatting pattern: "js-debug-console-log"
14:25:39.439 request_id=GGRUNJeAdomLnuoAADkJ [debug] Formatted pattern keys: ["cweId", "description", "examples", "frameworks", "id", "languages", "name", "owaspCategory", "recommendation", "regex", "regexPatterns", "severity", "supportsAst", "type"]
14:25:39.439 request_id=GGRUNJeAdomLnuoAADkJ [info] Sent 200 in 1ms
....................14:25:39.440 [debug] QUERY OK source="customers" db=0.1ms
INSERT INTO "customers" ("active","name","metadata","email","is_staff","subscription_plan","monthly_limit","current_usage","fixes_quota_this_month","fixes_used_this_month","has_payment_method","rollover_fixes","subscription_status","trial_fixes_limit","trial_fixes_used","inserted_at","updated_at") VALUES ($1,$2,$3,$4,$5,$6,$7,$8,$9,$10,$11,$12,$13,$14,$15,$16,$17) RETURNING "id" [true, "Test Corp", %{}, "test@example.com", false, "trial", 100, 0, 0, 0, false, 0, "active", 5, 0, ~N[2025-09-11 20:25:39], ~N[2025-09-11 20:25:39]]
14:25:39.440 [debug] QUERY OK source="api_keys" db=0.0ms
INSERT INTO "api_keys" ("active","name","permissions","key","customer_id","inserted_at","updated_at") VALUES ($1,$2,$3,$4,$5,$6,$7) RETURNING "id" [true, "Test Key", [], "test_1d8f681c-aa8b-442a-a20f-255bfbf166e3", 72185, ~U[2025-09-11 20:25:39Z], ~U[2025-09-11 20:25:39Z]]
14:25:39.441 [debug] QUERY OK source="forge_accounts" db=0.1ms
INSERT INTO "forge_accounts" ("metadata","namespace","customer_id","forge_type","verified_at","inserted_at","updated_at") VALUES ($1,$2,$3,$4,$5,$6,$7) RETURNING "id" [%{}, "RSOLV-dev", 72185, :github, ~U[2025-09-11 20:25:39.440948Z], ~U[2025-09-11 20:25:39.440965Z], ~U[2025-09-11 20:25:39.440965Z]]
14:25:39.441 [debug] QUERY OK source="customers" db=0.0ms
SELECT c0."id", c0."name", c0."email", c0."monthly_limit", c0."current_usage", c0."active", c0."metadata", c0."password_hash", c0."is_staff", c0."admin_level", c0."trial_fixes_used", c0."trial_fixes_limit", c0."stripe_customer_id", c0."subscription_plan", c0."subscription_status", c0."rollover_fixes", c0."payment_method_added_at", c0."trial_expired_at", c0."fixes_used_this_month", c0."fixes_quota_this_month", c0."has_payment_method", c0."inserted_at", c0."updated_at" FROM "customers" AS c0 WHERE (c0."id" = $1) [72185]
14:25:39.441 [debug] QUERY OK source="forge_accounts" db=0.0ms
SELECT f0."id", f0."forge_type", f0."namespace", f0."verified_at", f0."metadata", f0."customer_id", f0."inserted_at", f0."updated_at" FROM "forge_accounts" AS f0 WHERE (f0."customer_id" = $1) AND (f0."forge_type" = $2) AND (f0."namespace" = $3) [72185, :github, "RSOLV-dev"]
14:25:39.441 [debug] QUERY OK source="repositories" db=0.1ms
SELECT r0."id", r0."forge_type", r0."namespace", r0."name", r0."full_path", r0."first_seen_at", r0."last_activity_at", r0."metadata", r0."customer_id", r0."inserted_at", r0."updated_at" FROM "repositories" AS r0 WHERE (((r0."forge_type" = $1) AND (r0."namespace" = $2)) AND (r0."name" = $3)) [:github, "RSOLV-dev", "partial-repo"]
14:25:39.441 [debug] QUERY OK source="repositories" db=0.1ms
INSERT INTO "repositories" ("name","metadata","namespace","customer_id","forge_type","full_path","last_activity_at","first_seen_at","inserted_at","updated_at") VALUES ($1,$2,$3,$4,$5,$6,$7,$8,$9,$10) RETURNING "id" ["partial-repo", %{}, "RSOLV-dev", 72185, :github, "RSOLV-dev/partial-repo", ~U[2025-09-11 20:25:39.441537Z], ~U[2025-09-11 20:25:39.441537Z], ~U[2025-09-11 20:25:39.441553Z], ~U[2025-09-11 20:25:39.441553Z]]
14:25:39.442 [debug] QUERY OK source="scan_executions" db=0.1ms
INSERT INTO "scan_executions" ("data","status","started_at","branch","completed_at","commit_sha","vulnerabilities_count","repository_id","api_key_id","inserted_at","updated_at") VALUES ($1,$2,$3,$4,$5,$6,$7,$8,$9,$10,$11) RETURNING "id" [%{"vulnerabilities" => [%{"severity" => "high", "type" => "sql_injection"}]}, :completed, ~U[2025-09-11 20:25:39.441813Z], "main", ~U[2025-09-11 20:25:39.441815Z], "partial123", 1, 10995, 27992, ~U[2025-09-11 20:25:39.441840Z], ~U[2025-09-11 20:25:39.441840Z]]
14:25:39.442 [debug] QUERY OK source="repositories" db=0.0ms
SELECT r0."id", r0."forge_type", r0."namespace", r0."name", r0."full_path", r0."first_seen_at", r0."last_activity_at", r0."metadata", r0."customer_id", r0."inserted_at", r0."updated_at", r0."id" FROM "repositories" AS r0 WHERE (r0."id" = $1) [10995]
14:25:39.442 request_id=GGRUNJfAQVJt1tIAAIWB [info] GET /api/v1/phases/retrieve
14:25:39.442 request_id=GGRUNJfAQVJt1tIAAIWB [debug] Processing with RsolvWeb.Api.V1.PhaseController.retrieve/2
  Parameters: %{"commit" => "partial123", "issue" => "456", "repo" => "RSOLV-dev/partial-repo"}
  Pipelines: [:api]
14:25:39.442 request_id=GGRUNJfAQVJt1tIAAIWB [debug] QUERY OK source="api_keys" db=0.0ms
SELECT a0."id", a0."key", a0."name", a0."permissions", a0."active", a0."last_used_at", a0."expires_at", a0."customer_id", a0."inserted_at", a0."updated_at" FROM "api_keys" AS a0 WHERE ((a0."key" = $1) AND (a0."active" = $2)) ["test_1d8f681c-aa8b-442a-a20f-255bfbf166e3", true]
14:25:39.442 request_id=GGRUNJfAQVJt1tIAAIWB [debug] QUERY OK source="customers" db=0.0ms
SELECT c0."id", c0."name", c0."email", c0."monthly_limit", c0."current_usage", c0."active", c0."metadata", c0."password_hash", c0."is_staff", c0."admin_level", c0."trial_fixes_used", c0."trial_fixes_limit", c0."stripe_customer_id", c0."subscription_plan", c0."subscription_status", c0."rollover_fixes", c0."payment_method_added_at", c0."trial_expired_at", c0."fixes_used_this_month", c0."fixes_quota_this_month", c0."has_payment_method", c0."inserted_at", c0."updated_at", c0."id" FROM "customers" AS c0 WHERE (c0."id" = $1) [72185]
14:25:39.442 request_id=GGRUNJfAQVJt1tIAAIWB [debug] QUERY OK source="customers" db=0.0ms
SELECT c0."id", c0."name", c0."email", c0."monthly_limit", c0."current_usage", c0."active", c0."metadata", c0."password_hash", c0."is_staff", c0."admin_level", c0."trial_fixes_used", c0."trial_fixes_limit", c0."stripe_customer_id", c0."subscription_plan", c0."subscription_status", c0."rollover_fixes", c0."payment_method_added_at", c0."trial_expired_at", c0."fixes_used_this_month", c0."fixes_quota_this_month", c0."has_payment_method", c0."inserted_at", c0."updated_at" FROM "customers" AS c0 WHERE (c0."id" = $1) [72185]
14:25:39.442 request_id=GGRUNJfAQVJt1tIAAIWB [debug] QUERY OK source="forge_accounts" db=0.1ms
SELECT f0."id", f0."forge_type", f0."namespace", f0."verified_at", f0."metadata", f0."customer_id", f0."inserted_at", f0."updated_at" FROM "forge_accounts" AS f0 WHERE (f0."customer_id" = $1) AND (f0."forge_type" = $2) AND (f0."namespace" = $3) [72185, :github, "RSOLV-dev"]
14:25:39.442 request_id=GGRUNJfAQVJt1tIAAIWB [debug] QUERY OK source="repositories" db=0.0ms
SELECT r0."id", r0."forge_type", r0."namespace", r0."name", r0."full_path", r0."first_seen_at", r0."last_activity_at", r0."metadata", r0."customer_id", r0."inserted_at", r0."updated_at" FROM "repositories" AS r0 WHERE (((r0."forge_type" = $1) AND (r0."namespace" = $2)) AND (r0."name" = $3)) [:github, "RSOLV-dev", "partial-repo"]
14:25:39.443 request_id=GGRUNJfAQVJt1tIAAIWB [debug] QUERY OK source="scan_executions" db=0.0ms
SELECT s0."id", s0."commit_sha", s0."branch", s0."status", s0."vulnerabilities_count", s0."data", s0."started_at", s0."completed_at", s0."error_message", s0."repository_id", s0."api_key_id", s0."inserted_at", s0."updated_at" FROM "scan_executions" AS s0 WHERE ((s0."repository_id" = $1) AND (s0."commit_sha" = $2)) ORDER BY s0."inserted_at" DESC LIMIT 1 [10995, "partial123"]
14:25:39.443 request_id=GGRUNJfAQVJt1tIAAIWB [debug] QUERY OK source="validation_executions" db=0.1ms
SELECT v0."id", v0."issue_number", v0."commit_sha", v0."status", v0."validated", v0."vulnerabilities_found", v0."data", v0."started_at", v0."completed_at", v0."error_message", v0."repository_id", v0."api_key_id", v0."inserted_at", v0."updated_at" FROM "validation_executions" AS v0 WHERE ((v0."repository_id" = $1) AND (v0."issue_number" = $2)) ORDER BY v0."inserted_at" DESC LIMIT 1 [10995, 456]
14:25:39.443 request_id=GGRUNJfAQVJt1tIAAIWB [debug] QUERY OK source="mitigation_executions" db=0.1ms
SELECT m0."id", m0."issue_number", m0."commit_sha", m0."status", m0."pr_url", m0."pr_number", m0."files_changed", m0."data", m0."started_at", m0."completed_at", m0."error_message", m0."repository_id", m0."api_key_id", m0."inserted_at", m0."updated_at" FROM "mitigation_executions" AS m0 WHERE ((m0."repository_id" = $1) AND (m0."issue_number" = $2)) ORDER BY m0."inserted_at" DESC LIMIT 1 [10995, 456]
14:25:39.443 request_id=GGRUNJfAQVJt1tIAAIWB [info] Sent 200 in 1ms
.14:25:39.444 [debug] QUERY OK source="customers" db=0.1ms
INSERT INTO "customers" ("active","name","metadata","email","is_staff","subscription_plan","monthly_limit","current_usage","fixes_quota_this_month","fixes_used_this_month","has_payment_method","rollover_fixes","subscription_status","trial_fixes_limit","trial_fixes_used","inserted_at","updated_at") VALUES ($1,$2,$3,$4,$5,$6,$7,$8,$9,$10,$11,$12,$13,$14,$15,$16,$17) RETURNING "id" [true, "Test Corp", %{}, "test@example.com", false, "trial", 100, 0, 0, 0, false, 0, "active", 5, 0, ~N[2025-09-11 20:25:39], ~N[2025-09-11 20:25:39]]
14:25:39.444 [debug] QUERY OK source="api_keys" db=0.1ms
INSERT INTO "api_keys" ("active","name","permissions","key","customer_id","inserted_at","updated_at") VALUES ($1,$2,$3,$4,$5,$6,$7) RETURNING "id" [true, "Test Key", [], "test_203e6fca-bb96-45d5-9717-530de74a72db", 72186, ~U[2025-09-11 20:25:39Z], ~U[2025-09-11 20:25:39Z]]
14:25:39.444 [debug] QUERY OK source="forge_accounts" db=0.0ms
INSERT INTO "forge_accounts" ("metadata","namespace","customer_id","forge_type","verified_at","inserted_at","updated_at") VALUES ($1,$2,$3,$4,$5,$6,$7) RETURNING "id" [%{}, "RSOLV-dev", 72186, :github, ~U[2025-09-11 20:25:39.444338Z], ~U[2025-09-11 20:25:39.444366Z], ~U[2025-09-11 20:25:39.444366Z]]
14:25:39.444 request_id=GGRUNJfh4prrJdwAAEWE [info] GET /api/v1/phases/retrieve
14:25:39.444 request_id=GGRUNJfh4prrJdwAAEWE [debug] Processing with RsolvWeb.Api.V1.PhaseController.retrieve/2
  Parameters: %{"commit" => "abc123", "issue" => "123", "repo" => "OTHER-org/test"}
  Pipelines: [:api]
14:25:39.444 request_id=GGRUNJfh4prrJdwAAEWE [debug] QUERY OK source="api_keys" db=0.0ms
SELECT a0."id", a0."key", a0."name", a0."permissions", a0."active", a0."last_used_at", a0."expires_at", a0."customer_id", a0."inserted_at", a0."updated_at" FROM "api_keys" AS a0 WHERE ((a0."key" = $1) AND (a0."active" = $2)) ["test_203e6fca-bb96-45d5-9717-530de74a72db", true]
14:25:39.444 request_id=GGRUNJfh4prrJdwAAEWE [debug] QUERY OK source="customers" db=0.1ms
SELECT c0."id", c0."name", c0."email", c0."monthly_limit", c0."current_usage", c0."active", c0."metadata", c0."password_hash", c0."is_staff", c0."admin_level", c0."trial_fixes_used", c0."trial_fixes_limit", c0."stripe_customer_id", c0."subscription_plan", c0."subscription_status", c0."rollover_fixes", c0."payment_method_added_at", c0."trial_expired_at", c0."fixes_used_this_month", c0."fixes_quota_this_month", c0."has_payment_method", c0."inserted_at", c0."updated_at", c0."id" FROM "customers" AS c0 WHERE (c0."id" = $1) [72186]
14:25:39.444 request_id=GGRUNJfh4prrJdwAAEWE [debug] QUERY OK source="customers" db=0.0ms
SELECT c0."id", c0."name", c0."email", c0."monthly_limit", c0."current_usage", c0."active", c0."metadata", c0."password_hash", c0."is_staff", c0."admin_level", c0."trial_fixes_used", c0."trial_fixes_limit", c0."stripe_customer_id", c0."subscription_plan", c0."subscription_status", c0."rollover_fixes", c0."payment_method_added_at", c0."trial_expired_at", c0."fixes_used_this_month", c0."fixes_quota_this_month", c0."has_payment_method", c0."inserted_at", c0."updated_at" FROM "customers" AS c0 WHERE (c0."id" = $1) [72186]
14:25:39.445 request_id=GGRUNJfh4prrJdwAAEWE [debug] QUERY OK source="forge_accounts" db=0.0ms
SELECT f0."id", f0."forge_type", f0."namespace", f0."verified_at", f0."metadata", f0."customer_id", f0."inserted_at", f0."updated_at" FROM "forge_accounts" AS f0 WHERE (f0."customer_id" = $1) AND (f0."forge_type" = $2) AND (f0."namespace" = $3) [72186, :github, "OTHER-org"]
14:25:39.445 request_id=GGRUNJfh4prrJdwAAEWE [info] Sent 403 in 486µs
.14:25:39.445 [debug] QUERY OK source="customers" db=0.0ms
INSERT INTO "customers" ("active","name","metadata","email","is_staff","subscription_plan","monthly_limit","current_usage","fixes_quota_this_month","fixes_used_this_month","has_payment_method","rollover_fixes","subscription_status","trial_fixes_limit","trial_fixes_used","inserted_at","updated_at") VALUES ($1,$2,$3,$4,$5,$6,$7,$8,$9,$10,$11,$12,$13,$14,$15,$16,$17) RETURNING "id" [true, "Test Corp", %{}, "test@example.com", false, "trial", 100, 0, 0, 0, false, 0, "active", 5, 0, ~N[2025-09-11 20:25:39], ~N[2025-09-11 20:25:39]]
14:25:39.445 [debug] QUERY OK source="api_keys" db=0.0ms
INSERT INTO "api_keys" ("active","name","permissions","key","customer_id","inserted_at","updated_at") VALUES ($1,$2,$3,$4,$5,$6,$7) RETURNING "id" [true, "Test Key", [], "test_4c1c0735-f4f0-4bfe-b34e-61e36e067166", 72187, ~U[2025-09-11 20:25:39Z], ~U[2025-09-11 20:25:39Z]]
14:25:39.445 [debug] QUERY OK source="forge_accounts" db=0.0ms
INSERT INTO "forge_accounts" ("metadata","namespace","customer_id","forge_type","verified_at","inserted_at","updated_at") VALUES ($1,$2,$3,$4,$5,$6,$7) RETURNING "id" [%{}, "RSOLV-dev", 72187, :github, ~U[2025-09-11 20:25:39.445534Z], ~U[2025-09-11 20:25:39.445549Z], ~U[2025-09-11 20:25:39.445549Z]]
14:25:39.445 [debug] QUERY OK source="customers" db=0.0ms
SELECT c0."id", c0."name", c0."email", c0."monthly_limit", c0."current_usage", c0."active", c0."metadata", c0."password_hash", c0."is_staff", c0."admin_level", c0."trial_fixes_used", c0."trial_fixes_limit", c0."stripe_customer_id", c0."subscription_plan", c0."subscription_status", c0."rollover_fixes", c0."payment_method_added_at", c0."trial_expired_at", c0."fixes_used_this_month", c0."fixes_quota_this_month", c0."has_payment_method", c0."inserted_at", c0."updated_at" FROM "customers" AS c0 WHERE (c0."id" = $1) [72187]
14:25:39.445 [debug] QUERY OK source="forge_accounts" db=0.0ms
SELECT f0."id", f0."forge_type", f0."namespace", f0."verified_at", f0."metadata", f0."customer_id", f0."inserted_at", f0."updated_at" FROM "forge_accounts" AS f0 WHERE (f0."customer_id" = $1) AND (f0."forge_type" = $2) AND (f0."namespace" = $3) [72187, :github, "RSOLV-dev"]
14:25:39.445 [debug] QUERY OK source="repositories" db=0.0ms
SELECT r0."id", r0."forge_type", r0."namespace", r0."name", r0."full_path", r0."first_seen_at", r0."last_activity_at", r0."metadata", r0."customer_id", r0."inserted_at", r0."updated_at" FROM "repositories" AS r0 WHERE (((r0."forge_type" = $1) AND (r0."namespace" = $2)) AND (r0."name" = $3)) [:github, "RSOLV-dev", "nodegoat-demo"]
14:25:39.446 [debug] QUERY OK source="repositories" db=0.0ms
INSERT INTO "repositories" ("name","metadata","namespace","customer_id","forge_type","full_path","last_activity_at","first_seen_at","inserted_at","updated_at") VALUES ($1,$2,$3,$4,$5,$6,$7,$8,$9,$10) RETURNING "id" ["nodegoat-demo", %{}, "RSOLV-dev", 72187, :github, "RSOLV-dev/nodegoat-demo", ~U[2025-09-11 20:25:39.445925Z], ~U[2025-09-11 20:25:39.445925Z], ~U[2025-09-11 20:25:39.445932Z], ~U[2025-09-11 20:25:39.445932Z]]
14:25:39.446 [debug] QUERY OK source="scan_executions" db=0.1ms
INSERT INTO "scan_executions" ("data","status","started_at","branch","completed_at","commit_sha","vulnerabilities_count","repository_id","api_key_id","inserted_at","updated_at") VALUES ($1,$2,$3,$4,$5,$6,$7,$8,$9,$10,$11) RETURNING "id" [%{"vulnerabilities" => [%{"file" => "app.js", "line" => 42, "type" => "xss"}]}, :completed, ~U[2025-09-11 20:25:39.446057Z], "main", ~U[2025-09-11 20:25:39.446058Z], "abc123", 1, 10996, 27994, ~U[2025-09-11 20:25:39.446070Z], ~U[2025-09-11 20:25:39.446070Z]]
14:25:39.446 [debug] QUERY OK source="repositories" db=0.0ms
SELECT r0."id", r0."forge_type", r0."namespace", r0."name", r0."full_path", r0."first_seen_at", r0."last_activity_at", r0."metadata", r0."customer_id", r0."inserted_at", r0."updated_at", r0."id" FROM "repositories" AS r0 WHERE (r0."id" = $1) [10996]
14:25:39.446 [debug] QUERY OK source="customers" db=0.0ms
SELECT c0."id", c0."name", c0."email", c0."monthly_limit", c0."current_usage", c0."active", c0."metadata", c0."password_hash", c0."is_staff", c0."admin_level", c0."trial_fixes_used", c0."trial_fixes_limit", c0."stripe_customer_id", c0."subscription_plan", c0."subscription_status", c0."rollover_fixes", c0."payment_method_added_at", c0."trial_expired_at", c0."fixes_used_this_month", c0."fixes_quota_this_month", c0."has_payment_method", c0."inserted_at", c0."updated_at" FROM "customers" AS c0 WHERE (c0."id" = $1) [72187]
14:25:39.446 [debug] QUERY OK source="forge_accounts" db=0.0ms
SELECT f0."id", f0."forge_type", f0."namespace", f0."verified_at", f0."metadata", f0."customer_id", f0."inserted_at", f0."updated_at" FROM "forge_accounts" AS f0 WHERE (f0."customer_id" = $1) AND (f0."forge_type" = $2) AND (f0."namespace" = $3) [72187, :github, "RSOLV-dev"]
14:25:39.446 [debug] QUERY OK source="repositories" db=0.2ms
SELECT r0."id", r0."forge_type", r0."namespace", r0."name", r0."full_path", r0."first_seen_at", r0."last_activity_at", r0."metadata", r0."customer_id", r0."inserted_at", r0."updated_at" FROM "repositories" AS r0 WHERE (((r0."forge_type" = $1) AND (r0."namespace" = $2)) AND (r0."name" = $3)) [:github, "RSOLV-dev", "nodegoat-demo"]
14:25:39.447 [debug] QUERY OK source="repositories" db=0.0ms
UPDATE "repositories" SET "last_activity_at" = $1, "updated_at" = $2 WHERE "id" = $3 [~U[2025-09-11 20:25:39.446924Z], ~U[2025-09-11 20:25:39.446934Z], 10996]
14:25:39.447 [debug] QUERY OK source="validation_executions" db=0.0ms
INSERT INTO "validation_executions" ("data","status","started_at","completed_at","issue_number","commit_sha","validated","vulnerabilities_found","repository_id","api_key_id","inserted_at","updated_at") VALUES ($1,$2,$3,$4,$5,$6,$7,$8,$9,$10,$11,$12) RETURNING "id" [%{"confidence" => 0.95, "validated" => true}, :completed, ~U[2025-09-11 20:25:39.447125Z], ~U[2025-09-11 20:25:39.447126Z], 123, "abc123", true, 0, 10996, 27994, ~U[2025-09-11 20:25:39.447149Z], ~U[2025-09-11 20:25:39.447149Z]]
14:25:39.447 [debug] QUERY OK source="repositories" db=0.0ms
SELECT r0."id", r0."forge_type", r0."namespace", r0."name", r0."full_path", r0."first_seen_at", r0."last_activity_at", r0."metadata", r0."customer_id", r0."inserted_at", r0."updated_at", r0."id" FROM "repositories" AS r0 WHERE (r0."id" = $1) [10996]
14:25:39.447 [debug] QUERY OK source="customers" db=0.0ms
SELECT c0."id", c0."name", c0."email", c0."monthly_limit", c0."current_usage", c0."active", c0."metadata", c0."password_hash", c0."is_staff", c0."admin_level", c0."trial_fixes_used", c0."trial_fixes_limit", c0."stripe_customer_id", c0."subscription_plan", c0."subscription_status", c0."rollover_fixes", c0."payment_method_added_at", c0."trial_expired_at", c0."fixes_used_this_month", c0."fixes_quota_this_month", c0."has_payment_method", c0."inserted_at", c0."updated_at" FROM "customers" AS c0 WHERE (c0."id" = $1) [72187]
14:25:39.447 [debug] QUERY OK source="forge_accounts" db=0.0ms
SELECT f0."id", f0."forge_type", f0."namespace", f0."verified_at", f0."metadata", f0."customer_id", f0."inserted_at", f0."updated_at" FROM "forge_accounts" AS f0 WHERE (f0."customer_id" = $1) AND (f0."forge_type" = $2) AND (f0."namespace" = $3) [72187, :github, "RSOLV-dev"]
14:25:39.447 [debug] QUERY OK source="repositories" db=0.0ms
SELECT r0."id", r0."forge_type", r0."namespace", r0."name", r0."full_path", r0."first_seen_at", r0."last_activity_at", r0."metadata", r0."customer_id", r0."inserted_at", r0."updated_at" FROM "repositories" AS r0 WHERE (((r0."forge_type" = $1) AND (r0."namespace" = $2)) AND (r0."name" = $3)) [:github, "RSOLV-dev", "nodegoat-demo"]
14:25:39.447 [debug] QUERY OK source="repositories" db=0.0ms
UPDATE "repositories" SET "last_activity_at" = $1, "updated_at" = $2 WHERE "id" = $3 [~U[2025-09-11 20:25:39.447648Z], ~U[2025-09-11 20:25:39.447655Z], 10996]
14:25:39.448 [debug] QUERY OK source="mitigation_executions" db=0.1ms
INSERT INTO "mitigation_executions" ("data","status","started_at","completed_at","issue_number","pr_url","commit_sha","repository_id","api_key_id","inserted_at","updated_at") VALUES ($1,$2,$3,$4,$5,$6,$7,$8,$9,$10,$11) RETURNING "id" [%{"fixes" => [%{"file" => "app.js", "fixed" => true}], "pr_url" => "https://github.com/RSOLV-dev/nodegoat-demo/pull/456"}, :completed, ~U[2025-09-11 20:25:39.447761Z], ~U[2025-09-11 20:25:39.447762Z], 123, "https://github.com/RSOLV-dev/nodegoat-demo/pull/456", "def456", 10996, 27994, ~U[2025-09-11 20:25:39.447782Z], ~U[2025-09-11 20:25:39.447782Z]]
14:25:39.448 [debug] QUERY OK source="repositories" db=0.0ms
SELECT r0."id", r0."forge_type", r0."namespace", r0."name", r0."full_path", r0."first_seen_at", r0."last_activity_at", r0."metadata", r0."customer_id", r0."inserted_at", r0."updated_at", r0."id" FROM "repositories" AS r0 WHERE (r0."id" = $1) [10996]
14:25:39.448 request_id=GGRUNJgZzmrR7a4AADGL [info] GET /api/v1/phases/retrieve
14:25:39.448 request_id=GGRUNJgZzmrR7a4AADGL [debug] Processing with RsolvWeb.Api.V1.PhaseController.retrieve/2
  Parameters: %{"commit" => "abc123", "issue" => "123", "repo" => "RSOLV-dev/nodegoat-demo"}
  Pipelines: [:api]
14:25:39.448 request_id=GGRUNJgZzmrR7a4AADGL [debug] QUERY OK source="api_keys" db=0.0ms
SELECT a0."id", a0."key", a0."name", a0."permissions", a0."active", a0."last_used_at", a0."expires_at", a0."customer_id", a0."inserted_at", a0."updated_at" FROM "api_keys" AS a0 WHERE ((a0."key" = $1) AND (a0."active" = $2)) ["test_4c1c0735-f4f0-4bfe-b34e-61e36e067166", true]
14:25:39.448 request_id=GGRUNJgZzmrR7a4AADGL [debug] QUERY OK source="customers" db=0.1ms
SELECT c0."id", c0."name", c0."email", c0."monthly_limit", c0."current_usage", c0."active", c0."metadata", c0."password_hash", c0."is_staff", c0."admin_level", c0."trial_fixes_used", c0."trial_fixes_limit", c0."stripe_customer_id", c0."subscription_plan", c0."subscription_status", c0."rollover_fixes", c0."payment_method_added_at", c0."trial_expired_at", c0."fixes_used_this_month", c0."fixes_quota_this_month", c0."has_payment_method", c0."inserted_at", c0."updated_at", c0."id" FROM "customers" AS c0 WHERE (c0."id" = $1) [72187]
14:25:39.448 request_id=GGRUNJgZzmrR7a4AADGL [debug] QUERY OK source="customers" db=0.0ms
SELECT c0."id", c0."name", c0."email", c0."monthly_limit", c0."current_usage", c0."active", c0."metadata", c0."password_hash", c0."is_staff", c0."admin_level", c0."trial_fixes_used", c0."trial_fixes_limit", c0."stripe_customer_id", c0."subscription_plan", c0."subscription_status", c0."rollover_fixes", c0."payment_method_added_at", c0."trial_expired_at", c0."fixes_used_this_month", c0."fixes_quota_this_month", c0."has_payment_method", c0."inserted_at", c0."updated_at" FROM "customers" AS c0 WHERE (c0."id" = $1) [72187]
14:25:39.448 request_id=GGRUNJgZzmrR7a4AADGL [debug] QUERY OK source="forge_accounts" db=0.1ms
SELECT f0."id", f0."forge_type", f0."namespace", f0."verified_at", f0."metadata", f0."customer_id", f0."inserted_at", f0."updated_at" FROM "forge_accounts" AS f0 WHERE (f0."customer_id" = $1) AND (f0."forge_type" = $2) AND (f0."namespace" = $3) [72187, :github, "RSOLV-dev"]
14:25:39.449 request_id=GGRUNJgZzmrR7a4AADGL [debug] QUERY OK source="repositories" db=0.0ms
SELECT r0."id", r0."forge_type", r0."namespace", r0."name", r0."full_path", r0."first_seen_at", r0."last_activity_at", r0."metadata", r0."customer_id", r0."inserted_at", r0."updated_at" FROM "repositories" AS r0 WHERE (((r0."forge_type" = $1) AND (r0."namespace" = $2)) AND (r0."name" = $3)) [:github, "RSOLV-dev", "nodegoat-demo"]
14:25:39.449 request_id=GGRUNJgZzmrR7a4AADGL [debug] QUERY OK source="scan_executions" db=0.2ms
SELECT s0."id", s0."commit_sha", s0."branch", s0."status", s0."vulnerabilities_count", s0."data", s0."started_at", s0."completed_at", s0."error_message", s0."repository_id", s0."api_key_id", s0."inserted_at", s0."updated_at" FROM "scan_executions" AS s0 WHERE ((s0."repository_id" = $1) AND (s0."commit_sha" = $2)) ORDER BY s0."inserted_at" DESC LIMIT 1 [10996, "abc123"]
14:25:39.449 request_id=GGRUNJgZzmrR7a4AADGL [debug] QUERY OK source="validation_executions" db=0.2ms
SELECT v0."id", v0."issue_number", v0."commit_sha", v0."status", v0."validated", v0."vulnerabilities_found", v0."data", v0."started_at", v0."completed_at", v0."error_message", v0."repository_id", v0."api_key_id", v0."inserted_at", v0."updated_at" FROM "validation_executions" AS v0 WHERE ((v0."repository_id" = $1) AND (v0."issue_number" = $2)) ORDER BY v0."inserted_at" DESC LIMIT 1 [10996, 123]
14:25:39.449 request_id=GGRUNJgZzmrR7a4AADGL [debug] QUERY OK source="mitigation_executions" db=0.1ms
SELECT m0."id", m0."issue_number", m0."commit_sha", m0."status", m0."pr_url", m0."pr_number", m0."files_changed", m0."data", m0."started_at", m0."completed_at", m0."error_message", m0."repository_id", m0."api_key_id", m0."inserted_at", m0."updated_at" FROM "mitigation_executions" AS m0 WHERE ((m0."repository_id" = $1) AND (m0."issue_number" = $2)) ORDER BY m0."inserted_at" DESC LIMIT 1 [10996, 123]
.14:25:39.449 request_id=GGRUNJgZzmrR7a4AADGL [info] Sent 200 in 1ms
14:25:39.450 [debug] QUERY OK source="customers" db=0.0ms
INSERT INTO "customers" ("active","name","metadata","email","is_staff","subscription_plan","monthly_limit","current_usage","fixes_quota_this_month","fixes_used_this_month","has_payment_method","rollover_fixes","subscription_status","trial_fixes_limit","trial_fixes_used","inserted_at","updated_at") VALUES ($1,$2,$3,$4,$5,$6,$7,$8,$9,$10,$11,$12,$13,$14,$15,$16,$17) RETURNING "id" [true, "Test Corp", %{}, "test@example.com", false, "trial", 100, 0, 0, 0, false, 0, "active", 5, 0, ~N[2025-09-11 20:25:39], ~N[2025-09-11 20:25:39]]
14:25:39.450 [debug] QUERY OK source="api_keys" db=0.0ms
INSERT INTO "api_keys" ("active","name","permissions","key","customer_id","inserted_at","updated_at") VALUES ($1,$2,$3,$4,$5,$6,$7) RETURNING "id" [true, "Test Key", [], "test_d97de284-85c5-4822-b935-065005e0763b", 72188, ~U[2025-09-11 20:25:39Z], ~U[2025-09-11 20:25:39Z]]
14:25:39.450 [debug] QUERY OK source="forge_accounts" db=0.0ms
INSERT INTO "forge_accounts" ("metadata","namespace","customer_id","forge_type","verified_at","inserted_at","updated_at") VALUES ($1,$2,$3,$4,$5,$6,$7) RETURNING "id" [%{}, "RSOLV-dev", 72188, :github, ~U[2025-09-11 20:25:39.450450Z], ~U[2025-09-11 20:25:39.450465Z], ~U[2025-09-11 20:25:39.450465Z]]
14:25:39.450 request_id=GGRUNJg-VkKlMr0AACeK [info] GET /api/v1/phases/retrieve
14:25:39.450 request_id=GGRUNJg-VkKlMr0AACeK [debug] Processing with RsolvWeb.Api.V1.PhaseController.retrieve/2
  Parameters: %{"commit" => "abc123", "issue" => "123", "repo" => "RSOLV-dev/test"}
  Pipelines: [:api]
14:25:39.450 request_id=GGRUNJg-VkKlMr0AACeK [debug] QUERY OK source="api_keys" db=0.0ms
SELECT a0."id", a0."key", a0."name", a0."permissions", a0."active", a0."last_used_at", a0."expires_at", a0."customer_id", a0."inserted_at", a0."updated_at" FROM "api_keys" AS a0 WHERE ((a0."key" = $1) AND (a0."active" = $2)) ["invalid_key", true]
14:25:39.450 request_id=GGRUNJg-VkKlMr0AACeK [info] Sent 401 in 117µs
.14:25:39.450 [debug] QUERY OK source="customers" db=0.0ms
INSERT INTO "customers" ("active","name","metadata","email","is_staff","subscription_plan","monthly_limit","current_usage","fixes_quota_this_month","fixes_used_this_month","has_payment_method","rollover_fixes","subscription_status","trial_fixes_limit","trial_fixes_used","inserted_at","updated_at") VALUES ($1,$2,$3,$4,$5,$6,$7,$8,$9,$10,$11,$12,$13,$14,$15,$16,$17) RETURNING "id" [true, "Test Corp", %{}, "test@example.com", false, "trial", 100, 0, 0, 0, false, 0, "active", 5, 0, ~N[2025-09-11 20:25:39], ~N[2025-09-11 20:25:39]]
14:25:39.451 [debug] QUERY OK source="api_keys" db=0.0ms
INSERT INTO "api_keys" ("active","name","permissions","key","customer_id","inserted_at","updated_at") VALUES ($1,$2,$3,$4,$5,$6,$7) RETURNING "id" [true, "Test Key", [], "test_76fd67a2-5064-4b40-a81d-3b2619781858", 72189, ~U[2025-09-11 20:25:39Z], ~U[2025-09-11 20:25:39Z]]
14:25:39.451 [debug] QUERY OK source="forge_accounts" db=0.0ms
INSERT INTO "forge_accounts" ("metadata","namespace","customer_id","forge_type","verified_at","inserted_at","updated_at") VALUES ($1,$2,$3,$4,$5,$6,$7) RETURNING "id" [%{}, "RSOLV-dev", 72189, :github, ~U[2025-09-11 20:25:39.451120Z], ~U[2025-09-11 20:25:39.451133Z], ~U[2025-09-11 20:25:39.451133Z]]
14:25:39.451 request_id=GGRUNJhIkfZR7YkAAEYE [info] GET /api/v1/phases/retrieve
14:25:39.451 request_id=GGRUNJhIkfZR7YkAAEYE [debug] Processing with RsolvWeb.Api.V1.PhaseController.retrieve/2
  Parameters: %{"commit" => "xyz789", "issue" => "999", "repo" => "RSOLV-dev/new-repo"}
  Pipelines: [:api]
14:25:39.451 request_id=GGRUNJhIkfZR7YkAAEYE [debug] QUERY OK source="api_keys" db=0.0ms
SELECT a0."id", a0."key", a0."name", a0."permissions", a0."active", a0."last_used_at", a0."expires_at", a0."customer_id", a0."inserted_at", a0."updated_at" FROM "api_keys" AS a0 WHERE ((a0."key" = $1) AND (a0."active" = $2)) ["test_76fd67a2-5064-4b40-a81d-3b2619781858", true]
14:25:39.451 request_id=GGRUNJhIkfZR7YkAAEYE [debug] QUERY OK source="customers" db=0.0ms
SELECT c0."id", c0."name", c0."email", c0."monthly_limit", c0."current_usage", c0."active", c0."metadata", c0."password_hash", c0."is_staff", c0."admin_level", c0."trial_fixes_used", c0."trial_fixes_limit", c0."stripe_customer_id", c0."subscription_plan", c0."subscription_status", c0."rollover_fixes", c0."payment_method_added_at", c0."trial_expired_at", c0."fixes_used_this_month", c0."fixes_quota_this_month", c0."has_payment_method", c0."inserted_at", c0."updated_at", c0."id" FROM "customers" AS c0 WHERE (c0."id" = $1) [72189]
14:25:39.451 request_id=GGRUNJhIkfZR7YkAAEYE [debug] QUERY OK source="customers" db=0.0ms
SELECT c0."id", c0."name", c0."email", c0."monthly_limit", c0."current_usage", c0."active", c0."metadata", c0."password_hash", c0."is_staff", c0."admin_level", c0."trial_fixes_used", c0."trial_fixes_limit", c0."stripe_customer_id", c0."subscription_plan", c0."subscription_status", c0."rollover_fixes", c0."payment_method_added_at", c0."trial_expired_at", c0."fixes_used_this_month", c0."fixes_quota_this_month", c0."has_payment_method", c0."inserted_at", c0."updated_at" FROM "customers" AS c0 WHERE (c0."id" = $1) [72189]
14:25:39.451 request_id=GGRUNJhIkfZR7YkAAEYE [debug] QUERY OK source="forge_accounts" db=0.0ms
SELECT f0."id", f0."forge_type", f0."namespace", f0."verified_at", f0."metadata", f0."customer_id", f0."inserted_at", f0."updated_at" FROM "forge_accounts" AS f0 WHERE (f0."customer_id" = $1) AND (f0."forge_type" = $2) AND (f0."namespace" = $3) [72189, :github, "RSOLV-dev"]
14:25:39.451 request_id=GGRUNJhIkfZR7YkAAEYE [debug] QUERY OK source="repositories" db=0.1ms
SELECT r0."id", r0."forge_type", r0."namespace", r0."name", r0."full_path", r0."first_seen_at", r0."last_activity_at", r0."metadata", r0."customer_id", r0."inserted_at", r0."updated_at" FROM "repositories" AS r0 WHERE (((r0."forge_type" = $1) AND (r0."namespace" = $2)) AND (r0."name" = $3)) [:github, "RSOLV-dev", "new-repo"]
14:25:39.451 request_id=GGRUNJhIkfZR7YkAAEYE [info] Sent 200 in 637µs
.14:25:39.452 [debug] QUERY OK source="customers" db=0.1ms
INSERT INTO "customers" ("active","name","metadata","email","is_staff","subscription_plan","monthly_limit","current_usage","fixes_quota_this_month","fixes_used_this_month","has_payment_method","rollover_fixes","subscription_status","trial_fixes_limit","trial_fixes_used","inserted_at","updated_at") VALUES ($1,$2,$3,$4,$5,$6,$7,$8,$9,$10,$11,$12,$13,$14,$15,$16,$17) RETURNING "id" [true, "Test Corp", %{}, "test@example.com", false, "trial", 100, 0, 0, 0, false, 0, "active", 5, 0, ~N[2025-09-11 20:25:39], ~N[2025-09-11 20:25:39]]
14:25:39.452 [debug] QUERY OK source="api_keys" db=0.0ms
INSERT INTO "api_keys" ("active","name","permissions","key","customer_id","inserted_at","updated_at") VALUES ($1,$2,$3,$4,$5,$6,$7) RETURNING "id" [true, "Test Key", [], "test_d1b58d6f-1b41-4b77-be1a-8c17960b1873", 72190, ~U[2025-09-11 20:25:39Z], ~U[2025-09-11 20:25:39Z]]
14:25:39.452 [debug] QUERY OK source="forge_accounts" db=0.0ms
INSERT INTO "forge_accounts" ("metadata","namespace","customer_id","forge_type","verified_at","inserted_at","updated_at") VALUES ($1,$2,$3,$4,$5,$6,$7) RETURNING "id" [%{}, "RSOLV-dev", 72190, :github, ~U[2025-09-11 20:25:39.452437Z], ~U[2025-09-11 20:25:39.452450Z], ~U[2025-09-11 20:25:39.452450Z]]
14:25:39.452 request_id=GGRUNJhcgUyz85MAACgK [info] GET /api/v1/phases/retrieve
14:25:39.452 request_id=GGRUNJhcgUyz85MAACgK [debug] Processing with RsolvWeb.Api.V1.PhaseController.retrieve/2
  Parameters: %{"repo" => "RSOLV-dev/test"}
  Pipelines: [:api]
14:25:39.452 request_id=GGRUNJhcgUyz85MAACgK [debug] QUERY OK source="api_keys" db=0.0ms
SELECT a0."id", a0."key", a0."name", a0."permissions", a0."active", a0."last_used_at", a0."expires_at", a0."customer_id", a0."inserted_at", a0."updated_at" FROM "api_keys" AS a0 WHERE ((a0."key" = $1) AND (a0."active" = $2)) ["test_d1b58d6f-1b41-4b77-be1a-8c17960b1873", true]
14:25:39.452 request_id=GGRUNJhcgUyz85MAACgK [debug] QUERY OK source="customers" db=0.1ms
SELECT c0."id", c0."name", c0."email", c0."monthly_limit", c0."current_usage", c0."active", c0."metadata", c0."password_hash", c0."is_staff", c0."admin_level", c0."trial_fixes_used", c0."trial_fixes_limit", c0."stripe_customer_id", c0."subscription_plan", c0."subscription_status", c0."rollover_fixes", c0."payment_method_added_at", c0."trial_expired_at", c0."fixes_used_this_month", c0."fixes_quota_this_month", c0."has_payment_method", c0."inserted_at", c0."updated_at", c0."id" FROM "customers" AS c0 WHERE (c0."id" = $1) [72190]
14:25:39.452 request_id=GGRUNJhcgUyz85MAACgK [info] Sent 400 in 311µs
..14:25:39.455 [debug] QUERY OK source="fun_with_flags_toggles" db=0.0ms
INSERT INTO "fun_with_flags_toggles" AS f0 ("enabled","target","flag_name","gate_type") VALUES ($1,$2,$3,$4) ON CONFLICT ("flag_name","gate_type","target") DO UPDATE SET "enabled" = $5 RETURNING "id" [false, "_fwf_none", "core_features", "boolean", false]
14:25:39.455 [debug] QUERY OK source="fun_with_flags_toggles" db=0.0ms
SELECT f0."id", f0."flag_name", f0."gate_type", f0."target", f0."enabled" FROM "fun_with_flags_toggles" AS f0 WHERE (f0."flag_name" = $1) ["core_features"]
14:25:39.455 [debug] Telemetry event: [:fun_with_flags, :persistence, :write], metadata: %{flag_name: :core_features, gate: %FunWithFlags.Gate{type: :boolean, for: nil, enabled: false}}, measurements: %{system_time: 1757622339455837056}
14:25:39.455 [debug] QUERY OK source="fun_with_flags_toggles" db=0.0ms
SELECT f0."id", f0."flag_name", f0."gate_type", f0."target", f0."enabled" FROM "fun_with_flags_toggles" AS f0 WHERE (f0."flag_name" = $1) ["core_features"]
14:25:39.455 [debug] Telemetry event: [:fun_with_flags, :persistence, :read], metadata: %{flag_name: :core_features, gate: nil}, measurements: %{system_time: 1757622339455940469}
..14:25:39.456 [debug] QUERY OK source="fun_with_flags_toggles" db=0.0ms
INSERT INTO "fun_with_flags_toggles" AS f0 ("enabled","target","flag_name","gate_type") VALUES ($1,$2,$3,$4) ON CONFLICT ("flag_name","gate_type","target") DO UPDATE SET "enabled" = $5 RETURNING "id" [true, "_fwf_none", "admin_dashboard", "boolean", true]
14:25:39.456 [debug] QUERY OK source="fun_with_flags_toggles" db=0.0ms
SELECT f0."id", f0."flag_name", f0."gate_type", f0."target", f0."enabled" FROM "fun_with_flags_toggles" AS f0 WHERE (f0."flag_name" = $1) ["admin_dashboard"]
14:25:39.456 [debug] Telemetry event: [:fun_with_flags, :persistence, :write], metadata: %{flag_name: :admin_dashboard, gate: %FunWithFlags.Gate{type: :boolean, for: nil, enabled: true}}, measurements: %{system_time: 1757622339456459951}
14:25:39.456 [debug] QUERY OK source="fun_with_flags_toggles" db=0.0ms
SELECT f0."id", f0."flag_name", f0."gate_type", f0."target", f0."enabled" FROM "fun_with_flags_toggles" AS f0 WHERE (f0."flag_name" = $1) ["admin_dashboard"]
14:25:39.456 [debug] Telemetry event: [:fun_with_flags, :persistence, :read], metadata: %{flag_name: :admin_dashboard, gate: nil}, measurements: %{system_time: 1757622339456556528}
14:25:39.456 [debug] QUERY OK source="fun_with_flags_toggles" db=0.0ms
INSERT INTO "fun_with_flags_toggles" AS f0 ("enabled","target","flag_name","gate_type") VALUES ($1,$2,$3,$4) ON CONFLICT ("flag_name","gate_type","target") DO UPDATE SET "enabled" = $5 RETURNING "id" [false, "_fwf_none", "admin_dashboard", "boolean", false]
14:25:39.456 [debug] QUERY OK source="fun_with_flags_toggles" db=0.0ms
SELECT f0."id", f0."flag_name", f0."gate_type", f0."target", f0."enabled" FROM "fun_with_flags_toggles" AS f0 WHERE (f0."flag_name" = $1) ["admin_dashboard"]
14:25:39.456 [debug] Telemetry event: [:fun_with_flags, :persistence, :write], metadata: %{flag_name: :admin_dashboard, gate: %FunWithFlags.Gate{type: :boolean, for: nil, enabled: false}}, measurements: %{system_time: 1757622339456723316}
............................................14:25:39.458 request_id=GGRUNJi4vUJ2xGUAADIL [info] GET /signup
14:25:39.458 request_id=GGRUNJi4vUJ2xGUAADIL [debug] Processing with RsolvWeb.EarlyAccessLive.index/2
  Parameters: %{}
  Pipelines: [:browser]
14:25:39.460 request_id=GGRUNJi4vUJ2xGUAADIL [info] Analytics event tracked
14:25:39.460 request_id=GGRUNJi4vUJ2xGUAADIL [debug] QUERY OK db=0.1ms queue=0.1ms
SELECT create_analytics_partition_if_not_exists($1::date) [~D[2025-09-11]]
14:25:39.460 request_id=GGRUNJi4vUJ2xGUAADIL [debug] QUERY OK source="analytics_events" db=0.1ms
INSERT INTO "analytics_events" ("metadata","event_type","visitor_id","page_path","inserted_at","updated_at") VALUES ($1,$2,$3,$4,$5,$6) RETURNING "id" [%{os: "unknown", browser: "unknown", utm_source_platform: nil, utm_source_campaign: nil, utm_source_content: nil, device_type: "unknown", duration_seconds: nil, section_id: "early-access-form"}, "section_view", "303039eb853d4c887591c465f26d966d", "/", ~N[2025-09-11 20:25:39], ~N[2025-09-11 20:25:39]]
14:25:39.460 request_id=GGRUNJi4vUJ2xGUAADIL [debug] QUERY OK source="fun_with_flags_toggles" db=0.0ms
SELECT f0."id", f0."flag_name", f0."gate_type", f0."target", f0."enabled" FROM "fun_with_flags_toggles" AS f0 WHERE (f0."flag_name" = $1) ["blog"]
14:25:39.460 request_id=GGRUNJi4vUJ2xGUAADIL [debug] Telemetry event: [:fun_with_flags, :persistence, :read], metadata: %{flag_name: :blog, gate: nil}, measurements: %{system_time: 1757622339460904316}
14:25:39.461 request_id=GGRUNJi4vUJ2xGUAADIL [info] Sent 200 in 2ms
.14:25:39.461 request_id=GGRUNJjgJXLsvsUAAEaE [info] GET /api/v1/patterns
14:25:39.461 request_id=GGRUNJjgJXLsvsUAAEaE [debug] Processing with RsolvWeb.Api.V1.PatternController.index/2
  Parameters: %{}
  Pipelines: [:api]
14:25:39.461 request_id=GGRUNJjgJXLsvsUAAEaE [info] Pattern API called with params: %{}
14:25:39.461 request_id=GGRUNJjgJXLsvsUAAEaE [info] Language: javascript, Format: standard
14:25:39.461 request_id=GGRUNJjgJXLsvsUAAEaE [info] API key status: :none
14:25:39.461 request_id=GGRUNJjgJXLsvsUAAEaE [info] Getting demo patterns for javascript
14:25:39.461 request_id=GGRUNJjgJXLsvsUAAEaE [info] Retrieved 5 patterns
14:25:39.461 request_id=GGRUNJjgJXLsvsUAAEaE [debug] Formatting pattern: "js-sql-injection-concat"
14:25:39.461 request_id=GGRUNJjgJXLsvsUAAEaE [debug] Formatted pattern keys: ["cweId", "description", "examples", "frameworks", "id", "languages", "name", "owaspCategory", "recommendation", "regex", "regexPatterns", "severity", "supportsAst", "type"]
14:25:39.461 request_id=GGRUNJjgJXLsvsUAAEaE [debug] Formatting pattern: "js-xss-innerhtml"
14:25:39.461 request_id=GGRUNJjgJXLsvsUAAEaE [debug] Formatted pattern keys: ["cweId", "description", "examples", "frameworks", "id", "languages", "name", "owaspCategory", "recommendation", "regex", "regexPatterns", "severity", "supportsAst", "type"]
14:25:39.461 request_id=GGRUNJjgJXLsvsUAAEaE [debug] Formatting pattern: "js-command-injection-exec"
14:25:39.461 request_id=GGRUNJjgJXLsvsUAAEaE [debug] Formatted pattern keys: ["cweId", "description", "examples", "frameworks", "id", "languages", "name", "owaspCategory", "recommendation", "regex", "regexPatterns", "severity", "supportsAst", "type"]
14:25:39.461 request_id=GGRUNJjgJXLsvsUAAEaE [debug] Formatting pattern: "js-weak-crypto-md5"
14:25:39.461 request_id=GGRUNJjgJXLsvsUAAEaE [debug] Formatted pattern keys: ["cweId", "description", "examples", "frameworks", "id", "languages", "name", "owaspCategory", "recommendation", "regex", "regexPatterns", "severity", "supportsAst", "type"]
14:25:39.461 request_id=GGRUNJjgJXLsvsUAAEaE [debug] Formatting pattern: "js-hardcoded-secret-api-key"
14:25:39.461 request_id=GGRUNJjgJXLsvsUAAEaE [debug] Formatted pattern keys: ["cweId", "description", "examples", "frameworks", "id", "languages", "name", "owaspCategory", "recommendation", "regex", "regexPatterns", "severity", "supportsAst", "type"]
14:25:39.461 request_id=GGRUNJjgJXLsvsUAAEaE [info] Sent 200 in 281µs
14:25:39.461 request_id=GGRUNJjlXoHsvsUAAEcE [info] GET /
14:25:39.461 request_id=GGRUNJjlXoHsvsUAAEcE [debug] Processing with RsolvWeb.HomeLive.index/2
  Parameters: %{}
  Pipelines: [:browser]
14:25:39.461 request_id=GGRUNJjlXoHsvsUAAEcE [info] Analytics event tracked
14:25:39.461 request_id=GGRUNJjlXoHsvsUAAEcE [debug] QUERY OK db=0.0ms
SELECT create_analytics_partition_if_not_exists($1::date) [~D[2025-09-11]]
14:25:39.461 request_id=GGRUNJjlXoHsvsUAAEcE [debug] QUERY OK source="analytics_events" db=0.0ms
INSERT INTO "analytics_events" ("metadata","event_type","visitor_id","page_path","inserted_at","updated_at") VALUES ($1,$2,$3,$4,$5,$6) RETURNING "id" [%{}, "page_view", "f1b81acd2228994609cd569ac678a193", "/", ~N[2025-09-11 20:25:39], ~N[2025-09-11 20:25:39]]
14:25:39.462 request_id=GGRUNJjlXoHsvsUAAEcE [debug] QUERY OK source="fun_with_flags_toggles" db=0.0ms
SELECT f0."id", f0."flag_name", f0."gate_type", f0."target", f0."enabled" FROM "fun_with_flags_toggles" AS f0 WHERE (f0."flag_name" = $1) ["blog"]
14:25:39.462 request_id=GGRUNJjlXoHsvsUAAEcE [debug] Telemetry event: [:fun_with_flags, :persistence, :read], metadata: %{flag_name: :blog, gate: nil}, measurements: %{system_time: 1757622339462027838}
14:25:39.462 request_id=GGRUNJjlXoHsvsUAAEcE [info] ROI Calculator LiveComponent mounting...
14:25:39.462 request_id=GGRUNJjlXoHsvsUAAEcE [info] ROI Calculator LiveComponent mounted
14:25:39.462 request_id=GGRUNJjlXoHsvsUAAEcE [info] Sent 200 in 678µs
.14:25:39.462 [debug] QUERY OK source="fun_with_flags_toggles" db=0.0ms
INSERT INTO "fun_with_flags_toggles" AS f0 ("enabled","target","flag_name","gate_type") VALUES ($1,$2,$3,$4) ON CONFLICT ("flag_name","gate_type","target") DO UPDATE SET "enabled" = $5 RETURNING "id" [true, "_fwf_none", "blog", "boolean", true]
14:25:39.462 [debug] QUERY OK source="fun_with_flags_toggles" db=0.0ms
SELECT f0."id", f0."flag_name", f0."gate_type", f0."target", f0."enabled" FROM "fun_with_flags_toggles" AS f0 WHERE (f0."flag_name" = $1) ["blog"]
14:25:39.462 [debug] Telemetry event: [:fun_with_flags, :persistence, :write], metadata: %{flag_name: :blog, gate: %FunWithFlags.Gate{type: :boolean, for: nil, enabled: true}}, measurements: %{system_time: 1757622339462612152}
14:25:39.462 request_id=GGRUNJj2dZDBvNAAADKL [info] GET /blog
14:25:39.462 request_id=GGRUNJj2dZDBvNAAADKL [debug] Processing with RsolvWeb.BlogController.index/2
  Parameters: %{}
  Pipelines: [:browser]
14:25:39.462 request_id=GGRUNJj2dZDBvNAAADKL [debug] QUERY OK source="fun_with_flags_toggles" db=0.0ms
SELECT f0."id", f0."flag_name", f0."gate_type", f0."target", f0."enabled" FROM "fun_with_flags_toggles" AS f0 WHERE (f0."flag_name" = $1) ["blog"]
14:25:39.462 request_id=GGRUNJj2dZDBvNAAADKL [debug] Telemetry event: [:fun_with_flags, :persistence, :read], metadata: %{flag_name: :blog, gate: nil}, measurements: %{system_time: 1757622339462809947}
14:25:39.474 request_id=GGRUNJj2dZDBvNAAADKL [debug] QUERY OK source="fun_with_flags_toggles" db=0.1ms
SELECT f0."id", f0."flag_name", f0."gate_type", f0."target", f0."enabled" FROM "fun_with_flags_toggles" AS f0 WHERE (f0."flag_name" = $1) ["display_draft_blog_posts"]
14:25:39.474 request_id=GGRUNJj2dZDBvNAAADKL [debug] Telemetry event: [:fun_with_flags, :persistence, :read], metadata: %{flag_name: :display_draft_blog_posts, gate: nil}, measurements: %{system_time: 1757622339474110043}
14:25:39.474 request_id=GGRUNJj2dZDBvNAAADKL [debug] QUERY OK source="fun_with_flags_toggles" db=0.0ms
SELECT f0."id", f0."flag_name", f0."gate_type", f0."target", f0."enabled" FROM "fun_with_flags_toggles" AS f0 WHERE (f0."flag_name" = $1) ["blog"]
14:25:39.474 request_id=GGRUNJj2dZDBvNAAADKL [debug] Telemetry event: [:fun_with_flags, :persistence, :read], metadata: %{flag_name: :blog, gate: nil}, measurements: %{system_time: 1757622339474278024}
14:25:39.474 request_id=GGRUNJj2dZDBvNAAADKL [info] Sent 200 in 11ms
.14:25:39.474 request_id=GGRUNJmsSWa-Hp4AACiK [info] GET /health
14:25:39.474 request_id=GGRUNJmsSWa-Hp4AACiK [debug] Processing with RsolvWeb.PageController.health/2
  Parameters: %{}
  Pipelines: [:browser]
14:25:39.474 request_id=GGRUNJmsSWa-Hp4AACiK [debug] QUERY OK db=0.0ms
SELECT 1 []
14:25:39.474 request_id=GGRUNJmsSWa-Hp4AACiK [debug] QUERY OK db=0.0ms
SELECT current_database() []
14:25:39.475 request_id=GGRUNJmsSWa-Hp4AACiK [debug] QUERY OK db=0.1ms
  SELECT EXISTS (
    SELECT 1 
    FROM pg_tables 
    WHERE schemaname = 'public' 
      AND tablename = $1
  )
 ["analytics_events_2025_09"]
14:25:39.475 request_id=GGRUNJmsSWa-Hp4AACiK [info] Sent 200 in 646µs
..14:25:39.475 [info] Handling pull_request event with action: "opened"
14:25:39.475 [info] Evaluating PR: [RSOLV] Fix security issue
14:25:39.475 [debug] RSOLV PR identification:
- Has label: true
- Has branch prefix: true
- Has title prefix: true
- Has body pattern: true

14:25:39.475 [info] Identified as RSOLV PR, tracking...
14:25:39.475 [debug] QUERY OK source="fix_attempts" db=0.0ms
SELECT f0."id", f0."github_org", f0."repo_name", f0."issue_number", f0."pr_number", f0."status", f0."merged_at", f0."billing_status", f0."requires_manual_approval", f0."approved_by", f0."approved_at", f0."approval_notes", f0."platform", f0."customer_id", f0."api_key_used", f0."pr_title", f0."pr_url", f0."issue_title", f0."issue_url", f0."commit_sha", f0."merged_by", f0."metadata", f0."amount", f0."currency", f0."billed_at", f0."refunded_at", f0."inserted_at", f0."updated_at" FROM "fix_attempts" AS f0 WHERE (((f0."github_org" = $1) AND (f0."repo_name" = $2)) AND (f0."pr_number" = $3)) ["test-org", "test-repo", 42]
14:25:39.476 [debug] QUERY OK source="fix_attempts" db=0.0ms
INSERT INTO "fix_attempts" ("status","metadata","currency","repo_name","pr_number","github_org","pr_title","pr_url","billing_status","requires_manual_approval","platform","inserted_at","updated_at") VALUES ($1,$2,$3,$4,$5,$6,$7,$8,$9,$10,$11,$12,$13) RETURNING "id" ["pending", %{labels: ["rsolv:automated"], branch: "rsolv/123-fix-security", created_by: "rsolv-bot", issue_references: []}, "USD", "test-repo", 42, "test-org", "[RSOLV] Fix security issue", "https://github.com/test/repo/pull/42", "not_billed", true, "github", ~N[2025-09-11 20:25:39], ~N[2025-09-11 20:25:39]]
14:25:39.476 [debug] QUERY OK source="fix_attempts" db=0.1ms
SELECT f0."id", f0."github_org", f0."repo_name", f0."issue_number", f0."pr_number", f0."status", f0."merged_at", f0."billing_status", f0."requires_manual_approval", f0."approved_by", f0."approved_at", f0."approval_notes", f0."platform", f0."customer_id", f0."api_key_used", f0."pr_title", f0."pr_url", f0."issue_title", f0."issue_url", f0."commit_sha", f0."merged_by", f0."metadata", f0."amount", f0."currency", f0."billed_at", f0."refunded_at", f0."inserted_at", f0."updated_at" FROM "fix_attempts" AS f0 WHERE (f0."pr_number" = $1) [42]
.14:25:39.476 [debug] RSOLV PR identification:
- Has label: false
- Has branch prefix: 
- Has title prefix: true
- Has body pattern: false

...14:25:39.476 [debug] RSOLV PR identification:
- Has label: false
- Has branch prefix: false
- Has title prefix: false
- Has body pattern: false

..14:25:39.477 [info] Handling pull_request event with action: "opened"
14:25:39.477 [info] Evaluating PR: Regular PR
14:25:39.477 [debug] RSOLV PR identification:
- Has label: false
- Has branch prefix: false
- Has title prefix: false
- Has body pattern: false

14:25:39.477 [info] Not a RSOLV PR, ignoring
14:25:39.477 [debug] QUERY OK source="fix_attempts" db=0.0ms
SELECT f0."id", f0."github_org", f0."repo_name", f0."issue_number", f0."pr_number", f0."status", f0."merged_at", f0."billing_status", f0."requires_manual_approval", f0."approved_by", f0."approved_at", f0."approval_notes", f0."platform", f0."customer_id", f0."api_key_used", f0."pr_title", f0."pr_url", f0."issue_title", f0."issue_url", f0."commit_sha", f0."merged_by", f0."metadata", f0."amount", f0."currency", f0."billed_at", f0."refunded_at", f0."inserted_at", f0."updated_at" FROM "fix_attempts" AS f0 WHERE (f0."pr_number" = $1) [42]
..14:25:39.477 [debug] RSOLV PR identification:
- Has label: true
- Has branch prefix: 
- Has title prefix: false
- Has body pattern: false

.14:25:39.477 [info] Handling pull_request event with action: "opened"
14:25:39.477 [info] Evaluating PR: [RSOLV] Fix security issue
14:25:39.477 [debug] RSOLV PR identification:
- Has label: true
- Has branch prefix: true
- Has title prefix: true
- Has body pattern: true

14:25:39.477 [info] Identified as RSOLV PR, tracking...
14:25:39.478 [debug] QUERY OK source="fix_attempts" db=0.3ms
SELECT f0."id", f0."github_org", f0."repo_name", f0."issue_number", f0."pr_number", f0."status", f0."merged_at", f0."billing_status", f0."requires_manual_approval", f0."approved_by", f0."approved_at", f0."approval_notes", f0."platform", f0."customer_id", f0."api_key_used", f0."pr_title", f0."pr_url", f0."issue_title", f0."issue_url", f0."commit_sha", f0."merged_by", f0."metadata", f0."amount", f0."currency", f0."billed_at", f0."refunded_at", f0."inserted_at", f0."updated_at" FROM "fix_attempts" AS f0 WHERE (((f0."github_org" = $1) AND (f0."repo_name" = $2)) AND (f0."pr_number" = $3)) ["test-org", "test-repo", 42]
14:25:39.478 [debug] QUERY OK source="fix_attempts" db=0.1ms
INSERT INTO "fix_attempts" ("status","metadata","currency","repo_name","pr_number","github_org","issue_number","pr_title","pr_url","billing_status","requires_manual_approval","platform","inserted_at","updated_at") VALUES ($1,$2,$3,$4,$5,$6,$7,$8,$9,$10,$11,$12,$13,$14) RETURNING "id" ["pending", %{labels: ["rsolv:automated"], branch: "rsolv/123-fix-security", created_by: "rsolv-bot", issue_references: [%{type: :number, value: 123}]}, "USD", "test-repo", 42, "test-org", 123, "[RSOLV] Fix security issue", "https://github.com/test/repo/pull/42", "not_billed", true, "github", ~N[2025-09-11 20:25:39], ~N[2025-09-11 20:25:39]]
14:25:39.478 [debug] QUERY OK source="fix_attempts" db=0.0ms
SELECT f0."id", f0."github_org", f0."repo_name", f0."issue_number", f0."pr_number", f0."status", f0."merged_at", f0."billing_status", f0."requires_manual_approval", f0."approved_by", f0."approved_at", f0."approval_notes", f0."platform", f0."customer_id", f0."api_key_used", f0."pr_title", f0."pr_url", f0."issue_title", f0."issue_url", f0."commit_sha", f0."merged_by", f0."metadata", f0."amount", f0."currency", f0."billed_at", f0."refunded_at", f0."inserted_at", f0."updated_at" FROM "fix_attempts" AS f0 WHERE (((f0."github_org" = $1) AND (f0."repo_name" = $2)) AND (f0."pr_number" = $3)) ["test-org", "test-repo", 42]
.14:25:39.478 [debug] RSOLV PR identification:
- Has label: false
- Has branch prefix: 
- Has title prefix: false
- Has body pattern: true

14:25:39.478 [debug] RSOLV PR identification:
- Has label: false
- Has branch prefix: 
- Has title prefix: false
- Has body pattern: true

14:25:39.478 [debug] RSOLV PR identification:
- Has label: false
- Has branch prefix: 
- Has title prefix: false
- Has body pattern: true

14:25:39.478 [debug] RSOLV PR identification:
- Has label: false
- Has branch prefix: 
- Has title prefix: false
- Has body pattern: true

.14:25:39.478 [info] Handling pull_request event with action: "opened"
14:25:39.478 [info] Evaluating PR: [RSOLV] Fix security issue
14:25:39.478 [debug] RSOLV PR identification:
- Has label: true
- Has branch prefix: true
- Has title prefix: true
- Has body pattern: true

14:25:39.478 [info] Identified as RSOLV PR, tracking...
14:25:39.479 [debug] QUERY OK source="fix_attempts" db=0.4ms
SELECT f0."id", f0."github_org", f0."repo_name", f0."issue_number", f0."pr_number", f0."status", f0."merged_at", f0."billing_status", f0."requires_manual_approval", f0."approved_by", f0."approved_at", f0."approval_notes", f0."platform", f0."customer_id", f0."api_key_used", f0."pr_title", f0."pr_url", f0."issue_title", f0."issue_url", f0."commit_sha", f0."merged_by", f0."metadata", f0."amount", f0."currency", f0."billed_at", f0."refunded_at", f0."inserted_at", f0."updated_at" FROM "fix_attempts" AS f0 WHERE (((f0."github_org" = $1) AND (f0."repo_name" = $2)) AND (f0."pr_number" = $3)) ["test-org", "test-repo", 42]
14:25:39.479 [debug] QUERY OK source="fix_attempts" db=0.1ms
INSERT INTO "fix_attempts" ("status","metadata","currency","repo_name","pr_number","github_org","issue_number","pr_title","pr_url","billing_status","requires_manual_approval","platform","inserted_at","updated_at") VALUES ($1,$2,$3,$4,$5,$6,$7,$8,$9,$10,$11,$12,$13,$14) RETURNING "id" ["pending", %{labels: ["rsolv:automated"], branch: "rsolv/123-fix-security", created_by: "rsolv-bot", issue_references: [%{type: :number, value: 123}]}, "USD", "test-repo", 42, "test-org", 123, "[RSOLV] Fix security issue", "https://github.com/test/repo/pull/42", "not_billed", true, "github", ~N[2025-09-11 20:25:39], ~N[2025-09-11 20:25:39]]
14:25:39.479 [info] Handling pull_request event with action: "closed"
14:25:39.479 [debug] QUERY OK source="fix_attempts" db=0.0ms
SELECT f0."id", f0."github_org", f0."repo_name", f0."issue_number", f0."pr_number", f0."status", f0."merged_at", f0."billing_status", f0."requires_manual_approval", f0."approved_by", f0."approved_at", f0."approval_notes", f0."platform", f0."customer_id", f0."api_key_used", f0."pr_title", f0."pr_url", f0."issue_title", f0."issue_url", f0."commit_sha", f0."merged_by", f0."metadata", f0."amount", f0."currency", f0."billed_at", f0."refunded_at", f0."inserted_at", f0."updated_at" FROM "fix_attempts" AS f0 WHERE (((f0."github_org" = $1) AND (f0."repo_name" = $2)) AND (f0."pr_number" = $3)) ["test-org", "test-repo", 42]
14:25:39.479 [debug] QUERY OK source="fix_attempts" db=0.0ms
UPDATE "fix_attempts" SET "status" = $1, "merged_at" = $2, "merged_by" = $3, "commit_sha" = $4, "updated_at" = $5 WHERE "id" = $6 ["merged", ~U[2025-06-03 19:00:00.000000Z], "reviewer", "abc123", ~N[2025-09-11 20:25:39], 10479]
14:25:39.480 [debug] QUERY OK source="fix_attempts" db=0.0ms
SELECT f0."id", f0."github_org", f0."repo_name", f0."issue_number", f0."pr_number", f0."status", f0."merged_at", f0."billing_status", f0."requires_manual_approval", f0."approved_by", f0."approved_at", f0."approval_notes", f0."platform", f0."customer_id", f0."api_key_used", f0."pr_title", f0."pr_url", f0."issue_title", f0."issue_url", f0."commit_sha", f0."merged_by", f0."metadata", f0."amount", f0."currency", f0."billed_at", f0."refunded_at", f0."inserted_at", f0."updated_at" FROM "fix_attempts" AS f0 WHERE (((f0."github_org" = $1) AND (f0."repo_name" = $2)) AND (f0."pr_number" = $3)) ["test-org", "test-repo", 42]
.14:25:39.480 [debug] RSOLV PR identification:
- Has label: false
- Has branch prefix: true
- Has title prefix: false
- Has body pattern: false

.14:25:39.480 [info] Handling pull_request event with action: "opened"
14:25:39.480 [info] Evaluating PR: [RSOLV] Fix security issue
14:25:39.480 [debug] RSOLV PR identification:
- Has label: true
- Has branch prefix: true
- Has title prefix: true
- Has body pattern: true

14:25:39.480 [info] Identified as RSOLV PR, tracking...
14:25:39.480 [debug] QUERY OK source="fix_attempts" db=0.2ms
SELECT f0."id", f0."github_org", f0."repo_name", f0."issue_number", f0."pr_number", f0."status", f0."merged_at", f0."billing_status", f0."requires_manual_approval", f0."approved_by", f0."approved_at", f0."approval_notes", f0."platform", f0."customer_id", f0."api_key_used", f0."pr_title", f0."pr_url", f0."issue_title", f0."issue_url", f0."commit_sha", f0."merged_by", f0."metadata", f0."amount", f0."currency", f0."billed_at", f0."refunded_at", f0."inserted_at", f0."updated_at" FROM "fix_attempts" AS f0 WHERE (((f0."github_org" = $1) AND (f0."repo_name" = $2)) AND (f0."pr_number" = $3)) ["test-org", "test-repo", 42]
14:25:39.480 [debug] QUERY OK source="fix_attempts" db=0.1ms
INSERT INTO "fix_attempts" ("status","metadata","currency","repo_name","pr_number","github_org","issue_number","pr_title","pr_url","billing_status","requires_manual_approval","platform","inserted_at","updated_at") VALUES ($1,$2,$3,$4,$5,$6,$7,$8,$9,$10,$11,$12,$13,$14) RETURNING "id" ["pending", %{labels: ["rsolv:automated"], branch: "rsolv/123-fix-security", created_by: "rsolv-bot", issue_references: [%{type: :number, value: 123}, %{owner: "other", type: :url, value: 456, repo: "repo"}, %{owner: "test-org", type: :cross_repo, value: 789, repo: "another-repo"}]}, "USD", "test-repo", 42, "test-org", 123, "[RSOLV] Fix security issue", "https://github.com/test/repo/pull/42", "not_billed", true, "github", ~N[2025-09-11 20:25:39], ~N[2025-09-11 20:25:39]]
14:25:39.481 [debug] QUERY OK source="fix_attempts" db=0.1ms
SELECT f0."id", f0."github_org", f0."repo_name", f0."issue_number", f0."pr_number", f0."status", f0."merged_at", f0."billing_status", f0."requires_manual_approval", f0."approved_by", f0."approved_at", f0."approval_notes", f0."platform", f0."customer_id", f0."api_key_used", f0."pr_title", f0."pr_url", f0."issue_title", f0."issue_url", f0."commit_sha", f0."merged_by", f0."metadata", f0."amount", f0."currency", f0."billed_at", f0."refunded_at", f0."inserted_at", f0."updated_at" FROM "fix_attempts" AS f0 WHERE (f0."pr_number" = $1) [42]
.14:25:39.481 [debug] RSOLV PR identification:
- Has label: 
- Has branch prefix: 
- Has title prefix: 
- Has body pattern: 

14:25:39.481 [debug] RSOLV PR identification:
- Has label: 
- Has branch prefix: 
- Has title prefix: 
- Has body pattern: 

.14:25:39.481 [debug] RSOLV PR identification:
- Has label: 
- Has branch prefix: 
- Has title prefix: 
- Has body pattern: 

14:25:39.481 [debug] RSOLV PR identification:
- Has label: 
- Has branch prefix: 
- Has title prefix: 
- Has body pattern: 

14:25:39.481 [debug] RSOLV PR identification:
- Has label: false
- Has branch prefix: 
- Has title prefix: 
- Has body pattern: 

.14:25:39.481 [info] Handling pull_request event with action: "reopened"
14:25:39.481 [info] Evaluating PR: [RSOLV] Fix security issue
14:25:39.481 [debug] RSOLV PR identification:
- Has label: true
- Has branch prefix: true
- Has title prefix: true
- Has body pattern: true

14:25:39.481 [info] Identified as RSOLV PR, tracking...
14:25:39.481 [debug] QUERY OK source="fix_attempts" db=0.0ms
SELECT f0."id", f0."github_org", f0."repo_name", f0."issue_number", f0."pr_number", f0."status", f0."merged_at", f0."billing_status", f0."requires_manual_approval", f0."approved_by", f0."approved_at", f0."approval_notes", f0."platform", f0."customer_id", f0."api_key_used", f0."pr_title", f0."pr_url", f0."issue_title", f0."issue_url", f0."commit_sha", f0."merged_by", f0."metadata", f0."amount", f0."currency", f0."billed_at", f0."refunded_at", f0."inserted_at", f0."updated_at" FROM "fix_attempts" AS f0 WHERE (((f0."github_org" = $1) AND (f0."repo_name" = $2)) AND (f0."pr_number" = $3)) ["test-org", "test-repo", 42]
14:25:39.481 [debug] QUERY OK source="fix_attempts" db=0.0ms
INSERT INTO "fix_attempts" ("status","metadata","currency","repo_name","pr_number","github_org","issue_number","pr_title","pr_url","billing_status","requires_manual_approval","platform","inserted_at","updated_at") VALUES ($1,$2,$3,$4,$5,$6,$7,$8,$9,$10,$11,$12,$13,$14) RETURNING "id" ["pending", %{labels: ["rsolv:automated"], branch: "rsolv/123-fix-security", created_by: "rsolv-bot", issue_references: [%{type: :number, value: 123}]}, "USD", "test-repo", 42, "test-org", 123, "[RSOLV] Fix security issue", "https://github.com/test/repo/pull/42", "not_billed", true, "github", ~N[2025-09-11 20:25:39], ~N[2025-09-11 20:25:39]]
.....................****.........14:25:39.576 [debug] Parser response received
14:25:39.576 [info] AnalysisService: Loaded 30 patterns for javascript
14:25:39.577 [info] AnalysisService: Found 6 matches
14:25:39.577 [debug] Match confidence: 0.65, min_confidence: 0.7, match: %{type: "js-xss-jquery-html", context: %{node_type: "CallExpression", depth: 6, parent_type: "VariableDeclarator", in_function: "process1"}, location: %{depth: 6, end_column: 37, end_line: 3, start_line: 3, start_column: 17}, severity: "high", pattern_id: "js-xss-jquery-html", pattern_name: "XSS via jQuery html()", recommendation: "Review this code for potential security issues", confidence: 0.65, pattern_type: :xss, min_confidence: 0.7}
14:25:39.577 [debug] Match confidence: 0.35, min_confidence: 0.7, match: %{type: "js-nosql-injection", context: %{node_type: "CallExpression", depth: 6, parent_type: "VariableDeclarator", in_function: "process1"}, location: %{depth: 6, end_column: 37, end_line: 3, start_line: 3, start_column: 17}, severity: "high", pattern_id: "js-nosql-injection", pattern_name: "NoSQL Injection", recommendation: "Review this code for potential security issues", confidence: 0.35, pattern_type: :nosql_injection, min_confidence: 0.7}
14:25:39.577 [debug] Match confidence: 0.35, min_confidence: 0.8, match: %{type: "js-ldap-injection", context: %{node_type: "CallExpression", depth: 6, parent_type: "VariableDeclarator", in_function: "process1"}, location: %{depth: 6, end_column: 37, end_line: 3, start_line: 3, start_column: 17}, severity: "high", pattern_id: "js-ldap-injection", pattern_name: "LDAP Injection", recommendation: "Review this code for potential security issues", confidence: 0.35, pattern_type: :ldap_injection, min_confidence: 0.8}
14:25:39.577 [debug] Match confidence: 0.35, min_confidence: 0.8, match: %{type: "js-xpath-injection", context: %{node_type: "CallExpression", depth: 6, parent_type: "VariableDeclarator", in_function: "process1"}, location: %{depth: 6, end_column: 37, end_line: 3, start_line: 3, start_column: 17}, severity: "high", pattern_id: "js-xpath-injection", pattern_name: "XPath Injection", recommendation: "Review this code for potential security issues", confidence: 0.35, pattern_type: :xpath_injection, min_confidence: 0.8}
14:25:39.577 [debug] Match confidence: 0.35, min_confidence: 0.7, match: %{type: "js-ssrf", context: %{node_type: "CallExpression", depth: 6, parent_type: "VariableDeclarator", in_function: "process1"}, location: %{depth: 6, end_column: 37, end_line: 3, start_line: 3, start_column: 17}, severity: "medium", pattern_id: "js-ssrf", pattern_name: "Server-Side Request Forgery (SSRF)", recommendation: "Review this code for potential security issues", confidence: 0.35, pattern_type: :ssrf, min_confidence: 0.7}
14:25:39.578 [debug] Match confidence: 0.75, min_confidence: 0.8, match: %{type: "js-insecure-deserialization", context: %{node_type: "CallExpression", depth: 6, parent_type: "VariableDeclarator", in_function: "process1"}, location: %{depth: 6, end_column: 37, end_line: 3, start_line: 3, start_column: 17}, severity: "medium", pattern_id: "js-insecure-deserialization", pattern_name: "Insecure Deserialization", recommendation: "Review this code for potential security issues", confidence: 0.75, pattern_type: :deserialization, min_confidence: 0.8}
14:25:39.655 [debug] Parser response received
14:25:39.655 [info] AnalysisService: Loaded 30 patterns for javascript
14:25:39.657 [info] AnalysisService: Found 6 matches
14:25:39.657 [debug] Match confidence: 0.65, min_confidence: 0.7, match: %{type: "js-xss-jquery-html", context: %{node_type: "CallExpression", depth: 6, parent_type: "VariableDeclarator", in_function: "process2"}, location: %{depth: 6, end_column: 37, end_line: 3, start_line: 3, start_column: 17}, severity: "high", pattern_id: "js-xss-jquery-html", pattern_name: "XSS via jQuery html()", recommendation: "Review this code for potential security issues", confidence: 0.65, pattern_type: :xss, min_confidence: 0.7}
14:25:39.657 [debug] Match confidence: 0.35, min_confidence: 0.7, match: %{type: "js-nosql-injection", context: %{node_type: "CallExpression", depth: 6, parent_type: "VariableDeclarator", in_function: "process2"}, location: %{depth: 6, end_column: 37, end_line: 3, start_line: 3, start_column: 17}, severity: "high", pattern_id: "js-nosql-injection", pattern_name: "NoSQL Injection", recommendation: "Review this code for potential security issues", confidence: 0.35, pattern_type: :nosql_injection, min_confidence: 0.7}
14:25:39.657 [debug] Match confidence: 0.35, min_confidence: 0.8, match: %{type: "js-ldap-injection", context: %{node_type: "CallExpression", depth: 6, parent_type: "VariableDeclarator", in_function: "process2"}, location: %{depth: 6, end_column: 37, end_line: 3, start_line: 3, start_column: 17}, severity: "high", pattern_id: "js-ldap-injection", pattern_name: "LDAP Injection", recommendation: "Review this code for potential security issues", confidence: 0.35, pattern_type: :ldap_injection, min_confidence: 0.8}
14:25:39.657 [debug] Match confidence: 0.35, min_confidence: 0.8, match: %{type: "js-xpath-injection", context: %{node_type: "CallExpression", depth: 6, parent_type: "VariableDeclarator", in_function: "process2"}, location: %{depth: 6, end_column: 37, end_line: 3, start_line: 3, start_column: 17}, severity: "high", pattern_id: "js-xpath-injection", pattern_name: "XPath Injection", recommendation: "Review this code for potential security issues", confidence: 0.35, pattern_type: :xpath_injection, min_confidence: 0.8}
14:25:39.657 [debug] Match confidence: 0.35, min_confidence: 0.7, match: %{type: "js-ssrf", context: %{node_type: "CallExpression", depth: 6, parent_type: "VariableDeclarator", in_function: "process2"}, location: %{depth: 6, end_column: 37, end_line: 3, start_line: 3, start_column: 17}, severity: "medium", pattern_id: "js-ssrf", pattern_name: "Server-Side Request Forgery (SSRF)", recommendation: "Review this code for potential security issues", confidence: 0.35, pattern_type: :ssrf, min_confidence: 0.7}
14:25:39.657 [debug] Match confidence: 0.75, min_confidence: 0.8, match: %{type: "js-insecure-deserialization", context: %{node_type: "CallExpression", depth: 6, parent_type: "VariableDeclarator", in_function: "process2"}, location: %{depth: 6, end_column: 37, end_line: 3, start_line: 3, start_column: 17}, severity: "medium", pattern_id: "js-insecure-deserialization", pattern_name: "Insecure Deserialization", recommendation: "Review this code for potential security issues", confidence: 0.75, pattern_type: :deserialization, min_confidence: 0.8}
14:25:39.743 [debug] Parser response received
14:25:39.743 [info] AnalysisService: Loaded 30 patterns for javascript
14:25:39.745 [info] AnalysisService: Found 6 matches
14:25:39.745 [debug] Match confidence: 0.65, min_confidence: 0.7, match: %{type: "js-xss-jquery-html", context: %{node_type: "CallExpression", depth: 6, parent_type: "VariableDeclarator", in_function: "process3"}, location: %{depth: 6, end_column: 37, end_line: 3, start_line: 3, start_column: 17}, severity: "high", pattern_id: "js-xss-jquery-html", pattern_name: "XSS via jQuery html()", recommendation: "Review this code for potential security issues", confidence: 0.65, pattern_type: :xss, min_confidence: 0.7}
14:25:39.745 [debug] Match confidence: 0.35, min_confidence: 0.7, match: %{type: "js-nosql-injection", context: %{node_type: "CallExpression", depth: 6, parent_type: "VariableDeclarator", in_function: "process3"}, location: %{depth: 6, end_column: 37, end_line: 3, start_line: 3, start_column: 17}, severity: "high", pattern_id: "js-nosql-injection", pattern_name: "NoSQL Injection", recommendation: "Review this code for potential security issues", confidence: 0.35, pattern_type: :nosql_injection, min_confidence: 0.7}
14:25:39.745 [debug] Match confidence: 0.35, min_confidence: 0.8, match: %{type: "js-ldap-injection", context: %{node_type: "CallExpression", depth: 6, parent_type: "VariableDeclarator", in_function: "process3"}, location: %{depth: 6, end_column: 37, end_line: 3, start_line: 3, start_column: 17}, severity: "high", pattern_id: "js-ldap-injection", pattern_name: "LDAP Injection", recommendation: "Review this code for potential security issues", confidence: 0.35, pattern_type: :ldap_injection, min_confidence: 0.8}
14:25:39.745 [debug] Match confidence: 0.35, min_confidence: 0.8, match: %{type: "js-xpath-injection", context: %{node_type: "CallExpression", depth: 6, parent_type: "VariableDeclarator", in_function: "process3"}, location: %{depth: 6, end_column: 37, end_line: 3, start_line: 3, start_column: 17}, severity: "high", pattern_id: "js-xpath-injection", pattern_name: "XPath Injection", recommendation: "Review this code for potential security issues", confidence: 0.35, pattern_type: :xpath_injection, min_confidence: 0.8}
14:25:39.745 [debug] Match confidence: 0.35, min_confidence: 0.7, match: %{type: "js-ssrf", context: %{node_type: "CallExpression", depth: 6, parent_type: "VariableDeclarator", in_function: "process3"}, location: %{depth: 6, end_column: 37, end_line: 3, start_line: 3, start_column: 17}, severity: "medium", pattern_id: "js-ssrf", pattern_name: "Server-Side Request Forgery (SSRF)", recommendation: "Review this code for potential security issues", confidence: 0.35, pattern_type: :ssrf, min_confidence: 0.7}
14:25:39.745 [debug] Match confidence: 0.75, min_confidence: 0.8, match: %{type: "js-insecure-deserialization", context: %{node_type: "CallExpression", depth: 6, parent_type: "VariableDeclarator", in_function: "process3"}, location: %{depth: 6, end_column: 37, end_line: 3, start_line: 3, start_column: 17}, severity: "medium", pattern_id: "js-insecure-deserialization", pattern_name: "Insecure Deserialization", recommendation: "Review this code for potential security issues", confidence: 0.75, pattern_type: :deserialization, min_confidence: 0.8}
14:25:39.820 [debug] Parser response received
14:25:39.821 [info] AnalysisService: Loaded 30 patterns for javascript
14:25:39.822 [info] AnalysisService: Found 6 matches
14:25:39.822 [debug] Match confidence: 0.65, min_confidence: 0.7, match: %{type: "js-xss-jquery-html", context: %{node_type: "CallExpression", depth: 6, parent_type: "VariableDeclarator", in_function: "process4"}, location: %{depth: 6, end_column: 37, end_line: 3, start_line: 3, start_column: 17}, severity: "high", pattern_id: "js-xss-jquery-html", pattern_name: "XSS via jQuery html()", recommendation: "Review this code for potential security issues", confidence: 0.65, pattern_type: :xss, min_confidence: 0.7}
14:25:39.822 [debug] Match confidence: 0.35, min_confidence: 0.7, match: %{type: "js-nosql-injection", context: %{node_type: "CallExpression", depth: 6, parent_type: "VariableDeclarator", in_function: "process4"}, location: %{depth: 6, end_column: 37, end_line: 3, start_line: 3, start_column: 17}, severity: "high", pattern_id: "js-nosql-injection", pattern_name: "NoSQL Injection", recommendation: "Review this code for potential security issues", confidence: 0.35, pattern_type: :nosql_injection, min_confidence: 0.7}
14:25:39.823 [debug] Match confidence: 0.35, min_confidence: 0.8, match: %{type: "js-ldap-injection", context: %{node_type: "CallExpression", depth: 6, parent_type: "VariableDeclarator", in_function: "process4"}, location: %{depth: 6, end_column: 37, end_line: 3, start_line: 3, start_column: 17}, severity: "high", pattern_id: "js-ldap-injection", pattern_name: "LDAP Injection", recommendation: "Review this code for potential security issues", confidence: 0.35, pattern_type: :ldap_injection, min_confidence: 0.8}
14:25:39.823 [debug] Match confidence: 0.35, min_confidence: 0.8, match: %{type: "js-xpath-injection", context: %{node_type: "CallExpression", depth: 6, parent_type: "VariableDeclarator", in_function: "process4"}, location: %{depth: 6, end_column: 37, end_line: 3, start_line: 3, start_column: 17}, severity: "high", pattern_id: "js-xpath-injection", pattern_name: "XPath Injection", recommendation: "Review this code for potential security issues", confidence: 0.35, pattern_type: :xpath_injection, min_confidence: 0.8}
14:25:39.823 [debug] Match confidence: 0.35, min_confidence: 0.7, match: %{type: "js-ssrf", context: %{node_type: "CallExpression", depth: 6, parent_type: "VariableDeclarator", in_function: "process4"}, location: %{depth: 6, end_column: 37, end_line: 3, start_line: 3, start_column: 17}, severity: "medium", pattern_id: "js-ssrf", pattern_name: "Server-Side Request Forgery (SSRF)", recommendation: "Review this code for potential security issues", confidence: 0.35, pattern_type: :ssrf, min_confidence: 0.7}
14:25:39.823 [debug] Match confidence: 0.75, min_confidence: 0.8, match: %{type: "js-insecure-deserialization", context: %{node_type: "CallExpression", depth: 6, parent_type: "VariableDeclarator", in_function: "process4"}, location: %{depth: 6, end_column: 37, end_line: 3, start_line: 3, start_column: 17}, severity: "medium", pattern_id: "js-insecure-deserialization", pattern_name: "Insecure Deserialization", recommendation: "Review this code for potential security issues", confidence: 0.75, pattern_type: :deserialization, min_confidence: 0.8}
14:25:39.905 [debug] Parser response received
14:25:39.905 [info] AnalysisService: Loaded 30 patterns for javascript
14:25:39.907 [info] AnalysisService: Found 6 matches
14:25:39.907 [debug] Match confidence: 0.65, min_confidence: 0.7, match: %{type: "js-xss-jquery-html", context: %{node_type: "CallExpression", depth: 6, parent_type: "VariableDeclarator", in_function: "process5"}, location: %{depth: 6, end_column: 37, end_line: 3, start_line: 3, start_column: 17}, severity: "high", pattern_id: "js-xss-jquery-html", pattern_name: "XSS via jQuery html()", recommendation: "Review this code for potential security issues", confidence: 0.65, pattern_type: :xss, min_confidence: 0.7}
14:25:39.907 [debug] Match confidence: 0.35, min_confidence: 0.7, match: %{type: "js-nosql-injection", context: %{node_type: "CallExpression", depth: 6, parent_type: "VariableDeclarator", in_function: "process5"}, location: %{depth: 6, end_column: 37, end_line: 3, start_line: 3, start_column: 17}, severity: "high", pattern_id: "js-nosql-injection", pattern_name: "NoSQL Injection", recommendation: "Review this code for potential security issues", confidence: 0.35, pattern_type: :nosql_injection, min_confidence: 0.7}
14:25:39.907 [debug] Match confidence: 0.35, min_confidence: 0.8, match: %{type: "js-ldap-injection", context: %{node_type: "CallExpression", depth: 6, parent_type: "VariableDeclarator", in_function: "process5"}, location: %{depth: 6, end_column: 37, end_line: 3, start_line: 3, start_column: 17}, severity: "high", pattern_id: "js-ldap-injection", pattern_name: "LDAP Injection", recommendation: "Review this code for potential security issues", confidence: 0.35, pattern_type: :ldap_injection, min_confidence: 0.8}
14:25:39.907 [debug] Match confidence: 0.35, min_confidence: 0.8, match: %{type: "js-xpath-injection", context: %{node_type: "CallExpression", depth: 6, parent_type: "VariableDeclarator", in_function: "process5"}, location: %{depth: 6, end_column: 37, end_line: 3, start_line: 3, start_column: 17}, severity: "high", pattern_id: "js-xpath-injection", pattern_name: "XPath Injection", recommendation: "Review this code for potential security issues", confidence: 0.35, pattern_type: :xpath_injection, min_confidence: 0.8}
14:25:39.907 [debug] Match confidence: 0.35, min_confidence: 0.7, match: %{type: "js-ssrf", context: %{node_type: "CallExpression", depth: 6, parent_type: "VariableDeclarator", in_function: "process5"}, location: %{depth: 6, end_column: 37, end_line: 3, start_line: 3, start_column: 17}, severity: "medium", pattern_id: "js-ssrf", pattern_name: "Server-Side Request Forgery (SSRF)", recommendation: "Review this code for potential security issues", confidence: 0.35, pattern_type: :ssrf, min_confidence: 0.7}
14:25:39.907 [debug] Match confidence: 0.75, min_confidence: 0.8, match: %{type: "js-insecure-deserialization", context: %{node_type: "CallExpression", depth: 6, parent_type: "VariableDeclarator", in_function: "process5"}, location: %{depth: 6, end_column: 37, end_line: 3, start_line: 3, start_column: 17}, severity: "medium", pattern_id: "js-insecure-deserialization", pattern_name: "Insecure Deserialization", recommendation: "Review this code for potential security issues", confidence: 0.75, pattern_type: :deserialization, min_confidence: 0.8}
14:25:39.987 [debug] Parser response received
14:25:39.987 [info] AnalysisService: Loaded 30 patterns for javascript
14:25:39.989 [info] AnalysisService: Found 6 matches
14:25:39.989 [debug] Match confidence: 0.65, min_confidence: 0.7, match: %{type: "js-xss-jquery-html", context: %{node_type: "CallExpression", depth: 6, parent_type: "VariableDeclarator", in_function: "process6"}, location: %{depth: 6, end_column: 37, end_line: 3, start_line: 3, start_column: 17}, severity: "high", pattern_id: "js-xss-jquery-html", pattern_name: "XSS via jQuery html()", recommendation: "Review this code for potential security issues", confidence: 0.65, pattern_type: :xss, min_confidence: 0.7}
14:25:39.989 [debug] Match confidence: 0.35, min_confidence: 0.7, match: %{type: "js-nosql-injection", context: %{node_type: "CallExpression", depth: 6, parent_type: "VariableDeclarator", in_function: "process6"}, location: %{depth: 6, end_column: 37, end_line: 3, start_line: 3, start_column: 17}, severity: "high", pattern_id: "js-nosql-injection", pattern_name: "NoSQL Injection", recommendation: "Review this code for potential security issues", confidence: 0.35, pattern_type: :nosql_injection, min_confidence: 0.7}
14:25:39.989 [debug] Match confidence: 0.35, min_confidence: 0.8, match: %{type: "js-ldap-injection", context: %{node_type: "CallExpression", depth: 6, parent_type: "VariableDeclarator", in_function: "process6"}, location: %{depth: 6, end_column: 37, end_line: 3, start_line: 3, start_column: 17}, severity: "high", pattern_id: "js-ldap-injection", pattern_name: "LDAP Injection", recommendation: "Review this code for potential security issues", confidence: 0.35, pattern_type: :ldap_injection, min_confidence: 0.8}
14:25:39.989 [debug] Match confidence: 0.35, min_confidence: 0.8, match: %{type: "js-xpath-injection", context: %{node_type: "CallExpression", depth: 6, parent_type: "VariableDeclarator", in_function: "process6"}, location: %{depth: 6, end_column: 37, end_line: 3, start_line: 3, start_column: 17}, severity: "high", pattern_id: "js-xpath-injection", pattern_name: "XPath Injection", recommendation: "Review this code for potential security issues", confidence: 0.35, pattern_type: :xpath_injection, min_confidence: 0.8}
14:25:39.989 [debug] Match confidence: 0.35, min_confidence: 0.7, match: %{type: "js-ssrf", context: %{node_type: "CallExpression", depth: 6, parent_type: "VariableDeclarator", in_function: "process6"}, location: %{depth: 6, end_column: 37, end_line: 3, start_line: 3, start_column: 17}, severity: "medium", pattern_id: "js-ssrf", pattern_name: "Server-Side Request Forgery (SSRF)", recommendation: "Review this code for potential security issues", confidence: 0.35, pattern_type: :ssrf, min_confidence: 0.7}
14:25:39.989 [debug] Match confidence: 0.75, min_confidence: 0.8, match: %{type: "js-insecure-deserialization", context: %{node_type: "CallExpression", depth: 6, parent_type: "VariableDeclarator", in_function: "process6"}, location: %{depth: 6, end_column: 37, end_line: 3, start_line: 3, start_column: 17}, severity: "medium", pattern_id: "js-insecure-deserialization", pattern_name: "Insecure Deserialization", recommendation: "Review this code for potential security issues", confidence: 0.75, pattern_type: :deserialization, min_confidence: 0.8}
14:25:40.072 [debug] Parser response received
14:25:40.072 [info] AnalysisService: Loaded 30 patterns for javascript
14:25:40.074 [info] AnalysisService: Found 6 matches
14:25:40.074 [debug] Match confidence: 0.65, min_confidence: 0.7, match: %{type: "js-xss-jquery-html", context: %{node_type: "CallExpression", depth: 6, parent_type: "VariableDeclarator", in_function: "process7"}, location: %{depth: 6, end_column: 37, end_line: 3, start_line: 3, start_column: 17}, severity: "high", pattern_id: "js-xss-jquery-html", pattern_name: "XSS via jQuery html()", recommendation: "Review this code for potential security issues", confidence: 0.65, pattern_type: :xss, min_confidence: 0.7}
14:25:40.074 [debug] Match confidence: 0.35, min_confidence: 0.7, match: %{type: "js-nosql-injection", context: %{node_type: "CallExpression", depth: 6, parent_type: "VariableDeclarator", in_function: "process7"}, location: %{depth: 6, end_column: 37, end_line: 3, start_line: 3, start_column: 17}, severity: "high", pattern_id: "js-nosql-injection", pattern_name: "NoSQL Injection", recommendation: "Review this code for potential security issues", confidence: 0.35, pattern_type: :nosql_injection, min_confidence: 0.7}
14:25:40.074 [debug] Match confidence: 0.35, min_confidence: 0.8, match: %{type: "js-ldap-injection", context: %{node_type: "CallExpression", depth: 6, parent_type: "VariableDeclarator", in_function: "process7"}, location: %{depth: 6, end_column: 37, end_line: 3, start_line: 3, start_column: 17}, severity: "high", pattern_id: "js-ldap-injection", pattern_name: "LDAP Injection", recommendation: "Review this code for potential security issues", confidence: 0.35, pattern_type: :ldap_injection, min_confidence: 0.8}
14:25:40.074 [debug] Match confidence: 0.35, min_confidence: 0.8, match: %{type: "js-xpath-injection", context: %{node_type: "CallExpression", depth: 6, parent_type: "VariableDeclarator", in_function: "process7"}, location: %{depth: 6, end_column: 37, end_line: 3, start_line: 3, start_column: 17}, severity: "high", pattern_id: "js-xpath-injection", pattern_name: "XPath Injection", recommendation: "Review this code for potential security issues", confidence: 0.35, pattern_type: :xpath_injection, min_confidence: 0.8}
14:25:40.074 [debug] Match confidence: 0.35, min_confidence: 0.7, match: %{type: "js-ssrf", context: %{node_type: "CallExpression", depth: 6, parent_type: "VariableDeclarator", in_function: "process7"}, location: %{depth: 6, end_column: 37, end_line: 3, start_line: 3, start_column: 17}, severity: "medium", pattern_id: "js-ssrf", pattern_name: "Server-Side Request Forgery (SSRF)", recommendation: "Review this code for potential security issues", confidence: 0.35, pattern_type: :ssrf, min_confidence: 0.7}
14:25:40.074 [debug] Match confidence: 0.75, min_confidence: 0.8, match: %{type: "js-insecure-deserialization", context: %{node_type: "CallExpression", depth: 6, parent_type: "VariableDeclarator", in_function: "process7"}, location: %{depth: 6, end_column: 37, end_line: 3, start_line: 3, start_column: 17}, severity: "medium", pattern_id: "js-insecure-deserialization", pattern_name: "Insecure Deserialization", recommendation: "Review this code for potential security issues", confidence: 0.75, pattern_type: :deserialization, min_confidence: 0.8}
14:25:40.154 [debug] Parser response received
14:25:40.154 [info] AnalysisService: Loaded 30 patterns for javascript
14:25:40.155 [info] AnalysisService: Found 6 matches
14:25:40.155 [debug] Match confidence: 0.65, min_confidence: 0.7, match: %{type: "js-xss-jquery-html", context: %{node_type: "CallExpression", depth: 6, parent_type: "VariableDeclarator", in_function: "process8"}, location: %{depth: 6, end_column: 37, end_line: 3, start_line: 3, start_column: 17}, severity: "high", pattern_id: "js-xss-jquery-html", pattern_name: "XSS via jQuery html()", recommendation: "Review this code for potential security issues", confidence: 0.65, pattern_type: :xss, min_confidence: 0.7}
14:25:40.155 [debug] Match confidence: 0.35, min_confidence: 0.7, match: %{type: "js-nosql-injection", context: %{node_type: "CallExpression", depth: 6, parent_type: "VariableDeclarator", in_function: "process8"}, location: %{depth: 6, end_column: 37, end_line: 3, start_line: 3, start_column: 17}, severity: "high", pattern_id: "js-nosql-injection", pattern_name: "NoSQL Injection", recommendation: "Review this code for potential security issues", confidence: 0.35, pattern_type: :nosql_injection, min_confidence: 0.7}
14:25:40.155 [debug] Match confidence: 0.35, min_confidence: 0.8, match: %{type: "js-ldap-injection", context: %{node_type: "CallExpression", depth: 6, parent_type: "VariableDeclarator", in_function: "process8"}, location: %{depth: 6, end_column: 37, end_line: 3, start_line: 3, start_column: 17}, severity: "high", pattern_id: "js-ldap-injection", pattern_name: "LDAP Injection", recommendation: "Review this code for potential security issues", confidence: 0.35, pattern_type: :ldap_injection, min_confidence: 0.8}
14:25:40.155 [debug] Match confidence: 0.35, min_confidence: 0.8, match: %{type: "js-xpath-injection", context: %{node_type: "CallExpression", depth: 6, parent_type: "VariableDeclarator", in_function: "process8"}, location: %{depth: 6, end_column: 37, end_line: 3, start_line: 3, start_column: 17}, severity: "high", pattern_id: "js-xpath-injection", pattern_name: "XPath Injection", recommendation: "Review this code for potential security issues", confidence: 0.35, pattern_type: :xpath_injection, min_confidence: 0.8}
14:25:40.155 [debug] Match confidence: 0.35, min_confidence: 0.7, match: %{type: "js-ssrf", context: %{node_type: "CallExpression", depth: 6, parent_type: "VariableDeclarator", in_function: "process8"}, location: %{depth: 6, end_column: 37, end_line: 3, start_line: 3, start_column: 17}, severity: "medium", pattern_id: "js-ssrf", pattern_name: "Server-Side Request Forgery (SSRF)", recommendation: "Review this code for potential security issues", confidence: 0.35, pattern_type: :ssrf, min_confidence: 0.7}
14:25:40.156 [debug] Match confidence: 0.75, min_confidence: 0.8, match: %{type: "js-insecure-deserialization", context: %{node_type: "CallExpression", depth: 6, parent_type: "VariableDeclarator", in_function: "process8"}, location: %{depth: 6, end_column: 37, end_line: 3, start_line: 3, start_column: 17}, severity: "medium", pattern_id: "js-insecure-deserialization", pattern_name: "Insecure Deserialization", recommendation: "Review this code for potential security issues", confidence: 0.75, pattern_type: :deserialization, min_confidence: 0.8}
14:25:40.240 [debug] Parser response received
14:25:40.241 [info] AnalysisService: Loaded 30 patterns for javascript
14:25:40.242 [info] AnalysisService: Found 6 matches
14:25:40.242 [debug] Match confidence: 0.65, min_confidence: 0.7, match: %{type: "js-xss-jquery-html", context: %{node_type: "CallExpression", depth: 6, parent_type: "VariableDeclarator", in_function: "process9"}, location: %{depth: 6, end_column: 37, end_line: 3, start_line: 3, start_column: 17}, severity: "high", pattern_id: "js-xss-jquery-html", pattern_name: "XSS via jQuery html()", recommendation: "Review this code for potential security issues", confidence: 0.65, pattern_type: :xss, min_confidence: 0.7}
14:25:40.242 [debug] Match confidence: 0.35, min_confidence: 0.7, match: %{type: "js-nosql-injection", context: %{node_type: "CallExpression", depth: 6, parent_type: "VariableDeclarator", in_function: "process9"}, location: %{depth: 6, end_column: 37, end_line: 3, start_line: 3, start_column: 17}, severity: "high", pattern_id: "js-nosql-injection", pattern_name: "NoSQL Injection", recommendation: "Review this code for potential security issues", confidence: 0.35, pattern_type: :nosql_injection, min_confidence: 0.7}
14:25:40.242 [debug] Match confidence: 0.35, min_confidence: 0.8, match: %{type: "js-ldap-injection", context: %{node_type: "CallExpression", depth: 6, parent_type: "VariableDeclarator", in_function: "process9"}, location: %{depth: 6, end_column: 37, end_line: 3, start_line: 3, start_column: 17}, severity: "high", pattern_id: "js-ldap-injection", pattern_name: "LDAP Injection", recommendation: "Review this code for potential security issues", confidence: 0.35, pattern_type: :ldap_injection, min_confidence: 0.8}
14:25:40.242 [debug] Match confidence: 0.35, min_confidence: 0.8, match: %{type: "js-xpath-injection", context: %{node_type: "CallExpression", depth: 6, parent_type: "VariableDeclarator", in_function: "process9"}, location: %{depth: 6, end_column: 37, end_line: 3, start_line: 3, start_column: 17}, severity: "high", pattern_id: "js-xpath-injection", pattern_name: "XPath Injection", recommendation: "Review this code for potential security issues", confidence: 0.35, pattern_type: :xpath_injection, min_confidence: 0.8}
14:25:40.242 [debug] Match confidence: 0.35, min_confidence: 0.7, match: %{type: "js-ssrf", context: %{node_type: "CallExpression", depth: 6, parent_type: "VariableDeclarator", in_function: "process9"}, location: %{depth: 6, end_column: 37, end_line: 3, start_line: 3, start_column: 17}, severity: "medium", pattern_id: "js-ssrf", pattern_name: "Server-Side Request Forgery (SSRF)", recommendation: "Review this code for potential security issues", confidence: 0.35, pattern_type: :ssrf, min_confidence: 0.7}
14:25:40.242 [debug] Match confidence: 0.75, min_confidence: 0.8, match: %{type: "js-insecure-deserialization", context: %{node_type: "CallExpression", depth: 6, parent_type: "VariableDeclarator", in_function: "process9"}, location: %{depth: 6, end_column: 37, end_line: 3, start_line: 3, start_column: 17}, severity: "medium", pattern_id: "js-insecure-deserialization", pattern_name: "Insecure Deserialization", recommendation: "Review this code for potential security issues", confidence: 0.75, pattern_type: :deserialization, min_confidence: 0.8}
14:25:40.316 [debug] Parser response received
14:25:40.316 [info] AnalysisService: Loaded 30 patterns for javascript
14:25:40.318 [info] AnalysisService: Found 6 matches
14:25:40.318 [debug] Match confidence: 0.65, min_confidence: 0.7, match: %{type: "js-xss-jquery-html", context: %{node_type: "CallExpression", depth: 6, parent_type: "VariableDeclarator", in_function: "process10"}, location: %{depth: 6, end_column: 37, end_line: 3, start_line: 3, start_column: 17}, severity: "high", pattern_id: "js-xss-jquery-html", pattern_name: "XSS via jQuery html()", recommendation: "Review this code for potential security issues", confidence: 0.65, pattern_type: :xss, min_confidence: 0.7}
14:25:40.318 [debug] Match confidence: 0.35, min_confidence: 0.7, match: %{type: "js-nosql-injection", context: %{node_type: "CallExpression", depth: 6, parent_type: "VariableDeclarator", in_function: "process10"}, location: %{depth: 6, end_column: 37, end_line: 3, start_line: 3, start_column: 17}, severity: "high", pattern_id: "js-nosql-injection", pattern_name: "NoSQL Injection", recommendation: "Review this code for potential security issues", confidence: 0.35, pattern_type: :nosql_injection, min_confidence: 0.7}
14:25:40.318 [debug] Match confidence: 0.35, min_confidence: 0.8, match: %{type: "js-ldap-injection", context: %{node_type: "CallExpression", depth: 6, parent_type: "VariableDeclarator", in_function: "process10"}, location: %{depth: 6, end_column: 37, end_line: 3, start_line: 3, start_column: 17}, severity: "high", pattern_id: "js-ldap-injection", pattern_name: "LDAP Injection", recommendation: "Review this code for potential security issues", confidence: 0.35, pattern_type: :ldap_injection, min_confidence: 0.8}
14:25:40.318 [debug] Match confidence: 0.35, min_confidence: 0.8, match: %{type: "js-xpath-injection", context: %{node_type: "CallExpression", depth: 6, parent_type: "VariableDeclarator", in_function: "process10"}, location: %{depth: 6, end_column: 37, end_line: 3, start_line: 3, start_column: 17}, severity: "high", pattern_id: "js-xpath-injection", pattern_name: "XPath Injection", recommendation: "Review this code for potential security issues", confidence: 0.35, pattern_type: :xpath_injection, min_confidence: 0.8}
14:25:40.318 [debug] Match confidence: 0.35, min_confidence: 0.7, match: %{type: "js-ssrf", context: %{node_type: "CallExpression", depth: 6, parent_type: "VariableDeclarator", in_function: "process10"}, location: %{depth: 6, end_column: 37, end_line: 3, start_line: 3, start_column: 17}, severity: "medium", pattern_id: "js-ssrf", pattern_name: "Server-Side Request Forgery (SSRF)", recommendation: "Review this code for potential security issues", confidence: 0.35, pattern_type: :ssrf, min_confidence: 0.7}
14:25:40.318 [debug] Match confidence: 0.75, min_confidence: 0.8, match: %{type: "js-insecure-deserialization", context: %{node_type: "CallExpression", depth: 6, parent_type: "VariableDeclarator", in_function: "process10"}, location: %{depth: 6, end_column: 37, end_line: 3, start_line: 3, start_column: 17}, severity: "medium", pattern_id: "js-insecure-deserialization", pattern_name: "Insecure Deserialization", recommendation: "Review this code for potential security issues", confidence: 0.75, pattern_type: :deserialization, min_confidence: 0.8}
.14:25:40.396 [debug] Parser response received
14:25:40.396 [info] AnalysisService: Loaded 30 patterns for javascript
14:25:40.398 [info] AnalysisService: Found 7 matches
14:25:40.398 [debug] Match confidence: 0.6, min_confidence: 0.7, match: %{type: "js-xss-jquery-html", context: %{node_type: "CallExpression", depth: 3, parent_type: "ExpressionStatement"}, location: %{depth: 3, end_column: 33, end_line: 3, start_line: 3, start_column: 0}, severity: "high", pattern_id: "js-xss-jquery-html", pattern_name: "XSS via jQuery html()", recommendation: "Review this code for potential security issues", confidence: 0.6, pattern_type: :xss, min_confidence: 0.7}
14:25:40.398 [debug] Match confidence: 0.5, min_confidence: 0.7, match: %{type: "js-path-traversal-concat", context: %{node_type: "BinaryExpression", depth: 4, parent_type: "CallExpression", argument_position: 0}, location: %{depth: 4, end_column: 32, end_line: 3, start_line: 3, start_column: 12}, severity: "medium", pattern_id: "js-path-traversal-concat", pattern_name: "Path Traversal via String Concatenation", recommendation: "Review this code for potential security issues", confidence: 0.5, pattern_type: :path_traversal, min_confidence: 0.7}
14:25:40.398 [debug] Match confidence: 0.3, min_confidence: 0.7, match: %{type: "js-nosql-injection", context: %{node_type: "CallExpression", depth: 3, parent_type: "ExpressionStatement"}, location: %{depth: 3, end_column: 33, end_line: 3, start_line: 3, start_column: 0}, severity: "high", pattern_id: "js-nosql-injection", pattern_name: "NoSQL Injection", recommendation: "Review this code for potential security issues", confidence: 0.3, pattern_type: :nosql_injection, min_confidence: 0.7}
14:25:40.398 [debug] Match confidence: 0.3, min_confidence: 0.8, match: %{type: "js-ldap-injection", context: %{node_type: "CallExpression", depth: 3, parent_type: "ExpressionStatement"}, location: %{depth: 3, end_column: 33, end_line: 3, start_line: 3, start_column: 0}, severity: "high", pattern_id: "js-ldap-injection", pattern_name: "LDAP Injection", recommendation: "Review this code for potential security issues", confidence: 0.3, pattern_type: :ldap_injection, min_confidence: 0.8}
14:25:40.398 [debug] Match confidence: 0.3, min_confidence: 0.8, match: %{type: "js-xpath-injection", context: %{node_type: "CallExpression", depth: 3, parent_type: "ExpressionStatement"}, location: %{depth: 3, end_column: 33, end_line: 3, start_line: 3, start_column: 0}, severity: "high", pattern_id: "js-xpath-injection", pattern_name: "XPath Injection", recommendation: "Review this code for potential security issues", confidence: 0.3, pattern_type: :xpath_injection, min_confidence: 0.8}
14:25:40.398 [debug] Match confidence: 0.3, min_confidence: 0.7, match: %{type: "js-ssrf", context: %{node_type: "CallExpression", depth: 3, parent_type: "ExpressionStatement"}, location: %{depth: 3, end_column: 33, end_line: 3, start_line: 3, start_column: 0}, severity: "medium", pattern_id: "js-ssrf", pattern_name: "Server-Side Request Forgery (SSRF)", recommendation: "Review this code for potential security issues", confidence: 0.3, pattern_type: :ssrf, min_confidence: 0.7}
14:25:40.398 [debug] Match confidence: 0.7, min_confidence: 0.8, match: %{type: "js-insecure-deserialization", context: %{node_type: "CallExpression", depth: 3, parent_type: "ExpressionStatement"}, location: %{depth: 3, end_column: 33, end_line: 3, start_line: 3, start_column: 0}, severity: "medium", pattern_id: "js-insecure-deserialization", pattern_name: "Insecure Deserialization", recommendation: "Review this code for potential security issues", confidence: 0.7, pattern_type: :deserialization, min_confidence: 0.8}
..14:25:40.479 [debug] Parser response received
14:25:40.556 [debug] Parser response received
14:25:40.556 [info] AnalysisService: Loaded 30 patterns for javascript
14:25:40.558 [info] AnalysisService: Found 8 matches
14:25:40.558 [debug] Match confidence: 0.9500000000000002, min_confidence: 0.7, match: %{type: "js-sql-injection-concat", context: %{node_type: "BinaryExpression", depth: 6, parent_type: "VariableDeclarator", in_function: "getUserData"}, location: %{depth: 6, end_column: 58, end_line: 2, start_line: 2, start_column: 16}, severity: "high", pattern_id: "js-sql-injection-concat", pattern_name: "SQL Injection via String Concatenation", recommendation: "Review this code for potential security issues", confidence: 0.9500000000000002, pattern_type: :sql_injection, min_confidence: 0.7}
14:25:40.558 [debug] Match confidence: 0.8, min_confidence: 0.7, match: %{type: "js-xss-jquery-html", context: %{node_type: "CallExpression", depth: 5, parent_type: "ReturnStatement", in_function: "getUserData"}, location: %{depth: 5, end_column: 26, end_line: 3, start_line: 3, start_column: 9}, severity: "high", pattern_id: "js-xss-jquery-html", pattern_name: "XSS via jQuery html()", recommendation: "Review this code for potential security issues", confidence: 0.8, pattern_type: :xss, min_confidence: 0.7}
14:25:40.558 [debug] Match confidence: 0.8500000000000001, min_confidence: 0.7, match: %{type: "js-path-traversal-concat", context: %{node_type: "BinaryExpression", depth: 6, parent_type: "VariableDeclarator", in_function: "getUserData"}, location: %{depth: 6, end_column: 58, end_line: 2, start_line: 2, start_column: 16}, severity: "medium", pattern_id: "js-path-traversal-concat", pattern_name: "Path Traversal via String Concatenation", recommendation: "Review this code for potential security issues", confidence: 0.8500000000000001, pattern_type: :path_traversal, min_confidence: 0.7}
14:25:40.558 [debug] Match confidence: 0.5, min_confidence: 0.7, match: %{type: "js-nosql-injection", context: %{node_type: "CallExpression", depth: 5, parent_type: "ReturnStatement", in_function: "getUserData"}, location: %{depth: 5, end_column: 26, end_line: 3, start_line: 3, start_column: 9}, severity: "high", pattern_id: "js-nosql-injection", pattern_name: "NoSQL Injection", recommendation: "Review this code for potential security issues", confidence: 0.5, pattern_type: :nosql_injection, min_confidence: 0.7}
14:25:40.558 [debug] Match confidence: 0.5, min_confidence: 0.8, match: %{type: "js-ldap-injection", context: %{node_type: "CallExpression", depth: 5, parent_type: "ReturnStatement", in_function: "getUserData"}, location: %{depth: 5, end_column: 26, end_line: 3, start_line: 3, start_column: 9}, severity: "high", pattern_id: "js-ldap-injection", pattern_name: "LDAP Injection", recommendation: "Review this code for potential security issues", confidence: 0.5, pattern_type: :ldap_injection, min_confidence: 0.8}
14:25:40.558 [debug] Match confidence: 0.5, min_confidence: 0.8, match: %{type: "js-xpath-injection", context: %{node_type: "CallExpression", depth: 5, parent_type: "ReturnStatement", in_function: "getUserData"}, location: %{depth: 5, end_column: 26, end_line: 3, start_line: 3, start_column: 9}, severity: "high", pattern_id: "js-xpath-injection", pattern_name: "XPath Injection", recommendation: "Review this code for potential security issues", confidence: 0.5, pattern_type: :xpath_injection, min_confidence: 0.8}
14:25:40.558 [debug] Match confidence: 0.5, min_confidence: 0.7, match: %{type: "js-ssrf", context: %{node_type: "CallExpression", depth: 5, parent_type: "ReturnStatement", in_function: "getUserData"}, location: %{depth: 5, end_column: 26, end_line: 3, start_line: 3, start_column: 9}, severity: "medium", pattern_id: "js-ssrf", pattern_name: "Server-Side Request Forgery (SSRF)", recommendation: "Review this code for potential security issues", confidence: 0.5, pattern_type: :ssrf, min_confidence: 0.7}
14:25:40.558 [debug] Match confidence: 0.8999999999999999, min_confidence: 0.8, match: %{type: "js-insecure-deserialization", context: %{node_type: "CallExpression", depth: 5, parent_type: "ReturnStatement", in_function: "getUserData"}, location: %{depth: 5, end_column: 26, end_line: 3, start_line: 3, start_column: 9}, severity: "medium", pattern_id: "js-insecure-deserialization", pattern_name: "Insecure Deserialization", recommendation: "Review this code for potential security issues", confidence: 0.8999999999999999, pattern_type: :deserialization, min_confidence: 0.8}
.14:25:40.633 [debug] Parser response received
14:25:40.633 [info] AnalysisService: Loaded 30 patterns for javascript
14:25:40.634 [info] AnalysisService: Found 7 matches
14:25:40.634 [debug] Match confidence: 0.8, min_confidence: 0.7, match: %{type: "js-xss-jquery-html", context: %{node_type: "CallExpression", depth: 5, parent_type: "ExpressionStatement", in_function: "processUserInput"}, location: %{depth: 5, end_column: 13, end_line: 3, start_line: 3, start_column: 2}, severity: "high", pattern_id: "js-xss-jquery-html", pattern_name: "XSS via jQuery html()", recommendation: "Review this code for potential security issues", confidence: 0.8, pattern_type: :xss, min_confidence: 0.7}
14:25:40.634 [debug] Match confidence: 0.7, min_confidence: 0.7, match: %{type: "js-eval-user-input", context: %{node_type: "CallExpression", depth: 5, parent_type: "ExpressionStatement", in_function: "processUserInput"}, location: %{depth: 5, end_column: 13, end_line: 3, start_line: 3, start_column: 2}, severity: "critical", pattern_id: "js-eval-user-input", pattern_name: "Dangerous eval() with User Input", recommendation: "Review this code for potential security issues", confidence: 0.7, pattern_type: :rce, min_confidence: 0.7}
14:25:40.634 [debug] Match confidence: 0.5, min_confidence: 0.7, match: %{type: "js-nosql-injection", context: %{node_type: "CallExpression", depth: 5, parent_type: "ExpressionStatement", in_function: "processUserInput"}, location: %{depth: 5, end_column: 13, end_line: 3, start_line: 3, start_column: 2}, severity: "high", pattern_id: "js-nosql-injection", pattern_name: "NoSQL Injection", recommendation: "Review this code for potential security issues", confidence: 0.5, pattern_type: :nosql_injection, min_confidence: 0.7}
14:25:40.634 [debug] Match confidence: 0.5, min_confidence: 0.8, match: %{type: "js-ldap-injection", context: %{node_type: "CallExpression", depth: 5, parent_type: "ExpressionStatement", in_function: "processUserInput"}, location: %{depth: 5, end_column: 13, end_line: 3, start_line: 3, start_column: 2}, severity: "high", pattern_id: "js-ldap-injection", pattern_name: "LDAP Injection", recommendation: "Review this code for potential security issues", confidence: 0.5, pattern_type: :ldap_injection, min_confidence: 0.8}
14:25:40.634 [debug] Match confidence: 0.5, min_confidence: 0.8, match: %{type: "js-xpath-injection", context: %{node_type: "CallExpression", depth: 5, parent_type: "ExpressionStatement", in_function: "processUserInput"}, location: %{depth: 5, end_column: 13, end_line: 3, start_line: 3, start_column: 2}, severity: "high", pattern_id: "js-xpath-injection", pattern_name: "XPath Injection", recommendation: "Review this code for potential security issues", confidence: 0.5, pattern_type: :xpath_injection, min_confidence: 0.8}
14:25:40.634 [debug] Match confidence: 0.5, min_confidence: 0.7, match: %{type: "js-ssrf", context: %{node_type: "CallExpression", depth: 5, parent_type: "ExpressionStatement", in_function: "processUserInput"}, location: %{depth: 5, end_column: 13, end_line: 3, start_line: 3, start_column: 2}, severity: "medium", pattern_id: "js-ssrf", pattern_name: "Server-Side Request Forgery (SSRF)", recommendation: "Review this code for potential security issues", confidence: 0.5, pattern_type: :ssrf, min_confidence: 0.7}
14:25:40.634 [debug] Match confidence: 0.8999999999999999, min_confidence: 0.8, match: %{type: "js-insecure-deserialization", context: %{node_type: "CallExpression", depth: 5, parent_type: "ExpressionStatement", in_function: "processUserInput"}, location: %{depth: 5, end_column: 13, end_line: 3, start_line: 3, start_column: 2}, severity: "medium", pattern_id: "js-insecure-deserialization", pattern_name: "Insecure Deserialization", recommendation: "Review this code for potential security issues", confidence: 0.8999999999999999, pattern_type: :deserialization, min_confidence: 0.8}
.14:25:40.712 [debug] Parser response received
.14:25:40.733 [debug] Parser response received
14:25:40.733 [info] AnalysisService: Loaded 12 patterns for python
14:25:40.734 [info] AnalysisService: Found 6 matches
14:25:40.734 [debug] Match confidence: 1.0, min_confidence: 0.4, match: %{type: "python-sql-injection-concat", context: %{node_type: "BinOp", depth: 3, parent_type: "Assign", in_function: "get_user"}, location: %{depth: 3, end_column: 0, end_line: 1, start_line: 1, start_column: 0}, severity: "high", pattern_id: "python-sql-injection-concat", pattern_name: "SQL Injection via String Concatenation", recommendation: "Review this code for potential security issues", confidence: 1.0, pattern_type: :sql_injection, min_confidence: 0.4}
14:25:40.734 [debug] Match confidence: 0.6, min_confidence: 0.6, match: %{type: "python-command-injection-os-system", context: %{node_type: "Call", depth: 3, parent_type: "Return", in_function: "get_user"}, location: %{depth: 3, end_column: 0, end_line: 1, start_line: 1, start_column: 0}, severity: "high", pattern_id: "python-command-injection-os-system", pattern_name: "Command Injection via os.system", recommendation: "Review this code for potential security issues", confidence: 0.6, pattern_type: :command_injection, min_confidence: 0.6}
14:25:40.734 [debug] Match confidence: 0.5, min_confidence: 0.8, match: %{type: "python-command-injection-subprocess-shell", context: %{node_type: "Call", depth: 3, parent_type: "Return", in_function: "get_user"}, location: %{depth: 3, end_column: 0, end_line: 1, start_line: 1, start_column: 0}, severity: "high", pattern_id: "python-command-injection-subprocess-shell", pattern_name: "Command Injection via subprocess with shell=True", recommendation: "Review this code for potential security issues", confidence: 0.5, pattern_type: :command_injection, min_confidence: 0.8}
14:25:40.734 [debug] Match confidence: 0.9, min_confidence: 0.7, match: %{type: "python-unsafe-pickle", context: %{node_type: "Call", depth: 3, parent_type: "Return", in_function: "get_user"}, location: %{depth: 3, end_column: 0, end_line: 1, start_line: 1, start_column: 0}, severity: "medium", pattern_id: "python-unsafe-pickle", pattern_name: "Insecure Deserialization via pickle", recommendation: "Review this code for potential security issues", confidence: 0.9, pattern_type: :deserialization, min_confidence: 0.7}
14:25:40.734 [debug] Match confidence: 0.85, min_confidence: 0.7, match: %{type: "python-unsafe-eval", context: %{node_type: "Call", depth: 3, parent_type: "Return", in_function: "get_user"}, location: %{depth: 3, end_column: 0, end_line: 1, start_line: 1, start_column: 0}, severity: "critical", pattern_id: "python-unsafe-eval", pattern_name: "Code Injection via eval()", recommendation: "Review this code for potential security issues", confidence: 0.85, pattern_type: :rce, min_confidence: 0.7}
14:25:40.734 [debug] Match confidence: 0.5, min_confidence: 0.7, match: %{type: "python-path-traversal-open", context: %{node_type: "Call", depth: 3, parent_type: "Return", in_function: "get_user"}, location: %{depth: 3, end_column: 0, end_line: 1, start_line: 1, start_column: 0}, severity: "medium", pattern_id: "python-path-traversal-open", pattern_name: "Path Traversal via open()", recommendation: "Review this code for potential security issues", confidence: 0.5, pattern_type: :path_traversal, min_confidence: 0.7}
............................
Finished in 38.4 seconds (7.0s async, 31.4s sync)
529 doctests, 3998 tests, 1 failure, 83 excluded, 66 skipped
